{
  "Entries": [
    {
      "RequestUri": "https://REDACTED/9d28009e0blobinputstreamreadtolargebuffera86951526d37a03?restype=container",
      "RequestMethod": "PUT",
      "RequestHeaders": {
        "Accept": "application/xml",
        "Authorization": "Sanitized",
        "Content-Length": "0",
        "Date": "Mon, 08 Jan 2024 19:41:55 GMT",
        "User-Agent": "azsdk-java-azure-storage-blob/12.26.0-beta.1 (17.0.8; Windows 11; 10.0)",
        "x-ms-client-request-id": "57faace4-95a5-452d-82ae-42daee0f5d5d",
        "x-ms-version": "2024-02-04"
      },
      "RequestBody": null,
      "StatusCode": 201,
      "ResponseHeaders": {
        "Content-Length": "0",
        "Date": "Mon, 08 Jan 2024 19:42:05 GMT",
        "ETag": "\u00220x8DC1081E5489173\u0022",
        "Last-Modified": "Mon, 08 Jan 2024 19:42:06 GMT",
        "Server": [
          "Windows-Azure-Blob/1.0",
          "Microsoft-HTTPAPI/2.0"
        ],
        "x-ms-client-request-id": "57faace4-95a5-452d-82ae-42daee0f5d5d",
        "x-ms-request-id": "fded970f-801e-0022-316a-425279000000",
        "x-ms-version": "2024-02-04"
      },
      "ResponseBody": null
    },
    {
      "RequestUri": "https://REDACTED/9d28009e0blobinputstreamreadtolargebuffera86951526d37a03?restype=container",
      "RequestMethod": "PUT",
      "RequestHeaders": {
        "Accept": "application/xml",
        "Authorization": "Sanitized",
        "Content-Length": "0",
        "Date": "Mon, 08 Jan 2024 19:41:55 GMT",
        "User-Agent": "azsdk-java-azure-storage-blob/12.26.0-beta.1 (17.0.8; Windows 11; 10.0)",
        "x-ms-client-request-id": "16e1d5f8-3255-493e-85dc-7e1ed39dcf72",
        "x-ms-version": "2024-02-04"
      },
      "RequestBody": null,
      "StatusCode": 409,
      "ResponseHeaders": {
        "Content-Length": "230",
        "Content-Type": "application/xml",
        "Date": "Mon, 08 Jan 2024 19:42:05 GMT",
        "Server": [
          "Windows-Azure-Blob/1.0",
          "Microsoft-HTTPAPI/2.0"
        ],
        "x-ms-client-request-id": "16e1d5f8-3255-493e-85dc-7e1ed39dcf72",
        "x-ms-error-code": "ContainerAlreadyExists",
        "x-ms-request-id": "fded9788-801e-0022-226a-425279000000",
        "x-ms-version": "2024-02-04"
      },
      "ResponseBody": [
        "\uFEFF\u003C?xml version=\u00221.0\u0022 encoding=\u0022utf-8\u0022?\u003E\u003CError\u003E\u003CCode\u003EContainerAlreadyExists\u003C/Code\u003E\u003CMessage\u003EThe specified container already exists.\n",
        "RequestId:fded9788-801e-0022-226a-425279000000\n",
        "Time:2024-01-08T19:42:06.4271163Z\u003C/Message\u003E\u003C/Error\u003E"
      ]
    },
    {
      "RequestUri": "https://REDACTED/9d28009e0blobinputstreamreadtolargebuffera86951526d37a03/9d28009e1blobinputstreamreadtolargebuffera8680394300d0e2",
      "RequestMethod": "PUT",
      "RequestHeaders": {
        "Accept": "application/xml",
        "Authorization": "Sanitized",
        "Content-Length": "0",
        "Content-Type": "application/octet-stream",
        "Date": "Mon, 08 Jan 2024 19:41:55 GMT",
        "User-Agent": "azsdk-java-azure-storage-blob/12.26.0-beta.1 (17.0.8; Windows 11; 10.0)",
        "x-ms-blob-type": "BlockBlob",
        "x-ms-client-request-id": "9e12c157-bae1-4a19-95e4-202fdea31158",
        "x-ms-version": "2024-02-04"
      },
      "RequestBody": null,
      "StatusCode": 201,
      "ResponseHeaders": {
        "Content-Length": "0",
        "Content-MD5": "1B2M2Y8AsgTpgAmY7PhCfg==",
        "Date": "Mon, 08 Jan 2024 19:42:05 GMT",
        "ETag": "\u00220x8DC1081E5682E9F\u0022",
        "Last-Modified": "Mon, 08 Jan 2024 19:42:06 GMT",
        "Server": [
          "Windows-Azure-Blob/1.0",
          "Microsoft-HTTPAPI/2.0"
        ],
        "x-ms-client-request-id": "9e12c157-bae1-4a19-95e4-202fdea31158",
        "x-ms-content-crc64": "AAAAAAAAAAA=",
        "x-ms-request-id": "fded982a-801e-0022-376a-425279000000",
        "x-ms-request-server-encrypted": "true",
        "x-ms-version": "2024-02-04"
      },
      "ResponseBody": null
    },
    {
      "RequestUri": "https://REDACTED/9d28009e0blobinputstreamreadtolargebuffera86951526d37a03/9d28009e1blobinputstreamreadtolargebuffera8680394300d0e2",
      "RequestMethod": "GET",
      "RequestHeaders": {
        "Accept": "application/xml",
        "Authorization": "Sanitized",
        "Content-Length": "0",
        "Date": "Mon, 08 Jan 2024 19:41:55 GMT",
        "User-Agent": "azsdk-java-azure-storage-blob/12.26.0-beta.1 (17.0.8; Windows 11; 10.0)",
        "x-ms-client-request-id": "12796a69-79ef-4403-b82f-4dfb96df428e",
        "x-ms-range": "bytes=0-4194303",
        "x-ms-version": "2024-02-04"
      },
      "RequestBody": null,
      "StatusCode": 416,
      "ResponseHeaders": {
        "Content-Length": "249",
        "Content-Range": "bytes */0",
        "Content-Type": "application/xml",
        "Date": "Mon, 08 Jan 2024 19:42:05 GMT",
        "Server": [
          "Windows-Azure-Blob/1.0",
          "Microsoft-HTTPAPI/2.0"
        ],
        "x-ms-client-request-id": "12796a69-79ef-4403-b82f-4dfb96df428e",
        "x-ms-error-code": "InvalidRange",
        "x-ms-request-id": "fded98bf-801e-0022-466a-425279000000",
        "x-ms-version": "2024-02-04"
      },
      "ResponseBody": [
        "\uFEFF\u003C?xml version=\u00221.0\u0022 encoding=\u0022utf-8\u0022?\u003E\u003CError\u003E\u003CCode\u003EInvalidRange\u003C/Code\u003E\u003CMessage\u003EThe range specified is invalid for the current size of the resource.\n",
        "RequestId:fded98bf-801e-0022-466a-425279000000\n",
        "Time:2024-01-08T19:42:06.6309986Z\u003C/Message\u003E\u003C/Error\u003E"
      ]
    },
    {
      "RequestUri": "https://REDACTED/9d28009e0blobinputstreamreadtolargebuffera86951526d37a03/9d28009e1blobinputstreamreadtolargebuffera8680394300d0e2",
      "RequestMethod": "GET",
      "RequestHeaders": {
        "Accept": "application/xml",
        "Authorization": "Sanitized",
        "Content-Length": "0",
        "Date": "Mon, 08 Jan 2024 19:41:55 GMT",
        "User-Agent": "azsdk-java-azure-storage-blob/12.26.0-beta.1 (17.0.8; Windows 11; 10.0)",
        "x-ms-client-request-id": "10930b32-83e5-40e2-8782-35fe6ee7c0ed",
        "x-ms-range": "bytes=0--1",
        "x-ms-version": "2024-02-04"
      },
      "RequestBody": null,
      "StatusCode": 200,
      "ResponseHeaders": {
        "Accept-Ranges": "bytes",
        "Content-Length": "0",
        "Content-MD5": "1B2M2Y8AsgTpgAmY7PhCfg==",
        "Content-Type": "application/octet-stream",
        "Date": "Mon, 08 Jan 2024 19:42:05 GMT",
        "ETag": "\u00220x8DC1081E5682E9F\u0022",
        "Last-Modified": "Mon, 08 Jan 2024 19:42:06 GMT",
        "Server": [
          "Windows-Azure-Blob/1.0",
          "Microsoft-HTTPAPI/2.0"
        ],
        "x-ms-blob-type": "BlockBlob",
        "x-ms-client-request-id": "10930b32-83e5-40e2-8782-35fe6ee7c0ed",
        "x-ms-creation-time": "Mon, 08 Jan 2024 19:42:06 GMT",
        "x-ms-lease-state": "available",
        "x-ms-lease-status": "unlocked",
        "x-ms-request-id": "fded992a-801e-0022-296a-425279000000",
        "x-ms-server-encrypted": "true",
        "x-ms-version": "2024-02-04"
      },
      "ResponseBody": null
    }
  ],
  "Variables": {
    "0": "9d28009e0blobinputstreamreadtolargebuffera86951526d37a03",
    "1": "9d28009e1blobinputstreamreadtolargebuffera8680394300d0e2",
    "2": "2e1a043e-2aed-4195-a47d-462095cd04ce"
  }
}
