{
  "Entries": [
    {
      "RequestUri": "https://REDACTED/0fb8d82f0stageblockf71461382edcf25a685b41909f?restype=container",
      "RequestMethod": "PUT",
      "RequestHeaders": {
        "Accept": "application/xml",
        "Authorization": "Sanitized",
        "Content-Length": "0",
        "Date": "Wed, 13 Dec 2023 21:50:57 GMT",
        "User-Agent": "azsdk-java-azure-storage-blob/12.26.0-beta.1 (17.0.8; Windows 11; 10.0)",
        "x-ms-client-request-id": "7be377f5-c6dd-4c5e-9d92-89b7b054d06d",
        "x-ms-version": "2024-02-04"
      },
      "RequestBody": null,
      "StatusCode": 201,
      "ResponseHeaders": {
        "Content-Length": "0",
        "Date": "Wed, 13 Dec 2023 21:50:56 GMT",
        "ETag": "\u00220x8DBFC2596C8F1A2\u0022",
        "Last-Modified": "Wed, 13 Dec 2023 21:50:57 GMT",
        "Server": [
          "Windows-Azure-Blob/1.0",
          "Microsoft-HTTPAPI/2.0"
        ],
        "x-ms-client-request-id": "7be377f5-c6dd-4c5e-9d92-89b7b054d06d",
        "x-ms-request-id": "76a7120f-e01e-008d-7d0e-2ea0b4000000",
        "x-ms-version": "2024-02-04"
      },
      "ResponseBody": null
    },
    {
      "RequestUri": "https://REDACTED/0fb8d82f0stageblockf71461382edcf25a685b41909f?restype=container",
      "RequestMethod": "PUT",
      "RequestHeaders": {
        "Accept": "application/xml",
        "Authorization": "Sanitized",
        "Content-Length": "0",
        "Date": "Wed, 13 Dec 2023 21:50:57 GMT",
        "User-Agent": "azsdk-java-azure-storage-blob/12.26.0-beta.1 (17.0.8; Windows 11; 10.0)",
        "x-ms-client-request-id": "cd241977-72d3-46c0-8f90-b80f4129090d",
        "x-ms-version": "2024-02-04"
      },
      "RequestBody": null,
      "StatusCode": 409,
      "ResponseHeaders": {
        "Content-Length": "230",
        "Content-Type": "application/xml",
        "Date": "Wed, 13 Dec 2023 21:50:57 GMT",
        "Server": [
          "Windows-Azure-Blob/1.0",
          "Microsoft-HTTPAPI/2.0"
        ],
        "x-ms-client-request-id": "cd241977-72d3-46c0-8f90-b80f4129090d",
        "x-ms-error-code": "ContainerAlreadyExists",
        "x-ms-request-id": "99934cb8-a01e-00a3-6f0e-2ef2a3000000",
        "x-ms-version": "2024-02-04"
      },
      "ResponseBody": [
        "\uFEFF\u003C?xml version=\u00221.0\u0022 encoding=\u0022utf-8\u0022?\u003E\u003CError\u003E\u003CCode\u003EContainerAlreadyExists\u003C/Code\u003E\u003CMessage\u003EThe specified container already exists.\n",
        "RequestId:99934cb8-a01e-00a3-6f0e-2ef2a3000000\n",
        "Time:2023-12-13T21:50:57.7914098Z\u003C/Message\u003E\u003C/Error\u003E"
      ]
    },
    {
      "RequestUri": "https://REDACTED/0fb8d82f0stageblockf71461382edcf25a685b41909f/0fb8d82f1stageblockf71953143c00686b8a5c44898e",
      "RequestMethod": "PUT",
      "RequestHeaders": {
        "Accept": "application/xml",
        "Authorization": "Sanitized",
        "Content-Length": "7",
        "Content-Type": "application/octet-stream",
        "Date": "Wed, 13 Dec 2023 21:50:57 GMT",
        "User-Agent": "azsdk-java-azure-storage-blob/12.26.0-beta.1 (17.0.8; Windows 11; 10.0)",
        "x-ms-blob-type": "BlockBlob",
        "x-ms-client-request-id": "f10dd504-1fb2-481d-bbe9-24760b38f3ea",
        "x-ms-version": "2024-02-04"
      },
      "RequestBody": "ZGVmYXVsdA==",
      "StatusCode": 201,
      "ResponseHeaders": {
        "Content-Length": "0",
        "Content-MD5": "wh\u002BWm18D0z1D4E\u002BPE252gg==",
        "Date": "Wed, 13 Dec 2023 21:50:57 GMT",
        "ETag": "\u00220x8DBFC2596E8AFE4\u0022",
        "Last-Modified": "Wed, 13 Dec 2023 21:50:57 GMT",
        "Server": [
          "Windows-Azure-Blob/1.0",
          "Microsoft-HTTPAPI/2.0"
        ],
        "x-ms-client-request-id": "f10dd504-1fb2-481d-bbe9-24760b38f3ea",
        "x-ms-content-crc64": "6RYQPwaVsyQ=",
        "x-ms-request-id": "99934d15-a01e-00a3-410e-2ef2a3000000",
        "x-ms-request-server-encrypted": "true",
        "x-ms-version": "2024-02-04"
      },
      "ResponseBody": null
    },
    {
      "RequestUri": "https://REDACTED/0fb8d82f0stageblockf71461382edcf25a685b41909f/0fb8d82f1stageblockf71953143c00686b8a5c44898e?comp=block\u0026blockid=MjQ2ZTc4OWEtNTY1Zi00YWU4LWIxZjgtZWM0OTg5YWUxMTU1",
      "RequestMethod": "PUT",
      "RequestHeaders": {
        "Accept": "application/xml",
        "Authorization": "Sanitized",
        "Content-Length": "7",
        "Content-Type": "application/octet-stream",
        "Date": "Wed, 13 Dec 2023 21:50:57 GMT",
        "User-Agent": "azsdk-java-azure-storage-blob/12.26.0-beta.1 (17.0.8; Windows 11; 10.0)",
        "x-ms-client-request-id": "8bf41691-e5bf-4e35-b8ce-1edb512a3a0a",
        "x-ms-version": "2024-02-04"
      },
      "RequestBody": "ZGVmYXVsdA==",
      "StatusCode": 201,
      "ResponseHeaders": {
        "Content-Length": "0",
        "Date": "Wed, 13 Dec 2023 21:50:57 GMT",
        "Server": [
          "Windows-Azure-Blob/1.0",
          "Microsoft-HTTPAPI/2.0"
        ],
        "x-ms-client-request-id": "8bf41691-e5bf-4e35-b8ce-1edb512a3a0a",
        "x-ms-content-crc64": "6RYQPwaVsyQ=",
        "x-ms-request-id": "99934d58-a01e-00a3-7a0e-2ef2a3000000",
        "x-ms-request-server-encrypted": "true",
        "x-ms-version": "2024-02-04"
      },
      "ResponseBody": null
    }
  ],
  "Variables": {
    "0": "0fb8d82f0stageblockf71461382edcf25a685b41909f",
    "1": "0fb8d82f1stageblockf71953143c00686b8a5c44898e",
    "2": "246e789a-565f-4ae8-b1f8-ec4989ae1155"
  }
}
