{
  "Entries": [
    {
      "RequestUri": "https://REDACTED/9c5bcca20uploadillegalargumentf418898031312cdf32b6?restype=container",
      "RequestMethod": "PUT",
      "RequestHeaders": {
        "Accept": "application/xml",
        "Authorization": "Sanitized",
        "Content-Length": "0",
        "Date": "Mon, 11 Dec 2023 19:14:10 GMT",
        "User-Agent": "azsdk-java-azure-storage-blob/12.26.0-beta.1 (17.0.8; Windows 11; 10.0)",
        "x-ms-client-request-id": "ba96dfc4-56d5-4fc9-8933-3393efa24cd9",
        "x-ms-version": "2024-02-04"
      },
      "RequestBody": null,
      "StatusCode": 201,
      "ResponseHeaders": {
        "Content-Length": "0",
        "Date": "Mon, 11 Dec 2023 19:14:13 GMT",
        "ETag": "\u00220x8DBFA7D5CDFCB3C\u0022",
        "Last-Modified": "Mon, 11 Dec 2023 19:14:13 GMT",
        "Server": [
          "Windows-Azure-Blob/1.0",
          "Microsoft-HTTPAPI/2.0"
        ],
        "x-ms-client-request-id": "ba96dfc4-56d5-4fc9-8933-3393efa24cd9",
        "x-ms-request-id": "c6020895-d01e-0072-6466-2c9029000000",
        "x-ms-version": "2024-02-04"
      },
      "ResponseBody": null
    },
    {
      "RequestUri": "https://REDACTED/9c5bcca20uploadillegalargumentf418898031312cdf32b6?restype=container",
      "RequestMethod": "PUT",
      "RequestHeaders": {
        "Accept": "application/xml",
        "Authorization": "Sanitized",
        "Content-Length": "0",
        "Date": "Mon, 11 Dec 2023 19:14:10 GMT",
        "User-Agent": "azsdk-java-azure-storage-blob/12.26.0-beta.1 (17.0.8; Windows 11; 10.0)",
        "x-ms-client-request-id": "9231db23-232b-46bc-8009-dd59e3dcbecd",
        "x-ms-version": "2024-02-04"
      },
      "RequestBody": null,
      "StatusCode": 409,
      "ResponseHeaders": {
        "Content-Length": "230",
        "Content-Type": "application/xml",
        "Date": "Mon, 11 Dec 2023 19:14:13 GMT",
        "Server": [
          "Windows-Azure-Blob/1.0",
          "Microsoft-HTTPAPI/2.0"
        ],
        "x-ms-client-request-id": "9231db23-232b-46bc-8009-dd59e3dcbecd",
        "x-ms-error-code": "ContainerAlreadyExists",
        "x-ms-request-id": "c6020924-d01e-0072-6666-2c9029000000",
        "x-ms-version": "2024-02-04"
      },
      "ResponseBody": [
        "\uFEFF\u003C?xml version=\u00221.0\u0022 encoding=\u0022utf-8\u0022?\u003E\u003CError\u003E\u003CCode\u003EContainerAlreadyExists\u003C/Code\u003E\u003CMessage\u003EThe specified container already exists.\n",
        "RequestId:c6020924-d01e-0072-6666-2c9029000000\n",
        "Time:2023-12-11T19:14:14.0053022Z\u003C/Message\u003E\u003C/Error\u003E"
      ]
    },
    {
      "RequestUri": "https://REDACTED/9c5bcca20uploadillegalargumentf418898031312cdf32b6/9c5bcca21uploadillegalargumentf41328512b17ef9ca537",
      "RequestMethod": "PUT",
      "RequestHeaders": {
        "Accept": "application/xml",
        "Authorization": "Sanitized",
        "Content-Length": "7",
        "Content-Type": "application/octet-stream",
        "Date": "Mon, 11 Dec 2023 19:14:10 GMT",
        "User-Agent": "azsdk-java-azure-storage-blob/12.26.0-beta.1 (17.0.8; Windows 11; 10.0)",
        "x-ms-blob-type": "BlockBlob",
        "x-ms-client-request-id": "e0effbb1-f197-4345-afb3-386cb34b9d3f",
        "x-ms-version": "2024-02-04"
      },
      "RequestBody": "ZGVmYXVsdA==",
      "StatusCode": 201,
      "ResponseHeaders": {
        "Content-Length": "0",
        "Content-MD5": "wh\u002BWm18D0z1D4E\u002BPE252gg==",
        "Date": "Mon, 11 Dec 2023 19:14:13 GMT",
        "ETag": "\u00220x8DBFA7D5CFD8D41\u0022",
        "Last-Modified": "Mon, 11 Dec 2023 19:14:14 GMT",
        "Server": [
          "Windows-Azure-Blob/1.0",
          "Microsoft-HTTPAPI/2.0"
        ],
        "x-ms-client-request-id": "e0effbb1-f197-4345-afb3-386cb34b9d3f",
        "x-ms-content-crc64": "6RYQPwaVsyQ=",
        "x-ms-request-id": "c60209a7-d01e-0072-5e66-2c9029000000",
        "x-ms-request-server-encrypted": "true",
        "x-ms-version": "2024-02-04"
      },
      "ResponseBody": null
    }
  ],
  "Variables": {
    "0": "9c5bcca20uploadillegalargumentf418898031312cdf32b6",
    "1": "9c5bcca21uploadillegalargumentf41328512b17ef9ca537"
  }
}
