{
  "Entries": [
    {
      "RequestUri": "https://REDACTED/c8b2dcb50commitblocklistminnooverwrite1d017104b85f9c0d?restype=container",
      "RequestMethod": "PUT",
      "RequestHeaders": {
        "Accept": "application/xml",
        "Authorization": "Sanitized",
        "Content-Length": "0",
        "Date": "Thu, 09 Nov 2023 22:40:04 GMT",
        "User-Agent": "azsdk-java-azure-storage-blob/12.25.0-beta.2 (17.0.8; Windows 11; 10.0)",
        "x-ms-client-request-id": "270c605e-8d9f-46d1-8278-f9116e6390e1",
        "x-ms-version": "2023-11-03"
      },
      "RequestBody": null,
      "StatusCode": 201,
      "ResponseHeaders": {
        "Content-Length": "0",
        "Date": "Thu, 09 Nov 2023 22:40:04 GMT",
        "ETag": "\u00220x8DBE174D137D1B0\u0022",
        "Last-Modified": "Thu, 09 Nov 2023 22:40:04 GMT",
        "Server": [
          "Windows-Azure-Blob/1.0",
          "Microsoft-HTTPAPI/2.0"
        ],
        "x-ms-client-request-id": "270c605e-8d9f-46d1-8278-f9116e6390e1",
        "x-ms-request-id": "0c803e01-a01e-0068-265d-13f1f6000000",
        "x-ms-version": "2023-11-03"
      },
      "ResponseBody": null
    },
    {
      "RequestUri": "https://REDACTED/c8b2dcb50commitblocklistminnooverwrite1d017104b85f9c0d/c8b2dcb51commitblocklistminnooverwrite1d0044162fdc508d",
      "RequestMethod": "PUT",
      "RequestHeaders": {
        "Accept": "application/xml",
        "Authorization": "Sanitized",
        "Content-Length": "7",
        "Content-Type": "application/octet-stream",
        "Date": "Thu, 09 Nov 2023 22:40:04 GMT",
        "User-Agent": "azsdk-java-azure-storage-blob/12.25.0-beta.2 (17.0.8; Windows 11; 10.0)",
        "x-ms-blob-type": "BlockBlob",
        "x-ms-client-request-id": "24060610-681f-4cb9-9c55-65358d92c709",
        "x-ms-version": "2023-11-03"
      },
      "RequestBody": "ZGVmYXVsdA==",
      "StatusCode": 201,
      "ResponseHeaders": {
        "Content-Length": "0",
        "Content-MD5": "wh\u002BWm18D0z1D4E\u002BPE252gg==",
        "Date": "Thu, 09 Nov 2023 22:40:04 GMT",
        "ETag": "\u00220x8DBE174D1490478\u0022",
        "Last-Modified": "Thu, 09 Nov 2023 22:40:04 GMT",
        "Server": [
          "Windows-Azure-Blob/1.0",
          "Microsoft-HTTPAPI/2.0"
        ],
        "x-ms-client-request-id": "24060610-681f-4cb9-9c55-65358d92c709",
        "x-ms-content-crc64": "6RYQPwaVsyQ=",
        "x-ms-request-id": "0c803eb7-a01e-0068-4d5d-13f1f6000000",
        "x-ms-request-server-encrypted": "true",
        "x-ms-version": "2023-11-03"
      },
      "ResponseBody": null
    },
    {
      "RequestUri": "https://REDACTED/c8b2dcb50commitblocklistminnooverwrite1d017104b85f9c0d/c8b2dcb51commitblocklistminnooverwrite1d0044162fdc508d?comp=blocklist",
      "RequestMethod": "PUT",
      "RequestHeaders": {
        "Accept": "application/xml",
        "Authorization": "Sanitized",
        "Content-Length": "50",
        "Content-Type": "application/xml",
        "Date": "Thu, 09 Nov 2023 22:40:04 GMT",
        "If-None-Match": "*",
        "User-Agent": "azsdk-java-azure-storage-blob/12.25.0-beta.2 (17.0.8; Windows 11; 10.0)",
        "x-ms-client-request-id": "081ce615-63ca-4843-8ba0-8291edff4c0b",
        "x-ms-version": "2023-11-03"
      },
      "RequestBody": "\u003C?xml version=\u00271.0\u0027 encoding=\u0027UTF-8\u0027?\u003E\u003CBlockList/\u003E",
      "StatusCode": 409,
      "ResponseHeaders": {
        "Content-Length": "220",
        "Content-Type": "application/xml",
        "Date": "Thu, 09 Nov 2023 22:40:04 GMT",
        "Server": [
          "Windows-Azure-Blob/1.0",
          "Microsoft-HTTPAPI/2.0"
        ],
        "x-ms-client-request-id": "081ce615-63ca-4843-8ba0-8291edff4c0b",
        "x-ms-error-code": "BlobAlreadyExists",
        "x-ms-request-id": "02f411de-001e-0085-175d-13babb000000",
        "x-ms-version": "2023-11-03"
      },
      "ResponseBody": [
        "\uFEFF\u003C?xml version=\u00221.0\u0022 encoding=\u0022utf-8\u0022?\u003E\u003CError\u003E\u003CCode\u003EBlobAlreadyExists\u003C/Code\u003E\u003CMessage\u003EThe specified blob already exists.\n",
        "RequestId:02f411de-001e-0085-175d-13babb000000\n",
        "Time:2023-11-09T22:40:04.7579025Z\u003C/Message\u003E\u003C/Error\u003E"
      ]
    }
  ],
  "Variables": {
    "0": "c8b2dcb50commitblocklistminnooverwrite1d017104b85f9c0d",
    "1": "c8b2dcb51commitblocklistminnooverwrite1d0044162fdc508d"
  }
}
