{
  "Entries": [
    {
      "RequestUri": "https://REDACTED/05bbda680stageblockabe702331e9946055edf4327bd?restype=container",
      "RequestMethod": "PUT",
      "RequestHeaders": {
        "Accept": "application/xml",
        "Authorization": "Sanitized",
        "Content-Length": "0",
        "Date": "Tue, 03 Oct 2023 21:43:34 GMT",
        "User-Agent": "azsdk-java-azure-storage-blob/12.25.0-beta.1 (11.0.16.1; Windows 11; 10.0)",
        "x-ms-client-request-id": "bb732ba4-2ec0-4bb9-b6b8-9bbfde5ce335",
        "x-ms-version": "2023-08-03"
      },
      "RequestBody": null,
      "StatusCode": 201,
      "ResponseHeaders": {
        "Content-Length": "0",
        "Date": "Tue, 03 Oct 2023 21:43:34 GMT",
        "ETag": "\u00220x8DBC459CB4423DE\u0022",
        "Last-Modified": "Tue, 03 Oct 2023 21:43:34 GMT",
        "Server": [
          "Windows-Azure-Blob/1.0",
          "Microsoft-HTTPAPI/2.0"
        ],
        "x-ms-client-request-id": "bb732ba4-2ec0-4bb9-b6b8-9bbfde5ce335",
        "x-ms-request-id": "0fe2b37a-101e-009b-7442-f65087000000",
        "x-ms-version": "2023-08-03"
      },
      "ResponseBody": null
    },
    {
      "RequestUri": "https://REDACTED/05bbda680stageblockabe702331e9946055edf4327bd/05bbda681stageblockabe64255f84b6b8b522044aa82",
      "RequestMethod": "PUT",
      "RequestHeaders": {
        "Accept": "application/xml",
        "Authorization": "Sanitized",
        "Content-Length": "7",
        "Content-Type": "application/octet-stream",
        "Date": "Tue, 03 Oct 2023 21:43:34 GMT",
        "User-Agent": "azsdk-java-azure-storage-blob/12.25.0-beta.1 (11.0.16.1; Windows 11; 10.0)",
        "x-ms-blob-type": "BlockBlob",
        "x-ms-client-request-id": "60cdb6b8-943e-47b0-9828-b90ac972e531",
        "x-ms-version": "2023-08-03"
      },
      "RequestBody": "ZGVmYXVsdA==",
      "StatusCode": 201,
      "ResponseHeaders": {
        "Content-Length": "0",
        "Content-MD5": "wh\u002BWm18D0z1D4E\u002BPE252gg==",
        "Date": "Tue, 03 Oct 2023 21:43:34 GMT",
        "ETag": "\u00220x8DBC459CB52D9B5\u0022",
        "Last-Modified": "Tue, 03 Oct 2023 21:43:34 GMT",
        "Server": [
          "Windows-Azure-Blob/1.0",
          "Microsoft-HTTPAPI/2.0"
        ],
        "x-ms-client-request-id": "60cdb6b8-943e-47b0-9828-b90ac972e531",
        "x-ms-content-crc64": "6RYQPwaVsyQ=",
        "x-ms-request-id": "0fe2b3f0-101e-009b-5a42-f65087000000",
        "x-ms-request-server-encrypted": "true",
        "x-ms-version": "2023-08-03",
        "x-ms-version-id": "2023-10-03T21:43:34.5395125Z"
      },
      "ResponseBody": null
    },
    {
      "RequestUri": "https://REDACTED/05bbda680stageblockabe702331e9946055edf4327bd/05bbda682stageblockabe81355aff272b5dc1e4644a1",
      "RequestMethod": "PUT",
      "RequestHeaders": {
        "Accept": "application/xml",
        "Authorization": "Sanitized",
        "Content-Length": "7",
        "Content-Type": "application/octet-stream",
        "Date": "Tue, 03 Oct 2023 21:43:34 GMT",
        "User-Agent": "azsdk-java-azure-storage-blob/12.25.0-beta.1 (11.0.16.1; Windows 11; 10.0)",
        "x-ms-blob-type": "BlockBlob",
        "x-ms-client-request-id": "5a4da069-d7bb-4903-8585-00c474cdc7de",
        "x-ms-version": "2023-08-03"
      },
      "RequestBody": "ZGVmYXVsdA==",
      "StatusCode": 201,
      "ResponseHeaders": {
        "Content-Length": "0",
        "Content-MD5": "wh\u002BWm18D0z1D4E\u002BPE252gg==",
        "Date": "Tue, 03 Oct 2023 21:43:34 GMT",
        "ETag": "\u00220x8DBC459CB61CBA0\u0022",
        "Last-Modified": "Tue, 03 Oct 2023 21:43:34 GMT",
        "Server": [
          "Windows-Azure-Blob/1.0",
          "Microsoft-HTTPAPI/2.0"
        ],
        "x-ms-client-request-id": "5a4da069-d7bb-4903-8585-00c474cdc7de",
        "x-ms-content-crc64": "6RYQPwaVsyQ=",
        "x-ms-request-id": "361a8469-701e-009d-4942-f66338000000",
        "x-ms-request-server-encrypted": "true",
        "x-ms-version": "2023-08-03",
        "x-ms-version-id": "2023-10-03T21:43:34.6374560Z"
      },
      "ResponseBody": null
    },
    {
      "RequestUri": "https://REDACTED/05bbda680stageblockabe702331e9946055edf4327bd/05bbda681stageblockabe64255f84b6b8b522044aa82?comp=block\u0026blockid=MjgwYmYzZTItM2NmZS00YWU2LTkwMzEtYWEwM2ZkYjVhNTk0",
      "RequestMethod": "PUT",
      "RequestHeaders": {
        "Accept": "application/xml",
        "Authorization": "Sanitized",
        "Content-Length": "7",
        "Content-Type": "application/octet-stream",
        "Date": "Tue, 03 Oct 2023 21:43:34 GMT",
        "User-Agent": "azsdk-java-azure-storage-blob/12.25.0-beta.1 (11.0.16.1; Windows 11; 10.0)",
        "x-ms-client-request-id": "37915b3a-32fe-43ec-9190-528b7e183db2",
        "x-ms-version": "2023-08-03"
      },
      "RequestBody": "ZGVmYXVsdA==",
      "StatusCode": 201,
      "ResponseHeaders": {
        "Content-Length": "0",
        "Date": "Tue, 03 Oct 2023 21:43:34 GMT",
        "Server": [
          "Windows-Azure-Blob/1.0",
          "Microsoft-HTTPAPI/2.0"
        ],
        "x-ms-client-request-id": "37915b3a-32fe-43ec-9190-528b7e183db2",
        "x-ms-content-crc64": "6RYQPwaVsyQ=",
        "x-ms-request-id": "361a84b4-701e-009d-1142-f66338000000",
        "x-ms-request-server-encrypted": "true",
        "x-ms-version": "2023-08-03"
      },
      "ResponseBody": null
    }
  ],
  "Variables": {
    "0": "05bbda680stageblockabe702331e9946055edf4327bd",
    "1": "05bbda681stageblockabe64255f84b6b8b522044aa82",
    "2": "05bbda682stageblockabe81355aff272b5dc1e4644a1",
    "3": "280bf3e2-3cfe-4ae6-9031-aa03fdb5a594"
  }
}
