{
  "Entries": [
    {
      "RequestUri": "https://REDACTED/b01175140commitblocklistmetadata3a673053ba38f05cf90?restype=container",
      "RequestMethod": "PUT",
      "RequestHeaders": {
        "Accept": "application/xml",
        "Authorization": "Sanitized",
        "Content-Length": "0",
        "Date": "Mon, 11 Dec 2023 19:15:02 GMT",
        "User-Agent": "azsdk-java-azure-storage-blob/12.26.0-beta.1 (17.0.8; Windows 11; 10.0)",
        "x-ms-client-request-id": "8b7caa44-7dd4-4a53-bd7a-e5ad47674397",
        "x-ms-version": "2024-02-04"
      },
      "RequestBody": null,
      "StatusCode": 201,
      "ResponseHeaders": {
        "Content-Length": "0",
        "Date": "Mon, 11 Dec 2023 19:15:06 GMT",
        "ETag": "\u00220x8DBFA7D7C5341EA\u0022",
        "Last-Modified": "Mon, 11 Dec 2023 19:15:06 GMT",
        "Server": [
          "Windows-Azure-Blob/1.0",
          "Microsoft-HTTPAPI/2.0"
        ],
        "x-ms-client-request-id": "8b7caa44-7dd4-4a53-bd7a-e5ad47674397",
        "x-ms-request-id": "dd12f367-801e-0022-6966-2c5279000000",
        "x-ms-version": "2024-02-04"
      },
      "ResponseBody": null
    },
    {
      "RequestUri": "https://REDACTED/b01175140commitblocklistmetadata3a673053ba38f05cf90?restype=container",
      "RequestMethod": "PUT",
      "RequestHeaders": {
        "Accept": "application/xml",
        "Authorization": "Sanitized",
        "Content-Length": "0",
        "Date": "Mon, 11 Dec 2023 19:15:03 GMT",
        "User-Agent": "azsdk-java-azure-storage-blob/12.26.0-beta.1 (17.0.8; Windows 11; 10.0)",
        "x-ms-client-request-id": "871b2ada-f973-4967-a6d2-c1ee076d0d68",
        "x-ms-version": "2024-02-04"
      },
      "RequestBody": null,
      "StatusCode": 409,
      "ResponseHeaders": {
        "Content-Length": "230",
        "Content-Type": "application/xml",
        "Date": "Mon, 11 Dec 2023 19:15:06 GMT",
        "Server": [
          "Windows-Azure-Blob/1.0",
          "Microsoft-HTTPAPI/2.0"
        ],
        "x-ms-client-request-id": "871b2ada-f973-4967-a6d2-c1ee076d0d68",
        "x-ms-error-code": "ContainerAlreadyExists",
        "x-ms-request-id": "3cc45d84-701e-009f-2d66-2cdb64000000",
        "x-ms-version": "2024-02-04"
      },
      "ResponseBody": [
        "\uFEFF\u003C?xml version=\u00221.0\u0022 encoding=\u0022utf-8\u0022?\u003E\u003CError\u003E\u003CCode\u003EContainerAlreadyExists\u003C/Code\u003E\u003CMessage\u003EThe specified container already exists.\n",
        "RequestId:3cc45d84-701e-009f-2d66-2cdb64000000\n",
        "Time:2023-12-11T19:15:06.7689650Z\u003C/Message\u003E\u003C/Error\u003E"
      ]
    },
    {
      "RequestUri": "https://REDACTED/b01175140commitblocklistmetadata3a673053ba38f05cf90/b01175141commitblocklistmetadata3a6694441b95b2fa1ee",
      "RequestMethod": "PUT",
      "RequestHeaders": {
        "Accept": "application/xml",
        "Authorization": "Sanitized",
        "Content-Length": "7",
        "Content-Type": "application/octet-stream",
        "Date": "Mon, 11 Dec 2023 19:15:03 GMT",
        "User-Agent": "azsdk-java-azure-storage-blob/12.26.0-beta.1 (17.0.8; Windows 11; 10.0)",
        "x-ms-blob-type": "BlockBlob",
        "x-ms-client-request-id": "24d68aa8-756d-434b-8b82-7841e8ec90ff",
        "x-ms-version": "2024-02-04"
      },
      "RequestBody": "ZGVmYXVsdA==",
      "StatusCode": 201,
      "ResponseHeaders": {
        "Content-Length": "0",
        "Content-MD5": "wh\u002BWm18D0z1D4E\u002BPE252gg==",
        "Date": "Mon, 11 Dec 2023 19:15:06 GMT",
        "ETag": "\u00220x8DBFA7D7C7179AD\u0022",
        "Last-Modified": "Mon, 11 Dec 2023 19:15:06 GMT",
        "Server": [
          "Windows-Azure-Blob/1.0",
          "Microsoft-HTTPAPI/2.0"
        ],
        "x-ms-client-request-id": "24d68aa8-756d-434b-8b82-7841e8ec90ff",
        "x-ms-content-crc64": "6RYQPwaVsyQ=",
        "x-ms-request-id": "dd12f4af-801e-0022-1266-2c5279000000",
        "x-ms-request-server-encrypted": "true",
        "x-ms-version": "2024-02-04"
      },
      "ResponseBody": null
    },
    {
      "RequestUri": "https://REDACTED/b01175140commitblocklistmetadata3a673053ba38f05cf90/b01175141commitblocklistmetadata3a6694441b95b2fa1ee?comp=blocklist",
      "RequestMethod": "PUT",
      "RequestHeaders": {
        "Accept": "application/xml",
        "Authorization": "Sanitized",
        "Content-Length": "50",
        "Content-Type": "application/xml",
        "Date": "Mon, 11 Dec 2023 19:15:03 GMT",
        "User-Agent": "azsdk-java-azure-storage-blob/12.26.0-beta.1 (17.0.8; Windows 11; 10.0)",
        "x-ms-client-request-id": "4412e926-64e0-4501-8691-cfe2de7d55d1",
        "x-ms-meta-fizz": "buzz",
        "x-ms-meta-foo": "bar",
        "x-ms-version": "2024-02-04"
      },
      "RequestBody": "\u003C?xml version=\u00271.0\u0027 encoding=\u0027UTF-8\u0027?\u003E\u003CBlockList/\u003E",
      "StatusCode": 201,
      "ResponseHeaders": {
        "Content-Length": "0",
        "Date": "Mon, 11 Dec 2023 19:15:06 GMT",
        "ETag": "\u00220x8DBFA7D7C8107CC\u0022",
        "Last-Modified": "Mon, 11 Dec 2023 19:15:06 GMT",
        "Server": [
          "Windows-Azure-Blob/1.0",
          "Microsoft-HTTPAPI/2.0"
        ],
        "x-ms-client-request-id": "4412e926-64e0-4501-8691-cfe2de7d55d1",
        "x-ms-content-crc64": "p1vsGtjjPsk=",
        "x-ms-request-id": "dd12f55b-801e-0022-3666-2c5279000000",
        "x-ms-request-server-encrypted": "true",
        "x-ms-version": "2024-02-04"
      },
      "ResponseBody": null
    },
    {
      "RequestUri": "https://REDACTED/b01175140commitblocklistmetadata3a673053ba38f05cf90/b01175141commitblocklistmetadata3a6694441b95b2fa1ee",
      "RequestMethod": "HEAD",
      "RequestHeaders": {
        "Accept": "application/xml",
        "Authorization": "Sanitized",
        "Content-Length": "0",
        "Date": "Mon, 11 Dec 2023 19:15:03 GMT",
        "User-Agent": "azsdk-java-azure-storage-blob/12.26.0-beta.1 (17.0.8; Windows 11; 10.0)",
        "x-ms-client-request-id": "7454e7e7-7a78-48e8-bff0-0ddbdae0ed3e",
        "x-ms-version": "2024-02-04"
      },
      "RequestBody": null,
      "StatusCode": 200,
      "ResponseHeaders": {
        "Accept-Ranges": "bytes",
        "Access-Control-Allow-Origin": "*",
        "Access-Control-Expose-Headers": "x-ms-client-request-id",
        "Content-Length": "0",
        "Content-Type": "application/octet-stream",
        "Date": "Mon, 11 Dec 2023 19:15:06 GMT",
        "ETag": "\u00220x8DBFA7D7C8107CC\u0022",
        "Last-Modified": "Mon, 11 Dec 2023 19:15:06 GMT",
        "Server": [
          "Windows-Azure-Blob/1.0",
          "Microsoft-HTTPAPI/2.0"
        ],
        "x-ms-access-tier": "Hot",
        "x-ms-access-tier-inferred": "true",
        "x-ms-blob-type": "BlockBlob",
        "x-ms-client-request-id": "7454e7e7-7a78-48e8-bff0-0ddbdae0ed3e",
        "x-ms-creation-time": "Mon, 11 Dec 2023 19:15:06 GMT",
        "x-ms-lease-state": "available",
        "x-ms-lease-status": "unlocked",
        "x-ms-meta-fizz": "buzz",
        "x-ms-meta-foo": "bar",
        "x-ms-request-id": "dd12f5f1-801e-0022-4466-2c5279000000",
        "x-ms-server-encrypted": "true",
        "x-ms-version": "2024-02-04"
      },
      "ResponseBody": null
    }
  ],
  "Variables": {
    "0": "b01175140commitblocklistmetadata3a673053ba38f05cf90",
    "1": "b01175141commitblocklistmetadata3a6694441b95b2fa1ee"
  }
}
