{
  "Entries": [
    {
      "RequestUri": "https://REDACTED/7425e98a0uploadfromwithinvalidsourcemd556413051b30ea52a?restype=container",
      "RequestMethod": "PUT",
      "RequestHeaders": {
        "Accept": "application/xml",
        "Authorization": "Sanitized",
        "Content-Length": "0",
        "Date": "Tue, 26 Nov 2024 20:12:12 GMT",
        "User-Agent": "azsdk-java-azure-storage-blob/12.30.0-beta.1 (21.0.2; Windows 11; 10.0)",
        "x-ms-client-request-id": "Sanitized",
        "x-ms-version": "2025-01-05"
      },
      "RequestBody": null,
      "StatusCode": 201,
      "ResponseHeaders": {
        "Content-Length": "0",
        "Date": "Tue, 26 Nov 2024 20:12:12 GMT",
        "ETag": "\"0x8DD0E569D2AC072\"",
        "Last-Modified": "Tue, 26 Nov 2024 20:12:12 GMT",
        "Server": [
          "Windows-Azure-Blob/1.0",
          "Microsoft-HTTPAPI/2.0"
        ],
        "x-ms-client-request-id": "Sanitized",
        "x-ms-request-id": "Sanitized",
        "x-ms-version": "2025-01-05"
      },
      "ResponseBody": null
    },
    {
      "RequestUri": "https://REDACTED/7425e98a0uploadfromwithinvalidsourcemd556413051b30ea52a?restype=container",
      "RequestMethod": "PUT",
      "RequestHeaders": {
        "Accept": "application/xml",
        "Authorization": "Sanitized",
        "Content-Length": "0",
        "Date": "Tue, 26 Nov 2024 20:12:12 GMT",
        "User-Agent": "azsdk-java-azure-storage-blob/12.30.0-beta.1 (21.0.2; Windows 11; 10.0)",
        "x-ms-client-request-id": "Sanitized",
        "x-ms-version": "2025-01-05"
      },
      "RequestBody": null,
      "StatusCode": 409,
      "ResponseHeaders": {
        "Content-Length": "230",
        "Content-Type": "application/xml",
        "Date": "Tue, 26 Nov 2024 20:12:12 GMT",
        "Server": [
          "Windows-Azure-Blob/1.0",
          "Microsoft-HTTPAPI/2.0"
        ],
        "x-ms-client-request-id": "Sanitized",
        "x-ms-error-code": "ContainerAlreadyExists",
        "x-ms-request-id": "Sanitized",
        "x-ms-version": "2025-01-05"
      },
      "ResponseBody": [
        "\uFEFF<?xml version=\"1.0\" encoding=\"utf-8\"?><Error><Code>ContainerAlreadyExists</Code><Message>The specified container already exists.\n",
        "RequestId:cbf5955d-d01e-0022-103f-403485000000\n",
        "Time:2024-11-26T20:12:12.4160648Z</Message></Error>"
      ]
    },
    {
      "RequestUri": "https://REDACTED/7425e98a0uploadfromwithinvalidsourcemd556413051b30ea52a/7425e98a1uploadfromwithinvalidsourcemd5564420154cc1d9cf",
      "RequestMethod": "PUT",
      "RequestHeaders": {
        "Accept": "application/xml",
        "Authorization": "Sanitized",
        "Content-Length": "7",
        "Content-Type": "application/octet-stream",
        "Date": "Tue, 26 Nov 2024 20:12:12 GMT",
        "User-Agent": "azsdk-java-azure-storage-blob/12.30.0-beta.1 (21.0.2; Windows 11; 10.0)",
        "x-ms-blob-type": "BlockBlob",
        "x-ms-client-request-id": "Sanitized",
        "x-ms-version": "2025-01-05"
      },
      "RequestBody": "ZGVmYXVsdA==",
      "StatusCode": 201,
      "ResponseHeaders": {
        "Content-Length": "0",
        "Content-MD5": "wh+Wm18D0z1D4E+PE252gg==",
        "Date": "Tue, 26 Nov 2024 20:12:12 GMT",
        "ETag": "\"0x8DD0E569D45DD77\"",
        "Last-Modified": "Tue, 26 Nov 2024 20:12:12 GMT",
        "Server": [
          "Windows-Azure-Blob/1.0",
          "Microsoft-HTTPAPI/2.0"
        ],
        "x-ms-client-request-id": "Sanitized",
        "x-ms-content-crc64": "6RYQPwaVsyQ=",
        "x-ms-request-id": "Sanitized",
        "x-ms-request-server-encrypted": "true",
        "x-ms-version": "2025-01-05"
      },
      "ResponseBody": null
    },
    {
      "RequestUri": "https://REDACTED/7425e98a0uploadfromwithinvalidsourcemd556413051b30ea52a/7425e98a2uploadfromwithinvalidsourcemd556481903fe291cba",
      "RequestMethod": "HEAD",
      "RequestHeaders": {
        "Accept": "application/xml",
        "Authorization": "Sanitized",
        "Content-Length": "0",
        "Date": "Tue, 26 Nov 2024 20:12:12 GMT",
        "User-Agent": "azsdk-java-azure-storage-blob/12.30.0-beta.1 (21.0.2; Windows 11; 10.0)",
        "x-ms-client-request-id": "Sanitized",
        "x-ms-version": "2025-01-05"
      },
      "RequestBody": null,
      "StatusCode": 404,
      "ResponseHeaders": {
        "Access-Control-Allow-Origin": "*",
        "Access-Control-Expose-Headers": "x-ms-client-request-id",
        "Date": "Tue, 26 Nov 2024 20:12:12 GMT",
        "Server": [
          "Windows-Azure-Blob/1.0",
          "Microsoft-HTTPAPI/2.0"
        ],
        "Transfer-Encoding": "chunked",
        "x-ms-client-request-id": "Sanitized",
        "x-ms-error-code": "BlobNotFound",
        "x-ms-request-id": "Sanitized",
        "x-ms-version": "2025-01-05"
      },
      "ResponseBody": null
    },
    {
      "RequestUri": "https://REDACTED/7425e98a0uploadfromwithinvalidsourcemd556413051b30ea52a/7425e98a2uploadfromwithinvalidsourcemd556481903fe291cba",
      "RequestMethod": "PUT",
      "RequestHeaders": {
        "Accept": "application/xml",
        "Authorization": "Sanitized",
        "Content-Length": "7",
        "Content-Type": "application/octet-stream",
        "Date": "Tue, 26 Nov 2024 20:12:12 GMT",
        "If-None-Match": "*",
        "User-Agent": "azsdk-java-azure-storage-blob/12.30.0-beta.1 (21.0.2; Windows 11; 10.0)",
        "x-ms-blob-type": "BlockBlob",
        "x-ms-client-request-id": "Sanitized",
        "x-ms-version": "2025-01-05"
      },
      "RequestBody": "ZGVmYXVsdA==",
      "StatusCode": 201,
      "ResponseHeaders": {
        "Content-Length": "0",
        "Content-MD5": "wh+Wm18D0z1D4E+PE252gg==",
        "Date": "Tue, 26 Nov 2024 20:12:12 GMT",
        "ETag": "\"0x8DD0E569D5F6350\"",
        "Last-Modified": "Tue, 26 Nov 2024 20:12:12 GMT",
        "Server": [
          "Windows-Azure-Blob/1.0",
          "Microsoft-HTTPAPI/2.0"
        ],
        "x-ms-client-request-id": "Sanitized",
        "x-ms-content-crc64": "6RYQPwaVsyQ=",
        "x-ms-request-id": "Sanitized",
        "x-ms-request-server-encrypted": "true",
        "x-ms-version": "2025-01-05"
      },
      "ResponseBody": null
    },
    {
      "RequestUri": "https://REDACTED/7425e98a0uploadfromwithinvalidsourcemd556413051b30ea52a/7425e98a1uploadfromwithinvalidsourcemd5564420154cc1d9cf",
      "RequestMethod": "PUT",
      "RequestHeaders": {
        "Accept": "application/xml",
        "Authorization": "Sanitized",
        "Content-Length": "0",
        "Content-Type": "application/octet-stream",
        "Date": "Tue, 26 Nov 2024 20:12:12 GMT",
        "User-Agent": "azsdk-java-azure-storage-blob/12.30.0-beta.1 (21.0.2; Windows 11; 10.0)",
        "x-ms-blob-type": "BlockBlob",
        "x-ms-client-request-id": "Sanitized",
        "x-ms-version": "2025-01-05"
      },
      "RequestBody": null,
      "StatusCode": 201,
      "ResponseHeaders": {
        "Content-Length": "0",
        "Content-MD5": "1B2M2Y8AsgTpgAmY7PhCfg==",
        "Date": "Tue, 26 Nov 2024 20:12:12 GMT",
        "ETag": "\"0x8DD0E569D6E1FC7\"",
        "Last-Modified": "Tue, 26 Nov 2024 20:12:12 GMT",
        "Server": [
          "Windows-Azure-Blob/1.0",
          "Microsoft-HTTPAPI/2.0"
        ],
        "x-ms-client-request-id": "Sanitized",
        "x-ms-content-crc64": "AAAAAAAAAAA=",
        "x-ms-request-id": "Sanitized",
        "x-ms-request-server-encrypted": "true",
        "x-ms-version": "2025-01-05"
      },
      "ResponseBody": null
    },
    {
      "RequestUri": "https://REDACTED/7425e98a0uploadfromwithinvalidsourcemd556413051b30ea52a/7425e98a1uploadfromwithinvalidsourcemd5564420154cc1d9cf",
      "RequestMethod": "PUT",
      "RequestHeaders": {
        "Accept": "application/xml",
        "Authorization": "Sanitized",
        "Content-Length": "0",
        "Date": "Tue, 26 Nov 2024 20:12:13 GMT",
        "User-Agent": "azsdk-java-azure-storage-blob/12.30.0-beta.1 (21.0.2; Windows 11; 10.0)",
        "x-ms-blob-type": "BlockBlob",
        "x-ms-client-request-id": "Sanitized",
        "x-ms-copy-source": "Sanitized",
        "x-ms-source-content-md5": "yOjfiVwsrhZrrQJ/3xUzWw==",
        "x-ms-version": "2025-01-05"
      },
      "RequestBody": null,
      "StatusCode": 400,
      "ResponseHeaders": {
        "Content-Length": "405",
        "Content-Type": "application/xml",
        "Date": "Tue, 26 Nov 2024 20:12:12 GMT",
        "Server": [
          "Windows-Azure-Blob/1.0",
          "Microsoft-HTTPAPI/2.0"
        ],
        "x-ms-client-request-id": "Sanitized",
        "x-ms-error-code": "Md5Mismatch",
        "x-ms-request-id": "Sanitized",
        "x-ms-version": "2025-01-05"
      },
      "ResponseBody": [
        "\uFEFF<?xml version=\"1.0\" encoding=\"utf-8\"?><Error><Code>Md5Mismatch</Code><Message>The MD5 value specified in the request did not match with the MD5 value calculated by the server.\n",
        "RequestId:cbf59692-d01e-0022-2b3f-403485000000\n",
        "Time:2024-11-26T20:12:12.8584158Z</Message><UserSpecifiedMd5>yOjfiVwsrhZrrQJ/3xUzWw==</UserSpecifiedMd5><ServerCalculatedMd5>wh+Wm18D0z1D4E+PE252gg==</ServerCalculatedMd5></Error>"
      ]
    }
  ],
  "Variables": {
    "0": "7425e98a0uploadfromwithinvalidsourcemd556413051b30ea52a",
    "1": "7425e98a1uploadfromwithinvalidsourcemd5564420154cc1d9cf",
    "2": "7425e98a2uploadfromwithinvalidsourcemd556481903fe291cba",
    "3": "2024-11-26T20:12:12.742793400Z"
  }
}
