{
  "Entries": [
    {
      "RequestUri": "https://REDACTED/ac0a13f30upload0f1193802101acbdc2764025af53?restype=container",
      "RequestMethod": "PUT",
      "RequestHeaders": {
        "Accept": "application/xml",
        "Authorization": "Sanitized",
        "Content-Length": "0",
        "Date": "Wed, 11 Oct 2023 21:22:26 GMT",
        "User-Agent": "azsdk-java-azure-storage-blob/12.25.0-beta.1 (17.0.8.1; Windows 11; 10.0)",
        "x-ms-client-request-id": "84e284d3-2842-45da-8761-e87b36031d39",
        "x-ms-version": "2023-08-03"
      },
      "RequestBody": null,
      "StatusCode": 201,
      "ResponseHeaders": {
        "Content-Length": "0",
        "Date": "Wed, 11 Oct 2023 21:22:26 GMT",
        "ETag": "\u00220x8DBCAA02AEB70D9\u0022",
        "Last-Modified": "Wed, 11 Oct 2023 21:22:26 GMT",
        "Server": [
          "Windows-Azure-Blob/1.0",
          "Microsoft-HTTPAPI/2.0"
        ],
        "x-ms-client-request-id": "84e284d3-2842-45da-8761-e87b36031d39",
        "x-ms-request-id": "cccfd3ca-701e-009d-2889-fc6338000000",
        "x-ms-version": "2023-08-03"
      },
      "ResponseBody": null
    },
    {
      "RequestUri": "https://REDACTED/ac0a13f30upload0f1193802101acbdc2764025af53/ac0a13f31upload0f1103368f5f655ac8bf41f6881c",
      "RequestMethod": "PUT",
      "RequestHeaders": {
        "Accept": "application/xml",
        "Authorization": "Sanitized",
        "Content-Length": "7",
        "Content-Type": "application/octet-stream",
        "Date": "Wed, 11 Oct 2023 21:22:26 GMT",
        "User-Agent": "azsdk-java-azure-storage-blob/12.25.0-beta.1 (17.0.8.1; Windows 11; 10.0)",
        "x-ms-blob-type": "BlockBlob",
        "x-ms-client-request-id": "c4867d12-afc2-42fc-ae23-de14857c0472",
        "x-ms-version": "2023-08-03"
      },
      "RequestBody": "ZGVmYXVsdA==",
      "StatusCode": 201,
      "ResponseHeaders": {
        "Content-Length": "0",
        "Content-MD5": "wh\u002BWm18D0z1D4E\u002BPE252gg==",
        "Date": "Wed, 11 Oct 2023 21:22:25 GMT",
        "ETag": "\u00220x8DBCAA02AF092C0\u0022",
        "Last-Modified": "Wed, 11 Oct 2023 21:22:26 GMT",
        "Server": [
          "Windows-Azure-Blob/1.0",
          "Microsoft-HTTPAPI/2.0"
        ],
        "x-ms-client-request-id": "c4867d12-afc2-42fc-ae23-de14857c0472",
        "x-ms-content-crc64": "6RYQPwaVsyQ=",
        "x-ms-request-id": "53fd1976-a01e-0018-2289-fc4ee5000000",
        "x-ms-request-server-encrypted": "true",
        "x-ms-version": "2023-08-03"
      },
      "ResponseBody": null
    },
    {
      "RequestUri": "https://REDACTED/ac0a13f30upload0f1193802101acbdc2764025af53/ac0a13f32upload0f1511376c0e6f217c284b1198ad",
      "RequestMethod": "PUT",
      "RequestHeaders": {
        "Accept": "application/xml",
        "Authorization": "Sanitized",
        "Content-Length": "7",
        "Content-Type": "application/octet-stream",
        "Date": "Wed, 11 Oct 2023 21:22:26 GMT",
        "User-Agent": "azsdk-java-azure-storage-blob/12.25.0-beta.1 (17.0.8.1; Windows 11; 10.0)",
        "x-ms-blob-type": "BlockBlob",
        "x-ms-client-request-id": "4558ff1e-10d4-4834-a371-ceac7b72dae3",
        "x-ms-version": "2023-08-03"
      },
      "RequestBody": "ZGVmYXVsdA==",
      "StatusCode": 201,
      "ResponseHeaders": {
        "Content-Length": "0",
        "Content-MD5": "wh\u002BWm18D0z1D4E\u002BPE252gg==",
        "Date": "Wed, 11 Oct 2023 21:22:26 GMT",
        "ETag": "\u00220x8DBCAA02AFB8D9C\u0022",
        "Last-Modified": "Wed, 11 Oct 2023 21:22:26 GMT",
        "Server": [
          "Windows-Azure-Blob/1.0",
          "Microsoft-HTTPAPI/2.0"
        ],
        "x-ms-client-request-id": "4558ff1e-10d4-4834-a371-ceac7b72dae3",
        "x-ms-content-crc64": "6RYQPwaVsyQ=",
        "x-ms-request-id": "555c0152-b01e-0014-5c89-fcd9ed000000",
        "x-ms-request-server-encrypted": "true",
        "x-ms-version": "2023-08-03"
      },
      "ResponseBody": null
    },
    {
      "RequestUri": "https://REDACTED/ac0a13f30upload0f1193802101acbdc2764025af53/ac0a13f31upload0f1103368f5f655ac8bf41f6881c",
      "RequestMethod": "PUT",
      "RequestHeaders": {
        "Accept": "application/xml",
        "Authorization": "Sanitized",
        "Content-Length": "7",
        "Content-Type": "application/octet-stream",
        "Date": "Wed, 11 Oct 2023 21:22:26 GMT",
        "User-Agent": "azsdk-java-azure-storage-blob/12.25.0-beta.1 (17.0.8.1; Windows 11; 10.0)",
        "x-ms-blob-type": "BlockBlob",
        "x-ms-client-request-id": "29bb174d-0086-4b3f-8ca3-45865858423d",
        "x-ms-version": "2023-08-03"
      },
      "RequestBody": "ZGVmYXVsdA==",
      "StatusCode": 201,
      "ResponseHeaders": {
        "Content-Length": "0",
        "Content-MD5": "wh\u002BWm18D0z1D4E\u002BPE252gg==",
        "Date": "Wed, 11 Oct 2023 21:22:25 GMT",
        "ETag": "\u00220x8DBCAA02B0047E0\u0022",
        "Last-Modified": "Wed, 11 Oct 2023 21:22:26 GMT",
        "Server": [
          "Windows-Azure-Blob/1.0",
          "Microsoft-HTTPAPI/2.0"
        ],
        "x-ms-client-request-id": "29bb174d-0086-4b3f-8ca3-45865858423d",
        "x-ms-content-crc64": "6RYQPwaVsyQ=",
        "x-ms-request-id": "05177968-001e-0073-7489-fcc911000000",
        "x-ms-request-server-encrypted": "true",
        "x-ms-version": "2023-08-03"
      },
      "ResponseBody": null
    },
    {
      "RequestUri": "https://REDACTED/ac0a13f30upload0f1193802101acbdc2764025af53/ac0a13f31upload0f1103368f5f655ac8bf41f6881c",
      "RequestMethod": "GET",
      "RequestHeaders": {
        "Accept": "application/xml",
        "Authorization": "Sanitized",
        "Content-Length": "0",
        "Date": "Wed, 11 Oct 2023 21:22:26 GMT",
        "User-Agent": "azsdk-java-azure-storage-blob/12.25.0-beta.1 (17.0.8.1; Windows 11; 10.0)",
        "x-ms-client-request-id": "df8f1f33-2382-4908-8906-5b5338842d49",
        "x-ms-version": "2023-08-03"
      },
      "RequestBody": null,
      "StatusCode": 200,
      "ResponseHeaders": {
        "Accept-Ranges": "bytes",
        "Access-Control-Allow-Origin": "*",
        "Access-Control-Expose-Headers": "x-ms-client-request-id",
        "Content-Length": "7",
        "Content-MD5": "wh\u002BWm18D0z1D4E\u002BPE252gg==",
        "Content-Type": "application/octet-stream",
        "Date": "Wed, 11 Oct 2023 21:22:25 GMT",
        "ETag": "\u00220x8DBCAA02B0047E0\u0022",
        "Last-Modified": "Wed, 11 Oct 2023 21:22:26 GMT",
        "Server": [
          "Windows-Azure-Blob/1.0",
          "Microsoft-HTTPAPI/2.0"
        ],
        "x-ms-blob-type": "BlockBlob",
        "x-ms-client-request-id": "df8f1f33-2382-4908-8906-5b5338842d49",
        "x-ms-creation-time": "Wed, 11 Oct 2023 21:22:26 GMT",
        "x-ms-lease-state": "available",
        "x-ms-lease-status": "unlocked",
        "x-ms-request-id": "05177996-001e-0073-1f89-fcc911000000",
        "x-ms-server-encrypted": "true",
        "x-ms-version": "2023-08-03"
      },
      "ResponseBody": "ZGVmYXVsdA=="
    }
  ],
  "Variables": {
    "0": "ac0a13f30upload0f1193802101acbdc2764025af53",
    "1": "ac0a13f31upload0f1103368f5f655ac8bf41f6881c",
    "2": "ac0a13f32upload0f1511376c0e6f217c284b1198ad"
  }
}
