{
  "Entries": [
    {
      "RequestUri": "https://REDACTED/ef1484ae0commitblocklistnull308388275a9d08ef3ca34?restype=container",
      "RequestMethod": "PUT",
      "RequestHeaders": {
        "Accept": "application/xml",
        "Authorization": "Sanitized",
        "Content-Length": "0",
        "Date": "Wed, 18 Oct 2023 19:24:29 GMT",
        "User-Agent": "azsdk-java-azure-storage-blob/12.25.0-beta.1 (17.0.8; Windows 11; 10.0)",
        "x-ms-client-request-id": "e5f1d9e3-63ea-4414-88de-7a358af0c5e3",
        "x-ms-version": "2023-11-03"
      },
      "RequestBody": null,
      "StatusCode": 201,
      "ResponseHeaders": {
        "Content-Length": "0",
        "Date": "Wed, 18 Oct 2023 19:24:29 GMT",
        "ETag": "\u00220x8DBD00FD9CB1979\u0022",
        "Last-Modified": "Wed, 18 Oct 2023 19:24:30 GMT",
        "Server": [
          "Windows-Azure-Blob/1.0",
          "Microsoft-HTTPAPI/2.0"
        ],
        "x-ms-client-request-id": "e5f1d9e3-63ea-4414-88de-7a358af0c5e3",
        "x-ms-request-id": "6ef42449-f01e-0075-42f8-01fc4a000000",
        "x-ms-version": "2023-11-03"
      },
      "ResponseBody": null
    },
    {
      "RequestUri": "https://REDACTED/ef1484ae0commitblocklistnull308388275a9d08ef3ca34/ef1484ae1commitblocklistnull30867955a0b8c81ff9854",
      "RequestMethod": "PUT",
      "RequestHeaders": {
        "Accept": "application/xml",
        "Authorization": "Sanitized",
        "Content-Length": "7",
        "Content-Type": "application/octet-stream",
        "Date": "Wed, 18 Oct 2023 19:24:30 GMT",
        "User-Agent": "azsdk-java-azure-storage-blob/12.25.0-beta.1 (17.0.8; Windows 11; 10.0)",
        "x-ms-blob-type": "BlockBlob",
        "x-ms-client-request-id": "23354b7d-db01-45f2-a79e-0a1be276bb5b",
        "x-ms-version": "2023-11-03"
      },
      "RequestBody": "ZGVmYXVsdA==",
      "StatusCode": 201,
      "ResponseHeaders": {
        "Content-Length": "0",
        "Content-MD5": "wh\u002BWm18D0z1D4E\u002BPE252gg==",
        "Date": "Wed, 18 Oct 2023 19:24:29 GMT",
        "ETag": "\u00220x8DBD00FD9DB0497\u0022",
        "Last-Modified": "Wed, 18 Oct 2023 19:24:30 GMT",
        "Server": [
          "Windows-Azure-Blob/1.0",
          "Microsoft-HTTPAPI/2.0"
        ],
        "x-ms-client-request-id": "23354b7d-db01-45f2-a79e-0a1be276bb5b",
        "x-ms-content-crc64": "6RYQPwaVsyQ=",
        "x-ms-request-id": "6ef424d2-f01e-0075-41f8-01fc4a000000",
        "x-ms-request-server-encrypted": "true",
        "x-ms-version": "2023-11-03"
      },
      "ResponseBody": null
    },
    {
      "RequestUri": "https://REDACTED/ef1484ae0commitblocklistnull308388275a9d08ef3ca34/ef1484ae2commitblocklistnull308310786d72dd18e0ba4",
      "RequestMethod": "PUT",
      "RequestHeaders": {
        "Accept": "application/xml",
        "Authorization": "Sanitized",
        "Content-Length": "7",
        "Content-Type": "application/octet-stream",
        "Date": "Wed, 18 Oct 2023 19:24:30 GMT",
        "User-Agent": "azsdk-java-azure-storage-blob/12.25.0-beta.1 (17.0.8; Windows 11; 10.0)",
        "x-ms-blob-type": "BlockBlob",
        "x-ms-client-request-id": "545fa8af-ccf6-4244-a322-e7d99fc5b244",
        "x-ms-version": "2023-11-03"
      },
      "RequestBody": "ZGVmYXVsdA==",
      "StatusCode": 201,
      "ResponseHeaders": {
        "Content-Length": "0",
        "Content-MD5": "wh\u002BWm18D0z1D4E\u002BPE252gg==",
        "Date": "Wed, 18 Oct 2023 19:24:29 GMT",
        "ETag": "\u00220x8DBD00FD9EA6BA4\u0022",
        "Last-Modified": "Wed, 18 Oct 2023 19:24:30 GMT",
        "Server": [
          "Windows-Azure-Blob/1.0",
          "Microsoft-HTTPAPI/2.0"
        ],
        "x-ms-client-request-id": "545fa8af-ccf6-4244-a322-e7d99fc5b244",
        "x-ms-content-crc64": "6RYQPwaVsyQ=",
        "x-ms-request-id": "6ef42560-f01e-0075-47f8-01fc4a000000",
        "x-ms-request-server-encrypted": "true",
        "x-ms-version": "2023-11-03"
      },
      "ResponseBody": null
    },
    {
      "RequestUri": "https://REDACTED/ef1484ae0commitblocklistnull308388275a9d08ef3ca34/ef1484ae1commitblocklistnull30867955a0b8c81ff9854?comp=blocklist",
      "RequestMethod": "PUT",
      "RequestHeaders": {
        "Accept": "application/xml",
        "Authorization": "Sanitized",
        "Content-Length": "50",
        "Content-Type": "application/xml",
        "Date": "Wed, 18 Oct 2023 19:24:30 GMT",
        "User-Agent": "azsdk-java-azure-storage-blob/12.25.0-beta.1 (17.0.8; Windows 11; 10.0)",
        "x-ms-client-request-id": "ae39f370-4df0-46d5-90ab-e9af64c72b54",
        "x-ms-version": "2023-11-03"
      },
      "RequestBody": "\u003C?xml version=\u00271.0\u0027 encoding=\u0027UTF-8\u0027?\u003E\u003CBlockList/\u003E",
      "StatusCode": 201,
      "ResponseHeaders": {
        "Content-Length": "0",
        "Date": "Wed, 18 Oct 2023 19:24:29 GMT",
        "ETag": "\u00220x8DBD00FD9F98494\u0022",
        "Last-Modified": "Wed, 18 Oct 2023 19:24:30 GMT",
        "Server": [
          "Windows-Azure-Blob/1.0",
          "Microsoft-HTTPAPI/2.0"
        ],
        "x-ms-client-request-id": "ae39f370-4df0-46d5-90ab-e9af64c72b54",
        "x-ms-content-crc64": "p1vsGtjjPsk=",
        "x-ms-request-id": "693de934-c01e-007e-1df8-010721000000",
        "x-ms-request-server-encrypted": "true",
        "x-ms-version": "2023-11-03"
      },
      "ResponseBody": null
    }
  ],
  "Variables": {
    "0": "ef1484ae0commitblocklistnull308388275a9d08ef3ca34",
    "1": "ef1484ae1commitblocklistnull30867955a0b8c81ff9854",
    "2": "ef1484ae2commitblocklistnull308310786d72dd18e0ba4"
  }
}
