{
  "Entries": [
    {
      "RequestUri": "https://REDACTED/609deccd0stageblockfromurlsourceac06e1399476072ff1f5?restype=container",
      "RequestMethod": "PUT",
      "RequestHeaders": {
        "Accept": "application/xml",
        "Authorization": "Sanitized",
        "Content-Length": "0",
        "Date": "Mon, 11 Dec 2023 19:14:34 GMT",
        "User-Agent": "azsdk-java-azure-storage-blob/12.26.0-beta.1 (17.0.8; Windows 11; 10.0)",
        "x-ms-client-request-id": "1fda721d-88d8-4514-b6ab-8c68f8aa737e",
        "x-ms-version": "2024-02-04"
      },
      "RequestBody": null,
      "StatusCode": 201,
      "ResponseHeaders": {
        "Content-Length": "0",
        "Date": "Mon, 11 Dec 2023 19:14:37 GMT",
        "ETag": "\u00220x8DBFA7D6B23516C\u0022",
        "Last-Modified": "Mon, 11 Dec 2023 19:14:37 GMT",
        "Server": [
          "Windows-Azure-Blob/1.0",
          "Microsoft-HTTPAPI/2.0"
        ],
        "x-ms-client-request-id": "1fda721d-88d8-4514-b6ab-8c68f8aa737e",
        "x-ms-request-id": "dd12036a-801e-0022-1666-2c5279000000",
        "x-ms-version": "2024-02-04"
      },
      "ResponseBody": null
    },
    {
      "RequestUri": "https://REDACTED/609deccd0stageblockfromurlsourceac06e1399476072ff1f5?restype=container",
      "RequestMethod": "PUT",
      "RequestHeaders": {
        "Accept": "application/xml",
        "Authorization": "Sanitized",
        "Content-Length": "0",
        "Date": "Mon, 11 Dec 2023 19:14:34 GMT",
        "User-Agent": "azsdk-java-azure-storage-blob/12.26.0-beta.1 (17.0.8; Windows 11; 10.0)",
        "x-ms-client-request-id": "fb60fa33-d7b5-42b8-abc6-b9b0e53f2d09",
        "x-ms-version": "2024-02-04"
      },
      "RequestBody": null,
      "StatusCode": 409,
      "ResponseHeaders": {
        "Content-Length": "230",
        "Content-Type": "application/xml",
        "Date": "Mon, 11 Dec 2023 19:14:37 GMT",
        "Server": [
          "Windows-Azure-Blob/1.0",
          "Microsoft-HTTPAPI/2.0"
        ],
        "x-ms-client-request-id": "fb60fa33-d7b5-42b8-abc6-b9b0e53f2d09",
        "x-ms-error-code": "ContainerAlreadyExists",
        "x-ms-request-id": "dd120402-801e-0022-2566-2c5279000000",
        "x-ms-version": "2024-02-04"
      },
      "ResponseBody": [
        "\uFEFF\u003C?xml version=\u00221.0\u0022 encoding=\u0022utf-8\u0022?\u003E\u003CError\u003E\u003CCode\u003EContainerAlreadyExists\u003C/Code\u003E\u003CMessage\u003EThe specified container already exists.\n",
        "RequestId:dd120402-801e-0022-2566-2c5279000000\n",
        "Time:2023-12-11T19:14:37.9259368Z\u003C/Message\u003E\u003C/Error\u003E"
      ]
    },
    {
      "RequestUri": "https://REDACTED/609deccd0stageblockfromurlsourceac06e1399476072ff1f5/609deccd1stageblockfromurlsourceac06e5867428712d9f18",
      "RequestMethod": "PUT",
      "RequestHeaders": {
        "Accept": "application/xml",
        "Authorization": "Sanitized",
        "Content-Length": "7",
        "Content-Type": "application/octet-stream",
        "Date": "Mon, 11 Dec 2023 19:14:34 GMT",
        "User-Agent": "azsdk-java-azure-storage-blob/12.26.0-beta.1 (17.0.8; Windows 11; 10.0)",
        "x-ms-blob-type": "BlockBlob",
        "x-ms-client-request-id": "59148ac0-ba61-4bed-9fa0-831226c457af",
        "x-ms-version": "2024-02-04"
      },
      "RequestBody": "ZGVmYXVsdA==",
      "StatusCode": 201,
      "ResponseHeaders": {
        "Content-Length": "0",
        "Content-MD5": "wh\u002BWm18D0z1D4E\u002BPE252gg==",
        "Date": "Mon, 11 Dec 2023 19:14:37 GMT",
        "ETag": "\u00220x8DBFA7D6B3CC6B1\u0022",
        "Last-Modified": "Mon, 11 Dec 2023 19:14:38 GMT",
        "Server": [
          "Windows-Azure-Blob/1.0",
          "Microsoft-HTTPAPI/2.0"
        ],
        "x-ms-client-request-id": "59148ac0-ba61-4bed-9fa0-831226c457af",
        "x-ms-content-crc64": "6RYQPwaVsyQ=",
        "x-ms-request-id": "20f04908-f01e-0007-1766-2cfb05000000",
        "x-ms-request-server-encrypted": "true",
        "x-ms-version": "2024-02-04"
      },
      "ResponseBody": null
    },
    {
      "RequestUri": "https://REDACTED/609deccd0stageblockfromurlsourceac06e1399476072ff1f5/609deccd2stageblockfromurlsourceac06e551785b7b99c50e",
      "RequestMethod": "PUT",
      "RequestHeaders": {
        "Accept": "application/xml",
        "Authorization": "Sanitized",
        "Content-Length": "7",
        "Content-Type": "application/octet-stream",
        "Date": "Mon, 11 Dec 2023 19:14:34 GMT",
        "User-Agent": "azsdk-java-azure-storage-blob/12.26.0-beta.1 (17.0.8; Windows 11; 10.0)",
        "x-ms-blob-type": "BlockBlob",
        "x-ms-client-request-id": "1d16cb4a-3225-410a-ae2a-9ee0c359cdcd",
        "x-ms-version": "2024-02-04"
      },
      "RequestBody": "ZGVmYXVsdA==",
      "StatusCode": 201,
      "ResponseHeaders": {
        "Content-Length": "0",
        "Content-MD5": "wh\u002BWm18D0z1D4E\u002BPE252gg==",
        "Date": "Mon, 11 Dec 2023 19:14:38 GMT",
        "ETag": "\u00220x8DBFA7D6B49E42A\u0022",
        "Last-Modified": "Mon, 11 Dec 2023 19:14:38 GMT",
        "Server": [
          "Windows-Azure-Blob/1.0",
          "Microsoft-HTTPAPI/2.0"
        ],
        "x-ms-client-request-id": "1d16cb4a-3225-410a-ae2a-9ee0c359cdcd",
        "x-ms-content-crc64": "6RYQPwaVsyQ=",
        "x-ms-request-id": "20f049be-f01e-0007-4366-2cfb05000000",
        "x-ms-request-server-encrypted": "true",
        "x-ms-version": "2024-02-04"
      },
      "ResponseBody": null
    },
    {
      "RequestUri": "https://REDACTED/609deccd0stageblockfromurlsourceac06e1399476072ff1f5?restype=container\u0026comp=acl",
      "RequestMethod": "PUT",
      "RequestHeaders": {
        "Accept": "application/xml",
        "Authorization": "Sanitized",
        "Content-Length": "58",
        "Content-Type": "application/xml",
        "Date": "Mon, 11 Dec 2023 19:14:34 GMT",
        "User-Agent": "azsdk-java-azure-storage-blob/12.26.0-beta.1 (17.0.8; Windows 11; 10.0)",
        "x-ms-blob-public-access": "container",
        "x-ms-client-request-id": "58a0dc59-e324-4833-a2b4-c3506ddfada3",
        "x-ms-version": "2024-02-04"
      },
      "RequestBody": "\u003C?xml version=\u00271.0\u0027 encoding=\u0027UTF-8\u0027?\u003E\u003CSignedIdentifiers/\u003E",
      "StatusCode": 200,
      "ResponseHeaders": {
        "Content-Length": "0",
        "Date": "Mon, 11 Dec 2023 19:14:38 GMT",
        "ETag": "\u00220x8DBFA7D6B564631\u0022",
        "Last-Modified": "Mon, 11 Dec 2023 19:14:38 GMT",
        "Server": [
          "Windows-Azure-Blob/1.0",
          "Microsoft-HTTPAPI/2.0"
        ],
        "x-ms-client-request-id": "58a0dc59-e324-4833-a2b4-c3506ddfada3",
        "x-ms-request-id": "20f04a6c-f01e-0007-6466-2cfb05000000",
        "x-ms-version": "2024-02-04"
      },
      "ResponseBody": null
    },
    {
      "RequestUri": "https://REDACTED/609deccd0stageblockfromurlsourceac06e1399476072ff1f5/609deccd3stageblockfromurlsourceac06e0825699e3c19e52",
      "RequestMethod": "PUT",
      "RequestHeaders": {
        "Accept": "application/xml",
        "Authorization": "Sanitized",
        "Content-Length": "7",
        "Content-Type": "application/octet-stream",
        "Date": "Mon, 11 Dec 2023 19:14:34 GMT",
        "If-None-Match": "*",
        "User-Agent": "azsdk-java-azure-storage-blob/12.26.0-beta.1 (17.0.8; Windows 11; 10.0)",
        "x-ms-blob-type": "BlockBlob",
        "x-ms-client-request-id": "df832cac-2d3b-442b-9a16-f634c16f1b42",
        "x-ms-version": "2024-02-04"
      },
      "RequestBody": "ZGVmYXVsdA==",
      "StatusCode": 201,
      "ResponseHeaders": {
        "Content-Length": "0",
        "Content-MD5": "wh\u002BWm18D0z1D4E\u002BPE252gg==",
        "Date": "Mon, 11 Dec 2023 19:14:38 GMT",
        "ETag": "\u00220x8DBFA7D6B6334E2\u0022",
        "Last-Modified": "Mon, 11 Dec 2023 19:14:38 GMT",
        "Server": [
          "Windows-Azure-Blob/1.0",
          "Microsoft-HTTPAPI/2.0"
        ],
        "x-ms-client-request-id": "df832cac-2d3b-442b-9a16-f634c16f1b42",
        "x-ms-content-crc64": "6RYQPwaVsyQ=",
        "x-ms-request-id": "20f04b08-f01e-0007-7566-2cfb05000000",
        "x-ms-request-server-encrypted": "true",
        "x-ms-version": "2024-02-04"
      },
      "ResponseBody": null
    },
    {
      "RequestUri": "https://REDACTED/609deccd0stageblockfromurlsourceac06e1399476072ff1f5/609deccd1stageblockfromurlsourceac06e5867428712d9f18?comp=block\u0026blockid=Y2RlZjgxYjctNGJjNS00Njg0LTkyNGEtOGQyZjVlZTY3NmZi",
      "RequestMethod": "PUT",
      "RequestHeaders": {
        "Accept": "application/xml",
        "Authorization": "Sanitized",
        "Content-Length": "0",
        "Date": "Mon, 11 Dec 2023 19:14:34 GMT",
        "User-Agent": "azsdk-java-azure-storage-blob/12.26.0-beta.1 (17.0.8; Windows 11; 10.0)",
        "x-ms-client-request-id": "869563a9-034e-4845-a74f-44546c8dd489",
        "x-ms-copy-source": "https://REDACTED/609deccd0stageblockfromurlsourceac06e1399476072ff1f5/609deccd3stageblockfromurlsourceac06e0825699e3c19e52",
        "x-ms-source-if-modified-since": "Sun, 10 Dec 2023 19:09:04 GMT",
        "x-ms-version": "2024-02-04"
      },
      "RequestBody": null,
      "StatusCode": 201,
      "ResponseHeaders": {
        "Content-Length": "0",
        "Date": "Mon, 11 Dec 2023 19:14:38 GMT",
        "Server": [
          "Windows-Azure-Blob/1.0",
          "Microsoft-HTTPAPI/2.0"
        ],
        "x-ms-client-request-id": "869563a9-034e-4845-a74f-44546c8dd489",
        "x-ms-content-crc64": "6RYQPwaVsyQ=",
        "x-ms-request-id": "20f04bc1-f01e-0007-2866-2cfb05000000",
        "x-ms-request-server-encrypted": "true",
        "x-ms-version": "2024-02-04"
      },
      "ResponseBody": null
    }
  ],
  "Variables": {
    "0": "609deccd0stageblockfromurlsourceac06e1399476072ff1f5",
    "1": "609deccd1stageblockfromurlsourceac06e5867428712d9f18",
    "2": "609deccd2stageblockfromurlsourceac06e551785b7b99c50e",
    "3": "cdef81b7-4bc5-4684-924a-8d2f5ee676fb",
    "4": "609deccd3stageblockfromurlsourceac06e0825699e3c19e52"
  }
}
