{
  "Entries": [
    {
      "RequestUri": "https://REDACTED/68735ac60stageblockminwithbinarydatafromfluxc9c52478d7204?restype=container",
      "RequestMethod": "PUT",
      "RequestHeaders": {
        "Accept": "application/xml",
        "Authorization": "Sanitized",
        "Content-Length": "0",
        "Date": "Thu, 29 Aug 2024 21:59:50 GMT",
        "User-Agent": "azsdk-java-azure-storage-blob/12.28.0-beta.2 (17.0.12; Windows 11; 10.0)",
        "x-ms-client-request-id": "Sanitized",
        "x-ms-version": "2024-11-04"
      },
      "RequestBody": null,
      "StatusCode": 201,
      "ResponseHeaders": {
        "Content-Length": "0",
        "Date": "Thu, 29 Aug 2024 22:00:00 GMT",
        "ETag": "\"0x8DCC875EDADD228\"",
        "Last-Modified": "Thu, 29 Aug 2024 22:00:00 GMT",
        "Server": [
          "Windows-Azure-Blob/1.0",
          "Microsoft-HTTPAPI/2.0"
        ],
        "x-ms-client-request-id": "Sanitized",
        "x-ms-request-id": "Sanitized",
        "x-ms-version": "2024-11-04"
      },
      "ResponseBody": null
    },
    {
      "RequestUri": "https://REDACTED/68735ac60stageblockminwithbinarydatafromfluxc9c52478d7204?restype=container",
      "RequestMethod": "PUT",
      "RequestHeaders": {
        "Accept": "application/xml",
        "Authorization": "Sanitized",
        "Content-Length": "0",
        "Date": "Thu, 29 Aug 2024 21:59:50 GMT",
        "User-Agent": "azsdk-java-azure-storage-blob/12.28.0-beta.2 (17.0.12; Windows 11; 10.0)",
        "x-ms-client-request-id": "Sanitized",
        "x-ms-version": "2024-11-04"
      },
      "RequestBody": null,
      "StatusCode": 409,
      "ResponseHeaders": {
        "Content-Length": "230",
        "Content-Type": "application/xml",
        "Date": "Thu, 29 Aug 2024 22:00:00 GMT",
        "Server": [
          "Windows-Azure-Blob/1.0",
          "Microsoft-HTTPAPI/2.0"
        ],
        "x-ms-client-request-id": "Sanitized",
        "x-ms-error-code": "ContainerAlreadyExists",
        "x-ms-request-id": "Sanitized",
        "x-ms-version": "2024-11-04"
      },
      "ResponseBody": [
        "\uFEFF<?xml version=\"1.0\" encoding=\"utf-8\"?><Error><Code>ContainerAlreadyExists</Code><Message>The specified container already exists.\n",
        "RequestId:99d077d3-801e-0022-505e-fa5279000000\n",
        "Time:2024-08-29T22:00:00.5301781Z</Message></Error>"
      ]
    },
    {
      "RequestUri": "https://REDACTED/68735ac60stageblockminwithbinarydatafromfluxc9c52478d7204/68735ac61stageblockminwithbinarydatafromfluxc9c3823546558",
      "RequestMethod": "PUT",
      "RequestHeaders": {
        "Accept": "application/xml",
        "Authorization": "Sanitized",
        "Content-Length": "7",
        "Content-Type": "application/octet-stream",
        "Date": "Thu, 29 Aug 2024 21:59:51 GMT",
        "User-Agent": "azsdk-java-azure-storage-blob/12.28.0-beta.2 (17.0.12; Windows 11; 10.0)",
        "x-ms-blob-type": "BlockBlob",
        "x-ms-client-request-id": "Sanitized",
        "x-ms-version": "2024-11-04"
      },
      "RequestBody": "ZGVmYXVsdA==",
      "StatusCode": 201,
      "ResponseHeaders": {
        "Content-Length": "0",
        "Content-MD5": "wh+Wm18D0z1D4E+PE252gg==",
        "Date": "Thu, 29 Aug 2024 22:00:00 GMT",
        "ETag": "\"0x8DCC875EDD1A256\"",
        "Last-Modified": "Thu, 29 Aug 2024 22:00:00 GMT",
        "Server": [
          "Windows-Azure-Blob/1.0",
          "Microsoft-HTTPAPI/2.0"
        ],
        "x-ms-client-request-id": "Sanitized",
        "x-ms-content-crc64": "6RYQPwaVsyQ=",
        "x-ms-request-id": "Sanitized",
        "x-ms-request-server-encrypted": "true",
        "x-ms-version": "2024-11-04"
      },
      "ResponseBody": null
    },
    {
      "RequestUri": "https://REDACTED/68735ac60stageblockminwithbinarydatafromfluxc9c52478d7204/68735ac61stageblockminwithbinarydatafromfluxc9c3823546558?comp=block&blockid=OTAxM2UyMWUtNzI0OC00NmNiLTlmYjMtNmE4ZTg0NmNjOTk3",
      "RequestMethod": "PUT",
      "RequestHeaders": {
        "Accept": "application/xml",
        "Authorization": "Sanitized",
        "Content-Length": "7",
        "Content-Type": "application/octet-stream",
        "Date": "Thu, 29 Aug 2024 21:59:51 GMT",
        "User-Agent": "azsdk-java-azure-storage-blob/12.28.0-beta.2 (17.0.12; Windows 11; 10.0)",
        "x-ms-client-request-id": "Sanitized",
        "x-ms-version": "2024-11-04"
      },
      "RequestBody": "ZGVmYXVsdA==",
      "StatusCode": 201,
      "ResponseHeaders": {
        "Content-Length": "0",
        "Date": "Thu, 29 Aug 2024 22:00:00 GMT",
        "Server": [
          "Windows-Azure-Blob/1.0",
          "Microsoft-HTTPAPI/2.0"
        ],
        "x-ms-client-request-id": "Sanitized",
        "x-ms-content-crc64": "6RYQPwaVsyQ=",
        "x-ms-request-id": "Sanitized",
        "x-ms-request-server-encrypted": "true",
        "x-ms-version": "2024-11-04"
      },
      "ResponseBody": null
    },
    {
      "RequestUri": "https://REDACTED/68735ac60stageblockminwithbinarydatafromfluxc9c52478d7204/68735ac61stageblockminwithbinarydatafromfluxc9c3823546558?comp=blocklist&blocklisttype=all",
      "RequestMethod": "GET",
      "RequestHeaders": {
        "Accept": "application/xml",
        "Authorization": "Sanitized",
        "Content-Length": "0",
        "Date": "Thu, 29 Aug 2024 21:59:51 GMT",
        "User-Agent": "azsdk-java-azure-storage-blob/12.28.0-beta.2 (17.0.12; Windows 11; 10.0)",
        "x-ms-client-request-id": "Sanitized",
        "x-ms-version": "2024-11-04"
      },
      "RequestBody": null,
      "StatusCode": 200,
      "ResponseHeaders": {
        "Content-Type": "application/xml",
        "Date": "Thu, 29 Aug 2024 22:00:00 GMT",
        "ETag": "\"0x8DCC875EDD1A256\"",
        "Last-Modified": "Thu, 29 Aug 2024 22:00:00 GMT",
        "Server": [
          "Windows-Azure-Blob/1.0",
          "Microsoft-HTTPAPI/2.0"
        ],
        "Transfer-Encoding": "chunked",
        "x-ms-blob-content-length": "7",
        "x-ms-client-request-id": "Sanitized",
        "x-ms-request-id": "Sanitized",
        "x-ms-version": "2024-11-04"
      },
      "ResponseBody": "\uFEFF<?xml version=\"1.0\" encoding=\"utf-8\"?><BlockList><CommittedBlocks /><UncommittedBlocks><Block><Name>OTAxM2UyMWUtNzI0OC00NmNiLTlmYjMtNmE4ZTg0NmNjOTk3</Name><Size>7</Size></Block></UncommittedBlocks></BlockList>"
    }
  ],
  "Variables": {
    "0": "68735ac60stageblockminwithbinarydatafromfluxc9c52478d7204",
    "1": "68735ac61stageblockminwithbinarydatafromfluxc9c3823546558",
    "2": "9013e21e-7248-46cb-9fb3-6a8e846cc997"
  }
}
