{
  "Entries": [
    {
      "RequestUri": "https://REDACTED/9033aa250getblocklisttypenull7d022340d7920da869af4?restype=container",
      "RequestMethod": "PUT",
      "RequestHeaders": {
        "Accept": "application/xml",
        "Authorization": "Sanitized",
        "Content-Length": "0",
        "Date": "Thu, 09 Nov 2023 22:39:56 GMT",
        "User-Agent": "azsdk-java-azure-storage-blob/12.25.0-beta.2 (17.0.8; Windows 11; 10.0)",
        "x-ms-client-request-id": "6bb83677-3b23-4789-8513-ed7742725074",
        "x-ms-version": "2023-11-03"
      },
      "RequestBody": null,
      "StatusCode": 201,
      "ResponseHeaders": {
        "Content-Length": "0",
        "Date": "Thu, 09 Nov 2023 22:39:56 GMT",
        "ETag": "\u00220x8DBE174CCA719D0\u0022",
        "Last-Modified": "Thu, 09 Nov 2023 22:39:56 GMT",
        "Server": [
          "Windows-Azure-Blob/1.0",
          "Microsoft-HTTPAPI/2.0"
        ],
        "x-ms-client-request-id": "6bb83677-3b23-4789-8513-ed7742725074",
        "x-ms-request-id": "fe864922-501e-001e-1f5d-137bbe000000",
        "x-ms-version": "2023-11-03"
      },
      "ResponseBody": null
    },
    {
      "RequestUri": "https://REDACTED/9033aa250getblocklisttypenull7d022340d7920da869af4/9033aa251getblocklisttypenull7d019026fcc512a17f1c4",
      "RequestMethod": "PUT",
      "RequestHeaders": {
        "Accept": "application/xml",
        "Authorization": "Sanitized",
        "Content-Length": "7",
        "Content-Type": "application/octet-stream",
        "Date": "Thu, 09 Nov 2023 22:39:56 GMT",
        "User-Agent": "azsdk-java-azure-storage-blob/12.25.0-beta.2 (17.0.8; Windows 11; 10.0)",
        "x-ms-blob-type": "BlockBlob",
        "x-ms-client-request-id": "2f8d3404-cec7-4a5a-ac89-b4947471151c",
        "x-ms-version": "2023-11-03"
      },
      "RequestBody": "ZGVmYXVsdA==",
      "StatusCode": 201,
      "ResponseHeaders": {
        "Content-Length": "0",
        "Content-MD5": "wh\u002BWm18D0z1D4E\u002BPE252gg==",
        "Date": "Thu, 09 Nov 2023 22:39:56 GMT",
        "ETag": "\u00220x8DBE174CCE175C1\u0022",
        "Last-Modified": "Thu, 09 Nov 2023 22:39:57 GMT",
        "Server": [
          "Windows-Azure-Blob/1.0",
          "Microsoft-HTTPAPI/2.0"
        ],
        "x-ms-client-request-id": "2f8d3404-cec7-4a5a-ac89-b4947471151c",
        "x-ms-content-crc64": "6RYQPwaVsyQ=",
        "x-ms-request-id": "bb9c8b21-d01e-00a9-0c5d-135614000000",
        "x-ms-request-server-encrypted": "true",
        "x-ms-version": "2023-11-03"
      },
      "ResponseBody": null
    },
    {
      "RequestUri": "https://REDACTED/9033aa250getblocklisttypenull7d022340d7920da869af4/9033aa251getblocklisttypenull7d019026fcc512a17f1c4?comp=blocklist",
      "RequestMethod": "GET",
      "RequestHeaders": {
        "Accept": "application/xml",
        "Authorization": "Sanitized",
        "Content-Length": "0",
        "Date": "Thu, 09 Nov 2023 22:39:57 GMT",
        "User-Agent": "azsdk-java-azure-storage-blob/12.25.0-beta.2 (17.0.8; Windows 11; 10.0)",
        "x-ms-client-request-id": "202fde52-b17c-4613-9ec4-e1091938bfc4",
        "x-ms-version": "2023-11-03"
      },
      "RequestBody": null,
      "StatusCode": 200,
      "ResponseHeaders": {
        "Access-Control-Allow-Origin": "*",
        "Access-Control-Expose-Headers": "x-ms-client-request-id",
        "Content-Type": "application/xml",
        "Date": "Thu, 09 Nov 2023 22:39:56 GMT",
        "ETag": "\u00220x8DBE174CCE175C1\u0022",
        "Last-Modified": "Thu, 09 Nov 2023 22:39:57 GMT",
        "Server": [
          "Windows-Azure-Blob/1.0",
          "Microsoft-HTTPAPI/2.0"
        ],
        "Transfer-Encoding": "chunked",
        "x-ms-blob-content-length": "7",
        "x-ms-client-request-id": "202fde52-b17c-4613-9ec4-e1091938bfc4",
        "x-ms-request-id": "bb9c8ce9-d01e-00a9-435d-135614000000",
        "x-ms-version": "2023-11-03"
      },
      "ResponseBody": "\uFEFF\u003C?xml version=\u00221.0\u0022 encoding=\u0022utf-8\u0022?\u003E\u003CBlockList\u003E\u003CCommittedBlocks /\u003E\u003C/BlockList\u003E"
    }
  ],
  "Variables": {
    "0": "9033aa250getblocklisttypenull7d022340d7920da869af4",
    "1": "9033aa251getblocklisttypenull7d019026fcc512a17f1c4"
  }
}
