{
  "Entries": [
    {
      "RequestUri": "https://REDACTED/658b4ee50uploadac322509340a2bbf7aa53c4b7ba7d?restype=container",
      "RequestMethod": "PUT",
      "RequestHeaders": {
        "Accept": "application/xml",
        "Authorization": "Sanitized",
        "Content-Length": "0",
        "Date": "Mon, 04 Dec 2023 20:55:14 GMT",
        "User-Agent": "azsdk-java-azure-storage-blob/12.26.0-beta.1 (17.0.8; Windows 11; 10.0)",
        "x-ms-client-request-id": "ae12bc70-a6ff-4261-8474-abde951de079",
        "x-ms-version": "2024-02-04"
      },
      "RequestBody": null,
      "StatusCode": 201,
      "ResponseHeaders": {
        "Content-Length": "0",
        "Date": "Mon, 04 Dec 2023 20:55:15 GMT",
        "ETag": "\u00220x8DBF50B511A8CD0\u0022",
        "Last-Modified": "Mon, 04 Dec 2023 20:55:15 GMT",
        "Server": [
          "Windows-Azure-Blob/1.0",
          "Microsoft-HTTPAPI/2.0"
        ],
        "x-ms-client-request-id": "ae12bc70-a6ff-4261-8474-abde951de079",
        "x-ms-request-id": "619e8ac3-501e-0041-4ff4-26c966000000",
        "x-ms-version": "2024-02-04"
      },
      "ResponseBody": null
    },
    {
      "RequestUri": "https://REDACTED/658b4ee50uploadac322509340a2bbf7aa53c4b7ba7d?restype=container",
      "RequestMethod": "PUT",
      "RequestHeaders": {
        "Accept": "application/xml",
        "Authorization": "Sanitized",
        "Content-Length": "0",
        "Date": "Mon, 04 Dec 2023 20:55:14 GMT",
        "User-Agent": "azsdk-java-azure-storage-blob/12.26.0-beta.1 (17.0.8; Windows 11; 10.0)",
        "x-ms-client-request-id": "54cbf16f-3a7d-4b67-a1c2-88d9ce873353",
        "x-ms-version": "2024-02-04"
      },
      "RequestBody": null,
      "StatusCode": 409,
      "ResponseHeaders": {
        "Content-Length": "230",
        "Content-Type": "application/xml",
        "Date": "Mon, 04 Dec 2023 20:55:15 GMT",
        "Server": [
          "Windows-Azure-Blob/1.0",
          "Microsoft-HTTPAPI/2.0"
        ],
        "x-ms-client-request-id": "54cbf16f-3a7d-4b67-a1c2-88d9ce873353",
        "x-ms-error-code": "ContainerAlreadyExists",
        "x-ms-request-id": "619e8b29-501e-0041-7bf4-26c966000000",
        "x-ms-version": "2024-02-04"
      },
      "ResponseBody": [
        "\uFEFF\u003C?xml version=\u00221.0\u0022 encoding=\u0022utf-8\u0022?\u003E\u003CError\u003E\u003CCode\u003EContainerAlreadyExists\u003C/Code\u003E\u003CMessage\u003EThe specified container already exists.\n",
        "RequestId:619e8b29-501e-0041-7bf4-26c966000000\n",
        "Time:2023-12-04T20:55:15.7976551Z\u003C/Message\u003E\u003C/Error\u003E"
      ]
    },
    {
      "RequestUri": "https://REDACTED/658b4ee50uploadac322509340a2bbf7aa53c4b7ba7d/658b4ee51uploadac3225363121312f71adb64de28eb",
      "RequestMethod": "PUT",
      "RequestHeaders": {
        "Accept": "application/xml",
        "Authorization": "Sanitized",
        "Content-Length": "7",
        "Content-Type": "application/octet-stream",
        "Date": "Mon, 04 Dec 2023 20:55:15 GMT",
        "User-Agent": "azsdk-java-azure-storage-blob/12.26.0-beta.1 (17.0.8; Windows 11; 10.0)",
        "x-ms-blob-type": "BlockBlob",
        "x-ms-client-request-id": "8cdaecdd-822c-4fb8-9f46-ea7d50f58f81",
        "x-ms-version": "2024-02-04"
      },
      "RequestBody": "ZGVmYXVsdA==",
      "StatusCode": 201,
      "ResponseHeaders": {
        "Content-Length": "0",
        "Content-MD5": "wh\u002BWm18D0z1D4E\u002BPE252gg==",
        "Date": "Mon, 04 Dec 2023 20:55:15 GMT",
        "ETag": "\u00220x8DBF50B51320F82\u0022",
        "Last-Modified": "Mon, 04 Dec 2023 20:55:15 GMT",
        "Server": [
          "Windows-Azure-Blob/1.0",
          "Microsoft-HTTPAPI/2.0"
        ],
        "x-ms-client-request-id": "8cdaecdd-822c-4fb8-9f46-ea7d50f58f81",
        "x-ms-content-crc64": "6RYQPwaVsyQ=",
        "x-ms-request-id": "7eb5c942-901e-003c-49f4-26b845000000",
        "x-ms-request-server-encrypted": "true",
        "x-ms-version": "2024-02-04",
        "x-ms-version-id": "2023-12-04T20:55:15.8747793Z"
      },
      "ResponseBody": null
    },
    {
      "RequestUri": "https://REDACTED/658b4ee50uploadac322509340a2bbf7aa53c4b7ba7d/658b4ee51uploadac3225363121312f71adb64de28eb?comp=tags",
      "RequestMethod": "PUT",
      "RequestHeaders": {
        "Accept": "application/xml",
        "Authorization": "Sanitized",
        "Content-Length": "111",
        "Content-Type": "application/xml",
        "Date": "Mon, 04 Dec 2023 20:55:15 GMT",
        "User-Agent": "azsdk-java-azure-storage-blob/12.26.0-beta.1 (17.0.8; Windows 11; 10.0)",
        "x-ms-client-request-id": "397af764-8eac-4e32-b214-fbb6b3a7d0bb",
        "x-ms-version": "2024-02-04"
      },
      "RequestBody": "\u003C?xml version=\u00271.0\u0027 encoding=\u0027UTF-8\u0027?\u003E\u003CTags\u003E\u003CTagSet\u003E\u003CTag\u003E\u003CKey\u003Efoo\u003C/Key\u003E\u003CValue\u003Ebar\u003C/Value\u003E\u003C/Tag\u003E\u003C/TagSet\u003E\u003C/Tags\u003E",
      "StatusCode": 204,
      "ResponseHeaders": {
        "Date": "Mon, 04 Dec 2023 20:55:15 GMT",
        "Server": [
          "Windows-Azure-Blob/1.0",
          "Microsoft-HTTPAPI/2.0"
        ],
        "x-ms-client-request-id": "397af764-8eac-4e32-b214-fbb6b3a7d0bb",
        "x-ms-request-id": "3bbc4f72-401e-004d-10f4-265e6e000000",
        "x-ms-version": "2024-02-04"
      },
      "ResponseBody": null
    },
    {
      "RequestUri": "https://REDACTED/658b4ee50uploadac322509340a2bbf7aa53c4b7ba7d/658b4ee51uploadac3225363121312f71adb64de28eb",
      "RequestMethod": "PUT",
      "RequestHeaders": {
        "Accept": "application/xml",
        "Authorization": "Sanitized",
        "Content-Length": "7",
        "Content-Type": "application/octet-stream",
        "Date": "Mon, 04 Dec 2023 20:55:15 GMT",
        "User-Agent": "azsdk-java-azure-storage-blob/12.26.0-beta.1 (17.0.8; Windows 11; 10.0)",
        "x-ms-blob-type": "BlockBlob",
        "x-ms-client-request-id": "77952565-44c9-4c3e-8288-fa97d722d288",
        "x-ms-if-tags": "\u0022foo\u0022 = \u0027bar\u0027",
        "x-ms-version": "2024-02-04"
      },
      "RequestBody": "ZGVmYXVsdA==",
      "StatusCode": 201,
      "ResponseHeaders": {
        "Content-Length": "0",
        "Content-MD5": "wh\u002BWm18D0z1D4E\u002BPE252gg==",
        "Date": "Mon, 04 Dec 2023 20:55:15 GMT",
        "ETag": "\u00220x8DBF50B514A27E1\u0022",
        "Last-Modified": "Mon, 04 Dec 2023 20:55:16 GMT",
        "Server": [
          "Windows-Azure-Blob/1.0",
          "Microsoft-HTTPAPI/2.0"
        ],
        "x-ms-client-request-id": "77952565-44c9-4c3e-8288-fa97d722d288",
        "x-ms-content-crc64": "6RYQPwaVsyQ=",
        "x-ms-request-id": "3bbc4fe6-401e-004d-4df4-265e6e000000",
        "x-ms-request-server-encrypted": "true",
        "x-ms-version": "2024-02-04",
        "x-ms-version-id": "2023-12-04T20:55:16.0336887Z"
      },
      "ResponseBody": null
    }
  ],
  "Variables": {
    "0": "658b4ee50uploadac322509340a2bbf7aa53c4b7ba7d",
    "1": "658b4ee51uploadac3225363121312f71adb64de28eb"
  }
}
