{
  "Entries": [
    {
      "RequestUri": "https://REDACTED/f8a840d30stageblockminwithbinarydata8d743267ba2686652?restype=container",
      "RequestMethod": "PUT",
      "RequestHeaders": {
        "Accept": "application/xml",
        "Authorization": "Sanitized",
        "Content-Length": "0",
        "Date": "Mon, 11 Dec 2023 23:29:42 GMT",
        "User-Agent": "azsdk-java-azure-storage-blob/12.26.0-beta.1 (17.0.8; Windows 11; 10.0)",
        "x-ms-client-request-id": "c664874c-09a8-4d33-88d4-cf98e2225334",
        "x-ms-version": "2024-02-04"
      },
      "RequestBody": null,
      "StatusCode": 201,
      "ResponseHeaders": {
        "Content-Length": "0",
        "Date": "Mon, 11 Dec 2023 23:29:46 GMT",
        "ETag": "\u00220x8DBFAA10FD17158\u0022",
        "Last-Modified": "Mon, 11 Dec 2023 23:29:46 GMT",
        "Server": [
          "Windows-Azure-Blob/1.0",
          "Microsoft-HTTPAPI/2.0"
        ],
        "x-ms-client-request-id": "c664874c-09a8-4d33-88d4-cf98e2225334",
        "x-ms-request-id": "c2c67ce2-901e-00a8-4b89-2c09c8000000",
        "x-ms-version": "2024-02-04"
      },
      "ResponseBody": null
    },
    {
      "RequestUri": "https://REDACTED/f8a840d30stageblockminwithbinarydata8d743267ba2686652?restype=container",
      "RequestMethod": "PUT",
      "RequestHeaders": {
        "Accept": "application/xml",
        "Authorization": "Sanitized",
        "Content-Length": "0",
        "Date": "Mon, 11 Dec 2023 23:29:42 GMT",
        "User-Agent": "azsdk-java-azure-storage-blob/12.26.0-beta.1 (17.0.8; Windows 11; 10.0)",
        "x-ms-client-request-id": "77e97db9-be26-4684-b938-fbe1ca46c7be",
        "x-ms-version": "2024-02-04"
      },
      "RequestBody": null,
      "StatusCode": 409,
      "ResponseHeaders": {
        "Content-Length": "230",
        "Content-Type": "application/xml",
        "Date": "Mon, 11 Dec 2023 23:29:45 GMT",
        "Server": [
          "Windows-Azure-Blob/1.0",
          "Microsoft-HTTPAPI/2.0"
        ],
        "x-ms-client-request-id": "77e97db9-be26-4684-b938-fbe1ca46c7be",
        "x-ms-error-code": "ContainerAlreadyExists",
        "x-ms-request-id": "0d065d91-001e-0071-5e89-2c714d000000",
        "x-ms-version": "2024-02-04"
      },
      "ResponseBody": [
        "\uFEFF\u003C?xml version=\u00221.0\u0022 encoding=\u0022utf-8\u0022?\u003E\u003CError\u003E\u003CCode\u003EContainerAlreadyExists\u003C/Code\u003E\u003CMessage\u003EThe specified container already exists.\n",
        "RequestId:0d065d91-001e-0071-5e89-2c714d000000\n",
        "Time:2023-12-11T23:29:46.6015150Z\u003C/Message\u003E\u003C/Error\u003E"
      ]
    },
    {
      "RequestUri": "https://REDACTED/f8a840d30stageblockminwithbinarydata8d743267ba2686652/f8a840d31stageblockminwithbinarydata8d752247e8511696a",
      "RequestMethod": "PUT",
      "RequestHeaders": {
        "Accept": "application/xml",
        "Authorization": "Sanitized",
        "Content-Length": "7",
        "Content-Type": "application/octet-stream",
        "Date": "Mon, 11 Dec 2023 23:29:42 GMT",
        "User-Agent": "azsdk-java-azure-storage-blob/12.26.0-beta.1 (17.0.8; Windows 11; 10.0)",
        "x-ms-blob-type": "BlockBlob",
        "x-ms-client-request-id": "14ca6105-0026-49b5-8ba6-c21bfe3a3c0d",
        "x-ms-version": "2024-02-04"
      },
      "RequestBody": "ZGVmYXVsdA==",
      "StatusCode": 201,
      "ResponseHeaders": {
        "Content-Length": "0",
        "Content-MD5": "wh\u002BWm18D0z1D4E\u002BPE252gg==",
        "Date": "Mon, 11 Dec 2023 23:29:45 GMT",
        "ETag": "\u00220x8DBFAA10FEBB44C\u0022",
        "Last-Modified": "Mon, 11 Dec 2023 23:29:46 GMT",
        "Server": [
          "Windows-Azure-Blob/1.0",
          "Microsoft-HTTPAPI/2.0"
        ],
        "x-ms-client-request-id": "14ca6105-0026-49b5-8ba6-c21bfe3a3c0d",
        "x-ms-content-crc64": "6RYQPwaVsyQ=",
        "x-ms-request-id": "0d065df0-001e-0071-3a89-2c714d000000",
        "x-ms-request-server-encrypted": "true",
        "x-ms-version": "2024-02-04"
      },
      "ResponseBody": null
    },
    {
      "RequestUri": "https://REDACTED/f8a840d30stageblockminwithbinarydata8d743267ba2686652/f8a840d31stageblockminwithbinarydata8d752247e8511696a?comp=block\u0026blockid=ZGIxMjI2MzQtYWQ5OC00ZTE4LTkxMDgtNDIwNWIxMTdjZTFk",
      "RequestMethod": "PUT",
      "RequestHeaders": {
        "Accept": "application/xml",
        "Authorization": "Sanitized",
        "Content-Length": "7",
        "Content-Type": "application/octet-stream",
        "Date": "Mon, 11 Dec 2023 23:29:42 GMT",
        "User-Agent": "azsdk-java-azure-storage-blob/12.26.0-beta.1 (17.0.8; Windows 11; 10.0)",
        "x-ms-client-request-id": "70e3f6cf-7642-4570-920d-989e23c55659",
        "x-ms-version": "2024-02-04"
      },
      "RequestBody": "ZGVmYXVsdA==",
      "StatusCode": 201,
      "ResponseHeaders": {
        "Content-Length": "0",
        "Date": "Mon, 11 Dec 2023 23:29:45 GMT",
        "Server": [
          "Windows-Azure-Blob/1.0",
          "Microsoft-HTTPAPI/2.0"
        ],
        "x-ms-client-request-id": "70e3f6cf-7642-4570-920d-989e23c55659",
        "x-ms-content-crc64": "6RYQPwaVsyQ=",
        "x-ms-request-id": "0d065e8d-001e-0071-4889-2c714d000000",
        "x-ms-request-server-encrypted": "true",
        "x-ms-version": "2024-02-04"
      },
      "ResponseBody": null
    },
    {
      "RequestUri": "https://REDACTED/f8a840d30stageblockminwithbinarydata8d743267ba2686652/f8a840d31stageblockminwithbinarydata8d752247e8511696a?comp=blocklist\u0026blocklisttype=all",
      "RequestMethod": "GET",
      "RequestHeaders": {
        "Accept": "application/xml",
        "Authorization": "Sanitized",
        "Content-Length": "0",
        "Date": "Mon, 11 Dec 2023 23:29:42 GMT",
        "User-Agent": "azsdk-java-azure-storage-blob/12.26.0-beta.1 (17.0.8; Windows 11; 10.0)",
        "x-ms-client-request-id": "004e7d95-cb3f-4ec1-92cf-cd2c45d100f9",
        "x-ms-version": "2024-02-04"
      },
      "RequestBody": null,
      "StatusCode": 200,
      "ResponseHeaders": {
        "Content-Type": "application/xml",
        "Date": "Mon, 11 Dec 2023 23:29:46 GMT",
        "ETag": "\u00220x8DBFAA10FEBB44C\u0022",
        "Last-Modified": "Mon, 11 Dec 2023 23:29:46 GMT",
        "Server": [
          "Windows-Azure-Blob/1.0",
          "Microsoft-HTTPAPI/2.0"
        ],
        "Transfer-Encoding": "chunked",
        "x-ms-blob-content-length": "7",
        "x-ms-client-request-id": "004e7d95-cb3f-4ec1-92cf-cd2c45d100f9",
        "x-ms-request-id": "0d065f18-001e-0071-4389-2c714d000000",
        "x-ms-version": "2024-02-04"
      },
      "ResponseBody": "\uFEFF\u003C?xml version=\u00221.0\u0022 encoding=\u0022utf-8\u0022?\u003E\u003CBlockList\u003E\u003CCommittedBlocks /\u003E\u003CUncommittedBlocks\u003E\u003CBlock\u003E\u003CName\u003EZGIxMjI2MzQtYWQ5OC00ZTE4LTkxMDgtNDIwNWIxMTdjZTFk\u003C/Name\u003E\u003CSize\u003E7\u003C/Size\u003E\u003C/Block\u003E\u003C/UncommittedBlocks\u003E\u003C/BlockList\u003E"
    }
  ],
  "Variables": {
    "0": "f8a840d30stageblockminwithbinarydata8d743267ba2686652",
    "1": "f8a840d31stageblockminwithbinarydata8d752247e8511696a",
    "2": "f8a840d32stageblockminwithbinarydata8d7032175ee89390f",
    "3": "db122634-ad98-4e18-9108-4205b117ce1d"
  }
}
