{
  "Entries": [
    {
      "RequestUri": "https://REDACTED/eb147d0b0commitblocklistac8d1439431d39d8f0813c4c?restype=container",
      "RequestMethod": "PUT",
      "RequestHeaders": {
        "Accept": "application/xml",
        "Authorization": "Sanitized",
        "Content-Length": "0",
        "Date": "Thu, 29 Aug 2024 21:59:57 GMT",
        "User-Agent": "azsdk-java-azure-storage-blob/12.28.0-beta.2 (17.0.12; Windows 11; 10.0)",
        "x-ms-client-request-id": "Sanitized",
        "x-ms-version": "2024-11-04"
      },
      "RequestBody": null,
      "StatusCode": 201,
      "ResponseHeaders": {
        "Content-Length": "0",
        "Date": "Thu, 29 Aug 2024 22:00:07 GMT",
        "ETag": "\"0x8DCC875F1E9B165\"",
        "Last-Modified": "Thu, 29 Aug 2024 22:00:07 GMT",
        "Server": [
          "Windows-Azure-Blob/1.0",
          "Microsoft-HTTPAPI/2.0"
        ],
        "x-ms-client-request-id": "Sanitized",
        "x-ms-request-id": "Sanitized",
        "x-ms-version": "2024-11-04"
      },
      "ResponseBody": null
    },
    {
      "RequestUri": "https://REDACTED/eb147d0b0commitblocklistac8d1439431d39d8f0813c4c?restype=container",
      "RequestMethod": "PUT",
      "RequestHeaders": {
        "Accept": "application/xml",
        "Authorization": "Sanitized",
        "Content-Length": "0",
        "Date": "Thu, 29 Aug 2024 21:59:58 GMT",
        "User-Agent": "azsdk-java-azure-storage-blob/12.28.0-beta.2 (17.0.12; Windows 11; 10.0)",
        "x-ms-client-request-id": "Sanitized",
        "x-ms-version": "2024-11-04"
      },
      "RequestBody": null,
      "StatusCode": 409,
      "ResponseHeaders": {
        "Content-Length": "230",
        "Content-Type": "application/xml",
        "Date": "Thu, 29 Aug 2024 22:00:06 GMT",
        "Server": [
          "Windows-Azure-Blob/1.0",
          "Microsoft-HTTPAPI/2.0"
        ],
        "x-ms-client-request-id": "Sanitized",
        "x-ms-error-code": "ContainerAlreadyExists",
        "x-ms-request-id": "Sanitized",
        "x-ms-version": "2024-11-04"
      },
      "ResponseBody": [
        "\uFEFF<?xml version=\"1.0\" encoding=\"utf-8\"?><Error><Code>ContainerAlreadyExists</Code><Message>The specified container already exists.\n",
        "RequestId:42bbc406-b01e-0029-255e-faa912000000\n",
        "Time:2024-08-29T22:00:07.6416779Z</Message></Error>"
      ]
    },
    {
      "RequestUri": "https://REDACTED/eb147d0b0commitblocklistac8d1439431d39d8f0813c4c/eb147d0b1commitblocklistac8d173540010b4272515f4f",
      "RequestMethod": "PUT",
      "RequestHeaders": {
        "Accept": "application/xml",
        "Authorization": "Sanitized",
        "Content-Length": "7",
        "Content-Type": "application/octet-stream",
        "Date": "Thu, 29 Aug 2024 21:59:58 GMT",
        "User-Agent": "azsdk-java-azure-storage-blob/12.28.0-beta.2 (17.0.12; Windows 11; 10.0)",
        "x-ms-blob-type": "BlockBlob",
        "x-ms-client-request-id": "Sanitized",
        "x-ms-version": "2024-11-04"
      },
      "RequestBody": "ZGVmYXVsdA==",
      "StatusCode": 201,
      "ResponseHeaders": {
        "Content-Length": "0",
        "Content-MD5": "wh+Wm18D0z1D4E+PE252gg==",
        "Date": "Thu, 29 Aug 2024 22:00:07 GMT",
        "ETag": "\"0x8DCC875F20DE757\"",
        "Last-Modified": "Thu, 29 Aug 2024 22:00:07 GMT",
        "Server": [
          "Windows-Azure-Blob/1.0",
          "Microsoft-HTTPAPI/2.0"
        ],
        "x-ms-client-request-id": "Sanitized",
        "x-ms-content-crc64": "6RYQPwaVsyQ=",
        "x-ms-request-id": "Sanitized",
        "x-ms-request-server-encrypted": "true",
        "x-ms-version": "2024-11-04"
      },
      "ResponseBody": null
    },
    {
      "RequestUri": "https://REDACTED/eb147d0b0commitblocklistac8d1439431d39d8f0813c4c/eb147d0b1commitblocklistac8d173540010b4272515f4f?comp=tags",
      "RequestMethod": "PUT",
      "RequestHeaders": {
        "Accept": "application/xml",
        "Authorization": "Sanitized",
        "Content-Length": "111",
        "Content-Type": "application/xml",
        "Date": "Thu, 29 Aug 2024 21:59:58 GMT",
        "User-Agent": "azsdk-java-azure-storage-blob/12.28.0-beta.2 (17.0.12; Windows 11; 10.0)",
        "x-ms-client-request-id": "Sanitized",
        "x-ms-version": "2024-11-04"
      },
      "RequestBody": "<?xml version='1.0' encoding='UTF-8'?><Tags><TagSet><Tag><Key>foo</Key><Value>bar</Value></Tag></TagSet></Tags>",
      "StatusCode": 204,
      "ResponseHeaders": {
        "Date": "Thu, 29 Aug 2024 22:00:07 GMT",
        "Server": [
          "Windows-Azure-Blob/1.0",
          "Microsoft-HTTPAPI/2.0"
        ],
        "x-ms-client-request-id": "Sanitized",
        "x-ms-request-id": "Sanitized",
        "x-ms-version": "2024-11-04"
      },
      "ResponseBody": null
    },
    {
      "RequestUri": "https://REDACTED/eb147d0b0commitblocklistac8d1439431d39d8f0813c4c/eb147d0b1commitblocklistac8d173540010b4272515f4f?comp=blocklist",
      "RequestMethod": "PUT",
      "RequestHeaders": {
        "Accept": "application/xml",
        "Authorization": "Sanitized",
        "Content-Length": "50",
        "Content-Type": "application/xml",
        "Date": "Thu, 29 Aug 2024 21:59:58 GMT",
        "If-None-Match": "garbage",
        "User-Agent": "azsdk-java-azure-storage-blob/12.28.0-beta.2 (17.0.12; Windows 11; 10.0)",
        "x-ms-client-request-id": "Sanitized",
        "x-ms-version": "2024-11-04"
      },
      "RequestBody": "<?xml version='1.0' encoding='UTF-8'?><BlockList/>",
      "StatusCode": 201,
      "ResponseHeaders": {
        "Content-Length": "0",
        "Date": "Thu, 29 Aug 2024 22:00:07 GMT",
        "ETag": "\"0x8DCC875F22C1934\"",
        "Last-Modified": "Thu, 29 Aug 2024 22:00:07 GMT",
        "Server": [
          "Windows-Azure-Blob/1.0",
          "Microsoft-HTTPAPI/2.0"
        ],
        "x-ms-client-request-id": "Sanitized",
        "x-ms-content-crc64": "p1vsGtjjPsk=",
        "x-ms-request-id": "Sanitized",
        "x-ms-request-server-encrypted": "true",
        "x-ms-version": "2024-11-04"
      },
      "ResponseBody": null
    }
  ],
  "Variables": {
    "0": "eb147d0b0commitblocklistac8d1439431d39d8f0813c4c",
    "1": "eb147d0b1commitblocklistac8d173540010b4272515f4f"
  }
}
