{
  "Entries": [
    {
      "RequestUri": "https://REDACTED/1fbae1f70stageblockfromurlmindbf44577d314e55d8bdc4?restype=container",
      "RequestMethod": "PUT",
      "RequestHeaders": {
        "Accept": "application/xml",
        "Authorization": "Sanitized",
        "Content-Length": "0",
        "Date": "Wed, 18 Oct 2023 19:24:27 GMT",
        "User-Agent": "azsdk-java-azure-storage-blob/12.25.0-beta.1 (17.0.8; Windows 11; 10.0)",
        "x-ms-client-request-id": "55d282b3-a0b3-475b-80e7-0051a3585045",
        "x-ms-version": "2023-11-03"
      },
      "RequestBody": null,
      "StatusCode": 201,
      "ResponseHeaders": {
        "Content-Length": "0",
        "Date": "Wed, 18 Oct 2023 19:24:27 GMT",
        "ETag": "\u00220x8DBD00FD85C2EC3\u0022",
        "Last-Modified": "Wed, 18 Oct 2023 19:24:27 GMT",
        "Server": [
          "Windows-Azure-Blob/1.0",
          "Microsoft-HTTPAPI/2.0"
        ],
        "x-ms-client-request-id": "55d282b3-a0b3-475b-80e7-0051a3585045",
        "x-ms-request-id": "f0bb9f38-901e-0097-25f8-01c16b000000",
        "x-ms-version": "2023-11-03"
      },
      "ResponseBody": null
    },
    {
      "RequestUri": "https://REDACTED/1fbae1f70stageblockfromurlmindbf44577d314e55d8bdc4/1fbae1f71stageblockfromurlmindbf44803b822ecb454d94",
      "RequestMethod": "PUT",
      "RequestHeaders": {
        "Accept": "application/xml",
        "Authorization": "Sanitized",
        "Content-Length": "7",
        "Content-Type": "application/octet-stream",
        "Date": "Wed, 18 Oct 2023 19:24:27 GMT",
        "User-Agent": "azsdk-java-azure-storage-blob/12.25.0-beta.1 (17.0.8; Windows 11; 10.0)",
        "x-ms-blob-type": "BlockBlob",
        "x-ms-client-request-id": "875d65fc-ad5a-4f3d-b0b2-148fa8782dc2",
        "x-ms-version": "2023-11-03"
      },
      "RequestBody": "ZGVmYXVsdA==",
      "StatusCode": 201,
      "ResponseHeaders": {
        "Content-Length": "0",
        "Content-MD5": "wh\u002BWm18D0z1D4E\u002BPE252gg==",
        "Date": "Wed, 18 Oct 2023 19:24:27 GMT",
        "ETag": "\u00220x8DBD00FD86C1AD0\u0022",
        "Last-Modified": "Wed, 18 Oct 2023 19:24:27 GMT",
        "Server": [
          "Windows-Azure-Blob/1.0",
          "Microsoft-HTTPAPI/2.0"
        ],
        "x-ms-client-request-id": "875d65fc-ad5a-4f3d-b0b2-148fa8782dc2",
        "x-ms-content-crc64": "6RYQPwaVsyQ=",
        "x-ms-request-id": "c62a3867-a01e-0068-01f8-01f1f6000000",
        "x-ms-request-server-encrypted": "true",
        "x-ms-version": "2023-11-03"
      },
      "ResponseBody": null
    },
    {
      "RequestUri": "https://REDACTED/1fbae1f70stageblockfromurlmindbf44577d314e55d8bdc4/1fbae1f72stageblockfromurlmindbf66593203b5794318c4",
      "RequestMethod": "PUT",
      "RequestHeaders": {
        "Accept": "application/xml",
        "Authorization": "Sanitized",
        "Content-Length": "7",
        "Content-Type": "application/octet-stream",
        "Date": "Wed, 18 Oct 2023 19:24:27 GMT",
        "User-Agent": "azsdk-java-azure-storage-blob/12.25.0-beta.1 (17.0.8; Windows 11; 10.0)",
        "x-ms-blob-type": "BlockBlob",
        "x-ms-client-request-id": "600ec126-896b-421a-ab08-eff493bd4639",
        "x-ms-version": "2023-11-03"
      },
      "RequestBody": "ZGVmYXVsdA==",
      "StatusCode": 201,
      "ResponseHeaders": {
        "Content-Length": "0",
        "Content-MD5": "wh\u002BWm18D0z1D4E\u002BPE252gg==",
        "Date": "Wed, 18 Oct 2023 19:24:27 GMT",
        "ETag": "\u00220x8DBD00FD87A2276\u0022",
        "Last-Modified": "Wed, 18 Oct 2023 19:24:27 GMT",
        "Server": [
          "Windows-Azure-Blob/1.0",
          "Microsoft-HTTPAPI/2.0"
        ],
        "x-ms-client-request-id": "600ec126-896b-421a-ab08-eff493bd4639",
        "x-ms-content-crc64": "6RYQPwaVsyQ=",
        "x-ms-request-id": "c62a3931-a01e-0068-44f8-01f1f6000000",
        "x-ms-request-server-encrypted": "true",
        "x-ms-version": "2023-11-03"
      },
      "ResponseBody": null
    },
    {
      "RequestUri": "https://REDACTED/1fbae1f70stageblockfromurlmindbf44577d314e55d8bdc4?restype=container\u0026comp=acl",
      "RequestMethod": "PUT",
      "RequestHeaders": {
        "Accept": "application/xml",
        "Authorization": "Sanitized",
        "Content-Length": "58",
        "Content-Type": "application/xml",
        "Date": "Wed, 18 Oct 2023 19:24:27 GMT",
        "User-Agent": "azsdk-java-azure-storage-blob/12.25.0-beta.1 (17.0.8; Windows 11; 10.0)",
        "x-ms-blob-public-access": "container",
        "x-ms-client-request-id": "b84a55e6-5187-47cd-9eb3-8a1dc44a4aec",
        "x-ms-version": "2023-11-03"
      },
      "RequestBody": "\u003C?xml version=\u00271.0\u0027 encoding=\u0027UTF-8\u0027?\u003E\u003CSignedIdentifiers/\u003E",
      "StatusCode": 200,
      "ResponseHeaders": {
        "Content-Length": "0",
        "Date": "Wed, 18 Oct 2023 19:24:27 GMT",
        "ETag": "\u00220x8DBD00FD8882EED\u0022",
        "Last-Modified": "Wed, 18 Oct 2023 19:24:27 GMT",
        "Server": [
          "Windows-Azure-Blob/1.0",
          "Microsoft-HTTPAPI/2.0"
        ],
        "x-ms-client-request-id": "b84a55e6-5187-47cd-9eb3-8a1dc44a4aec",
        "x-ms-request-id": "c62a39fb-a01e-0068-04f8-01f1f6000000",
        "x-ms-version": "2023-11-03"
      },
      "ResponseBody": null
    },
    {
      "RequestUri": "https://REDACTED/1fbae1f70stageblockfromurlmindbf44577d314e55d8bdc4/1fbae1f73stageblockfromurlmindbf53912b8133ad0ddba4?comp=block\u0026blockid=ZGMxN2M5YjYtOTEwNC00M2E1LTk1OGUtMDYzNGY3MTQ4NzYx",
      "RequestMethod": "PUT",
      "RequestHeaders": {
        "Accept": "application/xml",
        "Authorization": "Sanitized",
        "Content-Length": "0",
        "Date": "Wed, 18 Oct 2023 19:24:27 GMT",
        "User-Agent": "azsdk-java-azure-storage-blob/12.25.0-beta.1 (17.0.8; Windows 11; 10.0)",
        "x-ms-client-request-id": "4d478108-3ece-458f-bf16-663cd47931d4",
        "x-ms-copy-source": "https://REDACTED/1fbae1f70stageblockfromurlmindbf44577d314e55d8bdc4/1fbae1f71stageblockfromurlmindbf44803b822ecb454d94",
        "x-ms-version": "2023-11-03"
      },
      "RequestBody": null,
      "StatusCode": 201,
      "ResponseHeaders": {
        "Content-Length": "0",
        "Date": "Wed, 18 Oct 2023 19:24:27 GMT",
        "Server": [
          "Windows-Azure-Blob/1.0",
          "Microsoft-HTTPAPI/2.0"
        ],
        "x-ms-client-request-id": "4d478108-3ece-458f-bf16-663cd47931d4",
        "x-ms-content-crc64": "6RYQPwaVsyQ=",
        "x-ms-request-id": "c62a3aa8-a01e-0068-22f8-01f1f6000000",
        "x-ms-request-server-encrypted": "true",
        "x-ms-version": "2023-11-03"
      },
      "ResponseBody": null
    }
  ],
  "Variables": {
    "0": "1fbae1f70stageblockfromurlmindbf44577d314e55d8bdc4",
    "1": "1fbae1f71stageblockfromurlmindbf44803b822ecb454d94",
    "2": "1fbae1f72stageblockfromurlmindbf66593203b5794318c4",
    "3": "1fbae1f73stageblockfromurlmindbf53912b8133ad0ddba4",
    "4": "dc17c9b6-9104-43a5-958e-0634f7148761"
  }
}
