{
  "Entries": [
    {
      "RequestUri": "https://REDACTED/4715220a0getblocklisterror6ea70573c6ae7ca2301349?restype=container",
      "RequestMethod": "PUT",
      "RequestHeaders": {
        "Accept": "application/xml",
        "Authorization": "Sanitized",
        "Content-Length": "0",
        "Date": "Mon, 08 Jan 2024 19:47:31 GMT",
        "User-Agent": "azsdk-java-azure-storage-blob/12.26.0-beta.1 (17.0.8; Windows 11; 10.0)",
        "x-ms-client-request-id": "bdf544ae-a35c-4b31-8fc9-6d70626f14c0",
        "x-ms-version": "2024-02-04"
      },
      "RequestBody": null,
      "StatusCode": 201,
      "ResponseHeaders": {
        "Content-Length": "0",
        "Date": "Mon, 08 Jan 2024 19:47:42 GMT",
        "ETag": "\u00220x8DC1082AD6D46BF\u0022",
        "Last-Modified": "Mon, 08 Jan 2024 19:47:42 GMT",
        "Server": [
          "Windows-Azure-Blob/1.0",
          "Microsoft-HTTPAPI/2.0"
        ],
        "x-ms-client-request-id": "bdf544ae-a35c-4b31-8fc9-6d70626f14c0",
        "x-ms-request-id": "9d48d0db-a01e-0057-2c6b-423955000000",
        "x-ms-version": "2024-02-04"
      },
      "ResponseBody": null
    },
    {
      "RequestUri": "https://REDACTED/4715220a0getblocklisterror6ea70573c6ae7ca2301349?restype=container",
      "RequestMethod": "PUT",
      "RequestHeaders": {
        "Accept": "application/xml",
        "Authorization": "Sanitized",
        "Content-Length": "0",
        "Date": "Mon, 08 Jan 2024 19:47:31 GMT",
        "User-Agent": "azsdk-java-azure-storage-blob/12.26.0-beta.1 (17.0.8; Windows 11; 10.0)",
        "x-ms-client-request-id": "cab5520b-36da-4b35-9111-d1aa8f47c94a",
        "x-ms-version": "2024-02-04"
      },
      "RequestBody": null,
      "StatusCode": 409,
      "ResponseHeaders": {
        "Content-Length": "230",
        "Content-Type": "application/xml",
        "Date": "Mon, 08 Jan 2024 19:47:42 GMT",
        "Server": [
          "Windows-Azure-Blob/1.0",
          "Microsoft-HTTPAPI/2.0"
        ],
        "x-ms-client-request-id": "cab5520b-36da-4b35-9111-d1aa8f47c94a",
        "x-ms-error-code": "ContainerAlreadyExists",
        "x-ms-request-id": "9d48d1db-a01e-0057-746b-423955000000",
        "x-ms-version": "2024-02-04"
      },
      "ResponseBody": [
        "\uFEFF\u003C?xml version=\u00221.0\u0022 encoding=\u0022utf-8\u0022?\u003E\u003CError\u003E\u003CCode\u003EContainerAlreadyExists\u003C/Code\u003E\u003CMessage\u003EThe specified container already exists.\n",
        "RequestId:9d48d1db-a01e-0057-746b-423955000000\n",
        "Time:2024-01-08T19:47:42.2269996Z\u003C/Message\u003E\u003C/Error\u003E"
      ]
    },
    {
      "RequestUri": "https://REDACTED/4715220a0getblocklisterror6ea70573c6ae7ca2301349/4715220a1getblocklisterror6ea26164f982f55ee56b44",
      "RequestMethod": "PUT",
      "RequestHeaders": {
        "Accept": "application/xml",
        "Authorization": "Sanitized",
        "Content-Length": "7",
        "Content-Type": "application/octet-stream",
        "Date": "Mon, 08 Jan 2024 19:47:31 GMT",
        "User-Agent": "azsdk-java-azure-storage-blob/12.26.0-beta.1 (17.0.8; Windows 11; 10.0)",
        "x-ms-blob-type": "BlockBlob",
        "x-ms-client-request-id": "60f19f76-d2fc-4885-9ec7-716914b3158c",
        "x-ms-version": "2024-02-04"
      },
      "RequestBody": "ZGVmYXVsdA==",
      "StatusCode": 201,
      "ResponseHeaders": {
        "Content-Length": "0",
        "Content-MD5": "wh\u002BWm18D0z1D4E\u002BPE252gg==",
        "Date": "Mon, 08 Jan 2024 19:47:42 GMT",
        "ETag": "\u00220x8DC1082AD8E1C09\u0022",
        "Last-Modified": "Mon, 08 Jan 2024 19:47:42 GMT",
        "Server": [
          "Windows-Azure-Blob/1.0",
          "Microsoft-HTTPAPI/2.0"
        ],
        "x-ms-client-request-id": "60f19f76-d2fc-4885-9ec7-716914b3158c",
        "x-ms-content-crc64": "6RYQPwaVsyQ=",
        "x-ms-request-id": "9d48d2a5-a01e-0057-186b-423955000000",
        "x-ms-request-server-encrypted": "true",
        "x-ms-version": "2024-02-04"
      },
      "ResponseBody": null
    },
    {
      "RequestUri": "https://REDACTED/4715220a0getblocklisterror6ea70573c6ae7ca2301349/4715220a3getblocklisterror6ea151198b8e80c9353f41?comp=blocklist\u0026blocklisttype=all",
      "RequestMethod": "GET",
      "RequestHeaders": {
        "Accept": "application/xml",
        "Authorization": "Sanitized",
        "Content-Length": "0",
        "Date": "Mon, 08 Jan 2024 19:47:31 GMT",
        "User-Agent": "azsdk-java-azure-storage-blob/12.26.0-beta.1 (17.0.8; Windows 11; 10.0)",
        "x-ms-client-request-id": "3a7c3ab3-de0d-48bd-977a-142c964c1f0b",
        "x-ms-version": "2024-02-04"
      },
      "RequestBody": null,
      "StatusCode": 404,
      "ResponseHeaders": {
        "Access-Control-Allow-Origin": "*",
        "Access-Control-Expose-Headers": "x-ms-client-request-id",
        "Content-Length": "215",
        "Content-Type": "application/xml",
        "Date": "Mon, 08 Jan 2024 19:47:42 GMT",
        "Server": [
          "Windows-Azure-Blob/1.0",
          "Microsoft-HTTPAPI/2.0"
        ],
        "x-ms-client-request-id": "3a7c3ab3-de0d-48bd-977a-142c964c1f0b",
        "x-ms-error-code": "BlobNotFound",
        "x-ms-request-id": "9d48d37e-a01e-0057-456b-423955000000",
        "x-ms-version": "2024-02-04"
      },
      "ResponseBody": [
        "\uFEFF\u003C?xml version=\u00221.0\u0022 encoding=\u0022utf-8\u0022?\u003E\u003CError\u003E\u003CCode\u003EBlobNotFound\u003C/Code\u003E\u003CMessage\u003EThe specified blob does not exist.\n",
        "RequestId:9d48d37e-a01e-0057-456b-423955000000\n",
        "Time:2024-01-08T19:47:42.4438757Z\u003C/Message\u003E\u003C/Error\u003E"
      ]
    }
  ],
  "Variables": {
    "0": "4715220a0getblocklisterror6ea70573c6ae7ca2301349",
    "1": "4715220a1getblocklisterror6ea26164f982f55ee56b44",
    "2": "4715220a2getblocklisterror6ea24873e39293aebcfd44",
    "3": "4715220a3getblocklisterror6ea151198b8e80c9353f41"
  }
}
