{
  "Entries": [
    {
      "RequestUri": "https://REDACTED/d0ab5f7c0uploadacfail12d74285047200923b944506a?restype=container",
      "RequestMethod": "PUT",
      "RequestHeaders": {
        "Accept": "application/xml",
        "Authorization": "Sanitized",
        "Content-Length": "0",
        "Date": "Mon, 08 Jan 2024 19:46:49 GMT",
        "User-Agent": "azsdk-java-azure-storage-blob/12.26.0-beta.1 (17.0.8; Windows 11; 10.0)",
        "x-ms-client-request-id": "9c1e343a-0d3b-4ba2-9019-1062b03f0b2f",
        "x-ms-version": "2024-02-04"
      },
      "RequestBody": null,
      "StatusCode": 201,
      "ResponseHeaders": {
        "Content-Length": "0",
        "Date": "Mon, 08 Jan 2024 19:47:00 GMT",
        "ETag": "\u00220x8DC108294C03416\u0022",
        "Last-Modified": "Mon, 08 Jan 2024 19:47:00 GMT",
        "Server": [
          "Windows-Azure-Blob/1.0",
          "Microsoft-HTTPAPI/2.0"
        ],
        "x-ms-client-request-id": "9c1e343a-0d3b-4ba2-9019-1062b03f0b2f",
        "x-ms-request-id": "c64962f2-401e-0012-046b-42ecb6000000",
        "x-ms-version": "2024-02-04"
      },
      "ResponseBody": null
    },
    {
      "RequestUri": "https://REDACTED/d0ab5f7c0uploadacfail12d74285047200923b944506a?restype=container",
      "RequestMethod": "PUT",
      "RequestHeaders": {
        "Accept": "application/xml",
        "Authorization": "Sanitized",
        "Content-Length": "0",
        "Date": "Mon, 08 Jan 2024 19:46:49 GMT",
        "User-Agent": "azsdk-java-azure-storage-blob/12.26.0-beta.1 (17.0.8; Windows 11; 10.0)",
        "x-ms-client-request-id": "beffeeb8-2c46-4070-9dcc-c46d2cf15524",
        "x-ms-version": "2024-02-04"
      },
      "RequestBody": null,
      "StatusCode": 409,
      "ResponseHeaders": {
        "Content-Length": "230",
        "Content-Type": "application/xml",
        "Date": "Mon, 08 Jan 2024 19:47:00 GMT",
        "Server": [
          "Windows-Azure-Blob/1.0",
          "Microsoft-HTTPAPI/2.0"
        ],
        "x-ms-client-request-id": "beffeeb8-2c46-4070-9dcc-c46d2cf15524",
        "x-ms-error-code": "ContainerAlreadyExists",
        "x-ms-request-id": "c6496411-401e-0012-1d6b-42ecb6000000",
        "x-ms-version": "2024-02-04"
      },
      "ResponseBody": [
        "\uFEFF\u003C?xml version=\u00221.0\u0022 encoding=\u0022utf-8\u0022?\u003E\u003CError\u003E\u003CCode\u003EContainerAlreadyExists\u003C/Code\u003E\u003CMessage\u003EThe specified container already exists.\n",
        "RequestId:c6496411-401e-0012-1d6b-42ecb6000000\n",
        "Time:2024-01-08T19:47:00.8134369Z\u003C/Message\u003E\u003C/Error\u003E"
      ]
    },
    {
      "RequestUri": "https://REDACTED/d0ab5f7c0uploadacfail12d74285047200923b944506a/d0ab5f7c1uploadacfail12d9534019bfeb6248ed47dda",
      "RequestMethod": "PUT",
      "RequestHeaders": {
        "Accept": "application/xml",
        "Authorization": "Sanitized",
        "Content-Length": "7",
        "Content-Type": "application/octet-stream",
        "Date": "Mon, 08 Jan 2024 19:46:50 GMT",
        "User-Agent": "azsdk-java-azure-storage-blob/12.26.0-beta.1 (17.0.8; Windows 11; 10.0)",
        "x-ms-blob-type": "BlockBlob",
        "x-ms-client-request-id": "ca23f7e4-6ee1-4e7c-8337-bda2903e0088",
        "x-ms-version": "2024-02-04"
      },
      "RequestBody": "ZGVmYXVsdA==",
      "StatusCode": 201,
      "ResponseHeaders": {
        "Content-Length": "0",
        "Content-MD5": "wh\u002BWm18D0z1D4E\u002BPE252gg==",
        "Date": "Mon, 08 Jan 2024 19:47:00 GMT",
        "ETag": "\u00220x8DC108294DE0C46\u0022",
        "Last-Modified": "Mon, 08 Jan 2024 19:47:00 GMT",
        "Server": [
          "Windows-Azure-Blob/1.0",
          "Microsoft-HTTPAPI/2.0"
        ],
        "x-ms-client-request-id": "ca23f7e4-6ee1-4e7c-8337-bda2903e0088",
        "x-ms-content-crc64": "6RYQPwaVsyQ=",
        "x-ms-request-id": "c649652f-401e-0012-316b-42ecb6000000",
        "x-ms-request-server-encrypted": "true",
        "x-ms-version": "2024-02-04"
      },
      "ResponseBody": null
    },
    {
      "RequestUri": "https://REDACTED/d0ab5f7c0uploadacfail12d74285047200923b944506a/d0ab5f7c1uploadacfail12d9534019bfeb6248ed47dda",
      "RequestMethod": "HEAD",
      "RequestHeaders": {
        "Accept": "application/xml",
        "Authorization": "Sanitized",
        "Content-Length": "0",
        "Date": "Mon, 08 Jan 2024 19:46:50 GMT",
        "User-Agent": "azsdk-java-azure-storage-blob/12.26.0-beta.1 (17.0.8; Windows 11; 10.0)",
        "x-ms-client-request-id": "c4eaad70-d1f4-4fd8-ac0f-e233fc848ff4",
        "x-ms-version": "2024-02-04"
      },
      "RequestBody": null,
      "StatusCode": 200,
      "ResponseHeaders": {
        "Accept-Ranges": "bytes",
        "Access-Control-Allow-Origin": "*",
        "Access-Control-Expose-Headers": "x-ms-client-request-id",
        "Content-Length": "7",
        "Content-MD5": "wh\u002BWm18D0z1D4E\u002BPE252gg==",
        "Content-Type": "application/octet-stream",
        "Date": "Mon, 08 Jan 2024 19:47:00 GMT",
        "ETag": "\u00220x8DC108294DE0C46\u0022",
        "Last-Modified": "Mon, 08 Jan 2024 19:47:00 GMT",
        "Server": [
          "Windows-Azure-Blob/1.0",
          "Microsoft-HTTPAPI/2.0"
        ],
        "x-ms-access-tier": "Hot",
        "x-ms-access-tier-inferred": "true",
        "x-ms-blob-type": "BlockBlob",
        "x-ms-client-request-id": "c4eaad70-d1f4-4fd8-ac0f-e233fc848ff4",
        "x-ms-creation-time": "Mon, 08 Jan 2024 19:47:00 GMT",
        "x-ms-lease-state": "available",
        "x-ms-lease-status": "unlocked",
        "x-ms-request-id": "c6496682-401e-0012-756b-42ecb6000000",
        "x-ms-server-encrypted": "true",
        "x-ms-version": "2024-02-04"
      },
      "ResponseBody": null
    },
    {
      "RequestUri": "https://REDACTED/d0ab5f7c0uploadacfail12d74285047200923b944506a/d0ab5f7c1uploadacfail12d9534019bfeb6248ed47dda",
      "RequestMethod": "PUT",
      "RequestHeaders": {
        "Accept": "application/xml",
        "Authorization": "Sanitized",
        "Content-Length": "7",
        "Content-Type": "application/octet-stream",
        "Date": "Mon, 08 Jan 2024 19:46:50 GMT",
        "If-None-Match": "0x8DC108294DE0C46",
        "User-Agent": "azsdk-java-azure-storage-blob/12.26.0-beta.1 (17.0.8; Windows 11; 10.0)",
        "x-ms-blob-type": "BlockBlob",
        "x-ms-client-request-id": "14ad399a-dedd-4065-8e8c-5854013ee660",
        "x-ms-version": "2024-02-04"
      },
      "RequestBody": "ZGVmYXVsdA==",
      "StatusCode": 412,
      "ResponseHeaders": {
        "Content-Length": "252",
        "Content-Type": "application/xml",
        "Date": "Mon, 08 Jan 2024 19:47:00 GMT",
        "Server": [
          "Windows-Azure-Blob/1.0",
          "Microsoft-HTTPAPI/2.0"
        ],
        "x-ms-client-request-id": "14ad399a-dedd-4065-8e8c-5854013ee660",
        "x-ms-error-code": "ConditionNotMet",
        "x-ms-request-id": "c6496788-401e-0012-716b-42ecb6000000",
        "x-ms-version": "2024-02-04"
      },
      "ResponseBody": [
        "\uFEFF\u003C?xml version=\u00221.0\u0022 encoding=\u0022utf-8\u0022?\u003E\u003CError\u003E\u003CCode\u003EConditionNotMet\u003C/Code\u003E\u003CMessage\u003EThe condition specified using HTTP conditional header(s) is not met.\n",
        "RequestId:c6496788-401e-0012-716b-42ecb6000000\n",
        "Time:2024-01-08T19:47:01.1112672Z\u003C/Message\u003E\u003C/Error\u003E"
      ]
    }
  ],
  "Variables": {
    "0": "d0ab5f7c0uploadacfail12d74285047200923b944506a",
    "1": "d0ab5f7c1uploadacfail12d9534019bfeb6248ed47dda",
    "2": "d0ab5f7c2uploadacfail12d252548fa7d018b7564711a"
  }
}
