{
  "Entries": [
    {
      "RequestUri": "https://REDACTED/e15386c40uploadfromurlsourcerequestconditions4009808972ad8?restype=container",
      "RequestMethod": "PUT",
      "RequestHeaders": {
        "Accept": "application/xml",
        "Authorization": "Sanitized",
        "Content-Length": "0",
        "Date": "Mon, 11 Dec 2023 23:29:47 GMT",
        "User-Agent": "azsdk-java-azure-storage-blob/12.26.0-beta.1 (17.0.8; Windows 11; 10.0)",
        "x-ms-client-request-id": "37d5b6c2-23ff-4bd7-ba23-75b970b0b0db",
        "x-ms-version": "2024-02-04"
      },
      "RequestBody": null,
      "StatusCode": 201,
      "ResponseHeaders": {
        "Content-Length": "0",
        "Date": "Mon, 11 Dec 2023 23:29:50 GMT",
        "ETag": "\u00220x8DBFAA112D1C227\u0022",
        "Last-Modified": "Mon, 11 Dec 2023 23:29:51 GMT",
        "Server": [
          "Windows-Azure-Blob/1.0",
          "Microsoft-HTTPAPI/2.0"
        ],
        "x-ms-client-request-id": "37d5b6c2-23ff-4bd7-ba23-75b970b0b0db",
        "x-ms-request-id": "2c2aac3a-601e-0048-7989-2c8a51000000",
        "x-ms-version": "2024-02-04"
      },
      "ResponseBody": null
    },
    {
      "RequestUri": "https://REDACTED/e15386c40uploadfromurlsourcerequestconditions4009808972ad8?restype=container",
      "RequestMethod": "PUT",
      "RequestHeaders": {
        "Accept": "application/xml",
        "Authorization": "Sanitized",
        "Content-Length": "0",
        "Date": "Mon, 11 Dec 2023 23:29:47 GMT",
        "User-Agent": "azsdk-java-azure-storage-blob/12.26.0-beta.1 (17.0.8; Windows 11; 10.0)",
        "x-ms-client-request-id": "536191d5-e66d-438f-97e4-77e4af9ad079",
        "x-ms-version": "2024-02-04"
      },
      "RequestBody": null,
      "StatusCode": 409,
      "ResponseHeaders": {
        "Content-Length": "230",
        "Content-Type": "application/xml",
        "Date": "Mon, 11 Dec 2023 23:29:50 GMT",
        "Server": [
          "Windows-Azure-Blob/1.0",
          "Microsoft-HTTPAPI/2.0"
        ],
        "x-ms-client-request-id": "536191d5-e66d-438f-97e4-77e4af9ad079",
        "x-ms-error-code": "ContainerAlreadyExists",
        "x-ms-request-id": "2c2aacce-601e-0048-0489-2c8a51000000",
        "x-ms-version": "2024-02-04"
      },
      "ResponseBody": [
        "\uFEFF\u003C?xml version=\u00221.0\u0022 encoding=\u0022utf-8\u0022?\u003E\u003CError\u003E\u003CCode\u003EContainerAlreadyExists\u003C/Code\u003E\u003CMessage\u003EThe specified container already exists.\n",
        "RequestId:2c2aacce-601e-0048-0489-2c8a51000000\n",
        "Time:2023-12-11T23:29:51.6381903Z\u003C/Message\u003E\u003C/Error\u003E"
      ]
    },
    {
      "RequestUri": "https://REDACTED/e15386c40uploadfromurlsourcerequestconditions4009808972ad8/e15386c41uploadfromurlsourcerequestconditions40089181d7dca",
      "RequestMethod": "PUT",
      "RequestHeaders": {
        "Accept": "application/xml",
        "Authorization": "Sanitized",
        "Content-Length": "7",
        "Content-Type": "application/octet-stream",
        "Date": "Mon, 11 Dec 2023 23:29:47 GMT",
        "User-Agent": "azsdk-java-azure-storage-blob/12.26.0-beta.1 (17.0.8; Windows 11; 10.0)",
        "x-ms-blob-type": "BlockBlob",
        "x-ms-client-request-id": "fae126ec-319f-4fa4-ac27-f82c09fc06a7",
        "x-ms-version": "2024-02-04"
      },
      "RequestBody": "ZGVmYXVsdA==",
      "StatusCode": 201,
      "ResponseHeaders": {
        "Content-Length": "0",
        "Content-MD5": "wh\u002BWm18D0z1D4E\u002BPE252gg==",
        "Date": "Mon, 11 Dec 2023 23:29:50 GMT",
        "ETag": "\u00220x8DBFAA112EC2941\u0022",
        "Last-Modified": "Mon, 11 Dec 2023 23:29:51 GMT",
        "Server": [
          "Windows-Azure-Blob/1.0",
          "Microsoft-HTTPAPI/2.0"
        ],
        "x-ms-client-request-id": "fae126ec-319f-4fa4-ac27-f82c09fc06a7",
        "x-ms-content-crc64": "6RYQPwaVsyQ=",
        "x-ms-request-id": "0d067b9f-001e-0071-0689-2c714d000000",
        "x-ms-request-server-encrypted": "true",
        "x-ms-version": "2024-02-04"
      },
      "ResponseBody": null
    },
    {
      "RequestUri": "https://REDACTED/e15386c40uploadfromurlsourcerequestconditions4009808972ad8/e15386c42uploadfromurlsourcerequestconditions4004956747808",
      "RequestMethod": "HEAD",
      "RequestHeaders": {
        "Accept": "application/xml",
        "Authorization": "Sanitized",
        "Content-Length": "0",
        "Date": "Mon, 11 Dec 2023 23:29:47 GMT",
        "User-Agent": "azsdk-java-azure-storage-blob/12.26.0-beta.1 (17.0.8; Windows 11; 10.0)",
        "x-ms-client-request-id": "2422b6ae-8565-4f27-85ff-c0e6e9b175d4",
        "x-ms-version": "2024-02-04"
      },
      "RequestBody": null,
      "StatusCode": 404,
      "ResponseHeaders": {
        "Date": "Mon, 11 Dec 2023 23:29:51 GMT",
        "Server": [
          "Windows-Azure-Blob/1.0",
          "Microsoft-HTTPAPI/2.0"
        ],
        "Transfer-Encoding": "chunked",
        "x-ms-client-request-id": "2422b6ae-8565-4f27-85ff-c0e6e9b175d4",
        "x-ms-error-code": "BlobNotFound",
        "x-ms-request-id": "0d067c2f-001e-0071-0a89-2c714d000000",
        "x-ms-version": "2024-02-04"
      },
      "ResponseBody": null
    },
    {
      "RequestUri": "https://REDACTED/e15386c40uploadfromurlsourcerequestconditions4009808972ad8/e15386c42uploadfromurlsourcerequestconditions4004956747808",
      "RequestMethod": "PUT",
      "RequestHeaders": {
        "Accept": "application/xml",
        "Authorization": "Sanitized",
        "Content-Length": "7",
        "Content-Type": "application/octet-stream",
        "Date": "Mon, 11 Dec 2023 23:29:47 GMT",
        "If-None-Match": "*",
        "User-Agent": "azsdk-java-azure-storage-blob/12.26.0-beta.1 (17.0.8; Windows 11; 10.0)",
        "x-ms-blob-type": "BlockBlob",
        "x-ms-client-request-id": "63996927-8a07-4b35-8825-3a4946106d50",
        "x-ms-version": "2024-02-04"
      },
      "RequestBody": "ZGVmYXVsdA==",
      "StatusCode": 201,
      "ResponseHeaders": {
        "Content-Length": "0",
        "Content-MD5": "wh\u002BWm18D0z1D4E\u002BPE252gg==",
        "Date": "Mon, 11 Dec 2023 23:29:51 GMT",
        "ETag": "\u00220x8DBFAA11306B248\u0022",
        "Last-Modified": "Mon, 11 Dec 2023 23:29:51 GMT",
        "Server": [
          "Windows-Azure-Blob/1.0",
          "Microsoft-HTTPAPI/2.0"
        ],
        "x-ms-client-request-id": "63996927-8a07-4b35-8825-3a4946106d50",
        "x-ms-content-crc64": "6RYQPwaVsyQ=",
        "x-ms-request-id": "0d067cb1-001e-0071-7d89-2c714d000000",
        "x-ms-request-server-encrypted": "true",
        "x-ms-version": "2024-02-04"
      },
      "ResponseBody": null
    },
    {
      "RequestUri": "https://REDACTED/e15386c40uploadfromurlsourcerequestconditions4009808972ad8/e15386c41uploadfromurlsourcerequestconditions40089181d7dca",
      "RequestMethod": "PUT",
      "RequestHeaders": {
        "Accept": "application/xml",
        "Authorization": "Sanitized",
        "Content-Length": "0",
        "Content-Type": "application/octet-stream",
        "Date": "Mon, 11 Dec 2023 23:29:48 GMT",
        "User-Agent": "azsdk-java-azure-storage-blob/12.26.0-beta.1 (17.0.8; Windows 11; 10.0)",
        "x-ms-blob-type": "BlockBlob",
        "x-ms-client-request-id": "68990b10-e85c-4b4a-8550-be171e9c292d",
        "x-ms-version": "2024-02-04"
      },
      "RequestBody": null,
      "StatusCode": 201,
      "ResponseHeaders": {
        "Content-Length": "0",
        "Content-MD5": "1B2M2Y8AsgTpgAmY7PhCfg==",
        "Date": "Mon, 11 Dec 2023 23:29:51 GMT",
        "ETag": "\u00220x8DBFAA113141DD6\u0022",
        "Last-Modified": "Mon, 11 Dec 2023 23:29:51 GMT",
        "Server": [
          "Windows-Azure-Blob/1.0",
          "Microsoft-HTTPAPI/2.0"
        ],
        "x-ms-client-request-id": "68990b10-e85c-4b4a-8550-be171e9c292d",
        "x-ms-content-crc64": "AAAAAAAAAAA=",
        "x-ms-request-id": "7dba4a56-001e-005e-2c89-2c7c86000000",
        "x-ms-request-server-encrypted": "true",
        "x-ms-version": "2024-02-04"
      },
      "ResponseBody": null
    },
    {
      "RequestUri": "https://REDACTED/e15386c40uploadfromurlsourcerequestconditions4009808972ad8/e15386c41uploadfromurlsourcerequestconditions40089181d7dca",
      "RequestMethod": "PUT",
      "RequestHeaders": {
        "Accept": "application/xml",
        "Authorization": "Sanitized",
        "Content-Length": "0",
        "Date": "Mon, 11 Dec 2023 23:29:48 GMT",
        "User-Agent": "azsdk-java-azure-storage-blob/12.26.0-beta.1 (17.0.8; Windows 11; 10.0)",
        "x-ms-blob-type": "BlockBlob",
        "x-ms-client-request-id": "e43eaae3-4beb-4503-b585-c89c9712058f",
        "x-ms-copy-source": "https://REDACTED/e15386c40uploadfromurlsourcerequestconditions4009808972ad8/e15386c42uploadfromurlsourcerequestconditions4004956747808?sv=2024-02-04\u0026se=2023-12-12T23%3A29%3A48Z\u0026sr=b\u0026sp=r\u0026REDACTED",
        "x-ms-source-if-modified-since": "Mon, 11 Dec 2023 23:29:56 GMT",
        "x-ms-version": "2024-02-04"
      },
      "RequestBody": null,
      "StatusCode": 304,
      "ResponseHeaders": {
        "Content-Length": "0",
        "Date": "Mon, 11 Dec 2023 23:29:51 GMT",
        "Server": [
          "Windows-Azure-Blob/1.0",
          "Microsoft-HTTPAPI/2.0"
        ],
        "x-ms-client-request-id": "e43eaae3-4beb-4503-b585-c89c9712058f",
        "x-ms-error-code": "CannotVerifyCopySource",
        "x-ms-request-id": "7dba4aa0-001e-005e-6d89-2c7c86000000",
        "x-ms-version": "2024-02-04"
      },
      "ResponseBody": null
    }
  ],
  "Variables": {
    "0": "e15386c40uploadfromurlsourcerequestconditions4009808972ad8",
    "1": "e15386c41uploadfromurlsourcerequestconditions40089181d7dca",
    "2": "e15386c42uploadfromurlsourcerequestconditions4004956747808",
    "3": "2023-12-11T23:29:48.040481900Z"
  }
}
