{
  "Entries": [
    {
      "RequestUri": "https://REDACTED/273eabd30commitblocklistoverwrite94e78828dc63837948d?restype=container",
      "RequestMethod": "PUT",
      "RequestHeaders": {
        "Accept": "application/xml",
        "Authorization": "Sanitized",
        "Content-Length": "0",
        "Date": "Thu, 05 Oct 2023 19:36:46 GMT",
        "User-Agent": "azsdk-java-azure-storage-blob/12.25.0-beta.1 (11.0.16.1; Windows 11; 10.0)",
        "x-ms-client-request-id": "ae40ce1a-9d5d-4bdd-bd8f-8eaaa081b519",
        "x-ms-version": "2023-08-03"
      },
      "RequestBody": null,
      "StatusCode": 201,
      "ResponseHeaders": {
        "Content-Length": "0",
        "Date": "Thu, 05 Oct 2023 19:36:46 GMT",
        "ETag": "\u00220x8DBC5DA69B8F1A9\u0022",
        "Last-Modified": "Thu, 05 Oct 2023 19:36:47 GMT",
        "Server": [
          "Windows-Azure-Blob/1.0",
          "Microsoft-HTTPAPI/2.0"
        ],
        "x-ms-client-request-id": "ae40ce1a-9d5d-4bdd-bd8f-8eaaa081b519",
        "x-ms-request-id": "67227ad3-e01e-006b-4ec3-f71676000000",
        "x-ms-version": "2023-08-03"
      },
      "ResponseBody": null
    },
    {
      "RequestUri": "https://REDACTED/273eabd30commitblocklistoverwrite94e78828dc63837948d/273eabd31commitblocklistoverwrite94e97545059159df467",
      "RequestMethod": "PUT",
      "RequestHeaders": {
        "Accept": "application/xml",
        "Authorization": "Sanitized",
        "Content-Length": "7",
        "Content-Type": "application/octet-stream",
        "Date": "Thu, 05 Oct 2023 19:36:46 GMT",
        "User-Agent": "azsdk-java-azure-storage-blob/12.25.0-beta.1 (11.0.16.1; Windows 11; 10.0)",
        "x-ms-blob-type": "BlockBlob",
        "x-ms-client-request-id": "5225975a-0706-4712-b6e0-8afe97c4be46",
        "x-ms-version": "2023-08-03"
      },
      "RequestBody": "ZGVmYXVsdA==",
      "StatusCode": 201,
      "ResponseHeaders": {
        "Content-Length": "0",
        "Content-MD5": "wh\u002BWm18D0z1D4E\u002BPE252gg==",
        "Date": "Thu, 05 Oct 2023 19:36:46 GMT",
        "ETag": "\u00220x8DBC5DA69C8F03C\u0022",
        "Last-Modified": "Thu, 05 Oct 2023 19:36:47 GMT",
        "Server": [
          "Windows-Azure-Blob/1.0",
          "Microsoft-HTTPAPI/2.0"
        ],
        "x-ms-client-request-id": "5225975a-0706-4712-b6e0-8afe97c4be46",
        "x-ms-content-crc64": "6RYQPwaVsyQ=",
        "x-ms-request-id": "67227b6f-e01e-006b-64c3-f71676000000",
        "x-ms-request-server-encrypted": "true",
        "x-ms-version": "2023-08-03",
        "x-ms-version-id": "2023-10-05T19:36:47.1375932Z"
      },
      "ResponseBody": null
    },
    {
      "RequestUri": "https://REDACTED/273eabd30commitblocklistoverwrite94e78828dc63837948d/273eabd32commitblocklistoverwrite94e562361d49583ced9",
      "RequestMethod": "PUT",
      "RequestHeaders": {
        "Accept": "application/xml",
        "Authorization": "Sanitized",
        "Content-Length": "7",
        "Content-Type": "application/octet-stream",
        "Date": "Thu, 05 Oct 2023 19:36:46 GMT",
        "User-Agent": "azsdk-java-azure-storage-blob/12.25.0-beta.1 (11.0.16.1; Windows 11; 10.0)",
        "x-ms-blob-type": "BlockBlob",
        "x-ms-client-request-id": "c73423c9-4de9-496b-ab7c-acc191ded297",
        "x-ms-version": "2023-08-03"
      },
      "RequestBody": "ZGVmYXVsdA==",
      "StatusCode": 201,
      "ResponseHeaders": {
        "Content-Length": "0",
        "Content-MD5": "wh\u002BWm18D0z1D4E\u002BPE252gg==",
        "Date": "Thu, 05 Oct 2023 19:36:46 GMT",
        "ETag": "\u00220x8DBC5DA69D7BB20\u0022",
        "Last-Modified": "Thu, 05 Oct 2023 19:36:47 GMT",
        "Server": [
          "Windows-Azure-Blob/1.0",
          "Microsoft-HTTPAPI/2.0"
        ],
        "x-ms-client-request-id": "c73423c9-4de9-496b-ab7c-acc191ded297",
        "x-ms-content-crc64": "6RYQPwaVsyQ=",
        "x-ms-request-id": "67227bfe-e01e-006b-6ac3-f71676000000",
        "x-ms-request-server-encrypted": "true",
        "x-ms-version": "2023-08-03",
        "x-ms-version-id": "2023-10-05T19:36:47.2345376Z"
      },
      "ResponseBody": null
    },
    {
      "RequestUri": "https://REDACTED/273eabd30commitblocklistoverwrite94e78828dc63837948d/273eabd31commitblocklistoverwrite94e97545059159df467?comp=blocklist",
      "RequestMethod": "PUT",
      "RequestHeaders": {
        "Accept": "application/xml",
        "Authorization": "Sanitized",
        "Content-Length": "50",
        "Content-Type": "application/xml",
        "Date": "Thu, 05 Oct 2023 19:36:47 GMT",
        "User-Agent": "azsdk-java-azure-storage-blob/12.25.0-beta.1 (11.0.16.1; Windows 11; 10.0)",
        "x-ms-client-request-id": "7a2a540d-49d8-400c-9d8b-1987ba485c70",
        "x-ms-version": "2023-08-03"
      },
      "RequestBody": "\u003C?xml version=\u00271.0\u0027 encoding=\u0027UTF-8\u0027?\u003E\u003CBlockList/\u003E",
      "StatusCode": 201,
      "ResponseHeaders": {
        "Content-Length": "0",
        "Date": "Thu, 05 Oct 2023 19:36:46 GMT",
        "ETag": "\u00220x8DBC5DA69E54DAC\u0022",
        "Last-Modified": "Thu, 05 Oct 2023 19:36:47 GMT",
        "Server": [
          "Windows-Azure-Blob/1.0",
          "Microsoft-HTTPAPI/2.0"
        ],
        "x-ms-client-request-id": "7a2a540d-49d8-400c-9d8b-1987ba485c70",
        "x-ms-content-crc64": "p1vsGtjjPsk=",
        "x-ms-request-id": "67227c80-e01e-006b-63c3-f71676000000",
        "x-ms-request-server-encrypted": "true",
        "x-ms-version": "2023-08-03",
        "x-ms-version-id": "2023-10-05T19:36:47.3244860Z"
      },
      "ResponseBody": null
    }
  ],
  "Variables": {
    "0": "273eabd30commitblocklistoverwrite94e78828dc63837948d",
    "1": "273eabd31commitblocklistoverwrite94e97545059159df467",
    "2": "273eabd32commitblocklistoverwrite94e562361d49583ced9"
  }
}
