{
  "Entries": [
    {
      "RequestUri": "https://REDACTED/c418d2dd0uploadmetadata7fd659962fe23528fee64d1f?restype=container",
      "RequestMethod": "PUT",
      "RequestHeaders": {
        "Accept": "application/xml",
        "Authorization": "Sanitized",
        "Content-Length": "0",
        "Date": "Wed, 18 Oct 2023 21:27:24 GMT",
        "User-Agent": "azsdk-java-azure-storage-blob/12.25.0-beta.1 (17.0.8; Windows 11; 10.0)",
        "x-ms-client-request-id": "2acae87b-8f92-4427-8baa-282a22c850fc",
        "x-ms-version": "2023-11-03"
      },
      "RequestBody": null,
      "StatusCode": 201,
      "ResponseHeaders": {
        "Content-Length": "0",
        "Date": "Wed, 18 Oct 2023 21:27:23 GMT",
        "ETag": "\u00220x8DBD02105286EB3\u0022",
        "Last-Modified": "Wed, 18 Oct 2023 21:27:24 GMT",
        "Server": [
          "Windows-Azure-Blob/1.0",
          "Microsoft-HTTPAPI/2.0"
        ],
        "x-ms-client-request-id": "2acae87b-8f92-4427-8baa-282a22c850fc",
        "x-ms-request-id": "82902f75-801e-008b-6209-02930b000000",
        "x-ms-version": "2023-11-03"
      },
      "ResponseBody": null
    },
    {
      "RequestUri": "https://REDACTED/c418d2dd0uploadmetadata7fd659962fe23528fee64d1f/c418d2dd1uploadmetadata7fd99145c57cb9f9ce504489",
      "RequestMethod": "PUT",
      "RequestHeaders": {
        "Accept": "application/xml",
        "Authorization": "Sanitized",
        "Content-Length": "7",
        "Content-Type": "application/octet-stream",
        "Date": "Wed, 18 Oct 2023 21:27:24 GMT",
        "User-Agent": "azsdk-java-azure-storage-blob/12.25.0-beta.1 (17.0.8; Windows 11; 10.0)",
        "x-ms-blob-type": "BlockBlob",
        "x-ms-client-request-id": "783c9e15-f837-4c12-b975-36b3a2723614",
        "x-ms-version": "2023-11-03"
      },
      "RequestBody": "ZGVmYXVsdA==",
      "StatusCode": 201,
      "ResponseHeaders": {
        "Content-Length": "0",
        "Content-MD5": "wh\u002BWm18D0z1D4E\u002BPE252gg==",
        "Date": "Wed, 18 Oct 2023 21:27:24 GMT",
        "ETag": "\u00220x8DBD0210537F88B\u0022",
        "Last-Modified": "Wed, 18 Oct 2023 21:27:24 GMT",
        "Server": [
          "Windows-Azure-Blob/1.0",
          "Microsoft-HTTPAPI/2.0"
        ],
        "x-ms-client-request-id": "783c9e15-f837-4c12-b975-36b3a2723614",
        "x-ms-content-crc64": "6RYQPwaVsyQ=",
        "x-ms-request-id": "82903021-801e-008b-0609-02930b000000",
        "x-ms-request-server-encrypted": "true",
        "x-ms-version": "2023-11-03"
      },
      "ResponseBody": null
    },
    {
      "RequestUri": "https://REDACTED/c418d2dd0uploadmetadata7fd659962fe23528fee64d1f/c418d2dd2uploadmetadata7fd34039779a7473e8ca4502",
      "RequestMethod": "PUT",
      "RequestHeaders": {
        "Accept": "application/xml",
        "Authorization": "Sanitized",
        "Content-Length": "7",
        "Content-Type": "application/octet-stream",
        "Date": "Wed, 18 Oct 2023 21:27:24 GMT",
        "User-Agent": "azsdk-java-azure-storage-blob/12.25.0-beta.1 (17.0.8; Windows 11; 10.0)",
        "x-ms-blob-type": "BlockBlob",
        "x-ms-client-request-id": "5eb17c3d-7f81-4c1d-93b0-b359d7fd8c29",
        "x-ms-version": "2023-11-03"
      },
      "RequestBody": "ZGVmYXVsdA==",
      "StatusCode": 201,
      "ResponseHeaders": {
        "Content-Length": "0",
        "Content-MD5": "wh\u002BWm18D0z1D4E\u002BPE252gg==",
        "Date": "Wed, 18 Oct 2023 21:27:24 GMT",
        "ETag": "\u00220x8DBD02105467548\u0022",
        "Last-Modified": "Wed, 18 Oct 2023 21:27:24 GMT",
        "Server": [
          "Windows-Azure-Blob/1.0",
          "Microsoft-HTTPAPI/2.0"
        ],
        "x-ms-client-request-id": "5eb17c3d-7f81-4c1d-93b0-b359d7fd8c29",
        "x-ms-content-crc64": "6RYQPwaVsyQ=",
        "x-ms-request-id": "610fe6b9-d01e-00a9-7d09-025614000000",
        "x-ms-request-server-encrypted": "true",
        "x-ms-version": "2023-11-03"
      },
      "ResponseBody": null
    },
    {
      "RequestUri": "https://REDACTED/c418d2dd0uploadmetadata7fd659962fe23528fee64d1f/c418d2dd1uploadmetadata7fd99145c57cb9f9ce504489",
      "RequestMethod": "PUT",
      "RequestHeaders": {
        "Accept": "application/xml",
        "Authorization": "Sanitized",
        "Content-Length": "7",
        "Content-Type": "application/octet-stream",
        "Date": "Wed, 18 Oct 2023 21:27:24 GMT",
        "User-Agent": "azsdk-java-azure-storage-blob/12.25.0-beta.1 (17.0.8; Windows 11; 10.0)",
        "x-ms-blob-type": "BlockBlob",
        "x-ms-client-request-id": "b1f0deae-e8f8-41c7-bf39-d8b97948b511",
        "x-ms-version": "2023-11-03"
      },
      "RequestBody": "ZGVmYXVsdA==",
      "StatusCode": 201,
      "ResponseHeaders": {
        "Content-Length": "0",
        "Content-MD5": "wh\u002BWm18D0z1D4E\u002BPE252gg==",
        "Date": "Wed, 18 Oct 2023 21:27:24 GMT",
        "ETag": "\u00220x8DBD0210554F219\u0022",
        "Last-Modified": "Wed, 18 Oct 2023 21:27:24 GMT",
        "Server": [
          "Windows-Azure-Blob/1.0",
          "Microsoft-HTTPAPI/2.0"
        ],
        "x-ms-client-request-id": "b1f0deae-e8f8-41c7-bf39-d8b97948b511",
        "x-ms-content-crc64": "6RYQPwaVsyQ=",
        "x-ms-request-id": "610fe795-d01e-00a9-5209-025614000000",
        "x-ms-request-server-encrypted": "true",
        "x-ms-version": "2023-11-03"
      },
      "ResponseBody": null
    },
    {
      "RequestUri": "https://REDACTED/c418d2dd0uploadmetadata7fd659962fe23528fee64d1f/c418d2dd1uploadmetadata7fd99145c57cb9f9ce504489",
      "RequestMethod": "HEAD",
      "RequestHeaders": {
        "Accept": "application/xml",
        "Authorization": "Sanitized",
        "Content-Length": "0",
        "Date": "Wed, 18 Oct 2023 21:27:24 GMT",
        "User-Agent": "azsdk-java-azure-storage-blob/12.25.0-beta.1 (17.0.8; Windows 11; 10.0)",
        "x-ms-client-request-id": "69075032-0286-476c-aa89-7f2f75121466",
        "x-ms-version": "2023-11-03"
      },
      "RequestBody": null,
      "StatusCode": 200,
      "ResponseHeaders": {
        "Accept-Ranges": "bytes",
        "Access-Control-Allow-Origin": "*",
        "Access-Control-Expose-Headers": "x-ms-client-request-id",
        "Content-Length": "7",
        "Content-MD5": "wh\u002BWm18D0z1D4E\u002BPE252gg==",
        "Content-Type": "application/octet-stream",
        "Date": "Wed, 18 Oct 2023 21:27:24 GMT",
        "ETag": "\u00220x8DBD0210554F219\u0022",
        "Last-Modified": "Wed, 18 Oct 2023 21:27:24 GMT",
        "Server": [
          "Windows-Azure-Blob/1.0",
          "Microsoft-HTTPAPI/2.0"
        ],
        "x-ms-access-tier": "Hot",
        "x-ms-access-tier-inferred": "true",
        "x-ms-blob-type": "BlockBlob",
        "x-ms-client-request-id": "69075032-0286-476c-aa89-7f2f75121466",
        "x-ms-creation-time": "Wed, 18 Oct 2023 21:27:24 GMT",
        "x-ms-lease-state": "available",
        "x-ms-lease-status": "unlocked",
        "x-ms-request-id": "610fe856-d01e-00a9-0e09-025614000000",
        "x-ms-server-encrypted": "true",
        "x-ms-version": "2023-11-03"
      },
      "ResponseBody": null
    }
  ],
  "Variables": {
    "0": "c418d2dd0uploadmetadata7fd659962fe23528fee64d1f",
    "1": "c418d2dd1uploadmetadata7fd99145c57cb9f9ce504489",
    "2": "c418d2dd2uploadmetadata7fd34039779a7473e8ca4502"
  }
}
