{
  "Entries": [
    {
      "RequestUri": "https://REDACTED/7272d10d0stageblockfromurlsourceacfailb7c67350cf6825ee?restype=container",
      "RequestMethod": "PUT",
      "RequestHeaders": {
        "Accept": "application/xml",
        "Authorization": "Sanitized",
        "Content-Length": "0",
        "Date": "Fri, 03 Nov 2023 22:08:21 GMT",
        "User-Agent": "azsdk-java-azure-storage-blob/12.25.0-beta.2 (17.0.8; Windows 11; 10.0)",
        "x-ms-client-request-id": "e16cd849-b6b5-4312-82aa-add839353375",
        "x-ms-version": "2023-11-03"
      },
      "RequestBody": null,
      "StatusCode": 201,
      "ResponseHeaders": {
        "Content-Length": "0",
        "Date": "Fri, 03 Nov 2023 22:08:22 GMT",
        "ETag": "\u00220x8DBDCB964D24E7E\u0022",
        "Last-Modified": "Fri, 03 Nov 2023 22:08:22 GMT",
        "Server": [
          "Windows-Azure-Blob/1.0",
          "Microsoft-HTTPAPI/2.0"
        ],
        "x-ms-client-request-id": "e16cd849-b6b5-4312-82aa-add839353375",
        "x-ms-request-id": "c9231545-b01e-0016-5ba2-0e61b1000000",
        "x-ms-version": "2023-11-03"
      },
      "ResponseBody": null
    },
    {
      "RequestUri": "https://REDACTED/7272d10d0stageblockfromurlsourceacfailb7c67350cf6825ee/7272d10d1stageblockfromurlsourceacfailb7c8369281175a2d",
      "RequestMethod": "PUT",
      "RequestHeaders": {
        "Accept": "application/xml",
        "Authorization": "Sanitized",
        "Content-Length": "7",
        "Content-Type": "application/octet-stream",
        "Date": "Fri, 03 Nov 2023 22:08:21 GMT",
        "User-Agent": "azsdk-java-azure-storage-blob/12.25.0-beta.2 (17.0.8; Windows 11; 10.0)",
        "x-ms-blob-type": "BlockBlob",
        "x-ms-client-request-id": "1257d1a8-456a-4d36-94d4-a7b183a78877",
        "x-ms-version": "2023-11-03"
      },
      "RequestBody": "ZGVmYXVsdA==",
      "StatusCode": 201,
      "ResponseHeaders": {
        "Content-Length": "0",
        "Content-MD5": "wh\u002BWm18D0z1D4E\u002BPE252gg==",
        "Date": "Fri, 03 Nov 2023 22:08:21 GMT",
        "ETag": "\u00220x8DBDCB964E5B8B2\u0022",
        "Last-Modified": "Fri, 03 Nov 2023 22:08:22 GMT",
        "Server": [
          "Windows-Azure-Blob/1.0",
          "Microsoft-HTTPAPI/2.0"
        ],
        "x-ms-client-request-id": "1257d1a8-456a-4d36-94d4-a7b183a78877",
        "x-ms-content-crc64": "6RYQPwaVsyQ=",
        "x-ms-request-id": "de63d0de-101e-0030-77a2-0e29a9000000",
        "x-ms-request-server-encrypted": "true",
        "x-ms-version": "2023-11-03"
      },
      "ResponseBody": null
    },
    {
      "RequestUri": "https://REDACTED/7272d10d0stageblockfromurlsourceacfailb7c67350cf6825ee?restype=container\u0026comp=acl",
      "RequestMethod": "PUT",
      "RequestHeaders": {
        "Accept": "application/xml",
        "Authorization": "Sanitized",
        "Content-Length": "58",
        "Content-Type": "application/xml",
        "Date": "Fri, 03 Nov 2023 22:08:21 GMT",
        "User-Agent": "azsdk-java-azure-storage-blob/12.25.0-beta.2 (17.0.8; Windows 11; 10.0)",
        "x-ms-blob-public-access": "container",
        "x-ms-client-request-id": "dd70c18f-df22-49e8-9308-34d09148cee5",
        "x-ms-version": "2023-11-03"
      },
      "RequestBody": "\u003C?xml version=\u00271.0\u0027 encoding=\u0027UTF-8\u0027?\u003E\u003CSignedIdentifiers/\u003E",
      "StatusCode": 200,
      "ResponseHeaders": {
        "Content-Length": "0",
        "Date": "Fri, 03 Nov 2023 22:08:21 GMT",
        "ETag": "\u00220x8DBDCB964FD58FF\u0022",
        "Last-Modified": "Fri, 03 Nov 2023 22:08:22 GMT",
        "Server": [
          "Windows-Azure-Blob/1.0",
          "Microsoft-HTTPAPI/2.0"
        ],
        "x-ms-client-request-id": "dd70c18f-df22-49e8-9308-34d09148cee5",
        "x-ms-request-id": "92df032e-e01e-008d-2ea2-0ea0b4000000",
        "x-ms-version": "2023-11-03"
      },
      "ResponseBody": null
    },
    {
      "RequestUri": "https://REDACTED/7272d10d0stageblockfromurlsourceacfailb7c67350cf6825ee/7272d10d2stageblockfromurlsourceacfailb7c4953663632a5d",
      "RequestMethod": "PUT",
      "RequestHeaders": {
        "Accept": "application/xml",
        "Authorization": "Sanitized",
        "Content-Length": "7",
        "Content-Type": "application/octet-stream",
        "Date": "Fri, 03 Nov 2023 22:08:21 GMT",
        "If-None-Match": "*",
        "User-Agent": "azsdk-java-azure-storage-blob/12.25.0-beta.2 (17.0.8; Windows 11; 10.0)",
        "x-ms-blob-type": "BlockBlob",
        "x-ms-client-request-id": "b3c69c84-53d0-4857-9755-b091eb96af60",
        "x-ms-version": "2023-11-03"
      },
      "RequestBody": "ZGVmYXVsdA==",
      "StatusCode": 201,
      "ResponseHeaders": {
        "Content-Length": "0",
        "Content-MD5": "wh\u002BWm18D0z1D4E\u002BPE252gg==",
        "Date": "Fri, 03 Nov 2023 22:08:22 GMT",
        "ETag": "\u00220x8DBDCB96510BA06\u0022",
        "Last-Modified": "Fri, 03 Nov 2023 22:08:22 GMT",
        "Server": [
          "Windows-Azure-Blob/1.0",
          "Microsoft-HTTPAPI/2.0"
        ],
        "x-ms-client-request-id": "b3c69c84-53d0-4857-9755-b091eb96af60",
        "x-ms-content-crc64": "6RYQPwaVsyQ=",
        "x-ms-request-id": "9426dcce-801e-00a4-57a2-0e9ec0000000",
        "x-ms-request-server-encrypted": "true",
        "x-ms-version": "2023-11-03"
      },
      "ResponseBody": null
    },
    {
      "RequestUri": "https://REDACTED/7272d10d0stageblockfromurlsourceacfailb7c67350cf6825ee/7272d10d2stageblockfromurlsourceacfailb7c4953663632a5d",
      "RequestMethod": "HEAD",
      "RequestHeaders": {
        "Accept": "application/xml",
        "Authorization": "Sanitized",
        "Content-Length": "0",
        "Date": "Fri, 03 Nov 2023 22:08:21 GMT",
        "User-Agent": "azsdk-java-azure-storage-blob/12.25.0-beta.2 (17.0.8; Windows 11; 10.0)",
        "x-ms-client-request-id": "c2a8e1c9-e20b-4437-9464-4ababf4f8977",
        "x-ms-version": "2023-11-03"
      },
      "RequestBody": null,
      "StatusCode": 200,
      "ResponseHeaders": {
        "Accept-Ranges": "bytes",
        "Access-Control-Allow-Origin": "*",
        "Access-Control-Expose-Headers": "x-ms-client-request-id",
        "Content-Length": "7",
        "Content-MD5": "wh\u002BWm18D0z1D4E\u002BPE252gg==",
        "Content-Type": "application/octet-stream",
        "Date": "Fri, 03 Nov 2023 22:08:21 GMT",
        "ETag": "\u00220x8DBDCB96510BA06\u0022",
        "Last-Modified": "Fri, 03 Nov 2023 22:08:22 GMT",
        "Server": [
          "Windows-Azure-Blob/1.0",
          "Microsoft-HTTPAPI/2.0"
        ],
        "x-ms-access-tier": "Hot",
        "x-ms-access-tier-inferred": "true",
        "x-ms-blob-type": "BlockBlob",
        "x-ms-client-request-id": "c2a8e1c9-e20b-4437-9464-4ababf4f8977",
        "x-ms-creation-time": "Fri, 03 Nov 2023 22:08:22 GMT",
        "x-ms-lease-state": "available",
        "x-ms-lease-status": "unlocked",
        "x-ms-request-id": "92df04c4-e01e-008d-2fa2-0ea0b4000000",
        "x-ms-server-encrypted": "true",
        "x-ms-version": "2023-11-03"
      },
      "ResponseBody": null
    },
    {
      "RequestUri": "https://REDACTED/7272d10d0stageblockfromurlsourceacfailb7c67350cf6825ee/7272d10d1stageblockfromurlsourceacfailb7c8369281175a2d?comp=block\u0026blockid=OTEyMTAwZmYtMjk1NS00OGIyLWI1MTktOGExMDNhNTdiZmJh",
      "RequestMethod": "PUT",
      "RequestHeaders": {
        "Accept": "application/xml",
        "Authorization": "Sanitized",
        "Content-Length": "0",
        "Date": "Fri, 03 Nov 2023 22:08:21 GMT",
        "User-Agent": "azsdk-java-azure-storage-blob/12.25.0-beta.2 (17.0.8; Windows 11; 10.0)",
        "x-ms-client-request-id": "82b5f999-94ed-4ecb-8db7-913303245098",
        "x-ms-copy-source": "https://REDACTED/7272d10d0stageblockfromurlsourceacfailb7c67350cf6825ee/7272d10d2stageblockfromurlsourceacfailb7c4953663632a5d",
        "x-ms-source-if-none-match": "0x8DBDCB96510BA06",
        "x-ms-version": "2023-11-03"
      },
      "RequestBody": null,
      "StatusCode": 304,
      "ResponseHeaders": {
        "Content-Length": "0",
        "Date": "Fri, 03 Nov 2023 22:08:21 GMT",
        "Server": [
          "Windows-Azure-Blob/1.0",
          "Microsoft-HTTPAPI/2.0"
        ],
        "x-ms-client-request-id": "82b5f999-94ed-4ecb-8db7-913303245098",
        "x-ms-error-code": "CannotVerifyCopySource",
        "x-ms-request-id": "92df0590-e01e-008d-74a2-0ea0b4000000",
        "x-ms-version": "2023-11-03"
      },
      "ResponseBody": null
    }
  ],
  "Variables": {
    "0": "7272d10d0stageblockfromurlsourceacfailb7c67350cf6825ee",
    "1": "7272d10d1stageblockfromurlsourceacfailb7c8369281175a2d",
    "2": "912100ff-2955-48b2-b519-8a103a57bfba",
    "3": "7272d10d2stageblockfromurlsourceacfailb7c4953663632a5d"
  }
}
