{
  "Entries": [
    {
      "RequestUri": "https://REDACTED/4e0774ce0commitblocklistacfail67d9156419d8e82249a4?restype=container",
      "RequestMethod": "PUT",
      "RequestHeaders": {
        "Accept": "application/xml",
        "Authorization": "Sanitized",
        "Content-Length": "0",
        "Date": "Mon, 11 Dec 2023 19:13:39 GMT",
        "User-Agent": "azsdk-java-azure-storage-blob/12.26.0-beta.1 (17.0.8; Windows 11; 10.0)",
        "x-ms-client-request-id": "5f1932ef-6006-4a28-82cf-e94f9efcaf31",
        "x-ms-version": "2024-02-04"
      },
      "RequestBody": null,
      "StatusCode": 201,
      "ResponseHeaders": {
        "Content-Length": "0",
        "Date": "Mon, 11 Dec 2023 19:13:42 GMT",
        "ETag": "\u00220x8DBFA7D4A7FD34E\u0022",
        "Last-Modified": "Mon, 11 Dec 2023 19:13:43 GMT",
        "Server": [
          "Windows-Azure-Blob/1.0",
          "Microsoft-HTTPAPI/2.0"
        ],
        "x-ms-client-request-id": "5f1932ef-6006-4a28-82cf-e94f9efcaf31",
        "x-ms-request-id": "dd108232-801e-0022-2e66-2c5279000000",
        "x-ms-version": "2024-02-04"
      },
      "ResponseBody": null
    },
    {
      "RequestUri": "https://REDACTED/4e0774ce0commitblocklistacfail67d9156419d8e82249a4?restype=container",
      "RequestMethod": "PUT",
      "RequestHeaders": {
        "Accept": "application/xml",
        "Authorization": "Sanitized",
        "Content-Length": "0",
        "Date": "Mon, 11 Dec 2023 19:13:39 GMT",
        "User-Agent": "azsdk-java-azure-storage-blob/12.26.0-beta.1 (17.0.8; Windows 11; 10.0)",
        "x-ms-client-request-id": "448b3c97-07ad-4ae4-9ea0-f5fd5b14492a",
        "x-ms-version": "2024-02-04"
      },
      "RequestBody": null,
      "StatusCode": 409,
      "ResponseHeaders": {
        "Content-Length": "230",
        "Content-Type": "application/xml",
        "Date": "Mon, 11 Dec 2023 19:13:42 GMT",
        "Server": [
          "Windows-Azure-Blob/1.0",
          "Microsoft-HTTPAPI/2.0"
        ],
        "x-ms-client-request-id": "448b3c97-07ad-4ae4-9ea0-f5fd5b14492a",
        "x-ms-error-code": "ContainerAlreadyExists",
        "x-ms-request-id": "dd1082cc-801e-0022-3466-2c5279000000",
        "x-ms-version": "2024-02-04"
      },
      "ResponseBody": [
        "\uFEFF\u003C?xml version=\u00221.0\u0022 encoding=\u0022utf-8\u0022?\u003E\u003CError\u003E\u003CCode\u003EContainerAlreadyExists\u003C/Code\u003E\u003CMessage\u003EThe specified container already exists.\n",
        "RequestId:dd1082cc-801e-0022-3466-2c5279000000\n",
        "Time:2023-12-11T19:13:43.1673802Z\u003C/Message\u003E\u003C/Error\u003E"
      ]
    },
    {
      "RequestUri": "https://REDACTED/4e0774ce0commitblocklistacfail67d9156419d8e82249a4/4e0774ce1commitblocklistacfail67d7223687fca47a01c3",
      "RequestMethod": "PUT",
      "RequestHeaders": {
        "Accept": "application/xml",
        "Authorization": "Sanitized",
        "Content-Length": "7",
        "Content-Type": "application/octet-stream",
        "Date": "Mon, 11 Dec 2023 19:13:39 GMT",
        "User-Agent": "azsdk-java-azure-storage-blob/12.26.0-beta.1 (17.0.8; Windows 11; 10.0)",
        "x-ms-blob-type": "BlockBlob",
        "x-ms-client-request-id": "c63684d6-a0ae-41b4-afe4-971fe33d6b57",
        "x-ms-version": "2024-02-04"
      },
      "RequestBody": "ZGVmYXVsdA==",
      "StatusCode": 201,
      "ResponseHeaders": {
        "Content-Length": "0",
        "Content-MD5": "wh\u002BWm18D0z1D4E\u002BPE252gg==",
        "Date": "Mon, 11 Dec 2023 19:13:42 GMT",
        "ETag": "\u00220x8DBFA7D4A99FC16\u0022",
        "Last-Modified": "Mon, 11 Dec 2023 19:13:43 GMT",
        "Server": [
          "Windows-Azure-Blob/1.0",
          "Microsoft-HTTPAPI/2.0"
        ],
        "x-ms-client-request-id": "c63684d6-a0ae-41b4-afe4-971fe33d6b57",
        "x-ms-content-crc64": "6RYQPwaVsyQ=",
        "x-ms-request-id": "dd10833b-801e-0022-1966-2c5279000000",
        "x-ms-request-server-encrypted": "true",
        "x-ms-version": "2024-02-04"
      },
      "ResponseBody": null
    },
    {
      "RequestUri": "https://REDACTED/4e0774ce0commitblocklistacfail67d9156419d8e82249a4/4e0774ce1commitblocklistacfail67d7223687fca47a01c3?comp=blocklist",
      "RequestMethod": "PUT",
      "RequestHeaders": {
        "Accept": "application/xml",
        "Authorization": "Sanitized",
        "Content-Length": "50",
        "Content-Type": "application/xml",
        "Date": "Mon, 11 Dec 2023 19:13:39 GMT",
        "If-Unmodified-Since": "Sun, 10 Dec 2023 19:09:04 GMT",
        "User-Agent": "azsdk-java-azure-storage-blob/12.26.0-beta.1 (17.0.8; Windows 11; 10.0)",
        "x-ms-client-request-id": "360cede1-35ea-497f-8df0-5c75328d1222",
        "x-ms-version": "2024-02-04"
      },
      "RequestBody": "\u003C?xml version=\u00271.0\u0027 encoding=\u0027UTF-8\u0027?\u003E\u003CBlockList/\u003E",
      "StatusCode": 412,
      "ResponseHeaders": {
        "Content-Length": "252",
        "Content-Type": "application/xml",
        "Date": "Mon, 11 Dec 2023 19:13:43 GMT",
        "Server": [
          "Windows-Azure-Blob/1.0",
          "Microsoft-HTTPAPI/2.0"
        ],
        "x-ms-client-request-id": "360cede1-35ea-497f-8df0-5c75328d1222",
        "x-ms-error-code": "ConditionNotMet",
        "x-ms-request-id": "dd1083d1-801e-0022-1f66-2c5279000000",
        "x-ms-version": "2024-02-04"
      },
      "ResponseBody": [
        "\uFEFF\u003C?xml version=\u00221.0\u0022 encoding=\u0022utf-8\u0022?\u003E\u003CError\u003E\u003CCode\u003EConditionNotMet\u003C/Code\u003E\u003CMessage\u003EThe condition specified using HTTP conditional header(s) is not met.\n",
        "RequestId:dd1083d1-801e-0022-1f66-2c5279000000\n",
        "Time:2023-12-11T19:13:43.3462788Z\u003C/Message\u003E\u003C/Error\u003E"
      ]
    }
  ],
  "Variables": {
    "0": "4e0774ce0commitblocklistacfail67d9156419d8e82249a4",
    "1": "4e0774ce1commitblocklistacfail67d7223687fca47a01c3"
  }
}
