{
  "Entries": [
    {
      "RequestUri": "https://REDACTED/2474a6990commitblocklist36f321539ebe212e5b96498?restype=container",
      "RequestMethod": "PUT",
      "RequestHeaders": {
        "Accept": "application/xml",
        "Authorization": "Sanitized",
        "Content-Length": "0",
        "Date": "Mon, 11 Dec 2023 23:29:57 GMT",
        "User-Agent": "azsdk-java-azure-storage-blob/12.26.0-beta.1 (17.0.8; Windows 11; 10.0)",
        "x-ms-client-request-id": "932c9c66-b82a-4447-ad6f-8e8eeed6dc94",
        "x-ms-version": "2024-02-04"
      },
      "RequestBody": null,
      "StatusCode": 201,
      "ResponseHeaders": {
        "Content-Length": "0",
        "Date": "Mon, 11 Dec 2023 23:30:00 GMT",
        "ETag": "\u00220x8DBFAA1188C77BE\u0022",
        "Last-Modified": "Mon, 11 Dec 2023 23:30:01 GMT",
        "Server": [
          "Windows-Azure-Blob/1.0",
          "Microsoft-HTTPAPI/2.0"
        ],
        "x-ms-client-request-id": "932c9c66-b82a-4447-ad6f-8e8eeed6dc94",
        "x-ms-request-id": "d57434a8-501e-0088-7789-2c726f000000",
        "x-ms-version": "2024-02-04"
      },
      "ResponseBody": null
    },
    {
      "RequestUri": "https://REDACTED/2474a6990commitblocklist36f321539ebe212e5b96498?restype=container",
      "RequestMethod": "PUT",
      "RequestHeaders": {
        "Accept": "application/xml",
        "Authorization": "Sanitized",
        "Content-Length": "0",
        "Date": "Mon, 11 Dec 2023 23:29:57 GMT",
        "User-Agent": "azsdk-java-azure-storage-blob/12.26.0-beta.1 (17.0.8; Windows 11; 10.0)",
        "x-ms-client-request-id": "81b77605-e44f-4f70-87df-9936dce350a4",
        "x-ms-version": "2024-02-04"
      },
      "RequestBody": null,
      "StatusCode": 409,
      "ResponseHeaders": {
        "Content-Length": "230",
        "Content-Type": "application/xml",
        "Date": "Mon, 11 Dec 2023 23:30:00 GMT",
        "Server": [
          "Windows-Azure-Blob/1.0",
          "Microsoft-HTTPAPI/2.0"
        ],
        "x-ms-client-request-id": "81b77605-e44f-4f70-87df-9936dce350a4",
        "x-ms-error-code": "ContainerAlreadyExists",
        "x-ms-request-id": "d5743517-501e-0088-5989-2c726f000000",
        "x-ms-version": "2024-02-04"
      },
      "ResponseBody": [
        "\uFEFF\u003C?xml version=\u00221.0\u0022 encoding=\u0022utf-8\u0022?\u003E\u003CError\u003E\u003CCode\u003EContainerAlreadyExists\u003C/Code\u003E\u003CMessage\u003EThe specified container already exists.\n",
        "RequestId:d5743517-501e-0088-5989-2c726f000000\n",
        "Time:2023-12-11T23:30:01.2574136Z\u003C/Message\u003E\u003C/Error\u003E"
      ]
    },
    {
      "RequestUri": "https://REDACTED/2474a6990commitblocklist36f321539ebe212e5b96498/2474a6991commitblocklist36f81206d68a92393a5b464",
      "RequestMethod": "PUT",
      "RequestHeaders": {
        "Accept": "application/xml",
        "Authorization": "Sanitized",
        "Content-Length": "7",
        "Content-Type": "application/octet-stream",
        "Date": "Mon, 11 Dec 2023 23:29:57 GMT",
        "User-Agent": "azsdk-java-azure-storage-blob/12.26.0-beta.1 (17.0.8; Windows 11; 10.0)",
        "x-ms-blob-type": "BlockBlob",
        "x-ms-client-request-id": "5b1ffd88-261b-4fee-81b6-8724a2e64d6d",
        "x-ms-version": "2024-02-04"
      },
      "RequestBody": "ZGVmYXVsdA==",
      "StatusCode": 201,
      "ResponseHeaders": {
        "Content-Length": "0",
        "Content-MD5": "wh\u002BWm18D0z1D4E\u002BPE252gg==",
        "Date": "Mon, 11 Dec 2023 23:30:00 GMT",
        "ETag": "\u00220x8DBFAA118AA9572\u0022",
        "Last-Modified": "Mon, 11 Dec 2023 23:30:01 GMT",
        "Server": [
          "Windows-Azure-Blob/1.0",
          "Microsoft-HTTPAPI/2.0"
        ],
        "x-ms-client-request-id": "5b1ffd88-261b-4fee-81b6-8724a2e64d6d",
        "x-ms-content-crc64": "6RYQPwaVsyQ=",
        "x-ms-request-id": "d57435a5-501e-0088-5589-2c726f000000",
        "x-ms-request-server-encrypted": "true",
        "x-ms-version": "2024-02-04"
      },
      "ResponseBody": null
    },
    {
      "RequestUri": "https://REDACTED/2474a6990commitblocklist36f321539ebe212e5b96498/2474a6991commitblocklist36f81206d68a92393a5b464?comp=block\u0026blockid=MzkzNjc4OWQtNzg4ZC00MTI5LWFjMzMtZDUyOWRmNmZkZWFl",
      "RequestMethod": "PUT",
      "RequestHeaders": {
        "Accept": "application/xml",
        "Authorization": "Sanitized",
        "Content-Length": "7",
        "Content-Type": "application/octet-stream",
        "Date": "Mon, 11 Dec 2023 23:29:57 GMT",
        "User-Agent": "azsdk-java-azure-storage-blob/12.26.0-beta.1 (17.0.8; Windows 11; 10.0)",
        "x-ms-client-request-id": "fec1cd38-d255-42d4-a956-197bc673c3c4",
        "x-ms-version": "2024-02-04"
      },
      "RequestBody": "ZGVmYXVsdA==",
      "StatusCode": 201,
      "ResponseHeaders": {
        "Content-Length": "0",
        "Date": "Mon, 11 Dec 2023 23:30:00 GMT",
        "Server": [
          "Windows-Azure-Blob/1.0",
          "Microsoft-HTTPAPI/2.0"
        ],
        "x-ms-client-request-id": "fec1cd38-d255-42d4-a956-197bc673c3c4",
        "x-ms-content-crc64": "6RYQPwaVsyQ=",
        "x-ms-request-id": "d574362a-501e-0088-4f89-2c726f000000",
        "x-ms-request-server-encrypted": "true",
        "x-ms-version": "2024-02-04"
      },
      "ResponseBody": null
    },
    {
      "RequestUri": "https://REDACTED/2474a6990commitblocklist36f321539ebe212e5b96498/2474a6991commitblocklist36f81206d68a92393a5b464?comp=blocklist",
      "RequestMethod": "PUT",
      "RequestHeaders": {
        "Accept": "application/xml",
        "Authorization": "Sanitized",
        "Content-Length": "126",
        "Content-Type": "application/xml",
        "Date": "Mon, 11 Dec 2023 23:29:57 GMT",
        "User-Agent": "azsdk-java-azure-storage-blob/12.26.0-beta.1 (17.0.8; Windows 11; 10.0)",
        "x-ms-client-request-id": "96b98c70-86fc-4d61-8ae5-2938e2baf3e1",
        "x-ms-version": "2024-02-04"
      },
      "RequestBody": "\u003C?xml version=\u00271.0\u0027 encoding=\u0027UTF-8\u0027?\u003E\u003CBlockList\u003E\u003CLatest\u003EMzkzNjc4OWQtNzg4ZC00MTI5LWFjMzMtZDUyOWRmNmZkZWFl\u003C/Latest\u003E\u003C/BlockList\u003E",
      "StatusCode": 201,
      "ResponseHeaders": {
        "Content-Length": "0",
        "Date": "Mon, 11 Dec 2023 23:30:00 GMT",
        "ETag": "\u00220x8DBFAA118C8EE78\u0022",
        "Last-Modified": "Mon, 11 Dec 2023 23:30:01 GMT",
        "Server": [
          "Windows-Azure-Blob/1.0",
          "Microsoft-HTTPAPI/2.0"
        ],
        "x-ms-client-request-id": "96b98c70-86fc-4d61-8ae5-2938e2baf3e1",
        "x-ms-content-crc64": "oqpAu7WUgMY=",
        "x-ms-request-id": "d57436a0-501e-0088-3b89-2c726f000000",
        "x-ms-request-server-encrypted": "true",
        "x-ms-version": "2024-02-04"
      },
      "ResponseBody": null
    }
  ],
  "Variables": {
    "0": "2474a6990commitblocklist36f321539ebe212e5b96498",
    "1": "2474a6991commitblocklist36f81206d68a92393a5b464",
    "2": "2474a6992commitblocklist36f04071f5054fa470e54a2",
    "3": "3936789d-788d-4129-ac33-d529df6fdeae"
  }
}
