{
  "Entries": [
    {
      "RequestUri": "https://REDACTED/aae86c690asyncuploadbinarydata58747364a0e662fc91fc?restype=container",
      "RequestMethod": "PUT",
      "RequestHeaders": {
        "Accept": "application/xml",
        "Authorization": "Sanitized",
        "Content-Length": "0",
        "Date": "Thu, 05 Oct 2023 19:36:54 GMT",
        "User-Agent": "azsdk-java-azure-storage-blob/12.25.0-beta.1 (11.0.16.1; Windows 11; 10.0)",
        "x-ms-client-request-id": "e14d26b1-af28-4d85-b384-217e70e2b4ce",
        "x-ms-version": "2023-08-03"
      },
      "RequestBody": null,
      "StatusCode": 201,
      "ResponseHeaders": {
        "Content-Length": "0",
        "Date": "Thu, 05 Oct 2023 19:36:53 GMT",
        "ETag": "\u00220x8DBC5DA6E211DFF\u0022",
        "Last-Modified": "Thu, 05 Oct 2023 19:36:54 GMT",
        "Server": [
          "Windows-Azure-Blob/1.0",
          "Microsoft-HTTPAPI/2.0"
        ],
        "x-ms-client-request-id": "e14d26b1-af28-4d85-b384-217e70e2b4ce",
        "x-ms-request-id": "b0d23636-801e-001f-7fc3-f72286000000",
        "x-ms-version": "2023-08-03"
      },
      "ResponseBody": null
    },
    {
      "RequestUri": "https://REDACTED/aae86c690asyncuploadbinarydata58747364a0e662fc91fc/aae86c691asyncuploadbinarydata58751503866f3167204a",
      "RequestMethod": "PUT",
      "RequestHeaders": {
        "Accept": "application/xml",
        "Authorization": "Sanitized",
        "Content-Length": "7",
        "Content-Type": "application/octet-stream",
        "Date": "Thu, 05 Oct 2023 19:36:54 GMT",
        "User-Agent": "azsdk-java-azure-storage-blob/12.25.0-beta.1 (11.0.16.1; Windows 11; 10.0)",
        "x-ms-blob-type": "BlockBlob",
        "x-ms-client-request-id": "bd01e96f-f71f-4fab-8142-eee7737ba734",
        "x-ms-version": "2023-08-03"
      },
      "RequestBody": "ZGVmYXVsdA==",
      "StatusCode": 201,
      "ResponseHeaders": {
        "Content-Length": "0",
        "Content-MD5": "wh\u002BWm18D0z1D4E\u002BPE252gg==",
        "Date": "Thu, 05 Oct 2023 19:36:53 GMT",
        "ETag": "\u00220x8DBC5DA6E317040\u0022",
        "Last-Modified": "Thu, 05 Oct 2023 19:36:54 GMT",
        "Server": [
          "Windows-Azure-Blob/1.0",
          "Microsoft-HTTPAPI/2.0"
        ],
        "x-ms-client-request-id": "bd01e96f-f71f-4fab-8142-eee7737ba734",
        "x-ms-content-crc64": "6RYQPwaVsyQ=",
        "x-ms-request-id": "b0d236a5-801e-001f-5cc3-f72286000000",
        "x-ms-request-server-encrypted": "true",
        "x-ms-version": "2023-08-03",
        "x-ms-version-id": "2023-10-05T19:36:54.5343303Z"
      },
      "ResponseBody": null
    },
    {
      "RequestUri": "https://REDACTED/aae86c690asyncuploadbinarydata58747364a0e662fc91fc/aae86c692asyncuploadbinarydata58781372aaa0c554cf7c",
      "RequestMethod": "PUT",
      "RequestHeaders": {
        "Accept": "application/xml",
        "Authorization": "Sanitized",
        "Content-Length": "7",
        "Content-Type": "application/octet-stream",
        "Date": "Thu, 05 Oct 2023 19:36:54 GMT",
        "User-Agent": "azsdk-java-azure-storage-blob/12.25.0-beta.1 (11.0.16.1; Windows 11; 10.0)",
        "x-ms-blob-type": "BlockBlob",
        "x-ms-client-request-id": "6c83aa41-d9ee-4e0b-98a0-2f016df1f66a",
        "x-ms-version": "2023-08-03"
      },
      "RequestBody": "ZGVmYXVsdA==",
      "StatusCode": 201,
      "ResponseHeaders": {
        "Content-Length": "0",
        "Content-MD5": "wh\u002BWm18D0z1D4E\u002BPE252gg==",
        "Date": "Thu, 05 Oct 2023 19:36:53 GMT",
        "ETag": "\u00220x8DBC5DA6E40892C\u0022",
        "Last-Modified": "Thu, 05 Oct 2023 19:36:54 GMT",
        "Server": [
          "Windows-Azure-Blob/1.0",
          "Microsoft-HTTPAPI/2.0"
        ],
        "x-ms-client-request-id": "6c83aa41-d9ee-4e0b-98a0-2f016df1f66a",
        "x-ms-content-crc64": "6RYQPwaVsyQ=",
        "x-ms-request-id": "b0d2371e-801e-001f-4ac3-f72286000000",
        "x-ms-request-server-encrypted": "true",
        "x-ms-version": "2023-08-03",
        "x-ms-version-id": "2023-10-05T19:36:54.6322732Z"
      },
      "ResponseBody": null
    },
    {
      "RequestUri": "https://REDACTED/aae86c690asyncuploadbinarydata58747364a0e662fc91fc/aae86c692asyncuploadbinarydata58781372aaa0c554cf7c",
      "RequestMethod": "PUT",
      "RequestHeaders": {
        "Accept": "application/xml",
        "Authorization": "Sanitized",
        "Content-Length": "7",
        "Content-Type": "application/octet-stream",
        "Date": "Thu, 05 Oct 2023 19:36:54 GMT",
        "User-Agent": "azsdk-java-azure-storage-blob/12.25.0-beta.1 (11.0.16.1; Windows 11; 10.0)",
        "x-ms-blob-type": "BlockBlob",
        "x-ms-client-request-id": "5acba9d7-becc-421f-b95d-2b2ad56caae6",
        "x-ms-version": "2023-08-03"
      },
      "RequestBody": "ZGVmYXVsdA==",
      "StatusCode": 201,
      "ResponseHeaders": {
        "Content-Length": "0",
        "Content-MD5": "wh\u002BWm18D0z1D4E\u002BPE252gg==",
        "Date": "Thu, 05 Oct 2023 19:36:53 GMT",
        "ETag": "\u00220x8DBC5DA6E4FC93D\u0022",
        "Last-Modified": "Thu, 05 Oct 2023 19:36:54 GMT",
        "Server": [
          "Windows-Azure-Blob/1.0",
          "Microsoft-HTTPAPI/2.0"
        ],
        "x-ms-client-request-id": "5acba9d7-becc-421f-b95d-2b2ad56caae6",
        "x-ms-content-crc64": "6RYQPwaVsyQ=",
        "x-ms-request-id": "b0d237a8-801e-001f-42c3-f72286000000",
        "x-ms-request-server-encrypted": "true",
        "x-ms-version": "2023-08-03",
        "x-ms-version-id": "2023-10-05T19:36:54.7332173Z"
      },
      "ResponseBody": null
    },
    {
      "RequestUri": "https://REDACTED/aae86c690asyncuploadbinarydata58747364a0e662fc91fc/aae86c692asyncuploadbinarydata58781372aaa0c554cf7c",
      "RequestMethod": "GET",
      "RequestHeaders": {
        "Accept": "application/xml",
        "Authorization": "Sanitized",
        "Content-Length": "0",
        "Date": "Thu, 05 Oct 2023 19:36:54 GMT",
        "User-Agent": "azsdk-java-azure-storage-blob/12.25.0-beta.1 (11.0.16.1; Windows 11; 10.0)",
        "x-ms-client-request-id": "904de57c-ff6f-462c-a192-28142b67c7f5",
        "x-ms-version": "2023-08-03"
      },
      "RequestBody": null,
      "StatusCode": 200,
      "ResponseHeaders": {
        "Accept-Ranges": "bytes",
        "Access-Control-Allow-Origin": "*",
        "Access-Control-Expose-Headers": "x-ms-client-request-id",
        "Content-Length": "7",
        "Content-MD5": "wh\u002BWm18D0z1D4E\u002BPE252gg==",
        "Content-Type": "application/octet-stream",
        "Date": "Thu, 05 Oct 2023 19:36:53 GMT",
        "ETag": "\u00220x8DBC5DA6E4FC93D\u0022",
        "Last-Modified": "Thu, 05 Oct 2023 19:36:54 GMT",
        "Server": [
          "Windows-Azure-Blob/1.0",
          "Microsoft-HTTPAPI/2.0"
        ],
        "x-ms-blob-type": "BlockBlob",
        "x-ms-client-request-id": "904de57c-ff6f-462c-a192-28142b67c7f5",
        "x-ms-creation-time": "Thu, 05 Oct 2023 19:36:54 GMT",
        "x-ms-is-current-version": "true",
        "x-ms-last-access-time": "Thu, 05 Oct 2023 19:36:54 GMT",
        "x-ms-lease-state": "available",
        "x-ms-lease-status": "unlocked",
        "x-ms-request-id": "b0d23814-801e-001f-26c3-f72286000000",
        "x-ms-server-encrypted": "true",
        "x-ms-version": "2023-08-03",
        "x-ms-version-id": "2023-10-05T19:36:54.7332173Z"
      },
      "ResponseBody": "ZGVmYXVsdA=="
    }
  ],
  "Variables": {
    "0": "aae86c690asyncuploadbinarydata58747364a0e662fc91fc",
    "1": "aae86c691asyncuploadbinarydata58751503866f3167204a",
    "2": "aae86c692asyncuploadbinarydata58781372aaa0c554cf7c"
  }
}
