{
  "Entries": [
    {
      "RequestUri": "https://REDACTED/de5c3c0e0uploadtagsf2675313b4833ac327ea496190?restype=container",
      "RequestMethod": "PUT",
      "RequestHeaders": {
        "Accept": "application/xml",
        "Authorization": "Sanitized",
        "Content-Length": "0",
        "Date": "Wed, 11 Oct 2023 20:44:44 GMT",
        "User-Agent": "azsdk-java-azure-storage-blob/12.25.0-beta.1 (17.0.8.1; Windows 11; 10.0)",
        "x-ms-client-request-id": "abe7be38-42a5-440b-b5f8-98f445c70937",
        "x-ms-version": "2023-08-03"
      },
      "RequestBody": null,
      "StatusCode": 201,
      "ResponseHeaders": {
        "Content-Length": "0",
        "Date": "Wed, 11 Oct 2023 20:44:43 GMT",
        "ETag": "\u00220x8DBCA9AE66867E0\u0022",
        "Last-Modified": "Wed, 11 Oct 2023 20:44:44 GMT",
        "Server": [
          "Windows-Azure-Blob/1.0",
          "Microsoft-HTTPAPI/2.0"
        ],
        "x-ms-client-request-id": "abe7be38-42a5-440b-b5f8-98f445c70937",
        "x-ms-request-id": "53e14ad3-a01e-0018-6283-fc4ee5000000",
        "x-ms-version": "2023-08-03"
      },
      "ResponseBody": null
    },
    {
      "RequestUri": "https://REDACTED/de5c3c0e0uploadtagsf2675313b4833ac327ea496190/de5c3c0e1uploadtagsf26601227c0517f46a3949e99a",
      "RequestMethod": "PUT",
      "RequestHeaders": {
        "Accept": "application/xml",
        "Authorization": "Sanitized",
        "Content-Length": "7",
        "Content-Type": "application/octet-stream",
        "Date": "Wed, 11 Oct 2023 20:44:44 GMT",
        "User-Agent": "azsdk-java-azure-storage-blob/12.25.0-beta.1 (17.0.8.1; Windows 11; 10.0)",
        "x-ms-blob-type": "BlockBlob",
        "x-ms-client-request-id": "d51621bd-8842-4d56-870a-913a3921c1b0",
        "x-ms-version": "2023-08-03"
      },
      "RequestBody": "ZGVmYXVsdA==",
      "StatusCode": 201,
      "ResponseHeaders": {
        "Content-Length": "0",
        "Content-MD5": "wh\u002BWm18D0z1D4E\u002BPE252gg==",
        "Date": "Wed, 11 Oct 2023 20:44:43 GMT",
        "ETag": "\u00220x8DBCA9AE66D1D1E\u0022",
        "Last-Modified": "Wed, 11 Oct 2023 20:44:44 GMT",
        "Server": [
          "Windows-Azure-Blob/1.0",
          "Microsoft-HTTPAPI/2.0"
        ],
        "x-ms-client-request-id": "d51621bd-8842-4d56-870a-913a3921c1b0",
        "x-ms-content-crc64": "6RYQPwaVsyQ=",
        "x-ms-request-id": "53e14af2-a01e-0018-7d83-fc4ee5000000",
        "x-ms-request-server-encrypted": "true",
        "x-ms-version": "2023-08-03"
      },
      "ResponseBody": null
    },
    {
      "RequestUri": "https://REDACTED/de5c3c0e0uploadtagsf2675313b4833ac327ea496190/de5c3c0e2uploadtagsf2667192af241dbacf46407789",
      "RequestMethod": "PUT",
      "RequestHeaders": {
        "Accept": "application/xml",
        "Authorization": "Sanitized",
        "Content-Length": "7",
        "Content-Type": "application/octet-stream",
        "Date": "Wed, 11 Oct 2023 20:44:44 GMT",
        "User-Agent": "azsdk-java-azure-storage-blob/12.25.0-beta.1 (17.0.8.1; Windows 11; 10.0)",
        "x-ms-blob-type": "BlockBlob",
        "x-ms-client-request-id": "1a3db17a-2338-4087-9c70-cd7baa991a34",
        "x-ms-version": "2023-08-03"
      },
      "RequestBody": "ZGVmYXVsdA==",
      "StatusCode": 201,
      "ResponseHeaders": {
        "Content-Length": "0",
        "Content-MD5": "wh\u002BWm18D0z1D4E\u002BPE252gg==",
        "Date": "Wed, 11 Oct 2023 20:44:43 GMT",
        "ETag": "\u00220x8DBCA9AE671FE62\u0022",
        "Last-Modified": "Wed, 11 Oct 2023 20:44:44 GMT",
        "Server": [
          "Windows-Azure-Blob/1.0",
          "Microsoft-HTTPAPI/2.0"
        ],
        "x-ms-client-request-id": "1a3db17a-2338-4087-9c70-cd7baa991a34",
        "x-ms-content-crc64": "6RYQPwaVsyQ=",
        "x-ms-request-id": "53e14b18-a01e-0018-2183-fc4ee5000000",
        "x-ms-request-server-encrypted": "true",
        "x-ms-version": "2023-08-03"
      },
      "ResponseBody": null
    },
    {
      "RequestUri": "https://REDACTED/de5c3c0e0uploadtagsf2675313b4833ac327ea496190/de5c3c0e1uploadtagsf26601227c0517f46a3949e99a",
      "RequestMethod": "PUT",
      "RequestHeaders": {
        "Accept": "application/xml",
        "Authorization": "Sanitized",
        "Content-Length": "7",
        "Content-Type": "application/octet-stream",
        "Date": "Wed, 11 Oct 2023 20:44:44 GMT",
        "User-Agent": "azsdk-java-azure-storage-blob/12.25.0-beta.1 (17.0.8.1; Windows 11; 10.0)",
        "x-ms-blob-type": "BlockBlob",
        "x-ms-client-request-id": "953fc621-3adc-4be4-b532-47e3d46c8f17",
        "x-ms-tags": "foo=bar\u0026fizz=buzz",
        "x-ms-version": "2023-08-03"
      },
      "RequestBody": "ZGVmYXVsdA==",
      "StatusCode": 201,
      "ResponseHeaders": {
        "Content-Length": "0",
        "Content-MD5": "wh\u002BWm18D0z1D4E\u002BPE252gg==",
        "Date": "Wed, 11 Oct 2023 20:44:43 GMT",
        "ETag": "\u00220x8DBCA9AE676B89E\u0022",
        "Last-Modified": "Wed, 11 Oct 2023 20:44:44 GMT",
        "Server": [
          "Windows-Azure-Blob/1.0",
          "Microsoft-HTTPAPI/2.0"
        ],
        "x-ms-client-request-id": "953fc621-3adc-4be4-b532-47e3d46c8f17",
        "x-ms-content-crc64": "6RYQPwaVsyQ=",
        "x-ms-request-id": "53e14b36-a01e-0018-3a83-fc4ee5000000",
        "x-ms-request-server-encrypted": "true",
        "x-ms-version": "2023-08-03"
      },
      "ResponseBody": null
    },
    {
      "RequestUri": "https://REDACTED/de5c3c0e0uploadtagsf2675313b4833ac327ea496190/de5c3c0e1uploadtagsf26601227c0517f46a3949e99a?comp=tags",
      "RequestMethod": "GET",
      "RequestHeaders": {
        "Accept": "application/xml",
        "Authorization": "Sanitized",
        "Content-Length": "0",
        "Date": "Wed, 11 Oct 2023 20:44:44 GMT",
        "User-Agent": "azsdk-java-azure-storage-blob/12.25.0-beta.1 (17.0.8.1; Windows 11; 10.0)",
        "x-ms-client-request-id": "d5052f0a-61c8-4e62-a9ba-bf7466d00558",
        "x-ms-version": "2023-08-03"
      },
      "RequestBody": null,
      "StatusCode": 200,
      "ResponseHeaders": {
        "Access-Control-Allow-Origin": "*",
        "Access-Control-Expose-Headers": "x-ms-client-request-id",
        "Content-Length": "160",
        "Content-Type": "application/xml",
        "Date": "Wed, 11 Oct 2023 20:44:43 GMT",
        "Server": [
          "Windows-Azure-Blob/1.0",
          "Microsoft-HTTPAPI/2.0"
        ],
        "x-ms-client-request-id": "d5052f0a-61c8-4e62-a9ba-bf7466d00558",
        "x-ms-request-id": "53e14b4a-a01e-0018-4d83-fc4ee5000000",
        "x-ms-version": "2023-08-03"
      },
      "ResponseBody": [
        "\uFEFF\u003C?xml version=\u00221.0\u0022 encoding=\u0022utf-8\u0022?\u003E\n",
        "\u003CTags\u003E\u003CTagSet\u003E\u003CTag\u003E\u003CKey\u003Efizz\u003C/Key\u003E\u003CValue\u003Ebuzz\u003C/Value\u003E\u003C/Tag\u003E\u003CTag\u003E\u003CKey\u003Efoo\u003C/Key\u003E\u003CValue\u003Ebar\u003C/Value\u003E\u003C/Tag\u003E\u003C/TagSet\u003E\u003C/Tags\u003E"
      ]
    }
  ],
  "Variables": {
    "0": "de5c3c0e0uploadtagsf2675313b4833ac327ea496190",
    "1": "de5c3c0e1uploadtagsf26601227c0517f46a3949e99a",
    "2": "de5c3c0e2uploadtagsf2667192af241dbacf46407789"
  }
}
