{
  "Entries": [
    {
      "RequestUri": "https://REDACTED/84f2c0890stageblockillegalarguments5dc269926f7fe610ec?restype=container",
      "RequestMethod": "PUT",
      "RequestHeaders": {
        "Accept": "application/xml",
        "Authorization": "Sanitized",
        "Content-Length": "0",
        "Date": "Wed, 18 Oct 2023 19:24:26 GMT",
        "User-Agent": "azsdk-java-azure-storage-blob/12.25.0-beta.1 (17.0.8; Windows 11; 10.0)",
        "x-ms-client-request-id": "e01d47f4-a0df-4218-b893-a4112ada1c6d",
        "x-ms-version": "2023-11-03"
      },
      "RequestBody": null,
      "StatusCode": 201,
      "ResponseHeaders": {
        "Content-Length": "0",
        "Date": "Wed, 18 Oct 2023 19:24:26 GMT",
        "ETag": "\u00220x8DBD00FD8023508\u0022",
        "Last-Modified": "Wed, 18 Oct 2023 19:24:27 GMT",
        "Server": [
          "Windows-Azure-Blob/1.0",
          "Microsoft-HTTPAPI/2.0"
        ],
        "x-ms-client-request-id": "e01d47f4-a0df-4218-b893-a4112ada1c6d",
        "x-ms-request-id": "6ef41497-f01e-0075-30f8-01fc4a000000",
        "x-ms-version": "2023-11-03"
      },
      "ResponseBody": null
    },
    {
      "RequestUri": "https://REDACTED/84f2c0890stageblockillegalarguments5dc269926f7fe610ec/84f2c0891stageblockillegalarguments5dc38156bfec25ac30",
      "RequestMethod": "PUT",
      "RequestHeaders": {
        "Accept": "application/xml",
        "Authorization": "Sanitized",
        "Content-Length": "7",
        "Content-Type": "application/octet-stream",
        "Date": "Wed, 18 Oct 2023 19:24:27 GMT",
        "User-Agent": "azsdk-java-azure-storage-blob/12.25.0-beta.1 (17.0.8; Windows 11; 10.0)",
        "x-ms-blob-type": "BlockBlob",
        "x-ms-client-request-id": "5c688430-ec17-4e8a-bdf6-b85a1f29f551",
        "x-ms-version": "2023-11-03"
      },
      "RequestBody": "ZGVmYXVsdA==",
      "StatusCode": 201,
      "ResponseHeaders": {
        "Content-Length": "0",
        "Content-MD5": "wh\u002BWm18D0z1D4E\u002BPE252gg==",
        "Date": "Wed, 18 Oct 2023 19:24:26 GMT",
        "ETag": "\u00220x8DBD00FD812BD78\u0022",
        "Last-Modified": "Wed, 18 Oct 2023 19:24:27 GMT",
        "Server": [
          "Windows-Azure-Blob/1.0",
          "Microsoft-HTTPAPI/2.0"
        ],
        "x-ms-client-request-id": "5c688430-ec17-4e8a-bdf6-b85a1f29f551",
        "x-ms-content-crc64": "6RYQPwaVsyQ=",
        "x-ms-request-id": "6ef41579-f01e-0075-06f8-01fc4a000000",
        "x-ms-request-server-encrypted": "true",
        "x-ms-version": "2023-11-03"
      },
      "ResponseBody": null
    },
    {
      "RequestUri": "https://REDACTED/84f2c0890stageblockillegalarguments5dc269926f7fe610ec/84f2c0892stageblockillegalarguments5dc994074a992556a6",
      "RequestMethod": "PUT",
      "RequestHeaders": {
        "Accept": "application/xml",
        "Authorization": "Sanitized",
        "Content-Length": "7",
        "Content-Type": "application/octet-stream",
        "Date": "Wed, 18 Oct 2023 19:24:27 GMT",
        "User-Agent": "azsdk-java-azure-storage-blob/12.25.0-beta.1 (17.0.8; Windows 11; 10.0)",
        "x-ms-blob-type": "BlockBlob",
        "x-ms-client-request-id": "fb76502f-5a42-4c9d-9430-b296d5ec8592",
        "x-ms-version": "2023-11-03"
      },
      "RequestBody": "ZGVmYXVsdA==",
      "StatusCode": 201,
      "ResponseHeaders": {
        "Content-Length": "0",
        "Content-MD5": "wh\u002BWm18D0z1D4E\u002BPE252gg==",
        "Date": "Wed, 18 Oct 2023 19:24:26 GMT",
        "ETag": "\u00220x8DBD00FD821D661\u0022",
        "Last-Modified": "Wed, 18 Oct 2023 19:24:27 GMT",
        "Server": [
          "Windows-Azure-Blob/1.0",
          "Microsoft-HTTPAPI/2.0"
        ],
        "x-ms-client-request-id": "fb76502f-5a42-4c9d-9430-b296d5ec8592",
        "x-ms-content-crc64": "6RYQPwaVsyQ=",
        "x-ms-request-id": "6ef41624-f01e-0075-25f8-01fc4a000000",
        "x-ms-request-server-encrypted": "true",
        "x-ms-version": "2023-11-03"
      },
      "ResponseBody": null
    }
  ],
  "Variables": {
    "0": "84f2c0890stageblockillegalarguments5dc269926f7fe610ec",
    "1": "84f2c0891stageblockillegalarguments5dc38156bfec25ac30",
    "2": "84f2c0892stageblockillegalarguments5dc994074a992556a6",
    "3": "7f68d0e7-dd58-41fc-bc98-e06b953f090c"
  }
}
