{
  "Entries": [
    {
      "RequestUri": "https://REDACTED/244d71e90uploadfromurldestinationrequestconditionse3b350095e?restype=container",
      "RequestMethod": "PUT",
      "RequestHeaders": {
        "Accept": "application/xml",
        "Authorization": "Sanitized",
        "Content-Length": "0",
        "Date": "Wed, 11 Oct 2023 20:44:42 GMT",
        "User-Agent": "azsdk-java-azure-storage-blob/12.25.0-beta.1 (17.0.8.1; Windows 11; 10.0)",
        "x-ms-client-request-id": "b5221555-711c-4af4-83f2-9cf6546a85aa",
        "x-ms-version": "2023-08-03"
      },
      "RequestBody": null,
      "StatusCode": 201,
      "ResponseHeaders": {
        "Content-Length": "0",
        "Date": "Wed, 11 Oct 2023 20:44:41 GMT",
        "ETag": "\u00220x8DBCA9AE513F4F1\u0022",
        "Last-Modified": "Wed, 11 Oct 2023 20:44:42 GMT",
        "Server": [
          "Windows-Azure-Blob/1.0",
          "Microsoft-HTTPAPI/2.0"
        ],
        "x-ms-client-request-id": "b5221555-711c-4af4-83f2-9cf6546a85aa",
        "x-ms-request-id": "a89c2a0b-101e-000d-3a83-fc5956000000",
        "x-ms-version": "2023-08-03"
      },
      "ResponseBody": null
    },
    {
      "RequestUri": "https://REDACTED/244d71e90uploadfromurldestinationrequestconditionse3b350095e/244d71e91uploadfromurldestinationrequestconditionse3b5813361",
      "RequestMethod": "PUT",
      "RequestHeaders": {
        "Accept": "application/xml",
        "Authorization": "Sanitized",
        "Content-Length": "7",
        "Content-Type": "application/octet-stream",
        "Date": "Wed, 11 Oct 2023 20:44:42 GMT",
        "User-Agent": "azsdk-java-azure-storage-blob/12.25.0-beta.1 (17.0.8.1; Windows 11; 10.0)",
        "x-ms-blob-type": "BlockBlob",
        "x-ms-client-request-id": "03a4ce8c-6c4c-4103-8ce8-9e22148a0433",
        "x-ms-version": "2023-08-03"
      },
      "RequestBody": "ZGVmYXVsdA==",
      "StatusCode": 201,
      "ResponseHeaders": {
        "Content-Length": "0",
        "Content-MD5": "wh\u002BWm18D0z1D4E\u002BPE252gg==",
        "Date": "Wed, 11 Oct 2023 20:44:42 GMT",
        "ETag": "\u00220x8DBCA9AE5181FA6\u0022",
        "Last-Modified": "Wed, 11 Oct 2023 20:44:42 GMT",
        "Server": [
          "Windows-Azure-Blob/1.0",
          "Microsoft-HTTPAPI/2.0"
        ],
        "x-ms-client-request-id": "03a4ce8c-6c4c-4103-8ce8-9e22148a0433",
        "x-ms-content-crc64": "6RYQPwaVsyQ=",
        "x-ms-request-id": "a89c2a20-101e-000d-4d83-fc5956000000",
        "x-ms-request-server-encrypted": "true",
        "x-ms-version": "2023-08-03"
      },
      "ResponseBody": null
    },
    {
      "RequestUri": "https://REDACTED/244d71e90uploadfromurldestinationrequestconditionse3b350095e/244d71e92uploadfromurldestinationrequestconditionse3b81508c1",
      "RequestMethod": "PUT",
      "RequestHeaders": {
        "Accept": "application/xml",
        "Authorization": "Sanitized",
        "Content-Length": "7",
        "Content-Type": "application/octet-stream",
        "Date": "Wed, 11 Oct 2023 20:44:42 GMT",
        "User-Agent": "azsdk-java-azure-storage-blob/12.25.0-beta.1 (17.0.8.1; Windows 11; 10.0)",
        "x-ms-blob-type": "BlockBlob",
        "x-ms-client-request-id": "6c2e8c26-09a0-4162-ad0b-6bfe4ea598de",
        "x-ms-version": "2023-08-03"
      },
      "RequestBody": "ZGVmYXVsdA==",
      "StatusCode": 201,
      "ResponseHeaders": {
        "Content-Length": "0",
        "Content-MD5": "wh\u002BWm18D0z1D4E\u002BPE252gg==",
        "Date": "Wed, 11 Oct 2023 20:44:41 GMT",
        "ETag": "\u00220x8DBCA9AE51D760B\u0022",
        "Last-Modified": "Wed, 11 Oct 2023 20:44:42 GMT",
        "Server": [
          "Windows-Azure-Blob/1.0",
          "Microsoft-HTTPAPI/2.0"
        ],
        "x-ms-client-request-id": "6c2e8c26-09a0-4162-ad0b-6bfe4ea598de",
        "x-ms-content-crc64": "6RYQPwaVsyQ=",
        "x-ms-request-id": "d39156d2-001e-0087-5283-fc02e7000000",
        "x-ms-request-server-encrypted": "true",
        "x-ms-version": "2023-08-03"
      },
      "ResponseBody": null
    },
    {
      "RequestUri": "https://REDACTED/244d71e90uploadfromurldestinationrequestconditionse3b350095e/244d71e93uploadfromurldestinationrequestconditionse3b7936036",
      "RequestMethod": "PUT",
      "RequestHeaders": {
        "Accept": "application/xml",
        "Authorization": "Sanitized",
        "Content-Length": "7",
        "Content-Type": "application/octet-stream",
        "Date": "Wed, 11 Oct 2023 20:44:42 GMT",
        "If-None-Match": "*",
        "User-Agent": "azsdk-java-azure-storage-blob/12.25.0-beta.1 (17.0.8.1; Windows 11; 10.0)",
        "x-ms-blob-type": "BlockBlob",
        "x-ms-client-request-id": "7728da57-4958-4431-b92a-aca3554d5880",
        "x-ms-version": "2023-08-03"
      },
      "RequestBody": "ZGVmYXVsdA==",
      "StatusCode": 201,
      "ResponseHeaders": {
        "Content-Length": "0",
        "Content-MD5": "wh\u002BWm18D0z1D4E\u002BPE252gg==",
        "Date": "Wed, 11 Oct 2023 20:44:41 GMT",
        "ETag": "\u00220x8DBCA9AE521BB33\u0022",
        "Last-Modified": "Wed, 11 Oct 2023 20:44:42 GMT",
        "Server": [
          "Windows-Azure-Blob/1.0",
          "Microsoft-HTTPAPI/2.0"
        ],
        "x-ms-client-request-id": "7728da57-4958-4431-b92a-aca3554d5880",
        "x-ms-content-crc64": "6RYQPwaVsyQ=",
        "x-ms-request-id": "8c1cce7d-801e-0052-0983-fced6a000000",
        "x-ms-request-server-encrypted": "true",
        "x-ms-version": "2023-08-03"
      },
      "ResponseBody": null
    },
    {
      "RequestUri": "https://REDACTED/244d71e90uploadfromurldestinationrequestconditionse3b350095e/244d71e91uploadfromurldestinationrequestconditionse3b5813361",
      "RequestMethod": "PUT",
      "RequestHeaders": {
        "Accept": "application/xml",
        "Authorization": "Sanitized",
        "Content-Length": "0",
        "Content-Type": "application/octet-stream",
        "Date": "Wed, 11 Oct 2023 20:44:42 GMT",
        "User-Agent": "azsdk-java-azure-storage-blob/12.25.0-beta.1 (17.0.8.1; Windows 11; 10.0)",
        "x-ms-blob-type": "BlockBlob",
        "x-ms-client-request-id": "8bb35a23-55f4-44a6-b413-f68737168832",
        "x-ms-version": "2023-08-03"
      },
      "RequestBody": null,
      "StatusCode": 201,
      "ResponseHeaders": {
        "Content-Length": "0",
        "Content-MD5": "1B2M2Y8AsgTpgAmY7PhCfg==",
        "Date": "Wed, 11 Oct 2023 20:44:41 GMT",
        "ETag": "\u00220x8DBCA9AE5258B32\u0022",
        "Last-Modified": "Wed, 11 Oct 2023 20:44:42 GMT",
        "Server": [
          "Windows-Azure-Blob/1.0",
          "Microsoft-HTTPAPI/2.0"
        ],
        "x-ms-client-request-id": "8bb35a23-55f4-44a6-b413-f68737168832",
        "x-ms-content-crc64": "AAAAAAAAAAA=",
        "x-ms-request-id": "8c1ccea3-801e-0052-2d83-fced6a000000",
        "x-ms-request-server-encrypted": "true",
        "x-ms-version": "2023-08-03"
      },
      "ResponseBody": null
    },
    {
      "RequestUri": "https://REDACTED/244d71e90uploadfromurldestinationrequestconditionse3b350095e/244d71e91uploadfromurldestinationrequestconditionse3b5813361",
      "RequestMethod": "PUT",
      "RequestHeaders": {
        "Accept": "application/xml",
        "Authorization": "Sanitized",
        "Content-Length": "0",
        "Date": "Wed, 11 Oct 2023 20:44:42 GMT",
        "If-Modified-Since": "Sat, 21 Oct 2023 20:44:40 GMT",
        "User-Agent": "azsdk-java-azure-storage-blob/12.25.0-beta.1 (17.0.8.1; Windows 11; 10.0)",
        "x-ms-blob-type": "BlockBlob",
        "x-ms-client-request-id": "30624777-140d-46b2-87b1-7178782f5ec9",
        "x-ms-copy-source": "REDACTED",
        "x-ms-version": "2023-08-03"
      },
      "RequestBody": null,
      "StatusCode": 412,
      "ResponseHeaders": {
        "Content-Length": "252",
        "Content-Type": "application/xml",
        "Date": "Wed, 11 Oct 2023 20:44:41 GMT",
        "Server": [
          "Windows-Azure-Blob/1.0",
          "Microsoft-HTTPAPI/2.0"
        ],
        "x-ms-client-request-id": "30624777-140d-46b2-87b1-7178782f5ec9",
        "x-ms-error-code": "ConditionNotMet",
        "x-ms-request-id": "8c1ccec9-801e-0052-4e83-fced6a000000",
        "x-ms-version": "2023-08-03"
      },
      "ResponseBody": [
        "\uFEFF\u003C?xml version=\u00221.0\u0022 encoding=\u0022utf-8\u0022?\u003E\u003CError\u003E\u003CCode\u003EConditionNotMet\u003C/Code\u003E\u003CMessage\u003EThe condition specified using HTTP conditional header(s) is not met.\n",
        "RequestId:8c1ccec9-801e-0052-4e83-fced6a000000\n",
        "Time:2023-10-11T20:44:42.1664818Z\u003C/Message\u003E\u003C/Error\u003E"
      ]
    }
  ],
  "Variables": {
    "0": "244d71e90uploadfromurldestinationrequestconditionse3b350095e",
    "1": "244d71e91uploadfromurldestinationrequestconditionse3b5813361",
    "2": "244d71e92uploadfromurldestinationrequestconditionse3b81508c1",
    "3": "244d71e93uploadfromurldestinationrequestconditionse3b7936036"
  }
}
