{
  "Entries": [
    {
      "RequestUri": "https://REDACTED/be3553470uploadfromurlsourcerequestconditions5d1262895c5be?restype=container",
      "RequestMethod": "PUT",
      "RequestHeaders": {
        "Accept": "application/xml",
        "Authorization": "Sanitized",
        "Content-Length": "0",
        "Date": "Thu, 12 Oct 2023 13:50:21 GMT",
        "User-Agent": "azsdk-java-azure-storage-blob/12.25.0-beta.1 (17.0.8.1; Windows 11; 10.0)",
        "x-ms-client-request-id": "7e65559a-98ff-4a36-827e-9427ad51b325",
        "x-ms-version": "2023-08-03"
      },
      "RequestBody": null,
      "StatusCode": 201,
      "ResponseHeaders": {
        "Content-Length": "0",
        "Date": "Thu, 12 Oct 2023 13:50:20 GMT",
        "ETag": "\u00220x8DBCB2A2D521E2C\u0022",
        "Last-Modified": "Thu, 12 Oct 2023 13:50:21 GMT",
        "Server": [
          "Windows-Azure-Blob/1.0",
          "Microsoft-HTTPAPI/2.0"
        ],
        "x-ms-client-request-id": "7e65559a-98ff-4a36-827e-9427ad51b325",
        "x-ms-request-id": "343f6f2b-e01e-0041-3a13-fd9255000000",
        "x-ms-version": "2023-08-03"
      },
      "ResponseBody": null
    },
    {
      "RequestUri": "https://REDACTED/be3553470uploadfromurlsourcerequestconditions5d1262895c5be/be3553471uploadfromurlsourcerequestconditions5d126059c110c",
      "RequestMethod": "PUT",
      "RequestHeaders": {
        "Accept": "application/xml",
        "Authorization": "Sanitized",
        "Content-Length": "7",
        "Content-Type": "application/octet-stream",
        "Date": "Thu, 12 Oct 2023 13:50:21 GMT",
        "User-Agent": "azsdk-java-azure-storage-blob/12.25.0-beta.1 (17.0.8.1; Windows 11; 10.0)",
        "x-ms-blob-type": "BlockBlob",
        "x-ms-client-request-id": "8e19ac13-9e61-46b6-addb-14ae07b589ea",
        "x-ms-version": "2023-08-03"
      },
      "RequestBody": "ZGVmYXVsdA==",
      "StatusCode": 201,
      "ResponseHeaders": {
        "Content-Length": "0",
        "Content-MD5": "wh\u002BWm18D0z1D4E\u002BPE252gg==",
        "Date": "Thu, 12 Oct 2023 13:50:20 GMT",
        "ETag": "\u00220x8DBCB2A2D562293\u0022",
        "Last-Modified": "Thu, 12 Oct 2023 13:50:21 GMT",
        "Server": [
          "Windows-Azure-Blob/1.0",
          "Microsoft-HTTPAPI/2.0"
        ],
        "x-ms-client-request-id": "8e19ac13-9e61-46b6-addb-14ae07b589ea",
        "x-ms-content-crc64": "6RYQPwaVsyQ=",
        "x-ms-request-id": "281ffb83-e01e-000c-6013-fd5db9000000",
        "x-ms-request-server-encrypted": "true",
        "x-ms-version": "2023-08-03"
      },
      "ResponseBody": null
    },
    {
      "RequestUri": "https://REDACTED/be3553470uploadfromurlsourcerequestconditions5d1262895c5be/be3553472uploadfromurlsourcerequestconditions5d1538193ce73",
      "RequestMethod": "PUT",
      "RequestHeaders": {
        "Accept": "application/xml",
        "Authorization": "Sanitized",
        "Content-Length": "7",
        "Content-Type": "application/octet-stream",
        "Date": "Thu, 12 Oct 2023 13:50:21 GMT",
        "User-Agent": "azsdk-java-azure-storage-blob/12.25.0-beta.1 (17.0.8.1; Windows 11; 10.0)",
        "x-ms-blob-type": "BlockBlob",
        "x-ms-client-request-id": "84ca2952-f120-4270-b853-885135a4b2aa",
        "x-ms-version": "2023-08-03"
      },
      "RequestBody": "ZGVmYXVsdA==",
      "StatusCode": 201,
      "ResponseHeaders": {
        "Content-Length": "0",
        "Content-MD5": "wh\u002BWm18D0z1D4E\u002BPE252gg==",
        "Date": "Thu, 12 Oct 2023 13:50:20 GMT",
        "ETag": "\u00220x8DBCB2A2D5A199C\u0022",
        "Last-Modified": "Thu, 12 Oct 2023 13:50:21 GMT",
        "Server": [
          "Windows-Azure-Blob/1.0",
          "Microsoft-HTTPAPI/2.0"
        ],
        "x-ms-client-request-id": "84ca2952-f120-4270-b853-885135a4b2aa",
        "x-ms-content-crc64": "6RYQPwaVsyQ=",
        "x-ms-request-id": "281ffba6-e01e-000c-0313-fd5db9000000",
        "x-ms-request-server-encrypted": "true",
        "x-ms-version": "2023-08-03"
      },
      "ResponseBody": null
    },
    {
      "RequestUri": "https://REDACTED/be3553470uploadfromurlsourcerequestconditions5d1262895c5be/be3553473uploadfromurlsourcerequestconditions5d197954a4513",
      "RequestMethod": "PUT",
      "RequestHeaders": {
        "Accept": "application/xml",
        "Authorization": "Sanitized",
        "Content-Length": "7",
        "Content-Type": "application/octet-stream",
        "Date": "Thu, 12 Oct 2023 13:50:21 GMT",
        "If-None-Match": "*",
        "User-Agent": "azsdk-java-azure-storage-blob/12.25.0-beta.1 (17.0.8.1; Windows 11; 10.0)",
        "x-ms-blob-type": "BlockBlob",
        "x-ms-client-request-id": "f1aab1b9-0191-449d-8155-1602838fe52c",
        "x-ms-version": "2023-08-03"
      },
      "RequestBody": "ZGVmYXVsdA==",
      "StatusCode": 201,
      "ResponseHeaders": {
        "Content-Length": "0",
        "Content-MD5": "wh\u002BWm18D0z1D4E\u002BPE252gg==",
        "Date": "Thu, 12 Oct 2023 13:50:20 GMT",
        "ETag": "\u00220x8DBCB2A2D5F4901\u0022",
        "Last-Modified": "Thu, 12 Oct 2023 13:50:21 GMT",
        "Server": [
          "Windows-Azure-Blob/1.0",
          "Microsoft-HTTPAPI/2.0"
        ],
        "x-ms-client-request-id": "f1aab1b9-0191-449d-8155-1602838fe52c",
        "x-ms-content-crc64": "6RYQPwaVsyQ=",
        "x-ms-request-id": "3f6302ca-701e-0031-6913-fd2ba2000000",
        "x-ms-request-server-encrypted": "true",
        "x-ms-version": "2023-08-03"
      },
      "ResponseBody": null
    },
    {
      "RequestUri": "https://REDACTED/be3553470uploadfromurlsourcerequestconditions5d1262895c5be/be3553471uploadfromurlsourcerequestconditions5d126059c110c",
      "RequestMethod": "PUT",
      "RequestHeaders": {
        "Accept": "application/xml",
        "Authorization": "Sanitized",
        "Content-Length": "0",
        "Content-Type": "application/octet-stream",
        "Date": "Thu, 12 Oct 2023 13:50:21 GMT",
        "User-Agent": "azsdk-java-azure-storage-blob/12.25.0-beta.1 (17.0.8.1; Windows 11; 10.0)",
        "x-ms-blob-type": "BlockBlob",
        "x-ms-client-request-id": "7ecb8e20-b9ab-448b-a3a6-319021018399",
        "x-ms-version": "2023-08-03"
      },
      "RequestBody": null,
      "StatusCode": 201,
      "ResponseHeaders": {
        "Content-Length": "0",
        "Content-MD5": "1B2M2Y8AsgTpgAmY7PhCfg==",
        "Date": "Thu, 12 Oct 2023 13:50:20 GMT",
        "ETag": "\u00220x8DBCB2A2D649F74\u0022",
        "Last-Modified": "Thu, 12 Oct 2023 13:50:21 GMT",
        "Server": [
          "Windows-Azure-Blob/1.0",
          "Microsoft-HTTPAPI/2.0"
        ],
        "x-ms-client-request-id": "7ecb8e20-b9ab-448b-a3a6-319021018399",
        "x-ms-content-crc64": "AAAAAAAAAAA=",
        "x-ms-request-id": "343f6fa0-e01e-0041-2313-fd9255000000",
        "x-ms-request-server-encrypted": "true",
        "x-ms-version": "2023-08-03"
      },
      "ResponseBody": null
    },
    {
      "RequestUri": "https://REDACTED/be3553470uploadfromurlsourcerequestconditions5d1262895c5be/be3553471uploadfromurlsourcerequestconditions5d126059c110c",
      "RequestMethod": "PUT",
      "RequestHeaders": {
        "Accept": "application/xml",
        "Authorization": "Sanitized",
        "Content-Length": "0",
        "Date": "Thu, 12 Oct 2023 13:50:21 GMT",
        "User-Agent": "azsdk-java-azure-storage-blob/12.25.0-beta.1 (17.0.8.1; Windows 11; 10.0)",
        "x-ms-blob-type": "BlockBlob",
        "x-ms-client-request-id": "95a469be-aed4-4d1c-a3c7-1c8d0d886f57",
        "x-ms-copy-source": "https://REDACTED/be3553470uploadfromurlsourcerequestconditions5d1262895c5be/be3553473uploadfromurlsourcerequestconditions5d197954a4513?sv=2023-08-03\u0026se=2023-10-13T13%3A50%3A21Z\u0026sr=b\u0026sp=r\u0026REDACTED",
        "x-ms-source-if-match": "dummy",
        "x-ms-version": "2023-08-03"
      },
      "RequestBody": null,
      "StatusCode": 412,
      "ResponseHeaders": {
        "Content-Length": "265",
        "Content-Type": "application/xml",
        "Date": "Thu, 12 Oct 2023 13:50:20 GMT",
        "Server": [
          "Windows-Azure-Blob/1.0",
          "Microsoft-HTTPAPI/2.0"
        ],
        "x-ms-client-request-id": "95a469be-aed4-4d1c-a3c7-1c8d0d886f57",
        "x-ms-error-code": "SourceConditionNotMet",
        "x-ms-request-id": "3f63031f-701e-0031-3613-fd2ba2000000",
        "x-ms-version": "2023-08-03"
      },
      "ResponseBody": [
        "\uFEFF\u003C?xml version=\u00221.0\u0022 encoding=\u0022utf-8\u0022?\u003E\u003CError\u003E\u003CCode\u003ESourceConditionNotMet\u003C/Code\u003E\u003CMessage\u003EThe source condition specified using HTTP conditional header(s) is not met.\n",
        "RequestId:3f63031f-701e-0031-3613-fd2ba2000000\n",
        "Time:2023-10-12T13:50:21.4069652Z\u003C/Message\u003E\u003C/Error\u003E"
      ]
    }
  ],
  "Variables": {
    "0": "be3553470uploadfromurlsourcerequestconditions5d1262895c5be",
    "1": "be3553471uploadfromurlsourcerequestconditions5d126059c110c",
    "2": "be3553472uploadfromurlsourcerequestconditions5d1538193ce73",
    "3": "be3553473uploadfromurlsourcerequestconditions5d197954a4513",
    "4": "2023-10-12T13:50:21.359738Z"
  }
}
