{
  "Entries": [
    {
      "RequestUri": "https://REDACTED/06681d2f0getblocklisttypea6b59439d9396a96694d489?restype=container",
      "RequestMethod": "PUT",
      "RequestHeaders": {
        "Accept": "application/xml",
        "Authorization": "Sanitized",
        "Content-Length": "0",
        "Date": "Thu, 29 Aug 2024 21:59:48 GMT",
        "User-Agent": "azsdk-java-azure-storage-blob/12.28.0-beta.2 (17.0.12; Windows 11; 10.0)",
        "x-ms-client-request-id": "Sanitized",
        "x-ms-version": "2024-11-04"
      },
      "RequestBody": null,
      "StatusCode": 201,
      "ResponseHeaders": {
        "Content-Length": "0",
        "Date": "Thu, 29 Aug 2024 21:59:57 GMT",
        "ETag": "\"0x8DCC875EC2ABA5E\"",
        "Last-Modified": "Thu, 29 Aug 2024 21:59:57 GMT",
        "Server": [
          "Windows-Azure-Blob/1.0",
          "Microsoft-HTTPAPI/2.0"
        ],
        "x-ms-client-request-id": "Sanitized",
        "x-ms-request-id": "Sanitized",
        "x-ms-version": "2024-11-04"
      },
      "ResponseBody": null
    },
    {
      "RequestUri": "https://REDACTED/06681d2f0getblocklisttypea6b59439d9396a96694d489?restype=container",
      "RequestMethod": "PUT",
      "RequestHeaders": {
        "Accept": "application/xml",
        "Authorization": "Sanitized",
        "Content-Length": "0",
        "Date": "Thu, 29 Aug 2024 21:59:48 GMT",
        "User-Agent": "azsdk-java-azure-storage-blob/12.28.0-beta.2 (17.0.12; Windows 11; 10.0)",
        "x-ms-client-request-id": "Sanitized",
        "x-ms-version": "2024-11-04"
      },
      "RequestBody": null,
      "StatusCode": 409,
      "ResponseHeaders": {
        "Content-Length": "230",
        "Content-Type": "application/xml",
        "Date": "Thu, 29 Aug 2024 21:59:57 GMT",
        "Server": [
          "Windows-Azure-Blob/1.0",
          "Microsoft-HTTPAPI/2.0"
        ],
        "x-ms-client-request-id": "Sanitized",
        "x-ms-error-code": "ContainerAlreadyExists",
        "x-ms-request-id": "Sanitized",
        "x-ms-version": "2024-11-04"
      },
      "ResponseBody": [
        "\uFEFF<?xml version=\"1.0\" encoding=\"utf-8\"?><Error><Code>ContainerAlreadyExists</Code><Message>The specified container already exists.\n",
        "RequestId:f59dd79b-601e-0015-755e-fa80d5000000\n",
        "Time:2024-08-29T21:59:57.9803469Z</Message></Error>"
      ]
    },
    {
      "RequestUri": "https://REDACTED/06681d2f0getblocklisttypea6b59439d9396a96694d489/06681d2f1getblocklisttypea6b02050af23f63e856f4ce",
      "RequestMethod": "PUT",
      "RequestHeaders": {
        "Accept": "application/xml",
        "Authorization": "Sanitized",
        "Content-Length": "7",
        "Content-Type": "application/octet-stream",
        "Date": "Thu, 29 Aug 2024 21:59:48 GMT",
        "User-Agent": "azsdk-java-azure-storage-blob/12.28.0-beta.2 (17.0.12; Windows 11; 10.0)",
        "x-ms-blob-type": "BlockBlob",
        "x-ms-client-request-id": "Sanitized",
        "x-ms-version": "2024-11-04"
      },
      "RequestBody": "ZGVmYXVsdA==",
      "StatusCode": 201,
      "ResponseHeaders": {
        "Content-Length": "0",
        "Content-MD5": "wh+Wm18D0z1D4E+PE252gg==",
        "Date": "Thu, 29 Aug 2024 21:59:57 GMT",
        "ETag": "\"0x8DCC875EC4B3C74\"",
        "Last-Modified": "Thu, 29 Aug 2024 21:59:58 GMT",
        "Server": [
          "Windows-Azure-Blob/1.0",
          "Microsoft-HTTPAPI/2.0"
        ],
        "x-ms-client-request-id": "Sanitized",
        "x-ms-content-crc64": "6RYQPwaVsyQ=",
        "x-ms-request-id": "Sanitized",
        "x-ms-request-server-encrypted": "true",
        "x-ms-version": "2024-11-04"
      },
      "ResponseBody": null
    },
    {
      "RequestUri": "https://REDACTED/06681d2f0getblocklisttypea6b59439d9396a96694d489/06681d2f1getblocklisttypea6b02050af23f63e856f4ce?comp=block&blockid=NGU0YjM5ZWUtNTBkMy00YjAwLWE4NGItZTk5YzZhNDBkNDg5",
      "RequestMethod": "PUT",
      "RequestHeaders": {
        "Accept": "application/xml",
        "Authorization": "Sanitized",
        "Content-Length": "7",
        "Content-Type": "application/octet-stream",
        "Date": "Thu, 29 Aug 2024 21:59:48 GMT",
        "User-Agent": "azsdk-java-azure-storage-blob/12.28.0-beta.2 (17.0.12; Windows 11; 10.0)",
        "x-ms-client-request-id": "Sanitized",
        "x-ms-version": "2024-11-04"
      },
      "RequestBody": "ZGVmYXVsdA==",
      "StatusCode": 201,
      "ResponseHeaders": {
        "Content-Length": "0",
        "Date": "Thu, 29 Aug 2024 21:59:58 GMT",
        "Server": [
          "Windows-Azure-Blob/1.0",
          "Microsoft-HTTPAPI/2.0"
        ],
        "x-ms-client-request-id": "Sanitized",
        "x-ms-content-crc64": "6RYQPwaVsyQ=",
        "x-ms-request-id": "Sanitized",
        "x-ms-request-server-encrypted": "true",
        "x-ms-version": "2024-11-04"
      },
      "ResponseBody": null
    },
    {
      "RequestUri": "https://REDACTED/06681d2f0getblocklisttypea6b59439d9396a96694d489/06681d2f1getblocklisttypea6b02050af23f63e856f4ce?comp=blocklist",
      "RequestMethod": "PUT",
      "RequestHeaders": {
        "Accept": "application/xml",
        "Authorization": "Sanitized",
        "Content-Length": "126",
        "Content-Type": "application/xml",
        "Date": "Thu, 29 Aug 2024 21:59:48 GMT",
        "User-Agent": "azsdk-java-azure-storage-blob/12.28.0-beta.2 (17.0.12; Windows 11; 10.0)",
        "x-ms-client-request-id": "Sanitized",
        "x-ms-version": "2024-11-04"
      },
      "RequestBody": "<?xml version='1.0' encoding='UTF-8'?><BlockList><Latest>NGU0YjM5ZWUtNTBkMy00YjAwLWE4NGItZTk5YzZhNDBkNDg5</Latest></BlockList>",
      "StatusCode": 201,
      "ResponseHeaders": {
        "Content-Length": "0",
        "Date": "Thu, 29 Aug 2024 21:59:57 GMT",
        "ETag": "\"0x8DCC875EC6A7F9A\"",
        "Last-Modified": "Thu, 29 Aug 2024 21:59:58 GMT",
        "Server": [
          "Windows-Azure-Blob/1.0",
          "Microsoft-HTTPAPI/2.0"
        ],
        "x-ms-client-request-id": "Sanitized",
        "x-ms-content-crc64": "6P+SRTPmd6c=",
        "x-ms-request-id": "Sanitized",
        "x-ms-request-server-encrypted": "true",
        "x-ms-version": "2024-11-04"
      },
      "ResponseBody": null
    },
    {
      "RequestUri": "https://REDACTED/06681d2f0getblocklisttypea6b59439d9396a96694d489/06681d2f1getblocklisttypea6b02050af23f63e856f4ce?comp=block&blockid=OGNmMGZhMDYtZDk3MC00YTRhLThiZmQtOGIyYWQwNGU3ZjE1",
      "RequestMethod": "PUT",
      "RequestHeaders": {
        "Accept": "application/xml",
        "Authorization": "Sanitized",
        "Content-Length": "7",
        "Content-Type": "application/octet-stream",
        "Date": "Thu, 29 Aug 2024 21:59:48 GMT",
        "User-Agent": "azsdk-java-azure-storage-blob/12.28.0-beta.2 (17.0.12; Windows 11; 10.0)",
        "x-ms-client-request-id": "Sanitized",
        "x-ms-version": "2024-11-04"
      },
      "RequestBody": "ZGVmYXVsdA==",
      "StatusCode": 201,
      "ResponseHeaders": {
        "Content-Length": "0",
        "Date": "Thu, 29 Aug 2024 21:59:58 GMT",
        "Server": [
          "Windows-Azure-Blob/1.0",
          "Microsoft-HTTPAPI/2.0"
        ],
        "x-ms-client-request-id": "Sanitized",
        "x-ms-content-crc64": "6RYQPwaVsyQ=",
        "x-ms-request-id": "Sanitized",
        "x-ms-request-server-encrypted": "true",
        "x-ms-version": "2024-11-04"
      },
      "ResponseBody": null
    },
    {
      "RequestUri": "https://REDACTED/06681d2f0getblocklisttypea6b59439d9396a96694d489/06681d2f1getblocklisttypea6b02050af23f63e856f4ce?comp=blocklist&blocklisttype=uncommitted",
      "RequestMethod": "GET",
      "RequestHeaders": {
        "Accept": "application/xml",
        "Authorization": "Sanitized",
        "Content-Length": "0",
        "Date": "Thu, 29 Aug 2024 21:59:48 GMT",
        "User-Agent": "azsdk-java-azure-storage-blob/12.28.0-beta.2 (17.0.12; Windows 11; 10.0)",
        "x-ms-client-request-id": "Sanitized",
        "x-ms-version": "2024-11-04"
      },
      "RequestBody": null,
      "StatusCode": 200,
      "ResponseHeaders": {
        "Content-Type": "application/xml",
        "Date": "Thu, 29 Aug 2024 21:59:58 GMT",
        "ETag": "\"0x8DCC875EC6A7F9A\"",
        "Last-Modified": "Thu, 29 Aug 2024 21:59:58 GMT",
        "Server": [
          "Windows-Azure-Blob/1.0",
          "Microsoft-HTTPAPI/2.0"
        ],
        "Transfer-Encoding": "chunked",
        "x-ms-blob-content-length": "7",
        "x-ms-client-request-id": "Sanitized",
        "x-ms-request-id": "Sanitized",
        "x-ms-version": "2024-11-04"
      },
      "ResponseBody": "\uFEFF<?xml version=\"1.0\" encoding=\"utf-8\"?><BlockList><UncommittedBlocks><Block><Name>OGNmMGZhMDYtZDk3MC00YTRhLThiZmQtOGIyYWQwNGU3ZjE1</Name><Size>7</Size></Block></UncommittedBlocks></BlockList>"
    }
  ],
  "Variables": {
    "0": "06681d2f0getblocklisttypea6b59439d9396a96694d489",
    "1": "06681d2f1getblocklisttypea6b02050af23f63e856f4ce",
    "2": "4e4b39ee-50d3-4b00-a84b-e99c6a40d489",
    "3": "8cf0fa06-d970-4a4a-8bfd-8b2ad04e7f15"
  }
}
