{
  "Entries": [
    {
      "RequestUri": "https://REDACTED/0bd83e5708994057c1cf51206d4acc882fdbc9?restype=container",
      "RequestMethod": "PUT",
      "RequestHeaders": {
        "Accept": "application/xml",
        "Authorization": "Sanitized",
        "Content-Length": "0",
        "Date": "Thu, 29 Aug 2024 21:59:52 GMT",
        "User-Agent": "azsdk-java-azure-storage-blob/12.28.0-beta.2 (17.0.12; Windows 11; 10.0)",
        "x-ms-client-request-id": "Sanitized",
        "x-ms-version": "2024-11-04"
      },
      "RequestBody": null,
      "StatusCode": 201,
      "ResponseHeaders": {
        "Content-Length": "0",
        "Date": "Thu, 29 Aug 2024 22:00:01 GMT",
        "ETag": "\"0x8DCC875EEB2EBCA\"",
        "Last-Modified": "Thu, 29 Aug 2024 22:00:02 GMT",
        "Server": [
          "Windows-Azure-Blob/1.0",
          "Microsoft-HTTPAPI/2.0"
        ],
        "x-ms-client-request-id": "Sanitized",
        "x-ms-request-id": "Sanitized",
        "x-ms-version": "2024-11-04"
      },
      "ResponseBody": null
    },
    {
      "RequestUri": "https://REDACTED/0bd83e5708994057c1cf51206d4acc882fdbc9?restype=container",
      "RequestMethod": "PUT",
      "RequestHeaders": {
        "Accept": "application/xml",
        "Authorization": "Sanitized",
        "Content-Length": "0",
        "Date": "Thu, 29 Aug 2024 21:59:52 GMT",
        "User-Agent": "azsdk-java-azure-storage-blob/12.28.0-beta.2 (17.0.12; Windows 11; 10.0)",
        "x-ms-client-request-id": "Sanitized",
        "x-ms-version": "2024-11-04"
      },
      "RequestBody": null,
      "StatusCode": 409,
      "ResponseHeaders": {
        "Content-Length": "230",
        "Content-Type": "application/xml",
        "Date": "Thu, 29 Aug 2024 22:00:02 GMT",
        "Server": [
          "Windows-Azure-Blob/1.0",
          "Microsoft-HTTPAPI/2.0"
        ],
        "x-ms-client-request-id": "Sanitized",
        "x-ms-error-code": "ContainerAlreadyExists",
        "x-ms-request-id": "Sanitized",
        "x-ms-version": "2024-11-04"
      },
      "ResponseBody": [
        "\uFEFF<?xml version=\"1.0\" encoding=\"utf-8\"?><Error><Code>ContainerAlreadyExists</Code><Message>The specified container already exists.\n",
        "RequestId:f59dea8e-601e-0015-585e-fa80d5000000\n",
        "Time:2024-08-29T22:00:02.2248803Z</Message></Error>"
      ]
    },
    {
      "RequestUri": "https://REDACTED/0bd83e5708994057c1cf51206d4acc882fdbc9/0bd83e571380832b78189c701d479d871c3030",
      "RequestMethod": "PUT",
      "RequestHeaders": {
        "Accept": "application/xml",
        "Authorization": "Sanitized",
        "Content-Length": "7",
        "Content-Type": "application/octet-stream",
        "Date": "Thu, 29 Aug 2024 21:59:52 GMT",
        "User-Agent": "azsdk-java-azure-storage-blob/12.28.0-beta.2 (17.0.12; Windows 11; 10.0)",
        "x-ms-blob-type": "BlockBlob",
        "x-ms-client-request-id": "Sanitized",
        "x-ms-version": "2024-11-04"
      },
      "RequestBody": "ZGVmYXVsdA==",
      "StatusCode": 201,
      "ResponseHeaders": {
        "Content-Length": "0",
        "Content-MD5": "wh+Wm18D0z1D4E+PE252gg==",
        "Date": "Thu, 29 Aug 2024 22:00:02 GMT",
        "ETag": "\"0x8DCC875EED2BF6F\"",
        "Last-Modified": "Thu, 29 Aug 2024 22:00:02 GMT",
        "Server": [
          "Windows-Azure-Blob/1.0",
          "Microsoft-HTTPAPI/2.0"
        ],
        "x-ms-client-request-id": "Sanitized",
        "x-ms-content-crc64": "6RYQPwaVsyQ=",
        "x-ms-request-id": "Sanitized",
        "x-ms-request-server-encrypted": "true",
        "x-ms-version": "2024-11-04"
      },
      "ResponseBody": null
    },
    {
      "RequestUri": "https://REDACTED/0bd83e5708994057c1cf51206d4acc882fdbc9/0bd83e571380832b78189c701d479d871c3030?comp=block&blockid=YjUzYTI2NTUtYzQ0MC00YWIyLTkyMTgtMTkzYjk2MjgxNzlh",
      "RequestMethod": "PUT",
      "RequestHeaders": {
        "Accept": "application/xml",
        "Authorization": "Sanitized",
        "Content-Length": "7",
        "Content-Type": "application/octet-stream",
        "Date": "Thu, 29 Aug 2024 21:59:52 GMT",
        "User-Agent": "azsdk-java-azure-storage-blob/12.28.0-beta.2 (17.0.12; Windows 11; 10.0)",
        "x-ms-client-request-id": "Sanitized",
        "x-ms-version": "2024-11-04"
      },
      "RequestBody": "ZGVmYXVsdA==",
      "StatusCode": 201,
      "ResponseHeaders": {
        "Content-Length": "0",
        "Date": "Thu, 29 Aug 2024 22:00:02 GMT",
        "Server": [
          "Windows-Azure-Blob/1.0",
          "Microsoft-HTTPAPI/2.0"
        ],
        "x-ms-client-request-id": "Sanitized",
        "x-ms-content-crc64": "6RYQPwaVsyQ=",
        "x-ms-request-id": "Sanitized",
        "x-ms-request-server-encrypted": "true",
        "x-ms-version": "2024-11-04"
      },
      "ResponseBody": null
    },
    {
      "RequestUri": "https://REDACTED/0bd83e5708994057c1cf51206d4acc882fdbc9/0bd83e571380832b78189c701d479d871c3030?comp=blocklist",
      "RequestMethod": "PUT",
      "RequestHeaders": {
        "Accept": "application/xml",
        "Authorization": "Sanitized",
        "Content-Length": "126",
        "Content-Type": "application/xml",
        "Date": "Thu, 29 Aug 2024 21:59:52 GMT",
        "User-Agent": "azsdk-java-azure-storage-blob/12.28.0-beta.2 (17.0.12; Windows 11; 10.0)",
        "x-ms-client-request-id": "Sanitized",
        "x-ms-version": "2024-11-04"
      },
      "RequestBody": "<?xml version='1.0' encoding='UTF-8'?><BlockList><Latest>YjUzYTI2NTUtYzQ0MC00YWIyLTkyMTgtMTkzYjk2MjgxNzlh</Latest></BlockList>",
      "StatusCode": 201,
      "ResponseHeaders": {
        "Content-Length": "0",
        "Date": "Thu, 29 Aug 2024 22:00:02 GMT",
        "ETag": "\"0x8DCC875EEF1DB91\"",
        "Last-Modified": "Thu, 29 Aug 2024 22:00:02 GMT",
        "Server": [
          "Windows-Azure-Blob/1.0",
          "Microsoft-HTTPAPI/2.0"
        ],
        "x-ms-client-request-id": "Sanitized",
        "x-ms-content-crc64": "M3UtQiUnzr0=",
        "x-ms-request-id": "Sanitized",
        "x-ms-request-server-encrypted": "true",
        "x-ms-version": "2024-11-04"
      },
      "ResponseBody": null
    },
    {
      "RequestUri": "https://REDACTED/0bd83e5708994057c1cf51206d4acc882fdbc9/0bd83e571380832b78189c701d479d871c3030",
      "RequestMethod": "GET",
      "RequestHeaders": {
        "Accept": "application/xml",
        "Authorization": "Sanitized",
        "Content-Length": "0",
        "Date": "Thu, 29 Aug 2024 21:59:53 GMT",
        "User-Agent": "azsdk-java-azure-storage-blob/12.28.0-beta.2 (17.0.12; Windows 11; 10.0)",
        "x-ms-client-request-id": "Sanitized",
        "x-ms-version": "2024-11-04"
      },
      "RequestBody": null,
      "StatusCode": 200,
      "ResponseHeaders": {
        "Accept-Ranges": "bytes",
        "Content-Length": "7",
        "Content-Type": "application/octet-stream",
        "Date": "Thu, 29 Aug 2024 22:00:02 GMT",
        "ETag": "\"0x8DCC875EEF1DB91\"",
        "Last-Modified": "Thu, 29 Aug 2024 22:00:02 GMT",
        "Server": [
          "Windows-Azure-Blob/1.0",
          "Microsoft-HTTPAPI/2.0"
        ],
        "x-ms-blob-type": "BlockBlob",
        "x-ms-client-request-id": "Sanitized",
        "x-ms-creation-time": "Thu, 29 Aug 2024 22:00:02 GMT",
        "x-ms-lease-state": "available",
        "x-ms-lease-status": "unlocked",
        "x-ms-request-id": "Sanitized",
        "x-ms-server-encrypted": "true",
        "x-ms-version": "2024-11-04"
      },
      "ResponseBody": "ZGVmYXVsdA=="
    },
    {
      "RequestUri": "https://REDACTED/0bd83e5708994057c1cf51206d4acc882fdbc9/0bd83e571380832b78189c701d479d871c3030?comp=block&blockid=Mjc2YzQ4YTMtMTllYS00NTc0LWI0M2EtODJhZmI2YTExODli",
      "RequestMethod": "PUT",
      "RequestHeaders": {
        "Accept": "application/xml",
        "Authorization": "Sanitized",
        "Content-Length": "7",
        "Content-Type": "application/octet-stream",
        "Date": "Thu, 29 Aug 2024 21:59:53 GMT",
        "User-Agent": "azsdk-java-azure-storage-blob/12.28.0-beta.2 (17.0.12; Windows 11; 10.0)",
        "x-ms-client-request-id": "Sanitized",
        "x-ms-version": "2024-11-04"
      },
      "RequestBody": "ZGVmYXVsdA==",
      "StatusCode": 201,
      "ResponseHeaders": {
        "Content-Length": "0",
        "Date": "Thu, 29 Aug 2024 22:00:02 GMT",
        "Server": [
          "Windows-Azure-Blob/1.0",
          "Microsoft-HTTPAPI/2.0"
        ],
        "x-ms-client-request-id": "Sanitized",
        "x-ms-content-crc64": "6RYQPwaVsyQ=",
        "x-ms-request-id": "Sanitized",
        "x-ms-request-server-encrypted": "true",
        "x-ms-version": "2024-11-04"
      },
      "ResponseBody": null
    },
    {
      "RequestUri": "https://REDACTED/0bd83e5708994057c1cf51206d4acc882fdbc9/0bd83e571380832b78189c701d479d871c3030?comp=blocklist",
      "RequestMethod": "PUT",
      "RequestHeaders": {
        "Accept": "application/xml",
        "Authorization": "Sanitized",
        "Content-Length": "126",
        "Content-Type": "application/xml",
        "Date": "Thu, 29 Aug 2024 21:59:53 GMT",
        "User-Agent": "azsdk-java-azure-storage-blob/12.28.0-beta.2 (17.0.12; Windows 11; 10.0)",
        "x-ms-client-request-id": "Sanitized",
        "x-ms-version": "2024-11-04"
      },
      "RequestBody": "<?xml version='1.0' encoding='UTF-8'?><BlockList><Latest>Mjc2YzQ4YTMtMTllYS00NTc0LWI0M2EtODJhZmI2YTExODli</Latest></BlockList>",
      "StatusCode": 201,
      "ResponseHeaders": {
        "Content-Length": "0",
        "Date": "Thu, 29 Aug 2024 22:00:02 GMT",
        "ETag": "\"0x8DCC875EF3E9093\"",
        "Last-Modified": "Thu, 29 Aug 2024 22:00:03 GMT",
        "Server": [
          "Windows-Azure-Blob/1.0",
          "Microsoft-HTTPAPI/2.0"
        ],
        "x-ms-client-request-id": "Sanitized",
        "x-ms-content-crc64": "OluIb3rSPWw=",
        "x-ms-request-id": "Sanitized",
        "x-ms-request-server-encrypted": "true",
        "x-ms-version": "2024-11-04"
      },
      "ResponseBody": null
    },
    {
      "RequestUri": "https://REDACTED/0bd83e5708994057c1cf51206d4acc882fdbc9/0bd83e571380832b78189c701d479d871c3030",
      "RequestMethod": "GET",
      "RequestHeaders": {
        "Accept": "application/xml",
        "Authorization": "Sanitized",
        "Content-Length": "0",
        "Date": "Thu, 29 Aug 2024 21:59:53 GMT",
        "User-Agent": "azsdk-java-azure-storage-blob/12.28.0-beta.2 (17.0.12; Windows 11; 10.0)",
        "x-ms-client-request-id": "Sanitized",
        "x-ms-version": "2024-11-04"
      },
      "RequestBody": null,
      "StatusCode": 200,
      "ResponseHeaders": {
        "Accept-Ranges": "bytes",
        "Content-Length": "7",
        "Content-Type": "application/octet-stream",
        "Date": "Thu, 29 Aug 2024 22:00:02 GMT",
        "ETag": "\"0x8DCC875EF3E9093\"",
        "Last-Modified": "Thu, 29 Aug 2024 22:00:03 GMT",
        "Server": [
          "Windows-Azure-Blob/1.0",
          "Microsoft-HTTPAPI/2.0"
        ],
        "x-ms-blob-type": "BlockBlob",
        "x-ms-client-request-id": "Sanitized",
        "x-ms-creation-time": "Thu, 29 Aug 2024 22:00:02 GMT",
        "x-ms-lease-state": "available",
        "x-ms-lease-status": "unlocked",
        "x-ms-request-id": "Sanitized",
        "x-ms-server-encrypted": "true",
        "x-ms-version": "2024-11-04"
      },
      "ResponseBody": "ZGVmYXVsdA=="
    },
    {
      "RequestUri": "https://REDACTED/0bd83e5708994057c1cf51206d4acc882fdbc9/0bd83e571380832b78189c701d479d871c3030?comp=block&blockid=N2E2OTQwZGYtMDM4Ni00YWI1LWFkZjItMmEwMDVkODI4MDA0",
      "RequestMethod": "PUT",
      "RequestHeaders": {
        "Accept": "application/xml",
        "Authorization": "Sanitized",
        "Content-Length": "7",
        "Content-Type": "application/octet-stream",
        "Date": "Thu, 29 Aug 2024 21:59:53 GMT",
        "User-Agent": "azsdk-java-azure-storage-blob/12.28.0-beta.2 (17.0.12; Windows 11; 10.0)",
        "x-ms-client-request-id": "Sanitized",
        "x-ms-version": "2024-11-04"
      },
      "RequestBody": "ZGVmYXVsdA==",
      "StatusCode": 201,
      "ResponseHeaders": {
        "Content-Length": "0",
        "Date": "Thu, 29 Aug 2024 22:00:02 GMT",
        "Server": [
          "Windows-Azure-Blob/1.0",
          "Microsoft-HTTPAPI/2.0"
        ],
        "x-ms-client-request-id": "Sanitized",
        "x-ms-content-crc64": "6RYQPwaVsyQ=",
        "x-ms-request-id": "Sanitized",
        "x-ms-request-server-encrypted": "true",
        "x-ms-version": "2024-11-04"
      },
      "ResponseBody": null
    },
    {
      "RequestUri": "https://REDACTED/0bd83e5708994057c1cf51206d4acc882fdbc9/0bd83e571380832b78189c701d479d871c3030?comp=blocklist",
      "RequestMethod": "PUT",
      "RequestHeaders": {
        "Accept": "application/xml",
        "Authorization": "Sanitized",
        "Content-Length": "126",
        "Content-Type": "application/xml",
        "Date": "Thu, 29 Aug 2024 21:59:53 GMT",
        "User-Agent": "azsdk-java-azure-storage-blob/12.28.0-beta.2 (17.0.12; Windows 11; 10.0)",
        "x-ms-client-request-id": "Sanitized",
        "x-ms-version": "2024-11-04"
      },
      "RequestBody": "<?xml version='1.0' encoding='UTF-8'?><BlockList><Latest>N2E2OTQwZGYtMDM4Ni00YWI1LWFkZjItMmEwMDVkODI4MDA0</Latest></BlockList>",
      "StatusCode": 201,
      "ResponseHeaders": {
        "Content-Length": "0",
        "Date": "Thu, 29 Aug 2024 22:00:03 GMT",
        "ETag": "\"0x8DCC875EF89BF32\"",
        "Last-Modified": "Thu, 29 Aug 2024 22:00:03 GMT",
        "Server": [
          "Windows-Azure-Blob/1.0",
          "Microsoft-HTTPAPI/2.0"
        ],
        "x-ms-client-request-id": "Sanitized",
        "x-ms-content-crc64": "emPDo556xBM=",
        "x-ms-request-id": "Sanitized",
        "x-ms-request-server-encrypted": "true",
        "x-ms-version": "2024-11-04"
      },
      "ResponseBody": null
    },
    {
      "RequestUri": "https://REDACTED/0bd83e5708994057c1cf51206d4acc882fdbc9/0bd83e571380832b78189c701d479d871c3030",
      "RequestMethod": "GET",
      "RequestHeaders": {
        "Accept": "application/xml",
        "Authorization": "Sanitized",
        "Content-Length": "0",
        "Date": "Thu, 29 Aug 2024 21:59:54 GMT",
        "User-Agent": "azsdk-java-azure-storage-blob/12.28.0-beta.2 (17.0.12; Windows 11; 10.0)",
        "x-ms-client-request-id": "Sanitized",
        "x-ms-version": "2024-11-04"
      },
      "RequestBody": null,
      "StatusCode": 200,
      "ResponseHeaders": {
        "Accept-Ranges": "bytes",
        "Content-Length": "7",
        "Content-Type": "application/octet-stream",
        "Date": "Thu, 29 Aug 2024 22:00:03 GMT",
        "ETag": "\"0x8DCC875EF89BF32\"",
        "Last-Modified": "Thu, 29 Aug 2024 22:00:03 GMT",
        "Server": [
          "Windows-Azure-Blob/1.0",
          "Microsoft-HTTPAPI/2.0"
        ],
        "x-ms-blob-type": "BlockBlob",
        "x-ms-client-request-id": "Sanitized",
        "x-ms-creation-time": "Thu, 29 Aug 2024 22:00:02 GMT",
        "x-ms-lease-state": "available",
        "x-ms-lease-status": "unlocked",
        "x-ms-request-id": "Sanitized",
        "x-ms-server-encrypted": "true",
        "x-ms-version": "2024-11-04"
      },
      "ResponseBody": "ZGVmYXVsdA=="
    }
  ],
  "Variables": {
    "0": "0bd83e5708994057c1cf51206d4acc882fdbc9",
    "1": "0bd83e571380832b78189c701d479d871c3030",
    "2": "b53a2655-c440-4ab2-9218-193b9628179a",
    "3": "276c48a3-19ea-4574-b43a-82afb6a1189b",
    "4": "7a6940df-0386-4ab5-adf2-2a005d828004"
  }
}
