{
  "Entries": [
    {
      "RequestUri": "https://REDACTED/f1ea52070audienceerrorcea7981030b2a8af6c3f4757?restype=container",
      "RequestMethod": "PUT",
      "RequestHeaders": {
        "Accept": "application/xml",
        "Authorization": "Sanitized",
        "Content-Length": "0",
        "Date": "Mon, 08 Jan 2024 19:46:56 GMT",
        "User-Agent": "azsdk-java-azure-storage-blob/12.26.0-beta.1 (17.0.8; Windows 11; 10.0)",
        "x-ms-client-request-id": "4c450251-963f-4789-a05d-464179b4417f",
        "x-ms-version": "2024-02-04"
      },
      "RequestBody": null,
      "StatusCode": 201,
      "ResponseHeaders": {
        "Content-Length": "0",
        "Date": "Mon, 08 Jan 2024 19:47:05 GMT",
        "ETag": "\u00220x8DC1082986929E3\u0022",
        "Last-Modified": "Mon, 08 Jan 2024 19:47:06 GMT",
        "Server": [
          "Windows-Azure-Blob/1.0",
          "Microsoft-HTTPAPI/2.0"
        ],
        "x-ms-client-request-id": "4c450251-963f-4789-a05d-464179b4417f",
        "x-ms-request-id": "7a5c88f5-d01e-0062-1a6b-425541000000",
        "x-ms-version": "2024-02-04"
      },
      "ResponseBody": null
    },
    {
      "RequestUri": "https://REDACTED/f1ea52070audienceerrorcea7981030b2a8af6c3f4757?restype=container",
      "RequestMethod": "PUT",
      "RequestHeaders": {
        "Accept": "application/xml",
        "Authorization": "Sanitized",
        "Content-Length": "0",
        "Date": "Mon, 08 Jan 2024 19:46:56 GMT",
        "User-Agent": "azsdk-java-azure-storage-blob/12.26.0-beta.1 (17.0.8; Windows 11; 10.0)",
        "x-ms-client-request-id": "8185f957-928b-4cb5-9bd1-5b0bae8963a8",
        "x-ms-version": "2024-02-04"
      },
      "RequestBody": null,
      "StatusCode": 409,
      "ResponseHeaders": {
        "Content-Length": "230",
        "Content-Type": "application/xml",
        "Date": "Mon, 08 Jan 2024 19:47:06 GMT",
        "Server": [
          "Windows-Azure-Blob/1.0",
          "Microsoft-HTTPAPI/2.0"
        ],
        "x-ms-client-request-id": "8185f957-928b-4cb5-9bd1-5b0bae8963a8",
        "x-ms-error-code": "ContainerAlreadyExists",
        "x-ms-request-id": "7a5c8961-d01e-0062-7d6b-425541000000",
        "x-ms-version": "2024-02-04"
      },
      "ResponseBody": [
        "\uFEFF\u003C?xml version=\u00221.0\u0022 encoding=\u0022utf-8\u0022?\u003E\u003CError\u003E\u003CCode\u003EContainerAlreadyExists\u003C/Code\u003E\u003CMessage\u003EThe specified container already exists.\n",
        "RequestId:7a5c8961-d01e-0062-7d6b-425541000000\n",
        "Time:2024-01-08T19:47:06.9489016Z\u003C/Message\u003E\u003C/Error\u003E"
      ]
    },
    {
      "RequestUri": "https://REDACTED/f1ea52070audienceerrorcea7981030b2a8af6c3f4757/f1ea52071audienceerrorcea11419e84fa744b55d45bf",
      "RequestMethod": "PUT",
      "RequestHeaders": {
        "Accept": "application/xml",
        "Authorization": "Sanitized",
        "Content-Length": "7",
        "Content-Type": "application/octet-stream",
        "Date": "Mon, 08 Jan 2024 19:46:56 GMT",
        "User-Agent": "azsdk-java-azure-storage-blob/12.26.0-beta.1 (17.0.8; Windows 11; 10.0)",
        "x-ms-blob-type": "BlockBlob",
        "x-ms-client-request-id": "e29c9481-8d77-4f0d-ad04-4548504a9a10",
        "x-ms-version": "2024-02-04"
      },
      "RequestBody": "ZGVmYXVsdA==",
      "StatusCode": 201,
      "ResponseHeaders": {
        "Content-Length": "0",
        "Content-MD5": "wh\u002BWm18D0z1D4E\u002BPE252gg==",
        "Date": "Mon, 08 Jan 2024 19:47:06 GMT",
        "ETag": "\u00220x8DC10829884DF8E\u0022",
        "Last-Modified": "Mon, 08 Jan 2024 19:47:07 GMT",
        "Server": [
          "Windows-Azure-Blob/1.0",
          "Microsoft-HTTPAPI/2.0"
        ],
        "x-ms-client-request-id": "e29c9481-8d77-4f0d-ad04-4548504a9a10",
        "x-ms-content-crc64": "6RYQPwaVsyQ=",
        "x-ms-request-id": "6ff2d071-e01e-008d-646b-42a0b4000000",
        "x-ms-request-server-encrypted": "true",
        "x-ms-version": "2024-02-04"
      },
      "ResponseBody": null
    },
    {
      "RequestUri": "https://REDACTED/f1ea52070audienceerrorcea7981030b2a8af6c3f4757/f1ea52071audienceerrorcea11419e84fa744b55d45bf",
      "RequestMethod": "HEAD",
      "RequestHeaders": {
        "Accept": "application/xml",
        "Authorization": "Sanitized",
        "Content-Length": "0",
        "Date": "Mon, 08 Jan 2024 19:46:56 GMT",
        "User-Agent": "azsdk-java-azure-storage-blob/12.26.0-beta.1 (17.0.8; Windows 11; 10.0)",
        "x-ms-client-request-id": "efacf48b-a2db-45fc-9937-e47af90f4976",
        "x-ms-version": "2024-02-04"
      },
      "RequestBody": null,
      "StatusCode": 401,
      "ResponseHeaders": {
        "Access-Control-Allow-Origin": "*",
        "Access-Control-Expose-Headers": "x-ms-client-request-id",
        "Date": "Mon, 08 Jan 2024 19:47:07 GMT",
        "Server": "Microsoft-HTTPAPI/2.0",
        "Transfer-Encoding": "chunked",
        "WWW-Authenticate": "Bearer authorization_uri=https://login.microsoftonline.com/72f988bf-86f1-41af-91ab-2d7cd011db47/oauth2/authorize resource_id=https://storage.azure.com",
        "x-ms-error-code": "InvalidAuthenticationInfo",
        "x-ms-request-id": "6ff2d0f7-e01e-008d-636b-42a0b4000000"
      },
      "ResponseBody": null
    }
  ],
  "Variables": {
    "0": "f1ea52070audienceerrorcea7981030b2a8af6c3f4757",
    "1": "f1ea52071audienceerrorcea11419e84fa744b55d45bf"
  }
}
