{
  "Entries": [
    {
      "RequestUri": "https://REDACTED/d38513100stageblockminwithbinarydata48c66214b8c69288d?restype=container",
      "RequestMethod": "PUT",
      "RequestHeaders": {
        "Accept": "application/xml",
        "Authorization": "Sanitized",
        "Content-Length": "0",
        "Date": "Mon, 11 Dec 2023 19:14:57 GMT",
        "User-Agent": "azsdk-java-azure-storage-blob/12.26.0-beta.1 (17.0.8; Windows 11; 10.0)",
        "x-ms-client-request-id": "8ac1e582-a5de-461f-9230-c227bdf3617e",
        "x-ms-version": "2024-02-04"
      },
      "RequestBody": null,
      "StatusCode": 201,
      "ResponseHeaders": {
        "Content-Length": "0",
        "Date": "Mon, 11 Dec 2023 19:15:01 GMT",
        "ETag": "\u00220x8DBFA7D7916F4C0\u0022",
        "Last-Modified": "Mon, 11 Dec 2023 19:15:01 GMT",
        "Server": [
          "Windows-Azure-Blob/1.0",
          "Microsoft-HTTPAPI/2.0"
        ],
        "x-ms-client-request-id": "8ac1e582-a5de-461f-9230-c227bdf3617e",
        "x-ms-request-id": "3cc43233-701e-009f-1e66-2cdb64000000",
        "x-ms-version": "2024-02-04"
      },
      "ResponseBody": null
    },
    {
      "RequestUri": "https://REDACTED/d38513100stageblockminwithbinarydata48c66214b8c69288d?restype=container",
      "RequestMethod": "PUT",
      "RequestHeaders": {
        "Accept": "application/xml",
        "Authorization": "Sanitized",
        "Content-Length": "0",
        "Date": "Mon, 11 Dec 2023 19:14:57 GMT",
        "User-Agent": "azsdk-java-azure-storage-blob/12.26.0-beta.1 (17.0.8; Windows 11; 10.0)",
        "x-ms-client-request-id": "4242f90f-256e-41ea-9993-639433a400c2",
        "x-ms-version": "2024-02-04"
      },
      "RequestBody": null,
      "StatusCode": 409,
      "ResponseHeaders": {
        "Content-Length": "230",
        "Content-Type": "application/xml",
        "Date": "Mon, 11 Dec 2023 19:15:01 GMT",
        "Server": [
          "Windows-Azure-Blob/1.0",
          "Microsoft-HTTPAPI/2.0"
        ],
        "x-ms-client-request-id": "4242f90f-256e-41ea-9993-639433a400c2",
        "x-ms-error-code": "ContainerAlreadyExists",
        "x-ms-request-id": "3cc432fb-701e-009f-5566-2cdb64000000",
        "x-ms-version": "2024-02-04"
      },
      "ResponseBody": [
        "\uFEFF\u003C?xml version=\u00221.0\u0022 encoding=\u0022utf-8\u0022?\u003E\u003CError\u003E\u003CCode\u003EContainerAlreadyExists\u003C/Code\u003E\u003CMessage\u003EThe specified container already exists.\n",
        "RequestId:3cc432fb-701e-009f-5566-2cdb64000000\n",
        "Time:2023-12-11T19:15:01.3380217Z\u003C/Message\u003E\u003C/Error\u003E"
      ]
    },
    {
      "RequestUri": "https://REDACTED/d38513100stageblockminwithbinarydata48c66214b8c69288d/d38513101stageblockminwithbinarydata48c45844c6b60b241",
      "RequestMethod": "PUT",
      "RequestHeaders": {
        "Accept": "application/xml",
        "Authorization": "Sanitized",
        "Content-Length": "7",
        "Content-Type": "application/octet-stream",
        "Date": "Mon, 11 Dec 2023 19:14:57 GMT",
        "User-Agent": "azsdk-java-azure-storage-blob/12.26.0-beta.1 (17.0.8; Windows 11; 10.0)",
        "x-ms-blob-type": "BlockBlob",
        "x-ms-client-request-id": "e2db1144-97dd-4349-ab61-54c087bbfe57",
        "x-ms-version": "2024-02-04"
      },
      "RequestBody": "ZGVmYXVsdA==",
      "StatusCode": 201,
      "ResponseHeaders": {
        "Content-Length": "0",
        "Content-MD5": "wh\u002BWm18D0z1D4E\u002BPE252gg==",
        "Date": "Mon, 11 Dec 2023 19:15:01 GMT",
        "ETag": "\u00220x8DBFA7D79316D6A\u0022",
        "Last-Modified": "Mon, 11 Dec 2023 19:15:01 GMT",
        "Server": [
          "Windows-Azure-Blob/1.0",
          "Microsoft-HTTPAPI/2.0"
        ],
        "x-ms-client-request-id": "e2db1144-97dd-4349-ab61-54c087bbfe57",
        "x-ms-content-crc64": "6RYQPwaVsyQ=",
        "x-ms-request-id": "c6039aee-d01e-0072-4f66-2c9029000000",
        "x-ms-request-server-encrypted": "true",
        "x-ms-version": "2024-02-04"
      },
      "ResponseBody": null
    },
    {
      "RequestUri": "https://REDACTED/d38513100stageblockminwithbinarydata48c66214b8c69288d/d38513102stageblockminwithbinarydata48c918231074f9734",
      "RequestMethod": "PUT",
      "RequestHeaders": {
        "Accept": "application/xml",
        "Authorization": "Sanitized",
        "Content-Length": "7",
        "Content-Type": "application/octet-stream",
        "Date": "Mon, 11 Dec 2023 19:14:57 GMT",
        "User-Agent": "azsdk-java-azure-storage-blob/12.26.0-beta.1 (17.0.8; Windows 11; 10.0)",
        "x-ms-blob-type": "BlockBlob",
        "x-ms-client-request-id": "8eab1247-2d21-47ef-a4bd-6661c0cf71d7",
        "x-ms-version": "2024-02-04"
      },
      "RequestBody": "ZGVmYXVsdA==",
      "StatusCode": 201,
      "ResponseHeaders": {
        "Content-Length": "0",
        "Content-MD5": "wh\u002BWm18D0z1D4E\u002BPE252gg==",
        "Date": "Mon, 11 Dec 2023 19:15:01 GMT",
        "ETag": "\u00220x8DBFA7D793FEA40\u0022",
        "Last-Modified": "Mon, 11 Dec 2023 19:15:01 GMT",
        "Server": [
          "Windows-Azure-Blob/1.0",
          "Microsoft-HTTPAPI/2.0"
        ],
        "x-ms-client-request-id": "8eab1247-2d21-47ef-a4bd-6661c0cf71d7",
        "x-ms-content-crc64": "6RYQPwaVsyQ=",
        "x-ms-request-id": "c6039ba3-d01e-0072-7d66-2c9029000000",
        "x-ms-request-server-encrypted": "true",
        "x-ms-version": "2024-02-04"
      },
      "ResponseBody": null
    },
    {
      "RequestUri": "https://REDACTED/d38513100stageblockminwithbinarydata48c66214b8c69288d/d38513101stageblockminwithbinarydata48c45844c6b60b241?comp=block\u0026blockid=NzA5YjQzZTItZjk2Ni00YjVhLTkzNzktOWY5MThiNmVlNmY1",
      "RequestMethod": "PUT",
      "RequestHeaders": {
        "Accept": "application/xml",
        "Authorization": "Sanitized",
        "Content-Length": "7",
        "Content-Type": "application/octet-stream",
        "Date": "Mon, 11 Dec 2023 19:14:57 GMT",
        "User-Agent": "azsdk-java-azure-storage-blob/12.26.0-beta.1 (17.0.8; Windows 11; 10.0)",
        "x-ms-client-request-id": "d4e9dc31-f790-4f7c-a6ff-bed46265050c",
        "x-ms-version": "2024-02-04"
      },
      "RequestBody": "ZGVmYXVsdA==",
      "StatusCode": 201,
      "ResponseHeaders": {
        "Content-Length": "0",
        "Date": "Mon, 11 Dec 2023 19:15:01 GMT",
        "Server": [
          "Windows-Azure-Blob/1.0",
          "Microsoft-HTTPAPI/2.0"
        ],
        "x-ms-client-request-id": "d4e9dc31-f790-4f7c-a6ff-bed46265050c",
        "x-ms-content-crc64": "6RYQPwaVsyQ=",
        "x-ms-request-id": "c6039c74-d01e-0072-4166-2c9029000000",
        "x-ms-request-server-encrypted": "true",
        "x-ms-version": "2024-02-04"
      },
      "ResponseBody": null
    },
    {
      "RequestUri": "https://REDACTED/d38513100stageblockminwithbinarydata48c66214b8c69288d/d38513101stageblockminwithbinarydata48c45844c6b60b241?comp=blocklist\u0026blocklisttype=all",
      "RequestMethod": "GET",
      "RequestHeaders": {
        "Accept": "application/xml",
        "Authorization": "Sanitized",
        "Content-Length": "0",
        "Date": "Mon, 11 Dec 2023 19:14:57 GMT",
        "User-Agent": "azsdk-java-azure-storage-blob/12.26.0-beta.1 (17.0.8; Windows 11; 10.0)",
        "x-ms-client-request-id": "ff73b322-3a12-478f-9b90-5e12542ef8aa",
        "x-ms-version": "2024-02-04"
      },
      "RequestBody": null,
      "StatusCode": 200,
      "ResponseHeaders": {
        "Access-Control-Allow-Origin": "*",
        "Access-Control-Expose-Headers": "x-ms-client-request-id",
        "Content-Type": "application/xml",
        "Date": "Mon, 11 Dec 2023 19:15:01 GMT",
        "ETag": "\u00220x8DBFA7D79316D6A\u0022",
        "Last-Modified": "Mon, 11 Dec 2023 19:15:01 GMT",
        "Server": [
          "Windows-Azure-Blob/1.0",
          "Microsoft-HTTPAPI/2.0"
        ],
        "Transfer-Encoding": "chunked",
        "x-ms-blob-content-length": "7",
        "x-ms-client-request-id": "ff73b322-3a12-478f-9b90-5e12542ef8aa",
        "x-ms-request-id": "c6039d4d-d01e-0072-1266-2c9029000000",
        "x-ms-version": "2024-02-04"
      },
      "ResponseBody": "\uFEFF\u003C?xml version=\u00221.0\u0022 encoding=\u0022utf-8\u0022?\u003E\u003CBlockList\u003E\u003CCommittedBlocks /\u003E\u003CUncommittedBlocks\u003E\u003CBlock\u003E\u003CName\u003ENzA5YjQzZTItZjk2Ni00YjVhLTkzNzktOWY5MThiNmVlNmY1\u003C/Name\u003E\u003CSize\u003E7\u003C/Size\u003E\u003C/Block\u003E\u003C/UncommittedBlocks\u003E\u003C/BlockList\u003E"
    }
  ],
  "Variables": {
    "0": "d38513100stageblockminwithbinarydata48c66214b8c69288d",
    "1": "d38513101stageblockminwithbinarydata48c45844c6b60b241",
    "2": "d38513102stageblockminwithbinarydata48c918231074f9734",
    "3": "709b43e2-f966-4b5a-9379-9f918b6ee6f5"
  }
}
