{
  "Entries": [
    {
      "RequestUri": "https://REDACTED/eb9d9b490stageblockfromurlsourceacfail7a71251447755047?restype=container",
      "RequestMethod": "PUT",
      "RequestHeaders": {
        "Accept": "application/xml",
        "Authorization": "Sanitized",
        "Content-Length": "0",
        "Date": "Mon, 08 Jan 2024 19:48:05 GMT",
        "User-Agent": "azsdk-java-azure-storage-blob/12.26.0-beta.1 (17.0.8; Windows 11; 10.0)",
        "x-ms-client-request-id": "37cf1c64-85cf-4b34-b6d7-93c1937974f3",
        "x-ms-version": "2024-02-04"
      },
      "RequestBody": null,
      "StatusCode": 201,
      "ResponseHeaders": {
        "Content-Length": "0",
        "Date": "Mon, 08 Jan 2024 19:48:15 GMT",
        "ETag": "\u00220x8DC1082C18B3D1B\u0022",
        "Last-Modified": "Mon, 08 Jan 2024 19:48:15 GMT",
        "Server": [
          "Windows-Azure-Blob/1.0",
          "Microsoft-HTTPAPI/2.0"
        ],
        "x-ms-client-request-id": "37cf1c64-85cf-4b34-b6d7-93c1937974f3",
        "x-ms-request-id": "2c6953f1-d01e-0086-1a6b-425bdf000000",
        "x-ms-version": "2024-02-04"
      },
      "ResponseBody": null
    },
    {
      "RequestUri": "https://REDACTED/eb9d9b490stageblockfromurlsourceacfail7a71251447755047?restype=container",
      "RequestMethod": "PUT",
      "RequestHeaders": {
        "Accept": "application/xml",
        "Authorization": "Sanitized",
        "Content-Length": "0",
        "Date": "Mon, 08 Jan 2024 19:48:05 GMT",
        "User-Agent": "azsdk-java-azure-storage-blob/12.26.0-beta.1 (17.0.8; Windows 11; 10.0)",
        "x-ms-client-request-id": "c0fcf5b7-bf1c-46bd-b125-eb3295b77ad0",
        "x-ms-version": "2024-02-04"
      },
      "RequestBody": null,
      "StatusCode": 409,
      "ResponseHeaders": {
        "Content-Length": "230",
        "Content-Type": "application/xml",
        "Date": "Mon, 08 Jan 2024 19:48:15 GMT",
        "Server": [
          "Windows-Azure-Blob/1.0",
          "Microsoft-HTTPAPI/2.0"
        ],
        "x-ms-client-request-id": "c0fcf5b7-bf1c-46bd-b125-eb3295b77ad0",
        "x-ms-error-code": "ContainerAlreadyExists",
        "x-ms-request-id": "4cb06ac8-501e-000e-0c6b-42bed6000000",
        "x-ms-version": "2024-02-04"
      },
      "ResponseBody": [
        "\uFEFF\u003C?xml version=\u00221.0\u0022 encoding=\u0022utf-8\u0022?\u003E\u003CError\u003E\u003CCode\u003EContainerAlreadyExists\u003C/Code\u003E\u003CMessage\u003EThe specified container already exists.\n",
        "RequestId:4cb06ac8-501e-000e-0c6b-42bed6000000\n",
        "Time:2024-01-08T19:48:15.9793665Z\u003C/Message\u003E\u003C/Error\u003E"
      ]
    },
    {
      "RequestUri": "https://REDACTED/eb9d9b490stageblockfromurlsourceacfail7a71251447755047/eb9d9b491stageblockfromurlsourceacfail7a7280678c8876e8",
      "RequestMethod": "PUT",
      "RequestHeaders": {
        "Accept": "application/xml",
        "Authorization": "Sanitized",
        "Content-Length": "7",
        "Content-Type": "application/octet-stream",
        "Date": "Mon, 08 Jan 2024 19:48:05 GMT",
        "User-Agent": "azsdk-java-azure-storage-blob/12.26.0-beta.1 (17.0.8; Windows 11; 10.0)",
        "x-ms-blob-type": "BlockBlob",
        "x-ms-client-request-id": "c5ce6a75-3964-495f-bc66-afd184956d91",
        "x-ms-version": "2024-02-04"
      },
      "RequestBody": "ZGVmYXVsdA==",
      "StatusCode": 201,
      "ResponseHeaders": {
        "Content-Length": "0",
        "Content-MD5": "wh\u002BWm18D0z1D4E\u002BPE252gg==",
        "Date": "Mon, 08 Jan 2024 19:48:16 GMT",
        "ETag": "\u00220x8DC1082C1ACCD5D\u0022",
        "Last-Modified": "Mon, 08 Jan 2024 19:48:16 GMT",
        "Server": [
          "Windows-Azure-Blob/1.0",
          "Microsoft-HTTPAPI/2.0"
        ],
        "x-ms-client-request-id": "c5ce6a75-3964-495f-bc66-afd184956d91",
        "x-ms-content-crc64": "6RYQPwaVsyQ=",
        "x-ms-request-id": "c2a48382-101e-000f-0f6b-42e10a000000",
        "x-ms-request-server-encrypted": "true",
        "x-ms-version": "2024-02-04"
      },
      "ResponseBody": null
    },
    {
      "RequestUri": "https://REDACTED/eb9d9b490stageblockfromurlsourceacfail7a71251447755047/eb9d9b493stageblockfromurlsourceacfail7a749651c1eff71c",
      "RequestMethod": "PUT",
      "RequestHeaders": {
        "Accept": "application/xml",
        "Authorization": "Sanitized",
        "Content-Length": "7",
        "Content-Type": "application/octet-stream",
        "Date": "Mon, 08 Jan 2024 19:48:05 GMT",
        "If-None-Match": "*",
        "User-Agent": "azsdk-java-azure-storage-blob/12.26.0-beta.1 (17.0.8; Windows 11; 10.0)",
        "x-ms-blob-type": "BlockBlob",
        "x-ms-client-request-id": "58d7145f-a374-4fa5-b0b2-32068a76b41f",
        "x-ms-version": "2024-02-04"
      },
      "RequestBody": "ZGVmYXVsdA==",
      "StatusCode": 201,
      "ResponseHeaders": {
        "Content-Length": "0",
        "Content-MD5": "wh\u002BWm18D0z1D4E\u002BPE252gg==",
        "Date": "Mon, 08 Jan 2024 19:48:16 GMT",
        "ETag": "\u00220x8DC1082C1BA38EE\u0022",
        "Last-Modified": "Mon, 08 Jan 2024 19:48:16 GMT",
        "Server": [
          "Windows-Azure-Blob/1.0",
          "Microsoft-HTTPAPI/2.0"
        ],
        "x-ms-client-request-id": "58d7145f-a374-4fa5-b0b2-32068a76b41f",
        "x-ms-content-crc64": "6RYQPwaVsyQ=",
        "x-ms-request-id": "c2a483f6-101e-000f-796b-42e10a000000",
        "x-ms-request-server-encrypted": "true",
        "x-ms-version": "2024-02-04"
      },
      "ResponseBody": null
    },
    {
      "RequestUri": "https://REDACTED/eb9d9b490stageblockfromurlsourceacfail7a71251447755047/eb9d9b493stageblockfromurlsourceacfail7a749651c1eff71c",
      "RequestMethod": "HEAD",
      "RequestHeaders": {
        "Accept": "application/xml",
        "Authorization": "Sanitized",
        "Content-Length": "0",
        "Date": "Mon, 08 Jan 2024 19:48:05 GMT",
        "User-Agent": "azsdk-java-azure-storage-blob/12.26.0-beta.1 (17.0.8; Windows 11; 10.0)",
        "x-ms-client-request-id": "9178e167-dcee-4c0f-9de6-42111b014059",
        "x-ms-version": "2024-02-04"
      },
      "RequestBody": null,
      "StatusCode": 200,
      "ResponseHeaders": {
        "Accept-Ranges": "bytes",
        "Access-Control-Allow-Origin": "*",
        "Access-Control-Expose-Headers": "x-ms-client-request-id",
        "Content-Length": "7",
        "Content-MD5": "wh\u002BWm18D0z1D4E\u002BPE252gg==",
        "Content-Type": "application/octet-stream",
        "Date": "Mon, 08 Jan 2024 19:48:16 GMT",
        "ETag": "\u00220x8DC1082C1BA38EE\u0022",
        "Last-Modified": "Mon, 08 Jan 2024 19:48:16 GMT",
        "Server": [
          "Windows-Azure-Blob/1.0",
          "Microsoft-HTTPAPI/2.0"
        ],
        "x-ms-access-tier": "Hot",
        "x-ms-access-tier-inferred": "true",
        "x-ms-blob-type": "BlockBlob",
        "x-ms-client-request-id": "9178e167-dcee-4c0f-9de6-42111b014059",
        "x-ms-creation-time": "Mon, 08 Jan 2024 19:48:16 GMT",
        "x-ms-lease-state": "available",
        "x-ms-lease-status": "unlocked",
        "x-ms-request-id": "c2a4845c-101e-000f-596b-42e10a000000",
        "x-ms-server-encrypted": "true",
        "x-ms-version": "2024-02-04"
      },
      "ResponseBody": null
    },
    {
      "RequestUri": "https://REDACTED/eb9d9b490stageblockfromurlsourceacfail7a71251447755047/eb9d9b491stageblockfromurlsourceacfail7a7280678c8876e8?comp=block\u0026blockid=NWRiMjFlOWUtZGY2Mi00YjZmLTliY2UtNmI3MWEzNTFlZWQ3",
      "RequestMethod": "PUT",
      "RequestHeaders": {
        "Accept": "application/xml",
        "Authorization": "Sanitized",
        "Content-Length": "0",
        "Date": "Mon, 08 Jan 2024 19:48:05 GMT",
        "User-Agent": "azsdk-java-azure-storage-blob/12.26.0-beta.1 (17.0.8; Windows 11; 10.0)",
        "x-ms-client-request-id": "d8c514df-aa41-4625-b12a-f835fddb5c7c",
        "x-ms-copy-source": "https://REDACTED/eb9d9b490stageblockfromurlsourceacfail7a71251447755047/eb9d9b493stageblockfromurlsourceacfail7a749651c1eff71c?sv=2024-02-04\u0026se=2024-01-09T19%3A48%3A05Z\u0026sr=b\u0026sp=r\u0026REDACTED",
        "x-ms-source-if-none-match": "0x8DC1082C1BA38EE",
        "x-ms-version": "2024-02-04"
      },
      "RequestBody": null,
      "StatusCode": 304,
      "ResponseHeaders": {
        "Content-Length": "0",
        "Date": "Mon, 08 Jan 2024 19:48:16 GMT",
        "Server": [
          "Windows-Azure-Blob/1.0",
          "Microsoft-HTTPAPI/2.0"
        ],
        "x-ms-client-request-id": "d8c514df-aa41-4625-b12a-f835fddb5c7c",
        "x-ms-error-code": "CannotVerifyCopySource",
        "x-ms-request-id": "c2a484ba-101e-000f-356b-42e10a000000",
        "x-ms-version": "2024-02-04"
      },
      "ResponseBody": null
    }
  ],
  "Variables": {
    "0": "eb9d9b490stageblockfromurlsourceacfail7a71251447755047",
    "1": "eb9d9b491stageblockfromurlsourceacfail7a7280678c8876e8",
    "2": "eb9d9b492stageblockfromurlsourceacfail7a7811694bbd4522",
    "3": "5db21e9e-df62-4b6f-9bce-6b71a351eed7",
    "4": "eb9d9b493stageblockfromurlsourceacfail7a749651c1eff71c",
    "5": "2024-01-08T19:48:05.334444800Z"
  }
}
