{
  "Entries": [
    {
      "RequestUri": "https://REDACTED/8eb918f90uploadfromurloverwriteb15817813ed1f9409aa3?restype=container",
      "RequestMethod": "PUT",
      "RequestHeaders": {
        "Accept": "application/xml",
        "Authorization": "Sanitized",
        "Content-Length": "0",
        "Date": "Mon, 11 Dec 2023 23:29:50 GMT",
        "User-Agent": "azsdk-java-azure-storage-blob/12.26.0-beta.1 (17.0.8; Windows 11; 10.0)",
        "x-ms-client-request-id": "916dd364-06f2-4b71-aad7-d871b88bea3d",
        "x-ms-version": "2024-02-04"
      },
      "RequestBody": null,
      "StatusCode": 201,
      "ResponseHeaders": {
        "Content-Length": "0",
        "Date": "Mon, 11 Dec 2023 23:29:53 GMT",
        "ETag": "\u00220x8DBFAA1143FC238\u0022",
        "Last-Modified": "Mon, 11 Dec 2023 23:29:53 GMT",
        "Server": [
          "Windows-Azure-Blob/1.0",
          "Microsoft-HTTPAPI/2.0"
        ],
        "x-ms-client-request-id": "916dd364-06f2-4b71-aad7-d871b88bea3d",
        "x-ms-request-id": "2c2abd97-601e-0048-4889-2c8a51000000",
        "x-ms-version": "2024-02-04"
      },
      "ResponseBody": null
    },
    {
      "RequestUri": "https://REDACTED/8eb918f90uploadfromurloverwriteb15817813ed1f9409aa3?restype=container",
      "RequestMethod": "PUT",
      "RequestHeaders": {
        "Accept": "application/xml",
        "Authorization": "Sanitized",
        "Content-Length": "0",
        "Date": "Mon, 11 Dec 2023 23:29:50 GMT",
        "User-Agent": "azsdk-java-azure-storage-blob/12.26.0-beta.1 (17.0.8; Windows 11; 10.0)",
        "x-ms-client-request-id": "18bfca44-4216-4d98-bb31-03cc1688716f",
        "x-ms-version": "2024-02-04"
      },
      "RequestBody": null,
      "StatusCode": 409,
      "ResponseHeaders": {
        "Content-Length": "230",
        "Content-Type": "application/xml",
        "Date": "Mon, 11 Dec 2023 23:29:53 GMT",
        "Server": [
          "Windows-Azure-Blob/1.0",
          "Microsoft-HTTPAPI/2.0"
        ],
        "x-ms-client-request-id": "18bfca44-4216-4d98-bb31-03cc1688716f",
        "x-ms-error-code": "ContainerAlreadyExists",
        "x-ms-request-id": "2c2abe5f-601e-0048-7c89-2c8a51000000",
        "x-ms-version": "2024-02-04"
      },
      "ResponseBody": [
        "\uFEFF\u003C?xml version=\u00221.0\u0022 encoding=\u0022utf-8\u0022?\u003E\u003CError\u003E\u003CCode\u003EContainerAlreadyExists\u003C/Code\u003E\u003CMessage\u003EThe specified container already exists.\n",
        "RequestId:2c2abe5f-601e-0048-7c89-2c8a51000000\n",
        "Time:2023-12-11T23:29:54.0398080Z\u003C/Message\u003E\u003C/Error\u003E"
      ]
    },
    {
      "RequestUri": "https://REDACTED/8eb918f90uploadfromurloverwriteb15817813ed1f9409aa3/8eb918f91uploadfromurloverwriteb15702583811a323e266",
      "RequestMethod": "PUT",
      "RequestHeaders": {
        "Accept": "application/xml",
        "Authorization": "Sanitized",
        "Content-Length": "7",
        "Content-Type": "application/octet-stream",
        "Date": "Mon, 11 Dec 2023 23:29:50 GMT",
        "User-Agent": "azsdk-java-azure-storage-blob/12.26.0-beta.1 (17.0.8; Windows 11; 10.0)",
        "x-ms-blob-type": "BlockBlob",
        "x-ms-client-request-id": "2fa34139-b34e-444a-a47c-58c092bdaa34",
        "x-ms-version": "2024-02-04"
      },
      "RequestBody": "ZGVmYXVsdA==",
      "StatusCode": 201,
      "ResponseHeaders": {
        "Content-Length": "0",
        "Content-MD5": "wh\u002BWm18D0z1D4E\u002BPE252gg==",
        "Date": "Mon, 11 Dec 2023 23:29:54 GMT",
        "ETag": "\u00220x8DBFAA1145B14A2\u0022",
        "Last-Modified": "Mon, 11 Dec 2023 23:29:54 GMT",
        "Server": [
          "Windows-Azure-Blob/1.0",
          "Microsoft-HTTPAPI/2.0"
        ],
        "x-ms-client-request-id": "2fa34139-b34e-444a-a47c-58c092bdaa34",
        "x-ms-content-crc64": "6RYQPwaVsyQ=",
        "x-ms-request-id": "dddd3f01-e01e-0034-1689-2ca4ae000000",
        "x-ms-request-server-encrypted": "true",
        "x-ms-version": "2024-02-04"
      },
      "ResponseBody": null
    },
    {
      "RequestUri": "https://REDACTED/8eb918f90uploadfromurloverwriteb15817813ed1f9409aa3/8eb918f93uploadfromurloverwriteb1588699d5c0af11c7ee",
      "RequestMethod": "PUT",
      "RequestHeaders": {
        "Accept": "application/xml",
        "Authorization": "Sanitized",
        "Content-Length": "7",
        "Content-Type": "application/octet-stream",
        "Date": "Mon, 11 Dec 2023 23:29:50 GMT",
        "If-None-Match": "*",
        "User-Agent": "azsdk-java-azure-storage-blob/12.26.0-beta.1 (17.0.8; Windows 11; 10.0)",
        "x-ms-blob-type": "BlockBlob",
        "x-ms-client-request-id": "a69c9f66-bd66-4dbe-ada7-62246b30a3d7",
        "x-ms-version": "2024-02-04"
      },
      "RequestBody": "ZGVmYXVsdA==",
      "StatusCode": 201,
      "ResponseHeaders": {
        "Content-Length": "0",
        "Content-MD5": "wh\u002BWm18D0z1D4E\u002BPE252gg==",
        "Date": "Mon, 11 Dec 2023 23:29:53 GMT",
        "ETag": "\u00220x8DBFAA1146AC9CF\u0022",
        "Last-Modified": "Mon, 11 Dec 2023 23:29:54 GMT",
        "Server": [
          "Windows-Azure-Blob/1.0",
          "Microsoft-HTTPAPI/2.0"
        ],
        "x-ms-client-request-id": "a69c9f66-bd66-4dbe-ada7-62246b30a3d7",
        "x-ms-content-crc64": "6RYQPwaVsyQ=",
        "x-ms-request-id": "bdd2ad75-701e-0036-7989-2c1a16000000",
        "x-ms-request-server-encrypted": "true",
        "x-ms-version": "2024-02-04"
      },
      "ResponseBody": null
    },
    {
      "RequestUri": "https://REDACTED/8eb918f90uploadfromurloverwriteb15817813ed1f9409aa3/8eb918f91uploadfromurloverwriteb15702583811a323e266",
      "RequestMethod": "PUT",
      "RequestHeaders": {
        "Accept": "application/xml",
        "Authorization": "Sanitized",
        "Content-Length": "0",
        "Content-Type": "application/octet-stream",
        "Date": "Mon, 11 Dec 2023 23:29:50 GMT",
        "User-Agent": "azsdk-java-azure-storage-blob/12.26.0-beta.1 (17.0.8; Windows 11; 10.0)",
        "x-ms-blob-type": "BlockBlob",
        "x-ms-client-request-id": "d9d68d45-b9eb-481f-a5d4-900367cdea84",
        "x-ms-version": "2024-02-04"
      },
      "RequestBody": null,
      "StatusCode": 201,
      "ResponseHeaders": {
        "Content-Length": "0",
        "Content-MD5": "1B2M2Y8AsgTpgAmY7PhCfg==",
        "Date": "Mon, 11 Dec 2023 23:29:53 GMT",
        "ETag": "\u00220x8DBFAA11479E2CC\u0022",
        "Last-Modified": "Mon, 11 Dec 2023 23:29:54 GMT",
        "Server": [
          "Windows-Azure-Blob/1.0",
          "Microsoft-HTTPAPI/2.0"
        ],
        "x-ms-client-request-id": "d9d68d45-b9eb-481f-a5d4-900367cdea84",
        "x-ms-content-crc64": "AAAAAAAAAAA=",
        "x-ms-request-id": "bdd2ae09-701e-0036-7e89-2c1a16000000",
        "x-ms-request-server-encrypted": "true",
        "x-ms-version": "2024-02-04"
      },
      "ResponseBody": null
    },
    {
      "RequestUri": "https://REDACTED/8eb918f90uploadfromurloverwriteb15817813ed1f9409aa3/8eb918f91uploadfromurloverwriteb15702583811a323e266",
      "RequestMethod": "PUT",
      "RequestHeaders": {
        "Accept": "application/xml",
        "Authorization": "Sanitized",
        "Content-Length": "0",
        "Date": "Mon, 11 Dec 2023 23:29:50 GMT",
        "User-Agent": "azsdk-java-azure-storage-blob/12.26.0-beta.1 (17.0.8; Windows 11; 10.0)",
        "x-ms-blob-type": "BlockBlob",
        "x-ms-client-request-id": "f0fbe348-3bc0-4094-b7d9-00e0e7210c2f",
        "x-ms-copy-source": "https://REDACTED/8eb918f90uploadfromurloverwriteb15817813ed1f9409aa3/8eb918f93uploadfromurloverwriteb1588699d5c0af11c7ee?sv=2024-02-04\u0026se=2023-12-12T23%3A29%3A50Z\u0026sr=b\u0026sp=r\u0026REDACTED",
        "x-ms-version": "2024-02-04"
      },
      "RequestBody": null,
      "StatusCode": 201,
      "ResponseHeaders": {
        "Content-Length": "0",
        "Date": "Mon, 11 Dec 2023 23:29:53 GMT",
        "ETag": "\u00220x8DBFAA1148F8A88\u0022",
        "Last-Modified": "Mon, 11 Dec 2023 23:29:54 GMT",
        "Server": [
          "Windows-Azure-Blob/1.0",
          "Microsoft-HTTPAPI/2.0"
        ],
        "x-ms-client-request-id": "f0fbe348-3bc0-4094-b7d9-00e0e7210c2f",
        "x-ms-content-crc64": "6RYQPwaVsyQ=",
        "x-ms-request-id": "bdd2aea3-701e-0036-0c89-2c1a16000000",
        "x-ms-request-server-encrypted": "true",
        "x-ms-version": "2024-02-04"
      },
      "ResponseBody": null
    },
    {
      "RequestUri": "https://REDACTED/8eb918f90uploadfromurloverwriteb15817813ed1f9409aa3/8eb918f91uploadfromurloverwriteb15702583811a323e266",
      "RequestMethod": "GET",
      "RequestHeaders": {
        "Accept": "application/xml",
        "Authorization": "Sanitized",
        "Content-Length": "0",
        "Date": "Mon, 11 Dec 2023 23:29:50 GMT",
        "User-Agent": "azsdk-java-azure-storage-blob/12.26.0-beta.1 (17.0.8; Windows 11; 10.0)",
        "x-ms-client-request-id": "85ce71c6-fc0c-4528-b32f-c4cd2b39421f",
        "x-ms-version": "2024-02-04"
      },
      "RequestBody": null,
      "StatusCode": 200,
      "ResponseHeaders": {
        "Accept-Ranges": "bytes",
        "Content-Length": "7",
        "Content-MD5": "wh\u002BWm18D0z1D4E\u002BPE252gg==",
        "Content-Type": "application/octet-stream",
        "Date": "Mon, 11 Dec 2023 23:29:53 GMT",
        "ETag": "\u00220x8DBFAA1148F8A88\u0022",
        "Last-Modified": "Mon, 11 Dec 2023 23:29:54 GMT",
        "Server": [
          "Windows-Azure-Blob/1.0",
          "Microsoft-HTTPAPI/2.0"
        ],
        "x-ms-blob-type": "BlockBlob",
        "x-ms-client-request-id": "85ce71c6-fc0c-4528-b32f-c4cd2b39421f",
        "x-ms-creation-time": "Mon, 11 Dec 2023 23:29:54 GMT",
        "x-ms-lease-state": "available",
        "x-ms-lease-status": "unlocked",
        "x-ms-request-id": "bdd2af63-701e-0036-4289-2c1a16000000",
        "x-ms-server-encrypted": "true",
        "x-ms-version": "2024-02-04"
      },
      "ResponseBody": "ZGVmYXVsdA=="
    }
  ],
  "Variables": {
    "0": "8eb918f90uploadfromurloverwriteb15817813ed1f9409aa3",
    "1": "8eb918f91uploadfromurloverwriteb15702583811a323e266",
    "2": "8eb918f92uploadfromurloverwriteb1505735e888f8d712a9",
    "3": "8eb918f93uploadfromurloverwriteb1588699d5c0af11c7ee",
    "4": "2023-12-11T23:29:50.384901200Z"
  }
}
