{
  "Entries": [
    {
      "RequestUri": "https://REDACTED/f45773a00stageblockretryontransientfailure3f0201748e414e?restype=container",
      "RequestMethod": "PUT",
      "RequestHeaders": {
        "Accept": "application/xml",
        "Authorization": "Sanitized",
        "Content-Length": "0",
        "Date": "Fri, 03 Nov 2023 22:08:30 GMT",
        "User-Agent": "azsdk-java-azure-storage-blob/12.25.0-beta.2 (17.0.8; Windows 11; 10.0)",
        "x-ms-client-request-id": "c03f2683-8b76-4544-bc7f-df44248232ad",
        "x-ms-version": "2023-11-03"
      },
      "RequestBody": null,
      "StatusCode": 201,
      "ResponseHeaders": {
        "Content-Length": "0",
        "Date": "Fri, 03 Nov 2023 22:08:30 GMT",
        "ETag": "\u00220x8DBDCB96A99FC53\u0022",
        "Last-Modified": "Fri, 03 Nov 2023 22:08:31 GMT",
        "Server": [
          "Windows-Azure-Blob/1.0",
          "Microsoft-HTTPAPI/2.0"
        ],
        "x-ms-client-request-id": "c03f2683-8b76-4544-bc7f-df44248232ad",
        "x-ms-request-id": "543814ad-701e-0009-31a2-0ed2b5000000",
        "x-ms-version": "2023-11-03"
      },
      "ResponseBody": null
    },
    {
      "RequestUri": "https://REDACTED/f45773a00stageblockretryontransientfailure3f0201748e414e/f45773a01stageblockretryontransientfailure3f0510478e13a1",
      "RequestMethod": "PUT",
      "RequestHeaders": {
        "Accept": "application/xml",
        "Authorization": "Sanitized",
        "Content-Length": "7",
        "Content-Type": "application/octet-stream",
        "Date": "Fri, 03 Nov 2023 22:08:30 GMT",
        "User-Agent": "azsdk-java-azure-storage-blob/12.25.0-beta.2 (17.0.8; Windows 11; 10.0)",
        "x-ms-blob-type": "BlockBlob",
        "x-ms-client-request-id": "91f8c8d1-5fce-4435-8b9a-6b4ef8e83fa9",
        "x-ms-version": "2023-11-03"
      },
      "RequestBody": "ZGVmYXVsdA==",
      "StatusCode": 201,
      "ResponseHeaders": {
        "Content-Length": "0",
        "Content-MD5": "wh\u002BWm18D0z1D4E\u002BPE252gg==",
        "Date": "Fri, 03 Nov 2023 22:08:31 GMT",
        "ETag": "\u00220x8DBDCB96AA88ED5\u0022",
        "Last-Modified": "Fri, 03 Nov 2023 22:08:31 GMT",
        "Server": [
          "Windows-Azure-Blob/1.0",
          "Microsoft-HTTPAPI/2.0"
        ],
        "x-ms-client-request-id": "91f8c8d1-5fce-4435-8b9a-6b4ef8e83fa9",
        "x-ms-content-crc64": "6RYQPwaVsyQ=",
        "x-ms-request-id": "54381530-701e-0009-75a2-0ed2b5000000",
        "x-ms-request-server-encrypted": "true",
        "x-ms-version": "2023-11-03"
      },
      "ResponseBody": null
    },
    {
      "RequestUri": "https://REDACTED/f45773a00stageblockretryontransientfailure3f0201748e414e/f45773a01stageblockretryontransientfailure3f0510478e13a1?comp=block\u0026blockid=ZTgwN2I0MTMtOGMwNS00ZDk4LTlmYmUtMDU5Y2NmNzhjNTk0",
      "RequestMethod": "PUT",
      "RequestHeaders": {
        "Accept": "application/xml",
        "Authorization": "Sanitized",
        "Content-Length": "10",
        "Content-Type": "application/octet-stream",
        "Date": "Fri, 03 Nov 2023 22:08:31 GMT",
        "User-Agent": "azsdk-java-azure-storage-blob/12.25.0-beta.2 (17.0.8; Windows 11; 10.0)",
        "x-ms-client-request-id": "a60315b5-aa25-4c06-be54-8319cf9b23f8",
        "x-ms-version": "2023-11-03"
      },
      "RequestBody": "umxQU9jdR93inQ==",
      "StatusCode": 201,
      "ResponseHeaders": {
        "Content-Length": "0",
        "Date": "Fri, 03 Nov 2023 22:08:31 GMT",
        "Server": [
          "Windows-Azure-Blob/1.0",
          "Microsoft-HTTPAPI/2.0"
        ],
        "x-ms-client-request-id": "a60315b5-aa25-4c06-be54-8319cf9b23f8",
        "x-ms-content-crc64": "ri3TA4y/5rM=",
        "x-ms-request-id": "543815c3-701e-0009-4da2-0ed2b5000000",
        "x-ms-request-server-encrypted": "true",
        "x-ms-version": "2023-11-03"
      },
      "ResponseBody": null
    },
    {
      "RequestUri": "https://REDACTED/f45773a00stageblockretryontransientfailure3f0201748e414e/f45773a01stageblockretryontransientfailure3f0510478e13a1?comp=blocklist",
      "RequestMethod": "PUT",
      "RequestHeaders": {
        "Accept": "application/xml",
        "Authorization": "Sanitized",
        "Content-Length": "126",
        "Content-Type": "application/xml",
        "Date": "Fri, 03 Nov 2023 22:08:31 GMT",
        "User-Agent": "azsdk-java-azure-storage-blob/12.25.0-beta.2 (17.0.8; Windows 11; 10.0)",
        "x-ms-client-request-id": "db4ed11e-d68c-41d2-9fa1-c182a6ab6b25",
        "x-ms-version": "2023-11-03"
      },
      "RequestBody": "\u003C?xml version=\u00271.0\u0027 encoding=\u0027UTF-8\u0027?\u003E\u003CBlockList\u003E\u003CLatest\u003EZTgwN2I0MTMtOGMwNS00ZDk4LTlmYmUtMDU5Y2NmNzhjNTk0\u003C/Latest\u003E\u003C/BlockList\u003E",
      "StatusCode": 201,
      "ResponseHeaders": {
        "Content-Length": "0",
        "Date": "Fri, 03 Nov 2023 22:08:31 GMT",
        "ETag": "\u00220x8DBDCB96AC64BAD\u0022",
        "Last-Modified": "Fri, 03 Nov 2023 22:08:32 GMT",
        "Server": [
          "Windows-Azure-Blob/1.0",
          "Microsoft-HTTPAPI/2.0"
        ],
        "x-ms-client-request-id": "db4ed11e-d68c-41d2-9fa1-c182a6ab6b25",
        "x-ms-content-crc64": "1RNq2EjIQEk=",
        "x-ms-request-id": "54381657-701e-0009-18a2-0ed2b5000000",
        "x-ms-request-server-encrypted": "true",
        "x-ms-version": "2023-11-03"
      },
      "ResponseBody": null
    },
    {
      "RequestUri": "https://REDACTED/f45773a00stageblockretryontransientfailure3f0201748e414e/f45773a01stageblockretryontransientfailure3f0510478e13a1",
      "RequestMethod": "GET",
      "RequestHeaders": {
        "Accept": "application/xml",
        "Authorization": "Sanitized",
        "Content-Length": "0",
        "Date": "Fri, 03 Nov 2023 22:08:31 GMT",
        "User-Agent": "azsdk-java-azure-storage-blob/12.25.0-beta.2 (17.0.8; Windows 11; 10.0)",
        "x-ms-client-request-id": "8e169e0c-6e1b-4d24-b09c-15ce9ac6858a",
        "x-ms-version": "2023-11-03"
      },
      "RequestBody": null,
      "StatusCode": 200,
      "ResponseHeaders": {
        "Accept-Ranges": "bytes",
        "Access-Control-Allow-Origin": "*",
        "Access-Control-Expose-Headers": "x-ms-client-request-id",
        "Content-Length": "10",
        "Content-Type": "application/octet-stream",
        "Date": "Fri, 03 Nov 2023 22:08:31 GMT",
        "ETag": "\u00220x8DBDCB96AC64BAD\u0022",
        "Last-Modified": "Fri, 03 Nov 2023 22:08:32 GMT",
        "Server": [
          "Windows-Azure-Blob/1.0",
          "Microsoft-HTTPAPI/2.0"
        ],
        "x-ms-blob-type": "BlockBlob",
        "x-ms-client-request-id": "8e169e0c-6e1b-4d24-b09c-15ce9ac6858a",
        "x-ms-creation-time": "Fri, 03 Nov 2023 22:08:31 GMT",
        "x-ms-lease-state": "available",
        "x-ms-lease-status": "unlocked",
        "x-ms-request-id": "32e3cacb-b01e-0039-57a2-0e6c7a000000",
        "x-ms-server-encrypted": "true",
        "x-ms-version": "2023-11-03"
      },
      "ResponseBody": "umxQU9jdR93inQ=="
    }
  ],
  "Variables": {
    "0": "f45773a00stageblockretryontransientfailure3f0201748e414e",
    "1": "f45773a01stageblockretryontransientfailure3f0510478e13a1",
    "2": "e37bfbe2-98d4-4b82-9a24-cf09d8d4de8d",
    "3": "e807b413-8c05-4d98-9fbe-059ccf78c594"
  }
}
