{
  "Entries": [
    {
      "RequestUri": "https://REDACTED/68735ac60stageblockminwithbinarydatafromfluxa349029211dc4?restype=container",
      "RequestMethod": "PUT",
      "RequestHeaders": {
        "Accept": "application/xml",
        "Authorization": "Sanitized",
        "Content-Length": "0",
        "Date": "Tue, 03 Oct 2023 21:43:30 GMT",
        "User-Agent": "azsdk-java-azure-storage-blob/12.25.0-beta.1 (11.0.16.1; Windows 11; 10.0)",
        "x-ms-client-request-id": "c5fa8770-bcc5-4bec-85f7-9c3080092dc9",
        "x-ms-version": "2023-08-03"
      },
      "RequestBody": null,
      "StatusCode": 201,
      "ResponseHeaders": {
        "Content-Length": "0",
        "Date": "Tue, 03 Oct 2023 21:43:29 GMT",
        "ETag": "\u00220x8DBC459C9275A66\u0022",
        "Last-Modified": "Tue, 03 Oct 2023 21:43:30 GMT",
        "Server": [
          "Windows-Azure-Blob/1.0",
          "Microsoft-HTTPAPI/2.0"
        ],
        "x-ms-client-request-id": "c5fa8770-bcc5-4bec-85f7-9c3080092dc9",
        "x-ms-request-id": "60f9627f-b01e-0004-5642-f61c85000000",
        "x-ms-version": "2023-08-03"
      },
      "ResponseBody": null
    },
    {
      "RequestUri": "https://REDACTED/68735ac60stageblockminwithbinarydatafromfluxa349029211dc4/68735ac61stageblockminwithbinarydatafromfluxa3448252ec7f5",
      "RequestMethod": "PUT",
      "RequestHeaders": {
        "Accept": "application/xml",
        "Authorization": "Sanitized",
        "Content-Length": "7",
        "Content-Type": "application/octet-stream",
        "Date": "Tue, 03 Oct 2023 21:43:30 GMT",
        "User-Agent": "azsdk-java-azure-storage-blob/12.25.0-beta.1 (11.0.16.1; Windows 11; 10.0)",
        "x-ms-blob-type": "BlockBlob",
        "x-ms-client-request-id": "d5376649-88de-4258-984a-f27f2f2dd781",
        "x-ms-version": "2023-08-03"
      },
      "RequestBody": "ZGVmYXVsdA==",
      "StatusCode": 201,
      "ResponseHeaders": {
        "Content-Length": "0",
        "Content-MD5": "wh\u002BWm18D0z1D4E\u002BPE252gg==",
        "Date": "Tue, 03 Oct 2023 21:43:30 GMT",
        "ETag": "\u00220x8DBC459C936B225\u0022",
        "Last-Modified": "Tue, 03 Oct 2023 21:43:30 GMT",
        "Server": [
          "Windows-Azure-Blob/1.0",
          "Microsoft-HTTPAPI/2.0"
        ],
        "x-ms-client-request-id": "d5376649-88de-4258-984a-f27f2f2dd781",
        "x-ms-content-crc64": "6RYQPwaVsyQ=",
        "x-ms-request-id": "63dc8901-401e-0096-6f42-f69853000000",
        "x-ms-request-server-encrypted": "true",
        "x-ms-version": "2023-08-03",
        "x-ms-version-id": "2023-10-03T21:43:30.9995557Z"
      },
      "ResponseBody": null
    },
    {
      "RequestUri": "https://REDACTED/68735ac60stageblockminwithbinarydatafromfluxa349029211dc4/68735ac62stageblockminwithbinarydatafromfluxa3408933849b4",
      "RequestMethod": "PUT",
      "RequestHeaders": {
        "Accept": "application/xml",
        "Authorization": "Sanitized",
        "Content-Length": "7",
        "Content-Type": "application/octet-stream",
        "Date": "Tue, 03 Oct 2023 21:43:30 GMT",
        "User-Agent": "azsdk-java-azure-storage-blob/12.25.0-beta.1 (11.0.16.1; Windows 11; 10.0)",
        "x-ms-blob-type": "BlockBlob",
        "x-ms-client-request-id": "219154dd-988a-4e9c-9583-f534acc9740a",
        "x-ms-version": "2023-08-03"
      },
      "RequestBody": "ZGVmYXVsdA==",
      "StatusCode": 201,
      "ResponseHeaders": {
        "Content-Length": "0",
        "Content-MD5": "wh\u002BWm18D0z1D4E\u002BPE252gg==",
        "Date": "Tue, 03 Oct 2023 21:43:30 GMT",
        "ETag": "\u00220x8DBC459C9455603\u0022",
        "Last-Modified": "Tue, 03 Oct 2023 21:43:31 GMT",
        "Server": [
          "Windows-Azure-Blob/1.0",
          "Microsoft-HTTPAPI/2.0"
        ],
        "x-ms-client-request-id": "219154dd-988a-4e9c-9583-f534acc9740a",
        "x-ms-content-crc64": "6RYQPwaVsyQ=",
        "x-ms-request-id": "60f962e6-b01e-0004-3542-f61c85000000",
        "x-ms-request-server-encrypted": "true",
        "x-ms-version": "2023-08-03",
        "x-ms-version-id": "2023-10-03T21:43:31.0955011Z"
      },
      "ResponseBody": null
    },
    {
      "RequestUri": "https://REDACTED/68735ac60stageblockminwithbinarydatafromfluxa349029211dc4/68735ac61stageblockminwithbinarydatafromfluxa3448252ec7f5?comp=block\u0026blockid=YmMxNjNkNjMtNTMwZi00ZDI5LWIyMWYtNTJiODkxYTA1MjQw",
      "RequestMethod": "PUT",
      "RequestHeaders": {
        "Accept": "application/xml",
        "Authorization": "Sanitized",
        "Content-Length": "7",
        "Content-Type": "application/octet-stream",
        "Date": "Tue, 03 Oct 2023 21:43:30 GMT",
        "User-Agent": "azsdk-java-azure-storage-blob/12.25.0-beta.1 (11.0.16.1; Windows 11; 10.0)",
        "x-ms-client-request-id": "e830ebfa-1ff0-4903-b7ec-d8aaf92b2d4b",
        "x-ms-version": "2023-08-03"
      },
      "RequestBody": "ZGVmYXVsdA==",
      "StatusCode": 201,
      "ResponseHeaders": {
        "Content-Length": "0",
        "Date": "Tue, 03 Oct 2023 21:43:30 GMT",
        "Server": [
          "Windows-Azure-Blob/1.0",
          "Microsoft-HTTPAPI/2.0"
        ],
        "x-ms-client-request-id": "e830ebfa-1ff0-4903-b7ec-d8aaf92b2d4b",
        "x-ms-content-crc64": "6RYQPwaVsyQ=",
        "x-ms-request-id": "63dc8973-401e-0096-5542-f69853000000",
        "x-ms-request-server-encrypted": "true",
        "x-ms-version": "2023-08-03"
      },
      "ResponseBody": null
    },
    {
      "RequestUri": "https://REDACTED/68735ac60stageblockminwithbinarydatafromfluxa349029211dc4/68735ac61stageblockminwithbinarydatafromfluxa3448252ec7f5?comp=blocklist\u0026blocklisttype=all",
      "RequestMethod": "GET",
      "RequestHeaders": {
        "Accept": "application/xml",
        "Authorization": "Sanitized",
        "Content-Length": "0",
        "Date": "Tue, 03 Oct 2023 21:43:30 GMT",
        "User-Agent": "azsdk-java-azure-storage-blob/12.25.0-beta.1 (11.0.16.1; Windows 11; 10.0)",
        "x-ms-client-request-id": "439bbb2d-c445-46d6-86fd-cf0c1032926f",
        "x-ms-version": "2023-08-03"
      },
      "RequestBody": null,
      "StatusCode": 200,
      "ResponseHeaders": {
        "Access-Control-Allow-Origin": "*",
        "Access-Control-Expose-Headers": "x-ms-client-request-id",
        "Content-Type": "application/xml",
        "Date": "Tue, 03 Oct 2023 21:43:30 GMT",
        "ETag": "\u00220x8DBC459C936B225\u0022",
        "Last-Modified": "Tue, 03 Oct 2023 21:43:30 GMT",
        "Server": [
          "Windows-Azure-Blob/1.0",
          "Microsoft-HTTPAPI/2.0"
        ],
        "Transfer-Encoding": "chunked",
        "x-ms-blob-content-length": "7",
        "x-ms-client-request-id": "439bbb2d-c445-46d6-86fd-cf0c1032926f",
        "x-ms-request-id": "63dc89a4-401e-0096-7e42-f69853000000",
        "x-ms-version": "2023-08-03"
      },
      "ResponseBody": "\uFEFF\u003C?xml version=\u00221.0\u0022 encoding=\u0022utf-8\u0022?\u003E\u003CBlockList\u003E\u003CCommittedBlocks /\u003E\u003CUncommittedBlocks\u003E\u003CBlock\u003E\u003CName\u003EYmMxNjNkNjMtNTMwZi00ZDI5LWIyMWYtNTJiODkxYTA1MjQw\u003C/Name\u003E\u003CSize\u003E7\u003C/Size\u003E\u003C/Block\u003E\u003C/UncommittedBlocks\u003E\u003C/BlockList\u003E"
    }
  ],
  "Variables": {
    "0": "68735ac60stageblockminwithbinarydatafromfluxa349029211dc4",
    "1": "68735ac61stageblockminwithbinarydatafromfluxa3448252ec7f5",
    "2": "68735ac62stageblockminwithbinarydatafromfluxa3408933849b4",
    "3": "bc163d63-530f-4d29-b21f-52b891a05240"
  }
}
