{
  "Entries": [
    {
      "RequestUri": "https://REDACTED/311bed5a0audiencefromstring19265258b747c301d1854d?restype=container",
      "RequestMethod": "PUT",
      "RequestHeaders": {
        "Accept": "application/xml",
        "Authorization": "Sanitized",
        "Content-Length": "0",
        "Date": "Wed, 18 Oct 2023 21:27:22 GMT",
        "User-Agent": "azsdk-java-azure-storage-blob/12.25.0-beta.1 (17.0.8; Windows 11; 10.0)",
        "x-ms-client-request-id": "55de51dc-5c15-49ab-a472-b8451e9b1e7d",
        "x-ms-version": "2023-11-03"
      },
      "RequestBody": null,
      "StatusCode": 201,
      "ResponseHeaders": {
        "Content-Length": "0",
        "Date": "Wed, 18 Oct 2023 21:27:21 GMT",
        "ETag": "\u00220x8DBD0210412C30B\u0022",
        "Last-Modified": "Wed, 18 Oct 2023 21:27:22 GMT",
        "Server": [
          "Windows-Azure-Blob/1.0",
          "Microsoft-HTTPAPI/2.0"
        ],
        "x-ms-client-request-id": "55de51dc-5c15-49ab-a472-b8451e9b1e7d",
        "x-ms-request-id": "f2b9e12a-a01e-001a-0f09-02f6b9000000",
        "x-ms-version": "2023-11-03"
      },
      "ResponseBody": null
    },
    {
      "RequestUri": "https://REDACTED/311bed5a0audiencefromstring19265258b747c301d1854d/311bed5a1audiencefromstring192469910407098c81f743",
      "RequestMethod": "PUT",
      "RequestHeaders": {
        "Accept": "application/xml",
        "Authorization": "Sanitized",
        "Content-Length": "7",
        "Content-Type": "application/octet-stream",
        "Date": "Wed, 18 Oct 2023 21:27:22 GMT",
        "User-Agent": "azsdk-java-azure-storage-blob/12.25.0-beta.1 (17.0.8; Windows 11; 10.0)",
        "x-ms-blob-type": "BlockBlob",
        "x-ms-client-request-id": "c754e73c-8c35-468f-b393-0323037f9f2c",
        "x-ms-version": "2023-11-03"
      },
      "RequestBody": "ZGVmYXVsdA==",
      "StatusCode": 201,
      "ResponseHeaders": {
        "Content-Length": "0",
        "Content-MD5": "wh\u002BWm18D0z1D4E\u002BPE252gg==",
        "Date": "Wed, 18 Oct 2023 21:27:21 GMT",
        "ETag": "\u00220x8DBD0210422E102\u0022",
        "Last-Modified": "Wed, 18 Oct 2023 21:27:22 GMT",
        "Server": [
          "Windows-Azure-Blob/1.0",
          "Microsoft-HTTPAPI/2.0"
        ],
        "x-ms-client-request-id": "c754e73c-8c35-468f-b393-0323037f9f2c",
        "x-ms-content-crc64": "6RYQPwaVsyQ=",
        "x-ms-request-id": "f2b9e1bf-a01e-001a-1509-02f6b9000000",
        "x-ms-request-server-encrypted": "true",
        "x-ms-version": "2023-11-03"
      },
      "ResponseBody": null
    },
    {
      "RequestUri": "https://REDACTED/311bed5a0audiencefromstring19265258b747c301d1854d/311bed5a2audiencefromstring19297746a750697cfe704a",
      "RequestMethod": "PUT",
      "RequestHeaders": {
        "Accept": "application/xml",
        "Authorization": "Sanitized",
        "Content-Length": "7",
        "Content-Type": "application/octet-stream",
        "Date": "Wed, 18 Oct 2023 21:27:22 GMT",
        "User-Agent": "azsdk-java-azure-storage-blob/12.25.0-beta.1 (17.0.8; Windows 11; 10.0)",
        "x-ms-blob-type": "BlockBlob",
        "x-ms-client-request-id": "dabdfd79-9766-40ea-a7d1-83e5cbe6746d",
        "x-ms-version": "2023-11-03"
      },
      "RequestBody": "ZGVmYXVsdA==",
      "StatusCode": 201,
      "ResponseHeaders": {
        "Content-Length": "0",
        "Content-MD5": "wh\u002BWm18D0z1D4E\u002BPE252gg==",
        "Date": "Wed, 18 Oct 2023 21:27:22 GMT",
        "ETag": "\u00220x8DBD0210431D2EE\u0022",
        "Last-Modified": "Wed, 18 Oct 2023 21:27:22 GMT",
        "Server": [
          "Windows-Azure-Blob/1.0",
          "Microsoft-HTTPAPI/2.0"
        ],
        "x-ms-client-request-id": "dabdfd79-9766-40ea-a7d1-83e5cbe6746d",
        "x-ms-content-crc64": "6RYQPwaVsyQ=",
        "x-ms-request-id": "610fd632-d01e-00a9-3a09-025614000000",
        "x-ms-request-server-encrypted": "true",
        "x-ms-version": "2023-11-03"
      },
      "ResponseBody": null
    },
    {
      "RequestUri": "https://REDACTED/311bed5a0audiencefromstring19265258b747c301d1854d/311bed5a1audiencefromstring192469910407098c81f743",
      "RequestMethod": "HEAD",
      "RequestHeaders": {
        "Accept": "application/xml",
        "Authorization": "Sanitized",
        "Content-Length": "0",
        "Date": "Wed, 18 Oct 2023 21:27:22 GMT",
        "User-Agent": "azsdk-java-azure-storage-blob/12.25.0-beta.1 (17.0.8; Windows 11; 10.0)",
        "x-ms-client-request-id": "0eb8fe9d-e1a4-46bd-86b1-c0e02496bc86",
        "x-ms-version": "2023-11-03"
      },
      "RequestBody": null,
      "StatusCode": 200,
      "ResponseHeaders": {
        "Accept-Ranges": "bytes",
        "Access-Control-Allow-Origin": "*",
        "Access-Control-Expose-Headers": "x-ms-client-request-id",
        "Content-Length": "7",
        "Content-MD5": "wh\u002BWm18D0z1D4E\u002BPE252gg==",
        "Content-Type": "application/octet-stream",
        "Date": "Wed, 18 Oct 2023 21:27:22 GMT",
        "ETag": "\u00220x8DBD0210422E102\u0022",
        "Last-Modified": "Wed, 18 Oct 2023 21:27:22 GMT",
        "Server": [
          "Windows-Azure-Blob/1.0",
          "Microsoft-HTTPAPI/2.0"
        ],
        "x-ms-access-tier": "Hot",
        "x-ms-access-tier-inferred": "true",
        "x-ms-blob-type": "BlockBlob",
        "x-ms-client-request-id": "0eb8fe9d-e1a4-46bd-86b1-c0e02496bc86",
        "x-ms-creation-time": "Wed, 18 Oct 2023 21:27:22 GMT",
        "x-ms-lease-state": "available",
        "x-ms-lease-status": "unlocked",
        "x-ms-request-id": "6ac38a24-801e-000d-6809-025fb2000000",
        "x-ms-server-encrypted": "true",
        "x-ms-version": "2023-11-03"
      },
      "ResponseBody": null
    }
  ],
  "Variables": {
    "0": "311bed5a0audiencefromstring19265258b747c301d1854d",
    "1": "311bed5a1audiencefromstring192469910407098c81f743",
    "2": "311bed5a2audiencefromstring19297746a750697cfe704a"
  }
}
