{
  "Entries": [
    {
      "RequestUri": "https://REDACTED/96ccdcd20stageblocktransactionalmd55d186271c031ff1207?restype=container",
      "RequestMethod": "PUT",
      "RequestHeaders": {
        "Accept": "application/xml",
        "Authorization": "Sanitized",
        "Content-Length": "0",
        "Date": "Wed, 18 Oct 2023 19:24:23 GMT",
        "User-Agent": "azsdk-java-azure-storage-blob/12.25.0-beta.1 (17.0.8; Windows 11; 10.0)",
        "x-ms-client-request-id": "f4bf71b6-8f38-46a8-83d0-42bf26e17932",
        "x-ms-version": "2023-11-03"
      },
      "RequestBody": null,
      "StatusCode": 201,
      "ResponseHeaders": {
        "Content-Length": "0",
        "Date": "Wed, 18 Oct 2023 19:24:22 GMT",
        "ETag": "\u00220x8DBD00FD5C181F4\u0022",
        "Last-Modified": "Wed, 18 Oct 2023 19:24:23 GMT",
        "Server": [
          "Windows-Azure-Blob/1.0",
          "Microsoft-HTTPAPI/2.0"
        ],
        "x-ms-client-request-id": "f4bf71b6-8f38-46a8-83d0-42bf26e17932",
        "x-ms-request-id": "e98eea8f-401e-0002-78f8-0129de000000",
        "x-ms-version": "2023-11-03"
      },
      "ResponseBody": null
    },
    {
      "RequestUri": "https://REDACTED/96ccdcd20stageblocktransactionalmd55d186271c031ff1207/96ccdcd21stageblocktransactionalmd55d163784804ae6ff39",
      "RequestMethod": "PUT",
      "RequestHeaders": {
        "Accept": "application/xml",
        "Authorization": "Sanitized",
        "Content-Length": "7",
        "Content-Type": "application/octet-stream",
        "Date": "Wed, 18 Oct 2023 19:24:23 GMT",
        "User-Agent": "azsdk-java-azure-storage-blob/12.25.0-beta.1 (17.0.8; Windows 11; 10.0)",
        "x-ms-blob-type": "BlockBlob",
        "x-ms-client-request-id": "d448feab-2dc5-46af-b155-0df8a81f6f07",
        "x-ms-version": "2023-11-03"
      },
      "RequestBody": "ZGVmYXVsdA==",
      "StatusCode": 201,
      "ResponseHeaders": {
        "Content-Length": "0",
        "Content-MD5": "wh\u002BWm18D0z1D4E\u002BPE252gg==",
        "Date": "Wed, 18 Oct 2023 19:24:22 GMT",
        "ETag": "\u00220x8DBD00FD5D00152\u0022",
        "Last-Modified": "Wed, 18 Oct 2023 19:24:23 GMT",
        "Server": [
          "Windows-Azure-Blob/1.0",
          "Microsoft-HTTPAPI/2.0"
        ],
        "x-ms-client-request-id": "d448feab-2dc5-46af-b155-0df8a81f6f07",
        "x-ms-content-crc64": "6RYQPwaVsyQ=",
        "x-ms-request-id": "e98eead5-401e-0002-39f8-0129de000000",
        "x-ms-request-server-encrypted": "true",
        "x-ms-version": "2023-11-03"
      },
      "ResponseBody": null
    },
    {
      "RequestUri": "https://REDACTED/96ccdcd20stageblocktransactionalmd55d186271c031ff1207/96ccdcd22stageblocktransactionalmd55d1901878f9b3e8142",
      "RequestMethod": "PUT",
      "RequestHeaders": {
        "Accept": "application/xml",
        "Authorization": "Sanitized",
        "Content-Length": "7",
        "Content-Type": "application/octet-stream",
        "Date": "Wed, 18 Oct 2023 19:24:23 GMT",
        "User-Agent": "azsdk-java-azure-storage-blob/12.25.0-beta.1 (17.0.8; Windows 11; 10.0)",
        "x-ms-blob-type": "BlockBlob",
        "x-ms-client-request-id": "2622b87b-4b83-4353-9de8-3be518f3d980",
        "x-ms-version": "2023-11-03"
      },
      "RequestBody": "ZGVmYXVsdA==",
      "StatusCode": 201,
      "ResponseHeaders": {
        "Content-Length": "0",
        "Content-MD5": "wh\u002BWm18D0z1D4E\u002BPE252gg==",
        "Date": "Wed, 18 Oct 2023 19:24:22 GMT",
        "ETag": "\u00220x8DBD00FD5DF1A3F\u0022",
        "Last-Modified": "Wed, 18 Oct 2023 19:24:23 GMT",
        "Server": [
          "Windows-Azure-Blob/1.0",
          "Microsoft-HTTPAPI/2.0"
        ],
        "x-ms-client-request-id": "2622b87b-4b83-4353-9de8-3be518f3d980",
        "x-ms-content-crc64": "6RYQPwaVsyQ=",
        "x-ms-request-id": "e98eeb2c-401e-0002-04f8-0129de000000",
        "x-ms-request-server-encrypted": "true",
        "x-ms-version": "2023-11-03"
      },
      "ResponseBody": null
    },
    {
      "RequestUri": "https://REDACTED/96ccdcd20stageblocktransactionalmd55d186271c031ff1207/96ccdcd21stageblocktransactionalmd55d163784804ae6ff39?comp=block\u0026blockid=NTgyOGI2ZWQtZTYxYS00MjM1LWI1NTYtMWMzYzIwOThjYzhm",
      "RequestMethod": "PUT",
      "RequestHeaders": {
        "Accept": "application/xml",
        "Authorization": "Sanitized",
        "Content-Length": "7",
        "Content-MD5": "wh\u002BWm18D0z1D4E\u002BPE252gg==",
        "Content-Type": "application/octet-stream",
        "Date": "Wed, 18 Oct 2023 19:24:23 GMT",
        "User-Agent": "azsdk-java-azure-storage-blob/12.25.0-beta.1 (17.0.8; Windows 11; 10.0)",
        "x-ms-client-request-id": "169bebda-e230-4ed1-b04a-56e9b92bf9e1",
        "x-ms-version": "2023-11-03"
      },
      "RequestBody": "ZGVmYXVsdA==",
      "StatusCode": 201,
      "ResponseHeaders": {
        "Content-Length": "0",
        "Content-MD5": "wh\u002BWm18D0z1D4E\u002BPE252gg==",
        "Date": "Wed, 18 Oct 2023 19:24:23 GMT",
        "Server": [
          "Windows-Azure-Blob/1.0",
          "Microsoft-HTTPAPI/2.0"
        ],
        "x-ms-client-request-id": "169bebda-e230-4ed1-b04a-56e9b92bf9e1",
        "x-ms-request-id": "f0bb876a-901e-0097-37f8-01c16b000000",
        "x-ms-request-server-encrypted": "true",
        "x-ms-version": "2023-11-03"
      },
      "ResponseBody": null
    }
  ],
  "Variables": {
    "0": "96ccdcd20stageblocktransactionalmd55d186271c031ff1207",
    "1": "96ccdcd21stageblocktransactionalmd55d163784804ae6ff39",
    "2": "96ccdcd22stageblocktransactionalmd55d1901878f9b3e8142",
    "3": "5828b6ed-e61a-4235-b556-1c3c2098cc8f"
  }
}
