{
  "Entries": [
    {
      "RequestUri": "https://REDACTED/1f732c6e0getblocklisttypecd696986ee9c5c7e4b2a46e?restype=container",
      "RequestMethod": "PUT",
      "RequestHeaders": {
        "Accept": "application/xml",
        "Authorization": "Sanitized",
        "Content-Length": "0",
        "Date": "Mon, 08 Jan 2024 19:48:09 GMT",
        "User-Agent": "azsdk-java-azure-storage-blob/12.26.0-beta.1 (17.0.8; Windows 11; 10.0)",
        "x-ms-client-request-id": "05c47c7e-3469-4887-9abb-8d1dcb70412b",
        "x-ms-version": "2024-02-04"
      },
      "RequestBody": null,
      "StatusCode": 201,
      "ResponseHeaders": {
        "Content-Length": "0",
        "Date": "Mon, 08 Jan 2024 19:48:19 GMT",
        "ETag": "\u00220x8DC1082C428F569\u0022",
        "Last-Modified": "Mon, 08 Jan 2024 19:48:20 GMT",
        "Server": [
          "Windows-Azure-Blob/1.0",
          "Microsoft-HTTPAPI/2.0"
        ],
        "x-ms-client-request-id": "05c47c7e-3469-4887-9abb-8d1dcb70412b",
        "x-ms-request-id": "4cb08537-501e-000e-026b-42bed6000000",
        "x-ms-version": "2024-02-04"
      },
      "ResponseBody": null
    },
    {
      "RequestUri": "https://REDACTED/1f732c6e0getblocklisttypecd696986ee9c5c7e4b2a46e?restype=container",
      "RequestMethod": "PUT",
      "RequestHeaders": {
        "Accept": "application/xml",
        "Authorization": "Sanitized",
        "Content-Length": "0",
        "Date": "Mon, 08 Jan 2024 19:48:09 GMT",
        "User-Agent": "azsdk-java-azure-storage-blob/12.26.0-beta.1 (17.0.8; Windows 11; 10.0)",
        "x-ms-client-request-id": "a9d2fa71-3df1-4883-a4d2-cf1c358298d2",
        "x-ms-version": "2024-02-04"
      },
      "RequestBody": null,
      "StatusCode": 409,
      "ResponseHeaders": {
        "Content-Length": "230",
        "Content-Type": "application/xml",
        "Date": "Mon, 08 Jan 2024 19:48:19 GMT",
        "Server": [
          "Windows-Azure-Blob/1.0",
          "Microsoft-HTTPAPI/2.0"
        ],
        "x-ms-client-request-id": "a9d2fa71-3df1-4883-a4d2-cf1c358298d2",
        "x-ms-error-code": "ContainerAlreadyExists",
        "x-ms-request-id": "4cb08612-501e-000e-516b-42bed6000000",
        "x-ms-version": "2024-02-04"
      },
      "ResponseBody": [
        "\uFEFF\u003C?xml version=\u00221.0\u0022 encoding=\u0022utf-8\u0022?\u003E\u003CError\u003E\u003CCode\u003EContainerAlreadyExists\u003C/Code\u003E\u003CMessage\u003EThe specified container already exists.\n",
        "RequestId:4cb08612-501e-000e-516b-42bed6000000\n",
        "Time:2024-01-08T19:48:20.3628701Z\u003C/Message\u003E\u003C/Error\u003E"
      ]
    },
    {
      "RequestUri": "https://REDACTED/1f732c6e0getblocklisttypecd696986ee9c5c7e4b2a46e/1f732c6e1getblocklisttypecd6326231478a7ee2231492",
      "RequestMethod": "PUT",
      "RequestHeaders": {
        "Accept": "application/xml",
        "Authorization": "Sanitized",
        "Content-Length": "7",
        "Content-Type": "application/octet-stream",
        "Date": "Mon, 08 Jan 2024 19:48:09 GMT",
        "User-Agent": "azsdk-java-azure-storage-blob/12.26.0-beta.1 (17.0.8; Windows 11; 10.0)",
        "x-ms-blob-type": "BlockBlob",
        "x-ms-client-request-id": "50b3c8df-7ddb-4b99-94c9-e82b645e53a1",
        "x-ms-version": "2024-02-04"
      },
      "RequestBody": "ZGVmYXVsdA==",
      "StatusCode": 201,
      "ResponseHeaders": {
        "Content-Length": "0",
        "Content-MD5": "wh\u002BWm18D0z1D4E\u002BPE252gg==",
        "Date": "Mon, 08 Jan 2024 19:48:19 GMT",
        "ETag": "\u00220x8DC1082C4490EDD\u0022",
        "Last-Modified": "Mon, 08 Jan 2024 19:48:20 GMT",
        "Server": [
          "Windows-Azure-Blob/1.0",
          "Microsoft-HTTPAPI/2.0"
        ],
        "x-ms-client-request-id": "50b3c8df-7ddb-4b99-94c9-e82b645e53a1",
        "x-ms-content-crc64": "6RYQPwaVsyQ=",
        "x-ms-request-id": "4cb086cc-501e-000e-7c6b-42bed6000000",
        "x-ms-request-server-encrypted": "true",
        "x-ms-version": "2024-02-04"
      },
      "ResponseBody": null
    },
    {
      "RequestUri": "https://REDACTED/1f732c6e0getblocklisttypecd696986ee9c5c7e4b2a46e/1f732c6e1getblocklisttypecd6326231478a7ee2231492?comp=block\u0026blockid=ZWRkNzJkMmMtOTE0YS00YWE3LWJjZTktMDdhYjQ2YzM1YmQz",
      "RequestMethod": "PUT",
      "RequestHeaders": {
        "Accept": "application/xml",
        "Authorization": "Sanitized",
        "Content-Length": "7",
        "Content-Type": "application/octet-stream",
        "Date": "Mon, 08 Jan 2024 19:48:09 GMT",
        "User-Agent": "azsdk-java-azure-storage-blob/12.26.0-beta.1 (17.0.8; Windows 11; 10.0)",
        "x-ms-client-request-id": "ead7b0c2-8d8b-48f1-a4ee-d45b342ea6da",
        "x-ms-version": "2024-02-04"
      },
      "RequestBody": "ZGVmYXVsdA==",
      "StatusCode": 201,
      "ResponseHeaders": {
        "Content-Length": "0",
        "Date": "Mon, 08 Jan 2024 19:48:19 GMT",
        "Server": [
          "Windows-Azure-Blob/1.0",
          "Microsoft-HTTPAPI/2.0"
        ],
        "x-ms-client-request-id": "ead7b0c2-8d8b-48f1-a4ee-d45b342ea6da",
        "x-ms-content-crc64": "6RYQPwaVsyQ=",
        "x-ms-request-id": "4cb0877c-501e-000e-1f6b-42bed6000000",
        "x-ms-request-server-encrypted": "true",
        "x-ms-version": "2024-02-04"
      },
      "ResponseBody": null
    },
    {
      "RequestUri": "https://REDACTED/1f732c6e0getblocklisttypecd696986ee9c5c7e4b2a46e/1f732c6e1getblocklisttypecd6326231478a7ee2231492?comp=blocklist",
      "RequestMethod": "PUT",
      "RequestHeaders": {
        "Accept": "application/xml",
        "Authorization": "Sanitized",
        "Content-Length": "126",
        "Content-Type": "application/xml",
        "Date": "Mon, 08 Jan 2024 19:48:09 GMT",
        "User-Agent": "azsdk-java-azure-storage-blob/12.26.0-beta.1 (17.0.8; Windows 11; 10.0)",
        "x-ms-client-request-id": "c13abfb8-2cc8-42c8-9171-2e8ab38dcd5b",
        "x-ms-version": "2024-02-04"
      },
      "RequestBody": "\u003C?xml version=\u00271.0\u0027 encoding=\u0027UTF-8\u0027?\u003E\u003CBlockList\u003E\u003CLatest\u003EZWRkNzJkMmMtOTE0YS00YWE3LWJjZTktMDdhYjQ2YzM1YmQz\u003C/Latest\u003E\u003C/BlockList\u003E",
      "StatusCode": 201,
      "ResponseHeaders": {
        "Content-Length": "0",
        "Date": "Mon, 08 Jan 2024 19:48:19 GMT",
        "ETag": "\u00220x8DC1082C468A025\u0022",
        "Last-Modified": "Mon, 08 Jan 2024 19:48:20 GMT",
        "Server": [
          "Windows-Azure-Blob/1.0",
          "Microsoft-HTTPAPI/2.0"
        ],
        "x-ms-client-request-id": "c13abfb8-2cc8-42c8-9171-2e8ab38dcd5b",
        "x-ms-content-crc64": "mL6qkPjwmVA=",
        "x-ms-request-id": "4cb08823-501e-000e-366b-42bed6000000",
        "x-ms-request-server-encrypted": "true",
        "x-ms-version": "2024-02-04"
      },
      "ResponseBody": null
    },
    {
      "RequestUri": "https://REDACTED/1f732c6e0getblocklisttypecd696986ee9c5c7e4b2a46e/1f732c6e1getblocklisttypecd6326231478a7ee2231492?comp=block\u0026blockid=ZDdhZTBmYjYtZTgzMS00MGU0LTk0ZDktNDM1YzkyNGU3M2Jl",
      "RequestMethod": "PUT",
      "RequestHeaders": {
        "Accept": "application/xml",
        "Authorization": "Sanitized",
        "Content-Length": "7",
        "Content-Type": "application/octet-stream",
        "Date": "Mon, 08 Jan 2024 19:48:09 GMT",
        "User-Agent": "azsdk-java-azure-storage-blob/12.26.0-beta.1 (17.0.8; Windows 11; 10.0)",
        "x-ms-client-request-id": "69aa0b73-86ef-4757-aaff-612431baf2ee",
        "x-ms-version": "2024-02-04"
      },
      "RequestBody": "ZGVmYXVsdA==",
      "StatusCode": 201,
      "ResponseHeaders": {
        "Content-Length": "0",
        "Date": "Mon, 08 Jan 2024 19:48:20 GMT",
        "Server": [
          "Windows-Azure-Blob/1.0",
          "Microsoft-HTTPAPI/2.0"
        ],
        "x-ms-client-request-id": "69aa0b73-86ef-4757-aaff-612431baf2ee",
        "x-ms-content-crc64": "6RYQPwaVsyQ=",
        "x-ms-request-id": "4cb088e9-501e-000e-686b-42bed6000000",
        "x-ms-request-server-encrypted": "true",
        "x-ms-version": "2024-02-04"
      },
      "ResponseBody": null
    },
    {
      "RequestUri": "https://REDACTED/1f732c6e0getblocklisttypecd696986ee9c5c7e4b2a46e/1f732c6e1getblocklisttypecd6326231478a7ee2231492?comp=blocklist\u0026blocklisttype=committed",
      "RequestMethod": "GET",
      "RequestHeaders": {
        "Accept": "application/xml",
        "Authorization": "Sanitized",
        "Content-Length": "0",
        "Date": "Mon, 08 Jan 2024 19:48:10 GMT",
        "User-Agent": "azsdk-java-azure-storage-blob/12.26.0-beta.1 (17.0.8; Windows 11; 10.0)",
        "x-ms-client-request-id": "05ad975e-0ec9-41d9-b1f4-8414c80d0c69",
        "x-ms-version": "2024-02-04"
      },
      "RequestBody": null,
      "StatusCode": 200,
      "ResponseHeaders": {
        "Access-Control-Allow-Origin": "*",
        "Access-Control-Expose-Headers": "x-ms-client-request-id",
        "Content-Type": "application/xml",
        "Date": "Mon, 08 Jan 2024 19:48:20 GMT",
        "ETag": "\u00220x8DC1082C468A025\u0022",
        "Last-Modified": "Mon, 08 Jan 2024 19:48:20 GMT",
        "Server": [
          "Windows-Azure-Blob/1.0",
          "Microsoft-HTTPAPI/2.0"
        ],
        "Transfer-Encoding": "chunked",
        "x-ms-blob-content-length": "7",
        "x-ms-client-request-id": "05ad975e-0ec9-41d9-b1f4-8414c80d0c69",
        "x-ms-request-id": "4cb08988-501e-000e-036b-42bed6000000",
        "x-ms-version": "2024-02-04"
      },
      "ResponseBody": "\uFEFF\u003C?xml version=\u00221.0\u0022 encoding=\u0022utf-8\u0022?\u003E\u003CBlockList\u003E\u003CCommittedBlocks\u003E\u003CBlock\u003E\u003CName\u003EZWRkNzJkMmMtOTE0YS00YWE3LWJjZTktMDdhYjQ2YzM1YmQz\u003C/Name\u003E\u003CSize\u003E7\u003C/Size\u003E\u003C/Block\u003E\u003C/CommittedBlocks\u003E\u003C/BlockList\u003E"
    }
  ],
  "Variables": {
    "0": "1f732c6e0getblocklisttypecd696986ee9c5c7e4b2a46e",
    "1": "1f732c6e1getblocklisttypecd6326231478a7ee2231492",
    "2": "1f732c6e2getblocklisttypecd678859da0c2d6b855a431",
    "3": "edd72d2c-914a-4aa7-bce9-07ab46c35bd3",
    "4": "d7ae0fb6-e831-40e4-94d9-435c924e73be"
  }
}
