{
  "Entries": [
    {
      "RequestUri": "https://REDACTED/afdf934a0stageblockillegalargumentsdfe639144c6b4a46c2?restype=container",
      "RequestMethod": "PUT",
      "RequestHeaders": {
        "Accept": "application/xml",
        "Authorization": "Sanitized",
        "Content-Length": "0",
        "Date": "Fri, 17 Nov 2023 19:03:39 GMT",
        "User-Agent": "azsdk-java-azure-storage-blob/12.26.0-beta.1 (17.0.8; Windows 11; 10.0)",
        "x-ms-client-request-id": "95c1c64a-6a73-4f64-a9db-077f0e5bba6c",
        "x-ms-version": "2024-02-04"
      },
      "RequestBody": null,
      "StatusCode": 201,
      "ResponseHeaders": {
        "Content-Length": "0",
        "Date": "Fri, 17 Nov 2023 19:03:39 GMT",
        "ETag": "\u00220x8DBE79FE8F4E810\u0022",
        "Last-Modified": "Fri, 17 Nov 2023 19:03:39 GMT",
        "Server": [
          "Windows-Azure-Blob/1.0",
          "Microsoft-HTTPAPI/2.0"
        ],
        "x-ms-client-request-id": "95c1c64a-6a73-4f64-a9db-077f0e5bba6c",
        "x-ms-request-id": "19b0a822-f01e-0017-4a88-193e6d000000",
        "x-ms-version": "2024-02-04"
      },
      "ResponseBody": null
    },
    {
      "RequestUri": "https://REDACTED/afdf934a0stageblockillegalargumentsdfe639144c6b4a46c2/afdf934a1stageblockillegalargumentsdfe297175b82f4d878",
      "RequestMethod": "PUT",
      "RequestHeaders": {
        "Accept": "application/xml",
        "Authorization": "Sanitized",
        "Content-Length": "7",
        "Content-Type": "application/octet-stream",
        "Date": "Fri, 17 Nov 2023 19:03:39 GMT",
        "User-Agent": "azsdk-java-azure-storage-blob/12.26.0-beta.1 (17.0.8; Windows 11; 10.0)",
        "x-ms-blob-type": "BlockBlob",
        "x-ms-client-request-id": "2fdebbdb-c47a-4db6-a6e4-d495f27f8238",
        "x-ms-version": "2024-02-04"
      },
      "RequestBody": "ZGVmYXVsdA==",
      "StatusCode": 201,
      "ResponseHeaders": {
        "Content-Length": "0",
        "Content-MD5": "wh\u002BWm18D0z1D4E\u002BPE252gg==",
        "Date": "Fri, 17 Nov 2023 19:03:39 GMT",
        "ETag": "\u00220x8DBE79FE90D82C9\u0022",
        "Last-Modified": "Fri, 17 Nov 2023 19:03:39 GMT",
        "Server": [
          "Windows-Azure-Blob/1.0",
          "Microsoft-HTTPAPI/2.0"
        ],
        "x-ms-client-request-id": "2fdebbdb-c47a-4db6-a6e4-d495f27f8238",
        "x-ms-content-crc64": "6RYQPwaVsyQ=",
        "x-ms-request-id": "19b0a8b4-f01e-0017-4988-193e6d000000",
        "x-ms-request-server-encrypted": "true",
        "x-ms-version": "2024-02-04"
      },
      "ResponseBody": null
    },
    {
      "RequestUri": "https://REDACTED/afdf934a0stageblockillegalargumentsdfe639144c6b4a46c2/afdf934a2stageblockillegalargumentsdfe66910d224d113b0",
      "RequestMethod": "PUT",
      "RequestHeaders": {
        "Accept": "application/xml",
        "Authorization": "Sanitized",
        "Content-Length": "7",
        "Content-Type": "application/octet-stream",
        "Date": "Fri, 17 Nov 2023 19:03:39 GMT",
        "User-Agent": "azsdk-java-azure-storage-blob/12.26.0-beta.1 (17.0.8; Windows 11; 10.0)",
        "x-ms-blob-type": "BlockBlob",
        "x-ms-client-request-id": "8cc461a3-92d8-4b33-aef8-8ad8a3023dc8",
        "x-ms-version": "2024-02-04"
      },
      "RequestBody": "ZGVmYXVsdA==",
      "StatusCode": 201,
      "ResponseHeaders": {
        "Content-Length": "0",
        "Content-MD5": "wh\u002BWm18D0z1D4E\u002BPE252gg==",
        "Date": "Fri, 17 Nov 2023 19:03:39 GMT",
        "ETag": "\u00220x8DBE79FE91B1559\u0022",
        "Last-Modified": "Fri, 17 Nov 2023 19:03:39 GMT",
        "Server": [
          "Windows-Azure-Blob/1.0",
          "Microsoft-HTTPAPI/2.0"
        ],
        "x-ms-client-request-id": "8cc461a3-92d8-4b33-aef8-8ad8a3023dc8",
        "x-ms-content-crc64": "6RYQPwaVsyQ=",
        "x-ms-request-id": "19b0a90c-f01e-0017-1788-193e6d000000",
        "x-ms-request-server-encrypted": "true",
        "x-ms-version": "2024-02-04"
      },
      "ResponseBody": null
    },
    {
      "RequestUri": "https://REDACTED/afdf934a0stageblockillegalargumentsdfe639144c6b4a46c2/afdf934a1stageblockillegalargumentsdfe297175b82f4d878?comp=block",
      "RequestMethod": "PUT",
      "RequestHeaders": {
        "Accept": "application/xml",
        "Authorization": "Sanitized",
        "Content-Length": "7",
        "Content-Type": "application/octet-stream",
        "Date": "Fri, 17 Nov 2023 19:03:39 GMT",
        "User-Agent": "azsdk-java-azure-storage-blob/12.26.0-beta.1 (17.0.8; Windows 11; 10.0)",
        "x-ms-client-request-id": "13d28335-368b-4f7a-b3d1-4b6e4d6b2bab",
        "x-ms-version": "2024-02-04"
      },
      "RequestBody": "ZGVmYXVsdA==",
      "StatusCode": 400,
      "ResponseHeaders": {
        "Content-Length": "315",
        "Content-Type": "application/xml",
        "Date": "Fri, 17 Nov 2023 19:03:39 GMT",
        "Server": [
          "Windows-Azure-Blob/1.0",
          "Microsoft-HTTPAPI/2.0"
        ],
        "x-ms-client-request-id": "13d28335-368b-4f7a-b3d1-4b6e4d6b2bab",
        "x-ms-error-code": "MissingRequiredQueryParameter",
        "x-ms-request-id": "19b0a96e-f01e-0017-6a88-193e6d000000",
        "x-ms-version": "2024-02-04"
      },
      "ResponseBody": [
        "\uFEFF\u003C?xml version=\u00221.0\u0022 encoding=\u0022utf-8\u0022?\u003E\u003CError\u003E\u003CCode\u003EMissingRequiredQueryParameter\u003C/Code\u003E\u003CMessage\u003EA query parameter that\u0027s mandatory for this request is not specified.\n",
        "RequestId:19b0a96e-f01e-0017-6a88-193e6d000000\n",
        "Time:2023-11-17T19:03:40.0595840Z\u003C/Message\u003E\u003CQueryParameterName\u003Eblockid\u003C/QueryParameterName\u003E\u003C/Error\u003E"
      ]
    }
  ],
  "Variables": {
    "0": "afdf934a0stageblockillegalargumentsdfe639144c6b4a46c2",
    "1": "afdf934a1stageblockillegalargumentsdfe297175b82f4d878",
    "2": "afdf934a2stageblockillegalargumentsdfe66910d224d113b0"
  }
}
