{
  "Entries": [
    {
      "RequestUri": "https://REDACTED/a603da340commitblocklistmetadata43589106937b7ebf18c?restype=container",
      "RequestMethod": "PUT",
      "RequestHeaders": {
        "Accept": "application/xml",
        "Authorization": "Sanitized",
        "Content-Length": "0",
        "Date": "Tue, 03 Oct 2023 21:43:27 GMT",
        "User-Agent": "azsdk-java-azure-storage-blob/12.25.0-beta.1 (11.0.16.1; Windows 11; 10.0)",
        "x-ms-client-request-id": "fbee6177-1b32-4ee0-a97a-3a548cb6f3c7",
        "x-ms-version": "2023-08-03"
      },
      "RequestBody": null,
      "StatusCode": 201,
      "ResponseHeaders": {
        "Content-Length": "0",
        "Date": "Tue, 03 Oct 2023 21:43:27 GMT",
        "ETag": "\u00220x8DBC459C77847CC\u0022",
        "Last-Modified": "Tue, 03 Oct 2023 21:43:28 GMT",
        "Server": [
          "Windows-Azure-Blob/1.0",
          "Microsoft-HTTPAPI/2.0"
        ],
        "x-ms-client-request-id": "fbee6177-1b32-4ee0-a97a-3a548cb6f3c7",
        "x-ms-request-id": "82648dcc-701e-000b-5b42-f66ae9000000",
        "x-ms-version": "2023-08-03"
      },
      "ResponseBody": null
    },
    {
      "RequestUri": "https://REDACTED/a603da340commitblocklistmetadata43589106937b7ebf18c/a603da341commitblocklistmetadata43564710a1053f4bea3",
      "RequestMethod": "PUT",
      "RequestHeaders": {
        "Accept": "application/xml",
        "Authorization": "Sanitized",
        "Content-Length": "7",
        "Content-Type": "application/octet-stream",
        "Date": "Tue, 03 Oct 2023 21:43:27 GMT",
        "User-Agent": "azsdk-java-azure-storage-blob/12.25.0-beta.1 (11.0.16.1; Windows 11; 10.0)",
        "x-ms-blob-type": "BlockBlob",
        "x-ms-client-request-id": "ede7741b-8feb-43c1-8a01-9aa59a25ebcc",
        "x-ms-version": "2023-08-03"
      },
      "RequestBody": "ZGVmYXVsdA==",
      "StatusCode": 201,
      "ResponseHeaders": {
        "Content-Length": "0",
        "Content-MD5": "wh\u002BWm18D0z1D4E\u002BPE252gg==",
        "Date": "Tue, 03 Oct 2023 21:43:28 GMT",
        "ETag": "\u00220x8DBC459C7876D10\u0022",
        "Last-Modified": "Tue, 03 Oct 2023 21:43:28 GMT",
        "Server": [
          "Windows-Azure-Blob/1.0",
          "Microsoft-HTTPAPI/2.0"
        ],
        "x-ms-client-request-id": "ede7741b-8feb-43c1-8a01-9aa59a25ebcc",
        "x-ms-content-crc64": "6RYQPwaVsyQ=",
        "x-ms-request-id": "82648e36-701e-000b-3a42-f66ae9000000",
        "x-ms-request-server-encrypted": "true",
        "x-ms-version": "2023-08-03",
        "x-ms-version-id": "2023-10-03T21:43:28.1731856Z"
      },
      "ResponseBody": null
    },
    {
      "RequestUri": "https://REDACTED/a603da340commitblocklistmetadata43589106937b7ebf18c/a603da342commitblocklistmetadata435558416ad5fa87764",
      "RequestMethod": "PUT",
      "RequestHeaders": {
        "Accept": "application/xml",
        "Authorization": "Sanitized",
        "Content-Length": "7",
        "Content-Type": "application/octet-stream",
        "Date": "Tue, 03 Oct 2023 21:43:27 GMT",
        "User-Agent": "azsdk-java-azure-storage-blob/12.25.0-beta.1 (11.0.16.1; Windows 11; 10.0)",
        "x-ms-blob-type": "BlockBlob",
        "x-ms-client-request-id": "2031685a-3c91-4e6f-a6f4-f415be3170ed",
        "x-ms-version": "2023-08-03"
      },
      "RequestBody": "ZGVmYXVsdA==",
      "StatusCode": 201,
      "ResponseHeaders": {
        "Content-Length": "0",
        "Content-MD5": "wh\u002BWm18D0z1D4E\u002BPE252gg==",
        "Date": "Tue, 03 Oct 2023 21:43:28 GMT",
        "ETag": "\u00220x8DBC459C79610F0\u0022",
        "Last-Modified": "Tue, 03 Oct 2023 21:43:28 GMT",
        "Server": [
          "Windows-Azure-Blob/1.0",
          "Microsoft-HTTPAPI/2.0"
        ],
        "x-ms-client-request-id": "2031685a-3c91-4e6f-a6f4-f415be3170ed",
        "x-ms-content-crc64": "6RYQPwaVsyQ=",
        "x-ms-request-id": "82648ea9-701e-000b-1d42-f66ae9000000",
        "x-ms-request-server-encrypted": "true",
        "x-ms-version": "2023-08-03",
        "x-ms-version-id": "2023-10-03T21:43:28.2691312Z"
      },
      "ResponseBody": null
    },
    {
      "RequestUri": "https://REDACTED/a603da340commitblocklistmetadata43589106937b7ebf18c/a603da341commitblocklistmetadata43564710a1053f4bea3?comp=blocklist",
      "RequestMethod": "PUT",
      "RequestHeaders": {
        "Accept": "application/xml",
        "Authorization": "Sanitized",
        "Content-Length": "50",
        "Content-Type": "application/xml",
        "Date": "Tue, 03 Oct 2023 21:43:27 GMT",
        "User-Agent": "azsdk-java-azure-storage-blob/12.25.0-beta.1 (11.0.16.1; Windows 11; 10.0)",
        "x-ms-client-request-id": "8b34c800-d303-4f01-9800-fb57459f1b3b",
        "x-ms-version": "2023-08-03"
      },
      "RequestBody": "\u003C?xml version=\u00271.0\u0027 encoding=\u0027UTF-8\u0027?\u003E\u003CBlockList/\u003E",
      "StatusCode": 201,
      "ResponseHeaders": {
        "Content-Length": "0",
        "Date": "Tue, 03 Oct 2023 21:43:27 GMT",
        "ETag": "\u00220x8DBC459C7A4DBCF\u0022",
        "Last-Modified": "Tue, 03 Oct 2023 21:43:28 GMT",
        "Server": [
          "Windows-Azure-Blob/1.0",
          "Microsoft-HTTPAPI/2.0"
        ],
        "x-ms-client-request-id": "8b34c800-d303-4f01-9800-fb57459f1b3b",
        "x-ms-content-crc64": "p1vsGtjjPsk=",
        "x-ms-request-id": "63dc824f-401e-0096-4342-f69853000000",
        "x-ms-request-server-encrypted": "true",
        "x-ms-version": "2023-08-03",
        "x-ms-version-id": "2023-10-03T21:43:28.3670751Z"
      },
      "ResponseBody": null
    },
    {
      "RequestUri": "https://REDACTED/a603da340commitblocklistmetadata43589106937b7ebf18c/a603da341commitblocklistmetadata43564710a1053f4bea3",
      "RequestMethod": "HEAD",
      "RequestHeaders": {
        "Accept": "application/xml",
        "Authorization": "Sanitized",
        "Content-Length": "0",
        "Date": "Tue, 03 Oct 2023 21:43:28 GMT",
        "User-Agent": "azsdk-java-azure-storage-blob/12.25.0-beta.1 (11.0.16.1; Windows 11; 10.0)",
        "x-ms-client-request-id": "2a2f6426-98cb-4013-9974-7fceb122c5e8",
        "x-ms-version": "2023-08-03"
      },
      "RequestBody": null,
      "StatusCode": 200,
      "ResponseHeaders": {
        "Accept-Ranges": "bytes",
        "Access-Control-Allow-Origin": "*",
        "Access-Control-Expose-Headers": "x-ms-client-request-id",
        "Content-Length": "0",
        "Content-Type": "application/octet-stream",
        "Date": "Tue, 03 Oct 2023 21:43:28 GMT",
        "ETag": "\u00220x8DBC459C7A4DBCF\u0022",
        "Last-Modified": "Tue, 03 Oct 2023 21:43:28 GMT",
        "Server": [
          "Windows-Azure-Blob/1.0",
          "Microsoft-HTTPAPI/2.0"
        ],
        "x-ms-access-tier": "Hot",
        "x-ms-access-tier-inferred": "true",
        "x-ms-blob-type": "BlockBlob",
        "x-ms-client-request-id": "2a2f6426-98cb-4013-9974-7fceb122c5e8",
        "x-ms-creation-time": "Tue, 03 Oct 2023 21:43:28 GMT",
        "x-ms-is-current-version": "true",
        "x-ms-last-access-time": "Tue, 03 Oct 2023 21:43:28 GMT",
        "x-ms-lease-state": "available",
        "x-ms-lease-status": "unlocked",
        "x-ms-request-id": "0fe29665-101e-009b-2c42-f65087000000",
        "x-ms-server-encrypted": "true",
        "x-ms-version": "2023-08-03",
        "x-ms-version-id": "2023-10-03T21:43:28.3670751Z"
      },
      "ResponseBody": null
    }
  ],
  "Variables": {
    "0": "a603da340commitblocklistmetadata43589106937b7ebf18c",
    "1": "a603da341commitblocklistmetadata43564710a1053f4bea3",
    "2": "a603da342commitblocklistmetadata435558416ad5fa87764"
  }
}
