{
  "Entries": [
    {
      "RequestUri": "https://REDACTED/a78a4fb80listblobsflatrehydratepriority64e384911ade09df?restype=container",
      "RequestMethod": "PUT",
      "RequestHeaders": {
        "Accept": "application/xml",
        "Authorization": "Sanitized",
        "Content-Length": "0",
        "Date": "Mon, 11 Dec 2023 23:30:05 GMT",
        "User-Agent": "azsdk-java-azure-storage-blob/12.26.0-beta.1 (17.0.8; Windows 11; 10.0)",
        "x-ms-client-request-id": "ec29fa8a-6f98-428e-b098-a77949840d4a",
        "x-ms-version": "2024-02-04"
      },
      "RequestBody": null,
      "StatusCode": 201,
      "ResponseHeaders": {
        "Content-Length": "0",
        "Date": "Mon, 11 Dec 2023 23:30:09 GMT",
        "ETag": "\u00220x8DBFAA11D78738C\u0022",
        "Last-Modified": "Mon, 11 Dec 2023 23:30:09 GMT",
        "Server": [
          "Windows-Azure-Blob/1.0",
          "Microsoft-HTTPAPI/2.0"
        ],
        "x-ms-client-request-id": "ec29fa8a-6f98-428e-b098-a77949840d4a",
        "x-ms-request-id": "825305f1-001e-0061-5589-2cb425000000",
        "x-ms-version": "2024-02-04"
      },
      "ResponseBody": null
    },
    {
      "RequestUri": "https://REDACTED/a78a4fb80listblobsflatrehydratepriority64e384911ade09df?restype=container",
      "RequestMethod": "PUT",
      "RequestHeaders": {
        "Accept": "application/xml",
        "Authorization": "Sanitized",
        "Content-Length": "0",
        "Date": "Mon, 11 Dec 2023 23:30:05 GMT",
        "User-Agent": "azsdk-java-azure-storage-blob/12.26.0-beta.1 (17.0.8; Windows 11; 10.0)",
        "x-ms-client-request-id": "c9be836a-dd64-45c3-b7ea-688f8f1a7f5a",
        "x-ms-version": "2024-02-04"
      },
      "RequestBody": null,
      "StatusCode": 409,
      "ResponseHeaders": {
        "Content-Length": "230",
        "Content-Type": "application/xml",
        "Date": "Mon, 11 Dec 2023 23:30:08 GMT",
        "Server": [
          "Windows-Azure-Blob/1.0",
          "Microsoft-HTTPAPI/2.0"
        ],
        "x-ms-client-request-id": "c9be836a-dd64-45c3-b7ea-688f8f1a7f5a",
        "x-ms-error-code": "ContainerAlreadyExists",
        "x-ms-request-id": "2c2b25fa-601e-0048-7989-2c8a51000000",
        "x-ms-version": "2024-02-04"
      },
      "ResponseBody": [
        "\uFEFF\u003C?xml version=\u00221.0\u0022 encoding=\u0022utf-8\u0022?\u003E\u003CError\u003E\u003CCode\u003EContainerAlreadyExists\u003C/Code\u003E\u003CMessage\u003EThe specified container already exists.\n",
        "RequestId:2c2b25fa-601e-0048-7989-2c8a51000000\n",
        "Time:2023-12-11T23:30:09.5109060Z\u003C/Message\u003E\u003C/Error\u003E"
      ]
    },
    {
      "RequestUri": "https://REDACTED/a78a4fb80listblobsflatrehydratepriority64e384911ade09df/a78a4fb81listblobsflatrehydratepriority64e4829322eff954",
      "RequestMethod": "PUT",
      "RequestHeaders": {
        "Accept": "application/xml",
        "Authorization": "Sanitized",
        "Content-Length": "7",
        "Content-Type": "application/octet-stream",
        "Date": "Mon, 11 Dec 2023 23:30:05 GMT",
        "If-None-Match": "*",
        "User-Agent": "azsdk-java-azure-storage-blob/12.26.0-beta.1 (17.0.8; Windows 11; 10.0)",
        "x-ms-blob-type": "BlockBlob",
        "x-ms-client-request-id": "8b9092ab-4c02-442c-af83-be5703b96360",
        "x-ms-version": "2024-02-04"
      },
      "RequestBody": "ZGVmYXVsdA==",
      "StatusCode": 201,
      "ResponseHeaders": {
        "Content-Length": "0",
        "Content-MD5": "wh\u002BWm18D0z1D4E\u002BPE252gg==",
        "Date": "Mon, 11 Dec 2023 23:30:09 GMT",
        "ETag": "\u00220x8DBFAA11D92E4B2\u0022",
        "Last-Modified": "Mon, 11 Dec 2023 23:30:09 GMT",
        "Server": [
          "Windows-Azure-Blob/1.0",
          "Microsoft-HTTPAPI/2.0"
        ],
        "x-ms-client-request-id": "8b9092ab-4c02-442c-af83-be5703b96360",
        "x-ms-content-crc64": "6RYQPwaVsyQ=",
        "x-ms-request-id": "af3df004-c01e-0023-1b89-2c0da5000000",
        "x-ms-request-server-encrypted": "true",
        "x-ms-version": "2024-02-04"
      },
      "ResponseBody": null
    },
    {
      "RequestUri": "https://REDACTED/a78a4fb80listblobsflatrehydratepriority64e384911ade09df/a78a4fb81listblobsflatrehydratepriority64e4829322eff954?comp=tier",
      "RequestMethod": "PUT",
      "RequestHeaders": {
        "Accept": "application/xml",
        "Authorization": "Sanitized",
        "Content-Length": "0",
        "Date": "Mon, 11 Dec 2023 23:30:05 GMT",
        "User-Agent": "azsdk-java-azure-storage-blob/12.26.0-beta.1 (17.0.8; Windows 11; 10.0)",
        "x-ms-access-tier": "Archive",
        "x-ms-client-request-id": "41ea7def-bc90-4780-a79f-bff3b1813e49",
        "x-ms-version": "2024-02-04"
      },
      "RequestBody": null,
      "StatusCode": 200,
      "ResponseHeaders": {
        "Content-Length": "0",
        "Date": "Mon, 11 Dec 2023 23:30:09 GMT",
        "Server": [
          "Windows-Azure-Blob/1.0",
          "Microsoft-HTTPAPI/2.0"
        ],
        "x-ms-client-request-id": "41ea7def-bc90-4780-a79f-bff3b1813e49",
        "x-ms-request-id": "af3df08c-c01e-0023-1289-2c0da5000000",
        "x-ms-version": "2024-02-04"
      },
      "ResponseBody": null
    },
    {
      "RequestUri": "https://REDACTED/a78a4fb80listblobsflatrehydratepriority64e384911ade09df/a78a4fb81listblobsflatrehydratepriority64e4829322eff954?comp=tier",
      "RequestMethod": "PUT",
      "RequestHeaders": {
        "Accept": "application/xml",
        "Authorization": "Sanitized",
        "Content-Length": "0",
        "Date": "Mon, 11 Dec 2023 23:30:05 GMT",
        "User-Agent": "azsdk-java-azure-storage-blob/12.26.0-beta.1 (17.0.8; Windows 11; 10.0)",
        "x-ms-access-tier": "Hot",
        "x-ms-client-request-id": "9fe65fa1-a7c0-4b27-b717-7f5b9ca91e38",
        "x-ms-rehydrate-priority": "Standard",
        "x-ms-version": "2024-02-04"
      },
      "RequestBody": null,
      "StatusCode": 202,
      "ResponseHeaders": {
        "Content-Length": "0",
        "Date": "Mon, 11 Dec 2023 23:30:09 GMT",
        "Server": [
          "Windows-Azure-Blob/1.0",
          "Microsoft-HTTPAPI/2.0"
        ],
        "x-ms-client-request-id": "9fe65fa1-a7c0-4b27-b717-7f5b9ca91e38",
        "x-ms-request-id": "af3df0ef-c01e-0023-6c89-2c0da5000000",
        "x-ms-version": "2024-02-04"
      },
      "ResponseBody": null
    },
    {
      "RequestUri": "https://REDACTED/a78a4fb80listblobsflatrehydratepriority64e384911ade09df?restype=container\u0026comp=list",
      "RequestMethod": "GET",
      "RequestHeaders": {
        "Accept": "application/xml",
        "Authorization": "Sanitized",
        "Content-Length": "0",
        "Date": "Mon, 11 Dec 2023 23:30:05 GMT",
        "User-Agent": "azsdk-java-azure-storage-blob/12.26.0-beta.1 (17.0.8; Windows 11; 10.0)",
        "x-ms-client-request-id": "1565ffe4-ad8e-452b-9621-dc09f27662a5",
        "x-ms-version": "2024-02-04"
      },
      "RequestBody": null,
      "StatusCode": 200,
      "ResponseHeaders": {
        "Content-Type": "application/xml",
        "Date": "Mon, 11 Dec 2023 23:30:09 GMT",
        "Server": [
          "Windows-Azure-Blob/1.0",
          "Microsoft-HTTPAPI/2.0"
        ],
        "Transfer-Encoding": "chunked",
        "x-ms-client-request-id": "1565ffe4-ad8e-452b-9621-dc09f27662a5",
        "x-ms-request-id": "d65992d8-101e-000f-5b89-2ce10a000000",
        "x-ms-version": "2024-02-04"
      },
      "ResponseBody": "\uFEFF\u003C?xml version=\u00221.0\u0022 encoding=\u0022utf-8\u0022?\u003E\u003CEnumerationResults ServiceEndpoint=\u0022https://ibrandesstorage.blob.core.windows.net/\u0022 ContainerName=\u0022a78a4fb80listblobsflatrehydratepriority64e384911ade09df\u0022\u003E\u003CBlobs\u003E\u003CBlob\u003E\u003CName\u003Ea78a4fb81listblobsflatrehydratepriority64e4829322eff954\u003C/Name\u003E\u003CProperties\u003E\u003CCreation-Time\u003EMon, 11 Dec 2023 23:30:09 GMT\u003C/Creation-Time\u003E\u003CLast-Modified\u003EMon, 11 Dec 2023 23:30:09 GMT\u003C/Last-Modified\u003E\u003CEtag\u003E0x8DBFAA11D92E4B2\u003C/Etag\u003E\u003CContent-Length\u003E7\u003C/Content-Length\u003E\u003CContent-Type\u003Eapplication/octet-stream\u003C/Content-Type\u003E\u003CContent-Encoding /\u003E\u003CContent-Language /\u003E\u003CContent-CRC64 /\u003E\u003CContent-MD5\u003Ewh\u002BWm18D0z1D4E\u002BPE252gg==\u003C/Content-MD5\u003E\u003CCache-Control /\u003E\u003CContent-Disposition /\u003E\u003CBlobType\u003EBlockBlob\u003C/BlobType\u003E\u003CAccessTier\u003EArchive\u003C/AccessTier\u003E\u003CArchiveStatus\u003Erehydrate-pending-to-hot\u003C/ArchiveStatus\u003E\u003CRehydratePriority\u003EStandard\u003C/RehydratePriority\u003E\u003CAccessTierChangeTime\u003EMon, 11 Dec 2023 23:30:09 GMT\u003C/AccessTierChangeTime\u003E\u003CLeaseStatus\u003Eunlocked\u003C/LeaseStatus\u003E\u003CLeaseState\u003Eavailable\u003C/LeaseState\u003E\u003CServerEncrypted\u003Etrue\u003C/ServerEncrypted\u003E\u003C/Properties\u003E\u003COrMetadata /\u003E\u003C/Blob\u003E\u003C/Blobs\u003E\u003CNextMarker /\u003E\u003C/EnumerationResults\u003E"
    }
  ],
  "Variables": {
    "0": "a78a4fb80listblobsflatrehydratepriority64e384911ade09df",
    "1": "a78a4fb898580a6d",
    "2": "a78a4fb818675a5c",
    "3": "a78a4fb81listblobsflatrehydratepriority64e4829322eff954"
  }
}
