{
  "Entries": [
    {
      "RequestUri": "https://REDACTED/10934d030listblobsflatoptionsmaxresultsbypage08116752ce505?restype=container",
      "RequestMethod": "PUT",
      "RequestHeaders": {
        "Accept": "application/xml",
        "Authorization": "Sanitized",
        "Content-Length": "0",
        "Date": "Tue, 26 Nov 2024 20:27:31 GMT",
        "User-Agent": "azsdk-java-azure-storage-blob/12.30.0-beta.1 (21.0.2; Windows 11; 10.0)",
        "x-ms-client-request-id": "Sanitized",
        "x-ms-version": "2025-01-05"
      },
      "RequestBody": null,
      "StatusCode": 201,
      "ResponseHeaders": {
        "Content-Length": "0",
        "Date": "Tue, 26 Nov 2024 20:27:31 GMT",
        "ETag": "\"0x8DD0E58C13FF7A7\"",
        "Last-Modified": "Tue, 26 Nov 2024 20:27:31 GMT",
        "Server": [
          "Windows-Azure-Blob/1.0",
          "Microsoft-HTTPAPI/2.0"
        ],
        "x-ms-client-request-id": "Sanitized",
        "x-ms-request-id": "Sanitized",
        "x-ms-version": "2025-01-05"
      },
      "ResponseBody": null
    },
    {
      "RequestUri": "https://REDACTED/10934d030listblobsflatoptionsmaxresultsbypage08116752ce505?restype=container",
      "RequestMethod": "PUT",
      "RequestHeaders": {
        "Accept": "application/xml",
        "Authorization": "Sanitized",
        "Content-Length": "0",
        "Date": "Tue, 26 Nov 2024 20:27:32 GMT",
        "User-Agent": "azsdk-java-azure-storage-blob/12.30.0-beta.1 (21.0.2; Windows 11; 10.0)",
        "x-ms-client-request-id": "Sanitized",
        "x-ms-version": "2025-01-05"
      },
      "RequestBody": null,
      "StatusCode": 409,
      "ResponseHeaders": {
        "Content-Length": "230",
        "Content-Type": "application/xml",
        "Date": "Tue, 26 Nov 2024 20:27:31 GMT",
        "Server": [
          "Windows-Azure-Blob/1.0",
          "Microsoft-HTTPAPI/2.0"
        ],
        "x-ms-client-request-id": "Sanitized",
        "x-ms-error-code": "ContainerAlreadyExists",
        "x-ms-request-id": "Sanitized",
        "x-ms-version": "2025-01-05"
      },
      "ResponseBody": [
        "\uFEFF<?xml version=\"1.0\" encoding=\"utf-8\"?><Error><Code>ContainerAlreadyExists</Code><Message>The specified container already exists.\n",
        "RequestId:5c3e340f-f01e-0078-3e41-405262000000\n",
        "Time:2024-11-26T20:27:32.0539874Z</Message></Error>"
      ]
    },
    {
      "RequestUri": "https://REDACTED/10934d030listblobsflatoptionsmaxresultsbypage08116752ce505/a10934d031listblobsflatoptionsmaxresultsbypage0810271192422",
      "RequestMethod": "PUT",
      "RequestHeaders": {
        "Accept": "application/xml",
        "Authorization": "Sanitized",
        "Content-Length": "0",
        "Date": "Tue, 26 Nov 2024 20:27:32 GMT",
        "If-None-Match": "*",
        "User-Agent": "azsdk-java-azure-storage-blob/12.30.0-beta.1 (21.0.2; Windows 11; 10.0)",
        "x-ms-blob-content-length": "512",
        "x-ms-blob-type": "PageBlob",
        "x-ms-client-request-id": "Sanitized",
        "x-ms-version": "2025-01-05"
      },
      "RequestBody": null,
      "StatusCode": 201,
      "ResponseHeaders": {
        "Content-Length": "0",
        "Date": "Tue, 26 Nov 2024 20:27:31 GMT",
        "ETag": "\"0x8DD0E58C1866F86\"",
        "Last-Modified": "Tue, 26 Nov 2024 20:27:32 GMT",
        "Server": [
          "Windows-Azure-Blob/1.0",
          "Microsoft-HTTPAPI/2.0"
        ],
        "x-ms-client-request-id": "Sanitized",
        "x-ms-request-id": "Sanitized",
        "x-ms-request-server-encrypted": "true",
        "x-ms-version": "2025-01-05"
      },
      "ResponseBody": null
    },
    {
      "RequestUri": "https://REDACTED/10934d030listblobsflatoptionsmaxresultsbypage08116752ce505/c10934d032listblobsflatoptionsmaxresultsbypage08151226af38b",
      "RequestMethod": "PUT",
      "RequestHeaders": {
        "Accept": "application/xml",
        "Authorization": "Sanitized",
        "Content-Length": "0",
        "Date": "Tue, 26 Nov 2024 20:27:32 GMT",
        "User-Agent": "azsdk-java-azure-storage-blob/12.30.0-beta.1 (21.0.2; Windows 11; 10.0)",
        "x-ms-client-request-id": "Sanitized",
        "x-ms-copy-source": "Sanitized",
        "x-ms-version": "2025-01-05"
      },
      "RequestBody": null,
      "StatusCode": 202,
      "ResponseHeaders": {
        "Content-Length": "0",
        "Date": "Tue, 26 Nov 2024 20:27:32 GMT",
        "ETag": "\"0x8DD0E58C1F3F87F\"",
        "Last-Modified": "Tue, 26 Nov 2024 20:27:33 GMT",
        "Server": [
          "Windows-Azure-Blob/1.0",
          "Microsoft-HTTPAPI/2.0"
        ],
        "x-ms-client-request-id": "Sanitized",
        "x-ms-copy-id": "4871a4de-a59b-4742-a141-7f5cc6c103ba",
        "x-ms-copy-status": "success",
        "x-ms-request-id": "Sanitized",
        "x-ms-version": "2025-01-05"
      },
      "ResponseBody": null
    },
    {
      "RequestUri": "https://REDACTED/10934d030listblobsflatoptionsmaxresultsbypage08116752ce505/c10934d032listblobsflatoptionsmaxresultsbypage08151226af38b",
      "RequestMethod": "HEAD",
      "RequestHeaders": {
        "Accept": "application/xml",
        "Authorization": "Sanitized",
        "Content-Length": "0",
        "Date": "Tue, 26 Nov 2024 20:27:33 GMT",
        "User-Agent": "azsdk-java-azure-storage-blob/12.30.0-beta.1 (21.0.2; Windows 11; 10.0)",
        "x-ms-client-request-id": "Sanitized",
        "x-ms-version": "2025-01-05"
      },
      "RequestBody": null,
      "StatusCode": 200,
      "ResponseHeaders": {
        "Accept-Ranges": "bytes",
        "Access-Control-Allow-Origin": "*",
        "Access-Control-Expose-Headers": "x-ms-client-request-id",
        "Content-Length": "512",
        "Content-Type": "application/octet-stream",
        "Date": "Tue, 26 Nov 2024 20:27:32 GMT",
        "ETag": "\"0x8DD0E58C1F3F87F\"",
        "Last-Modified": "Tue, 26 Nov 2024 20:27:33 GMT",
        "Server": [
          "Windows-Azure-Blob/1.0",
          "Microsoft-HTTPAPI/2.0"
        ],
        "x-ms-blob-sequence-number": "0",
        "x-ms-blob-type": "PageBlob",
        "x-ms-client-request-id": "Sanitized",
        "x-ms-copy-completion-time": "Tue, 26 Nov 2024 20:27:33 GMT",
        "x-ms-copy-id": "4871a4de-a59b-4742-a141-7f5cc6c103ba",
        "x-ms-copy-progress": "512/512",
        "x-ms-copy-source": "Sanitized",
        "x-ms-copy-status": "success",
        "x-ms-creation-time": "Tue, 26 Nov 2024 20:27:33 GMT",
        "x-ms-lease-state": "available",
        "x-ms-lease-status": "unlocked",
        "x-ms-request-id": "Sanitized",
        "x-ms-server-encrypted": "true",
        "x-ms-version": "2025-01-05"
      },
      "ResponseBody": null
    },
    {
      "RequestUri": "https://REDACTED/10934d030listblobsflatoptionsmaxresultsbypage08116752ce505/m10934d033listblobsflatoptionsmaxresultsbypage08187570d9cd8",
      "RequestMethod": "PUT",
      "RequestHeaders": {
        "Accept": "application/xml",
        "Authorization": "Sanitized",
        "Content-Length": "0",
        "Date": "Tue, 26 Nov 2024 20:27:33 GMT",
        "User-Agent": "azsdk-java-azure-storage-blob/12.30.0-beta.1 (21.0.2; Windows 11; 10.0)",
        "x-ms-blob-content-length": "512",
        "x-ms-blob-type": "PageBlob",
        "x-ms-client-request-id": "Sanitized",
        "x-ms-meta-foo": "bar",
        "x-ms-version": "2025-01-05"
      },
      "RequestBody": null,
      "StatusCode": 201,
      "ResponseHeaders": {
        "Content-Length": "0",
        "Date": "Tue, 26 Nov 2024 20:27:32 GMT",
        "ETag": "\"0x8DD0E58C217106F\"",
        "Last-Modified": "Tue, 26 Nov 2024 20:27:33 GMT",
        "Server": [
          "Windows-Azure-Blob/1.0",
          "Microsoft-HTTPAPI/2.0"
        ],
        "x-ms-client-request-id": "Sanitized",
        "x-ms-request-id": "Sanitized",
        "x-ms-request-server-encrypted": "true",
        "x-ms-version": "2025-01-05"
      },
      "ResponseBody": null
    },
    {
      "RequestUri": "https://REDACTED/10934d030listblobsflatoptionsmaxresultsbypage08116752ce505/t10934d034listblobsflatoptionsmaxresultsbypage0810109272300",
      "RequestMethod": "PUT",
      "RequestHeaders": {
        "Accept": "application/xml",
        "Authorization": "Sanitized",
        "Content-Length": "0",
        "Date": "Tue, 26 Nov 2024 20:27:33 GMT",
        "User-Agent": "azsdk-java-azure-storage-blob/12.30.0-beta.1 (21.0.2; Windows 11; 10.0)",
        "x-ms-blob-content-length": "512",
        "x-ms-blob-type": "PageBlob",
        "x-ms-client-request-id": "Sanitized",
        "x-ms-tags": "10934d0344632f5c=10934d0391354fd6",
        "x-ms-version": "2025-01-05"
      },
      "RequestBody": null,
      "StatusCode": 201,
      "ResponseHeaders": {
        "Content-Length": "0",
        "Date": "Tue, 26 Nov 2024 20:27:32 GMT",
        "ETag": "\"0x8DD0E58C223FA38\"",
        "Last-Modified": "Tue, 26 Nov 2024 20:27:33 GMT",
        "Server": [
          "Windows-Azure-Blob/1.0",
          "Microsoft-HTTPAPI/2.0"
        ],
        "x-ms-client-request-id": "Sanitized",
        "x-ms-request-id": "Sanitized",
        "x-ms-request-server-encrypted": "true",
        "x-ms-version": "2025-01-05"
      },
      "ResponseBody": null
    },
    {
      "RequestUri": "https://REDACTED/10934d030listblobsflatoptionsmaxresultsbypage08116752ce505/u10934d035listblobsflatoptionsmaxresultsbypage08115277e7a02?comp=block&blockid=OGM5Nzk4NjktOWM1OS00OWRmLTlkMzUtMWIyN2MxYTU5MWZk",
      "RequestMethod": "PUT",
      "RequestHeaders": {
        "Accept": "application/xml",
        "Authorization": "Sanitized",
        "Content-Length": "7",
        "Content-Type": "application/octet-stream",
        "Date": "Tue, 26 Nov 2024 20:27:33 GMT",
        "User-Agent": "azsdk-java-azure-storage-blob/12.30.0-beta.1 (21.0.2; Windows 11; 10.0)",
        "x-ms-client-request-id": "Sanitized",
        "x-ms-version": "2025-01-05"
      },
      "RequestBody": "ZGVmYXVsdA==",
      "StatusCode": 201,
      "ResponseHeaders": {
        "Content-Length": "0",
        "Date": "Tue, 26 Nov 2024 20:27:32 GMT",
        "Server": [
          "Windows-Azure-Blob/1.0",
          "Microsoft-HTTPAPI/2.0"
        ],
        "x-ms-client-request-id": "Sanitized",
        "x-ms-content-crc64": "6RYQPwaVsyQ=",
        "x-ms-request-id": "Sanitized",
        "x-ms-request-server-encrypted": "true",
        "x-ms-version": "2025-01-05"
      },
      "ResponseBody": null
    },
    {
      "RequestUri": "https://REDACTED/10934d030listblobsflatoptionsmaxresultsbypage08116752ce505/a10934d031listblobsflatoptionsmaxresultsbypage0810271192422?comp=snapshot",
      "RequestMethod": "PUT",
      "RequestHeaders": {
        "Accept": "application/xml",
        "Authorization": "Sanitized",
        "Content-Length": "0",
        "Date": "Tue, 26 Nov 2024 20:27:33 GMT",
        "User-Agent": "azsdk-java-azure-storage-blob/12.30.0-beta.1 (21.0.2; Windows 11; 10.0)",
        "x-ms-client-request-id": "Sanitized",
        "x-ms-version": "2025-01-05"
      },
      "RequestBody": null,
      "StatusCode": 201,
      "ResponseHeaders": {
        "Content-Length": "0",
        "Date": "Tue, 26 Nov 2024 20:27:33 GMT",
        "ETag": "\"0x8DD0E58C1866F86\"",
        "Last-Modified": "Tue, 26 Nov 2024 20:27:32 GMT",
        "Server": [
          "Windows-Azure-Blob/1.0",
          "Microsoft-HTTPAPI/2.0"
        ],
        "x-ms-client-request-id": "Sanitized",
        "x-ms-request-id": "Sanitized",
        "x-ms-request-server-encrypted": "false",
        "x-ms-snapshot": "2024-11-26T20:27:33.5279403Z",
        "x-ms-version": "2025-01-05"
      },
      "ResponseBody": null
    },
    {
      "RequestUri": "https://REDACTED/10934d030listblobsflatoptionsmaxresultsbypage08116752ce505?restype=container&comp=list&maxresults=2&include=copy%2Csnapshots%2Cuncommittedblobs",
      "RequestMethod": "GET",
      "RequestHeaders": {
        "Accept": "application/xml",
        "Authorization": "Sanitized",
        "Content-Length": "0",
        "Date": "Tue, 26 Nov 2024 20:27:33 GMT",
        "User-Agent": "azsdk-java-azure-storage-blob/12.30.0-beta.1 (21.0.2; Windows 11; 10.0)",
        "x-ms-client-request-id": "Sanitized",
        "x-ms-version": "2025-01-05"
      },
      "RequestBody": null,
      "StatusCode": 200,
      "ResponseHeaders": {
        "Access-Control-Allow-Origin": "*",
        "Access-Control-Expose-Headers": "x-ms-client-request-id",
        "Content-Type": "application/xml",
        "Date": "Tue, 26 Nov 2024 20:27:33 GMT",
        "Server": [
          "Windows-Azure-Blob/1.0",
          "Microsoft-HTTPAPI/2.0"
        ],
        "Transfer-Encoding": "chunked",
        "x-ms-client-request-id": "Sanitized",
        "x-ms-request-id": "Sanitized",
        "x-ms-version": "2025-01-05"
      },
      "ResponseBody": "\uFEFF<?xml version=\"1.0\" encoding=\"utf-8\"?><EnumerationResults ServiceEndpoint=\"https://primt4f420216ef7557fe.blob.core.windows.net/\" ContainerName=\"10934d030listblobsflatoptionsmaxresultsbypage08116752ce505\"><MaxResults>2</MaxResults><Blobs><Blob><Name>a10934d031listblobsflatoptionsmaxresultsbypage0810271192422</Name><Snapshot>2024-11-26T20:27:33.5279403Z</Snapshot><Properties><Creation-Time>Tue, 26 Nov 2024 20:27:32 GMT</Creation-Time><Last-Modified>Tue, 26 Nov 2024 20:27:32 GMT</Last-Modified><Etag>0x8DD0E58C1866F86</Etag><Content-Length>512</Content-Length><Content-Type>application/octet-stream</Content-Type><Content-Encoding /><Content-Language /><Content-CRC64 /><Content-MD5 /><Cache-Control /><Content-Disposition /><x-ms-blob-sequence-number>0</x-ms-blob-sequence-number><BlobType>PageBlob</BlobType><ServerEncrypted>true</ServerEncrypted></Properties><OrMetadata /></Blob><Blob><Name>a10934d031listblobsflatoptionsmaxresultsbypage0810271192422</Name><Properties><Creation-Time>Tue, 26 Nov 2024 20:27:32 GMT</Creation-Time><Last-Modified>Tue, 26 Nov 2024 20:27:32 GMT</Last-Modified><Etag>0x8DD0E58C1866F86</Etag><Content-Length>512</Content-Length><Content-Type>application/octet-stream</Content-Type><Content-Encoding /><Content-Language /><Content-CRC64 /><Content-MD5 /><Cache-Control /><Content-Disposition /><x-ms-blob-sequence-number>0</x-ms-blob-sequence-number><BlobType>PageBlob</BlobType><LeaseStatus>unlocked</LeaseStatus><LeaseState>available</LeaseState><ServerEncrypted>true</ServerEncrypted></Properties><OrMetadata /></Blob></Blobs><NextMarker>2!140!MDAwMDU5IWMxMDkzNGQwMzJsaXN0YmxvYnNmbGF0b3B0aW9uc21heHJlc3VsdHNieXBhZ2UwODE1MTIyNmFmMzhiITAwMDAyOCE5OTk5LTEyLTMxVDIzOjU5OjU5Ljk5OTk5OTlaIQ--</NextMarker></EnumerationResults>"
    },
    {
      "RequestUri": "https://REDACTED/10934d030listblobsflatoptionsmaxresultsbypage08116752ce505?restype=container&comp=list&marker=2%21140%21MDAwMDU5IWMxMDkzNGQwMzJsaXN0YmxvYnNmbGF0b3B0aW9uc21heHJlc3VsdHNieXBhZ2UwODE1MTIyNmFmMzhiITAwMDAyOCE5OTk5LTEyLTMxVDIzOjU5OjU5Ljk5OTk5OTlaIQ--&maxresults=2&include=copy%2Csnapshots%2Cuncommittedblobs",
      "RequestMethod": "GET",
      "RequestHeaders": {
        "Accept": "application/xml",
        "Authorization": "Sanitized",
        "Content-Length": "0",
        "Date": "Tue, 26 Nov 2024 20:27:33 GMT",
        "User-Agent": "azsdk-java-azure-storage-blob/12.30.0-beta.1 (21.0.2; Windows 11; 10.0)",
        "x-ms-client-request-id": "Sanitized",
        "x-ms-version": "2025-01-05"
      },
      "RequestBody": null,
      "StatusCode": 200,
      "ResponseHeaders": {
        "Access-Control-Allow-Origin": "*",
        "Access-Control-Expose-Headers": "x-ms-client-request-id",
        "Content-Type": "application/xml",
        "Date": "Tue, 26 Nov 2024 20:27:33 GMT",
        "Server": [
          "Windows-Azure-Blob/1.0",
          "Microsoft-HTTPAPI/2.0"
        ],
        "Transfer-Encoding": "chunked",
        "x-ms-client-request-id": "Sanitized",
        "x-ms-request-id": "Sanitized",
        "x-ms-version": "2025-01-05"
      },
      "ResponseBody": "\uFEFF<?xml version=\"1.0\" encoding=\"utf-8\"?><EnumerationResults ServiceEndpoint=\"https://primt4f420216ef7557fe.blob.core.windows.net/\" ContainerName=\"10934d030listblobsflatoptionsmaxresultsbypage08116752ce505\"><Marker>2!140!MDAwMDU5IWMxMDkzNGQwMzJsaXN0YmxvYnNmbGF0b3B0aW9uc21heHJlc3VsdHNieXBhZ2UwODE1MTIyNmFmMzhiITAwMDAyOCE5OTk5LTEyLTMxVDIzOjU5OjU5Ljk5OTk5OTlaIQ--</Marker><MaxResults>2</MaxResults><Blobs><Blob><Name>c10934d032listblobsflatoptionsmaxresultsbypage08151226af38b</Name><Properties><Creation-Time>Tue, 26 Nov 2024 20:27:33 GMT</Creation-Time><Last-Modified>Tue, 26 Nov 2024 20:27:33 GMT</Last-Modified><Etag>0x8DD0E58C1F3F87F</Etag><Content-Length>512</Content-Length><Content-Type>application/octet-stream</Content-Type><Content-Encoding /><Content-Language /><Content-CRC64 /><Content-MD5 /><Cache-Control /><Content-Disposition /><x-ms-blob-sequence-number>0</x-ms-blob-sequence-number><BlobType>PageBlob</BlobType><LeaseStatus>unlocked</LeaseStatus><LeaseState>available</LeaseState><CopyId>4871a4de-a59b-4742-a141-7f5cc6c103ba</CopyId><CopySource>https://primt4f420216ef7557fe.blob.core.windows.net/10934d030listblobsflatoptionsmaxresultsbypage08116752ce505/a10934d031listblobsflatoptionsmaxresultsbypage0810271192422</CopySource><CopyStatus>success</CopyStatus><CopyProgress>512/512</CopyProgress><CopyCompletionTime>Tue, 26 Nov 2024 20:27:33 GMT</CopyCompletionTime><ServerEncrypted>true</ServerEncrypted></Properties><OrMetadata /></Blob><Blob><Name>m10934d033listblobsflatoptionsmaxresultsbypage08187570d9cd8</Name><Properties><Creation-Time>Tue, 26 Nov 2024 20:27:33 GMT</Creation-Time><Last-Modified>Tue, 26 Nov 2024 20:27:33 GMT</Last-Modified><Etag>0x8DD0E58C217106F</Etag><Content-Length>512</Content-Length><Content-Type>application/octet-stream</Content-Type><Content-Encoding /><Content-Language /><Content-CRC64 /><Content-MD5 /><Cache-Control /><Content-Disposition /><x-ms-blob-sequence-number>0</x-ms-blob-sequence-number><BlobType>PageBlob</BlobType><LeaseStatus>unlocked</LeaseStatus><LeaseState>available</LeaseState><ServerEncrypted>true</ServerEncrypted></Properties><OrMetadata /></Blob></Blobs><NextMarker>2!140!MDAwMDU5IXQxMDkzNGQwMzRsaXN0YmxvYnNmbGF0b3B0aW9uc21heHJlc3VsdHNieXBhZ2UwODEwMTA5MjcyMzAwITAwMDAyOCE5OTk5LTEyLTMxVDIzOjU5OjU5Ljk5OTk5OTlaIQ--</NextMarker></EnumerationResults>"
    },
    {
      "RequestUri": "https://REDACTED/10934d030listblobsflatoptionsmaxresultsbypage08116752ce505?restype=container&comp=list&marker=2%21140%21MDAwMDU5IXQxMDkzNGQwMzRsaXN0YmxvYnNmbGF0b3B0aW9uc21heHJlc3VsdHNieXBhZ2UwODEwMTA5MjcyMzAwITAwMDAyOCE5OTk5LTEyLTMxVDIzOjU5OjU5Ljk5OTk5OTlaIQ--&maxresults=2&include=copy%2Csnapshots%2Cuncommittedblobs",
      "RequestMethod": "GET",
      "RequestHeaders": {
        "Accept": "application/xml",
        "Authorization": "Sanitized",
        "Content-Length": "0",
        "Date": "Tue, 26 Nov 2024 20:27:34 GMT",
        "User-Agent": "azsdk-java-azure-storage-blob/12.30.0-beta.1 (21.0.2; Windows 11; 10.0)",
        "x-ms-client-request-id": "Sanitized",
        "x-ms-version": "2025-01-05"
      },
      "RequestBody": null,
      "StatusCode": 200,
      "ResponseHeaders": {
        "Access-Control-Allow-Origin": "*",
        "Access-Control-Expose-Headers": "x-ms-client-request-id",
        "Content-Type": "application/xml",
        "Date": "Tue, 26 Nov 2024 20:27:33 GMT",
        "Server": [
          "Windows-Azure-Blob/1.0",
          "Microsoft-HTTPAPI/2.0"
        ],
        "Transfer-Encoding": "chunked",
        "x-ms-client-request-id": "Sanitized",
        "x-ms-request-id": "Sanitized",
        "x-ms-version": "2025-01-05"
      },
      "ResponseBody": "\uFEFF<?xml version=\"1.0\" encoding=\"utf-8\"?><EnumerationResults ServiceEndpoint=\"https://primt4f420216ef7557fe.blob.core.windows.net/\" ContainerName=\"10934d030listblobsflatoptionsmaxresultsbypage08116752ce505\"><Marker>2!140!MDAwMDU5IXQxMDkzNGQwMzRsaXN0YmxvYnNmbGF0b3B0aW9uc21heHJlc3VsdHNieXBhZ2UwODEwMTA5MjcyMzAwITAwMDAyOCE5OTk5LTEyLTMxVDIzOjU5OjU5Ljk5OTk5OTlaIQ--</Marker><MaxResults>2</MaxResults><Blobs><Blob><Name>t10934d034listblobsflatoptionsmaxresultsbypage0810109272300</Name><Properties><Creation-Time>Tue, 26 Nov 2024 20:27:33 GMT</Creation-Time><Last-Modified>Tue, 26 Nov 2024 20:27:33 GMT</Last-Modified><Etag>0x8DD0E58C223FA38</Etag><Content-Length>512</Content-Length><Content-Type>application/octet-stream</Content-Type><Content-Encoding /><Content-Language /><Content-CRC64 /><Content-MD5 /><Cache-Control /><Content-Disposition /><x-ms-blob-sequence-number>0</x-ms-blob-sequence-number><BlobType>PageBlob</BlobType><LeaseStatus>unlocked</LeaseStatus><LeaseState>available</LeaseState><ServerEncrypted>true</ServerEncrypted><TagCount>1</TagCount></Properties><OrMetadata /></Blob><Blob><Name>u10934d035listblobsflatoptionsmaxresultsbypage08115277e7a02</Name><Properties><Content-Length>0</Content-Length><BlobType>BlockBlob</BlobType><AccessTier>Hot</AccessTier><AccessTierInferred>true</AccessTierInferred><LeaseStatus>unlocked</LeaseStatus><LeaseState>available</LeaseState><ServerEncrypted>false</ServerEncrypted></Properties><OrMetadata /></Blob></Blobs><NextMarker /></EnumerationResults>"
    }
  ],
  "Variables": {
    "0": "10934d030listblobsflatoptionsmaxresultsbypage08116752ce505",
    "1": "10934d0344632f5c",
    "2": "10934d0391354fd6",
    "3": "10934d031listblobsflatoptionsmaxresultsbypage0810271192422",
    "4": "10934d032listblobsflatoptionsmaxresultsbypage08151226af38b",
    "5": "10934d033listblobsflatoptionsmaxresultsbypage08187570d9cd8",
    "6": "10934d034listblobsflatoptionsmaxresultsbypage0810109272300",
    "7": "10934d035listblobsflatoptionsmaxresultsbypage08115277e7a02",
    "8": "8c979869-9c59-49df-9d35-1b27c1a591fd"
  }
}
