{
  "Entries": [
    {
      "RequestUri": "https://REDACTED/10934d030listblobsflatoptionsmaxresultsbypage8d681714331b5?restype=container",
      "RequestMethod": "PUT",
      "RequestHeaders": {
        "Accept": "application/xml",
        "Authorization": "Sanitized",
        "Content-Length": "0",
        "Date": "Wed, 13 Dec 2023 21:49:10 GMT",
        "User-Agent": "azsdk-java-azure-storage-blob/12.26.0-beta.1 (17.0.8; Windows 11; 10.0)",
        "x-ms-client-request-id": "ecb7d6ce-eb56-4d2d-b16c-e02c5be1a602",
        "x-ms-version": "2024-02-04"
      },
      "RequestBody": null,
      "StatusCode": 201,
      "ResponseHeaders": {
        "Content-Length": "0",
        "Date": "Wed, 13 Dec 2023 21:49:10 GMT",
        "ETag": "\u00220x8DBFC25571899F7\u0022",
        "Last-Modified": "Wed, 13 Dec 2023 21:49:10 GMT",
        "Server": [
          "Windows-Azure-Blob/1.0",
          "Microsoft-HTTPAPI/2.0"
        ],
        "x-ms-client-request-id": "ecb7d6ce-eb56-4d2d-b16c-e02c5be1a602",
        "x-ms-request-id": "95c6e9cb-601e-0015-0c0e-2e80d5000000",
        "x-ms-version": "2024-02-04"
      },
      "ResponseBody": null
    },
    {
      "RequestUri": "https://REDACTED/10934d030listblobsflatoptionsmaxresultsbypage8d681714331b5?restype=container",
      "RequestMethod": "PUT",
      "RequestHeaders": {
        "Accept": "application/xml",
        "Authorization": "Sanitized",
        "Content-Length": "0",
        "Date": "Wed, 13 Dec 2023 21:49:10 GMT",
        "User-Agent": "azsdk-java-azure-storage-blob/12.26.0-beta.1 (17.0.8; Windows 11; 10.0)",
        "x-ms-client-request-id": "a89c3930-6ca6-4952-bf22-2c7db19ed971",
        "x-ms-version": "2024-02-04"
      },
      "RequestBody": null,
      "StatusCode": 409,
      "ResponseHeaders": {
        "Content-Length": "230",
        "Content-Type": "application/xml",
        "Date": "Wed, 13 Dec 2023 21:49:10 GMT",
        "Server": [
          "Windows-Azure-Blob/1.0",
          "Microsoft-HTTPAPI/2.0"
        ],
        "x-ms-client-request-id": "a89c3930-6ca6-4952-bf22-2c7db19ed971",
        "x-ms-error-code": "ContainerAlreadyExists",
        "x-ms-request-id": "95c6ea5a-601e-0015-600e-2e80d5000000",
        "x-ms-version": "2024-02-04"
      },
      "ResponseBody": [
        "\uFEFF\u003C?xml version=\u00221.0\u0022 encoding=\u0022utf-8\u0022?\u003E\u003CError\u003E\u003CCode\u003EContainerAlreadyExists\u003C/Code\u003E\u003CMessage\u003EThe specified container already exists.\n",
        "RequestId:95c6ea5a-601e-0015-600e-2e80d5000000\n",
        "Time:2023-12-13T21:49:10.9226177Z\u003C/Message\u003E\u003C/Error\u003E"
      ]
    },
    {
      "RequestUri": "https://REDACTED/10934d030listblobsflatoptionsmaxresultsbypage8d681714331b5/a10934d031listblobsflatoptionsmaxresultsbypage8d69614025006",
      "RequestMethod": "PUT",
      "RequestHeaders": {
        "Accept": "application/xml",
        "Authorization": "Sanitized",
        "Content-Length": "0",
        "Date": "Wed, 13 Dec 2023 21:49:10 GMT",
        "If-None-Match": "*",
        "User-Agent": "azsdk-java-azure-storage-blob/12.26.0-beta.1 (17.0.8; Windows 11; 10.0)",
        "x-ms-blob-content-length": "512",
        "x-ms-blob-type": "PageBlob",
        "x-ms-client-request-id": "80fe9064-473a-4f48-967a-259a934f62c8",
        "x-ms-version": "2024-02-04"
      },
      "RequestBody": null,
      "StatusCode": 201,
      "ResponseHeaders": {
        "Content-Length": "0",
        "Date": "Wed, 13 Dec 2023 21:49:10 GMT",
        "ETag": "\u00220x8DBFC2557356FCC\u0022",
        "Last-Modified": "Wed, 13 Dec 2023 21:49:11 GMT",
        "Server": [
          "Windows-Azure-Blob/1.0",
          "Microsoft-HTTPAPI/2.0"
        ],
        "x-ms-client-request-id": "80fe9064-473a-4f48-967a-259a934f62c8",
        "x-ms-request-id": "95c6eae6-601e-0015-2e0e-2e80d5000000",
        "x-ms-request-server-encrypted": "true",
        "x-ms-version": "2024-02-04"
      },
      "ResponseBody": null
    },
    {
      "RequestUri": "https://REDACTED/10934d030listblobsflatoptionsmaxresultsbypage8d681714331b5/c10934d032listblobsflatoptionsmaxresultsbypage8d64605912e91",
      "RequestMethod": "PUT",
      "RequestHeaders": {
        "Accept": "application/xml",
        "Authorization": "Sanitized",
        "Content-Length": "0",
        "Date": "Wed, 13 Dec 2023 21:49:10 GMT",
        "User-Agent": "azsdk-java-azure-storage-blob/12.26.0-beta.1 (17.0.8; Windows 11; 10.0)",
        "x-ms-client-request-id": "4aafceed-a8a3-43f5-9180-dba025e8b621",
        "x-ms-copy-source": "https://REDACTED/10934d030listblobsflatoptionsmaxresultsbypage8d681714331b5/a10934d031listblobsflatoptionsmaxresultsbypage8d69614025006",
        "x-ms-version": "2024-02-04"
      },
      "RequestBody": null,
      "StatusCode": 202,
      "ResponseHeaders": {
        "Content-Length": "0",
        "Date": "Wed, 13 Dec 2023 21:49:11 GMT",
        "ETag": "\u00220x8DBFC25577F3F1C\u0022",
        "Last-Modified": "Wed, 13 Dec 2023 21:49:11 GMT",
        "Server": [
          "Windows-Azure-Blob/1.0",
          "Microsoft-HTTPAPI/2.0"
        ],
        "x-ms-client-request-id": "4aafceed-a8a3-43f5-9180-dba025e8b621",
        "x-ms-copy-id": "150e540f-a29f-496e-ba90-9ba7a2a786bd",
        "x-ms-copy-status": "success",
        "x-ms-request-id": "a3da2d0d-c01e-001c-570e-2ec506000000",
        "x-ms-version": "2024-02-04"
      },
      "ResponseBody": null
    },
    {
      "RequestUri": "https://REDACTED/10934d030listblobsflatoptionsmaxresultsbypage8d681714331b5/c10934d032listblobsflatoptionsmaxresultsbypage8d64605912e91",
      "RequestMethod": "HEAD",
      "RequestHeaders": {
        "Accept": "application/xml",
        "Authorization": "Sanitized",
        "Content-Length": "0",
        "Date": "Wed, 13 Dec 2023 21:49:16 GMT",
        "User-Agent": "azsdk-java-azure-storage-blob/12.26.0-beta.1 (17.0.8; Windows 11; 10.0)",
        "x-ms-client-request-id": "ab276a65-8311-4000-99a4-b59066861871",
        "x-ms-version": "2024-02-04"
      },
      "RequestBody": null,
      "StatusCode": 200,
      "ResponseHeaders": {
        "Accept-Ranges": "bytes",
        "Access-Control-Allow-Origin": "*",
        "Access-Control-Expose-Headers": "x-ms-client-request-id",
        "Content-Length": "512",
        "Content-Type": "application/octet-stream",
        "Date": "Wed, 13 Dec 2023 21:49:16 GMT",
        "ETag": "\u00220x8DBFC25577F3F1C\u0022",
        "Last-Modified": "Wed, 13 Dec 2023 21:49:11 GMT",
        "Server": [
          "Windows-Azure-Blob/1.0",
          "Microsoft-HTTPAPI/2.0"
        ],
        "x-ms-blob-sequence-number": "0",
        "x-ms-blob-type": "PageBlob",
        "x-ms-client-request-id": "ab276a65-8311-4000-99a4-b59066861871",
        "x-ms-copy-completion-time": "Wed, 13 Dec 2023 21:49:11 GMT",
        "x-ms-copy-id": "150e540f-a29f-496e-ba90-9ba7a2a786bd",
        "x-ms-copy-progress": "512/512",
        "x-ms-copy-source": "https://REDACTED/10934d030listblobsflatoptionsmaxresultsbypage8d681714331b5/a10934d031listblobsflatoptionsmaxresultsbypage8d69614025006",
        "x-ms-copy-status": "success",
        "x-ms-creation-time": "Wed, 13 Dec 2023 21:49:11 GMT",
        "x-ms-lease-state": "available",
        "x-ms-lease-status": "unlocked",
        "x-ms-request-id": "a3da65e1-c01e-001c-3a0e-2ec506000000",
        "x-ms-server-encrypted": "true",
        "x-ms-version": "2024-02-04"
      },
      "ResponseBody": null
    },
    {
      "RequestUri": "https://REDACTED/10934d030listblobsflatoptionsmaxresultsbypage8d681714331b5/m10934d033listblobsflatoptionsmaxresultsbypage8d679663a86ad",
      "RequestMethod": "PUT",
      "RequestHeaders": {
        "Accept": "application/xml",
        "Authorization": "Sanitized",
        "Content-Length": "0",
        "Date": "Wed, 13 Dec 2023 21:49:16 GMT",
        "User-Agent": "azsdk-java-azure-storage-blob/12.26.0-beta.1 (17.0.8; Windows 11; 10.0)",
        "x-ms-blob-content-length": "512",
        "x-ms-blob-type": "PageBlob",
        "x-ms-client-request-id": "3f0351df-434a-47b7-b7b8-5637981b2761",
        "x-ms-meta-foo": "bar",
        "x-ms-version": "2024-02-04"
      },
      "RequestBody": null,
      "StatusCode": 201,
      "ResponseHeaders": {
        "Content-Length": "0",
        "Date": "Wed, 13 Dec 2023 21:49:16 GMT",
        "ETag": "\u00220x8DBFC255A999E02\u0022",
        "Last-Modified": "Wed, 13 Dec 2023 21:49:16 GMT",
        "Server": [
          "Windows-Azure-Blob/1.0",
          "Microsoft-HTTPAPI/2.0"
        ],
        "x-ms-client-request-id": "3f0351df-434a-47b7-b7b8-5637981b2761",
        "x-ms-request-id": "a3da6679-c01e-001c-260e-2ec506000000",
        "x-ms-request-server-encrypted": "true",
        "x-ms-version": "2024-02-04"
      },
      "ResponseBody": null
    },
    {
      "RequestUri": "https://REDACTED/10934d030listblobsflatoptionsmaxresultsbypage8d681714331b5/t10934d034listblobsflatoptionsmaxresultsbypage8d634702e1941",
      "RequestMethod": "PUT",
      "RequestHeaders": {
        "Accept": "application/xml",
        "Authorization": "Sanitized",
        "Content-Length": "0",
        "Date": "Wed, 13 Dec 2023 21:49:16 GMT",
        "User-Agent": "azsdk-java-azure-storage-blob/12.26.0-beta.1 (17.0.8; Windows 11; 10.0)",
        "x-ms-blob-content-length": "512",
        "x-ms-blob-type": "PageBlob",
        "x-ms-client-request-id": "92fa28f5-cb74-4532-9580-42a621abb375",
        "x-ms-tags": "10934d03723948fc=10934d0352427ef2",
        "x-ms-version": "2024-02-04"
      },
      "RequestBody": null,
      "StatusCode": 201,
      "ResponseHeaders": {
        "Content-Length": "0",
        "Date": "Wed, 13 Dec 2023 21:49:16 GMT",
        "ETag": "\u00220x8DBFC255AA90501\u0022",
        "Last-Modified": "Wed, 13 Dec 2023 21:49:16 GMT",
        "Server": [
          "Windows-Azure-Blob/1.0",
          "Microsoft-HTTPAPI/2.0"
        ],
        "x-ms-client-request-id": "92fa28f5-cb74-4532-9580-42a621abb375",
        "x-ms-request-id": "a3da6711-c01e-001c-0c0e-2ec506000000",
        "x-ms-request-server-encrypted": "true",
        "x-ms-version": "2024-02-04"
      },
      "ResponseBody": null
    },
    {
      "RequestUri": "https://REDACTED/10934d030listblobsflatoptionsmaxresultsbypage8d681714331b5/u10934d035listblobsflatoptionsmaxresultsbypage8d6026189296f?comp=block\u0026blockid=ZjYwMzM5MTUtODk0MS00MGQzLWI5MmYtODQ3NGYxZWFhM2Mw",
      "RequestMethod": "PUT",
      "RequestHeaders": {
        "Accept": "application/xml",
        "Authorization": "Sanitized",
        "Content-Length": "7",
        "Content-Type": "application/octet-stream",
        "Date": "Wed, 13 Dec 2023 21:49:16 GMT",
        "User-Agent": "azsdk-java-azure-storage-blob/12.26.0-beta.1 (17.0.8; Windows 11; 10.0)",
        "x-ms-client-request-id": "07f3a9b8-3691-421f-8ad7-03569ec03609",
        "x-ms-version": "2024-02-04"
      },
      "RequestBody": "ZGVmYXVsdA==",
      "StatusCode": 201,
      "ResponseHeaders": {
        "Content-Length": "0",
        "Date": "Wed, 13 Dec 2023 21:49:16 GMT",
        "Server": [
          "Windows-Azure-Blob/1.0",
          "Microsoft-HTTPAPI/2.0"
        ],
        "x-ms-client-request-id": "07f3a9b8-3691-421f-8ad7-03569ec03609",
        "x-ms-content-crc64": "6RYQPwaVsyQ=",
        "x-ms-request-id": "a3da67bf-c01e-001c-0d0e-2ec506000000",
        "x-ms-request-server-encrypted": "true",
        "x-ms-version": "2024-02-04"
      },
      "ResponseBody": null
    },
    {
      "RequestUri": "https://REDACTED/10934d030listblobsflatoptionsmaxresultsbypage8d681714331b5/a10934d031listblobsflatoptionsmaxresultsbypage8d69614025006?comp=snapshot",
      "RequestMethod": "PUT",
      "RequestHeaders": {
        "Accept": "application/xml",
        "Authorization": "Sanitized",
        "Content-Length": "0",
        "Date": "Wed, 13 Dec 2023 21:49:16 GMT",
        "User-Agent": "azsdk-java-azure-storage-blob/12.26.0-beta.1 (17.0.8; Windows 11; 10.0)",
        "x-ms-client-request-id": "bff8d04a-4b7b-4ce1-97ad-74bce699d146",
        "x-ms-version": "2024-02-04"
      },
      "RequestBody": null,
      "StatusCode": 201,
      "ResponseHeaders": {
        "Content-Length": "0",
        "Date": "Wed, 13 Dec 2023 21:49:16 GMT",
        "ETag": "\u00220x8DBFC2557356FCC\u0022",
        "Last-Modified": "Wed, 13 Dec 2023 21:49:11 GMT",
        "Server": [
          "Windows-Azure-Blob/1.0",
          "Microsoft-HTTPAPI/2.0"
        ],
        "x-ms-client-request-id": "bff8d04a-4b7b-4ce1-97ad-74bce699d146",
        "x-ms-request-id": "a3da68ad-c01e-001c-430e-2ec506000000",
        "x-ms-request-server-encrypted": "false",
        "x-ms-snapshot": "2023-12-13T21:49:17.0601512Z",
        "x-ms-version": "2024-02-04"
      },
      "ResponseBody": null
    },
    {
      "RequestUri": "https://REDACTED/10934d030listblobsflatoptionsmaxresultsbypage8d681714331b5?restype=container\u0026comp=list\u0026maxresults=2\u0026include=copy%2Csnapshots%2Cuncommittedblobs",
      "RequestMethod": "GET",
      "RequestHeaders": {
        "Accept": "application/xml",
        "Authorization": "Sanitized",
        "Content-Length": "0",
        "Date": "Wed, 13 Dec 2023 21:49:17 GMT",
        "User-Agent": "azsdk-java-azure-storage-blob/12.26.0-beta.1 (17.0.8; Windows 11; 10.0)",
        "x-ms-client-request-id": "e7aaee8d-bb2b-4ed2-962a-182a928df5a0",
        "x-ms-version": "2024-02-04"
      },
      "RequestBody": null,
      "StatusCode": 200,
      "ResponseHeaders": {
        "Access-Control-Allow-Origin": "*",
        "Access-Control-Expose-Headers": "x-ms-client-request-id",
        "Content-Type": "application/xml",
        "Date": "Wed, 13 Dec 2023 21:49:16 GMT",
        "Server": [
          "Windows-Azure-Blob/1.0",
          "Microsoft-HTTPAPI/2.0"
        ],
        "Transfer-Encoding": "chunked",
        "x-ms-client-request-id": "e7aaee8d-bb2b-4ed2-962a-182a928df5a0",
        "x-ms-request-id": "a3da6966-c01e-001c-520e-2ec506000000",
        "x-ms-version": "2024-02-04"
      },
      "ResponseBody": "\uFEFF\u003C?xml version=\u00221.0\u0022 encoding=\u0022utf-8\u0022?\u003E\u003CEnumerationResults ServiceEndpoint=\u0022https://ibrandesstorage.blob.core.windows.net/\u0022 ContainerName=\u002210934d030listblobsflatoptionsmaxresultsbypage8d681714331b5\u0022\u003E\u003CMaxResults\u003E2\u003C/MaxResults\u003E\u003CBlobs\u003E\u003CBlob\u003E\u003CName\u003Ea10934d031listblobsflatoptionsmaxresultsbypage8d69614025006\u003C/Name\u003E\u003CSnapshot\u003E2023-12-13T21:49:17.0601512Z\u003C/Snapshot\u003E\u003CProperties\u003E\u003CCreation-Time\u003EWed, 13 Dec 2023 21:49:11 GMT\u003C/Creation-Time\u003E\u003CLast-Modified\u003EWed, 13 Dec 2023 21:49:11 GMT\u003C/Last-Modified\u003E\u003CEtag\u003E0x8DBFC2557356FCC\u003C/Etag\u003E\u003CContent-Length\u003E512\u003C/Content-Length\u003E\u003CContent-Type\u003Eapplication/octet-stream\u003C/Content-Type\u003E\u003CContent-Encoding /\u003E\u003CContent-Language /\u003E\u003CContent-CRC64 /\u003E\u003CContent-MD5 /\u003E\u003CCache-Control /\u003E\u003CContent-Disposition /\u003E\u003Cx-ms-blob-sequence-number\u003E0\u003C/x-ms-blob-sequence-number\u003E\u003CBlobType\u003EPageBlob\u003C/BlobType\u003E\u003CServerEncrypted\u003Etrue\u003C/ServerEncrypted\u003E\u003C/Properties\u003E\u003COrMetadata /\u003E\u003C/Blob\u003E\u003CBlob\u003E\u003CName\u003Ea10934d031listblobsflatoptionsmaxresultsbypage8d69614025006\u003C/Name\u003E\u003CProperties\u003E\u003CCreation-Time\u003EWed, 13 Dec 2023 21:49:11 GMT\u003C/Creation-Time\u003E\u003CLast-Modified\u003EWed, 13 Dec 2023 21:49:11 GMT\u003C/Last-Modified\u003E\u003CEtag\u003E0x8DBFC2557356FCC\u003C/Etag\u003E\u003CContent-Length\u003E512\u003C/Content-Length\u003E\u003CContent-Type\u003Eapplication/octet-stream\u003C/Content-Type\u003E\u003CContent-Encoding /\u003E\u003CContent-Language /\u003E\u003CContent-CRC64 /\u003E\u003CContent-MD5 /\u003E\u003CCache-Control /\u003E\u003CContent-Disposition /\u003E\u003Cx-ms-blob-sequence-number\u003E0\u003C/x-ms-blob-sequence-number\u003E\u003CBlobType\u003EPageBlob\u003C/BlobType\u003E\u003CLeaseStatus\u003Eunlocked\u003C/LeaseStatus\u003E\u003CLeaseState\u003Eavailable\u003C/LeaseState\u003E\u003CServerEncrypted\u003Etrue\u003C/ServerEncrypted\u003E\u003C/Properties\u003E\u003COrMetadata /\u003E\u003C/Blob\u003E\u003C/Blobs\u003E\u003CNextMarker\u003E2!140!MDAwMDU5IWMxMDkzNGQwMzJsaXN0YmxvYnNmbGF0b3B0aW9uc21heHJlc3VsdHNieXBhZ2U4ZDY0NjA1OTEyZTkxITAwMDAyOCE5OTk5LTEyLTMxVDIzOjU5OjU5Ljk5OTk5OTlaIQ--\u003C/NextMarker\u003E\u003C/EnumerationResults\u003E"
    },
    {
      "RequestUri": "https://REDACTED/10934d030listblobsflatoptionsmaxresultsbypage8d681714331b5?restype=container\u0026comp=list\u0026marker=2%21140%21MDAwMDU5IWMxMDkzNGQwMzJsaXN0YmxvYnNmbGF0b3B0aW9uc21heHJlc3VsdHNieXBhZ2U4ZDY0NjA1OTEyZTkxITAwMDAyOCE5OTk5LTEyLTMxVDIzOjU5OjU5Ljk5OTk5OTlaIQ--\u0026maxresults=2\u0026include=copy%2Csnapshots%2Cuncommittedblobs",
      "RequestMethod": "GET",
      "RequestHeaders": {
        "Accept": "application/xml",
        "Authorization": "Sanitized",
        "Content-Length": "0",
        "Date": "Wed, 13 Dec 2023 21:49:17 GMT",
        "User-Agent": "azsdk-java-azure-storage-blob/12.26.0-beta.1 (17.0.8; Windows 11; 10.0)",
        "x-ms-client-request-id": "a263c235-393a-4646-8c21-154ee3e73ac9",
        "x-ms-version": "2024-02-04"
      },
      "RequestBody": null,
      "StatusCode": 200,
      "ResponseHeaders": {
        "Access-Control-Allow-Origin": "*",
        "Access-Control-Expose-Headers": "x-ms-client-request-id",
        "Content-Type": "application/xml",
        "Date": "Wed, 13 Dec 2023 21:49:17 GMT",
        "Server": [
          "Windows-Azure-Blob/1.0",
          "Microsoft-HTTPAPI/2.0"
        ],
        "Transfer-Encoding": "chunked",
        "x-ms-client-request-id": "a263c235-393a-4646-8c21-154ee3e73ac9",
        "x-ms-request-id": "a3da6a08-c01e-001c-4c0e-2ec506000000",
        "x-ms-version": "2024-02-04"
      },
      "ResponseBody": "\uFEFF\u003C?xml version=\u00221.0\u0022 encoding=\u0022utf-8\u0022?\u003E\u003CEnumerationResults ServiceEndpoint=\u0022https://ibrandesstorage.blob.core.windows.net/\u0022 ContainerName=\u002210934d030listblobsflatoptionsmaxresultsbypage8d681714331b5\u0022\u003E\u003CMarker\u003E2!140!MDAwMDU5IWMxMDkzNGQwMzJsaXN0YmxvYnNmbGF0b3B0aW9uc21heHJlc3VsdHNieXBhZ2U4ZDY0NjA1OTEyZTkxITAwMDAyOCE5OTk5LTEyLTMxVDIzOjU5OjU5Ljk5OTk5OTlaIQ--\u003C/Marker\u003E\u003CMaxResults\u003E2\u003C/MaxResults\u003E\u003CBlobs\u003E\u003CBlob\u003E\u003CName\u003Ec10934d032listblobsflatoptionsmaxresultsbypage8d64605912e91\u003C/Name\u003E\u003CProperties\u003E\u003CCreation-Time\u003EWed, 13 Dec 2023 21:49:11 GMT\u003C/Creation-Time\u003E\u003CLast-Modified\u003EWed, 13 Dec 2023 21:49:11 GMT\u003C/Last-Modified\u003E\u003CEtag\u003E0x8DBFC25577F3F1C\u003C/Etag\u003E\u003CContent-Length\u003E512\u003C/Content-Length\u003E\u003CContent-Type\u003Eapplication/octet-stream\u003C/Content-Type\u003E\u003CContent-Encoding /\u003E\u003CContent-Language /\u003E\u003CContent-CRC64 /\u003E\u003CContent-MD5 /\u003E\u003CCache-Control /\u003E\u003CContent-Disposition /\u003E\u003Cx-ms-blob-sequence-number\u003E0\u003C/x-ms-blob-sequence-number\u003E\u003CBlobType\u003EPageBlob\u003C/BlobType\u003E\u003CLeaseStatus\u003Eunlocked\u003C/LeaseStatus\u003E\u003CLeaseState\u003Eavailable\u003C/LeaseState\u003E\u003CCopyId\u003E150e540f-a29f-496e-ba90-9ba7a2a786bd\u003C/CopyId\u003E\u003CCopySource\u003Ehttps://ibrandesstorage.blob.core.windows.net/10934d030listblobsflatoptionsmaxresultsbypage8d681714331b5/a10934d031listblobsflatoptionsmaxresultsbypage8d69614025006\u003C/CopySource\u003E\u003CCopyStatus\u003Esuccess\u003C/CopyStatus\u003E\u003CCopyProgress\u003E512/512\u003C/CopyProgress\u003E\u003CCopyCompletionTime\u003EWed, 13 Dec 2023 21:49:11 GMT\u003C/CopyCompletionTime\u003E\u003CServerEncrypted\u003Etrue\u003C/ServerEncrypted\u003E\u003C/Properties\u003E\u003COrMetadata /\u003E\u003C/Blob\u003E\u003CBlob\u003E\u003CName\u003Em10934d033listblobsflatoptionsmaxresultsbypage8d679663a86ad\u003C/Name\u003E\u003CProperties\u003E\u003CCreation-Time\u003EWed, 13 Dec 2023 21:49:16 GMT\u003C/Creation-Time\u003E\u003CLast-Modified\u003EWed, 13 Dec 2023 21:49:16 GMT\u003C/Last-Modified\u003E\u003CEtag\u003E0x8DBFC255A999E02\u003C/Etag\u003E\u003CContent-Length\u003E512\u003C/Content-Length\u003E\u003CContent-Type\u003Eapplication/octet-stream\u003C/Content-Type\u003E\u003CContent-Encoding /\u003E\u003CContent-Language /\u003E\u003CContent-CRC64 /\u003E\u003CContent-MD5 /\u003E\u003CCache-Control /\u003E\u003CContent-Disposition /\u003E\u003Cx-ms-blob-sequence-number\u003E0\u003C/x-ms-blob-sequence-number\u003E\u003CBlobType\u003EPageBlob\u003C/BlobType\u003E\u003CLeaseStatus\u003Eunlocked\u003C/LeaseStatus\u003E\u003CLeaseState\u003Eavailable\u003C/LeaseState\u003E\u003CServerEncrypted\u003Etrue\u003C/ServerEncrypted\u003E\u003C/Properties\u003E\u003COrMetadata /\u003E\u003C/Blob\u003E\u003C/Blobs\u003E\u003CNextMarker\u003E2!140!MDAwMDU5IXQxMDkzNGQwMzRsaXN0YmxvYnNmbGF0b3B0aW9uc21heHJlc3VsdHNieXBhZ2U4ZDYzNDcwMmUxOTQxITAwMDAyOCE5OTk5LTEyLTMxVDIzOjU5OjU5Ljk5OTk5OTlaIQ--\u003C/NextMarker\u003E\u003C/EnumerationResults\u003E"
    },
    {
      "RequestUri": "https://REDACTED/10934d030listblobsflatoptionsmaxresultsbypage8d681714331b5?restype=container\u0026comp=list\u0026marker=2%21140%21MDAwMDU5IXQxMDkzNGQwMzRsaXN0YmxvYnNmbGF0b3B0aW9uc21heHJlc3VsdHNieXBhZ2U4ZDYzNDcwMmUxOTQxITAwMDAyOCE5OTk5LTEyLTMxVDIzOjU5OjU5Ljk5OTk5OTlaIQ--\u0026maxresults=2\u0026include=copy%2Csnapshots%2Cuncommittedblobs",
      "RequestMethod": "GET",
      "RequestHeaders": {
        "Accept": "application/xml",
        "Authorization": "Sanitized",
        "Content-Length": "0",
        "Date": "Wed, 13 Dec 2023 21:49:17 GMT",
        "User-Agent": "azsdk-java-azure-storage-blob/12.26.0-beta.1 (17.0.8; Windows 11; 10.0)",
        "x-ms-client-request-id": "dfb6d183-4d01-4911-87b9-4df32793920d",
        "x-ms-version": "2024-02-04"
      },
      "RequestBody": null,
      "StatusCode": 200,
      "ResponseHeaders": {
        "Access-Control-Allow-Origin": "*",
        "Access-Control-Expose-Headers": "x-ms-client-request-id",
        "Content-Type": "application/xml",
        "Date": "Wed, 13 Dec 2023 21:49:17 GMT",
        "Server": [
          "Windows-Azure-Blob/1.0",
          "Microsoft-HTTPAPI/2.0"
        ],
        "Transfer-Encoding": "chunked",
        "x-ms-client-request-id": "dfb6d183-4d01-4911-87b9-4df32793920d",
        "x-ms-request-id": "a3da6b56-c01e-001c-3b0e-2ec506000000",
        "x-ms-version": "2024-02-04"
      },
      "ResponseBody": "\uFEFF\u003C?xml version=\u00221.0\u0022 encoding=\u0022utf-8\u0022?\u003E\u003CEnumerationResults ServiceEndpoint=\u0022https://ibrandesstorage.blob.core.windows.net/\u0022 ContainerName=\u002210934d030listblobsflatoptionsmaxresultsbypage8d681714331b5\u0022\u003E\u003CMarker\u003E2!140!MDAwMDU5IXQxMDkzNGQwMzRsaXN0YmxvYnNmbGF0b3B0aW9uc21heHJlc3VsdHNieXBhZ2U4ZDYzNDcwMmUxOTQxITAwMDAyOCE5OTk5LTEyLTMxVDIzOjU5OjU5Ljk5OTk5OTlaIQ--\u003C/Marker\u003E\u003CMaxResults\u003E2\u003C/MaxResults\u003E\u003CBlobs\u003E\u003CBlob\u003E\u003CName\u003Et10934d034listblobsflatoptionsmaxresultsbypage8d634702e1941\u003C/Name\u003E\u003CProperties\u003E\u003CCreation-Time\u003EWed, 13 Dec 2023 21:49:16 GMT\u003C/Creation-Time\u003E\u003CLast-Modified\u003EWed, 13 Dec 2023 21:49:16 GMT\u003C/Last-Modified\u003E\u003CEtag\u003E0x8DBFC255AA90501\u003C/Etag\u003E\u003CContent-Length\u003E512\u003C/Content-Length\u003E\u003CContent-Type\u003Eapplication/octet-stream\u003C/Content-Type\u003E\u003CContent-Encoding /\u003E\u003CContent-Language /\u003E\u003CContent-CRC64 /\u003E\u003CContent-MD5 /\u003E\u003CCache-Control /\u003E\u003CContent-Disposition /\u003E\u003Cx-ms-blob-sequence-number\u003E0\u003C/x-ms-blob-sequence-number\u003E\u003CBlobType\u003EPageBlob\u003C/BlobType\u003E\u003CLeaseStatus\u003Eunlocked\u003C/LeaseStatus\u003E\u003CLeaseState\u003Eavailable\u003C/LeaseState\u003E\u003CServerEncrypted\u003Etrue\u003C/ServerEncrypted\u003E\u003CTagCount\u003E1\u003C/TagCount\u003E\u003C/Properties\u003E\u003COrMetadata /\u003E\u003C/Blob\u003E\u003CBlob\u003E\u003CName\u003Eu10934d035listblobsflatoptionsmaxresultsbypage8d6026189296f\u003C/Name\u003E\u003CProperties\u003E\u003CContent-Length\u003E0\u003C/Content-Length\u003E\u003CBlobType\u003EBlockBlob\u003C/BlobType\u003E\u003CAccessTier\u003EHot\u003C/AccessTier\u003E\u003CAccessTierInferred\u003Etrue\u003C/AccessTierInferred\u003E\u003CLeaseStatus\u003Eunlocked\u003C/LeaseStatus\u003E\u003CLeaseState\u003Eavailable\u003C/LeaseState\u003E\u003CServerEncrypted\u003Efalse\u003C/ServerEncrypted\u003E\u003C/Properties\u003E\u003COrMetadata /\u003E\u003C/Blob\u003E\u003C/Blobs\u003E\u003CNextMarker /\u003E\u003C/EnumerationResults\u003E"
    }
  ],
  "Variables": {
    "0": "10934d030listblobsflatoptionsmaxresultsbypage8d681714331b5",
    "1": "10934d03723948fc",
    "2": "10934d0352427ef2",
    "3": "10934d031listblobsflatoptionsmaxresultsbypage8d69614025006",
    "4": "10934d032listblobsflatoptionsmaxresultsbypage8d64605912e91",
    "5": "10934d033listblobsflatoptionsmaxresultsbypage8d679663a86ad",
    "6": "10934d034listblobsflatoptionsmaxresultsbypage8d634702e1941",
    "7": "10934d035listblobsflatoptionsmaxresultsbypage8d6026189296f",
    "8": "f6033915-8941-40d3-b92f-8474f1eaa3c0"
  }
}
