{
  "Entries": [
    {
      "RequestUri": "https://REDACTED/cd810c090listappendblobsflateb11113947cc609ef9744?restype=container",
      "RequestMethod": "PUT",
      "RequestHeaders": {
        "Accept": "application/xml",
        "Authorization": "Sanitized",
        "Content-Length": "0",
        "Date": "Mon, 08 Jan 2024 19:43:43 GMT",
        "User-Agent": "azsdk-java-azure-storage-blob/12.26.0-beta.1 (17.0.8; Windows 11; 10.0)",
        "x-ms-client-request-id": "b3b1564d-1998-41ac-b4c6-0cbb7d838f54",
        "x-ms-version": "2024-02-04"
      },
      "RequestBody": null,
      "StatusCode": 201,
      "ResponseHeaders": {
        "Content-Length": "0",
        "Date": "Mon, 08 Jan 2024 19:43:54 GMT",
        "ETag": "\u00220x8DC108225ED92CE\u0022",
        "Last-Modified": "Mon, 08 Jan 2024 19:43:54 GMT",
        "Server": [
          "Windows-Azure-Blob/1.0",
          "Microsoft-HTTPAPI/2.0"
        ],
        "x-ms-client-request-id": "b3b1564d-1998-41ac-b4c6-0cbb7d838f54",
        "x-ms-request-id": "c642973f-401e-0012-1e6b-42ecb6000000",
        "x-ms-version": "2024-02-04"
      },
      "ResponseBody": null
    },
    {
      "RequestUri": "https://REDACTED/cd810c090listappendblobsflateb11113947cc609ef9744?restype=container",
      "RequestMethod": "PUT",
      "RequestHeaders": {
        "Accept": "application/xml",
        "Authorization": "Sanitized",
        "Content-Length": "0",
        "Date": "Mon, 08 Jan 2024 19:43:44 GMT",
        "User-Agent": "azsdk-java-azure-storage-blob/12.26.0-beta.1 (17.0.8; Windows 11; 10.0)",
        "x-ms-client-request-id": "3c1024bf-6350-4022-992b-173d2d7a11a1",
        "x-ms-version": "2024-02-04"
      },
      "RequestBody": null,
      "StatusCode": 409,
      "ResponseHeaders": {
        "Content-Length": "230",
        "Content-Type": "application/xml",
        "Date": "Mon, 08 Jan 2024 19:43:54 GMT",
        "Server": [
          "Windows-Azure-Blob/1.0",
          "Microsoft-HTTPAPI/2.0"
        ],
        "x-ms-client-request-id": "3c1024bf-6350-4022-992b-173d2d7a11a1",
        "x-ms-error-code": "ContainerAlreadyExists",
        "x-ms-request-id": "c642980d-401e-0012-646b-42ecb6000000",
        "x-ms-version": "2024-02-04"
      },
      "ResponseBody": [
        "\uFEFF\u003C?xml version=\u00221.0\u0022 encoding=\u0022utf-8\u0022?\u003E\u003CError\u003E\u003CCode\u003EContainerAlreadyExists\u003C/Code\u003E\u003CMessage\u003EThe specified container already exists.\n",
        "RequestId:c642980d-401e-0012-646b-42ecb6000000\n",
        "Time:2024-01-08T19:43:54.8826768Z\u003C/Message\u003E\u003C/Error\u003E"
      ]
    },
    {
      "RequestUri": "https://REDACTED/cd810c090listappendblobsflateb11113947cc609ef9744/cd810c091listappendblobsflateb153322e233517bed194",
      "RequestMethod": "PUT",
      "RequestHeaders": {
        "Accept": "application/xml",
        "Authorization": "Sanitized",
        "Content-Length": "0",
        "Date": "Mon, 08 Jan 2024 19:43:44 GMT",
        "If-None-Match": "*",
        "User-Agent": "azsdk-java-azure-storage-blob/12.26.0-beta.1 (17.0.8; Windows 11; 10.0)",
        "x-ms-blob-type": "AppendBlob",
        "x-ms-client-request-id": "32e79acc-48f3-45cd-8551-598c4b37c08b",
        "x-ms-version": "2024-02-04"
      },
      "RequestBody": null,
      "StatusCode": 201,
      "ResponseHeaders": {
        "Content-Length": "0",
        "Date": "Mon, 08 Jan 2024 19:43:54 GMT",
        "ETag": "\u00220x8DC1082260A0F20\u0022",
        "Last-Modified": "Mon, 08 Jan 2024 19:43:54 GMT",
        "Server": [
          "Windows-Azure-Blob/1.0",
          "Microsoft-HTTPAPI/2.0"
        ],
        "x-ms-client-request-id": "32e79acc-48f3-45cd-8551-598c4b37c08b",
        "x-ms-request-id": "c64298c2-401e-0012-0e6b-42ecb6000000",
        "x-ms-request-server-encrypted": "true",
        "x-ms-version": "2024-02-04"
      },
      "ResponseBody": null
    },
    {
      "RequestUri": "https://REDACTED/cd810c090listappendblobsflateb11113947cc609ef9744/cd810c091listappendblobsflateb153322e233517bed194?comp=seal",
      "RequestMethod": "PUT",
      "RequestHeaders": {
        "Accept": "application/xml",
        "Authorization": "Sanitized",
        "Content-Length": "0",
        "Date": "Mon, 08 Jan 2024 19:43:44 GMT",
        "User-Agent": "azsdk-java-azure-storage-blob/12.26.0-beta.1 (17.0.8; Windows 11; 10.0)",
        "x-ms-client-request-id": "e0c5d03a-783f-4fe9-97f5-773474261f7b",
        "x-ms-version": "2024-02-04"
      },
      "RequestBody": null,
      "StatusCode": 200,
      "ResponseHeaders": {
        "Content-Length": "0",
        "Date": "Mon, 08 Jan 2024 19:43:54 GMT",
        "ETag": "\u00220x8DC1082261864E6\u0022",
        "Last-Modified": "Mon, 08 Jan 2024 19:43:55 GMT",
        "Server": [
          "Windows-Azure-Blob/1.0",
          "Microsoft-HTTPAPI/2.0"
        ],
        "x-ms-blob-sealed": "true",
        "x-ms-client-request-id": "e0c5d03a-783f-4fe9-97f5-773474261f7b",
        "x-ms-request-id": "c6429975-401e-0012-396b-42ecb6000000",
        "x-ms-version": "2024-02-04"
      },
      "ResponseBody": null
    },
    {
      "RequestUri": "https://REDACTED/cd810c090listappendblobsflateb11113947cc609ef9744?restype=container\u0026comp=list\u0026prefix=cd810c09",
      "RequestMethod": "GET",
      "RequestHeaders": {
        "Accept": "application/xml",
        "Authorization": "Sanitized",
        "Content-Length": "0",
        "Date": "Mon, 08 Jan 2024 19:43:44 GMT",
        "User-Agent": "azsdk-java-azure-storage-blob/12.26.0-beta.1 (17.0.8; Windows 11; 10.0)",
        "x-ms-client-request-id": "84b4f0ec-2309-40d6-9bfc-e48a405ce816",
        "x-ms-version": "2024-02-04"
      },
      "RequestBody": null,
      "StatusCode": 200,
      "ResponseHeaders": {
        "Content-Type": "application/xml",
        "Date": "Mon, 08 Jan 2024 19:43:54 GMT",
        "Server": [
          "Windows-Azure-Blob/1.0",
          "Microsoft-HTTPAPI/2.0"
        ],
        "Transfer-Encoding": "chunked",
        "x-ms-client-request-id": "84b4f0ec-2309-40d6-9bfc-e48a405ce816",
        "x-ms-request-id": "c6429a64-401e-0012-176b-42ecb6000000",
        "x-ms-version": "2024-02-04"
      },
      "ResponseBody": "\uFEFF\u003C?xml version=\u00221.0\u0022 encoding=\u0022utf-8\u0022?\u003E\u003CEnumerationResults ServiceEndpoint=\u0022https://ibrandesstorage.blob.core.windows.net/\u0022 ContainerName=\u0022cd810c090listappendblobsflateb11113947cc609ef9744\u0022\u003E\u003CPrefix\u003Ecd810c09\u003C/Prefix\u003E\u003CBlobs\u003E\u003CBlob\u003E\u003CName\u003Ecd810c091listappendblobsflateb153322e233517bed194\u003C/Name\u003E\u003CProperties\u003E\u003CCreation-Time\u003EMon, 08 Jan 2024 19:43:54 GMT\u003C/Creation-Time\u003E\u003CLast-Modified\u003EMon, 08 Jan 2024 19:43:55 GMT\u003C/Last-Modified\u003E\u003CEtag\u003E0x8DC1082261864E6\u003C/Etag\u003E\u003CContent-Length\u003E0\u003C/Content-Length\u003E\u003CContent-Type\u003Eapplication/octet-stream\u003C/Content-Type\u003E\u003CContent-Encoding /\u003E\u003CContent-Language /\u003E\u003CContent-CRC64 /\u003E\u003CContent-MD5 /\u003E\u003CCache-Control /\u003E\u003CContent-Disposition /\u003E\u003CBlobType\u003EAppendBlob\u003C/BlobType\u003E\u003CLeaseStatus\u003Eunlocked\u003C/LeaseStatus\u003E\u003CLeaseState\u003Eavailable\u003C/LeaseState\u003E\u003CServerEncrypted\u003Etrue\u003C/ServerEncrypted\u003E\u003CSealed\u003Etrue\u003C/Sealed\u003E\u003C/Properties\u003E\u003COrMetadata /\u003E\u003C/Blob\u003E\u003C/Blobs\u003E\u003CNextMarker /\u003E\u003C/EnumerationResults\u003E"
    }
  ],
  "Variables": {
    "0": "cd810c090listappendblobsflateb11113947cc609ef9744",
    "1": "cd810c0924113951",
    "2": "cd810c0904193870",
    "3": "cd810c091listappendblobsflateb153322e233517bed194"
  }
}
