{
  "Entries": [
    {
      "RequestUri": "https://REDACTED/f409fcd70listblobshierrehydratepriorityec707827e6cbd9cf?restype=container",
      "RequestMethod": "PUT",
      "RequestHeaders": {
        "Accept": "application/xml",
        "Authorization": "Sanitized",
        "Content-Length": "0",
        "Date": "Mon, 04 Dec 2023 20:52:52 GMT",
        "User-Agent": "azsdk-java-azure-storage-blob/12.26.0-beta.1 (17.0.8; Windows 11; 10.0)",
        "x-ms-client-request-id": "981ca8bb-1024-4bdf-a03b-7296423193a8",
        "x-ms-version": "2024-02-04"
      },
      "RequestBody": null,
      "StatusCode": 201,
      "ResponseHeaders": {
        "Content-Length": "0",
        "Date": "Mon, 04 Dec 2023 20:52:52 GMT",
        "ETag": "\u00220x8DBF50AFC0C902F\u0022",
        "Last-Modified": "Mon, 04 Dec 2023 20:52:53 GMT",
        "Server": [
          "Windows-Azure-Blob/1.0",
          "Microsoft-HTTPAPI/2.0"
        ],
        "x-ms-client-request-id": "981ca8bb-1024-4bdf-a03b-7296423193a8",
        "x-ms-request-id": "619d62a7-501e-0041-73f3-26c966000000",
        "x-ms-version": "2024-02-04"
      },
      "ResponseBody": null
    },
    {
      "RequestUri": "https://REDACTED/f409fcd70listblobshierrehydratepriorityec707827e6cbd9cf?restype=container",
      "RequestMethod": "PUT",
      "RequestHeaders": {
        "Accept": "application/xml",
        "Authorization": "Sanitized",
        "Content-Length": "0",
        "Date": "Mon, 04 Dec 2023 20:52:52 GMT",
        "User-Agent": "azsdk-java-azure-storage-blob/12.26.0-beta.1 (17.0.8; Windows 11; 10.0)",
        "x-ms-client-request-id": "c5daa1b1-1029-4a51-b04c-fcf96959dec7",
        "x-ms-version": "2024-02-04"
      },
      "RequestBody": null,
      "StatusCode": 409,
      "ResponseHeaders": {
        "Content-Length": "230",
        "Content-Type": "application/xml",
        "Date": "Mon, 04 Dec 2023 20:52:52 GMT",
        "Server": [
          "Windows-Azure-Blob/1.0",
          "Microsoft-HTTPAPI/2.0"
        ],
        "x-ms-client-request-id": "c5daa1b1-1029-4a51-b04c-fcf96959dec7",
        "x-ms-error-code": "ContainerAlreadyExists",
        "x-ms-request-id": "619d62d2-501e-0041-1bf3-26c966000000",
        "x-ms-version": "2024-02-04"
      },
      "ResponseBody": [
        "\uFEFF\u003C?xml version=\u00221.0\u0022 encoding=\u0022utf-8\u0022?\u003E\u003CError\u003E\u003CCode\u003EContainerAlreadyExists\u003C/Code\u003E\u003CMessage\u003EThe specified container already exists.\n",
        "RequestId:619d62d2-501e-0041-1bf3-26c966000000\n",
        "Time:2023-12-04T20:52:53.0996561Z\u003C/Message\u003E\u003C/Error\u003E"
      ]
    },
    {
      "RequestUri": "https://REDACTED/f409fcd70listblobshierrehydratepriorityec707827e6cbd9cf/f409fcd71listblobshierrehydratepriorityec7043871a765209",
      "RequestMethod": "PUT",
      "RequestHeaders": {
        "Accept": "application/xml",
        "Authorization": "Sanitized",
        "Content-Length": "7",
        "Content-Type": "application/octet-stream",
        "Date": "Mon, 04 Dec 2023 20:52:52 GMT",
        "If-None-Match": "*",
        "User-Agent": "azsdk-java-azure-storage-blob/12.26.0-beta.1 (17.0.8; Windows 11; 10.0)",
        "x-ms-blob-type": "BlockBlob",
        "x-ms-client-request-id": "7b17d7b2-27fd-42e0-b196-d4f08629e180",
        "x-ms-version": "2024-02-04"
      },
      "RequestBody": "ZGVmYXVsdA==",
      "StatusCode": 201,
      "ResponseHeaders": {
        "Content-Length": "0",
        "Content-MD5": "wh\u002BWm18D0z1D4E\u002BPE252gg==",
        "Date": "Mon, 04 Dec 2023 20:52:52 GMT",
        "ETag": "\u00220x8DBF50AFC249FBC\u0022",
        "Last-Modified": "Mon, 04 Dec 2023 20:52:53 GMT",
        "Server": [
          "Windows-Azure-Blob/1.0",
          "Microsoft-HTTPAPI/2.0"
        ],
        "x-ms-client-request-id": "7b17d7b2-27fd-42e0-b196-d4f08629e180",
        "x-ms-content-crc64": "6RYQPwaVsyQ=",
        "x-ms-request-id": "619d62ff-501e-0041-42f3-26c966000000",
        "x-ms-request-server-encrypted": "true",
        "x-ms-version": "2024-02-04",
        "x-ms-version-id": "2023-12-04T20:52:53.1793852Z"
      },
      "ResponseBody": null
    },
    {
      "RequestUri": "https://REDACTED/f409fcd70listblobshierrehydratepriorityec707827e6cbd9cf/f409fcd71listblobshierrehydratepriorityec7043871a765209?comp=tier",
      "RequestMethod": "PUT",
      "RequestHeaders": {
        "Accept": "application/xml",
        "Authorization": "Sanitized",
        "Content-Length": "0",
        "Date": "Mon, 04 Dec 2023 20:52:52 GMT",
        "User-Agent": "azsdk-java-azure-storage-blob/12.26.0-beta.1 (17.0.8; Windows 11; 10.0)",
        "x-ms-access-tier": "Archive",
        "x-ms-client-request-id": "419bd250-568e-4447-9acb-71db41c80961",
        "x-ms-version": "2024-02-04"
      },
      "RequestBody": null,
      "StatusCode": 200,
      "ResponseHeaders": {
        "Content-Length": "0",
        "Date": "Mon, 04 Dec 2023 20:52:52 GMT",
        "Server": [
          "Windows-Azure-Blob/1.0",
          "Microsoft-HTTPAPI/2.0"
        ],
        "x-ms-client-request-id": "419bd250-568e-4447-9acb-71db41c80961",
        "x-ms-request-id": "619d631e-501e-0041-58f3-26c966000000",
        "x-ms-version": "2024-02-04"
      },
      "ResponseBody": null
    },
    {
      "RequestUri": "https://REDACTED/f409fcd70listblobshierrehydratepriorityec707827e6cbd9cf/f409fcd71listblobshierrehydratepriorityec7043871a765209?comp=tier",
      "RequestMethod": "PUT",
      "RequestHeaders": {
        "Accept": "application/xml",
        "Authorization": "Sanitized",
        "Content-Length": "0",
        "Date": "Mon, 04 Dec 2023 20:52:52 GMT",
        "User-Agent": "azsdk-java-azure-storage-blob/12.26.0-beta.1 (17.0.8; Windows 11; 10.0)",
        "x-ms-access-tier": "Hot",
        "x-ms-client-request-id": "a641e2f0-5025-467c-98f6-17fa4fa26d47",
        "x-ms-rehydrate-priority": "Standard",
        "x-ms-version": "2024-02-04"
      },
      "RequestBody": null,
      "StatusCode": 202,
      "ResponseHeaders": {
        "Content-Length": "0",
        "Date": "Mon, 04 Dec 2023 20:52:52 GMT",
        "Server": [
          "Windows-Azure-Blob/1.0",
          "Microsoft-HTTPAPI/2.0"
        ],
        "x-ms-client-request-id": "a641e2f0-5025-467c-98f6-17fa4fa26d47",
        "x-ms-request-id": "e4d60f6c-b01e-0004-17f3-261c85000000",
        "x-ms-version": "2024-02-04"
      },
      "ResponseBody": null
    },
    {
      "RequestUri": "https://REDACTED/f409fcd70listblobshierrehydratepriorityec707827e6cbd9cf?restype=container\u0026comp=list\u0026delimiter=/",
      "RequestMethod": "GET",
      "RequestHeaders": {
        "Accept": "application/xml",
        "Authorization": "Sanitized",
        "Content-Length": "0",
        "Date": "Mon, 04 Dec 2023 20:52:52 GMT",
        "User-Agent": "azsdk-java-azure-storage-blob/12.26.0-beta.1 (17.0.8; Windows 11; 10.0)",
        "x-ms-client-request-id": "59940941-dd01-4d50-ae76-a49ac2b24427",
        "x-ms-version": "2024-02-04"
      },
      "RequestBody": null,
      "StatusCode": 200,
      "ResponseHeaders": {
        "Access-Control-Allow-Origin": "*",
        "Access-Control-Expose-Headers": "x-ms-client-request-id",
        "Content-Type": "application/xml",
        "Date": "Mon, 04 Dec 2023 20:52:52 GMT",
        "Server": [
          "Windows-Azure-Blob/1.0",
          "Microsoft-HTTPAPI/2.0"
        ],
        "Transfer-Encoding": "chunked",
        "x-ms-client-request-id": "59940941-dd01-4d50-ae76-a49ac2b24427",
        "x-ms-request-id": "619d6350-501e-0041-06f3-26c966000000",
        "x-ms-version": "2024-02-04"
      },
      "ResponseBody": "\uFEFF\u003C?xml version=\u00221.0\u0022 encoding=\u0022utf-8\u0022?\u003E\u003CEnumerationResults ServiceEndpoint=\u0022https://seanmcccanada.blob.core.windows.net/\u0022 ContainerName=\u0022f409fcd70listblobshierrehydratepriorityec707827e6cbd9cf\u0022\u003E\u003CDelimiter\u003E/\u003C/Delimiter\u003E\u003CBlobs\u003E\u003CBlob\u003E\u003CName\u003Ef409fcd71listblobshierrehydratepriorityec7043871a765209\u003C/Name\u003E\u003CVersionId\u003E2023-12-04T20:52:53.1793852Z\u003C/VersionId\u003E\u003CIsCurrentVersion\u003Etrue\u003C/IsCurrentVersion\u003E\u003CProperties\u003E\u003CCreation-Time\u003EMon, 04 Dec 2023 20:52:53 GMT\u003C/Creation-Time\u003E\u003CLast-Modified\u003EMon, 04 Dec 2023 20:52:53 GMT\u003C/Last-Modified\u003E\u003CEtag\u003E0x8DBF50AFC249FBC\u003C/Etag\u003E\u003CContent-Length\u003E7\u003C/Content-Length\u003E\u003CContent-Type\u003Eapplication/octet-stream\u003C/Content-Type\u003E\u003CContent-Encoding /\u003E\u003CContent-Language /\u003E\u003CContent-CRC64 /\u003E\u003CContent-MD5\u003Ewh\u002BWm18D0z1D4E\u002BPE252gg==\u003C/Content-MD5\u003E\u003CCache-Control /\u003E\u003CContent-Disposition /\u003E\u003CLastAccessTime\u003EMon, 04 Dec 2023 20:52:53 GMT\u003C/LastAccessTime\u003E\u003CBlobType\u003EBlockBlob\u003C/BlobType\u003E\u003CAccessTier\u003EArchive\u003C/AccessTier\u003E\u003CArchiveStatus\u003Erehydrate-pending-to-hot\u003C/ArchiveStatus\u003E\u003CRehydratePriority\u003EStandard\u003C/RehydratePriority\u003E\u003CAccessTierChangeTime\u003EMon, 04 Dec 2023 20:52:53 GMT\u003C/AccessTierChangeTime\u003E\u003CLeaseStatus\u003Eunlocked\u003C/LeaseStatus\u003E\u003CLeaseState\u003Eavailable\u003C/LeaseState\u003E\u003CServerEncrypted\u003Etrue\u003C/ServerEncrypted\u003E\u003C/Properties\u003E\u003COrMetadata /\u003E\u003C/Blob\u003E\u003C/Blobs\u003E\u003CNextMarker /\u003E\u003C/EnumerationResults\u003E"
    }
  ],
  "Variables": {
    "0": "f409fcd70listblobshierrehydratepriorityec707827e6cbd9cf",
    "1": "f409fcd718757e60",
    "2": "f409fcd7853877f2",
    "3": "f409fcd71listblobshierrehydratepriorityec7043871a765209"
  }
}
