{
  "Entries": [
    {
      "RequestUri": "https://REDACTED/807d2f850setmetadatamin87309016b8b6db2ac48048bb?restype=container",
      "RequestMethod": "PUT",
      "RequestHeaders": {
        "Accept": "application/xml",
        "Authorization": "Sanitized",
        "Content-Length": "0",
        "Date": "Thu, 12 Oct 2023 13:50:44 GMT",
        "User-Agent": "azsdk-java-azure-storage-blob/12.25.0-beta.1 (17.0.8.1; Windows 11; 10.0)",
        "x-ms-client-request-id": "cb7bf435-24ab-484a-80b9-d11d2812419f",
        "x-ms-version": "2023-08-03"
      },
      "RequestBody": null,
      "StatusCode": 201,
      "ResponseHeaders": {
        "Content-Length": "0",
        "Date": "Thu, 12 Oct 2023 13:50:43 GMT",
        "ETag": "\u00220x8DBCB2A3B1D943D\u0022",
        "Last-Modified": "Thu, 12 Oct 2023 13:50:44 GMT",
        "Server": [
          "Windows-Azure-Blob/1.0",
          "Microsoft-HTTPAPI/2.0"
        ],
        "x-ms-client-request-id": "cb7bf435-24ab-484a-80b9-d11d2812419f",
        "x-ms-request-id": "343fd8ab-e01e-0041-1513-fd9255000000",
        "x-ms-version": "2023-08-03"
      },
      "ResponseBody": null
    },
    {
      "RequestUri": "https://REDACTED/807d2f850setmetadatamin87309016b8b6db2ac48048bb?restype=container\u0026comp=metadata",
      "RequestMethod": "PUT",
      "RequestHeaders": {
        "Accept": "application/xml",
        "Authorization": "Sanitized",
        "Content-Length": "0",
        "Date": "Thu, 12 Oct 2023 13:50:44 GMT",
        "User-Agent": "azsdk-java-azure-storage-blob/12.25.0-beta.1 (17.0.8.1; Windows 11; 10.0)",
        "x-ms-client-request-id": "9d58dbb7-fc47-4a49-a1b9-37518936bf57",
        "x-ms-meta-foo": "bar",
        "x-ms-version": "2023-08-03"
      },
      "RequestBody": null,
      "StatusCode": 200,
      "ResponseHeaders": {
        "Content-Length": "0",
        "Date": "Thu, 12 Oct 2023 13:50:43 GMT",
        "ETag": "\u00220x8DBCB2A3B20E002\u0022",
        "Last-Modified": "Thu, 12 Oct 2023 13:50:44 GMT",
        "Server": [
          "Windows-Azure-Blob/1.0",
          "Microsoft-HTTPAPI/2.0"
        ],
        "x-ms-client-request-id": "9d58dbb7-fc47-4a49-a1b9-37518936bf57",
        "x-ms-request-id": "343fd8cc-e01e-0041-3313-fd9255000000",
        "x-ms-version": "2023-08-03"
      },
      "ResponseBody": null
    },
    {
      "RequestUri": "https://REDACTED/807d2f850setmetadatamin87309016b8b6db2ac48048bb?restype=container",
      "RequestMethod": "GET",
      "RequestHeaders": {
        "Accept": "application/xml",
        "Authorization": "Sanitized",
        "Content-Length": "0",
        "Date": "Thu, 12 Oct 2023 13:50:44 GMT",
        "User-Agent": "azsdk-java-azure-storage-blob/12.25.0-beta.1 (17.0.8.1; Windows 11; 10.0)",
        "x-ms-client-request-id": "0acab50a-ecaa-4dc5-8acc-232ee41176bb",
        "x-ms-version": "2023-08-03"
      },
      "RequestBody": null,
      "StatusCode": 200,
      "ResponseHeaders": {
        "Access-Control-Allow-Origin": "*",
        "Access-Control-Expose-Headers": "x-ms-client-request-id",
        "Content-Length": "0",
        "Date": "Thu, 12 Oct 2023 13:50:43 GMT",
        "ETag": "\u00220x8DBCB2A3B20E002\u0022",
        "Last-Modified": "Thu, 12 Oct 2023 13:50:44 GMT",
        "Server": [
          "Windows-Azure-Blob/1.0",
          "Microsoft-HTTPAPI/2.0"
        ],
        "x-ms-client-request-id": "0acab50a-ecaa-4dc5-8acc-232ee41176bb",
        "x-ms-default-encryption-scope": "$account-encryption-key",
        "x-ms-deny-encryption-scope-override": "false",
        "x-ms-has-immutability-policy": "false",
        "x-ms-has-legal-hold": "false",
        "x-ms-immutable-storage-with-versioning-enabled": "false",
        "x-ms-lease-state": "available",
        "x-ms-lease-status": "unlocked",
        "x-ms-meta-foo": "bar",
        "x-ms-request-id": "343fd8e2-e01e-0041-4613-fd9255000000",
        "x-ms-version": "2023-08-03"
      },
      "ResponseBody": null
    }
  ],
  "Variables": {
    "0": "807d2f850setmetadatamin87309016b8b6db2ac48048bb",
    "1": "807d2f8592251164",
    "2": "807d2f85762016a3"
  }
}
