{
  "Entries": [
    {
      "RequestUri": "https://REDACTED/52db41cc0listblobshieroptionsmaxresultsbypage1f986328de564?restype=container",
      "RequestMethod": "PUT",
      "RequestHeaders": {
        "Accept": "application/xml",
        "Authorization": "Sanitized",
        "Content-Length": "0",
        "Date": "Mon, 08 Jan 2024 19:43:16 GMT",
        "User-Agent": "azsdk-java-azure-storage-blob/12.26.0-beta.1 (17.0.8; Windows 11; 10.0)",
        "x-ms-client-request-id": "54835e74-b791-45a5-b058-be72ba076b98",
        "x-ms-version": "2024-02-04"
      },
      "RequestBody": null,
      "StatusCode": 201,
      "ResponseHeaders": {
        "Content-Length": "0",
        "Date": "Mon, 08 Jan 2024 19:43:26 GMT",
        "ETag": "\u00220x8DC1082158ABE7C\u0022",
        "Last-Modified": "Mon, 08 Jan 2024 19:43:27 GMT",
        "Server": [
          "Windows-Azure-Blob/1.0",
          "Microsoft-HTTPAPI/2.0"
        ],
        "x-ms-client-request-id": "54835e74-b791-45a5-b058-be72ba076b98",
        "x-ms-request-id": "2c61f0a2-d01e-0086-3f6a-425bdf000000",
        "x-ms-version": "2024-02-04"
      },
      "ResponseBody": null
    },
    {
      "RequestUri": "https://REDACTED/52db41cc0listblobshieroptionsmaxresultsbypage1f986328de564?restype=container",
      "RequestMethod": "PUT",
      "RequestHeaders": {
        "Accept": "application/xml",
        "Authorization": "Sanitized",
        "Content-Length": "0",
        "Date": "Mon, 08 Jan 2024 19:43:16 GMT",
        "User-Agent": "azsdk-java-azure-storage-blob/12.26.0-beta.1 (17.0.8; Windows 11; 10.0)",
        "x-ms-client-request-id": "c3406256-9418-4bf2-b98b-39465090af4c",
        "x-ms-version": "2024-02-04"
      },
      "RequestBody": null,
      "StatusCode": 409,
      "ResponseHeaders": {
        "Content-Length": "230",
        "Content-Type": "application/xml",
        "Date": "Mon, 08 Jan 2024 19:43:27 GMT",
        "Server": [
          "Windows-Azure-Blob/1.0",
          "Microsoft-HTTPAPI/2.0"
        ],
        "x-ms-client-request-id": "c3406256-9418-4bf2-b98b-39465090af4c",
        "x-ms-error-code": "ContainerAlreadyExists",
        "x-ms-request-id": "2c61f186-d01e-0086-0c6a-425bdf000000",
        "x-ms-version": "2024-02-04"
      },
      "ResponseBody": [
        "\uFEFF\u003C?xml version=\u00221.0\u0022 encoding=\u0022utf-8\u0022?\u003E\u003CError\u003E\u003CCode\u003EContainerAlreadyExists\u003C/Code\u003E\u003CMessage\u003EThe specified container already exists.\n",
        "RequestId:2c61f186-d01e-0086-0c6a-425bdf000000\n",
        "Time:2024-01-08T19:43:27.4064343Z\u003C/Message\u003E\u003C/Error\u003E"
      ]
    },
    {
      "RequestUri": "https://REDACTED/52db41cc0listblobshieroptionsmaxresultsbypage1f986328de564/a52db41cc1listblobshieroptionsmaxresultsbypage1f941839ec42a",
      "RequestMethod": "PUT",
      "RequestHeaders": {
        "Accept": "application/xml",
        "Authorization": "Sanitized",
        "Content-Length": "0",
        "Date": "Mon, 08 Jan 2024 19:43:16 GMT",
        "If-None-Match": "*",
        "User-Agent": "azsdk-java-azure-storage-blob/12.26.0-beta.1 (17.0.8; Windows 11; 10.0)",
        "x-ms-blob-content-length": "512",
        "x-ms-blob-type": "PageBlob",
        "x-ms-client-request-id": "a1b2d3f5-b60e-4b49-a8d0-d2b4eb38a100",
        "x-ms-version": "2024-02-04"
      },
      "RequestBody": null,
      "StatusCode": 201,
      "ResponseHeaders": {
        "Content-Length": "0",
        "Date": "Mon, 08 Jan 2024 19:43:27 GMT",
        "ETag": "\u00220x8DC108215AC2253\u0022",
        "Last-Modified": "Mon, 08 Jan 2024 19:43:27 GMT",
        "Server": [
          "Windows-Azure-Blob/1.0",
          "Microsoft-HTTPAPI/2.0"
        ],
        "x-ms-client-request-id": "a1b2d3f5-b60e-4b49-a8d0-d2b4eb38a100",
        "x-ms-request-id": "2c61f241-d01e-0086-386a-425bdf000000",
        "x-ms-request-server-encrypted": "true",
        "x-ms-version": "2024-02-04"
      },
      "ResponseBody": null
    },
    {
      "RequestUri": "https://REDACTED/52db41cc0listblobshieroptionsmaxresultsbypage1f986328de564/c52db41cc2listblobshieroptionsmaxresultsbypage1f9749148e174",
      "RequestMethod": "PUT",
      "RequestHeaders": {
        "Accept": "application/xml",
        "Authorization": "Sanitized",
        "Content-Length": "0",
        "Date": "Mon, 08 Jan 2024 19:43:16 GMT",
        "User-Agent": "azsdk-java-azure-storage-blob/12.26.0-beta.1 (17.0.8; Windows 11; 10.0)",
        "x-ms-client-request-id": "ee554318-ea02-468a-b0af-adcb103edea3",
        "x-ms-copy-source": "https://REDACTED/52db41cc0listblobshieroptionsmaxresultsbypage1f986328de564/a52db41cc1listblobshieroptionsmaxresultsbypage1f941839ec42a",
        "x-ms-version": "2024-02-04"
      },
      "RequestBody": null,
      "StatusCode": 202,
      "ResponseHeaders": {
        "Content-Length": "0",
        "Date": "Mon, 08 Jan 2024 19:43:27 GMT",
        "ETag": "\u00220x8DC108215C2DB48\u0022",
        "Last-Modified": "Mon, 08 Jan 2024 19:43:27 GMT",
        "Server": [
          "Windows-Azure-Blob/1.0",
          "Microsoft-HTTPAPI/2.0"
        ],
        "x-ms-client-request-id": "ee554318-ea02-468a-b0af-adcb103edea3",
        "x-ms-copy-id": "0162659e-e4cc-4d1c-9d6b-47e2ff2deca0",
        "x-ms-copy-status": "success",
        "x-ms-request-id": "2c61f325-d01e-0086-136a-425bdf000000",
        "x-ms-version": "2024-02-04"
      },
      "ResponseBody": null
    },
    {
      "RequestUri": "https://REDACTED/52db41cc0listblobshieroptionsmaxresultsbypage1f986328de564/c52db41cc2listblobshieroptionsmaxresultsbypage1f9749148e174",
      "RequestMethod": "HEAD",
      "RequestHeaders": {
        "Accept": "application/xml",
        "Authorization": "Sanitized",
        "Content-Length": "0",
        "Date": "Mon, 08 Jan 2024 19:43:17 GMT",
        "User-Agent": "azsdk-java-azure-storage-blob/12.26.0-beta.1 (17.0.8; Windows 11; 10.0)",
        "x-ms-client-request-id": "924c68f1-d5c2-4119-86d3-1356a4491ee6",
        "x-ms-version": "2024-02-04"
      },
      "RequestBody": null,
      "StatusCode": 200,
      "ResponseHeaders": {
        "Accept-Ranges": "bytes",
        "Content-Length": "512",
        "Content-Type": "application/octet-stream",
        "Date": "Mon, 08 Jan 2024 19:43:28 GMT",
        "ETag": "\u00220x8DC108215C2DB48\u0022",
        "Last-Modified": "Mon, 08 Jan 2024 19:43:27 GMT",
        "Server": [
          "Windows-Azure-Blob/1.0",
          "Microsoft-HTTPAPI/2.0"
        ],
        "x-ms-blob-sequence-number": "0",
        "x-ms-blob-type": "PageBlob",
        "x-ms-client-request-id": "924c68f1-d5c2-4119-86d3-1356a4491ee6",
        "x-ms-copy-completion-time": "Mon, 08 Jan 2024 19:43:27 GMT",
        "x-ms-copy-id": "0162659e-e4cc-4d1c-9d6b-47e2ff2deca0",
        "x-ms-copy-progress": "512/512",
        "x-ms-copy-source": "https://REDACTED/52db41cc0listblobshieroptionsmaxresultsbypage1f986328de564/a52db41cc1listblobshieroptionsmaxresultsbypage1f941839ec42a",
        "x-ms-copy-status": "success",
        "x-ms-creation-time": "Mon, 08 Jan 2024 19:43:27 GMT",
        "x-ms-lease-state": "available",
        "x-ms-lease-status": "unlocked",
        "x-ms-request-id": "f4a377cc-b01e-0006-0a6a-42a4d9000000",
        "x-ms-server-encrypted": "true",
        "x-ms-version": "2024-02-04"
      },
      "ResponseBody": null
    },
    {
      "RequestUri": "https://REDACTED/52db41cc0listblobshieroptionsmaxresultsbypage1f986328de564/m52db41cc3listblobshieroptionsmaxresultsbypage1f947311932e5",
      "RequestMethod": "PUT",
      "RequestHeaders": {
        "Accept": "application/xml",
        "Authorization": "Sanitized",
        "Content-Length": "0",
        "Date": "Mon, 08 Jan 2024 19:43:18 GMT",
        "User-Agent": "azsdk-java-azure-storage-blob/12.26.0-beta.1 (17.0.8; Windows 11; 10.0)",
        "x-ms-blob-content-length": "512",
        "x-ms-blob-type": "PageBlob",
        "x-ms-client-request-id": "5de72c34-dd0b-4269-9cb7-f4894bb02e89",
        "x-ms-meta-foo": "bar",
        "x-ms-version": "2024-02-04"
      },
      "RequestBody": null,
      "StatusCode": 201,
      "ResponseHeaders": {
        "Content-Length": "0",
        "Date": "Mon, 08 Jan 2024 19:43:28 GMT",
        "ETag": "\u00220x8DC1082167E9559\u0022",
        "Last-Modified": "Mon, 08 Jan 2024 19:43:28 GMT",
        "Server": [
          "Windows-Azure-Blob/1.0",
          "Microsoft-HTTPAPI/2.0"
        ],
        "x-ms-client-request-id": "5de72c34-dd0b-4269-9cb7-f4894bb02e89",
        "x-ms-request-id": "f4a37840-b01e-0006-716a-42a4d9000000",
        "x-ms-request-server-encrypted": "true",
        "x-ms-version": "2024-02-04"
      },
      "ResponseBody": null
    },
    {
      "RequestUri": "https://REDACTED/52db41cc0listblobshieroptionsmaxresultsbypage1f986328de564/t52db41cc4listblobshieroptionsmaxresultsbypage1f927867ccb52",
      "RequestMethod": "PUT",
      "RequestHeaders": {
        "Accept": "application/xml",
        "Authorization": "Sanitized",
        "Content-Length": "0",
        "Date": "Mon, 08 Jan 2024 19:43:18 GMT",
        "User-Agent": "azsdk-java-azure-storage-blob/12.26.0-beta.1 (17.0.8; Windows 11; 10.0)",
        "x-ms-blob-content-length": "512",
        "x-ms-blob-type": "PageBlob",
        "x-ms-client-request-id": "5d132092-4bed-4ac2-873b-6d754e57a66e",
        "x-ms-tags": "52db41cc81435056=52db41cc504471d4",
        "x-ms-version": "2024-02-04"
      },
      "RequestBody": null,
      "StatusCode": 201,
      "ResponseHeaders": {
        "Content-Length": "0",
        "Date": "Mon, 08 Jan 2024 19:43:28 GMT",
        "ETag": "\u00220x8DC1082168EE6A2\u0022",
        "Last-Modified": "Mon, 08 Jan 2024 19:43:29 GMT",
        "Server": [
          "Windows-Azure-Blob/1.0",
          "Microsoft-HTTPAPI/2.0"
        ],
        "x-ms-client-request-id": "5d132092-4bed-4ac2-873b-6d754e57a66e",
        "x-ms-request-id": "f4a378a7-b01e-0006-526a-42a4d9000000",
        "x-ms-request-server-encrypted": "true",
        "x-ms-version": "2024-02-04"
      },
      "ResponseBody": null
    },
    {
      "RequestUri": "https://REDACTED/52db41cc0listblobshieroptionsmaxresultsbypage1f986328de564/u52db41cc5listblobshieroptionsmaxresultsbypage1f963737dfcea?comp=block\u0026blockid=NGNmNjFhY2QtYWFjMC00MGEwLWJiZTgtZTFlZmJiMjA2ZjA0",
      "RequestMethod": "PUT",
      "RequestHeaders": {
        "Accept": "application/xml",
        "Authorization": "Sanitized",
        "Content-Length": "7",
        "Content-Type": "application/octet-stream",
        "Date": "Mon, 08 Jan 2024 19:43:18 GMT",
        "User-Agent": "azsdk-java-azure-storage-blob/12.26.0-beta.1 (17.0.8; Windows 11; 10.0)",
        "x-ms-client-request-id": "0ae4916b-d2fb-45c8-b30d-c0b7d06cc39c",
        "x-ms-version": "2024-02-04"
      },
      "RequestBody": "ZGVmYXVsdA==",
      "StatusCode": 201,
      "ResponseHeaders": {
        "Content-Length": "0",
        "Date": "Mon, 08 Jan 2024 19:43:28 GMT",
        "Server": [
          "Windows-Azure-Blob/1.0",
          "Microsoft-HTTPAPI/2.0"
        ],
        "x-ms-client-request-id": "0ae4916b-d2fb-45c8-b30d-c0b7d06cc39c",
        "x-ms-content-crc64": "6RYQPwaVsyQ=",
        "x-ms-request-id": "f4a37926-b01e-0006-436a-42a4d9000000",
        "x-ms-request-server-encrypted": "true",
        "x-ms-version": "2024-02-04"
      },
      "ResponseBody": null
    },
    {
      "RequestUri": "https://REDACTED/52db41cc0listblobshieroptionsmaxresultsbypage1f986328de564/a52db41cc1listblobshieroptionsmaxresultsbypage1f941839ec42a?comp=snapshot",
      "RequestMethod": "PUT",
      "RequestHeaders": {
        "Accept": "application/xml",
        "Authorization": "Sanitized",
        "Content-Length": "0",
        "Date": "Mon, 08 Jan 2024 19:43:18 GMT",
        "User-Agent": "azsdk-java-azure-storage-blob/12.26.0-beta.1 (17.0.8; Windows 11; 10.0)",
        "x-ms-client-request-id": "3d9960f9-8004-41c7-8306-41d11115c955",
        "x-ms-version": "2024-02-04"
      },
      "RequestBody": null,
      "StatusCode": 201,
      "ResponseHeaders": {
        "Content-Length": "0",
        "Date": "Mon, 08 Jan 2024 19:43:29 GMT",
        "ETag": "\u00220x8DC108215AC2253\u0022",
        "Last-Modified": "Mon, 08 Jan 2024 19:43:27 GMT",
        "Server": [
          "Windows-Azure-Blob/1.0",
          "Microsoft-HTTPAPI/2.0"
        ],
        "x-ms-client-request-id": "3d9960f9-8004-41c7-8306-41d11115c955",
        "x-ms-request-id": "f4a379a3-b01e-0006-346a-42a4d9000000",
        "x-ms-request-server-encrypted": "false",
        "x-ms-snapshot": "2024-01-08T19:43:29.2193360Z",
        "x-ms-version": "2024-02-04"
      },
      "ResponseBody": null
    },
    {
      "RequestUri": "https://REDACTED/52db41cc0listblobshieroptionsmaxresultsbypage1f986328de564?restype=container\u0026comp=list\u0026delimiter=\u0026maxresults=1\u0026include=copy%2Cuncommittedblobs",
      "RequestMethod": "GET",
      "RequestHeaders": {
        "Accept": "application/xml",
        "Authorization": "Sanitized",
        "Content-Length": "0",
        "Date": "Mon, 08 Jan 2024 19:43:18 GMT",
        "User-Agent": "azsdk-java-azure-storage-blob/12.26.0-beta.1 (17.0.8; Windows 11; 10.0)",
        "x-ms-client-request-id": "11b058e4-2440-4fa5-9768-db70bcaa37d6",
        "x-ms-version": "2024-02-04"
      },
      "RequestBody": null,
      "StatusCode": 200,
      "ResponseHeaders": {
        "Content-Type": "application/xml",
        "Date": "Mon, 08 Jan 2024 19:43:29 GMT",
        "Server": [
          "Windows-Azure-Blob/1.0",
          "Microsoft-HTTPAPI/2.0"
        ],
        "Transfer-Encoding": "chunked",
        "x-ms-client-request-id": "11b058e4-2440-4fa5-9768-db70bcaa37d6",
        "x-ms-request-id": "f4a37acf-b01e-0006-546a-42a4d9000000",
        "x-ms-version": "2024-02-04"
      },
      "ResponseBody": "\uFEFF\u003C?xml version=\u00221.0\u0022 encoding=\u0022utf-8\u0022?\u003E\u003CEnumerationResults ServiceEndpoint=\u0022https://ibrandesstorage.blob.core.windows.net/\u0022 ContainerName=\u002252db41cc0listblobshieroptionsmaxresultsbypage1f986328de564\u0022\u003E\u003CMaxResults\u003E1\u003C/MaxResults\u003E\u003CBlobs\u003E\u003CBlob\u003E\u003CName\u003Ea52db41cc1listblobshieroptionsmaxresultsbypage1f941839ec42a\u003C/Name\u003E\u003CProperties\u003E\u003CCreation-Time\u003EMon, 08 Jan 2024 19:43:27 GMT\u003C/Creation-Time\u003E\u003CLast-Modified\u003EMon, 08 Jan 2024 19:43:27 GMT\u003C/Last-Modified\u003E\u003CEtag\u003E0x8DC108215AC2253\u003C/Etag\u003E\u003CContent-Length\u003E512\u003C/Content-Length\u003E\u003CContent-Type\u003Eapplication/octet-stream\u003C/Content-Type\u003E\u003CContent-Encoding /\u003E\u003CContent-Language /\u003E\u003CContent-CRC64 /\u003E\u003CContent-MD5 /\u003E\u003CCache-Control /\u003E\u003CContent-Disposition /\u003E\u003Cx-ms-blob-sequence-number\u003E0\u003C/x-ms-blob-sequence-number\u003E\u003CBlobType\u003EPageBlob\u003C/BlobType\u003E\u003CLeaseStatus\u003Eunlocked\u003C/LeaseStatus\u003E\u003CLeaseState\u003Eavailable\u003C/LeaseState\u003E\u003CServerEncrypted\u003Etrue\u003C/ServerEncrypted\u003E\u003C/Properties\u003E\u003COrMetadata /\u003E\u003C/Blob\u003E\u003C/Blobs\u003E\u003CNextMarker\u003E2!140!MDAwMDU5IWM1MmRiNDFjYzJsaXN0YmxvYnNoaWVyb3B0aW9uc21heHJlc3VsdHNieXBhZ2UxZjk3NDkxNDhlMTc0ITAwMDAyOCE5OTk5LTEyLTMxVDIzOjU5OjU5Ljk5OTk5OTlaIQ--\u003C/NextMarker\u003E\u003C/EnumerationResults\u003E"
    },
    {
      "RequestUri": "https://REDACTED/52db41cc0listblobshieroptionsmaxresultsbypage1f986328de564?restype=container\u0026comp=list\u0026delimiter=\u0026marker=2%21140%21MDAwMDU5IWM1MmRiNDFjYzJsaXN0YmxvYnNoaWVyb3B0aW9uc21heHJlc3VsdHNieXBhZ2UxZjk3NDkxNDhlMTc0ITAwMDAyOCE5OTk5LTEyLTMxVDIzOjU5OjU5Ljk5OTk5OTlaIQ--\u0026maxresults=1\u0026include=copy%2Cuncommittedblobs",
      "RequestMethod": "GET",
      "RequestHeaders": {
        "Accept": "application/xml",
        "Authorization": "Sanitized",
        "Content-Length": "0",
        "Date": "Mon, 08 Jan 2024 19:43:18 GMT",
        "User-Agent": "azsdk-java-azure-storage-blob/12.26.0-beta.1 (17.0.8; Windows 11; 10.0)",
        "x-ms-client-request-id": "839b9a09-edb7-4cda-a683-9ca6d2041dee",
        "x-ms-version": "2024-02-04"
      },
      "RequestBody": null,
      "StatusCode": 200,
      "ResponseHeaders": {
        "Content-Type": "application/xml",
        "Date": "Mon, 08 Jan 2024 19:43:29 GMT",
        "Server": [
          "Windows-Azure-Blob/1.0",
          "Microsoft-HTTPAPI/2.0"
        ],
        "Transfer-Encoding": "chunked",
        "x-ms-client-request-id": "839b9a09-edb7-4cda-a683-9ca6d2041dee",
        "x-ms-request-id": "f4a37b4c-b01e-0006-496a-42a4d9000000",
        "x-ms-version": "2024-02-04"
      },
      "ResponseBody": "\uFEFF\u003C?xml version=\u00221.0\u0022 encoding=\u0022utf-8\u0022?\u003E\u003CEnumerationResults ServiceEndpoint=\u0022https://ibrandesstorage.blob.core.windows.net/\u0022 ContainerName=\u002252db41cc0listblobshieroptionsmaxresultsbypage1f986328de564\u0022\u003E\u003CMarker\u003E2!140!MDAwMDU5IWM1MmRiNDFjYzJsaXN0YmxvYnNoaWVyb3B0aW9uc21heHJlc3VsdHNieXBhZ2UxZjk3NDkxNDhlMTc0ITAwMDAyOCE5OTk5LTEyLTMxVDIzOjU5OjU5Ljk5OTk5OTlaIQ--\u003C/Marker\u003E\u003CMaxResults\u003E1\u003C/MaxResults\u003E\u003CBlobs\u003E\u003CBlob\u003E\u003CName\u003Ec52db41cc2listblobshieroptionsmaxresultsbypage1f9749148e174\u003C/Name\u003E\u003CProperties\u003E\u003CCreation-Time\u003EMon, 08 Jan 2024 19:43:27 GMT\u003C/Creation-Time\u003E\u003CLast-Modified\u003EMon, 08 Jan 2024 19:43:27 GMT\u003C/Last-Modified\u003E\u003CEtag\u003E0x8DC108215C2DB48\u003C/Etag\u003E\u003CContent-Length\u003E512\u003C/Content-Length\u003E\u003CContent-Type\u003Eapplication/octet-stream\u003C/Content-Type\u003E\u003CContent-Encoding /\u003E\u003CContent-Language /\u003E\u003CContent-CRC64 /\u003E\u003CContent-MD5 /\u003E\u003CCache-Control /\u003E\u003CContent-Disposition /\u003E\u003Cx-ms-blob-sequence-number\u003E0\u003C/x-ms-blob-sequence-number\u003E\u003CBlobType\u003EPageBlob\u003C/BlobType\u003E\u003CLeaseStatus\u003Eunlocked\u003C/LeaseStatus\u003E\u003CLeaseState\u003Eavailable\u003C/LeaseState\u003E\u003CCopyId\u003E0162659e-e4cc-4d1c-9d6b-47e2ff2deca0\u003C/CopyId\u003E\u003CCopySource\u003Ehttps://ibrandesstorage.blob.core.windows.net/52db41cc0listblobshieroptionsmaxresultsbypage1f986328de564/a52db41cc1listblobshieroptionsmaxresultsbypage1f941839ec42a\u003C/CopySource\u003E\u003CCopyStatus\u003Esuccess\u003C/CopyStatus\u003E\u003CCopyProgress\u003E512/512\u003C/CopyProgress\u003E\u003CCopyCompletionTime\u003EMon, 08 Jan 2024 19:43:27 GMT\u003C/CopyCompletionTime\u003E\u003CServerEncrypted\u003Etrue\u003C/ServerEncrypted\u003E\u003C/Properties\u003E\u003COrMetadata /\u003E\u003C/Blob\u003E\u003C/Blobs\u003E\u003CNextMarker\u003E2!140!MDAwMDU5IW01MmRiNDFjYzNsaXN0YmxvYnNoaWVyb3B0aW9uc21heHJlc3VsdHNieXBhZ2UxZjk0NzMxMTkzMmU1ITAwMDAyOCE5OTk5LTEyLTMxVDIzOjU5OjU5Ljk5OTk5OTlaIQ--\u003C/NextMarker\u003E\u003C/EnumerationResults\u003E"
    },
    {
      "RequestUri": "https://REDACTED/52db41cc0listblobshieroptionsmaxresultsbypage1f986328de564?restype=container\u0026comp=list\u0026delimiter=\u0026marker=2%21140%21MDAwMDU5IW01MmRiNDFjYzNsaXN0YmxvYnNoaWVyb3B0aW9uc21heHJlc3VsdHNieXBhZ2UxZjk0NzMxMTkzMmU1ITAwMDAyOCE5OTk5LTEyLTMxVDIzOjU5OjU5Ljk5OTk5OTlaIQ--\u0026maxresults=1\u0026include=copy%2Cuncommittedblobs",
      "RequestMethod": "GET",
      "RequestHeaders": {
        "Accept": "application/xml",
        "Authorization": "Sanitized",
        "Content-Length": "0",
        "Date": "Mon, 08 Jan 2024 19:43:18 GMT",
        "User-Agent": "azsdk-java-azure-storage-blob/12.26.0-beta.1 (17.0.8; Windows 11; 10.0)",
        "x-ms-client-request-id": "95bab861-1577-487a-9dad-eaded350a750",
        "x-ms-version": "2024-02-04"
      },
      "RequestBody": null,
      "StatusCode": 200,
      "ResponseHeaders": {
        "Content-Type": "application/xml",
        "Date": "Mon, 08 Jan 2024 19:43:29 GMT",
        "Server": [
          "Windows-Azure-Blob/1.0",
          "Microsoft-HTTPAPI/2.0"
        ],
        "Transfer-Encoding": "chunked",
        "x-ms-client-request-id": "95bab861-1577-487a-9dad-eaded350a750",
        "x-ms-request-id": "f4a37bc9-b01e-0006-3c6a-42a4d9000000",
        "x-ms-version": "2024-02-04"
      },
      "ResponseBody": "\uFEFF\u003C?xml version=\u00221.0\u0022 encoding=\u0022utf-8\u0022?\u003E\u003CEnumerationResults ServiceEndpoint=\u0022https://ibrandesstorage.blob.core.windows.net/\u0022 ContainerName=\u002252db41cc0listblobshieroptionsmaxresultsbypage1f986328de564\u0022\u003E\u003CMarker\u003E2!140!MDAwMDU5IW01MmRiNDFjYzNsaXN0YmxvYnNoaWVyb3B0aW9uc21heHJlc3VsdHNieXBhZ2UxZjk0NzMxMTkzMmU1ITAwMDAyOCE5OTk5LTEyLTMxVDIzOjU5OjU5Ljk5OTk5OTlaIQ--\u003C/Marker\u003E\u003CMaxResults\u003E1\u003C/MaxResults\u003E\u003CBlobs\u003E\u003CBlob\u003E\u003CName\u003Em52db41cc3listblobshieroptionsmaxresultsbypage1f947311932e5\u003C/Name\u003E\u003CProperties\u003E\u003CCreation-Time\u003EMon, 08 Jan 2024 19:43:28 GMT\u003C/Creation-Time\u003E\u003CLast-Modified\u003EMon, 08 Jan 2024 19:43:28 GMT\u003C/Last-Modified\u003E\u003CEtag\u003E0x8DC1082167E9559\u003C/Etag\u003E\u003CContent-Length\u003E512\u003C/Content-Length\u003E\u003CContent-Type\u003Eapplication/octet-stream\u003C/Content-Type\u003E\u003CContent-Encoding /\u003E\u003CContent-Language /\u003E\u003CContent-CRC64 /\u003E\u003CContent-MD5 /\u003E\u003CCache-Control /\u003E\u003CContent-Disposition /\u003E\u003Cx-ms-blob-sequence-number\u003E0\u003C/x-ms-blob-sequence-number\u003E\u003CBlobType\u003EPageBlob\u003C/BlobType\u003E\u003CLeaseStatus\u003Eunlocked\u003C/LeaseStatus\u003E\u003CLeaseState\u003Eavailable\u003C/LeaseState\u003E\u003CServerEncrypted\u003Etrue\u003C/ServerEncrypted\u003E\u003C/Properties\u003E\u003COrMetadata /\u003E\u003C/Blob\u003E\u003C/Blobs\u003E\u003CNextMarker\u003E2!140!MDAwMDU5IXQ1MmRiNDFjYzRsaXN0YmxvYnNoaWVyb3B0aW9uc21heHJlc3VsdHNieXBhZ2UxZjkyNzg2N2NjYjUyITAwMDAyOCE5OTk5LTEyLTMxVDIzOjU5OjU5Ljk5OTk5OTlaIQ--\u003C/NextMarker\u003E\u003C/EnumerationResults\u003E"
    },
    {
      "RequestUri": "https://REDACTED/52db41cc0listblobshieroptionsmaxresultsbypage1f986328de564?restype=container\u0026comp=list\u0026delimiter=\u0026marker=2%21140%21MDAwMDU5IXQ1MmRiNDFjYzRsaXN0YmxvYnNoaWVyb3B0aW9uc21heHJlc3VsdHNieXBhZ2UxZjkyNzg2N2NjYjUyITAwMDAyOCE5OTk5LTEyLTMxVDIzOjU5OjU5Ljk5OTk5OTlaIQ--\u0026maxresults=1\u0026include=copy%2Cuncommittedblobs",
      "RequestMethod": "GET",
      "RequestHeaders": {
        "Accept": "application/xml",
        "Authorization": "Sanitized",
        "Content-Length": "0",
        "Date": "Mon, 08 Jan 2024 19:43:18 GMT",
        "User-Agent": "azsdk-java-azure-storage-blob/12.26.0-beta.1 (17.0.8; Windows 11; 10.0)",
        "x-ms-client-request-id": "af00d14c-ea3f-4200-889c-760f57aeeea4",
        "x-ms-version": "2024-02-04"
      },
      "RequestBody": null,
      "StatusCode": 200,
      "ResponseHeaders": {
        "Content-Type": "application/xml",
        "Date": "Mon, 08 Jan 2024 19:43:29 GMT",
        "Server": [
          "Windows-Azure-Blob/1.0",
          "Microsoft-HTTPAPI/2.0"
        ],
        "Transfer-Encoding": "chunked",
        "x-ms-client-request-id": "af00d14c-ea3f-4200-889c-760f57aeeea4",
        "x-ms-request-id": "c641cb61-401e-0012-046a-42ecb6000000",
        "x-ms-version": "2024-02-04"
      },
      "ResponseBody": "\uFEFF\u003C?xml version=\u00221.0\u0022 encoding=\u0022utf-8\u0022?\u003E\u003CEnumerationResults ServiceEndpoint=\u0022https://ibrandesstorage.blob.core.windows.net/\u0022 ContainerName=\u002252db41cc0listblobshieroptionsmaxresultsbypage1f986328de564\u0022\u003E\u003CMarker\u003E2!140!MDAwMDU5IXQ1MmRiNDFjYzRsaXN0YmxvYnNoaWVyb3B0aW9uc21heHJlc3VsdHNieXBhZ2UxZjkyNzg2N2NjYjUyITAwMDAyOCE5OTk5LTEyLTMxVDIzOjU5OjU5Ljk5OTk5OTlaIQ--\u003C/Marker\u003E\u003CMaxResults\u003E1\u003C/MaxResults\u003E\u003CBlobs\u003E\u003CBlob\u003E\u003CName\u003Et52db41cc4listblobshieroptionsmaxresultsbypage1f927867ccb52\u003C/Name\u003E\u003CProperties\u003E\u003CCreation-Time\u003EMon, 08 Jan 2024 19:43:29 GMT\u003C/Creation-Time\u003E\u003CLast-Modified\u003EMon, 08 Jan 2024 19:43:29 GMT\u003C/Last-Modified\u003E\u003CEtag\u003E0x8DC1082168EE6A2\u003C/Etag\u003E\u003CContent-Length\u003E512\u003C/Content-Length\u003E\u003CContent-Type\u003Eapplication/octet-stream\u003C/Content-Type\u003E\u003CContent-Encoding /\u003E\u003CContent-Language /\u003E\u003CContent-CRC64 /\u003E\u003CContent-MD5 /\u003E\u003CCache-Control /\u003E\u003CContent-Disposition /\u003E\u003Cx-ms-blob-sequence-number\u003E0\u003C/x-ms-blob-sequence-number\u003E\u003CBlobType\u003EPageBlob\u003C/BlobType\u003E\u003CLeaseStatus\u003Eunlocked\u003C/LeaseStatus\u003E\u003CLeaseState\u003Eavailable\u003C/LeaseState\u003E\u003CServerEncrypted\u003Etrue\u003C/ServerEncrypted\u003E\u003CTagCount\u003E1\u003C/TagCount\u003E\u003C/Properties\u003E\u003COrMetadata /\u003E\u003C/Blob\u003E\u003C/Blobs\u003E\u003CNextMarker\u003E2!140!MDAwMDU5IXU1MmRiNDFjYzVsaXN0YmxvYnNoaWVyb3B0aW9uc21heHJlc3VsdHNieXBhZ2UxZjk2MzczN2RmY2VhITAwMDAyOCE5OTk5LTEyLTMxVDIzOjU5OjU5Ljk5OTk5OTlaIQ--\u003C/NextMarker\u003E\u003C/EnumerationResults\u003E"
    },
    {
      "RequestUri": "https://REDACTED/52db41cc0listblobshieroptionsmaxresultsbypage1f986328de564?restype=container\u0026comp=list\u0026delimiter=\u0026marker=2%21140%21MDAwMDU5IXU1MmRiNDFjYzVsaXN0YmxvYnNoaWVyb3B0aW9uc21heHJlc3VsdHNieXBhZ2UxZjk2MzczN2RmY2VhITAwMDAyOCE5OTk5LTEyLTMxVDIzOjU5OjU5Ljk5OTk5OTlaIQ--\u0026maxresults=1\u0026include=copy%2Cuncommittedblobs",
      "RequestMethod": "GET",
      "RequestHeaders": {
        "Accept": "application/xml",
        "Authorization": "Sanitized",
        "Content-Length": "0",
        "Date": "Mon, 08 Jan 2024 19:43:19 GMT",
        "User-Agent": "azsdk-java-azure-storage-blob/12.26.0-beta.1 (17.0.8; Windows 11; 10.0)",
        "x-ms-client-request-id": "5c10ed3b-294d-43db-a9e2-c71524e77a98",
        "x-ms-version": "2024-02-04"
      },
      "RequestBody": null,
      "StatusCode": 200,
      "ResponseHeaders": {
        "Content-Type": "application/xml",
        "Date": "Mon, 08 Jan 2024 19:43:29 GMT",
        "Server": [
          "Windows-Azure-Blob/1.0",
          "Microsoft-HTTPAPI/2.0"
        ],
        "Transfer-Encoding": "chunked",
        "x-ms-client-request-id": "5c10ed3b-294d-43db-a9e2-c71524e77a98",
        "x-ms-request-id": "7a567d6b-d01e-0062-036a-425541000000",
        "x-ms-version": "2024-02-04"
      },
      "ResponseBody": "\uFEFF\u003C?xml version=\u00221.0\u0022 encoding=\u0022utf-8\u0022?\u003E\u003CEnumerationResults ServiceEndpoint=\u0022https://ibrandesstorage.blob.core.windows.net/\u0022 ContainerName=\u002252db41cc0listblobshieroptionsmaxresultsbypage1f986328de564\u0022\u003E\u003CMarker\u003E2!140!MDAwMDU5IXU1MmRiNDFjYzVsaXN0YmxvYnNoaWVyb3B0aW9uc21heHJlc3VsdHNieXBhZ2UxZjk2MzczN2RmY2VhITAwMDAyOCE5OTk5LTEyLTMxVDIzOjU5OjU5Ljk5OTk5OTlaIQ--\u003C/Marker\u003E\u003CMaxResults\u003E1\u003C/MaxResults\u003E\u003CBlobs\u003E\u003CBlob\u003E\u003CName\u003Eu52db41cc5listblobshieroptionsmaxresultsbypage1f963737dfcea\u003C/Name\u003E\u003CProperties\u003E\u003CContent-Length\u003E0\u003C/Content-Length\u003E\u003CBlobType\u003EBlockBlob\u003C/BlobType\u003E\u003CAccessTier\u003EHot\u003C/AccessTier\u003E\u003CAccessTierInferred\u003Etrue\u003C/AccessTierInferred\u003E\u003CLeaseStatus\u003Eunlocked\u003C/LeaseStatus\u003E\u003CLeaseState\u003Eavailable\u003C/LeaseState\u003E\u003CServerEncrypted\u003Efalse\u003C/ServerEncrypted\u003E\u003C/Properties\u003E\u003COrMetadata /\u003E\u003C/Blob\u003E\u003C/Blobs\u003E\u003CNextMarker /\u003E\u003C/EnumerationResults\u003E"
    }
  ],
  "Variables": {
    "0": "52db41cc0listblobshieroptionsmaxresultsbypage1f986328de564",
    "1": "52db41cc81435056",
    "2": "52db41cc504471d4",
    "3": "52db41cc1listblobshieroptionsmaxresultsbypage1f941839ec42a",
    "4": "52db41cc2listblobshieroptionsmaxresultsbypage1f9749148e174",
    "5": "52db41cc3listblobshieroptionsmaxresultsbypage1f947311932e5",
    "6": "52db41cc4listblobshieroptionsmaxresultsbypage1f927867ccb52",
    "7": "52db41cc5listblobshieroptionsmaxresultsbypage1f963737dfcea",
    "8": "4cf61acd-aac0-40a0-bbe8-e1efbb206f04"
  }
}
