{
  "Entries": [
    {
      "RequestUri": "https://REDACTED/26b450170listblobsflaterrorbe947890e66e6cc1b90f4a?restype=container",
      "RequestMethod": "PUT",
      "RequestHeaders": {
        "Accept": "application/xml",
        "Authorization": "Sanitized",
        "Content-Length": "0",
        "Date": "Mon, 04 Dec 2023 20:52:28 GMT",
        "User-Agent": "azsdk-java-azure-storage-blob/12.26.0-beta.1 (17.0.8; Windows 11; 10.0)",
        "x-ms-client-request-id": "6869bcee-1974-4596-b4d1-0ded65458bf2",
        "x-ms-version": "2024-02-04"
      },
      "RequestBody": null,
      "StatusCode": 201,
      "ResponseHeaders": {
        "Content-Length": "0",
        "Date": "Mon, 04 Dec 2023 20:52:29 GMT",
        "ETag": "\u00220x8DBF50AEE2F97C4\u0022",
        "Last-Modified": "Mon, 04 Dec 2023 20:52:29 GMT",
        "Server": [
          "Windows-Azure-Blob/1.0",
          "Microsoft-HTTPAPI/2.0"
        ],
        "x-ms-client-request-id": "6869bcee-1974-4596-b4d1-0ded65458bf2",
        "x-ms-request-id": "1f9a0925-c01e-007c-36f3-26bf7d000000",
        "x-ms-version": "2024-02-04"
      },
      "ResponseBody": null
    },
    {
      "RequestUri": "https://REDACTED/26b450170listblobsflaterrorbe947890e66e6cc1b90f4a?restype=container",
      "RequestMethod": "PUT",
      "RequestHeaders": {
        "Accept": "application/xml",
        "Authorization": "Sanitized",
        "Content-Length": "0",
        "Date": "Mon, 04 Dec 2023 20:52:28 GMT",
        "User-Agent": "azsdk-java-azure-storage-blob/12.26.0-beta.1 (17.0.8; Windows 11; 10.0)",
        "x-ms-client-request-id": "020110cc-abb7-45a8-8b25-4f768e79a19f",
        "x-ms-version": "2024-02-04"
      },
      "RequestBody": null,
      "StatusCode": 409,
      "ResponseHeaders": {
        "Content-Length": "230",
        "Content-Type": "application/xml",
        "Date": "Mon, 04 Dec 2023 20:52:29 GMT",
        "Server": [
          "Windows-Azure-Blob/1.0",
          "Microsoft-HTTPAPI/2.0"
        ],
        "x-ms-client-request-id": "020110cc-abb7-45a8-8b25-4f768e79a19f",
        "x-ms-error-code": "ContainerAlreadyExists",
        "x-ms-request-id": "1f9a0983-c01e-007c-0bf3-26bf7d000000",
        "x-ms-version": "2024-02-04"
      },
      "ResponseBody": [
        "\uFEFF\u003C?xml version=\u00221.0\u0022 encoding=\u0022utf-8\u0022?\u003E\u003CError\u003E\u003CCode\u003EContainerAlreadyExists\u003C/Code\u003E\u003CMessage\u003EThe specified container already exists.\n",
        "RequestId:1f9a0983-c01e-007c-0bf3-26bf7d000000\n",
        "Time:2023-12-04T20:52:29.8401248Z\u003C/Message\u003E\u003C/Error\u003E"
      ]
    },
    {
      "RequestUri": "https://REDACTED/26b450171listblobsflaterrorbe9939454f6ac0b7eb2449?restype=container\u0026comp=list",
      "RequestMethod": "GET",
      "RequestHeaders": {
        "Accept": "application/xml",
        "Authorization": "Sanitized",
        "Content-Length": "0",
        "Date": "Mon, 04 Dec 2023 20:52:29 GMT",
        "User-Agent": "azsdk-java-azure-storage-blob/12.26.0-beta.1 (17.0.8; Windows 11; 10.0)",
        "x-ms-client-request-id": "706277ec-c764-4bba-a5d2-7f090f2bf1f7",
        "x-ms-version": "2024-02-04"
      },
      "RequestBody": null,
      "StatusCode": 404,
      "ResponseHeaders": {
        "Access-Control-Allow-Origin": "*",
        "Access-Control-Expose-Headers": "x-ms-client-request-id",
        "Content-Length": "225",
        "Content-Type": "application/xml",
        "Date": "Mon, 04 Dec 2023 20:52:29 GMT",
        "Server": [
          "Windows-Azure-Blob/1.0",
          "Microsoft-HTTPAPI/2.0"
        ],
        "x-ms-client-request-id": "706277ec-c764-4bba-a5d2-7f090f2bf1f7",
        "x-ms-error-code": "ContainerNotFound",
        "x-ms-request-id": "1f9a09d5-c01e-007c-57f3-26bf7d000000",
        "x-ms-version": "2024-02-04"
      },
      "ResponseBody": [
        "\uFEFF\u003C?xml version=\u00221.0\u0022 encoding=\u0022utf-8\u0022?\u003E\u003CError\u003E\u003CCode\u003EContainerNotFound\u003C/Code\u003E\u003CMessage\u003EThe specified container does not exist.\n",
        "RequestId:1f9a09d5-c01e-007c-57f3-26bf7d000000\n",
        "Time:2023-12-04T20:52:29.9120834Z\u003C/Message\u003E\u003C/Error\u003E"
      ]
    }
  ],
  "Variables": {
    "0": "26b450170listblobsflaterrorbe947890e66e6cc1b90f4a",
    "1": "26b450178730695b",
    "2": "26b45017234333f2",
    "3": "26b450171listblobsflaterrorbe9939454f6ac0b7eb2449"
  }
}
