{
  "Entries": [
    {
      "RequestUri": "https://REDACTED/9b7e5ba20findblobsmaxresultsbypagee06285937082ac3ae0?restype=container",
      "RequestMethod": "PUT",
      "RequestHeaders": {
        "Accept": "application/xml",
        "Authorization": "Sanitized",
        "Content-Length": "0",
        "Date": "Fri, 01 Dec 2023 19:18:35 GMT",
        "User-Agent": "azsdk-java-azure-storage-blob/12.26.0-beta.1 (17.0.8; Windows 11; 10.0)",
        "x-ms-client-request-id": "6b9eb83f-6d16-472e-9533-01bc98313d73",
        "x-ms-version": "2024-02-04"
      },
      "RequestBody": null,
      "StatusCode": 201,
      "ResponseHeaders": {
        "Content-Length": "0",
        "Date": "Fri, 01 Dec 2023 19:18:36 GMT",
        "ETag": "\u00220x8DBF2A251483419\u0022",
        "Last-Modified": "Fri, 01 Dec 2023 19:18:36 GMT",
        "Server": [
          "Windows-Azure-Blob/1.0",
          "Microsoft-HTTPAPI/2.0"
        ],
        "x-ms-client-request-id": "6b9eb83f-6d16-472e-9533-01bc98313d73",
        "x-ms-request-id": "4c207468-b01e-0029-138b-24a912000000",
        "x-ms-version": "2024-02-04"
      },
      "ResponseBody": null
    },
    {
      "RequestUri": "https://REDACTED/9b7e5ba20findblobsmaxresultsbypagee06285937082ac3ae0?restype=container",
      "RequestMethod": "PUT",
      "RequestHeaders": {
        "Accept": "application/xml",
        "Authorization": "Sanitized",
        "Content-Length": "0",
        "Date": "Fri, 01 Dec 2023 19:18:35 GMT",
        "User-Agent": "azsdk-java-azure-storage-blob/12.26.0-beta.1 (17.0.8; Windows 11; 10.0)",
        "x-ms-client-request-id": "d8b9375d-8269-4c81-8a02-66344f0460c0",
        "x-ms-version": "2024-02-04"
      },
      "RequestBody": null,
      "StatusCode": 409,
      "ResponseHeaders": {
        "Content-Length": "230",
        "Content-Type": "application/xml",
        "Date": "Fri, 01 Dec 2023 19:18:36 GMT",
        "Server": [
          "Windows-Azure-Blob/1.0",
          "Microsoft-HTTPAPI/2.0"
        ],
        "x-ms-client-request-id": "d8b9375d-8269-4c81-8a02-66344f0460c0",
        "x-ms-error-code": "ContainerAlreadyExists",
        "x-ms-request-id": "4c2074ce-b01e-0029-708b-24a912000000",
        "x-ms-version": "2024-02-04"
      },
      "ResponseBody": [
        "\uFEFF\u003C?xml version=\u00221.0\u0022 encoding=\u0022utf-8\u0022?\u003E\u003CError\u003E\u003CCode\u003EContainerAlreadyExists\u003C/Code\u003E\u003CMessage\u003EThe specified container already exists.\n",
        "RequestId:4c2074ce-b01e-0029-708b-24a912000000\n",
        "Time:2023-12-01T19:18:36.6236817Z\u003C/Message\u003E\u003C/Error\u003E"
      ]
    },
    {
      "RequestUri": "https://REDACTED/9b7e5ba20findblobsmaxresultsbypagee06285937082ac3ae0/9b7e5ba21findblobsmaxresultsbypagee0646880f1f16ffb78",
      "RequestMethod": "PUT",
      "RequestHeaders": {
        "Accept": "application/xml",
        "Authorization": "Sanitized",
        "Content-Length": "7",
        "Content-Type": "application/octet-stream",
        "Date": "Fri, 01 Dec 2023 19:18:35 GMT",
        "User-Agent": "azsdk-java-azure-storage-blob/12.26.0-beta.1 (17.0.8; Windows 11; 10.0)",
        "x-ms-blob-type": "BlockBlob",
        "x-ms-client-request-id": "a482aff7-d2e7-4cf4-b729-1b13b746062e",
        "x-ms-tags": "9b7e5ba2150750de=9b7e5ba266355940",
        "x-ms-version": "2024-02-04"
      },
      "RequestBody": "ZGVmYXVsdA==",
      "StatusCode": 201,
      "ResponseHeaders": {
        "Content-Length": "0",
        "Content-MD5": "wh\u002BWm18D0z1D4E\u002BPE252gg==",
        "Date": "Fri, 01 Dec 2023 19:18:36 GMT",
        "ETag": "\u00220x8DBF2A251679205\u0022",
        "Last-Modified": "Fri, 01 Dec 2023 19:18:36 GMT",
        "Server": [
          "Windows-Azure-Blob/1.0",
          "Microsoft-HTTPAPI/2.0"
        ],
        "x-ms-client-request-id": "a482aff7-d2e7-4cf4-b729-1b13b746062e",
        "x-ms-content-crc64": "6RYQPwaVsyQ=",
        "x-ms-request-id": "4c207558-b01e-0029-718b-24a912000000",
        "x-ms-request-server-encrypted": "true",
        "x-ms-version": "2024-02-04"
      },
      "ResponseBody": null
    },
    {
      "RequestUri": "https://REDACTED/9b7e5ba20findblobsmaxresultsbypagee06285937082ac3ae0/9b7e5ba22findblobsmaxresultsbypagee0645159a48c5db467",
      "RequestMethod": "PUT",
      "RequestHeaders": {
        "Accept": "application/xml",
        "Authorization": "Sanitized",
        "Content-Length": "7",
        "Content-Type": "application/octet-stream",
        "Date": "Fri, 01 Dec 2023 19:18:35 GMT",
        "User-Agent": "azsdk-java-azure-storage-blob/12.26.0-beta.1 (17.0.8; Windows 11; 10.0)",
        "x-ms-blob-type": "BlockBlob",
        "x-ms-client-request-id": "b6717da6-d3f8-43e3-ad6b-c9a6b673caf0",
        "x-ms-tags": "9b7e5ba2150750de=9b7e5ba266355940",
        "x-ms-version": "2024-02-04"
      },
      "RequestBody": "ZGVmYXVsdA==",
      "StatusCode": 201,
      "ResponseHeaders": {
        "Content-Length": "0",
        "Content-MD5": "wh\u002BWm18D0z1D4E\u002BPE252gg==",
        "Date": "Fri, 01 Dec 2023 19:18:36 GMT",
        "ETag": "\u00220x8DBF2A251754BA1\u0022",
        "Last-Modified": "Fri, 01 Dec 2023 19:18:36 GMT",
        "Server": [
          "Windows-Azure-Blob/1.0",
          "Microsoft-HTTPAPI/2.0"
        ],
        "x-ms-client-request-id": "b6717da6-d3f8-43e3-ad6b-c9a6b673caf0",
        "x-ms-content-crc64": "6RYQPwaVsyQ=",
        "x-ms-request-id": "4c2075cd-b01e-0029-5f8b-24a912000000",
        "x-ms-request-server-encrypted": "true",
        "x-ms-version": "2024-02-04"
      },
      "ResponseBody": null
    },
    {
      "RequestUri": "https://REDACTED/9b7e5ba20findblobsmaxresultsbypagee06285937082ac3ae0/9b7e5ba23findblobsmaxresultsbypagee068735958ae65421f",
      "RequestMethod": "PUT",
      "RequestHeaders": {
        "Accept": "application/xml",
        "Authorization": "Sanitized",
        "Content-Length": "7",
        "Content-Type": "application/octet-stream",
        "Date": "Fri, 01 Dec 2023 19:18:35 GMT",
        "User-Agent": "azsdk-java-azure-storage-blob/12.26.0-beta.1 (17.0.8; Windows 11; 10.0)",
        "x-ms-blob-type": "BlockBlob",
        "x-ms-client-request-id": "cb51a92b-52a0-4bba-b16a-5f53cac34a84",
        "x-ms-tags": "9b7e5ba2150750de=9b7e5ba266355940",
        "x-ms-version": "2024-02-04"
      },
      "RequestBody": "ZGVmYXVsdA==",
      "StatusCode": 201,
      "ResponseHeaders": {
        "Content-Length": "0",
        "Content-MD5": "wh\u002BWm18D0z1D4E\u002BPE252gg==",
        "Date": "Fri, 01 Dec 2023 19:18:36 GMT",
        "ETag": "\u00220x8DBF2A251832C3A\u0022",
        "Last-Modified": "Fri, 01 Dec 2023 19:18:36 GMT",
        "Server": [
          "Windows-Azure-Blob/1.0",
          "Microsoft-HTTPAPI/2.0"
        ],
        "x-ms-client-request-id": "cb51a92b-52a0-4bba-b16a-5f53cac34a84",
        "x-ms-content-crc64": "6RYQPwaVsyQ=",
        "x-ms-request-id": "4c207635-b01e-0029-448b-24a912000000",
        "x-ms-request-server-encrypted": "true",
        "x-ms-version": "2024-02-04"
      },
      "ResponseBody": null
    },
    {
      "RequestUri": "https://REDACTED/9b7e5ba20findblobsmaxresultsbypagee06285937082ac3ae0/9b7e5ba24findblobsmaxresultsbypagee068043721ccfa0f91",
      "RequestMethod": "PUT",
      "RequestHeaders": {
        "Accept": "application/xml",
        "Authorization": "Sanitized",
        "Content-Length": "7",
        "Content-Type": "application/octet-stream",
        "Date": "Fri, 01 Dec 2023 19:18:35 GMT",
        "User-Agent": "azsdk-java-azure-storage-blob/12.26.0-beta.1 (17.0.8; Windows 11; 10.0)",
        "x-ms-blob-type": "BlockBlob",
        "x-ms-client-request-id": "d34461d3-0f0e-4e03-b71d-2a194dbbd6dd",
        "x-ms-tags": "9b7e5ba2150750de=9b7e5ba266355940",
        "x-ms-version": "2024-02-04"
      },
      "RequestBody": "ZGVmYXVsdA==",
      "StatusCode": 201,
      "ResponseHeaders": {
        "Content-Length": "0",
        "Content-MD5": "wh\u002BWm18D0z1D4E\u002BPE252gg==",
        "Date": "Fri, 01 Dec 2023 19:18:36 GMT",
        "ETag": "\u00220x8DBF2A251926C3A\u0022",
        "Last-Modified": "Fri, 01 Dec 2023 19:18:37 GMT",
        "Server": [
          "Windows-Azure-Blob/1.0",
          "Microsoft-HTTPAPI/2.0"
        ],
        "x-ms-client-request-id": "d34461d3-0f0e-4e03-b71d-2a194dbbd6dd",
        "x-ms-content-crc64": "6RYQPwaVsyQ=",
        "x-ms-request-id": "4c207692-b01e-0029-1e8b-24a912000000",
        "x-ms-request-server-encrypted": "true",
        "x-ms-version": "2024-02-04"
      },
      "ResponseBody": null
    },
    {
      "RequestUri": "https://REDACTED/9b7e5ba20findblobsmaxresultsbypagee06285937082ac3ae0/9b7e5ba25findblobsmaxresultsbypagee06854112663b40c12",
      "RequestMethod": "PUT",
      "RequestHeaders": {
        "Accept": "application/xml",
        "Authorization": "Sanitized",
        "Content-Length": "7",
        "Content-Type": "application/octet-stream",
        "Date": "Fri, 01 Dec 2023 19:18:36 GMT",
        "User-Agent": "azsdk-java-azure-storage-blob/12.26.0-beta.1 (17.0.8; Windows 11; 10.0)",
        "x-ms-blob-type": "BlockBlob",
        "x-ms-client-request-id": "1ec5ac4c-678b-4682-82eb-1381fd5175aa",
        "x-ms-tags": "9b7e5ba2150750de=9b7e5ba266355940",
        "x-ms-version": "2024-02-04"
      },
      "RequestBody": "ZGVmYXVsdA==",
      "StatusCode": 201,
      "ResponseHeaders": {
        "Content-Length": "0",
        "Content-MD5": "wh\u002BWm18D0z1D4E\u002BPE252gg==",
        "Date": "Fri, 01 Dec 2023 19:18:36 GMT",
        "ETag": "\u00220x8DBF2A251A380AC\u0022",
        "Last-Modified": "Fri, 01 Dec 2023 19:18:37 GMT",
        "Server": [
          "Windows-Azure-Blob/1.0",
          "Microsoft-HTTPAPI/2.0"
        ],
        "x-ms-client-request-id": "1ec5ac4c-678b-4682-82eb-1381fd5175aa",
        "x-ms-content-crc64": "6RYQPwaVsyQ=",
        "x-ms-request-id": "4c207727-b01e-0029-2a8b-24a912000000",
        "x-ms-request-server-encrypted": "true",
        "x-ms-version": "2024-02-04"
      },
      "ResponseBody": null
    },
    {
      "RequestUri": "https://REDACTED/9b7e5ba20findblobsmaxresultsbypagee06285937082ac3ae0/9b7e5ba26findblobsmaxresultsbypagee0669681460d5a23e3",
      "RequestMethod": "PUT",
      "RequestHeaders": {
        "Accept": "application/xml",
        "Authorization": "Sanitized",
        "Content-Length": "7",
        "Content-Type": "application/octet-stream",
        "Date": "Fri, 01 Dec 2023 19:18:36 GMT",
        "User-Agent": "azsdk-java-azure-storage-blob/12.26.0-beta.1 (17.0.8; Windows 11; 10.0)",
        "x-ms-blob-type": "BlockBlob",
        "x-ms-client-request-id": "b494b482-b3e6-4777-9571-9f792d1d0af2",
        "x-ms-tags": "9b7e5ba2150750de=9b7e5ba266355940",
        "x-ms-version": "2024-02-04"
      },
      "RequestBody": "ZGVmYXVsdA==",
      "StatusCode": 201,
      "ResponseHeaders": {
        "Content-Length": "0",
        "Content-MD5": "wh\u002BWm18D0z1D4E\u002BPE252gg==",
        "Date": "Fri, 01 Dec 2023 19:18:36 GMT",
        "ETag": "\u00220x8DBF2A251B1AF5E\u0022",
        "Last-Modified": "Fri, 01 Dec 2023 19:18:37 GMT",
        "Server": [
          "Windows-Azure-Blob/1.0",
          "Microsoft-HTTPAPI/2.0"
        ],
        "x-ms-client-request-id": "b494b482-b3e6-4777-9571-9f792d1d0af2",
        "x-ms-content-crc64": "6RYQPwaVsyQ=",
        "x-ms-request-id": "4c2077ab-b01e-0029-238b-24a912000000",
        "x-ms-request-server-encrypted": "true",
        "x-ms-version": "2024-02-04"
      },
      "ResponseBody": null
    },
    {
      "RequestUri": "https://REDACTED/9b7e5ba20findblobsmaxresultsbypagee06285937082ac3ae0/9b7e5ba27findblobsmaxresultsbypagee0615218a61fa1019f",
      "RequestMethod": "PUT",
      "RequestHeaders": {
        "Accept": "application/xml",
        "Authorization": "Sanitized",
        "Content-Length": "7",
        "Content-Type": "application/octet-stream",
        "Date": "Fri, 01 Dec 2023 19:18:36 GMT",
        "User-Agent": "azsdk-java-azure-storage-blob/12.26.0-beta.1 (17.0.8; Windows 11; 10.0)",
        "x-ms-blob-type": "BlockBlob",
        "x-ms-client-request-id": "51e0c0f9-0e85-4f83-8d5d-624bc7bb0848",
        "x-ms-tags": "9b7e5ba2150750de=9b7e5ba266355940",
        "x-ms-version": "2024-02-04"
      },
      "RequestBody": "ZGVmYXVsdA==",
      "StatusCode": 201,
      "ResponseHeaders": {
        "Content-Length": "0",
        "Content-MD5": "wh\u002BWm18D0z1D4E\u002BPE252gg==",
        "Date": "Fri, 01 Dec 2023 19:18:36 GMT",
        "ETag": "\u00220x8DBF2A251C00525\u0022",
        "Last-Modified": "Fri, 01 Dec 2023 19:18:37 GMT",
        "Server": [
          "Windows-Azure-Blob/1.0",
          "Microsoft-HTTPAPI/2.0"
        ],
        "x-ms-client-request-id": "51e0c0f9-0e85-4f83-8d5d-624bc7bb0848",
        "x-ms-content-crc64": "6RYQPwaVsyQ=",
        "x-ms-request-id": "4c207810-b01e-0029-028b-24a912000000",
        "x-ms-request-server-encrypted": "true",
        "x-ms-version": "2024-02-04"
      },
      "ResponseBody": null
    },
    {
      "RequestUri": "https://REDACTED/9b7e5ba20findblobsmaxresultsbypagee06285937082ac3ae0?restype=container\u0026comp=blobs\u0026where=%229b7e5ba2150750de%22%3D%279b7e5ba266355940%27\u0026maxresults=3",
      "RequestMethod": "GET",
      "RequestHeaders": {
        "Accept": "application/xml",
        "Authorization": "Sanitized",
        "Content-Length": "0",
        "Date": "Fri, 01 Dec 2023 19:18:36 GMT",
        "User-Agent": "azsdk-java-azure-storage-blob/12.26.0-beta.1 (17.0.8; Windows 11; 10.0)",
        "x-ms-client-request-id": "76882281-33e7-40d1-b80b-3c3841ed7993",
        "x-ms-version": "2024-02-04"
      },
      "RequestBody": null,
      "StatusCode": 200,
      "ResponseHeaders": {
        "Content-Type": "application/xml",
        "Date": "Fri, 01 Dec 2023 19:18:36 GMT",
        "Server": [
          "Windows-Azure-Blob/1.0",
          "Microsoft-HTTPAPI/2.0"
        ],
        "Transfer-Encoding": "chunked",
        "x-ms-client-request-id": "76882281-33e7-40d1-b80b-3c3841ed7993",
        "x-ms-request-id": "4c207886-b01e-0029-6e8b-24a912000000",
        "x-ms-version": "2024-02-04"
      },
      "ResponseBody": [
        "\uFEFF\u003C?xml version=\u00221.0\u0022 encoding=\u0022utf-8\u0022?\u003E\n",
        "\u003CEnumerationResults ServiceEndpoint=\u0022https://ibrandesstorage.blob.core.windows.net/\u0022\u003E\u003CWhere\u003E\u0026quot;9b7e5ba2150750de\u0026quot;=\u0026apos;9b7e5ba266355940\u0026apos;\u003C/Where\u003E\u003CMaxResults\u003E3\u003C/MaxResults\u003E\u003CBlobs/\u003E\u003CNextMarker/\u003E\u003C/EnumerationResults\u003E"
      ]
    }
  ],
  "Variables": {
    "0": "9b7e5ba20findblobsmaxresultsbypagee06285937082ac3ae0",
    "1": "9b7e5ba2150750de",
    "2": "9b7e5ba266355940",
    "3": "9b7e5ba21findblobsmaxresultsbypagee0646880f1f16ffb78",
    "4": "9b7e5ba22findblobsmaxresultsbypagee0645159a48c5db467",
    "5": "9b7e5ba23findblobsmaxresultsbypagee068735958ae65421f",
    "6": "9b7e5ba24findblobsmaxresultsbypagee068043721ccfa0f91",
    "7": "9b7e5ba25findblobsmaxresultsbypagee06854112663b40c12",
    "8": "9b7e5ba26findblobsmaxresultsbypagee0669681460d5a23e3",
    "9": "9b7e5ba27findblobsmaxresultsbypagee0615218a61fa1019f"
  }
}
