{
  "Entries": [
    {
      "RequestUri": "https://REDACTED/cd810c090listappendblobsflat95e33292376ae08d66c24?restype=container",
      "RequestMethod": "PUT",
      "RequestHeaders": {
        "Accept": "application/xml",
        "Authorization": "Sanitized",
        "Content-Length": "0",
        "Date": "Thu, 05 Oct 2023 20:34:14 GMT",
        "User-Agent": "azsdk-java-azure-storage-blob/12.25.0-beta.1 (11.0.16.1; Windows 11; 10.0)",
        "x-ms-client-request-id": "09e6ac02-f217-43f0-946c-7246bbe193cd",
        "x-ms-version": "2023-08-03"
      },
      "RequestBody": null,
      "StatusCode": 201,
      "ResponseHeaders": {
        "Content-Length": "0",
        "Date": "Thu, 05 Oct 2023 20:34:14 GMT",
        "ETag": "\u00220x8DBC5E2710D33A1\u0022",
        "Last-Modified": "Thu, 05 Oct 2023 20:34:15 GMT",
        "Server": [
          "Windows-Azure-Blob/1.0",
          "Microsoft-HTTPAPI/2.0"
        ],
        "x-ms-client-request-id": "09e6ac02-f217-43f0-946c-7246bbe193cd",
        "x-ms-request-id": "b309ad1b-101e-001d-17cb-f79c3e000000",
        "x-ms-version": "2023-08-03"
      },
      "ResponseBody": null
    },
    {
      "RequestUri": "https://REDACTED/cd810c090listappendblobsflat95e33292376ae08d66c24/cd810c091listappendblobsflat95e72253155663b8ed624",
      "RequestMethod": "PUT",
      "RequestHeaders": {
        "Accept": "application/xml",
        "Authorization": "Sanitized",
        "Content-Length": "0",
        "Date": "Thu, 05 Oct 2023 20:34:15 GMT",
        "If-None-Match": "*",
        "User-Agent": "azsdk-java-azure-storage-blob/12.25.0-beta.1 (11.0.16.1; Windows 11; 10.0)",
        "x-ms-blob-type": "AppendBlob",
        "x-ms-client-request-id": "3350ff7d-bca3-4545-88eb-b0cdd7065cd1",
        "x-ms-version": "2023-08-03"
      },
      "RequestBody": null,
      "StatusCode": 201,
      "ResponseHeaders": {
        "Content-Length": "0",
        "Date": "Thu, 05 Oct 2023 20:34:14 GMT",
        "ETag": "\u00220x8DBC5E2711D644D\u0022",
        "Last-Modified": "Thu, 05 Oct 2023 20:34:15 GMT",
        "Server": [
          "Windows-Azure-Blob/1.0",
          "Microsoft-HTTPAPI/2.0"
        ],
        "x-ms-client-request-id": "3350ff7d-bca3-4545-88eb-b0cdd7065cd1",
        "x-ms-request-id": "b309ad45-101e-001d-3bcb-f79c3e000000",
        "x-ms-request-server-encrypted": "true",
        "x-ms-version": "2023-08-03",
        "x-ms-version-id": "2023-10-05T20:34:15.4089549Z"
      },
      "ResponseBody": null
    },
    {
      "RequestUri": "https://REDACTED/cd810c090listappendblobsflat95e33292376ae08d66c24/cd810c091listappendblobsflat95e72253155663b8ed624?comp=seal",
      "RequestMethod": "PUT",
      "RequestHeaders": {
        "Accept": "application/xml",
        "Authorization": "Sanitized",
        "Content-Length": "0",
        "Date": "Thu, 05 Oct 2023 20:34:15 GMT",
        "User-Agent": "azsdk-java-azure-storage-blob/12.25.0-beta.1 (11.0.16.1; Windows 11; 10.0)",
        "x-ms-client-request-id": "dd1b1b29-0a90-4fbb-acf7-b8ba535ced69",
        "x-ms-version": "2023-08-03"
      },
      "RequestBody": null,
      "StatusCode": 200,
      "ResponseHeaders": {
        "Content-Length": "0",
        "Date": "Thu, 05 Oct 2023 20:34:14 GMT",
        "ETag": "\u00220x8DBC5E2712DDC9B\u0022",
        "Last-Modified": "Thu, 05 Oct 2023 20:34:15 GMT",
        "Server": [
          "Windows-Azure-Blob/1.0",
          "Microsoft-HTTPAPI/2.0"
        ],
        "x-ms-blob-sealed": "true",
        "x-ms-client-request-id": "dd1b1b29-0a90-4fbb-acf7-b8ba535ced69",
        "x-ms-request-id": "b309ad74-101e-001d-63cb-f79c3e000000",
        "x-ms-version": "2023-08-03"
      },
      "ResponseBody": null
    },
    {
      "RequestUri": "https://REDACTED/cd810c090listappendblobsflat95e33292376ae08d66c24?restype=container\u0026comp=list\u0026prefix=cd810c09",
      "RequestMethod": "GET",
      "RequestHeaders": {
        "Accept": "application/xml",
        "Authorization": "Sanitized",
        "Content-Length": "0",
        "Date": "Thu, 05 Oct 2023 20:34:15 GMT",
        "User-Agent": "azsdk-java-azure-storage-blob/12.25.0-beta.1 (11.0.16.1; Windows 11; 10.0)",
        "x-ms-client-request-id": "a796ffe0-bcd8-44ce-b7ba-4d7d162a7c43",
        "x-ms-version": "2023-08-03"
      },
      "RequestBody": null,
      "StatusCode": 200,
      "ResponseHeaders": {
        "Access-Control-Allow-Origin": "*",
        "Access-Control-Expose-Headers": "x-ms-client-request-id",
        "Content-Type": "application/xml",
        "Date": "Thu, 05 Oct 2023 20:34:14 GMT",
        "Server": [
          "Windows-Azure-Blob/1.0",
          "Microsoft-HTTPAPI/2.0"
        ],
        "Transfer-Encoding": "chunked",
        "x-ms-client-request-id": "a796ffe0-bcd8-44ce-b7ba-4d7d162a7c43",
        "x-ms-request-id": "b309ada5-101e-001d-11cb-f79c3e000000",
        "x-ms-version": "2023-08-03"
      },
      "ResponseBody": "\uFEFF\u003C?xml version=\u00221.0\u0022 encoding=\u0022utf-8\u0022?\u003E\u003CEnumerationResults ServiceEndpoint=\u0022https://seanmcccanada.blob.core.windows.net/\u0022 ContainerName=\u0022cd810c090listappendblobsflat95e33292376ae08d66c24\u0022\u003E\u003CPrefix\u003Ecd810c09\u003C/Prefix\u003E\u003CBlobs\u003E\u003CBlob\u003E\u003CName\u003Ecd810c091listappendblobsflat95e72253155663b8ed624\u003C/Name\u003E\u003CVersionId\u003E2023-10-05T20:34:15.4089549Z\u003C/VersionId\u003E\u003CIsCurrentVersion\u003Etrue\u003C/IsCurrentVersion\u003E\u003CProperties\u003E\u003CCreation-Time\u003EThu, 05 Oct 2023 20:34:15 GMT\u003C/Creation-Time\u003E\u003CLast-Modified\u003EThu, 05 Oct 2023 20:34:15 GMT\u003C/Last-Modified\u003E\u003CEtag\u003E0x8DBC5E2712DDC9B\u003C/Etag\u003E\u003CContent-Length\u003E0\u003C/Content-Length\u003E\u003CContent-Type\u003Eapplication/octet-stream\u003C/Content-Type\u003E\u003CContent-Encoding /\u003E\u003CContent-Language /\u003E\u003CContent-CRC64 /\u003E\u003CContent-MD5 /\u003E\u003CCache-Control /\u003E\u003CContent-Disposition /\u003E\u003CBlobType\u003EAppendBlob\u003C/BlobType\u003E\u003CLeaseStatus\u003Eunlocked\u003C/LeaseStatus\u003E\u003CLeaseState\u003Eavailable\u003C/LeaseState\u003E\u003CServerEncrypted\u003Etrue\u003C/ServerEncrypted\u003E\u003CSealed\u003Etrue\u003C/Sealed\u003E\u003C/Properties\u003E\u003COrMetadata /\u003E\u003C/Blob\u003E\u003C/Blobs\u003E\u003CNextMarker /\u003E\u003C/EnumerationResults\u003E"
    }
  ],
  "Variables": {
    "0": "cd810c090listappendblobsflat95e33292376ae08d66c24",
    "1": "cd810c0921909f9b",
    "2": "cd810c093982329d",
    "3": "cd810c091listappendblobsflat95e72253155663b8ed624"
  }
}
