{
  "Entries": [
    {
      "RequestUri": "https://REDACTED/f0eb4e090getaccountinfo9747789557235b15eab94561?restype=container",
      "RequestMethod": "PUT",
      "RequestHeaders": {
        "Accept": "application/xml",
        "Authorization": "Sanitized",
        "Content-Length": "0",
        "Date": "Wed, 13 Dec 2023 21:47:25 GMT",
        "User-Agent": "azsdk-java-azure-storage-blob/12.26.0-beta.1 (17.0.8; Windows 11; 10.0)",
        "x-ms-client-request-id": "e059f6f9-712c-4e64-bb24-417391c0f496",
        "x-ms-version": "2024-02-04"
      },
      "RequestBody": null,
      "StatusCode": 201,
      "ResponseHeaders": {
        "Content-Length": "0",
        "Date": "Wed, 13 Dec 2023 21:47:24 GMT",
        "ETag": "\u00220x8DBFC25182B43DF\u0022",
        "Last-Modified": "Wed, 13 Dec 2023 21:47:25 GMT",
        "Server": [
          "Windows-Azure-Blob/1.0",
          "Microsoft-HTTPAPI/2.0"
        ],
        "x-ms-client-request-id": "e059f6f9-712c-4e64-bb24-417391c0f496",
        "x-ms-request-id": "260b473c-801e-0050-230d-2e5536000000",
        "x-ms-version": "2024-02-04"
      },
      "ResponseBody": null
    },
    {
      "RequestUri": "https://REDACTED/f0eb4e090getaccountinfo9747789557235b15eab94561?restype=container",
      "RequestMethod": "PUT",
      "RequestHeaders": {
        "Accept": "application/xml",
        "Authorization": "Sanitized",
        "Content-Length": "0",
        "Date": "Wed, 13 Dec 2023 21:47:25 GMT",
        "User-Agent": "azsdk-java-azure-storage-blob/12.26.0-beta.1 (17.0.8; Windows 11; 10.0)",
        "x-ms-client-request-id": "7d9cbb05-78bc-449c-8d1b-3d054062cefc",
        "x-ms-version": "2024-02-04"
      },
      "RequestBody": null,
      "StatusCode": 409,
      "ResponseHeaders": {
        "Content-Length": "230",
        "Content-Type": "application/xml",
        "Date": "Wed, 13 Dec 2023 21:47:24 GMT",
        "Server": [
          "Windows-Azure-Blob/1.0",
          "Microsoft-HTTPAPI/2.0"
        ],
        "x-ms-client-request-id": "7d9cbb05-78bc-449c-8d1b-3d054062cefc",
        "x-ms-error-code": "ContainerAlreadyExists",
        "x-ms-request-id": "260b47db-801e-0050-370d-2e5536000000",
        "x-ms-version": "2024-02-04"
      },
      "ResponseBody": [
        "\uFEFF\u003C?xml version=\u00221.0\u0022 encoding=\u0022utf-8\u0022?\u003E\u003CError\u003E\u003CCode\u003EContainerAlreadyExists\u003C/Code\u003E\u003CMessage\u003EThe specified container already exists.\n",
        "RequestId:260b47db-801e-0050-370d-2e5536000000\n",
        "Time:2023-12-13T21:47:25.3444748Z\u003C/Message\u003E\u003C/Error\u003E"
      ]
    },
    {
      "RequestUri": "https://REDACTED/?restype=account\u0026comp=properties",
      "RequestMethod": "GET",
      "RequestHeaders": {
        "Accept": "application/xml",
        "Authorization": "Sanitized",
        "Content-Length": "0",
        "Date": "Wed, 13 Dec 2023 21:47:25 GMT",
        "User-Agent": "azsdk-java-azure-storage-blob/12.26.0-beta.1 (17.0.8; Windows 11; 10.0)",
        "x-ms-client-request-id": "b8f29f9b-58c6-4a32-820f-d563fe82c6f4",
        "x-ms-version": "2024-02-04"
      },
      "RequestBody": null,
      "StatusCode": 200,
      "ResponseHeaders": {
        "Content-Length": "0",
        "Date": "Wed, 13 Dec 2023 21:47:25 GMT",
        "Server": [
          "Windows-Azure-Blob/1.0",
          "Microsoft-HTTPAPI/2.0"
        ],
        "x-ms-account-kind": "StorageV2",
        "x-ms-client-request-id": "b8f29f9b-58c6-4a32-820f-d563fe82c6f4",
        "x-ms-is-hns-enabled": "false",
        "x-ms-request-id": "0260b516-601c-0066-260d-2ef40f000000",
        "x-ms-sku-name": "Premium_LRS",
        "x-ms-version": "2024-02-04"
      },
      "ResponseBody": null
    }
  ],
  "Variables": {
    "0": "f0eb4e090getaccountinfo9747789557235b15eab94561",
    "1": "f0eb4e0923710b20",
    "2": "f0eb4e0919906147"
  }
}
