{
  "Entries": [
    {
      "RequestUri": "https://REDACTED/ba2789da0listblobsflatoptionsmetadatae8322766e57b03eec?restype=container",
      "RequestMethod": "PUT",
      "RequestHeaders": {
        "Accept": "application/xml",
        "Authorization": "Sanitized",
        "Content-Length": "0",
        "Date": "Thu, 28 Sep 2023 22:46:26 GMT",
        "User-Agent": "azsdk-java-azure-storage-blob/12.25.0-beta.1 (11.0.16.1; Windows 11; 10.0)",
        "x-ms-client-request-id": "3cfd657e-3560-4823-b170-f1fee0785a80",
        "x-ms-version": "2023-08-03"
      },
      "RequestBody": null,
      "StatusCode": 201,
      "ResponseHeaders": {
        "Content-Length": "0",
        "Date": "Thu, 28 Sep 2023 22:46:25 GMT",
        "ETag": "\u00220x8DBC074BF780752\u0022",
        "Last-Modified": "Thu, 28 Sep 2023 22:46:26 GMT",
        "Server": [
          "Windows-Azure-Blob/1.0",
          "Microsoft-HTTPAPI/2.0"
        ],
        "x-ms-client-request-id": "3cfd657e-3560-4823-b170-f1fee0785a80",
        "x-ms-request-id": "3b8c27ab-401e-003f-755d-f25921000000",
        "x-ms-version": "2023-08-03"
      },
      "ResponseBody": null
    },
    {
      "RequestUri": "https://REDACTED/ba2789da0listblobsflatoptionsmetadatae8322766e57b03eec/aba2789da1listblobsflatoptionsmetadatae8332623170289c01",
      "RequestMethod": "PUT",
      "RequestHeaders": {
        "Accept": "application/xml",
        "Authorization": "Sanitized",
        "Content-Length": "0",
        "Date": "Thu, 28 Sep 2023 22:46:26 GMT",
        "If-None-Match": "*",
        "User-Agent": "azsdk-java-azure-storage-blob/12.25.0-beta.1 (11.0.16.1; Windows 11; 10.0)",
        "x-ms-blob-content-length": "512",
        "x-ms-blob-type": "PageBlob",
        "x-ms-client-request-id": "e6cf3808-81fb-4fb3-847d-bb75fd577d00",
        "x-ms-version": "2023-08-03"
      },
      "RequestBody": null,
      "StatusCode": 201,
      "ResponseHeaders": {
        "Content-Length": "0",
        "Date": "Thu, 28 Sep 2023 22:46:26 GMT",
        "ETag": "\u00220x8DBC074BF86ECF1\u0022",
        "Last-Modified": "Thu, 28 Sep 2023 22:46:26 GMT",
        "Server": [
          "Windows-Azure-Blob/1.0",
          "Microsoft-HTTPAPI/2.0"
        ],
        "x-ms-client-request-id": "e6cf3808-81fb-4fb3-847d-bb75fd577d00",
        "x-ms-request-id": "3b8c27eb-401e-003f-2f5d-f25921000000",
        "x-ms-request-server-encrypted": "true",
        "x-ms-version": "2023-08-03"
      },
      "ResponseBody": null
    },
    {
      "RequestUri": "https://REDACTED/ba2789da0listblobsflatoptionsmetadatae8322766e57b03eec/cba2789da2listblobsflatoptionsmetadatae8302530b8ef8409e",
      "RequestMethod": "PUT",
      "RequestHeaders": {
        "Accept": "application/xml",
        "Authorization": "Sanitized",
        "Content-Length": "0",
        "Date": "Thu, 28 Sep 2023 22:46:26 GMT",
        "User-Agent": "azsdk-java-azure-storage-blob/12.25.0-beta.1 (11.0.16.1; Windows 11; 10.0)",
        "x-ms-client-request-id": "56e16355-8cc0-401c-a596-a1032256ad5a",
        "x-ms-copy-source": "https://seanmcccanada.blob.core.windows.net/ba2789da0listblobsflatoptionsmetadatae8322766e57b03eec/aba2789da1listblobsflatoptionsmetadatae8332623170289c01",
        "x-ms-version": "2023-08-03"
      },
      "RequestBody": null,
      "StatusCode": 202,
      "ResponseHeaders": {
        "Content-Length": "0",
        "Date": "Thu, 28 Sep 2023 22:46:26 GMT",
        "ETag": "\u00220x8DBC074BF9E1B0A\u0022",
        "Last-Modified": "Thu, 28 Sep 2023 22:46:26 GMT",
        "Server": [
          "Windows-Azure-Blob/1.0",
          "Microsoft-HTTPAPI/2.0"
        ],
        "x-ms-client-request-id": "56e16355-8cc0-401c-a596-a1032256ad5a",
        "x-ms-copy-id": "88d7d421-7bbf-44c4-aa1a-1b74843c9b45",
        "x-ms-copy-status": "success",
        "x-ms-request-id": "39d94188-b01e-0066-1f5d-f2dea2000000",
        "x-ms-version": "2023-08-03"
      },
      "ResponseBody": null
    },
    {
      "RequestUri": "https://REDACTED/ba2789da0listblobsflatoptionsmetadatae8322766e57b03eec/cba2789da2listblobsflatoptionsmetadatae8302530b8ef8409e",
      "RequestMethod": "HEAD",
      "RequestHeaders": {
        "Accept": "application/xml",
        "Authorization": "Sanitized",
        "Content-Length": "0",
        "Date": "Thu, 28 Sep 2023 22:46:31 GMT",
        "User-Agent": "azsdk-java-azure-storage-blob/12.25.0-beta.1 (11.0.16.1; Windows 11; 10.0)",
        "x-ms-client-request-id": "0a5a5a19-eef1-41f4-8462-46cbc99f25a6",
        "x-ms-version": "2023-08-03"
      },
      "RequestBody": null,
      "StatusCode": 200,
      "ResponseHeaders": {
        "Accept-Ranges": "bytes",
        "Content-Length": "512",
        "Content-Type": "application/octet-stream",
        "Date": "Thu, 28 Sep 2023 22:46:31 GMT",
        "ETag": "\u00220x8DBC074BF9E1B0A\u0022",
        "Last-Modified": "Thu, 28 Sep 2023 22:46:26 GMT",
        "Server": [
          "Windows-Azure-Blob/1.0",
          "Microsoft-HTTPAPI/2.0"
        ],
        "x-ms-blob-sequence-number": "0",
        "x-ms-blob-type": "PageBlob",
        "x-ms-client-request-id": "0a5a5a19-eef1-41f4-8462-46cbc99f25a6",
        "x-ms-copy-completion-time": "Thu, 28 Sep 2023 22:46:26 GMT",
        "x-ms-copy-id": "88d7d421-7bbf-44c4-aa1a-1b74843c9b45",
        "x-ms-copy-progress": "512/512",
        "x-ms-copy-source": "https://seanmcccanada.blob.core.windows.net/ba2789da0listblobsflatoptionsmetadatae8322766e57b03eec/aba2789da1listblobsflatoptionsmetadatae8332623170289c01",
        "x-ms-copy-status": "success",
        "x-ms-creation-time": "Thu, 28 Sep 2023 22:46:26 GMT",
        "x-ms-lease-state": "available",
        "x-ms-lease-status": "unlocked",
        "x-ms-request-id": "3b8c3619-401e-003f-625d-f25921000000",
        "x-ms-server-encrypted": "true",
        "x-ms-version": "2023-08-03"
      },
      "ResponseBody": null
    },
    {
      "RequestUri": "https://REDACTED/ba2789da0listblobsflatoptionsmetadatae8322766e57b03eec/mba2789da3listblobsflatoptionsmetadatae831214351304902c",
      "RequestMethod": "PUT",
      "RequestHeaders": {
        "Accept": "application/xml",
        "Authorization": "Sanitized",
        "Content-Length": "0",
        "Date": "Thu, 28 Sep 2023 22:46:31 GMT",
        "User-Agent": "azsdk-java-azure-storage-blob/12.25.0-beta.1 (11.0.16.1; Windows 11; 10.0)",
        "x-ms-blob-content-length": "512",
        "x-ms-blob-type": "PageBlob",
        "x-ms-client-request-id": "29569e79-622b-4937-87fc-7f02b93a2201",
        "x-ms-meta-foo": "bar",
        "x-ms-version": "2023-08-03"
      },
      "RequestBody": null,
      "StatusCode": 201,
      "ResponseHeaders": {
        "Content-Length": "0",
        "Date": "Thu, 28 Sep 2023 22:46:31 GMT",
        "ETag": "\u00220x8DBC074C2B6CD64\u0022",
        "Last-Modified": "Thu, 28 Sep 2023 22:46:31 GMT",
        "Server": [
          "Windows-Azure-Blob/1.0",
          "Microsoft-HTTPAPI/2.0"
        ],
        "x-ms-client-request-id": "29569e79-622b-4937-87fc-7f02b93a2201",
        "x-ms-request-id": "3b8c364d-401e-003f-145d-f25921000000",
        "x-ms-request-server-encrypted": "true",
        "x-ms-version": "2023-08-03"
      },
      "ResponseBody": null
    },
    {
      "RequestUri": "https://REDACTED/ba2789da0listblobsflatoptionsmetadatae8322766e57b03eec/tba2789da4listblobsflatoptionsmetadatae8308160f0393c931",
      "RequestMethod": "PUT",
      "RequestHeaders": {
        "Accept": "application/xml",
        "Authorization": "Sanitized",
        "Content-Length": "0",
        "Date": "Thu, 28 Sep 2023 22:46:31 GMT",
        "User-Agent": "azsdk-java-azure-storage-blob/12.25.0-beta.1 (11.0.16.1; Windows 11; 10.0)",
        "x-ms-blob-content-length": "512",
        "x-ms-blob-type": "PageBlob",
        "x-ms-client-request-id": "a0352fef-d7f1-47b9-8c24-f49937678ae3",
        "x-ms-tags": "ba2789da89356a43=ba2789da91225057",
        "x-ms-version": "2023-08-03"
      },
      "RequestBody": null,
      "StatusCode": 201,
      "ResponseHeaders": {
        "Content-Length": "0",
        "Date": "Thu, 28 Sep 2023 22:46:31 GMT",
        "ETag": "\u00220x8DBC074C2C57144\u0022",
        "Last-Modified": "Thu, 28 Sep 2023 22:46:31 GMT",
        "Server": [
          "Windows-Azure-Blob/1.0",
          "Microsoft-HTTPAPI/2.0"
        ],
        "x-ms-client-request-id": "a0352fef-d7f1-47b9-8c24-f49937678ae3",
        "x-ms-request-id": "3b8c3688-401e-003f-4c5d-f25921000000",
        "x-ms-request-server-encrypted": "true",
        "x-ms-version": "2023-08-03"
      },
      "ResponseBody": null
    },
    {
      "RequestUri": "https://REDACTED/ba2789da0listblobsflatoptionsmetadatae8322766e57b03eec/uba2789da5listblobsflatoptionsmetadatae83945189a000ffb5?comp=block\u0026blockid=ZjQ5NzgyMTUtOGM5Yi00MTlhLTg3OTYtMjZjN2FhOTQwNDFl",
      "RequestMethod": "PUT",
      "RequestHeaders": {
        "Accept": "application/xml",
        "Authorization": "Sanitized",
        "Content-Length": "7",
        "Content-Type": "application/octet-stream",
        "Date": "Thu, 28 Sep 2023 22:46:31 GMT",
        "User-Agent": "azsdk-java-azure-storage-blob/12.25.0-beta.1 (11.0.16.1; Windows 11; 10.0)",
        "x-ms-client-request-id": "006e1813-4bbf-483c-8356-af7c93b22b7c",
        "x-ms-version": "2023-08-03"
      },
      "RequestBody": "ZGVmYXVsdA==",
      "StatusCode": 201,
      "ResponseHeaders": {
        "Content-Length": "0",
        "Date": "Thu, 28 Sep 2023 22:46:31 GMT",
        "Server": [
          "Windows-Azure-Blob/1.0",
          "Microsoft-HTTPAPI/2.0"
        ],
        "x-ms-client-request-id": "006e1813-4bbf-483c-8356-af7c93b22b7c",
        "x-ms-content-crc64": "6RYQPwaVsyQ=",
        "x-ms-request-id": "3b8c36cb-401e-003f-0d5d-f25921000000",
        "x-ms-request-server-encrypted": "true",
        "x-ms-version": "2023-08-03"
      },
      "ResponseBody": null
    },
    {
      "RequestUri": "https://REDACTED/ba2789da0listblobsflatoptionsmetadatae8322766e57b03eec/aba2789da1listblobsflatoptionsmetadatae8332623170289c01?comp=snapshot",
      "RequestMethod": "PUT",
      "RequestHeaders": {
        "Accept": "application/xml",
        "Authorization": "Sanitized",
        "Content-Length": "0",
        "Date": "Thu, 28 Sep 2023 22:46:31 GMT",
        "User-Agent": "azsdk-java-azure-storage-blob/12.25.0-beta.1 (11.0.16.1; Windows 11; 10.0)",
        "x-ms-client-request-id": "c1dd25d8-2034-4949-851f-aba1555dc9a6",
        "x-ms-version": "2023-08-03"
      },
      "RequestBody": null,
      "StatusCode": 201,
      "ResponseHeaders": {
        "Content-Length": "0",
        "Date": "Thu, 28 Sep 2023 22:46:31 GMT",
        "ETag": "\u00220x8DBC074BF86ECF1\u0022",
        "Last-Modified": "Thu, 28 Sep 2023 22:46:26 GMT",
        "Server": [
          "Windows-Azure-Blob/1.0",
          "Microsoft-HTTPAPI/2.0"
        ],
        "x-ms-client-request-id": "c1dd25d8-2034-4949-851f-aba1555dc9a6",
        "x-ms-request-id": "3b8c3714-401e-003f-515d-f25921000000",
        "x-ms-request-server-encrypted": "false",
        "x-ms-snapshot": "2023-09-28T22:46:32.1434869Z",
        "x-ms-version": "2023-08-03"
      },
      "ResponseBody": null
    },
    {
      "RequestUri": "https://REDACTED/ba2789da0listblobsflatoptionsmetadatae8322766e57b03eec?restype=container\u0026comp=list\u0026include=metadata",
      "RequestMethod": "GET",
      "RequestHeaders": {
        "Accept": "application/xml",
        "Authorization": "Sanitized",
        "Content-Length": "0",
        "Date": "Thu, 28 Sep 2023 22:46:32 GMT",
        "User-Agent": "azsdk-java-azure-storage-blob/12.25.0-beta.1 (11.0.16.1; Windows 11; 10.0)",
        "x-ms-client-request-id": "fe01d74d-fd25-4b7e-8c8e-aff61e1b216d",
        "x-ms-version": "2023-08-03"
      },
      "RequestBody": null,
      "StatusCode": 200,
      "ResponseHeaders": {
        "Content-Type": "application/xml",
        "Date": "Thu, 28 Sep 2023 22:46:31 GMT",
        "Server": [
          "Windows-Azure-Blob/1.0",
          "Microsoft-HTTPAPI/2.0"
        ],
        "Transfer-Encoding": "chunked",
        "x-ms-client-request-id": "fe01d74d-fd25-4b7e-8c8e-aff61e1b216d",
        "x-ms-request-id": "3b8c3746-401e-003f-7f5d-f25921000000",
        "x-ms-version": "2023-08-03"
      },
      "ResponseBody": "\uFEFF\u003C?xml version=\u00221.0\u0022 encoding=\u0022utf-8\u0022?\u003E\u003CEnumerationResults ServiceEndpoint=\u0022https://seanmcccanada.blob.core.windows.net/\u0022 ContainerName=\u0022ba2789da0listblobsflatoptionsmetadatae8322766e57b03eec\u0022\u003E\u003CBlobs\u003E\u003CBlob\u003E\u003CName\u003Eaba2789da1listblobsflatoptionsmetadatae8332623170289c01\u003C/Name\u003E\u003CProperties\u003E\u003CCreation-Time\u003EThu, 28 Sep 2023 22:46:26 GMT\u003C/Creation-Time\u003E\u003CLast-Modified\u003EThu, 28 Sep 2023 22:46:26 GMT\u003C/Last-Modified\u003E\u003CEtag\u003E0x8DBC074BF86ECF1\u003C/Etag\u003E\u003CContent-Length\u003E512\u003C/Content-Length\u003E\u003CContent-Type\u003Eapplication/octet-stream\u003C/Content-Type\u003E\u003CContent-Encoding /\u003E\u003CContent-Language /\u003E\u003CContent-CRC64 /\u003E\u003CContent-MD5 /\u003E\u003CCache-Control /\u003E\u003CContent-Disposition /\u003E\u003Cx-ms-blob-sequence-number\u003E0\u003C/x-ms-blob-sequence-number\u003E\u003CBlobType\u003EPageBlob\u003C/BlobType\u003E\u003CLeaseStatus\u003Eunlocked\u003C/LeaseStatus\u003E\u003CLeaseState\u003Eavailable\u003C/LeaseState\u003E\u003CServerEncrypted\u003Etrue\u003C/ServerEncrypted\u003E\u003C/Properties\u003E\u003CMetadata /\u003E\u003COrMetadata /\u003E\u003C/Blob\u003E\u003CBlob\u003E\u003CName\u003Ecba2789da2listblobsflatoptionsmetadatae8302530b8ef8409e\u003C/Name\u003E\u003CProperties\u003E\u003CCreation-Time\u003EThu, 28 Sep 2023 22:46:26 GMT\u003C/Creation-Time\u003E\u003CLast-Modified\u003EThu, 28 Sep 2023 22:46:26 GMT\u003C/Last-Modified\u003E\u003CEtag\u003E0x8DBC074BF9E1B0A\u003C/Etag\u003E\u003CContent-Length\u003E512\u003C/Content-Length\u003E\u003CContent-Type\u003Eapplication/octet-stream\u003C/Content-Type\u003E\u003CContent-Encoding /\u003E\u003CContent-Language /\u003E\u003CContent-CRC64 /\u003E\u003CContent-MD5 /\u003E\u003CCache-Control /\u003E\u003CContent-Disposition /\u003E\u003Cx-ms-blob-sequence-number\u003E0\u003C/x-ms-blob-sequence-number\u003E\u003CBlobType\u003EPageBlob\u003C/BlobType\u003E\u003CLeaseStatus\u003Eunlocked\u003C/LeaseStatus\u003E\u003CLeaseState\u003Eavailable\u003C/LeaseState\u003E\u003CServerEncrypted\u003Etrue\u003C/ServerEncrypted\u003E\u003C/Properties\u003E\u003CMetadata /\u003E\u003COrMetadata /\u003E\u003C/Blob\u003E\u003CBlob\u003E\u003CName\u003Emba2789da3listblobsflatoptionsmetadatae831214351304902c\u003C/Name\u003E\u003CProperties\u003E\u003CCreation-Time\u003EThu, 28 Sep 2023 22:46:31 GMT\u003C/Creation-Time\u003E\u003CLast-Modified\u003EThu, 28 Sep 2023 22:46:31 GMT\u003C/Last-Modified\u003E\u003CEtag\u003E0x8DBC074C2B6CD64\u003C/Etag\u003E\u003CContent-Length\u003E512\u003C/Content-Length\u003E\u003CContent-Type\u003Eapplication/octet-stream\u003C/Content-Type\u003E\u003CContent-Encoding /\u003E\u003CContent-Language /\u003E\u003CContent-CRC64 /\u003E\u003CContent-MD5 /\u003E\u003CCache-Control /\u003E\u003CContent-Disposition /\u003E\u003Cx-ms-blob-sequence-number\u003E0\u003C/x-ms-blob-sequence-number\u003E\u003CBlobType\u003EPageBlob\u003C/BlobType\u003E\u003CLeaseStatus\u003Eunlocked\u003C/LeaseStatus\u003E\u003CLeaseState\u003Eavailable\u003C/LeaseState\u003E\u003CServerEncrypted\u003Etrue\u003C/ServerEncrypted\u003E\u003C/Properties\u003E\u003CMetadata\u003E\u003Cfoo\u003Ebar\u003C/foo\u003E\u003C/Metadata\u003E\u003COrMetadata /\u003E\u003C/Blob\u003E\u003CBlob\u003E\u003CName\u003Etba2789da4listblobsflatoptionsmetadatae8308160f0393c931\u003C/Name\u003E\u003CProperties\u003E\u003CCreation-Time\u003EThu, 28 Sep 2023 22:46:31 GMT\u003C/Creation-Time\u003E\u003CLast-Modified\u003EThu, 28 Sep 2023 22:46:31 GMT\u003C/Last-Modified\u003E\u003CEtag\u003E0x8DBC074C2C57144\u003C/Etag\u003E\u003CContent-Length\u003E512\u003C/Content-Length\u003E\u003CContent-Type\u003Eapplication/octet-stream\u003C/Content-Type\u003E\u003CContent-Encoding /\u003E\u003CContent-Language /\u003E\u003CContent-CRC64 /\u003E\u003CContent-MD5 /\u003E\u003CCache-Control /\u003E\u003CContent-Disposition /\u003E\u003Cx-ms-blob-sequence-number\u003E0\u003C/x-ms-blob-sequence-number\u003E\u003CBlobType\u003EPageBlob\u003C/BlobType\u003E\u003CLeaseStatus\u003Eunlocked\u003C/LeaseStatus\u003E\u003CLeaseState\u003Eavailable\u003C/LeaseState\u003E\u003CServerEncrypted\u003Etrue\u003C/ServerEncrypted\u003E\u003CTagCount\u003E1\u003C/TagCount\u003E\u003C/Properties\u003E\u003CMetadata /\u003E\u003COrMetadata /\u003E\u003C/Blob\u003E\u003C/Blobs\u003E\u003CNextMarker /\u003E\u003C/EnumerationResults\u003E"
    }
  ],
  "Variables": {
    "0": "ba2789da0listblobsflatoptionsmetadatae8322766e57b03eec",
    "1": "ba2789da89356a43",
    "2": "ba2789da91225057",
    "3": "ba2789da1listblobsflatoptionsmetadatae8332623170289c01",
    "4": "ba2789da2listblobsflatoptionsmetadatae8302530b8ef8409e",
    "5": "ba2789da3listblobsflatoptionsmetadatae831214351304902c",
    "6": "ba2789da4listblobsflatoptionsmetadatae8308160f0393c931",
    "7": "ba2789da5listblobsflatoptionsmetadatae83945189a000ffb5",
    "8": "f4978215-8c9b-419a-8796-26c7aa94041e"
  }
}
