{
  "Entries": [
    {
      "RequestUri": "https://REDACTED/725a6fc60listblobshierinvalidxml51928336f9adf9481fc?restype=container",
      "RequestMethod": "PUT",
      "RequestHeaders": {
        "Accept": "application/xml",
        "Authorization": "Sanitized",
        "Content-Length": "0",
        "Date": "Thu, 12 Oct 2023 16:47:20 GMT",
        "User-Agent": "azsdk-java-azure-storage-blob/12.25.0-beta.1 (17.0.8.1; Windows 11; 10.0)",
        "x-ms-client-request-id": "1c4fcb30-5a47-4065-a0e3-f688f67b87b7",
        "x-ms-version": "2023-08-03"
      },
      "RequestBody": null,
      "StatusCode": 201,
      "ResponseHeaders": {
        "Content-Length": "0",
        "Date": "Thu, 12 Oct 2023 16:47:20 GMT",
        "ETag": "\u00220x8DBCB42E6F649F2\u0022",
        "Last-Modified": "Thu, 12 Oct 2023 16:47:20 GMT",
        "Server": [
          "Windows-Azure-Blob/1.0",
          "Microsoft-HTTPAPI/2.0"
        ],
        "x-ms-client-request-id": "1c4fcb30-5a47-4065-a0e3-f688f67b87b7",
        "x-ms-request-id": "3ea20b5d-901e-0029-362b-fdf4c5000000",
        "x-ms-version": "2023-08-03"
      },
      "ResponseBody": null
    },
    {
      "RequestUri": "https://REDACTED/725a6fc60listblobshierinvalidxml51928336f9adf9481fc/dir1%2Fdir2%2Ffile%EF%BF%BE.blob",
      "RequestMethod": "PUT",
      "RequestHeaders": {
        "Accept": "application/xml",
        "Authorization": "Sanitized",
        "Content-Length": "0",
        "Date": "Thu, 12 Oct 2023 16:47:20 GMT",
        "If-None-Match": "*",
        "User-Agent": "azsdk-java-azure-storage-blob/12.25.0-beta.1 (17.0.8.1; Windows 11; 10.0)",
        "x-ms-blob-type": "AppendBlob",
        "x-ms-client-request-id": "40a9d81a-5533-4a05-b5f6-b99ec7c30170",
        "x-ms-version": "2023-08-03"
      },
      "RequestBody": null,
      "StatusCode": 201,
      "ResponseHeaders": {
        "Content-Length": "0",
        "Date": "Thu, 12 Oct 2023 16:47:19 GMT",
        "ETag": "\u00220x8DBCB42E6F9D987\u0022",
        "Last-Modified": "Thu, 12 Oct 2023 16:47:20 GMT",
        "Server": [
          "Windows-Azure-Blob/1.0",
          "Microsoft-HTTPAPI/2.0"
        ],
        "x-ms-client-request-id": "40a9d81a-5533-4a05-b5f6-b99ec7c30170",
        "x-ms-request-id": "3d1e369f-601e-0060-5e2b-fdb62e000000",
        "x-ms-request-server-encrypted": "true",
        "x-ms-version": "2023-08-03"
      },
      "ResponseBody": null
    },
    {
      "RequestUri": "https://REDACTED/725a6fc60listblobshierinvalidxml51928336f9adf9481fc?restype=container\u0026comp=list\u0026delimiter=",
      "RequestMethod": "GET",
      "RequestHeaders": {
        "Accept": "application/xml",
        "Authorization": "Sanitized",
        "Content-Length": "0",
        "Date": "Thu, 12 Oct 2023 16:47:20 GMT",
        "User-Agent": "azsdk-java-azure-storage-blob/12.25.0-beta.1 (17.0.8.1; Windows 11; 10.0)",
        "x-ms-client-request-id": "c0330581-7e05-4630-ac13-3d6551916c0d",
        "x-ms-version": "2023-08-03"
      },
      "RequestBody": null,
      "StatusCode": 200,
      "ResponseHeaders": {
        "Access-Control-Allow-Origin": "*",
        "Access-Control-Expose-Headers": "x-ms-client-request-id",
        "Content-Type": "application/xml",
        "Date": "Thu, 12 Oct 2023 16:47:19 GMT",
        "Server": [
          "Windows-Azure-Blob/1.0",
          "Microsoft-HTTPAPI/2.0"
        ],
        "Transfer-Encoding": "chunked",
        "x-ms-client-request-id": "c0330581-7e05-4630-ac13-3d6551916c0d",
        "x-ms-request-id": "3d1e36be-601e-0060-7a2b-fdb62e000000",
        "x-ms-version": "2023-08-03"
      },
      "ResponseBody": "\uFEFF\u003C?xml version=\u00221.0\u0022 encoding=\u0022utf-8\u0022?\u003E\u003CEnumerationResults ServiceEndpoint=\u0022https://primt6eec3df887974152.blob.core.windows.net/\u0022 ContainerName=\u0022725a6fc60listblobshierinvalidxml51928336f9adf9481fc\u0022\u003E\u003CBlobs\u003E\u003CBlob\u003E\u003CName Encoded=\u0022true\u0022\u003Edir1%2Fdir2%2Ffile%EF%BF%BE.blob\u003C/Name\u003E\u003CProperties\u003E\u003CCreation-Time\u003EThu, 12 Oct 2023 16:47:20 GMT\u003C/Creation-Time\u003E\u003CLast-Modified\u003EThu, 12 Oct 2023 16:47:20 GMT\u003C/Last-Modified\u003E\u003CEtag\u003E0x8DBCB42E6F9D987\u003C/Etag\u003E\u003CContent-Length\u003E0\u003C/Content-Length\u003E\u003CContent-Type\u003Eapplication/octet-stream\u003C/Content-Type\u003E\u003CContent-Encoding /\u003E\u003CContent-Language /\u003E\u003CContent-CRC64 /\u003E\u003CContent-MD5 /\u003E\u003CCache-Control /\u003E\u003CContent-Disposition /\u003E\u003CBlobType\u003EAppendBlob\u003C/BlobType\u003E\u003CLeaseStatus\u003Eunlocked\u003C/LeaseStatus\u003E\u003CLeaseState\u003Eavailable\u003C/LeaseState\u003E\u003CServerEncrypted\u003Etrue\u003C/ServerEncrypted\u003E\u003C/Properties\u003E\u003COrMetadata /\u003E\u003C/Blob\u003E\u003C/Blobs\u003E\u003CNextMarker /\u003E\u003C/EnumerationResults\u003E"
    }
  ],
  "Variables": {
    "0": "725a6fc60listblobshierinvalidxml51928336f9adf9481fc",
    "1": "725a6fc660463309",
    "2": "725a6fc651844bcf"
  }
}
