{
  "Entries": [
    {
      "RequestUri": "https://REDACTED/c18c10d20setaccesspolicyac74f19452b95c274c447045?restype=container",
      "RequestMethod": "PUT",
      "RequestHeaders": {
        "Accept": "application/xml",
        "Authorization": "Sanitized",
        "Content-Length": "0",
        "Date": "Thu, 23 Nov 2023 20:12:17 GMT",
        "User-Agent": "azsdk-java-azure-storage-blob/12.26.0-beta.1 (17.0.8; Windows 11; 10.0)",
        "x-ms-client-request-id": "5cd04d3c-58e3-4df3-a34d-433200eae9c1",
        "x-ms-version": "2024-02-04"
      },
      "RequestBody": null,
      "StatusCode": 201,
      "ResponseHeaders": {
        "Content-Length": "0",
        "Date": "Thu, 23 Nov 2023 20:12:20 GMT",
        "ETag": "\u00220x8DBEC60805E95D6\u0022",
        "Last-Modified": "Thu, 23 Nov 2023 20:12:21 GMT",
        "Server": [
          "Windows-Azure-Blob/1.0",
          "Microsoft-HTTPAPI/2.0"
        ],
        "x-ms-client-request-id": "5cd04d3c-58e3-4df3-a34d-433200eae9c1",
        "x-ms-request-id": "5d696589-701e-007b-5f49-1ed5fa000000",
        "x-ms-version": "2024-02-04"
      },
      "ResponseBody": null
    },
    {
      "RequestUri": "https://REDACTED/c18c10d20setaccesspolicyac74f19452b95c274c447045?restype=container",
      "RequestMethod": "PUT",
      "RequestHeaders": {
        "Accept": "application/xml",
        "Authorization": "Sanitized",
        "Content-Length": "0",
        "Date": "Thu, 23 Nov 2023 20:12:17 GMT",
        "User-Agent": "azsdk-java-azure-storage-blob/12.26.0-beta.1 (17.0.8; Windows 11; 10.0)",
        "x-ms-client-request-id": "63aeca34-92ed-4bd1-a116-788b9e00f84f",
        "x-ms-version": "2024-02-04"
      },
      "RequestBody": null,
      "StatusCode": 409,
      "ResponseHeaders": {
        "Content-Length": "230",
        "Content-Type": "application/xml",
        "Date": "Thu, 23 Nov 2023 20:12:21 GMT",
        "Server": [
          "Windows-Azure-Blob/1.0",
          "Microsoft-HTTPAPI/2.0"
        ],
        "x-ms-client-request-id": "63aeca34-92ed-4bd1-a116-788b9e00f84f",
        "x-ms-error-code": "ContainerAlreadyExists",
        "x-ms-request-id": "85710066-f01e-0017-3c49-1e3e6d000000",
        "x-ms-version": "2024-02-04"
      },
      "ResponseBody": [
        "\uFEFF\u003C?xml version=\u00221.0\u0022 encoding=\u0022utf-8\u0022?\u003E\u003CError\u003E\u003CCode\u003EContainerAlreadyExists\u003C/Code\u003E\u003CMessage\u003EThe specified container already exists.\n",
        "RequestId:85710066-f01e-0017-3c49-1e3e6d000000\n",
        "Time:2023-11-23T20:12:21.8646961Z\u003C/Message\u003E\u003C/Error\u003E"
      ]
    },
    {
      "RequestUri": "https://REDACTED/c18c10d20setaccesspolicyac74f19452b95c274c447045?comp=lease\u0026restype=container",
      "RequestMethod": "PUT",
      "RequestHeaders": {
        "Accept": "application/xml",
        "Authorization": "Sanitized",
        "Content-Length": "0",
        "Date": "Thu, 23 Nov 2023 20:12:17 GMT",
        "User-Agent": "azsdk-java-azure-storage-blob/12.26.0-beta.1 (17.0.8; Windows 11; 10.0)",
        "x-ms-client-request-id": "31859405-c141-4b2f-805d-fbce5ae8c1d6",
        "x-ms-lease-action": "acquire",
        "x-ms-lease-duration": "-1",
        "x-ms-proposed-lease-id": "ad308fa4-e340-498b-88f6-fde602c96d5e",
        "x-ms-version": "2024-02-04"
      },
      "RequestBody": null,
      "StatusCode": 201,
      "ResponseHeaders": {
        "Content-Length": "0",
        "Date": "Thu, 23 Nov 2023 20:12:21 GMT",
        "ETag": "\u00220x8DBEC60805E95D6\u0022",
        "Last-Modified": "Thu, 23 Nov 2023 20:12:21 GMT",
        "Server": [
          "Windows-Azure-Blob/1.0",
          "Microsoft-HTTPAPI/2.0"
        ],
        "x-ms-client-request-id": "31859405-c141-4b2f-805d-fbce5ae8c1d6",
        "x-ms-lease-id": "ad308fa4-e340-498b-88f6-fde602c96d5e",
        "x-ms-request-id": "857100de-f01e-0017-2b49-1e3e6d000000",
        "x-ms-version": "2024-02-04"
      },
      "ResponseBody": null
    },
    {
      "RequestUri": "https://REDACTED/c18c10d20setaccesspolicyac74f19452b95c274c447045?restype=container\u0026comp=acl",
      "RequestMethod": "PUT",
      "RequestHeaders": {
        "Accept": "application/xml",
        "Authorization": "Sanitized",
        "Content-Length": "58",
        "Content-Type": "application/xml",
        "Date": "Thu, 23 Nov 2023 20:12:17 GMT",
        "User-Agent": "azsdk-java-azure-storage-blob/12.26.0-beta.1 (17.0.8; Windows 11; 10.0)",
        "x-ms-client-request-id": "55b490d7-1f34-44a6-b2cc-4f743a705cbf",
        "x-ms-lease-id": "ad308fa4-e340-498b-88f6-fde602c96d5e",
        "x-ms-version": "2024-02-04"
      },
      "RequestBody": "\u003C?xml version=\u00271.0\u0027 encoding=\u0027UTF-8\u0027?\u003E\u003CSignedIdentifiers/\u003E",
      "StatusCode": 200,
      "ResponseHeaders": {
        "Content-Length": "0",
        "Date": "Thu, 23 Nov 2023 20:12:21 GMT",
        "ETag": "\u00220x8DBEC60808402F2\u0022",
        "Last-Modified": "Thu, 23 Nov 2023 20:12:22 GMT",
        "Server": [
          "Windows-Azure-Blob/1.0",
          "Microsoft-HTTPAPI/2.0"
        ],
        "x-ms-client-request-id": "55b490d7-1f34-44a6-b2cc-4f743a705cbf",
        "x-ms-request-id": "85710170-f01e-0017-3a49-1e3e6d000000",
        "x-ms-version": "2024-02-04"
      },
      "ResponseBody": null
    }
  ],
  "Variables": {
    "0": "c18c10d20setaccesspolicyac74f19452b95c274c447045",
    "1": "c18c10d2873887ab",
    "2": "c18c10d212704ac1"
  }
}
