{
  "Entries": [
    {
      "RequestUri": "https://REDACTED/a7a30ec90listblobshieroptionsprefix5cd136289de3a7857c?restype=container",
      "RequestMethod": "PUT",
      "RequestHeaders": {
        "Accept": "application/xml",
        "Authorization": "Sanitized",
        "Content-Length": "0",
        "Date": "Thu, 12 Oct 2023 14:29:31 GMT",
        "User-Agent": "azsdk-java-azure-storage-blob/12.25.0-beta.1 (17.0.8.1; Windows 11; 10.0)",
        "x-ms-client-request-id": "9fd8a8a0-7069-46a7-835c-9a711f416ec3",
        "x-ms-version": "2023-08-03"
      },
      "RequestBody": null,
      "StatusCode": 201,
      "ResponseHeaders": {
        "Content-Length": "0",
        "Date": "Thu, 12 Oct 2023 14:29:30 GMT",
        "ETag": "\u00220x8DBCB2FA6016706\u0022",
        "Last-Modified": "Thu, 12 Oct 2023 14:29:31 GMT",
        "Server": [
          "Windows-Azure-Blob/1.0",
          "Microsoft-HTTPAPI/2.0"
        ],
        "x-ms-client-request-id": "9fd8a8a0-7069-46a7-835c-9a711f416ec3",
        "x-ms-request-id": "284ab3eb-e01e-000c-3518-fd5db9000000",
        "x-ms-version": "2023-08-03"
      },
      "ResponseBody": null
    },
    {
      "RequestUri": "https://REDACTED/a7a30ec90listblobshieroptionsprefix5cd136289de3a7857c/aa7a30ec91listblobshieroptionsprefix5cd28298a746c6d697",
      "RequestMethod": "PUT",
      "RequestHeaders": {
        "Accept": "application/xml",
        "Authorization": "Sanitized",
        "Content-Length": "0",
        "Date": "Thu, 12 Oct 2023 14:29:31 GMT",
        "If-None-Match": "*",
        "User-Agent": "azsdk-java-azure-storage-blob/12.25.0-beta.1 (17.0.8.1; Windows 11; 10.0)",
        "x-ms-blob-content-length": "512",
        "x-ms-blob-type": "PageBlob",
        "x-ms-client-request-id": "4ae37e96-20e7-4dfa-bdec-4d553eec7002",
        "x-ms-version": "2023-08-03"
      },
      "RequestBody": null,
      "StatusCode": 201,
      "ResponseHeaders": {
        "Content-Length": "0",
        "Date": "Thu, 12 Oct 2023 14:29:30 GMT",
        "ETag": "\u00220x8DBCB2FA605919B\u0022",
        "Last-Modified": "Thu, 12 Oct 2023 14:29:31 GMT",
        "Server": [
          "Windows-Azure-Blob/1.0",
          "Microsoft-HTTPAPI/2.0"
        ],
        "x-ms-client-request-id": "4ae37e96-20e7-4dfa-bdec-4d553eec7002",
        "x-ms-request-id": "284ab40a-e01e-000c-5018-fd5db9000000",
        "x-ms-request-server-encrypted": "true",
        "x-ms-version": "2023-08-03"
      },
      "ResponseBody": null
    },
    {
      "RequestUri": "https://REDACTED/a7a30ec90listblobshieroptionsprefix5cd136289de3a7857c/ca7a30ec92listblobshieroptionsprefix5cd36750dd650ad601",
      "RequestMethod": "PUT",
      "RequestHeaders": {
        "Accept": "application/xml",
        "Authorization": "Sanitized",
        "Content-Length": "0",
        "Date": "Thu, 12 Oct 2023 14:29:31 GMT",
        "User-Agent": "azsdk-java-azure-storage-blob/12.25.0-beta.1 (17.0.8.1; Windows 11; 10.0)",
        "x-ms-client-request-id": "6ba06d60-369a-44de-89a4-2b7967a532d8",
        "x-ms-copy-source": "https://REDACTED/a7a30ec90listblobshieroptionsprefix5cd136289de3a7857c/aa7a30ec91listblobshieroptionsprefix5cd28298a746c6d697",
        "x-ms-version": "2023-08-03"
      },
      "RequestBody": null,
      "StatusCode": 202,
      "ResponseHeaders": {
        "Content-Length": "0",
        "Date": "Thu, 12 Oct 2023 14:29:31 GMT",
        "ETag": "\u00220x8DBCB2FA65DDDFC\u0022",
        "Last-Modified": "Thu, 12 Oct 2023 14:29:31 GMT",
        "Server": [
          "Windows-Azure-Blob/1.0",
          "Microsoft-HTTPAPI/2.0"
        ],
        "x-ms-client-request-id": "6ba06d60-369a-44de-89a4-2b7967a532d8",
        "x-ms-copy-id": "f2c88abe-35a3-4398-95df-6caf9b387ec2",
        "x-ms-copy-status": "success",
        "x-ms-request-id": "284ab431-e01e-000c-7218-fd5db9000000",
        "x-ms-version": "2023-08-03"
      },
      "ResponseBody": null
    },
    {
      "RequestUri": "https://REDACTED/a7a30ec90listblobshieroptionsprefix5cd136289de3a7857c/ca7a30ec92listblobshieroptionsprefix5cd36750dd650ad601",
      "RequestMethod": "HEAD",
      "RequestHeaders": {
        "Accept": "application/xml",
        "Authorization": "Sanitized",
        "Content-Length": "0",
        "Date": "Thu, 12 Oct 2023 14:29:36 GMT",
        "User-Agent": "azsdk-java-azure-storage-blob/12.25.0-beta.1 (17.0.8.1; Windows 11; 10.0)",
        "x-ms-client-request-id": "78868027-fa3d-48c2-bc92-e585ecba2475",
        "x-ms-version": "2023-08-03"
      },
      "RequestBody": null,
      "StatusCode": 200,
      "ResponseHeaders": {
        "Accept-Ranges": "bytes",
        "Access-Control-Allow-Origin": "*",
        "Access-Control-Expose-Headers": "x-ms-client-request-id",
        "Content-Length": "512",
        "Content-Type": "application/octet-stream",
        "Date": "Thu, 12 Oct 2023 14:29:36 GMT",
        "ETag": "\u00220x8DBCB2FA65DDDFC\u0022",
        "Last-Modified": "Thu, 12 Oct 2023 14:29:31 GMT",
        "Server": [
          "Windows-Azure-Blob/1.0",
          "Microsoft-HTTPAPI/2.0"
        ],
        "x-ms-blob-sequence-number": "0",
        "x-ms-blob-type": "PageBlob",
        "x-ms-client-request-id": "78868027-fa3d-48c2-bc92-e585ecba2475",
        "x-ms-copy-completion-time": "Thu, 12 Oct 2023 14:29:31 GMT",
        "x-ms-copy-id": "f2c88abe-35a3-4398-95df-6caf9b387ec2",
        "x-ms-copy-progress": "512/512",
        "x-ms-copy-source": "https://REDACTED/a7a30ec90listblobshieroptionsprefix5cd136289de3a7857c/aa7a30ec91listblobshieroptionsprefix5cd28298a746c6d697",
        "x-ms-copy-status": "success",
        "x-ms-creation-time": "Thu, 12 Oct 2023 14:29:31 GMT",
        "x-ms-lease-state": "available",
        "x-ms-lease-status": "unlocked",
        "x-ms-request-id": "284acaf8-e01e-000c-5618-fd5db9000000",
        "x-ms-server-encrypted": "true",
        "x-ms-version": "2023-08-03"
      },
      "ResponseBody": null
    },
    {
      "RequestUri": "https://REDACTED/a7a30ec90listblobshieroptionsprefix5cd136289de3a7857c/ma7a30ec93listblobshieroptionsprefix5cd39264ab50ab181a",
      "RequestMethod": "PUT",
      "RequestHeaders": {
        "Accept": "application/xml",
        "Authorization": "Sanitized",
        "Content-Length": "0",
        "Date": "Thu, 12 Oct 2023 14:29:36 GMT",
        "User-Agent": "azsdk-java-azure-storage-blob/12.25.0-beta.1 (17.0.8.1; Windows 11; 10.0)",
        "x-ms-blob-content-length": "512",
        "x-ms-blob-type": "PageBlob",
        "x-ms-client-request-id": "d281044b-8c9a-4969-b1c0-c46f4d310e80",
        "x-ms-meta-foo": "bar",
        "x-ms-version": "2023-08-03"
      },
      "RequestBody": null,
      "StatusCode": 201,
      "ResponseHeaders": {
        "Content-Length": "0",
        "Date": "Thu, 12 Oct 2023 14:29:36 GMT",
        "ETag": "\u00220x8DBCB2FA9635AE6\u0022",
        "Last-Modified": "Thu, 12 Oct 2023 14:29:36 GMT",
        "Server": [
          "Windows-Azure-Blob/1.0",
          "Microsoft-HTTPAPI/2.0"
        ],
        "x-ms-client-request-id": "d281044b-8c9a-4969-b1c0-c46f4d310e80",
        "x-ms-request-id": "284acb08-e01e-000c-6518-fd5db9000000",
        "x-ms-request-server-encrypted": "true",
        "x-ms-version": "2023-08-03"
      },
      "ResponseBody": null
    },
    {
      "RequestUri": "https://REDACTED/a7a30ec90listblobshieroptionsprefix5cd136289de3a7857c/ta7a30ec94listblobshieroptionsprefix5cd595782328d97831",
      "RequestMethod": "PUT",
      "RequestHeaders": {
        "Accept": "application/xml",
        "Authorization": "Sanitized",
        "Content-Length": "0",
        "Date": "Thu, 12 Oct 2023 14:29:36 GMT",
        "User-Agent": "azsdk-java-azure-storage-blob/12.25.0-beta.1 (17.0.8.1; Windows 11; 10.0)",
        "x-ms-blob-content-length": "512",
        "x-ms-blob-type": "PageBlob",
        "x-ms-client-request-id": "cc67ff40-7382-4f0b-94ca-47316c945727",
        "x-ms-tags": "a7a30ec9594646f8=a7a30ec98281702b",
        "x-ms-version": "2023-08-03"
      },
      "RequestBody": null,
      "StatusCode": 201,
      "ResponseHeaders": {
        "Content-Length": "0",
        "Date": "Thu, 12 Oct 2023 14:29:36 GMT",
        "ETag": "\u00220x8DBCB2FA967C713\u0022",
        "Last-Modified": "Thu, 12 Oct 2023 14:29:36 GMT",
        "Server": [
          "Windows-Azure-Blob/1.0",
          "Microsoft-HTTPAPI/2.0"
        ],
        "x-ms-client-request-id": "cc67ff40-7382-4f0b-94ca-47316c945727",
        "x-ms-request-id": "284acb21-e01e-000c-7b18-fd5db9000000",
        "x-ms-request-server-encrypted": "true",
        "x-ms-version": "2023-08-03"
      },
      "ResponseBody": null
    },
    {
      "RequestUri": "https://REDACTED/a7a30ec90listblobshieroptionsprefix5cd136289de3a7857c/ua7a30ec95listblobshieroptionsprefix5cd20406b75c5c4f0c?comp=block\u0026blockid=ZDFjYjM0MTItMmQxNC00NmMyLTlkNzQtMDhlY2VjMGVkNDAw",
      "RequestMethod": "PUT",
      "RequestHeaders": {
        "Accept": "application/xml",
        "Authorization": "Sanitized",
        "Content-Length": "7",
        "Content-Type": "application/octet-stream",
        "Date": "Thu, 12 Oct 2023 14:29:36 GMT",
        "User-Agent": "azsdk-java-azure-storage-blob/12.25.0-beta.1 (17.0.8.1; Windows 11; 10.0)",
        "x-ms-client-request-id": "3501e213-1182-41fa-bd83-97d4a5e6d8ac",
        "x-ms-version": "2023-08-03"
      },
      "RequestBody": "ZGVmYXVsdA==",
      "StatusCode": 201,
      "ResponseHeaders": {
        "Content-Length": "0",
        "Date": "Thu, 12 Oct 2023 14:29:36 GMT",
        "Server": [
          "Windows-Azure-Blob/1.0",
          "Microsoft-HTTPAPI/2.0"
        ],
        "x-ms-client-request-id": "3501e213-1182-41fa-bd83-97d4a5e6d8ac",
        "x-ms-content-crc64": "6RYQPwaVsyQ=",
        "x-ms-request-id": "284acb31-e01e-000c-0b18-fd5db9000000",
        "x-ms-request-server-encrypted": "true",
        "x-ms-version": "2023-08-03"
      },
      "ResponseBody": null
    },
    {
      "RequestUri": "https://REDACTED/a7a30ec90listblobshieroptionsprefix5cd136289de3a7857c/aa7a30ec91listblobshieroptionsprefix5cd28298a746c6d697?comp=snapshot",
      "RequestMethod": "PUT",
      "RequestHeaders": {
        "Accept": "application/xml",
        "Authorization": "Sanitized",
        "Content-Length": "0",
        "Date": "Thu, 12 Oct 2023 14:29:36 GMT",
        "User-Agent": "azsdk-java-azure-storage-blob/12.25.0-beta.1 (17.0.8.1; Windows 11; 10.0)",
        "x-ms-client-request-id": "721ad2a1-9b2b-4b1a-b801-d3dd41f6440c",
        "x-ms-version": "2023-08-03"
      },
      "RequestBody": null,
      "StatusCode": 201,
      "ResponseHeaders": {
        "Content-Length": "0",
        "Date": "Thu, 12 Oct 2023 14:29:36 GMT",
        "ETag": "\u00220x8DBCB2FA605919B\u0022",
        "Last-Modified": "Thu, 12 Oct 2023 14:29:31 GMT",
        "Server": [
          "Windows-Azure-Blob/1.0",
          "Microsoft-HTTPAPI/2.0"
        ],
        "x-ms-client-request-id": "721ad2a1-9b2b-4b1a-b801-d3dd41f6440c",
        "x-ms-request-id": "284acb4d-e01e-000c-2118-fd5db9000000",
        "x-ms-request-server-encrypted": "false",
        "x-ms-snapshot": "2023-10-12T14:29:36.9668943Z",
        "x-ms-version": "2023-08-03"
      },
      "ResponseBody": null
    },
    {
      "RequestUri": "https://REDACTED/a7a30ec90listblobshieroptionsprefix5cd136289de3a7857c?restype=container\u0026comp=list\u0026prefix=a\u0026delimiter=",
      "RequestMethod": "GET",
      "RequestHeaders": {
        "Accept": "application/xml",
        "Authorization": "Sanitized",
        "Content-Length": "0",
        "Date": "Thu, 12 Oct 2023 14:29:37 GMT",
        "User-Agent": "azsdk-java-azure-storage-blob/12.25.0-beta.1 (17.0.8.1; Windows 11; 10.0)",
        "x-ms-client-request-id": "2ea8db16-4a48-4903-9206-44ff5b722587",
        "x-ms-version": "2023-08-03"
      },
      "RequestBody": null,
      "StatusCode": 200,
      "ResponseHeaders": {
        "Access-Control-Allow-Origin": "*",
        "Access-Control-Expose-Headers": "x-ms-client-request-id",
        "Content-Type": "application/xml",
        "Date": "Thu, 12 Oct 2023 14:29:36 GMT",
        "Server": [
          "Windows-Azure-Blob/1.0",
          "Microsoft-HTTPAPI/2.0"
        ],
        "Transfer-Encoding": "chunked",
        "x-ms-client-request-id": "2ea8db16-4a48-4903-9206-44ff5b722587",
        "x-ms-request-id": "284acbac-e01e-000c-7618-fd5db9000000",
        "x-ms-version": "2023-08-03"
      },
      "ResponseBody": "\uFEFF\u003C?xml version=\u00221.0\u0022 encoding=\u0022utf-8\u0022?\u003E\u003CEnumerationResults ServiceEndpoint=\u0022https://primt6eec3df887974152.blob.core.windows.net/\u0022 ContainerName=\u0022a7a30ec90listblobshieroptionsprefix5cd136289de3a7857c\u0022\u003E\u003CPrefix\u003Ea\u003C/Prefix\u003E\u003CBlobs\u003E\u003CBlob\u003E\u003CName\u003Eaa7a30ec91listblobshieroptionsprefix5cd28298a746c6d697\u003C/Name\u003E\u003CProperties\u003E\u003CCreation-Time\u003EThu, 12 Oct 2023 14:29:31 GMT\u003C/Creation-Time\u003E\u003CLast-Modified\u003EThu, 12 Oct 2023 14:29:31 GMT\u003C/Last-Modified\u003E\u003CEtag\u003E0x8DBCB2FA605919B\u003C/Etag\u003E\u003CContent-Length\u003E512\u003C/Content-Length\u003E\u003CContent-Type\u003Eapplication/octet-stream\u003C/Content-Type\u003E\u003CContent-Encoding /\u003E\u003CContent-Language /\u003E\u003CContent-CRC64 /\u003E\u003CContent-MD5 /\u003E\u003CCache-Control /\u003E\u003CContent-Disposition /\u003E\u003Cx-ms-blob-sequence-number\u003E0\u003C/x-ms-blob-sequence-number\u003E\u003CBlobType\u003EPageBlob\u003C/BlobType\u003E\u003CLeaseStatus\u003Eunlocked\u003C/LeaseStatus\u003E\u003CLeaseState\u003Eavailable\u003C/LeaseState\u003E\u003CServerEncrypted\u003Etrue\u003C/ServerEncrypted\u003E\u003C/Properties\u003E\u003COrMetadata /\u003E\u003C/Blob\u003E\u003C/Blobs\u003E\u003CNextMarker /\u003E\u003C/EnumerationResults\u003E"
    }
  ],
  "Variables": {
    "0": "a7a30ec90listblobshieroptionsprefix5cd136289de3a7857c",
    "1": "a7a30ec9594646f8",
    "2": "a7a30ec98281702b",
    "3": "a7a30ec91listblobshieroptionsprefix5cd28298a746c6d697",
    "4": "a7a30ec92listblobshieroptionsprefix5cd36750dd650ad601",
    "5": "a7a30ec93listblobshieroptionsprefix5cd39264ab50ab181a",
    "6": "a7a30ec94listblobshieroptionsprefix5cd595782328d97831",
    "7": "a7a30ec95listblobshieroptionsprefix5cd20406b75c5c4f0c",
    "8": "d1cb3412-2d14-46c2-9d74-08ecec0ed400"
  }
}
