{
  "Entries": [
    {
      "RequestUri": "https://REDACTED/89d8275a0createifnotexistsmetadataifnotexists9c727311ab101?restype=container",
      "RequestMethod": "PUT",
      "RequestHeaders": {
        "Accept": "application/xml",
        "Authorization": "Sanitized",
        "Content-Length": "0",
        "Date": "Wed, 11 Oct 2023 20:45:01 GMT",
        "User-Agent": "azsdk-java-azure-storage-blob/12.25.0-beta.1 (17.0.8.1; Windows 11; 10.0)",
        "x-ms-client-request-id": "7ec8fb14-a92c-46dc-8240-d96774e6882d",
        "x-ms-version": "2023-08-03"
      },
      "RequestBody": null,
      "StatusCode": 201,
      "ResponseHeaders": {
        "Content-Length": "0",
        "Date": "Wed, 11 Oct 2023 20:45:01 GMT",
        "ETag": "\u00220x8DBCA9AF0E8232C\u0022",
        "Last-Modified": "Wed, 11 Oct 2023 20:45:01 GMT",
        "Server": [
          "Windows-Azure-Blob/1.0",
          "Microsoft-HTTPAPI/2.0"
        ],
        "x-ms-client-request-id": "7ec8fb14-a92c-46dc-8240-d96774e6882d",
        "x-ms-request-id": "197fb6be-d01e-0084-5083-fce383000000",
        "x-ms-version": "2023-08-03"
      },
      "ResponseBody": null
    },
    {
      "RequestUri": "https://REDACTED/89d8275a1createifnotexistsmetadataifnotexists9c770403f8719?restype=container",
      "RequestMethod": "PUT",
      "RequestHeaders": {
        "Accept": "application/xml",
        "Authorization": "Sanitized",
        "Content-Length": "0",
        "Date": "Wed, 11 Oct 2023 20:45:01 GMT",
        "User-Agent": "azsdk-java-azure-storage-blob/12.25.0-beta.1 (17.0.8.1; Windows 11; 10.0)",
        "x-ms-client-request-id": "674cd6e7-14a3-4894-b072-c613b80a1d63",
        "x-ms-version": "2023-08-03"
      },
      "RequestBody": null,
      "StatusCode": 201,
      "ResponseHeaders": {
        "Content-Length": "0",
        "Date": "Wed, 11 Oct 2023 20:45:01 GMT",
        "ETag": "\u00220x8DBCA9AF0EC1A36\u0022",
        "Last-Modified": "Wed, 11 Oct 2023 20:45:01 GMT",
        "Server": [
          "Windows-Azure-Blob/1.0",
          "Microsoft-HTTPAPI/2.0"
        ],
        "x-ms-client-request-id": "674cd6e7-14a3-4894-b072-c613b80a1d63",
        "x-ms-request-id": "197fb6fb-d01e-0084-7383-fce383000000",
        "x-ms-version": "2023-08-03"
      },
      "ResponseBody": null
    },
    {
      "RequestUri": "https://REDACTED/89d8275a1createifnotexistsmetadataifnotexists9c770403f8719?restype=container",
      "RequestMethod": "GET",
      "RequestHeaders": {
        "Accept": "application/xml",
        "Authorization": "Sanitized",
        "Content-Length": "0",
        "Date": "Wed, 11 Oct 2023 20:45:01 GMT",
        "User-Agent": "azsdk-java-azure-storage-blob/12.25.0-beta.1 (17.0.8.1; Windows 11; 10.0)",
        "x-ms-client-request-id": "ea2a51fb-42c9-4b8e-9745-f6cc05db5c89",
        "x-ms-version": "2023-08-03"
      },
      "RequestBody": null,
      "StatusCode": 200,
      "ResponseHeaders": {
        "Access-Control-Allow-Origin": "*",
        "Access-Control-Expose-Headers": "x-ms-client-request-id",
        "Content-Length": "0",
        "Date": "Wed, 11 Oct 2023 20:45:01 GMT",
        "ETag": "\u00220x8DBCA9AF0EC1A36\u0022",
        "Last-Modified": "Wed, 11 Oct 2023 20:45:01 GMT",
        "Server": [
          "Windows-Azure-Blob/1.0",
          "Microsoft-HTTPAPI/2.0"
        ],
        "x-ms-client-request-id": "ea2a51fb-42c9-4b8e-9745-f6cc05db5c89",
        "x-ms-default-encryption-scope": "$account-encryption-key",
        "x-ms-deny-encryption-scope-override": "false",
        "x-ms-has-immutability-policy": "false",
        "x-ms-has-legal-hold": "false",
        "x-ms-immutable-storage-with-versioning-enabled": "false",
        "x-ms-lease-state": "available",
        "x-ms-lease-status": "unlocked",
        "x-ms-request-id": "197fb746-d01e-0084-1983-fce383000000",
        "x-ms-version": "2023-08-03"
      },
      "ResponseBody": null
    }
  ],
  "Variables": {
    "0": "89d8275a0createifnotexistsmetadataifnotexists9c727311ab101",
    "1": "89d8275a4718351e",
    "2": "89d8275a09282f16",
    "3": "89d8275a1createifnotexistsmetadataifnotexists9c770403f8719"
  }
}
