{
  "Entries": [
    {
      "RequestUri": "https://REDACTED/d28f10050listpageblobsflat12b73285f4966d39ee6443?restype=container",
      "RequestMethod": "PUT",
      "RequestHeaders": {
        "Accept": "application/xml",
        "Authorization": "Sanitized",
        "Content-Length": "0",
        "Date": "Wed, 11 Oct 2023 20:44:53 GMT",
        "User-Agent": "azsdk-java-azure-storage-blob/12.25.0-beta.1 (17.0.8.1; Windows 11; 10.0)",
        "x-ms-client-request-id": "b709ed03-954e-49bb-8ef1-ebf09c22841b",
        "x-ms-version": "2023-08-03"
      },
      "RequestBody": null,
      "StatusCode": 201,
      "ResponseHeaders": {
        "Content-Length": "0",
        "Date": "Wed, 11 Oct 2023 20:44:52 GMT",
        "ETag": "\u00220x8DBCA9AEBF67A70\u0022",
        "Last-Modified": "Wed, 11 Oct 2023 20:44:53 GMT",
        "Server": [
          "Windows-Azure-Blob/1.0",
          "Microsoft-HTTPAPI/2.0"
        ],
        "x-ms-client-request-id": "b709ed03-954e-49bb-8ef1-ebf09c22841b",
        "x-ms-request-id": "53e16bf6-a01e-0018-7383-fc4ee5000000",
        "x-ms-version": "2023-08-03"
      },
      "ResponseBody": null
    },
    {
      "RequestUri": "https://REDACTED/d28f10050listpageblobsflat12b73285f4966d39ee6443?restype=container",
      "RequestMethod": "PUT",
      "RequestHeaders": {
        "Accept": "application/xml",
        "Authorization": "Sanitized",
        "Content-Length": "0",
        "Date": "Wed, 11 Oct 2023 20:44:53 GMT",
        "User-Agent": "azsdk-java-azure-storage-blob/12.25.0-beta.1 (17.0.8.1; Windows 11; 10.0)",
        "x-ms-client-request-id": "84fb87f2-c626-462f-8df0-100413949ab5",
        "x-ms-version": "2023-08-03"
      },
      "RequestBody": null,
      "StatusCode": 201,
      "ResponseHeaders": {
        "Content-Length": "0",
        "Date": "Wed, 11 Oct 2023 20:44:53 GMT",
        "ETag": "\u00220x8DBCA9AEBFA5FA4\u0022",
        "Last-Modified": "Wed, 11 Oct 2023 20:44:53 GMT",
        "Server": [
          "Windows-Azure-Blob/1.0",
          "Microsoft-HTTPAPI/2.0"
        ],
        "x-ms-client-request-id": "84fb87f2-c626-462f-8df0-100413949ab5",
        "x-ms-request-id": "102fa7bb-a01c-003a-3983-fc7d41000000",
        "x-ms-version": "2023-08-03"
      },
      "ResponseBody": null
    },
    {
      "RequestUri": "https://REDACTED/d28f10050listpageblobsflat12b73285f4966d39ee6443/d28f10051listpageblobsflat12b44590b2c975fec1ff4a",
      "RequestMethod": "PUT",
      "RequestHeaders": {
        "Accept": "application/xml",
        "Authorization": "Sanitized",
        "Content-Length": "0",
        "Date": "Wed, 11 Oct 2023 20:44:53 GMT",
        "If-None-Match": "*",
        "User-Agent": "azsdk-java-azure-storage-blob/12.25.0-beta.1 (17.0.8.1; Windows 11; 10.0)",
        "x-ms-blob-content-length": "512",
        "x-ms-blob-type": "PageBlob",
        "x-ms-client-request-id": "b015c4a1-6ae4-4c22-8620-2f68e8b6bcf8",
        "x-ms-version": "2023-08-03"
      },
      "RequestBody": null,
      "StatusCode": 201,
      "ResponseHeaders": {
        "Content-Length": "0",
        "Date": "Wed, 11 Oct 2023 20:44:53 GMT",
        "ETag": "\u00220x8DBCA9AEBFE735D\u0022",
        "Last-Modified": "Wed, 11 Oct 2023 20:44:53 GMT",
        "Server": [
          "Windows-Azure-Blob/1.0",
          "Microsoft-HTTPAPI/2.0"
        ],
        "x-ms-client-request-id": "b015c4a1-6ae4-4c22-8620-2f68e8b6bcf8",
        "x-ms-request-id": "102fa7d7-a01c-003a-5583-fc7d41000000",
        "x-ms-request-server-encrypted": "true",
        "x-ms-version": "2023-08-03"
      },
      "ResponseBody": null
    },
    {
      "RequestUri": "https://REDACTED/d28f10050listpageblobsflat12b73285f4966d39ee6443?restype=container\u0026comp=list\u0026prefix=d28f1005",
      "RequestMethod": "GET",
      "RequestHeaders": {
        "Accept": "application/xml",
        "Authorization": "Sanitized",
        "Content-Length": "0",
        "Date": "Wed, 11 Oct 2023 20:44:53 GMT",
        "User-Agent": "azsdk-java-azure-storage-blob/12.25.0-beta.1 (17.0.8.1; Windows 11; 10.0)",
        "x-ms-client-request-id": "d8c61107-b359-40d5-af2e-26525c0c2b7b",
        "x-ms-version": "2023-08-03"
      },
      "RequestBody": null,
      "StatusCode": 200,
      "ResponseHeaders": {
        "Content-Type": "application/xml",
        "Date": "Wed, 11 Oct 2023 20:44:53 GMT",
        "Server": [
          "Windows-Azure-Blob/1.0",
          "Microsoft-HTTPAPI/2.0"
        ],
        "Transfer-Encoding": "chunked",
        "x-ms-client-request-id": "d8c61107-b359-40d5-af2e-26525c0c2b7b",
        "x-ms-request-id": "102fa7f9-a01c-003a-7783-fc7d41000000",
        "x-ms-version": "2023-08-03"
      },
      "ResponseBody": [
        "\uFEFF\u003C?xml version=\u00221.0\u0022 encoding=\u0022utf-8\u0022?\u003E\n",
        "\u003CEnumerationResults ServiceEndpoint=\u0022https://premt0c144d546aa34dc5.blob.core.windows.net/\u0022 ContainerName=\u0022d28f10050listpageblobsflat12b73285f4966d39ee6443\u0022\u003E\u003CPrefix\u003Ed28f1005\u003C/Prefix\u003E\u003CBlobs\u003E\u003CBlob\u003E\u003CName\u003Ed28f10051listpageblobsflat12b44590b2c975fec1ff4a\u003C/Name\u003E\u003CProperties\u003E\u003CCreation-Time\u003EWed, 11 Oct 2023 20:44:53 GMT\u003C/Creation-Time\u003E\u003CLast-Modified\u003EWed, 11 Oct 2023 20:44:53 GMT\u003C/Last-Modified\u003E\u003CEtag\u003E0x8DBCA9AEBFE735D\u003C/Etag\u003E\u003CContent-Length\u003E512\u003C/Content-Length\u003E\u003CContent-Type\u003Eapplication/octet-stream\u003C/Content-Type\u003E\u003CContent-Encoding/\u003E\u003CContent-Language/\u003E\u003CContent-MD5/\u003E\u003CCache-Control/\u003E\u003CContent-Disposition/\u003E\u003Cx-ms-blob-sequence-number\u003E0\u003C/x-ms-blob-sequence-number\u003E\u003CBlobType\u003EPageBlob\u003C/BlobType\u003E\u003CAccessTier\u003EP10\u003C/AccessTier\u003E\u003CAccessTierInferred\u003Etrue\u003C/AccessTierInferred\u003E\u003CLeaseStatus\u003Eunlocked\u003C/LeaseStatus\u003E\u003CLeaseState\u003Eavailable\u003C/LeaseState\u003E\u003CServerEncrypted\u003Etrue\u003C/ServerEncrypted\u003E\u003C/Properties\u003E\u003C/Blob\u003E\u003C/Blobs\u003E\u003CNextMarker/\u003E\u003C/EnumerationResults\u003E"
      ]
    },
    {
      "RequestUri": "https://REDACTED/d28f10050listpageblobsflat12b73285f4966d39ee6443?restype=container",
      "RequestMethod": "DELETE",
      "RequestHeaders": {
        "Accept": "application/xml",
        "Authorization": "Sanitized",
        "Content-Length": "0",
        "Date": "Wed, 11 Oct 2023 20:44:53 GMT",
        "User-Agent": "azsdk-java-azure-storage-blob/12.25.0-beta.1 (17.0.8.1; Windows 11; 10.0)",
        "x-ms-client-request-id": "05b2087b-dbd0-4e11-ab0d-ea5847e59357",
        "x-ms-version": "2023-08-03"
      },
      "RequestBody": null,
      "StatusCode": 202,
      "ResponseHeaders": {
        "Content-Length": "0",
        "Date": "Wed, 11 Oct 2023 20:44:53 GMT",
        "Server": [
          "Windows-Azure-Blob/1.0",
          "Microsoft-HTTPAPI/2.0"
        ],
        "x-ms-client-request-id": "05b2087b-dbd0-4e11-ab0d-ea5847e59357",
        "x-ms-request-id": "102fa80f-a01c-003a-0d83-fc7d41000000",
        "x-ms-version": "2023-08-03"
      },
      "ResponseBody": null
    }
  ],
  "Variables": {
    "0": "d28f10050listpageblobsflat12b73285f4966d39ee6443",
    "1": "d28f100537120080",
    "2": "d28f100524527211",
    "3": "d28f10051listpageblobsflat12b44590b2c975fec1ff4a"
  }
}
