{
  "Entries": [
    {
      "RequestUri": "https://REDACTED/5a3717ea0setmetadata30e07421950942c09b1f44478?restype=container",
      "RequestMethod": "PUT",
      "RequestHeaders": {
        "Accept": "application/xml",
        "Authorization": "Sanitized",
        "Content-Length": "0",
        "Date": "Tue, 26 Nov 2024 20:27:37 GMT",
        "User-Agent": "azsdk-java-azure-storage-blob/12.30.0-beta.1 (21.0.2; Windows 11; 10.0)",
        "x-ms-client-request-id": "Sanitized",
        "x-ms-version": "2025-01-05"
      },
      "RequestBody": null,
      "StatusCode": 201,
      "ResponseHeaders": {
        "Content-Length": "0",
        "Date": "Tue, 26 Nov 2024 20:27:36 GMT",
        "ETag": "\"0x8DD0E58C46405A7\"",
        "Last-Modified": "Tue, 26 Nov 2024 20:27:37 GMT",
        "Server": [
          "Windows-Azure-Blob/1.0",
          "Microsoft-HTTPAPI/2.0"
        ],
        "x-ms-client-request-id": "Sanitized",
        "x-ms-request-id": "Sanitized",
        "x-ms-version": "2025-01-05"
      },
      "ResponseBody": null
    },
    {
      "RequestUri": "https://REDACTED/5a3717ea0setmetadata30e07421950942c09b1f44478?restype=container",
      "RequestMethod": "PUT",
      "RequestHeaders": {
        "Accept": "application/xml",
        "Authorization": "Sanitized",
        "Content-Length": "0",
        "Date": "Tue, 26 Nov 2024 20:27:37 GMT",
        "User-Agent": "azsdk-java-azure-storage-blob/12.30.0-beta.1 (21.0.2; Windows 11; 10.0)",
        "x-ms-client-request-id": "Sanitized",
        "x-ms-version": "2025-01-05"
      },
      "RequestBody": null,
      "StatusCode": 409,
      "ResponseHeaders": {
        "Content-Length": "230",
        "Content-Type": "application/xml",
        "Date": "Tue, 26 Nov 2024 20:27:36 GMT",
        "Server": [
          "Windows-Azure-Blob/1.0",
          "Microsoft-HTTPAPI/2.0"
        ],
        "x-ms-client-request-id": "Sanitized",
        "x-ms-error-code": "ContainerAlreadyExists",
        "x-ms-request-id": "Sanitized",
        "x-ms-version": "2025-01-05"
      },
      "ResponseBody": [
        "\uFEFF<?xml version=\"1.0\" encoding=\"utf-8\"?><Error><Code>ContainerAlreadyExists</Code><Message>The specified container already exists.\n",
        "RequestId:704c48de-401e-0052-7f41-408d72000000\n",
        "Time:2024-11-26T20:27:37.2133251Z</Message></Error>"
      ]
    },
    {
      "RequestUri": "https://REDACTED/5a3717ea1setmetadata30e48580cf66e1c1b4844b3d8?restype=container",
      "RequestMethod": "PUT",
      "RequestHeaders": {
        "Accept": "application/xml",
        "Authorization": "Sanitized",
        "Content-Length": "0",
        "Date": "Tue, 26 Nov 2024 20:27:37 GMT",
        "User-Agent": "azsdk-java-azure-storage-blob/12.30.0-beta.1 (21.0.2; Windows 11; 10.0)",
        "x-ms-client-request-id": "Sanitized",
        "x-ms-meta-key": "value",
        "x-ms-version": "2025-01-05"
      },
      "RequestBody": null,
      "StatusCode": 201,
      "ResponseHeaders": {
        "Content-Length": "0",
        "Date": "Tue, 26 Nov 2024 20:27:36 GMT",
        "ETag": "\"0x8DD0E58C47E4180\"",
        "Last-Modified": "Tue, 26 Nov 2024 20:27:37 GMT",
        "Server": [
          "Windows-Azure-Blob/1.0",
          "Microsoft-HTTPAPI/2.0"
        ],
        "x-ms-client-request-id": "Sanitized",
        "x-ms-request-id": "Sanitized",
        "x-ms-version": "2025-01-05"
      },
      "ResponseBody": null
    },
    {
      "RequestUri": "https://REDACTED/5a3717ea1setmetadata30e48580cf66e1c1b4844b3d8?restype=container&comp=metadata",
      "RequestMethod": "PUT",
      "RequestHeaders": {
        "Accept": "application/xml",
        "Authorization": "Sanitized",
        "Content-Length": "0",
        "Date": "Tue, 26 Nov 2024 20:27:37 GMT",
        "User-Agent": "azsdk-java-azure-storage-blob/12.30.0-beta.1 (21.0.2; Windows 11; 10.0)",
        "x-ms-client-request-id": "Sanitized",
        "x-ms-version": "2025-01-05"
      },
      "RequestBody": null,
      "StatusCode": 200,
      "ResponseHeaders": {
        "Content-Length": "0",
        "Date": "Tue, 26 Nov 2024 20:27:36 GMT",
        "ETag": "\"0x8DD0E58C48CB7A5\"",
        "Last-Modified": "Tue, 26 Nov 2024 20:27:37 GMT",
        "Server": [
          "Windows-Azure-Blob/1.0",
          "Microsoft-HTTPAPI/2.0"
        ],
        "x-ms-client-request-id": "Sanitized",
        "x-ms-request-id": "Sanitized",
        "x-ms-version": "2025-01-05"
      },
      "ResponseBody": null
    },
    {
      "RequestUri": "https://REDACTED/5a3717ea1setmetadata30e48580cf66e1c1b4844b3d8?restype=container",
      "RequestMethod": "GET",
      "RequestHeaders": {
        "Accept": "application/xml",
        "Authorization": "Sanitized",
        "Content-Length": "0",
        "Date": "Tue, 26 Nov 2024 20:27:37 GMT",
        "User-Agent": "azsdk-java-azure-storage-blob/12.30.0-beta.1 (21.0.2; Windows 11; 10.0)",
        "x-ms-client-request-id": "Sanitized",
        "x-ms-version": "2025-01-05"
      },
      "RequestBody": null,
      "StatusCode": 200,
      "ResponseHeaders": {
        "Access-Control-Allow-Origin": "*",
        "Access-Control-Expose-Headers": "x-ms-client-request-id",
        "Content-Length": "0",
        "Date": "Tue, 26 Nov 2024 20:27:36 GMT",
        "ETag": "\"0x8DD0E58C48CB7A5\"",
        "Last-Modified": "Tue, 26 Nov 2024 20:27:37 GMT",
        "Server": [
          "Windows-Azure-Blob/1.0",
          "Microsoft-HTTPAPI/2.0"
        ],
        "x-ms-client-request-id": "Sanitized",
        "x-ms-default-encryption-scope": "$account-encryption-key",
        "x-ms-deny-encryption-scope-override": "false",
        "x-ms-has-immutability-policy": "false",
        "x-ms-has-legal-hold": "false",
        "x-ms-immutable-storage-with-versioning-enabled": "false",
        "x-ms-lease-state": "available",
        "x-ms-lease-status": "unlocked",
        "x-ms-request-id": "Sanitized",
        "x-ms-version": "2025-01-05"
      },
      "ResponseBody": null
    }
  ],
  "Variables": {
    "0": "5a3717ea0setmetadata30e07421950942c09b1f44478",
    "1": "5a3717ea764951c5",
    "2": "5a3717ea899871aa",
    "3": "5a3717ea1setmetadata30e48580cf66e1c1b4844b3d8"
  }
}
