{
  "Entries": [
    {
      "RequestUri": "https://REDACTED/47a7a27a0createurlspecialcharsencodedad771195ceff8580b?restype=container",
      "RequestMethod": "PUT",
      "RequestHeaders": {
        "Accept": "application/xml",
        "Authorization": "Sanitized",
        "Content-Length": "0",
        "Date": "Thu, 12 Oct 2023 14:29:38 GMT",
        "User-Agent": "azsdk-java-azure-storage-blob/12.25.0-beta.1 (17.0.8.1; Windows 11; 10.0)",
        "x-ms-client-request-id": "2d9751f4-8031-46cd-8fbc-cf33e0edce8e",
        "x-ms-version": "2023-08-03"
      },
      "RequestBody": null,
      "StatusCode": 201,
      "ResponseHeaders": {
        "Content-Length": "0",
        "Date": "Thu, 12 Oct 2023 14:29:38 GMT",
        "ETag": "\u00220x8DBCB2FAA71D364\u0022",
        "Last-Modified": "Thu, 12 Oct 2023 14:29:38 GMT",
        "Server": [
          "Windows-Azure-Blob/1.0",
          "Microsoft-HTTPAPI/2.0"
        ],
        "x-ms-client-request-id": "2d9751f4-8031-46cd-8fbc-cf33e0edce8e",
        "x-ms-request-id": "9108f846-f01e-002f-6918-fdc77a000000",
        "x-ms-version": "2023-08-03"
      },
      "ResponseBody": null
    },
    {
      "RequestUri": "https://REDACTED/47a7a27a0createurlspecialcharsencodedad771195ceff8580b/!*\u0027();:@\u0026=\u002B$,%2F%3F%23%5B%5D",
      "RequestMethod": "PUT",
      "RequestHeaders": {
        "Accept": "application/xml",
        "Authorization": "Sanitized",
        "Content-Length": "0",
        "Date": "Thu, 12 Oct 2023 14:29:38 GMT",
        "User-Agent": "azsdk-java-azure-storage-blob/12.25.0-beta.1 (17.0.8.1; Windows 11; 10.0)",
        "x-ms-blob-type": "AppendBlob",
        "x-ms-client-request-id": "ab2ef875-be6d-4dfe-a0b7-33ee7828528f",
        "x-ms-version": "2023-08-03"
      },
      "RequestBody": null,
      "StatusCode": 201,
      "ResponseHeaders": {
        "Content-Length": "0",
        "Date": "Thu, 12 Oct 2023 14:29:38 GMT",
        "ETag": "\u00220x8DBCB2FAA758D81\u0022",
        "Last-Modified": "Thu, 12 Oct 2023 14:29:38 GMT",
        "Server": [
          "Windows-Azure-Blob/1.0",
          "Microsoft-HTTPAPI/2.0"
        ],
        "x-ms-client-request-id": "ab2ef875-be6d-4dfe-a0b7-33ee7828528f",
        "x-ms-request-id": "9108f879-f01e-002f-1518-fdc77a000000",
        "x-ms-request-server-encrypted": "true",
        "x-ms-version": "2023-08-03"
      },
      "ResponseBody": null
    },
    {
      "RequestUri": "https://REDACTED/47a7a27a0createurlspecialcharsencodedad771195ceff8580b/!*\u0027();:@\u0026=\u002B$,%2F%3F%23%5B%5D",
      "RequestMethod": "HEAD",
      "RequestHeaders": {
        "Accept": "application/xml",
        "Authorization": "Sanitized",
        "Content-Length": "0",
        "Date": "Thu, 12 Oct 2023 14:29:38 GMT",
        "User-Agent": "azsdk-java-azure-storage-blob/12.25.0-beta.1 (17.0.8.1; Windows 11; 10.0)",
        "x-ms-client-request-id": "25a70c2f-be6d-40f8-a091-c57c65721ffe",
        "x-ms-version": "2023-08-03"
      },
      "RequestBody": null,
      "StatusCode": 200,
      "ResponseHeaders": {
        "Accept-Ranges": "bytes",
        "Access-Control-Allow-Origin": "*",
        "Access-Control-Expose-Headers": "x-ms-client-request-id",
        "Content-Length": "0",
        "Content-Type": "application/octet-stream",
        "Date": "Thu, 12 Oct 2023 14:29:38 GMT",
        "ETag": "\u00220x8DBCB2FAA758D81\u0022",
        "Last-Modified": "Thu, 12 Oct 2023 14:29:38 GMT",
        "Server": [
          "Windows-Azure-Blob/1.0",
          "Microsoft-HTTPAPI/2.0"
        ],
        "x-ms-blob-committed-block-count": "0",
        "x-ms-blob-type": "AppendBlob",
        "x-ms-client-request-id": "25a70c2f-be6d-40f8-a091-c57c65721ffe",
        "x-ms-creation-time": "Thu, 12 Oct 2023 14:29:38 GMT",
        "x-ms-lease-state": "available",
        "x-ms-lease-status": "unlocked",
        "x-ms-request-id": "9108f8b9-f01e-002f-4d18-fdc77a000000",
        "x-ms-server-encrypted": "true",
        "x-ms-version": "2023-08-03"
      },
      "ResponseBody": null
    },
    {
      "RequestUri": "https://REDACTED/47a7a27a0createurlspecialcharsencodedad771195ceff8580b/!*\u0027();:@\u0026=\u002B$,%2F%3F%23%5B%5D2",
      "RequestMethod": "PUT",
      "RequestHeaders": {
        "Accept": "application/xml",
        "Authorization": "Sanitized",
        "Content-Length": "0",
        "Date": "Thu, 12 Oct 2023 14:29:38 GMT",
        "User-Agent": "azsdk-java-azure-storage-blob/12.25.0-beta.1 (17.0.8.1; Windows 11; 10.0)",
        "x-ms-blob-content-length": "512",
        "x-ms-blob-type": "PageBlob",
        "x-ms-client-request-id": "a09b7585-9bbc-46f1-bf0b-ed03d2f8f90e",
        "x-ms-version": "2023-08-03"
      },
      "RequestBody": null,
      "StatusCode": 201,
      "ResponseHeaders": {
        "Content-Length": "0",
        "Date": "Thu, 12 Oct 2023 14:29:38 GMT",
        "ETag": "\u00220x8DBCB2FAA8172CE\u0022",
        "Last-Modified": "Thu, 12 Oct 2023 14:29:38 GMT",
        "Server": [
          "Windows-Azure-Blob/1.0",
          "Microsoft-HTTPAPI/2.0"
        ],
        "x-ms-client-request-id": "a09b7585-9bbc-46f1-bf0b-ed03d2f8f90e",
        "x-ms-request-id": "9108f8d8-f01e-002f-6b18-fdc77a000000",
        "x-ms-request-server-encrypted": "true",
        "x-ms-version": "2023-08-03"
      },
      "ResponseBody": null
    },
    {
      "RequestUri": "https://REDACTED/47a7a27a0createurlspecialcharsencodedad771195ceff8580b/!*\u0027();:@\u0026=\u002B$,%2F%3F%23%5B%5D3",
      "RequestMethod": "PUT",
      "RequestHeaders": {
        "Accept": "application/xml",
        "Authorization": "Sanitized",
        "Content-Length": "7",
        "Content-Type": "application/octet-stream",
        "Date": "Thu, 12 Oct 2023 14:29:38 GMT",
        "User-Agent": "azsdk-java-azure-storage-blob/12.25.0-beta.1 (17.0.8.1; Windows 11; 10.0)",
        "x-ms-blob-type": "BlockBlob",
        "x-ms-client-request-id": "6481e3be-4c26-4eea-99fd-3b1cd24f0562",
        "x-ms-version": "2023-08-03"
      },
      "RequestBody": "ZGVmYXVsdA==",
      "StatusCode": 201,
      "ResponseHeaders": {
        "Content-Length": "0",
        "Content-MD5": "wh\u002BWm18D0z1D4E\u002BPE252gg==",
        "Date": "Thu, 12 Oct 2023 14:29:38 GMT",
        "ETag": "\u00220x8DBCB2FAA85B7CC\u0022",
        "Last-Modified": "Thu, 12 Oct 2023 14:29:38 GMT",
        "Server": [
          "Windows-Azure-Blob/1.0",
          "Microsoft-HTTPAPI/2.0"
        ],
        "x-ms-client-request-id": "6481e3be-4c26-4eea-99fd-3b1cd24f0562",
        "x-ms-content-crc64": "6RYQPwaVsyQ=",
        "x-ms-request-id": "9108f8fc-f01e-002f-0a18-fdc77a000000",
        "x-ms-request-server-encrypted": "true",
        "x-ms-version": "2023-08-03"
      },
      "ResponseBody": null
    },
    {
      "RequestUri": "https://REDACTED/47a7a27a0createurlspecialcharsencodedad771195ceff8580b?restype=container\u0026comp=list",
      "RequestMethod": "GET",
      "RequestHeaders": {
        "Accept": "application/xml",
        "Authorization": "Sanitized",
        "Content-Length": "0",
        "Date": "Thu, 12 Oct 2023 14:29:38 GMT",
        "User-Agent": "azsdk-java-azure-storage-blob/12.25.0-beta.1 (17.0.8.1; Windows 11; 10.0)",
        "x-ms-client-request-id": "27eab246-22cf-4b1f-a3f0-e6055e2138f3",
        "x-ms-version": "2023-08-03"
      },
      "RequestBody": null,
      "StatusCode": 200,
      "ResponseHeaders": {
        "Access-Control-Allow-Origin": "*",
        "Access-Control-Expose-Headers": "x-ms-client-request-id",
        "Content-Type": "application/xml",
        "Date": "Thu, 12 Oct 2023 14:29:38 GMT",
        "Server": [
          "Windows-Azure-Blob/1.0",
          "Microsoft-HTTPAPI/2.0"
        ],
        "Transfer-Encoding": "chunked",
        "x-ms-client-request-id": "27eab246-22cf-4b1f-a3f0-e6055e2138f3",
        "x-ms-request-id": "9108f938-f01e-002f-4418-fdc77a000000",
        "x-ms-version": "2023-08-03"
      },
      "ResponseBody": "\uFEFF\u003C?xml version=\u00221.0\u0022 encoding=\u0022utf-8\u0022?\u003E\u003CEnumerationResults ServiceEndpoint=\u0022https://primt6eec3df887974152.blob.core.windows.net/\u0022 ContainerName=\u002247a7a27a0createurlspecialcharsencodedad771195ceff8580b\u0022\u003E\u003CBlobs\u003E\u003CBlob\u003E\u003CName\u003E!*\u0027();:@\u0026amp;=\u002B$,/?#[]\u003C/Name\u003E\u003CProperties\u003E\u003CCreation-Time\u003EThu, 12 Oct 2023 14:29:38 GMT\u003C/Creation-Time\u003E\u003CLast-Modified\u003EThu, 12 Oct 2023 14:29:38 GMT\u003C/Last-Modified\u003E\u003CEtag\u003E0x8DBCB2FAA758D81\u003C/Etag\u003E\u003CContent-Length\u003E0\u003C/Content-Length\u003E\u003CContent-Type\u003Eapplication/octet-stream\u003C/Content-Type\u003E\u003CContent-Encoding /\u003E\u003CContent-Language /\u003E\u003CContent-CRC64 /\u003E\u003CContent-MD5 /\u003E\u003CCache-Control /\u003E\u003CContent-Disposition /\u003E\u003CBlobType\u003EAppendBlob\u003C/BlobType\u003E\u003CLeaseStatus\u003Eunlocked\u003C/LeaseStatus\u003E\u003CLeaseState\u003Eavailable\u003C/LeaseState\u003E\u003CServerEncrypted\u003Etrue\u003C/ServerEncrypted\u003E\u003C/Properties\u003E\u003COrMetadata /\u003E\u003C/Blob\u003E\u003CBlob\u003E\u003CName\u003E!*\u0027();:@\u0026amp;=\u002B$,/?#[]2\u003C/Name\u003E\u003CProperties\u003E\u003CCreation-Time\u003EThu, 12 Oct 2023 14:29:38 GMT\u003C/Creation-Time\u003E\u003CLast-Modified\u003EThu, 12 Oct 2023 14:29:38 GMT\u003C/Last-Modified\u003E\u003CEtag\u003E0x8DBCB2FAA8172CE\u003C/Etag\u003E\u003CContent-Length\u003E512\u003C/Content-Length\u003E\u003CContent-Type\u003Eapplication/octet-stream\u003C/Content-Type\u003E\u003CContent-Encoding /\u003E\u003CContent-Language /\u003E\u003CContent-CRC64 /\u003E\u003CContent-MD5 /\u003E\u003CCache-Control /\u003E\u003CContent-Disposition /\u003E\u003Cx-ms-blob-sequence-number\u003E0\u003C/x-ms-blob-sequence-number\u003E\u003CBlobType\u003EPageBlob\u003C/BlobType\u003E\u003CLeaseStatus\u003Eunlocked\u003C/LeaseStatus\u003E\u003CLeaseState\u003Eavailable\u003C/LeaseState\u003E\u003CServerEncrypted\u003Etrue\u003C/ServerEncrypted\u003E\u003C/Properties\u003E\u003COrMetadata /\u003E\u003C/Blob\u003E\u003CBlob\u003E\u003CName\u003E!*\u0027();:@\u0026amp;=\u002B$,/?#[]3\u003C/Name\u003E\u003CProperties\u003E\u003CCreation-Time\u003EThu, 12 Oct 2023 14:29:38 GMT\u003C/Creation-Time\u003E\u003CLast-Modified\u003EThu, 12 Oct 2023 14:29:38 GMT\u003C/Last-Modified\u003E\u003CEtag\u003E0x8DBCB2FAA85B7CC\u003C/Etag\u003E\u003CContent-Length\u003E7\u003C/Content-Length\u003E\u003CContent-Type\u003Eapplication/octet-stream\u003C/Content-Type\u003E\u003CContent-Encoding /\u003E\u003CContent-Language /\u003E\u003CContent-CRC64 /\u003E\u003CContent-MD5\u003Ewh\u002BWm18D0z1D4E\u002BPE252gg==\u003C/Content-MD5\u003E\u003CCache-Control /\u003E\u003CContent-Disposition /\u003E\u003CBlobType\u003EBlockBlob\u003C/BlobType\u003E\u003CAccessTier\u003EHot\u003C/AccessTier\u003E\u003CAccessTierInferred\u003Etrue\u003C/AccessTierInferred\u003E\u003CLeaseStatus\u003Eunlocked\u003C/LeaseStatus\u003E\u003CLeaseState\u003Eavailable\u003C/LeaseState\u003E\u003CServerEncrypted\u003Etrue\u003C/ServerEncrypted\u003E\u003C/Properties\u003E\u003COrMetadata /\u003E\u003C/Blob\u003E\u003C/Blobs\u003E\u003CNextMarker /\u003E\u003C/EnumerationResults\u003E"
    }
  ],
  "Variables": {
    "0": "47a7a27a0createurlspecialcharsencodedad771195ceff8580b",
    "1": "47a7a27a16208f56",
    "2": "47a7a27a32786395"
  }
}
