{
  "Entries": [
    {
      "RequestUri": "https://REDACTED/9a1f2d1f0getaccesspolicyleasefail3993768218794dc80bb?restype=container",
      "RequestMethod": "PUT",
      "RequestHeaders": {
        "Accept": "application/xml",
        "Authorization": "Sanitized",
        "Content-Length": "0",
        "Date": "Wed, 13 Dec 2023 21:48:51 GMT",
        "User-Agent": "azsdk-java-azure-storage-blob/12.26.0-beta.1 (17.0.8; Windows 11; 10.0)",
        "x-ms-client-request-id": "53102fb1-5812-4b64-96a8-ddbc6dd01b66",
        "x-ms-version": "2024-02-04"
      },
      "RequestBody": null,
      "StatusCode": 201,
      "ResponseHeaders": {
        "Content-Length": "0",
        "Date": "Wed, 13 Dec 2023 21:48:50 GMT",
        "ETag": "\u00220x8DBFC254BC5DBB3\u0022",
        "Last-Modified": "Wed, 13 Dec 2023 21:48:51 GMT",
        "Server": [
          "Windows-Azure-Blob/1.0",
          "Microsoft-HTTPAPI/2.0"
        ],
        "x-ms-client-request-id": "53102fb1-5812-4b64-96a8-ddbc6dd01b66",
        "x-ms-request-id": "1e21806b-c01e-009a-280e-2e09bf000000",
        "x-ms-version": "2024-02-04"
      },
      "ResponseBody": null
    },
    {
      "RequestUri": "https://REDACTED/9a1f2d1f0getaccesspolicyleasefail3993768218794dc80bb?restype=container",
      "RequestMethod": "PUT",
      "RequestHeaders": {
        "Accept": "application/xml",
        "Authorization": "Sanitized",
        "Content-Length": "0",
        "Date": "Wed, 13 Dec 2023 21:48:51 GMT",
        "User-Agent": "azsdk-java-azure-storage-blob/12.26.0-beta.1 (17.0.8; Windows 11; 10.0)",
        "x-ms-client-request-id": "1c586a17-e6f9-4c13-8184-b533186d6684",
        "x-ms-version": "2024-02-04"
      },
      "RequestBody": null,
      "StatusCode": 409,
      "ResponseHeaders": {
        "Content-Length": "230",
        "Content-Type": "application/xml",
        "Date": "Wed, 13 Dec 2023 21:48:50 GMT",
        "Server": [
          "Windows-Azure-Blob/1.0",
          "Microsoft-HTTPAPI/2.0"
        ],
        "x-ms-client-request-id": "1c586a17-e6f9-4c13-8184-b533186d6684",
        "x-ms-error-code": "ContainerAlreadyExists",
        "x-ms-request-id": "1e218163-c01e-009a-140e-2e09bf000000",
        "x-ms-version": "2024-02-04"
      },
      "ResponseBody": [
        "\uFEFF\u003C?xml version=\u00221.0\u0022 encoding=\u0022utf-8\u0022?\u003E\u003CError\u003E\u003CCode\u003EContainerAlreadyExists\u003C/Code\u003E\u003CMessage\u003EThe specified container already exists.\n",
        "RequestId:1e218163-c01e-009a-140e-2e09bf000000\n",
        "Time:2023-12-13T21:48:51.9294126Z\u003C/Message\u003E\u003C/Error\u003E"
      ]
    },
    {
      "RequestUri": "https://REDACTED/9a1f2d1f0getaccesspolicyleasefail3993768218794dc80bb?restype=container\u0026comp=acl",
      "RequestMethod": "GET",
      "RequestHeaders": {
        "Accept": "application/xml",
        "Authorization": "Sanitized",
        "Content-Length": "0",
        "Date": "Wed, 13 Dec 2023 21:48:51 GMT",
        "User-Agent": "azsdk-java-azure-storage-blob/12.26.0-beta.1 (17.0.8; Windows 11; 10.0)",
        "x-ms-client-request-id": "f80de50d-cfb1-4067-934a-2831ffb8d281",
        "x-ms-lease-id": "906b71c1-d594-45fc-b630-5710e039bc9e",
        "x-ms-version": "2024-02-04"
      },
      "RequestBody": null,
      "StatusCode": 412,
      "ResponseHeaders": {
        "Access-Control-Allow-Origin": "*",
        "Access-Control-Expose-Headers": "x-ms-client-request-id",
        "Content-Length": "251",
        "Content-Type": "application/xml",
        "Date": "Wed, 13 Dec 2023 21:48:51 GMT",
        "Server": [
          "Windows-Azure-Blob/1.0",
          "Microsoft-HTTPAPI/2.0"
        ],
        "x-ms-client-request-id": "f80de50d-cfb1-4067-934a-2831ffb8d281",
        "x-ms-error-code": "LeaseNotPresentWithContainerOperation",
        "x-ms-request-id": "1e218223-c01e-009a-4c0e-2e09bf000000",
        "x-ms-version": "2024-02-04"
      },
      "ResponseBody": [
        "\uFEFF\u003C?xml version=\u00221.0\u0022 encoding=\u0022utf-8\u0022?\u003E\u003CError\u003E\u003CCode\u003ELeaseNotPresentWithContainerOperation\u003C/Code\u003E\u003CMessage\u003EThere is currently no lease on the container.\n",
        "RequestId:1e218223-c01e-009a-4c0e-2e09bf000000\n",
        "Time:2023-12-13T21:48:52.0233587Z\u003C/Message\u003E\u003C/Error\u003E"
      ]
    }
  ],
  "Variables": {
    "0": "9a1f2d1f0getaccesspolicyleasefail3993768218794dc80bb",
    "1": "9a1f2d1f5773398c",
    "2": "9a1f2d1f88966cc0"
  }
}
