{
  "Entries": [
    {
      "RequestUri": "https://REDACTED/dee53a400listblobsflatoptionsmaxresults07c948904e557300?restype=container",
      "RequestMethod": "PUT",
      "RequestHeaders": {
        "Accept": "application/xml",
        "Authorization": "Sanitized",
        "Content-Length": "0",
        "Date": "Mon, 11 Dec 2023 23:29:31 GMT",
        "User-Agent": "azsdk-java-azure-storage-blob/12.26.0-beta.1 (17.0.8; Windows 11; 10.0)",
        "x-ms-client-request-id": "07fa272c-5728-4f7d-a290-0a9d518590c6",
        "x-ms-version": "2024-02-04"
      },
      "RequestBody": null,
      "StatusCode": 201,
      "ResponseHeaders": {
        "Content-Length": "0",
        "Date": "Mon, 11 Dec 2023 23:29:35 GMT",
        "ETag": "\u00220x8DBFAA1094579F2\u0022",
        "Last-Modified": "Mon, 11 Dec 2023 23:29:35 GMT",
        "Server": [
          "Windows-Azure-Blob/1.0",
          "Microsoft-HTTPAPI/2.0"
        ],
        "x-ms-client-request-id": "07fa272c-5728-4f7d-a290-0a9d518590c6",
        "x-ms-request-id": "399ae7b8-701e-0026-3989-2cdf7e000000",
        "x-ms-version": "2024-02-04"
      },
      "ResponseBody": null
    },
    {
      "RequestUri": "https://REDACTED/dee53a400listblobsflatoptionsmaxresults07c948904e557300?restype=container",
      "RequestMethod": "PUT",
      "RequestHeaders": {
        "Accept": "application/xml",
        "Authorization": "Sanitized",
        "Content-Length": "0",
        "Date": "Mon, 11 Dec 2023 23:29:31 GMT",
        "User-Agent": "azsdk-java-azure-storage-blob/12.26.0-beta.1 (17.0.8; Windows 11; 10.0)",
        "x-ms-client-request-id": "c42d28f8-d838-4706-a4c3-9d7f63ad603f",
        "x-ms-version": "2024-02-04"
      },
      "RequestBody": null,
      "StatusCode": 409,
      "ResponseHeaders": {
        "Content-Length": "230",
        "Content-Type": "application/xml",
        "Date": "Mon, 11 Dec 2023 23:29:35 GMT",
        "Server": [
          "Windows-Azure-Blob/1.0",
          "Microsoft-HTTPAPI/2.0"
        ],
        "x-ms-client-request-id": "c42d28f8-d838-4706-a4c3-9d7f63ad603f",
        "x-ms-error-code": "ContainerAlreadyExists",
        "x-ms-request-id": "399ae836-701e-0026-2d89-2cdf7e000000",
        "x-ms-version": "2024-02-04"
      },
      "ResponseBody": [
        "\uFEFF\u003C?xml version=\u00221.0\u0022 encoding=\u0022utf-8\u0022?\u003E\u003CError\u003E\u003CCode\u003EContainerAlreadyExists\u003C/Code\u003E\u003CMessage\u003EThe specified container already exists.\n",
        "RequestId:399ae836-701e-0026-2d89-2cdf7e000000\n",
        "Time:2023-12-11T23:29:35.6273359Z\u003C/Message\u003E\u003C/Error\u003E"
      ]
    },
    {
      "RequestUri": "https://REDACTED/dee53a400listblobsflatoptionsmaxresults07c948904e557300/adee53a401listblobsflatoptionsmaxresults07c794157766c223",
      "RequestMethod": "PUT",
      "RequestHeaders": {
        "Accept": "application/xml",
        "Authorization": "Sanitized",
        "Content-Length": "0",
        "Date": "Mon, 11 Dec 2023 23:29:31 GMT",
        "If-None-Match": "*",
        "User-Agent": "azsdk-java-azure-storage-blob/12.26.0-beta.1 (17.0.8; Windows 11; 10.0)",
        "x-ms-blob-content-length": "512",
        "x-ms-blob-type": "PageBlob",
        "x-ms-client-request-id": "423a418f-1a60-451f-84eb-3894436706c4",
        "x-ms-version": "2024-02-04"
      },
      "RequestBody": null,
      "StatusCode": 201,
      "ResponseHeaders": {
        "Content-Length": "0",
        "Date": "Mon, 11 Dec 2023 23:29:35 GMT",
        "ETag": "\u00220x8DBFAA10962C230\u0022",
        "Last-Modified": "Mon, 11 Dec 2023 23:29:35 GMT",
        "Server": [
          "Windows-Azure-Blob/1.0",
          "Microsoft-HTTPAPI/2.0"
        ],
        "x-ms-client-request-id": "423a418f-1a60-451f-84eb-3894436706c4",
        "x-ms-request-id": "c2c640d1-901e-00a8-2989-2c09c8000000",
        "x-ms-request-server-encrypted": "true",
        "x-ms-version": "2024-02-04"
      },
      "ResponseBody": null
    },
    {
      "RequestUri": "https://REDACTED/dee53a400listblobsflatoptionsmaxresults07c948904e557300/cdee53a402listblobsflatoptionsmaxresults07c622860e28e3cb",
      "RequestMethod": "PUT",
      "RequestHeaders": {
        "Accept": "application/xml",
        "Authorization": "Sanitized",
        "Content-Length": "0",
        "Date": "Mon, 11 Dec 2023 23:29:31 GMT",
        "User-Agent": "azsdk-java-azure-storage-blob/12.26.0-beta.1 (17.0.8; Windows 11; 10.0)",
        "x-ms-client-request-id": "54d53b8a-57ca-4372-869b-648352ce8bb5",
        "x-ms-copy-source": "https://REDACTED/dee53a400listblobsflatoptionsmaxresults07c948904e557300/adee53a401listblobsflatoptionsmaxresults07c794157766c223",
        "x-ms-version": "2024-02-04"
      },
      "RequestBody": null,
      "StatusCode": 202,
      "ResponseHeaders": {
        "Content-Length": "0",
        "Date": "Mon, 11 Dec 2023 23:29:35 GMT",
        "ETag": "\u00220x8DBFAA109927DDB\u0022",
        "Last-Modified": "Mon, 11 Dec 2023 23:29:36 GMT",
        "Server": [
          "Windows-Azure-Blob/1.0",
          "Microsoft-HTTPAPI/2.0"
        ],
        "x-ms-client-request-id": "54d53b8a-57ca-4372-869b-648352ce8bb5",
        "x-ms-copy-id": "b624b62c-fc20-4b53-8718-35db279d7214",
        "x-ms-copy-status": "success",
        "x-ms-request-id": "934dd6cd-701e-0019-5889-2c17dd000000",
        "x-ms-version": "2024-02-04"
      },
      "ResponseBody": null
    },
    {
      "RequestUri": "https://REDACTED/dee53a400listblobsflatoptionsmaxresults07c948904e557300/cdee53a402listblobsflatoptionsmaxresults07c622860e28e3cb",
      "RequestMethod": "HEAD",
      "RequestHeaders": {
        "Accept": "application/xml",
        "Authorization": "Sanitized",
        "Content-Length": "0",
        "Date": "Mon, 11 Dec 2023 23:29:37 GMT",
        "User-Agent": "azsdk-java-azure-storage-blob/12.26.0-beta.1 (17.0.8; Windows 11; 10.0)",
        "x-ms-client-request-id": "a55123c4-f7a9-494f-8731-39e23c292ef6",
        "x-ms-version": "2024-02-04"
      },
      "RequestBody": null,
      "StatusCode": 200,
      "ResponseHeaders": {
        "Accept-Ranges": "bytes",
        "Content-Length": "512",
        "Content-Type": "application/octet-stream",
        "Date": "Mon, 11 Dec 2023 23:29:40 GMT",
        "ETag": "\u00220x8DBFAA109927DDB\u0022",
        "Last-Modified": "Mon, 11 Dec 2023 23:29:36 GMT",
        "Server": [
          "Windows-Azure-Blob/1.0",
          "Microsoft-HTTPAPI/2.0"
        ],
        "x-ms-blob-sequence-number": "0",
        "x-ms-blob-type": "PageBlob",
        "x-ms-client-request-id": "a55123c4-f7a9-494f-8731-39e23c292ef6",
        "x-ms-copy-completion-time": "Mon, 11 Dec 2023 23:29:36 GMT",
        "x-ms-copy-id": "b624b62c-fc20-4b53-8718-35db279d7214",
        "x-ms-copy-progress": "512/512",
        "x-ms-copy-source": "https://REDACTED/dee53a400listblobsflatoptionsmaxresults07c948904e557300/adee53a401listblobsflatoptionsmaxresults07c794157766c223",
        "x-ms-copy-status": "success",
        "x-ms-creation-time": "Mon, 11 Dec 2023 23:29:36 GMT",
        "x-ms-lease-state": "available",
        "x-ms-lease-status": "unlocked",
        "x-ms-request-id": "2e296a1c-e01e-001b-1589-2ca965000000",
        "x-ms-server-encrypted": "true",
        "x-ms-version": "2024-02-04"
      },
      "ResponseBody": null
    },
    {
      "RequestUri": "https://REDACTED/dee53a400listblobsflatoptionsmaxresults07c948904e557300/mdee53a403listblobsflatoptionsmaxresults07c35767b9198958",
      "RequestMethod": "PUT",
      "RequestHeaders": {
        "Accept": "application/xml",
        "Authorization": "Sanitized",
        "Content-Length": "0",
        "Date": "Mon, 11 Dec 2023 23:29:37 GMT",
        "User-Agent": "azsdk-java-azure-storage-blob/12.26.0-beta.1 (17.0.8; Windows 11; 10.0)",
        "x-ms-blob-content-length": "512",
        "x-ms-blob-type": "PageBlob",
        "x-ms-client-request-id": "fa275d8f-7ab2-4fac-9a26-9e48bf2847ba",
        "x-ms-meta-foo": "bar",
        "x-ms-version": "2024-02-04"
      },
      "RequestBody": null,
      "StatusCode": 201,
      "ResponseHeaders": {
        "Content-Length": "0",
        "Date": "Mon, 11 Dec 2023 23:29:40 GMT",
        "ETag": "\u00220x8DBFAA10CAD2DD6\u0022",
        "Last-Modified": "Mon, 11 Dec 2023 23:29:41 GMT",
        "Server": [
          "Windows-Azure-Blob/1.0",
          "Microsoft-HTTPAPI/2.0"
        ],
        "x-ms-client-request-id": "fa275d8f-7ab2-4fac-9a26-9e48bf2847ba",
        "x-ms-request-id": "2e296a84-e01e-001b-7489-2ca965000000",
        "x-ms-request-server-encrypted": "true",
        "x-ms-version": "2024-02-04"
      },
      "ResponseBody": null
    },
    {
      "RequestUri": "https://REDACTED/dee53a400listblobsflatoptionsmaxresults07c948904e557300/tdee53a404listblobsflatoptionsmaxresults07c775816e446ea4",
      "RequestMethod": "PUT",
      "RequestHeaders": {
        "Accept": "application/xml",
        "Authorization": "Sanitized",
        "Content-Length": "0",
        "Date": "Mon, 11 Dec 2023 23:29:37 GMT",
        "User-Agent": "azsdk-java-azure-storage-blob/12.26.0-beta.1 (17.0.8; Windows 11; 10.0)",
        "x-ms-blob-content-length": "512",
        "x-ms-blob-type": "PageBlob",
        "x-ms-client-request-id": "f96b8d24-2d3c-408c-a9c9-fb4db2452cc1",
        "x-ms-tags": "dee53a4003782e19=dee53a406122041d",
        "x-ms-version": "2024-02-04"
      },
      "RequestBody": null,
      "StatusCode": 201,
      "ResponseHeaders": {
        "Content-Length": "0",
        "Date": "Mon, 11 Dec 2023 23:29:40 GMT",
        "ETag": "\u00220x8DBFAA10CBC46D6\u0022",
        "Last-Modified": "Mon, 11 Dec 2023 23:29:41 GMT",
        "Server": [
          "Windows-Azure-Blob/1.0",
          "Microsoft-HTTPAPI/2.0"
        ],
        "x-ms-client-request-id": "f96b8d24-2d3c-408c-a9c9-fb4db2452cc1",
        "x-ms-request-id": "2e296b08-e01e-001b-6a89-2ca965000000",
        "x-ms-request-server-encrypted": "true",
        "x-ms-version": "2024-02-04"
      },
      "ResponseBody": null
    },
    {
      "RequestUri": "https://REDACTED/dee53a400listblobsflatoptionsmaxresults07c948904e557300/udee53a405listblobsflatoptionsmaxresults07c869578a61ae46?comp=block\u0026blockid=ZmZjMTQ2YmYtMjVlOS00YTUzLTkzMDgtYzYwNTNkZDEyMzgy",
      "RequestMethod": "PUT",
      "RequestHeaders": {
        "Accept": "application/xml",
        "Authorization": "Sanitized",
        "Content-Length": "7",
        "Content-Type": "application/octet-stream",
        "Date": "Mon, 11 Dec 2023 23:29:37 GMT",
        "User-Agent": "azsdk-java-azure-storage-blob/12.26.0-beta.1 (17.0.8; Windows 11; 10.0)",
        "x-ms-client-request-id": "94edb828-2c4c-410e-bad4-008c8b3ad02d",
        "x-ms-version": "2024-02-04"
      },
      "RequestBody": "ZGVmYXVsdA==",
      "StatusCode": 201,
      "ResponseHeaders": {
        "Content-Length": "0",
        "Date": "Mon, 11 Dec 2023 23:29:40 GMT",
        "Server": [
          "Windows-Azure-Blob/1.0",
          "Microsoft-HTTPAPI/2.0"
        ],
        "x-ms-client-request-id": "94edb828-2c4c-410e-bad4-008c8b3ad02d",
        "x-ms-content-crc64": "6RYQPwaVsyQ=",
        "x-ms-request-id": "2e296b69-e01e-001b-4789-2ca965000000",
        "x-ms-request-server-encrypted": "true",
        "x-ms-version": "2024-02-04"
      },
      "ResponseBody": null
    },
    {
      "RequestUri": "https://REDACTED/dee53a400listblobsflatoptionsmaxresults07c948904e557300/adee53a401listblobsflatoptionsmaxresults07c794157766c223?comp=snapshot",
      "RequestMethod": "PUT",
      "RequestHeaders": {
        "Accept": "application/xml",
        "Authorization": "Sanitized",
        "Content-Length": "0",
        "Date": "Mon, 11 Dec 2023 23:29:37 GMT",
        "User-Agent": "azsdk-java-azure-storage-blob/12.26.0-beta.1 (17.0.8; Windows 11; 10.0)",
        "x-ms-client-request-id": "14a003f1-987d-4144-8513-4ad33d015ae7",
        "x-ms-version": "2024-02-04"
      },
      "RequestBody": null,
      "StatusCode": 201,
      "ResponseHeaders": {
        "Content-Length": "0",
        "Date": "Mon, 11 Dec 2023 23:29:40 GMT",
        "ETag": "\u00220x8DBFAA10962C230\u0022",
        "Last-Modified": "Mon, 11 Dec 2023 23:29:35 GMT",
        "Server": [
          "Windows-Azure-Blob/1.0",
          "Microsoft-HTTPAPI/2.0"
        ],
        "x-ms-client-request-id": "14a003f1-987d-4144-8513-4ad33d015ae7",
        "x-ms-request-id": "2e296bcb-e01e-001b-2589-2ca965000000",
        "x-ms-request-server-encrypted": "false",
        "x-ms-snapshot": "2023-12-11T23:29:41.5350201Z",
        "x-ms-version": "2024-02-04"
      },
      "ResponseBody": null
    },
    {
      "RequestUri": "https://REDACTED/dee53a400listblobsflatoptionsmaxresults07c948904e557300?restype=container\u0026comp=list\u0026maxresults=2\u0026include=copy%2Csnapshots%2Cuncommittedblobs",
      "RequestMethod": "GET",
      "RequestHeaders": {
        "Accept": "application/xml",
        "Authorization": "Sanitized",
        "Content-Length": "0",
        "Date": "Mon, 11 Dec 2023 23:29:37 GMT",
        "User-Agent": "azsdk-java-azure-storage-blob/12.26.0-beta.1 (17.0.8; Windows 11; 10.0)",
        "x-ms-client-request-id": "69d458ba-b78e-48fc-a3b7-4bd93dfae370",
        "x-ms-version": "2024-02-04"
      },
      "RequestBody": null,
      "StatusCode": 200,
      "ResponseHeaders": {
        "Content-Type": "application/xml",
        "Date": "Mon, 11 Dec 2023 23:29:40 GMT",
        "Server": [
          "Windows-Azure-Blob/1.0",
          "Microsoft-HTTPAPI/2.0"
        ],
        "Transfer-Encoding": "chunked",
        "x-ms-client-request-id": "69d458ba-b78e-48fc-a3b7-4bd93dfae370",
        "x-ms-request-id": "2e296c41-e01e-001b-1489-2ca965000000",
        "x-ms-version": "2024-02-04"
      },
      "ResponseBody": "\uFEFF\u003C?xml version=\u00221.0\u0022 encoding=\u0022utf-8\u0022?\u003E\u003CEnumerationResults ServiceEndpoint=\u0022https://ibrandesstorage.blob.core.windows.net/\u0022 ContainerName=\u0022dee53a400listblobsflatoptionsmaxresults07c948904e557300\u0022\u003E\u003CMaxResults\u003E2\u003C/MaxResults\u003E\u003CBlobs\u003E\u003CBlob\u003E\u003CName\u003Eadee53a401listblobsflatoptionsmaxresults07c794157766c223\u003C/Name\u003E\u003CSnapshot\u003E2023-12-11T23:29:41.5350201Z\u003C/Snapshot\u003E\u003CProperties\u003E\u003CCreation-Time\u003EMon, 11 Dec 2023 23:29:35 GMT\u003C/Creation-Time\u003E\u003CLast-Modified\u003EMon, 11 Dec 2023 23:29:35 GMT\u003C/Last-Modified\u003E\u003CEtag\u003E0x8DBFAA10962C230\u003C/Etag\u003E\u003CContent-Length\u003E512\u003C/Content-Length\u003E\u003CContent-Type\u003Eapplication/octet-stream\u003C/Content-Type\u003E\u003CContent-Encoding /\u003E\u003CContent-Language /\u003E\u003CContent-CRC64 /\u003E\u003CContent-MD5 /\u003E\u003CCache-Control /\u003E\u003CContent-Disposition /\u003E\u003Cx-ms-blob-sequence-number\u003E0\u003C/x-ms-blob-sequence-number\u003E\u003CBlobType\u003EPageBlob\u003C/BlobType\u003E\u003CServerEncrypted\u003Etrue\u003C/ServerEncrypted\u003E\u003C/Properties\u003E\u003COrMetadata /\u003E\u003C/Blob\u003E\u003CBlob\u003E\u003CName\u003Eadee53a401listblobsflatoptionsmaxresults07c794157766c223\u003C/Name\u003E\u003CProperties\u003E\u003CCreation-Time\u003EMon, 11 Dec 2023 23:29:35 GMT\u003C/Creation-Time\u003E\u003CLast-Modified\u003EMon, 11 Dec 2023 23:29:35 GMT\u003C/Last-Modified\u003E\u003CEtag\u003E0x8DBFAA10962C230\u003C/Etag\u003E\u003CContent-Length\u003E512\u003C/Content-Length\u003E\u003CContent-Type\u003Eapplication/octet-stream\u003C/Content-Type\u003E\u003CContent-Encoding /\u003E\u003CContent-Language /\u003E\u003CContent-CRC64 /\u003E\u003CContent-MD5 /\u003E\u003CCache-Control /\u003E\u003CContent-Disposition /\u003E\u003Cx-ms-blob-sequence-number\u003E0\u003C/x-ms-blob-sequence-number\u003E\u003CBlobType\u003EPageBlob\u003C/BlobType\u003E\u003CLeaseStatus\u003Eunlocked\u003C/LeaseStatus\u003E\u003CLeaseState\u003Eavailable\u003C/LeaseState\u003E\u003CServerEncrypted\u003Etrue\u003C/ServerEncrypted\u003E\u003C/Properties\u003E\u003COrMetadata /\u003E\u003C/Blob\u003E\u003C/Blobs\u003E\u003CNextMarker\u003E2!136!MDAwMDU2IWNkZWU1M2E0MDJsaXN0YmxvYnNmbGF0b3B0aW9uc21heHJlc3VsdHMwN2M2MjI4NjBlMjhlM2NiITAwMDAyOCE5OTk5LTEyLTMxVDIzOjU5OjU5Ljk5OTk5OTlaIQ--\u003C/NextMarker\u003E\u003C/EnumerationResults\u003E"
    }
  ],
  "Variables": {
    "0": "dee53a400listblobsflatoptionsmaxresults07c948904e557300",
    "1": "dee53a4003782e19",
    "2": "dee53a406122041d",
    "3": "dee53a401listblobsflatoptionsmaxresults07c794157766c223",
    "4": "dee53a402listblobsflatoptionsmaxresults07c622860e28e3cb",
    "5": "dee53a403listblobsflatoptionsmaxresults07c35767b9198958",
    "6": "dee53a404listblobsflatoptionsmaxresults07c775816e446ea4",
    "7": "dee53a405listblobsflatoptionsmaxresults07c869578a61ae46",
    "8": "ffc146bf-25e9-4a53-9308-c6053dd12382"
  }
}
