{
  "Entries": [
    {
      "RequestUri": "https://REDACTED/fe32b2a10setmetadatametadata9a0261034f589c7c94854?restype=container",
      "RequestMethod": "PUT",
      "RequestHeaders": {
        "Accept": "application/xml",
        "Authorization": "Sanitized",
        "Content-Length": "0",
        "Date": "Thu, 12 Oct 2023 17:27:02 GMT",
        "User-Agent": "azsdk-java-azure-storage-blob/12.25.0-beta.1 (17.0.8.1; Windows 11; 10.0)",
        "x-ms-client-request-id": "68ca83e3-365e-460a-9520-586453c48878",
        "x-ms-version": "2023-08-03"
      },
      "RequestBody": null,
      "StatusCode": 201,
      "ResponseHeaders": {
        "Content-Length": "0",
        "Date": "Thu, 12 Oct 2023 17:27:02 GMT",
        "ETag": "\u00220x8DBCB48729318E0\u0022",
        "Last-Modified": "Thu, 12 Oct 2023 17:27:02 GMT",
        "Server": [
          "Windows-Azure-Blob/1.0",
          "Microsoft-HTTPAPI/2.0"
        ],
        "x-ms-client-request-id": "68ca83e3-365e-460a-9520-586453c48878",
        "x-ms-request-id": "99bcc589-c01e-0034-5431-fdf979000000",
        "x-ms-version": "2023-08-03"
      },
      "ResponseBody": null
    },
    {
      "RequestUri": "https://REDACTED/fe32b2a10setmetadatametadata9a0261034f589c7c94854?restype=container\u0026comp=metadata",
      "RequestMethod": "PUT",
      "RequestHeaders": {
        "Accept": "application/xml",
        "Authorization": "Sanitized",
        "Content-Length": "0",
        "Date": "Thu, 12 Oct 2023 17:27:02 GMT",
        "User-Agent": "azsdk-java-azure-storage-blob/12.25.0-beta.1 (17.0.8.1; Windows 11; 10.0)",
        "x-ms-client-request-id": "ce8debbd-1210-4869-b575-946360e0a5c9",
        "x-ms-version": "2023-08-03"
      },
      "RequestBody": null,
      "StatusCode": 200,
      "ResponseHeaders": {
        "Content-Length": "0",
        "Date": "Thu, 12 Oct 2023 17:27:02 GMT",
        "ETag": "\u00220x8DBCB487296E97D\u0022",
        "Last-Modified": "Thu, 12 Oct 2023 17:27:02 GMT",
        "Server": [
          "Windows-Azure-Blob/1.0",
          "Microsoft-HTTPAPI/2.0"
        ],
        "x-ms-client-request-id": "ce8debbd-1210-4869-b575-946360e0a5c9",
        "x-ms-request-id": "99bcc5be-c01e-0034-7231-fdf979000000",
        "x-ms-version": "2023-08-03"
      },
      "ResponseBody": null
    },
    {
      "RequestUri": "https://REDACTED/fe32b2a10setmetadatametadata9a0261034f589c7c94854?restype=container",
      "RequestMethod": "GET",
      "RequestHeaders": {
        "Accept": "application/xml",
        "Authorization": "Sanitized",
        "Content-Length": "0",
        "Date": "Thu, 12 Oct 2023 17:27:02 GMT",
        "User-Agent": "azsdk-java-azure-storage-blob/12.25.0-beta.1 (17.0.8.1; Windows 11; 10.0)",
        "x-ms-client-request-id": "c4d059e9-978a-4f22-8c27-5c623ff87bb3",
        "x-ms-version": "2023-08-03"
      },
      "RequestBody": null,
      "StatusCode": 200,
      "ResponseHeaders": {
        "Access-Control-Allow-Origin": "*",
        "Access-Control-Expose-Headers": "x-ms-client-request-id",
        "Content-Length": "0",
        "Date": "Thu, 12 Oct 2023 17:27:01 GMT",
        "ETag": "\u00220x8DBCB487296E97D\u0022",
        "Last-Modified": "Thu, 12 Oct 2023 17:27:02 GMT",
        "Server": [
          "Windows-Azure-Blob/1.0",
          "Microsoft-HTTPAPI/2.0"
        ],
        "x-ms-client-request-id": "c4d059e9-978a-4f22-8c27-5c623ff87bb3",
        "x-ms-default-encryption-scope": "$account-encryption-key",
        "x-ms-deny-encryption-scope-override": "false",
        "x-ms-has-immutability-policy": "false",
        "x-ms-has-legal-hold": "false",
        "x-ms-immutable-storage-with-versioning-enabled": "false",
        "x-ms-lease-state": "available",
        "x-ms-lease-status": "unlocked",
        "x-ms-request-id": "ab1dd6db-a01e-0032-3931-fdcac6000000",
        "x-ms-version": "2023-08-03"
      },
      "ResponseBody": null
    }
  ],
  "Variables": {
    "0": "fe32b2a10setmetadatametadata9a0261034f589c7c94854",
    "1": "fe32b2a199954caa",
    "2": "fe32b2a173328497"
  }
}
