{
  "Entries": [
    {
      "RequestUri": "https://REDACTED/15f2c9e60deleteacfailf58951946bde913c91bc411aa?restype=container",
      "RequestMethod": "PUT",
      "RequestHeaders": {
        "Accept": "application/xml",
        "Authorization": "Sanitized",
        "Content-Length": "0",
        "Date": "Fri, 01 Dec 2023 19:18:37 GMT",
        "User-Agent": "azsdk-java-azure-storage-blob/12.26.0-beta.1 (17.0.8; Windows 11; 10.0)",
        "x-ms-client-request-id": "6182564e-5403-403a-9d50-0fc5e787d559",
        "x-ms-version": "2024-02-04"
      },
      "RequestBody": null,
      "StatusCode": 201,
      "ResponseHeaders": {
        "Content-Length": "0",
        "Date": "Fri, 01 Dec 2023 19:18:37 GMT",
        "ETag": "\u00220x8DBF2A25262B65A\u0022",
        "Last-Modified": "Fri, 01 Dec 2023 19:18:38 GMT",
        "Server": [
          "Windows-Azure-Blob/1.0",
          "Microsoft-HTTPAPI/2.0"
        ],
        "x-ms-client-request-id": "6182564e-5403-403a-9d50-0fc5e787d559",
        "x-ms-request-id": "6294c7a9-e01e-0056-688b-246689000000",
        "x-ms-version": "2024-02-04"
      },
      "ResponseBody": null
    },
    {
      "RequestUri": "https://REDACTED/15f2c9e60deleteacfailf58951946bde913c91bc411aa?restype=container",
      "RequestMethod": "PUT",
      "RequestHeaders": {
        "Accept": "application/xml",
        "Authorization": "Sanitized",
        "Content-Length": "0",
        "Date": "Fri, 01 Dec 2023 19:18:37 GMT",
        "User-Agent": "azsdk-java-azure-storage-blob/12.26.0-beta.1 (17.0.8; Windows 11; 10.0)",
        "x-ms-client-request-id": "e0b02576-f4bb-47db-9a77-c7307ba50436",
        "x-ms-version": "2024-02-04"
      },
      "RequestBody": null,
      "StatusCode": 409,
      "ResponseHeaders": {
        "Content-Length": "230",
        "Content-Type": "application/xml",
        "Date": "Fri, 01 Dec 2023 19:18:38 GMT",
        "Server": [
          "Windows-Azure-Blob/1.0",
          "Microsoft-HTTPAPI/2.0"
        ],
        "x-ms-client-request-id": "e0b02576-f4bb-47db-9a77-c7307ba50436",
        "x-ms-error-code": "ContainerAlreadyExists",
        "x-ms-request-id": "4c207d6f-b01e-0029-808b-24a912000000",
        "x-ms-version": "2024-02-04"
      },
      "ResponseBody": [
        "\uFEFF\u003C?xml version=\u00221.0\u0022 encoding=\u0022utf-8\u0022?\u003E\u003CError\u003E\u003CCode\u003EContainerAlreadyExists\u003C/Code\u003E\u003CMessage\u003EThe specified container already exists.\n",
        "RequestId:4c207d6f-b01e-0029-808b-24a912000000\n",
        "Time:2023-12-01T19:18:38.4726194Z\u003C/Message\u003E\u003C/Error\u003E"
      ]
    },
    {
      "RequestUri": "https://REDACTED/15f2c9e60deleteacfailf58951946bde913c91bc411aa?restype=container",
      "RequestMethod": "DELETE",
      "RequestHeaders": {
        "Accept": "application/xml",
        "Authorization": "Sanitized",
        "Content-Length": "0",
        "Date": "Fri, 01 Dec 2023 19:18:37 GMT",
        "If-Modified-Since": "Sat, 02 Dec 2023 19:18:30 GMT",
        "User-Agent": "azsdk-java-azure-storage-blob/12.26.0-beta.1 (17.0.8; Windows 11; 10.0)",
        "x-ms-client-request-id": "a119a64c-36c0-4d4a-bf6e-12e4d49f579c",
        "x-ms-version": "2024-02-04"
      },
      "RequestBody": null,
      "StatusCode": 412,
      "ResponseHeaders": {
        "Content-Length": "252",
        "Content-Type": "application/xml",
        "Date": "Fri, 01 Dec 2023 19:18:38 GMT",
        "Server": [
          "Windows-Azure-Blob/1.0",
          "Microsoft-HTTPAPI/2.0"
        ],
        "x-ms-client-request-id": "a119a64c-36c0-4d4a-bf6e-12e4d49f579c",
        "x-ms-error-code": "ConditionNotMet",
        "x-ms-request-id": "4c207dc5-b01e-0029-4e8b-24a912000000",
        "x-ms-version": "2024-02-04"
      },
      "ResponseBody": [
        "\uFEFF\u003C?xml version=\u00221.0\u0022 encoding=\u0022utf-8\u0022?\u003E\u003CError\u003E\u003CCode\u003EConditionNotMet\u003C/Code\u003E\u003CMessage\u003EThe condition specified using HTTP conditional header(s) is not met.\n",
        "RequestId:4c207dc5-b01e-0029-4e8b-24a912000000\n",
        "Time:2023-12-01T19:18:38.5625668Z\u003C/Message\u003E\u003C/Error\u003E"
      ]
    }
  ],
  "Variables": {
    "0": "15f2c9e60deleteacfailf58951946bde913c91bc411aa",
    "1": "15f2c9e641355c3c",
    "2": "15f2c9e654656895"
  }
}
