{
  "Entries": [
    {
      "RequestUri": "https://REDACTED/0e8152170listblobsflatrehydratepriority83b04393dd17339c?restype=container",
      "RequestMethod": "PUT",
      "RequestHeaders": {
        "Accept": "application/xml",
        "Authorization": "Sanitized",
        "Content-Length": "0",
        "Date": "Thu, 23 Nov 2023 20:12:25 GMT",
        "User-Agent": "azsdk-java-azure-storage-blob/12.26.0-beta.1 (17.0.8; Windows 11; 10.0)",
        "x-ms-client-request-id": "c1b6dbba-c3f7-4891-9236-f031f3e980f5",
        "x-ms-version": "2024-02-04"
      },
      "RequestBody": null,
      "StatusCode": 201,
      "ResponseHeaders": {
        "Content-Length": "0",
        "Date": "Thu, 23 Nov 2023 20:12:29 GMT",
        "ETag": "\u00220x8DBEC6085438F2D\u0022",
        "Last-Modified": "Thu, 23 Nov 2023 20:12:29 GMT",
        "Server": [
          "Windows-Azure-Blob/1.0",
          "Microsoft-HTTPAPI/2.0"
        ],
        "x-ms-client-request-id": "c1b6dbba-c3f7-4891-9236-f031f3e980f5",
        "x-ms-request-id": "66b286a5-701e-008f-5f49-1e1e0c000000",
        "x-ms-version": "2024-02-04"
      },
      "ResponseBody": null
    },
    {
      "RequestUri": "https://REDACTED/0e8152170listblobsflatrehydratepriority83b04393dd17339c?restype=container",
      "RequestMethod": "PUT",
      "RequestHeaders": {
        "Accept": "application/xml",
        "Authorization": "Sanitized",
        "Content-Length": "0",
        "Date": "Thu, 23 Nov 2023 20:12:25 GMT",
        "User-Agent": "azsdk-java-azure-storage-blob/12.26.0-beta.1 (17.0.8; Windows 11; 10.0)",
        "x-ms-client-request-id": "47db65cc-8aca-4c1c-85fd-ea8e64a9ae11",
        "x-ms-version": "2024-02-04"
      },
      "RequestBody": null,
      "StatusCode": 409,
      "ResponseHeaders": {
        "Content-Length": "230",
        "Content-Type": "application/xml",
        "Date": "Thu, 23 Nov 2023 20:12:29 GMT",
        "Server": [
          "Windows-Azure-Blob/1.0",
          "Microsoft-HTTPAPI/2.0"
        ],
        "x-ms-client-request-id": "47db65cc-8aca-4c1c-85fd-ea8e64a9ae11",
        "x-ms-error-code": "ContainerAlreadyExists",
        "x-ms-request-id": "66b2871a-701e-008f-4b49-1e1e0c000000",
        "x-ms-version": "2024-02-04"
      },
      "ResponseBody": [
        "\uFEFF\u003C?xml version=\u00221.0\u0022 encoding=\u0022utf-8\u0022?\u003E\u003CError\u003E\u003CCode\u003EContainerAlreadyExists\u003C/Code\u003E\u003CMessage\u003EThe specified container already exists.\n",
        "RequestId:66b2871a-701e-008f-4b49-1e1e0c000000\n",
        "Time:2023-11-23T20:12:30.0809465Z\u003C/Message\u003E\u003C/Error\u003E"
      ]
    },
    {
      "RequestUri": "https://REDACTED/0e8152170listblobsflatrehydratepriority83b04393dd17339c/0e8152171listblobsflatrehydratepriority83b42391165b1344",
      "RequestMethod": "PUT",
      "RequestHeaders": {
        "Accept": "application/xml",
        "Authorization": "Sanitized",
        "Content-Length": "7",
        "Content-Type": "application/octet-stream",
        "Date": "Thu, 23 Nov 2023 20:12:25 GMT",
        "If-None-Match": "*",
        "User-Agent": "azsdk-java-azure-storage-blob/12.26.0-beta.1 (17.0.8; Windows 11; 10.0)",
        "x-ms-blob-type": "BlockBlob",
        "x-ms-client-request-id": "a9554c25-c8b1-41b4-92ef-62d56fb0c863",
        "x-ms-version": "2024-02-04"
      },
      "RequestBody": "ZGVmYXVsdA==",
      "StatusCode": 201,
      "ResponseHeaders": {
        "Content-Length": "0",
        "Content-MD5": "wh\u002BWm18D0z1D4E\u002BPE252gg==",
        "Date": "Thu, 23 Nov 2023 20:12:30 GMT",
        "ETag": "\u00220x8DBEC60855FA56E\u0022",
        "Last-Modified": "Thu, 23 Nov 2023 20:12:30 GMT",
        "Server": [
          "Windows-Azure-Blob/1.0",
          "Microsoft-HTTPAPI/2.0"
        ],
        "x-ms-client-request-id": "a9554c25-c8b1-41b4-92ef-62d56fb0c863",
        "x-ms-content-crc64": "6RYQPwaVsyQ=",
        "x-ms-request-id": "77f75774-601e-0083-2849-1e8904000000",
        "x-ms-request-server-encrypted": "true",
        "x-ms-version": "2024-02-04"
      },
      "ResponseBody": null
    },
    {
      "RequestUri": "https://REDACTED/0e8152170listblobsflatrehydratepriority83b04393dd17339c/0e8152171listblobsflatrehydratepriority83b42391165b1344?comp=tier",
      "RequestMethod": "PUT",
      "RequestHeaders": {
        "Accept": "application/xml",
        "Authorization": "Sanitized",
        "Content-Length": "0",
        "Date": "Thu, 23 Nov 2023 20:12:25 GMT",
        "User-Agent": "azsdk-java-azure-storage-blob/12.26.0-beta.1 (17.0.8; Windows 11; 10.0)",
        "x-ms-access-tier": "Archive",
        "x-ms-client-request-id": "c4847d57-a765-4916-9dd7-014de4ca7a3c",
        "x-ms-version": "2024-02-04"
      },
      "RequestBody": null,
      "StatusCode": 200,
      "ResponseHeaders": {
        "Content-Length": "0",
        "Date": "Thu, 23 Nov 2023 20:12:29 GMT",
        "Server": [
          "Windows-Azure-Blob/1.0",
          "Microsoft-HTTPAPI/2.0"
        ],
        "x-ms-client-request-id": "c4847d57-a765-4916-9dd7-014de4ca7a3c",
        "x-ms-request-id": "66b287d9-701e-008f-7d49-1e1e0c000000",
        "x-ms-version": "2024-02-04"
      },
      "ResponseBody": null
    },
    {
      "RequestUri": "https://REDACTED/0e8152170listblobsflatrehydratepriority83b04393dd17339c/0e8152171listblobsflatrehydratepriority83b42391165b1344?comp=tier",
      "RequestMethod": "PUT",
      "RequestHeaders": {
        "Accept": "application/xml",
        "Authorization": "Sanitized",
        "Content-Length": "0",
        "Date": "Thu, 23 Nov 2023 20:12:25 GMT",
        "User-Agent": "azsdk-java-azure-storage-blob/12.26.0-beta.1 (17.0.8; Windows 11; 10.0)",
        "x-ms-access-tier": "Hot",
        "x-ms-client-request-id": "5f363d95-7767-4eef-ad53-262d2ddd84b0",
        "x-ms-rehydrate-priority": "Standard",
        "x-ms-version": "2024-02-04"
      },
      "RequestBody": null,
      "StatusCode": 202,
      "ResponseHeaders": {
        "Content-Length": "0",
        "Date": "Thu, 23 Nov 2023 20:12:30 GMT",
        "Server": [
          "Windows-Azure-Blob/1.0",
          "Microsoft-HTTPAPI/2.0"
        ],
        "x-ms-client-request-id": "5f363d95-7767-4eef-ad53-262d2ddd84b0",
        "x-ms-request-id": "857130e0-f01e-0017-2f49-1e3e6d000000",
        "x-ms-version": "2024-02-04"
      },
      "ResponseBody": null
    },
    {
      "RequestUri": "https://REDACTED/0e8152170listblobsflatrehydratepriority83b04393dd17339c?restype=container\u0026comp=list",
      "RequestMethod": "GET",
      "RequestHeaders": {
        "Accept": "application/xml",
        "Authorization": "Sanitized",
        "Content-Length": "0",
        "Date": "Thu, 23 Nov 2023 20:12:25 GMT",
        "User-Agent": "azsdk-java-azure-storage-blob/12.26.0-beta.1 (17.0.8; Windows 11; 10.0)",
        "x-ms-client-request-id": "4c8bf7fb-d8b4-4f80-b72c-2c44302c9230",
        "x-ms-version": "2024-02-04"
      },
      "RequestBody": null,
      "StatusCode": 200,
      "ResponseHeaders": {
        "Access-Control-Allow-Origin": "*",
        "Access-Control-Expose-Headers": "x-ms-client-request-id",
        "Content-Type": "application/xml",
        "Date": "Thu, 23 Nov 2023 20:12:29 GMT",
        "Server": [
          "Windows-Azure-Blob/1.0",
          "Microsoft-HTTPAPI/2.0"
        ],
        "Transfer-Encoding": "chunked",
        "x-ms-client-request-id": "4c8bf7fb-d8b4-4f80-b72c-2c44302c9230",
        "x-ms-request-id": "66b28898-701e-008f-2d49-1e1e0c000000",
        "x-ms-version": "2024-02-04"
      },
      "ResponseBody": "\uFEFF\u003C?xml version=\u00221.0\u0022 encoding=\u0022utf-8\u0022?\u003E\u003CEnumerationResults ServiceEndpoint=\u0022https://ibrandesstorage.blob.core.windows.net/\u0022 ContainerName=\u00220e8152170listblobsflatrehydratepriority83b04393dd17339c\u0022\u003E\u003CBlobs\u003E\u003CBlob\u003E\u003CName\u003E0e8152171listblobsflatrehydratepriority83b42391165b1344\u003C/Name\u003E\u003CProperties\u003E\u003CCreation-Time\u003EThu, 23 Nov 2023 20:12:30 GMT\u003C/Creation-Time\u003E\u003CLast-Modified\u003EThu, 23 Nov 2023 20:12:30 GMT\u003C/Last-Modified\u003E\u003CEtag\u003E0x8DBEC60855FA56E\u003C/Etag\u003E\u003CContent-Length\u003E7\u003C/Content-Length\u003E\u003CContent-Type\u003Eapplication/octet-stream\u003C/Content-Type\u003E\u003CContent-Encoding /\u003E\u003CContent-Language /\u003E\u003CContent-CRC64 /\u003E\u003CContent-MD5\u003Ewh\u002BWm18D0z1D4E\u002BPE252gg==\u003C/Content-MD5\u003E\u003CCache-Control /\u003E\u003CContent-Disposition /\u003E\u003CBlobType\u003EBlockBlob\u003C/BlobType\u003E\u003CAccessTier\u003EArchive\u003C/AccessTier\u003E\u003CArchiveStatus\u003Erehydrate-pending-to-hot\u003C/ArchiveStatus\u003E\u003CRehydratePriority\u003EStandard\u003C/RehydratePriority\u003E\u003CAccessTierChangeTime\u003EThu, 23 Nov 2023 20:12:30 GMT\u003C/AccessTierChangeTime\u003E\u003CLeaseStatus\u003Eunlocked\u003C/LeaseStatus\u003E\u003CLeaseState\u003Eavailable\u003C/LeaseState\u003E\u003CServerEncrypted\u003Etrue\u003C/ServerEncrypted\u003E\u003C/Properties\u003E\u003COrMetadata /\u003E\u003C/Blob\u003E\u003C/Blobs\u003E\u003CNextMarker /\u003E\u003C/EnumerationResults\u003E"
    }
  ],
  "Variables": {
    "0": "0e8152170listblobsflatrehydratepriority83b04393dd17339c",
    "1": "0e81521797844c03",
    "2": "0e8152174868944b",
    "3": "0e8152171listblobsflatrehydratepriority83b42391165b1344"
  }
}
