{
  "Entries": [
    {
      "RequestUri": "https://REDACTED/9b7e5ba20findblobsmaxresultsbypage51f8271822abe7bbb8?restype=container",
      "RequestMethod": "PUT",
      "RequestHeaders": {
        "Accept": "application/xml",
        "Authorization": "Sanitized",
        "Content-Length": "0",
        "Date": "Mon, 11 Dec 2023 19:12:39 GMT",
        "User-Agent": "azsdk-java-azure-storage-blob/12.26.0-beta.1 (17.0.8; Windows 11; 10.0)",
        "x-ms-client-request-id": "63fbdb77-8511-4de1-8a88-727a7a601e0d",
        "x-ms-version": "2024-02-04"
      },
      "RequestBody": null,
      "StatusCode": 201,
      "ResponseHeaders": {
        "Content-Length": "0",
        "Date": "Mon, 11 Dec 2023 19:12:42 GMT",
        "ETag": "\u00220x8DBFA7D2697422E\u0022",
        "Last-Modified": "Mon, 11 Dec 2023 19:12:42 GMT",
        "Server": [
          "Windows-Azure-Blob/1.0",
          "Microsoft-HTTPAPI/2.0"
        ],
        "x-ms-client-request-id": "63fbdb77-8511-4de1-8a88-727a7a601e0d",
        "x-ms-request-id": "dd0f3000-801e-0022-0566-2c5279000000",
        "x-ms-version": "2024-02-04"
      },
      "ResponseBody": null
    },
    {
      "RequestUri": "https://REDACTED/9b7e5ba20findblobsmaxresultsbypage51f8271822abe7bbb8?restype=container",
      "RequestMethod": "PUT",
      "RequestHeaders": {
        "Accept": "application/xml",
        "Authorization": "Sanitized",
        "Content-Length": "0",
        "Date": "Mon, 11 Dec 2023 19:12:39 GMT",
        "User-Agent": "azsdk-java-azure-storage-blob/12.26.0-beta.1 (17.0.8; Windows 11; 10.0)",
        "x-ms-client-request-id": "5d173089-fb27-4dca-ac31-343604399e48",
        "x-ms-version": "2024-02-04"
      },
      "RequestBody": null,
      "StatusCode": 409,
      "ResponseHeaders": {
        "Content-Length": "230",
        "Content-Type": "application/xml",
        "Date": "Mon, 11 Dec 2023 19:12:42 GMT",
        "Server": [
          "Windows-Azure-Blob/1.0",
          "Microsoft-HTTPAPI/2.0"
        ],
        "x-ms-client-request-id": "5d173089-fb27-4dca-ac31-343604399e48",
        "x-ms-error-code": "ContainerAlreadyExists",
        "x-ms-request-id": "dd0f3097-801e-0022-0d66-2c5279000000",
        "x-ms-version": "2024-02-04"
      },
      "ResponseBody": [
        "\uFEFF\u003C?xml version=\u00221.0\u0022 encoding=\u0022utf-8\u0022?\u003E\u003CError\u003E\u003CCode\u003EContainerAlreadyExists\u003C/Code\u003E\u003CMessage\u003EThe specified container already exists.\n",
        "RequestId:dd0f3097-801e-0022-0d66-2c5279000000\n",
        "Time:2023-12-11T19:12:42.9269717Z\u003C/Message\u003E\u003C/Error\u003E"
      ]
    },
    {
      "RequestUri": "https://REDACTED/9b7e5ba20findblobsmaxresultsbypage51f8271822abe7bbb8/9b7e5ba21findblobsmaxresultsbypage51f8525367078dc6ac",
      "RequestMethod": "PUT",
      "RequestHeaders": {
        "Accept": "application/xml",
        "Authorization": "Sanitized",
        "Content-Length": "7",
        "Content-Type": "application/octet-stream",
        "Date": "Mon, 11 Dec 2023 19:12:39 GMT",
        "User-Agent": "azsdk-java-azure-storage-blob/12.26.0-beta.1 (17.0.8; Windows 11; 10.0)",
        "x-ms-blob-type": "BlockBlob",
        "x-ms-client-request-id": "9a139c5f-866d-4339-ae7a-575d191f7250",
        "x-ms-tags": "9b7e5ba212954711=9b7e5ba234349751",
        "x-ms-version": "2024-02-04"
      },
      "RequestBody": "ZGVmYXVsdA==",
      "StatusCode": 201,
      "ResponseHeaders": {
        "Content-Length": "0",
        "Content-MD5": "wh\u002BWm18D0z1D4E\u002BPE252gg==",
        "Date": "Mon, 11 Dec 2023 19:12:42 GMT",
        "ETag": "\u00220x8DBFA7D26B243F0\u0022",
        "Last-Modified": "Mon, 11 Dec 2023 19:12:43 GMT",
        "Server": [
          "Windows-Azure-Blob/1.0",
          "Microsoft-HTTPAPI/2.0"
        ],
        "x-ms-client-request-id": "9a139c5f-866d-4339-ae7a-575d191f7250",
        "x-ms-content-crc64": "6RYQPwaVsyQ=",
        "x-ms-request-id": "dd0f313a-801e-0022-2166-2c5279000000",
        "x-ms-request-server-encrypted": "true",
        "x-ms-version": "2024-02-04"
      },
      "ResponseBody": null
    },
    {
      "RequestUri": "https://REDACTED/9b7e5ba20findblobsmaxresultsbypage51f8271822abe7bbb8/9b7e5ba22findblobsmaxresultsbypage51f88823ac4f3d7188",
      "RequestMethod": "PUT",
      "RequestHeaders": {
        "Accept": "application/xml",
        "Authorization": "Sanitized",
        "Content-Length": "7",
        "Content-Type": "application/octet-stream",
        "Date": "Mon, 11 Dec 2023 19:12:39 GMT",
        "User-Agent": "azsdk-java-azure-storage-blob/12.26.0-beta.1 (17.0.8; Windows 11; 10.0)",
        "x-ms-blob-type": "BlockBlob",
        "x-ms-client-request-id": "15f7912a-7a54-47db-b3d7-ae68953c241e",
        "x-ms-tags": "9b7e5ba212954711=9b7e5ba234349751",
        "x-ms-version": "2024-02-04"
      },
      "RequestBody": "ZGVmYXVsdA==",
      "StatusCode": 201,
      "ResponseHeaders": {
        "Content-Length": "0",
        "Content-MD5": "wh\u002BWm18D0z1D4E\u002BPE252gg==",
        "Date": "Mon, 11 Dec 2023 19:12:42 GMT",
        "ETag": "\u00220x8DBFA7D26BFD684\u0022",
        "Last-Modified": "Mon, 11 Dec 2023 19:12:43 GMT",
        "Server": [
          "Windows-Azure-Blob/1.0",
          "Microsoft-HTTPAPI/2.0"
        ],
        "x-ms-client-request-id": "15f7912a-7a54-47db-b3d7-ae68953c241e",
        "x-ms-content-crc64": "6RYQPwaVsyQ=",
        "x-ms-request-id": "dd0f31e5-801e-0022-3966-2c5279000000",
        "x-ms-request-server-encrypted": "true",
        "x-ms-version": "2024-02-04"
      },
      "ResponseBody": null
    },
    {
      "RequestUri": "https://REDACTED/9b7e5ba20findblobsmaxresultsbypage51f8271822abe7bbb8/9b7e5ba23findblobsmaxresultsbypage51f2320291f02f4a08",
      "RequestMethod": "PUT",
      "RequestHeaders": {
        "Accept": "application/xml",
        "Authorization": "Sanitized",
        "Content-Length": "7",
        "Content-Type": "application/octet-stream",
        "Date": "Mon, 11 Dec 2023 19:12:39 GMT",
        "User-Agent": "azsdk-java-azure-storage-blob/12.26.0-beta.1 (17.0.8; Windows 11; 10.0)",
        "x-ms-blob-type": "BlockBlob",
        "x-ms-client-request-id": "9e02c659-b299-413c-9397-7e1074c096f1",
        "x-ms-tags": "9b7e5ba212954711=9b7e5ba234349751",
        "x-ms-version": "2024-02-04"
      },
      "RequestBody": "ZGVmYXVsdA==",
      "StatusCode": 201,
      "ResponseHeaders": {
        "Content-Length": "0",
        "Content-MD5": "wh\u002BWm18D0z1D4E\u002BPE252gg==",
        "Date": "Mon, 11 Dec 2023 19:12:42 GMT",
        "ETag": "\u00220x8DBFA7D26CD9025\u0022",
        "Last-Modified": "Mon, 11 Dec 2023 19:12:43 GMT",
        "Server": [
          "Windows-Azure-Blob/1.0",
          "Microsoft-HTTPAPI/2.0"
        ],
        "x-ms-client-request-id": "9e02c659-b299-413c-9397-7e1074c096f1",
        "x-ms-content-crc64": "6RYQPwaVsyQ=",
        "x-ms-request-id": "dd0f3290-801e-0022-5866-2c5279000000",
        "x-ms-request-server-encrypted": "true",
        "x-ms-version": "2024-02-04"
      },
      "ResponseBody": null
    },
    {
      "RequestUri": "https://REDACTED/9b7e5ba20findblobsmaxresultsbypage51f8271822abe7bbb8/9b7e5ba24findblobsmaxresultsbypage51f775688965b0b4e0",
      "RequestMethod": "PUT",
      "RequestHeaders": {
        "Accept": "application/xml",
        "Authorization": "Sanitized",
        "Content-Length": "7",
        "Content-Type": "application/octet-stream",
        "Date": "Mon, 11 Dec 2023 19:12:39 GMT",
        "User-Agent": "azsdk-java-azure-storage-blob/12.26.0-beta.1 (17.0.8; Windows 11; 10.0)",
        "x-ms-blob-type": "BlockBlob",
        "x-ms-client-request-id": "a55f4d9c-75f0-4fea-9540-d40ebbcdd065",
        "x-ms-tags": "9b7e5ba212954711=9b7e5ba234349751",
        "x-ms-version": "2024-02-04"
      },
      "RequestBody": "ZGVmYXVsdA==",
      "StatusCode": 201,
      "ResponseHeaders": {
        "Content-Length": "0",
        "Content-MD5": "wh\u002BWm18D0z1D4E\u002BPE252gg==",
        "Date": "Mon, 11 Dec 2023 19:12:43 GMT",
        "ETag": "\u00220x8DBFA7D26DAD4AD\u0022",
        "Last-Modified": "Mon, 11 Dec 2023 19:12:43 GMT",
        "Server": [
          "Windows-Azure-Blob/1.0",
          "Microsoft-HTTPAPI/2.0"
        ],
        "x-ms-client-request-id": "a55f4d9c-75f0-4fea-9540-d40ebbcdd065",
        "x-ms-content-crc64": "6RYQPwaVsyQ=",
        "x-ms-request-id": "dd0f3308-801e-0022-4b66-2c5279000000",
        "x-ms-request-server-encrypted": "true",
        "x-ms-version": "2024-02-04"
      },
      "ResponseBody": null
    },
    {
      "RequestUri": "https://REDACTED/9b7e5ba20findblobsmaxresultsbypage51f8271822abe7bbb8/9b7e5ba25findblobsmaxresultsbypage51f07557c29ccc7444",
      "RequestMethod": "PUT",
      "RequestHeaders": {
        "Accept": "application/xml",
        "Authorization": "Sanitized",
        "Content-Length": "7",
        "Content-Type": "application/octet-stream",
        "Date": "Mon, 11 Dec 2023 19:12:39 GMT",
        "User-Agent": "azsdk-java-azure-storage-blob/12.26.0-beta.1 (17.0.8; Windows 11; 10.0)",
        "x-ms-blob-type": "BlockBlob",
        "x-ms-client-request-id": "2dc3b2ec-5108-4611-a65f-541dccfd2536",
        "x-ms-tags": "9b7e5ba212954711=9b7e5ba234349751",
        "x-ms-version": "2024-02-04"
      },
      "RequestBody": "ZGVmYXVsdA==",
      "StatusCode": 201,
      "ResponseHeaders": {
        "Content-Length": "0",
        "Content-MD5": "wh\u002BWm18D0z1D4E\u002BPE252gg==",
        "Date": "Mon, 11 Dec 2023 19:12:43 GMT",
        "ETag": "\u00220x8DBFA7D26E8673F\u0022",
        "Last-Modified": "Mon, 11 Dec 2023 19:12:43 GMT",
        "Server": [
          "Windows-Azure-Blob/1.0",
          "Microsoft-HTTPAPI/2.0"
        ],
        "x-ms-client-request-id": "2dc3b2ec-5108-4611-a65f-541dccfd2536",
        "x-ms-content-crc64": "6RYQPwaVsyQ=",
        "x-ms-request-id": "dd0f3384-801e-0022-3f66-2c5279000000",
        "x-ms-request-server-encrypted": "true",
        "x-ms-version": "2024-02-04"
      },
      "ResponseBody": null
    },
    {
      "RequestUri": "https://REDACTED/9b7e5ba20findblobsmaxresultsbypage51f8271822abe7bbb8/9b7e5ba26findblobsmaxresultsbypage51f32070e372a14a15",
      "RequestMethod": "PUT",
      "RequestHeaders": {
        "Accept": "application/xml",
        "Authorization": "Sanitized",
        "Content-Length": "7",
        "Content-Type": "application/octet-stream",
        "Date": "Mon, 11 Dec 2023 19:12:39 GMT",
        "User-Agent": "azsdk-java-azure-storage-blob/12.26.0-beta.1 (17.0.8; Windows 11; 10.0)",
        "x-ms-blob-type": "BlockBlob",
        "x-ms-client-request-id": "429756f6-e034-47c5-a05d-983de4aa1cf6",
        "x-ms-tags": "9b7e5ba212954711=9b7e5ba234349751",
        "x-ms-version": "2024-02-04"
      },
      "RequestBody": "ZGVmYXVsdA==",
      "StatusCode": 201,
      "ResponseHeaders": {
        "Content-Length": "0",
        "Content-MD5": "wh\u002BWm18D0z1D4E\u002BPE252gg==",
        "Date": "Mon, 11 Dec 2023 19:12:43 GMT",
        "ETag": "\u00220x8DBFA7D26F584BC\u0022",
        "Last-Modified": "Mon, 11 Dec 2023 19:12:43 GMT",
        "Server": [
          "Windows-Azure-Blob/1.0",
          "Microsoft-HTTPAPI/2.0"
        ],
        "x-ms-client-request-id": "429756f6-e034-47c5-a05d-983de4aa1cf6",
        "x-ms-content-crc64": "6RYQPwaVsyQ=",
        "x-ms-request-id": "dd0f33f1-801e-0022-2866-2c5279000000",
        "x-ms-request-server-encrypted": "true",
        "x-ms-version": "2024-02-04"
      },
      "ResponseBody": null
    },
    {
      "RequestUri": "https://REDACTED/9b7e5ba20findblobsmaxresultsbypage51f8271822abe7bbb8/9b7e5ba27findblobsmaxresultsbypage51f091803f7bf2e467",
      "RequestMethod": "PUT",
      "RequestHeaders": {
        "Accept": "application/xml",
        "Authorization": "Sanitized",
        "Content-Length": "7",
        "Content-Type": "application/octet-stream",
        "Date": "Mon, 11 Dec 2023 19:12:39 GMT",
        "User-Agent": "azsdk-java-azure-storage-blob/12.26.0-beta.1 (17.0.8; Windows 11; 10.0)",
        "x-ms-blob-type": "BlockBlob",
        "x-ms-client-request-id": "cba6b526-38f7-4a90-957f-551e0568703a",
        "x-ms-tags": "9b7e5ba212954711=9b7e5ba234349751",
        "x-ms-version": "2024-02-04"
      },
      "RequestBody": "ZGVmYXVsdA==",
      "StatusCode": 201,
      "ResponseHeaders": {
        "Content-Length": "0",
        "Content-MD5": "wh\u002BWm18D0z1D4E\u002BPE252gg==",
        "Date": "Mon, 11 Dec 2023 19:12:43 GMT",
        "ETag": "\u00220x8DBFA7D27036562\u0022",
        "Last-Modified": "Mon, 11 Dec 2023 19:12:43 GMT",
        "Server": [
          "Windows-Azure-Blob/1.0",
          "Microsoft-HTTPAPI/2.0"
        ],
        "x-ms-client-request-id": "cba6b526-38f7-4a90-957f-551e0568703a",
        "x-ms-content-crc64": "6RYQPwaVsyQ=",
        "x-ms-request-id": "dd0f3469-801e-0022-1a66-2c5279000000",
        "x-ms-request-server-encrypted": "true",
        "x-ms-version": "2024-02-04"
      },
      "ResponseBody": null
    },
    {
      "RequestUri": "https://REDACTED/9b7e5ba20findblobsmaxresultsbypage51f8271822abe7bbb8?restype=container\u0026comp=blobs\u0026where=%229b7e5ba212954711%22%3D%279b7e5ba234349751%27\u0026maxresults=3",
      "RequestMethod": "GET",
      "RequestHeaders": {
        "Accept": "application/xml",
        "Authorization": "Sanitized",
        "Content-Length": "0",
        "Date": "Mon, 11 Dec 2023 19:12:39 GMT",
        "User-Agent": "azsdk-java-azure-storage-blob/12.26.0-beta.1 (17.0.8; Windows 11; 10.0)",
        "x-ms-client-request-id": "a3adcaf2-c518-459e-b709-eb140e90e157",
        "x-ms-version": "2024-02-04"
      },
      "RequestBody": null,
      "StatusCode": 200,
      "ResponseHeaders": {
        "Access-Control-Allow-Origin": "*",
        "Access-Control-Expose-Headers": "x-ms-client-request-id",
        "Content-Type": "application/xml",
        "Date": "Mon, 11 Dec 2023 19:12:43 GMT",
        "Server": [
          "Windows-Azure-Blob/1.0",
          "Microsoft-HTTPAPI/2.0"
        ],
        "Transfer-Encoding": "chunked",
        "x-ms-client-request-id": "a3adcaf2-c518-459e-b709-eb140e90e157",
        "x-ms-request-id": "dd0f34df-801e-0022-0266-2c5279000000",
        "x-ms-version": "2024-02-04"
      },
      "ResponseBody": [
        "\uFEFF\u003C?xml version=\u00221.0\u0022 encoding=\u0022utf-8\u0022?\u003E\n",
        "\u003CEnumerationResults ServiceEndpoint=\u0022https://ibrandesstorage.blob.core.windows.net/\u0022\u003E\u003CWhere\u003E\u0026quot;9b7e5ba212954711\u0026quot;=\u0026apos;9b7e5ba234349751\u0026apos;\u003C/Where\u003E\u003CMaxResults\u003E3\u003C/MaxResults\u003E\u003CBlobs/\u003E\u003CNextMarker/\u003E\u003C/EnumerationResults\u003E"
      ]
    }
  ],
  "Variables": {
    "0": "9b7e5ba20findblobsmaxresultsbypage51f8271822abe7bbb8",
    "1": "9b7e5ba212954711",
    "2": "9b7e5ba234349751",
    "3": "9b7e5ba21findblobsmaxresultsbypage51f8525367078dc6ac",
    "4": "9b7e5ba22findblobsmaxresultsbypage51f88823ac4f3d7188",
    "5": "9b7e5ba23findblobsmaxresultsbypage51f2320291f02f4a08",
    "6": "9b7e5ba24findblobsmaxresultsbypage51f775688965b0b4e0",
    "7": "9b7e5ba25findblobsmaxresultsbypage51f07557c29ccc7444",
    "8": "9b7e5ba26findblobsmaxresultsbypage51f32070e372a14a15",
    "9": "9b7e5ba27findblobsmaxresultsbypage51f091803f7bf2e467"
  }
}
