{
  "Entries": [
    {
      "RequestUri": "https://REDACTED/89d8275a0createifnotexistsmetadataifnotexists4f137223f1ed9?restype=container",
      "RequestMethod": "PUT",
      "RequestHeaders": {
        "Accept": "application/xml",
        "Authorization": "Sanitized",
        "Content-Length": "0",
        "Date": "Mon, 04 Dec 2023 20:52:26 GMT",
        "User-Agent": "azsdk-java-azure-storage-blob/12.26.0-beta.1 (17.0.8; Windows 11; 10.0)",
        "x-ms-client-request-id": "b44c0859-b1c5-4917-9896-a0ce886585a6",
        "x-ms-version": "2024-02-04"
      },
      "RequestBody": null,
      "StatusCode": 201,
      "ResponseHeaders": {
        "Content-Length": "0",
        "Date": "Mon, 04 Dec 2023 20:52:26 GMT",
        "ETag": "\u00220x8DBF50AEC79986A\u0022",
        "Last-Modified": "Mon, 04 Dec 2023 20:52:26 GMT",
        "Server": [
          "Windows-Azure-Blob/1.0",
          "Microsoft-HTTPAPI/2.0"
        ],
        "x-ms-client-request-id": "b44c0859-b1c5-4917-9896-a0ce886585a6",
        "x-ms-request-id": "e4d5c474-b01e-0004-6af3-261c85000000",
        "x-ms-version": "2024-02-04"
      },
      "ResponseBody": null
    },
    {
      "RequestUri": "https://REDACTED/89d8275a0createifnotexistsmetadataifnotexists4f137223f1ed9?restype=container",
      "RequestMethod": "PUT",
      "RequestHeaders": {
        "Accept": "application/xml",
        "Authorization": "Sanitized",
        "Content-Length": "0",
        "Date": "Mon, 04 Dec 2023 20:52:26 GMT",
        "User-Agent": "azsdk-java-azure-storage-blob/12.26.0-beta.1 (17.0.8; Windows 11; 10.0)",
        "x-ms-client-request-id": "f4871b76-20a2-4796-887a-1b8f654e2be4",
        "x-ms-version": "2024-02-04"
      },
      "RequestBody": null,
      "StatusCode": 409,
      "ResponseHeaders": {
        "Content-Length": "230",
        "Content-Type": "application/xml",
        "Date": "Mon, 04 Dec 2023 20:52:26 GMT",
        "Server": [
          "Windows-Azure-Blob/1.0",
          "Microsoft-HTTPAPI/2.0"
        ],
        "x-ms-client-request-id": "f4871b76-20a2-4796-887a-1b8f654e2be4",
        "x-ms-error-code": "ContainerAlreadyExists",
        "x-ms-request-id": "e4d5c4a2-b01e-0004-12f3-261c85000000",
        "x-ms-version": "2024-02-04"
      },
      "ResponseBody": [
        "\uFEFF\u003C?xml version=\u00221.0\u0022 encoding=\u0022utf-8\u0022?\u003E\u003CError\u003E\u003CCode\u003EContainerAlreadyExists\u003C/Code\u003E\u003CMessage\u003EThe specified container already exists.\n",
        "RequestId:e4d5c4a2-b01e-0004-12f3-261c85000000\n",
        "Time:2023-12-04T20:52:26.9676650Z\u003C/Message\u003E\u003C/Error\u003E"
      ]
    },
    {
      "RequestUri": "https://REDACTED/89d8275a1createifnotexistsmetadataifnotexists4f18105964782?restype=container",
      "RequestMethod": "PUT",
      "RequestHeaders": {
        "Accept": "application/xml",
        "Authorization": "Sanitized",
        "Content-Length": "0",
        "Date": "Mon, 04 Dec 2023 20:52:26 GMT",
        "User-Agent": "azsdk-java-azure-storage-blob/12.26.0-beta.1 (17.0.8; Windows 11; 10.0)",
        "x-ms-client-request-id": "5d49e783-e985-42d4-88a2-2dd9bcfd0078",
        "x-ms-version": "2024-02-04"
      },
      "RequestBody": null,
      "StatusCode": 201,
      "ResponseHeaders": {
        "Content-Length": "0",
        "Date": "Mon, 04 Dec 2023 20:52:26 GMT",
        "ETag": "\u00220x8DBF50AEC8FDC41\u0022",
        "Last-Modified": "Mon, 04 Dec 2023 20:52:27 GMT",
        "Server": [
          "Windows-Azure-Blob/1.0",
          "Microsoft-HTTPAPI/2.0"
        ],
        "x-ms-client-request-id": "5d49e783-e985-42d4-88a2-2dd9bcfd0078",
        "x-ms-request-id": "e4d5c4c7-b01e-0004-32f3-261c85000000",
        "x-ms-version": "2024-02-04"
      },
      "ResponseBody": null
    },
    {
      "RequestUri": "https://REDACTED/89d8275a1createifnotexistsmetadataifnotexists4f18105964782?restype=container",
      "RequestMethod": "GET",
      "RequestHeaders": {
        "Accept": "application/xml",
        "Authorization": "Sanitized",
        "Content-Length": "0",
        "Date": "Mon, 04 Dec 2023 20:52:26 GMT",
        "User-Agent": "azsdk-java-azure-storage-blob/12.26.0-beta.1 (17.0.8; Windows 11; 10.0)",
        "x-ms-client-request-id": "919da343-42f2-4afe-a84a-58bd6a82f64f",
        "x-ms-version": "2024-02-04"
      },
      "RequestBody": null,
      "StatusCode": 200,
      "ResponseHeaders": {
        "Access-Control-Allow-Origin": "*",
        "Access-Control-Expose-Headers": "x-ms-client-request-id",
        "Content-Length": "0",
        "Date": "Mon, 04 Dec 2023 20:52:26 GMT",
        "ETag": "\u00220x8DBF50AEC8FDC41\u0022",
        "Last-Modified": "Mon, 04 Dec 2023 20:52:27 GMT",
        "Server": [
          "Windows-Azure-Blob/1.0",
          "Microsoft-HTTPAPI/2.0"
        ],
        "x-ms-client-request-id": "919da343-42f2-4afe-a84a-58bd6a82f64f",
        "x-ms-default-encryption-scope": "$account-encryption-key",
        "x-ms-deny-encryption-scope-override": "false",
        "x-ms-has-immutability-policy": "false",
        "x-ms-has-legal-hold": "false",
        "x-ms-immutable-storage-with-versioning-enabled": "false",
        "x-ms-lease-state": "available",
        "x-ms-lease-status": "unlocked",
        "x-ms-request-id": "e4d5c51a-b01e-0004-7ef3-261c85000000",
        "x-ms-version": "2024-02-04"
      },
      "ResponseBody": null
    }
  ],
  "Variables": {
    "0": "89d8275a0createifnotexistsmetadataifnotexists4f137223f1ed9",
    "1": "89d8275a58808fec",
    "2": "89d8275a07058151",
    "3": "89d8275a1createifnotexistsmetadataifnotexists4f18105964782"
  }
}
