{
  "Entries": [
    {
      "RequestUri": "https://REDACTED/aca865e70getaccesspolicylease9a751286fcc356b4a84e4?restype=container",
      "RequestMethod": "PUT",
      "RequestHeaders": {
        "Accept": "application/xml",
        "Authorization": "Sanitized",
        "Content-Length": "0",
        "Date": "Mon, 11 Dec 2023 19:09:37 GMT",
        "User-Agent": "azsdk-java-azure-storage-blob/12.26.0-beta.1 (17.0.8; Windows 11; 10.0)",
        "x-ms-client-request-id": "e2c2c8b9-47ee-4cef-8d19-32566273a20b",
        "x-ms-version": "2024-02-04"
      },
      "RequestBody": null,
      "StatusCode": 201,
      "ResponseHeaders": {
        "Content-Length": "0",
        "Date": "Mon, 11 Dec 2023 19:09:40 GMT",
        "ETag": "\u00220x8DBFA7CBAA2C86D\u0022",
        "Last-Modified": "Mon, 11 Dec 2023 19:09:41 GMT",
        "Server": [
          "Windows-Azure-Blob/1.0",
          "Microsoft-HTTPAPI/2.0"
        ],
        "x-ms-client-request-id": "e2c2c8b9-47ee-4cef-8d19-32566273a20b",
        "x-ms-request-id": "20ea13f9-f01e-0007-5665-2cfb05000000",
        "x-ms-version": "2024-02-04"
      },
      "ResponseBody": null
    },
    {
      "RequestUri": "https://REDACTED/aca865e70getaccesspolicylease9a751286fcc356b4a84e4?restype=container",
      "RequestMethod": "PUT",
      "RequestHeaders": {
        "Accept": "application/xml",
        "Authorization": "Sanitized",
        "Content-Length": "0",
        "Date": "Mon, 11 Dec 2023 19:09:38 GMT",
        "User-Agent": "azsdk-java-azure-storage-blob/12.26.0-beta.1 (17.0.8; Windows 11; 10.0)",
        "x-ms-client-request-id": "1c165e39-9168-40e3-964c-2030f19732ad",
        "x-ms-version": "2024-02-04"
      },
      "RequestBody": null,
      "StatusCode": 409,
      "ResponseHeaders": {
        "Content-Length": "230",
        "Content-Type": "application/xml",
        "Date": "Mon, 11 Dec 2023 19:09:40 GMT",
        "Server": [
          "Windows-Azure-Blob/1.0",
          "Microsoft-HTTPAPI/2.0"
        ],
        "x-ms-client-request-id": "1c165e39-9168-40e3-964c-2030f19732ad",
        "x-ms-error-code": "ContainerAlreadyExists",
        "x-ms-request-id": "20ea14d7-f01e-0007-2565-2cfb05000000",
        "x-ms-version": "2024-02-04"
      },
      "ResponseBody": [
        "\uFEFF\u003C?xml version=\u00221.0\u0022 encoding=\u0022utf-8\u0022?\u003E\u003CError\u003E\u003CCode\u003EContainerAlreadyExists\u003C/Code\u003E\u003CMessage\u003EThe specified container already exists.\n",
        "RequestId:20ea14d7-f01e-0007-2565-2cfb05000000\n",
        "Time:2023-12-11T19:09:41.8185611Z\u003C/Message\u003E\u003C/Error\u003E"
      ]
    },
    {
      "RequestUri": "https://REDACTED/aca865e70getaccesspolicylease9a751286fcc356b4a84e4?comp=lease\u0026restype=container",
      "RequestMethod": "PUT",
      "RequestHeaders": {
        "Accept": "application/xml",
        "Authorization": "Sanitized",
        "Content-Length": "0",
        "Date": "Mon, 11 Dec 2023 19:09:38 GMT",
        "User-Agent": "azsdk-java-azure-storage-blob/12.26.0-beta.1 (17.0.8; Windows 11; 10.0)",
        "x-ms-client-request-id": "6fde71ce-7c7f-4394-961e-3a5e3a49b7fe",
        "x-ms-lease-action": "acquire",
        "x-ms-lease-duration": "-1",
        "x-ms-proposed-lease-id": "336a592a-2db9-4e45-b0f8-68099f83e7b1",
        "x-ms-version": "2024-02-04"
      },
      "RequestBody": null,
      "StatusCode": 201,
      "ResponseHeaders": {
        "Content-Length": "0",
        "Date": "Mon, 11 Dec 2023 19:09:41 GMT",
        "ETag": "\u00220x8DBFA7CBAA2C86D\u0022",
        "Last-Modified": "Mon, 11 Dec 2023 19:09:41 GMT",
        "Server": [
          "Windows-Azure-Blob/1.0",
          "Microsoft-HTTPAPI/2.0"
        ],
        "x-ms-client-request-id": "6fde71ce-7c7f-4394-961e-3a5e3a49b7fe",
        "x-ms-lease-id": "336a592a-2db9-4e45-b0f8-68099f83e7b1",
        "x-ms-request-id": "20ea158f-f01e-0007-5765-2cfb05000000",
        "x-ms-version": "2024-02-04"
      },
      "ResponseBody": null
    },
    {
      "RequestUri": "https://REDACTED/aca865e70getaccesspolicylease9a751286fcc356b4a84e4?restype=container\u0026comp=acl",
      "RequestMethod": "GET",
      "RequestHeaders": {
        "Accept": "application/xml",
        "Authorization": "Sanitized",
        "Content-Length": "0",
        "Date": "Mon, 11 Dec 2023 19:09:38 GMT",
        "User-Agent": "azsdk-java-azure-storage-blob/12.26.0-beta.1 (17.0.8; Windows 11; 10.0)",
        "x-ms-client-request-id": "7bb0e247-fd90-4a2c-b3e4-e81f5c437197",
        "x-ms-lease-id": "336a592a-2db9-4e45-b0f8-68099f83e7b1",
        "x-ms-version": "2024-02-04"
      },
      "RequestBody": null,
      "StatusCode": 200,
      "ResponseHeaders": {
        "Content-Type": "application/xml",
        "Date": "Mon, 11 Dec 2023 19:09:41 GMT",
        "ETag": "\u00220x8DBFA7CBAA2C86D\u0022",
        "Last-Modified": "Mon, 11 Dec 2023 19:09:41 GMT",
        "Server": [
          "Windows-Azure-Blob/1.0",
          "Microsoft-HTTPAPI/2.0"
        ],
        "Transfer-Encoding": "chunked",
        "Vary": "Origin",
        "x-ms-client-request-id": "7bb0e247-fd90-4a2c-b3e4-e81f5c437197",
        "x-ms-request-id": "20ea165f-f01e-0007-1e65-2cfb05000000",
        "x-ms-version": "2024-02-04"
      },
      "ResponseBody": "\uFEFF\u003C?xml version=\u00221.0\u0022 encoding=\u0022utf-8\u0022?\u003E\u003CSignedIdentifiers /\u003E"
    }
  ],
  "Variables": {
    "0": "aca865e70getaccesspolicylease9a751286fcc356b4a84e4",
    "1": "aca865e775700f98",
    "2": "aca865e751392d1e"
  }
}
