{
  "Entries": [
    {
      "RequestUri": "https://REDACTED/e39cf22b0deleteac03f65117a51296ac54d64434b94?restype=container",
      "RequestMethod": "PUT",
      "RequestHeaders": {
        "Accept": "application/xml",
        "Authorization": "Sanitized",
        "Content-Length": "0",
        "Date": "Wed, 11 Oct 2023 20:45:01 GMT",
        "User-Agent": "azsdk-java-azure-storage-blob/12.25.0-beta.1 (17.0.8.1; Windows 11; 10.0)",
        "x-ms-client-request-id": "dc074e80-0dd5-44c6-a28b-9f7fd9370e48",
        "x-ms-version": "2023-08-03"
      },
      "RequestBody": null,
      "StatusCode": 201,
      "ResponseHeaders": {
        "Content-Length": "0",
        "Date": "Wed, 11 Oct 2023 20:45:00 GMT",
        "ETag": "\u00220x8DBCA9AF0980591\u0022",
        "Last-Modified": "Wed, 11 Oct 2023 20:45:01 GMT",
        "Server": [
          "Windows-Azure-Blob/1.0",
          "Microsoft-HTTPAPI/2.0"
        ],
        "x-ms-client-request-id": "dc074e80-0dd5-44c6-a28b-9f7fd9370e48",
        "x-ms-request-id": "53e19215-a01e-0018-3683-fc4ee5000000",
        "x-ms-version": "2023-08-03"
      },
      "ResponseBody": null
    },
    {
      "RequestUri": "https://REDACTED/e39cf22b0deleteac03f65117a51296ac54d64434b94?comp=lease\u0026restype=container",
      "RequestMethod": "PUT",
      "RequestHeaders": {
        "Accept": "application/xml",
        "Authorization": "Sanitized",
        "Content-Length": "0",
        "Date": "Wed, 11 Oct 2023 20:45:01 GMT",
        "User-Agent": "azsdk-java-azure-storage-blob/12.25.0-beta.1 (17.0.8.1; Windows 11; 10.0)",
        "x-ms-client-request-id": "5d323878-e0a5-4c59-950d-8d20d91a6c69",
        "x-ms-lease-action": "acquire",
        "x-ms-lease-duration": "-1",
        "x-ms-proposed-lease-id": "69ec649e-79bc-40e1-8af5-e4d4b45a76f7",
        "x-ms-version": "2023-08-03"
      },
      "RequestBody": null,
      "StatusCode": 201,
      "ResponseHeaders": {
        "Content-Length": "0",
        "Date": "Wed, 11 Oct 2023 20:45:00 GMT",
        "ETag": "\u00220x8DBCA9AF0980591\u0022",
        "Last-Modified": "Wed, 11 Oct 2023 20:45:01 GMT",
        "Server": [
          "Windows-Azure-Blob/1.0",
          "Microsoft-HTTPAPI/2.0"
        ],
        "x-ms-client-request-id": "5d323878-e0a5-4c59-950d-8d20d91a6c69",
        "x-ms-lease-id": "69ec649e-79bc-40e1-8af5-e4d4b45a76f7",
        "x-ms-request-id": "53e1924b-a01e-0018-5383-fc4ee5000000",
        "x-ms-version": "2023-08-03"
      },
      "ResponseBody": null
    },
    {
      "RequestUri": "https://REDACTED/e39cf22b0deleteac03f65117a51296ac54d64434b94?restype=container",
      "RequestMethod": "DELETE",
      "RequestHeaders": {
        "Accept": "application/xml",
        "Authorization": "Sanitized",
        "Content-Length": "0",
        "Date": "Wed, 11 Oct 2023 20:45:01 GMT",
        "User-Agent": "azsdk-java-azure-storage-blob/12.25.0-beta.1 (17.0.8.1; Windows 11; 10.0)",
        "x-ms-client-request-id": "45463d9c-2389-43c7-a676-5cd2622a0810",
        "x-ms-lease-id": "69ec649e-79bc-40e1-8af5-e4d4b45a76f7",
        "x-ms-version": "2023-08-03"
      },
      "RequestBody": null,
      "StatusCode": 202,
      "ResponseHeaders": {
        "Content-Length": "0",
        "Date": "Wed, 11 Oct 2023 20:45:00 GMT",
        "Server": [
          "Windows-Azure-Blob/1.0",
          "Microsoft-HTTPAPI/2.0"
        ],
        "x-ms-client-request-id": "45463d9c-2389-43c7-a676-5cd2622a0810",
        "x-ms-request-id": "53e19276-a01e-0018-6a83-fc4ee5000000",
        "x-ms-version": "2023-08-03"
      },
      "ResponseBody": null
    }
  ],
  "Variables": {
    "0": "e39cf22b0deleteac03f65117a51296ac54d64434b94",
    "1": "e39cf22b9938971d",
    "2": "e39cf22b9491022f"
  }
}
