{
  "Entries": [
    {
      "RequestUri": "https://REDACTED/c7a22f820getaccountinfobasefail69651751e7fa5e1a4672?restype=container",
      "RequestMethod": "PUT",
      "RequestHeaders": {
        "Accept": "application/xml",
        "Authorization": "Sanitized",
        "Content-Length": "0",
        "Date": "Mon, 08 Apr 2024 18:24:28 GMT",
        "User-Agent": "azsdk-java-azure-storage-blob/12.26.0-beta.1 (17.0.8; Windows 11; 10.0)",
        "x-ms-client-request-id": "7cbbeba9-9818-4dd3-aaeb-dc4c60eeb449",
        "x-ms-version": "2024-02-04"
      },
      "RequestBody": null,
      "StatusCode": 201,
      "ResponseHeaders": {
        "Content-Length": "0",
        "Date": "Mon, 08 Apr 2024 18:24:29 GMT",
        "ETag": "\u00220x8DC57F9212DC3E2\u0022",
        "Last-Modified": "Mon, 08 Apr 2024 18:24:29 GMT",
        "Server": [
          "Windows-Azure-Blob/1.0",
          "Microsoft-HTTPAPI/2.0"
        ],
        "x-ms-client-request-id": "7cbbeba9-9818-4dd3-aaeb-dc4c60eeb449",
        "x-ms-request-id": "f11e3c63-701e-00a0-02e1-8913c7000000",
        "x-ms-version": "2024-02-04"
      },
      "ResponseBody": null
    },
    {
      "RequestUri": "https://REDACTED/c7a22f820getaccountinfobasefail69651751e7fa5e1a4672?restype=container",
      "RequestMethod": "PUT",
      "RequestHeaders": {
        "Accept": "application/xml",
        "Authorization": "Sanitized",
        "Content-Length": "0",
        "Date": "Mon, 08 Apr 2024 18:24:29 GMT",
        "User-Agent": "azsdk-java-azure-storage-blob/12.26.0-beta.1 (17.0.8; Windows 11; 10.0)",
        "x-ms-client-request-id": "7ac50640-1361-4162-802d-4ae94516c523",
        "x-ms-version": "2024-02-04"
      },
      "RequestBody": null,
      "StatusCode": 409,
      "ResponseHeaders": {
        "Content-Length": "230",
        "Content-Type": "application/xml",
        "Date": "Mon, 08 Apr 2024 18:24:29 GMT",
        "Server": [
          "Windows-Azure-Blob/1.0",
          "Microsoft-HTTPAPI/2.0"
        ],
        "x-ms-client-request-id": "7ac50640-1361-4162-802d-4ae94516c523",
        "x-ms-error-code": "ContainerAlreadyExists",
        "x-ms-request-id": "f11e3d66-701e-00a0-79e1-8913c7000000",
        "x-ms-version": "2024-02-04"
      },
      "ResponseBody": [
        "\uFEFF\u003C?xml version=\u00221.0\u0022 encoding=\u0022utf-8\u0022?\u003E\u003CError\u003E\u003CCode\u003EContainerAlreadyExists\u003C/Code\u003E\u003CMessage\u003EThe specified container already exists.\n",
        "RequestId:f11e3d66-701e-00a0-79e1-8913c7000000\n",
        "Time:2024-04-08T18:24:29.6227609Z\u003C/Message\u003E\u003C/Error\u003E"
      ]
    },
    {
      "RequestUri": "https://REDACTED/c7a22f821getaccountinfobasefail6966125527bb94a73738?restype=account\u0026comp=properties",
      "RequestMethod": "GET",
      "RequestHeaders": {
        "Accept": "application/xml",
        "Authorization": "Sanitized",
        "Content-Length": "0",
        "Date": "Mon, 08 Apr 2024 18:24:29 GMT",
        "User-Agent": "azsdk-java-azure-storage-blob/12.26.0-beta.1 (17.0.8; Windows 11; 10.0)",
        "x-ms-client-request-id": "61c61efb-7e9b-4380-a868-80d3c4225183",
        "x-ms-version": "2024-02-04"
      },
      "RequestBody": null,
      "StatusCode": 401,
      "ResponseHeaders": {
        "Content-Length": "397",
        "Content-Type": "application/xml",
        "Date": "Mon, 08 Apr 2024 18:24:29 GMT",
        "Server": "Microsoft-HTTPAPI/2.0",
        "WWW-Authenticate": "Bearer authorization_uri=https://login.microsoftonline.com/72f988bf-86f1-41af-91ab-2d7cd011db47/oauth2/authorize resource_id=https://storage.azure.com",
        "x-ms-error-code": "InvalidAuthenticationInfo",
        "x-ms-request-id": "f11e3f46-701e-00a0-41e1-8913c7000000"
      },
      "ResponseBody": [
        "\uFEFF\u003C?xml version=\u00221.0\u0022 encoding=\u0022utf-8\u0022?\u003E\u003CError\u003E\u003CCode\u003EInvalidAuthenticationInfo\u003C/Code\u003E\u003CMessage\u003EServer failed to authenticate the request. Please refer to the information in the www-authenticate header.\n",
        "RequestId:f11e3f46-701e-00a0-41e1-8913c7000000\n",
        "Time:2024-04-08T18:24:29.8736105Z\u003C/Message\u003E\u003CAuthenticationErrorDetail\u003EThe access token was missing or malformed.\u003C/AuthenticationErrorDetail\u003E\u003C/Error\u003E"
      ]
    }
  ],
  "Variables": {
    "0": "c7a22f820getaccountinfobasefail69651751e7fa5e1a4672",
    "1": "c7a22f8295277a36",
    "2": "c7a22f8249395a28",
    "3": "c7a22f821getaccountinfobasefail6966125527bb94a73738"
  }
}
