{
  "Entries": [
    {
      "RequestUri": "https://REDACTED/1daa97cd0listblobsflatoptionsuncommitted68c22620f3c7687?restype=container",
      "RequestMethod": "PUT",
      "RequestHeaders": {
        "Accept": "application/xml",
        "Authorization": "Sanitized",
        "Content-Length": "0",
        "Date": "Mon, 08 Jan 2024 19:42:36 GMT",
        "User-Agent": "azsdk-java-azure-storage-blob/12.26.0-beta.1 (17.0.8; Windows 11; 10.0)",
        "x-ms-client-request-id": "3f41756a-3b89-4dbc-b5e7-a28eb0fdbcbe",
        "x-ms-version": "2024-02-04"
      },
      "RequestBody": null,
      "StatusCode": 201,
      "ResponseHeaders": {
        "Content-Length": "0",
        "Date": "Mon, 08 Jan 2024 19:42:47 GMT",
        "ETag": "\u00220x8DC1081FDC44B04\u0022",
        "Last-Modified": "Mon, 08 Jan 2024 19:42:47 GMT",
        "Server": [
          "Windows-Azure-Blob/1.0",
          "Microsoft-HTTPAPI/2.0"
        ],
        "x-ms-client-request-id": "3f41756a-3b89-4dbc-b5e7-a28eb0fdbcbe",
        "x-ms-request-id": "2c60f5ee-d01e-0086-176a-425bdf000000",
        "x-ms-version": "2024-02-04"
      },
      "ResponseBody": null
    },
    {
      "RequestUri": "https://REDACTED/1daa97cd0listblobsflatoptionsuncommitted68c22620f3c7687?restype=container",
      "RequestMethod": "PUT",
      "RequestHeaders": {
        "Accept": "application/xml",
        "Authorization": "Sanitized",
        "Content-Length": "0",
        "Date": "Mon, 08 Jan 2024 19:42:36 GMT",
        "User-Agent": "azsdk-java-azure-storage-blob/12.26.0-beta.1 (17.0.8; Windows 11; 10.0)",
        "x-ms-client-request-id": "07107fc2-e664-443d-ac4a-0f8ae03e6b49",
        "x-ms-version": "2024-02-04"
      },
      "RequestBody": null,
      "StatusCode": 409,
      "ResponseHeaders": {
        "Content-Length": "230",
        "Content-Type": "application/xml",
        "Date": "Mon, 08 Jan 2024 19:42:47 GMT",
        "Server": [
          "Windows-Azure-Blob/1.0",
          "Microsoft-HTTPAPI/2.0"
        ],
        "x-ms-client-request-id": "07107fc2-e664-443d-ac4a-0f8ae03e6b49",
        "x-ms-error-code": "ContainerAlreadyExists",
        "x-ms-request-id": "2c60f6bc-d01e-0086-4b6a-425bdf000000",
        "x-ms-version": "2024-02-04"
      },
      "ResponseBody": [
        "\uFEFF\u003C?xml version=\u00221.0\u0022 encoding=\u0022utf-8\u0022?\u003E\u003CError\u003E\u003CCode\u003EContainerAlreadyExists\u003C/Code\u003E\u003CMessage\u003EThe specified container already exists.\n",
        "RequestId:2c60f6bc-d01e-0086-4b6a-425bdf000000\n",
        "Time:2024-01-08T19:42:47.5202682Z\u003C/Message\u003E\u003C/Error\u003E"
      ]
    },
    {
      "RequestUri": "https://REDACTED/1daa97cd0listblobsflatoptionsuncommitted68c22620f3c7687/a1daa97cd1listblobsflatoptionsuncommitted68c51150853ebc1",
      "RequestMethod": "PUT",
      "RequestHeaders": {
        "Accept": "application/xml",
        "Authorization": "Sanitized",
        "Content-Length": "0",
        "Date": "Mon, 08 Jan 2024 19:42:36 GMT",
        "If-None-Match": "*",
        "User-Agent": "azsdk-java-azure-storage-blob/12.26.0-beta.1 (17.0.8; Windows 11; 10.0)",
        "x-ms-blob-content-length": "512",
        "x-ms-blob-type": "PageBlob",
        "x-ms-client-request-id": "90b0520c-9194-4ca5-95eb-befd2cd0a60d",
        "x-ms-version": "2024-02-04"
      },
      "RequestBody": null,
      "StatusCode": 201,
      "ResponseHeaders": {
        "Content-Length": "0",
        "Date": "Mon, 08 Jan 2024 19:42:47 GMT",
        "ETag": "\u00220x8DC1081FDE60907\u0022",
        "Last-Modified": "Mon, 08 Jan 2024 19:42:47 GMT",
        "Server": [
          "Windows-Azure-Blob/1.0",
          "Microsoft-HTTPAPI/2.0"
        ],
        "x-ms-client-request-id": "90b0520c-9194-4ca5-95eb-befd2cd0a60d",
        "x-ms-request-id": "2c60f76f-d01e-0086-726a-425bdf000000",
        "x-ms-request-server-encrypted": "true",
        "x-ms-version": "2024-02-04"
      },
      "ResponseBody": null
    },
    {
      "RequestUri": "https://REDACTED/1daa97cd0listblobsflatoptionsuncommitted68c22620f3c7687/c1daa97cd2listblobsflatoptionsuncommitted68c42869c1bc79c",
      "RequestMethod": "PUT",
      "RequestHeaders": {
        "Accept": "application/xml",
        "Authorization": "Sanitized",
        "Content-Length": "0",
        "Date": "Mon, 08 Jan 2024 19:42:36 GMT",
        "User-Agent": "azsdk-java-azure-storage-blob/12.26.0-beta.1 (17.0.8; Windows 11; 10.0)",
        "x-ms-client-request-id": "df417b2b-fa36-4b11-bc70-a8b70524b3bb",
        "x-ms-copy-source": "https://REDACTED/1daa97cd0listblobsflatoptionsuncommitted68c22620f3c7687/a1daa97cd1listblobsflatoptionsuncommitted68c51150853ebc1",
        "x-ms-version": "2024-02-04"
      },
      "RequestBody": null,
      "StatusCode": 202,
      "ResponseHeaders": {
        "Content-Length": "0",
        "Date": "Mon, 08 Jan 2024 19:42:47 GMT",
        "ETag": "\u00220x8DC1081FE2E2ADF\u0022",
        "Last-Modified": "Mon, 08 Jan 2024 19:42:48 GMT",
        "Server": [
          "Windows-Azure-Blob/1.0",
          "Microsoft-HTTPAPI/2.0"
        ],
        "x-ms-client-request-id": "df417b2b-fa36-4b11-bc70-a8b70524b3bb",
        "x-ms-copy-id": "b1e1d1a3-c110-4c43-9b3a-1433e4aa89ec",
        "x-ms-copy-status": "success",
        "x-ms-request-id": "2c60f845-d01e-0086-246a-425bdf000000",
        "x-ms-version": "2024-02-04"
      },
      "ResponseBody": null
    },
    {
      "RequestUri": "https://REDACTED/1daa97cd0listblobsflatoptionsuncommitted68c22620f3c7687/c1daa97cd2listblobsflatoptionsuncommitted68c42869c1bc79c",
      "RequestMethod": "HEAD",
      "RequestHeaders": {
        "Accept": "application/xml",
        "Authorization": "Sanitized",
        "Content-Length": "0",
        "Date": "Mon, 08 Jan 2024 19:42:38 GMT",
        "User-Agent": "azsdk-java-azure-storage-blob/12.26.0-beta.1 (17.0.8; Windows 11; 10.0)",
        "x-ms-client-request-id": "c6a69882-32eb-4aeb-af54-f95df9df4f9b",
        "x-ms-version": "2024-02-04"
      },
      "RequestBody": null,
      "StatusCode": 200,
      "ResponseHeaders": {
        "Accept-Ranges": "bytes",
        "Content-Length": "512",
        "Content-Type": "application/octet-stream",
        "Date": "Mon, 08 Jan 2024 19:42:48 GMT",
        "ETag": "\u00220x8DC1081FE2E2ADF\u0022",
        "Last-Modified": "Mon, 08 Jan 2024 19:42:48 GMT",
        "Server": [
          "Windows-Azure-Blob/1.0",
          "Microsoft-HTTPAPI/2.0"
        ],
        "x-ms-blob-sequence-number": "0",
        "x-ms-blob-type": "PageBlob",
        "x-ms-client-request-id": "c6a69882-32eb-4aeb-af54-f95df9df4f9b",
        "x-ms-copy-completion-time": "Mon, 08 Jan 2024 19:42:48 GMT",
        "x-ms-copy-id": "b1e1d1a3-c110-4c43-9b3a-1433e4aa89ec",
        "x-ms-copy-progress": "512/512",
        "x-ms-copy-source": "https://REDACTED/1daa97cd0listblobsflatoptionsuncommitted68c22620f3c7687/a1daa97cd1listblobsflatoptionsuncommitted68c51150853ebc1",
        "x-ms-copy-status": "success",
        "x-ms-creation-time": "Mon, 08 Jan 2024 19:42:48 GMT",
        "x-ms-lease-state": "available",
        "x-ms-lease-status": "unlocked",
        "x-ms-request-id": "e3c75fd5-e01e-0056-806a-426689000000",
        "x-ms-server-encrypted": "true",
        "x-ms-version": "2024-02-04"
      },
      "ResponseBody": null
    },
    {
      "RequestUri": "https://REDACTED/1daa97cd0listblobsflatoptionsuncommitted68c22620f3c7687/m1daa97cd3listblobsflatoptionsuncommitted68c089476a9017b",
      "RequestMethod": "PUT",
      "RequestHeaders": {
        "Accept": "application/xml",
        "Authorization": "Sanitized",
        "Content-Length": "0",
        "Date": "Mon, 08 Jan 2024 19:42:38 GMT",
        "User-Agent": "azsdk-java-azure-storage-blob/12.26.0-beta.1 (17.0.8; Windows 11; 10.0)",
        "x-ms-blob-content-length": "512",
        "x-ms-blob-type": "PageBlob",
        "x-ms-client-request-id": "8f0b46ff-b77d-43b4-8a2a-d958bc13497b",
        "x-ms-meta-foo": "bar",
        "x-ms-version": "2024-02-04"
      },
      "RequestBody": null,
      "StatusCode": 201,
      "ResponseHeaders": {
        "Content-Length": "0",
        "Date": "Mon, 08 Jan 2024 19:42:48 GMT",
        "ETag": "\u00220x8DC1081FEE59FC0\u0022",
        "Last-Modified": "Mon, 08 Jan 2024 19:42:49 GMT",
        "Server": [
          "Windows-Azure-Blob/1.0",
          "Microsoft-HTTPAPI/2.0"
        ],
        "x-ms-client-request-id": "8f0b46ff-b77d-43b4-8a2a-d958bc13497b",
        "x-ms-request-id": "e3c760b6-e01e-0056-396a-426689000000",
        "x-ms-request-server-encrypted": "true",
        "x-ms-version": "2024-02-04"
      },
      "ResponseBody": null
    },
    {
      "RequestUri": "https://REDACTED/1daa97cd0listblobsflatoptionsuncommitted68c22620f3c7687/t1daa97cd4listblobsflatoptionsuncommitted68c257399417fcc",
      "RequestMethod": "PUT",
      "RequestHeaders": {
        "Accept": "application/xml",
        "Authorization": "Sanitized",
        "Content-Length": "0",
        "Date": "Mon, 08 Jan 2024 19:42:38 GMT",
        "User-Agent": "azsdk-java-azure-storage-blob/12.26.0-beta.1 (17.0.8; Windows 11; 10.0)",
        "x-ms-blob-content-length": "512",
        "x-ms-blob-type": "PageBlob",
        "x-ms-client-request-id": "81b5b348-c936-4c5e-87bc-95876d6ee4c8",
        "x-ms-tags": "1daa97cd1165306d=1daa97cd75668379",
        "x-ms-version": "2024-02-04"
      },
      "RequestBody": null,
      "StatusCode": 201,
      "ResponseHeaders": {
        "Content-Length": "0",
        "Date": "Mon, 08 Jan 2024 19:42:48 GMT",
        "ETag": "\u00220x8DC1081FEF41C80\u0022",
        "Last-Modified": "Mon, 08 Jan 2024 19:42:49 GMT",
        "Server": [
          "Windows-Azure-Blob/1.0",
          "Microsoft-HTTPAPI/2.0"
        ],
        "x-ms-client-request-id": "81b5b348-c936-4c5e-87bc-95876d6ee4c8",
        "x-ms-request-id": "e3c76176-e01e-0056-636a-426689000000",
        "x-ms-request-server-encrypted": "true",
        "x-ms-version": "2024-02-04"
      },
      "ResponseBody": null
    },
    {
      "RequestUri": "https://REDACTED/1daa97cd0listblobsflatoptionsuncommitted68c22620f3c7687/u1daa97cd5listblobsflatoptionsuncommitted68c6721588d4826?comp=block\u0026blockid=MzMzYWEzNzAtN2Y2MS00NThkLWI2OWQtMzRmZDk0MzlhN2Fi",
      "RequestMethod": "PUT",
      "RequestHeaders": {
        "Accept": "application/xml",
        "Authorization": "Sanitized",
        "Content-Length": "7",
        "Content-Type": "application/octet-stream",
        "Date": "Mon, 08 Jan 2024 19:42:38 GMT",
        "User-Agent": "azsdk-java-azure-storage-blob/12.26.0-beta.1 (17.0.8; Windows 11; 10.0)",
        "x-ms-client-request-id": "c05e8e63-ba8e-477a-96db-1cac6c9724f6",
        "x-ms-version": "2024-02-04"
      },
      "RequestBody": "ZGVmYXVsdA==",
      "StatusCode": 201,
      "ResponseHeaders": {
        "Content-Length": "0",
        "Date": "Mon, 08 Jan 2024 19:42:48 GMT",
        "Server": [
          "Windows-Azure-Blob/1.0",
          "Microsoft-HTTPAPI/2.0"
        ],
        "x-ms-client-request-id": "c05e8e63-ba8e-477a-96db-1cac6c9724f6",
        "x-ms-content-crc64": "6RYQPwaVsyQ=",
        "x-ms-request-id": "e3c76267-e01e-0056-386a-426689000000",
        "x-ms-request-server-encrypted": "true",
        "x-ms-version": "2024-02-04"
      },
      "ResponseBody": null
    },
    {
      "RequestUri": "https://REDACTED/1daa97cd0listblobsflatoptionsuncommitted68c22620f3c7687/a1daa97cd1listblobsflatoptionsuncommitted68c51150853ebc1?comp=snapshot",
      "RequestMethod": "PUT",
      "RequestHeaders": {
        "Accept": "application/xml",
        "Authorization": "Sanitized",
        "Content-Length": "0",
        "Date": "Mon, 08 Jan 2024 19:42:38 GMT",
        "User-Agent": "azsdk-java-azure-storage-blob/12.26.0-beta.1 (17.0.8; Windows 11; 10.0)",
        "x-ms-client-request-id": "d10fb607-551a-446f-ae87-2bcf559b3900",
        "x-ms-version": "2024-02-04"
      },
      "RequestBody": null,
      "StatusCode": 201,
      "ResponseHeaders": {
        "Content-Length": "0",
        "Date": "Mon, 08 Jan 2024 19:42:48 GMT",
        "ETag": "\u00220x8DC1081FDE60907\u0022",
        "Last-Modified": "Mon, 08 Jan 2024 19:42:47 GMT",
        "Server": [
          "Windows-Azure-Blob/1.0",
          "Microsoft-HTTPAPI/2.0"
        ],
        "x-ms-client-request-id": "d10fb607-551a-446f-ae87-2bcf559b3900",
        "x-ms-request-id": "e3c7631d-e01e-0056-626a-426689000000",
        "x-ms-request-server-encrypted": "false",
        "x-ms-snapshot": "2024-01-08T19:42:49.5993206Z",
        "x-ms-version": "2024-02-04"
      },
      "ResponseBody": null
    },
    {
      "RequestUri": "https://REDACTED/1daa97cd0listblobsflatoptionsuncommitted68c22620f3c7687?restype=container\u0026comp=list\u0026include=uncommittedblobs",
      "RequestMethod": "GET",
      "RequestHeaders": {
        "Accept": "application/xml",
        "Authorization": "Sanitized",
        "Content-Length": "0",
        "Date": "Mon, 08 Jan 2024 19:42:38 GMT",
        "User-Agent": "azsdk-java-azure-storage-blob/12.26.0-beta.1 (17.0.8; Windows 11; 10.0)",
        "x-ms-client-request-id": "b741642c-bda8-4f37-8abe-2275ffb101fb",
        "x-ms-version": "2024-02-04"
      },
      "RequestBody": null,
      "StatusCode": 200,
      "ResponseHeaders": {
        "Content-Type": "application/xml",
        "Date": "Mon, 08 Jan 2024 19:42:48 GMT",
        "Server": [
          "Windows-Azure-Blob/1.0",
          "Microsoft-HTTPAPI/2.0"
        ],
        "Transfer-Encoding": "chunked",
        "x-ms-client-request-id": "b741642c-bda8-4f37-8abe-2275ffb101fb",
        "x-ms-request-id": "7a554f9e-d01e-0062-1c6a-425541000000",
        "x-ms-version": "2024-02-04"
      },
      "ResponseBody": "\uFEFF\u003C?xml version=\u00221.0\u0022 encoding=\u0022utf-8\u0022?\u003E\u003CEnumerationResults ServiceEndpoint=\u0022https://ibrandesstorage.blob.core.windows.net/\u0022 ContainerName=\u00221daa97cd0listblobsflatoptionsuncommitted68c22620f3c7687\u0022\u003E\u003CBlobs\u003E\u003CBlob\u003E\u003CName\u003Ea1daa97cd1listblobsflatoptionsuncommitted68c51150853ebc1\u003C/Name\u003E\u003CProperties\u003E\u003CCreation-Time\u003EMon, 08 Jan 2024 19:42:47 GMT\u003C/Creation-Time\u003E\u003CLast-Modified\u003EMon, 08 Jan 2024 19:42:47 GMT\u003C/Last-Modified\u003E\u003CEtag\u003E0x8DC1081FDE60907\u003C/Etag\u003E\u003CContent-Length\u003E512\u003C/Content-Length\u003E\u003CContent-Type\u003Eapplication/octet-stream\u003C/Content-Type\u003E\u003CContent-Encoding /\u003E\u003CContent-Language /\u003E\u003CContent-CRC64 /\u003E\u003CContent-MD5 /\u003E\u003CCache-Control /\u003E\u003CContent-Disposition /\u003E\u003Cx-ms-blob-sequence-number\u003E0\u003C/x-ms-blob-sequence-number\u003E\u003CBlobType\u003EPageBlob\u003C/BlobType\u003E\u003CLeaseStatus\u003Eunlocked\u003C/LeaseStatus\u003E\u003CLeaseState\u003Eavailable\u003C/LeaseState\u003E\u003CServerEncrypted\u003Etrue\u003C/ServerEncrypted\u003E\u003C/Properties\u003E\u003COrMetadata /\u003E\u003C/Blob\u003E\u003CBlob\u003E\u003CName\u003Ec1daa97cd2listblobsflatoptionsuncommitted68c42869c1bc79c\u003C/Name\u003E\u003CProperties\u003E\u003CCreation-Time\u003EMon, 08 Jan 2024 19:42:48 GMT\u003C/Creation-Time\u003E\u003CLast-Modified\u003EMon, 08 Jan 2024 19:42:48 GMT\u003C/Last-Modified\u003E\u003CEtag\u003E0x8DC1081FE2E2ADF\u003C/Etag\u003E\u003CContent-Length\u003E512\u003C/Content-Length\u003E\u003CContent-Type\u003Eapplication/octet-stream\u003C/Content-Type\u003E\u003CContent-Encoding /\u003E\u003CContent-Language /\u003E\u003CContent-CRC64 /\u003E\u003CContent-MD5 /\u003E\u003CCache-Control /\u003E\u003CContent-Disposition /\u003E\u003Cx-ms-blob-sequence-number\u003E0\u003C/x-ms-blob-sequence-number\u003E\u003CBlobType\u003EPageBlob\u003C/BlobType\u003E\u003CLeaseStatus\u003Eunlocked\u003C/LeaseStatus\u003E\u003CLeaseState\u003Eavailable\u003C/LeaseState\u003E\u003CServerEncrypted\u003Etrue\u003C/ServerEncrypted\u003E\u003C/Properties\u003E\u003COrMetadata /\u003E\u003C/Blob\u003E\u003CBlob\u003E\u003CName\u003Em1daa97cd3listblobsflatoptionsuncommitted68c089476a9017b\u003C/Name\u003E\u003CProperties\u003E\u003CCreation-Time\u003EMon, 08 Jan 2024 19:42:49 GMT\u003C/Creation-Time\u003E\u003CLast-Modified\u003EMon, 08 Jan 2024 19:42:49 GMT\u003C/Last-Modified\u003E\u003CEtag\u003E0x8DC1081FEE59FC0\u003C/Etag\u003E\u003CContent-Length\u003E512\u003C/Content-Length\u003E\u003CContent-Type\u003Eapplication/octet-stream\u003C/Content-Type\u003E\u003CContent-Encoding /\u003E\u003CContent-Language /\u003E\u003CContent-CRC64 /\u003E\u003CContent-MD5 /\u003E\u003CCache-Control /\u003E\u003CContent-Disposition /\u003E\u003Cx-ms-blob-sequence-number\u003E0\u003C/x-ms-blob-sequence-number\u003E\u003CBlobType\u003EPageBlob\u003C/BlobType\u003E\u003CLeaseStatus\u003Eunlocked\u003C/LeaseStatus\u003E\u003CLeaseState\u003Eavailable\u003C/LeaseState\u003E\u003CServerEncrypted\u003Etrue\u003C/ServerEncrypted\u003E\u003C/Properties\u003E\u003COrMetadata /\u003E\u003C/Blob\u003E\u003CBlob\u003E\u003CName\u003Et1daa97cd4listblobsflatoptionsuncommitted68c257399417fcc\u003C/Name\u003E\u003CProperties\u003E\u003CCreation-Time\u003EMon, 08 Jan 2024 19:42:49 GMT\u003C/Creation-Time\u003E\u003CLast-Modified\u003EMon, 08 Jan 2024 19:42:49 GMT\u003C/Last-Modified\u003E\u003CEtag\u003E0x8DC1081FEF41C80\u003C/Etag\u003E\u003CContent-Length\u003E512\u003C/Content-Length\u003E\u003CContent-Type\u003Eapplication/octet-stream\u003C/Content-Type\u003E\u003CContent-Encoding /\u003E\u003CContent-Language /\u003E\u003CContent-CRC64 /\u003E\u003CContent-MD5 /\u003E\u003CCache-Control /\u003E\u003CContent-Disposition /\u003E\u003Cx-ms-blob-sequence-number\u003E0\u003C/x-ms-blob-sequence-number\u003E\u003CBlobType\u003EPageBlob\u003C/BlobType\u003E\u003CLeaseStatus\u003Eunlocked\u003C/LeaseStatus\u003E\u003CLeaseState\u003Eavailable\u003C/LeaseState\u003E\u003CServerEncrypted\u003Etrue\u003C/ServerEncrypted\u003E\u003CTagCount\u003E1\u003C/TagCount\u003E\u003C/Properties\u003E\u003COrMetadata /\u003E\u003C/Blob\u003E\u003CBlob\u003E\u003CName\u003Eu1daa97cd5listblobsflatoptionsuncommitted68c6721588d4826\u003C/Name\u003E\u003CProperties\u003E\u003CContent-Length\u003E0\u003C/Content-Length\u003E\u003CBlobType\u003EBlockBlob\u003C/BlobType\u003E\u003CAccessTier\u003EHot\u003C/AccessTier\u003E\u003CAccessTierInferred\u003Etrue\u003C/AccessTierInferred\u003E\u003CLeaseStatus\u003Eunlocked\u003C/LeaseStatus\u003E\u003CLeaseState\u003Eavailable\u003C/LeaseState\u003E\u003CServerEncrypted\u003Efalse\u003C/ServerEncrypted\u003E\u003C/Properties\u003E\u003COrMetadata /\u003E\u003C/Blob\u003E\u003C/Blobs\u003E\u003CNextMarker /\u003E\u003C/EnumerationResults\u003E"
    }
  ],
  "Variables": {
    "0": "1daa97cd0listblobsflatoptionsuncommitted68c22620f3c7687",
    "1": "1daa97cd1165306d",
    "2": "1daa97cd75668379",
    "3": "1daa97cd1listblobsflatoptionsuncommitted68c51150853ebc1",
    "4": "1daa97cd2listblobsflatoptionsuncommitted68c42869c1bc79c",
    "5": "1daa97cd3listblobsflatoptionsuncommitted68c089476a9017b",
    "6": "1daa97cd4listblobsflatoptionsuncommitted68c257399417fcc",
    "7": "1daa97cd5listblobsflatoptionsuncommitted68c6721588d4826",
    "8": "333aa370-7f61-458d-b69d-34fd9439a7ab"
  }
}
