{
  "Entries": [
    {
      "RequestUri": "https://REDACTED/7216f9980setmetadataacb8b932017f0b57d758b04611?restype=container",
      "RequestMethod": "PUT",
      "RequestHeaders": {
        "Accept": "application/xml",
        "Authorization": "Sanitized",
        "Content-Length": "0",
        "Date": "Wed, 13 Dec 2023 21:46:29 GMT",
        "User-Agent": "azsdk-java-azure-storage-blob/12.26.0-beta.1 (17.0.8; Windows 11; 10.0)",
        "x-ms-client-request-id": "725c9bc2-7d66-4dce-8daa-59827927ed75",
        "x-ms-version": "2024-02-04"
      },
      "RequestBody": null,
      "StatusCode": 201,
      "ResponseHeaders": {
        "Content-Length": "0",
        "Date": "Wed, 13 Dec 2023 21:46:29 GMT",
        "ETag": "\u00220x8DBFC24F6F00D5E\u0022",
        "Last-Modified": "Wed, 13 Dec 2023 21:46:29 GMT",
        "Server": [
          "Windows-Azure-Blob/1.0",
          "Microsoft-HTTPAPI/2.0"
        ],
        "x-ms-client-request-id": "725c9bc2-7d66-4dce-8daa-59827927ed75",
        "x-ms-request-id": "47e80e60-401e-005f-050d-2e235a000000",
        "x-ms-version": "2024-02-04"
      },
      "ResponseBody": null
    },
    {
      "RequestUri": "https://REDACTED/7216f9980setmetadataacb8b932017f0b57d758b04611?restype=container",
      "RequestMethod": "PUT",
      "RequestHeaders": {
        "Accept": "application/xml",
        "Authorization": "Sanitized",
        "Content-Length": "0",
        "Date": "Wed, 13 Dec 2023 21:46:29 GMT",
        "User-Agent": "azsdk-java-azure-storage-blob/12.26.0-beta.1 (17.0.8; Windows 11; 10.0)",
        "x-ms-client-request-id": "eb39b0d2-e661-44a8-b58f-c2b641278db0",
        "x-ms-version": "2024-02-04"
      },
      "RequestBody": null,
      "StatusCode": 409,
      "ResponseHeaders": {
        "Content-Length": "230",
        "Content-Type": "application/xml",
        "Date": "Wed, 13 Dec 2023 21:46:29 GMT",
        "Server": [
          "Windows-Azure-Blob/1.0",
          "Microsoft-HTTPAPI/2.0"
        ],
        "x-ms-client-request-id": "eb39b0d2-e661-44a8-b58f-c2b641278db0",
        "x-ms-error-code": "ContainerAlreadyExists",
        "x-ms-request-id": "47e80ef7-401e-005f-130d-2e235a000000",
        "x-ms-version": "2024-02-04"
      },
      "ResponseBody": [
        "\uFEFF\u003C?xml version=\u00221.0\u0022 encoding=\u0022utf-8\u0022?\u003E\u003CError\u003E\u003CCode\u003EContainerAlreadyExists\u003C/Code\u003E\u003CMessage\u003EThe specified container already exists.\n",
        "RequestId:47e80ef7-401e-005f-130d-2e235a000000\n",
        "Time:2023-12-13T21:46:29.5966019Z\u003C/Message\u003E\u003C/Error\u003E"
      ]
    },
    {
      "RequestUri": "https://REDACTED/7216f9980setmetadataacb8b932017f0b57d758b04611?restype=container\u0026comp=metadata",
      "RequestMethod": "PUT",
      "RequestHeaders": {
        "Accept": "application/xml",
        "Authorization": "Sanitized",
        "Content-Length": "0",
        "Date": "Wed, 13 Dec 2023 21:46:29 GMT",
        "User-Agent": "azsdk-java-azure-storage-blob/12.26.0-beta.1 (17.0.8; Windows 11; 10.0)",
        "x-ms-client-request-id": "b49dae63-0832-4036-94d6-845005391735",
        "x-ms-version": "2024-02-04"
      },
      "RequestBody": null,
      "StatusCode": 200,
      "ResponseHeaders": {
        "Content-Length": "0",
        "Date": "Wed, 13 Dec 2023 21:46:29 GMT",
        "ETag": "\u00220x8DBFC24F70CD868\u0022",
        "Last-Modified": "Wed, 13 Dec 2023 21:46:29 GMT",
        "Server": [
          "Windows-Azure-Blob/1.0",
          "Microsoft-HTTPAPI/2.0"
        ],
        "x-ms-client-request-id": "b49dae63-0832-4036-94d6-845005391735",
        "x-ms-request-id": "47e80f8e-401e-005f-1e0d-2e235a000000",
        "x-ms-version": "2024-02-04"
      },
      "ResponseBody": null
    }
  ],
  "Variables": {
    "0": "7216f9980setmetadataacb8b932017f0b57d758b04611",
    "1": "7216f99886660135",
    "2": "7216f998281868e7"
  }
}
