{
  "Entries": [
    {
      "RequestUri": "https://REDACTED/d5a460640getaccesspolicya5430106b5037a1c0f21407?restype=container",
      "RequestMethod": "PUT",
      "RequestHeaders": {
        "Accept": "application/xml",
        "Authorization": "Sanitized",
        "Content-Length": "0",
        "Date": "Thu, 12 Oct 2023 17:27:03 GMT",
        "User-Agent": "azsdk-java-azure-storage-blob/12.25.0-beta.1 (17.0.8.1; Windows 11; 10.0)",
        "x-ms-client-request-id": "e36259a3-e0a8-43de-87ea-9513b9031288",
        "x-ms-version": "2023-08-03"
      },
      "RequestBody": null,
      "StatusCode": 201,
      "ResponseHeaders": {
        "Content-Length": "0",
        "Date": "Thu, 12 Oct 2023 17:27:02 GMT",
        "ETag": "\u00220x8DBCB4873361A6F\u0022",
        "Last-Modified": "Thu, 12 Oct 2023 17:27:03 GMT",
        "Server": [
          "Windows-Azure-Blob/1.0",
          "Microsoft-HTTPAPI/2.0"
        ],
        "x-ms-client-request-id": "e36259a3-e0a8-43de-87ea-9513b9031288",
        "x-ms-request-id": "1ed1f758-001e-0059-4231-fd4d32000000",
        "x-ms-version": "2023-08-03"
      },
      "ResponseBody": null
    },
    {
      "RequestUri": "https://REDACTED/d5a460640getaccesspolicya5430106b5037a1c0f21407?restype=container\u0026comp=acl",
      "RequestMethod": "PUT",
      "RequestHeaders": {
        "Accept": "application/xml",
        "Authorization": "Sanitized",
        "Content-Length": "254",
        "Content-Type": "application/xml",
        "Date": "Thu, 12 Oct 2023 17:27:03 GMT",
        "User-Agent": "azsdk-java-azure-storage-blob/12.25.0-beta.1 (17.0.8.1; Windows 11; 10.0)",
        "x-ms-blob-public-access": "blob",
        "x-ms-client-request-id": "981a5d16-1409-4445-b0d5-7cccdcccb769",
        "x-ms-version": "2023-08-03"
      },
      "RequestBody": "\u003C?xml version=\u00271.0\u0027 encoding=\u0027UTF-8\u0027?\u003E\u003CSignedIdentifiers\u003E\u003CSignedIdentifier\u003E\u003CId\u003E0000\u003C/Id\u003E\u003CAccessPolicy\u003E\u003CStart\u003E2023-10-12T17:27:03Z\u003C/Start\u003E\u003CExpiry\u003E2023-10-13T17:27:03Z\u003C/Expiry\u003E\u003CPermission\u003Er\u003C/Permission\u003E\u003C/AccessPolicy\u003E\u003C/SignedIdentifier\u003E\u003C/SignedIdentifiers\u003E",
      "StatusCode": 200,
      "ResponseHeaders": {
        "Content-Length": "0",
        "Date": "Thu, 12 Oct 2023 17:27:02 GMT",
        "ETag": "\u00220x8DBCB487339C8C2\u0022",
        "Last-Modified": "Thu, 12 Oct 2023 17:27:03 GMT",
        "Server": [
          "Windows-Azure-Blob/1.0",
          "Microsoft-HTTPAPI/2.0"
        ],
        "x-ms-client-request-id": "981a5d16-1409-4445-b0d5-7cccdcccb769",
        "x-ms-request-id": "1ed1f78c-001e-0059-6131-fd4d32000000",
        "x-ms-version": "2023-08-03"
      },
      "ResponseBody": null
    },
    {
      "RequestUri": "https://REDACTED/d5a460640getaccesspolicya5430106b5037a1c0f21407?restype=container\u0026comp=acl",
      "RequestMethod": "GET",
      "RequestHeaders": {
        "Accept": "application/xml",
        "Authorization": "Sanitized",
        "Content-Length": "0",
        "Date": "Thu, 12 Oct 2023 17:27:03 GMT",
        "User-Agent": "azsdk-java-azure-storage-blob/12.25.0-beta.1 (17.0.8.1; Windows 11; 10.0)",
        "x-ms-client-request-id": "8b3a0b1a-8551-45d5-a9a3-673ec80f78ba",
        "x-ms-version": "2023-08-03"
      },
      "RequestBody": null,
      "StatusCode": 200,
      "ResponseHeaders": {
        "Access-Control-Allow-Origin": "*",
        "Access-Control-Expose-Headers": "x-ms-client-request-id",
        "Content-Type": "application/xml",
        "Date": "Thu, 12 Oct 2023 17:27:02 GMT",
        "ETag": "\u00220x8DBCB487339C8C2\u0022",
        "Last-Modified": "Thu, 12 Oct 2023 17:27:03 GMT",
        "Server": [
          "Windows-Azure-Blob/1.0",
          "Microsoft-HTTPAPI/2.0"
        ],
        "Transfer-Encoding": "chunked",
        "x-ms-blob-public-access": "blob",
        "x-ms-client-request-id": "8b3a0b1a-8551-45d5-a9a3-673ec80f78ba",
        "x-ms-request-id": "1ed1f7d9-001e-0059-0d31-fd4d32000000",
        "x-ms-version": "2023-08-03"
      },
      "ResponseBody": "\uFEFF\u003C?xml version=\u00221.0\u0022 encoding=\u0022utf-8\u0022?\u003E\u003CSignedIdentifiers\u003E\u003CSignedIdentifier\u003E\u003CId\u003E0000\u003C/Id\u003E\u003CAccessPolicy\u003E\u003CStart\u003E2023-10-12T17:27:03.0000000Z\u003C/Start\u003E\u003CExpiry\u003E2023-10-13T17:27:03.0000000Z\u003C/Expiry\u003E\u003CPermission\u003Er\u003C/Permission\u003E\u003C/AccessPolicy\u003E\u003C/SignedIdentifier\u003E\u003C/SignedIdentifiers\u003E"
    }
  ],
  "Variables": {
    "0": "d5a460640getaccesspolicya5430106b5037a1c0f21407",
    "1": "d5a4606441430e33",
    "2": "d5a4606463751f28",
    "3": "2023-10-12T17:27:03.422836700Z",
    "4": "2023-10-12T17:27:03.422836700Z"
  }
}
