{
  "Entries": [
    {
      "RequestUri": "https://REDACTED/e841eeac0listblobshieroptionsmaxresultsbypaged4f0628438363?restype=container",
      "RequestMethod": "PUT",
      "RequestHeaders": {
        "Accept": "application/xml",
        "Authorization": "Sanitized",
        "Content-Length": "0",
        "Date": "Thu, 12 Oct 2023 13:50:38 GMT",
        "User-Agent": "azsdk-java-azure-storage-blob/12.25.0-beta.1 (17.0.8.1; Windows 11; 10.0)",
        "x-ms-client-request-id": "b6b134c0-27ff-4ca1-97b0-9e2ea5a2d7bd",
        "x-ms-version": "2023-08-03"
      },
      "RequestBody": null,
      "StatusCode": 201,
      "ResponseHeaders": {
        "Content-Length": "0",
        "Date": "Thu, 12 Oct 2023 13:50:37 GMT",
        "ETag": "\u00220x8DBCB2A377FC823\u0022",
        "Last-Modified": "Thu, 12 Oct 2023 13:50:38 GMT",
        "Server": [
          "Windows-Azure-Blob/1.0",
          "Microsoft-HTTPAPI/2.0"
        ],
        "x-ms-client-request-id": "b6b134c0-27ff-4ca1-97b0-9e2ea5a2d7bd",
        "x-ms-request-id": "3f634fb7-701e-0031-6513-fd2ba2000000",
        "x-ms-version": "2023-08-03"
      },
      "ResponseBody": null
    },
    {
      "RequestUri": "https://REDACTED/e841eeac0listblobshieroptionsmaxresultsbypaged4f0628438363/ae841eeac1listblobshieroptionsmaxresultsbypaged4f008073d47e",
      "RequestMethod": "PUT",
      "RequestHeaders": {
        "Accept": "application/xml",
        "Authorization": "Sanitized",
        "Content-Length": "0",
        "Date": "Thu, 12 Oct 2023 13:50:38 GMT",
        "If-None-Match": "*",
        "User-Agent": "azsdk-java-azure-storage-blob/12.25.0-beta.1 (17.0.8.1; Windows 11; 10.0)",
        "x-ms-blob-content-length": "512",
        "x-ms-blob-type": "PageBlob",
        "x-ms-client-request-id": "fa33ab00-e4b7-41df-bd09-83769ec23fa4",
        "x-ms-version": "2023-08-03"
      },
      "RequestBody": null,
      "StatusCode": 201,
      "ResponseHeaders": {
        "Content-Length": "0",
        "Date": "Thu, 12 Oct 2023 13:50:37 GMT",
        "ETag": "\u00220x8DBCB2A3783A45F\u0022",
        "Last-Modified": "Thu, 12 Oct 2023 13:50:38 GMT",
        "Server": [
          "Windows-Azure-Blob/1.0",
          "Microsoft-HTTPAPI/2.0"
        ],
        "x-ms-client-request-id": "fa33ab00-e4b7-41df-bd09-83769ec23fa4",
        "x-ms-request-id": "3f634fcf-701e-0031-7c13-fd2ba2000000",
        "x-ms-request-server-encrypted": "true",
        "x-ms-version": "2023-08-03"
      },
      "ResponseBody": null
    },
    {
      "RequestUri": "https://REDACTED/e841eeac0listblobshieroptionsmaxresultsbypaged4f0628438363/ce841eeac2listblobshieroptionsmaxresultsbypaged4f9924246c8d",
      "RequestMethod": "PUT",
      "RequestHeaders": {
        "Accept": "application/xml",
        "Authorization": "Sanitized",
        "Content-Length": "0",
        "Date": "Thu, 12 Oct 2023 13:50:38 GMT",
        "User-Agent": "azsdk-java-azure-storage-blob/12.25.0-beta.1 (17.0.8.1; Windows 11; 10.0)",
        "x-ms-client-request-id": "76cb2d01-fcbc-4c17-92d4-1272bab59064",
        "x-ms-copy-source": "https://REDACTED/e841eeac0listblobshieroptionsmaxresultsbypaged4f0628438363/ae841eeac1listblobshieroptionsmaxresultsbypaged4f008073d47e",
        "x-ms-version": "2023-08-03"
      },
      "RequestBody": null,
      "StatusCode": 202,
      "ResponseHeaders": {
        "Content-Length": "0",
        "Date": "Thu, 12 Oct 2023 13:50:38 GMT",
        "ETag": "\u00220x8DBCB2A37D62555\u0022",
        "Last-Modified": "Thu, 12 Oct 2023 13:50:38 GMT",
        "Server": [
          "Windows-Azure-Blob/1.0",
          "Microsoft-HTTPAPI/2.0"
        ],
        "x-ms-client-request-id": "76cb2d01-fcbc-4c17-92d4-1272bab59064",
        "x-ms-copy-id": "6f3d590d-6695-48c5-aa0b-66241134697e",
        "x-ms-copy-status": "success",
        "x-ms-request-id": "3f634fe6-701e-0031-1313-fd2ba2000000",
        "x-ms-version": "2023-08-03"
      },
      "ResponseBody": null
    },
    {
      "RequestUri": "https://REDACTED/e841eeac0listblobshieroptionsmaxresultsbypaged4f0628438363/ce841eeac2listblobshieroptionsmaxresultsbypaged4f9924246c8d",
      "RequestMethod": "HEAD",
      "RequestHeaders": {
        "Accept": "application/xml",
        "Authorization": "Sanitized",
        "Content-Length": "0",
        "Date": "Thu, 12 Oct 2023 13:50:43 GMT",
        "User-Agent": "azsdk-java-azure-storage-blob/12.25.0-beta.1 (17.0.8.1; Windows 11; 10.0)",
        "x-ms-client-request-id": "8f744010-d0bb-4a73-8bab-50b6fd4fae8f",
        "x-ms-version": "2023-08-03"
      },
      "RequestBody": null,
      "StatusCode": 200,
      "ResponseHeaders": {
        "Accept-Ranges": "bytes",
        "Access-Control-Allow-Origin": "*",
        "Access-Control-Expose-Headers": "x-ms-client-request-id",
        "Content-Length": "512",
        "Content-Type": "application/octet-stream",
        "Date": "Thu, 12 Oct 2023 13:50:43 GMT",
        "ETag": "\u00220x8DBCB2A37D62555\u0022",
        "Last-Modified": "Thu, 12 Oct 2023 13:50:38 GMT",
        "Server": [
          "Windows-Azure-Blob/1.0",
          "Microsoft-HTTPAPI/2.0"
        ],
        "x-ms-blob-sequence-number": "0",
        "x-ms-blob-type": "PageBlob",
        "x-ms-client-request-id": "8f744010-d0bb-4a73-8bab-50b6fd4fae8f",
        "x-ms-copy-completion-time": "Thu, 12 Oct 2023 13:50:38 GMT",
        "x-ms-copy-id": "6f3d590d-6695-48c5-aa0b-66241134697e",
        "x-ms-copy-progress": "512/512",
        "x-ms-copy-source": "https://REDACTED/e841eeac0listblobshieroptionsmaxresultsbypaged4f0628438363/ae841eeac1listblobshieroptionsmaxresultsbypaged4f008073d47e",
        "x-ms-copy-status": "success",
        "x-ms-creation-time": "Thu, 12 Oct 2023 13:50:38 GMT",
        "x-ms-lease-state": "available",
        "x-ms-lease-status": "unlocked",
        "x-ms-request-id": "b6cab88c-101e-0027-1413-fddd75000000",
        "x-ms-server-encrypted": "true",
        "x-ms-version": "2023-08-03"
      },
      "ResponseBody": null
    },
    {
      "RequestUri": "https://REDACTED/e841eeac0listblobshieroptionsmaxresultsbypaged4f0628438363/me841eeac3listblobshieroptionsmaxresultsbypaged4f85346c35c2",
      "RequestMethod": "PUT",
      "RequestHeaders": {
        "Accept": "application/xml",
        "Authorization": "Sanitized",
        "Content-Length": "0",
        "Date": "Thu, 12 Oct 2023 13:50:43 GMT",
        "User-Agent": "azsdk-java-azure-storage-blob/12.25.0-beta.1 (17.0.8.1; Windows 11; 10.0)",
        "x-ms-blob-content-length": "512",
        "x-ms-blob-type": "PageBlob",
        "x-ms-client-request-id": "1f6f7f7f-9f8d-4050-b34a-1104501249d2",
        "x-ms-meta-foo": "bar",
        "x-ms-version": "2023-08-03"
      },
      "RequestBody": null,
      "StatusCode": 201,
      "ResponseHeaders": {
        "Content-Length": "0",
        "Date": "Thu, 12 Oct 2023 13:50:43 GMT",
        "ETag": "\u00220x8DBCB2A3AD9CF10\u0022",
        "Last-Modified": "Thu, 12 Oct 2023 13:50:43 GMT",
        "Server": [
          "Windows-Azure-Blob/1.0",
          "Microsoft-HTTPAPI/2.0"
        ],
        "x-ms-client-request-id": "1f6f7f7f-9f8d-4050-b34a-1104501249d2",
        "x-ms-request-id": "b6cab89a-101e-0027-1e13-fddd75000000",
        "x-ms-request-server-encrypted": "true",
        "x-ms-version": "2023-08-03"
      },
      "ResponseBody": null
    },
    {
      "RequestUri": "https://REDACTED/e841eeac0listblobshieroptionsmaxresultsbypaged4f0628438363/te841eeac4listblobshieroptionsmaxresultsbypaged4f845436e1a1",
      "RequestMethod": "PUT",
      "RequestHeaders": {
        "Accept": "application/xml",
        "Authorization": "Sanitized",
        "Content-Length": "0",
        "Date": "Thu, 12 Oct 2023 13:50:43 GMT",
        "User-Agent": "azsdk-java-azure-storage-blob/12.25.0-beta.1 (17.0.8.1; Windows 11; 10.0)",
        "x-ms-blob-content-length": "512",
        "x-ms-blob-type": "PageBlob",
        "x-ms-client-request-id": "ca4ff348-a14a-436d-a0b9-05db6881662f",
        "x-ms-tags": "e841eeac50367d8e=e841eeac18454400",
        "x-ms-version": "2023-08-03"
      },
      "RequestBody": null,
      "StatusCode": 201,
      "ResponseHeaders": {
        "Content-Length": "0",
        "Date": "Thu, 12 Oct 2023 13:50:43 GMT",
        "ETag": "\u00220x8DBCB2A3ADDED2C\u0022",
        "Last-Modified": "Thu, 12 Oct 2023 13:50:43 GMT",
        "Server": [
          "Windows-Azure-Blob/1.0",
          "Microsoft-HTTPAPI/2.0"
        ],
        "x-ms-client-request-id": "ca4ff348-a14a-436d-a0b9-05db6881662f",
        "x-ms-request-id": "b6cab8ae-101e-0027-3213-fddd75000000",
        "x-ms-request-server-encrypted": "true",
        "x-ms-version": "2023-08-03"
      },
      "ResponseBody": null
    },
    {
      "RequestUri": "https://REDACTED/e841eeac0listblobshieroptionsmaxresultsbypaged4f0628438363/ue841eeac5listblobshieroptionsmaxresultsbypaged4f8481487bd3?comp=block\u0026blockid=ZGQwZGY3ZmQtZDU2Yi00ZDkzLTk0MTYtNzc2MzMzMTRiYmU0",
      "RequestMethod": "PUT",
      "RequestHeaders": {
        "Accept": "application/xml",
        "Authorization": "Sanitized",
        "Content-Length": "7",
        "Content-Type": "application/octet-stream",
        "Date": "Thu, 12 Oct 2023 13:50:43 GMT",
        "User-Agent": "azsdk-java-azure-storage-blob/12.25.0-beta.1 (17.0.8.1; Windows 11; 10.0)",
        "x-ms-client-request-id": "74a3fe53-bca8-402d-9528-62f10d5baaab",
        "x-ms-version": "2023-08-03"
      },
      "RequestBody": "ZGVmYXVsdA==",
      "StatusCode": 201,
      "ResponseHeaders": {
        "Content-Length": "0",
        "Date": "Thu, 12 Oct 2023 13:50:43 GMT",
        "Server": [
          "Windows-Azure-Blob/1.0",
          "Microsoft-HTTPAPI/2.0"
        ],
        "x-ms-client-request-id": "74a3fe53-bca8-402d-9528-62f10d5baaab",
        "x-ms-content-crc64": "6RYQPwaVsyQ=",
        "x-ms-request-id": "b6cab8c6-101e-0027-4913-fddd75000000",
        "x-ms-request-server-encrypted": "true",
        "x-ms-version": "2023-08-03"
      },
      "ResponseBody": null
    },
    {
      "RequestUri": "https://REDACTED/e841eeac0listblobshieroptionsmaxresultsbypaged4f0628438363/ae841eeac1listblobshieroptionsmaxresultsbypaged4f008073d47e?comp=snapshot",
      "RequestMethod": "PUT",
      "RequestHeaders": {
        "Accept": "application/xml",
        "Authorization": "Sanitized",
        "Content-Length": "0",
        "Date": "Thu, 12 Oct 2023 13:50:44 GMT",
        "User-Agent": "azsdk-java-azure-storage-blob/12.25.0-beta.1 (17.0.8.1; Windows 11; 10.0)",
        "x-ms-client-request-id": "fe95eefc-b987-4135-8f9b-a1a30aedee4c",
        "x-ms-version": "2023-08-03"
      },
      "RequestBody": null,
      "StatusCode": 201,
      "ResponseHeaders": {
        "Content-Length": "0",
        "Date": "Thu, 12 Oct 2023 13:50:43 GMT",
        "ETag": "\u00220x8DBCB2A3783A45F\u0022",
        "Last-Modified": "Thu, 12 Oct 2023 13:50:38 GMT",
        "Server": [
          "Windows-Azure-Blob/1.0",
          "Microsoft-HTTPAPI/2.0"
        ],
        "x-ms-client-request-id": "fe95eefc-b987-4135-8f9b-a1a30aedee4c",
        "x-ms-request-id": "b6cab8ea-101e-0027-6a13-fddd75000000",
        "x-ms-request-server-encrypted": "false",
        "x-ms-snapshot": "2023-10-12T13:50:44.0584339Z",
        "x-ms-version": "2023-08-03"
      },
      "ResponseBody": null
    },
    {
      "RequestUri": "https://REDACTED/e841eeac0listblobshieroptionsmaxresultsbypaged4f0628438363?restype=container\u0026comp=list\u0026delimiter=\u0026maxresults=1\u0026include=copy%2Cuncommittedblobs",
      "RequestMethod": "GET",
      "RequestHeaders": {
        "Accept": "application/xml",
        "Authorization": "Sanitized",
        "Content-Length": "0",
        "Date": "Thu, 12 Oct 2023 13:50:44 GMT",
        "User-Agent": "azsdk-java-azure-storage-blob/12.25.0-beta.1 (17.0.8.1; Windows 11; 10.0)",
        "x-ms-client-request-id": "ea6bf980-e56e-4a89-bba8-a2ddcbc81c5a",
        "x-ms-version": "2023-08-03"
      },
      "RequestBody": null,
      "StatusCode": 200,
      "ResponseHeaders": {
        "Access-Control-Allow-Origin": "*",
        "Access-Control-Expose-Headers": "x-ms-client-request-id",
        "Content-Type": "application/xml",
        "Date": "Thu, 12 Oct 2023 13:50:43 GMT",
        "Server": [
          "Windows-Azure-Blob/1.0",
          "Microsoft-HTTPAPI/2.0"
        ],
        "Transfer-Encoding": "chunked",
        "x-ms-client-request-id": "ea6bf980-e56e-4a89-bba8-a2ddcbc81c5a",
        "x-ms-request-id": "b6cab905-101e-0027-0113-fddd75000000",
        "x-ms-version": "2023-08-03"
      },
      "ResponseBody": "\uFEFF\u003C?xml version=\u00221.0\u0022 encoding=\u0022utf-8\u0022?\u003E\u003CEnumerationResults ServiceEndpoint=\u0022https://primt6eec3df887974152.blob.core.windows.net/\u0022 ContainerName=\u0022e841eeac0listblobshieroptionsmaxresultsbypaged4f0628438363\u0022\u003E\u003CMaxResults\u003E1\u003C/MaxResults\u003E\u003CBlobs\u003E\u003CBlob\u003E\u003CName\u003Eae841eeac1listblobshieroptionsmaxresultsbypaged4f008073d47e\u003C/Name\u003E\u003CProperties\u003E\u003CCreation-Time\u003EThu, 12 Oct 2023 13:50:38 GMT\u003C/Creation-Time\u003E\u003CLast-Modified\u003EThu, 12 Oct 2023 13:50:38 GMT\u003C/Last-Modified\u003E\u003CEtag\u003E0x8DBCB2A3783A45F\u003C/Etag\u003E\u003CContent-Length\u003E512\u003C/Content-Length\u003E\u003CContent-Type\u003Eapplication/octet-stream\u003C/Content-Type\u003E\u003CContent-Encoding /\u003E\u003CContent-Language /\u003E\u003CContent-CRC64 /\u003E\u003CContent-MD5 /\u003E\u003CCache-Control /\u003E\u003CContent-Disposition /\u003E\u003Cx-ms-blob-sequence-number\u003E0\u003C/x-ms-blob-sequence-number\u003E\u003CBlobType\u003EPageBlob\u003C/BlobType\u003E\u003CLeaseStatus\u003Eunlocked\u003C/LeaseStatus\u003E\u003CLeaseState\u003Eavailable\u003C/LeaseState\u003E\u003CServerEncrypted\u003Etrue\u003C/ServerEncrypted\u003E\u003C/Properties\u003E\u003COrMetadata /\u003E\u003C/Blob\u003E\u003C/Blobs\u003E\u003CNextMarker\u003E2!140!MDAwMDU5IWNlODQxZWVhYzJsaXN0YmxvYnNoaWVyb3B0aW9uc21heHJlc3VsdHNieXBhZ2VkNGY5OTI0MjQ2YzhkITAwMDAyOCE5OTk5LTEyLTMxVDIzOjU5OjU5Ljk5OTk5OTlaIQ--\u003C/NextMarker\u003E\u003C/EnumerationResults\u003E"
    },
    {
      "RequestUri": "https://REDACTED/e841eeac0listblobshieroptionsmaxresultsbypaged4f0628438363?restype=container\u0026comp=list\u0026delimiter=\u0026marker=2%21140%21MDAwMDU5IWNlODQxZWVhYzJsaXN0YmxvYnNoaWVyb3B0aW9uc21heHJlc3VsdHNieXBhZ2VkNGY5OTI0MjQ2YzhkITAwMDAyOCE5OTk5LTEyLTMxVDIzOjU5OjU5Ljk5OTk5OTlaIQ--\u0026maxresults=1\u0026include=copy%2Cuncommittedblobs",
      "RequestMethod": "GET",
      "RequestHeaders": {
        "Accept": "application/xml",
        "Authorization": "Sanitized",
        "Content-Length": "0",
        "Date": "Thu, 12 Oct 2023 13:50:44 GMT",
        "User-Agent": "azsdk-java-azure-storage-blob/12.25.0-beta.1 (17.0.8.1; Windows 11; 10.0)",
        "x-ms-client-request-id": "1fcef39b-1e01-4c9f-9c95-85352ed94e82",
        "x-ms-version": "2023-08-03"
      },
      "RequestBody": null,
      "StatusCode": 200,
      "ResponseHeaders": {
        "Access-Control-Allow-Origin": "*",
        "Access-Control-Expose-Headers": "x-ms-client-request-id",
        "Content-Type": "application/xml",
        "Date": "Thu, 12 Oct 2023 13:50:43 GMT",
        "Server": [
          "Windows-Azure-Blob/1.0",
          "Microsoft-HTTPAPI/2.0"
        ],
        "Transfer-Encoding": "chunked",
        "x-ms-client-request-id": "1fcef39b-1e01-4c9f-9c95-85352ed94e82",
        "x-ms-request-id": "b6cab91b-101e-0027-1213-fddd75000000",
        "x-ms-version": "2023-08-03"
      },
      "ResponseBody": "\uFEFF\u003C?xml version=\u00221.0\u0022 encoding=\u0022utf-8\u0022?\u003E\u003CEnumerationResults ServiceEndpoint=\u0022https://primt6eec3df887974152.blob.core.windows.net/\u0022 ContainerName=\u0022e841eeac0listblobshieroptionsmaxresultsbypaged4f0628438363\u0022\u003E\u003CMarker\u003E2!140!MDAwMDU5IWNlODQxZWVhYzJsaXN0YmxvYnNoaWVyb3B0aW9uc21heHJlc3VsdHNieXBhZ2VkNGY5OTI0MjQ2YzhkITAwMDAyOCE5OTk5LTEyLTMxVDIzOjU5OjU5Ljk5OTk5OTlaIQ--\u003C/Marker\u003E\u003CMaxResults\u003E1\u003C/MaxResults\u003E\u003CBlobs\u003E\u003CBlob\u003E\u003CName\u003Ece841eeac2listblobshieroptionsmaxresultsbypaged4f9924246c8d\u003C/Name\u003E\u003CProperties\u003E\u003CCreation-Time\u003EThu, 12 Oct 2023 13:50:38 GMT\u003C/Creation-Time\u003E\u003CLast-Modified\u003EThu, 12 Oct 2023 13:50:38 GMT\u003C/Last-Modified\u003E\u003CEtag\u003E0x8DBCB2A37D62555\u003C/Etag\u003E\u003CContent-Length\u003E512\u003C/Content-Length\u003E\u003CContent-Type\u003Eapplication/octet-stream\u003C/Content-Type\u003E\u003CContent-Encoding /\u003E\u003CContent-Language /\u003E\u003CContent-CRC64 /\u003E\u003CContent-MD5 /\u003E\u003CCache-Control /\u003E\u003CContent-Disposition /\u003E\u003Cx-ms-blob-sequence-number\u003E0\u003C/x-ms-blob-sequence-number\u003E\u003CBlobType\u003EPageBlob\u003C/BlobType\u003E\u003CLeaseStatus\u003Eunlocked\u003C/LeaseStatus\u003E\u003CLeaseState\u003Eavailable\u003C/LeaseState\u003E\u003CCopyId\u003E6f3d590d-6695-48c5-aa0b-66241134697e\u003C/CopyId\u003E\u003CCopySource\u003Ehttps://primt6eec3df887974152.blob.core.windows.net/e841eeac0listblobshieroptionsmaxresultsbypaged4f0628438363/ae841eeac1listblobshieroptionsmaxresultsbypaged4f008073d47e\u003C/CopySource\u003E\u003CCopyStatus\u003Esuccess\u003C/CopyStatus\u003E\u003CCopyProgress\u003E512/512\u003C/CopyProgress\u003E\u003CCopyCompletionTime\u003EThu, 12 Oct 2023 13:50:38 GMT\u003C/CopyCompletionTime\u003E\u003CServerEncrypted\u003Etrue\u003C/ServerEncrypted\u003E\u003C/Properties\u003E\u003COrMetadata /\u003E\u003C/Blob\u003E\u003C/Blobs\u003E\u003CNextMarker\u003E2!140!MDAwMDU5IW1lODQxZWVhYzNsaXN0YmxvYnNoaWVyb3B0aW9uc21heHJlc3VsdHNieXBhZ2VkNGY4NTM0NmMzNWMyITAwMDAyOCE5OTk5LTEyLTMxVDIzOjU5OjU5Ljk5OTk5OTlaIQ--\u003C/NextMarker\u003E\u003C/EnumerationResults\u003E"
    },
    {
      "RequestUri": "https://REDACTED/e841eeac0listblobshieroptionsmaxresultsbypaged4f0628438363?restype=container\u0026comp=list\u0026delimiter=\u0026marker=2%21140%21MDAwMDU5IW1lODQxZWVhYzNsaXN0YmxvYnNoaWVyb3B0aW9uc21heHJlc3VsdHNieXBhZ2VkNGY4NTM0NmMzNWMyITAwMDAyOCE5OTk5LTEyLTMxVDIzOjU5OjU5Ljk5OTk5OTlaIQ--\u0026maxresults=1\u0026include=copy%2Cuncommittedblobs",
      "RequestMethod": "GET",
      "RequestHeaders": {
        "Accept": "application/xml",
        "Authorization": "Sanitized",
        "Content-Length": "0",
        "Date": "Thu, 12 Oct 2023 13:50:44 GMT",
        "User-Agent": "azsdk-java-azure-storage-blob/12.25.0-beta.1 (17.0.8.1; Windows 11; 10.0)",
        "x-ms-client-request-id": "7652fe98-8784-4566-ba78-1770b1120c56",
        "x-ms-version": "2023-08-03"
      },
      "RequestBody": null,
      "StatusCode": 200,
      "ResponseHeaders": {
        "Access-Control-Allow-Origin": "*",
        "Access-Control-Expose-Headers": "x-ms-client-request-id",
        "Content-Type": "application/xml",
        "Date": "Thu, 12 Oct 2023 13:50:43 GMT",
        "Server": [
          "Windows-Azure-Blob/1.0",
          "Microsoft-HTTPAPI/2.0"
        ],
        "Transfer-Encoding": "chunked",
        "x-ms-client-request-id": "7652fe98-8784-4566-ba78-1770b1120c56",
        "x-ms-request-id": "b6cab92b-101e-0027-1f13-fddd75000000",
        "x-ms-version": "2023-08-03"
      },
      "ResponseBody": "\uFEFF\u003C?xml version=\u00221.0\u0022 encoding=\u0022utf-8\u0022?\u003E\u003CEnumerationResults ServiceEndpoint=\u0022https://primt6eec3df887974152.blob.core.windows.net/\u0022 ContainerName=\u0022e841eeac0listblobshieroptionsmaxresultsbypaged4f0628438363\u0022\u003E\u003CMarker\u003E2!140!MDAwMDU5IW1lODQxZWVhYzNsaXN0YmxvYnNoaWVyb3B0aW9uc21heHJlc3VsdHNieXBhZ2VkNGY4NTM0NmMzNWMyITAwMDAyOCE5OTk5LTEyLTMxVDIzOjU5OjU5Ljk5OTk5OTlaIQ--\u003C/Marker\u003E\u003CMaxResults\u003E1\u003C/MaxResults\u003E\u003CBlobs\u003E\u003CBlob\u003E\u003CName\u003Eme841eeac3listblobshieroptionsmaxresultsbypaged4f85346c35c2\u003C/Name\u003E\u003CProperties\u003E\u003CCreation-Time\u003EThu, 12 Oct 2023 13:50:43 GMT\u003C/Creation-Time\u003E\u003CLast-Modified\u003EThu, 12 Oct 2023 13:50:43 GMT\u003C/Last-Modified\u003E\u003CEtag\u003E0x8DBCB2A3AD9CF10\u003C/Etag\u003E\u003CContent-Length\u003E512\u003C/Content-Length\u003E\u003CContent-Type\u003Eapplication/octet-stream\u003C/Content-Type\u003E\u003CContent-Encoding /\u003E\u003CContent-Language /\u003E\u003CContent-CRC64 /\u003E\u003CContent-MD5 /\u003E\u003CCache-Control /\u003E\u003CContent-Disposition /\u003E\u003Cx-ms-blob-sequence-number\u003E0\u003C/x-ms-blob-sequence-number\u003E\u003CBlobType\u003EPageBlob\u003C/BlobType\u003E\u003CLeaseStatus\u003Eunlocked\u003C/LeaseStatus\u003E\u003CLeaseState\u003Eavailable\u003C/LeaseState\u003E\u003CServerEncrypted\u003Etrue\u003C/ServerEncrypted\u003E\u003C/Properties\u003E\u003COrMetadata /\u003E\u003C/Blob\u003E\u003C/Blobs\u003E\u003CNextMarker\u003E2!140!MDAwMDU5IXRlODQxZWVhYzRsaXN0YmxvYnNoaWVyb3B0aW9uc21heHJlc3VsdHNieXBhZ2VkNGY4NDU0MzZlMWExITAwMDAyOCE5OTk5LTEyLTMxVDIzOjU5OjU5Ljk5OTk5OTlaIQ--\u003C/NextMarker\u003E\u003C/EnumerationResults\u003E"
    },
    {
      "RequestUri": "https://REDACTED/e841eeac0listblobshieroptionsmaxresultsbypaged4f0628438363?restype=container\u0026comp=list\u0026delimiter=\u0026marker=2%21140%21MDAwMDU5IXRlODQxZWVhYzRsaXN0YmxvYnNoaWVyb3B0aW9uc21heHJlc3VsdHNieXBhZ2VkNGY4NDU0MzZlMWExITAwMDAyOCE5OTk5LTEyLTMxVDIzOjU5OjU5Ljk5OTk5OTlaIQ--\u0026maxresults=1\u0026include=copy%2Cuncommittedblobs",
      "RequestMethod": "GET",
      "RequestHeaders": {
        "Accept": "application/xml",
        "Authorization": "Sanitized",
        "Content-Length": "0",
        "Date": "Thu, 12 Oct 2023 13:50:44 GMT",
        "User-Agent": "azsdk-java-azure-storage-blob/12.25.0-beta.1 (17.0.8.1; Windows 11; 10.0)",
        "x-ms-client-request-id": "16e324a1-9f93-4727-9a83-5047bb0b190e",
        "x-ms-version": "2023-08-03"
      },
      "RequestBody": null,
      "StatusCode": 200,
      "ResponseHeaders": {
        "Access-Control-Allow-Origin": "*",
        "Access-Control-Expose-Headers": "x-ms-client-request-id",
        "Content-Type": "application/xml",
        "Date": "Thu, 12 Oct 2023 13:50:43 GMT",
        "Server": [
          "Windows-Azure-Blob/1.0",
          "Microsoft-HTTPAPI/2.0"
        ],
        "Transfer-Encoding": "chunked",
        "x-ms-client-request-id": "16e324a1-9f93-4727-9a83-5047bb0b190e",
        "x-ms-request-id": "b6cab939-101e-0027-2b13-fddd75000000",
        "x-ms-version": "2023-08-03"
      },
      "ResponseBody": "\uFEFF\u003C?xml version=\u00221.0\u0022 encoding=\u0022utf-8\u0022?\u003E\u003CEnumerationResults ServiceEndpoint=\u0022https://primt6eec3df887974152.blob.core.windows.net/\u0022 ContainerName=\u0022e841eeac0listblobshieroptionsmaxresultsbypaged4f0628438363\u0022\u003E\u003CMarker\u003E2!140!MDAwMDU5IXRlODQxZWVhYzRsaXN0YmxvYnNoaWVyb3B0aW9uc21heHJlc3VsdHNieXBhZ2VkNGY4NDU0MzZlMWExITAwMDAyOCE5OTk5LTEyLTMxVDIzOjU5OjU5Ljk5OTk5OTlaIQ--\u003C/Marker\u003E\u003CMaxResults\u003E1\u003C/MaxResults\u003E\u003CBlobs\u003E\u003CBlob\u003E\u003CName\u003Ete841eeac4listblobshieroptionsmaxresultsbypaged4f845436e1a1\u003C/Name\u003E\u003CProperties\u003E\u003CCreation-Time\u003EThu, 12 Oct 2023 13:50:43 GMT\u003C/Creation-Time\u003E\u003CLast-Modified\u003EThu, 12 Oct 2023 13:50:43 GMT\u003C/Last-Modified\u003E\u003CEtag\u003E0x8DBCB2A3ADDED2C\u003C/Etag\u003E\u003CContent-Length\u003E512\u003C/Content-Length\u003E\u003CContent-Type\u003Eapplication/octet-stream\u003C/Content-Type\u003E\u003CContent-Encoding /\u003E\u003CContent-Language /\u003E\u003CContent-CRC64 /\u003E\u003CContent-MD5 /\u003E\u003CCache-Control /\u003E\u003CContent-Disposition /\u003E\u003Cx-ms-blob-sequence-number\u003E0\u003C/x-ms-blob-sequence-number\u003E\u003CBlobType\u003EPageBlob\u003C/BlobType\u003E\u003CLeaseStatus\u003Eunlocked\u003C/LeaseStatus\u003E\u003CLeaseState\u003Eavailable\u003C/LeaseState\u003E\u003CServerEncrypted\u003Etrue\u003C/ServerEncrypted\u003E\u003CTagCount\u003E1\u003C/TagCount\u003E\u003C/Properties\u003E\u003COrMetadata /\u003E\u003C/Blob\u003E\u003C/Blobs\u003E\u003CNextMarker\u003E2!140!MDAwMDU5IXVlODQxZWVhYzVsaXN0YmxvYnNoaWVyb3B0aW9uc21heHJlc3VsdHNieXBhZ2VkNGY4NDgxNDg3YmQzITAwMDAyOCE5OTk5LTEyLTMxVDIzOjU5OjU5Ljk5OTk5OTlaIQ--\u003C/NextMarker\u003E\u003C/EnumerationResults\u003E"
    },
    {
      "RequestUri": "https://REDACTED/e841eeac0listblobshieroptionsmaxresultsbypaged4f0628438363?restype=container\u0026comp=list\u0026delimiter=\u0026marker=2%21140%21MDAwMDU5IXVlODQxZWVhYzVsaXN0YmxvYnNoaWVyb3B0aW9uc21heHJlc3VsdHNieXBhZ2VkNGY4NDgxNDg3YmQzITAwMDAyOCE5OTk5LTEyLTMxVDIzOjU5OjU5Ljk5OTk5OTlaIQ--\u0026maxresults=1\u0026include=copy%2Cuncommittedblobs",
      "RequestMethod": "GET",
      "RequestHeaders": {
        "Accept": "application/xml",
        "Authorization": "Sanitized",
        "Content-Length": "0",
        "Date": "Thu, 12 Oct 2023 13:50:44 GMT",
        "User-Agent": "azsdk-java-azure-storage-blob/12.25.0-beta.1 (17.0.8.1; Windows 11; 10.0)",
        "x-ms-client-request-id": "ca2c726f-d88f-4b9b-b5af-f70f5cfede7b",
        "x-ms-version": "2023-08-03"
      },
      "RequestBody": null,
      "StatusCode": 200,
      "ResponseHeaders": {
        "Access-Control-Allow-Origin": "*",
        "Access-Control-Expose-Headers": "x-ms-client-request-id",
        "Content-Type": "application/xml",
        "Date": "Thu, 12 Oct 2023 13:50:43 GMT",
        "Server": [
          "Windows-Azure-Blob/1.0",
          "Microsoft-HTTPAPI/2.0"
        ],
        "Transfer-Encoding": "chunked",
        "x-ms-client-request-id": "ca2c726f-d88f-4b9b-b5af-f70f5cfede7b",
        "x-ms-request-id": "b6cab94a-101e-0027-3a13-fddd75000000",
        "x-ms-version": "2023-08-03"
      },
      "ResponseBody": "\uFEFF\u003C?xml version=\u00221.0\u0022 encoding=\u0022utf-8\u0022?\u003E\u003CEnumerationResults ServiceEndpoint=\u0022https://primt6eec3df887974152.blob.core.windows.net/\u0022 ContainerName=\u0022e841eeac0listblobshieroptionsmaxresultsbypaged4f0628438363\u0022\u003E\u003CMarker\u003E2!140!MDAwMDU5IXVlODQxZWVhYzVsaXN0YmxvYnNoaWVyb3B0aW9uc21heHJlc3VsdHNieXBhZ2VkNGY4NDgxNDg3YmQzITAwMDAyOCE5OTk5LTEyLTMxVDIzOjU5OjU5Ljk5OTk5OTlaIQ--\u003C/Marker\u003E\u003CMaxResults\u003E1\u003C/MaxResults\u003E\u003CBlobs\u003E\u003CBlob\u003E\u003CName\u003Eue841eeac5listblobshieroptionsmaxresultsbypaged4f8481487bd3\u003C/Name\u003E\u003CProperties\u003E\u003CContent-Length\u003E0\u003C/Content-Length\u003E\u003CBlobType\u003EBlockBlob\u003C/BlobType\u003E\u003CAccessTier\u003EHot\u003C/AccessTier\u003E\u003CAccessTierInferred\u003Etrue\u003C/AccessTierInferred\u003E\u003CLeaseStatus\u003Eunlocked\u003C/LeaseStatus\u003E\u003CLeaseState\u003Eavailable\u003C/LeaseState\u003E\u003CServerEncrypted\u003Efalse\u003C/ServerEncrypted\u003E\u003C/Properties\u003E\u003COrMetadata /\u003E\u003C/Blob\u003E\u003C/Blobs\u003E\u003CNextMarker /\u003E\u003C/EnumerationResults\u003E"
    }
  ],
  "Variables": {
    "0": "e841eeac0listblobshieroptionsmaxresultsbypaged4f0628438363",
    "1": "e841eeac50367d8e",
    "2": "e841eeac18454400",
    "3": "e841eeac1listblobshieroptionsmaxresultsbypaged4f008073d47e",
    "4": "e841eeac2listblobshieroptionsmaxresultsbypaged4f9924246c8d",
    "5": "e841eeac3listblobshieroptionsmaxresultsbypaged4f85346c35c2",
    "6": "e841eeac4listblobshieroptionsmaxresultsbypaged4f845436e1a1",
    "7": "e841eeac5listblobshieroptionsmaxresultsbypaged4f8481487bd3",
    "8": "dd0df7fd-d56b-4d93-9416-77633314bbe4"
  }
}
