{
  "Entries": [
    {
      "RequestUri": "https://REDACTED/79dd356f0deleteifexistsmin6c600835d093cd50594d43?restype=container",
      "RequestMethod": "PUT",
      "RequestHeaders": {
        "Accept": "application/xml",
        "Authorization": "Sanitized",
        "Content-Length": "0",
        "Date": "Mon, 11 Dec 2023 19:12:36 GMT",
        "User-Agent": "azsdk-java-azure-storage-blob/12.26.0-beta.1 (17.0.8; Windows 11; 10.0)",
        "x-ms-client-request-id": "0d9e2ae5-ae82-43f9-af8a-6c99e42c9bdf",
        "x-ms-version": "2024-02-04"
      },
      "RequestBody": null,
      "StatusCode": 201,
      "ResponseHeaders": {
        "Content-Length": "0",
        "Date": "Mon, 11 Dec 2023 19:12:39 GMT",
        "ETag": "\u00220x8DBFA7D24E335AF\u0022",
        "Last-Modified": "Mon, 11 Dec 2023 19:12:39 GMT",
        "Server": [
          "Windows-Azure-Blob/1.0",
          "Microsoft-HTTPAPI/2.0"
        ],
        "x-ms-client-request-id": "0d9e2ae5-ae82-43f9-af8a-6c99e42c9bdf",
        "x-ms-request-id": "f3603ca8-701e-0054-2866-2cd831000000",
        "x-ms-version": "2024-02-04"
      },
      "ResponseBody": null
    },
    {
      "RequestUri": "https://REDACTED/79dd356f0deleteifexistsmin6c600835d093cd50594d43?restype=container",
      "RequestMethod": "PUT",
      "RequestHeaders": {
        "Accept": "application/xml",
        "Authorization": "Sanitized",
        "Content-Length": "0",
        "Date": "Mon, 11 Dec 2023 19:12:36 GMT",
        "User-Agent": "azsdk-java-azure-storage-blob/12.26.0-beta.1 (17.0.8; Windows 11; 10.0)",
        "x-ms-client-request-id": "c3d750f7-ce49-48d7-8ef5-dd39b8d61f9a",
        "x-ms-version": "2024-02-04"
      },
      "RequestBody": null,
      "StatusCode": 409,
      "ResponseHeaders": {
        "Content-Length": "230",
        "Content-Type": "application/xml",
        "Date": "Mon, 11 Dec 2023 19:12:39 GMT",
        "Server": [
          "Windows-Azure-Blob/1.0",
          "Microsoft-HTTPAPI/2.0"
        ],
        "x-ms-client-request-id": "c3d750f7-ce49-48d7-8ef5-dd39b8d61f9a",
        "x-ms-error-code": "ContainerAlreadyExists",
        "x-ms-request-id": "f3603d01-701e-0054-7666-2cd831000000",
        "x-ms-version": "2024-02-04"
      },
      "ResponseBody": [
        "\uFEFF\u003C?xml version=\u00221.0\u0022 encoding=\u0022utf-8\u0022?\u003E\u003CError\u003E\u003CCode\u003EContainerAlreadyExists\u003C/Code\u003E\u003CMessage\u003EThe specified container already exists.\n",
        "RequestId:f3603d01-701e-0054-7666-2cd831000000\n",
        "Time:2023-12-11T19:12:40.0682821Z\u003C/Message\u003E\u003C/Error\u003E"
      ]
    },
    {
      "RequestUri": "https://REDACTED/79dd356f0deleteifexistsmin6c600835d093cd50594d43?restype=container",
      "RequestMethod": "DELETE",
      "RequestHeaders": {
        "Accept": "application/xml",
        "Authorization": "Sanitized",
        "Content-Length": "0",
        "Date": "Mon, 11 Dec 2023 19:12:36 GMT",
        "User-Agent": "azsdk-java-azure-storage-blob/12.26.0-beta.1 (17.0.8; Windows 11; 10.0)",
        "x-ms-client-request-id": "ec8896d0-cc3f-42fb-88bc-4866fe6bb50e",
        "x-ms-version": "2024-02-04"
      },
      "RequestBody": null,
      "StatusCode": 202,
      "ResponseHeaders": {
        "Content-Length": "0",
        "Date": "Mon, 11 Dec 2023 19:12:39 GMT",
        "Server": [
          "Windows-Azure-Blob/1.0",
          "Microsoft-HTTPAPI/2.0"
        ],
        "x-ms-client-request-id": "ec8896d0-cc3f-42fb-88bc-4866fe6bb50e",
        "x-ms-request-id": "3de1951a-f01e-0028-5266-2cf6ce000000",
        "x-ms-version": "2024-02-04"
      },
      "ResponseBody": null
    },
    {
      "RequestUri": "https://REDACTED/79dd356f0deleteifexistsmin6c600835d093cd50594d43?restype=container",
      "RequestMethod": "GET",
      "RequestHeaders": {
        "Accept": "application/xml",
        "Authorization": "Sanitized",
        "Content-Length": "0",
        "Date": "Mon, 11 Dec 2023 19:12:36 GMT",
        "User-Agent": "azsdk-java-azure-storage-blob/12.26.0-beta.1 (17.0.8; Windows 11; 10.0)",
        "x-ms-client-request-id": "ed07c272-9a06-46d3-b98d-6f39ee8656e6",
        "x-ms-version": "2024-02-04"
      },
      "RequestBody": null,
      "StatusCode": 404,
      "ResponseHeaders": {
        "Access-Control-Allow-Origin": "*",
        "Access-Control-Expose-Headers": "x-ms-client-request-id",
        "Content-Length": "225",
        "Content-Type": "application/xml",
        "Date": "Mon, 11 Dec 2023 19:12:39 GMT",
        "Server": [
          "Windows-Azure-Blob/1.0",
          "Microsoft-HTTPAPI/2.0"
        ],
        "x-ms-client-request-id": "ed07c272-9a06-46d3-b98d-6f39ee8656e6",
        "x-ms-error-code": "ContainerNotFound",
        "x-ms-request-id": "3de19596-f01e-0028-4466-2cf6ce000000",
        "x-ms-version": "2024-02-04"
      },
      "ResponseBody": [
        "\uFEFF\u003C?xml version=\u00221.0\u0022 encoding=\u0022utf-8\u0022?\u003E\u003CError\u003E\u003CCode\u003EContainerNotFound\u003C/Code\u003E\u003CMessage\u003EThe specified container does not exist.\n",
        "RequestId:3de19596-f01e-0028-4466-2cf6ce000000\n",
        "Time:2023-12-11T19:12:40.2406328Z\u003C/Message\u003E\u003C/Error\u003E"
      ]
    }
  ],
  "Variables": {
    "0": "79dd356f0deleteifexistsmin6c600835d093cd50594d43",
    "1": "79dd356f6497479e",
    "2": "79dd356f14116abc"
  }
}
