{
  "Entries": [
    {
      "RequestUri": "https://REDACTED/d28f10050listpageblobsflat6591490469799994989b42?restype=container",
      "RequestMethod": "PUT",
      "RequestHeaders": {
        "Accept": "application/xml",
        "Authorization": "Sanitized",
        "Content-Length": "0",
        "Date": "Thu, 28 Sep 2023 22:46:14 GMT",
        "User-Agent": "azsdk-java-azure-storage-blob/12.25.0-beta.1 (11.0.16.1; Windows 11; 10.0)",
        "x-ms-client-request-id": "994143ef-0239-4b94-9e8b-8bd32feba0c1",
        "x-ms-version": "2023-08-03"
      },
      "RequestBody": null,
      "StatusCode": 201,
      "ResponseHeaders": {
        "Content-Length": "0",
        "Date": "Thu, 28 Sep 2023 22:46:14 GMT",
        "ETag": "\u00220x8DBC074B844BE33\u0022",
        "Last-Modified": "Thu, 28 Sep 2023 22:46:14 GMT",
        "Server": [
          "Windows-Azure-Blob/1.0",
          "Microsoft-HTTPAPI/2.0"
        ],
        "x-ms-client-request-id": "994143ef-0239-4b94-9e8b-8bd32feba0c1",
        "x-ms-request-id": "a3927ba9-c01e-00a7-495d-f27940000000",
        "x-ms-version": "2023-08-03"
      },
      "ResponseBody": null
    },
    {
      "RequestUri": "https://REDACTED/d28f10050listpageblobsflat6591490469799994989b42?restype=container",
      "RequestMethod": "PUT",
      "RequestHeaders": {
        "Accept": "application/xml",
        "Authorization": "Sanitized",
        "Content-Length": "0",
        "Date": "Thu, 28 Sep 2023 22:46:14 GMT",
        "User-Agent": "azsdk-java-azure-storage-blob/12.25.0-beta.1 (11.0.16.1; Windows 11; 10.0)",
        "x-ms-client-request-id": "adfdefa7-e5b4-40ab-aee6-873595a5b53e",
        "x-ms-version": "2023-08-03"
      },
      "RequestBody": null,
      "StatusCode": 201,
      "ResponseHeaders": {
        "Content-Length": "0",
        "Date": "Thu, 28 Sep 2023 22:46:13 GMT",
        "ETag": "\u00220x8DBC074B8841992\u0022",
        "Last-Modified": "Thu, 28 Sep 2023 22:46:14 GMT",
        "Server": [
          "Windows-Azure-Blob/1.0",
          "Microsoft-HTTPAPI/2.0"
        ],
        "x-ms-client-request-id": "adfdefa7-e5b4-40ab-aee6-873595a5b53e",
        "x-ms-request-id": "cd96e098-d01c-00ca-635d-f2e7a6000000",
        "x-ms-version": "2023-08-03"
      },
      "ResponseBody": null
    },
    {
      "RequestUri": "https://REDACTED/d28f10050listpageblobsflat6591490469799994989b42/d28f10051listpageblobsflat65976540bfe5d9c3883442",
      "RequestMethod": "PUT",
      "RequestHeaders": {
        "Accept": "application/xml",
        "Authorization": "Sanitized",
        "Content-Length": "0",
        "Date": "Thu, 28 Sep 2023 22:46:14 GMT",
        "If-None-Match": "*",
        "User-Agent": "azsdk-java-azure-storage-blob/12.25.0-beta.1 (11.0.16.1; Windows 11; 10.0)",
        "x-ms-blob-content-length": "512",
        "x-ms-blob-type": "PageBlob",
        "x-ms-client-request-id": "b0687ed0-9cca-41f4-8e40-a8bdf0b9c87a",
        "x-ms-version": "2023-08-03"
      },
      "RequestBody": null,
      "StatusCode": 201,
      "ResponseHeaders": {
        "Content-Length": "0",
        "Date": "Thu, 28 Sep 2023 22:46:13 GMT",
        "ETag": "\u00220x8DBC074B88ED829\u0022",
        "Last-Modified": "Thu, 28 Sep 2023 22:46:14 GMT",
        "Server": [
          "Windows-Azure-Blob/1.0",
          "Microsoft-HTTPAPI/2.0"
        ],
        "x-ms-client-request-id": "b0687ed0-9cca-41f4-8e40-a8bdf0b9c87a",
        "x-ms-request-id": "cd96e0ac-d01c-00ca-775d-f2e7a6000000",
        "x-ms-request-server-encrypted": "true",
        "x-ms-version": "2023-08-03"
      },
      "ResponseBody": null
    },
    {
      "RequestUri": "https://REDACTED/d28f10050listpageblobsflat6591490469799994989b42?restype=container\u0026comp=list\u0026prefix=d28f1005",
      "RequestMethod": "GET",
      "RequestHeaders": {
        "Accept": "application/xml",
        "Authorization": "Sanitized",
        "Content-Length": "0",
        "Date": "Thu, 28 Sep 2023 22:46:14 GMT",
        "User-Agent": "azsdk-java-azure-storage-blob/12.25.0-beta.1 (11.0.16.1; Windows 11; 10.0)",
        "x-ms-client-request-id": "9af05b3c-1b6c-442e-bc8a-63213c912389",
        "x-ms-version": "2023-08-03"
      },
      "RequestBody": null,
      "StatusCode": 200,
      "ResponseHeaders": {
        "Content-Type": "application/xml",
        "Date": "Thu, 28 Sep 2023 22:46:13 GMT",
        "Server": [
          "Windows-Azure-Blob/1.0",
          "Microsoft-HTTPAPI/2.0"
        ],
        "Transfer-Encoding": "chunked",
        "x-ms-client-request-id": "9af05b3c-1b6c-442e-bc8a-63213c912389",
        "x-ms-request-id": "cd96e0ca-d01c-00ca-155d-f2e7a6000000",
        "x-ms-version": "2023-08-03"
      },
      "ResponseBody": [
        "\uFEFF\u003C?xml version=\u00221.0\u0022 encoding=\u0022utf-8\u0022?\u003E\n",
        "\u003CEnumerationResults ServiceEndpoint=\u0022https://gapradevpremium.blob.core.windows.net/\u0022 ContainerName=\u0022d28f10050listpageblobsflat6591490469799994989b42\u0022\u003E\u003CPrefix\u003Ed28f1005\u003C/Prefix\u003E\u003CBlobs\u003E\u003CBlob\u003E\u003CName\u003Ed28f10051listpageblobsflat65976540bfe5d9c3883442\u003C/Name\u003E\u003CProperties\u003E\u003CCreation-Time\u003EThu, 28 Sep 2023 22:46:14 GMT\u003C/Creation-Time\u003E\u003CLast-Modified\u003EThu, 28 Sep 2023 22:46:14 GMT\u003C/Last-Modified\u003E\u003CEtag\u003E0x8DBC074B88ED829\u003C/Etag\u003E\u003CContent-Length\u003E512\u003C/Content-Length\u003E\u003CContent-Type\u003Eapplication/octet-stream\u003C/Content-Type\u003E\u003CContent-Encoding/\u003E\u003CContent-Language/\u003E\u003CContent-MD5/\u003E\u003CCache-Control/\u003E\u003CContent-Disposition/\u003E\u003Cx-ms-blob-sequence-number\u003E0\u003C/x-ms-blob-sequence-number\u003E\u003CBlobType\u003EPageBlob\u003C/BlobType\u003E\u003CAccessTier\u003EP10\u003C/AccessTier\u003E\u003CAccessTierInferred\u003Etrue\u003C/AccessTierInferred\u003E\u003CLeaseStatus\u003Eunlocked\u003C/LeaseStatus\u003E\u003CLeaseState\u003Eavailable\u003C/LeaseState\u003E\u003CServerEncrypted\u003Etrue\u003C/ServerEncrypted\u003E\u003C/Properties\u003E\u003C/Blob\u003E\u003C/Blobs\u003E\u003CNextMarker/\u003E\u003C/EnumerationResults\u003E"
      ]
    },
    {
      "RequestUri": "https://REDACTED/d28f10050listpageblobsflat6591490469799994989b42?restype=container",
      "RequestMethod": "DELETE",
      "RequestHeaders": {
        "Accept": "application/xml",
        "Authorization": "Sanitized",
        "Content-Length": "0",
        "Date": "Thu, 28 Sep 2023 22:46:14 GMT",
        "User-Agent": "azsdk-java-azure-storage-blob/12.25.0-beta.1 (11.0.16.1; Windows 11; 10.0)",
        "x-ms-client-request-id": "9f12639f-6eb6-4143-9c4c-6a0a07f1d809",
        "x-ms-version": "2023-08-03"
      },
      "RequestBody": null,
      "StatusCode": 202,
      "ResponseHeaders": {
        "Content-Length": "0",
        "Date": "Thu, 28 Sep 2023 22:46:14 GMT",
        "Server": [
          "Windows-Azure-Blob/1.0",
          "Microsoft-HTTPAPI/2.0"
        ],
        "x-ms-client-request-id": "9f12639f-6eb6-4143-9c4c-6a0a07f1d809",
        "x-ms-request-id": "cd96e0ee-d01c-00ca-395d-f2e7a6000000",
        "x-ms-version": "2023-08-03"
      },
      "ResponseBody": null
    }
  ],
  "Variables": {
    "0": "d28f10050listpageblobsflat6591490469799994989b42",
    "1": "d28f100508117308",
    "2": "d28f100515180bcb",
    "3": "d28f10051listpageblobsflat65976540bfe5d9c3883442"
  }
}
