{
  "Entries": [
    {
      "RequestUri": "https://REDACTED/7c893fcd0setmetadataac8066802380bebeb6942b4667?restype=container",
      "RequestMethod": "PUT",
      "RequestHeaders": {
        "Accept": "application/xml",
        "Authorization": "Sanitized",
        "Content-Length": "0",
        "Date": "Mon, 11 Dec 2023 19:09:51 GMT",
        "User-Agent": "azsdk-java-azure-storage-blob/12.26.0-beta.1 (17.0.8; Windows 11; 10.0)",
        "x-ms-client-request-id": "6a13cc37-928c-45f0-9644-a8241700461e",
        "x-ms-version": "2024-02-04"
      },
      "RequestBody": null,
      "StatusCode": 201,
      "ResponseHeaders": {
        "Content-Length": "0",
        "Date": "Mon, 11 Dec 2023 19:09:55 GMT",
        "ETag": "\u00220x8DBFA7CC2E93A36\u0022",
        "Last-Modified": "Mon, 11 Dec 2023 19:09:55 GMT",
        "Server": [
          "Windows-Azure-Blob/1.0",
          "Microsoft-HTTPAPI/2.0"
        ],
        "x-ms-client-request-id": "6a13cc37-928c-45f0-9644-a8241700461e",
        "x-ms-request-id": "dd0b5819-801e-0022-6565-2c5279000000",
        "x-ms-version": "2024-02-04"
      },
      "ResponseBody": null
    },
    {
      "RequestUri": "https://REDACTED/7c893fcd0setmetadataac8066802380bebeb6942b4667?restype=container",
      "RequestMethod": "PUT",
      "RequestHeaders": {
        "Accept": "application/xml",
        "Authorization": "Sanitized",
        "Content-Length": "0",
        "Date": "Mon, 11 Dec 2023 19:09:51 GMT",
        "User-Agent": "azsdk-java-azure-storage-blob/12.26.0-beta.1 (17.0.8; Windows 11; 10.0)",
        "x-ms-client-request-id": "031c941a-6aa1-4099-80a9-62261586b944",
        "x-ms-version": "2024-02-04"
      },
      "RequestBody": null,
      "StatusCode": 409,
      "ResponseHeaders": {
        "Content-Length": "230",
        "Content-Type": "application/xml",
        "Date": "Mon, 11 Dec 2023 19:09:55 GMT",
        "Server": [
          "Windows-Azure-Blob/1.0",
          "Microsoft-HTTPAPI/2.0"
        ],
        "x-ms-client-request-id": "031c941a-6aa1-4099-80a9-62261586b944",
        "x-ms-error-code": "ContainerAlreadyExists",
        "x-ms-request-id": "dd0b58b8-801e-0022-7765-2c5279000000",
        "x-ms-version": "2024-02-04"
      },
      "ResponseBody": [
        "\uFEFF\u003C?xml version=\u00221.0\u0022 encoding=\u0022utf-8\u0022?\u003E\u003CError\u003E\u003CCode\u003EContainerAlreadyExists\u003C/Code\u003E\u003CMessage\u003EThe specified container already exists.\n",
        "RequestId:dd0b58b8-801e-0022-7765-2c5279000000\n",
        "Time:2023-12-11T19:09:55.6910018Z\u003C/Message\u003E\u003C/Error\u003E"
      ]
    },
    {
      "RequestUri": "https://REDACTED/7c893fcd0setmetadataac8066802380bebeb6942b4667?restype=container\u0026comp=metadata",
      "RequestMethod": "PUT",
      "RequestHeaders": {
        "Accept": "application/xml",
        "Authorization": "Sanitized",
        "Content-Length": "0",
        "Date": "Mon, 11 Dec 2023 19:09:52 GMT",
        "If-Modified-Since": "Sun, 10 Dec 2023 19:09:04 GMT",
        "User-Agent": "azsdk-java-azure-storage-blob/12.26.0-beta.1 (17.0.8; Windows 11; 10.0)",
        "x-ms-client-request-id": "f01ffba0-a8c2-4b54-9dcb-6405d217dd16",
        "x-ms-version": "2024-02-04"
      },
      "RequestBody": null,
      "StatusCode": 200,
      "ResponseHeaders": {
        "Content-Length": "0",
        "Date": "Mon, 11 Dec 2023 19:09:55 GMT",
        "ETag": "\u00220x8DBFA7CC306BB18\u0022",
        "Last-Modified": "Mon, 11 Dec 2023 19:09:55 GMT",
        "Server": [
          "Windows-Azure-Blob/1.0",
          "Microsoft-HTTPAPI/2.0"
        ],
        "x-ms-client-request-id": "f01ffba0-a8c2-4b54-9dcb-6405d217dd16",
        "x-ms-request-id": "dd0b594e-801e-0022-0365-2c5279000000",
        "x-ms-version": "2024-02-04"
      },
      "ResponseBody": null
    }
  ],
  "Variables": {
    "0": "7c893fcd0setmetadataac8066802380bebeb6942b4667",
    "1": "7c893fcd13046bcc",
    "2": "7c893fcd5151345e"
  }
}
