{
  "Entries": [
    {
      "RequestUri": "https://REDACTED/3ad0563f0createurlspecialcharsencoded79832133da8f329a1?restype=container",
      "RequestMethod": "PUT",
      "RequestHeaders": {
        "Accept": "application/xml",
        "Authorization": "Sanitized",
        "Content-Length": "0",
        "Date": "Wed, 22 Nov 2023 08:14:45 GMT",
        "User-Agent": "azsdk-java-azure-storage-blob/12.26.0-beta.1 (11.0.16.1; Windows 11; 10.0)",
        "x-ms-client-request-id": "4612fa03-2022-476e-bfc5-9d9c5f5d064f",
        "x-ms-version": "2024-02-04"
      },
      "RequestBody": null,
      "StatusCode": 201,
      "ResponseHeaders": {
        "Content-Length": "0",
        "Date": "Wed, 22 Nov 2023 08:14:45 GMT",
        "ETag": "\u00220x8DBEB3316953FF2\u0022",
        "Last-Modified": "Wed, 22 Nov 2023 08:14:45 GMT",
        "Server": [
          "Windows-Azure-Blob/1.0",
          "Microsoft-HTTPAPI/2.0"
        ],
        "x-ms-client-request-id": "4612fa03-2022-476e-bfc5-9d9c5f5d064f",
        "x-ms-request-id": "2d446bd2-c01e-0008-681b-1d08f7000000",
        "x-ms-version": "2024-02-04"
      },
      "ResponseBody": null
    },
    {
      "RequestUri": "https://REDACTED/3ad0563f0createurlspecialcharsencoded79832133da8f329a1/hello%2520world",
      "RequestMethod": "PUT",
      "RequestHeaders": {
        "Accept": "application/xml",
        "Authorization": "Sanitized",
        "Content-Length": "0",
        "Date": "Wed, 22 Nov 2023 08:14:45 GMT",
        "User-Agent": "azsdk-java-azure-storage-blob/12.26.0-beta.1 (11.0.16.1; Windows 11; 10.0)",
        "x-ms-blob-type": "AppendBlob",
        "x-ms-client-request-id": "e14003c8-a25c-4b8b-a0f6-d636a1ed52a6",
        "x-ms-version": "2024-02-04"
      },
      "RequestBody": null,
      "StatusCode": 201,
      "ResponseHeaders": {
        "Content-Length": "0",
        "Date": "Wed, 22 Nov 2023 08:14:45 GMT",
        "ETag": "\u00220x8DBEB3316B2688F\u0022",
        "Last-Modified": "Wed, 22 Nov 2023 08:14:45 GMT",
        "Server": [
          "Windows-Azure-Blob/1.0",
          "Microsoft-HTTPAPI/2.0"
        ],
        "x-ms-client-request-id": "e14003c8-a25c-4b8b-a0f6-d636a1ed52a6",
        "x-ms-request-id": "26df7e46-d01e-0066-1b1b-1d5dd8000000",
        "x-ms-request-server-encrypted": "true",
        "x-ms-version": "2024-02-04"
      },
      "ResponseBody": null
    },
    {
      "RequestUri": "https://REDACTED/3ad0563f0createurlspecialcharsencoded79832133da8f329a1/hello%2520world",
      "RequestMethod": "HEAD",
      "RequestHeaders": {
        "Accept": "application/xml",
        "Authorization": "Sanitized",
        "Content-Length": "0",
        "Date": "Wed, 22 Nov 2023 08:14:46 GMT",
        "User-Agent": "azsdk-java-azure-storage-blob/12.26.0-beta.1 (11.0.16.1; Windows 11; 10.0)",
        "x-ms-client-request-id": "2313f8c0-45e2-4436-aada-bed6aa0505f9",
        "x-ms-version": "2024-02-04"
      },
      "RequestBody": null,
      "StatusCode": 200,
      "ResponseHeaders": {
        "Accept-Ranges": "bytes",
        "Content-Length": "0",
        "Content-Type": "application/octet-stream",
        "Date": "Wed, 22 Nov 2023 08:14:45 GMT",
        "ETag": "\u00220x8DBEB3316B2688F\u0022",
        "Last-Modified": "Wed, 22 Nov 2023 08:14:45 GMT",
        "Server": [
          "Windows-Azure-Blob/1.0",
          "Microsoft-HTTPAPI/2.0"
        ],
        "x-ms-blob-committed-block-count": "0",
        "x-ms-blob-type": "AppendBlob",
        "x-ms-client-request-id": "2313f8c0-45e2-4436-aada-bed6aa0505f9",
        "x-ms-creation-time": "Wed, 22 Nov 2023 08:14:45 GMT",
        "x-ms-lease-state": "available",
        "x-ms-lease-status": "unlocked",
        "x-ms-request-id": "2d446ccb-c01e-0008-491b-1d08f7000000",
        "x-ms-server-encrypted": "true",
        "x-ms-version": "2024-02-04"
      },
      "ResponseBody": null
    },
    {
      "RequestUri": "https://REDACTED/3ad0563f0createurlspecialcharsencoded79832133da8f329a1/hello%2520world2",
      "RequestMethod": "PUT",
      "RequestHeaders": {
        "Accept": "application/xml",
        "Authorization": "Sanitized",
        "Content-Length": "0",
        "Date": "Wed, 22 Nov 2023 08:14:46 GMT",
        "User-Agent": "azsdk-java-azure-storage-blob/12.26.0-beta.1 (11.0.16.1; Windows 11; 10.0)",
        "x-ms-blob-content-length": "512",
        "x-ms-blob-type": "PageBlob",
        "x-ms-client-request-id": "db4a8b12-02c6-4f41-a55b-61433e940023",
        "x-ms-version": "2024-02-04"
      },
      "RequestBody": null,
      "StatusCode": 201,
      "ResponseHeaders": {
        "Content-Length": "0",
        "Date": "Wed, 22 Nov 2023 08:14:45 GMT",
        "ETag": "\u00220x8DBEB3316C79B25\u0022",
        "Last-Modified": "Wed, 22 Nov 2023 08:14:46 GMT",
        "Server": [
          "Windows-Azure-Blob/1.0",
          "Microsoft-HTTPAPI/2.0"
        ],
        "x-ms-client-request-id": "db4a8b12-02c6-4f41-a55b-61433e940023",
        "x-ms-request-id": "26df7e8c-d01e-0066-5e1b-1d5dd8000000",
        "x-ms-request-server-encrypted": "true",
        "x-ms-version": "2024-02-04"
      },
      "ResponseBody": null
    },
    {
      "RequestUri": "https://REDACTED/3ad0563f0createurlspecialcharsencoded79832133da8f329a1/hello%2520world3",
      "RequestMethod": "PUT",
      "RequestHeaders": {
        "Accept": "application/xml",
        "Authorization": "Sanitized",
        "Content-Length": "7",
        "Content-Type": "application/octet-stream",
        "Date": "Wed, 22 Nov 2023 08:14:46 GMT",
        "User-Agent": "azsdk-java-azure-storage-blob/12.26.0-beta.1 (11.0.16.1; Windows 11; 10.0)",
        "x-ms-blob-type": "BlockBlob",
        "x-ms-client-request-id": "6f68a220-5b99-4e4e-be04-e86773e6c235",
        "x-ms-version": "2024-02-04"
      },
      "RequestBody": "ZGVmYXVsdA==",
      "StatusCode": 201,
      "ResponseHeaders": {
        "Content-Length": "0",
        "Content-MD5": "wh\u002BWm18D0z1D4E\u002BPE252gg==",
        "Date": "Wed, 22 Nov 2023 08:14:45 GMT",
        "ETag": "\u00220x8DBEB3316D924CF\u0022",
        "Last-Modified": "Wed, 22 Nov 2023 08:14:46 GMT",
        "Server": [
          "Windows-Azure-Blob/1.0",
          "Microsoft-HTTPAPI/2.0"
        ],
        "x-ms-client-request-id": "6f68a220-5b99-4e4e-be04-e86773e6c235",
        "x-ms-content-crc64": "6RYQPwaVsyQ=",
        "x-ms-request-id": "c4f51fbb-101e-0034-241b-1d2130000000",
        "x-ms-request-server-encrypted": "true",
        "x-ms-version": "2024-02-04"
      },
      "ResponseBody": null
    },
    {
      "RequestUri": "https://REDACTED/3ad0563f0createurlspecialcharsencoded79832133da8f329a1?restype=container\u0026comp=list",
      "RequestMethod": "GET",
      "RequestHeaders": {
        "Accept": "application/xml",
        "Authorization": "Sanitized",
        "Content-Length": "0",
        "Date": "Wed, 22 Nov 2023 08:14:46 GMT",
        "User-Agent": "azsdk-java-azure-storage-blob/12.26.0-beta.1 (11.0.16.1; Windows 11; 10.0)",
        "x-ms-client-request-id": "e2101457-1d8e-4102-9a31-e05a5bb4820c",
        "x-ms-version": "2024-02-04"
      },
      "RequestBody": null,
      "StatusCode": 200,
      "ResponseHeaders": {
        "Content-Type": "application/xml",
        "Date": "Wed, 22 Nov 2023 08:14:46 GMT",
        "Server": [
          "Windows-Azure-Blob/1.0",
          "Microsoft-HTTPAPI/2.0"
        ],
        "Transfer-Encoding": "chunked",
        "x-ms-client-request-id": "e2101457-1d8e-4102-9a31-e05a5bb4820c",
        "x-ms-request-id": "0bdd8371-301e-0033-461b-1d4d53000000",
        "x-ms-version": "2024-02-04"
      },
      "ResponseBody": "\uFEFF\u003C?xml version=\u00221.0\u0022 encoding=\u0022utf-8\u0022?\u003E\u003CEnumerationResults ServiceEndpoint=\u0022https://xclientdev3.blob.core.windows.net/\u0022 ContainerName=\u00223ad0563f0createurlspecialcharsencoded79832133da8f329a1\u0022\u003E\u003CBlobs\u003E\u003CBlob\u003E\u003CName\u003Ehello%20world\u003C/Name\u003E\u003CProperties\u003E\u003CCreation-Time\u003EWed, 22 Nov 2023 08:14:45 GMT\u003C/Creation-Time\u003E\u003CLast-Modified\u003EWed, 22 Nov 2023 08:14:45 GMT\u003C/Last-Modified\u003E\u003CEtag\u003E0x8DBEB3316B2688F\u003C/Etag\u003E\u003CContent-Length\u003E0\u003C/Content-Length\u003E\u003CContent-Type\u003Eapplication/octet-stream\u003C/Content-Type\u003E\u003CContent-Encoding /\u003E\u003CContent-Language /\u003E\u003CContent-CRC64 /\u003E\u003CContent-MD5 /\u003E\u003CCache-Control /\u003E\u003CContent-Disposition /\u003E\u003CBlobType\u003EAppendBlob\u003C/BlobType\u003E\u003CLeaseStatus\u003Eunlocked\u003C/LeaseStatus\u003E\u003CLeaseState\u003Eavailable\u003C/LeaseState\u003E\u003CServerEncrypted\u003Etrue\u003C/ServerEncrypted\u003E\u003C/Properties\u003E\u003COrMetadata /\u003E\u003C/Blob\u003E\u003CBlob\u003E\u003CName\u003Ehello%20world2\u003C/Name\u003E\u003CProperties\u003E\u003CCreation-Time\u003EWed, 22 Nov 2023 08:14:46 GMT\u003C/Creation-Time\u003E\u003CLast-Modified\u003EWed, 22 Nov 2023 08:14:46 GMT\u003C/Last-Modified\u003E\u003CEtag\u003E0x8DBEB3316C79B25\u003C/Etag\u003E\u003CContent-Length\u003E512\u003C/Content-Length\u003E\u003CContent-Type\u003Eapplication/octet-stream\u003C/Content-Type\u003E\u003CContent-Encoding /\u003E\u003CContent-Language /\u003E\u003CContent-CRC64 /\u003E\u003CContent-MD5 /\u003E\u003CCache-Control /\u003E\u003CContent-Disposition /\u003E\u003Cx-ms-blob-sequence-number\u003E0\u003C/x-ms-blob-sequence-number\u003E\u003CBlobType\u003EPageBlob\u003C/BlobType\u003E\u003CLeaseStatus\u003Eunlocked\u003C/LeaseStatus\u003E\u003CLeaseState\u003Eavailable\u003C/LeaseState\u003E\u003CServerEncrypted\u003Etrue\u003C/ServerEncrypted\u003E\u003C/Properties\u003E\u003COrMetadata /\u003E\u003C/Blob\u003E\u003CBlob\u003E\u003CName\u003Ehello%20world3\u003C/Name\u003E\u003CProperties\u003E\u003CCreation-Time\u003EWed, 22 Nov 2023 08:14:46 GMT\u003C/Creation-Time\u003E\u003CLast-Modified\u003EWed, 22 Nov 2023 08:14:46 GMT\u003C/Last-Modified\u003E\u003CEtag\u003E0x8DBEB3316D924CF\u003C/Etag\u003E\u003CContent-Length\u003E7\u003C/Content-Length\u003E\u003CContent-Type\u003Eapplication/octet-stream\u003C/Content-Type\u003E\u003CContent-Encoding /\u003E\u003CContent-Language /\u003E\u003CContent-CRC64 /\u003E\u003CContent-MD5\u003Ewh\u002BWm18D0z1D4E\u002BPE252gg==\u003C/Content-MD5\u003E\u003CCache-Control /\u003E\u003CContent-Disposition /\u003E\u003CBlobType\u003EBlockBlob\u003C/BlobType\u003E\u003CAccessTier\u003EHot\u003C/AccessTier\u003E\u003CAccessTierInferred\u003Etrue\u003C/AccessTierInferred\u003E\u003CLeaseStatus\u003Eunlocked\u003C/LeaseStatus\u003E\u003CLeaseState\u003Eavailable\u003C/LeaseState\u003E\u003CServerEncrypted\u003Etrue\u003C/ServerEncrypted\u003E\u003C/Properties\u003E\u003COrMetadata /\u003E\u003C/Blob\u003E\u003C/Blobs\u003E\u003CNextMarker /\u003E\u003C/EnumerationResults\u003E"
    }
  ],
  "Variables": {
    "0": "3ad0563f0createurlspecialcharsencoded79832133da8f329a1",
    "1": "3ad0563f8397619a",
    "2": "3ad0563f762898f5"
  }
}
