{
  "Entries": [
    {
      "RequestUri": "https://REDACTED/d367657f0createifnotexistsmetadataifnotexists5b9382360c9f1?restype=container",
      "RequestMethod": "PUT",
      "RequestHeaders": {
        "Accept": "application/xml",
        "Authorization": "Sanitized",
        "Content-Length": "0",
        "Date": "Wed, 13 Dec 2023 21:46:59 GMT",
        "User-Agent": "azsdk-java-azure-storage-blob/12.26.0-beta.1 (17.0.8; Windows 11; 10.0)",
        "x-ms-client-request-id": "d79f40f6-3403-44ad-9107-75b083a4ef6b",
        "x-ms-version": "2024-02-04"
      },
      "RequestBody": null,
      "StatusCode": 201,
      "ResponseHeaders": {
        "Content-Length": "0",
        "Date": "Wed, 13 Dec 2023 21:46:59 GMT",
        "ETag": "\u00220x8DBFC2509253C62\u0022",
        "Last-Modified": "Wed, 13 Dec 2023 21:47:00 GMT",
        "Server": [
          "Windows-Azure-Blob/1.0",
          "Microsoft-HTTPAPI/2.0"
        ],
        "x-ms-client-request-id": "d79f40f6-3403-44ad-9107-75b083a4ef6b",
        "x-ms-request-id": "090e4c9c-501e-0043-640d-2e713a000000",
        "x-ms-version": "2024-02-04"
      },
      "ResponseBody": null
    },
    {
      "RequestUri": "https://REDACTED/d367657f0createifnotexistsmetadataifnotexists5b9382360c9f1?restype=container",
      "RequestMethod": "PUT",
      "RequestHeaders": {
        "Accept": "application/xml",
        "Authorization": "Sanitized",
        "Content-Length": "0",
        "Date": "Wed, 13 Dec 2023 21:47:00 GMT",
        "User-Agent": "azsdk-java-azure-storage-blob/12.26.0-beta.1 (17.0.8; Windows 11; 10.0)",
        "x-ms-client-request-id": "da0d0400-1248-4385-a3a9-3b29b899a926",
        "x-ms-version": "2024-02-04"
      },
      "RequestBody": null,
      "StatusCode": 409,
      "ResponseHeaders": {
        "Content-Length": "230",
        "Content-Type": "application/xml",
        "Date": "Wed, 13 Dec 2023 21:47:00 GMT",
        "Server": [
          "Windows-Azure-Blob/1.0",
          "Microsoft-HTTPAPI/2.0"
        ],
        "x-ms-client-request-id": "da0d0400-1248-4385-a3a9-3b29b899a926",
        "x-ms-error-code": "ContainerAlreadyExists",
        "x-ms-request-id": "090e4f3b-501e-0043-490d-2e713a000000",
        "x-ms-version": "2024-02-04"
      },
      "ResponseBody": [
        "\uFEFF\u003C?xml version=\u00221.0\u0022 encoding=\u0022utf-8\u0022?\u003E\u003CError\u003E\u003CCode\u003EContainerAlreadyExists\u003C/Code\u003E\u003CMessage\u003EThe specified container already exists.\n",
        "RequestId:090e4f3b-501e-0043-490d-2e713a000000\n",
        "Time:2023-12-13T21:47:00.4079861Z\u003C/Message\u003E\u003C/Error\u003E"
      ]
    },
    {
      "RequestUri": "https://REDACTED/d367657f1createifnotexistsmetadataifnotexists5b9326678e580?restype=container",
      "RequestMethod": "PUT",
      "RequestHeaders": {
        "Accept": "application/xml",
        "Authorization": "Sanitized",
        "Content-Length": "0",
        "Date": "Wed, 13 Dec 2023 21:47:00 GMT",
        "User-Agent": "azsdk-java-azure-storage-blob/12.26.0-beta.1 (17.0.8; Windows 11; 10.0)",
        "x-ms-client-request-id": "5c4cddc2-bb09-49d4-b124-05c72b3713c2",
        "x-ms-meta-fizz": "buzz",
        "x-ms-meta-foo": "bar",
        "x-ms-version": "2024-02-04"
      },
      "RequestBody": null,
      "StatusCode": 201,
      "ResponseHeaders": {
        "Content-Length": "0",
        "Date": "Wed, 13 Dec 2023 21:47:00 GMT",
        "ETag": "\u00220x8DBFC25096A2AB2\u0022",
        "Last-Modified": "Wed, 13 Dec 2023 21:47:00 GMT",
        "Server": [
          "Windows-Azure-Blob/1.0",
          "Microsoft-HTTPAPI/2.0"
        ],
        "x-ms-client-request-id": "5c4cddc2-bb09-49d4-b124-05c72b3713c2",
        "x-ms-request-id": "090e4fcc-501e-0043-570d-2e713a000000",
        "x-ms-version": "2024-02-04"
      },
      "ResponseBody": null
    },
    {
      "RequestUri": "https://REDACTED/d367657f1createifnotexistsmetadataifnotexists5b9326678e580?restype=container",
      "RequestMethod": "GET",
      "RequestHeaders": {
        "Accept": "application/xml",
        "Authorization": "Sanitized",
        "Content-Length": "0",
        "Date": "Wed, 13 Dec 2023 21:47:00 GMT",
        "User-Agent": "azsdk-java-azure-storage-blob/12.26.0-beta.1 (17.0.8; Windows 11; 10.0)",
        "x-ms-client-request-id": "e5bbdd4a-6387-455b-8c8e-3862247dd9b7",
        "x-ms-version": "2024-02-04"
      },
      "RequestBody": null,
      "StatusCode": 200,
      "ResponseHeaders": {
        "Access-Control-Allow-Origin": "*",
        "Access-Control-Expose-Headers": "x-ms-client-request-id",
        "Content-Length": "0",
        "Date": "Wed, 13 Dec 2023 21:47:00 GMT",
        "ETag": "\u00220x8DBFC25096A2AB2\u0022",
        "Last-Modified": "Wed, 13 Dec 2023 21:47:00 GMT",
        "Server": [
          "Windows-Azure-Blob/1.0",
          "Microsoft-HTTPAPI/2.0"
        ],
        "x-ms-client-request-id": "e5bbdd4a-6387-455b-8c8e-3862247dd9b7",
        "x-ms-default-encryption-scope": "$account-encryption-key",
        "x-ms-deny-encryption-scope-override": "false",
        "x-ms-has-immutability-policy": "false",
        "x-ms-has-legal-hold": "false",
        "x-ms-immutable-storage-with-versioning-enabled": "false",
        "x-ms-lease-state": "available",
        "x-ms-lease-status": "unlocked",
        "x-ms-meta-fizz": "buzz",
        "x-ms-meta-foo": "bar",
        "x-ms-request-id": "090e5058-501e-0043-590d-2e713a000000",
        "x-ms-version": "2024-02-04"
      },
      "ResponseBody": null
    }
  ],
  "Variables": {
    "0": "d367657f0createifnotexistsmetadataifnotexists5b9382360c9f1",
    "1": "d367657f87003f4b",
    "2": "d367657f37507a01",
    "3": "d367657f1createifnotexistsmetadataifnotexists5b9326678e580"
  }
}
