{
  "Entries": [
    {
      "RequestUri": "https://REDACTED/6a6df2ba0putpagewithcpk7e6727106dc71b20e92a4d5a?restype=container",
      "RequestMethod": "PUT",
      "RequestHeaders": {
        "Accept": "application/xml",
        "Authorization": "Sanitized",
        "Content-Length": "0",
        "Date": "Mon, 08 Jan 2024 19:42:16 GMT",
        "User-Agent": "azsdk-java-azure-storage-blob/12.26.0-beta.1 (17.0.8; Windows 11; 10.0)",
        "x-ms-client-request-id": "8db3f43e-5a41-4a9f-ba8e-5d3ae4a51d6d",
        "x-ms-version": "2024-02-04"
      },
      "RequestBody": null,
      "StatusCode": 201,
      "ResponseHeaders": {
        "Content-Length": "0",
        "Date": "Mon, 08 Jan 2024 19:42:26 GMT",
        "ETag": "\u00220x8DC1081F198BF5D\u0022",
        "Last-Modified": "Mon, 08 Jan 2024 19:42:26 GMT",
        "Server": [
          "Windows-Azure-Blob/1.0",
          "Microsoft-HTTPAPI/2.0"
        ],
        "x-ms-client-request-id": "8db3f43e-5a41-4a9f-ba8e-5d3ae4a51d6d",
        "x-ms-request-id": "4ca7bf45-501e-000e-5b6a-42bed6000000",
        "x-ms-version": "2024-02-04"
      },
      "ResponseBody": null
    },
    {
      "RequestUri": "https://REDACTED/6a6df2ba0putpagewithcpk7e6727106dc71b20e92a4d5a?restype=container",
      "RequestMethod": "PUT",
      "RequestHeaders": {
        "Accept": "application/xml",
        "Authorization": "Sanitized",
        "Content-Length": "0",
        "Date": "Mon, 08 Jan 2024 19:42:16 GMT",
        "User-Agent": "azsdk-java-azure-storage-blob/12.26.0-beta.1 (17.0.8; Windows 11; 10.0)",
        "x-ms-client-request-id": "a55e929b-50d3-45ad-9598-73188ee43d3c",
        "x-ms-version": "2024-02-04"
      },
      "RequestBody": null,
      "StatusCode": 409,
      "ResponseHeaders": {
        "Content-Length": "230",
        "Content-Type": "application/xml",
        "Date": "Mon, 08 Jan 2024 19:42:26 GMT",
        "Server": [
          "Windows-Azure-Blob/1.0",
          "Microsoft-HTTPAPI/2.0"
        ],
        "x-ms-client-request-id": "a55e929b-50d3-45ad-9598-73188ee43d3c",
        "x-ms-error-code": "ContainerAlreadyExists",
        "x-ms-request-id": "4ca7bfc8-501e-000e-3f6a-42bed6000000",
        "x-ms-version": "2024-02-04"
      },
      "ResponseBody": [
        "\uFEFF\u003C?xml version=\u00221.0\u0022 encoding=\u0022utf-8\u0022?\u003E\u003CError\u003E\u003CCode\u003EContainerAlreadyExists\u003C/Code\u003E\u003CMessage\u003EThe specified container already exists.\n",
        "RequestId:4ca7bfc8-501e-000e-3f6a-42bed6000000\n",
        "Time:2024-01-08T19:42:27.0922345Z\u003C/Message\u003E\u003C/Error\u003E"
      ]
    },
    {
      "RequestUri": "https://REDACTED/6a6df2ba0putpagewithcpk7e6727106dc71b20e92a4d5a/6a6df2ba4putpagewithcpk7e60940656b5d37de30b4440",
      "RequestMethod": "PUT",
      "RequestHeaders": {
        "Accept": "application/xml",
        "Authorization": "Sanitized",
        "Content-Length": "7",
        "Content-Type": "application/octet-stream",
        "Date": "Mon, 08 Jan 2024 19:42:16 GMT",
        "If-None-Match": "*",
        "User-Agent": "azsdk-java-azure-storage-blob/12.26.0-beta.1 (17.0.8; Windows 11; 10.0)",
        "x-ms-blob-type": "BlockBlob",
        "x-ms-client-request-id": "f143db8e-b2fd-4416-9a0c-bb01fec714f3",
        "x-ms-encryption-algorithm": "AES256",
        "x-ms-encryption-key": "REDACTED",
        "x-ms-encryption-key-sha256": "JKPBQ0MrAYb2YZiX82BhH\u002BfaAFN0vo\u002BobeSaLy9dkgM=",
        "x-ms-version": "2024-02-04"
      },
      "RequestBody": "ZGVmYXVsdA==",
      "StatusCode": 201,
      "ResponseHeaders": {
        "Content-Length": "0",
        "Content-MD5": "wh\u002BWm18D0z1D4E\u002BPE252gg==",
        "Date": "Mon, 08 Jan 2024 19:42:26 GMT",
        "ETag": "\u00220x8DC1081F1B87E0D\u0022",
        "Last-Modified": "Mon, 08 Jan 2024 19:42:27 GMT",
        "Server": [
          "Windows-Azure-Blob/1.0",
          "Microsoft-HTTPAPI/2.0"
        ],
        "x-ms-client-request-id": "f143db8e-b2fd-4416-9a0c-bb01fec714f3",
        "x-ms-content-crc64": "6RYQPwaVsyQ=",
        "x-ms-encryption-key-sha256": "JKPBQ0MrAYb2YZiX82BhH\u002BfaAFN0vo\u002BobeSaLy9dkgM=",
        "x-ms-request-id": "4ca7c034-501e-000e-206a-42bed6000000",
        "x-ms-request-server-encrypted": "true",
        "x-ms-version": "2024-02-04"
      },
      "ResponseBody": null
    },
    {
      "RequestUri": "https://REDACTED/6a6df2ba0putpagewithcpk7e6727106dc71b20e92a4d5a/6a6df2ba2putpagewithcpk7e696764dbe0072a54aa42b2",
      "RequestMethod": "PUT",
      "RequestHeaders": {
        "Accept": "application/xml",
        "Authorization": "Sanitized",
        "Content-Length": "0",
        "Date": "Mon, 08 Jan 2024 19:42:16 GMT",
        "If-None-Match": "*",
        "User-Agent": "azsdk-java-azure-storage-blob/12.26.0-beta.1 (17.0.8; Windows 11; 10.0)",
        "x-ms-blob-content-length": "512",
        "x-ms-blob-type": "PageBlob",
        "x-ms-client-request-id": "10885ba1-c9ae-4042-93bb-3ff1069cc906",
        "x-ms-encryption-algorithm": "AES256",
        "x-ms-encryption-key": "REDACTED",
        "x-ms-encryption-key-sha256": "JKPBQ0MrAYb2YZiX82BhH\u002BfaAFN0vo\u002BobeSaLy9dkgM=",
        "x-ms-version": "2024-02-04"
      },
      "RequestBody": null,
      "StatusCode": 201,
      "ResponseHeaders": {
        "Content-Length": "0",
        "Date": "Mon, 08 Jan 2024 19:42:26 GMT",
        "ETag": "\u00220x8DC1081F1CA55B8\u0022",
        "Last-Modified": "Mon, 08 Jan 2024 19:42:27 GMT",
        "Server": [
          "Windows-Azure-Blob/1.0",
          "Microsoft-HTTPAPI/2.0"
        ],
        "x-ms-client-request-id": "10885ba1-c9ae-4042-93bb-3ff1069cc906",
        "x-ms-encryption-key-sha256": "JKPBQ0MrAYb2YZiX82BhH\u002BfaAFN0vo\u002BobeSaLy9dkgM=",
        "x-ms-request-id": "7a54b2e5-d01e-0062-156a-425541000000",
        "x-ms-request-server-encrypted": "true",
        "x-ms-version": "2024-02-04"
      },
      "ResponseBody": null
    },
    {
      "RequestUri": "https://REDACTED/6a6df2ba0putpagewithcpk7e6727106dc71b20e92a4d5a/6a6df2ba2putpagewithcpk7e696764dbe0072a54aa42b2?comp=page",
      "RequestMethod": "PUT",
      "RequestHeaders": {
        "Accept": "application/xml",
        "Authorization": "Sanitized",
        "Content-Length": "512",
        "Content-Type": "application/octet-stream",
        "Date": "Mon, 08 Jan 2024 19:42:16 GMT",
        "User-Agent": "azsdk-java-azure-storage-blob/12.26.0-beta.1 (17.0.8; Windows 11; 10.0)",
        "x-ms-client-request-id": "c961fb85-4642-4432-9052-8aa3a7e05c17",
        "x-ms-encryption-algorithm": "AES256",
        "x-ms-encryption-key": "REDACTED",
        "x-ms-encryption-key-sha256": "JKPBQ0MrAYb2YZiX82BhH\u002BfaAFN0vo\u002BobeSaLy9dkgM=",
        "x-ms-page-write": "update",
        "x-ms-range": "bytes=0-511",
        "x-ms-version": "2024-02-04"
      },
      "RequestBody": "VSXN8ko/jARFYYKKgLRGtyTY3k5SyodOtVIgRklWF51Pizs/1iOPxsBzzRLIkXvGmwcYiVGBPqmdUhds0rY1ck1MbTPKbFwRB\u002BWewp0TyiUE7mymEZ0ILS\u002B1B46nUKg7wg7cyUiOye/0aXhl1yY0dEtDnbqlnryDUR6f5\u002BHTIN2y\u002BWJ7dbMkthY8X7Pu8OSbMDUJUmOqz1TazXWye49CfDezrhv5GosaL3y8ioDAOd3GzZLiZyxlVReqgrDV6Xlj/q4\u002BG4OD/tm3ZPd/0Y3ICvWp1acRjf5XShoWHDRpGv7KzNGxQ6gLfVdMM/JGC4Zi\u002Bv8ugYL1vAkmsWV5P0wFuvBGWDVuzROXcHjbl\u002BlFbRLi9U/9JCRnF1Wn8nyDsloh2vDEir5ci2uSv\u002BZg6dVKIRJIVLwfUaXI8iVVmfFU94yFxVcv75G/PAX8/J8Wn40mwj\u002BXtuQiJbwPYTbOW87AZgLGO9JDN/WnQ07opmkhP/Z9\u002BcDDprKXUzCCgwH6cwIR\u002BCeS1/9x8lp7L/xlelmFKKL7xfLcoLuKzmIjg\u002Bu9XC4g1ERn7J5FHxBUXCkIMVAu5hzT4ME55WjWFrlarT8JNMg0OtvXPtuvGF5NQnV/FHfQul9C1Km2\u002BCdHPaakMHXmUVTEeRHztA3eX/lFR5q2BTxA4D5YQvq1GFx4n5qEdJ4=",
      "StatusCode": 201,
      "ResponseHeaders": {
        "Content-Length": "0",
        "Date": "Mon, 08 Jan 2024 19:42:26 GMT",
        "ETag": "\u00220x8DC1081F1DAA6F8\u0022",
        "Last-Modified": "Mon, 08 Jan 2024 19:42:27 GMT",
        "Server": [
          "Windows-Azure-Blob/1.0",
          "Microsoft-HTTPAPI/2.0"
        ],
        "x-ms-blob-sequence-number": "0",
        "x-ms-client-request-id": "c961fb85-4642-4432-9052-8aa3a7e05c17",
        "x-ms-content-crc64": "Vykaug7fK94=",
        "x-ms-encryption-key-sha256": "JKPBQ0MrAYb2YZiX82BhH\u002BfaAFN0vo\u002BobeSaLy9dkgM=",
        "x-ms-request-id": "7a54b349-d01e-0062-6d6a-425541000000",
        "x-ms-request-server-encrypted": "true",
        "x-ms-version": "2024-02-04"
      },
      "ResponseBody": null
    }
  ],
  "Variables": {
    "0": "6a6df2ba0putpagewithcpk7e6727106dc71b20e92a4d5a",
    "1": "733e5308-b500-4b5c-a0ee-04397073e098",
    "2": "6a6df2ba1putpagewithcpk7e6632031703d57c46ee4344",
    "3": "6a6df2ba2putpagewithcpk7e696764dbe0072a54aa42b2",
    "4": "6a6df2ba3putpagewithcpk7e6510276c89cdbc67824be0",
    "5": "6a6df2ba4putpagewithcpk7e60940656b5d37de30b4440",
    "6": "3f0e82ff-ebbb-4257-a62b-1d9a043e70af"
  }
}
