{
  "Entries": [
    {
      "RequestUri": "https://REDACTED/064af9900containerlistblobsflat1e378831c48ab7ad3a89?restype=container",
      "RequestMethod": "PUT",
      "RequestHeaders": {
        "Accept": "application/xml",
        "Authorization": "Sanitized",
        "Content-Length": "0",
        "Date": "Mon, 08 Jan 2024 19:42:29 GMT",
        "User-Agent": "azsdk-java-azure-storage-blob/12.26.0-beta.1 (17.0.8; Windows 11; 10.0)",
        "x-ms-client-request-id": "13a99ecd-2c59-485e-ba21-6e0786348672",
        "x-ms-version": "2024-02-04"
      },
      "RequestBody": null,
      "StatusCode": 201,
      "ResponseHeaders": {
        "Content-Length": "0",
        "Date": "Mon, 08 Jan 2024 19:42:40 GMT",
        "ETag": "\u00220x8DC1081F9D5E2BE\u0022",
        "Last-Modified": "Mon, 08 Jan 2024 19:42:40 GMT",
        "Server": [
          "Windows-Azure-Blob/1.0",
          "Microsoft-HTTPAPI/2.0"
        ],
        "x-ms-client-request-id": "13a99ecd-2c59-485e-ba21-6e0786348672",
        "x-ms-request-id": "f4a28c59-b01e-0006-6f6a-42a4d9000000",
        "x-ms-version": "2024-02-04"
      },
      "ResponseBody": null
    },
    {
      "RequestUri": "https://REDACTED/064af9900containerlistblobsflat1e378831c48ab7ad3a89?restype=container",
      "RequestMethod": "PUT",
      "RequestHeaders": {
        "Accept": "application/xml",
        "Authorization": "Sanitized",
        "Content-Length": "0",
        "Date": "Mon, 08 Jan 2024 19:42:30 GMT",
        "User-Agent": "azsdk-java-azure-storage-blob/12.26.0-beta.1 (17.0.8; Windows 11; 10.0)",
        "x-ms-client-request-id": "13e1ee41-65d5-4f01-9057-b402b419557c",
        "x-ms-version": "2024-02-04"
      },
      "RequestBody": null,
      "StatusCode": 409,
      "ResponseHeaders": {
        "Content-Length": "230",
        "Content-Type": "application/xml",
        "Date": "Mon, 08 Jan 2024 19:42:40 GMT",
        "Server": [
          "Windows-Azure-Blob/1.0",
          "Microsoft-HTTPAPI/2.0"
        ],
        "x-ms-client-request-id": "13e1ee41-65d5-4f01-9057-b402b419557c",
        "x-ms-error-code": "ContainerAlreadyExists",
        "x-ms-request-id": "f4a28cd0-b01e-0006-446a-42a4d9000000",
        "x-ms-version": "2024-02-04"
      },
      "ResponseBody": [
        "\uFEFF\u003C?xml version=\u00221.0\u0022 encoding=\u0022utf-8\u0022?\u003E\u003CError\u003E\u003CCode\u003EContainerAlreadyExists\u003C/Code\u003E\u003CMessage\u003EThe specified container already exists.\n",
        "RequestId:f4a28cd0-b01e-0006-446a-42a4d9000000\n",
        "Time:2024-01-08T19:42:40.9366693Z\u003C/Message\u003E\u003C/Error\u003E"
      ]
    },
    {
      "RequestUri": "https://REDACTED/064af9904containerlistblobsflat1e317660dadb0779314d?restype=container",
      "RequestMethod": "PUT",
      "RequestHeaders": {
        "Accept": "application/xml",
        "Authorization": "Sanitized",
        "Content-Length": "0",
        "Date": "Mon, 08 Jan 2024 19:42:30 GMT",
        "User-Agent": "azsdk-java-azure-storage-blob/12.26.0-beta.1 (17.0.8; Windows 11; 10.0)",
        "x-ms-client-request-id": "d4c0671d-0581-4f58-99e9-04a3f4e0853a",
        "x-ms-default-encryption-scope": "testscope2",
        "x-ms-deny-encryption-scope-override": "true",
        "x-ms-version": "2024-02-04"
      },
      "RequestBody": null,
      "StatusCode": 201,
      "ResponseHeaders": {
        "Content-Length": "0",
        "Date": "Mon, 08 Jan 2024 19:42:40 GMT",
        "ETag": "\u00220x8DC1081F9F8A7D9\u0022",
        "Last-Modified": "Mon, 08 Jan 2024 19:42:41 GMT",
        "Server": [
          "Windows-Azure-Blob/1.0",
          "Microsoft-HTTPAPI/2.0"
        ],
        "x-ms-client-request-id": "d4c0671d-0581-4f58-99e9-04a3f4e0853a",
        "x-ms-request-id": "f4a28d45-b01e-0006-1a6a-42a4d9000000",
        "x-ms-version": "2024-02-04"
      },
      "ResponseBody": null
    },
    {
      "RequestUri": "https://REDACTED/064af9904containerlistblobsflat1e317660dadb0779314d/064af9905containerlistblobsflat1e376010157384d2bf62",
      "RequestMethod": "PUT",
      "RequestHeaders": {
        "Accept": "application/xml",
        "Authorization": "Sanitized",
        "Content-Length": "0",
        "Date": "Mon, 08 Jan 2024 19:42:30 GMT",
        "If-None-Match": "*",
        "User-Agent": "azsdk-java-azure-storage-blob/12.26.0-beta.1 (17.0.8; Windows 11; 10.0)",
        "x-ms-blob-type": "AppendBlob",
        "x-ms-client-request-id": "174f4504-fb59-4447-b439-9db3e32a9d5e",
        "x-ms-version": "2024-02-04"
      },
      "RequestBody": null,
      "StatusCode": 201,
      "ResponseHeaders": {
        "Content-Length": "0",
        "Date": "Mon, 08 Jan 2024 19:42:40 GMT",
        "ETag": "\u00220x8DC1081FA0A9A20\u0022",
        "Last-Modified": "Mon, 08 Jan 2024 19:42:41 GMT",
        "Server": [
          "Windows-Azure-Blob/1.0",
          "Microsoft-HTTPAPI/2.0"
        ],
        "x-ms-client-request-id": "174f4504-fb59-4447-b439-9db3e32a9d5e",
        "x-ms-encryption-scope": "testscope2",
        "x-ms-request-id": "f4a28dc7-b01e-0006-796a-42a4d9000000",
        "x-ms-request-server-encrypted": "true",
        "x-ms-version": "2024-02-04"
      },
      "ResponseBody": null
    },
    {
      "RequestUri": "https://REDACTED/064af9904containerlistblobsflat1e317660dadb0779314d?restype=container\u0026comp=list",
      "RequestMethod": "GET",
      "RequestHeaders": {
        "Accept": "application/xml",
        "Authorization": "Sanitized",
        "Content-Length": "0",
        "Date": "Mon, 08 Jan 2024 19:42:30 GMT",
        "User-Agent": "azsdk-java-azure-storage-blob/12.26.0-beta.1 (17.0.8; Windows 11; 10.0)",
        "x-ms-client-request-id": "aef37293-c80b-4a68-8234-511f93b84665",
        "x-ms-version": "2024-02-04"
      },
      "RequestBody": null,
      "StatusCode": 200,
      "ResponseHeaders": {
        "Content-Type": "application/xml",
        "Date": "Mon, 08 Jan 2024 19:42:40 GMT",
        "Server": [
          "Windows-Azure-Blob/1.0",
          "Microsoft-HTTPAPI/2.0"
        ],
        "Transfer-Encoding": "chunked",
        "x-ms-client-request-id": "aef37293-c80b-4a68-8234-511f93b84665",
        "x-ms-request-id": "7a550d1d-d01e-0062-5a6a-425541000000",
        "x-ms-version": "2024-02-04"
      },
      "ResponseBody": "\uFEFF\u003C?xml version=\u00221.0\u0022 encoding=\u0022utf-8\u0022?\u003E\u003CEnumerationResults ServiceEndpoint=\u0022https://ibrandesstorage.blob.core.windows.net/\u0022 ContainerName=\u0022064af9904containerlistblobsflat1e317660dadb0779314d\u0022\u003E\u003CBlobs\u003E\u003CBlob\u003E\u003CName\u003E064af9905containerlistblobsflat1e376010157384d2bf62\u003C/Name\u003E\u003CProperties\u003E\u003CCreation-Time\u003EMon, 08 Jan 2024 19:42:41 GMT\u003C/Creation-Time\u003E\u003CLast-Modified\u003EMon, 08 Jan 2024 19:42:41 GMT\u003C/Last-Modified\u003E\u003CEtag\u003E0x8DC1081FA0A9A20\u003C/Etag\u003E\u003CContent-Length\u003E0\u003C/Content-Length\u003E\u003CContent-Type\u003Eapplication/octet-stream\u003C/Content-Type\u003E\u003CContent-Encoding /\u003E\u003CContent-Language /\u003E\u003CContent-CRC64 /\u003E\u003CContent-MD5 /\u003E\u003CCache-Control /\u003E\u003CContent-Disposition /\u003E\u003CBlobType\u003EAppendBlob\u003C/BlobType\u003E\u003CLeaseStatus\u003Eunlocked\u003C/LeaseStatus\u003E\u003CLeaseState\u003Eavailable\u003C/LeaseState\u003E\u003CServerEncrypted\u003Etrue\u003C/ServerEncrypted\u003E\u003CEncryptionScope\u003Etestscope2\u003C/EncryptionScope\u003E\u003C/Properties\u003E\u003COrMetadata /\u003E\u003C/Blob\u003E\u003C/Blobs\u003E\u003CNextMarker /\u003E\u003C/EnumerationResults\u003E"
    }
  ],
  "Variables": {
    "0": "064af9900containerlistblobsflat1e378831c48ab7ad3a89",
    "1": "064af9901containerlistblobsflat1e319177093b90677065",
    "2": "064af9902containerlistblobsflat1e390978f1c8e39462c5",
    "3": "064af9903containerlistblobsflat1e346564648c4137bf14",
    "4": "064af9904containerlistblobsflat1e317660dadb0779314d",
    "5": "064af9905containerlistblobsflat1e376010157384d2bf62"
  }
}
