{
  "Entries": [
    {
      "RequestUri": "https://REDACTED/0c99f4ae0containerlistblobshierarchical72f520935f3a0534?restype=container",
      "RequestMethod": "PUT",
      "RequestHeaders": {
        "Accept": "application/xml",
        "Authorization": "Sanitized",
        "Content-Length": "0",
        "Date": "Tue, 26 Nov 2024 20:10:48 GMT",
        "User-Agent": "azsdk-java-azure-storage-blob/12.30.0-beta.1 (21.0.2; Windows 11; 10.0)",
        "x-ms-client-request-id": "Sanitized",
        "x-ms-version": "2025-01-05"
      },
      "RequestBody": null,
      "StatusCode": 201,
      "ResponseHeaders": {
        "Content-Length": "0",
        "Date": "Tue, 26 Nov 2024 20:10:47 GMT",
        "ETag": "\"0x8DD0E566B13E417\"",
        "Last-Modified": "Tue, 26 Nov 2024 20:10:48 GMT",
        "Server": [
          "Windows-Azure-Blob/1.0",
          "Microsoft-HTTPAPI/2.0"
        ],
        "x-ms-client-request-id": "Sanitized",
        "x-ms-request-id": "Sanitized",
        "x-ms-version": "2025-01-05"
      },
      "ResponseBody": null
    },
    {
      "RequestUri": "https://REDACTED/0c99f4ae0containerlistblobshierarchical72f520935f3a0534?restype=container",
      "RequestMethod": "PUT",
      "RequestHeaders": {
        "Accept": "application/xml",
        "Authorization": "Sanitized",
        "Content-Length": "0",
        "Date": "Tue, 26 Nov 2024 20:10:48 GMT",
        "User-Agent": "azsdk-java-azure-storage-blob/12.30.0-beta.1 (21.0.2; Windows 11; 10.0)",
        "x-ms-client-request-id": "Sanitized",
        "x-ms-version": "2025-01-05"
      },
      "RequestBody": null,
      "StatusCode": 409,
      "ResponseHeaders": {
        "Content-Length": "230",
        "Content-Type": "application/xml",
        "Date": "Tue, 26 Nov 2024 20:10:48 GMT",
        "Server": [
          "Windows-Azure-Blob/1.0",
          "Microsoft-HTTPAPI/2.0"
        ],
        "x-ms-client-request-id": "Sanitized",
        "x-ms-error-code": "ContainerAlreadyExists",
        "x-ms-request-id": "Sanitized",
        "x-ms-version": "2025-01-05"
      },
      "ResponseBody": [
        "\uFEFF<?xml version=\"1.0\" encoding=\"utf-8\"?><Error><Code>ContainerAlreadyExists</Code><Message>The specified container already exists.\n",
        "RequestId:638fb95e-a01e-004a-6b3f-405215000000\n",
        "Time:2024-11-26T20:10:48.3693907Z</Message></Error>"
      ]
    },
    {
      "RequestUri": "https://REDACTED/0c99f4ae4containerlistblobshierarchical72f22647e0a584ef?restype=container",
      "RequestMethod": "PUT",
      "RequestHeaders": {
        "Accept": "application/xml",
        "Authorization": "Sanitized",
        "Content-Length": "0",
        "Date": "Tue, 26 Nov 2024 20:10:48 GMT",
        "User-Agent": "azsdk-java-azure-storage-blob/12.30.0-beta.1 (21.0.2; Windows 11; 10.0)",
        "x-ms-client-request-id": "Sanitized",
        "x-ms-default-encryption-scope": "testscope2",
        "x-ms-deny-encryption-scope-override": "true",
        "x-ms-version": "2025-01-05"
      },
      "RequestBody": null,
      "StatusCode": 201,
      "ResponseHeaders": {
        "Content-Length": "0",
        "Date": "Tue, 26 Nov 2024 20:10:48 GMT",
        "ETag": "\"0x8DD0E566B2DB554\"",
        "Last-Modified": "Tue, 26 Nov 2024 20:10:48 GMT",
        "Server": [
          "Windows-Azure-Blob/1.0",
          "Microsoft-HTTPAPI/2.0"
        ],
        "x-ms-client-request-id": "Sanitized",
        "x-ms-request-id": "Sanitized",
        "x-ms-version": "2025-01-05"
      },
      "ResponseBody": null
    },
    {
      "RequestUri": "https://REDACTED/0c99f4ae4containerlistblobshierarchical72f22647e0a584ef/0c99f4ae5containerlistblobshierarchical72f8268452a4d47b",
      "RequestMethod": "PUT",
      "RequestHeaders": {
        "Accept": "application/xml",
        "Authorization": "Sanitized",
        "Content-Length": "0",
        "Date": "Tue, 26 Nov 2024 20:10:48 GMT",
        "If-None-Match": "*",
        "User-Agent": "azsdk-java-azure-storage-blob/12.30.0-beta.1 (21.0.2; Windows 11; 10.0)",
        "x-ms-blob-type": "AppendBlob",
        "x-ms-client-request-id": "Sanitized",
        "x-ms-version": "2025-01-05"
      },
      "RequestBody": null,
      "StatusCode": 201,
      "ResponseHeaders": {
        "Content-Length": "0",
        "Date": "Tue, 26 Nov 2024 20:10:48 GMT",
        "ETag": "\"0x8DD0E566B3B735E\"",
        "Last-Modified": "Tue, 26 Nov 2024 20:10:48 GMT",
        "Server": [
          "Windows-Azure-Blob/1.0",
          "Microsoft-HTTPAPI/2.0"
        ],
        "x-ms-client-request-id": "Sanitized",
        "x-ms-encryption-scope": "testscope2",
        "x-ms-request-id": "Sanitized",
        "x-ms-request-server-encrypted": "true",
        "x-ms-version": "2025-01-05"
      },
      "ResponseBody": null
    },
    {
      "RequestUri": "https://REDACTED/0c99f4ae4containerlistblobshierarchical72f22647e0a584ef?restype=container&comp=list&prefix=&delimiter=/",
      "RequestMethod": "GET",
      "RequestHeaders": {
        "Accept": "application/xml",
        "Authorization": "Sanitized",
        "Content-Length": "0",
        "Date": "Tue, 26 Nov 2024 20:10:48 GMT",
        "User-Agent": "azsdk-java-azure-storage-blob/12.30.0-beta.1 (21.0.2; Windows 11; 10.0)",
        "x-ms-client-request-id": "Sanitized",
        "x-ms-version": "2025-01-05"
      },
      "RequestBody": null,
      "StatusCode": 200,
      "ResponseHeaders": {
        "Content-Type": "application/xml",
        "Date": "Tue, 26 Nov 2024 20:10:48 GMT",
        "Server": [
          "Windows-Azure-Blob/1.0",
          "Microsoft-HTTPAPI/2.0"
        ],
        "Transfer-Encoding": "chunked",
        "x-ms-client-request-id": "Sanitized",
        "x-ms-request-id": "Sanitized",
        "x-ms-version": "2025-01-05"
      },
      "ResponseBody": "\uFEFF<?xml version=\"1.0\" encoding=\"utf-8\"?><EnumerationResults ServiceEndpoint=\"https://primt4f420216ef7557fe.blob.core.windows.net/\" ContainerName=\"0c99f4ae4containerlistblobshierarchical72f22647e0a584ef\"><Delimiter>/</Delimiter><Blobs><Blob><Name>0c99f4ae5containerlistblobshierarchical72f8268452a4d47b</Name><Properties><Creation-Time>Tue, 26 Nov 2024 20:10:48 GMT</Creation-Time><Last-Modified>Tue, 26 Nov 2024 20:10:48 GMT</Last-Modified><Etag>0x8DD0E566B3B735E</Etag><Content-Length>0</Content-Length><Content-Type>application/octet-stream</Content-Type><Content-Encoding /><Content-Language /><Content-CRC64 /><Content-MD5 /><Cache-Control /><Content-Disposition /><BlobType>AppendBlob</BlobType><LeaseStatus>unlocked</LeaseStatus><LeaseState>available</LeaseState><ServerEncrypted>true</ServerEncrypted><EncryptionScope>testscope2</EncryptionScope></Properties><OrMetadata /></Blob></Blobs><NextMarker /></EnumerationResults>"
    }
  ],
  "Variables": {
    "0": "0c99f4ae0containerlistblobshierarchical72f520935f3a0534",
    "1": "0c99f4ae1containerlistblobshierarchical72f67670ff49d6a5",
    "2": "0c99f4ae2containerlistblobshierarchical72f12113a8b209d4",
    "3": "0c99f4ae3containerlistblobshierarchical72f61679c5a87a12",
    "4": "0c99f4ae4containerlistblobshierarchical72f22647e0a584ef",
    "5": "0c99f4ae5containerlistblobshierarchical72f8268452a4d47b"
  }
}
