{
  "Entries": [
    {
      "RequestUri": "https://REDACTED/1414ad5e0appendblobappendblockfromurlf5240958257079330?restype=container",
      "RequestMethod": "PUT",
      "RequestHeaders": {
        "Accept": "application/xml",
        "Authorization": "Sanitized",
        "Content-Length": "0",
        "Date": "Thu, 12 Oct 2023 17:26:09 GMT",
        "User-Agent": "azsdk-java-azure-storage-blob/12.25.0-beta.1 (17.0.8.1; Windows 11; 10.0)",
        "x-ms-client-request-id": "494085c5-c089-40e9-a105-d8450ded5a6b",
        "x-ms-version": "2023-08-03"
      },
      "RequestBody": null,
      "StatusCode": 201,
      "ResponseHeaders": {
        "Content-Length": "0",
        "Date": "Thu, 12 Oct 2023 17:26:08 GMT",
        "ETag": "\u00220x8DBCB4852E69165\u0022",
        "Last-Modified": "Thu, 12 Oct 2023 17:26:09 GMT",
        "Server": [
          "Windows-Azure-Blob/1.0",
          "Microsoft-HTTPAPI/2.0"
        ],
        "x-ms-client-request-id": "494085c5-c089-40e9-a105-d8450ded5a6b",
        "x-ms-request-id": "ab1d29c7-a01e-0032-6b31-fdcac6000000",
        "x-ms-version": "2023-08-03"
      },
      "ResponseBody": null
    },
    {
      "RequestUri": "https://REDACTED/1414ad5e0appendblobappendblockfromurlf5240958257079330/1414ad5e3appendblobappendblockfromurlf5205372444c2dcc4",
      "RequestMethod": "PUT",
      "RequestHeaders": {
        "Accept": "application/xml",
        "Authorization": "Sanitized",
        "Content-Length": "0",
        "Date": "Thu, 12 Oct 2023 17:26:09 GMT",
        "If-None-Match": "*",
        "User-Agent": "azsdk-java-azure-storage-blob/12.25.0-beta.1 (17.0.8.1; Windows 11; 10.0)",
        "x-ms-blob-type": "AppendBlob",
        "x-ms-client-request-id": "6638c127-2b8c-4ecb-a5ed-84dc928907cc",
        "x-ms-encryption-scope": "testscope1",
        "x-ms-version": "2023-08-03"
      },
      "RequestBody": null,
      "StatusCode": 201,
      "ResponseHeaders": {
        "Content-Length": "0",
        "Date": "Thu, 12 Oct 2023 17:26:08 GMT",
        "ETag": "\u00220x8DBCB4852EC0B41\u0022",
        "Last-Modified": "Thu, 12 Oct 2023 17:26:09 GMT",
        "Server": [
          "Windows-Azure-Blob/1.0",
          "Microsoft-HTTPAPI/2.0"
        ],
        "x-ms-client-request-id": "6638c127-2b8c-4ecb-a5ed-84dc928907cc",
        "x-ms-encryption-scope": "testscope1",
        "x-ms-request-id": "bf2b8657-001e-0049-7d31-fd885a000000",
        "x-ms-request-server-encrypted": "true",
        "x-ms-version": "2023-08-03"
      },
      "ResponseBody": null
    },
    {
      "RequestUri": "https://REDACTED/1414ad5e0appendblobappendblockfromurlf5240958257079330/1414ad5e4appendblobappendblockfromurlf52014176a13f5684",
      "RequestMethod": "PUT",
      "RequestHeaders": {
        "Accept": "application/xml",
        "Authorization": "Sanitized",
        "Content-Length": "7",
        "Content-Type": "application/octet-stream",
        "Date": "Thu, 12 Oct 2023 17:26:09 GMT",
        "If-None-Match": "*",
        "User-Agent": "azsdk-java-azure-storage-blob/12.25.0-beta.1 (17.0.8.1; Windows 11; 10.0)",
        "x-ms-blob-type": "BlockBlob",
        "x-ms-client-request-id": "1690730a-4b19-404b-8319-901badb5226b",
        "x-ms-version": "2023-08-03"
      },
      "RequestBody": "ZGVmYXVsdA==",
      "StatusCode": 201,
      "ResponseHeaders": {
        "Content-Length": "0",
        "Content-MD5": "wh\u002BWm18D0z1D4E\u002BPE252gg==",
        "Date": "Thu, 12 Oct 2023 17:26:09 GMT",
        "ETag": "\u00220x8DBCB4852F5CDF1\u0022",
        "Last-Modified": "Thu, 12 Oct 2023 17:26:09 GMT",
        "Server": [
          "Windows-Azure-Blob/1.0",
          "Microsoft-HTTPAPI/2.0"
        ],
        "x-ms-client-request-id": "1690730a-4b19-404b-8319-901badb5226b",
        "x-ms-content-crc64": "6RYQPwaVsyQ=",
        "x-ms-request-id": "99bb9c75-c01e-0034-5431-fdf979000000",
        "x-ms-request-server-encrypted": "true",
        "x-ms-version": "2023-08-03"
      },
      "ResponseBody": null
    },
    {
      "RequestUri": "https://REDACTED/1414ad5e0appendblobappendblockfromurlf5240958257079330/1414ad5e3appendblobappendblockfromurlf5205372444c2dcc4?comp=appendblock",
      "RequestMethod": "PUT",
      "RequestHeaders": {
        "Accept": "application/xml",
        "Authorization": "Sanitized",
        "Content-Length": "0",
        "Date": "Thu, 12 Oct 2023 17:26:09 GMT",
        "User-Agent": "azsdk-java-azure-storage-blob/12.25.0-beta.1 (17.0.8.1; Windows 11; 10.0)",
        "x-ms-client-request-id": "e3edeabc-0a5f-4018-8637-a7b586680fe9",
        "x-ms-copy-source": "https://REDACTED/1414ad5e0appendblobappendblockfromurlf5240958257079330/1414ad5e4appendblobappendblockfromurlf52014176a13f5684?sv=2024-02-04\u0026se=2023-10-12T18%3A26%3A09Z\u0026sr=c\u0026sp=r\u0026REDACTED",
        "x-ms-encryption-scope": "testscope1",
        "x-ms-source-range": "bytes=0-",
        "x-ms-version": "2023-08-03"
      },
      "RequestBody": null,
      "StatusCode": 201,
      "ResponseHeaders": {
        "Content-Length": "0",
        "Date": "Thu, 12 Oct 2023 17:26:08 GMT",
        "ETag": "\u00220x8DBCB485302763D\u0022",
        "Last-Modified": "Thu, 12 Oct 2023 17:26:09 GMT",
        "Server": [
          "Windows-Azure-Blob/1.0",
          "Microsoft-HTTPAPI/2.0"
        ],
        "x-ms-blob-append-offset": "0",
        "x-ms-blob-committed-block-count": "1",
        "x-ms-client-request-id": "e3edeabc-0a5f-4018-8637-a7b586680fe9",
        "x-ms-content-crc64": "6RYQPwaVsyQ=",
        "x-ms-encryption-scope": "testscope1",
        "x-ms-request-id": "bf2b86b1-001e-0049-4931-fd885a000000",
        "x-ms-request-server-encrypted": "true",
        "x-ms-version": "2023-08-03"
      },
      "ResponseBody": null
    }
  ],
  "Variables": {
    "0": "1414ad5e0appendblobappendblockfromurlf5240958257079330",
    "1": "1414ad5e1appendblobappendblockfromurlf5295564eb11abc44",
    "2": "1414ad5e2appendblobappendblockfromurlf5256723adadbf23d",
    "3": "1414ad5e3appendblobappendblockfromurlf5205372444c2dcc4",
    "4": "1414ad5e4appendblobappendblockfromurlf52014176a13f5684",
    "5": "2023-10-12T17:26:09.320669600Z"
  }
}
