{
  "Entries": [
    {
      "RequestUri": "https://REDACTED/f43a55500blockblobstageblock1f629595d4270cc7ba1a4?restype=container",
      "RequestMethod": "PUT",
      "RequestHeaders": {
        "Accept": "application/xml",
        "Authorization": "Sanitized",
        "Content-Length": "0",
        "Date": "Thu, 23 Nov 2023 18:30:29 GMT",
        "User-Agent": "azsdk-java-azure-storage-blob/12.26.0-beta.1 (17.0.8; Windows 11; 10.0)",
        "x-ms-client-request-id": "3f18cd9a-94c7-464c-b1f5-a17da9514de6",
        "x-ms-version": "2024-02-04"
      },
      "RequestBody": null,
      "StatusCode": 201,
      "ResponseHeaders": {
        "Content-Length": "0",
        "Date": "Thu, 23 Nov 2023 18:30:32 GMT",
        "ETag": "\u00220x8DBEC5247A4C755\u0022",
        "Last-Modified": "Thu, 23 Nov 2023 18:30:33 GMT",
        "Server": [
          "Windows-Azure-Blob/1.0",
          "Microsoft-HTTPAPI/2.0"
        ],
        "x-ms-client-request-id": "3f18cd9a-94c7-464c-b1f5-a17da9514de6",
        "x-ms-request-id": "b1ae27da-701e-008f-583b-1e1e0c000000",
        "x-ms-version": "2024-02-04"
      },
      "ResponseBody": null
    },
    {
      "RequestUri": "https://REDACTED/f43a55500blockblobstageblock1f629595d4270cc7ba1a4?restype=container",
      "RequestMethod": "PUT",
      "RequestHeaders": {
        "Accept": "application/xml",
        "Authorization": "Sanitized",
        "Content-Length": "0",
        "Date": "Thu, 23 Nov 2023 18:30:29 GMT",
        "User-Agent": "azsdk-java-azure-storage-blob/12.26.0-beta.1 (17.0.8; Windows 11; 10.0)",
        "x-ms-client-request-id": "2b0597ef-0a8e-4710-ba11-7d40128a3fff",
        "x-ms-version": "2024-02-04"
      },
      "RequestBody": null,
      "StatusCode": 409,
      "ResponseHeaders": {
        "Content-Length": "230",
        "Content-Type": "application/xml",
        "Date": "Thu, 23 Nov 2023 18:30:32 GMT",
        "Server": [
          "Windows-Azure-Blob/1.0",
          "Microsoft-HTTPAPI/2.0"
        ],
        "x-ms-client-request-id": "2b0597ef-0a8e-4710-ba11-7d40128a3fff",
        "x-ms-error-code": "ContainerAlreadyExists",
        "x-ms-request-id": "b1ae283b-701e-008f-313b-1e1e0c000000",
        "x-ms-version": "2024-02-04"
      },
      "ResponseBody": [
        "\uFEFF\u003C?xml version=\u00221.0\u0022 encoding=\u0022utf-8\u0022?\u003E\u003CError\u003E\u003CCode\u003EContainerAlreadyExists\u003C/Code\u003E\u003CMessage\u003EThe specified container already exists.\n",
        "RequestId:b1ae283b-701e-008f-313b-1e1e0c000000\n",
        "Time:2023-11-23T18:30:33.7351368Z\u003C/Message\u003E\u003C/Error\u003E"
      ]
    },
    {
      "RequestUri": "https://REDACTED/f43a55500blockblobstageblock1f629595d4270cc7ba1a4/f43a55501blockblobstageblock1f640973a447e5a918384",
      "RequestMethod": "PUT",
      "RequestHeaders": {
        "Accept": "application/xml",
        "Authorization": "Sanitized",
        "Content-Length": "7",
        "Content-Type": "application/octet-stream",
        "Date": "Thu, 23 Nov 2023 18:30:29 GMT",
        "If-None-Match": "*",
        "User-Agent": "azsdk-java-azure-storage-blob/12.26.0-beta.1 (17.0.8; Windows 11; 10.0)",
        "x-ms-blob-type": "BlockBlob",
        "x-ms-client-request-id": "49d5459b-4521-413b-bbc9-c258cb24e3d3",
        "x-ms-encryption-scope": "testscope1",
        "x-ms-version": "2024-02-04"
      },
      "RequestBody": "ZGVmYXVsdA==",
      "StatusCode": 201,
      "ResponseHeaders": {
        "Content-Length": "0",
        "Content-MD5": "wh\u002BWm18D0z1D4E\u002BPE252gg==",
        "Date": "Thu, 23 Nov 2023 18:30:32 GMT",
        "ETag": "\u00220x8DBEC5247BED7D6\u0022",
        "Last-Modified": "Thu, 23 Nov 2023 18:30:33 GMT",
        "Server": [
          "Windows-Azure-Blob/1.0",
          "Microsoft-HTTPAPI/2.0"
        ],
        "x-ms-client-request-id": "49d5459b-4521-413b-bbc9-c258cb24e3d3",
        "x-ms-content-crc64": "6RYQPwaVsyQ=",
        "x-ms-encryption-scope": "testscope1",
        "x-ms-request-id": "b1ae2895-701e-008f-013b-1e1e0c000000",
        "x-ms-request-server-encrypted": "true",
        "x-ms-version": "2024-02-04"
      },
      "ResponseBody": null
    },
    {
      "RequestUri": "https://REDACTED/f43a55500blockblobstageblock1f629595d4270cc7ba1a4/f43a55501blockblobstageblock1f640973a447e5a918384?comp=block\u0026blockid=YjIxYWM0OTEtNGY4OC00NTJiLThkNGItMGI0MGZmYmIyMDYx",
      "RequestMethod": "PUT",
      "RequestHeaders": {
        "Accept": "application/xml",
        "Authorization": "Sanitized",
        "Content-Length": "7",
        "Content-Type": "application/octet-stream",
        "Date": "Thu, 23 Nov 2023 18:30:29 GMT",
        "User-Agent": "azsdk-java-azure-storage-blob/12.26.0-beta.1 (17.0.8; Windows 11; 10.0)",
        "x-ms-client-request-id": "8029825e-64ef-46df-8775-ff79e488f946",
        "x-ms-encryption-scope": "testscope1",
        "x-ms-version": "2024-02-04"
      },
      "RequestBody": "ZGVmYXVsdA==",
      "StatusCode": 201,
      "ResponseHeaders": {
        "Content-Length": "0",
        "Date": "Thu, 23 Nov 2023 18:30:32 GMT",
        "Server": [
          "Windows-Azure-Blob/1.0",
          "Microsoft-HTTPAPI/2.0"
        ],
        "x-ms-client-request-id": "8029825e-64ef-46df-8775-ff79e488f946",
        "x-ms-content-crc64": "6RYQPwaVsyQ=",
        "x-ms-encryption-scope": "testscope1",
        "x-ms-request-id": "b1ae28ef-701e-008f-553b-1e1e0c000000",
        "x-ms-request-server-encrypted": "true",
        "x-ms-version": "2024-02-04"
      },
      "ResponseBody": null
    }
  ],
  "Variables": {
    "0": "f43a55500blockblobstageblock1f629595d4270cc7ba1a4",
    "1": "f43a55501blockblobstageblock1f640973a447e5a918384",
    "2": "f43a55502blockblobstageblock1f68336041e881ed86c34",
    "3": "f43a55503blockblobstageblock1f678773bb29e7744f154",
    "4": "b21ac491-4f88-452b-8d4b-0b40ffbb2061"
  }
}
