{
  "Entries": [
    {
      "RequestUri": "https://REDACTED/468c4abe0appendblockwithcpk4bb25480fe49d484a5474a?restype=container",
      "RequestMethod": "PUT",
      "RequestHeaders": {
        "Accept": "application/xml",
        "Authorization": "Sanitized",
        "Content-Length": "0",
        "Date": "Wed, 11 Oct 2023 20:44:31 GMT",
        "User-Agent": "azsdk-java-azure-storage-blob/12.25.0-beta.1 (17.0.8.1; Windows 11; 10.0)",
        "x-ms-client-request-id": "7edb9505-de84-4a3e-a087-cba53cf9e740",
        "x-ms-version": "2023-08-03"
      },
      "RequestBody": null,
      "StatusCode": 201,
      "ResponseHeaders": {
        "Content-Length": "0",
        "Date": "Wed, 11 Oct 2023 20:44:31 GMT",
        "ETag": "\u00220x8DBCA9ADF084879\u0022",
        "Last-Modified": "Wed, 11 Oct 2023 20:44:31 GMT",
        "Server": [
          "Windows-Azure-Blob/1.0",
          "Microsoft-HTTPAPI/2.0"
        ],
        "x-ms-client-request-id": "7edb9505-de84-4a3e-a087-cba53cf9e740",
        "x-ms-request-id": "70fdc02e-301e-0047-7d83-fcfad9000000",
        "x-ms-version": "2023-08-03"
      },
      "ResponseBody": null
    },
    {
      "RequestUri": "https://REDACTED/468c4abe0appendblockwithcpk4bb25480fe49d484a5474a/468c4abe4appendblockwithcpk4bb6405201bcc70bd6b04a",
      "RequestMethod": "PUT",
      "RequestHeaders": {
        "Accept": "application/xml",
        "Authorization": "Sanitized",
        "Content-Length": "7",
        "Content-Type": "application/octet-stream",
        "Date": "Wed, 11 Oct 2023 20:44:31 GMT",
        "If-None-Match": "*",
        "User-Agent": "azsdk-java-azure-storage-blob/12.25.0-beta.1 (17.0.8.1; Windows 11; 10.0)",
        "x-ms-blob-type": "BlockBlob",
        "x-ms-client-request-id": "7093410b-85d9-40a4-ad07-4382248e7bc1",
        "x-ms-encryption-algorithm": "AES256",
        "x-ms-encryption-key": "REDACTED",
        "x-ms-encryption-key-sha256": "swz5Yc6LU3azucLqTKv1QAkdxHg0LshEn/sAnp/zljk=",
        "x-ms-version": "2023-08-03"
      },
      "RequestBody": "ZGVmYXVsdA==",
      "StatusCode": 201,
      "ResponseHeaders": {
        "Content-Length": "0",
        "Content-MD5": "wh\u002BWm18D0z1D4E\u002BPE252gg==",
        "Date": "Wed, 11 Oct 2023 20:44:31 GMT",
        "ETag": "\u00220x8DBCA9ADF0DED15\u0022",
        "Last-Modified": "Wed, 11 Oct 2023 20:44:31 GMT",
        "Server": [
          "Windows-Azure-Blob/1.0",
          "Microsoft-HTTPAPI/2.0"
        ],
        "x-ms-client-request-id": "7093410b-85d9-40a4-ad07-4382248e7bc1",
        "x-ms-content-crc64": "6RYQPwaVsyQ=",
        "x-ms-encryption-key-sha256": "swz5Yc6LU3azucLqTKv1QAkdxHg0LshEn/sAnp/zljk=",
        "x-ms-request-id": "5cf400b3-901e-003c-7483-fcb845000000",
        "x-ms-request-server-encrypted": "true",
        "x-ms-version": "2023-08-03"
      },
      "ResponseBody": null
    },
    {
      "RequestUri": "https://REDACTED/468c4abe0appendblockwithcpk4bb25480fe49d484a5474a/468c4abe3appendblockwithcpk4bb088689d99148a1c8a42",
      "RequestMethod": "PUT",
      "RequestHeaders": {
        "Accept": "application/xml",
        "Authorization": "Sanitized",
        "Content-Length": "0",
        "Date": "Wed, 11 Oct 2023 20:44:31 GMT",
        "If-None-Match": "*",
        "User-Agent": "azsdk-java-azure-storage-blob/12.25.0-beta.1 (17.0.8.1; Windows 11; 10.0)",
        "x-ms-blob-type": "AppendBlob",
        "x-ms-client-request-id": "17c4df93-ef74-4fd8-aca6-00e763133fde",
        "x-ms-encryption-algorithm": "AES256",
        "x-ms-encryption-key": "REDACTED",
        "x-ms-encryption-key-sha256": "swz5Yc6LU3azucLqTKv1QAkdxHg0LshEn/sAnp/zljk=",
        "x-ms-version": "2023-08-03"
      },
      "RequestBody": null,
      "StatusCode": 201,
      "ResponseHeaders": {
        "Content-Length": "0",
        "Date": "Wed, 11 Oct 2023 20:44:31 GMT",
        "ETag": "\u00220x8DBCA9ADF12F565\u0022",
        "Last-Modified": "Wed, 11 Oct 2023 20:44:31 GMT",
        "Server": [
          "Windows-Azure-Blob/1.0",
          "Microsoft-HTTPAPI/2.0"
        ],
        "x-ms-client-request-id": "17c4df93-ef74-4fd8-aca6-00e763133fde",
        "x-ms-encryption-key-sha256": "swz5Yc6LU3azucLqTKv1QAkdxHg0LshEn/sAnp/zljk=",
        "x-ms-request-id": "9f4d4cee-301e-009c-1783-fc3ce4000000",
        "x-ms-request-server-encrypted": "true",
        "x-ms-version": "2023-08-03"
      },
      "ResponseBody": null
    },
    {
      "RequestUri": "https://REDACTED/468c4abe0appendblockwithcpk4bb25480fe49d484a5474a/468c4abe3appendblockwithcpk4bb088689d99148a1c8a42?comp=appendblock",
      "RequestMethod": "PUT",
      "RequestHeaders": {
        "Accept": "application/xml",
        "Authorization": "Sanitized",
        "Content-Length": "7",
        "Content-Type": "application/octet-stream",
        "Date": "Wed, 11 Oct 2023 20:44:31 GMT",
        "User-Agent": "azsdk-java-azure-storage-blob/12.25.0-beta.1 (17.0.8.1; Windows 11; 10.0)",
        "x-ms-client-request-id": "b048e6b3-887a-4c4a-8a1e-68bab979f275",
        "x-ms-encryption-algorithm": "AES256",
        "x-ms-encryption-key": "REDACTED",
        "x-ms-encryption-key-sha256": "swz5Yc6LU3azucLqTKv1QAkdxHg0LshEn/sAnp/zljk=",
        "x-ms-version": "2023-08-03"
      },
      "RequestBody": "ZGVmYXVsdA==",
      "StatusCode": 201,
      "ResponseHeaders": {
        "Content-Length": "0",
        "Date": "Wed, 11 Oct 2023 20:44:31 GMT",
        "ETag": "\u00220x8DBCA9ADF190EF8\u0022",
        "Last-Modified": "Wed, 11 Oct 2023 20:44:31 GMT",
        "Server": [
          "Windows-Azure-Blob/1.0",
          "Microsoft-HTTPAPI/2.0"
        ],
        "x-ms-blob-append-offset": "0",
        "x-ms-blob-committed-block-count": "1",
        "x-ms-client-request-id": "b048e6b3-887a-4c4a-8a1e-68bab979f275",
        "x-ms-content-crc64": "6RYQPwaVsyQ=",
        "x-ms-encryption-key-sha256": "swz5Yc6LU3azucLqTKv1QAkdxHg0LshEn/sAnp/zljk=",
        "x-ms-request-id": "9f4d4d16-301e-009c-3d83-fc3ce4000000",
        "x-ms-request-server-encrypted": "true",
        "x-ms-version": "2023-08-03"
      },
      "ResponseBody": null
    }
  ],
  "Variables": {
    "0": "468c4abe0appendblockwithcpk4bb25480fe49d484a5474a",
    "1": "9c8ac895-3120-4488-83fa-f633f7812a68",
    "2": "468c4abe1appendblockwithcpk4bb762495d072ec0f1d345",
    "3": "468c4abe2appendblockwithcpk4bb13216ad6c7bee80ad4d",
    "4": "468c4abe3appendblockwithcpk4bb088689d99148a1c8a42",
    "5": "468c4abe4appendblockwithcpk4bb6405201bcc70bd6b04a"
  }
}
