{
  "Entries": [
    {
      "RequestUri": "https://REDACTED/b51d32300getblobpropertiesandmetadatawithcpk2cd31339e1780?restype=container",
      "RequestMethod": "PUT",
      "RequestHeaders": {
        "Accept": "application/xml",
        "Authorization": "Sanitized",
        "Content-Length": "0",
        "Date": "Thu, 12 Oct 2023 14:28:47 GMT",
        "User-Agent": "azsdk-java-azure-storage-blob/12.25.0-beta.1 (17.0.8.1; Windows 11; 10.0)",
        "x-ms-client-request-id": "9dc8471c-be18-4db1-975e-39aad81107ad",
        "x-ms-version": "2023-08-03"
      },
      "RequestBody": null,
      "StatusCode": 201,
      "ResponseHeaders": {
        "Content-Length": "0",
        "Date": "Thu, 12 Oct 2023 14:28:47 GMT",
        "ETag": "\u00220x8DBCB2F8C24C2AD\u0022",
        "Last-Modified": "Thu, 12 Oct 2023 14:28:47 GMT",
        "Server": [
          "Windows-Azure-Blob/1.0",
          "Microsoft-HTTPAPI/2.0"
        ],
        "x-ms-client-request-id": "9dc8471c-be18-4db1-975e-39aad81107ad",
        "x-ms-request-id": "37eeda62-901e-0074-0418-fdfe41000000",
        "x-ms-version": "2023-08-03"
      },
      "ResponseBody": null
    },
    {
      "RequestUri": "https://REDACTED/b51d32300getblobpropertiesandmetadatawithcpk2cd31339e1780/b51d32304getblobpropertiesandmetadatawithcpk2cd42394a19c1",
      "RequestMethod": "PUT",
      "RequestHeaders": {
        "Accept": "application/xml",
        "Authorization": "Sanitized",
        "Content-Length": "7",
        "Content-Type": "application/octet-stream",
        "Date": "Thu, 12 Oct 2023 14:28:47 GMT",
        "If-None-Match": "*",
        "User-Agent": "azsdk-java-azure-storage-blob/12.25.0-beta.1 (17.0.8.1; Windows 11; 10.0)",
        "x-ms-blob-type": "BlockBlob",
        "x-ms-client-request-id": "bd95ebf5-953a-4ff7-98e9-10a6033a0887",
        "x-ms-encryption-algorithm": "AES256",
        "x-ms-encryption-key": "REDACTED",
        "x-ms-encryption-key-sha256": "jDz4QsdZpdDqXv9NOq4XXupJwDVWLUnDdQEhatiCU5o=",
        "x-ms-version": "2023-08-03"
      },
      "RequestBody": "ZGVmYXVsdA==",
      "StatusCode": 201,
      "ResponseHeaders": {
        "Content-Length": "0",
        "Content-MD5": "wh\u002BWm18D0z1D4E\u002BPE252gg==",
        "Date": "Thu, 12 Oct 2023 14:28:47 GMT",
        "ETag": "\u00220x8DBCB2F8C27F2B7\u0022",
        "Last-Modified": "Thu, 12 Oct 2023 14:28:47 GMT",
        "Server": [
          "Windows-Azure-Blob/1.0",
          "Microsoft-HTTPAPI/2.0"
        ],
        "x-ms-client-request-id": "bd95ebf5-953a-4ff7-98e9-10a6033a0887",
        "x-ms-content-crc64": "6RYQPwaVsyQ=",
        "x-ms-encryption-key-sha256": "jDz4QsdZpdDqXv9NOq4XXupJwDVWLUnDdQEhatiCU5o=",
        "x-ms-request-id": "37eeda9a-901e-0074-2b18-fdfe41000000",
        "x-ms-request-server-encrypted": "true",
        "x-ms-version": "2023-08-03"
      },
      "ResponseBody": null
    },
    {
      "RequestUri": "https://REDACTED/b51d32300getblobpropertiesandmetadatawithcpk2cd31339e1780/b51d32304getblobpropertiesandmetadatawithcpk2cd42394a19c1",
      "RequestMethod": "HEAD",
      "RequestHeaders": {
        "Accept": "application/xml",
        "Authorization": "Sanitized",
        "Content-Length": "0",
        "Date": "Thu, 12 Oct 2023 14:28:47 GMT",
        "User-Agent": "azsdk-java-azure-storage-blob/12.25.0-beta.1 (17.0.8.1; Windows 11; 10.0)",
        "x-ms-client-request-id": "995d028b-f14c-497c-96d3-6b951e1a6ca1",
        "x-ms-encryption-algorithm": "AES256",
        "x-ms-encryption-key": "REDACTED",
        "x-ms-encryption-key-sha256": "jDz4QsdZpdDqXv9NOq4XXupJwDVWLUnDdQEhatiCU5o=",
        "x-ms-version": "2023-08-03"
      },
      "RequestBody": null,
      "StatusCode": 200,
      "ResponseHeaders": {
        "Accept-Ranges": "bytes",
        "Access-Control-Allow-Origin": "*",
        "Access-Control-Expose-Headers": "x-ms-client-request-id",
        "Content-Length": "7",
        "Content-MD5": "wh\u002BWm18D0z1D4E\u002BPE252gg==",
        "Content-Type": "application/octet-stream",
        "Date": "Thu, 12 Oct 2023 14:28:47 GMT",
        "ETag": "\u00220x8DBCB2F8C27F2B7\u0022",
        "Last-Modified": "Thu, 12 Oct 2023 14:28:47 GMT",
        "Server": [
          "Windows-Azure-Blob/1.0",
          "Microsoft-HTTPAPI/2.0"
        ],
        "x-ms-access-tier": "Hot",
        "x-ms-access-tier-inferred": "true",
        "x-ms-blob-type": "BlockBlob",
        "x-ms-client-request-id": "995d028b-f14c-497c-96d3-6b951e1a6ca1",
        "x-ms-creation-time": "Thu, 12 Oct 2023 14:28:47 GMT",
        "x-ms-encryption-key-sha256": "jDz4QsdZpdDqXv9NOq4XXupJwDVWLUnDdQEhatiCU5o=",
        "x-ms-lease-state": "available",
        "x-ms-lease-status": "unlocked",
        "x-ms-request-id": "9107d5d2-f01e-002f-3d18-fdc77a000000",
        "x-ms-server-encrypted": "true",
        "x-ms-version": "2023-08-03"
      },
      "ResponseBody": null
    }
  ],
  "Variables": {
    "0": "b51d32300getblobpropertiesandmetadatawithcpk2cd31339e1780",
    "1": "d6ca5e96-0b7a-4fa9-9b4f-b38b6620a975",
    "2": "b51d32301getblobpropertiesandmetadatawithcpk2cd146909db22",
    "3": "b51d32302getblobpropertiesandmetadatawithcpk2cd4031910ea9",
    "4": "b51d32303getblobpropertiesandmetadatawithcpk2cd3800234a8f",
    "5": "b51d32304getblobpropertiesandmetadatawithcpk2cd42394a19c1"
  }
}
