{
  "Entries": [
    {
      "RequestUri": "https://REDACTED/3fee0dcd0putpagewithcpk7c828989cf16eea92de842d5?restype=container",
      "RequestMethod": "PUT",
      "RequestHeaders": {
        "Accept": "application/xml",
        "Authorization": "Sanitized",
        "Content-Length": "0",
        "Date": "Mon, 08 Jan 2024 19:42:28 GMT",
        "User-Agent": "azsdk-java-azure-storage-blob/12.26.0-beta.1 (17.0.8; Windows 11; 10.0)",
        "x-ms-client-request-id": "36c500a9-8640-40da-a06d-7598ac0aaa80",
        "x-ms-version": "2024-02-04"
      },
      "RequestBody": null,
      "StatusCode": 201,
      "ResponseHeaders": {
        "Content-Length": "0",
        "Date": "Mon, 08 Jan 2024 19:42:38 GMT",
        "ETag": "\u00220x8DC1081F8B9D22C\u0022",
        "Last-Modified": "Mon, 08 Jan 2024 19:42:38 GMT",
        "Server": [
          "Windows-Azure-Blob/1.0",
          "Microsoft-HTTPAPI/2.0"
        ],
        "x-ms-client-request-id": "36c500a9-8640-40da-a06d-7598ac0aaa80",
        "x-ms-request-id": "e3c704cf-e01e-0056-166a-426689000000",
        "x-ms-version": "2024-02-04"
      },
      "ResponseBody": null
    },
    {
      "RequestUri": "https://REDACTED/3fee0dcd0putpagewithcpk7c828989cf16eea92de842d5?restype=container",
      "RequestMethod": "PUT",
      "RequestHeaders": {
        "Accept": "application/xml",
        "Authorization": "Sanitized",
        "Content-Length": "0",
        "Date": "Mon, 08 Jan 2024 19:42:28 GMT",
        "User-Agent": "azsdk-java-azure-storage-blob/12.26.0-beta.1 (17.0.8; Windows 11; 10.0)",
        "x-ms-client-request-id": "198ee71b-f849-421d-b0b8-1f74a1d81aa9",
        "x-ms-version": "2024-02-04"
      },
      "RequestBody": null,
      "StatusCode": 409,
      "ResponseHeaders": {
        "Content-Length": "230",
        "Content-Type": "application/xml",
        "Date": "Mon, 08 Jan 2024 19:42:38 GMT",
        "Server": [
          "Windows-Azure-Blob/1.0",
          "Microsoft-HTTPAPI/2.0"
        ],
        "x-ms-client-request-id": "198ee71b-f849-421d-b0b8-1f74a1d81aa9",
        "x-ms-error-code": "ContainerAlreadyExists",
        "x-ms-request-id": "e3c705d2-e01e-0056-3e6a-426689000000",
        "x-ms-version": "2024-02-04"
      },
      "ResponseBody": [
        "\uFEFF\u003C?xml version=\u00221.0\u0022 encoding=\u0022utf-8\u0022?\u003E\u003CError\u003E\u003CCode\u003EContainerAlreadyExists\u003C/Code\u003E\u003CMessage\u003EThe specified container already exists.\n",
        "RequestId:e3c705d2-e01e-0056-3e6a-426689000000\n",
        "Time:2024-01-08T19:42:39.0500362Z\u003C/Message\u003E\u003C/Error\u003E"
      ]
    },
    {
      "RequestUri": "https://REDACTED/3fee0dcd0putpagewithcpk7c828989cf16eea92de842d5/3fee0dcd4putpagewithcpk7c894872173b1dfc24864815",
      "RequestMethod": "PUT",
      "RequestHeaders": {
        "Accept": "application/xml",
        "Authorization": "Sanitized",
        "Content-Length": "7",
        "Content-Type": "application/octet-stream",
        "Date": "Mon, 08 Jan 2024 19:42:28 GMT",
        "If-None-Match": "*",
        "User-Agent": "azsdk-java-azure-storage-blob/12.26.0-beta.1 (17.0.8; Windows 11; 10.0)",
        "x-ms-blob-type": "BlockBlob",
        "x-ms-client-request-id": "095dcff6-7f0b-48f7-b629-68382d10f875",
        "x-ms-encryption-algorithm": "AES256",
        "x-ms-encryption-key": "REDACTED",
        "x-ms-encryption-key-sha256": "XKHMUlPkdtpiidTGyla\u002Be0OULAZZ5ElnlunfB/93elg=",
        "x-ms-version": "2024-02-04"
      },
      "RequestBody": "ZGVmYXVsdA==",
      "StatusCode": 201,
      "ResponseHeaders": {
        "Content-Length": "0",
        "Content-MD5": "wh\u002BWm18D0z1D4E\u002BPE252gg==",
        "Date": "Mon, 08 Jan 2024 19:42:38 GMT",
        "ETag": "\u00220x8DC1081F8D777EF\u0022",
        "Last-Modified": "Mon, 08 Jan 2024 19:42:39 GMT",
        "Server": [
          "Windows-Azure-Blob/1.0",
          "Microsoft-HTTPAPI/2.0"
        ],
        "x-ms-client-request-id": "095dcff6-7f0b-48f7-b629-68382d10f875",
        "x-ms-content-crc64": "6RYQPwaVsyQ=",
        "x-ms-encryption-key-sha256": "XKHMUlPkdtpiidTGyla\u002Be0OULAZZ5ElnlunfB/93elg=",
        "x-ms-request-id": "4ca80c9e-501e-000e-0c6a-42bed6000000",
        "x-ms-request-server-encrypted": "true",
        "x-ms-version": "2024-02-04"
      },
      "ResponseBody": null
    },
    {
      "RequestUri": "https://REDACTED/3fee0dcd0putpagewithcpk7c828989cf16eea92de842d5/3fee0dcd2putpagewithcpk7c8202818d108a4ac9c54f21",
      "RequestMethod": "PUT",
      "RequestHeaders": {
        "Accept": "application/xml",
        "Authorization": "Sanitized",
        "Content-Length": "0",
        "Date": "Mon, 08 Jan 2024 19:42:28 GMT",
        "If-None-Match": "*",
        "User-Agent": "azsdk-java-azure-storage-blob/12.26.0-beta.1 (17.0.8; Windows 11; 10.0)",
        "x-ms-blob-content-length": "512",
        "x-ms-blob-type": "PageBlob",
        "x-ms-client-request-id": "0b6616ba-96e0-4d11-908e-677929994965",
        "x-ms-encryption-algorithm": "AES256",
        "x-ms-encryption-key": "REDACTED",
        "x-ms-encryption-key-sha256": "XKHMUlPkdtpiidTGyla\u002Be0OULAZZ5ElnlunfB/93elg=",
        "x-ms-version": "2024-02-04"
      },
      "RequestBody": null,
      "StatusCode": 201,
      "ResponseHeaders": {
        "Content-Length": "0",
        "Date": "Mon, 08 Jan 2024 19:42:38 GMT",
        "ETag": "\u00220x8DC1081F8E99DB0\u0022",
        "Last-Modified": "Mon, 08 Jan 2024 19:42:39 GMT",
        "Server": [
          "Windows-Azure-Blob/1.0",
          "Microsoft-HTTPAPI/2.0"
        ],
        "x-ms-client-request-id": "0b6616ba-96e0-4d11-908e-677929994965",
        "x-ms-encryption-key-sha256": "XKHMUlPkdtpiidTGyla\u002Be0OULAZZ5ElnlunfB/93elg=",
        "x-ms-request-id": "4ca80d90-501e-000e-206a-42bed6000000",
        "x-ms-request-server-encrypted": "true",
        "x-ms-version": "2024-02-04"
      },
      "ResponseBody": null
    },
    {
      "RequestUri": "https://REDACTED/3fee0dcd0putpagewithcpk7c828989cf16eea92de842d5/3fee0dcd2putpagewithcpk7c8202818d108a4ac9c54f21?comp=page",
      "RequestMethod": "PUT",
      "RequestHeaders": {
        "Accept": "application/xml",
        "Authorization": "Sanitized",
        "Content-Length": "512",
        "Content-Type": "application/octet-stream",
        "Date": "Mon, 08 Jan 2024 19:42:28 GMT",
        "User-Agent": "azsdk-java-azure-storage-blob/12.26.0-beta.1 (17.0.8; Windows 11; 10.0)",
        "x-ms-client-request-id": "f376a0fe-158a-4447-8016-90c1858e019e",
        "x-ms-encryption-algorithm": "AES256",
        "x-ms-encryption-key": "REDACTED",
        "x-ms-encryption-key-sha256": "XKHMUlPkdtpiidTGyla\u002Be0OULAZZ5ElnlunfB/93elg=",
        "x-ms-page-write": "update",
        "x-ms-range": "bytes=0-511",
        "x-ms-version": "2024-02-04"
      },
      "RequestBody": "5kgt5Ud88M8wGjOqnhe4Rp4UMeGrZEYClzgZdEzWhIQ8lOzzAVTov/Ovs\u002BZMlloDHHO87nuCeCaR62epdN\u002BHeuhGOHlEbPrWiGqECH/Cn6YZgK7IsNFeodWN\u002Bw9o9mfBvV5QgLMG0xHHpHrO\u002Bvb663vvoRGXRXHVndu69Kj41PHUVH4L6fiWu23wn7KZxZt/q\u002BBAJLQwAfRG0pLeB9jePAbCp\u002BXxth4PmY7ESclFDl4WSw0vPXcK6dQw6HctUbxAdBPhAMwtmK9PeLh4C7Mmka16GnOdkQh8a4iINxbyQcIAT/Jb722Z0Pj2bHd1W1JKZZzJDPNeebTX3HzDkXDD8tHn//TCJe4c4MyAoDDep4O4Wtu9kMf3\u002BwXVXzLDUFln06LJIyLsqUq37fiZ\u002B7lQYiOKaAh9LxgLiHsZgqHbxMs0izHS31pJ0hHHJ3qmKyaOpuWTivK4cGkVjyLVeWVsqOn2/G0/\u002Bett5hgFKphcm5NH2wbz4FZ3LAdjsUlq5ClIJ5sBG3n28NwSXnhsSuFOLo9oixZprx\u002Bs3E9yiObW5efqsDChO7SA59bEV6DKh90LCwdVp2LOYhe1s616N3o433EpMs4lIc3EVbcdiTl20C/MqMrO2KcaLtqC/fH4UItev/KBhkzjEtYY9JYoTZnAoufE43KIatvoNGj0bZj5dLQ=",
      "StatusCode": 201,
      "ResponseHeaders": {
        "Content-Length": "0",
        "Date": "Mon, 08 Jan 2024 19:42:39 GMT",
        "ETag": "\u00220x8DC1081F8FC86A3\u0022",
        "Last-Modified": "Mon, 08 Jan 2024 19:42:39 GMT",
        "Server": [
          "Windows-Azure-Blob/1.0",
          "Microsoft-HTTPAPI/2.0"
        ],
        "x-ms-blob-sequence-number": "0",
        "x-ms-client-request-id": "f376a0fe-158a-4447-8016-90c1858e019e",
        "x-ms-content-crc64": "XZAnWY1qUIQ=",
        "x-ms-encryption-key-sha256": "XKHMUlPkdtpiidTGyla\u002Be0OULAZZ5ElnlunfB/93elg=",
        "x-ms-request-id": "2c60c1f7-d01e-0086-6c6a-425bdf000000",
        "x-ms-request-server-encrypted": "true",
        "x-ms-version": "2024-02-04"
      },
      "ResponseBody": null
    }
  ],
  "Variables": {
    "0": "3fee0dcd0putpagewithcpk7c828989cf16eea92de842d5",
    "1": "de231c79-316a-4aa6-98b1-45b34e08b643",
    "2": "3fee0dcd1putpagewithcpk7c857507a4bd2aa96c7f4548",
    "3": "3fee0dcd2putpagewithcpk7c8202818d108a4ac9c54f21",
    "4": "3fee0dcd3putpagewithcpk7c849225b4a0b7c85de94b66",
    "5": "3fee0dcd4putpagewithcpk7c894872173b1dfc24864815",
    "6": "45fe5c7b-75a8-4e7c-adc0-ca6890306aee"
  }
}
