{
  "Entries": [
    {
      "RequestUri": "https://REDACTED/d80a88e80setimmutabilitypolicyacia0573008694518568fc?restype=container",
      "RequestMethod": "PUT",
      "RequestHeaders": {
        "Accept": "application/xml",
        "Authorization": "Sanitized",
        "Content-Length": "0",
        "Date": "Mon, 08 Jan 2024 19:44:08 GMT",
        "User-Agent": "azsdk-java-azure-storage-blob/12.26.0-beta.1 (17.0.8; Windows 11; 10.0)",
        "x-ms-client-request-id": "95dfaa87-b2ea-4448-98ed-15f4547f29cf",
        "x-ms-version": "2024-02-04"
      },
      "RequestBody": null,
      "StatusCode": 201,
      "ResponseHeaders": {
        "Content-Length": "0",
        "Date": "Mon, 08 Jan 2024 19:44:18 GMT",
        "ETag": "\u00220x8DC108234507923\u0022",
        "Last-Modified": "Mon, 08 Jan 2024 19:44:18 GMT",
        "Server": [
          "Windows-Azure-Blob/1.0",
          "Microsoft-HTTPAPI/2.0"
        ],
        "x-ms-client-request-id": "95dfaa87-b2ea-4448-98ed-15f4547f29cf",
        "x-ms-request-id": "e3c9e173-e01e-0056-1b6b-426689000000",
        "x-ms-version": "2024-02-04"
      },
      "ResponseBody": null
    },
    {
      "RequestUri": "https://REDACTED/d80a88e80setimmutabilitypolicyacia0573008694518568fc?restype=container",
      "RequestMethod": "PUT",
      "RequestHeaders": {
        "Accept": "application/xml",
        "Authorization": "Sanitized",
        "Content-Length": "0",
        "Date": "Mon, 08 Jan 2024 19:44:08 GMT",
        "User-Agent": "azsdk-java-azure-storage-blob/12.26.0-beta.1 (17.0.8; Windows 11; 10.0)",
        "x-ms-client-request-id": "1f4100d9-f0bf-4702-a202-3de2b3d7768e",
        "x-ms-version": "2024-02-04"
      },
      "RequestBody": null,
      "StatusCode": 409,
      "ResponseHeaders": {
        "Content-Length": "230",
        "Content-Type": "application/xml",
        "Date": "Mon, 08 Jan 2024 19:44:18 GMT",
        "Server": [
          "Windows-Azure-Blob/1.0",
          "Microsoft-HTTPAPI/2.0"
        ],
        "x-ms-client-request-id": "1f4100d9-f0bf-4702-a202-3de2b3d7768e",
        "x-ms-error-code": "ContainerAlreadyExists",
        "x-ms-request-id": "e3c9e20a-e01e-0056-246b-426689000000",
        "x-ms-version": "2024-02-04"
      },
      "ResponseBody": [
        "\uFEFF\u003C?xml version=\u00221.0\u0022 encoding=\u0022utf-8\u0022?\u003E\u003CError\u003E\u003CCode\u003EContainerAlreadyExists\u003C/Code\u003E\u003CMessage\u003EThe specified container already exists.\n",
        "RequestId:e3c9e20a-e01e-0056-246b-426689000000\n",
        "Time:2024-01-08T19:44:19.0199263Z\u003C/Message\u003E\u003C/Error\u003E"
      ]
    },
    {
      "RequestUri": "https://REDACTED/009ed77f-06f1-46c4-a627-b74ab9cc136f/d80a88e81setimmutabilitypolicyacia05793502e2ce05318f",
      "RequestMethod": "PUT",
      "RequestHeaders": {
        "Accept": "application/xml",
        "Authorization": "Sanitized",
        "Content-Length": "0",
        "Content-Type": "application/octet-stream",
        "Date": "Mon, 08 Jan 2024 19:44:08 GMT",
        "If-None-Match": "*",
        "User-Agent": "azsdk-java-azure-storage-blob/12.26.0-beta.1 (17.0.8; Windows 11; 10.0)",
        "x-ms-blob-type": "BlockBlob",
        "x-ms-client-request-id": "97473bee-01c8-4220-bc91-e5fc1b83e73c",
        "x-ms-version": "2024-02-04"
      },
      "RequestBody": null,
      "StatusCode": 201,
      "ResponseHeaders": {
        "Content-Length": "0",
        "Content-MD5": "1B2M2Y8AsgTpgAmY7PhCfg==",
        "Date": "Mon, 08 Jan 2024 19:44:18 GMT",
        "ETag": "\u00220x8DC1082346D439C\u0022",
        "Last-Modified": "Mon, 08 Jan 2024 19:44:19 GMT",
        "Server": [
          "Windows-Azure-Blob/1.0",
          "Microsoft-HTTPAPI/2.0"
        ],
        "x-ms-client-request-id": "97473bee-01c8-4220-bc91-e5fc1b83e73c",
        "x-ms-content-crc64": "AAAAAAAAAAA=",
        "x-ms-request-id": "f6015d83-901e-0017-296b-42485e000000",
        "x-ms-request-server-encrypted": "true",
        "x-ms-version": "2024-02-04",
        "x-ms-version-id": "2024-01-08T19:44:19.1136668Z"
      },
      "ResponseBody": null
    }
  ],
  "Variables": {
    "0": "d80a88e80setimmutabilitypolicyacia0573008694518568fc",
    "1": "009ed77f-06f1-46c4-a627-b74ab9cc136f",
    "2": "d80a88e81setimmutabilitypolicyacia05793502e2ce05318f",
    "3": "2024-01-08T19:44:08.370605600Z"
  }
}
