{
  "Entries": [
    {
      "RequestUri": "https://REDACTED/d7c7f0c80setlegalholderror84516704b405c632a9c54c?restype=container",
      "RequestMethod": "PUT",
      "RequestHeaders": {
        "Accept": "application/xml",
        "Authorization": "Sanitized",
        "Content-Length": "0",
        "Date": "Mon, 04 Dec 2023 20:52:22 GMT",
        "User-Agent": "azsdk-java-azure-storage-blob/12.26.0-beta.1 (17.0.8; Windows 11; 10.0)",
        "x-ms-client-request-id": "3ad42b57-69d1-4480-bbd3-7cd80708f69a",
        "x-ms-version": "2024-02-04"
      },
      "RequestBody": null,
      "StatusCode": 201,
      "ResponseHeaders": {
        "Content-Length": "0",
        "Date": "Mon, 04 Dec 2023 20:52:22 GMT",
        "ETag": "\u00220x8DBF50AEA7D166E\u0022",
        "Last-Modified": "Mon, 04 Dec 2023 20:52:23 GMT",
        "Server": [
          "Windows-Azure-Blob/1.0",
          "Microsoft-HTTPAPI/2.0"
        ],
        "x-ms-client-request-id": "3ad42b57-69d1-4480-bbd3-7cd80708f69a",
        "x-ms-request-id": "084bf5f6-101e-0040-18f3-2696ba000000",
        "x-ms-version": "2024-02-04"
      },
      "ResponseBody": null
    },
    {
      "RequestUri": "https://REDACTED/d7c7f0c80setlegalholderror84516704b405c632a9c54c?restype=container",
      "RequestMethod": "PUT",
      "RequestHeaders": {
        "Accept": "application/xml",
        "Authorization": "Sanitized",
        "Content-Length": "0",
        "Date": "Mon, 04 Dec 2023 20:52:22 GMT",
        "User-Agent": "azsdk-java-azure-storage-blob/12.26.0-beta.1 (17.0.8; Windows 11; 10.0)",
        "x-ms-client-request-id": "b400bff6-d793-4d3e-a678-2749c1728425",
        "x-ms-version": "2024-02-04"
      },
      "RequestBody": null,
      "StatusCode": 409,
      "ResponseHeaders": {
        "Content-Length": "230",
        "Content-Type": "application/xml",
        "Date": "Mon, 04 Dec 2023 20:52:23 GMT",
        "Server": [
          "Windows-Azure-Blob/1.0",
          "Microsoft-HTTPAPI/2.0"
        ],
        "x-ms-client-request-id": "b400bff6-d793-4d3e-a678-2749c1728425",
        "x-ms-error-code": "ContainerAlreadyExists",
        "x-ms-request-id": "3bb955d0-401e-004d-2af3-265e6e000000",
        "x-ms-version": "2024-02-04"
      },
      "ResponseBody": [
        "\uFEFF\u003C?xml version=\u00221.0\u0022 encoding=\u0022utf-8\u0022?\u003E\u003CError\u003E\u003CCode\u003EContainerAlreadyExists\u003C/Code\u003E\u003CMessage\u003EThe specified container already exists.\n",
        "RequestId:3bb955d0-401e-004d-2af3-265e6e000000\n",
        "Time:2023-12-04T20:52:23.6354010Z\u003C/Message\u003E\u003C/Error\u003E"
      ]
    },
    {
      "RequestUri": "https://REDACTED/08d0d919-5936-4fda-8dde-0d048ecf7193/d7c7f0c81setlegalholderror84592408bf7ffa0c0f5540",
      "RequestMethod": "HEAD",
      "RequestHeaders": {
        "Accept": "application/xml",
        "Authorization": "Sanitized",
        "Content-Length": "0",
        "Date": "Mon, 04 Dec 2023 20:52:22 GMT",
        "User-Agent": "azsdk-java-azure-storage-blob/12.26.0-beta.1 (17.0.8; Windows 11; 10.0)",
        "x-ms-client-request-id": "edf91999-8b9b-46c7-9ff5-d40904d69ab3",
        "x-ms-version": "2024-02-04"
      },
      "RequestBody": null,
      "StatusCode": 404,
      "ResponseHeaders": {
        "Date": "Mon, 04 Dec 2023 20:52:23 GMT",
        "Server": [
          "Windows-Azure-Blob/1.0",
          "Microsoft-HTTPAPI/2.0"
        ],
        "Transfer-Encoding": "chunked",
        "x-ms-client-request-id": "edf91999-8b9b-46c7-9ff5-d40904d69ab3",
        "x-ms-error-code": "BlobNotFound",
        "x-ms-request-id": "7b1e3bca-f01e-004c-08f3-267165000000",
        "x-ms-version": "2024-02-04"
      },
      "ResponseBody": null
    },
    {
      "RequestUri": "https://REDACTED/08d0d919-5936-4fda-8dde-0d048ecf7193/d7c7f0c81setlegalholderror84592408bf7ffa0c0f5540",
      "RequestMethod": "PUT",
      "RequestHeaders": {
        "Accept": "application/xml",
        "Authorization": "Sanitized",
        "Content-Length": "0",
        "Content-Type": "application/octet-stream",
        "Date": "Mon, 04 Dec 2023 20:52:22 GMT",
        "If-None-Match": "*",
        "User-Agent": "azsdk-java-azure-storage-blob/12.26.0-beta.1 (17.0.8; Windows 11; 10.0)",
        "x-ms-blob-type": "BlockBlob",
        "x-ms-client-request-id": "054f96fd-7d27-465a-bc79-a33b0ff98c4a",
        "x-ms-version": "2024-02-04"
      },
      "RequestBody": null,
      "StatusCode": 201,
      "ResponseHeaders": {
        "Content-Length": "0",
        "Content-MD5": "1B2M2Y8AsgTpgAmY7PhCfg==",
        "Date": "Mon, 04 Dec 2023 20:52:23 GMT",
        "ETag": "\u00220x8DBF50AEAA1B089\u0022",
        "Last-Modified": "Mon, 04 Dec 2023 20:52:23 GMT",
        "Server": [
          "Windows-Azure-Blob/1.0",
          "Microsoft-HTTPAPI/2.0"
        ],
        "x-ms-client-request-id": "054f96fd-7d27-465a-bc79-a33b0ff98c4a",
        "x-ms-content-crc64": "AAAAAAAAAAA=",
        "x-ms-request-id": "7b1e3c18-f01e-004c-52f3-267165000000",
        "x-ms-request-server-encrypted": "true",
        "x-ms-version": "2024-02-04",
        "x-ms-version-id": "2023-12-04T20:52:23.8010226Z"
      },
      "ResponseBody": null
    },
    {
      "RequestUri": "https://REDACTED/08d0d919-5936-4fda-8dde-0d048ecf7193/d7c7f0c82setlegalholderror845815666f7d3a6fe9d844?comp=legalhold",
      "RequestMethod": "PUT",
      "RequestHeaders": {
        "Accept": "application/xml",
        "Authorization": "Sanitized",
        "Content-Length": "0",
        "Date": "Mon, 04 Dec 2023 20:52:23 GMT",
        "User-Agent": "azsdk-java-azure-storage-blob/12.26.0-beta.1 (17.0.8; Windows 11; 10.0)",
        "x-ms-client-request-id": "a478b224-d151-4d1b-bfe0-e70e373f6490",
        "x-ms-legal-hold": "false",
        "x-ms-version": "2024-02-04"
      },
      "RequestBody": null,
      "StatusCode": 404,
      "ResponseHeaders": {
        "Content-Length": "216",
        "Content-Type": "application/xml",
        "Date": "Mon, 04 Dec 2023 20:52:23 GMT",
        "Server": [
          "Windows-Azure-Blob/1.0",
          "Microsoft-HTTPAPI/2.0"
        ],
        "x-ms-client-request-id": "a478b224-d151-4d1b-bfe0-e70e373f6490",
        "x-ms-error-code": "BlobNotFound",
        "x-ms-request-id": "7b1e3c5d-f01e-004c-14f3-267165000000",
        "x-ms-version": "2024-02-04"
      },
      "ResponseBody": [
        "\uFEFF\u003C?xml version=\u00221.0\u0022 encoding=\u0022utf-8\u0022?\u003E\n",
        "\u003CError\u003E\u003CCode\u003EBlobNotFound\u003C/Code\u003E\u003CMessage\u003EThe specified blob does not exist.\n",
        "RequestId:7b1e3c5d-f01e-004c-14f3-267165000000\n",
        "Time:2023-12-04T20:52:23.9028740Z\u003C/Message\u003E\u003C/Error\u003E"
      ]
    }
  ],
  "Variables": {
    "0": "d7c7f0c80setlegalholderror84516704b405c632a9c54c",
    "1": "08d0d919-5936-4fda-8dde-0d048ecf7193",
    "2": "d7c7f0c81setlegalholderror84592408bf7ffa0c0f5540",
    "3": "d7c7f0c82setlegalholderror845815666f7d3a6fe9d844"
  }
}
