{
  "Entries": [
    {
      "RequestUri": "https://REDACTED/2d800d2f0setlegalhold67570549d135f5f8cfdf4de9a?restype=container",
      "RequestMethod": "PUT",
      "RequestHeaders": {
        "Accept": "application/xml",
        "Authorization": "Sanitized",
        "Content-Length": "0",
        "Date": "Mon, 04 Dec 2023 20:52:32 GMT",
        "User-Agent": "azsdk-java-azure-storage-blob/12.26.0-beta.1 (17.0.8; Windows 11; 10.0)",
        "x-ms-client-request-id": "488ed881-3350-423d-8153-4f7e7c47289b",
        "x-ms-version": "2024-02-04"
      },
      "RequestBody": null,
      "StatusCode": 201,
      "ResponseHeaders": {
        "Content-Length": "0",
        "Date": "Mon, 04 Dec 2023 20:52:32 GMT",
        "ETag": "\u00220x8DBF50AF026B146\u0022",
        "Last-Modified": "Mon, 04 Dec 2023 20:52:33 GMT",
        "Server": [
          "Windows-Azure-Blob/1.0",
          "Microsoft-HTTPAPI/2.0"
        ],
        "x-ms-client-request-id": "488ed881-3350-423d-8153-4f7e7c47289b",
        "x-ms-request-id": "1f9a1deb-c01e-007c-7cf3-26bf7d000000",
        "x-ms-version": "2024-02-04"
      },
      "ResponseBody": null
    },
    {
      "RequestUri": "https://REDACTED/2d800d2f0setlegalhold67570549d135f5f8cfdf4de9a?restype=container",
      "RequestMethod": "PUT",
      "RequestHeaders": {
        "Accept": "application/xml",
        "Authorization": "Sanitized",
        "Content-Length": "0",
        "Date": "Mon, 04 Dec 2023 20:52:32 GMT",
        "User-Agent": "azsdk-java-azure-storage-blob/12.26.0-beta.1 (17.0.8; Windows 11; 10.0)",
        "x-ms-client-request-id": "1998cd21-9cd7-44b2-8620-542c0691e21f",
        "x-ms-version": "2024-02-04"
      },
      "RequestBody": null,
      "StatusCode": 409,
      "ResponseHeaders": {
        "Content-Length": "230",
        "Content-Type": "application/xml",
        "Date": "Mon, 04 Dec 2023 20:52:32 GMT",
        "Server": [
          "Windows-Azure-Blob/1.0",
          "Microsoft-HTTPAPI/2.0"
        ],
        "x-ms-client-request-id": "1998cd21-9cd7-44b2-8620-542c0691e21f",
        "x-ms-error-code": "ContainerAlreadyExists",
        "x-ms-request-id": "1f9a1e8c-c01e-007c-14f3-26bf7d000000",
        "x-ms-version": "2024-02-04"
      },
      "ResponseBody": [
        "\uFEFF\u003C?xml version=\u00221.0\u0022 encoding=\u0022utf-8\u0022?\u003E\u003CError\u003E\u003CCode\u003EContainerAlreadyExists\u003C/Code\u003E\u003CMessage\u003EThe specified container already exists.\n",
        "RequestId:1f9a1e8c-c01e-007c-14f3-26bf7d000000\n",
        "Time:2023-12-04T20:52:33.1392367Z\u003C/Message\u003E\u003C/Error\u003E"
      ]
    },
    {
      "RequestUri": "https://REDACTED/17ed9c61-cf81-4dfc-978c-bc28999117d7/2d800d2f1setlegalhold675426951d3bbc14861942b88",
      "RequestMethod": "PUT",
      "RequestHeaders": {
        "Accept": "application/xml",
        "Authorization": "Sanitized",
        "Content-Length": "0",
        "Content-Type": "application/octet-stream",
        "Date": "Mon, 04 Dec 2023 20:52:32 GMT",
        "If-None-Match": "*",
        "User-Agent": "azsdk-java-azure-storage-blob/12.26.0-beta.1 (17.0.8; Windows 11; 10.0)",
        "x-ms-blob-type": "BlockBlob",
        "x-ms-client-request-id": "eb130dff-132d-43ba-bf04-bb3044bbb01a",
        "x-ms-version": "2024-02-04"
      },
      "RequestBody": null,
      "StatusCode": 201,
      "ResponseHeaders": {
        "Content-Length": "0",
        "Content-MD5": "1B2M2Y8AsgTpgAmY7PhCfg==",
        "Date": "Mon, 04 Dec 2023 20:52:32 GMT",
        "ETag": "\u00220x8DBF50AF03DC823\u0022",
        "Last-Modified": "Mon, 04 Dec 2023 20:52:33 GMT",
        "Server": [
          "Windows-Azure-Blob/1.0",
          "Microsoft-HTTPAPI/2.0"
        ],
        "x-ms-client-request-id": "eb130dff-132d-43ba-bf04-bb3044bbb01a",
        "x-ms-content-crc64": "AAAAAAAAAAA=",
        "x-ms-request-id": "305948c7-601e-0061-5cf3-26c216000000",
        "x-ms-request-server-encrypted": "true",
        "x-ms-version": "2024-02-04",
        "x-ms-version-id": "2023-12-04T20:52:33.2125957Z"
      },
      "ResponseBody": null
    },
    {
      "RequestUri": "https://REDACTED/17ed9c61-cf81-4dfc-978c-bc28999117d7/2d800d2f1setlegalhold675426951d3bbc14861942b88?comp=legalhold",
      "RequestMethod": "PUT",
      "RequestHeaders": {
        "Accept": "application/xml",
        "Authorization": "Sanitized",
        "Content-Length": "0",
        "Date": "Mon, 04 Dec 2023 20:52:32 GMT",
        "User-Agent": "azsdk-java-azure-storage-blob/12.26.0-beta.1 (17.0.8; Windows 11; 10.0)",
        "x-ms-client-request-id": "0998d2e7-caa7-4ea0-8e0e-0be8bea47b18",
        "x-ms-legal-hold": "false",
        "x-ms-version": "2024-02-04"
      },
      "RequestBody": null,
      "StatusCode": 200,
      "ResponseHeaders": {
        "Content-Length": "0",
        "Date": "Mon, 04 Dec 2023 20:52:32 GMT",
        "Server": [
          "Windows-Azure-Blob/1.0",
          "Microsoft-HTTPAPI/2.0"
        ],
        "x-ms-client-request-id": "0998d2e7-caa7-4ea0-8e0e-0be8bea47b18",
        "x-ms-legal-hold": "false",
        "x-ms-request-id": "3059493b-601e-0061-41f3-26c216000000",
        "x-ms-version": "2024-02-04"
      },
      "ResponseBody": null
    },
    {
      "RequestUri": "https://REDACTED/17ed9c61-cf81-4dfc-978c-bc28999117d7/2d800d2f1setlegalhold675426951d3bbc14861942b88",
      "RequestMethod": "HEAD",
      "RequestHeaders": {
        "Accept": "application/xml",
        "Authorization": "Sanitized",
        "Content-Length": "0",
        "Date": "Mon, 04 Dec 2023 20:52:32 GMT",
        "User-Agent": "azsdk-java-azure-storage-blob/12.26.0-beta.1 (17.0.8; Windows 11; 10.0)",
        "x-ms-client-request-id": "d851fdc4-f045-450f-afb8-a85766583b7a",
        "x-ms-version": "2024-02-04"
      },
      "RequestBody": null,
      "StatusCode": 200,
      "ResponseHeaders": {
        "Accept-Ranges": "bytes",
        "Content-Length": "0",
        "Content-MD5": "1B2M2Y8AsgTpgAmY7PhCfg==",
        "Content-Type": "application/octet-stream",
        "Date": "Mon, 04 Dec 2023 20:52:32 GMT",
        "ETag": "\u00220x8DBF50AF03DC823\u0022",
        "Last-Modified": "Mon, 04 Dec 2023 20:52:33 GMT",
        "Server": [
          "Windows-Azure-Blob/1.0",
          "Microsoft-HTTPAPI/2.0"
        ],
        "x-ms-access-tier": "Hot",
        "x-ms-access-tier-inferred": "true",
        "x-ms-blob-type": "BlockBlob",
        "x-ms-client-request-id": "d851fdc4-f045-450f-afb8-a85766583b7a",
        "x-ms-creation-time": "Mon, 04 Dec 2023 20:52:33 GMT",
        "x-ms-is-current-version": "true",
        "x-ms-lease-state": "available",
        "x-ms-lease-status": "unlocked",
        "x-ms-legal-hold": "false",
        "x-ms-request-id": "3059499e-601e-0061-1df3-26c216000000",
        "x-ms-server-encrypted": "true",
        "x-ms-version": "2024-02-04",
        "x-ms-version-id": "2023-12-04T20:52:33.2125957Z"
      },
      "ResponseBody": null
    },
    {
      "RequestUri": "https://REDACTED/17ed9c61-cf81-4dfc-978c-bc28999117d7?restype=container\u0026comp=list\u0026prefix=2d800d2f1setlegalhold675426951d3bbc14861942b88\u0026include=immutabilitypolicy%2Clegalhold",
      "RequestMethod": "GET",
      "RequestHeaders": {
        "Accept": "application/xml",
        "Authorization": "Sanitized",
        "Content-Length": "0",
        "Date": "Mon, 04 Dec 2023 20:52:32 GMT",
        "User-Agent": "azsdk-java-azure-storage-blob/12.26.0-beta.1 (17.0.8; Windows 11; 10.0)",
        "x-ms-client-request-id": "6845cf79-6fd2-410e-b0a0-bd98454d3858",
        "x-ms-version": "2024-02-04"
      },
      "RequestBody": null,
      "StatusCode": 200,
      "ResponseHeaders": {
        "Content-Type": "application/xml",
        "Date": "Mon, 04 Dec 2023 20:52:32 GMT",
        "Server": [
          "Windows-Azure-Blob/1.0",
          "Microsoft-HTTPAPI/2.0"
        ],
        "Transfer-Encoding": "chunked",
        "x-ms-client-request-id": "6845cf79-6fd2-410e-b0a0-bd98454d3858",
        "x-ms-request-id": "30594a08-601e-0061-03f3-26c216000000",
        "x-ms-version": "2024-02-04"
      },
      "ResponseBody": "\uFEFF\u003C?xml version=\u00221.0\u0022 encoding=\u0022utf-8\u0022?\u003E\u003CEnumerationResults ServiceEndpoint=\u0022https://ibrandesstorageversioned.blob.core.windows.net/\u0022 ContainerName=\u002217ed9c61-cf81-4dfc-978c-bc28999117d7\u0022\u003E\u003CPrefix\u003E2d800d2f1setlegalhold675426951d3bbc14861942b88\u003C/Prefix\u003E\u003CBlobs\u003E\u003CBlob\u003E\u003CName\u003E2d800d2f1setlegalhold675426951d3bbc14861942b88\u003C/Name\u003E\u003CVersionId\u003E2023-12-04T20:52:33.2125957Z\u003C/VersionId\u003E\u003CIsCurrentVersion\u003Etrue\u003C/IsCurrentVersion\u003E\u003CProperties\u003E\u003CCreation-Time\u003EMon, 04 Dec 2023 20:52:33 GMT\u003C/Creation-Time\u003E\u003CLast-Modified\u003EMon, 04 Dec 2023 20:52:33 GMT\u003C/Last-Modified\u003E\u003CEtag\u003E0x8DBF50AF03DC823\u003C/Etag\u003E\u003CContent-Length\u003E0\u003C/Content-Length\u003E\u003CContent-Type\u003Eapplication/octet-stream\u003C/Content-Type\u003E\u003CContent-Encoding /\u003E\u003CContent-Language /\u003E\u003CContent-CRC64 /\u003E\u003CContent-MD5\u003E1B2M2Y8AsgTpgAmY7PhCfg==\u003C/Content-MD5\u003E\u003CCache-Control /\u003E\u003CContent-Disposition /\u003E\u003CBlobType\u003EBlockBlob\u003C/BlobType\u003E\u003CAccessTier\u003EHot\u003C/AccessTier\u003E\u003CAccessTierInferred\u003Etrue\u003C/AccessTierInferred\u003E\u003CLeaseStatus\u003Eunlocked\u003C/LeaseStatus\u003E\u003CLeaseState\u003Eavailable\u003C/LeaseState\u003E\u003CServerEncrypted\u003Etrue\u003C/ServerEncrypted\u003E\u003CLegalHold\u003Efalse\u003C/LegalHold\u003E\u003C/Properties\u003E\u003COrMetadata /\u003E\u003C/Blob\u003E\u003C/Blobs\u003E\u003CNextMarker /\u003E\u003C/EnumerationResults\u003E"
    }
  ],
  "Variables": {
    "0": "2d800d2f0setlegalhold67570549d135f5f8cfdf4de9a",
    "1": "17ed9c61-cf81-4dfc-978c-bc28999117d7",
    "2": "2d800d2f1setlegalhold675426951d3bbc14861942b88"
  }
}
