{
  "Entries": [
    {
      "RequestUri": "https://REDACTED/f6fc79a20pageblobcreate8d414393a1f307b202d74626?restype=container",
      "RequestMethod": "PUT",
      "RequestHeaders": {
        "Accept": "application/xml",
        "Authorization": "Sanitized",
        "Content-Length": "0",
        "Date": "Mon, 04 Dec 2023 20:52:24 GMT",
        "User-Agent": "azsdk-java-azure-storage-blob/12.26.0-beta.1 (17.0.8; Windows 11; 10.0)",
        "x-ms-client-request-id": "684fde71-f36d-4014-a59c-ed380b3a3fa7",
        "x-ms-version": "2024-02-04"
      },
      "RequestBody": null,
      "StatusCode": 201,
      "ResponseHeaders": {
        "Content-Length": "0",
        "Date": "Mon, 04 Dec 2023 20:52:24 GMT",
        "ETag": "\u00220x8DBF50AEB507F4B\u0022",
        "Last-Modified": "Mon, 04 Dec 2023 20:52:24 GMT",
        "Server": [
          "Windows-Azure-Blob/1.0",
          "Microsoft-HTTPAPI/2.0"
        ],
        "x-ms-client-request-id": "684fde71-f36d-4014-a59c-ed380b3a3fa7",
        "x-ms-request-id": "3bb95b29-401e-004d-7cf3-265e6e000000",
        "x-ms-version": "2024-02-04"
      },
      "ResponseBody": null
    },
    {
      "RequestUri": "https://REDACTED/f6fc79a20pageblobcreate8d414393a1f307b202d74626?restype=container",
      "RequestMethod": "PUT",
      "RequestHeaders": {
        "Accept": "application/xml",
        "Authorization": "Sanitized",
        "Content-Length": "0",
        "Date": "Mon, 04 Dec 2023 20:52:24 GMT",
        "User-Agent": "azsdk-java-azure-storage-blob/12.26.0-beta.1 (17.0.8; Windows 11; 10.0)",
        "x-ms-client-request-id": "56e92577-8a3e-468d-b87e-b1bfba759e84",
        "x-ms-version": "2024-02-04"
      },
      "RequestBody": null,
      "StatusCode": 409,
      "ResponseHeaders": {
        "Content-Length": "230",
        "Content-Type": "application/xml",
        "Date": "Mon, 04 Dec 2023 20:52:24 GMT",
        "Server": [
          "Windows-Azure-Blob/1.0",
          "Microsoft-HTTPAPI/2.0"
        ],
        "x-ms-client-request-id": "56e92577-8a3e-468d-b87e-b1bfba759e84",
        "x-ms-error-code": "ContainerAlreadyExists",
        "x-ms-request-id": "3bb95b92-401e-004d-59f3-265e6e000000",
        "x-ms-version": "2024-02-04"
      },
      "ResponseBody": [
        "\uFEFF\u003C?xml version=\u00221.0\u0022 encoding=\u0022utf-8\u0022?\u003E\u003CError\u003E\u003CCode\u003EContainerAlreadyExists\u003C/Code\u003E\u003CMessage\u003EThe specified container already exists.\n",
        "RequestId:3bb95b92-401e-004d-59f3-265e6e000000\n",
        "Time:2023-12-04T20:52:25.0236004Z\u003C/Message\u003E\u003C/Error\u003E"
      ]
    },
    {
      "RequestUri": "https://REDACTED/08d0d919-5936-4fda-8dde-0d048ecf7193/f6fc79a21pageblobcreate8d4338234296218766974aa6",
      "RequestMethod": "HEAD",
      "RequestHeaders": {
        "Accept": "application/xml",
        "Authorization": "Sanitized",
        "Content-Length": "0",
        "Date": "Mon, 04 Dec 2023 20:52:24 GMT",
        "User-Agent": "azsdk-java-azure-storage-blob/12.26.0-beta.1 (17.0.8; Windows 11; 10.0)",
        "x-ms-client-request-id": "0917ad00-ea4f-40cc-a56f-9b693c2c1d96",
        "x-ms-version": "2024-02-04"
      },
      "RequestBody": null,
      "StatusCode": 404,
      "ResponseHeaders": {
        "Date": "Mon, 04 Dec 2023 20:52:24 GMT",
        "Server": [
          "Windows-Azure-Blob/1.0",
          "Microsoft-HTTPAPI/2.0"
        ],
        "Transfer-Encoding": "chunked",
        "x-ms-client-request-id": "0917ad00-ea4f-40cc-a56f-9b693c2c1d96",
        "x-ms-error-code": "BlobNotFound",
        "x-ms-request-id": "30592891-601e-0061-08f3-26c216000000",
        "x-ms-version": "2024-02-04"
      },
      "ResponseBody": null
    },
    {
      "RequestUri": "https://REDACTED/08d0d919-5936-4fda-8dde-0d048ecf7193/f6fc79a21pageblobcreate8d4338234296218766974aa6",
      "RequestMethod": "PUT",
      "RequestHeaders": {
        "Accept": "application/xml",
        "Authorization": "Sanitized",
        "Content-Length": "0",
        "Content-Type": "application/octet-stream",
        "Date": "Mon, 04 Dec 2023 20:52:24 GMT",
        "If-None-Match": "*",
        "User-Agent": "azsdk-java-azure-storage-blob/12.26.0-beta.1 (17.0.8; Windows 11; 10.0)",
        "x-ms-blob-type": "BlockBlob",
        "x-ms-client-request-id": "c81aea4a-0a45-4f20-89a1-2a6453298dbd",
        "x-ms-version": "2024-02-04"
      },
      "RequestBody": null,
      "StatusCode": 201,
      "ResponseHeaders": {
        "Content-Length": "0",
        "Content-MD5": "1B2M2Y8AsgTpgAmY7PhCfg==",
        "Date": "Mon, 04 Dec 2023 20:52:24 GMT",
        "ETag": "\u00220x8DBF50AEB74DB7C\u0022",
        "Last-Modified": "Mon, 04 Dec 2023 20:52:25 GMT",
        "Server": [
          "Windows-Azure-Blob/1.0",
          "Microsoft-HTTPAPI/2.0"
        ],
        "x-ms-client-request-id": "c81aea4a-0a45-4f20-89a1-2a6453298dbd",
        "x-ms-content-crc64": "AAAAAAAAAAA=",
        "x-ms-request-id": "305928d1-601e-0061-43f3-26c216000000",
        "x-ms-request-server-encrypted": "true",
        "x-ms-version": "2024-02-04",
        "x-ms-version-id": "2023-12-04T20:52:25.1839356Z"
      },
      "ResponseBody": null
    },
    {
      "RequestUri": "https://REDACTED/08d0d919-5936-4fda-8dde-0d048ecf7193/f6fc79a22pageblobcreate8d463868e6b4e31f11c042f0",
      "RequestMethod": "PUT",
      "RequestHeaders": {
        "Accept": "application/xml",
        "Authorization": "Sanitized",
        "Content-Length": "0",
        "Date": "Mon, 04 Dec 2023 20:52:24 GMT",
        "User-Agent": "azsdk-java-azure-storage-blob/12.26.0-beta.1 (17.0.8; Windows 11; 10.0)",
        "x-ms-blob-content-length": "512",
        "x-ms-blob-type": "PageBlob",
        "x-ms-client-request-id": "4b777108-f714-4765-902f-db326c488cfe",
        "x-ms-immutability-policy-mode": "Unlocked",
        "x-ms-immutability-policy-until-date": "Wed, 06 Dec 2023 20:52:24 GMT",
        "x-ms-legal-hold": "true",
        "x-ms-version": "2024-02-04"
      },
      "RequestBody": null,
      "StatusCode": 201,
      "ResponseHeaders": {
        "Content-Length": "0",
        "Date": "Mon, 04 Dec 2023 20:52:24 GMT",
        "ETag": "\u00220x8DBF50AEB834A26\u0022",
        "Last-Modified": "Mon, 04 Dec 2023 20:52:25 GMT",
        "Server": [
          "Windows-Azure-Blob/1.0",
          "Microsoft-HTTPAPI/2.0"
        ],
        "x-ms-client-request-id": "4b777108-f714-4765-902f-db326c488cfe",
        "x-ms-request-id": "30592935-601e-0061-19f3-26c216000000",
        "x-ms-request-server-encrypted": "true",
        "x-ms-version": "2024-02-04",
        "x-ms-version-id": "2023-12-04T20:52:25.2785190Z"
      },
      "ResponseBody": null
    },
    {
      "RequestUri": "https://REDACTED/08d0d919-5936-4fda-8dde-0d048ecf7193/f6fc79a22pageblobcreate8d463868e6b4e31f11c042f0",
      "RequestMethod": "HEAD",
      "RequestHeaders": {
        "Accept": "application/xml",
        "Authorization": "Sanitized",
        "Content-Length": "0",
        "Date": "Mon, 04 Dec 2023 20:52:24 GMT",
        "User-Agent": "azsdk-java-azure-storage-blob/12.26.0-beta.1 (17.0.8; Windows 11; 10.0)",
        "x-ms-client-request-id": "8db97ec8-d7de-4c6c-b128-7767f3c43b54",
        "x-ms-version": "2024-02-04"
      },
      "RequestBody": null,
      "StatusCode": 200,
      "ResponseHeaders": {
        "Accept-Ranges": "bytes",
        "Content-Length": "512",
        "Content-Type": "application/octet-stream",
        "Date": "Mon, 04 Dec 2023 20:52:24 GMT",
        "ETag": "\u00220x8DBF50AEB834A26\u0022",
        "Last-Modified": "Mon, 04 Dec 2023 20:52:25 GMT",
        "Server": [
          "Windows-Azure-Blob/1.0",
          "Microsoft-HTTPAPI/2.0"
        ],
        "x-ms-blob-sequence-number": "0",
        "x-ms-blob-type": "PageBlob",
        "x-ms-client-request-id": "8db97ec8-d7de-4c6c-b128-7767f3c43b54",
        "x-ms-creation-time": "Mon, 04 Dec 2023 20:52:25 GMT",
        "x-ms-immutability-policy-mode": "unlocked",
        "x-ms-immutability-policy-until-date": "Wed, 06 Dec 2023 20:52:24 GMT",
        "x-ms-is-current-version": "true",
        "x-ms-lease-state": "available",
        "x-ms-lease-status": "unlocked",
        "x-ms-legal-hold": "true",
        "x-ms-request-id": "305929bc-601e-0061-14f3-26c216000000",
        "x-ms-server-encrypted": "true",
        "x-ms-version": "2024-02-04",
        "x-ms-version-id": "2023-12-04T20:52:25.2785190Z"
      },
      "ResponseBody": null
    }
  ],
  "Variables": {
    "0": "f6fc79a20pageblobcreate8d414393a1f307b202d74626",
    "1": "08d0d919-5936-4fda-8dde-0d048ecf7193",
    "2": "f6fc79a21pageblobcreate8d4338234296218766974aa6",
    "3": "f6fc79a22pageblobcreate8d463868e6b4e31f11c042f0",
    "4": "2023-12-04T20:52:24.425556700Z"
  }
}
