{
  "Entries": [
    {
      "RequestUri": "https://REDACTED/1452082c0setimmutabilitypolicyia2e0933657debb407089?restype=container",
      "RequestMethod": "PUT",
      "RequestHeaders": {
        "Accept": "application/xml",
        "Authorization": "Sanitized",
        "Content-Length": "0",
        "Date": "Mon, 04 Dec 2023 20:52:26 GMT",
        "User-Agent": "azsdk-java-azure-storage-blob/12.26.0-beta.1 (17.0.8; Windows 11; 10.0)",
        "x-ms-client-request-id": "51095c4c-327f-493a-bb82-cb9e3b70ad9d",
        "x-ms-version": "2024-02-04"
      },
      "RequestBody": null,
      "StatusCode": 201,
      "ResponseHeaders": {
        "Content-Length": "0",
        "Date": "Mon, 04 Dec 2023 20:52:27 GMT",
        "ETag": "\u00220x8DBF50AECEC665C\u0022",
        "Last-Modified": "Mon, 04 Dec 2023 20:52:27 GMT",
        "Server": [
          "Windows-Azure-Blob/1.0",
          "Microsoft-HTTPAPI/2.0"
        ],
        "x-ms-client-request-id": "51095c4c-327f-493a-bb82-cb9e3b70ad9d",
        "x-ms-request-id": "3bb96bbe-401e-004d-5ef3-265e6e000000",
        "x-ms-version": "2024-02-04"
      },
      "ResponseBody": null
    },
    {
      "RequestUri": "https://REDACTED/1452082c0setimmutabilitypolicyia2e0933657debb407089?restype=container",
      "RequestMethod": "PUT",
      "RequestHeaders": {
        "Accept": "application/xml",
        "Authorization": "Sanitized",
        "Content-Length": "0",
        "Date": "Mon, 04 Dec 2023 20:52:26 GMT",
        "User-Agent": "azsdk-java-azure-storage-blob/12.26.0-beta.1 (17.0.8; Windows 11; 10.0)",
        "x-ms-client-request-id": "d3bc4abe-d5b2-40ad-a703-1f1dbcc082e7",
        "x-ms-version": "2024-02-04"
      },
      "RequestBody": null,
      "StatusCode": 409,
      "ResponseHeaders": {
        "Content-Length": "230",
        "Content-Type": "application/xml",
        "Date": "Mon, 04 Dec 2023 20:52:27 GMT",
        "Server": [
          "Windows-Azure-Blob/1.0",
          "Microsoft-HTTPAPI/2.0"
        ],
        "x-ms-client-request-id": "d3bc4abe-d5b2-40ad-a703-1f1dbcc082e7",
        "x-ms-error-code": "ContainerAlreadyExists",
        "x-ms-request-id": "3bb96c3f-401e-004d-55f3-265e6e000000",
        "x-ms-version": "2024-02-04"
      },
      "ResponseBody": [
        "\uFEFF\u003C?xml version=\u00221.0\u0022 encoding=\u0022utf-8\u0022?\u003E\u003CError\u003E\u003CCode\u003EContainerAlreadyExists\u003C/Code\u003E\u003CMessage\u003EThe specified container already exists.\n",
        "RequestId:3bb96c3f-401e-004d-55f3-265e6e000000\n",
        "Time:2023-12-04T20:52:27.7250442Z\u003C/Message\u003E\u003C/Error\u003E"
      ]
    },
    {
      "RequestUri": "https://REDACTED/08d0d919-5936-4fda-8dde-0d048ecf7193/1452082c1setimmutabilitypolicyia2e09537739f6047b461",
      "RequestMethod": "HEAD",
      "RequestHeaders": {
        "Accept": "application/xml",
        "Authorization": "Sanitized",
        "Content-Length": "0",
        "Date": "Mon, 04 Dec 2023 20:52:26 GMT",
        "User-Agent": "azsdk-java-azure-storage-blob/12.26.0-beta.1 (17.0.8; Windows 11; 10.0)",
        "x-ms-client-request-id": "c2abee3f-e1c2-42cc-a28f-49699342f620",
        "x-ms-version": "2024-02-04"
      },
      "RequestBody": null,
      "StatusCode": 404,
      "ResponseHeaders": {
        "Date": "Mon, 04 Dec 2023 20:52:27 GMT",
        "Server": [
          "Windows-Azure-Blob/1.0",
          "Microsoft-HTTPAPI/2.0"
        ],
        "Transfer-Encoding": "chunked",
        "x-ms-client-request-id": "c2abee3f-e1c2-42cc-a28f-49699342f620",
        "x-ms-error-code": "BlobNotFound",
        "x-ms-request-id": "305932e6-601e-0061-7af3-26c216000000",
        "x-ms-version": "2024-02-04"
      },
      "ResponseBody": null
    },
    {
      "RequestUri": "https://REDACTED/08d0d919-5936-4fda-8dde-0d048ecf7193/1452082c1setimmutabilitypolicyia2e09537739f6047b461",
      "RequestMethod": "PUT",
      "RequestHeaders": {
        "Accept": "application/xml",
        "Authorization": "Sanitized",
        "Content-Length": "0",
        "Content-Type": "application/octet-stream",
        "Date": "Mon, 04 Dec 2023 20:52:27 GMT",
        "If-None-Match": "*",
        "User-Agent": "azsdk-java-azure-storage-blob/12.26.0-beta.1 (17.0.8; Windows 11; 10.0)",
        "x-ms-blob-type": "BlockBlob",
        "x-ms-client-request-id": "88d22ebc-888f-4ab2-83cd-2acfafe4618f",
        "x-ms-version": "2024-02-04"
      },
      "RequestBody": null,
      "StatusCode": 201,
      "ResponseHeaders": {
        "Content-Length": "0",
        "Content-MD5": "1B2M2Y8AsgTpgAmY7PhCfg==",
        "Date": "Mon, 04 Dec 2023 20:52:27 GMT",
        "ETag": "\u00220x8DBF50AED10DCB8\u0022",
        "Last-Modified": "Mon, 04 Dec 2023 20:52:27 GMT",
        "Server": [
          "Windows-Azure-Blob/1.0",
          "Microsoft-HTTPAPI/2.0"
        ],
        "x-ms-client-request-id": "88d22ebc-888f-4ab2-83cd-2acfafe4618f",
        "x-ms-content-crc64": "AAAAAAAAAAA=",
        "x-ms-request-id": "30593320-601e-0061-2ff3-26c216000000",
        "x-ms-request-server-encrypted": "true",
        "x-ms-version": "2024-02-04",
        "x-ms-version-id": "2023-12-04T20:52:27.8840504Z"
      },
      "ResponseBody": null
    }
  ],
  "Variables": {
    "0": "1452082c0setimmutabilitypolicyia2e0933657debb407089",
    "1": "08d0d919-5936-4fda-8dde-0d048ecf7193",
    "2": "1452082c1setimmutabilitypolicyia2e09537739f6047b461",
    "3": "2023-12-04T20:52:27.134182400Z"
  }
}
