{
  "Entries": [
    {
      "RequestUri": "https://REDACTED/388e188a0containersas46e50768ea6e5450036e4739b?restype=container",
      "RequestMethod": "PUT",
      "RequestHeaders": {
        "Accept": "application/xml",
        "Authorization": "Sanitized",
        "Content-Length": "0",
        "Date": "Mon, 11 Dec 2023 19:09:41 GMT",
        "User-Agent": "azsdk-java-azure-storage-blob/12.26.0-beta.1 (17.0.8; Windows 11; 10.0)",
        "x-ms-client-request-id": "fae09eb0-d760-40a2-8bc7-bf4810b787ff",
        "x-ms-version": "2024-02-04"
      },
      "RequestBody": null,
      "StatusCode": 201,
      "ResponseHeaders": {
        "Content-Length": "0",
        "Date": "Mon, 11 Dec 2023 19:09:44 GMT",
        "ETag": "\u00220x8DBFA7CBC77537D\u0022",
        "Last-Modified": "Mon, 11 Dec 2023 19:09:44 GMT",
        "Server": [
          "Windows-Azure-Blob/1.0",
          "Microsoft-HTTPAPI/2.0"
        ],
        "x-ms-client-request-id": "fae09eb0-d760-40a2-8bc7-bf4810b787ff",
        "x-ms-request-id": "dd0b17ef-801e-0022-4165-2c5279000000",
        "x-ms-version": "2024-02-04"
      },
      "ResponseBody": null
    },
    {
      "RequestUri": "https://REDACTED/388e188a0containersas46e50768ea6e5450036e4739b?restype=container",
      "RequestMethod": "PUT",
      "RequestHeaders": {
        "Accept": "application/xml",
        "Authorization": "Sanitized",
        "Content-Length": "0",
        "Date": "Mon, 11 Dec 2023 19:09:41 GMT",
        "User-Agent": "azsdk-java-azure-storage-blob/12.26.0-beta.1 (17.0.8; Windows 11; 10.0)",
        "x-ms-client-request-id": "ca4c4edf-0b7b-40ac-b3fc-c392e58e99f0",
        "x-ms-version": "2024-02-04"
      },
      "RequestBody": null,
      "StatusCode": 409,
      "ResponseHeaders": {
        "Content-Length": "230",
        "Content-Type": "application/xml",
        "Date": "Mon, 11 Dec 2023 19:09:44 GMT",
        "Server": [
          "Windows-Azure-Blob/1.0",
          "Microsoft-HTTPAPI/2.0"
        ],
        "x-ms-client-request-id": "ca4c4edf-0b7b-40ac-b3fc-c392e58e99f0",
        "x-ms-error-code": "ContainerAlreadyExists",
        "x-ms-request-id": "dd0b1872-801e-0022-3e65-2c5279000000",
        "x-ms-version": "2024-02-04"
      },
      "ResponseBody": [
        "\uFEFF\u003C?xml version=\u00221.0\u0022 encoding=\u0022utf-8\u0022?\u003E\u003CError\u003E\u003CCode\u003EContainerAlreadyExists\u003C/Code\u003E\u003CMessage\u003EThe specified container already exists.\n",
        "RequestId:dd0b1872-801e-0022-3e65-2c5279000000\n",
        "Time:2023-12-11T19:09:44.8792099Z\u003C/Message\u003E\u003C/Error\u003E"
      ]
    },
    {
      "RequestUri": "https://REDACTED/76ff213f-76c9-41ec-93e2-6f709b8015aa/388e188a1containersas46e169581b993c62c3b24ec6a",
      "RequestMethod": "PUT",
      "RequestHeaders": {
        "Accept": "application/xml",
        "Authorization": "Sanitized",
        "Content-Length": "0",
        "Content-Type": "application/octet-stream",
        "Date": "Mon, 11 Dec 2023 19:09:41 GMT",
        "If-None-Match": "*",
        "User-Agent": "azsdk-java-azure-storage-blob/12.26.0-beta.1 (17.0.8; Windows 11; 10.0)",
        "x-ms-blob-type": "BlockBlob",
        "x-ms-client-request-id": "b8f23098-cd15-47ea-ab41-e8c3ed24daf3",
        "x-ms-version": "2024-02-04"
      },
      "RequestBody": null,
      "StatusCode": 201,
      "ResponseHeaders": {
        "Content-Length": "0",
        "Content-MD5": "1B2M2Y8AsgTpgAmY7PhCfg==",
        "Date": "Mon, 11 Dec 2023 19:09:44 GMT",
        "ETag": "\u00220x8DBFA7CBC9366B6\u0022",
        "Last-Modified": "Mon, 11 Dec 2023 19:09:44 GMT",
        "Server": [
          "Windows-Azure-Blob/1.0",
          "Microsoft-HTTPAPI/2.0"
        ],
        "x-ms-client-request-id": "b8f23098-cd15-47ea-ab41-e8c3ed24daf3",
        "x-ms-content-crc64": "AAAAAAAAAAA=",
        "x-ms-request-id": "66cb93c7-501e-0008-1b65-2cfb5a000000",
        "x-ms-request-server-encrypted": "true",
        "x-ms-version": "2024-02-04",
        "x-ms-version-id": "2023-12-11T19:09:44.9722550Z"
      },
      "ResponseBody": null
    },
    {
      "RequestUri": "https://REDACTED/76ff213f-76c9-41ec-93e2-6f709b8015aa/388e188a1containersas46e169581b993c62c3b24ec6a?comp=immutabilityPolicies\u0026sv=2024-02-04\u0026se=2023-12-12T19%3A09%3A41Z\u0026sr=c\u0026sp=racwdxltmei\u0026REDACTED",
      "RequestMethod": "PUT",
      "RequestHeaders": {
        "Accept": "application/xml",
        "Content-Length": "0",
        "Date": "Mon, 11 Dec 2023 19:09:41 GMT",
        "User-Agent": "azsdk-java-azure-storage-blob/12.26.0-beta.1 (17.0.8; Windows 11; 10.0)",
        "x-ms-client-request-id": "a8611d70-0430-45f5-bae6-526520201234",
        "x-ms-immutability-policy-mode": "Unlocked",
        "x-ms-immutability-policy-until-date": "Wed, 13 Dec 2023 19:09:41 GMT",
        "x-ms-version": "2024-02-04"
      },
      "RequestBody": null,
      "StatusCode": 200,
      "ResponseHeaders": {
        "Content-Length": "0",
        "Date": "Mon, 11 Dec 2023 19:09:44 GMT",
        "Server": [
          "Windows-Azure-Blob/1.0",
          "Microsoft-HTTPAPI/2.0"
        ],
        "x-ms-client-request-id": "a8611d70-0430-45f5-bae6-526520201234",
        "x-ms-immutability-policy-mode": "unlocked",
        "x-ms-immutability-policy-until-date": "Wed, 13 Dec 2023 19:09:41 GMT",
        "x-ms-request-id": "e7b15769-901e-0028-1765-2c80fd000000",
        "x-ms-version": "2024-02-04"
      },
      "ResponseBody": null
    },
    {
      "RequestUri": "https://REDACTED/76ff213f-76c9-41ec-93e2-6f709b8015aa/388e188a1containersas46e169581b993c62c3b24ec6a?comp=legalhold\u0026sv=2024-02-04\u0026se=2023-12-12T19%3A09%3A41Z\u0026sr=c\u0026sp=racwdxltmei\u0026REDACTED",
      "RequestMethod": "PUT",
      "RequestHeaders": {
        "Accept": "application/xml",
        "Content-Length": "0",
        "Date": "Mon, 11 Dec 2023 19:09:41 GMT",
        "User-Agent": "azsdk-java-azure-storage-blob/12.26.0-beta.1 (17.0.8; Windows 11; 10.0)",
        "x-ms-client-request-id": "3b49eb6c-ad89-4dab-afcd-36a043e28551",
        "x-ms-legal-hold": "false",
        "x-ms-version": "2024-02-04"
      },
      "RequestBody": null,
      "StatusCode": 200,
      "ResponseHeaders": {
        "Content-Length": "0",
        "Date": "Mon, 11 Dec 2023 19:09:44 GMT",
        "Server": [
          "Windows-Azure-Blob/1.0",
          "Microsoft-HTTPAPI/2.0"
        ],
        "x-ms-client-request-id": "3b49eb6c-ad89-4dab-afcd-36a043e28551",
        "x-ms-legal-hold": "false",
        "x-ms-request-id": "e7b157ba-901e-0028-6365-2c80fd000000",
        "x-ms-version": "2024-02-04"
      },
      "ResponseBody": null
    }
  ],
  "Variables": {
    "0": "388e188a0containersas46e50768ea6e5450036e4739b",
    "1": "76ff213f-76c9-41ec-93e2-6f709b8015aa",
    "2": "388e188a1containersas46e169581b993c62c3b24ec6a",
    "3": "2023-12-11T19:09:41.346028500Z",
    "4": "2023-12-11T19:09:41.346028500Z"
  }
}
