{
  "Entries": [
    {
      "RequestUri": "https://REDACTED/388743000copybef346245e4ab31854844c30b857c?restype=container",
      "RequestMethod": "PUT",
      "RequestHeaders": {
        "Accept": "application/xml",
        "Authorization": "Sanitized",
        "Content-Length": "0",
        "Date": "Tue, 26 Nov 2024 20:10:53 GMT",
        "User-Agent": "azsdk-java-azure-storage-blob/12.30.0-beta.1 (21.0.2; Windows 11; 10.0)",
        "x-ms-client-request-id": "Sanitized",
        "x-ms-version": "2025-01-05"
      },
      "RequestBody": null,
      "StatusCode": 201,
      "ResponseHeaders": {
        "Content-Length": "0",
        "Date": "Tue, 26 Nov 2024 20:10:53 GMT",
        "ETag": "\"0x8DD0E566E59BD0E\"",
        "Last-Modified": "Tue, 26 Nov 2024 20:10:53 GMT",
        "Server": [
          "Windows-Azure-Blob/1.0",
          "Microsoft-HTTPAPI/2.0"
        ],
        "x-ms-client-request-id": "Sanitized",
        "x-ms-request-id": "Sanitized",
        "x-ms-version": "2025-01-05"
      },
      "ResponseBody": null
    },
    {
      "RequestUri": "https://REDACTED/388743000copybef346245e4ab31854844c30b857c?restype=container",
      "RequestMethod": "PUT",
      "RequestHeaders": {
        "Accept": "application/xml",
        "Authorization": "Sanitized",
        "Content-Length": "0",
        "Date": "Tue, 26 Nov 2024 20:10:54 GMT",
        "User-Agent": "azsdk-java-azure-storage-blob/12.30.0-beta.1 (21.0.2; Windows 11; 10.0)",
        "x-ms-client-request-id": "Sanitized",
        "x-ms-version": "2025-01-05"
      },
      "RequestBody": null,
      "StatusCode": 409,
      "ResponseHeaders": {
        "Content-Length": "230",
        "Content-Type": "application/xml",
        "Date": "Tue, 26 Nov 2024 20:10:53 GMT",
        "Server": [
          "Windows-Azure-Blob/1.0",
          "Microsoft-HTTPAPI/2.0"
        ],
        "x-ms-client-request-id": "Sanitized",
        "x-ms-error-code": "ContainerAlreadyExists",
        "x-ms-request-id": "Sanitized",
        "x-ms-version": "2025-01-05"
      },
      "ResponseBody": [
        "\uFEFF<?xml version=\"1.0\" encoding=\"utf-8\"?><Error><Code>ContainerAlreadyExists</Code><Message>The specified container already exists.\n",
        "RequestId:571d07d5-e01e-0016-3f3f-40074d000000\n",
        "Time:2024-11-26T20:10:53.8849763Z</Message></Error>"
      ]
    },
    {
      "RequestUri": "https://REDACTED/85980de8-b9ac-4a06-ab98-1074a3482555/388743001copybef03706f498e43f7db941abb5291",
      "RequestMethod": "HEAD",
      "RequestHeaders": {
        "Accept": "application/xml",
        "Authorization": "Sanitized",
        "Content-Length": "0",
        "Date": "Tue, 26 Nov 2024 20:10:54 GMT",
        "User-Agent": "azsdk-java-azure-storage-blob/12.30.0-beta.1 (21.0.2; Windows 11; 10.0)",
        "x-ms-client-request-id": "Sanitized",
        "x-ms-version": "2025-01-05"
      },
      "RequestBody": null,
      "StatusCode": 404,
      "ResponseHeaders": {
        "Date": "Tue, 26 Nov 2024 20:10:53 GMT",
        "Server": [
          "Windows-Azure-Blob/1.0",
          "Microsoft-HTTPAPI/2.0"
        ],
        "Transfer-Encoding": "chunked",
        "x-ms-client-request-id": "Sanitized",
        "x-ms-error-code": "BlobNotFound",
        "x-ms-request-id": "Sanitized",
        "x-ms-version": "2025-01-05"
      },
      "ResponseBody": null
    },
    {
      "RequestUri": "https://REDACTED/85980de8-b9ac-4a06-ab98-1074a3482555/388743001copybef03706f498e43f7db941abb5291",
      "RequestMethod": "PUT",
      "RequestHeaders": {
        "Accept": "application/xml",
        "Authorization": "Sanitized",
        "Content-Length": "0",
        "Content-Type": "application/octet-stream",
        "Date": "Tue, 26 Nov 2024 20:10:54 GMT",
        "If-None-Match": "*",
        "User-Agent": "azsdk-java-azure-storage-blob/12.30.0-beta.1 (21.0.2; Windows 11; 10.0)",
        "x-ms-blob-type": "BlockBlob",
        "x-ms-client-request-id": "Sanitized",
        "x-ms-version": "2025-01-05"
      },
      "RequestBody": null,
      "StatusCode": 201,
      "ResponseHeaders": {
        "Content-Length": "0",
        "Content-MD5": "1B2M2Y8AsgTpgAmY7PhCfg==",
        "Date": "Tue, 26 Nov 2024 20:10:53 GMT",
        "ETag": "\"0x8DD0E566E8AD4C7\"",
        "Last-Modified": "Tue, 26 Nov 2024 20:10:54 GMT",
        "Server": [
          "Windows-Azure-Blob/1.0",
          "Microsoft-HTTPAPI/2.0"
        ],
        "x-ms-client-request-id": "Sanitized",
        "x-ms-content-crc64": "AAAAAAAAAAA=",
        "x-ms-request-id": "Sanitized",
        "x-ms-request-server-encrypted": "true",
        "x-ms-version": "2025-01-05",
        "x-ms-version-id": "2024-11-26T20:10:54.1046983Z"
      },
      "ResponseBody": null
    },
    {
      "RequestUri": "https://REDACTED/85980de8-b9ac-4a06-ab98-1074a3482555/388743002copybef28007b0b2a070e500412895e32",
      "RequestMethod": "PUT",
      "RequestHeaders": {
        "Accept": "application/xml",
        "Authorization": "Sanitized",
        "Content-Length": "0",
        "Date": "Tue, 26 Nov 2024 20:10:54 GMT",
        "User-Agent": "azsdk-java-azure-storage-blob/12.30.0-beta.1 (21.0.2; Windows 11; 10.0)",
        "x-ms-client-request-id": "Sanitized",
        "x-ms-copy-source": "Sanitized",
        "x-ms-immutability-policy-mode": "Unlocked",
        "x-ms-immutability-policy-until-date": "Thu, 28 Nov 2024 20:10:54 GMT",
        "x-ms-legal-hold": "true",
        "x-ms-version": "2025-01-05"
      },
      "RequestBody": null,
      "StatusCode": 202,
      "ResponseHeaders": {
        "Content-Length": "0",
        "Date": "Tue, 26 Nov 2024 20:10:53 GMT",
        "ETag": "\"0x8DD0E566E9A2A1B\"",
        "Last-Modified": "Tue, 26 Nov 2024 20:10:54 GMT",
        "Server": [
          "Windows-Azure-Blob/1.0",
          "Microsoft-HTTPAPI/2.0"
        ],
        "x-ms-client-request-id": "Sanitized",
        "x-ms-copy-id": "f1d6efef-f35a-4bf2-887f-d49f6b3e3e10",
        "x-ms-copy-status": "success",
        "x-ms-request-id": "Sanitized",
        "x-ms-version": "2025-01-05",
        "x-ms-version-id": "2024-11-26T20:10:54.2062519Z"
      },
      "ResponseBody": null
    },
    {
      "RequestUri": "https://REDACTED/85980de8-b9ac-4a06-ab98-1074a3482555/388743002copybef28007b0b2a070e500412895e32",
      "RequestMethod": "HEAD",
      "RequestHeaders": {
        "Accept": "application/xml",
        "Authorization": "Sanitized",
        "Content-Length": "0",
        "Date": "Tue, 26 Nov 2024 20:10:55 GMT",
        "User-Agent": "azsdk-java-azure-storage-blob/12.30.0-beta.1 (21.0.2; Windows 11; 10.0)",
        "x-ms-client-request-id": "Sanitized",
        "x-ms-version": "2025-01-05"
      },
      "RequestBody": null,
      "StatusCode": 200,
      "ResponseHeaders": {
        "Accept-Ranges": "bytes",
        "Content-Length": "0",
        "Content-MD5": "1B2M2Y8AsgTpgAmY7PhCfg==",
        "Content-Type": "application/octet-stream",
        "Date": "Tue, 26 Nov 2024 20:10:54 GMT",
        "ETag": "\"0x8DD0E566E9A2A1B\"",
        "Last-Modified": "Tue, 26 Nov 2024 20:10:54 GMT",
        "Server": [
          "Windows-Azure-Blob/1.0",
          "Microsoft-HTTPAPI/2.0"
        ],
        "x-ms-access-tier": "Hot",
        "x-ms-access-tier-inferred": "true",
        "x-ms-blob-type": "BlockBlob",
        "x-ms-client-request-id": "Sanitized",
        "x-ms-copy-completion-time": "Tue, 26 Nov 2024 20:10:54 GMT",
        "x-ms-copy-id": "f1d6efef-f35a-4bf2-887f-d49f6b3e3e10",
        "x-ms-copy-progress": "0/0",
        "x-ms-copy-source": "Sanitized",
        "x-ms-copy-status": "success",
        "x-ms-creation-time": "Tue, 26 Nov 2024 20:10:54 GMT",
        "x-ms-immutability-policy-mode": "unlocked",
        "x-ms-immutability-policy-until-date": "Thu, 28 Nov 2024 20:10:54 GMT",
        "x-ms-is-current-version": "true",
        "x-ms-lease-state": "available",
        "x-ms-lease-status": "unlocked",
        "x-ms-legal-hold": "true",
        "x-ms-request-id": "Sanitized",
        "x-ms-server-encrypted": "true",
        "x-ms-version": "2025-01-05",
        "x-ms-version-id": "2024-11-26T20:10:54.2062519Z"
      },
      "ResponseBody": null
    },
    {
      "RequestUri": "https://REDACTED/85980de8-b9ac-4a06-ab98-1074a3482555/388743002copybef28007b0b2a070e500412895e32",
      "RequestMethod": "HEAD",
      "RequestHeaders": {
        "Accept": "application/xml",
        "Authorization": "Sanitized",
        "Content-Length": "0",
        "Date": "Tue, 26 Nov 2024 20:10:55 GMT",
        "User-Agent": "azsdk-java-azure-storage-blob/12.30.0-beta.1 (21.0.2; Windows 11; 10.0)",
        "x-ms-client-request-id": "Sanitized",
        "x-ms-version": "2025-01-05"
      },
      "RequestBody": null,
      "StatusCode": 200,
      "ResponseHeaders": {
        "Accept-Ranges": "bytes",
        "Content-Length": "0",
        "Content-MD5": "1B2M2Y8AsgTpgAmY7PhCfg==",
        "Content-Type": "application/octet-stream",
        "Date": "Tue, 26 Nov 2024 20:10:55 GMT",
        "ETag": "\"0x8DD0E566E9A2A1B\"",
        "Last-Modified": "Tue, 26 Nov 2024 20:10:54 GMT",
        "Server": [
          "Windows-Azure-Blob/1.0",
          "Microsoft-HTTPAPI/2.0"
        ],
        "x-ms-access-tier": "Hot",
        "x-ms-access-tier-inferred": "true",
        "x-ms-blob-type": "BlockBlob",
        "x-ms-client-request-id": "Sanitized",
        "x-ms-copy-completion-time": "Tue, 26 Nov 2024 20:10:54 GMT",
        "x-ms-copy-id": "f1d6efef-f35a-4bf2-887f-d49f6b3e3e10",
        "x-ms-copy-progress": "0/0",
        "x-ms-copy-source": "Sanitized",
        "x-ms-copy-status": "success",
        "x-ms-creation-time": "Tue, 26 Nov 2024 20:10:54 GMT",
        "x-ms-immutability-policy-mode": "unlocked",
        "x-ms-immutability-policy-until-date": "Thu, 28 Nov 2024 20:10:54 GMT",
        "x-ms-is-current-version": "true",
        "x-ms-lease-state": "available",
        "x-ms-lease-status": "unlocked",
        "x-ms-legal-hold": "true",
        "x-ms-request-id": "Sanitized",
        "x-ms-server-encrypted": "true",
        "x-ms-version": "2025-01-05",
        "x-ms-version-id": "2024-11-26T20:10:54.2062519Z"
      },
      "ResponseBody": null
    }
  ],
  "Variables": {
    "0": "388743000copybef346245e4ab31854844c30b857c",
    "1": "85980de8-b9ac-4a06-ab98-1074a3482555",
    "2": "388743001copybef03706f498e43f7db941abb5291",
    "3": "388743002copybef28007b0b2a070e500412895e32",
    "4": "2024-11-26T20:10:54.348583500Z"
  }
}
