{
  "Entries": [
    {
      "RequestUri": "https://REDACTED/7fd0bde90accountsas8cb33518b892368783b94493ba?restype=container",
      "RequestMethod": "PUT",
      "RequestHeaders": {
        "Accept": "application/xml",
        "Authorization": "Sanitized",
        "Content-Length": "0",
        "Date": "Mon, 11 Dec 2023 19:10:27 GMT",
        "User-Agent": "azsdk-java-azure-storage-blob/12.26.0-beta.1 (17.0.8; Windows 11; 10.0)",
        "x-ms-client-request-id": "49de68ae-df7e-406e-9a41-ff0b8beeca4b",
        "x-ms-version": "2024-02-04"
      },
      "RequestBody": null,
      "StatusCode": 201,
      "ResponseHeaders": {
        "Content-Length": "0",
        "Date": "Mon, 11 Dec 2023 19:10:30 GMT",
        "ETag": "\u00220x8DBFA7CD81BFC37\u0022",
        "Last-Modified": "Mon, 11 Dec 2023 19:10:31 GMT",
        "Server": [
          "Windows-Azure-Blob/1.0",
          "Microsoft-HTTPAPI/2.0"
        ],
        "x-ms-client-request-id": "49de68ae-df7e-406e-9a41-ff0b8beeca4b",
        "x-ms-request-id": "c5fd9e7e-d01e-0072-3365-2c9029000000",
        "x-ms-version": "2024-02-04"
      },
      "ResponseBody": null
    },
    {
      "RequestUri": "https://REDACTED/7fd0bde90accountsas8cb33518b892368783b94493ba?restype=container",
      "RequestMethod": "PUT",
      "RequestHeaders": {
        "Accept": "application/xml",
        "Authorization": "Sanitized",
        "Content-Length": "0",
        "Date": "Mon, 11 Dec 2023 19:10:27 GMT",
        "User-Agent": "azsdk-java-azure-storage-blob/12.26.0-beta.1 (17.0.8; Windows 11; 10.0)",
        "x-ms-client-request-id": "db9aa41c-d652-49c4-b59a-c29872701b9d",
        "x-ms-version": "2024-02-04"
      },
      "RequestBody": null,
      "StatusCode": 409,
      "ResponseHeaders": {
        "Content-Length": "230",
        "Content-Type": "application/xml",
        "Date": "Mon, 11 Dec 2023 19:10:30 GMT",
        "Server": [
          "Windows-Azure-Blob/1.0",
          "Microsoft-HTTPAPI/2.0"
        ],
        "x-ms-client-request-id": "db9aa41c-d652-49c4-b59a-c29872701b9d",
        "x-ms-error-code": "ContainerAlreadyExists",
        "x-ms-request-id": "c5fd9f23-d01e-0072-4b65-2c9029000000",
        "x-ms-version": "2024-02-04"
      },
      "ResponseBody": [
        "\uFEFF\u003C?xml version=\u00221.0\u0022 encoding=\u0022utf-8\u0022?\u003E\u003CError\u003E\u003CCode\u003EContainerAlreadyExists\u003C/Code\u003E\u003CMessage\u003EThe specified container already exists.\n",
        "RequestId:c5fd9f23-d01e-0072-4b65-2c9029000000\n",
        "Time:2023-12-11T19:10:31.2687967Z\u003C/Message\u003E\u003C/Error\u003E"
      ]
    },
    {
      "RequestUri": "https://REDACTED/76ff213f-76c9-41ec-93e2-6f709b8015aa/7fd0bde91accountsas8cb192598a82d2f15fee4549bf",
      "RequestMethod": "PUT",
      "RequestHeaders": {
        "Accept": "application/xml",
        "Authorization": "Sanitized",
        "Content-Length": "0",
        "Content-Type": "application/octet-stream",
        "Date": "Mon, 11 Dec 2023 19:10:27 GMT",
        "If-None-Match": "*",
        "User-Agent": "azsdk-java-azure-storage-blob/12.26.0-beta.1 (17.0.8; Windows 11; 10.0)",
        "x-ms-blob-type": "BlockBlob",
        "x-ms-client-request-id": "03ee7bba-4079-4479-8f25-c144641593e3",
        "x-ms-version": "2024-02-04"
      },
      "RequestBody": null,
      "StatusCode": 201,
      "ResponseHeaders": {
        "Content-Length": "0",
        "Content-MD5": "1B2M2Y8AsgTpgAmY7PhCfg==",
        "Date": "Mon, 11 Dec 2023 19:10:30 GMT",
        "ETag": "\u00220x8DBFA7CD8391095\u0022",
        "Last-Modified": "Mon, 11 Dec 2023 19:10:31 GMT",
        "Server": [
          "Windows-Azure-Blob/1.0",
          "Microsoft-HTTPAPI/2.0"
        ],
        "x-ms-client-request-id": "03ee7bba-4079-4479-8f25-c144641593e3",
        "x-ms-content-crc64": "AAAAAAAAAAA=",
        "x-ms-request-id": "e7b1dd52-901e-0028-3a65-2c80fd000000",
        "x-ms-request-server-encrypted": "true",
        "x-ms-version": "2024-02-04",
        "x-ms-version-id": "2023-12-11T19:10:31.3564309Z"
      },
      "ResponseBody": null
    },
    {
      "RequestUri": "https://REDACTED/76ff213f-76c9-41ec-93e2-6f709b8015aa/7fd0bde91accountsas8cb192598a82d2f15fee4549bf?comp=immutabilityPolicies\u0026sv=2024-02-04\u0026ss=b\u0026srt=co\u0026se=2023-12-12T19%3A10%3A27Z\u0026sp=rwdxlacuptfi\u0026REDACTED",
      "RequestMethod": "PUT",
      "RequestHeaders": {
        "Accept": "application/xml",
        "Content-Length": "0",
        "Date": "Mon, 11 Dec 2023 19:10:27 GMT",
        "User-Agent": "azsdk-java-azure-storage-blob/12.26.0-beta.1 (17.0.8; Windows 11; 10.0)",
        "x-ms-client-request-id": "a53b4e14-b09f-4067-b937-dd08b123c9d9",
        "x-ms-immutability-policy-mode": "Unlocked",
        "x-ms-immutability-policy-until-date": "Wed, 13 Dec 2023 19:10:27 GMT",
        "x-ms-version": "2024-02-04"
      },
      "RequestBody": null,
      "StatusCode": 200,
      "ResponseHeaders": {
        "Content-Length": "0",
        "Date": "Mon, 11 Dec 2023 19:10:30 GMT",
        "Server": [
          "Windows-Azure-Blob/1.0",
          "Microsoft-HTTPAPI/2.0"
        ],
        "x-ms-client-request-id": "a53b4e14-b09f-4067-b937-dd08b123c9d9",
        "x-ms-immutability-policy-mode": "unlocked",
        "x-ms-immutability-policy-until-date": "Wed, 13 Dec 2023 19:10:27 GMT",
        "x-ms-request-id": "e7b1dda0-901e-0028-0365-2c80fd000000",
        "x-ms-version": "2024-02-04"
      },
      "ResponseBody": null
    },
    {
      "RequestUri": "https://REDACTED/76ff213f-76c9-41ec-93e2-6f709b8015aa/7fd0bde91accountsas8cb192598a82d2f15fee4549bf?comp=legalhold\u0026sv=2024-02-04\u0026ss=b\u0026srt=co\u0026se=2023-12-12T19%3A10%3A27Z\u0026sp=rwdxlacuptfi\u0026REDACTED",
      "RequestMethod": "PUT",
      "RequestHeaders": {
        "Accept": "application/xml",
        "Content-Length": "0",
        "Date": "Mon, 11 Dec 2023 19:10:27 GMT",
        "User-Agent": "azsdk-java-azure-storage-blob/12.26.0-beta.1 (17.0.8; Windows 11; 10.0)",
        "x-ms-client-request-id": "1ff25200-1963-4714-95cf-930647b502d5",
        "x-ms-legal-hold": "false",
        "x-ms-version": "2024-02-04"
      },
      "RequestBody": null,
      "StatusCode": 200,
      "ResponseHeaders": {
        "Content-Length": "0",
        "Date": "Mon, 11 Dec 2023 19:10:30 GMT",
        "Server": [
          "Windows-Azure-Blob/1.0",
          "Microsoft-HTTPAPI/2.0"
        ],
        "x-ms-client-request-id": "1ff25200-1963-4714-95cf-930647b502d5",
        "x-ms-legal-hold": "false",
        "x-ms-request-id": "e7b1ddfa-901e-0028-5765-2c80fd000000",
        "x-ms-version": "2024-02-04"
      },
      "ResponseBody": null
    }
  ],
  "Variables": {
    "0": "7fd0bde90accountsas8cb33518b892368783b94493ba",
    "1": "76ff213f-76c9-41ec-93e2-6f709b8015aa",
    "2": "7fd0bde91accountsas8cb192598a82d2f15fee4549bf",
    "3": "2023-12-11T19:10:27.729282100Z",
    "4": "2023-12-11T19:10:27.730284100Z"
  }
}
