{
  "Entries": [
    {
      "RequestUri": "https://REDACTED/54d1183d0changeblobleaseacfailed450298e3abc38de56c?restype=container",
      "RequestMethod": "PUT",
      "RequestHeaders": {
        "Accept": "application/xml",
        "Authorization": "Sanitized",
        "Content-Length": "0",
        "Date": "Thu, 12 Oct 2023 16:47:26 GMT",
        "User-Agent": "azsdk-java-azure-storage-blob/12.25.0-beta.1 (17.0.8.1; Windows 11; 10.0)",
        "x-ms-client-request-id": "9774a038-3f14-4a20-9fbf-7dc0892e11f8",
        "x-ms-version": "2023-08-03"
      },
      "RequestBody": null,
      "StatusCode": 201,
      "ResponseHeaders": {
        "Content-Length": "0",
        "Date": "Thu, 12 Oct 2023 16:47:25 GMT",
        "ETag": "\u00220x8DBCB42EA5EE4F4\u0022",
        "Last-Modified": "Thu, 12 Oct 2023 16:47:26 GMT",
        "Server": [
          "Windows-Azure-Blob/1.0",
          "Microsoft-HTTPAPI/2.0"
        ],
        "x-ms-client-request-id": "9774a038-3f14-4a20-9fbf-7dc0892e11f8",
        "x-ms-request-id": "f2f4795a-401e-003a-4f2b-fdd0c9000000",
        "x-ms-version": "2023-08-03"
      },
      "ResponseBody": null
    },
    {
      "RequestUri": "https://REDACTED/54d1183d0changeblobleaseacfailed450298e3abc38de56c/54d1183d1changeblobleaseacfailed498076bfe39acf13bb",
      "RequestMethod": "PUT",
      "RequestHeaders": {
        "Accept": "application/xml",
        "Authorization": "Sanitized",
        "Content-Length": "7",
        "Content-Type": "application/octet-stream",
        "Date": "Thu, 12 Oct 2023 16:47:26 GMT",
        "If-None-Match": "*",
        "User-Agent": "azsdk-java-azure-storage-blob/12.25.0-beta.1 (17.0.8.1; Windows 11; 10.0)",
        "x-ms-blob-type": "BlockBlob",
        "x-ms-client-request-id": "02dbef83-c626-447d-97fd-3f5f610e5d90",
        "x-ms-version": "2023-08-03"
      },
      "RequestBody": "ZGVmYXVsdA==",
      "StatusCode": 201,
      "ResponseHeaders": {
        "Content-Length": "0",
        "Content-MD5": "wh\u002BWm18D0z1D4E\u002BPE252gg==",
        "Date": "Thu, 12 Oct 2023 16:47:25 GMT",
        "ETag": "\u00220x8DBCB42EA627585\u0022",
        "Last-Modified": "Thu, 12 Oct 2023 16:47:26 GMT",
        "Server": [
          "Windows-Azure-Blob/1.0",
          "Microsoft-HTTPAPI/2.0"
        ],
        "x-ms-client-request-id": "02dbef83-c626-447d-97fd-3f5f610e5d90",
        "x-ms-content-crc64": "6RYQPwaVsyQ=",
        "x-ms-request-id": "f2f4796a-401e-003a-5c2b-fdd0c9000000",
        "x-ms-request-server-encrypted": "true",
        "x-ms-version": "2023-08-03"
      },
      "ResponseBody": null
    },
    {
      "RequestUri": "https://REDACTED/54d1183d0changeblobleaseacfailed450298e3abc38de56c/54d1183d1changeblobleaseacfailed498076bfe39acf13bb",
      "RequestMethod": "HEAD",
      "RequestHeaders": {
        "Accept": "application/xml",
        "Authorization": "Sanitized",
        "Content-Length": "0",
        "Date": "Thu, 12 Oct 2023 16:47:26 GMT",
        "User-Agent": "azsdk-java-azure-storage-blob/12.25.0-beta.1 (17.0.8.1; Windows 11; 10.0)",
        "x-ms-client-request-id": "58eb3bb3-5fb4-4cea-9c85-7ca9ee3c2ad3",
        "x-ms-version": "2023-08-03"
      },
      "RequestBody": null,
      "StatusCode": 200,
      "ResponseHeaders": {
        "Accept-Ranges": "bytes",
        "Access-Control-Allow-Origin": "*",
        "Access-Control-Expose-Headers": "x-ms-client-request-id",
        "Content-Length": "7",
        "Content-MD5": "wh\u002BWm18D0z1D4E\u002BPE252gg==",
        "Content-Type": "application/octet-stream",
        "Date": "Thu, 12 Oct 2023 16:47:25 GMT",
        "ETag": "\u00220x8DBCB42EA627585\u0022",
        "Last-Modified": "Thu, 12 Oct 2023 16:47:26 GMT",
        "Server": [
          "Windows-Azure-Blob/1.0",
          "Microsoft-HTTPAPI/2.0"
        ],
        "x-ms-access-tier": "Hot",
        "x-ms-access-tier-inferred": "true",
        "x-ms-blob-type": "BlockBlob",
        "x-ms-client-request-id": "58eb3bb3-5fb4-4cea-9c85-7ca9ee3c2ad3",
        "x-ms-creation-time": "Thu, 12 Oct 2023 16:47:26 GMT",
        "x-ms-lease-state": "available",
        "x-ms-lease-status": "unlocked",
        "x-ms-request-id": "f2f47986-401e-003a-732b-fdd0c9000000",
        "x-ms-server-encrypted": "true",
        "x-ms-version": "2023-08-03"
      },
      "ResponseBody": null
    },
    {
      "RequestUri": "https://REDACTED/54d1183d0changeblobleaseacfailed450298e3abc38de56c/54d1183d1changeblobleaseacfailed498076bfe39acf13bb?comp=lease",
      "RequestMethod": "PUT",
      "RequestHeaders": {
        "Accept": "application/xml",
        "Authorization": "Sanitized",
        "Content-Length": "0",
        "Date": "Thu, 12 Oct 2023 16:47:26 GMT",
        "User-Agent": "azsdk-java-azure-storage-blob/12.25.0-beta.1 (17.0.8.1; Windows 11; 10.0)",
        "x-ms-client-request-id": "060ecc3f-262f-4bea-9c9b-1c8a172f5f39",
        "x-ms-lease-action": "acquire",
        "x-ms-lease-duration": "-1",
        "x-ms-proposed-lease-id": "2f07b8c5-efd3-4743-978b-ba380f1118ca",
        "x-ms-version": "2023-08-03"
      },
      "RequestBody": null,
      "StatusCode": 201,
      "ResponseHeaders": {
        "Content-Length": "0",
        "Date": "Thu, 12 Oct 2023 16:47:25 GMT",
        "ETag": "\u00220x8DBCB42EA627585\u0022",
        "Last-Modified": "Thu, 12 Oct 2023 16:47:26 GMT",
        "Server": [
          "Windows-Azure-Blob/1.0",
          "Microsoft-HTTPAPI/2.0"
        ],
        "x-ms-client-request-id": "060ecc3f-262f-4bea-9c9b-1c8a172f5f39",
        "x-ms-lease-id": "2f07b8c5-efd3-4743-978b-ba380f1118ca",
        "x-ms-request-id": "f2f479a1-401e-003a-0d2b-fdd0c9000000",
        "x-ms-version": "2023-08-03"
      },
      "ResponseBody": null
    },
    {
      "RequestUri": "https://REDACTED/54d1183d0changeblobleaseacfailed450298e3abc38de56c/54d1183d1changeblobleaseacfailed498076bfe39acf13bb?comp=lease",
      "RequestMethod": "PUT",
      "RequestHeaders": {
        "Accept": "application/xml",
        "Authorization": "Sanitized",
        "Content-Length": "0",
        "Date": "Thu, 12 Oct 2023 16:47:26 GMT",
        "If-None-Match": "0x8DBCB42EA627585",
        "User-Agent": "azsdk-java-azure-storage-blob/12.25.0-beta.1 (17.0.8.1; Windows 11; 10.0)",
        "x-ms-client-request-id": "f62ad374-d95a-4506-b554-ae9cb2274afe",
        "x-ms-lease-action": "change",
        "x-ms-lease-id": "2f07b8c5-efd3-4743-978b-ba380f1118ca",
        "x-ms-proposed-lease-id": "ba04945e-a5a8-40f6-b9c3-c0717d62c0f9",
        "x-ms-version": "2023-08-03"
      },
      "RequestBody": null,
      "StatusCode": 412,
      "ResponseHeaders": {
        "Content-Length": "252",
        "Content-Type": "application/xml",
        "Date": "Thu, 12 Oct 2023 16:47:26 GMT",
        "Server": [
          "Windows-Azure-Blob/1.0",
          "Microsoft-HTTPAPI/2.0"
        ],
        "x-ms-client-request-id": "f62ad374-d95a-4506-b554-ae9cb2274afe",
        "x-ms-error-code": "ConditionNotMet",
        "x-ms-request-id": "f2f479e3-401e-003a-4a2b-fdd0c9000000",
        "x-ms-version": "2023-08-03"
      },
      "ResponseBody": [
        "\uFEFF\u003C?xml version=\u00221.0\u0022 encoding=\u0022utf-8\u0022?\u003E\u003CError\u003E\u003CCode\u003EConditionNotMet\u003C/Code\u003E\u003CMessage\u003EThe condition specified using HTTP conditional header(s) is not met.\n",
        "RequestId:f2f479e3-401e-003a-4a2b-fdd0c9000000\n",
        "Time:2023-10-12T16:47:26.4943887Z\u003C/Message\u003E\u003C/Error\u003E"
      ]
    }
  ],
  "Variables": {
    "0": "54d1183d0changeblobleaseacfailed450298e3abc38de56c",
    "1": "54d1183d1changeblobleaseacfailed498076bfe39acf13bb",
    "2": "ba04945e-a5a8-40f6-b9c3-c0717d62c0f9"
  }
}
