{
  "Entries": [
    {
      "RequestUri": "https://REDACTED/0164d3630releaseblobleaseacfailc405177766c56a50180e?restype=container",
      "RequestMethod": "PUT",
      "RequestHeaders": {
        "Accept": "application/xml",
        "Authorization": "Sanitized",
        "Content-Length": "0",
        "Date": "Thu, 05 Oct 2023 19:37:02 GMT",
        "User-Agent": "azsdk-java-azure-storage-blob/12.25.0-beta.1 (11.0.16.1; Windows 11; 10.0)",
        "x-ms-client-request-id": "6952ef8b-210a-4faa-a1a3-3b116c80715f",
        "x-ms-version": "2023-08-03"
      },
      "RequestBody": null,
      "StatusCode": 201,
      "ResponseHeaders": {
        "Content-Length": "0",
        "Date": "Thu, 05 Oct 2023 19:37:02 GMT",
        "ETag": "\u00220x8DBC5DA73242E52\u0022",
        "Last-Modified": "Thu, 05 Oct 2023 19:37:02 GMT",
        "Server": [
          "Windows-Azure-Blob/1.0",
          "Microsoft-HTTPAPI/2.0"
        ],
        "x-ms-client-request-id": "6952ef8b-210a-4faa-a1a3-3b116c80715f",
        "x-ms-request-id": "555787c8-c01e-001e-6dc3-f77d5a000000",
        "x-ms-version": "2023-08-03"
      },
      "ResponseBody": null
    },
    {
      "RequestUri": "https://REDACTED/0164d3630releaseblobleaseacfailc405177766c56a50180e/0164d3631releaseblobleaseacfailc40978914b3e7aae0a70",
      "RequestMethod": "PUT",
      "RequestHeaders": {
        "Accept": "application/xml",
        "Authorization": "Sanitized",
        "Content-Length": "7",
        "Content-Type": "application/octet-stream",
        "Date": "Thu, 05 Oct 2023 19:37:02 GMT",
        "If-None-Match": "*",
        "User-Agent": "azsdk-java-azure-storage-blob/12.25.0-beta.1 (11.0.16.1; Windows 11; 10.0)",
        "x-ms-blob-type": "BlockBlob",
        "x-ms-client-request-id": "242a38b2-c1bc-45e7-a40b-7cfad9e6d027",
        "x-ms-version": "2023-08-03"
      },
      "RequestBody": "ZGVmYXVsdA==",
      "StatusCode": 201,
      "ResponseHeaders": {
        "Content-Length": "0",
        "Content-MD5": "wh\u002BWm18D0z1D4E\u002BPE252gg==",
        "Date": "Thu, 05 Oct 2023 19:37:02 GMT",
        "ETag": "\u00220x8DBC5DA7333818F\u0022",
        "Last-Modified": "Thu, 05 Oct 2023 19:37:02 GMT",
        "Server": [
          "Windows-Azure-Blob/1.0",
          "Microsoft-HTTPAPI/2.0"
        ],
        "x-ms-client-request-id": "242a38b2-c1bc-45e7-a40b-7cfad9e6d027",
        "x-ms-content-crc64": "6RYQPwaVsyQ=",
        "x-ms-request-id": "55578836-c01e-001e-53c3-f77d5a000000",
        "x-ms-request-server-encrypted": "true",
        "x-ms-version": "2023-08-03",
        "x-ms-version-id": "2023-10-05T19:37:02.9354895Z"
      },
      "ResponseBody": null
    },
    {
      "RequestUri": "https://REDACTED/0164d3630releaseblobleaseacfailc405177766c56a50180e/0164d3631releaseblobleaseacfailc40978914b3e7aae0a70?comp=lease",
      "RequestMethod": "PUT",
      "RequestHeaders": {
        "Accept": "application/xml",
        "Authorization": "Sanitized",
        "Content-Length": "0",
        "Date": "Thu, 05 Oct 2023 19:37:02 GMT",
        "User-Agent": "azsdk-java-azure-storage-blob/12.25.0-beta.1 (11.0.16.1; Windows 11; 10.0)",
        "x-ms-client-request-id": "5424ab79-d21a-46c7-bc28-9d40b8166924",
        "x-ms-lease-action": "acquire",
        "x-ms-lease-duration": "-1",
        "x-ms-proposed-lease-id": "07f72268-f199-492b-b765-6310c9b91fd4",
        "x-ms-version": "2023-08-03"
      },
      "RequestBody": null,
      "StatusCode": 201,
      "ResponseHeaders": {
        "Content-Length": "0",
        "Date": "Thu, 05 Oct 2023 19:37:02 GMT",
        "ETag": "\u00220x8DBC5DA7333818F\u0022",
        "Last-Modified": "Thu, 05 Oct 2023 19:37:02 GMT",
        "Server": [
          "Windows-Azure-Blob/1.0",
          "Microsoft-HTTPAPI/2.0"
        ],
        "x-ms-client-request-id": "5424ab79-d21a-46c7-bc28-9d40b8166924",
        "x-ms-lease-id": "07f72268-f199-492b-b765-6310c9b91fd4",
        "x-ms-request-id": "555788ae-c01e-001e-41c3-f77d5a000000",
        "x-ms-version": "2023-08-03"
      },
      "ResponseBody": null
    },
    {
      "RequestUri": "https://REDACTED/0164d3630releaseblobleaseacfailc405177766c56a50180e/0164d3631releaseblobleaseacfailc40978914b3e7aae0a70?comp=lease",
      "RequestMethod": "PUT",
      "RequestHeaders": {
        "Accept": "application/xml",
        "Authorization": "Sanitized",
        "Content-Length": "0",
        "Date": "Thu, 05 Oct 2023 19:37:02 GMT",
        "If-Unmodified-Since": "Wed, 04 Oct 2023 19:34:02 GMT",
        "User-Agent": "azsdk-java-azure-storage-blob/12.25.0-beta.1 (11.0.16.1; Windows 11; 10.0)",
        "x-ms-client-request-id": "dfabe6cd-53b5-4751-bab5-ec06867e48ed",
        "x-ms-lease-action": "release",
        "x-ms-lease-id": "07f72268-f199-492b-b765-6310c9b91fd4",
        "x-ms-version": "2023-08-03"
      },
      "RequestBody": null,
      "StatusCode": 412,
      "ResponseHeaders": {
        "Content-Length": "252",
        "Content-Type": "application/xml",
        "Date": "Thu, 05 Oct 2023 19:37:02 GMT",
        "Server": [
          "Windows-Azure-Blob/1.0",
          "Microsoft-HTTPAPI/2.0"
        ],
        "x-ms-client-request-id": "dfabe6cd-53b5-4751-bab5-ec06867e48ed",
        "x-ms-error-code": "ConditionNotMet",
        "x-ms-request-id": "55578933-c01e-001e-3dc3-f77d5a000000",
        "x-ms-version": "2023-08-03"
      },
      "ResponseBody": [
        "\uFEFF\u003C?xml version=\u00221.0\u0022 encoding=\u0022utf-8\u0022?\u003E\u003CError\u003E\u003CCode\u003EConditionNotMet\u003C/Code\u003E\u003CMessage\u003EThe condition specified using HTTP conditional header(s) is not met.\n",
        "RequestId:55578933-c01e-001e-3dc3-f77d5a000000\n",
        "Time:2023-10-05T19:37:03.1268877Z\u003C/Message\u003E\u003C/Error\u003E"
      ]
    }
  ],
  "Variables": {
    "0": "0164d3630releaseblobleaseacfailc405177766c56a50180e",
    "1": "0164d3631releaseblobleaseacfailc40978914b3e7aae0a70"
  }
}
