{
  "Entries": [
    {
      "RequestUri": "https://REDACTED/d8163cd50changecontainerlease02380973b7646b4b8d894?restype=container",
      "RequestMethod": "PUT",
      "RequestHeaders": {
        "Accept": "application/xml",
        "Authorization": "Sanitized",
        "Content-Length": "0",
        "Date": "Wed, 08 Nov 2023 20:39:24 GMT",
        "User-Agent": "azsdk-java-azure-storage-blob/12.25.0-beta.2 (17.0.8; Windows 11; 10.0)",
        "x-ms-client-request-id": "18c89071-0a64-4800-9a9c-ec89dfef9dd2",
        "x-ms-version": "2023-11-03"
      },
      "RequestBody": null,
      "StatusCode": 201,
      "ResponseHeaders": {
        "Content-Length": "0",
        "Date": "Wed, 08 Nov 2023 20:39:24 GMT",
        "ETag": "\u00220x8DBE09ACBD930E2\u0022",
        "Last-Modified": "Wed, 08 Nov 2023 20:39:25 GMT",
        "Server": [
          "Windows-Azure-Blob/1.0",
          "Microsoft-HTTPAPI/2.0"
        ],
        "x-ms-client-request-id": "18c89071-0a64-4800-9a9c-ec89dfef9dd2",
        "x-ms-request-id": "75bea931-201e-0092-0283-1213b0000000",
        "x-ms-version": "2023-11-03"
      },
      "ResponseBody": null
    },
    {
      "RequestUri": "https://REDACTED/d8163cd50changecontainerlease02380973b7646b4b8d894?comp=lease\u0026restype=container",
      "RequestMethod": "PUT",
      "RequestHeaders": {
        "Accept": "application/xml",
        "Authorization": "Sanitized",
        "Content-Length": "0",
        "Date": "Wed, 08 Nov 2023 20:39:24 GMT",
        "User-Agent": "azsdk-java-azure-storage-blob/12.25.0-beta.2 (17.0.8; Windows 11; 10.0)",
        "x-ms-client-request-id": "2b82776a-c25a-43ad-8fa5-27973f8f48d9",
        "x-ms-lease-action": "acquire",
        "x-ms-lease-duration": "-1",
        "x-ms-proposed-lease-id": "4fa8fa6d-4bab-4065-8c16-00309486d9dc",
        "x-ms-version": "2023-11-03"
      },
      "RequestBody": null,
      "StatusCode": 201,
      "ResponseHeaders": {
        "Content-Length": "0",
        "Date": "Wed, 08 Nov 2023 20:39:24 GMT",
        "ETag": "\u00220x8DBE09ACBD930E2\u0022",
        "Last-Modified": "Wed, 08 Nov 2023 20:39:25 GMT",
        "Server": [
          "Windows-Azure-Blob/1.0",
          "Microsoft-HTTPAPI/2.0"
        ],
        "x-ms-client-request-id": "2b82776a-c25a-43ad-8fa5-27973f8f48d9",
        "x-ms-lease-id": "4fa8fa6d-4bab-4065-8c16-00309486d9dc",
        "x-ms-request-id": "75bea9a9-201e-0092-7183-1213b0000000",
        "x-ms-version": "2023-11-03"
      },
      "ResponseBody": null
    },
    {
      "RequestUri": "https://REDACTED/d8163cd50changecontainerlease02380973b7646b4b8d894?comp=lease\u0026restype=container",
      "RequestMethod": "PUT",
      "RequestHeaders": {
        "Accept": "application/xml",
        "Authorization": "Sanitized",
        "Content-Length": "0",
        "Date": "Wed, 08 Nov 2023 20:39:24 GMT",
        "User-Agent": "azsdk-java-azure-storage-blob/12.25.0-beta.2 (17.0.8; Windows 11; 10.0)",
        "x-ms-client-request-id": "aba80488-b507-4c71-89cd-0103365a1849",
        "x-ms-lease-action": "change",
        "x-ms-lease-id": "4fa8fa6d-4bab-4065-8c16-00309486d9dc",
        "x-ms-proposed-lease-id": "f2a50699-c905-4707-af4d-b7fa5f662667",
        "x-ms-version": "2023-11-03"
      },
      "RequestBody": null,
      "StatusCode": 200,
      "ResponseHeaders": {
        "Content-Length": "0",
        "Date": "Wed, 08 Nov 2023 20:39:24 GMT",
        "ETag": "\u00220x8DBE09ACBD930E2\u0022",
        "Last-Modified": "Wed, 08 Nov 2023 20:39:25 GMT",
        "Server": [
          "Windows-Azure-Blob/1.0",
          "Microsoft-HTTPAPI/2.0"
        ],
        "x-ms-client-request-id": "aba80488-b507-4c71-89cd-0103365a1849",
        "x-ms-lease-id": "f2a50699-c905-4707-af4d-b7fa5f662667",
        "x-ms-request-id": "91036483-c01e-008a-1c83-12ccd7000000",
        "x-ms-version": "2023-11-03"
      },
      "ResponseBody": null
    },
    {
      "RequestUri": "https://REDACTED/d8163cd50changecontainerlease02380973b7646b4b8d894?comp=lease\u0026restype=container",
      "RequestMethod": "PUT",
      "RequestHeaders": {
        "Accept": "application/xml",
        "Authorization": "Sanitized",
        "Content-Length": "0",
        "Date": "Wed, 08 Nov 2023 20:39:24 GMT",
        "User-Agent": "azsdk-java-azure-storage-blob/12.25.0-beta.2 (17.0.8; Windows 11; 10.0)",
        "x-ms-client-request-id": "6e6d4888-dcb2-4288-80e5-b02733595025",
        "x-ms-lease-action": "release",
        "x-ms-lease-id": "f2a50699-c905-4707-af4d-b7fa5f662667",
        "x-ms-version": "2023-11-03"
      },
      "RequestBody": null,
      "StatusCode": 200,
      "ResponseHeaders": {
        "Content-Length": "0",
        "Date": "Wed, 08 Nov 2023 20:39:25 GMT",
        "ETag": "\u00220x8DBE09ACBD930E2\u0022",
        "Last-Modified": "Wed, 08 Nov 2023 20:39:25 GMT",
        "Server": [
          "Windows-Azure-Blob/1.0",
          "Microsoft-HTTPAPI/2.0"
        ],
        "x-ms-client-request-id": "6e6d4888-dcb2-4288-80e5-b02733595025",
        "x-ms-request-id": "27c80f58-e01e-0034-6c83-12a4ae000000",
        "x-ms-version": "2023-11-03"
      },
      "ResponseBody": null
    }
  ],
  "Variables": {
    "0": "d8163cd50changecontainerlease02380973b7646b4b8d894",
    "1": "f2a50699-c905-4707-af4d-b7fa5f662667"
  }
}
