{
  "Entries": [
    {
      "RequestUri": "https://REDACTED/118f99850acquireblobleaseacfaila1b677625dc7afc89205?restype=container",
      "RequestMethod": "PUT",
      "RequestHeaders": {
        "Accept": "application/xml",
        "Authorization": "Sanitized",
        "Content-Length": "0",
        "Date": "Fri, 17 Nov 2023 19:05:36 GMT",
        "User-Agent": "azsdk-java-azure-storage-blob/12.26.0-beta.1 (17.0.8; Windows 11; 10.0)",
        "x-ms-client-request-id": "c55c91de-84d6-4d77-a4e5-fcb3434bc08d",
        "x-ms-version": "2024-02-04"
      },
      "RequestBody": null,
      "StatusCode": 201,
      "ResponseHeaders": {
        "Content-Length": "0",
        "Date": "Fri, 17 Nov 2023 19:05:35 GMT",
        "ETag": "\u00220x8DBE7A02E596315\u0022",
        "Last-Modified": "Fri, 17 Nov 2023 19:05:36 GMT",
        "Server": [
          "Windows-Azure-Blob/1.0",
          "Microsoft-HTTPAPI/2.0"
        ],
        "x-ms-client-request-id": "c55c91de-84d6-4d77-a4e5-fcb3434bc08d",
        "x-ms-request-id": "98b99f57-c01e-0041-0289-19cf82000000",
        "x-ms-version": "2024-02-04"
      },
      "ResponseBody": null
    },
    {
      "RequestUri": "https://REDACTED/118f99850acquireblobleaseacfaila1b677625dc7afc89205/118f99851acquireblobleaseacfaila1b67695b06038116964",
      "RequestMethod": "PUT",
      "RequestHeaders": {
        "Accept": "application/xml",
        "Authorization": "Sanitized",
        "Content-Length": "7",
        "Content-Type": "application/octet-stream",
        "Date": "Fri, 17 Nov 2023 19:05:36 GMT",
        "If-None-Match": "*",
        "User-Agent": "azsdk-java-azure-storage-blob/12.26.0-beta.1 (17.0.8; Windows 11; 10.0)",
        "x-ms-blob-type": "BlockBlob",
        "x-ms-client-request-id": "834328c5-e243-4a0a-9b57-3c411c0f3432",
        "x-ms-version": "2024-02-04"
      },
      "RequestBody": "ZGVmYXVsdA==",
      "StatusCode": 201,
      "ResponseHeaders": {
        "Content-Length": "0",
        "Content-MD5": "wh\u002BWm18D0z1D4E\u002BPE252gg==",
        "Date": "Fri, 17 Nov 2023 19:05:35 GMT",
        "ETag": "\u00220x8DBE7A02E6777FD\u0022",
        "Last-Modified": "Fri, 17 Nov 2023 19:05:36 GMT",
        "Server": [
          "Windows-Azure-Blob/1.0",
          "Microsoft-HTTPAPI/2.0"
        ],
        "x-ms-client-request-id": "834328c5-e243-4a0a-9b57-3c411c0f3432",
        "x-ms-content-crc64": "6RYQPwaVsyQ=",
        "x-ms-request-id": "98b99fc8-c01e-0041-5c89-19cf82000000",
        "x-ms-request-server-encrypted": "true",
        "x-ms-version": "2024-02-04"
      },
      "ResponseBody": null
    },
    {
      "RequestUri": "https://REDACTED/118f99850acquireblobleaseacfaila1b677625dc7afc89205/118f99851acquireblobleaseacfaila1b67695b06038116964",
      "RequestMethod": "HEAD",
      "RequestHeaders": {
        "Accept": "application/xml",
        "Authorization": "Sanitized",
        "Content-Length": "0",
        "Date": "Fri, 17 Nov 2023 19:05:36 GMT",
        "User-Agent": "azsdk-java-azure-storage-blob/12.26.0-beta.1 (17.0.8; Windows 11; 10.0)",
        "x-ms-client-request-id": "7f38565d-07d8-4652-a795-dd7ef0201658",
        "x-ms-version": "2024-02-04"
      },
      "RequestBody": null,
      "StatusCode": 200,
      "ResponseHeaders": {
        "Accept-Ranges": "bytes",
        "Access-Control-Allow-Origin": "*",
        "Access-Control-Expose-Headers": "x-ms-client-request-id",
        "Content-Length": "7",
        "Content-MD5": "wh\u002BWm18D0z1D4E\u002BPE252gg==",
        "Content-Type": "application/octet-stream",
        "Date": "Fri, 17 Nov 2023 19:05:35 GMT",
        "ETag": "\u00220x8DBE7A02E6777FD\u0022",
        "Last-Modified": "Fri, 17 Nov 2023 19:05:36 GMT",
        "Server": [
          "Windows-Azure-Blob/1.0",
          "Microsoft-HTTPAPI/2.0"
        ],
        "x-ms-access-tier": "Hot",
        "x-ms-access-tier-inferred": "true",
        "x-ms-blob-type": "BlockBlob",
        "x-ms-client-request-id": "7f38565d-07d8-4652-a795-dd7ef0201658",
        "x-ms-creation-time": "Fri, 17 Nov 2023 19:05:36 GMT",
        "x-ms-lease-state": "available",
        "x-ms-lease-status": "unlocked",
        "x-ms-request-id": "98b9a037-c01e-0041-3089-19cf82000000",
        "x-ms-server-encrypted": "true",
        "x-ms-version": "2024-02-04"
      },
      "ResponseBody": null
    },
    {
      "RequestUri": "https://REDACTED/118f99850acquireblobleaseacfaila1b677625dc7afc89205/118f99851acquireblobleaseacfaila1b67695b06038116964?comp=lease",
      "RequestMethod": "PUT",
      "RequestHeaders": {
        "Accept": "application/xml",
        "Authorization": "Sanitized",
        "Content-Length": "0",
        "Date": "Fri, 17 Nov 2023 19:05:36 GMT",
        "If-None-Match": "0x8DBE7A02E6777FD",
        "User-Agent": "azsdk-java-azure-storage-blob/12.26.0-beta.1 (17.0.8; Windows 11; 10.0)",
        "x-ms-client-request-id": "d44ecd9d-c593-411a-b00a-21db07e37c67",
        "x-ms-lease-action": "acquire",
        "x-ms-lease-duration": "-1",
        "x-ms-proposed-lease-id": "f3b76152-d135-41f6-bfdd-71ebf3ff1925",
        "x-ms-version": "2024-02-04"
      },
      "RequestBody": null,
      "StatusCode": 412,
      "ResponseHeaders": {
        "Content-Length": "252",
        "Content-Type": "application/xml",
        "Date": "Fri, 17 Nov 2023 19:05:35 GMT",
        "Server": [
          "Windows-Azure-Blob/1.0",
          "Microsoft-HTTPAPI/2.0"
        ],
        "x-ms-client-request-id": "d44ecd9d-c593-411a-b00a-21db07e37c67",
        "x-ms-error-code": "ConditionNotMet",
        "x-ms-request-id": "98b9a089-c01e-0041-7589-19cf82000000",
        "x-ms-version": "2024-02-04"
      },
      "ResponseBody": [
        "\uFEFF\u003C?xml version=\u00221.0\u0022 encoding=\u0022utf-8\u0022?\u003E\u003CError\u003E\u003CCode\u003EConditionNotMet\u003C/Code\u003E\u003CMessage\u003EThe condition specified using HTTP conditional header(s) is not met.\n",
        "RequestId:98b9a089-c01e-0041-7589-19cf82000000\n",
        "Time:2023-11-17T19:05:36.4189218Z\u003C/Message\u003E\u003C/Error\u003E"
      ]
    }
  ],
  "Variables": {
    "0": "118f99850acquireblobleaseacfaila1b677625dc7afc89205",
    "1": "118f99851acquireblobleaseacfaila1b67695b06038116964"
  }
}
