{
  "Entries": [
    {
      "RequestUri": "https://REDACTED/8ef4c14a0breakblobleaseerror6ca868979974798f9c1a4?restype=container",
      "RequestMethod": "PUT",
      "RequestHeaders": {
        "Accept": "application/xml",
        "Authorization": "Sanitized",
        "Content-Length": "0",
        "Date": "Thu, 05 Oct 2023 19:36:17 GMT",
        "User-Agent": "azsdk-java-azure-storage-blob/12.25.0-beta.1 (11.0.16.1; Windows 11; 10.0)",
        "x-ms-client-request-id": "23959798-0e4e-4077-904d-cadc4b385a70",
        "x-ms-version": "2023-08-03"
      },
      "RequestBody": null,
      "StatusCode": 201,
      "ResponseHeaders": {
        "Content-Length": "0",
        "Date": "Thu, 05 Oct 2023 19:36:17 GMT",
        "ETag": "\u00220x8DBC5DA5856E673\u0022",
        "Last-Modified": "Thu, 05 Oct 2023 19:36:17 GMT",
        "Server": [
          "Windows-Azure-Blob/1.0",
          "Microsoft-HTTPAPI/2.0"
        ],
        "x-ms-client-request-id": "23959798-0e4e-4077-904d-cadc4b385a70",
        "x-ms-request-id": "ad77d2fd-401e-0010-43c3-f754ea000000",
        "x-ms-version": "2023-08-03"
      },
      "ResponseBody": null
    },
    {
      "RequestUri": "https://REDACTED/8ef4c14a0breakblobleaseerror6ca868979974798f9c1a4/8ef4c14a1breakblobleaseerror6ca5718127bbb48b5ffc4",
      "RequestMethod": "PUT",
      "RequestHeaders": {
        "Accept": "application/xml",
        "Authorization": "Sanitized",
        "Content-Length": "7",
        "Content-Type": "application/octet-stream",
        "Date": "Thu, 05 Oct 2023 19:36:17 GMT",
        "If-None-Match": "*",
        "User-Agent": "azsdk-java-azure-storage-blob/12.25.0-beta.1 (11.0.16.1; Windows 11; 10.0)",
        "x-ms-blob-type": "BlockBlob",
        "x-ms-client-request-id": "65ed9ff6-c525-4e59-b977-1a5198e4e6a8",
        "x-ms-version": "2023-08-03"
      },
      "RequestBody": "ZGVmYXVsdA==",
      "StatusCode": 201,
      "ResponseHeaders": {
        "Content-Length": "0",
        "Content-MD5": "wh\u002BWm18D0z1D4E\u002BPE252gg==",
        "Date": "Thu, 05 Oct 2023 19:36:17 GMT",
        "ETag": "\u00220x8DBC5DA5867C02D\u0022",
        "Last-Modified": "Thu, 05 Oct 2023 19:36:17 GMT",
        "Server": [
          "Windows-Azure-Blob/1.0",
          "Microsoft-HTTPAPI/2.0"
        ],
        "x-ms-client-request-id": "65ed9ff6-c525-4e59-b977-1a5198e4e6a8",
        "x-ms-content-crc64": "6RYQPwaVsyQ=",
        "x-ms-request-id": "ad77d382-401e-0010-3ac3-f754ea000000",
        "x-ms-request-server-encrypted": "true",
        "x-ms-version": "2023-08-03",
        "x-ms-version-id": "2023-10-05T19:36:17.9793965Z"
      },
      "ResponseBody": null
    },
    {
      "RequestUri": "https://REDACTED/8ef4c14a0breakblobleaseerror6ca868979974798f9c1a4/8ef4c14a1breakblobleaseerror6ca5718127bbb48b5ffc4?comp=lease",
      "RequestMethod": "PUT",
      "RequestHeaders": {
        "Accept": "application/xml",
        "Authorization": "Sanitized",
        "Content-Length": "0",
        "Date": "Thu, 05 Oct 2023 19:36:17 GMT",
        "User-Agent": "azsdk-java-azure-storage-blob/12.25.0-beta.1 (11.0.16.1; Windows 11; 10.0)",
        "x-ms-client-request-id": "8141fe47-eb91-44b3-8eb2-fde0e06aae53",
        "x-ms-lease-action": "break",
        "x-ms-version": "2023-08-03"
      },
      "RequestBody": null,
      "StatusCode": 409,
      "ResponseHeaders": {
        "Content-Length": "242",
        "Content-Type": "application/xml",
        "Date": "Thu, 05 Oct 2023 19:36:17 GMT",
        "Server": [
          "Windows-Azure-Blob/1.0",
          "Microsoft-HTTPAPI/2.0"
        ],
        "x-ms-client-request-id": "8141fe47-eb91-44b3-8eb2-fde0e06aae53",
        "x-ms-error-code": "LeaseNotPresentWithLeaseOperation",
        "x-ms-request-id": "6721c06e-e01e-006b-54c3-f71676000000",
        "x-ms-version": "2023-08-03"
      },
      "ResponseBody": [
        "\uFEFF\u003C?xml version=\u00221.0\u0022 encoding=\u0022utf-8\u0022?\u003E\u003CError\u003E\u003CCode\u003ELeaseNotPresentWithLeaseOperation\u003C/Code\u003E\u003CMessage\u003EThere is currently no lease on the blob.\n",
        "RequestId:6721c06e-e01e-006b-54c3-f71676000000\n",
        "Time:2023-10-05T19:36:18.0782917Z\u003C/Message\u003E\u003C/Error\u003E"
      ]
    }
  ],
  "Variables": {
    "0": "8ef4c14a0breakblobleaseerror6ca868979974798f9c1a4",
    "1": "8ef4c14a1breakblobleaseerror6ca5718127bbb48b5ffc4"
  }
}
