{
  "Entries": [
    {
      "RequestUri": "https://REDACTED/4a023fa70renewblobleaseac6db791082d4ffaf52e9c484?restype=container",
      "RequestMethod": "PUT",
      "RequestHeaders": {
        "Accept": "application/xml",
        "Authorization": "Sanitized",
        "Content-Length": "0",
        "Date": "Mon, 08 Jan 2024 19:48:04 GMT",
        "User-Agent": "azsdk-java-azure-storage-blob/12.26.0-beta.1 (17.0.8; Windows 11; 10.0)",
        "x-ms-client-request-id": "137e577a-de7f-4629-832a-31db615725bf",
        "x-ms-version": "2024-02-04"
      },
      "RequestBody": null,
      "StatusCode": 201,
      "ResponseHeaders": {
        "Content-Length": "0",
        "Date": "Mon, 08 Jan 2024 19:48:15 GMT",
        "ETag": "\u00220x8DC1082C177CE85\u0022",
        "Last-Modified": "Mon, 08 Jan 2024 19:48:15 GMT",
        "Server": [
          "Windows-Azure-Blob/1.0",
          "Microsoft-HTTPAPI/2.0"
        ],
        "x-ms-client-request-id": "137e577a-de7f-4629-832a-31db615725bf",
        "x-ms-request-id": "c2a481cf-101e-000f-7d6b-42e10a000000",
        "x-ms-version": "2024-02-04"
      },
      "ResponseBody": null
    },
    {
      "RequestUri": "https://REDACTED/4a023fa70renewblobleaseac6db791082d4ffaf52e9c484?restype=container",
      "RequestMethod": "PUT",
      "RequestHeaders": {
        "Accept": "application/xml",
        "Authorization": "Sanitized",
        "Content-Length": "0",
        "Date": "Mon, 08 Jan 2024 19:48:04 GMT",
        "User-Agent": "azsdk-java-azure-storage-blob/12.26.0-beta.1 (17.0.8; Windows 11; 10.0)",
        "x-ms-client-request-id": "119bdfb7-e053-4a79-934c-57a2c3a7684f",
        "x-ms-version": "2024-02-04"
      },
      "RequestBody": null,
      "StatusCode": 409,
      "ResponseHeaders": {
        "Content-Length": "230",
        "Content-Type": "application/xml",
        "Date": "Mon, 08 Jan 2024 19:48:15 GMT",
        "Server": [
          "Windows-Azure-Blob/1.0",
          "Microsoft-HTTPAPI/2.0"
        ],
        "x-ms-client-request-id": "119bdfb7-e053-4a79-934c-57a2c3a7684f",
        "x-ms-error-code": "ContainerAlreadyExists",
        "x-ms-request-id": "c2a4823d-101e-000f-676b-42e10a000000",
        "x-ms-version": "2024-02-04"
      },
      "ResponseBody": [
        "\uFEFF\u003C?xml version=\u00221.0\u0022 encoding=\u0022utf-8\u0022?\u003E\u003CError\u003E\u003CCode\u003EContainerAlreadyExists\u003C/Code\u003E\u003CMessage\u003EThe specified container already exists.\n",
        "RequestId:c2a4823d-101e-000f-676b-42e10a000000\n",
        "Time:2024-01-08T19:48:15.8254558Z\u003C/Message\u003E\u003C/Error\u003E"
      ]
    },
    {
      "RequestUri": "https://REDACTED/4a023fa70renewblobleaseac6db791082d4ffaf52e9c484/4a023fa71renewblobleaseac6db20719ce1daaf666044e4",
      "RequestMethod": "PUT",
      "RequestHeaders": {
        "Accept": "application/xml",
        "Authorization": "Sanitized",
        "Content-Length": "7",
        "Content-Type": "application/octet-stream",
        "Date": "Mon, 08 Jan 2024 19:48:05 GMT",
        "If-None-Match": "*",
        "User-Agent": "azsdk-java-azure-storage-blob/12.26.0-beta.1 (17.0.8; Windows 11; 10.0)",
        "x-ms-blob-type": "BlockBlob",
        "x-ms-client-request-id": "bb22bd9c-6fd2-4853-bedd-9b912c361988",
        "x-ms-version": "2024-02-04"
      },
      "RequestBody": "ZGVmYXVsdA==",
      "StatusCode": 201,
      "ResponseHeaders": {
        "Content-Length": "0",
        "Content-MD5": "wh\u002BWm18D0z1D4E\u002BPE252gg==",
        "Date": "Mon, 08 Jan 2024 19:48:15 GMT",
        "ETag": "\u00220x8DC1082C191CF56\u0022",
        "Last-Modified": "Mon, 08 Jan 2024 19:48:15 GMT",
        "Server": [
          "Windows-Azure-Blob/1.0",
          "Microsoft-HTTPAPI/2.0"
        ],
        "x-ms-client-request-id": "bb22bd9c-6fd2-4853-bedd-9b912c361988",
        "x-ms-content-crc64": "6RYQPwaVsyQ=",
        "x-ms-request-id": "c2a482a5-101e-000f-476b-42e10a000000",
        "x-ms-request-server-encrypted": "true",
        "x-ms-version": "2024-02-04"
      },
      "ResponseBody": null
    },
    {
      "RequestUri": "https://REDACTED/4a023fa70renewblobleaseac6db791082d4ffaf52e9c484/4a023fa71renewblobleaseac6db20719ce1daaf666044e4?comp=tags",
      "RequestMethod": "PUT",
      "RequestHeaders": {
        "Accept": "application/xml",
        "Authorization": "Sanitized",
        "Content-Length": "111",
        "Content-Type": "application/xml",
        "Date": "Mon, 08 Jan 2024 19:48:05 GMT",
        "User-Agent": "azsdk-java-azure-storage-blob/12.26.0-beta.1 (17.0.8; Windows 11; 10.0)",
        "x-ms-client-request-id": "d46a54b6-ae32-49f9-93ef-971cacc45ad0",
        "x-ms-version": "2024-02-04"
      },
      "RequestBody": "\u003C?xml version=\u00271.0\u0027 encoding=\u0027UTF-8\u0027?\u003E\u003CTags\u003E\u003CTagSet\u003E\u003CTag\u003E\u003CKey\u003Efoo\u003C/Key\u003E\u003CValue\u003Ebar\u003C/Value\u003E\u003C/Tag\u003E\u003C/TagSet\u003E\u003C/Tags\u003E",
      "StatusCode": 204,
      "ResponseHeaders": {
        "Date": "Mon, 08 Jan 2024 19:48:15 GMT",
        "Server": [
          "Windows-Azure-Blob/1.0",
          "Microsoft-HTTPAPI/2.0"
        ],
        "x-ms-client-request-id": "d46a54b6-ae32-49f9-93ef-971cacc45ad0",
        "x-ms-request-id": "c2a48312-101e-000f-2d6b-42e10a000000",
        "x-ms-version": "2024-02-04"
      },
      "ResponseBody": null
    },
    {
      "RequestUri": "https://REDACTED/4a023fa70renewblobleaseac6db791082d4ffaf52e9c484/4a023fa71renewblobleaseac6db20719ce1daaf666044e4",
      "RequestMethod": "HEAD",
      "RequestHeaders": {
        "Accept": "application/xml",
        "Authorization": "Sanitized",
        "Content-Length": "0",
        "Date": "Mon, 08 Jan 2024 19:48:05 GMT",
        "User-Agent": "azsdk-java-azure-storage-blob/12.26.0-beta.1 (17.0.8; Windows 11; 10.0)",
        "x-ms-client-request-id": "94ed6d77-bb37-4e5f-b46d-5491011a7f43",
        "x-ms-version": "2024-02-04"
      },
      "RequestBody": null,
      "StatusCode": 200,
      "ResponseHeaders": {
        "Accept-Ranges": "bytes",
        "Access-Control-Allow-Origin": "*",
        "Access-Control-Expose-Headers": "x-ms-client-request-id",
        "Content-Length": "7",
        "Content-MD5": "wh\u002BWm18D0z1D4E\u002BPE252gg==",
        "Content-Type": "application/octet-stream",
        "Date": "Mon, 08 Jan 2024 19:48:15 GMT",
        "ETag": "\u00220x8DC1082C191CF56\u0022",
        "Last-Modified": "Mon, 08 Jan 2024 19:48:15 GMT",
        "Server": [
          "Windows-Azure-Blob/1.0",
          "Microsoft-HTTPAPI/2.0"
        ],
        "x-ms-access-tier": "Hot",
        "x-ms-access-tier-inferred": "true",
        "x-ms-blob-type": "BlockBlob",
        "x-ms-client-request-id": "94ed6d77-bb37-4e5f-b46d-5491011a7f43",
        "x-ms-creation-time": "Mon, 08 Jan 2024 19:48:15 GMT",
        "x-ms-lease-state": "available",
        "x-ms-lease-status": "unlocked",
        "x-ms-request-id": "1ac74d43-a01e-001a-606b-42f6b9000000",
        "x-ms-server-encrypted": "true",
        "x-ms-tag-count": "1",
        "x-ms-version": "2024-02-04"
      },
      "ResponseBody": null
    },
    {
      "RequestUri": "https://REDACTED/4a023fa70renewblobleaseac6db791082d4ffaf52e9c484/4a023fa71renewblobleaseac6db20719ce1daaf666044e4?comp=lease",
      "RequestMethod": "PUT",
      "RequestHeaders": {
        "Accept": "application/xml",
        "Authorization": "Sanitized",
        "Content-Length": "0",
        "Date": "Mon, 08 Jan 2024 19:48:05 GMT",
        "User-Agent": "azsdk-java-azure-storage-blob/12.26.0-beta.1 (17.0.8; Windows 11; 10.0)",
        "x-ms-client-request-id": "4589353e-cc69-4360-aa65-62bb303d13b7",
        "x-ms-lease-action": "acquire",
        "x-ms-lease-duration": "-1",
        "x-ms-proposed-lease-id": "894ef1f2-badc-4121-acfc-ae3df8c62683",
        "x-ms-version": "2024-02-04"
      },
      "RequestBody": null,
      "StatusCode": 201,
      "ResponseHeaders": {
        "Content-Length": "0",
        "Date": "Mon, 08 Jan 2024 19:48:15 GMT",
        "ETag": "\u00220x8DC1082C191CF56\u0022",
        "Last-Modified": "Mon, 08 Jan 2024 19:48:15 GMT",
        "Server": [
          "Windows-Azure-Blob/1.0",
          "Microsoft-HTTPAPI/2.0"
        ],
        "x-ms-client-request-id": "4589353e-cc69-4360-aa65-62bb303d13b7",
        "x-ms-lease-id": "894ef1f2-badc-4121-acfc-ae3df8c62683",
        "x-ms-request-id": "1ac74dfc-a01e-001a-026b-42f6b9000000",
        "x-ms-version": "2024-02-04"
      },
      "ResponseBody": null
    },
    {
      "RequestUri": "https://REDACTED/4a023fa70renewblobleaseac6db791082d4ffaf52e9c484/4a023fa71renewblobleaseac6db20719ce1daaf666044e4?comp=lease",
      "RequestMethod": "PUT",
      "RequestHeaders": {
        "Accept": "application/xml",
        "Authorization": "Sanitized",
        "Content-Length": "0",
        "Date": "Mon, 08 Jan 2024 19:48:05 GMT",
        "If-Match": "0x8DC1082C191CF56",
        "User-Agent": "azsdk-java-azure-storage-blob/12.26.0-beta.1 (17.0.8; Windows 11; 10.0)",
        "x-ms-client-request-id": "961a07f7-593f-45e1-bf38-73058f71a388",
        "x-ms-lease-action": "renew",
        "x-ms-lease-id": "894ef1f2-badc-4121-acfc-ae3df8c62683",
        "x-ms-version": "2024-02-04"
      },
      "RequestBody": null,
      "StatusCode": 200,
      "ResponseHeaders": {
        "Content-Length": "0",
        "Date": "Mon, 08 Jan 2024 19:48:16 GMT",
        "ETag": "\u00220x8DC1082C191CF56\u0022",
        "Last-Modified": "Mon, 08 Jan 2024 19:48:15 GMT",
        "Server": [
          "Windows-Azure-Blob/1.0",
          "Microsoft-HTTPAPI/2.0"
        ],
        "x-ms-client-request-id": "961a07f7-593f-45e1-bf38-73058f71a388",
        "x-ms-lease-id": "894ef1f2-badc-4121-acfc-ae3df8c62683",
        "x-ms-request-id": "9d49a51b-a01e-0057-5f6b-423955000000",
        "x-ms-version": "2024-02-04"
      },
      "ResponseBody": null
    }
  ],
  "Variables": {
    "0": "4a023fa70renewblobleaseac6db791082d4ffaf52e9c484",
    "1": "4a023fa71renewblobleaseac6db20719ce1daaf666044e4"
  }
}
