{
  "Entries": [
    {
      "RequestUri": "https://REDACTED/6f2b85310breakcontainerleaseacfail0be06978870b2f8dc4?restype=container",
      "RequestMethod": "PUT",
      "RequestHeaders": {
        "Accept": "application/xml",
        "Authorization": "Sanitized",
        "Content-Length": "0",
        "Date": "Wed, 13 Dec 2023 21:52:15 GMT",
        "User-Agent": "azsdk-java-azure-storage-blob/12.26.0-beta.1 (17.0.8; Windows 11; 10.0)",
        "x-ms-client-request-id": "eee92eee-f568-4621-9479-f653f6aa514e",
        "x-ms-version": "2024-02-04"
      },
      "RequestBody": null,
      "StatusCode": 201,
      "ResponseHeaders": {
        "Content-Length": "0",
        "Date": "Wed, 13 Dec 2023 21:52:15 GMT",
        "ETag": "\u00220x8DBFC25C54E23D1\u0022",
        "Last-Modified": "Wed, 13 Dec 2023 21:52:15 GMT",
        "Server": [
          "Windows-Azure-Blob/1.0",
          "Microsoft-HTTPAPI/2.0"
        ],
        "x-ms-client-request-id": "eee92eee-f568-4621-9479-f653f6aa514e",
        "x-ms-request-id": "a3df3729-c01e-001c-5e0e-2ec506000000",
        "x-ms-version": "2024-02-04"
      },
      "ResponseBody": null
    },
    {
      "RequestUri": "https://REDACTED/6f2b85310breakcontainerleaseacfail0be06978870b2f8dc4?restype=container",
      "RequestMethod": "PUT",
      "RequestHeaders": {
        "Accept": "application/xml",
        "Authorization": "Sanitized",
        "Content-Length": "0",
        "Date": "Wed, 13 Dec 2023 21:52:15 GMT",
        "User-Agent": "azsdk-java-azure-storage-blob/12.26.0-beta.1 (17.0.8; Windows 11; 10.0)",
        "x-ms-client-request-id": "bae13749-ed60-4275-aa16-672abb6da687",
        "x-ms-version": "2024-02-04"
      },
      "RequestBody": null,
      "StatusCode": 409,
      "ResponseHeaders": {
        "Content-Length": "230",
        "Content-Type": "application/xml",
        "Date": "Wed, 13 Dec 2023 21:52:15 GMT",
        "Server": [
          "Windows-Azure-Blob/1.0",
          "Microsoft-HTTPAPI/2.0"
        ],
        "x-ms-client-request-id": "bae13749-ed60-4275-aa16-672abb6da687",
        "x-ms-error-code": "ContainerAlreadyExists",
        "x-ms-request-id": "76a81f78-e01e-008d-7e0e-2ea0b4000000",
        "x-ms-version": "2024-02-04"
      },
      "ResponseBody": [
        "\uFEFF\u003C?xml version=\u00221.0\u0022 encoding=\u0022utf-8\u0022?\u003E\u003CError\u003E\u003CCode\u003EContainerAlreadyExists\u003C/Code\u003E\u003CMessage\u003EThe specified container already exists.\n",
        "RequestId:76a81f78-e01e-008d-7e0e-2ea0b4000000\n",
        "Time:2023-12-13T21:52:15.8379448Z\u003C/Message\u003E\u003C/Error\u003E"
      ]
    },
    {
      "RequestUri": "https://REDACTED/6f2b85310breakcontainerleaseacfail0be06978870b2f8dc4?comp=lease\u0026restype=container",
      "RequestMethod": "PUT",
      "RequestHeaders": {
        "Accept": "application/xml",
        "Authorization": "Sanitized",
        "Content-Length": "0",
        "Date": "Wed, 13 Dec 2023 21:52:15 GMT",
        "User-Agent": "azsdk-java-azure-storage-blob/12.26.0-beta.1 (17.0.8; Windows 11; 10.0)",
        "x-ms-client-request-id": "a290698d-e3e2-409c-bcab-0ff761d711f9",
        "x-ms-lease-action": "acquire",
        "x-ms-lease-duration": "-1",
        "x-ms-proposed-lease-id": "170d5e97-8516-4ed6-b443-4ee52d17d9e9",
        "x-ms-version": "2024-02-04"
      },
      "RequestBody": null,
      "StatusCode": 201,
      "ResponseHeaders": {
        "Content-Length": "0",
        "Date": "Wed, 13 Dec 2023 21:52:15 GMT",
        "ETag": "\u00220x8DBFC25C54E23D1\u0022",
        "Last-Modified": "Wed, 13 Dec 2023 21:52:15 GMT",
        "Server": [
          "Windows-Azure-Blob/1.0",
          "Microsoft-HTTPAPI/2.0"
        ],
        "x-ms-client-request-id": "a290698d-e3e2-409c-bcab-0ff761d711f9",
        "x-ms-lease-id": "170d5e97-8516-4ed6-b443-4ee52d17d9e9",
        "x-ms-request-id": "bfff86c1-601e-003a-350e-2e8d1e000000",
        "x-ms-version": "2024-02-04"
      },
      "ResponseBody": null
    },
    {
      "RequestUri": "https://REDACTED/6f2b85310breakcontainerleaseacfail0be06978870b2f8dc4?comp=lease\u0026restype=container",
      "RequestMethod": "PUT",
      "RequestHeaders": {
        "Accept": "application/xml",
        "Authorization": "Sanitized",
        "Content-Length": "0",
        "Date": "Wed, 13 Dec 2023 21:52:15 GMT",
        "If-Modified-Since": "Thu, 14 Dec 2023 21:45:16 GMT",
        "User-Agent": "azsdk-java-azure-storage-blob/12.26.0-beta.1 (17.0.8; Windows 11; 10.0)",
        "x-ms-client-request-id": "42e62e3c-e025-4c8d-ba49-2d9a79696374",
        "x-ms-lease-action": "break",
        "x-ms-version": "2024-02-04"
      },
      "RequestBody": null,
      "StatusCode": 412,
      "ResponseHeaders": {
        "Content-Length": "252",
        "Content-Type": "application/xml",
        "Date": "Wed, 13 Dec 2023 21:52:15 GMT",
        "Server": [
          "Windows-Azure-Blob/1.0",
          "Microsoft-HTTPAPI/2.0"
        ],
        "x-ms-client-request-id": "42e62e3c-e025-4c8d-ba49-2d9a79696374",
        "x-ms-error-code": "ConditionNotMet",
        "x-ms-request-id": "bfff872d-601e-003a-150e-2e8d1e000000",
        "x-ms-version": "2024-02-04"
      },
      "ResponseBody": [
        "\uFEFF\u003C?xml version=\u00221.0\u0022 encoding=\u0022utf-8\u0022?\u003E\u003CError\u003E\u003CCode\u003EConditionNotMet\u003C/Code\u003E\u003CMessage\u003EThe condition specified using HTTP conditional header(s) is not met.\n",
        "RequestId:bfff872d-601e-003a-150e-2e8d1e000000\n",
        "Time:2023-12-13T21:52:15.9978829Z\u003C/Message\u003E\u003C/Error\u003E"
      ]
    }
  ],
  "Variables": {
    "0": "6f2b85310breakcontainerleaseacfail0be06978870b2f8dc4"
  }
}
