{
  "Entries": [
    {
      "RequestUri": "https://REDACTED/6c21f5810releasecontainerleaseacfaildc7128362ff11f60f?restype=container",
      "RequestMethod": "PUT",
      "RequestHeaders": {
        "Accept": "application/xml",
        "Authorization": "Sanitized",
        "Content-Length": "0",
        "Date": "Mon, 11 Dec 2023 23:29:22 GMT",
        "User-Agent": "azsdk-java-azure-storage-blob/12.26.0-beta.1 (17.0.8; Windows 11; 10.0)",
        "x-ms-client-request-id": "6238ac04-bb5b-4bb8-8f59-710152c135d2",
        "x-ms-version": "2024-02-04"
      },
      "RequestBody": null,
      "StatusCode": 201,
      "ResponseHeaders": {
        "Content-Length": "0",
        "Date": "Mon, 11 Dec 2023 23:29:25 GMT",
        "ETag": "\u00220x8DBFAA103E175D0\u0022",
        "Last-Modified": "Mon, 11 Dec 2023 23:29:26 GMT",
        "Server": [
          "Windows-Azure-Blob/1.0",
          "Microsoft-HTTPAPI/2.0"
        ],
        "x-ms-client-request-id": "6238ac04-bb5b-4bb8-8f59-710152c135d2",
        "x-ms-request-id": "d6591591-101e-000f-7689-2ce10a000000",
        "x-ms-version": "2024-02-04"
      },
      "ResponseBody": null
    },
    {
      "RequestUri": "https://REDACTED/6c21f5810releasecontainerleaseacfaildc7128362ff11f60f?restype=container",
      "RequestMethod": "PUT",
      "RequestHeaders": {
        "Accept": "application/xml",
        "Authorization": "Sanitized",
        "Content-Length": "0",
        "Date": "Mon, 11 Dec 2023 23:29:22 GMT",
        "User-Agent": "azsdk-java-azure-storage-blob/12.26.0-beta.1 (17.0.8; Windows 11; 10.0)",
        "x-ms-client-request-id": "64d55375-0637-4728-8649-f5a8c8497355",
        "x-ms-version": "2024-02-04"
      },
      "RequestBody": null,
      "StatusCode": 409,
      "ResponseHeaders": {
        "Content-Length": "230",
        "Content-Type": "application/xml",
        "Date": "Mon, 11 Dec 2023 23:29:25 GMT",
        "Server": [
          "Windows-Azure-Blob/1.0",
          "Microsoft-HTTPAPI/2.0"
        ],
        "x-ms-client-request-id": "64d55375-0637-4728-8649-f5a8c8497355",
        "x-ms-error-code": "ContainerAlreadyExists",
        "x-ms-request-id": "d65915f3-101e-000f-4c89-2ce10a000000",
        "x-ms-version": "2024-02-04"
      },
      "ResponseBody": [
        "\uFEFF\u003C?xml version=\u00221.0\u0022 encoding=\u0022utf-8\u0022?\u003E\u003CError\u003E\u003CCode\u003EContainerAlreadyExists\u003C/Code\u003E\u003CMessage\u003EThe specified container already exists.\n",
        "RequestId:d65915f3-101e-000f-4c89-2ce10a000000\n",
        "Time:2023-12-11T23:29:26.5782679Z\u003C/Message\u003E\u003C/Error\u003E"
      ]
    },
    {
      "RequestUri": "https://REDACTED/6c21f5810releasecontainerleaseacfaildc7128362ff11f60f?comp=lease\u0026restype=container",
      "RequestMethod": "PUT",
      "RequestHeaders": {
        "Accept": "application/xml",
        "Authorization": "Sanitized",
        "Content-Length": "0",
        "Date": "Mon, 11 Dec 2023 23:29:22 GMT",
        "User-Agent": "azsdk-java-azure-storage-blob/12.26.0-beta.1 (17.0.8; Windows 11; 10.0)",
        "x-ms-client-request-id": "88a6f2aa-7906-4dc5-b984-1140a6b8e49e",
        "x-ms-lease-action": "acquire",
        "x-ms-lease-duration": "-1",
        "x-ms-proposed-lease-id": "7e675183-59af-461c-8307-aa4a0a4848a0",
        "x-ms-version": "2024-02-04"
      },
      "RequestBody": null,
      "StatusCode": 201,
      "ResponseHeaders": {
        "Content-Length": "0",
        "Date": "Mon, 11 Dec 2023 23:29:26 GMT",
        "ETag": "\u00220x8DBFAA103E175D0\u0022",
        "Last-Modified": "Mon, 11 Dec 2023 23:29:26 GMT",
        "Server": [
          "Windows-Azure-Blob/1.0",
          "Microsoft-HTTPAPI/2.0"
        ],
        "x-ms-client-request-id": "88a6f2aa-7906-4dc5-b984-1140a6b8e49e",
        "x-ms-lease-id": "7e675183-59af-461c-8307-aa4a0a4848a0",
        "x-ms-request-id": "453b404d-e01e-0069-5589-2cae2a000000",
        "x-ms-version": "2024-02-04"
      },
      "ResponseBody": null
    },
    {
      "RequestUri": "https://REDACTED/6c21f5810releasecontainerleaseacfaildc7128362ff11f60f?comp=lease\u0026restype=container",
      "RequestMethod": "PUT",
      "RequestHeaders": {
        "Accept": "application/xml",
        "Authorization": "Sanitized",
        "Content-Length": "0",
        "Date": "Mon, 11 Dec 2023 23:29:22 GMT",
        "If-Unmodified-Since": "Sun, 10 Dec 2023 23:22:03 GMT",
        "User-Agent": "azsdk-java-azure-storage-blob/12.26.0-beta.1 (17.0.8; Windows 11; 10.0)",
        "x-ms-client-request-id": "3ff7ff46-91a6-474f-ae16-4bd819344306",
        "x-ms-lease-action": "release",
        "x-ms-lease-id": "7e675183-59af-461c-8307-aa4a0a4848a0",
        "x-ms-version": "2024-02-04"
      },
      "RequestBody": null,
      "StatusCode": 412,
      "ResponseHeaders": {
        "Content-Length": "252",
        "Content-Type": "application/xml",
        "Date": "Mon, 11 Dec 2023 23:29:26 GMT",
        "Server": [
          "Windows-Azure-Blob/1.0",
          "Microsoft-HTTPAPI/2.0"
        ],
        "x-ms-client-request-id": "3ff7ff46-91a6-474f-ae16-4bd819344306",
        "x-ms-error-code": "ConditionNotMet",
        "x-ms-request-id": "453b40be-e01e-0069-3c89-2cae2a000000",
        "x-ms-version": "2024-02-04"
      },
      "ResponseBody": [
        "\uFEFF\u003C?xml version=\u00221.0\u0022 encoding=\u0022utf-8\u0022?\u003E\u003CError\u003E\u003CCode\u003EConditionNotMet\u003C/Code\u003E\u003CMessage\u003EThe condition specified using HTTP conditional header(s) is not met.\n",
        "RequestId:453b40be-e01e-0069-3c89-2cae2a000000\n",
        "Time:2023-12-11T23:29:26.7835785Z\u003C/Message\u003E\u003C/Error\u003E"
      ]
    }
  ],
  "Variables": {
    "0": "6c21f5810releasecontainerleaseacfaildc7128362ff11f60f"
  }
}
