{
  "Entries": [
    {
      "RequestUri": "https://REDACTED/e42c3ef20acquireblobleaseac68d274664e094e0856f640?restype=container",
      "RequestMethod": "PUT",
      "RequestHeaders": {
        "Accept": "application/xml",
        "Authorization": "Sanitized",
        "Content-Length": "0",
        "Date": "Wed, 13 Dec 2023 21:51:25 GMT",
        "User-Agent": "azsdk-java-azure-storage-blob/12.26.0-beta.1 (17.0.8; Windows 11; 10.0)",
        "x-ms-client-request-id": "87bc6e69-2393-484b-ae7f-6dac10c0113e",
        "x-ms-version": "2024-02-04"
      },
      "RequestBody": null,
      "StatusCode": 201,
      "ResponseHeaders": {
        "Content-Length": "0",
        "Date": "Wed, 13 Dec 2023 21:51:24 GMT",
        "ETag": "\u00220x8DBFC25A75FF34A\u0022",
        "Last-Modified": "Wed, 13 Dec 2023 21:51:25 GMT",
        "Server": [
          "Windows-Azure-Blob/1.0",
          "Microsoft-HTTPAPI/2.0"
        ],
        "x-ms-client-request-id": "87bc6e69-2393-484b-ae7f-6dac10c0113e",
        "x-ms-request-id": "48b1efb8-901e-00a8-3f0e-2e09c8000000",
        "x-ms-version": "2024-02-04"
      },
      "ResponseBody": null
    },
    {
      "RequestUri": "https://REDACTED/e42c3ef20acquireblobleaseac68d274664e094e0856f640?restype=container",
      "RequestMethod": "PUT",
      "RequestHeaders": {
        "Accept": "application/xml",
        "Authorization": "Sanitized",
        "Content-Length": "0",
        "Date": "Wed, 13 Dec 2023 21:51:25 GMT",
        "User-Agent": "azsdk-java-azure-storage-blob/12.26.0-beta.1 (17.0.8; Windows 11; 10.0)",
        "x-ms-client-request-id": "c7ec405b-a289-46f3-ae47-1666a976c439",
        "x-ms-version": "2024-02-04"
      },
      "RequestBody": null,
      "StatusCode": 409,
      "ResponseHeaders": {
        "Content-Length": "230",
        "Content-Type": "application/xml",
        "Date": "Wed, 13 Dec 2023 21:51:25 GMT",
        "Server": [
          "Windows-Azure-Blob/1.0",
          "Microsoft-HTTPAPI/2.0"
        ],
        "x-ms-client-request-id": "c7ec405b-a289-46f3-ae47-1666a976c439",
        "x-ms-error-code": "ContainerAlreadyExists",
        "x-ms-request-id": "0914b9fc-501e-0043-6b0e-2e713a000000",
        "x-ms-version": "2024-02-04"
      },
      "ResponseBody": [
        "\uFEFF\u003C?xml version=\u00221.0\u0022 encoding=\u0022utf-8\u0022?\u003E\u003CError\u003E\u003CCode\u003EContainerAlreadyExists\u003C/Code\u003E\u003CMessage\u003EThe specified container already exists.\n",
        "RequestId:0914b9fc-501e-0043-6b0e-2e713a000000\n",
        "Time:2023-12-13T21:51:25.6022661Z\u003C/Message\u003E\u003C/Error\u003E"
      ]
    },
    {
      "RequestUri": "https://REDACTED/e42c3ef20acquireblobleaseac68d274664e094e0856f640/e42c3ef21acquireblobleaseac68d26472b381803614d14c",
      "RequestMethod": "PUT",
      "RequestHeaders": {
        "Accept": "application/xml",
        "Authorization": "Sanitized",
        "Content-Length": "7",
        "Content-Type": "application/octet-stream",
        "Date": "Wed, 13 Dec 2023 21:51:25 GMT",
        "If-None-Match": "*",
        "User-Agent": "azsdk-java-azure-storage-blob/12.26.0-beta.1 (17.0.8; Windows 11; 10.0)",
        "x-ms-blob-type": "BlockBlob",
        "x-ms-client-request-id": "8786c68b-7543-468e-ada8-dc9072c6d5e2",
        "x-ms-version": "2024-02-04"
      },
      "RequestBody": "ZGVmYXVsdA==",
      "StatusCode": 201,
      "ResponseHeaders": {
        "Content-Length": "0",
        "Content-MD5": "wh\u002BWm18D0z1D4E\u002BPE252gg==",
        "Date": "Wed, 13 Dec 2023 21:51:25 GMT",
        "ETag": "\u00220x8DBFC25A77BFE28\u0022",
        "Last-Modified": "Wed, 13 Dec 2023 21:51:25 GMT",
        "Server": [
          "Windows-Azure-Blob/1.0",
          "Microsoft-HTTPAPI/2.0"
        ],
        "x-ms-client-request-id": "8786c68b-7543-468e-ada8-dc9072c6d5e2",
        "x-ms-content-crc64": "6RYQPwaVsyQ=",
        "x-ms-request-id": "0914ba82-501e-0043-690e-2e713a000000",
        "x-ms-request-server-encrypted": "true",
        "x-ms-version": "2024-02-04"
      },
      "ResponseBody": null
    },
    {
      "RequestUri": "https://REDACTED/e42c3ef20acquireblobleaseac68d274664e094e0856f640/e42c3ef21acquireblobleaseac68d26472b381803614d14c?comp=tags",
      "RequestMethod": "PUT",
      "RequestHeaders": {
        "Accept": "application/xml",
        "Authorization": "Sanitized",
        "Content-Length": "111",
        "Content-Type": "application/xml",
        "Date": "Wed, 13 Dec 2023 21:51:25 GMT",
        "User-Agent": "azsdk-java-azure-storage-blob/12.26.0-beta.1 (17.0.8; Windows 11; 10.0)",
        "x-ms-client-request-id": "98c17239-55d4-4a82-8612-8926ee69f9a1",
        "x-ms-version": "2024-02-04"
      },
      "RequestBody": "\u003C?xml version=\u00271.0\u0027 encoding=\u0027UTF-8\u0027?\u003E\u003CTags\u003E\u003CTagSet\u003E\u003CTag\u003E\u003CKey\u003Efoo\u003C/Key\u003E\u003CValue\u003Ebar\u003C/Value\u003E\u003C/Tag\u003E\u003C/TagSet\u003E\u003C/Tags\u003E",
      "StatusCode": 204,
      "ResponseHeaders": {
        "Date": "Wed, 13 Dec 2023 21:51:25 GMT",
        "Server": [
          "Windows-Azure-Blob/1.0",
          "Microsoft-HTTPAPI/2.0"
        ],
        "x-ms-client-request-id": "98c17239-55d4-4a82-8612-8926ee69f9a1",
        "x-ms-request-id": "0914bb27-501e-0043-030e-2e713a000000",
        "x-ms-version": "2024-02-04"
      },
      "ResponseBody": null
    },
    {
      "RequestUri": "https://REDACTED/e42c3ef20acquireblobleaseac68d274664e094e0856f640/e42c3ef21acquireblobleaseac68d26472b381803614d14c?comp=lease",
      "RequestMethod": "PUT",
      "RequestHeaders": {
        "Accept": "application/xml",
        "Authorization": "Sanitized",
        "Content-Length": "0",
        "Date": "Wed, 13 Dec 2023 21:51:25 GMT",
        "If-Unmodified-Since": "Thu, 14 Dec 2023 21:45:16 GMT",
        "User-Agent": "azsdk-java-azure-storage-blob/12.26.0-beta.1 (17.0.8; Windows 11; 10.0)",
        "x-ms-client-request-id": "add4e936-9241-479a-87b1-23f2ca52b3cb",
        "x-ms-lease-action": "acquire",
        "x-ms-lease-duration": "-1",
        "x-ms-proposed-lease-id": "bb47e120-25b4-4452-81c2-0b47f3cf1be8",
        "x-ms-version": "2024-02-04"
      },
      "RequestBody": null,
      "StatusCode": 201,
      "ResponseHeaders": {
        "Content-Length": "0",
        "Date": "Wed, 13 Dec 2023 21:51:25 GMT",
        "ETag": "\u00220x8DBFC25A77BFE28\u0022",
        "Last-Modified": "Wed, 13 Dec 2023 21:51:25 GMT",
        "Server": [
          "Windows-Azure-Blob/1.0",
          "Microsoft-HTTPAPI/2.0"
        ],
        "x-ms-client-request-id": "add4e936-9241-479a-87b1-23f2ca52b3cb",
        "x-ms-lease-id": "bb47e120-25b4-4452-81c2-0b47f3cf1be8",
        "x-ms-request-id": "0914bbe3-501e-0043-330e-2e713a000000",
        "x-ms-version": "2024-02-04"
      },
      "ResponseBody": null
    }
  ],
  "Variables": {
    "0": "e42c3ef20acquireblobleaseac68d274664e094e0856f640",
    "1": "e42c3ef21acquireblobleaseac68d26472b381803614d14c"
  }
}
