{
  "Entries": [
    {
      "RequestUri": "https://REDACTED/8b96c8a20breakblobleaseaccfe88479378d311c6307478?restype=container",
      "RequestMethod": "PUT",
      "RequestHeaders": {
        "Accept": "application/xml",
        "Authorization": "Sanitized",
        "Content-Length": "0",
        "Date": "Mon, 04 Dec 2023 20:56:18 GMT",
        "User-Agent": "azsdk-java-azure-storage-blob/12.26.0-beta.1 (17.0.8; Windows 11; 10.0)",
        "x-ms-client-request-id": "55ee7072-59f2-4448-a423-c7ddf320e500",
        "x-ms-version": "2024-02-04"
      },
      "RequestBody": null,
      "StatusCode": 201,
      "ResponseHeaders": {
        "Content-Length": "0",
        "Date": "Mon, 04 Dec 2023 20:56:19 GMT",
        "ETag": "\u00220x8DBF50B772810C4\u0022",
        "Last-Modified": "Mon, 04 Dec 2023 20:56:19 GMT",
        "Server": [
          "Windows-Azure-Blob/1.0",
          "Microsoft-HTTPAPI/2.0"
        ],
        "x-ms-client-request-id": "55ee7072-59f2-4448-a423-c7ddf320e500",
        "x-ms-request-id": "b0338ded-401e-0086-75f4-265d3b000000",
        "x-ms-version": "2024-02-04"
      },
      "ResponseBody": null
    },
    {
      "RequestUri": "https://REDACTED/8b96c8a20breakblobleaseaccfe88479378d311c6307478?restype=container",
      "RequestMethod": "PUT",
      "RequestHeaders": {
        "Accept": "application/xml",
        "Authorization": "Sanitized",
        "Content-Length": "0",
        "Date": "Mon, 04 Dec 2023 20:56:18 GMT",
        "User-Agent": "azsdk-java-azure-storage-blob/12.26.0-beta.1 (17.0.8; Windows 11; 10.0)",
        "x-ms-client-request-id": "d6a9803f-94a9-4b3a-a94b-80a1c94a4e77",
        "x-ms-version": "2024-02-04"
      },
      "RequestBody": null,
      "StatusCode": 409,
      "ResponseHeaders": {
        "Content-Length": "230",
        "Content-Type": "application/xml",
        "Date": "Mon, 04 Dec 2023 20:56:19 GMT",
        "Server": [
          "Windows-Azure-Blob/1.0",
          "Microsoft-HTTPAPI/2.0"
        ],
        "x-ms-client-request-id": "d6a9803f-94a9-4b3a-a94b-80a1c94a4e77",
        "x-ms-error-code": "ContainerAlreadyExists",
        "x-ms-request-id": "b0338e0d-401e-0086-14f4-265d3b000000",
        "x-ms-version": "2024-02-04"
      },
      "ResponseBody": [
        "\uFEFF\u003C?xml version=\u00221.0\u0022 encoding=\u0022utf-8\u0022?\u003E\u003CError\u003E\u003CCode\u003EContainerAlreadyExists\u003C/Code\u003E\u003CMessage\u003EThe specified container already exists.\n",
        "RequestId:b0338e0d-401e-0086-14f4-265d3b000000\n",
        "Time:2023-12-04T20:56:19.6356563Z\u003C/Message\u003E\u003C/Error\u003E"
      ]
    },
    {
      "RequestUri": "https://REDACTED/8b96c8a20breakblobleaseaccfe88479378d311c6307478/8b96c8a21breakblobleaseaccfe2204234fef5cfcd354a6",
      "RequestMethod": "PUT",
      "RequestHeaders": {
        "Accept": "application/xml",
        "Authorization": "Sanitized",
        "Content-Length": "7",
        "Content-Type": "application/octet-stream",
        "Date": "Mon, 04 Dec 2023 20:56:18 GMT",
        "If-None-Match": "*",
        "User-Agent": "azsdk-java-azure-storage-blob/12.26.0-beta.1 (17.0.8; Windows 11; 10.0)",
        "x-ms-blob-type": "BlockBlob",
        "x-ms-client-request-id": "3de2760b-67be-4b39-bad1-ea147d5d35e8",
        "x-ms-version": "2024-02-04"
      },
      "RequestBody": "ZGVmYXVsdA==",
      "StatusCode": 201,
      "ResponseHeaders": {
        "Content-Length": "0",
        "Content-MD5": "wh\u002BWm18D0z1D4E\u002BPE252gg==",
        "Date": "Mon, 04 Dec 2023 20:56:19 GMT",
        "ETag": "\u00220x8DBF50B773E4764\u0022",
        "Last-Modified": "Mon, 04 Dec 2023 20:56:19 GMT",
        "Server": [
          "Windows-Azure-Blob/1.0",
          "Microsoft-HTTPAPI/2.0"
        ],
        "x-ms-client-request-id": "3de2760b-67be-4b39-bad1-ea147d5d35e8",
        "x-ms-content-crc64": "6RYQPwaVsyQ=",
        "x-ms-request-id": "b0338e42-401e-0086-45f4-265d3b000000",
        "x-ms-request-server-encrypted": "true",
        "x-ms-version": "2024-02-04",
        "x-ms-version-id": "2023-12-04T20:56:19.7072740Z"
      },
      "ResponseBody": null
    },
    {
      "RequestUri": "https://REDACTED/8b96c8a20breakblobleaseaccfe88479378d311c6307478/8b96c8a21breakblobleaseaccfe2204234fef5cfcd354a6?comp=tags",
      "RequestMethod": "PUT",
      "RequestHeaders": {
        "Accept": "application/xml",
        "Authorization": "Sanitized",
        "Content-Length": "111",
        "Content-Type": "application/xml",
        "Date": "Mon, 04 Dec 2023 20:56:18 GMT",
        "User-Agent": "azsdk-java-azure-storage-blob/12.26.0-beta.1 (17.0.8; Windows 11; 10.0)",
        "x-ms-client-request-id": "24b74ba5-6248-4445-afe2-1a639d189565",
        "x-ms-version": "2024-02-04"
      },
      "RequestBody": "\u003C?xml version=\u00271.0\u0027 encoding=\u0027UTF-8\u0027?\u003E\u003CTags\u003E\u003CTagSet\u003E\u003CTag\u003E\u003CKey\u003Efoo\u003C/Key\u003E\u003CValue\u003Ebar\u003C/Value\u003E\u003C/Tag\u003E\u003C/TagSet\u003E\u003C/Tags\u003E",
      "StatusCode": 204,
      "ResponseHeaders": {
        "Date": "Mon, 04 Dec 2023 20:56:19 GMT",
        "Server": [
          "Windows-Azure-Blob/1.0",
          "Microsoft-HTTPAPI/2.0"
        ],
        "x-ms-client-request-id": "24b74ba5-6248-4445-afe2-1a639d189565",
        "x-ms-request-id": "b0338e7a-401e-0086-73f4-265d3b000000",
        "x-ms-version": "2024-02-04"
      },
      "ResponseBody": null
    },
    {
      "RequestUri": "https://REDACTED/8b96c8a20breakblobleaseaccfe88479378d311c6307478/8b96c8a21breakblobleaseaccfe2204234fef5cfcd354a6?comp=lease",
      "RequestMethod": "PUT",
      "RequestHeaders": {
        "Accept": "application/xml",
        "Authorization": "Sanitized",
        "Content-Length": "0",
        "Date": "Mon, 04 Dec 2023 20:56:18 GMT",
        "User-Agent": "azsdk-java-azure-storage-blob/12.26.0-beta.1 (17.0.8; Windows 11; 10.0)",
        "x-ms-client-request-id": "c38063f6-5fb8-479b-bca6-243968b7aba5",
        "x-ms-lease-action": "acquire",
        "x-ms-lease-duration": "-1",
        "x-ms-proposed-lease-id": "04ad5d4b-72a7-45cc-bdee-c2af00739b6f",
        "x-ms-version": "2024-02-04"
      },
      "RequestBody": null,
      "StatusCode": 201,
      "ResponseHeaders": {
        "Content-Length": "0",
        "Date": "Mon, 04 Dec 2023 20:56:19 GMT",
        "ETag": "\u00220x8DBF50B773E4764\u0022",
        "Last-Modified": "Mon, 04 Dec 2023 20:56:19 GMT",
        "Server": [
          "Windows-Azure-Blob/1.0",
          "Microsoft-HTTPAPI/2.0"
        ],
        "x-ms-client-request-id": "c38063f6-5fb8-479b-bca6-243968b7aba5",
        "x-ms-lease-id": "04ad5d4b-72a7-45cc-bdee-c2af00739b6f",
        "x-ms-request-id": "b0338ec5-401e-0086-32f4-265d3b000000",
        "x-ms-version": "2024-02-04"
      },
      "ResponseBody": null
    },
    {
      "RequestUri": "https://REDACTED/8b96c8a20breakblobleaseaccfe88479378d311c6307478/8b96c8a21breakblobleaseaccfe2204234fef5cfcd354a6?comp=lease",
      "RequestMethod": "PUT",
      "RequestHeaders": {
        "Accept": "application/xml",
        "Authorization": "Sanitized",
        "Content-Length": "0",
        "Date": "Mon, 04 Dec 2023 20:56:19 GMT",
        "User-Agent": "azsdk-java-azure-storage-blob/12.26.0-beta.1 (17.0.8; Windows 11; 10.0)",
        "x-ms-client-request-id": "b1d72b67-4f44-429f-8374-b68e54926574",
        "x-ms-lease-action": "break",
        "x-ms-version": "2024-02-04"
      },
      "RequestBody": null,
      "StatusCode": 202,
      "ResponseHeaders": {
        "Content-Length": "0",
        "Date": "Mon, 04 Dec 2023 20:56:19 GMT",
        "ETag": "\u00220x8DBF50B773E4764\u0022",
        "Last-Modified": "Mon, 04 Dec 2023 20:56:19 GMT",
        "Server": [
          "Windows-Azure-Blob/1.0",
          "Microsoft-HTTPAPI/2.0"
        ],
        "x-ms-client-request-id": "b1d72b67-4f44-429f-8374-b68e54926574",
        "x-ms-lease-time": "0",
        "x-ms-request-id": "b0338f0e-401e-0086-73f4-265d3b000000",
        "x-ms-version": "2024-02-04"
      },
      "ResponseBody": null
    }
  ],
  "Variables": {
    "0": "8b96c8a20breakblobleaseaccfe88479378d311c6307478",
    "1": "8b96c8a21breakblobleaseaccfe2204234fef5cfcd354a6"
  }
}
