{
  "Entries": [
    {
      "RequestUri": "https://REDACTED/33074d1b0changeblobleaseac53d1830599d9939dddd04a?restype=container",
      "RequestMethod": "PUT",
      "RequestHeaders": {
        "Accept": "application/xml",
        "Authorization": "Sanitized",
        "Content-Length": "0",
        "Date": "Wed, 11 Oct 2023 20:44:52 GMT",
        "User-Agent": "azsdk-java-azure-storage-blob/12.25.0-beta.1 (17.0.8.1; Windows 11; 10.0)",
        "x-ms-client-request-id": "61813d66-e253-46ae-b883-a2e67f8a5370",
        "x-ms-version": "2023-08-03"
      },
      "RequestBody": null,
      "StatusCode": 201,
      "ResponseHeaders": {
        "Content-Length": "0",
        "Date": "Wed, 11 Oct 2023 20:44:51 GMT",
        "ETag": "\u00220x8DBCA9AEB219B8D\u0022",
        "Last-Modified": "Wed, 11 Oct 2023 20:44:52 GMT",
        "Server": [
          "Windows-Azure-Blob/1.0",
          "Microsoft-HTTPAPI/2.0"
        ],
        "x-ms-client-request-id": "61813d66-e253-46ae-b883-a2e67f8a5370",
        "x-ms-request-id": "d3918c24-001e-0087-4683-fc02e7000000",
        "x-ms-version": "2023-08-03"
      },
      "ResponseBody": null
    },
    {
      "RequestUri": "https://REDACTED/33074d1b0changeblobleaseac53d1830599d9939dddd04a/33074d1b1changeblobleaseac53d86714b33ba2ef4b3845",
      "RequestMethod": "PUT",
      "RequestHeaders": {
        "Accept": "application/xml",
        "Authorization": "Sanitized",
        "Content-Length": "7",
        "Content-Type": "application/octet-stream",
        "Date": "Wed, 11 Oct 2023 20:44:52 GMT",
        "If-None-Match": "*",
        "User-Agent": "azsdk-java-azure-storage-blob/12.25.0-beta.1 (17.0.8.1; Windows 11; 10.0)",
        "x-ms-blob-type": "BlockBlob",
        "x-ms-client-request-id": "0cd4ed15-f89b-4a6b-ab89-1bf556833b75",
        "x-ms-version": "2023-08-03"
      },
      "RequestBody": "ZGVmYXVsdA==",
      "StatusCode": 201,
      "ResponseHeaders": {
        "Content-Length": "0",
        "Content-MD5": "wh\u002BWm18D0z1D4E\u002BPE252gg==",
        "Date": "Wed, 11 Oct 2023 20:44:52 GMT",
        "ETag": "\u00220x8DBCA9AEB295610\u0022",
        "Last-Modified": "Wed, 11 Oct 2023 20:44:52 GMT",
        "Server": [
          "Windows-Azure-Blob/1.0",
          "Microsoft-HTTPAPI/2.0"
        ],
        "x-ms-client-request-id": "0cd4ed15-f89b-4a6b-ab89-1bf556833b75",
        "x-ms-content-crc64": "6RYQPwaVsyQ=",
        "x-ms-request-id": "87af6672-401e-0010-2483-fc54ea000000",
        "x-ms-request-server-encrypted": "true",
        "x-ms-version": "2023-08-03"
      },
      "ResponseBody": null
    },
    {
      "RequestUri": "https://REDACTED/33074d1b0changeblobleaseac53d1830599d9939dddd04a/33074d1b1changeblobleaseac53d86714b33ba2ef4b3845?comp=tags",
      "RequestMethod": "PUT",
      "RequestHeaders": {
        "Accept": "application/xml",
        "Authorization": "Sanitized",
        "Content-Length": "111",
        "Content-Type": "application/xml",
        "Date": "Wed, 11 Oct 2023 20:44:52 GMT",
        "User-Agent": "azsdk-java-azure-storage-blob/12.25.0-beta.1 (17.0.8.1; Windows 11; 10.0)",
        "x-ms-client-request-id": "55d66fd3-0e35-4334-ac07-91bc4759a263",
        "x-ms-version": "2023-08-03"
      },
      "RequestBody": "\u003C?xml version=\u00271.0\u0027 encoding=\u0027UTF-8\u0027?\u003E\u003CTags\u003E\u003CTagSet\u003E\u003CTag\u003E\u003CKey\u003Efoo\u003C/Key\u003E\u003CValue\u003Ebar\u003C/Value\u003E\u003C/Tag\u003E\u003C/TagSet\u003E\u003C/Tags\u003E",
      "StatusCode": 204,
      "ResponseHeaders": {
        "Date": "Wed, 11 Oct 2023 20:44:52 GMT",
        "Server": [
          "Windows-Azure-Blob/1.0",
          "Microsoft-HTTPAPI/2.0"
        ],
        "x-ms-client-request-id": "55d66fd3-0e35-4334-ac07-91bc4759a263",
        "x-ms-request-id": "a89c47c4-101e-000d-1b83-fc5956000000",
        "x-ms-version": "2023-08-03"
      },
      "ResponseBody": null
    },
    {
      "RequestUri": "https://REDACTED/33074d1b0changeblobleaseac53d1830599d9939dddd04a/33074d1b1changeblobleaseac53d86714b33ba2ef4b3845?comp=lease",
      "RequestMethod": "PUT",
      "RequestHeaders": {
        "Accept": "application/xml",
        "Authorization": "Sanitized",
        "Content-Length": "0",
        "Date": "Wed, 11 Oct 2023 20:44:52 GMT",
        "User-Agent": "azsdk-java-azure-storage-blob/12.25.0-beta.1 (17.0.8.1; Windows 11; 10.0)",
        "x-ms-client-request-id": "f7bb815c-c072-46eb-b2cc-9950ae6e3706",
        "x-ms-lease-action": "acquire",
        "x-ms-lease-duration": "-1",
        "x-ms-proposed-lease-id": "2e7270c5-f379-41a0-a9fc-2cb75b26cda2",
        "x-ms-version": "2023-08-03"
      },
      "RequestBody": null,
      "StatusCode": 201,
      "ResponseHeaders": {
        "Content-Length": "0",
        "Date": "Wed, 11 Oct 2023 20:44:52 GMT",
        "ETag": "\u00220x8DBCA9AEB295610\u0022",
        "Last-Modified": "Wed, 11 Oct 2023 20:44:52 GMT",
        "Server": [
          "Windows-Azure-Blob/1.0",
          "Microsoft-HTTPAPI/2.0"
        ],
        "x-ms-client-request-id": "f7bb815c-c072-46eb-b2cc-9950ae6e3706",
        "x-ms-lease-id": "2e7270c5-f379-41a0-a9fc-2cb75b26cda2",
        "x-ms-request-id": "a89c47e6-101e-000d-2d83-fc5956000000",
        "x-ms-version": "2023-08-03"
      },
      "ResponseBody": null
    },
    {
      "RequestUri": "https://REDACTED/33074d1b0changeblobleaseac53d1830599d9939dddd04a/33074d1b1changeblobleaseac53d86714b33ba2ef4b3845?comp=lease",
      "RequestMethod": "PUT",
      "RequestHeaders": {
        "Accept": "application/xml",
        "Authorization": "Sanitized",
        "Content-Length": "0",
        "Date": "Wed, 11 Oct 2023 20:44:52 GMT",
        "If-None-Match": "garbage",
        "User-Agent": "azsdk-java-azure-storage-blob/12.25.0-beta.1 (17.0.8.1; Windows 11; 10.0)",
        "x-ms-client-request-id": "476aa7b8-68df-445b-96c0-1d8c0c3b68bc",
        "x-ms-lease-action": "change",
        "x-ms-lease-id": "2e7270c5-f379-41a0-a9fc-2cb75b26cda2",
        "x-ms-proposed-lease-id": "a0d992f1-aab7-43d7-a7bc-6cc869dc189c",
        "x-ms-version": "2023-08-03"
      },
      "RequestBody": null,
      "StatusCode": 200,
      "ResponseHeaders": {
        "Content-Length": "0",
        "Date": "Wed, 11 Oct 2023 20:44:52 GMT",
        "ETag": "\u00220x8DBCA9AEB295610\u0022",
        "Last-Modified": "Wed, 11 Oct 2023 20:44:52 GMT",
        "Server": [
          "Windows-Azure-Blob/1.0",
          "Microsoft-HTTPAPI/2.0"
        ],
        "x-ms-client-request-id": "476aa7b8-68df-445b-96c0-1d8c0c3b68bc",
        "x-ms-lease-id": "a0d992f1-aab7-43d7-a7bc-6cc869dc189c",
        "x-ms-request-id": "a89c480e-101e-000d-3f83-fc5956000000",
        "x-ms-version": "2023-08-03"
      },
      "ResponseBody": null
    }
  ],
  "Variables": {
    "0": "33074d1b0changeblobleaseac53d1830599d9939dddd04a",
    "1": "33074d1b1changeblobleaseac53d86714b33ba2ef4b3845",
    "2": "a0d992f1-aab7-43d7-a7bc-6cc869dc189c"
  }
}
