{
  "Entries": [
    {
      "RequestUri": "https://REDACTED/b759de780acquireblobleasedurationfail6d62386868b97314b?restype=container",
      "RequestMethod": "PUT",
      "RequestHeaders": {
        "Accept": "application/xml",
        "Authorization": "Sanitized",
        "Content-Length": "0",
        "Date": "Wed, 11 Oct 2023 21:22:22 GMT",
        "User-Agent": "azsdk-java-azure-storage-blob/12.25.0-beta.1 (17.0.8.1; Windows 11; 10.0)",
        "x-ms-client-request-id": "86296871-f901-4373-bb28-b9631e22da80",
        "x-ms-version": "2023-08-03"
      },
      "RequestBody": null,
      "StatusCode": 201,
      "ResponseHeaders": {
        "Content-Length": "0",
        "Date": "Wed, 11 Oct 2023 21:22:21 GMT",
        "ETag": "\u00220x8DBCAA02832ED76\u0022",
        "Last-Modified": "Wed, 11 Oct 2023 21:22:22 GMT",
        "Server": [
          "Windows-Azure-Blob/1.0",
          "Microsoft-HTTPAPI/2.0"
        ],
        "x-ms-client-request-id": "86296871-f901-4373-bb28-b9631e22da80",
        "x-ms-request-id": "53fd0903-a01e-0018-1e89-fc4ee5000000",
        "x-ms-version": "2023-08-03"
      },
      "ResponseBody": null
    },
    {
      "RequestUri": "https://REDACTED/b759de780acquireblobleasedurationfail6d62386868b97314b/b759de781acquireblobleasedurationfail6d6201948a7a27367",
      "RequestMethod": "PUT",
      "RequestHeaders": {
        "Accept": "application/xml",
        "Authorization": "Sanitized",
        "Content-Length": "7",
        "Content-Type": "application/octet-stream",
        "Date": "Wed, 11 Oct 2023 21:22:22 GMT",
        "If-None-Match": "*",
        "User-Agent": "azsdk-java-azure-storage-blob/12.25.0-beta.1 (17.0.8.1; Windows 11; 10.0)",
        "x-ms-blob-type": "BlockBlob",
        "x-ms-client-request-id": "79765520-17bc-4c23-af2b-ee8854715c47",
        "x-ms-version": "2023-08-03"
      },
      "RequestBody": "ZGVmYXVsdA==",
      "StatusCode": 201,
      "ResponseHeaders": {
        "Content-Length": "0",
        "Content-MD5": "wh\u002BWm18D0z1D4E\u002BPE252gg==",
        "Date": "Wed, 11 Oct 2023 21:22:21 GMT",
        "ETag": "\u00220x8DBCAA0283B9CF5\u0022",
        "Last-Modified": "Wed, 11 Oct 2023 21:22:22 GMT",
        "Server": [
          "Windows-Azure-Blob/1.0",
          "Microsoft-HTTPAPI/2.0"
        ],
        "x-ms-client-request-id": "79765520-17bc-4c23-af2b-ee8854715c47",
        "x-ms-content-crc64": "6RYQPwaVsyQ=",
        "x-ms-request-id": "da2918a2-601e-0007-1989-fcfde1000000",
        "x-ms-request-server-encrypted": "true",
        "x-ms-version": "2023-08-03"
      },
      "ResponseBody": null
    },
    {
      "RequestUri": "https://REDACTED/b759de780acquireblobleasedurationfail6d62386868b97314b/b759de781acquireblobleasedurationfail6d6201948a7a27367?comp=lease",
      "RequestMethod": "PUT",
      "RequestHeaders": {
        "Accept": "application/xml",
        "Authorization": "Sanitized",
        "Content-Length": "0",
        "Date": "Wed, 11 Oct 2023 21:22:22 GMT",
        "User-Agent": "azsdk-java-azure-storage-blob/12.25.0-beta.1 (17.0.8.1; Windows 11; 10.0)",
        "x-ms-client-request-id": "b43f6b6b-eb3e-4ebf-8ca5-72bc5c50bd62",
        "x-ms-lease-action": "acquire",
        "x-ms-lease-duration": "-10",
        "x-ms-proposed-lease-id": "c7429735-838e-4cd8-bba2-aa113224bf92",
        "x-ms-version": "2023-08-03"
      },
      "RequestBody": null,
      "StatusCode": 400,
      "ResponseHeaders": {
        "Content-Length": "328",
        "Content-Type": "application/xml",
        "Date": "Wed, 11 Oct 2023 21:22:22 GMT",
        "Server": [
          "Windows-Azure-Blob/1.0",
          "Microsoft-HTTPAPI/2.0"
        ],
        "x-ms-client-request-id": "b43f6b6b-eb3e-4ebf-8ca5-72bc5c50bd62",
        "x-ms-error-code": "InvalidHeaderValue",
        "x-ms-request-id": "555be445-b01e-0014-1489-fcd9ed000000",
        "x-ms-version": "2023-08-03"
      },
      "ResponseBody": [
        "\uFEFF\u003C?xml version=\u00221.0\u0022 encoding=\u0022utf-8\u0022?\u003E\u003CError\u003E\u003CCode\u003EInvalidHeaderValue\u003C/Code\u003E\u003CMessage\u003EThe value for one of the HTTP headers is not in the correct format.\n",
        "RequestId:555be445-b01e-0014-1489-fcd9ed000000\n",
        "Time:2023-10-11T21:22:22.2038155Z\u003C/Message\u003E\u003CHeaderName\u003Ex-ms-lease-duration\u003C/HeaderName\u003E\u003CHeaderValue\u003E-10\u003C/HeaderValue\u003E\u003C/Error\u003E"
      ]
    }
  ],
  "Variables": {
    "0": "b759de780acquireblobleasedurationfail6d62386868b97314b",
    "1": "b759de781acquireblobleasedurationfail6d6201948a7a27367"
  }
}
