{
  "Entries": [
    {
      "RequestUri": "https://REDACTED/32dbcb0b0breakcontainerlease7ae98602fa90e51be6ac4?restype=container",
      "RequestMethod": "PUT",
      "RequestHeaders": {
        "Accept": "application/xml",
        "Authorization": "Sanitized",
        "Content-Length": "0",
        "Date": "Thu, 12 Oct 2023 14:29:22 GMT",
        "User-Agent": "azsdk-java-azure-storage-blob/12.25.0-beta.1 (17.0.8.1; Windows 11; 10.0)",
        "x-ms-client-request-id": "a1096fcd-1220-4e1c-b721-e8c891cc874a",
        "x-ms-version": "2023-08-03"
      },
      "RequestBody": null,
      "StatusCode": 201,
      "ResponseHeaders": {
        "Content-Length": "0",
        "Date": "Thu, 12 Oct 2023 14:29:22 GMT",
        "ETag": "\u00220x8DBCB2FA10B10FE\u0022",
        "Last-Modified": "Thu, 12 Oct 2023 14:29:22 GMT",
        "Server": [
          "Windows-Azure-Blob/1.0",
          "Microsoft-HTTPAPI/2.0"
        ],
        "x-ms-client-request-id": "a1096fcd-1220-4e1c-b721-e8c891cc874a",
        "x-ms-request-id": "37ef5c41-901e-0074-4218-fdfe41000000",
        "x-ms-version": "2023-08-03"
      },
      "ResponseBody": null
    },
    {
      "RequestUri": "https://REDACTED/32dbcb0b0breakcontainerlease7ae98602fa90e51be6ac4?comp=lease\u0026restype=container",
      "RequestMethod": "PUT",
      "RequestHeaders": {
        "Accept": "application/xml",
        "Authorization": "Sanitized",
        "Content-Length": "0",
        "Date": "Thu, 12 Oct 2023 14:29:22 GMT",
        "User-Agent": "azsdk-java-azure-storage-blob/12.25.0-beta.1 (17.0.8.1; Windows 11; 10.0)",
        "x-ms-client-request-id": "1bb042b2-5efd-4891-b3b9-edf38271ce04",
        "x-ms-lease-action": "acquire",
        "x-ms-lease-duration": "20",
        "x-ms-proposed-lease-id": "b8c95546-2d0e-4a72-889e-e37758291f13",
        "x-ms-version": "2023-08-03"
      },
      "RequestBody": null,
      "StatusCode": 201,
      "ResponseHeaders": {
        "Content-Length": "0",
        "Date": "Thu, 12 Oct 2023 14:29:22 GMT",
        "ETag": "\u00220x8DBCB2FA10B10FE\u0022",
        "Last-Modified": "Thu, 12 Oct 2023 14:29:22 GMT",
        "Server": [
          "Windows-Azure-Blob/1.0",
          "Microsoft-HTTPAPI/2.0"
        ],
        "x-ms-client-request-id": "1bb042b2-5efd-4891-b3b9-edf38271ce04",
        "x-ms-lease-id": "b8c95546-2d0e-4a72-889e-e37758291f13",
        "x-ms-request-id": "37ef5c5b-901e-0074-5918-fdfe41000000",
        "x-ms-version": "2023-08-03"
      },
      "ResponseBody": null
    },
    {
      "RequestUri": "https://REDACTED/32dbcb0b0breakcontainerlease7ae98602fa90e51be6ac4?comp=lease\u0026restype=container",
      "RequestMethod": "PUT",
      "RequestHeaders": {
        "Accept": "application/xml",
        "Authorization": "Sanitized",
        "Content-Length": "0",
        "Date": "Thu, 12 Oct 2023 14:29:22 GMT",
        "User-Agent": "azsdk-java-azure-storage-blob/12.25.0-beta.1 (17.0.8.1; Windows 11; 10.0)",
        "x-ms-client-request-id": "d5abe949-cd95-4ddd-a16d-319c7d665df2",
        "x-ms-lease-action": "break",
        "x-ms-lease-break-period": "15",
        "x-ms-version": "2023-08-03"
      },
      "RequestBody": null,
      "StatusCode": 202,
      "ResponseHeaders": {
        "Content-Length": "0",
        "Date": "Thu, 12 Oct 2023 14:29:22 GMT",
        "ETag": "\u00220x8DBCB2FA10B10FE\u0022",
        "Last-Modified": "Thu, 12 Oct 2023 14:29:22 GMT",
        "Server": [
          "Windows-Azure-Blob/1.0",
          "Microsoft-HTTPAPI/2.0"
        ],
        "x-ms-client-request-id": "d5abe949-cd95-4ddd-a16d-319c7d665df2",
        "x-ms-lease-time": "15",
        "x-ms-request-id": "37ef5c72-901e-0074-6d18-fdfe41000000",
        "x-ms-version": "2023-08-03"
      },
      "ResponseBody": null
    },
    {
      "RequestUri": "https://REDACTED/32dbcb0b0breakcontainerlease7ae98602fa90e51be6ac4?restype=container",
      "RequestMethod": "GET",
      "RequestHeaders": {
        "Accept": "application/xml",
        "Authorization": "Sanitized",
        "Content-Length": "0",
        "Date": "Thu, 12 Oct 2023 14:29:22 GMT",
        "User-Agent": "azsdk-java-azure-storage-blob/12.25.0-beta.1 (17.0.8.1; Windows 11; 10.0)",
        "x-ms-client-request-id": "720a0851-e362-4ee4-9640-351ff6e8c1d4",
        "x-ms-version": "2023-08-03"
      },
      "RequestBody": null,
      "StatusCode": 200,
      "ResponseHeaders": {
        "Access-Control-Allow-Origin": "*",
        "Access-Control-Expose-Headers": "x-ms-client-request-id",
        "Content-Length": "0",
        "Date": "Thu, 12 Oct 2023 14:29:22 GMT",
        "ETag": "\u00220x8DBCB2FA10B10FE\u0022",
        "Last-Modified": "Thu, 12 Oct 2023 14:29:22 GMT",
        "Server": [
          "Windows-Azure-Blob/1.0",
          "Microsoft-HTTPAPI/2.0"
        ],
        "x-ms-client-request-id": "720a0851-e362-4ee4-9640-351ff6e8c1d4",
        "x-ms-default-encryption-scope": "$account-encryption-key",
        "x-ms-deny-encryption-scope-override": "false",
        "x-ms-has-immutability-policy": "false",
        "x-ms-has-legal-hold": "false",
        "x-ms-immutable-storage-with-versioning-enabled": "false",
        "x-ms-lease-state": "breaking",
        "x-ms-lease-status": "locked",
        "x-ms-request-id": "35f111ed-a01e-0022-7918-fd0fae000000",
        "x-ms-version": "2023-08-03"
      },
      "ResponseBody": null
    }
  ],
  "Variables": {
    "0": "32dbcb0b0breakcontainerlease7ae98602fa90e51be6ac4",
    "1": "b8c95546-2d0e-4a72-889e-e37758291f13"
  }
}
