{
  "Entries": [
    {
      "RequestUri": "https://REDACTED/fd370fb30acquireblobleaseac94178736c077d3de0e2a44?restype=container",
      "RequestMethod": "PUT",
      "RequestHeaders": {
        "Accept": "application/xml",
        "Authorization": "Sanitized",
        "Content-Length": "0",
        "Date": "Mon, 04 Dec 2023 20:55:34 GMT",
        "User-Agent": "azsdk-java-azure-storage-blob/12.26.0-beta.1 (17.0.8; Windows 11; 10.0)",
        "x-ms-client-request-id": "8d91bb81-8ff2-484c-9cf6-991605b91529",
        "x-ms-version": "2024-02-04"
      },
      "RequestBody": null,
      "StatusCode": 201,
      "ResponseHeaders": {
        "Content-Length": "0",
        "Date": "Mon, 04 Dec 2023 20:55:34 GMT",
        "ETag": "\u00220x8DBF50B5C88F6CD\u0022",
        "Last-Modified": "Mon, 04 Dec 2023 20:55:34 GMT",
        "Server": [
          "Windows-Azure-Blob/1.0",
          "Microsoft-HTTPAPI/2.0"
        ],
        "x-ms-client-request-id": "8d91bb81-8ff2-484c-9cf6-991605b91529",
        "x-ms-request-id": "1f9ebd1f-c01e-007c-6ff4-26bf7d000000",
        "x-ms-version": "2024-02-04"
      },
      "ResponseBody": null
    },
    {
      "RequestUri": "https://REDACTED/fd370fb30acquireblobleaseac94178736c077d3de0e2a44?restype=container",
      "RequestMethod": "PUT",
      "RequestHeaders": {
        "Accept": "application/xml",
        "Authorization": "Sanitized",
        "Content-Length": "0",
        "Date": "Mon, 04 Dec 2023 20:55:34 GMT",
        "User-Agent": "azsdk-java-azure-storage-blob/12.26.0-beta.1 (17.0.8; Windows 11; 10.0)",
        "x-ms-client-request-id": "c8dcd22d-fde4-4a17-8919-54e2ccc79f0e",
        "x-ms-version": "2024-02-04"
      },
      "RequestBody": null,
      "StatusCode": 409,
      "ResponseHeaders": {
        "Content-Length": "230",
        "Content-Type": "application/xml",
        "Date": "Mon, 04 Dec 2023 20:55:34 GMT",
        "Server": [
          "Windows-Azure-Blob/1.0",
          "Microsoft-HTTPAPI/2.0"
        ],
        "x-ms-client-request-id": "c8dcd22d-fde4-4a17-8919-54e2ccc79f0e",
        "x-ms-error-code": "ContainerAlreadyExists",
        "x-ms-request-id": "1f9ebdc6-c01e-007c-77f4-26bf7d000000",
        "x-ms-version": "2024-02-04"
      },
      "ResponseBody": [
        "\uFEFF\u003C?xml version=\u00221.0\u0022 encoding=\u0022utf-8\u0022?\u003E\u003CError\u003E\u003CCode\u003EContainerAlreadyExists\u003C/Code\u003E\u003CMessage\u003EThe specified container already exists.\n",
        "RequestId:1f9ebdc6-c01e-007c-77f4-26bf7d000000\n",
        "Time:2023-12-04T20:55:34.9702063Z\u003C/Message\u003E\u003C/Error\u003E"
      ]
    },
    {
      "RequestUri": "https://REDACTED/fd370fb30acquireblobleaseac94178736c077d3de0e2a44/fd370fb31acquireblobleaseac94170099b87846bc354c48",
      "RequestMethod": "PUT",
      "RequestHeaders": {
        "Accept": "application/xml",
        "Authorization": "Sanitized",
        "Content-Length": "7",
        "Content-Type": "application/octet-stream",
        "Date": "Mon, 04 Dec 2023 20:55:34 GMT",
        "If-None-Match": "*",
        "User-Agent": "azsdk-java-azure-storage-blob/12.26.0-beta.1 (17.0.8; Windows 11; 10.0)",
        "x-ms-blob-type": "BlockBlob",
        "x-ms-client-request-id": "075000ba-dd22-4187-a15a-1c3cc9459452",
        "x-ms-version": "2024-02-04"
      },
      "RequestBody": "ZGVmYXVsdA==",
      "StatusCode": 201,
      "ResponseHeaders": {
        "Content-Length": "0",
        "Content-MD5": "wh\u002BWm18D0z1D4E\u002BPE252gg==",
        "Date": "Mon, 04 Dec 2023 20:55:34 GMT",
        "ETag": "\u00220x8DBF50B5C9EDF01\u0022",
        "Last-Modified": "Mon, 04 Dec 2023 20:55:35 GMT",
        "Server": [
          "Windows-Azure-Blob/1.0",
          "Microsoft-HTTPAPI/2.0"
        ],
        "x-ms-client-request-id": "075000ba-dd22-4187-a15a-1c3cc9459452",
        "x-ms-content-crc64": "6RYQPwaVsyQ=",
        "x-ms-request-id": "ca8dafd6-201e-0090-66f4-26abec000000",
        "x-ms-request-server-encrypted": "true",
        "x-ms-version": "2024-02-04",
        "x-ms-version-id": "2023-12-04T20:55:35.0418177Z"
      },
      "ResponseBody": null
    },
    {
      "RequestUri": "https://REDACTED/fd370fb30acquireblobleaseac94178736c077d3de0e2a44/fd370fb31acquireblobleaseac94170099b87846bc354c48?comp=tags",
      "RequestMethod": "PUT",
      "RequestHeaders": {
        "Accept": "application/xml",
        "Authorization": "Sanitized",
        "Content-Length": "111",
        "Content-Type": "application/xml",
        "Date": "Mon, 04 Dec 2023 20:55:34 GMT",
        "User-Agent": "azsdk-java-azure-storage-blob/12.26.0-beta.1 (17.0.8; Windows 11; 10.0)",
        "x-ms-client-request-id": "e7d7a623-dd52-42ff-957a-8dba956009fd",
        "x-ms-version": "2024-02-04"
      },
      "RequestBody": "\u003C?xml version=\u00271.0\u0027 encoding=\u0027UTF-8\u0027?\u003E\u003CTags\u003E\u003CTagSet\u003E\u003CTag\u003E\u003CKey\u003Efoo\u003C/Key\u003E\u003CValue\u003Ebar\u003C/Value\u003E\u003C/Tag\u003E\u003C/TagSet\u003E\u003C/Tags\u003E",
      "StatusCode": 204,
      "ResponseHeaders": {
        "Date": "Mon, 04 Dec 2023 20:55:35 GMT",
        "Server": [
          "Windows-Azure-Blob/1.0",
          "Microsoft-HTTPAPI/2.0"
        ],
        "x-ms-client-request-id": "e7d7a623-dd52-42ff-957a-8dba956009fd",
        "x-ms-request-id": "ca8db07e-201e-0090-7ff4-26abec000000",
        "x-ms-version": "2024-02-04"
      },
      "ResponseBody": null
    },
    {
      "RequestUri": "https://REDACTED/fd370fb30acquireblobleaseac94178736c077d3de0e2a44/fd370fb31acquireblobleaseac94170099b87846bc354c48?comp=lease",
      "RequestMethod": "PUT",
      "RequestHeaders": {
        "Accept": "application/xml",
        "Authorization": "Sanitized",
        "Content-Length": "0",
        "Date": "Mon, 04 Dec 2023 20:55:34 GMT",
        "If-Modified-Since": "Sun, 03 Dec 2023 20:51:14 GMT",
        "User-Agent": "azsdk-java-azure-storage-blob/12.26.0-beta.1 (17.0.8; Windows 11; 10.0)",
        "x-ms-client-request-id": "427293a9-5798-4730-b5cf-6932fc9fdfe3",
        "x-ms-lease-action": "acquire",
        "x-ms-lease-duration": "-1",
        "x-ms-proposed-lease-id": "c3b474e0-af3c-4fd8-bad2-9c13e61b7f51",
        "x-ms-version": "2024-02-04"
      },
      "RequestBody": null,
      "StatusCode": 201,
      "ResponseHeaders": {
        "Content-Length": "0",
        "Date": "Mon, 04 Dec 2023 20:55:35 GMT",
        "ETag": "\u00220x8DBF50B5C9EDF01\u0022",
        "Last-Modified": "Mon, 04 Dec 2023 20:55:35 GMT",
        "Server": [
          "Windows-Azure-Blob/1.0",
          "Microsoft-HTTPAPI/2.0"
        ],
        "x-ms-client-request-id": "427293a9-5798-4730-b5cf-6932fc9fdfe3",
        "x-ms-lease-id": "c3b474e0-af3c-4fd8-bad2-9c13e61b7f51",
        "x-ms-request-id": "ca8db120-201e-0090-1bf4-26abec000000",
        "x-ms-version": "2024-02-04"
      },
      "ResponseBody": null
    }
  ],
  "Variables": {
    "0": "fd370fb30acquireblobleaseac94178736c077d3de0e2a44",
    "1": "fd370fb31acquireblobleaseac94170099b87846bc354c48"
  }
}
