{
  "Entries": [
    {
      "RequestUri": "https://REDACTED/e2d6c3500acquirecontainerleasemine8c5135106853796071?restype=container",
      "RequestMethod": "PUT",
      "RequestHeaders": {
        "Accept": "application/xml",
        "Authorization": "Sanitized",
        "Content-Length": "0",
        "Date": "Mon, 04 Dec 2023 20:56:38 GMT",
        "User-Agent": "azsdk-java-azure-storage-blob/12.26.0-beta.1 (17.0.8; Windows 11; 10.0)",
        "x-ms-client-request-id": "3f47abc1-eafc-4217-81b7-ac32f0d798bd",
        "x-ms-version": "2024-02-04"
      },
      "RequestBody": null,
      "StatusCode": 201,
      "ResponseHeaders": {
        "Content-Length": "0",
        "Date": "Mon, 04 Dec 2023 20:56:38 GMT",
        "ETag": "\u00220x8DBF50B83280A43\u0022",
        "Last-Modified": "Mon, 04 Dec 2023 20:56:39 GMT",
        "Server": [
          "Windows-Azure-Blob/1.0",
          "Microsoft-HTTPAPI/2.0"
        ],
        "x-ms-client-request-id": "3f47abc1-eafc-4217-81b7-ac32f0d798bd",
        "x-ms-request-id": "1fa0672a-c01e-007c-59f4-26bf7d000000",
        "x-ms-version": "2024-02-04"
      },
      "ResponseBody": null
    },
    {
      "RequestUri": "https://REDACTED/e2d6c3500acquirecontainerleasemine8c5135106853796071?restype=container",
      "RequestMethod": "PUT",
      "RequestHeaders": {
        "Accept": "application/xml",
        "Authorization": "Sanitized",
        "Content-Length": "0",
        "Date": "Mon, 04 Dec 2023 20:56:38 GMT",
        "User-Agent": "azsdk-java-azure-storage-blob/12.26.0-beta.1 (17.0.8; Windows 11; 10.0)",
        "x-ms-client-request-id": "190a28c8-1821-412e-bb90-aa4253b0e6a8",
        "x-ms-version": "2024-02-04"
      },
      "RequestBody": null,
      "StatusCode": 409,
      "ResponseHeaders": {
        "Content-Length": "230",
        "Content-Type": "application/xml",
        "Date": "Mon, 04 Dec 2023 20:56:38 GMT",
        "Server": [
          "Windows-Azure-Blob/1.0",
          "Microsoft-HTTPAPI/2.0"
        ],
        "x-ms-client-request-id": "190a28c8-1821-412e-bb90-aa4253b0e6a8",
        "x-ms-error-code": "ContainerAlreadyExists",
        "x-ms-request-id": "1fa06785-c01e-007c-30f4-26bf7d000000",
        "x-ms-version": "2024-02-04"
      },
      "ResponseBody": [
        "\uFEFF\u003C?xml version=\u00221.0\u0022 encoding=\u0022utf-8\u0022?\u003E\u003CError\u003E\u003CCode\u003EContainerAlreadyExists\u003C/Code\u003E\u003CMessage\u003EThe specified container already exists.\n",
        "RequestId:1fa06785-c01e-007c-30f4-26bf7d000000\n",
        "Time:2023-12-04T20:56:39.7671473Z\u003C/Message\u003E\u003C/Error\u003E"
      ]
    },
    {
      "RequestUri": "https://REDACTED/e2d6c3500acquirecontainerleasemine8c5135106853796071?comp=lease\u0026restype=container",
      "RequestMethod": "PUT",
      "RequestHeaders": {
        "Accept": "application/xml",
        "Authorization": "Sanitized",
        "Content-Length": "0",
        "Date": "Mon, 04 Dec 2023 20:56:38 GMT",
        "User-Agent": "azsdk-java-azure-storage-blob/12.26.0-beta.1 (17.0.8; Windows 11; 10.0)",
        "x-ms-client-request-id": "67fc2671-1c3d-407b-8910-2b821686c99b",
        "x-ms-lease-action": "acquire",
        "x-ms-lease-duration": "-1",
        "x-ms-proposed-lease-id": "810d0966-4799-4e4c-8ed1-19f8b99ab9c2",
        "x-ms-version": "2024-02-04"
      },
      "RequestBody": null,
      "StatusCode": 201,
      "ResponseHeaders": {
        "Content-Length": "0",
        "Date": "Mon, 04 Dec 2023 20:56:39 GMT",
        "ETag": "\u00220x8DBF50B83280A43\u0022",
        "Last-Modified": "Mon, 04 Dec 2023 20:56:39 GMT",
        "Server": [
          "Windows-Azure-Blob/1.0",
          "Microsoft-HTTPAPI/2.0"
        ],
        "x-ms-client-request-id": "67fc2671-1c3d-407b-8910-2b821686c99b",
        "x-ms-lease-id": "810d0966-4799-4e4c-8ed1-19f8b99ab9c2",
        "x-ms-request-id": "ca8f016d-201e-0090-72f4-26abec000000",
        "x-ms-version": "2024-02-04"
      },
      "ResponseBody": null
    }
  ],
  "Variables": {
    "0": "e2d6c3500acquirecontainerleasemine8c5135106853796071"
  }
}
