{
  "Entries": [
    {
      "RequestUri": "https://REDACTED/0ba439980renewbloblease16a494937439257ab8f94519?restype=container",
      "RequestMethod": "PUT",
      "RequestHeaders": {
        "Accept": "application/xml",
        "Authorization": "Sanitized",
        "Content-Length": "0",
        "Date": "Mon, 04 Dec 2023 20:56:26 GMT",
        "User-Agent": "azsdk-java-azure-storage-blob/12.26.0-beta.1 (17.0.8; Windows 11; 10.0)",
        "x-ms-client-request-id": "8633a6bf-365c-42cb-b63e-fe34d5e781b6",
        "x-ms-version": "2024-02-04"
      },
      "RequestBody": null,
      "StatusCode": 201,
      "ResponseHeaders": {
        "Content-Length": "0",
        "Date": "Mon, 04 Dec 2023 20:56:27 GMT",
        "ETag": "\u00220x8DBF50B7BE004B8\u0022",
        "Last-Modified": "Mon, 04 Dec 2023 20:56:27 GMT",
        "Server": [
          "Windows-Azure-Blob/1.0",
          "Microsoft-HTTPAPI/2.0"
        ],
        "x-ms-client-request-id": "8633a6bf-365c-42cb-b63e-fe34d5e781b6",
        "x-ms-request-id": "ca8ebb7d-201e-0090-2af4-26abec000000",
        "x-ms-version": "2024-02-04"
      },
      "ResponseBody": null
    },
    {
      "RequestUri": "https://REDACTED/0ba439980renewbloblease16a494937439257ab8f94519?restype=container",
      "RequestMethod": "PUT",
      "RequestHeaders": {
        "Accept": "application/xml",
        "Authorization": "Sanitized",
        "Content-Length": "0",
        "Date": "Mon, 04 Dec 2023 20:56:26 GMT",
        "User-Agent": "azsdk-java-azure-storage-blob/12.26.0-beta.1 (17.0.8; Windows 11; 10.0)",
        "x-ms-client-request-id": "e342df51-19d8-425e-9909-551d002b1cbd",
        "x-ms-version": "2024-02-04"
      },
      "RequestBody": null,
      "StatusCode": 409,
      "ResponseHeaders": {
        "Content-Length": "230",
        "Content-Type": "application/xml",
        "Date": "Mon, 04 Dec 2023 20:56:27 GMT",
        "Server": [
          "Windows-Azure-Blob/1.0",
          "Microsoft-HTTPAPI/2.0"
        ],
        "x-ms-client-request-id": "e342df51-19d8-425e-9909-551d002b1cbd",
        "x-ms-error-code": "ContainerAlreadyExists",
        "x-ms-request-id": "ca8ebbe2-201e-0090-0df4-26abec000000",
        "x-ms-version": "2024-02-04"
      },
      "ResponseBody": [
        "\uFEFF\u003C?xml version=\u00221.0\u0022 encoding=\u0022utf-8\u0022?\u003E\u003CError\u003E\u003CCode\u003EContainerAlreadyExists\u003C/Code\u003E\u003CMessage\u003EThe specified container already exists.\n",
        "RequestId:ca8ebbe2-201e-0090-0df4-26abec000000\n",
        "Time:2023-12-04T20:56:27.5570906Z\u003C/Message\u003E\u003C/Error\u003E"
      ]
    },
    {
      "RequestUri": "https://REDACTED/0ba439980renewbloblease16a494937439257ab8f94519/0ba439981renewbloblease16a12359c689050ef759441c",
      "RequestMethod": "PUT",
      "RequestHeaders": {
        "Accept": "application/xml",
        "Authorization": "Sanitized",
        "Content-Length": "7",
        "Content-Type": "application/octet-stream",
        "Date": "Mon, 04 Dec 2023 20:56:26 GMT",
        "If-None-Match": "*",
        "User-Agent": "azsdk-java-azure-storage-blob/12.26.0-beta.1 (17.0.8; Windows 11; 10.0)",
        "x-ms-blob-type": "BlockBlob",
        "x-ms-client-request-id": "41e4ed46-744b-496d-baf6-984ba495dc0d",
        "x-ms-version": "2024-02-04"
      },
      "RequestBody": "ZGVmYXVsdA==",
      "StatusCode": 201,
      "ResponseHeaders": {
        "Content-Length": "0",
        "Content-MD5": "wh\u002BWm18D0z1D4E\u002BPE252gg==",
        "Date": "Mon, 04 Dec 2023 20:56:27 GMT",
        "ETag": "\u00220x8DBF50B7BF79BF1\u0022",
        "Last-Modified": "Mon, 04 Dec 2023 20:56:27 GMT",
        "Server": [
          "Windows-Azure-Blob/1.0",
          "Microsoft-HTTPAPI/2.0"
        ],
        "x-ms-client-request-id": "41e4ed46-744b-496d-baf6-984ba495dc0d",
        "x-ms-content-crc64": "6RYQPwaVsyQ=",
        "x-ms-request-id": "ca8ebc3e-201e-0090-63f4-26abec000000",
        "x-ms-request-server-encrypted": "true",
        "x-ms-version": "2024-02-04",
        "x-ms-version-id": "2023-12-04T20:56:27.6327409Z"
      },
      "ResponseBody": null
    },
    {
      "RequestUri": "https://REDACTED/0ba439980renewbloblease16a494937439257ab8f94519/0ba439981renewbloblease16a12359c689050ef759441c?comp=lease",
      "RequestMethod": "PUT",
      "RequestHeaders": {
        "Accept": "application/xml",
        "Authorization": "Sanitized",
        "Content-Length": "0",
        "Date": "Mon, 04 Dec 2023 20:56:26 GMT",
        "User-Agent": "azsdk-java-azure-storage-blob/12.26.0-beta.1 (17.0.8; Windows 11; 10.0)",
        "x-ms-client-request-id": "190e88a9-1f48-4cf1-8e6d-2e0723827d85",
        "x-ms-lease-action": "acquire",
        "x-ms-lease-duration": "-1",
        "x-ms-proposed-lease-id": "9cb8465b-184a-4cf3-adb0-6a714b10859b",
        "x-ms-version": "2024-02-04"
      },
      "RequestBody": null,
      "StatusCode": 201,
      "ResponseHeaders": {
        "Content-Length": "0",
        "Date": "Mon, 04 Dec 2023 20:56:27 GMT",
        "ETag": "\u00220x8DBF50B7BF79BF1\u0022",
        "Last-Modified": "Mon, 04 Dec 2023 20:56:27 GMT",
        "Server": [
          "Windows-Azure-Blob/1.0",
          "Microsoft-HTTPAPI/2.0"
        ],
        "x-ms-client-request-id": "190e88a9-1f48-4cf1-8e6d-2e0723827d85",
        "x-ms-lease-id": "9cb8465b-184a-4cf3-adb0-6a714b10859b",
        "x-ms-request-id": "ca8ebc96-201e-0090-37f4-26abec000000",
        "x-ms-version": "2024-02-04"
      },
      "ResponseBody": null
    },
    {
      "RequestUri": "https://REDACTED/0ba439980renewbloblease16a494937439257ab8f94519/0ba439981renewbloblease16a12359c689050ef759441c?comp=lease",
      "RequestMethod": "PUT",
      "RequestHeaders": {
        "Accept": "application/xml",
        "Authorization": "Sanitized",
        "Content-Length": "0",
        "Date": "Mon, 04 Dec 2023 20:56:42 GMT",
        "User-Agent": "azsdk-java-azure-storage-blob/12.26.0-beta.1 (17.0.8; Windows 11; 10.0)",
        "x-ms-client-request-id": "4c49e7ae-c2aa-4bcd-8095-48ae976cab4d",
        "x-ms-lease-action": "renew",
        "x-ms-lease-id": "9cb8465b-184a-4cf3-adb0-6a714b10859b",
        "x-ms-version": "2024-02-04"
      },
      "RequestBody": null,
      "StatusCode": 200,
      "ResponseHeaders": {
        "Content-Length": "0",
        "Date": "Mon, 04 Dec 2023 20:56:43 GMT",
        "ETag": "\u00220x8DBF50B7BF79BF1\u0022",
        "Last-Modified": "Mon, 04 Dec 2023 20:56:27 GMT",
        "Server": [
          "Windows-Azure-Blob/1.0",
          "Microsoft-HTTPAPI/2.0"
        ],
        "x-ms-client-request-id": "4c49e7ae-c2aa-4bcd-8095-48ae976cab4d",
        "x-ms-lease-id": "9cb8465b-184a-4cf3-adb0-6a714b10859b",
        "x-ms-request-id": "ca8f170a-201e-0090-77f4-26abec000000",
        "x-ms-version": "2024-02-04"
      },
      "ResponseBody": null
    },
    {
      "RequestUri": "https://REDACTED/0ba439980renewbloblease16a494937439257ab8f94519/0ba439981renewbloblease16a12359c689050ef759441c",
      "RequestMethod": "HEAD",
      "RequestHeaders": {
        "Accept": "application/xml",
        "Authorization": "Sanitized",
        "Content-Length": "0",
        "Date": "Mon, 04 Dec 2023 20:56:43 GMT",
        "User-Agent": "azsdk-java-azure-storage-blob/12.26.0-beta.1 (17.0.8; Windows 11; 10.0)",
        "x-ms-client-request-id": "d8cf67af-bf85-404b-8c8e-71e591d5e37c",
        "x-ms-version": "2024-02-04"
      },
      "RequestBody": null,
      "StatusCode": 200,
      "ResponseHeaders": {
        "Accept-Ranges": "bytes",
        "Content-Length": "7",
        "Content-MD5": "wh\u002BWm18D0z1D4E\u002BPE252gg==",
        "Content-Type": "application/octet-stream",
        "Date": "Mon, 04 Dec 2023 20:56:43 GMT",
        "ETag": "\u00220x8DBF50B7BF79BF1\u0022",
        "Last-Modified": "Mon, 04 Dec 2023 20:56:27 GMT",
        "Server": [
          "Windows-Azure-Blob/1.0",
          "Microsoft-HTTPAPI/2.0"
        ],
        "x-ms-access-tier": "Hot",
        "x-ms-access-tier-inferred": "true",
        "x-ms-blob-type": "BlockBlob",
        "x-ms-client-request-id": "d8cf67af-bf85-404b-8c8e-71e591d5e37c",
        "x-ms-creation-time": "Mon, 04 Dec 2023 20:56:27 GMT",
        "x-ms-is-current-version": "true",
        "x-ms-last-access-time": "Mon, 04 Dec 2023 20:56:27 GMT",
        "x-ms-lease-duration": "infinite",
        "x-ms-lease-state": "leased",
        "x-ms-lease-status": "locked",
        "x-ms-request-id": "ca8f176c-201e-0090-4ef4-26abec000000",
        "x-ms-server-encrypted": "true",
        "x-ms-version": "2024-02-04",
        "x-ms-version-id": "2023-12-04T20:56:27.6327409Z"
      },
      "ResponseBody": null
    }
  ],
  "Variables": {
    "0": "0ba439980renewbloblease16a494937439257ab8f94519",
    "1": "0ba439981renewbloblease16a12359c689050ef759441c"
  }
}
