{
  "Entries": [
    {
      "RequestUri": "https://REDACTED/c3b4f5ce0acquireblobleasedurationfail3928456668500391c?restype=container",
      "RequestMethod": "PUT",
      "RequestHeaders": {
        "Accept": "application/xml",
        "Authorization": "Sanitized",
        "Content-Length": "0",
        "Date": "Mon, 11 Dec 2023 19:15:32 GMT",
        "User-Agent": "azsdk-java-azure-storage-blob/12.26.0-beta.1 (17.0.8; Windows 11; 10.0)",
        "x-ms-client-request-id": "152f3407-dbb9-46d3-8396-022da226a941",
        "x-ms-version": "2024-02-04"
      },
      "RequestBody": null,
      "StatusCode": 201,
      "ResponseHeaders": {
        "Content-Length": "0",
        "Date": "Mon, 11 Dec 2023 19:15:35 GMT",
        "ETag": "\u00220x8DBFA7D8DA44674\u0022",
        "Last-Modified": "Mon, 11 Dec 2023 19:15:35 GMT",
        "Server": [
          "Windows-Azure-Blob/1.0",
          "Microsoft-HTTPAPI/2.0"
        ],
        "x-ms-client-request-id": "152f3407-dbb9-46d3-8396-022da226a941",
        "x-ms-request-id": "20f1c157-f01e-0007-0166-2cfb05000000",
        "x-ms-version": "2024-02-04"
      },
      "ResponseBody": null
    },
    {
      "RequestUri": "https://REDACTED/c3b4f5ce0acquireblobleasedurationfail3928456668500391c?restype=container",
      "RequestMethod": "PUT",
      "RequestHeaders": {
        "Accept": "application/xml",
        "Authorization": "Sanitized",
        "Content-Length": "0",
        "Date": "Mon, 11 Dec 2023 19:15:32 GMT",
        "User-Agent": "azsdk-java-azure-storage-blob/12.26.0-beta.1 (17.0.8; Windows 11; 10.0)",
        "x-ms-client-request-id": "708e371d-ff86-406c-991c-92c50a2d5df1",
        "x-ms-version": "2024-02-04"
      },
      "RequestBody": null,
      "StatusCode": 409,
      "ResponseHeaders": {
        "Content-Length": "230",
        "Content-Type": "application/xml",
        "Date": "Mon, 11 Dec 2023 19:15:35 GMT",
        "Server": [
          "Windows-Azure-Blob/1.0",
          "Microsoft-HTTPAPI/2.0"
        ],
        "x-ms-client-request-id": "708e371d-ff86-406c-991c-92c50a2d5df1",
        "x-ms-error-code": "ContainerAlreadyExists",
        "x-ms-request-id": "20f1c1c2-f01e-0007-5e66-2cfb05000000",
        "x-ms-version": "2024-02-04"
      },
      "ResponseBody": [
        "\uFEFF\u003C?xml version=\u00221.0\u0022 encoding=\u0022utf-8\u0022?\u003E\u003CError\u003E\u003CCode\u003EContainerAlreadyExists\u003C/Code\u003E\u003CMessage\u003EThe specified container already exists.\n",
        "RequestId:20f1c1c2-f01e-0007-5e66-2cfb05000000\n",
        "Time:2023-12-11T19:15:35.8176037Z\u003C/Message\u003E\u003C/Error\u003E"
      ]
    },
    {
      "RequestUri": "https://REDACTED/c3b4f5ce0acquireblobleasedurationfail3928456668500391c/c3b4f5ce1acquireblobleasedurationfail39214430fc0eedddb",
      "RequestMethod": "PUT",
      "RequestHeaders": {
        "Accept": "application/xml",
        "Authorization": "Sanitized",
        "Content-Length": "7",
        "Content-Type": "application/octet-stream",
        "Date": "Mon, 11 Dec 2023 19:15:32 GMT",
        "If-None-Match": "*",
        "User-Agent": "azsdk-java-azure-storage-blob/12.26.0-beta.1 (17.0.8; Windows 11; 10.0)",
        "x-ms-blob-type": "BlockBlob",
        "x-ms-client-request-id": "dd043143-00bc-4186-af49-0f5932c57ea8",
        "x-ms-version": "2024-02-04"
      },
      "RequestBody": "ZGVmYXVsdA==",
      "StatusCode": 201,
      "ResponseHeaders": {
        "Content-Length": "0",
        "Content-MD5": "wh\u002BWm18D0z1D4E\u002BPE252gg==",
        "Date": "Mon, 11 Dec 2023 19:15:35 GMT",
        "ETag": "\u00220x8DBFA7D8DBF5654\u0022",
        "Last-Modified": "Mon, 11 Dec 2023 19:15:35 GMT",
        "Server": [
          "Windows-Azure-Blob/1.0",
          "Microsoft-HTTPAPI/2.0"
        ],
        "x-ms-client-request-id": "dd043143-00bc-4186-af49-0f5932c57ea8",
        "x-ms-content-crc64": "6RYQPwaVsyQ=",
        "x-ms-request-id": "0d4989d7-501e-0098-2866-2cb707000000",
        "x-ms-request-server-encrypted": "true",
        "x-ms-version": "2024-02-04"
      },
      "ResponseBody": null
    },
    {
      "RequestUri": "https://REDACTED/c3b4f5ce0acquireblobleasedurationfail3928456668500391c/c3b4f5ce1acquireblobleasedurationfail39214430fc0eedddb?comp=lease",
      "RequestMethod": "PUT",
      "RequestHeaders": {
        "Accept": "application/xml",
        "Authorization": "Sanitized",
        "Content-Length": "0",
        "Date": "Mon, 11 Dec 2023 19:15:32 GMT",
        "User-Agent": "azsdk-java-azure-storage-blob/12.26.0-beta.1 (17.0.8; Windows 11; 10.0)",
        "x-ms-client-request-id": "b9b5e477-628f-4778-9645-ad9b6756a5c0",
        "x-ms-lease-action": "acquire",
        "x-ms-lease-duration": "10",
        "x-ms-proposed-lease-id": "a8c31d54-f58f-4265-b3e1-8e6147f8db6a",
        "x-ms-version": "2024-02-04"
      },
      "RequestBody": null,
      "StatusCode": 400,
      "ResponseHeaders": {
        "Content-Length": "327",
        "Content-Type": "application/xml",
        "Date": "Mon, 11 Dec 2023 19:15:35 GMT",
        "Server": [
          "Windows-Azure-Blob/1.0",
          "Microsoft-HTTPAPI/2.0"
        ],
        "x-ms-client-request-id": "b9b5e477-628f-4778-9645-ad9b6756a5c0",
        "x-ms-error-code": "InvalidHeaderValue",
        "x-ms-request-id": "0d498a1d-501e-0098-6a66-2cb707000000",
        "x-ms-version": "2024-02-04"
      },
      "ResponseBody": [
        "\uFEFF\u003C?xml version=\u00221.0\u0022 encoding=\u0022utf-8\u0022?\u003E\u003CError\u003E\u003CCode\u003EInvalidHeaderValue\u003C/Code\u003E\u003CMessage\u003EThe value for one of the HTTP headers is not in the correct format.\n",
        "RequestId:0d498a1d-501e-0098-6a66-2cb707000000\n",
        "Time:2023-12-11T19:15:35.9957240Z\u003C/Message\u003E\u003CHeaderName\u003Ex-ms-lease-duration\u003C/HeaderName\u003E\u003CHeaderValue\u003E10\u003C/HeaderValue\u003E\u003C/Error\u003E"
      ]
    }
  ],
  "Variables": {
    "0": "c3b4f5ce0acquireblobleasedurationfail3928456668500391c",
    "1": "c3b4f5ce1acquireblobleasedurationfail39214430fc0eedddb"
  }
}
