{
  "Entries": [
    {
      "RequestUri": "https://REDACTED/c2bb635b0renewblobleasemince2223893bd73477b16d44?restype=container",
      "RequestMethod": "PUT",
      "RequestHeaders": {
        "Accept": "application/xml",
        "Authorization": "Sanitized",
        "Content-Length": "0",
        "Date": "Mon, 04 Dec 2023 20:55:16 GMT",
        "User-Agent": "azsdk-java-azure-storage-blob/12.26.0-beta.1 (17.0.8; Windows 11; 10.0)",
        "x-ms-client-request-id": "ff4e3093-2632-46f4-89ed-be952e5d886f",
        "x-ms-version": "2024-02-04"
      },
      "RequestBody": null,
      "StatusCode": 201,
      "ResponseHeaders": {
        "Content-Length": "0",
        "Date": "Mon, 04 Dec 2023 20:55:16 GMT",
        "ETag": "\u00220x8DBF50B51D76A40\u0022",
        "Last-Modified": "Mon, 04 Dec 2023 20:55:16 GMT",
        "Server": [
          "Windows-Azure-Blob/1.0",
          "Microsoft-HTTPAPI/2.0"
        ],
        "x-ms-client-request-id": "ff4e3093-2632-46f4-89ed-be952e5d886f",
        "x-ms-request-id": "3bbc552d-401e-004d-13f4-265e6e000000",
        "x-ms-version": "2024-02-04"
      },
      "ResponseBody": null
    },
    {
      "RequestUri": "https://REDACTED/c2bb635b0renewblobleasemince2223893bd73477b16d44?restype=container",
      "RequestMethod": "PUT",
      "RequestHeaders": {
        "Accept": "application/xml",
        "Authorization": "Sanitized",
        "Content-Length": "0",
        "Date": "Mon, 04 Dec 2023 20:55:16 GMT",
        "User-Agent": "azsdk-java-azure-storage-blob/12.26.0-beta.1 (17.0.8; Windows 11; 10.0)",
        "x-ms-client-request-id": "89ae0948-0422-4102-bdfb-85b4cc091509",
        "x-ms-version": "2024-02-04"
      },
      "RequestBody": null,
      "StatusCode": 409,
      "ResponseHeaders": {
        "Content-Length": "230",
        "Content-Type": "application/xml",
        "Date": "Mon, 04 Dec 2023 20:55:16 GMT",
        "Server": [
          "Windows-Azure-Blob/1.0",
          "Microsoft-HTTPAPI/2.0"
        ],
        "x-ms-client-request-id": "89ae0948-0422-4102-bdfb-85b4cc091509",
        "x-ms-error-code": "ContainerAlreadyExists",
        "x-ms-request-id": "3bbc55a9-401e-004d-77f4-265e6e000000",
        "x-ms-version": "2024-02-04"
      },
      "ResponseBody": [
        "\uFEFF\u003C?xml version=\u00221.0\u0022 encoding=\u0022utf-8\u0022?\u003E\u003CError\u003E\u003CCode\u003EContainerAlreadyExists\u003C/Code\u003E\u003CMessage\u003EThe specified container already exists.\n",
        "RequestId:3bbc55a9-401e-004d-77f4-265e6e000000\n",
        "Time:2023-12-04T20:55:17.0713786Z\u003C/Message\u003E\u003C/Error\u003E"
      ]
    },
    {
      "RequestUri": "https://REDACTED/c2bb635b0renewblobleasemince2223893bd73477b16d44/c2bb635b1renewblobleasemince293428cdbb1f2150d74c",
      "RequestMethod": "PUT",
      "RequestHeaders": {
        "Accept": "application/xml",
        "Authorization": "Sanitized",
        "Content-Length": "7",
        "Content-Type": "application/octet-stream",
        "Date": "Mon, 04 Dec 2023 20:55:16 GMT",
        "If-None-Match": "*",
        "User-Agent": "azsdk-java-azure-storage-blob/12.26.0-beta.1 (17.0.8; Windows 11; 10.0)",
        "x-ms-blob-type": "BlockBlob",
        "x-ms-client-request-id": "45aef90e-4423-4c5e-b0d5-efc448a510eb",
        "x-ms-version": "2024-02-04"
      },
      "RequestBody": "ZGVmYXVsdA==",
      "StatusCode": 201,
      "ResponseHeaders": {
        "Content-Length": "0",
        "Content-MD5": "wh\u002BWm18D0z1D4E\u002BPE252gg==",
        "Date": "Mon, 04 Dec 2023 20:55:16 GMT",
        "ETag": "\u00220x8DBF50B51F3957F\u0022",
        "Last-Modified": "Mon, 04 Dec 2023 20:55:17 GMT",
        "Server": [
          "Windows-Azure-Blob/1.0",
          "Microsoft-HTTPAPI/2.0"
        ],
        "x-ms-client-request-id": "45aef90e-4423-4c5e-b0d5-efc448a510eb",
        "x-ms-content-crc64": "6RYQPwaVsyQ=",
        "x-ms-request-id": "3bbc560e-401e-004d-47f4-265e6e000000",
        "x-ms-request-server-encrypted": "true",
        "x-ms-version": "2024-02-04",
        "x-ms-version-id": "2023-12-04T20:55:17.1420543Z"
      },
      "ResponseBody": null
    },
    {
      "RequestUri": "https://REDACTED/c2bb635b0renewblobleasemince2223893bd73477b16d44/c2bb635b1renewblobleasemince293428cdbb1f2150d74c?comp=lease",
      "RequestMethod": "PUT",
      "RequestHeaders": {
        "Accept": "application/xml",
        "Authorization": "Sanitized",
        "Content-Length": "0",
        "Date": "Mon, 04 Dec 2023 20:55:16 GMT",
        "User-Agent": "azsdk-java-azure-storage-blob/12.26.0-beta.1 (17.0.8; Windows 11; 10.0)",
        "x-ms-client-request-id": "1ce41728-17ae-450b-9dff-a72042788e5d",
        "x-ms-lease-action": "acquire",
        "x-ms-lease-duration": "-1",
        "x-ms-proposed-lease-id": "b7cd5426-4195-404a-8b7a-39b6ee5868aa",
        "x-ms-version": "2024-02-04"
      },
      "RequestBody": null,
      "StatusCode": 201,
      "ResponseHeaders": {
        "Content-Length": "0",
        "Date": "Mon, 04 Dec 2023 20:55:16 GMT",
        "ETag": "\u00220x8DBF50B51F3957F\u0022",
        "Last-Modified": "Mon, 04 Dec 2023 20:55:17 GMT",
        "Server": [
          "Windows-Azure-Blob/1.0",
          "Microsoft-HTTPAPI/2.0"
        ],
        "x-ms-client-request-id": "1ce41728-17ae-450b-9dff-a72042788e5d",
        "x-ms-lease-id": "b7cd5426-4195-404a-8b7a-39b6ee5868aa",
        "x-ms-request-id": "3bbc566c-401e-004d-11f4-265e6e000000",
        "x-ms-version": "2024-02-04"
      },
      "ResponseBody": null
    },
    {
      "RequestUri": "https://REDACTED/c2bb635b0renewblobleasemince2223893bd73477b16d44/c2bb635b1renewblobleasemince293428cdbb1f2150d74c?comp=lease",
      "RequestMethod": "PUT",
      "RequestHeaders": {
        "Accept": "application/xml",
        "Authorization": "Sanitized",
        "Content-Length": "0",
        "Date": "Mon, 04 Dec 2023 20:55:16 GMT",
        "User-Agent": "azsdk-java-azure-storage-blob/12.26.0-beta.1 (17.0.8; Windows 11; 10.0)",
        "x-ms-client-request-id": "a8aaafb4-0838-4a66-8c23-5b795e93f569",
        "x-ms-lease-action": "renew",
        "x-ms-lease-id": "b7cd5426-4195-404a-8b7a-39b6ee5868aa",
        "x-ms-version": "2024-02-04"
      },
      "RequestBody": null,
      "StatusCode": 200,
      "ResponseHeaders": {
        "Content-Length": "0",
        "Date": "Mon, 04 Dec 2023 20:55:16 GMT",
        "ETag": "\u00220x8DBF50B51F3957F\u0022",
        "Last-Modified": "Mon, 04 Dec 2023 20:55:17 GMT",
        "Server": [
          "Windows-Azure-Blob/1.0",
          "Microsoft-HTTPAPI/2.0"
        ],
        "x-ms-client-request-id": "a8aaafb4-0838-4a66-8c23-5b795e93f569",
        "x-ms-lease-id": "b7cd5426-4195-404a-8b7a-39b6ee5868aa",
        "x-ms-request-id": "3bbc56cd-401e-004d-64f4-265e6e000000",
        "x-ms-version": "2024-02-04"
      },
      "ResponseBody": null
    }
  ],
  "Variables": {
    "0": "c2bb635b0renewblobleasemince2223893bd73477b16d44",
    "1": "c2bb635b1renewblobleasemince293428cdbb1f2150d74c"
  }
}
