{
  "Entries": [
    {
      "RequestUri": "https://REDACTED/08d143bb0renewblobleaseacfail27841552b666757ea6754?restype=container",
      "RequestMethod": "PUT",
      "RequestHeaders": {
        "Accept": "application/xml",
        "Authorization": "Sanitized",
        "Content-Length": "0",
        "Date": "Fri, 17 Nov 2023 19:05:33 GMT",
        "User-Agent": "azsdk-java-azure-storage-blob/12.26.0-beta.1 (17.0.8; Windows 11; 10.0)",
        "x-ms-client-request-id": "7df179b6-4bea-44e8-96c0-ff6a2d7c66aa",
        "x-ms-version": "2024-02-04"
      },
      "RequestBody": null,
      "StatusCode": 201,
      "ResponseHeaders": {
        "Content-Length": "0",
        "Date": "Fri, 17 Nov 2023 19:05:32 GMT",
        "ETag": "\u00220x8DBE7A02CB3E6A2\u0022",
        "Last-Modified": "Fri, 17 Nov 2023 19:05:33 GMT",
        "Server": [
          "Windows-Azure-Blob/1.0",
          "Microsoft-HTTPAPI/2.0"
        ],
        "x-ms-client-request-id": "7df179b6-4bea-44e8-96c0-ff6a2d7c66aa",
        "x-ms-request-id": "74a56913-901e-004c-3f89-190756000000",
        "x-ms-version": "2024-02-04"
      },
      "ResponseBody": null
    },
    {
      "RequestUri": "https://REDACTED/08d143bb0renewblobleaseacfail27841552b666757ea6754/08d143bb1renewblobleaseacfail2782131975255fc92c1d4",
      "RequestMethod": "PUT",
      "RequestHeaders": {
        "Accept": "application/xml",
        "Authorization": "Sanitized",
        "Content-Length": "7",
        "Content-Type": "application/octet-stream",
        "Date": "Fri, 17 Nov 2023 19:05:33 GMT",
        "If-None-Match": "*",
        "User-Agent": "azsdk-java-azure-storage-blob/12.26.0-beta.1 (17.0.8; Windows 11; 10.0)",
        "x-ms-blob-type": "BlockBlob",
        "x-ms-client-request-id": "5060a013-8a38-41ae-bc08-952b61e14c68",
        "x-ms-version": "2024-02-04"
      },
      "RequestBody": "ZGVmYXVsdA==",
      "StatusCode": 201,
      "ResponseHeaders": {
        "Content-Length": "0",
        "Content-MD5": "wh\u002BWm18D0z1D4E\u002BPE252gg==",
        "Date": "Fri, 17 Nov 2023 19:05:32 GMT",
        "ETag": "\u00220x8DBE7A02CC63A2C\u0022",
        "Last-Modified": "Fri, 17 Nov 2023 19:05:33 GMT",
        "Server": [
          "Windows-Azure-Blob/1.0",
          "Microsoft-HTTPAPI/2.0"
        ],
        "x-ms-client-request-id": "5060a013-8a38-41ae-bc08-952b61e14c68",
        "x-ms-content-crc64": "6RYQPwaVsyQ=",
        "x-ms-request-id": "98b99289-c01e-0041-4089-19cf82000000",
        "x-ms-request-server-encrypted": "true",
        "x-ms-version": "2024-02-04"
      },
      "ResponseBody": null
    },
    {
      "RequestUri": "https://REDACTED/08d143bb0renewblobleaseacfail27841552b666757ea6754/08d143bb1renewblobleaseacfail2782131975255fc92c1d4?comp=lease",
      "RequestMethod": "PUT",
      "RequestHeaders": {
        "Accept": "application/xml",
        "Authorization": "Sanitized",
        "Content-Length": "0",
        "Date": "Fri, 17 Nov 2023 19:05:33 GMT",
        "User-Agent": "azsdk-java-azure-storage-blob/12.26.0-beta.1 (17.0.8; Windows 11; 10.0)",
        "x-ms-client-request-id": "8f607fa9-b021-4d63-8afc-c2ec0e2e8fc5",
        "x-ms-lease-action": "acquire",
        "x-ms-lease-duration": "-1",
        "x-ms-proposed-lease-id": "bb6fe5ae-a5dc-4a94-8be4-80916bebaae5",
        "x-ms-version": "2024-02-04"
      },
      "RequestBody": null,
      "StatusCode": 201,
      "ResponseHeaders": {
        "Content-Length": "0",
        "Date": "Fri, 17 Nov 2023 19:05:32 GMT",
        "ETag": "\u00220x8DBE7A02CC63A2C\u0022",
        "Last-Modified": "Fri, 17 Nov 2023 19:05:33 GMT",
        "Server": [
          "Windows-Azure-Blob/1.0",
          "Microsoft-HTTPAPI/2.0"
        ],
        "x-ms-client-request-id": "8f607fa9-b021-4d63-8afc-c2ec0e2e8fc5",
        "x-ms-lease-id": "bb6fe5ae-a5dc-4a94-8be4-80916bebaae5",
        "x-ms-request-id": "98b992e1-c01e-0041-0989-19cf82000000",
        "x-ms-version": "2024-02-04"
      },
      "ResponseBody": null
    },
    {
      "RequestUri": "https://REDACTED/08d143bb0renewblobleaseacfail27841552b666757ea6754/08d143bb1renewblobleaseacfail2782131975255fc92c1d4?comp=lease",
      "RequestMethod": "PUT",
      "RequestHeaders": {
        "Accept": "application/xml",
        "Authorization": "Sanitized",
        "Content-Length": "0",
        "Date": "Fri, 17 Nov 2023 19:05:33 GMT",
        "If-Modified-Since": "Sat, 18 Nov 2023 19:05:23 GMT",
        "User-Agent": "azsdk-java-azure-storage-blob/12.26.0-beta.1 (17.0.8; Windows 11; 10.0)",
        "x-ms-client-request-id": "69d7c4ec-5d58-4f2c-8092-8e6dda1fd638",
        "x-ms-lease-action": "renew",
        "x-ms-lease-id": "bb6fe5ae-a5dc-4a94-8be4-80916bebaae5",
        "x-ms-version": "2024-02-04"
      },
      "RequestBody": null,
      "StatusCode": 412,
      "ResponseHeaders": {
        "Content-Length": "252",
        "Content-Type": "application/xml",
        "Date": "Fri, 17 Nov 2023 19:05:32 GMT",
        "Server": [
          "Windows-Azure-Blob/1.0",
          "Microsoft-HTTPAPI/2.0"
        ],
        "x-ms-client-request-id": "69d7c4ec-5d58-4f2c-8092-8e6dda1fd638",
        "x-ms-error-code": "ConditionNotMet",
        "x-ms-request-id": "98b99344-c01e-0041-5289-19cf82000000",
        "x-ms-version": "2024-02-04"
      },
      "ResponseBody": [
        "\uFEFF\u003C?xml version=\u00221.0\u0022 encoding=\u0022utf-8\u0022?\u003E\u003CError\u003E\u003CCode\u003EConditionNotMet\u003C/Code\u003E\u003CMessage\u003EThe condition specified using HTTP conditional header(s) is not met.\n",
        "RequestId:98b99344-c01e-0041-5289-19cf82000000\n",
        "Time:2023-11-17T19:05:33.6834798Z\u003C/Message\u003E\u003C/Error\u003E"
      ]
    }
  ],
  "Variables": {
    "0": "08d143bb0renewblobleaseacfail27841552b666757ea6754",
    "1": "08d143bb1renewblobleaseacfail2782131975255fc92c1d4"
  }
}
