{
  "Entries": [
    {
      "RequestUri": "https://REDACTED/2bc0fa4a0breakcontainerleasef25035052f88fd344d7a4?restype=container",
      "RequestMethod": "PUT",
      "RequestHeaders": {
        "Accept": "application/xml",
        "Authorization": "Sanitized",
        "Content-Length": "0",
        "Date": "Mon, 11 Dec 2023 23:29:50 GMT",
        "User-Agent": "azsdk-java-azure-storage-blob/12.26.0-beta.1 (17.0.8; Windows 11; 10.0)",
        "x-ms-client-request-id": "b3aedd9b-b6c0-4970-a1f6-ea4a2e82151d",
        "x-ms-version": "2024-02-04"
      },
      "RequestBody": null,
      "StatusCode": 201,
      "ResponseHeaders": {
        "Content-Length": "0",
        "Date": "Mon, 11 Dec 2023 23:29:53 GMT",
        "ETag": "\u00220x8DBFAA1149A35FE\u0022",
        "Last-Modified": "Mon, 11 Dec 2023 23:29:54 GMT",
        "Server": [
          "Windows-Azure-Blob/1.0",
          "Microsoft-HTTPAPI/2.0"
        ],
        "x-ms-client-request-id": "b3aedd9b-b6c0-4970-a1f6-ea4a2e82151d",
        "x-ms-request-id": "e507b1c4-201e-0076-5589-2c1d2e000000",
        "x-ms-version": "2024-02-04"
      },
      "ResponseBody": null
    },
    {
      "RequestUri": "https://REDACTED/2bc0fa4a0breakcontainerleasef25035052f88fd344d7a4?restype=container",
      "RequestMethod": "PUT",
      "RequestHeaders": {
        "Accept": "application/xml",
        "Authorization": "Sanitized",
        "Content-Length": "0",
        "Date": "Mon, 11 Dec 2023 23:29:50 GMT",
        "User-Agent": "azsdk-java-azure-storage-blob/12.26.0-beta.1 (17.0.8; Windows 11; 10.0)",
        "x-ms-client-request-id": "1e690ace-c7f1-4de3-8199-546ec69dc291",
        "x-ms-version": "2024-02-04"
      },
      "RequestBody": null,
      "StatusCode": 409,
      "ResponseHeaders": {
        "Content-Length": "230",
        "Content-Type": "application/xml",
        "Date": "Mon, 11 Dec 2023 23:29:53 GMT",
        "Server": [
          "Windows-Azure-Blob/1.0",
          "Microsoft-HTTPAPI/2.0"
        ],
        "x-ms-client-request-id": "1e690ace-c7f1-4de3-8199-546ec69dc291",
        "x-ms-error-code": "ContainerAlreadyExists",
        "x-ms-request-id": "e507b23c-201e-0076-4489-2c1d2e000000",
        "x-ms-version": "2024-02-04"
      },
      "ResponseBody": [
        "\uFEFF\u003C?xml version=\u00221.0\u0022 encoding=\u0022utf-8\u0022?\u003E\u003CError\u003E\u003CCode\u003EContainerAlreadyExists\u003C/Code\u003E\u003CMessage\u003EThe specified container already exists.\n",
        "RequestId:e507b23c-201e-0076-4489-2c1d2e000000\n",
        "Time:2023-12-11T23:29:54.6245992Z\u003C/Message\u003E\u003C/Error\u003E"
      ]
    },
    {
      "RequestUri": "https://REDACTED/2bc0fa4a0breakcontainerleasef25035052f88fd344d7a4?comp=lease\u0026restype=container",
      "RequestMethod": "PUT",
      "RequestHeaders": {
        "Accept": "application/xml",
        "Authorization": "Sanitized",
        "Content-Length": "0",
        "Date": "Mon, 11 Dec 2023 23:29:50 GMT",
        "User-Agent": "azsdk-java-azure-storage-blob/12.26.0-beta.1 (17.0.8; Windows 11; 10.0)",
        "x-ms-client-request-id": "55899a8d-8915-40e3-a805-ee2734a84988",
        "x-ms-lease-action": "acquire",
        "x-ms-lease-duration": "-1",
        "x-ms-proposed-lease-id": "dd863e55-8415-4353-bd5f-d58c6ba6fcd2",
        "x-ms-version": "2024-02-04"
      },
      "RequestBody": null,
      "StatusCode": 201,
      "ResponseHeaders": {
        "Content-Length": "0",
        "Date": "Mon, 11 Dec 2023 23:29:53 GMT",
        "ETag": "\u00220x8DBFAA1149A35FE\u0022",
        "Last-Modified": "Mon, 11 Dec 2023 23:29:54 GMT",
        "Server": [
          "Windows-Azure-Blob/1.0",
          "Microsoft-HTTPAPI/2.0"
        ],
        "x-ms-client-request-id": "55899a8d-8915-40e3-a805-ee2734a84988",
        "x-ms-lease-id": "dd863e55-8415-4353-bd5f-d58c6ba6fcd2",
        "x-ms-request-id": "e507b2b5-201e-0076-2d89-2c1d2e000000",
        "x-ms-version": "2024-02-04"
      },
      "ResponseBody": null
    },
    {
      "RequestUri": "https://REDACTED/2bc0fa4a0breakcontainerleasef25035052f88fd344d7a4?comp=lease\u0026restype=container",
      "RequestMethod": "PUT",
      "RequestHeaders": {
        "Accept": "application/xml",
        "Authorization": "Sanitized",
        "Content-Length": "0",
        "Date": "Mon, 11 Dec 2023 23:29:50 GMT",
        "User-Agent": "azsdk-java-azure-storage-blob/12.26.0-beta.1 (17.0.8; Windows 11; 10.0)",
        "x-ms-client-request-id": "62c63e84-230a-4816-a9bb-3b32e17b766d",
        "x-ms-lease-action": "break",
        "x-ms-lease-break-period": "20",
        "x-ms-version": "2024-02-04"
      },
      "RequestBody": null,
      "StatusCode": 202,
      "ResponseHeaders": {
        "Content-Length": "0",
        "Date": "Mon, 11 Dec 2023 23:29:53 GMT",
        "ETag": "\u00220x8DBFAA1149A35FE\u0022",
        "Last-Modified": "Mon, 11 Dec 2023 23:29:54 GMT",
        "Server": [
          "Windows-Azure-Blob/1.0",
          "Microsoft-HTTPAPI/2.0"
        ],
        "x-ms-client-request-id": "62c63e84-230a-4816-a9bb-3b32e17b766d",
        "x-ms-lease-time": "20",
        "x-ms-request-id": "e507b327-201e-0076-1889-2c1d2e000000",
        "x-ms-version": "2024-02-04"
      },
      "ResponseBody": null
    },
    {
      "RequestUri": "https://REDACTED/2bc0fa4a0breakcontainerleasef25035052f88fd344d7a4?restype=container",
      "RequestMethod": "GET",
      "RequestHeaders": {
        "Accept": "application/xml",
        "Authorization": "Sanitized",
        "Content-Length": "0",
        "Date": "Mon, 11 Dec 2023 23:29:50 GMT",
        "User-Agent": "azsdk-java-azure-storage-blob/12.26.0-beta.1 (17.0.8; Windows 11; 10.0)",
        "x-ms-client-request-id": "b1771bbd-790c-450d-94d5-0c1b04f4ae52",
        "x-ms-version": "2024-02-04"
      },
      "RequestBody": null,
      "StatusCode": 200,
      "ResponseHeaders": {
        "Content-Length": "0",
        "Date": "Mon, 11 Dec 2023 23:29:54 GMT",
        "ETag": "\u00220x8DBFAA1149A35FE\u0022",
        "Last-Modified": "Mon, 11 Dec 2023 23:29:54 GMT",
        "Server": [
          "Windows-Azure-Blob/1.0",
          "Microsoft-HTTPAPI/2.0"
        ],
        "x-ms-client-request-id": "b1771bbd-790c-450d-94d5-0c1b04f4ae52",
        "x-ms-default-encryption-scope": "$account-encryption-key",
        "x-ms-deny-encryption-scope-override": "false",
        "x-ms-has-immutability-policy": "false",
        "x-ms-has-legal-hold": "false",
        "x-ms-immutable-storage-with-versioning-enabled": "false",
        "x-ms-lease-state": "breaking",
        "x-ms-lease-status": "locked",
        "x-ms-request-id": "92e35be5-f01e-0091-2689-2cf2d4000000",
        "x-ms-version": "2024-02-04"
      },
      "ResponseBody": null
    }
  ],
  "Variables": {
    "0": "2bc0fa4a0breakcontainerleasef25035052f88fd344d7a4",
    "1": "dd863e55-8415-4353-bd5f-d58c6ba6fcd2"
  }
}
