{
  "Entries": [
    {
      "RequestUri": "https://REDACTED/f2c863810breakbloblease18782490f3611149ce8f4442?restype=container",
      "RequestMethod": "PUT",
      "RequestHeaders": {
        "Accept": "application/xml",
        "Authorization": "Sanitized",
        "Content-Length": "0",
        "Date": "Thu, 05 Oct 2023 19:36:56 GMT",
        "User-Agent": "azsdk-java-azure-storage-blob/12.25.0-beta.1 (11.0.16.1; Windows 11; 10.0)",
        "x-ms-client-request-id": "2192f97c-acdd-4274-8be6-e1212ff526cc",
        "x-ms-version": "2023-08-03"
      },
      "RequestBody": null,
      "StatusCode": 201,
      "ResponseHeaders": {
        "Content-Length": "0",
        "Date": "Thu, 05 Oct 2023 19:36:56 GMT",
        "ETag": "\u00220x8DBC5DA6F63C46E\u0022",
        "Last-Modified": "Thu, 05 Oct 2023 19:36:56 GMT",
        "Server": [
          "Windows-Azure-Blob/1.0",
          "Microsoft-HTTPAPI/2.0"
        ],
        "x-ms-client-request-id": "2192f97c-acdd-4274-8be6-e1212ff526cc",
        "x-ms-request-id": "ad7894a3-401e-0010-3ac3-f754ea000000",
        "x-ms-version": "2023-08-03"
      },
      "ResponseBody": null
    },
    {
      "RequestUri": "https://REDACTED/f2c863810breakbloblease18782490f3611149ce8f4442/f2c863811breakbloblease187757354f6c56d07ec642b6",
      "RequestMethod": "PUT",
      "RequestHeaders": {
        "Accept": "application/xml",
        "Authorization": "Sanitized",
        "Content-Length": "7",
        "Content-Type": "application/octet-stream",
        "Date": "Thu, 05 Oct 2023 19:36:56 GMT",
        "If-None-Match": "*",
        "User-Agent": "azsdk-java-azure-storage-blob/12.25.0-beta.1 (11.0.16.1; Windows 11; 10.0)",
        "x-ms-blob-type": "BlockBlob",
        "x-ms-client-request-id": "af50a7f6-e0e6-4d12-a21b-8368634c42a9",
        "x-ms-version": "2023-08-03"
      },
      "RequestBody": "ZGVmYXVsdA==",
      "StatusCode": 201,
      "ResponseHeaders": {
        "Content-Length": "0",
        "Content-MD5": "wh\u002BWm18D0z1D4E\u002BPE252gg==",
        "Date": "Thu, 05 Oct 2023 19:36:56 GMT",
        "ETag": "\u00220x8DBC5DA6F7447E9\u0022",
        "Last-Modified": "Thu, 05 Oct 2023 19:36:56 GMT",
        "Server": [
          "Windows-Azure-Blob/1.0",
          "Microsoft-HTTPAPI/2.0"
        ],
        "x-ms-client-request-id": "af50a7f6-e0e6-4d12-a21b-8368634c42a9",
        "x-ms-content-crc64": "6RYQPwaVsyQ=",
        "x-ms-request-id": "ad789525-401e-0010-33c3-f754ea000000",
        "x-ms-request-server-encrypted": "true",
        "x-ms-version": "2023-08-03",
        "x-ms-version-id": "2023-10-05T19:36:56.6491113Z"
      },
      "ResponseBody": null
    },
    {
      "RequestUri": "https://REDACTED/f2c863810breakbloblease18782490f3611149ce8f4442/f2c863811breakbloblease187757354f6c56d07ec642b6?comp=lease",
      "RequestMethod": "PUT",
      "RequestHeaders": {
        "Accept": "application/xml",
        "Authorization": "Sanitized",
        "Content-Length": "0",
        "Date": "Thu, 05 Oct 2023 19:36:56 GMT",
        "User-Agent": "azsdk-java-azure-storage-blob/12.25.0-beta.1 (11.0.16.1; Windows 11; 10.0)",
        "x-ms-client-request-id": "cb2f264c-ea3c-4cea-b666-82b3cfa2e1e9",
        "x-ms-lease-action": "acquire",
        "x-ms-lease-duration": "-1",
        "x-ms-proposed-lease-id": "30aa2fdc-960d-49d3-b646-5f406abc0483",
        "x-ms-version": "2023-08-03"
      },
      "RequestBody": null,
      "StatusCode": 201,
      "ResponseHeaders": {
        "Content-Length": "0",
        "Date": "Thu, 05 Oct 2023 19:36:56 GMT",
        "ETag": "\u00220x8DBC5DA6F7447E9\u0022",
        "Last-Modified": "Thu, 05 Oct 2023 19:36:56 GMT",
        "Server": [
          "Windows-Azure-Blob/1.0",
          "Microsoft-HTTPAPI/2.0"
        ],
        "x-ms-client-request-id": "cb2f264c-ea3c-4cea-b666-82b3cfa2e1e9",
        "x-ms-lease-id": "30aa2fdc-960d-49d3-b646-5f406abc0483",
        "x-ms-request-id": "ad78959b-401e-0010-1ec3-f754ea000000",
        "x-ms-version": "2023-08-03"
      },
      "ResponseBody": null
    },
    {
      "RequestUri": "https://REDACTED/f2c863810breakbloblease18782490f3611149ce8f4442/f2c863811breakbloblease187757354f6c56d07ec642b6?comp=lease",
      "RequestMethod": "PUT",
      "RequestHeaders": {
        "Accept": "application/xml",
        "Authorization": "Sanitized",
        "Content-Length": "0",
        "Date": "Thu, 05 Oct 2023 19:36:56 GMT",
        "User-Agent": "azsdk-java-azure-storage-blob/12.25.0-beta.1 (11.0.16.1; Windows 11; 10.0)",
        "x-ms-client-request-id": "aa367a14-cf0e-4a44-8915-facd978ed891",
        "x-ms-lease-action": "break",
        "x-ms-version": "2023-08-03"
      },
      "RequestBody": null,
      "StatusCode": 202,
      "ResponseHeaders": {
        "Content-Length": "0",
        "Date": "Thu, 05 Oct 2023 19:36:56 GMT",
        "ETag": "\u00220x8DBC5DA6F7447E9\u0022",
        "Last-Modified": "Thu, 05 Oct 2023 19:36:56 GMT",
        "Server": [
          "Windows-Azure-Blob/1.0",
          "Microsoft-HTTPAPI/2.0"
        ],
        "x-ms-client-request-id": "aa367a14-cf0e-4a44-8915-facd978ed891",
        "x-ms-lease-time": "0",
        "x-ms-request-id": "ad789600-401e-0010-7fc3-f754ea000000",
        "x-ms-version": "2023-08-03"
      },
      "ResponseBody": null
    },
    {
      "RequestUri": "https://REDACTED/f2c863810breakbloblease18782490f3611149ce8f4442/f2c863811breakbloblease187757354f6c56d07ec642b6",
      "RequestMethod": "HEAD",
      "RequestHeaders": {
        "Accept": "application/xml",
        "Authorization": "Sanitized",
        "Content-Length": "0",
        "Date": "Thu, 05 Oct 2023 19:36:56 GMT",
        "User-Agent": "azsdk-java-azure-storage-blob/12.25.0-beta.1 (11.0.16.1; Windows 11; 10.0)",
        "x-ms-client-request-id": "0bc6564d-a83f-4334-bcb6-80e6b91ed47c",
        "x-ms-version": "2023-08-03"
      },
      "RequestBody": null,
      "StatusCode": 200,
      "ResponseHeaders": {
        "Accept-Ranges": "bytes",
        "Access-Control-Allow-Origin": "*",
        "Access-Control-Expose-Headers": "x-ms-client-request-id",
        "Content-Length": "7",
        "Content-MD5": "wh\u002BWm18D0z1D4E\u002BPE252gg==",
        "Content-Type": "application/octet-stream",
        "Date": "Thu, 05 Oct 2023 19:36:56 GMT",
        "ETag": "\u00220x8DBC5DA6F7447E9\u0022",
        "Last-Modified": "Thu, 05 Oct 2023 19:36:56 GMT",
        "Server": [
          "Windows-Azure-Blob/1.0",
          "Microsoft-HTTPAPI/2.0"
        ],
        "x-ms-access-tier": "Hot",
        "x-ms-access-tier-inferred": "true",
        "x-ms-blob-type": "BlockBlob",
        "x-ms-client-request-id": "0bc6564d-a83f-4334-bcb6-80e6b91ed47c",
        "x-ms-creation-time": "Thu, 05 Oct 2023 19:36:56 GMT",
        "x-ms-is-current-version": "true",
        "x-ms-last-access-time": "Thu, 05 Oct 2023 19:36:56 GMT",
        "x-ms-lease-state": "broken",
        "x-ms-lease-status": "unlocked",
        "x-ms-request-id": "ad78965a-401e-0010-56c3-f754ea000000",
        "x-ms-server-encrypted": "true",
        "x-ms-version": "2023-08-03",
        "x-ms-version-id": "2023-10-05T19:36:56.6491113Z"
      },
      "ResponseBody": null
    }
  ],
  "Variables": {
    "0": "f2c863810breakbloblease18782490f3611149ce8f4442",
    "1": "f2c863811breakbloblease187757354f6c56d07ec642b6",
    "2": "30aa2fdc-960d-49d3-b646-5f406abc0483"
  }
}
