{
  "Entries": [
    {
      "RequestUri": "https://REDACTED/86ca1c800renewcontainerleaseacillegal72097193fdf500f89?restype=container",
      "RequestMethod": "PUT",
      "RequestHeaders": {
        "Accept": "application/xml",
        "Authorization": "Sanitized",
        "Content-Length": "0",
        "Date": "Mon, 04 Dec 2023 20:55:21 GMT",
        "User-Agent": "azsdk-java-azure-storage-blob/12.26.0-beta.1 (17.0.8; Windows 11; 10.0)",
        "x-ms-client-request-id": "81a26596-57b0-46a4-bf4c-ce14b52ccab6",
        "x-ms-version": "2024-02-04"
      },
      "RequestBody": null,
      "StatusCode": 201,
      "ResponseHeaders": {
        "Content-Length": "0",
        "Date": "Mon, 04 Dec 2023 20:55:22 GMT",
        "ETag": "\u00220x8DBF50B551E61C8\u0022",
        "Last-Modified": "Mon, 04 Dec 2023 20:55:22 GMT",
        "Server": [
          "Windows-Azure-Blob/1.0",
          "Microsoft-HTTPAPI/2.0"
        ],
        "x-ms-client-request-id": "81a26596-57b0-46a4-bf4c-ce14b52ccab6",
        "x-ms-request-id": "ca8d6c1a-201e-0090-25f4-26abec000000",
        "x-ms-version": "2024-02-04"
      },
      "ResponseBody": null
    },
    {
      "RequestUri": "https://REDACTED/86ca1c800renewcontainerleaseacillegal72097193fdf500f89?restype=container",
      "RequestMethod": "PUT",
      "RequestHeaders": {
        "Accept": "application/xml",
        "Authorization": "Sanitized",
        "Content-Length": "0",
        "Date": "Mon, 04 Dec 2023 20:55:21 GMT",
        "User-Agent": "azsdk-java-azure-storage-blob/12.26.0-beta.1 (17.0.8; Windows 11; 10.0)",
        "x-ms-client-request-id": "3ea31d0a-4cea-4708-9185-9ba02874db76",
        "x-ms-version": "2024-02-04"
      },
      "RequestBody": null,
      "StatusCode": 409,
      "ResponseHeaders": {
        "Content-Length": "230",
        "Content-Type": "application/xml",
        "Date": "Mon, 04 Dec 2023 20:55:22 GMT",
        "Server": [
          "Windows-Azure-Blob/1.0",
          "Microsoft-HTTPAPI/2.0"
        ],
        "x-ms-client-request-id": "3ea31d0a-4cea-4708-9185-9ba02874db76",
        "x-ms-error-code": "ContainerAlreadyExists",
        "x-ms-request-id": "ca8d6c78-201e-0090-75f4-26abec000000",
        "x-ms-version": "2024-02-04"
      },
      "ResponseBody": [
        "\uFEFF\u003C?xml version=\u00221.0\u0022 encoding=\u0022utf-8\u0022?\u003E\u003CError\u003E\u003CCode\u003EContainerAlreadyExists\u003C/Code\u003E\u003CMessage\u003EThe specified container already exists.\n",
        "RequestId:ca8d6c78-201e-0090-75f4-26abec000000\n",
        "Time:2023-12-04T20:55:22.5346539Z\u003C/Message\u003E\u003C/Error\u003E"
      ]
    },
    {
      "RequestUri": "https://REDACTED/86ca1c800renewcontainerleaseacillegal72097193fdf500f89?comp=lease\u0026restype=container",
      "RequestMethod": "PUT",
      "RequestHeaders": {
        "Accept": "application/xml",
        "Authorization": "Sanitized",
        "Content-Length": "0",
        "Date": "Mon, 04 Dec 2023 20:55:21 GMT",
        "User-Agent": "azsdk-java-azure-storage-blob/12.26.0-beta.1 (17.0.8; Windows 11; 10.0)",
        "x-ms-client-request-id": "f00322df-7efe-4f19-8697-eddb0fd4a5ea",
        "x-ms-lease-action": "renew",
        "x-ms-lease-id": "received",
        "x-ms-version": "2024-02-04"
      },
      "RequestBody": null,
      "StatusCode": 400,
      "ResponseHeaders": {
        "Content-Length": "327",
        "Content-Type": "application/xml",
        "Date": "Mon, 04 Dec 2023 20:55:22 GMT",
        "Server": [
          "Windows-Azure-Blob/1.0",
          "Microsoft-HTTPAPI/2.0"
        ],
        "x-ms-client-request-id": "f00322df-7efe-4f19-8697-eddb0fd4a5ea",
        "x-ms-error-code": "InvalidHeaderValue",
        "x-ms-request-id": "ca8d6cc4-201e-0090-39f4-26abec000000",
        "x-ms-version": "2024-02-04"
      },
      "ResponseBody": [
        "\uFEFF\u003C?xml version=\u00221.0\u0022 encoding=\u0022utf-8\u0022?\u003E\u003CError\u003E\u003CCode\u003EInvalidHeaderValue\u003C/Code\u003E\u003CMessage\u003EThe value for one of the HTTP headers is not in the correct format.\n",
        "RequestId:ca8d6cc4-201e-0090-39f4-26abec000000\n",
        "Time:2023-12-04T20:55:22.6076122Z\u003C/Message\u003E\u003CHeaderName\u003Ex-ms-lease-id\u003C/HeaderName\u003E\u003CHeaderValue\u003Ereceived\u003C/HeaderValue\u003E\u003C/Error\u003E"
      ]
    }
  ],
  "Variables": {
    "0": "86ca1c800renewcontainerleaseacillegal72097193fdf500f89"
  }
}
