{
  "Entries": [
    {
      "RequestUri": "https://REDACTED/cbf2bb590renewblobleaseacfail10d57137e7d03ca69acb4?restype=container",
      "RequestMethod": "PUT",
      "RequestHeaders": {
        "Accept": "application/xml",
        "Authorization": "Sanitized",
        "Content-Length": "0",
        "Date": "Wed, 11 Oct 2023 21:22:32 GMT",
        "User-Agent": "azsdk-java-azure-storage-blob/12.25.0-beta.1 (17.0.8.1; Windows 11; 10.0)",
        "x-ms-client-request-id": "f5f14adf-9409-4a28-8995-32532128dc4b",
        "x-ms-version": "2023-08-03"
      },
      "RequestBody": null,
      "StatusCode": 201,
      "ResponseHeaders": {
        "Content-Length": "0",
        "Date": "Wed, 11 Oct 2023 21:22:31 GMT",
        "ETag": "\u00220x8DBCAA02E1A5FB2\u0022",
        "Last-Modified": "Wed, 11 Oct 2023 21:22:32 GMT",
        "Server": [
          "Windows-Azure-Blob/1.0",
          "Microsoft-HTTPAPI/2.0"
        ],
        "x-ms-client-request-id": "f5f14adf-9409-4a28-8995-32532128dc4b",
        "x-ms-request-id": "da293b17-601e-0007-3889-fcfde1000000",
        "x-ms-version": "2023-08-03"
      },
      "ResponseBody": null
    },
    {
      "RequestUri": "https://REDACTED/cbf2bb590renewblobleaseacfail10d57137e7d03ca69acb4/cbf2bb591renewblobleaseacfail10d465894b99dd6894ce4",
      "RequestMethod": "PUT",
      "RequestHeaders": {
        "Accept": "application/xml",
        "Authorization": "Sanitized",
        "Content-Length": "7",
        "Content-Type": "application/octet-stream",
        "Date": "Wed, 11 Oct 2023 21:22:32 GMT",
        "If-None-Match": "*",
        "User-Agent": "azsdk-java-azure-storage-blob/12.25.0-beta.1 (17.0.8.1; Windows 11; 10.0)",
        "x-ms-blob-type": "BlockBlob",
        "x-ms-client-request-id": "d236e7a2-2aba-49f7-a95a-5d147dddf5ec",
        "x-ms-version": "2023-08-03"
      },
      "RequestBody": "ZGVmYXVsdA==",
      "StatusCode": 201,
      "ResponseHeaders": {
        "Content-Length": "0",
        "Content-MD5": "wh\u002BWm18D0z1D4E\u002BPE252gg==",
        "Date": "Wed, 11 Oct 2023 21:22:31 GMT",
        "ETag": "\u00220x8DBCAA02E1E7738\u0022",
        "Last-Modified": "Wed, 11 Oct 2023 21:22:32 GMT",
        "Server": [
          "Windows-Azure-Blob/1.0",
          "Microsoft-HTTPAPI/2.0"
        ],
        "x-ms-client-request-id": "d236e7a2-2aba-49f7-a95a-5d147dddf5ec",
        "x-ms-content-crc64": "6RYQPwaVsyQ=",
        "x-ms-request-id": "da293b39-601e-0007-5689-fcfde1000000",
        "x-ms-request-server-encrypted": "true",
        "x-ms-version": "2023-08-03"
      },
      "ResponseBody": null
    },
    {
      "RequestUri": "https://REDACTED/cbf2bb590renewblobleaseacfail10d57137e7d03ca69acb4/cbf2bb591renewblobleaseacfail10d465894b99dd6894ce4",
      "RequestMethod": "HEAD",
      "RequestHeaders": {
        "Accept": "application/xml",
        "Authorization": "Sanitized",
        "Content-Length": "0",
        "Date": "Wed, 11 Oct 2023 21:22:32 GMT",
        "User-Agent": "azsdk-java-azure-storage-blob/12.25.0-beta.1 (17.0.8.1; Windows 11; 10.0)",
        "x-ms-client-request-id": "b1ab80ee-82f7-4100-a25e-18a784dafc7b",
        "x-ms-version": "2023-08-03"
      },
      "RequestBody": null,
      "StatusCode": 200,
      "ResponseHeaders": {
        "Accept-Ranges": "bytes",
        "Access-Control-Allow-Origin": "*",
        "Access-Control-Expose-Headers": "x-ms-client-request-id",
        "Content-Length": "7",
        "Content-MD5": "wh\u002BWm18D0z1D4E\u002BPE252gg==",
        "Content-Type": "application/octet-stream",
        "Date": "Wed, 11 Oct 2023 21:22:31 GMT",
        "ETag": "\u00220x8DBCAA02E1E7738\u0022",
        "Last-Modified": "Wed, 11 Oct 2023 21:22:32 GMT",
        "Server": [
          "Windows-Azure-Blob/1.0",
          "Microsoft-HTTPAPI/2.0"
        ],
        "x-ms-access-tier": "Hot",
        "x-ms-access-tier-inferred": "true",
        "x-ms-blob-type": "BlockBlob",
        "x-ms-client-request-id": "b1ab80ee-82f7-4100-a25e-18a784dafc7b",
        "x-ms-creation-time": "Wed, 11 Oct 2023 21:22:32 GMT",
        "x-ms-lease-state": "available",
        "x-ms-lease-status": "unlocked",
        "x-ms-request-id": "da293b50-601e-0007-6d89-fcfde1000000",
        "x-ms-server-encrypted": "true",
        "x-ms-version": "2023-08-03"
      },
      "ResponseBody": null
    },
    {
      "RequestUri": "https://REDACTED/cbf2bb590renewblobleaseacfail10d57137e7d03ca69acb4/cbf2bb591renewblobleaseacfail10d465894b99dd6894ce4?comp=lease",
      "RequestMethod": "PUT",
      "RequestHeaders": {
        "Accept": "application/xml",
        "Authorization": "Sanitized",
        "Content-Length": "0",
        "Date": "Wed, 11 Oct 2023 21:22:32 GMT",
        "User-Agent": "azsdk-java-azure-storage-blob/12.25.0-beta.1 (17.0.8.1; Windows 11; 10.0)",
        "x-ms-client-request-id": "13126f33-92bd-4a7e-b205-664e25557571",
        "x-ms-lease-action": "acquire",
        "x-ms-lease-duration": "-1",
        "x-ms-proposed-lease-id": "45a452e3-be07-484f-8956-72171dbf9570",
        "x-ms-version": "2023-08-03"
      },
      "RequestBody": null,
      "StatusCode": 201,
      "ResponseHeaders": {
        "Content-Length": "0",
        "Date": "Wed, 11 Oct 2023 21:22:31 GMT",
        "ETag": "\u00220x8DBCAA02E1E7738\u0022",
        "Last-Modified": "Wed, 11 Oct 2023 21:22:32 GMT",
        "Server": [
          "Windows-Azure-Blob/1.0",
          "Microsoft-HTTPAPI/2.0"
        ],
        "x-ms-client-request-id": "13126f33-92bd-4a7e-b205-664e25557571",
        "x-ms-lease-id": "45a452e3-be07-484f-8956-72171dbf9570",
        "x-ms-request-id": "da293b76-601e-0007-1089-fcfde1000000",
        "x-ms-version": "2023-08-03"
      },
      "ResponseBody": null
    },
    {
      "RequestUri": "https://REDACTED/cbf2bb590renewblobleaseacfail10d57137e7d03ca69acb4/cbf2bb591renewblobleaseacfail10d465894b99dd6894ce4?comp=lease",
      "RequestMethod": "PUT",
      "RequestHeaders": {
        "Accept": "application/xml",
        "Authorization": "Sanitized",
        "Content-Length": "0",
        "Date": "Wed, 11 Oct 2023 21:22:32 GMT",
        "If-None-Match": "0x8DBCAA02E1E7738",
        "User-Agent": "azsdk-java-azure-storage-blob/12.25.0-beta.1 (17.0.8.1; Windows 11; 10.0)",
        "x-ms-client-request-id": "ecde39ed-6964-4f13-add0-a21c6e8d5717",
        "x-ms-lease-action": "renew",
        "x-ms-lease-id": "45a452e3-be07-484f-8956-72171dbf9570",
        "x-ms-version": "2023-08-03"
      },
      "RequestBody": null,
      "StatusCode": 412,
      "ResponseHeaders": {
        "Content-Length": "252",
        "Content-Type": "application/xml",
        "Date": "Wed, 11 Oct 2023 21:22:31 GMT",
        "Server": [
          "Windows-Azure-Blob/1.0",
          "Microsoft-HTTPAPI/2.0"
        ],
        "x-ms-client-request-id": "ecde39ed-6964-4f13-add0-a21c6e8d5717",
        "x-ms-error-code": "ConditionNotMet",
        "x-ms-request-id": "da293ba6-601e-0007-3789-fcfde1000000",
        "x-ms-version": "2023-08-03"
      },
      "ResponseBody": [
        "\uFEFF\u003C?xml version=\u00221.0\u0022 encoding=\u0022utf-8\u0022?\u003E\u003CError\u003E\u003CCode\u003EConditionNotMet\u003C/Code\u003E\u003CMessage\u003EThe condition specified using HTTP conditional header(s) is not met.\n",
        "RequestId:da293ba6-601e-0007-3789-fcfde1000000\n",
        "Time:2023-10-11T21:22:32.1085081Z\u003C/Message\u003E\u003C/Error\u003E"
      ]
    }
  ],
  "Variables": {
    "0": "cbf2bb590renewblobleaseacfail10d57137e7d03ca69acb4",
    "1": "cbf2bb591renewblobleaseacfail10d465894b99dd6894ce4"
  }
}
