{
  "Entries": [
    {
      "RequestUri": "https://REDACTED/fd1344cb0acquireblobleaseaceaf187003c451a137cc243?restype=container",
      "RequestMethod": "PUT",
      "RequestHeaders": {
        "Accept": "application/xml",
        "Authorization": "Sanitized",
        "Content-Length": "0",
        "Date": "Thu, 12 Oct 2023 16:47:31 GMT",
        "User-Agent": "azsdk-java-azure-storage-blob/12.25.0-beta.1 (17.0.8.1; Windows 11; 10.0)",
        "x-ms-client-request-id": "ff785ff6-3d7c-4e7a-ab53-8563ec8c05ef",
        "x-ms-version": "2023-08-03"
      },
      "RequestBody": null,
      "StatusCode": 201,
      "ResponseHeaders": {
        "Content-Length": "0",
        "Date": "Thu, 12 Oct 2023 16:47:31 GMT",
        "ETag": "\u00220x8DBCB42ED995F1A\u0022",
        "Last-Modified": "Thu, 12 Oct 2023 16:47:31 GMT",
        "Server": [
          "Windows-Azure-Blob/1.0",
          "Microsoft-HTTPAPI/2.0"
        ],
        "x-ms-client-request-id": "ff785ff6-3d7c-4e7a-ab53-8563ec8c05ef",
        "x-ms-request-id": "79f1bf84-e01e-0051-602b-fd573d000000",
        "x-ms-version": "2023-08-03"
      },
      "ResponseBody": null
    },
    {
      "RequestUri": "https://REDACTED/fd1344cb0acquireblobleaseaceaf187003c451a137cc243/fd1344cb1acquireblobleaseaceaf90150c0e840837bb643",
      "RequestMethod": "PUT",
      "RequestHeaders": {
        "Accept": "application/xml",
        "Authorization": "Sanitized",
        "Content-Length": "7",
        "Content-Type": "application/octet-stream",
        "Date": "Thu, 12 Oct 2023 16:47:31 GMT",
        "If-None-Match": "*",
        "User-Agent": "azsdk-java-azure-storage-blob/12.25.0-beta.1 (17.0.8.1; Windows 11; 10.0)",
        "x-ms-blob-type": "BlockBlob",
        "x-ms-client-request-id": "51ce1a2c-30d7-4386-8d80-722775d2e3ec",
        "x-ms-version": "2023-08-03"
      },
      "RequestBody": "ZGVmYXVsdA==",
      "StatusCode": 201,
      "ResponseHeaders": {
        "Content-Length": "0",
        "Content-MD5": "wh\u002BWm18D0z1D4E\u002BPE252gg==",
        "Date": "Thu, 12 Oct 2023 16:47:31 GMT",
        "ETag": "\u00220x8DBCB42ED9B2EB0\u0022",
        "Last-Modified": "Thu, 12 Oct 2023 16:47:31 GMT",
        "Server": [
          "Windows-Azure-Blob/1.0",
          "Microsoft-HTTPAPI/2.0"
        ],
        "x-ms-client-request-id": "51ce1a2c-30d7-4386-8d80-722775d2e3ec",
        "x-ms-content-crc64": "6RYQPwaVsyQ=",
        "x-ms-request-id": "3ea239a1-901e-0029-802b-fdf4c5000000",
        "x-ms-request-server-encrypted": "true",
        "x-ms-version": "2023-08-03"
      },
      "ResponseBody": null
    },
    {
      "RequestUri": "https://REDACTED/fd1344cb0acquireblobleaseaceaf187003c451a137cc243/fd1344cb1acquireblobleaseaceaf90150c0e840837bb643?comp=tags",
      "RequestMethod": "PUT",
      "RequestHeaders": {
        "Accept": "application/xml",
        "Authorization": "Sanitized",
        "Content-Length": "111",
        "Content-Type": "application/xml",
        "Date": "Thu, 12 Oct 2023 16:47:31 GMT",
        "User-Agent": "azsdk-java-azure-storage-blob/12.25.0-beta.1 (17.0.8.1; Windows 11; 10.0)",
        "x-ms-client-request-id": "7a4db82f-a091-41cf-aa7e-ba15560e5e4f",
        "x-ms-version": "2023-08-03"
      },
      "RequestBody": "\u003C?xml version=\u00271.0\u0027 encoding=\u0027UTF-8\u0027?\u003E\u003CTags\u003E\u003CTagSet\u003E\u003CTag\u003E\u003CKey\u003Efoo\u003C/Key\u003E\u003CValue\u003Ebar\u003C/Value\u003E\u003C/Tag\u003E\u003C/TagSet\u003E\u003C/Tags\u003E",
      "StatusCode": 204,
      "ResponseHeaders": {
        "Date": "Thu, 12 Oct 2023 16:47:31 GMT",
        "Server": [
          "Windows-Azure-Blob/1.0",
          "Microsoft-HTTPAPI/2.0"
        ],
        "x-ms-client-request-id": "7a4db82f-a091-41cf-aa7e-ba15560e5e4f",
        "x-ms-request-id": "3ea239bd-901e-0029-1a2b-fdf4c5000000",
        "x-ms-version": "2023-08-03"
      },
      "ResponseBody": null
    },
    {
      "RequestUri": "https://REDACTED/fd1344cb0acquireblobleaseaceaf187003c451a137cc243/fd1344cb1acquireblobleaseaceaf90150c0e840837bb643?comp=lease",
      "RequestMethod": "PUT",
      "RequestHeaders": {
        "Accept": "application/xml",
        "Authorization": "Sanitized",
        "Content-Length": "0",
        "Date": "Thu, 12 Oct 2023 16:47:31 GMT",
        "If-Unmodified-Since": "Fri, 13 Oct 2023 16:47:10 GMT",
        "User-Agent": "azsdk-java-azure-storage-blob/12.25.0-beta.1 (17.0.8.1; Windows 11; 10.0)",
        "x-ms-client-request-id": "4648c5d4-4056-4119-9b4f-dd3ae2f3d8c8",
        "x-ms-lease-action": "acquire",
        "x-ms-lease-duration": "-1",
        "x-ms-proposed-lease-id": "4355311e-666e-4c95-8f73-a4e032f2fbd4",
        "x-ms-version": "2023-08-03"
      },
      "RequestBody": null,
      "StatusCode": 201,
      "ResponseHeaders": {
        "Content-Length": "0",
        "Date": "Thu, 12 Oct 2023 16:47:31 GMT",
        "ETag": "\u00220x8DBCB42ED9B2EB0\u0022",
        "Last-Modified": "Thu, 12 Oct 2023 16:47:31 GMT",
        "Server": [
          "Windows-Azure-Blob/1.0",
          "Microsoft-HTTPAPI/2.0"
        ],
        "x-ms-client-request-id": "4648c5d4-4056-4119-9b4f-dd3ae2f3d8c8",
        "x-ms-lease-id": "4355311e-666e-4c95-8f73-a4e032f2fbd4",
        "x-ms-request-id": "79f1bfdc-e01e-0051-302b-fd573d000000",
        "x-ms-version": "2023-08-03"
      },
      "ResponseBody": null
    }
  ],
  "Variables": {
    "0": "fd1344cb0acquireblobleaseaceaf187003c451a137cc243",
    "1": "fd1344cb1acquireblobleaseaceaf90150c0e840837bb643"
  }
}
