{
  "Entries": [
    {
      "RequestUri": "https://REDACTED/1ce2f91b0acquirecontainerleasea4a178212b1e03c88542?restype=container",
      "RequestMethod": "PUT",
      "RequestHeaders": {
        "Accept": "application/xml",
        "Authorization": "Sanitized",
        "Content-Length": "0",
        "Date": "Mon, 08 Jan 2024 19:48:17 GMT",
        "User-Agent": "azsdk-java-azure-storage-blob/12.26.0-beta.1 (17.0.8; Windows 11; 10.0)",
        "x-ms-client-request-id": "9f499666-7340-4de9-93f2-e96b9912fa64",
        "x-ms-version": "2024-02-04"
      },
      "RequestBody": null,
      "StatusCode": 201,
      "ResponseHeaders": {
        "Content-Length": "0",
        "Date": "Mon, 08 Jan 2024 19:48:27 GMT",
        "ETag": "\u00220x8DC1082C8D13634\u0022",
        "Last-Modified": "Mon, 08 Jan 2024 19:48:28 GMT",
        "Server": [
          "Windows-Azure-Blob/1.0",
          "Microsoft-HTTPAPI/2.0"
        ],
        "x-ms-client-request-id": "9f499666-7340-4de9-93f2-e96b9912fa64",
        "x-ms-request-id": "4cb0b27a-501e-000e-106b-42bed6000000",
        "x-ms-version": "2024-02-04"
      },
      "ResponseBody": null
    },
    {
      "RequestUri": "https://REDACTED/1ce2f91b0acquirecontainerleasea4a178212b1e03c88542?restype=container",
      "RequestMethod": "PUT",
      "RequestHeaders": {
        "Accept": "application/xml",
        "Authorization": "Sanitized",
        "Content-Length": "0",
        "Date": "Mon, 08 Jan 2024 19:48:17 GMT",
        "User-Agent": "azsdk-java-azure-storage-blob/12.26.0-beta.1 (17.0.8; Windows 11; 10.0)",
        "x-ms-client-request-id": "c3b5055d-74eb-4580-a6b4-0c7261f44ee4",
        "x-ms-version": "2024-02-04"
      },
      "RequestBody": null,
      "StatusCode": 409,
      "ResponseHeaders": {
        "Content-Length": "230",
        "Content-Type": "application/xml",
        "Date": "Mon, 08 Jan 2024 19:48:27 GMT",
        "Server": [
          "Windows-Azure-Blob/1.0",
          "Microsoft-HTTPAPI/2.0"
        ],
        "x-ms-client-request-id": "c3b5055d-74eb-4580-a6b4-0c7261f44ee4",
        "x-ms-error-code": "ContainerAlreadyExists",
        "x-ms-request-id": "4cb0b325-501e-000e-336b-42bed6000000",
        "x-ms-version": "2024-02-04"
      },
      "ResponseBody": [
        "\uFEFF\u003C?xml version=\u00221.0\u0022 encoding=\u0022utf-8\u0022?\u003E\u003CError\u003E\u003CCode\u003EContainerAlreadyExists\u003C/Code\u003E\u003CMessage\u003EThe specified container already exists.\n",
        "RequestId:4cb0b325-501e-000e-336b-42bed6000000\n",
        "Time:2024-01-08T19:48:28.1734224Z\u003C/Message\u003E\u003C/Error\u003E"
      ]
    },
    {
      "RequestUri": "https://REDACTED/1ce2f91b0acquirecontainerleasea4a178212b1e03c88542?comp=lease\u0026restype=container",
      "RequestMethod": "PUT",
      "RequestHeaders": {
        "Accept": "application/xml",
        "Authorization": "Sanitized",
        "Content-Length": "0",
        "Date": "Mon, 08 Jan 2024 19:48:17 GMT",
        "User-Agent": "azsdk-java-azure-storage-blob/12.26.0-beta.1 (17.0.8; Windows 11; 10.0)",
        "x-ms-client-request-id": "f2109c41-6651-4688-8459-69f1f80ad7bb",
        "x-ms-lease-action": "acquire",
        "x-ms-lease-duration": "25",
        "x-ms-proposed-lease-id": "e6fa287b-d68a-433c-b667-7e5d4c38a5c2",
        "x-ms-version": "2024-02-04"
      },
      "RequestBody": null,
      "StatusCode": 201,
      "ResponseHeaders": {
        "Content-Length": "0",
        "Date": "Mon, 08 Jan 2024 19:48:27 GMT",
        "ETag": "\u00220x8DC1082C8D13634\u0022",
        "Last-Modified": "Mon, 08 Jan 2024 19:48:28 GMT",
        "Server": [
          "Windows-Azure-Blob/1.0",
          "Microsoft-HTTPAPI/2.0"
        ],
        "x-ms-client-request-id": "f2109c41-6651-4688-8459-69f1f80ad7bb",
        "x-ms-lease-id": "e6fa287b-d68a-433c-b667-7e5d4c38a5c2",
        "x-ms-request-id": "4cb0b3c3-501e-000e-476b-42bed6000000",
        "x-ms-version": "2024-02-04"
      },
      "ResponseBody": null
    },
    {
      "RequestUri": "https://REDACTED/1ce2f91b0acquirecontainerleasea4a178212b1e03c88542?restype=container",
      "RequestMethod": "GET",
      "RequestHeaders": {
        "Accept": "application/xml",
        "Authorization": "Sanitized",
        "Content-Length": "0",
        "Date": "Mon, 08 Jan 2024 19:48:17 GMT",
        "User-Agent": "azsdk-java-azure-storage-blob/12.26.0-beta.1 (17.0.8; Windows 11; 10.0)",
        "x-ms-client-request-id": "1a61e1a6-0dce-4377-a723-0242e1e70a1e",
        "x-ms-version": "2024-02-04"
      },
      "RequestBody": null,
      "StatusCode": 200,
      "ResponseHeaders": {
        "Access-Control-Allow-Origin": "*",
        "Access-Control-Expose-Headers": "x-ms-client-request-id",
        "Content-Length": "0",
        "Date": "Mon, 08 Jan 2024 19:48:27 GMT",
        "ETag": "\u00220x8DC1082C8D13634\u0022",
        "Last-Modified": "Mon, 08 Jan 2024 19:48:28 GMT",
        "Server": [
          "Windows-Azure-Blob/1.0",
          "Microsoft-HTTPAPI/2.0"
        ],
        "x-ms-client-request-id": "1a61e1a6-0dce-4377-a723-0242e1e70a1e",
        "x-ms-default-encryption-scope": "$account-encryption-key",
        "x-ms-deny-encryption-scope-override": "false",
        "x-ms-has-immutability-policy": "false",
        "x-ms-has-legal-hold": "false",
        "x-ms-immutable-storage-with-versioning-enabled": "false",
        "x-ms-lease-duration": "fixed",
        "x-ms-lease-state": "leased",
        "x-ms-lease-status": "locked",
        "x-ms-request-id": "4cb0b463-501e-000e-606b-42bed6000000",
        "x-ms-version": "2024-02-04"
      },
      "ResponseBody": null
    }
  ],
  "Variables": {
    "0": "1ce2f91b0acquirecontainerleasea4a178212b1e03c88542"
  }
}
