{
  "Entries": [
    {
      "RequestUri": "https://REDACTED/cdcc64f80renewblobleaseerror0f096381a0cd64d3e8e24?restype=container",
      "RequestMethod": "PUT",
      "RequestHeaders": {
        "Accept": "application/xml",
        "Authorization": "Sanitized",
        "Content-Length": "0",
        "Date": "Mon, 08 Jan 2024 19:48:01 GMT",
        "User-Agent": "azsdk-java-azure-storage-blob/12.26.0-beta.1 (17.0.8; Windows 11; 10.0)",
        "x-ms-client-request-id": "42a8da66-a985-49bf-88f0-4bf65d952438",
        "x-ms-version": "2024-02-04"
      },
      "RequestBody": null,
      "StatusCode": 201,
      "ResponseHeaders": {
        "Content-Length": "0",
        "Date": "Mon, 08 Jan 2024 19:48:11 GMT",
        "ETag": "\u00220x8DC1082BF4FF13D\u0022",
        "Last-Modified": "Mon, 08 Jan 2024 19:48:12 GMT",
        "Server": [
          "Windows-Azure-Blob/1.0",
          "Microsoft-HTTPAPI/2.0"
        ],
        "x-ms-client-request-id": "42a8da66-a985-49bf-88f0-4bf65d952438",
        "x-ms-request-id": "f4a97b95-b01e-0006-356b-42a4d9000000",
        "x-ms-version": "2024-02-04"
      },
      "ResponseBody": null
    },
    {
      "RequestUri": "https://REDACTED/cdcc64f80renewblobleaseerror0f096381a0cd64d3e8e24?restype=container",
      "RequestMethod": "PUT",
      "RequestHeaders": {
        "Accept": "application/xml",
        "Authorization": "Sanitized",
        "Content-Length": "0",
        "Date": "Mon, 08 Jan 2024 19:48:01 GMT",
        "User-Agent": "azsdk-java-azure-storage-blob/12.26.0-beta.1 (17.0.8; Windows 11; 10.0)",
        "x-ms-client-request-id": "63aadcd2-8957-4808-819f-546cabe7a045",
        "x-ms-version": "2024-02-04"
      },
      "RequestBody": null,
      "StatusCode": 409,
      "ResponseHeaders": {
        "Content-Length": "230",
        "Content-Type": "application/xml",
        "Date": "Mon, 08 Jan 2024 19:48:11 GMT",
        "Server": [
          "Windows-Azure-Blob/1.0",
          "Microsoft-HTTPAPI/2.0"
        ],
        "x-ms-client-request-id": "63aadcd2-8957-4808-819f-546cabe7a045",
        "x-ms-error-code": "ContainerAlreadyExists",
        "x-ms-request-id": "65ed8508-a01e-0068-186b-42f1f6000000",
        "x-ms-version": "2024-02-04"
      },
      "ResponseBody": [
        "\uFEFF\u003C?xml version=\u00221.0\u0022 encoding=\u0022utf-8\u0022?\u003E\u003CError\u003E\u003CCode\u003EContainerAlreadyExists\u003C/Code\u003E\u003CMessage\u003EThe specified container already exists.\n",
        "RequestId:65ed8508-a01e-0068-186b-42f1f6000000\n",
        "Time:2024-01-08T19:48:12.2322459Z\u003C/Message\u003E\u003C/Error\u003E"
      ]
    },
    {
      "RequestUri": "https://REDACTED/cdcc64f80renewblobleaseerror0f096381a0cd64d3e8e24/cdcc64f81renewblobleaseerror0f091804481b07c92ec34?comp=lease",
      "RequestMethod": "PUT",
      "RequestHeaders": {
        "Accept": "application/xml",
        "Authorization": "Sanitized",
        "Content-Length": "0",
        "Date": "Mon, 08 Jan 2024 19:48:01 GMT",
        "User-Agent": "azsdk-java-azure-storage-blob/12.26.0-beta.1 (17.0.8; Windows 11; 10.0)",
        "x-ms-client-request-id": "4767f55b-5877-483c-9040-c217fd8feffd",
        "x-ms-lease-action": "renew",
        "x-ms-lease-id": "id",
        "x-ms-version": "2024-02-04"
      },
      "RequestBody": null,
      "StatusCode": 400,
      "ResponseHeaders": {
        "Content-Length": "321",
        "Content-Type": "application/xml",
        "Date": "Mon, 08 Jan 2024 19:48:11 GMT",
        "Server": [
          "Windows-Azure-Blob/1.0",
          "Microsoft-HTTPAPI/2.0"
        ],
        "x-ms-client-request-id": "4767f55b-5877-483c-9040-c217fd8feffd",
        "x-ms-error-code": "InvalidHeaderValue",
        "x-ms-request-id": "f4a97cfe-b01e-0006-806b-42a4d9000000",
        "x-ms-version": "2024-02-04"
      },
      "ResponseBody": [
        "\uFEFF\u003C?xml version=\u00221.0\u0022 encoding=\u0022utf-8\u0022?\u003E\u003CError\u003E\u003CCode\u003EInvalidHeaderValue\u003C/Code\u003E\u003CMessage\u003EThe value for one of the HTTP headers is not in the correct format.\n",
        "RequestId:f4a97cfe-b01e-0006-806b-42a4d9000000\n",
        "Time:2024-01-08T19:48:12.3306874Z\u003C/Message\u003E\u003CHeaderName\u003Ex-ms-lease-id\u003C/HeaderName\u003E\u003CHeaderValue\u003Eid\u003C/HeaderValue\u003E\u003C/Error\u003E"
      ]
    }
  ],
  "Variables": {
    "0": "cdcc64f80renewblobleaseerror0f096381a0cd64d3e8e24",
    "1": "cdcc64f81renewblobleaseerror0f091804481b07c92ec34"
  }
}
