{
  "Entries": [
    {
      "RequestUri": "https://REDACTED/78345d250renewblobleaseaca51614907b74d517b64b4ec?restype=container",
      "RequestMethod": "PUT",
      "RequestHeaders": {
        "Accept": "application/xml",
        "Authorization": "Sanitized",
        "Content-Length": "0",
        "Date": "Wed, 11 Oct 2023 20:44:48 GMT",
        "User-Agent": "azsdk-java-azure-storage-blob/12.25.0-beta.1 (17.0.8.1; Windows 11; 10.0)",
        "x-ms-client-request-id": "78deccf3-2697-4e0f-bde8-9bca5e56c63b",
        "x-ms-version": "2023-08-03"
      },
      "RequestBody": null,
      "StatusCode": 201,
      "ResponseHeaders": {
        "Content-Length": "0",
        "Date": "Wed, 11 Oct 2023 20:44:47 GMT",
        "ETag": "\u00220x8DBCA9AE8DE1FCA\u0022",
        "Last-Modified": "Wed, 11 Oct 2023 20:44:48 GMT",
        "Server": [
          "Windows-Azure-Blob/1.0",
          "Microsoft-HTTPAPI/2.0"
        ],
        "x-ms-client-request-id": "78deccf3-2697-4e0f-bde8-9bca5e56c63b",
        "x-ms-request-id": "9f4da21e-301e-009c-4383-fc3ce4000000",
        "x-ms-version": "2023-08-03"
      },
      "ResponseBody": null
    },
    {
      "RequestUri": "https://REDACTED/78345d250renewblobleaseaca51614907b74d517b64b4ec/78345d251renewblobleaseaca51788939dbbdd54986d4b7",
      "RequestMethod": "PUT",
      "RequestHeaders": {
        "Accept": "application/xml",
        "Authorization": "Sanitized",
        "Content-Length": "7",
        "Content-Type": "application/octet-stream",
        "Date": "Wed, 11 Oct 2023 20:44:48 GMT",
        "If-None-Match": "*",
        "User-Agent": "azsdk-java-azure-storage-blob/12.25.0-beta.1 (17.0.8.1; Windows 11; 10.0)",
        "x-ms-blob-type": "BlockBlob",
        "x-ms-client-request-id": "a7197b69-09db-4488-9cf5-b0a21267bf6d",
        "x-ms-version": "2023-08-03"
      },
      "RequestBody": "ZGVmYXVsdA==",
      "StatusCode": 201,
      "ResponseHeaders": {
        "Content-Length": "0",
        "Content-MD5": "wh\u002BWm18D0z1D4E\u002BPE252gg==",
        "Date": "Wed, 11 Oct 2023 20:44:47 GMT",
        "ETag": "\u00220x8DBCA9AE8E33E67\u0022",
        "Last-Modified": "Wed, 11 Oct 2023 20:44:48 GMT",
        "Server": [
          "Windows-Azure-Blob/1.0",
          "Microsoft-HTTPAPI/2.0"
        ],
        "x-ms-client-request-id": "a7197b69-09db-4488-9cf5-b0a21267bf6d",
        "x-ms-content-crc64": "6RYQPwaVsyQ=",
        "x-ms-request-id": "9f4da24b-301e-009c-6d83-fc3ce4000000",
        "x-ms-request-server-encrypted": "true",
        "x-ms-version": "2023-08-03"
      },
      "ResponseBody": null
    },
    {
      "RequestUri": "https://REDACTED/78345d250renewblobleaseaca51614907b74d517b64b4ec/78345d251renewblobleaseaca51788939dbbdd54986d4b7?comp=tags",
      "RequestMethod": "PUT",
      "RequestHeaders": {
        "Accept": "application/xml",
        "Authorization": "Sanitized",
        "Content-Length": "111",
        "Content-Type": "application/xml",
        "Date": "Wed, 11 Oct 2023 20:44:48 GMT",
        "User-Agent": "azsdk-java-azure-storage-blob/12.25.0-beta.1 (17.0.8.1; Windows 11; 10.0)",
        "x-ms-client-request-id": "170bcba3-5856-496e-842f-f556631ea40c",
        "x-ms-version": "2023-08-03"
      },
      "RequestBody": "\u003C?xml version=\u00271.0\u0027 encoding=\u0027UTF-8\u0027?\u003E\u003CTags\u003E\u003CTagSet\u003E\u003CTag\u003E\u003CKey\u003Efoo\u003C/Key\u003E\u003CValue\u003Ebar\u003C/Value\u003E\u003C/Tag\u003E\u003C/TagSet\u003E\u003C/Tags\u003E",
      "StatusCode": 204,
      "ResponseHeaders": {
        "Date": "Wed, 11 Oct 2023 20:44:47 GMT",
        "Server": [
          "Windows-Azure-Blob/1.0",
          "Microsoft-HTTPAPI/2.0"
        ],
        "x-ms-client-request-id": "170bcba3-5856-496e-842f-f556631ea40c",
        "x-ms-request-id": "9f4da27d-301e-009c-1d83-fc3ce4000000",
        "x-ms-version": "2023-08-03"
      },
      "ResponseBody": null
    },
    {
      "RequestUri": "https://REDACTED/78345d250renewblobleaseaca51614907b74d517b64b4ec/78345d251renewblobleaseaca51788939dbbdd54986d4b7?comp=lease",
      "RequestMethod": "PUT",
      "RequestHeaders": {
        "Accept": "application/xml",
        "Authorization": "Sanitized",
        "Content-Length": "0",
        "Date": "Wed, 11 Oct 2023 20:44:48 GMT",
        "User-Agent": "azsdk-java-azure-storage-blob/12.25.0-beta.1 (17.0.8.1; Windows 11; 10.0)",
        "x-ms-client-request-id": "fbdb4c45-118b-477d-a34a-b520df843916",
        "x-ms-lease-action": "acquire",
        "x-ms-lease-duration": "-1",
        "x-ms-proposed-lease-id": "e4ef5aea-ab09-4d7a-ab83-067e2a56a127",
        "x-ms-version": "2023-08-03"
      },
      "RequestBody": null,
      "StatusCode": 201,
      "ResponseHeaders": {
        "Content-Length": "0",
        "Date": "Wed, 11 Oct 2023 20:44:47 GMT",
        "ETag": "\u00220x8DBCA9AE8E33E67\u0022",
        "Last-Modified": "Wed, 11 Oct 2023 20:44:48 GMT",
        "Server": [
          "Windows-Azure-Blob/1.0",
          "Microsoft-HTTPAPI/2.0"
        ],
        "x-ms-client-request-id": "fbdb4c45-118b-477d-a34a-b520df843916",
        "x-ms-lease-id": "e4ef5aea-ab09-4d7a-ab83-067e2a56a127",
        "x-ms-request-id": "9f4da29f-301e-009c-3f83-fc3ce4000000",
        "x-ms-version": "2023-08-03"
      },
      "ResponseBody": null
    },
    {
      "RequestUri": "https://REDACTED/78345d250renewblobleaseaca51614907b74d517b64b4ec/78345d251renewblobleaseaca51788939dbbdd54986d4b7?comp=lease",
      "RequestMethod": "PUT",
      "RequestHeaders": {
        "Accept": "application/xml",
        "Authorization": "Sanitized",
        "Content-Length": "0",
        "Date": "Wed, 11 Oct 2023 20:44:48 GMT",
        "User-Agent": "azsdk-java-azure-storage-blob/12.25.0-beta.1 (17.0.8.1; Windows 11; 10.0)",
        "x-ms-client-request-id": "7445a7aa-7e8d-46de-b9d7-7f9befa40637",
        "x-ms-if-tags": "\u0022foo\u0022 = \u0027bar\u0027",
        "x-ms-lease-action": "renew",
        "x-ms-lease-id": "e4ef5aea-ab09-4d7a-ab83-067e2a56a127",
        "x-ms-version": "2023-08-03"
      },
      "RequestBody": null,
      "StatusCode": 200,
      "ResponseHeaders": {
        "Content-Length": "0",
        "Date": "Wed, 11 Oct 2023 20:44:47 GMT",
        "ETag": "\u00220x8DBCA9AE8E33E67\u0022",
        "Last-Modified": "Wed, 11 Oct 2023 20:44:48 GMT",
        "Server": [
          "Windows-Azure-Blob/1.0",
          "Microsoft-HTTPAPI/2.0"
        ],
        "x-ms-client-request-id": "7445a7aa-7e8d-46de-b9d7-7f9befa40637",
        "x-ms-lease-id": "e4ef5aea-ab09-4d7a-ab83-067e2a56a127",
        "x-ms-request-id": "9f4da2c4-301e-009c-6483-fc3ce4000000",
        "x-ms-version": "2023-08-03"
      },
      "ResponseBody": null
    }
  ],
  "Variables": {
    "0": "78345d250renewblobleaseaca51614907b74d517b64b4ec",
    "1": "78345d251renewblobleaseaca51788939dbbdd54986d4b7"
  }
}
