{
  "Entries": [
    {
      "RequestUri": "https://REDACTED/0d8d2fb20changeblobleasee1855425a3b56146fa814d1?restype=container",
      "RequestMethod": "PUT",
      "RequestHeaders": {
        "Accept": "application/xml",
        "Authorization": "Sanitized",
        "Content-Length": "0",
        "Date": "Wed, 11 Oct 2023 20:44:43 GMT",
        "User-Agent": "azsdk-java-azure-storage-blob/12.25.0-beta.1 (17.0.8.1; Windows 11; 10.0)",
        "x-ms-client-request-id": "b79880f3-7edb-4352-95fa-ffd1b2d8c10d",
        "x-ms-version": "2023-08-03"
      },
      "RequestBody": null,
      "StatusCode": 201,
      "ResponseHeaders": {
        "Content-Length": "0",
        "Date": "Wed, 11 Oct 2023 20:44:42 GMT",
        "ETag": "\u00220x8DBCA9AE5CAB844\u0022",
        "Last-Modified": "Wed, 11 Oct 2023 20:44:43 GMT",
        "Server": [
          "Windows-Azure-Blob/1.0",
          "Microsoft-HTTPAPI/2.0"
        ],
        "x-ms-client-request-id": "b79880f3-7edb-4352-95fa-ffd1b2d8c10d",
        "x-ms-request-id": "53e1476f-a01e-0018-5283-fc4ee5000000",
        "x-ms-version": "2023-08-03"
      },
      "ResponseBody": null
    },
    {
      "RequestUri": "https://REDACTED/0d8d2fb20changeblobleasee1855425a3b56146fa814d1/0d8d2fb21changeblobleasee1832195c04d56e91e2d4cf",
      "RequestMethod": "PUT",
      "RequestHeaders": {
        "Accept": "application/xml",
        "Authorization": "Sanitized",
        "Content-Length": "7",
        "Content-Type": "application/octet-stream",
        "Date": "Wed, 11 Oct 2023 20:44:43 GMT",
        "If-None-Match": "*",
        "User-Agent": "azsdk-java-azure-storage-blob/12.25.0-beta.1 (17.0.8.1; Windows 11; 10.0)",
        "x-ms-blob-type": "BlockBlob",
        "x-ms-client-request-id": "44947da8-0a9f-40a7-a324-e8613e84d4e9",
        "x-ms-version": "2023-08-03"
      },
      "RequestBody": "ZGVmYXVsdA==",
      "StatusCode": 201,
      "ResponseHeaders": {
        "Content-Length": "0",
        "Content-MD5": "wh\u002BWm18D0z1D4E\u002BPE252gg==",
        "Date": "Wed, 11 Oct 2023 20:44:42 GMT",
        "ETag": "\u00220x8DBCA9AE5CF1FAC\u0022",
        "Last-Modified": "Wed, 11 Oct 2023 20:44:43 GMT",
        "Server": [
          "Windows-Azure-Blob/1.0",
          "Microsoft-HTTPAPI/2.0"
        ],
        "x-ms-client-request-id": "44947da8-0a9f-40a7-a324-e8613e84d4e9",
        "x-ms-content-crc64": "6RYQPwaVsyQ=",
        "x-ms-request-id": "53e14787-a01e-0018-6983-fc4ee5000000",
        "x-ms-request-server-encrypted": "true",
        "x-ms-version": "2023-08-03"
      },
      "ResponseBody": null
    },
    {
      "RequestUri": "https://REDACTED/0d8d2fb20changeblobleasee1855425a3b56146fa814d1/0d8d2fb21changeblobleasee1832195c04d56e91e2d4cf?comp=lease",
      "RequestMethod": "PUT",
      "RequestHeaders": {
        "Accept": "application/xml",
        "Authorization": "Sanitized",
        "Content-Length": "0",
        "Date": "Wed, 11 Oct 2023 20:44:43 GMT",
        "User-Agent": "azsdk-java-azure-storage-blob/12.25.0-beta.1 (17.0.8.1; Windows 11; 10.0)",
        "x-ms-client-request-id": "cab278c8-a011-4234-852b-4c97596b5c59",
        "x-ms-lease-action": "acquire",
        "x-ms-lease-duration": "15",
        "x-ms-proposed-lease-id": "9ba27ec8-0722-49ef-8afd-d610d6d7ee7a",
        "x-ms-version": "2023-08-03"
      },
      "RequestBody": null,
      "StatusCode": 201,
      "ResponseHeaders": {
        "Content-Length": "0",
        "Date": "Wed, 11 Oct 2023 20:44:42 GMT",
        "ETag": "\u00220x8DBCA9AE5CF1FAC\u0022",
        "Last-Modified": "Wed, 11 Oct 2023 20:44:43 GMT",
        "Server": [
          "Windows-Azure-Blob/1.0",
          "Microsoft-HTTPAPI/2.0"
        ],
        "x-ms-client-request-id": "cab278c8-a011-4234-852b-4c97596b5c59",
        "x-ms-lease-id": "9ba27ec8-0722-49ef-8afd-d610d6d7ee7a",
        "x-ms-request-id": "197f39a3-d01e-0084-4883-fce383000000",
        "x-ms-version": "2023-08-03"
      },
      "ResponseBody": null
    },
    {
      "RequestUri": "https://REDACTED/0d8d2fb20changeblobleasee1855425a3b56146fa814d1/0d8d2fb21changeblobleasee1832195c04d56e91e2d4cf?comp=lease",
      "RequestMethod": "PUT",
      "RequestHeaders": {
        "Accept": "application/xml",
        "Authorization": "Sanitized",
        "Content-Length": "0",
        "Date": "Wed, 11 Oct 2023 20:44:43 GMT",
        "User-Agent": "azsdk-java-azure-storage-blob/12.25.0-beta.1 (17.0.8.1; Windows 11; 10.0)",
        "x-ms-client-request-id": "347c366b-4e74-46e2-b8b5-26c7eca28913",
        "x-ms-lease-action": "change",
        "x-ms-lease-id": "9ba27ec8-0722-49ef-8afd-d610d6d7ee7a",
        "x-ms-proposed-lease-id": "278ccbcd-114a-4825-99f2-3a9ab4b18e67",
        "x-ms-version": "2023-08-03"
      },
      "RequestBody": null,
      "StatusCode": 200,
      "ResponseHeaders": {
        "Content-Length": "0",
        "Date": "Wed, 11 Oct 2023 20:44:42 GMT",
        "ETag": "\u00220x8DBCA9AE5CF1FAC\u0022",
        "Last-Modified": "Wed, 11 Oct 2023 20:44:43 GMT",
        "Server": [
          "Windows-Azure-Blob/1.0",
          "Microsoft-HTTPAPI/2.0"
        ],
        "x-ms-client-request-id": "347c366b-4e74-46e2-b8b5-26c7eca28913",
        "x-ms-lease-id": "278ccbcd-114a-4825-99f2-3a9ab4b18e67",
        "x-ms-request-id": "197f39bd-d01e-0084-6083-fce383000000",
        "x-ms-version": "2023-08-03"
      },
      "ResponseBody": null
    },
    {
      "RequestUri": "https://REDACTED/0d8d2fb20changeblobleasee1855425a3b56146fa814d1/0d8d2fb21changeblobleasee1832195c04d56e91e2d4cf?comp=lease",
      "RequestMethod": "PUT",
      "RequestHeaders": {
        "Accept": "application/xml",
        "Authorization": "Sanitized",
        "Content-Length": "0",
        "Date": "Wed, 11 Oct 2023 20:44:43 GMT",
        "User-Agent": "azsdk-java-azure-storage-blob/12.25.0-beta.1 (17.0.8.1; Windows 11; 10.0)",
        "x-ms-client-request-id": "9cd41613-513b-4b29-b7e4-433cdf1c5142",
        "x-ms-lease-action": "release",
        "x-ms-lease-id": "278ccbcd-114a-4825-99f2-3a9ab4b18e67",
        "x-ms-version": "2023-08-03"
      },
      "RequestBody": null,
      "StatusCode": 200,
      "ResponseHeaders": {
        "Content-Length": "0",
        "Date": "Wed, 11 Oct 2023 20:44:42 GMT",
        "ETag": "\u00220x8DBCA9AE5CF1FAC\u0022",
        "Last-Modified": "Wed, 11 Oct 2023 20:44:43 GMT",
        "Server": [
          "Windows-Azure-Blob/1.0",
          "Microsoft-HTTPAPI/2.0"
        ],
        "x-ms-client-request-id": "9cd41613-513b-4b29-b7e4-433cdf1c5142",
        "x-ms-request-id": "2f55d3d8-501e-000c-2483-fc068a000000",
        "x-ms-version": "2023-08-03"
      },
      "ResponseBody": null
    }
  ],
  "Variables": {
    "0": "0d8d2fb20changeblobleasee1855425a3b56146fa814d1",
    "1": "0d8d2fb21changeblobleasee1832195c04d56e91e2d4cf",
    "2": "9ba27ec8-0722-49ef-8afd-d610d6d7ee7a",
    "3": "278ccbcd-114a-4825-99f2-3a9ab4b18e67"
  }
}
