{
  "Entries": [
    {
      "RequestUri": "https://REDACTED/a6d59df50releaseblobleaseacfail56829799e223be7d3ca7?restype=container",
      "RequestMethod": "PUT",
      "RequestHeaders": {
        "Accept": "application/xml",
        "Authorization": "Sanitized",
        "Content-Length": "0",
        "Date": "Mon, 11 Dec 2023 23:30:01 GMT",
        "User-Agent": "azsdk-java-azure-storage-blob/12.26.0-beta.1 (17.0.8; Windows 11; 10.0)",
        "x-ms-client-request-id": "d543dee7-0162-42f5-a885-3d860763a631",
        "x-ms-version": "2024-02-04"
      },
      "RequestBody": null,
      "StatusCode": 201,
      "ResponseHeaders": {
        "Content-Length": "0",
        "Date": "Mon, 11 Dec 2023 23:30:05 GMT",
        "ETag": "\u00220x8DBFAA11B23C625\u0022",
        "Last-Modified": "Mon, 11 Dec 2023 23:30:05 GMT",
        "Server": [
          "Windows-Azure-Blob/1.0",
          "Microsoft-HTTPAPI/2.0"
        ],
        "x-ms-client-request-id": "d543dee7-0162-42f5-a885-3d860763a631",
        "x-ms-request-id": "7124d08e-701e-009f-4f89-2cdb64000000",
        "x-ms-version": "2024-02-04"
      },
      "ResponseBody": null
    },
    {
      "RequestUri": "https://REDACTED/a6d59df50releaseblobleaseacfail56829799e223be7d3ca7?restype=container",
      "RequestMethod": "PUT",
      "RequestHeaders": {
        "Accept": "application/xml",
        "Authorization": "Sanitized",
        "Content-Length": "0",
        "Date": "Mon, 11 Dec 2023 23:30:01 GMT",
        "User-Agent": "azsdk-java-azure-storage-blob/12.26.0-beta.1 (17.0.8; Windows 11; 10.0)",
        "x-ms-client-request-id": "bcdb0831-6e39-4a4a-ba87-e95a3c66469c",
        "x-ms-version": "2024-02-04"
      },
      "RequestBody": null,
      "StatusCode": 409,
      "ResponseHeaders": {
        "Content-Length": "230",
        "Content-Type": "application/xml",
        "Date": "Mon, 11 Dec 2023 23:30:05 GMT",
        "Server": [
          "Windows-Azure-Blob/1.0",
          "Microsoft-HTTPAPI/2.0"
        ],
        "x-ms-client-request-id": "bcdb0831-6e39-4a4a-ba87-e95a3c66469c",
        "x-ms-error-code": "ContainerAlreadyExists",
        "x-ms-request-id": "e507ee42-201e-0076-2489-2c1d2e000000",
        "x-ms-version": "2024-02-04"
      },
      "ResponseBody": [
        "\uFEFF\u003C?xml version=\u00221.0\u0022 encoding=\u0022utf-8\u0022?\u003E\u003CError\u003E\u003CCode\u003EContainerAlreadyExists\u003C/Code\u003E\u003CMessage\u003EThe specified container already exists.\n",
        "RequestId:e507ee42-201e-0076-2489-2c1d2e000000\n",
        "Time:2023-12-11T23:30:05.5943005Z\u003C/Message\u003E\u003C/Error\u003E"
      ]
    },
    {
      "RequestUri": "https://REDACTED/a6d59df50releaseblobleaseacfail56829799e223be7d3ca7/a6d59df51releaseblobleaseacfail56866916451dcb1e4857",
      "RequestMethod": "PUT",
      "RequestHeaders": {
        "Accept": "application/xml",
        "Authorization": "Sanitized",
        "Content-Length": "7",
        "Content-Type": "application/octet-stream",
        "Date": "Mon, 11 Dec 2023 23:30:01 GMT",
        "If-None-Match": "*",
        "User-Agent": "azsdk-java-azure-storage-blob/12.26.0-beta.1 (17.0.8; Windows 11; 10.0)",
        "x-ms-blob-type": "BlockBlob",
        "x-ms-client-request-id": "24037716-fec9-47c5-85d7-f628428beaf0",
        "x-ms-version": "2024-02-04"
      },
      "RequestBody": "ZGVmYXVsdA==",
      "StatusCode": 201,
      "ResponseHeaders": {
        "Content-Length": "0",
        "Content-MD5": "wh\u002BWm18D0z1D4E\u002BPE252gg==",
        "Date": "Mon, 11 Dec 2023 23:30:05 GMT",
        "ETag": "\u00220x8DBFAA11B3D3D39\u0022",
        "Last-Modified": "Mon, 11 Dec 2023 23:30:05 GMT",
        "Server": [
          "Windows-Azure-Blob/1.0",
          "Microsoft-HTTPAPI/2.0"
        ],
        "x-ms-client-request-id": "24037716-fec9-47c5-85d7-f628428beaf0",
        "x-ms-content-crc64": "6RYQPwaVsyQ=",
        "x-ms-request-id": "e507eebf-201e-0076-1a89-2c1d2e000000",
        "x-ms-request-server-encrypted": "true",
        "x-ms-version": "2024-02-04"
      },
      "ResponseBody": null
    },
    {
      "RequestUri": "https://REDACTED/a6d59df50releaseblobleaseacfail56829799e223be7d3ca7/a6d59df51releaseblobleaseacfail56866916451dcb1e4857?comp=lease",
      "RequestMethod": "PUT",
      "RequestHeaders": {
        "Accept": "application/xml",
        "Authorization": "Sanitized",
        "Content-Length": "0",
        "Date": "Mon, 11 Dec 2023 23:30:01 GMT",
        "User-Agent": "azsdk-java-azure-storage-blob/12.26.0-beta.1 (17.0.8; Windows 11; 10.0)",
        "x-ms-client-request-id": "81a542e4-7706-4918-814a-60fa47c8c849",
        "x-ms-lease-action": "acquire",
        "x-ms-lease-duration": "-1",
        "x-ms-proposed-lease-id": "388c1672-9193-4a08-be8f-7e00412742fb",
        "x-ms-version": "2024-02-04"
      },
      "RequestBody": null,
      "StatusCode": 201,
      "ResponseHeaders": {
        "Content-Length": "0",
        "Date": "Mon, 11 Dec 2023 23:30:05 GMT",
        "ETag": "\u00220x8DBFAA11B3D3D39\u0022",
        "Last-Modified": "Mon, 11 Dec 2023 23:30:05 GMT",
        "Server": [
          "Windows-Azure-Blob/1.0",
          "Microsoft-HTTPAPI/2.0"
        ],
        "x-ms-client-request-id": "81a542e4-7706-4918-814a-60fa47c8c849",
        "x-ms-lease-id": "388c1672-9193-4a08-be8f-7e00412742fb",
        "x-ms-request-id": "e507ef42-201e-0076-0d89-2c1d2e000000",
        "x-ms-version": "2024-02-04"
      },
      "ResponseBody": null
    },
    {
      "RequestUri": "https://REDACTED/a6d59df50releaseblobleaseacfail56829799e223be7d3ca7/a6d59df51releaseblobleaseacfail56866916451dcb1e4857?comp=lease",
      "RequestMethod": "PUT",
      "RequestHeaders": {
        "Accept": "application/xml",
        "Authorization": "Sanitized",
        "Content-Length": "0",
        "Date": "Mon, 11 Dec 2023 23:30:01 GMT",
        "User-Agent": "azsdk-java-azure-storage-blob/12.26.0-beta.1 (17.0.8; Windows 11; 10.0)",
        "x-ms-client-request-id": "3d31af22-958d-4468-9824-781e05d1e69e",
        "x-ms-if-tags": "\u0022notfoo\u0022 = \u0027notbar\u0027",
        "x-ms-lease-action": "release",
        "x-ms-lease-id": "388c1672-9193-4a08-be8f-7e00412742fb",
        "x-ms-version": "2024-02-04"
      },
      "RequestBody": null,
      "StatusCode": 412,
      "ResponseHeaders": {
        "Content-Length": "252",
        "Content-Type": "application/xml",
        "Date": "Mon, 11 Dec 2023 23:30:05 GMT",
        "Server": [
          "Windows-Azure-Blob/1.0",
          "Microsoft-HTTPAPI/2.0"
        ],
        "x-ms-client-request-id": "3d31af22-958d-4468-9824-781e05d1e69e",
        "x-ms-error-code": "ConditionNotMet",
        "x-ms-request-id": "e507efbc-201e-0076-7d89-2c1d2e000000",
        "x-ms-version": "2024-02-04"
      },
      "ResponseBody": [
        "\uFEFF\u003C?xml version=\u00221.0\u0022 encoding=\u0022utf-8\u0022?\u003E\u003CError\u003E\u003CCode\u003EConditionNotMet\u003C/Code\u003E\u003CMessage\u003EThe condition specified using HTTP conditional header(s) is not met.\n",
        "RequestId:e507efbc-201e-0076-7d89-2c1d2e000000\n",
        "Time:2023-12-11T23:30:05.8531512Z\u003C/Message\u003E\u003C/Error\u003E"
      ]
    }
  ],
  "Variables": {
    "0": "a6d59df50releaseblobleaseacfail56829799e223be7d3ca7",
    "1": "a6d59df51releaseblobleaseacfail56866916451dcb1e4857"
  }
}
