{
  "Entries": [
    {
      "RequestUri": "https://REDACTED/3b0cf8970breakblobleaseac0cc610757164385b22fb4ed?restype=container",
      "RequestMethod": "PUT",
      "RequestHeaders": {
        "Accept": "application/xml",
        "Authorization": "Sanitized",
        "Content-Length": "0",
        "Date": "Wed, 13 Dec 2023 21:52:17 GMT",
        "User-Agent": "azsdk-java-azure-storage-blob/12.26.0-beta.1 (17.0.8; Windows 11; 10.0)",
        "x-ms-client-request-id": "7962743e-be6d-4f09-8ab4-48ca8d3e37e1",
        "x-ms-version": "2024-02-04"
      },
      "RequestBody": null,
      "StatusCode": 201,
      "ResponseHeaders": {
        "Content-Length": "0",
        "Date": "Wed, 13 Dec 2023 21:52:17 GMT",
        "ETag": "\u00220x8DBFC25C6738CE9\u0022",
        "Last-Modified": "Wed, 13 Dec 2023 21:52:17 GMT",
        "Server": [
          "Windows-Azure-Blob/1.0",
          "Microsoft-HTTPAPI/2.0"
        ],
        "x-ms-client-request-id": "7962743e-be6d-4f09-8ab4-48ca8d3e37e1",
        "x-ms-request-id": "a3df4190-c01e-001c-2d0e-2ec506000000",
        "x-ms-version": "2024-02-04"
      },
      "ResponseBody": null
    },
    {
      "RequestUri": "https://REDACTED/3b0cf8970breakblobleaseac0cc610757164385b22fb4ed?restype=container",
      "RequestMethod": "PUT",
      "RequestHeaders": {
        "Accept": "application/xml",
        "Authorization": "Sanitized",
        "Content-Length": "0",
        "Date": "Wed, 13 Dec 2023 21:52:17 GMT",
        "User-Agent": "azsdk-java-azure-storage-blob/12.26.0-beta.1 (17.0.8; Windows 11; 10.0)",
        "x-ms-client-request-id": "d011199b-82ca-44f1-96cb-d22b435288ca",
        "x-ms-version": "2024-02-04"
      },
      "RequestBody": null,
      "StatusCode": 409,
      "ResponseHeaders": {
        "Content-Length": "230",
        "Content-Type": "application/xml",
        "Date": "Wed, 13 Dec 2023 21:52:17 GMT",
        "Server": [
          "Windows-Azure-Blob/1.0",
          "Microsoft-HTTPAPI/2.0"
        ],
        "x-ms-client-request-id": "d011199b-82ca-44f1-96cb-d22b435288ca",
        "x-ms-error-code": "ContainerAlreadyExists",
        "x-ms-request-id": "a3df421b-c01e-001c-290e-2ec506000000",
        "x-ms-version": "2024-02-04"
      },
      "ResponseBody": [
        "\uFEFF\u003C?xml version=\u00221.0\u0022 encoding=\u0022utf-8\u0022?\u003E\u003CError\u003E\u003CCode\u003EContainerAlreadyExists\u003C/Code\u003E\u003CMessage\u003EThe specified container already exists.\n",
        "RequestId:a3df421b-c01e-001c-290e-2ec506000000\n",
        "Time:2023-12-13T21:52:17.7517548Z\u003C/Message\u003E\u003C/Error\u003E"
      ]
    },
    {
      "RequestUri": "https://REDACTED/3b0cf8970breakblobleaseac0cc610757164385b22fb4ed/3b0cf8971breakblobleaseac0cc993689ef573910cb1468",
      "RequestMethod": "PUT",
      "RequestHeaders": {
        "Accept": "application/xml",
        "Authorization": "Sanitized",
        "Content-Length": "7",
        "Content-Type": "application/octet-stream",
        "Date": "Wed, 13 Dec 2023 21:52:17 GMT",
        "If-None-Match": "*",
        "User-Agent": "azsdk-java-azure-storage-blob/12.26.0-beta.1 (17.0.8; Windows 11; 10.0)",
        "x-ms-blob-type": "BlockBlob",
        "x-ms-client-request-id": "299ed4e7-cd0f-407c-a1b0-5e58b611071c",
        "x-ms-version": "2024-02-04"
      },
      "RequestBody": "ZGVmYXVsdA==",
      "StatusCode": 201,
      "ResponseHeaders": {
        "Content-Length": "0",
        "Content-MD5": "wh\u002BWm18D0z1D4E\u002BPE252gg==",
        "Date": "Wed, 13 Dec 2023 21:52:17 GMT",
        "ETag": "\u00220x8DBFC25C6953EDA\u0022",
        "Last-Modified": "Wed, 13 Dec 2023 21:52:17 GMT",
        "Server": [
          "Windows-Azure-Blob/1.0",
          "Microsoft-HTTPAPI/2.0"
        ],
        "x-ms-client-request-id": "299ed4e7-cd0f-407c-a1b0-5e58b611071c",
        "x-ms-content-crc64": "6RYQPwaVsyQ=",
        "x-ms-request-id": "a3df42ca-c01e-001c-450e-2ec506000000",
        "x-ms-request-server-encrypted": "true",
        "x-ms-version": "2024-02-04"
      },
      "ResponseBody": null
    },
    {
      "RequestUri": "https://REDACTED/3b0cf8970breakblobleaseac0cc610757164385b22fb4ed/3b0cf8971breakblobleaseac0cc993689ef573910cb1468?comp=tags",
      "RequestMethod": "PUT",
      "RequestHeaders": {
        "Accept": "application/xml",
        "Authorization": "Sanitized",
        "Content-Length": "111",
        "Content-Type": "application/xml",
        "Date": "Wed, 13 Dec 2023 21:52:17 GMT",
        "User-Agent": "azsdk-java-azure-storage-blob/12.26.0-beta.1 (17.0.8; Windows 11; 10.0)",
        "x-ms-client-request-id": "f9285b95-8aa3-492d-8b2e-50c3665a0385",
        "x-ms-version": "2024-02-04"
      },
      "RequestBody": "\u003C?xml version=\u00271.0\u0027 encoding=\u0027UTF-8\u0027?\u003E\u003CTags\u003E\u003CTagSet\u003E\u003CTag\u003E\u003CKey\u003Efoo\u003C/Key\u003E\u003CValue\u003Ebar\u003C/Value\u003E\u003C/Tag\u003E\u003C/TagSet\u003E\u003C/Tags\u003E",
      "StatusCode": 204,
      "ResponseHeaders": {
        "Date": "Wed, 13 Dec 2023 21:52:17 GMT",
        "Server": [
          "Windows-Azure-Blob/1.0",
          "Microsoft-HTTPAPI/2.0"
        ],
        "x-ms-client-request-id": "f9285b95-8aa3-492d-8b2e-50c3665a0385",
        "x-ms-request-id": "a3df4367-c01e-001c-4e0e-2ec506000000",
        "x-ms-version": "2024-02-04"
      },
      "ResponseBody": null
    },
    {
      "RequestUri": "https://REDACTED/3b0cf8970breakblobleaseac0cc610757164385b22fb4ed/3b0cf8971breakblobleaseac0cc993689ef573910cb1468?comp=lease",
      "RequestMethod": "PUT",
      "RequestHeaders": {
        "Accept": "application/xml",
        "Authorization": "Sanitized",
        "Content-Length": "0",
        "Date": "Wed, 13 Dec 2023 21:52:17 GMT",
        "User-Agent": "azsdk-java-azure-storage-blob/12.26.0-beta.1 (17.0.8; Windows 11; 10.0)",
        "x-ms-client-request-id": "2eff1a70-9b86-4c91-8afd-e8ea01660f4e",
        "x-ms-lease-action": "acquire",
        "x-ms-lease-duration": "-1",
        "x-ms-proposed-lease-id": "b463628b-daa6-4c24-acca-ce4829019d96",
        "x-ms-version": "2024-02-04"
      },
      "RequestBody": null,
      "StatusCode": 201,
      "ResponseHeaders": {
        "Content-Length": "0",
        "Date": "Wed, 13 Dec 2023 21:52:17 GMT",
        "ETag": "\u00220x8DBFC25C6953EDA\u0022",
        "Last-Modified": "Wed, 13 Dec 2023 21:52:17 GMT",
        "Server": [
          "Windows-Azure-Blob/1.0",
          "Microsoft-HTTPAPI/2.0"
        ],
        "x-ms-client-request-id": "2eff1a70-9b86-4c91-8afd-e8ea01660f4e",
        "x-ms-lease-id": "b463628b-daa6-4c24-acca-ce4829019d96",
        "x-ms-request-id": "a3df43e1-c01e-001c-3c0e-2ec506000000",
        "x-ms-version": "2024-02-04"
      },
      "ResponseBody": null
    },
    {
      "RequestUri": "https://REDACTED/3b0cf8970breakblobleaseac0cc610757164385b22fb4ed/3b0cf8971breakblobleaseac0cc993689ef573910cb1468?comp=lease",
      "RequestMethod": "PUT",
      "RequestHeaders": {
        "Accept": "application/xml",
        "Authorization": "Sanitized",
        "Content-Length": "0",
        "Date": "Wed, 13 Dec 2023 21:52:18 GMT",
        "User-Agent": "azsdk-java-azure-storage-blob/12.26.0-beta.1 (17.0.8; Windows 11; 10.0)",
        "x-ms-client-request-id": "91617145-2ae4-4405-8bab-75d1cf6eff74",
        "x-ms-if-tags": "\u0022foo\u0022 = \u0027bar\u0027",
        "x-ms-lease-action": "break",
        "x-ms-version": "2024-02-04"
      },
      "RequestBody": null,
      "StatusCode": 202,
      "ResponseHeaders": {
        "Content-Length": "0",
        "Date": "Wed, 13 Dec 2023 21:52:17 GMT",
        "ETag": "\u00220x8DBFC25C6953EDA\u0022",
        "Last-Modified": "Wed, 13 Dec 2023 21:52:17 GMT",
        "Server": [
          "Windows-Azure-Blob/1.0",
          "Microsoft-HTTPAPI/2.0"
        ],
        "x-ms-client-request-id": "91617145-2ae4-4405-8bab-75d1cf6eff74",
        "x-ms-lease-time": "0",
        "x-ms-request-id": "a3df4468-c01e-001c-320e-2ec506000000",
        "x-ms-version": "2024-02-04"
      },
      "ResponseBody": null
    }
  ],
  "Variables": {
    "0": "3b0cf8970breakblobleaseac0cc610757164385b22fb4ed",
    "1": "3b0cf8971breakblobleaseac0cc993689ef573910cb1468"
  }
}
