{
  "Entries": [
    {
      "RequestUri": "https://REDACTED/e12755220blockblobstageblockfromurlsourceoauth05a61506ff88?restype=container",
      "RequestMethod": "PUT",
      "RequestHeaders": {
        "Accept": "application/xml",
        "Authorization": "Sanitized",
        "Content-Length": "0",
        "Date": "Mon, 11 Dec 2023 19:09:43 GMT",
        "User-Agent": "azsdk-java-azure-storage-blob/12.26.0-beta.1 (17.0.8; Windows 11; 10.0)",
        "x-ms-client-request-id": "22f95bbf-bf5a-453e-9f77-51c72eb7a73f",
        "x-ms-version": "2024-02-04"
      },
      "RequestBody": null,
      "StatusCode": 201,
      "ResponseHeaders": {
        "Content-Length": "0",
        "Date": "Mon, 11 Dec 2023 19:09:46 GMT",
        "ETag": "\u00220x8DBFA7CBDC6AAC2\u0022",
        "Last-Modified": "Mon, 11 Dec 2023 19:09:46 GMT",
        "Server": [
          "Windows-Azure-Blob/1.0",
          "Microsoft-HTTPAPI/2.0"
        ],
        "x-ms-client-request-id": "22f95bbf-bf5a-453e-9f77-51c72eb7a73f",
        "x-ms-request-id": "8f55eac1-801e-007f-4065-2c58fd000000",
        "x-ms-version": "2024-02-04"
      },
      "ResponseBody": null
    },
    {
      "RequestUri": "https://REDACTED/e12755220blockblobstageblockfromurlsourceoauth05a61506ff88?restype=container",
      "RequestMethod": "PUT",
      "RequestHeaders": {
        "Accept": "application/xml",
        "Authorization": "Sanitized",
        "Content-Length": "0",
        "Date": "Mon, 11 Dec 2023 19:09:43 GMT",
        "User-Agent": "azsdk-java-azure-storage-blob/12.26.0-beta.1 (17.0.8; Windows 11; 10.0)",
        "x-ms-client-request-id": "9af4a7f3-aa76-41b4-95ba-6cc52b614e65",
        "x-ms-version": "2024-02-04"
      },
      "RequestBody": null,
      "StatusCode": 409,
      "ResponseHeaders": {
        "Content-Length": "230",
        "Content-Type": "application/xml",
        "Date": "Mon, 11 Dec 2023 19:09:46 GMT",
        "Server": [
          "Windows-Azure-Blob/1.0",
          "Microsoft-HTTPAPI/2.0"
        ],
        "x-ms-client-request-id": "9af4a7f3-aa76-41b4-95ba-6cc52b614e65",
        "x-ms-error-code": "ContainerAlreadyExists",
        "x-ms-request-id": "8f55eb99-801e-007f-0f65-2c58fd000000",
        "x-ms-version": "2024-02-04"
      },
      "ResponseBody": [
        "\uFEFF\u003C?xml version=\u00221.0\u0022 encoding=\u0022utf-8\u0022?\u003E\u003CError\u003E\u003CCode\u003EContainerAlreadyExists\u003C/Code\u003E\u003CMessage\u003EThe specified container already exists.\n",
        "RequestId:8f55eb99-801e-007f-0f65-2c58fd000000\n",
        "Time:2023-12-11T19:09:47.0818981Z\u003C/Message\u003E\u003C/Error\u003E"
      ]
    },
    {
      "RequestUri": "https://REDACTED/e12755220blockblobstageblockfromurlsourceoauth05a61506ff88/e12755221blockblobstageblockfromurlsourceoauth05a234595c60",
      "RequestMethod": "PUT",
      "RequestHeaders": {
        "Accept": "application/xml",
        "Authorization": "Sanitized",
        "Content-Length": "7",
        "Content-Type": "application/octet-stream",
        "Date": "Mon, 11 Dec 2023 19:09:43 GMT",
        "If-None-Match": "*",
        "User-Agent": "azsdk-java-azure-storage-blob/12.26.0-beta.1 (17.0.8; Windows 11; 10.0)",
        "x-ms-blob-type": "BlockBlob",
        "x-ms-client-request-id": "7ecc259d-3b1a-47d9-8456-dcffc6ad294e",
        "x-ms-version": "2024-02-04"
      },
      "RequestBody": "ZGVmYXVsdA==",
      "StatusCode": 201,
      "ResponseHeaders": {
        "Content-Length": "0",
        "Content-MD5": "wh\u002BWm18D0z1D4E\u002BPE252gg==",
        "Date": "Mon, 11 Dec 2023 19:09:46 GMT",
        "ETag": "\u00220x8DBFA7CBDE39E87\u0022",
        "Last-Modified": "Mon, 11 Dec 2023 19:09:47 GMT",
        "Server": [
          "Windows-Azure-Blob/1.0",
          "Microsoft-HTTPAPI/2.0"
        ],
        "x-ms-client-request-id": "7ecc259d-3b1a-47d9-8456-dcffc6ad294e",
        "x-ms-content-crc64": "6RYQPwaVsyQ=",
        "x-ms-request-id": "8f55ec4e-801e-007f-3c65-2c58fd000000",
        "x-ms-request-server-encrypted": "true",
        "x-ms-version": "2024-02-04"
      },
      "ResponseBody": null
    },
    {
      "RequestUri": "https://REDACTED/e12755220blockblobstageblockfromurlsourceoauth05a61506ff88/e12755222blockblobstageblockfromurlsourceoauth05a62417a41e",
      "RequestMethod": "PUT",
      "RequestHeaders": {
        "Accept": "application/xml",
        "Authorization": "Sanitized",
        "Content-Length": "512",
        "Content-Type": "application/octet-stream",
        "Date": "Mon, 11 Dec 2023 19:09:43 GMT",
        "If-None-Match": "*",
        "User-Agent": "azsdk-java-azure-storage-blob/12.26.0-beta.1 (17.0.8; Windows 11; 10.0)",
        "x-ms-blob-type": "BlockBlob",
        "x-ms-client-request-id": "a71d9050-d30a-4263-93c6-febd4050f470",
        "x-ms-version": "2024-02-04"
      },
      "RequestBody": "4xok0vtHwam0vvutK90cRRbdo2n1yCLq1NTtyAC9a\u002BmBmftX6pIzDdN2bwGtpc7wGtUQQ/h\u002BRSRKQVkeXlxQeXRSyeyLtnCMpE\u002B9edukzZZ4BAxoBcL4L/PPRVvFqnrlVfjRWptdoR4AgMgFHzt/erRqB0p9OIG5pGfsJBCSXhYwfEz7OQIfZ1VkwKfmwOd8BTmoZWFqhxoDWvbrXvC35gboNxxq9tChJB1ghCIDKOHU1A9w19FsiA1qiEmSXBOnTAkiCJb88Z2EfRPGxs99D0GqUmKpewLFkiI4R9P6\u002Bupr6yiPCHDAVZxJW81Okhnens4GrcU3Qwa0fOUGDmE5Cj4iwc9x/do/LMUKOTQAW7/xchRxvlnz\u002B2zWsiRvi\u002BTcl\u002BQKhWXrS40FkjhKfNVG1XYmMlZJCUgUBTmVeuzgIp259r9P3PKEJYze/AgpoUdSG\u002Bm2esEi\u002BGKf7zaiukfchd9kBEazp81XO\u002BRWWMWhi78DDqwDpKdY2K1tJq/VScm5tA2klSlx5ucgttPY3bGRuQTuSAcUv2bId4WLIH1Jkjra/IYrYhLiUV1f0BKDRLdzKWpC51dG4RuZ7tz2s8XwO2OVZiLnwnffplFx4stx2dswPpizWPHT54IcUC/BrgTrW4wNMiTXT2/GI6mIThNbhwwjytkj\u002BzWS9mT9o6/KT9Y=",
      "StatusCode": 201,
      "ResponseHeaders": {
        "Content-Length": "0",
        "Content-MD5": "/KyoJ6hfjBLqx8uCgqlujg==",
        "Date": "Mon, 11 Dec 2023 19:09:47 GMT",
        "ETag": "\u00220x8DBFA7CBDF5763E\u0022",
        "Last-Modified": "Mon, 11 Dec 2023 19:09:47 GMT",
        "Server": [
          "Windows-Azure-Blob/1.0",
          "Microsoft-HTTPAPI/2.0"
        ],
        "x-ms-client-request-id": "a71d9050-d30a-4263-93c6-febd4050f470",
        "x-ms-content-crc64": "o8A5p6Ylb84=",
        "x-ms-request-id": "8f55ed08-801e-007f-7265-2c58fd000000",
        "x-ms-request-server-encrypted": "true",
        "x-ms-version": "2024-02-04"
      },
      "ResponseBody": null
    },
    {
      "RequestUri": "https://REDACTED/e12755220blockblobstageblockfromurlsourceoauth05a61506ff88/e12755223blockblobstageblockfromurlsourceoauth05a581265f87",
      "RequestMethod": "PUT",
      "RequestHeaders": {
        "Accept": "application/xml",
        "Authorization": "Sanitized",
        "Content-Length": "0",
        "Date": "Mon, 11 Dec 2023 19:09:43 GMT",
        "If-None-Match": "*",
        "User-Agent": "azsdk-java-azure-storage-blob/12.26.0-beta.1 (17.0.8; Windows 11; 10.0)",
        "x-ms-blob-type": "AppendBlob",
        "x-ms-client-request-id": "47e1468b-d33b-4f42-b090-e97a42dd6948",
        "x-ms-version": "2024-02-04"
      },
      "RequestBody": null,
      "StatusCode": 201,
      "ResponseHeaders": {
        "Content-Length": "0",
        "Date": "Mon, 11 Dec 2023 19:09:47 GMT",
        "ETag": "\u00220x8DBFA7CBE04DD54\u0022",
        "Last-Modified": "Mon, 11 Dec 2023 19:09:47 GMT",
        "Server": [
          "Windows-Azure-Blob/1.0",
          "Microsoft-HTTPAPI/2.0"
        ],
        "x-ms-client-request-id": "47e1468b-d33b-4f42-b090-e97a42dd6948",
        "x-ms-request-id": "8f55edfa-801e-007f-5e65-2c58fd000000",
        "x-ms-request-server-encrypted": "true",
        "x-ms-version": "2024-02-04"
      },
      "ResponseBody": null
    },
    {
      "RequestUri": "https://REDACTED/e12755220blockblobstageblockfromurlsourceoauth05a61506ff88/e12755225blockblobstageblockfromurlsourceoauth05a57874a3ac",
      "RequestMethod": "PUT",
      "RequestHeaders": {
        "Accept": "application/xml",
        "Authorization": "Sanitized",
        "Content-Length": "0",
        "Date": "Mon, 11 Dec 2023 19:09:43 GMT",
        "If-None-Match": "*",
        "User-Agent": "azsdk-java-azure-storage-blob/12.26.0-beta.1 (17.0.8; Windows 11; 10.0)",
        "x-ms-blob-content-length": "512",
        "x-ms-blob-type": "PageBlob",
        "x-ms-client-request-id": "aa358bcb-8167-4a6d-95bf-ae969ed8f130",
        "x-ms-version": "2024-02-04"
      },
      "RequestBody": null,
      "StatusCode": 201,
      "ResponseHeaders": {
        "Content-Length": "0",
        "Date": "Mon, 11 Dec 2023 19:09:47 GMT",
        "ETag": "\u00220x8DBFA7CBE13813E\u0022",
        "Last-Modified": "Mon, 11 Dec 2023 19:09:47 GMT",
        "Server": [
          "Windows-Azure-Blob/1.0",
          "Microsoft-HTTPAPI/2.0"
        ],
        "x-ms-client-request-id": "aa358bcb-8167-4a6d-95bf-ae969ed8f130",
        "x-ms-request-id": "8f55eec4-801e-007f-2065-2c58fd000000",
        "x-ms-request-server-encrypted": "true",
        "x-ms-version": "2024-02-04"
      },
      "ResponseBody": null
    },
    {
      "RequestUri": "https://REDACTED/e12755220blockblobstageblockfromurlsourceoauth05a61506ff88/e12755224blockblobstageblockfromurlsourceoauth05a506391312?comp=block\u0026blockid=bXlCbG9ja0lk",
      "RequestMethod": "PUT",
      "RequestHeaders": {
        "Accept": "application/xml",
        "Authorization": "Sanitized",
        "Content-Length": "0",
        "Date": "Mon, 11 Dec 2023 19:09:44 GMT",
        "User-Agent": "azsdk-java-azure-storage-blob/12.26.0-beta.1 (17.0.8; Windows 11; 10.0)",
        "x-ms-client-request-id": "a13a7e61-b89d-46c6-a0d8-8521107f5674",
        "x-ms-copy-source": "https://REDACTED/e12755220blockblobstageblockfromurlsourceoauth05a61506ff88/e12755221blockblobstageblockfromurlsourceoauth05a234595c60",
        "x-ms-copy-source-authorization": "REDACTED",
        "x-ms-version": "2024-02-04"
      },
      "RequestBody": null,
      "StatusCode": 201,
      "ResponseHeaders": {
        "Content-Length": "0",
        "Date": "Mon, 11 Dec 2023 19:09:47 GMT",
        "Server": [
          "Windows-Azure-Blob/1.0",
          "Microsoft-HTTPAPI/2.0"
        ],
        "x-ms-client-request-id": "a13a7e61-b89d-46c6-a0d8-8521107f5674",
        "x-ms-content-crc64": "6RYQPwaVsyQ=",
        "x-ms-request-id": "8f55f141-801e-007f-0665-2c58fd000000",
        "x-ms-request-server-encrypted": "true",
        "x-ms-version": "2024-02-04"
      },
      "ResponseBody": null
    },
    {
      "RequestUri": "https://REDACTED/e12755220blockblobstageblockfromurlsourceoauth05a61506ff88/e12755224blockblobstageblockfromurlsourceoauth05a506391312?comp=blocklist",
      "RequestMethod": "PUT",
      "RequestHeaders": {
        "Accept": "application/xml",
        "Authorization": "Sanitized",
        "Content-Length": "90",
        "Content-Type": "application/xml",
        "Date": "Mon, 11 Dec 2023 19:09:44 GMT",
        "User-Agent": "azsdk-java-azure-storage-blob/12.26.0-beta.1 (17.0.8; Windows 11; 10.0)",
        "x-ms-client-request-id": "4f6a2dcc-cf6f-42a2-b159-4382f87d9a57",
        "x-ms-version": "2024-02-04"
      },
      "RequestBody": "\u003C?xml version=\u00271.0\u0027 encoding=\u0027UTF-8\u0027?\u003E\u003CBlockList\u003E\u003CLatest\u003EbXlCbG9ja0lk\u003C/Latest\u003E\u003C/BlockList\u003E",
      "StatusCode": 201,
      "ResponseHeaders": {
        "Content-Length": "0",
        "Date": "Mon, 11 Dec 2023 19:09:47 GMT",
        "ETag": "\u00220x8DBFA7CBE578537\u0022",
        "Last-Modified": "Mon, 11 Dec 2023 19:09:47 GMT",
        "Server": [
          "Windows-Azure-Blob/1.0",
          "Microsoft-HTTPAPI/2.0"
        ],
        "x-ms-client-request-id": "4f6a2dcc-cf6f-42a2-b159-4382f87d9a57",
        "x-ms-content-crc64": "fKtpiKv5WT4=",
        "x-ms-request-id": "8f55f2a2-801e-007f-5165-2c58fd000000",
        "x-ms-request-server-encrypted": "true",
        "x-ms-version": "2024-02-04"
      },
      "ResponseBody": null
    },
    {
      "RequestUri": "https://REDACTED/e12755220blockblobstageblockfromurlsourceoauth05a61506ff88/e12755224blockblobstageblockfromurlsourceoauth05a506391312",
      "RequestMethod": "GET",
      "RequestHeaders": {
        "Accept": "application/xml",
        "Authorization": "Sanitized",
        "Content-Length": "0",
        "Date": "Mon, 11 Dec 2023 19:09:44 GMT",
        "User-Agent": "azsdk-java-azure-storage-blob/12.26.0-beta.1 (17.0.8; Windows 11; 10.0)",
        "x-ms-client-request-id": "2cd35559-e13a-4ea6-8750-47de4af998da",
        "x-ms-version": "2024-02-04"
      },
      "RequestBody": null,
      "StatusCode": 200,
      "ResponseHeaders": {
        "Accept-Ranges": "bytes",
        "Content-Length": "7",
        "Content-Type": "application/octet-stream",
        "Date": "Mon, 11 Dec 2023 19:09:47 GMT",
        "ETag": "\u00220x8DBFA7CBE578537\u0022",
        "Last-Modified": "Mon, 11 Dec 2023 19:09:47 GMT",
        "Server": [
          "Windows-Azure-Blob/1.0",
          "Microsoft-HTTPAPI/2.0"
        ],
        "Vary": "Origin",
        "x-ms-blob-type": "BlockBlob",
        "x-ms-client-request-id": "2cd35559-e13a-4ea6-8750-47de4af998da",
        "x-ms-creation-time": "Mon, 11 Dec 2023 19:09:47 GMT",
        "x-ms-lease-state": "available",
        "x-ms-lease-status": "unlocked",
        "x-ms-request-id": "8f55f390-801e-007f-3365-2c58fd000000",
        "x-ms-server-encrypted": "true",
        "x-ms-version": "2024-02-04"
      },
      "ResponseBody": "ZGVmYXVsdA=="
    }
  ],
  "Variables": {
    "0": "e12755220blockblobstageblockfromurlsourceoauth05a61506ff88",
    "1": "e12755221blockblobstageblockfromurlsourceoauth05a234595c60",
    "2": "e12755222blockblobstageblockfromurlsourceoauth05a62417a41e",
    "3": "a05d6f8f-fc78-48fd-9343-5326d7a12004",
    "4": "e12755223blockblobstageblockfromurlsourceoauth05a581265f87",
    "5": "e12755224blockblobstageblockfromurlsourceoauth05a506391312",
    "6": "e12755225blockblobstageblockfromurlsourceoauth05a57874a3ac"
  }
}
