{
  "Entries": [
    {
      "RequestUri": "https://REDACTED/64a0494a0listpagesrangesac70b70116137d27ed13524f?restype=container",
      "RequestMethod": "PUT",
      "RequestHeaders": {
        "Accept": "application/xml",
        "Authorization": "Sanitized",
        "Content-Length": "0",
        "Date": "Thu, 12 Oct 2023 13:50:21 GMT",
        "User-Agent": "azsdk-java-azure-storage-blob/12.25.0-beta.1 (17.0.8.1; Windows 11; 10.0)",
        "x-ms-client-request-id": "affcc2cb-de9a-4e99-9ffc-5e9d0dadcd7e",
        "x-ms-version": "2023-08-03"
      },
      "RequestBody": null,
      "StatusCode": 201,
      "ResponseHeaders": {
        "Content-Length": "0",
        "Date": "Thu, 12 Oct 2023 13:50:20 GMT",
        "ETag": "\u00220x8DBCB2A2D90107E\u0022",
        "Last-Modified": "Thu, 12 Oct 2023 13:50:21 GMT",
        "Server": [
          "Windows-Azure-Blob/1.0",
          "Microsoft-HTTPAPI/2.0"
        ],
        "x-ms-client-request-id": "affcc2cb-de9a-4e99-9ffc-5e9d0dadcd7e",
        "x-ms-request-id": "3f63044e-701e-0031-5613-fd2ba2000000",
        "x-ms-version": "2023-08-03"
      },
      "ResponseBody": null
    },
    {
      "RequestUri": "https://REDACTED/64a0494a0listpagesrangesac70b70116137d27ed13524f/64a0494a1listpagesrangesac70b52684d7fa4d47b27b4e",
      "RequestMethod": "PUT",
      "RequestHeaders": {
        "Accept": "application/xml",
        "Authorization": "Sanitized",
        "Content-Length": "0",
        "Date": "Thu, 12 Oct 2023 13:50:21 GMT",
        "If-None-Match": "*",
        "User-Agent": "azsdk-java-azure-storage-blob/12.25.0-beta.1 (17.0.8.1; Windows 11; 10.0)",
        "x-ms-blob-content-length": "512",
        "x-ms-blob-type": "PageBlob",
        "x-ms-client-request-id": "7cb474e7-ea19-4c27-b108-880150350206",
        "x-ms-version": "2023-08-03"
      },
      "RequestBody": null,
      "StatusCode": 201,
      "ResponseHeaders": {
        "Content-Length": "0",
        "Date": "Thu, 12 Oct 2023 13:50:20 GMT",
        "ETag": "\u00220x8DBCB2A2D9370E8\u0022",
        "Last-Modified": "Thu, 12 Oct 2023 13:50:21 GMT",
        "Server": [
          "Windows-Azure-Blob/1.0",
          "Microsoft-HTTPAPI/2.0"
        ],
        "x-ms-client-request-id": "7cb474e7-ea19-4c27-b108-880150350206",
        "x-ms-request-id": "343f70d9-e01e-0041-3b13-fd9255000000",
        "x-ms-request-server-encrypted": "true",
        "x-ms-version": "2023-08-03"
      },
      "ResponseBody": null
    },
    {
      "RequestUri": "https://REDACTED/64a0494a0listpagesrangesac70b70116137d27ed13524f/64a0494a1listpagesrangesac70b52684d7fa4d47b27b4e?comp=tags",
      "RequestMethod": "PUT",
      "RequestHeaders": {
        "Accept": "application/xml",
        "Authorization": "Sanitized",
        "Content-Length": "111",
        "Content-Type": "application/xml",
        "Date": "Thu, 12 Oct 2023 13:50:21 GMT",
        "User-Agent": "azsdk-java-azure-storage-blob/12.25.0-beta.1 (17.0.8.1; Windows 11; 10.0)",
        "x-ms-client-request-id": "6465431c-d445-456a-8bb2-621cd2d23477",
        "x-ms-version": "2023-08-03"
      },
      "RequestBody": "\u003C?xml version=\u00271.0\u0027 encoding=\u0027UTF-8\u0027?\u003E\u003CTags\u003E\u003CTagSet\u003E\u003CTag\u003E\u003CKey\u003Efoo\u003C/Key\u003E\u003CValue\u003Ebar\u003C/Value\u003E\u003C/Tag\u003E\u003C/TagSet\u003E\u003C/Tags\u003E",
      "StatusCode": 204,
      "ResponseHeaders": {
        "Date": "Thu, 12 Oct 2023 13:50:21 GMT",
        "Server": [
          "Windows-Azure-Blob/1.0",
          "Microsoft-HTTPAPI/2.0"
        ],
        "x-ms-client-request-id": "6465431c-d445-456a-8bb2-621cd2d23477",
        "x-ms-request-id": "35c28dad-a01e-0022-0313-fd0fae000000",
        "x-ms-version": "2023-08-03"
      },
      "ResponseBody": null
    },
    {
      "RequestUri": "https://REDACTED/64a0494a0listpagesrangesac70b70116137d27ed13524f/64a0494a1listpagesrangesac70b52684d7fa4d47b27b4e?comp=lease",
      "RequestMethod": "PUT",
      "RequestHeaders": {
        "Accept": "application/xml",
        "Authorization": "Sanitized",
        "Content-Length": "0",
        "Date": "Thu, 12 Oct 2023 13:50:21 GMT",
        "User-Agent": "azsdk-java-azure-storage-blob/12.25.0-beta.1 (17.0.8.1; Windows 11; 10.0)",
        "x-ms-client-request-id": "4d2f8300-7902-4f10-8b40-0897e1fdec38",
        "x-ms-lease-action": "acquire",
        "x-ms-lease-duration": "-1",
        "x-ms-proposed-lease-id": "f5137130-3cc8-47bf-b6d0-f14ee06a2fcd",
        "x-ms-version": "2023-08-03"
      },
      "RequestBody": null,
      "StatusCode": 201,
      "ResponseHeaders": {
        "Content-Length": "0",
        "Date": "Thu, 12 Oct 2023 13:50:21 GMT",
        "ETag": "\u00220x8DBCB2A2D9370E8\u0022",
        "Last-Modified": "Thu, 12 Oct 2023 13:50:21 GMT",
        "Server": [
          "Windows-Azure-Blob/1.0",
          "Microsoft-HTTPAPI/2.0"
        ],
        "x-ms-client-request-id": "4d2f8300-7902-4f10-8b40-0897e1fdec38",
        "x-ms-lease-id": "f5137130-3cc8-47bf-b6d0-f14ee06a2fcd",
        "x-ms-request-id": "35c28dcb-a01e-0022-1e13-fd0fae000000",
        "x-ms-version": "2023-08-03"
      },
      "ResponseBody": null
    }
  ],
  "Variables": {
    "0": "64a0494a0listpagesrangesac70b70116137d27ed13524f",
    "1": "64a0494a1listpagesrangesac70b52684d7fa4d47b27b4e"
  }
}
