{
  "Entries": [
    {
      "RequestUri": "https://REDACTED/2e49d6120getpagerangesdiffac09434370973c5ecf84454?restype=container",
      "RequestMethod": "PUT",
      "RequestHeaders": {
        "Accept": "application/xml",
        "Authorization": "Sanitized",
        "Content-Length": "0",
        "Date": "Thu, 12 Oct 2023 17:26:42 GMT",
        "User-Agent": "azsdk-java-azure-storage-blob/12.25.0-beta.1 (17.0.8.1; Windows 11; 10.0)",
        "x-ms-client-request-id": "6aab5f93-a7aa-4a91-a7f9-7b3311b7087f",
        "x-ms-version": "2023-08-03"
      },
      "RequestBody": null,
      "StatusCode": 201,
      "ResponseHeaders": {
        "Content-Length": "0",
        "Date": "Thu, 12 Oct 2023 17:26:42 GMT",
        "ETag": "\u00220x8DBCB48669318C8\u0022",
        "Last-Modified": "Thu, 12 Oct 2023 17:26:42 GMT",
        "Server": [
          "Windows-Azure-Blob/1.0",
          "Microsoft-HTTPAPI/2.0"
        ],
        "x-ms-client-request-id": "6aab5f93-a7aa-4a91-a7f9-7b3311b7087f",
        "x-ms-request-id": "99bc4c06-c01e-0034-7331-fdf979000000",
        "x-ms-version": "2023-08-03"
      },
      "ResponseBody": null
    },
    {
      "RequestUri": "https://REDACTED/2e49d6120getpagerangesdiffac09434370973c5ecf84454/2e49d6121getpagerangesdiffac09481881d6d6dff69f4c4",
      "RequestMethod": "PUT",
      "RequestHeaders": {
        "Accept": "application/xml",
        "Authorization": "Sanitized",
        "Content-Length": "0",
        "Date": "Thu, 12 Oct 2023 17:26:42 GMT",
        "If-None-Match": "*",
        "User-Agent": "azsdk-java-azure-storage-blob/12.25.0-beta.1 (17.0.8.1; Windows 11; 10.0)",
        "x-ms-blob-content-length": "512",
        "x-ms-blob-type": "PageBlob",
        "x-ms-client-request-id": "c523f03c-3734-49d0-90ea-e02e5aa8495b",
        "x-ms-version": "2023-08-03"
      },
      "RequestBody": null,
      "StatusCode": 201,
      "ResponseHeaders": {
        "Content-Length": "0",
        "Date": "Thu, 12 Oct 2023 17:26:42 GMT",
        "ETag": "\u00220x8DBCB486699A738\u0022",
        "Last-Modified": "Thu, 12 Oct 2023 17:26:42 GMT",
        "Server": [
          "Windows-Azure-Blob/1.0",
          "Microsoft-HTTPAPI/2.0"
        ],
        "x-ms-client-request-id": "c523f03c-3734-49d0-90ea-e02e5aa8495b",
        "x-ms-request-id": "99bc4c49-c01e-0034-3231-fdf979000000",
        "x-ms-request-server-encrypted": "true",
        "x-ms-version": "2023-08-03"
      },
      "ResponseBody": null
    },
    {
      "RequestUri": "https://REDACTED/2e49d6120getpagerangesdiffac09434370973c5ecf84454/2e49d6121getpagerangesdiffac09481881d6d6dff69f4c4?comp=tags",
      "RequestMethod": "PUT",
      "RequestHeaders": {
        "Accept": "application/xml",
        "Authorization": "Sanitized",
        "Content-Length": "111",
        "Content-Type": "application/xml",
        "Date": "Thu, 12 Oct 2023 17:26:42 GMT",
        "User-Agent": "azsdk-java-azure-storage-blob/12.25.0-beta.1 (17.0.8.1; Windows 11; 10.0)",
        "x-ms-client-request-id": "d16a1cff-0e9e-4907-8cd4-3f3399b800e9",
        "x-ms-version": "2023-08-03"
      },
      "RequestBody": "\u003C?xml version=\u00271.0\u0027 encoding=\u0027UTF-8\u0027?\u003E\u003CTags\u003E\u003CTagSet\u003E\u003CTag\u003E\u003CKey\u003Efoo\u003C/Key\u003E\u003CValue\u003Ebar\u003C/Value\u003E\u003C/Tag\u003E\u003C/TagSet\u003E\u003C/Tags\u003E",
      "StatusCode": 204,
      "ResponseHeaders": {
        "Date": "Thu, 12 Oct 2023 17:26:42 GMT",
        "Server": [
          "Windows-Azure-Blob/1.0",
          "Microsoft-HTTPAPI/2.0"
        ],
        "x-ms-client-request-id": "d16a1cff-0e9e-4907-8cd4-3f3399b800e9",
        "x-ms-request-id": "99bc4c6e-c01e-0034-5531-fdf979000000",
        "x-ms-version": "2023-08-03"
      },
      "ResponseBody": null
    },
    {
      "RequestUri": "https://REDACTED/2e49d6120getpagerangesdiffac09434370973c5ecf84454/2e49d6121getpagerangesdiffac09481881d6d6dff69f4c4?comp=snapshot",
      "RequestMethod": "PUT",
      "RequestHeaders": {
        "Accept": "application/xml",
        "Authorization": "Sanitized",
        "Content-Length": "0",
        "Date": "Thu, 12 Oct 2023 17:26:42 GMT",
        "User-Agent": "azsdk-java-azure-storage-blob/12.25.0-beta.1 (17.0.8.1; Windows 11; 10.0)",
        "x-ms-client-request-id": "4c5e6f22-d5dd-4ecc-ad86-bab4e171fe9a",
        "x-ms-version": "2023-08-03"
      },
      "RequestBody": null,
      "StatusCode": 201,
      "ResponseHeaders": {
        "Content-Length": "0",
        "Date": "Thu, 12 Oct 2023 17:26:41 GMT",
        "ETag": "\u00220x8DBCB486699A738\u0022",
        "Last-Modified": "Thu, 12 Oct 2023 17:26:42 GMT",
        "Server": [
          "Windows-Azure-Blob/1.0",
          "Microsoft-HTTPAPI/2.0"
        ],
        "x-ms-client-request-id": "4c5e6f22-d5dd-4ecc-ad86-bab4e171fe9a",
        "x-ms-request-id": "7f88b91c-701e-001e-4631-fd2669000000",
        "x-ms-request-server-encrypted": "false",
        "x-ms-snapshot": "2023-10-12T17:26:42.3916031Z",
        "x-ms-version": "2023-08-03"
      },
      "ResponseBody": null
    },
    {
      "RequestUri": "https://REDACTED/2e49d6120getpagerangesdiffac09434370973c5ecf84454/2e49d6121getpagerangesdiffac09481881d6d6dff69f4c4?comp=pagelist\u0026prevsnapshot=2023-10-12T17%3A26%3A42.3916031Z",
      "RequestMethod": "GET",
      "RequestHeaders": {
        "Accept": "application/xml",
        "Authorization": "Sanitized",
        "Content-Length": "0",
        "Date": "Thu, 12 Oct 2023 17:26:42 GMT",
        "If-None-Match": "garbage",
        "User-Agent": "azsdk-java-azure-storage-blob/12.25.0-beta.1 (17.0.8.1; Windows 11; 10.0)",
        "x-ms-client-request-id": "d8710e83-13ba-4aae-8d03-91869c0015a8",
        "x-ms-range": "bytes=0-511",
        "x-ms-version": "2023-08-03"
      },
      "RequestBody": null,
      "StatusCode": 200,
      "ResponseHeaders": {
        "Access-Control-Allow-Origin": "*",
        "Access-Control-Expose-Headers": "x-ms-client-request-id",
        "Content-Type": "application/xml",
        "Date": "Thu, 12 Oct 2023 17:26:41 GMT",
        "ETag": "\u00220x8DBCB486699A738\u0022",
        "Last-Modified": "Thu, 12 Oct 2023 17:26:42 GMT",
        "Server": [
          "Windows-Azure-Blob/1.0",
          "Microsoft-HTTPAPI/2.0"
        ],
        "Transfer-Encoding": "chunked",
        "x-ms-blob-content-length": "512",
        "x-ms-client-request-id": "d8710e83-13ba-4aae-8d03-91869c0015a8",
        "x-ms-request-id": "7f88b93b-701e-001e-6131-fd2669000000",
        "x-ms-version": "2023-08-03"
      },
      "ResponseBody": [
        "\uFEFF\u003C?xml version=\u00221.0\u0022 encoding=\u0022utf-8\u0022?\u003E\n",
        "\u003CPageList/\u003E"
      ]
    }
  ],
  "Variables": {
    "0": "2e49d6120getpagerangesdiffac09434370973c5ecf84454",
    "1": "2e49d6121getpagerangesdiffac09481881d6d6dff69f4c4"
  }
}
