{
  "Entries": [
    {
      "RequestUri": "https://REDACTED/ecb7d9c80uploadpageacc9f4747701406c3fc5794d4bb?restype=container",
      "RequestMethod": "PUT",
      "RequestHeaders": {
        "Accept": "application/xml",
        "Authorization": "Sanitized",
        "Content-Length": "0",
        "Date": "Tue, 03 Oct 2023 20:52:16 GMT",
        "User-Agent": "azsdk-java-azure-storage-blob/12.25.0-beta.1 (11.0.16.1; Windows 11; 10.0)",
        "x-ms-client-request-id": "fe7a522d-17b5-49c5-98e4-f8da9b706327",
        "x-ms-version": "2023-08-03"
      },
      "RequestBody": null,
      "StatusCode": 201,
      "ResponseHeaders": {
        "Content-Length": "0",
        "Date": "Tue, 03 Oct 2023 20:52:16 GMT",
        "ETag": "\u00220x8DBC452A0DB73D6\u0022",
        "Last-Modified": "Tue, 03 Oct 2023 20:52:16 GMT",
        "Server": [
          "Windows-Azure-Blob/1.0",
          "Microsoft-HTTPAPI/2.0"
        ],
        "x-ms-client-request-id": "fe7a522d-17b5-49c5-98e4-f8da9b706327",
        "x-ms-request-id": "8235a28c-701e-000b-763b-f66ae9000000",
        "x-ms-version": "2023-08-03"
      },
      "ResponseBody": null
    },
    {
      "RequestUri": "https://REDACTED/ecb7d9c80uploadpageacc9f4747701406c3fc5794d4bb/ecb7d9c81uploadpageacc9f09307e6e26bef19f841f69",
      "RequestMethod": "PUT",
      "RequestHeaders": {
        "Accept": "application/xml",
        "Authorization": "Sanitized",
        "Content-Length": "0",
        "Date": "Tue, 03 Oct 2023 20:52:16 GMT",
        "If-None-Match": "*",
        "User-Agent": "azsdk-java-azure-storage-blob/12.25.0-beta.1 (11.0.16.1; Windows 11; 10.0)",
        "x-ms-blob-content-length": "512",
        "x-ms-blob-type": "PageBlob",
        "x-ms-client-request-id": "64ee378e-1036-4c68-a20a-8229f4d4cb44",
        "x-ms-version": "2023-08-03"
      },
      "RequestBody": null,
      "StatusCode": 201,
      "ResponseHeaders": {
        "Content-Length": "0",
        "Date": "Tue, 03 Oct 2023 20:52:16 GMT",
        "ETag": "\u00220x8DBC452A0EB5A13\u0022",
        "Last-Modified": "Tue, 03 Oct 2023 20:52:16 GMT",
        "Server": [
          "Windows-Azure-Blob/1.0",
          "Microsoft-HTTPAPI/2.0"
        ],
        "x-ms-client-request-id": "64ee378e-1036-4c68-a20a-8229f4d4cb44",
        "x-ms-request-id": "820ed36c-901e-0085-603b-f6bc5f000000",
        "x-ms-request-server-encrypted": "true",
        "x-ms-version": "2023-08-03",
        "x-ms-version-id": "2023-10-03T20:52:16.9198099Z"
      },
      "ResponseBody": null
    },
    {
      "RequestUri": "https://REDACTED/ecb7d9c80uploadpageacc9f4747701406c3fc5794d4bb/ecb7d9c81uploadpageacc9f09307e6e26bef19f841f69?comp=tags",
      "RequestMethod": "PUT",
      "RequestHeaders": {
        "Accept": "application/xml",
        "Authorization": "Sanitized",
        "Content-Length": "116",
        "Content-Type": "application/xml",
        "Date": "Tue, 03 Oct 2023 20:52:16 GMT",
        "User-Agent": "azsdk-java-azure-storage-blob/12.25.0-beta.1 (11.0.16.1; Windows 11; 10.0)",
        "x-ms-client-request-id": "e4c1cff3-3eef-4666-a3a6-9ce16a758d9c",
        "x-ms-version": "2023-08-03"
      },
      "RequestBody": "\u003C?xml version=\u00271.0\u0027 encoding=\u0027UTF-8\u0027?\u003E\u003CTags\u003E\u003CTagSet\u003E\u003CTag\u003E\u003CKey\u003Efoo\u003C/Key\u003E\u003CValue\u003EREDACTED\u003C/Value\u003E\u003C/Tag\u003E\u003C/TagSet\u003E\u003C/Tags\u003E",
      "StatusCode": 204,
      "ResponseHeaders": {
        "Date": "Tue, 03 Oct 2023 20:52:16 GMT",
        "Server": [
          "Windows-Azure-Blob/1.0",
          "Microsoft-HTTPAPI/2.0"
        ],
        "x-ms-client-request-id": "e4c1cff3-3eef-4666-a3a6-9ce16a758d9c",
        "x-ms-request-id": "8235a3a0-701e-000b-713b-f66ae9000000",
        "x-ms-version": "2023-08-03"
      },
      "ResponseBody": null
    },
    {
      "RequestUri": "https://REDACTED/ecb7d9c80uploadpageacc9f4747701406c3fc5794d4bb/ecb7d9c81uploadpageacc9f09307e6e26bef19f841f69?comp=lease",
      "RequestMethod": "PUT",
      "RequestHeaders": {
        "Accept": "application/xml",
        "Authorization": "Sanitized",
        "Content-Length": "0",
        "Date": "Tue, 03 Oct 2023 20:52:16 GMT",
        "User-Agent": "azsdk-java-azure-storage-blob/12.25.0-beta.1 (11.0.16.1; Windows 11; 10.0)",
        "x-ms-client-request-id": "d2f13bf0-1c42-4749-bced-d89285f31f34",
        "x-ms-lease-action": "acquire",
        "x-ms-lease-duration": "-1",
        "x-ms-proposed-lease-id": "490bd9fc-8688-46c5-aef9-4477fd5d2a5e",
        "x-ms-version": "2023-08-03"
      },
      "RequestBody": null,
      "StatusCode": 201,
      "ResponseHeaders": {
        "Content-Length": "0",
        "Date": "Tue, 03 Oct 2023 20:52:16 GMT",
        "ETag": "\u00220x8DBC452A0EB5A13\u0022",
        "Last-Modified": "Tue, 03 Oct 2023 20:52:16 GMT",
        "Server": [
          "Windows-Azure-Blob/1.0",
          "Microsoft-HTTPAPI/2.0"
        ],
        "x-ms-client-request-id": "d2f13bf0-1c42-4749-bced-d89285f31f34",
        "x-ms-lease-id": "490bd9fc-8688-46c5-aef9-4477fd5d2a5e",
        "x-ms-request-id": "24eedb57-201e-0016-7a3b-f66755000000",
        "x-ms-version": "2023-08-03"
      },
      "ResponseBody": null
    },
    {
      "RequestUri": "https://REDACTED/ecb7d9c80uploadpageacc9f4747701406c3fc5794d4bb/ecb7d9c81uploadpageacc9f09307e6e26bef19f841f69?comp=page",
      "RequestMethod": "PUT",
      "RequestHeaders": {
        "Accept": "application/xml",
        "Authorization": "Sanitized",
        "Content-Length": "512",
        "Content-Type": "application/octet-stream",
        "Date": "Tue, 03 Oct 2023 20:52:16 GMT",
        "User-Agent": "azsdk-java-azure-storage-blob/12.25.0-beta.1 (11.0.16.1; Windows 11; 10.0)",
        "x-ms-client-request-id": "19a97da7-46cc-4909-8d5d-b3e5f85c71ec",
        "x-ms-lease-id": "490bd9fc-8688-46c5-aef9-4477fd5d2a5e",
        "x-ms-page-write": "update",
        "x-ms-range": "bytes=0-511",
        "x-ms-version": "2023-08-03"
      },
      "RequestBody": "/kbNx28jbMMh8pmvynEHfJqGjVIJjHoVIYThYgmd/8h0CJamFoZXf8mNI30H2IvAiMCO5AgZRc\u002ByaAD/Wz/T05L9raqLdj\u002BNpj7flfVT9iv0Km9mkWAwbht49khSoaBD3EzZ4qpcquT8Do5y6xJS46WabvWYSNMTr8nNP\u002B6s47R\u002B25DpIiSLU1OiBbYwnNK6SWm8CCgkVZhJ3n5GYdEXQcT9tQf3YlZr9pnInYCbAbfureVD3sEeQMbMWvGR9edeo7fbSgHQJURzCZcyjXvr6IkForZsyi64hn7eYJo6ehwvjUe2awlkSx376Jl80FRYcutAwRhvKyzv\u002BwBoSo6BTSPjC7g0q7rIjQSFVWSSQkbmoTm7OmiL0urITqykDf8RXO/dFbG1PKEd66Ty0ydfUYSqn\u002BfBQ3C8ZFFkpl433Q1eOYmXCUQHJmxYWqZIQAbt0c59Oa8DDBDPZZnpYu7OxM2qIs\u002B4ktJo3Z4lmbp\u002BASu0uFnomQysFZ7H72FQTBzR9S9dgQ1WLaYXjvAvD/Q/D/oaYtsoZMOozMWWR/tDRxdE6KFaq2Bc0oZX33SmaRKE02kJgJo/jq9W6ZVf6BOyq8rmzc8Mmhg72YKp3s57toxTIw\u002B3QeIoNbyxcMHSiLHawIK3Q/lEpX2C8mwZTIQ6g/KnOSEDzDOjhGHVwSgQtaY=",
      "StatusCode": 201,
      "ResponseHeaders": {
        "Content-Length": "0",
        "Date": "Tue, 03 Oct 2023 20:52:16 GMT",
        "ETag": "\u00220x8DBC452A124FF2F\u0022",
        "Last-Modified": "Tue, 03 Oct 2023 20:52:17 GMT",
        "Server": [
          "Windows-Azure-Blob/1.0",
          "Microsoft-HTTPAPI/2.0"
        ],
        "x-ms-blob-sequence-number": "0",
        "x-ms-client-request-id": "19a97da7-46cc-4909-8d5d-b3e5f85c71ec",
        "x-ms-content-crc64": "wKI2VA5/ZhU=",
        "x-ms-request-id": "6bb9425c-301e-000a-3d3b-f63535000000",
        "x-ms-request-server-encrypted": "true",
        "x-ms-version": "2023-08-03"
      },
      "ResponseBody": null
    }
  ],
  "Variables": {
    "0": "ecb7d9c80uploadpageacc9f4747701406c3fc5794d4bb",
    "1": "ecb7d9c81uploadpageacc9f09307e6e26bef19f841f69",
    "2": "e165872e-edff-4e72-bb99-e8eb3f4ab0c9"
  }
}
