{
  "Entries": [
    {
      "RequestUri": "https://REDACTED/654675970uploadpagefromurlmd5failc0b82545138906ae68e?restype=container",
      "RequestMethod": "PUT",
      "RequestHeaders": {
        "Accept": "application/xml",
        "Authorization": "Sanitized",
        "Content-Length": "0",
        "Date": "Tue, 26 Nov 2024 20:13:08 GMT",
        "User-Agent": "azsdk-java-azure-storage-blob/12.30.0-beta.1 (21.0.2; Windows 11; 10.0)",
        "x-ms-client-request-id": "Sanitized",
        "x-ms-version": "2025-01-05"
      },
      "RequestBody": null,
      "StatusCode": 201,
      "ResponseHeaders": {
        "Content-Length": "0",
        "Date": "Tue, 26 Nov 2024 20:13:08 GMT",
        "ETag": "\"0x8DD0E56BE94924D\"",
        "Last-Modified": "Tue, 26 Nov 2024 20:13:08 GMT",
        "Server": [
          "Windows-Azure-Blob/1.0",
          "Microsoft-HTTPAPI/2.0"
        ],
        "x-ms-client-request-id": "Sanitized",
        "x-ms-request-id": "Sanitized",
        "x-ms-version": "2025-01-05"
      },
      "ResponseBody": null
    },
    {
      "RequestUri": "https://REDACTED/654675970uploadpagefromurlmd5failc0b82545138906ae68e?restype=container",
      "RequestMethod": "PUT",
      "RequestHeaders": {
        "Accept": "application/xml",
        "Authorization": "Sanitized",
        "Content-Length": "0",
        "Date": "Tue, 26 Nov 2024 20:13:08 GMT",
        "User-Agent": "azsdk-java-azure-storage-blob/12.30.0-beta.1 (21.0.2; Windows 11; 10.0)",
        "x-ms-client-request-id": "Sanitized",
        "x-ms-version": "2025-01-05"
      },
      "RequestBody": null,
      "StatusCode": 409,
      "ResponseHeaders": {
        "Content-Length": "230",
        "Content-Type": "application/xml",
        "Date": "Tue, 26 Nov 2024 20:13:08 GMT",
        "Server": [
          "Windows-Azure-Blob/1.0",
          "Microsoft-HTTPAPI/2.0"
        ],
        "x-ms-client-request-id": "Sanitized",
        "x-ms-error-code": "ContainerAlreadyExists",
        "x-ms-request-id": "Sanitized",
        "x-ms-version": "2025-01-05"
      },
      "ResponseBody": [
        "\uFEFF<?xml version=\"1.0\" encoding=\"utf-8\"?><Error><Code>ContainerAlreadyExists</Code><Message>The specified container already exists.\n",
        "RequestId:571ea24c-e01e-0016-5d3f-40074d000000\n",
        "Time:2024-11-26T20:13:08.4630200Z</Message></Error>"
      ]
    },
    {
      "RequestUri": "https://REDACTED/654675970uploadpagefromurlmd5failc0b82545138906ae68e/654675971uploadpagefromurlmd5failc0b702168eb7a4c62d5",
      "RequestMethod": "PUT",
      "RequestHeaders": {
        "Accept": "application/xml",
        "Authorization": "Sanitized",
        "Content-Length": "0",
        "Date": "Tue, 26 Nov 2024 20:13:08 GMT",
        "If-None-Match": "*",
        "User-Agent": "azsdk-java-azure-storage-blob/12.30.0-beta.1 (21.0.2; Windows 11; 10.0)",
        "x-ms-blob-content-length": "512",
        "x-ms-blob-type": "PageBlob",
        "x-ms-client-request-id": "Sanitized",
        "x-ms-version": "2025-01-05"
      },
      "RequestBody": null,
      "StatusCode": 201,
      "ResponseHeaders": {
        "Content-Length": "0",
        "Date": "Tue, 26 Nov 2024 20:13:08 GMT",
        "ETag": "\"0x8DD0E56BEADC9A9\"",
        "Last-Modified": "Tue, 26 Nov 2024 20:13:08 GMT",
        "Server": [
          "Windows-Azure-Blob/1.0",
          "Microsoft-HTTPAPI/2.0"
        ],
        "x-ms-client-request-id": "Sanitized",
        "x-ms-request-id": "Sanitized",
        "x-ms-request-server-encrypted": "true",
        "x-ms-version": "2025-01-05"
      },
      "ResponseBody": null
    },
    {
      "RequestUri": "https://REDACTED/654675970uploadpagefromurlmd5failc0b82545138906ae68e/654675972uploadpagefromurlmd5failc0b78645f7d29e40b2c",
      "RequestMethod": "PUT",
      "RequestHeaders": {
        "Accept": "application/xml",
        "Authorization": "Sanitized",
        "Content-Length": "0",
        "Date": "Tue, 26 Nov 2024 20:13:08 GMT",
        "If-None-Match": "*",
        "User-Agent": "azsdk-java-azure-storage-blob/12.30.0-beta.1 (21.0.2; Windows 11; 10.0)",
        "x-ms-blob-content-length": "512",
        "x-ms-blob-type": "PageBlob",
        "x-ms-client-request-id": "Sanitized",
        "x-ms-version": "2025-01-05"
      },
      "RequestBody": null,
      "StatusCode": 201,
      "ResponseHeaders": {
        "Content-Length": "0",
        "Date": "Tue, 26 Nov 2024 20:13:08 GMT",
        "ETag": "\"0x8DD0E56BEBC8628\"",
        "Last-Modified": "Tue, 26 Nov 2024 20:13:08 GMT",
        "Server": [
          "Windows-Azure-Blob/1.0",
          "Microsoft-HTTPAPI/2.0"
        ],
        "x-ms-client-request-id": "Sanitized",
        "x-ms-request-id": "Sanitized",
        "x-ms-request-server-encrypted": "true",
        "x-ms-version": "2025-01-05"
      },
      "ResponseBody": null
    },
    {
      "RequestUri": "https://REDACTED/654675970uploadpagefromurlmd5failc0b82545138906ae68e/654675971uploadpagefromurlmd5failc0b702168eb7a4c62d5?comp=page",
      "RequestMethod": "PUT",
      "RequestHeaders": {
        "Accept": "application/xml",
        "Authorization": "Sanitized",
        "Content-Length": "512",
        "Content-Type": "application/octet-stream",
        "Date": "Tue, 26 Nov 2024 20:13:08 GMT",
        "User-Agent": "azsdk-java-azure-storage-blob/12.30.0-beta.1 (21.0.2; Windows 11; 10.0)",
        "x-ms-client-request-id": "Sanitized",
        "x-ms-page-write": "update",
        "x-ms-range": "bytes=0-511",
        "x-ms-version": "2025-01-05"
      },
      "RequestBody": "WcjOc9Ruok8rp4SNpEJVKeMo5WGicleb2zh6NwP3vVnIznPUbqJPK6eEjaRCVSnjKOVhonJXm9s4ejcD971ZyM5z1G6iTyunhI2kQlUp4yjlYaJyV5vbOHo3A/e9WcjOc9Ruok8rp4SNpEJVKeMo5WGicleb2zh6NwP3vVnIznPUbqJPK6eEjaRCVSnjKOVhonJXm9s4ejcD971ZyM5z1G6iTyunhI2kQlUp4yjlYaJyV5vbOHo3A/e9WcjOc9Ruok8rp4SNpEJVKeMo5WGicleb2zh6NwP3vVnIznPUbqJPK6eEjaRCVSnjKOVhonJXm9s4ejcD971ZyM5z1G6iTyunhI2kQlUp4yjlYaJyV5vbOHo3A/e9WcjOc9Ruok8rp4SNpEJVKeMo5WGicleb2zh6NwP3vVnIznPUbqJPK6eEjaRCVSnjKOVhonJXm9s4ejcD971ZyM5z1G6iTyunhI2kQlUp4yjlYaJyV5vbOHo3A/e9WcjOc9Ruok8rp4SNpEJVKeMo5WGicleb2zh6NwP3vVnIznPUbqJPK6eEjaRCVSnjKOVhonJXm9s4ejcD971ZyM5z1G6iTyunhI2kQlUp4yjlYaJyV5vbOHo3A/e9WcjOc9Ruok8rp4SNpEJVKeMo5WGicleb2zh6NwP3vVnIznPUbqJPK6eEjaRCVSk=",
      "StatusCode": 201,
      "ResponseHeaders": {
        "Content-Length": "0",
        "Date": "Tue, 26 Nov 2024 20:13:08 GMT",
        "ETag": "\"0x8DD0E56BEC8AD7B\"",
        "Last-Modified": "Tue, 26 Nov 2024 20:13:08 GMT",
        "Server": [
          "Windows-Azure-Blob/1.0",
          "Microsoft-HTTPAPI/2.0"
        ],
        "x-ms-blob-sequence-number": "0",
        "x-ms-client-request-id": "Sanitized",
        "x-ms-content-crc64": "5n7nySJ36Lw=",
        "x-ms-request-id": "Sanitized",
        "x-ms-request-server-encrypted": "true",
        "x-ms-version": "2025-01-05"
      },
      "ResponseBody": null
    },
    {
      "RequestUri": "https://REDACTED/654675970uploadpagefromurlmd5failc0b82545138906ae68e/654675972uploadpagefromurlmd5failc0b78645f7d29e40b2c?comp=page",
      "RequestMethod": "PUT",
      "RequestHeaders": {
        "Accept": "application/xml",
        "Authorization": "Sanitized",
        "Content-Length": "0",
        "Date": "Tue, 26 Nov 2024 20:13:08 GMT",
        "User-Agent": "azsdk-java-azure-storage-blob/12.30.0-beta.1 (21.0.2; Windows 11; 10.0)",
        "x-ms-client-request-id": "Sanitized",
        "x-ms-copy-source": "Sanitized",
        "x-ms-page-write": "update",
        "x-ms-range": "bytes=0-511",
        "x-ms-source-content-md5": "yOjfiVwsrhZrrQJ/3xUzWw==",
        "x-ms-source-range": "bytes=0-511",
        "x-ms-version": "2025-01-05"
      },
      "RequestBody": null,
      "StatusCode": 400,
      "ResponseHeaders": {
        "Content-Length": "278",
        "Content-Type": "application/xml",
        "Date": "Tue, 26 Nov 2024 20:13:08 GMT",
        "Server": [
          "Windows-Azure-Blob/1.0",
          "Microsoft-HTTPAPI/2.0"
        ],
        "x-ms-client-request-id": "Sanitized",
        "x-ms-error-code": "Md5Mismatch",
        "x-ms-request-id": "Sanitized",
        "x-ms-version": "2025-01-05"
      },
      "ResponseBody": [
        "\uFEFF<?xml version=\"1.0\" encoding=\"utf-8\"?>\n",
        "<Error><Code>Md5Mismatch</Code><Message>The MD5 value specified in the request did not match with the MD5 value calculated by the server.\n",
        "RequestId:3dfb244e-101e-0012-753f-408a4a000000\n",
        "Time:2024-11-26T20:13:08.8579279Z</Message></Error>"
      ]
    }
  ],
  "Variables": {
    "0": "654675970uploadpagefromurlmd5failc0b82545138906ae68e",
    "1": "654675971uploadpagefromurlmd5failc0b702168eb7a4c62d5",
    "2": "654675972uploadpagefromurlmd5failc0b78645f7d29e40b2c",
    "3": "5b6c6f2e-fcc2-4a9f-af10-eaee4041a9b9",
    "4": "2024-11-26T20:13:08.958273600Z"
  }
}
