{
  "Entries": [
    {
      "RequestUri": "https://REDACTED/be3632d20uploadpagefromurlmd5failb526958299cc5f0f61c?restype=container",
      "RequestMethod": "PUT",
      "RequestHeaders": {
        "Accept": "application/xml",
        "Authorization": "Sanitized",
        "Content-Length": "0",
        "Date": "Mon, 11 Dec 2023 19:12:31 GMT",
        "User-Agent": "azsdk-java-azure-storage-blob/12.26.0-beta.1 (17.0.8; Windows 11; 10.0)",
        "x-ms-client-request-id": "ae6a33bf-e264-46f0-b23e-5a33599abb97",
        "x-ms-version": "2024-02-04"
      },
      "RequestBody": null,
      "StatusCode": 201,
      "ResponseHeaders": {
        "Content-Length": "0",
        "Date": "Mon, 11 Dec 2023 19:12:35 GMT",
        "ETag": "\u00220x8DBFA7D2256EEA8\u0022",
        "Last-Modified": "Mon, 11 Dec 2023 19:12:35 GMT",
        "Server": [
          "Windows-Azure-Blob/1.0",
          "Microsoft-HTTPAPI/2.0"
        ],
        "x-ms-client-request-id": "ae6a33bf-e264-46f0-b23e-5a33599abb97",
        "x-ms-request-id": "c6001732-d01e-0072-1865-2c9029000000",
        "x-ms-version": "2024-02-04"
      },
      "ResponseBody": null
    },
    {
      "RequestUri": "https://REDACTED/be3632d20uploadpagefromurlmd5failb526958299cc5f0f61c?restype=container",
      "RequestMethod": "PUT",
      "RequestHeaders": {
        "Accept": "application/xml",
        "Authorization": "Sanitized",
        "Content-Length": "0",
        "Date": "Mon, 11 Dec 2023 19:12:32 GMT",
        "User-Agent": "azsdk-java-azure-storage-blob/12.26.0-beta.1 (17.0.8; Windows 11; 10.0)",
        "x-ms-client-request-id": "444b3ed0-5a69-4be6-9e31-553433c50cbe",
        "x-ms-version": "2024-02-04"
      },
      "RequestBody": null,
      "StatusCode": 409,
      "ResponseHeaders": {
        "Content-Length": "230",
        "Content-Type": "application/xml",
        "Date": "Mon, 11 Dec 2023 19:12:35 GMT",
        "Server": [
          "Windows-Azure-Blob/1.0",
          "Microsoft-HTTPAPI/2.0"
        ],
        "x-ms-client-request-id": "444b3ed0-5a69-4be6-9e31-553433c50cbe",
        "x-ms-error-code": "ContainerAlreadyExists",
        "x-ms-request-id": "c600179b-d01e-0072-7565-2c9029000000",
        "x-ms-version": "2024-02-04"
      },
      "ResponseBody": [
        "\uFEFF\u003C?xml version=\u00221.0\u0022 encoding=\u0022utf-8\u0022?\u003E\u003CError\u003E\u003CCode\u003EContainerAlreadyExists\u003C/Code\u003E\u003CMessage\u003EThe specified container already exists.\n",
        "RequestId:c600179b-d01e-0072-7565-2c9029000000\n",
        "Time:2023-12-11T19:12:35.7935173Z\u003C/Message\u003E\u003C/Error\u003E"
      ]
    },
    {
      "RequestUri": "https://REDACTED/be3632d20uploadpagefromurlmd5failb526958299cc5f0f61c/be3632d21uploadpagefromurlmd5failb52614993c9911b44e4",
      "RequestMethod": "PUT",
      "RequestHeaders": {
        "Accept": "application/xml",
        "Authorization": "Sanitized",
        "Content-Length": "0",
        "Date": "Mon, 11 Dec 2023 19:12:32 GMT",
        "If-None-Match": "*",
        "User-Agent": "azsdk-java-azure-storage-blob/12.26.0-beta.1 (17.0.8; Windows 11; 10.0)",
        "x-ms-blob-content-length": "512",
        "x-ms-blob-type": "PageBlob",
        "x-ms-client-request-id": "57f0a0d4-6d10-42f1-9406-b7dc4a77d7a8",
        "x-ms-version": "2024-02-04"
      },
      "RequestBody": null,
      "StatusCode": 201,
      "ResponseHeaders": {
        "Content-Length": "0",
        "Date": "Mon, 11 Dec 2023 19:12:35 GMT",
        "ETag": "\u00220x8DBFA7D227203D9\u0022",
        "Last-Modified": "Mon, 11 Dec 2023 19:12:35 GMT",
        "Server": [
          "Windows-Azure-Blob/1.0",
          "Microsoft-HTTPAPI/2.0"
        ],
        "x-ms-client-request-id": "57f0a0d4-6d10-42f1-9406-b7dc4a77d7a8",
        "x-ms-request-id": "c60017ed-d01e-0072-3865-2c9029000000",
        "x-ms-request-server-encrypted": "true",
        "x-ms-version": "2024-02-04"
      },
      "ResponseBody": null
    },
    {
      "RequestUri": "https://REDACTED/be3632d20uploadpagefromurlmd5failb526958299cc5f0f61c?restype=container\u0026comp=acl",
      "RequestMethod": "PUT",
      "RequestHeaders": {
        "Accept": "application/xml",
        "Authorization": "Sanitized",
        "Content-Length": "58",
        "Content-Type": "application/xml",
        "Date": "Mon, 11 Dec 2023 19:12:32 GMT",
        "User-Agent": "azsdk-java-azure-storage-blob/12.26.0-beta.1 (17.0.8; Windows 11; 10.0)",
        "x-ms-blob-public-access": "container",
        "x-ms-client-request-id": "2709a78e-ae1a-45f5-85b8-c383730cea78",
        "x-ms-version": "2024-02-04"
      },
      "RequestBody": "\u003C?xml version=\u00271.0\u0027 encoding=\u0027UTF-8\u0027?\u003E\u003CSignedIdentifiers/\u003E",
      "StatusCode": 200,
      "ResponseHeaders": {
        "Content-Length": "0",
        "Date": "Mon, 11 Dec 2023 19:12:35 GMT",
        "ETag": "\u00220x8DBFA7D227F7667\u0022",
        "Last-Modified": "Mon, 11 Dec 2023 19:12:35 GMT",
        "Server": [
          "Windows-Azure-Blob/1.0",
          "Microsoft-HTTPAPI/2.0"
        ],
        "x-ms-client-request-id": "2709a78e-ae1a-45f5-85b8-c383730cea78",
        "x-ms-request-id": "c6001847-d01e-0072-0966-2c9029000000",
        "x-ms-version": "2024-02-04"
      },
      "ResponseBody": null
    },
    {
      "RequestUri": "https://REDACTED/be3632d20uploadpagefromurlmd5failb526958299cc5f0f61c/be3632d22uploadpagefromurlmd5failb52584792dc3c7a63f1",
      "RequestMethod": "PUT",
      "RequestHeaders": {
        "Accept": "application/xml",
        "Authorization": "Sanitized",
        "Content-Length": "0",
        "Date": "Mon, 11 Dec 2023 19:12:32 GMT",
        "If-None-Match": "*",
        "User-Agent": "azsdk-java-azure-storage-blob/12.26.0-beta.1 (17.0.8; Windows 11; 10.0)",
        "x-ms-blob-content-length": "512",
        "x-ms-blob-type": "PageBlob",
        "x-ms-client-request-id": "bb0f2eee-4bdc-4fbd-ad38-f2adf91c6b18",
        "x-ms-version": "2024-02-04"
      },
      "RequestBody": null,
      "StatusCode": 201,
      "ResponseHeaders": {
        "Content-Length": "0",
        "Date": "Mon, 11 Dec 2023 19:12:35 GMT",
        "ETag": "\u00220x8DBFA7D228D01FE\u0022",
        "Last-Modified": "Mon, 11 Dec 2023 19:12:36 GMT",
        "Server": [
          "Windows-Azure-Blob/1.0",
          "Microsoft-HTTPAPI/2.0"
        ],
        "x-ms-client-request-id": "bb0f2eee-4bdc-4fbd-ad38-f2adf91c6b18",
        "x-ms-request-id": "c60018ab-d01e-0072-5d66-2c9029000000",
        "x-ms-request-server-encrypted": "true",
        "x-ms-version": "2024-02-04"
      },
      "ResponseBody": null
    },
    {
      "RequestUri": "https://REDACTED/be3632d20uploadpagefromurlmd5failb526958299cc5f0f61c/be3632d21uploadpagefromurlmd5failb52614993c9911b44e4?comp=page",
      "RequestMethod": "PUT",
      "RequestHeaders": {
        "Accept": "application/xml",
        "Authorization": "Sanitized",
        "Content-Length": "512",
        "Content-Type": "application/octet-stream",
        "Date": "Mon, 11 Dec 2023 19:12:32 GMT",
        "User-Agent": "azsdk-java-azure-storage-blob/12.26.0-beta.1 (17.0.8; Windows 11; 10.0)",
        "x-ms-client-request-id": "cc04f112-2ea7-4044-8458-7c46f7782712",
        "x-ms-page-write": "update",
        "x-ms-range": "bytes=0-511",
        "x-ms-version": "2024-02-04"
      },
      "RequestBody": "pLYOSzGGcKJHM0CYZMLM02wJMZ6SBN\u002B1hHhHpDzT7/a9SArvrhi7eR1qncqvGVavYO2RdSdw8GGX/cfxk4pxuqdfGkBDUphVCaVMsKm94HuMwbWqSgmwo9yfbFISad0LGrcaLhQNvBrSE08bAqBSUAvRYvDdwtpESTLFYLLIi1uyfXKbW\u002Bai3r/t1DCbfQhVG6R0jxLwVqCYA/tX4M0QcW9N0oHmDLhPH17dFguRaGWdALGM8npYksoSMxr8wTfEN7SIFpdf9vXBgDdYHRUpTZl6DGfWamVLoVNSGNo9H6dPTK804tsegnxu9mNQl/TVuJTAlvC69EMkA1Z/RCTA1uZkshlSXN5KqFmqXVYaVgXIcNXfw4Chyx8MsqN1bGmmizr1zgSnfOijuvALlQgXPjwQAX2nYixUoHtnf5\u002B8\u002BkGxv5RxKszumE6MLROp9nhzqST\u002BIUZexaV7BcU7ZtTncTL1iueJ1Ga3jph/0uA19T9LcLzWIt9Xn8eYAyxkx07jydK0d/u/uhvL1EEpvDZsfH62DLcNJdMCXwQxUqMHqzWWv3wo7tM8p3POqyN1u\u002B7nRDyqtK76qBJiqxqEJkDv9p6aK7/kOd\u002BdeCdjDXTaiovG2MOTA7z8crRJKopg/w9GSVMiuPHtvKvOIhCx2dDGyMuVZnzarDzWe8hmHroxSQs=",
      "StatusCode": 201,
      "ResponseHeaders": {
        "Content-Length": "0",
        "Date": "Mon, 11 Dec 2023 19:12:35 GMT",
        "ETag": "\u00220x8DBFA7D229C9023\u0022",
        "Last-Modified": "Mon, 11 Dec 2023 19:12:36 GMT",
        "Server": [
          "Windows-Azure-Blob/1.0",
          "Microsoft-HTTPAPI/2.0"
        ],
        "x-ms-blob-sequence-number": "0",
        "x-ms-client-request-id": "cc04f112-2ea7-4044-8458-7c46f7782712",
        "x-ms-content-crc64": "07DkyyxgVJA=",
        "x-ms-request-id": "c6001931-d01e-0072-5066-2c9029000000",
        "x-ms-request-server-encrypted": "true",
        "x-ms-version": "2024-02-04"
      },
      "ResponseBody": null
    },
    {
      "RequestUri": "https://REDACTED/be3632d20uploadpagefromurlmd5failb526958299cc5f0f61c/be3632d22uploadpagefromurlmd5failb52584792dc3c7a63f1?comp=page",
      "RequestMethod": "PUT",
      "RequestHeaders": {
        "Accept": "application/xml",
        "Authorization": "Sanitized",
        "Content-Length": "0",
        "Date": "Mon, 11 Dec 2023 19:12:32 GMT",
        "User-Agent": "azsdk-java-azure-storage-blob/12.26.0-beta.1 (17.0.8; Windows 11; 10.0)",
        "x-ms-client-request-id": "4108170c-d54d-41fb-ae2a-a4132e8cfb4b",
        "x-ms-copy-source": "https://REDACTED/be3632d20uploadpagefromurlmd5failb526958299cc5f0f61c/be3632d21uploadpagefromurlmd5failb52614993c9911b44e4",
        "x-ms-page-write": "update",
        "x-ms-range": "bytes=0-511",
        "x-ms-source-content-md5": "yOjfiVwsrhZrrQJ/3xUzWw==",
        "x-ms-source-range": "bytes=0-511",
        "x-ms-version": "2024-02-04"
      },
      "RequestBody": null,
      "StatusCode": 400,
      "ResponseHeaders": {
        "Content-Length": "278",
        "Content-Type": "application/xml",
        "Date": "Mon, 11 Dec 2023 19:12:35 GMT",
        "Server": [
          "Windows-Azure-Blob/1.0",
          "Microsoft-HTTPAPI/2.0"
        ],
        "x-ms-client-request-id": "4108170c-d54d-41fb-ae2a-a4132e8cfb4b",
        "x-ms-error-code": "Md5Mismatch",
        "x-ms-request-id": "c600198f-d01e-0072-2266-2c9029000000",
        "x-ms-version": "2024-02-04"
      },
      "ResponseBody": [
        "\uFEFF\u003C?xml version=\u00221.0\u0022 encoding=\u0022utf-8\u0022?\u003E\n",
        "\u003CError\u003E\u003CCode\u003EMd5Mismatch\u003C/Code\u003E\u003CMessage\u003EThe MD5 value specified in the request did not match with the MD5 value calculated by the server.\n",
        "RequestId:c600198f-d01e-0072-2266-2c9029000000\n",
        "Time:2023-12-11T19:12:36.2882349Z\u003C/Message\u003E\u003C/Error\u003E"
      ]
    }
  ],
  "Variables": {
    "0": "be3632d20uploadpagefromurlmd5failb526958299cc5f0f61c",
    "1": "be3632d21uploadpagefromurlmd5failb52614993c9911b44e4",
    "2": "be3632d22uploadpagefromurlmd5failb52584792dc3c7a63f1",
    "3": "efeb8252-f7e4-441e-8c6b-cae8fb3edb97"
  }
}
