{
  "Entries": [
    {
      "RequestUri": "https://REDACTED/056485d10getpagerangesdiffacc48894967b21d4c1d2864?restype=container",
      "RequestMethod": "PUT",
      "RequestHeaders": {
        "Accept": "application/xml",
        "Authorization": "Sanitized",
        "Content-Length": "0",
        "Date": "Mon, 08 Jan 2024 19:47:51 GMT",
        "User-Agent": "azsdk-java-azure-storage-blob/12.26.0-beta.1 (17.0.8; Windows 11; 10.0)",
        "x-ms-client-request-id": "5766844c-3430-47c9-bcb7-225b19a7b503",
        "x-ms-version": "2024-02-04"
      },
      "RequestBody": null,
      "StatusCode": 201,
      "ResponseHeaders": {
        "Content-Length": "0",
        "Date": "Mon, 08 Jan 2024 19:48:02 GMT",
        "ETag": "\u00220x8DC1082B9AA91EF\u0022",
        "Last-Modified": "Mon, 08 Jan 2024 19:48:02 GMT",
        "Server": [
          "Windows-Azure-Blob/1.0",
          "Microsoft-HTTPAPI/2.0"
        ],
        "x-ms-client-request-id": "5766844c-3430-47c9-bcb7-225b19a7b503",
        "x-ms-request-id": "2c68f38a-d01e-0086-646b-425bdf000000",
        "x-ms-version": "2024-02-04"
      },
      "ResponseBody": null
    },
    {
      "RequestUri": "https://REDACTED/056485d10getpagerangesdiffacc48894967b21d4c1d2864?restype=container",
      "RequestMethod": "PUT",
      "RequestHeaders": {
        "Accept": "application/xml",
        "Authorization": "Sanitized",
        "Content-Length": "0",
        "Date": "Mon, 08 Jan 2024 19:47:51 GMT",
        "User-Agent": "azsdk-java-azure-storage-blob/12.26.0-beta.1 (17.0.8; Windows 11; 10.0)",
        "x-ms-client-request-id": "cff83768-6a0e-47b6-9bda-d923dd8a6597",
        "x-ms-version": "2024-02-04"
      },
      "RequestBody": null,
      "StatusCode": 409,
      "ResponseHeaders": {
        "Content-Length": "230",
        "Content-Type": "application/xml",
        "Date": "Mon, 08 Jan 2024 19:48:02 GMT",
        "Server": [
          "Windows-Azure-Blob/1.0",
          "Microsoft-HTTPAPI/2.0"
        ],
        "x-ms-client-request-id": "cff83768-6a0e-47b6-9bda-d923dd8a6597",
        "x-ms-error-code": "ContainerAlreadyExists",
        "x-ms-request-id": "2c68f469-d01e-0086-3c6b-425bdf000000",
        "x-ms-version": "2024-02-04"
      },
      "ResponseBody": [
        "\uFEFF\u003C?xml version=\u00221.0\u0022 encoding=\u0022utf-8\u0022?\u003E\u003CError\u003E\u003CCode\u003EContainerAlreadyExists\u003C/Code\u003E\u003CMessage\u003EThe specified container already exists.\n",
        "RequestId:2c68f469-d01e-0086-3c6b-425bdf000000\n",
        "Time:2024-01-08T19:48:02.7583530Z\u003C/Message\u003E\u003C/Error\u003E"
      ]
    },
    {
      "RequestUri": "https://REDACTED/056485d10getpagerangesdiffacc48894967b21d4c1d2864/056485d11getpagerangesdiffacc48409380a38eb55da464",
      "RequestMethod": "PUT",
      "RequestHeaders": {
        "Accept": "application/xml",
        "Authorization": "Sanitized",
        "Content-Length": "0",
        "Date": "Mon, 08 Jan 2024 19:47:52 GMT",
        "If-None-Match": "*",
        "User-Agent": "azsdk-java-azure-storage-blob/12.26.0-beta.1 (17.0.8; Windows 11; 10.0)",
        "x-ms-blob-content-length": "512",
        "x-ms-blob-type": "PageBlob",
        "x-ms-client-request-id": "5f0c4c5f-e576-4527-b881-3afe3c5ce9be",
        "x-ms-version": "2024-02-04"
      },
      "RequestBody": null,
      "StatusCode": 201,
      "ResponseHeaders": {
        "Content-Length": "0",
        "Date": "Mon, 08 Jan 2024 19:48:02 GMT",
        "ETag": "\u00220x8DC1082B9CB60A6\u0022",
        "Last-Modified": "Mon, 08 Jan 2024 19:48:02 GMT",
        "Server": [
          "Windows-Azure-Blob/1.0",
          "Microsoft-HTTPAPI/2.0"
        ],
        "x-ms-client-request-id": "5f0c4c5f-e576-4527-b881-3afe3c5ce9be",
        "x-ms-request-id": "2c68f4ff-d01e-0086-516b-425bdf000000",
        "x-ms-request-server-encrypted": "true",
        "x-ms-version": "2024-02-04"
      },
      "ResponseBody": null
    },
    {
      "RequestUri": "https://REDACTED/056485d10getpagerangesdiffacc48894967b21d4c1d2864/056485d11getpagerangesdiffacc48409380a38eb55da464?comp=tags",
      "RequestMethod": "PUT",
      "RequestHeaders": {
        "Accept": "application/xml",
        "Authorization": "Sanitized",
        "Content-Length": "111",
        "Content-Type": "application/xml",
        "Date": "Mon, 08 Jan 2024 19:47:52 GMT",
        "User-Agent": "azsdk-java-azure-storage-blob/12.26.0-beta.1 (17.0.8; Windows 11; 10.0)",
        "x-ms-client-request-id": "ae6dc559-20bd-4e47-b08a-9baaaa59a8ec",
        "x-ms-version": "2024-02-04"
      },
      "RequestBody": "\u003C?xml version=\u00271.0\u0027 encoding=\u0027UTF-8\u0027?\u003E\u003CTags\u003E\u003CTagSet\u003E\u003CTag\u003E\u003CKey\u003Efoo\u003C/Key\u003E\u003CValue\u003Ebar\u003C/Value\u003E\u003C/Tag\u003E\u003C/TagSet\u003E\u003C/Tags\u003E",
      "StatusCode": 204,
      "ResponseHeaders": {
        "Date": "Mon, 08 Jan 2024 19:48:02 GMT",
        "Server": [
          "Windows-Azure-Blob/1.0",
          "Microsoft-HTTPAPI/2.0"
        ],
        "x-ms-client-request-id": "ae6dc559-20bd-4e47-b08a-9baaaa59a8ec",
        "x-ms-request-id": "2c68f5cf-d01e-0086-7f6b-425bdf000000",
        "x-ms-version": "2024-02-04"
      },
      "ResponseBody": null
    },
    {
      "RequestUri": "https://REDACTED/056485d10getpagerangesdiffacc48894967b21d4c1d2864/056485d11getpagerangesdiffacc48409380a38eb55da464?comp=snapshot",
      "RequestMethod": "PUT",
      "RequestHeaders": {
        "Accept": "application/xml",
        "Authorization": "Sanitized",
        "Content-Length": "0",
        "Date": "Mon, 08 Jan 2024 19:47:52 GMT",
        "User-Agent": "azsdk-java-azure-storage-blob/12.26.0-beta.1 (17.0.8; Windows 11; 10.0)",
        "x-ms-client-request-id": "1a974e7c-adb5-4f2b-b0d8-e408da97b679",
        "x-ms-version": "2024-02-04"
      },
      "RequestBody": null,
      "StatusCode": 201,
      "ResponseHeaders": {
        "Content-Length": "0",
        "Date": "Mon, 08 Jan 2024 19:48:02 GMT",
        "ETag": "\u00220x8DC1082B9CB60A6\u0022",
        "Last-Modified": "Mon, 08 Jan 2024 19:48:02 GMT",
        "Server": [
          "Windows-Azure-Blob/1.0",
          "Microsoft-HTTPAPI/2.0"
        ],
        "x-ms-client-request-id": "1a974e7c-adb5-4f2b-b0d8-e408da97b679",
        "x-ms-request-id": "2c68f662-d01e-0086-076b-425bdf000000",
        "x-ms-request-server-encrypted": "false",
        "x-ms-snapshot": "2024-01-08T19:48:03.0802993Z",
        "x-ms-version": "2024-02-04"
      },
      "ResponseBody": null
    },
    {
      "RequestUri": "https://REDACTED/056485d10getpagerangesdiffacc48894967b21d4c1d2864/056485d11getpagerangesdiffacc48409380a38eb55da464?comp=lease",
      "RequestMethod": "PUT",
      "RequestHeaders": {
        "Accept": "application/xml",
        "Authorization": "Sanitized",
        "Content-Length": "0",
        "Date": "Mon, 08 Jan 2024 19:47:52 GMT",
        "User-Agent": "azsdk-java-azure-storage-blob/12.26.0-beta.1 (17.0.8; Windows 11; 10.0)",
        "x-ms-client-request-id": "02eb47f3-54c0-4318-8a83-8ad4ec72fda4",
        "x-ms-lease-action": "acquire",
        "x-ms-lease-duration": "-1",
        "x-ms-proposed-lease-id": "c7fa903a-db04-4f2b-933d-efbcd6fae7ea",
        "x-ms-version": "2024-02-04"
      },
      "RequestBody": null,
      "StatusCode": 201,
      "ResponseHeaders": {
        "Content-Length": "0",
        "Date": "Mon, 08 Jan 2024 19:48:02 GMT",
        "ETag": "\u00220x8DC1082B9CB60A6\u0022",
        "Last-Modified": "Mon, 08 Jan 2024 19:48:02 GMT",
        "Server": [
          "Windows-Azure-Blob/1.0",
          "Microsoft-HTTPAPI/2.0"
        ],
        "x-ms-client-request-id": "02eb47f3-54c0-4318-8a83-8ad4ec72fda4",
        "x-ms-lease-id": "c7fa903a-db04-4f2b-933d-efbcd6fae7ea",
        "x-ms-request-id": "f4a941bb-b01e-0006-236b-42a4d9000000",
        "x-ms-version": "2024-02-04"
      },
      "ResponseBody": null
    },
    {
      "RequestUri": "https://REDACTED/056485d10getpagerangesdiffacc48894967b21d4c1d2864/056485d11getpagerangesdiffacc48409380a38eb55da464?comp=pagelist\u0026prevsnapshot=2024-01-08T19%3A48%3A03.0802993Z",
      "RequestMethod": "GET",
      "RequestHeaders": {
        "Accept": "application/xml",
        "Authorization": "Sanitized",
        "Content-Length": "0",
        "Date": "Mon, 08 Jan 2024 19:47:52 GMT",
        "User-Agent": "azsdk-java-azure-storage-blob/12.26.0-beta.1 (17.0.8; Windows 11; 10.0)",
        "x-ms-client-request-id": "01cb2ea1-ca98-4c6d-84a9-9d4a922d8ce1",
        "x-ms-lease-id": "c7fa903a-db04-4f2b-933d-efbcd6fae7ea",
        "x-ms-range": "bytes=0-511",
        "x-ms-version": "2024-02-04"
      },
      "RequestBody": null,
      "StatusCode": 200,
      "ResponseHeaders": {
        "Access-Control-Allow-Origin": "*",
        "Access-Control-Expose-Headers": "x-ms-client-request-id",
        "Content-Type": "application/xml",
        "Date": "Mon, 08 Jan 2024 19:48:02 GMT",
        "ETag": "\u00220x8DC1082B9CB60A6\u0022",
        "Last-Modified": "Mon, 08 Jan 2024 19:48:02 GMT",
        "Server": [
          "Windows-Azure-Blob/1.0",
          "Microsoft-HTTPAPI/2.0"
        ],
        "Transfer-Encoding": "chunked",
        "x-ms-blob-content-length": "512",
        "x-ms-client-request-id": "01cb2ea1-ca98-4c6d-84a9-9d4a922d8ce1",
        "x-ms-request-id": "f4a94275-b01e-0006-4c6b-42a4d9000000",
        "x-ms-version": "2024-02-04"
      },
      "ResponseBody": [
        "\uFEFF\u003C?xml version=\u00221.0\u0022 encoding=\u0022utf-8\u0022?\u003E\n",
        "\u003CPageList/\u003E"
      ]
    }
  ],
  "Variables": {
    "0": "056485d10getpagerangesdiffacc48894967b21d4c1d2864",
    "1": "056485d11getpagerangesdiffacc48409380a38eb55da464"
  }
}
