{
  "Entries": [
    {
      "RequestUri": "https://REDACTED/363397460clearpagesacbee907289753a14e2d024129b?restype=container",
      "RequestMethod": "PUT",
      "RequestHeaders": {
        "Accept": "application/xml",
        "Authorization": "Sanitized",
        "Content-Length": "0",
        "Date": "Mon, 11 Dec 2023 19:15:10 GMT",
        "User-Agent": "azsdk-java-azure-storage-blob/12.26.0-beta.1 (17.0.8; Windows 11; 10.0)",
        "x-ms-client-request-id": "8ee98520-8059-46b1-833d-a5722ec6c8e6",
        "x-ms-version": "2024-02-04"
      },
      "RequestBody": null,
      "StatusCode": 201,
      "ResponseHeaders": {
        "Content-Length": "0",
        "Date": "Mon, 11 Dec 2023 19:15:13 GMT",
        "ETag": "\u00220x8DBFA7D80DD52BB\u0022",
        "Last-Modified": "Mon, 11 Dec 2023 19:15:14 GMT",
        "Server": [
          "Windows-Azure-Blob/1.0",
          "Microsoft-HTTPAPI/2.0"
        ],
        "x-ms-client-request-id": "8ee98520-8059-46b1-833d-a5722ec6c8e6",
        "x-ms-request-id": "0d49334b-501e-0098-5866-2cb707000000",
        "x-ms-version": "2024-02-04"
      },
      "ResponseBody": null
    },
    {
      "RequestUri": "https://REDACTED/363397460clearpagesacbee907289753a14e2d024129b?restype=container",
      "RequestMethod": "PUT",
      "RequestHeaders": {
        "Accept": "application/xml",
        "Authorization": "Sanitized",
        "Content-Length": "0",
        "Date": "Mon, 11 Dec 2023 19:15:10 GMT",
        "User-Agent": "azsdk-java-azure-storage-blob/12.26.0-beta.1 (17.0.8; Windows 11; 10.0)",
        "x-ms-client-request-id": "223de2d8-9d12-4969-9771-c25c8d225add",
        "x-ms-version": "2024-02-04"
      },
      "RequestBody": null,
      "StatusCode": 409,
      "ResponseHeaders": {
        "Content-Length": "230",
        "Content-Type": "application/xml",
        "Date": "Mon, 11 Dec 2023 19:15:13 GMT",
        "Server": [
          "Windows-Azure-Blob/1.0",
          "Microsoft-HTTPAPI/2.0"
        ],
        "x-ms-client-request-id": "223de2d8-9d12-4969-9771-c25c8d225add",
        "x-ms-error-code": "ContainerAlreadyExists",
        "x-ms-request-id": "0d4933ae-501e-0098-3566-2cb707000000",
        "x-ms-version": "2024-02-04"
      },
      "ResponseBody": [
        "\uFEFF\u003C?xml version=\u00221.0\u0022 encoding=\u0022utf-8\u0022?\u003E\u003CError\u003E\u003CCode\u003EContainerAlreadyExists\u003C/Code\u003E\u003CMessage\u003EThe specified container already exists.\n",
        "RequestId:0d4933ae-501e-0098-3566-2cb707000000\n",
        "Time:2023-12-11T19:15:14.3810905Z\u003C/Message\u003E\u003C/Error\u003E"
      ]
    },
    {
      "RequestUri": "https://REDACTED/363397460clearpagesacbee907289753a14e2d024129b/363397461clearpagesacbee32057f5edc9184c5749399",
      "RequestMethod": "PUT",
      "RequestHeaders": {
        "Accept": "application/xml",
        "Authorization": "Sanitized",
        "Content-Length": "0",
        "Date": "Mon, 11 Dec 2023 19:15:10 GMT",
        "If-None-Match": "*",
        "User-Agent": "azsdk-java-azure-storage-blob/12.26.0-beta.1 (17.0.8; Windows 11; 10.0)",
        "x-ms-blob-content-length": "512",
        "x-ms-blob-type": "PageBlob",
        "x-ms-client-request-id": "9216057b-5329-480f-ae58-5c7ef5de8368",
        "x-ms-version": "2024-02-04"
      },
      "RequestBody": null,
      "StatusCode": 201,
      "ResponseHeaders": {
        "Content-Length": "0",
        "Date": "Mon, 11 Dec 2023 19:15:14 GMT",
        "ETag": "\u00220x8DBFA7D80F7B946\u0022",
        "Last-Modified": "Mon, 11 Dec 2023 19:15:14 GMT",
        "Server": [
          "Windows-Azure-Blob/1.0",
          "Microsoft-HTTPAPI/2.0"
        ],
        "x-ms-client-request-id": "9216057b-5329-480f-ae58-5c7ef5de8368",
        "x-ms-request-id": "0d493404-501e-0098-0366-2cb707000000",
        "x-ms-request-server-encrypted": "true",
        "x-ms-version": "2024-02-04"
      },
      "ResponseBody": null
    },
    {
      "RequestUri": "https://REDACTED/363397460clearpagesacbee907289753a14e2d024129b/363397461clearpagesacbee32057f5edc9184c5749399?comp=page",
      "RequestMethod": "PUT",
      "RequestHeaders": {
        "Accept": "application/xml",
        "Authorization": "Sanitized",
        "Content-Length": "512",
        "Content-Type": "application/octet-stream",
        "Date": "Mon, 11 Dec 2023 19:15:10 GMT",
        "User-Agent": "azsdk-java-azure-storage-blob/12.26.0-beta.1 (17.0.8; Windows 11; 10.0)",
        "x-ms-client-request-id": "b9bfdd86-1872-4029-a863-7904d54f6e65",
        "x-ms-page-write": "update",
        "x-ms-range": "bytes=0-511",
        "x-ms-version": "2024-02-04"
      },
      "RequestBody": "f1WhNLlXjx5hOSz7soJ8B8JINeiSSp6X4cCrOQmyHkPDbRD/QS/UNCPZfkRIy2DhlfYyOggvrFZwPOL/w8pQZDC4644gkydAbn5ohk9nl5WpKbXY2SUfu23AFgIFUiTXoqKGtAUC56IA16fIRi74ewONVt\u002BXdFUE0LRjaACGRx3pfSEEhtQj0KwuglsuPiLS3mmVwvZ0qrrjbO2XpU9/aEtov82aFWcw1Z2pyQzIRGYqug31U3XPQ8e9bCwrV\u002BAb/wffUB3r5wz3h0o2aeyEYAgL83ErKTAo8OQFd48oZl6yFaCXT472Rh9q2qbSp5LbTy/0hp\u002BpRCmlvqUhD2iapga3H4xV1J3XbfmBUVjPPr0KwvKS9wXzooFMX4OuFj6rD6kVqrdGvdGZkTyKEB0kyPh4OPIbZGIU9YuDh7TmJvHUOvwl4Msd52zzBlKTTLUvC0cU/Byx4RbDnG3GK6DCQtQXTYKi30I/QlO33IBHQhDpTgnJqeHDe4Q3PZRjlfK5fuKcUq9b\u002BsSPt1ib9mHGDG6l\u002BXOawlPEJHT5Vm4nMam3np9bIdDs7VenI3oap5H8KOT2q2lZQalh4NVqpVoznVjsX1bya7BlsyhuCpc1HwPai6K3tNQq8U/mkzghe3jkrhEzXIV1IPRTDy1CGayqpPo2SH69DCNo1oI650LReYY=",
      "StatusCode": 201,
      "ResponseHeaders": {
        "Content-Length": "0",
        "Date": "Mon, 11 Dec 2023 19:15:14 GMT",
        "ETag": "\u00220x8DBFA7D8104D6C1\u0022",
        "Last-Modified": "Mon, 11 Dec 2023 19:15:14 GMT",
        "Server": [
          "Windows-Azure-Blob/1.0",
          "Microsoft-HTTPAPI/2.0"
        ],
        "x-ms-blob-sequence-number": "0",
        "x-ms-client-request-id": "b9bfdd86-1872-4029-a863-7904d54f6e65",
        "x-ms-content-crc64": "SRHVWj1U\u002BF8=",
        "x-ms-request-id": "0d493456-501e-0098-5066-2cb707000000",
        "x-ms-request-server-encrypted": "true",
        "x-ms-version": "2024-02-04"
      },
      "ResponseBody": null
    },
    {
      "RequestUri": "https://REDACTED/363397460clearpagesacbee907289753a14e2d024129b/363397461clearpagesacbee32057f5edc9184c5749399?comp=tags",
      "RequestMethod": "PUT",
      "RequestHeaders": {
        "Accept": "application/xml",
        "Authorization": "Sanitized",
        "Content-Length": "111",
        "Content-Type": "application/xml",
        "Date": "Mon, 11 Dec 2023 19:15:10 GMT",
        "User-Agent": "azsdk-java-azure-storage-blob/12.26.0-beta.1 (17.0.8; Windows 11; 10.0)",
        "x-ms-client-request-id": "8b117cce-3c85-48ac-8cac-64249a778912",
        "x-ms-version": "2024-02-04"
      },
      "RequestBody": "\u003C?xml version=\u00271.0\u0027 encoding=\u0027UTF-8\u0027?\u003E\u003CTags\u003E\u003CTagSet\u003E\u003CTag\u003E\u003CKey\u003Efoo\u003C/Key\u003E\u003CValue\u003Ebar\u003C/Value\u003E\u003C/Tag\u003E\u003C/TagSet\u003E\u003C/Tags\u003E",
      "StatusCode": 204,
      "ResponseHeaders": {
        "Date": "Mon, 11 Dec 2023 19:15:14 GMT",
        "Server": [
          "Windows-Azure-Blob/1.0",
          "Microsoft-HTTPAPI/2.0"
        ],
        "x-ms-client-request-id": "8b117cce-3c85-48ac-8cac-64249a778912",
        "x-ms-request-id": "0d4934a2-501e-0098-1a66-2cb707000000",
        "x-ms-version": "2024-02-04"
      },
      "ResponseBody": null
    },
    {
      "RequestUri": "https://REDACTED/363397460clearpagesacbee907289753a14e2d024129b/363397461clearpagesacbee32057f5edc9184c5749399?comp=page",
      "RequestMethod": "PUT",
      "RequestHeaders": {
        "Accept": "application/xml",
        "Authorization": "Sanitized",
        "Content-Length": "0",
        "Date": "Mon, 11 Dec 2023 19:15:10 GMT",
        "User-Agent": "azsdk-java-azure-storage-blob/12.26.0-beta.1 (17.0.8; Windows 11; 10.0)",
        "x-ms-client-request-id": "ccccaf82-3f29-44b1-8fde-6a2106d7b5d8",
        "x-ms-if-tags": "\u0022foo\u0022 = \u0027bar\u0027",
        "x-ms-page-write": "clear",
        "x-ms-range": "bytes=0-511",
        "x-ms-version": "2024-02-04"
      },
      "RequestBody": null,
      "StatusCode": 201,
      "ResponseHeaders": {
        "Content-Length": "0",
        "Date": "Mon, 11 Dec 2023 19:15:14 GMT",
        "ETag": "\u00220x8DBFA7D811E758B\u0022",
        "Last-Modified": "Mon, 11 Dec 2023 19:15:14 GMT",
        "Server": [
          "Windows-Azure-Blob/1.0",
          "Microsoft-HTTPAPI/2.0"
        ],
        "x-ms-blob-sequence-number": "0",
        "x-ms-client-request-id": "ccccaf82-3f29-44b1-8fde-6a2106d7b5d8",
        "x-ms-request-id": "1a5db6b6-901e-0087-5f66-2c0403000000",
        "x-ms-version": "2024-02-04"
      },
      "ResponseBody": null
    }
  ],
  "Variables": {
    "0": "363397460clearpagesacbee907289753a14e2d024129b",
    "1": "363397461clearpagesacbee32057f5edc9184c5749399",
    "2": "a95d86ac-b100-4395-886d-ed4b7376f176"
  }
}
