{
  "Entries": [
    {
      "RequestUri": "https://REDACTED/af2c6d260listpagerangesacfail9b800898d9204f389d4f4?restype=container",
      "RequestMethod": "PUT",
      "RequestHeaders": {
        "Accept": "application/xml",
        "Authorization": "Sanitized",
        "Content-Length": "0",
        "Date": "Wed, 18 Oct 2023 21:28:30 GMT",
        "User-Agent": "azsdk-java-azure-storage-blob/12.25.0-beta.1 (17.0.8; Windows 11; 10.0)",
        "x-ms-client-request-id": "9bba0bd9-2fdd-4847-a5ac-7047d4c9fc9a",
        "x-ms-version": "2023-11-03"
      },
      "RequestBody": null,
      "StatusCode": 201,
      "ResponseHeaders": {
        "Content-Length": "0",
        "Date": "Wed, 18 Oct 2023 21:28:29 GMT",
        "ETag": "\u00220x8DBD0212C94C3F7\u0022",
        "Last-Modified": "Wed, 18 Oct 2023 21:28:30 GMT",
        "Server": [
          "Windows-Azure-Blob/1.0",
          "Microsoft-HTTPAPI/2.0"
        ],
        "x-ms-client-request-id": "9bba0bd9-2fdd-4847-a5ac-7047d4c9fc9a",
        "x-ms-request-id": "c9d3563f-201e-0049-6a0a-02d58d000000",
        "x-ms-version": "2023-11-03"
      },
      "ResponseBody": null
    },
    {
      "RequestUri": "https://REDACTED/af2c6d260listpagerangesacfail9b800898d9204f389d4f4/af2c6d261listpagerangesacfail9b879043d4b30d1da25f4",
      "RequestMethod": "PUT",
      "RequestHeaders": {
        "Accept": "application/xml",
        "Authorization": "Sanitized",
        "Content-Length": "0",
        "Date": "Wed, 18 Oct 2023 21:28:30 GMT",
        "If-None-Match": "*",
        "User-Agent": "azsdk-java-azure-storage-blob/12.25.0-beta.1 (17.0.8; Windows 11; 10.0)",
        "x-ms-blob-content-length": "512",
        "x-ms-blob-type": "PageBlob",
        "x-ms-client-request-id": "0c81cd67-fb6d-41e1-aa03-b0d5207754a3",
        "x-ms-version": "2023-11-03"
      },
      "RequestBody": null,
      "StatusCode": 201,
      "ResponseHeaders": {
        "Content-Length": "0",
        "Date": "Wed, 18 Oct 2023 21:28:29 GMT",
        "ETag": "\u00220x8DBD0212CA3C8D7\u0022",
        "Last-Modified": "Wed, 18 Oct 2023 21:28:30 GMT",
        "Server": [
          "Windows-Azure-Blob/1.0",
          "Microsoft-HTTPAPI/2.0"
        ],
        "x-ms-client-request-id": "0c81cd67-fb6d-41e1-aa03-b0d5207754a3",
        "x-ms-request-id": "c9d356b9-201e-0049-600a-02d58d000000",
        "x-ms-request-server-encrypted": "true",
        "x-ms-version": "2023-11-03"
      },
      "ResponseBody": null
    },
    {
      "RequestUri": "https://REDACTED/af2c6d260listpagerangesacfail9b800898d9204f389d4f4/af2c6d261listpagerangesacfail9b879043d4b30d1da25f4?comp=pagelist",
      "RequestMethod": "GET",
      "RequestHeaders": {
        "Accept": "application/xml",
        "Authorization": "Sanitized",
        "Content-Length": "0",
        "Date": "Wed, 18 Oct 2023 21:28:30 GMT",
        "If-Modified-Since": "Thu, 19 Oct 2023 21:28:10 GMT",
        "User-Agent": "azsdk-java-azure-storage-blob/12.25.0-beta.1 (17.0.8; Windows 11; 10.0)",
        "x-ms-client-request-id": "95061e2f-63bd-4793-ad97-2fd33a3cea4d",
        "x-ms-range": "bytes=0-511",
        "x-ms-version": "2023-11-03"
      },
      "RequestBody": null,
      "StatusCode": 304,
      "ResponseHeaders": {
        "Access-Control-Allow-Origin": "*",
        "Access-Control-Expose-Headers": "x-ms-client-request-id",
        "Date": "Wed, 18 Oct 2023 21:28:29 GMT",
        "Server": [
          "Windows-Azure-Blob/1.0",
          "Microsoft-HTTPAPI/2.0"
        ],
        "x-ms-client-request-id": "95061e2f-63bd-4793-ad97-2fd33a3cea4d",
        "x-ms-error-code": "ConditionNotMet",
        "x-ms-request-id": "c9d35740-201e-0049-5b0a-02d58d000000",
        "x-ms-version": "2023-11-03"
      },
      "ResponseBody": null
    }
  ],
  "Variables": {
    "0": "af2c6d260listpagerangesacfail9b800898d9204f389d4f4",
    "1": "af2c6d261listpagerangesacfail9b879043d4b30d1da25f4"
  }
}
