{
  "Entries": [
    {
      "RequestUri": "https://REDACTED/9dab78fd0sequencenumberacb2f54063b83584423caa4d3?restype=container",
      "RequestMethod": "PUT",
      "RequestHeaders": {
        "Accept": "application/xml",
        "Authorization": "Sanitized",
        "Content-Length": "0",
        "Date": "Wed, 11 Oct 2023 21:22:39 GMT",
        "User-Agent": "azsdk-java-azure-storage-blob/12.25.0-beta.1 (17.0.8.1; Windows 11; 10.0)",
        "x-ms-client-request-id": "bf447a7b-6b7a-4f16-9b00-202590e58c9c",
        "x-ms-version": "2023-08-03"
      },
      "RequestBody": null,
      "StatusCode": 201,
      "ResponseHeaders": {
        "Content-Length": "0",
        "Date": "Wed, 11 Oct 2023 21:22:39 GMT",
        "ETag": "\u00220x8DBCAA03284B468\u0022",
        "Last-Modified": "Wed, 11 Oct 2023 21:22:39 GMT",
        "Server": [
          "Windows-Azure-Blob/1.0",
          "Microsoft-HTTPAPI/2.0"
        ],
        "x-ms-client-request-id": "bf447a7b-6b7a-4f16-9b00-202590e58c9c",
        "x-ms-request-id": "de1a2051-201e-0080-6789-fc6e84000000",
        "x-ms-version": "2023-08-03"
      },
      "ResponseBody": null
    },
    {
      "RequestUri": "https://REDACTED/9dab78fd0sequencenumberacb2f54063b83584423caa4d3/9dab78fd1sequencenumberacb2f3311725599998cb7847b",
      "RequestMethod": "PUT",
      "RequestHeaders": {
        "Accept": "application/xml",
        "Authorization": "Sanitized",
        "Content-Length": "0",
        "Date": "Wed, 11 Oct 2023 21:22:39 GMT",
        "If-None-Match": "*",
        "User-Agent": "azsdk-java-azure-storage-blob/12.25.0-beta.1 (17.0.8.1; Windows 11; 10.0)",
        "x-ms-blob-content-length": "512",
        "x-ms-blob-type": "PageBlob",
        "x-ms-client-request-id": "a7588fb6-1587-41ae-bee1-606068651793",
        "x-ms-version": "2023-08-03"
      },
      "RequestBody": null,
      "StatusCode": 201,
      "ResponseHeaders": {
        "Content-Length": "0",
        "Date": "Wed, 11 Oct 2023 21:22:38 GMT",
        "ETag": "\u00220x8DBCAA03288A4BB\u0022",
        "Last-Modified": "Wed, 11 Oct 2023 21:22:39 GMT",
        "Server": [
          "Windows-Azure-Blob/1.0",
          "Microsoft-HTTPAPI/2.0"
        ],
        "x-ms-client-request-id": "a7588fb6-1587-41ae-bee1-606068651793",
        "x-ms-request-id": "da2958f2-601e-0007-6189-fcfde1000000",
        "x-ms-request-server-encrypted": "true",
        "x-ms-version": "2023-08-03"
      },
      "ResponseBody": null
    },
    {
      "RequestUri": "https://REDACTED/9dab78fd0sequencenumberacb2f54063b83584423caa4d3/9dab78fd1sequencenumberacb2f3311725599998cb7847b?comp=tags",
      "RequestMethod": "PUT",
      "RequestHeaders": {
        "Accept": "application/xml",
        "Authorization": "Sanitized",
        "Content-Length": "111",
        "Content-Type": "application/xml",
        "Date": "Wed, 11 Oct 2023 21:22:39 GMT",
        "User-Agent": "azsdk-java-azure-storage-blob/12.25.0-beta.1 (17.0.8.1; Windows 11; 10.0)",
        "x-ms-client-request-id": "8a8952b3-2323-45f6-b591-30eca8ee5a4b",
        "x-ms-version": "2023-08-03"
      },
      "RequestBody": "\u003C?xml version=\u00271.0\u0027 encoding=\u0027UTF-8\u0027?\u003E\u003CTags\u003E\u003CTagSet\u003E\u003CTag\u003E\u003CKey\u003Efoo\u003C/Key\u003E\u003CValue\u003Ebar\u003C/Value\u003E\u003C/Tag\u003E\u003C/TagSet\u003E\u003C/Tags\u003E",
      "StatusCode": 204,
      "ResponseHeaders": {
        "Date": "Wed, 11 Oct 2023 21:22:38 GMT",
        "Server": [
          "Windows-Azure-Blob/1.0",
          "Microsoft-HTTPAPI/2.0"
        ],
        "x-ms-client-request-id": "8a8952b3-2323-45f6-b591-30eca8ee5a4b",
        "x-ms-request-id": "da295907-601e-0007-7389-fcfde1000000",
        "x-ms-version": "2023-08-03"
      },
      "ResponseBody": null
    },
    {
      "RequestUri": "https://REDACTED/9dab78fd0sequencenumberacb2f54063b83584423caa4d3/9dab78fd1sequencenumberacb2f3311725599998cb7847b?comp=properties",
      "RequestMethod": "PUT",
      "RequestHeaders": {
        "Accept": "application/xml",
        "Authorization": "Sanitized",
        "Content-Length": "0",
        "Date": "Wed, 11 Oct 2023 21:22:39 GMT",
        "User-Agent": "azsdk-java-azure-storage-blob/12.25.0-beta.1 (17.0.8.1; Windows 11; 10.0)",
        "x-ms-blob-sequence-number": "1",
        "x-ms-client-request-id": "ceae7d46-d301-4477-bc90-353e17b43c26",
        "x-ms-if-tags": "\u0022foo\u0022 = \u0027bar\u0027",
        "x-ms-sequence-number-action": "update",
        "x-ms-version": "2023-08-03"
      },
      "RequestBody": null,
      "StatusCode": 200,
      "ResponseHeaders": {
        "Content-Length": "0",
        "Date": "Wed, 11 Oct 2023 21:22:38 GMT",
        "ETag": "\u00220x8DBCAA0328FF6A2\u0022",
        "Last-Modified": "Wed, 11 Oct 2023 21:22:39 GMT",
        "Server": [
          "Windows-Azure-Blob/1.0",
          "Microsoft-HTTPAPI/2.0"
        ],
        "x-ms-blob-sequence-number": "1",
        "x-ms-client-request-id": "ceae7d46-d301-4477-bc90-353e17b43c26",
        "x-ms-request-id": "da295918-601e-0007-0389-fcfde1000000",
        "x-ms-version": "2023-08-03"
      },
      "ResponseBody": null
    }
  ],
  "Variables": {
    "0": "9dab78fd0sequencenumberacb2f54063b83584423caa4d3",
    "1": "9dab78fd1sequencenumberacb2f3311725599998cb7847b"
  }
}
