{
  "Entries": [
    {
      "RequestUri": "https://REDACTED/980830e70uploadpagefromurldestinationac7d275012b9792f82?restype=container",
      "RequestMethod": "PUT",
      "RequestHeaders": {
        "Accept": "application/xml",
        "Authorization": "Sanitized",
        "Content-Length": "0",
        "Date": "Wed, 13 Dec 2023 21:51:15 GMT",
        "User-Agent": "azsdk-java-azure-storage-blob/12.26.0-beta.1 (17.0.8; Windows 11; 10.0)",
        "x-ms-client-request-id": "0889bf3b-d2ac-4dde-bac9-d3488f6a6c36",
        "x-ms-version": "2024-02-04"
      },
      "RequestBody": null,
      "StatusCode": 201,
      "ResponseHeaders": {
        "Content-Length": "0",
        "Date": "Wed, 13 Dec 2023 21:51:15 GMT",
        "ETag": "\u00220x8DBFC25A1B73C97\u0022",
        "Last-Modified": "Wed, 13 Dec 2023 21:51:16 GMT",
        "Server": [
          "Windows-Azure-Blob/1.0",
          "Microsoft-HTTPAPI/2.0"
        ],
        "x-ms-client-request-id": "0889bf3b-d2ac-4dde-bac9-d3488f6a6c36",
        "x-ms-request-id": "48b1ae4a-901e-00a8-0e0e-2e09c8000000",
        "x-ms-version": "2024-02-04"
      },
      "ResponseBody": null
    },
    {
      "RequestUri": "https://REDACTED/980830e70uploadpagefromurldestinationac7d275012b9792f82?restype=container",
      "RequestMethod": "PUT",
      "RequestHeaders": {
        "Accept": "application/xml",
        "Authorization": "Sanitized",
        "Content-Length": "0",
        "Date": "Wed, 13 Dec 2023 21:51:15 GMT",
        "User-Agent": "azsdk-java-azure-storage-blob/12.26.0-beta.1 (17.0.8; Windows 11; 10.0)",
        "x-ms-client-request-id": "8346660f-bf17-4aa8-b227-d304c32e6c62",
        "x-ms-version": "2024-02-04"
      },
      "RequestBody": null,
      "StatusCode": 409,
      "ResponseHeaders": {
        "Content-Length": "230",
        "Content-Type": "application/xml",
        "Date": "Wed, 13 Dec 2023 21:51:15 GMT",
        "Server": [
          "Windows-Azure-Blob/1.0",
          "Microsoft-HTTPAPI/2.0"
        ],
        "x-ms-client-request-id": "8346660f-bf17-4aa8-b227-d304c32e6c62",
        "x-ms-error-code": "ContainerAlreadyExists",
        "x-ms-request-id": "48b1af43-901e-00a8-790e-2e09c8000000",
        "x-ms-version": "2024-02-04"
      },
      "ResponseBody": [
        "\uFEFF\u003C?xml version=\u00221.0\u0022 encoding=\u0022utf-8\u0022?\u003E\u003CError\u003E\u003CCode\u003EContainerAlreadyExists\u003C/Code\u003E\u003CMessage\u003EThe specified container already exists.\n",
        "RequestId:48b1af43-901e-00a8-790e-2e09c8000000\n",
        "Time:2023-12-13T21:51:16.1156452Z\u003C/Message\u003E\u003C/Error\u003E"
      ]
    },
    {
      "RequestUri": "https://REDACTED/980830e70uploadpagefromurldestinationac7d275012b9792f82/980830e71uploadpagefromurldestinationac7d26309737190116",
      "RequestMethod": "PUT",
      "RequestHeaders": {
        "Accept": "application/xml",
        "Authorization": "Sanitized",
        "Content-Length": "0",
        "Date": "Wed, 13 Dec 2023 21:51:16 GMT",
        "If-None-Match": "*",
        "User-Agent": "azsdk-java-azure-storage-blob/12.26.0-beta.1 (17.0.8; Windows 11; 10.0)",
        "x-ms-blob-content-length": "512",
        "x-ms-blob-type": "PageBlob",
        "x-ms-client-request-id": "d92955f5-74d7-4c68-9227-2bffb64e7144",
        "x-ms-version": "2024-02-04"
      },
      "RequestBody": null,
      "StatusCode": 201,
      "ResponseHeaders": {
        "Content-Length": "0",
        "Date": "Wed, 13 Dec 2023 21:51:15 GMT",
        "ETag": "\u00220x8DBFC25A1D401EB\u0022",
        "Last-Modified": "Wed, 13 Dec 2023 21:51:16 GMT",
        "Server": [
          "Windows-Azure-Blob/1.0",
          "Microsoft-HTTPAPI/2.0"
        ],
        "x-ms-client-request-id": "d92955f5-74d7-4c68-9227-2bffb64e7144",
        "x-ms-request-id": "48b1b048-901e-00a8-750e-2e09c8000000",
        "x-ms-request-server-encrypted": "true",
        "x-ms-version": "2024-02-04"
      },
      "ResponseBody": null
    },
    {
      "RequestUri": "https://REDACTED/980830e70uploadpagefromurldestinationac7d275012b9792f82/980830e71uploadpagefromurldestinationac7d26309737190116?comp=tags",
      "RequestMethod": "PUT",
      "RequestHeaders": {
        "Accept": "application/xml",
        "Authorization": "Sanitized",
        "Content-Length": "111",
        "Content-Type": "application/xml",
        "Date": "Wed, 13 Dec 2023 21:51:16 GMT",
        "User-Agent": "azsdk-java-azure-storage-blob/12.26.0-beta.1 (17.0.8; Windows 11; 10.0)",
        "x-ms-client-request-id": "05d29105-d43d-439e-92da-8eff2d6791b9",
        "x-ms-version": "2024-02-04"
      },
      "RequestBody": "\u003C?xml version=\u00271.0\u0027 encoding=\u0027UTF-8\u0027?\u003E\u003CTags\u003E\u003CTagSet\u003E\u003CTag\u003E\u003CKey\u003Efoo\u003C/Key\u003E\u003CValue\u003Ebar\u003C/Value\u003E\u003C/Tag\u003E\u003C/TagSet\u003E\u003C/Tags\u003E",
      "StatusCode": 204,
      "ResponseHeaders": {
        "Date": "Wed, 13 Dec 2023 21:51:15 GMT",
        "Server": [
          "Windows-Azure-Blob/1.0",
          "Microsoft-HTTPAPI/2.0"
        ],
        "x-ms-client-request-id": "05d29105-d43d-439e-92da-8eff2d6791b9",
        "x-ms-request-id": "09147aa6-501e-0043-4f0e-2e713a000000",
        "x-ms-version": "2024-02-04"
      },
      "ResponseBody": null
    },
    {
      "RequestUri": "https://REDACTED/980830e70uploadpagefromurldestinationac7d275012b9792f82/980830e72uploadpagefromurldestinationac7d2839397cd0fea8",
      "RequestMethod": "PUT",
      "RequestHeaders": {
        "Accept": "application/xml",
        "Authorization": "Sanitized",
        "Content-Length": "0",
        "Date": "Wed, 13 Dec 2023 21:51:16 GMT",
        "If-None-Match": "*",
        "User-Agent": "azsdk-java-azure-storage-blob/12.26.0-beta.1 (17.0.8; Windows 11; 10.0)",
        "x-ms-blob-content-length": "512",
        "x-ms-blob-type": "PageBlob",
        "x-ms-client-request-id": "31707895-30ea-4f85-9bae-cfc28b4cf064",
        "x-ms-version": "2024-02-04"
      },
      "RequestBody": null,
      "StatusCode": 201,
      "ResponseHeaders": {
        "Content-Length": "0",
        "Date": "Wed, 13 Dec 2023 21:51:15 GMT",
        "ETag": "\u00220x8DBFC25A1F08666\u0022",
        "Last-Modified": "Wed, 13 Dec 2023 21:51:16 GMT",
        "Server": [
          "Windows-Azure-Blob/1.0",
          "Microsoft-HTTPAPI/2.0"
        ],
        "x-ms-client-request-id": "31707895-30ea-4f85-9bae-cfc28b4cf064",
        "x-ms-request-id": "09147b74-501e-0043-100e-2e713a000000",
        "x-ms-request-server-encrypted": "true",
        "x-ms-version": "2024-02-04"
      },
      "ResponseBody": null
    },
    {
      "RequestUri": "https://REDACTED/980830e70uploadpagefromurldestinationac7d275012b9792f82/980830e72uploadpagefromurldestinationac7d2839397cd0fea8?comp=page",
      "RequestMethod": "PUT",
      "RequestHeaders": {
        "Accept": "application/xml",
        "Authorization": "Sanitized",
        "Content-Length": "512",
        "Content-Type": "application/octet-stream",
        "Date": "Wed, 13 Dec 2023 21:51:16 GMT",
        "User-Agent": "azsdk-java-azure-storage-blob/12.26.0-beta.1 (17.0.8; Windows 11; 10.0)",
        "x-ms-client-request-id": "2763f89e-7ce5-4cf8-bb9b-2e79c5909765",
        "x-ms-page-write": "update",
        "x-ms-range": "bytes=0-511",
        "x-ms-version": "2024-02-04"
      },
      "RequestBody": "Txfvk5lo0Q4NFguqWOg3XNS0nGXaNx4qf16NdwvHuwUjbKvp6dBGFZWrWnMuMOnDdsTYgUkK5rF1PTl2MbUGqaofVJ7qY2uRKGzEMqS\u002B6vZIWPqS4eYkczafjBAMVUWnwrue5FvM2muMm0xi\u002BiJ96vzkch/PHwpopkuLJlgEkj8OO7OIctDqoOllz/0Gt8jLSBjW0/DlQI5QlfzDpYAICXXd1zpYzL9SSwjIibHdDCdkdR5CV\u002BvBQeOJrPHVjRpTowwTH6j8hQohiaT/epEI1Y0BOUXL1UYisLJyrqDsYrSHUHVk9JiZ\u002BsEAqG7xQnaehgCqBEaByWcuZSCNE6Fwm9NT/YpAvqfC4nGdPj0HteYSwVx8dxK57XejuDYMiUTqgPhHK4UpEo4gMt2nlxb593t58BxB2c7HyIyT2sBCe0JHfH6HL8IfZHviZiLNmp28DjQUkToDreYFXk9oNmNdrSitNOmg9MMo2PcRRMDNccqdy8P0LR6xLTICsUnK/E\u002B45y0p1KvcBhx/0xbE5mcbpvv3d9OYaqRe\u002BzLWNKt1X/OKyhliGUBYnZtrciDIXugNhGqbEi/\u002BM2stKVuZXK7e/N3cHbAnWVeXvYPmr4XzqeyS\u002BtaFV7ZaDzvdVR02eFTq7sA4IgZx2T9adZjBThFzTgniBkur\u002BiYTutdImeVbMew=",
      "StatusCode": 201,
      "ResponseHeaders": {
        "Content-Length": "0",
        "Date": "Wed, 13 Dec 2023 21:51:15 GMT",
        "ETag": "\u00220x8DBFC25A1FD7CCA\u0022",
        "Last-Modified": "Wed, 13 Dec 2023 21:51:16 GMT",
        "Server": [
          "Windows-Azure-Blob/1.0",
          "Microsoft-HTTPAPI/2.0"
        ],
        "x-ms-blob-sequence-number": "0",
        "x-ms-client-request-id": "2763f89e-7ce5-4cf8-bb9b-2e79c5909765",
        "x-ms-content-crc64": "wEEh72mrcII=",
        "x-ms-request-id": "09147c10-501e-0043-240e-2e713a000000",
        "x-ms-request-server-encrypted": "true",
        "x-ms-version": "2024-02-04"
      },
      "ResponseBody": null
    },
    {
      "RequestUri": "https://REDACTED/980830e70uploadpagefromurldestinationac7d275012b9792f82/980830e71uploadpagefromurldestinationac7d26309737190116?comp=page",
      "RequestMethod": "PUT",
      "RequestHeaders": {
        "Accept": "application/xml",
        "Authorization": "Sanitized",
        "Content-Length": "0",
        "Date": "Wed, 13 Dec 2023 21:51:16 GMT",
        "User-Agent": "azsdk-java-azure-storage-blob/12.26.0-beta.1 (17.0.8; Windows 11; 10.0)",
        "x-ms-client-request-id": "b1ce1ae9-4d76-48df-94df-f29690b841c6",
        "x-ms-copy-source": "https://REDACTED/980830e70uploadpagefromurldestinationac7d275012b9792f82/980830e72uploadpagefromurldestinationac7d2839397cd0fea8?sv=2024-02-04\u0026se=2023-12-14T21%3A51%3A16Z\u0026sr=b\u0026sp=r\u0026REDACTED",
        "x-ms-if-sequence-number-le": "3",
        "x-ms-page-write": "update",
        "x-ms-range": "bytes=0-511",
        "x-ms-source-range": "bytes=0-511",
        "x-ms-version": "2024-02-04"
      },
      "RequestBody": null,
      "StatusCode": 201,
      "ResponseHeaders": {
        "Content-Length": "0",
        "Date": "Wed, 13 Dec 2023 21:51:16 GMT",
        "ETag": "\u00220x8DBFC25A20C6EAF\u0022",
        "Last-Modified": "Wed, 13 Dec 2023 21:51:16 GMT",
        "Server": [
          "Windows-Azure-Blob/1.0",
          "Microsoft-HTTPAPI/2.0"
        ],
        "x-ms-blob-sequence-number": "0",
        "x-ms-client-request-id": "b1ce1ae9-4d76-48df-94df-f29690b841c6",
        "x-ms-content-crc64": "wEEh72mrcII=",
        "x-ms-request-id": "09147c9b-501e-0043-270e-2e713a000000",
        "x-ms-request-server-encrypted": "true",
        "x-ms-version": "2024-02-04"
      },
      "ResponseBody": null
    }
  ],
  "Variables": {
    "0": "980830e70uploadpagefromurldestinationac7d275012b9792f82",
    "1": "980830e71uploadpagefromurldestinationac7d26309737190116",
    "2": "980830e72uploadpagefromurldestinationac7d2839397cd0fea8",
    "3": "a90e9e3e-e8de-46a4-a928-ae6778a4cff5",
    "4": "2023-12-13T21:51:16.406530200Z"
  }
}
