{
  "Entries": [
    {
      "RequestUri": "https://REDACTED/210ba8bb0getpagerangesacfail04d390685b69630a2a2c4?restype=container",
      "RequestMethod": "PUT",
      "RequestHeaders": {
        "Accept": "application/xml",
        "Authorization": "Sanitized",
        "Content-Length": "0",
        "Date": "Thu, 09 Nov 2023 22:38:39 GMT",
        "User-Agent": "azsdk-java-azure-storage-blob/12.25.0-beta.2 (17.0.8; Windows 11; 10.0)",
        "x-ms-client-request-id": "f8ce1e96-bba9-4b3d-b5ba-d92503a4241c",
        "x-ms-version": "2023-11-03"
      },
      "RequestBody": null,
      "StatusCode": 201,
      "ResponseHeaders": {
        "Content-Length": "0",
        "Date": "Thu, 09 Nov 2023 22:38:39 GMT",
        "ETag": "\u00220x8DBE1749ED9EA66\u0022",
        "Last-Modified": "Thu, 09 Nov 2023 22:38:40 GMT",
        "Server": [
          "Windows-Azure-Blob/1.0",
          "Microsoft-HTTPAPI/2.0"
        ],
        "x-ms-client-request-id": "f8ce1e96-bba9-4b3d-b5ba-d92503a4241c",
        "x-ms-request-id": "92d93eab-201e-0059-6a5d-1310e5000000",
        "x-ms-version": "2023-11-03"
      },
      "ResponseBody": null
    },
    {
      "RequestUri": "https://REDACTED/210ba8bb0getpagerangesacfail04d390685b69630a2a2c4/210ba8bb1getpagerangesacfail04d75687578f2bcaec124",
      "RequestMethod": "PUT",
      "RequestHeaders": {
        "Accept": "application/xml",
        "Authorization": "Sanitized",
        "Content-Length": "0",
        "Date": "Thu, 09 Nov 2023 22:38:39 GMT",
        "If-None-Match": "*",
        "User-Agent": "azsdk-java-azure-storage-blob/12.25.0-beta.2 (17.0.8; Windows 11; 10.0)",
        "x-ms-blob-content-length": "512",
        "x-ms-blob-type": "PageBlob",
        "x-ms-client-request-id": "0ec9f3a1-90ca-4a9a-b0ea-b5888155ec14",
        "x-ms-version": "2023-11-03"
      },
      "RequestBody": null,
      "StatusCode": 201,
      "ResponseHeaders": {
        "Content-Length": "0",
        "Date": "Thu, 09 Nov 2023 22:38:39 GMT",
        "ETag": "\u00220x8DBE1749EEB81C5\u0022",
        "Last-Modified": "Thu, 09 Nov 2023 22:38:40 GMT",
        "Server": [
          "Windows-Azure-Blob/1.0",
          "Microsoft-HTTPAPI/2.0"
        ],
        "x-ms-client-request-id": "0ec9f3a1-90ca-4a9a-b0ea-b5888155ec14",
        "x-ms-request-id": "afabf7a7-b01e-0029-025d-13a912000000",
        "x-ms-request-server-encrypted": "true",
        "x-ms-version": "2023-11-03"
      },
      "ResponseBody": null
    },
    {
      "RequestUri": "https://REDACTED/210ba8bb0getpagerangesacfail04d390685b69630a2a2c4/210ba8bb1getpagerangesacfail04d75687578f2bcaec124",
      "RequestMethod": "HEAD",
      "RequestHeaders": {
        "Accept": "application/xml",
        "Authorization": "Sanitized",
        "Content-Length": "0",
        "Date": "Thu, 09 Nov 2023 22:38:40 GMT",
        "User-Agent": "azsdk-java-azure-storage-blob/12.25.0-beta.2 (17.0.8; Windows 11; 10.0)",
        "x-ms-client-request-id": "1adae4c9-6718-4753-b1d3-6145ef5cefe7",
        "x-ms-version": "2023-11-03"
      },
      "RequestBody": null,
      "StatusCode": 200,
      "ResponseHeaders": {
        "Accept-Ranges": "bytes",
        "Access-Control-Allow-Origin": "*",
        "Access-Control-Expose-Headers": "x-ms-client-request-id",
        "Content-Length": "512",
        "Content-Type": "application/octet-stream",
        "Date": "Thu, 09 Nov 2023 22:38:39 GMT",
        "ETag": "\u00220x8DBE1749EEB81C5\u0022",
        "Last-Modified": "Thu, 09 Nov 2023 22:38:40 GMT",
        "Server": [
          "Windows-Azure-Blob/1.0",
          "Microsoft-HTTPAPI/2.0"
        ],
        "x-ms-blob-sequence-number": "0",
        "x-ms-blob-type": "PageBlob",
        "x-ms-client-request-id": "1adae4c9-6718-4753-b1d3-6145ef5cefe7",
        "x-ms-creation-time": "Thu, 09 Nov 2023 22:38:40 GMT",
        "x-ms-lease-state": "available",
        "x-ms-lease-status": "unlocked",
        "x-ms-request-id": "3a16a129-e01e-00a2-0e5d-13ad7f000000",
        "x-ms-server-encrypted": "true",
        "x-ms-version": "2023-11-03"
      },
      "ResponseBody": null
    },
    {
      "RequestUri": "https://REDACTED/210ba8bb0getpagerangesacfail04d390685b69630a2a2c4/210ba8bb1getpagerangesacfail04d75687578f2bcaec124?comp=pagelist",
      "RequestMethod": "GET",
      "RequestHeaders": {
        "Accept": "application/xml",
        "Authorization": "Sanitized",
        "Content-Length": "0",
        "Date": "Thu, 09 Nov 2023 22:38:40 GMT",
        "If-None-Match": "0x8DBE1749EEB81C5",
        "User-Agent": "azsdk-java-azure-storage-blob/12.25.0-beta.2 (17.0.8; Windows 11; 10.0)",
        "x-ms-client-request-id": "e51acf46-1bdc-42b6-bedf-d2e3ef979368",
        "x-ms-range": "bytes=0-511",
        "x-ms-version": "2023-11-03"
      },
      "RequestBody": null,
      "StatusCode": 304,
      "ResponseHeaders": {
        "Access-Control-Allow-Origin": "*",
        "Access-Control-Expose-Headers": "x-ms-client-request-id",
        "Date": "Thu, 09 Nov 2023 22:38:39 GMT",
        "Server": [
          "Windows-Azure-Blob/1.0",
          "Microsoft-HTTPAPI/2.0"
        ],
        "x-ms-client-request-id": "e51acf46-1bdc-42b6-bedf-d2e3ef979368",
        "x-ms-error-code": "ConditionNotMet",
        "x-ms-request-id": "3a16a19c-e01e-00a2-475d-13ad7f000000",
        "x-ms-version": "2023-11-03"
      },
      "ResponseBody": null
    }
  ],
  "Variables": {
    "0": "210ba8bb0getpagerangesacfail04d390685b69630a2a2c4",
    "1": "210ba8bb1getpagerangesacfail04d75687578f2bcaec124"
  }
}
