{
  "Entries": [
    {
      "RequestUri": "https://REDACTED/2e4631c20startincrementalcopyacd0d25294865d8a14c5af?restype=container",
      "RequestMethod": "PUT",
      "RequestHeaders": {
        "Accept": "application/xml",
        "Authorization": "Sanitized",
        "Content-Length": "0",
        "Date": "Wed, 18 Oct 2023 19:25:36 GMT",
        "User-Agent": "azsdk-java-azure-storage-blob/12.25.0-beta.1 (17.0.8; Windows 11; 10.0)",
        "x-ms-client-request-id": "e464cb1a-c6cb-457e-ad02-076ae2ef4235",
        "x-ms-version": "2023-11-03"
      },
      "RequestBody": null,
      "StatusCode": 201,
      "ResponseHeaders": {
        "Content-Length": "0",
        "Date": "Wed, 18 Oct 2023 19:25:36 GMT",
        "ETag": "\u00220x8DBD01001781D70\u0022",
        "Last-Modified": "Wed, 18 Oct 2023 19:25:36 GMT",
        "Server": [
          "Windows-Azure-Blob/1.0",
          "Microsoft-HTTPAPI/2.0"
        ],
        "x-ms-client-request-id": "e464cb1a-c6cb-457e-ad02-076ae2ef4235",
        "x-ms-request-id": "abd1b784-901e-005c-0df8-01c23e000000",
        "x-ms-version": "2023-11-03"
      },
      "ResponseBody": null
    },
    {
      "RequestUri": "https://REDACTED/2e4631c20startincrementalcopyacd0d25294865d8a14c5af/2e4631c21startincrementalcopyacd0d04176cdfcdb6319ee",
      "RequestMethod": "PUT",
      "RequestHeaders": {
        "Accept": "application/xml",
        "Authorization": "Sanitized",
        "Content-Length": "0",
        "Date": "Wed, 18 Oct 2023 19:25:36 GMT",
        "If-None-Match": "*",
        "User-Agent": "azsdk-java-azure-storage-blob/12.25.0-beta.1 (17.0.8; Windows 11; 10.0)",
        "x-ms-blob-content-length": "512",
        "x-ms-blob-type": "PageBlob",
        "x-ms-client-request-id": "54932533-440e-49c4-818e-27bf555b0646",
        "x-ms-version": "2023-11-03"
      },
      "RequestBody": null,
      "StatusCode": 201,
      "ResponseHeaders": {
        "Content-Length": "0",
        "Date": "Wed, 18 Oct 2023 19:25:36 GMT",
        "ETag": "\u00220x8DBD01001888B7D\u0022",
        "Last-Modified": "Wed, 18 Oct 2023 19:25:36 GMT",
        "Server": [
          "Windows-Azure-Blob/1.0",
          "Microsoft-HTTPAPI/2.0"
        ],
        "x-ms-client-request-id": "54932533-440e-49c4-818e-27bf555b0646",
        "x-ms-request-id": "abd1b83a-901e-005c-30f8-01c23e000000",
        "x-ms-request-server-encrypted": "true",
        "x-ms-version": "2023-11-03"
      },
      "ResponseBody": null
    },
    {
      "RequestUri": "https://REDACTED/2e4631c20startincrementalcopyacd0d25294865d8a14c5af?restype=container\u0026comp=acl",
      "RequestMethod": "PUT",
      "RequestHeaders": {
        "Accept": "application/xml",
        "Authorization": "Sanitized",
        "Content-Length": "58",
        "Content-Type": "application/xml",
        "Date": "Wed, 18 Oct 2023 19:25:36 GMT",
        "User-Agent": "azsdk-java-azure-storage-blob/12.25.0-beta.1 (17.0.8; Windows 11; 10.0)",
        "x-ms-blob-public-access": "blob",
        "x-ms-client-request-id": "50e7dda0-13f4-4509-8fb8-2d140b73e85d",
        "x-ms-version": "2023-11-03"
      },
      "RequestBody": "\u003C?xml version=\u00271.0\u0027 encoding=\u0027UTF-8\u0027?\u003E\u003CSignedIdentifiers/\u003E",
      "StatusCode": 200,
      "ResponseHeaders": {
        "Content-Length": "0",
        "Date": "Wed, 18 Oct 2023 19:25:35 GMT",
        "ETag": "\u00220x8DBD01001985ECC\u0022",
        "Last-Modified": "Wed, 18 Oct 2023 19:25:36 GMT",
        "Server": [
          "Windows-Azure-Blob/1.0",
          "Microsoft-HTTPAPI/2.0"
        ],
        "x-ms-client-request-id": "50e7dda0-13f4-4509-8fb8-2d140b73e85d",
        "x-ms-request-id": "0e919e12-801e-0022-76f8-015279000000",
        "x-ms-version": "2023-11-03"
      },
      "ResponseBody": null
    },
    {
      "RequestUri": "https://REDACTED/2e4631c20startincrementalcopyacd0d25294865d8a14c5af/2e4631c21startincrementalcopyacd0d04176cdfcdb6319ee?comp=snapshot",
      "RequestMethod": "PUT",
      "RequestHeaders": {
        "Accept": "application/xml",
        "Authorization": "Sanitized",
        "Content-Length": "0",
        "Date": "Wed, 18 Oct 2023 19:25:36 GMT",
        "User-Agent": "azsdk-java-azure-storage-blob/12.25.0-beta.1 (17.0.8; Windows 11; 10.0)",
        "x-ms-client-request-id": "58b2b21a-b996-4eec-99b8-f38e6eaa5379",
        "x-ms-version": "2023-11-03"
      },
      "RequestBody": null,
      "StatusCode": 201,
      "ResponseHeaders": {
        "Content-Length": "0",
        "Date": "Wed, 18 Oct 2023 19:25:36 GMT",
        "ETag": "\u00220x8DBD01001888B7D\u0022",
        "Last-Modified": "Wed, 18 Oct 2023 19:25:36 GMT",
        "Server": [
          "Windows-Azure-Blob/1.0",
          "Microsoft-HTTPAPI/2.0"
        ],
        "x-ms-client-request-id": "58b2b21a-b996-4eec-99b8-f38e6eaa5379",
        "x-ms-request-id": "0e919e9b-801e-0022-74f8-015279000000",
        "x-ms-request-server-encrypted": "false",
        "x-ms-snapshot": "2023-10-18T19:25:36.8795977Z",
        "x-ms-version": "2023-11-03"
      },
      "ResponseBody": null
    },
    {
      "RequestUri": "https://REDACTED/2e4631c20startincrementalcopyacd0d25294865d8a14c5af/2e4631c22startincrementalcopyacd0d8265703fa7a9f52cb?comp=incrementalcopy",
      "RequestMethod": "PUT",
      "RequestHeaders": {
        "Accept": "application/xml",
        "Authorization": "Sanitized",
        "Content-Length": "0",
        "Date": "Wed, 18 Oct 2023 19:25:36 GMT",
        "User-Agent": "azsdk-java-azure-storage-blob/12.25.0-beta.1 (17.0.8; Windows 11; 10.0)",
        "x-ms-client-request-id": "99597dbc-89d1-4f20-92ad-653fa91c0692",
        "x-ms-copy-source": "https://REDACTED/2e4631c20startincrementalcopyacd0d25294865d8a14c5af/2e4631c21startincrementalcopyacd0d04176cdfcdb6319ee?snapshot=2023-10-18T19:25:36.8795977Z",
        "x-ms-version": "2023-11-03"
      },
      "RequestBody": null,
      "StatusCode": 202,
      "ResponseHeaders": {
        "Content-Length": "0",
        "Date": "Wed, 18 Oct 2023 19:25:36 GMT",
        "ETag": "\u00220x8DBD01001B69983\u0022",
        "Last-Modified": "Wed, 18 Oct 2023 19:25:36 GMT",
        "Server": [
          "Windows-Azure-Blob/1.0",
          "Microsoft-HTTPAPI/2.0"
        ],
        "x-ms-client-request-id": "99597dbc-89d1-4f20-92ad-653fa91c0692",
        "x-ms-copy-id": "2c422884-18c3-4bb7-aa52-a3e536b31dfc",
        "x-ms-copy-status": "pending",
        "x-ms-request-id": "0e919f1d-801e-0022-6ff8-015279000000",
        "x-ms-version": "2023-11-03"
      },
      "ResponseBody": null
    },
    {
      "RequestUri": "https://REDACTED/2e4631c20startincrementalcopyacd0d25294865d8a14c5af/2e4631c22startincrementalcopyacd0d8265703fa7a9f52cb",
      "RequestMethod": "HEAD",
      "RequestHeaders": {
        "Accept": "application/xml",
        "Authorization": "Sanitized",
        "Content-Length": "0",
        "Date": "Wed, 18 Oct 2023 19:25:37 GMT",
        "User-Agent": "azsdk-java-azure-storage-blob/12.25.0-beta.1 (17.0.8; Windows 11; 10.0)",
        "x-ms-client-request-id": "fcf5f4d4-ceba-4636-8bb9-78e9ec433ff8",
        "x-ms-version": "2023-11-03"
      },
      "RequestBody": null,
      "StatusCode": 200,
      "ResponseHeaders": {
        "Accept-Ranges": "bytes",
        "Access-Control-Allow-Origin": "*",
        "Access-Control-Expose-Headers": "x-ms-client-request-id",
        "Content-Length": "512",
        "Content-Type": "application/octet-stream",
        "Date": "Wed, 18 Oct 2023 19:25:36 GMT",
        "ETag": "\u00220x8DBD01001B69983\u0022",
        "Last-Modified": "Wed, 18 Oct 2023 19:25:36 GMT",
        "Server": [
          "Windows-Azure-Blob/1.0",
          "Microsoft-HTTPAPI/2.0"
        ],
        "x-ms-blob-sequence-number": "0",
        "x-ms-blob-type": "PageBlob",
        "x-ms-client-request-id": "fcf5f4d4-ceba-4636-8bb9-78e9ec433ff8",
        "x-ms-copy-completion-time": "Wed, 18 Oct 2023 19:25:36 GMT",
        "x-ms-copy-destination-snapshot": "2023-10-18T19:25:37.0095224Z",
        "x-ms-copy-id": "2c422884-18c3-4bb7-aa52-a3e536b31dfc",
        "x-ms-copy-progress": "512/512",
        "x-ms-copy-source": "https://REDACTED/2e4631c20startincrementalcopyacd0d25294865d8a14c5af/2e4631c21startincrementalcopyacd0d04176cdfcdb6319ee?snapshot=2023-10-18T19:25:36.8795977Z",
        "x-ms-copy-status": "success",
        "x-ms-creation-time": "Wed, 18 Oct 2023 19:25:36 GMT",
        "x-ms-incremental-copy": "true",
        "x-ms-lease-state": "available",
        "x-ms-lease-status": "unlocked",
        "x-ms-request-id": "0e919fa0-801e-0022-66f8-015279000000",
        "x-ms-server-encrypted": "true",
        "x-ms-version": "2023-11-03"
      },
      "ResponseBody": null
    },
    {
      "RequestUri": "https://REDACTED/2e4631c20startincrementalcopyacd0d25294865d8a14c5af/2e4631c22startincrementalcopyacd0d8265703fa7a9f52cb?comp=tags",
      "RequestMethod": "PUT",
      "RequestHeaders": {
        "Accept": "application/xml",
        "Authorization": "Sanitized",
        "Content-Length": "111",
        "Content-Type": "application/xml",
        "Date": "Wed, 18 Oct 2023 19:25:38 GMT",
        "User-Agent": "azsdk-java-azure-storage-blob/12.25.0-beta.1 (17.0.8; Windows 11; 10.0)",
        "x-ms-client-request-id": "2df6e52e-ee02-45ae-940c-6e4a74a38e89",
        "x-ms-version": "2023-11-03"
      },
      "RequestBody": "\u003C?xml version=\u00271.0\u0027 encoding=\u0027UTF-8\u0027?\u003E\u003CTags\u003E\u003CTagSet\u003E\u003CTag\u003E\u003CKey\u003Efoo\u003C/Key\u003E\u003CValue\u003Ebar\u003C/Value\u003E\u003C/Tag\u003E\u003C/TagSet\u003E\u003C/Tags\u003E",
      "StatusCode": 204,
      "ResponseHeaders": {
        "Date": "Wed, 18 Oct 2023 19:25:37 GMT",
        "Server": [
          "Windows-Azure-Blob/1.0",
          "Microsoft-HTTPAPI/2.0"
        ],
        "x-ms-client-request-id": "2df6e52e-ee02-45ae-940c-6e4a74a38e89",
        "x-ms-request-id": "bde812d3-701e-0036-35f8-011a16000000",
        "x-ms-version": "2023-11-03"
      },
      "ResponseBody": null
    },
    {
      "RequestUri": "https://REDACTED/2e4631c20startincrementalcopyacd0d25294865d8a14c5af/2e4631c21startincrementalcopyacd0d04176cdfcdb6319ee?comp=snapshot",
      "RequestMethod": "PUT",
      "RequestHeaders": {
        "Accept": "application/xml",
        "Authorization": "Sanitized",
        "Content-Length": "0",
        "Date": "Wed, 18 Oct 2023 19:25:38 GMT",
        "User-Agent": "azsdk-java-azure-storage-blob/12.25.0-beta.1 (17.0.8; Windows 11; 10.0)",
        "x-ms-client-request-id": "884c5f93-bd30-4c4c-9d93-dcbe5df0677c",
        "x-ms-version": "2023-11-03"
      },
      "RequestBody": null,
      "StatusCode": 201,
      "ResponseHeaders": {
        "Content-Length": "0",
        "Date": "Wed, 18 Oct 2023 19:25:37 GMT",
        "ETag": "\u00220x8DBD01001888B7D\u0022",
        "Last-Modified": "Wed, 18 Oct 2023 19:25:36 GMT",
        "Server": [
          "Windows-Azure-Blob/1.0",
          "Microsoft-HTTPAPI/2.0"
        ],
        "x-ms-client-request-id": "884c5f93-bd30-4c4c-9d93-dcbe5df0677c",
        "x-ms-request-id": "bde81379-701e-0036-50f8-011a16000000",
        "x-ms-request-server-encrypted": "false",
        "x-ms-snapshot": "2023-10-18T19:25:38.2777873Z",
        "x-ms-version": "2023-11-03"
      },
      "ResponseBody": null
    },
    {
      "RequestUri": "https://REDACTED/2e4631c20startincrementalcopyacd0d25294865d8a14c5af/2e4631c22startincrementalcopyacd0d8265703fa7a9f52cb?comp=incrementalcopy",
      "RequestMethod": "PUT",
      "RequestHeaders": {
        "Accept": "application/xml",
        "Authorization": "Sanitized",
        "Content-Length": "0",
        "Date": "Wed, 18 Oct 2023 19:25:38 GMT",
        "User-Agent": "azsdk-java-azure-storage-blob/12.25.0-beta.1 (17.0.8; Windows 11; 10.0)",
        "x-ms-client-request-id": "458a8087-b82d-4f2b-8747-7251d9e4c822",
        "x-ms-copy-source": "https://REDACTED/2e4631c20startincrementalcopyacd0d25294865d8a14c5af/2e4631c21startincrementalcopyacd0d04176cdfcdb6319ee?snapshot=2023-10-18T19:25:38.2777873Z",
        "x-ms-if-tags": "\u0022foo\u0022 = \u0027bar\u0027",
        "x-ms-version": "2023-11-03"
      },
      "RequestBody": null,
      "StatusCode": 202,
      "ResponseHeaders": {
        "Content-Length": "0",
        "Date": "Wed, 18 Oct 2023 19:25:38 GMT",
        "ETag": "\u00220x8DBD01002901059\u0022",
        "Last-Modified": "Wed, 18 Oct 2023 19:25:38 GMT",
        "Server": [
          "Windows-Azure-Blob/1.0",
          "Microsoft-HTTPAPI/2.0"
        ],
        "x-ms-client-request-id": "458a8087-b82d-4f2b-8747-7251d9e4c822",
        "x-ms-copy-id": "ac7eb8e3-3dad-49f9-884e-b41529385dd8",
        "x-ms-copy-status": "pending",
        "x-ms-request-id": "bde81420-701e-0036-6af8-011a16000000",
        "x-ms-version": "2023-11-03"
      },
      "ResponseBody": null
    }
  ],
  "Variables": {
    "0": "2e4631c20startincrementalcopyacd0d25294865d8a14c5af",
    "1": "2e4631c21startincrementalcopyacd0d04176cdfcdb6319ee",
    "2": "2e4631c22startincrementalcopyacd0d8265703fa7a9f52cb",
    "3": "2023-10-18T19:25:37.001849800Z",
    "4": "2023-10-18T19:25:37.090407500Z"
  }
}
