{
  "Entries": [
    {
      "RequestUri": "https://REDACTED/e10e65380uploadpagefromurlsourceacfaile5a67422d8e6f362?restype=container",
      "RequestMethod": "PUT",
      "RequestHeaders": {
        "Accept": "application/xml",
        "Authorization": "Sanitized",
        "Content-Length": "0",
        "Date": "Wed, 18 Oct 2023 21:28:23 GMT",
        "User-Agent": "azsdk-java-azure-storage-blob/12.25.0-beta.1 (17.0.8; Windows 11; 10.0)",
        "x-ms-client-request-id": "b75ce923-7fed-48a4-b6a3-ad1b83d56859",
        "x-ms-version": "2023-11-03"
      },
      "RequestBody": null,
      "StatusCode": 201,
      "ResponseHeaders": {
        "Content-Length": "0",
        "Date": "Wed, 18 Oct 2023 21:28:23 GMT",
        "ETag": "\u00220x8DBD02128C6E683\u0022",
        "Last-Modified": "Wed, 18 Oct 2023 21:28:23 GMT",
        "Server": [
          "Windows-Azure-Blob/1.0",
          "Microsoft-HTTPAPI/2.0"
        ],
        "x-ms-client-request-id": "b75ce923-7fed-48a4-b6a3-ad1b83d56859",
        "x-ms-request-id": "f331c437-301e-00a1-020a-024c1b000000",
        "x-ms-version": "2023-11-03"
      },
      "ResponseBody": null
    },
    {
      "RequestUri": "https://REDACTED/e10e65380uploadpagefromurlsourceacfaile5a67422d8e6f362/e10e65381uploadpagefromurlsourceacfaile5a8527088389298",
      "RequestMethod": "PUT",
      "RequestHeaders": {
        "Accept": "application/xml",
        "Authorization": "Sanitized",
        "Content-Length": "0",
        "Date": "Wed, 18 Oct 2023 21:28:23 GMT",
        "If-None-Match": "*",
        "User-Agent": "azsdk-java-azure-storage-blob/12.25.0-beta.1 (17.0.8; Windows 11; 10.0)",
        "x-ms-blob-content-length": "512",
        "x-ms-blob-type": "PageBlob",
        "x-ms-client-request-id": "6e94553b-22a0-480c-9302-ddace189b784",
        "x-ms-version": "2023-11-03"
      },
      "RequestBody": null,
      "StatusCode": 201,
      "ResponseHeaders": {
        "Content-Length": "0",
        "Date": "Wed, 18 Oct 2023 21:28:23 GMT",
        "ETag": "\u00220x8DBD02128D29129\u0022",
        "Last-Modified": "Wed, 18 Oct 2023 21:28:24 GMT",
        "Server": [
          "Windows-Azure-Blob/1.0",
          "Microsoft-HTTPAPI/2.0"
        ],
        "x-ms-client-request-id": "6e94553b-22a0-480c-9302-ddace189b784",
        "x-ms-request-id": "f331c4b9-301e-00a1-7b0a-024c1b000000",
        "x-ms-request-server-encrypted": "true",
        "x-ms-version": "2023-11-03"
      },
      "ResponseBody": null
    },
    {
      "RequestUri": "https://REDACTED/e10e65380uploadpagefromurlsourceacfaile5a67422d8e6f362?restype=container\u0026comp=acl",
      "RequestMethod": "PUT",
      "RequestHeaders": {
        "Accept": "application/xml",
        "Authorization": "Sanitized",
        "Content-Length": "58",
        "Content-Type": "application/xml",
        "Date": "Wed, 18 Oct 2023 21:28:24 GMT",
        "User-Agent": "azsdk-java-azure-storage-blob/12.25.0-beta.1 (17.0.8; Windows 11; 10.0)",
        "x-ms-blob-public-access": "container",
        "x-ms-client-request-id": "81919090-0b9a-42d0-a1d9-642e3d724514",
        "x-ms-version": "2023-11-03"
      },
      "RequestBody": "\u003C?xml version=\u00271.0\u0027 encoding=\u0027UTF-8\u0027?\u003E\u003CSignedIdentifiers/\u003E",
      "StatusCode": 200,
      "ResponseHeaders": {
        "Content-Length": "0",
        "Date": "Wed, 18 Oct 2023 21:28:23 GMT",
        "ETag": "\u00220x8DBD02128DECB9E\u0022",
        "Last-Modified": "Wed, 18 Oct 2023 21:28:24 GMT",
        "Server": [
          "Windows-Azure-Blob/1.0",
          "Microsoft-HTTPAPI/2.0"
        ],
        "x-ms-client-request-id": "81919090-0b9a-42d0-a1d9-642e3d724514",
        "x-ms-request-id": "f331c553-301e-00a1-0c0a-024c1b000000",
        "x-ms-version": "2023-11-03"
      },
      "ResponseBody": null
    },
    {
      "RequestUri": "https://REDACTED/e10e65380uploadpagefromurlsourceacfaile5a67422d8e6f362/e10e65382uploadpagefromurlsourceacfaile5a0080031dd21d5",
      "RequestMethod": "PUT",
      "RequestHeaders": {
        "Accept": "application/xml",
        "Authorization": "Sanitized",
        "Content-Length": "0",
        "Date": "Wed, 18 Oct 2023 21:28:24 GMT",
        "If-None-Match": "*",
        "User-Agent": "azsdk-java-azure-storage-blob/12.25.0-beta.1 (17.0.8; Windows 11; 10.0)",
        "x-ms-blob-content-length": "512",
        "x-ms-blob-type": "PageBlob",
        "x-ms-client-request-id": "f676f216-32a1-4d85-a178-4252929fa55c",
        "x-ms-version": "2023-11-03"
      },
      "RequestBody": null,
      "StatusCode": 201,
      "ResponseHeaders": {
        "Content-Length": "0",
        "Date": "Wed, 18 Oct 2023 21:28:23 GMT",
        "ETag": "\u00220x8DBD02128EB93B9\u0022",
        "Last-Modified": "Wed, 18 Oct 2023 21:28:24 GMT",
        "Server": [
          "Windows-Azure-Blob/1.0",
          "Microsoft-HTTPAPI/2.0"
        ],
        "x-ms-client-request-id": "f676f216-32a1-4d85-a178-4252929fa55c",
        "x-ms-request-id": "f331c5b9-301e-00a1-6e0a-024c1b000000",
        "x-ms-request-server-encrypted": "true",
        "x-ms-version": "2023-11-03"
      },
      "ResponseBody": null
    },
    {
      "RequestUri": "https://REDACTED/e10e65380uploadpagefromurlsourceacfaile5a67422d8e6f362/e10e65382uploadpagefromurlsourceacfaile5a0080031dd21d5?comp=page",
      "RequestMethod": "PUT",
      "RequestHeaders": {
        "Accept": "application/xml",
        "Authorization": "Sanitized",
        "Content-Length": "512",
        "Content-Type": "application/octet-stream",
        "Date": "Wed, 18 Oct 2023 21:28:24 GMT",
        "User-Agent": "azsdk-java-azure-storage-blob/12.25.0-beta.1 (17.0.8; Windows 11; 10.0)",
        "x-ms-client-request-id": "73d4ae16-c137-423f-a24c-11cfc7916b8a",
        "x-ms-page-write": "update",
        "x-ms-range": "bytes=0-511",
        "x-ms-version": "2023-11-03"
      },
      "RequestBody": "xtAUvwcfHpoGqkHR6ueQBAEoHQyHwgJNpJynQZcdpN1bhfcDXI89u\u002BfEfUvavKTBy4\u002BPwOJbE9IhvWAULLKnsdk247zKYytcs4\u002B6oLjtKmJxIsxsYV08jArdP/NCxGeo\u002BMtP1hgfH7HM7ESHRPrv8aSUrxRAmSflTR62IlndbSMIbTPnFChtwUdsQjnfDwKG7uE\u002B\u002BvyBtxDK9/2X1uo/lWii6VEQxlUtcc6tag6acyQp01FP2m555dZfTfGBVutuEMNv9mAtBztHVnEw/WKv3gXVl/Zg8GsiucYyQQavqi0Is1At3ZskGPzriJD5QwCphx7x5to0i1Iw4aa5dOBn2\u002B/x2ZNlhWTVdw9WxvVlLmyEJ1Zp1nzVWutCnYrB/Bwrdflz61jQFwLSmo/BBhJUyCpvx3aon7njEMkdN0OUVbjh6zfvHSKs9dxUdwnnEUwCeJL/8OefITu21DA7OJ5S14uSHIybO3vFmFM/\u002BXagW5/BsuFN7k\u002BLAGtVKBw/8ZLRY6xUWcBleZ28Lsk9Ner5RC4s3pJcBuHor6MP5N1LwmBpjLiH/u2UsjMCKZjKHdeMOJzHKpRiBCx3K0yY\u002BuxQuDIIVcDJsthNnECWK38MhZ8xONI1PiE9uqvmuHJhvDV0arZ5kxrAo3/IVbQIwlpjkrxzt3DEAP4rp6fGg0MDnVE=",
      "StatusCode": 201,
      "ResponseHeaders": {
        "Content-Length": "0",
        "Date": "Wed, 18 Oct 2023 21:28:23 GMT",
        "ETag": "\u00220x8DBD02128F9263D\u0022",
        "Last-Modified": "Wed, 18 Oct 2023 21:28:24 GMT",
        "Server": [
          "Windows-Azure-Blob/1.0",
          "Microsoft-HTTPAPI/2.0"
        ],
        "x-ms-blob-sequence-number": "0",
        "x-ms-client-request-id": "73d4ae16-c137-423f-a24c-11cfc7916b8a",
        "x-ms-content-crc64": "fFNg40S50d4=",
        "x-ms-request-id": "0454b068-601e-0015-500a-0280d5000000",
        "x-ms-request-server-encrypted": "true",
        "x-ms-version": "2023-11-03"
      },
      "ResponseBody": null
    },
    {
      "RequestUri": "https://REDACTED/e10e65380uploadpagefromurlsourceacfaile5a67422d8e6f362/e10e65381uploadpagefromurlsourceacfaile5a8527088389298?comp=page",
      "RequestMethod": "PUT",
      "RequestHeaders": {
        "Accept": "application/xml",
        "Authorization": "Sanitized",
        "Content-Length": "0",
        "Date": "Wed, 18 Oct 2023 21:28:24 GMT",
        "User-Agent": "azsdk-java-azure-storage-blob/12.25.0-beta.1 (17.0.8; Windows 11; 10.0)",
        "x-ms-client-request-id": "dcde8f48-c8e2-4270-b738-28e9c9cbbf55",
        "x-ms-copy-source": "https://REDACTED/e10e65380uploadpagefromurlsourceacfaile5a67422d8e6f362/e10e65382uploadpagefromurlsourceacfaile5a0080031dd21d5",
        "x-ms-page-write": "update",
        "x-ms-range": "bytes=0-511",
        "x-ms-source-if-match": "garbage",
        "x-ms-source-range": "bytes=0-511",
        "x-ms-version": "2023-11-03"
      },
      "RequestBody": null,
      "StatusCode": 412,
      "ResponseHeaders": {
        "Content-Length": "251",
        "Content-Type": "application/xml",
        "Date": "Wed, 18 Oct 2023 21:28:23 GMT",
        "Server": [
          "Windows-Azure-Blob/1.0",
          "Microsoft-HTTPAPI/2.0"
        ],
        "x-ms-client-request-id": "dcde8f48-c8e2-4270-b738-28e9c9cbbf55",
        "x-ms-error-code": "CannotVerifyCopySource",
        "x-ms-request-id": "0454b0a5-601e-0015-080a-0280d5000000",
        "x-ms-version": "2023-11-03"
      },
      "ResponseBody": [
        "\uFEFF\u003C?xml version=\u00221.0\u0022 encoding=\u0022utf-8\u0022?\u003E\n",
        "\u003CError\u003E\u003CCode\u003ECannotVerifyCopySource\u003C/Code\u003E\u003CMessage\u003ECould not verify the copy source within the specified time.\n",
        "RequestId:0454b0a5-601e-0015-080a-0280d5000000\n",
        "Time:2023-10-18T21:28:24.3966603Z\u003C/Message\u003E\u003C/Error\u003E"
      ]
    }
  ],
  "Variables": {
    "0": "e10e65380uploadpagefromurlsourceacfaile5a67422d8e6f362",
    "1": "e10e65381uploadpagefromurlsourceacfaile5a8527088389298",
    "2": "e10e65382uploadpagefromurlsourceacfaile5a0080031dd21d5",
    "3": "b90609d8-868b-4ee7-9207-eb196564b02c"
  }
}
