{
  "Entries": [
    {
      "RequestUri": "https://REDACTED/8c7c5dd20uploadpagefromurldestinationacfailbb110049e42033?restype=container",
      "RequestMethod": "PUT",
      "RequestHeaders": {
        "Accept": "application/xml",
        "Authorization": "Sanitized",
        "Content-Length": "0",
        "Date": "Thu, 12 Oct 2023 14:29:23 GMT",
        "User-Agent": "azsdk-java-azure-storage-blob/12.25.0-beta.1 (17.0.8.1; Windows 11; 10.0)",
        "x-ms-client-request-id": "70a10cf5-e2c9-413a-af8a-338d6076f2b5",
        "x-ms-version": "2023-08-03"
      },
      "RequestBody": null,
      "StatusCode": 201,
      "ResponseHeaders": {
        "Content-Length": "0",
        "Date": "Thu, 12 Oct 2023 14:29:23 GMT",
        "ETag": "\u00220x8DBCB2FA13293B4\u0022",
        "Last-Modified": "Thu, 12 Oct 2023 14:29:23 GMT",
        "Server": [
          "Windows-Azure-Blob/1.0",
          "Microsoft-HTTPAPI/2.0"
        ],
        "x-ms-client-request-id": "70a10cf5-e2c9-413a-af8a-338d6076f2b5",
        "x-ms-request-id": "9108a439-f01e-002f-4818-fdc77a000000",
        "x-ms-version": "2023-08-03"
      },
      "ResponseBody": null
    },
    {
      "RequestUri": "https://REDACTED/8c7c5dd20uploadpagefromurldestinationacfailbb110049e42033/8c7c5dd21uploadpagefromurldestinationacfailbb147516a21065",
      "RequestMethod": "PUT",
      "RequestHeaders": {
        "Accept": "application/xml",
        "Authorization": "Sanitized",
        "Content-Length": "0",
        "Date": "Thu, 12 Oct 2023 14:29:23 GMT",
        "If-None-Match": "*",
        "User-Agent": "azsdk-java-azure-storage-blob/12.25.0-beta.1 (17.0.8.1; Windows 11; 10.0)",
        "x-ms-blob-content-length": "512",
        "x-ms-blob-type": "PageBlob",
        "x-ms-client-request-id": "87656188-cf83-4197-a5bf-b44c21c763ef",
        "x-ms-version": "2023-08-03"
      },
      "RequestBody": null,
      "StatusCode": 201,
      "ResponseHeaders": {
        "Content-Length": "0",
        "Date": "Thu, 12 Oct 2023 14:29:23 GMT",
        "ETag": "\u00220x8DBCB2FA136BA6E\u0022",
        "Last-Modified": "Thu, 12 Oct 2023 14:29:23 GMT",
        "Server": [
          "Windows-Azure-Blob/1.0",
          "Microsoft-HTTPAPI/2.0"
        ],
        "x-ms-client-request-id": "87656188-cf83-4197-a5bf-b44c21c763ef",
        "x-ms-request-id": "9108a466-f01e-002f-7018-fdc77a000000",
        "x-ms-request-server-encrypted": "true",
        "x-ms-version": "2023-08-03"
      },
      "ResponseBody": null
    },
    {
      "RequestUri": "https://REDACTED/8c7c5dd20uploadpagefromurldestinationacfailbb110049e42033?restype=container\u0026comp=acl",
      "RequestMethod": "PUT",
      "RequestHeaders": {
        "Accept": "application/xml",
        "Authorization": "Sanitized",
        "Content-Length": "58",
        "Content-Type": "application/xml",
        "Date": "Thu, 12 Oct 2023 14:29:23 GMT",
        "User-Agent": "azsdk-java-azure-storage-blob/12.25.0-beta.1 (17.0.8.1; Windows 11; 10.0)",
        "x-ms-blob-public-access": "container",
        "x-ms-client-request-id": "591d474c-29b4-488d-8dbf-d16e22f3cf7c",
        "x-ms-version": "2023-08-03"
      },
      "RequestBody": "\u003C?xml version=\u00271.0\u0027 encoding=\u0027UTF-8\u0027?\u003E\u003CSignedIdentifiers/\u003E",
      "StatusCode": 200,
      "ResponseHeaders": {
        "Content-Length": "0",
        "Date": "Thu, 12 Oct 2023 14:29:23 GMT",
        "ETag": "\u00220x8DBCB2FA142EDAA\u0022",
        "Last-Modified": "Thu, 12 Oct 2023 14:29:23 GMT",
        "Server": [
          "Windows-Azure-Blob/1.0",
          "Microsoft-HTTPAPI/2.0"
        ],
        "x-ms-client-request-id": "591d474c-29b4-488d-8dbf-d16e22f3cf7c",
        "x-ms-request-id": "9108a4d9-f01e-002f-6118-fdc77a000000",
        "x-ms-version": "2023-08-03"
      },
      "ResponseBody": null
    },
    {
      "RequestUri": "https://REDACTED/8c7c5dd20uploadpagefromurldestinationacfailbb110049e42033/8c7c5dd22uploadpagefromurldestinationacfailbb1773224f8055",
      "RequestMethod": "PUT",
      "RequestHeaders": {
        "Accept": "application/xml",
        "Authorization": "Sanitized",
        "Content-Length": "0",
        "Date": "Thu, 12 Oct 2023 14:29:23 GMT",
        "If-None-Match": "*",
        "User-Agent": "azsdk-java-azure-storage-blob/12.25.0-beta.1 (17.0.8.1; Windows 11; 10.0)",
        "x-ms-blob-content-length": "512",
        "x-ms-blob-type": "PageBlob",
        "x-ms-client-request-id": "7e3204c4-9ffb-4d95-b4ea-1f47eca8151b",
        "x-ms-version": "2023-08-03"
      },
      "RequestBody": null,
      "StatusCode": 201,
      "ResponseHeaders": {
        "Content-Length": "0",
        "Date": "Thu, 12 Oct 2023 14:29:23 GMT",
        "ETag": "\u00220x8DBCB2FA14780E2\u0022",
        "Last-Modified": "Thu, 12 Oct 2023 14:29:23 GMT",
        "Server": [
          "Windows-Azure-Blob/1.0",
          "Microsoft-HTTPAPI/2.0"
        ],
        "x-ms-client-request-id": "7e3204c4-9ffb-4d95-b4ea-1f47eca8151b",
        "x-ms-request-id": "9108a4ef-f01e-002f-7518-fdc77a000000",
        "x-ms-request-server-encrypted": "true",
        "x-ms-version": "2023-08-03"
      },
      "ResponseBody": null
    },
    {
      "RequestUri": "https://REDACTED/8c7c5dd20uploadpagefromurldestinationacfailbb110049e42033/8c7c5dd22uploadpagefromurldestinationacfailbb1773224f8055?comp=page",
      "RequestMethod": "PUT",
      "RequestHeaders": {
        "Accept": "application/xml",
        "Authorization": "Sanitized",
        "Content-Length": "512",
        "Content-Type": "application/octet-stream",
        "Date": "Thu, 12 Oct 2023 14:29:23 GMT",
        "User-Agent": "azsdk-java-azure-storage-blob/12.25.0-beta.1 (17.0.8.1; Windows 11; 10.0)",
        "x-ms-client-request-id": "b99cfc90-1920-4c05-9102-6f32b13eb48b",
        "x-ms-page-write": "update",
        "x-ms-range": "bytes=0-511",
        "x-ms-version": "2023-08-03"
      },
      "RequestBody": "87N8huJ/ApwT9NJKL1Diy10fKWnvZjPpQf0vFqfAEzeho/S1NlNzRX5OMiSEYILIcp7shcAimP\u002BT2R8dxAjWA7iW8DFTMKPvN4GlPFM1JKOSM9prKRhjRLORYaTluniTnh9/D\u002BOTIK7InwoyBYbTQXdc12K9oaiT0PHqb263WgV/yjZIAWt1RSLXRieZsaGv3egwX8Cd2hi7kcaUl\u002BvaoMkRqpTALTHCGbZilSCd02QGtwkRsLBJJGol3NDrl/VjsGK1cKLJK4zmBbfLP\u002BJ8ujeANGe5V5wVeF1CaMnm08SrMdlEIVxL1qMyrBqwTeJrObXKwT/LJbajV7x55tJHFPUeEiQpvVZK0kPO0sGtPTnZahKJWLFGEU2fRI7JXW70DSvhSZzZnnfXZDf40/C82GhWhR1PoEG0/b3HAU4W8sM2\u002B3WIzd2I2nn9ksjck9ZjO9oKHiNxLULbW3DFJO\u002Bns/gtLSMFMENKZVo7\u002BOZgTVgsIrfRBWLvczfwJuZPZYB5nb/UJQI7Lzmr5TPZjn19FRdQoRreCGfvAgInNKb2Bjm0fmglcwjKez/vAXWFycx3Xriit8YVNtxT\u002BMtiVujpRpKQOHt9qx05eQWmABKNWNVmLhHDjuXNv\u002BN69/ldXUTizAWsdzl7BT\u002BW3Tf4j3c6KBhhxkw35Kz1kWKzfBC9pNs=",
      "StatusCode": 201,
      "ResponseHeaders": {
        "Content-Length": "0",
        "Date": "Thu, 12 Oct 2023 14:29:23 GMT",
        "ETag": "\u00220x8DBCB2FA14BED0E\u0022",
        "Last-Modified": "Thu, 12 Oct 2023 14:29:23 GMT",
        "Server": [
          "Windows-Azure-Blob/1.0",
          "Microsoft-HTTPAPI/2.0"
        ],
        "x-ms-blob-sequence-number": "0",
        "x-ms-client-request-id": "b99cfc90-1920-4c05-9102-6f32b13eb48b",
        "x-ms-content-crc64": "DZTj/K2kdVQ=",
        "x-ms-request-id": "9108a511-f01e-002f-1318-fdc77a000000",
        "x-ms-request-server-encrypted": "true",
        "x-ms-version": "2023-08-03"
      },
      "ResponseBody": null
    },
    {
      "RequestUri": "https://REDACTED/8c7c5dd20uploadpagefromurldestinationacfailbb110049e42033/8c7c5dd21uploadpagefromurldestinationacfailbb147516a21065?comp=page",
      "RequestMethod": "PUT",
      "RequestHeaders": {
        "Accept": "application/xml",
        "Authorization": "Sanitized",
        "Content-Length": "0",
        "Date": "Thu, 12 Oct 2023 14:29:23 GMT",
        "User-Agent": "azsdk-java-azure-storage-blob/12.25.0-beta.1 (17.0.8.1; Windows 11; 10.0)",
        "x-ms-client-request-id": "f7a5272f-941d-41b1-be79-097ef2268518",
        "x-ms-copy-source": "https://REDACTED/8c7c5dd20uploadpagefromurldestinationacfailbb110049e42033/8c7c5dd22uploadpagefromurldestinationacfailbb1773224f8055",
        "x-ms-if-sequence-number-lt": "-1",
        "x-ms-page-write": "update",
        "x-ms-range": "bytes=0-511",
        "x-ms-source-range": "bytes=0-511",
        "x-ms-version": "2023-08-03"
      },
      "RequestBody": null,
      "StatusCode": 400,
      "ResponseHeaders": {
        "Content-Length": "335",
        "Content-Type": "application/xml",
        "Date": "Thu, 12 Oct 2023 14:29:23 GMT",
        "Server": [
          "Windows-Azure-Blob/1.0",
          "Microsoft-HTTPAPI/2.0"
        ],
        "x-ms-client-request-id": "f7a5272f-941d-41b1-be79-097ef2268518",
        "x-ms-error-code": "InvalidHeaderValue",
        "x-ms-request-id": "9108a53d-f01e-002f-3a18-fdc77a000000",
        "x-ms-version": "2023-08-03"
      },
      "ResponseBody": [
        "\uFEFF\u003C?xml version=\u00221.0\u0022 encoding=\u0022utf-8\u0022?\u003E\n",
        "\u003CError\u003E\u003CCode\u003EInvalidHeaderValue\u003C/Code\u003E\u003CMessage\u003EThe value for one of the HTTP headers is not in the correct format.\n",
        "RequestId:9108a53d-f01e-002f-3a18-fdc77a000000\n",
        "Time:2023-10-12T14:29:23.3363843Z\u003C/Message\u003E\u003CHeaderName\u003Ex-ms-if-sequence-number-lt\u003C/HeaderName\u003E\u003CHeaderValue\u003E-1\u003C/HeaderValue\u003E\u003C/Error\u003E"
      ]
    }
  ],
  "Variables": {
    "0": "8c7c5dd20uploadpagefromurldestinationacfailbb110049e42033",
    "1": "8c7c5dd21uploadpagefromurldestinationacfailbb147516a21065",
    "2": "8c7c5dd22uploadpagefromurldestinationacfailbb1773224f8055",
    "3": "f267096b-c692-45f4-82cf-202d04c72678"
  }
}
