{
  "Entries": [
    {
      "RequestUri": "https://REDACTED/a06180400clearpagesacfail375319609b31aa057142438?restype=container",
      "RequestMethod": "PUT",
      "RequestHeaders": {
        "Accept": "application/xml",
        "Authorization": "Sanitized",
        "Content-Length": "0",
        "Date": "Mon, 08 Jan 2024 19:43:49 GMT",
        "User-Agent": "azsdk-java-azure-storage-blob/12.26.0-beta.1 (17.0.8; Windows 11; 10.0)",
        "x-ms-client-request-id": "043ef689-e8d2-43c4-a537-718ac7c39261",
        "x-ms-version": "2024-02-04"
      },
      "RequestBody": null,
      "StatusCode": 201,
      "ResponseHeaders": {
        "Content-Length": "0",
        "Date": "Mon, 08 Jan 2024 19:43:59 GMT",
        "ETag": "\u00220x8DC108229328237\u0022",
        "Last-Modified": "Mon, 08 Jan 2024 19:44:00 GMT",
        "Server": [
          "Windows-Azure-Blob/1.0",
          "Microsoft-HTTPAPI/2.0"
        ],
        "x-ms-client-request-id": "043ef689-e8d2-43c4-a537-718ac7c39261",
        "x-ms-request-id": "2c62bb5e-d01e-0086-706b-425bdf000000",
        "x-ms-version": "2024-02-04"
      },
      "ResponseBody": null
    },
    {
      "RequestUri": "https://REDACTED/a06180400clearpagesacfail375319609b31aa057142438?restype=container",
      "RequestMethod": "PUT",
      "RequestHeaders": {
        "Accept": "application/xml",
        "Authorization": "Sanitized",
        "Content-Length": "0",
        "Date": "Mon, 08 Jan 2024 19:43:49 GMT",
        "User-Agent": "azsdk-java-azure-storage-blob/12.26.0-beta.1 (17.0.8; Windows 11; 10.0)",
        "x-ms-client-request-id": "dfefe963-2578-4438-b42e-f523cb462370",
        "x-ms-version": "2024-02-04"
      },
      "RequestBody": null,
      "StatusCode": 409,
      "ResponseHeaders": {
        "Content-Length": "230",
        "Content-Type": "application/xml",
        "Date": "Mon, 08 Jan 2024 19:43:59 GMT",
        "Server": [
          "Windows-Azure-Blob/1.0",
          "Microsoft-HTTPAPI/2.0"
        ],
        "x-ms-client-request-id": "dfefe963-2578-4438-b42e-f523cb462370",
        "x-ms-error-code": "ContainerAlreadyExists",
        "x-ms-request-id": "2c62bbf7-d01e-0086-776b-425bdf000000",
        "x-ms-version": "2024-02-04"
      },
      "ResponseBody": [
        "\uFEFF\u003C?xml version=\u00221.0\u0022 encoding=\u0022utf-8\u0022?\u003E\u003CError\u003E\u003CCode\u003EContainerAlreadyExists\u003C/Code\u003E\u003CMessage\u003EThe specified container already exists.\n",
        "RequestId:2c62bbf7-d01e-0086-776b-425bdf000000\n",
        "Time:2024-01-08T19:44:00.3896033Z\u003C/Message\u003E\u003C/Error\u003E"
      ]
    },
    {
      "RequestUri": "https://REDACTED/a06180400clearpagesacfail375319609b31aa057142438/a06180401clearpagesacfail37566625cd4cd3f0e3bc4b6",
      "RequestMethod": "PUT",
      "RequestHeaders": {
        "Accept": "application/xml",
        "Authorization": "Sanitized",
        "Content-Length": "0",
        "Date": "Mon, 08 Jan 2024 19:43:49 GMT",
        "If-None-Match": "*",
        "User-Agent": "azsdk-java-azure-storage-blob/12.26.0-beta.1 (17.0.8; Windows 11; 10.0)",
        "x-ms-blob-content-length": "512",
        "x-ms-blob-type": "PageBlob",
        "x-ms-client-request-id": "d4d1c40c-462f-4e2c-9c1b-88bfa0d39231",
        "x-ms-version": "2024-02-04"
      },
      "RequestBody": null,
      "StatusCode": 201,
      "ResponseHeaders": {
        "Content-Length": "0",
        "Date": "Mon, 08 Jan 2024 19:44:00 GMT",
        "ETag": "\u00220x8DC10822954C598\u0022",
        "Last-Modified": "Mon, 08 Jan 2024 19:44:00 GMT",
        "Server": [
          "Windows-Azure-Blob/1.0",
          "Microsoft-HTTPAPI/2.0"
        ],
        "x-ms-client-request-id": "d4d1c40c-462f-4e2c-9c1b-88bfa0d39231",
        "x-ms-request-id": "2c62bc6d-d01e-0086-666b-425bdf000000",
        "x-ms-request-server-encrypted": "true",
        "x-ms-version": "2024-02-04"
      },
      "ResponseBody": null
    },
    {
      "RequestUri": "https://REDACTED/a06180400clearpagesacfail375319609b31aa057142438/a06180401clearpagesacfail37566625cd4cd3f0e3bc4b6?comp=page",
      "RequestMethod": "PUT",
      "RequestHeaders": {
        "Accept": "application/xml",
        "Authorization": "Sanitized",
        "Content-Length": "512",
        "Content-Type": "application/octet-stream",
        "Date": "Mon, 08 Jan 2024 19:43:49 GMT",
        "User-Agent": "azsdk-java-azure-storage-blob/12.26.0-beta.1 (17.0.8; Windows 11; 10.0)",
        "x-ms-client-request-id": "97fb8451-fa62-4317-a03b-e9c5c2f1b9c8",
        "x-ms-page-write": "update",
        "x-ms-range": "bytes=0-511",
        "x-ms-version": "2024-02-04"
      },
      "RequestBody": "uAmhPWS4r5neioB3BVhnRQhrz0a1wu7RtvRawsC5ALKszh4uS97qd7vIQNgqr1zAB3cDjljzc0fds\u002BT\u002Bc/yYp1sznx/s3mo0ebng089ZMI42ik7tUb7wf\u002B4kxQd8R9KoLJe5SLgMtR5wgCynA54Vq8WPKCsUd1XVG6UXVr1eje65I2c\u002BRYqMEUs4cnqYiDv3WiyBiXmfGlMqKtHPG/XViVFfVgLPqiawigmCdaeBDY2M\u002BKlqPNCKTPRAG4L\u002BCEgbd48ucLLiWkQAkSoiCfFB8mmLXQJ\u002BMTG\u002B5lugc9VQFEpg6\u002Bzp8Uewa1WWa7Le8mjJ8VSti0KDbmSDcaP9kLd1CXmexT6yomrbhBLZbAoc7e2YSOAL8bV279/q/Fsk6akD4JoyC8AN\u002BaVehuiWs064cMhXjOHXEjnDJuJWTQvvvpHmOxo8CCdolgahIrLFnu6/Xbx0PqP09D8TsUKuwdzHf5O4N/Ic0LlodDZzxm5GcWAnE/cx6w99pnnPAfNIjEp9ImYvvrN\u002BRODyhRHBoqobBGtGERmmS2tJvgEcRaVq\u002BIGAyvgQJx18/6HQuqSYb\u002BxzY0hKILApx\u002BJb1xzTYVQEn9F\u002BiMf1esbu9T85ZUqdjLm5nQcDSb/gk115EpIIgqet7OHj60FNPXI1HHHN\u002BdPmLxC4GVuWPWJL58inSa2Epws=",
      "StatusCode": 201,
      "ResponseHeaders": {
        "Content-Length": "0",
        "Date": "Mon, 08 Jan 2024 19:44:00 GMT",
        "ETag": "\u00220x8DC1082296516E0\u0022",
        "Last-Modified": "Mon, 08 Jan 2024 19:44:00 GMT",
        "Server": [
          "Windows-Azure-Blob/1.0",
          "Microsoft-HTTPAPI/2.0"
        ],
        "x-ms-blob-sequence-number": "0",
        "x-ms-client-request-id": "97fb8451-fa62-4317-a03b-e9c5c2f1b9c8",
        "x-ms-content-crc64": "vVkEIoj3GDk=",
        "x-ms-request-id": "2c62bced-d01e-0086-606b-425bdf000000",
        "x-ms-request-server-encrypted": "true",
        "x-ms-version": "2024-02-04"
      },
      "ResponseBody": null
    },
    {
      "RequestUri": "https://REDACTED/a06180400clearpagesacfail375319609b31aa057142438/a06180401clearpagesacfail37566625cd4cd3f0e3bc4b6?comp=page",
      "RequestMethod": "PUT",
      "RequestHeaders": {
        "Accept": "application/xml",
        "Authorization": "Sanitized",
        "Content-Length": "0",
        "Date": "Mon, 08 Jan 2024 19:43:49 GMT",
        "User-Agent": "azsdk-java-azure-storage-blob/12.26.0-beta.1 (17.0.8; Windows 11; 10.0)",
        "x-ms-client-request-id": "899e2c12-caf5-49ee-ae90-9c6ae2eec693",
        "x-ms-if-sequence-number-le": "-1",
        "x-ms-page-write": "clear",
        "x-ms-range": "bytes=0-511",
        "x-ms-version": "2024-02-04"
      },
      "RequestBody": null,
      "StatusCode": 400,
      "ResponseHeaders": {
        "Content-Length": "220",
        "Content-Type": "application/xml",
        "Date": "Mon, 08 Jan 2024 19:44:00 GMT",
        "Server": [
          "Windows-Azure-Blob/1.0",
          "Microsoft-HTTPAPI/2.0"
        ],
        "x-ms-client-request-id": "899e2c12-caf5-49ee-ae90-9c6ae2eec693",
        "x-ms-error-code": "InvalidInput",
        "x-ms-request-id": "2c62bd7e-d01e-0086-636b-425bdf000000",
        "x-ms-version": "2024-02-04"
      },
      "ResponseBody": [
        "\uFEFF\u003C?xml version=\u00221.0\u0022 encoding=\u0022utf-8\u0022?\u003E\u003CError\u003E\u003CCode\u003EInvalidInput\u003C/Code\u003E\u003CMessage\u003EOne of the request inputs is not valid.\n",
        "RequestId:2c62bd7e-d01e-0086-636b-425bdf000000\n",
        "Time:2024-01-08T19:44:00.7044240Z\u003C/Message\u003E\u003C/Error\u003E"
      ]
    }
  ],
  "Variables": {
    "0": "a06180400clearpagesacfail375319609b31aa057142438",
    "1": "a06180401clearpagesacfail37566625cd4cd3f0e3bc4b6",
    "2": "7a8ce0fe-80eb-4e51-b0ee-3b74a583a5da"
  }
}
