{
  "Entries": [
    {
      "RequestUri": "https://REDACTED/35adf3540createifnotexistsmetadata9e11611225654804d3?restype=container",
      "RequestMethod": "PUT",
      "RequestHeaders": {
        "Accept": "application/xml",
        "Authorization": "Sanitized",
        "Content-Length": "0",
        "Date": "Mon, 08 Jan 2024 19:45:11 GMT",
        "User-Agent": "azsdk-java-azure-storage-blob/12.26.0-beta.1 (17.0.8; Windows 11; 10.0)",
        "x-ms-client-request-id": "77831329-110b-4b55-b4a2-6957a445b1c1",
        "x-ms-version": "2024-02-04"
      },
      "RequestBody": null,
      "StatusCode": 201,
      "ResponseHeaders": {
        "Content-Length": "0",
        "Date": "Mon, 08 Jan 2024 19:45:22 GMT",
        "ETag": "\u00220x8DC10825A3133AA\u0022",
        "Last-Modified": "Mon, 08 Jan 2024 19:45:22 GMT",
        "Server": [
          "Windows-Azure-Blob/1.0",
          "Microsoft-HTTPAPI/2.0"
        ],
        "x-ms-client-request-id": "77831329-110b-4b55-b4a2-6957a445b1c1",
        "x-ms-request-id": "adc93c71-b01e-0039-106b-426c7a000000",
        "x-ms-version": "2024-02-04"
      },
      "ResponseBody": null
    },
    {
      "RequestUri": "https://REDACTED/35adf3540createifnotexistsmetadata9e11611225654804d3?restype=container",
      "RequestMethod": "PUT",
      "RequestHeaders": {
        "Accept": "application/xml",
        "Authorization": "Sanitized",
        "Content-Length": "0",
        "Date": "Mon, 08 Jan 2024 19:45:11 GMT",
        "User-Agent": "azsdk-java-azure-storage-blob/12.26.0-beta.1 (17.0.8; Windows 11; 10.0)",
        "x-ms-client-request-id": "1ec4fced-30d9-4297-8e37-1a8bc864c6dd",
        "x-ms-version": "2024-02-04"
      },
      "RequestBody": null,
      "StatusCode": 409,
      "ResponseHeaders": {
        "Content-Length": "230",
        "Content-Type": "application/xml",
        "Date": "Mon, 08 Jan 2024 19:45:22 GMT",
        "Server": [
          "Windows-Azure-Blob/1.0",
          "Microsoft-HTTPAPI/2.0"
        ],
        "x-ms-client-request-id": "1ec4fced-30d9-4297-8e37-1a8bc864c6dd",
        "x-ms-error-code": "ContainerAlreadyExists",
        "x-ms-request-id": "adc93cfd-b01e-0039-146b-426c7a000000",
        "x-ms-version": "2024-02-04"
      },
      "ResponseBody": [
        "\uFEFF\u003C?xml version=\u00221.0\u0022 encoding=\u0022utf-8\u0022?\u003E\u003CError\u003E\u003CCode\u003EContainerAlreadyExists\u003C/Code\u003E\u003CMessage\u003EThe specified container already exists.\n",
        "RequestId:adc93cfd-b01e-0039-146b-426c7a000000\n",
        "Time:2024-01-08T19:45:22.5644113Z\u003C/Message\u003E\u003C/Error\u003E"
      ]
    },
    {
      "RequestUri": "https://REDACTED/35adf3540createifnotexistsmetadata9e11611225654804d3/35adf3541createifnotexistsmetadata9e14179620d8b6171b",
      "RequestMethod": "PUT",
      "RequestHeaders": {
        "Accept": "application/xml",
        "Authorization": "Sanitized",
        "Content-Length": "0",
        "Date": "Mon, 08 Jan 2024 19:45:11 GMT",
        "If-None-Match": "*",
        "User-Agent": "azsdk-java-azure-storage-blob/12.26.0-beta.1 (17.0.8; Windows 11; 10.0)",
        "x-ms-blob-content-length": "512",
        "x-ms-blob-type": "PageBlob",
        "x-ms-client-request-id": "b9e385b5-2ba6-4e6a-a268-263c680e8a2c",
        "x-ms-version": "2024-02-04"
      },
      "RequestBody": null,
      "StatusCode": 201,
      "ResponseHeaders": {
        "Content-Length": "0",
        "Date": "Mon, 08 Jan 2024 19:45:22 GMT",
        "ETag": "\u00220x8DC10825A4C6741\u0022",
        "Last-Modified": "Mon, 08 Jan 2024 19:45:22 GMT",
        "Server": [
          "Windows-Azure-Blob/1.0",
          "Microsoft-HTTPAPI/2.0"
        ],
        "x-ms-client-request-id": "b9e385b5-2ba6-4e6a-a268-263c680e8a2c",
        "x-ms-request-id": "adc93d66-b01e-0039-776b-426c7a000000",
        "x-ms-request-server-encrypted": "true",
        "x-ms-version": "2024-02-04"
      },
      "ResponseBody": null
    },
    {
      "RequestUri": "https://REDACTED/35adf3540createifnotexistsmetadata9e11611225654804d3/35adf3542createifnotexistsmetadata9e1316418aab5da89e",
      "RequestMethod": "PUT",
      "RequestHeaders": {
        "Accept": "application/xml",
        "Authorization": "Sanitized",
        "Content-Length": "0",
        "Date": "Mon, 08 Jan 2024 19:45:11 GMT",
        "If-None-Match": "*",
        "User-Agent": "azsdk-java-azure-storage-blob/12.26.0-beta.1 (17.0.8; Windows 11; 10.0)",
        "x-ms-blob-content-length": "512",
        "x-ms-blob-type": "PageBlob",
        "x-ms-client-request-id": "6c55d20d-018c-4bb6-83d5-2d3b500445bb",
        "x-ms-meta-fizz": "buzz",
        "x-ms-meta-foo": "bar",
        "x-ms-version": "2024-02-04"
      },
      "RequestBody": null,
      "StatusCode": 201,
      "ResponseHeaders": {
        "Content-Length": "0",
        "Date": "Mon, 08 Jan 2024 19:45:22 GMT",
        "ETag": "\u00220x8DC10825A5B3232\u0022",
        "Last-Modified": "Mon, 08 Jan 2024 19:45:22 GMT",
        "Server": [
          "Windows-Azure-Blob/1.0",
          "Microsoft-HTTPAPI/2.0"
        ],
        "x-ms-client-request-id": "6c55d20d-018c-4bb6-83d5-2d3b500445bb",
        "x-ms-request-id": "e3cbaae1-e01e-0056-296b-426689000000",
        "x-ms-request-server-encrypted": "true",
        "x-ms-version": "2024-02-04"
      },
      "ResponseBody": null
    },
    {
      "RequestUri": "https://REDACTED/35adf3540createifnotexistsmetadata9e11611225654804d3/35adf3542createifnotexistsmetadata9e1316418aab5da89e",
      "RequestMethod": "HEAD",
      "RequestHeaders": {
        "Accept": "application/xml",
        "Authorization": "Sanitized",
        "Content-Length": "0",
        "Date": "Mon, 08 Jan 2024 19:45:12 GMT",
        "User-Agent": "azsdk-java-azure-storage-blob/12.26.0-beta.1 (17.0.8; Windows 11; 10.0)",
        "x-ms-client-request-id": "3e3cde3f-03d7-4262-b6d8-422de8bcab30",
        "x-ms-version": "2024-02-04"
      },
      "RequestBody": null,
      "StatusCode": 200,
      "ResponseHeaders": {
        "Accept-Ranges": "bytes",
        "Content-Length": "512",
        "Content-Type": "application/octet-stream",
        "Date": "Mon, 08 Jan 2024 19:45:22 GMT",
        "ETag": "\u00220x8DC10825A5B3232\u0022",
        "Last-Modified": "Mon, 08 Jan 2024 19:45:22 GMT",
        "Server": [
          "Windows-Azure-Blob/1.0",
          "Microsoft-HTTPAPI/2.0"
        ],
        "x-ms-blob-sequence-number": "0",
        "x-ms-blob-type": "PageBlob",
        "x-ms-client-request-id": "3e3cde3f-03d7-4262-b6d8-422de8bcab30",
        "x-ms-creation-time": "Mon, 08 Jan 2024 19:45:22 GMT",
        "x-ms-lease-state": "available",
        "x-ms-lease-status": "unlocked",
        "x-ms-meta-fizz": "buzz",
        "x-ms-meta-foo": "bar",
        "x-ms-request-id": "e3cbab7e-e01e-0056-326b-426689000000",
        "x-ms-server-encrypted": "true",
        "x-ms-version": "2024-02-04"
      },
      "ResponseBody": null
    }
  ],
  "Variables": {
    "0": "35adf3540createifnotexistsmetadata9e11611225654804d3",
    "1": "35adf3541createifnotexistsmetadata9e14179620d8b6171b",
    "2": "35adf3542createifnotexistsmetadata9e1316418aab5da89e"
  }
}
