{
  "Entries": [
    {
      "RequestUri": "https://REDACTED/e0dc8cb80sequencenumberace4a160904f66fa27b216447?restype=container",
      "RequestMethod": "PUT",
      "RequestHeaders": {
        "Accept": "application/xml",
        "Authorization": "Sanitized",
        "Content-Length": "0",
        "Date": "Wed, 13 Dec 2023 21:51:26 GMT",
        "User-Agent": "azsdk-java-azure-storage-blob/12.26.0-beta.1 (17.0.8; Windows 11; 10.0)",
        "x-ms-client-request-id": "47e3ec70-b6fc-4d9a-a08b-2667d04fe90c",
        "x-ms-version": "2024-02-04"
      },
      "RequestBody": null,
      "StatusCode": 201,
      "ResponseHeaders": {
        "Content-Length": "0",
        "Date": "Wed, 13 Dec 2023 21:51:25 GMT",
        "ETag": "\u00220x8DBFC25A815B4E0\u0022",
        "Last-Modified": "Wed, 13 Dec 2023 21:51:26 GMT",
        "Server": [
          "Windows-Azure-Blob/1.0",
          "Microsoft-HTTPAPI/2.0"
        ],
        "x-ms-client-request-id": "47e3ec70-b6fc-4d9a-a08b-2667d04fe90c",
        "x-ms-request-id": "76a772d8-e01e-008d-050e-2ea0b4000000",
        "x-ms-version": "2024-02-04"
      },
      "ResponseBody": null
    },
    {
      "RequestUri": "https://REDACTED/e0dc8cb80sequencenumberace4a160904f66fa27b216447?restype=container",
      "RequestMethod": "PUT",
      "RequestHeaders": {
        "Accept": "application/xml",
        "Authorization": "Sanitized",
        "Content-Length": "0",
        "Date": "Wed, 13 Dec 2023 21:51:26 GMT",
        "User-Agent": "azsdk-java-azure-storage-blob/12.26.0-beta.1 (17.0.8; Windows 11; 10.0)",
        "x-ms-client-request-id": "eba3a1af-6674-4dfa-a07a-3e3b39ddebf2",
        "x-ms-version": "2024-02-04"
      },
      "RequestBody": null,
      "StatusCode": 409,
      "ResponseHeaders": {
        "Content-Length": "230",
        "Content-Type": "application/xml",
        "Date": "Wed, 13 Dec 2023 21:51:25 GMT",
        "Server": [
          "Windows-Azure-Blob/1.0",
          "Microsoft-HTTPAPI/2.0"
        ],
        "x-ms-client-request-id": "eba3a1af-6674-4dfa-a07a-3e3b39ddebf2",
        "x-ms-error-code": "ContainerAlreadyExists",
        "x-ms-request-id": "76a7732f-e01e-008d-570e-2ea0b4000000",
        "x-ms-version": "2024-02-04"
      },
      "ResponseBody": [
        "\uFEFF\u003C?xml version=\u00221.0\u0022 encoding=\u0022utf-8\u0022?\u003E\u003CError\u003E\u003CCode\u003EContainerAlreadyExists\u003C/Code\u003E\u003CMessage\u003EThe specified container already exists.\n",
        "RequestId:76a7732f-e01e-008d-570e-2ea0b4000000\n",
        "Time:2023-12-13T21:51:26.7911012Z\u003C/Message\u003E\u003C/Error\u003E"
      ]
    },
    {
      "RequestUri": "https://REDACTED/e0dc8cb80sequencenumberace4a160904f66fa27b216447/e0dc8cb81sequencenumberace4a332924ad86fe54c814b1",
      "RequestMethod": "PUT",
      "RequestHeaders": {
        "Accept": "application/xml",
        "Authorization": "Sanitized",
        "Content-Length": "0",
        "Date": "Wed, 13 Dec 2023 21:51:26 GMT",
        "If-None-Match": "*",
        "User-Agent": "azsdk-java-azure-storage-blob/12.26.0-beta.1 (17.0.8; Windows 11; 10.0)",
        "x-ms-blob-content-length": "512",
        "x-ms-blob-type": "PageBlob",
        "x-ms-client-request-id": "8e11f436-f1c8-4882-a5ac-a9379debad52",
        "x-ms-version": "2024-02-04"
      },
      "RequestBody": null,
      "StatusCode": 201,
      "ResponseHeaders": {
        "Content-Length": "0",
        "Date": "Wed, 13 Dec 2023 21:51:25 GMT",
        "ETag": "\u00220x8DBFC25A82FCA43\u0022",
        "Last-Modified": "Wed, 13 Dec 2023 21:51:26 GMT",
        "Server": [
          "Windows-Azure-Blob/1.0",
          "Microsoft-HTTPAPI/2.0"
        ],
        "x-ms-client-request-id": "8e11f436-f1c8-4882-a5ac-a9379debad52",
        "x-ms-request-id": "76a77385-e01e-008d-290e-2ea0b4000000",
        "x-ms-request-server-encrypted": "true",
        "x-ms-version": "2024-02-04"
      },
      "ResponseBody": null
    },
    {
      "RequestUri": "https://REDACTED/e0dc8cb80sequencenumberace4a160904f66fa27b216447/e0dc8cb81sequencenumberace4a332924ad86fe54c814b1?comp=tags",
      "RequestMethod": "PUT",
      "RequestHeaders": {
        "Accept": "application/xml",
        "Authorization": "Sanitized",
        "Content-Length": "111",
        "Content-Type": "application/xml",
        "Date": "Wed, 13 Dec 2023 21:51:26 GMT",
        "User-Agent": "azsdk-java-azure-storage-blob/12.26.0-beta.1 (17.0.8; Windows 11; 10.0)",
        "x-ms-client-request-id": "135aab2f-010e-4d22-acbf-611cdfad4c45",
        "x-ms-version": "2024-02-04"
      },
      "RequestBody": "\u003C?xml version=\u00271.0\u0027 encoding=\u0027UTF-8\u0027?\u003E\u003CTags\u003E\u003CTagSet\u003E\u003CTag\u003E\u003CKey\u003Efoo\u003C/Key\u003E\u003CValue\u003Ebar\u003C/Value\u003E\u003C/Tag\u003E\u003C/TagSet\u003E\u003C/Tags\u003E",
      "StatusCode": 204,
      "ResponseHeaders": {
        "Date": "Wed, 13 Dec 2023 21:51:25 GMT",
        "Server": [
          "Windows-Azure-Blob/1.0",
          "Microsoft-HTTPAPI/2.0"
        ],
        "x-ms-client-request-id": "135aab2f-010e-4d22-acbf-611cdfad4c45",
        "x-ms-request-id": "76a773c5-e01e-008d-630e-2ea0b4000000",
        "x-ms-version": "2024-02-04"
      },
      "ResponseBody": null
    },
    {
      "RequestUri": "https://REDACTED/e0dc8cb80sequencenumberace4a160904f66fa27b216447/e0dc8cb81sequencenumberace4a332924ad86fe54c814b1?comp=properties",
      "RequestMethod": "PUT",
      "RequestHeaders": {
        "Accept": "application/xml",
        "Authorization": "Sanitized",
        "Content-Length": "0",
        "Date": "Wed, 13 Dec 2023 21:51:26 GMT",
        "If-Modified-Since": "Tue, 12 Dec 2023 21:45:16 GMT",
        "User-Agent": "azsdk-java-azure-storage-blob/12.26.0-beta.1 (17.0.8; Windows 11; 10.0)",
        "x-ms-blob-sequence-number": "1",
        "x-ms-client-request-id": "07578048-4e98-4325-b406-359d29b32d2f",
        "x-ms-sequence-number-action": "update",
        "x-ms-version": "2024-02-04"
      },
      "RequestBody": null,
      "StatusCode": 200,
      "ResponseHeaders": {
        "Content-Length": "0",
        "Date": "Wed, 13 Dec 2023 21:51:26 GMT",
        "ETag": "\u00220x8DBFC25A84A7A43\u0022",
        "Last-Modified": "Wed, 13 Dec 2023 21:51:27 GMT",
        "Server": [
          "Windows-Azure-Blob/1.0",
          "Microsoft-HTTPAPI/2.0"
        ],
        "x-ms-blob-sequence-number": "1",
        "x-ms-client-request-id": "07578048-4e98-4325-b406-359d29b32d2f",
        "x-ms-request-id": "76a77410-e01e-008d-230e-2ea0b4000000",
        "x-ms-version": "2024-02-04"
      },
      "ResponseBody": null
    }
  ],
  "Variables": {
    "0": "e0dc8cb80sequencenumberace4a160904f66fa27b216447",
    "1": "e0dc8cb81sequencenumberace4a332924ad86fe54c814b1"
  }
}
