{
  "Entries": [
    {
      "RequestUri": "https://REDACTED/2e49d6120getpagerangesdiffac57b299951af3761e4d254?restype=container",
      "RequestMethod": "PUT",
      "RequestHeaders": {
        "Accept": "application/xml",
        "Authorization": "Sanitized",
        "Content-Length": "0",
        "Date": "Mon, 11 Dec 2023 23:29:58 GMT",
        "User-Agent": "azsdk-java-azure-storage-blob/12.26.0-beta.1 (17.0.8; Windows 11; 10.0)",
        "x-ms-client-request-id": "dca536bc-0405-4502-a006-7e57524f4163",
        "x-ms-version": "2024-02-04"
      },
      "RequestBody": null,
      "StatusCode": 201,
      "ResponseHeaders": {
        "Content-Length": "0",
        "Date": "Mon, 11 Dec 2023 23:30:01 GMT",
        "ETag": "\u00220x8DBFAA1193D3294\u0022",
        "Last-Modified": "Mon, 11 Dec 2023 23:30:02 GMT",
        "Server": [
          "Windows-Azure-Blob/1.0",
          "Microsoft-HTTPAPI/2.0"
        ],
        "x-ms-client-request-id": "dca536bc-0405-4502-a006-7e57524f4163",
        "x-ms-request-id": "9c645858-e01e-009d-5d89-2c65dc000000",
        "x-ms-version": "2024-02-04"
      },
      "ResponseBody": null
    },
    {
      "RequestUri": "https://REDACTED/2e49d6120getpagerangesdiffac57b299951af3761e4d254?restype=container",
      "RequestMethod": "PUT",
      "RequestHeaders": {
        "Accept": "application/xml",
        "Authorization": "Sanitized",
        "Content-Length": "0",
        "Date": "Mon, 11 Dec 2023 23:29:58 GMT",
        "User-Agent": "azsdk-java-azure-storage-blob/12.26.0-beta.1 (17.0.8; Windows 11; 10.0)",
        "x-ms-client-request-id": "6856825d-2f4d-4715-ad1f-beca3414d752",
        "x-ms-version": "2024-02-04"
      },
      "RequestBody": null,
      "StatusCode": 409,
      "ResponseHeaders": {
        "Content-Length": "230",
        "Content-Type": "application/xml",
        "Date": "Mon, 11 Dec 2023 23:30:01 GMT",
        "Server": [
          "Windows-Azure-Blob/1.0",
          "Microsoft-HTTPAPI/2.0"
        ],
        "x-ms-client-request-id": "6856825d-2f4d-4715-ad1f-beca3414d752",
        "x-ms-error-code": "ContainerAlreadyExists",
        "x-ms-request-id": "9c6458d2-e01e-009d-4989-2c65dc000000",
        "x-ms-version": "2024-02-04"
      },
      "ResponseBody": [
        "\uFEFF\u003C?xml version=\u00221.0\u0022 encoding=\u0022utf-8\u0022?\u003E\u003CError\u003E\u003CCode\u003EContainerAlreadyExists\u003C/Code\u003E\u003CMessage\u003EThe specified container already exists.\n",
        "RequestId:9c6458d2-e01e-009d-4989-2c65dc000000\n",
        "Time:2023-12-11T23:30:02.4066328Z\u003C/Message\u003E\u003C/Error\u003E"
      ]
    },
    {
      "RequestUri": "https://REDACTED/2e49d6120getpagerangesdiffac57b299951af3761e4d254/2e49d6121getpagerangesdiffac57b65117e0704bf16d034",
      "RequestMethod": "PUT",
      "RequestHeaders": {
        "Accept": "application/xml",
        "Authorization": "Sanitized",
        "Content-Length": "0",
        "Date": "Mon, 11 Dec 2023 23:29:58 GMT",
        "If-None-Match": "*",
        "User-Agent": "azsdk-java-azure-storage-blob/12.26.0-beta.1 (17.0.8; Windows 11; 10.0)",
        "x-ms-blob-content-length": "512",
        "x-ms-blob-type": "PageBlob",
        "x-ms-client-request-id": "db5bdba9-3963-431b-8586-fe6476c9e007",
        "x-ms-version": "2024-02-04"
      },
      "RequestBody": null,
      "StatusCode": 201,
      "ResponseHeaders": {
        "Content-Length": "0",
        "Date": "Mon, 11 Dec 2023 23:30:01 GMT",
        "ETag": "\u00220x8DBFAA11957AC56\u0022",
        "Last-Modified": "Mon, 11 Dec 2023 23:30:02 GMT",
        "Server": [
          "Windows-Azure-Blob/1.0",
          "Microsoft-HTTPAPI/2.0"
        ],
        "x-ms-client-request-id": "db5bdba9-3963-431b-8586-fe6476c9e007",
        "x-ms-request-id": "9c645930-e01e-009d-2089-2c65dc000000",
        "x-ms-request-server-encrypted": "true",
        "x-ms-version": "2024-02-04"
      },
      "ResponseBody": null
    },
    {
      "RequestUri": "https://REDACTED/2e49d6120getpagerangesdiffac57b299951af3761e4d254/2e49d6121getpagerangesdiffac57b65117e0704bf16d034?comp=tags",
      "RequestMethod": "PUT",
      "RequestHeaders": {
        "Accept": "application/xml",
        "Authorization": "Sanitized",
        "Content-Length": "111",
        "Content-Type": "application/xml",
        "Date": "Mon, 11 Dec 2023 23:29:58 GMT",
        "User-Agent": "azsdk-java-azure-storage-blob/12.26.0-beta.1 (17.0.8; Windows 11; 10.0)",
        "x-ms-client-request-id": "5b2eeb5d-b7e0-4932-b359-7800f7bfeea3",
        "x-ms-version": "2024-02-04"
      },
      "RequestBody": "\u003C?xml version=\u00271.0\u0027 encoding=\u0027UTF-8\u0027?\u003E\u003CTags\u003E\u003CTagSet\u003E\u003CTag\u003E\u003CKey\u003Efoo\u003C/Key\u003E\u003CValue\u003Ebar\u003C/Value\u003E\u003C/Tag\u003E\u003C/TagSet\u003E\u003C/Tags\u003E",
      "StatusCode": 204,
      "ResponseHeaders": {
        "Date": "Mon, 11 Dec 2023 23:30:02 GMT",
        "Server": [
          "Windows-Azure-Blob/1.0",
          "Microsoft-HTTPAPI/2.0"
        ],
        "x-ms-client-request-id": "5b2eeb5d-b7e0-4932-b359-7800f7bfeea3",
        "x-ms-request-id": "9c64599c-e01e-009d-7e89-2c65dc000000",
        "x-ms-version": "2024-02-04"
      },
      "ResponseBody": null
    },
    {
      "RequestUri": "https://REDACTED/2e49d6120getpagerangesdiffac57b299951af3761e4d254/2e49d6121getpagerangesdiffac57b65117e0704bf16d034?comp=snapshot",
      "RequestMethod": "PUT",
      "RequestHeaders": {
        "Accept": "application/xml",
        "Authorization": "Sanitized",
        "Content-Length": "0",
        "Date": "Mon, 11 Dec 2023 23:29:58 GMT",
        "User-Agent": "azsdk-java-azure-storage-blob/12.26.0-beta.1 (17.0.8; Windows 11; 10.0)",
        "x-ms-client-request-id": "2eccdffd-b848-4588-9498-6dd1701ae693",
        "x-ms-version": "2024-02-04"
      },
      "RequestBody": null,
      "StatusCode": 201,
      "ResponseHeaders": {
        "Content-Length": "0",
        "Date": "Mon, 11 Dec 2023 23:30:01 GMT",
        "ETag": "\u00220x8DBFAA11957AC56\u0022",
        "Last-Modified": "Mon, 11 Dec 2023 23:30:02 GMT",
        "Server": [
          "Windows-Azure-Blob/1.0",
          "Microsoft-HTTPAPI/2.0"
        ],
        "x-ms-client-request-id": "2eccdffd-b848-4588-9498-6dd1701ae693",
        "x-ms-request-id": "bdd2e479-701e-0036-7889-2c1a16000000",
        "x-ms-request-server-encrypted": "false",
        "x-ms-snapshot": "2023-12-11T23:30:02.6980792Z",
        "x-ms-version": "2024-02-04"
      },
      "ResponseBody": null
    },
    {
      "RequestUri": "https://REDACTED/2e49d6120getpagerangesdiffac57b299951af3761e4d254/2e49d6121getpagerangesdiffac57b65117e0704bf16d034?comp=pagelist\u0026prevsnapshot=2023-12-11T23%3A30%3A02.6980792Z",
      "RequestMethod": "GET",
      "RequestHeaders": {
        "Accept": "application/xml",
        "Authorization": "Sanitized",
        "Content-Length": "0",
        "Date": "Mon, 11 Dec 2023 23:29:58 GMT",
        "If-None-Match": "garbage",
        "User-Agent": "azsdk-java-azure-storage-blob/12.26.0-beta.1 (17.0.8; Windows 11; 10.0)",
        "x-ms-client-request-id": "f887fbdf-858f-453f-978f-b0f7f917fa65",
        "x-ms-range": "bytes=0-511",
        "x-ms-version": "2024-02-04"
      },
      "RequestBody": null,
      "StatusCode": 200,
      "ResponseHeaders": {
        "Content-Type": "application/xml",
        "Date": "Mon, 11 Dec 2023 23:30:01 GMT",
        "ETag": "\u00220x8DBFAA11957AC56\u0022",
        "Last-Modified": "Mon, 11 Dec 2023 23:30:02 GMT",
        "Server": [
          "Windows-Azure-Blob/1.0",
          "Microsoft-HTTPAPI/2.0"
        ],
        "Transfer-Encoding": "chunked",
        "x-ms-blob-content-length": "512",
        "x-ms-client-request-id": "f887fbdf-858f-453f-978f-b0f7f917fa65",
        "x-ms-request-id": "8c56d713-601e-0093-6389-2c4c6c000000",
        "x-ms-version": "2024-02-04"
      },
      "ResponseBody": [
        "\uFEFF\u003C?xml version=\u00221.0\u0022 encoding=\u0022utf-8\u0022?\u003E\n",
        "\u003CPageList/\u003E"
      ]
    }
  ],
  "Variables": {
    "0": "2e49d6120getpagerangesdiffac57b299951af3761e4d254",
    "1": "2e49d6121getpagerangesdiffac57b65117e0704bf16d034"
  }
}
