{
  "Entries": [
    {
      "RequestUri": "https://REDACTED/daa538560listpagerangesdiffacfail3235278483d87142b78?restype=container",
      "RequestMethod": "PUT",
      "RequestHeaders": {
        "Accept": "application/xml",
        "Authorization": "Sanitized",
        "Content-Length": "0",
        "Date": "Mon, 08 Jan 2024 19:47:54 GMT",
        "User-Agent": "azsdk-java-azure-storage-blob/12.26.0-beta.1 (17.0.8; Windows 11; 10.0)",
        "x-ms-client-request-id": "8864d301-36d9-42ae-be47-6532e28f283f",
        "x-ms-version": "2024-02-04"
      },
      "RequestBody": null,
      "StatusCode": 201,
      "ResponseHeaders": {
        "Content-Length": "0",
        "Date": "Mon, 08 Jan 2024 19:48:05 GMT",
        "ETag": "\u00220x8DC1082BB2ED498\u0022",
        "Last-Modified": "Mon, 08 Jan 2024 19:48:05 GMT",
        "Server": [
          "Windows-Azure-Blob/1.0",
          "Microsoft-HTTPAPI/2.0"
        ],
        "x-ms-client-request-id": "8864d301-36d9-42ae-be47-6532e28f283f",
        "x-ms-request-id": "9d496334-a01e-0057-2f6b-423955000000",
        "x-ms-version": "2024-02-04"
      },
      "ResponseBody": null
    },
    {
      "RequestUri": "https://REDACTED/daa538560listpagerangesdiffacfail3235278483d87142b78?restype=container",
      "RequestMethod": "PUT",
      "RequestHeaders": {
        "Accept": "application/xml",
        "Authorization": "Sanitized",
        "Content-Length": "0",
        "Date": "Mon, 08 Jan 2024 19:47:54 GMT",
        "User-Agent": "azsdk-java-azure-storage-blob/12.26.0-beta.1 (17.0.8; Windows 11; 10.0)",
        "x-ms-client-request-id": "195ef6e3-ff74-4e5f-bbe5-df10e38dfe83",
        "x-ms-version": "2024-02-04"
      },
      "RequestBody": null,
      "StatusCode": 409,
      "ResponseHeaders": {
        "Content-Length": "230",
        "Content-Type": "application/xml",
        "Date": "Mon, 08 Jan 2024 19:48:05 GMT",
        "Server": [
          "Windows-Azure-Blob/1.0",
          "Microsoft-HTTPAPI/2.0"
        ],
        "x-ms-client-request-id": "195ef6e3-ff74-4e5f-bbe5-df10e38dfe83",
        "x-ms-error-code": "ContainerAlreadyExists",
        "x-ms-request-id": "9d4963d3-a01e-0057-456b-423955000000",
        "x-ms-version": "2024-02-04"
      },
      "ResponseBody": [
        "\uFEFF\u003C?xml version=\u00221.0\u0022 encoding=\u0022utf-8\u0022?\u003E\u003CError\u003E\u003CCode\u003EContainerAlreadyExists\u003C/Code\u003E\u003CMessage\u003EThe specified container already exists.\n",
        "RequestId:9d4963d3-a01e-0057-456b-423955000000\n",
        "Time:2024-01-08T19:48:05.3088540Z\u003C/Message\u003E\u003C/Error\u003E"
      ]
    },
    {
      "RequestUri": "https://REDACTED/daa538560listpagerangesdiffacfail3235278483d87142b78/daa538561listpagerangesdiffacfail323698675aff44d4abf",
      "RequestMethod": "PUT",
      "RequestHeaders": {
        "Accept": "application/xml",
        "Authorization": "Sanitized",
        "Content-Length": "0",
        "Date": "Mon, 08 Jan 2024 19:47:54 GMT",
        "If-None-Match": "*",
        "User-Agent": "azsdk-java-azure-storage-blob/12.26.0-beta.1 (17.0.8; Windows 11; 10.0)",
        "x-ms-blob-content-length": "512",
        "x-ms-blob-type": "PageBlob",
        "x-ms-client-request-id": "9d1bfce1-3bc2-4b29-85ff-7018223f5e7c",
        "x-ms-version": "2024-02-04"
      },
      "RequestBody": null,
      "StatusCode": 201,
      "ResponseHeaders": {
        "Content-Length": "0",
        "Date": "Mon, 08 Jan 2024 19:48:04 GMT",
        "ETag": "\u00220x8DC1082BB517919\u0022",
        "Last-Modified": "Mon, 08 Jan 2024 19:48:05 GMT",
        "Server": [
          "Windows-Azure-Blob/1.0",
          "Microsoft-HTTPAPI/2.0"
        ],
        "x-ms-client-request-id": "9d1bfce1-3bc2-4b29-85ff-7018223f5e7c",
        "x-ms-request-id": "1ac6f51d-a01e-001a-456b-42f6b9000000",
        "x-ms-request-server-encrypted": "true",
        "x-ms-version": "2024-02-04"
      },
      "ResponseBody": null
    },
    {
      "RequestUri": "https://REDACTED/daa538560listpagerangesdiffacfail3235278483d87142b78/daa538561listpagerangesdiffacfail323698675aff44d4abf?comp=snapshot",
      "RequestMethod": "PUT",
      "RequestHeaders": {
        "Accept": "application/xml",
        "Authorization": "Sanitized",
        "Content-Length": "0",
        "Date": "Mon, 08 Jan 2024 19:47:54 GMT",
        "User-Agent": "azsdk-java-azure-storage-blob/12.26.0-beta.1 (17.0.8; Windows 11; 10.0)",
        "x-ms-client-request-id": "74908883-1837-4a21-852b-49ac6651f7fa",
        "x-ms-version": "2024-02-04"
      },
      "RequestBody": null,
      "StatusCode": 201,
      "ResponseHeaders": {
        "Content-Length": "0",
        "Date": "Mon, 08 Jan 2024 19:48:05 GMT",
        "ETag": "\u00220x8DC1082BB517919\u0022",
        "Last-Modified": "Mon, 08 Jan 2024 19:48:05 GMT",
        "Server": [
          "Windows-Azure-Blob/1.0",
          "Microsoft-HTTPAPI/2.0"
        ],
        "x-ms-client-request-id": "74908883-1837-4a21-852b-49ac6651f7fa",
        "x-ms-request-id": "2c6906a0-d01e-0086-6a6b-425bdf000000",
        "x-ms-request-server-encrypted": "false",
        "x-ms-snapshot": "2024-01-08T19:48:05.5238927Z",
        "x-ms-version": "2024-02-04"
      },
      "ResponseBody": null
    },
    {
      "RequestUri": "https://REDACTED/daa538560listpagerangesdiffacfail3235278483d87142b78/daa538561listpagerangesdiffacfail323698675aff44d4abf?comp=pagelist\u0026prevsnapshot=2024-01-08T19%3A48%3A05.5238927Z",
      "RequestMethod": "GET",
      "RequestHeaders": {
        "Accept": "application/xml",
        "Authorization": "Sanitized",
        "Content-Length": "0",
        "Date": "Mon, 08 Jan 2024 19:47:54 GMT",
        "User-Agent": "azsdk-java-azure-storage-blob/12.26.0-beta.1 (17.0.8; Windows 11; 10.0)",
        "x-ms-client-request-id": "6f017209-6756-4e68-8624-1fcd6651d76c",
        "x-ms-if-tags": "\u0022notfoo\u0022 = \u0027notbar\u0027",
        "x-ms-range": "bytes=0-511",
        "x-ms-version": "2024-02-04"
      },
      "RequestBody": null,
      "StatusCode": 412,
      "ResponseHeaders": {
        "Access-Control-Allow-Origin": "*",
        "Access-Control-Expose-Headers": "x-ms-client-request-id",
        "Content-Length": "253",
        "Content-Type": "application/xml",
        "Date": "Mon, 08 Jan 2024 19:48:05 GMT",
        "Server": [
          "Windows-Azure-Blob/1.0",
          "Microsoft-HTTPAPI/2.0"
        ],
        "x-ms-client-request-id": "6f017209-6756-4e68-8624-1fcd6651d76c",
        "x-ms-error-code": "ConditionNotMet",
        "x-ms-request-id": "2c690755-d01e-0086-1c6b-425bdf000000",
        "x-ms-version": "2024-02-04"
      },
      "ResponseBody": [
        "\uFEFF\u003C?xml version=\u00221.0\u0022 encoding=\u0022utf-8\u0022?\u003E\n",
        "\u003CError\u003E\u003CCode\u003EConditionNotMet\u003C/Code\u003E\u003CMessage\u003EThe condition specified using HTTP conditional header(s) is not met.\n",
        "RequestId:2c690755-d01e-0086-1c6b-425bdf000000\n",
        "Time:2024-01-08T19:48:05.6277115Z\u003C/Message\u003E\u003C/Error\u003E"
      ]
    }
  ],
  "Variables": {
    "0": "daa538560listpagerangesdiffacfail3235278483d87142b78",
    "1": "daa538561listpagerangesdiffacfail323698675aff44d4abf"
  }
}
