{
  "Entries": [
    {
      "RequestUri": "https://REDACTED/722cd7f80createifnotexiststags1d906031d9a6f1701887?restype=container",
      "RequestMethod": "PUT",
      "RequestHeaders": {
        "Accept": "application/xml",
        "Authorization": "Sanitized",
        "Content-Length": "0",
        "Date": "Thu, 12 Oct 2023 14:29:12 GMT",
        "User-Agent": "azsdk-java-azure-storage-blob/12.25.0-beta.1 (17.0.8.1; Windows 11; 10.0)",
        "x-ms-client-request-id": "d2356e76-38d9-4d39-8dff-a5b9a84ae85e",
        "x-ms-version": "2023-08-03"
      },
      "RequestBody": null,
      "StatusCode": 201,
      "ResponseHeaders": {
        "Content-Length": "0",
        "Date": "Thu, 12 Oct 2023 14:29:12 GMT",
        "ETag": "\u00220x8DBCB2F9B11C6FC\u0022",
        "Last-Modified": "Thu, 12 Oct 2023 14:29:12 GMT",
        "Server": [
          "Windows-Azure-Blob/1.0",
          "Microsoft-HTTPAPI/2.0"
        ],
        "x-ms-client-request-id": "d2356e76-38d9-4d39-8dff-a5b9a84ae85e",
        "x-ms-request-id": "284a6e00-e01e-000c-6918-fd5db9000000",
        "x-ms-version": "2023-08-03"
      },
      "ResponseBody": null
    },
    {
      "RequestUri": "https://REDACTED/722cd7f80createifnotexiststags1d906031d9a6f1701887/722cd7f81createifnotexiststags1d9204926c79f705f384",
      "RequestMethod": "PUT",
      "RequestHeaders": {
        "Accept": "application/xml",
        "Authorization": "Sanitized",
        "Content-Length": "0",
        "Date": "Thu, 12 Oct 2023 14:29:12 GMT",
        "If-None-Match": "*",
        "User-Agent": "azsdk-java-azure-storage-blob/12.25.0-beta.1 (17.0.8.1; Windows 11; 10.0)",
        "x-ms-blob-content-length": "512",
        "x-ms-blob-type": "PageBlob",
        "x-ms-client-request-id": "8e228a1e-6151-434c-ae0f-c0390731fb6d",
        "x-ms-version": "2023-08-03"
      },
      "RequestBody": null,
      "StatusCode": 201,
      "ResponseHeaders": {
        "Content-Length": "0",
        "Date": "Thu, 12 Oct 2023 14:29:12 GMT",
        "ETag": "\u00220x8DBCB2F9B15A3A2\u0022",
        "Last-Modified": "Thu, 12 Oct 2023 14:29:12 GMT",
        "Server": [
          "Windows-Azure-Blob/1.0",
          "Microsoft-HTTPAPI/2.0"
        ],
        "x-ms-client-request-id": "8e228a1e-6151-434c-ae0f-c0390731fb6d",
        "x-ms-request-id": "284a6e18-e01e-000c-7e18-fd5db9000000",
        "x-ms-request-server-encrypted": "true",
        "x-ms-version": "2023-08-03"
      },
      "ResponseBody": null
    },
    {
      "RequestUri": "https://REDACTED/722cd7f80createifnotexiststags1d906031d9a6f1701887/722cd7f82createifnotexiststags1d914578ab53ea9beddc",
      "RequestMethod": "PUT",
      "RequestHeaders": {
        "Accept": "application/xml",
        "Authorization": "Sanitized",
        "Content-Length": "0",
        "Date": "Thu, 12 Oct 2023 14:29:12 GMT",
        "If-None-Match": "*",
        "User-Agent": "azsdk-java-azure-storage-blob/12.25.0-beta.1 (17.0.8.1; Windows 11; 10.0)",
        "x-ms-blob-content-length": "512",
        "x-ms-blob-type": "PageBlob",
        "x-ms-client-request-id": "72fababd-339a-44f1-9a02-46acef91edee",
        "x-ms-tags": "\u002B%2B-.%2F%3A%3D_\u002B\u002B%2B-.%2F%3A%3D_=\u002B%2B-.%2F%3A%3D_",
        "x-ms-version": "2023-08-03"
      },
      "RequestBody": null,
      "StatusCode": 201,
      "ResponseHeaders": {
        "Content-Length": "0",
        "Date": "Thu, 12 Oct 2023 14:29:12 GMT",
        "ETag": "\u00220x8DBCB2F9B1A0FD3\u0022",
        "Last-Modified": "Thu, 12 Oct 2023 14:29:12 GMT",
        "Server": [
          "Windows-Azure-Blob/1.0",
          "Microsoft-HTTPAPI/2.0"
        ],
        "x-ms-client-request-id": "72fababd-339a-44f1-9a02-46acef91edee",
        "x-ms-request-id": "284a6e29-e01e-000c-0c18-fd5db9000000",
        "x-ms-request-server-encrypted": "true",
        "x-ms-version": "2023-08-03"
      },
      "ResponseBody": null
    },
    {
      "RequestUri": "https://REDACTED/722cd7f80createifnotexiststags1d906031d9a6f1701887/722cd7f82createifnotexiststags1d914578ab53ea9beddc?comp=tags",
      "RequestMethod": "GET",
      "RequestHeaders": {
        "Accept": "application/xml",
        "Authorization": "Sanitized",
        "Content-Length": "0",
        "Date": "Thu, 12 Oct 2023 14:29:12 GMT",
        "User-Agent": "azsdk-java-azure-storage-blob/12.25.0-beta.1 (17.0.8.1; Windows 11; 10.0)",
        "x-ms-client-request-id": "547bd6ae-b844-45e4-80b2-33c7ad21f83b",
        "x-ms-version": "2023-08-03"
      },
      "RequestBody": null,
      "StatusCode": 200,
      "ResponseHeaders": {
        "Access-Control-Allow-Origin": "*",
        "Access-Control-Expose-Headers": "x-ms-client-request-id",
        "Content-Length": "134",
        "Content-Type": "application/xml",
        "Date": "Thu, 12 Oct 2023 14:29:12 GMT",
        "Server": [
          "Windows-Azure-Blob/1.0",
          "Microsoft-HTTPAPI/2.0"
        ],
        "x-ms-client-request-id": "547bd6ae-b844-45e4-80b2-33c7ad21f83b",
        "x-ms-request-id": "284a6e3e-e01e-000c-1d18-fd5db9000000",
        "x-ms-version": "2023-08-03"
      },
      "ResponseBody": [
        "\uFEFF\u003C?xml version=\u00221.0\u0022 encoding=\u0022utf-8\u0022?\u003E\n",
        "\u003CTags\u003E\u003CTagSet\u003E\u003CTag\u003E\u003CKey\u003E \u002B-./:=_  \u002B-./:=_\u003C/Key\u003E\u003CValue\u003E \u002B-./:=_\u003C/Value\u003E\u003C/Tag\u003E\u003C/TagSet\u003E\u003C/Tags\u003E"
      ]
    }
  ],
  "Variables": {
    "0": "722cd7f80createifnotexiststags1d906031d9a6f1701887",
    "1": "722cd7f81createifnotexiststags1d9204926c79f705f384",
    "2": "722cd7f82createifnotexiststags1d914578ab53ea9beddc"
  }
}
