{
  "Entries": [
    {
      "RequestUri": "https://REDACTED/55be61e10uploadpageac70817894d5b75dfc7ff84720b?restype=container",
      "RequestMethod": "PUT",
      "RequestHeaders": {
        "Accept": "application/xml",
        "Authorization": "Sanitized",
        "Content-Length": "0",
        "Date": "Wed, 13 Dec 2023 21:49:04 GMT",
        "User-Agent": "azsdk-java-azure-storage-blob/12.26.0-beta.1 (17.0.8; Windows 11; 10.0)",
        "x-ms-client-request-id": "0a7d584e-15a9-4b2a-b939-9b0dda25ec60",
        "x-ms-version": "2024-02-04"
      },
      "RequestBody": null,
      "StatusCode": 201,
      "ResponseHeaders": {
        "Content-Length": "0",
        "Date": "Wed, 13 Dec 2023 21:49:04 GMT",
        "ETag": "\u00220x8DBFC25534C5A18\u0022",
        "Last-Modified": "Wed, 13 Dec 2023 21:49:04 GMT",
        "Server": [
          "Windows-Azure-Blob/1.0",
          "Microsoft-HTTPAPI/2.0"
        ],
        "x-ms-client-request-id": "0a7d584e-15a9-4b2a-b939-9b0dda25ec60",
        "x-ms-request-id": "a3d9f3d3-c01e-001c-450e-2ec506000000",
        "x-ms-version": "2024-02-04"
      },
      "ResponseBody": null
    },
    {
      "RequestUri": "https://REDACTED/55be61e10uploadpageac70817894d5b75dfc7ff84720b?restype=container",
      "RequestMethod": "PUT",
      "RequestHeaders": {
        "Accept": "application/xml",
        "Authorization": "Sanitized",
        "Content-Length": "0",
        "Date": "Wed, 13 Dec 2023 21:49:04 GMT",
        "User-Agent": "azsdk-java-azure-storage-blob/12.26.0-beta.1 (17.0.8; Windows 11; 10.0)",
        "x-ms-client-request-id": "8d3df395-5799-41fd-9690-641605272fc3",
        "x-ms-version": "2024-02-04"
      },
      "RequestBody": null,
      "StatusCode": 409,
      "ResponseHeaders": {
        "Content-Length": "230",
        "Content-Type": "application/xml",
        "Date": "Wed, 13 Dec 2023 21:49:04 GMT",
        "Server": [
          "Windows-Azure-Blob/1.0",
          "Microsoft-HTTPAPI/2.0"
        ],
        "x-ms-client-request-id": "8d3df395-5799-41fd-9690-641605272fc3",
        "x-ms-error-code": "ContainerAlreadyExists",
        "x-ms-request-id": "a3d9f482-c01e-001c-560e-2ec506000000",
        "x-ms-version": "2024-02-04"
      },
      "ResponseBody": [
        "\uFEFF\u003C?xml version=\u00221.0\u0022 encoding=\u0022utf-8\u0022?\u003E\u003CError\u003E\u003CCode\u003EContainerAlreadyExists\u003C/Code\u003E\u003CMessage\u003EThe specified container already exists.\n",
        "RequestId:a3d9f482-c01e-001c-560e-2ec506000000\n",
        "Time:2023-12-13T21:49:04.5618776Z\u003C/Message\u003E\u003C/Error\u003E"
      ]
    },
    {
      "RequestUri": "https://REDACTED/55be61e10uploadpageac70817894d5b75dfc7ff84720b/55be61e11uploadpageac7087330465a752cb1eaa4f66a",
      "RequestMethod": "PUT",
      "RequestHeaders": {
        "Accept": "application/xml",
        "Authorization": "Sanitized",
        "Content-Length": "0",
        "Date": "Wed, 13 Dec 2023 21:49:04 GMT",
        "If-None-Match": "*",
        "User-Agent": "azsdk-java-azure-storage-blob/12.26.0-beta.1 (17.0.8; Windows 11; 10.0)",
        "x-ms-blob-content-length": "512",
        "x-ms-blob-type": "PageBlob",
        "x-ms-client-request-id": "419fa9fc-592b-4ed0-affe-953cd672b77d",
        "x-ms-version": "2024-02-04"
      },
      "RequestBody": null,
      "StatusCode": 201,
      "ResponseHeaders": {
        "Content-Length": "0",
        "Date": "Wed, 13 Dec 2023 21:49:04 GMT",
        "ETag": "\u00220x8DBFC25536BD816\u0022",
        "Last-Modified": "Wed, 13 Dec 2023 21:49:04 GMT",
        "Server": [
          "Windows-Azure-Blob/1.0",
          "Microsoft-HTTPAPI/2.0"
        ],
        "x-ms-client-request-id": "419fa9fc-592b-4ed0-affe-953cd672b77d",
        "x-ms-request-id": "a3d9f508-c01e-001c-4e0e-2ec506000000",
        "x-ms-request-server-encrypted": "true",
        "x-ms-version": "2024-02-04"
      },
      "ResponseBody": null
    },
    {
      "RequestUri": "https://REDACTED/55be61e10uploadpageac70817894d5b75dfc7ff84720b/55be61e11uploadpageac7087330465a752cb1eaa4f66a?comp=tags",
      "RequestMethod": "PUT",
      "RequestHeaders": {
        "Accept": "application/xml",
        "Authorization": "Sanitized",
        "Content-Length": "111",
        "Content-Type": "application/xml",
        "Date": "Wed, 13 Dec 2023 21:49:04 GMT",
        "User-Agent": "azsdk-java-azure-storage-blob/12.26.0-beta.1 (17.0.8; Windows 11; 10.0)",
        "x-ms-client-request-id": "f3f779ee-d2d4-4e0f-80c1-892b12264423",
        "x-ms-version": "2024-02-04"
      },
      "RequestBody": "\u003C?xml version=\u00271.0\u0027 encoding=\u0027UTF-8\u0027?\u003E\u003CTags\u003E\u003CTagSet\u003E\u003CTag\u003E\u003CKey\u003Efoo\u003C/Key\u003E\u003CValue\u003Ebar\u003C/Value\u003E\u003C/Tag\u003E\u003C/TagSet\u003E\u003C/Tags\u003E",
      "StatusCode": 204,
      "ResponseHeaders": {
        "Date": "Wed, 13 Dec 2023 21:49:04 GMT",
        "Server": [
          "Windows-Azure-Blob/1.0",
          "Microsoft-HTTPAPI/2.0"
        ],
        "x-ms-client-request-id": "f3f779ee-d2d4-4e0f-80c1-892b12264423",
        "x-ms-request-id": "a3d9f594-c01e-001c-510e-2ec506000000",
        "x-ms-version": "2024-02-04"
      },
      "ResponseBody": null
    },
    {
      "RequestUri": "https://REDACTED/55be61e10uploadpageac70817894d5b75dfc7ff84720b/55be61e11uploadpageac7087330465a752cb1eaa4f66a",
      "RequestMethod": "HEAD",
      "RequestHeaders": {
        "Accept": "application/xml",
        "Authorization": "Sanitized",
        "Content-Length": "0",
        "Date": "Wed, 13 Dec 2023 21:49:04 GMT",
        "User-Agent": "azsdk-java-azure-storage-blob/12.26.0-beta.1 (17.0.8; Windows 11; 10.0)",
        "x-ms-client-request-id": "5027ae4c-d334-41ff-b8df-dcb2cdcd0726",
        "x-ms-version": "2024-02-04"
      },
      "RequestBody": null,
      "StatusCode": 200,
      "ResponseHeaders": {
        "Accept-Ranges": "bytes",
        "Access-Control-Allow-Origin": "*",
        "Access-Control-Expose-Headers": "x-ms-client-request-id",
        "Content-Length": "512",
        "Content-Type": "application/octet-stream",
        "Date": "Wed, 13 Dec 2023 21:49:04 GMT",
        "ETag": "\u00220x8DBFC25536BD816\u0022",
        "Last-Modified": "Wed, 13 Dec 2023 21:49:04 GMT",
        "Server": [
          "Windows-Azure-Blob/1.0",
          "Microsoft-HTTPAPI/2.0"
        ],
        "x-ms-blob-sequence-number": "0",
        "x-ms-blob-type": "PageBlob",
        "x-ms-client-request-id": "5027ae4c-d334-41ff-b8df-dcb2cdcd0726",
        "x-ms-creation-time": "Wed, 13 Dec 2023 21:49:04 GMT",
        "x-ms-lease-state": "available",
        "x-ms-lease-status": "unlocked",
        "x-ms-request-id": "a3d9f62f-c01e-001c-5c0e-2ec506000000",
        "x-ms-server-encrypted": "true",
        "x-ms-tag-count": "1",
        "x-ms-version": "2024-02-04"
      },
      "ResponseBody": null
    },
    {
      "RequestUri": "https://REDACTED/55be61e10uploadpageac70817894d5b75dfc7ff84720b/55be61e11uploadpageac7087330465a752cb1eaa4f66a?comp=page",
      "RequestMethod": "PUT",
      "RequestHeaders": {
        "Accept": "application/xml",
        "Authorization": "Sanitized",
        "Content-Length": "512",
        "Content-Type": "application/octet-stream",
        "Date": "Wed, 13 Dec 2023 21:49:04 GMT",
        "If-Match": "0x8DBFC25536BD816",
        "User-Agent": "azsdk-java-azure-storage-blob/12.26.0-beta.1 (17.0.8; Windows 11; 10.0)",
        "x-ms-client-request-id": "77c1d733-7b14-4754-99fb-7165b16828ee",
        "x-ms-page-write": "update",
        "x-ms-range": "bytes=0-511",
        "x-ms-version": "2024-02-04"
      },
      "RequestBody": "ZjMSFexXzXfPBjBqCooXS28tQ2oOtLTAy3j79\u002BR/75X/iQZffnsnROtxPZNHfb3cZEtZJQhhAcvTaShmeksBx92ArB0cQPxrB57hYAvU5wiA\u002B1Zk5fnOZ2krtdMFlhbYXe1ye5mPtIYAvLPAYbqcfuLW0\u002BYSDpoD\u002BsxWxLx7fAOAZqMTnh4HfvTQFGNK1TbYji76nBJRvsh3sp6oCq3usm5Vs8Qlc08lxnoUWTvtV4TtowgK\u002BoinldYgF4UOQfrS75V2CP46TzmdxHlrnGiWqUtRPv/0zMEVj9q0BhlY\u002BN/zptV2TfJTbWULYgVKlm9zWILzu7wTw7cfzC/UNI7KOQxr6UkK2voPTPInqRXISL6o/OCVJhIoNYnIFIyXPcMG73ie9H8\u002BDR9GZ4RKQz2JRzPY1\u002BqWaf4/z1WiRzORY9H3\u002B0Efzg0vV4q3G5UL3RZe1edrQ4YmVrV9icKqKWfZF6IkmqdpvlnpE7ToGhvBv47PsVI8BI/0Yx/1s4FRA2c3EilslJiFXQUh5jeiE5Ba70T4eAIxQSIQx6IzrbSRHnmM1ZFG993iVbXTJE8IqKd6vdEQ7MOhrt6IITqmEnmbiPysAJT0XabfGFTLMAIZPWamURr/g5qCuv2hnTJdfaNIcJlk41Xe6HJU9J7OfW8He87AKATQqFyZwyIr/Dyy2cw=",
      "StatusCode": 201,
      "ResponseHeaders": {
        "Content-Length": "0",
        "Date": "Wed, 13 Dec 2023 21:49:04 GMT",
        "ETag": "\u00220x8DBFC25539A5B43\u0022",
        "Last-Modified": "Wed, 13 Dec 2023 21:49:04 GMT",
        "Server": [
          "Windows-Azure-Blob/1.0",
          "Microsoft-HTTPAPI/2.0"
        ],
        "x-ms-blob-sequence-number": "0",
        "x-ms-client-request-id": "77c1d733-7b14-4754-99fb-7165b16828ee",
        "x-ms-content-crc64": "O/zqQl1OcGU=",
        "x-ms-request-id": "a3d9f6bd-c01e-001c-5a0e-2ec506000000",
        "x-ms-request-server-encrypted": "true",
        "x-ms-version": "2024-02-04"
      },
      "ResponseBody": null
    }
  ],
  "Variables": {
    "0": "55be61e10uploadpageac70817894d5b75dfc7ff84720b",
    "1": "55be61e11uploadpageac7087330465a752cb1eaa4f66a",
    "2": "17b3a648-762e-4762-9b28-6c905b0e28ba"
  }
}
