{
  "Entries": [
    {
      "RequestUri": "https://REDACTED/429d80650resizeacfail16833547c57bbb06eb77485c9?restype=container",
      "RequestMethod": "PUT",
      "RequestHeaders": {
        "Accept": "application/xml",
        "Authorization": "Sanitized",
        "Content-Length": "0",
        "Date": "Thu, 12 Oct 2023 13:50:14 GMT",
        "User-Agent": "azsdk-java-azure-storage-blob/12.25.0-beta.1 (17.0.8.1; Windows 11; 10.0)",
        "x-ms-client-request-id": "29d47835-ecb0-472b-9890-b3db81dcd9c4",
        "x-ms-version": "2023-08-03"
      },
      "RequestBody": null,
      "StatusCode": 201,
      "ResponseHeaders": {
        "Content-Length": "0",
        "Date": "Thu, 12 Oct 2023 13:50:14 GMT",
        "ETag": "\u00220x8DBCB2A29982211\u0022",
        "Last-Modified": "Thu, 12 Oct 2023 13:50:14 GMT",
        "Server": [
          "Windows-Azure-Blob/1.0",
          "Microsoft-HTTPAPI/2.0"
        ],
        "x-ms-client-request-id": "29d47835-ecb0-472b-9890-b3db81dcd9c4",
        "x-ms-request-id": "5b1d842c-301e-000f-1513-fdbcdd000000",
        "x-ms-version": "2023-08-03"
      },
      "ResponseBody": null
    },
    {
      "RequestUri": "https://REDACTED/429d80650resizeacfail16833547c57bbb06eb77485c9/429d80651resizeacfail168349979c4b998b0d884d399",
      "RequestMethod": "PUT",
      "RequestHeaders": {
        "Accept": "application/xml",
        "Authorization": "Sanitized",
        "Content-Length": "0",
        "Date": "Thu, 12 Oct 2023 13:50:15 GMT",
        "If-None-Match": "*",
        "User-Agent": "azsdk-java-azure-storage-blob/12.25.0-beta.1 (17.0.8.1; Windows 11; 10.0)",
        "x-ms-blob-content-length": "512",
        "x-ms-blob-type": "PageBlob",
        "x-ms-client-request-id": "30efbf49-c268-46c9-82a6-4cf64dace09f",
        "x-ms-version": "2023-08-03"
      },
      "RequestBody": null,
      "StatusCode": 201,
      "ResponseHeaders": {
        "Content-Length": "0",
        "Date": "Thu, 12 Oct 2023 13:50:14 GMT",
        "ETag": "\u00220x8DBCB2A299CFE4E\u0022",
        "Last-Modified": "Thu, 12 Oct 2023 13:50:15 GMT",
        "Server": [
          "Windows-Azure-Blob/1.0",
          "Microsoft-HTTPAPI/2.0"
        ],
        "x-ms-client-request-id": "30efbf49-c268-46c9-82a6-4cf64dace09f",
        "x-ms-request-id": "5b1d8461-301e-000f-4913-fdbcdd000000",
        "x-ms-request-server-encrypted": "true",
        "x-ms-version": "2023-08-03"
      },
      "ResponseBody": null
    },
    {
      "RequestUri": "https://REDACTED/429d80650resizeacfail16833547c57bbb06eb77485c9/429d80651resizeacfail168349979c4b998b0d884d399",
      "RequestMethod": "HEAD",
      "RequestHeaders": {
        "Accept": "application/xml",
        "Authorization": "Sanitized",
        "Content-Length": "0",
        "Date": "Thu, 12 Oct 2023 13:50:15 GMT",
        "User-Agent": "azsdk-java-azure-storage-blob/12.25.0-beta.1 (17.0.8.1; Windows 11; 10.0)",
        "x-ms-client-request-id": "94c92040-2b72-4257-9514-1312a95a2099",
        "x-ms-version": "2023-08-03"
      },
      "RequestBody": null,
      "StatusCode": 200,
      "ResponseHeaders": {
        "Accept-Ranges": "bytes",
        "Access-Control-Allow-Origin": "*",
        "Access-Control-Expose-Headers": "x-ms-client-request-id",
        "Content-Length": "512",
        "Content-Type": "application/octet-stream",
        "Date": "Thu, 12 Oct 2023 13:50:15 GMT",
        "ETag": "\u00220x8DBCB2A299CFE4E\u0022",
        "Last-Modified": "Thu, 12 Oct 2023 13:50:15 GMT",
        "Server": [
          "Windows-Azure-Blob/1.0",
          "Microsoft-HTTPAPI/2.0"
        ],
        "x-ms-blob-sequence-number": "0",
        "x-ms-blob-type": "PageBlob",
        "x-ms-client-request-id": "94c92040-2b72-4257-9514-1312a95a2099",
        "x-ms-creation-time": "Thu, 12 Oct 2023 13:50:15 GMT",
        "x-ms-lease-state": "available",
        "x-ms-lease-status": "unlocked",
        "x-ms-request-id": "5b1d84a6-301e-000f-0a13-fdbcdd000000",
        "x-ms-server-encrypted": "true",
        "x-ms-version": "2023-08-03"
      },
      "ResponseBody": null
    },
    {
      "RequestUri": "https://REDACTED/429d80650resizeacfail16833547c57bbb06eb77485c9/429d80651resizeacfail168349979c4b998b0d884d399?comp=properties",
      "RequestMethod": "PUT",
      "RequestHeaders": {
        "Accept": "application/xml",
        "Authorization": "Sanitized",
        "Content-Length": "0",
        "Date": "Thu, 12 Oct 2023 13:50:15 GMT",
        "If-None-Match": "0x8DBCB2A299CFE4E",
        "User-Agent": "azsdk-java-azure-storage-blob/12.25.0-beta.1 (17.0.8.1; Windows 11; 10.0)",
        "x-ms-blob-content-length": "1024",
        "x-ms-client-request-id": "133f6014-60e3-487f-aee4-8020c92aeb60",
        "x-ms-version": "2023-08-03"
      },
      "RequestBody": null,
      "StatusCode": 412,
      "ResponseHeaders": {
        "Content-Length": "252",
        "Content-Type": "application/xml",
        "Date": "Thu, 12 Oct 2023 13:50:15 GMT",
        "Server": [
          "Windows-Azure-Blob/1.0",
          "Microsoft-HTTPAPI/2.0"
        ],
        "x-ms-client-request-id": "133f6014-60e3-487f-aee4-8020c92aeb60",
        "x-ms-error-code": "ConditionNotMet",
        "x-ms-request-id": "5b1d84ea-301e-000f-4813-fdbcdd000000",
        "x-ms-version": "2023-08-03"
      },
      "ResponseBody": [
        "\uFEFF\u003C?xml version=\u00221.0\u0022 encoding=\u0022utf-8\u0022?\u003E\u003CError\u003E\u003CCode\u003EConditionNotMet\u003C/Code\u003E\u003CMessage\u003EThe condition specified using HTTP conditional header(s) is not met.\n",
        "RequestId:5b1d84ea-301e-000f-4813-fdbcdd000000\n",
        "Time:2023-10-12T13:50:15.0867652Z\u003C/Message\u003E\u003C/Error\u003E"
      ]
    }
  ],
  "Variables": {
    "0": "429d80650resizeacfail16833547c57bbb06eb77485c9",
    "1": "429d80651resizeacfail168349979c4b998b0d884d399"
  }
}
