{
  "Entries": [
    {
      "RequestUri": "https://REDACTED/d28cb2b40createifnotexistsmetadataf3523464d94fddf82f?restype=container",
      "RequestMethod": "PUT",
      "RequestHeaders": {
        "Accept": "application/xml",
        "Authorization": "Sanitized",
        "Content-Length": "0",
        "Date": "Thu, 12 Oct 2023 17:26:29 GMT",
        "User-Agent": "azsdk-java-azure-storage-blob/12.25.0-beta.1 (17.0.8.1; Windows 11; 10.0)",
        "x-ms-client-request-id": "d129579b-ab18-41b1-ba54-b322111cb8ea",
        "x-ms-version": "2023-08-03"
      },
      "RequestBody": null,
      "StatusCode": 201,
      "ResponseHeaders": {
        "Content-Length": "0",
        "Date": "Thu, 12 Oct 2023 17:26:29 GMT",
        "ETag": "\u00220x8DBCB485F247C60\u0022",
        "Last-Modified": "Thu, 12 Oct 2023 17:26:29 GMT",
        "Server": [
          "Windows-Azure-Blob/1.0",
          "Microsoft-HTTPAPI/2.0"
        ],
        "x-ms-client-request-id": "d129579b-ab18-41b1-ba54-b322111cb8ea",
        "x-ms-request-id": "99bc0881-c01e-0034-5931-fdf979000000",
        "x-ms-version": "2023-08-03"
      },
      "ResponseBody": null
    },
    {
      "RequestUri": "https://REDACTED/d28cb2b40createifnotexistsmetadataf3523464d94fddf82f/d28cb2b41createifnotexistsmetadataf3585897fd88195139",
      "RequestMethod": "PUT",
      "RequestHeaders": {
        "Accept": "application/xml",
        "Authorization": "Sanitized",
        "Content-Length": "0",
        "Date": "Thu, 12 Oct 2023 17:26:29 GMT",
        "If-None-Match": "*",
        "User-Agent": "azsdk-java-azure-storage-blob/12.25.0-beta.1 (17.0.8.1; Windows 11; 10.0)",
        "x-ms-blob-content-length": "512",
        "x-ms-blob-type": "PageBlob",
        "x-ms-client-request-id": "90db7526-4edb-4c90-8b69-a2849b265fc0",
        "x-ms-version": "2023-08-03"
      },
      "RequestBody": null,
      "StatusCode": 201,
      "ResponseHeaders": {
        "Content-Length": "0",
        "Date": "Thu, 12 Oct 2023 17:26:29 GMT",
        "ETag": "\u00220x8DBCB485F28E659\u0022",
        "Last-Modified": "Thu, 12 Oct 2023 17:26:29 GMT",
        "Server": [
          "Windows-Azure-Blob/1.0",
          "Microsoft-HTTPAPI/2.0"
        ],
        "x-ms-client-request-id": "90db7526-4edb-4c90-8b69-a2849b265fc0",
        "x-ms-request-id": "8d09f36f-301e-001f-1331-fd79b5000000",
        "x-ms-request-server-encrypted": "true",
        "x-ms-version": "2023-08-03"
      },
      "ResponseBody": null
    },
    {
      "RequestUri": "https://REDACTED/d28cb2b40createifnotexistsmetadataf3523464d94fddf82f/d28cb2b42createifnotexistsmetadataf3520811c9f2b2e9ac",
      "RequestMethod": "PUT",
      "RequestHeaders": {
        "Accept": "application/xml",
        "Authorization": "Sanitized",
        "Content-Length": "0",
        "Date": "Thu, 12 Oct 2023 17:26:29 GMT",
        "If-None-Match": "*",
        "User-Agent": "azsdk-java-azure-storage-blob/12.25.0-beta.1 (17.0.8.1; Windows 11; 10.0)",
        "x-ms-blob-content-length": "512",
        "x-ms-blob-type": "PageBlob",
        "x-ms-client-request-id": "2f147805-64a4-4d0f-be4c-a50044f5eb7f",
        "x-ms-meta-fizz": "buzz",
        "x-ms-meta-foo": "bar",
        "x-ms-version": "2023-08-03"
      },
      "RequestBody": null,
      "StatusCode": 201,
      "ResponseHeaders": {
        "Content-Length": "0",
        "Date": "Thu, 12 Oct 2023 17:26:29 GMT",
        "ETag": "\u00220x8DBCB485F314998\u0022",
        "Last-Modified": "Thu, 12 Oct 2023 17:26:29 GMT",
        "Server": [
          "Windows-Azure-Blob/1.0",
          "Microsoft-HTTPAPI/2.0"
        ],
        "x-ms-client-request-id": "2f147805-64a4-4d0f-be4c-a50044f5eb7f",
        "x-ms-request-id": "8d09f3be-301e-001f-5931-fd79b5000000",
        "x-ms-request-server-encrypted": "true",
        "x-ms-version": "2023-08-03"
      },
      "ResponseBody": null
    },
    {
      "RequestUri": "https://REDACTED/d28cb2b40createifnotexistsmetadataf3523464d94fddf82f/d28cb2b42createifnotexistsmetadataf3520811c9f2b2e9ac",
      "RequestMethod": "HEAD",
      "RequestHeaders": {
        "Accept": "application/xml",
        "Authorization": "Sanitized",
        "Content-Length": "0",
        "Date": "Thu, 12 Oct 2023 17:26:29 GMT",
        "User-Agent": "azsdk-java-azure-storage-blob/12.25.0-beta.1 (17.0.8.1; Windows 11; 10.0)",
        "x-ms-client-request-id": "9d84f1bb-8a8f-4de6-a378-631f829e202e",
        "x-ms-version": "2023-08-03"
      },
      "RequestBody": null,
      "StatusCode": 200,
      "ResponseHeaders": {
        "Accept-Ranges": "bytes",
        "Access-Control-Allow-Origin": "*",
        "Access-Control-Expose-Headers": "x-ms-client-request-id",
        "Content-Length": "512",
        "Content-Type": "application/octet-stream",
        "Date": "Thu, 12 Oct 2023 17:26:29 GMT",
        "ETag": "\u00220x8DBCB485F314998\u0022",
        "Last-Modified": "Thu, 12 Oct 2023 17:26:29 GMT",
        "Server": [
          "Windows-Azure-Blob/1.0",
          "Microsoft-HTTPAPI/2.0"
        ],
        "x-ms-blob-sequence-number": "0",
        "x-ms-blob-type": "PageBlob",
        "x-ms-client-request-id": "9d84f1bb-8a8f-4de6-a378-631f829e202e",
        "x-ms-creation-time": "Thu, 12 Oct 2023 17:26:29 GMT",
        "x-ms-lease-state": "available",
        "x-ms-lease-status": "unlocked",
        "x-ms-meta-fizz": "buzz",
        "x-ms-meta-foo": "bar",
        "x-ms-request-id": "8d09f3e0-301e-001f-7631-fd79b5000000",
        "x-ms-server-encrypted": "true",
        "x-ms-version": "2023-08-03"
      },
      "ResponseBody": null
    }
  ],
  "Variables": {
    "0": "d28cb2b40createifnotexistsmetadataf3523464d94fddf82f",
    "1": "d28cb2b41createifnotexistsmetadataf3585897fd88195139",
    "2": "d28cb2b42createifnotexistsmetadataf3520811c9f2b2e9ac"
  }
}
