{
  "Entries": [
    {
      "RequestUri": "https://REDACTED/d7303f4a0getpagerangesacfail45139109da4c571060854?restype=container",
      "RequestMethod": "PUT",
      "RequestHeaders": {
        "Accept": "application/xml",
        "Authorization": "Sanitized",
        "Content-Length": "0",
        "Date": "Thu, 12 Oct 2023 17:26:44 GMT",
        "User-Agent": "azsdk-java-azure-storage-blob/12.25.0-beta.1 (17.0.8.1; Windows 11; 10.0)",
        "x-ms-client-request-id": "4af4d85e-e931-4a09-8202-463769c115a7",
        "x-ms-version": "2023-08-03"
      },
      "RequestBody": null,
      "StatusCode": 201,
      "ResponseHeaders": {
        "Content-Length": "0",
        "Date": "Thu, 12 Oct 2023 17:26:44 GMT",
        "ETag": "\u00220x8DBCB4867D6189E\u0022",
        "Last-Modified": "Thu, 12 Oct 2023 17:26:44 GMT",
        "Server": [
          "Windows-Azure-Blob/1.0",
          "Microsoft-HTTPAPI/2.0"
        ],
        "x-ms-client-request-id": "4af4d85e-e931-4a09-8202-463769c115a7",
        "x-ms-request-id": "99bc5793-c01e-0034-6431-fdf979000000",
        "x-ms-version": "2023-08-03"
      },
      "ResponseBody": null
    },
    {
      "RequestUri": "https://REDACTED/d7303f4a0getpagerangesacfail45139109da4c571060854/d7303f4a1getpagerangesacfail45139142a1d271c43c614",
      "RequestMethod": "PUT",
      "RequestHeaders": {
        "Accept": "application/xml",
        "Authorization": "Sanitized",
        "Content-Length": "0",
        "Date": "Thu, 12 Oct 2023 17:26:44 GMT",
        "If-None-Match": "*",
        "User-Agent": "azsdk-java-azure-storage-blob/12.25.0-beta.1 (17.0.8.1; Windows 11; 10.0)",
        "x-ms-blob-content-length": "512",
        "x-ms-blob-type": "PageBlob",
        "x-ms-client-request-id": "75764882-714b-464a-990c-ca6792206ee7",
        "x-ms-version": "2023-08-03"
      },
      "RequestBody": null,
      "StatusCode": 201,
      "ResponseHeaders": {
        "Content-Length": "0",
        "Date": "Thu, 12 Oct 2023 17:26:44 GMT",
        "ETag": "\u00220x8DBCB4867DB47D2\u0022",
        "Last-Modified": "Thu, 12 Oct 2023 17:26:44 GMT",
        "Server": [
          "Windows-Azure-Blob/1.0",
          "Microsoft-HTTPAPI/2.0"
        ],
        "x-ms-client-request-id": "75764882-714b-464a-990c-ca6792206ee7",
        "x-ms-request-id": "99bc57ba-c01e-0034-0831-fdf979000000",
        "x-ms-request-server-encrypted": "true",
        "x-ms-version": "2023-08-03"
      },
      "ResponseBody": null
    },
    {
      "RequestUri": "https://REDACTED/d7303f4a0getpagerangesacfail45139109da4c571060854/d7303f4a1getpagerangesacfail45139142a1d271c43c614?comp=lease",
      "RequestMethod": "PUT",
      "RequestHeaders": {
        "Accept": "application/xml",
        "Authorization": "Sanitized",
        "Content-Length": "0",
        "Date": "Thu, 12 Oct 2023 17:26:44 GMT",
        "User-Agent": "azsdk-java-azure-storage-blob/12.25.0-beta.1 (17.0.8.1; Windows 11; 10.0)",
        "x-ms-client-request-id": "a4a9cf18-5b06-4ad0-95ef-6093468dd95c",
        "x-ms-lease-action": "acquire",
        "x-ms-lease-duration": "-1",
        "x-ms-proposed-lease-id": "2c2f6896-cf01-4da5-9381-d6a2c1c300eb",
        "x-ms-version": "2023-08-03"
      },
      "RequestBody": null,
      "StatusCode": 201,
      "ResponseHeaders": {
        "Content-Length": "0",
        "Date": "Thu, 12 Oct 2023 17:26:44 GMT",
        "ETag": "\u00220x8DBCB4867DB47D2\u0022",
        "Last-Modified": "Thu, 12 Oct 2023 17:26:44 GMT",
        "Server": [
          "Windows-Azure-Blob/1.0",
          "Microsoft-HTTPAPI/2.0"
        ],
        "x-ms-client-request-id": "a4a9cf18-5b06-4ad0-95ef-6093468dd95c",
        "x-ms-lease-id": "2c2f6896-cf01-4da5-9381-d6a2c1c300eb",
        "x-ms-request-id": "1ffb8490-301e-0030-6731-fd747e000000",
        "x-ms-version": "2023-08-03"
      },
      "ResponseBody": null
    },
    {
      "RequestUri": "https://REDACTED/d7303f4a0getpagerangesacfail45139109da4c571060854/d7303f4a1getpagerangesacfail45139142a1d271c43c614?comp=pagelist",
      "RequestMethod": "GET",
      "RequestHeaders": {
        "Accept": "application/xml",
        "Authorization": "Sanitized",
        "Content-Length": "0",
        "Date": "Thu, 12 Oct 2023 17:26:44 GMT",
        "User-Agent": "azsdk-java-azure-storage-blob/12.25.0-beta.1 (17.0.8.1; Windows 11; 10.0)",
        "x-ms-client-request-id": "43354053-97ad-4fa2-a060-4536f543d0b6",
        "x-ms-lease-id": "cd317405-a951-4983-be36-00a2500d2970",
        "x-ms-range": "bytes=0-511",
        "x-ms-version": "2023-08-03"
      },
      "RequestBody": null,
      "StatusCode": 412,
      "ResponseHeaders": {
        "Access-Control-Allow-Origin": "*",
        "Access-Control-Expose-Headers": "x-ms-client-request-id",
        "Content-Length": "265",
        "Content-Type": "application/xml",
        "Date": "Thu, 12 Oct 2023 17:26:44 GMT",
        "Server": [
          "Windows-Azure-Blob/1.0",
          "Microsoft-HTTPAPI/2.0"
        ],
        "x-ms-client-request-id": "43354053-97ad-4fa2-a060-4536f543d0b6",
        "x-ms-error-code": "LeaseIdMismatchWithBlobOperation",
        "x-ms-request-id": "99bc57fe-c01e-0034-4731-fdf979000000",
        "x-ms-version": "2023-08-03"
      },
      "ResponseBody": [
        "\uFEFF\u003C?xml version=\u00221.0\u0022 encoding=\u0022utf-8\u0022?\u003E\n",
        "\u003CError\u003E\u003CCode\u003ELeaseIdMismatchWithBlobOperation\u003C/Code\u003E\u003CMessage\u003EThe lease ID specified did not match the lease ID for the blob.\n",
        "RequestId:99bc57fe-c01e-0034-4731-fdf979000000\n",
        "Time:2023-10-12T17:26:44.4134731Z\u003C/Message\u003E\u003C/Error\u003E"
      ]
    }
  ],
  "Variables": {
    "0": "d7303f4a0getpagerangesacfail45139109da4c571060854",
    "1": "d7303f4a1getpagerangesacfail45139142a1d271c43c614"
  }
}
