{
  "Entries": [
    {
      "RequestUri": "https://REDACTED/e2edf4fe0createacb2d96396c619e72e52234b1986f?restype=container",
      "RequestMethod": "PUT",
      "RequestHeaders": {
        "Accept": "application/xml",
        "Authorization": "Sanitized",
        "Content-Length": "0",
        "Date": "Thu, 12 Oct 2023 13:50:11 GMT",
        "User-Agent": "azsdk-java-azure-storage-blob/12.25.0-beta.1 (17.0.8.1; Windows 11; 10.0)",
        "x-ms-client-request-id": "2f9f2c7e-7a84-41b9-860b-f6648ffe7318",
        "x-ms-version": "2023-08-03"
      },
      "RequestBody": null,
      "StatusCode": 201,
      "ResponseHeaders": {
        "Content-Length": "0",
        "Date": "Thu, 12 Oct 2023 13:50:11 GMT",
        "ETag": "\u00220x8DBCB2A27CC0561\u0022",
        "Last-Modified": "Thu, 12 Oct 2023 13:50:11 GMT",
        "Server": [
          "Windows-Azure-Blob/1.0",
          "Microsoft-HTTPAPI/2.0"
        ],
        "x-ms-client-request-id": "2f9f2c7e-7a84-41b9-860b-f6648ffe7318",
        "x-ms-request-id": "b6ca42ef-101e-0027-0613-fddd75000000",
        "x-ms-version": "2023-08-03"
      },
      "ResponseBody": null
    },
    {
      "RequestUri": "https://REDACTED/e2edf4fe0createacb2d96396c619e72e52234b1986f/e2edf4fe1createacb2d53690b1ebba1d3e49400d8ee",
      "RequestMethod": "PUT",
      "RequestHeaders": {
        "Accept": "application/xml",
        "Authorization": "Sanitized",
        "Content-Length": "0",
        "Date": "Thu, 12 Oct 2023 13:50:12 GMT",
        "If-None-Match": "*",
        "User-Agent": "azsdk-java-azure-storage-blob/12.25.0-beta.1 (17.0.8.1; Windows 11; 10.0)",
        "x-ms-blob-content-length": "512",
        "x-ms-blob-type": "PageBlob",
        "x-ms-client-request-id": "15a2f3ae-9978-496a-a699-57226fd9679e",
        "x-ms-version": "2023-08-03"
      },
      "RequestBody": null,
      "StatusCode": 201,
      "ResponseHeaders": {
        "Content-Length": "0",
        "Date": "Thu, 12 Oct 2023 13:50:11 GMT",
        "ETag": "\u00220x8DBCB2A27D0E47D\u0022",
        "Last-Modified": "Thu, 12 Oct 2023 13:50:12 GMT",
        "Server": [
          "Windows-Azure-Blob/1.0",
          "Microsoft-HTTPAPI/2.0"
        ],
        "x-ms-client-request-id": "15a2f3ae-9978-496a-a699-57226fd9679e",
        "x-ms-request-id": "b6ca4313-101e-0027-2213-fddd75000000",
        "x-ms-request-server-encrypted": "true",
        "x-ms-version": "2023-08-03"
      },
      "ResponseBody": null
    },
    {
      "RequestUri": "https://REDACTED/e2edf4fe0createacb2d96396c619e72e52234b1986f/e2edf4fe1createacb2d53690b1ebba1d3e49400d8ee?comp=tags",
      "RequestMethod": "PUT",
      "RequestHeaders": {
        "Accept": "application/xml",
        "Authorization": "Sanitized",
        "Content-Length": "111",
        "Content-Type": "application/xml",
        "Date": "Thu, 12 Oct 2023 13:50:12 GMT",
        "User-Agent": "azsdk-java-azure-storage-blob/12.25.0-beta.1 (17.0.8.1; Windows 11; 10.0)",
        "x-ms-client-request-id": "90a1ae38-f9f7-452c-9033-dcc8dc483ece",
        "x-ms-version": "2023-08-03"
      },
      "RequestBody": "\u003C?xml version=\u00271.0\u0027 encoding=\u0027UTF-8\u0027?\u003E\u003CTags\u003E\u003CTagSet\u003E\u003CTag\u003E\u003CKey\u003Efoo\u003C/Key\u003E\u003CValue\u003Ebar\u003C/Value\u003E\u003C/Tag\u003E\u003C/TagSet\u003E\u003C/Tags\u003E",
      "StatusCode": 204,
      "ResponseHeaders": {
        "Date": "Thu, 12 Oct 2023 13:50:11 GMT",
        "Server": [
          "Windows-Azure-Blob/1.0",
          "Microsoft-HTTPAPI/2.0"
        ],
        "x-ms-client-request-id": "90a1ae38-f9f7-452c-9033-dcc8dc483ece",
        "x-ms-request-id": "0bba4cb7-201e-002c-1113-fd261e000000",
        "x-ms-version": "2023-08-03"
      },
      "ResponseBody": null
    },
    {
      "RequestUri": "https://REDACTED/e2edf4fe0createacb2d96396c619e72e52234b1986f/e2edf4fe1createacb2d53690b1ebba1d3e49400d8ee",
      "RequestMethod": "PUT",
      "RequestHeaders": {
        "Accept": "application/xml",
        "Authorization": "Sanitized",
        "Content-Length": "0",
        "Date": "Thu, 12 Oct 2023 13:50:12 GMT",
        "If-Unmodified-Since": "Fri, 13 Oct 2023 13:49:56 GMT",
        "User-Agent": "azsdk-java-azure-storage-blob/12.25.0-beta.1 (17.0.8.1; Windows 11; 10.0)",
        "x-ms-blob-content-length": "512",
        "x-ms-blob-type": "PageBlob",
        "x-ms-client-request-id": "83d4bb1e-fe4c-4c17-8de5-f03757100af5",
        "x-ms-version": "2023-08-03"
      },
      "RequestBody": null,
      "StatusCode": 201,
      "ResponseHeaders": {
        "Content-Length": "0",
        "Date": "Thu, 12 Oct 2023 13:50:12 GMT",
        "ETag": "\u00220x8DBCB2A27D920B9\u0022",
        "Last-Modified": "Thu, 12 Oct 2023 13:50:12 GMT",
        "Server": [
          "Windows-Azure-Blob/1.0",
          "Microsoft-HTTPAPI/2.0"
        ],
        "x-ms-client-request-id": "83d4bb1e-fe4c-4c17-8de5-f03757100af5",
        "x-ms-request-id": "0bba4ccc-201e-002c-2413-fd261e000000",
        "x-ms-request-server-encrypted": "true",
        "x-ms-version": "2023-08-03"
      },
      "ResponseBody": null
    }
  ],
  "Variables": {
    "0": "e2edf4fe0createacb2d96396c619e72e52234b1986f",
    "1": "e2edf4fe1createacb2d53690b1ebba1d3e49400d8ee"
  }
}
