{
  "Entries": [
    {
      "RequestUri": "https://REDACTED/5b86b1240resizeacfail27c717732ef0ebca5d3843ceb?restype=container",
      "RequestMethod": "PUT",
      "RequestHeaders": {
        "Accept": "application/xml",
        "Authorization": "Sanitized",
        "Content-Length": "0",
        "Date": "Thu, 12 Oct 2023 14:28:54 GMT",
        "User-Agent": "azsdk-java-azure-storage-blob/12.25.0-beta.1 (17.0.8.1; Windows 11; 10.0)",
        "x-ms-client-request-id": "f48bbcc8-1d15-40fa-b0de-458f5a53bcec",
        "x-ms-version": "2023-08-03"
      },
      "RequestBody": null,
      "StatusCode": 201,
      "ResponseHeaders": {
        "Content-Length": "0",
        "Date": "Thu, 12 Oct 2023 14:28:54 GMT",
        "ETag": "\u00220x8DBCB2F8FF72E10\u0022",
        "Last-Modified": "Thu, 12 Oct 2023 14:28:54 GMT",
        "Server": [
          "Windows-Azure-Blob/1.0",
          "Microsoft-HTTPAPI/2.0"
        ],
        "x-ms-client-request-id": "f48bbcc8-1d15-40fa-b0de-458f5a53bcec",
        "x-ms-request-id": "35f07e93-a01e-0022-4718-fd0fae000000",
        "x-ms-version": "2023-08-03"
      },
      "ResponseBody": null
    },
    {
      "RequestUri": "https://REDACTED/5b86b1240resizeacfail27c717732ef0ebca5d3843ceb/5b86b1241resizeacfail27c34589b432e04c331246b39",
      "RequestMethod": "PUT",
      "RequestHeaders": {
        "Accept": "application/xml",
        "Authorization": "Sanitized",
        "Content-Length": "0",
        "Date": "Thu, 12 Oct 2023 14:28:54 GMT",
        "If-None-Match": "*",
        "User-Agent": "azsdk-java-azure-storage-blob/12.25.0-beta.1 (17.0.8.1; Windows 11; 10.0)",
        "x-ms-blob-content-length": "512",
        "x-ms-blob-type": "PageBlob",
        "x-ms-client-request-id": "909d69c4-f696-4051-a14a-316bd19f23d5",
        "x-ms-version": "2023-08-03"
      },
      "RequestBody": null,
      "StatusCode": 201,
      "ResponseHeaders": {
        "Content-Length": "0",
        "Date": "Thu, 12 Oct 2023 14:28:54 GMT",
        "ETag": "\u00220x8DBCB2F8FFADB38\u0022",
        "Last-Modified": "Thu, 12 Oct 2023 14:28:54 GMT",
        "Server": [
          "Windows-Azure-Blob/1.0",
          "Microsoft-HTTPAPI/2.0"
        ],
        "x-ms-client-request-id": "909d69c4-f696-4051-a14a-316bd19f23d5",
        "x-ms-request-id": "35f07ec3-a01e-0022-7418-fd0fae000000",
        "x-ms-request-server-encrypted": "true",
        "x-ms-version": "2023-08-03"
      },
      "ResponseBody": null
    },
    {
      "RequestUri": "https://REDACTED/5b86b1240resizeacfail27c717732ef0ebca5d3843ceb/5b86b1241resizeacfail27c34589b432e04c331246b39?comp=lease",
      "RequestMethod": "PUT",
      "RequestHeaders": {
        "Accept": "application/xml",
        "Authorization": "Sanitized",
        "Content-Length": "0",
        "Date": "Thu, 12 Oct 2023 14:28:54 GMT",
        "User-Agent": "azsdk-java-azure-storage-blob/12.25.0-beta.1 (17.0.8.1; Windows 11; 10.0)",
        "x-ms-client-request-id": "2820d79a-9fcd-4f98-8a49-d4320ec3b719",
        "x-ms-lease-action": "acquire",
        "x-ms-lease-duration": "-1",
        "x-ms-proposed-lease-id": "9a91e707-2b27-4353-b830-271ae136e667",
        "x-ms-version": "2023-08-03"
      },
      "RequestBody": null,
      "StatusCode": 201,
      "ResponseHeaders": {
        "Content-Length": "0",
        "Date": "Thu, 12 Oct 2023 14:28:54 GMT",
        "ETag": "\u00220x8DBCB2F8FFADB38\u0022",
        "Last-Modified": "Thu, 12 Oct 2023 14:28:54 GMT",
        "Server": [
          "Windows-Azure-Blob/1.0",
          "Microsoft-HTTPAPI/2.0"
        ],
        "x-ms-client-request-id": "2820d79a-9fcd-4f98-8a49-d4320ec3b719",
        "x-ms-lease-id": "9a91e707-2b27-4353-b830-271ae136e667",
        "x-ms-request-id": "35f07ee5-a01e-0022-1218-fd0fae000000",
        "x-ms-version": "2023-08-03"
      },
      "ResponseBody": null
    },
    {
      "RequestUri": "https://REDACTED/5b86b1240resizeacfail27c717732ef0ebca5d3843ceb/5b86b1241resizeacfail27c34589b432e04c331246b39?comp=properties",
      "RequestMethod": "PUT",
      "RequestHeaders": {
        "Accept": "application/xml",
        "Authorization": "Sanitized",
        "Content-Length": "0",
        "Date": "Thu, 12 Oct 2023 14:28:54 GMT",
        "User-Agent": "azsdk-java-azure-storage-blob/12.25.0-beta.1 (17.0.8.1; Windows 11; 10.0)",
        "x-ms-blob-content-length": "1024",
        "x-ms-client-request-id": "0a92f9c2-3ad2-4c06-9bb4-9df65497f054",
        "x-ms-lease-id": "ec3825ca-f757-4288-bbd7-b85ea7ec5364",
        "x-ms-version": "2023-08-03"
      },
      "RequestBody": null,
      "StatusCode": 412,
      "ResponseHeaders": {
        "Content-Length": "264",
        "Content-Type": "application/xml",
        "Date": "Thu, 12 Oct 2023 14:28:54 GMT",
        "Server": [
          "Windows-Azure-Blob/1.0",
          "Microsoft-HTTPAPI/2.0"
        ],
        "x-ms-client-request-id": "0a92f9c2-3ad2-4c06-9bb4-9df65497f054",
        "x-ms-error-code": "LeaseIdMismatchWithBlobOperation",
        "x-ms-request-id": "290150b4-201e-005e-1618-fd2151000000",
        "x-ms-version": "2023-08-03"
      },
      "ResponseBody": [
        "\uFEFF\u003C?xml version=\u00221.0\u0022 encoding=\u0022utf-8\u0022?\u003E\u003CError\u003E\u003CCode\u003ELeaseIdMismatchWithBlobOperation\u003C/Code\u003E\u003CMessage\u003EThe lease ID specified did not match the lease ID for the blob.\n",
        "RequestId:290150b4-201e-005e-1618-fd2151000000\n",
        "Time:2023-10-12T14:28:54.3176163Z\u003C/Message\u003E\u003C/Error\u003E"
      ]
    }
  ],
  "Variables": {
    "0": "5b86b1240resizeacfail27c717732ef0ebca5d3843ceb",
    "1": "5b86b1241resizeacfail27c34589b432e04c331246b39"
  }
}
