{
  "Entries": [
    {
      "RequestUri": "https://REDACTED/cb40a8220listpagerangesacfaild8f15442709da072cbfe4?restype=container",
      "RequestMethod": "PUT",
      "RequestHeaders": {
        "Accept": "application/xml",
        "Authorization": "Sanitized",
        "Content-Length": "0",
        "Date": "Thu, 05 Oct 2023 19:36:28 GMT",
        "User-Agent": "azsdk-java-azure-storage-blob/12.25.0-beta.1 (11.0.16.1; Windows 11; 10.0)",
        "x-ms-client-request-id": "ddf34b5d-3921-46c6-8269-daf537bffca5",
        "x-ms-version": "2023-08-03"
      },
      "RequestBody": null,
      "StatusCode": 201,
      "ResponseHeaders": {
        "Content-Length": "0",
        "Date": "Thu, 05 Oct 2023 19:36:28 GMT",
        "ETag": "\u00220x8DBC5DA5EBA7056\u0022",
        "Last-Modified": "Thu, 05 Oct 2023 19:36:28 GMT",
        "Server": [
          "Windows-Azure-Blob/1.0",
          "Microsoft-HTTPAPI/2.0"
        ],
        "x-ms-client-request-id": "ddf34b5d-3921-46c6-8269-daf537bffca5",
        "x-ms-request-id": "5556e93f-c01e-001e-59c3-f77d5a000000",
        "x-ms-version": "2023-08-03"
      },
      "ResponseBody": null
    },
    {
      "RequestUri": "https://REDACTED/cb40a8220listpagerangesacfaild8f15442709da072cbfe4/cb40a8221listpagerangesacfaild8f362032c2ea12170784",
      "RequestMethod": "PUT",
      "RequestHeaders": {
        "Accept": "application/xml",
        "Authorization": "Sanitized",
        "Content-Length": "0",
        "Date": "Thu, 05 Oct 2023 19:36:28 GMT",
        "If-None-Match": "*",
        "User-Agent": "azsdk-java-azure-storage-blob/12.25.0-beta.1 (11.0.16.1; Windows 11; 10.0)",
        "x-ms-blob-content-length": "512",
        "x-ms-blob-type": "PageBlob",
        "x-ms-client-request-id": "470dcd17-cc56-4b8c-a19d-d6f2097f8c17",
        "x-ms-version": "2023-08-03"
      },
      "RequestBody": null,
      "StatusCode": 201,
      "ResponseHeaders": {
        "Content-Length": "0",
        "Date": "Thu, 05 Oct 2023 19:36:28 GMT",
        "ETag": "\u00220x8DBC5DA5EC9F0DB\u0022",
        "Last-Modified": "Thu, 05 Oct 2023 19:36:28 GMT",
        "Server": [
          "Windows-Azure-Blob/1.0",
          "Microsoft-HTTPAPI/2.0"
        ],
        "x-ms-client-request-id": "470dcd17-cc56-4b8c-a19d-d6f2097f8c17",
        "x-ms-request-id": "5556e9fa-c01e-001e-42c3-f77d5a000000",
        "x-ms-request-server-encrypted": "true",
        "x-ms-version": "2023-08-03",
        "x-ms-version-id": "2023-10-05T19:36:28.6892251Z"
      },
      "ResponseBody": null
    },
    {
      "RequestUri": "https://REDACTED/cb40a8220listpagerangesacfaild8f15442709da072cbfe4/cb40a8221listpagerangesacfaild8f362032c2ea12170784?comp=lease",
      "RequestMethod": "PUT",
      "RequestHeaders": {
        "Accept": "application/xml",
        "Authorization": "Sanitized",
        "Content-Length": "0",
        "Date": "Thu, 05 Oct 2023 19:36:28 GMT",
        "User-Agent": "azsdk-java-azure-storage-blob/12.25.0-beta.1 (11.0.16.1; Windows 11; 10.0)",
        "x-ms-client-request-id": "d964cd3e-242b-41e1-9f7f-03ed8578ea87",
        "x-ms-lease-action": "acquire",
        "x-ms-lease-duration": "-1",
        "x-ms-proposed-lease-id": "104969f2-8df6-4694-a962-7c2e559300f6",
        "x-ms-version": "2023-08-03"
      },
      "RequestBody": null,
      "StatusCode": 201,
      "ResponseHeaders": {
        "Content-Length": "0",
        "Date": "Thu, 05 Oct 2023 19:36:28 GMT",
        "ETag": "\u00220x8DBC5DA5EC9F0DB\u0022",
        "Last-Modified": "Thu, 05 Oct 2023 19:36:28 GMT",
        "Server": [
          "Windows-Azure-Blob/1.0",
          "Microsoft-HTTPAPI/2.0"
        ],
        "x-ms-client-request-id": "d964cd3e-242b-41e1-9f7f-03ed8578ea87",
        "x-ms-lease-id": "104969f2-8df6-4694-a962-7c2e559300f6",
        "x-ms-request-id": "5556eb39-c01e-001e-7bc3-f77d5a000000",
        "x-ms-version": "2023-08-03"
      },
      "ResponseBody": null
    },
    {
      "RequestUri": "https://REDACTED/cb40a8220listpagerangesacfaild8f15442709da072cbfe4/cb40a8221listpagerangesacfaild8f362032c2ea12170784?comp=pagelist",
      "RequestMethod": "GET",
      "RequestHeaders": {
        "Accept": "application/xml",
        "Authorization": "Sanitized",
        "Content-Length": "0",
        "Date": "Thu, 05 Oct 2023 19:36:28 GMT",
        "User-Agent": "azsdk-java-azure-storage-blob/12.25.0-beta.1 (11.0.16.1; Windows 11; 10.0)",
        "x-ms-client-request-id": "98bebb42-cc71-4efd-b413-0000dd93bda4",
        "x-ms-lease-id": "2db0a5c5-5999-4047-a540-b36aa023b342",
        "x-ms-range": "bytes=0-511",
        "x-ms-version": "2023-08-03"
      },
      "RequestBody": null,
      "StatusCode": 412,
      "ResponseHeaders": {
        "Access-Control-Allow-Origin": "*",
        "Access-Control-Expose-Headers": "x-ms-client-request-id",
        "Content-Length": "265",
        "Content-Type": "application/xml",
        "Date": "Thu, 05 Oct 2023 19:36:28 GMT",
        "Server": [
          "Windows-Azure-Blob/1.0",
          "Microsoft-HTTPAPI/2.0"
        ],
        "x-ms-client-request-id": "98bebb42-cc71-4efd-b413-0000dd93bda4",
        "x-ms-error-code": "LeaseIdMismatchWithBlobOperation",
        "x-ms-request-id": "b0d1de18-801e-001f-2cc3-f72286000000",
        "x-ms-version": "2023-08-03"
      },
      "ResponseBody": [
        "\uFEFF\u003C?xml version=\u00221.0\u0022 encoding=\u0022utf-8\u0022?\u003E\n",
        "\u003CError\u003E\u003CCode\u003ELeaseIdMismatchWithBlobOperation\u003C/Code\u003E\u003CMessage\u003EThe lease ID specified did not match the lease ID for the blob.\n",
        "RequestId:b0d1de18-801e-001f-2cc3-f72286000000\n",
        "Time:2023-10-05T19:36:28.9880388Z\u003C/Message\u003E\u003C/Error\u003E"
      ]
    }
  ],
  "Variables": {
    "0": "cb40a8220listpagerangesacfaild8f15442709da072cbfe4",
    "1": "cb40a8221listpagerangesacfaild8f362032c2ea12170784"
  }
}
