{
  "Entries": [
    {
      "RequestUri": "https://REDACTED/d6d753430uploadpageacfailb43553419f70411257624ea?restype=container",
      "RequestMethod": "PUT",
      "RequestHeaders": {
        "Accept": "application/xml",
        "Authorization": "Sanitized",
        "Content-Length": "0",
        "Date": "Mon, 11 Dec 2023 19:11:47 GMT",
        "User-Agent": "azsdk-java-azure-storage-blob/12.26.0-beta.1 (17.0.8; Windows 11; 10.0)",
        "x-ms-client-request-id": "50044900-b540-4f8a-954f-8a22d0e07685",
        "x-ms-version": "2024-02-04"
      },
      "RequestBody": null,
      "StatusCode": 201,
      "ResponseHeaders": {
        "Content-Length": "0",
        "Date": "Mon, 11 Dec 2023 19:11:51 GMT",
        "ETag": "\u00220x8DBFA7D081FD69A\u0022",
        "Last-Modified": "Mon, 11 Dec 2023 19:11:51 GMT",
        "Server": [
          "Windows-Azure-Blob/1.0",
          "Microsoft-HTTPAPI/2.0"
        ],
        "x-ms-client-request-id": "50044900-b540-4f8a-954f-8a22d0e07685",
        "x-ms-request-id": "c5ff3fe6-d01e-0072-6c65-2c9029000000",
        "x-ms-version": "2024-02-04"
      },
      "ResponseBody": null
    },
    {
      "RequestUri": "https://REDACTED/d6d753430uploadpageacfailb43553419f70411257624ea?restype=container",
      "RequestMethod": "PUT",
      "RequestHeaders": {
        "Accept": "application/xml",
        "Authorization": "Sanitized",
        "Content-Length": "0",
        "Date": "Mon, 11 Dec 2023 19:11:48 GMT",
        "User-Agent": "azsdk-java-azure-storage-blob/12.26.0-beta.1 (17.0.8; Windows 11; 10.0)",
        "x-ms-client-request-id": "3518149e-733d-4ef8-93de-2bb31752ce3d",
        "x-ms-version": "2024-02-04"
      },
      "RequestBody": null,
      "StatusCode": 409,
      "ResponseHeaders": {
        "Content-Length": "230",
        "Content-Type": "application/xml",
        "Date": "Mon, 11 Dec 2023 19:11:51 GMT",
        "Server": [
          "Windows-Azure-Blob/1.0",
          "Microsoft-HTTPAPI/2.0"
        ],
        "x-ms-client-request-id": "3518149e-733d-4ef8-93de-2bb31752ce3d",
        "x-ms-error-code": "ContainerAlreadyExists",
        "x-ms-request-id": "c5ff4067-d01e-0072-6065-2c9029000000",
        "x-ms-version": "2024-02-04"
      },
      "ResponseBody": [
        "\uFEFF\u003C?xml version=\u00221.0\u0022 encoding=\u0022utf-8\u0022?\u003E\u003CError\u003E\u003CCode\u003EContainerAlreadyExists\u003C/Code\u003E\u003CMessage\u003EThe specified container already exists.\n",
        "RequestId:c5ff4067-d01e-0072-6065-2c9029000000\n",
        "Time:2023-12-11T19:11:51.8256838Z\u003C/Message\u003E\u003C/Error\u003E"
      ]
    },
    {
      "RequestUri": "https://REDACTED/d6d753430uploadpageacfailb43553419f70411257624ea/d6d753431uploadpageacfailb4358263fd7885ce0be7462",
      "RequestMethod": "PUT",
      "RequestHeaders": {
        "Accept": "application/xml",
        "Authorization": "Sanitized",
        "Content-Length": "0",
        "Date": "Mon, 11 Dec 2023 19:11:48 GMT",
        "If-None-Match": "*",
        "User-Agent": "azsdk-java-azure-storage-blob/12.26.0-beta.1 (17.0.8; Windows 11; 10.0)",
        "x-ms-blob-content-length": "512",
        "x-ms-blob-type": "PageBlob",
        "x-ms-client-request-id": "ec604956-8d4b-4d59-aa17-830103ea8dc2",
        "x-ms-version": "2024-02-04"
      },
      "RequestBody": null,
      "StatusCode": 201,
      "ResponseHeaders": {
        "Content-Length": "0",
        "Date": "Mon, 11 Dec 2023 19:11:51 GMT",
        "ETag": "\u00220x8DBFA7D083DC81B\u0022",
        "Last-Modified": "Mon, 11 Dec 2023 19:11:51 GMT",
        "Server": [
          "Windows-Azure-Blob/1.0",
          "Microsoft-HTTPAPI/2.0"
        ],
        "x-ms-client-request-id": "ec604956-8d4b-4d59-aa17-830103ea8dc2",
        "x-ms-request-id": "c5ff40ee-d01e-0072-6065-2c9029000000",
        "x-ms-request-server-encrypted": "true",
        "x-ms-version": "2024-02-04"
      },
      "ResponseBody": null
    },
    {
      "RequestUri": "https://REDACTED/d6d753430uploadpageacfailb43553419f70411257624ea/d6d753431uploadpageacfailb4358263fd7885ce0be7462",
      "RequestMethod": "HEAD",
      "RequestHeaders": {
        "Accept": "application/xml",
        "Authorization": "Sanitized",
        "Content-Length": "0",
        "Date": "Mon, 11 Dec 2023 19:11:48 GMT",
        "User-Agent": "azsdk-java-azure-storage-blob/12.26.0-beta.1 (17.0.8; Windows 11; 10.0)",
        "x-ms-client-request-id": "b0550947-b0d7-466c-8912-eeaeb66008c8",
        "x-ms-version": "2024-02-04"
      },
      "RequestBody": null,
      "StatusCode": 200,
      "ResponseHeaders": {
        "Accept-Ranges": "bytes",
        "Content-Length": "512",
        "Content-Type": "application/octet-stream",
        "Date": "Mon, 11 Dec 2023 19:11:51 GMT",
        "ETag": "\u00220x8DBFA7D083DC81B\u0022",
        "Last-Modified": "Mon, 11 Dec 2023 19:11:51 GMT",
        "Server": [
          "Windows-Azure-Blob/1.0",
          "Microsoft-HTTPAPI/2.0"
        ],
        "Vary": "Origin",
        "x-ms-blob-sequence-number": "0",
        "x-ms-blob-type": "PageBlob",
        "x-ms-client-request-id": "b0550947-b0d7-466c-8912-eeaeb66008c8",
        "x-ms-creation-time": "Mon, 11 Dec 2023 19:11:51 GMT",
        "x-ms-lease-state": "available",
        "x-ms-lease-status": "unlocked",
        "x-ms-request-id": "c5ff4159-d01e-0072-4365-2c9029000000",
        "x-ms-server-encrypted": "true",
        "x-ms-version": "2024-02-04"
      },
      "ResponseBody": null
    },
    {
      "RequestUri": "https://REDACTED/d6d753430uploadpageacfailb43553419f70411257624ea/d6d753431uploadpageacfailb4358263fd7885ce0be7462?comp=page",
      "RequestMethod": "PUT",
      "RequestHeaders": {
        "Accept": "application/xml",
        "Authorization": "Sanitized",
        "Content-Length": "512",
        "Content-Type": "application/octet-stream",
        "Date": "Mon, 11 Dec 2023 19:11:48 GMT",
        "If-None-Match": "0x8DBFA7D083DC81B",
        "User-Agent": "azsdk-java-azure-storage-blob/12.26.0-beta.1 (17.0.8; Windows 11; 10.0)",
        "x-ms-client-request-id": "ecb4e443-0562-4734-9b8b-abccc43ec29f",
        "x-ms-page-write": "update",
        "x-ms-range": "bytes=0-511",
        "x-ms-version": "2024-02-04"
      },
      "RequestBody": "f9PPFkgId8ux8s5TMLmKtoCAOC7UwHUDy91f/TTiv5M4LAwHbgeQFkLjpXuI6cSkQ4CHgOaDezNHKqJoq1DzvKYD9yJesyJouMb1XIM5vbckALZODAWm55IQ4zrG2sHT0OilaD1/yyekfsicnFaK0\u002BMVnYqcMFV8hfhhBYLX6l3P6eQms/F2j8jTeNNxF15hk7PMXrI6KLNt8HlwP7VvmlHi1zZvEZd/mqjs7ET8qx8dXmPcrlPNw4qHPGY/AtIzFxoHcqHh6TbE\u002B/KBez9v87sztj6xbGMekHid0i0F2nt3M/Eof\u002B7iyKa6b50gdvJIfUKDcCUMoBkoJHmsk\u002BVnA9ppfAfA6Qm\u002B02M/S2HAujzHLqh7MjIrG3Db/1liZBFvPyDhZSRX4KGPefxhEYp4d9Epl/FJTeNkd/pPim4kjv\u002B3v\u002Bd96kggYljEEDQl2x9iJjgEKJ0\u002B\u002B5XC0khN8II0Y\u002Bflk11XLGZLWmW8Nzk4ihklyIRapW4kG8pl4IkCAAkMieOWuTamlx/5uPxACRNEU4OYG1\u002Bc8TY9fO\u002BF8iY3InTqiiPzU3\u002BZOksJfZv4ymc3yO7qoAG8CTq3QFs\u002BwGdjcG5O/b3/oCb6mxD7LYw9qA3NHYeBGOds19HpTr2Xjc/vCK/c1I8h2qXoS8nT7\u002BbsfURcoxZmBXgsEzVhVFgJ90s=",
      "StatusCode": 412,
      "ResponseHeaders": {
        "Content-Length": "252",
        "Content-Type": "application/xml",
        "Date": "Mon, 11 Dec 2023 19:11:51 GMT",
        "Server": [
          "Windows-Azure-Blob/1.0",
          "Microsoft-HTTPAPI/2.0"
        ],
        "x-ms-client-request-id": "ecb4e443-0562-4734-9b8b-abccc43ec29f",
        "x-ms-error-code": "ConditionNotMet",
        "x-ms-request-id": "c5ff41c2-d01e-0072-1765-2c9029000000",
        "x-ms-version": "2024-02-04"
      },
      "ResponseBody": [
        "\uFEFF\u003C?xml version=\u00221.0\u0022 encoding=\u0022utf-8\u0022?\u003E\u003CError\u003E\u003CCode\u003EConditionNotMet\u003C/Code\u003E\u003CMessage\u003EThe condition specified using HTTP conditional header(s) is not met.\n",
        "RequestId:c5ff41c2-d01e-0072-1765-2c9029000000\n",
        "Time:2023-12-11T19:11:52.1065239Z\u003C/Message\u003E\u003C/Error\u003E"
      ]
    }
  ],
  "Variables": {
    "0": "d6d753430uploadpageacfailb43553419f70411257624ea",
    "1": "d6d753431uploadpageacfailb4358263fd7885ce0be7462",
    "2": "477616b7-09a4-41af-9ea0-d3fd2ef3df81"
  }
}
