{
  "Entries": [
    {
      "RequestUri": "https://REDACTED/e68f1d710getpagerangesdiffacfail0f406949ef8f18502ec?restype=container",
      "RequestMethod": "PUT",
      "RequestHeaders": {
        "Accept": "application/xml",
        "Authorization": "Sanitized",
        "Content-Length": "0",
        "Date": "Fri, 17 Nov 2023 19:07:40 GMT",
        "User-Agent": "azsdk-java-azure-storage-blob/12.26.0-beta.1 (17.0.8; Windows 11; 10.0)",
        "x-ms-client-request-id": "0d8805db-105e-4af5-879f-a805d2d2889b",
        "x-ms-version": "2024-02-04"
      },
      "RequestBody": null,
      "StatusCode": 201,
      "ResponseHeaders": {
        "Content-Length": "0",
        "Date": "Fri, 17 Nov 2023 19:07:40 GMT",
        "ETag": "\u00220x8DBE7A07885761B\u0022",
        "Last-Modified": "Fri, 17 Nov 2023 19:07:40 GMT",
        "Server": [
          "Windows-Azure-Blob/1.0",
          "Microsoft-HTTPAPI/2.0"
        ],
        "x-ms-client-request-id": "0d8805db-105e-4af5-879f-a805d2d2889b",
        "x-ms-request-id": "02768643-301e-00a1-1f89-194c1b000000",
        "x-ms-version": "2024-02-04"
      },
      "ResponseBody": null
    },
    {
      "RequestUri": "https://REDACTED/e68f1d710getpagerangesdiffacfail0f406949ef8f18502ec/e68f1d711getpagerangesdiffacfail0f491109f29afd9f92a",
      "RequestMethod": "PUT",
      "RequestHeaders": {
        "Accept": "application/xml",
        "Authorization": "Sanitized",
        "Content-Length": "0",
        "Date": "Fri, 17 Nov 2023 19:07:40 GMT",
        "If-None-Match": "*",
        "User-Agent": "azsdk-java-azure-storage-blob/12.26.0-beta.1 (17.0.8; Windows 11; 10.0)",
        "x-ms-blob-content-length": "512",
        "x-ms-blob-type": "PageBlob",
        "x-ms-client-request-id": "0fb8023c-e597-465c-9f38-8915dc5bd4ae",
        "x-ms-version": "2024-02-04"
      },
      "RequestBody": null,
      "StatusCode": 201,
      "ResponseHeaders": {
        "Content-Length": "0",
        "Date": "Fri, 17 Nov 2023 19:07:40 GMT",
        "ETag": "\u00220x8DBE7A0789375E4\u0022",
        "Last-Modified": "Fri, 17 Nov 2023 19:07:40 GMT",
        "Server": [
          "Windows-Azure-Blob/1.0",
          "Microsoft-HTTPAPI/2.0"
        ],
        "x-ms-client-request-id": "0fb8023c-e597-465c-9f38-8915dc5bd4ae",
        "x-ms-request-id": "027686dd-301e-00a1-3289-194c1b000000",
        "x-ms-request-server-encrypted": "true",
        "x-ms-version": "2024-02-04"
      },
      "ResponseBody": null
    },
    {
      "RequestUri": "https://REDACTED/e68f1d710getpagerangesdiffacfail0f406949ef8f18502ec/e68f1d711getpagerangesdiffacfail0f491109f29afd9f92a?comp=snapshot",
      "RequestMethod": "PUT",
      "RequestHeaders": {
        "Accept": "application/xml",
        "Authorization": "Sanitized",
        "Content-Length": "0",
        "Date": "Fri, 17 Nov 2023 19:07:40 GMT",
        "User-Agent": "azsdk-java-azure-storage-blob/12.26.0-beta.1 (17.0.8; Windows 11; 10.0)",
        "x-ms-client-request-id": "92e5819c-e26d-402a-ac87-5a72448154f2",
        "x-ms-version": "2024-02-04"
      },
      "RequestBody": null,
      "StatusCode": 201,
      "ResponseHeaders": {
        "Content-Length": "0",
        "Date": "Fri, 17 Nov 2023 19:07:40 GMT",
        "ETag": "\u00220x8DBE7A0789375E4\u0022",
        "Last-Modified": "Fri, 17 Nov 2023 19:07:40 GMT",
        "Server": [
          "Windows-Azure-Blob/1.0",
          "Microsoft-HTTPAPI/2.0"
        ],
        "x-ms-client-request-id": "92e5819c-e26d-402a-ac87-5a72448154f2",
        "x-ms-request-id": "02768793-301e-00a1-5d89-194c1b000000",
        "x-ms-request-server-encrypted": "false",
        "x-ms-snapshot": "2023-11-17T19:07:40.7760104Z",
        "x-ms-version": "2024-02-04"
      },
      "ResponseBody": null
    },
    {
      "RequestUri": "https://REDACTED/e68f1d710getpagerangesdiffacfail0f406949ef8f18502ec/e68f1d711getpagerangesdiffacfail0f491109f29afd9f92a?comp=pagelist\u0026prevsnapshot=2023-11-17T19%3A07%3A40.7760104Z",
      "RequestMethod": "GET",
      "RequestHeaders": {
        "Accept": "application/xml",
        "Authorization": "Sanitized",
        "Content-Length": "0",
        "Date": "Fri, 17 Nov 2023 19:07:40 GMT",
        "If-Unmodified-Since": "Thu, 16 Nov 2023 19:07:33 GMT",
        "User-Agent": "azsdk-java-azure-storage-blob/12.26.0-beta.1 (17.0.8; Windows 11; 10.0)",
        "x-ms-client-request-id": "238a0d01-e9ad-4de5-8953-ce75aa670a3a",
        "x-ms-range": "bytes=0-511",
        "x-ms-version": "2024-02-04"
      },
      "RequestBody": null,
      "StatusCode": 412,
      "ResponseHeaders": {
        "Access-Control-Allow-Origin": "*",
        "Access-Control-Expose-Headers": "x-ms-client-request-id",
        "Content-Length": "253",
        "Content-Type": "application/xml",
        "Date": "Fri, 17 Nov 2023 19:07:40 GMT",
        "Server": [
          "Windows-Azure-Blob/1.0",
          "Microsoft-HTTPAPI/2.0"
        ],
        "x-ms-client-request-id": "238a0d01-e9ad-4de5-8953-ce75aa670a3a",
        "x-ms-error-code": "ConditionNotMet",
        "x-ms-request-id": "02768842-301e-00a1-8089-194c1b000000",
        "x-ms-version": "2024-02-04"
      },
      "ResponseBody": [
        "\uFEFF\u003C?xml version=\u00221.0\u0022 encoding=\u0022utf-8\u0022?\u003E\n",
        "\u003CError\u003E\u003CCode\u003EConditionNotMet\u003C/Code\u003E\u003CMessage\u003EThe condition specified using HTTP conditional header(s) is not met.\n",
        "RequestId:02768842-301e-00a1-8089-194c1b000000\n",
        "Time:2023-11-17T19:07:40.8711459Z\u003C/Message\u003E\u003C/Error\u003E"
      ]
    }
  ],
  "Variables": {
    "0": "e68f1d710getpagerangesdiffacfail0f406949ef8f18502ec",
    "1": "e68f1d711getpagerangesdiffacfail0f491109f29afd9f92a"
  }
}
