{
  "Entries": [
    {
      "RequestUri": "https://REDACTED/03c065da0uploadpagefromurldestinationacfaila82461741a4f2a?restype=container",
      "RequestMethod": "PUT",
      "RequestHeaders": {
        "Accept": "application/xml",
        "Authorization": "Sanitized",
        "Content-Length": "0",
        "Date": "Mon, 08 Jan 2024 19:43:58 GMT",
        "User-Agent": "azsdk-java-azure-storage-blob/12.26.0-beta.1 (17.0.8; Windows 11; 10.0)",
        "x-ms-client-request-id": "4db04e7a-9598-4faa-99b0-f96fd0a5a5f4",
        "x-ms-version": "2024-02-04"
      },
      "RequestBody": null,
      "StatusCode": 201,
      "ResponseHeaders": {
        "Content-Length": "0",
        "Date": "Mon, 08 Jan 2024 19:44:09 GMT",
        "ETag": "\u00220x8DC10822E8B384B\u0022",
        "Last-Modified": "Mon, 08 Jan 2024 19:44:09 GMT",
        "Server": [
          "Windows-Azure-Blob/1.0",
          "Microsoft-HTTPAPI/2.0"
        ],
        "x-ms-client-request-id": "4db04e7a-9598-4faa-99b0-f96fd0a5a5f4",
        "x-ms-request-id": "f4a4342f-b01e-0006-3f6b-42a4d9000000",
        "x-ms-version": "2024-02-04"
      },
      "ResponseBody": null
    },
    {
      "RequestUri": "https://REDACTED/03c065da0uploadpagefromurldestinationacfaila82461741a4f2a?restype=container",
      "RequestMethod": "PUT",
      "RequestHeaders": {
        "Accept": "application/xml",
        "Authorization": "Sanitized",
        "Content-Length": "0",
        "Date": "Mon, 08 Jan 2024 19:43:58 GMT",
        "User-Agent": "azsdk-java-azure-storage-blob/12.26.0-beta.1 (17.0.8; Windows 11; 10.0)",
        "x-ms-client-request-id": "cbdd1092-142b-4cb2-80f1-875afdbe13c3",
        "x-ms-version": "2024-02-04"
      },
      "RequestBody": null,
      "StatusCode": 409,
      "ResponseHeaders": {
        "Content-Length": "230",
        "Content-Type": "application/xml",
        "Date": "Mon, 08 Jan 2024 19:44:09 GMT",
        "Server": [
          "Windows-Azure-Blob/1.0",
          "Microsoft-HTTPAPI/2.0"
        ],
        "x-ms-client-request-id": "cbdd1092-142b-4cb2-80f1-875afdbe13c3",
        "x-ms-error-code": "ContainerAlreadyExists",
        "x-ms-request-id": "f4a4348d-b01e-0006-126b-42a4d9000000",
        "x-ms-version": "2024-02-04"
      },
      "ResponseBody": [
        "\uFEFF\u003C?xml version=\u00221.0\u0022 encoding=\u0022utf-8\u0022?\u003E\u003CError\u003E\u003CCode\u003EContainerAlreadyExists\u003C/Code\u003E\u003CMessage\u003EThe specified container already exists.\n",
        "RequestId:f4a4348d-b01e-0006-126b-42a4d9000000\n",
        "Time:2024-01-08T19:44:09.3525918Z\u003C/Message\u003E\u003C/Error\u003E"
      ]
    },
    {
      "RequestUri": "https://REDACTED/03c065da0uploadpagefromurldestinationacfaila82461741a4f2a/03c065da1uploadpagefromurldestinationacfaila82670350ee750",
      "RequestMethod": "PUT",
      "RequestHeaders": {
        "Accept": "application/xml",
        "Authorization": "Sanitized",
        "Content-Length": "0",
        "Date": "Mon, 08 Jan 2024 19:43:58 GMT",
        "If-None-Match": "*",
        "User-Agent": "azsdk-java-azure-storage-blob/12.26.0-beta.1 (17.0.8; Windows 11; 10.0)",
        "x-ms-blob-content-length": "512",
        "x-ms-blob-type": "PageBlob",
        "x-ms-client-request-id": "cfbb48f1-b21d-4ecf-900f-2a97cd50aed5",
        "x-ms-version": "2024-02-04"
      },
      "RequestBody": null,
      "StatusCode": 201,
      "ResponseHeaders": {
        "Content-Length": "0",
        "Date": "Mon, 08 Jan 2024 19:44:09 GMT",
        "ETag": "\u00220x8DC10822EABC759\u0022",
        "Last-Modified": "Mon, 08 Jan 2024 19:44:09 GMT",
        "Server": [
          "Windows-Azure-Blob/1.0",
          "Microsoft-HTTPAPI/2.0"
        ],
        "x-ms-client-request-id": "cfbb48f1-b21d-4ecf-900f-2a97cd50aed5",
        "x-ms-request-id": "f4a434ef-b01e-0006-696b-42a4d9000000",
        "x-ms-request-server-encrypted": "true",
        "x-ms-version": "2024-02-04"
      },
      "ResponseBody": null
    },
    {
      "RequestUri": "https://REDACTED/03c065da0uploadpagefromurldestinationacfaila82461741a4f2a/03c065da2uploadpagefromurldestinationacfaila822911247cc02",
      "RequestMethod": "PUT",
      "RequestHeaders": {
        "Accept": "application/xml",
        "Authorization": "Sanitized",
        "Content-Length": "0",
        "Date": "Mon, 08 Jan 2024 19:43:58 GMT",
        "If-None-Match": "*",
        "User-Agent": "azsdk-java-azure-storage-blob/12.26.0-beta.1 (17.0.8; Windows 11; 10.0)",
        "x-ms-blob-content-length": "512",
        "x-ms-blob-type": "PageBlob",
        "x-ms-client-request-id": "c26f42af-4c37-4f6f-afda-447b6ea6bec4",
        "x-ms-version": "2024-02-04"
      },
      "RequestBody": null,
      "StatusCode": 201,
      "ResponseHeaders": {
        "Content-Length": "0",
        "Date": "Mon, 08 Jan 2024 19:44:09 GMT",
        "ETag": "\u00220x8DC10822EBBF190\u0022",
        "Last-Modified": "Mon, 08 Jan 2024 19:44:09 GMT",
        "Server": [
          "Windows-Azure-Blob/1.0",
          "Microsoft-HTTPAPI/2.0"
        ],
        "x-ms-client-request-id": "c26f42af-4c37-4f6f-afda-447b6ea6bec4",
        "x-ms-request-id": "f4a43554-b01e-0006-3e6b-42a4d9000000",
        "x-ms-request-server-encrypted": "true",
        "x-ms-version": "2024-02-04"
      },
      "ResponseBody": null
    },
    {
      "RequestUri": "https://REDACTED/03c065da0uploadpagefromurldestinationacfaila82461741a4f2a/03c065da2uploadpagefromurldestinationacfaila822911247cc02?comp=page",
      "RequestMethod": "PUT",
      "RequestHeaders": {
        "Accept": "application/xml",
        "Authorization": "Sanitized",
        "Content-Length": "512",
        "Content-Type": "application/octet-stream",
        "Date": "Mon, 08 Jan 2024 19:43:58 GMT",
        "User-Agent": "azsdk-java-azure-storage-blob/12.26.0-beta.1 (17.0.8; Windows 11; 10.0)",
        "x-ms-client-request-id": "5ee8c831-b3b0-4ac7-af71-6a9145fe1a58",
        "x-ms-page-write": "update",
        "x-ms-range": "bytes=0-511",
        "x-ms-version": "2024-02-04"
      },
      "RequestBody": "Vtx0dtW8GNEyNCYkrr8fz0dXKAg5\u002BdCoQx6JO4wuy7CzjCPcx6kt0LecI041V3Ao5JsFa0G6di4z/0/SEA4UIkUKz5XMvo49P6awbOQDNjsDX9Ctw5CQfZVBojDSYBY28FR0g8dk6R\u002BbLp2chZrFg6vGYPkarrUpLLtvGaf5nkz\u002BuHdTLWO4Up5Qk6GWguFThif0HXd3qSsAy3q5VzUifpl3dJ6HnhFFo4DYmsrYjY5jtX7xXKy2JNu9vrcfxZ87Uv8oUfQm/WMGuWXfiGFWHLTDUjci3di6zUKO8TBJRSqdtIG1pJYveqm2KE9qS3DmDZY/MHQxLtup71v7LbvZRVJKBMpewEHwcUWAj8DBYcqrwIn00n5rJYXVXuuxqDvsLqodffutv2HHnEWZC08Zw\u002BsYX8MPr0ygPiWFp8c9fLNQbRTQ6O6obBjM9LaCD593zjWohdR2Oxzy42bscB9h07zkoduoNjz6VTfGkZCzyXp8gFncG1ymVoSvKochFld627FzLlBLKIF0I8s0VFKhyr3UpTS0DMIFG5OOyEKIH5357hcECkR86u1SX/0fDFqJgbG0hsMEr3Gj64YLsMTCr8bnFWGSF/HTPbKBSPp8EH1a\u002Bb2VQIU9JUpcJUY7HZE91mE1N7x6ZuNnFOZMHf\u002Bxnv1CrcJ12smNBNO5/ynRPIU=",
      "StatusCode": 201,
      "ResponseHeaders": {
        "Content-Length": "0",
        "Date": "Mon, 08 Jan 2024 19:44:09 GMT",
        "ETag": "\u00220x8DC10822ECBF4C0\u0022",
        "Last-Modified": "Mon, 08 Jan 2024 19:44:09 GMT",
        "Server": [
          "Windows-Azure-Blob/1.0",
          "Microsoft-HTTPAPI/2.0"
        ],
        "x-ms-blob-sequence-number": "0",
        "x-ms-client-request-id": "5ee8c831-b3b0-4ac7-af71-6a9145fe1a58",
        "x-ms-content-crc64": "3/rt7zZ5AWs=",
        "x-ms-request-id": "f4a435bf-b01e-0006-256b-42a4d9000000",
        "x-ms-request-server-encrypted": "true",
        "x-ms-version": "2024-02-04"
      },
      "ResponseBody": null
    },
    {
      "RequestUri": "https://REDACTED/03c065da0uploadpagefromurldestinationacfaila82461741a4f2a/03c065da1uploadpagefromurldestinationacfaila82670350ee750",
      "RequestMethod": "HEAD",
      "RequestHeaders": {
        "Accept": "application/xml",
        "Authorization": "Sanitized",
        "Content-Length": "0",
        "Date": "Mon, 08 Jan 2024 19:43:58 GMT",
        "User-Agent": "azsdk-java-azure-storage-blob/12.26.0-beta.1 (17.0.8; Windows 11; 10.0)",
        "x-ms-client-request-id": "66cf1605-0652-4761-b984-eb639b78699c",
        "x-ms-version": "2024-02-04"
      },
      "RequestBody": null,
      "StatusCode": 200,
      "ResponseHeaders": {
        "Accept-Ranges": "bytes",
        "Content-Length": "512",
        "Content-Type": "application/octet-stream",
        "Date": "Mon, 08 Jan 2024 19:44:09 GMT",
        "ETag": "\u00220x8DC10822EABC759\u0022",
        "Last-Modified": "Mon, 08 Jan 2024 19:44:09 GMT",
        "Server": [
          "Windows-Azure-Blob/1.0",
          "Microsoft-HTTPAPI/2.0"
        ],
        "x-ms-blob-sequence-number": "0",
        "x-ms-blob-type": "PageBlob",
        "x-ms-client-request-id": "66cf1605-0652-4761-b984-eb639b78699c",
        "x-ms-creation-time": "Mon, 08 Jan 2024 19:44:09 GMT",
        "x-ms-lease-state": "available",
        "x-ms-lease-status": "unlocked",
        "x-ms-request-id": "f4a43634-b01e-0006-0e6b-42a4d9000000",
        "x-ms-server-encrypted": "true",
        "x-ms-version": "2024-02-04"
      },
      "ResponseBody": null
    },
    {
      "RequestUri": "https://REDACTED/03c065da0uploadpagefromurldestinationacfaila82461741a4f2a/03c065da1uploadpagefromurldestinationacfaila82670350ee750?comp=page",
      "RequestMethod": "PUT",
      "RequestHeaders": {
        "Accept": "application/xml",
        "Authorization": "Sanitized",
        "Content-Length": "0",
        "Date": "Mon, 08 Jan 2024 19:43:59 GMT",
        "If-None-Match": "0x8DC10822EABC759",
        "User-Agent": "azsdk-java-azure-storage-blob/12.26.0-beta.1 (17.0.8; Windows 11; 10.0)",
        "x-ms-client-request-id": "cc1543cf-6e71-45db-b567-c29d3b643463",
        "x-ms-copy-source": "https://REDACTED/03c065da0uploadpagefromurldestinationacfaila82461741a4f2a/03c065da2uploadpagefromurldestinationacfaila822911247cc02?sv=2024-02-04\u0026se=2024-01-09T19%3A43%3A59Z\u0026sr=b\u0026sp=rt\u0026REDACTED",
        "x-ms-page-write": "update",
        "x-ms-range": "bytes=0-511",
        "x-ms-source-range": "bytes=0-511",
        "x-ms-version": "2024-02-04"
      },
      "RequestBody": null,
      "StatusCode": 412,
      "ResponseHeaders": {
        "Content-Length": "253",
        "Content-Type": "application/xml",
        "Date": "Mon, 08 Jan 2024 19:44:09 GMT",
        "Server": [
          "Windows-Azure-Blob/1.0",
          "Microsoft-HTTPAPI/2.0"
        ],
        "x-ms-client-request-id": "cc1543cf-6e71-45db-b567-c29d3b643463",
        "x-ms-error-code": "ConditionNotMet",
        "x-ms-request-id": "f4a43691-b01e-0006-636b-42a4d9000000",
        "x-ms-version": "2024-02-04"
      },
      "ResponseBody": [
        "\uFEFF\u003C?xml version=\u00221.0\u0022 encoding=\u0022utf-8\u0022?\u003E\n",
        "\u003CError\u003E\u003CCode\u003EConditionNotMet\u003C/Code\u003E\u003CMessage\u003EThe condition specified using HTTP conditional header(s) is not met.\n",
        "RequestId:f4a43691-b01e-0006-636b-42a4d9000000\n",
        "Time:2024-01-08T19:44:09.9042735Z\u003C/Message\u003E\u003C/Error\u003E"
      ]
    }
  ],
  "Variables": {
    "0": "03c065da0uploadpagefromurldestinationacfaila82461741a4f2a",
    "1": "03c065da1uploadpagefromurldestinationacfaila82670350ee750",
    "2": "03c065da2uploadpagefromurldestinationacfaila822911247cc02",
    "3": "d1bcbb22-a009-4406-a20c-f3cff85f5059",
    "4": "2024-01-08T19:43:59.034072600Z"
  }
}
