{
  "Entries": [
    {
      "RequestUri": "https://REDACTED/133dca390getpagerangesacfail27c6209873695f8a14c64?restype=container",
      "RequestMethod": "PUT",
      "RequestHeaders": {
        "Accept": "application/xml",
        "Authorization": "Sanitized",
        "Content-Length": "0",
        "Date": "Mon, 04 Dec 2023 20:52:43 GMT",
        "User-Agent": "azsdk-java-azure-storage-blob/12.26.0-beta.1 (17.0.8; Windows 11; 10.0)",
        "x-ms-client-request-id": "8be8c9a8-3de5-4421-982d-79621c2597de",
        "x-ms-version": "2024-02-04"
      },
      "RequestBody": null,
      "StatusCode": 201,
      "ResponseHeaders": {
        "Content-Length": "0",
        "Date": "Mon, 04 Dec 2023 20:52:43 GMT",
        "ETag": "\u00220x8DBF50AF6C66980\u0022",
        "Last-Modified": "Mon, 04 Dec 2023 20:52:44 GMT",
        "Server": [
          "Windows-Azure-Blob/1.0",
          "Microsoft-HTTPAPI/2.0"
        ],
        "x-ms-client-request-id": "8be8c9a8-3de5-4421-982d-79621c2597de",
        "x-ms-request-id": "084c3633-101e-0040-42f3-2696ba000000",
        "x-ms-version": "2024-02-04"
      },
      "ResponseBody": null
    },
    {
      "RequestUri": "https://REDACTED/133dca390getpagerangesacfail27c6209873695f8a14c64?restype=container",
      "RequestMethod": "PUT",
      "RequestHeaders": {
        "Accept": "application/xml",
        "Authorization": "Sanitized",
        "Content-Length": "0",
        "Date": "Mon, 04 Dec 2023 20:52:43 GMT",
        "User-Agent": "azsdk-java-azure-storage-blob/12.26.0-beta.1 (17.0.8; Windows 11; 10.0)",
        "x-ms-client-request-id": "922123d3-34a4-4b67-9243-55f9c9f99e8d",
        "x-ms-version": "2024-02-04"
      },
      "RequestBody": null,
      "StatusCode": 409,
      "ResponseHeaders": {
        "Content-Length": "230",
        "Content-Type": "application/xml",
        "Date": "Mon, 04 Dec 2023 20:52:43 GMT",
        "Server": [
          "Windows-Azure-Blob/1.0",
          "Microsoft-HTTPAPI/2.0"
        ],
        "x-ms-client-request-id": "922123d3-34a4-4b67-9243-55f9c9f99e8d",
        "x-ms-error-code": "ContainerAlreadyExists",
        "x-ms-request-id": "084c366d-101e-0040-79f3-2696ba000000",
        "x-ms-version": "2024-02-04"
      },
      "ResponseBody": [
        "\uFEFF\u003C?xml version=\u00221.0\u0022 encoding=\u0022utf-8\u0022?\u003E\u003CError\u003E\u003CCode\u003EContainerAlreadyExists\u003C/Code\u003E\u003CMessage\u003EThe specified container already exists.\n",
        "RequestId:084c366d-101e-0040-79f3-2696ba000000\n",
        "Time:2023-12-04T20:52:44.2573011Z\u003C/Message\u003E\u003C/Error\u003E"
      ]
    },
    {
      "RequestUri": "https://REDACTED/133dca390getpagerangesacfail27c6209873695f8a14c64/133dca391getpagerangesacfail27c96395358953a0e1eb4",
      "RequestMethod": "PUT",
      "RequestHeaders": {
        "Accept": "application/xml",
        "Authorization": "Sanitized",
        "Content-Length": "0",
        "Date": "Mon, 04 Dec 2023 20:52:43 GMT",
        "If-None-Match": "*",
        "User-Agent": "azsdk-java-azure-storage-blob/12.26.0-beta.1 (17.0.8; Windows 11; 10.0)",
        "x-ms-blob-content-length": "512",
        "x-ms-blob-type": "PageBlob",
        "x-ms-client-request-id": "83be169f-38b4-4ea7-a130-e4f0a7b1705a",
        "x-ms-version": "2024-02-04"
      },
      "RequestBody": null,
      "StatusCode": 201,
      "ResponseHeaders": {
        "Content-Length": "0",
        "Date": "Mon, 04 Dec 2023 20:52:43 GMT",
        "ETag": "\u00220x8DBF50AF6DE3B0B\u0022",
        "Last-Modified": "Mon, 04 Dec 2023 20:52:44 GMT",
        "Server": [
          "Windows-Azure-Blob/1.0",
          "Microsoft-HTTPAPI/2.0"
        ],
        "x-ms-client-request-id": "83be169f-38b4-4ea7-a130-e4f0a7b1705a",
        "x-ms-request-id": "084c369d-101e-0040-27f3-2696ba000000",
        "x-ms-request-server-encrypted": "true",
        "x-ms-version": "2024-02-04",
        "x-ms-version-id": "2023-12-04T20:52:44.3294475Z"
      },
      "ResponseBody": null
    },
    {
      "RequestUri": "https://REDACTED/133dca390getpagerangesacfail27c6209873695f8a14c64/133dca391getpagerangesacfail27c96395358953a0e1eb4?comp=pagelist",
      "RequestMethod": "GET",
      "RequestHeaders": {
        "Accept": "application/xml",
        "Authorization": "Sanitized",
        "Content-Length": "0",
        "Date": "Mon, 04 Dec 2023 20:52:43 GMT",
        "User-Agent": "azsdk-java-azure-storage-blob/12.26.0-beta.1 (17.0.8; Windows 11; 10.0)",
        "x-ms-client-request-id": "87377d57-d2ce-4280-bf3c-8848be116037",
        "x-ms-if-tags": "\u0022notfoo\u0022 = \u0027notbar\u0027",
        "x-ms-range": "bytes=0-511",
        "x-ms-version": "2024-02-04"
      },
      "RequestBody": null,
      "StatusCode": 412,
      "ResponseHeaders": {
        "Access-Control-Allow-Origin": "*",
        "Access-Control-Expose-Headers": "x-ms-client-request-id",
        "Content-Length": "253",
        "Content-Type": "application/xml",
        "Date": "Mon, 04 Dec 2023 20:52:43 GMT",
        "Server": [
          "Windows-Azure-Blob/1.0",
          "Microsoft-HTTPAPI/2.0"
        ],
        "x-ms-client-request-id": "87377d57-d2ce-4280-bf3c-8848be116037",
        "x-ms-error-code": "ConditionNotMet",
        "x-ms-request-id": "084c36cd-101e-0040-53f3-2696ba000000",
        "x-ms-version": "2024-02-04"
      },
      "ResponseBody": [
        "\uFEFF\u003C?xml version=\u00221.0\u0022 encoding=\u0022utf-8\u0022?\u003E\n",
        "\u003CError\u003E\u003CCode\u003EConditionNotMet\u003C/Code\u003E\u003CMessage\u003EThe condition specified using HTTP conditional header(s) is not met.\n",
        "RequestId:084c36cd-101e-0040-53f3-2696ba000000\n",
        "Time:2023-12-04T20:52:44.4122116Z\u003C/Message\u003E\u003C/Error\u003E"
      ]
    }
  ],
  "Variables": {
    "0": "133dca390getpagerangesacfail27c6209873695f8a14c64",
    "1": "133dca391getpagerangesacfail27c96395358953a0e1eb4"
  }
}
