{
  "Entries": [
    {
      "RequestUri": "https://REDACTED/5649bcd60clearpagesacbcf851562d7a033449ce44f0b?restype=container",
      "RequestMethod": "PUT",
      "RequestHeaders": {
        "Accept": "application/xml",
        "Authorization": "Sanitized",
        "Content-Length": "0",
        "Date": "Thu, 09 Nov 2023 22:38:35 GMT",
        "User-Agent": "azsdk-java-azure-storage-blob/12.25.0-beta.2 (17.0.8; Windows 11; 10.0)",
        "x-ms-client-request-id": "b1b028a7-1973-4a23-94d6-b56f821de723",
        "x-ms-version": "2023-11-03"
      },
      "RequestBody": null,
      "StatusCode": 201,
      "ResponseHeaders": {
        "Content-Length": "0",
        "Date": "Thu, 09 Nov 2023 22:38:35 GMT",
        "ETag": "\u00220x8DBE1749C6E8143\u0022",
        "Last-Modified": "Thu, 09 Nov 2023 22:38:36 GMT",
        "Server": [
          "Windows-Azure-Blob/1.0",
          "Microsoft-HTTPAPI/2.0"
        ],
        "x-ms-client-request-id": "b1b028a7-1973-4a23-94d6-b56f821de723",
        "x-ms-request-id": "3a1689a2-e01e-00a2-135d-13ad7f000000",
        "x-ms-version": "2023-11-03"
      },
      "ResponseBody": null
    },
    {
      "RequestUri": "https://REDACTED/5649bcd60clearpagesacbcf851562d7a033449ce44f0b/5649bcd61clearpagesacbcf1088285221773f84049eda",
      "RequestMethod": "PUT",
      "RequestHeaders": {
        "Accept": "application/xml",
        "Authorization": "Sanitized",
        "Content-Length": "0",
        "Date": "Thu, 09 Nov 2023 22:38:35 GMT",
        "If-None-Match": "*",
        "User-Agent": "azsdk-java-azure-storage-blob/12.25.0-beta.2 (17.0.8; Windows 11; 10.0)",
        "x-ms-blob-content-length": "512",
        "x-ms-blob-type": "PageBlob",
        "x-ms-client-request-id": "da5ce323-537a-4152-950f-5e977a5e1276",
        "x-ms-version": "2023-11-03"
      },
      "RequestBody": null,
      "StatusCode": 201,
      "ResponseHeaders": {
        "Content-Length": "0",
        "Date": "Thu, 09 Nov 2023 22:38:35 GMT",
        "ETag": "\u00220x8DBE1749C7E651B\u0022",
        "Last-Modified": "Thu, 09 Nov 2023 22:38:36 GMT",
        "Server": [
          "Windows-Azure-Blob/1.0",
          "Microsoft-HTTPAPI/2.0"
        ],
        "x-ms-client-request-id": "da5ce323-537a-4152-950f-5e977a5e1276",
        "x-ms-request-id": "3a168a02-e01e-00a2-565d-13ad7f000000",
        "x-ms-request-server-encrypted": "true",
        "x-ms-version": "2023-11-03"
      },
      "ResponseBody": null
    },
    {
      "RequestUri": "https://REDACTED/5649bcd60clearpagesacbcf851562d7a033449ce44f0b/5649bcd61clearpagesacbcf1088285221773f84049eda?comp=page",
      "RequestMethod": "PUT",
      "RequestHeaders": {
        "Accept": "application/xml",
        "Authorization": "Sanitized",
        "Content-Length": "512",
        "Content-Type": "application/octet-stream",
        "Date": "Thu, 09 Nov 2023 22:38:35 GMT",
        "User-Agent": "azsdk-java-azure-storage-blob/12.25.0-beta.2 (17.0.8; Windows 11; 10.0)",
        "x-ms-client-request-id": "2626deae-c22d-461f-a801-269f132a5d13",
        "x-ms-page-write": "update",
        "x-ms-range": "bytes=0-511",
        "x-ms-version": "2023-11-03"
      },
      "RequestBody": "mDpyx\u002Brd\u002B3CpT9tlv0vR0ALuQ7rAHDqfFZV2pXpD1QL1Xp12UWwqGA2/GJJyXv//zZ7C9ThJMhjHErC\u002BP0w1I9msMzm3JdbjVeTiBb/xn6BBOxtNyBb4jytArwJOLqMRJF7qX3G\u002Bq5veKJ3RM0BwwwCJ3e9cB64dLm2wQ1x89XFXfgk0poVkQUZak6NOTeXljhVVT/eQMYlBzkPlVq25SRf7rmLSaycz8G4glQSQOEbSzhx3LQz2MtoIzCTZ7lAWsEQzWkRZlE2DWjmXP21vu5krXa6p8t7p8c\u002BR2bnH5HmPflGGn9RzWmvyzeBagudnE\u002BR2Nqlts5GDkP6De4pddMc/9Yld\u002BUT\u002BV\u002BKx3ae/MSRUOhwSfTQFdhMu0CPal8TYjePPz0e\u002BI6S5sP\u002BA61JGr9TSGl4Lu6QGJM9XtUVxvJK8aRcN/ovBnEnTJ4rdYVuI8BxY606w/IPAuRVmX5v4WlLnEJx2I2rCgtMdQKqU6NVnS8J30szu0vQ/RIl/UN\u002Bs8YZI5nXUTnkkg1VidHCh5N3cNxo68QtJUbwjFS4DvypfGZlwGQSS0LBAgpPOgXCYW7SnM7uUQcNtnhn6q7BBIQY2ZX1PA83d70tKTkJXvaDNwet9noNWwmCH9PRqAwiGdeujo101CipsKmCIy0uHYIM6IJ/B7dCZSHbnlZBFlqA=",
      "StatusCode": 201,
      "ResponseHeaders": {
        "Content-Length": "0",
        "Date": "Thu, 09 Nov 2023 22:38:36 GMT",
        "ETag": "\u00220x8DBE1749C8F526B\u0022",
        "Last-Modified": "Thu, 09 Nov 2023 22:38:36 GMT",
        "Server": [
          "Windows-Azure-Blob/1.0",
          "Microsoft-HTTPAPI/2.0"
        ],
        "x-ms-blob-sequence-number": "0",
        "x-ms-client-request-id": "2626deae-c22d-461f-a801-269f132a5d13",
        "x-ms-content-crc64": "GLli/06GAPs=",
        "x-ms-request-id": "b54951c4-d01e-0086-2f5d-135bdf000000",
        "x-ms-request-server-encrypted": "true",
        "x-ms-version": "2023-11-03"
      },
      "ResponseBody": null
    },
    {
      "RequestUri": "https://REDACTED/5649bcd60clearpagesacbcf851562d7a033449ce44f0b/5649bcd61clearpagesacbcf1088285221773f84049eda?comp=tags",
      "RequestMethod": "PUT",
      "RequestHeaders": {
        "Accept": "application/xml",
        "Authorization": "Sanitized",
        "Content-Length": "111",
        "Content-Type": "application/xml",
        "Date": "Thu, 09 Nov 2023 22:38:36 GMT",
        "User-Agent": "azsdk-java-azure-storage-blob/12.25.0-beta.2 (17.0.8; Windows 11; 10.0)",
        "x-ms-client-request-id": "256c120b-7ad0-478a-951e-e3e7beba51a3",
        "x-ms-version": "2023-11-03"
      },
      "RequestBody": "\u003C?xml version=\u00271.0\u0027 encoding=\u0027UTF-8\u0027?\u003E\u003CTags\u003E\u003CTagSet\u003E\u003CTag\u003E\u003CKey\u003Efoo\u003C/Key\u003E\u003CValue\u003Ebar\u003C/Value\u003E\u003C/Tag\u003E\u003C/TagSet\u003E\u003C/Tags\u003E",
      "StatusCode": 204,
      "ResponseHeaders": {
        "Date": "Thu, 09 Nov 2023 22:38:35 GMT",
        "Server": [
          "Windows-Azure-Blob/1.0",
          "Microsoft-HTTPAPI/2.0"
        ],
        "x-ms-client-request-id": "256c120b-7ad0-478a-951e-e3e7beba51a3",
        "x-ms-request-id": "3a168af6-e01e-00a2-675d-13ad7f000000",
        "x-ms-version": "2023-11-03"
      },
      "ResponseBody": null
    },
    {
      "RequestUri": "https://REDACTED/5649bcd60clearpagesacbcf851562d7a033449ce44f0b/5649bcd61clearpagesacbcf1088285221773f84049eda?comp=page",
      "RequestMethod": "PUT",
      "RequestHeaders": {
        "Accept": "application/xml",
        "Authorization": "Sanitized",
        "Content-Length": "0",
        "Date": "Thu, 09 Nov 2023 22:38:36 GMT",
        "User-Agent": "azsdk-java-azure-storage-blob/12.25.0-beta.2 (17.0.8; Windows 11; 10.0)",
        "x-ms-client-request-id": "0283122e-78c8-4e5d-b71f-5630b0a8360e",
        "x-ms-if-sequence-number-le": "3",
        "x-ms-page-write": "clear",
        "x-ms-range": "bytes=0-511",
        "x-ms-version": "2023-11-03"
      },
      "RequestBody": null,
      "StatusCode": 201,
      "ResponseHeaders": {
        "Content-Length": "0",
        "Date": "Thu, 09 Nov 2023 22:38:35 GMT",
        "ETag": "\u00220x8DBE1749CABD6A8\u0022",
        "Last-Modified": "Thu, 09 Nov 2023 22:38:36 GMT",
        "Server": [
          "Windows-Azure-Blob/1.0",
          "Microsoft-HTTPAPI/2.0"
        ],
        "x-ms-blob-sequence-number": "0",
        "x-ms-client-request-id": "0283122e-78c8-4e5d-b71f-5630b0a8360e",
        "x-ms-request-id": "3a168b65-e01e-00a2-305d-13ad7f000000",
        "x-ms-version": "2023-11-03"
      },
      "ResponseBody": null
    }
  ],
  "Variables": {
    "0": "5649bcd60clearpagesacbcf851562d7a033449ce44f0b",
    "1": "5649bcd61clearpagesacbcf1088285221773f84049eda",
    "2": "702e8d31-bc10-4062-bb70-0be73a0c0e2b"
  }
}
