{
  "Entries": [
    {
      "RequestUri": "https://REDACTED/429d80650resizeacfail21863512d126df4c98834e12b?restype=container",
      "RequestMethod": "PUT",
      "RequestHeaders": {
        "Accept": "application/xml",
        "Authorization": "Sanitized",
        "Content-Length": "0",
        "Date": "Mon, 11 Dec 2023 19:14:23 GMT",
        "User-Agent": "azsdk-java-azure-storage-blob/12.26.0-beta.1 (17.0.8; Windows 11; 10.0)",
        "x-ms-client-request-id": "53fd795c-83b4-4ac1-8d26-bbbec99b2d46",
        "x-ms-version": "2024-02-04"
      },
      "RequestBody": null,
      "StatusCode": 201,
      "ResponseHeaders": {
        "Content-Length": "0",
        "Date": "Mon, 11 Dec 2023 19:14:27 GMT",
        "ETag": "\u00220x8DBFA7D651108ED\u0022",
        "Last-Modified": "Mon, 11 Dec 2023 19:14:27 GMT",
        "Server": [
          "Windows-Azure-Blob/1.0",
          "Microsoft-HTTPAPI/2.0"
        ],
        "x-ms-client-request-id": "53fd795c-83b4-4ac1-8d26-bbbec99b2d46",
        "x-ms-request-id": "dd11b127-801e-0022-2866-2c5279000000",
        "x-ms-version": "2024-02-04"
      },
      "ResponseBody": null
    },
    {
      "RequestUri": "https://REDACTED/429d80650resizeacfail21863512d126df4c98834e12b?restype=container",
      "RequestMethod": "PUT",
      "RequestHeaders": {
        "Accept": "application/xml",
        "Authorization": "Sanitized",
        "Content-Length": "0",
        "Date": "Mon, 11 Dec 2023 19:14:24 GMT",
        "User-Agent": "azsdk-java-azure-storage-blob/12.26.0-beta.1 (17.0.8; Windows 11; 10.0)",
        "x-ms-client-request-id": "c5b5c6e3-2958-4c7f-99a6-217728b8f872",
        "x-ms-version": "2024-02-04"
      },
      "RequestBody": null,
      "StatusCode": 409,
      "ResponseHeaders": {
        "Content-Length": "230",
        "Content-Type": "application/xml",
        "Date": "Mon, 11 Dec 2023 19:14:27 GMT",
        "Server": [
          "Windows-Azure-Blob/1.0",
          "Microsoft-HTTPAPI/2.0"
        ],
        "x-ms-client-request-id": "c5b5c6e3-2958-4c7f-99a6-217728b8f872",
        "x-ms-error-code": "ContainerAlreadyExists",
        "x-ms-request-id": "dd11b1dd-801e-0022-5866-2c5279000000",
        "x-ms-version": "2024-02-04"
      },
      "ResponseBody": [
        "\uFEFF\u003C?xml version=\u00221.0\u0022 encoding=\u0022utf-8\u0022?\u003E\u003CError\u003E\u003CCode\u003EContainerAlreadyExists\u003C/Code\u003E\u003CMessage\u003EThe specified container already exists.\n",
        "RequestId:dd11b1dd-801e-0022-5866-2c5279000000\n",
        "Time:2023-12-11T19:14:27.7487808Z\u003C/Message\u003E\u003C/Error\u003E"
      ]
    },
    {
      "RequestUri": "https://REDACTED/429d80650resizeacfail21863512d126df4c98834e12b/429d80651resizeacfail21834611a3e3cc6af9a0488d8",
      "RequestMethod": "PUT",
      "RequestHeaders": {
        "Accept": "application/xml",
        "Authorization": "Sanitized",
        "Content-Length": "0",
        "Date": "Mon, 11 Dec 2023 19:14:24 GMT",
        "If-None-Match": "*",
        "User-Agent": "azsdk-java-azure-storage-blob/12.26.0-beta.1 (17.0.8; Windows 11; 10.0)",
        "x-ms-blob-content-length": "512",
        "x-ms-blob-type": "PageBlob",
        "x-ms-client-request-id": "fbf2afbb-5761-4823-89bd-20d8357a3e99",
        "x-ms-version": "2024-02-04"
      },
      "RequestBody": null,
      "StatusCode": 201,
      "ResponseHeaders": {
        "Content-Length": "0",
        "Date": "Mon, 11 Dec 2023 19:14:27 GMT",
        "ETag": "\u00220x8DBFA7D652D12F0\u0022",
        "Last-Modified": "Mon, 11 Dec 2023 19:14:27 GMT",
        "Server": [
          "Windows-Azure-Blob/1.0",
          "Microsoft-HTTPAPI/2.0"
        ],
        "x-ms-client-request-id": "fbf2afbb-5761-4823-89bd-20d8357a3e99",
        "x-ms-request-id": "dd11b272-801e-0022-6a66-2c5279000000",
        "x-ms-request-server-encrypted": "true",
        "x-ms-version": "2024-02-04"
      },
      "ResponseBody": null
    },
    {
      "RequestUri": "https://REDACTED/429d80650resizeacfail21863512d126df4c98834e12b/429d80651resizeacfail21834611a3e3cc6af9a0488d8",
      "RequestMethod": "HEAD",
      "RequestHeaders": {
        "Accept": "application/xml",
        "Authorization": "Sanitized",
        "Content-Length": "0",
        "Date": "Mon, 11 Dec 2023 19:14:24 GMT",
        "User-Agent": "azsdk-java-azure-storage-blob/12.26.0-beta.1 (17.0.8; Windows 11; 10.0)",
        "x-ms-client-request-id": "885d49c0-5dc5-4358-a142-d08c28339a3e",
        "x-ms-version": "2024-02-04"
      },
      "RequestBody": null,
      "StatusCode": 200,
      "ResponseHeaders": {
        "Accept-Ranges": "bytes",
        "Access-Control-Allow-Origin": "*",
        "Access-Control-Expose-Headers": "x-ms-client-request-id",
        "Content-Length": "512",
        "Content-Type": "application/octet-stream",
        "Date": "Mon, 11 Dec 2023 19:14:27 GMT",
        "ETag": "\u00220x8DBFA7D652D12F0\u0022",
        "Last-Modified": "Mon, 11 Dec 2023 19:14:27 GMT",
        "Server": [
          "Windows-Azure-Blob/1.0",
          "Microsoft-HTTPAPI/2.0"
        ],
        "x-ms-blob-sequence-number": "0",
        "x-ms-blob-type": "PageBlob",
        "x-ms-client-request-id": "885d49c0-5dc5-4358-a142-d08c28339a3e",
        "x-ms-creation-time": "Mon, 11 Dec 2023 19:14:27 GMT",
        "x-ms-lease-state": "available",
        "x-ms-lease-status": "unlocked",
        "x-ms-request-id": "dd11b312-801e-0022-0366-2c5279000000",
        "x-ms-server-encrypted": "true",
        "x-ms-version": "2024-02-04"
      },
      "ResponseBody": null
    },
    {
      "RequestUri": "https://REDACTED/429d80650resizeacfail21863512d126df4c98834e12b/429d80651resizeacfail21834611a3e3cc6af9a0488d8?comp=properties",
      "RequestMethod": "PUT",
      "RequestHeaders": {
        "Accept": "application/xml",
        "Authorization": "Sanitized",
        "Content-Length": "0",
        "Date": "Mon, 11 Dec 2023 19:14:24 GMT",
        "If-None-Match": "0x8DBFA7D652D12F0",
        "User-Agent": "azsdk-java-azure-storage-blob/12.26.0-beta.1 (17.0.8; Windows 11; 10.0)",
        "x-ms-blob-content-length": "1024",
        "x-ms-client-request-id": "16e98148-89a2-4429-8a7f-cbe6430b7f75",
        "x-ms-version": "2024-02-04"
      },
      "RequestBody": null,
      "StatusCode": 412,
      "ResponseHeaders": {
        "Content-Length": "252",
        "Content-Type": "application/xml",
        "Date": "Mon, 11 Dec 2023 19:14:27 GMT",
        "Server": [
          "Windows-Azure-Blob/1.0",
          "Microsoft-HTTPAPI/2.0"
        ],
        "x-ms-client-request-id": "16e98148-89a2-4429-8a7f-cbe6430b7f75",
        "x-ms-error-code": "ConditionNotMet",
        "x-ms-request-id": "dd11b392-801e-0022-7a66-2c5279000000",
        "x-ms-version": "2024-02-04"
      },
      "ResponseBody": [
        "\uFEFF\u003C?xml version=\u00221.0\u0022 encoding=\u0022utf-8\u0022?\u003E\u003CError\u003E\u003CCode\u003EConditionNotMet\u003C/Code\u003E\u003CMessage\u003EThe condition specified using HTTP conditional header(s) is not met.\n",
        "RequestId:dd11b392-801e-0022-7a66-2c5279000000\n",
        "Time:2023-12-11T19:14:28.0066325Z\u003C/Message\u003E\u003C/Error\u003E"
      ]
    }
  ],
  "Variables": {
    "0": "429d80650resizeacfail21863512d126df4c98834e12b",
    "1": "429d80651resizeacfail21834611a3e3cc6af9a0488d8"
  }
}
