{
  "Entries": [
    {
      "RequestUri": "https://REDACTED/cfcc62020uploadpageacfail2531484420f961c4d06a43c?restype=container",
      "RequestMethod": "PUT",
      "RequestHeaders": {
        "Accept": "application/xml",
        "Authorization": "Sanitized",
        "Content-Length": "0",
        "Date": "Mon, 04 Dec 2023 20:53:31 GMT",
        "User-Agent": "azsdk-java-azure-storage-blob/12.26.0-beta.1 (17.0.8; Windows 11; 10.0)",
        "x-ms-client-request-id": "43e964d8-1602-4c8f-8ce6-09ea951bd265",
        "x-ms-version": "2024-02-04"
      },
      "RequestBody": null,
      "StatusCode": 201,
      "ResponseHeaders": {
        "Content-Length": "0",
        "Date": "Mon, 04 Dec 2023 20:53:32 GMT",
        "ETag": "\u00220x8DBF50B13A5BD62\u0022",
        "Last-Modified": "Mon, 04 Dec 2023 20:53:32 GMT",
        "Server": [
          "Windows-Azure-Blob/1.0",
          "Microsoft-HTTPAPI/2.0"
        ],
        "x-ms-client-request-id": "43e964d8-1602-4c8f-8ce6-09ea951bd265",
        "x-ms-request-id": "ca8b06d8-201e-0090-6ff3-26abec000000",
        "x-ms-version": "2024-02-04"
      },
      "ResponseBody": null
    },
    {
      "RequestUri": "https://REDACTED/cfcc62020uploadpageacfail2531484420f961c4d06a43c?restype=container",
      "RequestMethod": "PUT",
      "RequestHeaders": {
        "Accept": "application/xml",
        "Authorization": "Sanitized",
        "Content-Length": "0",
        "Date": "Mon, 04 Dec 2023 20:53:31 GMT",
        "User-Agent": "azsdk-java-azure-storage-blob/12.26.0-beta.1 (17.0.8; Windows 11; 10.0)",
        "x-ms-client-request-id": "9ec039ca-98f5-4585-971f-c9b41fbfbf4e",
        "x-ms-version": "2024-02-04"
      },
      "RequestBody": null,
      "StatusCode": 409,
      "ResponseHeaders": {
        "Content-Length": "230",
        "Content-Type": "application/xml",
        "Date": "Mon, 04 Dec 2023 20:53:32 GMT",
        "Server": [
          "Windows-Azure-Blob/1.0",
          "Microsoft-HTTPAPI/2.0"
        ],
        "x-ms-client-request-id": "9ec039ca-98f5-4585-971f-c9b41fbfbf4e",
        "x-ms-error-code": "ContainerAlreadyExists",
        "x-ms-request-id": "ca8b0740-201e-0090-4ff3-26abec000000",
        "x-ms-version": "2024-02-04"
      },
      "ResponseBody": [
        "\uFEFF\u003C?xml version=\u00221.0\u0022 encoding=\u0022utf-8\u0022?\u003E\u003CError\u003E\u003CCode\u003EContainerAlreadyExists\u003C/Code\u003E\u003CMessage\u003EThe specified container already exists.\n",
        "RequestId:ca8b0740-201e-0090-4ff3-26abec000000\n",
        "Time:2023-12-04T20:53:32.6961071Z\u003C/Message\u003E\u003C/Error\u003E"
      ]
    },
    {
      "RequestUri": "https://REDACTED/cfcc62020uploadpageacfail2531484420f961c4d06a43c/cfcc62021uploadpageacfail2538836409140d14ce3140e",
      "RequestMethod": "PUT",
      "RequestHeaders": {
        "Accept": "application/xml",
        "Authorization": "Sanitized",
        "Content-Length": "0",
        "Date": "Mon, 04 Dec 2023 20:53:31 GMT",
        "If-None-Match": "*",
        "User-Agent": "azsdk-java-azure-storage-blob/12.26.0-beta.1 (17.0.8; Windows 11; 10.0)",
        "x-ms-blob-content-length": "512",
        "x-ms-blob-type": "PageBlob",
        "x-ms-client-request-id": "c1190b53-8537-4df9-ac8d-88a7e9712314",
        "x-ms-version": "2024-02-04"
      },
      "RequestBody": null,
      "StatusCode": 201,
      "ResponseHeaders": {
        "Content-Length": "0",
        "Date": "Mon, 04 Dec 2023 20:53:32 GMT",
        "ETag": "\u00220x8DBF50B13BF0182\u0022",
        "Last-Modified": "Mon, 04 Dec 2023 20:53:32 GMT",
        "Server": [
          "Windows-Azure-Blob/1.0",
          "Microsoft-HTTPAPI/2.0"
        ],
        "x-ms-client-request-id": "c1190b53-8537-4df9-ac8d-88a7e9712314",
        "x-ms-request-id": "ca8b07b9-201e-0090-3cf3-26abec000000",
        "x-ms-request-server-encrypted": "true",
        "x-ms-version": "2024-02-04",
        "x-ms-version-id": "2023-12-04T20:53:32.7787394Z"
      },
      "ResponseBody": null
    },
    {
      "RequestUri": "https://REDACTED/cfcc62020uploadpageacfail2531484420f961c4d06a43c/cfcc62021uploadpageacfail2538836409140d14ce3140e?comp=lease",
      "RequestMethod": "PUT",
      "RequestHeaders": {
        "Accept": "application/xml",
        "Authorization": "Sanitized",
        "Content-Length": "0",
        "Date": "Mon, 04 Dec 2023 20:53:32 GMT",
        "User-Agent": "azsdk-java-azure-storage-blob/12.26.0-beta.1 (17.0.8; Windows 11; 10.0)",
        "x-ms-client-request-id": "fbe3c6fc-fd50-4094-94e0-ad6f4730f336",
        "x-ms-lease-action": "acquire",
        "x-ms-lease-duration": "-1",
        "x-ms-proposed-lease-id": "cc768ce5-87dd-479c-883c-3433d225d365",
        "x-ms-version": "2024-02-04"
      },
      "RequestBody": null,
      "StatusCode": 201,
      "ResponseHeaders": {
        "Content-Length": "0",
        "Date": "Mon, 04 Dec 2023 20:53:32 GMT",
        "ETag": "\u00220x8DBF50B13BF0182\u0022",
        "Last-Modified": "Mon, 04 Dec 2023 20:53:32 GMT",
        "Server": [
          "Windows-Azure-Blob/1.0",
          "Microsoft-HTTPAPI/2.0"
        ],
        "x-ms-client-request-id": "fbe3c6fc-fd50-4094-94e0-ad6f4730f336",
        "x-ms-lease-id": "cc768ce5-87dd-479c-883c-3433d225d365",
        "x-ms-request-id": "ca8b082f-201e-0090-2df3-26abec000000",
        "x-ms-version": "2024-02-04"
      },
      "ResponseBody": null
    },
    {
      "RequestUri": "https://REDACTED/cfcc62020uploadpageacfail2531484420f961c4d06a43c/cfcc62021uploadpageacfail2538836409140d14ce3140e?comp=page",
      "RequestMethod": "PUT",
      "RequestHeaders": {
        "Accept": "application/xml",
        "Authorization": "Sanitized",
        "Content-Length": "512",
        "Content-Type": "application/octet-stream",
        "Date": "Mon, 04 Dec 2023 20:53:32 GMT",
        "User-Agent": "azsdk-java-azure-storage-blob/12.26.0-beta.1 (17.0.8; Windows 11; 10.0)",
        "x-ms-client-request-id": "1fa03e91-904d-49f2-a05e-1dcbc28efa5a",
        "x-ms-lease-id": "65ea1de7-5325-44fc-96d0-3dc37c47d524",
        "x-ms-page-write": "update",
        "x-ms-range": "bytes=0-511",
        "x-ms-version": "2024-02-04"
      },
      "RequestBody": "cK/qRGvxsKsVvA3RwiWFGFhNSS7BHPnyAdIe0/MkkC/cXj\u002BMUQgLOpP8lHZEBEht5cI5fVmNu8jwTV4ZOLJpiXnOQDGaMLmzUWRhjE7AZC1AKh/jkwvNiiptlapREZf5RITaPvKUpEKOtvSQ7phkBvcZX6NH/Ir80XK80oYAUwB6Xsu7\u002BgywgW6ScndFRXooHEHZ73/MBS8r2FR0c6MYniDYtmbHR505eotiJwpjKaTCc3gU\u002BUP\u002B5CJtZEGHWcMrfF1qFGHGfLQe0myMBTX98oXHKHqop0o5xQiEP4bkYn2ZsMicRqYywCps06SUsegf/7/EgjOszV7FyePvCN/9M8hdDZ/kO9o/Uv2pUynhKT1Ui8sfdThpTPnmZu74gryvGkBaCiJ9EpuuHw6ayYzK9qdO8q3795ZK2g85XRXANQnmFcFD2Dt9cTpM4kCOPBgaooLiD4m9kKMHXX/8dKLY1UklO/dSMPu3V1PN6ieGrdvzX7c6lrUyKsPQBmD8CKxAofBAHdHTbsxIZYD8U6vmfslbDGfLaAHncmcST\u002Bir3i0S\u002B/OCCgsQHLaqhcdpiNvCW7Su4YeO/f0guKr8SXPhtAGdDC\u002BloJqvLW0Z6tTSOCJhDUQHXq8vy/kkEXGCHQY6m\u002Bj9Ub\u002BP4U\u002Bdz8/kj6eShJkceE6VlxVH0ps4L8o13NU=",
      "StatusCode": 412,
      "ResponseHeaders": {
        "Content-Length": "264",
        "Content-Type": "application/xml",
        "Date": "Mon, 04 Dec 2023 20:53:32 GMT",
        "Server": [
          "Windows-Azure-Blob/1.0",
          "Microsoft-HTTPAPI/2.0"
        ],
        "x-ms-client-request-id": "1fa03e91-904d-49f2-a05e-1dcbc28efa5a",
        "x-ms-error-code": "LeaseIdMismatchWithBlobOperation",
        "x-ms-request-id": "ca8b08a7-201e-0090-1cf3-26abec000000",
        "x-ms-version": "2024-02-04"
      },
      "ResponseBody": [
        "\uFEFF\u003C?xml version=\u00221.0\u0022 encoding=\u0022utf-8\u0022?\u003E\u003CError\u003E\u003CCode\u003ELeaseIdMismatchWithBlobOperation\u003C/Code\u003E\u003CMessage\u003EThe lease ID specified did not match the lease ID for the blob.\n",
        "RequestId:ca8b08a7-201e-0090-1cf3-26abec000000\n",
        "Time:2023-12-04T20:53:32.9509600Z\u003C/Message\u003E\u003C/Error\u003E"
      ]
    }
  ],
  "Variables": {
    "0": "cfcc62020uploadpageacfail2531484420f961c4d06a43c",
    "1": "cfcc62021uploadpageacfail2538836409140d14ce3140e",
    "2": "aa6a9faf-54e3-434c-9a54-a08fa3d88e04"
  }
}
