{
  "Entries": [
    {
      "RequestUri": "https://REDACTED/b6862b3e0sequencenumberac55f518375e33b4b54ac744f?restype=container",
      "RequestMethod": "PUT",
      "RequestHeaders": {
        "Accept": "application/xml",
        "Authorization": "Sanitized",
        "Content-Length": "0",
        "Date": "Thu, 12 Oct 2023 17:26:45 GMT",
        "User-Agent": "azsdk-java-azure-storage-blob/12.25.0-beta.1 (17.0.8.1; Windows 11; 10.0)",
        "x-ms-client-request-id": "4cc33e04-4f81-4bf4-ad4c-8730275f5489",
        "x-ms-version": "2023-08-03"
      },
      "RequestBody": null,
      "StatusCode": 201,
      "ResponseHeaders": {
        "Content-Length": "0",
        "Date": "Thu, 12 Oct 2023 17:26:44 GMT",
        "ETag": "\u00220x8DBCB48686CF5BA\u0022",
        "Last-Modified": "Thu, 12 Oct 2023 17:26:45 GMT",
        "Server": [
          "Windows-Azure-Blob/1.0",
          "Microsoft-HTTPAPI/2.0"
        ],
        "x-ms-client-request-id": "4cc33e04-4f81-4bf4-ad4c-8730275f5489",
        "x-ms-request-id": "8d0a329e-301e-001f-5731-fd79b5000000",
        "x-ms-version": "2023-08-03"
      },
      "ResponseBody": null
    },
    {
      "RequestUri": "https://REDACTED/b6862b3e0sequencenumberac55f518375e33b4b54ac744f/b6862b3e1sequencenumberac55f9500268cf1ee9608b424",
      "RequestMethod": "PUT",
      "RequestHeaders": {
        "Accept": "application/xml",
        "Authorization": "Sanitized",
        "Content-Length": "0",
        "Date": "Thu, 12 Oct 2023 17:26:45 GMT",
        "If-None-Match": "*",
        "User-Agent": "azsdk-java-azure-storage-blob/12.25.0-beta.1 (17.0.8.1; Windows 11; 10.0)",
        "x-ms-blob-content-length": "512",
        "x-ms-blob-type": "PageBlob",
        "x-ms-client-request-id": "7ae40a3e-3260-43ec-a9f7-34692d3e0aab",
        "x-ms-version": "2023-08-03"
      },
      "RequestBody": null,
      "StatusCode": 201,
      "ResponseHeaders": {
        "Content-Length": "0",
        "Date": "Thu, 12 Oct 2023 17:26:44 GMT",
        "ETag": "\u00220x8DBCB486870947A\u0022",
        "Last-Modified": "Thu, 12 Oct 2023 17:26:45 GMT",
        "Server": [
          "Windows-Azure-Blob/1.0",
          "Microsoft-HTTPAPI/2.0"
        ],
        "x-ms-client-request-id": "7ae40a3e-3260-43ec-a9f7-34692d3e0aab",
        "x-ms-request-id": "7f88c5e0-701e-001e-3931-fd2669000000",
        "x-ms-request-server-encrypted": "true",
        "x-ms-version": "2023-08-03"
      },
      "ResponseBody": null
    },
    {
      "RequestUri": "https://REDACTED/b6862b3e0sequencenumberac55f518375e33b4b54ac744f/b6862b3e1sequencenumberac55f9500268cf1ee9608b424?comp=tags",
      "RequestMethod": "PUT",
      "RequestHeaders": {
        "Accept": "application/xml",
        "Authorization": "Sanitized",
        "Content-Length": "111",
        "Content-Type": "application/xml",
        "Date": "Thu, 12 Oct 2023 17:26:45 GMT",
        "User-Agent": "azsdk-java-azure-storage-blob/12.25.0-beta.1 (17.0.8.1; Windows 11; 10.0)",
        "x-ms-client-request-id": "590792a3-2502-4d97-a3ac-f01d7088ddce",
        "x-ms-version": "2023-08-03"
      },
      "RequestBody": "\u003C?xml version=\u00271.0\u0027 encoding=\u0027UTF-8\u0027?\u003E\u003CTags\u003E\u003CTagSet\u003E\u003CTag\u003E\u003CKey\u003Efoo\u003C/Key\u003E\u003CValue\u003Ebar\u003C/Value\u003E\u003C/Tag\u003E\u003C/TagSet\u003E\u003C/Tags\u003E",
      "StatusCode": 204,
      "ResponseHeaders": {
        "Date": "Thu, 12 Oct 2023 17:26:44 GMT",
        "Server": [
          "Windows-Azure-Blob/1.0",
          "Microsoft-HTTPAPI/2.0"
        ],
        "x-ms-client-request-id": "590792a3-2502-4d97-a3ac-f01d7088ddce",
        "x-ms-request-id": "7f88c600-701e-001e-5731-fd2669000000",
        "x-ms-version": "2023-08-03"
      },
      "ResponseBody": null
    },
    {
      "RequestUri": "https://REDACTED/b6862b3e0sequencenumberac55f518375e33b4b54ac744f/b6862b3e1sequencenumberac55f9500268cf1ee9608b424",
      "RequestMethod": "HEAD",
      "RequestHeaders": {
        "Accept": "application/xml",
        "Authorization": "Sanitized",
        "Content-Length": "0",
        "Date": "Thu, 12 Oct 2023 17:26:45 GMT",
        "User-Agent": "azsdk-java-azure-storage-blob/12.25.0-beta.1 (17.0.8.1; Windows 11; 10.0)",
        "x-ms-client-request-id": "b723fe6f-b274-4a6f-a91f-638b47e0e12e",
        "x-ms-version": "2023-08-03"
      },
      "RequestBody": null,
      "StatusCode": 200,
      "ResponseHeaders": {
        "Accept-Ranges": "bytes",
        "Access-Control-Allow-Origin": "*",
        "Access-Control-Expose-Headers": "x-ms-client-request-id",
        "Content-Length": "512",
        "Content-Type": "application/octet-stream",
        "Date": "Thu, 12 Oct 2023 17:26:44 GMT",
        "ETag": "\u00220x8DBCB486870947A\u0022",
        "Last-Modified": "Thu, 12 Oct 2023 17:26:45 GMT",
        "Server": [
          "Windows-Azure-Blob/1.0",
          "Microsoft-HTTPAPI/2.0"
        ],
        "x-ms-blob-sequence-number": "0",
        "x-ms-blob-type": "PageBlob",
        "x-ms-client-request-id": "b723fe6f-b274-4a6f-a91f-638b47e0e12e",
        "x-ms-creation-time": "Thu, 12 Oct 2023 17:26:45 GMT",
        "x-ms-lease-state": "available",
        "x-ms-lease-status": "unlocked",
        "x-ms-request-id": "7f88c618-701e-001e-6b31-fd2669000000",
        "x-ms-server-encrypted": "true",
        "x-ms-tag-count": "1",
        "x-ms-version": "2023-08-03"
      },
      "ResponseBody": null
    },
    {
      "RequestUri": "https://REDACTED/b6862b3e0sequencenumberac55f518375e33b4b54ac744f/b6862b3e1sequencenumberac55f9500268cf1ee9608b424?comp=properties",
      "RequestMethod": "PUT",
      "RequestHeaders": {
        "Accept": "application/xml",
        "Authorization": "Sanitized",
        "Content-Length": "0",
        "Date": "Thu, 12 Oct 2023 17:26:45 GMT",
        "If-Match": "0x8DBCB486870947A",
        "User-Agent": "azsdk-java-azure-storage-blob/12.25.0-beta.1 (17.0.8.1; Windows 11; 10.0)",
        "x-ms-blob-sequence-number": "1",
        "x-ms-client-request-id": "c5a867fd-01ad-465e-aed0-e970967b14c5",
        "x-ms-sequence-number-action": "update",
        "x-ms-version": "2023-08-03"
      },
      "RequestBody": null,
      "StatusCode": 200,
      "ResponseHeaders": {
        "Content-Length": "0",
        "Date": "Thu, 12 Oct 2023 17:26:44 GMT",
        "ETag": "\u00220x8DBCB48687AF338\u0022",
        "Last-Modified": "Thu, 12 Oct 2023 17:26:45 GMT",
        "Server": [
          "Windows-Azure-Blob/1.0",
          "Microsoft-HTTPAPI/2.0"
        ],
        "x-ms-blob-sequence-number": "1",
        "x-ms-client-request-id": "c5a867fd-01ad-465e-aed0-e970967b14c5",
        "x-ms-request-id": "7f88c631-701e-001e-0131-fd2669000000",
        "x-ms-version": "2023-08-03"
      },
      "ResponseBody": null
    }
  ],
  "Variables": {
    "0": "b6862b3e0sequencenumberac55f518375e33b4b54ac744f",
    "1": "b6862b3e1sequencenumberac55f9500268cf1ee9608b424"
  }
}
