{
  "Entries": [
    {
      "RequestUri": "https://REDACTED/3e82bfb60clearpagesace4366488bdd3e2792ef34a889?restype=container",
      "RequestMethod": "PUT",
      "RequestHeaders": {
        "Accept": "application/xml",
        "Authorization": "Sanitized",
        "Content-Length": "0",
        "Date": "Thu, 12 Oct 2023 13:50:28 GMT",
        "User-Agent": "azsdk-java-azure-storage-blob/12.25.0-beta.1 (17.0.8.1; Windows 11; 10.0)",
        "x-ms-client-request-id": "59a36837-39e6-4cb5-9a3e-1f7593ed7599",
        "x-ms-version": "2023-08-03"
      },
      "RequestBody": null,
      "StatusCode": 201,
      "ResponseHeaders": {
        "Content-Length": "0",
        "Date": "Thu, 12 Oct 2023 13:50:28 GMT",
        "ETag": "\u00220x8DBCB2A31E710D9\u0022",
        "Last-Modified": "Thu, 12 Oct 2023 13:50:28 GMT",
        "Server": [
          "Windows-Azure-Blob/1.0",
          "Microsoft-HTTPAPI/2.0"
        ],
        "x-ms-client-request-id": "59a36837-39e6-4cb5-9a3e-1f7593ed7599",
        "x-ms-request-id": "74539064-301e-0030-7013-fd747e000000",
        "x-ms-version": "2023-08-03"
      },
      "ResponseBody": null
    },
    {
      "RequestUri": "https://REDACTED/3e82bfb60clearpagesace4366488bdd3e2792ef34a889/3e82bfb61clearpagesace4399183482b93b5064d496c8",
      "RequestMethod": "PUT",
      "RequestHeaders": {
        "Accept": "application/xml",
        "Authorization": "Sanitized",
        "Content-Length": "0",
        "Date": "Thu, 12 Oct 2023 13:50:28 GMT",
        "If-None-Match": "*",
        "User-Agent": "azsdk-java-azure-storage-blob/12.25.0-beta.1 (17.0.8.1; Windows 11; 10.0)",
        "x-ms-blob-content-length": "512",
        "x-ms-blob-type": "PageBlob",
        "x-ms-client-request-id": "a235c3c2-90ac-406a-bbea-b1ff01921552",
        "x-ms-version": "2023-08-03"
      },
      "RequestBody": null,
      "StatusCode": 201,
      "ResponseHeaders": {
        "Content-Length": "0",
        "Date": "Thu, 12 Oct 2023 13:50:28 GMT",
        "ETag": "\u00220x8DBCB2A31EA6C3E\u0022",
        "Last-Modified": "Thu, 12 Oct 2023 13:50:28 GMT",
        "Server": [
          "Windows-Azure-Blob/1.0",
          "Microsoft-HTTPAPI/2.0"
        ],
        "x-ms-client-request-id": "a235c3c2-90ac-406a-bbea-b1ff01921552",
        "x-ms-request-id": "7453907e-301e-0030-0813-fd747e000000",
        "x-ms-request-server-encrypted": "true",
        "x-ms-version": "2023-08-03"
      },
      "ResponseBody": null
    },
    {
      "RequestUri": "https://REDACTED/3e82bfb60clearpagesace4366488bdd3e2792ef34a889/3e82bfb61clearpagesace4399183482b93b5064d496c8?comp=page",
      "RequestMethod": "PUT",
      "RequestHeaders": {
        "Accept": "application/xml",
        "Authorization": "Sanitized",
        "Content-Length": "512",
        "Content-Type": "application/octet-stream",
        "Date": "Thu, 12 Oct 2023 13:50:28 GMT",
        "User-Agent": "azsdk-java-azure-storage-blob/12.25.0-beta.1 (17.0.8.1; Windows 11; 10.0)",
        "x-ms-client-request-id": "e312bc80-52d9-4f71-9c07-43b818ac6856",
        "x-ms-page-write": "update",
        "x-ms-range": "bytes=0-511",
        "x-ms-version": "2023-08-03"
      },
      "RequestBody": "Lh43Tpc/dzWDUjZMwAAN6j1RSr6Nh/iJ5fEy5AP6nJlS\u002BHicT2mQK\u002BKDUsfjP4aXKwOJZSDNb6hZN4ukix7WYoPqjfraKZywxG4S41VwkkvcV2MVaQuTgZ03uexcS4z3fgXEen0M\u002B8L9U45vT3Q3BL4aoCd7N/5xhrpkv4iqBQKDiMbXtAI1IoOwZzBcISJmBiopE9hbyAVN4tNKtLpaENitOxWsduT98B1/l9zWyZkpi2lL\u002BlL9fw2UTuObzazWRoefRMktAa8Bw1W/g2QAKGOPqfDOUaRgRnBWoonWPVma6u0yIvu0WRlU/PjXQCiZMwgbjTRCHUBdW7Ua4IhDeyVu7QMAQiQxv6OxG7UPiwfdi4cegO3epRmWpM\u002BWxo9wPXUtyGNI1Bkbw5KmzHiKqufJ0vj89t93KGaO47VeaHm6TAnrfVmZkn2y/q4gTqWdnO/CoWSmND\u002BYTizB2xsoIXpXQu40uDYf1qGPiIkCi8uMHMGiaIKrxV7YA1i4IoPx3UoDSaRhGus\u002BwcsNMXC38grng3Etu3J/0uqD45KgiC1Je15om5/e/Wyh73Ia71AurfDV/M1kEMsxtEQaw8m7sKc4mb8ca3smQSR0lpa7QkvPiuoe0oE3URoiLBE6KN5/5DrWjt2eUbU9/THVzazNdhFr8jK/3UO1Eup4FPY5RfI=",
      "StatusCode": 201,
      "ResponseHeaders": {
        "Content-Length": "0",
        "Date": "Thu, 12 Oct 2023 13:50:28 GMT",
        "ETag": "\u00220x8DBCB2A31EEB160\u0022",
        "Last-Modified": "Thu, 12 Oct 2023 13:50:28 GMT",
        "Server": [
          "Windows-Azure-Blob/1.0",
          "Microsoft-HTTPAPI/2.0"
        ],
        "x-ms-blob-sequence-number": "0",
        "x-ms-client-request-id": "e312bc80-52d9-4f71-9c07-43b818ac6856",
        "x-ms-content-crc64": "yEik/q\u002BF2oo=",
        "x-ms-request-id": "745390a0-301e-0030-2713-fd747e000000",
        "x-ms-request-server-encrypted": "true",
        "x-ms-version": "2023-08-03"
      },
      "ResponseBody": null
    },
    {
      "RequestUri": "https://REDACTED/3e82bfb60clearpagesace4366488bdd3e2792ef34a889/3e82bfb61clearpagesace4399183482b93b5064d496c8?comp=tags",
      "RequestMethod": "PUT",
      "RequestHeaders": {
        "Accept": "application/xml",
        "Authorization": "Sanitized",
        "Content-Length": "111",
        "Content-Type": "application/xml",
        "Date": "Thu, 12 Oct 2023 13:50:29 GMT",
        "User-Agent": "azsdk-java-azure-storage-blob/12.25.0-beta.1 (17.0.8.1; Windows 11; 10.0)",
        "x-ms-client-request-id": "887332f9-35d2-486b-9411-9c59348ae57d",
        "x-ms-version": "2023-08-03"
      },
      "RequestBody": "\u003C?xml version=\u00271.0\u0027 encoding=\u0027UTF-8\u0027?\u003E\u003CTags\u003E\u003CTagSet\u003E\u003CTag\u003E\u003CKey\u003Efoo\u003C/Key\u003E\u003CValue\u003Ebar\u003C/Value\u003E\u003C/Tag\u003E\u003C/TagSet\u003E\u003C/Tags\u003E",
      "StatusCode": 204,
      "ResponseHeaders": {
        "Date": "Thu, 12 Oct 2023 13:50:28 GMT",
        "Server": [
          "Windows-Azure-Blob/1.0",
          "Microsoft-HTTPAPI/2.0"
        ],
        "x-ms-client-request-id": "887332f9-35d2-486b-9411-9c59348ae57d",
        "x-ms-request-id": "745390b9-301e-0030-3e13-fd747e000000",
        "x-ms-version": "2023-08-03"
      },
      "ResponseBody": null
    },
    {
      "RequestUri": "https://REDACTED/3e82bfb60clearpagesace4366488bdd3e2792ef34a889/3e82bfb61clearpagesace4399183482b93b5064d496c8?comp=page",
      "RequestMethod": "PUT",
      "RequestHeaders": {
        "Accept": "application/xml",
        "Authorization": "Sanitized",
        "Content-Length": "0",
        "Date": "Thu, 12 Oct 2023 13:50:29 GMT",
        "If-Unmodified-Since": "Fri, 13 Oct 2023 13:49:56 GMT",
        "User-Agent": "azsdk-java-azure-storage-blob/12.25.0-beta.1 (17.0.8.1; Windows 11; 10.0)",
        "x-ms-client-request-id": "cfe28bec-f16b-4929-940c-d4ef13801cb8",
        "x-ms-page-write": "clear",
        "x-ms-range": "bytes=0-511",
        "x-ms-version": "2023-08-03"
      },
      "RequestBody": null,
      "StatusCode": 201,
      "ResponseHeaders": {
        "Content-Length": "0",
        "Date": "Thu, 12 Oct 2023 13:50:28 GMT",
        "ETag": "\u00220x8DBCB2A31F67870\u0022",
        "Last-Modified": "Thu, 12 Oct 2023 13:50:29 GMT",
        "Server": [
          "Windows-Azure-Blob/1.0",
          "Microsoft-HTTPAPI/2.0"
        ],
        "x-ms-blob-sequence-number": "0",
        "x-ms-client-request-id": "cfe28bec-f16b-4929-940c-d4ef13801cb8",
        "x-ms-request-id": "745390cf-301e-0030-5313-fd747e000000",
        "x-ms-version": "2023-08-03"
      },
      "ResponseBody": null
    }
  ],
  "Variables": {
    "0": "3e82bfb60clearpagesace4366488bdd3e2792ef34a889",
    "1": "3e82bfb61clearpagesace4399183482b93b5064d496c8",
    "2": "0fd51778-072b-4c78-8c25-f8eca4ac6c20"
  }
}
