{
  "Entries": [
    {
      "RequestUri": "https://REDACTED/ec4bc92f0getpagerangesdiffmin536562281cd3483e9f424?restype=container",
      "RequestMethod": "PUT",
      "RequestHeaders": {
        "Accept": "application/xml",
        "Authorization": "Sanitized",
        "Content-Length": "0",
        "Date": "Wed, 13 Dec 2023 21:51:31 GMT",
        "User-Agent": "azsdk-java-azure-storage-blob/12.26.0-beta.1 (17.0.8; Windows 11; 10.0)",
        "x-ms-client-request-id": "6a9d5fb5-a6da-4c84-a607-94e7ccbd0be7",
        "x-ms-version": "2024-02-04"
      },
      "RequestBody": null,
      "StatusCode": 201,
      "ResponseHeaders": {
        "Content-Length": "0",
        "Date": "Wed, 13 Dec 2023 21:51:31 GMT",
        "ETag": "\u00220x8DBFC25AB459553\u0022",
        "Last-Modified": "Wed, 13 Dec 2023 21:51:32 GMT",
        "Server": [
          "Windows-Azure-Blob/1.0",
          "Microsoft-HTTPAPI/2.0"
        ],
        "x-ms-client-request-id": "6a9d5fb5-a6da-4c84-a607-94e7ccbd0be7",
        "x-ms-request-id": "76a783ad-e01e-008d-400e-2ea0b4000000",
        "x-ms-version": "2024-02-04"
      },
      "ResponseBody": null
    },
    {
      "RequestUri": "https://REDACTED/ec4bc92f0getpagerangesdiffmin536562281cd3483e9f424?restype=container",
      "RequestMethod": "PUT",
      "RequestHeaders": {
        "Accept": "application/xml",
        "Authorization": "Sanitized",
        "Content-Length": "0",
        "Date": "Wed, 13 Dec 2023 21:51:31 GMT",
        "User-Agent": "azsdk-java-azure-storage-blob/12.26.0-beta.1 (17.0.8; Windows 11; 10.0)",
        "x-ms-client-request-id": "0f235957-649b-43d9-8366-5195a824fd86",
        "x-ms-version": "2024-02-04"
      },
      "RequestBody": null,
      "StatusCode": 409,
      "ResponseHeaders": {
        "Content-Length": "230",
        "Content-Type": "application/xml",
        "Date": "Wed, 13 Dec 2023 21:51:31 GMT",
        "Server": [
          "Windows-Azure-Blob/1.0",
          "Microsoft-HTTPAPI/2.0"
        ],
        "x-ms-client-request-id": "0f235957-649b-43d9-8366-5195a824fd86",
        "x-ms-error-code": "ContainerAlreadyExists",
        "x-ms-request-id": "76a78403-e01e-008d-080e-2ea0b4000000",
        "x-ms-version": "2024-02-04"
      },
      "ResponseBody": [
        "\uFEFF\u003C?xml version=\u00221.0\u0022 encoding=\u0022utf-8\u0022?\u003E\u003CError\u003E\u003CCode\u003EContainerAlreadyExists\u003C/Code\u003E\u003CMessage\u003EThe specified container already exists.\n",
        "RequestId:76a78403-e01e-008d-080e-2ea0b4000000\n",
        "Time:2023-12-13T21:51:32.1410283Z\u003C/Message\u003E\u003C/Error\u003E"
      ]
    },
    {
      "RequestUri": "https://REDACTED/ec4bc92f0getpagerangesdiffmin536562281cd3483e9f424/ec4bc92f1getpagerangesdiffmin536586678f7560d057564",
      "RequestMethod": "PUT",
      "RequestHeaders": {
        "Accept": "application/xml",
        "Authorization": "Sanitized",
        "Content-Length": "0",
        "Date": "Wed, 13 Dec 2023 21:51:32 GMT",
        "If-None-Match": "*",
        "User-Agent": "azsdk-java-azure-storage-blob/12.26.0-beta.1 (17.0.8; Windows 11; 10.0)",
        "x-ms-blob-content-length": "512",
        "x-ms-blob-type": "PageBlob",
        "x-ms-client-request-id": "0b0d6c19-5666-4785-b74c-7a724ffbc8ba",
        "x-ms-version": "2024-02-04"
      },
      "RequestBody": null,
      "StatusCode": 201,
      "ResponseHeaders": {
        "Content-Length": "0",
        "Date": "Wed, 13 Dec 2023 21:51:31 GMT",
        "ETag": "\u00220x8DBFC25AB60E24A\u0022",
        "Last-Modified": "Wed, 13 Dec 2023 21:51:32 GMT",
        "Server": [
          "Windows-Azure-Blob/1.0",
          "Microsoft-HTTPAPI/2.0"
        ],
        "x-ms-client-request-id": "0b0d6c19-5666-4785-b74c-7a724ffbc8ba",
        "x-ms-request-id": "76a78443-e01e-008d-430e-2ea0b4000000",
        "x-ms-request-server-encrypted": "true",
        "x-ms-version": "2024-02-04"
      },
      "ResponseBody": null
    },
    {
      "RequestUri": "https://REDACTED/ec4bc92f0getpagerangesdiffmin536562281cd3483e9f424/ec4bc92f1getpagerangesdiffmin536586678f7560d057564?comp=snapshot",
      "RequestMethod": "PUT",
      "RequestHeaders": {
        "Accept": "application/xml",
        "Authorization": "Sanitized",
        "Content-Length": "0",
        "Date": "Wed, 13 Dec 2023 21:51:32 GMT",
        "User-Agent": "azsdk-java-azure-storage-blob/12.26.0-beta.1 (17.0.8; Windows 11; 10.0)",
        "x-ms-client-request-id": "7c72454e-a8c1-4401-bdb0-33b0cc43a938",
        "x-ms-version": "2024-02-04"
      },
      "RequestBody": null,
      "StatusCode": 201,
      "ResponseHeaders": {
        "Content-Length": "0",
        "Date": "Wed, 13 Dec 2023 21:51:31 GMT",
        "ETag": "\u00220x8DBFC25AB60E24A\u0022",
        "Last-Modified": "Wed, 13 Dec 2023 21:51:32 GMT",
        "Server": [
          "Windows-Azure-Blob/1.0",
          "Microsoft-HTTPAPI/2.0"
        ],
        "x-ms-client-request-id": "7c72454e-a8c1-4401-bdb0-33b0cc43a938",
        "x-ms-request-id": "48b21912-901e-00a8-110e-2e09c8000000",
        "x-ms-request-server-encrypted": "false",
        "x-ms-snapshot": "2023-12-13T21:51:32.3169476Z",
        "x-ms-version": "2024-02-04"
      },
      "ResponseBody": null
    },
    {
      "RequestUri": "https://REDACTED/ec4bc92f0getpagerangesdiffmin536562281cd3483e9f424/ec4bc92f1getpagerangesdiffmin536586678f7560d057564?comp=pagelist\u0026prevsnapshot=2023-12-13T21%3A51%3A32.3169476Z",
      "RequestMethod": "GET",
      "RequestHeaders": {
        "Accept": "application/xml",
        "Authorization": "Sanitized",
        "Content-Length": "0",
        "Date": "Wed, 13 Dec 2023 21:51:32 GMT",
        "User-Agent": "azsdk-java-azure-storage-blob/12.26.0-beta.1 (17.0.8; Windows 11; 10.0)",
        "x-ms-client-request-id": "1808cedf-2081-4e6c-b70d-56b1730fa389",
        "x-ms-version": "2024-02-04"
      },
      "RequestBody": null,
      "StatusCode": 200,
      "ResponseHeaders": {
        "Access-Control-Allow-Origin": "*",
        "Access-Control-Expose-Headers": "x-ms-client-request-id",
        "Content-Type": "application/xml",
        "Date": "Wed, 13 Dec 2023 21:51:31 GMT",
        "ETag": "\u00220x8DBFC25AB60E24A\u0022",
        "Last-Modified": "Wed, 13 Dec 2023 21:51:32 GMT",
        "Server": [
          "Windows-Azure-Blob/1.0",
          "Microsoft-HTTPAPI/2.0"
        ],
        "Transfer-Encoding": "chunked",
        "x-ms-blob-content-length": "512",
        "x-ms-client-request-id": "1808cedf-2081-4e6c-b70d-56b1730fa389",
        "x-ms-request-id": "48b219d7-901e-00a8-4e0e-2e09c8000000",
        "x-ms-version": "2024-02-04"
      },
      "ResponseBody": [
        "\uFEFF\u003C?xml version=\u00221.0\u0022 encoding=\u0022utf-8\u0022?\u003E\n",
        "\u003CPageList/\u003E"
      ]
    }
  ],
  "Variables": {
    "0": "ec4bc92f0getpagerangesdiffmin536562281cd3483e9f424",
    "1": "ec4bc92f1getpagerangesdiffmin536586678f7560d057564"
  }
}
