{
  "Entries": [
    {
      "RequestUri": "https://REDACTED/722cd7f80createifnotexiststagsfe663275bf008ad2d901?restype=container",
      "RequestMethod": "PUT",
      "RequestHeaders": {
        "Accept": "application/xml",
        "Authorization": "Sanitized",
        "Content-Length": "0",
        "Date": "Thu, 05 Oct 2023 19:36:21 GMT",
        "User-Agent": "azsdk-java-azure-storage-blob/12.25.0-beta.1 (11.0.16.1; Windows 11; 10.0)",
        "x-ms-client-request-id": "82718862-f019-4224-a46c-b66ebe7d0283",
        "x-ms-version": "2023-08-03"
      },
      "RequestBody": null,
      "StatusCode": 201,
      "ResponseHeaders": {
        "Content-Length": "0",
        "Date": "Thu, 05 Oct 2023 19:36:21 GMT",
        "ETag": "\u00220x8DBC5DA5A87CC56\u0022",
        "Last-Modified": "Thu, 05 Oct 2023 19:36:21 GMT",
        "Server": [
          "Windows-Azure-Blob/1.0",
          "Microsoft-HTTPAPI/2.0"
        ],
        "x-ms-client-request-id": "82718862-f019-4224-a46c-b66ebe7d0283",
        "x-ms-request-id": "ad77e632-401e-0010-65c3-f754ea000000",
        "x-ms-version": "2023-08-03"
      },
      "ResponseBody": null
    },
    {
      "RequestUri": "https://REDACTED/722cd7f80createifnotexiststagsfe663275bf008ad2d901/722cd7f81createifnotexiststagsfe616442ee081b4d291c",
      "RequestMethod": "PUT",
      "RequestHeaders": {
        "Accept": "application/xml",
        "Authorization": "Sanitized",
        "Content-Length": "0",
        "Date": "Thu, 05 Oct 2023 19:36:21 GMT",
        "If-None-Match": "*",
        "User-Agent": "azsdk-java-azure-storage-blob/12.25.0-beta.1 (11.0.16.1; Windows 11; 10.0)",
        "x-ms-blob-content-length": "512",
        "x-ms-blob-type": "PageBlob",
        "x-ms-client-request-id": "8b12cfc3-8a11-4722-9bff-dc65ae253514",
        "x-ms-version": "2023-08-03"
      },
      "RequestBody": null,
      "StatusCode": 201,
      "ResponseHeaders": {
        "Content-Length": "0",
        "Date": "Thu, 05 Oct 2023 19:36:21 GMT",
        "ETag": "\u00220x8DBC5DA5A99DD9E\u0022",
        "Last-Modified": "Thu, 05 Oct 2023 19:36:21 GMT",
        "Server": [
          "Windows-Azure-Blob/1.0",
          "Microsoft-HTTPAPI/2.0"
        ],
        "x-ms-client-request-id": "8b12cfc3-8a11-4722-9bff-dc65ae253514",
        "x-ms-request-id": "ad77e6dd-401e-0010-54c3-f754ea000000",
        "x-ms-request-server-encrypted": "true",
        "x-ms-version": "2023-08-03",
        "x-ms-version-id": "2023-10-05T19:36:21.6642729Z"
      },
      "ResponseBody": null
    },
    {
      "RequestUri": "https://REDACTED/722cd7f80createifnotexiststagsfe663275bf008ad2d901/722cd7f82createifnotexiststagsfe662926f05072e7da26",
      "RequestMethod": "PUT",
      "RequestHeaders": {
        "Accept": "application/xml",
        "Authorization": "Sanitized",
        "Content-Length": "0",
        "Date": "Thu, 05 Oct 2023 19:36:21 GMT",
        "If-None-Match": "*",
        "User-Agent": "azsdk-java-azure-storage-blob/12.25.0-beta.1 (11.0.16.1; Windows 11; 10.0)",
        "x-ms-blob-content-length": "512",
        "x-ms-blob-type": "PageBlob",
        "x-ms-client-request-id": "33806d94-1d29-4cf6-ab19-f851a173f62b",
        "x-ms-tags": "\u002B%2B-.%2F%3A%3D_\u002B\u002B%2B-.%2F%3A%3D_=\u002B%2B-.%2F%3A%3D_",
        "x-ms-version": "2023-08-03"
      },
      "RequestBody": null,
      "StatusCode": 201,
      "ResponseHeaders": {
        "Content-Length": "0",
        "Date": "Thu, 05 Oct 2023 19:36:21 GMT",
        "ETag": "\u00220x8DBC5DA5AA944B4\u0022",
        "Last-Modified": "Thu, 05 Oct 2023 19:36:21 GMT",
        "Server": [
          "Windows-Azure-Blob/1.0",
          "Microsoft-HTTPAPI/2.0"
        ],
        "x-ms-client-request-id": "33806d94-1d29-4cf6-ab19-f851a173f62b",
        "x-ms-request-id": "ad77e777-401e-0010-41c3-f754ea000000",
        "x-ms-request-server-encrypted": "true",
        "x-ms-version": "2023-08-03",
        "x-ms-version-id": "2023-10-05T19:36:21.7652146Z"
      },
      "ResponseBody": null
    },
    {
      "RequestUri": "https://REDACTED/722cd7f80createifnotexiststagsfe663275bf008ad2d901/722cd7f82createifnotexiststagsfe662926f05072e7da26?comp=tags",
      "RequestMethod": "GET",
      "RequestHeaders": {
        "Accept": "application/xml",
        "Authorization": "Sanitized",
        "Content-Length": "0",
        "Date": "Thu, 05 Oct 2023 19:36:21 GMT",
        "User-Agent": "azsdk-java-azure-storage-blob/12.25.0-beta.1 (11.0.16.1; Windows 11; 10.0)",
        "x-ms-client-request-id": "e808f7aa-b90c-4de8-b75c-ca45099a05a2",
        "x-ms-version": "2023-08-03"
      },
      "RequestBody": null,
      "StatusCode": 200,
      "ResponseHeaders": {
        "Access-Control-Allow-Origin": "*",
        "Access-Control-Expose-Headers": "x-ms-client-request-id",
        "Content-Length": "134",
        "Content-Type": "application/xml",
        "Date": "Thu, 05 Oct 2023 19:36:21 GMT",
        "Server": [
          "Windows-Azure-Blob/1.0",
          "Microsoft-HTTPAPI/2.0"
        ],
        "x-ms-client-request-id": "e808f7aa-b90c-4de8-b75c-ca45099a05a2",
        "x-ms-request-id": "6721d867-e01e-006b-37c3-f71676000000",
        "x-ms-version": "2023-08-03"
      },
      "ResponseBody": [
        "\uFEFF\u003C?xml version=\u00221.0\u0022 encoding=\u0022utf-8\u0022?\u003E\n",
        "\u003CTags\u003E\u003CTagSet\u003E\u003CTag\u003E\u003CKey\u003E \u002B-./:=_  \u002B-./:=_\u003C/Key\u003E\u003CValue\u003EREDACTED\u003C/Value\u003E\u003C/Tag\u003E\u003C/TagSet\u003E\u003C/Tags\u003E"
      ]
    }
  ],
  "Variables": {
    "0": "722cd7f80createifnotexiststagsfe663275bf008ad2d901",
    "1": "722cd7f81createifnotexiststagsfe616442ee081b4d291c",
    "2": "722cd7f82createifnotexiststagsfe662926f05072e7da26"
  }
}
