{
  "Entries": [
    {
      "RequestUri": "https://REDACTED/fd7b40b50getpagerangesdiff4ce203464b75f961cb8640?restype=container",
      "RequestMethod": "PUT",
      "RequestHeaders": {
        "Accept": "application/xml",
        "Authorization": "Sanitized",
        "Content-Length": "0",
        "Date": "Wed, 13 Dec 2023 21:47:20 GMT",
        "User-Agent": "azsdk-java-azure-storage-blob/12.26.0-beta.1 (17.0.8; Windows 11; 10.0)",
        "x-ms-client-request-id": "f7342540-09f9-47fe-a35c-9662f53cef1b",
        "x-ms-version": "2024-02-04"
      },
      "RequestBody": null,
      "StatusCode": 201,
      "ResponseHeaders": {
        "Content-Length": "0",
        "Date": "Wed, 13 Dec 2023 21:47:20 GMT",
        "ETag": "\u00220x8DBFC251566BFCF\u0022",
        "Last-Modified": "Wed, 13 Dec 2023 21:47:20 GMT",
        "Server": [
          "Windows-Azure-Blob/1.0",
          "Microsoft-HTTPAPI/2.0"
        ],
        "x-ms-client-request-id": "f7342540-09f9-47fe-a35c-9662f53cef1b",
        "x-ms-request-id": "260b2f46-801e-0050-340d-2e5536000000",
        "x-ms-version": "2024-02-04"
      },
      "ResponseBody": null
    },
    {
      "RequestUri": "https://REDACTED/fd7b40b50getpagerangesdiff4ce203464b75f961cb8640?restype=container",
      "RequestMethod": "PUT",
      "RequestHeaders": {
        "Accept": "application/xml",
        "Authorization": "Sanitized",
        "Content-Length": "0",
        "Date": "Wed, 13 Dec 2023 21:47:20 GMT",
        "User-Agent": "azsdk-java-azure-storage-blob/12.26.0-beta.1 (17.0.8; Windows 11; 10.0)",
        "x-ms-client-request-id": "bef0f8db-0530-40e5-b0c2-e2e1620235bb",
        "x-ms-version": "2024-02-04"
      },
      "RequestBody": null,
      "StatusCode": 409,
      "ResponseHeaders": {
        "Content-Length": "230",
        "Content-Type": "application/xml",
        "Date": "Wed, 13 Dec 2023 21:47:20 GMT",
        "Server": [
          "Windows-Azure-Blob/1.0",
          "Microsoft-HTTPAPI/2.0"
        ],
        "x-ms-client-request-id": "bef0f8db-0530-40e5-b0c2-e2e1620235bb",
        "x-ms-error-code": "ContainerAlreadyExists",
        "x-ms-request-id": "260b2fe6-801e-0050-4f0d-2e5536000000",
        "x-ms-version": "2024-02-04"
      },
      "ResponseBody": [
        "\uFEFF\u003C?xml version=\u00221.0\u0022 encoding=\u0022utf-8\u0022?\u003E\u003CError\u003E\u003CCode\u003EContainerAlreadyExists\u003C/Code\u003E\u003CMessage\u003EThe specified container already exists.\n",
        "RequestId:260b2fe6-801e-0050-4f0d-2e5536000000\n",
        "Time:2023-12-13T21:47:20.7011435Z\u003C/Message\u003E\u003C/Error\u003E"
      ]
    },
    {
      "RequestUri": "https://REDACTED/fd7b40b50getpagerangesdiff4ce203464b75f961cb8640/fd7b40b51getpagerangesdiff4ce306151dede30307364f",
      "RequestMethod": "PUT",
      "RequestHeaders": {
        "Accept": "application/xml",
        "Authorization": "Sanitized",
        "Content-Length": "0",
        "Date": "Wed, 13 Dec 2023 21:47:20 GMT",
        "If-None-Match": "*",
        "User-Agent": "azsdk-java-azure-storage-blob/12.26.0-beta.1 (17.0.8; Windows 11; 10.0)",
        "x-ms-blob-content-length": "512",
        "x-ms-blob-type": "PageBlob",
        "x-ms-client-request-id": "b4ad1c84-47be-4b2d-a4df-7221473054eb",
        "x-ms-version": "2024-02-04"
      },
      "RequestBody": null,
      "StatusCode": 201,
      "ResponseHeaders": {
        "Content-Length": "0",
        "Date": "Wed, 13 Dec 2023 21:47:20 GMT",
        "ETag": "\u00220x8DBFC2515821CF1\u0022",
        "Last-Modified": "Wed, 13 Dec 2023 21:47:20 GMT",
        "Server": [
          "Windows-Azure-Blob/1.0",
          "Microsoft-HTTPAPI/2.0"
        ],
        "x-ms-client-request-id": "b4ad1c84-47be-4b2d-a4df-7221473054eb",
        "x-ms-request-id": "260b3078-801e-0050-5e0d-2e5536000000",
        "x-ms-request-server-encrypted": "true",
        "x-ms-version": "2024-02-04"
      },
      "ResponseBody": null
    },
    {
      "RequestUri": "https://REDACTED/fd7b40b50getpagerangesdiff4ce203464b75f961cb8640/fd7b40b51getpagerangesdiff4ce306151dede30307364f",
      "RequestMethod": "PUT",
      "RequestHeaders": {
        "Accept": "application/xml",
        "Authorization": "Sanitized",
        "Content-Length": "0",
        "Date": "Wed, 13 Dec 2023 21:47:20 GMT",
        "User-Agent": "azsdk-java-azure-storage-blob/12.26.0-beta.1 (17.0.8; Windows 11; 10.0)",
        "x-ms-blob-content-length": "4194304",
        "x-ms-blob-type": "PageBlob",
        "x-ms-client-request-id": "54229637-e975-40cc-bbb4-17ded773d95b",
        "x-ms-version": "2024-02-04"
      },
      "RequestBody": null,
      "StatusCode": 201,
      "ResponseHeaders": {
        "Content-Length": "0",
        "Date": "Wed, 13 Dec 2023 21:47:20 GMT",
        "ETag": "\u00220x8DBFC25158FFD92\u0022",
        "Last-Modified": "Wed, 13 Dec 2023 21:47:20 GMT",
        "Server": [
          "Windows-Azure-Blob/1.0",
          "Microsoft-HTTPAPI/2.0"
        ],
        "x-ms-client-request-id": "54229637-e975-40cc-bbb4-17ded773d95b",
        "x-ms-request-id": "260b3107-801e-0050-660d-2e5536000000",
        "x-ms-request-server-encrypted": "true",
        "x-ms-version": "2024-02-04"
      },
      "ResponseBody": null
    },
    {
      "RequestUri": "https://REDACTED/fd7b40b50getpagerangesdiff4ce203464b75f961cb8640/fd7b40b51getpagerangesdiff4ce306151dede30307364f?comp=snapshot",
      "RequestMethod": "PUT",
      "RequestHeaders": {
        "Accept": "application/xml",
        "Authorization": "Sanitized",
        "Content-Length": "0",
        "Date": "Wed, 13 Dec 2023 21:47:20 GMT",
        "User-Agent": "azsdk-java-azure-storage-blob/12.26.0-beta.1 (17.0.8; Windows 11; 10.0)",
        "x-ms-client-request-id": "f80e387e-1bd2-4d8d-a446-8e25e83c1d26",
        "x-ms-version": "2024-02-04"
      },
      "RequestBody": null,
      "StatusCode": 201,
      "ResponseHeaders": {
        "Content-Length": "0",
        "Date": "Wed, 13 Dec 2023 21:47:20 GMT",
        "ETag": "\u00220x8DBFC25158FFD92\u0022",
        "Last-Modified": "Wed, 13 Dec 2023 21:47:20 GMT",
        "Server": [
          "Windows-Azure-Blob/1.0",
          "Microsoft-HTTPAPI/2.0"
        ],
        "x-ms-client-request-id": "f80e387e-1bd2-4d8d-a446-8e25e83c1d26",
        "x-ms-request-id": "47e98046-401e-005f-270d-2e235a000000",
        "x-ms-request-server-encrypted": "false",
        "x-ms-snapshot": "2023-12-13T21:47:20.9964089Z",
        "x-ms-version": "2024-02-04"
      },
      "ResponseBody": null
    },
    {
      "RequestUri": "https://REDACTED/fd7b40b50getpagerangesdiff4ce203464b75f961cb8640/fd7b40b51getpagerangesdiff4ce306151dede30307364f?comp=page",
      "RequestMethod": "PUT",
      "RequestHeaders": {
        "Accept": "application/xml",
        "Authorization": "Sanitized",
        "Content-Length": "512",
        "Content-Type": "application/octet-stream",
        "Date": "Wed, 13 Dec 2023 21:47:20 GMT",
        "User-Agent": "azsdk-java-azure-storage-blob/12.26.0-beta.1 (17.0.8; Windows 11; 10.0)",
        "x-ms-client-request-id": "bca9bba9-c18b-4384-a647-4174b647d63f",
        "x-ms-page-write": "update",
        "x-ms-range": "bytes=0-511",
        "x-ms-version": "2024-02-04"
      },
      "RequestBody": "mGYf8/KEymsUet5Uy\u002BYOZ5fTVJBOaK4eqYgE4Hv3NqbuPi1/\u002BNyDgVo0RcLwm5ycsNSrwJpc6WOcyNt6u/nHGzGFBn\u002BZdgFdjaZYmEQyP4js3sm\u002BHm6pA3yLWMz\u002BAJphpyJG33IlM2avO4u43Yh08NT1ds6O6oF6X5UzewUFvSk6V8mb8vhONQdQZ6vDUF\u002Bm1Lk59bXEU17d6/Q8wHoMh/lpfj3dYmWMoJU6fXPXCx28oJDe8KJtCZQCod3XRubNlekodMqt45fKiBmqXqGTZ0C\u002B6XuxPS8rpfcuuiSA3bjlfD2fpsN\u002B55j0LAZn1CnteBybA/0NSg004Nk3NwITx2JDN5swRECGYYd7e2lyWjlgpF1Y70v5ZesknzLRzx0Vq8UIs3rrr/VAd6Gqr2MGDlmWDNEzPcuAd\u002B57lWlFrWQCdoonbkhTlZQ2KPh6UeZDppKrzovT1WAKojtPqhtPos7ACFlHw/0sgDhwVH9QnhXwMfWMTptwQNht6Z7zOQP8F61TQRT0quVsxV4YZlusKMMt9B/k\u002Bc17muU2Q9VYh4YNDfKWOEnd\u002BYLfQaVMnbsGDxlpn0u8DYUOr2lwmXSEgoI\u002BWqTs/brLMjecEkKMJsGnqP4WlfWi\u002BXQ\u002BopC4DwiOa3tSmLxgY9yuL8sYy9OxJ8WLjvBoLSdSEqONumBF83E=",
      "StatusCode": 201,
      "ResponseHeaders": {
        "Content-Length": "0",
        "Date": "Wed, 13 Dec 2023 21:47:20 GMT",
        "ETag": "\u00220x8DBFC2515B0791C\u0022",
        "Last-Modified": "Wed, 13 Dec 2023 21:47:21 GMT",
        "Server": [
          "Windows-Azure-Blob/1.0",
          "Microsoft-HTTPAPI/2.0"
        ],
        "x-ms-blob-sequence-number": "0",
        "x-ms-client-request-id": "bca9bba9-c18b-4384-a647-4174b647d63f",
        "x-ms-content-crc64": "7so4qtKSXjg=",
        "x-ms-request-id": "47e980d8-401e-005f-2f0d-2e235a000000",
        "x-ms-request-server-encrypted": "true",
        "x-ms-version": "2024-02-04"
      },
      "ResponseBody": null
    },
    {
      "RequestUri": "https://REDACTED/fd7b40b50getpagerangesdiff4ce203464b75f961cb8640/fd7b40b51getpagerangesdiff4ce306151dede30307364f?comp=page",
      "RequestMethod": "PUT",
      "RequestHeaders": {
        "Accept": "application/xml",
        "Authorization": "Sanitized",
        "Content-Length": "0",
        "Date": "Wed, 13 Dec 2023 21:47:21 GMT",
        "User-Agent": "azsdk-java-azure-storage-blob/12.26.0-beta.1 (17.0.8; Windows 11; 10.0)",
        "x-ms-client-request-id": "8e1d2729-9f0e-4909-800e-9bfd1cb83459",
        "x-ms-page-write": "clear",
        "x-ms-range": "bytes=512-1023",
        "x-ms-version": "2024-02-04"
      },
      "RequestBody": null,
      "StatusCode": 201,
      "ResponseHeaders": {
        "Content-Length": "0",
        "Date": "Wed, 13 Dec 2023 21:47:21 GMT",
        "ETag": "\u00220x8DBFC2515BF1CF4\u0022",
        "Last-Modified": "Wed, 13 Dec 2023 21:47:21 GMT",
        "Server": [
          "Windows-Azure-Blob/1.0",
          "Microsoft-HTTPAPI/2.0"
        ],
        "x-ms-blob-sequence-number": "0",
        "x-ms-client-request-id": "8e1d2729-9f0e-4909-800e-9bfd1cb83459",
        "x-ms-request-id": "47e98150-401e-005f-1b0d-2e235a000000",
        "x-ms-version": "2024-02-04"
      },
      "ResponseBody": null
    },
    {
      "RequestUri": "https://REDACTED/fd7b40b50getpagerangesdiff4ce203464b75f961cb8640/fd7b40b51getpagerangesdiff4ce306151dede30307364f?comp=pagelist\u0026prevsnapshot=2023-12-13T21%3A47%3A20.9964089Z",
      "RequestMethod": "GET",
      "RequestHeaders": {
        "Accept": "application/xml",
        "Authorization": "Sanitized",
        "Content-Length": "0",
        "Date": "Wed, 13 Dec 2023 21:47:21 GMT",
        "User-Agent": "azsdk-java-azure-storage-blob/12.26.0-beta.1 (17.0.8; Windows 11; 10.0)",
        "x-ms-client-request-id": "f527f7e8-17f3-4d72-a8e5-c6b3990a6f4a",
        "x-ms-range": "bytes=0-4194303",
        "x-ms-version": "2024-02-04"
      },
      "RequestBody": null,
      "StatusCode": 200,
      "ResponseHeaders": {
        "Access-Control-Allow-Origin": "*",
        "Access-Control-Expose-Headers": "x-ms-client-request-id",
        "Content-Type": "application/xml",
        "Date": "Wed, 13 Dec 2023 21:47:21 GMT",
        "ETag": "\u00220x8DBFC2515BF1CF4\u0022",
        "Last-Modified": "Wed, 13 Dec 2023 21:47:21 GMT",
        "Server": [
          "Windows-Azure-Blob/1.0",
          "Microsoft-HTTPAPI/2.0"
        ],
        "Transfer-Encoding": "chunked",
        "x-ms-blob-content-length": "4194304",
        "x-ms-client-request-id": "f527f7e8-17f3-4d72-a8e5-c6b3990a6f4a",
        "x-ms-request-id": "47e981d6-401e-005f-170d-2e235a000000",
        "x-ms-version": "2024-02-04"
      },
      "ResponseBody": [
        "\uFEFF\u003C?xml version=\u00221.0\u0022 encoding=\u0022utf-8\u0022?\u003E\n",
        "\u003CPageList\u003E\u003CPageRange\u003E\u003CStart\u003E0\u003C/Start\u003E\u003CEnd\u003E511\u003C/End\u003E\u003C/PageRange\u003E\u003CClearRange\u003E\u003CStart\u003E512\u003C/Start\u003E\u003CEnd\u003E1023\u003C/End\u003E\u003C/ClearRange\u003E\u003C/PageList\u003E"
      ]
    }
  ],
  "Variables": {
    "0": "fd7b40b50getpagerangesdiff4ce203464b75f961cb8640",
    "1": "fd7b40b51getpagerangesdiff4ce306151dede30307364f",
    "2": "4fb98c41-b0c1-48f8-b2c3-4f9adc9fc4ed",
    "3": "36f04078-83d8-41f2-8e8d-6cb5e945d53f"
  }
}
