{
  "Entries": [
    {
      "RequestUri": "https://REDACTED/e158f74f0uploadpagefromurldestinationaceb8122086a11ee34?restype=container",
      "RequestMethod": "PUT",
      "RequestHeaders": {
        "Accept": "application/xml",
        "Authorization": "Sanitized",
        "Content-Length": "0",
        "Date": "Wed, 13 Dec 2023 21:48:58 GMT",
        "User-Agent": "azsdk-java-azure-storage-blob/12.26.0-beta.1 (17.0.8; Windows 11; 10.0)",
        "x-ms-client-request-id": "4cd5ba9d-b9cb-4c16-afa6-252218a8267b",
        "x-ms-version": "2024-02-04"
      },
      "RequestBody": null,
      "StatusCode": 201,
      "ResponseHeaders": {
        "Content-Length": "0",
        "Date": "Wed, 13 Dec 2023 21:48:57 GMT",
        "ETag": "\u00220x8DBFC254FE85CA1\u0022",
        "Last-Modified": "Wed, 13 Dec 2023 21:48:58 GMT",
        "Server": [
          "Windows-Azure-Blob/1.0",
          "Microsoft-HTTPAPI/2.0"
        ],
        "x-ms-client-request-id": "4cd5ba9d-b9cb-4c16-afa6-252218a8267b",
        "x-ms-request-id": "1e21ad76-c01e-009a-030e-2e09bf000000",
        "x-ms-version": "2024-02-04"
      },
      "ResponseBody": null
    },
    {
      "RequestUri": "https://REDACTED/e158f74f0uploadpagefromurldestinationaceb8122086a11ee34?restype=container",
      "RequestMethod": "PUT",
      "RequestHeaders": {
        "Accept": "application/xml",
        "Authorization": "Sanitized",
        "Content-Length": "0",
        "Date": "Wed, 13 Dec 2023 21:48:58 GMT",
        "User-Agent": "azsdk-java-azure-storage-blob/12.26.0-beta.1 (17.0.8; Windows 11; 10.0)",
        "x-ms-client-request-id": "477dc992-176b-488b-a937-82b855803702",
        "x-ms-version": "2024-02-04"
      },
      "RequestBody": null,
      "StatusCode": 409,
      "ResponseHeaders": {
        "Content-Length": "230",
        "Content-Type": "application/xml",
        "Date": "Wed, 13 Dec 2023 21:48:58 GMT",
        "Server": [
          "Windows-Azure-Blob/1.0",
          "Microsoft-HTTPAPI/2.0"
        ],
        "x-ms-client-request-id": "477dc992-176b-488b-a937-82b855803702",
        "x-ms-error-code": "ContainerAlreadyExists",
        "x-ms-request-id": "260cb94e-801e-0050-4e0e-2e5536000000",
        "x-ms-version": "2024-02-04"
      },
      "ResponseBody": [
        "\uFEFF\u003C?xml version=\u00221.0\u0022 encoding=\u0022utf-8\u0022?\u003E\u003CError\u003E\u003CCode\u003EContainerAlreadyExists\u003C/Code\u003E\u003CMessage\u003EThe specified container already exists.\n",
        "RequestId:260cb94e-801e-0050-4e0e-2e5536000000\n",
        "Time:2023-12-13T21:48:58.8647371Z\u003C/Message\u003E\u003C/Error\u003E"
      ]
    },
    {
      "RequestUri": "https://REDACTED/e158f74f0uploadpagefromurldestinationaceb8122086a11ee34/e158f74f1uploadpagefromurldestinationaceb8597576023165a",
      "RequestMethod": "PUT",
      "RequestHeaders": {
        "Accept": "application/xml",
        "Authorization": "Sanitized",
        "Content-Length": "0",
        "Date": "Wed, 13 Dec 2023 21:48:58 GMT",
        "If-None-Match": "*",
        "User-Agent": "azsdk-java-azure-storage-blob/12.26.0-beta.1 (17.0.8; Windows 11; 10.0)",
        "x-ms-blob-content-length": "512",
        "x-ms-blob-type": "PageBlob",
        "x-ms-client-request-id": "2d2ad7e3-2a36-4acf-ad88-6f3e21216c2c",
        "x-ms-version": "2024-02-04"
      },
      "RequestBody": null,
      "StatusCode": 201,
      "ResponseHeaders": {
        "Content-Length": "0",
        "Date": "Wed, 13 Dec 2023 21:48:58 GMT",
        "ETag": "\u00220x8DBFC2550049D28\u0022",
        "Last-Modified": "Wed, 13 Dec 2023 21:48:58 GMT",
        "Server": [
          "Windows-Azure-Blob/1.0",
          "Microsoft-HTTPAPI/2.0"
        ],
        "x-ms-client-request-id": "2d2ad7e3-2a36-4acf-ad88-6f3e21216c2c",
        "x-ms-request-id": "260cb9ac-801e-0050-230e-2e5536000000",
        "x-ms-request-server-encrypted": "true",
        "x-ms-version": "2024-02-04"
      },
      "ResponseBody": null
    },
    {
      "RequestUri": "https://REDACTED/e158f74f0uploadpagefromurldestinationaceb8122086a11ee34/e158f74f1uploadpagefromurldestinationaceb8597576023165a?comp=tags",
      "RequestMethod": "PUT",
      "RequestHeaders": {
        "Accept": "application/xml",
        "Authorization": "Sanitized",
        "Content-Length": "111",
        "Content-Type": "application/xml",
        "Date": "Wed, 13 Dec 2023 21:48:58 GMT",
        "User-Agent": "azsdk-java-azure-storage-blob/12.26.0-beta.1 (17.0.8; Windows 11; 10.0)",
        "x-ms-client-request-id": "0394ae6d-0e4d-4c39-a124-0b197d13b507",
        "x-ms-version": "2024-02-04"
      },
      "RequestBody": "\u003C?xml version=\u00271.0\u0027 encoding=\u0027UTF-8\u0027?\u003E\u003CTags\u003E\u003CTagSet\u003E\u003CTag\u003E\u003CKey\u003Efoo\u003C/Key\u003E\u003CValue\u003Ebar\u003C/Value\u003E\u003C/Tag\u003E\u003C/TagSet\u003E\u003C/Tags\u003E",
      "StatusCode": 204,
      "ResponseHeaders": {
        "Date": "Wed, 13 Dec 2023 21:48:58 GMT",
        "Server": [
          "Windows-Azure-Blob/1.0",
          "Microsoft-HTTPAPI/2.0"
        ],
        "x-ms-client-request-id": "0394ae6d-0e4d-4c39-a124-0b197d13b507",
        "x-ms-request-id": "260cba02-801e-0050-720e-2e5536000000",
        "x-ms-version": "2024-02-04"
      },
      "ResponseBody": null
    },
    {
      "RequestUri": "https://REDACTED/e158f74f0uploadpagefromurldestinationaceb8122086a11ee34/e158f74f2uploadpagefromurldestinationaceb89668181082ed7",
      "RequestMethod": "PUT",
      "RequestHeaders": {
        "Accept": "application/xml",
        "Authorization": "Sanitized",
        "Content-Length": "0",
        "Date": "Wed, 13 Dec 2023 21:48:58 GMT",
        "If-None-Match": "*",
        "User-Agent": "azsdk-java-azure-storage-blob/12.26.0-beta.1 (17.0.8; Windows 11; 10.0)",
        "x-ms-blob-content-length": "512",
        "x-ms-blob-type": "PageBlob",
        "x-ms-client-request-id": "df20752f-dda0-4a41-9e73-ed14508eca29",
        "x-ms-version": "2024-02-04"
      },
      "RequestBody": null,
      "StatusCode": 201,
      "ResponseHeaders": {
        "Content-Length": "0",
        "Date": "Wed, 13 Dec 2023 21:48:58 GMT",
        "ETag": "\u00220x8DBFC25501FE947\u0022",
        "Last-Modified": "Wed, 13 Dec 2023 21:48:59 GMT",
        "Server": [
          "Windows-Azure-Blob/1.0",
          "Microsoft-HTTPAPI/2.0"
        ],
        "x-ms-client-request-id": "df20752f-dda0-4a41-9e73-ed14508eca29",
        "x-ms-request-id": "260cba50-801e-0050-390e-2e5536000000",
        "x-ms-request-server-encrypted": "true",
        "x-ms-version": "2024-02-04"
      },
      "ResponseBody": null
    },
    {
      "RequestUri": "https://REDACTED/e158f74f0uploadpagefromurldestinationaceb8122086a11ee34/e158f74f2uploadpagefromurldestinationaceb89668181082ed7?comp=page",
      "RequestMethod": "PUT",
      "RequestHeaders": {
        "Accept": "application/xml",
        "Authorization": "Sanitized",
        "Content-Length": "512",
        "Content-Type": "application/octet-stream",
        "Date": "Wed, 13 Dec 2023 21:48:59 GMT",
        "User-Agent": "azsdk-java-azure-storage-blob/12.26.0-beta.1 (17.0.8; Windows 11; 10.0)",
        "x-ms-client-request-id": "9b35ca74-c2dc-44cc-b64f-e96460d26361",
        "x-ms-page-write": "update",
        "x-ms-range": "bytes=0-511",
        "x-ms-version": "2024-02-04"
      },
      "RequestBody": "MUaIdq0RuZfFGDLXFYLZhUkp5avNaTs5LT0XZWLKA6jv5Pl26DnNV6/17pkN7445bU86onytlbvyhLaG1Tb0h67VaBEKv4c\u002BFFfB9eXmMlk3ejUH\u002Bf0T67wbZVpZVfX5WE9ZA7tOlv1v7YRg/x\u002BWep7gsuEuCR15IxrX5mGLezGLPzuCRBkZohFhZsgDTht8iKfyuuUFXVjPuYhg6EtZhBrtXtMTAsvfnfiSZVsGGBpULCXsT2xwev7jMWPrw/kQjGrrzztgzzmKj8ZqtrS95FEfRgSAPv11AhCtN\u002BqWlAub2EAF8U5HYqXcMRSIn3x5RG5QU/DgfJ7BcWvja6tskrd4cAUQjhBsjAhzSYn8Eo/m/hR/\u002B4I4PTR40Id3B2wZgY\u002B0hpbyT7QzlJokMhW6V2Q5PoViFzpJ6JsOSRu9rnVQFxIkJWepu2OPdjVDeyP53WJKtcjcMzKAfV\u002BN6ebOUa9CjuyDfEeBNh\u002BeRUBNOF7ox4b8NnagEDBUseZ0tANc3c6hcRqKFFSdVPe274rMcgu3VVWYk53TRKwjYteGZc9LJtSweF7HeNpSsVPbebjtRUtJSj4qQ9OXde1JLx3pESJTqAfQf6V1Bsbsi9QZCiqFBt1EXD15hBxihp8c0eMAu8FFXHj8HE\u002BMqYyqbalANDA82M6KNo7pWZQttUXjKi4=",
      "StatusCode": 201,
      "ResponseHeaders": {
        "Content-Length": "0",
        "Date": "Wed, 13 Dec 2023 21:48:58 GMT",
        "ETag": "\u00220x8DBFC25502F9E5B\u0022",
        "Last-Modified": "Wed, 13 Dec 2023 21:48:59 GMT",
        "Server": [
          "Windows-Azure-Blob/1.0",
          "Microsoft-HTTPAPI/2.0"
        ],
        "x-ms-blob-sequence-number": "0",
        "x-ms-client-request-id": "9b35ca74-c2dc-44cc-b64f-e96460d26361",
        "x-ms-content-crc64": "\u002BvI4MhXigYc=",
        "x-ms-request-id": "260cbaaf-801e-0050-0f0e-2e5536000000",
        "x-ms-request-server-encrypted": "true",
        "x-ms-version": "2024-02-04"
      },
      "ResponseBody": null
    },
    {
      "RequestUri": "https://REDACTED/e158f74f0uploadpagefromurldestinationaceb8122086a11ee34/e158f74f1uploadpagefromurldestinationaceb8597576023165a?comp=page",
      "RequestMethod": "PUT",
      "RequestHeaders": {
        "Accept": "application/xml",
        "Authorization": "Sanitized",
        "Content-Length": "0",
        "Date": "Wed, 13 Dec 2023 21:48:59 GMT",
        "User-Agent": "azsdk-java-azure-storage-blob/12.26.0-beta.1 (17.0.8; Windows 11; 10.0)",
        "x-ms-client-request-id": "263d5a78-e8de-444f-b98b-a6fdf54af5da",
        "x-ms-copy-source": "https://REDACTED/e158f74f0uploadpagefromurldestinationaceb8122086a11ee34/e158f74f2uploadpagefromurldestinationaceb89668181082ed7?sv=2024-02-04\u0026se=2023-12-14T21%3A48%3A59Z\u0026sr=b\u0026sp=rt\u0026REDACTED",
        "x-ms-if-tags": "\u0022foo\u0022 = \u0027bar\u0027",
        "x-ms-page-write": "update",
        "x-ms-range": "bytes=0-511",
        "x-ms-source-range": "bytes=0-511",
        "x-ms-version": "2024-02-04"
      },
      "RequestBody": null,
      "StatusCode": 201,
      "ResponseHeaders": {
        "Content-Length": "0",
        "Date": "Wed, 13 Dec 2023 21:48:58 GMT",
        "ETag": "\u00220x8DBFC25504100E7\u0022",
        "Last-Modified": "Wed, 13 Dec 2023 21:48:59 GMT",
        "Server": [
          "Windows-Azure-Blob/1.0",
          "Microsoft-HTTPAPI/2.0"
        ],
        "x-ms-blob-sequence-number": "0",
        "x-ms-client-request-id": "263d5a78-e8de-444f-b98b-a6fdf54af5da",
        "x-ms-content-crc64": "\u002BvI4MhXigYc=",
        "x-ms-request-id": "260cbb07-801e-0050-630e-2e5536000000",
        "x-ms-request-server-encrypted": "true",
        "x-ms-version": "2024-02-04"
      },
      "ResponseBody": null
    }
  ],
  "Variables": {
    "0": "e158f74f0uploadpagefromurldestinationaceb8122086a11ee34",
    "1": "e158f74f1uploadpagefromurldestinationaceb8597576023165a",
    "2": "e158f74f2uploadpagefromurldestinationaceb89668181082ed7",
    "3": "ca7fd1ff-c562-4049-8e95-85a026846a19",
    "4": "2023-12-13T21:48:59.163474500Z"
  }
}
