{
  "Entries": [
    {
      "RequestUri": "https://REDACTED/4a2513160getpagerangesdiffac1f5336559f73fb7117fd4?restype=container",
      "RequestMethod": "PUT",
      "RequestHeaders": {
        "Accept": "application/xml",
        "Authorization": "Sanitized",
        "Content-Length": "0",
        "Date": "Mon, 04 Dec 2023 20:55:34 GMT",
        "User-Agent": "azsdk-java-azure-storage-blob/12.26.0-beta.1 (17.0.8; Windows 11; 10.0)",
        "x-ms-client-request-id": "b0437527-bb39-4d68-b727-b08042d9b2d2",
        "x-ms-version": "2024-02-04"
      },
      "RequestBody": null,
      "StatusCode": 201,
      "ResponseHeaders": {
        "Content-Length": "0",
        "Date": "Mon, 04 Dec 2023 20:55:34 GMT",
        "ETag": "\u00220x8DBF50B5C929C9B\u0022",
        "Last-Modified": "Mon, 04 Dec 2023 20:55:34 GMT",
        "Server": [
          "Windows-Azure-Blob/1.0",
          "Microsoft-HTTPAPI/2.0"
        ],
        "x-ms-client-request-id": "b0437527-bb39-4d68-b727-b08042d9b2d2",
        "x-ms-request-id": "ca8daf5b-201e-0090-70f4-26abec000000",
        "x-ms-version": "2024-02-04"
      },
      "ResponseBody": null
    },
    {
      "RequestUri": "https://REDACTED/4a2513160getpagerangesdiffac1f5336559f73fb7117fd4?restype=container",
      "RequestMethod": "PUT",
      "RequestHeaders": {
        "Accept": "application/xml",
        "Authorization": "Sanitized",
        "Content-Length": "0",
        "Date": "Mon, 04 Dec 2023 20:55:34 GMT",
        "User-Agent": "azsdk-java-azure-storage-blob/12.26.0-beta.1 (17.0.8; Windows 11; 10.0)",
        "x-ms-client-request-id": "0689a0f0-5f09-47e4-a116-76c2a91dd485",
        "x-ms-version": "2024-02-04"
      },
      "RequestBody": null,
      "StatusCode": 409,
      "ResponseHeaders": {
        "Content-Length": "230",
        "Content-Type": "application/xml",
        "Date": "Mon, 04 Dec 2023 20:55:34 GMT",
        "Server": [
          "Windows-Azure-Blob/1.0",
          "Microsoft-HTTPAPI/2.0"
        ],
        "x-ms-client-request-id": "0689a0f0-5f09-47e4-a116-76c2a91dd485",
        "x-ms-error-code": "ContainerAlreadyExists",
        "x-ms-request-id": "1f9ebe54-c01e-007c-7ef4-26bf7d000000",
        "x-ms-version": "2024-02-04"
      },
      "ResponseBody": [
        "\uFEFF\u003C?xml version=\u00221.0\u0022 encoding=\u0022utf-8\u0022?\u003E\u003CError\u003E\u003CCode\u003EContainerAlreadyExists\u003C/Code\u003E\u003CMessage\u003EThe specified container already exists.\n",
        "RequestId:1f9ebe54-c01e-007c-7ef4-26bf7d000000\n",
        "Time:2023-12-04T20:55:35.0411662Z\u003C/Message\u003E\u003C/Error\u003E"
      ]
    },
    {
      "RequestUri": "https://REDACTED/4a2513160getpagerangesdiffac1f5336559f73fb7117fd4/4a2513161getpagerangesdiffac1f539824025520fbb0da4",
      "RequestMethod": "PUT",
      "RequestHeaders": {
        "Accept": "application/xml",
        "Authorization": "Sanitized",
        "Content-Length": "0",
        "Date": "Mon, 04 Dec 2023 20:55:34 GMT",
        "If-None-Match": "*",
        "User-Agent": "azsdk-java-azure-storage-blob/12.26.0-beta.1 (17.0.8; Windows 11; 10.0)",
        "x-ms-blob-content-length": "512",
        "x-ms-blob-type": "PageBlob",
        "x-ms-client-request-id": "e35e3eff-1e11-4fe6-b04b-b1feb6b26523",
        "x-ms-version": "2024-02-04"
      },
      "RequestBody": null,
      "StatusCode": 201,
      "ResponseHeaders": {
        "Content-Length": "0",
        "Date": "Mon, 04 Dec 2023 20:55:34 GMT",
        "ETag": "\u00220x8DBF50B5CA964C5\u0022",
        "Last-Modified": "Mon, 04 Dec 2023 20:55:35 GMT",
        "Server": [
          "Windows-Azure-Blob/1.0",
          "Microsoft-HTTPAPI/2.0"
        ],
        "x-ms-client-request-id": "e35e3eff-1e11-4fe6-b04b-b1feb6b26523",
        "x-ms-request-id": "1f9ebef9-c01e-007c-1bf4-26bf7d000000",
        "x-ms-request-server-encrypted": "true",
        "x-ms-version": "2024-02-04",
        "x-ms-version-id": "2023-12-04T20:55:35.1107781Z"
      },
      "ResponseBody": null
    },
    {
      "RequestUri": "https://REDACTED/4a2513160getpagerangesdiffac1f5336559f73fb7117fd4/4a2513161getpagerangesdiffac1f539824025520fbb0da4?comp=tags",
      "RequestMethod": "PUT",
      "RequestHeaders": {
        "Accept": "application/xml",
        "Authorization": "Sanitized",
        "Content-Length": "111",
        "Content-Type": "application/xml",
        "Date": "Mon, 04 Dec 2023 20:55:34 GMT",
        "User-Agent": "azsdk-java-azure-storage-blob/12.26.0-beta.1 (17.0.8; Windows 11; 10.0)",
        "x-ms-client-request-id": "0dcb317c-da67-4506-ae97-f7f245e0e1c7",
        "x-ms-version": "2024-02-04"
      },
      "RequestBody": "\u003C?xml version=\u00271.0\u0027 encoding=\u0027UTF-8\u0027?\u003E\u003CTags\u003E\u003CTagSet\u003E\u003CTag\u003E\u003CKey\u003Efoo\u003C/Key\u003E\u003CValue\u003Ebar\u003C/Value\u003E\u003C/Tag\u003E\u003C/TagSet\u003E\u003C/Tags\u003E",
      "StatusCode": 204,
      "ResponseHeaders": {
        "Date": "Mon, 04 Dec 2023 20:55:34 GMT",
        "Server": [
          "Windows-Azure-Blob/1.0",
          "Microsoft-HTTPAPI/2.0"
        ],
        "x-ms-client-request-id": "0dcb317c-da67-4506-ae97-f7f245e0e1c7",
        "x-ms-request-id": "1f9ebfab-c01e-007c-48f4-26bf7d000000",
        "x-ms-version": "2024-02-04"
      },
      "ResponseBody": null
    },
    {
      "RequestUri": "https://REDACTED/4a2513160getpagerangesdiffac1f5336559f73fb7117fd4/4a2513161getpagerangesdiffac1f539824025520fbb0da4?comp=snapshot",
      "RequestMethod": "PUT",
      "RequestHeaders": {
        "Accept": "application/xml",
        "Authorization": "Sanitized",
        "Content-Length": "0",
        "Date": "Mon, 04 Dec 2023 20:55:34 GMT",
        "User-Agent": "azsdk-java-azure-storage-blob/12.26.0-beta.1 (17.0.8; Windows 11; 10.0)",
        "x-ms-client-request-id": "4652a75e-ad3a-4f62-a916-e57edcf31baa",
        "x-ms-version": "2024-02-04"
      },
      "RequestBody": null,
      "StatusCode": 201,
      "ResponseHeaders": {
        "Content-Length": "0",
        "Date": "Mon, 04 Dec 2023 20:55:34 GMT",
        "ETag": "\u00220x8DBF50B5CA964C5\u0022",
        "Last-Modified": "Mon, 04 Dec 2023 20:55:35 GMT",
        "Server": [
          "Windows-Azure-Blob/1.0",
          "Microsoft-HTTPAPI/2.0"
        ],
        "x-ms-client-request-id": "4652a75e-ad3a-4f62-a916-e57edcf31baa",
        "x-ms-request-id": "1f9ec034-c01e-007c-46f4-26bf7d000000",
        "x-ms-request-server-encrypted": "false",
        "x-ms-snapshot": "2023-12-04T20:55:35.2596943Z",
        "x-ms-version": "2024-02-04",
        "x-ms-version-id": "2023-12-04T20:55:35.2606943Z"
      },
      "ResponseBody": null
    },
    {
      "RequestUri": "https://REDACTED/4a2513160getpagerangesdiffac1f5336559f73fb7117fd4/4a2513161getpagerangesdiffac1f539824025520fbb0da4?comp=pagelist\u0026prevsnapshot=2023-12-04T20%3A55%3A35.2596943Z",
      "RequestMethod": "GET",
      "RequestHeaders": {
        "Accept": "application/xml",
        "Authorization": "Sanitized",
        "Content-Length": "0",
        "Date": "Mon, 04 Dec 2023 20:55:34 GMT",
        "User-Agent": "azsdk-java-azure-storage-blob/12.26.0-beta.1 (17.0.8; Windows 11; 10.0)",
        "x-ms-client-request-id": "016d6f9f-501b-446a-9e22-5b00852c076b",
        "x-ms-range": "bytes=0-511",
        "x-ms-version": "2024-02-04"
      },
      "RequestBody": null,
      "StatusCode": 200,
      "ResponseHeaders": {
        "Access-Control-Allow-Origin": "*",
        "Access-Control-Expose-Headers": "x-ms-client-request-id",
        "Content-Type": "application/xml",
        "Date": "Mon, 04 Dec 2023 20:55:34 GMT",
        "ETag": "\u00220x8DBF50B5CA964C5\u0022",
        "Last-Modified": "Mon, 04 Dec 2023 20:55:35 GMT",
        "Server": [
          "Windows-Azure-Blob/1.0",
          "Microsoft-HTTPAPI/2.0"
        ],
        "Transfer-Encoding": "chunked",
        "x-ms-blob-content-length": "512",
        "x-ms-client-request-id": "016d6f9f-501b-446a-9e22-5b00852c076b",
        "x-ms-request-id": "1f9ec0b9-c01e-007c-44f4-26bf7d000000",
        "x-ms-version": "2024-02-04"
      },
      "ResponseBody": [
        "\uFEFF\u003C?xml version=\u00221.0\u0022 encoding=\u0022utf-8\u0022?\u003E\n",
        "\u003CPageList/\u003E"
      ]
    }
  ],
  "Variables": {
    "0": "4a2513160getpagerangesdiffac1f5336559f73fb7117fd4",
    "1": "4a2513161getpagerangesdiffac1f539824025520fbb0da4"
  }
}
