{
  "Entries": [
    {
      "RequestUri": "https://REDACTED/53d286b60sequencenumber0e728304da951c4cfed5405d?restype=container",
      "RequestMethod": "PUT",
      "RequestHeaders": {
        "Accept": "application/xml",
        "Authorization": "Sanitized",
        "Content-Length": "0",
        "Date": "Thu, 28 Sep 2023 18:36:55 GMT",
        "User-Agent": "azsdk-java-azure-storage-blob/12.25.0-beta.1 (11.0.16.1; Windows 11; 10.0)",
        "x-ms-client-request-id": "ea78c6ed-8212-4112-83af-9411fe40c321",
        "x-ms-version": "2023-08-03"
      },
      "RequestBody": null,
      "StatusCode": 201,
      "ResponseHeaders": {
        "Content-Length": "0",
        "Date": "Thu, 28 Sep 2023 18:36:54 GMT",
        "ETag": "\u00220x8DBC051E3EFB8B9\u0022",
        "Last-Modified": "Thu, 28 Sep 2023 18:36:55 GMT",
        "Server": [
          "Windows-Azure-Blob/1.0",
          "Microsoft-HTTPAPI/2.0"
        ],
        "x-ms-client-request-id": "ea78c6ed-8212-4112-83af-9411fe40c321",
        "x-ms-request-id": "125947e8-001e-0011-1f3a-f20b36000000",
        "x-ms-version": "2023-08-03"
      },
      "ResponseBody": null
    },
    {
      "RequestUri": "https://REDACTED/53d286b60sequencenumber0e728304da951c4cfed5405d/53d286b61sequencenumber0e74396877a0b0625f0d4b2a",
      "RequestMethod": "PUT",
      "RequestHeaders": {
        "Accept": "application/xml",
        "Authorization": "Sanitized",
        "Content-Length": "0",
        "Date": "Thu, 28 Sep 2023 18:36:55 GMT",
        "If-None-Match": "*",
        "User-Agent": "azsdk-java-azure-storage-blob/12.25.0-beta.1 (11.0.16.1; Windows 11; 10.0)",
        "x-ms-blob-content-length": "512",
        "x-ms-blob-type": "PageBlob",
        "x-ms-client-request-id": "85884c45-1a14-48fa-86af-e73ea7c3fa16",
        "x-ms-version": "2023-08-03"
      },
      "RequestBody": null,
      "StatusCode": 201,
      "ResponseHeaders": {
        "Content-Length": "0",
        "Date": "Thu, 28 Sep 2023 18:36:54 GMT",
        "ETag": "\u00220x8DBC051E4004CDE\u0022",
        "Last-Modified": "Thu, 28 Sep 2023 18:36:55 GMT",
        "Server": [
          "Windows-Azure-Blob/1.0",
          "Microsoft-HTTPAPI/2.0"
        ],
        "x-ms-client-request-id": "85884c45-1a14-48fa-86af-e73ea7c3fa16",
        "x-ms-request-id": "12594844-001e-0011-723a-f20b36000000",
        "x-ms-request-server-encrypted": "true",
        "x-ms-version": "2023-08-03"
      },
      "ResponseBody": null
    },
    {
      "RequestUri": "https://REDACTED/53d286b60sequencenumber0e728304da951c4cfed5405d/53d286b61sequencenumber0e74396877a0b0625f0d4b2a?comp=properties",
      "RequestMethod": "PUT",
      "RequestHeaders": {
        "Accept": "application/xml",
        "Authorization": "Sanitized",
        "Content-Length": "0",
        "Date": "Thu, 28 Sep 2023 18:36:55 GMT",
        "User-Agent": "azsdk-java-azure-storage-blob/12.25.0-beta.1 (11.0.16.1; Windows 11; 10.0)",
        "x-ms-blob-sequence-number": "5",
        "x-ms-client-request-id": "2a6ebea9-cf07-4ec8-a6d2-6bcd1d0b74a9",
        "x-ms-sequence-number-action": "update",
        "x-ms-version": "2023-08-03"
      },
      "RequestBody": null,
      "StatusCode": 200,
      "ResponseHeaders": {
        "Content-Length": "0",
        "Date": "Thu, 28 Sep 2023 18:36:54 GMT",
        "ETag": "\u00220x8DBC051E40EC9A2\u0022",
        "Last-Modified": "Thu, 28 Sep 2023 18:36:55 GMT",
        "Server": [
          "Windows-Azure-Blob/1.0",
          "Microsoft-HTTPAPI/2.0"
        ],
        "x-ms-blob-sequence-number": "5",
        "x-ms-client-request-id": "2a6ebea9-cf07-4ec8-a6d2-6bcd1d0b74a9",
        "x-ms-request-id": "1259489b-001e-0011-403a-f20b36000000",
        "x-ms-version": "2023-08-03"
      },
      "ResponseBody": null
    },
    {
      "RequestUri": "https://REDACTED/53d286b60sequencenumber0e728304da951c4cfed5405d/53d286b61sequencenumber0e74396877a0b0625f0d4b2a",
      "RequestMethod": "HEAD",
      "RequestHeaders": {
        "Accept": "application/xml",
        "Authorization": "Sanitized",
        "Content-Length": "0",
        "Date": "Thu, 28 Sep 2023 18:36:55 GMT",
        "User-Agent": "azsdk-java-azure-storage-blob/12.25.0-beta.1 (11.0.16.1; Windows 11; 10.0)",
        "x-ms-client-request-id": "16111605-49b7-4eda-bb6d-8d7fb77eea82",
        "x-ms-version": "2023-08-03"
      },
      "RequestBody": null,
      "StatusCode": 200,
      "ResponseHeaders": {
        "Accept-Ranges": "bytes",
        "Content-Length": "512",
        "Content-Type": "application/octet-stream",
        "Date": "Thu, 28 Sep 2023 18:36:54 GMT",
        "ETag": "\u00220x8DBC051E40EC9A2\u0022",
        "Last-Modified": "Thu, 28 Sep 2023 18:36:55 GMT",
        "Server": [
          "Windows-Azure-Blob/1.0",
          "Microsoft-HTTPAPI/2.0"
        ],
        "x-ms-blob-sequence-number": "5",
        "x-ms-blob-type": "PageBlob",
        "x-ms-client-request-id": "16111605-49b7-4eda-bb6d-8d7fb77eea82",
        "x-ms-creation-time": "Thu, 28 Sep 2023 18:36:55 GMT",
        "x-ms-lease-state": "available",
        "x-ms-lease-status": "unlocked",
        "x-ms-request-id": "125948f6-001e-0011-0c3a-f20b36000000",
        "x-ms-server-encrypted": "true",
        "x-ms-version": "2023-08-03"
      },
      "ResponseBody": null
    }
  ],
  "Variables": {
    "0": "53d286b60sequencenumber0e728304da951c4cfed5405d",
    "1": "53d286b61sequencenumber0e74396877a0b0625f0d4b2a"
  }
}
