{
  "Entries": [
    {
      "RequestUri": "https://REDACTED/9fc33e200getpagerangesac4400343257b21dd5add8469?restype=container",
      "RequestMethod": "PUT",
      "RequestHeaders": {
        "Accept": "application/xml",
        "Authorization": "Sanitized",
        "Content-Length": "0",
        "Date": "Thu, 12 Oct 2023 14:29:25 GMT",
        "User-Agent": "azsdk-java-azure-storage-blob/12.25.0-beta.1 (17.0.8.1; Windows 11; 10.0)",
        "x-ms-client-request-id": "1b050a74-477f-4260-85d1-65cd3e777a7b",
        "x-ms-version": "2023-08-03"
      },
      "RequestBody": null,
      "StatusCode": 201,
      "ResponseHeaders": {
        "Content-Length": "0",
        "Date": "Thu, 12 Oct 2023 14:29:25 GMT",
        "ETag": "\u00220x8DBCB2FA2BBDD0E\u0022",
        "Last-Modified": "Thu, 12 Oct 2023 14:29:25 GMT",
        "Server": [
          "Windows-Azure-Blob/1.0",
          "Microsoft-HTTPAPI/2.0"
        ],
        "x-ms-client-request-id": "1b050a74-477f-4260-85d1-65cd3e777a7b",
        "x-ms-request-id": "284a9fc7-e01e-000c-5718-fd5db9000000",
        "x-ms-version": "2023-08-03"
      },
      "ResponseBody": null
    },
    {
      "RequestUri": "https://REDACTED/9fc33e200getpagerangesac4400343257b21dd5add8469/9fc33e201getpagerangesac44070204b8294836ad4240b",
      "RequestMethod": "PUT",
      "RequestHeaders": {
        "Accept": "application/xml",
        "Authorization": "Sanitized",
        "Content-Length": "0",
        "Date": "Thu, 12 Oct 2023 14:29:25 GMT",
        "If-None-Match": "*",
        "User-Agent": "azsdk-java-azure-storage-blob/12.25.0-beta.1 (17.0.8.1; Windows 11; 10.0)",
        "x-ms-blob-content-length": "512",
        "x-ms-blob-type": "PageBlob",
        "x-ms-client-request-id": "cd6384ee-3ac4-44d4-bade-a8d10f3fb2e1",
        "x-ms-version": "2023-08-03"
      },
      "RequestBody": null,
      "StatusCode": 201,
      "ResponseHeaders": {
        "Content-Length": "0",
        "Date": "Thu, 12 Oct 2023 14:29:25 GMT",
        "ETag": "\u00220x8DBCB2FA2C007A0\u0022",
        "Last-Modified": "Thu, 12 Oct 2023 14:29:25 GMT",
        "Server": [
          "Windows-Azure-Blob/1.0",
          "Microsoft-HTTPAPI/2.0"
        ],
        "x-ms-client-request-id": "cd6384ee-3ac4-44d4-bade-a8d10f3fb2e1",
        "x-ms-request-id": "284a9fe7-e01e-000c-7418-fd5db9000000",
        "x-ms-request-server-encrypted": "true",
        "x-ms-version": "2023-08-03"
      },
      "ResponseBody": null
    },
    {
      "RequestUri": "https://REDACTED/9fc33e200getpagerangesac4400343257b21dd5add8469/9fc33e201getpagerangesac44070204b8294836ad4240b?comp=tags",
      "RequestMethod": "PUT",
      "RequestHeaders": {
        "Accept": "application/xml",
        "Authorization": "Sanitized",
        "Content-Length": "111",
        "Content-Type": "application/xml",
        "Date": "Thu, 12 Oct 2023 14:29:25 GMT",
        "User-Agent": "azsdk-java-azure-storage-blob/12.25.0-beta.1 (17.0.8.1; Windows 11; 10.0)",
        "x-ms-client-request-id": "7d3932e6-5509-4e33-a93b-52ab1da51a4a",
        "x-ms-version": "2023-08-03"
      },
      "RequestBody": "\u003C?xml version=\u00271.0\u0027 encoding=\u0027UTF-8\u0027?\u003E\u003CTags\u003E\u003CTagSet\u003E\u003CTag\u003E\u003CKey\u003Efoo\u003C/Key\u003E\u003CValue\u003Ebar\u003C/Value\u003E\u003C/Tag\u003E\u003C/TagSet\u003E\u003C/Tags\u003E",
      "StatusCode": 204,
      "ResponseHeaders": {
        "Date": "Thu, 12 Oct 2023 14:29:25 GMT",
        "Server": [
          "Windows-Azure-Blob/1.0",
          "Microsoft-HTTPAPI/2.0"
        ],
        "x-ms-client-request-id": "7d3932e6-5509-4e33-a93b-52ab1da51a4a",
        "x-ms-request-id": "284aa011-e01e-000c-1618-fd5db9000000",
        "x-ms-version": "2023-08-03"
      },
      "ResponseBody": null
    },
    {
      "RequestUri": "https://REDACTED/9fc33e200getpagerangesac4400343257b21dd5add8469/9fc33e201getpagerangesac44070204b8294836ad4240b?comp=pagelist",
      "RequestMethod": "GET",
      "RequestHeaders": {
        "Accept": "application/xml",
        "Authorization": "Sanitized",
        "Content-Length": "0",
        "Date": "Thu, 12 Oct 2023 14:29:25 GMT",
        "User-Agent": "azsdk-java-azure-storage-blob/12.25.0-beta.1 (17.0.8.1; Windows 11; 10.0)",
        "x-ms-client-request-id": "c1aabaa2-f186-4fe3-a5d5-df3505e40e85",
        "x-ms-range": "bytes=0-511",
        "x-ms-version": "2023-08-03"
      },
      "RequestBody": null,
      "StatusCode": 200,
      "ResponseHeaders": {
        "Access-Control-Allow-Origin": "*",
        "Access-Control-Expose-Headers": "x-ms-client-request-id",
        "Content-Type": "application/xml",
        "Date": "Thu, 12 Oct 2023 14:29:25 GMT",
        "ETag": "\u00220x8DBCB2FA2C007A0\u0022",
        "Last-Modified": "Thu, 12 Oct 2023 14:29:25 GMT",
        "Server": [
          "Windows-Azure-Blob/1.0",
          "Microsoft-HTTPAPI/2.0"
        ],
        "Transfer-Encoding": "chunked",
        "x-ms-blob-content-length": "512",
        "x-ms-client-request-id": "c1aabaa2-f186-4fe3-a5d5-df3505e40e85",
        "x-ms-request-id": "284aa037-e01e-000c-3618-fd5db9000000",
        "x-ms-version": "2023-08-03"
      },
      "ResponseBody": [
        "\uFEFF\u003C?xml version=\u00221.0\u0022 encoding=\u0022utf-8\u0022?\u003E\n",
        "\u003CPageList/\u003E"
      ]
    }
  ],
  "Variables": {
    "0": "9fc33e200getpagerangesac4400343257b21dd5add8469",
    "1": "9fc33e201getpagerangesac44070204b8294836ad4240b"
  }
}
