{
  "Entries": [
    {
      "RequestUri": "https://REDACTED/710aa1080startincrementalcopy636175710845ba6a68c04?restype=container",
      "RequestMethod": "PUT",
      "RequestHeaders": {
        "Accept": "application/xml",
        "Authorization": "Sanitized",
        "Content-Length": "0",
        "Date": "Mon, 11 Dec 2023 19:12:09 GMT",
        "User-Agent": "azsdk-java-azure-storage-blob/12.26.0-beta.1 (17.0.8; Windows 11; 10.0)",
        "x-ms-client-request-id": "834ef91f-abee-4f69-b983-8bcac9808cc3",
        "x-ms-version": "2024-02-04"
      },
      "RequestBody": null,
      "StatusCode": 201,
      "ResponseHeaders": {
        "Content-Length": "0",
        "Date": "Mon, 11 Dec 2023 19:12:11 GMT",
        "ETag": "\u00220x8DBFA7D14C425CD\u0022",
        "Last-Modified": "Mon, 11 Dec 2023 19:12:12 GMT",
        "Server": [
          "Windows-Azure-Blob/1.0",
          "Microsoft-HTTPAPI/2.0"
        ],
        "x-ms-client-request-id": "834ef91f-abee-4f69-b983-8bcac9808cc3",
        "x-ms-request-id": "20ed4316-f01e-0007-2965-2cfb05000000",
        "x-ms-version": "2024-02-04"
      },
      "ResponseBody": null
    },
    {
      "RequestUri": "https://REDACTED/710aa1080startincrementalcopy636175710845ba6a68c04?restype=container",
      "RequestMethod": "PUT",
      "RequestHeaders": {
        "Accept": "application/xml",
        "Authorization": "Sanitized",
        "Content-Length": "0",
        "Date": "Mon, 11 Dec 2023 19:12:09 GMT",
        "User-Agent": "azsdk-java-azure-storage-blob/12.26.0-beta.1 (17.0.8; Windows 11; 10.0)",
        "x-ms-client-request-id": "ffebb51e-60a3-4146-bf90-5260d739b3b9",
        "x-ms-version": "2024-02-04"
      },
      "RequestBody": null,
      "StatusCode": 409,
      "ResponseHeaders": {
        "Content-Length": "230",
        "Content-Type": "application/xml",
        "Date": "Mon, 11 Dec 2023 19:12:12 GMT",
        "Server": [
          "Windows-Azure-Blob/1.0",
          "Microsoft-HTTPAPI/2.0"
        ],
        "x-ms-client-request-id": "ffebb51e-60a3-4146-bf90-5260d739b3b9",
        "x-ms-error-code": "ContainerAlreadyExists",
        "x-ms-request-id": "20ed437f-f01e-0007-0a65-2cfb05000000",
        "x-ms-version": "2024-02-04"
      },
      "ResponseBody": [
        "\uFEFF\u003C?xml version=\u00221.0\u0022 encoding=\u0022utf-8\u0022?\u003E\u003CError\u003E\u003CCode\u003EContainerAlreadyExists\u003C/Code\u003E\u003CMessage\u003EThe specified container already exists.\n",
        "RequestId:20ed437f-f01e-0007-0a65-2cfb05000000\n",
        "Time:2023-12-11T19:12:13.0291660Z\u003C/Message\u003E\u003C/Error\u003E"
      ]
    },
    {
      "RequestUri": "https://REDACTED/710aa1080startincrementalcopy636175710845ba6a68c04/710aa1081startincrementalcopy63688157a8a60af2a5444",
      "RequestMethod": "PUT",
      "RequestHeaders": {
        "Accept": "application/xml",
        "Authorization": "Sanitized",
        "Content-Length": "0",
        "Date": "Mon, 11 Dec 2023 19:12:09 GMT",
        "If-None-Match": "*",
        "User-Agent": "azsdk-java-azure-storage-blob/12.26.0-beta.1 (17.0.8; Windows 11; 10.0)",
        "x-ms-blob-content-length": "512",
        "x-ms-blob-type": "PageBlob",
        "x-ms-client-request-id": "6572b9d4-9a1a-41cd-a80a-7a5e6374e09a",
        "x-ms-version": "2024-02-04"
      },
      "RequestBody": null,
      "StatusCode": 201,
      "ResponseHeaders": {
        "Content-Length": "0",
        "Date": "Mon, 11 Dec 2023 19:12:12 GMT",
        "ETag": "\u00220x8DBFA7D14E05658\u0022",
        "Last-Modified": "Mon, 11 Dec 2023 19:12:13 GMT",
        "Server": [
          "Windows-Azure-Blob/1.0",
          "Microsoft-HTTPAPI/2.0"
        ],
        "x-ms-client-request-id": "6572b9d4-9a1a-41cd-a80a-7a5e6374e09a",
        "x-ms-request-id": "20ed43e6-f01e-0007-6465-2cfb05000000",
        "x-ms-request-server-encrypted": "true",
        "x-ms-version": "2024-02-04"
      },
      "ResponseBody": null
    },
    {
      "RequestUri": "https://REDACTED/710aa1080startincrementalcopy636175710845ba6a68c04?restype=container\u0026comp=acl",
      "RequestMethod": "PUT",
      "RequestHeaders": {
        "Accept": "application/xml",
        "Authorization": "Sanitized",
        "Content-Length": "58",
        "Content-Type": "application/xml",
        "Date": "Mon, 11 Dec 2023 19:12:09 GMT",
        "User-Agent": "azsdk-java-azure-storage-blob/12.26.0-beta.1 (17.0.8; Windows 11; 10.0)",
        "x-ms-blob-public-access": "blob",
        "x-ms-client-request-id": "7cbd34f9-f111-4d76-95d7-a834bf835522",
        "x-ms-version": "2024-02-04"
      },
      "RequestBody": "\u003C?xml version=\u00271.0\u0027 encoding=\u0027UTF-8\u0027?\u003E\u003CSignedIdentifiers/\u003E",
      "StatusCode": 200,
      "ResponseHeaders": {
        "Content-Length": "0",
        "Date": "Mon, 11 Dec 2023 19:12:12 GMT",
        "ETag": "\u00220x8DBFA7D14EDF763\u0022",
        "Last-Modified": "Mon, 11 Dec 2023 19:12:13 GMT",
        "Server": [
          "Windows-Azure-Blob/1.0",
          "Microsoft-HTTPAPI/2.0"
        ],
        "x-ms-client-request-id": "7cbd34f9-f111-4d76-95d7-a834bf835522",
        "x-ms-request-id": "3cbff1ed-701e-009f-2065-2cdb64000000",
        "x-ms-version": "2024-02-04"
      },
      "ResponseBody": null
    },
    {
      "RequestUri": "https://REDACTED/710aa1080startincrementalcopy636175710845ba6a68c04/710aa1081startincrementalcopy63688157a8a60af2a5444?comp=snapshot",
      "RequestMethod": "PUT",
      "RequestHeaders": {
        "Accept": "application/xml",
        "Authorization": "Sanitized",
        "Content-Length": "0",
        "Date": "Mon, 11 Dec 2023 19:12:09 GMT",
        "User-Agent": "azsdk-java-azure-storage-blob/12.26.0-beta.1 (17.0.8; Windows 11; 10.0)",
        "x-ms-client-request-id": "34789d64-d992-4a6e-8212-ed9fdadb1404",
        "x-ms-version": "2024-02-04"
      },
      "RequestBody": null,
      "StatusCode": 201,
      "ResponseHeaders": {
        "Content-Length": "0",
        "Date": "Mon, 11 Dec 2023 19:12:12 GMT",
        "ETag": "\u00220x8DBFA7D14E05658\u0022",
        "Last-Modified": "Mon, 11 Dec 2023 19:12:13 GMT",
        "Server": [
          "Windows-Azure-Blob/1.0",
          "Microsoft-HTTPAPI/2.0"
        ],
        "x-ms-client-request-id": "34789d64-d992-4a6e-8212-ed9fdadb1404",
        "x-ms-request-id": "3cbff269-701e-009f-1265-2cdb64000000",
        "x-ms-request-server-encrypted": "false",
        "x-ms-snapshot": "2023-12-11T19:12:13.2928637Z",
        "x-ms-version": "2024-02-04"
      },
      "ResponseBody": null
    },
    {
      "RequestUri": "https://REDACTED/710aa1080startincrementalcopy636175710845ba6a68c04/710aa1082startincrementalcopy63671086e45f2309cd324?comp=incrementalcopy",
      "RequestMethod": "PUT",
      "RequestHeaders": {
        "Accept": "application/xml",
        "Authorization": "Sanitized",
        "Content-Length": "0",
        "Date": "Mon, 11 Dec 2023 19:12:09 GMT",
        "User-Agent": "azsdk-java-azure-storage-blob/12.26.0-beta.1 (17.0.8; Windows 11; 10.0)",
        "x-ms-client-request-id": "63ea2e3c-c0cc-4985-84ae-7571018a5a82",
        "x-ms-copy-source": "https://REDACTED/710aa1080startincrementalcopy636175710845ba6a68c04/710aa1081startincrementalcopy63688157a8a60af2a5444?snapshot=2023-12-11T19:12:13.2928637Z",
        "x-ms-version": "2024-02-04"
      },
      "RequestBody": null,
      "StatusCode": 202,
      "ResponseHeaders": {
        "Content-Length": "0",
        "Date": "Mon, 11 Dec 2023 19:12:12 GMT",
        "ETag": "\u00220x8DBFA7D15123486\u0022",
        "Last-Modified": "Mon, 11 Dec 2023 19:12:13 GMT",
        "Server": [
          "Windows-Azure-Blob/1.0",
          "Microsoft-HTTPAPI/2.0"
        ],
        "x-ms-client-request-id": "63ea2e3c-c0cc-4985-84ae-7571018a5a82",
        "x-ms-copy-id": "7467a431-1cc8-4861-8bf5-81480967c805",
        "x-ms-copy-status": "pending",
        "x-ms-request-id": "3cbff337-701e-009f-5565-2cdb64000000",
        "x-ms-version": "2024-02-04"
      },
      "ResponseBody": null
    },
    {
      "RequestUri": "https://REDACTED/710aa1080startincrementalcopy636175710845ba6a68c04/710aa1082startincrementalcopy63671086e45f2309cd324",
      "RequestMethod": "HEAD",
      "RequestHeaders": {
        "Accept": "application/xml",
        "Authorization": "Sanitized",
        "Content-Length": "0",
        "Date": "Mon, 11 Dec 2023 19:12:09 GMT",
        "User-Agent": "azsdk-java-azure-storage-blob/12.26.0-beta.1 (17.0.8; Windows 11; 10.0)",
        "x-ms-client-request-id": "9e3a6219-fe69-4bbb-91b1-b09f9637cea8",
        "x-ms-version": "2024-02-04"
      },
      "RequestBody": null,
      "StatusCode": 200,
      "ResponseHeaders": {
        "Accept-Ranges": "bytes",
        "Access-Control-Allow-Origin": "*",
        "Access-Control-Expose-Headers": "x-ms-client-request-id",
        "Content-Length": "512",
        "Content-Type": "application/octet-stream",
        "Date": "Mon, 11 Dec 2023 19:12:13 GMT",
        "ETag": "\u00220x8DBFA7D15123486\u0022",
        "Last-Modified": "Mon, 11 Dec 2023 19:12:13 GMT",
        "Server": [
          "Windows-Azure-Blob/1.0",
          "Microsoft-HTTPAPI/2.0"
        ],
        "x-ms-blob-sequence-number": "0",
        "x-ms-blob-type": "PageBlob",
        "x-ms-client-request-id": "9e3a6219-fe69-4bbb-91b1-b09f9637cea8",
        "x-ms-copy-id": "7467a431-1cc8-4861-8bf5-81480967c805",
        "x-ms-copy-progress": "0/512",
        "x-ms-copy-source": "https://REDACTED/710aa1080startincrementalcopy636175710845ba6a68c04/710aa1081startincrementalcopy63688157a8a60af2a5444?snapshot=2023-12-11T19:12:13.2928637Z",
        "x-ms-copy-status": "pending",
        "x-ms-creation-time": "Mon, 11 Dec 2023 19:12:13 GMT",
        "x-ms-incremental-copy": "true",
        "x-ms-lease-state": "available",
        "x-ms-lease-status": "unlocked",
        "x-ms-request-id": "dd0e8045-801e-0022-5665-2c5279000000",
        "x-ms-server-encrypted": "true",
        "x-ms-version": "2024-02-04"
      },
      "ResponseBody": null
    },
    {
      "RequestUri": "https://REDACTED/710aa1080startincrementalcopy636175710845ba6a68c04/710aa1082startincrementalcopy63671086e45f2309cd324",
      "RequestMethod": "HEAD",
      "RequestHeaders": {
        "Accept": "application/xml",
        "Authorization": "Sanitized",
        "Content-Length": "0",
        "Date": "Mon, 11 Dec 2023 19:12:10 GMT",
        "User-Agent": "azsdk-java-azure-storage-blob/12.26.0-beta.1 (17.0.8; Windows 11; 10.0)",
        "x-ms-client-request-id": "b707c65b-67b0-4e1b-a629-c645951e5cc9",
        "x-ms-version": "2024-02-04"
      },
      "RequestBody": null,
      "StatusCode": 200,
      "ResponseHeaders": {
        "Accept-Ranges": "bytes",
        "Access-Control-Allow-Origin": "*",
        "Access-Control-Expose-Headers": "x-ms-client-request-id",
        "Content-Length": "512",
        "Content-Type": "application/octet-stream",
        "Date": "Mon, 11 Dec 2023 19:12:14 GMT",
        "ETag": "\u00220x8DBFA7D15123486\u0022",
        "Last-Modified": "Mon, 11 Dec 2023 19:12:13 GMT",
        "Server": [
          "Windows-Azure-Blob/1.0",
          "Microsoft-HTTPAPI/2.0"
        ],
        "x-ms-blob-sequence-number": "0",
        "x-ms-blob-type": "PageBlob",
        "x-ms-client-request-id": "b707c65b-67b0-4e1b-a629-c645951e5cc9",
        "x-ms-copy-completion-time": "Mon, 11 Dec 2023 19:12:13 GMT",
        "x-ms-copy-destination-snapshot": "2023-12-11T19:12:13.5547152Z",
        "x-ms-copy-id": "7467a431-1cc8-4861-8bf5-81480967c805",
        "x-ms-copy-progress": "512/512",
        "x-ms-copy-source": "https://REDACTED/710aa1080startincrementalcopy636175710845ba6a68c04/710aa1081startincrementalcopy63688157a8a60af2a5444?snapshot=2023-12-11T19:12:13.2928637Z",
        "x-ms-copy-status": "success",
        "x-ms-creation-time": "Mon, 11 Dec 2023 19:12:13 GMT",
        "x-ms-incremental-copy": "true",
        "x-ms-lease-state": "available",
        "x-ms-lease-status": "unlocked",
        "x-ms-request-id": "c5ffaf4b-d01e-0072-6165-2c9029000000",
        "x-ms-server-encrypted": "true",
        "x-ms-version": "2024-02-04"
      },
      "ResponseBody": null
    },
    {
      "RequestUri": "https://REDACTED/710aa1080startincrementalcopy636175710845ba6a68c04/710aa1082startincrementalcopy63671086e45f2309cd324",
      "RequestMethod": "HEAD",
      "RequestHeaders": {
        "Accept": "application/xml",
        "Authorization": "Sanitized",
        "Content-Length": "0",
        "Date": "Mon, 11 Dec 2023 19:12:12 GMT",
        "User-Agent": "azsdk-java-azure-storage-blob/12.26.0-beta.1 (17.0.8; Windows 11; 10.0)",
        "x-ms-client-request-id": "a38ed78e-6537-4443-9c4c-f551b39d3baa",
        "x-ms-version": "2024-02-04"
      },
      "RequestBody": null,
      "StatusCode": 200,
      "ResponseHeaders": {
        "Accept-Ranges": "bytes",
        "Access-Control-Allow-Origin": "*",
        "Access-Control-Expose-Headers": "x-ms-client-request-id",
        "Content-Length": "512",
        "Content-Type": "application/octet-stream",
        "Date": "Mon, 11 Dec 2023 19:12:14 GMT",
        "ETag": "\u00220x8DBFA7D15123486\u0022",
        "Last-Modified": "Mon, 11 Dec 2023 19:12:13 GMT",
        "Server": [
          "Windows-Azure-Blob/1.0",
          "Microsoft-HTTPAPI/2.0"
        ],
        "x-ms-blob-sequence-number": "0",
        "x-ms-blob-type": "PageBlob",
        "x-ms-client-request-id": "a38ed78e-6537-4443-9c4c-f551b39d3baa",
        "x-ms-copy-completion-time": "Mon, 11 Dec 2023 19:12:13 GMT",
        "x-ms-copy-destination-snapshot": "2023-12-11T19:12:13.5547152Z",
        "x-ms-copy-id": "7467a431-1cc8-4861-8bf5-81480967c805",
        "x-ms-copy-progress": "512/512",
        "x-ms-copy-source": "https://REDACTED/710aa1080startincrementalcopy636175710845ba6a68c04/710aa1081startincrementalcopy63688157a8a60af2a5444?snapshot=2023-12-11T19:12:13.2928637Z",
        "x-ms-copy-status": "success",
        "x-ms-creation-time": "Mon, 11 Dec 2023 19:12:13 GMT",
        "x-ms-incremental-copy": "true",
        "x-ms-lease-state": "available",
        "x-ms-lease-status": "unlocked",
        "x-ms-request-id": "20ed5009-f01e-0007-6665-2cfb05000000",
        "x-ms-server-encrypted": "true",
        "x-ms-version": "2024-02-04"
      },
      "ResponseBody": null
    }
  ],
  "Variables": {
    "0": "710aa1080startincrementalcopy636175710845ba6a68c04",
    "1": "710aa1081startincrementalcopy63688157a8a60af2a5444",
    "2": "710aa1082startincrementalcopy63671086e45f2309cd324",
    "3": "2023-12-11T19:12:09.805575900Z",
    "4": "2023-12-11T19:12:09.892936200Z",
    "5": "2023-12-11T19:12:10.993165300Z"
  }
}
