{
  "Entries": [
    {
      "RequestUri": "https://REDACTED/a67ecfd00createifnotexistsheaders9a6639959cc26f8b254?restype=container",
      "RequestMethod": "PUT",
      "RequestHeaders": {
        "Accept": "application/xml",
        "Authorization": "Sanitized",
        "Content-Length": "0",
        "Date": "Mon, 08 Jan 2024 19:44:42 GMT",
        "User-Agent": "azsdk-java-azure-storage-blob/12.26.0-beta.1 (17.0.8; Windows 11; 10.0)",
        "x-ms-client-request-id": "cc8a0706-3751-4829-a3a4-03c6fa4dd86c",
        "x-ms-version": "2024-02-04"
      },
      "RequestBody": null,
      "StatusCode": 201,
      "ResponseHeaders": {
        "Content-Length": "0",
        "Date": "Mon, 08 Jan 2024 19:44:52 GMT",
        "ETag": "\u00220x8DC1082490D5199\u0022",
        "Last-Modified": "Mon, 08 Jan 2024 19:44:53 GMT",
        "Server": [
          "Windows-Azure-Blob/1.0",
          "Microsoft-HTTPAPI/2.0"
        ],
        "x-ms-client-request-id": "cc8a0706-3751-4829-a3a4-03c6fa4dd86c",
        "x-ms-request-id": "7a58bc0d-d01e-0062-626b-425541000000",
        "x-ms-version": "2024-02-04"
      },
      "ResponseBody": null
    },
    {
      "RequestUri": "https://REDACTED/a67ecfd00createifnotexistsheaders9a6639959cc26f8b254?restype=container",
      "RequestMethod": "PUT",
      "RequestHeaders": {
        "Accept": "application/xml",
        "Authorization": "Sanitized",
        "Content-Length": "0",
        "Date": "Mon, 08 Jan 2024 19:44:42 GMT",
        "User-Agent": "azsdk-java-azure-storage-blob/12.26.0-beta.1 (17.0.8; Windows 11; 10.0)",
        "x-ms-client-request-id": "355876bc-555c-4256-9ea1-702cddf9b3f9",
        "x-ms-version": "2024-02-04"
      },
      "RequestBody": null,
      "StatusCode": 409,
      "ResponseHeaders": {
        "Content-Length": "230",
        "Content-Type": "application/xml",
        "Date": "Mon, 08 Jan 2024 19:44:52 GMT",
        "Server": [
          "Windows-Azure-Blob/1.0",
          "Microsoft-HTTPAPI/2.0"
        ],
        "x-ms-client-request-id": "355876bc-555c-4256-9ea1-702cddf9b3f9",
        "x-ms-error-code": "ContainerAlreadyExists",
        "x-ms-request-id": "7a58bcd6-d01e-0062-176b-425541000000",
        "x-ms-version": "2024-02-04"
      },
      "ResponseBody": [
        "\uFEFF\u003C?xml version=\u00221.0\u0022 encoding=\u0022utf-8\u0022?\u003E\u003CError\u003E\u003CCode\u003EContainerAlreadyExists\u003C/Code\u003E\u003CMessage\u003EThe specified container already exists.\n",
        "RequestId:7a58bcd6-d01e-0062-176b-425541000000\n",
        "Time:2024-01-08T19:44:53.8149770Z\u003C/Message\u003E\u003C/Error\u003E"
      ]
    },
    {
      "RequestUri": "https://REDACTED/a67ecfd00createifnotexistsheaders9a6639959cc26f8b254/a67ecfd01createifnotexistsheaders9a6464177ff76aa46a8",
      "RequestMethod": "PUT",
      "RequestHeaders": {
        "Accept": "application/xml",
        "Authorization": "Sanitized",
        "Content-Length": "0",
        "Date": "Mon, 08 Jan 2024 19:44:43 GMT",
        "If-None-Match": "*",
        "User-Agent": "azsdk-java-azure-storage-blob/12.26.0-beta.1 (17.0.8; Windows 11; 10.0)",
        "x-ms-blob-content-length": "512",
        "x-ms-blob-type": "PageBlob",
        "x-ms-client-request-id": "12c01f92-a3a4-4b24-a1e6-e2e9e03c5543",
        "x-ms-version": "2024-02-04"
      },
      "RequestBody": null,
      "StatusCode": 201,
      "ResponseHeaders": {
        "Content-Length": "0",
        "Date": "Mon, 08 Jan 2024 19:44:53 GMT",
        "ETag": "\u00220x8DC1082492B1E5F\u0022",
        "Last-Modified": "Mon, 08 Jan 2024 19:44:53 GMT",
        "Server": [
          "Windows-Azure-Blob/1.0",
          "Microsoft-HTTPAPI/2.0"
        ],
        "x-ms-client-request-id": "12c01f92-a3a4-4b24-a1e6-e2e9e03c5543",
        "x-ms-request-id": "7a58bd71-d01e-0062-2a6b-425541000000",
        "x-ms-request-server-encrypted": "true",
        "x-ms-version": "2024-02-04"
      },
      "ResponseBody": null
    },
    {
      "RequestUri": "https://REDACTED/a67ecfd00createifnotexistsheaders9a6639959cc26f8b254/a67ecfd02createifnotexistsheaders9a60401468bd9618618",
      "RequestMethod": "PUT",
      "RequestHeaders": {
        "Accept": "application/xml",
        "Authorization": "Sanitized",
        "Content-Length": "0",
        "Date": "Mon, 08 Jan 2024 19:44:43 GMT",
        "If-None-Match": "*",
        "User-Agent": "azsdk-java-azure-storage-blob/12.26.0-beta.1 (17.0.8; Windows 11; 10.0)",
        "x-ms-blob-cache-control": "control",
        "x-ms-blob-content-disposition": "disposition",
        "x-ms-blob-content-encoding": "encoding",
        "x-ms-blob-content-language": "language",
        "x-ms-blob-content-length": "512",
        "x-ms-blob-content-md5": "wh\u002BWm18D0z1D4E\u002BPE252gg==",
        "x-ms-blob-content-type": "type",
        "x-ms-blob-type": "PageBlob",
        "x-ms-client-request-id": "0311145c-e5d5-481b-831c-8cbadb46178c",
        "x-ms-version": "2024-02-04"
      },
      "RequestBody": null,
      "StatusCode": 201,
      "ResponseHeaders": {
        "Content-Length": "0",
        "Date": "Mon, 08 Jan 2024 19:44:53 GMT",
        "ETag": "\u00220x8DC108249397420\u0022",
        "Last-Modified": "Mon, 08 Jan 2024 19:44:54 GMT",
        "Server": [
          "Windows-Azure-Blob/1.0",
          "Microsoft-HTTPAPI/2.0"
        ],
        "x-ms-client-request-id": "0311145c-e5d5-481b-831c-8cbadb46178c",
        "x-ms-request-id": "7a58be37-d01e-0062-616b-425541000000",
        "x-ms-request-server-encrypted": "true",
        "x-ms-version": "2024-02-04"
      },
      "ResponseBody": null
    },
    {
      "RequestUri": "https://REDACTED/a67ecfd00createifnotexistsheaders9a6639959cc26f8b254/a67ecfd02createifnotexistsheaders9a60401468bd9618618",
      "RequestMethod": "HEAD",
      "RequestHeaders": {
        "Accept": "application/xml",
        "Authorization": "Sanitized",
        "Content-Length": "0",
        "Date": "Mon, 08 Jan 2024 19:44:43 GMT",
        "User-Agent": "azsdk-java-azure-storage-blob/12.26.0-beta.1 (17.0.8; Windows 11; 10.0)",
        "x-ms-client-request-id": "09c07b7f-9b77-4024-be21-ee8ba93bc85e",
        "x-ms-version": "2024-02-04"
      },
      "RequestBody": null,
      "StatusCode": 200,
      "ResponseHeaders": {
        "Accept-Ranges": "bytes",
        "Cache-Control": "control",
        "Content-Disposition": "disposition",
        "Content-Encoding": "encoding",
        "Content-Language": "language",
        "Content-Length": "512",
        "Content-MD5": "wh\u002BWm18D0z1D4E\u002BPE252gg==",
        "Content-Type": "type",
        "Date": "Mon, 08 Jan 2024 19:44:53 GMT",
        "ETag": "\u00220x8DC108249397420\u0022",
        "Last-Modified": "Mon, 08 Jan 2024 19:44:54 GMT",
        "Server": [
          "Windows-Azure-Blob/1.0",
          "Microsoft-HTTPAPI/2.0"
        ],
        "x-ms-blob-sequence-number": "0",
        "x-ms-blob-type": "PageBlob",
        "x-ms-client-request-id": "09c07b7f-9b77-4024-be21-ee8ba93bc85e",
        "x-ms-creation-time": "Mon, 08 Jan 2024 19:44:54 GMT",
        "x-ms-lease-state": "available",
        "x-ms-lease-status": "unlocked",
        "x-ms-request-id": "7a58bee6-d01e-0062-016b-425541000000",
        "x-ms-server-encrypted": "true",
        "x-ms-version": "2024-02-04"
      },
      "ResponseBody": null
    }
  ],
  "Variables": {
    "0": "a67ecfd00createifnotexistsheaders9a6639959cc26f8b254",
    "1": "a67ecfd01createifnotexistsheaders9a6464177ff76aa46a8",
    "2": "a67ecfd02createifnotexistsheaders9a60401468bd9618618"
  }
}
