{
  "Entries": [
    {
      "RequestUri": "https://REDACTED/860609e60sequencenumberacfail5cd49957a0e0ff0dd06d4?restype=container",
      "RequestMethod": "PUT",
      "RequestHeaders": {
        "Accept": "application/xml",
        "Authorization": "Sanitized",
        "Content-Length": "0",
        "Date": "Mon, 11 Dec 2023 19:15:23 GMT",
        "User-Agent": "azsdk-java-azure-storage-blob/12.26.0-beta.1 (17.0.8; Windows 11; 10.0)",
        "x-ms-client-request-id": "e76d9989-4109-4b7f-998e-f190264af9b5",
        "x-ms-version": "2024-02-04"
      },
      "RequestBody": null,
      "StatusCode": 201,
      "ResponseHeaders": {
        "Content-Length": "0",
        "Date": "Mon, 11 Dec 2023 19:15:26 GMT",
        "ETag": "\u00220x8DBFA7D88B2D86A\u0022",
        "Last-Modified": "Mon, 11 Dec 2023 19:15:27 GMT",
        "Server": [
          "Windows-Azure-Blob/1.0",
          "Microsoft-HTTPAPI/2.0"
        ],
        "x-ms-client-request-id": "e76d9989-4109-4b7f-998e-f190264af9b5",
        "x-ms-request-id": "1a5e17ab-901e-0087-2f66-2c0403000000",
        "x-ms-version": "2024-02-04"
      },
      "ResponseBody": null
    },
    {
      "RequestUri": "https://REDACTED/860609e60sequencenumberacfail5cd49957a0e0ff0dd06d4?restype=container",
      "RequestMethod": "PUT",
      "RequestHeaders": {
        "Accept": "application/xml",
        "Authorization": "Sanitized",
        "Content-Length": "0",
        "Date": "Mon, 11 Dec 2023 19:15:23 GMT",
        "User-Agent": "azsdk-java-azure-storage-blob/12.26.0-beta.1 (17.0.8; Windows 11; 10.0)",
        "x-ms-client-request-id": "f2fd7295-4541-4c62-ba35-608e05b8861a",
        "x-ms-version": "2024-02-04"
      },
      "RequestBody": null,
      "StatusCode": 409,
      "ResponseHeaders": {
        "Content-Length": "230",
        "Content-Type": "application/xml",
        "Date": "Mon, 11 Dec 2023 19:15:26 GMT",
        "Server": [
          "Windows-Azure-Blob/1.0",
          "Microsoft-HTTPAPI/2.0"
        ],
        "x-ms-client-request-id": "f2fd7295-4541-4c62-ba35-608e05b8861a",
        "x-ms-error-code": "ContainerAlreadyExists",
        "x-ms-request-id": "1a5e1827-901e-0087-2266-2c0403000000",
        "x-ms-version": "2024-02-04"
      },
      "ResponseBody": [
        "\uFEFF\u003C?xml version=\u00221.0\u0022 encoding=\u0022utf-8\u0022?\u003E\u003CError\u003E\u003CCode\u003EContainerAlreadyExists\u003C/Code\u003E\u003CMessage\u003EThe specified container already exists.\n",
        "RequestId:1a5e1827-901e-0087-2266-2c0403000000\n",
        "Time:2023-12-11T19:15:27.5344773Z\u003C/Message\u003E\u003C/Error\u003E"
      ]
    },
    {
      "RequestUri": "https://REDACTED/860609e60sequencenumberacfail5cd49957a0e0ff0dd06d4/860609e61sequencenumberacfail5cd496025b2ba8a6103c4",
      "RequestMethod": "PUT",
      "RequestHeaders": {
        "Accept": "application/xml",
        "Authorization": "Sanitized",
        "Content-Length": "0",
        "Date": "Mon, 11 Dec 2023 19:15:23 GMT",
        "If-None-Match": "*",
        "User-Agent": "azsdk-java-azure-storage-blob/12.26.0-beta.1 (17.0.8; Windows 11; 10.0)",
        "x-ms-blob-content-length": "512",
        "x-ms-blob-type": "PageBlob",
        "x-ms-client-request-id": "1bbe08a7-1224-45fc-a4fe-88f7858f78cb",
        "x-ms-version": "2024-02-04"
      },
      "RequestBody": null,
      "StatusCode": 201,
      "ResponseHeaders": {
        "Content-Length": "0",
        "Date": "Mon, 11 Dec 2023 19:15:27 GMT",
        "ETag": "\u00220x8DBFA7D88D13C3E\u0022",
        "Last-Modified": "Mon, 11 Dec 2023 19:15:27 GMT",
        "Server": [
          "Windows-Azure-Blob/1.0",
          "Microsoft-HTTPAPI/2.0"
        ],
        "x-ms-client-request-id": "1bbe08a7-1224-45fc-a4fe-88f7858f78cb",
        "x-ms-request-id": "1a5e18b3-901e-0087-1e66-2c0403000000",
        "x-ms-request-server-encrypted": "true",
        "x-ms-version": "2024-02-04"
      },
      "ResponseBody": null
    },
    {
      "RequestUri": "https://REDACTED/860609e60sequencenumberacfail5cd49957a0e0ff0dd06d4/860609e61sequencenumberacfail5cd496025b2ba8a6103c4?comp=properties",
      "RequestMethod": "PUT",
      "RequestHeaders": {
        "Accept": "application/xml",
        "Authorization": "Sanitized",
        "Content-Length": "0",
        "Date": "Mon, 11 Dec 2023 19:15:24 GMT",
        "If-Modified-Since": "Tue, 12 Dec 2023 19:09:04 GMT",
        "User-Agent": "azsdk-java-azure-storage-blob/12.26.0-beta.1 (17.0.8; Windows 11; 10.0)",
        "x-ms-blob-sequence-number": "1",
        "x-ms-client-request-id": "c208cb24-80e2-46d4-8cf3-f3d9f8984bb6",
        "x-ms-sequence-number-action": "update",
        "x-ms-version": "2024-02-04"
      },
      "RequestBody": null,
      "StatusCode": 412,
      "ResponseHeaders": {
        "Content-Length": "252",
        "Content-Type": "application/xml",
        "Date": "Mon, 11 Dec 2023 19:15:27 GMT",
        "Server": [
          "Windows-Azure-Blob/1.0",
          "Microsoft-HTTPAPI/2.0"
        ],
        "x-ms-client-request-id": "c208cb24-80e2-46d4-8cf3-f3d9f8984bb6",
        "x-ms-error-code": "ConditionNotMet",
        "x-ms-request-id": "1a5e1944-901e-0087-2466-2c0403000000",
        "x-ms-version": "2024-02-04"
      },
      "ResponseBody": [
        "\uFEFF\u003C?xml version=\u00221.0\u0022 encoding=\u0022utf-8\u0022?\u003E\u003CError\u003E\u003CCode\u003EConditionNotMet\u003C/Code\u003E\u003CMessage\u003EThe condition specified using HTTP conditional header(s) is not met.\n",
        "RequestId:1a5e1944-901e-0087-2466-2c0403000000\n",
        "Time:2023-12-11T19:15:27.7343650Z\u003C/Message\u003E\u003C/Error\u003E"
      ]
    }
  ],
  "Variables": {
    "0": "860609e60sequencenumberacfail5cd49957a0e0ff0dd06d4",
    "1": "860609e61sequencenumberacfail5cd496025b2ba8a6103c4"
  }
}
