{
  "Entries": [
    {
      "RequestUri": "https://REDACTED/d5630ef40getpagerangesdiffacfail43e37303d474138a8cb?restype=container",
      "RequestMethod": "PUT",
      "RequestHeaders": {
        "Accept": "application/xml",
        "Authorization": "Sanitized",
        "Content-Length": "0",
        "Date": "Mon, 08 Jan 2024 19:47:36 GMT",
        "User-Agent": "azsdk-java-azure-storage-blob/12.26.0-beta.1 (17.0.8; Windows 11; 10.0)",
        "x-ms-client-request-id": "ff9636be-18f0-45bb-8b4b-f1bdb1d9535e",
        "x-ms-version": "2024-02-04"
      },
      "RequestBody": null,
      "StatusCode": 201,
      "ResponseHeaders": {
        "Content-Length": "0",
        "Date": "Mon, 08 Jan 2024 19:47:46 GMT",
        "ETag": "\u00220x8DC1082B060BB15\u0022",
        "Last-Modified": "Mon, 08 Jan 2024 19:47:47 GMT",
        "Server": [
          "Windows-Azure-Blob/1.0",
          "Microsoft-HTTPAPI/2.0"
        ],
        "x-ms-client-request-id": "ff9636be-18f0-45bb-8b4b-f1bdb1d9535e",
        "x-ms-request-id": "c64b4e2b-401e-0012-226b-42ecb6000000",
        "x-ms-version": "2024-02-04"
      },
      "ResponseBody": null
    },
    {
      "RequestUri": "https://REDACTED/d5630ef40getpagerangesdiffacfail43e37303d474138a8cb?restype=container",
      "RequestMethod": "PUT",
      "RequestHeaders": {
        "Accept": "application/xml",
        "Authorization": "Sanitized",
        "Content-Length": "0",
        "Date": "Mon, 08 Jan 2024 19:47:36 GMT",
        "User-Agent": "azsdk-java-azure-storage-blob/12.26.0-beta.1 (17.0.8; Windows 11; 10.0)",
        "x-ms-client-request-id": "89be04d9-cb67-4f7d-b3dc-f2e737b6a53f",
        "x-ms-version": "2024-02-04"
      },
      "RequestBody": null,
      "StatusCode": 409,
      "ResponseHeaders": {
        "Content-Length": "230",
        "Content-Type": "application/xml",
        "Date": "Mon, 08 Jan 2024 19:47:46 GMT",
        "Server": [
          "Windows-Azure-Blob/1.0",
          "Microsoft-HTTPAPI/2.0"
        ],
        "x-ms-client-request-id": "89be04d9-cb67-4f7d-b3dc-f2e737b6a53f",
        "x-ms-error-code": "ContainerAlreadyExists",
        "x-ms-request-id": "4cafbed3-501e-000e-056b-42bed6000000",
        "x-ms-version": "2024-02-04"
      },
      "ResponseBody": [
        "\uFEFF\u003C?xml version=\u00221.0\u0022 encoding=\u0022utf-8\u0022?\u003E\u003CError\u003E\u003CCode\u003EContainerAlreadyExists\u003C/Code\u003E\u003CMessage\u003EThe specified container already exists.\n",
        "RequestId:4cafbed3-501e-000e-056b-42bed6000000\n",
        "Time:2024-01-08T19:47:47.1817641Z\u003C/Message\u003E\u003C/Error\u003E"
      ]
    },
    {
      "RequestUri": "https://REDACTED/d5630ef40getpagerangesdiffacfail43e37303d474138a8cb/d5630ef41getpagerangesdiffacfail43e57239b723adc63e6",
      "RequestMethod": "PUT",
      "RequestHeaders": {
        "Accept": "application/xml",
        "Authorization": "Sanitized",
        "Content-Length": "0",
        "Date": "Mon, 08 Jan 2024 19:47:36 GMT",
        "If-None-Match": "*",
        "User-Agent": "azsdk-java-azure-storage-blob/12.26.0-beta.1 (17.0.8; Windows 11; 10.0)",
        "x-ms-blob-content-length": "512",
        "x-ms-blob-type": "PageBlob",
        "x-ms-client-request-id": "a642ee5e-968d-4a45-b8c5-3f2c05f11ef0",
        "x-ms-version": "2024-02-04"
      },
      "RequestBody": null,
      "StatusCode": 201,
      "ResponseHeaders": {
        "Content-Length": "0",
        "Date": "Mon, 08 Jan 2024 19:47:46 GMT",
        "ETag": "\u00220x8DC1082B082F7B8\u0022",
        "Last-Modified": "Mon, 08 Jan 2024 19:47:47 GMT",
        "Server": [
          "Windows-Azure-Blob/1.0",
          "Microsoft-HTTPAPI/2.0"
        ],
        "x-ms-client-request-id": "a642ee5e-968d-4a45-b8c5-3f2c05f11ef0",
        "x-ms-request-id": "4cafbf85-501e-000e-266b-42bed6000000",
        "x-ms-request-server-encrypted": "true",
        "x-ms-version": "2024-02-04"
      },
      "ResponseBody": null
    },
    {
      "RequestUri": "https://REDACTED/d5630ef40getpagerangesdiffacfail43e37303d474138a8cb/d5630ef41getpagerangesdiffacfail43e57239b723adc63e6?comp=snapshot",
      "RequestMethod": "PUT",
      "RequestHeaders": {
        "Accept": "application/xml",
        "Authorization": "Sanitized",
        "Content-Length": "0",
        "Date": "Mon, 08 Jan 2024 19:47:36 GMT",
        "User-Agent": "azsdk-java-azure-storage-blob/12.26.0-beta.1 (17.0.8; Windows 11; 10.0)",
        "x-ms-client-request-id": "ac7d4427-b598-420b-800e-7e35b6a51642",
        "x-ms-version": "2024-02-04"
      },
      "RequestBody": null,
      "StatusCode": 201,
      "ResponseHeaders": {
        "Content-Length": "0",
        "Date": "Mon, 08 Jan 2024 19:47:46 GMT",
        "ETag": "\u00220x8DC1082B082F7B8\u0022",
        "Last-Modified": "Mon, 08 Jan 2024 19:47:47 GMT",
        "Server": [
          "Windows-Azure-Blob/1.0",
          "Microsoft-HTTPAPI/2.0"
        ],
        "x-ms-client-request-id": "ac7d4427-b598-420b-800e-7e35b6a51642",
        "x-ms-request-id": "4cafc038-501e-000e-3e6b-42bed6000000",
        "x-ms-request-server-encrypted": "false",
        "x-ms-snapshot": "2024-01-08T19:47:47.3993211Z",
        "x-ms-version": "2024-02-04"
      },
      "ResponseBody": null
    },
    {
      "RequestUri": "https://REDACTED/d5630ef40getpagerangesdiffacfail43e37303d474138a8cb/d5630ef41getpagerangesdiffacfail43e57239b723adc63e6",
      "RequestMethod": "HEAD",
      "RequestHeaders": {
        "Accept": "application/xml",
        "Authorization": "Sanitized",
        "Content-Length": "0",
        "Date": "Mon, 08 Jan 2024 19:47:36 GMT",
        "User-Agent": "azsdk-java-azure-storage-blob/12.26.0-beta.1 (17.0.8; Windows 11; 10.0)",
        "x-ms-client-request-id": "7da65f48-ebbd-4715-b119-e2c24109acfd",
        "x-ms-version": "2024-02-04"
      },
      "RequestBody": null,
      "StatusCode": 200,
      "ResponseHeaders": {
        "Accept-Ranges": "bytes",
        "Access-Control-Allow-Origin": "*",
        "Access-Control-Expose-Headers": "x-ms-client-request-id",
        "Content-Length": "512",
        "Content-Type": "application/octet-stream",
        "Date": "Mon, 08 Jan 2024 19:47:46 GMT",
        "ETag": "\u00220x8DC1082B082F7B8\u0022",
        "Last-Modified": "Mon, 08 Jan 2024 19:47:47 GMT",
        "Server": [
          "Windows-Azure-Blob/1.0",
          "Microsoft-HTTPAPI/2.0"
        ],
        "x-ms-blob-sequence-number": "0",
        "x-ms-blob-type": "PageBlob",
        "x-ms-client-request-id": "7da65f48-ebbd-4715-b119-e2c24109acfd",
        "x-ms-creation-time": "Mon, 08 Jan 2024 19:47:47 GMT",
        "x-ms-lease-state": "available",
        "x-ms-lease-status": "unlocked",
        "x-ms-request-id": "4cafc0e5-501e-000e-566b-42bed6000000",
        "x-ms-server-encrypted": "true",
        "x-ms-version": "2024-02-04"
      },
      "ResponseBody": null
    },
    {
      "RequestUri": "https://REDACTED/d5630ef40getpagerangesdiffacfail43e37303d474138a8cb/d5630ef41getpagerangesdiffacfail43e57239b723adc63e6?comp=pagelist\u0026prevsnapshot=2024-01-08T19%3A47%3A47.3993211Z",
      "RequestMethod": "GET",
      "RequestHeaders": {
        "Accept": "application/xml",
        "Authorization": "Sanitized",
        "Content-Length": "0",
        "Date": "Mon, 08 Jan 2024 19:47:36 GMT",
        "If-None-Match": "0x8DC1082B082F7B8",
        "User-Agent": "azsdk-java-azure-storage-blob/12.26.0-beta.1 (17.0.8; Windows 11; 10.0)",
        "x-ms-client-request-id": "e8d950b3-fd1d-4948-8fd4-571666702a0a",
        "x-ms-range": "bytes=0-511",
        "x-ms-version": "2024-02-04"
      },
      "RequestBody": null,
      "StatusCode": 304,
      "ResponseHeaders": {
        "Access-Control-Allow-Origin": "*",
        "Access-Control-Expose-Headers": "x-ms-client-request-id",
        "Date": "Mon, 08 Jan 2024 19:47:47 GMT",
        "Server": [
          "Windows-Azure-Blob/1.0",
          "Microsoft-HTTPAPI/2.0"
        ],
        "x-ms-client-request-id": "e8d950b3-fd1d-4948-8fd4-571666702a0a",
        "x-ms-error-code": "ConditionNotMet",
        "x-ms-request-id": "9d48f738-a01e-0057-256b-423955000000",
        "x-ms-version": "2024-02-04"
      },
      "ResponseBody": null
    }
  ],
  "Variables": {
    "0": "d5630ef40getpagerangesdiffacfail43e37303d474138a8cb",
    "1": "d5630ef41getpagerangesdiffacfail43e57239b723adc63e6"
  }
}
