{
  "Entries": [
    {
      "RequestUri": "https://REDACTED/282bf49a0startincrementalcopyacd4760347e6ad0d82693e?restype=container",
      "RequestMethod": "PUT",
      "RequestHeaders": {
        "Accept": "application/xml",
        "Authorization": "Sanitized",
        "Content-Length": "0",
        "Date": "Thu, 09 Nov 2023 21:25:52 GMT",
        "User-Agent": "azsdk-java-azure-storage-blob/12.25.0-beta.2 (17.0.8; Windows 11; 10.0)",
        "x-ms-client-request-id": "37e48f71-6b46-4bec-bc6f-e2c62b44940e",
        "x-ms-version": "2023-11-03"
      },
      "RequestBody": null,
      "StatusCode": 201,
      "ResponseHeaders": {
        "Content-Length": "0",
        "Date": "Thu, 09 Nov 2023 21:25:52 GMT",
        "ETag": "\u00220x8DBE16A73894855\u0022",
        "Last-Modified": "Thu, 09 Nov 2023 21:25:52 GMT",
        "Server": [
          "Windows-Azure-Blob/1.0",
          "Microsoft-HTTPAPI/2.0"
        ],
        "x-ms-client-request-id": "37e48f71-6b46-4bec-bc6f-e2c62b44940e",
        "x-ms-request-id": "bde02ffa-001e-0095-1f53-137fd3000000",
        "x-ms-version": "2023-11-03"
      },
      "ResponseBody": null
    },
    {
      "RequestUri": "https://REDACTED/282bf49a0startincrementalcopyacd4760347e6ad0d82693e/282bf49a1startincrementalcopyacd4784964f4dcc0221ef4",
      "RequestMethod": "PUT",
      "RequestHeaders": {
        "Accept": "application/xml",
        "Authorization": "Sanitized",
        "Content-Length": "0",
        "Date": "Thu, 09 Nov 2023 21:25:52 GMT",
        "If-None-Match": "*",
        "User-Agent": "azsdk-java-azure-storage-blob/12.25.0-beta.2 (17.0.8; Windows 11; 10.0)",
        "x-ms-blob-content-length": "512",
        "x-ms-blob-type": "PageBlob",
        "x-ms-client-request-id": "be46556a-cbb0-4fc5-920a-96d75a1b3624",
        "x-ms-version": "2023-11-03"
      },
      "RequestBody": null,
      "StatusCode": 201,
      "ResponseHeaders": {
        "Content-Length": "0",
        "Date": "Thu, 09 Nov 2023 21:25:52 GMT",
        "ETag": "\u00220x8DBE16A739C12A9\u0022",
        "Last-Modified": "Thu, 09 Nov 2023 21:25:52 GMT",
        "Server": [
          "Windows-Azure-Blob/1.0",
          "Microsoft-HTTPAPI/2.0"
        ],
        "x-ms-client-request-id": "be46556a-cbb0-4fc5-920a-96d75a1b3624",
        "x-ms-request-id": "5f30336f-301e-008e-1353-1341d0000000",
        "x-ms-request-server-encrypted": "true",
        "x-ms-version": "2023-11-03"
      },
      "ResponseBody": null
    },
    {
      "RequestUri": "https://REDACTED/282bf49a0startincrementalcopyacd4760347e6ad0d82693e?restype=container\u0026comp=acl",
      "RequestMethod": "PUT",
      "RequestHeaders": {
        "Accept": "application/xml",
        "Authorization": "Sanitized",
        "Content-Length": "58",
        "Content-Type": "application/xml",
        "Date": "Thu, 09 Nov 2023 21:25:52 GMT",
        "User-Agent": "azsdk-java-azure-storage-blob/12.25.0-beta.2 (17.0.8; Windows 11; 10.0)",
        "x-ms-blob-public-access": "blob",
        "x-ms-client-request-id": "a0322998-e4d6-47e2-9f87-825d8a46bc50",
        "x-ms-version": "2023-11-03"
      },
      "RequestBody": "\u003C?xml version=\u00271.0\u0027 encoding=\u0027UTF-8\u0027?\u003E\u003CSignedIdentifiers/\u003E",
      "StatusCode": 200,
      "ResponseHeaders": {
        "Content-Length": "0",
        "Date": "Thu, 09 Nov 2023 21:25:52 GMT",
        "ETag": "\u00220x8DBE16A73A9C252\u0022",
        "Last-Modified": "Thu, 09 Nov 2023 21:25:52 GMT",
        "Server": [
          "Windows-Azure-Blob/1.0",
          "Microsoft-HTTPAPI/2.0"
        ],
        "x-ms-client-request-id": "a0322998-e4d6-47e2-9f87-825d8a46bc50",
        "x-ms-request-id": "bde03125-001e-0095-3b53-137fd3000000",
        "x-ms-version": "2023-11-03"
      },
      "ResponseBody": null
    },
    {
      "RequestUri": "https://REDACTED/282bf49a0startincrementalcopyacd4760347e6ad0d82693e/282bf49a1startincrementalcopyacd4784964f4dcc0221ef4?comp=snapshot",
      "RequestMethod": "PUT",
      "RequestHeaders": {
        "Accept": "application/xml",
        "Authorization": "Sanitized",
        "Content-Length": "0",
        "Date": "Thu, 09 Nov 2023 21:25:52 GMT",
        "User-Agent": "azsdk-java-azure-storage-blob/12.25.0-beta.2 (17.0.8; Windows 11; 10.0)",
        "x-ms-client-request-id": "edaaef50-50b9-47ef-92a3-db4aabcce17d",
        "x-ms-version": "2023-11-03"
      },
      "RequestBody": null,
      "StatusCode": 201,
      "ResponseHeaders": {
        "Content-Length": "0",
        "Date": "Thu, 09 Nov 2023 21:25:52 GMT",
        "ETag": "\u00220x8DBE16A739C12A9\u0022",
        "Last-Modified": "Thu, 09 Nov 2023 21:25:52 GMT",
        "Server": [
          "Windows-Azure-Blob/1.0",
          "Microsoft-HTTPAPI/2.0"
        ],
        "x-ms-client-request-id": "edaaef50-50b9-47ef-92a3-db4aabcce17d",
        "x-ms-request-id": "bde03195-001e-0095-2053-137fd3000000",
        "x-ms-request-server-encrypted": "false",
        "x-ms-snapshot": "2023-11-09T21:25:52.7457164Z",
        "x-ms-version": "2023-11-03"
      },
      "ResponseBody": null
    },
    {
      "RequestUri": "https://REDACTED/282bf49a0startincrementalcopyacd4760347e6ad0d82693e/282bf49a2startincrementalcopyacd476775391d5c70dee9a?comp=incrementalcopy",
      "RequestMethod": "PUT",
      "RequestHeaders": {
        "Accept": "application/xml",
        "Authorization": "Sanitized",
        "Content-Length": "0",
        "Date": "Thu, 09 Nov 2023 21:25:52 GMT",
        "User-Agent": "azsdk-java-azure-storage-blob/12.25.0-beta.2 (17.0.8; Windows 11; 10.0)",
        "x-ms-client-request-id": "b0ee5242-e90e-4a40-beef-7f78b02edaa0",
        "x-ms-copy-source": "https://REDACTED/282bf49a0startincrementalcopyacd4760347e6ad0d82693e/282bf49a1startincrementalcopyacd4784964f4dcc0221ef4?snapshot=2023-11-09T21:25:52.7457164Z",
        "x-ms-version": "2023-11-03"
      },
      "RequestBody": null,
      "StatusCode": 202,
      "ResponseHeaders": {
        "Content-Length": "0",
        "Date": "Thu, 09 Nov 2023 21:25:52 GMT",
        "ETag": "\u00220x8DBE16A73D0FD54\u0022",
        "Last-Modified": "Thu, 09 Nov 2023 21:25:52 GMT",
        "Server": [
          "Windows-Azure-Blob/1.0",
          "Microsoft-HTTPAPI/2.0"
        ],
        "x-ms-client-request-id": "b0ee5242-e90e-4a40-beef-7f78b02edaa0",
        "x-ms-copy-id": "9de3243d-34cd-450e-9716-21bc25f41693",
        "x-ms-copy-status": "pending",
        "x-ms-request-id": "bde03226-001e-0095-2353-137fd3000000",
        "x-ms-version": "2023-11-03"
      },
      "ResponseBody": null
    },
    {
      "RequestUri": "https://REDACTED/282bf49a0startincrementalcopyacd4760347e6ad0d82693e/282bf49a2startincrementalcopyacd476775391d5c70dee9a",
      "RequestMethod": "HEAD",
      "RequestHeaders": {
        "Accept": "application/xml",
        "Authorization": "Sanitized",
        "Content-Length": "0",
        "Date": "Thu, 09 Nov 2023 21:25:52 GMT",
        "User-Agent": "azsdk-java-azure-storage-blob/12.25.0-beta.2 (17.0.8; Windows 11; 10.0)",
        "x-ms-client-request-id": "1f123dcb-c5c4-4ef5-be21-68692785cd5a",
        "x-ms-version": "2023-11-03"
      },
      "RequestBody": null,
      "StatusCode": 200,
      "ResponseHeaders": {
        "Accept-Ranges": "bytes",
        "Access-Control-Allow-Origin": "*",
        "Access-Control-Expose-Headers": "x-ms-client-request-id",
        "Content-Length": "512",
        "Content-Type": "application/octet-stream",
        "Date": "Thu, 09 Nov 2023 21:25:52 GMT",
        "ETag": "\u00220x8DBE16A73D0FD54\u0022",
        "Last-Modified": "Thu, 09 Nov 2023 21:25:52 GMT",
        "Server": [
          "Windows-Azure-Blob/1.0",
          "Microsoft-HTTPAPI/2.0"
        ],
        "x-ms-blob-sequence-number": "0",
        "x-ms-blob-type": "PageBlob",
        "x-ms-client-request-id": "1f123dcb-c5c4-4ef5-be21-68692785cd5a",
        "x-ms-copy-completion-time": "Thu, 09 Nov 2023 21:25:52 GMT",
        "x-ms-copy-destination-snapshot": "2023-11-09T21:25:52.9116181Z",
        "x-ms-copy-id": "9de3243d-34cd-450e-9716-21bc25f41693",
        "x-ms-copy-progress": "512/512",
        "x-ms-copy-source": "https://REDACTED/282bf49a0startincrementalcopyacd4760347e6ad0d82693e/282bf49a1startincrementalcopyacd4784964f4dcc0221ef4?snapshot=2023-11-09T21:25:52.7457164Z",
        "x-ms-copy-status": "success",
        "x-ms-creation-time": "Thu, 09 Nov 2023 21:25:52 GMT",
        "x-ms-incremental-copy": "true",
        "x-ms-lease-state": "available",
        "x-ms-lease-status": "unlocked",
        "x-ms-request-id": "bde032b9-001e-0095-2f53-137fd3000000",
        "x-ms-server-encrypted": "true",
        "x-ms-version": "2023-11-03"
      },
      "ResponseBody": null
    },
    {
      "RequestUri": "https://REDACTED/282bf49a0startincrementalcopyacd4760347e6ad0d82693e/282bf49a2startincrementalcopyacd476775391d5c70dee9a?comp=tags",
      "RequestMethod": "PUT",
      "RequestHeaders": {
        "Accept": "application/xml",
        "Authorization": "Sanitized",
        "Content-Length": "111",
        "Content-Type": "application/xml",
        "Date": "Thu, 09 Nov 2023 21:25:53 GMT",
        "User-Agent": "azsdk-java-azure-storage-blob/12.25.0-beta.2 (17.0.8; Windows 11; 10.0)",
        "x-ms-client-request-id": "dda47de2-a71c-4cd9-b84f-184200fd92ec",
        "x-ms-version": "2023-11-03"
      },
      "RequestBody": "\u003C?xml version=\u00271.0\u0027 encoding=\u0027UTF-8\u0027?\u003E\u003CTags\u003E\u003CTagSet\u003E\u003CTag\u003E\u003CKey\u003Efoo\u003C/Key\u003E\u003CValue\u003Ebar\u003C/Value\u003E\u003C/Tag\u003E\u003C/TagSet\u003E\u003C/Tags\u003E",
      "StatusCode": 204,
      "ResponseHeaders": {
        "Date": "Thu, 09 Nov 2023 21:25:54 GMT",
        "Server": [
          "Windows-Azure-Blob/1.0",
          "Microsoft-HTTPAPI/2.0"
        ],
        "x-ms-client-request-id": "dda47de2-a71c-4cd9-b84f-184200fd92ec",
        "x-ms-request-id": "421cd1b2-f01e-0081-4353-1337bc000000",
        "x-ms-version": "2023-11-03"
      },
      "ResponseBody": null
    },
    {
      "RequestUri": "https://REDACTED/282bf49a0startincrementalcopyacd4760347e6ad0d82693e/282bf49a1startincrementalcopyacd4784964f4dcc0221ef4?comp=snapshot",
      "RequestMethod": "PUT",
      "RequestHeaders": {
        "Accept": "application/xml",
        "Authorization": "Sanitized",
        "Content-Length": "0",
        "Date": "Thu, 09 Nov 2023 21:25:54 GMT",
        "User-Agent": "azsdk-java-azure-storage-blob/12.25.0-beta.2 (17.0.8; Windows 11; 10.0)",
        "x-ms-client-request-id": "fa4f75b4-6954-4105-8248-717af3b32c6c",
        "x-ms-version": "2023-11-03"
      },
      "RequestBody": null,
      "StatusCode": 201,
      "ResponseHeaders": {
        "Content-Length": "0",
        "Date": "Thu, 09 Nov 2023 21:25:54 GMT",
        "ETag": "\u00220x8DBE16A739C12A9\u0022",
        "Last-Modified": "Thu, 09 Nov 2023 21:25:52 GMT",
        "Server": [
          "Windows-Azure-Blob/1.0",
          "Microsoft-HTTPAPI/2.0"
        ],
        "x-ms-client-request-id": "fa4f75b4-6954-4105-8248-717af3b32c6c",
        "x-ms-request-id": "421cd23b-f01e-0081-4853-1337bc000000",
        "x-ms-request-server-encrypted": "false",
        "x-ms-snapshot": "2023-11-09T21:25:54.2168446Z",
        "x-ms-version": "2023-11-03"
      },
      "ResponseBody": null
    },
    {
      "RequestUri": "https://REDACTED/282bf49a0startincrementalcopyacd4760347e6ad0d82693e/282bf49a2startincrementalcopyacd476775391d5c70dee9a?comp=incrementalcopy",
      "RequestMethod": "PUT",
      "RequestHeaders": {
        "Accept": "application/xml",
        "Authorization": "Sanitized",
        "Content-Length": "0",
        "Date": "Thu, 09 Nov 2023 21:25:54 GMT",
        "User-Agent": "azsdk-java-azure-storage-blob/12.25.0-beta.2 (17.0.8; Windows 11; 10.0)",
        "x-ms-client-request-id": "7ef4de0f-94c5-4f16-8e92-c903f6c161ae",
        "x-ms-copy-source": "https://REDACTED/282bf49a0startincrementalcopyacd4760347e6ad0d82693e/282bf49a1startincrementalcopyacd4784964f4dcc0221ef4?snapshot=2023-11-09T21:25:54.2168446Z",
        "x-ms-if-tags": "\u0022foo\u0022 = \u0027bar\u0027",
        "x-ms-version": "2023-11-03"
      },
      "RequestBody": null,
      "StatusCode": 202,
      "ResponseHeaders": {
        "Content-Length": "0",
        "Date": "Thu, 09 Nov 2023 21:25:54 GMT",
        "ETag": "\u00220x8DBE16A74ACE412\u0022",
        "Last-Modified": "Thu, 09 Nov 2023 21:25:54 GMT",
        "Server": [
          "Windows-Azure-Blob/1.0",
          "Microsoft-HTTPAPI/2.0"
        ],
        "x-ms-client-request-id": "7ef4de0f-94c5-4f16-8e92-c903f6c161ae",
        "x-ms-copy-id": "7eefc9fb-a91b-4e2f-a7c8-cf37743a7bf8",
        "x-ms-copy-status": "pending",
        "x-ms-request-id": "421cd2b5-f01e-0081-3553-1337bc000000",
        "x-ms-version": "2023-11-03"
      },
      "ResponseBody": null
    }
  ],
  "Variables": {
    "0": "282bf49a0startincrementalcopyacd4760347e6ad0d82693e",
    "1": "282bf49a1startincrementalcopyacd4784964f4dcc0221ef4",
    "2": "282bf49a2startincrementalcopyacd476775391d5c70dee9a",
    "3": "2023-11-09T21:25:52.815680400Z",
    "4": "2023-11-09T21:25:52.920382600Z"
  }
}
