{
  "Entries": [
    {
      "RequestUri": "https://REDACTED/fafcf3da0clearpagesac979770823dfa0254a55043baa?restype=container",
      "RequestMethod": "PUT",
      "RequestHeaders": {
        "Accept": "application/xml",
        "Authorization": "Sanitized",
        "Content-Length": "0",
        "Date": "Mon, 08 Jan 2024 19:44:30 GMT",
        "User-Agent": "azsdk-java-azure-storage-blob/12.26.0-beta.1 (17.0.8; Windows 11; 10.0)",
        "x-ms-client-request-id": "14dd000c-454c-42ed-9f7e-04f0846d8d75",
        "x-ms-version": "2024-02-04"
      },
      "RequestBody": null,
      "StatusCode": 201,
      "ResponseHeaders": {
        "Content-Length": "0",
        "Date": "Mon, 08 Jan 2024 19:44:40 GMT",
        "ETag": "\u00220x8DC108241649DBA\u0022",
        "Last-Modified": "Mon, 08 Jan 2024 19:44:40 GMT",
        "Server": [
          "Windows-Azure-Blob/1.0",
          "Microsoft-HTTPAPI/2.0"
        ],
        "x-ms-client-request-id": "14dd000c-454c-42ed-9f7e-04f0846d8d75",
        "x-ms-request-id": "7a5857a9-d01e-0062-396b-425541000000",
        "x-ms-version": "2024-02-04"
      },
      "ResponseBody": null
    },
    {
      "RequestUri": "https://REDACTED/fafcf3da0clearpagesac979770823dfa0254a55043baa?restype=container",
      "RequestMethod": "PUT",
      "RequestHeaders": {
        "Accept": "application/xml",
        "Authorization": "Sanitized",
        "Content-Length": "0",
        "Date": "Mon, 08 Jan 2024 19:44:30 GMT",
        "User-Agent": "azsdk-java-azure-storage-blob/12.26.0-beta.1 (17.0.8; Windows 11; 10.0)",
        "x-ms-client-request-id": "17dc8866-d73f-4bc0-a9d4-d1ef2b2e19cf",
        "x-ms-version": "2024-02-04"
      },
      "RequestBody": null,
      "StatusCode": 409,
      "ResponseHeaders": {
        "Content-Length": "230",
        "Content-Type": "application/xml",
        "Date": "Mon, 08 Jan 2024 19:44:40 GMT",
        "Server": [
          "Windows-Azure-Blob/1.0",
          "Microsoft-HTTPAPI/2.0"
        ],
        "x-ms-client-request-id": "17dc8866-d73f-4bc0-a9d4-d1ef2b2e19cf",
        "x-ms-error-code": "ContainerAlreadyExists",
        "x-ms-request-id": "7a585845-d01e-0062-3b6b-425541000000",
        "x-ms-version": "2024-02-04"
      },
      "ResponseBody": [
        "\uFEFF\u003C?xml version=\u00221.0\u0022 encoding=\u0022utf-8\u0022?\u003E\u003CError\u003E\u003CCode\u003EContainerAlreadyExists\u003C/Code\u003E\u003CMessage\u003EThe specified container already exists.\n",
        "RequestId:7a585845-d01e-0062-3b6b-425541000000\n",
        "Time:2024-01-08T19:44:40.9573224Z\u003C/Message\u003E\u003C/Error\u003E"
      ]
    },
    {
      "RequestUri": "https://REDACTED/fafcf3da0clearpagesac979770823dfa0254a55043baa/fafcf3da1clearpagesac97970918baaa151d449f4c85a",
      "RequestMethod": "PUT",
      "RequestHeaders": {
        "Accept": "application/xml",
        "Authorization": "Sanitized",
        "Content-Length": "0",
        "Date": "Mon, 08 Jan 2024 19:44:30 GMT",
        "If-None-Match": "*",
        "User-Agent": "azsdk-java-azure-storage-blob/12.26.0-beta.1 (17.0.8; Windows 11; 10.0)",
        "x-ms-blob-content-length": "512",
        "x-ms-blob-type": "PageBlob",
        "x-ms-client-request-id": "73a359b7-0000-403a-8c94-49dc93d35d86",
        "x-ms-version": "2024-02-04"
      },
      "RequestBody": null,
      "StatusCode": 201,
      "ResponseHeaders": {
        "Content-Length": "0",
        "Date": "Mon, 08 Jan 2024 19:44:40 GMT",
        "ETag": "\u00220x8DC108241802444\u0022",
        "Last-Modified": "Mon, 08 Jan 2024 19:44:41 GMT",
        "Server": [
          "Windows-Azure-Blob/1.0",
          "Microsoft-HTTPAPI/2.0"
        ],
        "x-ms-client-request-id": "73a359b7-0000-403a-8c94-49dc93d35d86",
        "x-ms-request-id": "7a5858d5-d01e-0062-3c6b-425541000000",
        "x-ms-request-server-encrypted": "true",
        "x-ms-version": "2024-02-04"
      },
      "ResponseBody": null
    },
    {
      "RequestUri": "https://REDACTED/fafcf3da0clearpagesac979770823dfa0254a55043baa/fafcf3da1clearpagesac97970918baaa151d449f4c85a?comp=page",
      "RequestMethod": "PUT",
      "RequestHeaders": {
        "Accept": "application/xml",
        "Authorization": "Sanitized",
        "Content-Length": "512",
        "Content-Type": "application/octet-stream",
        "Date": "Mon, 08 Jan 2024 19:44:30 GMT",
        "User-Agent": "azsdk-java-azure-storage-blob/12.26.0-beta.1 (17.0.8; Windows 11; 10.0)",
        "x-ms-client-request-id": "746daac1-7542-4e6f-8174-6e4553180084",
        "x-ms-page-write": "update",
        "x-ms-range": "bytes=0-511",
        "x-ms-version": "2024-02-04"
      },
      "RequestBody": "YpGyIiZZBRcZ3iELo48IyyldcSiTiiK9FEO211H14iPmTd26QixGCc\u002Bi1fHl3BwaYZj5lDOmiR11AvwenV3nBQlwH4Zld2mXoTgVHiYV1u/hhasHwXujy3yHG/4aukRTuAKQzTcsGTsKRD2BydIkQ51wz7gmPdMNwB7leTuUKbiQRziaAT82S1nhpVB1LSQ6fBEAlS4lTvXptcOQ\u002BwLD6mRZWNcx1xALMksispaeCsrd2QZqCTDWEDVqACxXVwd1vJ6tWtoPRgkM0V7R2/WieQ8OB8bLY\u002BOZ9mZ5R8/YeQdQDCXDMUhlZ7Mdlx22XT9p168B1u2ofeUSFOZM6ZH5dJA3owERBL/lx81eJN9vWG/uOPxnyTJJCIKUAmmuLO2nHznManhc/9g8Vnab0VlKDYElVLQheIdL05Q8UivfXdlTX/VjCAB2gdk65rBMEeI7r04JuZi7DkeoabuR8mfTEriwqhiHwy2WuZTapdGYrJMPFQnBNyR6MjV\u002B3eCWGgOMij5yKV/CNTjM6PgNKVQ6ISdbxCjqZRRGxhKFljL8o8U\u002BR7fvHw\u002B\u002B7FdOKsrfbMhJ9k\u002BakAH6PtI2S85w4\u002B/5WvkoB8b48\u002BmucOUT\u002B8FGAoFrCeJ0sOdXCniNCEFJ8\u002BljFyQKv0DDeaSDnbe0YwTNNOvunJKPHGBeEjANIQtrqek=",
      "StatusCode": 201,
      "ResponseHeaders": {
        "Content-Length": "0",
        "Date": "Mon, 08 Jan 2024 19:44:40 GMT",
        "ETag": "\u00220x8DC1082418D41AE\u0022",
        "Last-Modified": "Mon, 08 Jan 2024 19:44:41 GMT",
        "Server": [
          "Windows-Azure-Blob/1.0",
          "Microsoft-HTTPAPI/2.0"
        ],
        "x-ms-blob-sequence-number": "0",
        "x-ms-client-request-id": "746daac1-7542-4e6f-8174-6e4553180084",
        "x-ms-content-crc64": "xIH9Bawf0cM=",
        "x-ms-request-id": "7a585972-d01e-0062-456b-425541000000",
        "x-ms-request-server-encrypted": "true",
        "x-ms-version": "2024-02-04"
      },
      "ResponseBody": null
    },
    {
      "RequestUri": "https://REDACTED/fafcf3da0clearpagesac979770823dfa0254a55043baa/fafcf3da1clearpagesac97970918baaa151d449f4c85a?comp=tags",
      "RequestMethod": "PUT",
      "RequestHeaders": {
        "Accept": "application/xml",
        "Authorization": "Sanitized",
        "Content-Length": "111",
        "Content-Type": "application/xml",
        "Date": "Mon, 08 Jan 2024 19:44:30 GMT",
        "User-Agent": "azsdk-java-azure-storage-blob/12.26.0-beta.1 (17.0.8; Windows 11; 10.0)",
        "x-ms-client-request-id": "dab47824-3fc5-4a63-b312-595ecd94f5c2",
        "x-ms-version": "2024-02-04"
      },
      "RequestBody": "\u003C?xml version=\u00271.0\u0027 encoding=\u0027UTF-8\u0027?\u003E\u003CTags\u003E\u003CTagSet\u003E\u003CTag\u003E\u003CKey\u003Efoo\u003C/Key\u003E\u003CValue\u003Ebar\u003C/Value\u003E\u003C/Tag\u003E\u003C/TagSet\u003E\u003C/Tags\u003E",
      "StatusCode": 204,
      "ResponseHeaders": {
        "Date": "Mon, 08 Jan 2024 19:44:40 GMT",
        "Server": [
          "Windows-Azure-Blob/1.0",
          "Microsoft-HTTPAPI/2.0"
        ],
        "x-ms-client-request-id": "dab47824-3fc5-4a63-b312-595ecd94f5c2",
        "x-ms-request-id": "7a585a03-d01e-0062-486b-425541000000",
        "x-ms-version": "2024-02-04"
      },
      "ResponseBody": null
    },
    {
      "RequestUri": "https://REDACTED/fafcf3da0clearpagesac979770823dfa0254a55043baa/fafcf3da1clearpagesac97970918baaa151d449f4c85a",
      "RequestMethod": "HEAD",
      "RequestHeaders": {
        "Accept": "application/xml",
        "Authorization": "Sanitized",
        "Content-Length": "0",
        "Date": "Mon, 08 Jan 2024 19:44:30 GMT",
        "User-Agent": "azsdk-java-azure-storage-blob/12.26.0-beta.1 (17.0.8; Windows 11; 10.0)",
        "x-ms-client-request-id": "2e794aaa-6233-493e-add3-b2167615357d",
        "x-ms-version": "2024-02-04"
      },
      "RequestBody": null,
      "StatusCode": 200,
      "ResponseHeaders": {
        "Accept-Ranges": "bytes",
        "Content-Length": "512",
        "Content-Type": "application/octet-stream",
        "Date": "Mon, 08 Jan 2024 19:44:40 GMT",
        "ETag": "\u00220x8DC1082418D41AE\u0022",
        "Last-Modified": "Mon, 08 Jan 2024 19:44:41 GMT",
        "Server": [
          "Windows-Azure-Blob/1.0",
          "Microsoft-HTTPAPI/2.0"
        ],
        "x-ms-blob-sequence-number": "0",
        "x-ms-blob-type": "PageBlob",
        "x-ms-client-request-id": "2e794aaa-6233-493e-add3-b2167615357d",
        "x-ms-creation-time": "Mon, 08 Jan 2024 19:44:41 GMT",
        "x-ms-lease-state": "available",
        "x-ms-lease-status": "unlocked",
        "x-ms-request-id": "7a585ae4-d01e-0062-136b-425541000000",
        "x-ms-server-encrypted": "true",
        "x-ms-tag-count": "1",
        "x-ms-version": "2024-02-04"
      },
      "ResponseBody": null
    },
    {
      "RequestUri": "https://REDACTED/fafcf3da0clearpagesac979770823dfa0254a55043baa/fafcf3da1clearpagesac97970918baaa151d449f4c85a?comp=page",
      "RequestMethod": "PUT",
      "RequestHeaders": {
        "Accept": "application/xml",
        "Authorization": "Sanitized",
        "Content-Length": "0",
        "Date": "Mon, 08 Jan 2024 19:44:30 GMT",
        "If-Match": "0x8DC1082418D41AE",
        "User-Agent": "azsdk-java-azure-storage-blob/12.26.0-beta.1 (17.0.8; Windows 11; 10.0)",
        "x-ms-client-request-id": "89a48f51-e134-4141-82bd-f946a52360eb",
        "x-ms-page-write": "clear",
        "x-ms-range": "bytes=0-511",
        "x-ms-version": "2024-02-04"
      },
      "RequestBody": null,
      "StatusCode": 201,
      "ResponseHeaders": {
        "Content-Length": "0",
        "Date": "Mon, 08 Jan 2024 19:44:40 GMT",
        "ETag": "\u00220x8DC108241BC39F8\u0022",
        "Last-Modified": "Mon, 08 Jan 2024 19:44:41 GMT",
        "Server": [
          "Windows-Azure-Blob/1.0",
          "Microsoft-HTTPAPI/2.0"
        ],
        "x-ms-blob-sequence-number": "0",
        "x-ms-client-request-id": "89a48f51-e134-4141-82bd-f946a52360eb",
        "x-ms-request-id": "7a585b70-d01e-0062-0e6b-425541000000",
        "x-ms-version": "2024-02-04"
      },
      "ResponseBody": null
    }
  ],
  "Variables": {
    "0": "fafcf3da0clearpagesac979770823dfa0254a55043baa",
    "1": "fafcf3da1clearpagesac97970918baaa151d449f4c85a",
    "2": "baa11266-3628-4849-9843-e8332ea35157"
  }
}
