{
  "Entries": [
    {
      "RequestUri": "https://REDACTED/f89b58cd0createoverwritetrue930263871e902ec742934?restype=container",
      "RequestMethod": "PUT",
      "RequestHeaders": {
        "Accept": "application/xml",
        "Authorization": "Sanitized",
        "Content-Length": "0",
        "Date": "Mon, 04 Dec 2023 20:54:36 GMT",
        "User-Agent": "azsdk-java-azure-storage-blob/12.26.0-beta.1 (17.0.8; Windows 11; 10.0)",
        "x-ms-client-request-id": "85b10f86-eeb7-4024-9966-4ccb2fbb8544",
        "x-ms-version": "2024-02-04"
      },
      "RequestBody": null,
      "StatusCode": 201,
      "ResponseHeaders": {
        "Content-Length": "0",
        "Date": "Mon, 04 Dec 2023 20:54:36 GMT",
        "ETag": "\u00220x8DBF50B3A28FCB2\u0022",
        "Last-Modified": "Mon, 04 Dec 2023 20:54:37 GMT",
        "Server": [
          "Windows-Azure-Blob/1.0",
          "Microsoft-HTTPAPI/2.0"
        ],
        "x-ms-client-request-id": "85b10f86-eeb7-4024-9966-4ccb2fbb8544",
        "x-ms-request-id": "8fe22c0c-101e-008b-4cf4-2695ef000000",
        "x-ms-version": "2024-02-04"
      },
      "ResponseBody": null
    },
    {
      "RequestUri": "https://REDACTED/f89b58cd0createoverwritetrue930263871e902ec742934?restype=container",
      "RequestMethod": "PUT",
      "RequestHeaders": {
        "Accept": "application/xml",
        "Authorization": "Sanitized",
        "Content-Length": "0",
        "Date": "Mon, 04 Dec 2023 20:54:36 GMT",
        "User-Agent": "azsdk-java-azure-storage-blob/12.26.0-beta.1 (17.0.8; Windows 11; 10.0)",
        "x-ms-client-request-id": "e200d54a-64cc-4601-a13e-2f4edca86c99",
        "x-ms-version": "2024-02-04"
      },
      "RequestBody": null,
      "StatusCode": 409,
      "ResponseHeaders": {
        "Content-Length": "230",
        "Content-Type": "application/xml",
        "Date": "Mon, 04 Dec 2023 20:54:37 GMT",
        "Server": [
          "Windows-Azure-Blob/1.0",
          "Microsoft-HTTPAPI/2.0"
        ],
        "x-ms-client-request-id": "e200d54a-64cc-4601-a13e-2f4edca86c99",
        "x-ms-error-code": "ContainerAlreadyExists",
        "x-ms-request-id": "ca8c605e-201e-0090-74f4-26abec000000",
        "x-ms-version": "2024-02-04"
      },
      "ResponseBody": [
        "\uFEFF\u003C?xml version=\u00221.0\u0022 encoding=\u0022utf-8\u0022?\u003E\u003CError\u003E\u003CCode\u003EContainerAlreadyExists\u003C/Code\u003E\u003CMessage\u003EThe specified container already exists.\n",
        "RequestId:ca8c605e-201e-0090-74f4-26abec000000\n",
        "Time:2023-12-04T20:54:37.3017849Z\u003C/Message\u003E\u003C/Error\u003E"
      ]
    },
    {
      "RequestUri": "https://REDACTED/f89b58cd0createoverwritetrue930263871e902ec742934/f89b58cd1createoverwritetrue93061875af05f92cb97e4",
      "RequestMethod": "PUT",
      "RequestHeaders": {
        "Accept": "application/xml",
        "Authorization": "Sanitized",
        "Content-Length": "0",
        "Date": "Mon, 04 Dec 2023 20:54:36 GMT",
        "If-None-Match": "*",
        "User-Agent": "azsdk-java-azure-storage-blob/12.26.0-beta.1 (17.0.8; Windows 11; 10.0)",
        "x-ms-blob-content-length": "512",
        "x-ms-blob-type": "PageBlob",
        "x-ms-client-request-id": "28d82964-6d7a-40a1-b1ca-ce0e0239871f",
        "x-ms-version": "2024-02-04"
      },
      "RequestBody": null,
      "StatusCode": 201,
      "ResponseHeaders": {
        "Content-Length": "0",
        "Date": "Mon, 04 Dec 2023 20:54:37 GMT",
        "ETag": "\u00220x8DBF50B3A407F3D\u0022",
        "Last-Modified": "Mon, 04 Dec 2023 20:54:37 GMT",
        "Server": [
          "Windows-Azure-Blob/1.0",
          "Microsoft-HTTPAPI/2.0"
        ],
        "x-ms-client-request-id": "28d82964-6d7a-40a1-b1ca-ce0e0239871f",
        "x-ms-request-id": "ca8c60c7-201e-0090-59f4-26abec000000",
        "x-ms-request-server-encrypted": "true",
        "x-ms-version": "2024-02-04",
        "x-ms-version-id": "2023-12-04T20:54:37.3807933Z"
      },
      "ResponseBody": null
    },
    {
      "RequestUri": "https://REDACTED/f89b58cd0createoverwritetrue930263871e902ec742934/f89b58cd1createoverwritetrue93061875af05f92cb97e4",
      "RequestMethod": "PUT",
      "RequestHeaders": {
        "Accept": "application/xml",
        "Authorization": "Sanitized",
        "Content-Length": "0",
        "Date": "Mon, 04 Dec 2023 20:54:36 GMT",
        "User-Agent": "azsdk-java-azure-storage-blob/12.26.0-beta.1 (17.0.8; Windows 11; 10.0)",
        "x-ms-blob-content-length": "512",
        "x-ms-blob-type": "PageBlob",
        "x-ms-client-request-id": "74e4e6de-6a72-40b9-85ce-b5e2a1c9d727",
        "x-ms-version": "2024-02-04"
      },
      "RequestBody": null,
      "StatusCode": 201,
      "ResponseHeaders": {
        "Content-Length": "0",
        "Date": "Mon, 04 Dec 2023 20:54:37 GMT",
        "ETag": "\u00220x8DBF50B3A4C8B6F\u0022",
        "Last-Modified": "Mon, 04 Dec 2023 20:54:37 GMT",
        "Server": [
          "Windows-Azure-Blob/1.0",
          "Microsoft-HTTPAPI/2.0"
        ],
        "x-ms-client-request-id": "74e4e6de-6a72-40b9-85ce-b5e2a1c9d727",
        "x-ms-request-id": "ca8c6133-201e-0090-3df4-26abec000000",
        "x-ms-request-server-encrypted": "true",
        "x-ms-version": "2024-02-04",
        "x-ms-version-id": "2023-12-04T20:54:37.4607487Z"
      },
      "ResponseBody": null
    }
  ],
  "Variables": {
    "0": "f89b58cd0createoverwritetrue930263871e902ec742934",
    "1": "f89b58cd1createoverwritetrue93061875af05f92cb97e4"
  }
}
