{
  "Entries": [
    {
      "RequestUri": "https://REDACTED/5aee7ab20clearpagesacdfa1008210af0ea05a8a4b5e8?restype=container",
      "RequestMethod": "PUT",
      "RequestHeaders": {
        "Accept": "application/xml",
        "Authorization": "Sanitized",
        "Content-Length": "0",
        "Date": "Tue, 26 Nov 2024 20:13:29 GMT",
        "User-Agent": "azsdk-java-azure-storage-blob/12.30.0-beta.1 (21.0.2; Windows 11; 10.0)",
        "x-ms-client-request-id": "Sanitized",
        "x-ms-version": "2025-01-05"
      },
      "RequestBody": null,
      "StatusCode": 201,
      "ResponseHeaders": {
        "Content-Length": "0",
        "Date": "Tue, 26 Nov 2024 20:13:28 GMT",
        "ETag": "\"0x8DD0E56CAE2599A\"",
        "Last-Modified": "Tue, 26 Nov 2024 20:13:29 GMT",
        "Server": [
          "Windows-Azure-Blob/1.0",
          "Microsoft-HTTPAPI/2.0"
        ],
        "x-ms-client-request-id": "Sanitized",
        "x-ms-request-id": "Sanitized",
        "x-ms-version": "2025-01-05"
      },
      "ResponseBody": null
    },
    {
      "RequestUri": "https://REDACTED/5aee7ab20clearpagesacdfa1008210af0ea05a8a4b5e8?restype=container",
      "RequestMethod": "PUT",
      "RequestHeaders": {
        "Accept": "application/xml",
        "Authorization": "Sanitized",
        "Content-Length": "0",
        "Date": "Tue, 26 Nov 2024 20:13:29 GMT",
        "User-Agent": "azsdk-java-azure-storage-blob/12.30.0-beta.1 (21.0.2; Windows 11; 10.0)",
        "x-ms-client-request-id": "Sanitized",
        "x-ms-version": "2025-01-05"
      },
      "RequestBody": null,
      "StatusCode": 409,
      "ResponseHeaders": {
        "Content-Length": "230",
        "Content-Type": "application/xml",
        "Date": "Tue, 26 Nov 2024 20:13:28 GMT",
        "Server": [
          "Windows-Azure-Blob/1.0",
          "Microsoft-HTTPAPI/2.0"
        ],
        "x-ms-client-request-id": "Sanitized",
        "x-ms-error-code": "ContainerAlreadyExists",
        "x-ms-request-id": "Sanitized",
        "x-ms-version": "2025-01-05"
      },
      "ResponseBody": [
        "\uFEFF<?xml version=\"1.0\" encoding=\"utf-8\"?><Error><Code>ContainerAlreadyExists</Code><Message>The specified container already exists.\n",
        "RequestId:cfd14b09-901e-0041-1c3f-40a97e000000\n",
        "Time:2024-11-26T20:13:29.1144499Z</Message></Error>"
      ]
    },
    {
      "RequestUri": "https://REDACTED/5aee7ab20clearpagesacdfa1008210af0ea05a8a4b5e8/5aee7ab21clearpagesacdfa805880a86aa7fd2664c7eb",
      "RequestMethod": "PUT",
      "RequestHeaders": {
        "Accept": "application/xml",
        "Authorization": "Sanitized",
        "Content-Length": "0",
        "Date": "Tue, 26 Nov 2024 20:13:29 GMT",
        "If-None-Match": "*",
        "User-Agent": "azsdk-java-azure-storage-blob/12.30.0-beta.1 (21.0.2; Windows 11; 10.0)",
        "x-ms-blob-content-length": "512",
        "x-ms-blob-type": "PageBlob",
        "x-ms-client-request-id": "Sanitized",
        "x-ms-version": "2025-01-05"
      },
      "RequestBody": null,
      "StatusCode": 201,
      "ResponseHeaders": {
        "Content-Length": "0",
        "Date": "Tue, 26 Nov 2024 20:13:28 GMT",
        "ETag": "\"0x8DD0E56CAFB8F82\"",
        "Last-Modified": "Tue, 26 Nov 2024 20:13:29 GMT",
        "Server": [
          "Windows-Azure-Blob/1.0",
          "Microsoft-HTTPAPI/2.0"
        ],
        "x-ms-client-request-id": "Sanitized",
        "x-ms-request-id": "Sanitized",
        "x-ms-request-server-encrypted": "true",
        "x-ms-version": "2025-01-05"
      },
      "ResponseBody": null
    },
    {
      "RequestUri": "https://REDACTED/5aee7ab20clearpagesacdfa1008210af0ea05a8a4b5e8/5aee7ab21clearpagesacdfa805880a86aa7fd2664c7eb?comp=page",
      "RequestMethod": "PUT",
      "RequestHeaders": {
        "Accept": "application/xml",
        "Authorization": "Sanitized",
        "Content-Length": "512",
        "Content-Type": "application/octet-stream",
        "Date": "Tue, 26 Nov 2024 20:13:29 GMT",
        "User-Agent": "azsdk-java-azure-storage-blob/12.30.0-beta.1 (21.0.2; Windows 11; 10.0)",
        "x-ms-client-request-id": "Sanitized",
        "x-ms-page-write": "update",
        "x-ms-range": "bytes=0-511",
        "x-ms-version": "2025-01-05"
      },
      "RequestBody": "FqPH5F7yQiPXVUHL/qRroIJZjoLsBKBOcbswS1x8fRajx+Re8kIj11VBy/6ka6CCWY6C7ASgTnG7MEtcfH0Wo8fkXvJCI9dVQcv+pGugglmOguwEoE5xuzBLXHx9FqPH5F7yQiPXVUHL/qRroIJZjoLsBKBOcbswS1x8fRajx+Re8kIj11VBy/6ka6CCWY6C7ASgTnG7MEtcfH0Wo8fkXvJCI9dVQcv+pGugglmOguwEoE5xuzBLXHx9FqPH5F7yQiPXVUHL/qRroIJZjoLsBKBOcbswS1x8fRajx+Re8kIj11VBy/6ka6CCWY6C7ASgTnG7MEtcfH0Wo8fkXvJCI9dVQcv+pGugglmOguwEoE5xuzBLXHx9FqPH5F7yQiPXVUHL/qRroIJZjoLsBKBOcbswS1x8fRajx+Re8kIj11VBy/6ka6CCWY6C7ASgTnG7MEtcfH0Wo8fkXvJCI9dVQcv+pGugglmOguwEoE5xuzBLXHx9FqPH5F7yQiPXVUHL/qRroIJZjoLsBKBOcbswS1x8fRajx+Re8kIj11VBy/6ka6CCWY6C7ASgTnG7MEtcfH0Wo8fkXvJCI9dVQcv+pGugglmOguwEoE5xuzBLXHx9FqPH5F7yQiPXVUHL/qRroIJZjoLsBKBOcbswS1x8fRajx+Re8kIj11VBy/6ka6A=",
      "StatusCode": 201,
      "ResponseHeaders": {
        "Content-Length": "0",
        "Date": "Tue, 26 Nov 2024 20:13:29 GMT",
        "ETag": "\"0x8DD0E56CB3C2075\"",
        "Last-Modified": "Tue, 26 Nov 2024 20:13:29 GMT",
        "Server": [
          "Windows-Azure-Blob/1.0",
          "Microsoft-HTTPAPI/2.0"
        ],
        "x-ms-blob-sequence-number": "0",
        "x-ms-client-request-id": "Sanitized",
        "x-ms-content-crc64": "8A7sYLjhgMc=",
        "x-ms-request-id": "Sanitized",
        "x-ms-request-server-encrypted": "true",
        "x-ms-version": "2025-01-05"
      },
      "ResponseBody": null
    },
    {
      "RequestUri": "https://REDACTED/5aee7ab20clearpagesacdfa1008210af0ea05a8a4b5e8/5aee7ab21clearpagesacdfa805880a86aa7fd2664c7eb?comp=tags",
      "RequestMethod": "PUT",
      "RequestHeaders": {
        "Accept": "application/xml",
        "Authorization": "Sanitized",
        "Content-Length": "111",
        "Content-Type": "application/xml",
        "Date": "Tue, 26 Nov 2024 20:13:29 GMT",
        "User-Agent": "azsdk-java-azure-storage-blob/12.30.0-beta.1 (21.0.2; Windows 11; 10.0)",
        "x-ms-client-request-id": "Sanitized",
        "x-ms-version": "2025-01-05"
      },
      "RequestBody": "<?xml version=\"1.0\" encoding=\"UTF-8\"?><Tags><TagSet><Tag><Key>foo</Key><Value>bar</Value></Tag></TagSet></Tags>",
      "StatusCode": 204,
      "ResponseHeaders": {
        "Date": "Tue, 26 Nov 2024 20:13:29 GMT",
        "Server": [
          "Windows-Azure-Blob/1.0",
          "Microsoft-HTTPAPI/2.0"
        ],
        "x-ms-client-request-id": "Sanitized",
        "x-ms-request-id": "Sanitized",
        "x-ms-version": "2025-01-05"
      },
      "ResponseBody": null
    },
    {
      "RequestUri": "https://REDACTED/5aee7ab20clearpagesacdfa1008210af0ea05a8a4b5e8/5aee7ab21clearpagesacdfa805880a86aa7fd2664c7eb?comp=page",
      "RequestMethod": "PUT",
      "RequestHeaders": {
        "Accept": "application/xml",
        "Authorization": "Sanitized",
        "Content-Length": "0",
        "Date": "Tue, 26 Nov 2024 20:13:29 GMT",
        "User-Agent": "azsdk-java-azure-storage-blob/12.30.0-beta.1 (21.0.2; Windows 11; 10.0)",
        "x-ms-client-request-id": "Sanitized",
        "x-ms-if-sequence-number-lt": "5",
        "x-ms-page-write": "clear",
        "x-ms-range": "bytes=0-511",
        "x-ms-version": "2025-01-05"
      },
      "RequestBody": null,
      "StatusCode": 201,
      "ResponseHeaders": {
        "Content-Length": "0",
        "Date": "Tue, 26 Nov 2024 20:13:29 GMT",
        "ETag": "\"0x8DD0E56CB5D8CB0\"",
        "Last-Modified": "Tue, 26 Nov 2024 20:13:29 GMT",
        "Server": [
          "Windows-Azure-Blob/1.0",
          "Microsoft-HTTPAPI/2.0"
        ],
        "x-ms-blob-sequence-number": "0",
        "x-ms-client-request-id": "Sanitized",
        "x-ms-request-id": "Sanitized",
        "x-ms-version": "2025-01-05"
      },
      "ResponseBody": null
    }
  ],
  "Variables": {
    "0": "5aee7ab20clearpagesacdfa1008210af0ea05a8a4b5e8",
    "1": "5aee7ab21clearpagesacdfa805880a86aa7fd2664c7eb",
    "2": "c86f5553-fafb-4a27-ba23-dc11062416a8"
  }
}
