{
  "Entries": [
    {
      "RequestUri": "https://REDACTED/c0ec6e4f0startincrementalcopyminc635940696a9bde1963?restype=container",
      "RequestMethod": "PUT",
      "RequestHeaders": {
        "Accept": "application/xml",
        "Authorization": "Sanitized",
        "Content-Length": "0",
        "Date": "Mon, 11 Dec 2023 19:09:49 GMT",
        "User-Agent": "azsdk-java-azure-storage-blob/12.26.0-beta.1 (17.0.8; Windows 11; 10.0)",
        "x-ms-client-request-id": "6611d25d-b683-4362-9ea4-231da4b5c577",
        "x-ms-version": "2024-02-04"
      },
      "RequestBody": null,
      "StatusCode": 201,
      "ResponseHeaders": {
        "Content-Length": "0",
        "Date": "Mon, 11 Dec 2023 19:09:52 GMT",
        "ETag": "\u00220x8DBFA7CC1B8151F\u0022",
        "Last-Modified": "Mon, 11 Dec 2023 19:09:53 GMT",
        "Server": [
          "Windows-Azure-Blob/1.0",
          "Microsoft-HTTPAPI/2.0"
        ],
        "x-ms-client-request-id": "6611d25d-b683-4362-9ea4-231da4b5c577",
        "x-ms-request-id": "3cbccf98-701e-009f-1a65-2cdb64000000",
        "x-ms-version": "2024-02-04"
      },
      "ResponseBody": null
    },
    {
      "RequestUri": "https://REDACTED/c0ec6e4f0startincrementalcopyminc635940696a9bde1963?restype=container",
      "RequestMethod": "PUT",
      "RequestHeaders": {
        "Accept": "application/xml",
        "Authorization": "Sanitized",
        "Content-Length": "0",
        "Date": "Mon, 11 Dec 2023 19:09:49 GMT",
        "User-Agent": "azsdk-java-azure-storage-blob/12.26.0-beta.1 (17.0.8; Windows 11; 10.0)",
        "x-ms-client-request-id": "fc4b9a53-092f-4392-8c86-3ae9ee49b4d8",
        "x-ms-version": "2024-02-04"
      },
      "RequestBody": null,
      "StatusCode": 409,
      "ResponseHeaders": {
        "Content-Length": "230",
        "Content-Type": "application/xml",
        "Date": "Mon, 11 Dec 2023 19:09:52 GMT",
        "Server": [
          "Windows-Azure-Blob/1.0",
          "Microsoft-HTTPAPI/2.0"
        ],
        "x-ms-client-request-id": "fc4b9a53-092f-4392-8c86-3ae9ee49b4d8",
        "x-ms-error-code": "ContainerAlreadyExists",
        "x-ms-request-id": "3cbcd041-701e-009f-3465-2cdb64000000",
        "x-ms-version": "2024-02-04"
      },
      "ResponseBody": [
        "\uFEFF\u003C?xml version=\u00221.0\u0022 encoding=\u0022utf-8\u0022?\u003E\u003CError\u003E\u003CCode\u003EContainerAlreadyExists\u003C/Code\u003E\u003CMessage\u003EThe specified container already exists.\n",
        "RequestId:3cbcd041-701e-009f-3465-2cdb64000000\n",
        "Time:2023-12-11T19:09:53.6992026Z\u003C/Message\u003E\u003C/Error\u003E"
      ]
    },
    {
      "RequestUri": "https://REDACTED/c0ec6e4f0startincrementalcopyminc635940696a9bde1963/c0ec6e4f1startincrementalcopyminc63516417b5323d2f2a",
      "RequestMethod": "PUT",
      "RequestHeaders": {
        "Accept": "application/xml",
        "Authorization": "Sanitized",
        "Content-Length": "0",
        "Date": "Mon, 11 Dec 2023 19:09:50 GMT",
        "If-None-Match": "*",
        "User-Agent": "azsdk-java-azure-storage-blob/12.26.0-beta.1 (17.0.8; Windows 11; 10.0)",
        "x-ms-blob-content-length": "512",
        "x-ms-blob-type": "PageBlob",
        "x-ms-client-request-id": "16ddb9b8-4e2f-4ea7-a1f5-6cd9187a5b1f",
        "x-ms-version": "2024-02-04"
      },
      "RequestBody": null,
      "StatusCode": 201,
      "ResponseHeaders": {
        "Content-Length": "0",
        "Date": "Mon, 11 Dec 2023 19:09:52 GMT",
        "ETag": "\u00220x8DBFA7CC1D4919C\u0022",
        "Last-Modified": "Mon, 11 Dec 2023 19:09:53 GMT",
        "Server": [
          "Windows-Azure-Blob/1.0",
          "Microsoft-HTTPAPI/2.0"
        ],
        "x-ms-client-request-id": "16ddb9b8-4e2f-4ea7-a1f5-6cd9187a5b1f",
        "x-ms-request-id": "3cbcd0cb-701e-009f-3765-2cdb64000000",
        "x-ms-request-server-encrypted": "true",
        "x-ms-version": "2024-02-04"
      },
      "ResponseBody": null
    },
    {
      "RequestUri": "https://REDACTED/c0ec6e4f0startincrementalcopyminc635940696a9bde1963?restype=container\u0026comp=acl",
      "RequestMethod": "PUT",
      "RequestHeaders": {
        "Accept": "application/xml",
        "Authorization": "Sanitized",
        "Content-Length": "58",
        "Content-Type": "application/xml",
        "Date": "Mon, 11 Dec 2023 19:09:50 GMT",
        "User-Agent": "azsdk-java-azure-storage-blob/12.26.0-beta.1 (17.0.8; Windows 11; 10.0)",
        "x-ms-blob-public-access": "blob",
        "x-ms-client-request-id": "8b713b06-fbde-4ac5-938a-01c7e4058808",
        "x-ms-version": "2024-02-04"
      },
      "RequestBody": "\u003C?xml version=\u00271.0\u0027 encoding=\u0027UTF-8\u0027?\u003E\u003CSignedIdentifiers/\u003E",
      "StatusCode": 200,
      "ResponseHeaders": {
        "Content-Length": "0",
        "Date": "Mon, 11 Dec 2023 19:09:53 GMT",
        "ETag": "\u00220x8DBFA7CC1E2D881\u0022",
        "Last-Modified": "Mon, 11 Dec 2023 19:09:53 GMT",
        "Server": [
          "Windows-Azure-Blob/1.0",
          "Microsoft-HTTPAPI/2.0"
        ],
        "x-ms-client-request-id": "8b713b06-fbde-4ac5-938a-01c7e4058808",
        "x-ms-request-id": "c5fce9e9-d01e-0072-7f65-2c9029000000",
        "x-ms-version": "2024-02-04"
      },
      "ResponseBody": null
    },
    {
      "RequestUri": "https://REDACTED/c0ec6e4f0startincrementalcopyminc635940696a9bde1963/c0ec6e4f1startincrementalcopyminc63516417b5323d2f2a?comp=snapshot",
      "RequestMethod": "PUT",
      "RequestHeaders": {
        "Accept": "application/xml",
        "Authorization": "Sanitized",
        "Content-Length": "0",
        "Date": "Mon, 11 Dec 2023 19:09:50 GMT",
        "User-Agent": "azsdk-java-azure-storage-blob/12.26.0-beta.1 (17.0.8; Windows 11; 10.0)",
        "x-ms-client-request-id": "41a62a85-3448-4bf4-8567-90094514a378",
        "x-ms-version": "2024-02-04"
      },
      "RequestBody": null,
      "StatusCode": 201,
      "ResponseHeaders": {
        "Content-Length": "0",
        "Date": "Mon, 11 Dec 2023 19:09:53 GMT",
        "ETag": "\u00220x8DBFA7CC1D4919C\u0022",
        "Last-Modified": "Mon, 11 Dec 2023 19:09:53 GMT",
        "Server": [
          "Windows-Azure-Blob/1.0",
          "Microsoft-HTTPAPI/2.0"
        ],
        "x-ms-client-request-id": "41a62a85-3448-4bf4-8567-90094514a378",
        "x-ms-request-id": "c5fcea7d-d01e-0072-0865-2c9029000000",
        "x-ms-request-server-encrypted": "false",
        "x-ms-snapshot": "2023-12-11T19:09:53.9768382Z",
        "x-ms-version": "2024-02-04"
      },
      "ResponseBody": null
    },
    {
      "RequestUri": "https://REDACTED/c0ec6e4f0startincrementalcopyminc635940696a9bde1963/c0ec6e4f2startincrementalcopyminc6310811e3dd0f578e8?comp=incrementalcopy",
      "RequestMethod": "PUT",
      "RequestHeaders": {
        "Accept": "application/xml",
        "Authorization": "Sanitized",
        "Content-Length": "0",
        "Date": "Mon, 11 Dec 2023 19:09:50 GMT",
        "User-Agent": "azsdk-java-azure-storage-blob/12.26.0-beta.1 (17.0.8; Windows 11; 10.0)",
        "x-ms-client-request-id": "b82cf77a-b2ce-46eb-957d-74b8be323ada",
        "x-ms-copy-source": "https://REDACTED/c0ec6e4f0startincrementalcopyminc635940696a9bde1963/c0ec6e4f1startincrementalcopyminc63516417b5323d2f2a?snapshot=2023-12-11T19:09:53.9768382Z",
        "x-ms-version": "2024-02-04"
      },
      "RequestBody": null,
      "StatusCode": 202,
      "ResponseHeaders": {
        "Content-Length": "0",
        "Date": "Mon, 11 Dec 2023 19:09:53 GMT",
        "ETag": "\u00220x8DBFA7CC208925E\u0022",
        "Last-Modified": "Mon, 11 Dec 2023 19:09:54 GMT",
        "Server": [
          "Windows-Azure-Blob/1.0",
          "Microsoft-HTTPAPI/2.0"
        ],
        "x-ms-client-request-id": "b82cf77a-b2ce-46eb-957d-74b8be323ada",
        "x-ms-copy-id": "9ea247a6-458d-413f-8ea7-d0fcf4b963d1",
        "x-ms-copy-status": "pending",
        "x-ms-request-id": "dd0b50a7-801e-0022-0b65-2c5279000000",
        "x-ms-version": "2024-02-04"
      },
      "ResponseBody": null
    }
  ],
  "Variables": {
    "0": "c0ec6e4f0startincrementalcopyminc635940696a9bde1963",
    "1": "c0ec6e4f1startincrementalcopyminc63516417b5323d2f2a",
    "2": "c0ec6e4f2startincrementalcopyminc6310811e3dd0f578e8"
  }
}
