{
  "Entries": [
    {
      "RequestUri": "https://REDACTED/429d80650resizeacfail68f5515937a87583fc204edd9?restype=container",
      "RequestMethod": "PUT",
      "RequestHeaders": {
        "Accept": "application/xml",
        "Authorization": "Sanitized",
        "Content-Length": "0",
        "Date": "Thu, 28 Sep 2023 18:36:56 GMT",
        "User-Agent": "azsdk-java-azure-storage-blob/12.25.0-beta.1 (11.0.16.1; Windows 11; 10.0)",
        "x-ms-client-request-id": "41100b67-1d11-4822-b1a7-b9b6c2801ce4",
        "x-ms-version": "2023-08-03"
      },
      "RequestBody": null,
      "StatusCode": 201,
      "ResponseHeaders": {
        "Content-Length": "0",
        "Date": "Thu, 28 Sep 2023 18:36:55 GMT",
        "ETag": "\u00220x8DBC051E498C8B5\u0022",
        "Last-Modified": "Thu, 28 Sep 2023 18:36:56 GMT",
        "Server": [
          "Windows-Azure-Blob/1.0",
          "Microsoft-HTTPAPI/2.0"
        ],
        "x-ms-client-request-id": "41100b67-1d11-4822-b1a7-b9b6c2801ce4",
        "x-ms-request-id": "1ab72e6b-801e-000f-5e3a-f2e7ee000000",
        "x-ms-version": "2023-08-03"
      },
      "ResponseBody": null
    },
    {
      "RequestUri": "https://REDACTED/429d80650resizeacfail68f5515937a87583fc204edd9/429d80651resizeacfail68f04198d0521bc3b0da40fb8",
      "RequestMethod": "PUT",
      "RequestHeaders": {
        "Accept": "application/xml",
        "Authorization": "Sanitized",
        "Content-Length": "0",
        "Date": "Thu, 28 Sep 2023 18:36:56 GMT",
        "If-None-Match": "*",
        "User-Agent": "azsdk-java-azure-storage-blob/12.25.0-beta.1 (11.0.16.1; Windows 11; 10.0)",
        "x-ms-blob-content-length": "512",
        "x-ms-blob-type": "PageBlob",
        "x-ms-client-request-id": "0efaded1-a3e6-4423-8ab6-124c33910008",
        "x-ms-version": "2023-08-03"
      },
      "RequestBody": null,
      "StatusCode": 201,
      "ResponseHeaders": {
        "Content-Length": "0",
        "Date": "Thu, 28 Sep 2023 18:36:55 GMT",
        "ETag": "\u00220x8DBC051E4A8A8AF\u0022",
        "Last-Modified": "Thu, 28 Sep 2023 18:36:56 GMT",
        "Server": [
          "Windows-Azure-Blob/1.0",
          "Microsoft-HTTPAPI/2.0"
        ],
        "x-ms-client-request-id": "0efaded1-a3e6-4423-8ab6-124c33910008",
        "x-ms-request-id": "1ab72eb8-801e-000f-213a-f2e7ee000000",
        "x-ms-request-server-encrypted": "true",
        "x-ms-version": "2023-08-03"
      },
      "ResponseBody": null
    },
    {
      "RequestUri": "https://REDACTED/429d80650resizeacfail68f5515937a87583fc204edd9/429d80651resizeacfail68f04198d0521bc3b0da40fb8",
      "RequestMethod": "HEAD",
      "RequestHeaders": {
        "Accept": "application/xml",
        "Authorization": "Sanitized",
        "Content-Length": "0",
        "Date": "Thu, 28 Sep 2023 18:36:56 GMT",
        "User-Agent": "azsdk-java-azure-storage-blob/12.25.0-beta.1 (11.0.16.1; Windows 11; 10.0)",
        "x-ms-client-request-id": "fdb961d5-c6d9-484e-8a85-bf81b343d442",
        "x-ms-version": "2023-08-03"
      },
      "RequestBody": null,
      "StatusCode": 200,
      "ResponseHeaders": {
        "Accept-Ranges": "bytes",
        "Content-Length": "512",
        "Content-Type": "application/octet-stream",
        "Date": "Thu, 28 Sep 2023 18:36:56 GMT",
        "ETag": "\u00220x8DBC051E4A8A8AF\u0022",
        "Last-Modified": "Thu, 28 Sep 2023 18:36:56 GMT",
        "Server": [
          "Windows-Azure-Blob/1.0",
          "Microsoft-HTTPAPI/2.0"
        ],
        "x-ms-blob-sequence-number": "0",
        "x-ms-blob-type": "PageBlob",
        "x-ms-client-request-id": "fdb961d5-c6d9-484e-8a85-bf81b343d442",
        "x-ms-creation-time": "Thu, 28 Sep 2023 18:36:56 GMT",
        "x-ms-lease-state": "available",
        "x-ms-lease-status": "unlocked",
        "x-ms-request-id": "4c8fd91c-101e-0040-043a-f296ba000000",
        "x-ms-server-encrypted": "true",
        "x-ms-version": "2023-08-03"
      },
      "ResponseBody": null
    },
    {
      "RequestUri": "https://REDACTED/429d80650resizeacfail68f5515937a87583fc204edd9/429d80651resizeacfail68f04198d0521bc3b0da40fb8?comp=properties",
      "RequestMethod": "PUT",
      "RequestHeaders": {
        "Accept": "application/xml",
        "Authorization": "Sanitized",
        "Content-Length": "0",
        "Date": "Thu, 28 Sep 2023 18:36:56 GMT",
        "If-None-Match": "0x8DBC051E4A8A8AF",
        "User-Agent": "azsdk-java-azure-storage-blob/12.25.0-beta.1 (11.0.16.1; Windows 11; 10.0)",
        "x-ms-blob-content-length": "1024",
        "x-ms-client-request-id": "569e7984-1863-46ef-b9e1-e1b353062cfd",
        "x-ms-version": "2023-08-03"
      },
      "RequestBody": null,
      "StatusCode": 412,
      "ResponseHeaders": {
        "Content-Length": "252",
        "Content-Type": "application/xml",
        "Date": "Thu, 28 Sep 2023 18:36:56 GMT",
        "Server": [
          "Windows-Azure-Blob/1.0",
          "Microsoft-HTTPAPI/2.0"
        ],
        "x-ms-client-request-id": "569e7984-1863-46ef-b9e1-e1b353062cfd",
        "x-ms-error-code": "ConditionNotMet",
        "x-ms-request-id": "4c8fd97e-101e-0040-643a-f296ba000000",
        "x-ms-version": "2023-08-03"
      },
      "ResponseBody": [
        "\uFEFF\u003C?xml version=\u00221.0\u0022 encoding=\u0022utf-8\u0022?\u003E\u003CError\u003E\u003CCode\u003EConditionNotMet\u003C/Code\u003E\u003CMessage\u003EThe condition specified using HTTP conditional header(s) is not met.\n",
        "RequestId:4c8fd97e-101e-0040-643a-f296ba000000\n",
        "Time:2023-09-28T18:36:56.6367111Z\u003C/Message\u003E\u003C/Error\u003E"
      ]
    }
  ],
  "Variables": {
    "0": "429d80650resizeacfail68f5515937a87583fc204edd9",
    "1": "429d80651resizeacfail68f04198d0521bc3b0da40fb8"
  }
}
