{
  "Entries": [
    {
      "RequestUri": "https://REDACTED/95e4ae910listpagerangesdiffacfail1ec46964305248e3745?restype=container",
      "RequestMethod": "PUT",
      "RequestHeaders": {
        "Accept": "application/xml",
        "Authorization": "Sanitized",
        "Content-Length": "0",
        "Date": "Wed, 18 Oct 2023 19:25:26 GMT",
        "User-Agent": "azsdk-java-azure-storage-blob/12.25.0-beta.1 (17.0.8; Windows 11; 10.0)",
        "x-ms-client-request-id": "f8c5972a-195c-494f-9f74-dc5ad462e162",
        "x-ms-version": "2023-11-03"
      },
      "RequestBody": null,
      "StatusCode": 201,
      "ResponseHeaders": {
        "Content-Length": "0",
        "Date": "Wed, 18 Oct 2023 19:25:26 GMT",
        "ETag": "\u00220x8DBD00FFB7F7C0F\u0022",
        "Last-Modified": "Wed, 18 Oct 2023 19:25:26 GMT",
        "Server": [
          "Windows-Azure-Blob/1.0",
          "Microsoft-HTTPAPI/2.0"
        ],
        "x-ms-client-request-id": "f8c5972a-195c-494f-9f74-dc5ad462e162",
        "x-ms-request-id": "b5efaa81-e01e-009d-41f8-0165dc000000",
        "x-ms-version": "2023-11-03"
      },
      "ResponseBody": null
    },
    {
      "RequestUri": "https://REDACTED/95e4ae910listpagerangesdiffacfail1ec46964305248e3745/95e4ae911listpagerangesdiffacfail1ec40220d5e1254daa4",
      "RequestMethod": "PUT",
      "RequestHeaders": {
        "Accept": "application/xml",
        "Authorization": "Sanitized",
        "Content-Length": "0",
        "Date": "Wed, 18 Oct 2023 19:25:26 GMT",
        "If-None-Match": "*",
        "User-Agent": "azsdk-java-azure-storage-blob/12.25.0-beta.1 (17.0.8; Windows 11; 10.0)",
        "x-ms-blob-content-length": "512",
        "x-ms-blob-type": "PageBlob",
        "x-ms-client-request-id": "6f3293c7-d237-472e-b61f-d065d23ca9be",
        "x-ms-version": "2023-11-03"
      },
      "RequestBody": null,
      "StatusCode": 201,
      "ResponseHeaders": {
        "Content-Length": "0",
        "Date": "Wed, 18 Oct 2023 19:25:26 GMT",
        "ETag": "\u00220x8DBD00FFB91B866\u0022",
        "Last-Modified": "Wed, 18 Oct 2023 19:25:26 GMT",
        "Server": [
          "Windows-Azure-Blob/1.0",
          "Microsoft-HTTPAPI/2.0"
        ],
        "x-ms-client-request-id": "6f3293c7-d237-472e-b61f-d065d23ca9be",
        "x-ms-request-id": "9f6277ae-801e-0032-59f8-019711000000",
        "x-ms-request-server-encrypted": "true",
        "x-ms-version": "2023-11-03"
      },
      "ResponseBody": null
    },
    {
      "RequestUri": "https://REDACTED/95e4ae910listpagerangesdiffacfail1ec46964305248e3745/95e4ae911listpagerangesdiffacfail1ec40220d5e1254daa4?comp=snapshot",
      "RequestMethod": "PUT",
      "RequestHeaders": {
        "Accept": "application/xml",
        "Authorization": "Sanitized",
        "Content-Length": "0",
        "Date": "Wed, 18 Oct 2023 19:25:26 GMT",
        "User-Agent": "azsdk-java-azure-storage-blob/12.25.0-beta.1 (17.0.8; Windows 11; 10.0)",
        "x-ms-client-request-id": "2ce48656-4e9d-437d-aec7-821e61385933",
        "x-ms-version": "2023-11-03"
      },
      "RequestBody": null,
      "StatusCode": 201,
      "ResponseHeaders": {
        "Content-Length": "0",
        "Date": "Wed, 18 Oct 2023 19:25:26 GMT",
        "ETag": "\u00220x8DBD00FFB91B866\u0022",
        "Last-Modified": "Wed, 18 Oct 2023 19:25:26 GMT",
        "Server": [
          "Windows-Azure-Blob/1.0",
          "Microsoft-HTTPAPI/2.0"
        ],
        "x-ms-client-request-id": "2ce48656-4e9d-437d-aec7-821e61385933",
        "x-ms-request-id": "9f627818-801e-0032-3cf8-019711000000",
        "x-ms-request-server-encrypted": "false",
        "x-ms-snapshot": "2023-10-18T19:25:26.7804549Z",
        "x-ms-version": "2023-11-03"
      },
      "ResponseBody": null
    },
    {
      "RequestUri": "https://REDACTED/95e4ae910listpagerangesdiffacfail1ec46964305248e3745/95e4ae911listpagerangesdiffacfail1ec40220d5e1254daa4?comp=pagelist\u0026prevsnapshot=2023-10-18T19%3A25%3A26.7804549Z",
      "RequestMethod": "GET",
      "RequestHeaders": {
        "Accept": "application/xml",
        "Authorization": "Sanitized",
        "Content-Length": "0",
        "Date": "Wed, 18 Oct 2023 19:25:26 GMT",
        "If-Modified-Since": "Thu, 19 Oct 2023 19:25:11 GMT",
        "User-Agent": "azsdk-java-azure-storage-blob/12.25.0-beta.1 (17.0.8; Windows 11; 10.0)",
        "x-ms-client-request-id": "35137c2e-d53a-4803-9e52-48e24f8ff172",
        "x-ms-range": "bytes=0-511",
        "x-ms-version": "2023-11-03"
      },
      "RequestBody": null,
      "StatusCode": 304,
      "ResponseHeaders": {
        "Access-Control-Allow-Origin": "*",
        "Access-Control-Expose-Headers": "x-ms-client-request-id",
        "Date": "Wed, 18 Oct 2023 19:25:26 GMT",
        "Server": [
          "Windows-Azure-Blob/1.0",
          "Microsoft-HTTPAPI/2.0"
        ],
        "x-ms-client-request-id": "35137c2e-d53a-4803-9e52-48e24f8ff172",
        "x-ms-error-code": "ConditionNotMet",
        "x-ms-request-id": "9f627882-801e-0032-22f8-019711000000",
        "x-ms-version": "2023-11-03"
      },
      "ResponseBody": null
    }
  ],
  "Variables": {
    "0": "95e4ae910listpagerangesdiffacfail1ec46964305248e3745",
    "1": "95e4ae911listpagerangesdiffacfail1ec40220d5e1254daa4"
  }
}
