{
  "Entries": [
    {
      "RequestUri": "https://REDACTED/fc1d6c890getpagerangesacfailc64726158c5e608773bd4?restype=container",
      "RequestMethod": "PUT",
      "RequestHeaders": {
        "Accept": "application/xml",
        "Authorization": "Sanitized",
        "Content-Length": "0",
        "Date": "Wed, 11 Oct 2023 20:45:03 GMT",
        "User-Agent": "azsdk-java-azure-storage-blob/12.25.0-beta.1 (17.0.8.1; Windows 11; 10.0)",
        "x-ms-client-request-id": "c229c3c7-292f-49fd-bce6-dfd0552f2b4a",
        "x-ms-version": "2023-08-03"
      },
      "RequestBody": null,
      "StatusCode": 201,
      "ResponseHeaders": {
        "Content-Length": "0",
        "Date": "Wed, 11 Oct 2023 20:45:03 GMT",
        "ETag": "\u00220x8DBCA9AF1EA041C\u0022",
        "Last-Modified": "Wed, 11 Oct 2023 20:45:03 GMT",
        "Server": [
          "Windows-Azure-Blob/1.0",
          "Microsoft-HTTPAPI/2.0"
        ],
        "x-ms-client-request-id": "c229c3c7-292f-49fd-bce6-dfd0552f2b4a",
        "x-ms-request-id": "197fc2fa-d01e-0084-1483-fce383000000",
        "x-ms-version": "2023-08-03"
      },
      "ResponseBody": null
    },
    {
      "RequestUri": "https://REDACTED/fc1d6c890getpagerangesacfailc64726158c5e608773bd4/fc1d6c891getpagerangesacfailc64451963bc2ded27bd34",
      "RequestMethod": "PUT",
      "RequestHeaders": {
        "Accept": "application/xml",
        "Authorization": "Sanitized",
        "Content-Length": "0",
        "Date": "Wed, 11 Oct 2023 20:45:03 GMT",
        "If-None-Match": "*",
        "User-Agent": "azsdk-java-azure-storage-blob/12.25.0-beta.1 (17.0.8.1; Windows 11; 10.0)",
        "x-ms-blob-content-length": "512",
        "x-ms-blob-type": "PageBlob",
        "x-ms-client-request-id": "adf757af-874e-46e8-b3eb-a5ed3918caf6",
        "x-ms-version": "2023-08-03"
      },
      "RequestBody": null,
      "StatusCode": 201,
      "ResponseHeaders": {
        "Content-Length": "0",
        "Date": "Wed, 11 Oct 2023 20:45:03 GMT",
        "ETag": "\u00220x8DBCA9AF1EE7FB5\u0022",
        "Last-Modified": "Wed, 11 Oct 2023 20:45:03 GMT",
        "Server": [
          "Windows-Azure-Blob/1.0",
          "Microsoft-HTTPAPI/2.0"
        ],
        "x-ms-client-request-id": "adf757af-874e-46e8-b3eb-a5ed3918caf6",
        "x-ms-request-id": "197fc31d-d01e-0084-2f83-fce383000000",
        "x-ms-request-server-encrypted": "true",
        "x-ms-version": "2023-08-03"
      },
      "ResponseBody": null
    },
    {
      "RequestUri": "https://REDACTED/fc1d6c890getpagerangesacfailc64726158c5e608773bd4/fc1d6c891getpagerangesacfailc64451963bc2ded27bd34?comp=pagelist",
      "RequestMethod": "GET",
      "RequestHeaders": {
        "Accept": "application/xml",
        "Authorization": "Sanitized",
        "Content-Length": "0",
        "Date": "Wed, 11 Oct 2023 20:45:03 GMT",
        "User-Agent": "azsdk-java-azure-storage-blob/12.25.0-beta.1 (17.0.8.1; Windows 11; 10.0)",
        "x-ms-client-request-id": "7c0299d5-b19d-4fb6-bf35-938733ef1c38",
        "x-ms-if-tags": "\u0022notfoo\u0022 = \u0027notbar\u0027",
        "x-ms-range": "bytes=0-511",
        "x-ms-version": "2023-08-03"
      },
      "RequestBody": null,
      "StatusCode": 412,
      "ResponseHeaders": {
        "Access-Control-Allow-Origin": "*",
        "Access-Control-Expose-Headers": "x-ms-client-request-id",
        "Content-Length": "253",
        "Content-Type": "application/xml",
        "Date": "Wed, 11 Oct 2023 20:45:03 GMT",
        "Server": [
          "Windows-Azure-Blob/1.0",
          "Microsoft-HTTPAPI/2.0"
        ],
        "x-ms-client-request-id": "7c0299d5-b19d-4fb6-bf35-938733ef1c38",
        "x-ms-error-code": "ConditionNotMet",
        "x-ms-request-id": "b143be22-d01e-004f-0f83-fce0d6000000",
        "x-ms-version": "2023-08-03"
      },
      "ResponseBody": [
        "\uFEFF\u003C?xml version=\u00221.0\u0022 encoding=\u0022utf-8\u0022?\u003E\n",
        "\u003CError\u003E\u003CCode\u003EConditionNotMet\u003C/Code\u003E\u003CMessage\u003EThe condition specified using HTTP conditional header(s) is not met.\n",
        "RequestId:b143be22-d01e-004f-0f83-fce0d6000000\n",
        "Time:2023-10-11T20:45:03.6006047Z\u003C/Message\u003E\u003C/Error\u003E"
      ]
    }
  ],
  "Variables": {
    "0": "fc1d6c890getpagerangesacfailc64726158c5e608773bd4",
    "1": "fc1d6c891getpagerangesacfailc64451963bc2ded27bd34"
  }
}
