{
  "Entries": [
    {
      "RequestUri": "https://REDACTED/fafcf3da0clearpagesacb1903734a028ec568a964aab9?restype=container",
      "RequestMethod": "PUT",
      "RequestHeaders": {
        "Accept": "application/xml",
        "Authorization": "Sanitized",
        "Content-Length": "0",
        "Date": "Wed, 13 Dec 2023 21:48:06 GMT",
        "User-Agent": "azsdk-java-azure-storage-blob/12.26.0-beta.1 (17.0.8; Windows 11; 10.0)",
        "x-ms-client-request-id": "c1a4b712-3cc2-454b-acdc-e7a09bfe185c",
        "x-ms-version": "2024-02-04"
      },
      "RequestBody": null,
      "StatusCode": 201,
      "ResponseHeaders": {
        "Content-Length": "0",
        "Date": "Wed, 13 Dec 2023 21:48:05 GMT",
        "ETag": "\u00220x8DBFC2530BBEAF7\u0022",
        "Last-Modified": "Wed, 13 Dec 2023 21:48:06 GMT",
        "Server": [
          "Windows-Azure-Blob/1.0",
          "Microsoft-HTTPAPI/2.0"
        ],
        "x-ms-client-request-id": "c1a4b712-3cc2-454b-acdc-e7a09bfe185c",
        "x-ms-request-id": "260bfbff-801e-0050-760e-2e5536000000",
        "x-ms-version": "2024-02-04"
      },
      "ResponseBody": null
    },
    {
      "RequestUri": "https://REDACTED/fafcf3da0clearpagesacb1903734a028ec568a964aab9?restype=container",
      "RequestMethod": "PUT",
      "RequestHeaders": {
        "Accept": "application/xml",
        "Authorization": "Sanitized",
        "Content-Length": "0",
        "Date": "Wed, 13 Dec 2023 21:48:06 GMT",
        "User-Agent": "azsdk-java-azure-storage-blob/12.26.0-beta.1 (17.0.8; Windows 11; 10.0)",
        "x-ms-client-request-id": "ab5de767-ef5a-44be-b0f7-786a9955ff4d",
        "x-ms-version": "2024-02-04"
      },
      "RequestBody": null,
      "StatusCode": 409,
      "ResponseHeaders": {
        "Content-Length": "230",
        "Content-Type": "application/xml",
        "Date": "Wed, 13 Dec 2023 21:48:05 GMT",
        "Server": [
          "Windows-Azure-Blob/1.0",
          "Microsoft-HTTPAPI/2.0"
        ],
        "x-ms-client-request-id": "ab5de767-ef5a-44be-b0f7-786a9955ff4d",
        "x-ms-error-code": "ContainerAlreadyExists",
        "x-ms-request-id": "260bfc4a-801e-0050-380e-2e5536000000",
        "x-ms-version": "2024-02-04"
      },
      "ResponseBody": [
        "\uFEFF\u003C?xml version=\u00221.0\u0022 encoding=\u0022utf-8\u0022?\u003E\u003CError\u003E\u003CCode\u003EContainerAlreadyExists\u003C/Code\u003E\u003CMessage\u003EThe specified container already exists.\n",
        "RequestId:260bfc4a-801e-0050-380e-2e5536000000\n",
        "Time:2023-12-13T21:48:06.5607866Z\u003C/Message\u003E\u003C/Error\u003E"
      ]
    },
    {
      "RequestUri": "https://REDACTED/fafcf3da0clearpagesacb1903734a028ec568a964aab9/fafcf3da1clearpagesacb198837893fbd49dd4e54d318",
      "RequestMethod": "PUT",
      "RequestHeaders": {
        "Accept": "application/xml",
        "Authorization": "Sanitized",
        "Content-Length": "0",
        "Date": "Wed, 13 Dec 2023 21:48:06 GMT",
        "If-None-Match": "*",
        "User-Agent": "azsdk-java-azure-storage-blob/12.26.0-beta.1 (17.0.8; Windows 11; 10.0)",
        "x-ms-blob-content-length": "512",
        "x-ms-blob-type": "PageBlob",
        "x-ms-client-request-id": "e232d2ce-66a2-4d2e-a1d8-11ba220b0113",
        "x-ms-version": "2024-02-04"
      },
      "RequestBody": null,
      "StatusCode": 201,
      "ResponseHeaders": {
        "Content-Length": "0",
        "Date": "Wed, 13 Dec 2023 21:48:06 GMT",
        "ETag": "\u00220x8DBFC2530D801D3\u0022",
        "Last-Modified": "Wed, 13 Dec 2023 21:48:06 GMT",
        "Server": [
          "Windows-Azure-Blob/1.0",
          "Microsoft-HTTPAPI/2.0"
        ],
        "x-ms-client-request-id": "e232d2ce-66a2-4d2e-a1d8-11ba220b0113",
        "x-ms-request-id": "260bfc83-801e-0050-6f0e-2e5536000000",
        "x-ms-request-server-encrypted": "true",
        "x-ms-version": "2024-02-04"
      },
      "ResponseBody": null
    },
    {
      "RequestUri": "https://REDACTED/fafcf3da0clearpagesacb1903734a028ec568a964aab9/fafcf3da1clearpagesacb198837893fbd49dd4e54d318?comp=page",
      "RequestMethod": "PUT",
      "RequestHeaders": {
        "Accept": "application/xml",
        "Authorization": "Sanitized",
        "Content-Length": "512",
        "Content-Type": "application/octet-stream",
        "Date": "Wed, 13 Dec 2023 21:48:06 GMT",
        "User-Agent": "azsdk-java-azure-storage-blob/12.26.0-beta.1 (17.0.8; Windows 11; 10.0)",
        "x-ms-client-request-id": "3251e79f-02c5-4805-a65c-b193b48022aa",
        "x-ms-page-write": "update",
        "x-ms-range": "bytes=0-511",
        "x-ms-version": "2024-02-04"
      },
      "RequestBody": "P2FEzpwPoGvTxnvBqmxKovjod04fDbqAXKLM/y8MNF38\u002BhDpykbL5XL7U5Rg3r\u002BF76iEtzyuU3Y29YvcrL7vzE4gTF\u002BEJkyNzKWMs9LSxj/XZb9VsCXU5WLalGeWmFDeKONVPqNbH4dwl4xVsZoeSKaqr7UscpbYQdn4UQgBuFyglZTkUzq7brNYTIghcHU\u002Bs6BE2fXakSk6WPk10uv2bm8qR6WS1FUPKr1kyjqxCBU6\u002BJxAZe5aMzX5GjD1O6dvdCUTA7RgZ44xiKvKi\u002BohCNtgs09p0NUkHgaYfyj2XhExHDCn4u\u002BiNGchEKySsTozHJLxcgTZc4No7QN1VkMnokzGUlWWdN\u002BvMFmqb0VP0SPi4\u002Bviy4IWo4fOMT4eQ\u002BGEEJ65PiAZq70yPS2zjDo4Afx2x\u002B1oqfEEdRawLlKugmLpEP1AJOaCq9j8L8bEYuq/mO0MOxgYB6AuLGv8eElUKOw/hc8auej\u002B0t3\u002BND1KLl7Ms\u002BmULGgVDzMtSQhMJ5yjTFDHgM2K0eSTQOZLvfARVw7YIWCLLxSBC7rQMjy7XW7mS6x63QUmvdK0KcL8jQlQvHM0Ei9/lxK\u002B0izt67sZ7LaRw0M9bU80CR4ZsCYcu4SWo3SjpLG051jDHy\u002Bu1bdIYNYi0bXSCuL55/UvXLLAmz8QGTGMiUL3bCC3uhItBMc=",
      "StatusCode": 201,
      "ResponseHeaders": {
        "Content-Length": "0",
        "Date": "Wed, 13 Dec 2023 21:48:06 GMT",
        "ETag": "\u00220x8DBFC2530EA9CB9\u0022",
        "Last-Modified": "Wed, 13 Dec 2023 21:48:06 GMT",
        "Server": [
          "Windows-Azure-Blob/1.0",
          "Microsoft-HTTPAPI/2.0"
        ],
        "x-ms-blob-sequence-number": "0",
        "x-ms-client-request-id": "3251e79f-02c5-4805-a65c-b193b48022aa",
        "x-ms-content-crc64": "dclu/16ejng=",
        "x-ms-request-id": "260bfcf6-801e-0050-5f0e-2e5536000000",
        "x-ms-request-server-encrypted": "true",
        "x-ms-version": "2024-02-04"
      },
      "ResponseBody": null
    },
    {
      "RequestUri": "https://REDACTED/fafcf3da0clearpagesacb1903734a028ec568a964aab9/fafcf3da1clearpagesacb198837893fbd49dd4e54d318?comp=tags",
      "RequestMethod": "PUT",
      "RequestHeaders": {
        "Accept": "application/xml",
        "Authorization": "Sanitized",
        "Content-Length": "111",
        "Content-Type": "application/xml",
        "Date": "Wed, 13 Dec 2023 21:48:06 GMT",
        "User-Agent": "azsdk-java-azure-storage-blob/12.26.0-beta.1 (17.0.8; Windows 11; 10.0)",
        "x-ms-client-request-id": "e561226d-2e69-42ac-9ca3-08cd32dcc10b",
        "x-ms-version": "2024-02-04"
      },
      "RequestBody": "\u003C?xml version=\u00271.0\u0027 encoding=\u0027UTF-8\u0027?\u003E\u003CTags\u003E\u003CTagSet\u003E\u003CTag\u003E\u003CKey\u003Efoo\u003C/Key\u003E\u003CValue\u003Ebar\u003C/Value\u003E\u003C/Tag\u003E\u003C/TagSet\u003E\u003C/Tags\u003E",
      "StatusCode": 204,
      "ResponseHeaders": {
        "Date": "Wed, 13 Dec 2023 21:48:06 GMT",
        "Server": [
          "Windows-Azure-Blob/1.0",
          "Microsoft-HTTPAPI/2.0"
        ],
        "x-ms-client-request-id": "e561226d-2e69-42ac-9ca3-08cd32dcc10b",
        "x-ms-request-id": "260bfd21-801e-0050-070e-2e5536000000",
        "x-ms-version": "2024-02-04"
      },
      "ResponseBody": null
    },
    {
      "RequestUri": "https://REDACTED/fafcf3da0clearpagesacb1903734a028ec568a964aab9/fafcf3da1clearpagesacb198837893fbd49dd4e54d318",
      "RequestMethod": "HEAD",
      "RequestHeaders": {
        "Accept": "application/xml",
        "Authorization": "Sanitized",
        "Content-Length": "0",
        "Date": "Wed, 13 Dec 2023 21:48:06 GMT",
        "User-Agent": "azsdk-java-azure-storage-blob/12.26.0-beta.1 (17.0.8; Windows 11; 10.0)",
        "x-ms-client-request-id": "4d50e823-de84-486c-abf3-07d20fa56310",
        "x-ms-version": "2024-02-04"
      },
      "RequestBody": null,
      "StatusCode": 200,
      "ResponseHeaders": {
        "Accept-Ranges": "bytes",
        "Access-Control-Allow-Origin": "*",
        "Access-Control-Expose-Headers": "x-ms-client-request-id",
        "Content-Length": "512",
        "Content-Type": "application/octet-stream",
        "Date": "Wed, 13 Dec 2023 21:48:06 GMT",
        "ETag": "\u00220x8DBFC2530EA9CB9\u0022",
        "Last-Modified": "Wed, 13 Dec 2023 21:48:06 GMT",
        "Server": [
          "Windows-Azure-Blob/1.0",
          "Microsoft-HTTPAPI/2.0"
        ],
        "x-ms-blob-sequence-number": "0",
        "x-ms-blob-type": "PageBlob",
        "x-ms-client-request-id": "4d50e823-de84-486c-abf3-07d20fa56310",
        "x-ms-creation-time": "Wed, 13 Dec 2023 21:48:06 GMT",
        "x-ms-lease-state": "available",
        "x-ms-lease-status": "unlocked",
        "x-ms-request-id": "260bfd63-801e-0050-440e-2e5536000000",
        "x-ms-server-encrypted": "true",
        "x-ms-tag-count": "1",
        "x-ms-version": "2024-02-04"
      },
      "ResponseBody": null
    },
    {
      "RequestUri": "https://REDACTED/fafcf3da0clearpagesacb1903734a028ec568a964aab9/fafcf3da1clearpagesacb198837893fbd49dd4e54d318?comp=page",
      "RequestMethod": "PUT",
      "RequestHeaders": {
        "Accept": "application/xml",
        "Authorization": "Sanitized",
        "Content-Length": "0",
        "Date": "Wed, 13 Dec 2023 21:48:06 GMT",
        "If-Match": "0x8DBFC2530EA9CB9",
        "User-Agent": "azsdk-java-azure-storage-blob/12.26.0-beta.1 (17.0.8; Windows 11; 10.0)",
        "x-ms-client-request-id": "17d42e8c-9f5d-427c-ac13-f1e5c631e7e2",
        "x-ms-page-write": "clear",
        "x-ms-range": "bytes=0-511",
        "x-ms-version": "2024-02-04"
      },
      "RequestBody": null,
      "StatusCode": 201,
      "ResponseHeaders": {
        "Content-Length": "0",
        "Date": "Wed, 13 Dec 2023 21:48:06 GMT",
        "ETag": "\u00220x8DBFC2531137B64\u0022",
        "Last-Modified": "Wed, 13 Dec 2023 21:48:07 GMT",
        "Server": [
          "Windows-Azure-Blob/1.0",
          "Microsoft-HTTPAPI/2.0"
        ],
        "x-ms-blob-sequence-number": "0",
        "x-ms-client-request-id": "17d42e8c-9f5d-427c-ac13-f1e5c631e7e2",
        "x-ms-request-id": "260bfdad-801e-0050-090e-2e5536000000",
        "x-ms-version": "2024-02-04"
      },
      "ResponseBody": null
    }
  ],
  "Variables": {
    "0": "fafcf3da0clearpagesacb1903734a028ec568a964aab9",
    "1": "fafcf3da1clearpagesacb198837893fbd49dd4e54d318",
    "2": "2017da87-cad6-4afa-a21e-4689aa4d2a28"
  }
}
