{
  "Entries": [
    {
      "RequestUri": "https://REDACTED/d082a8e70getpagerangesac91f7570014b7da87995d433?restype=container",
      "RequestMethod": "PUT",
      "RequestHeaders": {
        "Accept": "application/xml",
        "Authorization": "Sanitized",
        "Content-Length": "0",
        "Date": "Mon, 04 Dec 2023 20:55:54 GMT",
        "User-Agent": "azsdk-java-azure-storage-blob/12.26.0-beta.1 (17.0.8; Windows 11; 10.0)",
        "x-ms-client-request-id": "63ddc70e-f53b-4a75-847f-917cc20c1600",
        "x-ms-version": "2024-02-04"
      },
      "RequestBody": null,
      "StatusCode": 201,
      "ResponseHeaders": {
        "Content-Length": "0",
        "Date": "Mon, 04 Dec 2023 20:55:54 GMT",
        "ETag": "\u00220x8DBF50B68C72867\u0022",
        "Last-Modified": "Mon, 04 Dec 2023 20:55:55 GMT",
        "Server": [
          "Windows-Azure-Blob/1.0",
          "Microsoft-HTTPAPI/2.0"
        ],
        "x-ms-client-request-id": "63ddc70e-f53b-4a75-847f-917cc20c1600",
        "x-ms-request-id": "1f9f386d-c01e-007c-5cf4-26bf7d000000",
        "x-ms-version": "2024-02-04"
      },
      "ResponseBody": null
    },
    {
      "RequestUri": "https://REDACTED/d082a8e70getpagerangesac91f7570014b7da87995d433?restype=container",
      "RequestMethod": "PUT",
      "RequestHeaders": {
        "Accept": "application/xml",
        "Authorization": "Sanitized",
        "Content-Length": "0",
        "Date": "Mon, 04 Dec 2023 20:55:54 GMT",
        "User-Agent": "azsdk-java-azure-storage-blob/12.26.0-beta.1 (17.0.8; Windows 11; 10.0)",
        "x-ms-client-request-id": "907a16e8-ffe9-4994-8a4f-475505952eb5",
        "x-ms-version": "2024-02-04"
      },
      "RequestBody": null,
      "StatusCode": 409,
      "ResponseHeaders": {
        "Content-Length": "230",
        "Content-Type": "application/xml",
        "Date": "Mon, 04 Dec 2023 20:55:54 GMT",
        "Server": [
          "Windows-Azure-Blob/1.0",
          "Microsoft-HTTPAPI/2.0"
        ],
        "x-ms-client-request-id": "907a16e8-ffe9-4994-8a4f-475505952eb5",
        "x-ms-error-code": "ContainerAlreadyExists",
        "x-ms-request-id": "3bbd1104-401e-004d-4af4-265e6e000000",
        "x-ms-version": "2024-02-04"
      },
      "ResponseBody": [
        "\uFEFF\u003C?xml version=\u00221.0\u0022 encoding=\u0022utf-8\u0022?\u003E\u003CError\u003E\u003CCode\u003EContainerAlreadyExists\u003C/Code\u003E\u003CMessage\u003EThe specified container already exists.\n",
        "RequestId:3bbd1104-401e-004d-4af4-265e6e000000\n",
        "Time:2023-12-04T20:55:55.5122127Z\u003C/Message\u003E\u003C/Error\u003E"
      ]
    },
    {
      "RequestUri": "https://REDACTED/d082a8e70getpagerangesac91f7570014b7da87995d433/d082a8e71getpagerangesac91f49290dcff83ceb0584f9",
      "RequestMethod": "PUT",
      "RequestHeaders": {
        "Accept": "application/xml",
        "Authorization": "Sanitized",
        "Content-Length": "0",
        "Date": "Mon, 04 Dec 2023 20:55:54 GMT",
        "If-None-Match": "*",
        "User-Agent": "azsdk-java-azure-storage-blob/12.26.0-beta.1 (17.0.8; Windows 11; 10.0)",
        "x-ms-blob-content-length": "512",
        "x-ms-blob-type": "PageBlob",
        "x-ms-client-request-id": "037981f0-1a0a-4564-bd4b-df239d53c2a1",
        "x-ms-version": "2024-02-04"
      },
      "RequestBody": null,
      "StatusCode": 201,
      "ResponseHeaders": {
        "Content-Length": "0",
        "Date": "Mon, 04 Dec 2023 20:55:54 GMT",
        "ETag": "\u00220x8DBF50B68DCC292\u0022",
        "Last-Modified": "Mon, 04 Dec 2023 20:55:55 GMT",
        "Server": [
          "Windows-Azure-Blob/1.0",
          "Microsoft-HTTPAPI/2.0"
        ],
        "x-ms-client-request-id": "037981f0-1a0a-4564-bd4b-df239d53c2a1",
        "x-ms-request-id": "3bbd114e-401e-004d-0df4-265e6e000000",
        "x-ms-request-server-encrypted": "true",
        "x-ms-version": "2024-02-04",
        "x-ms-version-id": "2023-12-04T20:55:55.5810710Z"
      },
      "ResponseBody": null
    },
    {
      "RequestUri": "https://REDACTED/d082a8e70getpagerangesac91f7570014b7da87995d433/d082a8e71getpagerangesac91f49290dcff83ceb0584f9?comp=tags",
      "RequestMethod": "PUT",
      "RequestHeaders": {
        "Accept": "application/xml",
        "Authorization": "Sanitized",
        "Content-Length": "111",
        "Content-Type": "application/xml",
        "Date": "Mon, 04 Dec 2023 20:55:54 GMT",
        "User-Agent": "azsdk-java-azure-storage-blob/12.26.0-beta.1 (17.0.8; Windows 11; 10.0)",
        "x-ms-client-request-id": "a78c2aae-a74e-478c-adae-5f7dcbcdb92e",
        "x-ms-version": "2024-02-04"
      },
      "RequestBody": "\u003C?xml version=\u00271.0\u0027 encoding=\u0027UTF-8\u0027?\u003E\u003CTags\u003E\u003CTagSet\u003E\u003CTag\u003E\u003CKey\u003Efoo\u003C/Key\u003E\u003CValue\u003Ebar\u003C/Value\u003E\u003C/Tag\u003E\u003C/TagSet\u003E\u003C/Tags\u003E",
      "StatusCode": 204,
      "ResponseHeaders": {
        "Date": "Mon, 04 Dec 2023 20:55:54 GMT",
        "Server": [
          "Windows-Azure-Blob/1.0",
          "Microsoft-HTTPAPI/2.0"
        ],
        "x-ms-client-request-id": "a78c2aae-a74e-478c-adae-5f7dcbcdb92e",
        "x-ms-request-id": "1f9f399f-c01e-007c-7cf4-26bf7d000000",
        "x-ms-version": "2024-02-04"
      },
      "ResponseBody": null
    },
    {
      "RequestUri": "https://REDACTED/d082a8e70getpagerangesac91f7570014b7da87995d433/d082a8e71getpagerangesac91f49290dcff83ceb0584f9?comp=lease",
      "RequestMethod": "PUT",
      "RequestHeaders": {
        "Accept": "application/xml",
        "Authorization": "Sanitized",
        "Content-Length": "0",
        "Date": "Mon, 04 Dec 2023 20:55:54 GMT",
        "User-Agent": "azsdk-java-azure-storage-blob/12.26.0-beta.1 (17.0.8; Windows 11; 10.0)",
        "x-ms-client-request-id": "d8ffa8ce-21ed-41d5-af39-cd4f4b45d5ad",
        "x-ms-lease-action": "acquire",
        "x-ms-lease-duration": "-1",
        "x-ms-proposed-lease-id": "b7c3aaa0-846a-4b2d-bcba-391d65aaf116",
        "x-ms-version": "2024-02-04"
      },
      "RequestBody": null,
      "StatusCode": 201,
      "ResponseHeaders": {
        "Content-Length": "0",
        "Date": "Mon, 04 Dec 2023 20:55:54 GMT",
        "ETag": "\u00220x8DBF50B68DCC292\u0022",
        "Last-Modified": "Mon, 04 Dec 2023 20:55:55 GMT",
        "Server": [
          "Windows-Azure-Blob/1.0",
          "Microsoft-HTTPAPI/2.0"
        ],
        "x-ms-client-request-id": "d8ffa8ce-21ed-41d5-af39-cd4f4b45d5ad",
        "x-ms-lease-id": "b7c3aaa0-846a-4b2d-bcba-391d65aaf116",
        "x-ms-request-id": "1f9f3a0b-c01e-007c-67f4-26bf7d000000",
        "x-ms-version": "2024-02-04"
      },
      "ResponseBody": null
    },
    {
      "RequestUri": "https://REDACTED/d082a8e70getpagerangesac91f7570014b7da87995d433/d082a8e71getpagerangesac91f49290dcff83ceb0584f9?comp=pagelist",
      "RequestMethod": "GET",
      "RequestHeaders": {
        "Accept": "application/xml",
        "Authorization": "Sanitized",
        "Content-Length": "0",
        "Date": "Mon, 04 Dec 2023 20:55:54 GMT",
        "User-Agent": "azsdk-java-azure-storage-blob/12.26.0-beta.1 (17.0.8; Windows 11; 10.0)",
        "x-ms-client-request-id": "5bf855bd-4941-4466-aed1-6a2a0c3ccb31",
        "x-ms-lease-id": "b7c3aaa0-846a-4b2d-bcba-391d65aaf116",
        "x-ms-range": "bytes=0-511",
        "x-ms-version": "2024-02-04"
      },
      "RequestBody": null,
      "StatusCode": 200,
      "ResponseHeaders": {
        "Access-Control-Allow-Origin": "*",
        "Access-Control-Expose-Headers": "x-ms-client-request-id",
        "Content-Type": "application/xml",
        "Date": "Mon, 04 Dec 2023 20:55:55 GMT",
        "ETag": "\u00220x8DBF50B68DCC292\u0022",
        "Last-Modified": "Mon, 04 Dec 2023 20:55:55 GMT",
        "Server": [
          "Windows-Azure-Blob/1.0",
          "Microsoft-HTTPAPI/2.0"
        ],
        "Transfer-Encoding": "chunked",
        "x-ms-blob-content-length": "512",
        "x-ms-client-request-id": "5bf855bd-4941-4466-aed1-6a2a0c3ccb31",
        "x-ms-request-id": "1f9f3a6f-c01e-007c-47f4-26bf7d000000",
        "x-ms-version": "2024-02-04"
      },
      "ResponseBody": [
        "\uFEFF\u003C?xml version=\u00221.0\u0022 encoding=\u0022utf-8\u0022?\u003E\n",
        "\u003CPageList/\u003E"
      ]
    }
  ],
  "Variables": {
    "0": "d082a8e70getpagerangesac91f7570014b7da87995d433",
    "1": "d082a8e71getpagerangesac91f49290dcff83ceb0584f9"
  }
}
