{
  "Entries": [
    {
      "RequestUri": "https://REDACTED/583058570uploadpagefromurldestinationacc6c09597ebf88adf?restype=container",
      "RequestMethod": "PUT",
      "RequestHeaders": {
        "Accept": "application/xml",
        "Authorization": "Sanitized",
        "Content-Length": "0",
        "Date": "Fri, 17 Nov 2023 19:07:41 GMT",
        "User-Agent": "azsdk-java-azure-storage-blob/12.26.0-beta.1 (17.0.8; Windows 11; 10.0)",
        "x-ms-client-request-id": "ffdd6c26-718a-4d84-a504-9b29deaa8e0e",
        "x-ms-version": "2024-02-04"
      },
      "RequestBody": null,
      "StatusCode": 201,
      "ResponseHeaders": {
        "Content-Length": "0",
        "Date": "Fri, 17 Nov 2023 19:07:41 GMT",
        "ETag": "\u00220x8DBE7A0794302EF\u0022",
        "Last-Modified": "Fri, 17 Nov 2023 19:07:41 GMT",
        "Server": [
          "Windows-Azure-Blob/1.0",
          "Microsoft-HTTPAPI/2.0"
        ],
        "x-ms-client-request-id": "ffdd6c26-718a-4d84-a504-9b29deaa8e0e",
        "x-ms-request-id": "02768ec9-301e-00a1-1d89-194c1b000000",
        "x-ms-version": "2024-02-04"
      },
      "ResponseBody": null
    },
    {
      "RequestUri": "https://REDACTED/583058570uploadpagefromurldestinationacc6c09597ebf88adf/583058571uploadpagefromurldestinationacc6c43248636b87b7",
      "RequestMethod": "PUT",
      "RequestHeaders": {
        "Accept": "application/xml",
        "Authorization": "Sanitized",
        "Content-Length": "0",
        "Date": "Fri, 17 Nov 2023 19:07:41 GMT",
        "If-None-Match": "*",
        "User-Agent": "azsdk-java-azure-storage-blob/12.26.0-beta.1 (17.0.8; Windows 11; 10.0)",
        "x-ms-blob-content-length": "512",
        "x-ms-blob-type": "PageBlob",
        "x-ms-client-request-id": "ee97c277-0478-406a-a8bd-cccdfb8c8e94",
        "x-ms-version": "2024-02-04"
      },
      "RequestBody": null,
      "StatusCode": 201,
      "ResponseHeaders": {
        "Content-Length": "0",
        "Date": "Fri, 17 Nov 2023 19:07:41 GMT",
        "ETag": "\u00220x8DBE7A0795104D3\u0022",
        "Last-Modified": "Fri, 17 Nov 2023 19:07:41 GMT",
        "Server": [
          "Windows-Azure-Blob/1.0",
          "Microsoft-HTTPAPI/2.0"
        ],
        "x-ms-client-request-id": "ee97c277-0478-406a-a8bd-cccdfb8c8e94",
        "x-ms-request-id": "02768f69-301e-00a1-2d89-194c1b000000",
        "x-ms-request-server-encrypted": "true",
        "x-ms-version": "2024-02-04"
      },
      "ResponseBody": null
    },
    {
      "RequestUri": "https://REDACTED/583058570uploadpagefromurldestinationacc6c09597ebf88adf/583058571uploadpagefromurldestinationacc6c43248636b87b7?comp=tags",
      "RequestMethod": "PUT",
      "RequestHeaders": {
        "Accept": "application/xml",
        "Authorization": "Sanitized",
        "Content-Length": "111",
        "Content-Type": "application/xml",
        "Date": "Fri, 17 Nov 2023 19:07:41 GMT",
        "User-Agent": "azsdk-java-azure-storage-blob/12.26.0-beta.1 (17.0.8; Windows 11; 10.0)",
        "x-ms-client-request-id": "b2a8c7c2-518b-4c35-a9b7-64a27be88097",
        "x-ms-version": "2024-02-04"
      },
      "RequestBody": "\u003C?xml version=\u00271.0\u0027 encoding=\u0027UTF-8\u0027?\u003E\u003CTags\u003E\u003CTagSet\u003E\u003CTag\u003E\u003CKey\u003Efoo\u003C/Key\u003E\u003CValue\u003Ebar\u003C/Value\u003E\u003C/Tag\u003E\u003C/TagSet\u003E\u003C/Tags\u003E",
      "StatusCode": 204,
      "ResponseHeaders": {
        "Date": "Fri, 17 Nov 2023 19:07:41 GMT",
        "Server": [
          "Windows-Azure-Blob/1.0",
          "Microsoft-HTTPAPI/2.0"
        ],
        "x-ms-client-request-id": "b2a8c7c2-518b-4c35-a9b7-64a27be88097",
        "x-ms-request-id": "0276900a-301e-00a1-4689-194c1b000000",
        "x-ms-version": "2024-02-04"
      },
      "ResponseBody": null
    },
    {
      "RequestUri": "https://REDACTED/583058570uploadpagefromurldestinationacc6c09597ebf88adf?restype=container\u0026comp=acl",
      "RequestMethod": "PUT",
      "RequestHeaders": {
        "Accept": "application/xml",
        "Authorization": "Sanitized",
        "Content-Length": "58",
        "Content-Type": "application/xml",
        "Date": "Fri, 17 Nov 2023 19:07:42 GMT",
        "User-Agent": "azsdk-java-azure-storage-blob/12.26.0-beta.1 (17.0.8; Windows 11; 10.0)",
        "x-ms-blob-public-access": "container",
        "x-ms-client-request-id": "37874d6f-4d2a-4a35-9043-ad4135b2dd1e",
        "x-ms-version": "2024-02-04"
      },
      "RequestBody": "\u003C?xml version=\u00271.0\u0027 encoding=\u0027UTF-8\u0027?\u003E\u003CSignedIdentifiers/\u003E",
      "StatusCode": 200,
      "ResponseHeaders": {
        "Content-Length": "0",
        "Date": "Fri, 17 Nov 2023 19:07:41 GMT",
        "ETag": "\u00220x8DBE7A0796E8CC4\u0022",
        "Last-Modified": "Fri, 17 Nov 2023 19:07:42 GMT",
        "Server": [
          "Windows-Azure-Blob/1.0",
          "Microsoft-HTTPAPI/2.0"
        ],
        "x-ms-client-request-id": "37874d6f-4d2a-4a35-9043-ad4135b2dd1e",
        "x-ms-request-id": "027690b3-301e-00a1-5f89-194c1b000000",
        "x-ms-version": "2024-02-04"
      },
      "ResponseBody": null
    },
    {
      "RequestUri": "https://REDACTED/583058570uploadpagefromurldestinationacc6c09597ebf88adf/583058572uploadpagefromurldestinationacc6c1399634b758bf",
      "RequestMethod": "PUT",
      "RequestHeaders": {
        "Accept": "application/xml",
        "Authorization": "Sanitized",
        "Content-Length": "0",
        "Date": "Fri, 17 Nov 2023 19:07:42 GMT",
        "If-None-Match": "*",
        "User-Agent": "azsdk-java-azure-storage-blob/12.26.0-beta.1 (17.0.8; Windows 11; 10.0)",
        "x-ms-blob-content-length": "512",
        "x-ms-blob-type": "PageBlob",
        "x-ms-client-request-id": "83ad3068-9a35-4f4b-a8b8-80a9d5f5b840",
        "x-ms-version": "2024-02-04"
      },
      "RequestBody": null,
      "StatusCode": 201,
      "ResponseHeaders": {
        "Content-Length": "0",
        "Date": "Fri, 17 Nov 2023 19:07:41 GMT",
        "ETag": "\u00220x8DBE7A0797B1BE7\u0022",
        "Last-Modified": "Fri, 17 Nov 2023 19:07:42 GMT",
        "Server": [
          "Windows-Azure-Blob/1.0",
          "Microsoft-HTTPAPI/2.0"
        ],
        "x-ms-client-request-id": "83ad3068-9a35-4f4b-a8b8-80a9d5f5b840",
        "x-ms-request-id": "02769131-301e-00a1-5789-194c1b000000",
        "x-ms-request-server-encrypted": "true",
        "x-ms-version": "2024-02-04"
      },
      "ResponseBody": null
    },
    {
      "RequestUri": "https://REDACTED/583058570uploadpagefromurldestinationacc6c09597ebf88adf/583058572uploadpagefromurldestinationacc6c1399634b758bf?comp=page",
      "RequestMethod": "PUT",
      "RequestHeaders": {
        "Accept": "application/xml",
        "Authorization": "Sanitized",
        "Content-Length": "512",
        "Content-Type": "application/octet-stream",
        "Date": "Fri, 17 Nov 2023 19:07:42 GMT",
        "User-Agent": "azsdk-java-azure-storage-blob/12.26.0-beta.1 (17.0.8; Windows 11; 10.0)",
        "x-ms-client-request-id": "00ce027d-0c64-487e-affa-771d6714b1b7",
        "x-ms-page-write": "update",
        "x-ms-range": "bytes=0-511",
        "x-ms-version": "2024-02-04"
      },
      "RequestBody": "VzYCzNH4TvcomtCSoyPVYf/ss6wT/CG9b33MbMTxyD2KM6zNa2N4tghg1Rhv7FxMyT8xGWlyEFPT8Yovmtk50ENutuuOcgbqwfas84FwDOJ8DXgFRFd57LpNcoq2IPSvehny8Q4tQfXAAQ8wfLYuU4SrCI3/x0DQVMknI1Zw6fwsIuEtcGV/LhiY84TaWZUIkEXX0ew0zpW1JrL0yv\u002Blqdzr6cZv/Iiu/pQoNmTRfnkS4q7w0EtAT1WKQxr4wsTBDR2W/XrzDjBNeBApuwWPdMJ2QChiskOdkeM1G9voSuDJey5iNE8jngPXLBHTN9QtGw1Qts\u002BQFhAo5fsV/6mEDR3aRQv0ydojwltW7HI3Eund9rEqOeyCYL6NCF4HZz3VmhIFlUNWgupQV8RgtunNBIkSCnQz0dnaXEDv3igXbefWFEo6YHESNxfhRfGMH9N/6B9/tkdOOc3ubD7dqwa1/ukB7Ki/RcpCpodOZjq8LtCFJNQQcD6n6cTI1ntu5UUZ8Vi2SoWdHP4ukbg81ivXBy7gmdCg48pTERfBwmQlCUqOM\u002B2cDqVY6AXMXmXMKX3Qd1FqOjtRT4FvgcTCEakniWaSbNhofbhJJ\u002B/vIlvXPr02SmD3mqY4K1mAP9cOwkf0orm0nNWev2iwip1dGSI3zggUPW2KGbZNsFMF9ot/HOA=",
      "StatusCode": 201,
      "ResponseHeaders": {
        "Content-Length": "0",
        "Date": "Fri, 17 Nov 2023 19:07:41 GMT",
        "ETag": "\u00220x8DBE7A0798A0DD5\u0022",
        "Last-Modified": "Fri, 17 Nov 2023 19:07:42 GMT",
        "Server": [
          "Windows-Azure-Blob/1.0",
          "Microsoft-HTTPAPI/2.0"
        ],
        "x-ms-blob-sequence-number": "0",
        "x-ms-client-request-id": "00ce027d-0c64-487e-affa-771d6714b1b7",
        "x-ms-content-crc64": "PmjPYVGRG\u002BY=",
        "x-ms-request-id": "027691cf-301e-00a1-6f89-194c1b000000",
        "x-ms-request-server-encrypted": "true",
        "x-ms-version": "2024-02-04"
      },
      "ResponseBody": null
    },
    {
      "RequestUri": "https://REDACTED/583058570uploadpagefromurldestinationacc6c09597ebf88adf/583058571uploadpagefromurldestinationacc6c43248636b87b7?comp=page",
      "RequestMethod": "PUT",
      "RequestHeaders": {
        "Accept": "application/xml",
        "Authorization": "Sanitized",
        "Content-Length": "0",
        "Date": "Fri, 17 Nov 2023 19:07:42 GMT",
        "If-Unmodified-Since": "Sat, 18 Nov 2023 19:07:33 GMT",
        "User-Agent": "azsdk-java-azure-storage-blob/12.26.0-beta.1 (17.0.8; Windows 11; 10.0)",
        "x-ms-client-request-id": "0aba13e5-9072-4b56-8259-9ca454b4577b",
        "x-ms-copy-source": "https://REDACTED/583058570uploadpagefromurldestinationacc6c09597ebf88adf/583058572uploadpagefromurldestinationacc6c1399634b758bf",
        "x-ms-page-write": "update",
        "x-ms-range": "bytes=0-511",
        "x-ms-source-range": "bytes=0-511",
        "x-ms-version": "2024-02-04"
      },
      "RequestBody": null,
      "StatusCode": 201,
      "ResponseHeaders": {
        "Content-Length": "0",
        "Date": "Fri, 17 Nov 2023 19:07:42 GMT",
        "ETag": "\u00220x8DBE7A079994DDF\u0022",
        "Last-Modified": "Fri, 17 Nov 2023 19:07:42 GMT",
        "Server": [
          "Windows-Azure-Blob/1.0",
          "Microsoft-HTTPAPI/2.0"
        ],
        "x-ms-blob-sequence-number": "0",
        "x-ms-client-request-id": "0aba13e5-9072-4b56-8259-9ca454b4577b",
        "x-ms-content-crc64": "PmjPYVGRG\u002BY=",
        "x-ms-request-id": "0276929b-301e-00a1-3189-194c1b000000",
        "x-ms-request-server-encrypted": "true",
        "x-ms-version": "2024-02-04"
      },
      "ResponseBody": null
    }
  ],
  "Variables": {
    "0": "583058570uploadpagefromurldestinationacc6c09597ebf88adf",
    "1": "583058571uploadpagefromurldestinationacc6c43248636b87b7",
    "2": "583058572uploadpagefromurldestinationacc6c1399634b758bf",
    "3": "a33c0e66-b165-47c0-a6e2-4c07bf8d0c7f"
  }
}
