{
  "Entries": [
    {
      "RequestUri": "https://REDACTED/678803630uploadpageac2432679132ca9d4ff88d4b149?restype=container",
      "RequestMethod": "PUT",
      "RequestHeaders": {
        "Accept": "application/xml",
        "Authorization": "Sanitized",
        "Content-Length": "0",
        "Date": "Fri, 17 Nov 2023 19:07:38 GMT",
        "User-Agent": "azsdk-java-azure-storage-blob/12.26.0-beta.1 (17.0.8; Windows 11; 10.0)",
        "x-ms-client-request-id": "7b715bb5-9464-4f3e-9da3-c72082afd5a0",
        "x-ms-version": "2024-02-04"
      },
      "RequestBody": null,
      "StatusCode": 201,
      "ResponseHeaders": {
        "Content-Length": "0",
        "Date": "Fri, 17 Nov 2023 19:07:38 GMT",
        "ETag": "\u00220x8DBE7A07790ACD6\u0022",
        "Last-Modified": "Fri, 17 Nov 2023 19:07:38 GMT",
        "Server": [
          "Windows-Azure-Blob/1.0",
          "Microsoft-HTTPAPI/2.0"
        ],
        "x-ms-client-request-id": "7b715bb5-9464-4f3e-9da3-c72082afd5a0",
        "x-ms-request-id": "e0096421-b01e-0039-6b89-196c7a000000",
        "x-ms-version": "2024-02-04"
      },
      "ResponseBody": null
    },
    {
      "RequestUri": "https://REDACTED/678803630uploadpageac2432679132ca9d4ff88d4b149/678803631uploadpageac2437730545f10c2cb7a044f4a",
      "RequestMethod": "PUT",
      "RequestHeaders": {
        "Accept": "application/xml",
        "Authorization": "Sanitized",
        "Content-Length": "0",
        "Date": "Fri, 17 Nov 2023 19:07:39 GMT",
        "If-None-Match": "*",
        "User-Agent": "azsdk-java-azure-storage-blob/12.26.0-beta.1 (17.0.8; Windows 11; 10.0)",
        "x-ms-blob-content-length": "512",
        "x-ms-blob-type": "PageBlob",
        "x-ms-client-request-id": "bd174d8d-2b28-436a-b243-1d1fbe1a5507",
        "x-ms-version": "2024-02-04"
      },
      "RequestBody": null,
      "StatusCode": 201,
      "ResponseHeaders": {
        "Content-Length": "0",
        "Date": "Fri, 17 Nov 2023 19:07:38 GMT",
        "ETag": "\u00220x8DBE7A0779F4EAB\u0022",
        "Last-Modified": "Fri, 17 Nov 2023 19:07:39 GMT",
        "Server": [
          "Windows-Azure-Blob/1.0",
          "Microsoft-HTTPAPI/2.0"
        ],
        "x-ms-client-request-id": "bd174d8d-2b28-436a-b243-1d1fbe1a5507",
        "x-ms-request-id": "f1fbb473-401e-0094-7689-19200f000000",
        "x-ms-request-server-encrypted": "true",
        "x-ms-version": "2024-02-04"
      },
      "ResponseBody": null
    },
    {
      "RequestUri": "https://REDACTED/678803630uploadpageac2432679132ca9d4ff88d4b149/678803631uploadpageac2437730545f10c2cb7a044f4a?comp=tags",
      "RequestMethod": "PUT",
      "RequestHeaders": {
        "Accept": "application/xml",
        "Authorization": "Sanitized",
        "Content-Length": "111",
        "Content-Type": "application/xml",
        "Date": "Fri, 17 Nov 2023 19:07:39 GMT",
        "User-Agent": "azsdk-java-azure-storage-blob/12.26.0-beta.1 (17.0.8; Windows 11; 10.0)",
        "x-ms-client-request-id": "0b22744e-5698-4dad-b9d7-ff42485a6ca7",
        "x-ms-version": "2024-02-04"
      },
      "RequestBody": "\u003C?xml version=\u00271.0\u0027 encoding=\u0027UTF-8\u0027?\u003E\u003CTags\u003E\u003CTagSet\u003E\u003CTag\u003E\u003CKey\u003Efoo\u003C/Key\u003E\u003CValue\u003Ebar\u003C/Value\u003E\u003C/Tag\u003E\u003C/TagSet\u003E\u003C/Tags\u003E",
      "StatusCode": 204,
      "ResponseHeaders": {
        "Date": "Fri, 17 Nov 2023 19:07:38 GMT",
        "Server": [
          "Windows-Azure-Blob/1.0",
          "Microsoft-HTTPAPI/2.0"
        ],
        "x-ms-client-request-id": "0b22744e-5698-4dad-b9d7-ff42485a6ca7",
        "x-ms-request-id": "f1fbb4ce-401e-0094-4589-19200f000000",
        "x-ms-version": "2024-02-04"
      },
      "ResponseBody": null
    },
    {
      "RequestUri": "https://REDACTED/678803630uploadpageac2432679132ca9d4ff88d4b149/678803631uploadpageac2437730545f10c2cb7a044f4a?comp=lease",
      "RequestMethod": "PUT",
      "RequestHeaders": {
        "Accept": "application/xml",
        "Authorization": "Sanitized",
        "Content-Length": "0",
        "Date": "Fri, 17 Nov 2023 19:07:39 GMT",
        "User-Agent": "azsdk-java-azure-storage-blob/12.26.0-beta.1 (17.0.8; Windows 11; 10.0)",
        "x-ms-client-request-id": "5a09b311-c892-4376-8689-916df4b3491d",
        "x-ms-lease-action": "acquire",
        "x-ms-lease-duration": "-1",
        "x-ms-proposed-lease-id": "c68a7321-0f32-40a5-b59e-347a78b3c76d",
        "x-ms-version": "2024-02-04"
      },
      "RequestBody": null,
      "StatusCode": 201,
      "ResponseHeaders": {
        "Content-Length": "0",
        "Date": "Fri, 17 Nov 2023 19:07:38 GMT",
        "ETag": "\u00220x8DBE7A0779F4EAB\u0022",
        "Last-Modified": "Fri, 17 Nov 2023 19:07:39 GMT",
        "Server": [
          "Windows-Azure-Blob/1.0",
          "Microsoft-HTTPAPI/2.0"
        ],
        "x-ms-client-request-id": "5a09b311-c892-4376-8689-916df4b3491d",
        "x-ms-lease-id": "c68a7321-0f32-40a5-b59e-347a78b3c76d",
        "x-ms-request-id": "f1fbb52d-401e-0094-1a89-19200f000000",
        "x-ms-version": "2024-02-04"
      },
      "ResponseBody": null
    },
    {
      "RequestUri": "https://REDACTED/678803630uploadpageac2432679132ca9d4ff88d4b149/678803631uploadpageac2437730545f10c2cb7a044f4a?comp=page",
      "RequestMethod": "PUT",
      "RequestHeaders": {
        "Accept": "application/xml",
        "Authorization": "Sanitized",
        "Content-Length": "512",
        "Content-Type": "application/octet-stream",
        "Date": "Fri, 17 Nov 2023 19:07:39 GMT",
        "User-Agent": "azsdk-java-azure-storage-blob/12.26.0-beta.1 (17.0.8; Windows 11; 10.0)",
        "x-ms-client-request-id": "00342069-506d-4260-a577-e787fe8d0f9b",
        "x-ms-lease-id": "c68a7321-0f32-40a5-b59e-347a78b3c76d",
        "x-ms-page-write": "update",
        "x-ms-range": "bytes=0-511",
        "x-ms-version": "2024-02-04"
      },
      "RequestBody": "N0oXa8b6/swUzWb8o259J9LOkmBXv2lSQVWtRyWRLLZZ5WIebAmr9CsKv66I2fGyYIbpSD6VdcZJK\u002BporzRi5f3o/jYi9bYoLJ2FGytxyeqHAlIW\u002Bg8ou\u002Bf4AkTQpN6BoL7qNu6SwpyqrQcYhNfgxHYzSd5cSq9/sBjEvloHU5FFVo14DJYMJVu3yYje2WswH/TG\u002BqhsK1\u002Bc1w98so6\u002Bf\u002B/yRfVqotRfmGroKlkH6NO7Hr\u002BbF2cPc4jdnERS\u002BGMgKAea2ysv/SDgHIWnaJdbdUOxACtVfO5JsyXpZEhbgA9\u002BIZLFJTkXGlXJHzFUoBpM9wEligOcgJVBh2MctkadLQDpFyBjxUEUPaEARbadjGjbA4G2No3n4bvNDfhQMJhuxSln3KMzh5SCLBONAUesszWbSiv26H7PjWEZOeEyuZ9l8ePU2GCibjP61Ej2tTvFEQJkbsDkwGeHgEA2xhxzGX6752apmVWdAeE5Fi3d5vS9PH\u002BQBe0J7V0G3vxxzqaKMK5Xo/FcvbLDz6dtk07Ol02eiw2pD0X0J8UFVefogyyh5hUgPe5IVvItbKbmUTRRGF2fZoQ2y67hbR\u002ByQ8xgt3vVn\u002BRRuEKRLcxM4ztLRro5N88C5DH/CewIxocx5iNiaatrJKN/Eh63ZBbZeXE8ag8npmAKk3Cxi/7t8HNQGA8=",
      "StatusCode": 201,
      "ResponseHeaders": {
        "Content-Length": "0",
        "Date": "Fri, 17 Nov 2023 19:07:38 GMT",
        "ETag": "\u00220x8DBE7A077D12CCA\u0022",
        "Last-Modified": "Fri, 17 Nov 2023 19:07:39 GMT",
        "Server": [
          "Windows-Azure-Blob/1.0",
          "Microsoft-HTTPAPI/2.0"
        ],
        "x-ms-blob-sequence-number": "0",
        "x-ms-client-request-id": "00342069-506d-4260-a577-e787fe8d0f9b",
        "x-ms-content-crc64": "FE2BVDgStuI=",
        "x-ms-request-id": "f1fbb5a4-401e-0094-0589-19200f000000",
        "x-ms-request-server-encrypted": "true",
        "x-ms-version": "2024-02-04"
      },
      "ResponseBody": null
    }
  ],
  "Variables": {
    "0": "678803630uploadpageac2432679132ca9d4ff88d4b149",
    "1": "678803631uploadpageac2437730545f10c2cb7a044f4a",
    "2": "b47e9509-ac99-43f8-91fd-a9ed2d49f227"
  }
}
