{
  "Entries": [
    {
      "RequestUri": "https://REDACTED/8d05a1bd0accountsasonendpoint00299598fdc0a519c9984?restype=container",
      "RequestMethod": "PUT",
      "RequestHeaders": {
        "Accept": "application/xml",
        "Authorization": "Sanitized",
        "Content-Length": "0",
        "Date": "Mon, 08 Jan 2024 19:45:10 GMT",
        "User-Agent": "azsdk-java-azure-storage-blob/12.26.0-beta.1 (17.0.8; Windows 11; 10.0)",
        "x-ms-client-request-id": "ef26249a-b9c7-4865-8ae3-733551482b61",
        "x-ms-version": "2024-02-04"
      },
      "RequestBody": null,
      "StatusCode": 201,
      "ResponseHeaders": {
        "Content-Length": "0",
        "Date": "Mon, 08 Jan 2024 19:45:20 GMT",
        "ETag": "\u00220x8DC1082597DF99A\u0022",
        "Last-Modified": "Mon, 08 Jan 2024 19:45:21 GMT",
        "Server": [
          "Windows-Azure-Blob/1.0",
          "Microsoft-HTTPAPI/2.0"
        ],
        "x-ms-client-request-id": "ef26249a-b9c7-4865-8ae3-733551482b61",
        "x-ms-request-id": "ba75594d-601e-0077-0f6b-4242f2000000",
        "x-ms-version": "2024-02-04"
      },
      "ResponseBody": null
    },
    {
      "RequestUri": "https://REDACTED/8d05a1bd0accountsasonendpoint00299598fdc0a519c9984?restype=container",
      "RequestMethod": "PUT",
      "RequestHeaders": {
        "Accept": "application/xml",
        "Authorization": "Sanitized",
        "Content-Length": "0",
        "Date": "Mon, 08 Jan 2024 19:45:10 GMT",
        "User-Agent": "azsdk-java-azure-storage-blob/12.26.0-beta.1 (17.0.8; Windows 11; 10.0)",
        "x-ms-client-request-id": "58c244c0-1c4d-4a93-a017-60489e4a28a1",
        "x-ms-version": "2024-02-04"
      },
      "RequestBody": null,
      "StatusCode": 409,
      "ResponseHeaders": {
        "Content-Length": "230",
        "Content-Type": "application/xml",
        "Date": "Mon, 08 Jan 2024 19:45:20 GMT",
        "Server": [
          "Windows-Azure-Blob/1.0",
          "Microsoft-HTTPAPI/2.0"
        ],
        "x-ms-client-request-id": "58c244c0-1c4d-4a93-a017-60489e4a28a1",
        "x-ms-error-code": "ContainerAlreadyExists",
        "x-ms-request-id": "e3cba214-e01e-0056-4b6b-426689000000",
        "x-ms-version": "2024-02-04"
      },
      "ResponseBody": [
        "\uFEFF\u003C?xml version=\u00221.0\u0022 encoding=\u0022utf-8\u0022?\u003E\u003CError\u003E\u003CCode\u003EContainerAlreadyExists\u003C/Code\u003E\u003CMessage\u003EThe specified container already exists.\n",
        "RequestId:e3cba214-e01e-0056-4b6b-426689000000\n",
        "Time:2024-01-08T19:45:21.3866565Z\u003C/Message\u003E\u003C/Error\u003E"
      ]
    },
    {
      "RequestUri": "https://REDACTED/8d05a1bd0accountsasonendpoint00299598fdc0a519c9984/8d05a1bd1accountsasonendpoint0021206889fff4f884c04",
      "RequestMethod": "PUT",
      "RequestHeaders": {
        "Accept": "application/xml",
        "Authorization": "Sanitized",
        "Content-Length": "7",
        "Content-Type": "application/octet-stream",
        "Date": "Mon, 08 Jan 2024 19:45:10 GMT",
        "If-None-Match": "*",
        "User-Agent": "azsdk-java-azure-storage-blob/12.26.0-beta.1 (17.0.8; Windows 11; 10.0)",
        "x-ms-blob-type": "BlockBlob",
        "x-ms-client-request-id": "2d919cec-eeee-4feb-ba44-9d954b762f52",
        "x-ms-version": "2024-02-04"
      },
      "RequestBody": "ZGVmYXVsdA==",
      "StatusCode": 201,
      "ResponseHeaders": {
        "Content-Length": "0",
        "Content-MD5": "wh\u002BWm18D0z1D4E\u002BPE252gg==",
        "Date": "Mon, 08 Jan 2024 19:45:20 GMT",
        "ETag": "\u00220x8DC10825999FA86\u0022",
        "Last-Modified": "Mon, 08 Jan 2024 19:45:21 GMT",
        "Server": [
          "Windows-Azure-Blob/1.0",
          "Microsoft-HTTPAPI/2.0"
        ],
        "x-ms-client-request-id": "2d919cec-eeee-4feb-ba44-9d954b762f52",
        "x-ms-content-crc64": "6RYQPwaVsyQ=",
        "x-ms-request-id": "e3cba2ac-e01e-0056-4a6b-426689000000",
        "x-ms-request-server-encrypted": "true",
        "x-ms-version": "2024-02-04"
      },
      "ResponseBody": null
    },
    {
      "RequestUri": "https://REDACTED/8d05a1bd2accountsasonendpoint00205653b40cbf9d8dd44?restype=container\u0026sv=2024-05-04\u0026se=2024-01-09T19%3A45%3A10Z\u0026sp=rc\u0026REDACTED",
      "RequestMethod": "PUT",
      "RequestHeaders": {
        "Accept": "application/xml",
        "Content-Length": "0",
        "Date": "Mon, 08 Jan 2024 19:45:10 GMT",
        "User-Agent": "azsdk-java-azure-storage-blob/12.26.0-beta.1 (17.0.8; Windows 11; 10.0)",
        "x-ms-client-request-id": "3c363839-2d19-4bf0-a129-e6df1b3f2809",
        "x-ms-version": "2024-02-04"
      },
      "RequestBody": null,
      "StatusCode": 201,
      "ResponseHeaders": {
        "Content-Length": "0",
        "Date": "Mon, 08 Jan 2024 19:45:21 GMT",
        "ETag": "\u00220x8DC108259AC38AB\u0022",
        "Last-Modified": "Mon, 08 Jan 2024 19:45:21 GMT",
        "Server": [
          "Windows-Azure-Blob/1.0",
          "Microsoft-HTTPAPI/2.0"
        ],
        "x-ms-client-request-id": "3c363839-2d19-4bf0-a129-e6df1b3f2809",
        "x-ms-request-id": "adc93707-b01e-0039-2b6b-426c7a000000",
        "x-ms-version": "2024-02-04"
      },
      "ResponseBody": null
    },
    {
      "RequestUri": "https://REDACTED/8d05a1bd0accountsasonendpoint00299598fdc0a519c9984?restype=container\u0026sv=2024-05-04\u0026se=2024-01-09T19%3A45%3A10Z\u0026sp=rc\u0026REDACTED",
      "RequestMethod": "GET",
      "RequestHeaders": {
        "Accept": "application/xml",
        "Content-Length": "0",
        "Date": "Mon, 08 Jan 2024 19:45:10 GMT",
        "User-Agent": "azsdk-java-azure-storage-blob/12.26.0-beta.1 (17.0.8; Windows 11; 10.0)",
        "x-ms-client-request-id": "cea38d83-bbd2-4ab6-a4bf-386c040f6e66",
        "x-ms-version": "2024-02-04"
      },
      "RequestBody": null,
      "StatusCode": 200,
      "ResponseHeaders": {
        "Content-Length": "0",
        "Date": "Mon, 08 Jan 2024 19:45:21 GMT",
        "ETag": "\u00220x8DC1082597DF99A\u0022",
        "Last-Modified": "Mon, 08 Jan 2024 19:45:21 GMT",
        "Server": [
          "Windows-Azure-Blob/1.0",
          "Microsoft-HTTPAPI/2.0"
        ],
        "x-ms-client-request-id": "cea38d83-bbd2-4ab6-a4bf-386c040f6e66",
        "x-ms-default-encryption-scope": "$account-encryption-key",
        "x-ms-deny-encryption-scope-override": "false",
        "x-ms-has-immutability-policy": "false",
        "x-ms-has-legal-hold": "false",
        "x-ms-immutable-storage-with-versioning-enabled": "false",
        "x-ms-lease-state": "available",
        "x-ms-lease-status": "unlocked",
        "x-ms-request-id": "adc937ae-b01e-0039-3f6b-426c7a000000",
        "x-ms-version": "2024-02-04"
      },
      "ResponseBody": null
    },
    {
      "RequestUri": "https://REDACTED/8d05a1bd0accountsasonendpoint00299598fdc0a519c9984/8d05a1bd1accountsasonendpoint0021206889fff4f884c04",
      "RequestMethod": "PUT",
      "RequestHeaders": {
        "Accept": "application/xml",
        "Authorization": "Sanitized",
        "Content-Length": "256",
        "Content-Type": "application/octet-stream",
        "Date": "Mon, 08 Jan 2024 19:45:10 GMT",
        "User-Agent": "azsdk-java-azure-storage-blob/12.26.0-beta.1 (17.0.8; Windows 11; 10.0)",
        "x-ms-blob-type": "BlockBlob",
        "x-ms-client-request-id": "86978b1e-0274-4b65-9b33-195c73e3c088",
        "x-ms-version": "2024-02-04"
      },
      "RequestBody": "UQNYqtunuFfsW52F6cs4Nlh7S\u002Bens/yc8iT9PVFv/VUnyDVpWvpKxSmFn9W1XVWP5Dh2URq1HrH04pLIbwYwm6wpoIqvkgsLcbM4QBNaNdTsUSOEQ4k2cu3i3A3UewXU8CP6n2mA40ua0HZeJqV3gLkRJmpgF6VUf9HRNqQfcZ8Sy\u002BrFlwvMrq9uxqg0eRde5cg24nMDiCm90gx3aVavnsq5uD5QwQMbbhrEyCiHq3ngowZrxgLj87B8UdeNQYYw4M80mi2QKLzLffWTD6c4Bm7RhyRiQO/E1qGk/eH3wpeyQM6vyvTI32tSlNabGHqZJ/mj2pbRQnie68MiGU71YQ==",
      "StatusCode": 201,
      "ResponseHeaders": {
        "Content-Length": "0",
        "Content-MD5": "HiNWNSnqBxSMDYwOQ\u002BaxwQ==",
        "Date": "Mon, 08 Jan 2024 19:45:21 GMT",
        "ETag": "\u00220x8DC108259C919E6\u0022",
        "Last-Modified": "Mon, 08 Jan 2024 19:45:21 GMT",
        "Server": [
          "Windows-Azure-Blob/1.0",
          "Microsoft-HTTPAPI/2.0"
        ],
        "x-ms-client-request-id": "86978b1e-0274-4b65-9b33-195c73e3c088",
        "x-ms-content-crc64": "1JNBMDmZrXQ=",
        "x-ms-request-id": "adc93854-b01e-0039-506b-426c7a000000",
        "x-ms-request-server-encrypted": "true",
        "x-ms-version": "2024-02-04"
      },
      "ResponseBody": null
    }
  ],
  "Variables": {
    "0": "8d05a1bd0accountsasonendpoint00299598fdc0a519c9984",
    "1": "8d05a1bd1accountsasonendpoint0021206889fff4f884c04",
    "2": "2024-01-08T19:45:10.760761600Z",
    "3": "8d05a1bd2accountsasonendpoint00205653b40cbf9d8dd44",
    "4": "f86f98f8-bcd6-49ff-a81e-729a3bdd17ef"
  }
}
