{
  "Entries": [
    {
      "RequestUri": "https://REDACTED/e81ef4d90containersastagsf371223241b9b9b885af4b3?restype=container",
      "RequestMethod": "PUT",
      "RequestHeaders": {
        "Accept": "application/xml",
        "Authorization": "Sanitized",
        "Content-Length": "0",
        "Date": "Mon, 08 Jan 2024 19:45:15 GMT",
        "User-Agent": "azsdk-java-azure-storage-blob/12.26.0-beta.1 (17.0.8; Windows 11; 10.0)",
        "x-ms-client-request-id": "a43b50a1-230e-479d-9c85-d93fcb369a99",
        "x-ms-version": "2024-02-04"
      },
      "RequestBody": null,
      "StatusCode": 201,
      "ResponseHeaders": {
        "Content-Length": "0",
        "Date": "Mon, 08 Jan 2024 19:45:25 GMT",
        "ETag": "\u00220x8DC10825C6B9470\u0022",
        "Last-Modified": "Mon, 08 Jan 2024 19:45:26 GMT",
        "Server": [
          "Windows-Azure-Blob/1.0",
          "Microsoft-HTTPAPI/2.0"
        ],
        "x-ms-client-request-id": "a43b50a1-230e-479d-9c85-d93fcb369a99",
        "x-ms-request-id": "c645c374-401e-0012-116b-42ecb6000000",
        "x-ms-version": "2024-02-04"
      },
      "ResponseBody": null
    },
    {
      "RequestUri": "https://REDACTED/e81ef4d90containersastagsf371223241b9b9b885af4b3?restype=container",
      "RequestMethod": "PUT",
      "RequestHeaders": {
        "Accept": "application/xml",
        "Authorization": "Sanitized",
        "Content-Length": "0",
        "Date": "Mon, 08 Jan 2024 19:45:15 GMT",
        "User-Agent": "azsdk-java-azure-storage-blob/12.26.0-beta.1 (17.0.8; Windows 11; 10.0)",
        "x-ms-client-request-id": "9e9def32-51b5-4419-ba9d-d12e3985b12a",
        "x-ms-version": "2024-02-04"
      },
      "RequestBody": null,
      "StatusCode": 409,
      "ResponseHeaders": {
        "Content-Length": "230",
        "Content-Type": "application/xml",
        "Date": "Mon, 08 Jan 2024 19:45:25 GMT",
        "Server": [
          "Windows-Azure-Blob/1.0",
          "Microsoft-HTTPAPI/2.0"
        ],
        "x-ms-client-request-id": "9e9def32-51b5-4419-ba9d-d12e3985b12a",
        "x-ms-error-code": "ContainerAlreadyExists",
        "x-ms-request-id": "c645c424-401e-0012-356b-42ecb6000000",
        "x-ms-version": "2024-02-04"
      },
      "ResponseBody": [
        "\uFEFF\u003C?xml version=\u00221.0\u0022 encoding=\u0022utf-8\u0022?\u003E\u003CError\u003E\u003CCode\u003EContainerAlreadyExists\u003C/Code\u003E\u003CMessage\u003EThe specified container already exists.\n",
        "RequestId:c645c424-401e-0012-356b-42ecb6000000\n",
        "Time:2024-01-08T19:45:26.3034396Z\u003C/Message\u003E\u003C/Error\u003E"
      ]
    },
    {
      "RequestUri": "https://REDACTED/e81ef4d90containersastagsf371223241b9b9b885af4b3/e81ef4d91containersastagsf3763071372bb06b0627436",
      "RequestMethod": "PUT",
      "RequestHeaders": {
        "Accept": "application/xml",
        "Authorization": "Sanitized",
        "Content-Length": "7",
        "Content-Type": "application/octet-stream",
        "Date": "Mon, 08 Jan 2024 19:45:15 GMT",
        "If-None-Match": "*",
        "User-Agent": "azsdk-java-azure-storage-blob/12.26.0-beta.1 (17.0.8; Windows 11; 10.0)",
        "x-ms-blob-type": "BlockBlob",
        "x-ms-client-request-id": "28a0fa51-94d0-4af3-b624-afed0564bc3f",
        "x-ms-version": "2024-02-04"
      },
      "RequestBody": "ZGVmYXVsdA==",
      "StatusCode": 201,
      "ResponseHeaders": {
        "Content-Length": "0",
        "Content-MD5": "wh\u002BWm18D0z1D4E\u002BPE252gg==",
        "Date": "Mon, 08 Jan 2024 19:45:25 GMT",
        "ETag": "\u00220x8DC10825C88BC46\u0022",
        "Last-Modified": "Mon, 08 Jan 2024 19:45:26 GMT",
        "Server": [
          "Windows-Azure-Blob/1.0",
          "Microsoft-HTTPAPI/2.0"
        ],
        "x-ms-client-request-id": "28a0fa51-94d0-4af3-b624-afed0564bc3f",
        "x-ms-content-crc64": "6RYQPwaVsyQ=",
        "x-ms-request-id": "c645c4d2-401e-0012-5d6b-42ecb6000000",
        "x-ms-request-server-encrypted": "true",
        "x-ms-version": "2024-02-04"
      },
      "ResponseBody": null
    },
    {
      "RequestUri": "https://REDACTED/e81ef4d90containersastagsf371223241b9b9b885af4b3/e81ef4d91containersastagsf3763071372bb06b0627436?comp=tags\u0026sv=2024-05-04\u0026se=2024-01-09T19%3A45%3A15Z\u0026sr=c\u0026sp=racwdxlt\u0026REDACTED",
      "RequestMethod": "PUT",
      "RequestHeaders": {
        "Accept": "application/xml",
        "Content-Length": "111",
        "Content-Type": "application/xml",
        "Date": "Mon, 08 Jan 2024 19:45:15 GMT",
        "User-Agent": "azsdk-java-azure-storage-blob/12.26.0-beta.1 (17.0.8; Windows 11; 10.0)",
        "x-ms-client-request-id": "5edd99a6-488b-4d6d-889c-1138f0c84aae",
        "x-ms-version": "2024-02-04"
      },
      "RequestBody": "\u003C?xml version=\u00271.0\u0027 encoding=\u0027UTF-8\u0027?\u003E\u003CTags\u003E\u003CTagSet\u003E\u003CTag\u003E\u003CKey\u003Efoo\u003C/Key\u003E\u003CValue\u003Ebar\u003C/Value\u003E\u003C/Tag\u003E\u003C/TagSet\u003E\u003C/Tags\u003E",
      "StatusCode": 204,
      "ResponseHeaders": {
        "Date": "Mon, 08 Jan 2024 19:45:25 GMT",
        "Server": [
          "Windows-Azure-Blob/1.0",
          "Microsoft-HTTPAPI/2.0"
        ],
        "x-ms-client-request-id": "5edd99a6-488b-4d6d-889c-1138f0c84aae",
        "x-ms-request-id": "c645c57a-401e-0012-7f6b-42ecb6000000",
        "x-ms-version": "2024-02-04"
      },
      "ResponseBody": null
    },
    {
      "RequestUri": "https://REDACTED/e81ef4d90containersastagsf371223241b9b9b885af4b3/e81ef4d91containersastagsf3763071372bb06b0627436?comp=tags\u0026sv=2024-05-04\u0026se=2024-01-09T19%3A45%3A15Z\u0026sr=c\u0026sp=racwdxlt\u0026REDACTED",
      "RequestMethod": "GET",
      "RequestHeaders": {
        "Accept": "application/xml",
        "Content-Length": "0",
        "Date": "Mon, 08 Jan 2024 19:45:15 GMT",
        "User-Agent": "azsdk-java-azure-storage-blob/12.26.0-beta.1 (17.0.8; Windows 11; 10.0)",
        "x-ms-client-request-id": "34385e70-59a3-4eec-b606-cd44f5accd0d",
        "x-ms-version": "2024-02-04"
      },
      "RequestBody": null,
      "StatusCode": 200,
      "ResponseHeaders": {
        "Content-Length": "115",
        "Content-Type": "application/xml",
        "Date": "Mon, 08 Jan 2024 19:45:25 GMT",
        "Server": [
          "Windows-Azure-Blob/1.0",
          "Microsoft-HTTPAPI/2.0"
        ],
        "Vary": "Origin",
        "x-ms-client-request-id": "34385e70-59a3-4eec-b606-cd44f5accd0d",
        "x-ms-request-id": "c645c632-401e-0012-2d6b-42ecb6000000",
        "x-ms-version": "2024-02-04"
      },
      "ResponseBody": [
        "\uFEFF\u003C?xml version=\u00221.0\u0022 encoding=\u0022utf-8\u0022?\u003E\n",
        "\u003CTags\u003E\u003CTagSet\u003E\u003CTag\u003E\u003CKey\u003Efoo\u003C/Key\u003E\u003CValue\u003Ebar\u003C/Value\u003E\u003C/Tag\u003E\u003C/TagSet\u003E\u003C/Tags\u003E"
      ]
    }
  ],
  "Variables": {
    "0": "e81ef4d90containersastagsf371223241b9b9b885af4b3",
    "1": "e81ef4d91containersastagsf3763071372bb06b0627436",
    "2": "2024-01-08T19:45:15.656221300Z"
  }
}
