{
  "Entries": [
    {
      "RequestUri": "https://REDACTED/d90ea96d0containeruserdelegationcorrelationiderror345745546e?restype=container",
      "RequestMethod": "PUT",
      "RequestHeaders": {
        "Accept": "application/xml",
        "Authorization": "Sanitized",
        "Content-Length": "0",
        "Date": "Mon, 27 Nov 2023 20:54:03 GMT",
        "User-Agent": "azsdk-java-azure-storage-blob/12.26.0-beta.1 (17.0.8; Windows 11; 10.0)",
        "x-ms-client-request-id": "5bb3072d-ee66-4400-b482-08e4bf5cd849",
        "x-ms-version": "2024-02-04"
      },
      "RequestBody": null,
      "StatusCode": 201,
      "ResponseHeaders": {
        "Content-Length": "0",
        "Date": "Mon, 27 Nov 2023 20:54:06 GMT",
        "ETag": "\u00220x8DBEF8AFEE6D82F\u0022",
        "Last-Modified": "Mon, 27 Nov 2023 20:54:06 GMT",
        "Server": [
          "Windows-Azure-Blob/1.0",
          "Microsoft-HTTPAPI/2.0"
        ],
        "x-ms-client-request-id": "5bb3072d-ee66-4400-b482-08e4bf5cd849",
        "x-ms-request-id": "4e972dae-a01e-009c-3273-213a00000000",
        "x-ms-version": "2024-02-04"
      },
      "ResponseBody": null
    },
    {
      "RequestUri": "https://REDACTED/d90ea96d0containeruserdelegationcorrelationiderror345745546e?restype=container",
      "RequestMethod": "PUT",
      "RequestHeaders": {
        "Accept": "application/xml",
        "Authorization": "Sanitized",
        "Content-Length": "0",
        "Date": "Mon, 27 Nov 2023 20:54:03 GMT",
        "User-Agent": "azsdk-java-azure-storage-blob/12.26.0-beta.1 (17.0.8; Windows 11; 10.0)",
        "x-ms-client-request-id": "73c69cf5-6d01-41d8-84af-4c14d34dd7f4",
        "x-ms-version": "2024-02-04"
      },
      "RequestBody": null,
      "StatusCode": 409,
      "ResponseHeaders": {
        "Content-Length": "230",
        "Content-Type": "application/xml",
        "Date": "Mon, 27 Nov 2023 20:54:06 GMT",
        "Server": [
          "Windows-Azure-Blob/1.0",
          "Microsoft-HTTPAPI/2.0"
        ],
        "x-ms-client-request-id": "73c69cf5-6d01-41d8-84af-4c14d34dd7f4",
        "x-ms-error-code": "ContainerAlreadyExists",
        "x-ms-request-id": "f0c8b909-e01e-0046-2d73-21a3e1000000",
        "x-ms-version": "2024-02-04"
      },
      "ResponseBody": [
        "\uFEFF\u003C?xml version=\u00221.0\u0022 encoding=\u0022utf-8\u0022?\u003E\u003CError\u003E\u003CCode\u003EContainerAlreadyExists\u003C/Code\u003E\u003CMessage\u003EThe specified container already exists.\n",
        "RequestId:f0c8b909-e01e-0046-2d73-21a3e1000000\n",
        "Time:2023-11-27T20:54:06.5309309Z\u003C/Message\u003E\u003C/Error\u003E"
      ]
    },
    {
      "RequestUri": "https://REDACTED/d90ea96d0containeruserdelegationcorrelationiderror345745546e/d90ea96d1containeruserdelegationcorrelationiderror3457266074",
      "RequestMethod": "PUT",
      "RequestHeaders": {
        "Accept": "application/xml",
        "Authorization": "Sanitized",
        "Content-Length": "7",
        "Content-Type": "application/octet-stream",
        "Date": "Mon, 27 Nov 2023 20:54:03 GMT",
        "If-None-Match": "*",
        "User-Agent": "azsdk-java-azure-storage-blob/12.26.0-beta.1 (17.0.8; Windows 11; 10.0)",
        "x-ms-blob-type": "BlockBlob",
        "x-ms-client-request-id": "fc9cfa2d-00e0-425c-ae5e-3a8cabcc1ed8",
        "x-ms-version": "2024-02-04"
      },
      "RequestBody": "ZGVmYXVsdA==",
      "StatusCode": 201,
      "ResponseHeaders": {
        "Content-Length": "0",
        "Content-MD5": "wh\u002BWm18D0z1D4E\u002BPE252gg==",
        "Date": "Mon, 27 Nov 2023 20:54:06 GMT",
        "ETag": "\u00220x8DBEF8AFF07A088\u0022",
        "Last-Modified": "Mon, 27 Nov 2023 20:54:06 GMT",
        "Server": [
          "Windows-Azure-Blob/1.0",
          "Microsoft-HTTPAPI/2.0"
        ],
        "x-ms-client-request-id": "fc9cfa2d-00e0-425c-ae5e-3a8cabcc1ed8",
        "x-ms-content-crc64": "6RYQPwaVsyQ=",
        "x-ms-request-id": "f0c8b9a4-e01e-0046-3a73-21a3e1000000",
        "x-ms-request-server-encrypted": "true",
        "x-ms-version": "2024-02-04"
      },
      "ResponseBody": null
    },
    {
      "RequestUri": "https://REDACTED/?restype=service\u0026comp=userdelegationkey",
      "RequestMethod": "POST",
      "RequestHeaders": {
        "Accept": "application/xml",
        "Authorization": "Sanitized",
        "Content-Length": "109",
        "Content-Type": "application/xml",
        "Date": "Mon, 27 Nov 2023 20:54:03 GMT",
        "User-Agent": "azsdk-java-azure-storage-blob/12.26.0-beta.1 (17.0.8; Windows 11; 10.0)",
        "x-ms-client-request-id": "469ea7a5-f710-4435-bd7b-27c3163618a7",
        "x-ms-version": "2024-02-04"
      },
      "RequestBody": "\u003C?xml version=\u00271.0\u0027 encoding=\u0027UTF-8\u0027?\u003E\u003CKeyInfo\u003E\u003CStart\u003E\u003C/Start\u003E\u003CExpiry\u003E2023-11-28T20:54:03Z\u003C/Expiry\u003E\u003C/KeyInfo\u003E",
      "StatusCode": 200,
      "ResponseHeaders": {
        "Content-Type": "application/xml",
        "Date": "Mon, 27 Nov 2023 20:54:05 GMT",
        "Server": [
          "Windows-Azure-Blob/1.0",
          "Microsoft-HTTPAPI/2.0"
        ],
        "Transfer-Encoding": "chunked",
        "x-ms-client-request-id": "469ea7a5-f710-4435-bd7b-27c3163618a7",
        "x-ms-request-id": "73a21369-001e-0013-2973-21b36a000000",
        "x-ms-version": "2024-02-04"
      },
      "ResponseBody": "\uFEFF\u003C?xml version=\u00221.0\u0022 encoding=\u0022utf-8\u0022?\u003E\u003CUserDelegationKey\u003E\u003CSignedOid\u003EREDACTED\u003C/SignedOid\u003E\u003CSignedTid\u003EREDACTED\u003C/SignedTid\u003E\u003CSignedStart\u003E2023-11-27T20:54:06Z\u003C/SignedStart\u003E\u003CSignedExpiry\u003E2023-11-28T20:54:03Z\u003C/SignedExpiry\u003E\u003CSignedService\u003Eb\u003C/SignedService\u003E\u003CSignedVersion\u003E2024-02-04\u003C/SignedVersion\u003E\u003CValue\u003EREDACTED\u003C/Value\u003E\u003C/UserDelegationKey\u003E"
    },
    {
      "RequestUri": "https://REDACTED/d90ea96d0containeruserdelegationcorrelationiderror345745546e?restype=container\u0026comp=list\u0026sv=2024-02-04\u0026se=2023-11-28T20%3A54%3A03Z\u0026skoid=1860430b-86fd-414a-8379-0ffff7834c55\u0026sktid=72f988bf-86f1-41af-91ab-2d7cd011db47\u0026skt=2023-11-27T20%3A54%3A06Z\u0026ske=2023-11-28T20%3A54%3A03Z\u0026sks=b\u0026skv=2024-02-04\u0026scid=invalidcid\u0026sr=c\u0026sp=l\u0026REDACTED",
      "RequestMethod": "GET",
      "RequestHeaders": {
        "Accept": "application/xml",
        "Content-Length": "0",
        "Date": "Mon, 27 Nov 2023 20:54:03 GMT",
        "User-Agent": "azsdk-java-azure-storage-blob/12.26.0-beta.1 (17.0.8; Windows 11; 10.0)",
        "x-ms-client-request-id": "aea7e711-2466-4c5c-8eb8-11cfc1fca8ff",
        "x-ms-version": "2024-02-04"
      },
      "RequestBody": null,
      "StatusCode": 403,
      "ResponseHeaders": {
        "Access-Control-Allow-Origin": "*",
        "Access-Control-Expose-Headers": "x-ms-client-request-id",
        "Content-Length": "405",
        "Content-Type": "application/xml",
        "Date": "Mon, 27 Nov 2023 20:54:06 GMT",
        "Server": "Microsoft-HTTPAPI/2.0",
        "x-ms-error-code": "AuthenticationFailed",
        "x-ms-request-id": "73a21462-001e-0013-0a73-21b36a000000"
      },
      "ResponseBody": [
        "\uFEFF\u003C?xml version=\u00221.0\u0022 encoding=\u0022utf-8\u0022?\u003E\u003CError\u003E\u003CCode\u003EAuthenticationFailed\u003C/Code\u003E\u003CMessage\u003EServer failed to authenticate the request. Make sure the value of Authorization header is formed correctly including the signature.\n",
        "RequestId:73a21462-001e-0013-0a73-21b36a000000\n",
        "Time:2023-11-27T20:54:06.9987334Z\u003C/Message\u003E\u003CAuthenticationErrorDetail\u003EInvalid correlation id format.\u003C/AuthenticationErrorDetail\u003E\u003C/Error\u003E"
      ]
    }
  ],
  "Variables": {
    "0": "d90ea96d0containeruserdelegationcorrelationiderror345745546e",
    "1": "d90ea96d1containeruserdelegationcorrelationiderror3457266074",
    "2": "2023-11-27T20:54:03.453506100Z",
    "3": "1860430b-86fd-414a-8379-0ffff7834c55",
    "4": "72f988bf-86f1-41af-91ab-2d7cd011db47"
  }
}
