{
  "Entries": [
    {
      "RequestUri": "https://REDACTED/f37980840accountsasblobdeletefails751320997daeccfdd3?restype=container",
      "RequestMethod": "PUT",
      "RequestHeaders": {
        "Accept": "application/xml",
        "Authorization": "Sanitized",
        "Content-Length": "0",
        "Date": "Tue, 26 Nov 2024 20:11:28 GMT",
        "User-Agent": "azsdk-java-azure-storage-blob/12.30.0-beta.1 (21.0.2; Windows 11; 10.0)",
        "x-ms-client-request-id": "Sanitized",
        "x-ms-version": "2025-01-05"
      },
      "RequestBody": null,
      "StatusCode": 201,
      "ResponseHeaders": {
        "Content-Length": "0",
        "Date": "Tue, 26 Nov 2024 20:11:27 GMT",
        "ETag": "\"0x8DD0E56832B3859\"",
        "Last-Modified": "Tue, 26 Nov 2024 20:11:28 GMT",
        "Server": [
          "Windows-Azure-Blob/1.0",
          "Microsoft-HTTPAPI/2.0"
        ],
        "x-ms-client-request-id": "Sanitized",
        "x-ms-request-id": "Sanitized",
        "x-ms-version": "2025-01-05"
      },
      "ResponseBody": null
    },
    {
      "RequestUri": "https://REDACTED/f37980840accountsasblobdeletefails751320997daeccfdd3?restype=container",
      "RequestMethod": "PUT",
      "RequestHeaders": {
        "Accept": "application/xml",
        "Authorization": "Sanitized",
        "Content-Length": "0",
        "Date": "Tue, 26 Nov 2024 20:11:28 GMT",
        "User-Agent": "azsdk-java-azure-storage-blob/12.30.0-beta.1 (21.0.2; Windows 11; 10.0)",
        "x-ms-client-request-id": "Sanitized",
        "x-ms-version": "2025-01-05"
      },
      "RequestBody": null,
      "StatusCode": 409,
      "ResponseHeaders": {
        "Content-Length": "230",
        "Content-Type": "application/xml",
        "Date": "Tue, 26 Nov 2024 20:11:28 GMT",
        "Server": [
          "Windows-Azure-Blob/1.0",
          "Microsoft-HTTPAPI/2.0"
        ],
        "x-ms-client-request-id": "Sanitized",
        "x-ms-error-code": "ContainerAlreadyExists",
        "x-ms-request-id": "Sanitized",
        "x-ms-version": "2025-01-05"
      },
      "ResponseBody": [
        "\uFEFF<?xml version=\"1.0\" encoding=\"utf-8\"?><Error><Code>ContainerAlreadyExists</Code><Message>The specified container already exists.\n",
        "RequestId:eff47681-201e-0019-3b3f-407121000000\n",
        "Time:2024-11-26T20:11:28.7776942Z</Message></Error>"
      ]
    },
    {
      "RequestUri": "https://REDACTED/f37980840accountsasblobdeletefails751320997daeccfdd3/f37980841accountsasblobdeletefails751923726b08a2d419",
      "RequestMethod": "PUT",
      "RequestHeaders": {
        "Accept": "application/xml",
        "Authorization": "Sanitized",
        "Content-Length": "7",
        "Content-Type": "application/octet-stream",
        "Date": "Tue, 26 Nov 2024 20:11:29 GMT",
        "If-None-Match": "*",
        "User-Agent": "azsdk-java-azure-storage-blob/12.30.0-beta.1 (21.0.2; Windows 11; 10.0)",
        "x-ms-blob-type": "BlockBlob",
        "x-ms-client-request-id": "Sanitized",
        "x-ms-version": "2025-01-05"
      },
      "RequestBody": "ZGVmYXVsdA==",
      "StatusCode": 201,
      "ResponseHeaders": {
        "Content-Length": "0",
        "Content-MD5": "wh+Wm18D0z1D4E+PE252gg==",
        "Date": "Tue, 26 Nov 2024 20:11:28 GMT",
        "ETag": "\"0x8DD0E5683465E5B\"",
        "Last-Modified": "Tue, 26 Nov 2024 20:11:28 GMT",
        "Server": [
          "Windows-Azure-Blob/1.0",
          "Microsoft-HTTPAPI/2.0"
        ],
        "x-ms-client-request-id": "Sanitized",
        "x-ms-content-crc64": "6RYQPwaVsyQ=",
        "x-ms-request-id": "Sanitized",
        "x-ms-request-server-encrypted": "true",
        "x-ms-version": "2025-01-05"
      },
      "ResponseBody": null
    },
    {
      "RequestUri": "https://REDACTED/f37980840accountsasblobdeletefails751320997daeccfdd3/f37980841accountsasblobdeletefails751923726b08a2d419?sv=Sanitized&ss=b&srt=sco&se=2024-11-27T20%3A11%3A29Z&sp=r&REDACTED",
      "RequestMethod": "DELETE",
      "RequestHeaders": {
        "Accept": "application/xml",
        "Content-Length": "0",
        "Date": "Tue, 26 Nov 2024 20:11:29 GMT",
        "User-Agent": "azsdk-java-azure-storage-blob/12.30.0-beta.1 (21.0.2; Windows 11; 10.0)",
        "x-ms-client-request-id": "Sanitized",
        "x-ms-version": "2025-01-05"
      },
      "RequestBody": null,
      "StatusCode": 403,
      "ResponseHeaders": {
        "Content-Length": "279",
        "Content-Type": "application/xml",
        "Date": "Tue, 26 Nov 2024 20:11:28 GMT",
        "Server": [
          "Windows-Azure-Blob/1.0",
          "Microsoft-HTTPAPI/2.0"
        ],
        "x-ms-client-request-id": "Sanitized",
        "x-ms-error-code": "AuthorizationPermissionMismatch",
        "x-ms-request-id": "Sanitized",
        "x-ms-version": "2025-01-05"
      },
      "ResponseBody": [
        "\uFEFF<?xml version=\"1.0\" encoding=\"utf-8\"?><Error><Code>AuthorizationPermissionMismatch</Code><Message>This request is not authorized to perform this operation using this permission.\n",
        "RequestId:0a037568-501e-0013-083f-40d596000000\n",
        "Time:2024-11-26T20:11:28.9657330Z</Message></Error>"
      ]
    }
  ],
  "Variables": {
    "0": "f37980840accountsasblobdeletefails751320997daeccfdd3",
    "1": "f37980841accountsasblobdeletefails751923726b08a2d419",
    "2": "2024-11-26T20:11:29.125140400Z"
  }
}
