{
  "Entries": [
    {
      "RequestUri": "https://REDACTED/61eb3edb0blobsasallpermissionssuccess5ac225952d931241b?restype=container",
      "RequestMethod": "PUT",
      "RequestHeaders": {
        "Accept": "application/xml",
        "Authorization": "Sanitized",
        "Content-Length": "0",
        "Date": "Wed, 13 Dec 2023 21:48:39 GMT",
        "User-Agent": "azsdk-java-azure-storage-blob/12.26.0-beta.1 (17.0.8; Windows 11; 10.0)",
        "x-ms-client-request-id": "0326c0b2-b8b7-41da-a2fd-e5758824de03",
        "x-ms-version": "2024-02-04"
      },
      "RequestBody": null,
      "StatusCode": 201,
      "ResponseHeaders": {
        "Content-Length": "0",
        "Date": "Wed, 13 Dec 2023 21:48:38 GMT",
        "ETag": "\u00220x8DBFC2544396BEB\u0022",
        "Last-Modified": "Wed, 13 Dec 2023 21:48:39 GMT",
        "Server": [
          "Windows-Azure-Blob/1.0",
          "Microsoft-HTTPAPI/2.0"
        ],
        "x-ms-client-request-id": "0326c0b2-b8b7-41da-a2fd-e5758824de03",
        "x-ms-request-id": "260c74f3-801e-0050-460e-2e5536000000",
        "x-ms-version": "2024-02-04"
      },
      "ResponseBody": null
    },
    {
      "RequestUri": "https://REDACTED/61eb3edb0blobsasallpermissionssuccess5ac225952d931241b?restype=container",
      "RequestMethod": "PUT",
      "RequestHeaders": {
        "Accept": "application/xml",
        "Authorization": "Sanitized",
        "Content-Length": "0",
        "Date": "Wed, 13 Dec 2023 21:48:39 GMT",
        "User-Agent": "azsdk-java-azure-storage-blob/12.26.0-beta.1 (17.0.8; Windows 11; 10.0)",
        "x-ms-client-request-id": "eda9c357-7de8-4c69-a483-9e778b7cf3e9",
        "x-ms-version": "2024-02-04"
      },
      "RequestBody": null,
      "StatusCode": 409,
      "ResponseHeaders": {
        "Content-Length": "230",
        "Content-Type": "application/xml",
        "Date": "Wed, 13 Dec 2023 21:48:38 GMT",
        "Server": [
          "Windows-Azure-Blob/1.0",
          "Microsoft-HTTPAPI/2.0"
        ],
        "x-ms-client-request-id": "eda9c357-7de8-4c69-a483-9e778b7cf3e9",
        "x-ms-error-code": "ContainerAlreadyExists",
        "x-ms-request-id": "260c7548-801e-0050-160e-2e5536000000",
        "x-ms-version": "2024-02-04"
      },
      "ResponseBody": [
        "\uFEFF\u003C?xml version=\u00221.0\u0022 encoding=\u0022utf-8\u0022?\u003E\u003CError\u003E\u003CCode\u003EContainerAlreadyExists\u003C/Code\u003E\u003CMessage\u003EThe specified container already exists.\n",
        "RequestId:260c7548-801e-0050-160e-2e5536000000\n",
        "Time:2023-12-13T21:48:39.2779881Z\u003C/Message\u003E\u003C/Error\u003E"
      ]
    },
    {
      "RequestUri": "https://REDACTED/61eb3edb0blobsasallpermissionssuccess5ac225952d931241b/61eb3edb1blobsasallpermissionssuccess5ac852820d2e783b4",
      "RequestMethod": "PUT",
      "RequestHeaders": {
        "Accept": "application/xml",
        "Authorization": "Sanitized",
        "Content-Length": "7",
        "Content-Type": "application/octet-stream",
        "Date": "Wed, 13 Dec 2023 21:48:39 GMT",
        "If-None-Match": "*",
        "User-Agent": "azsdk-java-azure-storage-blob/12.26.0-beta.1 (17.0.8; Windows 11; 10.0)",
        "x-ms-blob-type": "BlockBlob",
        "x-ms-client-request-id": "a479e498-a466-4b96-8b5b-7421d53b81c4",
        "x-ms-version": "2024-02-04"
      },
      "RequestBody": "ZGVmYXVsdA==",
      "StatusCode": 201,
      "ResponseHeaders": {
        "Content-Length": "0",
        "Content-MD5": "wh\u002BWm18D0z1D4E\u002BPE252gg==",
        "Date": "Wed, 13 Dec 2023 21:48:38 GMT",
        "ETag": "\u00220x8DBFC254458FE8E\u0022",
        "Last-Modified": "Wed, 13 Dec 2023 21:48:39 GMT",
        "Server": [
          "Windows-Azure-Blob/1.0",
          "Microsoft-HTTPAPI/2.0"
        ],
        "x-ms-client-request-id": "a479e498-a466-4b96-8b5b-7421d53b81c4",
        "x-ms-content-crc64": "6RYQPwaVsyQ=",
        "x-ms-request-id": "260c758e-801e-0050-540e-2e5536000000",
        "x-ms-request-server-encrypted": "true",
        "x-ms-version": "2024-02-04"
      },
      "ResponseBody": null
    },
    {
      "RequestUri": "https://REDACTED/61eb3edb0blobsasallpermissionssuccess5ac225952d931241b/61eb3edb1blobsasallpermissionssuccess5ac852820d2e783b4?sv=2024-02-04\u0026spr=https%2Chttp\u0026st=2023-12-12T21%3A48%3A39Z\u0026se=2023-12-14T21%3A48%3A39Z\u0026sr=b\u0026sp=racwdxyltmei\u0026REDACTED",
      "RequestMethod": "GET",
      "RequestHeaders": {
        "Accept": "application/xml",
        "Content-Length": "0",
        "Date": "Wed, 13 Dec 2023 21:48:39 GMT",
        "User-Agent": "azsdk-java-azure-storage-blob/12.26.0-beta.1 (17.0.8; Windows 11; 10.0)",
        "x-ms-client-request-id": "ce61ef12-2237-4734-9936-a9deae7005c1",
        "x-ms-version": "2024-02-04"
      },
      "RequestBody": null,
      "StatusCode": 200,
      "ResponseHeaders": {
        "Accept-Ranges": "bytes",
        "Access-Control-Allow-Origin": "*",
        "Access-Control-Expose-Headers": "x-ms-client-request-id",
        "Cache-Control": "cache",
        "Content-Disposition": "disposition",
        "Content-Encoding": "encoding",
        "Content-Language": "language",
        "Content-Length": "7",
        "Content-MD5": "wh\u002BWm18D0z1D4E\u002BPE252gg==",
        "Content-Type": "type",
        "Date": "Wed, 13 Dec 2023 21:48:38 GMT",
        "ETag": "\u00220x8DBFC254458FE8E\u0022",
        "Last-Modified": "Wed, 13 Dec 2023 21:48:39 GMT",
        "Server": [
          "Windows-Azure-Blob/1.0",
          "Microsoft-HTTPAPI/2.0"
        ],
        "x-ms-blob-type": "BlockBlob",
        "x-ms-client-request-id": "ce61ef12-2237-4734-9936-a9deae7005c1",
        "x-ms-creation-time": "Wed, 13 Dec 2023 21:48:39 GMT",
        "x-ms-lease-state": "available",
        "x-ms-lease-status": "unlocked",
        "x-ms-request-id": "260c75d5-801e-0050-160e-2e5536000000",
        "x-ms-server-encrypted": "true",
        "x-ms-version": "2024-02-04"
      },
      "ResponseBody": "ZGVmYXVsdA=="
    },
    {
      "RequestUri": "https://REDACTED/61eb3edb0blobsasallpermissionssuccess5ac225952d931241b/61eb3edb1blobsasallpermissionssuccess5ac852820d2e783b4?sv=2024-02-04\u0026spr=https%2Chttp\u0026st=2023-12-12T21%3A48%3A39Z\u0026se=2023-12-14T21%3A48%3A39Z\u0026sr=b\u0026sp=racwdxyltmei\u0026REDACTED",
      "RequestMethod": "HEAD",
      "RequestHeaders": {
        "Accept": "application/xml",
        "Content-Length": "0",
        "Date": "Wed, 13 Dec 2023 21:48:39 GMT",
        "User-Agent": "azsdk-java-azure-storage-blob/12.26.0-beta.1 (17.0.8; Windows 11; 10.0)",
        "x-ms-client-request-id": "659d5e59-65af-4ad6-9f6f-0584da449f46",
        "x-ms-version": "2024-02-04"
      },
      "RequestBody": null,
      "StatusCode": 200,
      "ResponseHeaders": {
        "Accept-Ranges": "bytes",
        "Access-Control-Allow-Origin": "*",
        "Access-Control-Expose-Headers": "x-ms-client-request-id",
        "Cache-Control": "cache",
        "Content-Disposition": "disposition",
        "Content-Encoding": "encoding",
        "Content-Language": "language",
        "Content-Length": "7",
        "Content-MD5": "wh\u002BWm18D0z1D4E\u002BPE252gg==",
        "Content-Type": "type",
        "Date": "Wed, 13 Dec 2023 21:48:38 GMT",
        "ETag": "\u00220x8DBFC254458FE8E\u0022",
        "Last-Modified": "Wed, 13 Dec 2023 21:48:39 GMT",
        "Server": [
          "Windows-Azure-Blob/1.0",
          "Microsoft-HTTPAPI/2.0"
        ],
        "x-ms-access-tier": "Hot",
        "x-ms-access-tier-inferred": "true",
        "x-ms-blob-type": "BlockBlob",
        "x-ms-client-request-id": "659d5e59-65af-4ad6-9f6f-0584da449f46",
        "x-ms-creation-time": "Wed, 13 Dec 2023 21:48:39 GMT",
        "x-ms-lease-state": "available",
        "x-ms-lease-status": "unlocked",
        "x-ms-request-id": "260c7619-801e-0050-500e-2e5536000000",
        "x-ms-server-encrypted": "true",
        "x-ms-version": "2024-02-04"
      },
      "ResponseBody": null
    }
  ],
  "Variables": {
    "0": "61eb3edb0blobsasallpermissionssuccess5ac225952d931241b",
    "1": "61eb3edb1blobsasallpermissionssuccess5ac852820d2e783b4",
    "2": "2023-12-13T21:48:39.295773300Z",
    "3": "2023-12-13T21:48:39.295773300Z"
  }
}
