{
  "Entries": [
    {
      "RequestUri": "https://REDACTED/bfd794f00blobsasencryptionscope2eb95505aabeb6729a40?restype=container",
      "RequestMethod": "PUT",
      "RequestHeaders": {
        "Accept": "application/xml",
        "Authorization": "Sanitized",
        "Content-Length": "0",
        "Date": "Mon, 11 Dec 2023 23:29:21 GMT",
        "User-Agent": "azsdk-java-azure-storage-blob/12.26.0-beta.1 (17.0.8; Windows 11; 10.0)",
        "x-ms-client-request-id": "21da30c9-90e5-46f2-bb36-40c4845054e9",
        "x-ms-version": "2024-02-04"
      },
      "RequestBody": null,
      "StatusCode": 201,
      "ResponseHeaders": {
        "Content-Length": "0",
        "Date": "Mon, 11 Dec 2023 23:29:25 GMT",
        "ETag": "\u00220x8DBFAA1037DCA3D\u0022",
        "Last-Modified": "Mon, 11 Dec 2023 23:29:25 GMT",
        "Server": [
          "Windows-Azure-Blob/1.0",
          "Microsoft-HTTPAPI/2.0"
        ],
        "x-ms-client-request-id": "21da30c9-90e5-46f2-bb36-40c4845054e9",
        "x-ms-request-id": "453b3c95-e01e-0069-7089-2cae2a000000",
        "x-ms-version": "2024-02-04"
      },
      "ResponseBody": null
    },
    {
      "RequestUri": "https://REDACTED/bfd794f00blobsasencryptionscope2eb95505aabeb6729a40?restype=container",
      "RequestMethod": "PUT",
      "RequestHeaders": {
        "Accept": "application/xml",
        "Authorization": "Sanitized",
        "Content-Length": "0",
        "Date": "Mon, 11 Dec 2023 23:29:21 GMT",
        "User-Agent": "azsdk-java-azure-storage-blob/12.26.0-beta.1 (17.0.8; Windows 11; 10.0)",
        "x-ms-client-request-id": "62370fe1-ef02-4de2-91fa-862cad432887",
        "x-ms-version": "2024-02-04"
      },
      "RequestBody": null,
      "StatusCode": 409,
      "ResponseHeaders": {
        "Content-Length": "230",
        "Content-Type": "application/xml",
        "Date": "Mon, 11 Dec 2023 23:29:25 GMT",
        "Server": [
          "Windows-Azure-Blob/1.0",
          "Microsoft-HTTPAPI/2.0"
        ],
        "x-ms-client-request-id": "62370fe1-ef02-4de2-91fa-862cad432887",
        "x-ms-error-code": "ContainerAlreadyExists",
        "x-ms-request-id": "0d05edd8-001e-0071-7b89-2c714d000000",
        "x-ms-version": "2024-02-04"
      },
      "ResponseBody": [
        "\uFEFF\u003C?xml version=\u00221.0\u0022 encoding=\u0022utf-8\u0022?\u003E\u003CError\u003E\u003CCode\u003EContainerAlreadyExists\u003C/Code\u003E\u003CMessage\u003EThe specified container already exists.\n",
        "RequestId:0d05edd8-001e-0071-7b89-2c714d000000\n",
        "Time:2023-12-11T23:29:25.9312710Z\u003C/Message\u003E\u003C/Error\u003E"
      ]
    },
    {
      "RequestUri": "https://REDACTED/bfd794f00blobsasencryptionscope2eb95505aabeb6729a40/bfd794f01blobsasencryptionscope2eb61816f7a1046b7cf1",
      "RequestMethod": "PUT",
      "RequestHeaders": {
        "Accept": "application/xml",
        "Authorization": "Sanitized",
        "Content-Length": "7",
        "Content-Type": "application/octet-stream",
        "Date": "Mon, 11 Dec 2023 23:29:22 GMT",
        "If-None-Match": "*",
        "User-Agent": "azsdk-java-azure-storage-blob/12.26.0-beta.1 (17.0.8; Windows 11; 10.0)",
        "x-ms-blob-type": "BlockBlob",
        "x-ms-client-request-id": "73a30bcd-669e-49d6-a18e-faae2c10b3b0",
        "x-ms-version": "2024-02-04"
      },
      "RequestBody": "ZGVmYXVsdA==",
      "StatusCode": 201,
      "ResponseHeaders": {
        "Content-Length": "0",
        "Content-MD5": "wh\u002BWm18D0z1D4E\u002BPE252gg==",
        "Date": "Mon, 11 Dec 2023 23:29:25 GMT",
        "ETag": "\u00220x8DBFAA1039B7D5C\u0022",
        "Last-Modified": "Mon, 11 Dec 2023 23:29:26 GMT",
        "Server": [
          "Windows-Azure-Blob/1.0",
          "Microsoft-HTTPAPI/2.0"
        ],
        "x-ms-client-request-id": "73a30bcd-669e-49d6-a18e-faae2c10b3b0",
        "x-ms-content-crc64": "6RYQPwaVsyQ=",
        "x-ms-request-id": "e50721ee-201e-0076-6889-2c1d2e000000",
        "x-ms-request-server-encrypted": "true",
        "x-ms-version": "2024-02-04"
      },
      "ResponseBody": null
    },
    {
      "RequestUri": "https://REDACTED/?restype=service\u0026comp=userdelegationkey",
      "RequestMethod": "POST",
      "RequestHeaders": {
        "Accept": "application/xml",
        "Authorization": "Sanitized",
        "Content-Length": "129",
        "Content-Type": "application/xml",
        "Date": "Mon, 11 Dec 2023 23:29:22 GMT",
        "User-Agent": "azsdk-java-azure-storage-blob/12.26.0-beta.1 (17.0.8; Windows 11; 10.0)",
        "x-ms-client-request-id": "f20decd0-84cc-4671-a382-601fb086c418",
        "x-ms-version": "2024-02-04"
      },
      "RequestBody": "\u003C?xml version=\u00271.0\u0027 encoding=\u0027UTF-8\u0027?\u003E\u003CKeyInfo\u003E\u003CStart\u003E2023-12-10T23:29:22Z\u003C/Start\u003E\u003CExpiry\u003E2023-12-12T23:29:22Z\u003C/Expiry\u003E\u003C/KeyInfo\u003E",
      "StatusCode": 200,
      "ResponseHeaders": {
        "Content-Type": "application/xml",
        "Date": "Mon, 11 Dec 2023 23:29:25 GMT",
        "Server": [
          "Windows-Azure-Blob/1.0",
          "Microsoft-HTTPAPI/2.0"
        ],
        "Transfer-Encoding": "chunked",
        "x-ms-client-request-id": "f20decd0-84cc-4671-a382-601fb086c418",
        "x-ms-request-id": "8c56140e-601e-0093-2389-2c4c6c000000",
        "x-ms-version": "2024-02-04"
      },
      "ResponseBody": "\uFEFF\u003C?xml version=\u00221.0\u0022 encoding=\u0022utf-8\u0022?\u003E\u003CUserDelegationKey\u003E\u003CSignedOid\u003EREDACTED\u003C/SignedOid\u003E\u003CSignedTid\u003EREDACTED\u003C/SignedTid\u003E\u003CSignedStart\u003E2023-12-10T23:29:22Z\u003C/SignedStart\u003E\u003CSignedExpiry\u003E2023-12-12T23:29:22Z\u003C/SignedExpiry\u003E\u003CSignedService\u003Eb\u003C/SignedService\u003E\u003CSignedVersion\u003E2024-02-04\u003C/SignedVersion\u003E\u003CValue\u003EREDACTED\u003C/Value\u003E\u003C/UserDelegationKey\u003E"
    },
    {
      "RequestUri": "https://REDACTED/bfd794f00blobsasencryptionscope2eb95505aabeb6729a40/bfd794f02blobsasencryptionscope2eb997821a4c7f56e531?sv=2024-02-04\u0026spr=https%2Chttp\u0026st=2023-12-10T23%3A29%3A22Z\u0026se=2023-12-12T23%3A29%3A22Z\u0026skoid=1860430b-86fd-414a-8379-0ffff7834c55\u0026sktid=72f988bf-86f1-41af-91ab-2d7cd011db47\u0026skt=2023-12-10T23%3A29%3A22Z\u0026ske=2023-12-12T23%3A29%3A22Z\u0026sks=b\u0026skv=2024-02-04\u0026sr=b\u0026sp=rw\u0026REDACTED",
      "RequestMethod": "PUT",
      "RequestHeaders": {
        "Accept": "application/xml",
        "Content-Length": "7",
        "Content-Type": "application/octet-stream",
        "Date": "Mon, 11 Dec 2023 23:29:22 GMT",
        "If-None-Match": "*",
        "User-Agent": "azsdk-java-azure-storage-blob/12.26.0-beta.1 (17.0.8; Windows 11; 10.0)",
        "x-ms-blob-type": "BlockBlob",
        "x-ms-client-request-id": "09908c02-0127-4ee7-b149-ab42c5a641d8",
        "x-ms-version": "2024-02-04"
      },
      "RequestBody": "ZGVmYXVsdA==",
      "StatusCode": 201,
      "ResponseHeaders": {
        "Content-Length": "0",
        "Content-MD5": "wh\u002BWm18D0z1D4E\u002BPE252gg==",
        "Date": "Mon, 11 Dec 2023 23:29:26 GMT",
        "ETag": "\u00220x8DBFAA103E2402F\u0022",
        "Last-Modified": "Mon, 11 Dec 2023 23:29:26 GMT",
        "Server": [
          "Windows-Azure-Blob/1.0",
          "Microsoft-HTTPAPI/2.0"
        ],
        "x-ms-client-request-id": "09908c02-0127-4ee7-b149-ab42c5a641d8",
        "x-ms-content-crc64": "6RYQPwaVsyQ=",
        "x-ms-encryption-scope": "testscope1",
        "x-ms-request-id": "d8b4156f-501e-00a7-3789-2c7fa4000000",
        "x-ms-request-server-encrypted": "true",
        "x-ms-version": "2024-02-04"
      },
      "ResponseBody": null
    },
    {
      "RequestUri": "https://REDACTED/bfd794f00blobsasencryptionscope2eb95505aabeb6729a40/bfd794f02blobsasencryptionscope2eb997821a4c7f56e531?sv=2024-02-04\u0026spr=https%2Chttp\u0026st=2023-12-10T23%3A29%3A22Z\u0026se=2023-12-12T23%3A29%3A22Z\u0026skoid=1860430b-86fd-414a-8379-0ffff7834c55\u0026sktid=72f988bf-86f1-41af-91ab-2d7cd011db47\u0026skt=2023-12-10T23%3A29%3A22Z\u0026ske=2023-12-12T23%3A29%3A22Z\u0026sks=b\u0026skv=2024-02-04\u0026sr=b\u0026sp=rw\u0026REDACTED",
      "RequestMethod": "HEAD",
      "RequestHeaders": {
        "Accept": "application/xml",
        "Content-Length": "0",
        "Date": "Mon, 11 Dec 2023 23:29:22 GMT",
        "User-Agent": "azsdk-java-azure-storage-blob/12.26.0-beta.1 (17.0.8; Windows 11; 10.0)",
        "x-ms-client-request-id": "081fedac-008b-4145-a1a5-f099777f70c4",
        "x-ms-version": "2024-02-04"
      },
      "RequestBody": null,
      "StatusCode": 200,
      "ResponseHeaders": {
        "Accept-Ranges": "bytes",
        "Cache-Control": "cache",
        "Content-Disposition": "disposition",
        "Content-Encoding": "encoding",
        "Content-Language": "language",
        "Content-Length": "7",
        "Content-MD5": "wh\u002BWm18D0z1D4E\u002BPE252gg==",
        "Content-Type": "type",
        "Date": "Mon, 11 Dec 2023 23:29:25 GMT",
        "ETag": "\u00220x8DBFAA103E2402F\u0022",
        "Last-Modified": "Mon, 11 Dec 2023 23:29:26 GMT",
        "Server": [
          "Windows-Azure-Blob/1.0",
          "Microsoft-HTTPAPI/2.0"
        ],
        "x-ms-access-tier": "Hot",
        "x-ms-access-tier-inferred": "true",
        "x-ms-blob-type": "BlockBlob",
        "x-ms-client-request-id": "081fedac-008b-4145-a1a5-f099777f70c4",
        "x-ms-creation-time": "Mon, 11 Dec 2023 23:29:26 GMT",
        "x-ms-encryption-scope": "testscope1",
        "x-ms-lease-state": "available",
        "x-ms-lease-status": "unlocked",
        "x-ms-request-id": "bdd2091f-701e-0036-6789-2c1a16000000",
        "x-ms-server-encrypted": "true",
        "x-ms-version": "2024-02-04"
      },
      "ResponseBody": null
    }
  ],
  "Variables": {
    "0": "bfd794f00blobsasencryptionscope2eb95505aabeb6729a40",
    "1": "bfd794f01blobsasencryptionscope2eb61816f7a1046b7cf1",
    "2": "bfd794f02blobsasencryptionscope2eb997821a4c7f56e531",
    "3": "2023-12-11T23:29:22.174931Z",
    "4": "2023-12-11T23:29:22.174931Z",
    "5": "2023-12-11T23:29:22.175927900Z",
    "6": "2023-12-11T23:29:22.175927900Z",
    "7": "1860430b-86fd-414a-8379-0ffff7834c55",
    "8": "72f988bf-86f1-41af-91ab-2d7cd011db47"
  }
}
