{
  "Entries": [
    {
      "RequestUri": "https://REDACTED/f8bd7c920blobsasuserdelegation6e404421b0eb24af9210?restype=container",
      "RequestMethod": "PUT",
      "RequestHeaders": {
        "Accept": "application/xml",
        "Authorization": "Sanitized",
        "Content-Length": "0",
        "Date": "Mon, 27 Nov 2023 20:54:03 GMT",
        "User-Agent": "azsdk-java-azure-storage-blob/12.26.0-beta.1 (17.0.8; Windows 11; 10.0)",
        "x-ms-client-request-id": "6389af89-7807-46d4-b648-4db5486c6caa",
        "x-ms-version": "2024-02-04"
      },
      "RequestBody": null,
      "StatusCode": 201,
      "ResponseHeaders": {
        "Content-Length": "0",
        "Date": "Mon, 27 Nov 2023 20:54:05 GMT",
        "ETag": "\u00220x8DBEF8AFEEE4AE1\u0022",
        "Last-Modified": "Mon, 27 Nov 2023 20:54:06 GMT",
        "Server": [
          "Windows-Azure-Blob/1.0",
          "Microsoft-HTTPAPI/2.0"
        ],
        "x-ms-client-request-id": "6389af89-7807-46d4-b648-4db5486c6caa",
        "x-ms-request-id": "b98f6b82-f01e-0065-5a73-213922000000",
        "x-ms-version": "2024-02-04"
      },
      "ResponseBody": null
    },
    {
      "RequestUri": "https://REDACTED/f8bd7c920blobsasuserdelegation6e404421b0eb24af9210?restype=container",
      "RequestMethod": "PUT",
      "RequestHeaders": {
        "Accept": "application/xml",
        "Authorization": "Sanitized",
        "Content-Length": "0",
        "Date": "Mon, 27 Nov 2023 20:54:03 GMT",
        "User-Agent": "azsdk-java-azure-storage-blob/12.26.0-beta.1 (17.0.8; Windows 11; 10.0)",
        "x-ms-client-request-id": "2117268d-81d1-4de8-8ae5-e0b31e7359a6",
        "x-ms-version": "2024-02-04"
      },
      "RequestBody": null,
      "StatusCode": 409,
      "ResponseHeaders": {
        "Content-Length": "230",
        "Content-Type": "application/xml",
        "Date": "Mon, 27 Nov 2023 20:54:06 GMT",
        "Server": [
          "Windows-Azure-Blob/1.0",
          "Microsoft-HTTPAPI/2.0"
        ],
        "x-ms-client-request-id": "2117268d-81d1-4de8-8ae5-e0b31e7359a6",
        "x-ms-error-code": "ContainerAlreadyExists",
        "x-ms-request-id": "cf8d470c-a01e-0057-0273-213955000000",
        "x-ms-version": "2024-02-04"
      },
      "ResponseBody": [
        "\uFEFF\u003C?xml version=\u00221.0\u0022 encoding=\u0022utf-8\u0022?\u003E\u003CError\u003E\u003CCode\u003EContainerAlreadyExists\u003C/Code\u003E\u003CMessage\u003EThe specified container already exists.\n",
        "RequestId:cf8d470c-a01e-0057-0273-213955000000\n",
        "Time:2023-11-27T20:54:06.5701052Z\u003C/Message\u003E\u003C/Error\u003E"
      ]
    },
    {
      "RequestUri": "https://REDACTED/f8bd7c920blobsasuserdelegation6e404421b0eb24af9210/f8bd7c921blobsasuserdelegation6e4146380019de500e0b",
      "RequestMethod": "PUT",
      "RequestHeaders": {
        "Accept": "application/xml",
        "Authorization": "Sanitized",
        "Content-Length": "7",
        "Content-Type": "application/octet-stream",
        "Date": "Mon, 27 Nov 2023 20:54:03 GMT",
        "If-None-Match": "*",
        "User-Agent": "azsdk-java-azure-storage-blob/12.26.0-beta.1 (17.0.8; Windows 11; 10.0)",
        "x-ms-blob-type": "BlockBlob",
        "x-ms-client-request-id": "77ed0467-540c-498c-8b60-00d857270a51",
        "x-ms-version": "2024-02-04"
      },
      "RequestBody": "ZGVmYXVsdA==",
      "StatusCode": 201,
      "ResponseHeaders": {
        "Content-Length": "0",
        "Content-MD5": "wh\u002BWm18D0z1D4E\u002BPE252gg==",
        "Date": "Mon, 27 Nov 2023 20:54:06 GMT",
        "ETag": "\u00220x8DBEF8AFF0C81CE\u0022",
        "Last-Modified": "Mon, 27 Nov 2023 20:54:06 GMT",
        "Server": [
          "Windows-Azure-Blob/1.0",
          "Microsoft-HTTPAPI/2.0"
        ],
        "x-ms-client-request-id": "77ed0467-540c-498c-8b60-00d857270a51",
        "x-ms-content-crc64": "6RYQPwaVsyQ=",
        "x-ms-request-id": "cf8d47b2-a01e-0057-1873-213955000000",
        "x-ms-request-server-encrypted": "true",
        "x-ms-version": "2024-02-04"
      },
      "ResponseBody": null
    },
    {
      "RequestUri": "https://REDACTED/?restype=service\u0026comp=userdelegationkey",
      "RequestMethod": "POST",
      "RequestHeaders": {
        "Accept": "application/xml",
        "Authorization": "Sanitized",
        "Content-Length": "129",
        "Content-Type": "application/xml",
        "Date": "Mon, 27 Nov 2023 20:54:03 GMT",
        "User-Agent": "azsdk-java-azure-storage-blob/12.26.0-beta.1 (17.0.8; Windows 11; 10.0)",
        "x-ms-client-request-id": "5b1c0df9-27ec-45f4-af9f-bcd7f344fb20",
        "x-ms-version": "2024-02-04"
      },
      "RequestBody": "\u003C?xml version=\u00271.0\u0027 encoding=\u0027UTF-8\u0027?\u003E\u003CKeyInfo\u003E\u003CStart\u003E2023-11-26T20:54:03Z\u003C/Start\u003E\u003CExpiry\u003E2023-11-28T20:54:03Z\u003C/Expiry\u003E\u003C/KeyInfo\u003E",
      "StatusCode": 200,
      "ResponseHeaders": {
        "Content-Type": "application/xml",
        "Date": "Mon, 27 Nov 2023 20:54:06 GMT",
        "Server": [
          "Windows-Azure-Blob/1.0",
          "Microsoft-HTTPAPI/2.0"
        ],
        "Transfer-Encoding": "chunked",
        "x-ms-client-request-id": "5b1c0df9-27ec-45f4-af9f-bcd7f344fb20",
        "x-ms-request-id": "d4f357c0-f01e-0075-2473-21fc4a000000",
        "x-ms-version": "2024-02-04"
      },
      "ResponseBody": "\uFEFF\u003C?xml version=\u00221.0\u0022 encoding=\u0022utf-8\u0022?\u003E\u003CUserDelegationKey\u003E\u003CSignedOid\u003EREDACTED\u003C/SignedOid\u003E\u003CSignedTid\u003EREDACTED\u003C/SignedTid\u003E\u003CSignedStart\u003E2023-11-26T20:54:03Z\u003C/SignedStart\u003E\u003CSignedExpiry\u003E2023-11-28T20:54:03Z\u003C/SignedExpiry\u003E\u003CSignedService\u003Eb\u003C/SignedService\u003E\u003CSignedVersion\u003E2024-02-04\u003C/SignedVersion\u003E\u003CValue\u003EREDACTED\u003C/Value\u003E\u003C/UserDelegationKey\u003E"
    },
    {
      "RequestUri": "https://REDACTED/f8bd7c920blobsasuserdelegation6e404421b0eb24af9210/f8bd7c921blobsasuserdelegation6e4146380019de500e0b?sv=2024-02-04\u0026spr=https%2Chttp\u0026st=2023-11-26T20%3A54%3A03Z\u0026se=2023-11-28T20%3A54%3A03Z\u0026skoid=1860430b-86fd-414a-8379-0ffff7834c55\u0026sktid=72f988bf-86f1-41af-91ab-2d7cd011db47\u0026skt=2023-11-26T20%3A54%3A03Z\u0026ske=2023-11-28T20%3A54%3A03Z\u0026sks=b\u0026skv=2024-02-04\u0026sr=b\u0026sp=racwdlme\u0026REDACTED",
      "RequestMethod": "GET",
      "RequestHeaders": {
        "Accept": "application/xml",
        "Content-Length": "0",
        "Date": "Mon, 27 Nov 2023 20:54:03 GMT",
        "User-Agent": "azsdk-java-azure-storage-blob/12.26.0-beta.1 (17.0.8; Windows 11; 10.0)",
        "x-ms-client-request-id": "f3adb37c-8e16-4d85-8a81-2dd8eeaab2d5",
        "x-ms-version": "2024-02-04"
      },
      "RequestBody": null,
      "StatusCode": 200,
      "ResponseHeaders": {
        "Accept-Ranges": "bytes",
        "Access-Control-Allow-Origin": "*",
        "Access-Control-Expose-Headers": "x-ms-client-request-id",
        "Cache-Control": "cache",
        "Content-Disposition": "disposition",
        "Content-Encoding": "encoding",
        "Content-Language": "language",
        "Content-Length": "7",
        "Content-MD5": "wh\u002BWm18D0z1D4E\u002BPE252gg==",
        "Content-Type": "type",
        "Date": "Mon, 27 Nov 2023 20:54:06 GMT",
        "ETag": "\u00220x8DBEF8AFF0C81CE\u0022",
        "Last-Modified": "Mon, 27 Nov 2023 20:54:06 GMT",
        "Server": [
          "Windows-Azure-Blob/1.0",
          "Microsoft-HTTPAPI/2.0"
        ],
        "x-ms-blob-type": "BlockBlob",
        "x-ms-client-request-id": "f3adb37c-8e16-4d85-8a81-2dd8eeaab2d5",
        "x-ms-creation-time": "Mon, 27 Nov 2023 20:54:06 GMT",
        "x-ms-lease-state": "available",
        "x-ms-lease-status": "unlocked",
        "x-ms-request-id": "d4f3584f-f01e-0075-2173-21fc4a000000",
        "x-ms-server-encrypted": "true",
        "x-ms-version": "2024-02-04"
      },
      "ResponseBody": "ZGVmYXVsdA=="
    },
    {
      "RequestUri": "https://REDACTED/f8bd7c920blobsasuserdelegation6e404421b0eb24af9210/f8bd7c921blobsasuserdelegation6e4146380019de500e0b?sv=2024-02-04\u0026spr=https%2Chttp\u0026st=2023-11-26T20%3A54%3A03Z\u0026se=2023-11-28T20%3A54%3A03Z\u0026skoid=1860430b-86fd-414a-8379-0ffff7834c55\u0026sktid=72f988bf-86f1-41af-91ab-2d7cd011db47\u0026skt=2023-11-26T20%3A54%3A03Z\u0026ske=2023-11-28T20%3A54%3A03Z\u0026sks=b\u0026skv=2024-02-04\u0026sr=b\u0026sp=racwdlme\u0026REDACTED",
      "RequestMethod": "HEAD",
      "RequestHeaders": {
        "Accept": "application/xml",
        "Content-Length": "0",
        "Date": "Mon, 27 Nov 2023 20:54:03 GMT",
        "User-Agent": "azsdk-java-azure-storage-blob/12.26.0-beta.1 (17.0.8; Windows 11; 10.0)",
        "x-ms-client-request-id": "143a331c-c64b-4258-b73b-decae4629c41",
        "x-ms-version": "2024-02-04"
      },
      "RequestBody": null,
      "StatusCode": 200,
      "ResponseHeaders": {
        "Accept-Ranges": "bytes",
        "Access-Control-Allow-Origin": "*",
        "Access-Control-Expose-Headers": "x-ms-client-request-id",
        "Cache-Control": "cache",
        "Content-Disposition": "disposition",
        "Content-Encoding": "encoding",
        "Content-Language": "language",
        "Content-Length": "7",
        "Content-MD5": "wh\u002BWm18D0z1D4E\u002BPE252gg==",
        "Content-Type": "type",
        "Date": "Mon, 27 Nov 2023 20:54:06 GMT",
        "ETag": "\u00220x8DBEF8AFF0C81CE\u0022",
        "Last-Modified": "Mon, 27 Nov 2023 20:54:06 GMT",
        "Server": [
          "Windows-Azure-Blob/1.0",
          "Microsoft-HTTPAPI/2.0"
        ],
        "x-ms-access-tier": "Hot",
        "x-ms-access-tier-inferred": "true",
        "x-ms-blob-type": "BlockBlob",
        "x-ms-client-request-id": "143a331c-c64b-4258-b73b-decae4629c41",
        "x-ms-creation-time": "Mon, 27 Nov 2023 20:54:06 GMT",
        "x-ms-lease-state": "available",
        "x-ms-lease-status": "unlocked",
        "x-ms-request-id": "d4f358d1-f01e-0075-0c73-21fc4a000000",
        "x-ms-server-encrypted": "true",
        "x-ms-version": "2024-02-04"
      },
      "ResponseBody": null
    }
  ],
  "Variables": {
    "0": "f8bd7c920blobsasuserdelegation6e404421b0eb24af9210",
    "1": "f8bd7c921blobsasuserdelegation6e4146380019de500e0b",
    "2": "2023-11-27T20:54:03.483335500Z",
    "3": "2023-11-27T20:54:03.483335500Z",
    "4": "2023-11-27T20:54:03.484330900Z",
    "5": "2023-11-27T20:54:03.484330900Z",
    "6": "1860430b-86fd-414a-8379-0ffff7834c55",
    "7": "72f988bf-86f1-41af-91ab-2d7cd011db47"
  }
}
