{
  "Entries": [
    {
      "RequestUri": "https://REDACTED/8d05a1bd0accountsasonendpointf159363584ce294b6ff24?restype=container",
      "RequestMethod": "PUT",
      "RequestHeaders": {
        "Accept": "application/xml",
        "Authorization": "Sanitized",
        "Content-Length": "0",
        "Date": "Mon, 27 Nov 2023 20:54:02 GMT",
        "User-Agent": "azsdk-java-azure-storage-blob/12.26.0-beta.1 (17.0.8; Windows 11; 10.0)",
        "x-ms-client-request-id": "8ecb908b-461e-4a93-a795-88914443b2bb",
        "x-ms-version": "2024-02-04"
      },
      "RequestBody": null,
      "StatusCode": 201,
      "ResponseHeaders": {
        "Content-Length": "0",
        "Date": "Mon, 27 Nov 2023 20:54:05 GMT",
        "ETag": "\u00220x8DBEF8AFE4A03B9\u0022",
        "Last-Modified": "Mon, 27 Nov 2023 20:54:05 GMT",
        "Server": [
          "Windows-Azure-Blob/1.0",
          "Microsoft-HTTPAPI/2.0"
        ],
        "x-ms-client-request-id": "8ecb908b-461e-4a93-a795-88914443b2bb",
        "x-ms-request-id": "f0c8b05d-e01e-0046-2773-21a3e1000000",
        "x-ms-version": "2024-02-04"
      },
      "ResponseBody": null
    },
    {
      "RequestUri": "https://REDACTED/8d05a1bd0accountsasonendpointf159363584ce294b6ff24?restype=container",
      "RequestMethod": "PUT",
      "RequestHeaders": {
        "Accept": "application/xml",
        "Authorization": "Sanitized",
        "Content-Length": "0",
        "Date": "Mon, 27 Nov 2023 20:54:02 GMT",
        "User-Agent": "azsdk-java-azure-storage-blob/12.26.0-beta.1 (17.0.8; Windows 11; 10.0)",
        "x-ms-client-request-id": "064b39ae-bc72-4066-b841-b4ec5019f88e",
        "x-ms-version": "2024-02-04"
      },
      "RequestBody": null,
      "StatusCode": 409,
      "ResponseHeaders": {
        "Content-Length": "230",
        "Content-Type": "application/xml",
        "Date": "Mon, 27 Nov 2023 20:54:05 GMT",
        "Server": [
          "Windows-Azure-Blob/1.0",
          "Microsoft-HTTPAPI/2.0"
        ],
        "x-ms-client-request-id": "064b39ae-bc72-4066-b841-b4ec5019f88e",
        "x-ms-error-code": "ContainerAlreadyExists",
        "x-ms-request-id": "f0c8b11a-e01e-0046-5373-21a3e1000000",
        "x-ms-version": "2024-02-04"
      },
      "ResponseBody": [
        "\uFEFF\u003C?xml version=\u00221.0\u0022 encoding=\u0022utf-8\u0022?\u003E\u003CError\u003E\u003CCode\u003EContainerAlreadyExists\u003C/Code\u003E\u003CMessage\u003EThe specified container already exists.\n",
        "RequestId:f0c8b11a-e01e-0046-5373-21a3e1000000\n",
        "Time:2023-11-27T20:54:05.4965295Z\u003C/Message\u003E\u003C/Error\u003E"
      ]
    },
    {
      "RequestUri": "https://REDACTED/8d05a1bd0accountsasonendpointf159363584ce294b6ff24/8d05a1bd1accountsasonendpointf1568411176a992eeb9a4",
      "RequestMethod": "PUT",
      "RequestHeaders": {
        "Accept": "application/xml",
        "Authorization": "Sanitized",
        "Content-Length": "7",
        "Content-Type": "application/octet-stream",
        "Date": "Mon, 27 Nov 2023 20:54:02 GMT",
        "If-None-Match": "*",
        "User-Agent": "azsdk-java-azure-storage-blob/12.26.0-beta.1 (17.0.8; Windows 11; 10.0)",
        "x-ms-blob-type": "BlockBlob",
        "x-ms-client-request-id": "eb0ade60-1ca5-4a62-b755-23b4296b4271",
        "x-ms-version": "2024-02-04"
      },
      "RequestBody": "ZGVmYXVsdA==",
      "StatusCode": 201,
      "ResponseHeaders": {
        "Content-Length": "0",
        "Content-MD5": "wh\u002BWm18D0z1D4E\u002BPE252gg==",
        "Date": "Mon, 27 Nov 2023 20:54:04 GMT",
        "ETag": "\u00220x8DBEF8AFE69F12F\u0022",
        "Last-Modified": "Mon, 27 Nov 2023 20:54:05 GMT",
        "Server": [
          "Windows-Azure-Blob/1.0",
          "Microsoft-HTTPAPI/2.0"
        ],
        "x-ms-client-request-id": "eb0ade60-1ca5-4a62-b755-23b4296b4271",
        "x-ms-content-crc64": "6RYQPwaVsyQ=",
        "x-ms-request-id": "b98f6746-f01e-0065-7373-213922000000",
        "x-ms-request-server-encrypted": "true",
        "x-ms-version": "2024-02-04"
      },
      "ResponseBody": null
    },
    {
      "RequestUri": "https://REDACTED/8d05a1bd2accountsasonendpointf1519669ddd120aa792f4?restype=container\u0026sv=2024-02-04\u0026se=2023-11-28T20%3A54%3A02Z\u0026sp=rc\u0026REDACTED",
      "RequestMethod": "PUT",
      "RequestHeaders": {
        "Accept": "application/xml",
        "Content-Length": "0",
        "Date": "Mon, 27 Nov 2023 20:54:02 GMT",
        "User-Agent": "azsdk-java-azure-storage-blob/12.26.0-beta.1 (17.0.8; Windows 11; 10.0)",
        "x-ms-client-request-id": "ad28fe69-2d76-40be-b452-5c37d70e87cd",
        "x-ms-version": "2024-02-04"
      },
      "RequestBody": null,
      "StatusCode": 201,
      "ResponseHeaders": {
        "Content-Length": "0",
        "Date": "Mon, 27 Nov 2023 20:54:04 GMT",
        "ETag": "\u00220x8DBEF8AFE797A2E\u0022",
        "Last-Modified": "Mon, 27 Nov 2023 20:54:05 GMT",
        "Server": [
          "Windows-Azure-Blob/1.0",
          "Microsoft-HTTPAPI/2.0"
        ],
        "x-ms-client-request-id": "ad28fe69-2d76-40be-b452-5c37d70e87cd",
        "x-ms-request-id": "b98f67b9-f01e-0065-6073-213922000000",
        "x-ms-version": "2024-02-04"
      },
      "ResponseBody": null
    },
    {
      "RequestUri": "https://REDACTED/8d05a1bd0accountsasonendpointf159363584ce294b6ff24?restype=container\u0026sv=2024-02-04\u0026se=2023-11-28T20%3A54%3A02Z\u0026sp=rc\u0026REDACTED",
      "RequestMethod": "GET",
      "RequestHeaders": {
        "Accept": "application/xml",
        "Content-Length": "0",
        "Date": "Mon, 27 Nov 2023 20:54:02 GMT",
        "User-Agent": "azsdk-java-azure-storage-blob/12.26.0-beta.1 (17.0.8; Windows 11; 10.0)",
        "x-ms-client-request-id": "9baf9d36-b6eb-4ef8-bf88-63b7e44d9b19",
        "x-ms-version": "2024-02-04"
      },
      "RequestBody": null,
      "StatusCode": 200,
      "ResponseHeaders": {
        "Access-Control-Allow-Origin": "*",
        "Access-Control-Expose-Headers": "x-ms-client-request-id",
        "Content-Length": "0",
        "Date": "Mon, 27 Nov 2023 20:54:04 GMT",
        "ETag": "\u00220x8DBEF8AFE4A03B9\u0022",
        "Last-Modified": "Mon, 27 Nov 2023 20:54:05 GMT",
        "Server": [
          "Windows-Azure-Blob/1.0",
          "Microsoft-HTTPAPI/2.0"
        ],
        "x-ms-client-request-id": "9baf9d36-b6eb-4ef8-bf88-63b7e44d9b19",
        "x-ms-default-encryption-scope": "$account-encryption-key",
        "x-ms-deny-encryption-scope-override": "false",
        "x-ms-has-immutability-policy": "false",
        "x-ms-has-legal-hold": "false",
        "x-ms-immutable-storage-with-versioning-enabled": "false",
        "x-ms-lease-state": "available",
        "x-ms-lease-status": "unlocked",
        "x-ms-request-id": "b98f682a-f01e-0065-4573-213922000000",
        "x-ms-version": "2024-02-04"
      },
      "ResponseBody": null
    },
    {
      "RequestUri": "https://REDACTED/8d05a1bd0accountsasonendpointf159363584ce294b6ff24/8d05a1bd1accountsasonendpointf1568411176a992eeb9a4",
      "RequestMethod": "PUT",
      "RequestHeaders": {
        "Accept": "application/xml",
        "Authorization": "Sanitized",
        "Content-Length": "256",
        "Content-Type": "application/octet-stream",
        "Date": "Mon, 27 Nov 2023 20:54:02 GMT",
        "User-Agent": "azsdk-java-azure-storage-blob/12.26.0-beta.1 (17.0.8; Windows 11; 10.0)",
        "x-ms-blob-type": "BlockBlob",
        "x-ms-client-request-id": "c43b21b6-92cf-4d79-9fa7-ac10df593353",
        "x-ms-version": "2024-02-04"
      },
      "RequestBody": "WQ2cf4K0tH7F/nPqlVR/wuAb1KPZDYHP2xYgCj5A5SvnZoXKfUNcKBPP6hDOimVCBk2vP2ApqZIKbemd7wxIOAADpXPxuFk0M7TJgSrk\u002Ba0npMePruMRoteGRnmZmQ/G/mQmsP16DD1dE1df4H\u002B2mB/MHBo8QcbFyxHNZ118CYJfFSFXFngg0IzVWquer0yNLyNzWRiA7c5zN0LeE7FWl0WiftCDXe9A/5t5bwRSpZN6Q8mKYzZ5geCZJAfEGwfF9i9wTeAdYoi6BBKtJ/2hQ4kbxmPTwAjBKGDJEjDbshlcmdV2nMcMJAP/zRwP\u002BejNyJahAjIBXBTjUl7kSWv7yA==",
      "StatusCode": 201,
      "ResponseHeaders": {
        "Content-Length": "0",
        "Content-MD5": "q63JTTF0MkGll\u002B0dZetUzg==",
        "Date": "Mon, 27 Nov 2023 20:54:05 GMT",
        "ETag": "\u00220x8DBEF8AFEA03B67\u0022",
        "Last-Modified": "Mon, 27 Nov 2023 20:54:05 GMT",
        "Server": [
          "Windows-Azure-Blob/1.0",
          "Microsoft-HTTPAPI/2.0"
        ],
        "x-ms-client-request-id": "c43b21b6-92cf-4d79-9fa7-ac10df593353",
        "x-ms-content-crc64": "Ck09LTZZh08=",
        "x-ms-request-id": "f0c8b468-e01e-0046-6a73-21a3e1000000",
        "x-ms-request-server-encrypted": "true",
        "x-ms-version": "2024-02-04"
      },
      "ResponseBody": null
    }
  ],
  "Variables": {
    "0": "8d05a1bd0accountsasonendpointf159363584ce294b6ff24",
    "1": "8d05a1bd1accountsasonendpointf1568411176a992eeb9a4",
    "2": "2023-11-27T20:54:02.421177500Z",
    "3": "8d05a1bd2accountsasonendpointf1519669ddd120aa792f4",
    "4": "2faf3a20-8e79-444a-8281-22b7646bc58b"
  }
}
