{
  "Entries": [
    {
      "RequestUri": "https://REDACTED/956b6e3c0containeruserdelegationcorrelationid36d74281b7e76?restype=container",
      "RequestMethod": "PUT",
      "RequestHeaders": {
        "Accept": "application/xml",
        "Authorization": "Sanitized",
        "Content-Length": "0",
        "Date": "Mon, 08 Jan 2024 19:45:09 GMT",
        "User-Agent": "azsdk-java-azure-storage-blob/12.26.0-beta.1 (17.0.8; Windows 11; 10.0)",
        "x-ms-client-request-id": "c0a458bf-172b-4a6a-9e70-7c96a3f0569c",
        "x-ms-version": "2024-02-04"
      },
      "RequestBody": null,
      "StatusCode": 201,
      "ResponseHeaders": {
        "Content-Length": "0",
        "Date": "Mon, 08 Jan 2024 19:45:20 GMT",
        "ETag": "\u00220x8DC108258CFB4A0\u0022",
        "Last-Modified": "Mon, 08 Jan 2024 19:45:20 GMT",
        "Server": [
          "Windows-Azure-Blob/1.0",
          "Microsoft-HTTPAPI/2.0"
        ],
        "x-ms-client-request-id": "c0a458bf-172b-4a6a-9e70-7c96a3f0569c",
        "x-ms-request-id": "adc92d79-b01e-0039-7c6b-426c7a000000",
        "x-ms-version": "2024-02-04"
      },
      "ResponseBody": null
    },
    {
      "RequestUri": "https://REDACTED/956b6e3c0containeruserdelegationcorrelationid36d74281b7e76?restype=container",
      "RequestMethod": "PUT",
      "RequestHeaders": {
        "Accept": "application/xml",
        "Authorization": "Sanitized",
        "Content-Length": "0",
        "Date": "Mon, 08 Jan 2024 19:45:09 GMT",
        "User-Agent": "azsdk-java-azure-storage-blob/12.26.0-beta.1 (17.0.8; Windows 11; 10.0)",
        "x-ms-client-request-id": "ec3ab06a-13be-4ff1-8b9f-296dffdbec8e",
        "x-ms-version": "2024-02-04"
      },
      "RequestBody": null,
      "StatusCode": 409,
      "ResponseHeaders": {
        "Content-Length": "230",
        "Content-Type": "application/xml",
        "Date": "Mon, 08 Jan 2024 19:45:20 GMT",
        "Server": [
          "Windows-Azure-Blob/1.0",
          "Microsoft-HTTPAPI/2.0"
        ],
        "x-ms-client-request-id": "ec3ab06a-13be-4ff1-8b9f-296dffdbec8e",
        "x-ms-error-code": "ContainerAlreadyExists",
        "x-ms-request-id": "adc92dfb-b01e-0039-766b-426c7a000000",
        "x-ms-version": "2024-02-04"
      },
      "ResponseBody": [
        "\uFEFF\u003C?xml version=\u00221.0\u0022 encoding=\u0022utf-8\u0022?\u003E\u003CError\u003E\u003CCode\u003EContainerAlreadyExists\u003C/Code\u003E\u003CMessage\u003EThe specified container already exists.\n",
        "RequestId:adc92dfb-b01e-0039-766b-426c7a000000\n",
        "Time:2024-01-08T19:45:20.2447390Z\u003C/Message\u003E\u003C/Error\u003E"
      ]
    },
    {
      "RequestUri": "https://REDACTED/956b6e3c0containeruserdelegationcorrelationid36d74281b7e76/956b6e3c1containeruserdelegationcorrelationid36d960233da32",
      "RequestMethod": "PUT",
      "RequestHeaders": {
        "Accept": "application/xml",
        "Authorization": "Sanitized",
        "Content-Length": "7",
        "Content-Type": "application/octet-stream",
        "Date": "Mon, 08 Jan 2024 19:45:09 GMT",
        "If-None-Match": "*",
        "User-Agent": "azsdk-java-azure-storage-blob/12.26.0-beta.1 (17.0.8; Windows 11; 10.0)",
        "x-ms-blob-type": "BlockBlob",
        "x-ms-client-request-id": "f8d01e9e-e4f6-4d34-83a0-c8c6a0ce37d7",
        "x-ms-version": "2024-02-04"
      },
      "RequestBody": "ZGVmYXVsdA==",
      "StatusCode": 201,
      "ResponseHeaders": {
        "Content-Length": "0",
        "Content-MD5": "wh\u002BWm18D0z1D4E\u002BPE252gg==",
        "Date": "Mon, 08 Jan 2024 19:45:20 GMT",
        "ETag": "\u00220x8DC108258EAC196\u0022",
        "Last-Modified": "Mon, 08 Jan 2024 19:45:20 GMT",
        "Server": [
          "Windows-Azure-Blob/1.0",
          "Microsoft-HTTPAPI/2.0"
        ],
        "x-ms-client-request-id": "f8d01e9e-e4f6-4d34-83a0-c8c6a0ce37d7",
        "x-ms-content-crc64": "6RYQPwaVsyQ=",
        "x-ms-request-id": "adc92e80-b01e-0039-576b-426c7a000000",
        "x-ms-request-server-encrypted": "true",
        "x-ms-version": "2024-02-04"
      },
      "ResponseBody": null
    },
    {
      "RequestUri": "https://REDACTED/?restype=service\u0026comp=userdelegationkey",
      "RequestMethod": "POST",
      "RequestHeaders": {
        "Accept": "application/xml",
        "Authorization": "Sanitized",
        "Content-Length": "109",
        "Content-Type": "application/xml",
        "Date": "Mon, 08 Jan 2024 19:45:09 GMT",
        "User-Agent": "azsdk-java-azure-storage-blob/12.26.0-beta.1 (17.0.8; Windows 11; 10.0)",
        "x-ms-client-request-id": "55122fb9-c623-47ed-89d0-0e33b0758af1",
        "x-ms-version": "2024-02-04"
      },
      "RequestBody": "\u003C?xml version=\u00271.0\u0027 encoding=\u0027UTF-8\u0027?\u003E\u003CKeyInfo\u003E\u003CStart\u003E\u003C/Start\u003E\u003CExpiry\u003E2024-01-09T19:45:09Z\u003C/Expiry\u003E\u003C/KeyInfo\u003E",
      "StatusCode": 200,
      "ResponseHeaders": {
        "Content-Type": "application/xml",
        "Date": "Mon, 08 Jan 2024 19:45:20 GMT",
        "Server": [
          "Windows-Azure-Blob/1.0",
          "Microsoft-HTTPAPI/2.0"
        ],
        "Transfer-Encoding": "chunked",
        "x-ms-client-request-id": "55122fb9-c623-47ed-89d0-0e33b0758af1",
        "x-ms-request-id": "2c64a911-d01e-0086-736b-425bdf000000",
        "x-ms-version": "2024-02-04"
      },
      "ResponseBody": "\uFEFF\u003C?xml version=\u00221.0\u0022 encoding=\u0022utf-8\u0022?\u003E\u003CUserDelegationKey\u003E\u003CSignedOid\u003EREDACTED\u003C/SignedOid\u003E\u003CSignedTid\u003EREDACTED\u003C/SignedTid\u003E\u003CSignedStart\u003E2024-01-08T19:45:20Z\u003C/SignedStart\u003E\u003CSignedExpiry\u003E2024-01-09T19:45:09Z\u003C/SignedExpiry\u003E\u003CSignedService\u003Eb\u003C/SignedService\u003E\u003CSignedVersion\u003E2024-02-04\u003C/SignedVersion\u003E\u003CValue\u003EREDACTED\u003C/Value\u003E\u003C/UserDelegationKey\u003E"
    },
    {
      "RequestUri": "https://REDACTED/956b6e3c0containeruserdelegationcorrelationid36d74281b7e76?restype=container\u0026comp=list\u0026sv=2024-02-04\u0026se=2024-01-09T19%3A45%3A09Z\u0026skoid=1860430b-86fd-414a-8379-0ffff7834c55\u0026sktid=72f988bf-86f1-41af-91ab-2d7cd011db47\u0026skt=2024-01-08T19%3A45%3A20Z\u0026ske=2024-01-09T19%3A45%3A09Z\u0026sks=b\u0026skv=2024-02-04\u0026scid=91326e1b-2351-4983-946c-b9245e92f559\u0026sr=c\u0026sp=l\u0026REDACTED",
      "RequestMethod": "GET",
      "RequestHeaders": {
        "Accept": "application/xml",
        "Content-Length": "0",
        "Date": "Mon, 08 Jan 2024 19:45:09 GMT",
        "User-Agent": "azsdk-java-azure-storage-blob/12.26.0-beta.1 (17.0.8; Windows 11; 10.0)",
        "x-ms-client-request-id": "05e7a91a-64a2-41fc-8324-ac8c63b637e5",
        "x-ms-version": "2024-02-04"
      },
      "RequestBody": null,
      "StatusCode": 200,
      "ResponseHeaders": {
        "Content-Type": "application/xml",
        "Date": "Mon, 08 Jan 2024 19:45:20 GMT",
        "Server": [
          "Windows-Azure-Blob/1.0",
          "Microsoft-HTTPAPI/2.0"
        ],
        "Transfer-Encoding": "chunked",
        "x-ms-client-request-id": "05e7a91a-64a2-41fc-8324-ac8c63b637e5",
        "x-ms-request-id": "2c64a9a2-d01e-0086-6e6b-425bdf000000",
        "x-ms-version": "2024-02-04"
      },
      "ResponseBody": "\uFEFF\u003C?xml version=\u00221.0\u0022 encoding=\u0022utf-8\u0022?\u003E\u003CEnumerationResults ServiceEndpoint=\u0022https://ibrandesstorage.blob.core.windows.net/\u0022 ContainerName=\u0022956b6e3c0containeruserdelegationcorrelationid36d74281b7e76\u0022\u003E\u003CBlobs\u003E\u003CBlob\u003E\u003CName\u003E956b6e3c1containeruserdelegationcorrelationid36d960233da32\u003C/Name\u003E\u003CProperties\u003E\u003CCreation-Time\u003EMon, 08 Jan 2024 19:45:20 GMT\u003C/Creation-Time\u003E\u003CLast-Modified\u003EMon, 08 Jan 2024 19:45:20 GMT\u003C/Last-Modified\u003E\u003CEtag\u003E0x8DC108258EAC196\u003C/Etag\u003E\u003CContent-Length\u003E7\u003C/Content-Length\u003E\u003CContent-Type\u003Eapplication/octet-stream\u003C/Content-Type\u003E\u003CContent-Encoding /\u003E\u003CContent-Language /\u003E\u003CContent-CRC64 /\u003E\u003CContent-MD5\u003Ewh\u002BWm18D0z1D4E\u002BPE252gg==\u003C/Content-MD5\u003E\u003CCache-Control /\u003E\u003CContent-Disposition /\u003E\u003CBlobType\u003EBlockBlob\u003C/BlobType\u003E\u003CAccessTier\u003EHot\u003C/AccessTier\u003E\u003CAccessTierInferred\u003Etrue\u003C/AccessTierInferred\u003E\u003CLeaseStatus\u003Eunlocked\u003C/LeaseStatus\u003E\u003CLeaseState\u003Eavailable\u003C/LeaseState\u003E\u003CServerEncrypted\u003Etrue\u003C/ServerEncrypted\u003E\u003C/Properties\u003E\u003COrMetadata /\u003E\u003C/Blob\u003E\u003C/Blobs\u003E\u003CNextMarker /\u003E\u003C/EnumerationResults\u003E"
    }
  ],
  "Variables": {
    "0": "956b6e3c0containeruserdelegationcorrelationid36d74281b7e76",
    "1": "956b6e3c1containeruserdelegationcorrelationid36d960233da32",
    "2": "2024-01-08T19:45:09.577915200Z",
    "3": "1860430b-86fd-414a-8379-0ffff7834c55",
    "4": "72f988bf-86f1-41af-91ab-2d7cd011db47",
    "5": "91326e1b-2351-4983-946c-b9245e92f559"
  }
}
