{
  "Entries": [
    {
      "RequestUri": "https://REDACTED/3080e8ab0blobsastagsfailf6c89988fd6e487267c347f?restype=container",
      "RequestMethod": "PUT",
      "RequestHeaders": {
        "Accept": "application/xml",
        "Authorization": "Sanitized",
        "Content-Length": "0",
        "Date": "Thu, 12 Oct 2023 14:28:47 GMT",
        "User-Agent": "azsdk-java-azure-storage-blob/12.25.0-beta.1 (17.0.8.1; Windows 11; 10.0)",
        "x-ms-client-request-id": "8ea4ec45-9044-46a7-84b7-9253b1972307",
        "x-ms-version": "2023-08-03"
      },
      "RequestBody": null,
      "StatusCode": 201,
      "ResponseHeaders": {
        "Content-Length": "0",
        "Date": "Thu, 12 Oct 2023 14:28:47 GMT",
        "ETag": "\u00220x8DBCB2F8BC3CD65\u0022",
        "Last-Modified": "Thu, 12 Oct 2023 14:28:47 GMT",
        "Server": [
          "Windows-Azure-Blob/1.0",
          "Microsoft-HTTPAPI/2.0"
        ],
        "x-ms-client-request-id": "8ea4ec45-9044-46a7-84b7-9253b1972307",
        "x-ms-request-id": "9107d189-f01e-002f-2018-fdc77a000000",
        "x-ms-version": "2023-08-03"
      },
      "ResponseBody": null
    },
    {
      "RequestUri": "https://REDACTED/3080e8ab0blobsastagsfailf6c89988fd6e487267c347f/3080e8ab1blobsastagsfailf6c287587667025f8dc0402",
      "RequestMethod": "PUT",
      "RequestHeaders": {
        "Accept": "application/xml",
        "Authorization": "Sanitized",
        "Content-Length": "7",
        "Content-Type": "application/octet-stream",
        "Date": "Thu, 12 Oct 2023 14:28:47 GMT",
        "If-None-Match": "*",
        "User-Agent": "azsdk-java-azure-storage-blob/12.25.0-beta.1 (17.0.8.1; Windows 11; 10.0)",
        "x-ms-blob-type": "BlockBlob",
        "x-ms-client-request-id": "9b8decee-c0e9-4deb-b63d-a07ce384d973",
        "x-ms-version": "2023-08-03"
      },
      "RequestBody": "ZGVmYXVsdA==",
      "StatusCode": 201,
      "ResponseHeaders": {
        "Content-Length": "0",
        "Content-MD5": "wh\u002BWm18D0z1D4E\u002BPE252gg==",
        "Date": "Thu, 12 Oct 2023 14:28:47 GMT",
        "ETag": "\u00220x8DBCB2F8BC7912E\u0022",
        "Last-Modified": "Thu, 12 Oct 2023 14:28:47 GMT",
        "Server": [
          "Windows-Azure-Blob/1.0",
          "Microsoft-HTTPAPI/2.0"
        ],
        "x-ms-client-request-id": "9b8decee-c0e9-4deb-b63d-a07ce384d973",
        "x-ms-content-crc64": "6RYQPwaVsyQ=",
        "x-ms-request-id": "5b7d569c-601e-004f-6f18-fdbbe5000000",
        "x-ms-request-server-encrypted": "true",
        "x-ms-version": "2023-08-03"
      },
      "ResponseBody": null
    },
    {
      "RequestUri": "https://REDACTED/3080e8ab0blobsastagsfailf6c89988fd6e487267c347f/3080e8ab1blobsastagsfailf6c287587667025f8dc0402?comp=tags\u0026sv=2023-08-03\u0026spr=https%2Chttp\u0026st=2023-10-11T14%3A28%3A47Z\u0026se=2023-10-13T14%3A28%3A47Z\u0026sr=b\u0026sp=racwd\u0026REDACTED",
      "RequestMethod": "PUT",
      "RequestHeaders": {
        "Accept": "application/xml",
        "Content-Length": "111",
        "Content-Type": "application/xml",
        "Date": "Thu, 12 Oct 2023 14:28:47 GMT",
        "User-Agent": "azsdk-java-azure-storage-blob/12.25.0-beta.1 (17.0.8.1; Windows 11; 10.0)",
        "x-ms-client-request-id": "183a4b23-a5cf-4425-a5e2-69294e62dfb3",
        "x-ms-version": "2023-08-03"
      },
      "RequestBody": "\u003C?xml version=\u00271.0\u0027 encoding=\u0027UTF-8\u0027?\u003E\u003CTags\u003E\u003CTagSet\u003E\u003CTag\u003E\u003CKey\u003Efoo\u003C/Key\u003E\u003CValue\u003Ebar\u003C/Value\u003E\u003C/Tag\u003E\u003C/TagSet\u003E\u003C/Tags\u003E",
      "StatusCode": 403,
      "ResponseHeaders": {
        "Content-Length": "280",
        "Content-Type": "application/xml",
        "Date": "Thu, 12 Oct 2023 14:28:46 GMT",
        "Server": [
          "Windows-Azure-Blob/1.0",
          "Microsoft-HTTPAPI/2.0"
        ],
        "x-ms-client-request-id": "183a4b23-a5cf-4425-a5e2-69294e62dfb3",
        "x-ms-error-code": "AuthorizationPermissionMismatch",
        "x-ms-request-id": "284a0ae1-e01e-000c-1718-fd5db9000000",
        "x-ms-version": "2023-08-03"
      },
      "ResponseBody": [
        "\uFEFF\u003C?xml version=\u00221.0\u0022 encoding=\u0022utf-8\u0022?\u003E\n",
        "\u003CError\u003E\u003CCode\u003EAuthorizationPermissionMismatch\u003C/Code\u003E\u003CMessage\u003EThis request is not authorized to perform this operation using this permission.\n",
        "RequestId:284a0ae1-e01e-000c-1718-fd5db9000000\n",
        "Time:2023-10-12T14:28:47.2476869Z\u003C/Message\u003E\u003C/Error\u003E"
      ]
    }
  ],
  "Variables": {
    "0": "3080e8ab0blobsastagsfailf6c89988fd6e487267c347f",
    "1": "3080e8ab1blobsastagsfailf6c287587667025f8dc0402",
    "2": "2023-10-12T14:28:47.233343800Z",
    "3": "2023-10-12T14:28:47.233343800Z"
  }
}
