{
  "Entries": [
    {
      "RequestUri": "https://REDACTED/f3fc191c0accountsasblobdeletefails9022655136cf33b9a2?restype=container",
      "RequestMethod": "PUT",
      "RequestHeaders": {
        "Accept": "application/xml",
        "Authorization": "Sanitized",
        "Content-Length": "0",
        "Date": "Thu, 12 Oct 2023 16:47:28 GMT",
        "User-Agent": "azsdk-java-azure-storage-blob/12.25.0-beta.1 (17.0.8.1; Windows 11; 10.0)",
        "x-ms-client-request-id": "e7bf88bf-c052-4beb-a763-947fb07b3ecf",
        "x-ms-version": "2023-08-03"
      },
      "RequestBody": null,
      "StatusCode": 201,
      "ResponseHeaders": {
        "Content-Length": "0",
        "Date": "Thu, 12 Oct 2023 16:47:28 GMT",
        "ETag": "\u00220x8DBCB42EBE81371\u0022",
        "Last-Modified": "Thu, 12 Oct 2023 16:47:28 GMT",
        "Server": [
          "Windows-Azure-Blob/1.0",
          "Microsoft-HTTPAPI/2.0"
        ],
        "x-ms-client-request-id": "e7bf88bf-c052-4beb-a763-947fb07b3ecf",
        "x-ms-request-id": "72ca0582-e01e-0023-692b-fd5072000000",
        "x-ms-version": "2023-08-03"
      },
      "ResponseBody": null
    },
    {
      "RequestUri": "https://REDACTED/f3fc191c0accountsasblobdeletefails9022655136cf33b9a2/f3fc191c1accountsasblobdeletefails90288322c9533fa9c9",
      "RequestMethod": "PUT",
      "RequestHeaders": {
        "Accept": "application/xml",
        "Authorization": "Sanitized",
        "Content-Length": "7",
        "Content-Type": "application/octet-stream",
        "Date": "Thu, 12 Oct 2023 16:47:28 GMT",
        "If-None-Match": "*",
        "User-Agent": "azsdk-java-azure-storage-blob/12.25.0-beta.1 (17.0.8.1; Windows 11; 10.0)",
        "x-ms-blob-type": "BlockBlob",
        "x-ms-client-request-id": "408e48de-76c6-48bb-8ad1-4577d28bc9da",
        "x-ms-version": "2023-08-03"
      },
      "RequestBody": "ZGVmYXVsdA==",
      "StatusCode": 201,
      "ResponseHeaders": {
        "Content-Length": "0",
        "Content-MD5": "wh\u002BWm18D0z1D4E\u002BPE252gg==",
        "Date": "Thu, 12 Oct 2023 16:47:28 GMT",
        "ETag": "\u00220x8DBCB42EBEC5E33\u0022",
        "Last-Modified": "Thu, 12 Oct 2023 16:47:28 GMT",
        "Server": [
          "Windows-Azure-Blob/1.0",
          "Microsoft-HTTPAPI/2.0"
        ],
        "x-ms-client-request-id": "408e48de-76c6-48bb-8ad1-4577d28bc9da",
        "x-ms-content-crc64": "6RYQPwaVsyQ=",
        "x-ms-request-id": "72ca059b-e01e-0023-7f2b-fd5072000000",
        "x-ms-request-server-encrypted": "true",
        "x-ms-version": "2023-08-03"
      },
      "ResponseBody": null
    },
    {
      "RequestUri": "https://REDACTED/f3fc191c0accountsasblobdeletefails9022655136cf33b9a2/f3fc191c1accountsasblobdeletefails90288322c9533fa9c9?sv=2023-08-03\u0026ss=b\u0026srt=sco\u0026se=2023-10-13T16%3A47%3A28Z\u0026sp=r\u0026REDACTED",
      "RequestMethod": "DELETE",
      "RequestHeaders": {
        "Accept": "application/xml",
        "Content-Length": "0",
        "Date": "Thu, 12 Oct 2023 16:47:28 GMT",
        "User-Agent": "azsdk-java-azure-storage-blob/12.25.0-beta.1 (17.0.8.1; Windows 11; 10.0)",
        "x-ms-client-request-id": "2ccff77e-307f-4957-b68a-cfde839f2dde",
        "x-ms-version": "2023-08-03"
      },
      "RequestBody": null,
      "StatusCode": 403,
      "ResponseHeaders": {
        "Content-Length": "279",
        "Content-Type": "application/xml",
        "Date": "Thu, 12 Oct 2023 16:47:28 GMT",
        "Server": [
          "Windows-Azure-Blob/1.0",
          "Microsoft-HTTPAPI/2.0"
        ],
        "x-ms-client-request-id": "2ccff77e-307f-4957-b68a-cfde839f2dde",
        "x-ms-error-code": "AuthorizationPermissionMismatch",
        "x-ms-request-id": "72ca05bf-e01e-0023-202b-fd5072000000",
        "x-ms-version": "2023-08-03"
      },
      "ResponseBody": [
        "\uFEFF\u003C?xml version=\u00221.0\u0022 encoding=\u0022utf-8\u0022?\u003E\u003CError\u003E\u003CCode\u003EAuthorizationPermissionMismatch\u003C/Code\u003E\u003CMessage\u003EThis request is not authorized to perform this operation using this permission.\n",
        "RequestId:72ca05bf-e01e-0023-202b-fd5072000000\n",
        "Time:2023-10-12T16:47:28.9682044Z\u003C/Message\u003E\u003C/Error\u003E"
      ]
    }
  ],
  "Variables": {
    "0": "f3fc191c0accountsasblobdeletefails9022655136cf33b9a2",
    "1": "f3fc191c1accountsasblobdeletefails90288322c9533fa9c9",
    "2": "2023-10-12T16:47:28.967639800Z"
  }
}
