{
  "Entries": [
    {
      "RequestUri": "https://REDACTED/66dc62020containersastagsb96015605e358e10807a43c?restype=container",
      "RequestMethod": "PUT",
      "RequestHeaders": {
        "Accept": "application/xml",
        "Authorization": "Sanitized",
        "Content-Length": "0",
        "Date": "Thu, 12 Oct 2023 17:26:19 GMT",
        "User-Agent": "azsdk-java-azure-storage-blob/12.25.0-beta.1 (17.0.8.1; Windows 11; 10.0)",
        "x-ms-client-request-id": "199e6fc9-d604-4755-9eb7-3d602c133207",
        "x-ms-version": "2023-08-03"
      },
      "RequestBody": null,
      "StatusCode": 201,
      "ResponseHeaders": {
        "Content-Length": "0",
        "Date": "Thu, 12 Oct 2023 17:26:19 GMT",
        "ETag": "\u00220x8DBCB48592B046C\u0022",
        "Last-Modified": "Thu, 12 Oct 2023 17:26:19 GMT",
        "Server": [
          "Windows-Azure-Blob/1.0",
          "Microsoft-HTTPAPI/2.0"
        ],
        "x-ms-client-request-id": "199e6fc9-d604-4755-9eb7-3d602c133207",
        "x-ms-request-id": "7f884de2-701e-001e-5731-fd2669000000",
        "x-ms-version": "2023-08-03"
      },
      "ResponseBody": null
    },
    {
      "RequestUri": "https://REDACTED/66dc62020containersastagsb96015605e358e10807a43c/66dc62021containersastagsb9660630a0ad4e9f5b804c8",
      "RequestMethod": "PUT",
      "RequestHeaders": {
        "Accept": "application/xml",
        "Authorization": "Sanitized",
        "Content-Length": "7",
        "Content-Type": "application/octet-stream",
        "Date": "Thu, 12 Oct 2023 17:26:19 GMT",
        "If-None-Match": "*",
        "User-Agent": "azsdk-java-azure-storage-blob/12.25.0-beta.1 (17.0.8.1; Windows 11; 10.0)",
        "x-ms-blob-type": "BlockBlob",
        "x-ms-client-request-id": "6b4d6b1e-6796-4c80-97ba-8320c21f0145",
        "x-ms-version": "2023-08-03"
      },
      "RequestBody": "ZGVmYXVsdA==",
      "StatusCode": 201,
      "ResponseHeaders": {
        "Content-Length": "0",
        "Content-MD5": "wh\u002BWm18D0z1D4E\u002BPE252gg==",
        "Date": "Thu, 12 Oct 2023 17:26:19 GMT",
        "ETag": "\u00220x8DBCB48592E62F9\u0022",
        "Last-Modified": "Thu, 12 Oct 2023 17:26:19 GMT",
        "Server": [
          "Windows-Azure-Blob/1.0",
          "Microsoft-HTTPAPI/2.0"
        ],
        "x-ms-client-request-id": "6b4d6b1e-6796-4c80-97ba-8320c21f0145",
        "x-ms-content-crc64": "6RYQPwaVsyQ=",
        "x-ms-request-id": "b71146ef-301e-0020-0a31-fdb116000000",
        "x-ms-request-server-encrypted": "true",
        "x-ms-version": "2023-08-03"
      },
      "ResponseBody": null
    },
    {
      "RequestUri": "https://REDACTED/66dc62020containersastagsb96015605e358e10807a43c/66dc62021containersastagsb9660630a0ad4e9f5b804c8?comp=tags\u0026sv=2024-02-04\u0026se=2023-10-13T17%3A26%3A19Z\u0026sr=c\u0026sp=racwdxlt\u0026REDACTED",
      "RequestMethod": "PUT",
      "RequestHeaders": {
        "Accept": "application/xml",
        "Content-Length": "111",
        "Content-Type": "application/xml",
        "Date": "Thu, 12 Oct 2023 17:26:19 GMT",
        "User-Agent": "azsdk-java-azure-storage-blob/12.25.0-beta.1 (17.0.8.1; Windows 11; 10.0)",
        "x-ms-client-request-id": "7af71afa-642e-490a-9077-fa8440acb720",
        "x-ms-version": "2023-08-03"
      },
      "RequestBody": "\u003C?xml version=\u00271.0\u0027 encoding=\u0027UTF-8\u0027?\u003E\u003CTags\u003E\u003CTagSet\u003E\u003CTag\u003E\u003CKey\u003Efoo\u003C/Key\u003E\u003CValue\u003Ebar\u003C/Value\u003E\u003C/Tag\u003E\u003C/TagSet\u003E\u003C/Tags\u003E",
      "StatusCode": 204,
      "ResponseHeaders": {
        "Date": "Thu, 12 Oct 2023 17:26:19 GMT",
        "Server": [
          "Windows-Azure-Blob/1.0",
          "Microsoft-HTTPAPI/2.0"
        ],
        "x-ms-client-request-id": "7af71afa-642e-490a-9077-fa8440acb720",
        "x-ms-request-id": "ab1d4771-a01e-0032-1e31-fdcac6000000",
        "x-ms-version": "2023-08-03"
      },
      "ResponseBody": null
    },
    {
      "RequestUri": "https://REDACTED/66dc62020containersastagsb96015605e358e10807a43c/66dc62021containersastagsb9660630a0ad4e9f5b804c8?comp=tags\u0026sv=2024-02-04\u0026se=2023-10-13T17%3A26%3A19Z\u0026sr=c\u0026sp=racwdxlt\u0026REDACTED",
      "RequestMethod": "GET",
      "RequestHeaders": {
        "Accept": "application/xml",
        "Content-Length": "0",
        "Date": "Thu, 12 Oct 2023 17:26:19 GMT",
        "User-Agent": "azsdk-java-azure-storage-blob/12.25.0-beta.1 (17.0.8.1; Windows 11; 10.0)",
        "x-ms-client-request-id": "d9b329ab-dc6a-4ca1-af32-3bcd70384d28",
        "x-ms-version": "2023-08-03"
      },
      "RequestBody": null,
      "StatusCode": 200,
      "ResponseHeaders": {
        "Access-Control-Allow-Origin": "*",
        "Access-Control-Expose-Headers": "x-ms-client-request-id",
        "Content-Length": "115",
        "Content-Type": "application/xml",
        "Date": "Thu, 12 Oct 2023 17:26:19 GMT",
        "Server": [
          "Windows-Azure-Blob/1.0",
          "Microsoft-HTTPAPI/2.0"
        ],
        "x-ms-client-request-id": "d9b329ab-dc6a-4ca1-af32-3bcd70384d28",
        "x-ms-request-id": "ab1d477f-a01e-0032-2b31-fdcac6000000",
        "x-ms-version": "2023-08-03"
      },
      "ResponseBody": [
        "\uFEFF\u003C?xml version=\u00221.0\u0022 encoding=\u0022utf-8\u0022?\u003E\n",
        "\u003CTags\u003E\u003CTagSet\u003E\u003CTag\u003E\u003CKey\u003Efoo\u003C/Key\u003E\u003CValue\u003Ebar\u003C/Value\u003E\u003C/Tag\u003E\u003C/TagSet\u003E\u003C/Tags\u003E"
      ]
    }
  ],
  "Variables": {
    "0": "66dc62020containersastagsb96015605e358e10807a43c",
    "1": "66dc62021containersastagsb9660630a0ad4e9f5b804c8",
    "2": "2023-10-12T17:26:19.786453500Z"
  }
}
