{
  "Entries": [
    {
      "RequestUri": "https://REDACTED/6de7bdc40blobsastags2cd33977fa2f2e2b154c47fdb?restype=container",
      "RequestMethod": "PUT",
      "RequestHeaders": {
        "Accept": "application/xml",
        "Authorization": "Sanitized",
        "Content-Length": "0",
        "Date": "Wed, 13 Dec 2023 21:48:54 GMT",
        "User-Agent": "azsdk-java-azure-storage-blob/12.26.0-beta.1 (17.0.8; Windows 11; 10.0)",
        "x-ms-client-request-id": "39526b8a-251f-4c03-b1a6-8ec4a8c7db64",
        "x-ms-version": "2024-02-04"
      },
      "RequestBody": null,
      "StatusCode": 201,
      "ResponseHeaders": {
        "Content-Length": "0",
        "Date": "Wed, 13 Dec 2023 21:48:54 GMT",
        "ETag": "\u00220x8DBFC254D9E9166\u0022",
        "Last-Modified": "Wed, 13 Dec 2023 21:48:54 GMT",
        "Server": [
          "Windows-Azure-Blob/1.0",
          "Microsoft-HTTPAPI/2.0"
        ],
        "x-ms-client-request-id": "39526b8a-251f-4c03-b1a6-8ec4a8c7db64",
        "x-ms-request-id": "a3d9b8a8-c01e-001c-7a0e-2ec506000000",
        "x-ms-version": "2024-02-04"
      },
      "ResponseBody": null
    },
    {
      "RequestUri": "https://REDACTED/6de7bdc40blobsastags2cd33977fa2f2e2b154c47fdb?restype=container",
      "RequestMethod": "PUT",
      "RequestHeaders": {
        "Accept": "application/xml",
        "Authorization": "Sanitized",
        "Content-Length": "0",
        "Date": "Wed, 13 Dec 2023 21:48:54 GMT",
        "User-Agent": "azsdk-java-azure-storage-blob/12.26.0-beta.1 (17.0.8; Windows 11; 10.0)",
        "x-ms-client-request-id": "98c3f8e3-82bd-475a-9db5-768c40f91099",
        "x-ms-version": "2024-02-04"
      },
      "RequestBody": null,
      "StatusCode": 409,
      "ResponseHeaders": {
        "Content-Length": "230",
        "Content-Type": "application/xml",
        "Date": "Wed, 13 Dec 2023 21:48:54 GMT",
        "Server": [
          "Windows-Azure-Blob/1.0",
          "Microsoft-HTTPAPI/2.0"
        ],
        "x-ms-client-request-id": "98c3f8e3-82bd-475a-9db5-768c40f91099",
        "x-ms-error-code": "ContainerAlreadyExists",
        "x-ms-request-id": "a3d9b96a-c01e-001c-290e-2ec506000000",
        "x-ms-version": "2024-02-04"
      },
      "ResponseBody": [
        "\uFEFF\u003C?xml version=\u00221.0\u0022 encoding=\u0022utf-8\u0022?\u003E\u003CError\u003E\u003CCode\u003EContainerAlreadyExists\u003C/Code\u003E\u003CMessage\u003EThe specified container already exists.\n",
        "RequestId:a3d9b96a-c01e-001c-290e-2ec506000000\n",
        "Time:2023-12-13T21:48:55.0283624Z\u003C/Message\u003E\u003C/Error\u003E"
      ]
    },
    {
      "RequestUri": "https://REDACTED/6de7bdc40blobsastags2cd33977fa2f2e2b154c47fdb/6de7bdc41blobsastags2cd091661a52ffa3f1cd49d89",
      "RequestMethod": "PUT",
      "RequestHeaders": {
        "Accept": "application/xml",
        "Authorization": "Sanitized",
        "Content-Length": "7",
        "Content-Type": "application/octet-stream",
        "Date": "Wed, 13 Dec 2023 21:48:54 GMT",
        "If-None-Match": "*",
        "User-Agent": "azsdk-java-azure-storage-blob/12.26.0-beta.1 (17.0.8; Windows 11; 10.0)",
        "x-ms-blob-type": "BlockBlob",
        "x-ms-client-request-id": "574390a5-2429-4fc1-b732-592c2d4585fb",
        "x-ms-version": "2024-02-04"
      },
      "RequestBody": "ZGVmYXVsdA==",
      "StatusCode": 201,
      "ResponseHeaders": {
        "Content-Length": "0",
        "Content-MD5": "wh\u002BWm18D0z1D4E\u002BPE252gg==",
        "Date": "Wed, 13 Dec 2023 21:48:54 GMT",
        "ETag": "\u00220x8DBFC254DBCD85F\u0022",
        "Last-Modified": "Wed, 13 Dec 2023 21:48:55 GMT",
        "Server": [
          "Windows-Azure-Blob/1.0",
          "Microsoft-HTTPAPI/2.0"
        ],
        "x-ms-client-request-id": "574390a5-2429-4fc1-b732-592c2d4585fb",
        "x-ms-content-crc64": "6RYQPwaVsyQ=",
        "x-ms-request-id": "a3d9ba11-c01e-001c-360e-2ec506000000",
        "x-ms-request-server-encrypted": "true",
        "x-ms-version": "2024-02-04"
      },
      "ResponseBody": null
    },
    {
      "RequestUri": "https://REDACTED/6de7bdc40blobsastags2cd33977fa2f2e2b154c47fdb/6de7bdc41blobsastags2cd091661a52ffa3f1cd49d89?comp=tags\u0026sv=2024-02-04\u0026spr=https%2Chttp\u0026st=2023-12-12T21%3A48%3A55Z\u0026se=2023-12-14T21%3A48%3A55Z\u0026sr=b\u0026sp=racwdt\u0026REDACTED",
      "RequestMethod": "PUT",
      "RequestHeaders": {
        "Accept": "application/xml",
        "Content-Length": "111",
        "Content-Type": "application/xml",
        "Date": "Wed, 13 Dec 2023 21:48:55 GMT",
        "User-Agent": "azsdk-java-azure-storage-blob/12.26.0-beta.1 (17.0.8; Windows 11; 10.0)",
        "x-ms-client-request-id": "7af22fa5-279a-4c82-a174-1cc33be1de25",
        "x-ms-version": "2024-02-04"
      },
      "RequestBody": "\u003C?xml version=\u00271.0\u0027 encoding=\u0027UTF-8\u0027?\u003E\u003CTags\u003E\u003CTagSet\u003E\u003CTag\u003E\u003CKey\u003Efoo\u003C/Key\u003E\u003CValue\u003Ebar\u003C/Value\u003E\u003C/Tag\u003E\u003C/TagSet\u003E\u003C/Tags\u003E",
      "StatusCode": 204,
      "ResponseHeaders": {
        "Date": "Wed, 13 Dec 2023 21:48:55 GMT",
        "Server": [
          "Windows-Azure-Blob/1.0",
          "Microsoft-HTTPAPI/2.0"
        ],
        "x-ms-client-request-id": "7af22fa5-279a-4c82-a174-1cc33be1de25",
        "x-ms-request-id": "a3d9ba9e-c01e-001c-360e-2ec506000000",
        "x-ms-version": "2024-02-04"
      },
      "ResponseBody": null
    },
    {
      "RequestUri": "https://REDACTED/6de7bdc40blobsastags2cd33977fa2f2e2b154c47fdb/6de7bdc41blobsastags2cd091661a52ffa3f1cd49d89?comp=tags\u0026sv=2024-02-04\u0026spr=https%2Chttp\u0026st=2023-12-12T21%3A48%3A55Z\u0026se=2023-12-14T21%3A48%3A55Z\u0026sr=b\u0026sp=racwdt\u0026REDACTED",
      "RequestMethod": "GET",
      "RequestHeaders": {
        "Accept": "application/xml",
        "Content-Length": "0",
        "Date": "Wed, 13 Dec 2023 21:48:55 GMT",
        "User-Agent": "azsdk-java-azure-storage-blob/12.26.0-beta.1 (17.0.8; Windows 11; 10.0)",
        "x-ms-client-request-id": "166a0f16-d48a-4012-9fc1-bcb4e9513c17",
        "x-ms-version": "2024-02-04"
      },
      "RequestBody": null,
      "StatusCode": 200,
      "ResponseHeaders": {
        "Access-Control-Allow-Origin": "*",
        "Access-Control-Expose-Headers": "x-ms-client-request-id",
        "Content-Length": "115",
        "Content-Type": "application/xml",
        "Date": "Wed, 13 Dec 2023 21:48:55 GMT",
        "Server": [
          "Windows-Azure-Blob/1.0",
          "Microsoft-HTTPAPI/2.0"
        ],
        "x-ms-client-request-id": "166a0f16-d48a-4012-9fc1-bcb4e9513c17",
        "x-ms-request-id": "a3d9bb29-c01e-001c-2e0e-2ec506000000",
        "x-ms-version": "2024-02-04"
      },
      "ResponseBody": [
        "\uFEFF\u003C?xml version=\u00221.0\u0022 encoding=\u0022utf-8\u0022?\u003E\n",
        "\u003CTags\u003E\u003CTagSet\u003E\u003CTag\u003E\u003CKey\u003Efoo\u003C/Key\u003E\u003CValue\u003Ebar\u003C/Value\u003E\u003C/Tag\u003E\u003C/TagSet\u003E\u003C/Tags\u003E"
      ]
    }
  ],
  "Variables": {
    "0": "6de7bdc40blobsastags2cd33977fa2f2e2b154c47fdb",
    "1": "6de7bdc41blobsastags2cd091661a52ffa3f1cd49d89",
    "2": "2023-12-13T21:48:55.070297200Z",
    "3": "2023-12-13T21:48:55.070297200Z"
  }
}
