{
  "Entries": [
    {
      "RequestUri": "https://REDACTED/bb30374b0getuserdelegationkeymin99989712d71bf75f482?restype=container",
      "RequestMethod": "PUT",
      "RequestHeaders": {
        "Accept": "application/xml",
        "Authorization": "Sanitized",
        "Content-Length": "0",
        "Date": "Wed, 13 Dec 2023 21:49:13 GMT",
        "User-Agent": "azsdk-java-azure-storage-blob/12.26.0-beta.1 (17.0.8; Windows 11; 10.0)",
        "x-ms-client-request-id": "fac3b680-bd8b-4460-a9a0-fbc6477597ec",
        "x-ms-version": "2024-02-04"
      },
      "RequestBody": null,
      "StatusCode": 201,
      "ResponseHeaders": {
        "Content-Length": "0",
        "Date": "Wed, 13 Dec 2023 21:49:13 GMT",
        "ETag": "\u00220x8DBFC2558DA9179\u0022",
        "Last-Modified": "Wed, 13 Dec 2023 21:49:13 GMT",
        "Server": [
          "Windows-Azure-Blob/1.0",
          "Microsoft-HTTPAPI/2.0"
        ],
        "x-ms-client-request-id": "fac3b680-bd8b-4460-a9a0-fbc6477597ec",
        "x-ms-request-id": "a3da4775-c01e-001c-6e0e-2ec506000000",
        "x-ms-version": "2024-02-04"
      },
      "ResponseBody": null
    },
    {
      "RequestUri": "https://REDACTED/bb30374b0getuserdelegationkeymin99989712d71bf75f482?restype=container",
      "RequestMethod": "PUT",
      "RequestHeaders": {
        "Accept": "application/xml",
        "Authorization": "Sanitized",
        "Content-Length": "0",
        "Date": "Wed, 13 Dec 2023 21:49:13 GMT",
        "User-Agent": "azsdk-java-azure-storage-blob/12.26.0-beta.1 (17.0.8; Windows 11; 10.0)",
        "x-ms-client-request-id": "da9d1624-07ef-42f4-902d-fee9951d05be",
        "x-ms-version": "2024-02-04"
      },
      "RequestBody": null,
      "StatusCode": 409,
      "ResponseHeaders": {
        "Content-Length": "230",
        "Content-Type": "application/xml",
        "Date": "Wed, 13 Dec 2023 21:49:13 GMT",
        "Server": [
          "Windows-Azure-Blob/1.0",
          "Microsoft-HTTPAPI/2.0"
        ],
        "x-ms-client-request-id": "da9d1624-07ef-42f4-902d-fee9951d05be",
        "x-ms-error-code": "ContainerAlreadyExists",
        "x-ms-request-id": "bffbe941-601e-003a-4d0e-2e8d1e000000",
        "x-ms-version": "2024-02-04"
      },
      "ResponseBody": [
        "\uFEFF\u003C?xml version=\u00221.0\u0022 encoding=\u0022utf-8\u0022?\u003E\u003CError\u003E\u003CCode\u003EContainerAlreadyExists\u003C/Code\u003E\u003CMessage\u003EThe specified container already exists.\n",
        "RequestId:bffbe941-601e-003a-4d0e-2e8d1e000000\n",
        "Time:2023-12-13T21:49:13.8729572Z\u003C/Message\u003E\u003C/Error\u003E"
      ]
    },
    {
      "RequestUri": "https://REDACTED/?restype=service\u0026comp=userdelegationkey",
      "RequestMethod": "POST",
      "RequestHeaders": {
        "Accept": "application/xml",
        "Authorization": "Sanitized",
        "Content-Length": "109",
        "Content-Type": "application/xml",
        "Date": "Wed, 13 Dec 2023 21:49:13 GMT",
        "User-Agent": "azsdk-java-azure-storage-blob/12.26.0-beta.1 (17.0.8; Windows 11; 10.0)",
        "x-ms-client-request-id": "5f7e6438-6a5e-4dbe-9153-d587b3a31901",
        "x-ms-version": "2024-02-04"
      },
      "RequestBody": "\u003C?xml version=\u00271.0\u0027 encoding=\u0027UTF-8\u0027?\u003E\u003CKeyInfo\u003E\u003CStart\u003E\u003C/Start\u003E\u003CExpiry\u003E2023-12-14T21:49:13Z\u003C/Expiry\u003E\u003C/KeyInfo\u003E",
      "StatusCode": 200,
      "ResponseHeaders": {
        "Content-Type": "application/xml",
        "Date": "Wed, 13 Dec 2023 21:49:14 GMT",
        "Server": [
          "Windows-Azure-Blob/1.0",
          "Microsoft-HTTPAPI/2.0"
        ],
        "Transfer-Encoding": "chunked",
        "x-ms-client-request-id": "5f7e6438-6a5e-4dbe-9153-d587b3a31901",
        "x-ms-request-id": "9991cf4c-a01e-00a3-4f0e-2ef2a3000000",
        "x-ms-version": "2024-02-04"
      },
      "ResponseBody": "\uFEFF\u003C?xml version=\u00221.0\u0022 encoding=\u0022utf-8\u0022?\u003E\u003CUserDelegationKey\u003E\u003CSignedOid\u003EREDACTED\u003C/SignedOid\u003E\u003CSignedTid\u003EREDACTED\u003C/SignedTid\u003E\u003CSignedStart\u003E2023-12-13T21:49:14Z\u003C/SignedStart\u003E\u003CSignedExpiry\u003E2023-12-14T21:49:13Z\u003C/SignedExpiry\u003E\u003CSignedService\u003Eb\u003C/SignedService\u003E\u003CSignedVersion\u003E2024-02-04\u003C/SignedVersion\u003E\u003CValue\u003EREDACTED\u003C/Value\u003E\u003C/UserDelegationKey\u003E"
    }
  ],
  "Variables": {
    "0": "bb30374b0getuserdelegationkeymin99989712d71bf75f482",
    "1": "bb30374b78237a13",
    "2": "bb30374b5307090f",
    "3": "2023-12-13T21:49:13.810501900Z"
  }
}
