{
  "Entries": [
    {
      "RequestUri": "https://REDACTED/af38780a0findblobsmaxresultsbypage4e110283845e9f0f94?restype=container",
      "RequestMethod": "PUT",
      "RequestHeaders": {
        "Accept": "application/xml",
        "Authorization": "Sanitized",
        "Content-Length": "0",
        "Date": "Wed, 13 Dec 2023 21:49:31 GMT",
        "User-Agent": "azsdk-java-azure-storage-blob/12.26.0-beta.1 (17.0.8; Windows 11; 10.0)",
        "x-ms-client-request-id": "2e8bcbfe-b6d1-4630-b59b-a3a3d286c4b7",
        "x-ms-version": "2024-02-04"
      },
      "RequestBody": null,
      "StatusCode": 201,
      "ResponseHeaders": {
        "Content-Length": "0",
        "Date": "Wed, 13 Dec 2023 21:49:30 GMT",
        "ETag": "\u00220x8DBFC25634A69A0\u0022",
        "Last-Modified": "Wed, 13 Dec 2023 21:49:31 GMT",
        "Server": [
          "Windows-Azure-Blob/1.0",
          "Microsoft-HTTPAPI/2.0"
        ],
        "x-ms-client-request-id": "2e8bcbfe-b6d1-4630-b59b-a3a3d286c4b7",
        "x-ms-request-id": "1e229c9b-c01e-009a-5e0e-2e09bf000000",
        "x-ms-version": "2024-02-04"
      },
      "ResponseBody": null
    },
    {
      "RequestUri": "https://REDACTED/af38780a0findblobsmaxresultsbypage4e110283845e9f0f94?restype=container",
      "RequestMethod": "PUT",
      "RequestHeaders": {
        "Accept": "application/xml",
        "Authorization": "Sanitized",
        "Content-Length": "0",
        "Date": "Wed, 13 Dec 2023 21:49:31 GMT",
        "User-Agent": "azsdk-java-azure-storage-blob/12.26.0-beta.1 (17.0.8; Windows 11; 10.0)",
        "x-ms-client-request-id": "946b9360-13ad-4c66-aa90-95c3bbe48ae8",
        "x-ms-version": "2024-02-04"
      },
      "RequestBody": null,
      "StatusCode": 409,
      "ResponseHeaders": {
        "Content-Length": "230",
        "Content-Type": "application/xml",
        "Date": "Wed, 13 Dec 2023 21:49:30 GMT",
        "Server": [
          "Windows-Azure-Blob/1.0",
          "Microsoft-HTTPAPI/2.0"
        ],
        "x-ms-client-request-id": "946b9360-13ad-4c66-aa90-95c3bbe48ae8",
        "x-ms-error-code": "ContainerAlreadyExists",
        "x-ms-request-id": "1e229d45-c01e-009a-7d0e-2e09bf000000",
        "x-ms-version": "2024-02-04"
      },
      "ResponseBody": [
        "\uFEFF\u003C?xml version=\u00221.0\u0022 encoding=\u0022utf-8\u0022?\u003E\u003CError\u003E\u003CCode\u003EContainerAlreadyExists\u003C/Code\u003E\u003CMessage\u003EThe specified container already exists.\n",
        "RequestId:1e229d45-c01e-009a-7d0e-2e09bf000000\n",
        "Time:2023-12-13T21:49:31.3907127Z\u003C/Message\u003E\u003C/Error\u003E"
      ]
    },
    {
      "RequestUri": "https://REDACTED/af38780a1findblobsmaxresultsbypage4e136760cdf0b2e71a?restype=container",
      "RequestMethod": "PUT",
      "RequestHeaders": {
        "Accept": "application/xml",
        "Authorization": "Sanitized",
        "Content-Length": "0",
        "Date": "Wed, 13 Dec 2023 21:49:31 GMT",
        "User-Agent": "azsdk-java-azure-storage-blob/12.26.0-beta.1 (17.0.8; Windows 11; 10.0)",
        "x-ms-client-request-id": "9ad4cf89-91b3-496e-b9f0-824f9c09ceaa",
        "x-ms-version": "2024-02-04"
      },
      "RequestBody": null,
      "StatusCode": 201,
      "ResponseHeaders": {
        "Content-Length": "0",
        "Date": "Wed, 13 Dec 2023 21:49:30 GMT",
        "ETag": "\u00220x8DBFC256368C288\u0022",
        "Last-Modified": "Wed, 13 Dec 2023 21:49:31 GMT",
        "Server": [
          "Windows-Azure-Blob/1.0",
          "Microsoft-HTTPAPI/2.0"
        ],
        "x-ms-client-request-id": "9ad4cf89-91b3-496e-b9f0-824f9c09ceaa",
        "x-ms-request-id": "1e229de0-c01e-009a-120e-2e09bf000000",
        "x-ms-version": "2024-02-04"
      },
      "ResponseBody": null
    },
    {
      "RequestUri": "https://REDACTED/af38780a1findblobsmaxresultsbypage4e136760cdf0b2e71a/af38780a2findblobsmaxresultsbypage4e1693350d6500dadc",
      "RequestMethod": "PUT",
      "RequestHeaders": {
        "Accept": "application/xml",
        "Authorization": "Sanitized",
        "Content-Length": "7",
        "Content-Type": "application/octet-stream",
        "Date": "Wed, 13 Dec 2023 21:49:31 GMT",
        "User-Agent": "azsdk-java-azure-storage-blob/12.26.0-beta.1 (17.0.8; Windows 11; 10.0)",
        "x-ms-blob-type": "BlockBlob",
        "x-ms-client-request-id": "7a7b5eee-f06e-49f9-911e-bceedf215d46",
        "x-ms-tags": "af38780a04225544=af38780a8162537e",
        "x-ms-version": "2024-02-04"
      },
      "RequestBody": "ZGVmYXVsdA==",
      "StatusCode": 201,
      "ResponseHeaders": {
        "Content-Length": "0",
        "Content-MD5": "wh\u002BWm18D0z1D4E\u002BPE252gg==",
        "Date": "Wed, 13 Dec 2023 21:49:30 GMT",
        "ETag": "\u00220x8DBFC256379B5A5\u0022",
        "Last-Modified": "Wed, 13 Dec 2023 21:49:31 GMT",
        "Server": [
          "Windows-Azure-Blob/1.0",
          "Microsoft-HTTPAPI/2.0"
        ],
        "x-ms-client-request-id": "7a7b5eee-f06e-49f9-911e-bceedf215d46",
        "x-ms-content-crc64": "6RYQPwaVsyQ=",
        "x-ms-request-id": "1e229e71-c01e-009a-190e-2e09bf000000",
        "x-ms-request-server-encrypted": "true",
        "x-ms-version": "2024-02-04"
      },
      "ResponseBody": null
    },
    {
      "RequestUri": "https://REDACTED/af38780a1findblobsmaxresultsbypage4e136760cdf0b2e71a/af38780a3findblobsmaxresultsbypage4e111035361edddf29",
      "RequestMethod": "PUT",
      "RequestHeaders": {
        "Accept": "application/xml",
        "Authorization": "Sanitized",
        "Content-Length": "7",
        "Content-Type": "application/octet-stream",
        "Date": "Wed, 13 Dec 2023 21:49:31 GMT",
        "User-Agent": "azsdk-java-azure-storage-blob/12.26.0-beta.1 (17.0.8; Windows 11; 10.0)",
        "x-ms-blob-type": "BlockBlob",
        "x-ms-client-request-id": "105bdaa6-4748-4552-86e0-d53ddb3f0c14",
        "x-ms-tags": "af38780a04225544=af38780a8162537e",
        "x-ms-version": "2024-02-04"
      },
      "RequestBody": "ZGVmYXVsdA==",
      "StatusCode": 201,
      "ResponseHeaders": {
        "Content-Length": "0",
        "Content-MD5": "wh\u002BWm18D0z1D4E\u002BPE252gg==",
        "Date": "Wed, 13 Dec 2023 21:49:30 GMT",
        "ETag": "\u00220x8DBFC2563891CB6\u0022",
        "Last-Modified": "Wed, 13 Dec 2023 21:49:31 GMT",
        "Server": [
          "Windows-Azure-Blob/1.0",
          "Microsoft-HTTPAPI/2.0"
        ],
        "x-ms-client-request-id": "105bdaa6-4748-4552-86e0-d53ddb3f0c14",
        "x-ms-content-crc64": "6RYQPwaVsyQ=",
        "x-ms-request-id": "1e229f11-c01e-009a-300e-2e09bf000000",
        "x-ms-request-server-encrypted": "true",
        "x-ms-version": "2024-02-04"
      },
      "ResponseBody": null
    },
    {
      "RequestUri": "https://REDACTED/af38780a1findblobsmaxresultsbypage4e136760cdf0b2e71a/af38780a4findblobsmaxresultsbypage4e1663063e6322d3b6",
      "RequestMethod": "PUT",
      "RequestHeaders": {
        "Accept": "application/xml",
        "Authorization": "Sanitized",
        "Content-Length": "7",
        "Content-Type": "application/octet-stream",
        "Date": "Wed, 13 Dec 2023 21:49:31 GMT",
        "User-Agent": "azsdk-java-azure-storage-blob/12.26.0-beta.1 (17.0.8; Windows 11; 10.0)",
        "x-ms-blob-type": "BlockBlob",
        "x-ms-client-request-id": "70ef851a-add4-463e-a3ee-fafcc68b1633",
        "x-ms-tags": "af38780a04225544=af38780a8162537e",
        "x-ms-version": "2024-02-04"
      },
      "RequestBody": "ZGVmYXVsdA==",
      "StatusCode": 201,
      "ResponseHeaders": {
        "Content-Length": "0",
        "Content-MD5": "wh\u002BWm18D0z1D4E\u002BPE252gg==",
        "Date": "Wed, 13 Dec 2023 21:49:30 GMT",
        "ETag": "\u00220x8DBFC256398AAC1\u0022",
        "Last-Modified": "Wed, 13 Dec 2023 21:49:31 GMT",
        "Server": [
          "Windows-Azure-Blob/1.0",
          "Microsoft-HTTPAPI/2.0"
        ],
        "x-ms-client-request-id": "70ef851a-add4-463e-a3ee-fafcc68b1633",
        "x-ms-content-crc64": "6RYQPwaVsyQ=",
        "x-ms-request-id": "1e229fa6-c01e-009a-430e-2e09bf000000",
        "x-ms-request-server-encrypted": "true",
        "x-ms-version": "2024-02-04"
      },
      "ResponseBody": null
    },
    {
      "RequestUri": "https://REDACTED/af38780a1findblobsmaxresultsbypage4e136760cdf0b2e71a/af38780a5findblobsmaxresultsbypage4e112316840a84555a",
      "RequestMethod": "PUT",
      "RequestHeaders": {
        "Accept": "application/xml",
        "Authorization": "Sanitized",
        "Content-Length": "7",
        "Content-Type": "application/octet-stream",
        "Date": "Wed, 13 Dec 2023 21:49:31 GMT",
        "User-Agent": "azsdk-java-azure-storage-blob/12.26.0-beta.1 (17.0.8; Windows 11; 10.0)",
        "x-ms-blob-type": "BlockBlob",
        "x-ms-client-request-id": "16891ee3-0ba4-4ef5-ae37-0bf0f7bdc531",
        "x-ms-tags": "af38780a04225544=af38780a8162537e",
        "x-ms-version": "2024-02-04"
      },
      "RequestBody": "ZGVmYXVsdA==",
      "StatusCode": 201,
      "ResponseHeaders": {
        "Content-Length": "0",
        "Content-MD5": "wh\u002BWm18D0z1D4E\u002BPE252gg==",
        "Date": "Wed, 13 Dec 2023 21:49:30 GMT",
        "ETag": "\u00220x8DBFC2563A838D5\u0022",
        "Last-Modified": "Wed, 13 Dec 2023 21:49:31 GMT",
        "Server": [
          "Windows-Azure-Blob/1.0",
          "Microsoft-HTTPAPI/2.0"
        ],
        "x-ms-client-request-id": "16891ee3-0ba4-4ef5-ae37-0bf0f7bdc531",
        "x-ms-content-crc64": "6RYQPwaVsyQ=",
        "x-ms-request-id": "1e22a04a-c01e-009a-600e-2e09bf000000",
        "x-ms-request-server-encrypted": "true",
        "x-ms-version": "2024-02-04"
      },
      "ResponseBody": null
    },
    {
      "RequestUri": "https://REDACTED/af38780a1findblobsmaxresultsbypage4e136760cdf0b2e71a/af38780a6findblobsmaxresultsbypage4e164187ced75b1ab8",
      "RequestMethod": "PUT",
      "RequestHeaders": {
        "Accept": "application/xml",
        "Authorization": "Sanitized",
        "Content-Length": "7",
        "Content-Type": "application/octet-stream",
        "Date": "Wed, 13 Dec 2023 21:49:31 GMT",
        "User-Agent": "azsdk-java-azure-storage-blob/12.26.0-beta.1 (17.0.8; Windows 11; 10.0)",
        "x-ms-blob-type": "BlockBlob",
        "x-ms-client-request-id": "2e69144d-ae69-42c4-9f4e-060f0af423fb",
        "x-ms-tags": "af38780a04225544=af38780a8162537e",
        "x-ms-version": "2024-02-04"
      },
      "RequestBody": "ZGVmYXVsdA==",
      "StatusCode": 201,
      "ResponseHeaders": {
        "Content-Length": "0",
        "Content-MD5": "wh\u002BWm18D0z1D4E\u002BPE252gg==",
        "Date": "Wed, 13 Dec 2023 21:49:31 GMT",
        "ETag": "\u00220x8DBFC2563B7C6E5\u0022",
        "Last-Modified": "Wed, 13 Dec 2023 21:49:32 GMT",
        "Server": [
          "Windows-Azure-Blob/1.0",
          "Microsoft-HTTPAPI/2.0"
        ],
        "x-ms-client-request-id": "2e69144d-ae69-42c4-9f4e-060f0af423fb",
        "x-ms-content-crc64": "6RYQPwaVsyQ=",
        "x-ms-request-id": "1e22a0d8-c01e-009a-6b0e-2e09bf000000",
        "x-ms-request-server-encrypted": "true",
        "x-ms-version": "2024-02-04"
      },
      "ResponseBody": null
    },
    {
      "RequestUri": "https://REDACTED/af38780a1findblobsmaxresultsbypage4e136760cdf0b2e71a/af38780a7findblobsmaxresultsbypage4e179889ea791846eb",
      "RequestMethod": "PUT",
      "RequestHeaders": {
        "Accept": "application/xml",
        "Authorization": "Sanitized",
        "Content-Length": "7",
        "Content-Type": "application/octet-stream",
        "Date": "Wed, 13 Dec 2023 21:49:31 GMT",
        "User-Agent": "azsdk-java-azure-storage-blob/12.26.0-beta.1 (17.0.8; Windows 11; 10.0)",
        "x-ms-blob-type": "BlockBlob",
        "x-ms-client-request-id": "a400099b-a28b-46f3-8689-cdd48b70a207",
        "x-ms-tags": "af38780a04225544=af38780a8162537e",
        "x-ms-version": "2024-02-04"
      },
      "RequestBody": "ZGVmYXVsdA==",
      "StatusCode": 201,
      "ResponseHeaders": {
        "Content-Length": "0",
        "Content-MD5": "wh\u002BWm18D0z1D4E\u002BPE252gg==",
        "Date": "Wed, 13 Dec 2023 21:49:31 GMT",
        "ETag": "\u00220x8DBFC2563C72DEF\u0022",
        "Last-Modified": "Wed, 13 Dec 2023 21:49:32 GMT",
        "Server": [
          "Windows-Azure-Blob/1.0",
          "Microsoft-HTTPAPI/2.0"
        ],
        "x-ms-client-request-id": "a400099b-a28b-46f3-8689-cdd48b70a207",
        "x-ms-content-crc64": "6RYQPwaVsyQ=",
        "x-ms-request-id": "47ecb871-401e-005f-230e-2e235a000000",
        "x-ms-request-server-encrypted": "true",
        "x-ms-version": "2024-02-04"
      },
      "ResponseBody": null
    },
    {
      "RequestUri": "https://REDACTED/af38780a1findblobsmaxresultsbypage4e136760cdf0b2e71a/af38780a8findblobsmaxresultsbypage4e125704e25c3a6c1d",
      "RequestMethod": "PUT",
      "RequestHeaders": {
        "Accept": "application/xml",
        "Authorization": "Sanitized",
        "Content-Length": "7",
        "Content-Type": "application/octet-stream",
        "Date": "Wed, 13 Dec 2023 21:49:32 GMT",
        "User-Agent": "azsdk-java-azure-storage-blob/12.26.0-beta.1 (17.0.8; Windows 11; 10.0)",
        "x-ms-blob-type": "BlockBlob",
        "x-ms-client-request-id": "46cf9a4c-c7c2-4940-9ad3-6e5fc3b0aabd",
        "x-ms-tags": "af38780a04225544=af38780a8162537e",
        "x-ms-version": "2024-02-04"
      },
      "RequestBody": "ZGVmYXVsdA==",
      "StatusCode": 201,
      "ResponseHeaders": {
        "Content-Length": "0",
        "Content-MD5": "wh\u002BWm18D0z1D4E\u002BPE252gg==",
        "Date": "Wed, 13 Dec 2023 21:49:32 GMT",
        "ETag": "\u00220x8DBFC2563D66DEC\u0022",
        "Last-Modified": "Wed, 13 Dec 2023 21:49:32 GMT",
        "Server": [
          "Windows-Azure-Blob/1.0",
          "Microsoft-HTTPAPI/2.0"
        ],
        "x-ms-client-request-id": "46cf9a4c-c7c2-4940-9ad3-6e5fc3b0aabd",
        "x-ms-content-crc64": "6RYQPwaVsyQ=",
        "x-ms-request-id": "47ecb8fd-401e-005f-1e0e-2e235a000000",
        "x-ms-request-server-encrypted": "true",
        "x-ms-version": "2024-02-04"
      },
      "ResponseBody": null
    },
    {
      "RequestUri": "https://REDACTED/?comp=blobs\u0026where=%22af38780a04225544%22%3D%27af38780a8162537e%27\u0026maxresults=3",
      "RequestMethod": "GET",
      "RequestHeaders": {
        "Accept": "application/xml",
        "Authorization": "Sanitized",
        "Content-Length": "0",
        "Date": "Wed, 13 Dec 2023 21:49:32 GMT",
        "User-Agent": "azsdk-java-azure-storage-blob/12.26.0-beta.1 (17.0.8; Windows 11; 10.0)",
        "x-ms-client-request-id": "5006d075-5ef8-48d4-a557-18d37f64b95d",
        "x-ms-version": "2024-02-04"
      },
      "RequestBody": null,
      "StatusCode": 200,
      "ResponseHeaders": {
        "Access-Control-Allow-Origin": "*",
        "Access-Control-Expose-Headers": "x-ms-client-request-id",
        "Content-Type": "application/xml",
        "Date": "Wed, 13 Dec 2023 21:49:32 GMT",
        "Server": [
          "Windows-Azure-Blob/1.0",
          "Microsoft-HTTPAPI/2.0"
        ],
        "Transfer-Encoding": "chunked",
        "x-ms-client-request-id": "5006d075-5ef8-48d4-a557-18d37f64b95d",
        "x-ms-request-id": "47ecb993-401e-005f-230e-2e235a000000",
        "x-ms-version": "2024-02-04"
      },
      "ResponseBody": [
        "\uFEFF\u003C?xml version=\u00221.0\u0022 encoding=\u0022utf-8\u0022?\u003E\n",
        "\u003CEnumerationResults ServiceEndpoint=\u0022https://ibrandesstorage.blob.core.windows.net/\u0022\u003E\u003CWhere\u003E\u0026quot;af38780a04225544\u0026quot;=\u0026apos;af38780a8162537e\u0026apos;\u003C/Where\u003E\u003CMaxResults\u003E3\u003C/MaxResults\u003E\u003CBlobs/\u003E\u003CNextMarker/\u003E\u003C/EnumerationResults\u003E"
      ]
    },
    {
      "RequestUri": "https://REDACTED/af38780a1findblobsmaxresultsbypage4e136760cdf0b2e71a?restype=container",
      "RequestMethod": "DELETE",
      "RequestHeaders": {
        "Accept": "application/xml",
        "Authorization": "Sanitized",
        "Content-Length": "0",
        "Date": "Wed, 13 Dec 2023 21:49:32 GMT",
        "User-Agent": "azsdk-java-azure-storage-blob/12.26.0-beta.1 (17.0.8; Windows 11; 10.0)",
        "x-ms-client-request-id": "5fd91b28-8ab7-4d6a-94e9-4ebc34a9197c",
        "x-ms-version": "2024-02-04"
      },
      "RequestBody": null,
      "StatusCode": 202,
      "ResponseHeaders": {
        "Content-Length": "0",
        "Date": "Wed, 13 Dec 2023 21:49:32 GMT",
        "Server": [
          "Windows-Azure-Blob/1.0",
          "Microsoft-HTTPAPI/2.0"
        ],
        "x-ms-client-request-id": "5fd91b28-8ab7-4d6a-94e9-4ebc34a9197c",
        "x-ms-request-id": "47ecba29-401e-005f-2b0e-2e235a000000",
        "x-ms-version": "2024-02-04"
      },
      "ResponseBody": null
    }
  ],
  "Variables": {
    "0": "af38780a0findblobsmaxresultsbypage4e110283845e9f0f94",
    "1": "af38780a04225544",
    "10": "af38780a8findblobsmaxresultsbypage4e125704e25c3a6c1d",
    "2": "af38780a8162537e",
    "3": "af38780a1findblobsmaxresultsbypage4e136760cdf0b2e71a",
    "4": "af38780a2findblobsmaxresultsbypage4e1693350d6500dadc",
    "5": "af38780a3findblobsmaxresultsbypage4e111035361edddf29",
    "6": "af38780a4findblobsmaxresultsbypage4e1663063e6322d3b6",
    "7": "af38780a5findblobsmaxresultsbypage4e112316840a84555a",
    "8": "af38780a6findblobsmaxresultsbypage4e164187ced75b1ab8",
    "9": "af38780a7findblobsmaxresultsbypage4e179889ea791846eb"
  }
}
