{
  "Entries": [
    {
      "RequestUri": "https://REDACTED/af38780a0findblobsmaxresultsbypage75c09338ecf57a6c4e?restype=container",
      "RequestMethod": "PUT",
      "RequestHeaders": {
        "Accept": "application/xml",
        "Authorization": "Sanitized",
        "Content-Length": "0",
        "Date": "Mon, 11 Dec 2023 19:13:20 GMT",
        "User-Agent": "azsdk-java-azure-storage-blob/12.26.0-beta.1 (17.0.8; Windows 11; 10.0)",
        "x-ms-client-request-id": "e8e8d7a6-9231-439a-8f92-d01bb464bddb",
        "x-ms-version": "2024-02-04"
      },
      "RequestBody": null,
      "StatusCode": 201,
      "ResponseHeaders": {
        "Content-Length": "0",
        "Date": "Mon, 11 Dec 2023 19:13:22 GMT",
        "ETag": "\u00220x8DBFA7D3EF89744\u0022",
        "Last-Modified": "Mon, 11 Dec 2023 19:13:23 GMT",
        "Server": [
          "Windows-Azure-Blob/1.0",
          "Microsoft-HTTPAPI/2.0"
        ],
        "x-ms-client-request-id": "e8e8d7a6-9231-439a-8f92-d01bb464bddb",
        "x-ms-request-id": "20ee9ac5-f01e-0007-0466-2cfb05000000",
        "x-ms-version": "2024-02-04"
      },
      "ResponseBody": null
    },
    {
      "RequestUri": "https://REDACTED/af38780a0findblobsmaxresultsbypage75c09338ecf57a6c4e?restype=container",
      "RequestMethod": "PUT",
      "RequestHeaders": {
        "Accept": "application/xml",
        "Authorization": "Sanitized",
        "Content-Length": "0",
        "Date": "Mon, 11 Dec 2023 19:13:20 GMT",
        "User-Agent": "azsdk-java-azure-storage-blob/12.26.0-beta.1 (17.0.8; Windows 11; 10.0)",
        "x-ms-client-request-id": "5712684f-4a15-4907-b85e-a45e13fe6f1a",
        "x-ms-version": "2024-02-04"
      },
      "RequestBody": null,
      "StatusCode": 409,
      "ResponseHeaders": {
        "Content-Length": "230",
        "Content-Type": "application/xml",
        "Date": "Mon, 11 Dec 2023 19:13:23 GMT",
        "Server": [
          "Windows-Azure-Blob/1.0",
          "Microsoft-HTTPAPI/2.0"
        ],
        "x-ms-client-request-id": "5712684f-4a15-4907-b85e-a45e13fe6f1a",
        "x-ms-error-code": "ContainerAlreadyExists",
        "x-ms-request-id": "dd101aa2-801e-0022-8066-2c5279000000",
        "x-ms-version": "2024-02-04"
      },
      "ResponseBody": [
        "\uFEFF\u003C?xml version=\u00221.0\u0022 encoding=\u0022utf-8\u0022?\u003E\u003CError\u003E\u003CCode\u003EContainerAlreadyExists\u003C/Code\u003E\u003CMessage\u003EThe specified container already exists.\n",
        "RequestId:dd101aa2-801e-0022-8066-2c5279000000\n",
        "Time:2023-12-11T19:13:23.8434764Z\u003C/Message\u003E\u003C/Error\u003E"
      ]
    },
    {
      "RequestUri": "https://REDACTED/af38780a1findblobsmaxresultsbypage75c59530b8972fb9df?restype=container",
      "RequestMethod": "PUT",
      "RequestHeaders": {
        "Accept": "application/xml",
        "Authorization": "Sanitized",
        "Content-Length": "0",
        "Date": "Mon, 11 Dec 2023 19:13:20 GMT",
        "User-Agent": "azsdk-java-azure-storage-blob/12.26.0-beta.1 (17.0.8; Windows 11; 10.0)",
        "x-ms-client-request-id": "d882756a-54d1-4a93-b9fd-a609d700c9c2",
        "x-ms-version": "2024-02-04"
      },
      "RequestBody": null,
      "StatusCode": 201,
      "ResponseHeaders": {
        "Content-Length": "0",
        "Date": "Mon, 11 Dec 2023 19:13:23 GMT",
        "ETag": "\u00220x8DBFA7D3F157635\u0022",
        "Last-Modified": "Mon, 11 Dec 2023 19:13:23 GMT",
        "Server": [
          "Windows-Azure-Blob/1.0",
          "Microsoft-HTTPAPI/2.0"
        ],
        "x-ms-client-request-id": "d882756a-54d1-4a93-b9fd-a609d700c9c2",
        "x-ms-request-id": "dd101b13-801e-0022-6366-2c5279000000",
        "x-ms-version": "2024-02-04"
      },
      "ResponseBody": null
    },
    {
      "RequestUri": "https://REDACTED/af38780a1findblobsmaxresultsbypage75c59530b8972fb9df/af38780a2findblobsmaxresultsbypage75c698425d4d1eac3b",
      "RequestMethod": "PUT",
      "RequestHeaders": {
        "Accept": "application/xml",
        "Authorization": "Sanitized",
        "Content-Length": "7",
        "Content-Type": "application/octet-stream",
        "Date": "Mon, 11 Dec 2023 19:13:20 GMT",
        "User-Agent": "azsdk-java-azure-storage-blob/12.26.0-beta.1 (17.0.8; Windows 11; 10.0)",
        "x-ms-blob-type": "BlockBlob",
        "x-ms-client-request-id": "ba92114a-b311-46b0-ae41-a70d8e3fb6a9",
        "x-ms-tags": "af38780a155890f0=af38780a65318639",
        "x-ms-version": "2024-02-04"
      },
      "RequestBody": "ZGVmYXVsdA==",
      "StatusCode": 201,
      "ResponseHeaders": {
        "Content-Length": "0",
        "Content-MD5": "wh\u002BWm18D0z1D4E\u002BPE252gg==",
        "Date": "Mon, 11 Dec 2023 19:13:23 GMT",
        "ETag": "\u00220x8DBFA7D3F2C8CB2\u0022",
        "Last-Modified": "Mon, 11 Dec 2023 19:13:24 GMT",
        "Server": [
          "Windows-Azure-Blob/1.0",
          "Microsoft-HTTPAPI/2.0"
        ],
        "x-ms-client-request-id": "ba92114a-b311-46b0-ae41-a70d8e3fb6a9",
        "x-ms-content-crc64": "6RYQPwaVsyQ=",
        "x-ms-request-id": "dd101be2-801e-0022-1d66-2c5279000000",
        "x-ms-request-server-encrypted": "true",
        "x-ms-version": "2024-02-04"
      },
      "ResponseBody": null
    },
    {
      "RequestUri": "https://REDACTED/af38780a1findblobsmaxresultsbypage75c59530b8972fb9df/af38780a3findblobsmaxresultsbypage75c71001d181a6b2d8",
      "RequestMethod": "PUT",
      "RequestHeaders": {
        "Accept": "application/xml",
        "Authorization": "Sanitized",
        "Content-Length": "7",
        "Content-Type": "application/octet-stream",
        "Date": "Mon, 11 Dec 2023 19:13:20 GMT",
        "User-Agent": "azsdk-java-azure-storage-blob/12.26.0-beta.1 (17.0.8; Windows 11; 10.0)",
        "x-ms-blob-type": "BlockBlob",
        "x-ms-client-request-id": "805e1526-fece-43c8-80a5-f50f1d242684",
        "x-ms-tags": "af38780a155890f0=af38780a65318639",
        "x-ms-version": "2024-02-04"
      },
      "RequestBody": "ZGVmYXVsdA==",
      "StatusCode": 201,
      "ResponseHeaders": {
        "Content-Length": "0",
        "Content-MD5": "wh\u002BWm18D0z1D4E\u002BPE252gg==",
        "Date": "Mon, 11 Dec 2023 19:13:23 GMT",
        "ETag": "\u00220x8DBFA7D3F3ABB76\u0022",
        "Last-Modified": "Mon, 11 Dec 2023 19:13:24 GMT",
        "Server": [
          "Windows-Azure-Blob/1.0",
          "Microsoft-HTTPAPI/2.0"
        ],
        "x-ms-client-request-id": "805e1526-fece-43c8-80a5-f50f1d242684",
        "x-ms-content-crc64": "6RYQPwaVsyQ=",
        "x-ms-request-id": "dd101c77-801e-0022-2766-2c5279000000",
        "x-ms-request-server-encrypted": "true",
        "x-ms-version": "2024-02-04"
      },
      "ResponseBody": null
    },
    {
      "RequestUri": "https://REDACTED/af38780a1findblobsmaxresultsbypage75c59530b8972fb9df/af38780a4findblobsmaxresultsbypage75c76149a08b228067",
      "RequestMethod": "PUT",
      "RequestHeaders": {
        "Accept": "application/xml",
        "Authorization": "Sanitized",
        "Content-Length": "7",
        "Content-Type": "application/octet-stream",
        "Date": "Mon, 11 Dec 2023 19:13:20 GMT",
        "User-Agent": "azsdk-java-azure-storage-blob/12.26.0-beta.1 (17.0.8; Windows 11; 10.0)",
        "x-ms-blob-type": "BlockBlob",
        "x-ms-client-request-id": "954a1b93-bfc8-4458-870d-1b6b1c985352",
        "x-ms-tags": "af38780a155890f0=af38780a65318639",
        "x-ms-version": "2024-02-04"
      },
      "RequestBody": "ZGVmYXVsdA==",
      "StatusCode": 201,
      "ResponseHeaders": {
        "Content-Length": "0",
        "Content-MD5": "wh\u002BWm18D0z1D4E\u002BPE252gg==",
        "Date": "Mon, 11 Dec 2023 19:13:24 GMT",
        "ETag": "\u00220x8DBFA7D3F489C22\u0022",
        "Last-Modified": "Mon, 11 Dec 2023 19:13:24 GMT",
        "Server": [
          "Windows-Azure-Blob/1.0",
          "Microsoft-HTTPAPI/2.0"
        ],
        "x-ms-client-request-id": "954a1b93-bfc8-4458-870d-1b6b1c985352",
        "x-ms-content-crc64": "6RYQPwaVsyQ=",
        "x-ms-request-id": "dd101d03-801e-0022-1e66-2c5279000000",
        "x-ms-request-server-encrypted": "true",
        "x-ms-version": "2024-02-04"
      },
      "ResponseBody": null
    },
    {
      "RequestUri": "https://REDACTED/af38780a1findblobsmaxresultsbypage75c59530b8972fb9df/af38780a5findblobsmaxresultsbypage75c22077d50cb999c3",
      "RequestMethod": "PUT",
      "RequestHeaders": {
        "Accept": "application/xml",
        "Authorization": "Sanitized",
        "Content-Length": "7",
        "Content-Type": "application/octet-stream",
        "Date": "Mon, 11 Dec 2023 19:13:20 GMT",
        "User-Agent": "azsdk-java-azure-storage-blob/12.26.0-beta.1 (17.0.8; Windows 11; 10.0)",
        "x-ms-blob-type": "BlockBlob",
        "x-ms-client-request-id": "bc26e848-9609-403f-9696-37e539e2efe5",
        "x-ms-tags": "af38780a155890f0=af38780a65318639",
        "x-ms-version": "2024-02-04"
      },
      "RequestBody": "ZGVmYXVsdA==",
      "StatusCode": 201,
      "ResponseHeaders": {
        "Content-Length": "0",
        "Content-MD5": "wh\u002BWm18D0z1D4E\u002BPE252gg==",
        "Date": "Mon, 11 Dec 2023 19:13:24 GMT",
        "ETag": "\u00220x8DBFA7D3F567CCB\u0022",
        "Last-Modified": "Mon, 11 Dec 2023 19:13:24 GMT",
        "Server": [
          "Windows-Azure-Blob/1.0",
          "Microsoft-HTTPAPI/2.0"
        ],
        "x-ms-client-request-id": "bc26e848-9609-403f-9696-37e539e2efe5",
        "x-ms-content-crc64": "6RYQPwaVsyQ=",
        "x-ms-request-id": "dd101d6e-801e-0022-0466-2c5279000000",
        "x-ms-request-server-encrypted": "true",
        "x-ms-version": "2024-02-04"
      },
      "ResponseBody": null
    },
    {
      "RequestUri": "https://REDACTED/af38780a1findblobsmaxresultsbypage75c59530b8972fb9df/af38780a6findblobsmaxresultsbypage75c09332a1e7115dec",
      "RequestMethod": "PUT",
      "RequestHeaders": {
        "Accept": "application/xml",
        "Authorization": "Sanitized",
        "Content-Length": "7",
        "Content-Type": "application/octet-stream",
        "Date": "Mon, 11 Dec 2023 19:13:20 GMT",
        "User-Agent": "azsdk-java-azure-storage-blob/12.26.0-beta.1 (17.0.8; Windows 11; 10.0)",
        "x-ms-blob-type": "BlockBlob",
        "x-ms-client-request-id": "2781ed71-e6ac-4cd6-8252-f6cd793336d9",
        "x-ms-tags": "af38780a155890f0=af38780a65318639",
        "x-ms-version": "2024-02-04"
      },
      "RequestBody": "ZGVmYXVsdA==",
      "StatusCode": 201,
      "ResponseHeaders": {
        "Content-Length": "0",
        "Content-MD5": "wh\u002BWm18D0z1D4E\u002BPE252gg==",
        "Date": "Mon, 11 Dec 2023 19:13:24 GMT",
        "ETag": "\u00220x8DBFA7D3F640F60\u0022",
        "Last-Modified": "Mon, 11 Dec 2023 19:13:24 GMT",
        "Server": [
          "Windows-Azure-Blob/1.0",
          "Microsoft-HTTPAPI/2.0"
        ],
        "x-ms-client-request-id": "2781ed71-e6ac-4cd6-8252-f6cd793336d9",
        "x-ms-content-crc64": "6RYQPwaVsyQ=",
        "x-ms-request-id": "dd101dd9-801e-0022-6766-2c5279000000",
        "x-ms-request-server-encrypted": "true",
        "x-ms-version": "2024-02-04"
      },
      "ResponseBody": null
    },
    {
      "RequestUri": "https://REDACTED/af38780a1findblobsmaxresultsbypage75c59530b8972fb9df/af38780a7findblobsmaxresultsbypage75c11014b9260f4ea3",
      "RequestMethod": "PUT",
      "RequestHeaders": {
        "Accept": "application/xml",
        "Authorization": "Sanitized",
        "Content-Length": "7",
        "Content-Type": "application/octet-stream",
        "Date": "Mon, 11 Dec 2023 19:13:20 GMT",
        "User-Agent": "azsdk-java-azure-storage-blob/12.26.0-beta.1 (17.0.8; Windows 11; 10.0)",
        "x-ms-blob-type": "BlockBlob",
        "x-ms-client-request-id": "3f25da0a-debd-4e65-a346-0ffd84bd3521",
        "x-ms-tags": "af38780a155890f0=af38780a65318639",
        "x-ms-version": "2024-02-04"
      },
      "RequestBody": "ZGVmYXVsdA==",
      "StatusCode": 201,
      "ResponseHeaders": {
        "Content-Length": "0",
        "Content-MD5": "wh\u002BWm18D0z1D4E\u002BPE252gg==",
        "Date": "Mon, 11 Dec 2023 19:13:24 GMT",
        "ETag": "\u00220x8DBFA7D3F730163\u0022",
        "Last-Modified": "Mon, 11 Dec 2023 19:13:24 GMT",
        "Server": [
          "Windows-Azure-Blob/1.0",
          "Microsoft-HTTPAPI/2.0"
        ],
        "x-ms-client-request-id": "3f25da0a-debd-4e65-a346-0ffd84bd3521",
        "x-ms-content-crc64": "6RYQPwaVsyQ=",
        "x-ms-request-id": "dd101e60-801e-0022-6866-2c5279000000",
        "x-ms-request-server-encrypted": "true",
        "x-ms-version": "2024-02-04"
      },
      "ResponseBody": null
    },
    {
      "RequestUri": "https://REDACTED/af38780a1findblobsmaxresultsbypage75c59530b8972fb9df/af38780a8findblobsmaxresultsbypage75c577434c0c4a70e0",
      "RequestMethod": "PUT",
      "RequestHeaders": {
        "Accept": "application/xml",
        "Authorization": "Sanitized",
        "Content-Length": "7",
        "Content-Type": "application/octet-stream",
        "Date": "Mon, 11 Dec 2023 19:13:20 GMT",
        "User-Agent": "azsdk-java-azure-storage-blob/12.26.0-beta.1 (17.0.8; Windows 11; 10.0)",
        "x-ms-blob-type": "BlockBlob",
        "x-ms-client-request-id": "d67ba23f-0f63-4a89-8f93-99b9e4454c1b",
        "x-ms-tags": "af38780a155890f0=af38780a65318639",
        "x-ms-version": "2024-02-04"
      },
      "RequestBody": "ZGVmYXVsdA==",
      "StatusCode": 201,
      "ResponseHeaders": {
        "Content-Length": "0",
        "Content-MD5": "wh\u002BWm18D0z1D4E\u002BPE252gg==",
        "Date": "Mon, 11 Dec 2023 19:13:24 GMT",
        "ETag": "\u00220x8DBFA7D3F8045EB\u0022",
        "Last-Modified": "Mon, 11 Dec 2023 19:13:24 GMT",
        "Server": [
          "Windows-Azure-Blob/1.0",
          "Microsoft-HTTPAPI/2.0"
        ],
        "x-ms-client-request-id": "d67ba23f-0f63-4a89-8f93-99b9e4454c1b",
        "x-ms-content-crc64": "6RYQPwaVsyQ=",
        "x-ms-request-id": "dd101ed0-801e-0022-5266-2c5279000000",
        "x-ms-request-server-encrypted": "true",
        "x-ms-version": "2024-02-04"
      },
      "ResponseBody": null
    },
    {
      "RequestUri": "https://REDACTED/?comp=blobs\u0026where=%22af38780a155890f0%22%3D%27af38780a65318639%27\u0026maxresults=3",
      "RequestMethod": "GET",
      "RequestHeaders": {
        "Accept": "application/xml",
        "Authorization": "Sanitized",
        "Content-Length": "0",
        "Date": "Mon, 11 Dec 2023 19:13:20 GMT",
        "User-Agent": "azsdk-java-azure-storage-blob/12.26.0-beta.1 (17.0.8; Windows 11; 10.0)",
        "x-ms-client-request-id": "61e9dcdb-a517-4150-ab17-77c33f2507ea",
        "x-ms-version": "2024-02-04"
      },
      "RequestBody": null,
      "StatusCode": 200,
      "ResponseHeaders": {
        "Access-Control-Allow-Origin": "*",
        "Access-Control-Expose-Headers": "x-ms-client-request-id",
        "Content-Type": "application/xml",
        "Date": "Mon, 11 Dec 2023 19:13:24 GMT",
        "Server": [
          "Windows-Azure-Blob/1.0",
          "Microsoft-HTTPAPI/2.0"
        ],
        "Transfer-Encoding": "chunked",
        "x-ms-client-request-id": "61e9dcdb-a517-4150-ab17-77c33f2507ea",
        "x-ms-request-id": "dd101f49-801e-0022-3c66-2c5279000000",
        "x-ms-version": "2024-02-04"
      },
      "ResponseBody": [
        "\uFEFF\u003C?xml version=\u00221.0\u0022 encoding=\u0022utf-8\u0022?\u003E\n",
        "\u003CEnumerationResults ServiceEndpoint=\u0022https://ibrandesstorage.blob.core.windows.net/\u0022\u003E\u003CWhere\u003E\u0026quot;af38780a155890f0\u0026quot;=\u0026apos;af38780a65318639\u0026apos;\u003C/Where\u003E\u003CMaxResults\u003E3\u003C/MaxResults\u003E\u003CBlobs/\u003E\u003CNextMarker/\u003E\u003C/EnumerationResults\u003E"
      ]
    },
    {
      "RequestUri": "https://REDACTED/af38780a1findblobsmaxresultsbypage75c59530b8972fb9df?restype=container",
      "RequestMethod": "DELETE",
      "RequestHeaders": {
        "Accept": "application/xml",
        "Authorization": "Sanitized",
        "Content-Length": "0",
        "Date": "Mon, 11 Dec 2023 19:13:21 GMT",
        "User-Agent": "azsdk-java-azure-storage-blob/12.26.0-beta.1 (17.0.8; Windows 11; 10.0)",
        "x-ms-client-request-id": "4beb021e-192d-4114-b8d5-d94484efd6d6",
        "x-ms-version": "2024-02-04"
      },
      "RequestBody": null,
      "StatusCode": 202,
      "ResponseHeaders": {
        "Content-Length": "0",
        "Date": "Mon, 11 Dec 2023 19:13:24 GMT",
        "Server": [
          "Windows-Azure-Blob/1.0",
          "Microsoft-HTTPAPI/2.0"
        ],
        "x-ms-client-request-id": "4beb021e-192d-4114-b8d5-d94484efd6d6",
        "x-ms-request-id": "dd101fab-801e-0022-1966-2c5279000000",
        "x-ms-version": "2024-02-04"
      },
      "ResponseBody": null
    }
  ],
  "Variables": {
    "0": "af38780a0findblobsmaxresultsbypage75c09338ecf57a6c4e",
    "1": "af38780a155890f0",
    "10": "af38780a8findblobsmaxresultsbypage75c577434c0c4a70e0",
    "2": "af38780a65318639",
    "3": "af38780a1findblobsmaxresultsbypage75c59530b8972fb9df",
    "4": "af38780a2findblobsmaxresultsbypage75c698425d4d1eac3b",
    "5": "af38780a3findblobsmaxresultsbypage75c71001d181a6b2d8",
    "6": "af38780a4findblobsmaxresultsbypage75c76149a08b228067",
    "7": "af38780a5findblobsmaxresultsbypage75c22077d50cb999c3",
    "8": "af38780a6findblobsmaxresultsbypage75c09332a1e7115dec",
    "9": "af38780a7findblobsmaxresultsbypage75c11014b9260f4ea3"
  }
}
