{
  "Entries": [
    {
      "RequestUri": "https://REDACTED/7beb22280deletecontainerifexists29476443fa1a64b3ec1?restype=container",
      "RequestMethod": "PUT",
      "RequestHeaders": {
        "Accept": "application/xml",
        "Authorization": "Sanitized",
        "Content-Length": "0",
        "Date": "Fri, 01 Dec 2023 19:41:04 GMT",
        "User-Agent": "azsdk-java-azure-storage-blob/12.26.0-beta.1 (17.0.8; Windows 11; 10.0)",
        "x-ms-client-request-id": "3691dc9d-870b-4ece-8f2d-c80fa3e63d6c",
        "x-ms-version": "2024-02-04"
      },
      "RequestBody": null,
      "StatusCode": 201,
      "ResponseHeaders": {
        "Content-Length": "0",
        "Date": "Fri, 01 Dec 2023 19:41:04 GMT",
        "ETag": "\u00220x8DBF2A57541104B\u0022",
        "Last-Modified": "Fri, 01 Dec 2023 19:41:05 GMT",
        "Server": [
          "Windows-Azure-Blob/1.0",
          "Microsoft-HTTPAPI/2.0"
        ],
        "x-ms-client-request-id": "3691dc9d-870b-4ece-8f2d-c80fa3e63d6c",
        "x-ms-request-id": "8ab0adda-a01e-0057-348e-243955000000",
        "x-ms-version": "2024-02-04"
      },
      "ResponseBody": null
    },
    {
      "RequestUri": "https://REDACTED/7beb22280deletecontainerifexists29476443fa1a64b3ec1?restype=container",
      "RequestMethod": "PUT",
      "RequestHeaders": {
        "Accept": "application/xml",
        "Authorization": "Sanitized",
        "Content-Length": "0",
        "Date": "Fri, 01 Dec 2023 19:41:04 GMT",
        "User-Agent": "azsdk-java-azure-storage-blob/12.26.0-beta.1 (17.0.8; Windows 11; 10.0)",
        "x-ms-client-request-id": "aa23f398-c164-48e1-bb7e-f02e1139f74b",
        "x-ms-version": "2024-02-04"
      },
      "RequestBody": null,
      "StatusCode": 409,
      "ResponseHeaders": {
        "Content-Length": "230",
        "Content-Type": "application/xml",
        "Date": "Fri, 01 Dec 2023 19:41:04 GMT",
        "Server": [
          "Windows-Azure-Blob/1.0",
          "Microsoft-HTTPAPI/2.0"
        ],
        "x-ms-client-request-id": "aa23f398-c164-48e1-bb7e-f02e1139f74b",
        "x-ms-error-code": "ContainerAlreadyExists",
        "x-ms-request-id": "8ab0aef3-a01e-0057-388e-243955000000",
        "x-ms-version": "2024-02-04"
      },
      "ResponseBody": [
        "\uFEFF\u003C?xml version=\u00221.0\u0022 encoding=\u0022utf-8\u0022?\u003E\u003CError\u003E\u003CCode\u003EContainerAlreadyExists\u003C/Code\u003E\u003CMessage\u003EThe specified container already exists.\n",
        "RequestId:8ab0aef3-a01e-0057-388e-243955000000\n",
        "Time:2023-12-01T19:41:05.4820487Z\u003C/Message\u003E\u003C/Error\u003E"
      ]
    },
    {
      "RequestUri": "https://REDACTED/7beb22281deletecontainerifexists29405887ca516e7bc39?restype=container",
      "RequestMethod": "PUT",
      "RequestHeaders": {
        "Accept": "application/xml",
        "Authorization": "Sanitized",
        "Content-Length": "0",
        "Date": "Fri, 01 Dec 2023 19:41:04 GMT",
        "User-Agent": "azsdk-java-azure-storage-blob/12.26.0-beta.1 (17.0.8; Windows 11; 10.0)",
        "x-ms-client-request-id": "ad659644-d339-4d92-b9b4-4233fd7ec8f2",
        "x-ms-version": "2024-02-04"
      },
      "RequestBody": null,
      "StatusCode": 201,
      "ResponseHeaders": {
        "Content-Length": "0",
        "Date": "Fri, 01 Dec 2023 19:41:04 GMT",
        "ETag": "\u00220x8DBF2A5756116C4\u0022",
        "Last-Modified": "Fri, 01 Dec 2023 19:41:05 GMT",
        "Server": [
          "Windows-Azure-Blob/1.0",
          "Microsoft-HTTPAPI/2.0"
        ],
        "x-ms-client-request-id": "ad659644-d339-4d92-b9b4-4233fd7ec8f2",
        "x-ms-request-id": "8ab0afd1-a01e-0057-0c8e-243955000000",
        "x-ms-version": "2024-02-04"
      },
      "ResponseBody": null
    },
    {
      "RequestUri": "https://REDACTED/7beb22281deletecontainerifexists29405887ca516e7bc39?restype=container",
      "RequestMethod": "DELETE",
      "RequestHeaders": {
        "Accept": "application/xml",
        "Authorization": "Sanitized",
        "Content-Length": "0",
        "Date": "Fri, 01 Dec 2023 19:41:04 GMT",
        "User-Agent": "azsdk-java-azure-storage-blob/12.26.0-beta.1 (17.0.8; Windows 11; 10.0)",
        "x-ms-client-request-id": "f2c620d1-d43c-4171-9b6d-337d93021aed",
        "x-ms-version": "2024-02-04"
      },
      "RequestBody": null,
      "StatusCode": 202,
      "ResponseHeaders": {
        "Content-Length": "0",
        "Date": "Fri, 01 Dec 2023 19:41:04 GMT",
        "Server": [
          "Windows-Azure-Blob/1.0",
          "Microsoft-HTTPAPI/2.0"
        ],
        "x-ms-client-request-id": "f2c620d1-d43c-4171-9b6d-337d93021aed",
        "x-ms-request-id": "8ab0b09f-a01e-0057-538e-243955000000",
        "x-ms-version": "2024-02-04"
      },
      "ResponseBody": null
    }
  ],
  "Variables": {
    "0": "7beb22280deletecontainerifexists29476443fa1a64b3ec1",
    "1": "7beb2228491180b3",
    "2": "7beb222849120ab1",
    "3": "7beb22281deletecontainerifexists29405887ca516e7bc39"
  }
}
