{
  "Entries": [
    {
      "RequestUri": "https://REDACTED/d92a82790setgetpropertiesac6420366024b1e098cc40a?restype=container",
      "RequestMethod": "PUT",
      "RequestHeaders": {
        "Accept": "application/xml",
        "Authorization": "Sanitized",
        "Content-Length": "0",
        "Date": "Tue, 26 Nov 2024 20:32:56 GMT",
        "User-Agent": "azsdk-java-azure-storage-blob/12.30.0-beta.1 (21.0.2; Windows 11; 10.0)",
        "x-ms-client-request-id": "Sanitized",
        "x-ms-version": "2025-01-05"
      },
      "RequestBody": null,
      "StatusCode": 201,
      "ResponseHeaders": {
        "Content-Length": "0",
        "Date": "Tue, 26 Nov 2024 20:32:55 GMT",
        "ETag": "\"0x8DD0E59828A7623\"",
        "Last-Modified": "Tue, 26 Nov 2024 20:32:56 GMT",
        "Server": [
          "Windows-Azure-Blob/1.0",
          "Microsoft-HTTPAPI/2.0"
        ],
        "x-ms-client-request-id": "Sanitized",
        "x-ms-request-id": "Sanitized",
        "x-ms-version": "2025-01-05"
      },
      "ResponseBody": null
    },
    {
      "RequestUri": "https://REDACTED/d92a82790setgetpropertiesac6420366024b1e098cc40a?restype=container",
      "RequestMethod": "PUT",
      "RequestHeaders": {
        "Accept": "application/xml",
        "Authorization": "Sanitized",
        "Content-Length": "0",
        "Date": "Tue, 26 Nov 2024 20:32:56 GMT",
        "User-Agent": "azsdk-java-azure-storage-blob/12.30.0-beta.1 (21.0.2; Windows 11; 10.0)",
        "x-ms-client-request-id": "Sanitized",
        "x-ms-version": "2025-01-05"
      },
      "RequestBody": null,
      "StatusCode": 409,
      "ResponseHeaders": {
        "Content-Length": "230",
        "Content-Type": "application/xml",
        "Date": "Tue, 26 Nov 2024 20:32:55 GMT",
        "Server": [
          "Windows-Azure-Blob/1.0",
          "Microsoft-HTTPAPI/2.0"
        ],
        "x-ms-client-request-id": "Sanitized",
        "x-ms-error-code": "ContainerAlreadyExists",
        "x-ms-request-id": "Sanitized",
        "x-ms-version": "2025-01-05"
      },
      "ResponseBody": [
        "\uFEFF<?xml version=\"1.0\" encoding=\"utf-8\"?><Error><Code>ContainerAlreadyExists</Code><Message>The specified container already exists.\n",
        "RequestId:88c0e571-a01e-0007-7a42-409df9000000\n",
        "Time:2024-11-26T20:32:56.2345583Z</Message></Error>"
      ]
    },
    {
      "RequestUri": "https://REDACTED/?restype=service&comp=properties",
      "RequestMethod": "PUT",
      "RequestHeaders": {
        "Accept": "application/xml",
        "Authorization": "Sanitized",
        "Content-Length": "715",
        "Content-Type": "application/xml",
        "Date": "Tue, 26 Nov 2024 20:32:56 GMT",
        "User-Agent": "azsdk-java-azure-storage-blob/12.30.0-beta.1 (21.0.2; Windows 11; 10.0)",
        "x-ms-client-request-id": "Sanitized",
        "x-ms-version": "2025-01-05"
      },
      "RequestBody": "<?xml version=\"1.0\" encoding=\"UTF-8\"?><StorageServiceProperties><Logging><Version>1.0</Version><Delete>false</Delete><Read>false</Read><Write>false</Write><RetentionPolicy><Enabled>false</Enabled></RetentionPolicy></Logging><HourMetrics><Version>1.0</Version><Enabled>false</Enabled><RetentionPolicy><Enabled>false</Enabled></RetentionPolicy></HourMetrics><MinuteMetrics><Version>1.0</Version><Enabled>false</Enabled><RetentionPolicy><Enabled>false</Enabled></RetentionPolicy></MinuteMetrics><Cors></Cors><DefaultServiceVersion>2018-03-28</DefaultServiceVersion><DeleteRetentionPolicy><Enabled>false</Enabled></DeleteRetentionPolicy><StaticWebsite><Enabled>false</Enabled></StaticWebsite></StorageServiceProperties>",
      "StatusCode": 202,
      "ResponseHeaders": {
        "Content-Length": "0",
        "Date": "Tue, 26 Nov 2024 20:32:55 GMT",
        "Server": [
          "Windows-Azure-Blob/1.0",
          "Microsoft-HTTPAPI/2.0"
        ],
        "x-ms-client-request-id": "Sanitized",
        "x-ms-request-id": "Sanitized",
        "x-ms-version": "2025-01-05"
      },
      "ResponseBody": null
    },
    {
      "RequestUri": "https://REDACTED/?restype=service&comp=properties",
      "RequestMethod": "PUT",
      "RequestHeaders": {
        "Accept": "application/xml",
        "Authorization": "Sanitized",
        "Content-Length": "1172",
        "Content-Type": "application/xml",
        "Date": "Tue, 26 Nov 2024 20:32:56 GMT",
        "User-Agent": "azsdk-java-azure-storage-blob/12.30.0-beta.1 (21.0.2; Windows 11; 10.0)",
        "x-ms-client-request-id": "Sanitized",
        "x-ms-version": "2025-01-05"
      },
      "RequestBody": "<?xml version=\"1.0\" encoding=\"UTF-8\"?><StorageServiceProperties><Logging><Version>1.0</Version><Delete>false</Delete><Read>true</Read><Write>false</Write><RetentionPolicy><Enabled>true</Enabled><Days>5</Days></RetentionPolicy></Logging><HourMetrics><Version>1.0</Version><Enabled>true</Enabled><IncludeAPIs>true</IncludeAPIs><RetentionPolicy><Enabled>true</Enabled><Days>5</Days></RetentionPolicy></HourMetrics><MinuteMetrics><Version>1.0</Version><Enabled>true</Enabled><IncludeAPIs>true</IncludeAPIs><RetentionPolicy><Enabled>true</Enabled><Days>5</Days></RetentionPolicy></MinuteMetrics><Cors><CorsRule><AllowedOrigins>*</AllowedOrigins><AllowedMethods>GET,PUT,HEAD</AllowedMethods><AllowedHeaders>x-ms-version</AllowedHeaders><ExposedHeaders>x-ms-client-request-id</ExposedHeaders><MaxAgeInSeconds>10</MaxAgeInSeconds></CorsRule></Cors><DefaultServiceVersion>2016-05-31</DefaultServiceVersion><DeleteRetentionPolicy><Enabled>true</Enabled><Days>5</Days></DeleteRetentionPolicy><StaticWebsite><Enabled>true</Enabled><IndexDocument>myIndex.html</IndexDocument><ErrorDocument404Path>custom/error/path.html</ErrorDocument404Path></StaticWebsite></StorageServiceProperties>",
      "StatusCode": 202,
      "ResponseHeaders": {
        "Content-Length": "0",
        "Date": "Tue, 26 Nov 2024 20:32:56 GMT",
        "Server": [
          "Windows-Azure-Blob/1.0",
          "Microsoft-HTTPAPI/2.0"
        ],
        "x-ms-client-request-id": "Sanitized",
        "x-ms-request-id": "Sanitized",
        "x-ms-version": "2025-01-05"
      },
      "ResponseBody": null
    },
    {
      "RequestUri": "https://REDACTED/?restype=service&comp=properties",
      "RequestMethod": "GET",
      "RequestHeaders": {
        "Accept": "application/xml",
        "Authorization": "Sanitized",
        "Content-Length": "0",
        "Date": "Tue, 26 Nov 2024 20:33:26 GMT",
        "User-Agent": "azsdk-java-azure-storage-blob/12.30.0-beta.1 (21.0.2; Windows 11; 10.0)",
        "x-ms-client-request-id": "Sanitized",
        "x-ms-version": "2025-01-05"
      },
      "RequestBody": null,
      "StatusCode": 200,
      "ResponseHeaders": {
        "Access-Control-Allow-Origin": "*",
        "Access-Control-Expose-Headers": "x-ms-client-request-id",
        "Content-Type": "application/xml",
        "Date": "Tue, 26 Nov 2024 20:33:26 GMT",
        "Server": [
          "Windows-Azure-Blob/1.0",
          "Microsoft-HTTPAPI/2.0"
        ],
        "Transfer-Encoding": "chunked",
        "x-ms-client-request-id": "Sanitized",
        "x-ms-request-id": "Sanitized",
        "x-ms-version": "2025-01-05"
      },
      "ResponseBody": "\uFEFF<?xml version=\"1.0\" encoding=\"utf-8\"?><StorageServiceProperties><Logging><Version>1.0</Version><Read>true</Read><Write>false</Write><Delete>false</Delete><RetentionPolicy><Enabled>true</Enabled><Days>5</Days></RetentionPolicy></Logging><HourMetrics><Version>1.0</Version><Enabled>true</Enabled><IncludeAPIs>true</IncludeAPIs><RetentionPolicy><Enabled>true</Enabled><Days>5</Days></RetentionPolicy></HourMetrics><MinuteMetrics><Version>1.0</Version><Enabled>true</Enabled><IncludeAPIs>true</IncludeAPIs><RetentionPolicy><Enabled>true</Enabled><Days>5</Days></RetentionPolicy></MinuteMetrics><Cors><CorsRule><AllowedMethods>GET,PUT,HEAD</AllowedMethods><AllowedOrigins>*</AllowedOrigins><AllowedHeaders>x-ms-version</AllowedHeaders><ExposedHeaders>x-ms-client-request-id</ExposedHeaders><MaxAgeInSeconds>10</MaxAgeInSeconds></CorsRule></Cors><DeleteRetentionPolicy><Enabled>true</Enabled><Days>5</Days><AllowPermanentDelete>false</AllowPermanentDelete></DeleteRetentionPolicy><StaticWebsite><Enabled>true</Enabled><IndexDocument>myIndex.html</IndexDocument><ErrorDocument404Path>custom/error/path.html</ErrorDocument404Path></StaticWebsite><DefaultServiceVersion>2016-05-31</DefaultServiceVersion></StorageServiceProperties>"
    }
  ],
  "Variables": {
    "0": "d92a82790setgetpropertiesac6420366024b1e098cc40a",
    "1": "d92a8279715838f6",
    "2": "d92a8279464219e2"
  }
}
