{
  "Entries": [
    {
      "RequestUri": "https://REDACTED/594ca5780listblobsflatoptionsdeletedc1876631e61e90253?restype=container",
      "RequestMethod": "PUT",
      "RequestHeaders": {
        "Accept": "application/xml",
        "Authorization": "Sanitized",
        "Content-Length": "0",
        "Date": "Wed, 11 Oct 2023 21:22:09 GMT",
        "User-Agent": "azsdk-java-azure-storage-blob/12.25.0-beta.1 (17.0.8.1; Windows 11; 10.0)",
        "x-ms-client-request-id": "96e543ef-2706-4f3c-a02d-71ab6f8b49f2",
        "x-ms-version": "2023-08-03"
      },
      "RequestBody": null,
      "StatusCode": 201,
      "ResponseHeaders": {
        "Content-Length": "0",
        "Date": "Wed, 11 Oct 2023 21:22:08 GMT",
        "ETag": "\u00220x8DBCAA02069BC0D\u0022",
        "Last-Modified": "Wed, 11 Oct 2023 21:22:09 GMT",
        "Server": [
          "Windows-Azure-Blob/1.0",
          "Microsoft-HTTPAPI/2.0"
        ],
        "x-ms-client-request-id": "96e543ef-2706-4f3c-a02d-71ab6f8b49f2",
        "x-ms-request-id": "ea451f38-501e-009a-7b88-fc0f5b000000",
        "x-ms-version": "2023-08-03"
      },
      "ResponseBody": null
    },
    {
      "RequestUri": "https://REDACTED/594ca5781listblobsflatoptionsdeletedc1812938e72e78116?restype=container",
      "RequestMethod": "PUT",
      "RequestHeaders": {
        "Accept": "application/xml",
        "Authorization": "Sanitized",
        "Content-Length": "0",
        "Date": "Wed, 11 Oct 2023 21:22:09 GMT",
        "User-Agent": "azsdk-java-azure-storage-blob/12.25.0-beta.1 (17.0.8.1; Windows 11; 10.0)",
        "x-ms-client-request-id": "1cda4344-b24e-48d8-acb6-135b4076fe95",
        "x-ms-version": "2023-08-03"
      },
      "RequestBody": null,
      "StatusCode": 201,
      "ResponseHeaders": {
        "Content-Length": "0",
        "Date": "Wed, 11 Oct 2023 21:22:08 GMT",
        "ETag": "\u00220x8DBCAA0206EBE05\u0022",
        "Last-Modified": "Wed, 11 Oct 2023 21:22:09 GMT",
        "Server": [
          "Windows-Azure-Blob/1.0",
          "Microsoft-HTTPAPI/2.0"
        ],
        "x-ms-client-request-id": "1cda4344-b24e-48d8-acb6-135b4076fe95",
        "x-ms-request-id": "850dabff-801e-0030-4b88-fc830e000000",
        "x-ms-version": "2023-08-03"
      },
      "ResponseBody": null
    },
    {
      "RequestUri": "https://REDACTED/594ca5781listblobsflatoptionsdeletedc1812938e72e78116/594ca5782listblobsflatoptionsdeletedc180606933b76b6e7",
      "RequestMethod": "PUT",
      "RequestHeaders": {
        "Accept": "application/xml",
        "Authorization": "Sanitized",
        "Content-Length": "7",
        "Content-Type": "application/octet-stream",
        "Date": "Wed, 11 Oct 2023 21:22:09 GMT",
        "If-None-Match": "*",
        "User-Agent": "azsdk-java-azure-storage-blob/12.25.0-beta.1 (17.0.8.1; Windows 11; 10.0)",
        "x-ms-blob-type": "BlockBlob",
        "x-ms-client-request-id": "76166097-3582-4316-bd40-fc51aba4deb4",
        "x-ms-version": "2023-08-03"
      },
      "RequestBody": "ZGVmYXVsdA==",
      "StatusCode": 201,
      "ResponseHeaders": {
        "Content-Length": "0",
        "Content-MD5": "wh\u002BWm18D0z1D4E\u002BPE252gg==",
        "Date": "Wed, 11 Oct 2023 21:22:08 GMT",
        "ETag": "\u00220x8DBCAA02073D71F\u0022",
        "Last-Modified": "Wed, 11 Oct 2023 21:22:09 GMT",
        "Server": [
          "Windows-Azure-Blob/1.0",
          "Microsoft-HTTPAPI/2.0"
        ],
        "x-ms-client-request-id": "76166097-3582-4316-bd40-fc51aba4deb4",
        "x-ms-content-crc64": "6RYQPwaVsyQ=",
        "x-ms-request-id": "850dac17-801e-0030-6188-fc830e000000",
        "x-ms-request-server-encrypted": "true",
        "x-ms-version": "2023-08-03"
      },
      "ResponseBody": null
    },
    {
      "RequestUri": "https://REDACTED/594ca5781listblobsflatoptionsdeletedc1812938e72e78116/594ca5782listblobsflatoptionsdeletedc180606933b76b6e7",
      "RequestMethod": "DELETE",
      "RequestHeaders": {
        "Accept": "application/xml",
        "Authorization": "Sanitized",
        "Content-Length": "0",
        "Date": "Wed, 11 Oct 2023 21:22:09 GMT",
        "User-Agent": "azsdk-java-azure-storage-blob/12.25.0-beta.1 (17.0.8.1; Windows 11; 10.0)",
        "x-ms-client-request-id": "8fb6225b-2c94-4a32-a800-b076e7146fd4",
        "x-ms-version": "2023-08-03"
      },
      "RequestBody": null,
      "StatusCode": 202,
      "ResponseHeaders": {
        "Content-Length": "0",
        "Date": "Wed, 11 Oct 2023 21:22:08 GMT",
        "Server": [
          "Windows-Azure-Blob/1.0",
          "Microsoft-HTTPAPI/2.0"
        ],
        "x-ms-client-request-id": "8fb6225b-2c94-4a32-a800-b076e7146fd4",
        "x-ms-delete-type-permanent": "false",
        "x-ms-request-id": "850dac39-801e-0030-0188-fc830e000000",
        "x-ms-version": "2023-08-03"
      },
      "ResponseBody": null
    },
    {
      "RequestUri": "https://REDACTED/594ca5781listblobsflatoptionsdeletedc1812938e72e78116?restype=container\u0026comp=list\u0026prefix=594ca578\u0026include=deleted",
      "RequestMethod": "GET",
      "RequestHeaders": {
        "Accept": "application/xml",
        "Authorization": "Sanitized",
        "Content-Length": "0",
        "Date": "Wed, 11 Oct 2023 21:22:09 GMT",
        "User-Agent": "azsdk-java-azure-storage-blob/12.25.0-beta.1 (17.0.8.1; Windows 11; 10.0)",
        "x-ms-client-request-id": "ac754d81-a5ff-4b18-8a9a-93b302f89a49",
        "x-ms-version": "2023-08-03"
      },
      "RequestBody": null,
      "StatusCode": 200,
      "ResponseHeaders": {
        "Content-Type": "application/xml",
        "Date": "Wed, 11 Oct 2023 21:22:08 GMT",
        "Server": [
          "Windows-Azure-Blob/1.0",
          "Microsoft-HTTPAPI/2.0"
        ],
        "Transfer-Encoding": "chunked",
        "x-ms-client-request-id": "ac754d81-a5ff-4b18-8a9a-93b302f89a49",
        "x-ms-request-id": "850dac6f-801e-0030-3588-fc830e000000",
        "x-ms-version": "2023-08-03"
      },
      "ResponseBody": "\uFEFF\u003C?xml version=\u00221.0\u0022 encoding=\u0022utf-8\u0022?\u003E\u003CEnumerationResults ServiceEndpoint=\u0022https://sftdlt0c144d546aa34dc5.blob.core.windows.net/\u0022 ContainerName=\u0022594ca5781listblobsflatoptionsdeletedc1812938e72e78116\u0022\u003E\u003CPrefix\u003E594ca578\u003C/Prefix\u003E\u003CBlobs\u003E\u003CBlob\u003E\u003CName\u003E594ca5782listblobsflatoptionsdeletedc180606933b76b6e7\u003C/Name\u003E\u003CDeleted\u003Etrue\u003C/Deleted\u003E\u003CProperties\u003E\u003CCreation-Time\u003EWed, 11 Oct 2023 21:22:09 GMT\u003C/Creation-Time\u003E\u003CLast-Modified\u003EWed, 11 Oct 2023 21:22:09 GMT\u003C/Last-Modified\u003E\u003CEtag\u003E0x8DBCAA02073D71F\u003C/Etag\u003E\u003CContent-Length\u003E7\u003C/Content-Length\u003E\u003CContent-Type\u003Eapplication/octet-stream\u003C/Content-Type\u003E\u003CContent-Encoding /\u003E\u003CContent-Language /\u003E\u003CContent-CRC64 /\u003E\u003CContent-MD5\u003Ewh\u002BWm18D0z1D4E\u002BPE252gg==\u003C/Content-MD5\u003E\u003CCache-Control /\u003E\u003CContent-Disposition /\u003E\u003CBlobType\u003EBlockBlob\u003C/BlobType\u003E\u003CAccessTier\u003EHot\u003C/AccessTier\u003E\u003CAccessTierInferred\u003Etrue\u003C/AccessTierInferred\u003E\u003CServerEncrypted\u003Etrue\u003C/ServerEncrypted\u003E\u003CDeletedTime\u003EWed, 11 Oct 2023 21:22:09 GMT\u003C/DeletedTime\u003E\u003CRemainingRetentionDays\u003E0\u003C/RemainingRetentionDays\u003E\u003C/Properties\u003E\u003COrMetadata /\u003E\u003C/Blob\u003E\u003C/Blobs\u003E\u003CNextMarker /\u003E\u003C/EnumerationResults\u003E"
    },
    {
      "RequestUri": "https://REDACTED/594ca5781listblobsflatoptionsdeletedc1812938e72e78116?restype=container",
      "RequestMethod": "DELETE",
      "RequestHeaders": {
        "Accept": "application/xml",
        "Authorization": "Sanitized",
        "Content-Length": "0",
        "Date": "Wed, 11 Oct 2023 21:22:09 GMT",
        "User-Agent": "azsdk-java-azure-storage-blob/12.25.0-beta.1 (17.0.8.1; Windows 11; 10.0)",
        "x-ms-client-request-id": "76110ff2-0fe8-4674-a36e-3ddee572e2ef",
        "x-ms-version": "2023-08-03"
      },
      "RequestBody": null,
      "StatusCode": 202,
      "ResponseHeaders": {
        "Content-Length": "0",
        "Date": "Wed, 11 Oct 2023 21:22:08 GMT",
        "Server": [
          "Windows-Azure-Blob/1.0",
          "Microsoft-HTTPAPI/2.0"
        ],
        "x-ms-client-request-id": "76110ff2-0fe8-4674-a36e-3ddee572e2ef",
        "x-ms-request-id": "850dac90-801e-0030-5488-fc830e000000",
        "x-ms-version": "2023-08-03"
      },
      "ResponseBody": null
    }
  ],
  "Variables": {
    "0": "594ca5780listblobsflatoptionsdeletedc1876631e61e90253",
    "1": "594ca5781listblobsflatoptionsdeletedc1812938e72e78116",
    "2": "594ca5782listblobsflatoptionsdeletedc180606933b76b6e7"
  }
}
