{
  "Entries": [
    {
      "RequestUri": "https://REDACTED/4204c3080listblobshieroptionsdeleted2ad28980bb992865b?restype=container",
      "RequestMethod": "PUT",
      "RequestHeaders": {
        "Accept": "application/xml",
        "Authorization": "Sanitized",
        "Content-Length": "0",
        "Date": "Wed, 11 Oct 2023 21:22:06 GMT",
        "User-Agent": "azsdk-java-azure-storage-blob/12.25.0-beta.1 (17.0.8.1; Windows 11; 10.0)",
        "x-ms-client-request-id": "b6911315-797a-4d24-b426-903da184f073",
        "x-ms-version": "2023-08-03"
      },
      "RequestBody": null,
      "StatusCode": 201,
      "ResponseHeaders": {
        "Content-Length": "0",
        "Date": "Wed, 11 Oct 2023 21:22:06 GMT",
        "ETag": "\u00220x8DBCAA01EFCE86E\u0022",
        "Last-Modified": "Wed, 11 Oct 2023 21:22:06 GMT",
        "Server": [
          "Windows-Azure-Blob/1.0",
          "Microsoft-HTTPAPI/2.0"
        ],
        "x-ms-client-request-id": "b6911315-797a-4d24-b426-903da184f073",
        "x-ms-request-id": "31a50503-a01e-00a1-4f88-fc4aff000000",
        "x-ms-version": "2023-08-03"
      },
      "ResponseBody": null
    },
    {
      "RequestUri": "https://REDACTED/4204c3081listblobshieroptionsdeleted2ad2120883c7eb8e2?restype=container",
      "RequestMethod": "PUT",
      "RequestHeaders": {
        "Accept": "application/xml",
        "Authorization": "Sanitized",
        "Content-Length": "0",
        "Date": "Wed, 11 Oct 2023 21:22:06 GMT",
        "User-Agent": "azsdk-java-azure-storage-blob/12.25.0-beta.1 (17.0.8.1; Windows 11; 10.0)",
        "x-ms-client-request-id": "4c5ea1ea-34cd-4075-8f0e-30db377175e9",
        "x-ms-version": "2023-08-03"
      },
      "RequestBody": null,
      "StatusCode": 201,
      "ResponseHeaders": {
        "Content-Length": "0",
        "Date": "Wed, 11 Oct 2023 21:22:06 GMT",
        "ETag": "\u00220x8DBCAA01F2C33F7\u0022",
        "Last-Modified": "Wed, 11 Oct 2023 21:22:06 GMT",
        "Server": [
          "Windows-Azure-Blob/1.0",
          "Microsoft-HTTPAPI/2.0"
        ],
        "x-ms-client-request-id": "4c5ea1ea-34cd-4075-8f0e-30db377175e9",
        "x-ms-request-id": "850da828-801e-0030-4488-fc830e000000",
        "x-ms-version": "2023-08-03"
      },
      "ResponseBody": null
    },
    {
      "RequestUri": "https://REDACTED/4204c3081listblobshieroptionsdeleted2ad2120883c7eb8e2/4204c3082listblobshieroptionsdeleted2ad4473377cd3f8d5",
      "RequestMethod": "PUT",
      "RequestHeaders": {
        "Accept": "application/xml",
        "Authorization": "Sanitized",
        "Content-Length": "7",
        "Content-Type": "application/octet-stream",
        "Date": "Wed, 11 Oct 2023 21:22:06 GMT",
        "If-None-Match": "*",
        "User-Agent": "azsdk-java-azure-storage-blob/12.25.0-beta.1 (17.0.8.1; Windows 11; 10.0)",
        "x-ms-blob-type": "BlockBlob",
        "x-ms-client-request-id": "c7617cd7-fabf-4036-a4c6-527c71c3cc75",
        "x-ms-version": "2023-08-03"
      },
      "RequestBody": "ZGVmYXVsdA==",
      "StatusCode": 201,
      "ResponseHeaders": {
        "Content-Length": "0",
        "Content-MD5": "wh\u002BWm18D0z1D4E\u002BPE252gg==",
        "Date": "Wed, 11 Oct 2023 21:22:06 GMT",
        "ETag": "\u00220x8DBCAA01F43E8A9\u0022",
        "Last-Modified": "Wed, 11 Oct 2023 21:22:07 GMT",
        "Server": [
          "Windows-Azure-Blob/1.0",
          "Microsoft-HTTPAPI/2.0"
        ],
        "x-ms-client-request-id": "c7617cd7-fabf-4036-a4c6-527c71c3cc75",
        "x-ms-content-crc64": "6RYQPwaVsyQ=",
        "x-ms-request-id": "850da858-801e-0030-7288-fc830e000000",
        "x-ms-request-server-encrypted": "true",
        "x-ms-version": "2023-08-03"
      },
      "ResponseBody": null
    },
    {
      "RequestUri": "https://REDACTED/4204c3081listblobshieroptionsdeleted2ad2120883c7eb8e2/4204c3082listblobshieroptionsdeleted2ad4473377cd3f8d5",
      "RequestMethod": "DELETE",
      "RequestHeaders": {
        "Accept": "application/xml",
        "Authorization": "Sanitized",
        "Content-Length": "0",
        "Date": "Wed, 11 Oct 2023 21:22:07 GMT",
        "User-Agent": "azsdk-java-azure-storage-blob/12.25.0-beta.1 (17.0.8.1; Windows 11; 10.0)",
        "x-ms-client-request-id": "630adfbd-635d-49df-9a09-f9e29a51f251",
        "x-ms-version": "2023-08-03"
      },
      "RequestBody": null,
      "StatusCode": 202,
      "ResponseHeaders": {
        "Content-Length": "0",
        "Date": "Wed, 11 Oct 2023 21:22:06 GMT",
        "Server": [
          "Windows-Azure-Blob/1.0",
          "Microsoft-HTTPAPI/2.0"
        ],
        "x-ms-client-request-id": "630adfbd-635d-49df-9a09-f9e29a51f251",
        "x-ms-delete-type-permanent": "false",
        "x-ms-request-id": "850da884-801e-0030-1a88-fc830e000000",
        "x-ms-version": "2023-08-03"
      },
      "ResponseBody": null
    },
    {
      "RequestUri": "https://REDACTED/4204c3081listblobshieroptionsdeleted2ad2120883c7eb8e2?restype=container\u0026comp=list\u0026prefix=4204c308\u0026delimiter=\u0026include=deleted",
      "RequestMethod": "GET",
      "RequestHeaders": {
        "Accept": "application/xml",
        "Authorization": "Sanitized",
        "Content-Length": "0",
        "Date": "Wed, 11 Oct 2023 21:22:07 GMT",
        "User-Agent": "azsdk-java-azure-storage-blob/12.25.0-beta.1 (17.0.8.1; Windows 11; 10.0)",
        "x-ms-client-request-id": "1e701734-7c53-4263-b2cf-b97373ec29be",
        "x-ms-version": "2023-08-03"
      },
      "RequestBody": null,
      "StatusCode": 200,
      "ResponseHeaders": {
        "Content-Type": "application/xml",
        "Date": "Wed, 11 Oct 2023 21:22:06 GMT",
        "Server": [
          "Windows-Azure-Blob/1.0",
          "Microsoft-HTTPAPI/2.0"
        ],
        "Transfer-Encoding": "chunked",
        "x-ms-client-request-id": "1e701734-7c53-4263-b2cf-b97373ec29be",
        "x-ms-request-id": "850da8d6-801e-0030-6588-fc830e000000",
        "x-ms-version": "2023-08-03"
      },
      "ResponseBody": "\uFEFF\u003C?xml version=\u00221.0\u0022 encoding=\u0022utf-8\u0022?\u003E\u003CEnumerationResults ServiceEndpoint=\u0022https://sftdlt0c144d546aa34dc5.blob.core.windows.net/\u0022 ContainerName=\u00224204c3081listblobshieroptionsdeleted2ad2120883c7eb8e2\u0022\u003E\u003CPrefix\u003E4204c308\u003C/Prefix\u003E\u003CBlobs\u003E\u003CBlob\u003E\u003CName\u003E4204c3082listblobshieroptionsdeleted2ad4473377cd3f8d5\u003C/Name\u003E\u003CDeleted\u003Etrue\u003C/Deleted\u003E\u003CProperties\u003E\u003CCreation-Time\u003EWed, 11 Oct 2023 21:22:07 GMT\u003C/Creation-Time\u003E\u003CLast-Modified\u003EWed, 11 Oct 2023 21:22:07 GMT\u003C/Last-Modified\u003E\u003CEtag\u003E0x8DBCAA01F43E8A9\u003C/Etag\u003E\u003CContent-Length\u003E7\u003C/Content-Length\u003E\u003CContent-Type\u003Eapplication/octet-stream\u003C/Content-Type\u003E\u003CContent-Encoding /\u003E\u003CContent-Language /\u003E\u003CContent-CRC64 /\u003E\u003CContent-MD5\u003Ewh\u002BWm18D0z1D4E\u002BPE252gg==\u003C/Content-MD5\u003E\u003CCache-Control /\u003E\u003CContent-Disposition /\u003E\u003CBlobType\u003EBlockBlob\u003C/BlobType\u003E\u003CAccessTier\u003EHot\u003C/AccessTier\u003E\u003CAccessTierInferred\u003Etrue\u003C/AccessTierInferred\u003E\u003CServerEncrypted\u003Etrue\u003C/ServerEncrypted\u003E\u003CDeletedTime\u003EWed, 11 Oct 2023 21:22:07 GMT\u003C/DeletedTime\u003E\u003CRemainingRetentionDays\u003E0\u003C/RemainingRetentionDays\u003E\u003C/Properties\u003E\u003COrMetadata /\u003E\u003C/Blob\u003E\u003C/Blobs\u003E\u003CNextMarker /\u003E\u003C/EnumerationResults\u003E"
    },
    {
      "RequestUri": "https://REDACTED/4204c3081listblobshieroptionsdeleted2ad2120883c7eb8e2?restype=container",
      "RequestMethod": "DELETE",
      "RequestHeaders": {
        "Accept": "application/xml",
        "Authorization": "Sanitized",
        "Content-Length": "0",
        "Date": "Wed, 11 Oct 2023 21:22:08 GMT",
        "User-Agent": "azsdk-java-azure-storage-blob/12.25.0-beta.1 (17.0.8.1; Windows 11; 10.0)",
        "x-ms-client-request-id": "451ea565-bbce-4d96-8d0c-36544e699ffc",
        "x-ms-version": "2023-08-03"
      },
      "RequestBody": null,
      "StatusCode": 202,
      "ResponseHeaders": {
        "Content-Length": "0",
        "Date": "Wed, 11 Oct 2023 21:22:07 GMT",
        "Server": [
          "Windows-Azure-Blob/1.0",
          "Microsoft-HTTPAPI/2.0"
        ],
        "x-ms-client-request-id": "451ea565-bbce-4d96-8d0c-36544e699ffc",
        "x-ms-request-id": "850daa33-801e-0030-2d88-fc830e000000",
        "x-ms-version": "2023-08-03"
      },
      "ResponseBody": null
    }
  ],
  "Variables": {
    "0": "4204c3080listblobshieroptionsdeleted2ad28980bb992865b",
    "1": "4204c3081listblobshieroptionsdeleted2ad2120883c7eb8e2",
    "2": "4204c3082listblobshieroptionsdeleted2ad4473377cd3f8d5"
  }
}
