{
  "Entries": [
    {
      "RequestUri": "https://REDACTED/2227a2c10undeletee9403509d76e08ddf16b4adda6e?restype=container",
      "RequestMethod": "PUT",
      "RequestHeaders": {
        "Accept": "application/xml",
        "Authorization": "Sanitized",
        "Content-Length": "0",
        "Date": "Thu, 12 Oct 2023 14:28:47 GMT",
        "User-Agent": "azsdk-java-azure-storage-blob/12.25.0-beta.1 (17.0.8.1; Windows 11; 10.0)",
        "x-ms-client-request-id": "96b290f8-48e2-4e52-a7f0-f36247f2cec4",
        "x-ms-version": "2023-08-03"
      },
      "RequestBody": null,
      "StatusCode": 201,
      "ResponseHeaders": {
        "Content-Length": "0",
        "Date": "Thu, 12 Oct 2023 14:28:47 GMT",
        "ETag": "\u00220x8DBCB2F8BB5509A\u0022",
        "Last-Modified": "Thu, 12 Oct 2023 14:28:47 GMT",
        "Server": [
          "Windows-Azure-Blob/1.0",
          "Microsoft-HTTPAPI/2.0"
        ],
        "x-ms-client-request-id": "96b290f8-48e2-4e52-a7f0-f36247f2cec4",
        "x-ms-request-id": "9107d0df-f01e-002f-2c18-fdc77a000000",
        "x-ms-version": "2023-08-03"
      },
      "ResponseBody": null
    },
    {
      "RequestUri": "https://REDACTED/2227a2c11undeletee9407427d398da1f097a4730a86?restype=container",
      "RequestMethod": "PUT",
      "RequestHeaders": {
        "Accept": "application/xml",
        "Authorization": "Sanitized",
        "Content-Length": "0",
        "Date": "Thu, 12 Oct 2023 14:28:47 GMT",
        "User-Agent": "azsdk-java-azure-storage-blob/12.25.0-beta.1 (17.0.8.1; Windows 11; 10.0)",
        "x-ms-client-request-id": "2756146f-48f7-433f-9932-c3b69c55f2aa",
        "x-ms-version": "2023-08-03"
      },
      "RequestBody": null,
      "StatusCode": 201,
      "ResponseHeaders": {
        "Content-Length": "0",
        "Date": "Thu, 12 Oct 2023 14:28:46 GMT",
        "ETag": "\u00220x8DBCB2F8BBE82E3\u0022",
        "Last-Modified": "Thu, 12 Oct 2023 14:28:47 GMT",
        "Server": [
          "Windows-Azure-Blob/1.0",
          "Microsoft-HTTPAPI/2.0"
        ],
        "x-ms-client-request-id": "2756146f-48f7-433f-9932-c3b69c55f2aa",
        "x-ms-request-id": "d35bd3a2-401e-003e-4f18-fd6f9f000000",
        "x-ms-version": "2023-08-03"
      },
      "ResponseBody": null
    },
    {
      "RequestUri": "https://REDACTED/2227a2c11undeletee9407427d398da1f097a4730a86/2227a2c12undeletee94018029701f2b689b64793962",
      "RequestMethod": "PUT",
      "RequestHeaders": {
        "Accept": "application/xml",
        "Authorization": "Sanitized",
        "Content-Length": "7",
        "Content-Type": "application/octet-stream",
        "Date": "Thu, 12 Oct 2023 14:28:47 GMT",
        "If-None-Match": "*",
        "User-Agent": "azsdk-java-azure-storage-blob/12.25.0-beta.1 (17.0.8.1; Windows 11; 10.0)",
        "x-ms-blob-type": "BlockBlob",
        "x-ms-client-request-id": "fcbe9836-3bd7-4ff0-8589-3c7199652bd6",
        "x-ms-version": "2023-08-03"
      },
      "RequestBody": "ZGVmYXVsdA==",
      "StatusCode": 201,
      "ResponseHeaders": {
        "Content-Length": "0",
        "Content-MD5": "wh\u002BWm18D0z1D4E\u002BPE252gg==",
        "Date": "Thu, 12 Oct 2023 14:28:46 GMT",
        "ETag": "\u00220x8DBCB2F8BC3D0BC\u0022",
        "Last-Modified": "Thu, 12 Oct 2023 14:28:47 GMT",
        "Server": [
          "Windows-Azure-Blob/1.0",
          "Microsoft-HTTPAPI/2.0"
        ],
        "x-ms-client-request-id": "fcbe9836-3bd7-4ff0-8589-3c7199652bd6",
        "x-ms-content-crc64": "6RYQPwaVsyQ=",
        "x-ms-request-id": "d35bd3bd-401e-003e-6818-fd6f9f000000",
        "x-ms-request-server-encrypted": "true",
        "x-ms-version": "2023-08-03"
      },
      "ResponseBody": null
    },
    {
      "RequestUri": "https://REDACTED/2227a2c11undeletee9407427d398da1f097a4730a86/2227a2c12undeletee94018029701f2b689b64793962",
      "RequestMethod": "DELETE",
      "RequestHeaders": {
        "Accept": "application/xml",
        "Authorization": "Sanitized",
        "Content-Length": "0",
        "Date": "Thu, 12 Oct 2023 14:28:47 GMT",
        "User-Agent": "azsdk-java-azure-storage-blob/12.25.0-beta.1 (17.0.8.1; Windows 11; 10.0)",
        "x-ms-client-request-id": "e43d83fb-a377-4a17-b9f7-b3910f4bbcc0",
        "x-ms-version": "2023-08-03"
      },
      "RequestBody": null,
      "StatusCode": 202,
      "ResponseHeaders": {
        "Content-Length": "0",
        "Date": "Thu, 12 Oct 2023 14:28:46 GMT",
        "Server": [
          "Windows-Azure-Blob/1.0",
          "Microsoft-HTTPAPI/2.0"
        ],
        "x-ms-client-request-id": "e43d83fb-a377-4a17-b9f7-b3910f4bbcc0",
        "x-ms-delete-type-permanent": "false",
        "x-ms-request-id": "d35bd3db-401e-003e-0518-fd6f9f000000",
        "x-ms-version": "2023-08-03"
      },
      "ResponseBody": null
    },
    {
      "RequestUri": "https://REDACTED/2227a2c11undeletee9407427d398da1f097a4730a86/2227a2c12undeletee94018029701f2b689b64793962?comp=undelete",
      "RequestMethod": "PUT",
      "RequestHeaders": {
        "Accept": "application/xml",
        "Authorization": "Sanitized",
        "Content-Length": "0",
        "Date": "Thu, 12 Oct 2023 14:28:47 GMT",
        "User-Agent": "azsdk-java-azure-storage-blob/12.25.0-beta.1 (17.0.8.1; Windows 11; 10.0)",
        "x-ms-client-request-id": "595e761b-e2d7-4625-9a26-f8a4f4bccf07",
        "x-ms-version": "2023-08-03"
      },
      "RequestBody": null,
      "StatusCode": 200,
      "ResponseHeaders": {
        "Content-Length": "0",
        "Date": "Thu, 12 Oct 2023 14:28:46 GMT",
        "Server": [
          "Windows-Azure-Blob/1.0",
          "Microsoft-HTTPAPI/2.0"
        ],
        "x-ms-client-request-id": "595e761b-e2d7-4625-9a26-f8a4f4bccf07",
        "x-ms-request-id": "d35bd3f2-401e-003e-1c18-fd6f9f000000",
        "x-ms-version": "2023-08-03"
      },
      "ResponseBody": null
    },
    {
      "RequestUri": "https://REDACTED/2227a2c11undeletee9407427d398da1f097a4730a86/2227a2c12undeletee94018029701f2b689b64793962",
      "RequestMethod": "HEAD",
      "RequestHeaders": {
        "Accept": "application/xml",
        "Authorization": "Sanitized",
        "Content-Length": "0",
        "Date": "Thu, 12 Oct 2023 14:28:47 GMT",
        "User-Agent": "azsdk-java-azure-storage-blob/12.25.0-beta.1 (17.0.8.1; Windows 11; 10.0)",
        "x-ms-client-request-id": "f34e357e-ad9c-48d4-81a0-c1cea1b9800b",
        "x-ms-version": "2023-08-03"
      },
      "RequestBody": null,
      "StatusCode": 200,
      "ResponseHeaders": {
        "Accept-Ranges": "bytes",
        "Content-Length": "7",
        "Content-MD5": "wh\u002BWm18D0z1D4E\u002BPE252gg==",
        "Content-Type": "application/octet-stream",
        "Date": "Thu, 12 Oct 2023 14:28:46 GMT",
        "ETag": "\u00220x8DBCB2F8BC3D0BC\u0022",
        "Last-Modified": "Thu, 12 Oct 2023 14:28:47 GMT",
        "Server": [
          "Windows-Azure-Blob/1.0",
          "Microsoft-HTTPAPI/2.0"
        ],
        "x-ms-access-tier": "Hot",
        "x-ms-access-tier-inferred": "true",
        "x-ms-blob-type": "BlockBlob",
        "x-ms-client-request-id": "f34e357e-ad9c-48d4-81a0-c1cea1b9800b",
        "x-ms-creation-time": "Thu, 12 Oct 2023 14:28:47 GMT",
        "x-ms-lease-state": "available",
        "x-ms-lease-status": "unlocked",
        "x-ms-request-id": "d35bd401-401e-003e-2a18-fd6f9f000000",
        "x-ms-server-encrypted": "true",
        "x-ms-version": "2023-08-03"
      },
      "ResponseBody": null
    },
    {
      "RequestUri": "https://REDACTED/2227a2c11undeletee9407427d398da1f097a4730a86?restype=container",
      "RequestMethod": "DELETE",
      "RequestHeaders": {
        "Accept": "application/xml",
        "Authorization": "Sanitized",
        "Content-Length": "0",
        "Date": "Thu, 12 Oct 2023 14:28:47 GMT",
        "User-Agent": "azsdk-java-azure-storage-blob/12.25.0-beta.1 (17.0.8.1; Windows 11; 10.0)",
        "x-ms-client-request-id": "a997fb0d-969c-4c62-8239-3a98f1e4a669",
        "x-ms-version": "2023-08-03"
      },
      "RequestBody": null,
      "StatusCode": 202,
      "ResponseHeaders": {
        "Content-Length": "0",
        "Date": "Thu, 12 Oct 2023 14:28:46 GMT",
        "Server": [
          "Windows-Azure-Blob/1.0",
          "Microsoft-HTTPAPI/2.0"
        ],
        "x-ms-client-request-id": "a997fb0d-969c-4c62-8239-3a98f1e4a669",
        "x-ms-request-id": "d35bd414-401e-003e-3b18-fd6f9f000000",
        "x-ms-version": "2023-08-03"
      },
      "ResponseBody": null
    }
  ],
  "Variables": {
    "0": "2227a2c10undeletee9403509d76e08ddf16b4adda6e",
    "1": "2227a2c11undeletee9407427d398da1f097a4730a86",
    "2": "2227a2c12undeletee94018029701f2b689b64793962"
  }
}
