{
  "Entries": [
    {
      "RequestUri": "https://REDACTED/3060cc650undeletemin3033445913de7e9dde8f4998b?restype=container",
      "RequestMethod": "PUT",
      "RequestHeaders": {
        "Accept": "application/xml",
        "Authorization": "Sanitized",
        "Content-Length": "0",
        "Date": "Thu, 12 Oct 2023 16:47:19 GMT",
        "User-Agent": "azsdk-java-azure-storage-blob/12.25.0-beta.1 (17.0.8.1; Windows 11; 10.0)",
        "x-ms-client-request-id": "149f3833-49e3-4c85-8090-01003c54954b",
        "x-ms-version": "2023-08-03"
      },
      "RequestBody": null,
      "StatusCode": 201,
      "ResponseHeaders": {
        "Content-Length": "0",
        "Date": "Thu, 12 Oct 2023 16:47:18 GMT",
        "ETag": "\u00220x8DBCB42E674A20B\u0022",
        "Last-Modified": "Thu, 12 Oct 2023 16:47:19 GMT",
        "Server": [
          "Windows-Azure-Blob/1.0",
          "Microsoft-HTTPAPI/2.0"
        ],
        "x-ms-client-request-id": "149f3833-49e3-4c85-8090-01003c54954b",
        "x-ms-request-id": "3d457976-b01e-005c-422b-fd9fe9000000",
        "x-ms-version": "2023-08-03"
      },
      "ResponseBody": null
    },
    {
      "RequestUri": "https://REDACTED/3060cc651undeletemin30351597f74dfbc7dcf647f59?restype=container",
      "RequestMethod": "PUT",
      "RequestHeaders": {
        "Accept": "application/xml",
        "Authorization": "Sanitized",
        "Content-Length": "0",
        "Date": "Thu, 12 Oct 2023 16:47:19 GMT",
        "User-Agent": "azsdk-java-azure-storage-blob/12.25.0-beta.1 (17.0.8.1; Windows 11; 10.0)",
        "x-ms-client-request-id": "ab1b34ec-4b38-4b34-b077-e2c8fc0d2f9f",
        "x-ms-version": "2023-08-03"
      },
      "RequestBody": null,
      "StatusCode": 201,
      "ResponseHeaders": {
        "Content-Length": "0",
        "Date": "Thu, 12 Oct 2023 16:47:19 GMT",
        "ETag": "\u00220x8DBCB42E6791AFC\u0022",
        "Last-Modified": "Thu, 12 Oct 2023 16:47:19 GMT",
        "Server": [
          "Windows-Azure-Blob/1.0",
          "Microsoft-HTTPAPI/2.0"
        ],
        "x-ms-client-request-id": "ab1b34ec-4b38-4b34-b077-e2c8fc0d2f9f",
        "x-ms-request-id": "1244e0c8-701e-0025-6e2b-fd519c000000",
        "x-ms-version": "2023-08-03"
      },
      "ResponseBody": null
    },
    {
      "RequestUri": "https://REDACTED/3060cc651undeletemin30351597f74dfbc7dcf647f59/3060cc652undeletemin30352076f65a7735e6ce41949",
      "RequestMethod": "PUT",
      "RequestHeaders": {
        "Accept": "application/xml",
        "Authorization": "Sanitized",
        "Content-Length": "7",
        "Content-Type": "application/octet-stream",
        "Date": "Thu, 12 Oct 2023 16:47:19 GMT",
        "If-None-Match": "*",
        "User-Agent": "azsdk-java-azure-storage-blob/12.25.0-beta.1 (17.0.8.1; Windows 11; 10.0)",
        "x-ms-blob-type": "BlockBlob",
        "x-ms-client-request-id": "268fe1ad-cbca-4751-8d62-712502858bd1",
        "x-ms-version": "2023-08-03"
      },
      "RequestBody": "ZGVmYXVsdA==",
      "StatusCode": 201,
      "ResponseHeaders": {
        "Content-Length": "0",
        "Content-MD5": "wh\u002BWm18D0z1D4E\u002BPE252gg==",
        "Date": "Thu, 12 Oct 2023 16:47:19 GMT",
        "ETag": "\u00220x8DBCB42E67D969F\u0022",
        "Last-Modified": "Thu, 12 Oct 2023 16:47:19 GMT",
        "Server": [
          "Windows-Azure-Blob/1.0",
          "Microsoft-HTTPAPI/2.0"
        ],
        "x-ms-client-request-id": "268fe1ad-cbca-4751-8d62-712502858bd1",
        "x-ms-content-crc64": "6RYQPwaVsyQ=",
        "x-ms-request-id": "1244e0d4-701e-0025-792b-fd519c000000",
        "x-ms-request-server-encrypted": "true",
        "x-ms-version": "2023-08-03"
      },
      "ResponseBody": null
    },
    {
      "RequestUri": "https://REDACTED/3060cc651undeletemin30351597f74dfbc7dcf647f59/3060cc652undeletemin30352076f65a7735e6ce41949",
      "RequestMethod": "DELETE",
      "RequestHeaders": {
        "Accept": "application/xml",
        "Authorization": "Sanitized",
        "Content-Length": "0",
        "Date": "Thu, 12 Oct 2023 16:47:19 GMT",
        "User-Agent": "azsdk-java-azure-storage-blob/12.25.0-beta.1 (17.0.8.1; Windows 11; 10.0)",
        "x-ms-client-request-id": "4a56e8ba-188d-4b7b-ba34-09ff7b3c3229",
        "x-ms-version": "2023-08-03"
      },
      "RequestBody": null,
      "StatusCode": 202,
      "ResponseHeaders": {
        "Content-Length": "0",
        "Date": "Thu, 12 Oct 2023 16:47:19 GMT",
        "Server": [
          "Windows-Azure-Blob/1.0",
          "Microsoft-HTTPAPI/2.0"
        ],
        "x-ms-client-request-id": "4a56e8ba-188d-4b7b-ba34-09ff7b3c3229",
        "x-ms-delete-type-permanent": "false",
        "x-ms-request-id": "1244e0f8-701e-0025-1c2b-fd519c000000",
        "x-ms-version": "2023-08-03"
      },
      "ResponseBody": null
    },
    {
      "RequestUri": "https://REDACTED/3060cc651undeletemin30351597f74dfbc7dcf647f59/3060cc652undeletemin30352076f65a7735e6ce41949?comp=undelete",
      "RequestMethod": "PUT",
      "RequestHeaders": {
        "Accept": "application/xml",
        "Authorization": "Sanitized",
        "Content-Length": "0",
        "Date": "Thu, 12 Oct 2023 16:47:19 GMT",
        "User-Agent": "azsdk-java-azure-storage-blob/12.25.0-beta.1 (17.0.8.1; Windows 11; 10.0)",
        "x-ms-client-request-id": "8d20adb5-06c6-4829-875f-b2d7c43ec90b",
        "x-ms-version": "2023-08-03"
      },
      "RequestBody": null,
      "StatusCode": 200,
      "ResponseHeaders": {
        "Content-Length": "0",
        "Date": "Thu, 12 Oct 2023 16:47:19 GMT",
        "Server": [
          "Windows-Azure-Blob/1.0",
          "Microsoft-HTTPAPI/2.0"
        ],
        "x-ms-client-request-id": "8d20adb5-06c6-4829-875f-b2d7c43ec90b",
        "x-ms-request-id": "1244e10c-701e-0025-302b-fd519c000000",
        "x-ms-version": "2023-08-03"
      },
      "ResponseBody": null
    },
    {
      "RequestUri": "https://REDACTED/3060cc651undeletemin30351597f74dfbc7dcf647f59?restype=container",
      "RequestMethod": "DELETE",
      "RequestHeaders": {
        "Accept": "application/xml",
        "Authorization": "Sanitized",
        "Content-Length": "0",
        "Date": "Thu, 12 Oct 2023 16:47:19 GMT",
        "User-Agent": "azsdk-java-azure-storage-blob/12.25.0-beta.1 (17.0.8.1; Windows 11; 10.0)",
        "x-ms-client-request-id": "505e8efa-84a9-4311-9222-e8a02114d1b6",
        "x-ms-version": "2023-08-03"
      },
      "RequestBody": null,
      "StatusCode": 202,
      "ResponseHeaders": {
        "Content-Length": "0",
        "Date": "Thu, 12 Oct 2023 16:47:19 GMT",
        "Server": [
          "Windows-Azure-Blob/1.0",
          "Microsoft-HTTPAPI/2.0"
        ],
        "x-ms-client-request-id": "505e8efa-84a9-4311-9222-e8a02114d1b6",
        "x-ms-request-id": "1244e120-701e-0025-412b-fd519c000000",
        "x-ms-version": "2023-08-03"
      },
      "ResponseBody": null
    }
  ],
  "Variables": {
    "0": "3060cc650undeletemin3033445913de7e9dde8f4998b",
    "1": "3060cc651undeletemin30351597f74dfbc7dcf647f59",
    "2": "3060cc652undeletemin30352076f65a7735e6ce41949"
  }
}
