{
  "Entries": [
    {
      "RequestUri": "https://REDACTED/08ff35840readcallstoclientcorrectly6ee13441f3894d7d5b?restype=container",
      "RequestMethod": "PUT",
      "RequestHeaders": {
        "Accept": "application/xml",
        "Authorization": "Sanitized",
        "Content-Length": "0",
        "Date": "Mon, 11 Dec 2023 19:09:29 GMT",
        "User-Agent": "azsdk-java-azure-storage-blob/12.26.0-beta.1 (17.0.8; Windows 11; 10.0)",
        "x-ms-client-request-id": "dc56cb4d-6161-4438-9572-38a03a0328dc",
        "x-ms-version": "2024-02-04"
      },
      "RequestBody": null,
      "StatusCode": 201,
      "ResponseHeaders": {
        "Content-Length": "0",
        "Date": "Mon, 11 Dec 2023 19:09:32 GMT",
        "ETag": "\u00220x8DBFA7CB5D8DE6E\u0022",
        "Last-Modified": "Mon, 11 Dec 2023 19:09:33 GMT",
        "Server": [
          "Windows-Azure-Blob/1.0",
          "Microsoft-HTTPAPI/2.0"
        ],
        "x-ms-client-request-id": "dc56cb4d-6161-4438-9572-38a03a0328dc",
        "x-ms-request-id": "3cbc3601-701e-009f-2f65-2cdb64000000",
        "x-ms-version": "2024-02-04"
      },
      "ResponseBody": null
    },
    {
      "RequestUri": "https://REDACTED/08ff35840readcallstoclientcorrectly6ee13441f3894d7d5b?restype=container",
      "RequestMethod": "PUT",
      "RequestHeaders": {
        "Accept": "application/xml",
        "Authorization": "Sanitized",
        "Content-Length": "0",
        "Date": "Mon, 11 Dec 2023 19:09:30 GMT",
        "User-Agent": "azsdk-java-azure-storage-blob/12.26.0-beta.1 (17.0.8; Windows 11; 10.0)",
        "x-ms-client-request-id": "d1870eb3-7f66-4921-9cb3-38afffa18a19",
        "x-ms-version": "2024-02-04"
      },
      "RequestBody": null,
      "StatusCode": 409,
      "ResponseHeaders": {
        "Content-Length": "230",
        "Content-Type": "application/xml",
        "Date": "Mon, 11 Dec 2023 19:09:32 GMT",
        "Server": [
          "Windows-Azure-Blob/1.0",
          "Microsoft-HTTPAPI/2.0"
        ],
        "x-ms-client-request-id": "d1870eb3-7f66-4921-9cb3-38afffa18a19",
        "x-ms-error-code": "ContainerAlreadyExists",
        "x-ms-request-id": "3cbc366f-701e-009f-1565-2cdb64000000",
        "x-ms-version": "2024-02-04"
      },
      "ResponseBody": [
        "\uFEFF\u003C?xml version=\u00221.0\u0022 encoding=\u0022utf-8\u0022?\u003E\u003CError\u003E\u003CCode\u003EContainerAlreadyExists\u003C/Code\u003E\u003CMessage\u003EThe specified container already exists.\n",
        "RequestId:3cbc366f-701e-009f-1565-2cdb64000000\n",
        "Time:2023-12-11T19:09:33.7754149Z\u003C/Message\u003E\u003C/Error\u003E"
      ]
    },
    {
      "RequestUri": "https://REDACTED/08ff35840readcallstoclientcorrectly6ee13441f3894d7d5b?restype=container",
      "RequestMethod": "DELETE",
      "RequestHeaders": {
        "Accept": "application/xml",
        "Authorization": "Sanitized",
        "Content-Length": "0",
        "Date": "Mon, 11 Dec 2023 19:09:30 GMT",
        "User-Agent": "azsdk-java-azure-storage-blob/12.26.0-beta.1 (17.0.8; Windows 11; 10.0)",
        "x-ms-client-request-id": "d3928394-a6c0-4711-ad6e-0501a18c06fd",
        "x-ms-version": "2024-02-04"
      },
      "RequestBody": null,
      "StatusCode": 202,
      "ResponseHeaders": {
        "Content-Length": "0",
        "Date": "Mon, 11 Dec 2023 19:09:33 GMT",
        "Server": [
          "Windows-Azure-Blob/1.0",
          "Microsoft-HTTPAPI/2.0"
        ],
        "x-ms-client-request-id": "d3928394-a6c0-4711-ad6e-0501a18c06fd",
        "x-ms-request-id": "c5fc5da4-d01e-0072-6965-2c9029000000",
        "x-ms-version": "2024-02-04"
      },
      "ResponseBody": null
    }
  ],
  "Variables": {
    "0": "08ff35840readcallstoclientcorrectly6ee13441f3894d7d5b",
    "1": "08ff35841readcallstoclientcorrectly6ee118171717ac5f84",
    "2": "08ff35842readcallstoclientcorrectly6ee64543e2afacb3cb",
    "3": "08ff35843readcallstoclientcorrectly6ee470210c6db0d22e"
  }
}
