{
  "Entries": [
    {
      "RequestUri": "https://REDACTED/4189aeaf0deleteblobbyversionusingaccountsastoken0bd4277699b?restype=container",
      "RequestMethod": "PUT",
      "RequestHeaders": {
        "Accept": "application/xml",
        "Authorization": "Sanitized",
        "Content-Length": "0",
        "Date": "Mon, 11 Dec 2023 19:12:14 GMT",
        "User-Agent": "azsdk-java-azure-storage-blob/12.26.0-beta.1 (17.0.8; Windows 11; 10.0)",
        "x-ms-client-request-id": "b437ba61-8e89-485b-a66b-e49194886e33",
        "x-ms-version": "2024-02-04"
      },
      "RequestBody": null,
      "StatusCode": 201,
      "ResponseHeaders": {
        "Content-Length": "0",
        "Date": "Mon, 11 Dec 2023 19:12:17 GMT",
        "ETag": "\u00220x8DBFA7D182C9C38\u0022",
        "Last-Modified": "Mon, 11 Dec 2023 19:12:18 GMT",
        "Server": [
          "Windows-Azure-Blob/1.0",
          "Microsoft-HTTPAPI/2.0"
        ],
        "x-ms-client-request-id": "b437ba61-8e89-485b-a66b-e49194886e33",
        "x-ms-request-id": "20ed5e49-f01e-0007-0365-2cfb05000000",
        "x-ms-version": "2024-02-04"
      },
      "ResponseBody": null
    },
    {
      "RequestUri": "https://REDACTED/4189aeaf0deleteblobbyversionusingaccountsastoken0bd4277699b?restype=container",
      "RequestMethod": "PUT",
      "RequestHeaders": {
        "Accept": "application/xml",
        "Authorization": "Sanitized",
        "Content-Length": "0",
        "Date": "Mon, 11 Dec 2023 19:12:15 GMT",
        "User-Agent": "azsdk-java-azure-storage-blob/12.26.0-beta.1 (17.0.8; Windows 11; 10.0)",
        "x-ms-client-request-id": "cea2fd3b-1523-4861-bbd6-6baa524aa792",
        "x-ms-version": "2024-02-04"
      },
      "RequestBody": null,
      "StatusCode": 409,
      "ResponseHeaders": {
        "Content-Length": "230",
        "Content-Type": "application/xml",
        "Date": "Mon, 11 Dec 2023 19:12:17 GMT",
        "Server": [
          "Windows-Azure-Blob/1.0",
          "Microsoft-HTTPAPI/2.0"
        ],
        "x-ms-client-request-id": "cea2fd3b-1523-4861-bbd6-6baa524aa792",
        "x-ms-error-code": "ContainerAlreadyExists",
        "x-ms-request-id": "20ed5ec0-f01e-0007-6e65-2cfb05000000",
        "x-ms-version": "2024-02-04"
      },
      "ResponseBody": [
        "\uFEFF\u003C?xml version=\u00221.0\u0022 encoding=\u0022utf-8\u0022?\u003E\u003CError\u003E\u003CCode\u003EContainerAlreadyExists\u003C/Code\u003E\u003CMessage\u003EThe specified container already exists.\n",
        "RequestId:20ed5ec0-f01e-0007-6e65-2cfb05000000\n",
        "Time:2023-12-11T19:12:18.7349431Z\u003C/Message\u003E\u003C/Error\u003E"
      ]
    },
    {
      "RequestUri": "https://REDACTED/4189aeaf2deleteblobbyversionusingaccountsastoken0bd98265cab?restype=container",
      "RequestMethod": "PUT",
      "RequestHeaders": {
        "Accept": "application/xml",
        "Authorization": "Sanitized",
        "Content-Length": "0",
        "Date": "Mon, 11 Dec 2023 19:12:15 GMT",
        "User-Agent": "azsdk-java-azure-storage-blob/12.26.0-beta.1 (17.0.8; Windows 11; 10.0)",
        "x-ms-client-request-id": "c6e90a4f-726d-4291-8adc-6e791e5512bd",
        "x-ms-version": "2024-02-04"
      },
      "RequestBody": null,
      "StatusCode": 201,
      "ResponseHeaders": {
        "Content-Length": "0",
        "Date": "Mon, 11 Dec 2023 19:12:18 GMT",
        "ETag": "\u00220x8DBFA7D18512422\u0022",
        "Last-Modified": "Mon, 11 Dec 2023 19:12:18 GMT",
        "Server": [
          "Windows-Azure-Blob/1.0",
          "Microsoft-HTTPAPI/2.0"
        ],
        "x-ms-client-request-id": "c6e90a4f-726d-4291-8adc-6e791e5512bd",
        "x-ms-request-id": "66cdf60e-501e-0008-4a65-2cfb5a000000",
        "x-ms-version": "2024-02-04"
      },
      "ResponseBody": null
    },
    {
      "RequestUri": "https://REDACTED/4189aeaf2deleteblobbyversionusingaccountsastoken0bd98265cab/4189aeaf1deleteblobbyversionusingaccountsastoken0bd300212fa",
      "RequestMethod": "PUT",
      "RequestHeaders": {
        "Accept": "application/xml",
        "Authorization": "Sanitized",
        "Content-Length": "9",
        "Content-Type": "application/octet-stream",
        "Date": "Mon, 11 Dec 2023 19:12:15 GMT",
        "If-None-Match": "*",
        "User-Agent": "azsdk-java-azure-storage-blob/12.26.0-beta.1 (17.0.8; Windows 11; 10.0)",
        "x-ms-blob-type": "BlockBlob",
        "x-ms-client-request-id": "163be7df-1623-43a9-bab3-ecc032766877",
        "x-ms-version": "2024-02-04"
      },
      "RequestBody": "Y29udGVudFYx",
      "StatusCode": 201,
      "ResponseHeaders": {
        "Content-Length": "0",
        "Content-MD5": "YG5vQuFUmxmlD0AjZQJsiw==",
        "Date": "Mon, 11 Dec 2023 19:12:18 GMT",
        "ETag": "\u00220x8DBFA7D186E592C\u0022",
        "Last-Modified": "Mon, 11 Dec 2023 19:12:19 GMT",
        "Server": [
          "Windows-Azure-Blob/1.0",
          "Microsoft-HTTPAPI/2.0"
        ],
        "x-ms-client-request-id": "163be7df-1623-43a9-bab3-ecc032766877",
        "x-ms-content-crc64": "ywr9rMi7xR4=",
        "x-ms-request-id": "66cdf6e3-501e-0008-0265-2cfb5a000000",
        "x-ms-request-server-encrypted": "true",
        "x-ms-version": "2024-02-04",
        "x-ms-version-id": "2023-12-11T19:12:19.0798124Z"
      },
      "ResponseBody": null
    },
    {
      "RequestUri": "https://REDACTED/4189aeaf2deleteblobbyversionusingaccountsastoken0bd98265cab/4189aeaf1deleteblobbyversionusingaccountsastoken0bd300212fa",
      "RequestMethod": "PUT",
      "RequestHeaders": {
        "Accept": "application/xml",
        "Authorization": "Sanitized",
        "Content-Length": "9",
        "Content-Type": "application/octet-stream",
        "Date": "Mon, 11 Dec 2023 19:12:15 GMT",
        "User-Agent": "azsdk-java-azure-storage-blob/12.26.0-beta.1 (17.0.8; Windows 11; 10.0)",
        "x-ms-blob-type": "BlockBlob",
        "x-ms-client-request-id": "d5add67c-e689-4072-a7fa-e6a1415c2534",
        "x-ms-version": "2024-02-04"
      },
      "RequestBody": "Y29udGVudFYy",
      "StatusCode": 201,
      "ResponseHeaders": {
        "Content-Length": "0",
        "Content-MD5": "kmALmZ1m8z4vpHwTIxFP4g==",
        "Date": "Mon, 11 Dec 2023 19:12:18 GMT",
        "ETag": "\u00220x8DBFA7D187C533B\u0022",
        "Last-Modified": "Mon, 11 Dec 2023 19:12:19 GMT",
        "Server": [
          "Windows-Azure-Blob/1.0",
          "Microsoft-HTTPAPI/2.0"
        ],
        "x-ms-client-request-id": "d5add67c-e689-4072-a7fa-e6a1415c2534",
        "x-ms-content-crc64": "QJGj/JCqdp8=",
        "x-ms-request-id": "66cdf74d-501e-0008-5b65-2cfb5a000000",
        "x-ms-request-server-encrypted": "true",
        "x-ms-version": "2024-02-04",
        "x-ms-version-id": "2023-12-11T19:12:19.1724059Z"
      },
      "ResponseBody": null
    },
    {
      "RequestUri": "https://REDACTED/4189aeaf2deleteblobbyversionusingaccountsastoken0bd98265cab/4189aeaf1deleteblobbyversionusingaccountsastoken0bd300212fa?versionid=2023-12-11T19%3A12%3A19.0798124Z\u0026sv=2024-02-04\u0026ss=b\u0026srt=o\u0026se=2023-12-12T19%3A12%3A15Z\u0026sp=x\u0026REDACTED",
      "RequestMethod": "DELETE",
      "RequestHeaders": {
        "Accept": "application/xml",
        "Content-Length": "0",
        "Date": "Mon, 11 Dec 2023 19:12:15 GMT",
        "User-Agent": "azsdk-java-azure-storage-blob/12.26.0-beta.1 (17.0.8; Windows 11; 10.0)",
        "x-ms-client-request-id": "be54fffb-dd06-485d-91ff-d80987da310e",
        "x-ms-version": "2024-02-04"
      },
      "RequestBody": null,
      "StatusCode": 202,
      "ResponseHeaders": {
        "Content-Length": "0",
        "Date": "Mon, 11 Dec 2023 19:12:18 GMT",
        "Server": [
          "Windows-Azure-Blob/1.0",
          "Microsoft-HTTPAPI/2.0"
        ],
        "x-ms-client-request-id": "be54fffb-dd06-485d-91ff-d80987da310e",
        "x-ms-delete-type-permanent": "false",
        "x-ms-request-id": "66cdf7b9-501e-0008-3565-2cfb5a000000",
        "x-ms-version": "2024-02-04"
      },
      "ResponseBody": null
    },
    {
      "RequestUri": "https://REDACTED/4189aeaf2deleteblobbyversionusingaccountsastoken0bd98265cab/4189aeaf1deleteblobbyversionusingaccountsastoken0bd300212fa?versionid=2023-12-11T19%3A12%3A19.0798124Z",
      "RequestMethod": "HEAD",
      "RequestHeaders": {
        "Accept": "application/xml",
        "Authorization": "Sanitized",
        "Content-Length": "0",
        "Date": "Mon, 11 Dec 2023 19:12:15 GMT",
        "User-Agent": "azsdk-java-azure-storage-blob/12.26.0-beta.1 (17.0.8; Windows 11; 10.0)",
        "x-ms-client-request-id": "47e3f7a1-6859-4755-84fd-fcca95c96c51",
        "x-ms-version": "2024-02-04"
      },
      "RequestBody": null,
      "StatusCode": 404,
      "ResponseHeaders": {
        "Date": "Mon, 11 Dec 2023 19:12:18 GMT",
        "Server": [
          "Windows-Azure-Blob/1.0",
          "Microsoft-HTTPAPI/2.0"
        ],
        "Transfer-Encoding": "chunked",
        "x-ms-client-request-id": "47e3f7a1-6859-4755-84fd-fcca95c96c51",
        "x-ms-error-code": "BlobNotFound",
        "x-ms-is-soft-deleted": "true",
        "x-ms-request-id": "66cdf80b-501e-0008-0365-2cfb5a000000",
        "x-ms-version": "2024-02-04"
      },
      "ResponseBody": null
    },
    {
      "RequestUri": "https://REDACTED/4189aeaf2deleteblobbyversionusingaccountsastoken0bd98265cab/4189aeaf1deleteblobbyversionusingaccountsastoken0bd300212fa?versionid=2023-12-11T19%3A12%3A19.1724059Z",
      "RequestMethod": "HEAD",
      "RequestHeaders": {
        "Accept": "application/xml",
        "Authorization": "Sanitized",
        "Content-Length": "0",
        "Date": "Mon, 11 Dec 2023 19:12:15 GMT",
        "User-Agent": "azsdk-java-azure-storage-blob/12.26.0-beta.1 (17.0.8; Windows 11; 10.0)",
        "x-ms-client-request-id": "7eabc7aa-ebfd-4e51-b398-150578d285e3",
        "x-ms-version": "2024-02-04"
      },
      "RequestBody": null,
      "StatusCode": 200,
      "ResponseHeaders": {
        "Accept-Ranges": "bytes",
        "Content-Length": "9",
        "Content-MD5": "kmALmZ1m8z4vpHwTIxFP4g==",
        "Content-Type": "application/octet-stream",
        "Date": "Mon, 11 Dec 2023 19:12:18 GMT",
        "ETag": "\u00220x8DBFA7D187C533B\u0022",
        "Last-Modified": "Mon, 11 Dec 2023 19:12:19 GMT",
        "Server": [
          "Windows-Azure-Blob/1.0",
          "Microsoft-HTTPAPI/2.0"
        ],
        "x-ms-access-tier": "Hot",
        "x-ms-access-tier-inferred": "true",
        "x-ms-blob-type": "BlockBlob",
        "x-ms-client-request-id": "7eabc7aa-ebfd-4e51-b398-150578d285e3",
        "x-ms-creation-time": "Mon, 11 Dec 2023 19:12:19 GMT",
        "x-ms-is-current-version": "true",
        "x-ms-request-id": "66cdf862-501e-0008-4f65-2cfb5a000000",
        "x-ms-server-encrypted": "true",
        "x-ms-version": "2024-02-04",
        "x-ms-version-id": "2023-12-11T19:12:19.1724059Z"
      },
      "ResponseBody": null
    },
    {
      "RequestUri": "https://REDACTED/4189aeaf2deleteblobbyversionusingaccountsastoken0bd98265cab?restype=container",
      "RequestMethod": "DELETE",
      "RequestHeaders": {
        "Accept": "application/xml",
        "Authorization": "Sanitized",
        "Content-Length": "0",
        "Date": "Mon, 11 Dec 2023 19:12:15 GMT",
        "User-Agent": "azsdk-java-azure-storage-blob/12.26.0-beta.1 (17.0.8; Windows 11; 10.0)",
        "x-ms-client-request-id": "2af3da11-2e55-4e66-b906-7461e4a914dd",
        "x-ms-version": "2024-02-04"
      },
      "RequestBody": null,
      "StatusCode": 202,
      "ResponseHeaders": {
        "Content-Length": "0",
        "Date": "Mon, 11 Dec 2023 19:12:19 GMT",
        "Server": [
          "Windows-Azure-Blob/1.0",
          "Microsoft-HTTPAPI/2.0"
        ],
        "x-ms-client-request-id": "2af3da11-2e55-4e66-b906-7461e4a914dd",
        "x-ms-request-id": "66cdf8bd-501e-0008-2465-2cfb5a000000",
        "x-ms-version": "2024-02-04"
      },
      "ResponseBody": null
    }
  ],
  "Variables": {
    "0": "4189aeaf0deleteblobbyversionusingaccountsastoken0bd4277699b",
    "1": "4189aeaf1deleteblobbyversionusingaccountsastoken0bd300212fa",
    "2": "4189aeaf2deleteblobbyversionusingaccountsastoken0bd98265cab",
    "3": "2023-12-11T19:12:15.547644400Z"
  }
}
