{
  "Entries": [
    {
      "RequestUri": "https://REDACTED/7f4556030deleteblobbyversionusingcontainersastoken17962849ca?restype=container",
      "RequestMethod": "PUT",
      "RequestHeaders": {
        "Accept": "application/xml",
        "Authorization": "Sanitized",
        "Content-Length": "0",
        "Date": "Tue, 26 Sep 2023 06:11:59 GMT",
        "User-Agent": "azsdk-java-azure-storage-blob/12.25.0-beta.1 (11.0.16.1; Windows 11; 10.0)",
        "x-ms-client-request-id": "ef199299-69f1-445e-aac7-88e0a039263d",
        "x-ms-version": "2023-08-03"
      },
      "RequestBody": null,
      "StatusCode": 201,
      "ResponseHeaders": {
        "Content-Length": "0",
        "Date": "Tue, 26 Sep 2023 06:12:00 GMT",
        "ETag": "\u00220x8DBBE577F275BD6\u0022",
        "Last-Modified": "Tue, 26 Sep 2023 06:12:00 GMT",
        "Server": [
          "Windows-Azure-Blob/1.0",
          "Microsoft-HTTPAPI/2.0"
        ],
        "x-ms-client-request-id": "ef199299-69f1-445e-aac7-88e0a039263d",
        "x-ms-request-id": "8fd7eca5-d01e-0002-6640-f02f3a000000",
        "x-ms-version": "2023-08-03"
      },
      "ResponseBody": null
    },
    {
      "RequestUri": "https://REDACTED/7f4556032deleteblobbyversionusingcontainersastoken1795872177?restype=container",
      "RequestMethod": "PUT",
      "RequestHeaders": {
        "Accept": "application/xml",
        "Authorization": "Sanitized",
        "Content-Length": "0",
        "Date": "Tue, 26 Sep 2023 06:11:59 GMT",
        "User-Agent": "azsdk-java-azure-storage-blob/12.25.0-beta.1 (11.0.16.1; Windows 11; 10.0)",
        "x-ms-client-request-id": "dbcd743d-5569-43f6-b753-2d34690d0d24",
        "x-ms-version": "2023-08-03"
      },
      "RequestBody": null,
      "StatusCode": 201,
      "ResponseHeaders": {
        "Content-Length": "0",
        "Date": "Tue, 26 Sep 2023 06:12:00 GMT",
        "ETag": "\u00220x8DBBE577F37619F\u0022",
        "Last-Modified": "Tue, 26 Sep 2023 06:12:00 GMT",
        "Server": [
          "Windows-Azure-Blob/1.0",
          "Microsoft-HTTPAPI/2.0"
        ],
        "x-ms-client-request-id": "dbcd743d-5569-43f6-b753-2d34690d0d24",
        "x-ms-request-id": "62cfdd0b-401e-000d-4a40-f0b766000000",
        "x-ms-version": "2023-08-03"
      },
      "ResponseBody": null
    },
    {
      "RequestUri": "https://REDACTED/7f4556032deleteblobbyversionusingcontainersastoken1795872177/7f4556031deleteblobbyversionusingcontainersastoken1796353227",
      "RequestMethod": "PUT",
      "RequestHeaders": {
        "Accept": "application/xml",
        "Authorization": "Sanitized",
        "Content-Length": "9",
        "Content-Type": "application/octet-stream",
        "Date": "Tue, 26 Sep 2023 06:11:59 GMT",
        "If-None-Match": "*",
        "User-Agent": "azsdk-java-azure-storage-blob/12.25.0-beta.1 (11.0.16.1; Windows 11; 10.0)",
        "x-ms-blob-type": "BlockBlob",
        "x-ms-client-request-id": "40b59b89-b7b8-4688-925a-173804a05666",
        "x-ms-version": "2023-08-03"
      },
      "RequestBody": "Y29udGVudFYx",
      "StatusCode": 201,
      "ResponseHeaders": {
        "Content-Length": "0",
        "Content-MD5": "YG5vQuFUmxmlD0AjZQJsiw==",
        "Date": "Tue, 26 Sep 2023 06:12:00 GMT",
        "ETag": "\u00220x8DBBE577F46AC4E\u0022",
        "Last-Modified": "Tue, 26 Sep 2023 06:12:00 GMT",
        "Server": [
          "Windows-Azure-Blob/1.0",
          "Microsoft-HTTPAPI/2.0"
        ],
        "x-ms-client-request-id": "40b59b89-b7b8-4688-925a-173804a05666",
        "x-ms-content-crc64": "ywr9rMi7xR4=",
        "x-ms-request-id": "a51f693e-a01e-0005-2340-f0ad69000000",
        "x-ms-request-server-encrypted": "true",
        "x-ms-version": "2023-08-03",
        "x-ms-version-id": "2023-09-26T06:12:00.9827406Z"
      },
      "ResponseBody": null
    },
    {
      "RequestUri": "https://REDACTED/7f4556032deleteblobbyversionusingcontainersastoken1795872177/7f4556031deleteblobbyversionusingcontainersastoken1796353227",
      "RequestMethod": "PUT",
      "RequestHeaders": {
        "Accept": "application/xml",
        "Authorization": "Sanitized",
        "Content-Length": "9",
        "Content-Type": "application/octet-stream",
        "Date": "Tue, 26 Sep 2023 06:12:00 GMT",
        "User-Agent": "azsdk-java-azure-storage-blob/12.25.0-beta.1 (11.0.16.1; Windows 11; 10.0)",
        "x-ms-blob-type": "BlockBlob",
        "x-ms-client-request-id": "055cb248-3d6e-484d-be64-f1b6d19f6c70",
        "x-ms-version": "2023-08-03"
      },
      "RequestBody": "Y29udGVudFYy",
      "StatusCode": 201,
      "ResponseHeaders": {
        "Content-Length": "0",
        "Content-MD5": "kmALmZ1m8z4vpHwTIxFP4g==",
        "Date": "Tue, 26 Sep 2023 06:12:00 GMT",
        "ETag": "\u00220x8DBBE577F5ACD91\u0022",
        "Last-Modified": "Tue, 26 Sep 2023 06:12:01 GMT",
        "Server": [
          "Windows-Azure-Blob/1.0",
          "Microsoft-HTTPAPI/2.0"
        ],
        "x-ms-client-request-id": "055cb248-3d6e-484d-be64-f1b6d19f6c70",
        "x-ms-content-crc64": "QJGj/JCqdp8=",
        "x-ms-request-id": "aaeebc25-d01e-006d-3640-f0cbf9000000",
        "x-ms-request-server-encrypted": "true",
        "x-ms-version": "2023-08-03",
        "x-ms-version-id": "2023-09-26T06:12:01.1156641Z"
      },
      "ResponseBody": null
    },
    {
      "RequestUri": "https://REDACTED/7f4556032deleteblobbyversionusingcontainersastoken1795872177/7f4556031deleteblobbyversionusingcontainersastoken1796353227?versionid=2023-09-26T06%3A12%3A00.9827406Z\u0026sv=2023-08-03\u0026se=2023-09-27T06%3A12%3A00Z\u0026sr=c\u0026sp=x\u0026REDACTED",
      "RequestMethod": "DELETE",
      "RequestHeaders": {
        "Accept": "application/xml",
        "Content-Length": "0",
        "Date": "Tue, 26 Sep 2023 06:12:00 GMT",
        "User-Agent": "azsdk-java-azure-storage-blob/12.25.0-beta.1 (11.0.16.1; Windows 11; 10.0)",
        "x-ms-client-request-id": "f865a2ff-a77f-4aae-8655-d4d64b1a85d0",
        "x-ms-version": "2023-08-03"
      },
      "RequestBody": null,
      "StatusCode": 202,
      "ResponseHeaders": {
        "Content-Length": "0",
        "Date": "Tue, 26 Sep 2023 06:12:00 GMT",
        "Server": [
          "Windows-Azure-Blob/1.0",
          "Microsoft-HTTPAPI/2.0"
        ],
        "x-ms-client-request-id": "f865a2ff-a77f-4aae-8655-d4d64b1a85d0",
        "x-ms-delete-type-permanent": "false",
        "x-ms-request-id": "aaeebcd1-d01e-006d-5440-f0cbf9000000",
        "x-ms-version": "2023-08-03"
      },
      "ResponseBody": null
    },
    {
      "RequestUri": "https://REDACTED/7f4556032deleteblobbyversionusingcontainersastoken1795872177/7f4556031deleteblobbyversionusingcontainersastoken1796353227?versionid=2023-09-26T06%3A12%3A00.9827406Z",
      "RequestMethod": "HEAD",
      "RequestHeaders": {
        "Accept": "application/xml",
        "Authorization": "Sanitized",
        "Content-Length": "0",
        "Date": "Tue, 26 Sep 2023 06:12:00 GMT",
        "User-Agent": "azsdk-java-azure-storage-blob/12.25.0-beta.1 (11.0.16.1; Windows 11; 10.0)",
        "x-ms-client-request-id": "4318c691-fc8a-4f40-86b3-6ad0306e8be3",
        "x-ms-version": "2023-08-03"
      },
      "RequestBody": null,
      "StatusCode": 404,
      "ResponseHeaders": {
        "Date": "Tue, 26 Sep 2023 06:12:00 GMT",
        "Server": [
          "Windows-Azure-Blob/1.0",
          "Microsoft-HTTPAPI/2.0"
        ],
        "Transfer-Encoding": "chunked",
        "x-ms-client-request-id": "4318c691-fc8a-4f40-86b3-6ad0306e8be3",
        "x-ms-error-code": "BlobNotFound",
        "x-ms-is-soft-deleted": "true",
        "x-ms-request-id": "a51f6afc-a01e-0005-2940-f0ad69000000",
        "x-ms-version": "2023-08-03"
      },
      "ResponseBody": null
    },
    {
      "RequestUri": "https://REDACTED/7f4556032deleteblobbyversionusingcontainersastoken1795872177/7f4556031deleteblobbyversionusingcontainersastoken1796353227?versionid=2023-09-26T06%3A12%3A01.1156641Z",
      "RequestMethod": "HEAD",
      "RequestHeaders": {
        "Accept": "application/xml",
        "Authorization": "Sanitized",
        "Content-Length": "0",
        "Date": "Tue, 26 Sep 2023 06:12:00 GMT",
        "User-Agent": "azsdk-java-azure-storage-blob/12.25.0-beta.1 (11.0.16.1; Windows 11; 10.0)",
        "x-ms-client-request-id": "1e0749cb-6ff7-469f-9c76-b647d401781a",
        "x-ms-version": "2023-08-03"
      },
      "RequestBody": null,
      "StatusCode": 200,
      "ResponseHeaders": {
        "Accept-Ranges": "bytes",
        "Content-Length": "9",
        "Content-MD5": "kmALmZ1m8z4vpHwTIxFP4g==",
        "Content-Type": "application/octet-stream",
        "Date": "Tue, 26 Sep 2023 06:12:00 GMT",
        "ETag": "\u00220x8DBBE577F5ACD91\u0022",
        "Last-Modified": "Tue, 26 Sep 2023 06:12:01 GMT",
        "Server": [
          "Windows-Azure-Blob/1.0",
          "Microsoft-HTTPAPI/2.0"
        ],
        "x-ms-access-tier": "Hot",
        "x-ms-access-tier-inferred": "true",
        "x-ms-blob-type": "BlockBlob",
        "x-ms-client-request-id": "1e0749cb-6ff7-469f-9c76-b647d401781a",
        "x-ms-creation-time": "Tue, 26 Sep 2023 06:12:01 GMT",
        "x-ms-is-current-version": "true",
        "x-ms-request-id": "a51f6b49-a01e-0005-6b40-f0ad69000000",
        "x-ms-server-encrypted": "true",
        "x-ms-version": "2023-08-03",
        "x-ms-version-id": "2023-09-26T06:12:01.1156641Z"
      },
      "ResponseBody": null
    },
    {
      "RequestUri": "https://REDACTED/7f4556032deleteblobbyversionusingcontainersastoken1795872177?restype=container",
      "RequestMethod": "DELETE",
      "RequestHeaders": {
        "Accept": "application/xml",
        "Authorization": "Sanitized",
        "Content-Length": "0",
        "Date": "Tue, 26 Sep 2023 06:12:00 GMT",
        "User-Agent": "azsdk-java-azure-storage-blob/12.25.0-beta.1 (11.0.16.1; Windows 11; 10.0)",
        "x-ms-client-request-id": "bf9e933f-2c07-4014-a4bf-2207ec276008",
        "x-ms-version": "2023-08-03"
      },
      "RequestBody": null,
      "StatusCode": 202,
      "ResponseHeaders": {
        "Content-Length": "0",
        "Date": "Tue, 26 Sep 2023 06:12:00 GMT",
        "Server": [
          "Windows-Azure-Blob/1.0",
          "Microsoft-HTTPAPI/2.0"
        ],
        "x-ms-client-request-id": "bf9e933f-2c07-4014-a4bf-2207ec276008",
        "x-ms-request-id": "a51f6b95-a01e-0005-3040-f0ad69000000",
        "x-ms-version": "2023-08-03"
      },
      "ResponseBody": null
    }
  ],
  "Variables": {
    "0": "7f4556030deleteblobbyversionusingcontainersastoken17962849ca",
    "1": "7f4556031deleteblobbyversionusingcontainersastoken1796353227",
    "2": "7f4556032deleteblobbyversionusingcontainersastoken1795872177",
    "3": "2023-09-26T06:12:00.212507100Z"
  }
}
