{
  "Entries": [
    {
      "RequestUri": "https://REDACTED/bdd75bb10createpageblobwithversion92f7033178f5b6a9b8?restype=container",
      "RequestMethod": "PUT",
      "RequestHeaders": {
        "Accept": "application/xml",
        "Authorization": "Sanitized",
        "Content-Length": "0",
        "Date": "Tue, 03 Oct 2023 22:54:20 GMT",
        "User-Agent": "azsdk-java-azure-storage-blob/12.25.0-beta.1 (11.0.16.1; Windows 11; 10.0)",
        "x-ms-client-request-id": "bd6efa02-6a1f-4672-b131-43d3a3740683",
        "x-ms-version": "2023-08-03"
      },
      "RequestBody": null,
      "StatusCode": 201,
      "ResponseHeaders": {
        "Content-Length": "0",
        "Date": "Tue, 03 Oct 2023 22:54:20 GMT",
        "ETag": "\u00220x8DBC463AE4B03FD\u0022",
        "Last-Modified": "Tue, 03 Oct 2023 22:54:20 GMT",
        "Server": [
          "Windows-Azure-Blob/1.0",
          "Microsoft-HTTPAPI/2.0"
        ],
        "x-ms-client-request-id": "bd6efa02-6a1f-4672-b131-43d3a3740683",
        "x-ms-request-id": "8463b15c-101e-0032-104c-f691f5000000",
        "x-ms-version": "2023-08-03"
      },
      "ResponseBody": null
    },
    {
      "RequestUri": "https://REDACTED/bdd75bb12createpageblobwithversion92f453328852ea573c?restype=container",
      "RequestMethod": "PUT",
      "RequestHeaders": {
        "Accept": "application/xml",
        "Authorization": "Sanitized",
        "Content-Length": "0",
        "Date": "Tue, 03 Oct 2023 22:54:20 GMT",
        "User-Agent": "azsdk-java-azure-storage-blob/12.25.0-beta.1 (11.0.16.1; Windows 11; 10.0)",
        "x-ms-client-request-id": "24c18adc-42d5-4139-bcb6-b1ab221c1f52",
        "x-ms-version": "2023-08-03"
      },
      "RequestBody": null,
      "StatusCode": 201,
      "ResponseHeaders": {
        "Content-Length": "0",
        "Date": "Tue, 03 Oct 2023 22:54:20 GMT",
        "ETag": "\u00220x8DBC463AE59A7DA\u0022",
        "Last-Modified": "Tue, 03 Oct 2023 22:54:20 GMT",
        "Server": [
          "Windows-Azure-Blob/1.0",
          "Microsoft-HTTPAPI/2.0"
        ],
        "x-ms-client-request-id": "24c18adc-42d5-4139-bcb6-b1ab221c1f52",
        "x-ms-request-id": "8463b1d4-101e-0032-024c-f691f5000000",
        "x-ms-version": "2023-08-03"
      },
      "ResponseBody": null
    },
    {
      "RequestUri": "https://REDACTED/bdd75bb12createpageblobwithversion92f453328852ea573c/bdd75bb11createpageblobwithversion92f1512793c2dc6dca",
      "RequestMethod": "PUT",
      "RequestHeaders": {
        "Accept": "application/xml",
        "Authorization": "Sanitized",
        "Content-Length": "0",
        "Date": "Tue, 03 Oct 2023 22:54:20 GMT",
        "If-None-Match": "*",
        "User-Agent": "azsdk-java-azure-storage-blob/12.25.0-beta.1 (11.0.16.1; Windows 11; 10.0)",
        "x-ms-blob-content-length": "512",
        "x-ms-blob-type": "PageBlob",
        "x-ms-client-request-id": "30ea00de-c620-463c-95a7-18ab1acffd9b",
        "x-ms-version": "2023-08-03"
      },
      "RequestBody": null,
      "StatusCode": 201,
      "ResponseHeaders": {
        "Content-Length": "0",
        "Date": "Tue, 03 Oct 2023 22:54:20 GMT",
        "ETag": "\u00220x8DBC463AE6B539B\u0022",
        "Last-Modified": "Tue, 03 Oct 2023 22:54:21 GMT",
        "Server": [
          "Windows-Azure-Blob/1.0",
          "Microsoft-HTTPAPI/2.0"
        ],
        "x-ms-client-request-id": "30ea00de-c620-463c-95a7-18ab1acffd9b",
        "x-ms-request-id": "62778919-e01e-00a0-3d4c-f61523000000",
        "x-ms-request-server-encrypted": "true",
        "x-ms-version": "2023-08-03",
        "x-ms-version-id": "2023-10-03T22:54:21.0132891Z"
      },
      "ResponseBody": null
    },
    {
      "RequestUri": "https://REDACTED/bdd75bb12createpageblobwithversion92f453328852ea573c/bdd75bb11createpageblobwithversion92f1512793c2dc6dca",
      "RequestMethod": "PUT",
      "RequestHeaders": {
        "Accept": "application/xml",
        "Authorization": "Sanitized",
        "Content-Length": "0",
        "Date": "Tue, 03 Oct 2023 22:54:20 GMT",
        "User-Agent": "azsdk-java-azure-storage-blob/12.25.0-beta.1 (11.0.16.1; Windows 11; 10.0)",
        "x-ms-blob-content-length": "512",
        "x-ms-blob-type": "PageBlob",
        "x-ms-client-request-id": "33fe08d9-46cf-4852-95e0-2ce6d00147e5",
        "x-ms-version": "2023-08-03"
      },
      "RequestBody": null,
      "StatusCode": 201,
      "ResponseHeaders": {
        "Content-Length": "0",
        "Date": "Tue, 03 Oct 2023 22:54:20 GMT",
        "ETag": "\u00220x8DBC463AE79F76B\u0022",
        "Last-Modified": "Tue, 03 Oct 2023 22:54:21 GMT",
        "Server": [
          "Windows-Azure-Blob/1.0",
          "Microsoft-HTTPAPI/2.0"
        ],
        "x-ms-client-request-id": "33fe08d9-46cf-4852-95e0-2ce6d00147e5",
        "x-ms-request-id": "6277896e-e01e-00a0-0d4c-f61523000000",
        "x-ms-request-server-encrypted": "true",
        "x-ms-version": "2023-08-03",
        "x-ms-version-id": "2023-10-03T22:54:21.1112321Z"
      },
      "ResponseBody": null
    },
    {
      "RequestUri": "https://REDACTED/bdd75bb12createpageblobwithversion92f453328852ea573c?restype=container",
      "RequestMethod": "DELETE",
      "RequestHeaders": {
        "Accept": "application/xml",
        "Authorization": "Sanitized",
        "Content-Length": "0",
        "Date": "Tue, 03 Oct 2023 22:54:20 GMT",
        "User-Agent": "azsdk-java-azure-storage-blob/12.25.0-beta.1 (11.0.16.1; Windows 11; 10.0)",
        "x-ms-client-request-id": "3c0acde8-460b-4f2e-aaff-ea1a170a6e30",
        "x-ms-version": "2023-08-03"
      },
      "RequestBody": null,
      "StatusCode": 202,
      "ResponseHeaders": {
        "Content-Length": "0",
        "Date": "Tue, 03 Oct 2023 22:54:20 GMT",
        "Server": [
          "Windows-Azure-Blob/1.0",
          "Microsoft-HTTPAPI/2.0"
        ],
        "x-ms-client-request-id": "3c0acde8-460b-4f2e-aaff-ea1a170a6e30",
        "x-ms-request-id": "6965f65b-f01e-0058-454c-f649dd000000",
        "x-ms-version": "2023-08-03"
      },
      "ResponseBody": null
    }
  ],
  "Variables": {
    "0": "bdd75bb10createpageblobwithversion92f7033178f5b6a9b8",
    "1": "bdd75bb11createpageblobwithversion92f1512793c2dc6dca",
    "2": "bdd75bb12createpageblobwithversion92f453328852ea573c"
  }
}
