{
  "Entries": [
    {
      "RequestUri": "https://REDACTED/29e90ae70donotlookforversionofsnapshot67902834e08afced?restype=container",
      "RequestMethod": "PUT",
      "RequestHeaders": {
        "Accept": "application/xml",
        "Authorization": "Sanitized",
        "Content-Length": "0",
        "Date": "Thu, 12 Oct 2023 14:28:53 GMT",
        "User-Agent": "azsdk-java-azure-storage-blob/12.25.0-beta.1 (17.0.8.1; Windows 11; 10.0)",
        "x-ms-client-request-id": "5a50598b-88c2-4e76-8281-a0537ed96b2f",
        "x-ms-version": "2023-08-03"
      },
      "RequestBody": null,
      "StatusCode": 201,
      "ResponseHeaders": {
        "Content-Length": "0",
        "Date": "Thu, 12 Oct 2023 14:28:53 GMT",
        "ETag": "\u00220x8DBCB2F8F622FCD\u0022",
        "Last-Modified": "Thu, 12 Oct 2023 14:28:53 GMT",
        "Server": [
          "Windows-Azure-Blob/1.0",
          "Microsoft-HTTPAPI/2.0"
        ],
        "x-ms-client-request-id": "5a50598b-88c2-4e76-8281-a0537ed96b2f",
        "x-ms-request-id": "35f07889-a01e-0022-7818-fd0fae000000",
        "x-ms-version": "2023-08-03"
      },
      "ResponseBody": null
    },
    {
      "RequestUri": "https://REDACTED/29e90ae72donotlookforversionofsnapshot6791154805b8a2cc?restype=container",
      "RequestMethod": "PUT",
      "RequestHeaders": {
        "Accept": "application/xml",
        "Authorization": "Sanitized",
        "Content-Length": "0",
        "Date": "Thu, 12 Oct 2023 14:28:53 GMT",
        "User-Agent": "azsdk-java-azure-storage-blob/12.25.0-beta.1 (17.0.8.1; Windows 11; 10.0)",
        "x-ms-client-request-id": "5a2b77b0-014d-4c4d-a5b8-fe7e9c298f04",
        "x-ms-version": "2023-08-03"
      },
      "RequestBody": null,
      "StatusCode": 201,
      "ResponseHeaders": {
        "Content-Length": "0",
        "Date": "Thu, 12 Oct 2023 14:28:53 GMT",
        "ETag": "\u00220x8DBCB2F8F660184\u0022",
        "Last-Modified": "Thu, 12 Oct 2023 14:28:53 GMT",
        "Server": [
          "Windows-Azure-Blob/1.0",
          "Microsoft-HTTPAPI/2.0"
        ],
        "x-ms-client-request-id": "5a2b77b0-014d-4c4d-a5b8-fe7e9c298f04",
        "x-ms-request-id": "4e5bf51b-701e-0021-0318-fdeeca000000",
        "x-ms-version": "2023-08-03"
      },
      "ResponseBody": null
    },
    {
      "RequestUri": "https://REDACTED/29e90ae72donotlookforversionofsnapshot6791154805b8a2cc/29e90ae71donotlookforversionofsnapshot679561117207658d",
      "RequestMethod": "PUT",
      "RequestHeaders": {
        "Accept": "application/xml",
        "Authorization": "Sanitized",
        "Content-Length": "7",
        "Content-Type": "application/octet-stream",
        "Date": "Thu, 12 Oct 2023 14:28:53 GMT",
        "If-None-Match": "*",
        "User-Agent": "azsdk-java-azure-storage-blob/12.25.0-beta.1 (17.0.8.1; Windows 11; 10.0)",
        "x-ms-blob-type": "BlockBlob",
        "x-ms-client-request-id": "a567cecc-6d3f-4de9-849a-eec0d61b339d",
        "x-ms-version": "2023-08-03"
      },
      "RequestBody": "ZGVmYXVsdA==",
      "StatusCode": 201,
      "ResponseHeaders": {
        "Content-Length": "0",
        "Content-MD5": "wh\u002BWm18D0z1D4E\u002BPE252gg==",
        "Date": "Thu, 12 Oct 2023 14:28:52 GMT",
        "ETag": "\u00220x8DBCB2F8F6AD749\u0022",
        "Last-Modified": "Thu, 12 Oct 2023 14:28:53 GMT",
        "Server": [
          "Windows-Azure-Blob/1.0",
          "Microsoft-HTTPAPI/2.0"
        ],
        "x-ms-client-request-id": "a567cecc-6d3f-4de9-849a-eec0d61b339d",
        "x-ms-content-crc64": "6RYQPwaVsyQ=",
        "x-ms-request-id": "9900ff71-c01e-0034-3a18-fdf979000000",
        "x-ms-request-server-encrypted": "true",
        "x-ms-version": "2023-08-03",
        "x-ms-version-id": "2023-10-12T14:28:53.3102409Z"
      },
      "ResponseBody": null
    },
    {
      "RequestUri": "https://REDACTED/29e90ae72donotlookforversionofsnapshot6791154805b8a2cc?restype=container",
      "RequestMethod": "DELETE",
      "RequestHeaders": {
        "Accept": "application/xml",
        "Authorization": "Sanitized",
        "Content-Length": "0",
        "Date": "Thu, 12 Oct 2023 14:28:53 GMT",
        "User-Agent": "azsdk-java-azure-storage-blob/12.25.0-beta.1 (17.0.8.1; Windows 11; 10.0)",
        "x-ms-client-request-id": "56b3ad16-c87a-4078-92e7-bda4f190fd7f",
        "x-ms-version": "2023-08-03"
      },
      "RequestBody": null,
      "StatusCode": 202,
      "ResponseHeaders": {
        "Content-Length": "0",
        "Date": "Thu, 12 Oct 2023 14:28:52 GMT",
        "Server": [
          "Windows-Azure-Blob/1.0",
          "Microsoft-HTTPAPI/2.0"
        ],
        "x-ms-client-request-id": "56b3ad16-c87a-4078-92e7-bda4f190fd7f",
        "x-ms-request-id": "9900ff81-c01e-0034-4918-fdf979000000",
        "x-ms-version": "2023-08-03"
      },
      "ResponseBody": null
    }
  ],
  "Variables": {
    "0": "29e90ae70donotlookforversionofsnapshot67902834e08afced",
    "1": "29e90ae71donotlookforversionofsnapshot679561117207658d",
    "2": "29e90ae72donotlookforversionofsnapshot6791154805b8a2cc"
  }
}
