{
  "Entries": [
    {
      "RequestUri": "https://REDACTED/71facc8d0downloadblobbyversionbinarydata34088242025d031?restype=container",
      "RequestMethod": "PUT",
      "RequestHeaders": {
        "Accept": "application/xml",
        "Authorization": "Sanitized",
        "Content-Length": "0",
        "Date": "Tue, 26 Nov 2024 20:11:05 GMT",
        "User-Agent": "azsdk-java-azure-storage-blob/12.30.0-beta.1 (21.0.2; Windows 11; 10.0)",
        "x-ms-client-request-id": "Sanitized",
        "x-ms-version": "2025-01-05"
      },
      "RequestBody": null,
      "StatusCode": 201,
      "ResponseHeaders": {
        "Content-Length": "0",
        "Date": "Tue, 26 Nov 2024 20:11:05 GMT",
        "ETag": "\"0x8DD0E56756FD753\"",
        "Last-Modified": "Tue, 26 Nov 2024 20:11:05 GMT",
        "Server": [
          "Windows-Azure-Blob/1.0",
          "Microsoft-HTTPAPI/2.0"
        ],
        "x-ms-client-request-id": "Sanitized",
        "x-ms-request-id": "Sanitized",
        "x-ms-version": "2025-01-05"
      },
      "ResponseBody": null
    },
    {
      "RequestUri": "https://REDACTED/71facc8d0downloadblobbyversionbinarydata34088242025d031?restype=container",
      "RequestMethod": "PUT",
      "RequestHeaders": {
        "Accept": "application/xml",
        "Authorization": "Sanitized",
        "Content-Length": "0",
        "Date": "Tue, 26 Nov 2024 20:11:05 GMT",
        "User-Agent": "azsdk-java-azure-storage-blob/12.30.0-beta.1 (21.0.2; Windows 11; 10.0)",
        "x-ms-client-request-id": "Sanitized",
        "x-ms-version": "2025-01-05"
      },
      "RequestBody": null,
      "StatusCode": 409,
      "ResponseHeaders": {
        "Content-Length": "230",
        "Content-Type": "application/xml",
        "Date": "Tue, 26 Nov 2024 20:11:05 GMT",
        "Server": [
          "Windows-Azure-Blob/1.0",
          "Microsoft-HTTPAPI/2.0"
        ],
        "x-ms-client-request-id": "Sanitized",
        "x-ms-error-code": "ContainerAlreadyExists",
        "x-ms-request-id": "Sanitized",
        "x-ms-version": "2025-01-05"
      },
      "ResponseBody": [
        "\uFEFF<?xml version=\"1.0\" encoding=\"utf-8\"?><Error><Code>ContainerAlreadyExists</Code><Message>The specified container already exists.\n",
        "RequestId:318eebc3-401e-000f-383f-4087f6000000\n",
        "Time:2024-11-26T20:11:05.7509455Z</Message></Error>"
      ]
    },
    {
      "RequestUri": "https://REDACTED/71facc8d2downloadblobbyversionbinarydata340763496f94619?restype=container",
      "RequestMethod": "PUT",
      "RequestHeaders": {
        "Accept": "application/xml",
        "Authorization": "Sanitized",
        "Content-Length": "0",
        "Date": "Tue, 26 Nov 2024 20:11:05 GMT",
        "User-Agent": "azsdk-java-azure-storage-blob/12.30.0-beta.1 (21.0.2; Windows 11; 10.0)",
        "x-ms-client-request-id": "Sanitized",
        "x-ms-version": "2025-01-05"
      },
      "RequestBody": null,
      "StatusCode": 201,
      "ResponseHeaders": {
        "Content-Length": "0",
        "Date": "Tue, 26 Nov 2024 20:11:06 GMT",
        "ETag": "\"0x8DD0E567589AAF2\"",
        "Last-Modified": "Tue, 26 Nov 2024 20:11:05 GMT",
        "Server": [
          "Windows-Azure-Blob/1.0",
          "Microsoft-HTTPAPI/2.0"
        ],
        "x-ms-client-request-id": "Sanitized",
        "x-ms-request-id": "Sanitized",
        "x-ms-version": "2025-01-05"
      },
      "ResponseBody": null
    },
    {
      "RequestUri": "https://REDACTED/71facc8d2downloadblobbyversionbinarydata340763496f94619/71facc8d1downloadblobbyversionbinarydata34008157083c54c",
      "RequestMethod": "PUT",
      "RequestHeaders": {
        "Accept": "application/xml",
        "Authorization": "Sanitized",
        "Content-Length": "9",
        "Content-Type": "application/octet-stream",
        "Date": "Tue, 26 Nov 2024 20:11:08 GMT",
        "If-None-Match": "*",
        "User-Agent": "azsdk-java-azure-storage-blob/12.30.0-beta.1 (21.0.2; Windows 11; 10.0)",
        "x-ms-blob-type": "BlockBlob",
        "x-ms-client-request-id": "Sanitized",
        "x-ms-version": "2025-01-05"
      },
      "RequestBody": "Y29udGVudFYx",
      "StatusCode": 201,
      "ResponseHeaders": {
        "Content-Length": "0",
        "Content-MD5": "YG5vQuFUmxmlD0AjZQJsiw==",
        "Date": "Tue, 26 Nov 2024 20:11:07 GMT",
        "ETag": "\"0x8DD0E5676C7F02C\"",
        "Last-Modified": "Tue, 26 Nov 2024 20:11:07 GMT",
        "Server": [
          "Windows-Azure-Blob/1.0",
          "Microsoft-HTTPAPI/2.0"
        ],
        "x-ms-client-request-id": "Sanitized",
        "x-ms-content-crc64": "ywr9rMi7xR4=",
        "x-ms-request-id": "Sanitized",
        "x-ms-request-server-encrypted": "true",
        "x-ms-version": "2025-01-05",
        "x-ms-version-id": "2024-11-26T20:11:07.9269420Z"
      },
      "ResponseBody": null
    },
    {
      "RequestUri": "https://REDACTED/71facc8d2downloadblobbyversionbinarydata340763496f94619/71facc8d1downloadblobbyversionbinarydata34008157083c54c",
      "RequestMethod": "PUT",
      "RequestHeaders": {
        "Accept": "application/xml",
        "Authorization": "Sanitized",
        "Content-Length": "9",
        "Content-Type": "application/octet-stream",
        "Date": "Tue, 26 Nov 2024 20:11:08 GMT",
        "User-Agent": "azsdk-java-azure-storage-blob/12.30.0-beta.1 (21.0.2; Windows 11; 10.0)",
        "x-ms-blob-type": "BlockBlob",
        "x-ms-client-request-id": "Sanitized",
        "x-ms-version": "2025-01-05"
      },
      "RequestBody": "Y29udGVudFYy",
      "StatusCode": 201,
      "ResponseHeaders": {
        "Content-Length": "0",
        "Content-MD5": "kmALmZ1m8z4vpHwTIxFP4g==",
        "Date": "Tue, 26 Nov 2024 20:11:07 GMT",
        "ETag": "\"0x8DD0E5676D4B300\"",
        "Last-Modified": "Tue, 26 Nov 2024 20:11:08 GMT",
        "Server": [
          "Windows-Azure-Blob/1.0",
          "Microsoft-HTTPAPI/2.0"
        ],
        "x-ms-client-request-id": "Sanitized",
        "x-ms-content-crc64": "QJGj/JCqdp8=",
        "x-ms-request-id": "Sanitized",
        "x-ms-request-server-encrypted": "true",
        "x-ms-version": "2025-01-05",
        "x-ms-version-id": "2024-11-26T20:11:08.0115728Z"
      },
      "ResponseBody": null
    },
    {
      "RequestUri": "https://REDACTED/71facc8d2downloadblobbyversionbinarydata340763496f94619/71facc8d1downloadblobbyversionbinarydata34008157083c54c?versionid=2024-11-26T20%3A11%3A07.9269420Z",
      "RequestMethod": "GET",
      "RequestHeaders": {
        "Accept": "application/xml",
        "Authorization": "Sanitized",
        "Content-Length": "0",
        "Date": "Tue, 26 Nov 2024 20:11:08 GMT",
        "User-Agent": "azsdk-java-azure-storage-blob/12.30.0-beta.1 (21.0.2; Windows 11; 10.0)",
        "x-ms-client-request-id": "Sanitized",
        "x-ms-version": "2025-01-05"
      },
      "RequestBody": null,
      "StatusCode": 200,
      "ResponseHeaders": {
        "Accept-Ranges": "bytes",
        "Content-Length": "9",
        "Content-MD5": "YG5vQuFUmxmlD0AjZQJsiw==",
        "Content-Type": "application/octet-stream",
        "Date": "Tue, 26 Nov 2024 20:11:07 GMT",
        "ETag": "\"0x8DD0E5676C7F02C\"",
        "Last-Modified": "Tue, 26 Nov 2024 20:11:07 GMT",
        "Server": [
          "Windows-Azure-Blob/1.0",
          "Microsoft-HTTPAPI/2.0"
        ],
        "x-ms-blob-type": "BlockBlob",
        "x-ms-client-request-id": "Sanitized",
        "x-ms-creation-time": "Tue, 26 Nov 2024 20:11:07 GMT",
        "x-ms-request-id": "Sanitized",
        "x-ms-server-encrypted": "true",
        "x-ms-version": "2025-01-05",
        "x-ms-version-id": "2024-11-26T20:11:07.9269420Z"
      },
      "ResponseBody": "Y29udGVudFYx"
    },
    {
      "RequestUri": "https://REDACTED/71facc8d2downloadblobbyversionbinarydata340763496f94619/71facc8d1downloadblobbyversionbinarydata34008157083c54c?versionid=2024-11-26T20%3A11%3A08.0115728Z",
      "RequestMethod": "GET",
      "RequestHeaders": {
        "Accept": "application/xml",
        "Authorization": "Sanitized",
        "Content-Length": "0",
        "Date": "Tue, 26 Nov 2024 20:11:08 GMT",
        "User-Agent": "azsdk-java-azure-storage-blob/12.30.0-beta.1 (21.0.2; Windows 11; 10.0)",
        "x-ms-client-request-id": "Sanitized",
        "x-ms-version": "2025-01-05"
      },
      "RequestBody": null,
      "StatusCode": 200,
      "ResponseHeaders": {
        "Accept-Ranges": "bytes",
        "Content-Length": "9",
        "Content-MD5": "kmALmZ1m8z4vpHwTIxFP4g==",
        "Content-Type": "application/octet-stream",
        "Date": "Tue, 26 Nov 2024 20:11:07 GMT",
        "ETag": "\"0x8DD0E5676D4B300\"",
        "Last-Modified": "Tue, 26 Nov 2024 20:11:08 GMT",
        "Server": [
          "Windows-Azure-Blob/1.0",
          "Microsoft-HTTPAPI/2.0"
        ],
        "x-ms-blob-type": "BlockBlob",
        "x-ms-client-request-id": "Sanitized",
        "x-ms-creation-time": "Tue, 26 Nov 2024 20:11:08 GMT",
        "x-ms-is-current-version": "true",
        "x-ms-request-id": "Sanitized",
        "x-ms-server-encrypted": "true",
        "x-ms-version": "2025-01-05",
        "x-ms-version-id": "2024-11-26T20:11:08.0115728Z"
      },
      "ResponseBody": "Y29udGVudFYy"
    },
    {
      "RequestUri": "https://REDACTED/71facc8d2downloadblobbyversionbinarydata340763496f94619?restype=container",
      "RequestMethod": "DELETE",
      "RequestHeaders": {
        "Accept": "application/xml",
        "Authorization": "Sanitized",
        "Content-Length": "0",
        "Date": "Tue, 26 Nov 2024 20:11:08 GMT",
        "User-Agent": "azsdk-java-azure-storage-blob/12.30.0-beta.1 (21.0.2; Windows 11; 10.0)",
        "x-ms-client-request-id": "Sanitized",
        "x-ms-version": "2025-01-05"
      },
      "RequestBody": null,
      "StatusCode": 202,
      "ResponseHeaders": {
        "Content-Length": "0",
        "Date": "Tue, 26 Nov 2024 20:11:07 GMT",
        "Server": [
          "Windows-Azure-Blob/1.0",
          "Microsoft-HTTPAPI/2.0"
        ],
        "x-ms-client-request-id": "Sanitized",
        "x-ms-request-id": "Sanitized",
        "x-ms-version": "2025-01-05"
      },
      "ResponseBody": null
    }
  ],
  "Variables": {
    "0": "71facc8d0downloadblobbyversionbinarydata34088242025d031",
    "1": "71facc8d1downloadblobbyversionbinarydata34008157083c54c",
    "2": "71facc8d2downloadblobbyversionbinarydata340763496f94619"
  }
}
