{
  "Entries": [
    {
      "RequestUri": "https://REDACTED/faa7b0c70deleteblobbyversion5c5002293553ae88f8bc4?restype=container",
      "RequestMethod": "PUT",
      "RequestHeaders": {
        "Accept": "application/xml",
        "Authorization": "Sanitized",
        "Content-Length": "0",
        "Date": "Mon, 08 Jan 2024 19:45:32 GMT",
        "User-Agent": "azsdk-java-azure-storage-blob/12.26.0-beta.1 (17.0.8; Windows 11; 10.0)",
        "x-ms-client-request-id": "86059be4-716d-442e-a3a7-5b0f8e2c6d97",
        "x-ms-version": "2024-02-04"
      },
      "RequestBody": null,
      "StatusCode": 201,
      "ResponseHeaders": {
        "Content-Length": "0",
        "Date": "Mon, 08 Jan 2024 19:45:43 GMT",
        "ETag": "\u00220x8DC1082669D20C4\u0022",
        "Last-Modified": "Mon, 08 Jan 2024 19:45:43 GMT",
        "Server": [
          "Windows-Azure-Blob/1.0",
          "Microsoft-HTTPAPI/2.0"
        ],
        "x-ms-client-request-id": "86059be4-716d-442e-a3a7-5b0f8e2c6d97",
        "x-ms-request-id": "f4a5f632-b01e-0006-446b-42a4d9000000",
        "x-ms-version": "2024-02-04"
      },
      "ResponseBody": null
    },
    {
      "RequestUri": "https://REDACTED/faa7b0c70deleteblobbyversion5c5002293553ae88f8bc4?restype=container",
      "RequestMethod": "PUT",
      "RequestHeaders": {
        "Accept": "application/xml",
        "Authorization": "Sanitized",
        "Content-Length": "0",
        "Date": "Mon, 08 Jan 2024 19:45:32 GMT",
        "User-Agent": "azsdk-java-azure-storage-blob/12.26.0-beta.1 (17.0.8; Windows 11; 10.0)",
        "x-ms-client-request-id": "d2a22db1-9c18-4e71-8a9d-372d1f802806",
        "x-ms-version": "2024-02-04"
      },
      "RequestBody": null,
      "StatusCode": 409,
      "ResponseHeaders": {
        "Content-Length": "230",
        "Content-Type": "application/xml",
        "Date": "Mon, 08 Jan 2024 19:45:43 GMT",
        "Server": [
          "Windows-Azure-Blob/1.0",
          "Microsoft-HTTPAPI/2.0"
        ],
        "x-ms-client-request-id": "d2a22db1-9c18-4e71-8a9d-372d1f802806",
        "x-ms-error-code": "ContainerAlreadyExists",
        "x-ms-request-id": "f4a5f6ca-b01e-0006-4d6b-42a4d9000000",
        "x-ms-version": "2024-02-04"
      },
      "ResponseBody": [
        "\uFEFF\u003C?xml version=\u00221.0\u0022 encoding=\u0022utf-8\u0022?\u003E\u003CError\u003E\u003CCode\u003EContainerAlreadyExists\u003C/Code\u003E\u003CMessage\u003EThe specified container already exists.\n",
        "RequestId:f4a5f6ca-b01e-0006-4d6b-42a4d9000000\n",
        "Time:2024-01-08T19:45:43.4193664Z\u003C/Message\u003E\u003C/Error\u003E"
      ]
    },
    {
      "RequestUri": "https://REDACTED/faa7b0c72deleteblobbyversion5c5308703ffb6b38f5a14?restype=container",
      "RequestMethod": "PUT",
      "RequestHeaders": {
        "Accept": "application/xml",
        "Authorization": "Sanitized",
        "Content-Length": "0",
        "Date": "Mon, 08 Jan 2024 19:45:32 GMT",
        "User-Agent": "azsdk-java-azure-storage-blob/12.26.0-beta.1 (17.0.8; Windows 11; 10.0)",
        "x-ms-client-request-id": "79527d69-8f2c-4564-8591-0650b4a82c5d",
        "x-ms-version": "2024-02-04"
      },
      "RequestBody": null,
      "StatusCode": 201,
      "ResponseHeaders": {
        "Content-Length": "0",
        "Date": "Mon, 08 Jan 2024 19:45:42 GMT",
        "ETag": "\u00220x8DC108266BBFD11\u0022",
        "Last-Modified": "Mon, 08 Jan 2024 19:45:43 GMT",
        "Server": [
          "Windows-Azure-Blob/1.0",
          "Microsoft-HTTPAPI/2.0"
        ],
        "x-ms-client-request-id": "79527d69-8f2c-4564-8591-0650b4a82c5d",
        "x-ms-request-id": "3c347b64-401e-003b-5c6b-42a4f1000000",
        "x-ms-version": "2024-02-04"
      },
      "ResponseBody": null
    },
    {
      "RequestUri": "https://REDACTED/faa7b0c72deleteblobbyversion5c5308703ffb6b38f5a14/faa7b0c71deleteblobbyversion5c5155474ff8d6f0b9e04",
      "RequestMethod": "PUT",
      "RequestHeaders": {
        "Accept": "application/xml",
        "Authorization": "Sanitized",
        "Content-Length": "9",
        "Content-Type": "application/octet-stream",
        "Date": "Mon, 08 Jan 2024 19:45:32 GMT",
        "If-None-Match": "*",
        "User-Agent": "azsdk-java-azure-storage-blob/12.26.0-beta.1 (17.0.8; Windows 11; 10.0)",
        "x-ms-blob-type": "BlockBlob",
        "x-ms-client-request-id": "32d1ae5f-f2aa-4597-a9e2-8ba4c86bba87",
        "x-ms-version": "2024-02-04"
      },
      "RequestBody": "Y29udGVudFYx",
      "StatusCode": 201,
      "ResponseHeaders": {
        "Content-Length": "0",
        "Content-MD5": "YG5vQuFUmxmlD0AjZQJsiw==",
        "Date": "Mon, 08 Jan 2024 19:45:43 GMT",
        "ETag": "\u00220x8DC108266CB4324\u0022",
        "Last-Modified": "Mon, 08 Jan 2024 19:45:43 GMT",
        "Server": [
          "Windows-Azure-Blob/1.0",
          "Microsoft-HTTPAPI/2.0"
        ],
        "x-ms-client-request-id": "32d1ae5f-f2aa-4597-a9e2-8ba4c86bba87",
        "x-ms-content-crc64": "ywr9rMi7xR4=",
        "x-ms-request-id": "3c347bc9-401e-003b-3a6b-42a4f1000000",
        "x-ms-request-server-encrypted": "true",
        "x-ms-version": "2024-02-04",
        "x-ms-version-id": "2024-01-08T19:45:43.6157732Z"
      },
      "ResponseBody": null
    },
    {
      "RequestUri": "https://REDACTED/faa7b0c72deleteblobbyversion5c5308703ffb6b38f5a14/faa7b0c71deleteblobbyversion5c5155474ff8d6f0b9e04",
      "RequestMethod": "PUT",
      "RequestHeaders": {
        "Accept": "application/xml",
        "Authorization": "Sanitized",
        "Content-Length": "9",
        "Content-Type": "application/octet-stream",
        "Date": "Mon, 08 Jan 2024 19:45:32 GMT",
        "User-Agent": "azsdk-java-azure-storage-blob/12.26.0-beta.1 (17.0.8; Windows 11; 10.0)",
        "x-ms-blob-type": "BlockBlob",
        "x-ms-client-request-id": "82cb46ad-059c-471b-9e1c-597924d529e9",
        "x-ms-version": "2024-02-04"
      },
      "RequestBody": "Y29udGVudFYy",
      "StatusCode": 201,
      "ResponseHeaders": {
        "Content-Length": "0",
        "Content-MD5": "kmALmZ1m8z4vpHwTIxFP4g==",
        "Date": "Mon, 08 Jan 2024 19:45:43 GMT",
        "ETag": "\u00220x8DC108266D8C883\u0022",
        "Last-Modified": "Mon, 08 Jan 2024 19:45:43 GMT",
        "Server": [
          "Windows-Azure-Blob/1.0",
          "Microsoft-HTTPAPI/2.0"
        ],
        "x-ms-client-request-id": "82cb46ad-059c-471b-9e1c-597924d529e9",
        "x-ms-content-crc64": "QJGj/JCqdp8=",
        "x-ms-request-id": "3c347c34-401e-003b-1f6b-42a4f1000000",
        "x-ms-request-server-encrypted": "true",
        "x-ms-version": "2024-02-04",
        "x-ms-version-id": "2024-01-08T19:45:43.7063801Z"
      },
      "ResponseBody": null
    },
    {
      "RequestUri": "https://REDACTED/faa7b0c72deleteblobbyversion5c5308703ffb6b38f5a14/faa7b0c71deleteblobbyversion5c5155474ff8d6f0b9e04?versionid=2024-01-08T19%3A45%3A43.6157732Z",
      "RequestMethod": "DELETE",
      "RequestHeaders": {
        "Accept": "application/xml",
        "Authorization": "Sanitized",
        "Content-Length": "0",
        "Date": "Mon, 08 Jan 2024 19:45:32 GMT",
        "User-Agent": "azsdk-java-azure-storage-blob/12.26.0-beta.1 (17.0.8; Windows 11; 10.0)",
        "x-ms-client-request-id": "7de8b173-21c9-44b2-868f-67458c10dcf1",
        "x-ms-version": "2024-02-04"
      },
      "RequestBody": null,
      "StatusCode": 202,
      "ResponseHeaders": {
        "Content-Length": "0",
        "Date": "Mon, 08 Jan 2024 19:45:43 GMT",
        "Server": [
          "Windows-Azure-Blob/1.0",
          "Microsoft-HTTPAPI/2.0"
        ],
        "x-ms-client-request-id": "7de8b173-21c9-44b2-868f-67458c10dcf1",
        "x-ms-delete-type-permanent": "false",
        "x-ms-request-id": "3c347c95-401e-003b-796b-42a4f1000000",
        "x-ms-version": "2024-02-04"
      },
      "ResponseBody": null
    },
    {
      "RequestUri": "https://REDACTED/faa7b0c72deleteblobbyversion5c5308703ffb6b38f5a14/faa7b0c71deleteblobbyversion5c5155474ff8d6f0b9e04?versionid=2024-01-08T19%3A45%3A43.6157732Z",
      "RequestMethod": "HEAD",
      "RequestHeaders": {
        "Accept": "application/xml",
        "Authorization": "Sanitized",
        "Content-Length": "0",
        "Date": "Mon, 08 Jan 2024 19:45:33 GMT",
        "User-Agent": "azsdk-java-azure-storage-blob/12.26.0-beta.1 (17.0.8; Windows 11; 10.0)",
        "x-ms-client-request-id": "413a2f55-54bb-4b2c-87ee-f90bdef35c83",
        "x-ms-version": "2024-02-04"
      },
      "RequestBody": null,
      "StatusCode": 404,
      "ResponseHeaders": {
        "Date": "Mon, 08 Jan 2024 19:45:43 GMT",
        "Server": [
          "Windows-Azure-Blob/1.0",
          "Microsoft-HTTPAPI/2.0"
        ],
        "Transfer-Encoding": "chunked",
        "x-ms-client-request-id": "413a2f55-54bb-4b2c-87ee-f90bdef35c83",
        "x-ms-error-code": "BlobNotFound",
        "x-ms-is-soft-deleted": "true",
        "x-ms-request-id": "3c347cee-401e-003b-4c6b-42a4f1000000",
        "x-ms-version": "2024-02-04"
      },
      "ResponseBody": null
    },
    {
      "RequestUri": "https://REDACTED/faa7b0c72deleteblobbyversion5c5308703ffb6b38f5a14/faa7b0c71deleteblobbyversion5c5155474ff8d6f0b9e04?versionid=2024-01-08T19%3A45%3A43.7063801Z",
      "RequestMethod": "HEAD",
      "RequestHeaders": {
        "Accept": "application/xml",
        "Authorization": "Sanitized",
        "Content-Length": "0",
        "Date": "Mon, 08 Jan 2024 19:45:33 GMT",
        "User-Agent": "azsdk-java-azure-storage-blob/12.26.0-beta.1 (17.0.8; Windows 11; 10.0)",
        "x-ms-client-request-id": "c7bdd9eb-8038-4c9d-bd34-416509a3fba8",
        "x-ms-version": "2024-02-04"
      },
      "RequestBody": null,
      "StatusCode": 200,
      "ResponseHeaders": {
        "Accept-Ranges": "bytes",
        "Content-Length": "9",
        "Content-MD5": "kmALmZ1m8z4vpHwTIxFP4g==",
        "Content-Type": "application/octet-stream",
        "Date": "Mon, 08 Jan 2024 19:45:43 GMT",
        "ETag": "\u00220x8DC108266D8C883\u0022",
        "Last-Modified": "Mon, 08 Jan 2024 19:45:43 GMT",
        "Server": [
          "Windows-Azure-Blob/1.0",
          "Microsoft-HTTPAPI/2.0"
        ],
        "x-ms-access-tier": "Hot",
        "x-ms-access-tier-inferred": "true",
        "x-ms-blob-type": "BlockBlob",
        "x-ms-client-request-id": "c7bdd9eb-8038-4c9d-bd34-416509a3fba8",
        "x-ms-creation-time": "Mon, 08 Jan 2024 19:45:43 GMT",
        "x-ms-is-current-version": "true",
        "x-ms-request-id": "3c347d3b-401e-003b-156b-42a4f1000000",
        "x-ms-server-encrypted": "true",
        "x-ms-version": "2024-02-04",
        "x-ms-version-id": "2024-01-08T19:45:43.7063801Z"
      },
      "ResponseBody": null
    },
    {
      "RequestUri": "https://REDACTED/faa7b0c72deleteblobbyversion5c5308703ffb6b38f5a14?restype=container",
      "RequestMethod": "DELETE",
      "RequestHeaders": {
        "Accept": "application/xml",
        "Authorization": "Sanitized",
        "Content-Length": "0",
        "Date": "Mon, 08 Jan 2024 19:45:33 GMT",
        "User-Agent": "azsdk-java-azure-storage-blob/12.26.0-beta.1 (17.0.8; Windows 11; 10.0)",
        "x-ms-client-request-id": "8c73cbf2-137a-4ac0-b0c2-f63e3a63ecb0",
        "x-ms-version": "2024-02-04"
      },
      "RequestBody": null,
      "StatusCode": 202,
      "ResponseHeaders": {
        "Content-Length": "0",
        "Date": "Mon, 08 Jan 2024 19:45:43 GMT",
        "Server": [
          "Windows-Azure-Blob/1.0",
          "Microsoft-HTTPAPI/2.0"
        ],
        "x-ms-client-request-id": "8c73cbf2-137a-4ac0-b0c2-f63e3a63ecb0",
        "x-ms-request-id": "3c347d92-401e-003b-636b-42a4f1000000",
        "x-ms-version": "2024-02-04"
      },
      "ResponseBody": null
    }
  ],
  "Variables": {
    "0": "faa7b0c70deleteblobbyversion5c5002293553ae88f8bc4",
    "1": "faa7b0c71deleteblobbyversion5c5155474ff8d6f0b9e04",
    "2": "faa7b0c72deleteblobbyversion5c5308703ffb6b38f5a14"
  }
}
