{
  "Entries": [
    {
      "RequestUri": "https://REDACTED/7a51ed540createappendblobwithversion07a66067108e42395?restype=container",
      "RequestMethod": "PUT",
      "RequestHeaders": {
        "Accept": "application/xml",
        "Authorization": "Sanitized",
        "Content-Length": "0",
        "Date": "Wed, 13 Dec 2023 21:49:37 GMT",
        "User-Agent": "azsdk-java-azure-storage-blob/12.26.0-beta.1 (17.0.8; Windows 11; 10.0)",
        "x-ms-client-request-id": "34e08bff-2d14-4efe-aca0-35d45c806054",
        "x-ms-version": "2024-02-04"
      },
      "RequestBody": null,
      "StatusCode": 201,
      "ResponseHeaders": {
        "Content-Length": "0",
        "Date": "Wed, 13 Dec 2023 21:49:36 GMT",
        "ETag": "\u00220x8DBFC256719A6A9\u0022",
        "Last-Modified": "Wed, 13 Dec 2023 21:49:37 GMT",
        "Server": [
          "Windows-Azure-Blob/1.0",
          "Microsoft-HTTPAPI/2.0"
        ],
        "x-ms-client-request-id": "34e08bff-2d14-4efe-aca0-35d45c806054",
        "x-ms-request-id": "1e22c35e-c01e-009a-720e-2e09bf000000",
        "x-ms-version": "2024-02-04"
      },
      "ResponseBody": null
    },
    {
      "RequestUri": "https://REDACTED/7a51ed540createappendblobwithversion07a66067108e42395?restype=container",
      "RequestMethod": "PUT",
      "RequestHeaders": {
        "Accept": "application/xml",
        "Authorization": "Sanitized",
        "Content-Length": "0",
        "Date": "Wed, 13 Dec 2023 21:49:37 GMT",
        "User-Agent": "azsdk-java-azure-storage-blob/12.26.0-beta.1 (17.0.8; Windows 11; 10.0)",
        "x-ms-client-request-id": "fc7ccbc0-1572-4e04-bbaa-17f97f4b4295",
        "x-ms-version": "2024-02-04"
      },
      "RequestBody": null,
      "StatusCode": 409,
      "ResponseHeaders": {
        "Content-Length": "230",
        "Content-Type": "application/xml",
        "Date": "Wed, 13 Dec 2023 21:49:36 GMT",
        "Server": [
          "Windows-Azure-Blob/1.0",
          "Microsoft-HTTPAPI/2.0"
        ],
        "x-ms-client-request-id": "fc7ccbc0-1572-4e04-bbaa-17f97f4b4295",
        "x-ms-error-code": "ContainerAlreadyExists",
        "x-ms-request-id": "1e22c3e7-c01e-009a-6e0e-2e09bf000000",
        "x-ms-version": "2024-02-04"
      },
      "ResponseBody": [
        "\uFEFF\u003C?xml version=\u00221.0\u0022 encoding=\u0022utf-8\u0022?\u003E\u003CError\u003E\u003CCode\u003EContainerAlreadyExists\u003C/Code\u003E\u003CMessage\u003EThe specified container already exists.\n",
        "RequestId:1e22c3e7-c01e-009a-6e0e-2e09bf000000\n",
        "Time:2023-12-13T21:49:37.7770395Z\u003C/Message\u003E\u003C/Error\u003E"
      ]
    },
    {
      "RequestUri": "https://REDACTED/7a51ed542createappendblobwithversion07a6519966e35826f?restype=container",
      "RequestMethod": "PUT",
      "RequestHeaders": {
        "Accept": "application/xml",
        "Authorization": "Sanitized",
        "Content-Length": "0",
        "Date": "Wed, 13 Dec 2023 21:49:37 GMT",
        "User-Agent": "azsdk-java-azure-storage-blob/12.26.0-beta.1 (17.0.8; Windows 11; 10.0)",
        "x-ms-client-request-id": "71e90f75-7666-4f42-ba1a-2494b930d0bb",
        "x-ms-version": "2024-02-04"
      },
      "RequestBody": null,
      "StatusCode": 201,
      "ResponseHeaders": {
        "Content-Length": "0",
        "Date": "Wed, 13 Dec 2023 21:49:37 GMT",
        "ETag": "\u00220x8DBFC2567371A02\u0022",
        "Last-Modified": "Wed, 13 Dec 2023 21:49:37 GMT",
        "Server": [
          "Windows-Azure-Blob/1.0",
          "Microsoft-HTTPAPI/2.0"
        ],
        "x-ms-client-request-id": "71e90f75-7666-4f42-ba1a-2494b930d0bb",
        "x-ms-request-id": "7661e4b0-501e-0037-510e-2e33f9000000",
        "x-ms-version": "2024-02-04"
      },
      "ResponseBody": null
    },
    {
      "RequestUri": "https://REDACTED/7a51ed542createappendblobwithversion07a6519966e35826f/7a51ed541createappendblobwithversion07a03007fcee17d3d",
      "RequestMethod": "PUT",
      "RequestHeaders": {
        "Accept": "application/xml",
        "Authorization": "Sanitized",
        "Content-Length": "0",
        "Date": "Wed, 13 Dec 2023 21:49:37 GMT",
        "If-None-Match": "*",
        "User-Agent": "azsdk-java-azure-storage-blob/12.26.0-beta.1 (17.0.8; Windows 11; 10.0)",
        "x-ms-blob-type": "AppendBlob",
        "x-ms-client-request-id": "a0c6ebc1-ea3f-4589-ab1e-9c4df12b9d5a",
        "x-ms-version": "2024-02-04"
      },
      "RequestBody": null,
      "StatusCode": 201,
      "ResponseHeaders": {
        "Content-Length": "0",
        "Date": "Wed, 13 Dec 2023 21:49:37 GMT",
        "ETag": "\u00220x8DBFC256747546D\u0022",
        "Last-Modified": "Wed, 13 Dec 2023 21:49:37 GMT",
        "Server": [
          "Windows-Azure-Blob/1.0",
          "Microsoft-HTTPAPI/2.0"
        ],
        "x-ms-client-request-id": "a0c6ebc1-ea3f-4589-ab1e-9c4df12b9d5a",
        "x-ms-request-id": "7661e50e-501e-0037-270e-2e33f9000000",
        "x-ms-request-server-encrypted": "true",
        "x-ms-version": "2024-02-04",
        "x-ms-version-id": "2023-12-13T21:49:37.9784512Z"
      },
      "ResponseBody": null
    },
    {
      "RequestUri": "https://REDACTED/7a51ed542createappendblobwithversion07a6519966e35826f/7a51ed541createappendblobwithversion07a03007fcee17d3d",
      "RequestMethod": "PUT",
      "RequestHeaders": {
        "Accept": "application/xml",
        "Authorization": "Sanitized",
        "Content-Length": "0",
        "Date": "Wed, 13 Dec 2023 21:49:37 GMT",
        "User-Agent": "azsdk-java-azure-storage-blob/12.26.0-beta.1 (17.0.8; Windows 11; 10.0)",
        "x-ms-blob-type": "AppendBlob",
        "x-ms-client-request-id": "e6b291fa-85d1-4f2c-a88b-cf2f68d48741",
        "x-ms-version": "2024-02-04"
      },
      "RequestBody": null,
      "StatusCode": 201,
      "ResponseHeaders": {
        "Content-Length": "0",
        "Date": "Wed, 13 Dec 2023 21:49:37 GMT",
        "ETag": "\u00220x8DBFC256755753A\u0022",
        "Last-Modified": "Wed, 13 Dec 2023 21:49:38 GMT",
        "Server": [
          "Windows-Azure-Blob/1.0",
          "Microsoft-HTTPAPI/2.0"
        ],
        "x-ms-client-request-id": "e6b291fa-85d1-4f2c-a88b-cf2f68d48741",
        "x-ms-request-id": "7661e549-501e-0037-610e-2e33f9000000",
        "x-ms-request-server-encrypted": "true",
        "x-ms-version": "2024-02-04",
        "x-ms-version-id": "2023-12-13T21:49:38.0710474Z"
      },
      "ResponseBody": null
    },
    {
      "RequestUri": "https://REDACTED/7a51ed542createappendblobwithversion07a6519966e35826f?restype=container",
      "RequestMethod": "DELETE",
      "RequestHeaders": {
        "Accept": "application/xml",
        "Authorization": "Sanitized",
        "Content-Length": "0",
        "Date": "Wed, 13 Dec 2023 21:49:38 GMT",
        "User-Agent": "azsdk-java-azure-storage-blob/12.26.0-beta.1 (17.0.8; Windows 11; 10.0)",
        "x-ms-client-request-id": "63d07d99-6198-4a99-b3a7-6336c136d6ff",
        "x-ms-version": "2024-02-04"
      },
      "RequestBody": null,
      "StatusCode": 202,
      "ResponseHeaders": {
        "Content-Length": "0",
        "Date": "Wed, 13 Dec 2023 21:49:37 GMT",
        "Server": [
          "Windows-Azure-Blob/1.0",
          "Microsoft-HTTPAPI/2.0"
        ],
        "x-ms-client-request-id": "63d07d99-6198-4a99-b3a7-6336c136d6ff",
        "x-ms-request-id": "7661e5a1-501e-0037-340e-2e33f9000000",
        "x-ms-version": "2024-02-04"
      },
      "ResponseBody": null
    }
  ],
  "Variables": {
    "0": "7a51ed540createappendblobwithversion07a66067108e42395",
    "1": "7a51ed541createappendblobwithversion07a03007fcee17d3d",
    "2": "7a51ed542createappendblobwithversion07a6519966e35826f"
  }
}
