{
  "Entries": [
    {
      "RequestUri": "https://REDACTED/1dd17bbc0settierwithversion8b943714958519d6928a42?restype=container",
      "RequestMethod": "PUT",
      "RequestHeaders": {
        "Accept": "application/xml",
        "Authorization": "Sanitized",
        "Content-Length": "0",
        "Date": "Wed, 11 Oct 2023 21:22:14 GMT",
        "User-Agent": "azsdk-java-azure-storage-blob/12.25.0-beta.1 (17.0.8.1; Windows 11; 10.0)",
        "x-ms-client-request-id": "31953442-a31b-40c2-86aa-43c42f1bfebc",
        "x-ms-version": "2023-08-03"
      },
      "RequestBody": null,
      "StatusCode": 201,
      "ResponseHeaders": {
        "Content-Length": "0",
        "Date": "Wed, 11 Oct 2023 21:22:13 GMT",
        "ETag": "\u00220x8DBCAA023643E69\u0022",
        "Last-Modified": "Wed, 11 Oct 2023 21:22:14 GMT",
        "Server": [
          "Windows-Azure-Blob/1.0",
          "Microsoft-HTTPAPI/2.0"
        ],
        "x-ms-client-request-id": "31953442-a31b-40c2-86aa-43c42f1bfebc",
        "x-ms-request-id": "53fce9b1-a01e-0018-2589-fc4ee5000000",
        "x-ms-version": "2023-08-03"
      },
      "ResponseBody": null
    },
    {
      "RequestUri": "https://REDACTED/1dd17bbc2settierwithversion8b911300f10b4b1649ee4a?restype=container",
      "RequestMethod": "PUT",
      "RequestHeaders": {
        "Accept": "application/xml",
        "Authorization": "Sanitized",
        "Content-Length": "0",
        "Date": "Wed, 11 Oct 2023 21:22:14 GMT",
        "User-Agent": "azsdk-java-azure-storage-blob/12.25.0-beta.1 (17.0.8.1; Windows 11; 10.0)",
        "x-ms-client-request-id": "80e87606-9ae2-455e-82a6-1303667c16b1",
        "x-ms-version": "2023-08-03"
      },
      "RequestBody": null,
      "StatusCode": 201,
      "ResponseHeaders": {
        "Content-Length": "0",
        "Date": "Wed, 11 Oct 2023 21:22:13 GMT",
        "ETag": "\u00220x8DBCAA023681352\u0022",
        "Last-Modified": "Wed, 11 Oct 2023 21:22:14 GMT",
        "Server": [
          "Windows-Azure-Blob/1.0",
          "Microsoft-HTTPAPI/2.0"
        ],
        "x-ms-client-request-id": "80e87606-9ae2-455e-82a6-1303667c16b1",
        "x-ms-request-id": "cbaf94be-501e-0032-2989-fcf897000000",
        "x-ms-version": "2023-08-03"
      },
      "ResponseBody": null
    },
    {
      "RequestUri": "https://REDACTED/1dd17bbc2settierwithversion8b911300f10b4b1649ee4a/1dd17bbc1settierwithversion8b91736799d7b741da9c4b",
      "RequestMethod": "PUT",
      "RequestHeaders": {
        "Accept": "application/xml",
        "Authorization": "Sanitized",
        "Content-Length": "9",
        "Content-Type": "application/octet-stream",
        "Date": "Wed, 11 Oct 2023 21:22:14 GMT",
        "If-None-Match": "*",
        "User-Agent": "azsdk-java-azure-storage-blob/12.25.0-beta.1 (17.0.8.1; Windows 11; 10.0)",
        "x-ms-blob-type": "BlockBlob",
        "x-ms-client-request-id": "624cb525-9c78-4a2c-88ad-17e84f6802c5",
        "x-ms-version": "2023-08-03"
      },
      "RequestBody": "Y29udGVudFYx",
      "StatusCode": 201,
      "ResponseHeaders": {
        "Content-Length": "0",
        "Content-MD5": "YG5vQuFUmxmlD0AjZQJsiw==",
        "Date": "Wed, 11 Oct 2023 21:22:13 GMT",
        "ETag": "\u00220x8DBCAA0236C6487\u0022",
        "Last-Modified": "Wed, 11 Oct 2023 21:22:14 GMT",
        "Server": [
          "Windows-Azure-Blob/1.0",
          "Microsoft-HTTPAPI/2.0"
        ],
        "x-ms-client-request-id": "624cb525-9c78-4a2c-88ad-17e84f6802c5",
        "x-ms-content-crc64": "ywr9rMi7xR4=",
        "x-ms-request-id": "cbaf94cc-501e-0032-3389-fcf897000000",
        "x-ms-request-server-encrypted": "true",
        "x-ms-version": "2023-08-03",
        "x-ms-version-id": "2023-10-11T21:22:14.0941447Z"
      },
      "ResponseBody": null
    },
    {
      "RequestUri": "https://REDACTED/1dd17bbc2settierwithversion8b911300f10b4b1649ee4a/1dd17bbc1settierwithversion8b91736799d7b741da9c4b",
      "RequestMethod": "PUT",
      "RequestHeaders": {
        "Accept": "application/xml",
        "Authorization": "Sanitized",
        "Content-Length": "9",
        "Content-Type": "application/octet-stream",
        "Date": "Wed, 11 Oct 2023 21:22:14 GMT",
        "User-Agent": "azsdk-java-azure-storage-blob/12.25.0-beta.1 (17.0.8.1; Windows 11; 10.0)",
        "x-ms-blob-type": "BlockBlob",
        "x-ms-client-request-id": "248eee38-16a7-4716-bbef-4b8b5f9423c9",
        "x-ms-version": "2023-08-03"
      },
      "RequestBody": "Y29udGVudFYy",
      "StatusCode": 201,
      "ResponseHeaders": {
        "Content-Length": "0",
        "Content-MD5": "kmALmZ1m8z4vpHwTIxFP4g==",
        "Date": "Wed, 11 Oct 2023 21:22:13 GMT",
        "ETag": "\u00220x8DBCAA023703093\u0022",
        "Last-Modified": "Wed, 11 Oct 2023 21:22:14 GMT",
        "Server": [
          "Windows-Azure-Blob/1.0",
          "Microsoft-HTTPAPI/2.0"
        ],
        "x-ms-client-request-id": "248eee38-16a7-4716-bbef-4b8b5f9423c9",
        "x-ms-content-crc64": "QJGj/JCqdp8=",
        "x-ms-request-id": "cbaf94dc-501e-0032-4389-fcf897000000",
        "x-ms-request-server-encrypted": "true",
        "x-ms-version": "2023-08-03",
        "x-ms-version-id": "2023-10-11T21:22:14.1200291Z"
      },
      "ResponseBody": null
    },
    {
      "RequestUri": "https://REDACTED/1dd17bbc2settierwithversion8b911300f10b4b1649ee4a/1dd17bbc1settierwithversion8b91736799d7b741da9c4b?comp=tier\u0026versionid=2023-10-11T21%3A22%3A14.0941447Z",
      "RequestMethod": "PUT",
      "RequestHeaders": {
        "Accept": "application/xml",
        "Authorization": "Sanitized",
        "Content-Length": "0",
        "Date": "Wed, 11 Oct 2023 21:22:14 GMT",
        "User-Agent": "azsdk-java-azure-storage-blob/12.25.0-beta.1 (17.0.8.1; Windows 11; 10.0)",
        "x-ms-access-tier": "Cool",
        "x-ms-client-request-id": "2d67cc68-2013-4671-b0be-6a4434a3f981",
        "x-ms-version": "2023-08-03"
      },
      "RequestBody": null,
      "StatusCode": 200,
      "ResponseHeaders": {
        "Content-Length": "0",
        "Date": "Wed, 11 Oct 2023 21:22:13 GMT",
        "Server": [
          "Windows-Azure-Blob/1.0",
          "Microsoft-HTTPAPI/2.0"
        ],
        "x-ms-client-request-id": "2d67cc68-2013-4671-b0be-6a4434a3f981",
        "x-ms-request-id": "cbaf94eb-501e-0032-5289-fcf897000000",
        "x-ms-version": "2023-08-03"
      },
      "ResponseBody": null
    },
    {
      "RequestUri": "https://REDACTED/1dd17bbc2settierwithversion8b911300f10b4b1649ee4a/1dd17bbc1settierwithversion8b91736799d7b741da9c4b?versionid=2023-10-11T21%3A22%3A14.0941447Z",
      "RequestMethod": "HEAD",
      "RequestHeaders": {
        "Accept": "application/xml",
        "Authorization": "Sanitized",
        "Content-Length": "0",
        "Date": "Wed, 11 Oct 2023 21:22:14 GMT",
        "User-Agent": "azsdk-java-azure-storage-blob/12.25.0-beta.1 (17.0.8.1; Windows 11; 10.0)",
        "x-ms-client-request-id": "19ad6ad8-b61f-4845-8d0c-86acd863ee09",
        "x-ms-version": "2023-08-03"
      },
      "RequestBody": null,
      "StatusCode": 200,
      "ResponseHeaders": {
        "Accept-Ranges": "bytes",
        "Content-Length": "9",
        "Content-MD5": "YG5vQuFUmxmlD0AjZQJsiw==",
        "Content-Type": "application/octet-stream",
        "Date": "Wed, 11 Oct 2023 21:22:13 GMT",
        "ETag": "\u00220x8DBCAA0236C6487\u0022",
        "Last-Modified": "Wed, 11 Oct 2023 21:22:14 GMT",
        "Server": [
          "Windows-Azure-Blob/1.0",
          "Microsoft-HTTPAPI/2.0"
        ],
        "x-ms-access-tier": "Cool",
        "x-ms-access-tier-change-time": "Wed, 11 Oct 2023 21:22:14 GMT",
        "x-ms-blob-type": "BlockBlob",
        "x-ms-client-request-id": "19ad6ad8-b61f-4845-8d0c-86acd863ee09",
        "x-ms-creation-time": "Wed, 11 Oct 2023 21:22:14 GMT",
        "x-ms-request-id": "cbaf94f8-501e-0032-5e89-fcf897000000",
        "x-ms-server-encrypted": "true",
        "x-ms-version": "2023-08-03",
        "x-ms-version-id": "2023-10-11T21:22:14.0941447Z"
      },
      "ResponseBody": null
    },
    {
      "RequestUri": "https://REDACTED/1dd17bbc2settierwithversion8b911300f10b4b1649ee4a/1dd17bbc1settierwithversion8b91736799d7b741da9c4b",
      "RequestMethod": "HEAD",
      "RequestHeaders": {
        "Accept": "application/xml",
        "Authorization": "Sanitized",
        "Content-Length": "0",
        "Date": "Wed, 11 Oct 2023 21:22:14 GMT",
        "User-Agent": "azsdk-java-azure-storage-blob/12.25.0-beta.1 (17.0.8.1; Windows 11; 10.0)",
        "x-ms-client-request-id": "8924a87c-01c1-4553-b7d0-9c5163d005ac",
        "x-ms-version": "2023-08-03"
      },
      "RequestBody": null,
      "StatusCode": 200,
      "ResponseHeaders": {
        "Accept-Ranges": "bytes",
        "Content-Length": "9",
        "Content-MD5": "kmALmZ1m8z4vpHwTIxFP4g==",
        "Content-Type": "application/octet-stream",
        "Date": "Wed, 11 Oct 2023 21:22:13 GMT",
        "ETag": "\u00220x8DBCAA023703093\u0022",
        "Last-Modified": "Wed, 11 Oct 2023 21:22:14 GMT",
        "Server": [
          "Windows-Azure-Blob/1.0",
          "Microsoft-HTTPAPI/2.0"
        ],
        "x-ms-access-tier": "Hot",
        "x-ms-access-tier-inferred": "true",
        "x-ms-blob-type": "BlockBlob",
        "x-ms-client-request-id": "8924a87c-01c1-4553-b7d0-9c5163d005ac",
        "x-ms-creation-time": "Wed, 11 Oct 2023 21:22:14 GMT",
        "x-ms-is-current-version": "true",
        "x-ms-lease-state": "available",
        "x-ms-lease-status": "unlocked",
        "x-ms-request-id": "cbaf94ff-501e-0032-6489-fcf897000000",
        "x-ms-server-encrypted": "true",
        "x-ms-version": "2023-08-03",
        "x-ms-version-id": "2023-10-11T21:22:14.1200291Z"
      },
      "ResponseBody": null
    },
    {
      "RequestUri": "https://REDACTED/1dd17bbc2settierwithversion8b911300f10b4b1649ee4a?restype=container",
      "RequestMethod": "DELETE",
      "RequestHeaders": {
        "Accept": "application/xml",
        "Authorization": "Sanitized",
        "Content-Length": "0",
        "Date": "Wed, 11 Oct 2023 21:22:14 GMT",
        "User-Agent": "azsdk-java-azure-storage-blob/12.25.0-beta.1 (17.0.8.1; Windows 11; 10.0)",
        "x-ms-client-request-id": "f337d66d-3cfd-45bc-bb29-ee115a80d5ba",
        "x-ms-version": "2023-08-03"
      },
      "RequestBody": null,
      "StatusCode": 202,
      "ResponseHeaders": {
        "Content-Length": "0",
        "Date": "Wed, 11 Oct 2023 21:22:13 GMT",
        "Server": [
          "Windows-Azure-Blob/1.0",
          "Microsoft-HTTPAPI/2.0"
        ],
        "x-ms-client-request-id": "f337d66d-3cfd-45bc-bb29-ee115a80d5ba",
        "x-ms-request-id": "cbaf950a-501e-0032-6f89-fcf897000000",
        "x-ms-version": "2023-08-03"
      },
      "ResponseBody": null
    }
  ],
  "Variables": {
    "0": "1dd17bbc0settierwithversion8b943714958519d6928a42",
    "1": "1dd17bbc1settierwithversion8b91736799d7b741da9c4b",
    "2": "1dd17bbc2settierwithversion8b911300f10b4b1649ee4a"
  }
}
