{
  "Entries": [
    {
      "RequestUri": "https://REDACTED/b93302040begincopyblobswithversion2f449221ee0a0a4cb3?restype=container",
      "RequestMethod": "PUT",
      "RequestHeaders": {
        "Accept": "application/xml",
        "Authorization": "Sanitized",
        "Content-Length": "0",
        "Date": "Mon, 11 Dec 2023 23:29:26 GMT",
        "User-Agent": "azsdk-java-azure-storage-blob/12.26.0-beta.1 (17.0.8; Windows 11; 10.0)",
        "x-ms-client-request-id": "1dfeb121-1607-4607-9338-149c3cdda3b2",
        "x-ms-version": "2024-02-04"
      },
      "RequestBody": null,
      "StatusCode": 201,
      "ResponseHeaders": {
        "Content-Length": "0",
        "Date": "Mon, 11 Dec 2023 23:29:29 GMT",
        "ETag": "\u00220x8DBFAA106071AED\u0022",
        "Last-Modified": "Mon, 11 Dec 2023 23:29:30 GMT",
        "Server": [
          "Windows-Azure-Blob/1.0",
          "Microsoft-HTTPAPI/2.0"
        ],
        "x-ms-client-request-id": "1dfeb121-1607-4607-9338-149c3cdda3b2",
        "x-ms-request-id": "7dba0cf1-001e-005e-5a89-2c7c86000000",
        "x-ms-version": "2024-02-04"
      },
      "ResponseBody": null
    },
    {
      "RequestUri": "https://REDACTED/b93302040begincopyblobswithversion2f449221ee0a0a4cb3?restype=container",
      "RequestMethod": "PUT",
      "RequestHeaders": {
        "Accept": "application/xml",
        "Authorization": "Sanitized",
        "Content-Length": "0",
        "Date": "Mon, 11 Dec 2023 23:29:26 GMT",
        "User-Agent": "azsdk-java-azure-storage-blob/12.26.0-beta.1 (17.0.8; Windows 11; 10.0)",
        "x-ms-client-request-id": "5463b945-6211-4b69-8deb-b0ec27cf7502",
        "x-ms-version": "2024-02-04"
      },
      "RequestBody": null,
      "StatusCode": 409,
      "ResponseHeaders": {
        "Content-Length": "230",
        "Content-Type": "application/xml",
        "Date": "Mon, 11 Dec 2023 23:29:29 GMT",
        "Server": [
          "Windows-Azure-Blob/1.0",
          "Microsoft-HTTPAPI/2.0"
        ],
        "x-ms-client-request-id": "5463b945-6211-4b69-8deb-b0ec27cf7502",
        "x-ms-error-code": "ContainerAlreadyExists",
        "x-ms-request-id": "453b5201-e01e-0069-7b89-2cae2a000000",
        "x-ms-version": "2024-02-04"
      },
      "ResponseBody": [
        "\uFEFF\u003C?xml version=\u00221.0\u0022 encoding=\u0022utf-8\u0022?\u003E\u003CError\u003E\u003CCode\u003EContainerAlreadyExists\u003C/Code\u003E\u003CMessage\u003EThe specified container already exists.\n",
        "RequestId:453b5201-e01e-0069-7b89-2cae2a000000\n",
        "Time:2023-12-11T23:29:30.1846364Z\u003C/Message\u003E\u003C/Error\u003E"
      ]
    },
    {
      "RequestUri": "https://REDACTED/b93302042begincopyblobswithversion2f444204c7a3978276?restype=container",
      "RequestMethod": "PUT",
      "RequestHeaders": {
        "Accept": "application/xml",
        "Authorization": "Sanitized",
        "Content-Length": "0",
        "Date": "Mon, 11 Dec 2023 23:29:26 GMT",
        "User-Agent": "azsdk-java-azure-storage-blob/12.26.0-beta.1 (17.0.8; Windows 11; 10.0)",
        "x-ms-client-request-id": "c845d0b3-8c63-4691-b652-725ddec88248",
        "x-ms-version": "2024-02-04"
      },
      "RequestBody": null,
      "StatusCode": 201,
      "ResponseHeaders": {
        "Content-Length": "0",
        "Date": "Mon, 11 Dec 2023 23:29:29 GMT",
        "ETag": "\u00220x8DBFAA10623745E\u0022",
        "Last-Modified": "Mon, 11 Dec 2023 23:29:30 GMT",
        "Server": [
          "Windows-Azure-Blob/1.0",
          "Microsoft-HTTPAPI/2.0"
        ],
        "x-ms-client-request-id": "c845d0b3-8c63-4691-b652-725ddec88248",
        "x-ms-request-id": "c75e93a0-601e-004e-4289-2ccfdd000000",
        "x-ms-version": "2024-02-04"
      },
      "ResponseBody": null
    },
    {
      "RequestUri": "https://REDACTED/b93302042begincopyblobswithversion2f444204c7a3978276/b93302041begincopyblobswithversion2f41271382925be8ef",
      "RequestMethod": "PUT",
      "RequestHeaders": {
        "Accept": "application/xml",
        "Authorization": "Sanitized",
        "Content-Length": "7",
        "Content-Type": "application/octet-stream",
        "Date": "Mon, 11 Dec 2023 23:29:26 GMT",
        "If-None-Match": "*",
        "User-Agent": "azsdk-java-azure-storage-blob/12.26.0-beta.1 (17.0.8; Windows 11; 10.0)",
        "x-ms-blob-type": "BlockBlob",
        "x-ms-client-request-id": "9d681ce8-bf9c-48a7-b662-669247ca82a2",
        "x-ms-version": "2024-02-04"
      },
      "RequestBody": "ZGVmYXVsdA==",
      "StatusCode": 201,
      "ResponseHeaders": {
        "Content-Length": "0",
        "Content-MD5": "wh\u002BWm18D0z1D4E\u002BPE252gg==",
        "Date": "Mon, 11 Dec 2023 23:29:29 GMT",
        "ETag": "\u00220x8DBFAA1063295DE\u0022",
        "Last-Modified": "Mon, 11 Dec 2023 23:29:30 GMT",
        "Server": [
          "Windows-Azure-Blob/1.0",
          "Microsoft-HTTPAPI/2.0"
        ],
        "x-ms-client-request-id": "9d681ce8-bf9c-48a7-b662-669247ca82a2",
        "x-ms-content-crc64": "6RYQPwaVsyQ=",
        "x-ms-request-id": "c75e93e1-601e-004e-7d89-2ccfdd000000",
        "x-ms-request-server-encrypted": "true",
        "x-ms-version": "2024-02-04",
        "x-ms-version-id": "2023-12-11T23:29:30.3714270Z"
      },
      "ResponseBody": null
    },
    {
      "RequestUri": "https://REDACTED/b93302042begincopyblobswithversion2f444204c7a3978276/b93302043begincopyblobswithversion2f4116492824e21433",
      "RequestMethod": "PUT",
      "RequestHeaders": {
        "Accept": "application/xml",
        "Authorization": "Sanitized",
        "Content-Length": "7",
        "Content-Type": "application/octet-stream",
        "Date": "Mon, 11 Dec 2023 23:29:26 GMT",
        "If-None-Match": "*",
        "User-Agent": "azsdk-java-azure-storage-blob/12.26.0-beta.1 (17.0.8; Windows 11; 10.0)",
        "x-ms-blob-type": "BlockBlob",
        "x-ms-client-request-id": "57df9c83-833c-4e7e-99f2-a5b0f0a4634e",
        "x-ms-version": "2024-02-04"
      },
      "RequestBody": "ZGVmYXVsdA==",
      "StatusCode": 201,
      "ResponseHeaders": {
        "Content-Length": "0",
        "Content-MD5": "wh\u002BWm18D0z1D4E\u002BPE252gg==",
        "Date": "Mon, 11 Dec 2023 23:29:29 GMT",
        "ETag": "\u00220x8DBFAA1066B1984\u0022",
        "Last-Modified": "Mon, 11 Dec 2023 23:29:30 GMT",
        "Server": [
          "Windows-Azure-Blob/1.0",
          "Microsoft-HTTPAPI/2.0"
        ],
        "x-ms-client-request-id": "57df9c83-833c-4e7e-99f2-a5b0f0a4634e",
        "x-ms-content-crc64": "6RYQPwaVsyQ=",
        "x-ms-request-id": "c75e944f-601e-004e-6089-2ccfdd000000",
        "x-ms-request-server-encrypted": "true",
        "x-ms-version": "2024-02-04",
        "x-ms-version-id": "2023-12-11T23:29:30.7417988Z"
      },
      "ResponseBody": null
    },
    {
      "RequestUri": "https://REDACTED/b93302042begincopyblobswithversion2f444204c7a3978276/b93302041begincopyblobswithversion2f41271382925be8ef",
      "RequestMethod": "PUT",
      "RequestHeaders": {
        "Accept": "application/xml",
        "Authorization": "Sanitized",
        "Content-Length": "0",
        "Date": "Mon, 11 Dec 2023 23:29:26 GMT",
        "User-Agent": "azsdk-java-azure-storage-blob/12.26.0-beta.1 (17.0.8; Windows 11; 10.0)",
        "x-ms-client-request-id": "953bdbf5-bbb2-47b2-b0dc-5d9c3c5fb519",
        "x-ms-copy-source": "https://REDACTED/b93302042begincopyblobswithversion2f444204c7a3978276/b93302043begincopyblobswithversion2f4116492824e21433",
        "x-ms-version": "2024-02-04"
      },
      "RequestBody": null,
      "StatusCode": 202,
      "ResponseHeaders": {
        "Content-Length": "0",
        "Date": "Mon, 11 Dec 2023 23:29:30 GMT",
        "ETag": "\u00220x8DBFAA106798820\u0022",
        "Last-Modified": "Mon, 11 Dec 2023 23:29:30 GMT",
        "Server": [
          "Windows-Azure-Blob/1.0",
          "Microsoft-HTTPAPI/2.0"
        ],
        "x-ms-client-request-id": "953bdbf5-bbb2-47b2-b0dc-5d9c3c5fb519",
        "x-ms-copy-id": "95541fcf-e973-4149-9c53-41e7202dabd2",
        "x-ms-copy-status": "success",
        "x-ms-request-id": "c75e94da-601e-004e-5989-2ccfdd000000",
        "x-ms-version": "2024-02-04",
        "x-ms-version-id": "2023-12-11T23:29:30.8373808Z"
      },
      "ResponseBody": null
    },
    {
      "RequestUri": "https://REDACTED/b93302042begincopyblobswithversion2f444204c7a3978276/b93302041begincopyblobswithversion2f41271382925be8ef",
      "RequestMethod": "HEAD",
      "RequestHeaders": {
        "Accept": "application/xml",
        "Authorization": "Sanitized",
        "Content-Length": "0",
        "Date": "Mon, 11 Dec 2023 23:29:27 GMT",
        "User-Agent": "azsdk-java-azure-storage-blob/12.26.0-beta.1 (17.0.8; Windows 11; 10.0)",
        "x-ms-client-request-id": "55073441-1363-43d4-975b-f73a94e1424a",
        "x-ms-version": "2024-02-04"
      },
      "RequestBody": null,
      "StatusCode": 200,
      "ResponseHeaders": {
        "Accept-Ranges": "bytes",
        "Content-Length": "7",
        "Content-MD5": "wh\u002BWm18D0z1D4E\u002BPE252gg==",
        "Content-Type": "application/octet-stream",
        "Date": "Mon, 11 Dec 2023 23:29:31 GMT",
        "ETag": "\u00220x8DBFAA106798820\u0022",
        "Last-Modified": "Mon, 11 Dec 2023 23:29:30 GMT",
        "Server": [
          "Windows-Azure-Blob/1.0",
          "Microsoft-HTTPAPI/2.0"
        ],
        "x-ms-access-tier": "Hot",
        "x-ms-access-tier-inferred": "true",
        "x-ms-blob-type": "BlockBlob",
        "x-ms-client-request-id": "55073441-1363-43d4-975b-f73a94e1424a",
        "x-ms-copy-completion-time": "Mon, 11 Dec 2023 23:29:30 GMT",
        "x-ms-copy-id": "95541fcf-e973-4149-9c53-41e7202dabd2",
        "x-ms-copy-progress": "7/7",
        "x-ms-copy-source": "https://REDACTED/b93302042begincopyblobswithversion2f444204c7a3978276/b93302043begincopyblobswithversion2f4116492824e21433",
        "x-ms-copy-status": "success",
        "x-ms-creation-time": "Mon, 11 Dec 2023 23:29:30 GMT",
        "x-ms-is-current-version": "true",
        "x-ms-lease-state": "available",
        "x-ms-lease-status": "unlocked",
        "x-ms-request-id": "418dfe52-201e-005f-2d89-2c5569000000",
        "x-ms-server-encrypted": "true",
        "x-ms-version": "2024-02-04",
        "x-ms-version-id": "2023-12-11T23:29:30.8373808Z"
      },
      "ResponseBody": null
    },
    {
      "RequestUri": "https://REDACTED/b93302042begincopyblobswithversion2f444204c7a3978276?restype=container",
      "RequestMethod": "DELETE",
      "RequestHeaders": {
        "Accept": "application/xml",
        "Authorization": "Sanitized",
        "Content-Length": "0",
        "Date": "Mon, 11 Dec 2023 23:29:28 GMT",
        "User-Agent": "azsdk-java-azure-storage-blob/12.26.0-beta.1 (17.0.8; Windows 11; 10.0)",
        "x-ms-client-request-id": "98df784e-cd90-4317-a70f-35424d658b94",
        "x-ms-version": "2024-02-04"
      },
      "RequestBody": null,
      "StatusCode": 202,
      "ResponseHeaders": {
        "Content-Length": "0",
        "Date": "Mon, 11 Dec 2023 23:29:31 GMT",
        "Server": [
          "Windows-Azure-Blob/1.0",
          "Microsoft-HTTPAPI/2.0"
        ],
        "x-ms-client-request-id": "98df784e-cd90-4317-a70f-35424d658b94",
        "x-ms-request-id": "418dfeb2-201e-005f-7f89-2c5569000000",
        "x-ms-version": "2024-02-04"
      },
      "ResponseBody": null
    }
  ],
  "Variables": {
    "0": "b93302040begincopyblobswithversion2f449221ee0a0a4cb3",
    "1": "b93302041begincopyblobswithversion2f41271382925be8ef",
    "2": "b93302042begincopyblobswithversion2f444204c7a3978276",
    "3": "b93302043begincopyblobswithversion2f4116492824e21433"
  }
}
