{
  "Entries": [
    {
      "RequestUri": "https://REDACTED/jobs/recorded004w?api-version=2024-07-12-preview",
      "RequestMethod": "PUT",
      "RequestHeaders": {
        "Accept": "application/json",
        "Authorization": "Sanitized",
        "Content-Length": "331",
        "Content-Type": "application/json",
        "Date": "Fri, 19 Jul 2024 00:39:54 GMT",
        "User-Agent": "azsdk-java-azure-health-deidentification/1.0.0-beta.1 (21.0.3; Windows 11; 10.0)",
        "x-ms-client-request-id": "Sanitized"
      },
      "RequestBody": {
        "sourceLocation": {
          "location": "https://blobsdkdevdaszanis.blob.core.windows.net/container-sdk-dev-daszanis",
          "prefix": "example_patient_1",
          "extensions": [
            "*"
          ]
        },
        "targetLocation": {
          "location": "https://blobsdkdevdaszanis.blob.core.windows.net/container-sdk-dev-daszanis",
          "prefix": "_output"
        },
        "operation": "Surrogate",
        "dataType": "Plaintext"
      },
      "StatusCode": 200,
      "ResponseHeaders": {
        "api-deprecated-versions": "1",
        "api-supported-versions": "2024-01-16-preview, 2024-07-12-preview",
        "Connection": "keep-alive",
        "Content-Type": "application/json; charset=utf-8",
        "Date": "Fri, 19 Jul 2024 00:39:57 GMT",
        "operation-id": "recorded004w",
        "operation-location": "https://REDACTED.api.deid.azure.com/jobs/recorded004w?api-version=2024-07-12-preview",
        "Request-Context": "appId=cid-v1:3849b6db-c9d6-4719-b725-ab6dfffaef3f",
        "Strict-Transport-Security": "max-age=31536000; includeSubDomains",
        "Transfer-Encoding": "chunked",
        "X-Content-Type-Options": "nosniff",
        "x-ms-correlation-id": "aaa430e4-9056-40d6-b7f7-e6d78da91d4b"
      },
      "ResponseBody": {
        "name": "recorded004w",
        "status": "NotStarted",
        "createdAt": "2024-07-19T00:39:57.2802546Z",
        "lastUpdatedAt": "2024-07-19T00:39:57.2802546Z",
        "sourceLocation": {
          "extensions": [
            "*"
          ],
          "location": "https://blobsdkdevdaszanis.blob.core.windows.net:443/container-sdk-dev-daszanis",
          "prefix": "example_patient_1"
        },
        "targetLocation": {
          "location": "https://blobsdkdevdaszanis.blob.core.windows.net:443/container-sdk-dev-daszanis",
          "prefix": "_output"
        },
        "dataType": "Plaintext",
        "operation": "Surrogate"
      }
    },
    {
      "RequestUri": "https://REDACTED/jobs/recorded004w?api-version=2024-07-12-preview",
      "RequestMethod": "GET",
      "RequestHeaders": {
        "Accept": "*/*",
        "Authorization": "Sanitized",
        "Date": "Fri, 19 Jul 2024 00:39:56 GMT",
        "User-Agent": "azsdk-java-azure-health-deidentification/1.0.0-beta.1 (21.0.3; Windows 11; 10.0)",
        "x-ms-client-request-id": "Sanitized"
      },
      "RequestBody": null,
      "StatusCode": 200,
      "ResponseHeaders": {
        "api-deprecated-versions": "1",
        "api-supported-versions": "2024-01-16-preview, 2024-07-12-preview",
        "Connection": "keep-alive",
        "Content-Type": "application/json; charset=utf-8",
        "Date": "Fri, 19 Jul 2024 00:39:57 GMT",
        "Request-Context": "appId=cid-v1:3849b6db-c9d6-4719-b725-ab6dfffaef3f",
        "Strict-Transport-Security": "max-age=31536000; includeSubDomains",
        "Transfer-Encoding": "chunked",
        "X-Content-Type-Options": "nosniff",
        "x-ms-correlation-id": "81d390bc-56d1-4314-a4aa-1ac07c57154d"
      },
      "ResponseBody": {
        "name": "recorded004w",
        "status": "NotStarted",
        "createdAt": "2024-07-19T00:39:57.2802546Z",
        "lastUpdatedAt": "2024-07-19T00:39:57.2802546Z",
        "sourceLocation": {
          "extensions": [
            "*"
          ],
          "location": "https://blobsdkdevdaszanis.blob.core.windows.net:443/container-sdk-dev-daszanis",
          "prefix": "example_patient_1"
        },
        "targetLocation": {
          "location": "https://blobsdkdevdaszanis.blob.core.windows.net:443/container-sdk-dev-daszanis",
          "prefix": "_output"
        },
        "dataType": "Plaintext",
        "operation": "Surrogate"
      }
    },
    {
      "RequestUri": "https://REDACTED/jobs/recorded004w:cancel?api-version=2024-07-12-preview",
      "RequestMethod": "POST",
      "RequestHeaders": {
        "Accept": "application/json",
        "Authorization": "Sanitized",
        "Content-Length": "0",
        "Date": "Fri, 19 Jul 2024 00:39:56 GMT",
        "User-Agent": "azsdk-java-azure-health-deidentification/1.0.0-beta.1 (21.0.3; Windows 11; 10.0)",
        "x-ms-client-request-id": "Sanitized"
      },
      "RequestBody": null,
      "StatusCode": 200,
      "ResponseHeaders": {
        "api-deprecated-versions": "1",
        "api-supported-versions": "2024-01-16-preview, 2024-07-12-preview",
        "Connection": "keep-alive",
        "Content-Type": "application/json; charset=utf-8",
        "Date": "Fri, 19 Jul 2024 00:39:57 GMT",
        "Request-Context": "appId=cid-v1:3849b6db-c9d6-4719-b725-ab6dfffaef3f",
        "Strict-Transport-Security": "max-age=31536000; includeSubDomains",
        "Transfer-Encoding": "chunked",
        "X-Content-Type-Options": "nosniff",
        "x-ms-correlation-id": "c63e3c85-601b-4db3-8799-55c61cf46444"
      },
      "ResponseBody": {
        "name": "recorded004w",
        "status": "Canceled",
        "createdAt": "2024-07-19T00:39:57.2802546Z",
        "lastUpdatedAt": "2024-07-19T00:39:57.6241488Z",
        "sourceLocation": {
          "extensions": [
            "*"
          ],
          "location": "https://blobsdkdevdaszanis.blob.core.windows.net:443/container-sdk-dev-daszanis",
          "prefix": "example_patient_1"
        },
        "targetLocation": {
          "location": "https://blobsdkdevdaszanis.blob.core.windows.net:443/container-sdk-dev-daszanis",
          "prefix": "_output"
        },
        "dataType": "Plaintext",
        "operation": "Surrogate"
      }
    },
    {
      "RequestUri": "https://REDACTED/jobs/recorded004w?api-version=2024-07-12-preview",
      "RequestMethod": "DELETE",
      "RequestHeaders": {
        "Accept": "application/json",
        "Authorization": "Sanitized",
        "Content-Length": "0",
        "Date": "Fri, 19 Jul 2024 00:39:57 GMT",
        "User-Agent": "azsdk-java-azure-health-deidentification/1.0.0-beta.1 (21.0.3; Windows 11; 10.0)",
        "x-ms-client-request-id": "Sanitized"
      },
      "RequestBody": null,
      "StatusCode": 204,
      "ResponseHeaders": {
        "api-deprecated-versions": "1",
        "api-supported-versions": "2024-01-16-preview, 2024-07-12-preview",
        "Connection": "keep-alive",
        "Date": "Fri, 19 Jul 2024 00:39:57 GMT",
        "Request-Context": "appId=cid-v1:3849b6db-c9d6-4719-b725-ab6dfffaef3f",
        "Strict-Transport-Security": "max-age=31536000; includeSubDomains",
        "X-Content-Type-Options": "nosniff",
        "x-ms-correlation-id": "356e9b3a-0ac4-460c-8360-88ef28e14929"
      },
      "ResponseBody": null
    },
    {
      "RequestUri": "https://REDACTED/jobs/recorded004w?api-version=2024-07-12-preview",
      "RequestMethod": "GET",
      "RequestHeaders": {
        "Accept": "application/json",
        "Authorization": "Sanitized",
        "Content-Length": "0",
        "Date": "Fri, 19 Jul 2024 00:39:57 GMT",
        "User-Agent": "azsdk-java-azure-health-deidentification/1.0.0-beta.1 (21.0.3; Windows 11; 10.0)",
        "x-ms-client-request-id": "Sanitized"
      },
      "RequestBody": null,
      "StatusCode": 404,
      "ResponseHeaders": {
        "api-deprecated-versions": "1",
        "api-supported-versions": "2024-01-16-preview, 2024-07-12-preview",
        "Cache-Control": "no-store, no-cache",
        "Connection": "keep-alive",
        "Content-Type": "application/json; charset=utf-8",
        "Date": "Fri, 19 Jul 2024 00:39:57 GMT",
        "Expires": "-1",
        "Pragma": "no-cache",
        "Strict-Transport-Security": "max-age=31536000; includeSubDomains",
        "Transfer-Encoding": "chunked",
        "X-Content-Type-Options": "nosniff",
        "x-ms-correlation-id": "c608faab-05dc-4258-bf08-034ecfa5ffbd",
        "x-ms-error-code": "JobNotFound"
      },
      "ResponseBody": {
        "error": {
          "code": "JobNotFound",
          "message": "Job not found."
        }
      }
    }
  ],
  "Variables": {}
}
