{
  "Entries": [
    {
      "RequestUri": "https://azs-net-shrejasearchtest.search.windows.net/synonymmaps?api-version=2024-11-01-preview",
      "RequestMethod": "POST",
      "RequestHeaders": {
        "Accept": "application/json; odata.metadata=minimal",
        "api-key": "Sanitized",
        "Content-Length": "69",
        "Content-Type": "application/json",
        "traceparent": "00-fbe1c109f948297e4abb21c1bf83d0f8-158d622808d104f1-00",
        "User-Agent": "azsdk-net-Search.Documents/11.7.0-alpha.20241125.1 (.NET 8.0.11; Microsoft Windows 10.0.26100)",
        "x-ms-client-request-id": "Sanitized",
        "x-ms-return-client-request-id": "true"
      },
      "RequestBody": {
        "name": "eihtgdxy",
        "format": "solr",
        "synonyms": "msft=>Microsoft"
      },
      "StatusCode": 201,
      "ResponseHeaders": {
        "client-request-id": "Sanitized",
        "Content-Type": "application/json; odata.metadata=minimal; odata.streaming=true; charset=utf-8",
        "Date": "Mon, 25 Nov 2024 18:56:40 GMT",
        "elapsed-time": "60",
        "ETag": "\"0x8DD0D82E5D83977\"",
        "Location": "https://azs-net-shrejasearchtest.search.windows.net/synonymmaps('eihtgdxy')?api-version=2024-11-01-preview",
        "OData-Version": "4.0",
        "Preference-Applied": "odata.include-annotations=\"*\"",
        "request-id": "39f11182-4081-ff85-ad19-7d62bee075f4",
        "Server": "Microsoft-IIS/10.0",
        "Strict-Transport-Security": [
          "max-age=2592000",
          "max-age=15724800; includeSubDomains"
        ],
        "Transfer-Encoding": "chunked",
        "x-ms-client-request-id": "Sanitized"
      },
      "ResponseBody": {
        "@odata.context": "https://azs-net-shrejasearchtest.search.windows.net/$metadata#synonymmaps/$entity",
        "@odata.etag": "\"0x8DD0D82E5D83977\"",
        "name": "eihtgdxy",
        "format": "solr",
        "synonyms": "msft=>Microsoft",
        "encryptionKey": null
      }
    },
    {
      "RequestUri": "https://azs-net-shrejasearchtest.search.windows.net/synonymmaps('eihtgdxy')?api-version=2024-11-01-preview",
      "RequestMethod": "PUT",
      "RequestHeaders": {
        "Accept": "application/json; odata.metadata=minimal",
        "api-key": "Sanitized",
        "Content-Length": "118",
        "Content-Type": "application/json",
        "If-Match": "\"0x8DD0D82E5D83977\"",
        "Prefer": "return=representation",
        "traceparent": "00-9bfa2f4b82032f56eb75aa1db67632d4-ce378844386f7974-00",
        "User-Agent": "azsdk-net-Search.Documents/11.7.0-alpha.20241125.1 (.NET 8.0.11; Microsoft Windows 10.0.26100)",
        "x-ms-client-request-id": "Sanitized",
        "x-ms-return-client-request-id": "true"
      },
      "RequestBody": {
        "name": "eihtgdxy",
        "format": "solr",
        "synonyms": "ms,msft=>Microsoft",
        "@odata.etag": "\"0x8DD0D82E5D83977\""
      },
      "StatusCode": 200,
      "ResponseHeaders": {
        "client-request-id": "Sanitized",
        "Content-Type": "application/json; odata.metadata=minimal; odata.streaming=true; charset=utf-8",
        "Date": "Mon, 25 Nov 2024 18:56:40 GMT",
        "elapsed-time": "62",
        "ETag": "\"0x8DD0D82E5EDF2EF\"",
        "OData-Version": "4.0",
        "Preference-Applied": "odata.include-annotations=\"*\"",
        "request-id": "33df6f58-f068-d1b5-2721-79fca318aaf5",
        "Server": "Microsoft-IIS/10.0",
        "Strict-Transport-Security": [
          "max-age=2592000",
          "max-age=15724800; includeSubDomains"
        ],
        "Transfer-Encoding": "chunked",
        "x-ms-client-request-id": "Sanitized"
      },
      "ResponseBody": {
        "@odata.context": "https://azs-net-shrejasearchtest.search.windows.net/$metadata#synonymmaps/$entity",
        "@odata.etag": "\"0x8DD0D82E5EDF2EF\"",
        "name": "eihtgdxy",
        "format": "solr",
        "synonyms": "ms,msft=>Microsoft",
        "encryptionKey": null
      }
    },
    {
      "RequestUri": "https://azs-net-shrejasearchtest.search.windows.net/synonymmaps('eihtgdxy')?api-version=2024-11-01-preview",
      "RequestMethod": "PUT",
      "RequestHeaders": {
        "Accept": "application/json; odata.metadata=minimal",
        "api-key": "Sanitized",
        "Content-Length": "118",
        "Content-Type": "application/json",
        "If-Match": "\"0x8DD0D82E5D83977\"",
        "Prefer": "return=representation",
        "traceparent": "00-12bca4845b5203630792cf592856e75c-4517801ac064aa43-00",
        "User-Agent": "azsdk-net-Search.Documents/11.7.0-alpha.20241125.1 (.NET 8.0.11; Microsoft Windows 10.0.26100)",
        "x-ms-client-request-id": "Sanitized",
        "x-ms-return-client-request-id": "true"
      },
      "RequestBody": {
        "name": "eihtgdxy",
        "format": "solr",
        "synonyms": "ms,msft=>Microsoft",
        "@odata.etag": "\"0x8DD0D82E5D83977\""
      },
      "StatusCode": 412,
      "ResponseHeaders": {
        "Cache-Control": "no-store, no-cache",
        "client-request-id": "Sanitized",
        "Content-Language": "en",
        "Content-Length": "160",
        "Content-Type": "application/json; charset=utf-8",
        "Date": "Mon, 25 Nov 2024 18:56:40 GMT",
        "elapsed-time": "38",
        "Expires": "-1",
        "Pragma": "no-cache",
        "request-id": "fd0a1bf5-5f17-74aa-0b28-5d942226273d",
        "Server": "Microsoft-IIS/10.0",
        "Strict-Transport-Security": "max-age=15724800; includeSubDomains",
        "x-ms-client-request-id": "Sanitized"
      },
      "ResponseBody": {
        "error": {
          "code": "",
          "message": "The precondition given in one of the request headers evaluated to false. No change was made to the resource from this request."
        }
      }
    },
    {
      "RequestUri": "https://azs-net-shrejasearchtest.search.windows.net/synonymmaps?$select=name&api-version=2024-11-01-preview",
      "RequestMethod": "GET",
      "RequestHeaders": {
        "Accept": "application/json; odata.metadata=minimal",
        "api-key": "Sanitized",
        "traceparent": "00-ca48c10b6f9250f24b1ebfac3bc4305b-0037538c76af9b0d-00",
        "User-Agent": "azsdk-net-Search.Documents/11.7.0-alpha.20241125.1 (.NET 8.0.11; Microsoft Windows 10.0.26100)",
        "x-ms-client-request-id": "Sanitized",
        "x-ms-return-client-request-id": "true"
      },
      "RequestBody": null,
      "StatusCode": 200,
      "ResponseHeaders": {
        "client-request-id": "Sanitized",
        "Content-Type": "application/json; odata.metadata=minimal; odata.streaming=true; charset=utf-8",
        "Date": "Mon, 25 Nov 2024 18:56:40 GMT",
        "elapsed-time": "84",
        "OData-Version": "4.0",
        "Preference-Applied": "odata.include-annotations=\"*\"",
        "request-id": "96e59b25-92f4-91e9-5c20-125fc7885c95",
        "Server": "Microsoft-IIS/10.0",
        "Strict-Transport-Security": [
          "max-age=2592000",
          "max-age=15724800; includeSubDomains"
        ],
        "Transfer-Encoding": "chunked",
        "x-ms-client-request-id": "Sanitized"
      },
      "ResponseBody": {
        "@odata.context": "https://azs-net-shrejasearchtest.search.windows.net/$metadata#synonymmaps(name)",
        "value": [
          {
            "name": "eihtgdxy"
          }
        ]
      }
    },
    {
      "RequestUri": "https://azs-net-shrejasearchtest.search.windows.net/synonymmaps('eihtgdxy')?api-version=2024-11-01-preview",
      "RequestMethod": "GET",
      "RequestHeaders": {
        "Accept": "application/json; odata.metadata=minimal",
        "api-key": "Sanitized",
        "traceparent": "00-a4978230897896bbe5b13f8c0c14fd24-bd880ec05bc0ed47-00",
        "User-Agent": "azsdk-net-Search.Documents/11.7.0-alpha.20241125.1 (.NET 8.0.11; Microsoft Windows 10.0.26100)",
        "x-ms-client-request-id": "Sanitized",
        "x-ms-return-client-request-id": "true"
      },
      "RequestBody": null,
      "StatusCode": 200,
      "ResponseHeaders": {
        "client-request-id": "Sanitized",
        "Content-Type": "application/json; odata.metadata=minimal; odata.streaming=true; charset=utf-8",
        "Date": "Mon, 25 Nov 2024 18:56:40 GMT",
        "elapsed-time": "11",
        "ETag": "\"0x8DD0D82E5EDF2EF\"",
        "OData-Version": "4.0",
        "Preference-Applied": "odata.include-annotations=\"*\"",
        "request-id": "a36d886e-78d6-f9dd-c46a-283f9320ae00",
        "Server": "Microsoft-IIS/10.0",
        "Strict-Transport-Security": [
          "max-age=2592000",
          "max-age=15724800; includeSubDomains"
        ],
        "Transfer-Encoding": "chunked",
        "x-ms-client-request-id": "Sanitized"
      },
      "ResponseBody": {
        "@odata.context": "https://azs-net-shrejasearchtest.search.windows.net/$metadata#synonymmaps/$entity",
        "@odata.etag": "\"0x8DD0D82E5EDF2EF\"",
        "name": "eihtgdxy",
        "format": "solr",
        "synonyms": "ms,msft=>Microsoft",
        "encryptionKey": null
      }
    },
    {
      "RequestUri": "https://azs-net-shrejasearchtest.search.windows.net/synonymmaps('eihtgdxy')?api-version=2024-11-01-preview",
      "RequestMethod": "DELETE",
      "RequestHeaders": {
        "Accept": "application/json; odata.metadata=minimal",
        "api-key": "Sanitized",
        "If-Match": "\"0x8DD0D82E5EDF2EF\"",
        "traceparent": "00-44593b38f9f0e17e1ee537e69df9ac5d-3beeae9e0ba8ff45-00",
        "User-Agent": "azsdk-net-Search.Documents/11.7.0-alpha.20241125.1 (.NET 8.0.11; Microsoft Windows 10.0.26100)",
        "x-ms-client-request-id": "Sanitized",
        "x-ms-return-client-request-id": "true"
      },
      "RequestBody": null,
      "StatusCode": 204,
      "ResponseHeaders": {
        "client-request-id": "Sanitized",
        "Date": "Mon, 25 Nov 2024 18:56:40 GMT",
        "elapsed-time": "17",
        "Preference-Applied": "odata.include-annotations=\"*\"",
        "request-id": "07d73bfa-1432-6300-3178-a0f64d4bac82",
        "Server": "Microsoft-IIS/10.0",
        "Strict-Transport-Security": [
          "max-age=2592000",
          "max-age=15724800; includeSubDomains"
        ],
        "x-ms-client-request-id": "Sanitized"
      },
      "ResponseBody": null
    }
  ],
  "Variables": {
    "RandomSeed": "1578509320",
    "SearchIndexName": "ehbabngv",
    "SEARCH_ADMIN_API_KEY": "Sanitized",
    "SEARCH_ENDPOINT_SUFFIX": "search.windows.net",
    "SEARCH_SERVICE_NAME": "azs-net-shrejasearchtest"
  }
}
