{
  "Entries": [
    {
      "RequestUri": "https://camaiaor.search.windows.net/synonymmaps?api-version=2025-03-01-preview",
      "RequestMethod": "POST",
      "RequestHeaders": {
        "Accept": "application/json; odata.metadata=minimal",
        "api-key": "Sanitized",
        "Content-Length": "69",
        "Content-Type": "application/json",
        "traceparent": "00-d3efcca5d380bf5847f034201a189d22-761855abe6483f99-00",
        "User-Agent": "azsdk-net-Search.Documents/11.7.0-alpha.20250303.1 (.NET 6.0.36; Microsoft Windows 10.0.26100)",
        "x-ms-client-request-id": "Sanitized",
        "x-ms-return-client-request-id": "true"
      },
      "RequestBody": {
        "name": "slekrcwp",
        "format": "solr",
        "synonyms": "msft=>Microsoft"
      },
      "StatusCode": 201,
      "ResponseHeaders": {
        "client-request-id": "Sanitized",
        "Content-Type": "application/json; odata.metadata=minimal; odata.streaming=true; charset=utf-8",
        "Date": "Tue, 04 Mar 2025 04:29:12 GMT",
        "elapsed-time": "26",
        "ETag": "\"0x8DD5AD51E529834\"",
        "Location": "https://camaiaor.search.windows.net/synonymmaps('slekrcwp')?api-version=2025-03-01-preview",
        "OData-Version": "4.0",
        "Preference-Applied": "odata.include-annotations=\"*\"",
        "request-id": "4e568c58-7133-6ecc-a5f7-69ae534cb93c",
        "Server": "Microsoft-IIS/10.0",
        "Strict-Transport-Security": [
          "max-age=2592000",
          "max-age=15724800; includeSubDomains"
        ],
        "Transfer-Encoding": "chunked",
        "x-ms-client-request-id": "Sanitized"
      },
      "ResponseBody": {
        "@odata.context": "https://camaiaor.search.windows.net/$metadata#synonymmaps/$entity",
        "@odata.etag": "\"0x8DD5AD51E529834\"",
        "name": "slekrcwp",
        "format": "solr",
        "synonyms": "msft=>Microsoft",
        "encryptionKey": null
      }
    },
    {
      "RequestUri": "https://camaiaor.search.windows.net/synonymmaps('slekrcwp')?api-version=2025-03-01-preview",
      "RequestMethod": "PUT",
      "RequestHeaders": {
        "Accept": "application/json; odata.metadata=minimal",
        "api-key": "Sanitized",
        "Content-Length": "118",
        "Content-Type": "application/json",
        "If-Match": "\"0x8DD5AD51E529834\"",
        "Prefer": "return=representation",
        "traceparent": "00-25da1c76584a2a330b97fb65e14aa7f7-cec7ecdcf4065c00-00",
        "User-Agent": "azsdk-net-Search.Documents/11.7.0-alpha.20250303.1 (.NET 6.0.36; Microsoft Windows 10.0.26100)",
        "x-ms-client-request-id": "Sanitized",
        "x-ms-return-client-request-id": "true"
      },
      "RequestBody": {
        "name": "slekrcwp",
        "format": "solr",
        "synonyms": "ms,msft=>Microsoft",
        "@odata.etag": "\"0x8DD5AD51E529834\""
      },
      "StatusCode": 200,
      "ResponseHeaders": {
        "client-request-id": "Sanitized",
        "Content-Type": "application/json; odata.metadata=minimal; odata.streaming=true; charset=utf-8",
        "Date": "Tue, 04 Mar 2025 04:29:14 GMT",
        "elapsed-time": "20",
        "ETag": "\"0x8DD5AD51E5FCFC9\"",
        "OData-Version": "4.0",
        "Preference-Applied": "odata.include-annotations=\"*\"",
        "request-id": "8faafdb5-50f1-e714-0daf-6867d718a886",
        "Server": "Microsoft-IIS/10.0",
        "Strict-Transport-Security": [
          "max-age=2592000",
          "max-age=15724800; includeSubDomains"
        ],
        "Transfer-Encoding": "chunked",
        "x-ms-client-request-id": "Sanitized"
      },
      "ResponseBody": {
        "@odata.context": "https://camaiaor.search.windows.net/$metadata#synonymmaps/$entity",
        "@odata.etag": "\"0x8DD5AD51E5FCFC9\"",
        "name": "slekrcwp",
        "format": "solr",
        "synonyms": "ms,msft=>Microsoft",
        "encryptionKey": null
      }
    },
    {
      "RequestUri": "https://camaiaor.search.windows.net/synonymmaps('slekrcwp')?api-version=2025-03-01-preview",
      "RequestMethod": "PUT",
      "RequestHeaders": {
        "Accept": "application/json; odata.metadata=minimal",
        "api-key": "Sanitized",
        "Content-Length": "118",
        "Content-Type": "application/json",
        "If-Match": "\"0x8DD5AD51E529834\"",
        "Prefer": "return=representation",
        "traceparent": "00-4036bc4f5c48e4442ba135bd1dcf8bd2-9f870c00f95340ee-00",
        "User-Agent": "azsdk-net-Search.Documents/11.7.0-alpha.20250303.1 (.NET 6.0.36; Microsoft Windows 10.0.26100)",
        "x-ms-client-request-id": "Sanitized",
        "x-ms-return-client-request-id": "true"
      },
      "RequestBody": {
        "name": "slekrcwp",
        "format": "solr",
        "synonyms": "ms,msft=>Microsoft",
        "@odata.etag": "\"0x8DD5AD51E529834\""
      },
      "StatusCode": 412,
      "ResponseHeaders": {
        "Cache-Control": "no-store, no-cache",
        "client-request-id": "Sanitized",
        "Content-Language": "en",
        "Content-Length": "160",
        "Content-Type": "application/json; charset=utf-8",
        "Date": "Tue, 04 Mar 2025 04:29:14 GMT",
        "elapsed-time": "10",
        "Expires": "-1",
        "Pragma": "no-cache",
        "request-id": "43b7f3b2-f12e-8245-5193-315713604044",
        "Server": "Microsoft-IIS/10.0",
        "Strict-Transport-Security": "max-age=15724800; includeSubDomains",
        "x-ms-client-request-id": "Sanitized"
      },
      "ResponseBody": {
        "error": {
          "code": "",
          "message": "The precondition given in one of the request headers evaluated to false. No change was made to the resource from this request."
        }
      }
    },
    {
      "RequestUri": "https://camaiaor.search.windows.net/synonymmaps?$select=name&api-version=2025-03-01-preview",
      "RequestMethod": "GET",
      "RequestHeaders": {
        "Accept": "application/json; odata.metadata=minimal",
        "api-key": "Sanitized",
        "traceparent": "00-331ec3f428c497be8ef77898dcc2ecee-744b612b30a7feb2-00",
        "User-Agent": "azsdk-net-Search.Documents/11.7.0-alpha.20250303.1 (.NET 6.0.36; Microsoft Windows 10.0.26100)",
        "x-ms-client-request-id": "Sanitized",
        "x-ms-return-client-request-id": "true"
      },
      "RequestBody": null,
      "StatusCode": 200,
      "ResponseHeaders": {
        "client-request-id": "Sanitized",
        "Content-Type": "application/json; odata.metadata=minimal; odata.streaming=true; charset=utf-8",
        "Date": "Tue, 04 Mar 2025 04:29:14 GMT",
        "elapsed-time": "9",
        "OData-Version": "4.0",
        "Preference-Applied": "odata.include-annotations=\"*\"",
        "request-id": "7a2d23ee-8792-0705-776f-41830965978c",
        "Server": "Microsoft-IIS/10.0",
        "Strict-Transport-Security": [
          "max-age=2592000",
          "max-age=15724800; includeSubDomains"
        ],
        "Transfer-Encoding": "chunked",
        "x-ms-client-request-id": "Sanitized"
      },
      "ResponseBody": {
        "@odata.context": "https://camaiaor.search.windows.net/$metadata#synonymmaps(name)",
        "value": [
          {
            "name": "slekrcwp"
          }
        ]
      }
    },
    {
      "RequestUri": "https://camaiaor.search.windows.net/synonymmaps('slekrcwp')?api-version=2025-03-01-preview",
      "RequestMethod": "GET",
      "RequestHeaders": {
        "Accept": "application/json; odata.metadata=minimal",
        "api-key": "Sanitized",
        "traceparent": "00-514bb91290415c2e43b972c304c6115f-a2aa64333fdf928b-00",
        "User-Agent": "azsdk-net-Search.Documents/11.7.0-alpha.20250303.1 (.NET 6.0.36; Microsoft Windows 10.0.26100)",
        "x-ms-client-request-id": "Sanitized",
        "x-ms-return-client-request-id": "true"
      },
      "RequestBody": null,
      "StatusCode": 200,
      "ResponseHeaders": {
        "client-request-id": "Sanitized",
        "Content-Type": "application/json; odata.metadata=minimal; odata.streaming=true; charset=utf-8",
        "Date": "Tue, 04 Mar 2025 04:29:14 GMT",
        "elapsed-time": "8",
        "ETag": "\"0x8DD5AD51E5FCFC9\"",
        "OData-Version": "4.0",
        "Preference-Applied": "odata.include-annotations=\"*\"",
        "request-id": "60fbe34f-7695-c40e-b827-3e5e1fbdd4ad",
        "Server": "Microsoft-IIS/10.0",
        "Strict-Transport-Security": [
          "max-age=2592000",
          "max-age=15724800; includeSubDomains"
        ],
        "Transfer-Encoding": "chunked",
        "x-ms-client-request-id": "Sanitized"
      },
      "ResponseBody": {
        "@odata.context": "https://camaiaor.search.windows.net/$metadata#synonymmaps/$entity",
        "@odata.etag": "\"0x8DD5AD51E5FCFC9\"",
        "name": "slekrcwp",
        "format": "solr",
        "synonyms": "ms,msft=>Microsoft",
        "encryptionKey": null
      }
    },
    {
      "RequestUri": "https://camaiaor.search.windows.net/synonymmaps('slekrcwp')?api-version=2025-03-01-preview",
      "RequestMethod": "DELETE",
      "RequestHeaders": {
        "Accept": "application/json; odata.metadata=minimal",
        "api-key": "Sanitized",
        "If-Match": "\"0x8DD5AD51E5FCFC9\"",
        "traceparent": "00-0de489cef91385de086d01876301141f-5a2a5fea3c2377c4-00",
        "User-Agent": "azsdk-net-Search.Documents/11.7.0-alpha.20250303.1 (.NET 6.0.36; Microsoft Windows 10.0.26100)",
        "x-ms-client-request-id": "Sanitized",
        "x-ms-return-client-request-id": "true"
      },
      "RequestBody": null,
      "StatusCode": 204,
      "ResponseHeaders": {
        "client-request-id": "Sanitized",
        "Date": "Tue, 04 Mar 2025 04:29:14 GMT",
        "elapsed-time": "15",
        "Preference-Applied": "odata.include-annotations=\"*\"",
        "request-id": "b478236f-2dea-2bf4-edaf-ccbfb0c179ec",
        "Server": "Microsoft-IIS/10.0",
        "Strict-Transport-Security": [
          "max-age=2592000",
          "max-age=15724800; includeSubDomains"
        ],
        "x-ms-client-request-id": "Sanitized"
      },
      "ResponseBody": null
    }
  ],
  "Variables": {
    "RandomSeed": "921668604",
    "SearchIndexName": "xbvddfma",
    "SEARCH_ADMIN_API_KEY": "Sanitized",
    "SEARCH_ENDPOINT_SUFFIX": null,
    "SEARCH_SERVICE_NAME": "camaiaor"
  }
}
