{
  "Entries": [
    {
      "RequestUri": "https://azs-net-shrejasearchservice.search.windows.net/synonymmaps?api-version=2023-10-01-Preview",
      "RequestMethod": "POST",
      "RequestHeaders": {
        "Accept": "application/json; odata.metadata=minimal",
        "api-key": "Sanitized",
        "Content-Length": "69",
        "Content-Type": "application/json",
        "traceparent": "00-7d85d2d121e15e4d70a9b9b0e36a6c0a-bd8706625062d45f-00",
        "User-Agent": "azsdk-net-Search.Documents/11.5.0-alpha.20231003.1 (.NET 6.0.22; Microsoft Windows 10.0.22621)",
        "x-ms-client-request-id": "dffde68fcd12c38a548972e8bcdd50fe",
        "x-ms-return-client-request-id": "true"
      },
      "RequestBody": {
        "name": "xpoqdjug",
        "format": "solr",
        "synonyms": "msft=\u003EMicrosoft"
      },
      "StatusCode": 201,
      "ResponseHeaders": {
        "client-request-id": "dffde68f-cd12-c38a-5489-72e8bcdd50fe",
        "Content-Type": "application/json; odata.metadata=minimal; odata.streaming=true; charset=utf-8",
        "Date": "Tue, 03 Oct 2023 17:24:34 GMT",
        "elapsed-time": "18",
        "ETag": "\u00220x8DBC4359CA6F275\u0022",
        "Location": "https://azs-net-shrejasearchservice.search.windows.net/synonymmaps(\u0027xpoqdjug\u0027)?api-version=2023-10-01-Preview",
        "OData-Version": "4.0",
        "Preference-Applied": "odata.include-annotations=\u0022*\u0022",
        "request-id": "dffde68f-cd12-c38a-5489-72e8bcdd50fe",
        "Server": "Microsoft-IIS/10.0",
        "Strict-Transport-Security": [
          "max-age=2592000",
          "max-age=15724800; includeSubDomains"
        ],
        "Transfer-Encoding": "chunked",
        "x-ms-client-request-id": "dffde68f-cd12-c38a-5489-72e8bcdd50fe"
      },
      "ResponseBody": {
        "@odata.context": "https://azs-net-shrejasearchservice.search.windows.net/$metadata#synonymmaps/$entity",
        "@odata.etag": "\u00220x8DBC4359CA6F275\u0022",
        "name": "xpoqdjug",
        "format": "solr",
        "synonyms": "msft=\u003EMicrosoft",
        "encryptionKey": null
      }
    },
    {
      "RequestUri": "https://azs-net-shrejasearchservice.search.windows.net/synonymmaps(\u0027xpoqdjug\u0027)?api-version=2023-10-01-Preview",
      "RequestMethod": "PUT",
      "RequestHeaders": {
        "Accept": "application/json; odata.metadata=minimal",
        "api-key": "Sanitized",
        "Content-Length": "118",
        "Content-Type": "application/json",
        "If-Match": "\u00220x8DBC4359CA6F275\u0022",
        "Prefer": "return=representation",
        "traceparent": "00-7b72eeca5225a73ed89dc30cb8217434-6fb804ba2ad3c871-00",
        "User-Agent": "azsdk-net-Search.Documents/11.5.0-alpha.20231003.1 (.NET 6.0.22; Microsoft Windows 10.0.22621)",
        "x-ms-client-request-id": "53de99c6902941c07def7da4f311dbf8",
        "x-ms-return-client-request-id": "true"
      },
      "RequestBody": {
        "name": "xpoqdjug",
        "format": "solr",
        "synonyms": "ms,msft=\u003EMicrosoft",
        "@odata.etag": "\u00220x8DBC4359CA6F275\u0022"
      },
      "StatusCode": 200,
      "ResponseHeaders": {
        "client-request-id": "53de99c6-9029-41c0-7def-7da4f311dbf8",
        "Content-Type": "application/json; odata.metadata=minimal; odata.streaming=true; charset=utf-8",
        "Date": "Tue, 03 Oct 2023 17:24:34 GMT",
        "elapsed-time": "30",
        "ETag": "\u00220x8DBC4359CB2632D\u0022",
        "OData-Version": "4.0",
        "Preference-Applied": "odata.include-annotations=\u0022*\u0022",
        "request-id": "53de99c6-9029-41c0-7def-7da4f311dbf8",
        "Server": "Microsoft-IIS/10.0",
        "Strict-Transport-Security": [
          "max-age=2592000",
          "max-age=15724800; includeSubDomains"
        ],
        "Transfer-Encoding": "chunked",
        "x-ms-client-request-id": "53de99c6-9029-41c0-7def-7da4f311dbf8"
      },
      "ResponseBody": {
        "@odata.context": "https://azs-net-shrejasearchservice.search.windows.net/$metadata#synonymmaps/$entity",
        "@odata.etag": "\u00220x8DBC4359CB2632D\u0022",
        "name": "xpoqdjug",
        "format": "solr",
        "synonyms": "ms,msft=\u003EMicrosoft",
        "encryptionKey": null
      }
    },
    {
      "RequestUri": "https://azs-net-shrejasearchservice.search.windows.net/synonymmaps(\u0027xpoqdjug\u0027)?api-version=2023-10-01-Preview",
      "RequestMethod": "PUT",
      "RequestHeaders": {
        "Accept": "application/json; odata.metadata=minimal",
        "api-key": "Sanitized",
        "Content-Length": "118",
        "Content-Type": "application/json",
        "If-Match": "\u00220x8DBC4359CA6F275\u0022",
        "Prefer": "return=representation",
        "traceparent": "00-fde4ef33e36973e0ff0a2b5eeb859812-9f246aae170fe19c-00",
        "User-Agent": "azsdk-net-Search.Documents/11.5.0-alpha.20231003.1 (.NET 6.0.22; Microsoft Windows 10.0.22621)",
        "x-ms-client-request-id": "870083aae115c0e3647495f2168a6eb1",
        "x-ms-return-client-request-id": "true"
      },
      "RequestBody": {
        "name": "xpoqdjug",
        "format": "solr",
        "synonyms": "ms,msft=\u003EMicrosoft",
        "@odata.etag": "\u00220x8DBC4359CA6F275\u0022"
      },
      "StatusCode": 412,
      "ResponseHeaders": {
        "Cache-Control": "no-store, no-cache",
        "client-request-id": "870083aa-e115-c0e3-6474-95f2168a6eb1",
        "Content-Language": "en",
        "Content-Length": "160",
        "Content-Type": "application/json; charset=utf-8",
        "Date": "Tue, 03 Oct 2023 17:24:34 GMT",
        "elapsed-time": "10",
        "Expires": "-1",
        "Pragma": "no-cache",
        "request-id": "870083aa-e115-c0e3-6474-95f2168a6eb1",
        "Server": "Microsoft-IIS/10.0",
        "Strict-Transport-Security": "max-age=15724800; includeSubDomains",
        "x-ms-client-request-id": "870083aa-e115-c0e3-6474-95f2168a6eb1"
      },
      "ResponseBody": {
        "error": {
          "code": "",
          "message": "The precondition given in one of the request headers evaluated to false. No change was made to the resource from this request."
        }
      }
    },
    {
      "RequestUri": "https://azs-net-shrejasearchservice.search.windows.net/synonymmaps?$select=name\u0026api-version=2023-10-01-Preview",
      "RequestMethod": "GET",
      "RequestHeaders": {
        "Accept": "application/json; odata.metadata=minimal",
        "api-key": "Sanitized",
        "traceparent": "00-99ca167e658af4ef4d1b3d6194729145-41ebff2713940ff7-00",
        "User-Agent": "azsdk-net-Search.Documents/11.5.0-alpha.20231003.1 (.NET 6.0.22; Microsoft Windows 10.0.22621)",
        "x-ms-client-request-id": "44cec9552719ff0225bc622350e6cf42",
        "x-ms-return-client-request-id": "true"
      },
      "RequestBody": null,
      "StatusCode": 200,
      "ResponseHeaders": {
        "client-request-id": "44cec955-2719-ff02-25bc-622350e6cf42",
        "Content-Type": "application/json; odata.metadata=minimal; odata.streaming=true; charset=utf-8",
        "Date": "Tue, 03 Oct 2023 17:24:34 GMT",
        "elapsed-time": "8",
        "OData-Version": "4.0",
        "Preference-Applied": "odata.include-annotations=\u0022*\u0022",
        "request-id": "44cec955-2719-ff02-25bc-622350e6cf42",
        "Server": "Microsoft-IIS/10.0",
        "Strict-Transport-Security": [
          "max-age=2592000",
          "max-age=15724800; includeSubDomains"
        ],
        "Transfer-Encoding": "chunked",
        "x-ms-client-request-id": "44cec955-2719-ff02-25bc-622350e6cf42"
      },
      "ResponseBody": {
        "@odata.context": "https://azs-net-shrejasearchservice.search.windows.net/$metadata#synonymmaps(name)",
        "value": [
          {
            "name": "xpoqdjug"
          }
        ]
      }
    },
    {
      "RequestUri": "https://azs-net-shrejasearchservice.search.windows.net/synonymmaps(\u0027xpoqdjug\u0027)?api-version=2023-10-01-Preview",
      "RequestMethod": "GET",
      "RequestHeaders": {
        "Accept": "application/json; odata.metadata=minimal",
        "api-key": "Sanitized",
        "traceparent": "00-099917fb822a8eb0f2f81b8b7deac5bd-57e50c647cc5b409-00",
        "User-Agent": "azsdk-net-Search.Documents/11.5.0-alpha.20231003.1 (.NET 6.0.22; Microsoft Windows 10.0.22621)",
        "x-ms-client-request-id": "383d79adc8dce5e8b51defb5face2af3",
        "x-ms-return-client-request-id": "true"
      },
      "RequestBody": null,
      "StatusCode": 200,
      "ResponseHeaders": {
        "client-request-id": "383d79ad-c8dc-e5e8-b51d-efb5face2af3",
        "Content-Type": "application/json; odata.metadata=minimal; odata.streaming=true; charset=utf-8",
        "Date": "Tue, 03 Oct 2023 17:24:34 GMT",
        "elapsed-time": "21",
        "ETag": "\u00220x8DBC4359CB2632D\u0022",
        "OData-Version": "4.0",
        "Preference-Applied": "odata.include-annotations=\u0022*\u0022",
        "request-id": "383d79ad-c8dc-e5e8-b51d-efb5face2af3",
        "Server": "Microsoft-IIS/10.0",
        "Strict-Transport-Security": [
          "max-age=2592000",
          "max-age=15724800; includeSubDomains"
        ],
        "Transfer-Encoding": "chunked",
        "x-ms-client-request-id": "383d79ad-c8dc-e5e8-b51d-efb5face2af3"
      },
      "ResponseBody": {
        "@odata.context": "https://azs-net-shrejasearchservice.search.windows.net/$metadata#synonymmaps/$entity",
        "@odata.etag": "\u00220x8DBC4359CB2632D\u0022",
        "name": "xpoqdjug",
        "format": "solr",
        "synonyms": "ms,msft=\u003EMicrosoft",
        "encryptionKey": null
      }
    },
    {
      "RequestUri": "https://azs-net-shrejasearchservice.search.windows.net/synonymmaps(\u0027xpoqdjug\u0027)?api-version=2023-10-01-Preview",
      "RequestMethod": "DELETE",
      "RequestHeaders": {
        "Accept": "application/json; odata.metadata=minimal",
        "api-key": "Sanitized",
        "If-Match": "\u00220x8DBC4359CB2632D\u0022",
        "traceparent": "00-35f6049f2721ced556b3b9acf9b6609e-40ca1befc05155fd-00",
        "User-Agent": "azsdk-net-Search.Documents/11.5.0-alpha.20231003.1 (.NET 6.0.22; Microsoft Windows 10.0.22621)",
        "x-ms-client-request-id": "2a4ecb80964382df800162597ec0707e",
        "x-ms-return-client-request-id": "true"
      },
      "RequestBody": null,
      "StatusCode": 204,
      "ResponseHeaders": {
        "client-request-id": "2a4ecb80-9643-82df-8001-62597ec0707e",
        "Date": "Tue, 03 Oct 2023 17:24:34 GMT",
        "elapsed-time": "10",
        "Preference-Applied": "odata.include-annotations=\u0022*\u0022",
        "request-id": "2a4ecb80-9643-82df-8001-62597ec0707e",
        "Server": "Microsoft-IIS/10.0",
        "Strict-Transport-Security": [
          "max-age=2592000",
          "max-age=15724800; includeSubDomains"
        ],
        "x-ms-client-request-id": "2a4ecb80-9643-82df-8001-62597ec0707e"
      },
      "ResponseBody": null
    }
  ],
  "Variables": {
    "RandomSeed": "1846343573",
    "SearchIndexName": "jwdrtosj",
    "SEARCH_ADMIN_API_KEY": "Sanitized",
    "SEARCH_ENDPOINT_SUFFIX": "search.windows.net",
    "SEARCH_SERVICE_NAME": "azs-net-shrejasearchservice"
  }
}
