{
  "Entries": [
    {
      "RequestUri": "https://shrejasearchtme.search.windows.net/agents('xocjifme')?api-version=2025-05-01-preview",
      "RequestMethod": "GET",
      "RequestHeaders": {
        "Accept": "application/json; odata.metadata=minimal",
        "api-key": "Sanitized",
        "traceparent": "00-957751139c4615dcddd80b4390ed2767-73e0bac2751e0714-00",
        "User-Agent": "azsdk-net-Search.Documents/11.7.0-alpha.20250513.1 (.NET 9.0.5; Microsoft Windows 10.0.26100)",
        "x-ms-client-request-id": "Sanitized",
        "x-ms-return-client-request-id": "true"
      },
      "RequestBody": null,
      "StatusCode": 200,
      "ResponseHeaders": {
        "client-request-id": "Sanitized",
        "Content-Type": "application/json; odata.metadata=minimal; odata.streaming=true; charset=utf-8",
        "Date": "Wed, 14 May 2025 01:39:23 GMT",
        "elapsed-time": "110",
        "ETag": "\"0x8DD928826A209E0\"",
        "OData-Version": "4.0",
        "Preference-Applied": "odata.include-annotations=\"*\"",
        "request-id": "c897071e-0d78-ba20-4a49-82b0cb700395",
        "Server": "Microsoft-IIS/10.0",
        "Strict-Transport-Security": [
          "max-age=2592000",
          "max-age=15724800; includeSubDomains"
        ],
        "Transfer-Encoding": "chunked",
        "x-ms-client-request-id": "Sanitized"
      },
      "ResponseBody": {
        "@odata.context": "https://shrejasearchtme.search.windows.net/$metadata#agents/$entity",
        "@odata.etag": "\"0x8DD928826A209E0\"",
        "name": "xocjifme",
        "description": null,
        "targetIndexes": [
          {
            "indexName": "sbmpnwjc",
            "defaultRerankerThreshold": null,
            "defaultIncludeReferenceSourceData": null,
            "defaultMaxDocsForReranker": null
          }
        ],
        "models": [
          {
            "kind": "azureOpenAI",
            "azureOpenAIParameters": {
              "resourceUri": "https://aoaiexp1.openai.azure.com",
              "deploymentId": "gpt-4.1",
              "apiKey": "Sanitized",
              "modelName": "gpt-4.1",
              "authIdentity": null
            }
          }
        ],
        "requestLimits": null,
        "encryptionKey": null
      }
    },
    {
      "RequestUri": "https://shrejasearchtme.search.windows.net/agents('xocjifme')?api-version=2025-05-01-preview",
      "RequestMethod": "DELETE",
      "RequestHeaders": {
        "Accept": "application/json; odata.metadata=minimal",
        "api-key": "Sanitized",
        "traceparent": "00-f73963a43b2dab947467f657385d2a1d-5b014f90e0ca4f57-00",
        "User-Agent": "azsdk-net-Search.Documents/11.7.0-alpha.20250513.1 (.NET 9.0.5; Microsoft Windows 10.0.26100)",
        "x-ms-client-request-id": "Sanitized",
        "x-ms-return-client-request-id": "true"
      },
      "RequestBody": null,
      "StatusCode": 204,
      "ResponseHeaders": {
        "client-request-id": "Sanitized",
        "Date": "Wed, 14 May 2025 01:39:23 GMT",
        "elapsed-time": "120",
        "Preference-Applied": "odata.include-annotations=\"*\"",
        "request-id": "4a0dd2c8-c00c-f159-9426-444544a9d9c6",
        "Server": "Microsoft-IIS/10.0",
        "Strict-Transport-Security": [
          "max-age=2592000",
          "max-age=15724800; includeSubDomains"
        ],
        "x-ms-client-request-id": "Sanitized"
      },
      "ResponseBody": null
    },
    {
      "RequestUri": "https://shrejasearchtme.search.windows.net/indexes('sbmpnwjc')?api-version=2025-05-01-preview",
      "RequestMethod": "DELETE",
      "RequestHeaders": {
        "Accept": "application/json; odata.metadata=minimal",
        "api-key": "Sanitized",
        "traceparent": "00-8f4251ae290f42181ccd212e362a525d-565e11846c5c3bb2-00",
        "User-Agent": "azsdk-net-Search.Documents/11.7.0-alpha.20250513.1 (.NET 9.0.5; Microsoft Windows 10.0.26100)",
        "x-ms-client-request-id": "Sanitized",
        "x-ms-return-client-request-id": "true"
      },
      "RequestBody": null,
      "StatusCode": 204,
      "ResponseHeaders": {
        "client-request-id": "Sanitized",
        "Date": "Wed, 14 May 2025 01:39:23 GMT",
        "elapsed-time": "394",
        "Preference-Applied": "odata.include-annotations=\"*\"",
        "request-id": "190dc7fb-e0e2-3ec8-eaac-8c61efe516a4",
        "Server": "Microsoft-IIS/10.0",
        "Strict-Transport-Security": [
          "max-age=2592000",
          "max-age=15724800; includeSubDomains"
        ],
        "x-ms-client-request-id": "Sanitized"
      },
      "ResponseBody": null
    }
  ],
  "Variables": {
    "KnowledgeAgentName": "xocjifme",
    "RandomSeed": "1385514493",
    "SearchIndexName": "sbmpnwjc",
    "SEARCH_ADMIN_API_KEY": "Sanitized",
    "SEARCH_ENDPOINT_SUFFIX": "search.windows.net",
    "SEARCH_SERVICE_NAME": "shrejasearchtme"
  }
}
