{
  "Entries": [
    {
      "RequestUri": "https://endpoint/identities?api-version=2025-03-02-preview",
      "RequestMethod": "POST",
      "RequestHeaders": {
        "Accept": "application/json",
        "Accept-Encoding": "gzip,deflate",
        "Authorization": "Sanitized",
        "Connection": "keep-alive",
        "Content-Length": "34",
        "Content-Type": "application/json",
        "User-Agent": "azsdk-js-communication-identity/1.3.2 core-rest-pipeline/1.20.1 Node/22.14.0 OS/(arm64-Darwin-24.4.0)",
        "x-ms-client-request-id": "Sanitized",
        "x-ms-content-sha256": "Sanitized",
        "x-ms-date": "Fri, 09 May 2025 17:04:47 GMT"
      },
      "RequestBody": {
        "createTokenWithScopes": [
          "chat"
        ]
      },
      "StatusCode": 201,
      "ResponseHeaders": {
        "api-supported-versions": "2020-07-20-preview2, 2021-03-07, 2021-10-31-preview, 2021-11-01, 2022-06-01, 2022-10-01, 2023-10-01, 2025-03-02-preview",
        "Connection": "keep-alive",
        "Content-Length": "285",
        "Content-Type": "application/json; charset=utf-8",
        "Date": "Fri, 09 May 2025 17:04:48 GMT",
        "MS-CV": "Sanitized",
        "Request-Context": "appId=",
        "Strict-Transport-Security": "max-age=31536000;includeSubDomains",
        "x-azure-ref": "Sanitized",
        "X-Cache": "CONFIG_NOCACHE",
        "x-ms-client-request-id": "Sanitized",
        "X-Processing-Time": "91ms"
      },
      "ResponseBody": {
        "identity": {
          "id": "8:acs:dd9753c0-6e62-4f74-ab0f-c94f9723b4eb_00000027-55e3-5c81-1252-573a0d000bee"
        },
        "accessToken": {
          "token": "eyJhbGciOiJIUzI1NiIsInR5cCI6IkpXVCJ9.eyJleHAiOjE3MTc2MzQ4MDguMTd9.Rx6RqlnKsM09viqebSbPDKRcUp3EIKDEHNVXq3Wb0ms",
          "expiresOn": "2025-05-10T17:04:48.2659491+00:00"
        }
      }
    },
    {
      "RequestUri": "https://endpoint/identities?api-version=2025-03-02-preview",
      "RequestMethod": "POST",
      "RequestHeaders": {
        "Accept": "application/json",
        "Accept-Encoding": "gzip,deflate",
        "Authorization": "Sanitized",
        "Connection": "keep-alive",
        "Content-Length": "34",
        "Content-Type": "application/json",
        "User-Agent": "azsdk-js-communication-identity/1.3.2 core-rest-pipeline/1.20.1 Node/22.14.0 OS/(arm64-Darwin-24.4.0)",
        "x-ms-client-request-id": "Sanitized",
        "x-ms-content-sha256": "Sanitized",
        "x-ms-date": "Fri, 09 May 2025 17:04:48 GMT"
      },
      "RequestBody": {
        "createTokenWithScopes": [
          "chat"
        ]
      },
      "StatusCode": 201,
      "ResponseHeaders": {
        "api-supported-versions": "2020-07-20-preview2, 2021-03-07, 2021-10-31-preview, 2021-11-01, 2022-06-01, 2022-10-01, 2023-10-01, 2025-03-02-preview",
        "Connection": "keep-alive",
        "Content-Length": "285",
        "Content-Type": "application/json; charset=utf-8",
        "Date": "Fri, 09 May 2025 17:04:48 GMT",
        "MS-CV": "Sanitized",
        "Request-Context": "appId=",
        "Strict-Transport-Security": "max-age=31536000;includeSubDomains",
        "x-azure-ref": "Sanitized",
        "X-Cache": "CONFIG_NOCACHE",
        "x-ms-client-request-id": "Sanitized",
        "X-Processing-Time": "91ms"
      },
      "ResponseBody": {
        "identity": {
          "id": "8:acs:dd9753c0-6e62-4f74-ab0f-c94f9723b4eb_00000027-55e3-5d1f-9f3b-8e3a0d000d5f"
        },
        "accessToken": {
          "token": "eyJhbGciOiJIUzI1NiIsInR5cCI6IkpXVCJ9.eyJleHAiOjE3MTc2MzQ4MDguMTd9.Rx6RqlnKsM09viqebSbPDKRcUp3EIKDEHNVXq3Wb0ms",
          "expiresOn": "2025-05-10T17:04:48.4241731+00:00"
        }
      }
    },
    {
      "RequestUri": "https://endpoint/chat/threads?api-version=2024-06-05-preview",
      "RequestMethod": "POST",
      "RequestHeaders": {
        "Accept": "application/json",
        "Accept-Encoding": "gzip,deflate",
        "Authorization": "Sanitized",
        "Connection": "keep-alive",
        "Content-Length": "636",
        "Content-Type": "application/json",
        "repeatability-request-id": "Sanitized",
        "User-Agent": "azsdk-js-communication-chat/1.6.0-beta.4 core-rest-pipeline/1.20.1 Node/22.14.0 OS/(arm64-Darwin-24.4.0)",
        "x-ms-client-request-id": "Sanitized"
      },
      "RequestBody": {
        "topic": "test topic",
        "participants": [
          {
            "communicationIdentifier": {
              "rawId": "8:acs:dd9753c0-6e62-4f74-ab0f-c94f9723b4eb_00000027-55e3-5c81-1252-573a0d000bee",
              "communicationUser": {
                "id": "8:acs:dd9753c0-6e62-4f74-ab0f-c94f9723b4eb_00000027-55e3-5c81-1252-573a0d000bee"
              }
            }
          },
          {
            "communicationIdentifier": {
              "rawId": "8:acs:dd9753c0-6e62-4f74-ab0f-c94f9723b4eb_00000027-55e3-5d1f-9f3b-8e3a0d000d5f",
              "communicationUser": {
                "id": "8:acs:dd9753c0-6e62-4f74-ab0f-c94f9723b4eb_00000027-55e3-5d1f-9f3b-8e3a0d000d5f"
              }
            }
          }
        ],
        "metadata": {
          "threadType": "primary",
          "secondaryThread": "test-id"
        },
        "retentionPolicy": {
          "kind": "threadCreationDate",
          "deleteThreadAfterDays": 90
        }
      },
      "StatusCode": 201,
      "ResponseHeaders": {
        "Access-Control-Expose-Headers": "*",
        "api-supported-versions": "2021-03-07, 2021-04-05-preview6, 2021-09-07, 2023-04-01-preview, 2023-07-01-preview, 2023-11-07, 2023-11-15-preview, 2024-03-01-preview, 2024-03-07, 2024-03-15-preview, 2024-06-05-preview",
        "Connection": "keep-alive",
        "Content-Length": "559",
        "Content-Type": "application/json; charset=utf-8",
        "Date": "Fri, 09 May 2025 17:04:50 GMT",
        "Location": "https://endpoint/chat/threads/19%3AacsV1_afIOuB1wR_aqxvRZuAaAjROWjHOfUUFK7B-oU9LfS7k1@thread.v2",
        "MS-CV": "Sanitized",
        "Strict-Transport-Security": "max-age=31536000;includeSubDomains",
        "x-azure-ref": "Sanitized",
        "X-Cache": "CONFIG_NOCACHE",
        "X-Processing-Time": "1214ms"
      },
      "ResponseBody": {
        "chatThread": {
          "id": "19:acsV1_afIOuB1wR_aqxvRZuAaAjROWjHOfUUFK7B-oU9LfS7k1@thread.v2",
          "topic": "test topic",
          "createdOn": "2025-05-09T17:04:49Z",
          "createdByCommunicationIdentifier": {
            "rawId": "8:acs:dd9753c0-6e62-4f74-ab0f-c94f9723b4eb_00000027-55e3-5c81-1252-573a0d000bee",
            "communicationUser": {
              "id": "8:acs:dd9753c0-6e62-4f74-ab0f-c94f9723b4eb_00000027-55e3-5c81-1252-573a0d000bee"
            }
          },
          "metadata": {
            "threadType": "primary",
            "secondaryThread": "test-id"
          },
          "retentionPolicy": {
            "kind": "threadCreationDate",
            "deleteThreadAfterDays": 90
          },
          "messagingPolicy": {
            "textOnlyChat": false
          }
        }
      }
    }
  ],
  "Variables": {}
}
