{
  "Entries": [
    {
      "RequestUri": "https://fakeaccount.table.core.windows.net/Tables",
      "RequestMethod": "POST",
      "RequestHeaders": {
        "Accept": "application/json;odata=minimalmetadata",
        "Accept-Encoding": "gzip",
        "Authorization": "Sanitized",
        "Content-Length": "35",
        "Content-Type": "application/json",
        "DataServiceVersion": "3.0",
        "User-Agent": "azsdk-go-aztables/v1.1.1 (go1.21.6; Windows_NT)",
        "X-Ms-Date": "Mon, 26 Feb 2024 20:24:15 GMT",
        "x-ms-version": "2019-02-02"
      },
      "RequestBody": {
        "TableName": "tableName1749291470"
      },
      "StatusCode": 201,
      "ResponseHeaders": {
        "Cache-Control": "no-cache",
        "Content-Type": "application/json; odata=minimalmetadata; streaming=true; charset=utf-8",
        "Date": "Mon, 26 Feb 2024 20:24:14 GMT",
        "Location": "https://fakeaccount.table.core.windows.net/Tables(\u0027tableName1749291470\u0027)",
        "Server": [
          "Windows-Azure-Table/1.0",
          "Microsoft-HTTPAPI/2.0"
        ],
        "Transfer-Encoding": "chunked",
        "X-Content-Type-Options": "nosniff",
        "x-ms-request-id": "c1f94d54-e002-0055-17f1-68f169000000",
        "x-ms-version": "2019-02-02"
      },
      "ResponseBody": {
        "odata.metadata": "https://fakeaccount.table.core.windows.net/$metadata#Tables/@Element",
        "TableName": "tableName1749291470"
      }
    },
    {
      "RequestUri": "https://fakeaccount.table.core.windows.net/tableName1749291470",
      "RequestMethod": "POST",
      "RequestHeaders": {
        "Accept": "application/json;odata=minimalmetadata",
        "Accept-Encoding": "gzip",
        "Authorization": "Sanitized",
        "Content-Length": "83",
        "Content-Type": "application/json",
        "DataServiceVersion": "3.0",
        "User-Agent": "azsdk-go-aztables/v1.1.1 (go1.21.6; Windows_NT)",
        "X-Ms-Date": "Mon, 26 Feb 2024 20:24:15 GMT",
        "x-ms-version": "2019-02-02"
      },
      "RequestBody": {
        "PartitionKey": "partition1749291470",
        "RowKey": "1",
        "Unicode": "\uA015",
        "\uA015": "Unicode"
      },
      "StatusCode": 201,
      "ResponseHeaders": {
        "Cache-Control": "no-cache",
        "Content-Type": "application/json; odata=minimalmetadata; streaming=true; charset=utf-8",
        "Date": "Mon, 26 Feb 2024 20:24:14 GMT",
        "ETag": "W/\u0022datetime\u00272024-02-26T20%3A24%3A15.4141061Z\u0027\u0022",
        "Location": "https://fakeaccount.table.core.windows.net/tableName1749291470(PartitionKey=\u0027partition1749291470\u0027,RowKey=\u00271\u0027)",
        "Server": [
          "Windows-Azure-Table/1.0",
          "Microsoft-HTTPAPI/2.0"
        ],
        "Transfer-Encoding": "chunked",
        "X-Content-Type-Options": "nosniff",
        "x-ms-request-id": "c1f94d88-e002-0055-49f1-68f169000000",
        "x-ms-version": "2019-02-02"
      },
      "ResponseBody": {
        "odata.metadata": "https://fakeaccount.table.core.windows.net/$metadata#tableName1749291470/@Element",
        "odata.etag": "W/\u0022datetime\u00272024-02-26T20%3A24%3A15.4141061Z\u0027\u0022",
        "PartitionKey": "partition1749291470",
        "RowKey": "1",
        "Timestamp": "2024-02-26T20:24:15.4141061Z",
        "Unicode": "\uA015",
        "\uA015": "Unicode"
      }
    },
    {
      "RequestUri": "https://fakeaccount.table.core.windows.net/tableName1749291470(PartitionKey=\u0027partition1749291470\u0027,RowKey=\u00271\u0027)",
      "RequestMethod": "GET",
      "RequestHeaders": {
        "Accept": "application/json;odata=minimalmetadata",
        "Accept-Encoding": "gzip",
        "Authorization": "Sanitized",
        "DataServiceVersion": "3.0",
        "User-Agent": "azsdk-go-aztables/v1.1.1 (go1.21.6; Windows_NT)",
        "X-Ms-Date": "Mon, 26 Feb 2024 20:24:16 GMT",
        "x-ms-version": "2019-02-02"
      },
      "RequestBody": null,
      "StatusCode": 200,
      "ResponseHeaders": {
        "Cache-Control": "no-cache",
        "Content-Type": "application/json; odata=minimalmetadata; streaming=true; charset=utf-8",
        "Date": "Mon, 26 Feb 2024 20:24:14 GMT",
        "ETag": "W/\u0022datetime\u00272024-02-26T20%3A24%3A15.4141061Z\u0027\u0022",
        "Server": [
          "Windows-Azure-Table/1.0",
          "Microsoft-HTTPAPI/2.0"
        ],
        "Transfer-Encoding": "chunked",
        "X-Content-Type-Options": "nosniff",
        "x-ms-request-id": "c1f94dbf-e002-0055-7ef1-68f169000000",
        "x-ms-version": "2019-02-02"
      },
      "ResponseBody": {
        "odata.metadata": "https://fakeaccount.table.core.windows.net/$metadata#tableName1749291470/@Element",
        "odata.etag": "W/\u0022datetime\u00272024-02-26T20%3A24%3A15.4141061Z\u0027\u0022",
        "PartitionKey": "partition1749291470",
        "RowKey": "1",
        "Timestamp": "2024-02-26T20:24:15.4141061Z",
        "Unicode": "\uA015",
        "\uA015": "Unicode"
      }
    },
    {
      "RequestUri": "https://fakeaccount.table.core.windows.net/Tables(\u0027tableName1749291470\u0027)",
      "RequestMethod": "DELETE",
      "RequestHeaders": {
        "Accept": "application/json",
        "Accept-Encoding": "gzip",
        "Authorization": "Sanitized",
        "User-Agent": "azsdk-go-aztables/v1.1.1 (go1.21.6; Windows_NT)",
        "X-Ms-Date": "Mon, 26 Feb 2024 20:24:16 GMT",
        "x-ms-version": "2019-02-02"
      },
      "RequestBody": null,
      "StatusCode": 204,
      "ResponseHeaders": {
        "Cache-Control": "no-cache",
        "Content-Length": "0",
        "Date": "Mon, 26 Feb 2024 20:24:14 GMT",
        "Server": [
          "Windows-Azure-Table/1.0",
          "Microsoft-HTTPAPI/2.0"
        ],
        "X-Content-Type-Options": "nosniff",
        "x-ms-request-id": "c1f94dde-e002-0055-1bf1-68f169000000",
        "x-ms-version": "2019-02-02"
      },
      "ResponseBody": null
    }
  ],
  "Variables": {}
}
