{
  "Entries": [
    {
      "RequestUri": "https://REDACTED/identities?api-version=2023-10-01",
      "RequestMethod": "POST",
      "RequestHeaders": {
        "Accept": "application/json",
        "Authorization": "Sanitized",
        "Content-Length": "2",
        "Content-Type": "application/json",
        "User-Agent": "azsdk-java-azure-communication-identity/1.6.5 (21.0.7; Windows 11; 10.0)",
        "x-ms-client-request-id": "REDACTED",
        "x-ms-content-sha256": "REDACTED",
        "x-ms-date": "Wed, 30 Jul 2025 11:31:36 GMT",
        "x-ms-hmac-string-to-sign-base64": "REDACTED"
      },
      "RequestBody": {},
      "StatusCode": 201,
      "ResponseHeaders": {
        "api-supported-versions": "2020-07-20-preview2, 2021-03-07, 2021-10-31-preview, 2021-11-01, 2022-06-01, 2022-10-01, 2023-10-01, 2025-03-02-preview, 2025-06-30",
        "Connection": "keep-alive",
        "Content-Length": "30",
        "Content-Type": "application/json; charset=utf-8",
        "Date": "Wed, 30 Jul 2025 11:31:39 GMT",
        "MS-CV": "REDACTED",
        "Request-Context": "appId=",
        "Strict-Transport-Security": "REDACTED",
        "x-azure-ref": "REDACTED",
        "X-Cache": "CONFIG_NOCACHE",
        "x-ms-client-request-id": "REDACTED",
        "X-Processing-Time": "25ms"
      },
      "ResponseBody": {
        "identity": {
          "id": "REDACTED"
        }
      }
    },
    {
      "RequestUri": "https://REDACTED/identities?api-version=2023-10-01",
      "RequestMethod": "POST",
      "RequestHeaders": {
        "Accept": "application/json",
        "Authorization": "Sanitized",
        "Content-Length": "2",
        "Content-Type": "application/json",
        "User-Agent": "azsdk-java-azure-communication-identity/1.6.5 (21.0.7; Windows 11; 10.0)",
        "x-ms-client-request-id": "REDACTED",
        "x-ms-content-sha256": "REDACTED",
        "x-ms-date": "Wed, 30 Jul 2025 11:31:37 GMT",
        "x-ms-hmac-string-to-sign-base64": "REDACTED"
      },
      "RequestBody": {},
      "StatusCode": 201,
      "ResponseHeaders": {
        "api-supported-versions": "2020-07-20-preview2, 2021-03-07, 2021-10-31-preview, 2021-11-01, 2022-06-01, 2022-10-01, 2023-10-01, 2025-03-02-preview, 2025-06-30",
        "Connection": "keep-alive",
        "Content-Length": "30",
        "Content-Type": "application/json; charset=utf-8",
        "Date": "Wed, 30 Jul 2025 11:31:39 GMT",
        "MS-CV": "REDACTED",
        "Request-Context": "appId=",
        "Strict-Transport-Security": "REDACTED",
        "x-azure-ref": "REDACTED",
        "X-Cache": "CONFIG_NOCACHE",
        "x-ms-client-request-id": "REDACTED",
        "X-Processing-Time": "18ms"
      },
      "ResponseBody": {
        "identity": {
          "id": "REDACTED"
        }
      }
    },
    {
      "RequestUri": "https://REDACTED/identities?api-version=2023-10-01",
      "RequestMethod": "POST",
      "RequestHeaders": {
        "Accept": "application/json",
        "Authorization": "Sanitized",
        "Content-Length": "2",
        "Content-Type": "application/json",
        "User-Agent": "azsdk-java-azure-communication-identity/1.6.5 (21.0.7; Windows 11; 10.0)",
        "x-ms-client-request-id": "REDACTED",
        "x-ms-content-sha256": "REDACTED",
        "x-ms-date": "Wed, 30 Jul 2025 11:31:37 GMT",
        "x-ms-hmac-string-to-sign-base64": "REDACTED"
      },
      "RequestBody": {},
      "StatusCode": 201,
      "ResponseHeaders": {
        "api-supported-versions": "2020-07-20-preview2, 2021-03-07, 2021-10-31-preview, 2021-11-01, 2022-06-01, 2022-10-01, 2023-10-01, 2025-03-02-preview, 2025-06-30",
        "Connection": "keep-alive",
        "Content-Length": "30",
        "Content-Type": "application/json; charset=utf-8",
        "Date": "Wed, 30 Jul 2025 11:31:39 GMT",
        "MS-CV": "REDACTED",
        "Request-Context": "appId=",
        "Strict-Transport-Security": "REDACTED",
        "x-azure-ref": "REDACTED",
        "X-Cache": "CONFIG_NOCACHE",
        "x-ms-client-request-id": "REDACTED",
        "X-Processing-Time": "15ms"
      },
      "ResponseBody": {
        "identity": {
          "id": "REDACTED"
        }
      }
    },
    {
      "RequestUri": "https://REDACTED/calling/callConnections?api-version=2025-08-15-preview",
      "RequestMethod": "POST",
      "RequestHeaders": {
        "Accept": "application/json",
        "Authorization": "Sanitized",
        "Content-Length": "124",
        "Content-Type": "application/json",
        "repeatability-first-sent": "REDACTED",
        "repeatability-request-id": "REDACTED",
        "User-Agent": "azsdk-java-azure-communication-callautomation/1.6.0-beta.1 (21.0.7; Windows 11; 10.0)",
        "X-FORWARDED-HOST": "acscallautomationsdklivetestresource.unitedstates.communication.azure.com",
        "x-ms-client-request-id": "REDACTED",
        "x-ms-content-sha256": "REDACTED",
        "x-ms-date": "Wed, 30 Jul 2025 11:31:41 GMT",
        "x-ms-hmac-string-to-sign-base64": "REDACTED"
      },
      "RequestBody": {
        "targets": [
          {
            "rawId": "REDACTED",
            "communicationUser": {
              "id": "REDACTED"
            }
          }
        ],
        "callbackUri": "REDACTED",
        "source": {
          "id": "REDACTED"
        }
      },
      "StatusCode": 201,
      "ResponseHeaders": {
        "api-supported-versions": "2023-06-15-preview, 2024-01-22-preview, 2024-06-15-preview, 2024-11-15-preview, 2025-03-30-preview, 2025-08-15-preview",
        "Content-Type": "application/json; charset=utf-8",
        "Date": "Wed, 30 Jul 2025 11:31:44 GMT",
        "Server": "Kestrel",
        "Transfer-Encoding": "chunked",
        "X-Microsoft-Skype-Chain-ID": "55abf14d-ebbf-4208-9594-877eee30ac18",
        "X-Microsoft-Skype-Client": "azsdk-java-azure-communication-callautomation/1.6.0-beta.1 (21.0.7; Windows 11; 10.0)",
        "x-ms-client-request-id": "REDACTED",
        "X-Ms-Client-Version": "azsdk-java-azure-communication-callautomation/1.6.0-beta.1 (21.0.7; Windows 11; 10.0)"
      },
      "ResponseBody": {
        "callConnectionId": "03009180-4cf8-4167-ae3c-3465469f7053",
        "targets": [
          {
            "rawId": "REDACTED",
            "kind": "communicationUser",
            "communicationUser": {
              "id": "REDACTED"
            }
          }
        ],
        "callConnectionState": "connecting",
        "callbackUri": "REDACTED",
        "sourceDisplayName": "",
        "source": {
          "rawId": "REDACTED",
          "kind": "communicationUser",
          "communicationUser": {
            "id": "REDACTED"
          }
        },
        "correlationId": "55abf14d-ebbf-4208-9594-877eee30ac18",
        "mediaStreamingSubscription": {
          "id": "REDACTED",
          "state": "disabled",
          "subscribedContentTypes": [
            "audio"
          ]
        }
      }
    },
    {
      "RequestUri": "https://REDACTED/calling/callConnections:answer?api-version=2025-08-15-preview",
      "RequestMethod": "POST",
      "RequestHeaders": {
        "Accept": "application/json",
        "Authorization": "Sanitized",
        "Content-Length": "59",
        "Content-Type": "application/json",
        "repeatability-first-sent": "REDACTED",
        "repeatability-request-id": "REDACTED",
        "User-Agent": "azsdk-java-azure-communication-callautomation/1.6.0-beta.1 (21.0.7; Windows 11; 10.0)",
        "X-FORWARDED-HOST": "acscallautomationsdklivetestresource.unitedstates.communication.azure.com",
        "x-ms-client-request-id": "REDACTED",
        "x-ms-content-sha256": "REDACTED",
        "x-ms-date": "Wed, 30 Jul 2025 11:31:45 GMT",
        "x-ms-hmac-string-to-sign-base64": "REDACTED"
      },
      "RequestBody": {
        "incomingCallContext": "REDACTED",
        "callbackUri": "REDACTED"
      },
      "StatusCode": 200,
      "ResponseHeaders": {
        "api-supported-versions": "2023-06-15-preview, 2024-01-22-preview, 2024-06-15-preview, 2024-11-15-preview, 2025-03-30-preview, 2025-08-15-preview",
        "Content-Type": "application/json; charset=utf-8",
        "Date": "Wed, 30 Jul 2025 11:31:47 GMT",
        "Server": "Kestrel",
        "Transfer-Encoding": "chunked",
        "X-Microsoft-Skype-Chain-ID": "55abf14d-ebbf-4208-9594-877eee30ac18",
        "X-Microsoft-Skype-Client": "azsdk-java-azure-communication-callautomation/1.6.0-beta.1 (21.0.7; Windows 11; 10.0)",
        "x-ms-client-request-id": "REDACTED",
        "X-Ms-Client-Version": "azsdk-java-azure-communication-callautomation/1.6.0-beta.1 (21.0.7; Windows 11; 10.0)"
      },
      "ResponseBody": {
        "callConnectionId": "03009180-7bec-445c-8f02-b6e6a3fff047",
        "serverCallId": "aHR0cHM6Ly9hcGkuZmxpZ2h0cHJveHkuc2t5cGUuY29tL2FwaS92Mi9jcC9jb252LXVzZWEtMDItc2RmLWFrcy5jb252LnNreXBlLmNvbS9jb252L0phX3hmTzVSdlVXMlZBWldvY0NJMWc/aT0xMC0xMjgtODQtMjU1JmU9NjM4ODkzMjI2MjY3OTQ0OTkx",
        "targets": [
          {
            "rawId": "REDACTED",
            "kind": "communicationUser",
            "communicationUser": {
              "id": "REDACTED"
            }
          }
        ],
        "callConnectionState": "connecting",
        "callbackUri": "REDACTED",
        "source": {
          "rawId": "REDACTED",
          "kind": "communicationUser",
          "communicationUser": {
            "id": "REDACTED"
          }
        },
        "correlationId": "55abf14d-ebbf-4208-9594-877eee30ac18",
        "mediaStreamingSubscription": {
          "id": "REDACTED",
          "state": "disabled",
          "subscribedContentTypes": [
            "audio"
          ]
        }
      }
    },
    {
      "RequestUri": "https://REDACTED/calling/callConnections/03009180-4cf8-4167-ae3c-3465469f7053/participants:add?api-version=2025-08-15-preview",
      "RequestMethod": "POST",
      "RequestHeaders": {
        "Accept": "application/json",
        "Authorization": "Sanitized",
        "Content-Length": "121",
        "Content-Type": "application/json",
        "repeatability-first-sent": "REDACTED",
        "repeatability-request-id": "REDACTED",
        "User-Agent": "azsdk-java-azure-communication-callautomation/1.6.0-beta.1 (21.0.7; Windows 11; 10.0)",
        "X-FORWARDED-HOST": "acscallautomationsdklivetestresource.unitedstates.communication.azure.com",
        "x-ms-client-request-id": "REDACTED",
        "x-ms-content-sha256": "REDACTED",
        "x-ms-date": "Wed, 30 Jul 2025 11:31:46 GMT",
        "x-ms-hmac-string-to-sign-base64": "REDACTED"
      },
      "RequestBody": {
        "participantToAdd": {
          "rawId": "REDACTED",
          "communicationUser": {
            "id": "REDACTED"
          }
        },
        "customCallingContext": {
          "voipHeaders": {}
        }
      },
      "StatusCode": 202,
      "ResponseHeaders": {
        "api-supported-versions": "2023-06-15-preview, 2024-01-22-preview, 2024-06-15-preview, 2024-11-15-preview, 2025-03-30-preview, 2025-08-15-preview",
        "Content-Type": "application/json; charset=utf-8",
        "Date": "Wed, 30 Jul 2025 11:31:48 GMT",
        "Repeatability-Result": "accepted",
        "Server": "Kestrel",
        "Transfer-Encoding": "chunked",
        "X-Microsoft-Skype-Chain-ID": "55abf14d-ebbf-4208-9594-877eee30ac18",
        "X-Microsoft-Skype-Client": "azsdk-java-azure-communication-callautomation/1.6.0-beta.1 (21.0.7; Windows 11; 10.0)",
        "x-ms-client-request-id": "REDACTED",
        "X-Ms-Client-Version": "azsdk-java-azure-communication-callautomation/1.6.0-beta.1 (21.0.7; Windows 11; 10.0)"
      },
      "ResponseBody": {
        "participant": {
          "identifier": {
            "rawId": "REDACTED",
            "kind": "communicationUser",
            "communicationUser": {
              "id": "REDACTED"
            }
          },
          "isMuted": false,
          "isOnHold": false
        },
        "invitationId": "1772f56d-4361-44ff-ae03-a7b8a11cbc98"
      }
    },
    {
      "RequestUri": "https://REDACTED/calling/callConnections:answer?api-version=2025-08-15-preview",
      "RequestMethod": "POST",
      "RequestHeaders": {
        "Accept": "application/json",
        "Authorization": "Sanitized",
        "Content-Length": "59",
        "Content-Type": "application/json",
        "repeatability-first-sent": "REDACTED",
        "repeatability-request-id": "REDACTED",
        "User-Agent": "azsdk-java-azure-communication-callautomation/1.6.0-beta.1 (21.0.7; Windows 11; 10.0)",
        "X-FORWARDED-HOST": "acscallautomationsdklivetestresource.unitedstates.communication.azure.com",
        "x-ms-client-request-id": "REDACTED",
        "x-ms-content-sha256": "REDACTED",
        "x-ms-date": "Wed, 30 Jul 2025 11:31:48 GMT",
        "x-ms-hmac-string-to-sign-base64": "REDACTED"
      },
      "RequestBody": {
        "incomingCallContext": "REDACTED",
        "callbackUri": "REDACTED"
      },
      "StatusCode": 200,
      "ResponseHeaders": {
        "api-supported-versions": "2023-06-15-preview, 2024-01-22-preview, 2024-06-15-preview, 2024-11-15-preview, 2025-03-30-preview, 2025-08-15-preview",
        "Content-Type": "application/json; charset=utf-8",
        "Date": "Wed, 30 Jul 2025 11:31:50 GMT",
        "Server": "Kestrel",
        "Transfer-Encoding": "chunked",
        "X-Microsoft-Skype-Chain-ID": "55abf14d-ebbf-4208-9594-877eee30ac18",
        "X-Microsoft-Skype-Client": "azsdk-java-azure-communication-callautomation/1.6.0-beta.1 (21.0.7; Windows 11; 10.0)",
        "x-ms-client-request-id": "REDACTED",
        "X-Ms-Client-Version": "azsdk-java-azure-communication-callautomation/1.6.0-beta.1 (21.0.7; Windows 11; 10.0)"
      },
      "ResponseBody": {
        "callConnectionId": "03009180-d8e6-448f-bdcf-74c21fe427a3",
        "serverCallId": "aHR0cHM6Ly9hcGkuZmxpZ2h0cHJveHkuc2t5cGUuY29tL2FwaS92Mi9jcC9jb252LXVzZWEtMDItc2RmLWFrcy5jb252LnNreXBlLmNvbS9jb252L0phX3hmTzVSdlVXMlZBWldvY0NJMWc/aT0xMC0xMjgtODQtMjU1JmU9NjM4ODkzMjI2MjY3OTQ0OTkx",
        "targets": [
          {
            "rawId": "REDACTED",
            "kind": "communicationUser",
            "communicationUser": {
              "id": "REDACTED"
            }
          }
        ],
        "callConnectionState": "connecting",
        "callbackUri": "REDACTED",
        "source": {
          "rawId": "REDACTED",
          "kind": "communicationUser",
          "communicationUser": {
            "id": "REDACTED"
          }
        },
        "correlationId": "55abf14d-ebbf-4208-9594-877eee30ac18",
        "mediaStreamingSubscription": {
          "id": "REDACTED",
          "state": "disabled",
          "subscribedContentTypes": [
            "audio"
          ]
        }
      }
    },
    {
      "RequestUri": "https://REDACTED/calling/callConnections/03009180-4cf8-4167-ae3c-3465469f7053/participants?api-version=2025-08-15-preview",
      "RequestMethod": "GET",
      "RequestHeaders": {
        "Accept": "application/json",
        "Authorization": "Sanitized",
        "Content-Length": "0",
        "User-Agent": "azsdk-java-azure-communication-callautomation/1.6.0-beta.1 (21.0.7; Windows 11; 10.0)",
        "X-FORWARDED-HOST": "acscallautomationsdklivetestresource.unitedstates.communication.azure.com",
        "x-ms-client-request-id": "REDACTED",
        "x-ms-content-sha256": "REDACTED",
        "x-ms-date": "Wed, 30 Jul 2025 11:31:51 GMT",
        "x-ms-hmac-string-to-sign-base64": "REDACTED"
      },
      "RequestBody": null,
      "StatusCode": 200,
      "ResponseHeaders": {
        "api-supported-versions": "2023-06-15-preview, 2024-01-22-preview, 2024-06-15-preview, 2024-11-15-preview, 2025-03-30-preview, 2025-08-15-preview",
        "Content-Type": "application/json; charset=utf-8",
        "Date": "Wed, 30 Jul 2025 11:31:53 GMT",
        "Server": "Kestrel",
        "Transfer-Encoding": "chunked",
        "X-Microsoft-Skype-Chain-ID": "55abf14d-ebbf-4208-9594-877eee30ac18",
        "X-Microsoft-Skype-Client": "azsdk-java-azure-communication-callautomation/1.6.0-beta.1 (21.0.7; Windows 11; 10.0)",
        "x-ms-client-request-id": "REDACTED",
        "X-Ms-Client-Version": "azsdk-java-azure-communication-callautomation/1.6.0-beta.1 (21.0.7; Windows 11; 10.0)"
      },
      "ResponseBody": {
        "value": [
          {
            "identifier": {
              "rawId": "REDACTED",
              "kind": "communicationUser",
              "communicationUser": {
                "id": "REDACTED"
              }
            },
            "isMuted": false,
            "isOnHold": false
          },
          {
            "identifier": {
              "rawId": "REDACTED",
              "kind": "communicationUser",
              "communicationUser": {
                "id": "REDACTED"
              }
            },
            "isMuted": false,
            "isOnHold": false
          },
          {
            "identifier": {
              "rawId": "REDACTED",
              "kind": "communicationUser",
              "communicationUser": {
                "id": "REDACTED"
              }
            },
            "isMuted": false,
            "isOnHold": false
          }
        ]
      }
    },
    {
      "RequestUri": "https://REDACTED/calling/callConnections/03009180-4cf8-4167-ae3c-3465469f7053/participants:remove?api-version=2025-08-15-preview",
      "RequestMethod": "POST",
      "RequestHeaders": {
        "Accept": "application/json",
        "Authorization": "Sanitized",
        "Content-Length": "82",
        "Content-Type": "application/json",
        "repeatability-first-sent": "REDACTED",
        "repeatability-request-id": "REDACTED",
        "User-Agent": "azsdk-java-azure-communication-callautomation/1.6.0-beta.1 (21.0.7; Windows 11; 10.0)",
        "X-FORWARDED-HOST": "acscallautomationsdklivetestresource.unitedstates.communication.azure.com",
        "x-ms-client-request-id": "REDACTED",
        "x-ms-content-sha256": "REDACTED",
        "x-ms-date": "Wed, 30 Jul 2025 11:31:51 GMT",
        "x-ms-hmac-string-to-sign-base64": "REDACTED"
      },
      "RequestBody": {
        "participantToRemove": {
          "rawId": "REDACTED",
          "communicationUser": {
            "id": "REDACTED"
          }
        }
      },
      "StatusCode": 202,
      "ResponseHeaders": {
        "api-supported-versions": "2023-06-15-preview, 2024-01-22-preview, 2024-06-15-preview, 2024-11-15-preview, 2025-03-30-preview, 2025-08-15-preview",
        "Content-Type": "application/json; charset=utf-8",
        "Date": "Wed, 30 Jul 2025 11:31:53 GMT",
        "Repeatability-Result": "accepted",
        "Server": "Kestrel",
        "Transfer-Encoding": "chunked",
        "X-Microsoft-Skype-Chain-ID": "55abf14d-ebbf-4208-9594-877eee30ac18",
        "X-Microsoft-Skype-Client": "azsdk-java-azure-communication-callautomation/1.6.0-beta.1 (21.0.7; Windows 11; 10.0)",
        "x-ms-client-request-id": "REDACTED",
        "X-Ms-Client-Version": "azsdk-java-azure-communication-callautomation/1.6.0-beta.1 (21.0.7; Windows 11; 10.0)"
      },
      "ResponseBody": {}
    },
    {
      "RequestUri": "https://REDACTED/calling/callConnections/03009180-7bec-445c-8f02-b6e6a3fff047:terminate?api-version=2025-08-15-preview",
      "RequestMethod": "POST",
      "RequestHeaders": {
        "Accept": "application/json",
        "Authorization": "Sanitized",
        "Content-Length": "0",
        "repeatability-first-sent": "REDACTED",
        "repeatability-request-id": "REDACTED",
        "User-Agent": "azsdk-java-azure-communication-callautomation/1.6.0-beta.1 (21.0.7; Windows 11; 10.0)",
        "X-FORWARDED-HOST": "acscallautomationsdklivetestresource.unitedstates.communication.azure.com",
        "x-ms-client-request-id": "REDACTED",
        "x-ms-content-sha256": "REDACTED",
        "x-ms-date": "Wed, 30 Jul 2025 11:32:00 GMT",
        "x-ms-hmac-string-to-sign-base64": "REDACTED"
      },
      "RequestBody": null,
      "StatusCode": 404,
      "ResponseHeaders": {
        "api-supported-versions": "2023-06-15-preview, 2024-01-22-preview, 2024-06-15-preview, 2024-11-15-preview, 2025-03-30-preview, 2025-08-15-preview",
        "Content-Type": "application/json; charset=utf-8",
        "Date": "Wed, 30 Jul 2025 11:32:02 GMT",
        "Repeatability-Result": "accepted",
        "Server": "Kestrel",
        "Transfer-Encoding": "chunked",
        "X-Microsoft-Skype-Chain-ID": "f630f7e8-208b-4e95-8043-b96a4aa1b082",
        "X-Microsoft-Skype-Client": "azsdk-java-azure-communication-callautomation/1.6.0-beta.1 (21.0.7; Windows 11; 10.0)",
        "x-ms-client-request-id": "REDACTED",
        "X-Ms-Client-Version": "azsdk-java-azure-communication-callautomation/1.6.0-beta.1 (21.0.7; Windows 11; 10.0)"
      },
      "ResponseBody": {
        "error": {
          "code": "8522",
          "message": "REDACTED",
          "target": "/calling/callConnections/03009180-7bec-445c-8f02-b6e6a3fff047:terminate"
        }
      }
    }
  ],
  "Variables": {}
}
