{
  "Entries": [
    {
      "RequestUri": "https://REDACTED/identities?api-version=2023-10-01",
      "RequestMethod": "POST",
      "RequestHeaders": {
        "Accept": "application/json",
        "Authorization": "Sanitized",
        "Content-Length": "2",
        "Content-Type": "application/json",
        "User-Agent": "azsdk-java-azure-communication-identity/1.6.2 (17.0.13; Windows 11; 10.0)",
        "x-ms-client-request-id": "REDACTED",
        "x-ms-content-sha256": "REDACTED",
        "x-ms-date": "Fri, 24 Jan 2025 07:25:08 GMT",
        "x-ms-hmac-string-to-sign-base64": "REDACTED"
      },
      "RequestBody": {},
      "StatusCode": 201,
      "ResponseHeaders": {
        "api-supported-versions": "2020-07-20-preview2, 2021-03-07, 2021-10-31-preview, 2021-11-01, 2022-06-01, 2022-10-01, 2023-10-01",
        "Connection": "keep-alive",
        "Content-Length": "30",
        "Content-Type": "application/json; charset=utf-8",
        "Date": "Fri, 24 Jan 2025 07:25:10 GMT",
        "MS-CV": "REDACTED",
        "Request-Context": "appId=",
        "Strict-Transport-Security": "REDACTED",
        "x-azure-ref": "REDACTED",
        "X-Cache": "CONFIG_NOCACHE",
        "x-ms-client-request-id": "REDACTED",
        "X-Processing-Time": "14ms"
      },
      "ResponseBody": {
        "identity": {
          "id": "REDACTED"
        }
      }
    },
    {
      "RequestUri": "https://REDACTED/identities?api-version=2023-10-01",
      "RequestMethod": "POST",
      "RequestHeaders": {
        "Accept": "application/json",
        "Authorization": "Sanitized",
        "Content-Length": "2",
        "Content-Type": "application/json",
        "User-Agent": "azsdk-java-azure-communication-identity/1.6.2 (17.0.13; Windows 11; 10.0)",
        "x-ms-client-request-id": "REDACTED",
        "x-ms-content-sha256": "REDACTED",
        "x-ms-date": "Fri, 24 Jan 2025 07:25:08 GMT",
        "x-ms-hmac-string-to-sign-base64": "REDACTED"
      },
      "RequestBody": {},
      "StatusCode": 201,
      "ResponseHeaders": {
        "api-supported-versions": "2020-07-20-preview2, 2021-03-07, 2021-10-31-preview, 2021-11-01, 2022-06-01, 2022-10-01, 2023-10-01",
        "Connection": "keep-alive",
        "Content-Length": "30",
        "Content-Type": "application/json; charset=utf-8",
        "Date": "Fri, 24 Jan 2025 07:25:10 GMT",
        "MS-CV": "REDACTED",
        "Request-Context": "appId=",
        "Strict-Transport-Security": "REDACTED",
        "x-azure-ref": "REDACTED",
        "X-Cache": "CONFIG_NOCACHE",
        "x-ms-client-request-id": "REDACTED",
        "X-Processing-Time": "13ms"
      },
      "ResponseBody": {
        "identity": {
          "id": "REDACTED"
        }
      }
    },
    {
      "RequestUri": "https://REDACTED/calling/callConnections?api-version=2024-11-15-preview",
      "RequestMethod": "POST",
      "RequestHeaders": {
        "Accept": "application/json",
        "Authorization": "Sanitized",
        "Content-Length": "124",
        "Content-Type": "application/json",
        "repeatability-first-sent": "REDACTED",
        "repeatability-request-id": "REDACTED",
        "User-Agent": "azsdk-java-azure-communication-callautomation/1.4.0-beta.2 (17.0.13; Windows 11; 10.0)",
        "x-ms-client-request-id": "REDACTED",
        "x-ms-content-sha256": "REDACTED",
        "x-ms-date": "Fri, 24 Jan 2025 07:25:11 GMT",
        "x-ms-hmac-string-to-sign-base64": "REDACTED"
      },
      "RequestBody": {
        "targets": [
          {
            "rawId": "REDACTED",
            "communicationUser": {
              "id": "REDACTED"
            }
          }
        ],
        "callbackUri": "REDACTED",
        "source": {
          "id": "REDACTED"
        }
      },
      "StatusCode": 201,
      "ResponseHeaders": {
        "Connection": "keep-alive",
        "Content-Length": "491",
        "Content-Type": "application/json; charset=utf-8",
        "Date": "Fri, 24 Jan 2025 07:25:13 GMT",
        "Strict-Transport-Security": "REDACTED",
        "x-azure-ref": "REDACTED",
        "X-Cache": "CONFIG_NOCACHE",
        "X-Microsoft-Skype-Chain-ID": "3be96e1b-03cc-420f-87eb-012b02538232",
        "X-Microsoft-Skype-Client": "azsdk-java-azure-communication-callautomation/1.4.0-beta.2 (17.0.13; Windows 11; 10.0)",
        "x-ms-client-request-id": "REDACTED"
      },
      "ResponseBody": {
        "callConnectionId": "09004980-ecd0-4c45-8328-0853163f45c3",
        "targets": [
          {
            "rawId": "REDACTED",
            "kind": "communicationUser",
            "communicationUser": {
              "id": "REDACTED"
            }
          }
        ],
        "callConnectionState": "connecting",
        "callbackUri": "REDACTED",
        "sourceDisplayName": "",
        "source": {
          "rawId": "REDACTED",
          "kind": "communicationUser",
          "communicationUser": {
            "id": "REDACTED"
          }
        },
        "correlationId": "3be96e1b-03cc-420f-87eb-012b02538232",
        "mediaStreamingSubscription": {
          "id": "REDACTED",
          "state": "disabled",
          "subscribedContentTypes": [
            "audio"
          ]
        }
      }
    },
    {
      "RequestUri": "https://REDACTED/calling/callConnections:answer?api-version=2024-11-15-preview",
      "RequestMethod": "POST",
      "RequestHeaders": {
        "Accept": "application/json",
        "Authorization": "Sanitized",
        "Content-Length": "59",
        "Content-Type": "application/json",
        "repeatability-first-sent": "REDACTED",
        "repeatability-request-id": "REDACTED",
        "User-Agent": "azsdk-java-azure-communication-callautomation/1.4.0-beta.2 (17.0.13; Windows 11; 10.0)",
        "x-ms-client-request-id": "REDACTED",
        "x-ms-content-sha256": "REDACTED",
        "x-ms-date": "Fri, 24 Jan 2025 07:25:16 GMT",
        "x-ms-hmac-string-to-sign-base64": "REDACTED"
      },
      "RequestBody": {
        "incomingCallContext": "REDACTED",
        "callbackUri": "REDACTED"
      },
      "StatusCode": 200,
      "ResponseHeaders": {
        "Accept-Ranges": "bytes",
        "Connection": "keep-alive",
        "Content-Length": "678",
        "Content-Type": "application/json; charset=utf-8",
        "Date": "Fri, 24 Jan 2025 07:25:18 GMT",
        "Strict-Transport-Security": "REDACTED",
        "x-azure-ref": "REDACTED",
        "X-Cache": "CONFIG_NOCACHE",
        "X-Microsoft-Skype-Chain-ID": "3be96e1b-03cc-420f-87eb-012b02538232",
        "X-Microsoft-Skype-Client": "azsdk-java-azure-communication-callautomation/1.4.0-beta.2 (17.0.13; Windows 11; 10.0)",
        "x-ms-client-request-id": "REDACTED"
      },
      "ResponseBody": {
        "callConnectionId": "09004980-f6e4-4032-ae5a-863b75cfc7c1",
        "serverCallId": "aHR0cHM6Ly9hcGkuZmxpZ2h0cHJveHkuc2t5cGUuY29tL2FwaS92Mi9jcC9jb252LW1hc28tMDEtcHJvZC1ha3MuY29udi5za3lwZS5jb20vY29udi9GQVlBaTZjUkZVU19oWm9ZbmlxQXFRP2k9MTAtMTI4LTctODMmZT02Mzg3MzA5NjMyNTYwMTY3MDE=",
        "targets": [
          {
            "rawId": "REDACTED",
            "kind": "communicationUser",
            "communicationUser": {
              "id": "REDACTED"
            }
          }
        ],
        "callConnectionState": "connecting",
        "callbackUri": "REDACTED",
        "source": {
          "rawId": "REDACTED",
          "kind": "communicationUser",
          "communicationUser": {
            "id": "REDACTED"
          }
        },
        "correlationId": "3be96e1b-03cc-420f-87eb-012b02538232",
        "mediaStreamingSubscription": {
          "id": "REDACTED",
          "state": "disabled",
          "subscribedContentTypes": [
            "audio"
          ]
        }
      }
    },
    {
      "RequestUri": "https://REDACTED/calling/callConnections/09004980-f6e4-4032-ae5a-863b75cfc7c1:terminate?api-version=2024-11-15-preview",
      "RequestMethod": "POST",
      "RequestHeaders": {
        "Accept": "application/json",
        "Authorization": "Sanitized",
        "Content-Length": "0",
        "repeatability-first-sent": "REDACTED",
        "repeatability-request-id": "REDACTED",
        "User-Agent": "azsdk-java-azure-communication-callautomation/1.4.0-beta.2 (17.0.13; Windows 11; 10.0)",
        "x-ms-client-request-id": "REDACTED",
        "x-ms-content-sha256": "REDACTED",
        "x-ms-date": "Fri, 24 Jan 2025 07:25:20 GMT",
        "x-ms-hmac-string-to-sign-base64": "REDACTED"
      },
      "RequestBody": null,
      "StatusCode": 204,
      "ResponseHeaders": {
        "Connection": "keep-alive",
        "Content-Length": "0",
        "Date": "Fri, 24 Jan 2025 07:25:22 GMT",
        "Repeatability-Result": "accepted",
        "Strict-Transport-Security": "REDACTED",
        "x-azure-ref": "REDACTED",
        "X-Cache": "CONFIG_NOCACHE",
        "X-Microsoft-Skype-Chain-ID": "3be96e1b-03cc-420f-87eb-012b02538232",
        "X-Microsoft-Skype-Client": "azsdk-java-azure-communication-callautomation/1.4.0-beta.2 (17.0.13; Windows 11; 10.0)",
        "x-ms-client-request-id": "REDACTED"
      },
      "ResponseBody": null
    },
    {
      "RequestUri": "https://REDACTED/calling/callConnections/09004980-f6e4-4032-ae5a-863b75cfc7c1:terminate?api-version=2024-11-15-preview",
      "RequestMethod": "POST",
      "RequestHeaders": {
        "Accept": "application/json",
        "Authorization": "Sanitized",
        "Content-Length": "0",
        "repeatability-first-sent": "REDACTED",
        "repeatability-request-id": "REDACTED",
        "User-Agent": "azsdk-java-azure-communication-callautomation/1.4.0-beta.2 (17.0.13; Windows 11; 10.0)",
        "x-ms-client-request-id": "REDACTED",
        "x-ms-content-sha256": "REDACTED",
        "x-ms-date": "Fri, 24 Jan 2025 07:25:22 GMT",
        "x-ms-hmac-string-to-sign-base64": "REDACTED"
      },
      "RequestBody": null,
      "StatusCode": 404,
      "ResponseHeaders": {
        "Connection": "keep-alive",
        "Content-Length": "46",
        "Content-Type": "application/json; charset=utf-8",
        "Date": "Fri, 24 Jan 2025 07:25:24 GMT",
        "Strict-Transport-Security": "REDACTED",
        "x-azure-ref": "REDACTED",
        "X-Cache": "CONFIG_NOCACHE",
        "X-Microsoft-Skype-Chain-ID": "ec65a259-92da-40a7-9c50-0a981ccc4866",
        "X-Microsoft-Skype-Client": "azsdk-java-azure-communication-callautomation/1.4.0-beta.2 (17.0.13; Windows 11; 10.0)",
        "x-ms-client-request-id": "REDACTED"
      },
      "ResponseBody": {
        "error": {
          "code": "8522",
          "message": "REDACTED"
        }
      }
    }
  ],
  "Variables": {}
}
