{
  "Entries": [
    {
      "RequestUri": "https://REDACTED/identities?api-version=2023-10-01",
      "RequestMethod": "POST",
      "RequestHeaders": {
        "Accept": "application/json",
        "Authorization": "Sanitized",
        "Content-Length": "2",
        "Content-Type": "application/json",
        "User-Agent": "azsdk-java-azure-communication-identity/1.5.4 (21.0.2; Windows 11; 10.0)",
        "x-ms-client-request-id": "REDACTED",
        "x-ms-content-sha256": "REDACTED",
        "x-ms-date": "Fri, 26 Jul 2024 16:19:48 GMT",
        "x-ms-hmac-string-to-sign-base64": "REDACTED"
      },
      "RequestBody": {},
      "StatusCode": 201,
      "ResponseHeaders": {
        "api-supported-versions": "2020-07-20-preview2, 2021-03-07, 2021-10-31-preview, 2021-11-01, 2022-06-01, 2022-10-01, 2023-10-01",
        "Content-Length": "30",
        "Content-Type": "application/json; charset=utf-8",
        "Date": "Fri, 26 Jul 2024 16:19:48 GMT",
        "MS-CV": "REDACTED",
        "Request-Context": "appId=",
        "Strict-Transport-Security": "REDACTED",
        "X-Azure-Ref": "REDACTED",
        "X-Cache": "CONFIG_NOCACHE",
        "x-ms-client-request-id": "REDACTED",
        "X-Processing-Time": "50ms"
      },
      "ResponseBody": {
        "identity": {
          "id": "REDACTED"
        }
      }
    },
    {
      "RequestUri": "https://REDACTED/identities?api-version=2023-10-01",
      "RequestMethod": "POST",
      "RequestHeaders": {
        "Accept": "application/json",
        "Authorization": "Sanitized",
        "Content-Length": "2",
        "Content-Type": "application/json",
        "User-Agent": "azsdk-java-azure-communication-identity/1.5.4 (21.0.2; Windows 11; 10.0)",
        "x-ms-client-request-id": "REDACTED",
        "x-ms-content-sha256": "REDACTED",
        "x-ms-date": "Fri, 26 Jul 2024 16:19:48 GMT",
        "x-ms-hmac-string-to-sign-base64": "REDACTED"
      },
      "RequestBody": {},
      "StatusCode": 201,
      "ResponseHeaders": {
        "api-supported-versions": "2020-07-20-preview2, 2021-03-07, 2021-10-31-preview, 2021-11-01, 2022-06-01, 2022-10-01, 2023-10-01",
        "Content-Length": "30",
        "Content-Type": "application/json; charset=utf-8",
        "Date": "Fri, 26 Jul 2024 16:19:48 GMT",
        "MS-CV": "REDACTED",
        "Request-Context": "appId=",
        "Strict-Transport-Security": "REDACTED",
        "X-Azure-Ref": "REDACTED",
        "X-Cache": "CONFIG_NOCACHE",
        "x-ms-client-request-id": "REDACTED",
        "X-Processing-Time": "52ms"
      },
      "ResponseBody": {
        "identity": {
          "id": "REDACTED"
        }
      }
    },
    {
      "RequestUri": "https://REDACTED/calling/callConnections?api-version=2024-06-15-preview",
      "RequestMethod": "POST",
      "RequestHeaders": {
        "Accept": "application/json",
        "Authorization": "Sanitized",
        "Content-Length": "124",
        "Content-Type": "application/json",
        "repeatability-first-sent": "REDACTED",
        "repeatability-request-id": "REDACTED",
        "User-Agent": "azsdk-java-azure-communication-callautomation/1.3.0-beta.1 (21.0.2; Windows 11; 10.0)",
        "x-ms-client-request-id": "REDACTED",
        "x-ms-content-sha256": "REDACTED",
        "x-ms-date": "Fri, 26 Jul 2024 16:19:50 GMT",
        "x-ms-hmac-string-to-sign-base64": "REDACTED"
      },
      "RequestBody": {
        "targets": [
          {
            "rawId": "REDACTED",
            "communicationUser": {
              "id": "REDACTED"
            }
          }
        ],
        "source": {
          "id": "REDACTED"
        },
        "callbackUri": "REDACTED"
      },
      "StatusCode": 201,
      "ResponseHeaders": {
        "Content-Length": "491",
        "Content-Type": "application/json; charset=utf-8",
        "Date": "Fri, 26 Jul 2024 16:19:50 GMT",
        "Strict-Transport-Security": "REDACTED",
        "X-Azure-Ref": "REDACTED",
        "X-Cache": "CONFIG_NOCACHE",
        "X-Microsoft-Skype-Chain-ID": "c513169f-723d-499d-bea7-99c617ff745c",
        "X-Microsoft-Skype-Client": "azsdk-java-azure-communication-callautomation/1.3.0-beta.1 (21.0.2; Windows 11; 10.0)",
        "x-ms-client-request-id": "REDACTED"
      },
      "ResponseBody": {
        "callConnectionId": "27002080-d0f8-42d4-94ec-ab34f024dadb",
        "targets": [
          {
            "rawId": "REDACTED",
            "kind": "communicationUser",
            "communicationUser": {
              "id": "REDACTED"
            }
          }
        ],
        "callConnectionState": "connecting",
        "callbackUri": "REDACTED",
        "sourceDisplayName": "",
        "source": {
          "rawId": "REDACTED",
          "kind": "communicationUser",
          "communicationUser": {
            "id": "REDACTED"
          }
        },
        "correlationId": "c513169f-723d-499d-bea7-99c617ff745c",
        "mediaStreamingSubscription": {
          "id": "REDACTED",
          "state": "disabled",
          "subscribedContentTypes": [
            "audio"
          ]
        }
      }
    },
    {
      "RequestUri": "https://REDACTED/calling/callConnections:answer?api-version=2024-06-15-preview",
      "RequestMethod": "POST",
      "RequestHeaders": {
        "Accept": "application/json",
        "Authorization": "Sanitized",
        "Content-Length": "59",
        "Content-Type": "application/json",
        "repeatability-first-sent": "REDACTED",
        "repeatability-request-id": "REDACTED",
        "User-Agent": "azsdk-java-azure-communication-callautomation/1.3.0-beta.1 (21.0.2; Windows 11; 10.0)",
        "x-ms-client-request-id": "REDACTED",
        "x-ms-content-sha256": "REDACTED",
        "x-ms-date": "Fri, 26 Jul 2024 16:20:09 GMT",
        "x-ms-hmac-string-to-sign-base64": "REDACTED"
      },
      "RequestBody": {
        "incomingCallContext": "REDACTED",
        "callbackUri": "REDACTED"
      },
      "StatusCode": 200,
      "ResponseHeaders": {
        "Content-Length": "678",
        "Content-Type": "application/json; charset=utf-8",
        "Date": "Fri, 26 Jul 2024 16:20:09 GMT",
        "Strict-Transport-Security": "REDACTED",
        "X-Azure-Ref": "REDACTED",
        "X-Cache": "CONFIG_NOCACHE",
        "X-Microsoft-Skype-Chain-ID": "c513169f-723d-499d-bea7-99c617ff745c",
        "X-Microsoft-Skype-Client": "azsdk-java-azure-communication-callautomation/1.3.0-beta.1 (21.0.2; Windows 11; 10.0)",
        "x-ms-client-request-id": "REDACTED"
      },
      "ResponseBody": {
        "callConnectionId": "27002080-8d36-421d-a67b-79d4c046b891",
        "serverCallId": "aHR0cHM6Ly9hcGkuZmxpZ2h0cHJveHkuc2t5cGUuY29tL2FwaS92Mi9jcC9jb252LXVzY2UtMDEtcHJvZC1ha3MuY29udi5za3lwZS5jb20vY29udi9tUFhNRWJtMWlFaUZWSE1UM1VucTd3P2k9MTAtNjAtMTQtMTg3JmU9NjM4NTcyNzc2MDc3MDkwNDAy",
        "targets": [
          {
            "rawId": "REDACTED",
            "kind": "communicationUser",
            "communicationUser": {
              "id": "REDACTED"
            }
          }
        ],
        "callConnectionState": "connecting",
        "callbackUri": "REDACTED",
        "source": {
          "rawId": "REDACTED",
          "kind": "communicationUser",
          "communicationUser": {
            "id": "REDACTED"
          }
        },
        "correlationId": "c513169f-723d-499d-bea7-99c617ff745c",
        "mediaStreamingSubscription": {
          "id": "REDACTED",
          "state": "disabled",
          "subscribedContentTypes": [
            "audio"
          ]
        }
      }
    },
    {
      "RequestUri": "https://REDACTED/calling/callConnections:connect?api-version=2024-06-15-preview",
      "RequestMethod": "POST",
      "RequestHeaders": {
        "Accept": "application/json",
        "Authorization": "Sanitized",
        "Content-Length": "279",
        "Content-Type": "application/json",
        "repeatability-first-sent": "REDACTED",
        "repeatability-request-id": "REDACTED",
        "User-Agent": "azsdk-java-azure-communication-callautomation/1.3.0-beta.1 (21.0.2; Windows 11; 10.0)",
        "x-ms-client-request-id": "REDACTED",
        "x-ms-content-sha256": "REDACTED",
        "x-ms-date": "Fri, 26 Jul 2024 16:20:11 GMT",
        "x-ms-hmac-string-to-sign-base64": "REDACTED"
      },
      "RequestBody": {
        "callLocator": {
          "serverCallId": "aHR0cHM6Ly9hcGkuZmxpZ2h0cHJveHkuc2t5cGUuY29tL2FwaS92Mi9jcC9jb252LXVzY2UtMDEtcHJvZC1ha3MuY29udi5za3lwZS5jb20vY29udi9tUFhNRWJtMWlFaUZWSE1UM1VucTd3P2k9MTAtNjAtMTQtMTg3JmU9NjM4NTcyNzc2MDc3MDkwNDAy",
          "kind": "serverCallLocator"
        },
        "callbackUri": "REDACTED"
      },
      "StatusCode": 200,
      "ResponseHeaders": {
        "Content-Length": "288",
        "Content-Type": "application/json; charset=utf-8",
        "Date": "Fri, 26 Jul 2024 16:20:11 GMT",
        "Strict-Transport-Security": "REDACTED",
        "X-Azure-Ref": "REDACTED",
        "X-Cache": "CONFIG_NOCACHE",
        "X-Microsoft-Skype-Chain-ID": "41f29072-8c32-470d-9235-d4a0cec74034",
        "X-Microsoft-Skype-Client": "azsdk-java-azure-communication-callautomation/1.3.0-beta.1 (21.0.2; Windows 11; 10.0)",
        "x-ms-client-request-id": "REDACTED"
      },
      "ResponseBody": {
        "callConnectionId": "27002080-f383-42d9-a3ae-6873627f7e37",
        "targets": [],
        "callConnectionState": "connecting",
        "callbackUri": "REDACTED",
        "correlationId": "41f29072-8c32-470d-9235-d4a0cec74034",
        "mediaStreamingSubscription": {
          "id": "REDACTED",
          "state": "disabled",
          "subscribedContentTypes": [
            "audio"
          ]
        }
      }
    },
    {
      "RequestUri": "https://REDACTED/calling/callConnections/27002080-f383-42d9-a3ae-6873627f7e37:terminate?api-version=2024-06-15-preview",
      "RequestMethod": "POST",
      "RequestHeaders": {
        "Accept": "application/json",
        "Authorization": "Sanitized",
        "Content-Length": "0",
        "repeatability-first-sent": "REDACTED",
        "repeatability-request-id": "REDACTED",
        "User-Agent": "azsdk-java-azure-communication-callautomation/1.3.0-beta.1 (21.0.2; Windows 11; 10.0)",
        "x-ms-client-request-id": "REDACTED",
        "x-ms-content-sha256": "REDACTED",
        "x-ms-date": "Fri, 26 Jul 2024 16:20:15 GMT",
        "x-ms-hmac-string-to-sign-base64": "REDACTED"
      },
      "RequestBody": null,
      "StatusCode": 204,
      "ResponseHeaders": {
        "Date": "Fri, 26 Jul 2024 16:20:14 GMT",
        "Repeatability-Result": "accepted",
        "Strict-Transport-Security": "REDACTED",
        "X-Azure-Ref": "REDACTED",
        "X-Cache": "CONFIG_NOCACHE",
        "X-Microsoft-Skype-Chain-ID": "c513169f-723d-499d-bea7-99c617ff745c",
        "X-Microsoft-Skype-Client": "azsdk-java-azure-communication-callautomation/1.3.0-beta.1 (21.0.2; Windows 11; 10.0)",
        "x-ms-client-request-id": "REDACTED"
      },
      "ResponseBody": null
    },
    {
      "RequestUri": "https://REDACTED/calling/callConnections/27002080-8d36-421d-a67b-79d4c046b891:terminate?api-version=2024-06-15-preview",
      "RequestMethod": "POST",
      "RequestHeaders": {
        "Accept": "application/json",
        "Authorization": "Sanitized",
        "Content-Length": "0",
        "repeatability-first-sent": "REDACTED",
        "repeatability-request-id": "REDACTED",
        "User-Agent": "azsdk-java-azure-communication-callautomation/1.3.0-beta.1 (21.0.2; Windows 11; 10.0)",
        "x-ms-client-request-id": "REDACTED",
        "x-ms-content-sha256": "REDACTED",
        "x-ms-date": "Fri, 26 Jul 2024 16:20:16 GMT",
        "x-ms-hmac-string-to-sign-base64": "REDACTED"
      },
      "RequestBody": null,
      "StatusCode": 404,
      "ResponseHeaders": {
        "Content-Length": "46",
        "Content-Type": "application/json; charset=utf-8",
        "Date": "Fri, 26 Jul 2024 16:20:15 GMT",
        "Strict-Transport-Security": "REDACTED",
        "X-Azure-Ref": "REDACTED",
        "X-Cache": "CONFIG_NOCACHE",
        "X-Microsoft-Skype-Chain-ID": "9192936c-3b9e-427c-94a1-57db2aafc8f0",
        "X-Microsoft-Skype-Client": "azsdk-java-azure-communication-callautomation/1.3.0-beta.1 (21.0.2; Windows 11; 10.0)",
        "x-ms-client-request-id": "REDACTED"
      },
      "ResponseBody": {
        "error": {
          "code": "8522",
          "message": "REDACTED"
        }
      }
    }
  ],
  "Variables": {}
}
