{
  "Entries": [
    {
      "RequestUri": "https://REDACTED/identities?api-version=2023-10-01",
      "RequestMethod": "POST",
      "RequestHeaders": {
        "Accept": "application/json",
        "Authorization": "Sanitized",
        "Content-Length": "2",
        "Content-Type": "application/json",
        "User-Agent": "azsdk-java-azure-communication-identity/1.6.5 (21.0.7; Windows 11; 10.0)",
        "x-ms-client-request-id": "REDACTED",
        "x-ms-content-sha256": "REDACTED",
        "x-ms-date": "Sat, 12 Jul 2025 01:17:46 GMT",
        "x-ms-hmac-string-to-sign-base64": "REDACTED"
      },
      "RequestBody": {},
      "StatusCode": 201,
      "ResponseHeaders": {
        "api-supported-versions": "2020-07-20-preview2, 2021-03-07, 2021-10-31-preview, 2021-11-01, 2022-06-01, 2022-10-01, 2023-10-01, 2025-03-02-preview, 2025-06-30",
        "Connection": "keep-alive",
        "Content-Length": "30",
        "Content-Type": "application/json; charset=utf-8",
        "Date": "Sat, 12 Jul 2025 01:17:47 GMT",
        "MS-CV": "REDACTED",
        "Request-Context": "appId=",
        "Strict-Transport-Security": "REDACTED",
        "x-azure-ref": "REDACTED",
        "X-Cache": "CONFIG_NOCACHE",
        "x-ms-client-request-id": "REDACTED",
        "X-Processing-Time": "16ms"
      },
      "ResponseBody": {
        "identity": {
          "id": "REDACTED"
        }
      }
    },
    {
      "RequestUri": "https://REDACTED/identities?api-version=2023-10-01",
      "RequestMethod": "POST",
      "RequestHeaders": {
        "Accept": "application/json",
        "Authorization": "Sanitized",
        "Content-Length": "2",
        "Content-Type": "application/json",
        "User-Agent": "azsdk-java-azure-communication-identity/1.6.5 (21.0.7; Windows 11; 10.0)",
        "x-ms-client-request-id": "REDACTED",
        "x-ms-content-sha256": "REDACTED",
        "x-ms-date": "Sat, 12 Jul 2025 01:17:46 GMT",
        "x-ms-hmac-string-to-sign-base64": "REDACTED"
      },
      "RequestBody": {},
      "StatusCode": 201,
      "ResponseHeaders": {
        "api-supported-versions": "2020-07-20-preview2, 2021-03-07, 2021-10-31-preview, 2021-11-01, 2022-06-01, 2022-10-01, 2023-10-01, 2025-03-02-preview, 2025-06-30",
        "Connection": "keep-alive",
        "Content-Length": "30",
        "Content-Type": "application/json; charset=utf-8",
        "Date": "Sat, 12 Jul 2025 01:17:48 GMT",
        "MS-CV": "REDACTED",
        "Request-Context": "appId=",
        "Strict-Transport-Security": "REDACTED",
        "x-azure-ref": "REDACTED",
        "X-Cache": "CONFIG_NOCACHE",
        "x-ms-client-request-id": "REDACTED",
        "X-Processing-Time": "13ms"
      },
      "ResponseBody": {
        "identity": {
          "id": "REDACTED"
        }
      }
    },
    {
      "RequestUri": "https://REDACTED/calling/callConnections?api-version=2025-06-15",
      "RequestMethod": "POST",
      "RequestHeaders": {
        "Accept": "application/json",
        "Authorization": "Sanitized",
        "Content-Length": "200",
        "Content-Type": "application/json",
        "repeatability-first-sent": "REDACTED",
        "repeatability-request-id": "REDACTED",
        "User-Agent": "azsdk-java-azure-communication-callautomation/1.5.0-beta.1 (21.0.7; Windows 11; 10.0)",
        "x-ms-client-request-id": "REDACTED",
        "x-ms-content-sha256": "REDACTED",
        "x-ms-date": "Sat, 12 Jul 2025 01:17:48 GMT",
        "x-ms-hmac-string-to-sign-base64": "REDACTED"
      },
      "RequestBody": {
        "targets": [
          {
            "rawId": "REDACTED",
            "communicationUser": {
              "id": "REDACTED"
            }
          }
        ],
        "callbackUri": "REDACTED",
        "source": {
          "id": "REDACTED"
        },
        "callIntelligenceOptions": {
          "cognitiveServicesEndpoint": "https://REDACTED/"
        }
      },
      "StatusCode": 201,
      "ResponseHeaders": {
        "api-supported-versions": "2023-03-06, 2023-10-15, 2024-04-15, 2024-09-15, 2025-05-15, 2025-06-15",
        "Connection": "keep-alive",
        "Content-Type": "application/json; charset=utf-8",
        "Date": "Sat, 12 Jul 2025 01:17:49 GMT",
        "Strict-Transport-Security": "REDACTED",
        "Transfer-Encoding": "chunked",
        "x-azure-ref": "REDACTED",
        "X-Cache": "CONFIG_NOCACHE",
        "X-Microsoft-Skype-Chain-ID": "338be7c1-9856-4c6b-854e-d87fd97685cf",
        "X-Microsoft-Skype-Client": "azsdk-java-azure-communication-callautomation/1.5.0-beta.1 (21.0.7; Windows 11; 10.0)",
        "x-ms-client-request-id": "REDACTED",
        "X-Ms-Client-Version": "azsdk-java-azure-communication-callautomation/1.5.0-beta.1 (21.0.7; Windows 11; 10.0)"
      },
      "ResponseBody": {
        "callConnectionId": "64006580-b5c6-435d-8da5-4c34b463c105",
        "targets": [
          {
            "rawId": "REDACTED",
            "kind": "communicationUser",
            "communicationUser": {
              "id": "REDACTED"
            }
          }
        ],
        "callConnectionState": "connecting",
        "callbackUri": "REDACTED",
        "sourceDisplayName": "",
        "source": {
          "rawId": "REDACTED",
          "kind": "communicationUser",
          "communicationUser": {
            "id": "REDACTED"
          }
        },
        "correlationId": "338be7c1-9856-4c6b-854e-d87fd97685cf",
        "mediaStreamingSubscription": {
          "id": "REDACTED",
          "state": "disabled",
          "subscribedContentTypes": [
            "audio"
          ]
        }
      }
    },
    {
      "RequestUri": "https://REDACTED/calling/callConnections:answer?api-version=2025-06-15",
      "RequestMethod": "POST",
      "RequestHeaders": {
        "Accept": "application/json",
        "Authorization": "Sanitized",
        "Content-Length": "59",
        "Content-Type": "application/json",
        "repeatability-first-sent": "REDACTED",
        "repeatability-request-id": "REDACTED",
        "User-Agent": "azsdk-java-azure-communication-callautomation/1.5.0-beta.1 (21.0.7; Windows 11; 10.0)",
        "x-ms-client-request-id": "REDACTED",
        "x-ms-content-sha256": "REDACTED",
        "x-ms-date": "Sat, 12 Jul 2025 01:17:50 GMT",
        "x-ms-hmac-string-to-sign-base64": "REDACTED"
      },
      "RequestBody": {
        "incomingCallContext": "REDACTED",
        "callbackUri": "REDACTED"
      },
      "StatusCode": 200,
      "ResponseHeaders": {
        "api-supported-versions": "2023-03-06, 2023-10-15, 2024-04-15, 2024-09-15, 2025-05-15, 2025-06-15",
        "Connection": "keep-alive",
        "Content-Type": "application/json; charset=utf-8",
        "Date": "Sat, 12 Jul 2025 01:17:51 GMT",
        "Strict-Transport-Security": "REDACTED",
        "Transfer-Encoding": "chunked",
        "x-azure-ref": "REDACTED",
        "X-Cache": "CONFIG_NOCACHE",
        "X-Microsoft-Skype-Chain-ID": "338be7c1-9856-4c6b-854e-d87fd97685cf",
        "X-Microsoft-Skype-Client": "azsdk-java-azure-communication-callautomation/1.5.0-beta.1 (21.0.7; Windows 11; 10.0)",
        "x-ms-client-request-id": "REDACTED",
        "X-Ms-Client-Version": "azsdk-java-azure-communication-callautomation/1.5.0-beta.1 (21.0.7; Windows 11; 10.0)"
      },
      "ResponseBody": {
        "callConnectionId": "64006580-b94a-49a2-a6ff-ad4c62f3740d",
        "serverCallId": "aHR0cHM6Ly9hcGkuZmxpZ2h0cHJveHkuc2t5cGUuY29tL2FwaS92Mi9jcC9jb252LXVzd2UtMDItcHJvZC1ha3MuY29udi5za3lwZS5jb20vY29udi93M2FUU0ZreVdVMkptTHVlS09NOTl3P2k9MTAtNjAtMS0xNTUmZT02Mzg4NzYwODAzNDA2MDQ2NjY=",
        "targets": [
          {
            "rawId": "REDACTED",
            "kind": "communicationUser",
            "communicationUser": {
              "id": "REDACTED"
            }
          }
        ],
        "callConnectionState": "connecting",
        "callbackUri": "REDACTED",
        "source": {
          "rawId": "REDACTED",
          "kind": "communicationUser",
          "communicationUser": {
            "id": "REDACTED"
          }
        },
        "correlationId": "338be7c1-9856-4c6b-854e-d87fd97685cf",
        "mediaStreamingSubscription": {
          "id": "REDACTED",
          "state": "disabled",
          "subscribedContentTypes": [
            "audio"
          ]
        }
      }
    },
    {
      "RequestUri": "https://REDACTED/calling/callConnections/64006580-b5c6-435d-8da5-4c34b463c105:play?api-version=2025-06-15",
      "RequestMethod": "POST",
      "RequestHeaders": {
        "Accept": "application/json",
        "Authorization": "Sanitized",
        "Content-Length": "317",
        "Content-Type": "application/json",
        "User-Agent": "azsdk-java-azure-communication-callautomation/1.5.0-beta.1 (21.0.7; Windows 11; 10.0)",
        "x-ms-client-request-id": "REDACTED",
        "x-ms-content-sha256": "REDACTED",
        "x-ms-date": "Sat, 12 Jul 2025 01:17:51 GMT",
        "x-ms-hmac-string-to-sign-base64": "REDACTED"
      },
      "RequestBody": {
        "playSources": [
          {
            "kind": "text",
            "text": {
              "text": "Test prompt1",
              "voiceName": "en-US-NancyNeural"
            }
          },
          {
            "kind": "file",
            "file": {
              "uri": "https://REDACTED/Azure-Samples/communication-services-dotnet-quickstarts/raw/callautomation/playground/CallAutomation_Playground/MediaFiles/PROMPT_GOODBYE.wav"
            }
          }
        ],
        "playOptions": {
          "loop": false
        }
      },
      "StatusCode": 202,
      "ResponseHeaders": {
        "api-supported-versions": "2023-03-06, 2023-10-15, 2024-04-15, 2024-09-15, 2025-05-15, 2025-06-15",
        "Connection": "keep-alive",
        "Content-Length": "0",
        "Date": "Sat, 12 Jul 2025 01:17:52 GMT",
        "Strict-Transport-Security": "REDACTED",
        "x-azure-ref": "REDACTED",
        "X-Cache": "CONFIG_NOCACHE",
        "X-Microsoft-Skype-Chain-ID": "338be7c1-9856-4c6b-854e-d87fd97685cf",
        "X-Microsoft-Skype-Client": "azsdk-java-azure-communication-callautomation/1.5.0-beta.1 (21.0.7; Windows 11; 10.0)",
        "x-ms-client-request-id": "REDACTED",
        "X-Ms-Client-Version": "azsdk-java-azure-communication-callautomation/1.5.0-beta.1 (21.0.7; Windows 11; 10.0)"
      },
      "ResponseBody": null
    },
    {
      "RequestUri": "https://REDACTED/calling/callConnections/64006580-b94a-49a2-a6ff-ad4c62f3740d:terminate?api-version=2025-06-15",
      "RequestMethod": "POST",
      "RequestHeaders": {
        "Accept": "application/json",
        "Authorization": "Sanitized",
        "Content-Length": "0",
        "repeatability-first-sent": "REDACTED",
        "repeatability-request-id": "REDACTED",
        "User-Agent": "azsdk-java-azure-communication-callautomation/1.5.0-beta.1 (21.0.7; Windows 11; 10.0)",
        "x-ms-client-request-id": "REDACTED",
        "x-ms-content-sha256": "REDACTED",
        "x-ms-date": "Sat, 12 Jul 2025 01:17:58 GMT",
        "x-ms-hmac-string-to-sign-base64": "REDACTED"
      },
      "RequestBody": null,
      "StatusCode": 204,
      "ResponseHeaders": {
        "api-supported-versions": "2023-03-06, 2023-10-15, 2024-04-15, 2024-09-15, 2025-05-15, 2025-06-15",
        "Connection": "keep-alive",
        "Date": "Sat, 12 Jul 2025 01:18:00 GMT",
        "Repeatability-Result": "accepted",
        "Strict-Transport-Security": "REDACTED",
        "x-azure-ref": "REDACTED",
        "X-Cache": "CONFIG_NOCACHE",
        "X-Microsoft-Skype-Chain-ID": "338be7c1-9856-4c6b-854e-d87fd97685cf",
        "X-Microsoft-Skype-Client": "azsdk-java-azure-communication-callautomation/1.5.0-beta.1 (21.0.7; Windows 11; 10.0)",
        "x-ms-client-request-id": "REDACTED",
        "X-Ms-Client-Version": "azsdk-java-azure-communication-callautomation/1.5.0-beta.1 (21.0.7; Windows 11; 10.0)"
      },
      "ResponseBody": null
    }
  ],
  "Variables": {}
}
