{
  "Entries": [
    {
      "RequestUri": "https://REDACTED/identities?api-version=2023-10-01",
      "RequestMethod": "POST",
      "RequestHeaders": {
        "Accept": "application/json",
        "Authorization": "Sanitized",
        "Content-Length": "2",
        "Content-Type": "application/json",
        "User-Agent": "azsdk-java-azure-communication-identity/1.6.4 (23.0.2; Windows 11; 10.0)",
        "x-ms-client-request-id": "REDACTED",
        "x-ms-content-sha256": "REDACTED",
        "x-ms-date": "Mon, 16 Jun 2025 21:17:03 GMT",
        "x-ms-hmac-string-to-sign-base64": "REDACTED"
      },
      "RequestBody": {},
      "StatusCode": 201,
      "ResponseHeaders": {
        "api-supported-versions": "2020-07-20-preview2, 2021-03-07, 2021-10-31-preview, 2021-11-01, 2022-06-01, 2022-10-01, 2023-10-01, 2025-03-02-preview, 2025-06-30",
        "Connection": "keep-alive",
        "Content-Length": "30",
        "Content-Type": "application/json; charset=utf-8",
        "Date": "Mon, 16 Jun 2025 21:17:02 GMT",
        "MS-CV": "REDACTED",
        "Request-Context": "appId=",
        "Strict-Transport-Security": "REDACTED",
        "x-azure-ref": "REDACTED",
        "X-Cache": "CONFIG_NOCACHE",
        "x-ms-client-request-id": "REDACTED",
        "X-Processing-Time": "17ms"
      },
      "ResponseBody": {
        "identity": {
          "id": "REDACTED"
        }
      }
    },
    {
      "RequestUri": "https://REDACTED/identities?api-version=2023-10-01",
      "RequestMethod": "POST",
      "RequestHeaders": {
        "Accept": "application/json",
        "Authorization": "Sanitized",
        "Content-Length": "2",
        "Content-Type": "application/json",
        "User-Agent": "azsdk-java-azure-communication-identity/1.6.4 (23.0.2; Windows 11; 10.0)",
        "x-ms-client-request-id": "REDACTED",
        "x-ms-content-sha256": "REDACTED",
        "x-ms-date": "Mon, 16 Jun 2025 21:17:04 GMT",
        "x-ms-hmac-string-to-sign-base64": "REDACTED"
      },
      "RequestBody": {},
      "StatusCode": 201,
      "ResponseHeaders": {
        "api-supported-versions": "2020-07-20-preview2, 2021-03-07, 2021-10-31-preview, 2021-11-01, 2022-06-01, 2022-10-01, 2023-10-01, 2025-03-02-preview, 2025-06-30",
        "Connection": "keep-alive",
        "Content-Length": "30",
        "Content-Type": "application/json; charset=utf-8",
        "Date": "Mon, 16 Jun 2025 21:17:03 GMT",
        "MS-CV": "REDACTED",
        "Request-Context": "appId=",
        "Strict-Transport-Security": "REDACTED",
        "x-azure-ref": "REDACTED",
        "X-Cache": "CONFIG_NOCACHE",
        "x-ms-client-request-id": "REDACTED",
        "X-Processing-Time": "84ms"
      },
      "ResponseBody": {
        "identity": {
          "id": "REDACTED"
        }
      }
    },
    {
      "RequestUri": "https://REDACTED/calling/callConnections?api-version=2025-06-15",
      "RequestMethod": "POST",
      "RequestHeaders": {
        "Accept": "application/json",
        "Authorization": "Sanitized",
        "Content-Length": "124",
        "Content-Type": "application/json",
        "repeatability-first-sent": "REDACTED",
        "repeatability-request-id": "REDACTED",
        "User-Agent": "azsdk-java-azure-communication-callautomation/1.4.0 (23.0.2; Windows 11; 10.0)",
        "X-FORWARDED-HOST": "acscallautomationsdklivetestresource.unitedstates.communication.azure.com",
        "x-ms-client-request-id": "REDACTED",
        "x-ms-content-sha256": "REDACTED",
        "x-ms-date": "Mon, 16 Jun 2025 21:17:08 GMT",
        "x-ms-hmac-string-to-sign-base64": "REDACTED"
      },
      "RequestBody": {
        "targets": [
          {
            "rawId": "REDACTED",
            "communicationUser": {
              "id": "REDACTED"
            }
          }
        ],
        "callbackUri": "REDACTED",
        "source": {
          "id": "REDACTED"
        }
      },
      "StatusCode": 201,
      "ResponseHeaders": {
        "api-supported-versions": "2023-03-06, 2023-10-15, 2024-04-15, 2024-09-15, 2025-05-15, 2025-06-15",
        "Content-Type": "application/json; charset=utf-8",
        "Date": "Mon, 16 Jun 2025 21:17:05 GMT",
        "Server": "Kestrel",
        "Transfer-Encoding": "chunked",
        "X-Microsoft-Skype-Chain-ID": "6c0859cf-b9df-413a-9edf-29b780efe07e",
        "X-Microsoft-Skype-Client": "azsdk-java-azure-communication-callautomation/1.4.0 (23.0.2; Windows 11; 10.0)",
        "x-ms-client-request-id": "REDACTED",
        "X-Ms-Client-Version": "azsdk-java-azure-communication-callautomation/1.4.0 (23.0.2; Windows 11; 10.0)"
      },
      "ResponseBody": {
        "callConnectionId": "01001680-2ac8-4612-82ee-96b6baeb26ff",
        "targets": [
          {
            "rawId": "REDACTED",
            "kind": "communicationUser",
            "communicationUser": {
              "id": "REDACTED"
            }
          }
        ],
        "callConnectionState": "connecting",
        "callbackUri": "REDACTED",
        "sourceDisplayName": "",
        "source": {
          "rawId": "REDACTED",
          "kind": "communicationUser",
          "communicationUser": {
            "id": "REDACTED"
          }
        },
        "correlationId": "6c0859cf-b9df-413a-9edf-29b780efe07e",
        "mediaStreamingSubscription": {
          "id": "REDACTED",
          "state": "disabled",
          "subscribedContentTypes": [
            "audio"
          ]
        }
      }
    },
    {
      "RequestUri": "https://REDACTED/calling/callConnections:reject?api-version=2025-06-15",
      "RequestMethod": "POST",
      "RequestHeaders": {
        "Accept": "application/json",
        "Authorization": "Sanitized",
        "Content-Length": "60",
        "Content-Type": "application/json",
        "repeatability-first-sent": "REDACTED",
        "repeatability-request-id": "REDACTED",
        "User-Agent": "azsdk-java-azure-communication-callautomation/1.4.0 (23.0.2; Windows 11; 10.0)",
        "X-FORWARDED-HOST": "acscallautomationsdklivetestresource.unitedstates.communication.azure.com",
        "x-ms-client-request-id": "REDACTED",
        "x-ms-content-sha256": "REDACTED",
        "x-ms-date": "Mon, 16 Jun 2025 21:17:26 GMT",
        "x-ms-hmac-string-to-sign-base64": "REDACTED"
      },
      "RequestBody": {
        "incomingCallContext": "REDACTED",
        "callRejectReason": "none"
      },
      "StatusCode": 204,
      "ResponseHeaders": {
        "api-supported-versions": "2023-03-06, 2023-10-15, 2024-04-15, 2024-09-15, 2025-05-15, 2025-06-15",
        "Date": "Mon, 16 Jun 2025 21:17:24 GMT",
        "Server": "Kestrel",
        "X-Microsoft-Skype-Chain-ID": "6c0859cf-b9df-413a-9edf-29b780efe07e",
        "X-Microsoft-Skype-Client": "azsdk-java-azure-communication-callautomation/1.4.0 (23.0.2; Windows 11; 10.0)",
        "x-ms-client-request-id": "REDACTED",
        "X-Ms-Client-Version": "azsdk-java-azure-communication-callautomation/1.4.0 (23.0.2; Windows 11; 10.0)"
      },
      "ResponseBody": null
    },
    {
      "RequestUri": "https://REDACTED/calling/callConnections/01001680-2ac8-4612-82ee-96b6baeb26ff?api-version=2025-06-15",
      "RequestMethod": "GET",
      "RequestHeaders": {
        "Accept": "application/json",
        "Authorization": "Sanitized",
        "Content-Length": "0",
        "User-Agent": "azsdk-java-azure-communication-callautomation/1.4.0 (23.0.2; Windows 11; 10.0)",
        "X-FORWARDED-HOST": "acscallautomationsdklivetestresource.unitedstates.communication.azure.com",
        "x-ms-client-request-id": "REDACTED",
        "x-ms-content-sha256": "REDACTED",
        "x-ms-date": "Mon, 16 Jun 2025 21:17:28 GMT",
        "x-ms-hmac-string-to-sign-base64": "REDACTED"
      },
      "RequestBody": null,
      "StatusCode": 404,
      "ResponseHeaders": {
        "api-supported-versions": "2023-03-06, 2023-10-15, 2024-04-15, 2024-09-15, 2025-05-15, 2025-06-15",
        "Content-Type": "application/json; charset=utf-8",
        "Date": "Mon, 16 Jun 2025 21:17:26 GMT",
        "Server": "Kestrel",
        "Transfer-Encoding": "chunked",
        "X-Microsoft-Skype-Chain-ID": "abd204bf-5fd0-41bb-bf61-1aea5ec4a2e9",
        "X-Microsoft-Skype-Client": "azsdk-java-azure-communication-callautomation/1.4.0 (23.0.2; Windows 11; 10.0)",
        "x-ms-client-request-id": "REDACTED",
        "X-Ms-Client-Version": "azsdk-java-azure-communication-callautomation/1.4.0 (23.0.2; Windows 11; 10.0)"
      },
      "ResponseBody": {
        "error": {
          "code": "8522",
          "message": "REDACTED",
          "target": "/calling/callConnections/01001680-2ac8-4612-82ee-96b6baeb26ff"
        }
      }
    }
  ],
  "Variables": {}
}
