{
  "Entries": [
    {
      "RequestUri": "https://REDACTED/identities?api-version=2023-10-01",
      "RequestMethod": "POST",
      "RequestHeaders": {
        "Accept": "application/json",
        "Authorization": "Sanitized",
        "Content-Length": "2",
        "Content-Type": "application/json",
        "User-Agent": "azsdk-java-azure-communication-identity/1.5.4 (21.0.2; Windows 11; 10.0)",
        "x-ms-client-request-id": "REDACTED",
        "x-ms-content-sha256": "REDACTED",
        "x-ms-date": "Fri, 26 Jul 2024 17:39:29 GMT",
        "x-ms-hmac-string-to-sign-base64": "REDACTED"
      },
      "RequestBody": {},
      "StatusCode": 201,
      "ResponseHeaders": {
        "api-supported-versions": "2020-07-20-preview2, 2021-03-07, 2021-10-31-preview, 2021-11-01, 2022-06-01, 2022-10-01, 2023-10-01",
        "Content-Length": "30",
        "Content-Type": "application/json; charset=utf-8",
        "Date": "Fri, 26 Jul 2024 17:39:29 GMT",
        "MS-CV": "REDACTED",
        "Request-Context": "appId=",
        "Strict-Transport-Security": "REDACTED",
        "X-Azure-Ref": "REDACTED",
        "X-Cache": "CONFIG_NOCACHE",
        "x-ms-client-request-id": "REDACTED",
        "X-Processing-Time": "50ms"
      },
      "ResponseBody": {
        "identity": {
          "id": "REDACTED"
        }
      }
    },
    {
      "RequestUri": "https://REDACTED/identities?api-version=2023-10-01",
      "RequestMethod": "POST",
      "RequestHeaders": {
        "Accept": "application/json",
        "Authorization": "Sanitized",
        "Content-Length": "2",
        "Content-Type": "application/json",
        "User-Agent": "azsdk-java-azure-communication-identity/1.5.4 (21.0.2; Windows 11; 10.0)",
        "x-ms-client-request-id": "REDACTED",
        "x-ms-content-sha256": "REDACTED",
        "x-ms-date": "Fri, 26 Jul 2024 17:39:29 GMT",
        "x-ms-hmac-string-to-sign-base64": "REDACTED"
      },
      "RequestBody": {},
      "StatusCode": 201,
      "ResponseHeaders": {
        "api-supported-versions": "2020-07-20-preview2, 2021-03-07, 2021-10-31-preview, 2021-11-01, 2022-06-01, 2022-10-01, 2023-10-01",
        "Content-Length": "30",
        "Content-Type": "application/json; charset=utf-8",
        "Date": "Fri, 26 Jul 2024 17:39:29 GMT",
        "MS-CV": "REDACTED",
        "Request-Context": "appId=",
        "Strict-Transport-Security": "REDACTED",
        "X-Azure-Ref": "REDACTED",
        "X-Cache": "CONFIG_NOCACHE",
        "x-ms-client-request-id": "REDACTED",
        "X-Processing-Time": "53ms"
      },
      "ResponseBody": {
        "identity": {
          "id": "REDACTED"
        }
      }
    },
    {
      "RequestUri": "https://REDACTED/calling/callConnections?api-version=2024-06-15-preview",
      "RequestMethod": "POST",
      "RequestHeaders": {
        "Accept": "application/json",
        "Authorization": "Sanitized",
        "Content-Length": "200",
        "Content-Type": "application/json",
        "repeatability-first-sent": "REDACTED",
        "repeatability-request-id": "REDACTED",
        "User-Agent": "azsdk-java-azure-communication-callautomation/1.3.0-beta.1 (21.0.2; Windows 11; 10.0)",
        "x-ms-client-request-id": "REDACTED",
        "x-ms-content-sha256": "REDACTED",
        "x-ms-date": "Fri, 26 Jul 2024 17:39:31 GMT",
        "x-ms-hmac-string-to-sign-base64": "REDACTED"
      },
      "RequestBody": {
        "targets": [
          {
            "rawId": "REDACTED",
            "communicationUser": {
              "id": "REDACTED"
            }
          }
        ],
        "source": {
          "id": "REDACTED"
        },
        "callbackUri": "REDACTED",
        "callIntelligenceOptions": {
          "cognitiveServicesEndpoint": "https://REDACTED/"
        }
      },
      "StatusCode": 201,
      "ResponseHeaders": {
        "Content-Length": "491",
        "Content-Type": "application/json; charset=utf-8",
        "Date": "Fri, 26 Jul 2024 17:39:31 GMT",
        "Strict-Transport-Security": "REDACTED",
        "X-Azure-Ref": "REDACTED",
        "X-Cache": "CONFIG_NOCACHE",
        "X-Microsoft-Skype-Chain-ID": "cb43092f-8065-421c-90af-6562721a7fa9",
        "X-Microsoft-Skype-Client": "azsdk-java-azure-communication-callautomation/1.3.0-beta.1 (21.0.2; Windows 11; 10.0)",
        "x-ms-client-request-id": "REDACTED"
      },
      "ResponseBody": {
        "callConnectionId": "10002080-6398-4818-9a13-25601d449d61",
        "targets": [
          {
            "rawId": "REDACTED",
            "kind": "communicationUser",
            "communicationUser": {
              "id": "REDACTED"
            }
          }
        ],
        "callConnectionState": "connecting",
        "callbackUri": "REDACTED",
        "sourceDisplayName": "",
        "source": {
          "rawId": "REDACTED",
          "kind": "communicationUser",
          "communicationUser": {
            "id": "REDACTED"
          }
        },
        "correlationId": "cb43092f-8065-421c-90af-6562721a7fa9",
        "mediaStreamingSubscription": {
          "id": "REDACTED",
          "state": "disabled",
          "subscribedContentTypes": [
            "audio"
          ]
        }
      }
    },
    {
      "RequestUri": "https://REDACTED/calling/callConnections:answer?api-version=2024-06-15-preview",
      "RequestMethod": "POST",
      "RequestHeaders": {
        "Accept": "application/json",
        "Authorization": "Sanitized",
        "Content-Length": "59",
        "Content-Type": "application/json",
        "repeatability-first-sent": "REDACTED",
        "repeatability-request-id": "REDACTED",
        "User-Agent": "azsdk-java-azure-communication-callautomation/1.3.0-beta.1 (21.0.2; Windows 11; 10.0)",
        "x-ms-client-request-id": "REDACTED",
        "x-ms-content-sha256": "REDACTED",
        "x-ms-date": "Fri, 26 Jul 2024 17:39:34 GMT",
        "x-ms-hmac-string-to-sign-base64": "REDACTED"
      },
      "RequestBody": {
        "incomingCallContext": "REDACTED",
        "callbackUri": "REDACTED"
      },
      "StatusCode": 200,
      "ResponseHeaders": {
        "Content-Length": "678",
        "Content-Type": "application/json; charset=utf-8",
        "Date": "Fri, 26 Jul 2024 17:39:33 GMT",
        "Strict-Transport-Security": "REDACTED",
        "X-Azure-Ref": "REDACTED",
        "X-Cache": "CONFIG_NOCACHE",
        "X-Microsoft-Skype-Chain-ID": "cb43092f-8065-421c-90af-6562721a7fa9",
        "X-Microsoft-Skype-Client": "azsdk-java-azure-communication-callautomation/1.3.0-beta.1 (21.0.2; Windows 11; 10.0)",
        "x-ms-client-request-id": "REDACTED"
      },
      "ResponseBody": {
        "callConnectionId": "10002080-611c-4496-9197-fb55d151a529",
        "serverCallId": "aHR0cHM6Ly9hcGkuZmxpZ2h0cHJveHkuc2t5cGUuY29tL2FwaS92Mi9jcC9jb252LXVzY2UtMDEtcHJvZC1ha3MuY29udi5za3lwZS5jb20vY29udi9RbWVjNmJpaENVV0plZ1hvTGZweXZBP2k9MTAtNjAtMTAtMTQzJmU9NjM4NTcyNzY5MzczODIwOTUx",
        "targets": [
          {
            "rawId": "REDACTED",
            "kind": "communicationUser",
            "communicationUser": {
              "id": "REDACTED"
            }
          }
        ],
        "callConnectionState": "connecting",
        "callbackUri": "REDACTED",
        "source": {
          "rawId": "REDACTED",
          "kind": "communicationUser",
          "communicationUser": {
            "id": "REDACTED"
          }
        },
        "correlationId": "cb43092f-8065-421c-90af-6562721a7fa9",
        "mediaStreamingSubscription": {
          "id": "REDACTED",
          "state": "disabled",
          "subscribedContentTypes": [
            "audio"
          ]
        }
      }
    },
    {
      "RequestUri": "https://REDACTED/calling/callConnections/10002080-6398-4818-9a13-25601d449d61:play?api-version=2024-06-15-preview",
      "RequestMethod": "POST",
      "RequestHeaders": {
        "Accept": "application/json",
        "Authorization": "Sanitized",
        "Content-Length": "387",
        "Content-Type": "application/json",
        "User-Agent": "azsdk-java-azure-communication-callautomation/1.3.0-beta.1 (21.0.2; Windows 11; 10.0)",
        "x-ms-client-request-id": "REDACTED",
        "x-ms-content-sha256": "REDACTED",
        "x-ms-date": "Fri, 26 Jul 2024 17:39:36 GMT",
        "x-ms-hmac-string-to-sign-base64": "REDACTED"
      },
      "RequestBody": {
        "playSources": [
          {
            "kind": "text",
            "text": {
              "text": "Test prompt1",
              "voiceName": "en-US-NancyNeural"
            }
          },
          {
            "kind": "file",
            "file": {
              "uri": "https://REDACTED/Azure-Samples/communication-services-dotnet-quickstarts/raw/callautomation/playground/CallAutomation_Playground/MediaFiles/PROMPT_GOODBYE.wav"
            }
          }
        ],
        "playTo": [
          {
            "rawId": "REDACTED",
            "communicationUser": {
              "id": "REDACTED"
            }
          }
        ],
        "playOptions": {
          "loop": false
        }
      },
      "StatusCode": 202,
      "ResponseHeaders": {
        "Content-Length": "0",
        "Date": "Fri, 26 Jul 2024 17:39:37 GMT",
        "Strict-Transport-Security": "REDACTED",
        "X-Azure-Ref": "REDACTED",
        "X-Cache": "CONFIG_NOCACHE",
        "X-Microsoft-Skype-Chain-ID": "cb43092f-8065-421c-90af-6562721a7fa9",
        "X-Microsoft-Skype-Client": "azsdk-java-azure-communication-callautomation/1.3.0-beta.1 (21.0.2; Windows 11; 10.0)",
        "x-ms-client-request-id": "REDACTED"
      },
      "ResponseBody": null
    },
    {
      "RequestUri": "https://REDACTED/calling/callConnections/10002080-611c-4496-9197-fb55d151a529:terminate?api-version=2024-06-15-preview",
      "RequestMethod": "POST",
      "RequestHeaders": {
        "Accept": "application/json",
        "Authorization": "Sanitized",
        "Content-Length": "0",
        "repeatability-first-sent": "REDACTED",
        "repeatability-request-id": "REDACTED",
        "User-Agent": "azsdk-java-azure-communication-callautomation/1.3.0-beta.1 (21.0.2; Windows 11; 10.0)",
        "x-ms-client-request-id": "REDACTED",
        "x-ms-content-sha256": "REDACTED",
        "x-ms-date": "Fri, 26 Jul 2024 17:39:46 GMT",
        "x-ms-hmac-string-to-sign-base64": "REDACTED"
      },
      "RequestBody": null,
      "StatusCode": 204,
      "ResponseHeaders": {
        "Date": "Fri, 26 Jul 2024 17:39:45 GMT",
        "Repeatability-Result": "accepted",
        "Strict-Transport-Security": "REDACTED",
        "X-Azure-Ref": "REDACTED",
        "X-Cache": "CONFIG_NOCACHE",
        "X-Microsoft-Skype-Chain-ID": "cb43092f-8065-421c-90af-6562721a7fa9",
        "X-Microsoft-Skype-Client": "azsdk-java-azure-communication-callautomation/1.3.0-beta.1 (21.0.2; Windows 11; 10.0)",
        "x-ms-client-request-id": "REDACTED"
      },
      "ResponseBody": null
    }
  ],
  "Variables": {}
}
