{
  "Entries": [
    {
      "RequestUri": "https://REDACTED/identities?api-version=2023-10-01",
      "RequestMethod": "POST",
      "RequestHeaders": {
        "Accept": "application/json",
        "Authorization": "Sanitized",
        "Content-Length": "2",
        "Content-Type": "application/json",
        "User-Agent": "azsdk-java-azure-communication-identity/1.6.5 (17.0.14; Windows 11; 10.0)",
        "x-ms-client-request-id": "REDACTED",
        "x-ms-content-sha256": "REDACTED",
        "x-ms-date": "Tue, 15 Jul 2025 10:35:29 GMT",
        "x-ms-hmac-string-to-sign-base64": "REDACTED"
      },
      "RequestBody": {},
      "StatusCode": 201,
      "ResponseHeaders": {
        "api-supported-versions": "2020-07-20-preview2, 2021-03-07, 2021-10-31-preview, 2021-11-01, 2022-06-01, 2022-10-01, 2023-10-01, 2025-03-02-preview, 2025-06-30",
        "Connection": "keep-alive",
        "Content-Length": "30",
        "Content-Type": "application/json; charset=utf-8",
        "Date": "Tue, 15 Jul 2025 10:35:29 GMT",
        "MS-CV": "REDACTED",
        "Request-Context": "appId=",
        "Strict-Transport-Security": "REDACTED",
        "x-azure-ref": "REDACTED",
        "X-Cache": "CONFIG_NOCACHE",
        "x-ms-client-request-id": "REDACTED",
        "X-Processing-Time": "14ms"
      },
      "ResponseBody": {
        "identity": {
          "id": "REDACTED"
        }
      }
    },
    {
      "RequestUri": "https://REDACTED/identities?api-version=2023-10-01",
      "RequestMethod": "POST",
      "RequestHeaders": {
        "Accept": "application/json",
        "Authorization": "Sanitized",
        "Content-Length": "2",
        "Content-Type": "application/json",
        "User-Agent": "azsdk-java-azure-communication-identity/1.6.5 (17.0.14; Windows 11; 10.0)",
        "x-ms-client-request-id": "REDACTED",
        "x-ms-content-sha256": "REDACTED",
        "x-ms-date": "Tue, 15 Jul 2025 10:35:29 GMT",
        "x-ms-hmac-string-to-sign-base64": "REDACTED"
      },
      "RequestBody": {},
      "StatusCode": 201,
      "ResponseHeaders": {
        "api-supported-versions": "2020-07-20-preview2, 2021-03-07, 2021-10-31-preview, 2021-11-01, 2022-06-01, 2022-10-01, 2023-10-01, 2025-03-02-preview, 2025-06-30",
        "Connection": "keep-alive",
        "Content-Length": "30",
        "Content-Type": "application/json; charset=utf-8",
        "Date": "Tue, 15 Jul 2025 10:35:29 GMT",
        "MS-CV": "REDACTED",
        "Request-Context": "appId=",
        "Strict-Transport-Security": "REDACTED",
        "x-azure-ref": "REDACTED",
        "X-Cache": "CONFIG_NOCACHE",
        "x-ms-client-request-id": "REDACTED",
        "X-Processing-Time": "13ms"
      },
      "ResponseBody": {
        "identity": {
          "id": "REDACTED"
        }
      }
    },
    {
      "RequestUri": "https://REDACTED/identities?api-version=2023-10-01",
      "RequestMethod": "POST",
      "RequestHeaders": {
        "Accept": "application/json",
        "Authorization": "Sanitized",
        "Content-Length": "2",
        "Content-Type": "application/json",
        "User-Agent": "azsdk-java-azure-communication-identity/1.6.5 (17.0.14; Windows 11; 10.0)",
        "x-ms-client-request-id": "REDACTED",
        "x-ms-content-sha256": "REDACTED",
        "x-ms-date": "Tue, 15 Jul 2025 10:35:29 GMT",
        "x-ms-hmac-string-to-sign-base64": "REDACTED"
      },
      "RequestBody": {},
      "StatusCode": 201,
      "ResponseHeaders": {
        "api-supported-versions": "2020-07-20-preview2, 2021-03-07, 2021-10-31-preview, 2021-11-01, 2022-06-01, 2022-10-01, 2023-10-01, 2025-03-02-preview, 2025-06-30",
        "Connection": "keep-alive",
        "Content-Length": "30",
        "Content-Type": "application/json; charset=utf-8",
        "Date": "Tue, 15 Jul 2025 10:35:29 GMT",
        "MS-CV": "REDACTED",
        "Request-Context": "appId=",
        "Strict-Transport-Security": "REDACTED",
        "x-azure-ref": "REDACTED",
        "X-Cache": "CONFIG_NOCACHE",
        "x-ms-client-request-id": "REDACTED",
        "X-Processing-Time": "14ms"
      },
      "ResponseBody": {
        "identity": {
          "id": "REDACTED"
        }
      }
    },
    {
      "RequestUri": "https://REDACTED/calling/callConnections?api-version=2024-09-01-preview",
      "RequestMethod": "POST",
      "RequestHeaders": {
        "Accept": "application/json",
        "Authorization": "Sanitized",
        "Content-Length": "182",
        "Content-Type": "application/json",
        "repeatability-first-sent": "REDACTED",
        "repeatability-request-id": "REDACTED",
        "User-Agent": "azsdk-java-azure-communication-callautomation/1.6.0-beta.1 (17.0.14; Windows 11; 10.0)",
        "x-ms-client-request-id": "REDACTED",
        "x-ms-content-sha256": "REDACTED",
        "x-ms-date": "Tue, 15 Jul 2025 10:35:34 GMT",
        "x-ms-hmac-string-to-sign-base64": "REDACTED"
      },
      "RequestBody": {
        "targets": [
          {
            "rawId": "REDACTED",
            "communicationUser": {
              "id": "REDACTED"
            }
          }
        ],
        "callbackUri": "REDACTED",
        "source": {
          "id": "REDACTED"
        },
        "customCallingContext": {
          "voipHeaders": {},
          "sipHeaders": {}
        }
      },
      "StatusCode": 201,
      "ResponseHeaders": {
        "api-supported-versions": "2023-10-03-preview, 2024-09-01-preview",
        "Connection": "keep-alive",
        "Content-Type": "application/json; charset=utf-8",
        "Date": "Tue, 15 Jul 2025 10:35:33 GMT",
        "Strict-Transport-Security": "REDACTED",
        "Transfer-Encoding": "chunked",
        "x-azure-ref": "REDACTED",
        "X-Cache": "CONFIG_NOCACHE",
        "X-Microsoft-Skype-Chain-ID": "75c9f1ff-9972-44f1-87d2-b4c301b8ee23",
        "X-Microsoft-Skype-Client": "azsdk-java-azure-communication-callautomation/1.6.0-beta.1 (17.0.14; Windows 11; 10.0)",
        "x-ms-client-request-id": "REDACTED",
        "X-Ms-Client-Version": "azsdk-java-azure-communication-callautomation/1.6.0-beta.1 (17.0.14; Windows 11; 10.0)"
      },
      "ResponseBody": {
        "callConnectionId": "07002680-41d7-4b73-b4b9-8ae6466609b1",
        "targets": [
          {
            "rawId": "REDACTED",
            "kind": "communicationUser",
            "communicationUser": {
              "id": "REDACTED"
            }
          }
        ],
        "callConnectionState": "connecting",
        "callbackUri": "REDACTED",
        "sourceDisplayName": "",
        "source": {
          "rawId": "REDACTED",
          "kind": "communicationUser",
          "communicationUser": {
            "id": "REDACTED"
          }
        },
        "correlationId": "75c9f1ff-9972-44f1-87d2-b4c301b8ee23",
        "mediaSubscriptionId": "REDACTED",
        "dataSubscriptionId": "REDACTED",
        "mediaStreamingSubscription": {
          "id": "REDACTED",
          "state": "disabled",
          "subscribedContentTypes": [
            "audio"
          ]
        }
      }
    },
    {
      "RequestUri": "https://REDACTED/calling/callConnections:answer?api-version=2024-09-01-preview",
      "RequestMethod": "POST",
      "RequestHeaders": {
        "Accept": "application/json",
        "Authorization": "Sanitized",
        "Content-Length": "117",
        "Content-Type": "application/json",
        "repeatability-first-sent": "REDACTED",
        "repeatability-request-id": "REDACTED",
        "User-Agent": "azsdk-java-azure-communication-callautomation/1.6.0-beta.1 (17.0.14; Windows 11; 10.0)",
        "x-ms-client-request-id": "REDACTED",
        "x-ms-content-sha256": "REDACTED",
        "x-ms-date": "Tue, 15 Jul 2025 10:35:36 GMT",
        "x-ms-hmac-string-to-sign-base64": "REDACTED"
      },
      "RequestBody": {
        "incomingCallContext": "REDACTED",
        "callbackUri": "REDACTED",
        "customCallingContext": {
          "voipHeaders": {},
          "sipHeaders": {}
        }
      },
      "StatusCode": 200,
      "ResponseHeaders": {
        "api-supported-versions": "2023-10-03-preview, 2024-09-01-preview",
        "Connection": "keep-alive",
        "Content-Type": "application/json; charset=utf-8",
        "Date": "Tue, 15 Jul 2025 10:35:36 GMT",
        "Strict-Transport-Security": "REDACTED",
        "Transfer-Encoding": "chunked",
        "x-azure-ref": "REDACTED",
        "X-Cache": "CONFIG_NOCACHE",
        "X-Microsoft-Skype-Chain-ID": "75c9f1ff-9972-44f1-87d2-b4c301b8ee23",
        "X-Microsoft-Skype-Client": "azsdk-java-azure-communication-callautomation/1.6.0-beta.1 (17.0.14; Windows 11; 10.0)",
        "x-ms-client-request-id": "REDACTED",
        "X-Ms-Client-Version": "azsdk-java-azure-communication-callautomation/1.6.0-beta.1 (17.0.14; Windows 11; 10.0)"
      },
      "ResponseBody": {
        "callConnectionId": "07002680-894d-4c74-9c21-ad10bdbb0755",
        "serverCallId": "aHR0cHM6Ly9hcGkuZmxpZ2h0cHJveHkuc2t5cGUuY29tL2FwaS92Mi9jcC9jb252LWpwd2UtMDEtc2RmLWFrcy5jb252LnNreXBlLmNvbS9jb252L0dXbG1lMG5GdkVlbVVrTnVmREhlTHc/aT0xMC02MC0xOC0yMzEmZT02Mzg4ODExNTIxODg1MzQ4Mzc=",
        "targets": [
          {
            "rawId": "REDACTED",
            "kind": "communicationUser",
            "communicationUser": {
              "id": "REDACTED"
            }
          }
        ],
        "callConnectionState": "connecting",
        "callbackUri": "REDACTED",
        "source": {
          "rawId": "REDACTED",
          "kind": "communicationUser",
          "communicationUser": {
            "id": "REDACTED"
          }
        },
        "correlationId": "75c9f1ff-9972-44f1-87d2-b4c301b8ee23",
        "mediaSubscriptionId": "REDACTED",
        "dataSubscriptionId": "REDACTED",
        "mediaStreamingSubscription": {
          "id": "REDACTED",
          "state": "disabled",
          "subscribedContentTypes": [
            "audio"
          ]
        }
      }
    },
    {
      "RequestUri": "https://REDACTED/calling/callConnections/07002680-41d7-4b73-b4b9-8ae6466609b1/participants:add?api-version=2024-09-01-preview",
      "RequestMethod": "POST",
      "RequestHeaders": {
        "Accept": "application/json",
        "Authorization": "Sanitized",
        "Content-Length": "121",
        "Content-Type": "application/json",
        "repeatability-first-sent": "REDACTED",
        "repeatability-request-id": "REDACTED",
        "User-Agent": "azsdk-java-azure-communication-callautomation/1.6.0-beta.1 (17.0.14; Windows 11; 10.0)",
        "x-ms-client-request-id": "REDACTED",
        "x-ms-content-sha256": "REDACTED",
        "x-ms-date": "Tue, 15 Jul 2025 10:35:38 GMT",
        "x-ms-hmac-string-to-sign-base64": "REDACTED"
      },
      "RequestBody": {
        "participantToAdd": {
          "rawId": "REDACTED",
          "communicationUser": {
            "id": "REDACTED"
          }
        },
        "customCallingContext": {
          "voipHeaders": {}
        }
      },
      "StatusCode": 202,
      "ResponseHeaders": {
        "api-supported-versions": "2023-10-03-preview, 2024-09-01-preview",
        "Connection": "keep-alive",
        "Content-Type": "application/json; charset=utf-8",
        "Date": "Tue, 15 Jul 2025 10:35:38 GMT",
        "Repeatability-Result": "accepted",
        "Strict-Transport-Security": "REDACTED",
        "Transfer-Encoding": "chunked",
        "x-azure-ref": "REDACTED",
        "X-Cache": "CONFIG_NOCACHE",
        "X-Microsoft-Skype-Chain-ID": "75c9f1ff-9972-44f1-87d2-b4c301b8ee23",
        "X-Microsoft-Skype-Client": "azsdk-java-azure-communication-callautomation/1.6.0-beta.1 (17.0.14; Windows 11; 10.0)",
        "x-ms-client-request-id": "REDACTED",
        "X-Ms-Client-Version": "azsdk-java-azure-communication-callautomation/1.6.0-beta.1 (17.0.14; Windows 11; 10.0)"
      },
      "ResponseBody": {
        "participant": {
          "identifier": {
            "rawId": "REDACTED",
            "kind": "communicationUser",
            "communicationUser": {
              "id": "REDACTED"
            }
          },
          "isMuted": false,
          "isOnHold": false
        },
        "invitationId": "0a685973-619c-48e5-9c51-2c683184c58f"
      }
    },
    {
      "RequestUri": "https://REDACTED/calling/callConnections:answer?api-version=2024-09-01-preview",
      "RequestMethod": "POST",
      "RequestHeaders": {
        "Accept": "application/json",
        "Authorization": "Sanitized",
        "Content-Length": "117",
        "Content-Type": "application/json",
        "repeatability-first-sent": "REDACTED",
        "repeatability-request-id": "REDACTED",
        "User-Agent": "azsdk-java-azure-communication-callautomation/1.6.0-beta.1 (17.0.14; Windows 11; 10.0)",
        "x-ms-client-request-id": "REDACTED",
        "x-ms-content-sha256": "REDACTED",
        "x-ms-date": "Tue, 15 Jul 2025 10:35:40 GMT",
        "x-ms-hmac-string-to-sign-base64": "REDACTED"
      },
      "RequestBody": {
        "incomingCallContext": "REDACTED",
        "callbackUri": "REDACTED",
        "customCallingContext": {
          "voipHeaders": {},
          "sipHeaders": {}
        }
      },
      "StatusCode": 200,
      "ResponseHeaders": {
        "api-supported-versions": "2023-10-03-preview, 2024-09-01-preview",
        "Connection": "keep-alive",
        "Content-Type": "application/json; charset=utf-8",
        "Date": "Tue, 15 Jul 2025 10:35:40 GMT",
        "Strict-Transport-Security": "REDACTED",
        "Transfer-Encoding": "chunked",
        "x-azure-ref": "REDACTED",
        "X-Cache": "CONFIG_NOCACHE",
        "X-Microsoft-Skype-Chain-ID": "75c9f1ff-9972-44f1-87d2-b4c301b8ee23",
        "X-Microsoft-Skype-Client": "azsdk-java-azure-communication-callautomation/1.6.0-beta.1 (17.0.14; Windows 11; 10.0)",
        "x-ms-client-request-id": "REDACTED",
        "X-Ms-Client-Version": "azsdk-java-azure-communication-callautomation/1.6.0-beta.1 (17.0.14; Windows 11; 10.0)"
      },
      "ResponseBody": {
        "callConnectionId": "07002680-e06a-4aba-89a5-bb29e7a4623f",
        "serverCallId": "aHR0cHM6Ly9hcGkuZmxpZ2h0cHJveHkuc2t5cGUuY29tL2FwaS92Mi9jcC9jb252LWpwd2UtMDEtc2RmLWFrcy5jb252LnNreXBlLmNvbS9jb252L0dXbG1lMG5GdkVlbVVrTnVmREhlTHc/aT0xMC02MC0xOC0yMzEmZT02Mzg4ODExNTIxODg1MzQ4Mzc=",
        "targets": [
          {
            "rawId": "REDACTED",
            "kind": "communicationUser",
            "communicationUser": {
              "id": "REDACTED"
            }
          }
        ],
        "callConnectionState": "connecting",
        "callbackUri": "REDACTED",
        "source": {
          "rawId": "REDACTED",
          "kind": "communicationUser",
          "communicationUser": {
            "id": "REDACTED"
          }
        },
        "correlationId": "75c9f1ff-9972-44f1-87d2-b4c301b8ee23",
        "mediaSubscriptionId": "REDACTED",
        "dataSubscriptionId": "REDACTED",
        "mediaStreamingSubscription": {
          "id": "REDACTED",
          "state": "disabled",
          "subscribedContentTypes": [
            "audio"
          ]
        }
      }
    },
    {
      "RequestUri": "https://REDACTED/calling/callConnections/07002680-41d7-4b73-b4b9-8ae6466609b1/participants?api-version=2024-09-01-preview",
      "RequestMethod": "GET",
      "RequestHeaders": {
        "Accept": "application/json",
        "Authorization": "Sanitized",
        "Content-Length": "0",
        "User-Agent": "azsdk-java-azure-communication-callautomation/1.6.0-beta.1 (17.0.14; Windows 11; 10.0)",
        "x-ms-client-request-id": "REDACTED",
        "x-ms-content-sha256": "REDACTED",
        "x-ms-date": "Tue, 15 Jul 2025 10:35:44 GMT",
        "x-ms-hmac-string-to-sign-base64": "REDACTED"
      },
      "RequestBody": null,
      "StatusCode": 200,
      "ResponseHeaders": {
        "api-supported-versions": "2023-10-03-preview, 2024-09-01-preview",
        "Connection": "keep-alive",
        "Content-Type": "application/json; charset=utf-8",
        "Date": "Tue, 15 Jul 2025 10:35:43 GMT",
        "Strict-Transport-Security": "REDACTED",
        "Transfer-Encoding": "chunked",
        "x-azure-ref": "REDACTED",
        "X-Cache": "CONFIG_NOCACHE",
        "X-Microsoft-Skype-Chain-ID": "75c9f1ff-9972-44f1-87d2-b4c301b8ee23",
        "X-Microsoft-Skype-Client": "azsdk-java-azure-communication-callautomation/1.6.0-beta.1 (17.0.14; Windows 11; 10.0)",
        "x-ms-client-request-id": "REDACTED",
        "X-Ms-Client-Version": "azsdk-java-azure-communication-callautomation/1.6.0-beta.1 (17.0.14; Windows 11; 10.0)"
      },
      "ResponseBody": {
        "value": [
          {
            "identifier": {
              "rawId": "REDACTED",
              "kind": "communicationUser",
              "communicationUser": {
                "id": "REDACTED"
              }
            },
            "isMuted": false,
            "isOnHold": false
          },
          {
            "identifier": {
              "rawId": "REDACTED",
              "kind": "communicationUser",
              "communicationUser": {
                "id": "REDACTED"
              }
            },
            "isMuted": false,
            "isOnHold": false
          },
          {
            "identifier": {
              "rawId": "REDACTED",
              "kind": "communicationUser",
              "communicationUser": {
                "id": "REDACTED"
              }
            },
            "isMuted": false,
            "isOnHold": false
          }
        ]
      }
    },
    {
      "RequestUri": "https://REDACTED/calling/callConnections/07002680-41d7-4b73-b4b9-8ae6466609b1/participants:remove?api-version=2024-09-01-preview",
      "RequestMethod": "POST",
      "RequestHeaders": {
        "Accept": "application/json",
        "Authorization": "Sanitized",
        "Content-Length": "82",
        "Content-Type": "application/json",
        "repeatability-first-sent": "REDACTED",
        "repeatability-request-id": "REDACTED",
        "User-Agent": "azsdk-java-azure-communication-callautomation/1.6.0-beta.1 (17.0.14; Windows 11; 10.0)",
        "x-ms-client-request-id": "REDACTED",
        "x-ms-content-sha256": "REDACTED",
        "x-ms-date": "Tue, 15 Jul 2025 10:35:44 GMT",
        "x-ms-hmac-string-to-sign-base64": "REDACTED"
      },
      "RequestBody": {
        "participantToRemove": {
          "rawId": "REDACTED",
          "communicationUser": {
            "id": "REDACTED"
          }
        }
      },
      "StatusCode": 202,
      "ResponseHeaders": {
        "api-supported-versions": "2023-10-03-preview, 2024-09-01-preview",
        "Connection": "keep-alive",
        "Content-Type": "application/json; charset=utf-8",
        "Date": "Tue, 15 Jul 2025 10:35:44 GMT",
        "Repeatability-Result": "accepted",
        "Strict-Transport-Security": "REDACTED",
        "Transfer-Encoding": "chunked",
        "x-azure-ref": "REDACTED",
        "X-Cache": "CONFIG_NOCACHE",
        "X-Microsoft-Skype-Chain-ID": "75c9f1ff-9972-44f1-87d2-b4c301b8ee23",
        "X-Microsoft-Skype-Client": "azsdk-java-azure-communication-callautomation/1.6.0-beta.1 (17.0.14; Windows 11; 10.0)",
        "x-ms-client-request-id": "REDACTED",
        "X-Ms-Client-Version": "azsdk-java-azure-communication-callautomation/1.6.0-beta.1 (17.0.14; Windows 11; 10.0)"
      },
      "ResponseBody": {}
    },
    {
      "RequestUri": "https://REDACTED/calling/callConnections/07002680-894d-4c74-9c21-ad10bdbb0755:terminate?api-version=2024-09-01-preview",
      "RequestMethod": "POST",
      "RequestHeaders": {
        "Accept": "application/json",
        "Authorization": "Sanitized",
        "Content-Length": "0",
        "repeatability-first-sent": "REDACTED",
        "repeatability-request-id": "REDACTED",
        "User-Agent": "azsdk-java-azure-communication-callautomation/1.6.0-beta.1 (17.0.14; Windows 11; 10.0)",
        "x-ms-client-request-id": "REDACTED",
        "x-ms-content-sha256": "REDACTED",
        "x-ms-date": "Tue, 15 Jul 2025 10:35:51 GMT",
        "x-ms-hmac-string-to-sign-base64": "REDACTED"
      },
      "RequestBody": null,
      "StatusCode": 404,
      "ResponseHeaders": {
        "api-supported-versions": "2023-10-03-preview, 2024-09-01-preview",
        "Connection": "keep-alive",
        "Content-Type": "application/json; charset=utf-8",
        "Date": "Tue, 15 Jul 2025 10:35:51 GMT",
        "Repeatability-Result": "accepted",
        "Strict-Transport-Security": "REDACTED",
        "Transfer-Encoding": "chunked",
        "x-azure-ref": "REDACTED",
        "X-Cache": "CONFIG_NOCACHE",
        "X-Microsoft-Skype-Chain-ID": "743b1e64-3c72-4c4a-b2f4-90c351ce3ef3",
        "X-Microsoft-Skype-Client": "azsdk-java-azure-communication-callautomation/1.6.0-beta.1 (17.0.14; Windows 11; 10.0)",
        "x-ms-client-request-id": "REDACTED",
        "X-Ms-Client-Version": "azsdk-java-azure-communication-callautomation/1.6.0-beta.1 (17.0.14; Windows 11; 10.0)"
      },
      "ResponseBody": {
        "error": {
          "code": "8522",
          "message": "REDACTED",
          "target": "/calling/callConnections/07002680-894d-4c74-9c21-ad10bdbb0755:terminate"
        }
      }
    }
  ],
  "Variables": {}
}
