{
  "Entries": [
    {
      "RequestUri": "https://REDACTED/identities?api-version=2023-10-01",
      "RequestMethod": "POST",
      "RequestHeaders": {
        "Accept": "application/json",
        "Authorization": "Sanitized",
        "Content-Length": "2",
        "Content-Type": "application/json",
        "User-Agent": "azsdk-java-azure-communication-identity/1.6.4 (24.0.1; Windows 11; 10.0)",
        "x-ms-client-request-id": "REDACTED",
        "x-ms-content-sha256": "REDACTED",
        "x-ms-date": "Tue, 24 Jun 2025 23:45:34 GMT",
        "x-ms-hmac-string-to-sign-base64": "REDACTED"
      },
      "RequestBody": {},
      "StatusCode": 201,
      "ResponseHeaders": {
        "api-supported-versions": "2020-07-20-preview2, 2021-03-07, 2021-10-31-preview, 2021-11-01, 2022-06-01, 2022-10-01, 2023-10-01, 2025-03-02-preview, 2025-06-30",
        "Connection": "keep-alive",
        "Content-Length": "30",
        "Content-Type": "application/json; charset=utf-8",
        "Date": "Tue, 24 Jun 2025 23:45:34 GMT",
        "MS-CV": "REDACTED",
        "Request-Context": "appId=",
        "Strict-Transport-Security": "REDACTED",
        "x-azure-ref": "REDACTED",
        "X-Cache": "CONFIG_NOCACHE",
        "x-ms-client-request-id": "REDACTED",
        "X-Processing-Time": "15ms"
      },
      "ResponseBody": {
        "identity": {
          "id": "REDACTED"
        }
      }
    },
    {
      "RequestUri": "https://REDACTED/identities?api-version=2023-10-01",
      "RequestMethod": "POST",
      "RequestHeaders": {
        "Accept": "application/json",
        "Authorization": "Sanitized",
        "Content-Length": "2",
        "Content-Type": "application/json",
        "User-Agent": "azsdk-java-azure-communication-identity/1.6.4 (24.0.1; Windows 11; 10.0)",
        "x-ms-client-request-id": "REDACTED",
        "x-ms-content-sha256": "REDACTED",
        "x-ms-date": "Tue, 24 Jun 2025 23:45:34 GMT",
        "x-ms-hmac-string-to-sign-base64": "REDACTED"
      },
      "RequestBody": {},
      "StatusCode": 201,
      "ResponseHeaders": {
        "api-supported-versions": "2020-07-20-preview2, 2021-03-07, 2021-10-31-preview, 2021-11-01, 2022-06-01, 2022-10-01, 2023-10-01, 2025-03-02-preview, 2025-06-30",
        "Connection": "keep-alive",
        "Content-Length": "30",
        "Content-Type": "application/json; charset=utf-8",
        "Date": "Tue, 24 Jun 2025 23:45:34 GMT",
        "MS-CV": "REDACTED",
        "Request-Context": "appId=",
        "Strict-Transport-Security": "REDACTED",
        "x-azure-ref": "REDACTED",
        "X-Cache": "CONFIG_NOCACHE",
        "x-ms-client-request-id": "REDACTED",
        "X-Processing-Time": "13ms"
      },
      "ResponseBody": {
        "identity": {
          "id": "REDACTED"
        }
      }
    },
    {
      "RequestUri": "https://REDACTED/calling/callConnections?api-version=2024-09-01-preview",
      "RequestMethod": "POST",
      "RequestHeaders": {
        "Accept": "application/json",
        "Authorization": "Sanitized",
        "Content-Length": "182",
        "Content-Type": "application/json",
        "repeatability-first-sent": "REDACTED",
        "repeatability-request-id": "REDACTED",
        "User-Agent": "azsdk-java-azure-communication-callautomation/1.5.0-beta.1 (24.0.1; Windows 11; 10.0)",
        "x-ms-client-request-id": "REDACTED",
        "x-ms-content-sha256": "REDACTED",
        "x-ms-date": "Tue, 24 Jun 2025 23:45:35 GMT",
        "x-ms-hmac-string-to-sign-base64": "REDACTED"
      },
      "RequestBody": {
        "targets": [
          {
            "rawId": "REDACTED",
            "communicationUser": {
              "id": "REDACTED"
            }
          }
        ],
        "callbackUri": "REDACTED",
        "source": {
          "id": "REDACTED"
        },
        "customCallingContext": {
          "voipHeaders": {},
          "sipHeaders": {}
        }
      },
      "StatusCode": 201,
      "ResponseHeaders": {
        "api-supported-versions": "2023-10-03-preview, 2024-09-01-preview",
        "Connection": "keep-alive",
        "Content-Type": "application/json; charset=utf-8",
        "Date": "Tue, 24 Jun 2025 23:45:36 GMT",
        "Strict-Transport-Security": "REDACTED",
        "Transfer-Encoding": "chunked",
        "x-azure-ref": "REDACTED",
        "X-Cache": "CONFIG_NOCACHE",
        "X-Microsoft-Skype-Chain-ID": "d2c99161-955b-4473-9b85-86a8b6a1bcfe",
        "X-Microsoft-Skype-Client": "azsdk-java-azure-communication-callautomation/1.5.0-beta.1 (24.0.1; Windows 11; 10.0)",
        "x-ms-client-request-id": "REDACTED",
        "X-Ms-Client-Version": "azsdk-java-azure-communication-callautomation/1.5.0-beta.1 (24.0.1; Windows 11; 10.0)"
      },
      "ResponseBody": {
        "callConnectionId": "22001f80-8938-4d71-8554-8f0728884377",
        "targets": [
          {
            "rawId": "REDACTED",
            "kind": "communicationUser",
            "communicationUser": {
              "id": "REDACTED"
            }
          }
        ],
        "callConnectionState": "connecting",
        "callbackUri": "REDACTED",
        "sourceDisplayName": "",
        "source": {
          "rawId": "REDACTED",
          "kind": "communicationUser",
          "communicationUser": {
            "id": "REDACTED"
          }
        },
        "correlationId": "d2c99161-955b-4473-9b85-86a8b6a1bcfe",
        "mediaSubscriptionId": "REDACTED",
        "dataSubscriptionId": "REDACTED",
        "mediaStreamingSubscription": {
          "id": "REDACTED",
          "state": "disabled",
          "subscribedContentTypes": [
            "audio"
          ]
        }
      }
    },
    {
      "RequestUri": "https://REDACTED/calling/callConnections:answer?api-version=2024-09-01-preview",
      "RequestMethod": "POST",
      "RequestHeaders": {
        "Accept": "application/json",
        "Authorization": "Sanitized",
        "Content-Length": "117",
        "Content-Type": "application/json",
        "repeatability-first-sent": "REDACTED",
        "repeatability-request-id": "REDACTED",
        "User-Agent": "azsdk-java-azure-communication-callautomation/1.5.0-beta.1 (24.0.1; Windows 11; 10.0)",
        "x-ms-client-request-id": "REDACTED",
        "x-ms-content-sha256": "REDACTED",
        "x-ms-date": "Tue, 24 Jun 2025 23:45:38 GMT",
        "x-ms-hmac-string-to-sign-base64": "REDACTED"
      },
      "RequestBody": {
        "incomingCallContext": "REDACTED",
        "callbackUri": "REDACTED",
        "customCallingContext": {
          "voipHeaders": {},
          "sipHeaders": {}
        }
      },
      "StatusCode": 200,
      "ResponseHeaders": {
        "api-supported-versions": "2023-10-03-preview, 2024-09-01-preview",
        "Connection": "keep-alive",
        "Content-Type": "application/json; charset=utf-8",
        "Date": "Tue, 24 Jun 2025 23:45:38 GMT",
        "Strict-Transport-Security": "REDACTED",
        "Transfer-Encoding": "chunked",
        "x-azure-ref": "REDACTED",
        "X-Cache": "CONFIG_NOCACHE",
        "X-Microsoft-Skype-Chain-ID": "d2c99161-955b-4473-9b85-86a8b6a1bcfe",
        "X-Microsoft-Skype-Client": "azsdk-java-azure-communication-callautomation/1.5.0-beta.1 (24.0.1; Windows 11; 10.0)",
        "x-ms-client-request-id": "REDACTED",
        "X-Ms-Client-Version": "azsdk-java-azure-communication-callautomation/1.5.0-beta.1 (24.0.1; Windows 11; 10.0)"
      },
      "ResponseBody": {
        "callConnectionId": "22001f80-2562-4df3-834d-39a291c36c93",
        "serverCallId": "aHR0cHM6Ly9hcGkuZmxpZ2h0cHJveHkuc2t5cGUuY29tL2FwaS92Mi9jcC9jb252LXVzZWEtMDItc2RmLWFrcy5jb252LnNreXBlLmNvbS9jb252L18zZ2YzMjdNWFVtTjNHdXloeUhJUkE/aT0xMC0xMjgtMy0xNTEmZT02Mzg4NjM4NTIwMjQ3ODI2MTc=",
        "targets": [
          {
            "rawId": "REDACTED",
            "kind": "communicationUser",
            "communicationUser": {
              "id": "REDACTED"
            }
          }
        ],
        "callConnectionState": "connecting",
        "callbackUri": "REDACTED",
        "source": {
          "rawId": "REDACTED",
          "kind": "communicationUser",
          "communicationUser": {
            "id": "REDACTED"
          }
        },
        "correlationId": "d2c99161-955b-4473-9b85-86a8b6a1bcfe",
        "mediaSubscriptionId": "REDACTED",
        "dataSubscriptionId": "REDACTED",
        "mediaStreamingSubscription": {
          "id": "REDACTED",
          "state": "disabled",
          "subscribedContentTypes": [
            "audio"
          ]
        }
      }
    },
    {
      "RequestUri": "https://REDACTED/calling/callConnections/22001f80-8938-4d71-8554-8f0728884377:hold?api-version=2024-09-01-preview",
      "RequestMethod": "POST",
      "RequestHeaders": {
        "Accept": "application/json",
        "Authorization": "Sanitized",
        "Content-Length": "80",
        "Content-Type": "application/json",
        "User-Agent": "azsdk-java-azure-communication-callautomation/1.5.0-beta.1 (24.0.1; Windows 11; 10.0)",
        "x-ms-client-request-id": "REDACTED",
        "x-ms-content-sha256": "REDACTED",
        "x-ms-date": "Tue, 24 Jun 2025 23:45:40 GMT",
        "x-ms-hmac-string-to-sign-base64": "REDACTED"
      },
      "RequestBody": {
        "targetParticipant": {
          "rawId": "REDACTED",
          "communicationUser": {
            "id": "REDACTED"
          }
        }
      },
      "StatusCode": 200,
      "ResponseHeaders": {
        "Accept-Ranges": "bytes",
        "api-supported-versions": "2023-10-03-preview, 2024-09-01-preview",
        "Connection": "keep-alive",
        "Content-Length": "0",
        "Date": "Tue, 24 Jun 2025 23:45:41 GMT",
        "Strict-Transport-Security": "REDACTED",
        "x-azure-ref": "REDACTED",
        "X-Cache": "CONFIG_NOCACHE",
        "X-Microsoft-Skype-Chain-ID": "d2c99161-955b-4473-9b85-86a8b6a1bcfe",
        "X-Microsoft-Skype-Client": "azsdk-java-azure-communication-callautomation/1.5.0-beta.1 (24.0.1; Windows 11; 10.0)",
        "x-ms-client-request-id": "REDACTED",
        "X-Ms-Client-Version": "azsdk-java-azure-communication-callautomation/1.5.0-beta.1 (24.0.1; Windows 11; 10.0)"
      },
      "ResponseBody": null
    },
    {
      "RequestUri": "https://REDACTED/calling/callConnections/22001f80-8938-4d71-8554-8f0728884377/participants/REDACTED?api-version=2024-09-01-preview",
      "RequestMethod": "GET",
      "RequestHeaders": {
        "Accept": "application/json",
        "Authorization": "Sanitized",
        "Content-Length": "0",
        "User-Agent": "azsdk-java-azure-communication-callautomation/1.5.0-beta.1 (24.0.1; Windows 11; 10.0)",
        "x-ms-client-request-id": "REDACTED",
        "x-ms-content-sha256": "REDACTED",
        "x-ms-date": "Tue, 24 Jun 2025 23:45:44 GMT",
        "x-ms-hmac-string-to-sign-base64": "REDACTED"
      },
      "RequestBody": null,
      "StatusCode": 200,
      "ResponseHeaders": {
        "api-supported-versions": "2023-10-03-preview, 2024-09-01-preview",
        "Connection": "keep-alive",
        "Content-Type": "application/json; charset=utf-8",
        "Date": "Tue, 24 Jun 2025 23:45:44 GMT",
        "Strict-Transport-Security": "REDACTED",
        "Transfer-Encoding": "chunked",
        "x-azure-ref": "REDACTED",
        "X-Cache": "CONFIG_NOCACHE",
        "X-Microsoft-Skype-Chain-ID": "d2c99161-955b-4473-9b85-86a8b6a1bcfe",
        "X-Microsoft-Skype-Client": "azsdk-java-azure-communication-callautomation/1.5.0-beta.1 (24.0.1; Windows 11; 10.0)",
        "x-ms-client-request-id": "REDACTED",
        "X-Ms-Client-Version": "azsdk-java-azure-communication-callautomation/1.5.0-beta.1 (24.0.1; Windows 11; 10.0)"
      },
      "ResponseBody": {
        "identifier": {
          "rawId": "REDACTED",
          "kind": "communicationUser",
          "communicationUser": {
            "id": "REDACTED"
          }
        },
        "isMuted": false,
        "isOnHold": true
      }
    },
    {
      "RequestUri": "https://REDACTED/calling/callConnections/22001f80-8938-4d71-8554-8f0728884377:interruptAudioAndAnnounce?api-version=2024-09-01-preview",
      "RequestMethod": "POST",
      "RequestHeaders": {
        "Accept": "application/json",
        "Authorization": "Sanitized",
        "Content-Length": "277",
        "Content-Type": "application/json",
        "User-Agent": "azsdk-java-azure-communication-callautomation/1.5.0-beta.1 (24.0.1; Windows 11; 10.0)",
        "x-ms-client-request-id": "REDACTED",
        "x-ms-content-sha256": "REDACTED",
        "x-ms-date": "Tue, 24 Jun 2025 23:45:44 GMT",
        "x-ms-hmac-string-to-sign-base64": "REDACTED"
      },
      "RequestBody": {
        "playSources": [
          {
            "kind": "file",
            "file": {
              "uri": "https://REDACTED/Azure-Samples/communication-services-dotnet-quickstarts/raw/callautomation/playground/CallAutomation_Playground/MediaFiles/PROMPT_GOODBYE.wav"
            }
          }
        ],
        "playTo": {
          "rawId": "REDACTED",
          "communicationUser": {
            "id": "REDACTED"
          }
        }
      },
      "StatusCode": 202,
      "ResponseHeaders": {
        "api-supported-versions": "2023-10-03-preview, 2024-09-01-preview",
        "Connection": "keep-alive",
        "Content-Length": "0",
        "Date": "Tue, 24 Jun 2025 23:45:44 GMT",
        "Strict-Transport-Security": "REDACTED",
        "x-azure-ref": "REDACTED",
        "X-Cache": "CONFIG_NOCACHE",
        "X-Microsoft-Skype-Chain-ID": "d2c99161-955b-4473-9b85-86a8b6a1bcfe",
        "X-Microsoft-Skype-Client": "azsdk-java-azure-communication-callautomation/1.5.0-beta.1 (24.0.1; Windows 11; 10.0)",
        "x-ms-client-request-id": "REDACTED",
        "X-Ms-Client-Version": "azsdk-java-azure-communication-callautomation/1.5.0-beta.1 (24.0.1; Windows 11; 10.0)"
      },
      "ResponseBody": null
    },
    {
      "RequestUri": "https://REDACTED/calling/callConnections/22001f80-8938-4d71-8554-8f0728884377:unhold?api-version=2024-09-01-preview",
      "RequestMethod": "POST",
      "RequestHeaders": {
        "Accept": "application/json",
        "Authorization": "Sanitized",
        "Content-Length": "80",
        "Content-Type": "application/json",
        "User-Agent": "azsdk-java-azure-communication-callautomation/1.5.0-beta.1 (24.0.1; Windows 11; 10.0)",
        "x-ms-client-request-id": "REDACTED",
        "x-ms-content-sha256": "REDACTED",
        "x-ms-date": "Tue, 24 Jun 2025 23:45:47 GMT",
        "x-ms-hmac-string-to-sign-base64": "REDACTED"
      },
      "RequestBody": {
        "targetParticipant": {
          "rawId": "REDACTED",
          "communicationUser": {
            "id": "REDACTED"
          }
        }
      },
      "StatusCode": 200,
      "ResponseHeaders": {
        "Accept-Ranges": "bytes",
        "api-supported-versions": "2023-10-03-preview, 2024-09-01-preview",
        "Connection": "keep-alive",
        "Content-Length": "0",
        "Date": "Tue, 24 Jun 2025 23:45:47 GMT",
        "Strict-Transport-Security": "REDACTED",
        "x-azure-ref": "REDACTED",
        "X-Cache": "CONFIG_NOCACHE",
        "X-Microsoft-Skype-Chain-ID": "d2c99161-955b-4473-9b85-86a8b6a1bcfe",
        "X-Microsoft-Skype-Client": "azsdk-java-azure-communication-callautomation/1.5.0-beta.1 (24.0.1; Windows 11; 10.0)",
        "x-ms-client-request-id": "REDACTED",
        "X-Ms-Client-Version": "azsdk-java-azure-communication-callautomation/1.5.0-beta.1 (24.0.1; Windows 11; 10.0)"
      },
      "ResponseBody": null
    },
    {
      "RequestUri": "https://REDACTED/calling/callConnections/22001f80-8938-4d71-8554-8f0728884377/participants/REDACTED?api-version=2024-09-01-preview",
      "RequestMethod": "GET",
      "RequestHeaders": {
        "Accept": "application/json",
        "Authorization": "Sanitized",
        "Content-Length": "0",
        "User-Agent": "azsdk-java-azure-communication-callautomation/1.5.0-beta.1 (24.0.1; Windows 11; 10.0)",
        "x-ms-client-request-id": "REDACTED",
        "x-ms-content-sha256": "REDACTED",
        "x-ms-date": "Tue, 24 Jun 2025 23:45:50 GMT",
        "x-ms-hmac-string-to-sign-base64": "REDACTED"
      },
      "RequestBody": null,
      "StatusCode": 200,
      "ResponseHeaders": {
        "api-supported-versions": "2023-10-03-preview, 2024-09-01-preview",
        "Connection": "keep-alive",
        "Content-Type": "application/json; charset=utf-8",
        "Date": "Tue, 24 Jun 2025 23:45:50 GMT",
        "Strict-Transport-Security": "REDACTED",
        "Transfer-Encoding": "chunked",
        "x-azure-ref": "REDACTED",
        "X-Cache": "CONFIG_NOCACHE",
        "X-Microsoft-Skype-Chain-ID": "d2c99161-955b-4473-9b85-86a8b6a1bcfe",
        "X-Microsoft-Skype-Client": "azsdk-java-azure-communication-callautomation/1.5.0-beta.1 (24.0.1; Windows 11; 10.0)",
        "x-ms-client-request-id": "REDACTED",
        "X-Ms-Client-Version": "azsdk-java-azure-communication-callautomation/1.5.0-beta.1 (24.0.1; Windows 11; 10.0)"
      },
      "ResponseBody": {
        "identifier": {
          "rawId": "REDACTED",
          "kind": "communicationUser",
          "communicationUser": {
            "id": "REDACTED"
          }
        },
        "isMuted": false,
        "isOnHold": false
      }
    },
    {
      "RequestUri": "https://REDACTED/calling/callConnections/22001f80-2562-4df3-834d-39a291c36c93:terminate?api-version=2024-09-01-preview",
      "RequestMethod": "POST",
      "RequestHeaders": {
        "Accept": "application/json",
        "Authorization": "Sanitized",
        "Content-Length": "0",
        "repeatability-first-sent": "REDACTED",
        "repeatability-request-id": "REDACTED",
        "User-Agent": "azsdk-java-azure-communication-callautomation/1.5.0-beta.1 (24.0.1; Windows 11; 10.0)",
        "x-ms-client-request-id": "REDACTED",
        "x-ms-content-sha256": "REDACTED",
        "x-ms-date": "Tue, 24 Jun 2025 23:45:50 GMT",
        "x-ms-hmac-string-to-sign-base64": "REDACTED"
      },
      "RequestBody": null,
      "StatusCode": 204,
      "ResponseHeaders": {
        "api-supported-versions": "2023-10-03-preview, 2024-09-01-preview",
        "Connection": "keep-alive",
        "Date": "Tue, 24 Jun 2025 23:45:51 GMT",
        "Repeatability-Result": "accepted",
        "Strict-Transport-Security": "REDACTED",
        "x-azure-ref": "REDACTED",
        "X-Cache": "CONFIG_NOCACHE",
        "X-Microsoft-Skype-Chain-ID": "d2c99161-955b-4473-9b85-86a8b6a1bcfe",
        "X-Microsoft-Skype-Client": "azsdk-java-azure-communication-callautomation/1.5.0-beta.1 (24.0.1; Windows 11; 10.0)",
        "x-ms-client-request-id": "REDACTED",
        "X-Ms-Client-Version": "azsdk-java-azure-communication-callautomation/1.5.0-beta.1 (24.0.1; Windows 11; 10.0)"
      },
      "ResponseBody": null
    }
  ],
  "Variables": {}
}
