{
  "Entries": [
    {
      "RequestUri": "https://javatextanalyticstestresources.cognitiveservices.azure.com/language/analyze-text/jobs?api-version=2023-04-01",
      "RequestMethod": "POST",
      "RequestHeaders": {
        "Accept": "application/json",
        "Content-Length": "322",
        "Content-Type": "application/json",
        "Ocp-Apim-Subscription-Key": "Sanitized",
        "traceparent": "00-049c91b3dec018e1e44505d06cea059b-f8f4cee39179a1be-00",
        "User-Agent": "azsdk-net-AI.TextAnalytics/5.3.0-alpha.20230601.1 (.NET 7.0.5; Microsoft Windows 10.0.22621)",
        "x-ms-client-request-id": "940c4a05dfa543d11b359cb80a98344b",
        "x-ms-return-client-request-id": "true"
      },
      "RequestBody": {
        "analysisInput": {
          "documents": [
            {
              "id": "0",
              "text": "Subject is taking 100mg of ibuprofen twice daily",
              "language": "en"
            },
            {
              "id": "1",
              "text": "Can cause rapid or irregular heartbeat, delirium, panic, psychosis, and heart failure.",
              "language": "en"
            }
          ]
        },
        "tasks": [
          {
            "parameters": {
              "stringIndexType": "Utf16CodeUnit"
            },
            "kind": "Healthcare"
          }
        ]
      },
      "StatusCode": 202,
      "ResponseHeaders": {
        "apim-request-id": "7bccea53-9d62-4888-8151-6f69cee1942d",
        "Content-Length": "0",
        "Date": "Fri, 02 Jun 2023 03:57:31 GMT",
        "operation-location": "https://javatextanalyticstestresources.cognitiveservices.azure.com/language/analyze-text/jobs/9b165390-270a-42fe-8df9-e6c3e8cf6927?api-version=2023-04-01",
        "Strict-Transport-Security": "max-age=31536000; includeSubDomains; preload",
        "X-Content-Type-Options": "nosniff",
        "x-envoy-upstream-service-time": "201",
        "x-ms-region": "West US 2"
      },
      "ResponseBody": null
    },
    {
      "RequestUri": "https://javatextanalyticstestresources.cognitiveservices.azure.com/language/analyze-text/jobs/9b165390-270a-42fe-8df9-e6c3e8cf6927?api-version=2023-04-01\u0026showStats=false",
      "RequestMethod": "GET",
      "RequestHeaders": {
        "Accept": "application/json",
        "Ocp-Apim-Subscription-Key": "Sanitized",
        "User-Agent": "azsdk-net-AI.TextAnalytics/5.3.0-alpha.20230601.1 (.NET 7.0.5; Microsoft Windows 10.0.22621)",
        "x-ms-client-request-id": "bed0c829273ecaf1d965e2d4b12c6ccf",
        "x-ms-return-client-request-id": "true"
      },
      "RequestBody": null,
      "StatusCode": 200,
      "ResponseHeaders": {
        "apim-request-id": "02b832c1-630f-4a47-bc42-5b34e53f0719",
        "Content-Length": "280",
        "Content-Type": "application/json; charset=utf-8",
        "Date": "Fri, 02 Jun 2023 03:57:31 GMT",
        "Strict-Transport-Security": "max-age=31536000; includeSubDomains; preload",
        "X-Content-Type-Options": "nosniff",
        "x-envoy-upstream-service-time": "6",
        "x-ms-region": "West US 2"
      },
      "ResponseBody": {
        "jobId": "9b165390-270a-42fe-8df9-e6c3e8cf6927",
        "lastUpdatedDateTime": "2023-06-02T03:57:32Z",
        "createdDateTime": "2023-06-02T03:57:31Z",
        "expirationDateTime": "2023-06-03T03:57:31Z",
        "status": "running",
        "errors": [],
        "tasks": {
          "completed": 0,
          "failed": 0,
          "inProgress": 1,
          "total": 1,
          "items": []
        }
      }
    },
    {
      "RequestUri": "https://javatextanalyticstestresources.cognitiveservices.azure.com/language/analyze-text/jobs/9b165390-270a-42fe-8df9-e6c3e8cf6927?api-version=2023-04-01\u0026showStats=false",
      "RequestMethod": "GET",
      "RequestHeaders": {
        "Accept": "application/json",
        "Ocp-Apim-Subscription-Key": "Sanitized",
        "User-Agent": "azsdk-net-AI.TextAnalytics/5.3.0-alpha.20230601.1 (.NET 7.0.5; Microsoft Windows 10.0.22621)",
        "x-ms-client-request-id": "9e7671045a59830c08304ec0da759c6f",
        "x-ms-return-client-request-id": "true"
      },
      "RequestBody": null,
      "StatusCode": 200,
      "ResponseHeaders": {
        "apim-request-id": "53651012-49af-4375-99bd-54f1471b7369",
        "Content-Length": "280",
        "Content-Type": "application/json; charset=utf-8",
        "Date": "Fri, 02 Jun 2023 03:57:32 GMT",
        "Strict-Transport-Security": "max-age=31536000; includeSubDomains; preload",
        "X-Content-Type-Options": "nosniff",
        "x-envoy-upstream-service-time": "7",
        "x-ms-region": "West US 2"
      },
      "ResponseBody": {
        "jobId": "9b165390-270a-42fe-8df9-e6c3e8cf6927",
        "lastUpdatedDateTime": "2023-06-02T03:57:32Z",
        "createdDateTime": "2023-06-02T03:57:31Z",
        "expirationDateTime": "2023-06-03T03:57:31Z",
        "status": "running",
        "errors": [],
        "tasks": {
          "completed": 0,
          "failed": 0,
          "inProgress": 1,
          "total": 1,
          "items": []
        }
      }
    },
    {
      "RequestUri": "https://javatextanalyticstestresources.cognitiveservices.azure.com/language/analyze-text/jobs/9b165390-270a-42fe-8df9-e6c3e8cf6927?api-version=2023-04-01\u0026showStats=false",
      "RequestMethod": "GET",
      "RequestHeaders": {
        "Accept": "application/json",
        "Ocp-Apim-Subscription-Key": "Sanitized",
        "User-Agent": "azsdk-net-AI.TextAnalytics/5.3.0-alpha.20230601.1 (.NET 7.0.5; Microsoft Windows 10.0.22621)",
        "x-ms-client-request-id": "1bb3a8755ca8dd1f5841bb40fcfc92ef",
        "x-ms-return-client-request-id": "true"
      },
      "RequestBody": null,
      "StatusCode": 200,
      "ResponseHeaders": {
        "apim-request-id": "6db0312c-4c0a-41c5-b905-5e7fd07a896a",
        "Content-Length": "9208",
        "Content-Type": "application/json; charset=utf-8",
        "Date": "Fri, 02 Jun 2023 03:57:34 GMT",
        "Strict-Transport-Security": "max-age=31536000; includeSubDomains; preload",
        "X-Content-Type-Options": "nosniff",
        "x-envoy-upstream-service-time": "63",
        "x-ms-region": "West US 2"
      },
      "ResponseBody": {
        "jobId": "9b165390-270a-42fe-8df9-e6c3e8cf6927",
        "lastUpdatedDateTime": "2023-06-02T03:57:33Z",
        "createdDateTime": "2023-06-02T03:57:31Z",
        "expirationDateTime": "2023-06-03T03:57:31Z",
        "status": "succeeded",
        "errors": [],
        "tasks": {
          "completed": 1,
          "failed": 0,
          "inProgress": 0,
          "total": 1,
          "items": [
            {
              "kind": "HealthcareLROResults",
              "lastUpdateDateTime": "2023-06-02T03:57:33.4300376Z",
              "status": "succeeded",
              "results": {
                "documents": [
                  {
                    "id": "0",
                    "entities": [
                      {
                        "offset": 18,
                        "length": 5,
                        "text": "100mg",
                        "category": "Dosage",
                        "confidenceScore": 0.99
                      },
                      {
                        "offset": 27,
                        "length": 9,
                        "text": "ibuprofen",
                        "category": "MedicationName",
                        "confidenceScore": 1.0,
                        "name": "ibuprofen",
                        "links": [
                          {
                            "dataSource": "UMLS",
                            "id": "C0020740"
                          },
                          {
                            "dataSource": "AOD",
                            "id": "0000019879"
                          },
                          {
                            "dataSource": "ATC",
                            "id": "M01AE01"
                          },
                          {
                            "dataSource": "CCPSS",
                            "id": "0046165"
                          },
                          {
                            "dataSource": "CHV",
                            "id": "0000006519"
                          },
                          {
                            "dataSource": "CSP",
                            "id": "2270-2077"
                          },
                          {
                            "dataSource": "DRUGBANK",
                            "id": "DB01050"
                          },
                          {
                            "dataSource": "GS",
                            "id": "1611"
                          },
                          {
                            "dataSource": "LCH_NW",
                            "id": "sh97005926"
                          },
                          {
                            "dataSource": "LNC",
                            "id": "LP16165-0"
                          },
                          {
                            "dataSource": "MEDCIN",
                            "id": "40458"
                          },
                          {
                            "dataSource": "MMSL",
                            "id": "d00015"
                          },
                          {
                            "dataSource": "MSH",
                            "id": "D007052"
                          },
                          {
                            "dataSource": "MTHSPL",
                            "id": "WK2XYI10QM"
                          },
                          {
                            "dataSource": "NCI",
                            "id": "C561"
                          },
                          {
                            "dataSource": "NDDF",
                            "id": "002377"
                          },
                          {
                            "dataSource": "PDQ",
                            "id": "CDR0000040475"
                          },
                          {
                            "dataSource": "RCD",
                            "id": "x02MO"
                          },
                          {
                            "dataSource": "RXNORM",
                            "id": "5640"
                          },
                          {
                            "dataSource": "SNM",
                            "id": "E-7772"
                          },
                          {
                            "dataSource": "SNMI",
                            "id": "C-603C0"
                          },
                          {
                            "dataSource": "SNOMEDCT_US",
                            "id": "387207008"
                          },
                          {
                            "dataSource": "USP",
                            "id": "m39860"
                          },
                          {
                            "dataSource": "USPMG",
                            "id": "MTHU000060"
                          },
                          {
                            "dataSource": "VANDF",
                            "id": "4017840"
                          }
                        ]
                      },
                      {
                        "offset": 37,
                        "length": 11,
                        "text": "twice daily",
                        "category": "Frequency",
                        "confidenceScore": 1.0
                      }
                    ],
                    "relations": [
                      {
                        "confidenceScore": 1.0,
                        "relationType": "DosageOfMedication",
                        "entities": [
                          {
                            "ref": "#/results/documents/0/entities/0",
                            "role": "Dosage"
                          },
                          {
                            "ref": "#/results/documents/0/entities/1",
                            "role": "Medication"
                          }
                        ]
                      },
                      {
                        "confidenceScore": 1.0,
                        "relationType": "FrequencyOfMedication",
                        "entities": [
                          {
                            "ref": "#/results/documents/0/entities/1",
                            "role": "Medication"
                          },
                          {
                            "ref": "#/results/documents/0/entities/2",
                            "role": "Frequency"
                          }
                        ]
                      }
                    ],
                    "warnings": []
                  },
                  {
                    "id": "1",
                    "entities": [
                      {
                        "offset": 10,
                        "length": 5,
                        "text": "rapid",
                        "category": "SymptomOrSign",
                        "confidenceScore": 0.99,
                        "name": "Rapid",
                        "links": [
                          {
                            "dataSource": "UMLS",
                            "id": "C0456962"
                          },
                          {
                            "dataSource": "AOD",
                            "id": "0000002744"
                          },
                          {
                            "dataSource": "CHV",
                            "id": "0000034666"
                          },
                          {
                            "dataSource": "LNC",
                            "id": "LA24868-4"
                          },
                          {
                            "dataSource": "NCI",
                            "id": "C65069"
                          },
                          {
                            "dataSource": "RCD",
                            "id": "X78xZ"
                          },
                          {
                            "dataSource": "SNOMEDCT_US",
                            "id": "255358001"
                          }
                        ]
                      },
                      {
                        "offset": 19,
                        "length": 19,
                        "text": "irregular heartbeat",
                        "category": "SymptomOrSign",
                        "confidenceScore": 0.99,
                        "name": "Cardiac Arrhythmia",
                        "links": [
                          {
                            "dataSource": "UMLS",
                            "id": "C0003811"
                          },
                          {
                            "dataSource": "AOD",
                            "id": "0000005346"
                          },
                          {
                            "dataSource": "BI",
                            "id": "BI00057"
                          },
                          {
                            "dataSource": "CCPSS",
                            "id": "1017785"
                          },
                          {
                            "dataSource": "CCS",
                            "id": "7.2.9"
                          },
                          {
                            "dataSource": "CCSR_ICD10CM",
                            "id": "CIR017"
                          },
                          {
                            "dataSource": "CHV",
                            "id": "0000001440"
                          },
                          {
                            "dataSource": "COSTAR",
                            "id": "153"
                          },
                          {
                            "dataSource": "CSP",
                            "id": "1393-3277"
                          },
                          {
                            "dataSource": "CST",
                            "id": "ARRHYTHMIA"
                          },
                          {
                            "dataSource": "HPO",
                            "id": "HP:0011675"
                          },
                          {
                            "dataSource": "ICD10",
                            "id": "I49.9"
                          },
                          {
                            "dataSource": "ICD10AM",
                            "id": "I49.9"
                          },
                          {
                            "dataSource": "ICD10CM",
                            "id": "I49.9"
                          },
                          {
                            "dataSource": "ICD9CM",
                            "id": "427.9"
                          },
                          {
                            "dataSource": "ICPC",
                            "id": "K80"
                          },
                          {
                            "dataSource": "ICPC2EENG",
                            "id": "K80"
                          },
                          {
                            "dataSource": "ICPC2ICD10ENG",
                            "id": "MTHU033639"
                          },
                          {
                            "dataSource": "ICPC2P",
                            "id": "K80012"
                          },
                          {
                            "dataSource": "LCH",
                            "id": "U000359"
                          },
                          {
                            "dataSource": "LCH_NW",
                            "id": "sh85007430"
                          },
                          {
                            "dataSource": "LNC",
                            "id": "LA15419-7"
                          },
                          {
                            "dataSource": "MDR",
                            "id": "10003119"
                          },
                          {
                            "dataSource": "MEDCIN",
                            "id": "35851"
                          },
                          {
                            "dataSource": "MEDLINEPLUS",
                            "id": "147"
                          },
                          {
                            "dataSource": "MSH",
                            "id": "D001145"
                          },
                          {
                            "dataSource": "MTH",
                            "id": "153"
                          },
                          {
                            "dataSource": "MTHICD9",
                            "id": "427.9"
                          },
                          {
                            "dataSource": "NANDA-I",
                            "id": "00126"
                          },
                          {
                            "dataSource": "NCI",
                            "id": "C2881"
                          },
                          {
                            "dataSource": "NOC",
                            "id": "040520"
                          },
                          {
                            "dataSource": "OMIM",
                            "id": "115000"
                          },
                          {
                            "dataSource": "PSY",
                            "id": "03790"
                          },
                          {
                            "dataSource": "RCD",
                            "id": "X77BB"
                          },
                          {
                            "dataSource": "SNM",
                            "id": "F-73102"
                          },
                          {
                            "dataSource": "SNMI",
                            "id": "D3-30010"
                          },
                          {
                            "dataSource": "SNOMEDCT_US",
                            "id": "698247007"
                          },
                          {
                            "dataSource": "WHO",
                            "id": "0433"
                          }
                        ]
                      },
                      {
                        "offset": 40,
                        "length": 8,
                        "text": "delirium",
                        "category": "Diagnosis",
                        "confidenceScore": 0.96,
                        "name": "Delirium",
                        "links": [
                          {
                            "dataSource": "UMLS",
                            "id": "C0011206"
                          },
                          {
                            "dataSource": "AOD",
                            "id": "0000004328"
                          },
                          {
                            "dataSource": "CCPSS",
                            "id": "1017884"
                          },
                          {
                            "dataSource": "CHV",
                            "id": "0000003670"
                          },
                          {
                            "dataSource": "COSTAR",
                            "id": "U000178"
                          },
                          {
                            "dataSource": "CSP",
                            "id": "5003-0016"
                          },
                          {
                            "dataSource": "CST",
                            "id": "DELIRIUM"
                          },
                          {
                            "dataSource": "DSM-5",
                            "id": "780.09"
                          },
                          {
                            "dataSource": "DXP",
                            "id": "U000937"
                          },
                          {
                            "dataSource": "HPO",
                            "id": "HP:0031258"
                          },
                          {
                            "dataSource": "ICD10",
                            "id": "F05.9"
                          },
                          {
                            "dataSource": "ICD10AM",
                            "id": "F05.9"
                          },
                          {
                            "dataSource": "ICD10CM",
                            "id": "R41.0"
                          },
                          {
                            "dataSource": "ICNP",
                            "id": "10022091"
                          },
                          {
                            "dataSource": "ICPC2ICD10ENG",
                            "id": "MTHU022150"
                          },
                          {
                            "dataSource": "LCH",
                            "id": "U001289"
                          },
                          {
                            "dataSource": "LCH_NW",
                            "id": "sh85036579"
                          },
                          {
                            "dataSource": "LNC",
                            "id": "LP89856-6"
                          },
                          {
                            "dataSource": "MDR",
                            "id": "10012218"
                          },
                          {
                            "dataSource": "MEDCIN",
                            "id": "677"
                          },
                          {
                            "dataSource": "MEDLINEPLUS",
                            "id": "5562"
                          },
                          {
                            "dataSource": "MSH",
                            "id": "D003693"
                          },
                          {
                            "dataSource": "NANDA-I",
                            "id": "02157"
                          },
                          {
                            "dataSource": "NCI",
                            "id": "C2981"
                          },
                          {
                            "dataSource": "NOC",
                            "id": "091213"
                          },
                          {
                            "dataSource": "OMIM",
                            "id": "MTHU035152"
                          },
                          {
                            "dataSource": "PDQ",
                            "id": "CDR0000042226"
                          },
                          {
                            "dataSource": "PSY",
                            "id": "13360"
                          },
                          {
                            "dataSource": "QMR",
                            "id": "Q0200089"
                          },
                          {
                            "dataSource": "RCD",
                            "id": "XE1Xv"
                          },
                          {
                            "dataSource": "SNM",
                            "id": "F-85720"
                          },
                          {
                            "dataSource": "SNMI",
                            "id": "D9-20100"
                          },
                          {
                            "dataSource": "SNOMEDCT_US",
                            "id": "2776000"
                          },
                          {
                            "dataSource": "WHO",
                            "id": "0099"
                          }
                        ]
                      },
                      {
                        "offset": 50,
                        "length": 5,
                        "text": "panic",
                        "category": "Diagnosis",
                        "confidenceScore": 0.71,
                        "name": "Panic",
                        "links": [
                          {
                            "dataSource": "UMLS",
                            "id": "C0030318"
                          },
                          {
                            "dataSource": "AOD",
                            "id": "0000023911"
                          },
                          {
                            "dataSource": "CHV",
                            "id": "0000009234"
                          },
                          {
                            "dataSource": "CST",
                            "id": "AGITATION"
                          },
                          {
                            "dataSource": "ICD10CM",
                            "id": "F41.0"
                          },
                          {
                            "dataSource": "ICPC2ICD10ENG",
                            "id": "MTHU057222"
                          },
                          {
                            "dataSource": "LCH",
                            "id": "U003458"
                          },
                          {
                            "dataSource": "LCH_NW",
                            "id": "sh85097438"
                          },
                          {
                            "dataSource": "MDR",
                            "id": "10033670"
                          },
                          {
                            "dataSource": "MSH",
                            "id": "D010200"
                          },
                          {
                            "dataSource": "MTH",
                            "id": "551"
                          },
                          {
                            "dataSource": "MTHICD9",
                            "id": "300.01"
                          },
                          {
                            "dataSource": "NCI",
                            "id": "C94438"
                          },
                          {
                            "dataSource": "NOC",
                            "id": "121346"
                          },
                          {
                            "dataSource": "PSY",
                            "id": "36260"
                          },
                          {
                            "dataSource": "RCD",
                            "id": "Xa3Vj"
                          },
                          {
                            "dataSource": "SNM",
                            "id": "F-90880"
                          },
                          {
                            "dataSource": "SNMI",
                            "id": "F-92560"
                          },
                          {
                            "dataSource": "SNOMEDCT_US",
                            "id": "79823003"
                          },
                          {
                            "dataSource": "WHO",
                            "id": "0163"
                          }
                        ]
                      },
                      {
                        "offset": 57,
                        "length": 9,
                        "text": "psychosis",
                        "category": "Diagnosis",
                        "confidenceScore": 0.96,
                        "name": "Psychotic Disorders",
                        "links": [
                          {
                            "dataSource": "UMLS",
                            "id": "C0033975"
                          },
                          {
                            "dataSource": "AIR",
                            "id": "PSYCH"
                          },
                          {
                            "dataSource": "AOD",
                            "id": "0000004324"
                          },
                          {
                            "dataSource": "BI",
                            "id": "BI00688"
                          },
                          {
                            "dataSource": "CCPSS",
                            "id": "1018204"
                          },
                          {
                            "dataSource": "CHV",
                            "id": "0000010350"
                          },
                          {
                            "dataSource": "COSTAR",
                            "id": "089"
                          },
                          {
                            "dataSource": "CSP",
                            "id": "2484-8182"
                          },
                          {
                            "dataSource": "CST",
                            "id": "PSYCHOSIS"
                          },
                          {
                            "dataSource": "DXP",
                            "id": "U003257"
                          },
                          {
                            "dataSource": "HPO",
                            "id": "HP:0000709"
                          },
                          {
                            "dataSource": "ICD9CM",
                            "id": "298.9"
                          },
                          {
                            "dataSource": "ICPC2ICD10ENG",
                            "id": "MTHU070382"
                          },
                          {
                            "dataSource": "ICPC2P",
                            "id": "P98004"
                          },
                          {
                            "dataSource": "LCH_NW",
                            "id": "sh85108502"
                          },
                          {
                            "dataSource": "LNC",
                            "id": "LA7534-6"
                          },
                          {
                            "dataSource": "MDR",
                            "id": "10061920"
                          },
                          {
                            "dataSource": "MEDCIN",
                            "id": "364298"
                          },
                          {
                            "dataSource": "MEDLINEPLUS",
                            "id": "4180"
                          },
                          {
                            "dataSource": "MSH",
                            "id": "D011618"
                          },
                          {
                            "dataSource": "MTH",
                            "id": "089"
                          },
                          {
                            "dataSource": "MTHICD9",
                            "id": "298.9"
                          },
                          {
                            "dataSource": "NANDA-I",
                            "id": "03128"
                          },
                          {
                            "dataSource": "NCI",
                            "id": "C78576"
                          },
                          {
                            "dataSource": "NOC",
                            "id": "061619"
                          },
                          {
                            "dataSource": "OMIM",
                            "id": "MTHU002910"
                          },
                          {
                            "dataSource": "PSY",
                            "id": "41910"
                          },
                          {
                            "dataSource": "QMR",
                            "id": "Q0200208"
                          },
                          {
                            "dataSource": "RCD",
                            "id": "X00S6"
                          },
                          {
                            "dataSource": "SNM",
                            "id": "D-9200"
                          },
                          {
                            "dataSource": "SNMI",
                            "id": "D9-72000"
                          },
                          {
                            "dataSource": "SNOMEDCT_US",
                            "id": "69322001"
                          },
                          {
                            "dataSource": "WHO",
                            "id": "0193"
                          }
                        ]
                      },
                      {
                        "offset": 72,
                        "length": 13,
                        "text": "heart failure",
                        "category": "Diagnosis",
                        "confidenceScore": 1.0,
                        "name": "Heart failure",
                        "links": [
                          {
                            "dataSource": "UMLS",
                            "id": "C0018801"
                          },
                          {
                            "dataSource": "AOD",
                            "id": "0000005308"
                          },
                          {
                            "dataSource": "BI",
                            "id": "BI00019"
                          },
                          {
                            "dataSource": "CCPSS",
                            "id": "0017571"
                          },
                          {
                            "dataSource": "CCS",
                            "id": "7.2.11.2"
                          },
                          {
                            "dataSource": "CCSR_ICD10CM",
                            "id": "CIR019"
                          },
                          {
                            "dataSource": "CHV",
                            "id": "0000005877"
                          },
                          {
                            "dataSource": "COSTAR",
                            "id": "U000338"
                          },
                          {
                            "dataSource": "CSP",
                            "id": "1393-3587"
                          },
                          {
                            "dataSource": "CST",
                            "id": "HEART FAIL"
                          },
                          {
                            "dataSource": "HPO",
                            "id": "HP:0001635"
                          },
                          {
                            "dataSource": "ICD10",
                            "id": "I50.9"
                          },
                          {
                            "dataSource": "ICD10AM",
                            "id": "I50.9"
                          },
                          {
                            "dataSource": "ICD10CM",
                            "id": "I50.9"
                          },
                          {
                            "dataSource": "ICD9CM",
                            "id": "428.9"
                          },
                          {
                            "dataSource": "ICPC",
                            "id": "K77"
                          },
                          {
                            "dataSource": "ICPC2EENG",
                            "id": "K77"
                          },
                          {
                            "dataSource": "ICPC2ICD10ENG",
                            "id": "MTHU027668"
                          },
                          {
                            "dataSource": "ICPC2P",
                            "id": "K77011"
                          },
                          {
                            "dataSource": "LCH",
                            "id": "U005616"
                          },
                          {
                            "dataSource": "LCH_NW",
                            "id": "sh85059745"
                          },
                          {
                            "dataSource": "LNC",
                            "id": "LP269421-6"
                          },
                          {
                            "dataSource": "MDR",
                            "id": "10007554"
                          },
                          {
                            "dataSource": "MEDCIN",
                            "id": "95724"
                          },
                          {
                            "dataSource": "MEDLINEPLUS",
                            "id": "199"
                          },
                          {
                            "dataSource": "MSH",
                            "id": "D006333"
                          },
                          {
                            "dataSource": "MTHICD9",
                            "id": "428.9"
                          },
                          {
                            "dataSource": "NCI",
                            "id": "C50577"
                          },
                          {
                            "dataSource": "OMIM",
                            "id": "MTHU009472"
                          },
                          {
                            "dataSource": "RCD",
                            "id": "G58.."
                          },
                          {
                            "dataSource": "SNM",
                            "id": "D-7050"
                          },
                          {
                            "dataSource": "SNMI",
                            "id": "D3-16000"
                          },
                          {
                            "dataSource": "SNOMEDCT_US",
                            "id": "84114007"
                          },
                          {
                            "dataSource": "WHO",
                            "id": "0496"
                          }
                        ]
                      }
                    ],
                    "relations": [],
                    "warnings": []
                  }
                ],
                "errors": [],
                "modelVersion": "2023-04-01"
              }
            }
          ]
        }
      }
    }
  ],
  "Variables": {
    "AZURE_AUTHORITY_HOST": null,
    "RandomSeed": "420210617",
    "TEXTANALYTICS_API_KEY": "Sanitized",
    "TEXTANALYTICS_ENDPOINT": "https://javatextanalyticstestresources.cognitiveservices.azure.com"
  }
}
