{
  "Entries": [
    {
      "RequestUri": "https://endpoint/rooms?api-version=2024-04-15",
      "RequestMethod": "POST",
      "RequestHeaders": {
        "Accept": "application/json",
        "Accept-Encoding": "gzip,deflate",
        "Authorization": "Sanitized",
        "Connection": "keep-alive",
        "Content-Length": "19",
        "Content-Type": "application/json",
        "Repeatability-First-Sent": "Tue, 26 Mar 2024 19:48:31 GMT",
        "Repeatability-Request-ID": "8db09096-6912-4f96-be00-56f5f78afe7d",
        "User-Agent": "azsdk-js-communication-rooms/1.1.0 core-rest-pipeline/1.15.2 Node/18.16.1 OS/(x64-Windows_NT-10.0.22631)",
        "x-ms-client-request-id": "888ab89b-dddc-4a2c-9e85-3f110f9f1e79",
        "x-ms-content-sha256": "vhXrIgThnry4Vy9lrHrKsAYqKYXb\u002BKwOlgiPVnEdBio=",
        "x-ms-date": "Tue, 26 Mar 2024 19:48:31 GMT"
      },
      "RequestBody": {
        "participants": {}
      },
      "StatusCode": 201,
      "ResponseHeaders": {
        "api-deprecated-versions": "2021-04-07, 2022-02-01",
        "api-supported-versions": "2023-03-31-preview, 2023-06-14, 2023-10-30-preview, 2024-04-15",
        "Content-Type": "application/json; charset=utf-8",
        "Date": "Tue, 26 Mar 2024 19:48:30 GMT",
        "Location": "99479535478744888",
        "MS-CV": "fzdGWi8ozEWIlTLOxMqxWQ.0",
        "Repeatability-Result": "accepted",
        "Request-Context": "appId=",
        "Strict-Transport-Security": "max-age=31536000;includeSubDomains",
        "Transfer-Encoding": "chunked",
        "X-Azure-Ref": "0jyYDZgAAAABRc\u002B9UxWydT7JX\u002BZbNjBRmV1NURURHRTA4MTIAOWZjN2I1MTktYThjYy00Zjg5LTkzNWUtYzkxNDhhZTA5ZTgx",
        "X-Cache": "CONFIG_NOCACHE"
      },
      "ResponseBody": {
        "id": "99479535478744888",
        "createdAt": "2024-03-26T19:48:31.1884773\u002B00:00",
        "validFrom": "2024-03-26T19:48:31.1396676\u002B00:00",
        "validUntil": "2024-09-22T19:48:31.1396676\u002B00:00",
        "pstnDialOutEnabled": false
      }
    },
    {
      "RequestUri": "https://endpoint/identities?api-version=2023-10-01",
      "RequestMethod": "POST",
      "RequestHeaders": {
        "Accept": "application/json",
        "Accept-Encoding": "gzip,deflate",
        "Authorization": "Sanitized",
        "Connection": "keep-alive",
        "Content-Length": "34",
        "Content-Type": "application/json",
        "User-Agent": "azsdk-js-communication-identity/1.3.1 core-rest-pipeline/1.15.2 Node/18.16.1 OS/(x64-Windows_NT-10.0.22631)",
        "x-ms-client-request-id": "9ce5f7ea-a963-416a-b1a3-b20ee06e73c2",
        "x-ms-content-sha256": "k4k9IoKBLYipoiXK3LctfBcfghISSb6AI45ji7ILZfg=",
        "x-ms-date": "Tue, 26 Mar 2024 19:48:31 GMT"
      },
      "RequestBody": {
        "createTokenWithScopes": [
          "voip"
        ]
      },
      "StatusCode": 201,
      "ResponseHeaders": {
        "api-supported-versions": "2020-07-20-preview2, 2021-02-22-preview1, 2021-03-07, 2021-10-31-preview, 2021-11-01, 2022-06-01, 2022-10-01, 2023-10-01",
        "Content-Length": "220",
        "Content-Type": "application/json; charset=utf-8",
        "Date": "Tue, 26 Mar 2024 19:48:30 GMT",
        "MS-CV": "6U6BhNKlskeNcaFl0jwsIQ.0",
        "Request-Context": "appId=",
        "Strict-Transport-Security": "max-age=31536000;includeSubDomains",
        "X-Azure-Ref": "0jyYDZgAAAABE13ZI1LyuQK3G0QWyBEDaV1NURURHRTA4MTIAOWZjN2I1MTktYThjYy00Zjg5LTkzNWUtYzkxNDhhZTA5ZTgx",
        "X-Cache": "CONFIG_NOCACHE",
        "x-ms-client-request-id": "9ce5f7ea-a963-416a-b1a3-b20ee06e73c2",
        "X-Processing-Time": "25ms"
      },
      "ResponseBody": {
        "identity": {
          "id": "Sanitized"
        },
        "accessToken": {
          "token": "eyJhbGciOiJIUzI1NiIsInR5cCI6IkpXVCJ9.eyJleHAiOjE3MTE0ODYwOTkuNDQzfQ==.adM-ddBZZlQ1WlN3pdPBOF5G4Wh9iZpxNP_fSvpF4cWs",
          "expiresOn": "2024-03-27T19:48:31.3201712\u002B00:00"
        }
      }
    },
    {
      "RequestUri": "https://endpoint/rooms/non-existingroomId?api-version=2024-04-15",
      "RequestMethod": "PATCH",
      "RequestHeaders": {
        "Accept": "application/json",
        "Accept-Encoding": "gzip,deflate",
        "Authorization": "Sanitized",
        "Connection": "keep-alive",
        "Content-Length": "80",
        "Content-Type": "application/merge-patch\u002Bjson",
        "User-Agent": "azsdk-js-communication-rooms/1.1.0 core-rest-pipeline/1.15.2 Node/18.16.1 OS/(x64-Windows_NT-10.0.22631)",
        "x-ms-client-request-id": "90620738-693c-49ec-aa80-71339b5e80e6",
        "x-ms-content-sha256": "WLUOj8VN0BxBLhvhXrGuY4Lh7Piw31YBkYPDhW34LpU=",
        "x-ms-date": "Tue, 26 Mar 2024 19:48:31 GMT"
      },
      "RequestBody": {
        "validFrom": "2024-03-26T19:53:19.000Z",
        "validUntil": "2024-03-26T19:58:19.000Z"
      },
      "StatusCode": 400,
      "ResponseHeaders": {
        "api-deprecated-versions": "2021-04-07, 2022-02-01",
        "api-supported-versions": "2023-03-31-preview, 2023-06-14, 2023-10-30-preview, 2024-04-15",
        "Content-Type": "application/json; charset=utf-8",
        "Date": "Tue, 26 Mar 2024 19:48:30 GMT",
        "MS-CV": "qpNFiXoTn0qEQfa\u002BKpSO7g.0",
        "Request-Context": "appId=",
        "Strict-Transport-Security": "max-age=31536000;includeSubDomains",
        "Transfer-Encoding": "chunked",
        "X-Azure-Ref": "0jyYDZgAAAAC6VlrbeI\u002BhRL00O0BjK\u002BEaV1NURURHRTA4MTIAOWZjN2I1MTktYThjYy00Zjg5LTkzNWUtYzkxNDhhZTA5ZTgx",
        "X-Cache": "CONFIG_NOCACHE",
        "x-ms-error-code": "BadRequest"
      },
      "ResponseBody": {
        "error": {
          "code": "BadRequest",
          "message": "Invalid room ID."
        }
      }
    },
    {
      "RequestUri": "https://endpoint/rooms/99479535478744888?api-version=2024-04-15",
      "RequestMethod": "DELETE",
      "RequestHeaders": {
        "Accept": "application/json",
        "Accept-Encoding": "gzip,deflate",
        "Authorization": "Sanitized",
        "Connection": "keep-alive",
        "User-Agent": "azsdk-js-communication-rooms/1.1.0 core-rest-pipeline/1.15.2 Node/18.16.1 OS/(x64-Windows_NT-10.0.22631)",
        "x-ms-client-request-id": "9ccee3ca-296a-4918-8900-d6d557ed1ff1",
        "x-ms-content-sha256": "47DEQpj8HBSa\u002B/TImW\u002B5JCeuQeRkm5NMpJWZG3hSuFU=",
        "x-ms-date": "Tue, 26 Mar 2024 19:48:31 GMT"
      },
      "RequestBody": null,
      "StatusCode": 204,
      "ResponseHeaders": {
        "api-deprecated-versions": "2021-04-07, 2022-02-01",
        "api-supported-versions": "2023-03-31-preview, 2023-06-14, 2023-10-30-preview, 2024-04-15",
        "Date": "Tue, 26 Mar 2024 19:48:30 GMT",
        "MS-CV": "5MzMJbqj202fEaumLPNotw.0",
        "Request-Context": "appId=",
        "Strict-Transport-Security": "max-age=31536000;includeSubDomains",
        "X-Azure-Ref": "0jyYDZgAAAACE7hc65KpSR6b/hLUcZEJ0V1NURURHRTA4MTIAOWZjN2I1MTktYThjYy00Zjg5LTkzNWUtYzkxNDhhZTA5ZTgx",
        "X-Cache": "CONFIG_NOCACHE"
      },
      "ResponseBody": null
    }
  ],
  "Variables": {
    "validFromUpdated": "Tue Mar 26 2024 12:53:19 GMT-0700 (Pacific Daylight Time)",
    "validUntilUpdated": "Tue Mar 26 2024 12:58:19 GMT-0700 (Pacific Daylight Time)"
  }
}
