{
  "Entries": [
    {
      "RequestUri": "https://t729561e092ecf3cbprim.table.cosmos.azure.com/Tables?$format=application%2Fjson%3Bodata%3Dminimalmetadata",
      "RequestMethod": "POST",
      "RequestHeaders": {
        "Accept": "application/json;odata=minimalmetadata",
        "Authorization": "Sanitized",
        "Content-Length": "33",
        "Content-Type": "application/json;odata=nometadata",
        "DataServiceVersion": "3.0",
        "traceparent": "00-a2c326dc64548c5d9767592c72099478-c4a52ea3b3ab6a9b-00",
        "User-Agent": "azsdk-net-Data.Tables/12.9.0-alpha.20230921.1 (.NET 6.0.22; Microsoft Windows 10.0.22621)",
        "x-ms-client-request-id": "eabc88ffb45132386cdbe76a2351ad9a",
        "x-ms-date": "Thu, 21 Sep 2023 20:46:54 GMT",
        "x-ms-return-client-request-id": "true",
        "x-ms-version": "2020-12-06"
      },
      "RequestBody": {
        "TableName": "testtable2se9k9tt"
      },
      "StatusCode": 201,
      "ResponseHeaders": {
        "Content-Type": "application/json; odata=minimalmetadata",
        "Date": "Thu, 21 Sep 2023 20:46:56 GMT",
        "ETag": "W/\u0022datetime\u00272023-09-21T20%3A46%3A55.8897159Z\u0027\u0022",
        "Location": "https://t729561e092ecf3cbprim.table.cosmos.azure.com/Tables(\u0027testtable2se9k9tt\u0027)",
        "Transfer-Encoding": "chunked"
      },
      "ResponseBody": {
        "TableName": "testtable2se9k9tt",
        "odata.metadata": "https://t729561e092ecf3cbprim.table.cosmos.azure.com/$metadata#Tables/@Element"
      }
    },
    {
      "RequestUri": "https://t729561e092ecf3cbprim.table.cosmos.azure.com/testtable2se9k9tt?$format=application%2Fjson%3Bodata%3Dminimalmetadata",
      "RequestMethod": "POST",
      "RequestHeaders": {
        "Accept": "application/json;odata=minimalmetadata",
        "Authorization": "Sanitized",
        "Content-Length": "1671",
        "Content-Type": "application/json;odata=nometadata",
        "DataServiceVersion": "3.0",
        "Prefer": "return-no-content",
        "traceparent": "00-f9c7d22057939b86fbc4f1a99462b462-960d8d2ca5550244-00",
        "User-Agent": "azsdk-net-Data.Tables/12.9.0-alpha.20230921.1 (.NET 6.0.22; Microsoft Windows 10.0.22621)",
        "x-ms-client-request-id": "521e507a07abadb27d6d2484b72fd6d5",
        "x-ms-date": "Thu, 21 Sep 2023 20:46:55 GMT",
        "x-ms-return-client-request-id": "true",
        "x-ms-version": "2020-12-06"
      },
      "RequestBody": {
        "DateTimeOffsetNull": null,
        "DateTimeOffsetN": "2020-01-01T01:02:00.0000000Z",
        "DateTimeOffsetN@odata.type": "Edm.DateTime",
        "DateTimeOffset": "2020-01-01T01:02:00.0000000Z",
        "DateTimeOffset@odata.type": "Edm.DateTime",
        "DateTimeNull": null,
        "DateTimeN": "2020-01-01T01:02:00.0000000Z",
        "DateTimeN@odata.type": "Edm.DateTime",
        "DateTime": "2020-01-01T01:02:00.0000000Z",
        "DateTime@odata.type": "Edm.DateTime",
        "DateTimeAsString": "2020-01-01T01:02:00.0000000Z",
        "BoolNull": null,
        "BoolN": false,
        "Bool": false,
        "BoolPrimitiveNull": null,
        "BoolPrimitiveN": false,
        "BoolPrimitive": false,
        "Binary": "AQL/AQ==",
        "Binary@odata.type": "Edm.Binary",
        "BinaryNull": null,
        "BinaryPrimitive": "AQL/AQ==",
        "BinaryPrimitive@odata.type": "Edm.Binary",
        "DoublePrimitiveNull": null,
        "DoublePrimitiveN": 1.5,
        "DoublePrimitiveN@odata.type": "Edm.Double",
        "DoublePrimitive": 1.5,
        "DoublePrimitive@odata.type": "Edm.Double",
        "DoubleNull": null,
        "DoubleN": 1.5,
        "DoubleN@odata.type": "Edm.Double",
        "Double": 1.5,
        "Double@odata.type": "Edm.Double",
        "DoubleInteger": 1,
        "DoubleInteger@odata.type": "Edm.Double",
        "SomeNewName": "0001",
        "GuidNull": null,
        "GuidN": "0d391d16-97f1-4b9a-be68-4cc871f90001",
        "GuidN@odata.type": "Edm.Guid",
        "Guid": "0d391d16-97f1-4b9a-be68-4cc871f90001",
        "Guid@odata.type": "Edm.Guid",
        "IntegerPrimitiveNull": null,
        "IntegerPrimitiveN": 1,
        "IntegerPrimitive": 1,
        "Int32Null": null,
        "Int32N": 1,
        "Int32": 1,
        "LongPrimitiveNull": null,
        "LongPrimitiveN": "2147483648",
        "LongPrimitiveN@odata.type": "Edm.Int64",
        "LongPrimitive": "2147483648",
        "LongPrimitive@odata.type": "Edm.Int64",
        "Int64Null": null,
        "Int64N": "123456789012",
        "Int64N@odata.type": "Edm.Int64",
        "Int64": "2147483648",
        "Int64@odata.type": "Edm.Int64",
        "String": "0001",
        "PartitionKey": "somPartition",
        "RowKey": "0001"
      },
      "StatusCode": 204,
      "ResponseHeaders": {
        "Content-Type": "application/json",
        "Date": "Thu, 21 Sep 2023 20:46:56 GMT",
        "ETag": "W/\u0022datetime\u00272023-09-21T20%3A46%3A56.4619271Z\u0027\u0022",
        "Location": "https://t729561e092ecf3cbprim.table.cosmos.azure.com/testtable2se9k9tt(PartitionKey=\u0027somPartition\u0027,RowKey=\u00270001\u0027)",
        "Preference-Applied": "return-no-content"
      },
      "ResponseBody": null
    },
    {
      "RequestUri": "https://t729561e092ecf3cbprim.table.cosmos.azure.com/testtable2se9k9tt?$format=application%2Fjson%3Bodata%3Dminimalmetadata",
      "RequestMethod": "POST",
      "RequestHeaders": {
        "Accept": "application/json;odata=minimalmetadata",
        "Authorization": "Sanitized",
        "Content-Length": "1669",
        "Content-Type": "application/json;odata=nometadata",
        "DataServiceVersion": "3.0",
        "Prefer": "return-no-content",
        "traceparent": "00-9cfb3525387a03bcf6d17246a301bf0d-c4280d2095e4c48e-00",
        "User-Agent": "azsdk-net-Data.Tables/12.9.0-alpha.20230921.1 (.NET 6.0.22; Microsoft Windows 10.0.22621)",
        "x-ms-client-request-id": "ac11099f8bdc15825d0e146abe04a793",
        "x-ms-date": "Thu, 21 Sep 2023 20:46:55 GMT",
        "x-ms-return-client-request-id": "true",
        "x-ms-version": "2020-12-06"
      },
      "RequestBody": {
        "DateTimeOffsetNull": null,
        "DateTimeOffsetN": "2020-01-01T01:03:00.0000000Z",
        "DateTimeOffsetN@odata.type": "Edm.DateTime",
        "DateTimeOffset": "2020-01-01T01:03:00.0000000Z",
        "DateTimeOffset@odata.type": "Edm.DateTime",
        "DateTimeNull": null,
        "DateTimeN": "2020-01-01T01:03:00.0000000Z",
        "DateTimeN@odata.type": "Edm.DateTime",
        "DateTime": "2020-01-01T01:03:00.0000000Z",
        "DateTime@odata.type": "Edm.DateTime",
        "DateTimeAsString": "2020-01-01T01:03:00.0000000Z",
        "BoolNull": null,
        "BoolN": false,
        "Bool": true,
        "BoolPrimitiveNull": null,
        "BoolPrimitiveN": false,
        "BoolPrimitive": true,
        "Binary": "AQL/Ag==",
        "Binary@odata.type": "Edm.Binary",
        "BinaryNull": null,
        "BinaryPrimitive": "AQL/Ag==",
        "BinaryPrimitive@odata.type": "Edm.Binary",
        "DoublePrimitiveNull": null,
        "DoublePrimitiveN": 2.5,
        "DoublePrimitiveN@odata.type": "Edm.Double",
        "DoublePrimitive": 2.5,
        "DoublePrimitive@odata.type": "Edm.Double",
        "DoubleNull": null,
        "DoubleN": 2.5,
        "DoubleN@odata.type": "Edm.Double",
        "Double": 2.5,
        "Double@odata.type": "Edm.Double",
        "DoubleInteger": 2,
        "DoubleInteger@odata.type": "Edm.Double",
        "SomeNewName": "0002",
        "GuidNull": null,
        "GuidN": "0d391d16-97f1-4b9a-be68-4cc871f90002",
        "GuidN@odata.type": "Edm.Guid",
        "Guid": "0d391d16-97f1-4b9a-be68-4cc871f90002",
        "Guid@odata.type": "Edm.Guid",
        "IntegerPrimitiveNull": null,
        "IntegerPrimitiveN": 2,
        "IntegerPrimitive": 2,
        "Int32Null": null,
        "Int32N": 2,
        "Int32": 2,
        "LongPrimitiveNull": null,
        "LongPrimitiveN": "2147483649",
        "LongPrimitiveN@odata.type": "Edm.Int64",
        "LongPrimitive": "2147483649",
        "LongPrimitive@odata.type": "Edm.Int64",
        "Int64Null": null,
        "Int64N": "123456789012",
        "Int64N@odata.type": "Edm.Int64",
        "Int64": "2147483649",
        "Int64@odata.type": "Edm.Int64",
        "String": "0002",
        "PartitionKey": "somPartition",
        "RowKey": "0002"
      },
      "StatusCode": 204,
      "ResponseHeaders": {
        "Content-Type": "application/json",
        "Date": "Thu, 21 Sep 2023 20:46:56 GMT",
        "ETag": "W/\u0022datetime\u00272023-09-21T20%3A46%3A56.5110791Z\u0027\u0022",
        "Location": "https://t729561e092ecf3cbprim.table.cosmos.azure.com/testtable2se9k9tt(PartitionKey=\u0027somPartition\u0027,RowKey=\u00270002\u0027)",
        "Preference-Applied": "return-no-content"
      },
      "ResponseBody": null
    },
    {
      "RequestUri": "https://t729561e092ecf3cbprim.table.cosmos.azure.com/testtable2se9k9tt?$format=application%2Fjson%3Bodata%3Dminimalmetadata",
      "RequestMethod": "POST",
      "RequestHeaders": {
        "Accept": "application/json;odata=minimalmetadata",
        "Authorization": "Sanitized",
        "Content-Length": "1671",
        "Content-Type": "application/json;odata=nometadata",
        "DataServiceVersion": "3.0",
        "Prefer": "return-no-content",
        "traceparent": "00-2e92676a135fec30462adbc71a0366c5-382247d42a128b53-00",
        "User-Agent": "azsdk-net-Data.Tables/12.9.0-alpha.20230921.1 (.NET 6.0.22; Microsoft Windows 10.0.22621)",
        "x-ms-client-request-id": "4ff5dff7a1bef84cd50f6ce490b37a3c",
        "x-ms-date": "Thu, 21 Sep 2023 20:46:55 GMT",
        "x-ms-return-client-request-id": "true",
        "x-ms-version": "2020-12-06"
      },
      "RequestBody": {
        "DateTimeOffsetNull": null,
        "DateTimeOffsetN": "2020-01-01T01:04:00.0000000Z",
        "DateTimeOffsetN@odata.type": "Edm.DateTime",
        "DateTimeOffset": "2020-01-01T01:04:00.0000000Z",
        "DateTimeOffset@odata.type": "Edm.DateTime",
        "DateTimeNull": null,
        "DateTimeN": "2020-01-01T01:04:00.0000000Z",
        "DateTimeN@odata.type": "Edm.DateTime",
        "DateTime": "2020-01-01T01:04:00.0000000Z",
        "DateTime@odata.type": "Edm.DateTime",
        "DateTimeAsString": "2020-01-01T01:04:00.0000000Z",
        "BoolNull": null,
        "BoolN": false,
        "Bool": false,
        "BoolPrimitiveNull": null,
        "BoolPrimitiveN": false,
        "BoolPrimitive": false,
        "Binary": "AQL/Aw==",
        "Binary@odata.type": "Edm.Binary",
        "BinaryNull": null,
        "BinaryPrimitive": "AQL/Aw==",
        "BinaryPrimitive@odata.type": "Edm.Binary",
        "DoublePrimitiveNull": null,
        "DoublePrimitiveN": 3.5,
        "DoublePrimitiveN@odata.type": "Edm.Double",
        "DoublePrimitive": 3.5,
        "DoublePrimitive@odata.type": "Edm.Double",
        "DoubleNull": null,
        "DoubleN": 3.5,
        "DoubleN@odata.type": "Edm.Double",
        "Double": 3.5,
        "Double@odata.type": "Edm.Double",
        "DoubleInteger": 3,
        "DoubleInteger@odata.type": "Edm.Double",
        "SomeNewName": "0003",
        "GuidNull": null,
        "GuidN": "0d391d16-97f1-4b9a-be68-4cc871f90003",
        "GuidN@odata.type": "Edm.Guid",
        "Guid": "0d391d16-97f1-4b9a-be68-4cc871f90003",
        "Guid@odata.type": "Edm.Guid",
        "IntegerPrimitiveNull": null,
        "IntegerPrimitiveN": 3,
        "IntegerPrimitive": 3,
        "Int32Null": null,
        "Int32N": 3,
        "Int32": 3,
        "LongPrimitiveNull": null,
        "LongPrimitiveN": "2147483650",
        "LongPrimitiveN@odata.type": "Edm.Int64",
        "LongPrimitive": "2147483650",
        "LongPrimitive@odata.type": "Edm.Int64",
        "Int64Null": null,
        "Int64N": "123456789012",
        "Int64N@odata.type": "Edm.Int64",
        "Int64": "2147483650",
        "Int64@odata.type": "Edm.Int64",
        "String": "0003",
        "PartitionKey": "somPartition",
        "RowKey": "0003"
      },
      "StatusCode": 204,
      "ResponseHeaders": {
        "Content-Type": "application/json",
        "Date": "Thu, 21 Sep 2023 20:46:56 GMT",
        "ETag": "W/\u0022datetime\u00272023-09-21T20%3A46%3A56.5590023Z\u0027\u0022",
        "Location": "https://t729561e092ecf3cbprim.table.cosmos.azure.com/testtable2se9k9tt(PartitionKey=\u0027somPartition\u0027,RowKey=\u00270003\u0027)",
        "Preference-Applied": "return-no-content"
      },
      "ResponseBody": null
    },
    {
      "RequestUri": "https://t729561e092ecf3cbprim.table.cosmos.azure.com/testtable2se9k9tt?$format=application%2Fjson%3Bodata%3Dminimalmetadata",
      "RequestMethod": "POST",
      "RequestHeaders": {
        "Accept": "application/json;odata=minimalmetadata",
        "Authorization": "Sanitized",
        "Content-Length": "1669",
        "Content-Type": "application/json;odata=nometadata",
        "DataServiceVersion": "3.0",
        "Prefer": "return-no-content",
        "traceparent": "00-2e12cf1541c17def3ba77af959f39dff-ac1305307a16a24b-00",
        "User-Agent": "azsdk-net-Data.Tables/12.9.0-alpha.20230921.1 (.NET 6.0.22; Microsoft Windows 10.0.22621)",
        "x-ms-client-request-id": "19ca1205003feebece08f49cf348ee79",
        "x-ms-date": "Thu, 21 Sep 2023 20:46:55 GMT",
        "x-ms-return-client-request-id": "true",
        "x-ms-version": "2020-12-06"
      },
      "RequestBody": {
        "DateTimeOffsetNull": null,
        "DateTimeOffsetN": "2020-01-01T01:05:00.0000000Z",
        "DateTimeOffsetN@odata.type": "Edm.DateTime",
        "DateTimeOffset": "2020-01-01T01:05:00.0000000Z",
        "DateTimeOffset@odata.type": "Edm.DateTime",
        "DateTimeNull": null,
        "DateTimeN": "2020-01-01T01:05:00.0000000Z",
        "DateTimeN@odata.type": "Edm.DateTime",
        "DateTime": "2020-01-01T01:05:00.0000000Z",
        "DateTime@odata.type": "Edm.DateTime",
        "DateTimeAsString": "2020-01-01T01:05:00.0000000Z",
        "BoolNull": null,
        "BoolN": false,
        "Bool": true,
        "BoolPrimitiveNull": null,
        "BoolPrimitiveN": false,
        "BoolPrimitive": true,
        "Binary": "AQL/BA==",
        "Binary@odata.type": "Edm.Binary",
        "BinaryNull": null,
        "BinaryPrimitive": "AQL/BA==",
        "BinaryPrimitive@odata.type": "Edm.Binary",
        "DoublePrimitiveNull": null,
        "DoublePrimitiveN": 4.5,
        "DoublePrimitiveN@odata.type": "Edm.Double",
        "DoublePrimitive": 4.5,
        "DoublePrimitive@odata.type": "Edm.Double",
        "DoubleNull": null,
        "DoubleN": 4.5,
        "DoubleN@odata.type": "Edm.Double",
        "Double": 4.5,
        "Double@odata.type": "Edm.Double",
        "DoubleInteger": 4,
        "DoubleInteger@odata.type": "Edm.Double",
        "SomeNewName": "0004",
        "GuidNull": null,
        "GuidN": "0d391d16-97f1-4b9a-be68-4cc871f90004",
        "GuidN@odata.type": "Edm.Guid",
        "Guid": "0d391d16-97f1-4b9a-be68-4cc871f90004",
        "Guid@odata.type": "Edm.Guid",
        "IntegerPrimitiveNull": null,
        "IntegerPrimitiveN": 4,
        "IntegerPrimitive": 4,
        "Int32Null": null,
        "Int32N": 4,
        "Int32": 4,
        "LongPrimitiveNull": null,
        "LongPrimitiveN": "2147483651",
        "LongPrimitiveN@odata.type": "Edm.Int64",
        "LongPrimitive": "2147483651",
        "LongPrimitive@odata.type": "Edm.Int64",
        "Int64Null": null,
        "Int64N": "123456789012",
        "Int64N@odata.type": "Edm.Int64",
        "Int64": "2147483651",
        "Int64@odata.type": "Edm.Int64",
        "String": "0004",
        "PartitionKey": "somPartition",
        "RowKey": "0004"
      },
      "StatusCode": 204,
      "ResponseHeaders": {
        "Content-Type": "application/json",
        "Date": "Thu, 21 Sep 2023 20:46:56 GMT",
        "ETag": "W/\u0022datetime\u00272023-09-21T20%3A46%3A56.6094855Z\u0027\u0022",
        "Location": "https://t729561e092ecf3cbprim.table.cosmos.azure.com/testtable2se9k9tt(PartitionKey=\u0027somPartition\u0027,RowKey=\u00270004\u0027)",
        "Preference-Applied": "return-no-content"
      },
      "ResponseBody": null
    },
    {
      "RequestUri": "https://t729561e092ecf3cbprim.table.cosmos.azure.com/testtable2se9k9tt()?$format=application%2Fjson%3Bodata%3Dminimalmetadata\u0026$filter=%28RowKey%20ne%20%270004%27%29%20and%20%28PartitionKey%20eq%20%27somPartition%27%29",
      "RequestMethod": "GET",
      "RequestHeaders": {
        "Accept": "application/json;odata=minimalmetadata",
        "Authorization": "Sanitized",
        "DataServiceVersion": "3.0",
        "traceparent": "00-9cdcedad0b8a7afd4971a6b97cf891c6-c66ca81c99b2a9fd-00",
        "User-Agent": "azsdk-net-Data.Tables/12.9.0-alpha.20230921.1 (.NET 6.0.22; Microsoft Windows 10.0.22621)",
        "x-ms-client-request-id": "d88d90c58639fd16bd19d7cd1e9e85a9",
        "x-ms-date": "Thu, 21 Sep 2023 20:46:55 GMT",
        "x-ms-return-client-request-id": "true",
        "x-ms-version": "2020-12-06"
      },
      "RequestBody": null,
      "StatusCode": 200,
      "ResponseHeaders": {
        "Content-Type": "application/json; odata=minimalmetadata",
        "Date": "Thu, 21 Sep 2023 20:46:56 GMT",
        "Transfer-Encoding": "chunked"
      },
      "ResponseBody": {
        "value": [
          {
            "odata.etag": "W/\u0022datetime\u00272023-09-21T20%3A46%3A56.4619271Z\u0027\u0022",
            "DateTimeOffsetN@odata.type": "Edm.DateTime",
            "DateTimeOffsetN": "2020-01-01T01:02:00.0000000Z",
            "DateTimeOffset@odata.type": "Edm.DateTime",
            "DateTimeOffset": "2020-01-01T01:02:00.0000000Z",
            "DateTimeN@odata.type": "Edm.DateTime",
            "DateTimeN": "2020-01-01T01:02:00.0000000Z",
            "DateTime@odata.type": "Edm.DateTime",
            "DateTime": "2020-01-01T01:02:00.0000000Z",
            "DateTimeAsString": "2020-01-01T01:02:00.0000000Z",
            "BoolN": false,
            "Bool": false,
            "BoolPrimitiveN": false,
            "BoolPrimitive": false,
            "Binary@odata.type": "Edm.Binary",
            "Binary": "AQL/AQ==",
            "BinaryPrimitive@odata.type": "Edm.Binary",
            "BinaryPrimitive": "AQL/AQ==",
            "DoublePrimitiveN": 1.5,
            "DoublePrimitive": 1.5,
            "DoubleN": 1.5,
            "Double": 1.5,
            "DoubleInteger": 1.0,
            "SomeNewName": "0001",
            "GuidN@odata.type": "Edm.Guid",
            "GuidN": "0d391d16-97f1-4b9a-be68-4cc871f90001",
            "Guid@odata.type": "Edm.Guid",
            "Guid": "0d391d16-97f1-4b9a-be68-4cc871f90001",
            "IntegerPrimitiveN": 1,
            "IntegerPrimitive": 1,
            "Int32N": 1,
            "Int32": 1,
            "LongPrimitiveN@odata.type": "Edm.Int64",
            "LongPrimitiveN": "2147483648",
            "LongPrimitive@odata.type": "Edm.Int64",
            "LongPrimitive": "2147483648",
            "Int64N@odata.type": "Edm.Int64",
            "Int64N": "123456789012",
            "Int64@odata.type": "Edm.Int64",
            "Int64": "2147483648",
            "String": "0001",
            "PartitionKey": "somPartition",
            "RowKey": "0001",
            "Timestamp": "2023-09-21T20:46:56.4619271Z"
          },
          {
            "odata.etag": "W/\u0022datetime\u00272023-09-21T20%3A46%3A56.5110791Z\u0027\u0022",
            "DateTimeOffsetN@odata.type": "Edm.DateTime",
            "DateTimeOffsetN": "2020-01-01T01:03:00.0000000Z",
            "DateTimeOffset@odata.type": "Edm.DateTime",
            "DateTimeOffset": "2020-01-01T01:03:00.0000000Z",
            "DateTimeN@odata.type": "Edm.DateTime",
            "DateTimeN": "2020-01-01T01:03:00.0000000Z",
            "DateTime@odata.type": "Edm.DateTime",
            "DateTime": "2020-01-01T01:03:00.0000000Z",
            "DateTimeAsString": "2020-01-01T01:03:00.0000000Z",
            "BoolN": false,
            "Bool": true,
            "BoolPrimitiveN": false,
            "BoolPrimitive": true,
            "Binary@odata.type": "Edm.Binary",
            "Binary": "AQL/Ag==",
            "BinaryPrimitive@odata.type": "Edm.Binary",
            "BinaryPrimitive": "AQL/Ag==",
            "DoublePrimitiveN": 2.5,
            "DoublePrimitive": 2.5,
            "DoubleN": 2.5,
            "Double": 2.5,
            "DoubleInteger": 2.0,
            "SomeNewName": "0002",
            "GuidN@odata.type": "Edm.Guid",
            "GuidN": "0d391d16-97f1-4b9a-be68-4cc871f90002",
            "Guid@odata.type": "Edm.Guid",
            "Guid": "0d391d16-97f1-4b9a-be68-4cc871f90002",
            "IntegerPrimitiveN": 2,
            "IntegerPrimitive": 2,
            "Int32N": 2,
            "Int32": 2,
            "LongPrimitiveN@odata.type": "Edm.Int64",
            "LongPrimitiveN": "2147483649",
            "LongPrimitive@odata.type": "Edm.Int64",
            "LongPrimitive": "2147483649",
            "Int64N@odata.type": "Edm.Int64",
            "Int64N": "123456789012",
            "Int64@odata.type": "Edm.Int64",
            "Int64": "2147483649",
            "String": "0002",
            "PartitionKey": "somPartition",
            "RowKey": "0002",
            "Timestamp": "2023-09-21T20:46:56.5110791Z"
          },
          {
            "odata.etag": "W/\u0022datetime\u00272023-09-21T20%3A46%3A56.5590023Z\u0027\u0022",
            "DateTimeOffsetN@odata.type": "Edm.DateTime",
            "DateTimeOffsetN": "2020-01-01T01:04:00.0000000Z",
            "DateTimeOffset@odata.type": "Edm.DateTime",
            "DateTimeOffset": "2020-01-01T01:04:00.0000000Z",
            "DateTimeN@odata.type": "Edm.DateTime",
            "DateTimeN": "2020-01-01T01:04:00.0000000Z",
            "DateTime@odata.type": "Edm.DateTime",
            "DateTime": "2020-01-01T01:04:00.0000000Z",
            "DateTimeAsString": "2020-01-01T01:04:00.0000000Z",
            "BoolN": false,
            "Bool": false,
            "BoolPrimitiveN": false,
            "BoolPrimitive": false,
            "Binary@odata.type": "Edm.Binary",
            "Binary": "AQL/Aw==",
            "BinaryPrimitive@odata.type": "Edm.Binary",
            "BinaryPrimitive": "AQL/Aw==",
            "DoublePrimitiveN": 3.5,
            "DoublePrimitive": 3.5,
            "DoubleN": 3.5,
            "Double": 3.5,
            "DoubleInteger": 3.0,
            "SomeNewName": "0003",
            "GuidN@odata.type": "Edm.Guid",
            "GuidN": "0d391d16-97f1-4b9a-be68-4cc871f90003",
            "Guid@odata.type": "Edm.Guid",
            "Guid": "0d391d16-97f1-4b9a-be68-4cc871f90003",
            "IntegerPrimitiveN": 3,
            "IntegerPrimitive": 3,
            "Int32N": 3,
            "Int32": 3,
            "LongPrimitiveN@odata.type": "Edm.Int64",
            "LongPrimitiveN": "2147483650",
            "LongPrimitive@odata.type": "Edm.Int64",
            "LongPrimitive": "2147483650",
            "Int64N@odata.type": "Edm.Int64",
            "Int64N": "123456789012",
            "Int64@odata.type": "Edm.Int64",
            "Int64": "2147483650",
            "String": "0003",
            "PartitionKey": "somPartition",
            "RowKey": "0003",
            "Timestamp": "2023-09-21T20:46:56.5590023Z"
          }
        ],
        "odata.metadata": "https://t729561e092ecf3cbprim.table.cosmos.azure.com/$metadata#testtable2se9k9tt"
      }
    },
    {
      "RequestUri": "https://t729561e092ecf3cbprim.table.cosmos.azure.com/testtable2se9k9tt()?$format=application%2Fjson%3Bodata%3Dminimalmetadata\u0026$filter=%28PartitionKey%20eq%20%27somPartition%27%29%20and%20%28RowKey%20ne%20%270004%27%29",
      "RequestMethod": "GET",
      "RequestHeaders": {
        "Accept": "application/json;odata=minimalmetadata",
        "Authorization": "Sanitized",
        "DataServiceVersion": "3.0",
        "traceparent": "00-047f83c0b4c8113e71816f19e1afe4dc-e4ff20637909ffca-00",
        "User-Agent": "azsdk-net-Data.Tables/12.9.0-alpha.20230921.1 (.NET 6.0.22; Microsoft Windows 10.0.22621)",
        "x-ms-client-request-id": "ac65d7948e39f653210781b6acb0048d",
        "x-ms-date": "Thu, 21 Sep 2023 20:46:55 GMT",
        "x-ms-return-client-request-id": "true",
        "x-ms-version": "2020-12-06"
      },
      "RequestBody": null,
      "StatusCode": 200,
      "ResponseHeaders": {
        "Content-Type": "application/json; odata=minimalmetadata",
        "Date": "Thu, 21 Sep 2023 20:46:56 GMT",
        "Transfer-Encoding": "chunked"
      },
      "ResponseBody": {
        "value": [
          {
            "odata.etag": "W/\u0022datetime\u00272023-09-21T20%3A46%3A56.4619271Z\u0027\u0022",
            "DateTimeOffsetN@odata.type": "Edm.DateTime",
            "DateTimeOffsetN": "2020-01-01T01:02:00.0000000Z",
            "DateTimeOffset@odata.type": "Edm.DateTime",
            "DateTimeOffset": "2020-01-01T01:02:00.0000000Z",
            "DateTimeN@odata.type": "Edm.DateTime",
            "DateTimeN": "2020-01-01T01:02:00.0000000Z",
            "DateTime@odata.type": "Edm.DateTime",
            "DateTime": "2020-01-01T01:02:00.0000000Z",
            "DateTimeAsString": "2020-01-01T01:02:00.0000000Z",
            "BoolN": false,
            "Bool": false,
            "BoolPrimitiveN": false,
            "BoolPrimitive": false,
            "Binary@odata.type": "Edm.Binary",
            "Binary": "AQL/AQ==",
            "BinaryPrimitive@odata.type": "Edm.Binary",
            "BinaryPrimitive": "AQL/AQ==",
            "DoublePrimitiveN": 1.5,
            "DoublePrimitive": 1.5,
            "DoubleN": 1.5,
            "Double": 1.5,
            "DoubleInteger": 1.0,
            "SomeNewName": "0001",
            "GuidN@odata.type": "Edm.Guid",
            "GuidN": "0d391d16-97f1-4b9a-be68-4cc871f90001",
            "Guid@odata.type": "Edm.Guid",
            "Guid": "0d391d16-97f1-4b9a-be68-4cc871f90001",
            "IntegerPrimitiveN": 1,
            "IntegerPrimitive": 1,
            "Int32N": 1,
            "Int32": 1,
            "LongPrimitiveN@odata.type": "Edm.Int64",
            "LongPrimitiveN": "2147483648",
            "LongPrimitive@odata.type": "Edm.Int64",
            "LongPrimitive": "2147483648",
            "Int64N@odata.type": "Edm.Int64",
            "Int64N": "123456789012",
            "Int64@odata.type": "Edm.Int64",
            "Int64": "2147483648",
            "String": "0001",
            "PartitionKey": "somPartition",
            "RowKey": "0001",
            "Timestamp": "2023-09-21T20:46:56.4619271Z"
          },
          {
            "odata.etag": "W/\u0022datetime\u00272023-09-21T20%3A46%3A56.5110791Z\u0027\u0022",
            "DateTimeOffsetN@odata.type": "Edm.DateTime",
            "DateTimeOffsetN": "2020-01-01T01:03:00.0000000Z",
            "DateTimeOffset@odata.type": "Edm.DateTime",
            "DateTimeOffset": "2020-01-01T01:03:00.0000000Z",
            "DateTimeN@odata.type": "Edm.DateTime",
            "DateTimeN": "2020-01-01T01:03:00.0000000Z",
            "DateTime@odata.type": "Edm.DateTime",
            "DateTime": "2020-01-01T01:03:00.0000000Z",
            "DateTimeAsString": "2020-01-01T01:03:00.0000000Z",
            "BoolN": false,
            "Bool": true,
            "BoolPrimitiveN": false,
            "BoolPrimitive": true,
            "Binary@odata.type": "Edm.Binary",
            "Binary": "AQL/Ag==",
            "BinaryPrimitive@odata.type": "Edm.Binary",
            "BinaryPrimitive": "AQL/Ag==",
            "DoublePrimitiveN": 2.5,
            "DoublePrimitive": 2.5,
            "DoubleN": 2.5,
            "Double": 2.5,
            "DoubleInteger": 2.0,
            "SomeNewName": "0002",
            "GuidN@odata.type": "Edm.Guid",
            "GuidN": "0d391d16-97f1-4b9a-be68-4cc871f90002",
            "Guid@odata.type": "Edm.Guid",
            "Guid": "0d391d16-97f1-4b9a-be68-4cc871f90002",
            "IntegerPrimitiveN": 2,
            "IntegerPrimitive": 2,
            "Int32N": 2,
            "Int32": 2,
            "LongPrimitiveN@odata.type": "Edm.Int64",
            "LongPrimitiveN": "2147483649",
            "LongPrimitive@odata.type": "Edm.Int64",
            "LongPrimitive": "2147483649",
            "Int64N@odata.type": "Edm.Int64",
            "Int64N": "123456789012",
            "Int64@odata.type": "Edm.Int64",
            "Int64": "2147483649",
            "String": "0002",
            "PartitionKey": "somPartition",
            "RowKey": "0002",
            "Timestamp": "2023-09-21T20:46:56.5110791Z"
          },
          {
            "odata.etag": "W/\u0022datetime\u00272023-09-21T20%3A46%3A56.5590023Z\u0027\u0022",
            "DateTimeOffsetN@odata.type": "Edm.DateTime",
            "DateTimeOffsetN": "2020-01-01T01:04:00.0000000Z",
            "DateTimeOffset@odata.type": "Edm.DateTime",
            "DateTimeOffset": "2020-01-01T01:04:00.0000000Z",
            "DateTimeN@odata.type": "Edm.DateTime",
            "DateTimeN": "2020-01-01T01:04:00.0000000Z",
            "DateTime@odata.type": "Edm.DateTime",
            "DateTime": "2020-01-01T01:04:00.0000000Z",
            "DateTimeAsString": "2020-01-01T01:04:00.0000000Z",
            "BoolN": false,
            "Bool": false,
            "BoolPrimitiveN": false,
            "BoolPrimitive": false,
            "Binary@odata.type": "Edm.Binary",
            "Binary": "AQL/Aw==",
            "BinaryPrimitive@odata.type": "Edm.Binary",
            "BinaryPrimitive": "AQL/Aw==",
            "DoublePrimitiveN": 3.5,
            "DoublePrimitive": 3.5,
            "DoubleN": 3.5,
            "Double": 3.5,
            "DoubleInteger": 3.0,
            "SomeNewName": "0003",
            "GuidN@odata.type": "Edm.Guid",
            "GuidN": "0d391d16-97f1-4b9a-be68-4cc871f90003",
            "Guid@odata.type": "Edm.Guid",
            "Guid": "0d391d16-97f1-4b9a-be68-4cc871f90003",
            "IntegerPrimitiveN": 3,
            "IntegerPrimitive": 3,
            "Int32N": 3,
            "Int32": 3,
            "LongPrimitiveN@odata.type": "Edm.Int64",
            "LongPrimitiveN": "2147483650",
            "LongPrimitive@odata.type": "Edm.Int64",
            "LongPrimitive": "2147483650",
            "Int64N@odata.type": "Edm.Int64",
            "Int64N": "123456789012",
            "Int64@odata.type": "Edm.Int64",
            "Int64": "2147483650",
            "String": "0003",
            "PartitionKey": "somPartition",
            "RowKey": "0003",
            "Timestamp": "2023-09-21T20:46:56.5590023Z"
          }
        ],
        "odata.metadata": "https://t729561e092ecf3cbprim.table.cosmos.azure.com/$metadata#testtable2se9k9tt"
      }
    },
    {
      "RequestUri": "https://t729561e092ecf3cbprim.table.cosmos.azure.com/Tables(\u0027testtable2se9k9tt\u0027)",
      "RequestMethod": "DELETE",
      "RequestHeaders": {
        "Accept": "application/json",
        "Authorization": "Sanitized",
        "traceparent": "00-9cd1fab3f11eff73f2ce1192ee9f0250-2fd9d66943a25f0e-00",
        "User-Agent": "azsdk-net-Data.Tables/12.9.0-alpha.20230921.1 (.NET 6.0.22; Microsoft Windows 10.0.22621)",
        "x-ms-client-request-id": "ff1ef320a2267e02fbcd5c2629f0cf30",
        "x-ms-date": "Thu, 21 Sep 2023 20:46:55 GMT",
        "x-ms-return-client-request-id": "true",
        "x-ms-version": "2020-12-06"
      },
      "RequestBody": null,
      "StatusCode": 204,
      "ResponseHeaders": {
        "Content-Type": "application/json",
        "Date": "Thu, 21 Sep 2023 20:46:56 GMT"
      },
      "ResponseBody": null
    }
  ],
  "Variables": {
    "COSMOS_TABLES_ENDPOINT_SUFFIX": "cosmos.azure.com",
    "RandomSeed": "1371945642",
    "TABLES_COSMOS_ACCOUNT_NAME": "t729561e092ecf3cbprim",
    "TABLES_PRIMARY_COSMOS_ACCOUNT_KEY": "Kg=="
  }
}
