{
  "Entries": [
    {
      "RequestUri": "https://camaiaor-formrec-eastus.cognitiveservices.azure.com/formrecognizer/documentClassifiers:build?api-version=2023-02-28-preview",
      "RequestMethod": "POST",
      "RequestHeaders": {
        "Accept": "application/json",
        "Content-Length": "641",
        "Content-Type": "application/json",
        "Ocp-Apim-Subscription-Key": "Sanitized",
        "traceparent": "00-02d76e90af1447e9a7fb265391d6c6e8-64fdca44c10593e7-00",
        "User-Agent": "azsdk-net-AI.FormRecognizer/4.1.0-alpha.20230622.1 (.NET 7.0.7; Microsoft Windows 10.0.22621)",
        "x-ms-client-request-id": "de00c11313c050063b9148ce069f09dc",
        "x-ms-return-client-request-id": "true"
      },
      "RequestBody": {
        "classifierId": "777872742",
        "docTypes": {
          "IRS-1040-A": {
            "azureBlobSource": {
              "containerUrl": "https://sanitized.blob.core.windows.net",
              "prefix": "IRS-1040-A/train"
            }
          },
          "IRS-1040-B": {
            "azureBlobSource": {
              "containerUrl": "https://sanitized.blob.core.windows.net",
              "prefix": "IRS-1040-B/train"
            }
          },
          "IRS-1040-C": {
            "azureBlobSource": {
              "containerUrl": "https://sanitized.blob.core.windows.net",
              "prefix": "IRS-1040-C/train"
            }
          },
          "IRS-1040-D": {
            "azureBlobSource": {
              "containerUrl": "https://sanitized.blob.core.windows.net",
              "prefix": "IRS-1040-D/train"
            }
          },
          "IRS-1040-E": {
            "azureBlobSource": {
              "containerUrl": "https://sanitized.blob.core.windows.net",
              "prefix": "IRS-1040-E/train"
            }
          }
        }
      },
      "StatusCode": 202,
      "ResponseHeaders": {
        "apim-request-id": "1b0cde31-dcdd-4e2f-ae6c-9a8c57d7b659",
        "Content-Length": "0",
        "Date": "Thu, 22 Jun 2023 19:39:42 GMT",
        "operation-location": "https://camaiaor-formrec-eastus.cognitiveservices.azure.com/formrecognizer/operations/31478905217_3c5913df-a1ae-4a50-8ecc-630d34ec9450?api-version=2023-02-28-preview",
        "Strict-Transport-Security": "max-age=31536000; includeSubDomains; preload",
        "X-Content-Type-Options": "nosniff",
        "x-envoy-upstream-service-time": "151",
        "x-ms-region": "East US"
      },
      "ResponseBody": null
    },
    {
      "RequestUri": "https://camaiaor-formrec-eastus.cognitiveservices.azure.com/formrecognizer/operations/31478905217_3c5913df-a1ae-4a50-8ecc-630d34ec9450?api-version=2023-02-28-preview",
      "RequestMethod": "GET",
      "RequestHeaders": {
        "Accept": "application/json",
        "Ocp-Apim-Subscription-Key": "Sanitized",
        "traceparent": "00-02d76e90af1447e9a7fb265391d6c6e8-4c855ab9cd381b50-00",
        "User-Agent": "azsdk-net-AI.FormRecognizer/4.1.0-alpha.20230622.1 (.NET 7.0.7; Microsoft Windows 10.0.22621)",
        "x-ms-client-request-id": "9d840ce85f2e706362d8372688ce12a2",
        "x-ms-return-client-request-id": "true"
      },
      "RequestBody": null,
      "StatusCode": 200,
      "ResponseHeaders": {
        "apim-request-id": "991f5440-984a-4be8-a1ec-75fc572e70e9",
        "Content-Type": "application/json; charset=utf-8",
        "Date": "Thu, 22 Jun 2023 19:39:42 GMT",
        "Strict-Transport-Security": "max-age=31536000; includeSubDomains; preload",
        "Transfer-Encoding": "chunked",
        "X-Content-Type-Options": "nosniff",
        "x-envoy-upstream-service-time": "22",
        "x-ms-region": "East US"
      },
      "ResponseBody": {
        "operationId": "31478905217_3c5913df-a1ae-4a50-8ecc-630d34ec9450",
        "kind": "documentClassifierBuild",
        "status": "notStarted",
        "createdDateTime": "2023-06-22T19:39:43Z",
        "lastUpdatedDateTime": "2023-06-22T19:39:43Z",
        "resourceLocation": "https://camaiaor-formrec-eastus.cognitiveservices.azure.com/formrecognizer/documentClassifiers/777872742?api-version=2023-02-28-preview"
      }
    },
    {
      "RequestUri": "https://camaiaor-formrec-eastus.cognitiveservices.azure.com/formrecognizer/operations/31478905217_3c5913df-a1ae-4a50-8ecc-630d34ec9450?api-version=2023-02-28-preview",
      "RequestMethod": "GET",
      "RequestHeaders": {
        "Accept": "application/json",
        "Ocp-Apim-Subscription-Key": "Sanitized",
        "traceparent": "00-02d76e90af1447e9a7fb265391d6c6e8-5f51c0d8f08838b6-00",
        "User-Agent": "azsdk-net-AI.FormRecognizer/4.1.0-alpha.20230622.1 (.NET 7.0.7; Microsoft Windows 10.0.22621)",
        "x-ms-client-request-id": "24e2994558a91f97314276f3fb9866fd",
        "x-ms-return-client-request-id": "true"
      },
      "RequestBody": null,
      "StatusCode": 200,
      "ResponseHeaders": {
        "apim-request-id": "fb7fc10e-ba4e-43d8-b29f-c10dab3b034d",
        "Content-Type": "application/json; charset=utf-8",
        "Date": "Thu, 22 Jun 2023 19:39:44 GMT",
        "Strict-Transport-Security": "max-age=31536000; includeSubDomains; preload",
        "Transfer-Encoding": "chunked",
        "X-Content-Type-Options": "nosniff",
        "x-envoy-upstream-service-time": "15",
        "x-ms-region": "East US"
      },
      "ResponseBody": {
        "operationId": "31478905217_3c5913df-a1ae-4a50-8ecc-630d34ec9450",
        "kind": "documentClassifierBuild",
        "status": "notStarted",
        "createdDateTime": "2023-06-22T19:39:43Z",
        "lastUpdatedDateTime": "2023-06-22T19:39:43Z",
        "resourceLocation": "https://camaiaor-formrec-eastus.cognitiveservices.azure.com/formrecognizer/documentClassifiers/777872742?api-version=2023-02-28-preview"
      }
    },
    {
      "RequestUri": "https://camaiaor-formrec-eastus.cognitiveservices.azure.com/formrecognizer/operations/31478905217_3c5913df-a1ae-4a50-8ecc-630d34ec9450?api-version=2023-02-28-preview",
      "RequestMethod": "GET",
      "RequestHeaders": {
        "Accept": "application/json",
        "Ocp-Apim-Subscription-Key": "Sanitized",
        "traceparent": "00-02d76e90af1447e9a7fb265391d6c6e8-d37511270082f2a4-00",
        "User-Agent": "azsdk-net-AI.FormRecognizer/4.1.0-alpha.20230622.1 (.NET 7.0.7; Microsoft Windows 10.0.22621)",
        "x-ms-client-request-id": "d26ffcd37146b3375e907be8dcdfc86d",
        "x-ms-return-client-request-id": "true"
      },
      "RequestBody": null,
      "StatusCode": 200,
      "ResponseHeaders": {
        "apim-request-id": "8a63b58a-439b-4d00-84e2-cb84e45b4e3b",
        "Content-Type": "application/json; charset=utf-8",
        "Date": "Thu, 22 Jun 2023 19:39:45 GMT",
        "Strict-Transport-Security": "max-age=31536000; includeSubDomains; preload",
        "Transfer-Encoding": "chunked",
        "X-Content-Type-Options": "nosniff",
        "x-envoy-upstream-service-time": "14",
        "x-ms-region": "East US"
      },
      "ResponseBody": {
        "operationId": "31478905217_3c5913df-a1ae-4a50-8ecc-630d34ec9450",
        "kind": "documentClassifierBuild",
        "status": "notStarted",
        "createdDateTime": "2023-06-22T19:39:43Z",
        "lastUpdatedDateTime": "2023-06-22T19:39:43Z",
        "resourceLocation": "https://camaiaor-formrec-eastus.cognitiveservices.azure.com/formrecognizer/documentClassifiers/777872742?api-version=2023-02-28-preview"
      }
    },
    {
      "RequestUri": "https://camaiaor-formrec-eastus.cognitiveservices.azure.com/formrecognizer/operations/31478905217_3c5913df-a1ae-4a50-8ecc-630d34ec9450?api-version=2023-02-28-preview",
      "RequestMethod": "GET",
      "RequestHeaders": {
        "Accept": "application/json",
        "Ocp-Apim-Subscription-Key": "Sanitized",
        "traceparent": "00-02d76e90af1447e9a7fb265391d6c6e8-730068db7b2577f3-00",
        "User-Agent": "azsdk-net-AI.FormRecognizer/4.1.0-alpha.20230622.1 (.NET 7.0.7; Microsoft Windows 10.0.22621)",
        "x-ms-client-request-id": "6c89a67ee4bd903375656cece97074c9",
        "x-ms-return-client-request-id": "true"
      },
      "RequestBody": null,
      "StatusCode": 200,
      "ResponseHeaders": {
        "apim-request-id": "69466115-1e09-4de6-9668-96942f7fb7aa",
        "Content-Type": "application/json; charset=utf-8",
        "Date": "Thu, 22 Jun 2023 19:39:46 GMT",
        "Strict-Transport-Security": "max-age=31536000; includeSubDomains; preload",
        "Transfer-Encoding": "chunked",
        "X-Content-Type-Options": "nosniff",
        "x-envoy-upstream-service-time": "21",
        "x-ms-region": "East US"
      },
      "ResponseBody": {
        "operationId": "31478905217_3c5913df-a1ae-4a50-8ecc-630d34ec9450",
        "kind": "documentClassifierBuild",
        "status": "notStarted",
        "createdDateTime": "2023-06-22T19:39:43Z",
        "lastUpdatedDateTime": "2023-06-22T19:39:43Z",
        "resourceLocation": "https://camaiaor-formrec-eastus.cognitiveservices.azure.com/formrecognizer/documentClassifiers/777872742?api-version=2023-02-28-preview"
      }
    },
    {
      "RequestUri": "https://camaiaor-formrec-eastus.cognitiveservices.azure.com/formrecognizer/operations/31478905217_3c5913df-a1ae-4a50-8ecc-630d34ec9450?api-version=2023-02-28-preview",
      "RequestMethod": "GET",
      "RequestHeaders": {
        "Accept": "application/json",
        "Ocp-Apim-Subscription-Key": "Sanitized",
        "traceparent": "00-02d76e90af1447e9a7fb265391d6c6e8-6fe1cada46e686bf-00",
        "User-Agent": "azsdk-net-AI.FormRecognizer/4.1.0-alpha.20230622.1 (.NET 7.0.7; Microsoft Windows 10.0.22621)",
        "x-ms-client-request-id": "8b533a71405ed35b622fc518dcaf4251",
        "x-ms-return-client-request-id": "true"
      },
      "RequestBody": null,
      "StatusCode": 200,
      "ResponseHeaders": {
        "apim-request-id": "4585b664-7c0f-4cf6-b99c-3a437891b108",
        "Content-Type": "application/json; charset=utf-8",
        "Date": "Thu, 22 Jun 2023 19:39:47 GMT",
        "Strict-Transport-Security": "max-age=31536000; includeSubDomains; preload",
        "Transfer-Encoding": "chunked",
        "X-Content-Type-Options": "nosniff",
        "x-envoy-upstream-service-time": "12",
        "x-ms-region": "East US"
      },
      "ResponseBody": {
        "operationId": "31478905217_3c5913df-a1ae-4a50-8ecc-630d34ec9450",
        "kind": "documentClassifierBuild",
        "status": "notStarted",
        "createdDateTime": "2023-06-22T19:39:43Z",
        "lastUpdatedDateTime": "2023-06-22T19:39:43Z",
        "resourceLocation": "https://camaiaor-formrec-eastus.cognitiveservices.azure.com/formrecognizer/documentClassifiers/777872742?api-version=2023-02-28-preview"
      }
    },
    {
      "RequestUri": "https://camaiaor-formrec-eastus.cognitiveservices.azure.com/formrecognizer/operations/31478905217_3c5913df-a1ae-4a50-8ecc-630d34ec9450?api-version=2023-02-28-preview",
      "RequestMethod": "GET",
      "RequestHeaders": {
        "Accept": "application/json",
        "Ocp-Apim-Subscription-Key": "Sanitized",
        "traceparent": "00-02d76e90af1447e9a7fb265391d6c6e8-1fdc01c115b7dcae-00",
        "User-Agent": "azsdk-net-AI.FormRecognizer/4.1.0-alpha.20230622.1 (.NET 7.0.7; Microsoft Windows 10.0.22621)",
        "x-ms-client-request-id": "55740979f90fee40c8de5ce1054bc9ee",
        "x-ms-return-client-request-id": "true"
      },
      "RequestBody": null,
      "StatusCode": 200,
      "ResponseHeaders": {
        "apim-request-id": "bae79727-af03-4bec-ab4b-b34d9afb5398",
        "Content-Type": "application/json; charset=utf-8",
        "Date": "Thu, 22 Jun 2023 19:39:48 GMT",
        "Strict-Transport-Security": "max-age=31536000; includeSubDomains; preload",
        "Transfer-Encoding": "chunked",
        "X-Content-Type-Options": "nosniff",
        "x-envoy-upstream-service-time": "19",
        "x-ms-region": "East US"
      },
      "ResponseBody": {
        "operationId": "31478905217_3c5913df-a1ae-4a50-8ecc-630d34ec9450",
        "kind": "documentClassifierBuild",
        "status": "notStarted",
        "createdDateTime": "2023-06-22T19:39:43Z",
        "lastUpdatedDateTime": "2023-06-22T19:39:43Z",
        "resourceLocation": "https://camaiaor-formrec-eastus.cognitiveservices.azure.com/formrecognizer/documentClassifiers/777872742?api-version=2023-02-28-preview"
      }
    },
    {
      "RequestUri": "https://camaiaor-formrec-eastus.cognitiveservices.azure.com/formrecognizer/operations/31478905217_3c5913df-a1ae-4a50-8ecc-630d34ec9450?api-version=2023-02-28-preview",
      "RequestMethod": "GET",
      "RequestHeaders": {
        "Accept": "application/json",
        "Ocp-Apim-Subscription-Key": "Sanitized",
        "traceparent": "00-02d76e90af1447e9a7fb265391d6c6e8-5f690ed049841403-00",
        "User-Agent": "azsdk-net-AI.FormRecognizer/4.1.0-alpha.20230622.1 (.NET 7.0.7; Microsoft Windows 10.0.22621)",
        "x-ms-client-request-id": "a276b21c3d8c3e0e4ab50a8d1e1bb4c5",
        "x-ms-return-client-request-id": "true"
      },
      "RequestBody": null,
      "StatusCode": 200,
      "ResponseHeaders": {
        "apim-request-id": "4a8a936e-500a-4a26-8e68-ae347ce09f29",
        "Content-Type": "application/json; charset=utf-8",
        "Date": "Thu, 22 Jun 2023 19:39:49 GMT",
        "Strict-Transport-Security": "max-age=31536000; includeSubDomains; preload",
        "Transfer-Encoding": "chunked",
        "X-Content-Type-Options": "nosniff",
        "x-envoy-upstream-service-time": "23",
        "x-ms-region": "East US"
      },
      "ResponseBody": {
        "operationId": "31478905217_3c5913df-a1ae-4a50-8ecc-630d34ec9450",
        "kind": "documentClassifierBuild",
        "status": "notStarted",
        "createdDateTime": "2023-06-22T19:39:43Z",
        "lastUpdatedDateTime": "2023-06-22T19:39:43Z",
        "resourceLocation": "https://camaiaor-formrec-eastus.cognitiveservices.azure.com/formrecognizer/documentClassifiers/777872742?api-version=2023-02-28-preview"
      }
    },
    {
      "RequestUri": "https://camaiaor-formrec-eastus.cognitiveservices.azure.com/formrecognizer/operations/31478905217_3c5913df-a1ae-4a50-8ecc-630d34ec9450?api-version=2023-02-28-preview",
      "RequestMethod": "GET",
      "RequestHeaders": {
        "Accept": "application/json",
        "Ocp-Apim-Subscription-Key": "Sanitized",
        "traceparent": "00-02d76e90af1447e9a7fb265391d6c6e8-d0303bc5219477fe-00",
        "User-Agent": "azsdk-net-AI.FormRecognizer/4.1.0-alpha.20230622.1 (.NET 7.0.7; Microsoft Windows 10.0.22621)",
        "x-ms-client-request-id": "e0721a221ffc78bafa64c280e37ace16",
        "x-ms-return-client-request-id": "true"
      },
      "RequestBody": null,
      "StatusCode": 200,
      "ResponseHeaders": {
        "apim-request-id": "f2d5d0c5-db55-43e9-8418-5248f3c47355",
        "Content-Type": "application/json; charset=utf-8",
        "Date": "Thu, 22 Jun 2023 19:39:50 GMT",
        "Strict-Transport-Security": "max-age=31536000; includeSubDomains; preload",
        "Transfer-Encoding": "chunked",
        "X-Content-Type-Options": "nosniff",
        "x-envoy-upstream-service-time": "25",
        "x-ms-region": "East US"
      },
      "ResponseBody": {
        "operationId": "31478905217_3c5913df-a1ae-4a50-8ecc-630d34ec9450",
        "kind": "documentClassifierBuild",
        "status": "notStarted",
        "createdDateTime": "2023-06-22T19:39:43Z",
        "lastUpdatedDateTime": "2023-06-22T19:39:43Z",
        "resourceLocation": "https://camaiaor-formrec-eastus.cognitiveservices.azure.com/formrecognizer/documentClassifiers/777872742?api-version=2023-02-28-preview"
      }
    },
    {
      "RequestUri": "https://camaiaor-formrec-eastus.cognitiveservices.azure.com/formrecognizer/operations/31478905217_3c5913df-a1ae-4a50-8ecc-630d34ec9450?api-version=2023-02-28-preview",
      "RequestMethod": "GET",
      "RequestHeaders": {
        "Accept": "application/json",
        "Ocp-Apim-Subscription-Key": "Sanitized",
        "traceparent": "00-02d76e90af1447e9a7fb265391d6c6e8-b26e4ffcae728009-00",
        "User-Agent": "azsdk-net-AI.FormRecognizer/4.1.0-alpha.20230622.1 (.NET 7.0.7; Microsoft Windows 10.0.22621)",
        "x-ms-client-request-id": "2afbd766a0393cc5fa350a59eeb2cfad",
        "x-ms-return-client-request-id": "true"
      },
      "RequestBody": null,
      "StatusCode": 200,
      "ResponseHeaders": {
        "apim-request-id": "1ba6fbc8-d2bb-42d9-ab8a-d10326111b9e",
        "Content-Type": "application/json; charset=utf-8",
        "Date": "Thu, 22 Jun 2023 19:39:51 GMT",
        "Strict-Transport-Security": "max-age=31536000; includeSubDomains; preload",
        "Transfer-Encoding": "chunked",
        "X-Content-Type-Options": "nosniff",
        "x-envoy-upstream-service-time": "16",
        "x-ms-region": "East US"
      },
      "ResponseBody": {
        "operationId": "31478905217_3c5913df-a1ae-4a50-8ecc-630d34ec9450",
        "kind": "documentClassifierBuild",
        "status": "notStarted",
        "createdDateTime": "2023-06-22T19:39:43Z",
        "lastUpdatedDateTime": "2023-06-22T19:39:43Z",
        "resourceLocation": "https://camaiaor-formrec-eastus.cognitiveservices.azure.com/formrecognizer/documentClassifiers/777872742?api-version=2023-02-28-preview"
      }
    },
    {
      "RequestUri": "https://camaiaor-formrec-eastus.cognitiveservices.azure.com/formrecognizer/operations/31478905217_3c5913df-a1ae-4a50-8ecc-630d34ec9450?api-version=2023-02-28-preview",
      "RequestMethod": "GET",
      "RequestHeaders": {
        "Accept": "application/json",
        "Ocp-Apim-Subscription-Key": "Sanitized",
        "traceparent": "00-02d76e90af1447e9a7fb265391d6c6e8-452cc7be67417bea-00",
        "User-Agent": "azsdk-net-AI.FormRecognizer/4.1.0-alpha.20230622.1 (.NET 7.0.7; Microsoft Windows 10.0.22621)",
        "x-ms-client-request-id": "eabf962ae8d9fcf2f7fea7277b8e5ad0",
        "x-ms-return-client-request-id": "true"
      },
      "RequestBody": null,
      "StatusCode": 200,
      "ResponseHeaders": {
        "apim-request-id": "b76551d4-2807-4d2b-9db6-1a204d6f1de9",
        "Content-Type": "application/json; charset=utf-8",
        "Date": "Thu, 22 Jun 2023 19:39:52 GMT",
        "Strict-Transport-Security": "max-age=31536000; includeSubDomains; preload",
        "Transfer-Encoding": "chunked",
        "X-Content-Type-Options": "nosniff",
        "x-envoy-upstream-service-time": "37",
        "x-ms-region": "East US"
      },
      "ResponseBody": {
        "operationId": "31478905217_3c5913df-a1ae-4a50-8ecc-630d34ec9450",
        "kind": "documentClassifierBuild",
        "status": "running",
        "createdDateTime": "2023-06-22T19:39:43Z",
        "lastUpdatedDateTime": "2023-06-22T19:39:52Z",
        "resourceLocation": "https://camaiaor-formrec-eastus.cognitiveservices.azure.com/formrecognizer/documentClassifiers/777872742?api-version=2023-02-28-preview"
      }
    },
    {
      "RequestUri": "https://camaiaor-formrec-eastus.cognitiveservices.azure.com/formrecognizer/operations/31478905217_3c5913df-a1ae-4a50-8ecc-630d34ec9450?api-version=2023-02-28-preview",
      "RequestMethod": "GET",
      "RequestHeaders": {
        "Accept": "application/json",
        "Ocp-Apim-Subscription-Key": "Sanitized",
        "traceparent": "00-02d76e90af1447e9a7fb265391d6c6e8-648e732b551a0f25-00",
        "User-Agent": "azsdk-net-AI.FormRecognizer/4.1.0-alpha.20230622.1 (.NET 7.0.7; Microsoft Windows 10.0.22621)",
        "x-ms-client-request-id": "4727f3e7891f818c5535e5c614618947",
        "x-ms-return-client-request-id": "true"
      },
      "RequestBody": null,
      "StatusCode": 200,
      "ResponseHeaders": {
        "apim-request-id": "3e1d7764-672a-4461-9b9d-fcf81141fe9a",
        "Content-Type": "application/json; charset=utf-8",
        "Date": "Thu, 22 Jun 2023 19:39:54 GMT",
        "Strict-Transport-Security": "max-age=31536000; includeSubDomains; preload",
        "Transfer-Encoding": "chunked",
        "X-Content-Type-Options": "nosniff",
        "x-envoy-upstream-service-time": "23",
        "x-ms-region": "East US"
      },
      "ResponseBody": {
        "operationId": "31478905217_3c5913df-a1ae-4a50-8ecc-630d34ec9450",
        "kind": "documentClassifierBuild",
        "status": "running",
        "createdDateTime": "2023-06-22T19:39:43Z",
        "lastUpdatedDateTime": "2023-06-22T19:39:52Z",
        "resourceLocation": "https://camaiaor-formrec-eastus.cognitiveservices.azure.com/formrecognizer/documentClassifiers/777872742?api-version=2023-02-28-preview"
      }
    },
    {
      "RequestUri": "https://camaiaor-formrec-eastus.cognitiveservices.azure.com/formrecognizer/operations/31478905217_3c5913df-a1ae-4a50-8ecc-630d34ec9450?api-version=2023-02-28-preview",
      "RequestMethod": "GET",
      "RequestHeaders": {
        "Accept": "application/json",
        "Ocp-Apim-Subscription-Key": "Sanitized",
        "traceparent": "00-02d76e90af1447e9a7fb265391d6c6e8-75a996f8b2241a76-00",
        "User-Agent": "azsdk-net-AI.FormRecognizer/4.1.0-alpha.20230622.1 (.NET 7.0.7; Microsoft Windows 10.0.22621)",
        "x-ms-client-request-id": "4d551595e3bb7d3de5ff323bf89dc16c",
        "x-ms-return-client-request-id": "true"
      },
      "RequestBody": null,
      "StatusCode": 200,
      "ResponseHeaders": {
        "apim-request-id": "5a8ef477-b093-4786-bbee-38487969a61d",
        "Content-Type": "application/json; charset=utf-8",
        "Date": "Thu, 22 Jun 2023 19:39:55 GMT",
        "Strict-Transport-Security": "max-age=31536000; includeSubDomains; preload",
        "Transfer-Encoding": "chunked",
        "X-Content-Type-Options": "nosniff",
        "x-envoy-upstream-service-time": "29",
        "x-ms-region": "East US"
      },
      "ResponseBody": {
        "operationId": "31478905217_3c5913df-a1ae-4a50-8ecc-630d34ec9450",
        "kind": "documentClassifierBuild",
        "status": "running",
        "createdDateTime": "2023-06-22T19:39:43Z",
        "lastUpdatedDateTime": "2023-06-22T19:39:52Z",
        "resourceLocation": "https://camaiaor-formrec-eastus.cognitiveservices.azure.com/formrecognizer/documentClassifiers/777872742?api-version=2023-02-28-preview"
      }
    },
    {
      "RequestUri": "https://camaiaor-formrec-eastus.cognitiveservices.azure.com/formrecognizer/operations/31478905217_3c5913df-a1ae-4a50-8ecc-630d34ec9450?api-version=2023-02-28-preview",
      "RequestMethod": "GET",
      "RequestHeaders": {
        "Accept": "application/json",
        "Ocp-Apim-Subscription-Key": "Sanitized",
        "traceparent": "00-02d76e90af1447e9a7fb265391d6c6e8-00d06dbf7c543057-00",
        "User-Agent": "azsdk-net-AI.FormRecognizer/4.1.0-alpha.20230622.1 (.NET 7.0.7; Microsoft Windows 10.0.22621)",
        "x-ms-client-request-id": "fb713adb888ba08d0a3d95a3032ce796",
        "x-ms-return-client-request-id": "true"
      },
      "RequestBody": null,
      "StatusCode": 200,
      "ResponseHeaders": {
        "apim-request-id": "edfd09cd-dae5-4b11-b509-5556049ae966",
        "Content-Type": "application/json; charset=utf-8",
        "Date": "Thu, 22 Jun 2023 19:39:56 GMT",
        "Strict-Transport-Security": "max-age=31536000; includeSubDomains; preload",
        "Transfer-Encoding": "chunked",
        "X-Content-Type-Options": "nosniff",
        "x-envoy-upstream-service-time": "21",
        "x-ms-region": "East US"
      },
      "ResponseBody": {
        "operationId": "31478905217_3c5913df-a1ae-4a50-8ecc-630d34ec9450",
        "kind": "documentClassifierBuild",
        "status": "running",
        "createdDateTime": "2023-06-22T19:39:43Z",
        "lastUpdatedDateTime": "2023-06-22T19:39:52Z",
        "resourceLocation": "https://camaiaor-formrec-eastus.cognitiveservices.azure.com/formrecognizer/documentClassifiers/777872742?api-version=2023-02-28-preview"
      }
    },
    {
      "RequestUri": "https://camaiaor-formrec-eastus.cognitiveservices.azure.com/formrecognizer/operations/31478905217_3c5913df-a1ae-4a50-8ecc-630d34ec9450?api-version=2023-02-28-preview",
      "RequestMethod": "GET",
      "RequestHeaders": {
        "Accept": "application/json",
        "Ocp-Apim-Subscription-Key": "Sanitized",
        "traceparent": "00-02d76e90af1447e9a7fb265391d6c6e8-ba6f0eb00184a95a-00",
        "User-Agent": "azsdk-net-AI.FormRecognizer/4.1.0-alpha.20230622.1 (.NET 7.0.7; Microsoft Windows 10.0.22621)",
        "x-ms-client-request-id": "659260740d380315b5a96120575188b8",
        "x-ms-return-client-request-id": "true"
      },
      "RequestBody": null,
      "StatusCode": 200,
      "ResponseHeaders": {
        "apim-request-id": "5ee9333a-e394-4e11-888b-6aefd8f2fab5",
        "Content-Type": "application/json; charset=utf-8",
        "Date": "Thu, 22 Jun 2023 19:39:57 GMT",
        "Strict-Transport-Security": "max-age=31536000; includeSubDomains; preload",
        "Transfer-Encoding": "chunked",
        "X-Content-Type-Options": "nosniff",
        "x-envoy-upstream-service-time": "11",
        "x-ms-region": "East US"
      },
      "ResponseBody": {
        "operationId": "31478905217_3c5913df-a1ae-4a50-8ecc-630d34ec9450",
        "kind": "documentClassifierBuild",
        "status": "running",
        "createdDateTime": "2023-06-22T19:39:43Z",
        "lastUpdatedDateTime": "2023-06-22T19:39:52Z",
        "resourceLocation": "https://camaiaor-formrec-eastus.cognitiveservices.azure.com/formrecognizer/documentClassifiers/777872742?api-version=2023-02-28-preview"
      }
    },
    {
      "RequestUri": "https://camaiaor-formrec-eastus.cognitiveservices.azure.com/formrecognizer/operations/31478905217_3c5913df-a1ae-4a50-8ecc-630d34ec9450?api-version=2023-02-28-preview",
      "RequestMethod": "GET",
      "RequestHeaders": {
        "Accept": "application/json",
        "Ocp-Apim-Subscription-Key": "Sanitized",
        "traceparent": "00-02d76e90af1447e9a7fb265391d6c6e8-f59ed448601bcd54-00",
        "User-Agent": "azsdk-net-AI.FormRecognizer/4.1.0-alpha.20230622.1 (.NET 7.0.7; Microsoft Windows 10.0.22621)",
        "x-ms-client-request-id": "daea78748eef0dbc88b4427d4e9a7ab9",
        "x-ms-return-client-request-id": "true"
      },
      "RequestBody": null,
      "StatusCode": 200,
      "ResponseHeaders": {
        "apim-request-id": "3d5cd0db-48f5-44a7-a16f-85c3e75c2d2a",
        "Content-Type": "application/json; charset=utf-8",
        "Date": "Thu, 22 Jun 2023 19:39:58 GMT",
        "Strict-Transport-Security": "max-age=31536000; includeSubDomains; preload",
        "Transfer-Encoding": "chunked",
        "X-Content-Type-Options": "nosniff",
        "x-envoy-upstream-service-time": "14",
        "x-ms-region": "East US"
      },
      "ResponseBody": {
        "operationId": "31478905217_3c5913df-a1ae-4a50-8ecc-630d34ec9450",
        "kind": "documentClassifierBuild",
        "status": "running",
        "createdDateTime": "2023-06-22T19:39:43Z",
        "lastUpdatedDateTime": "2023-06-22T19:39:52Z",
        "resourceLocation": "https://camaiaor-formrec-eastus.cognitiveservices.azure.com/formrecognizer/documentClassifiers/777872742?api-version=2023-02-28-preview"
      }
    },
    {
      "RequestUri": "https://camaiaor-formrec-eastus.cognitiveservices.azure.com/formrecognizer/operations/31478905217_3c5913df-a1ae-4a50-8ecc-630d34ec9450?api-version=2023-02-28-preview",
      "RequestMethod": "GET",
      "RequestHeaders": {
        "Accept": "application/json",
        "Ocp-Apim-Subscription-Key": "Sanitized",
        "traceparent": "00-02d76e90af1447e9a7fb265391d6c6e8-bd518ca7e2b0fa17-00",
        "User-Agent": "azsdk-net-AI.FormRecognizer/4.1.0-alpha.20230622.1 (.NET 7.0.7; Microsoft Windows 10.0.22621)",
        "x-ms-client-request-id": "98c69c175b0bcd34256d45e1266c49b8",
        "x-ms-return-client-request-id": "true"
      },
      "RequestBody": null,
      "StatusCode": 200,
      "ResponseHeaders": {
        "apim-request-id": "b416c57d-6757-40fb-9aef-c397ff8723af",
        "Content-Type": "application/json; charset=utf-8",
        "Date": "Thu, 22 Jun 2023 19:39:59 GMT",
        "Strict-Transport-Security": "max-age=31536000; includeSubDomains; preload",
        "Transfer-Encoding": "chunked",
        "X-Content-Type-Options": "nosniff",
        "x-envoy-upstream-service-time": "14",
        "x-ms-region": "East US"
      },
      "ResponseBody": {
        "operationId": "31478905217_3c5913df-a1ae-4a50-8ecc-630d34ec9450",
        "kind": "documentClassifierBuild",
        "status": "running",
        "createdDateTime": "2023-06-22T19:39:43Z",
        "lastUpdatedDateTime": "2023-06-22T19:39:52Z",
        "resourceLocation": "https://camaiaor-formrec-eastus.cognitiveservices.azure.com/formrecognizer/documentClassifiers/777872742?api-version=2023-02-28-preview"
      }
    },
    {
      "RequestUri": "https://camaiaor-formrec-eastus.cognitiveservices.azure.com/formrecognizer/operations/31478905217_3c5913df-a1ae-4a50-8ecc-630d34ec9450?api-version=2023-02-28-preview",
      "RequestMethod": "GET",
      "RequestHeaders": {
        "Accept": "application/json",
        "Ocp-Apim-Subscription-Key": "Sanitized",
        "traceparent": "00-02d76e90af1447e9a7fb265391d6c6e8-60645fb88a2d55d9-00",
        "User-Agent": "azsdk-net-AI.FormRecognizer/4.1.0-alpha.20230622.1 (.NET 7.0.7; Microsoft Windows 10.0.22621)",
        "x-ms-client-request-id": "8a2edcb40d41e6a7a485dd83ca97b51b",
        "x-ms-return-client-request-id": "true"
      },
      "RequestBody": null,
      "StatusCode": 200,
      "ResponseHeaders": {
        "apim-request-id": "8a717b49-6b93-4523-afe5-ff75883dca4e",
        "Content-Type": "application/json; charset=utf-8",
        "Date": "Thu, 22 Jun 2023 19:40:01 GMT",
        "Strict-Transport-Security": "max-age=31536000; includeSubDomains; preload",
        "Transfer-Encoding": "chunked",
        "X-Content-Type-Options": "nosniff",
        "x-envoy-upstream-service-time": "20",
        "x-ms-region": "East US"
      },
      "ResponseBody": {
        "operationId": "31478905217_3c5913df-a1ae-4a50-8ecc-630d34ec9450",
        "kind": "documentClassifierBuild",
        "status": "running",
        "createdDateTime": "2023-06-22T19:39:43Z",
        "lastUpdatedDateTime": "2023-06-22T19:39:52Z",
        "resourceLocation": "https://camaiaor-formrec-eastus.cognitiveservices.azure.com/formrecognizer/documentClassifiers/777872742?api-version=2023-02-28-preview"
      }
    },
    {
      "RequestUri": "https://camaiaor-formrec-eastus.cognitiveservices.azure.com/formrecognizer/operations/31478905217_3c5913df-a1ae-4a50-8ecc-630d34ec9450?api-version=2023-02-28-preview",
      "RequestMethod": "GET",
      "RequestHeaders": {
        "Accept": "application/json",
        "Ocp-Apim-Subscription-Key": "Sanitized",
        "traceparent": "00-02d76e90af1447e9a7fb265391d6c6e8-5210eb5817a00254-00",
        "User-Agent": "azsdk-net-AI.FormRecognizer/4.1.0-alpha.20230622.1 (.NET 7.0.7; Microsoft Windows 10.0.22621)",
        "x-ms-client-request-id": "bb09a82ff08b18ad441cb58149dae61c",
        "x-ms-return-client-request-id": "true"
      },
      "RequestBody": null,
      "StatusCode": 200,
      "ResponseHeaders": {
        "apim-request-id": "f0350159-271d-41b3-95f6-b6d427992977",
        "Content-Type": "application/json; charset=utf-8",
        "Date": "Thu, 22 Jun 2023 19:40:02 GMT",
        "Strict-Transport-Security": "max-age=31536000; includeSubDomains; preload",
        "Transfer-Encoding": "chunked",
        "X-Content-Type-Options": "nosniff",
        "x-envoy-upstream-service-time": "18",
        "x-ms-region": "East US"
      },
      "ResponseBody": {
        "operationId": "31478905217_3c5913df-a1ae-4a50-8ecc-630d34ec9450",
        "kind": "documentClassifierBuild",
        "status": "running",
        "createdDateTime": "2023-06-22T19:39:43Z",
        "lastUpdatedDateTime": "2023-06-22T19:39:52Z",
        "resourceLocation": "https://camaiaor-formrec-eastus.cognitiveservices.azure.com/formrecognizer/documentClassifiers/777872742?api-version=2023-02-28-preview"
      }
    },
    {
      "RequestUri": "https://camaiaor-formrec-eastus.cognitiveservices.azure.com/formrecognizer/operations/31478905217_3c5913df-a1ae-4a50-8ecc-630d34ec9450?api-version=2023-02-28-preview",
      "RequestMethod": "GET",
      "RequestHeaders": {
        "Accept": "application/json",
        "Ocp-Apim-Subscription-Key": "Sanitized",
        "traceparent": "00-02d76e90af1447e9a7fb265391d6c6e8-f29a3f7ccde2daa6-00",
        "User-Agent": "azsdk-net-AI.FormRecognizer/4.1.0-alpha.20230622.1 (.NET 7.0.7; Microsoft Windows 10.0.22621)",
        "x-ms-client-request-id": "71c98a6bf06b0978f4dff4857eb0038e",
        "x-ms-return-client-request-id": "true"
      },
      "RequestBody": null,
      "StatusCode": 200,
      "ResponseHeaders": {
        "apim-request-id": "7c49ecbf-c5d6-4888-8664-9839a10b9d1d",
        "Content-Type": "application/json; charset=utf-8",
        "Date": "Thu, 22 Jun 2023 19:40:03 GMT",
        "Strict-Transport-Security": "max-age=31536000; includeSubDomains; preload",
        "Transfer-Encoding": "chunked",
        "X-Content-Type-Options": "nosniff",
        "x-envoy-upstream-service-time": "23",
        "x-ms-region": "East US"
      },
      "ResponseBody": {
        "operationId": "31478905217_3c5913df-a1ae-4a50-8ecc-630d34ec9450",
        "kind": "documentClassifierBuild",
        "status": "running",
        "createdDateTime": "2023-06-22T19:39:43Z",
        "lastUpdatedDateTime": "2023-06-22T19:39:52Z",
        "resourceLocation": "https://camaiaor-formrec-eastus.cognitiveservices.azure.com/formrecognizer/documentClassifiers/777872742?api-version=2023-02-28-preview"
      }
    },
    {
      "RequestUri": "https://camaiaor-formrec-eastus.cognitiveservices.azure.com/formrecognizer/operations/31478905217_3c5913df-a1ae-4a50-8ecc-630d34ec9450?api-version=2023-02-28-preview",
      "RequestMethod": "GET",
      "RequestHeaders": {
        "Accept": "application/json",
        "Ocp-Apim-Subscription-Key": "Sanitized",
        "traceparent": "00-02d76e90af1447e9a7fb265391d6c6e8-80d003cf31ce6e0f-00",
        "User-Agent": "azsdk-net-AI.FormRecognizer/4.1.0-alpha.20230622.1 (.NET 7.0.7; Microsoft Windows 10.0.22621)",
        "x-ms-client-request-id": "7db129b88e62c32d2f16452458269dc9",
        "x-ms-return-client-request-id": "true"
      },
      "RequestBody": null,
      "StatusCode": 200,
      "ResponseHeaders": {
        "apim-request-id": "ad0666fb-83b6-421d-8316-63f7b14e5a05",
        "Content-Type": "application/json; charset=utf-8",
        "Date": "Thu, 22 Jun 2023 19:40:04 GMT",
        "Strict-Transport-Security": "max-age=31536000; includeSubDomains; preload",
        "Transfer-Encoding": "chunked",
        "X-Content-Type-Options": "nosniff",
        "x-envoy-upstream-service-time": "13",
        "x-ms-region": "East US"
      },
      "ResponseBody": {
        "operationId": "31478905217_3c5913df-a1ae-4a50-8ecc-630d34ec9450",
        "kind": "documentClassifierBuild",
        "status": "running",
        "createdDateTime": "2023-06-22T19:39:43Z",
        "lastUpdatedDateTime": "2023-06-22T19:39:52Z",
        "resourceLocation": "https://camaiaor-formrec-eastus.cognitiveservices.azure.com/formrecognizer/documentClassifiers/777872742?api-version=2023-02-28-preview"
      }
    },
    {
      "RequestUri": "https://camaiaor-formrec-eastus.cognitiveservices.azure.com/formrecognizer/operations/31478905217_3c5913df-a1ae-4a50-8ecc-630d34ec9450?api-version=2023-02-28-preview",
      "RequestMethod": "GET",
      "RequestHeaders": {
        "Accept": "application/json",
        "Ocp-Apim-Subscription-Key": "Sanitized",
        "traceparent": "00-02d76e90af1447e9a7fb265391d6c6e8-5c79d04980e4e77b-00",
        "User-Agent": "azsdk-net-AI.FormRecognizer/4.1.0-alpha.20230622.1 (.NET 7.0.7; Microsoft Windows 10.0.22621)",
        "x-ms-client-request-id": "3f18c19e44cd3faf3000c6abfc279a94",
        "x-ms-return-client-request-id": "true"
      },
      "RequestBody": null,
      "StatusCode": 200,
      "ResponseHeaders": {
        "apim-request-id": "20a9ccdc-38a4-44d3-803d-4b060969c85c",
        "Content-Type": "application/json; charset=utf-8",
        "Date": "Thu, 22 Jun 2023 19:40:05 GMT",
        "Strict-Transport-Security": "max-age=31536000; includeSubDomains; preload",
        "Transfer-Encoding": "chunked",
        "X-Content-Type-Options": "nosniff",
        "x-envoy-upstream-service-time": "16",
        "x-ms-region": "East US"
      },
      "ResponseBody": {
        "operationId": "31478905217_3c5913df-a1ae-4a50-8ecc-630d34ec9450",
        "kind": "documentClassifierBuild",
        "status": "running",
        "createdDateTime": "2023-06-22T19:39:43Z",
        "lastUpdatedDateTime": "2023-06-22T19:39:52Z",
        "resourceLocation": "https://camaiaor-formrec-eastus.cognitiveservices.azure.com/formrecognizer/documentClassifiers/777872742?api-version=2023-02-28-preview"
      }
    },
    {
      "RequestUri": "https://camaiaor-formrec-eastus.cognitiveservices.azure.com/formrecognizer/operations/31478905217_3c5913df-a1ae-4a50-8ecc-630d34ec9450?api-version=2023-02-28-preview",
      "RequestMethod": "GET",
      "RequestHeaders": {
        "Accept": "application/json",
        "Ocp-Apim-Subscription-Key": "Sanitized",
        "traceparent": "00-02d76e90af1447e9a7fb265391d6c6e8-c3c68ccb35511dd9-00",
        "User-Agent": "azsdk-net-AI.FormRecognizer/4.1.0-alpha.20230622.1 (.NET 7.0.7; Microsoft Windows 10.0.22621)",
        "x-ms-client-request-id": "1fc827196829dcb95d054155aa53b1ce",
        "x-ms-return-client-request-id": "true"
      },
      "RequestBody": null,
      "StatusCode": 200,
      "ResponseHeaders": {
        "apim-request-id": "1ec8a075-2a53-4e3d-91cc-1e73ceb320e1",
        "Content-Type": "application/json; charset=utf-8",
        "Date": "Thu, 22 Jun 2023 19:40:06 GMT",
        "Strict-Transport-Security": "max-age=31536000; includeSubDomains; preload",
        "Transfer-Encoding": "chunked",
        "X-Content-Type-Options": "nosniff",
        "x-envoy-upstream-service-time": "11",
        "x-ms-region": "East US"
      },
      "ResponseBody": {
        "operationId": "31478905217_3c5913df-a1ae-4a50-8ecc-630d34ec9450",
        "kind": "documentClassifierBuild",
        "status": "running",
        "createdDateTime": "2023-06-22T19:39:43Z",
        "lastUpdatedDateTime": "2023-06-22T19:39:52Z",
        "resourceLocation": "https://camaiaor-formrec-eastus.cognitiveservices.azure.com/formrecognizer/documentClassifiers/777872742?api-version=2023-02-28-preview"
      }
    },
    {
      "RequestUri": "https://camaiaor-formrec-eastus.cognitiveservices.azure.com/formrecognizer/operations/31478905217_3c5913df-a1ae-4a50-8ecc-630d34ec9450?api-version=2023-02-28-preview",
      "RequestMethod": "GET",
      "RequestHeaders": {
        "Accept": "application/json",
        "Ocp-Apim-Subscription-Key": "Sanitized",
        "traceparent": "00-02d76e90af1447e9a7fb265391d6c6e8-82c4bbbb09fc3ba6-00",
        "User-Agent": "azsdk-net-AI.FormRecognizer/4.1.0-alpha.20230622.1 (.NET 7.0.7; Microsoft Windows 10.0.22621)",
        "x-ms-client-request-id": "bce72b42c39774c07a724d62c781c708",
        "x-ms-return-client-request-id": "true"
      },
      "RequestBody": null,
      "StatusCode": 200,
      "ResponseHeaders": {
        "apim-request-id": "fcf03d13-5a90-46ce-a025-3f956d5d0789",
        "Content-Type": "application/json; charset=utf-8",
        "Date": "Thu, 22 Jun 2023 19:40:07 GMT",
        "Strict-Transport-Security": "max-age=31536000; includeSubDomains; preload",
        "Transfer-Encoding": "chunked",
        "X-Content-Type-Options": "nosniff",
        "x-envoy-upstream-service-time": "13",
        "x-ms-region": "East US"
      },
      "ResponseBody": {
        "operationId": "31478905217_3c5913df-a1ae-4a50-8ecc-630d34ec9450",
        "kind": "documentClassifierBuild",
        "status": "running",
        "createdDateTime": "2023-06-22T19:39:43Z",
        "lastUpdatedDateTime": "2023-06-22T19:39:52Z",
        "resourceLocation": "https://camaiaor-formrec-eastus.cognitiveservices.azure.com/formrecognizer/documentClassifiers/777872742?api-version=2023-02-28-preview"
      }
    },
    {
      "RequestUri": "https://camaiaor-formrec-eastus.cognitiveservices.azure.com/formrecognizer/operations/31478905217_3c5913df-a1ae-4a50-8ecc-630d34ec9450?api-version=2023-02-28-preview",
      "RequestMethod": "GET",
      "RequestHeaders": {
        "Accept": "application/json",
        "Ocp-Apim-Subscription-Key": "Sanitized",
        "traceparent": "00-02d76e90af1447e9a7fb265391d6c6e8-93bbce75489ad61c-00",
        "User-Agent": "azsdk-net-AI.FormRecognizer/4.1.0-alpha.20230622.1 (.NET 7.0.7; Microsoft Windows 10.0.22621)",
        "x-ms-client-request-id": "300ab17b7e5d35a0073be2c7025994dc",
        "x-ms-return-client-request-id": "true"
      },
      "RequestBody": null,
      "StatusCode": 200,
      "ResponseHeaders": {
        "apim-request-id": "bcf91fa7-e562-4797-a237-72c85cff3eca",
        "Content-Type": "application/json; charset=utf-8",
        "Date": "Thu, 22 Jun 2023 19:40:08 GMT",
        "Strict-Transport-Security": "max-age=31536000; includeSubDomains; preload",
        "Transfer-Encoding": "chunked",
        "X-Content-Type-Options": "nosniff",
        "x-envoy-upstream-service-time": "18",
        "x-ms-region": "East US"
      },
      "ResponseBody": {
        "operationId": "31478905217_3c5913df-a1ae-4a50-8ecc-630d34ec9450",
        "kind": "documentClassifierBuild",
        "status": "running",
        "createdDateTime": "2023-06-22T19:39:43Z",
        "lastUpdatedDateTime": "2023-06-22T19:39:52Z",
        "resourceLocation": "https://camaiaor-formrec-eastus.cognitiveservices.azure.com/formrecognizer/documentClassifiers/777872742?api-version=2023-02-28-preview"
      }
    },
    {
      "RequestUri": "https://camaiaor-formrec-eastus.cognitiveservices.azure.com/formrecognizer/operations/31478905217_3c5913df-a1ae-4a50-8ecc-630d34ec9450?api-version=2023-02-28-preview",
      "RequestMethod": "GET",
      "RequestHeaders": {
        "Accept": "application/json",
        "Ocp-Apim-Subscription-Key": "Sanitized",
        "traceparent": "00-02d76e90af1447e9a7fb265391d6c6e8-d38b5cc86954c756-00",
        "User-Agent": "azsdk-net-AI.FormRecognizer/4.1.0-alpha.20230622.1 (.NET 7.0.7; Microsoft Windows 10.0.22621)",
        "x-ms-client-request-id": "d168f84edd3f55fc6654a4b61b5714db",
        "x-ms-return-client-request-id": "true"
      },
      "RequestBody": null,
      "StatusCode": 200,
      "ResponseHeaders": {
        "apim-request-id": "09dd9a20-ac9c-4b98-80e9-eebefbc53b27",
        "Content-Type": "application/json; charset=utf-8",
        "Date": "Thu, 22 Jun 2023 19:40:09 GMT",
        "Strict-Transport-Security": "max-age=31536000; includeSubDomains; preload",
        "Transfer-Encoding": "chunked",
        "X-Content-Type-Options": "nosniff",
        "x-envoy-upstream-service-time": "14",
        "x-ms-region": "East US"
      },
      "ResponseBody": {
        "operationId": "31478905217_3c5913df-a1ae-4a50-8ecc-630d34ec9450",
        "kind": "documentClassifierBuild",
        "status": "running",
        "createdDateTime": "2023-06-22T19:39:43Z",
        "lastUpdatedDateTime": "2023-06-22T19:39:52Z",
        "resourceLocation": "https://camaiaor-formrec-eastus.cognitiveservices.azure.com/formrecognizer/documentClassifiers/777872742?api-version=2023-02-28-preview"
      }
    },
    {
      "RequestUri": "https://camaiaor-formrec-eastus.cognitiveservices.azure.com/formrecognizer/operations/31478905217_3c5913df-a1ae-4a50-8ecc-630d34ec9450?api-version=2023-02-28-preview",
      "RequestMethod": "GET",
      "RequestHeaders": {
        "Accept": "application/json",
        "Ocp-Apim-Subscription-Key": "Sanitized",
        "traceparent": "00-02d76e90af1447e9a7fb265391d6c6e8-62354403e5d75a3a-00",
        "User-Agent": "azsdk-net-AI.FormRecognizer/4.1.0-alpha.20230622.1 (.NET 7.0.7; Microsoft Windows 10.0.22621)",
        "x-ms-client-request-id": "f9da383e8049c4708ab2b55ce1f97120",
        "x-ms-return-client-request-id": "true"
      },
      "RequestBody": null,
      "StatusCode": 200,
      "ResponseHeaders": {
        "apim-request-id": "7a0e28d2-b552-4d2c-ad5e-3839a977a397",
        "Content-Type": "application/json; charset=utf-8",
        "Date": "Thu, 22 Jun 2023 19:40:11 GMT",
        "Strict-Transport-Security": "max-age=31536000; includeSubDomains; preload",
        "Transfer-Encoding": "chunked",
        "X-Content-Type-Options": "nosniff",
        "x-envoy-upstream-service-time": "17",
        "x-ms-region": "East US"
      },
      "ResponseBody": {
        "operationId": "31478905217_3c5913df-a1ae-4a50-8ecc-630d34ec9450",
        "kind": "documentClassifierBuild",
        "status": "running",
        "createdDateTime": "2023-06-22T19:39:43Z",
        "lastUpdatedDateTime": "2023-06-22T19:39:52Z",
        "resourceLocation": "https://camaiaor-formrec-eastus.cognitiveservices.azure.com/formrecognizer/documentClassifiers/777872742?api-version=2023-02-28-preview"
      }
    },
    {
      "RequestUri": "https://camaiaor-formrec-eastus.cognitiveservices.azure.com/formrecognizer/operations/31478905217_3c5913df-a1ae-4a50-8ecc-630d34ec9450?api-version=2023-02-28-preview",
      "RequestMethod": "GET",
      "RequestHeaders": {
        "Accept": "application/json",
        "Ocp-Apim-Subscription-Key": "Sanitized",
        "traceparent": "00-02d76e90af1447e9a7fb265391d6c6e8-e072403fff41f8f5-00",
        "User-Agent": "azsdk-net-AI.FormRecognizer/4.1.0-alpha.20230622.1 (.NET 7.0.7; Microsoft Windows 10.0.22621)",
        "x-ms-client-request-id": "cf1370def6199dc9b4b4c909d9e919af",
        "x-ms-return-client-request-id": "true"
      },
      "RequestBody": null,
      "StatusCode": 200,
      "ResponseHeaders": {
        "apim-request-id": "68cf39a4-19d5-413b-8750-23aa198ab651",
        "Content-Type": "application/json; charset=utf-8",
        "Date": "Thu, 22 Jun 2023 19:40:12 GMT",
        "Strict-Transport-Security": "max-age=31536000; includeSubDomains; preload",
        "Transfer-Encoding": "chunked",
        "X-Content-Type-Options": "nosniff",
        "x-envoy-upstream-service-time": "19",
        "x-ms-region": "East US"
      },
      "ResponseBody": {
        "operationId": "31478905217_3c5913df-a1ae-4a50-8ecc-630d34ec9450",
        "kind": "documentClassifierBuild",
        "status": "running",
        "createdDateTime": "2023-06-22T19:39:43Z",
        "lastUpdatedDateTime": "2023-06-22T19:39:52Z",
        "resourceLocation": "https://camaiaor-formrec-eastus.cognitiveservices.azure.com/formrecognizer/documentClassifiers/777872742?api-version=2023-02-28-preview"
      }
    },
    {
      "RequestUri": "https://camaiaor-formrec-eastus.cognitiveservices.azure.com/formrecognizer/operations/31478905217_3c5913df-a1ae-4a50-8ecc-630d34ec9450?api-version=2023-02-28-preview",
      "RequestMethod": "GET",
      "RequestHeaders": {
        "Accept": "application/json",
        "Ocp-Apim-Subscription-Key": "Sanitized",
        "traceparent": "00-02d76e90af1447e9a7fb265391d6c6e8-a473e6cd1ceb2440-00",
        "User-Agent": "azsdk-net-AI.FormRecognizer/4.1.0-alpha.20230622.1 (.NET 7.0.7; Microsoft Windows 10.0.22621)",
        "x-ms-client-request-id": "c98806269a7fcd9387a4468d28a0746d",
        "x-ms-return-client-request-id": "true"
      },
      "RequestBody": null,
      "StatusCode": 200,
      "ResponseHeaders": {
        "apim-request-id": "df461111-703c-43a0-bcec-b988f0261611",
        "Content-Type": "application/json; charset=utf-8",
        "Date": "Thu, 22 Jun 2023 19:40:13 GMT",
        "Strict-Transport-Security": "max-age=31536000; includeSubDomains; preload",
        "Transfer-Encoding": "chunked",
        "X-Content-Type-Options": "nosniff",
        "x-envoy-upstream-service-time": "21",
        "x-ms-region": "East US"
      },
      "ResponseBody": {
        "operationId": "31478905217_3c5913df-a1ae-4a50-8ecc-630d34ec9450",
        "kind": "documentClassifierBuild",
        "status": "running",
        "createdDateTime": "2023-06-22T19:39:43Z",
        "lastUpdatedDateTime": "2023-06-22T19:39:52Z",
        "resourceLocation": "https://camaiaor-formrec-eastus.cognitiveservices.azure.com/formrecognizer/documentClassifiers/777872742?api-version=2023-02-28-preview"
      }
    },
    {
      "RequestUri": "https://camaiaor-formrec-eastus.cognitiveservices.azure.com/formrecognizer/operations/31478905217_3c5913df-a1ae-4a50-8ecc-630d34ec9450?api-version=2023-02-28-preview",
      "RequestMethod": "GET",
      "RequestHeaders": {
        "Accept": "application/json",
        "Ocp-Apim-Subscription-Key": "Sanitized",
        "traceparent": "00-02d76e90af1447e9a7fb265391d6c6e8-17b5e22922239bb3-00",
        "User-Agent": "azsdk-net-AI.FormRecognizer/4.1.0-alpha.20230622.1 (.NET 7.0.7; Microsoft Windows 10.0.22621)",
        "x-ms-client-request-id": "aad884e2454448c26f3c4594b666eaa1",
        "x-ms-return-client-request-id": "true"
      },
      "RequestBody": null,
      "StatusCode": 200,
      "ResponseHeaders": {
        "apim-request-id": "c6da28b8-576a-49f1-a222-4e819013b9f4",
        "Content-Type": "application/json; charset=utf-8",
        "Date": "Thu, 22 Jun 2023 19:40:14 GMT",
        "Strict-Transport-Security": "max-age=31536000; includeSubDomains; preload",
        "Transfer-Encoding": "chunked",
        "X-Content-Type-Options": "nosniff",
        "x-envoy-upstream-service-time": "15",
        "x-ms-region": "East US"
      },
      "ResponseBody": {
        "operationId": "31478905217_3c5913df-a1ae-4a50-8ecc-630d34ec9450",
        "kind": "documentClassifierBuild",
        "status": "running",
        "createdDateTime": "2023-06-22T19:39:43Z",
        "lastUpdatedDateTime": "2023-06-22T19:39:52Z",
        "resourceLocation": "https://camaiaor-formrec-eastus.cognitiveservices.azure.com/formrecognizer/documentClassifiers/777872742?api-version=2023-02-28-preview"
      }
    },
    {
      "RequestUri": "https://camaiaor-formrec-eastus.cognitiveservices.azure.com/formrecognizer/operations/31478905217_3c5913df-a1ae-4a50-8ecc-630d34ec9450?api-version=2023-02-28-preview",
      "RequestMethod": "GET",
      "RequestHeaders": {
        "Accept": "application/json",
        "Ocp-Apim-Subscription-Key": "Sanitized",
        "traceparent": "00-02d76e90af1447e9a7fb265391d6c6e8-0421bad793218ee4-00",
        "User-Agent": "azsdk-net-AI.FormRecognizer/4.1.0-alpha.20230622.1 (.NET 7.0.7; Microsoft Windows 10.0.22621)",
        "x-ms-client-request-id": "da350598a87043a0dd454774af3b7514",
        "x-ms-return-client-request-id": "true"
      },
      "RequestBody": null,
      "StatusCode": 200,
      "ResponseHeaders": {
        "apim-request-id": "3f4d1713-4695-42c6-9c96-6f173c018149",
        "Content-Type": "application/json; charset=utf-8",
        "Date": "Thu, 22 Jun 2023 19:40:15 GMT",
        "Strict-Transport-Security": "max-age=31536000; includeSubDomains; preload",
        "Transfer-Encoding": "chunked",
        "X-Content-Type-Options": "nosniff",
        "x-envoy-upstream-service-time": "25",
        "x-ms-region": "East US"
      },
      "ResponseBody": {
        "operationId": "31478905217_3c5913df-a1ae-4a50-8ecc-630d34ec9450",
        "kind": "documentClassifierBuild",
        "status": "running",
        "createdDateTime": "2023-06-22T19:39:43Z",
        "lastUpdatedDateTime": "2023-06-22T19:39:52Z",
        "resourceLocation": "https://camaiaor-formrec-eastus.cognitiveservices.azure.com/formrecognizer/documentClassifiers/777872742?api-version=2023-02-28-preview"
      }
    },
    {
      "RequestUri": "https://camaiaor-formrec-eastus.cognitiveservices.azure.com/formrecognizer/operations/31478905217_3c5913df-a1ae-4a50-8ecc-630d34ec9450?api-version=2023-02-28-preview",
      "RequestMethod": "GET",
      "RequestHeaders": {
        "Accept": "application/json",
        "Ocp-Apim-Subscription-Key": "Sanitized",
        "traceparent": "00-02d76e90af1447e9a7fb265391d6c6e8-72506953ef881051-00",
        "User-Agent": "azsdk-net-AI.FormRecognizer/4.1.0-alpha.20230622.1 (.NET 7.0.7; Microsoft Windows 10.0.22621)",
        "x-ms-client-request-id": "54275c406f11e16b44405a4355ff1621",
        "x-ms-return-client-request-id": "true"
      },
      "RequestBody": null,
      "StatusCode": 200,
      "ResponseHeaders": {
        "apim-request-id": "a39a8ae2-a6f2-45df-9b15-f96300d1e9cb",
        "Content-Type": "application/json; charset=utf-8",
        "Date": "Thu, 22 Jun 2023 19:40:16 GMT",
        "Strict-Transport-Security": "max-age=31536000; includeSubDomains; preload",
        "Transfer-Encoding": "chunked",
        "X-Content-Type-Options": "nosniff",
        "x-envoy-upstream-service-time": "22",
        "x-ms-region": "East US"
      },
      "ResponseBody": {
        "operationId": "31478905217_3c5913df-a1ae-4a50-8ecc-630d34ec9450",
        "kind": "documentClassifierBuild",
        "status": "running",
        "createdDateTime": "2023-06-22T19:39:43Z",
        "lastUpdatedDateTime": "2023-06-22T19:39:52Z",
        "resourceLocation": "https://camaiaor-formrec-eastus.cognitiveservices.azure.com/formrecognizer/documentClassifiers/777872742?api-version=2023-02-28-preview"
      }
    },
    {
      "RequestUri": "https://camaiaor-formrec-eastus.cognitiveservices.azure.com/formrecognizer/operations/31478905217_3c5913df-a1ae-4a50-8ecc-630d34ec9450?api-version=2023-02-28-preview",
      "RequestMethod": "GET",
      "RequestHeaders": {
        "Accept": "application/json",
        "Ocp-Apim-Subscription-Key": "Sanitized",
        "traceparent": "00-02d76e90af1447e9a7fb265391d6c6e8-52be9905cba448ae-00",
        "User-Agent": "azsdk-net-AI.FormRecognizer/4.1.0-alpha.20230622.1 (.NET 7.0.7; Microsoft Windows 10.0.22621)",
        "x-ms-client-request-id": "22f5a5b99a6b3afde394cdfefd4e9833",
        "x-ms-return-client-request-id": "true"
      },
      "RequestBody": null,
      "StatusCode": 200,
      "ResponseHeaders": {
        "apim-request-id": "96c377af-dfab-467e-8aae-11596d8d0992",
        "Content-Type": "application/json; charset=utf-8",
        "Date": "Thu, 22 Jun 2023 19:40:17 GMT",
        "Strict-Transport-Security": "max-age=31536000; includeSubDomains; preload",
        "Transfer-Encoding": "chunked",
        "X-Content-Type-Options": "nosniff",
        "x-envoy-upstream-service-time": "16",
        "x-ms-region": "East US"
      },
      "ResponseBody": {
        "operationId": "31478905217_3c5913df-a1ae-4a50-8ecc-630d34ec9450",
        "kind": "documentClassifierBuild",
        "status": "running",
        "createdDateTime": "2023-06-22T19:39:43Z",
        "lastUpdatedDateTime": "2023-06-22T19:39:52Z",
        "resourceLocation": "https://camaiaor-formrec-eastus.cognitiveservices.azure.com/formrecognizer/documentClassifiers/777872742?api-version=2023-02-28-preview"
      }
    },
    {
      "RequestUri": "https://camaiaor-formrec-eastus.cognitiveservices.azure.com/formrecognizer/operations/31478905217_3c5913df-a1ae-4a50-8ecc-630d34ec9450?api-version=2023-02-28-preview",
      "RequestMethod": "GET",
      "RequestHeaders": {
        "Accept": "application/json",
        "Ocp-Apim-Subscription-Key": "Sanitized",
        "traceparent": "00-02d76e90af1447e9a7fb265391d6c6e8-8306662ac9831d2c-00",
        "User-Agent": "azsdk-net-AI.FormRecognizer/4.1.0-alpha.20230622.1 (.NET 7.0.7; Microsoft Windows 10.0.22621)",
        "x-ms-client-request-id": "5a5330c7953f298f9a53962f4d5deede",
        "x-ms-return-client-request-id": "true"
      },
      "RequestBody": null,
      "StatusCode": 200,
      "ResponseHeaders": {
        "apim-request-id": "4a46e183-39e6-4b4c-a9af-3decefff87fb",
        "Content-Type": "application/json; charset=utf-8",
        "Date": "Thu, 22 Jun 2023 19:40:18 GMT",
        "Strict-Transport-Security": "max-age=31536000; includeSubDomains; preload",
        "Transfer-Encoding": "chunked",
        "X-Content-Type-Options": "nosniff",
        "x-envoy-upstream-service-time": "14",
        "x-ms-region": "East US"
      },
      "ResponseBody": {
        "operationId": "31478905217_3c5913df-a1ae-4a50-8ecc-630d34ec9450",
        "kind": "documentClassifierBuild",
        "status": "running",
        "createdDateTime": "2023-06-22T19:39:43Z",
        "lastUpdatedDateTime": "2023-06-22T19:39:52Z",
        "resourceLocation": "https://camaiaor-formrec-eastus.cognitiveservices.azure.com/formrecognizer/documentClassifiers/777872742?api-version=2023-02-28-preview"
      }
    },
    {
      "RequestUri": "https://camaiaor-formrec-eastus.cognitiveservices.azure.com/formrecognizer/operations/31478905217_3c5913df-a1ae-4a50-8ecc-630d34ec9450?api-version=2023-02-28-preview",
      "RequestMethod": "GET",
      "RequestHeaders": {
        "Accept": "application/json",
        "Ocp-Apim-Subscription-Key": "Sanitized",
        "traceparent": "00-02d76e90af1447e9a7fb265391d6c6e8-8cf3c9d5087f064d-00",
        "User-Agent": "azsdk-net-AI.FormRecognizer/4.1.0-alpha.20230622.1 (.NET 7.0.7; Microsoft Windows 10.0.22621)",
        "x-ms-client-request-id": "0aba262e5246a6a95eed707ca26ce3f6",
        "x-ms-return-client-request-id": "true"
      },
      "RequestBody": null,
      "StatusCode": 200,
      "ResponseHeaders": {
        "apim-request-id": "b507b43a-e478-4a2c-8bd2-6d099f0994a9",
        "Content-Type": "application/json; charset=utf-8",
        "Date": "Thu, 22 Jun 2023 19:40:20 GMT",
        "Strict-Transport-Security": "max-age=31536000; includeSubDomains; preload",
        "Transfer-Encoding": "chunked",
        "X-Content-Type-Options": "nosniff",
        "x-envoy-upstream-service-time": "808",
        "x-ms-region": "East US"
      },
      "ResponseBody": {
        "operationId": "31478905217_3c5913df-a1ae-4a50-8ecc-630d34ec9450",
        "kind": "documentClassifierBuild",
        "status": "running",
        "createdDateTime": "2023-06-22T19:39:43Z",
        "lastUpdatedDateTime": "2023-06-22T19:39:52Z",
        "resourceLocation": "https://camaiaor-formrec-eastus.cognitiveservices.azure.com/formrecognizer/documentClassifiers/777872742?api-version=2023-02-28-preview"
      }
    },
    {
      "RequestUri": "https://camaiaor-formrec-eastus.cognitiveservices.azure.com/formrecognizer/operations/31478905217_3c5913df-a1ae-4a50-8ecc-630d34ec9450?api-version=2023-02-28-preview",
      "RequestMethod": "GET",
      "RequestHeaders": {
        "Accept": "application/json",
        "Ocp-Apim-Subscription-Key": "Sanitized",
        "traceparent": "00-02d76e90af1447e9a7fb265391d6c6e8-74c0c1382d23d37e-00",
        "User-Agent": "azsdk-net-AI.FormRecognizer/4.1.0-alpha.20230622.1 (.NET 7.0.7; Microsoft Windows 10.0.22621)",
        "x-ms-client-request-id": "247b26a8bcab23e115cc881704cdec86",
        "x-ms-return-client-request-id": "true"
      },
      "RequestBody": null,
      "StatusCode": 200,
      "ResponseHeaders": {
        "apim-request-id": "d01a5a94-296d-4603-8efa-9c420948c04c",
        "Content-Type": "application/json; charset=utf-8",
        "Date": "Thu, 22 Jun 2023 19:40:21 GMT",
        "Strict-Transport-Security": "max-age=31536000; includeSubDomains; preload",
        "Transfer-Encoding": "chunked",
        "X-Content-Type-Options": "nosniff",
        "x-envoy-upstream-service-time": "16",
        "x-ms-region": "East US"
      },
      "ResponseBody": {
        "operationId": "31478905217_3c5913df-a1ae-4a50-8ecc-630d34ec9450",
        "kind": "documentClassifierBuild",
        "status": "running",
        "createdDateTime": "2023-06-22T19:39:43Z",
        "lastUpdatedDateTime": "2023-06-22T19:39:52Z",
        "resourceLocation": "https://camaiaor-formrec-eastus.cognitiveservices.azure.com/formrecognizer/documentClassifiers/777872742?api-version=2023-02-28-preview"
      }
    },
    {
      "RequestUri": "https://camaiaor-formrec-eastus.cognitiveservices.azure.com/formrecognizer/operations/31478905217_3c5913df-a1ae-4a50-8ecc-630d34ec9450?api-version=2023-02-28-preview",
      "RequestMethod": "GET",
      "RequestHeaders": {
        "Accept": "application/json",
        "Ocp-Apim-Subscription-Key": "Sanitized",
        "traceparent": "00-02d76e90af1447e9a7fb265391d6c6e8-ada7174d69b66fa9-00",
        "User-Agent": "azsdk-net-AI.FormRecognizer/4.1.0-alpha.20230622.1 (.NET 7.0.7; Microsoft Windows 10.0.22621)",
        "x-ms-client-request-id": "d7d0eea68d9375ed87adfb522512862d",
        "x-ms-return-client-request-id": "true"
      },
      "RequestBody": null,
      "StatusCode": 200,
      "ResponseHeaders": {
        "apim-request-id": "56b9fc3e-6d20-4b0f-b621-382961b97d45",
        "Content-Type": "application/json; charset=utf-8",
        "Date": "Thu, 22 Jun 2023 19:40:23 GMT",
        "Strict-Transport-Security": "max-age=31536000; includeSubDomains; preload",
        "Transfer-Encoding": "chunked",
        "X-Content-Type-Options": "nosniff",
        "x-envoy-upstream-service-time": "12",
        "x-ms-region": "East US"
      },
      "ResponseBody": {
        "operationId": "31478905217_3c5913df-a1ae-4a50-8ecc-630d34ec9450",
        "kind": "documentClassifierBuild",
        "status": "running",
        "createdDateTime": "2023-06-22T19:39:43Z",
        "lastUpdatedDateTime": "2023-06-22T19:39:52Z",
        "resourceLocation": "https://camaiaor-formrec-eastus.cognitiveservices.azure.com/formrecognizer/documentClassifiers/777872742?api-version=2023-02-28-preview"
      }
    },
    {
      "RequestUri": "https://camaiaor-formrec-eastus.cognitiveservices.azure.com/formrecognizer/operations/31478905217_3c5913df-a1ae-4a50-8ecc-630d34ec9450?api-version=2023-02-28-preview",
      "RequestMethod": "GET",
      "RequestHeaders": {
        "Accept": "application/json",
        "Ocp-Apim-Subscription-Key": "Sanitized",
        "traceparent": "00-02d76e90af1447e9a7fb265391d6c6e8-1a82706ee850b089-00",
        "User-Agent": "azsdk-net-AI.FormRecognizer/4.1.0-alpha.20230622.1 (.NET 7.0.7; Microsoft Windows 10.0.22621)",
        "x-ms-client-request-id": "27879f6fc9e172324497f57ac991a291",
        "x-ms-return-client-request-id": "true"
      },
      "RequestBody": null,
      "StatusCode": 200,
      "ResponseHeaders": {
        "apim-request-id": "43f554ce-b724-4bb2-9385-3dfa590207ca",
        "Content-Type": "application/json; charset=utf-8",
        "Date": "Thu, 22 Jun 2023 19:40:24 GMT",
        "Strict-Transport-Security": "max-age=31536000; includeSubDomains; preload",
        "Transfer-Encoding": "chunked",
        "X-Content-Type-Options": "nosniff",
        "x-envoy-upstream-service-time": "21",
        "x-ms-region": "East US"
      },
      "ResponseBody": {
        "operationId": "31478905217_3c5913df-a1ae-4a50-8ecc-630d34ec9450",
        "kind": "documentClassifierBuild",
        "status": "running",
        "createdDateTime": "2023-06-22T19:39:43Z",
        "lastUpdatedDateTime": "2023-06-22T19:39:52Z",
        "resourceLocation": "https://camaiaor-formrec-eastus.cognitiveservices.azure.com/formrecognizer/documentClassifiers/777872742?api-version=2023-02-28-preview"
      }
    },
    {
      "RequestUri": "https://camaiaor-formrec-eastus.cognitiveservices.azure.com/formrecognizer/operations/31478905217_3c5913df-a1ae-4a50-8ecc-630d34ec9450?api-version=2023-02-28-preview",
      "RequestMethod": "GET",
      "RequestHeaders": {
        "Accept": "application/json",
        "Ocp-Apim-Subscription-Key": "Sanitized",
        "traceparent": "00-02d76e90af1447e9a7fb265391d6c6e8-22873628288e6e53-00",
        "User-Agent": "azsdk-net-AI.FormRecognizer/4.1.0-alpha.20230622.1 (.NET 7.0.7; Microsoft Windows 10.0.22621)",
        "x-ms-client-request-id": "b3d6ea000c9c1a6239069cfdc08ffe02",
        "x-ms-return-client-request-id": "true"
      },
      "RequestBody": null,
      "StatusCode": 200,
      "ResponseHeaders": {
        "apim-request-id": "768c1e68-05c1-43aa-80b2-fe12747931ac",
        "Content-Type": "application/json; charset=utf-8",
        "Date": "Thu, 22 Jun 2023 19:40:25 GMT",
        "Strict-Transport-Security": "max-age=31536000; includeSubDomains; preload",
        "Transfer-Encoding": "chunked",
        "X-Content-Type-Options": "nosniff",
        "x-envoy-upstream-service-time": "16",
        "x-ms-region": "East US"
      },
      "ResponseBody": {
        "operationId": "31478905217_3c5913df-a1ae-4a50-8ecc-630d34ec9450",
        "kind": "documentClassifierBuild",
        "status": "running",
        "createdDateTime": "2023-06-22T19:39:43Z",
        "lastUpdatedDateTime": "2023-06-22T19:39:52Z",
        "resourceLocation": "https://camaiaor-formrec-eastus.cognitiveservices.azure.com/formrecognizer/documentClassifiers/777872742?api-version=2023-02-28-preview"
      }
    },
    {
      "RequestUri": "https://camaiaor-formrec-eastus.cognitiveservices.azure.com/formrecognizer/operations/31478905217_3c5913df-a1ae-4a50-8ecc-630d34ec9450?api-version=2023-02-28-preview",
      "RequestMethod": "GET",
      "RequestHeaders": {
        "Accept": "application/json",
        "Ocp-Apim-Subscription-Key": "Sanitized",
        "traceparent": "00-02d76e90af1447e9a7fb265391d6c6e8-8fdab1a6dbb6eb0d-00",
        "User-Agent": "azsdk-net-AI.FormRecognizer/4.1.0-alpha.20230622.1 (.NET 7.0.7; Microsoft Windows 10.0.22621)",
        "x-ms-client-request-id": "64a75a45c446dca4bb5d92fc9873abf6",
        "x-ms-return-client-request-id": "true"
      },
      "RequestBody": null,
      "StatusCode": 200,
      "ResponseHeaders": {
        "apim-request-id": "19a0ebc4-a51a-44ba-b6f6-78670728575d",
        "Content-Type": "application/json; charset=utf-8",
        "Date": "Thu, 22 Jun 2023 19:40:26 GMT",
        "Strict-Transport-Security": "max-age=31536000; includeSubDomains; preload",
        "Transfer-Encoding": "chunked",
        "X-Content-Type-Options": "nosniff",
        "x-envoy-upstream-service-time": "13",
        "x-ms-region": "East US"
      },
      "ResponseBody": {
        "operationId": "31478905217_3c5913df-a1ae-4a50-8ecc-630d34ec9450",
        "kind": "documentClassifierBuild",
        "status": "running",
        "createdDateTime": "2023-06-22T19:39:43Z",
        "lastUpdatedDateTime": "2023-06-22T19:39:52Z",
        "resourceLocation": "https://camaiaor-formrec-eastus.cognitiveservices.azure.com/formrecognizer/documentClassifiers/777872742?api-version=2023-02-28-preview"
      }
    },
    {
      "RequestUri": "https://camaiaor-formrec-eastus.cognitiveservices.azure.com/formrecognizer/operations/31478905217_3c5913df-a1ae-4a50-8ecc-630d34ec9450?api-version=2023-02-28-preview",
      "RequestMethod": "GET",
      "RequestHeaders": {
        "Accept": "application/json",
        "Ocp-Apim-Subscription-Key": "Sanitized",
        "traceparent": "00-02d76e90af1447e9a7fb265391d6c6e8-cc4b7b325de45175-00",
        "User-Agent": "azsdk-net-AI.FormRecognizer/4.1.0-alpha.20230622.1 (.NET 7.0.7; Microsoft Windows 10.0.22621)",
        "x-ms-client-request-id": "3a516a0bd33c63913c6ceedb2d35b1b5",
        "x-ms-return-client-request-id": "true"
      },
      "RequestBody": null,
      "StatusCode": 200,
      "ResponseHeaders": {
        "apim-request-id": "c8e86d1c-c1fa-4bde-a871-e05ddf9be875",
        "Content-Type": "application/json; charset=utf-8",
        "Date": "Thu, 22 Jun 2023 19:40:27 GMT",
        "Strict-Transport-Security": "max-age=31536000; includeSubDomains; preload",
        "Transfer-Encoding": "chunked",
        "X-Content-Type-Options": "nosniff",
        "x-envoy-upstream-service-time": "11",
        "x-ms-region": "East US"
      },
      "ResponseBody": {
        "operationId": "31478905217_3c5913df-a1ae-4a50-8ecc-630d34ec9450",
        "kind": "documentClassifierBuild",
        "status": "running",
        "createdDateTime": "2023-06-22T19:39:43Z",
        "lastUpdatedDateTime": "2023-06-22T19:39:52Z",
        "resourceLocation": "https://camaiaor-formrec-eastus.cognitiveservices.azure.com/formrecognizer/documentClassifiers/777872742?api-version=2023-02-28-preview"
      }
    },
    {
      "RequestUri": "https://camaiaor-formrec-eastus.cognitiveservices.azure.com/formrecognizer/operations/31478905217_3c5913df-a1ae-4a50-8ecc-630d34ec9450?api-version=2023-02-28-preview",
      "RequestMethod": "GET",
      "RequestHeaders": {
        "Accept": "application/json",
        "Ocp-Apim-Subscription-Key": "Sanitized",
        "traceparent": "00-02d76e90af1447e9a7fb265391d6c6e8-9b9e4c0ce5610f76-00",
        "User-Agent": "azsdk-net-AI.FormRecognizer/4.1.0-alpha.20230622.1 (.NET 7.0.7; Microsoft Windows 10.0.22621)",
        "x-ms-client-request-id": "6e34f2983de93b4a45faf73e7a6681c6",
        "x-ms-return-client-request-id": "true"
      },
      "RequestBody": null,
      "StatusCode": 200,
      "ResponseHeaders": {
        "apim-request-id": "cbe888c7-5f6d-492d-89e7-866418e9d515",
        "Content-Type": "application/json; charset=utf-8",
        "Date": "Thu, 22 Jun 2023 19:40:28 GMT",
        "Strict-Transport-Security": "max-age=31536000; includeSubDomains; preload",
        "Transfer-Encoding": "chunked",
        "X-Content-Type-Options": "nosniff",
        "x-envoy-upstream-service-time": "12",
        "x-ms-region": "East US"
      },
      "ResponseBody": {
        "operationId": "31478905217_3c5913df-a1ae-4a50-8ecc-630d34ec9450",
        "kind": "documentClassifierBuild",
        "status": "running",
        "createdDateTime": "2023-06-22T19:39:43Z",
        "lastUpdatedDateTime": "2023-06-22T19:39:52Z",
        "resourceLocation": "https://camaiaor-formrec-eastus.cognitiveservices.azure.com/formrecognizer/documentClassifiers/777872742?api-version=2023-02-28-preview"
      }
    },
    {
      "RequestUri": "https://camaiaor-formrec-eastus.cognitiveservices.azure.com/formrecognizer/operations/31478905217_3c5913df-a1ae-4a50-8ecc-630d34ec9450?api-version=2023-02-28-preview",
      "RequestMethod": "GET",
      "RequestHeaders": {
        "Accept": "application/json",
        "Ocp-Apim-Subscription-Key": "Sanitized",
        "traceparent": "00-02d76e90af1447e9a7fb265391d6c6e8-445d319aa8d59b6d-00",
        "User-Agent": "azsdk-net-AI.FormRecognizer/4.1.0-alpha.20230622.1 (.NET 7.0.7; Microsoft Windows 10.0.22621)",
        "x-ms-client-request-id": "56f2a65ac33d71c6c94427d9d6c9ae86",
        "x-ms-return-client-request-id": "true"
      },
      "RequestBody": null,
      "StatusCode": 200,
      "ResponseHeaders": {
        "apim-request-id": "cc90950e-b18c-4e3a-b3b5-3a6d68eb7951",
        "Content-Type": "application/json; charset=utf-8",
        "Date": "Thu, 22 Jun 2023 19:40:29 GMT",
        "Strict-Transport-Security": "max-age=31536000; includeSubDomains; preload",
        "Transfer-Encoding": "chunked",
        "X-Content-Type-Options": "nosniff",
        "x-envoy-upstream-service-time": "13",
        "x-ms-region": "East US"
      },
      "ResponseBody": {
        "operationId": "31478905217_3c5913df-a1ae-4a50-8ecc-630d34ec9450",
        "kind": "documentClassifierBuild",
        "status": "running",
        "createdDateTime": "2023-06-22T19:39:43Z",
        "lastUpdatedDateTime": "2023-06-22T19:39:52Z",
        "resourceLocation": "https://camaiaor-formrec-eastus.cognitiveservices.azure.com/formrecognizer/documentClassifiers/777872742?api-version=2023-02-28-preview"
      }
    },
    {
      "RequestUri": "https://camaiaor-formrec-eastus.cognitiveservices.azure.com/formrecognizer/operations/31478905217_3c5913df-a1ae-4a50-8ecc-630d34ec9450?api-version=2023-02-28-preview",
      "RequestMethod": "GET",
      "RequestHeaders": {
        "Accept": "application/json",
        "Ocp-Apim-Subscription-Key": "Sanitized",
        "traceparent": "00-02d76e90af1447e9a7fb265391d6c6e8-eb61e0a0dce22bfb-00",
        "User-Agent": "azsdk-net-AI.FormRecognizer/4.1.0-alpha.20230622.1 (.NET 7.0.7; Microsoft Windows 10.0.22621)",
        "x-ms-client-request-id": "a563dcab3c3ecd0d1f15f541db52e9d6",
        "x-ms-return-client-request-id": "true"
      },
      "RequestBody": null,
      "StatusCode": 200,
      "ResponseHeaders": {
        "apim-request-id": "c3a35cdc-6350-48aa-a574-9e7b2b095ea9",
        "Content-Type": "application/json; charset=utf-8",
        "Date": "Thu, 22 Jun 2023 19:40:30 GMT",
        "Strict-Transport-Security": "max-age=31536000; includeSubDomains; preload",
        "Transfer-Encoding": "chunked",
        "X-Content-Type-Options": "nosniff",
        "x-envoy-upstream-service-time": "12",
        "x-ms-region": "East US"
      },
      "ResponseBody": {
        "operationId": "31478905217_3c5913df-a1ae-4a50-8ecc-630d34ec9450",
        "kind": "documentClassifierBuild",
        "status": "running",
        "createdDateTime": "2023-06-22T19:39:43Z",
        "lastUpdatedDateTime": "2023-06-22T19:39:52Z",
        "resourceLocation": "https://camaiaor-formrec-eastus.cognitiveservices.azure.com/formrecognizer/documentClassifiers/777872742?api-version=2023-02-28-preview"
      }
    },
    {
      "RequestUri": "https://camaiaor-formrec-eastus.cognitiveservices.azure.com/formrecognizer/operations/31478905217_3c5913df-a1ae-4a50-8ecc-630d34ec9450?api-version=2023-02-28-preview",
      "RequestMethod": "GET",
      "RequestHeaders": {
        "Accept": "application/json",
        "Ocp-Apim-Subscription-Key": "Sanitized",
        "traceparent": "00-02d76e90af1447e9a7fb265391d6c6e8-923480f35459a8b6-00",
        "User-Agent": "azsdk-net-AI.FormRecognizer/4.1.0-alpha.20230622.1 (.NET 7.0.7; Microsoft Windows 10.0.22621)",
        "x-ms-client-request-id": "878028eb5b42d4782cc3a5a41671657b",
        "x-ms-return-client-request-id": "true"
      },
      "RequestBody": null,
      "StatusCode": 200,
      "ResponseHeaders": {
        "apim-request-id": "cd0142c4-12f7-486e-bf6e-189cff289974",
        "Content-Type": "application/json; charset=utf-8",
        "Date": "Thu, 22 Jun 2023 19:40:31 GMT",
        "Strict-Transport-Security": "max-age=31536000; includeSubDomains; preload",
        "Transfer-Encoding": "chunked",
        "X-Content-Type-Options": "nosniff",
        "x-envoy-upstream-service-time": "12",
        "x-ms-region": "East US"
      },
      "ResponseBody": {
        "operationId": "31478905217_3c5913df-a1ae-4a50-8ecc-630d34ec9450",
        "kind": "documentClassifierBuild",
        "status": "running",
        "createdDateTime": "2023-06-22T19:39:43Z",
        "lastUpdatedDateTime": "2023-06-22T19:39:52Z",
        "resourceLocation": "https://camaiaor-formrec-eastus.cognitiveservices.azure.com/formrecognizer/documentClassifiers/777872742?api-version=2023-02-28-preview"
      }
    },
    {
      "RequestUri": "https://camaiaor-formrec-eastus.cognitiveservices.azure.com/formrecognizer/operations/31478905217_3c5913df-a1ae-4a50-8ecc-630d34ec9450?api-version=2023-02-28-preview",
      "RequestMethod": "GET",
      "RequestHeaders": {
        "Accept": "application/json",
        "Ocp-Apim-Subscription-Key": "Sanitized",
        "traceparent": "00-02d76e90af1447e9a7fb265391d6c6e8-1bbea33eed939b5a-00",
        "User-Agent": "azsdk-net-AI.FormRecognizer/4.1.0-alpha.20230622.1 (.NET 7.0.7; Microsoft Windows 10.0.22621)",
        "x-ms-client-request-id": "9d93704bdc031e8799243627ce859576",
        "x-ms-return-client-request-id": "true"
      },
      "RequestBody": null,
      "StatusCode": 200,
      "ResponseHeaders": {
        "apim-request-id": "afda64da-b450-48fc-9f96-396938fb39f2",
        "Content-Type": "application/json; charset=utf-8",
        "Date": "Thu, 22 Jun 2023 19:40:32 GMT",
        "Strict-Transport-Security": "max-age=31536000; includeSubDomains; preload",
        "Transfer-Encoding": "chunked",
        "X-Content-Type-Options": "nosniff",
        "x-envoy-upstream-service-time": "17",
        "x-ms-region": "East US"
      },
      "ResponseBody": {
        "operationId": "31478905217_3c5913df-a1ae-4a50-8ecc-630d34ec9450",
        "kind": "documentClassifierBuild",
        "status": "running",
        "createdDateTime": "2023-06-22T19:39:43Z",
        "lastUpdatedDateTime": "2023-06-22T19:39:52Z",
        "resourceLocation": "https://camaiaor-formrec-eastus.cognitiveservices.azure.com/formrecognizer/documentClassifiers/777872742?api-version=2023-02-28-preview"
      }
    },
    {
      "RequestUri": "https://camaiaor-formrec-eastus.cognitiveservices.azure.com/formrecognizer/operations/31478905217_3c5913df-a1ae-4a50-8ecc-630d34ec9450?api-version=2023-02-28-preview",
      "RequestMethod": "GET",
      "RequestHeaders": {
        "Accept": "application/json",
        "Ocp-Apim-Subscription-Key": "Sanitized",
        "traceparent": "00-02d76e90af1447e9a7fb265391d6c6e8-3a66d3c42b61451d-00",
        "User-Agent": "azsdk-net-AI.FormRecognizer/4.1.0-alpha.20230622.1 (.NET 7.0.7; Microsoft Windows 10.0.22621)",
        "x-ms-client-request-id": "aeee515b27494f43648e797b9768b7ae",
        "x-ms-return-client-request-id": "true"
      },
      "RequestBody": null,
      "StatusCode": 200,
      "ResponseHeaders": {
        "apim-request-id": "5f65cec2-56ff-4b06-8c03-dd13556d1403",
        "Content-Type": "application/json; charset=utf-8",
        "Date": "Thu, 22 Jun 2023 19:40:34 GMT",
        "Strict-Transport-Security": "max-age=31536000; includeSubDomains; preload",
        "Transfer-Encoding": "chunked",
        "X-Content-Type-Options": "nosniff",
        "x-envoy-upstream-service-time": "16",
        "x-ms-region": "East US"
      },
      "ResponseBody": {
        "operationId": "31478905217_3c5913df-a1ae-4a50-8ecc-630d34ec9450",
        "kind": "documentClassifierBuild",
        "status": "running",
        "createdDateTime": "2023-06-22T19:39:43Z",
        "lastUpdatedDateTime": "2023-06-22T19:39:52Z",
        "resourceLocation": "https://camaiaor-formrec-eastus.cognitiveservices.azure.com/formrecognizer/documentClassifiers/777872742?api-version=2023-02-28-preview"
      }
    },
    {
      "RequestUri": "https://camaiaor-formrec-eastus.cognitiveservices.azure.com/formrecognizer/operations/31478905217_3c5913df-a1ae-4a50-8ecc-630d34ec9450?api-version=2023-02-28-preview",
      "RequestMethod": "GET",
      "RequestHeaders": {
        "Accept": "application/json",
        "Ocp-Apim-Subscription-Key": "Sanitized",
        "traceparent": "00-02d76e90af1447e9a7fb265391d6c6e8-2aa9360479486abb-00",
        "User-Agent": "azsdk-net-AI.FormRecognizer/4.1.0-alpha.20230622.1 (.NET 7.0.7; Microsoft Windows 10.0.22621)",
        "x-ms-client-request-id": "6af579b04bbf0ed2a062ed1e255005a6",
        "x-ms-return-client-request-id": "true"
      },
      "RequestBody": null,
      "StatusCode": 200,
      "ResponseHeaders": {
        "apim-request-id": "3b181e51-9aba-48fd-b6bf-a2816888746f",
        "Content-Type": "application/json; charset=utf-8",
        "Date": "Thu, 22 Jun 2023 19:40:35 GMT",
        "Strict-Transport-Security": "max-age=31536000; includeSubDomains; preload",
        "Transfer-Encoding": "chunked",
        "X-Content-Type-Options": "nosniff",
        "x-envoy-upstream-service-time": "11",
        "x-ms-region": "East US"
      },
      "ResponseBody": {
        "operationId": "31478905217_3c5913df-a1ae-4a50-8ecc-630d34ec9450",
        "kind": "documentClassifierBuild",
        "status": "running",
        "createdDateTime": "2023-06-22T19:39:43Z",
        "lastUpdatedDateTime": "2023-06-22T19:39:52Z",
        "resourceLocation": "https://camaiaor-formrec-eastus.cognitiveservices.azure.com/formrecognizer/documentClassifiers/777872742?api-version=2023-02-28-preview"
      }
    },
    {
      "RequestUri": "https://camaiaor-formrec-eastus.cognitiveservices.azure.com/formrecognizer/operations/31478905217_3c5913df-a1ae-4a50-8ecc-630d34ec9450?api-version=2023-02-28-preview",
      "RequestMethod": "GET",
      "RequestHeaders": {
        "Accept": "application/json",
        "Ocp-Apim-Subscription-Key": "Sanitized",
        "traceparent": "00-02d76e90af1447e9a7fb265391d6c6e8-27b429619417e05d-00",
        "User-Agent": "azsdk-net-AI.FormRecognizer/4.1.0-alpha.20230622.1 (.NET 7.0.7; Microsoft Windows 10.0.22621)",
        "x-ms-client-request-id": "c4492e2db78223322d433974620c8631",
        "x-ms-return-client-request-id": "true"
      },
      "RequestBody": null,
      "StatusCode": 200,
      "ResponseHeaders": {
        "apim-request-id": "a5e50004-f2b0-4e6e-86f4-635148b7054d",
        "Content-Type": "application/json; charset=utf-8",
        "Date": "Thu, 22 Jun 2023 19:40:36 GMT",
        "Strict-Transport-Security": "max-age=31536000; includeSubDomains; preload",
        "Transfer-Encoding": "chunked",
        "X-Content-Type-Options": "nosniff",
        "x-envoy-upstream-service-time": "14",
        "x-ms-region": "East US"
      },
      "ResponseBody": {
        "operationId": "31478905217_3c5913df-a1ae-4a50-8ecc-630d34ec9450",
        "kind": "documentClassifierBuild",
        "status": "running",
        "createdDateTime": "2023-06-22T19:39:43Z",
        "lastUpdatedDateTime": "2023-06-22T19:39:52Z",
        "resourceLocation": "https://camaiaor-formrec-eastus.cognitiveservices.azure.com/formrecognizer/documentClassifiers/777872742?api-version=2023-02-28-preview"
      }
    },
    {
      "RequestUri": "https://camaiaor-formrec-eastus.cognitiveservices.azure.com/formrecognizer/operations/31478905217_3c5913df-a1ae-4a50-8ecc-630d34ec9450?api-version=2023-02-28-preview",
      "RequestMethod": "GET",
      "RequestHeaders": {
        "Accept": "application/json",
        "Ocp-Apim-Subscription-Key": "Sanitized",
        "traceparent": "00-02d76e90af1447e9a7fb265391d6c6e8-abd132dd76cbc6a1-00",
        "User-Agent": "azsdk-net-AI.FormRecognizer/4.1.0-alpha.20230622.1 (.NET 7.0.7; Microsoft Windows 10.0.22621)",
        "x-ms-client-request-id": "5577876c2b8f0fb77edf0de73a252a13",
        "x-ms-return-client-request-id": "true"
      },
      "RequestBody": null,
      "StatusCode": 200,
      "ResponseHeaders": {
        "apim-request-id": "572da45b-c747-42b6-99d4-eeb6063a84aa",
        "Content-Type": "application/json; charset=utf-8",
        "Date": "Thu, 22 Jun 2023 19:40:37 GMT",
        "Strict-Transport-Security": "max-age=31536000; includeSubDomains; preload",
        "Transfer-Encoding": "chunked",
        "X-Content-Type-Options": "nosniff",
        "x-envoy-upstream-service-time": "14",
        "x-ms-region": "East US"
      },
      "ResponseBody": {
        "operationId": "31478905217_3c5913df-a1ae-4a50-8ecc-630d34ec9450",
        "kind": "documentClassifierBuild",
        "status": "running",
        "createdDateTime": "2023-06-22T19:39:43Z",
        "lastUpdatedDateTime": "2023-06-22T19:39:52Z",
        "resourceLocation": "https://camaiaor-formrec-eastus.cognitiveservices.azure.com/formrecognizer/documentClassifiers/777872742?api-version=2023-02-28-preview"
      }
    },
    {
      "RequestUri": "https://camaiaor-formrec-eastus.cognitiveservices.azure.com/formrecognizer/operations/31478905217_3c5913df-a1ae-4a50-8ecc-630d34ec9450?api-version=2023-02-28-preview",
      "RequestMethod": "GET",
      "RequestHeaders": {
        "Accept": "application/json",
        "Ocp-Apim-Subscription-Key": "Sanitized",
        "traceparent": "00-02d76e90af1447e9a7fb265391d6c6e8-000c8495202e2b25-00",
        "User-Agent": "azsdk-net-AI.FormRecognizer/4.1.0-alpha.20230622.1 (.NET 7.0.7; Microsoft Windows 10.0.22621)",
        "x-ms-client-request-id": "694dd289f21ef92b46d13d7c125eac93",
        "x-ms-return-client-request-id": "true"
      },
      "RequestBody": null,
      "StatusCode": 200,
      "ResponseHeaders": {
        "apim-request-id": "1b80df43-3a25-42d9-9d14-c99efe65b5a6",
        "Content-Type": "application/json; charset=utf-8",
        "Date": "Thu, 22 Jun 2023 19:40:38 GMT",
        "Strict-Transport-Security": "max-age=31536000; includeSubDomains; preload",
        "Transfer-Encoding": "chunked",
        "X-Content-Type-Options": "nosniff",
        "x-envoy-upstream-service-time": "10",
        "x-ms-region": "East US"
      },
      "ResponseBody": {
        "operationId": "31478905217_3c5913df-a1ae-4a50-8ecc-630d34ec9450",
        "kind": "documentClassifierBuild",
        "status": "running",
        "createdDateTime": "2023-06-22T19:39:43Z",
        "lastUpdatedDateTime": "2023-06-22T19:39:52Z",
        "resourceLocation": "https://camaiaor-formrec-eastus.cognitiveservices.azure.com/formrecognizer/documentClassifiers/777872742?api-version=2023-02-28-preview"
      }
    },
    {
      "RequestUri": "https://camaiaor-formrec-eastus.cognitiveservices.azure.com/formrecognizer/operations/31478905217_3c5913df-a1ae-4a50-8ecc-630d34ec9450?api-version=2023-02-28-preview",
      "RequestMethod": "GET",
      "RequestHeaders": {
        "Accept": "application/json",
        "Ocp-Apim-Subscription-Key": "Sanitized",
        "traceparent": "00-02d76e90af1447e9a7fb265391d6c6e8-3e7a955828cef27b-00",
        "User-Agent": "azsdk-net-AI.FormRecognizer/4.1.0-alpha.20230622.1 (.NET 7.0.7; Microsoft Windows 10.0.22621)",
        "x-ms-client-request-id": "9db1bcdbafd80217773a46a3a94be907",
        "x-ms-return-client-request-id": "true"
      },
      "RequestBody": null,
      "StatusCode": 200,
      "ResponseHeaders": {
        "apim-request-id": "006a9f71-91eb-4cb4-bbb3-b301d50fdf1b",
        "Content-Type": "application/json; charset=utf-8",
        "Date": "Thu, 22 Jun 2023 19:40:39 GMT",
        "Strict-Transport-Security": "max-age=31536000; includeSubDomains; preload",
        "Transfer-Encoding": "chunked",
        "X-Content-Type-Options": "nosniff",
        "x-envoy-upstream-service-time": "13",
        "x-ms-region": "East US"
      },
      "ResponseBody": {
        "operationId": "31478905217_3c5913df-a1ae-4a50-8ecc-630d34ec9450",
        "kind": "documentClassifierBuild",
        "status": "running",
        "createdDateTime": "2023-06-22T19:39:43Z",
        "lastUpdatedDateTime": "2023-06-22T19:39:52Z",
        "resourceLocation": "https://camaiaor-formrec-eastus.cognitiveservices.azure.com/formrecognizer/documentClassifiers/777872742?api-version=2023-02-28-preview"
      }
    },
    {
      "RequestUri": "https://camaiaor-formrec-eastus.cognitiveservices.azure.com/formrecognizer/operations/31478905217_3c5913df-a1ae-4a50-8ecc-630d34ec9450?api-version=2023-02-28-preview",
      "RequestMethod": "GET",
      "RequestHeaders": {
        "Accept": "application/json",
        "Ocp-Apim-Subscription-Key": "Sanitized",
        "traceparent": "00-02d76e90af1447e9a7fb265391d6c6e8-03c2ed4d4d21ea0c-00",
        "User-Agent": "azsdk-net-AI.FormRecognizer/4.1.0-alpha.20230622.1 (.NET 7.0.7; Microsoft Windows 10.0.22621)",
        "x-ms-client-request-id": "8feb25181dbf79125c7e0fbded3afc20",
        "x-ms-return-client-request-id": "true"
      },
      "RequestBody": null,
      "StatusCode": 200,
      "ResponseHeaders": {
        "apim-request-id": "31dfd48c-9a76-46ff-9bf8-eef533ae9984",
        "Content-Type": "application/json; charset=utf-8",
        "Date": "Thu, 22 Jun 2023 19:40:40 GMT",
        "Strict-Transport-Security": "max-age=31536000; includeSubDomains; preload",
        "Transfer-Encoding": "chunked",
        "X-Content-Type-Options": "nosniff",
        "x-envoy-upstream-service-time": "21",
        "x-ms-region": "East US"
      },
      "ResponseBody": {
        "operationId": "31478905217_3c5913df-a1ae-4a50-8ecc-630d34ec9450",
        "kind": "documentClassifierBuild",
        "status": "running",
        "createdDateTime": "2023-06-22T19:39:43Z",
        "lastUpdatedDateTime": "2023-06-22T19:39:52Z",
        "resourceLocation": "https://camaiaor-formrec-eastus.cognitiveservices.azure.com/formrecognizer/documentClassifiers/777872742?api-version=2023-02-28-preview"
      }
    },
    {
      "RequestUri": "https://camaiaor-formrec-eastus.cognitiveservices.azure.com/formrecognizer/operations/31478905217_3c5913df-a1ae-4a50-8ecc-630d34ec9450?api-version=2023-02-28-preview",
      "RequestMethod": "GET",
      "RequestHeaders": {
        "Accept": "application/json",
        "Ocp-Apim-Subscription-Key": "Sanitized",
        "traceparent": "00-02d76e90af1447e9a7fb265391d6c6e8-7793dd202a173b64-00",
        "User-Agent": "azsdk-net-AI.FormRecognizer/4.1.0-alpha.20230622.1 (.NET 7.0.7; Microsoft Windows 10.0.22621)",
        "x-ms-client-request-id": "7d0b7a338c74d93bbb4bf1e4ac8850fb",
        "x-ms-return-client-request-id": "true"
      },
      "RequestBody": null,
      "StatusCode": 200,
      "ResponseHeaders": {
        "apim-request-id": "57776322-7e24-417c-8548-a994f9878947",
        "Content-Type": "application/json; charset=utf-8",
        "Date": "Thu, 22 Jun 2023 19:40:41 GMT",
        "Strict-Transport-Security": "max-age=31536000; includeSubDomains; preload",
        "Transfer-Encoding": "chunked",
        "X-Content-Type-Options": "nosniff",
        "x-envoy-upstream-service-time": "16",
        "x-ms-region": "East US"
      },
      "ResponseBody": {
        "operationId": "31478905217_3c5913df-a1ae-4a50-8ecc-630d34ec9450",
        "kind": "documentClassifierBuild",
        "status": "running",
        "createdDateTime": "2023-06-22T19:39:43Z",
        "lastUpdatedDateTime": "2023-06-22T19:39:52Z",
        "resourceLocation": "https://camaiaor-formrec-eastus.cognitiveservices.azure.com/formrecognizer/documentClassifiers/777872742?api-version=2023-02-28-preview"
      }
    },
    {
      "RequestUri": "https://camaiaor-formrec-eastus.cognitiveservices.azure.com/formrecognizer/operations/31478905217_3c5913df-a1ae-4a50-8ecc-630d34ec9450?api-version=2023-02-28-preview",
      "RequestMethod": "GET",
      "RequestHeaders": {
        "Accept": "application/json",
        "Ocp-Apim-Subscription-Key": "Sanitized",
        "traceparent": "00-02d76e90af1447e9a7fb265391d6c6e8-ad344d3b17e92525-00",
        "User-Agent": "azsdk-net-AI.FormRecognizer/4.1.0-alpha.20230622.1 (.NET 7.0.7; Microsoft Windows 10.0.22621)",
        "x-ms-client-request-id": "ed6336e81c73bed4aa37415aa05a153c",
        "x-ms-return-client-request-id": "true"
      },
      "RequestBody": null,
      "StatusCode": 200,
      "ResponseHeaders": {
        "apim-request-id": "18576bb3-30e7-4287-bbe0-a6df66612558",
        "Content-Type": "application/json; charset=utf-8",
        "Date": "Thu, 22 Jun 2023 19:40:42 GMT",
        "Strict-Transport-Security": "max-age=31536000; includeSubDomains; preload",
        "Transfer-Encoding": "chunked",
        "X-Content-Type-Options": "nosniff",
        "x-envoy-upstream-service-time": "16",
        "x-ms-region": "East US"
      },
      "ResponseBody": {
        "operationId": "31478905217_3c5913df-a1ae-4a50-8ecc-630d34ec9450",
        "kind": "documentClassifierBuild",
        "status": "running",
        "createdDateTime": "2023-06-22T19:39:43Z",
        "lastUpdatedDateTime": "2023-06-22T19:39:52Z",
        "resourceLocation": "https://camaiaor-formrec-eastus.cognitiveservices.azure.com/formrecognizer/documentClassifiers/777872742?api-version=2023-02-28-preview"
      }
    },
    {
      "RequestUri": "https://camaiaor-formrec-eastus.cognitiveservices.azure.com/formrecognizer/operations/31478905217_3c5913df-a1ae-4a50-8ecc-630d34ec9450?api-version=2023-02-28-preview",
      "RequestMethod": "GET",
      "RequestHeaders": {
        "Accept": "application/json",
        "Ocp-Apim-Subscription-Key": "Sanitized",
        "traceparent": "00-02d76e90af1447e9a7fb265391d6c6e8-349d698f9e2ff16e-00",
        "User-Agent": "azsdk-net-AI.FormRecognizer/4.1.0-alpha.20230622.1 (.NET 7.0.7; Microsoft Windows 10.0.22621)",
        "x-ms-client-request-id": "2e70253d6c3f8c92ea11d4732b2ecdd4",
        "x-ms-return-client-request-id": "true"
      },
      "RequestBody": null,
      "StatusCode": 200,
      "ResponseHeaders": {
        "apim-request-id": "9dbd9f76-7588-423e-9790-a622b215a6d2",
        "Content-Type": "application/json; charset=utf-8",
        "Date": "Thu, 22 Jun 2023 19:40:43 GMT",
        "Strict-Transport-Security": "max-age=31536000; includeSubDomains; preload",
        "Transfer-Encoding": "chunked",
        "X-Content-Type-Options": "nosniff",
        "x-envoy-upstream-service-time": "16",
        "x-ms-region": "East US"
      },
      "ResponseBody": {
        "operationId": "31478905217_3c5913df-a1ae-4a50-8ecc-630d34ec9450",
        "kind": "documentClassifierBuild",
        "status": "running",
        "createdDateTime": "2023-06-22T19:39:43Z",
        "lastUpdatedDateTime": "2023-06-22T19:39:52Z",
        "resourceLocation": "https://camaiaor-formrec-eastus.cognitiveservices.azure.com/formrecognizer/documentClassifiers/777872742?api-version=2023-02-28-preview"
      }
    },
    {
      "RequestUri": "https://camaiaor-formrec-eastus.cognitiveservices.azure.com/formrecognizer/operations/31478905217_3c5913df-a1ae-4a50-8ecc-630d34ec9450?api-version=2023-02-28-preview",
      "RequestMethod": "GET",
      "RequestHeaders": {
        "Accept": "application/json",
        "Ocp-Apim-Subscription-Key": "Sanitized",
        "traceparent": "00-02d76e90af1447e9a7fb265391d6c6e8-77ca5bcf3af14365-00",
        "User-Agent": "azsdk-net-AI.FormRecognizer/4.1.0-alpha.20230622.1 (.NET 7.0.7; Microsoft Windows 10.0.22621)",
        "x-ms-client-request-id": "b6d5132e0fd716aca54dd33c4be13861",
        "x-ms-return-client-request-id": "true"
      },
      "RequestBody": null,
      "StatusCode": 200,
      "ResponseHeaders": {
        "apim-request-id": "43cd6cd8-7d6b-4cf4-b9d0-fabf6120be12",
        "Content-Type": "application/json; charset=utf-8",
        "Date": "Thu, 22 Jun 2023 19:40:45 GMT",
        "Strict-Transport-Security": "max-age=31536000; includeSubDomains; preload",
        "Transfer-Encoding": "chunked",
        "X-Content-Type-Options": "nosniff",
        "x-envoy-upstream-service-time": "15",
        "x-ms-region": "East US"
      },
      "ResponseBody": {
        "operationId": "31478905217_3c5913df-a1ae-4a50-8ecc-630d34ec9450",
        "kind": "documentClassifierBuild",
        "status": "running",
        "createdDateTime": "2023-06-22T19:39:43Z",
        "lastUpdatedDateTime": "2023-06-22T19:39:52Z",
        "resourceLocation": "https://camaiaor-formrec-eastus.cognitiveservices.azure.com/formrecognizer/documentClassifiers/777872742?api-version=2023-02-28-preview"
      }
    },
    {
      "RequestUri": "https://camaiaor-formrec-eastus.cognitiveservices.azure.com/formrecognizer/operations/31478905217_3c5913df-a1ae-4a50-8ecc-630d34ec9450?api-version=2023-02-28-preview",
      "RequestMethod": "GET",
      "RequestHeaders": {
        "Accept": "application/json",
        "Ocp-Apim-Subscription-Key": "Sanitized",
        "traceparent": "00-02d76e90af1447e9a7fb265391d6c6e8-c56f84d7adcdd9bc-00",
        "User-Agent": "azsdk-net-AI.FormRecognizer/4.1.0-alpha.20230622.1 (.NET 7.0.7; Microsoft Windows 10.0.22621)",
        "x-ms-client-request-id": "86a6b43621177bbca3d602614861937b",
        "x-ms-return-client-request-id": "true"
      },
      "RequestBody": null,
      "StatusCode": 200,
      "ResponseHeaders": {
        "apim-request-id": "b1ec6741-fd9a-4943-9cb8-1a8f20772ed5",
        "Content-Type": "application/json; charset=utf-8",
        "Date": "Thu, 22 Jun 2023 19:40:46 GMT",
        "Strict-Transport-Security": "max-age=31536000; includeSubDomains; preload",
        "Transfer-Encoding": "chunked",
        "X-Content-Type-Options": "nosniff",
        "x-envoy-upstream-service-time": "17",
        "x-ms-region": "East US"
      },
      "ResponseBody": {
        "operationId": "31478905217_3c5913df-a1ae-4a50-8ecc-630d34ec9450",
        "kind": "documentClassifierBuild",
        "status": "running",
        "createdDateTime": "2023-06-22T19:39:43Z",
        "lastUpdatedDateTime": "2023-06-22T19:39:52Z",
        "resourceLocation": "https://camaiaor-formrec-eastus.cognitiveservices.azure.com/formrecognizer/documentClassifiers/777872742?api-version=2023-02-28-preview"
      }
    },
    {
      "RequestUri": "https://camaiaor-formrec-eastus.cognitiveservices.azure.com/formrecognizer/operations/31478905217_3c5913df-a1ae-4a50-8ecc-630d34ec9450?api-version=2023-02-28-preview",
      "RequestMethod": "GET",
      "RequestHeaders": {
        "Accept": "application/json",
        "Ocp-Apim-Subscription-Key": "Sanitized",
        "traceparent": "00-02d76e90af1447e9a7fb265391d6c6e8-f60e2e81e02b6e22-00",
        "User-Agent": "azsdk-net-AI.FormRecognizer/4.1.0-alpha.20230622.1 (.NET 7.0.7; Microsoft Windows 10.0.22621)",
        "x-ms-client-request-id": "8d2b6d6a5e842e65785988f299564109",
        "x-ms-return-client-request-id": "true"
      },
      "RequestBody": null,
      "StatusCode": 200,
      "ResponseHeaders": {
        "apim-request-id": "40a375aa-4c1b-4e11-a6e8-679d1abe1441",
        "Content-Type": "application/json; charset=utf-8",
        "Date": "Thu, 22 Jun 2023 19:40:47 GMT",
        "Strict-Transport-Security": "max-age=31536000; includeSubDomains; preload",
        "Transfer-Encoding": "chunked",
        "X-Content-Type-Options": "nosniff",
        "x-envoy-upstream-service-time": "11",
        "x-ms-region": "East US"
      },
      "ResponseBody": {
        "operationId": "31478905217_3c5913df-a1ae-4a50-8ecc-630d34ec9450",
        "kind": "documentClassifierBuild",
        "status": "running",
        "createdDateTime": "2023-06-22T19:39:43Z",
        "lastUpdatedDateTime": "2023-06-22T19:39:52Z",
        "resourceLocation": "https://camaiaor-formrec-eastus.cognitiveservices.azure.com/formrecognizer/documentClassifiers/777872742?api-version=2023-02-28-preview"
      }
    },
    {
      "RequestUri": "https://camaiaor-formrec-eastus.cognitiveservices.azure.com/formrecognizer/operations/31478905217_3c5913df-a1ae-4a50-8ecc-630d34ec9450?api-version=2023-02-28-preview",
      "RequestMethod": "GET",
      "RequestHeaders": {
        "Accept": "application/json",
        "Ocp-Apim-Subscription-Key": "Sanitized",
        "traceparent": "00-02d76e90af1447e9a7fb265391d6c6e8-57ad4faf3e8a0a0d-00",
        "User-Agent": "azsdk-net-AI.FormRecognizer/4.1.0-alpha.20230622.1 (.NET 7.0.7; Microsoft Windows 10.0.22621)",
        "x-ms-client-request-id": "763c73d946880dbc575912000c4bce44",
        "x-ms-return-client-request-id": "true"
      },
      "RequestBody": null,
      "StatusCode": 200,
      "ResponseHeaders": {
        "apim-request-id": "fdd711af-c3d5-44e1-a78c-a89a663f4a37",
        "Content-Type": "application/json; charset=utf-8",
        "Date": "Thu, 22 Jun 2023 19:40:48 GMT",
        "Strict-Transport-Security": "max-age=31536000; includeSubDomains; preload",
        "Transfer-Encoding": "chunked",
        "X-Content-Type-Options": "nosniff",
        "x-envoy-upstream-service-time": "16",
        "x-ms-region": "East US"
      },
      "ResponseBody": {
        "operationId": "31478905217_3c5913df-a1ae-4a50-8ecc-630d34ec9450",
        "kind": "documentClassifierBuild",
        "status": "running",
        "createdDateTime": "2023-06-22T19:39:43Z",
        "lastUpdatedDateTime": "2023-06-22T19:39:52Z",
        "resourceLocation": "https://camaiaor-formrec-eastus.cognitiveservices.azure.com/formrecognizer/documentClassifiers/777872742?api-version=2023-02-28-preview"
      }
    },
    {
      "RequestUri": "https://camaiaor-formrec-eastus.cognitiveservices.azure.com/formrecognizer/operations/31478905217_3c5913df-a1ae-4a50-8ecc-630d34ec9450?api-version=2023-02-28-preview",
      "RequestMethod": "GET",
      "RequestHeaders": {
        "Accept": "application/json",
        "Ocp-Apim-Subscription-Key": "Sanitized",
        "traceparent": "00-02d76e90af1447e9a7fb265391d6c6e8-36787535089d4337-00",
        "User-Agent": "azsdk-net-AI.FormRecognizer/4.1.0-alpha.20230622.1 (.NET 7.0.7; Microsoft Windows 10.0.22621)",
        "x-ms-client-request-id": "ddd257baabb5d7dc4f770ebd98cae24d",
        "x-ms-return-client-request-id": "true"
      },
      "RequestBody": null,
      "StatusCode": 200,
      "ResponseHeaders": {
        "apim-request-id": "41035a00-a7d5-4043-ae07-536a1b64d768",
        "Content-Type": "application/json; charset=utf-8",
        "Date": "Thu, 22 Jun 2023 19:40:49 GMT",
        "Strict-Transport-Security": "max-age=31536000; includeSubDomains; preload",
        "Transfer-Encoding": "chunked",
        "X-Content-Type-Options": "nosniff",
        "x-envoy-upstream-service-time": "15",
        "x-ms-region": "East US"
      },
      "ResponseBody": {
        "operationId": "31478905217_3c5913df-a1ae-4a50-8ecc-630d34ec9450",
        "kind": "documentClassifierBuild",
        "status": "running",
        "createdDateTime": "2023-06-22T19:39:43Z",
        "lastUpdatedDateTime": "2023-06-22T19:39:52Z",
        "resourceLocation": "https://camaiaor-formrec-eastus.cognitiveservices.azure.com/formrecognizer/documentClassifiers/777872742?api-version=2023-02-28-preview"
      }
    },
    {
      "RequestUri": "https://camaiaor-formrec-eastus.cognitiveservices.azure.com/formrecognizer/operations/31478905217_3c5913df-a1ae-4a50-8ecc-630d34ec9450?api-version=2023-02-28-preview",
      "RequestMethod": "GET",
      "RequestHeaders": {
        "Accept": "application/json",
        "Ocp-Apim-Subscription-Key": "Sanitized",
        "traceparent": "00-02d76e90af1447e9a7fb265391d6c6e8-47994d78b0291b65-00",
        "User-Agent": "azsdk-net-AI.FormRecognizer/4.1.0-alpha.20230622.1 (.NET 7.0.7; Microsoft Windows 10.0.22621)",
        "x-ms-client-request-id": "d488f9951c2424f3b11e362b4b65222d",
        "x-ms-return-client-request-id": "true"
      },
      "RequestBody": null,
      "StatusCode": 200,
      "ResponseHeaders": {
        "apim-request-id": "439b10c9-ba23-4994-b42d-fb95844dd952",
        "Content-Type": "application/json; charset=utf-8",
        "Date": "Thu, 22 Jun 2023 19:40:50 GMT",
        "Strict-Transport-Security": "max-age=31536000; includeSubDomains; preload",
        "Transfer-Encoding": "chunked",
        "X-Content-Type-Options": "nosniff",
        "x-envoy-upstream-service-time": "16",
        "x-ms-region": "East US"
      },
      "ResponseBody": {
        "operationId": "31478905217_3c5913df-a1ae-4a50-8ecc-630d34ec9450",
        "kind": "documentClassifierBuild",
        "status": "running",
        "createdDateTime": "2023-06-22T19:39:43Z",
        "lastUpdatedDateTime": "2023-06-22T19:39:52Z",
        "resourceLocation": "https://camaiaor-formrec-eastus.cognitiveservices.azure.com/formrecognizer/documentClassifiers/777872742?api-version=2023-02-28-preview"
      }
    },
    {
      "RequestUri": "https://camaiaor-formrec-eastus.cognitiveservices.azure.com/formrecognizer/operations/31478905217_3c5913df-a1ae-4a50-8ecc-630d34ec9450?api-version=2023-02-28-preview",
      "RequestMethod": "GET",
      "RequestHeaders": {
        "Accept": "application/json",
        "Ocp-Apim-Subscription-Key": "Sanitized",
        "traceparent": "00-02d76e90af1447e9a7fb265391d6c6e8-0bd1e595a90bc8f4-00",
        "User-Agent": "azsdk-net-AI.FormRecognizer/4.1.0-alpha.20230622.1 (.NET 7.0.7; Microsoft Windows 10.0.22621)",
        "x-ms-client-request-id": "4137438b63832e539765261037fe748c",
        "x-ms-return-client-request-id": "true"
      },
      "RequestBody": null,
      "StatusCode": 200,
      "ResponseHeaders": {
        "apim-request-id": "aebdf3b8-ce43-473e-bd18-ee0f28ae243d",
        "Content-Type": "application/json; charset=utf-8",
        "Date": "Thu, 22 Jun 2023 19:40:51 GMT",
        "Strict-Transport-Security": "max-age=31536000; includeSubDomains; preload",
        "Transfer-Encoding": "chunked",
        "X-Content-Type-Options": "nosniff",
        "x-envoy-upstream-service-time": "80",
        "x-ms-region": "East US"
      },
      "ResponseBody": {
        "operationId": "31478905217_3c5913df-a1ae-4a50-8ecc-630d34ec9450",
        "kind": "documentClassifierBuild",
        "status": "running",
        "createdDateTime": "2023-06-22T19:39:43Z",
        "lastUpdatedDateTime": "2023-06-22T19:39:52Z",
        "resourceLocation": "https://camaiaor-formrec-eastus.cognitiveservices.azure.com/formrecognizer/documentClassifiers/777872742?api-version=2023-02-28-preview"
      }
    },
    {
      "RequestUri": "https://camaiaor-formrec-eastus.cognitiveservices.azure.com/formrecognizer/operations/31478905217_3c5913df-a1ae-4a50-8ecc-630d34ec9450?api-version=2023-02-28-preview",
      "RequestMethod": "GET",
      "RequestHeaders": {
        "Accept": "application/json",
        "Ocp-Apim-Subscription-Key": "Sanitized",
        "traceparent": "00-02d76e90af1447e9a7fb265391d6c6e8-0ada11fc561dea08-00",
        "User-Agent": "azsdk-net-AI.FormRecognizer/4.1.0-alpha.20230622.1 (.NET 7.0.7; Microsoft Windows 10.0.22621)",
        "x-ms-client-request-id": "126ac576f9c39d2063ad2c9774b08cea",
        "x-ms-return-client-request-id": "true"
      },
      "RequestBody": null,
      "StatusCode": 200,
      "ResponseHeaders": {
        "apim-request-id": "62256bfd-2d4c-4d3e-a25d-fdd13c553edc",
        "Content-Type": "application/json; charset=utf-8",
        "Date": "Thu, 22 Jun 2023 19:40:52 GMT",
        "Strict-Transport-Security": "max-age=31536000; includeSubDomains; preload",
        "Transfer-Encoding": "chunked",
        "X-Content-Type-Options": "nosniff",
        "x-envoy-upstream-service-time": "14",
        "x-ms-region": "East US"
      },
      "ResponseBody": {
        "operationId": "31478905217_3c5913df-a1ae-4a50-8ecc-630d34ec9450",
        "kind": "documentClassifierBuild",
        "status": "running",
        "createdDateTime": "2023-06-22T19:39:43Z",
        "lastUpdatedDateTime": "2023-06-22T19:39:52Z",
        "resourceLocation": "https://camaiaor-formrec-eastus.cognitiveservices.azure.com/formrecognizer/documentClassifiers/777872742?api-version=2023-02-28-preview"
      }
    },
    {
      "RequestUri": "https://camaiaor-formrec-eastus.cognitiveservices.azure.com/formrecognizer/operations/31478905217_3c5913df-a1ae-4a50-8ecc-630d34ec9450?api-version=2023-02-28-preview",
      "RequestMethod": "GET",
      "RequestHeaders": {
        "Accept": "application/json",
        "Ocp-Apim-Subscription-Key": "Sanitized",
        "traceparent": "00-02d76e90af1447e9a7fb265391d6c6e8-d9ecbd51aabfe2f5-00",
        "User-Agent": "azsdk-net-AI.FormRecognizer/4.1.0-alpha.20230622.1 (.NET 7.0.7; Microsoft Windows 10.0.22621)",
        "x-ms-client-request-id": "5432e055a19232caa55a3dbff5e2ecb2",
        "x-ms-return-client-request-id": "true"
      },
      "RequestBody": null,
      "StatusCode": 200,
      "ResponseHeaders": {
        "apim-request-id": "c995ea5a-08d9-4051-a071-910fea7c3cf3",
        "Content-Type": "application/json; charset=utf-8",
        "Date": "Thu, 22 Jun 2023 19:40:54 GMT",
        "Strict-Transport-Security": "max-age=31536000; includeSubDomains; preload",
        "Transfer-Encoding": "chunked",
        "X-Content-Type-Options": "nosniff",
        "x-envoy-upstream-service-time": "15",
        "x-ms-region": "East US"
      },
      "ResponseBody": {
        "operationId": "31478905217_3c5913df-a1ae-4a50-8ecc-630d34ec9450",
        "kind": "documentClassifierBuild",
        "status": "running",
        "createdDateTime": "2023-06-22T19:39:43Z",
        "lastUpdatedDateTime": "2023-06-22T19:39:52Z",
        "resourceLocation": "https://camaiaor-formrec-eastus.cognitiveservices.azure.com/formrecognizer/documentClassifiers/777872742?api-version=2023-02-28-preview"
      }
    },
    {
      "RequestUri": "https://camaiaor-formrec-eastus.cognitiveservices.azure.com/formrecognizer/operations/31478905217_3c5913df-a1ae-4a50-8ecc-630d34ec9450?api-version=2023-02-28-preview",
      "RequestMethod": "GET",
      "RequestHeaders": {
        "Accept": "application/json",
        "Ocp-Apim-Subscription-Key": "Sanitized",
        "traceparent": "00-02d76e90af1447e9a7fb265391d6c6e8-269fa2eb4a5deb89-00",
        "User-Agent": "azsdk-net-AI.FormRecognizer/4.1.0-alpha.20230622.1 (.NET 7.0.7; Microsoft Windows 10.0.22621)",
        "x-ms-client-request-id": "86b5a9a90ffa926a239addd536bcb9e6",
        "x-ms-return-client-request-id": "true"
      },
      "RequestBody": null,
      "StatusCode": 200,
      "ResponseHeaders": {
        "apim-request-id": "7f03ad6a-faa6-435d-8070-be908a78a717",
        "Content-Type": "application/json; charset=utf-8",
        "Date": "Thu, 22 Jun 2023 19:40:55 GMT",
        "Strict-Transport-Security": "max-age=31536000; includeSubDomains; preload",
        "Transfer-Encoding": "chunked",
        "X-Content-Type-Options": "nosniff",
        "x-envoy-upstream-service-time": "12",
        "x-ms-region": "East US"
      },
      "ResponseBody": {
        "operationId": "31478905217_3c5913df-a1ae-4a50-8ecc-630d34ec9450",
        "kind": "documentClassifierBuild",
        "status": "running",
        "createdDateTime": "2023-06-22T19:39:43Z",
        "lastUpdatedDateTime": "2023-06-22T19:39:52Z",
        "resourceLocation": "https://camaiaor-formrec-eastus.cognitiveservices.azure.com/formrecognizer/documentClassifiers/777872742?api-version=2023-02-28-preview"
      }
    },
    {
      "RequestUri": "https://camaiaor-formrec-eastus.cognitiveservices.azure.com/formrecognizer/operations/31478905217_3c5913df-a1ae-4a50-8ecc-630d34ec9450?api-version=2023-02-28-preview",
      "RequestMethod": "GET",
      "RequestHeaders": {
        "Accept": "application/json",
        "Ocp-Apim-Subscription-Key": "Sanitized",
        "traceparent": "00-02d76e90af1447e9a7fb265391d6c6e8-a51e7e49941707b5-00",
        "User-Agent": "azsdk-net-AI.FormRecognizer/4.1.0-alpha.20230622.1 (.NET 7.0.7; Microsoft Windows 10.0.22621)",
        "x-ms-client-request-id": "57bb3cd81fccd5fafa386c69bb61a780",
        "x-ms-return-client-request-id": "true"
      },
      "RequestBody": null,
      "StatusCode": 200,
      "ResponseHeaders": {
        "apim-request-id": "9afb0e3c-b31c-4b57-82d3-c974e6c54a14",
        "Content-Type": "application/json; charset=utf-8",
        "Date": "Thu, 22 Jun 2023 19:40:56 GMT",
        "Strict-Transport-Security": "max-age=31536000; includeSubDomains; preload",
        "Transfer-Encoding": "chunked",
        "X-Content-Type-Options": "nosniff",
        "x-envoy-upstream-service-time": "14",
        "x-ms-region": "East US"
      },
      "ResponseBody": {
        "operationId": "31478905217_3c5913df-a1ae-4a50-8ecc-630d34ec9450",
        "kind": "documentClassifierBuild",
        "status": "running",
        "createdDateTime": "2023-06-22T19:39:43Z",
        "lastUpdatedDateTime": "2023-06-22T19:39:52Z",
        "resourceLocation": "https://camaiaor-formrec-eastus.cognitiveservices.azure.com/formrecognizer/documentClassifiers/777872742?api-version=2023-02-28-preview"
      }
    },
    {
      "RequestUri": "https://camaiaor-formrec-eastus.cognitiveservices.azure.com/formrecognizer/operations/31478905217_3c5913df-a1ae-4a50-8ecc-630d34ec9450?api-version=2023-02-28-preview",
      "RequestMethod": "GET",
      "RequestHeaders": {
        "Accept": "application/json",
        "Ocp-Apim-Subscription-Key": "Sanitized",
        "traceparent": "00-02d76e90af1447e9a7fb265391d6c6e8-58b736f8a9c78742-00",
        "User-Agent": "azsdk-net-AI.FormRecognizer/4.1.0-alpha.20230622.1 (.NET 7.0.7; Microsoft Windows 10.0.22621)",
        "x-ms-client-request-id": "cbed7ac105fb45ef769f31f7c3f4fce9",
        "x-ms-return-client-request-id": "true"
      },
      "RequestBody": null,
      "StatusCode": 200,
      "ResponseHeaders": {
        "apim-request-id": "25ce77dd-1bdd-4a5c-8e24-e96d398dc8bb",
        "Content-Type": "application/json; charset=utf-8",
        "Date": "Thu, 22 Jun 2023 19:40:57 GMT",
        "Strict-Transport-Security": "max-age=31536000; includeSubDomains; preload",
        "Transfer-Encoding": "chunked",
        "X-Content-Type-Options": "nosniff",
        "x-envoy-upstream-service-time": "16",
        "x-ms-region": "East US"
      },
      "ResponseBody": {
        "operationId": "31478905217_3c5913df-a1ae-4a50-8ecc-630d34ec9450",
        "kind": "documentClassifierBuild",
        "status": "succeeded",
        "createdDateTime": "2023-06-22T19:39:43Z",
        "lastUpdatedDateTime": "2023-06-22T19:40:57Z",
        "resourceLocation": "https://camaiaor-formrec-eastus.cognitiveservices.azure.com/formrecognizer/documentClassifiers/777872742?api-version=2023-02-28-preview",
        "percentCompleted": 100,
        "result": {
          "classifierId": "777872742",
          "createdDateTime": "2023-06-22T19:40:57Z",
          "expirationDateTime": "2025-06-21T19:40:57Z",
          "apiVersion": "2023-02-28-preview",
          "docTypes": {
            "IRS-1040-A": {
              "azureBlobSource": {
                "containerUrl": "https://sanitized.blob.core.windows.net",
                "prefix": "IRS-1040-A/train"
              }
            },
            "IRS-1040-B": {
              "azureBlobSource": {
                "containerUrl": "https://sanitized.blob.core.windows.net",
                "prefix": "IRS-1040-B/train"
              }
            },
            "IRS-1040-C": {
              "azureBlobSource": {
                "containerUrl": "https://sanitized.blob.core.windows.net",
                "prefix": "IRS-1040-C/train"
              }
            },
            "IRS-1040-D": {
              "azureBlobSource": {
                "containerUrl": "https://sanitized.blob.core.windows.net",
                "prefix": "IRS-1040-D/train"
              }
            },
            "IRS-1040-E": {
              "azureBlobSource": {
                "containerUrl": "https://sanitized.blob.core.windows.net",
                "prefix": "IRS-1040-E/train"
              }
            }
          }
        }
      }
    },
    {
      "RequestUri": "https://camaiaor-formrec-eastus.cognitiveservices.azure.com/formrecognizer/documentClassifiers/777872742:analyze?stringIndexType=utf16CodeUnit\u0026api-version=2023-02-28-preview",
      "RequestMethod": "POST",
      "RequestHeaders": {
        "Accept": "application/json",
        "Authorization": "Sanitized",
        "Content-Length": "175340",
        "Content-Type": "application/octet-stream",
        "traceparent": "00-e89f42beaceaa08dae3d92fe02ffe08c-47682b48fbb32224-00",
        "User-Agent": "azsdk-net-AI.FormRecognizer/4.1.0-alpha.20230622.1 (.NET 7.0.7; Microsoft Windows 10.0.22621)",
        "x-ms-client-request-id": "b9e656a095278ae6afe08bc2a200d6c1",
        "x-ms-return-client-request-id": "true"
      },
      "RequestBody": null,
      "StatusCode": 202,
      "ResponseHeaders": {
        "apim-request-id": "b3dac5d3-79df-4e19-afb0-4177100af973",
        "Content-Length": "0",
        "Date": "Thu, 22 Jun 2023 19:40:59 GMT",
        "Operation-Location": "https://camaiaor-formrec-eastus.cognitiveservices.azure.com/formrecognizer/documentClassifiers/777872742/analyzeResults/b3dac5d3-79df-4e19-afb0-4177100af973?api-version=2023-02-28-preview",
        "Strict-Transport-Security": "max-age=31536000; includeSubDomains; preload",
        "X-Content-Type-Options": "nosniff",
        "x-envoy-upstream-service-time": "70",
        "x-ms-region": "East US"
      },
      "ResponseBody": null
    },
    {
      "RequestUri": "https://camaiaor-formrec-eastus.cognitiveservices.azure.com/formrecognizer/documentClassifiers/777872742/analyzeResults/b3dac5d3-79df-4e19-afb0-4177100af973?api-version=2023-02-28-preview",
      "RequestMethod": "GET",
      "RequestHeaders": {
        "Accept": "application/json",
        "Authorization": "Sanitized",
        "traceparent": "00-e89f42beaceaa08dae3d92fe02ffe08c-b9d073471fe15526-00",
        "User-Agent": "azsdk-net-AI.FormRecognizer/4.1.0-alpha.20230622.1 (.NET 7.0.7; Microsoft Windows 10.0.22621)",
        "x-ms-client-request-id": "bc145df3edcfd3eb4d75e02ced021206",
        "x-ms-return-client-request-id": "true"
      },
      "RequestBody": null,
      "StatusCode": 200,
      "ResponseHeaders": {
        "apim-request-id": "8a71409b-e2ce-45e4-b7f5-98009b5ab129",
        "Content-Length": "106",
        "Content-Type": "application/json; charset=utf-8",
        "Date": "Thu, 22 Jun 2023 19:40:59 GMT",
        "Strict-Transport-Security": "max-age=31536000; includeSubDomains; preload",
        "X-Content-Type-Options": "nosniff",
        "x-envoy-upstream-service-time": "21",
        "x-ms-region": "East US"
      },
      "ResponseBody": {
        "status": "running",
        "createdDateTime": "2023-06-22T19:40:59Z",
        "lastUpdatedDateTime": "2023-06-22T19:40:59Z"
      }
    },
    {
      "RequestUri": "https://camaiaor-formrec-eastus.cognitiveservices.azure.com/formrecognizer/documentClassifiers/777872742/analyzeResults/b3dac5d3-79df-4e19-afb0-4177100af973?api-version=2023-02-28-preview",
      "RequestMethod": "GET",
      "RequestHeaders": {
        "Accept": "application/json",
        "Authorization": "Sanitized",
        "traceparent": "00-e89f42beaceaa08dae3d92fe02ffe08c-56c29805dc9f22ae-00",
        "User-Agent": "azsdk-net-AI.FormRecognizer/4.1.0-alpha.20230622.1 (.NET 7.0.7; Microsoft Windows 10.0.22621)",
        "x-ms-client-request-id": "65c8833cee7b2c5993621c1a792ca376",
        "x-ms-return-client-request-id": "true"
      },
      "RequestBody": null,
      "StatusCode": 200,
      "ResponseHeaders": {
        "apim-request-id": "45019be0-465c-4fe9-b2eb-b5ad7fd8aeda",
        "Content-Length": "106",
        "Content-Type": "application/json; charset=utf-8",
        "Date": "Thu, 22 Jun 2023 19:41:00 GMT",
        "Strict-Transport-Security": "max-age=31536000; includeSubDomains; preload",
        "X-Content-Type-Options": "nosniff",
        "x-envoy-upstream-service-time": "19",
        "x-ms-region": "East US"
      },
      "ResponseBody": {
        "status": "running",
        "createdDateTime": "2023-06-22T19:40:59Z",
        "lastUpdatedDateTime": "2023-06-22T19:40:59Z"
      }
    },
    {
      "RequestUri": "https://camaiaor-formrec-eastus.cognitiveservices.azure.com/formrecognizer/documentClassifiers/777872742/analyzeResults/b3dac5d3-79df-4e19-afb0-4177100af973?api-version=2023-02-28-preview",
      "RequestMethod": "GET",
      "RequestHeaders": {
        "Accept": "application/json",
        "Authorization": "Sanitized",
        "traceparent": "00-e89f42beaceaa08dae3d92fe02ffe08c-f19e71bf002ee2c7-00",
        "User-Agent": "azsdk-net-AI.FormRecognizer/4.1.0-alpha.20230622.1 (.NET 7.0.7; Microsoft Windows 10.0.22621)",
        "x-ms-client-request-id": "660470c93fe0b3196a126bb1b4ba9cac",
        "x-ms-return-client-request-id": "true"
      },
      "RequestBody": null,
      "StatusCode": 200,
      "ResponseHeaders": {
        "apim-request-id": "8420a6a2-37ce-4983-aefd-089f1312b3d3",
        "Content-Length": "106",
        "Content-Type": "application/json; charset=utf-8",
        "Date": "Thu, 22 Jun 2023 19:41:01 GMT",
        "Strict-Transport-Security": "max-age=31536000; includeSubDomains; preload",
        "X-Content-Type-Options": "nosniff",
        "x-envoy-upstream-service-time": "22",
        "x-ms-region": "East US"
      },
      "ResponseBody": {
        "status": "running",
        "createdDateTime": "2023-06-22T19:40:59Z",
        "lastUpdatedDateTime": "2023-06-22T19:40:59Z"
      }
    },
    {
      "RequestUri": "https://camaiaor-formrec-eastus.cognitiveservices.azure.com/formrecognizer/documentClassifiers/777872742/analyzeResults/b3dac5d3-79df-4e19-afb0-4177100af973?api-version=2023-02-28-preview",
      "RequestMethod": "GET",
      "RequestHeaders": {
        "Accept": "application/json",
        "Authorization": "Sanitized",
        "traceparent": "00-e89f42beaceaa08dae3d92fe02ffe08c-fbef54ec50c5e1e9-00",
        "User-Agent": "azsdk-net-AI.FormRecognizer/4.1.0-alpha.20230622.1 (.NET 7.0.7; Microsoft Windows 10.0.22621)",
        "x-ms-client-request-id": "1e8685cd7038044503e8286cd1d05920",
        "x-ms-return-client-request-id": "true"
      },
      "RequestBody": null,
      "StatusCode": 200,
      "ResponseHeaders": {
        "apim-request-id": "c02b78ed-d2ce-4111-bf31-29e597006664",
        "Content-Length": "106",
        "Content-Type": "application/json; charset=utf-8",
        "Date": "Thu, 22 Jun 2023 19:41:02 GMT",
        "Strict-Transport-Security": "max-age=31536000; includeSubDomains; preload",
        "X-Content-Type-Options": "nosniff",
        "x-envoy-upstream-service-time": "16",
        "x-ms-region": "East US"
      },
      "ResponseBody": {
        "status": "running",
        "createdDateTime": "2023-06-22T19:40:59Z",
        "lastUpdatedDateTime": "2023-06-22T19:40:59Z"
      }
    },
    {
      "RequestUri": "https://camaiaor-formrec-eastus.cognitiveservices.azure.com/formrecognizer/documentClassifiers/777872742/analyzeResults/b3dac5d3-79df-4e19-afb0-4177100af973?api-version=2023-02-28-preview",
      "RequestMethod": "GET",
      "RequestHeaders": {
        "Accept": "application/json",
        "Authorization": "Sanitized",
        "traceparent": "00-e89f42beaceaa08dae3d92fe02ffe08c-bf701edef36a2be9-00",
        "User-Agent": "azsdk-net-AI.FormRecognizer/4.1.0-alpha.20230622.1 (.NET 7.0.7; Microsoft Windows 10.0.22621)",
        "x-ms-client-request-id": "7d626ad2acfefc266a15fa6882a777d9",
        "x-ms-return-client-request-id": "true"
      },
      "RequestBody": null,
      "StatusCode": 200,
      "ResponseHeaders": {
        "apim-request-id": "aced3baf-b48e-434d-85c1-d06fed247828",
        "Content-Length": "106",
        "Content-Type": "application/json; charset=utf-8",
        "Date": "Thu, 22 Jun 2023 19:41:03 GMT",
        "Strict-Transport-Security": "max-age=31536000; includeSubDomains; preload",
        "X-Content-Type-Options": "nosniff",
        "x-envoy-upstream-service-time": "14",
        "x-ms-region": "East US"
      },
      "ResponseBody": {
        "status": "running",
        "createdDateTime": "2023-06-22T19:40:59Z",
        "lastUpdatedDateTime": "2023-06-22T19:40:59Z"
      }
    },
    {
      "RequestUri": "https://camaiaor-formrec-eastus.cognitiveservices.azure.com/formrecognizer/documentClassifiers/777872742/analyzeResults/b3dac5d3-79df-4e19-afb0-4177100af973?api-version=2023-02-28-preview",
      "RequestMethod": "GET",
      "RequestHeaders": {
        "Accept": "application/json",
        "Authorization": "Sanitized",
        "traceparent": "00-e89f42beaceaa08dae3d92fe02ffe08c-7876b1e3b77ef6b9-00",
        "User-Agent": "azsdk-net-AI.FormRecognizer/4.1.0-alpha.20230622.1 (.NET 7.0.7; Microsoft Windows 10.0.22621)",
        "x-ms-client-request-id": "f44d70c684a5583d2aff62f716ade199",
        "x-ms-return-client-request-id": "true"
      },
      "RequestBody": null,
      "StatusCode": 200,
      "ResponseHeaders": {
        "apim-request-id": "acd7c706-8533-4338-aa21-5214571984df",
        "Content-Length": "106",
        "Content-Type": "application/json; charset=utf-8",
        "Date": "Thu, 22 Jun 2023 19:41:04 GMT",
        "Strict-Transport-Security": "max-age=31536000; includeSubDomains; preload",
        "X-Content-Type-Options": "nosniff",
        "x-envoy-upstream-service-time": "19",
        "x-ms-region": "East US"
      },
      "ResponseBody": {
        "status": "running",
        "createdDateTime": "2023-06-22T19:40:59Z",
        "lastUpdatedDateTime": "2023-06-22T19:40:59Z"
      }
    },
    {
      "RequestUri": "https://camaiaor-formrec-eastus.cognitiveservices.azure.com/formrecognizer/documentClassifiers/777872742/analyzeResults/b3dac5d3-79df-4e19-afb0-4177100af973?api-version=2023-02-28-preview",
      "RequestMethod": "GET",
      "RequestHeaders": {
        "Accept": "application/json",
        "Authorization": "Sanitized",
        "traceparent": "00-e89f42beaceaa08dae3d92fe02ffe08c-62cac6a85fa7085d-00",
        "User-Agent": "azsdk-net-AI.FormRecognizer/4.1.0-alpha.20230622.1 (.NET 7.0.7; Microsoft Windows 10.0.22621)",
        "x-ms-client-request-id": "4adf4bb81e5721ae5e8ab42276dd825c",
        "x-ms-return-client-request-id": "true"
      },
      "RequestBody": null,
      "StatusCode": 200,
      "ResponseHeaders": {
        "apim-request-id": "836097b7-2c99-4910-b55d-1496ff1a7414",
        "Content-Length": "106",
        "Content-Type": "application/json; charset=utf-8",
        "Date": "Thu, 22 Jun 2023 19:41:05 GMT",
        "Strict-Transport-Security": "max-age=31536000; includeSubDomains; preload",
        "X-Content-Type-Options": "nosniff",
        "x-envoy-upstream-service-time": "20",
        "x-ms-region": "East US"
      },
      "ResponseBody": {
        "status": "running",
        "createdDateTime": "2023-06-22T19:40:59Z",
        "lastUpdatedDateTime": "2023-06-22T19:40:59Z"
      }
    },
    {
      "RequestUri": "https://camaiaor-formrec-eastus.cognitiveservices.azure.com/formrecognizer/documentClassifiers/777872742/analyzeResults/b3dac5d3-79df-4e19-afb0-4177100af973?api-version=2023-02-28-preview",
      "RequestMethod": "GET",
      "RequestHeaders": {
        "Accept": "application/json",
        "Authorization": "Sanitized",
        "traceparent": "00-e89f42beaceaa08dae3d92fe02ffe08c-7c7d75efcaa633f8-00",
        "User-Agent": "azsdk-net-AI.FormRecognizer/4.1.0-alpha.20230622.1 (.NET 7.0.7; Microsoft Windows 10.0.22621)",
        "x-ms-client-request-id": "61a64f7165834e7a2c0a53fe492ee5bd",
        "x-ms-return-client-request-id": "true"
      },
      "RequestBody": null,
      "StatusCode": 200,
      "ResponseHeaders": {
        "apim-request-id": "3eaf27ca-79f7-4665-b2b3-40a71502dc7f",
        "Content-Length": "106",
        "Content-Type": "application/json; charset=utf-8",
        "Date": "Thu, 22 Jun 2023 19:41:07 GMT",
        "Strict-Transport-Security": "max-age=31536000; includeSubDomains; preload",
        "X-Content-Type-Options": "nosniff",
        "x-envoy-upstream-service-time": "16",
        "x-ms-region": "East US"
      },
      "ResponseBody": {
        "status": "running",
        "createdDateTime": "2023-06-22T19:40:59Z",
        "lastUpdatedDateTime": "2023-06-22T19:40:59Z"
      }
    },
    {
      "RequestUri": "https://camaiaor-formrec-eastus.cognitiveservices.azure.com/formrecognizer/documentClassifiers/777872742/analyzeResults/b3dac5d3-79df-4e19-afb0-4177100af973?api-version=2023-02-28-preview",
      "RequestMethod": "GET",
      "RequestHeaders": {
        "Accept": "application/json",
        "Authorization": "Sanitized",
        "traceparent": "00-e89f42beaceaa08dae3d92fe02ffe08c-6b526532cc19b514-00",
        "User-Agent": "azsdk-net-AI.FormRecognizer/4.1.0-alpha.20230622.1 (.NET 7.0.7; Microsoft Windows 10.0.22621)",
        "x-ms-client-request-id": "37b060332cc7a781c12b951bcf1ae24d",
        "x-ms-return-client-request-id": "true"
      },
      "RequestBody": null,
      "StatusCode": 200,
      "ResponseHeaders": {
        "apim-request-id": "9891d6ae-ad00-4c3d-bd27-bdc7feb8b5c6",
        "Content-Length": "106",
        "Content-Type": "application/json; charset=utf-8",
        "Date": "Thu, 22 Jun 2023 19:41:08 GMT",
        "Strict-Transport-Security": "max-age=31536000; includeSubDomains; preload",
        "X-Content-Type-Options": "nosniff",
        "x-envoy-upstream-service-time": "13",
        "x-ms-region": "East US"
      },
      "ResponseBody": {
        "status": "running",
        "createdDateTime": "2023-06-22T19:40:59Z",
        "lastUpdatedDateTime": "2023-06-22T19:40:59Z"
      }
    },
    {
      "RequestUri": "https://camaiaor-formrec-eastus.cognitiveservices.azure.com/formrecognizer/documentClassifiers/777872742/analyzeResults/b3dac5d3-79df-4e19-afb0-4177100af973?api-version=2023-02-28-preview",
      "RequestMethod": "GET",
      "RequestHeaders": {
        "Accept": "application/json",
        "Authorization": "Sanitized",
        "traceparent": "00-e89f42beaceaa08dae3d92fe02ffe08c-bbb246ebd5d3ced5-00",
        "User-Agent": "azsdk-net-AI.FormRecognizer/4.1.0-alpha.20230622.1 (.NET 7.0.7; Microsoft Windows 10.0.22621)",
        "x-ms-client-request-id": "c686057d80065316d0911e4dcbafd72f",
        "x-ms-return-client-request-id": "true"
      },
      "RequestBody": null,
      "StatusCode": 200,
      "ResponseHeaders": {
        "apim-request-id": "36020258-c76f-4ac8-8bb4-9fd7aac0d9d3",
        "Content-Length": "106",
        "Content-Type": "application/json; charset=utf-8",
        "Date": "Thu, 22 Jun 2023 19:41:09 GMT",
        "Strict-Transport-Security": "max-age=31536000; includeSubDomains; preload",
        "X-Content-Type-Options": "nosniff",
        "x-envoy-upstream-service-time": "15",
        "x-ms-region": "East US"
      },
      "ResponseBody": {
        "status": "running",
        "createdDateTime": "2023-06-22T19:40:59Z",
        "lastUpdatedDateTime": "2023-06-22T19:40:59Z"
      }
    },
    {
      "RequestUri": "https://camaiaor-formrec-eastus.cognitiveservices.azure.com/formrecognizer/documentClassifiers/777872742/analyzeResults/b3dac5d3-79df-4e19-afb0-4177100af973?api-version=2023-02-28-preview",
      "RequestMethod": "GET",
      "RequestHeaders": {
        "Accept": "application/json",
        "Authorization": "Sanitized",
        "traceparent": "00-e89f42beaceaa08dae3d92fe02ffe08c-68c743295bc83635-00",
        "User-Agent": "azsdk-net-AI.FormRecognizer/4.1.0-alpha.20230622.1 (.NET 7.0.7; Microsoft Windows 10.0.22621)",
        "x-ms-client-request-id": "15eff7a44a2c4494cefe9f58cf5f7e11",
        "x-ms-return-client-request-id": "true"
      },
      "RequestBody": null,
      "StatusCode": 200,
      "ResponseHeaders": {
        "apim-request-id": "305eb191-03c1-4651-ac97-54a7a19b9b68",
        "Content-Length": "106",
        "Content-Type": "application/json; charset=utf-8",
        "Date": "Thu, 22 Jun 2023 19:41:11 GMT",
        "Strict-Transport-Security": "max-age=31536000; includeSubDomains; preload",
        "X-Content-Type-Options": "nosniff",
        "x-envoy-upstream-service-time": "16",
        "x-ms-region": "East US"
      },
      "ResponseBody": {
        "status": "running",
        "createdDateTime": "2023-06-22T19:40:59Z",
        "lastUpdatedDateTime": "2023-06-22T19:40:59Z"
      }
    },
    {
      "RequestUri": "https://camaiaor-formrec-eastus.cognitiveservices.azure.com/formrecognizer/documentClassifiers/777872742/analyzeResults/b3dac5d3-79df-4e19-afb0-4177100af973?api-version=2023-02-28-preview",
      "RequestMethod": "GET",
      "RequestHeaders": {
        "Accept": "application/json",
        "Authorization": "Sanitized",
        "traceparent": "00-e89f42beaceaa08dae3d92fe02ffe08c-88debc60a20c8e42-00",
        "User-Agent": "azsdk-net-AI.FormRecognizer/4.1.0-alpha.20230622.1 (.NET 7.0.7; Microsoft Windows 10.0.22621)",
        "x-ms-client-request-id": "448006281ea7b3b64a5c66360e34dc12",
        "x-ms-return-client-request-id": "true"
      },
      "RequestBody": null,
      "StatusCode": 200,
      "ResponseHeaders": {
        "apim-request-id": "1d3e4c28-1070-4213-9f3b-6d8b92749923",
        "Content-Length": "106",
        "Content-Type": "application/json; charset=utf-8",
        "Date": "Thu, 22 Jun 2023 19:41:12 GMT",
        "Strict-Transport-Security": "max-age=31536000; includeSubDomains; preload",
        "X-Content-Type-Options": "nosniff",
        "x-envoy-upstream-service-time": "16",
        "x-ms-region": "East US"
      },
      "ResponseBody": {
        "status": "running",
        "createdDateTime": "2023-06-22T19:40:59Z",
        "lastUpdatedDateTime": "2023-06-22T19:40:59Z"
      }
    },
    {
      "RequestUri": "https://camaiaor-formrec-eastus.cognitiveservices.azure.com/formrecognizer/documentClassifiers/777872742/analyzeResults/b3dac5d3-79df-4e19-afb0-4177100af973?api-version=2023-02-28-preview",
      "RequestMethod": "GET",
      "RequestHeaders": {
        "Accept": "application/json",
        "Authorization": "Sanitized",
        "traceparent": "00-e89f42beaceaa08dae3d92fe02ffe08c-6173b9fcf17c521c-00",
        "User-Agent": "azsdk-net-AI.FormRecognizer/4.1.0-alpha.20230622.1 (.NET 7.0.7; Microsoft Windows 10.0.22621)",
        "x-ms-client-request-id": "d8766653cd2b32207142f808e0bd8471",
        "x-ms-return-client-request-id": "true"
      },
      "RequestBody": null,
      "StatusCode": 200,
      "ResponseHeaders": {
        "apim-request-id": "221e3560-2cfe-46e7-a77d-dc69e2859a11",
        "Content-Length": "106",
        "Content-Type": "application/json; charset=utf-8",
        "Date": "Thu, 22 Jun 2023 19:41:13 GMT",
        "Strict-Transport-Security": "max-age=31536000; includeSubDomains; preload",
        "X-Content-Type-Options": "nosniff",
        "x-envoy-upstream-service-time": "17",
        "x-ms-region": "East US"
      },
      "ResponseBody": {
        "status": "running",
        "createdDateTime": "2023-06-22T19:40:59Z",
        "lastUpdatedDateTime": "2023-06-22T19:40:59Z"
      }
    },
    {
      "RequestUri": "https://camaiaor-formrec-eastus.cognitiveservices.azure.com/formrecognizer/documentClassifiers/777872742/analyzeResults/b3dac5d3-79df-4e19-afb0-4177100af973?api-version=2023-02-28-preview",
      "RequestMethod": "GET",
      "RequestHeaders": {
        "Accept": "application/json",
        "Authorization": "Sanitized",
        "traceparent": "00-e89f42beaceaa08dae3d92fe02ffe08c-e401559bcb215350-00",
        "User-Agent": "azsdk-net-AI.FormRecognizer/4.1.0-alpha.20230622.1 (.NET 7.0.7; Microsoft Windows 10.0.22621)",
        "x-ms-client-request-id": "c4250c13932e8688403bcad0e35d3699",
        "x-ms-return-client-request-id": "true"
      },
      "RequestBody": null,
      "StatusCode": 200,
      "ResponseHeaders": {
        "apim-request-id": "a0f9f2a8-fb43-4edc-8743-d2aced97037d",
        "Content-Length": "106",
        "Content-Type": "application/json; charset=utf-8",
        "Date": "Thu, 22 Jun 2023 19:41:14 GMT",
        "Strict-Transport-Security": "max-age=31536000; includeSubDomains; preload",
        "X-Content-Type-Options": "nosniff",
        "x-envoy-upstream-service-time": "17",
        "x-ms-region": "East US"
      },
      "ResponseBody": {
        "status": "running",
        "createdDateTime": "2023-06-22T19:40:59Z",
        "lastUpdatedDateTime": "2023-06-22T19:40:59Z"
      }
    },
    {
      "RequestUri": "https://camaiaor-formrec-eastus.cognitiveservices.azure.com/formrecognizer/documentClassifiers/777872742/analyzeResults/b3dac5d3-79df-4e19-afb0-4177100af973?api-version=2023-02-28-preview",
      "RequestMethod": "GET",
      "RequestHeaders": {
        "Accept": "application/json",
        "Authorization": "Sanitized",
        "traceparent": "00-e89f42beaceaa08dae3d92fe02ffe08c-dceb26c623e7c2b2-00",
        "User-Agent": "azsdk-net-AI.FormRecognizer/4.1.0-alpha.20230622.1 (.NET 7.0.7; Microsoft Windows 10.0.22621)",
        "x-ms-client-request-id": "69048d22a5e85ae5e54dd26525aed28c",
        "x-ms-return-client-request-id": "true"
      },
      "RequestBody": null,
      "StatusCode": 200,
      "ResponseHeaders": {
        "apim-request-id": "4b633f57-4ecd-4373-82c9-4bab913b8615",
        "Content-Length": "1233",
        "Content-Type": "application/json; charset=utf-8",
        "Date": "Thu, 22 Jun 2023 19:41:15 GMT",
        "Strict-Transport-Security": "max-age=31536000; includeSubDomains; preload",
        "X-Content-Type-Options": "nosniff",
        "x-envoy-upstream-service-time": "112",
        "x-ms-region": "East US"
      },
      "ResponseBody": {
        "status": "succeeded",
        "createdDateTime": "2023-06-22T19:40:59Z",
        "lastUpdatedDateTime": "2023-06-22T19:41:15Z",
        "analyzeResult": {
          "apiVersion": "2023-02-28-preview",
          "modelId": "777872742",
          "stringIndexType": "utf16CodeUnit",
          "content": "",
          "pages": [
            {
              "pageNumber": 1,
              "angle": 0,
              "width": 8.5,
              "height": 11,
              "unit": "inch",
              "words": [],
              "lines": [],
              "spans": [
                {
                  "offset": 0,
                  "length": 0
                }
              ],
              "kind": "document"
            },
            {
              "pageNumber": 2,
              "angle": 0,
              "width": 8.5,
              "height": 11,
              "unit": "inch",
              "words": [],
              "lines": [],
              "spans": [
                {
                  "offset": 0,
                  "length": 0
                }
              ],
              "kind": "document"
            },
            {
              "pageNumber": 3,
              "angle": 0,
              "width": 8.5,
              "height": 11,
              "unit": "inch",
              "words": [],
              "lines": [],
              "spans": [
                {
                  "offset": 0,
                  "length": 0
                }
              ],
              "kind": "document"
            },
            {
              "pageNumber": 4,
              "angle": 0,
              "width": 8.5,
              "height": 11,
              "unit": "inch",
              "words": [],
              "lines": [],
              "spans": [
                {
                  "offset": 0,
                  "length": 0
                }
              ],
              "kind": "document"
            }
          ],
          "documents": [
            {
              "docType": "IRS-1040-A",
              "boundingRegions": [
                {
                  "pageNumber": 1,
                  "polygon": [
                    0,
                    0,
                    8.5,
                    0,
                    8.5,
                    11,
                    0,
                    11
                  ]
                },
                {
                  "pageNumber": 2,
                  "polygon": [
                    0,
                    0,
                    8.5,
                    0,
                    8.5,
                    11,
                    0,
                    11
                  ]
                }
              ],
              "fields": {},
              "confidence": 0.001,
              "spans": [
                {
                  "offset": 0,
                  "length": 0
                }
              ]
            },
            {
              "docType": "IRS-1040-C",
              "boundingRegions": [
                {
                  "pageNumber": 3,
                  "polygon": [
                    0,
                    0,
                    8.5,
                    0,
                    8.5,
                    11,
                    0,
                    11
                  ]
                },
                {
                  "pageNumber": 4,
                  "polygon": [
                    0,
                    0,
                    8.5,
                    0,
                    8.5,
                    11,
                    0,
                    11
                  ]
                }
              ],
              "fields": {},
              "confidence": 0.001,
              "spans": [
                {
                  "offset": 0,
                  "length": 0
                }
              ]
            }
          ]
        }
      }
    },
    {
      "RequestUri": "https://camaiaor-formrec-eastus.cognitiveservices.azure.com/formrecognizer/documentClassifiers/777872742?api-version=2023-02-28-preview",
      "RequestMethod": "DELETE",
      "RequestHeaders": {
        "Accept": "application/json",
        "Ocp-Apim-Subscription-Key": "Sanitized",
        "traceparent": "00-c802a1f89744e3e66f49b94dd0a13a5a-508e47c082dc8d1e-00",
        "User-Agent": "azsdk-net-AI.FormRecognizer/4.1.0-alpha.20230622.1 (.NET 7.0.7; Microsoft Windows 10.0.22621)",
        "x-ms-client-request-id": "0223f5d8170fc0e3ddf097f002504e13",
        "x-ms-return-client-request-id": "true"
      },
      "RequestBody": null,
      "StatusCode": 204,
      "ResponseHeaders": {
        "apim-request-id": "5c627c91-9827-4576-81ef-d1e9f5ad5826",
        "Content-Length": "0",
        "Date": "Thu, 22 Jun 2023 19:41:16 GMT",
        "Strict-Transport-Security": "max-age=31536000; includeSubDomains; preload",
        "X-Content-Type-Options": "nosniff",
        "x-envoy-upstream-service-time": "75",
        "x-ms-region": "East US"
      },
      "ResponseBody": null
    }
  ],
  "Variables": {
    "API_KEY": "Sanitized",
    "AZURE_AUTHORITY_HOST": "https://login.microsoftonline.com/",
    "CLASSIFIER_BLOB_CONTAINER_SAS_URL": "https://sanitized.blob.core.windows.net",
    "ENDPOINT": "https://camaiaor-formrec-eastus.cognitiveservices.azure.com/",
    "RandomSeed": "1669373005"
  }
}
