{
  "Entries": [
    {
      "RequestUri": "https://Sanitized.api.eus2.digitaltwins.azure.net/models/dtmi%3Asamples%3ADTRelationshipsTestsBuilding%3B1?api-version=2023-10-31",
      "RequestMethod": "DELETE",
      "RequestHeaders": {
        "Accept": "application/json",
        "Accept-Encoding": "gzip, deflate, br, zstd",
        "Authorization": "Sanitized",
        "Connection": "keep-alive",
        "Referer": "http://localhost:63315/",
        "sec-ch-ua": "\"Chromium\";v=\"136\", \"HeadlessChrome\";v=\"136\", \"Not.A/Brand\";v=\"99\"",
        "sec-ch-ua-mobile": "?0",
        "sec-ch-ua-platform": "\"Windows\"",
        "Sec-Fetch-Dest": "empty",
        "Sec-Fetch-Mode": "cors",
        "Sec-Fetch-Site": "same-site",
        "User-Agent": "Mozilla/5.0 (Windows NT 10.0; Win64; x64) AppleWebKit/537.36 (KHTML, like Gecko) HeadlessChrome/136.0.7103.25 Safari/537.36",
        "x-ms-client-request-id": "Sanitized",
        "x-ms-useragent": "azsdk-js-digital-twins-core/2.0.0 core-rest-pipeline/1.20.1 Chromium/136 OS/x86-Windows-19.0.0"
      },
      "RequestBody": null,
      "StatusCode": 404,
      "ResponseHeaders": {
        "Content-Length": "228",
        "Content-Type": "application/json; charset=utf-8",
        "Date": "Thu, 08 May 2025 18:51:00 GMT",
        "mise-correlation-id": "84827754-4773-4102-abf0-269189084328",
        "Strict-Transport-Security": "max-age=2592000",
        "traceresponse": "00-f5e94461551b8eeb6c9fb6c4cf78d089-e54c4872af971913-01",
        "x-ms-error-code": "ModelNotFound"
      },
      "ResponseBody": {
        "error": {
          "code": "ModelNotFound",
          "message": "There is no Model(s) available that matches the provided id(s) dtmi:samples:DTRelationshipsTestsBuilding;1. Check that the Model ID provided is valid by doing a Model_List API call."
        }
      }
    },
    {
      "RequestUri": "https://Sanitized.api.eus2.digitaltwins.azure.net/models/dtmi%3Asamples%3ADTRelationshipsTestsFloor%3B1?api-version=2023-10-31",
      "RequestMethod": "DELETE",
      "RequestHeaders": {
        "Accept": "application/json",
        "Accept-Encoding": "gzip, deflate, br, zstd",
        "Authorization": "Sanitized",
        "Connection": "keep-alive",
        "Referer": "http://localhost:63315/",
        "sec-ch-ua": "\"Chromium\";v=\"136\", \"HeadlessChrome\";v=\"136\", \"Not.A/Brand\";v=\"99\"",
        "sec-ch-ua-mobile": "?0",
        "sec-ch-ua-platform": "\"Windows\"",
        "Sec-Fetch-Dest": "empty",
        "Sec-Fetch-Mode": "cors",
        "Sec-Fetch-Site": "same-site",
        "User-Agent": "Mozilla/5.0 (Windows NT 10.0; Win64; x64) AppleWebKit/537.36 (KHTML, like Gecko) HeadlessChrome/136.0.7103.25 Safari/537.36",
        "x-ms-client-request-id": "Sanitized",
        "x-ms-useragent": "azsdk-js-digital-twins-core/2.0.0 core-rest-pipeline/1.20.1 Chromium/136 OS/x86-Windows-19.0.0"
      },
      "RequestBody": null,
      "StatusCode": 404,
      "ResponseHeaders": {
        "Content-Length": "225",
        "Content-Type": "application/json; charset=utf-8",
        "Date": "Thu, 08 May 2025 18:51:00 GMT",
        "mise-correlation-id": "ff55809d-9149-431a-b725-2c34ea9ef8ea",
        "Strict-Transport-Security": "max-age=2592000",
        "traceresponse": "00-7a58281be6d91dfc7e9e43a9f810afb3-36c5a4ef285bcefc-01",
        "x-ms-error-code": "ModelNotFound"
      },
      "ResponseBody": {
        "error": {
          "code": "ModelNotFound",
          "message": "There is no Model(s) available that matches the provided id(s) dtmi:samples:DTRelationshipsTestsFloor;1. Check that the Model ID provided is valid by doing a Model_List API call."
        }
      }
    },
    {
      "RequestUri": "https://Sanitized.api.eus2.digitaltwins.azure.net/models/dtmi%3Asamples%3ADTRelationshipsTestsRoom%3B1?api-version=2023-10-31",
      "RequestMethod": "DELETE",
      "RequestHeaders": {
        "Accept": "application/json",
        "Accept-Encoding": "gzip, deflate, br, zstd",
        "Authorization": "Sanitized",
        "Connection": "keep-alive",
        "Referer": "http://localhost:63315/",
        "sec-ch-ua": "\"Chromium\";v=\"136\", \"HeadlessChrome\";v=\"136\", \"Not.A/Brand\";v=\"99\"",
        "sec-ch-ua-mobile": "?0",
        "sec-ch-ua-platform": "\"Windows\"",
        "Sec-Fetch-Dest": "empty",
        "Sec-Fetch-Mode": "cors",
        "Sec-Fetch-Site": "same-site",
        "User-Agent": "Mozilla/5.0 (Windows NT 10.0; Win64; x64) AppleWebKit/537.36 (KHTML, like Gecko) HeadlessChrome/136.0.7103.25 Safari/537.36",
        "x-ms-client-request-id": "Sanitized",
        "x-ms-useragent": "azsdk-js-digital-twins-core/2.0.0 core-rest-pipeline/1.20.1 Chromium/136 OS/x86-Windows-19.0.0"
      },
      "RequestBody": null,
      "StatusCode": 404,
      "ResponseHeaders": {
        "Content-Length": "224",
        "Content-Type": "application/json; charset=utf-8",
        "Date": "Thu, 08 May 2025 18:51:00 GMT",
        "mise-correlation-id": "4b64eef6-917b-40af-9042-3591770f8608",
        "Strict-Transport-Security": "max-age=2592000",
        "traceresponse": "00-efb1d3f78e7cd8fcb34f28a80a683e40-2b0e3d7736111b9b-01",
        "x-ms-error-code": "ModelNotFound"
      },
      "ResponseBody": {
        "error": {
          "code": "ModelNotFound",
          "message": "There is no Model(s) available that matches the provided id(s) dtmi:samples:DTRelationshipsTestsRoom;1. Check that the Model ID provided is valid by doing a Model_List API call."
        }
      }
    },
    {
      "RequestUri": "https://Sanitized.api.eus2.digitaltwins.azure.net/models?api-version=2023-10-31",
      "RequestMethod": "POST",
      "RequestHeaders": {
        "Accept": "application/json",
        "Accept-Encoding": "gzip, deflate, br, zstd",
        "Authorization": "Sanitized",
        "Connection": "keep-alive",
        "Content-Length": "920",
        "Content-Type": "application/json",
        "Referer": "http://localhost:63315/",
        "sec-ch-ua": "\"Chromium\";v=\"136\", \"HeadlessChrome\";v=\"136\", \"Not.A/Brand\";v=\"99\"",
        "sec-ch-ua-mobile": "?0",
        "sec-ch-ua-platform": "\"Windows\"",
        "Sec-Fetch-Dest": "empty",
        "Sec-Fetch-Mode": "cors",
        "Sec-Fetch-Site": "same-site",
        "User-Agent": "Mozilla/5.0 (Windows NT 10.0; Win64; x64) AppleWebKit/537.36 (KHTML, like Gecko) HeadlessChrome/136.0.7103.25 Safari/537.36",
        "x-ms-client-request-id": "Sanitized",
        "x-ms-useragent": "azsdk-js-digital-twins-core/2.0.0 core-rest-pipeline/1.20.1 Chromium/136 OS/x86-Windows-19.0.0"
      },
      "RequestBody": "[{\"@id\":\"dtmi:samples:DTRelationshipsTestsBuilding;1\",\"@type\":\"Interface\",\"@context\":\"dtmi:dtdl:context;2\",\"displayName\":\"Building\",\"contents\":[{\"@type\":\"Relationship\",\"name\":\"Sanitized\",\"target\":\"dtmi:samples:DTRelationshipsTestsFloor;1\",\"properties\":[{\"@type\":\"Property\",\"name\":\"Sanitized\",\"schema\":\"boolean\"}]},{\"@type\":\"Property\",\"name\":\"Sanitized\",\"schema\":\"double\"}]},{\"@id\":\"dtmi:samples:DTRelationshipsTestsFloor;1\",\"@type\":\"Interface\",\"@context\":\"dtmi:dtdl:context;2\",\"displayName\":\"Floor\",\"contents\":[{\"@type\":\"Relationship\",\"name\":\"Sanitized\",\"target\":\"dtmi:samples:DTRelationshipsTestsRoom;1\"},{\"@type\":\"Property\",\"name\":\"Sanitized\",\"schema\":\"double\"}]},{\"@id\":\"dtmi:samples:DTRelationshipsTestsRoom;1\",\"@type\":\"Interface\",\"@context\":\"dtmi:dtdl:context;2\",\"displayName\":\"Room\",\"contents\":[{\"@type\":\"Property\",\"name\":\"Sanitized\",\"schema\":\"double\"},{\"@type\":\"Property\",\"name\":\"Sanitized\",\"schema\":\"boolean\"}]}]",
      "StatusCode": 201,
      "ResponseHeaders": {
        "Content-Length": "509",
        "Content-Type": "application/json; charset=utf-8",
        "Date": "Thu, 08 May 2025 18:51:00 GMT",
        "mise-correlation-id": "33bfb4e1-8dd0-4d0a-9179-28db21a2ed44",
        "Strict-Transport-Security": "max-age=2592000",
        "traceresponse": "00-50af9369630c1b557dedd7b3da3338b4-320fe1806371901f-01"
      },
      "ResponseBody": "[{\"id\":\"dtmi:samples:DTRelationshipsTestsBuilding;1\",\"description\":{},\"displayName\":{\"en\":\"Building\"},\"decommissioned\":false,\"uploadTime\":\"2025-05-08T18:51:01.1976352+00:00\"},{\"id\":\"dtmi:samples:DTRelationshipsTestsFloor;1\",\"description\":{},\"displayName\":{\"en\":\"Floor\"},\"decommissioned\":false,\"uploadTime\":\"2025-05-08T18:51:01.1976577+00:00\"},{\"id\":\"dtmi:samples:DTRelationshipsTestsRoom;1\",\"description\":{},\"displayName\":{\"en\":\"Room\"},\"decommissioned\":false,\"uploadTime\":\"2025-05-08T18:51:01.1976677+00:00\"}]"
    },
    {
      "RequestUri": "https://Sanitized.api.eus2.digitaltwins.azure.net/digitaltwins/DTRelationshipsTestsBuildingTwin?api-version=2023-10-31",
      "RequestMethod": "DELETE",
      "RequestHeaders": {
        "Accept": "application/json",
        "Accept-Encoding": "gzip, deflate, br, zstd",
        "Authorization": "Sanitized",
        "Connection": "keep-alive",
        "Referer": "http://localhost:63315/",
        "sec-ch-ua": "\"Chromium\";v=\"136\", \"HeadlessChrome\";v=\"136\", \"Not.A/Brand\";v=\"99\"",
        "sec-ch-ua-mobile": "?0",
        "sec-ch-ua-platform": "\"Windows\"",
        "Sec-Fetch-Dest": "empty",
        "Sec-Fetch-Mode": "cors",
        "Sec-Fetch-Site": "same-site",
        "User-Agent": "Mozilla/5.0 (Windows NT 10.0; Win64; x64) AppleWebKit/537.36 (KHTML, like Gecko) HeadlessChrome/136.0.7103.25 Safari/537.36",
        "x-ms-client-request-id": "Sanitized",
        "x-ms-useragent": "azsdk-js-digital-twins-core/2.0.0 core-rest-pipeline/1.20.1 Chromium/136 OS/x86-Windows-19.0.0"
      },
      "RequestBody": null,
      "StatusCode": 404,
      "ResponseHeaders": {
        "Content-Length": "286",
        "Content-Type": "application/json; charset=utf-8",
        "Date": "Thu, 08 May 2025 18:51:00 GMT",
        "mise-correlation-id": "24356d7c-d43e-4c37-9cc1-737a2836fc3e",
        "Strict-Transport-Security": "max-age=2592000",
        "traceresponse": "00-08f21d87d5d46eae46336f58532263f7-5a8d0fa6aaa554aa-01",
        "x-ms-error-code": "DigitalTwinNotFound"
      },
      "ResponseBody": {
        "error": {
          "code": "DigitalTwinNotFound",
          "message": "There is no digital twin instance that exists with the ID DTRelationshipsTestsBuildingTwin. Please verify that the twin id is valid and ensure that the twin is not deleted. See section on querying the twins https://aka.ms/adtv2query."
        }
      }
    },
    {
      "RequestUri": "https://Sanitized.api.eus2.digitaltwins.azure.net/digitaltwins/DTRelationshipsTestsFloorTwin?api-version=2023-10-31",
      "RequestMethod": "DELETE",
      "RequestHeaders": {
        "Accept": "application/json",
        "Accept-Encoding": "gzip, deflate, br, zstd",
        "Authorization": "Sanitized",
        "Connection": "keep-alive",
        "Referer": "http://localhost:63315/",
        "sec-ch-ua": "\"Chromium\";v=\"136\", \"HeadlessChrome\";v=\"136\", \"Not.A/Brand\";v=\"99\"",
        "sec-ch-ua-mobile": "?0",
        "sec-ch-ua-platform": "\"Windows\"",
        "Sec-Fetch-Dest": "empty",
        "Sec-Fetch-Mode": "cors",
        "Sec-Fetch-Site": "same-site",
        "User-Agent": "Mozilla/5.0 (Windows NT 10.0; Win64; x64) AppleWebKit/537.36 (KHTML, like Gecko) HeadlessChrome/136.0.7103.25 Safari/537.36",
        "x-ms-client-request-id": "Sanitized",
        "x-ms-useragent": "azsdk-js-digital-twins-core/2.0.0 core-rest-pipeline/1.20.1 Chromium/136 OS/x86-Windows-19.0.0"
      },
      "RequestBody": null,
      "StatusCode": 404,
      "ResponseHeaders": {
        "Content-Length": "283",
        "Content-Type": "application/json; charset=utf-8",
        "Date": "Thu, 08 May 2025 18:51:00 GMT",
        "mise-correlation-id": "a7e20905-f319-4bbb-b509-19bbf878ce66",
        "Strict-Transport-Security": "max-age=2592000",
        "traceresponse": "00-0555002ad0da9ce3760505108f720db0-672acc460dc240b6-01",
        "x-ms-error-code": "DigitalTwinNotFound"
      },
      "ResponseBody": {
        "error": {
          "code": "DigitalTwinNotFound",
          "message": "There is no digital twin instance that exists with the ID DTRelationshipsTestsFloorTwin. Please verify that the twin id is valid and ensure that the twin is not deleted. See section on querying the twins https://aka.ms/adtv2query."
        }
      }
    },
    {
      "RequestUri": "https://Sanitized.api.eus2.digitaltwins.azure.net/digitaltwins/DTRelationshipsTestsRoomTwin?api-version=2023-10-31",
      "RequestMethod": "DELETE",
      "RequestHeaders": {
        "Accept": "application/json",
        "Accept-Encoding": "gzip, deflate, br, zstd",
        "Authorization": "Sanitized",
        "Connection": "keep-alive",
        "Referer": "http://localhost:63315/",
        "sec-ch-ua": "\"Chromium\";v=\"136\", \"HeadlessChrome\";v=\"136\", \"Not.A/Brand\";v=\"99\"",
        "sec-ch-ua-mobile": "?0",
        "sec-ch-ua-platform": "\"Windows\"",
        "Sec-Fetch-Dest": "empty",
        "Sec-Fetch-Mode": "cors",
        "Sec-Fetch-Site": "same-site",
        "User-Agent": "Mozilla/5.0 (Windows NT 10.0; Win64; x64) AppleWebKit/537.36 (KHTML, like Gecko) HeadlessChrome/136.0.7103.25 Safari/537.36",
        "x-ms-client-request-id": "Sanitized",
        "x-ms-useragent": "azsdk-js-digital-twins-core/2.0.0 core-rest-pipeline/1.20.1 Chromium/136 OS/x86-Windows-19.0.0"
      },
      "RequestBody": null,
      "StatusCode": 404,
      "ResponseHeaders": {
        "Content-Length": "282",
        "Content-Type": "application/json; charset=utf-8",
        "Date": "Thu, 08 May 2025 18:51:01 GMT",
        "mise-correlation-id": "46aab050-bbe1-4e75-a393-53d9c227121a",
        "Strict-Transport-Security": "max-age=2592000",
        "traceresponse": "00-f7de803a67a9d51688ad96a34ca94270-96e97ad7e542b1ab-01",
        "x-ms-error-code": "DigitalTwinNotFound"
      },
      "ResponseBody": {
        "error": {
          "code": "DigitalTwinNotFound",
          "message": "There is no digital twin instance that exists with the ID DTRelationshipsTestsRoomTwin. Please verify that the twin id is valid and ensure that the twin is not deleted. See section on querying the twins https://aka.ms/adtv2query."
        }
      }
    },
    {
      "RequestUri": "https://Sanitized.api.eus2.digitaltwins.azure.net/digitaltwins/DTRelationshipsTestsBuildingTwin?api-version=2023-10-31",
      "RequestMethod": "PUT",
      "RequestHeaders": {
        "Accept": "application/json",
        "Accept-Encoding": "gzip, deflate, br, zstd",
        "Authorization": "Sanitized",
        "Connection": "keep-alive",
        "Content-Length": "94",
        "Content-Type": "application/json",
        "Referer": "http://localhost:63315/",
        "sec-ch-ua": "\"Chromium\";v=\"136\", \"HeadlessChrome\";v=\"136\", \"Not.A/Brand\";v=\"99\"",
        "sec-ch-ua-mobile": "?0",
        "sec-ch-ua-platform": "\"Windows\"",
        "Sec-Fetch-Dest": "empty",
        "Sec-Fetch-Mode": "cors",
        "Sec-Fetch-Site": "same-site",
        "User-Agent": "Mozilla/5.0 (Windows NT 10.0; Win64; x64) AppleWebKit/537.36 (KHTML, like Gecko) HeadlessChrome/136.0.7103.25 Safari/537.36",
        "x-ms-client-request-id": "Sanitized",
        "x-ms-useragent": "azsdk-js-digital-twins-core/2.0.0 core-rest-pipeline/1.20.1 Chromium/136 OS/x86-Windows-19.0.0"
      },
      "RequestBody": {
        "$metadata": {
          "$model": "dtmi:samples:DTRelationshipsTestsBuilding;1"
        },
        "AverageTemperature": 68
      },
      "StatusCode": 200,
      "ResponseHeaders": {
        "Content-Length": "310",
        "Content-Type": "application/json; charset=utf-8",
        "Date": "Thu, 08 May 2025 18:51:01 GMT",
        "ETag": "W/\"f0495e6f-0241-44bd-a625-d08e3b9ca547\"",
        "mise-correlation-id": "da5eaa23-6e30-4b12-bfeb-10410c2036f4",
        "Strict-Transport-Security": "max-age=2592000",
        "traceresponse": "00-7649d2ca6bce21af56702ddc2b4499ce-1c636acd7ed2c56a-01"
      },
      "ResponseBody": {
        "$dtId": "DTRelationshipsTestsBuildingTwin",
        "$etag": "W/\"f0495e6f-0241-44bd-a625-d08e3b9ca547\"",
        "AverageTemperature": 68,
        "$metadata": {
          "$model": "dtmi:samples:DTRelationshipsTestsBuilding;1",
          "$lastUpdateTime": "2025-05-08T18:51:01.5988773Z",
          "AverageTemperature": {
            "lastUpdateTime": "2025-05-08T18:51:01.5988773Z"
          }
        }
      }
    },
    {
      "RequestUri": "https://Sanitized.api.eus2.digitaltwins.azure.net/digitaltwins/DTRelationshipsTestsFloorTwin?api-version=2023-10-31",
      "RequestMethod": "PUT",
      "RequestHeaders": {
        "Accept": "application/json",
        "Accept-Encoding": "gzip, deflate, br, zstd",
        "Authorization": "Sanitized",
        "Connection": "keep-alive",
        "Content-Length": "91",
        "Content-Type": "application/json",
        "Referer": "http://localhost:63315/",
        "sec-ch-ua": "\"Chromium\";v=\"136\", \"HeadlessChrome\";v=\"136\", \"Not.A/Brand\";v=\"99\"",
        "sec-ch-ua-mobile": "?0",
        "sec-ch-ua-platform": "\"Windows\"",
        "Sec-Fetch-Dest": "empty",
        "Sec-Fetch-Mode": "cors",
        "Sec-Fetch-Site": "same-site",
        "User-Agent": "Mozilla/5.0 (Windows NT 10.0; Win64; x64) AppleWebKit/537.36 (KHTML, like Gecko) HeadlessChrome/136.0.7103.25 Safari/537.36",
        "x-ms-client-request-id": "Sanitized",
        "x-ms-useragent": "azsdk-js-digital-twins-core/2.0.0 core-rest-pipeline/1.20.1 Chromium/136 OS/x86-Windows-19.0.0"
      },
      "RequestBody": {
        "$metadata": {
          "$model": "dtmi:samples:DTRelationshipsTestsFloor;1"
        },
        "AverageTemperature": 75
      },
      "StatusCode": 200,
      "ResponseHeaders": {
        "Content-Length": "304",
        "Content-Type": "application/json; charset=utf-8",
        "Date": "Thu, 08 May 2025 18:51:01 GMT",
        "ETag": "W/\"d0dbff87-aa61-4a05-93a8-746a07fb5e2e\"",
        "mise-correlation-id": "7f7a3e3b-1a90-4589-99a6-8ef21ebd3a03",
        "Strict-Transport-Security": "max-age=2592000",
        "traceresponse": "00-ffc1f35c2c3bc97c53d2d42b2db5efef-80c59482359f0514-01"
      },
      "ResponseBody": {
        "$dtId": "DTRelationshipsTestsFloorTwin",
        "$etag": "W/\"d0dbff87-aa61-4a05-93a8-746a07fb5e2e\"",
        "AverageTemperature": 75,
        "$metadata": {
          "$model": "dtmi:samples:DTRelationshipsTestsFloor;1",
          "$lastUpdateTime": "2025-05-08T18:51:01.7026268Z",
          "AverageTemperature": {
            "lastUpdateTime": "2025-05-08T18:51:01.7026268Z"
          }
        }
      }
    },
    {
      "RequestUri": "https://Sanitized.api.eus2.digitaltwins.azure.net/digitaltwins/DTRelationshipsTestsRoomTwin?api-version=2023-10-31",
      "RequestMethod": "PUT",
      "RequestHeaders": {
        "Accept": "application/json",
        "Accept-Encoding": "gzip, deflate, br, zstd",
        "Authorization": "Sanitized",
        "Connection": "keep-alive",
        "Content-Length": "101",
        "Content-Type": "application/json",
        "Referer": "http://localhost:63315/",
        "sec-ch-ua": "\"Chromium\";v=\"136\", \"HeadlessChrome\";v=\"136\", \"Not.A/Brand\";v=\"99\"",
        "sec-ch-ua-mobile": "?0",
        "sec-ch-ua-platform": "\"Windows\"",
        "Sec-Fetch-Dest": "empty",
        "Sec-Fetch-Mode": "cors",
        "Sec-Fetch-Site": "same-site",
        "User-Agent": "Mozilla/5.0 (Windows NT 10.0; Win64; x64) AppleWebKit/537.36 (KHTML, like Gecko) HeadlessChrome/136.0.7103.25 Safari/537.36",
        "x-ms-client-request-id": "Sanitized",
        "x-ms-useragent": "azsdk-js-digital-twins-core/2.0.0 core-rest-pipeline/1.20.1 Chromium/136 OS/x86-Windows-19.0.0"
      },
      "RequestBody": {
        "$metadata": {
          "$model": "dtmi:samples:DTRelationshipsTestsRoom;1"
        },
        "Temperature": 80,
        "IsOccupied": true
      },
      "StatusCode": 200,
      "ResponseHeaders": {
        "Content-Length": "369",
        "Content-Type": "application/json; charset=utf-8",
        "Date": "Thu, 08 May 2025 18:51:01 GMT",
        "ETag": "W/\"b5bac363-e25b-488d-b5f0-d1c351ebbc4b\"",
        "mise-correlation-id": "237e248c-b0eb-4096-aa5f-fed611ea1d70",
        "Strict-Transport-Security": "max-age=2592000",
        "traceresponse": "00-f3a407579ef705c6139ad945e30a6090-9c947ab6e354e0af-01"
      },
      "ResponseBody": {
        "$dtId": "DTRelationshipsTestsRoomTwin",
        "$etag": "W/\"b5bac363-e25b-488d-b5f0-d1c351ebbc4b\"",
        "Temperature": 80,
        "IsOccupied": true,
        "$metadata": {
          "$model": "dtmi:samples:DTRelationshipsTestsRoom;1",
          "$lastUpdateTime": "2025-05-08T18:51:01.8235304Z",
          "Temperature": {
            "lastUpdateTime": "2025-05-08T18:51:01.8235304Z"
          },
          "IsOccupied": {
            "lastUpdateTime": "2025-05-08T18:51:01.8235304Z"
          }
        }
      }
    },
    {
      "RequestUri": "https://Sanitized.api.eus2.digitaltwins.azure.net/digitaltwins/DTRelationshipsTestsBuildingTwin/relationships/BuildingHasFloor?api-version=2023-10-31",
      "RequestMethod": "PUT",
      "RequestHeaders": {
        "Accept": "application/json",
        "Accept-Encoding": "gzip, deflate, br, zstd",
        "Authorization": "Sanitized",
        "Connection": "keep-alive",
        "Content-Length": "182",
        "Content-Type": "application/json",
        "Referer": "http://localhost:63315/",
        "sec-ch-ua": "\"Chromium\";v=\"136\", \"HeadlessChrome\";v=\"136\", \"Not.A/Brand\";v=\"99\"",
        "sec-ch-ua-mobile": "?0",
        "sec-ch-ua-platform": "\"Windows\"",
        "Sec-Fetch-Dest": "empty",
        "Sec-Fetch-Mode": "cors",
        "Sec-Fetch-Site": "same-site",
        "User-Agent": "Mozilla/5.0 (Windows NT 10.0; Win64; x64) AppleWebKit/537.36 (KHTML, like Gecko) HeadlessChrome/136.0.7103.25 Safari/537.36",
        "x-ms-client-request-id": "Sanitized",
        "x-ms-useragent": "azsdk-js-digital-twins-core/2.0.0 core-rest-pipeline/1.20.1 Chromium/136 OS/x86-Windows-19.0.0"
      },
      "RequestBody": {
        "$relationshipId": "BuildingHasFloor",
        "$sourceId": "DTRelationshipsTestsBuildingTwin",
        "$relationshipName": "has",
        "$targetId": "DTRelationshipsTestsFloorTwin",
        "isAccessRestricted": false
      },
      "StatusCode": 200,
      "ResponseHeaders": {
        "Content-Length": "235",
        "Content-Type": "application/json; charset=utf-8",
        "Date": "Thu, 08 May 2025 18:51:02 GMT",
        "ETag": "W/\"63744c68-1622-4b2d-95b1-12770269bf93\"",
        "mise-correlation-id": "5ecd97ef-c439-427a-9ac5-270b69589b40",
        "Strict-Transport-Security": "max-age=2592000",
        "traceresponse": "00-a46b22c4be4f108fba498a8184b2312a-08a6b04797fcb2f6-01"
      },
      "ResponseBody": {
        "$relationshipId": "BuildingHasFloor",
        "$etag": "W/\"63744c68-1622-4b2d-95b1-12770269bf93\"",
        "$sourceId": "DTRelationshipsTestsBuildingTwin",
        "$relationshipName": "has",
        "$targetId": "DTRelationshipsTestsFloorTwin",
        "isAccessRestricted": false
      }
    },
    {
      "RequestUri": "https://Sanitized.api.eus2.digitaltwins.azure.net/digitaltwins/DTRelationshipsTestsBuildingTwin/relationships/BuildingHasFloor?api-version=2023-10-31",
      "RequestMethod": "PATCH",
      "RequestHeaders": {
        "Accept": "application/json",
        "Accept-Encoding": "gzip, deflate, br, zstd",
        "Authorization": "Sanitized",
        "Connection": "keep-alive",
        "Content-Length": "46",
        "Content-Type": "application/json-patch+json",
        "Referer": "http://localhost:63315/",
        "sec-ch-ua": "\"Chromium\";v=\"136\", \"HeadlessChrome\";v=\"136\", \"Not.A/Brand\";v=\"99\"",
        "sec-ch-ua-mobile": "?0",
        "sec-ch-ua-platform": "\"Windows\"",
        "Sec-Fetch-Dest": "empty",
        "Sec-Fetch-Mode": "cors",
        "Sec-Fetch-Site": "same-site",
        "User-Agent": "Mozilla/5.0 (Windows NT 10.0; Win64; x64) AppleWebKit/537.36 (KHTML, like Gecko) HeadlessChrome/136.0.7103.25 Safari/537.36",
        "x-ms-client-request-id": "Sanitized",
        "x-ms-useragent": "azsdk-js-digital-twins-core/2.0.0 core-rest-pipeline/1.20.1 Chromium/136 OS/x86-Windows-19.0.0"
      },
      "RequestBody": "[{\"op\":\"remove\",\"path\":\"/isAccessRestricted\"}]",
      "StatusCode": 204,
      "ResponseHeaders": {
        "Content-Length": "0",
        "Date": "Thu, 08 May 2025 18:51:02 GMT",
        "ETag": "W/\"10bd909a-6217-4c84-a24d-fa6ca25c3593\"",
        "mise-correlation-id": "44612cfb-a401-4497-9acc-4f9ca43755c7",
        "Strict-Transport-Security": "max-age=2592000",
        "traceresponse": "00-a40fcde4b8fd894c1c11643d01218077-21f465f569d5553d-01"
      },
      "ResponseBody": null
    },
    {
      "RequestUri": "https://Sanitized.api.eus2.digitaltwins.azure.net/digitaltwins/DTRelationshipsTestsBuildingTwin/relationships/BuildingHasFloor?api-version=2023-10-31",
      "RequestMethod": "PATCH",
      "RequestHeaders": {
        "Accept": "application/json",
        "Accept-Encoding": "gzip, deflate, br, zstd",
        "Authorization": "Sanitized",
        "Connection": "keep-alive",
        "Content-Length": "56",
        "Content-Type": "application/json-patch+json",
        "Referer": "http://localhost:63315/",
        "sec-ch-ua": "\"Chromium\";v=\"136\", \"HeadlessChrome\";v=\"136\", \"Not.A/Brand\";v=\"99\"",
        "sec-ch-ua-mobile": "?0",
        "sec-ch-ua-platform": "\"Windows\"",
        "Sec-Fetch-Dest": "empty",
        "Sec-Fetch-Mode": "cors",
        "Sec-Fetch-Site": "same-site",
        "User-Agent": "Mozilla/5.0 (Windows NT 10.0; Win64; x64) AppleWebKit/537.36 (KHTML, like Gecko) HeadlessChrome/136.0.7103.25 Safari/537.36",
        "x-ms-client-request-id": "Sanitized",
        "x-ms-useragent": "azsdk-js-digital-twins-core/2.0.0 core-rest-pipeline/1.20.1 Chromium/136 OS/x86-Windows-19.0.0"
      },
      "RequestBody": "[{\"op\":\"add\",\"path\":\"/isAccessRestricted\",\"value\":true}]",
      "StatusCode": 204,
      "ResponseHeaders": {
        "Content-Length": "0",
        "Date": "Thu, 08 May 2025 18:51:02 GMT",
        "ETag": "W/\"181c584c-5fb4-4e00-94e5-0d67f7ea9c90\"",
        "mise-correlation-id": "f491279c-3054-4aed-ad8d-38e218468864",
        "Strict-Transport-Security": "max-age=2592000",
        "traceresponse": "00-780c287cd951dbf4c76abd9ace264103-2d0ef0a4af2e1114-01"
      },
      "ResponseBody": null
    },
    {
      "RequestUri": "https://Sanitized.api.eus2.digitaltwins.azure.net/digitaltwins/DTRelationshipsTestsBuildingTwin/relationships/BuildingHasFloor?api-version=2023-10-31",
      "RequestMethod": "GET",
      "RequestHeaders": {
        "Accept": "application/json",
        "Accept-Encoding": "gzip, deflate, br, zstd",
        "Authorization": "Sanitized",
        "Connection": "keep-alive",
        "Referer": "http://localhost:63315/",
        "sec-ch-ua": "\"Chromium\";v=\"136\", \"HeadlessChrome\";v=\"136\", \"Not.A/Brand\";v=\"99\"",
        "sec-ch-ua-mobile": "?0",
        "sec-ch-ua-platform": "\"Windows\"",
        "Sec-Fetch-Dest": "empty",
        "Sec-Fetch-Mode": "cors",
        "Sec-Fetch-Site": "same-site",
        "User-Agent": "Mozilla/5.0 (Windows NT 10.0; Win64; x64) AppleWebKit/537.36 (KHTML, like Gecko) HeadlessChrome/136.0.7103.25 Safari/537.36",
        "x-ms-client-request-id": "Sanitized",
        "x-ms-useragent": "azsdk-js-digital-twins-core/2.0.0 core-rest-pipeline/1.20.1 Chromium/136 OS/x86-Windows-19.0.0"
      },
      "RequestBody": null,
      "StatusCode": 200,
      "ResponseHeaders": {
        "Content-Length": "234",
        "Content-Type": "application/json; charset=utf-8",
        "Date": "Thu, 08 May 2025 18:51:02 GMT",
        "ETag": "W/\"181c584c-5fb4-4e00-94e5-0d67f7ea9c90\"",
        "mise-correlation-id": "a5cb24fa-0d33-4c56-8edb-cb0db19bdf9b",
        "Strict-Transport-Security": "max-age=2592000",
        "traceresponse": "00-c0de45dda984f40291f621f0ce536152-75aaaac4cb2f433e-01"
      },
      "ResponseBody": {
        "$relationshipId": "BuildingHasFloor",
        "$etag": "W/\"181c584c-5fb4-4e00-94e5-0d67f7ea9c90\"",
        "$sourceId": "DTRelationshipsTestsBuildingTwin",
        "$relationshipName": "has",
        "$targetId": "DTRelationshipsTestsFloorTwin",
        "isAccessRestricted": true
      }
    },
    {
      "RequestUri": "https://Sanitized.api.eus2.digitaltwins.azure.net/digitaltwins/DTRelationshipsTestsBuildingTwin/relationships/BuildingHasFloor?api-version=2023-10-31",
      "RequestMethod": "DELETE",
      "RequestHeaders": {
        "Accept": "application/json",
        "Accept-Encoding": "gzip, deflate, br, zstd",
        "Authorization": "Sanitized",
        "Connection": "keep-alive",
        "Referer": "http://localhost:63315/",
        "sec-ch-ua": "\"Chromium\";v=\"136\", \"HeadlessChrome\";v=\"136\", \"Not.A/Brand\";v=\"99\"",
        "sec-ch-ua-mobile": "?0",
        "sec-ch-ua-platform": "\"Windows\"",
        "Sec-Fetch-Dest": "empty",
        "Sec-Fetch-Mode": "cors",
        "Sec-Fetch-Site": "same-site",
        "User-Agent": "Mozilla/5.0 (Windows NT 10.0; Win64; x64) AppleWebKit/537.36 (KHTML, like Gecko) HeadlessChrome/136.0.7103.25 Safari/537.36",
        "x-ms-client-request-id": "Sanitized",
        "x-ms-useragent": "azsdk-js-digital-twins-core/2.0.0 core-rest-pipeline/1.20.1 Chromium/136 OS/x86-Windows-19.0.0"
      },
      "RequestBody": null,
      "StatusCode": 204,
      "ResponseHeaders": {
        "Content-Length": "0",
        "Date": "Thu, 08 May 2025 18:51:02 GMT",
        "mise-correlation-id": "878d6d5c-1882-48b4-9667-f93739dd5308",
        "Strict-Transport-Security": "max-age=2592000",
        "traceresponse": "00-1b11588ac34baad8df8a44b8ce8568fe-4461720b3d2df952-01"
      },
      "ResponseBody": null
    },
    {
      "RequestUri": "https://Sanitized.api.eus2.digitaltwins.azure.net/digitaltwins/DTRelationshipsTestsBuildingTwin?api-version=2023-10-31",
      "RequestMethod": "DELETE",
      "RequestHeaders": {
        "Accept": "application/json",
        "Accept-Encoding": "gzip, deflate, br, zstd",
        "Authorization": "Sanitized",
        "Connection": "keep-alive",
        "Referer": "http://localhost:63315/",
        "sec-ch-ua": "\"Chromium\";v=\"136\", \"HeadlessChrome\";v=\"136\", \"Not.A/Brand\";v=\"99\"",
        "sec-ch-ua-mobile": "?0",
        "sec-ch-ua-platform": "\"Windows\"",
        "Sec-Fetch-Dest": "empty",
        "Sec-Fetch-Mode": "cors",
        "Sec-Fetch-Site": "same-site",
        "User-Agent": "Mozilla/5.0 (Windows NT 10.0; Win64; x64) AppleWebKit/537.36 (KHTML, like Gecko) HeadlessChrome/136.0.7103.25 Safari/537.36",
        "x-ms-client-request-id": "Sanitized",
        "x-ms-useragent": "azsdk-js-digital-twins-core/2.0.0 core-rest-pipeline/1.20.1 Chromium/136 OS/x86-Windows-19.0.0"
      },
      "RequestBody": null,
      "StatusCode": 204,
      "ResponseHeaders": {
        "Content-Length": "0",
        "Date": "Thu, 08 May 2025 18:51:02 GMT",
        "mise-correlation-id": "87b8d0e8-e6e6-4b47-a1aa-52d8c46234fb",
        "Strict-Transport-Security": "max-age=2592000",
        "traceresponse": "00-f02f5844d4c249aabc44ffa90d6ed482-835a35b0ec3b76c2-01"
      },
      "ResponseBody": null
    },
    {
      "RequestUri": "https://Sanitized.api.eus2.digitaltwins.azure.net/digitaltwins/DTRelationshipsTestsFloorTwin?api-version=2023-10-31",
      "RequestMethod": "DELETE",
      "RequestHeaders": {
        "Accept": "application/json",
        "Accept-Encoding": "gzip, deflate, br, zstd",
        "Authorization": "Sanitized",
        "Connection": "keep-alive",
        "Referer": "http://localhost:63315/",
        "sec-ch-ua": "\"Chromium\";v=\"136\", \"HeadlessChrome\";v=\"136\", \"Not.A/Brand\";v=\"99\"",
        "sec-ch-ua-mobile": "?0",
        "sec-ch-ua-platform": "\"Windows\"",
        "Sec-Fetch-Dest": "empty",
        "Sec-Fetch-Mode": "cors",
        "Sec-Fetch-Site": "same-site",
        "User-Agent": "Mozilla/5.0 (Windows NT 10.0; Win64; x64) AppleWebKit/537.36 (KHTML, like Gecko) HeadlessChrome/136.0.7103.25 Safari/537.36",
        "x-ms-client-request-id": "Sanitized",
        "x-ms-useragent": "azsdk-js-digital-twins-core/2.0.0 core-rest-pipeline/1.20.1 Chromium/136 OS/x86-Windows-19.0.0"
      },
      "RequestBody": null,
      "StatusCode": 204,
      "ResponseHeaders": {
        "Content-Length": "0",
        "Date": "Thu, 08 May 2025 18:51:02 GMT",
        "mise-correlation-id": "29e6107e-2516-4e94-a6c7-72bdb74855c3",
        "Strict-Transport-Security": "max-age=2592000",
        "traceresponse": "00-f3f487233af212377f735629ec39a7d8-f433d2f41e90eb46-01"
      },
      "ResponseBody": null
    },
    {
      "RequestUri": "https://Sanitized.api.eus2.digitaltwins.azure.net/digitaltwins/DTRelationshipsTestsRoomTwin?api-version=2023-10-31",
      "RequestMethod": "DELETE",
      "RequestHeaders": {
        "Accept": "application/json",
        "Accept-Encoding": "gzip, deflate, br, zstd",
        "Authorization": "Sanitized",
        "Connection": "keep-alive",
        "Referer": "http://localhost:63315/",
        "sec-ch-ua": "\"Chromium\";v=\"136\", \"HeadlessChrome\";v=\"136\", \"Not.A/Brand\";v=\"99\"",
        "sec-ch-ua-mobile": "?0",
        "sec-ch-ua-platform": "\"Windows\"",
        "Sec-Fetch-Dest": "empty",
        "Sec-Fetch-Mode": "cors",
        "Sec-Fetch-Site": "same-site",
        "User-Agent": "Mozilla/5.0 (Windows NT 10.0; Win64; x64) AppleWebKit/537.36 (KHTML, like Gecko) HeadlessChrome/136.0.7103.25 Safari/537.36",
        "x-ms-client-request-id": "Sanitized",
        "x-ms-useragent": "azsdk-js-digital-twins-core/2.0.0 core-rest-pipeline/1.20.1 Chromium/136 OS/x86-Windows-19.0.0"
      },
      "RequestBody": null,
      "StatusCode": 204,
      "ResponseHeaders": {
        "Content-Length": "0",
        "Date": "Thu, 08 May 2025 18:51:02 GMT",
        "mise-correlation-id": "e83239ae-d3ef-4b0e-b328-6f5c812b5ff0",
        "Strict-Transport-Security": "max-age=2592000",
        "traceresponse": "00-b8cdccbfc70428827a2c8daa2213b80a-1a028d11428cc9be-01"
      },
      "ResponseBody": null
    },
    {
      "RequestUri": "https://Sanitized.api.eus2.digitaltwins.azure.net/models/dtmi%3Asamples%3ADTRelationshipsTestsBuilding%3B1?api-version=2023-10-31",
      "RequestMethod": "DELETE",
      "RequestHeaders": {
        "Accept": "application/json",
        "Accept-Encoding": "gzip, deflate, br, zstd",
        "Authorization": "Sanitized",
        "Connection": "keep-alive",
        "Referer": "http://localhost:63315/",
        "sec-ch-ua": "\"Chromium\";v=\"136\", \"HeadlessChrome\";v=\"136\", \"Not.A/Brand\";v=\"99\"",
        "sec-ch-ua-mobile": "?0",
        "sec-ch-ua-platform": "\"Windows\"",
        "Sec-Fetch-Dest": "empty",
        "Sec-Fetch-Mode": "cors",
        "Sec-Fetch-Site": "same-site",
        "User-Agent": "Mozilla/5.0 (Windows NT 10.0; Win64; x64) AppleWebKit/537.36 (KHTML, like Gecko) HeadlessChrome/136.0.7103.25 Safari/537.36",
        "x-ms-client-request-id": "Sanitized",
        "x-ms-useragent": "azsdk-js-digital-twins-core/2.0.0 core-rest-pipeline/1.20.1 Chromium/136 OS/x86-Windows-19.0.0"
      },
      "RequestBody": null,
      "StatusCode": 204,
      "ResponseHeaders": {
        "Content-Length": "0",
        "Date": "Thu, 08 May 2025 18:51:02 GMT",
        "mise-correlation-id": "44b3b66c-26d8-4c51-9391-cafd827432d1",
        "Strict-Transport-Security": "max-age=2592000",
        "traceresponse": "00-710905c8287536326743c603913522d9-1f67ecca7dbbfe60-01"
      },
      "ResponseBody": null
    },
    {
      "RequestUri": "https://Sanitized.api.eus2.digitaltwins.azure.net/models/dtmi%3Asamples%3ADTRelationshipsTestsFloor%3B1?api-version=2023-10-31",
      "RequestMethod": "DELETE",
      "RequestHeaders": {
        "Accept": "application/json",
        "Accept-Encoding": "gzip, deflate, br, zstd",
        "Authorization": "Sanitized",
        "Connection": "keep-alive",
        "Referer": "http://localhost:63315/",
        "sec-ch-ua": "\"Chromium\";v=\"136\", \"HeadlessChrome\";v=\"136\", \"Not.A/Brand\";v=\"99\"",
        "sec-ch-ua-mobile": "?0",
        "sec-ch-ua-platform": "\"Windows\"",
        "Sec-Fetch-Dest": "empty",
        "Sec-Fetch-Mode": "cors",
        "Sec-Fetch-Site": "same-site",
        "User-Agent": "Mozilla/5.0 (Windows NT 10.0; Win64; x64) AppleWebKit/537.36 (KHTML, like Gecko) HeadlessChrome/136.0.7103.25 Safari/537.36",
        "x-ms-client-request-id": "Sanitized",
        "x-ms-useragent": "azsdk-js-digital-twins-core/2.0.0 core-rest-pipeline/1.20.1 Chromium/136 OS/x86-Windows-19.0.0"
      },
      "RequestBody": null,
      "StatusCode": 204,
      "ResponseHeaders": {
        "Content-Length": "0",
        "Date": "Thu, 08 May 2025 18:51:02 GMT",
        "mise-correlation-id": "338ffc5d-e2fd-4933-9abb-e25e3a8ad047",
        "Strict-Transport-Security": "max-age=2592000",
        "traceresponse": "00-73487e7e229551dd81a63efe6c017671-8c5060586d485cf7-01"
      },
      "ResponseBody": null
    },
    {
      "RequestUri": "https://Sanitized.api.eus2.digitaltwins.azure.net/models/dtmi%3Asamples%3ADTRelationshipsTestsRoom%3B1?api-version=2023-10-31",
      "RequestMethod": "DELETE",
      "RequestHeaders": {
        "Accept": "application/json",
        "Accept-Encoding": "gzip, deflate, br, zstd",
        "Authorization": "Sanitized",
        "Connection": "keep-alive",
        "Referer": "http://localhost:63315/",
        "sec-ch-ua": "\"Chromium\";v=\"136\", \"HeadlessChrome\";v=\"136\", \"Not.A/Brand\";v=\"99\"",
        "sec-ch-ua-mobile": "?0",
        "sec-ch-ua-platform": "\"Windows\"",
        "Sec-Fetch-Dest": "empty",
        "Sec-Fetch-Mode": "cors",
        "Sec-Fetch-Site": "same-site",
        "User-Agent": "Mozilla/5.0 (Windows NT 10.0; Win64; x64) AppleWebKit/537.36 (KHTML, like Gecko) HeadlessChrome/136.0.7103.25 Safari/537.36",
        "x-ms-client-request-id": "Sanitized",
        "x-ms-useragent": "azsdk-js-digital-twins-core/2.0.0 core-rest-pipeline/1.20.1 Chromium/136 OS/x86-Windows-19.0.0"
      },
      "RequestBody": null,
      "StatusCode": 204,
      "ResponseHeaders": {
        "Content-Length": "0",
        "Date": "Thu, 08 May 2025 18:51:03 GMT",
        "mise-correlation-id": "16f7983f-6e99-489b-9e49-da942dd9c0b2",
        "Strict-Transport-Security": "max-age=2592000",
        "traceresponse": "00-80c87a98bb9a0e9abec3b8e8cff7dc1f-8902651e42f893c2-01"
      },
      "ResponseBody": null
    }
  ],
  "Variables": {}
}
