{
  "Entries": [
    {
      "RequestUri": "https://Sanitized.api.wcus.digitaltwins.azure.net/models/dtmi%3Asamples%3ADTRelationshipsTestsBuilding%3B1?api-version=2023-10-31",
      "RequestMethod": "DELETE",
      "RequestHeaders": {
        "Accept": "application/json",
        "Accept-Encoding": "gzip, deflate, br, zstd",
        "Authorization": "Sanitized",
        "Connection": "keep-alive",
        "Referer": "http://localhost:63315/",
        "sec-ch-ua": "\"Chromium\";v=\"136\", \"HeadlessChrome\";v=\"136\", \"Not.A/Brand\";v=\"99\"",
        "sec-ch-ua-mobile": "?0",
        "sec-ch-ua-platform": "\"Windows\"",
        "Sec-Fetch-Dest": "empty",
        "Sec-Fetch-Mode": "cors",
        "Sec-Fetch-Site": "same-site",
        "User-Agent": "Mozilla/5.0 (Windows NT 10.0; Win64; x64) AppleWebKit/537.36 (KHTML, like Gecko) HeadlessChrome/136.0.7103.25 Safari/537.36",
        "x-ms-client-request-id": "Sanitized",
        "x-ms-useragent": "azsdk-js-digital-twins-core/2.0.1 core-rest-pipeline/1.20.1 Chromium/136 OS/x86-Windows-19.0.0"
      },
      "RequestBody": null,
      "StatusCode": 404,
      "ResponseHeaders": {
        "Content-Length": "228",
        "Content-Type": "application/json; charset=utf-8",
        "Date": "Mon, 19 May 2025 19:05:28 GMT",
        "mise-correlation-id": "8d3a3a96-6f10-4981-99cf-64ebb0870de7",
        "Strict-Transport-Security": "max-age=2592000",
        "traceresponse": "00-f597fc2048a3fb151440905700a1c23a-6d77cafabb20b9dd-01",
        "x-ms-error-code": "ModelNotFound"
      },
      "ResponseBody": {
        "error": {
          "code": "ModelNotFound",
          "message": "There is no Model(s) available that matches the provided id(s) dtmi:samples:DTRelationshipsTestsBuilding;1. Check that the Model ID provided is valid by doing a Model_List API call."
        }
      }
    },
    {
      "RequestUri": "https://Sanitized.api.wcus.digitaltwins.azure.net/models/dtmi%3Asamples%3ADTRelationshipsTestsFloor%3B1?api-version=2023-10-31",
      "RequestMethod": "DELETE",
      "RequestHeaders": {
        "Accept": "application/json",
        "Accept-Encoding": "gzip, deflate, br, zstd",
        "Authorization": "Sanitized",
        "Connection": "keep-alive",
        "Referer": "http://localhost:63315/",
        "sec-ch-ua": "\"Chromium\";v=\"136\", \"HeadlessChrome\";v=\"136\", \"Not.A/Brand\";v=\"99\"",
        "sec-ch-ua-mobile": "?0",
        "sec-ch-ua-platform": "\"Windows\"",
        "Sec-Fetch-Dest": "empty",
        "Sec-Fetch-Mode": "cors",
        "Sec-Fetch-Site": "same-site",
        "User-Agent": "Mozilla/5.0 (Windows NT 10.0; Win64; x64) AppleWebKit/537.36 (KHTML, like Gecko) HeadlessChrome/136.0.7103.25 Safari/537.36",
        "x-ms-client-request-id": "Sanitized",
        "x-ms-useragent": "azsdk-js-digital-twins-core/2.0.1 core-rest-pipeline/1.20.1 Chromium/136 OS/x86-Windows-19.0.0"
      },
      "RequestBody": null,
      "StatusCode": 404,
      "ResponseHeaders": {
        "Content-Length": "225",
        "Content-Type": "application/json; charset=utf-8",
        "Date": "Mon, 19 May 2025 19:05:28 GMT",
        "mise-correlation-id": "dbef4add-afdb-4b32-a0ee-e6ab75aefca5",
        "Strict-Transport-Security": "max-age=2592000",
        "traceresponse": "00-2fe7995339032f1c8257630b9c3731fe-2f1e40fc49cba86e-01",
        "x-ms-error-code": "ModelNotFound"
      },
      "ResponseBody": {
        "error": {
          "code": "ModelNotFound",
          "message": "There is no Model(s) available that matches the provided id(s) dtmi:samples:DTRelationshipsTestsFloor;1. Check that the Model ID provided is valid by doing a Model_List API call."
        }
      }
    },
    {
      "RequestUri": "https://Sanitized.api.wcus.digitaltwins.azure.net/models/dtmi%3Asamples%3ADTRelationshipsTestsRoom%3B1?api-version=2023-10-31",
      "RequestMethod": "DELETE",
      "RequestHeaders": {
        "Accept": "application/json",
        "Accept-Encoding": "gzip, deflate, br, zstd",
        "Authorization": "Sanitized",
        "Connection": "keep-alive",
        "Referer": "http://localhost:63315/",
        "sec-ch-ua": "\"Chromium\";v=\"136\", \"HeadlessChrome\";v=\"136\", \"Not.A/Brand\";v=\"99\"",
        "sec-ch-ua-mobile": "?0",
        "sec-ch-ua-platform": "\"Windows\"",
        "Sec-Fetch-Dest": "empty",
        "Sec-Fetch-Mode": "cors",
        "Sec-Fetch-Site": "same-site",
        "User-Agent": "Mozilla/5.0 (Windows NT 10.0; Win64; x64) AppleWebKit/537.36 (KHTML, like Gecko) HeadlessChrome/136.0.7103.25 Safari/537.36",
        "x-ms-client-request-id": "Sanitized",
        "x-ms-useragent": "azsdk-js-digital-twins-core/2.0.1 core-rest-pipeline/1.20.1 Chromium/136 OS/x86-Windows-19.0.0"
      },
      "RequestBody": null,
      "StatusCode": 404,
      "ResponseHeaders": {
        "Content-Length": "224",
        "Content-Type": "application/json; charset=utf-8",
        "Date": "Mon, 19 May 2025 19:05:28 GMT",
        "mise-correlation-id": "e3b2bff2-218f-44e6-bbb8-495b89a7995b",
        "Strict-Transport-Security": "max-age=2592000",
        "traceresponse": "00-d344cec487df930bc25e6ab705abb650-7edc2c7c957e7831-01",
        "x-ms-error-code": "ModelNotFound"
      },
      "ResponseBody": {
        "error": {
          "code": "ModelNotFound",
          "message": "There is no Model(s) available that matches the provided id(s) dtmi:samples:DTRelationshipsTestsRoom;1. Check that the Model ID provided is valid by doing a Model_List API call."
        }
      }
    },
    {
      "RequestUri": "https://Sanitized.api.wcus.digitaltwins.azure.net/models?api-version=2023-10-31",
      "RequestMethod": "POST",
      "RequestHeaders": {
        "Accept": "application/json",
        "Accept-Encoding": "gzip, deflate, br, zstd",
        "Authorization": "Sanitized",
        "Connection": "keep-alive",
        "Content-Length": "920",
        "Content-Type": "application/json",
        "Referer": "http://localhost:63315/",
        "sec-ch-ua": "\"Chromium\";v=\"136\", \"HeadlessChrome\";v=\"136\", \"Not.A/Brand\";v=\"99\"",
        "sec-ch-ua-mobile": "?0",
        "sec-ch-ua-platform": "\"Windows\"",
        "Sec-Fetch-Dest": "empty",
        "Sec-Fetch-Mode": "cors",
        "Sec-Fetch-Site": "same-site",
        "User-Agent": "Mozilla/5.0 (Windows NT 10.0; Win64; x64) AppleWebKit/537.36 (KHTML, like Gecko) HeadlessChrome/136.0.7103.25 Safari/537.36",
        "x-ms-client-request-id": "Sanitized",
        "x-ms-useragent": "azsdk-js-digital-twins-core/2.0.1 core-rest-pipeline/1.20.1 Chromium/136 OS/x86-Windows-19.0.0"
      },
      "RequestBody": "[{\"@id\":\"dtmi:samples:DTRelationshipsTestsBuilding;1\",\"@type\":\"Interface\",\"@context\":\"dtmi:dtdl:context;2\",\"displayName\":\"Building\",\"contents\":[{\"@type\":\"Relationship\",\"name\":\"Sanitized\",\"target\":\"dtmi:samples:DTRelationshipsTestsFloor;1\",\"properties\":[{\"@type\":\"Property\",\"name\":\"Sanitized\",\"schema\":\"boolean\"}]},{\"@type\":\"Property\",\"name\":\"Sanitized\",\"schema\":\"double\"}]},{\"@id\":\"dtmi:samples:DTRelationshipsTestsFloor;1\",\"@type\":\"Interface\",\"@context\":\"dtmi:dtdl:context;2\",\"displayName\":\"Floor\",\"contents\":[{\"@type\":\"Relationship\",\"name\":\"Sanitized\",\"target\":\"dtmi:samples:DTRelationshipsTestsRoom;1\"},{\"@type\":\"Property\",\"name\":\"Sanitized\",\"schema\":\"double\"}]},{\"@id\":\"dtmi:samples:DTRelationshipsTestsRoom;1\",\"@type\":\"Interface\",\"@context\":\"dtmi:dtdl:context;2\",\"displayName\":\"Room\",\"contents\":[{\"@type\":\"Property\",\"name\":\"Sanitized\",\"schema\":\"double\"},{\"@type\":\"Property\",\"name\":\"Sanitized\",\"schema\":\"boolean\"}]}]",
      "StatusCode": 201,
      "ResponseHeaders": {
        "Content-Length": "509",
        "Content-Type": "application/json; charset=utf-8",
        "Date": "Mon, 19 May 2025 19:05:28 GMT",
        "mise-correlation-id": "39806d39-ac52-47db-b55c-748cd2b3e424",
        "Strict-Transport-Security": "max-age=2592000",
        "traceresponse": "00-b6c8b8ee8b529f82dc94cceb28622187-db2b1e3f319094d5-01"
      },
      "ResponseBody": "[{\"id\":\"dtmi:samples:DTRelationshipsTestsBuilding;1\",\"description\":{},\"displayName\":{\"en\":\"Building\"},\"decommissioned\":false,\"uploadTime\":\"2025-05-19T19:05:28.7442505+00:00\"},{\"id\":\"dtmi:samples:DTRelationshipsTestsFloor;1\",\"description\":{},\"displayName\":{\"en\":\"Floor\"},\"decommissioned\":false,\"uploadTime\":\"2025-05-19T19:05:28.7442699+00:00\"},{\"id\":\"dtmi:samples:DTRelationshipsTestsRoom;1\",\"description\":{},\"displayName\":{\"en\":\"Room\"},\"decommissioned\":false,\"uploadTime\":\"2025-05-19T19:05:28.7442791+00:00\"}]"
    },
    {
      "RequestUri": "https://Sanitized.api.wcus.digitaltwins.azure.net/digitaltwins/DTRelationshipsTestsBuildingTwin?api-version=2023-10-31",
      "RequestMethod": "DELETE",
      "RequestHeaders": {
        "Accept": "application/json",
        "Accept-Encoding": "gzip, deflate, br, zstd",
        "Authorization": "Sanitized",
        "Connection": "keep-alive",
        "Referer": "http://localhost:63315/",
        "sec-ch-ua": "\"Chromium\";v=\"136\", \"HeadlessChrome\";v=\"136\", \"Not.A/Brand\";v=\"99\"",
        "sec-ch-ua-mobile": "?0",
        "sec-ch-ua-platform": "\"Windows\"",
        "Sec-Fetch-Dest": "empty",
        "Sec-Fetch-Mode": "cors",
        "Sec-Fetch-Site": "same-site",
        "User-Agent": "Mozilla/5.0 (Windows NT 10.0; Win64; x64) AppleWebKit/537.36 (KHTML, like Gecko) HeadlessChrome/136.0.7103.25 Safari/537.36",
        "x-ms-client-request-id": "Sanitized",
        "x-ms-useragent": "azsdk-js-digital-twins-core/2.0.1 core-rest-pipeline/1.20.1 Chromium/136 OS/x86-Windows-19.0.0"
      },
      "RequestBody": null,
      "StatusCode": 404,
      "ResponseHeaders": {
        "Content-Length": "286",
        "Content-Type": "application/json; charset=utf-8",
        "Date": "Mon, 19 May 2025 19:05:28 GMT",
        "mise-correlation-id": "5e0ed9ae-f13f-41d8-b618-1fd788570cad",
        "Strict-Transport-Security": "max-age=2592000",
        "traceresponse": "00-73d4aec0bb4300d8ca1b6a8d26f0f854-242c5ad88b7d69ed-01",
        "x-ms-error-code": "DigitalTwinNotFound"
      },
      "ResponseBody": {
        "error": {
          "code": "DigitalTwinNotFound",
          "message": "There is no digital twin instance that exists with the ID DTRelationshipsTestsBuildingTwin. Please verify that the twin id is valid and ensure that the twin is not deleted. See section on querying the twins https://aka.ms/adtv2query."
        }
      }
    },
    {
      "RequestUri": "https://Sanitized.api.wcus.digitaltwins.azure.net/digitaltwins/DTRelationshipsTestsFloorTwin?api-version=2023-10-31",
      "RequestMethod": "DELETE",
      "RequestHeaders": {
        "Accept": "application/json",
        "Accept-Encoding": "gzip, deflate, br, zstd",
        "Authorization": "Sanitized",
        "Connection": "keep-alive",
        "Referer": "http://localhost:63315/",
        "sec-ch-ua": "\"Chromium\";v=\"136\", \"HeadlessChrome\";v=\"136\", \"Not.A/Brand\";v=\"99\"",
        "sec-ch-ua-mobile": "?0",
        "sec-ch-ua-platform": "\"Windows\"",
        "Sec-Fetch-Dest": "empty",
        "Sec-Fetch-Mode": "cors",
        "Sec-Fetch-Site": "same-site",
        "User-Agent": "Mozilla/5.0 (Windows NT 10.0; Win64; x64) AppleWebKit/537.36 (KHTML, like Gecko) HeadlessChrome/136.0.7103.25 Safari/537.36",
        "x-ms-client-request-id": "Sanitized",
        "x-ms-useragent": "azsdk-js-digital-twins-core/2.0.1 core-rest-pipeline/1.20.1 Chromium/136 OS/x86-Windows-19.0.0"
      },
      "RequestBody": null,
      "StatusCode": 404,
      "ResponseHeaders": {
        "Content-Length": "283",
        "Content-Type": "application/json; charset=utf-8",
        "Date": "Mon, 19 May 2025 19:05:28 GMT",
        "mise-correlation-id": "a63194d7-2081-48b7-8c30-4651ff28e4c3",
        "Strict-Transport-Security": "max-age=2592000",
        "traceresponse": "00-8e518cf75635e8614992f7333c7fcdf4-aff4844ca41c24be-01",
        "x-ms-error-code": "DigitalTwinNotFound"
      },
      "ResponseBody": {
        "error": {
          "code": "DigitalTwinNotFound",
          "message": "There is no digital twin instance that exists with the ID DTRelationshipsTestsFloorTwin. Please verify that the twin id is valid and ensure that the twin is not deleted. See section on querying the twins https://aka.ms/adtv2query."
        }
      }
    },
    {
      "RequestUri": "https://Sanitized.api.wcus.digitaltwins.azure.net/digitaltwins/DTRelationshipsTestsRoomTwin?api-version=2023-10-31",
      "RequestMethod": "DELETE",
      "RequestHeaders": {
        "Accept": "application/json",
        "Accept-Encoding": "gzip, deflate, br, zstd",
        "Authorization": "Sanitized",
        "Connection": "keep-alive",
        "Referer": "http://localhost:63315/",
        "sec-ch-ua": "\"Chromium\";v=\"136\", \"HeadlessChrome\";v=\"136\", \"Not.A/Brand\";v=\"99\"",
        "sec-ch-ua-mobile": "?0",
        "sec-ch-ua-platform": "\"Windows\"",
        "Sec-Fetch-Dest": "empty",
        "Sec-Fetch-Mode": "cors",
        "Sec-Fetch-Site": "same-site",
        "User-Agent": "Mozilla/5.0 (Windows NT 10.0; Win64; x64) AppleWebKit/537.36 (KHTML, like Gecko) HeadlessChrome/136.0.7103.25 Safari/537.36",
        "x-ms-client-request-id": "Sanitized",
        "x-ms-useragent": "azsdk-js-digital-twins-core/2.0.1 core-rest-pipeline/1.20.1 Chromium/136 OS/x86-Windows-19.0.0"
      },
      "RequestBody": null,
      "StatusCode": 404,
      "ResponseHeaders": {
        "Content-Length": "282",
        "Content-Type": "application/json; charset=utf-8",
        "Date": "Mon, 19 May 2025 19:05:28 GMT",
        "mise-correlation-id": "a10960a7-3cee-44d3-8a23-82de45810cb9",
        "Strict-Transport-Security": "max-age=2592000",
        "traceresponse": "00-381eb052ee5d7e46f3fff20c146cc8df-a45c2b554a0d4f9b-01",
        "x-ms-error-code": "DigitalTwinNotFound"
      },
      "ResponseBody": {
        "error": {
          "code": "DigitalTwinNotFound",
          "message": "There is no digital twin instance that exists with the ID DTRelationshipsTestsRoomTwin. Please verify that the twin id is valid and ensure that the twin is not deleted. See section on querying the twins https://aka.ms/adtv2query."
        }
      }
    },
    {
      "RequestUri": "https://Sanitized.api.wcus.digitaltwins.azure.net/digitaltwins/DTRelationshipsTestsBuildingTwin?api-version=2023-10-31",
      "RequestMethod": "PUT",
      "RequestHeaders": {
        "Accept": "application/json",
        "Accept-Encoding": "gzip, deflate, br, zstd",
        "Authorization": "Sanitized",
        "Connection": "keep-alive",
        "Content-Length": "94",
        "Content-Type": "application/json",
        "Referer": "http://localhost:63315/",
        "sec-ch-ua": "\"Chromium\";v=\"136\", \"HeadlessChrome\";v=\"136\", \"Not.A/Brand\";v=\"99\"",
        "sec-ch-ua-mobile": "?0",
        "sec-ch-ua-platform": "\"Windows\"",
        "Sec-Fetch-Dest": "empty",
        "Sec-Fetch-Mode": "cors",
        "Sec-Fetch-Site": "same-site",
        "User-Agent": "Mozilla/5.0 (Windows NT 10.0; Win64; x64) AppleWebKit/537.36 (KHTML, like Gecko) HeadlessChrome/136.0.7103.25 Safari/537.36",
        "x-ms-client-request-id": "Sanitized",
        "x-ms-useragent": "azsdk-js-digital-twins-core/2.0.1 core-rest-pipeline/1.20.1 Chromium/136 OS/x86-Windows-19.0.0"
      },
      "RequestBody": {
        "$metadata": {
          "$model": "dtmi:samples:DTRelationshipsTestsBuilding;1"
        },
        "AverageTemperature": 68
      },
      "StatusCode": 200,
      "ResponseHeaders": {
        "Content-Length": "310",
        "Content-Type": "application/json; charset=utf-8",
        "Date": "Mon, 19 May 2025 19:05:28 GMT",
        "ETag": "W/\"4831f3b3-46d2-47eb-87ed-3cdf83345a3c\"",
        "mise-correlation-id": "b3cb3142-2b95-4a94-9617-bde17c5fb77b",
        "Strict-Transport-Security": "max-age=2592000",
        "traceresponse": "00-a4c1c6516f7ec31bb2572082a244ba09-e18910a4679d6353-01"
      },
      "ResponseBody": {
        "$dtId": "DTRelationshipsTestsBuildingTwin",
        "$etag": "W/\"4831f3b3-46d2-47eb-87ed-3cdf83345a3c\"",
        "AverageTemperature": 68,
        "$metadata": {
          "$model": "dtmi:samples:DTRelationshipsTestsBuilding;1",
          "$lastUpdateTime": "2025-05-19T19:05:29.0393914Z",
          "AverageTemperature": {
            "lastUpdateTime": "2025-05-19T19:05:29.0393914Z"
          }
        }
      }
    },
    {
      "RequestUri": "https://Sanitized.api.wcus.digitaltwins.azure.net/digitaltwins/DTRelationshipsTestsFloorTwin?api-version=2023-10-31",
      "RequestMethod": "PUT",
      "RequestHeaders": {
        "Accept": "application/json",
        "Accept-Encoding": "gzip, deflate, br, zstd",
        "Authorization": "Sanitized",
        "Connection": "keep-alive",
        "Content-Length": "91",
        "Content-Type": "application/json",
        "Referer": "http://localhost:63315/",
        "sec-ch-ua": "\"Chromium\";v=\"136\", \"HeadlessChrome\";v=\"136\", \"Not.A/Brand\";v=\"99\"",
        "sec-ch-ua-mobile": "?0",
        "sec-ch-ua-platform": "\"Windows\"",
        "Sec-Fetch-Dest": "empty",
        "Sec-Fetch-Mode": "cors",
        "Sec-Fetch-Site": "same-site",
        "User-Agent": "Mozilla/5.0 (Windows NT 10.0; Win64; x64) AppleWebKit/537.36 (KHTML, like Gecko) HeadlessChrome/136.0.7103.25 Safari/537.36",
        "x-ms-client-request-id": "Sanitized",
        "x-ms-useragent": "azsdk-js-digital-twins-core/2.0.1 core-rest-pipeline/1.20.1 Chromium/136 OS/x86-Windows-19.0.0"
      },
      "RequestBody": {
        "$metadata": {
          "$model": "dtmi:samples:DTRelationshipsTestsFloor;1"
        },
        "AverageTemperature": 75
      },
      "StatusCode": 200,
      "ResponseHeaders": {
        "Content-Length": "304",
        "Content-Type": "application/json; charset=utf-8",
        "Date": "Mon, 19 May 2025 19:05:28 GMT",
        "ETag": "W/\"a72ee5b4-96b4-44ef-88a1-15069ca1c048\"",
        "mise-correlation-id": "098f3abf-0e8b-4887-9b30-e4a36c6df70b",
        "Strict-Transport-Security": "max-age=2592000",
        "traceresponse": "00-9dd317b9b112efb79ceed235e20696b1-029e90ae6f7ec853-01"
      },
      "ResponseBody": {
        "$dtId": "DTRelationshipsTestsFloorTwin",
        "$etag": "W/\"a72ee5b4-96b4-44ef-88a1-15069ca1c048\"",
        "AverageTemperature": 75,
        "$metadata": {
          "$model": "dtmi:samples:DTRelationshipsTestsFloor;1",
          "$lastUpdateTime": "2025-05-19T19:05:29.0989873Z",
          "AverageTemperature": {
            "lastUpdateTime": "2025-05-19T19:05:29.0989873Z"
          }
        }
      }
    },
    {
      "RequestUri": "https://Sanitized.api.wcus.digitaltwins.azure.net/digitaltwins/DTRelationshipsTestsRoomTwin?api-version=2023-10-31",
      "RequestMethod": "PUT",
      "RequestHeaders": {
        "Accept": "application/json",
        "Accept-Encoding": "gzip, deflate, br, zstd",
        "Authorization": "Sanitized",
        "Connection": "keep-alive",
        "Content-Length": "101",
        "Content-Type": "application/json",
        "Referer": "http://localhost:63315/",
        "sec-ch-ua": "\"Chromium\";v=\"136\", \"HeadlessChrome\";v=\"136\", \"Not.A/Brand\";v=\"99\"",
        "sec-ch-ua-mobile": "?0",
        "sec-ch-ua-platform": "\"Windows\"",
        "Sec-Fetch-Dest": "empty",
        "Sec-Fetch-Mode": "cors",
        "Sec-Fetch-Site": "same-site",
        "User-Agent": "Mozilla/5.0 (Windows NT 10.0; Win64; x64) AppleWebKit/537.36 (KHTML, like Gecko) HeadlessChrome/136.0.7103.25 Safari/537.36",
        "x-ms-client-request-id": "Sanitized",
        "x-ms-useragent": "azsdk-js-digital-twins-core/2.0.1 core-rest-pipeline/1.20.1 Chromium/136 OS/x86-Windows-19.0.0"
      },
      "RequestBody": {
        "$metadata": {
          "$model": "dtmi:samples:DTRelationshipsTestsRoom;1"
        },
        "Temperature": 80,
        "IsOccupied": true
      },
      "StatusCode": 200,
      "ResponseHeaders": {
        "Content-Length": "369",
        "Content-Type": "application/json; charset=utf-8",
        "Date": "Mon, 19 May 2025 19:05:28 GMT",
        "ETag": "W/\"788999e7-77da-4a08-a7c3-3037ffec5aad\"",
        "mise-correlation-id": "70fd5c28-0fac-4760-9f60-1e3e82144fc5",
        "Strict-Transport-Security": "max-age=2592000",
        "traceresponse": "00-c898a11edbc895de7605f666df9cdf43-61976563f54ac541-01"
      },
      "ResponseBody": {
        "$dtId": "DTRelationshipsTestsRoomTwin",
        "$etag": "W/\"788999e7-77da-4a08-a7c3-3037ffec5aad\"",
        "Temperature": 80,
        "IsOccupied": true,
        "$metadata": {
          "$model": "dtmi:samples:DTRelationshipsTestsRoom;1",
          "$lastUpdateTime": "2025-05-19T19:05:29.1664670Z",
          "Temperature": {
            "lastUpdateTime": "2025-05-19T19:05:29.1664670Z"
          },
          "IsOccupied": {
            "lastUpdateTime": "2025-05-19T19:05:29.1664670Z"
          }
        }
      }
    },
    {
      "RequestUri": "https://Sanitized.api.wcus.digitaltwins.azure.net/digitaltwins/DTRelationshipsTestsBuildingTwin/relationships/BuildingHasFloor?api-version=2023-10-31",
      "RequestMethod": "PUT",
      "RequestHeaders": {
        "Accept": "application/json",
        "Accept-Encoding": "gzip, deflate, br, zstd",
        "Authorization": "Sanitized",
        "Connection": "keep-alive",
        "Content-Length": "182",
        "Content-Type": "application/json",
        "Referer": "http://localhost:63315/",
        "sec-ch-ua": "\"Chromium\";v=\"136\", \"HeadlessChrome\";v=\"136\", \"Not.A/Brand\";v=\"99\"",
        "sec-ch-ua-mobile": "?0",
        "sec-ch-ua-platform": "\"Windows\"",
        "Sec-Fetch-Dest": "empty",
        "Sec-Fetch-Mode": "cors",
        "Sec-Fetch-Site": "same-site",
        "User-Agent": "Mozilla/5.0 (Windows NT 10.0; Win64; x64) AppleWebKit/537.36 (KHTML, like Gecko) HeadlessChrome/136.0.7103.25 Safari/537.36",
        "x-ms-client-request-id": "Sanitized",
        "x-ms-useragent": "azsdk-js-digital-twins-core/2.0.1 core-rest-pipeline/1.20.1 Chromium/136 OS/x86-Windows-19.0.0"
      },
      "RequestBody": {
        "$relationshipId": "BuildingHasFloor",
        "$sourceId": "DTRelationshipsTestsBuildingTwin",
        "$relationshipName": "has",
        "$targetId": "DTRelationshipsTestsFloorTwin",
        "isAccessRestricted": false
      },
      "StatusCode": 200,
      "ResponseHeaders": {
        "Content-Length": "235",
        "Content-Type": "application/json; charset=utf-8",
        "Date": "Mon, 19 May 2025 19:05:28 GMT",
        "ETag": "W/\"4faa3f03-7c6b-447a-b11d-5901bf707191\"",
        "mise-correlation-id": "df5ed271-e981-4357-809b-98402303a1dd",
        "Strict-Transport-Security": "max-age=2592000",
        "traceresponse": "00-0299f3540818287213b46a7574ace5fe-55336f6c449d4988-01"
      },
      "ResponseBody": {
        "$relationshipId": "BuildingHasFloor",
        "$etag": "W/\"4faa3f03-7c6b-447a-b11d-5901bf707191\"",
        "$sourceId": "DTRelationshipsTestsBuildingTwin",
        "$relationshipName": "has",
        "$targetId": "DTRelationshipsTestsFloorTwin",
        "isAccessRestricted": false
      }
    },
    {
      "RequestUri": "https://Sanitized.api.wcus.digitaltwins.azure.net/digitaltwins/DTRelationshipsTestsBuildingTwin/relationships/BuildingHasFloor?api-version=2023-10-31",
      "RequestMethod": "PATCH",
      "RequestHeaders": {
        "Accept": "application/json",
        "Accept-Encoding": "gzip, deflate, br, zstd",
        "Authorization": "Sanitized",
        "Connection": "keep-alive",
        "Content-Length": "60",
        "Content-Type": "application/json-patch+json",
        "Referer": "http://localhost:63315/",
        "sec-ch-ua": "\"Chromium\";v=\"136\", \"HeadlessChrome\";v=\"136\", \"Not.A/Brand\";v=\"99\"",
        "sec-ch-ua-mobile": "?0",
        "sec-ch-ua-platform": "\"Windows\"",
        "Sec-Fetch-Dest": "empty",
        "Sec-Fetch-Mode": "cors",
        "Sec-Fetch-Site": "same-site",
        "User-Agent": "Mozilla/5.0 (Windows NT 10.0; Win64; x64) AppleWebKit/537.36 (KHTML, like Gecko) HeadlessChrome/136.0.7103.25 Safari/537.36",
        "x-ms-client-request-id": "Sanitized",
        "x-ms-useragent": "azsdk-js-digital-twins-core/2.0.1 core-rest-pipeline/1.20.1 Chromium/136 OS/x86-Windows-19.0.0"
      },
      "RequestBody": "[{\"op\":\"replace\",\"path\":\"/isAccessRestricted\",\"value\":true}]",
      "StatusCode": 204,
      "ResponseHeaders": {
        "Content-Length": "0",
        "Date": "Mon, 19 May 2025 19:05:28 GMT",
        "ETag": "W/\"89628670-9e48-4197-9ae3-8a68df0b2b2e\"",
        "mise-correlation-id": "5816628a-2006-4fbd-aaa1-e39cff8094f3",
        "Strict-Transport-Security": "max-age=2592000",
        "traceresponse": "00-1737cedfaa17cb449c8255c4207b1057-aa7f53cf200bc5d7-01"
      },
      "ResponseBody": null
    },
    {
      "RequestUri": "https://Sanitized.api.wcus.digitaltwins.azure.net/digitaltwins/DTRelationshipsTestsBuildingTwin/relationships/BuildingHasFloor?api-version=2023-10-31",
      "RequestMethod": "GET",
      "RequestHeaders": {
        "Accept": "application/json",
        "Accept-Encoding": "gzip, deflate, br, zstd",
        "Authorization": "Sanitized",
        "Connection": "keep-alive",
        "Referer": "http://localhost:63315/",
        "sec-ch-ua": "\"Chromium\";v=\"136\", \"HeadlessChrome\";v=\"136\", \"Not.A/Brand\";v=\"99\"",
        "sec-ch-ua-mobile": "?0",
        "sec-ch-ua-platform": "\"Windows\"",
        "Sec-Fetch-Dest": "empty",
        "Sec-Fetch-Mode": "cors",
        "Sec-Fetch-Site": "same-site",
        "User-Agent": "Mozilla/5.0 (Windows NT 10.0; Win64; x64) AppleWebKit/537.36 (KHTML, like Gecko) HeadlessChrome/136.0.7103.25 Safari/537.36",
        "x-ms-client-request-id": "Sanitized",
        "x-ms-useragent": "azsdk-js-digital-twins-core/2.0.1 core-rest-pipeline/1.20.1 Chromium/136 OS/x86-Windows-19.0.0"
      },
      "RequestBody": null,
      "StatusCode": 200,
      "ResponseHeaders": {
        "Content-Length": "234",
        "Content-Type": "application/json; charset=utf-8",
        "Date": "Mon, 19 May 2025 19:05:28 GMT",
        "ETag": "W/\"89628670-9e48-4197-9ae3-8a68df0b2b2e\"",
        "mise-correlation-id": "77fcd7b8-8409-4e8b-821b-8626b52b09b0",
        "Strict-Transport-Security": "max-age=2592000",
        "traceresponse": "00-8e39f3c7a8b3bb6321c95e1f7e70adaa-251017729e60abd7-01"
      },
      "ResponseBody": {
        "$relationshipId": "BuildingHasFloor",
        "$etag": "W/\"89628670-9e48-4197-9ae3-8a68df0b2b2e\"",
        "$sourceId": "DTRelationshipsTestsBuildingTwin",
        "$relationshipName": "has",
        "$targetId": "DTRelationshipsTestsFloorTwin",
        "isAccessRestricted": true
      }
    },
    {
      "RequestUri": "https://Sanitized.api.wcus.digitaltwins.azure.net/digitaltwins/DTRelationshipsTestsBuildingTwin/relationships/BuildingHasFloor?api-version=2023-10-31",
      "RequestMethod": "DELETE",
      "RequestHeaders": {
        "Accept": "application/json",
        "Accept-Encoding": "gzip, deflate, br, zstd",
        "Authorization": "Sanitized",
        "Connection": "keep-alive",
        "Referer": "http://localhost:63315/",
        "sec-ch-ua": "\"Chromium\";v=\"136\", \"HeadlessChrome\";v=\"136\", \"Not.A/Brand\";v=\"99\"",
        "sec-ch-ua-mobile": "?0",
        "sec-ch-ua-platform": "\"Windows\"",
        "Sec-Fetch-Dest": "empty",
        "Sec-Fetch-Mode": "cors",
        "Sec-Fetch-Site": "same-site",
        "User-Agent": "Mozilla/5.0 (Windows NT 10.0; Win64; x64) AppleWebKit/537.36 (KHTML, like Gecko) HeadlessChrome/136.0.7103.25 Safari/537.36",
        "x-ms-client-request-id": "Sanitized",
        "x-ms-useragent": "azsdk-js-digital-twins-core/2.0.1 core-rest-pipeline/1.20.1 Chromium/136 OS/x86-Windows-19.0.0"
      },
      "RequestBody": null,
      "StatusCode": 204,
      "ResponseHeaders": {
        "Content-Length": "0",
        "Date": "Mon, 19 May 2025 19:05:28 GMT",
        "mise-correlation-id": "902d9b69-9dbd-42a1-b775-1e0ad3b3499d",
        "Strict-Transport-Security": "max-age=2592000",
        "traceresponse": "00-5d39c61351821e84cd22d8906687e56b-e8bdcab04aeca5fa-01"
      },
      "ResponseBody": null
    },
    {
      "RequestUri": "https://Sanitized.api.wcus.digitaltwins.azure.net/digitaltwins/DTRelationshipsTestsBuildingTwin?api-version=2023-10-31",
      "RequestMethod": "DELETE",
      "RequestHeaders": {
        "Accept": "application/json",
        "Accept-Encoding": "gzip, deflate, br, zstd",
        "Authorization": "Sanitized",
        "Connection": "keep-alive",
        "Referer": "http://localhost:63315/",
        "sec-ch-ua": "\"Chromium\";v=\"136\", \"HeadlessChrome\";v=\"136\", \"Not.A/Brand\";v=\"99\"",
        "sec-ch-ua-mobile": "?0",
        "sec-ch-ua-platform": "\"Windows\"",
        "Sec-Fetch-Dest": "empty",
        "Sec-Fetch-Mode": "cors",
        "Sec-Fetch-Site": "same-site",
        "User-Agent": "Mozilla/5.0 (Windows NT 10.0; Win64; x64) AppleWebKit/537.36 (KHTML, like Gecko) HeadlessChrome/136.0.7103.25 Safari/537.36",
        "x-ms-client-request-id": "Sanitized",
        "x-ms-useragent": "azsdk-js-digital-twins-core/2.0.1 core-rest-pipeline/1.20.1 Chromium/136 OS/x86-Windows-19.0.0"
      },
      "RequestBody": null,
      "StatusCode": 204,
      "ResponseHeaders": {
        "Content-Length": "0",
        "Date": "Mon, 19 May 2025 19:05:29 GMT",
        "mise-correlation-id": "e7db3714-0b48-4c89-abaa-ab4ed482da87",
        "Strict-Transport-Security": "max-age=2592000",
        "traceresponse": "00-25edab48d1235661bbdf5c13bd194ed9-32aa874a3fbb3ae0-01"
      },
      "ResponseBody": null
    },
    {
      "RequestUri": "https://Sanitized.api.wcus.digitaltwins.azure.net/digitaltwins/DTRelationshipsTestsFloorTwin?api-version=2023-10-31",
      "RequestMethod": "DELETE",
      "RequestHeaders": {
        "Accept": "application/json",
        "Accept-Encoding": "gzip, deflate, br, zstd",
        "Authorization": "Sanitized",
        "Connection": "keep-alive",
        "Referer": "http://localhost:63315/",
        "sec-ch-ua": "\"Chromium\";v=\"136\", \"HeadlessChrome\";v=\"136\", \"Not.A/Brand\";v=\"99\"",
        "sec-ch-ua-mobile": "?0",
        "sec-ch-ua-platform": "\"Windows\"",
        "Sec-Fetch-Dest": "empty",
        "Sec-Fetch-Mode": "cors",
        "Sec-Fetch-Site": "same-site",
        "User-Agent": "Mozilla/5.0 (Windows NT 10.0; Win64; x64) AppleWebKit/537.36 (KHTML, like Gecko) HeadlessChrome/136.0.7103.25 Safari/537.36",
        "x-ms-client-request-id": "Sanitized",
        "x-ms-useragent": "azsdk-js-digital-twins-core/2.0.1 core-rest-pipeline/1.20.1 Chromium/136 OS/x86-Windows-19.0.0"
      },
      "RequestBody": null,
      "StatusCode": 204,
      "ResponseHeaders": {
        "Content-Length": "0",
        "Date": "Mon, 19 May 2025 19:05:29 GMT",
        "mise-correlation-id": "d8f53783-3ac9-4b7c-924d-e0360be6ae10",
        "Strict-Transport-Security": "max-age=2592000",
        "traceresponse": "00-85c57b9811388fad660a87d1cb14de57-8b6f53d87d53ba46-01"
      },
      "ResponseBody": null
    },
    {
      "RequestUri": "https://Sanitized.api.wcus.digitaltwins.azure.net/digitaltwins/DTRelationshipsTestsRoomTwin?api-version=2023-10-31",
      "RequestMethod": "DELETE",
      "RequestHeaders": {
        "Accept": "application/json",
        "Accept-Encoding": "gzip, deflate, br, zstd",
        "Authorization": "Sanitized",
        "Connection": "keep-alive",
        "Referer": "http://localhost:63315/",
        "sec-ch-ua": "\"Chromium\";v=\"136\", \"HeadlessChrome\";v=\"136\", \"Not.A/Brand\";v=\"99\"",
        "sec-ch-ua-mobile": "?0",
        "sec-ch-ua-platform": "\"Windows\"",
        "Sec-Fetch-Dest": "empty",
        "Sec-Fetch-Mode": "cors",
        "Sec-Fetch-Site": "same-site",
        "User-Agent": "Mozilla/5.0 (Windows NT 10.0; Win64; x64) AppleWebKit/537.36 (KHTML, like Gecko) HeadlessChrome/136.0.7103.25 Safari/537.36",
        "x-ms-client-request-id": "Sanitized",
        "x-ms-useragent": "azsdk-js-digital-twins-core/2.0.1 core-rest-pipeline/1.20.1 Chromium/136 OS/x86-Windows-19.0.0"
      },
      "RequestBody": null,
      "StatusCode": 204,
      "ResponseHeaders": {
        "Content-Length": "0",
        "Date": "Mon, 19 May 2025 19:05:29 GMT",
        "mise-correlation-id": "ead2f22d-dc68-4e2b-92e3-06386a2632a0",
        "Strict-Transport-Security": "max-age=2592000",
        "traceresponse": "00-c223db074b1f76a46d1593f8fa01a948-373eb123a4d494a1-01"
      },
      "ResponseBody": null
    },
    {
      "RequestUri": "https://Sanitized.api.wcus.digitaltwins.azure.net/models/dtmi%3Asamples%3ADTRelationshipsTestsBuilding%3B1?api-version=2023-10-31",
      "RequestMethod": "DELETE",
      "RequestHeaders": {
        "Accept": "application/json",
        "Accept-Encoding": "gzip, deflate, br, zstd",
        "Authorization": "Sanitized",
        "Connection": "keep-alive",
        "Referer": "http://localhost:63315/",
        "sec-ch-ua": "\"Chromium\";v=\"136\", \"HeadlessChrome\";v=\"136\", \"Not.A/Brand\";v=\"99\"",
        "sec-ch-ua-mobile": "?0",
        "sec-ch-ua-platform": "\"Windows\"",
        "Sec-Fetch-Dest": "empty",
        "Sec-Fetch-Mode": "cors",
        "Sec-Fetch-Site": "same-site",
        "User-Agent": "Mozilla/5.0 (Windows NT 10.0; Win64; x64) AppleWebKit/537.36 (KHTML, like Gecko) HeadlessChrome/136.0.7103.25 Safari/537.36",
        "x-ms-client-request-id": "Sanitized",
        "x-ms-useragent": "azsdk-js-digital-twins-core/2.0.1 core-rest-pipeline/1.20.1 Chromium/136 OS/x86-Windows-19.0.0"
      },
      "RequestBody": null,
      "StatusCode": 204,
      "ResponseHeaders": {
        "Content-Length": "0",
        "Date": "Mon, 19 May 2025 19:05:29 GMT",
        "mise-correlation-id": "702caae8-344f-41a5-bc9f-b697a38061a1",
        "Strict-Transport-Security": "max-age=2592000",
        "traceresponse": "00-fa66f64a273347567b95350b2854ad71-abbc159872941141-01"
      },
      "ResponseBody": null
    },
    {
      "RequestUri": "https://Sanitized.api.wcus.digitaltwins.azure.net/models/dtmi%3Asamples%3ADTRelationshipsTestsFloor%3B1?api-version=2023-10-31",
      "RequestMethod": "DELETE",
      "RequestHeaders": {
        "Accept": "application/json",
        "Accept-Encoding": "gzip, deflate, br, zstd",
        "Authorization": "Sanitized",
        "Connection": "keep-alive",
        "Referer": "http://localhost:63315/",
        "sec-ch-ua": "\"Chromium\";v=\"136\", \"HeadlessChrome\";v=\"136\", \"Not.A/Brand\";v=\"99\"",
        "sec-ch-ua-mobile": "?0",
        "sec-ch-ua-platform": "\"Windows\"",
        "Sec-Fetch-Dest": "empty",
        "Sec-Fetch-Mode": "cors",
        "Sec-Fetch-Site": "same-site",
        "User-Agent": "Mozilla/5.0 (Windows NT 10.0; Win64; x64) AppleWebKit/537.36 (KHTML, like Gecko) HeadlessChrome/136.0.7103.25 Safari/537.36",
        "x-ms-client-request-id": "Sanitized",
        "x-ms-useragent": "azsdk-js-digital-twins-core/2.0.1 core-rest-pipeline/1.20.1 Chromium/136 OS/x86-Windows-19.0.0"
      },
      "RequestBody": null,
      "StatusCode": 204,
      "ResponseHeaders": {
        "Content-Length": "0",
        "Date": "Mon, 19 May 2025 19:05:29 GMT",
        "mise-correlation-id": "0cdf0f4c-2e6f-46d4-bd9b-026922553ea8",
        "Strict-Transport-Security": "max-age=2592000",
        "traceresponse": "00-fb772b66b31000ae6808a93a1b43d98c-4c8a405fa5661812-01"
      },
      "ResponseBody": null
    },
    {
      "RequestUri": "https://Sanitized.api.wcus.digitaltwins.azure.net/models/dtmi%3Asamples%3ADTRelationshipsTestsRoom%3B1?api-version=2023-10-31",
      "RequestMethod": "DELETE",
      "RequestHeaders": {
        "Accept": "application/json",
        "Accept-Encoding": "gzip, deflate, br, zstd",
        "Authorization": "Sanitized",
        "Connection": "keep-alive",
        "Referer": "http://localhost:63315/",
        "sec-ch-ua": "\"Chromium\";v=\"136\", \"HeadlessChrome\";v=\"136\", \"Not.A/Brand\";v=\"99\"",
        "sec-ch-ua-mobile": "?0",
        "sec-ch-ua-platform": "\"Windows\"",
        "Sec-Fetch-Dest": "empty",
        "Sec-Fetch-Mode": "cors",
        "Sec-Fetch-Site": "same-site",
        "User-Agent": "Mozilla/5.0 (Windows NT 10.0; Win64; x64) AppleWebKit/537.36 (KHTML, like Gecko) HeadlessChrome/136.0.7103.25 Safari/537.36",
        "x-ms-client-request-id": "Sanitized",
        "x-ms-useragent": "azsdk-js-digital-twins-core/2.0.1 core-rest-pipeline/1.20.1 Chromium/136 OS/x86-Windows-19.0.0"
      },
      "RequestBody": null,
      "StatusCode": 204,
      "ResponseHeaders": {
        "Content-Length": "0",
        "Date": "Mon, 19 May 2025 19:05:29 GMT",
        "mise-correlation-id": "5ae7c100-daf7-4ef7-b16c-0b2f5be9d64e",
        "Strict-Transport-Security": "max-age=2592000",
        "traceresponse": "00-9131549db6ddb637ec1599749f93d961-5f8fc4165c9d3c18-01"
      },
      "ResponseBody": null
    }
  ],
  "Variables": {}
}
