{
  "Entries": [
    {
      "RequestUri": "https://Sanitized.api.eus2.digitaltwins.azure.net/models/dtmi%3Asamples%3ADTRelationshipsTestsBuilding%3B1?api-version=2023-10-31",
      "RequestMethod": "DELETE",
      "RequestHeaders": {
        "Accept": "application/json",
        "Accept-Encoding": "gzip, deflate, br, zstd",
        "Authorization": "Sanitized",
        "Connection": "keep-alive",
        "Referer": "http://localhost:63315/",
        "sec-ch-ua": "\"Chromium\";v=\"136\", \"HeadlessChrome\";v=\"136\", \"Not.A/Brand\";v=\"99\"",
        "sec-ch-ua-mobile": "?0",
        "sec-ch-ua-platform": "\"Windows\"",
        "Sec-Fetch-Dest": "empty",
        "Sec-Fetch-Mode": "cors",
        "Sec-Fetch-Site": "same-site",
        "User-Agent": "Mozilla/5.0 (Windows NT 10.0; Win64; x64) AppleWebKit/537.36 (KHTML, like Gecko) HeadlessChrome/136.0.7103.25 Safari/537.36",
        "x-ms-client-request-id": "Sanitized",
        "x-ms-useragent": "azsdk-js-digital-twins-core/2.0.0 core-rest-pipeline/1.20.1 Chromium/136 OS/x86-Windows-19.0.0"
      },
      "RequestBody": null,
      "StatusCode": 404,
      "ResponseHeaders": {
        "Content-Length": "228",
        "Content-Type": "application/json; charset=utf-8",
        "Date": "Thu, 08 May 2025 06:17:38 GMT",
        "mise-correlation-id": "fc8903af-3e14-4065-b744-a83adce3c4d6",
        "Strict-Transport-Security": "max-age=2592000",
        "traceresponse": "00-9be0b0816415a01a3a4ef652534e3de4-da1cdc2d34161cf6-01",
        "x-ms-error-code": "ModelNotFound"
      },
      "ResponseBody": {
        "error": {
          "code": "ModelNotFound",
          "message": "There is no Model(s) available that matches the provided id(s) dtmi:samples:DTRelationshipsTestsBuilding;1. Check that the Model ID provided is valid by doing a Model_List API call."
        }
      }
    },
    {
      "RequestUri": "https://Sanitized.api.eus2.digitaltwins.azure.net/models/dtmi%3Asamples%3ADTRelationshipsTestsFloor%3B1?api-version=2023-10-31",
      "RequestMethod": "DELETE",
      "RequestHeaders": {
        "Accept": "application/json",
        "Accept-Encoding": "gzip, deflate, br, zstd",
        "Authorization": "Sanitized",
        "Connection": "keep-alive",
        "Referer": "http://localhost:63315/",
        "sec-ch-ua": "\"Chromium\";v=\"136\", \"HeadlessChrome\";v=\"136\", \"Not.A/Brand\";v=\"99\"",
        "sec-ch-ua-mobile": "?0",
        "sec-ch-ua-platform": "\"Windows\"",
        "Sec-Fetch-Dest": "empty",
        "Sec-Fetch-Mode": "cors",
        "Sec-Fetch-Site": "same-site",
        "User-Agent": "Mozilla/5.0 (Windows NT 10.0; Win64; x64) AppleWebKit/537.36 (KHTML, like Gecko) HeadlessChrome/136.0.7103.25 Safari/537.36",
        "x-ms-client-request-id": "Sanitized",
        "x-ms-useragent": "azsdk-js-digital-twins-core/2.0.0 core-rest-pipeline/1.20.1 Chromium/136 OS/x86-Windows-19.0.0"
      },
      "RequestBody": null,
      "StatusCode": 404,
      "ResponseHeaders": {
        "Content-Length": "225",
        "Content-Type": "application/json; charset=utf-8",
        "Date": "Thu, 08 May 2025 06:17:39 GMT",
        "mise-correlation-id": "d5d343b3-9c37-48bc-ba05-5774e96f1181",
        "Strict-Transport-Security": "max-age=2592000",
        "traceresponse": "00-4d945caa565969d3d432d95e218bf53f-3f8a2a241a7e84bd-01",
        "x-ms-error-code": "ModelNotFound"
      },
      "ResponseBody": {
        "error": {
          "code": "ModelNotFound",
          "message": "There is no Model(s) available that matches the provided id(s) dtmi:samples:DTRelationshipsTestsFloor;1. Check that the Model ID provided is valid by doing a Model_List API call."
        }
      }
    },
    {
      "RequestUri": "https://Sanitized.api.eus2.digitaltwins.azure.net/models/dtmi%3Asamples%3ADTRelationshipsTestsRoom%3B1?api-version=2023-10-31",
      "RequestMethod": "DELETE",
      "RequestHeaders": {
        "Accept": "application/json",
        "Accept-Encoding": "gzip, deflate, br, zstd",
        "Authorization": "Sanitized",
        "Connection": "keep-alive",
        "Referer": "http://localhost:63315/",
        "sec-ch-ua": "\"Chromium\";v=\"136\", \"HeadlessChrome\";v=\"136\", \"Not.A/Brand\";v=\"99\"",
        "sec-ch-ua-mobile": "?0",
        "sec-ch-ua-platform": "\"Windows\"",
        "Sec-Fetch-Dest": "empty",
        "Sec-Fetch-Mode": "cors",
        "Sec-Fetch-Site": "same-site",
        "User-Agent": "Mozilla/5.0 (Windows NT 10.0; Win64; x64) AppleWebKit/537.36 (KHTML, like Gecko) HeadlessChrome/136.0.7103.25 Safari/537.36",
        "x-ms-client-request-id": "Sanitized",
        "x-ms-useragent": "azsdk-js-digital-twins-core/2.0.0 core-rest-pipeline/1.20.1 Chromium/136 OS/x86-Windows-19.0.0"
      },
      "RequestBody": null,
      "StatusCode": 404,
      "ResponseHeaders": {
        "Content-Length": "224",
        "Content-Type": "application/json; charset=utf-8",
        "Date": "Thu, 08 May 2025 06:17:39 GMT",
        "mise-correlation-id": "00e9dc95-a4d9-4a87-9479-50b5e9a75a53",
        "Strict-Transport-Security": "max-age=2592000",
        "traceresponse": "00-0f7e601293cc27cfaf755e984d815012-e111cb5b4ca27585-01",
        "x-ms-error-code": "ModelNotFound"
      },
      "ResponseBody": {
        "error": {
          "code": "ModelNotFound",
          "message": "There is no Model(s) available that matches the provided id(s) dtmi:samples:DTRelationshipsTestsRoom;1. Check that the Model ID provided is valid by doing a Model_List API call."
        }
      }
    },
    {
      "RequestUri": "https://Sanitized.api.eus2.digitaltwins.azure.net/models?api-version=2023-10-31",
      "RequestMethod": "POST",
      "RequestHeaders": {
        "Accept": "application/json",
        "Accept-Encoding": "gzip, deflate, br, zstd",
        "Authorization": "Sanitized",
        "Connection": "keep-alive",
        "Content-Length": "920",
        "Content-Type": "application/json",
        "Referer": "http://localhost:63315/",
        "sec-ch-ua": "\"Chromium\";v=\"136\", \"HeadlessChrome\";v=\"136\", \"Not.A/Brand\";v=\"99\"",
        "sec-ch-ua-mobile": "?0",
        "sec-ch-ua-platform": "\"Windows\"",
        "Sec-Fetch-Dest": "empty",
        "Sec-Fetch-Mode": "cors",
        "Sec-Fetch-Site": "same-site",
        "User-Agent": "Mozilla/5.0 (Windows NT 10.0; Win64; x64) AppleWebKit/537.36 (KHTML, like Gecko) HeadlessChrome/136.0.7103.25 Safari/537.36",
        "x-ms-client-request-id": "Sanitized",
        "x-ms-useragent": "azsdk-js-digital-twins-core/2.0.0 core-rest-pipeline/1.20.1 Chromium/136 OS/x86-Windows-19.0.0"
      },
      "RequestBody": "[{\"@id\":\"dtmi:samples:DTRelationshipsTestsBuilding;1\",\"@type\":\"Interface\",\"@context\":\"dtmi:dtdl:context;2\",\"displayName\":\"Building\",\"contents\":[{\"@type\":\"Relationship\",\"name\":\"Sanitized\",\"target\":\"dtmi:samples:DTRelationshipsTestsFloor;1\",\"properties\":[{\"@type\":\"Property\",\"name\":\"Sanitized\",\"schema\":\"boolean\"}]},{\"@type\":\"Property\",\"name\":\"Sanitized\",\"schema\":\"double\"}]},{\"@id\":\"dtmi:samples:DTRelationshipsTestsFloor;1\",\"@type\":\"Interface\",\"@context\":\"dtmi:dtdl:context;2\",\"displayName\":\"Floor\",\"contents\":[{\"@type\":\"Relationship\",\"name\":\"Sanitized\",\"target\":\"dtmi:samples:DTRelationshipsTestsRoom;1\"},{\"@type\":\"Property\",\"name\":\"Sanitized\",\"schema\":\"double\"}]},{\"@id\":\"dtmi:samples:DTRelationshipsTestsRoom;1\",\"@type\":\"Interface\",\"@context\":\"dtmi:dtdl:context;2\",\"displayName\":\"Room\",\"contents\":[{\"@type\":\"Property\",\"name\":\"Sanitized\",\"schema\":\"double\"},{\"@type\":\"Property\",\"name\":\"Sanitized\",\"schema\":\"boolean\"}]}]",
      "StatusCode": 201,
      "ResponseHeaders": {
        "Content-Length": "509",
        "Content-Type": "application/json; charset=utf-8",
        "Date": "Thu, 08 May 2025 06:17:39 GMT",
        "mise-correlation-id": "a722c4e0-f462-4133-a32b-464d492ebb4e",
        "Strict-Transport-Security": "max-age=2592000",
        "traceresponse": "00-3daf77fa298865095e0de8234ecfc9c2-bf09c5ad69574c1f-01"
      },
      "ResponseBody": "[{\"id\":\"dtmi:samples:DTRelationshipsTestsBuilding;1\",\"description\":{},\"displayName\":{\"en\":\"Building\"},\"decommissioned\":false,\"uploadTime\":\"2025-05-08T06:17:40.2208677+00:00\"},{\"id\":\"dtmi:samples:DTRelationshipsTestsFloor;1\",\"description\":{},\"displayName\":{\"en\":\"Floor\"},\"decommissioned\":false,\"uploadTime\":\"2025-05-08T06:17:40.2208907+00:00\"},{\"id\":\"dtmi:samples:DTRelationshipsTestsRoom;1\",\"description\":{},\"displayName\":{\"en\":\"Room\"},\"decommissioned\":false,\"uploadTime\":\"2025-05-08T06:17:40.2209014+00:00\"}]"
    },
    {
      "RequestUri": "https://Sanitized.api.eus2.digitaltwins.azure.net/digitaltwins/DTRelationshipsTestsBuildingTwin?api-version=2023-10-31",
      "RequestMethod": "DELETE",
      "RequestHeaders": {
        "Accept": "application/json",
        "Accept-Encoding": "gzip, deflate, br, zstd",
        "Authorization": "Sanitized",
        "Connection": "keep-alive",
        "Referer": "http://localhost:63315/",
        "sec-ch-ua": "\"Chromium\";v=\"136\", \"HeadlessChrome\";v=\"136\", \"Not.A/Brand\";v=\"99\"",
        "sec-ch-ua-mobile": "?0",
        "sec-ch-ua-platform": "\"Windows\"",
        "Sec-Fetch-Dest": "empty",
        "Sec-Fetch-Mode": "cors",
        "Sec-Fetch-Site": "same-site",
        "User-Agent": "Mozilla/5.0 (Windows NT 10.0; Win64; x64) AppleWebKit/537.36 (KHTML, like Gecko) HeadlessChrome/136.0.7103.25 Safari/537.36",
        "x-ms-client-request-id": "Sanitized",
        "x-ms-useragent": "azsdk-js-digital-twins-core/2.0.0 core-rest-pipeline/1.20.1 Chromium/136 OS/x86-Windows-19.0.0"
      },
      "RequestBody": null,
      "StatusCode": 404,
      "ResponseHeaders": {
        "Content-Length": "286",
        "Content-Type": "application/json; charset=utf-8",
        "Date": "Thu, 08 May 2025 06:17:39 GMT",
        "mise-correlation-id": "0f10d824-fd72-4c1c-a2ae-b0c5af915dff",
        "Strict-Transport-Security": "max-age=2592000",
        "traceresponse": "00-0a7363078c5713bb0ade80b19cca3ab3-2f377e5cc691870a-01",
        "x-ms-error-code": "DigitalTwinNotFound"
      },
      "ResponseBody": {
        "error": {
          "code": "DigitalTwinNotFound",
          "message": "There is no digital twin instance that exists with the ID DTRelationshipsTestsBuildingTwin. Please verify that the twin id is valid and ensure that the twin is not deleted. See section on querying the twins https://aka.ms/adtv2query."
        }
      }
    },
    {
      "RequestUri": "https://Sanitized.api.eus2.digitaltwins.azure.net/digitaltwins/DTRelationshipsTestsFloorTwin?api-version=2023-10-31",
      "RequestMethod": "DELETE",
      "RequestHeaders": {
        "Accept": "application/json",
        "Accept-Encoding": "gzip, deflate, br, zstd",
        "Authorization": "Sanitized",
        "Connection": "keep-alive",
        "Referer": "http://localhost:63315/",
        "sec-ch-ua": "\"Chromium\";v=\"136\", \"HeadlessChrome\";v=\"136\", \"Not.A/Brand\";v=\"99\"",
        "sec-ch-ua-mobile": "?0",
        "sec-ch-ua-platform": "\"Windows\"",
        "Sec-Fetch-Dest": "empty",
        "Sec-Fetch-Mode": "cors",
        "Sec-Fetch-Site": "same-site",
        "User-Agent": "Mozilla/5.0 (Windows NT 10.0; Win64; x64) AppleWebKit/537.36 (KHTML, like Gecko) HeadlessChrome/136.0.7103.25 Safari/537.36",
        "x-ms-client-request-id": "Sanitized",
        "x-ms-useragent": "azsdk-js-digital-twins-core/2.0.0 core-rest-pipeline/1.20.1 Chromium/136 OS/x86-Windows-19.0.0"
      },
      "RequestBody": null,
      "StatusCode": 404,
      "ResponseHeaders": {
        "Content-Length": "283",
        "Content-Type": "application/json; charset=utf-8",
        "Date": "Thu, 08 May 2025 06:17:39 GMT",
        "mise-correlation-id": "bd9921aa-18f2-49bc-9bd7-25b14f568e2b",
        "Strict-Transport-Security": "max-age=2592000",
        "traceresponse": "00-dd306fe93c9eeee13701911efa804a25-b97db5ed67535dec-01",
        "x-ms-error-code": "DigitalTwinNotFound"
      },
      "ResponseBody": {
        "error": {
          "code": "DigitalTwinNotFound",
          "message": "There is no digital twin instance that exists with the ID DTRelationshipsTestsFloorTwin. Please verify that the twin id is valid and ensure that the twin is not deleted. See section on querying the twins https://aka.ms/adtv2query."
        }
      }
    },
    {
      "RequestUri": "https://Sanitized.api.eus2.digitaltwins.azure.net/digitaltwins/DTRelationshipsTestsRoomTwin?api-version=2023-10-31",
      "RequestMethod": "DELETE",
      "RequestHeaders": {
        "Accept": "application/json",
        "Accept-Encoding": "gzip, deflate, br, zstd",
        "Authorization": "Sanitized",
        "Connection": "keep-alive",
        "Referer": "http://localhost:63315/",
        "sec-ch-ua": "\"Chromium\";v=\"136\", \"HeadlessChrome\";v=\"136\", \"Not.A/Brand\";v=\"99\"",
        "sec-ch-ua-mobile": "?0",
        "sec-ch-ua-platform": "\"Windows\"",
        "Sec-Fetch-Dest": "empty",
        "Sec-Fetch-Mode": "cors",
        "Sec-Fetch-Site": "same-site",
        "User-Agent": "Mozilla/5.0 (Windows NT 10.0; Win64; x64) AppleWebKit/537.36 (KHTML, like Gecko) HeadlessChrome/136.0.7103.25 Safari/537.36",
        "x-ms-client-request-id": "Sanitized",
        "x-ms-useragent": "azsdk-js-digital-twins-core/2.0.0 core-rest-pipeline/1.20.1 Chromium/136 OS/x86-Windows-19.0.0"
      },
      "RequestBody": null,
      "StatusCode": 404,
      "ResponseHeaders": {
        "Content-Length": "282",
        "Content-Type": "application/json; charset=utf-8",
        "Date": "Thu, 08 May 2025 06:17:39 GMT",
        "mise-correlation-id": "1b691d9b-aa14-4e43-8556-49e058f27d2e",
        "Strict-Transport-Security": "max-age=2592000",
        "traceresponse": "00-dfc59b05402fa6967d1661eb338a95f9-3259cff23a0bbcb1-01",
        "x-ms-error-code": "DigitalTwinNotFound"
      },
      "ResponseBody": {
        "error": {
          "code": "DigitalTwinNotFound",
          "message": "There is no digital twin instance that exists with the ID DTRelationshipsTestsRoomTwin. Please verify that the twin id is valid and ensure that the twin is not deleted. See section on querying the twins https://aka.ms/adtv2query."
        }
      }
    },
    {
      "RequestUri": "https://Sanitized.api.eus2.digitaltwins.azure.net/digitaltwins/DTRelationshipsTestsBuildingTwin?api-version=2023-10-31",
      "RequestMethod": "PUT",
      "RequestHeaders": {
        "Accept": "application/json",
        "Accept-Encoding": "gzip, deflate, br, zstd",
        "Authorization": "Sanitized",
        "Connection": "keep-alive",
        "Content-Length": "94",
        "Content-Type": "application/json",
        "Referer": "http://localhost:63315/",
        "sec-ch-ua": "\"Chromium\";v=\"136\", \"HeadlessChrome\";v=\"136\", \"Not.A/Brand\";v=\"99\"",
        "sec-ch-ua-mobile": "?0",
        "sec-ch-ua-platform": "\"Windows\"",
        "Sec-Fetch-Dest": "empty",
        "Sec-Fetch-Mode": "cors",
        "Sec-Fetch-Site": "same-site",
        "User-Agent": "Mozilla/5.0 (Windows NT 10.0; Win64; x64) AppleWebKit/537.36 (KHTML, like Gecko) HeadlessChrome/136.0.7103.25 Safari/537.36",
        "x-ms-client-request-id": "Sanitized",
        "x-ms-useragent": "azsdk-js-digital-twins-core/2.0.0 core-rest-pipeline/1.20.1 Chromium/136 OS/x86-Windows-19.0.0"
      },
      "RequestBody": {
        "$metadata": {
          "$model": "dtmi:samples:DTRelationshipsTestsBuilding;1"
        },
        "AverageTemperature": 68
      },
      "StatusCode": 200,
      "ResponseHeaders": {
        "Content-Length": "310",
        "Content-Type": "application/json; charset=utf-8",
        "Date": "Thu, 08 May 2025 06:17:40 GMT",
        "ETag": "W/\"3f7bf9dc-9269-4a7a-825e-1f3f26494ca1\"",
        "mise-correlation-id": "38f3ce29-2750-4502-8a7f-038e2fd5e8d0",
        "Strict-Transport-Security": "max-age=2592000",
        "traceresponse": "00-6262e8a9d6a3e170e3e399272a92caec-df08db3f9267a195-01"
      },
      "ResponseBody": {
        "$dtId": "DTRelationshipsTestsBuildingTwin",
        "$etag": "W/\"3f7bf9dc-9269-4a7a-825e-1f3f26494ca1\"",
        "AverageTemperature": 68,
        "$metadata": {
          "$model": "dtmi:samples:DTRelationshipsTestsBuilding;1",
          "$lastUpdateTime": "2025-05-08T06:17:41.2626731Z",
          "AverageTemperature": {
            "lastUpdateTime": "2025-05-08T06:17:41.2626731Z"
          }
        }
      }
    },
    {
      "RequestUri": "https://Sanitized.api.eus2.digitaltwins.azure.net/digitaltwins/DTRelationshipsTestsFloorTwin?api-version=2023-10-31",
      "RequestMethod": "PUT",
      "RequestHeaders": {
        "Accept": "application/json",
        "Accept-Encoding": "gzip, deflate, br, zstd",
        "Authorization": "Sanitized",
        "Connection": "keep-alive",
        "Content-Length": "91",
        "Content-Type": "application/json",
        "Referer": "http://localhost:63315/",
        "sec-ch-ua": "\"Chromium\";v=\"136\", \"HeadlessChrome\";v=\"136\", \"Not.A/Brand\";v=\"99\"",
        "sec-ch-ua-mobile": "?0",
        "sec-ch-ua-platform": "\"Windows\"",
        "Sec-Fetch-Dest": "empty",
        "Sec-Fetch-Mode": "cors",
        "Sec-Fetch-Site": "same-site",
        "User-Agent": "Mozilla/5.0 (Windows NT 10.0; Win64; x64) AppleWebKit/537.36 (KHTML, like Gecko) HeadlessChrome/136.0.7103.25 Safari/537.36",
        "x-ms-client-request-id": "Sanitized",
        "x-ms-useragent": "azsdk-js-digital-twins-core/2.0.0 core-rest-pipeline/1.20.1 Chromium/136 OS/x86-Windows-19.0.0"
      },
      "RequestBody": {
        "$metadata": {
          "$model": "dtmi:samples:DTRelationshipsTestsFloor;1"
        },
        "AverageTemperature": 75
      },
      "StatusCode": 200,
      "ResponseHeaders": {
        "Content-Length": "304",
        "Content-Type": "application/json; charset=utf-8",
        "Date": "Thu, 08 May 2025 06:17:40 GMT",
        "ETag": "W/\"2c7111c7-36aa-44dd-8285-7a797b8d5b8b\"",
        "mise-correlation-id": "ec80f223-2056-4c51-af6c-e4c2856f541b",
        "Strict-Transport-Security": "max-age=2592000",
        "traceresponse": "00-c95b7275d82529c177cbd96506d4c952-088a3f99e9f8f0d7-01"
      },
      "ResponseBody": {
        "$dtId": "DTRelationshipsTestsFloorTwin",
        "$etag": "W/\"2c7111c7-36aa-44dd-8285-7a797b8d5b8b\"",
        "AverageTemperature": 75,
        "$metadata": {
          "$model": "dtmi:samples:DTRelationshipsTestsFloor;1",
          "$lastUpdateTime": "2025-05-08T06:17:41.7040256Z",
          "AverageTemperature": {
            "lastUpdateTime": "2025-05-08T06:17:41.7040256Z"
          }
        }
      }
    },
    {
      "RequestUri": "https://Sanitized.api.eus2.digitaltwins.azure.net/digitaltwins/DTRelationshipsTestsRoomTwin?api-version=2023-10-31",
      "RequestMethod": "PUT",
      "RequestHeaders": {
        "Accept": "application/json",
        "Accept-Encoding": "gzip, deflate, br, zstd",
        "Authorization": "Sanitized",
        "Connection": "keep-alive",
        "Content-Length": "101",
        "Content-Type": "application/json",
        "Referer": "http://localhost:63315/",
        "sec-ch-ua": "\"Chromium\";v=\"136\", \"HeadlessChrome\";v=\"136\", \"Not.A/Brand\";v=\"99\"",
        "sec-ch-ua-mobile": "?0",
        "sec-ch-ua-platform": "\"Windows\"",
        "Sec-Fetch-Dest": "empty",
        "Sec-Fetch-Mode": "cors",
        "Sec-Fetch-Site": "same-site",
        "User-Agent": "Mozilla/5.0 (Windows NT 10.0; Win64; x64) AppleWebKit/537.36 (KHTML, like Gecko) HeadlessChrome/136.0.7103.25 Safari/537.36",
        "x-ms-client-request-id": "Sanitized",
        "x-ms-useragent": "azsdk-js-digital-twins-core/2.0.0 core-rest-pipeline/1.20.1 Chromium/136 OS/x86-Windows-19.0.0"
      },
      "RequestBody": {
        "$metadata": {
          "$model": "dtmi:samples:DTRelationshipsTestsRoom;1"
        },
        "Temperature": 80,
        "IsOccupied": true
      },
      "StatusCode": 200,
      "ResponseHeaders": {
        "Content-Length": "369",
        "Content-Type": "application/json; charset=utf-8",
        "Date": "Thu, 08 May 2025 06:17:41 GMT",
        "ETag": "W/\"02d72ac3-8b68-4876-bef7-373481c6e8f1\"",
        "mise-correlation-id": "b768995d-edf4-4430-8838-ceed645a8d64",
        "Strict-Transport-Security": "max-age=2592000",
        "traceresponse": "00-601f2eaa2833edbb6a9b0c0e5c441fff-c56ef8e31589bdb8-01"
      },
      "ResponseBody": {
        "$dtId": "DTRelationshipsTestsRoomTwin",
        "$etag": "W/\"02d72ac3-8b68-4876-bef7-373481c6e8f1\"",
        "Temperature": 80,
        "IsOccupied": true,
        "$metadata": {
          "$model": "dtmi:samples:DTRelationshipsTestsRoom;1",
          "$lastUpdateTime": "2025-05-08T06:17:42.2117626Z",
          "Temperature": {
            "lastUpdateTime": "2025-05-08T06:17:42.2117626Z"
          },
          "IsOccupied": {
            "lastUpdateTime": "2025-05-08T06:17:42.2117626Z"
          }
        }
      }
    },
    {
      "RequestUri": "https://Sanitized.api.eus2.digitaltwins.azure.net/digitaltwins/DTRelationshipsTestsFloorTwin/relationships/FloorContainsRoom?api-version=2023-10-31",
      "RequestMethod": "PUT",
      "RequestHeaders": {
        "Accept": "application/json",
        "Accept-Encoding": "gzip, deflate, br, zstd",
        "Authorization": "Sanitized",
        "Connection": "keep-alive",
        "Content-Length": "157",
        "Content-Type": "application/json",
        "Referer": "http://localhost:63315/",
        "sec-ch-ua": "\"Chromium\";v=\"136\", \"HeadlessChrome\";v=\"136\", \"Not.A/Brand\";v=\"99\"",
        "sec-ch-ua-mobile": "?0",
        "sec-ch-ua-platform": "\"Windows\"",
        "Sec-Fetch-Dest": "empty",
        "Sec-Fetch-Mode": "cors",
        "Sec-Fetch-Site": "same-site",
        "User-Agent": "Mozilla/5.0 (Windows NT 10.0; Win64; x64) AppleWebKit/537.36 (KHTML, like Gecko) HeadlessChrome/136.0.7103.25 Safari/537.36",
        "x-ms-client-request-id": "Sanitized",
        "x-ms-useragent": "azsdk-js-digital-twins-core/2.0.0 core-rest-pipeline/1.20.1 Chromium/136 OS/x86-Windows-19.0.0"
      },
      "RequestBody": {
        "$relationshipId": "FloorContainsRoom",
        "$sourceId": "DTRelationshipsTestsFloorTwin",
        "$relationshipName": "contains",
        "$targetId": "DTRelationshipsTestsRoomTwin"
      },
      "StatusCode": 200,
      "ResponseHeaders": {
        "Content-Length": "210",
        "Content-Type": "application/json; charset=utf-8",
        "Date": "Thu, 08 May 2025 06:17:41 GMT",
        "ETag": "W/\"e013e654-6d7d-4c65-b3e6-1f3598a8cb28\"",
        "mise-correlation-id": "60e86911-6a58-4c0f-8f89-3de82e39ed1b",
        "Strict-Transport-Security": "max-age=2592000",
        "traceresponse": "00-4fd47a7948921908642a0f770ff9885e-f4793b20c9bc7b17-01"
      },
      "ResponseBody": {
        "$relationshipId": "FloorContainsRoom",
        "$etag": "W/\"e013e654-6d7d-4c65-b3e6-1f3598a8cb28\"",
        "$sourceId": "DTRelationshipsTestsFloorTwin",
        "$relationshipName": "contains",
        "$targetId": "DTRelationshipsTestsRoomTwin"
      }
    },
    {
      "RequestUri": "https://Sanitized.api.eus2.digitaltwins.azure.net/digitaltwins/DTRelationshipsTestsFloorTwin/relationships/FloorContainsRoom?api-version=2023-10-31",
      "RequestMethod": "DELETE",
      "RequestHeaders": {
        "Accept": "application/json",
        "Accept-Encoding": "gzip, deflate, br, zstd",
        "Authorization": "Sanitized",
        "Connection": "keep-alive",
        "Referer": "http://localhost:63315/",
        "sec-ch-ua": "\"Chromium\";v=\"136\", \"HeadlessChrome\";v=\"136\", \"Not.A/Brand\";v=\"99\"",
        "sec-ch-ua-mobile": "?0",
        "sec-ch-ua-platform": "\"Windows\"",
        "Sec-Fetch-Dest": "empty",
        "Sec-Fetch-Mode": "cors",
        "Sec-Fetch-Site": "same-site",
        "User-Agent": "Mozilla/5.0 (Windows NT 10.0; Win64; x64) AppleWebKit/537.36 (KHTML, like Gecko) HeadlessChrome/136.0.7103.25 Safari/537.36",
        "x-ms-client-request-id": "Sanitized",
        "x-ms-useragent": "azsdk-js-digital-twins-core/2.0.0 core-rest-pipeline/1.20.1 Chromium/136 OS/x86-Windows-19.0.0"
      },
      "RequestBody": null,
      "StatusCode": 204,
      "ResponseHeaders": {
        "Content-Length": "0",
        "Date": "Thu, 08 May 2025 06:17:42 GMT",
        "mise-correlation-id": "eb76eaea-9d4d-491d-bfbd-ac7bb9447108",
        "Strict-Transport-Security": "max-age=2592000",
        "traceresponse": "00-c8d062d7ed091721683e8c2937d4cdcd-cf328b79364ce3e7-01"
      },
      "ResponseBody": null
    },
    {
      "RequestUri": "https://Sanitized.api.eus2.digitaltwins.azure.net/digitaltwins/DTRelationshipsTestsBuildingTwin?api-version=2023-10-31",
      "RequestMethod": "DELETE",
      "RequestHeaders": {
        "Accept": "application/json",
        "Accept-Encoding": "gzip, deflate, br, zstd",
        "Authorization": "Sanitized",
        "Connection": "keep-alive",
        "Referer": "http://localhost:63315/",
        "sec-ch-ua": "\"Chromium\";v=\"136\", \"HeadlessChrome\";v=\"136\", \"Not.A/Brand\";v=\"99\"",
        "sec-ch-ua-mobile": "?0",
        "sec-ch-ua-platform": "\"Windows\"",
        "Sec-Fetch-Dest": "empty",
        "Sec-Fetch-Mode": "cors",
        "Sec-Fetch-Site": "same-site",
        "User-Agent": "Mozilla/5.0 (Windows NT 10.0; Win64; x64) AppleWebKit/537.36 (KHTML, like Gecko) HeadlessChrome/136.0.7103.25 Safari/537.36",
        "x-ms-client-request-id": "Sanitized",
        "x-ms-useragent": "azsdk-js-digital-twins-core/2.0.0 core-rest-pipeline/1.20.1 Chromium/136 OS/x86-Windows-19.0.0"
      },
      "RequestBody": null,
      "StatusCode": 204,
      "ResponseHeaders": {
        "Content-Length": "0",
        "Date": "Thu, 08 May 2025 06:17:42 GMT",
        "mise-correlation-id": "69de431e-70f7-4de7-8848-7623bccdd1bd",
        "Strict-Transport-Security": "max-age=2592000",
        "traceresponse": "00-c31259ef057e34a487cf645f13027df1-e4131c3b06738b14-01"
      },
      "ResponseBody": null
    },
    {
      "RequestUri": "https://Sanitized.api.eus2.digitaltwins.azure.net/digitaltwins/DTRelationshipsTestsFloorTwin?api-version=2023-10-31",
      "RequestMethod": "DELETE",
      "RequestHeaders": {
        "Accept": "application/json",
        "Accept-Encoding": "gzip, deflate, br, zstd",
        "Authorization": "Sanitized",
        "Connection": "keep-alive",
        "Referer": "http://localhost:63315/",
        "sec-ch-ua": "\"Chromium\";v=\"136\", \"HeadlessChrome\";v=\"136\", \"Not.A/Brand\";v=\"99\"",
        "sec-ch-ua-mobile": "?0",
        "sec-ch-ua-platform": "\"Windows\"",
        "Sec-Fetch-Dest": "empty",
        "Sec-Fetch-Mode": "cors",
        "Sec-Fetch-Site": "same-site",
        "User-Agent": "Mozilla/5.0 (Windows NT 10.0; Win64; x64) AppleWebKit/537.36 (KHTML, like Gecko) HeadlessChrome/136.0.7103.25 Safari/537.36",
        "x-ms-client-request-id": "Sanitized",
        "x-ms-useragent": "azsdk-js-digital-twins-core/2.0.0 core-rest-pipeline/1.20.1 Chromium/136 OS/x86-Windows-19.0.0"
      },
      "RequestBody": null,
      "StatusCode": 204,
      "ResponseHeaders": {
        "Content-Length": "0",
        "Date": "Thu, 08 May 2025 06:17:42 GMT",
        "mise-correlation-id": "711f5590-2bca-4edc-8c95-b3b0de6db4d2",
        "Strict-Transport-Security": "max-age=2592000",
        "traceresponse": "00-a340fcc8cff9a383fbf7edf2a464e670-49ec92ad3b2d9141-01"
      },
      "ResponseBody": null
    },
    {
      "RequestUri": "https://Sanitized.api.eus2.digitaltwins.azure.net/digitaltwins/DTRelationshipsTestsRoomTwin?api-version=2023-10-31",
      "RequestMethod": "DELETE",
      "RequestHeaders": {
        "Accept": "application/json",
        "Accept-Encoding": "gzip, deflate, br, zstd",
        "Authorization": "Sanitized",
        "Connection": "keep-alive",
        "Referer": "http://localhost:63315/",
        "sec-ch-ua": "\"Chromium\";v=\"136\", \"HeadlessChrome\";v=\"136\", \"Not.A/Brand\";v=\"99\"",
        "sec-ch-ua-mobile": "?0",
        "sec-ch-ua-platform": "\"Windows\"",
        "Sec-Fetch-Dest": "empty",
        "Sec-Fetch-Mode": "cors",
        "Sec-Fetch-Site": "same-site",
        "User-Agent": "Mozilla/5.0 (Windows NT 10.0; Win64; x64) AppleWebKit/537.36 (KHTML, like Gecko) HeadlessChrome/136.0.7103.25 Safari/537.36",
        "x-ms-client-request-id": "Sanitized",
        "x-ms-useragent": "azsdk-js-digital-twins-core/2.0.0 core-rest-pipeline/1.20.1 Chromium/136 OS/x86-Windows-19.0.0"
      },
      "RequestBody": null,
      "StatusCode": 204,
      "ResponseHeaders": {
        "Content-Length": "0",
        "Date": "Thu, 08 May 2025 06:17:43 GMT",
        "mise-correlation-id": "bff4b0c3-7982-41e8-b203-4b2bc7aac12d",
        "Strict-Transport-Security": "max-age=2592000",
        "traceresponse": "00-4af9201d5acafd8a954631292848b5af-fc9db47447dac636-01"
      },
      "ResponseBody": null
    },
    {
      "RequestUri": "https://Sanitized.api.eus2.digitaltwins.azure.net/models/dtmi%3Asamples%3ADTRelationshipsTestsBuilding%3B1?api-version=2023-10-31",
      "RequestMethod": "DELETE",
      "RequestHeaders": {
        "Accept": "application/json",
        "Accept-Encoding": "gzip, deflate, br, zstd",
        "Authorization": "Sanitized",
        "Connection": "keep-alive",
        "Referer": "http://localhost:63315/",
        "sec-ch-ua": "\"Chromium\";v=\"136\", \"HeadlessChrome\";v=\"136\", \"Not.A/Brand\";v=\"99\"",
        "sec-ch-ua-mobile": "?0",
        "sec-ch-ua-platform": "\"Windows\"",
        "Sec-Fetch-Dest": "empty",
        "Sec-Fetch-Mode": "cors",
        "Sec-Fetch-Site": "same-site",
        "User-Agent": "Mozilla/5.0 (Windows NT 10.0; Win64; x64) AppleWebKit/537.36 (KHTML, like Gecko) HeadlessChrome/136.0.7103.25 Safari/537.36",
        "x-ms-client-request-id": "Sanitized",
        "x-ms-useragent": "azsdk-js-digital-twins-core/2.0.0 core-rest-pipeline/1.20.1 Chromium/136 OS/x86-Windows-19.0.0"
      },
      "RequestBody": null,
      "StatusCode": 204,
      "ResponseHeaders": {
        "Content-Length": "0",
        "Date": "Thu, 08 May 2025 06:17:43 GMT",
        "mise-correlation-id": "3ec3f4a0-3f67-4cf0-8e9a-da03ca799561",
        "Strict-Transport-Security": "max-age=2592000",
        "traceresponse": "00-8aede00c454fdde5ca58109aa6da13f2-e9ade7c211c81c50-01"
      },
      "ResponseBody": null
    },
    {
      "RequestUri": "https://Sanitized.api.eus2.digitaltwins.azure.net/models/dtmi%3Asamples%3ADTRelationshipsTestsFloor%3B1?api-version=2023-10-31",
      "RequestMethod": "DELETE",
      "RequestHeaders": {
        "Accept": "application/json",
        "Accept-Encoding": "gzip, deflate, br, zstd",
        "Authorization": "Sanitized",
        "Connection": "keep-alive",
        "Referer": "http://localhost:63315/",
        "sec-ch-ua": "\"Chromium\";v=\"136\", \"HeadlessChrome\";v=\"136\", \"Not.A/Brand\";v=\"99\"",
        "sec-ch-ua-mobile": "?0",
        "sec-ch-ua-platform": "\"Windows\"",
        "Sec-Fetch-Dest": "empty",
        "Sec-Fetch-Mode": "cors",
        "Sec-Fetch-Site": "same-site",
        "User-Agent": "Mozilla/5.0 (Windows NT 10.0; Win64; x64) AppleWebKit/537.36 (KHTML, like Gecko) HeadlessChrome/136.0.7103.25 Safari/537.36",
        "x-ms-client-request-id": "Sanitized",
        "x-ms-useragent": "azsdk-js-digital-twins-core/2.0.0 core-rest-pipeline/1.20.1 Chromium/136 OS/x86-Windows-19.0.0"
      },
      "RequestBody": null,
      "StatusCode": 204,
      "ResponseHeaders": {
        "Content-Length": "0",
        "Date": "Thu, 08 May 2025 06:17:43 GMT",
        "mise-correlation-id": "26abee52-196b-42fb-9f95-a9cdb6aeef41",
        "Strict-Transport-Security": "max-age=2592000",
        "traceresponse": "00-a9ace8a353c951bf934cffeb14e624b4-6afd3b2af9e1d6dd-01"
      },
      "ResponseBody": null
    },
    {
      "RequestUri": "https://Sanitized.api.eus2.digitaltwins.azure.net/models/dtmi%3Asamples%3ADTRelationshipsTestsRoom%3B1?api-version=2023-10-31",
      "RequestMethod": "DELETE",
      "RequestHeaders": {
        "Accept": "application/json",
        "Accept-Encoding": "gzip, deflate, br, zstd",
        "Authorization": "Sanitized",
        "Connection": "keep-alive",
        "Referer": "http://localhost:63315/",
        "sec-ch-ua": "\"Chromium\";v=\"136\", \"HeadlessChrome\";v=\"136\", \"Not.A/Brand\";v=\"99\"",
        "sec-ch-ua-mobile": "?0",
        "sec-ch-ua-platform": "\"Windows\"",
        "Sec-Fetch-Dest": "empty",
        "Sec-Fetch-Mode": "cors",
        "Sec-Fetch-Site": "same-site",
        "User-Agent": "Mozilla/5.0 (Windows NT 10.0; Win64; x64) AppleWebKit/537.36 (KHTML, like Gecko) HeadlessChrome/136.0.7103.25 Safari/537.36",
        "x-ms-client-request-id": "Sanitized",
        "x-ms-useragent": "azsdk-js-digital-twins-core/2.0.0 core-rest-pipeline/1.20.1 Chromium/136 OS/x86-Windows-19.0.0"
      },
      "RequestBody": null,
      "StatusCode": 204,
      "ResponseHeaders": {
        "Content-Length": "0",
        "Date": "Thu, 08 May 2025 06:17:43 GMT",
        "mise-correlation-id": "a42193d6-0943-4e1b-ac4c-2d8c06aa8d77",
        "Strict-Transport-Security": "max-age=2592000",
        "traceresponse": "00-0bf9633286ed52541071fe1b6c61dc5b-6f9216091070bc41-01"
      },
      "ResponseBody": null
    }
  ],
  "Variables": {}
}
