{
  "Entries": [
    {
      "RequestUri": "https://management.azure.com/subscriptions/db1ab6f0-4769-4b27-930e-01e2ef9c123c?api-version=2022-12-01",
      "RequestMethod": "GET",
      "RequestHeaders": {
        "Accept": "application/json",
        "Authorization": "Sanitized",
        "traceparent": "00-48383c6de7dbec792751526216097e17-b8fbb84ef76f38bd-00",
        "User-Agent": "azsdk-net-ResourceManager/1.12.0 (.NET 8.0.7; Microsoft Windows 10.0.22631)",
        "x-ms-client-request-id": "Sanitized",
        "x-ms-return-client-request-id": "true"
      },
      "RequestBody": null,
      "StatusCode": 200,
      "ResponseHeaders": {
        "Cache-Control": "no-cache",
        "Content-Length": "748",
        "Content-Type": "application/json; charset=utf-8",
        "Date": "Tue, 13 Aug 2024 08:14:36 GMT",
        "Expires": "-1",
        "Pragma": "no-cache",
        "Strict-Transport-Security": "max-age=31536000; includeSubDomains",
        "X-Cache": "CONFIG_NOCACHE",
        "X-Content-Type-Options": "nosniff",
        "x-ms-correlation-request-id": "487702e5-9275-4cc7-88fb-7e9fb343aeed",
        "x-ms-ratelimit-remaining-subscription-reads": "11998",
        "x-ms-request-id": "487702e5-9275-4cc7-88fb-7e9fb343aeed",
        "x-ms-routing-request-id": "SOUTHEASTASIA:20240813T081436Z:487702e5-9275-4cc7-88fb-7e9fb343aeed",
        "X-MSEdge-Ref": "Ref A: 8F01EDDAA18748A8B8848F4C7D9D4970 Ref B: MAA201060513021 Ref C: 2024-08-13T08:14:36Z"
      },
      "ResponseBody": {
        "id": "/subscriptions/db1ab6f0-4769-4b27-930e-01e2ef9c123c",
        "authorizationSource": "RoleBased",
        "managedByTenants": [],
        "tags": {
          "TagKey-9823": "TagValue-1254",
          "TagKey-3481": "TagValue-320",
          "TagKey-4926": "TagValue-1187",
          "TagKey-751": "TagValue-3921",
          "TagKey-1866": "TagValue-8559",
          "TagKey-3094": "TagValue-9190",
          "TagKey-2449": "TagValue-9",
          "TagKey-8379": "TagValue-164",
          "TagKey-7470": "TagValue-2205",
          "TagKey-4236": "TagValue-3698",
          "TagKey-5316": "TagValue-2725"
        },
        "subscriptionId": "db1ab6f0-4769-4b27-930e-01e2ef9c123c",
        "tenantId": "00000000-0000-0000-0000-000000000000",
        "displayName": ".NET Mgmt SDK Test with TTL = 1 Day",
        "state": "Enabled",
        "subscriptionPolicies": {
          "locationPlacementId": "Internal_2014-09-01",
          "quotaId": "Internal_2014-09-01",
          "spendingLimit": "Off"
        }
      }
    },
    {
      "RequestUri": "https://management.azure.com/subscriptions/db1ab6f0-4769-4b27-930e-01e2ef9c123c/resourcegroups/testRG-8326?api-version=2022-09-01",
      "RequestMethod": "PUT",
      "RequestHeaders": {
        "Accept": "application/json",
        "Authorization": "Sanitized",
        "Content-Length": "43",
        "Content-Type": "application/json",
        "traceparent": "00-cf2d15ae608e9e954462ca009992cf91-9ed75b80508c420e-00",
        "User-Agent": "azsdk-net-ResourceManager/1.12.0 (.NET 8.0.7; Microsoft Windows 10.0.22631)",
        "x-ms-client-request-id": "Sanitized",
        "x-ms-return-client-request-id": "true"
      },
      "RequestBody": {
        "tags": {
          "test": "env"
        },
        "location": "eastus"
      },
      "StatusCode": 201,
      "ResponseHeaders": {
        "Cache-Control": "no-cache",
        "Content-Length": "241",
        "Content-Type": "application/json; charset=utf-8",
        "Date": "Tue, 13 Aug 2024 08:14:39 GMT",
        "Expires": "-1",
        "Pragma": "no-cache",
        "Strict-Transport-Security": "max-age=31536000; includeSubDomains",
        "X-Cache": "CONFIG_NOCACHE",
        "X-Content-Type-Options": "nosniff",
        "x-ms-correlation-request-id": "a228e83b-2136-4f4d-b9aa-445b5292aa5b",
        "x-ms-ratelimit-remaining-subscription-writes": "1198",
        "x-ms-request-id": "a228e83b-2136-4f4d-b9aa-445b5292aa5b",
        "x-ms-routing-request-id": "SOUTHEASTASIA:20240813T081439Z:a228e83b-2136-4f4d-b9aa-445b5292aa5b",
        "X-MSEdge-Ref": "Ref A: 8D543E8B20554EE7B8AF9FBAAAF36EB4 Ref B: MAA201060513021 Ref C: 2024-08-13T08:14:37Z"
      },
      "ResponseBody": {
        "id": "/subscriptions/db1ab6f0-4769-4b27-930e-01e2ef9c123c/resourceGroups/testRG-8326",
        "name": "testRG-8326",
        "type": "Microsoft.Resources/resourceGroups",
        "location": "eastus",
        "tags": {
          "test": "env"
        },
        "properties": {
          "provisioningState": "Succeeded"
        }
      }
    },
    {
      "RequestUri": "https://management.azure.com/subscriptions/db1ab6f0-4769-4b27-930e-01e2ef9c123c/resourcegroups/testRG-8326/providers/Microsoft.OperationalInsights/workspaces/testRG-8326-ws?api-version=2022-10-01",
      "RequestMethod": "PUT",
      "RequestHeaders": {
        "Accept": "application/json",
        "Authorization": "Sanitized",
        "Content-Length": "176",
        "Content-Type": "application/json",
        "traceparent": "00-22af28d99abf4a74c7de425b9d5cc423-cea6253e55c9d36c-00",
        "User-Agent": "azsdk-net-ResourceManager.OperationalInsights/1.1.0 (.NET 8.0.7; Microsoft Windows 10.0.22631)",
        "x-ms-client-request-id": "Sanitized",
        "x-ms-return-client-request-id": "true"
      },
      "RequestBody": {
        "location": "westus",
        "properties": {
          "sku": {
            "name": "PerNode"
          },
          "retentionInDays": 30,
          "publicNetworkAccessForIngestion": "Enabled",
          "publicNetworkAccessForQuery": "Enabled"
        }
      },
      "StatusCode": 201,
      "ResponseHeaders": {
        "Access-Control-Allow-Origin": "*",
        "api-supported-versions": "2015-03-20, 2020-08-01, 2020-10-01, 2021-06-01, 2022-10-01, 2023-09-01",
        "Cache-Control": "no-cache",
        "Content-Length": "890",
        "Content-Type": "application/json; charset=utf-8",
        "Date": "Tue, 13 Aug 2024 08:14:44 GMT",
        "Expires": "-1",
        "Location": "https://management.azure.com/subscriptions/db1ab6f0-4769-4b27-930e-01e2ef9c123c/resourceGroups/testRG-8326/providers/Microsoft.OperationalInsights/workspaces/testRG-8326-ws?api-version=2022-10-01",
        "Pragma": "no-cache",
        "Request-Context": "appId=cid-v1:e6336c63-aab2-45f0-996a-e5dbab2a1508",
        "Strict-Transport-Security": "max-age=31536000; includeSubDomains",
        "X-Cache": "CONFIG_NOCACHE",
        "X-Content-Type-Options": "nosniff",
        "x-ms-correlation-request-id": "76cd1455-ddc6-4fd5-b104-2f906f11a040",
        "x-ms-ratelimit-remaining-subscription-writes": "1199",
        "x-ms-request-id": "76cd1455-ddc6-4fd5-b104-2f906f11a040",
        "x-ms-routing-request-id": "SOUTHEASTASIA:20240813T081444Z:76cd1455-ddc6-4fd5-b104-2f906f11a040",
        "X-MSEdge-Ref": "Ref A: 22D73C7B81024CB8B1EFFB5E053322AE Ref B: MAA201060513021 Ref C: 2024-08-13T08:14:39Z"
      },
      "ResponseBody": {
        "properties": {
          "customerId": "5e93df62-307e-424b-a30c-aca3926173c2",
          "provisioningState": "Creating",
          "sku": {
            "name": "PerGB2018",
            "lastSkuUpdate": "2024-08-13T08:14:44.0998713Z"
          },
          "retentionInDays": 30,
          "features": {
            "legacy": 0,
            "searchVersion": 1,
            "enableLogAccessUsingOnlyResourcePermissions": true
          },
          "workspaceCapping": {
            "dailyQuotaGb": -1.0,
            "quotaNextResetTime": "2024-08-13T19:00:00Z",
            "dataIngestionStatus": "RespectQuota"
          },
          "publicNetworkAccessForIngestion": "Enabled",
          "publicNetworkAccessForQuery": "Enabled",
          "createdDate": "2024-08-13T08:14:44.0998713Z",
          "modifiedDate": "2024-08-13T08:14:44.0998713Z"
        },
        "location": "westus",
        "id": "/subscriptions/db1ab6f0-4769-4b27-930e-01e2ef9c123c/resourceGroups/testRG-8326/providers/Microsoft.OperationalInsights/workspaces/testRG-8326-ws",
        "name": "testRG-8326-ws",
        "type": "Microsoft.OperationalInsights/workspaces",
        "etag": "\"55003f81-0000-0700-0000-66bb15f40000\""
      }
    },
    {
      "RequestUri": "https://management.azure.com/subscriptions/db1ab6f0-4769-4b27-930e-01e2ef9c123c/resourceGroups/testRG-8326/providers/Microsoft.OperationalInsights/workspaces/testRG-8326-ws?api-version=2022-10-01",
      "RequestMethod": "GET",
      "RequestHeaders": {
        "Authorization": "Sanitized",
        "traceparent": "00-22af28d99abf4a74c7de425b9d5cc423-716e4744ac129c07-00",
        "User-Agent": "azsdk-net-ResourceManager/1.12.0 (.NET 8.0.7; Microsoft Windows 10.0.22631)",
        "x-ms-client-request-id": "Sanitized",
        "x-ms-return-client-request-id": "true"
      },
      "RequestBody": null,
      "StatusCode": 200,
      "ResponseHeaders": {
        "Access-Control-Allow-Origin": "*",
        "api-supported-versions": "2015-03-20, 2020-08-01, 2020-10-01, 2021-06-01, 2022-10-01, 2023-09-01",
        "Cache-Control": "no-cache",
        "Content-Length": "890",
        "Content-Type": "application/json; charset=utf-8",
        "Date": "Tue, 13 Aug 2024 08:14:45 GMT",
        "Expires": "-1",
        "Pragma": "no-cache",
        "Request-Context": "appId=cid-v1:e6336c63-aab2-45f0-996a-e5dbab2a1508",
        "Strict-Transport-Security": "max-age=31536000; includeSubDomains",
        "X-Cache": "CONFIG_NOCACHE",
        "X-Content-Type-Options": "nosniff",
        "x-ms-correlation-request-id": "0e083e03-6c20-442f-9904-1106d372f352",
        "x-ms-ratelimit-remaining-subscription-reads": "11999",
        "x-ms-request-id": "0e083e03-6c20-442f-9904-1106d372f352",
        "x-ms-routing-request-id": "SOUTHEASTASIA:20240813T081445Z:0e083e03-6c20-442f-9904-1106d372f352",
        "X-MSEdge-Ref": "Ref A: 13C5EDABC0C0428398EF0063F7AD5AB9 Ref B: MAA201060513021 Ref C: 2024-08-13T08:14:44Z"
      },
      "ResponseBody": {
        "properties": {
          "customerId": "5e93df62-307e-424b-a30c-aca3926173c2",
          "provisioningState": "Creating",
          "sku": {
            "name": "PerGB2018",
            "lastSkuUpdate": "2024-08-13T08:14:44.0998713Z"
          },
          "retentionInDays": 30,
          "features": {
            "legacy": 0,
            "searchVersion": 1,
            "enableLogAccessUsingOnlyResourcePermissions": true
          },
          "workspaceCapping": {
            "dailyQuotaGb": -1.0,
            "quotaNextResetTime": "2024-08-13T19:00:00Z",
            "dataIngestionStatus": "RespectQuota"
          },
          "publicNetworkAccessForIngestion": "Enabled",
          "publicNetworkAccessForQuery": "Enabled",
          "createdDate": "2024-08-13T08:14:44.0998713Z",
          "modifiedDate": "2024-08-13T08:14:44.0998713Z"
        },
        "location": "westus",
        "id": "/subscriptions/db1ab6f0-4769-4b27-930e-01e2ef9c123c/resourceGroups/testRG-8326/providers/Microsoft.OperationalInsights/workspaces/testRG-8326-ws",
        "name": "testRG-8326-ws",
        "type": "Microsoft.OperationalInsights/workspaces",
        "etag": "\"55003f81-0000-0700-0000-66bb15f40000\""
      }
    },
    {
      "RequestUri": "https://management.azure.com/subscriptions/db1ab6f0-4769-4b27-930e-01e2ef9c123c/resourceGroups/testRG-8326/providers/Microsoft.OperationalInsights/workspaces/testRG-8326-ws/providers/Microsoft.SecurityInsights/onboardingStates/default?api-version=2024-01-01-preview",
      "RequestMethod": "PUT",
      "RequestHeaders": {
        "Accept": "application/json",
        "Authorization": "Sanitized",
        "Content-Length": "43",
        "Content-Type": "application/json",
        "User-Agent": "azsdk-net-ResourceManager.SecurityInsights/1.2.0-alpha.20240813.1 (.NET 8.0.7; Microsoft Windows 10.0.22631)",
        "x-ms-client-request-id": "Sanitized",
        "x-ms-return-client-request-id": "true"
      },
      "RequestBody": {
        "properties": {
          "customerManagedKey": false
        }
      },
      "StatusCode": 201,
      "ResponseHeaders": {
        "Cache-Control": "no-cache",
        "Content-Length": "511",
        "Content-Type": "application/json; charset=utf-8",
        "Date": "Tue, 13 Aug 2024 08:14:52 GMT",
        "Expires": "-1",
        "Pragma": "no-cache",
        "Strict-Transport-Security": "max-age=31536000; includeSubDomains",
        "X-Cache": "CONFIG_NOCACHE",
        "X-Content-Type-Options": "nosniff",
        "x-ms-correlation-request-id": "200b8179-c234-4d15-bf24-560a89bac3bd",
        "x-ms-ratelimit-remaining-subscription-resource-requests": "11",
        "x-ms-request-id": "200b8179-c234-4d15-bf24-560a89bac3bd",
        "x-ms-routing-request-id": "SOUTHEASTASIA:20240813T081452Z:200b8179-c234-4d15-bf24-560a89bac3bd",
        "X-MSEdge-Ref": "Ref A: 9212CDBC56834FEDB69CECF943FDF26F Ref B: MAA201060513021 Ref C: 2024-08-13T08:14:45Z"
      },
      "ResponseBody": {
        "properties": {},
        "id": "/subscriptions/db1ab6f0-4769-4b27-930e-01e2ef9c123c/resourceGroups/testRG-8326/providers/Microsoft.OperationalInsights/workspaces/testRG-8326-ws/providers/Microsoft.SecurityInsights/onboardingStates/default",
        "name": "default",
        "type": "Microsoft.SecurityInsights/onboardingStates",
        "systemData": {
          "createdAt": "2024-08-13T08:14:46.4497325Z",
          "createdBy": "Sanitized",
          "createdByType": "User",
          "lastModifiedAt": "2024-08-13T08:14:46.4497325Z",
          "lastModifiedBy": "Sanitized",
          "lastModifiedByType": "User"
        }
      }
    },
    {
      "RequestUri": "https://management.azure.com/subscriptions/db1ab6f0-4769-4b27-930e-01e2ef9c123c/resourceGroups/testRG-8326/providers/Microsoft.OperationalInsights/workspaces/testRG-8326-ws/providers/Microsoft.SecurityInsights/incidents/incidents-3638?api-version=2024-01-01-preview",
      "RequestMethod": "PUT",
      "RequestHeaders": {
        "Accept": "application/json",
        "Authorization": "Sanitized",
        "Content-Length": "83",
        "Content-Type": "application/json",
        "User-Agent": "azsdk-net-ResourceManager.SecurityInsights/1.2.0-alpha.20240813.1 (.NET 8.0.7; Microsoft Windows 10.0.22631)",
        "x-ms-client-request-id": "Sanitized",
        "x-ms-return-client-request-id": "true"
      },
      "RequestBody": {
        "properties": {
          "title": "SDKCreateIncidentTest",
          "severity": "Low",
          "status": "Active"
        }
      },
      "StatusCode": 201,
      "ResponseHeaders": {
        "Cache-Control": "no-cache",
        "Content-Length": "1154",
        "Content-Type": "application/json; charset=utf-8",
        "Date": "Tue, 13 Aug 2024 08:14:53 GMT",
        "Expires": "-1",
        "Pragma": "no-cache",
        "Strict-Transport-Security": "max-age=31536000; includeSubDomains",
        "X-Cache": "CONFIG_NOCACHE",
        "X-Content-Type-Options": "nosniff",
        "x-ms-correlation-request-id": "4772fb70-c8c3-462e-af6f-bc8bccb3960f",
        "x-ms-ratelimit-remaining-subscription-resource-requests": "499",
        "x-ms-request-id": "4772fb70-c8c3-462e-af6f-bc8bccb3960f",
        "x-ms-routing-request-id": "SOUTHEASTASIA:20240813T081454Z:4772fb70-c8c3-462e-af6f-bc8bccb3960f",
        "X-MSEdge-Ref": "Ref A: DD1AFFA3EB3F40AE914633D7CC9B26C2 Ref B: MAA201060513021 Ref C: 2024-08-13T08:14:52Z"
      },
      "ResponseBody": {
        "id": "/subscriptions/db1ab6f0-4769-4b27-930e-01e2ef9c123c/resourceGroups/testRG-8326/providers/Microsoft.OperationalInsights/workspaces/testRG-8326-ws/providers/Microsoft.SecurityInsights/Incidents/incidents-3638",
        "name": "incidents-3638",
        "etag": "\"7c021d72-0000-0100-0000-66bb15fd0000\"",
        "type": "Microsoft.SecurityInsights/Incidents",
        "properties": {
          "title": "SDKCreateIncidentTest",
          "severity": "Low",
          "status": "Active",
          "owner": {
            "objectId": null,
            "email": null,
            "assignedTo": null,
            "userPrincipalName": null,
            "ownerType": null
          },
          "labels": [],
          "lastModifiedTimeUtc": "2024-08-13T08:14:53.9027945Z",
          "createdTimeUtc": "2024-08-13T08:14:53.9027945Z",
          "incidentNumber": 1,
          "additionalData": {
            "alertsCount": 0,
            "bookmarksCount": 0,
            "commentsCount": 0,
            "alertProductNames": [],
            "tactics": [],
            "techniques": []
          },
          "relatedAnalyticRuleIds": [],
          "incidentUrl": "https://portal.azure.com/#asset/Microsoft_Azure_Security_Insights/Incident/subscriptions/db1ab6f0-4769-4b27-930e-01e2ef9c123c/resourceGroups/testRG-8326/providers/Microsoft.OperationalInsights/workspaces/testRG-8326-ws/providers/Microsoft.SecurityInsights/Incidents/incidents-3638",
          "providerName": "Azure Sentinel",
          "providerIncidentId": "1"
        }
      }
    },
    {
      "RequestUri": "https://management.azure.com/subscriptions/db1ab6f0-4769-4b27-930e-01e2ef9c123c/resourceGroups/testRG-8326/providers/Microsoft.OperationalInsights/workspaces/testRG-8326-ws/providers/Microsoft.SecurityInsights/incidents/incidents-3638?api-version=2024-01-01-preview",
      "RequestMethod": "GET",
      "RequestHeaders": {
        "Accept": "application/json",
        "Authorization": "Sanitized",
        "User-Agent": "azsdk-net-ResourceManager.SecurityInsights/1.2.0-alpha.20240813.1 (.NET 8.0.7; Microsoft Windows 10.0.22631)",
        "x-ms-client-request-id": "Sanitized",
        "x-ms-return-client-request-id": "true"
      },
      "RequestBody": null,
      "StatusCode": 200,
      "ResponseHeaders": {
        "Cache-Control": "no-cache",
        "Content-Length": "1154",
        "Content-Type": "application/json; charset=utf-8",
        "Date": "Tue, 13 Aug 2024 08:14:54 GMT",
        "Expires": "-1",
        "Pragma": "no-cache",
        "Strict-Transport-Security": "max-age=31536000; includeSubDomains",
        "X-Cache": "CONFIG_NOCACHE",
        "X-Content-Type-Options": "nosniff",
        "x-ms-correlation-request-id": "7b6a3856-b915-44ab-9eda-a94776716790",
        "x-ms-ratelimit-remaining-subscription-reads": "11999",
        "x-ms-request-id": "7b6a3856-b915-44ab-9eda-a94776716790",
        "x-ms-routing-request-id": "SOUTHEASTASIA:20240813T081454Z:7b6a3856-b915-44ab-9eda-a94776716790",
        "X-MSEdge-Ref": "Ref A: A3A6172BBD974E9F9E2A229DF980E8BB Ref B: MAA201060513021 Ref C: 2024-08-13T08:14:54Z"
      },
      "ResponseBody": {
        "id": "/subscriptions/db1ab6f0-4769-4b27-930e-01e2ef9c123c/resourceGroups/testRG-8326/providers/Microsoft.OperationalInsights/workspaces/testRG-8326-ws/providers/Microsoft.SecurityInsights/Incidents/incidents-3638",
        "name": "incidents-3638",
        "etag": "\"7c021d72-0000-0100-0000-66bb15fd0000\"",
        "type": "Microsoft.SecurityInsights/Incidents",
        "properties": {
          "title": "SDKCreateIncidentTest",
          "severity": "Low",
          "status": "Active",
          "owner": {
            "objectId": null,
            "email": null,
            "assignedTo": null,
            "userPrincipalName": null,
            "ownerType": null
          },
          "labels": [],
          "lastModifiedTimeUtc": "2024-08-13T08:14:53.9027945Z",
          "createdTimeUtc": "2024-08-13T08:14:53.9027945Z",
          "incidentNumber": 1,
          "additionalData": {
            "alertsCount": 0,
            "bookmarksCount": 0,
            "commentsCount": 0,
            "alertProductNames": [],
            "tactics": [],
            "techniques": []
          },
          "relatedAnalyticRuleIds": [],
          "incidentUrl": "https://portal.azure.com/#asset/Microsoft_Azure_Security_Insights/Incident/subscriptions/db1ab6f0-4769-4b27-930e-01e2ef9c123c/resourceGroups/testRG-8326/providers/Microsoft.OperationalInsights/workspaces/testRG-8326-ws/providers/Microsoft.SecurityInsights/Incidents/incidents-3638",
          "providerName": "Azure Sentinel",
          "providerIncidentId": "1"
        }
      }
    },
    {
      "RequestUri": "https://management.azure.com/subscriptions/db1ab6f0-4769-4b27-930e-01e2ef9c123c/resourceGroups/testRG-8326/providers/Microsoft.OperationalInsights/workspaces/testRG-8326-ws/providers/Microsoft.SecurityInsights/incidents/incidents-3638?api-version=2024-01-01-preview",
      "RequestMethod": "PUT",
      "RequestHeaders": {
        "Accept": "application/json",
        "Authorization": "Sanitized",
        "Content-Length": "83",
        "Content-Type": "application/json",
        "User-Agent": "azsdk-net-ResourceManager.SecurityInsights/1.2.0-alpha.20240813.1 (.NET 8.0.7; Microsoft Windows 10.0.22631)",
        "x-ms-client-request-id": "Sanitized",
        "x-ms-return-client-request-id": "true"
      },
      "RequestBody": {
        "properties": {
          "title": "SDKCreateIncidentTest",
          "severity": "Low",
          "status": "Active"
        }
      },
      "StatusCode": 200,
      "ResponseHeaders": {
        "Cache-Control": "no-cache",
        "Content-Length": "1154",
        "Content-Type": "application/json; charset=utf-8",
        "Date": "Tue, 13 Aug 2024 08:14:55 GMT",
        "Expires": "-1",
        "Pragma": "no-cache",
        "Strict-Transport-Security": "max-age=31536000; includeSubDomains",
        "X-Cache": "CONFIG_NOCACHE",
        "X-Content-Type-Options": "nosniff",
        "x-ms-correlation-request-id": "3a3e46aa-642b-48a5-9e67-462d1246412d",
        "x-ms-ratelimit-remaining-subscription-resource-requests": "498",
        "x-ms-request-id": "3a3e46aa-642b-48a5-9e67-462d1246412d",
        "x-ms-routing-request-id": "SOUTHEASTASIA:20240813T081455Z:3a3e46aa-642b-48a5-9e67-462d1246412d",
        "X-MSEdge-Ref": "Ref A: 101E0466ECAA45729AD114D30AA192EF Ref B: MAA201060513021 Ref C: 2024-08-13T08:14:54Z"
      },
      "ResponseBody": {
        "id": "/subscriptions/db1ab6f0-4769-4b27-930e-01e2ef9c123c/resourceGroups/testRG-8326/providers/Microsoft.OperationalInsights/workspaces/testRG-8326-ws/providers/Microsoft.SecurityInsights/Incidents/incidents-3638",
        "name": "incidents-3638",
        "etag": "\"7c022172-0000-0100-0000-66bb15ff0000\"",
        "type": "Microsoft.SecurityInsights/Incidents",
        "properties": {
          "title": "SDKCreateIncidentTest",
          "severity": "Low",
          "status": "Active",
          "owner": {
            "objectId": null,
            "email": null,
            "assignedTo": null,
            "userPrincipalName": null,
            "ownerType": null
          },
          "labels": [],
          "lastModifiedTimeUtc": "2024-08-13T08:14:55.6256182Z",
          "createdTimeUtc": "2024-08-13T08:14:53.9027945Z",
          "incidentNumber": 1,
          "additionalData": {
            "alertsCount": 0,
            "bookmarksCount": 0,
            "commentsCount": 0,
            "alertProductNames": [],
            "tactics": [],
            "techniques": []
          },
          "relatedAnalyticRuleIds": [],
          "incidentUrl": "https://portal.azure.com/#asset/Microsoft_Azure_Security_Insights/Incident/subscriptions/db1ab6f0-4769-4b27-930e-01e2ef9c123c/resourceGroups/testRG-8326/providers/Microsoft.OperationalInsights/workspaces/testRG-8326-ws/providers/Microsoft.SecurityInsights/Incidents/incidents-3638",
          "providerName": "Azure Sentinel",
          "providerIncidentId": "1"
        }
      }
    },
    {
      "RequestUri": "https://management.azure.com/subscriptions/db1ab6f0-4769-4b27-930e-01e2ef9c123c/resourceGroups/testRG-8326/providers/Microsoft.OperationalInsights/workspaces/testRG-8326-ws/providers/Microsoft.SecurityInsights/incidents/incidents-8926?api-version=2024-01-01-preview",
      "RequestMethod": "PUT",
      "RequestHeaders": {
        "Accept": "application/json",
        "Authorization": "Sanitized",
        "Content-Length": "83",
        "Content-Type": "application/json",
        "User-Agent": "azsdk-net-ResourceManager.SecurityInsights/1.2.0-alpha.20240813.1 (.NET 8.0.7; Microsoft Windows 10.0.22631)",
        "x-ms-client-request-id": "Sanitized",
        "x-ms-return-client-request-id": "true"
      },
      "RequestBody": {
        "properties": {
          "title": "SDKCreateIncidentTest",
          "severity": "Low",
          "status": "Active"
        }
      },
      "StatusCode": 201,
      "ResponseHeaders": {
        "Cache-Control": "no-cache",
        "Content-Length": "1154",
        "Content-Type": "application/json; charset=utf-8",
        "Date": "Tue, 13 Aug 2024 08:14:56 GMT",
        "Expires": "-1",
        "Pragma": "no-cache",
        "Strict-Transport-Security": "max-age=31536000; includeSubDomains",
        "X-Cache": "CONFIG_NOCACHE",
        "X-Content-Type-Options": "nosniff",
        "x-ms-correlation-request-id": "405dcade-8493-4116-af00-55b5d3eba7b7",
        "x-ms-ratelimit-remaining-subscription-resource-requests": "499",
        "x-ms-request-id": "405dcade-8493-4116-af00-55b5d3eba7b7",
        "x-ms-routing-request-id": "SOUTHEASTASIA:20240813T081457Z:405dcade-8493-4116-af00-55b5d3eba7b7",
        "X-MSEdge-Ref": "Ref A: 2C8B1ACE0EB44CD7B923292E6C4813A8 Ref B: MAA201060513021 Ref C: 2024-08-13T08:14:55Z"
      },
      "ResponseBody": {
        "id": "/subscriptions/db1ab6f0-4769-4b27-930e-01e2ef9c123c/resourceGroups/testRG-8326/providers/Microsoft.OperationalInsights/workspaces/testRG-8326-ws/providers/Microsoft.SecurityInsights/Incidents/incidents-8926",
        "name": "incidents-8926",
        "etag": "\"7c022472-0000-0100-0000-66bb16000000\"",
        "type": "Microsoft.SecurityInsights/Incidents",
        "properties": {
          "title": "SDKCreateIncidentTest",
          "severity": "Low",
          "status": "Active",
          "owner": {
            "objectId": null,
            "email": null,
            "assignedTo": null,
            "userPrincipalName": null,
            "ownerType": null
          },
          "labels": [],
          "lastModifiedTimeUtc": "2024-08-13T08:14:56.8884415Z",
          "createdTimeUtc": "2024-08-13T08:14:56.8884415Z",
          "incidentNumber": 2,
          "additionalData": {
            "alertsCount": 0,
            "bookmarksCount": 0,
            "commentsCount": 0,
            "alertProductNames": [],
            "tactics": [],
            "techniques": []
          },
          "relatedAnalyticRuleIds": [],
          "incidentUrl": "https://portal.azure.com/#asset/Microsoft_Azure_Security_Insights/Incident/subscriptions/db1ab6f0-4769-4b27-930e-01e2ef9c123c/resourceGroups/testRG-8326/providers/Microsoft.OperationalInsights/workspaces/testRG-8326-ws/providers/Microsoft.SecurityInsights/Incidents/incidents-8926",
          "providerName": "Azure Sentinel",
          "providerIncidentId": "2"
        }
      }
    },
    {
      "RequestUri": "https://management.azure.com/subscriptions/db1ab6f0-4769-4b27-930e-01e2ef9c123c/resourceGroups/testRG-8326/providers/Microsoft.OperationalInsights/workspaces/testRG-8326-ws/providers/Microsoft.SecurityInsights/incidents/incidents-1268?api-version=2024-01-01-preview",
      "RequestMethod": "PUT",
      "RequestHeaders": {
        "Accept": "application/json",
        "Authorization": "Sanitized",
        "Content-Length": "83",
        "Content-Type": "application/json",
        "User-Agent": "azsdk-net-ResourceManager.SecurityInsights/1.2.0-alpha.20240813.1 (.NET 8.0.7; Microsoft Windows 10.0.22631)",
        "x-ms-client-request-id": "Sanitized",
        "x-ms-return-client-request-id": "true"
      },
      "RequestBody": {
        "properties": {
          "title": "SDKCreateIncidentTest",
          "severity": "Low",
          "status": "Active"
        }
      },
      "StatusCode": 201,
      "ResponseHeaders": {
        "Cache-Control": "no-cache",
        "Content-Length": "1154",
        "Content-Type": "application/json; charset=utf-8",
        "Date": "Tue, 13 Aug 2024 08:14:58 GMT",
        "Expires": "-1",
        "Pragma": "no-cache",
        "Strict-Transport-Security": "max-age=31536000; includeSubDomains",
        "X-Cache": "CONFIG_NOCACHE",
        "X-Content-Type-Options": "nosniff",
        "x-ms-correlation-request-id": "58984871-1d75-4522-bb05-2b4ba4f4ceaa",
        "x-ms-ratelimit-remaining-subscription-resource-requests": "499",
        "x-ms-request-id": "58984871-1d75-4522-bb05-2b4ba4f4ceaa",
        "x-ms-routing-request-id": "SOUTHEASTASIA:20240813T081458Z:58984871-1d75-4522-bb05-2b4ba4f4ceaa",
        "X-MSEdge-Ref": "Ref A: 9D1B843B5527483BBA9A4241A6D0D7F3 Ref B: MAA201060513021 Ref C: 2024-08-13T08:14:57Z"
      },
      "ResponseBody": {
        "id": "/subscriptions/db1ab6f0-4769-4b27-930e-01e2ef9c123c/resourceGroups/testRG-8326/providers/Microsoft.OperationalInsights/workspaces/testRG-8326-ws/providers/Microsoft.SecurityInsights/Incidents/incidents-1268",
        "name": "incidents-1268",
        "etag": "\"7c022572-0000-0100-0000-66bb16020000\"",
        "type": "Microsoft.SecurityInsights/Incidents",
        "properties": {
          "title": "SDKCreateIncidentTest",
          "severity": "Low",
          "status": "Active",
          "owner": {
            "objectId": null,
            "email": null,
            "assignedTo": null,
            "userPrincipalName": null,
            "ownerType": null
          },
          "labels": [],
          "lastModifiedTimeUtc": "2024-08-13T08:14:58.2687617Z",
          "createdTimeUtc": "2024-08-13T08:14:58.2687617Z",
          "incidentNumber": 3,
          "additionalData": {
            "alertsCount": 0,
            "bookmarksCount": 0,
            "commentsCount": 0,
            "alertProductNames": [],
            "tactics": [],
            "techniques": []
          },
          "relatedAnalyticRuleIds": [],
          "incidentUrl": "https://portal.azure.com/#asset/Microsoft_Azure_Security_Insights/Incident/subscriptions/db1ab6f0-4769-4b27-930e-01e2ef9c123c/resourceGroups/testRG-8326/providers/Microsoft.OperationalInsights/workspaces/testRG-8326-ws/providers/Microsoft.SecurityInsights/Incidents/incidents-1268",
          "providerName": "Azure Sentinel",
          "providerIncidentId": "3"
        }
      }
    },
    {
      "RequestUri": "https://management.azure.com/subscriptions/db1ab6f0-4769-4b27-930e-01e2ef9c123c/resourceGroups/testRG-8326/providers/Microsoft.OperationalInsights/workspaces/testRG-8326-ws/providers/Microsoft.SecurityInsights/incidents?api-version=2024-01-01-preview",
      "RequestMethod": "GET",
      "RequestHeaders": {
        "Accept": "application/json",
        "Authorization": "Sanitized",
        "User-Agent": "azsdk-net-ResourceManager.SecurityInsights/1.2.0-alpha.20240813.1 (.NET 8.0.7; Microsoft Windows 10.0.22631)",
        "x-ms-client-request-id": "Sanitized",
        "x-ms-return-client-request-id": "true"
      },
      "RequestBody": null,
      "StatusCode": 200,
      "ResponseHeaders": {
        "Cache-Control": "no-cache",
        "Content-Length": "3476",
        "Content-Type": "application/json; charset=utf-8",
        "Date": "Tue, 13 Aug 2024 08:14:59 GMT",
        "Expires": "-1",
        "Pragma": "no-cache",
        "Strict-Transport-Security": "max-age=31536000; includeSubDomains",
        "X-Cache": "CONFIG_NOCACHE",
        "X-Content-Type-Options": "nosniff",
        "x-ms-correlation-request-id": "d96f0a4d-3a5c-402f-a06a-731aec7458fb",
        "x-ms-ratelimit-remaining-subscription-reads": "11999",
        "x-ms-request-id": "d96f0a4d-3a5c-402f-a06a-731aec7458fb",
        "x-ms-routing-request-id": "SOUTHEASTASIA:20240813T081459Z:d96f0a4d-3a5c-402f-a06a-731aec7458fb",
        "X-MSEdge-Ref": "Ref A: 93D2611C0DB641ED8D5DB4D77876F2B4 Ref B: MAA201060513021 Ref C: 2024-08-13T08:14:58Z"
      },
      "ResponseBody": {
        "value": [
          {
            "id": "/subscriptions/db1ab6f0-4769-4b27-930e-01e2ef9c123c/resourceGroups/testRG-8326/providers/Microsoft.OperationalInsights/workspaces/testRG-8326-ws/providers/Microsoft.SecurityInsights/Incidents/incidents-1268",
            "name": "incidents-1268",
            "etag": "\"7c022572-0000-0100-0000-66bb16020000\"",
            "type": "Microsoft.SecurityInsights/Incidents",
            "properties": {
              "title": "SDKCreateIncidentTest",
              "severity": "Low",
              "status": "Active",
              "owner": {
                "objectId": null,
                "email": null,
                "assignedTo": null,
                "userPrincipalName": null,
                "ownerType": null
              },
              "labels": [],
              "lastModifiedTimeUtc": "2024-08-13T08:14:58.2687617Z",
              "createdTimeUtc": "2024-08-13T08:14:58.2687617Z",
              "incidentNumber": 3,
              "additionalData": {
                "alertsCount": 0,
                "bookmarksCount": 0,
                "commentsCount": 0,
                "alertProductNames": [],
                "tactics": [],
                "techniques": []
              },
              "relatedAnalyticRuleIds": [],
              "incidentUrl": "https://portal.azure.com/#asset/Microsoft_Azure_Security_Insights/Incident/subscriptions/db1ab6f0-4769-4b27-930e-01e2ef9c123c/resourceGroups/testRG-8326/providers/Microsoft.OperationalInsights/workspaces/testRG-8326-ws/providers/Microsoft.SecurityInsights/Incidents/incidents-1268",
              "providerName": "Azure Sentinel",
              "providerIncidentId": "3"
            }
          },
          {
            "id": "/subscriptions/db1ab6f0-4769-4b27-930e-01e2ef9c123c/resourceGroups/testRG-8326/providers/Microsoft.OperationalInsights/workspaces/testRG-8326-ws/providers/Microsoft.SecurityInsights/Incidents/incidents-8926",
            "name": "incidents-8926",
            "etag": "\"7c022472-0000-0100-0000-66bb16000000\"",
            "type": "Microsoft.SecurityInsights/Incidents",
            "properties": {
              "title": "SDKCreateIncidentTest",
              "severity": "Low",
              "status": "Active",
              "owner": {
                "objectId": null,
                "email": null,
                "assignedTo": null,
                "userPrincipalName": null,
                "ownerType": null
              },
              "labels": [],
              "lastModifiedTimeUtc": "2024-08-13T08:14:56.8884415Z",
              "createdTimeUtc": "2024-08-13T08:14:56.8884415Z",
              "incidentNumber": 2,
              "additionalData": {
                "alertsCount": 0,
                "bookmarksCount": 0,
                "commentsCount": 0,
                "alertProductNames": [],
                "tactics": [],
                "techniques": []
              },
              "relatedAnalyticRuleIds": [],
              "incidentUrl": "https://portal.azure.com/#asset/Microsoft_Azure_Security_Insights/Incident/subscriptions/db1ab6f0-4769-4b27-930e-01e2ef9c123c/resourceGroups/testRG-8326/providers/Microsoft.OperationalInsights/workspaces/testRG-8326-ws/providers/Microsoft.SecurityInsights/Incidents/incidents-8926",
              "providerName": "Azure Sentinel",
              "providerIncidentId": "2"
            }
          },
          {
            "id": "/subscriptions/db1ab6f0-4769-4b27-930e-01e2ef9c123c/resourceGroups/testRG-8326/providers/Microsoft.OperationalInsights/workspaces/testRG-8326-ws/providers/Microsoft.SecurityInsights/Incidents/incidents-3638",
            "name": "incidents-3638",
            "etag": "\"7c022172-0000-0100-0000-66bb15ff0000\"",
            "type": "Microsoft.SecurityInsights/Incidents",
            "properties": {
              "title": "SDKCreateIncidentTest",
              "severity": "Low",
              "status": "Active",
              "owner": {
                "objectId": null,
                "email": null,
                "assignedTo": null,
                "userPrincipalName": null,
                "ownerType": null
              },
              "labels": [],
              "lastModifiedTimeUtc": "2024-08-13T08:14:55.6256182Z",
              "createdTimeUtc": "2024-08-13T08:14:53.9027945Z",
              "incidentNumber": 1,
              "additionalData": {
                "alertsCount": 0,
                "bookmarksCount": 0,
                "commentsCount": 0,
                "alertProductNames": [],
                "tactics": [],
                "techniques": []
              },
              "relatedAnalyticRuleIds": [],
              "incidentUrl": "https://portal.azure.com/#asset/Microsoft_Azure_Security_Insights/Incident/subscriptions/db1ab6f0-4769-4b27-930e-01e2ef9c123c/resourceGroups/testRG-8326/providers/Microsoft.OperationalInsights/workspaces/testRG-8326-ws/providers/Microsoft.SecurityInsights/Incidents/incidents-3638",
              "providerName": "Azure Sentinel",
              "providerIncidentId": "1"
            }
          }
        ]
      }
    },
    {
      "RequestUri": "https://management.azure.com/subscriptions/db1ab6f0-4769-4b27-930e-01e2ef9c123c/resourceGroups/testRG-8326/providers/Microsoft.OperationalInsights/workspaces/testRG-8326-ws/providers/Microsoft.SecurityInsights/incidents/incidents-3638?api-version=2024-01-01-preview",
      "RequestMethod": "GET",
      "RequestHeaders": {
        "Accept": "application/json",
        "Authorization": "Sanitized",
        "User-Agent": "azsdk-net-ResourceManager.SecurityInsights/1.2.0-alpha.20240813.1 (.NET 8.0.7; Microsoft Windows 10.0.22631)",
        "x-ms-client-request-id": "Sanitized",
        "x-ms-return-client-request-id": "true"
      },
      "RequestBody": null,
      "StatusCode": 200,
      "ResponseHeaders": {
        "Cache-Control": "no-cache",
        "Content-Length": "1154",
        "Content-Type": "application/json; charset=utf-8",
        "Date": "Tue, 13 Aug 2024 08:14:59 GMT",
        "Expires": "-1",
        "Pragma": "no-cache",
        "Strict-Transport-Security": "max-age=31536000; includeSubDomains",
        "X-Cache": "CONFIG_NOCACHE",
        "X-Content-Type-Options": "nosniff",
        "x-ms-correlation-request-id": "0d419b4e-0b45-40a6-8d8d-b32b0ceccf03",
        "x-ms-ratelimit-remaining-subscription-reads": "11999",
        "x-ms-request-id": "0d419b4e-0b45-40a6-8d8d-b32b0ceccf03",
        "x-ms-routing-request-id": "SOUTHEASTASIA:20240813T081459Z:0d419b4e-0b45-40a6-8d8d-b32b0ceccf03",
        "X-MSEdge-Ref": "Ref A: 564A1622856E49ABADCCAD3EAAB1F93A Ref B: MAA201060513021 Ref C: 2024-08-13T08:14:59Z"
      },
      "ResponseBody": {
        "id": "/subscriptions/db1ab6f0-4769-4b27-930e-01e2ef9c123c/resourceGroups/testRG-8326/providers/Microsoft.OperationalInsights/workspaces/testRG-8326-ws/providers/Microsoft.SecurityInsights/Incidents/incidents-3638",
        "name": "incidents-3638",
        "etag": "\"7c022172-0000-0100-0000-66bb15ff0000\"",
        "type": "Microsoft.SecurityInsights/Incidents",
        "properties": {
          "title": "SDKCreateIncidentTest",
          "severity": "Low",
          "status": "Active",
          "owner": {
            "objectId": null,
            "email": null,
            "assignedTo": null,
            "userPrincipalName": null,
            "ownerType": null
          },
          "labels": [],
          "lastModifiedTimeUtc": "2024-08-13T08:14:55.6256182Z",
          "createdTimeUtc": "2024-08-13T08:14:53.9027945Z",
          "incidentNumber": 1,
          "additionalData": {
            "alertsCount": 0,
            "bookmarksCount": 0,
            "commentsCount": 0,
            "alertProductNames": [],
            "tactics": [],
            "techniques": []
          },
          "relatedAnalyticRuleIds": [],
          "incidentUrl": "https://portal.azure.com/#asset/Microsoft_Azure_Security_Insights/Incident/subscriptions/db1ab6f0-4769-4b27-930e-01e2ef9c123c/resourceGroups/testRG-8326/providers/Microsoft.OperationalInsights/workspaces/testRG-8326-ws/providers/Microsoft.SecurityInsights/Incidents/incidents-3638",
          "providerName": "Azure Sentinel",
          "providerIncidentId": "1"
        }
      }
    },
    {
      "RequestUri": "https://management.azure.com/subscriptions/db1ab6f0-4769-4b27-930e-01e2ef9c123c/resourceGroups/testRG-8326/providers/Microsoft.OperationalInsights/workspaces/testRG-8326-ws/providers/Microsoft.SecurityInsights/incidents/incidents-36381?api-version=2024-01-01-preview",
      "RequestMethod": "GET",
      "RequestHeaders": {
        "Accept": "application/json",
        "Authorization": "Sanitized",
        "User-Agent": "azsdk-net-ResourceManager.SecurityInsights/1.2.0-alpha.20240813.1 (.NET 8.0.7; Microsoft Windows 10.0.22631)",
        "x-ms-client-request-id": "Sanitized",
        "x-ms-return-client-request-id": "true"
      },
      "RequestBody": null,
      "StatusCode": 404,
      "ResponseHeaders": {
        "Cache-Control": "no-cache",
        "Content-Length": "83",
        "Content-Type": "application/json; charset=utf-8",
        "Date": "Tue, 13 Aug 2024 08:15:00 GMT",
        "Expires": "-1",
        "Pragma": "no-cache",
        "Strict-Transport-Security": "max-age=31536000; includeSubDomains",
        "X-Cache": "CONFIG_NOCACHE",
        "X-Content-Type-Options": "nosniff",
        "x-ms-correlation-request-id": "9dbeab13-b749-4319-81f4-6914ef11e680",
        "x-ms-ratelimit-remaining-subscription-reads": "11999",
        "x-ms-request-id": "9dbeab13-b749-4319-81f4-6914ef11e680",
        "x-ms-routing-request-id": "SOUTHEASTASIA:20240813T081500Z:9dbeab13-b749-4319-81f4-6914ef11e680",
        "X-MSEdge-Ref": "Ref A: A69C1F9877BF404593A47293E58F00C5 Ref B: MAA201060513021 Ref C: 2024-08-13T08:15:00Z"
      },
      "ResponseBody": {
        "error": {
          "code": "NotFound",
          "message": "Resource 'incidents-36381' does not exist"
        }
      }
    }
  ],
  "Variables": {
    "RandomSeed": "2079551712",
    "RESOURCE_MANAGER_URL": "https://management.azure.com/",
    "SUBSCRIPTION_ID": "db1ab6f0-4769-4b27-930e-01e2ef9c123c"
  }
}