{
  "Entries": [
    {
      "RequestUri": "https://login.microsoftonline.com/00000000-0000-0000-0000-000000000000/v2.0/.well-known/openid-configuration",
      "RequestMethod": "GET",
      "RequestHeaders": {
        "Accept": "*/*",
        "Accept-Encoding": "gzip, deflate",
        "Connection": "keep-alive",
        "User-Agent": "azsdk-python-identity/1.15.0b1 Python/3.11.4 (Windows-10-10.0.22621-SP0)"
      },
      "RequestBody": null,
      "StatusCode": 200,
      "ResponseHeaders": {
        "Access-Control-Allow-Methods": "GET, OPTIONS",
        "Access-Control-Allow-Origin": "*",
        "Cache-Control": "max-age=86400, private",
        "Content-Length": "1753",
        "Content-Type": "application/json; charset=utf-8",
        "Date": "Wed, 20 Sep 2023 16:19:51 GMT",
        "P3P": "CP=\u0022DSP CUR OTPi IND OTRi ONL FIN\u0022",
        "Set-Cookie": "[set-cookie;]",
        "Strict-Transport-Security": "max-age=31536000; includeSubDomains",
        "X-Content-Type-Options": "nosniff",
        "x-ms-ests-server": "2.1.16368.8 - FRC ProdSlices",
        "X-XSS-Protection": "0"
      },
      "ResponseBody": {
        "token_endpoint": "https://login.microsoftonline.com/00000000-0000-0000-0000-000000000000/oauth2/v2.0/token",
        "token_endpoint_auth_methods_supported": [
          "client_secret_post",
          "private_key_jwt",
          "client_secret_basic"
        ],
        "jwks_uri": "https://login.microsoftonline.com/00000000-0000-0000-0000-000000000000/discovery/v2.0/keys",
        "response_modes_supported": [
          "query",
          "fragment",
          "form_post"
        ],
        "subject_types_supported": [
          "pairwise"
        ],
        "id_token_signing_alg_values_supported": [
          "RS256"
        ],
        "response_types_supported": [
          "code",
          "id_token",
          "code id_token",
          "id_token token"
        ],
        "scopes_supported": [
          "openid",
          "profile",
          "email",
          "offline_access"
        ],
        "issuer": "https://login.microsoftonline.com/00000000-0000-0000-0000-000000000000/v2.0",
        "request_uri_parameter_supported": false,
        "userinfo_endpoint": "https://graph.microsoft.com/oidc/userinfo",
        "authorization_endpoint": "https://login.microsoftonline.com/00000000-0000-0000-0000-000000000000/oauth2/v2.0/authorize",
        "device_authorization_endpoint": "https://login.microsoftonline.com/00000000-0000-0000-0000-000000000000/oauth2/v2.0/devicecode",
        "http_logout_supported": true,
        "frontchannel_logout_supported": true,
        "end_session_endpoint": "https://login.microsoftonline.com/00000000-0000-0000-0000-000000000000/oauth2/v2.0/logout",
        "claims_supported": [
          "sub",
          "iss",
          "cloud_instance_name",
          "cloud_instance_host_name",
          "cloud_graph_host_name",
          "msgraph_host",
          "aud",
          "exp",
          "iat",
          "auth_time",
          "acr",
          "nonce",
          "preferred_username",
          "name",
          "tid",
          "ver",
          "at_hash",
          "c_hash",
          "email"
        ],
        "kerberos_endpoint": "https://login.microsoftonline.com/00000000-0000-0000-0000-000000000000/kerberos",
        "tenant_region_scope": "WW",
        "cloud_instance_name": "microsoftonline.com",
        "cloud_graph_host_name": "graph.windows.net",
        "msgraph_host": "graph.microsoft.com",
        "rbac_url": "https://pas.windows.net"
      }
    },
    {
      "RequestUri": "https://login.microsoftonline.com/00000000-0000-0000-0000-000000000000/oauth2/v2.0/token",
      "RequestMethod": "POST",
      "RequestHeaders": {
        "Accept": "application/json",
        "Accept-Encoding": "gzip, deflate",
        "client-request-id": "fc730b84-bae8-48da-bc21-1452d71df526",
        "Connection": "keep-alive",
        "Content-Length": "193",
        "Content-Type": "application/x-www-form-urlencoded",
        "Cookie": "cookie;",
        "User-Agent": "azsdk-python-identity/1.15.0b1 Python/3.11.4 (Windows-10-10.0.22621-SP0)",
        "x-client-cpu": "x64",
        "x-client-current-telemetry": "4|730,2|",
        "x-client-last-telemetry": "4|0|||",
        "x-client-os": "win32",
        "x-client-sku": "MSAL.Python",
        "x-client-ver": "1.24.0",
        "x-ms-lib-capability": "retry-after, h429"
      },
      "RequestBody": "client_id=00000000-0000-0000-0000-000000000000\u0026grant_type=client_credentials\u0026client_info=1\u0026client_secret=00000000-0000-0000-0000-000000000000\u0026scope=https%3A%2F%2Fmanagement.azure.com%2F.default",
      "StatusCode": 200,
      "ResponseHeaders": {
        "Cache-Control": "no-store, no-cache",
        "client-request-id": "fc730b84-bae8-48da-bc21-1452d71df526",
        "Content-Length": "114",
        "Content-Type": "application/json; charset=utf-8",
        "Date": "Wed, 20 Sep 2023 16:19:51 GMT",
        "Expires": "-1",
        "P3P": "CP=\u0022DSP CUR OTPi IND OTRi ONL FIN\u0022",
        "Pragma": "no-cache",
        "Set-Cookie": "[set-cookie;]",
        "Strict-Transport-Security": "max-age=31536000; includeSubDomains",
        "X-Content-Type-Options": "nosniff",
        "x-ms-clitelem": "1,0,0,,",
        "x-ms-ests-server": "2.1.16368.8 - FRC ProdSlices",
        "X-XSS-Protection": "0"
      },
      "ResponseBody": {
        "token_type": "Bearer",
        "expires_in": 86399,
        "ext_expires_in": 86399,
        "refresh_in": 43199,
        "access_token": "access_token"
      }
    },
    {
      "RequestUri": "https://management.azure.com/subscriptions/00000000-0000-0000-0000-000000000000/resourceGroups/sdk-python-tests-rg-tmp/providers/Microsoft.NetApp/netAppAccounts/sdk-py-tests-acc-1-9f8d2912?api-version=2023-05-01",
      "RequestMethod": "PUT",
      "RequestHeaders": {
        "Accept": "application/json",
        "Accept-Encoding": "gzip, deflate",
        "Connection": "keep-alive",
        "Content-Length": "23",
        "Content-Type": "application/json",
        "User-Agent": "azsdk-python-mgmt-netapp/11.0.0 Python/3.11.4 (Windows-10-10.0.22621-SP0)"
      },
      "RequestBody": {
        "location": "westus2"
      },
      "StatusCode": 201,
      "ResponseHeaders": {
        "Azure-AsyncOperation": "https://management.azure.com/subscriptions/00000000-0000-0000-0000-000000000000/providers/Microsoft.NetApp/locations/westus2/operationResults/d7c5f1ec-3dee-4b53-b40d-aa1fc8c79ec9?api-version=2023-05-01",
        "Cache-Control": "no-cache",
        "Content-Length": "706",
        "Content-Type": "application/json; charset=utf-8",
        "Date": "Wed, 20 Sep 2023 16:19:54 GMT",
        "ETag": "W/\u0022datetime\u00272023-09-20T16%3A19%3A53.0934172Z\u0027\u0022",
        "Expires": "-1",
        "Pragma": "no-cache",
        "Server": "Microsoft-IIS/10.0",
        "Strict-Transport-Security": "max-age=31536000; includeSubDomains",
        "X-Content-Type-Options": "nosniff",
        "x-ms-correlation-request-id": "79ec523a-f169-4ec4-ada6-ae8e60b50aef",
        "x-ms-ratelimit-remaining-subscription-writes": "1193",
        "x-ms-routing-request-id": "WESTEUROPE:20230920T161954Z:79ec523a-f169-4ec4-ada6-ae8e60b50aef",
        "X-Powered-By": "ASP.NET"
      },
      "ResponseBody": {
        "id": "/subscriptions/00000000-0000-0000-0000-000000000000/resourceGroups/sdk-python-tests-rg-tmp/providers/Microsoft.NetApp/netAppAccounts/sdk-py-tests-acc-1-9f8d2912",
        "name": "sdk-py-tests-acc-1-9f8d2912",
        "type": "Microsoft.NetApp/netAppAccounts",
        "etag": "W/\u0022datetime\u00272023-09-20T16%3A19%3A53.0934172Z\u0027\u0022",
        "location": "westus2",
        "tags": {
          "CreatedOnDate": "2023-09-20T16:19:52.5719619Z"
        },
        "properties": {
          "provisioningState": "Creating"
        },
        "systemData": {
          "createdBy": "00000000-0000-0000-0000-000000000000",
          "createdByType": "Application",
          "createdAt": "2023-09-20T16:19:52.9500818Z",
          "lastModifiedBy": "00000000-0000-0000-0000-000000000000",
          "lastModifiedByType": "Application",
          "lastModifiedAt": "2023-09-20T16:19:52.9500818Z"
        }
      }
    },
    {
      "RequestUri": "https://management.azure.com/subscriptions/00000000-0000-0000-0000-000000000000/providers/Microsoft.NetApp/locations/westus2/operationResults/d7c5f1ec-3dee-4b53-b40d-aa1fc8c79ec9?api-version=2023-05-01",
      "RequestMethod": "GET",
      "RequestHeaders": {
        "Accept": "*/*",
        "Accept-Encoding": "gzip, deflate",
        "Connection": "keep-alive",
        "User-Agent": "azsdk-python-mgmt-netapp/11.0.0 Python/3.11.4 (Windows-10-10.0.22621-SP0)"
      },
      "RequestBody": null,
      "StatusCode": 200,
      "ResponseHeaders": {
        "Cache-Control": "no-cache",
        "Content-Encoding": "gzip",
        "Content-Type": "application/json; charset=utf-8",
        "Date": "Wed, 20 Sep 2023 16:19:54 GMT",
        "Expires": "-1",
        "Pragma": "no-cache",
        "Server": "Microsoft-IIS/10.0",
        "Strict-Transport-Security": "max-age=31536000; includeSubDomains",
        "Transfer-Encoding": "chunked",
        "Vary": "Accept-Encoding",
        "X-Content-Type-Options": "nosniff",
        "x-ms-correlation-request-id": "c031d5bd-35d2-490b-9e96-3bdea949dcbb",
        "x-ms-ratelimit-remaining-subscription-reads": "11933",
        "x-ms-routing-request-id": "WESTEUROPE:20230920T161954Z:c031d5bd-35d2-490b-9e96-3bdea949dcbb",
        "X-Powered-By": "ASP.NET"
      },
      "ResponseBody": {
        "id": "/subscriptions/00000000-0000-0000-0000-000000000000/providers/Microsoft.NetApp/locations/westus2/operationResults/d7c5f1ec-3dee-4b53-b40d-aa1fc8c79ec9",
        "name": "d7c5f1ec-3dee-4b53-b40d-aa1fc8c79ec9",
        "status": "Succeeded",
        "startTime": "2023-09-20T16:19:53.0999691Z",
        "endTime": "2023-09-20T16:19:53.1486337Z",
        "percentComplete": 100.0,
        "properties": {
          "resourceName": "/subscriptions/00000000-0000-0000-0000-000000000000/resourceGroups/sdk-python-tests-rg-tmp/providers/Microsoft.NetApp/netAppAccounts/sdk-py-tests-acc-1-9f8d2912",
          "action": "CREATE"
        }
      }
    },
    {
      "RequestUri": "https://management.azure.com/subscriptions/00000000-0000-0000-0000-000000000000/resourceGroups/sdk-python-tests-rg-tmp/providers/Microsoft.NetApp/netAppAccounts/sdk-py-tests-acc-1-9f8d2912?api-version=2023-05-01",
      "RequestMethod": "GET",
      "RequestHeaders": {
        "Accept": "*/*",
        "Accept-Encoding": "gzip, deflate",
        "Connection": "keep-alive",
        "User-Agent": "azsdk-python-mgmt-netapp/11.0.0 Python/3.11.4 (Windows-10-10.0.22621-SP0)"
      },
      "RequestBody": null,
      "StatusCode": 200,
      "ResponseHeaders": {
        "Cache-Control": "no-cache",
        "Content-Encoding": "gzip",
        "Content-Type": "application/json; charset=utf-8",
        "Date": "Wed, 20 Sep 2023 16:19:54 GMT",
        "ETag": "W/\u0022datetime\u00272023-09-20T16%3A19%3A53.1420948Z\u0027\u0022",
        "Expires": "-1",
        "Pragma": "no-cache",
        "Server": "Microsoft-IIS/10.0",
        "Strict-Transport-Security": "max-age=31536000; includeSubDomains",
        "Transfer-Encoding": "chunked",
        "Vary": "Accept-Encoding",
        "X-Content-Type-Options": "nosniff",
        "x-ms-correlation-request-id": "b354327a-ceaf-40d1-a801-32750235ada8",
        "x-ms-ratelimit-remaining-subscription-reads": "11932",
        "x-ms-routing-request-id": "WESTEUROPE:20230920T161955Z:b354327a-ceaf-40d1-a801-32750235ada8",
        "X-Powered-By": "ASP.NET"
      },
      "ResponseBody": {
        "id": "/subscriptions/00000000-0000-0000-0000-000000000000/resourceGroups/sdk-python-tests-rg-tmp/providers/Microsoft.NetApp/netAppAccounts/sdk-py-tests-acc-1-9f8d2912",
        "name": "sdk-py-tests-acc-1-9f8d2912",
        "type": "Microsoft.NetApp/netAppAccounts",
        "etag": "W/\u0022datetime\u00272023-09-20T16%3A19%3A53.1420948Z\u0027\u0022",
        "location": "westus2",
        "tags": {
          "CreatedOnDate": "2023-09-20T16:19:52.5719619Z"
        },
        "properties": {
          "activeDirectories": [
            {
              "activeDirectoryId": "09ef3da0-c3dd-8e10-a69c-04a84d8ebc85",
              "username": "sdkuser",
              "password": "****************",
              "domain": "sdkdomain",
              "dns": "192.0.2.2",
              "status": "Created",
              "smbServerName": "PSSMBSName",
              "organizationalUnit": "CN=Computers",
              "adName": "ps1792",
              "aesEncryption": false,
              "ldapSigning": false,
              "ldapOverTLS": false,
              "allowLocalNfsUsersWithLdap": false,
              "encryptDCConnections": false,
              "ldapSearchScope": {}
            }
          ],
          "encryption": {
            "keySource": "Microsoft.NetApp"
          },
          "provisioningState": "Succeeded"
        },
        "systemData": {
          "createdBy": "00000000-0000-0000-0000-000000000000",
          "createdByType": "Application",
          "createdAt": "2023-09-20T16:19:52.9500818Z",
          "lastModifiedBy": "00000000-0000-0000-0000-000000000000",
          "lastModifiedByType": "Application",
          "lastModifiedAt": "2023-09-20T16:19:52.9500818Z"
        }
      }
    },
    {
      "RequestUri": "https://management.azure.com/subscriptions/00000000-0000-0000-0000-000000000000/resourceGroups/sdk-python-tests-rg-tmp/providers/Microsoft.NetApp/netAppAccounts/sdk-py-tests-acc-1-9f8d2912?api-version=2023-05-01",
      "RequestMethod": "GET",
      "RequestHeaders": {
        "Accept": "application/json",
        "Accept-Encoding": "gzip, deflate",
        "Connection": "keep-alive",
        "User-Agent": "azsdk-python-mgmt-netapp/11.0.0 Python/3.11.4 (Windows-10-10.0.22621-SP0)"
      },
      "RequestBody": null,
      "StatusCode": 200,
      "ResponseHeaders": {
        "Cache-Control": "no-cache",
        "Content-Encoding": "gzip",
        "Content-Type": "application/json; charset=utf-8",
        "Date": "Wed, 20 Sep 2023 16:19:55 GMT",
        "ETag": "W/\u0022datetime\u00272023-09-20T16%3A19%3A53.1420948Z\u0027\u0022",
        "Expires": "-1",
        "Pragma": "no-cache",
        "Server": "Microsoft-IIS/10.0",
        "Strict-Transport-Security": "max-age=31536000; includeSubDomains",
        "Transfer-Encoding": "chunked",
        "Vary": "Accept-Encoding",
        "X-Content-Type-Options": "nosniff",
        "x-ms-correlation-request-id": "a72e34ed-47c4-4ede-bc02-e04fbeaf3daf",
        "x-ms-ratelimit-remaining-subscription-reads": "11931",
        "x-ms-routing-request-id": "WESTEUROPE:20230920T161955Z:a72e34ed-47c4-4ede-bc02-e04fbeaf3daf",
        "X-Powered-By": "ASP.NET"
      },
      "ResponseBody": {
        "id": "/subscriptions/00000000-0000-0000-0000-000000000000/resourceGroups/sdk-python-tests-rg-tmp/providers/Microsoft.NetApp/netAppAccounts/sdk-py-tests-acc-1-9f8d2912",
        "name": "sdk-py-tests-acc-1-9f8d2912",
        "type": "Microsoft.NetApp/netAppAccounts",
        "etag": "W/\u0022datetime\u00272023-09-20T16%3A19%3A53.1420948Z\u0027\u0022",
        "location": "westus2",
        "tags": {
          "CreatedOnDate": "2023-09-20T16:19:52.5719619Z"
        },
        "properties": {
          "activeDirectories": [
            {
              "activeDirectoryId": "09ef3da0-c3dd-8e10-a69c-04a84d8ebc85",
              "username": "sdkuser",
              "password": "****************",
              "domain": "sdkdomain",
              "dns": "192.0.2.2",
              "status": "Created",
              "smbServerName": "PSSMBSName",
              "organizationalUnit": "CN=Computers",
              "adName": "ps1792",
              "aesEncryption": false,
              "ldapSigning": false,
              "ldapOverTLS": false,
              "allowLocalNfsUsersWithLdap": false,
              "encryptDCConnections": false,
              "ldapSearchScope": {}
            }
          ],
          "encryption": {
            "keySource": "Microsoft.NetApp"
          },
          "provisioningState": "Succeeded"
        },
        "systemData": {
          "createdBy": "00000000-0000-0000-0000-000000000000",
          "createdByType": "Application",
          "createdAt": "2023-09-20T16:19:52.9500818Z",
          "lastModifiedBy": "00000000-0000-0000-0000-000000000000",
          "lastModifiedByType": "Application",
          "lastModifiedAt": "2023-09-20T16:19:52.9500818Z"
        }
      }
    },
    {
      "RequestUri": "https://management.azure.com/subscriptions/00000000-0000-0000-0000-000000000000/resourceGroups/sdk-python-tests-rg-tmp/providers/Microsoft.NetApp/netAppAccounts/sdk-py-tests-acc-1-9f8d2912/capacityPools/sdk-py-tests-pool-1?api-version=2023-05-01",
      "RequestMethod": "PUT",
      "RequestHeaders": {
        "Accept": "application/json",
        "Accept-Encoding": "gzip, deflate",
        "Connection": "keep-alive",
        "Content-Length": "138",
        "Content-Type": "application/json",
        "User-Agent": "azsdk-python-mgmt-netapp/11.0.0 Python/3.11.4 (Windows-10-10.0.22621-SP0)"
      },
      "RequestBody": {
        "location": "westus2",
        "properties": {
          "size": 4398046511104,
          "serviceLevel": "Premium",
          "coolAccess": false,
          "encryptionType": "Single"
        }
      },
      "StatusCode": 201,
      "ResponseHeaders": {
        "Azure-AsyncOperation": "https://management.azure.com/subscriptions/00000000-0000-0000-0000-000000000000/providers/Microsoft.NetApp/locations/westus2/operationResults/4540a04b-ae6f-4824-98ce-6985e732664a?api-version=2023-05-01",
        "Cache-Control": "no-cache",
        "Content-Length": "922",
        "Content-Type": "application/json; charset=utf-8",
        "Date": "Wed, 20 Sep 2023 16:19:57 GMT",
        "ETag": "W/\u0022datetime\u00272023-09-20T16%3A19%3A56.3859441Z\u0027\u0022",
        "Expires": "-1",
        "Pragma": "no-cache",
        "Server": "Microsoft-IIS/10.0",
        "Strict-Transport-Security": "max-age=31536000; includeSubDomains",
        "X-Content-Type-Options": "nosniff",
        "x-ms-correlation-request-id": "d2943008-9059-4ee2-8cb9-f1c6de019297",
        "x-ms-ratelimit-remaining-subscription-writes": "1192",
        "x-ms-routing-request-id": "WESTEUROPE:20230920T161957Z:d2943008-9059-4ee2-8cb9-f1c6de019297",
        "X-Powered-By": "ASP.NET"
      },
      "ResponseBody": {
        "id": "/subscriptions/00000000-0000-0000-0000-000000000000/resourceGroups/sdk-python-tests-rg-tmp/providers/Microsoft.NetApp/netAppAccounts/sdk-py-tests-acc-1-9f8d2912/capacityPools/sdk-py-tests-pool-1",
        "name": "sdk-py-tests-acc-1-9f8d2912/sdk-py-tests-pool-1",
        "type": "Microsoft.NetApp/netAppAccounts/capacityPools",
        "etag": "W/\u0022datetime\u00272023-09-20T16%3A19%3A56.3859441Z\u0027\u0022",
        "location": "westus2",
        "tags": {
          "CreatedOnDate": "2023-09-20T16:19:55.7320352Z"
        },
        "properties": {
          "serviceLevel": "Premium",
          "size": 4398046511104,
          "totalThroughputMibps": 0.0,
          "utilizedThroughputMibps": 0.0,
          "encryptionType": "Single",
          "coolAccess": false,
          "provisioningState": "Creating"
        },
        "systemData": {
          "createdBy": "00000000-0000-0000-0000-000000000000",
          "createdByType": "Application",
          "createdAt": "2023-09-20T16:19:56.2157445Z",
          "lastModifiedBy": "00000000-0000-0000-0000-000000000000",
          "lastModifiedByType": "Application",
          "lastModifiedAt": "2023-09-20T16:19:56.2157445Z"
        }
      }
    },
    {
      "RequestUri": "https://management.azure.com/subscriptions/00000000-0000-0000-0000-000000000000/providers/Microsoft.NetApp/locations/westus2/operationResults/4540a04b-ae6f-4824-98ce-6985e732664a?api-version=2023-05-01",
      "RequestMethod": "GET",
      "RequestHeaders": {
        "Accept": "*/*",
        "Accept-Encoding": "gzip, deflate",
        "Connection": "keep-alive",
        "User-Agent": "azsdk-python-mgmt-netapp/11.0.0 Python/3.11.4 (Windows-10-10.0.22621-SP0)"
      },
      "RequestBody": null,
      "StatusCode": 200,
      "ResponseHeaders": {
        "Cache-Control": "no-cache",
        "Content-Encoding": "gzip",
        "Content-Type": "application/json; charset=utf-8",
        "Date": "Wed, 20 Sep 2023 16:19:57 GMT",
        "Expires": "-1",
        "Pragma": "no-cache",
        "Server": "Microsoft-IIS/10.0",
        "Strict-Transport-Security": "max-age=31536000; includeSubDomains",
        "Transfer-Encoding": "chunked",
        "Vary": "Accept-Encoding",
        "X-Content-Type-Options": "nosniff",
        "x-ms-correlation-request-id": "e90b4268-a02c-4084-bf6d-f762fd0ab5b0",
        "x-ms-ratelimit-remaining-subscription-reads": "11930",
        "x-ms-routing-request-id": "WESTEUROPE:20230920T161957Z:e90b4268-a02c-4084-bf6d-f762fd0ab5b0",
        "X-Powered-By": "ASP.NET"
      },
      "ResponseBody": {
        "id": "/subscriptions/00000000-0000-0000-0000-000000000000/providers/Microsoft.NetApp/locations/westus2/operationResults/4540a04b-ae6f-4824-98ce-6985e732664a",
        "name": "4540a04b-ae6f-4824-98ce-6985e732664a",
        "status": "Succeeded",
        "startTime": "2023-09-20T16:19:56.3951622Z",
        "endTime": "2023-09-20T16:19:56.8207688Z",
        "percentComplete": 100.0,
        "properties": {
          "resourceName": "/subscriptions/00000000-0000-0000-0000-000000000000/resourceGroups/sdk-python-tests-rg-tmp/providers/Microsoft.NetApp/netAppAccounts/sdk-py-tests-acc-1-9f8d2912/capacityPools/sdk-py-tests-pool-1",
          "action": "CREATE"
        }
      }
    },
    {
      "RequestUri": "https://management.azure.com/subscriptions/00000000-0000-0000-0000-000000000000/resourceGroups/sdk-python-tests-rg-tmp/providers/Microsoft.NetApp/netAppAccounts/sdk-py-tests-acc-1-9f8d2912/capacityPools/sdk-py-tests-pool-1?api-version=2023-05-01",
      "RequestMethod": "GET",
      "RequestHeaders": {
        "Accept": "*/*",
        "Accept-Encoding": "gzip, deflate",
        "Connection": "keep-alive",
        "User-Agent": "azsdk-python-mgmt-netapp/11.0.0 Python/3.11.4 (Windows-10-10.0.22621-SP0)"
      },
      "RequestBody": null,
      "StatusCode": 200,
      "ResponseHeaders": {
        "Cache-Control": "no-cache",
        "Content-Encoding": "gzip",
        "Content-Type": "application/json; charset=utf-8",
        "Date": "Wed, 20 Sep 2023 16:19:57 GMT",
        "ETag": "W/\u0022datetime\u00272023-09-20T16%3A19%3A56.8119595Z\u0027\u0022",
        "Expires": "-1",
        "Pragma": "no-cache",
        "Server": "Microsoft-IIS/10.0",
        "Strict-Transport-Security": "max-age=31536000; includeSubDomains",
        "Transfer-Encoding": "chunked",
        "Vary": "Accept-Encoding",
        "X-Content-Type-Options": "nosniff",
        "x-ms-correlation-request-id": "ea4218ba-a740-451d-9b87-1739b33dbeed",
        "x-ms-ratelimit-remaining-subscription-reads": "11929",
        "x-ms-routing-request-id": "WESTEUROPE:20230920T161958Z:ea4218ba-a740-451d-9b87-1739b33dbeed",
        "X-Powered-By": "ASP.NET"
      },
      "ResponseBody": {
        "id": "/subscriptions/00000000-0000-0000-0000-000000000000/resourceGroups/sdk-python-tests-rg-tmp/providers/Microsoft.NetApp/netAppAccounts/sdk-py-tests-acc-1-9f8d2912/capacityPools/sdk-py-tests-pool-1",
        "name": "sdk-py-tests-acc-1-9f8d2912/sdk-py-tests-pool-1",
        "type": "Microsoft.NetApp/netAppAccounts/capacityPools",
        "etag": "W/\u0022datetime\u00272023-09-20T16%3A19%3A56.8119595Z\u0027\u0022",
        "location": "westus2",
        "tags": {
          "CreatedOnDate": "2023-09-20T16:19:55.7320352Z"
        },
        "properties": {
          "poolId": "c8b83298-a261-f7a8-fa6d-abe85490b0e6",
          "serviceLevel": "Premium",
          "size": 4398046511104,
          "qosType": "Auto",
          "totalThroughputMibps": 256.0,
          "utilizedThroughputMibps": 0.0,
          "encryptionType": "Single",
          "coolAccess": false,
          "provisioningState": "Succeeded"
        },
        "systemData": {
          "createdBy": "00000000-0000-0000-0000-000000000000",
          "createdByType": "Application",
          "createdAt": "2023-09-20T16:19:56.2157445Z",
          "lastModifiedBy": "00000000-0000-0000-0000-000000000000",
          "lastModifiedByType": "Application",
          "lastModifiedAt": "2023-09-20T16:19:56.2157445Z"
        }
      }
    },
    {
      "RequestUri": "https://management.azure.com/subscriptions/00000000-0000-0000-0000-000000000000/resourceGroups/sdk-python-tests-rg-tmp/providers/Microsoft.NetApp/netAppAccounts/sdk-py-tests-acc-1-9f8d2912/capacityPools/sdk-py-tests-pool-1?api-version=2023-05-01",
      "RequestMethod": "GET",
      "RequestHeaders": {
        "Accept": "application/json",
        "Accept-Encoding": "gzip, deflate",
        "Connection": "keep-alive",
        "User-Agent": "azsdk-python-mgmt-netapp/11.0.0 Python/3.11.4 (Windows-10-10.0.22621-SP0)"
      },
      "RequestBody": null,
      "StatusCode": 200,
      "ResponseHeaders": {
        "Cache-Control": "no-cache",
        "Content-Encoding": "gzip",
        "Content-Type": "application/json; charset=utf-8",
        "Date": "Wed, 20 Sep 2023 16:19:58 GMT",
        "ETag": "W/\u0022datetime\u00272023-09-20T16%3A19%3A56.8119595Z\u0027\u0022",
        "Expires": "-1",
        "Pragma": "no-cache",
        "Server": "Microsoft-IIS/10.0",
        "Strict-Transport-Security": "max-age=31536000; includeSubDomains",
        "Transfer-Encoding": "chunked",
        "Vary": "Accept-Encoding",
        "X-Content-Type-Options": "nosniff",
        "x-ms-correlation-request-id": "2df12c9b-225a-4998-9229-6c7cd2f19428",
        "x-ms-ratelimit-remaining-subscription-reads": "11928",
        "x-ms-routing-request-id": "WESTEUROPE:20230920T161958Z:2df12c9b-225a-4998-9229-6c7cd2f19428",
        "X-Powered-By": "ASP.NET"
      },
      "ResponseBody": {
        "id": "/subscriptions/00000000-0000-0000-0000-000000000000/resourceGroups/sdk-python-tests-rg-tmp/providers/Microsoft.NetApp/netAppAccounts/sdk-py-tests-acc-1-9f8d2912/capacityPools/sdk-py-tests-pool-1",
        "name": "sdk-py-tests-acc-1-9f8d2912/sdk-py-tests-pool-1",
        "type": "Microsoft.NetApp/netAppAccounts/capacityPools",
        "etag": "W/\u0022datetime\u00272023-09-20T16%3A19%3A56.8119595Z\u0027\u0022",
        "location": "westus2",
        "tags": {
          "CreatedOnDate": "2023-09-20T16:19:55.7320352Z"
        },
        "properties": {
          "poolId": "c8b83298-a261-f7a8-fa6d-abe85490b0e6",
          "serviceLevel": "Premium",
          "size": 4398046511104,
          "qosType": "Auto",
          "totalThroughputMibps": 256.0,
          "utilizedThroughputMibps": 0.0,
          "encryptionType": "Single",
          "coolAccess": false,
          "provisioningState": "Succeeded"
        },
        "systemData": {
          "createdBy": "00000000-0000-0000-0000-000000000000",
          "createdByType": "Application",
          "createdAt": "2023-09-20T16:19:56.2157445Z",
          "lastModifiedBy": "00000000-0000-0000-0000-000000000000",
          "lastModifiedByType": "Application",
          "lastModifiedAt": "2023-09-20T16:19:56.2157445Z"
        }
      }
    },
    {
      "RequestUri": "https://management.azure.com/subscriptions/00000000-0000-0000-0000-000000000000/resourceGroups/sdk-python-tests-rg-tmp/providers/Microsoft.NetApp/netAppAccounts/sdk-py-tests-acc-1-9f8d2912/capacityPools/sdk-py-tests-pool-1/volumes/sdk-py-tests-vol-3?api-version=2023-05-01",
      "RequestMethod": "PUT",
      "RequestHeaders": {
        "Accept": "application/json",
        "Accept-Encoding": "gzip, deflate",
        "Connection": "keep-alive",
        "Content-Length": "779",
        "Content-Type": "application/json",
        "User-Agent": "azsdk-python-mgmt-netapp/11.0.0 Python/3.11.4 (Windows-10-10.0.22621-SP0)"
      },
      "RequestBody": {
        "location": "westus2",
        "properties": {
          "creationToken": "sdk-py-tests-vol-3",
          "serviceLevel": "Premium",
          "usageThreshold": 107374182400,
          "protocolTypes": [
            "NFSv3"
          ],
          "subnetId": "/subscriptions/00000000-0000-0000-0000-000000000000/resourceGroups/sdk-python-tests-rg-tmp/providers/Microsoft.Network/virtualNetworks/sdk-python-tests-perma-VNET/subnets/sdk-python-tests-subnet",
          "networkFeatures": "Standard",
          "snapshotDirectoryVisible": true,
          "kerberosEnabled": false,
          "securityStyle": "unix",
          "smbEncryption": false,
          "smbContinuouslyAvailable": false,
          "encryptionKeySource": "Microsoft.NetApp",
          "ldapEnabled": false,
          "coolAccess": false,
          "avsDataStore": "Disabled",
          "isDefaultQuotaEnabled": false,
          "defaultUserQuotaInKiBs": 0,
          "defaultGroupQuotaInKiBs": 0,
          "isLargeVolume": false
        }
      },
      "StatusCode": 201,
      "ResponseHeaders": {
        "Azure-AsyncOperation": "https://management.azure.com/subscriptions/00000000-0000-0000-0000-000000000000/providers/Microsoft.NetApp/locations/westus2/operationResults/4ee0d60a-55db-4c0a-b131-a6d14c0ea0ea?api-version=2023-05-01",
        "Cache-Control": "no-cache",
        "Content-Length": "1579",
        "Content-Type": "application/json; charset=utf-8",
        "Date": "Wed, 20 Sep 2023 16:20:00 GMT",
        "ETag": "W/\u0022datetime\u00272023-09-20T16%3A19%3A59.5321141Z\u0027\u0022",
        "Expires": "-1",
        "Pragma": "no-cache",
        "Server": "Microsoft-IIS/10.0",
        "Strict-Transport-Security": "max-age=31536000; includeSubDomains",
        "X-Content-Type-Options": "nosniff",
        "x-ms-correlation-request-id": "39c61060-1ce4-4b19-a821-572d163d87d4",
        "x-ms-ratelimit-remaining-subscription-writes": "1191",
        "x-ms-routing-request-id": "WESTEUROPE:20230920T162000Z:39c61060-1ce4-4b19-a821-572d163d87d4",
        "X-Powered-By": "ASP.NET"
      },
      "ResponseBody": {
        "id": "/subscriptions/00000000-0000-0000-0000-000000000000/resourceGroups/sdk-python-tests-rg-tmp/providers/Microsoft.NetApp/netAppAccounts/sdk-py-tests-acc-1-9f8d2912/capacityPools/sdk-py-tests-pool-1/volumes/sdk-py-tests-vol-3",
        "name": "sdk-py-tests-acc-1-9f8d2912/sdk-py-tests-pool-1/sdk-py-tests-vol-3",
        "type": "Microsoft.NetApp/netAppAccounts/capacityPools/volumes",
        "etag": "W/\u0022datetime\u00272023-09-20T16%3A19%3A59.5321141Z\u0027\u0022",
        "location": "westus2",
        "tags": {
          "CreatedOnDate": "2023-09-20T16:19:58.8575049Z"
        },
        "properties": {
          "volumeType": "",
          "serviceLevel": "Premium",
          "creationToken": "sdk-py-tests-vol-3",
          "usageThreshold": 107374182400,
          "protocolTypes": [
            "NFSv3"
          ],
          "subnetId": "/subscriptions/00000000-0000-0000-0000-000000000000/resourceGroups/sdk-python-tests-rg-tmp/providers/Microsoft.Network/virtualNetworks/sdk-python-tests-perma-VNET/subnets/sdk-python-tests-subnet",
          "networkFeatures": "Standard",
          "snapshotDirectoryVisible": true,
          "kerberosEnabled": false,
          "securityStyle": "unix",
          "smbEncryption": false,
          "smbContinuouslyAvailable": false,
          "encryptionKeySource": "Microsoft.NetApp",
          "ldapEnabled": false,
          "coolAccess": false,
          "avsDataStore": "Disabled",
          "isDefaultQuotaEnabled": false,
          "defaultUserQuotaInKiBs": 0,
          "defaultGroupQuotaInKiBs": 0,
          "maximumNumberOfFiles": 100000000,
          "isLargeVolume": false,
          "provisioningState": "Creating"
        },
        "systemData": {
          "createdBy": "00000000-0000-0000-0000-000000000000",
          "createdByType": "Application",
          "createdAt": "2023-09-20T16:19:59.3564012Z",
          "lastModifiedBy": "00000000-0000-0000-0000-000000000000",
          "lastModifiedByType": "Application",
          "lastModifiedAt": "2023-09-20T16:19:59.3564012Z"
        }
      }
    },
    {
      "RequestUri": "https://management.azure.com/subscriptions/00000000-0000-0000-0000-000000000000/providers/Microsoft.NetApp/locations/westus2/operationResults/4ee0d60a-55db-4c0a-b131-a6d14c0ea0ea?api-version=2023-05-01",
      "RequestMethod": "GET",
      "RequestHeaders": {
        "Accept": "*/*",
        "Accept-Encoding": "gzip, deflate",
        "Connection": "keep-alive",
        "User-Agent": "azsdk-python-mgmt-netapp/11.0.0 Python/3.11.4 (Windows-10-10.0.22621-SP0)"
      },
      "RequestBody": null,
      "StatusCode": 200,
      "ResponseHeaders": {
        "Cache-Control": "no-cache",
        "Content-Encoding": "gzip",
        "Content-Type": "application/json; charset=utf-8",
        "Date": "Wed, 20 Sep 2023 16:20:00 GMT",
        "Expires": "-1",
        "Pragma": "no-cache",
        "Server": "Microsoft-IIS/10.0",
        "Strict-Transport-Security": "max-age=31536000; includeSubDomains",
        "Transfer-Encoding": "chunked",
        "Vary": "Accept-Encoding",
        "X-Content-Type-Options": "nosniff",
        "x-ms-correlation-request-id": "3f40bbc9-27b4-4418-834f-89ceda0b6d4b",
        "x-ms-ratelimit-remaining-subscription-reads": "11927",
        "x-ms-routing-request-id": "WESTEUROPE:20230920T162000Z:3f40bbc9-27b4-4418-834f-89ceda0b6d4b",
        "X-Powered-By": "ASP.NET"
      },
      "ResponseBody": {
        "id": "/subscriptions/00000000-0000-0000-0000-000000000000/providers/Microsoft.NetApp/locations/westus2/operationResults/4ee0d60a-55db-4c0a-b131-a6d14c0ea0ea",
        "name": "4ee0d60a-55db-4c0a-b131-a6d14c0ea0ea",
        "status": "Creating",
        "startTime": "2023-09-20T16:19:59.5397294Z",
        "endTime": "0001-01-01T00:00:00Z",
        "percentComplete": 0.0,
        "properties": {
          "resourceName": "/subscriptions/00000000-0000-0000-0000-000000000000/resourceGroups/sdk-python-tests-rg-tmp/providers/Microsoft.NetApp/netAppAccounts/sdk-py-tests-acc-1-9f8d2912/capacityPools/sdk-py-tests-pool-1/volumes/sdk-py-tests-vol-3",
          "action": "CREATE"
        }
      }
    },
    {
      "RequestUri": "https://management.azure.com/subscriptions/00000000-0000-0000-0000-000000000000/providers/Microsoft.NetApp/locations/westus2/operationResults/4ee0d60a-55db-4c0a-b131-a6d14c0ea0ea?api-version=2023-05-01",
      "RequestMethod": "GET",
      "RequestHeaders": {
        "Accept": "*/*",
        "Accept-Encoding": "gzip, deflate",
        "Connection": "keep-alive",
        "User-Agent": "azsdk-python-mgmt-netapp/11.0.0 Python/3.11.4 (Windows-10-10.0.22621-SP0)"
      },
      "RequestBody": null,
      "StatusCode": 200,
      "ResponseHeaders": {
        "Cache-Control": "no-cache",
        "Content-Encoding": "gzip",
        "Content-Type": "application/json; charset=utf-8",
        "Date": "Wed, 20 Sep 2023 16:20:30 GMT",
        "Expires": "-1",
        "Pragma": "no-cache",
        "Server": "Microsoft-IIS/10.0",
        "Strict-Transport-Security": "max-age=31536000; includeSubDomains",
        "Transfer-Encoding": "chunked",
        "Vary": "Accept-Encoding",
        "X-Content-Type-Options": "nosniff",
        "x-ms-correlation-request-id": "ae15b6d1-25c0-4fde-af96-be96a28d1789",
        "x-ms-ratelimit-remaining-subscription-reads": "11926",
        "x-ms-routing-request-id": "WESTEUROPE:20230920T162030Z:ae15b6d1-25c0-4fde-af96-be96a28d1789",
        "X-Powered-By": "ASP.NET"
      },
      "ResponseBody": {
        "id": "/subscriptions/00000000-0000-0000-0000-000000000000/providers/Microsoft.NetApp/locations/westus2/operationResults/4ee0d60a-55db-4c0a-b131-a6d14c0ea0ea",
        "name": "4ee0d60a-55db-4c0a-b131-a6d14c0ea0ea",
        "status": "Creating",
        "startTime": "2023-09-20T16:19:59.5397294Z",
        "endTime": "0001-01-01T00:00:00Z",
        "percentComplete": 0.0,
        "properties": {
          "resourceName": "/subscriptions/00000000-0000-0000-0000-000000000000/resourceGroups/sdk-python-tests-rg-tmp/providers/Microsoft.NetApp/netAppAccounts/sdk-py-tests-acc-1-9f8d2912/capacityPools/sdk-py-tests-pool-1/volumes/sdk-py-tests-vol-3",
          "action": "CREATE"
        }
      }
    },
    {
      "RequestUri": "https://management.azure.com/subscriptions/00000000-0000-0000-0000-000000000000/providers/Microsoft.NetApp/locations/westus2/operationResults/4ee0d60a-55db-4c0a-b131-a6d14c0ea0ea?api-version=2023-05-01",
      "RequestMethod": "GET",
      "RequestHeaders": {
        "Accept": "*/*",
        "Accept-Encoding": "gzip, deflate",
        "Connection": "keep-alive",
        "User-Agent": "azsdk-python-mgmt-netapp/11.0.0 Python/3.11.4 (Windows-10-10.0.22621-SP0)"
      },
      "RequestBody": null,
      "StatusCode": 200,
      "ResponseHeaders": {
        "Cache-Control": "no-cache",
        "Content-Encoding": "gzip",
        "Content-Type": "application/json; charset=utf-8",
        "Date": "Wed, 20 Sep 2023 16:21:00 GMT",
        "Expires": "-1",
        "Pragma": "no-cache",
        "Server": "Microsoft-IIS/10.0",
        "Strict-Transport-Security": "max-age=31536000; includeSubDomains",
        "Transfer-Encoding": "chunked",
        "Vary": "Accept-Encoding",
        "X-Content-Type-Options": "nosniff",
        "x-ms-correlation-request-id": "726b1b8e-f101-4e2a-80df-61e3e13c3231",
        "x-ms-ratelimit-remaining-subscription-reads": "11925",
        "x-ms-routing-request-id": "WESTEUROPE:20230920T162101Z:726b1b8e-f101-4e2a-80df-61e3e13c3231",
        "X-Powered-By": "ASP.NET"
      },
      "ResponseBody": {
        "id": "/subscriptions/00000000-0000-0000-0000-000000000000/providers/Microsoft.NetApp/locations/westus2/operationResults/4ee0d60a-55db-4c0a-b131-a6d14c0ea0ea",
        "name": "4ee0d60a-55db-4c0a-b131-a6d14c0ea0ea",
        "status": "Creating",
        "startTime": "2023-09-20T16:19:59.5397294Z",
        "endTime": "0001-01-01T00:00:00Z",
        "percentComplete": 0.0,
        "properties": {
          "resourceName": "/subscriptions/00000000-0000-0000-0000-000000000000/resourceGroups/sdk-python-tests-rg-tmp/providers/Microsoft.NetApp/netAppAccounts/sdk-py-tests-acc-1-9f8d2912/capacityPools/sdk-py-tests-pool-1/volumes/sdk-py-tests-vol-3",
          "action": "CREATE"
        }
      }
    },
    {
      "RequestUri": "https://management.azure.com/subscriptions/00000000-0000-0000-0000-000000000000/providers/Microsoft.NetApp/locations/westus2/operationResults/4ee0d60a-55db-4c0a-b131-a6d14c0ea0ea?api-version=2023-05-01",
      "RequestMethod": "GET",
      "RequestHeaders": {
        "Accept": "*/*",
        "Accept-Encoding": "gzip, deflate",
        "Connection": "keep-alive",
        "User-Agent": "azsdk-python-mgmt-netapp/11.0.0 Python/3.11.4 (Windows-10-10.0.22621-SP0)"
      },
      "RequestBody": null,
      "StatusCode": 200,
      "ResponseHeaders": {
        "Cache-Control": "no-cache",
        "Content-Encoding": "gzip",
        "Content-Type": "application/json; charset=utf-8",
        "Date": "Wed, 20 Sep 2023 16:21:30 GMT",
        "Expires": "-1",
        "Pragma": "no-cache",
        "Server": "Microsoft-IIS/10.0",
        "Strict-Transport-Security": "max-age=31536000; includeSubDomains",
        "Transfer-Encoding": "chunked",
        "Vary": "Accept-Encoding",
        "X-Content-Type-Options": "nosniff",
        "x-ms-correlation-request-id": "d13e8791-9c0d-4c59-92f4-e72b2c68ea5f",
        "x-ms-ratelimit-remaining-subscription-reads": "11924",
        "x-ms-routing-request-id": "WESTEUROPE:20230920T162131Z:d13e8791-9c0d-4c59-92f4-e72b2c68ea5f",
        "X-Powered-By": "ASP.NET"
      },
      "ResponseBody": {
        "id": "/subscriptions/00000000-0000-0000-0000-000000000000/providers/Microsoft.NetApp/locations/westus2/operationResults/4ee0d60a-55db-4c0a-b131-a6d14c0ea0ea",
        "name": "4ee0d60a-55db-4c0a-b131-a6d14c0ea0ea",
        "status": "Creating",
        "startTime": "2023-09-20T16:19:59.5397294Z",
        "endTime": "0001-01-01T00:00:00Z",
        "percentComplete": 0.0,
        "properties": {
          "resourceName": "/subscriptions/00000000-0000-0000-0000-000000000000/resourceGroups/sdk-python-tests-rg-tmp/providers/Microsoft.NetApp/netAppAccounts/sdk-py-tests-acc-1-9f8d2912/capacityPools/sdk-py-tests-pool-1/volumes/sdk-py-tests-vol-3",
          "action": "CREATE"
        }
      }
    },
    {
      "RequestUri": "https://management.azure.com/subscriptions/00000000-0000-0000-0000-000000000000/providers/Microsoft.NetApp/locations/westus2/operationResults/4ee0d60a-55db-4c0a-b131-a6d14c0ea0ea?api-version=2023-05-01",
      "RequestMethod": "GET",
      "RequestHeaders": {
        "Accept": "*/*",
        "Accept-Encoding": "gzip, deflate",
        "Connection": "keep-alive",
        "User-Agent": "azsdk-python-mgmt-netapp/11.0.0 Python/3.11.4 (Windows-10-10.0.22621-SP0)"
      },
      "RequestBody": null,
      "StatusCode": 200,
      "ResponseHeaders": {
        "Cache-Control": "no-cache",
        "Content-Encoding": "gzip",
        "Content-Type": "application/json; charset=utf-8",
        "Date": "Wed, 20 Sep 2023 16:22:00 GMT",
        "Expires": "-1",
        "Pragma": "no-cache",
        "Server": "Microsoft-IIS/10.0",
        "Strict-Transport-Security": "max-age=31536000; includeSubDomains",
        "Transfer-Encoding": "chunked",
        "Vary": "Accept-Encoding",
        "X-Content-Type-Options": "nosniff",
        "x-ms-correlation-request-id": "5f2890e6-552e-44f9-a7f6-934fbf3d87f0",
        "x-ms-ratelimit-remaining-subscription-reads": "11923",
        "x-ms-routing-request-id": "WESTEUROPE:20230920T162201Z:5f2890e6-552e-44f9-a7f6-934fbf3d87f0",
        "X-Powered-By": "ASP.NET"
      },
      "ResponseBody": {
        "id": "/subscriptions/00000000-0000-0000-0000-000000000000/providers/Microsoft.NetApp/locations/westus2/operationResults/4ee0d60a-55db-4c0a-b131-a6d14c0ea0ea",
        "name": "4ee0d60a-55db-4c0a-b131-a6d14c0ea0ea",
        "status": "Creating",
        "startTime": "2023-09-20T16:19:59.5397294Z",
        "endTime": "0001-01-01T00:00:00Z",
        "percentComplete": 0.0,
        "properties": {
          "resourceName": "/subscriptions/00000000-0000-0000-0000-000000000000/resourceGroups/sdk-python-tests-rg-tmp/providers/Microsoft.NetApp/netAppAccounts/sdk-py-tests-acc-1-9f8d2912/capacityPools/sdk-py-tests-pool-1/volumes/sdk-py-tests-vol-3",
          "action": "CREATE"
        }
      }
    },
    {
      "RequestUri": "https://management.azure.com/subscriptions/00000000-0000-0000-0000-000000000000/providers/Microsoft.NetApp/locations/westus2/operationResults/4ee0d60a-55db-4c0a-b131-a6d14c0ea0ea?api-version=2023-05-01",
      "RequestMethod": "GET",
      "RequestHeaders": {
        "Accept": "*/*",
        "Accept-Encoding": "gzip, deflate",
        "Connection": "keep-alive",
        "User-Agent": "azsdk-python-mgmt-netapp/11.0.0 Python/3.11.4 (Windows-10-10.0.22621-SP0)"
      },
      "RequestBody": null,
      "StatusCode": 200,
      "ResponseHeaders": {
        "Cache-Control": "no-cache",
        "Content-Encoding": "gzip",
        "Content-Type": "application/json; charset=utf-8",
        "Date": "Wed, 20 Sep 2023 16:22:31 GMT",
        "Expires": "-1",
        "Pragma": "no-cache",
        "Server": "Microsoft-IIS/10.0",
        "Strict-Transport-Security": "max-age=31536000; includeSubDomains",
        "Transfer-Encoding": "chunked",
        "Vary": "Accept-Encoding",
        "X-Content-Type-Options": "nosniff",
        "x-ms-correlation-request-id": "91717ada-2d4c-4afe-bb21-227ad923b77e",
        "x-ms-ratelimit-remaining-subscription-reads": "11922",
        "x-ms-routing-request-id": "WESTEUROPE:20230920T162231Z:91717ada-2d4c-4afe-bb21-227ad923b77e",
        "X-Powered-By": "ASP.NET"
      },
      "ResponseBody": {
        "id": "/subscriptions/00000000-0000-0000-0000-000000000000/providers/Microsoft.NetApp/locations/westus2/operationResults/4ee0d60a-55db-4c0a-b131-a6d14c0ea0ea",
        "name": "4ee0d60a-55db-4c0a-b131-a6d14c0ea0ea",
        "status": "Creating",
        "startTime": "2023-09-20T16:19:59.5397294Z",
        "endTime": "0001-01-01T00:00:00Z",
        "percentComplete": 0.0,
        "properties": {
          "resourceName": "/subscriptions/00000000-0000-0000-0000-000000000000/resourceGroups/sdk-python-tests-rg-tmp/providers/Microsoft.NetApp/netAppAccounts/sdk-py-tests-acc-1-9f8d2912/capacityPools/sdk-py-tests-pool-1/volumes/sdk-py-tests-vol-3",
          "action": "CREATE"
        }
      }
    },
    {
      "RequestUri": "https://management.azure.com/subscriptions/00000000-0000-0000-0000-000000000000/providers/Microsoft.NetApp/locations/westus2/operationResults/4ee0d60a-55db-4c0a-b131-a6d14c0ea0ea?api-version=2023-05-01",
      "RequestMethod": "GET",
      "RequestHeaders": {
        "Accept": "*/*",
        "Accept-Encoding": "gzip, deflate",
        "Connection": "keep-alive",
        "User-Agent": "azsdk-python-mgmt-netapp/11.0.0 Python/3.11.4 (Windows-10-10.0.22621-SP0)"
      },
      "RequestBody": null,
      "StatusCode": 200,
      "ResponseHeaders": {
        "Cache-Control": "no-cache",
        "Content-Encoding": "gzip",
        "Content-Type": "application/json; charset=utf-8",
        "Date": "Wed, 20 Sep 2023 16:23:02 GMT",
        "Expires": "-1",
        "Pragma": "no-cache",
        "Server": "Microsoft-IIS/10.0",
        "Strict-Transport-Security": "max-age=31536000; includeSubDomains",
        "Transfer-Encoding": "chunked",
        "Vary": "Accept-Encoding",
        "X-Content-Type-Options": "nosniff",
        "x-ms-correlation-request-id": "0eda0a2c-d13a-476b-bc59-c45ba6167438",
        "x-ms-ratelimit-remaining-subscription-reads": "11921",
        "x-ms-routing-request-id": "WESTEUROPE:20230920T162302Z:0eda0a2c-d13a-476b-bc59-c45ba6167438",
        "X-Powered-By": "ASP.NET"
      },
      "ResponseBody": {
        "id": "/subscriptions/00000000-0000-0000-0000-000000000000/providers/Microsoft.NetApp/locations/westus2/operationResults/4ee0d60a-55db-4c0a-b131-a6d14c0ea0ea",
        "name": "4ee0d60a-55db-4c0a-b131-a6d14c0ea0ea",
        "status": "Creating",
        "startTime": "2023-09-20T16:19:59.5397294Z",
        "endTime": "0001-01-01T00:00:00Z",
        "percentComplete": 0.0,
        "properties": {
          "resourceName": "/subscriptions/00000000-0000-0000-0000-000000000000/resourceGroups/sdk-python-tests-rg-tmp/providers/Microsoft.NetApp/netAppAccounts/sdk-py-tests-acc-1-9f8d2912/capacityPools/sdk-py-tests-pool-1/volumes/sdk-py-tests-vol-3",
          "action": "CREATE"
        }
      }
    },
    {
      "RequestUri": "https://management.azure.com/subscriptions/00000000-0000-0000-0000-000000000000/providers/Microsoft.NetApp/locations/westus2/operationResults/4ee0d60a-55db-4c0a-b131-a6d14c0ea0ea?api-version=2023-05-01",
      "RequestMethod": "GET",
      "RequestHeaders": {
        "Accept": "*/*",
        "Accept-Encoding": "gzip, deflate",
        "Connection": "keep-alive",
        "User-Agent": "azsdk-python-mgmt-netapp/11.0.0 Python/3.11.4 (Windows-10-10.0.22621-SP0)"
      },
      "RequestBody": null,
      "StatusCode": 200,
      "ResponseHeaders": {
        "Cache-Control": "no-cache",
        "Content-Encoding": "gzip",
        "Content-Type": "application/json; charset=utf-8",
        "Date": "Wed, 20 Sep 2023 16:23:32 GMT",
        "Expires": "-1",
        "Pragma": "no-cache",
        "Server": "Microsoft-IIS/10.0",
        "Strict-Transport-Security": "max-age=31536000; includeSubDomains",
        "Transfer-Encoding": "chunked",
        "Vary": "Accept-Encoding",
        "X-Content-Type-Options": "nosniff",
        "x-ms-correlation-request-id": "e96d8650-fa5d-4ba3-89ff-bd9fb4cf2633",
        "x-ms-ratelimit-remaining-subscription-reads": "11920",
        "x-ms-routing-request-id": "WESTEUROPE:20230920T162333Z:e96d8650-fa5d-4ba3-89ff-bd9fb4cf2633",
        "X-Powered-By": "ASP.NET"
      },
      "ResponseBody": {
        "id": "/subscriptions/00000000-0000-0000-0000-000000000000/providers/Microsoft.NetApp/locations/westus2/operationResults/4ee0d60a-55db-4c0a-b131-a6d14c0ea0ea",
        "name": "4ee0d60a-55db-4c0a-b131-a6d14c0ea0ea",
        "status": "Creating",
        "startTime": "2023-09-20T16:19:59.5397294Z",
        "endTime": "0001-01-01T00:00:00Z",
        "percentComplete": 0.0,
        "properties": {
          "resourceName": "/subscriptions/00000000-0000-0000-0000-000000000000/resourceGroups/sdk-python-tests-rg-tmp/providers/Microsoft.NetApp/netAppAccounts/sdk-py-tests-acc-1-9f8d2912/capacityPools/sdk-py-tests-pool-1/volumes/sdk-py-tests-vol-3",
          "action": "CREATE"
        }
      }
    },
    {
      "RequestUri": "https://management.azure.com/subscriptions/00000000-0000-0000-0000-000000000000/providers/Microsoft.NetApp/locations/westus2/operationResults/4ee0d60a-55db-4c0a-b131-a6d14c0ea0ea?api-version=2023-05-01",
      "RequestMethod": "GET",
      "RequestHeaders": {
        "Accept": "*/*",
        "Accept-Encoding": "gzip, deflate",
        "Connection": "keep-alive",
        "User-Agent": "azsdk-python-mgmt-netapp/11.0.0 Python/3.11.4 (Windows-10-10.0.22621-SP0)"
      },
      "RequestBody": null,
      "StatusCode": 200,
      "ResponseHeaders": {
        "Cache-Control": "no-cache",
        "Content-Encoding": "gzip",
        "Content-Type": "application/json; charset=utf-8",
        "Date": "Wed, 20 Sep 2023 16:24:02 GMT",
        "Expires": "-1",
        "Pragma": "no-cache",
        "Server": "Microsoft-IIS/10.0",
        "Strict-Transport-Security": "max-age=31536000; includeSubDomains",
        "Transfer-Encoding": "chunked",
        "Vary": "Accept-Encoding",
        "X-Content-Type-Options": "nosniff",
        "x-ms-correlation-request-id": "d77e7950-5eb6-49a3-9c5e-1a469b97bb33",
        "x-ms-ratelimit-remaining-subscription-reads": "11919",
        "x-ms-routing-request-id": "WESTEUROPE:20230920T162403Z:d77e7950-5eb6-49a3-9c5e-1a469b97bb33",
        "X-Powered-By": "ASP.NET"
      },
      "ResponseBody": {
        "id": "/subscriptions/00000000-0000-0000-0000-000000000000/providers/Microsoft.NetApp/locations/westus2/operationResults/4ee0d60a-55db-4c0a-b131-a6d14c0ea0ea",
        "name": "4ee0d60a-55db-4c0a-b131-a6d14c0ea0ea",
        "status": "Creating",
        "startTime": "2023-09-20T16:19:59.5397294Z",
        "endTime": "0001-01-01T00:00:00Z",
        "percentComplete": 0.0,
        "properties": {
          "resourceName": "/subscriptions/00000000-0000-0000-0000-000000000000/resourceGroups/sdk-python-tests-rg-tmp/providers/Microsoft.NetApp/netAppAccounts/sdk-py-tests-acc-1-9f8d2912/capacityPools/sdk-py-tests-pool-1/volumes/sdk-py-tests-vol-3",
          "action": "CREATE"
        }
      }
    },
    {
      "RequestUri": "https://management.azure.com/subscriptions/00000000-0000-0000-0000-000000000000/providers/Microsoft.NetApp/locations/westus2/operationResults/4ee0d60a-55db-4c0a-b131-a6d14c0ea0ea?api-version=2023-05-01",
      "RequestMethod": "GET",
      "RequestHeaders": {
        "Accept": "*/*",
        "Accept-Encoding": "gzip, deflate",
        "Connection": "keep-alive",
        "User-Agent": "azsdk-python-mgmt-netapp/11.0.0 Python/3.11.4 (Windows-10-10.0.22621-SP0)"
      },
      "RequestBody": null,
      "StatusCode": 200,
      "ResponseHeaders": {
        "Cache-Control": "no-cache",
        "Content-Encoding": "gzip",
        "Content-Type": "application/json; charset=utf-8",
        "Date": "Wed, 20 Sep 2023 16:24:32 GMT",
        "Expires": "-1",
        "Pragma": "no-cache",
        "Server": "Microsoft-IIS/10.0",
        "Strict-Transport-Security": "max-age=31536000; includeSubDomains",
        "Transfer-Encoding": "chunked",
        "Vary": "Accept-Encoding",
        "X-Content-Type-Options": "nosniff",
        "x-ms-correlation-request-id": "c303b600-f55e-4a81-8d66-0a067706fd29",
        "x-ms-ratelimit-remaining-subscription-reads": "11918",
        "x-ms-routing-request-id": "WESTEUROPE:20230920T162433Z:c303b600-f55e-4a81-8d66-0a067706fd29",
        "X-Powered-By": "ASP.NET"
      },
      "ResponseBody": {
        "id": "/subscriptions/00000000-0000-0000-0000-000000000000/providers/Microsoft.NetApp/locations/westus2/operationResults/4ee0d60a-55db-4c0a-b131-a6d14c0ea0ea",
        "name": "4ee0d60a-55db-4c0a-b131-a6d14c0ea0ea",
        "status": "Creating",
        "startTime": "2023-09-20T16:19:59.5397294Z",
        "endTime": "0001-01-01T00:00:00Z",
        "percentComplete": 0.0,
        "properties": {
          "resourceName": "/subscriptions/00000000-0000-0000-0000-000000000000/resourceGroups/sdk-python-tests-rg-tmp/providers/Microsoft.NetApp/netAppAccounts/sdk-py-tests-acc-1-9f8d2912/capacityPools/sdk-py-tests-pool-1/volumes/sdk-py-tests-vol-3",
          "action": "CREATE"
        }
      }
    },
    {
      "RequestUri": "https://management.azure.com/subscriptions/00000000-0000-0000-0000-000000000000/providers/Microsoft.NetApp/locations/westus2/operationResults/4ee0d60a-55db-4c0a-b131-a6d14c0ea0ea?api-version=2023-05-01",
      "RequestMethod": "GET",
      "RequestHeaders": {
        "Accept": "*/*",
        "Accept-Encoding": "gzip, deflate",
        "Connection": "keep-alive",
        "User-Agent": "azsdk-python-mgmt-netapp/11.0.0 Python/3.11.4 (Windows-10-10.0.22621-SP0)"
      },
      "RequestBody": null,
      "StatusCode": 200,
      "ResponseHeaders": {
        "Cache-Control": "no-cache",
        "Content-Encoding": "gzip",
        "Content-Type": "application/json; charset=utf-8",
        "Date": "Wed, 20 Sep 2023 16:25:02 GMT",
        "Expires": "-1",
        "Pragma": "no-cache",
        "Server": "Microsoft-IIS/10.0",
        "Strict-Transport-Security": "max-age=31536000; includeSubDomains",
        "Transfer-Encoding": "chunked",
        "Vary": "Accept-Encoding",
        "X-Content-Type-Options": "nosniff",
        "x-ms-correlation-request-id": "5c031431-aa7b-4aac-9a47-a694a23fc839",
        "x-ms-ratelimit-remaining-subscription-reads": "11917",
        "x-ms-routing-request-id": "WESTEUROPE:20230920T162503Z:5c031431-aa7b-4aac-9a47-a694a23fc839",
        "X-Powered-By": "ASP.NET"
      },
      "ResponseBody": {
        "id": "/subscriptions/00000000-0000-0000-0000-000000000000/providers/Microsoft.NetApp/locations/westus2/operationResults/4ee0d60a-55db-4c0a-b131-a6d14c0ea0ea",
        "name": "4ee0d60a-55db-4c0a-b131-a6d14c0ea0ea",
        "status": "Succeeded",
        "startTime": "2023-09-20T16:19:59.5397294Z",
        "endTime": "2023-09-20T16:24:58.1020306Z",
        "percentComplete": 100.0,
        "properties": {
          "resourceName": "/subscriptions/00000000-0000-0000-0000-000000000000/resourceGroups/sdk-python-tests-rg-tmp/providers/Microsoft.NetApp/netAppAccounts/sdk-py-tests-acc-1-9f8d2912/capacityPools/sdk-py-tests-pool-1/volumes/sdk-py-tests-vol-3",
          "action": "CREATE"
        }
      }
    },
    {
      "RequestUri": "https://management.azure.com/subscriptions/00000000-0000-0000-0000-000000000000/resourceGroups/sdk-python-tests-rg-tmp/providers/Microsoft.NetApp/netAppAccounts/sdk-py-tests-acc-1-9f8d2912/capacityPools/sdk-py-tests-pool-1/volumes/sdk-py-tests-vol-3?api-version=2023-05-01",
      "RequestMethod": "GET",
      "RequestHeaders": {
        "Accept": "*/*",
        "Accept-Encoding": "gzip, deflate",
        "Connection": "keep-alive",
        "User-Agent": "azsdk-python-mgmt-netapp/11.0.0 Python/3.11.4 (Windows-10-10.0.22621-SP0)"
      },
      "RequestBody": null,
      "StatusCode": 200,
      "ResponseHeaders": {
        "Cache-Control": "no-cache",
        "Content-Encoding": "gzip",
        "Content-Type": "application/json; charset=utf-8",
        "Date": "Wed, 20 Sep 2023 16:25:03 GMT",
        "ETag": "W/\u0022datetime\u00272023-09-20T16%3A24%3A58.0912885Z\u0027\u0022",
        "Expires": "-1",
        "Pragma": "no-cache",
        "Server": "Microsoft-IIS/10.0",
        "Strict-Transport-Security": "max-age=31536000; includeSubDomains",
        "Transfer-Encoding": "chunked",
        "Vary": "Accept-Encoding",
        "X-Content-Type-Options": "nosniff",
        "x-ms-correlation-request-id": "5b57085a-9475-4980-b347-64ee892b0d7e",
        "x-ms-ratelimit-remaining-subscription-reads": "11916",
        "x-ms-routing-request-id": "WESTEUROPE:20230920T162504Z:5b57085a-9475-4980-b347-64ee892b0d7e",
        "X-Powered-By": "ASP.NET"
      },
      "ResponseBody": {
        "id": "/subscriptions/00000000-0000-0000-0000-000000000000/resourceGroups/sdk-python-tests-rg-tmp/providers/Microsoft.NetApp/netAppAccounts/sdk-py-tests-acc-1-9f8d2912/capacityPools/sdk-py-tests-pool-1/volumes/sdk-py-tests-vol-3",
        "name": "sdk-py-tests-acc-1-9f8d2912/sdk-py-tests-pool-1/sdk-py-tests-vol-3",
        "type": "Microsoft.NetApp/netAppAccounts/capacityPools/volumes",
        "etag": "W/\u0022datetime\u00272023-09-20T16%3A24%3A58.0912885Z\u0027\u0022",
        "location": "westus2",
        "tags": {
          "CreatedOnDate": "2023-09-20T16:19:58.8575049Z"
        },
        "properties": {
          "volumeType": "",
          "fileSystemId": "bf420ea3-9689-b821-0c27-e80132d792de",
          "serviceLevel": "Premium",
          "creationToken": "sdk-py-tests-vol-3",
          "usageThreshold": 107374182400,
          "exportPolicy": {
            "rules": [
              {
                "ruleIndex": 1,
                "unixReadOnly": false,
                "unixReadWrite": true,
                "cifs": false,
                "nfsv3": true,
                "nfsv41": false,
                "allowedClients": "0.0.0.0/0",
                "kerberos5ReadOnly": false,
                "kerberos5ReadWrite": false,
                "kerberos5iReadOnly": false,
                "kerberos5iReadWrite": false,
                "kerberos5pReadOnly": false,
                "kerberos5pReadWrite": false,
                "hasRootAccess": true,
                "chownMode": "Restricted"
              }
            ]
          },
          "protocolTypes": [
            "NFSv3"
          ],
          "baremetalTenantId": "baremetalTenant_svm_8f82c7b40509489d9e97d719b9b955b4_48f6f2e9",
          "subnetId": "/subscriptions/00000000-0000-0000-0000-000000000000/resourceGroups/sdk-python-tests-rg-tmp/providers/Microsoft.Network/virtualNetworks/sdk-python-tests-perma-VNET/subnets/sdk-python-tests-subnet",
          "networkFeatures": "Standard",
          "networkSiblingSetId": "8dd1978e-584b-5087-bfc6-c261b926b7ba",
          "storageToNetworkProximity": "T2",
          "snapshotDirectoryVisible": true,
          "kerberosEnabled": false,
          "securityStyle": "Unix",
          "smbEncryption": false,
          "smbContinuouslyAvailable": false,
          "encryptionKeySource": "Microsoft.NetApp",
          "ldapEnabled": false,
          "unixPermissions": "0770",
          "mountTargets": [
            {
              "mountTargetId": "bf420ea3-9689-b821-0c27-e80132d792de",
              "fileSystemId": "bf420ea3-9689-b821-0c27-e80132d792de",
              "ipAddress": "10.0.0.5"
            }
          ],
          "coolAccess": false,
          "avsDataStore": "Disabled",
          "isDefaultQuotaEnabled": false,
          "defaultUserQuotaInKiBs": 0,
          "defaultGroupQuotaInKiBs": 0,
          "enableSubvolumes": "Disabled",
          "maximumNumberOfFiles": 100000000,
          "smbNonBrowsable": "Disabled",
          "smbAccessBasedEnumeration": "Disabled",
          "isLargeVolume": false,
          "provisionedAvailabilityZone": "1",
          "actualThroughputMibps": 6.25,
          "provisioningState": "Succeeded"
        },
        "systemData": {
          "createdBy": "00000000-0000-0000-0000-000000000000",
          "createdByType": "Application",
          "createdAt": "2023-09-20T16:19:59.3564012Z",
          "lastModifiedBy": "00000000-0000-0000-0000-000000000000",
          "lastModifiedByType": "Application",
          "lastModifiedAt": "2023-09-20T16:19:59.3564012Z"
        }
      }
    },
    {
      "RequestUri": "https://management.azure.com/subscriptions/00000000-0000-0000-0000-000000000000/resourceGroups/sdk-python-tests-rg-tmp/providers/Microsoft.NetApp/netAppAccounts/sdk-py-tests-acc-1-9f8d2912/capacityPools/sdk-py-tests-pool-1/volumes/sdk-py-tests-vol-3?api-version=2023-05-01",
      "RequestMethod": "GET",
      "RequestHeaders": {
        "Accept": "application/json",
        "Accept-Encoding": "gzip, deflate",
        "Connection": "keep-alive",
        "User-Agent": "azsdk-python-mgmt-netapp/11.0.0 Python/3.11.4 (Windows-10-10.0.22621-SP0)"
      },
      "RequestBody": null,
      "StatusCode": 200,
      "ResponseHeaders": {
        "Cache-Control": "no-cache",
        "Content-Encoding": "gzip",
        "Content-Type": "application/json; charset=utf-8",
        "Date": "Wed, 20 Sep 2023 16:25:03 GMT",
        "ETag": "W/\u0022datetime\u00272023-09-20T16%3A24%3A58.0912885Z\u0027\u0022",
        "Expires": "-1",
        "Pragma": "no-cache",
        "Server": "Microsoft-IIS/10.0",
        "Strict-Transport-Security": "max-age=31536000; includeSubDomains",
        "Transfer-Encoding": "chunked",
        "Vary": "Accept-Encoding",
        "X-Content-Type-Options": "nosniff",
        "x-ms-correlation-request-id": "9ef7e1aa-1be1-4199-8d57-2880b3d192b4",
        "x-ms-ratelimit-remaining-subscription-reads": "11915",
        "x-ms-routing-request-id": "WESTEUROPE:20230920T162504Z:9ef7e1aa-1be1-4199-8d57-2880b3d192b4",
        "X-Powered-By": "ASP.NET"
      },
      "ResponseBody": {
        "id": "/subscriptions/00000000-0000-0000-0000-000000000000/resourceGroups/sdk-python-tests-rg-tmp/providers/Microsoft.NetApp/netAppAccounts/sdk-py-tests-acc-1-9f8d2912/capacityPools/sdk-py-tests-pool-1/volumes/sdk-py-tests-vol-3",
        "name": "sdk-py-tests-acc-1-9f8d2912/sdk-py-tests-pool-1/sdk-py-tests-vol-3",
        "type": "Microsoft.NetApp/netAppAccounts/capacityPools/volumes",
        "etag": "W/\u0022datetime\u00272023-09-20T16%3A24%3A58.0912885Z\u0027\u0022",
        "location": "westus2",
        "tags": {
          "CreatedOnDate": "2023-09-20T16:19:58.8575049Z"
        },
        "properties": {
          "volumeType": "",
          "fileSystemId": "bf420ea3-9689-b821-0c27-e80132d792de",
          "serviceLevel": "Premium",
          "creationToken": "sdk-py-tests-vol-3",
          "usageThreshold": 107374182400,
          "exportPolicy": {
            "rules": [
              {
                "ruleIndex": 1,
                "unixReadOnly": false,
                "unixReadWrite": true,
                "cifs": false,
                "nfsv3": true,
                "nfsv41": false,
                "allowedClients": "0.0.0.0/0",
                "kerberos5ReadOnly": false,
                "kerberos5ReadWrite": false,
                "kerberos5iReadOnly": false,
                "kerberos5iReadWrite": false,
                "kerberos5pReadOnly": false,
                "kerberos5pReadWrite": false,
                "hasRootAccess": true,
                "chownMode": "Restricted"
              }
            ]
          },
          "protocolTypes": [
            "NFSv3"
          ],
          "baremetalTenantId": "baremetalTenant_svm_8f82c7b40509489d9e97d719b9b955b4_48f6f2e9",
          "subnetId": "/subscriptions/00000000-0000-0000-0000-000000000000/resourceGroups/sdk-python-tests-rg-tmp/providers/Microsoft.Network/virtualNetworks/sdk-python-tests-perma-VNET/subnets/sdk-python-tests-subnet",
          "networkFeatures": "Standard",
          "networkSiblingSetId": "8dd1978e-584b-5087-bfc6-c261b926b7ba",
          "storageToNetworkProximity": "T2",
          "snapshotDirectoryVisible": true,
          "kerberosEnabled": false,
          "securityStyle": "Unix",
          "smbEncryption": false,
          "smbContinuouslyAvailable": false,
          "encryptionKeySource": "Microsoft.NetApp",
          "ldapEnabled": false,
          "unixPermissions": "0770",
          "mountTargets": [
            {
              "mountTargetId": "bf420ea3-9689-b821-0c27-e80132d792de",
              "fileSystemId": "bf420ea3-9689-b821-0c27-e80132d792de",
              "ipAddress": "10.0.0.5"
            }
          ],
          "coolAccess": false,
          "avsDataStore": "Disabled",
          "isDefaultQuotaEnabled": false,
          "defaultUserQuotaInKiBs": 0,
          "defaultGroupQuotaInKiBs": 0,
          "enableSubvolumes": "Disabled",
          "maximumNumberOfFiles": 100000000,
          "smbNonBrowsable": "Disabled",
          "smbAccessBasedEnumeration": "Disabled",
          "isLargeVolume": false,
          "provisionedAvailabilityZone": "1",
          "actualThroughputMibps": 6.25,
          "provisioningState": "Succeeded"
        },
        "systemData": {
          "createdBy": "00000000-0000-0000-0000-000000000000",
          "createdByType": "Application",
          "createdAt": "2023-09-20T16:19:59.3564012Z",
          "lastModifiedBy": "00000000-0000-0000-0000-000000000000",
          "lastModifiedByType": "Application",
          "lastModifiedAt": "2023-09-20T16:19:59.3564012Z"
        }
      }
    },
    {
      "RequestUri": "https://management.azure.com/subscriptions/00000000-0000-0000-0000-000000000000/resourceGroups/sdk-python-tests-rg-tmp/providers/Microsoft.NetApp/netAppAccounts/sdk-py-tests-acc-1-9f8d2912/capacityPools/sdk-py-tests-pool-1/volumes?api-version=2023-05-01",
      "RequestMethod": "GET",
      "RequestHeaders": {
        "Accept": "application/json",
        "Accept-Encoding": "gzip, deflate",
        "Connection": "keep-alive",
        "User-Agent": "azsdk-python-mgmt-netapp/11.0.0 Python/3.11.4 (Windows-10-10.0.22621-SP0)"
      },
      "RequestBody": null,
      "StatusCode": 200,
      "ResponseHeaders": {
        "Cache-Control": "no-cache",
        "Content-Encoding": "gzip",
        "Content-Type": "application/json; charset=utf-8",
        "Date": "Wed, 20 Sep 2023 16:25:03 GMT",
        "Expires": "-1",
        "Pragma": "no-cache",
        "Server": "Microsoft-IIS/10.0",
        "Strict-Transport-Security": "max-age=31536000; includeSubDomains",
        "Transfer-Encoding": "chunked",
        "Vary": "Accept-Encoding",
        "X-Content-Type-Options": "nosniff",
        "x-ms-correlation-request-id": "07aa5698-d0fa-4197-9009-17f99bda83bf",
        "x-ms-ratelimit-remaining-subscription-reads": "11914",
        "x-ms-routing-request-id": "WESTEUROPE:20230920T162504Z:07aa5698-d0fa-4197-9009-17f99bda83bf",
        "X-Powered-By": "ASP.NET"
      },
      "ResponseBody": {
        "value": [
          {
            "id": "/subscriptions/00000000-0000-0000-0000-000000000000/resourceGroups/sdk-python-tests-rg-tmp/providers/Microsoft.NetApp/netAppAccounts/sdk-py-tests-acc-1-9f8d2912/capacityPools/sdk-py-tests-pool-1/volumes/sdk-py-tests-vol-3",
            "name": "sdk-py-tests-acc-1-9f8d2912/sdk-py-tests-pool-1/sdk-py-tests-vol-3",
            "type": "Microsoft.NetApp/netAppAccounts/capacityPools/volumes",
            "etag": "W/\u0022datetime\u00272023-09-20T16%3A24%3A58.0912885Z\u0027\u0022",
            "location": "westus2",
            "tags": {
              "CreatedOnDate": "2023-09-20T16:19:58.8575049Z"
            },
            "properties": {
              "volumeType": "",
              "fileSystemId": "bf420ea3-9689-b821-0c27-e80132d792de",
              "serviceLevel": "Premium",
              "creationToken": "sdk-py-tests-vol-3",
              "usageThreshold": 107374182400,
              "exportPolicy": {
                "rules": [
                  {
                    "ruleIndex": 1,
                    "unixReadOnly": false,
                    "unixReadWrite": true,
                    "cifs": false,
                    "nfsv3": true,
                    "nfsv41": false,
                    "allowedClients": "0.0.0.0/0",
                    "kerberos5ReadOnly": false,
                    "kerberos5ReadWrite": false,
                    "kerberos5iReadOnly": false,
                    "kerberos5iReadWrite": false,
                    "kerberos5pReadOnly": false,
                    "kerberos5pReadWrite": false,
                    "hasRootAccess": true,
                    "chownMode": "Restricted"
                  }
                ]
              },
              "protocolTypes": [
                "NFSv3"
              ],
              "baremetalTenantId": "baremetalTenant_svm_8f82c7b40509489d9e97d719b9b955b4_48f6f2e9",
              "subnetId": "/subscriptions/00000000-0000-0000-0000-000000000000/resourceGroups/sdk-python-tests-rg-tmp/providers/Microsoft.Network/virtualNetworks/sdk-python-tests-perma-VNET/subnets/sdk-python-tests-subnet",
              "networkFeatures": "Standard",
              "networkSiblingSetId": "8dd1978e-584b-5087-bfc6-c261b926b7ba",
              "storageToNetworkProximity": "T2",
              "snapshotDirectoryVisible": true,
              "kerberosEnabled": false,
              "securityStyle": "Unix",
              "smbEncryption": false,
              "smbContinuouslyAvailable": false,
              "encryptionKeySource": "Microsoft.NetApp",
              "ldapEnabled": false,
              "unixPermissions": "0770",
              "mountTargets": [
                {
                  "mountTargetId": "bf420ea3-9689-b821-0c27-e80132d792de",
                  "fileSystemId": "bf420ea3-9689-b821-0c27-e80132d792de",
                  "ipAddress": "10.0.0.5"
                }
              ],
              "coolAccess": false,
              "avsDataStore": "Disabled",
              "isDefaultQuotaEnabled": false,
              "defaultUserQuotaInKiBs": 0,
              "defaultGroupQuotaInKiBs": 0,
              "enableSubvolumes": "Disabled",
              "maximumNumberOfFiles": 100000000,
              "smbNonBrowsable": "Disabled",
              "smbAccessBasedEnumeration": "Disabled",
              "isLargeVolume": false,
              "provisionedAvailabilityZone": "1",
              "actualThroughputMibps": 6.25,
              "provisioningState": "Succeeded"
            },
            "systemData": {
              "createdBy": "00000000-0000-0000-0000-000000000000",
              "createdByType": "Application",
              "createdAt": "2023-09-20T16:19:59.3564012Z",
              "lastModifiedBy": "00000000-0000-0000-0000-000000000000",
              "lastModifiedByType": "Application",
              "lastModifiedAt": "2023-09-20T16:19:59.3564012Z"
            }
          }
        ]
      }
    },
    {
      "RequestUri": "https://management.azure.com/subscriptions/00000000-0000-0000-0000-000000000000/resourceGroups/sdk-python-tests-rg-tmp/providers/Microsoft.NetApp/netAppAccounts/sdk-py-tests-acc-1-9f8d2912/capacityPools/sdk-py-tests-pool-1/volumes/sdk-py-tests-vol-3?api-version=2023-05-01",
      "RequestMethod": "DELETE",
      "RequestHeaders": {
        "Accept": "*/*",
        "Accept-Encoding": "gzip, deflate",
        "Connection": "keep-alive",
        "Content-Length": "0",
        "User-Agent": "azsdk-python-mgmt-netapp/11.0.0 Python/3.11.4 (Windows-10-10.0.22621-SP0)"
      },
      "RequestBody": null,
      "StatusCode": 202,
      "ResponseHeaders": {
        "Azure-AsyncOperation": "https://management.azure.com/subscriptions/00000000-0000-0000-0000-000000000000/providers/Microsoft.NetApp/locations/westus2/operationResults/e12830e7-b112-43d8-a73f-817b94d50717?api-version=2023-05-01",
        "Cache-Control": "no-cache",
        "Content-Length": "0",
        "Date": "Wed, 20 Sep 2023 16:25:04 GMT",
        "Expires": "-1",
        "Location": "https://management.azure.com/subscriptions/00000000-0000-0000-0000-000000000000/providers/Microsoft.NetApp/locations/westus2/operationResults/e12830e7-b112-43d8-a73f-817b94d50717?api-version=2023-05-01\u0026operationResultResponseType=Location",
        "Pragma": "no-cache",
        "Server": "Microsoft-IIS/10.0",
        "Strict-Transport-Security": "max-age=31536000; includeSubDomains",
        "X-Content-Type-Options": "nosniff",
        "x-ms-correlation-request-id": "91fb34f4-75c8-44b5-a352-90a6b212f4b9",
        "x-ms-ratelimit-remaining-subscription-deletes": "14994",
        "x-ms-routing-request-id": "WESTEUROPE:20230920T162505Z:91fb34f4-75c8-44b5-a352-90a6b212f4b9",
        "X-Powered-By": "ASP.NET"
      },
      "ResponseBody": null
    },
    {
      "RequestUri": "https://management.azure.com/subscriptions/00000000-0000-0000-0000-000000000000/providers/Microsoft.NetApp/locations/westus2/operationResults/e12830e7-b112-43d8-a73f-817b94d50717?api-version=2023-05-01",
      "RequestMethod": "GET",
      "RequestHeaders": {
        "Accept": "*/*",
        "Accept-Encoding": "gzip, deflate",
        "Connection": "keep-alive",
        "User-Agent": "azsdk-python-mgmt-netapp/11.0.0 Python/3.11.4 (Windows-10-10.0.22621-SP0)"
      },
      "RequestBody": null,
      "StatusCode": 200,
      "ResponseHeaders": {
        "Cache-Control": "no-cache",
        "Content-Encoding": "gzip",
        "Content-Type": "application/json; charset=utf-8",
        "Date": "Wed, 20 Sep 2023 16:25:04 GMT",
        "Expires": "-1",
        "Pragma": "no-cache",
        "Server": "Microsoft-IIS/10.0",
        "Strict-Transport-Security": "max-age=31536000; includeSubDomains",
        "Transfer-Encoding": "chunked",
        "Vary": "Accept-Encoding",
        "X-Content-Type-Options": "nosniff",
        "x-ms-correlation-request-id": "9879bce5-0a92-4296-bfb8-177872ad76d5",
        "x-ms-ratelimit-remaining-subscription-reads": "11913",
        "x-ms-routing-request-id": "WESTEUROPE:20230920T162505Z:9879bce5-0a92-4296-bfb8-177872ad76d5",
        "X-Powered-By": "ASP.NET"
      },
      "ResponseBody": {
        "id": "/subscriptions/00000000-0000-0000-0000-000000000000/providers/Microsoft.NetApp/locations/westus2/operationResults/e12830e7-b112-43d8-a73f-817b94d50717",
        "name": "e12830e7-b112-43d8-a73f-817b94d50717",
        "status": "Deleting",
        "startTime": "2023-09-20T16:25:05.4859269Z",
        "endTime": "0001-01-01T00:00:00Z",
        "percentComplete": 0.0,
        "properties": {
          "resourceName": "/subscriptions/00000000-0000-0000-0000-000000000000/resourceGroups/sdk-python-tests-rg-tmp/providers/Microsoft.NetApp/netAppAccounts/sdk-py-tests-acc-1-9f8d2912/capacityPools/sdk-py-tests-pool-1/volumes/sdk-py-tests-vol-3",
          "action": "DELETE"
        }
      }
    },
    {
      "RequestUri": "https://management.azure.com/subscriptions/00000000-0000-0000-0000-000000000000/providers/Microsoft.NetApp/locations/westus2/operationResults/e12830e7-b112-43d8-a73f-817b94d50717?api-version=2023-05-01",
      "RequestMethod": "GET",
      "RequestHeaders": {
        "Accept": "*/*",
        "Accept-Encoding": "gzip, deflate",
        "Connection": "keep-alive",
        "User-Agent": "azsdk-python-mgmt-netapp/11.0.0 Python/3.11.4 (Windows-10-10.0.22621-SP0)"
      },
      "RequestBody": null,
      "StatusCode": 200,
      "ResponseHeaders": {
        "Cache-Control": "no-cache",
        "Content-Encoding": "gzip",
        "Content-Type": "application/json; charset=utf-8",
        "Date": "Wed, 20 Sep 2023 16:25:36 GMT",
        "Expires": "-1",
        "Pragma": "no-cache",
        "Server": "Microsoft-IIS/10.0",
        "Strict-Transport-Security": "max-age=31536000; includeSubDomains",
        "Transfer-Encoding": "chunked",
        "Vary": "Accept-Encoding",
        "X-Content-Type-Options": "nosniff",
        "x-ms-correlation-request-id": "c1366355-7c42-4975-bb99-b88e2aa49767",
        "x-ms-ratelimit-remaining-subscription-reads": "11912",
        "x-ms-routing-request-id": "WESTEUROPE:20230920T162536Z:c1366355-7c42-4975-bb99-b88e2aa49767",
        "X-Powered-By": "ASP.NET"
      },
      "ResponseBody": {
        "id": "/subscriptions/00000000-0000-0000-0000-000000000000/providers/Microsoft.NetApp/locations/westus2/operationResults/e12830e7-b112-43d8-a73f-817b94d50717",
        "name": "e12830e7-b112-43d8-a73f-817b94d50717",
        "status": "Deleting",
        "startTime": "2023-09-20T16:25:05.4859269Z",
        "endTime": "0001-01-01T00:00:00Z",
        "percentComplete": 0.0,
        "properties": {
          "resourceName": "/subscriptions/00000000-0000-0000-0000-000000000000/resourceGroups/sdk-python-tests-rg-tmp/providers/Microsoft.NetApp/netAppAccounts/sdk-py-tests-acc-1-9f8d2912/capacityPools/sdk-py-tests-pool-1/volumes/sdk-py-tests-vol-3",
          "action": "DELETE"
        }
      }
    },
    {
      "RequestUri": "https://management.azure.com/subscriptions/00000000-0000-0000-0000-000000000000/providers/Microsoft.NetApp/locations/westus2/operationResults/e12830e7-b112-43d8-a73f-817b94d50717?api-version=2023-05-01",
      "RequestMethod": "GET",
      "RequestHeaders": {
        "Accept": "*/*",
        "Accept-Encoding": "gzip, deflate",
        "Connection": "keep-alive",
        "User-Agent": "azsdk-python-mgmt-netapp/11.0.0 Python/3.11.4 (Windows-10-10.0.22621-SP0)"
      },
      "RequestBody": null,
      "StatusCode": 200,
      "ResponseHeaders": {
        "Cache-Control": "no-cache",
        "Content-Encoding": "gzip",
        "Content-Type": "application/json; charset=utf-8",
        "Date": "Wed, 20 Sep 2023 16:26:06 GMT",
        "Expires": "-1",
        "Pragma": "no-cache",
        "Server": "Microsoft-IIS/10.0",
        "Strict-Transport-Security": "max-age=31536000; includeSubDomains",
        "Transfer-Encoding": "chunked",
        "Vary": "Accept-Encoding",
        "X-Content-Type-Options": "nosniff",
        "x-ms-correlation-request-id": "37fbecf1-b78f-41c2-ba12-492e1d8145ae",
        "x-ms-ratelimit-remaining-subscription-reads": "11911",
        "x-ms-routing-request-id": "WESTEUROPE:20230920T162606Z:37fbecf1-b78f-41c2-ba12-492e1d8145ae",
        "X-Powered-By": "ASP.NET"
      },
      "ResponseBody": {
        "id": "/subscriptions/00000000-0000-0000-0000-000000000000/providers/Microsoft.NetApp/locations/westus2/operationResults/e12830e7-b112-43d8-a73f-817b94d50717",
        "name": "e12830e7-b112-43d8-a73f-817b94d50717",
        "status": "Succeeded",
        "startTime": "2023-09-20T16:25:05.4859269Z",
        "endTime": "2023-09-20T16:25:44.939785Z",
        "percentComplete": 100.0,
        "properties": {
          "resourceName": "/subscriptions/00000000-0000-0000-0000-000000000000/resourceGroups/sdk-python-tests-rg-tmp/providers/Microsoft.NetApp/netAppAccounts/sdk-py-tests-acc-1-9f8d2912/capacityPools/sdk-py-tests-pool-1/volumes/sdk-py-tests-vol-3",
          "action": "DELETE"
        }
      }
    },
    {
      "RequestUri": "https://management.azure.com/subscriptions/00000000-0000-0000-0000-000000000000/providers/Microsoft.NetApp/locations/westus2/operationResults/e12830e7-b112-43d8-a73f-817b94d50717?api-version=2023-05-01\u0026operationResultResponseType=Location",
      "RequestMethod": "GET",
      "RequestHeaders": {
        "Accept": "*/*",
        "Accept-Encoding": "gzip, deflate",
        "Connection": "keep-alive",
        "User-Agent": "azsdk-python-mgmt-netapp/11.0.0 Python/3.11.4 (Windows-10-10.0.22621-SP0)"
      },
      "RequestBody": null,
      "StatusCode": 200,
      "ResponseHeaders": {
        "Cache-Control": "no-cache",
        "Content-Encoding": "gzip",
        "Content-Type": "application/json; charset=utf-8",
        "Date": "Wed, 20 Sep 2023 16:26:06 GMT",
        "Expires": "-1",
        "Pragma": "no-cache",
        "Server": "Microsoft-IIS/10.0",
        "Strict-Transport-Security": "max-age=31536000; includeSubDomains",
        "Transfer-Encoding": "chunked",
        "Vary": "Accept-Encoding",
        "X-Content-Type-Options": "nosniff",
        "x-ms-correlation-request-id": "7e395c2f-18b0-4fd8-94ee-0460011fbe79",
        "x-ms-ratelimit-remaining-subscription-reads": "11910",
        "x-ms-routing-request-id": "WESTEUROPE:20230920T162606Z:7e395c2f-18b0-4fd8-94ee-0460011fbe79",
        "X-Powered-By": "ASP.NET"
      },
      "ResponseBody": {
        "volumeType": "",
        "fileSystemId": "bf420ea3-9689-b821-0c27-e80132d792de",
        "serviceLevel": "Premium",
        "creationToken": "sdk-py-tests-vol-3",
        "usageThreshold": 107374182400,
        "exportPolicy": {
          "rules": [
            {
              "ruleIndex": 1,
              "unixReadOnly": false,
              "unixReadWrite": true,
              "cifs": false,
              "nfsv3": true,
              "nfsv41": false,
              "allowedClients": "0.0.0.0/0",
              "kerberos5ReadOnly": false,
              "kerberos5ReadWrite": false,
              "kerberos5iReadOnly": false,
              "kerberos5iReadWrite": false,
              "kerberos5pReadOnly": false,
              "kerberos5pReadWrite": false,
              "hasRootAccess": true,
              "chownMode": "Restricted"
            }
          ]
        },
        "protocolTypes": [
          "NFSv3"
        ],
        "baremetalTenantId": "DELETED_baremetalTenant_svm_8f82c7b40509489d9e97d719b9b955b4_48f6f2e9",
        "subnetId": "/subscriptions/00000000-0000-0000-0000-000000000000/resourceGroups/sdk-python-tests-rg-tmp/providers/Microsoft.Network/virtualNetworks/sdk-python-tests-perma-VNET/subnets/sdk-python-tests-subnet",
        "networkFeatures": "Standard",
        "networkSiblingSetId": "8dd1978e-584b-5087-bfc6-c261b926b7ba",
        "storageToNetworkProximity": "T2",
        "snapshotDirectoryVisible": true,
        "kerberosEnabled": false,
        "securityStyle": "Unix",
        "smbEncryption": false,
        "smbContinuouslyAvailable": false,
        "encryptionKeySource": "Microsoft.NetApp",
        "ldapEnabled": false,
        "unixPermissions": "0770",
        "mountTargets": [
          {
            "mountTargetId": "bf420ea3-9689-b821-0c27-e80132d792de",
            "fileSystemId": "bf420ea3-9689-b821-0c27-e80132d792de",
            "ipAddress": "10.0.0.5"
          }
        ],
        "throughputMibps": 0.0,
        "coolAccess": false,
        "avsDataStore": "Disabled",
        "isDefaultQuotaEnabled": false,
        "defaultUserQuotaInKiBs": 0,
        "defaultGroupQuotaInKiBs": 0,
        "enableSubvolumes": "Disabled",
        "maximumNumberOfFiles": 100000000,
        "smbNonBrowsable": "Disabled",
        "smbAccessBasedEnumeration": "Disabled",
        "isLargeVolume": false,
        "provisionedAvailabilityZone": "1",
        "actualThroughputMibps": 6.25
      }
    },
    {
      "RequestUri": "https://management.azure.com/subscriptions/00000000-0000-0000-0000-000000000000/resourceGroups/sdk-python-tests-rg-tmp/providers/Microsoft.NetApp/netAppAccounts/sdk-py-tests-acc-1-9f8d2912/capacityPools/sdk-py-tests-pool-1/volumes/sdk-py-tests-vol-3?api-version=2023-05-01",
      "RequestMethod": "GET",
      "RequestHeaders": {
        "Accept": "application/json",
        "Accept-Encoding": "gzip, deflate",
        "Connection": "keep-alive",
        "User-Agent": "azsdk-python-mgmt-netapp/11.0.0 Python/3.11.4 (Windows-10-10.0.22621-SP0)"
      },
      "RequestBody": null,
      "StatusCode": 404,
      "ResponseHeaders": {
        "Cache-Control": "no-cache",
        "Content-Length": "315",
        "Content-Type": "application/json; charset=utf-8",
        "Date": "Wed, 20 Sep 2023 16:26:06 GMT",
        "Expires": "-1",
        "Pragma": "no-cache",
        "Strict-Transport-Security": "max-age=31536000; includeSubDomains",
        "X-Content-Type-Options": "nosniff",
        "x-ms-correlation-request-id": "ddc5b5e7-04a9-4040-b46f-7e7c2f098e6e",
        "x-ms-failure-cause": "gateway",
        "x-ms-routing-request-id": "WESTEUROPE:20230920T162606Z:ddc5b5e7-04a9-4040-b46f-7e7c2f098e6e"
      },
      "ResponseBody": {
        "error": {
          "code": "ResourceNotFound",
          "message": "The Resource \u0027Microsoft.NetApp/netAppAccounts/sdk-py-tests-acc-1-9f8d2912/capacityPools/sdk-py-tests-pool-1/volumes/sdk-py-tests-vol-3\u0027 under resource group \u0027sdk-python-tests-rg-tmp\u0027 was not found. For more details please go to https://aka.ms/ARMResourceNotFoundFix"
        }
      }
    },
    {
      "RequestUri": "https://management.azure.com/subscriptions/00000000-0000-0000-0000-000000000000/resourceGroups/sdk-python-tests-rg-tmp/providers/Microsoft.NetApp/netAppAccounts/sdk-py-tests-acc-1-9f8d2912/capacityPools/sdk-py-tests-pool-1/volumes?api-version=2023-05-01",
      "RequestMethod": "GET",
      "RequestHeaders": {
        "Accept": "application/json",
        "Accept-Encoding": "gzip, deflate",
        "Connection": "keep-alive",
        "User-Agent": "azsdk-python-mgmt-netapp/11.0.0 Python/3.11.4 (Windows-10-10.0.22621-SP0)"
      },
      "RequestBody": null,
      "StatusCode": 200,
      "ResponseHeaders": {
        "Cache-Control": "no-cache",
        "Content-Encoding": "gzip",
        "Content-Type": "application/json; charset=utf-8",
        "Date": "Wed, 20 Sep 2023 16:26:06 GMT",
        "Expires": "-1",
        "Pragma": "no-cache",
        "Server": "Microsoft-IIS/10.0",
        "Strict-Transport-Security": "max-age=31536000; includeSubDomains",
        "Transfer-Encoding": "chunked",
        "Vary": "Accept-Encoding",
        "X-Content-Type-Options": "nosniff",
        "x-ms-correlation-request-id": "6d2f4207-57bb-4d2b-abd4-3ccdfaab335e",
        "x-ms-ratelimit-remaining-subscription-reads": "11908",
        "x-ms-routing-request-id": "WESTEUROPE:20230920T162607Z:6d2f4207-57bb-4d2b-abd4-3ccdfaab335e",
        "X-Powered-By": "ASP.NET"
      },
      "ResponseBody": {
        "value": []
      }
    },
    {
      "RequestUri": "https://management.azure.com/subscriptions/00000000-0000-0000-0000-000000000000/resourceGroups/sdk-python-tests-rg-tmp/providers/Microsoft.NetApp/netAppAccounts/sdk-py-tests-acc-1-9f8d2912/capacityPools/sdk-py-tests-pool-1?api-version=2023-05-01",
      "RequestMethod": "DELETE",
      "RequestHeaders": {
        "Accept": "*/*",
        "Accept-Encoding": "gzip, deflate",
        "Connection": "keep-alive",
        "Content-Length": "0",
        "User-Agent": "azsdk-python-mgmt-netapp/11.0.0 Python/3.11.4 (Windows-10-10.0.22621-SP0)"
      },
      "RequestBody": null,
      "StatusCode": 202,
      "ResponseHeaders": {
        "Azure-AsyncOperation": "https://management.azure.com/subscriptions/00000000-0000-0000-0000-000000000000/providers/Microsoft.NetApp/locations/westus2/operationResults/4590c490-ac2d-4648-80a8-c1a881b3fabe?api-version=2023-05-01",
        "Cache-Control": "no-cache",
        "Content-Length": "0",
        "Date": "Wed, 20 Sep 2023 16:26:07 GMT",
        "Expires": "-1",
        "Location": "https://management.azure.com/subscriptions/00000000-0000-0000-0000-000000000000/providers/Microsoft.NetApp/locations/westus2/operationResults/4590c490-ac2d-4648-80a8-c1a881b3fabe?api-version=2023-05-01\u0026operationResultResponseType=Location",
        "Pragma": "no-cache",
        "Server": "Microsoft-IIS/10.0",
        "Strict-Transport-Security": "max-age=31536000; includeSubDomains",
        "X-Content-Type-Options": "nosniff",
        "x-ms-correlation-request-id": "67e6d25b-bb5e-4814-b04d-3e31fafb0896",
        "x-ms-ratelimit-remaining-subscription-deletes": "14993",
        "x-ms-routing-request-id": "WESTEUROPE:20230920T162607Z:67e6d25b-bb5e-4814-b04d-3e31fafb0896",
        "X-Powered-By": "ASP.NET"
      },
      "ResponseBody": null
    },
    {
      "RequestUri": "https://management.azure.com/subscriptions/00000000-0000-0000-0000-000000000000/providers/Microsoft.NetApp/locations/westus2/operationResults/4590c490-ac2d-4648-80a8-c1a881b3fabe?api-version=2023-05-01",
      "RequestMethod": "GET",
      "RequestHeaders": {
        "Accept": "*/*",
        "Accept-Encoding": "gzip, deflate",
        "Connection": "keep-alive",
        "User-Agent": "azsdk-python-mgmt-netapp/11.0.0 Python/3.11.4 (Windows-10-10.0.22621-SP0)"
      },
      "RequestBody": null,
      "StatusCode": 200,
      "ResponseHeaders": {
        "Cache-Control": "no-cache",
        "Content-Encoding": "gzip",
        "Content-Type": "application/json; charset=utf-8",
        "Date": "Wed, 20 Sep 2023 16:26:07 GMT",
        "Expires": "-1",
        "Pragma": "no-cache",
        "Server": "Microsoft-IIS/10.0",
        "Strict-Transport-Security": "max-age=31536000; includeSubDomains",
        "Transfer-Encoding": "chunked",
        "Vary": "Accept-Encoding",
        "X-Content-Type-Options": "nosniff",
        "x-ms-correlation-request-id": "2761258f-5feb-4da8-9f53-8aa1bdc4ff18",
        "x-ms-ratelimit-remaining-subscription-reads": "11907",
        "x-ms-routing-request-id": "WESTEUROPE:20230920T162608Z:2761258f-5feb-4da8-9f53-8aa1bdc4ff18",
        "X-Powered-By": "ASP.NET"
      },
      "ResponseBody": {
        "id": "/subscriptions/00000000-0000-0000-0000-000000000000/providers/Microsoft.NetApp/locations/westus2/operationResults/4590c490-ac2d-4648-80a8-c1a881b3fabe",
        "name": "4590c490-ac2d-4648-80a8-c1a881b3fabe",
        "status": "Deleting",
        "startTime": "2023-09-20T16:26:07.6645953Z",
        "endTime": "0001-01-01T00:00:00Z",
        "percentComplete": 0.0,
        "properties": {
          "resourceName": "/subscriptions/00000000-0000-0000-0000-000000000000/resourceGroups/sdk-python-tests-rg-tmp/providers/Microsoft.NetApp/netAppAccounts/sdk-py-tests-acc-1-9f8d2912/capacityPools/sdk-py-tests-pool-1",
          "action": "DELETE"
        }
      }
    },
    {
      "RequestUri": "https://management.azure.com/subscriptions/00000000-0000-0000-0000-000000000000/providers/Microsoft.NetApp/locations/westus2/operationResults/4590c490-ac2d-4648-80a8-c1a881b3fabe?api-version=2023-05-01",
      "RequestMethod": "GET",
      "RequestHeaders": {
        "Accept": "*/*",
        "Accept-Encoding": "gzip, deflate",
        "Connection": "keep-alive",
        "User-Agent": "azsdk-python-mgmt-netapp/11.0.0 Python/3.11.4 (Windows-10-10.0.22621-SP0)"
      },
      "RequestBody": null,
      "StatusCode": 200,
      "ResponseHeaders": {
        "Cache-Control": "no-cache",
        "Content-Encoding": "gzip",
        "Content-Type": "application/json; charset=utf-8",
        "Date": "Wed, 20 Sep 2023 16:26:38 GMT",
        "Expires": "-1",
        "Pragma": "no-cache",
        "Server": "Microsoft-IIS/10.0",
        "Strict-Transport-Security": "max-age=31536000; includeSubDomains",
        "Transfer-Encoding": "chunked",
        "Vary": "Accept-Encoding",
        "X-Content-Type-Options": "nosniff",
        "x-ms-correlation-request-id": "f1c3072d-ef58-4492-a0cd-f343229ec0e7",
        "x-ms-ratelimit-remaining-subscription-reads": "11906",
        "x-ms-routing-request-id": "WESTEUROPE:20230920T162638Z:f1c3072d-ef58-4492-a0cd-f343229ec0e7",
        "X-Powered-By": "ASP.NET"
      },
      "ResponseBody": {
        "id": "/subscriptions/00000000-0000-0000-0000-000000000000/providers/Microsoft.NetApp/locations/westus2/operationResults/4590c490-ac2d-4648-80a8-c1a881b3fabe",
        "name": "4590c490-ac2d-4648-80a8-c1a881b3fabe",
        "status": "Succeeded",
        "startTime": "2023-09-20T16:26:07.6645953Z",
        "endTime": "2023-09-20T16:26:08.1711968Z",
        "percentComplete": 100.0,
        "properties": {
          "resourceName": "/subscriptions/00000000-0000-0000-0000-000000000000/resourceGroups/sdk-python-tests-rg-tmp/providers/Microsoft.NetApp/netAppAccounts/sdk-py-tests-acc-1-9f8d2912/capacityPools/sdk-py-tests-pool-1",
          "action": "DELETE"
        }
      }
    },
    {
      "RequestUri": "https://management.azure.com/subscriptions/00000000-0000-0000-0000-000000000000/providers/Microsoft.NetApp/locations/westus2/operationResults/4590c490-ac2d-4648-80a8-c1a881b3fabe?api-version=2023-05-01\u0026operationResultResponseType=Location",
      "RequestMethod": "GET",
      "RequestHeaders": {
        "Accept": "*/*",
        "Accept-Encoding": "gzip, deflate",
        "Connection": "keep-alive",
        "User-Agent": "azsdk-python-mgmt-netapp/11.0.0 Python/3.11.4 (Windows-10-10.0.22621-SP0)"
      },
      "RequestBody": null,
      "StatusCode": 200,
      "ResponseHeaders": {
        "Cache-Control": "no-cache",
        "Content-Encoding": "gzip",
        "Content-Type": "application/json; charset=utf-8",
        "Date": "Wed, 20 Sep 2023 16:26:38 GMT",
        "Expires": "-1",
        "Pragma": "no-cache",
        "Server": "Microsoft-IIS/10.0",
        "Strict-Transport-Security": "max-age=31536000; includeSubDomains",
        "Transfer-Encoding": "chunked",
        "Vary": "Accept-Encoding",
        "X-Content-Type-Options": "nosniff",
        "x-ms-correlation-request-id": "66e198c7-b3a0-49ee-aa49-af5918a16f20",
        "x-ms-ratelimit-remaining-subscription-reads": "11905",
        "x-ms-routing-request-id": "WESTEUROPE:20230920T162638Z:66e198c7-b3a0-49ee-aa49-af5918a16f20",
        "X-Powered-By": "ASP.NET"
      },
      "ResponseBody": {
        "poolId": "c8b83298-a261-f7a8-fa6d-abe85490b0e6",
        "serviceLevel": "Premium",
        "size": 4398046511104,
        "qosType": "Auto",
        "totalThroughputMibps": 256.0,
        "utilizedThroughputMibps": 0.0,
        "encryptionType": "Single",
        "coolAccess": false
      }
    },
    {
      "RequestUri": "https://management.azure.com/subscriptions/00000000-0000-0000-0000-000000000000/resourceGroups/sdk-python-tests-rg-tmp/providers/Microsoft.NetApp/netAppAccounts/sdk-py-tests-acc-1-9f8d2912/capacityPools/sdk-py-tests-pool-1?api-version=2023-05-01",
      "RequestMethod": "GET",
      "RequestHeaders": {
        "Accept": "application/json",
        "Accept-Encoding": "gzip, deflate",
        "Connection": "keep-alive",
        "User-Agent": "azsdk-python-mgmt-netapp/11.0.0 Python/3.11.4 (Windows-10-10.0.22621-SP0)"
      },
      "RequestBody": null,
      "StatusCode": 404,
      "ResponseHeaders": {
        "Cache-Control": "no-cache",
        "Content-Length": "288",
        "Content-Type": "application/json; charset=utf-8",
        "Date": "Wed, 20 Sep 2023 16:26:38 GMT",
        "Expires": "-1",
        "Pragma": "no-cache",
        "Strict-Transport-Security": "max-age=31536000; includeSubDomains",
        "X-Content-Type-Options": "nosniff",
        "x-ms-correlation-request-id": "1b80487b-e4c2-4959-bde7-588e80a3635d",
        "x-ms-failure-cause": "gateway",
        "x-ms-routing-request-id": "WESTEUROPE:20230920T162638Z:1b80487b-e4c2-4959-bde7-588e80a3635d"
      },
      "ResponseBody": {
        "error": {
          "code": "ResourceNotFound",
          "message": "The Resource \u0027Microsoft.NetApp/netAppAccounts/sdk-py-tests-acc-1-9f8d2912/capacityPools/sdk-py-tests-pool-1\u0027 under resource group \u0027sdk-python-tests-rg-tmp\u0027 was not found. For more details please go to https://aka.ms/ARMResourceNotFoundFix"
        }
      }
    },
    {
      "RequestUri": "https://management.azure.com/subscriptions/00000000-0000-0000-0000-000000000000/resourceGroups/sdk-python-tests-rg-tmp/providers/Microsoft.NetApp/netAppAccounts/sdk-py-tests-acc-1-9f8d2912?api-version=2023-05-01",
      "RequestMethod": "DELETE",
      "RequestHeaders": {
        "Accept": "*/*",
        "Accept-Encoding": "gzip, deflate",
        "Connection": "keep-alive",
        "Content-Length": "0",
        "User-Agent": "azsdk-python-mgmt-netapp/11.0.0 Python/3.11.4 (Windows-10-10.0.22621-SP0)"
      },
      "RequestBody": null,
      "StatusCode": 202,
      "ResponseHeaders": {
        "Azure-AsyncOperation": "https://management.azure.com/subscriptions/00000000-0000-0000-0000-000000000000/providers/Microsoft.NetApp/locations/westus2/operationResults/4133a076-1607-434c-9151-98d1c2d13dfe?api-version=2023-05-01",
        "Cache-Control": "no-cache",
        "Content-Length": "0",
        "Date": "Wed, 20 Sep 2023 16:26:39 GMT",
        "Expires": "-1",
        "Location": "https://management.azure.com/subscriptions/00000000-0000-0000-0000-000000000000/providers/Microsoft.NetApp/locations/westus2/operationResults/4133a076-1607-434c-9151-98d1c2d13dfe?api-version=2023-05-01\u0026operationResultResponseType=Location",
        "Pragma": "no-cache",
        "Server": "Microsoft-IIS/10.0",
        "Strict-Transport-Security": "max-age=31536000; includeSubDomains",
        "X-Content-Type-Options": "nosniff",
        "x-ms-correlation-request-id": "3def861e-a197-4046-af98-9e87a7e30467",
        "x-ms-ratelimit-remaining-subscription-deletes": "14992",
        "x-ms-routing-request-id": "WESTEUROPE:20230920T162639Z:3def861e-a197-4046-af98-9e87a7e30467",
        "X-Powered-By": "ASP.NET"
      },
      "ResponseBody": null
    },
    {
      "RequestUri": "https://management.azure.com/subscriptions/00000000-0000-0000-0000-000000000000/providers/Microsoft.NetApp/locations/westus2/operationResults/4133a076-1607-434c-9151-98d1c2d13dfe?api-version=2023-05-01",
      "RequestMethod": "GET",
      "RequestHeaders": {
        "Accept": "*/*",
        "Accept-Encoding": "gzip, deflate",
        "Connection": "keep-alive",
        "User-Agent": "azsdk-python-mgmt-netapp/11.0.0 Python/3.11.4 (Windows-10-10.0.22621-SP0)"
      },
      "RequestBody": null,
      "StatusCode": 200,
      "ResponseHeaders": {
        "Cache-Control": "no-cache",
        "Content-Encoding": "gzip",
        "Content-Type": "application/json; charset=utf-8",
        "Date": "Wed, 20 Sep 2023 16:26:39 GMT",
        "Expires": "-1",
        "Pragma": "no-cache",
        "Server": "Microsoft-IIS/10.0",
        "Strict-Transport-Security": "max-age=31536000; includeSubDomains",
        "Transfer-Encoding": "chunked",
        "Vary": "Accept-Encoding",
        "X-Content-Type-Options": "nosniff",
        "x-ms-correlation-request-id": "faf81113-cb4e-4596-962a-7a4c491bae68",
        "x-ms-ratelimit-remaining-subscription-reads": "11903",
        "x-ms-routing-request-id": "WESTEUROPE:20230920T162639Z:faf81113-cb4e-4596-962a-7a4c491bae68",
        "X-Powered-By": "ASP.NET"
      },
      "ResponseBody": {
        "id": "/subscriptions/00000000-0000-0000-0000-000000000000/providers/Microsoft.NetApp/locations/westus2/operationResults/4133a076-1607-434c-9151-98d1c2d13dfe",
        "name": "4133a076-1607-434c-9151-98d1c2d13dfe",
        "status": "Succeeded",
        "startTime": "2023-09-20T16:26:39.2656031Z",
        "endTime": "2023-09-20T16:26:39.3315312Z",
        "percentComplete": 100.0,
        "properties": {
          "resourceName": "/subscriptions/00000000-0000-0000-0000-000000000000/resourceGroups/sdk-python-tests-rg-tmp/providers/Microsoft.NetApp/netAppAccounts/sdk-py-tests-acc-1-9f8d2912",
          "action": "DELETE"
        }
      }
    },
    {
      "RequestUri": "https://management.azure.com/subscriptions/00000000-0000-0000-0000-000000000000/providers/Microsoft.NetApp/locations/westus2/operationResults/4133a076-1607-434c-9151-98d1c2d13dfe?api-version=2023-05-01\u0026operationResultResponseType=Location",
      "RequestMethod": "GET",
      "RequestHeaders": {
        "Accept": "*/*",
        "Accept-Encoding": "gzip, deflate",
        "Connection": "keep-alive",
        "User-Agent": "azsdk-python-mgmt-netapp/11.0.0 Python/3.11.4 (Windows-10-10.0.22621-SP0)"
      },
      "RequestBody": null,
      "StatusCode": 200,
      "ResponseHeaders": {
        "Cache-Control": "no-cache",
        "Content-Length": "0",
        "Date": "Wed, 20 Sep 2023 16:26:39 GMT",
        "Expires": "-1",
        "Pragma": "no-cache",
        "Server": "Microsoft-IIS/10.0",
        "Strict-Transport-Security": "max-age=31536000; includeSubDomains",
        "X-Content-Type-Options": "nosniff",
        "x-ms-correlation-request-id": "683c32a5-4b76-4645-b739-e9277ccc207c",
        "x-ms-ratelimit-remaining-subscription-reads": "11902",
        "x-ms-routing-request-id": "WESTEUROPE:20230920T162639Z:683c32a5-4b76-4645-b739-e9277ccc207c",
        "X-Powered-By": "ASP.NET"
      },
      "ResponseBody": null
    },
    {
      "RequestUri": "https://management.azure.com/subscriptions/00000000-0000-0000-0000-000000000000/resourceGroups/sdk-python-tests-rg-tmp/providers/Microsoft.NetApp/netAppAccounts/sdk-py-tests-acc-1-9f8d2912?api-version=2023-05-01",
      "RequestMethod": "GET",
      "RequestHeaders": {
        "Accept": "application/json",
        "Accept-Encoding": "gzip, deflate",
        "Connection": "keep-alive",
        "User-Agent": "azsdk-python-mgmt-netapp/11.0.0 Python/3.11.4 (Windows-10-10.0.22621-SP0)"
      },
      "RequestBody": null,
      "StatusCode": 404,
      "ResponseHeaders": {
        "Cache-Control": "no-cache",
        "Content-Length": "255",
        "Content-Type": "application/json; charset=utf-8",
        "Date": "Wed, 20 Sep 2023 16:26:40 GMT",
        "Expires": "-1",
        "Pragma": "no-cache",
        "Server": "Microsoft-IIS/10.0",
        "Strict-Transport-Security": "max-age=31536000; includeSubDomains",
        "X-Content-Type-Options": "nosniff",
        "x-ms-correlation-request-id": "f876ae53-0a57-4b7c-ab83-c66ceabdc7cf",
        "x-ms-ratelimit-remaining-subscription-reads": "11901",
        "x-ms-routing-request-id": "WESTEUROPE:20230920T162640Z:f876ae53-0a57-4b7c-ab83-c66ceabdc7cf",
        "X-Powered-By": "ASP.NET"
      },
      "ResponseBody": {
        "error": {
          "code": "ResourceNotFound",
          "message": "The resource with identifier \u0027/subscriptions/00000000-0000-0000-0000-000000000000/resourceGroups/sdk-python-tests-rg-tmp/providers/Microsoft.NetApp/netAppAccounts/sdk-py-tests-acc-1-9f8d2912\u0027 is not found."
        }
      }
    }
  ],
  "Variables": {}
}
