{
  "Entries": [
    {
      "RequestUri": "https://login.microsoftonline.com/00000000-0000-0000-0000-000000000000/v2.0/.well-known/openid-configuration",
      "RequestMethod": "GET",
      "RequestHeaders": {
        "Accept": "*/*",
        "Accept-Encoding": "gzip, deflate",
        "Connection": "keep-alive",
        "User-Agent": "azsdk-python-identity/1.15.0b1 Python/3.11.4 (Windows-10-10.0.22621-SP0)"
      },
      "RequestBody": null,
      "StatusCode": 200,
      "ResponseHeaders": {
        "Access-Control-Allow-Methods": "GET, OPTIONS",
        "Access-Control-Allow-Origin": "*",
        "Cache-Control": "max-age=86400, private",
        "Content-Length": "1753",
        "Content-Type": "application/json; charset=utf-8",
        "Date": "Fri, 15 Sep 2023 09:39:42 GMT",
        "P3P": "CP=\u0022DSP CUR OTPi IND OTRi ONL FIN\u0022",
        "Set-Cookie": "[set-cookie;]",
        "Strict-Transport-Security": "max-age=31536000; includeSubDomains",
        "X-Content-Type-Options": "nosniff",
        "x-ms-ests-server": "2.1.16314.5 - FRC ProdSlices",
        "X-XSS-Protection": "0"
      },
      "ResponseBody": {
        "token_endpoint": "https://login.microsoftonline.com/00000000-0000-0000-0000-000000000000/oauth2/v2.0/token",
        "token_endpoint_auth_methods_supported": [
          "client_secret_post",
          "private_key_jwt",
          "client_secret_basic"
        ],
        "jwks_uri": "https://login.microsoftonline.com/00000000-0000-0000-0000-000000000000/discovery/v2.0/keys",
        "response_modes_supported": [
          "query",
          "fragment",
          "form_post"
        ],
        "subject_types_supported": [
          "pairwise"
        ],
        "id_token_signing_alg_values_supported": [
          "RS256"
        ],
        "response_types_supported": [
          "code",
          "id_token",
          "code id_token",
          "id_token token"
        ],
        "scopes_supported": [
          "openid",
          "profile",
          "email",
          "offline_access"
        ],
        "issuer": "https://login.microsoftonline.com/00000000-0000-0000-0000-000000000000/v2.0",
        "request_uri_parameter_supported": false,
        "userinfo_endpoint": "https://graph.microsoft.com/oidc/userinfo",
        "authorization_endpoint": "https://login.microsoftonline.com/00000000-0000-0000-0000-000000000000/oauth2/v2.0/authorize",
        "device_authorization_endpoint": "https://login.microsoftonline.com/00000000-0000-0000-0000-000000000000/oauth2/v2.0/devicecode",
        "http_logout_supported": true,
        "frontchannel_logout_supported": true,
        "end_session_endpoint": "https://login.microsoftonline.com/00000000-0000-0000-0000-000000000000/oauth2/v2.0/logout",
        "claims_supported": [
          "sub",
          "iss",
          "cloud_instance_name",
          "cloud_instance_host_name",
          "cloud_graph_host_name",
          "msgraph_host",
          "aud",
          "exp",
          "iat",
          "auth_time",
          "acr",
          "nonce",
          "preferred_username",
          "name",
          "tid",
          "ver",
          "at_hash",
          "c_hash",
          "email"
        ],
        "kerberos_endpoint": "https://login.microsoftonline.com/00000000-0000-0000-0000-000000000000/kerberos",
        "tenant_region_scope": "WW",
        "cloud_instance_name": "microsoftonline.com",
        "cloud_graph_host_name": "graph.windows.net",
        "msgraph_host": "graph.microsoft.com",
        "rbac_url": "https://pas.windows.net"
      }
    },
    {
      "RequestUri": "https://login.microsoftonline.com/00000000-0000-0000-0000-000000000000/oauth2/v2.0/token",
      "RequestMethod": "POST",
      "RequestHeaders": {
        "Accept": "application/json",
        "Accept-Encoding": "gzip, deflate",
        "client-request-id": "1b59d439-871a-45dc-b271-3affc349fc9f",
        "Connection": "keep-alive",
        "Content-Length": "193",
        "Content-Type": "application/x-www-form-urlencoded",
        "Cookie": "cookie;",
        "User-Agent": "azsdk-python-identity/1.15.0b1 Python/3.11.4 (Windows-10-10.0.22621-SP0)",
        "x-client-cpu": "x64",
        "x-client-current-telemetry": "4|730,2|",
        "x-client-last-telemetry": "4|0|||",
        "x-client-os": "win32",
        "x-client-sku": "MSAL.Python",
        "x-client-ver": "1.24.0",
        "x-ms-lib-capability": "retry-after, h429"
      },
      "RequestBody": "client_id=00000000-0000-0000-0000-000000000000\u0026grant_type=client_credentials\u0026client_info=1\u0026client_secret=00000000-0000-0000-0000-000000000000\u0026scope=https%3A%2F%2Fmanagement.azure.com%2F.default",
      "StatusCode": 200,
      "ResponseHeaders": {
        "Cache-Control": "no-store, no-cache",
        "client-request-id": "1b59d439-871a-45dc-b271-3affc349fc9f",
        "Content-Length": "114",
        "Content-Type": "application/json; charset=utf-8",
        "Date": "Fri, 15 Sep 2023 09:39:42 GMT",
        "Expires": "-1",
        "P3P": "CP=\u0022DSP CUR OTPi IND OTRi ONL FIN\u0022",
        "Pragma": "no-cache",
        "Set-Cookie": "[set-cookie;]",
        "Strict-Transport-Security": "max-age=31536000; includeSubDomains",
        "X-Content-Type-Options": "nosniff",
        "x-ms-clitelem": "1,0,0,,",
        "x-ms-ests-server": "2.1.16314.5 - FRC ProdSlices",
        "X-XSS-Protection": "0"
      },
      "ResponseBody": {
        "token_type": "Bearer",
        "expires_in": 86399,
        "ext_expires_in": 86399,
        "refresh_in": 43199,
        "access_token": "access_token"
      }
    },
    {
      "RequestUri": "https://management.azure.com/subscriptions/00000000-0000-0000-0000-000000000000/resourceGroups/sdk-python-tests-rg-tmp/providers/Microsoft.NetApp/netAppAccounts/sdk-python-perma-account/capacityPools/sdk-python-perma-pool/volumes/sdk-py-tests-vol-3-6b727b0?api-version=2023-05-01",
      "RequestMethod": "PUT",
      "RequestHeaders": {
        "Accept": "application/json",
        "Accept-Encoding": "gzip, deflate",
        "Connection": "keep-alive",
        "Content-Length": "818",
        "Content-Type": "application/json",
        "User-Agent": "azsdk-python-mgmt-netapp/11.0.0 Python/3.11.4 (Windows-10-10.0.22621-SP0)"
      },
      "RequestBody": {
        "location": "westus2",
        "properties": {
          "creationToken": "sdk-py-tests-vol-3-6b727b0",
          "serviceLevel": "Premium",
          "usageThreshold": 107374182400,
          "protocolTypes": [
            "NFSv3"
          ],
          "subnetId": "/subscriptions/00000000-0000-0000-0000-000000000000/resourceGroups/sdk-python-tests-rg-tmp/providers/Microsoft.Network/virtualNetworks/sdk-python-tests-perma-VNET/subnets/sdk-python-tests-subnet",
          "networkFeatures": "Standard",
          "snapshotDirectoryVisible": true,
          "kerberosEnabled": false,
          "securityStyle": "unix",
          "smbEncryption": false,
          "smbContinuouslyAvailable": false,
          "encryptionKeySource": "Microsoft.NetApp",
          "ldapEnabled": false,
          "coolAccess": false,
          "avsDataStore": "Disabled",
          "isDefaultQuotaEnabled": false,
          "defaultUserQuotaInKiBs": 0,
          "defaultGroupQuotaInKiBs": 0,
          "enableSubvolumes": "Enabled",
          "isLargeVolume": false
        }
      },
      "StatusCode": 201,
      "ResponseHeaders": {
        "Azure-AsyncOperation": "https://management.azure.com/subscriptions/00000000-0000-0000-0000-000000000000/providers/Microsoft.NetApp/locations/westus2/operationResults/1e79d6e5-505c-4e3d-bbbc-77b01eadb608?api-version=2023-05-01",
        "Cache-Control": "no-cache",
        "Content-Length": "1629",
        "Content-Type": "application/json; charset=utf-8",
        "Date": "Fri, 15 Sep 2023 09:39:46 GMT",
        "ETag": "W/\u0022datetime\u00272023-09-15T09%3A39%3A45.487431Z\u0027\u0022",
        "Expires": "-1",
        "Pragma": "no-cache",
        "Server": "Microsoft-IIS/10.0",
        "Strict-Transport-Security": "max-age=31536000; includeSubDomains",
        "X-Content-Type-Options": "nosniff",
        "x-ms-correlation-request-id": "caffc09b-0c5d-42bd-89d0-deabc9b6ec57",
        "x-ms-ratelimit-remaining-subscription-writes": "1199",
        "x-ms-routing-request-id": "WESTEUROPE:20230915T093947Z:caffc09b-0c5d-42bd-89d0-deabc9b6ec57",
        "X-Powered-By": "ASP.NET"
      },
      "ResponseBody": {
        "id": "/subscriptions/00000000-0000-0000-0000-000000000000/resourceGroups/sdk-python-tests-rg-tmp/providers/Microsoft.NetApp/netAppAccounts/sdk-python-perma-account/capacityPools/sdk-python-perma-pool/volumes/sdk-py-tests-vol-3-6b727b0",
        "name": "sdk-python-perma-account/sdk-python-perma-pool/sdk-py-tests-vol-3-6b727b0",
        "type": "Microsoft.NetApp/netAppAccounts/capacityPools/volumes",
        "etag": "W/\u0022datetime\u00272023-09-15T09%3A39%3A45.487431Z\u0027\u0022",
        "location": "westus2",
        "tags": {
          "CreatedOnDate": "2023-09-15T09:39:43.6685523Z"
        },
        "properties": {
          "volumeType": "",
          "serviceLevel": "Premium",
          "creationToken": "sdk-py-tests-vol-3-6b727b0",
          "usageThreshold": 107374182400,
          "protocolTypes": [
            "NFSv3"
          ],
          "subnetId": "/subscriptions/00000000-0000-0000-0000-000000000000/resourceGroups/sdk-python-tests-rg-tmp/providers/Microsoft.Network/virtualNetworks/sdk-python-tests-perma-VNET/subnets/sdk-python-tests-subnet",
          "networkFeatures": "Standard",
          "snapshotDirectoryVisible": true,
          "kerberosEnabled": false,
          "securityStyle": "unix",
          "smbEncryption": false,
          "smbContinuouslyAvailable": false,
          "encryptionKeySource": "Microsoft.NetApp",
          "ldapEnabled": false,
          "coolAccess": false,
          "avsDataStore": "Disabled",
          "isDefaultQuotaEnabled": false,
          "defaultUserQuotaInKiBs": 0,
          "defaultGroupQuotaInKiBs": 0,
          "enableSubvolumes": "Enabled",
          "maximumNumberOfFiles": 100000000,
          "isLargeVolume": false,
          "provisioningState": "Creating"
        },
        "systemData": {
          "createdBy": "00000000-0000-0000-0000-000000000000",
          "createdByType": "Application",
          "createdAt": "2023-09-15T09:39:44.2003729Z",
          "lastModifiedBy": "00000000-0000-0000-0000-000000000000",
          "lastModifiedByType": "Application",
          "lastModifiedAt": "2023-09-15T09:39:44.2003729Z"
        }
      }
    },
    {
      "RequestUri": "https://management.azure.com/subscriptions/00000000-0000-0000-0000-000000000000/providers/Microsoft.NetApp/locations/westus2/operationResults/1e79d6e5-505c-4e3d-bbbc-77b01eadb608?api-version=2023-05-01",
      "RequestMethod": "GET",
      "RequestHeaders": {
        "Accept": "*/*",
        "Accept-Encoding": "gzip, deflate",
        "Connection": "keep-alive",
        "User-Agent": "azsdk-python-mgmt-netapp/11.0.0 Python/3.11.4 (Windows-10-10.0.22621-SP0)"
      },
      "RequestBody": null,
      "StatusCode": 200,
      "ResponseHeaders": {
        "Cache-Control": "no-cache",
        "Content-Encoding": "gzip",
        "Content-Type": "application/json; charset=utf-8",
        "Date": "Fri, 15 Sep 2023 09:39:46 GMT",
        "Expires": "-1",
        "Pragma": "no-cache",
        "Server": "Microsoft-IIS/10.0",
        "Strict-Transport-Security": "max-age=31536000; includeSubDomains",
        "Transfer-Encoding": "chunked",
        "Vary": "Accept-Encoding",
        "X-Content-Type-Options": "nosniff",
        "x-ms-correlation-request-id": "1beafbef-2ec7-4432-a634-08a6338ba0cd",
        "x-ms-ratelimit-remaining-subscription-reads": "11999",
        "x-ms-routing-request-id": "WESTEUROPE:20230915T093947Z:1beafbef-2ec7-4432-a634-08a6338ba0cd",
        "X-Powered-By": "ASP.NET"
      },
      "ResponseBody": {
        "id": "/subscriptions/00000000-0000-0000-0000-000000000000/providers/Microsoft.NetApp/locations/westus2/operationResults/1e79d6e5-505c-4e3d-bbbc-77b01eadb608",
        "name": "1e79d6e5-505c-4e3d-bbbc-77b01eadb608",
        "status": "Creating",
        "startTime": "2023-09-15T09:39:45.4939703Z",
        "endTime": "0001-01-01T00:00:00Z",
        "percentComplete": 0.0,
        "properties": {
          "resourceName": "/subscriptions/00000000-0000-0000-0000-000000000000/resourceGroups/sdk-python-tests-rg-tmp/providers/Microsoft.NetApp/netAppAccounts/sdk-python-perma-account/capacityPools/sdk-python-perma-pool/volumes/sdk-py-tests-vol-3-6b727b0",
          "action": "CREATE"
        }
      }
    },
    {
      "RequestUri": "https://management.azure.com/subscriptions/00000000-0000-0000-0000-000000000000/providers/Microsoft.NetApp/locations/westus2/operationResults/1e79d6e5-505c-4e3d-bbbc-77b01eadb608?api-version=2023-05-01",
      "RequestMethod": "GET",
      "RequestHeaders": {
        "Accept": "*/*",
        "Accept-Encoding": "gzip, deflate",
        "Connection": "keep-alive",
        "User-Agent": "azsdk-python-mgmt-netapp/11.0.0 Python/3.11.4 (Windows-10-10.0.22621-SP0)"
      },
      "RequestBody": null,
      "StatusCode": 200,
      "ResponseHeaders": {
        "Cache-Control": "no-cache",
        "Content-Encoding": "gzip",
        "Content-Type": "application/json; charset=utf-8",
        "Date": "Fri, 15 Sep 2023 09:40:17 GMT",
        "Expires": "-1",
        "Pragma": "no-cache",
        "Server": "Microsoft-IIS/10.0",
        "Strict-Transport-Security": "max-age=31536000; includeSubDomains",
        "Transfer-Encoding": "chunked",
        "Vary": "Accept-Encoding",
        "X-Content-Type-Options": "nosniff",
        "x-ms-correlation-request-id": "13d3ca8c-75d0-49bd-8a52-25920142fc1b",
        "x-ms-ratelimit-remaining-subscription-reads": "11998",
        "x-ms-routing-request-id": "WESTEUROPE:20230915T094017Z:13d3ca8c-75d0-49bd-8a52-25920142fc1b",
        "X-Powered-By": "ASP.NET"
      },
      "ResponseBody": {
        "id": "/subscriptions/00000000-0000-0000-0000-000000000000/providers/Microsoft.NetApp/locations/westus2/operationResults/1e79d6e5-505c-4e3d-bbbc-77b01eadb608",
        "name": "1e79d6e5-505c-4e3d-bbbc-77b01eadb608",
        "status": "Creating",
        "startTime": "2023-09-15T09:39:45.4939703Z",
        "endTime": "0001-01-01T00:00:00Z",
        "percentComplete": 0.0,
        "properties": {
          "resourceName": "/subscriptions/00000000-0000-0000-0000-000000000000/resourceGroups/sdk-python-tests-rg-tmp/providers/Microsoft.NetApp/netAppAccounts/sdk-python-perma-account/capacityPools/sdk-python-perma-pool/volumes/sdk-py-tests-vol-3-6b727b0",
          "action": "CREATE"
        }
      }
    },
    {
      "RequestUri": "https://management.azure.com/subscriptions/00000000-0000-0000-0000-000000000000/providers/Microsoft.NetApp/locations/westus2/operationResults/1e79d6e5-505c-4e3d-bbbc-77b01eadb608?api-version=2023-05-01",
      "RequestMethod": "GET",
      "RequestHeaders": {
        "Accept": "*/*",
        "Accept-Encoding": "gzip, deflate",
        "Connection": "keep-alive",
        "User-Agent": "azsdk-python-mgmt-netapp/11.0.0 Python/3.11.4 (Windows-10-10.0.22621-SP0)"
      },
      "RequestBody": null,
      "StatusCode": 200,
      "ResponseHeaders": {
        "Cache-Control": "no-cache",
        "Content-Encoding": "gzip",
        "Content-Type": "application/json; charset=utf-8",
        "Date": "Fri, 15 Sep 2023 09:40:47 GMT",
        "Expires": "-1",
        "Pragma": "no-cache",
        "Server": "Microsoft-IIS/10.0",
        "Strict-Transport-Security": "max-age=31536000; includeSubDomains",
        "Transfer-Encoding": "chunked",
        "Vary": "Accept-Encoding",
        "X-Content-Type-Options": "nosniff",
        "x-ms-correlation-request-id": "3f00b904-19fc-4375-b5d4-3043113df1c4",
        "x-ms-ratelimit-remaining-subscription-reads": "11997",
        "x-ms-routing-request-id": "WESTEUROPE:20230915T094047Z:3f00b904-19fc-4375-b5d4-3043113df1c4",
        "X-Powered-By": "ASP.NET"
      },
      "ResponseBody": {
        "id": "/subscriptions/00000000-0000-0000-0000-000000000000/providers/Microsoft.NetApp/locations/westus2/operationResults/1e79d6e5-505c-4e3d-bbbc-77b01eadb608",
        "name": "1e79d6e5-505c-4e3d-bbbc-77b01eadb608",
        "status": "Creating",
        "startTime": "2023-09-15T09:39:45.4939703Z",
        "endTime": "0001-01-01T00:00:00Z",
        "percentComplete": 0.0,
        "properties": {
          "resourceName": "/subscriptions/00000000-0000-0000-0000-000000000000/resourceGroups/sdk-python-tests-rg-tmp/providers/Microsoft.NetApp/netAppAccounts/sdk-python-perma-account/capacityPools/sdk-python-perma-pool/volumes/sdk-py-tests-vol-3-6b727b0",
          "action": "CREATE"
        }
      }
    },
    {
      "RequestUri": "https://management.azure.com/subscriptions/00000000-0000-0000-0000-000000000000/providers/Microsoft.NetApp/locations/westus2/operationResults/1e79d6e5-505c-4e3d-bbbc-77b01eadb608?api-version=2023-05-01",
      "RequestMethod": "GET",
      "RequestHeaders": {
        "Accept": "*/*",
        "Accept-Encoding": "gzip, deflate",
        "Connection": "keep-alive",
        "User-Agent": "azsdk-python-mgmt-netapp/11.0.0 Python/3.11.4 (Windows-10-10.0.22621-SP0)"
      },
      "RequestBody": null,
      "StatusCode": 200,
      "ResponseHeaders": {
        "Cache-Control": "no-cache",
        "Content-Encoding": "gzip",
        "Content-Type": "application/json; charset=utf-8",
        "Date": "Fri, 15 Sep 2023 09:41:18 GMT",
        "Expires": "-1",
        "Pragma": "no-cache",
        "Server": "Microsoft-IIS/10.0",
        "Strict-Transport-Security": "max-age=31536000; includeSubDomains",
        "Transfer-Encoding": "chunked",
        "Vary": "Accept-Encoding",
        "X-Content-Type-Options": "nosniff",
        "x-ms-correlation-request-id": "555807bf-82bd-4cf3-a7d3-d467ed147fda",
        "x-ms-ratelimit-remaining-subscription-reads": "11996",
        "x-ms-routing-request-id": "WESTEUROPE:20230915T094118Z:555807bf-82bd-4cf3-a7d3-d467ed147fda",
        "X-Powered-By": "ASP.NET"
      },
      "ResponseBody": {
        "id": "/subscriptions/00000000-0000-0000-0000-000000000000/providers/Microsoft.NetApp/locations/westus2/operationResults/1e79d6e5-505c-4e3d-bbbc-77b01eadb608",
        "name": "1e79d6e5-505c-4e3d-bbbc-77b01eadb608",
        "status": "Creating",
        "startTime": "2023-09-15T09:39:45.4939703Z",
        "endTime": "0001-01-01T00:00:00Z",
        "percentComplete": 0.0,
        "properties": {
          "resourceName": "/subscriptions/00000000-0000-0000-0000-000000000000/resourceGroups/sdk-python-tests-rg-tmp/providers/Microsoft.NetApp/netAppAccounts/sdk-python-perma-account/capacityPools/sdk-python-perma-pool/volumes/sdk-py-tests-vol-3-6b727b0",
          "action": "CREATE"
        }
      }
    },
    {
      "RequestUri": "https://management.azure.com/subscriptions/00000000-0000-0000-0000-000000000000/providers/Microsoft.NetApp/locations/westus2/operationResults/1e79d6e5-505c-4e3d-bbbc-77b01eadb608?api-version=2023-05-01",
      "RequestMethod": "GET",
      "RequestHeaders": {
        "Accept": "*/*",
        "Accept-Encoding": "gzip, deflate",
        "Connection": "keep-alive",
        "User-Agent": "azsdk-python-mgmt-netapp/11.0.0 Python/3.11.4 (Windows-10-10.0.22621-SP0)"
      },
      "RequestBody": null,
      "StatusCode": 200,
      "ResponseHeaders": {
        "Cache-Control": "no-cache",
        "Content-Encoding": "gzip",
        "Content-Type": "application/json; charset=utf-8",
        "Date": "Fri, 15 Sep 2023 09:41:47 GMT",
        "Expires": "-1",
        "Pragma": "no-cache",
        "Server": "Microsoft-IIS/10.0",
        "Strict-Transport-Security": "max-age=31536000; includeSubDomains",
        "Transfer-Encoding": "chunked",
        "Vary": "Accept-Encoding",
        "X-Content-Type-Options": "nosniff",
        "x-ms-correlation-request-id": "4b30be86-ccd3-4de1-930a-1a8dbfd18b5d",
        "x-ms-ratelimit-remaining-subscription-reads": "11995",
        "x-ms-routing-request-id": "WESTEUROPE:20230915T094148Z:4b30be86-ccd3-4de1-930a-1a8dbfd18b5d",
        "X-Powered-By": "ASP.NET"
      },
      "ResponseBody": {
        "id": "/subscriptions/00000000-0000-0000-0000-000000000000/providers/Microsoft.NetApp/locations/westus2/operationResults/1e79d6e5-505c-4e3d-bbbc-77b01eadb608",
        "name": "1e79d6e5-505c-4e3d-bbbc-77b01eadb608",
        "status": "Creating",
        "startTime": "2023-09-15T09:39:45.4939703Z",
        "endTime": "0001-01-01T00:00:00Z",
        "percentComplete": 0.0,
        "properties": {
          "resourceName": "/subscriptions/00000000-0000-0000-0000-000000000000/resourceGroups/sdk-python-tests-rg-tmp/providers/Microsoft.NetApp/netAppAccounts/sdk-python-perma-account/capacityPools/sdk-python-perma-pool/volumes/sdk-py-tests-vol-3-6b727b0",
          "action": "CREATE"
        }
      }
    },
    {
      "RequestUri": "https://management.azure.com/subscriptions/00000000-0000-0000-0000-000000000000/providers/Microsoft.NetApp/locations/westus2/operationResults/1e79d6e5-505c-4e3d-bbbc-77b01eadb608?api-version=2023-05-01",
      "RequestMethod": "GET",
      "RequestHeaders": {
        "Accept": "*/*",
        "Accept-Encoding": "gzip, deflate",
        "Connection": "keep-alive",
        "User-Agent": "azsdk-python-mgmt-netapp/11.0.0 Python/3.11.4 (Windows-10-10.0.22621-SP0)"
      },
      "RequestBody": null,
      "StatusCode": 200,
      "ResponseHeaders": {
        "Cache-Control": "no-cache",
        "Content-Encoding": "gzip",
        "Content-Type": "application/json; charset=utf-8",
        "Date": "Fri, 15 Sep 2023 09:42:18 GMT",
        "Expires": "-1",
        "Pragma": "no-cache",
        "Server": "Microsoft-IIS/10.0",
        "Strict-Transport-Security": "max-age=31536000; includeSubDomains",
        "Transfer-Encoding": "chunked",
        "Vary": "Accept-Encoding",
        "X-Content-Type-Options": "nosniff",
        "x-ms-correlation-request-id": "79f25328-a337-483e-b4fd-b2cc7c8d7ed7",
        "x-ms-ratelimit-remaining-subscription-reads": "11994",
        "x-ms-routing-request-id": "WESTEUROPE:20230915T094218Z:79f25328-a337-483e-b4fd-b2cc7c8d7ed7",
        "X-Powered-By": "ASP.NET"
      },
      "ResponseBody": {
        "id": "/subscriptions/00000000-0000-0000-0000-000000000000/providers/Microsoft.NetApp/locations/westus2/operationResults/1e79d6e5-505c-4e3d-bbbc-77b01eadb608",
        "name": "1e79d6e5-505c-4e3d-bbbc-77b01eadb608",
        "status": "Creating",
        "startTime": "2023-09-15T09:39:45.4939703Z",
        "endTime": "0001-01-01T00:00:00Z",
        "percentComplete": 0.0,
        "properties": {
          "resourceName": "/subscriptions/00000000-0000-0000-0000-000000000000/resourceGroups/sdk-python-tests-rg-tmp/providers/Microsoft.NetApp/netAppAccounts/sdk-python-perma-account/capacityPools/sdk-python-perma-pool/volumes/sdk-py-tests-vol-3-6b727b0",
          "action": "CREATE"
        }
      }
    },
    {
      "RequestUri": "https://management.azure.com/subscriptions/00000000-0000-0000-0000-000000000000/providers/Microsoft.NetApp/locations/westus2/operationResults/1e79d6e5-505c-4e3d-bbbc-77b01eadb608?api-version=2023-05-01",
      "RequestMethod": "GET",
      "RequestHeaders": {
        "Accept": "*/*",
        "Accept-Encoding": "gzip, deflate",
        "Connection": "keep-alive",
        "User-Agent": "azsdk-python-mgmt-netapp/11.0.0 Python/3.11.4 (Windows-10-10.0.22621-SP0)"
      },
      "RequestBody": null,
      "StatusCode": 200,
      "ResponseHeaders": {
        "Cache-Control": "no-cache",
        "Content-Encoding": "gzip",
        "Content-Type": "application/json; charset=utf-8",
        "Date": "Fri, 15 Sep 2023 09:42:48 GMT",
        "Expires": "-1",
        "Pragma": "no-cache",
        "Server": "Microsoft-IIS/10.0",
        "Strict-Transport-Security": "max-age=31536000; includeSubDomains",
        "Transfer-Encoding": "chunked",
        "Vary": "Accept-Encoding",
        "X-Content-Type-Options": "nosniff",
        "x-ms-correlation-request-id": "7648b301-e301-458a-aa4e-758f000e722e",
        "x-ms-ratelimit-remaining-subscription-reads": "11993",
        "x-ms-routing-request-id": "WESTEUROPE:20230915T094248Z:7648b301-e301-458a-aa4e-758f000e722e",
        "X-Powered-By": "ASP.NET"
      },
      "ResponseBody": {
        "id": "/subscriptions/00000000-0000-0000-0000-000000000000/providers/Microsoft.NetApp/locations/westus2/operationResults/1e79d6e5-505c-4e3d-bbbc-77b01eadb608",
        "name": "1e79d6e5-505c-4e3d-bbbc-77b01eadb608",
        "status": "Creating",
        "startTime": "2023-09-15T09:39:45.4939703Z",
        "endTime": "0001-01-01T00:00:00Z",
        "percentComplete": 0.0,
        "properties": {
          "resourceName": "/subscriptions/00000000-0000-0000-0000-000000000000/resourceGroups/sdk-python-tests-rg-tmp/providers/Microsoft.NetApp/netAppAccounts/sdk-python-perma-account/capacityPools/sdk-python-perma-pool/volumes/sdk-py-tests-vol-3-6b727b0",
          "action": "CREATE"
        }
      }
    },
    {
      "RequestUri": "https://management.azure.com/subscriptions/00000000-0000-0000-0000-000000000000/providers/Microsoft.NetApp/locations/westus2/operationResults/1e79d6e5-505c-4e3d-bbbc-77b01eadb608?api-version=2023-05-01",
      "RequestMethod": "GET",
      "RequestHeaders": {
        "Accept": "*/*",
        "Accept-Encoding": "gzip, deflate",
        "Connection": "keep-alive",
        "User-Agent": "azsdk-python-mgmt-netapp/11.0.0 Python/3.11.4 (Windows-10-10.0.22621-SP0)"
      },
      "RequestBody": null,
      "StatusCode": 200,
      "ResponseHeaders": {
        "Cache-Control": "no-cache",
        "Content-Encoding": "gzip",
        "Content-Type": "application/json; charset=utf-8",
        "Date": "Fri, 15 Sep 2023 09:43:19 GMT",
        "Expires": "-1",
        "Pragma": "no-cache",
        "Server": "Microsoft-IIS/10.0",
        "Strict-Transport-Security": "max-age=31536000; includeSubDomains",
        "Transfer-Encoding": "chunked",
        "Vary": "Accept-Encoding",
        "X-Content-Type-Options": "nosniff",
        "x-ms-correlation-request-id": "197c55b2-2f06-45dd-a390-7371b2578477",
        "x-ms-ratelimit-remaining-subscription-reads": "11992",
        "x-ms-routing-request-id": "WESTEUROPE:20230915T094319Z:197c55b2-2f06-45dd-a390-7371b2578477",
        "X-Powered-By": "ASP.NET"
      },
      "ResponseBody": {
        "id": "/subscriptions/00000000-0000-0000-0000-000000000000/providers/Microsoft.NetApp/locations/westus2/operationResults/1e79d6e5-505c-4e3d-bbbc-77b01eadb608",
        "name": "1e79d6e5-505c-4e3d-bbbc-77b01eadb608",
        "status": "Creating",
        "startTime": "2023-09-15T09:39:45.4939703Z",
        "endTime": "0001-01-01T00:00:00Z",
        "percentComplete": 0.0,
        "properties": {
          "resourceName": "/subscriptions/00000000-0000-0000-0000-000000000000/resourceGroups/sdk-python-tests-rg-tmp/providers/Microsoft.NetApp/netAppAccounts/sdk-python-perma-account/capacityPools/sdk-python-perma-pool/volumes/sdk-py-tests-vol-3-6b727b0",
          "action": "CREATE"
        }
      }
    },
    {
      "RequestUri": "https://management.azure.com/subscriptions/00000000-0000-0000-0000-000000000000/providers/Microsoft.NetApp/locations/westus2/operationResults/1e79d6e5-505c-4e3d-bbbc-77b01eadb608?api-version=2023-05-01",
      "RequestMethod": "GET",
      "RequestHeaders": {
        "Accept": "*/*",
        "Accept-Encoding": "gzip, deflate",
        "Connection": "keep-alive",
        "User-Agent": "azsdk-python-mgmt-netapp/11.0.0 Python/3.11.4 (Windows-10-10.0.22621-SP0)"
      },
      "RequestBody": null,
      "StatusCode": 200,
      "ResponseHeaders": {
        "Cache-Control": "no-cache",
        "Content-Encoding": "gzip",
        "Content-Type": "application/json; charset=utf-8",
        "Date": "Fri, 15 Sep 2023 09:43:48 GMT",
        "Expires": "-1",
        "Pragma": "no-cache",
        "Server": "Microsoft-IIS/10.0",
        "Strict-Transport-Security": "max-age=31536000; includeSubDomains",
        "Transfer-Encoding": "chunked",
        "Vary": "Accept-Encoding",
        "X-Content-Type-Options": "nosniff",
        "x-ms-correlation-request-id": "280e73c8-c18d-4ef7-ae67-db2ea20ac302",
        "x-ms-ratelimit-remaining-subscription-reads": "11991",
        "x-ms-routing-request-id": "WESTEUROPE:20230915T094349Z:280e73c8-c18d-4ef7-ae67-db2ea20ac302",
        "X-Powered-By": "ASP.NET"
      },
      "ResponseBody": {
        "id": "/subscriptions/00000000-0000-0000-0000-000000000000/providers/Microsoft.NetApp/locations/westus2/operationResults/1e79d6e5-505c-4e3d-bbbc-77b01eadb608",
        "name": "1e79d6e5-505c-4e3d-bbbc-77b01eadb608",
        "status": "Creating",
        "startTime": "2023-09-15T09:39:45.4939703Z",
        "endTime": "0001-01-01T00:00:00Z",
        "percentComplete": 0.0,
        "properties": {
          "resourceName": "/subscriptions/00000000-0000-0000-0000-000000000000/resourceGroups/sdk-python-tests-rg-tmp/providers/Microsoft.NetApp/netAppAccounts/sdk-python-perma-account/capacityPools/sdk-python-perma-pool/volumes/sdk-py-tests-vol-3-6b727b0",
          "action": "CREATE"
        }
      }
    },
    {
      "RequestUri": "https://management.azure.com/subscriptions/00000000-0000-0000-0000-000000000000/providers/Microsoft.NetApp/locations/westus2/operationResults/1e79d6e5-505c-4e3d-bbbc-77b01eadb608?api-version=2023-05-01",
      "RequestMethod": "GET",
      "RequestHeaders": {
        "Accept": "*/*",
        "Accept-Encoding": "gzip, deflate",
        "Connection": "keep-alive",
        "User-Agent": "azsdk-python-mgmt-netapp/11.0.0 Python/3.11.4 (Windows-10-10.0.22621-SP0)"
      },
      "RequestBody": null,
      "StatusCode": 200,
      "ResponseHeaders": {
        "Cache-Control": "no-cache",
        "Content-Encoding": "gzip",
        "Content-Type": "application/json; charset=utf-8",
        "Date": "Fri, 15 Sep 2023 09:44:19 GMT",
        "Expires": "-1",
        "Pragma": "no-cache",
        "Server": "Microsoft-IIS/10.0",
        "Strict-Transport-Security": "max-age=31536000; includeSubDomains",
        "Transfer-Encoding": "chunked",
        "Vary": "Accept-Encoding",
        "X-Content-Type-Options": "nosniff",
        "x-ms-correlation-request-id": "5846476d-4e91-4a67-b513-2f8f8497699d",
        "x-ms-ratelimit-remaining-subscription-reads": "11990",
        "x-ms-routing-request-id": "WESTEUROPE:20230915T094419Z:5846476d-4e91-4a67-b513-2f8f8497699d",
        "X-Powered-By": "ASP.NET"
      },
      "ResponseBody": {
        "id": "/subscriptions/00000000-0000-0000-0000-000000000000/providers/Microsoft.NetApp/locations/westus2/operationResults/1e79d6e5-505c-4e3d-bbbc-77b01eadb608",
        "name": "1e79d6e5-505c-4e3d-bbbc-77b01eadb608",
        "status": "Creating",
        "startTime": "2023-09-15T09:39:45.4939703Z",
        "endTime": "0001-01-01T00:00:00Z",
        "percentComplete": 0.0,
        "properties": {
          "resourceName": "/subscriptions/00000000-0000-0000-0000-000000000000/resourceGroups/sdk-python-tests-rg-tmp/providers/Microsoft.NetApp/netAppAccounts/sdk-python-perma-account/capacityPools/sdk-python-perma-pool/volumes/sdk-py-tests-vol-3-6b727b0",
          "action": "CREATE"
        }
      }
    },
    {
      "RequestUri": "https://management.azure.com/subscriptions/00000000-0000-0000-0000-000000000000/providers/Microsoft.NetApp/locations/westus2/operationResults/1e79d6e5-505c-4e3d-bbbc-77b01eadb608?api-version=2023-05-01",
      "RequestMethod": "GET",
      "RequestHeaders": {
        "Accept": "*/*",
        "Accept-Encoding": "gzip, deflate",
        "Connection": "keep-alive",
        "User-Agent": "azsdk-python-mgmt-netapp/11.0.0 Python/3.11.4 (Windows-10-10.0.22621-SP0)"
      },
      "RequestBody": null,
      "StatusCode": 200,
      "ResponseHeaders": {
        "Cache-Control": "no-cache",
        "Content-Encoding": "gzip",
        "Content-Type": "application/json; charset=utf-8",
        "Date": "Fri, 15 Sep 2023 09:44:49 GMT",
        "Expires": "-1",
        "Pragma": "no-cache",
        "Server": "Microsoft-IIS/10.0",
        "Strict-Transport-Security": "max-age=31536000; includeSubDomains",
        "Transfer-Encoding": "chunked",
        "Vary": "Accept-Encoding",
        "X-Content-Type-Options": "nosniff",
        "x-ms-correlation-request-id": "6b4f9f9f-a5cd-4c69-b1ef-4840794fdaf6",
        "x-ms-ratelimit-remaining-subscription-reads": "11989",
        "x-ms-routing-request-id": "WESTEUROPE:20230915T094449Z:6b4f9f9f-a5cd-4c69-b1ef-4840794fdaf6",
        "X-Powered-By": "ASP.NET"
      },
      "ResponseBody": {
        "id": "/subscriptions/00000000-0000-0000-0000-000000000000/providers/Microsoft.NetApp/locations/westus2/operationResults/1e79d6e5-505c-4e3d-bbbc-77b01eadb608",
        "name": "1e79d6e5-505c-4e3d-bbbc-77b01eadb608",
        "status": "Succeeded",
        "startTime": "2023-09-15T09:39:45.4939703Z",
        "endTime": "2023-09-15T09:44:43.8131929Z",
        "percentComplete": 100.0,
        "properties": {
          "resourceName": "/subscriptions/00000000-0000-0000-0000-000000000000/resourceGroups/sdk-python-tests-rg-tmp/providers/Microsoft.NetApp/netAppAccounts/sdk-python-perma-account/capacityPools/sdk-python-perma-pool/volumes/sdk-py-tests-vol-3-6b727b0",
          "action": "CREATE"
        }
      }
    },
    {
      "RequestUri": "https://management.azure.com/subscriptions/00000000-0000-0000-0000-000000000000/resourceGroups/sdk-python-tests-rg-tmp/providers/Microsoft.NetApp/netAppAccounts/sdk-python-perma-account/capacityPools/sdk-python-perma-pool/volumes/sdk-py-tests-vol-3-6b727b0?api-version=2023-05-01",
      "RequestMethod": "GET",
      "RequestHeaders": {
        "Accept": "*/*",
        "Accept-Encoding": "gzip, deflate",
        "Connection": "keep-alive",
        "User-Agent": "azsdk-python-mgmt-netapp/11.0.0 Python/3.11.4 (Windows-10-10.0.22621-SP0)"
      },
      "RequestBody": null,
      "StatusCode": 200,
      "ResponseHeaders": {
        "Cache-Control": "no-cache",
        "Content-Encoding": "gzip",
        "Content-Type": "application/json; charset=utf-8",
        "Date": "Fri, 15 Sep 2023 09:44:50 GMT",
        "ETag": "W/\u0022datetime\u00272023-09-15T09%3A44%3A43.802448Z\u0027\u0022",
        "Expires": "-1",
        "Pragma": "no-cache",
        "Server": "Microsoft-IIS/10.0",
        "Strict-Transport-Security": "max-age=31536000; includeSubDomains",
        "Transfer-Encoding": "chunked",
        "Vary": "Accept-Encoding",
        "X-Content-Type-Options": "nosniff",
        "x-ms-correlation-request-id": "57379c53-b921-43de-9612-6730d6118b1f",
        "x-ms-ratelimit-remaining-subscription-reads": "11988",
        "x-ms-routing-request-id": "WESTEUROPE:20230915T094450Z:57379c53-b921-43de-9612-6730d6118b1f",
        "X-Powered-By": "ASP.NET"
      },
      "ResponseBody": {
        "id": "/subscriptions/00000000-0000-0000-0000-000000000000/resourceGroups/sdk-python-tests-rg-tmp/providers/Microsoft.NetApp/netAppAccounts/sdk-python-perma-account/capacityPools/sdk-python-perma-pool/volumes/sdk-py-tests-vol-3-6b727b0",
        "name": "sdk-python-perma-account/sdk-python-perma-pool/sdk-py-tests-vol-3-6b727b0",
        "type": "Microsoft.NetApp/netAppAccounts/capacityPools/volumes",
        "etag": "W/\u0022datetime\u00272023-09-15T09%3A44%3A43.802448Z\u0027\u0022",
        "location": "westus2",
        "tags": {
          "CreatedOnDate": "2023-09-15T09:39:43.6685523Z"
        },
        "properties": {
          "volumeType": "",
          "fileSystemId": "f40bf339-e38a-569a-62d7-75e276ad3794",
          "serviceLevel": "Premium",
          "creationToken": "sdk-py-tests-vol-3-6b727b0",
          "usageThreshold": 107374182400,
          "exportPolicy": {
            "rules": [
              {
                "ruleIndex": 1,
                "unixReadOnly": false,
                "unixReadWrite": true,
                "cifs": false,
                "nfsv3": true,
                "nfsv41": false,
                "allowedClients": "0.0.0.0/0",
                "kerberos5ReadOnly": false,
                "kerberos5ReadWrite": false,
                "kerberos5iReadOnly": false,
                "kerberos5iReadWrite": false,
                "kerberos5pReadOnly": false,
                "kerberos5pReadWrite": false,
                "hasRootAccess": true,
                "chownMode": "Restricted"
              }
            ]
          },
          "protocolTypes": [
            "NFSv3"
          ],
          "baremetalTenantId": "baremetalTenant_svm_8f82c7b40509489d9e97d719b9b955b4_b29b7ad2",
          "subnetId": "/subscriptions/00000000-0000-0000-0000-000000000000/resourceGroups/sdk-python-tests-rg-tmp/providers/Microsoft.Network/virtualNetworks/sdk-python-tests-perma-VNET/subnets/sdk-python-tests-subnet",
          "networkFeatures": "Standard",
          "networkSiblingSetId": "8dd1978e-584b-5087-bfc6-c261b926b7ba",
          "storageToNetworkProximity": "T2",
          "snapshotDirectoryVisible": true,
          "kerberosEnabled": false,
          "securityStyle": "Unix",
          "smbEncryption": false,
          "smbContinuouslyAvailable": false,
          "encryptionKeySource": "Microsoft.NetApp",
          "ldapEnabled": false,
          "unixPermissions": "0770",
          "mountTargets": [
            {
              "mountTargetId": "f40bf339-e38a-569a-62d7-75e276ad3794",
              "fileSystemId": "f40bf339-e38a-569a-62d7-75e276ad3794",
              "ipAddress": "10.0.0.5"
            }
          ],
          "coolAccess": false,
          "avsDataStore": "Disabled",
          "isDefaultQuotaEnabled": false,
          "defaultUserQuotaInKiBs": 0,
          "defaultGroupQuotaInKiBs": 0,
          "enableSubvolumes": "Enabled",
          "maximumNumberOfFiles": 100000000,
          "smbNonBrowsable": "Disabled",
          "smbAccessBasedEnumeration": "Disabled",
          "isLargeVolume": false,
          "provisionedAvailabilityZone": "1",
          "actualThroughputMibps": 6.25,
          "provisioningState": "Succeeded"
        },
        "systemData": {
          "createdBy": "00000000-0000-0000-0000-000000000000",
          "createdByType": "Application",
          "createdAt": "2023-09-15T09:39:44.2003729Z",
          "lastModifiedBy": "00000000-0000-0000-0000-000000000000",
          "lastModifiedByType": "Application",
          "lastModifiedAt": "2023-09-15T09:39:44.2003729Z"
        }
      }
    },
    {
      "RequestUri": "https://management.azure.com/subscriptions/00000000-0000-0000-0000-000000000000/resourceGroups/sdk-python-tests-rg-tmp/providers/Microsoft.NetApp/netAppAccounts/sdk-python-perma-account/capacityPools/sdk-python-perma-pool/volumes/sdk-py-tests-vol-3-6b727b0?api-version=2023-05-01",
      "RequestMethod": "GET",
      "RequestHeaders": {
        "Accept": "application/json",
        "Accept-Encoding": "gzip, deflate",
        "Connection": "keep-alive",
        "User-Agent": "azsdk-python-mgmt-netapp/11.0.0 Python/3.11.4 (Windows-10-10.0.22621-SP0)"
      },
      "RequestBody": null,
      "StatusCode": 200,
      "ResponseHeaders": {
        "Cache-Control": "no-cache",
        "Content-Encoding": "gzip",
        "Content-Type": "application/json; charset=utf-8",
        "Date": "Fri, 15 Sep 2023 09:44:50 GMT",
        "ETag": "W/\u0022datetime\u00272023-09-15T09%3A44%3A43.802448Z\u0027\u0022",
        "Expires": "-1",
        "Pragma": "no-cache",
        "Server": "Microsoft-IIS/10.0",
        "Strict-Transport-Security": "max-age=31536000; includeSubDomains",
        "Transfer-Encoding": "chunked",
        "Vary": "Accept-Encoding",
        "X-Content-Type-Options": "nosniff",
        "x-ms-correlation-request-id": "d709ad15-67aa-4e9a-a597-dd8f1dc959b7",
        "x-ms-ratelimit-remaining-subscription-reads": "11987",
        "x-ms-routing-request-id": "WESTEUROPE:20230915T094451Z:d709ad15-67aa-4e9a-a597-dd8f1dc959b7",
        "X-Powered-By": "ASP.NET"
      },
      "ResponseBody": {
        "id": "/subscriptions/00000000-0000-0000-0000-000000000000/resourceGroups/sdk-python-tests-rg-tmp/providers/Microsoft.NetApp/netAppAccounts/sdk-python-perma-account/capacityPools/sdk-python-perma-pool/volumes/sdk-py-tests-vol-3-6b727b0",
        "name": "sdk-python-perma-account/sdk-python-perma-pool/sdk-py-tests-vol-3-6b727b0",
        "type": "Microsoft.NetApp/netAppAccounts/capacityPools/volumes",
        "etag": "W/\u0022datetime\u00272023-09-15T09%3A44%3A43.802448Z\u0027\u0022",
        "location": "westus2",
        "tags": {
          "CreatedOnDate": "2023-09-15T09:39:43.6685523Z"
        },
        "properties": {
          "volumeType": "",
          "fileSystemId": "f40bf339-e38a-569a-62d7-75e276ad3794",
          "serviceLevel": "Premium",
          "creationToken": "sdk-py-tests-vol-3-6b727b0",
          "usageThreshold": 107374182400,
          "exportPolicy": {
            "rules": [
              {
                "ruleIndex": 1,
                "unixReadOnly": false,
                "unixReadWrite": true,
                "cifs": false,
                "nfsv3": true,
                "nfsv41": false,
                "allowedClients": "0.0.0.0/0",
                "kerberos5ReadOnly": false,
                "kerberos5ReadWrite": false,
                "kerberos5iReadOnly": false,
                "kerberos5iReadWrite": false,
                "kerberos5pReadOnly": false,
                "kerberos5pReadWrite": false,
                "hasRootAccess": true,
                "chownMode": "Restricted"
              }
            ]
          },
          "protocolTypes": [
            "NFSv3"
          ],
          "baremetalTenantId": "baremetalTenant_svm_8f82c7b40509489d9e97d719b9b955b4_b29b7ad2",
          "subnetId": "/subscriptions/00000000-0000-0000-0000-000000000000/resourceGroups/sdk-python-tests-rg-tmp/providers/Microsoft.Network/virtualNetworks/sdk-python-tests-perma-VNET/subnets/sdk-python-tests-subnet",
          "networkFeatures": "Standard",
          "networkSiblingSetId": "8dd1978e-584b-5087-bfc6-c261b926b7ba",
          "storageToNetworkProximity": "T2",
          "snapshotDirectoryVisible": true,
          "kerberosEnabled": false,
          "securityStyle": "Unix",
          "smbEncryption": false,
          "smbContinuouslyAvailable": false,
          "encryptionKeySource": "Microsoft.NetApp",
          "ldapEnabled": false,
          "unixPermissions": "0770",
          "mountTargets": [
            {
              "mountTargetId": "f40bf339-e38a-569a-62d7-75e276ad3794",
              "fileSystemId": "f40bf339-e38a-569a-62d7-75e276ad3794",
              "ipAddress": "10.0.0.5"
            }
          ],
          "coolAccess": false,
          "avsDataStore": "Disabled",
          "isDefaultQuotaEnabled": false,
          "defaultUserQuotaInKiBs": 0,
          "defaultGroupQuotaInKiBs": 0,
          "enableSubvolumes": "Enabled",
          "maximumNumberOfFiles": 100000000,
          "smbNonBrowsable": "Disabled",
          "smbAccessBasedEnumeration": "Disabled",
          "isLargeVolume": false,
          "provisionedAvailabilityZone": "1",
          "actualThroughputMibps": 6.25,
          "provisioningState": "Succeeded"
        },
        "systemData": {
          "createdBy": "00000000-0000-0000-0000-000000000000",
          "createdByType": "Application",
          "createdAt": "2023-09-15T09:39:44.2003729Z",
          "lastModifiedBy": "00000000-0000-0000-0000-000000000000",
          "lastModifiedByType": "Application",
          "lastModifiedAt": "2023-09-15T09:39:44.2003729Z"
        }
      }
    },
    {
      "RequestUri": "https://management.azure.com/subscriptions/00000000-0000-0000-0000-000000000000/resourceGroups/sdk-python-tests-rg-tmp/providers/Microsoft.NetApp/netAppAccounts/sdk-python-perma-account/capacityPools/sdk-python-perma-pool/volumes/sdk-py-tests-vol-3-6b727b0/subvolumes/sdk-py-tests-subvolume-1-6b727b0?api-version=2023-05-01",
      "RequestMethod": "PUT",
      "RequestHeaders": {
        "Accept": "application/json",
        "Accept-Encoding": "gzip, deflate",
        "Connection": "keep-alive",
        "Content-Length": "59",
        "Content-Type": "application/json",
        "User-Agent": "azsdk-python-mgmt-netapp/11.0.0 Python/3.11.4 (Windows-10-10.0.22621-SP0)"
      },
      "RequestBody": {
        "properties": {
          "path": "/sub_vol_1.txt",
          "size": 1000000
        }
      },
      "StatusCode": 201,
      "ResponseHeaders": {
        "Azure-AsyncOperation": "https://management.azure.com/subscriptions/00000000-0000-0000-0000-000000000000/providers/Microsoft.NetApp/locations/westus2/operationResults/e6b424cc-c860-4fd7-ab59-bda5594bbbdc?api-version=2023-05-01",
        "Cache-Control": "no-cache",
        "Content-Length": "556",
        "Content-Type": "application/json; charset=utf-8",
        "Date": "Fri, 15 Sep 2023 09:44:51 GMT",
        "Expires": "-1",
        "Location": "https://management.azure.com/subscriptions/00000000-0000-0000-0000-000000000000/providers/Microsoft.NetApp/locations/westus2/operationResults/e6b424cc-c860-4fd7-ab59-bda5594bbbdc?api-version=2023-05-01\u0026operationResultResponseType=Location",
        "Pragma": "no-cache",
        "Server": "Microsoft-IIS/10.0",
        "Strict-Transport-Security": "max-age=31536000; includeSubDomains",
        "X-Content-Type-Options": "nosniff",
        "x-ms-correlation-request-id": "12c54b4a-4205-4a83-ad0c-593f1584a5af",
        "x-ms-ratelimit-remaining-subscription-writes": "1198",
        "x-ms-routing-request-id": "WESTEUROPE:20230915T094451Z:12c54b4a-4205-4a83-ad0c-593f1584a5af",
        "X-Powered-By": "ASP.NET"
      },
      "ResponseBody": {
        "id": "/subscriptions/00000000-0000-0000-0000-000000000000/resourceGroups/sdk-python-tests-rg-tmp/providers/Microsoft.NetApp/netAppAccounts/sdk-python-perma-account/capacityPools/sdk-python-perma-pool/volumes/sdk-py-tests-vol-3-6b727b0/subvolumes/sdk-py-tests-subvolume-1-6b727b0",
        "name": "sdk-python-perma-account/sdk-python-perma-pool/sdk-py-tests-vol-3-6b727b0/sdk-py-tests-subvolume-1-6b727b0",
        "type": "Microsoft.NetApp/netAppAccounts/capacityPools/volumes/subvolumes",
        "properties": {
          "path": "/sub_vol_1.txt",
          "provisioningState": "Creating",
          "size": 1000000
        }
      }
    },
    {
      "RequestUri": "https://management.azure.com/subscriptions/00000000-0000-0000-0000-000000000000/providers/Microsoft.NetApp/locations/westus2/operationResults/e6b424cc-c860-4fd7-ab59-bda5594bbbdc?api-version=2023-05-01",
      "RequestMethod": "GET",
      "RequestHeaders": {
        "Accept": "*/*",
        "Accept-Encoding": "gzip, deflate",
        "Connection": "keep-alive",
        "User-Agent": "azsdk-python-mgmt-netapp/11.0.0 Python/3.11.4 (Windows-10-10.0.22621-SP0)"
      },
      "RequestBody": null,
      "StatusCode": 200,
      "ResponseHeaders": {
        "Cache-Control": "no-cache",
        "Content-Encoding": "gzip",
        "Content-Type": "application/json; charset=utf-8",
        "Date": "Fri, 15 Sep 2023 09:44:51 GMT",
        "Expires": "-1",
        "Pragma": "no-cache",
        "Server": "Microsoft-IIS/10.0",
        "Strict-Transport-Security": "max-age=31536000; includeSubDomains",
        "Transfer-Encoding": "chunked",
        "Vary": "Accept-Encoding",
        "X-Content-Type-Options": "nosniff",
        "x-ms-correlation-request-id": "ebbf8c78-d65d-4f7b-a1cf-7229e77082e7",
        "x-ms-ratelimit-remaining-subscription-reads": "11986",
        "x-ms-routing-request-id": "WESTEUROPE:20230915T094452Z:ebbf8c78-d65d-4f7b-a1cf-7229e77082e7",
        "X-Powered-By": "ASP.NET"
      },
      "ResponseBody": {
        "id": "/subscriptions/00000000-0000-0000-0000-000000000000/providers/Microsoft.NetApp/locations/westus2/operationResults/e6b424cc-c860-4fd7-ab59-bda5594bbbdc",
        "name": "e6b424cc-c860-4fd7-ab59-bda5594bbbdc",
        "status": "Creating",
        "startTime": "2023-09-15T09:44:51.6546351Z",
        "endTime": "0001-01-01T00:00:00Z",
        "percentComplete": 0.0,
        "properties": {
          "resourceName": "/subscriptions/00000000-0000-0000-0000-000000000000/resourceGroups/sdk-python-tests-rg-tmp/providers/Microsoft.NetApp/netAppAccounts/sdk-python-perma-account/capacityPools/sdk-python-perma-pool/volumes/sdk-py-tests-vol-3-6b727b0/subvolumes/sdk-py-tests-subvolume-1-6b727b0",
          "action": "CREATE"
        }
      }
    },
    {
      "RequestUri": "https://management.azure.com/subscriptions/00000000-0000-0000-0000-000000000000/providers/Microsoft.NetApp/locations/westus2/operationResults/e6b424cc-c860-4fd7-ab59-bda5594bbbdc?api-version=2023-05-01",
      "RequestMethod": "GET",
      "RequestHeaders": {
        "Accept": "*/*",
        "Accept-Encoding": "gzip, deflate",
        "Connection": "keep-alive",
        "User-Agent": "azsdk-python-mgmt-netapp/11.0.0 Python/3.11.4 (Windows-10-10.0.22621-SP0)"
      },
      "RequestBody": null,
      "StatusCode": 200,
      "ResponseHeaders": {
        "Cache-Control": "no-cache",
        "Content-Encoding": "gzip",
        "Content-Type": "application/json; charset=utf-8",
        "Date": "Fri, 15 Sep 2023 09:45:22 GMT",
        "Expires": "-1",
        "Pragma": "no-cache",
        "Server": "Microsoft-IIS/10.0",
        "Strict-Transport-Security": "max-age=31536000; includeSubDomains",
        "Transfer-Encoding": "chunked",
        "Vary": "Accept-Encoding",
        "X-Content-Type-Options": "nosniff",
        "x-ms-correlation-request-id": "c7a5a249-291b-461a-ab84-8fc3dc4b96fb",
        "x-ms-ratelimit-remaining-subscription-reads": "11985",
        "x-ms-routing-request-id": "WESTEUROPE:20230915T094522Z:c7a5a249-291b-461a-ab84-8fc3dc4b96fb",
        "X-Powered-By": "ASP.NET"
      },
      "ResponseBody": {
        "id": "/subscriptions/00000000-0000-0000-0000-000000000000/providers/Microsoft.NetApp/locations/westus2/operationResults/e6b424cc-c860-4fd7-ab59-bda5594bbbdc",
        "name": "e6b424cc-c860-4fd7-ab59-bda5594bbbdc",
        "status": "Succeeded",
        "startTime": "2023-09-15T09:44:51.6546351Z",
        "endTime": "2023-09-15T09:44:52.6401314Z",
        "percentComplete": 100.0,
        "properties": {
          "resourceName": "/subscriptions/00000000-0000-0000-0000-000000000000/resourceGroups/sdk-python-tests-rg-tmp/providers/Microsoft.NetApp/netAppAccounts/sdk-python-perma-account/capacityPools/sdk-python-perma-pool/volumes/sdk-py-tests-vol-3-6b727b0/subvolumes/sdk-py-tests-subvolume-1-6b727b0",
          "action": "CREATE"
        }
      }
    },
    {
      "RequestUri": "https://management.azure.com/subscriptions/00000000-0000-0000-0000-000000000000/resourceGroups/sdk-python-tests-rg-tmp/providers/Microsoft.NetApp/netAppAccounts/sdk-python-perma-account/capacityPools/sdk-python-perma-pool/volumes/sdk-py-tests-vol-3-6b727b0/subvolumes/sdk-py-tests-subvolume-1-6b727b0?api-version=2023-05-01",
      "RequestMethod": "GET",
      "RequestHeaders": {
        "Accept": "*/*",
        "Accept-Encoding": "gzip, deflate",
        "Connection": "keep-alive",
        "User-Agent": "azsdk-python-mgmt-netapp/11.0.0 Python/3.11.4 (Windows-10-10.0.22621-SP0)"
      },
      "RequestBody": null,
      "StatusCode": 200,
      "ResponseHeaders": {
        "Cache-Control": "no-cache",
        "Content-Encoding": "gzip",
        "Content-Type": "application/json; charset=utf-8",
        "Date": "Fri, 15 Sep 2023 09:45:22 GMT",
        "Expires": "-1",
        "Pragma": "no-cache",
        "Server": "Microsoft-IIS/10.0",
        "Strict-Transport-Security": "max-age=31536000; includeSubDomains",
        "Transfer-Encoding": "chunked",
        "Vary": "Accept-Encoding",
        "X-Content-Type-Options": "nosniff",
        "x-ms-correlation-request-id": "fdc50724-82cb-4cdf-8132-f34b782caefe",
        "x-ms-ratelimit-remaining-subscription-reads": "11984",
        "x-ms-routing-request-id": "WESTEUROPE:20230915T094522Z:fdc50724-82cb-4cdf-8132-f34b782caefe",
        "X-Powered-By": "ASP.NET"
      },
      "ResponseBody": {
        "id": "/subscriptions/00000000-0000-0000-0000-000000000000/resourceGroups/sdk-python-tests-rg-tmp/providers/Microsoft.NetApp/netAppAccounts/sdk-python-perma-account/capacityPools/sdk-python-perma-pool/volumes/sdk-py-tests-vol-3-6b727b0/subvolumes/sdk-py-tests-subvolume-1-6b727b0",
        "name": "sdk-python-perma-account/sdk-python-perma-pool/sdk-py-tests-vol-3-6b727b0/sdk-py-tests-subvolume-1-6b727b0",
        "type": "Microsoft.NetApp/netAppAccounts/capacityPools/volumes/subvolumes",
        "properties": {
          "path": "/sub_vol_1.txt",
          "provisioningState": "Succeeded"
        }
      }
    },
    {
      "RequestUri": "https://management.azure.com/subscriptions/00000000-0000-0000-0000-000000000000/resourceGroups/sdk-python-tests-rg-tmp/providers/Microsoft.NetApp/netAppAccounts/sdk-python-perma-account/capacityPools/sdk-python-perma-pool/volumes/sdk-py-tests-vol-3-6b727b0/subvolumes/sdk-py-tests-subvolume-1-6b727b0?api-version=2023-05-01",
      "RequestMethod": "GET",
      "RequestHeaders": {
        "Accept": "application/json",
        "Accept-Encoding": "gzip, deflate",
        "Connection": "keep-alive",
        "User-Agent": "azsdk-python-mgmt-netapp/11.0.0 Python/3.11.4 (Windows-10-10.0.22621-SP0)"
      },
      "RequestBody": null,
      "StatusCode": 200,
      "ResponseHeaders": {
        "Cache-Control": "no-cache",
        "Content-Encoding": "gzip",
        "Content-Type": "application/json; charset=utf-8",
        "Date": "Fri, 15 Sep 2023 09:45:23 GMT",
        "Expires": "-1",
        "Pragma": "no-cache",
        "Server": "Microsoft-IIS/10.0",
        "Strict-Transport-Security": "max-age=31536000; includeSubDomains",
        "Transfer-Encoding": "chunked",
        "Vary": "Accept-Encoding",
        "X-Content-Type-Options": "nosniff",
        "x-ms-correlation-request-id": "c9e14214-ec53-47d2-878f-787070bebd2f",
        "x-ms-ratelimit-remaining-subscription-reads": "11983",
        "x-ms-routing-request-id": "WESTEUROPE:20230915T094523Z:c9e14214-ec53-47d2-878f-787070bebd2f",
        "X-Powered-By": "ASP.NET"
      },
      "ResponseBody": {
        "id": "/subscriptions/00000000-0000-0000-0000-000000000000/resourceGroups/sdk-python-tests-rg-tmp/providers/Microsoft.NetApp/netAppAccounts/sdk-python-perma-account/capacityPools/sdk-python-perma-pool/volumes/sdk-py-tests-vol-3-6b727b0/subvolumes/sdk-py-tests-subvolume-1-6b727b0",
        "name": "sdk-python-perma-account/sdk-python-perma-pool/sdk-py-tests-vol-3-6b727b0/sdk-py-tests-subvolume-1-6b727b0",
        "type": "Microsoft.NetApp/netAppAccounts/capacityPools/volumes/subvolumes",
        "properties": {
          "path": "/sub_vol_1.txt",
          "provisioningState": "Succeeded"
        }
      }
    },
    {
      "RequestUri": "https://management.azure.com/subscriptions/00000000-0000-0000-0000-000000000000/resourceGroups/sdk-python-tests-rg-tmp/providers/Microsoft.NetApp/netAppAccounts/sdk-python-perma-account/capacityPools/sdk-python-perma-pool/volumes/sdk-py-tests-vol-3-6b727b0/subvolumes/sdk-py-tests-subvolume-1-6b727b0?api-version=2023-05-01",
      "RequestMethod": "PATCH",
      "RequestHeaders": {
        "Accept": "application/json",
        "Accept-Encoding": "gzip, deflate",
        "Connection": "keep-alive",
        "Content-Length": "64",
        "Content-Type": "application/json",
        "User-Agent": "azsdk-python-mgmt-netapp/11.0.0 Python/3.11.4 (Windows-10-10.0.22621-SP0)"
      },
      "RequestBody": {
        "properties": {
          "size": 2000000,
          "path": "/sub_vol_update.txt"
        }
      },
      "StatusCode": 202,
      "ResponseHeaders": {
        "Azure-AsyncOperation": "https://management.azure.com/subscriptions/00000000-0000-0000-0000-000000000000/providers/Microsoft.NetApp/locations/westus2/operationResults/7d92d0a7-dca2-4c16-b0f6-5ea7a2dad4c6?api-version=2023-05-01",
        "Cache-Control": "no-cache",
        "Content-Length": "561",
        "Content-Type": "application/json; charset=utf-8",
        "Date": "Fri, 15 Sep 2023 09:45:23 GMT",
        "Expires": "-1",
        "Location": "https://management.azure.com/subscriptions/00000000-0000-0000-0000-000000000000/providers/Microsoft.NetApp/locations/westus2/operationResults/7d92d0a7-dca2-4c16-b0f6-5ea7a2dad4c6?api-version=2023-05-01\u0026operationResultResponseType=Location",
        "Pragma": "no-cache",
        "Server": "Microsoft-IIS/10.0",
        "Strict-Transport-Security": "max-age=31536000; includeSubDomains",
        "X-Content-Type-Options": "nosniff",
        "x-ms-correlation-request-id": "868761d4-24f5-47cd-80c5-c1040788da9b",
        "x-ms-ratelimit-remaining-subscription-writes": "1197",
        "x-ms-routing-request-id": "WESTEUROPE:20230915T094523Z:868761d4-24f5-47cd-80c5-c1040788da9b",
        "X-Powered-By": "ASP.NET"
      },
      "ResponseBody": {
        "id": "/subscriptions/00000000-0000-0000-0000-000000000000/resourceGroups/sdk-python-tests-rg-tmp/providers/Microsoft.NetApp/netAppAccounts/sdk-python-perma-account/capacityPools/sdk-python-perma-pool/volumes/sdk-py-tests-vol-3-6b727b0/subvolumes/sdk-py-tests-subvolume-1-6b727b0",
        "name": "sdk-python-perma-account/sdk-python-perma-pool/sdk-py-tests-vol-3-6b727b0/sdk-py-tests-subvolume-1-6b727b0",
        "type": "Microsoft.NetApp/netAppAccounts/capacityPools/volumes/subvolumes",
        "properties": {
          "path": "/sub_vol_update.txt",
          "size": 2000000,
          "provisioningState": "Accepted"
        }
      }
    },
    {
      "RequestUri": "https://management.azure.com/subscriptions/00000000-0000-0000-0000-000000000000/providers/Microsoft.NetApp/locations/westus2/operationResults/7d92d0a7-dca2-4c16-b0f6-5ea7a2dad4c6?api-version=2023-05-01",
      "RequestMethod": "GET",
      "RequestHeaders": {
        "Accept": "*/*",
        "Accept-Encoding": "gzip, deflate",
        "Connection": "keep-alive",
        "User-Agent": "azsdk-python-mgmt-netapp/11.0.0 Python/3.11.4 (Windows-10-10.0.22621-SP0)"
      },
      "RequestBody": null,
      "StatusCode": 200,
      "ResponseHeaders": {
        "Cache-Control": "no-cache",
        "Content-Encoding": "gzip",
        "Content-Type": "application/json; charset=utf-8",
        "Date": "Fri, 15 Sep 2023 09:45:24 GMT",
        "Expires": "-1",
        "Pragma": "no-cache",
        "Server": "Microsoft-IIS/10.0",
        "Strict-Transport-Security": "max-age=31536000; includeSubDomains",
        "Transfer-Encoding": "chunked",
        "Vary": "Accept-Encoding",
        "X-Content-Type-Options": "nosniff",
        "x-ms-correlation-request-id": "052001f1-8c23-4034-a8bf-6ca82f39951b",
        "x-ms-ratelimit-remaining-subscription-reads": "11982",
        "x-ms-routing-request-id": "WESTEUROPE:20230915T094524Z:052001f1-8c23-4034-a8bf-6ca82f39951b",
        "X-Powered-By": "ASP.NET"
      },
      "ResponseBody": {
        "id": "/subscriptions/00000000-0000-0000-0000-000000000000/providers/Microsoft.NetApp/locations/westus2/operationResults/7d92d0a7-dca2-4c16-b0f6-5ea7a2dad4c6",
        "name": "7d92d0a7-dca2-4c16-b0f6-5ea7a2dad4c6",
        "status": "Patching",
        "startTime": "2023-09-15T09:45:23.7870741Z",
        "endTime": "0001-01-01T00:00:00Z",
        "percentComplete": 0.0,
        "properties": {
          "resourceName": "/subscriptions/00000000-0000-0000-0000-000000000000/resourceGroups/sdk-python-tests-rg-tmp/providers/Microsoft.NetApp/netAppAccounts/sdk-python-perma-account/capacityPools/sdk-python-perma-pool/volumes/sdk-py-tests-vol-3-6b727b0/subvolumes/sdk-py-tests-subvolume-1-6b727b0",
          "action": "PATCH"
        }
      }
    },
    {
      "RequestUri": "https://management.azure.com/subscriptions/00000000-0000-0000-0000-000000000000/providers/Microsoft.NetApp/locations/westus2/operationResults/7d92d0a7-dca2-4c16-b0f6-5ea7a2dad4c6?api-version=2023-05-01",
      "RequestMethod": "GET",
      "RequestHeaders": {
        "Accept": "*/*",
        "Accept-Encoding": "gzip, deflate",
        "Connection": "keep-alive",
        "User-Agent": "azsdk-python-mgmt-netapp/11.0.0 Python/3.11.4 (Windows-10-10.0.22621-SP0)"
      },
      "RequestBody": null,
      "StatusCode": 200,
      "ResponseHeaders": {
        "Cache-Control": "no-cache",
        "Content-Encoding": "gzip",
        "Content-Type": "application/json; charset=utf-8",
        "Date": "Fri, 15 Sep 2023 09:45:53 GMT",
        "Expires": "-1",
        "Pragma": "no-cache",
        "Server": "Microsoft-IIS/10.0",
        "Strict-Transport-Security": "max-age=31536000; includeSubDomains",
        "Transfer-Encoding": "chunked",
        "Vary": "Accept-Encoding",
        "X-Content-Type-Options": "nosniff",
        "x-ms-correlation-request-id": "54d9b35c-093b-41be-a18c-423be747067a",
        "x-ms-ratelimit-remaining-subscription-reads": "11981",
        "x-ms-routing-request-id": "WESTEUROPE:20230915T094554Z:54d9b35c-093b-41be-a18c-423be747067a",
        "X-Powered-By": "ASP.NET"
      },
      "ResponseBody": {
        "id": "/subscriptions/00000000-0000-0000-0000-000000000000/providers/Microsoft.NetApp/locations/westus2/operationResults/7d92d0a7-dca2-4c16-b0f6-5ea7a2dad4c6",
        "name": "7d92d0a7-dca2-4c16-b0f6-5ea7a2dad4c6",
        "status": "Succeeded",
        "startTime": "2023-09-15T09:45:23.7870741Z",
        "endTime": "2023-09-15T09:45:24.3971409Z",
        "percentComplete": 100.0,
        "properties": {
          "resourceName": "/subscriptions/00000000-0000-0000-0000-000000000000/resourceGroups/sdk-python-tests-rg-tmp/providers/Microsoft.NetApp/netAppAccounts/sdk-python-perma-account/capacityPools/sdk-python-perma-pool/volumes/sdk-py-tests-vol-3-6b727b0/subvolumes/sdk-py-tests-subvolume-1-6b727b0",
          "action": "PATCH"
        }
      }
    },
    {
      "RequestUri": "https://management.azure.com/subscriptions/00000000-0000-0000-0000-000000000000/resourceGroups/sdk-python-tests-rg-tmp/providers/Microsoft.NetApp/netAppAccounts/sdk-python-perma-account/capacityPools/sdk-python-perma-pool/volumes/sdk-py-tests-vol-3-6b727b0/subvolumes/sdk-py-tests-subvolume-1-6b727b0?api-version=2023-05-01",
      "RequestMethod": "GET",
      "RequestHeaders": {
        "Accept": "*/*",
        "Accept-Encoding": "gzip, deflate",
        "Connection": "keep-alive",
        "User-Agent": "azsdk-python-mgmt-netapp/11.0.0 Python/3.11.4 (Windows-10-10.0.22621-SP0)"
      },
      "RequestBody": null,
      "StatusCode": 200,
      "ResponseHeaders": {
        "Cache-Control": "no-cache",
        "Content-Encoding": "gzip",
        "Content-Type": "application/json; charset=utf-8",
        "Date": "Fri, 15 Sep 2023 09:45:54 GMT",
        "Expires": "-1",
        "Pragma": "no-cache",
        "Server": "Microsoft-IIS/10.0",
        "Strict-Transport-Security": "max-age=31536000; includeSubDomains",
        "Transfer-Encoding": "chunked",
        "Vary": "Accept-Encoding",
        "X-Content-Type-Options": "nosniff",
        "x-ms-correlation-request-id": "421e6d10-d528-4465-b0a1-51b8ecf16b65",
        "x-ms-ratelimit-remaining-subscription-reads": "11980",
        "x-ms-routing-request-id": "WESTEUROPE:20230915T094555Z:421e6d10-d528-4465-b0a1-51b8ecf16b65",
        "X-Powered-By": "ASP.NET"
      },
      "ResponseBody": {
        "id": "/subscriptions/00000000-0000-0000-0000-000000000000/resourceGroups/sdk-python-tests-rg-tmp/providers/Microsoft.NetApp/netAppAccounts/sdk-python-perma-account/capacityPools/sdk-python-perma-pool/volumes/sdk-py-tests-vol-3-6b727b0/subvolumes/sdk-py-tests-subvolume-1-6b727b0",
        "name": "sdk-python-perma-account/sdk-python-perma-pool/sdk-py-tests-vol-3-6b727b0/sdk-py-tests-subvolume-1-6b727b0",
        "type": "Microsoft.NetApp/netAppAccounts/capacityPools/volumes/subvolumes",
        "properties": {
          "path": "/sub_vol_update.txt",
          "provisioningState": "Succeeded"
        }
      }
    },
    {
      "RequestUri": "https://management.azure.com/subscriptions/00000000-0000-0000-0000-000000000000/resourceGroups/sdk-python-tests-rg-tmp/providers/Microsoft.NetApp/netAppAccounts/sdk-python-perma-account/capacityPools/sdk-python-perma-pool/volumes/sdk-py-tests-vol-3-6b727b0/subvolumes/sdk-py-tests-subvolume-1-6b727b0?api-version=2023-05-01",
      "RequestMethod": "GET",
      "RequestHeaders": {
        "Accept": "application/json",
        "Accept-Encoding": "gzip, deflate",
        "Connection": "keep-alive",
        "User-Agent": "azsdk-python-mgmt-netapp/11.0.0 Python/3.11.4 (Windows-10-10.0.22621-SP0)"
      },
      "RequestBody": null,
      "StatusCode": 200,
      "ResponseHeaders": {
        "Cache-Control": "no-cache",
        "Content-Encoding": "gzip",
        "Content-Type": "application/json; charset=utf-8",
        "Date": "Fri, 15 Sep 2023 09:45:54 GMT",
        "Expires": "-1",
        "Pragma": "no-cache",
        "Server": "Microsoft-IIS/10.0",
        "Strict-Transport-Security": "max-age=31536000; includeSubDomains",
        "Transfer-Encoding": "chunked",
        "Vary": "Accept-Encoding",
        "X-Content-Type-Options": "nosniff",
        "x-ms-correlation-request-id": "dedd7276-d267-4648-b388-976623767323",
        "x-ms-ratelimit-remaining-subscription-reads": "11979",
        "x-ms-routing-request-id": "WESTEUROPE:20230915T094555Z:dedd7276-d267-4648-b388-976623767323",
        "X-Powered-By": "ASP.NET"
      },
      "ResponseBody": {
        "id": "/subscriptions/00000000-0000-0000-0000-000000000000/resourceGroups/sdk-python-tests-rg-tmp/providers/Microsoft.NetApp/netAppAccounts/sdk-python-perma-account/capacityPools/sdk-python-perma-pool/volumes/sdk-py-tests-vol-3-6b727b0/subvolumes/sdk-py-tests-subvolume-1-6b727b0",
        "name": "sdk-python-perma-account/sdk-python-perma-pool/sdk-py-tests-vol-3-6b727b0/sdk-py-tests-subvolume-1-6b727b0",
        "type": "Microsoft.NetApp/netAppAccounts/capacityPools/volumes/subvolumes",
        "properties": {
          "path": "/sub_vol_update.txt",
          "provisioningState": "Succeeded"
        }
      }
    },
    {
      "RequestUri": "https://management.azure.com/subscriptions/00000000-0000-0000-0000-000000000000/resourceGroups/sdk-python-tests-rg-tmp/providers/Microsoft.NetApp/netAppAccounts/sdk-python-perma-account/capacityPools/sdk-python-perma-pool/volumes/sdk-py-tests-vol-3-6b727b0?api-version=2023-05-01",
      "RequestMethod": "GET",
      "RequestHeaders": {
        "Accept": "application/json",
        "Accept-Encoding": "gzip, deflate",
        "Connection": "keep-alive",
        "User-Agent": "azsdk-python-mgmt-netapp/11.0.0 Python/3.11.4 (Windows-10-10.0.22621-SP0)"
      },
      "RequestBody": null,
      "StatusCode": 200,
      "ResponseHeaders": {
        "Cache-Control": "no-cache",
        "Content-Encoding": "gzip",
        "Content-Type": "application/json; charset=utf-8",
        "Date": "Fri, 15 Sep 2023 09:45:55 GMT",
        "ETag": "W/\u0022datetime\u00272023-09-15T09%3A44%3A43.802448Z\u0027\u0022",
        "Expires": "-1",
        "Pragma": "no-cache",
        "Server": "Microsoft-IIS/10.0",
        "Strict-Transport-Security": "max-age=31536000; includeSubDomains",
        "Transfer-Encoding": "chunked",
        "Vary": "Accept-Encoding",
        "X-Content-Type-Options": "nosniff",
        "x-ms-correlation-request-id": "a77c646e-1dae-4faf-b432-2c84d4e1c6d2",
        "x-ms-ratelimit-remaining-subscription-reads": "11978",
        "x-ms-routing-request-id": "WESTEUROPE:20230915T094555Z:a77c646e-1dae-4faf-b432-2c84d4e1c6d2",
        "X-Powered-By": "ASP.NET"
      },
      "ResponseBody": {
        "id": "/subscriptions/00000000-0000-0000-0000-000000000000/resourceGroups/sdk-python-tests-rg-tmp/providers/Microsoft.NetApp/netAppAccounts/sdk-python-perma-account/capacityPools/sdk-python-perma-pool/volumes/sdk-py-tests-vol-3-6b727b0",
        "name": "sdk-python-perma-account/sdk-python-perma-pool/sdk-py-tests-vol-3-6b727b0",
        "type": "Microsoft.NetApp/netAppAccounts/capacityPools/volumes",
        "etag": "W/\u0022datetime\u00272023-09-15T09%3A44%3A43.802448Z\u0027\u0022",
        "location": "westus2",
        "tags": {
          "CreatedOnDate": "2023-09-15T09:39:43.6685523Z"
        },
        "properties": {
          "volumeType": "",
          "fileSystemId": "f40bf339-e38a-569a-62d7-75e276ad3794",
          "serviceLevel": "Premium",
          "creationToken": "sdk-py-tests-vol-3-6b727b0",
          "usageThreshold": 107374182400,
          "exportPolicy": {
            "rules": [
              {
                "ruleIndex": 1,
                "unixReadOnly": false,
                "unixReadWrite": true,
                "cifs": false,
                "nfsv3": true,
                "nfsv41": false,
                "allowedClients": "0.0.0.0/0",
                "kerberos5ReadOnly": false,
                "kerberos5ReadWrite": false,
                "kerberos5iReadOnly": false,
                "kerberos5iReadWrite": false,
                "kerberos5pReadOnly": false,
                "kerberos5pReadWrite": false,
                "hasRootAccess": true,
                "chownMode": "Restricted"
              }
            ]
          },
          "protocolTypes": [
            "NFSv3"
          ],
          "baremetalTenantId": "baremetalTenant_svm_8f82c7b40509489d9e97d719b9b955b4_b29b7ad2",
          "subnetId": "/subscriptions/00000000-0000-0000-0000-000000000000/resourceGroups/sdk-python-tests-rg-tmp/providers/Microsoft.Network/virtualNetworks/sdk-python-tests-perma-VNET/subnets/sdk-python-tests-subnet",
          "networkFeatures": "Standard",
          "networkSiblingSetId": "8dd1978e-584b-5087-bfc6-c261b926b7ba",
          "storageToNetworkProximity": "T2",
          "snapshotDirectoryVisible": true,
          "kerberosEnabled": false,
          "securityStyle": "Unix",
          "smbEncryption": false,
          "smbContinuouslyAvailable": false,
          "encryptionKeySource": "Microsoft.NetApp",
          "ldapEnabled": false,
          "unixPermissions": "0770",
          "mountTargets": [
            {
              "mountTargetId": "f40bf339-e38a-569a-62d7-75e276ad3794",
              "fileSystemId": "f40bf339-e38a-569a-62d7-75e276ad3794",
              "ipAddress": "10.0.0.5"
            }
          ],
          "coolAccess": false,
          "avsDataStore": "Disabled",
          "isDefaultQuotaEnabled": false,
          "defaultUserQuotaInKiBs": 0,
          "defaultGroupQuotaInKiBs": 0,
          "enableSubvolumes": "Enabled",
          "maximumNumberOfFiles": 100000000,
          "smbNonBrowsable": "Disabled",
          "smbAccessBasedEnumeration": "Disabled",
          "isLargeVolume": false,
          "provisionedAvailabilityZone": "1",
          "actualThroughputMibps": 6.25,
          "provisioningState": "Succeeded"
        },
        "systemData": {
          "createdBy": "00000000-0000-0000-0000-000000000000",
          "createdByType": "Application",
          "createdAt": "2023-09-15T09:39:44.2003729Z",
          "lastModifiedBy": "00000000-0000-0000-0000-000000000000",
          "lastModifiedByType": "Application",
          "lastModifiedAt": "2023-09-15T09:39:44.2003729Z"
        }
      }
    },
    {
      "RequestUri": "https://management.azure.com/subscriptions/00000000-0000-0000-0000-000000000000/resourceGroups/sdk-python-tests-rg-tmp/providers/Microsoft.NetApp/netAppAccounts/sdk-python-perma-account/capacityPools/sdk-python-perma-pool/volumes/sdk-py-tests-vol-3-6b727b0/subvolumes/sdk-py-tests-subvolume-1-6b727b0?api-version=2023-05-01",
      "RequestMethod": "GET",
      "RequestHeaders": {
        "Accept": "application/json",
        "Accept-Encoding": "gzip, deflate",
        "Connection": "keep-alive",
        "User-Agent": "azsdk-python-mgmt-netapp/11.0.0 Python/3.11.4 (Windows-10-10.0.22621-SP0)"
      },
      "RequestBody": null,
      "StatusCode": 200,
      "ResponseHeaders": {
        "Cache-Control": "no-cache",
        "Content-Encoding": "gzip",
        "Content-Type": "application/json; charset=utf-8",
        "Date": "Fri, 15 Sep 2023 09:45:55 GMT",
        "Expires": "-1",
        "Pragma": "no-cache",
        "Server": "Microsoft-IIS/10.0",
        "Strict-Transport-Security": "max-age=31536000; includeSubDomains",
        "Transfer-Encoding": "chunked",
        "Vary": "Accept-Encoding",
        "X-Content-Type-Options": "nosniff",
        "x-ms-correlation-request-id": "9a878202-8b06-44d7-b0b6-1c13f14da992",
        "x-ms-ratelimit-remaining-subscription-reads": "11977",
        "x-ms-routing-request-id": "WESTEUROPE:20230915T094556Z:9a878202-8b06-44d7-b0b6-1c13f14da992",
        "X-Powered-By": "ASP.NET"
      },
      "ResponseBody": {
        "id": "/subscriptions/00000000-0000-0000-0000-000000000000/resourceGroups/sdk-python-tests-rg-tmp/providers/Microsoft.NetApp/netAppAccounts/sdk-python-perma-account/capacityPools/sdk-python-perma-pool/volumes/sdk-py-tests-vol-3-6b727b0/subvolumes/sdk-py-tests-subvolume-1-6b727b0",
        "name": "sdk-python-perma-account/sdk-python-perma-pool/sdk-py-tests-vol-3-6b727b0/sdk-py-tests-subvolume-1-6b727b0",
        "type": "Microsoft.NetApp/netAppAccounts/capacityPools/volumes/subvolumes",
        "properties": {
          "path": "/sub_vol_update.txt",
          "provisioningState": "Succeeded"
        }
      }
    },
    {
      "RequestUri": "https://management.azure.com/subscriptions/00000000-0000-0000-0000-000000000000/resourceGroups/sdk-python-tests-rg-tmp/providers/Microsoft.NetApp/netAppAccounts/sdk-python-perma-account/capacityPools/sdk-python-perma-pool/volumes/sdk-py-tests-vol-3-6b727b0/subvolumes/sdk-py-tests-subvolume-1-6b727b0?api-version=2023-05-01",
      "RequestMethod": "DELETE",
      "RequestHeaders": {
        "Accept": "*/*",
        "Accept-Encoding": "gzip, deflate",
        "Connection": "keep-alive",
        "Content-Length": "0",
        "User-Agent": "azsdk-python-mgmt-netapp/11.0.0 Python/3.11.4 (Windows-10-10.0.22621-SP0)"
      },
      "RequestBody": null,
      "StatusCode": 202,
      "ResponseHeaders": {
        "Azure-AsyncOperation": "https://management.azure.com/subscriptions/00000000-0000-0000-0000-000000000000/providers/Microsoft.NetApp/locations/westus2/operationResults/399fc803-62c1-4b16-b514-aa2e8567e82a?api-version=2023-05-01",
        "Cache-Control": "no-cache",
        "Content-Length": "0",
        "Date": "Fri, 15 Sep 2023 09:45:56 GMT",
        "Expires": "-1",
        "Location": "https://management.azure.com/subscriptions/00000000-0000-0000-0000-000000000000/providers/Microsoft.NetApp/locations/westus2/operationResults/399fc803-62c1-4b16-b514-aa2e8567e82a?api-version=2023-05-01\u0026operationResultResponseType=Location",
        "Pragma": "no-cache",
        "Server": "Microsoft-IIS/10.0",
        "Strict-Transport-Security": "max-age=31536000; includeSubDomains",
        "X-Content-Type-Options": "nosniff",
        "x-ms-correlation-request-id": "5b5f7b8f-c26a-4de4-b657-6cab76e69c2c",
        "x-ms-ratelimit-remaining-subscription-deletes": "14999",
        "x-ms-routing-request-id": "WESTEUROPE:20230915T094556Z:5b5f7b8f-c26a-4de4-b657-6cab76e69c2c",
        "X-Powered-By": "ASP.NET"
      },
      "ResponseBody": null
    },
    {
      "RequestUri": "https://management.azure.com/subscriptions/00000000-0000-0000-0000-000000000000/providers/Microsoft.NetApp/locations/westus2/operationResults/399fc803-62c1-4b16-b514-aa2e8567e82a?api-version=2023-05-01",
      "RequestMethod": "GET",
      "RequestHeaders": {
        "Accept": "*/*",
        "Accept-Encoding": "gzip, deflate",
        "Connection": "keep-alive",
        "User-Agent": "azsdk-python-mgmt-netapp/11.0.0 Python/3.11.4 (Windows-10-10.0.22621-SP0)"
      },
      "RequestBody": null,
      "StatusCode": 200,
      "ResponseHeaders": {
        "Cache-Control": "no-cache",
        "Content-Encoding": "gzip",
        "Content-Type": "application/json; charset=utf-8",
        "Date": "Fri, 15 Sep 2023 09:45:56 GMT",
        "Expires": "-1",
        "Pragma": "no-cache",
        "Server": "Microsoft-IIS/10.0",
        "Strict-Transport-Security": "max-age=31536000; includeSubDomains",
        "Transfer-Encoding": "chunked",
        "Vary": "Accept-Encoding",
        "X-Content-Type-Options": "nosniff",
        "x-ms-correlation-request-id": "ac7d8b5b-b4a1-46aa-916e-a555c0e99434",
        "x-ms-ratelimit-remaining-subscription-reads": "11976",
        "x-ms-routing-request-id": "WESTEUROPE:20230915T094557Z:ac7d8b5b-b4a1-46aa-916e-a555c0e99434",
        "X-Powered-By": "ASP.NET"
      },
      "ResponseBody": {
        "id": "/subscriptions/00000000-0000-0000-0000-000000000000/providers/Microsoft.NetApp/locations/westus2/operationResults/399fc803-62c1-4b16-b514-aa2e8567e82a",
        "name": "399fc803-62c1-4b16-b514-aa2e8567e82a",
        "status": "Succeeded",
        "startTime": "2023-09-15T09:45:56.7387882Z",
        "endTime": "2023-09-15T09:45:56.9462332Z",
        "percentComplete": 100.0,
        "properties": {
          "resourceName": "/subscriptions/00000000-0000-0000-0000-000000000000/resourceGroups/sdk-python-tests-rg-tmp/providers/Microsoft.NetApp/netAppAccounts/sdk-python-perma-account/capacityPools/sdk-python-perma-pool/volumes/sdk-py-tests-vol-3-6b727b0/subvolumes/sdk-py-tests-subvolume-1-6b727b0",
          "action": "DELETE"
        }
      }
    },
    {
      "RequestUri": "https://management.azure.com/subscriptions/00000000-0000-0000-0000-000000000000/resourceGroups/sdk-python-tests-rg-tmp/providers/Microsoft.NetApp/netAppAccounts/sdk-python-perma-account/capacityPools/sdk-python-perma-pool/volumes/sdk-py-tests-vol-3-6b727b0/subvolumes/sdk-py-tests-subvolume-1-6b727b0?api-version=2023-05-01",
      "RequestMethod": "GET",
      "RequestHeaders": {
        "Accept": "application/json",
        "Accept-Encoding": "gzip, deflate",
        "Connection": "keep-alive",
        "User-Agent": "azsdk-python-mgmt-netapp/11.0.0 Python/3.11.4 (Windows-10-10.0.22621-SP0)"
      },
      "RequestBody": null,
      "StatusCode": 404,
      "ResponseHeaders": {
        "Cache-Control": "no-cache",
        "Content-Length": "184",
        "Content-Type": "application/json; charset=utf-8",
        "Date": "Fri, 15 Sep 2023 09:45:56 GMT",
        "Expires": "-1",
        "Pragma": "no-cache",
        "Server": "Microsoft-IIS/10.0",
        "Strict-Transport-Security": "max-age=31536000; includeSubDomains",
        "X-Content-Type-Options": "nosniff",
        "x-ms-correlation-request-id": "fa71379e-0e6b-4aba-878a-2a0a4da7fc38",
        "x-ms-ratelimit-remaining-subscription-reads": "11975",
        "x-ms-routing-request-id": "WESTEUROPE:20230915T094557Z:fa71379e-0e6b-4aba-878a-2a0a4da7fc38",
        "X-Powered-By": "ASP.NET"
      },
      "ResponseBody": {
        "error": {
          "code": "NotFound",
          "message": "Error getting sub volume. The requested sub volume was not found. Please make sure that the sub volume was created successfully and try again."
        }
      }
    },
    {
      "RequestUri": "https://management.azure.com/subscriptions/00000000-0000-0000-0000-000000000000/resourceGroups/sdk-python-tests-rg-tmp/providers/Microsoft.NetApp/netAppAccounts/sdk-python-perma-account/capacityPools/sdk-python-perma-pool/volumes/sdk-py-tests-vol-3-6b727b0/subvolumes?api-version=2023-05-01",
      "RequestMethod": "GET",
      "RequestHeaders": {
        "Accept": "application/json",
        "Accept-Encoding": "gzip, deflate",
        "Connection": "keep-alive",
        "User-Agent": "azsdk-python-mgmt-netapp/11.0.0 Python/3.11.4 (Windows-10-10.0.22621-SP0)"
      },
      "RequestBody": null,
      "StatusCode": 200,
      "ResponseHeaders": {
        "Cache-Control": "no-cache",
        "Content-Encoding": "gzip",
        "Content-Type": "application/json; charset=utf-8",
        "Date": "Fri, 15 Sep 2023 09:45:57 GMT",
        "Expires": "-1",
        "Pragma": "no-cache",
        "Server": "Microsoft-IIS/10.0",
        "Strict-Transport-Security": "max-age=31536000; includeSubDomains",
        "Transfer-Encoding": "chunked",
        "Vary": "Accept-Encoding",
        "X-Content-Type-Options": "nosniff",
        "x-ms-correlation-request-id": "acc99efa-a3d6-464d-aca8-b4507e10f1c6",
        "x-ms-ratelimit-remaining-subscription-reads": "11974",
        "x-ms-routing-request-id": "WESTEUROPE:20230915T094558Z:acc99efa-a3d6-464d-aca8-b4507e10f1c6",
        "X-Powered-By": "ASP.NET"
      },
      "ResponseBody": {
        "value": []
      }
    },
    {
      "RequestUri": "https://management.azure.com/subscriptions/00000000-0000-0000-0000-000000000000/resourceGroups/sdk-python-tests-rg-tmp/providers/Microsoft.NetApp/netAppAccounts/sdk-python-perma-account/capacityPools/sdk-python-perma-pool/volumes/sdk-py-tests-vol-3-6b727b0?api-version=2023-05-01",
      "RequestMethod": "DELETE",
      "RequestHeaders": {
        "Accept": "*/*",
        "Accept-Encoding": "gzip, deflate",
        "Connection": "keep-alive",
        "Content-Length": "0",
        "User-Agent": "azsdk-python-mgmt-netapp/11.0.0 Python/3.11.4 (Windows-10-10.0.22621-SP0)"
      },
      "RequestBody": null,
      "StatusCode": 202,
      "ResponseHeaders": {
        "Azure-AsyncOperation": "https://management.azure.com/subscriptions/00000000-0000-0000-0000-000000000000/providers/Microsoft.NetApp/locations/westus2/operationResults/9eefbd65-7a49-46ab-bfd9-71eaf926ae77?api-version=2023-05-01",
        "Cache-Control": "no-cache",
        "Content-Length": "0",
        "Date": "Fri, 15 Sep 2023 09:45:58 GMT",
        "Expires": "-1",
        "Location": "https://management.azure.com/subscriptions/00000000-0000-0000-0000-000000000000/providers/Microsoft.NetApp/locations/westus2/operationResults/9eefbd65-7a49-46ab-bfd9-71eaf926ae77?api-version=2023-05-01\u0026operationResultResponseType=Location",
        "Pragma": "no-cache",
        "Server": "Microsoft-IIS/10.0",
        "Strict-Transport-Security": "max-age=31536000; includeSubDomains",
        "X-Content-Type-Options": "nosniff",
        "x-ms-correlation-request-id": "a9516d02-f7c7-4562-8d21-e86676f3ea4e",
        "x-ms-ratelimit-remaining-subscription-deletes": "14998",
        "x-ms-routing-request-id": "WESTEUROPE:20230915T094558Z:a9516d02-f7c7-4562-8d21-e86676f3ea4e",
        "X-Powered-By": "ASP.NET"
      },
      "ResponseBody": null
    },
    {
      "RequestUri": "https://management.azure.com/subscriptions/00000000-0000-0000-0000-000000000000/providers/Microsoft.NetApp/locations/westus2/operationResults/9eefbd65-7a49-46ab-bfd9-71eaf926ae77?api-version=2023-05-01",
      "RequestMethod": "GET",
      "RequestHeaders": {
        "Accept": "*/*",
        "Accept-Encoding": "gzip, deflate",
        "Connection": "keep-alive",
        "User-Agent": "azsdk-python-mgmt-netapp/11.0.0 Python/3.11.4 (Windows-10-10.0.22621-SP0)"
      },
      "RequestBody": null,
      "StatusCode": 200,
      "ResponseHeaders": {
        "Cache-Control": "no-cache",
        "Content-Encoding": "gzip",
        "Content-Type": "application/json; charset=utf-8",
        "Date": "Fri, 15 Sep 2023 09:45:58 GMT",
        "Expires": "-1",
        "Pragma": "no-cache",
        "Server": "Microsoft-IIS/10.0",
        "Strict-Transport-Security": "max-age=31536000; includeSubDomains",
        "Transfer-Encoding": "chunked",
        "Vary": "Accept-Encoding",
        "X-Content-Type-Options": "nosniff",
        "x-ms-correlation-request-id": "b1b3bca9-315c-4e72-bc57-a081dc1aaf44",
        "x-ms-ratelimit-remaining-subscription-reads": "11973",
        "x-ms-routing-request-id": "WESTEUROPE:20230915T094559Z:b1b3bca9-315c-4e72-bc57-a081dc1aaf44",
        "X-Powered-By": "ASP.NET"
      },
      "ResponseBody": {
        "id": "/subscriptions/00000000-0000-0000-0000-000000000000/providers/Microsoft.NetApp/locations/westus2/operationResults/9eefbd65-7a49-46ab-bfd9-71eaf926ae77",
        "name": "9eefbd65-7a49-46ab-bfd9-71eaf926ae77",
        "status": "Deleting",
        "startTime": "2023-09-15T09:45:58.6865193Z",
        "endTime": "0001-01-01T00:00:00Z",
        "percentComplete": 0.0,
        "properties": {
          "resourceName": "/subscriptions/00000000-0000-0000-0000-000000000000/resourceGroups/sdk-python-tests-rg-tmp/providers/Microsoft.NetApp/netAppAccounts/sdk-python-perma-account/capacityPools/sdk-python-perma-pool/volumes/sdk-py-tests-vol-3-6b727b0",
          "action": "DELETE"
        }
      }
    },
    {
      "RequestUri": "https://management.azure.com/subscriptions/00000000-0000-0000-0000-000000000000/providers/Microsoft.NetApp/locations/westus2/operationResults/9eefbd65-7a49-46ab-bfd9-71eaf926ae77?api-version=2023-05-01",
      "RequestMethod": "GET",
      "RequestHeaders": {
        "Accept": "*/*",
        "Accept-Encoding": "gzip, deflate",
        "Connection": "keep-alive",
        "User-Agent": "azsdk-python-mgmt-netapp/11.0.0 Python/3.11.4 (Windows-10-10.0.22621-SP0)"
      },
      "RequestBody": null,
      "StatusCode": 200,
      "ResponseHeaders": {
        "Cache-Control": "no-cache",
        "Content-Encoding": "gzip",
        "Content-Type": "application/json; charset=utf-8",
        "Date": "Fri, 15 Sep 2023 09:46:29 GMT",
        "Expires": "-1",
        "Pragma": "no-cache",
        "Server": "Microsoft-IIS/10.0",
        "Strict-Transport-Security": "max-age=31536000; includeSubDomains",
        "Transfer-Encoding": "chunked",
        "Vary": "Accept-Encoding",
        "X-Content-Type-Options": "nosniff",
        "x-ms-correlation-request-id": "20960c4d-3298-4fba-a074-33cff3eeb452",
        "x-ms-ratelimit-remaining-subscription-reads": "11972",
        "x-ms-routing-request-id": "WESTEUROPE:20230915T094629Z:20960c4d-3298-4fba-a074-33cff3eeb452",
        "X-Powered-By": "ASP.NET"
      },
      "ResponseBody": {
        "id": "/subscriptions/00000000-0000-0000-0000-000000000000/providers/Microsoft.NetApp/locations/westus2/operationResults/9eefbd65-7a49-46ab-bfd9-71eaf926ae77",
        "name": "9eefbd65-7a49-46ab-bfd9-71eaf926ae77",
        "status": "Deleting",
        "startTime": "2023-09-15T09:45:58.6865193Z",
        "endTime": "0001-01-01T00:00:00Z",
        "percentComplete": 0.0,
        "properties": {
          "resourceName": "/subscriptions/00000000-0000-0000-0000-000000000000/resourceGroups/sdk-python-tests-rg-tmp/providers/Microsoft.NetApp/netAppAccounts/sdk-python-perma-account/capacityPools/sdk-python-perma-pool/volumes/sdk-py-tests-vol-3-6b727b0",
          "action": "DELETE"
        }
      }
    },
    {
      "RequestUri": "https://management.azure.com/subscriptions/00000000-0000-0000-0000-000000000000/providers/Microsoft.NetApp/locations/westus2/operationResults/9eefbd65-7a49-46ab-bfd9-71eaf926ae77?api-version=2023-05-01",
      "RequestMethod": "GET",
      "RequestHeaders": {
        "Accept": "*/*",
        "Accept-Encoding": "gzip, deflate",
        "Connection": "keep-alive",
        "User-Agent": "azsdk-python-mgmt-netapp/11.0.0 Python/3.11.4 (Windows-10-10.0.22621-SP0)"
      },
      "RequestBody": null,
      "StatusCode": 200,
      "ResponseHeaders": {
        "Cache-Control": "no-cache",
        "Content-Encoding": "gzip",
        "Content-Type": "application/json; charset=utf-8",
        "Date": "Fri, 15 Sep 2023 09:46:58 GMT",
        "Expires": "-1",
        "Pragma": "no-cache",
        "Server": "Microsoft-IIS/10.0",
        "Strict-Transport-Security": "max-age=31536000; includeSubDomains",
        "Transfer-Encoding": "chunked",
        "Vary": "Accept-Encoding",
        "X-Content-Type-Options": "nosniff",
        "x-ms-correlation-request-id": "a6f02bb5-48b5-4785-b2bf-fa90222cb111",
        "x-ms-ratelimit-remaining-subscription-reads": "11971",
        "x-ms-routing-request-id": "WESTEUROPE:20230915T094659Z:a6f02bb5-48b5-4785-b2bf-fa90222cb111",
        "X-Powered-By": "ASP.NET"
      },
      "ResponseBody": {
        "id": "/subscriptions/00000000-0000-0000-0000-000000000000/providers/Microsoft.NetApp/locations/westus2/operationResults/9eefbd65-7a49-46ab-bfd9-71eaf926ae77",
        "name": "9eefbd65-7a49-46ab-bfd9-71eaf926ae77",
        "status": "Succeeded",
        "startTime": "2023-09-15T09:45:58.6865193Z",
        "endTime": "2023-09-15T09:46:37.7293078Z",
        "percentComplete": 100.0,
        "properties": {
          "resourceName": "/subscriptions/00000000-0000-0000-0000-000000000000/resourceGroups/sdk-python-tests-rg-tmp/providers/Microsoft.NetApp/netAppAccounts/sdk-python-perma-account/capacityPools/sdk-python-perma-pool/volumes/sdk-py-tests-vol-3-6b727b0",
          "action": "DELETE"
        }
      }
    },
    {
      "RequestUri": "https://management.azure.com/subscriptions/00000000-0000-0000-0000-000000000000/providers/Microsoft.NetApp/locations/westus2/operationResults/9eefbd65-7a49-46ab-bfd9-71eaf926ae77?api-version=2023-05-01\u0026operationResultResponseType=Location",
      "RequestMethod": "GET",
      "RequestHeaders": {
        "Accept": "*/*",
        "Accept-Encoding": "gzip, deflate",
        "Connection": "keep-alive",
        "User-Agent": "azsdk-python-mgmt-netapp/11.0.0 Python/3.11.4 (Windows-10-10.0.22621-SP0)"
      },
      "RequestBody": null,
      "StatusCode": 200,
      "ResponseHeaders": {
        "Cache-Control": "no-cache",
        "Content-Encoding": "gzip",
        "Content-Type": "application/json; charset=utf-8",
        "Date": "Fri, 15 Sep 2023 09:46:59 GMT",
        "Expires": "-1",
        "Pragma": "no-cache",
        "Server": "Microsoft-IIS/10.0",
        "Strict-Transport-Security": "max-age=31536000; includeSubDomains",
        "Transfer-Encoding": "chunked",
        "Vary": "Accept-Encoding",
        "X-Content-Type-Options": "nosniff",
        "x-ms-correlation-request-id": "f764fe26-a102-4784-b05f-81d40bb81ff1",
        "x-ms-ratelimit-remaining-subscription-reads": "11970",
        "x-ms-routing-request-id": "WESTEUROPE:20230915T094659Z:f764fe26-a102-4784-b05f-81d40bb81ff1",
        "X-Powered-By": "ASP.NET"
      },
      "ResponseBody": {
        "volumeType": "",
        "fileSystemId": "f40bf339-e38a-569a-62d7-75e276ad3794",
        "serviceLevel": "Premium",
        "creationToken": "sdk-py-tests-vol-3-6b727b0",
        "usageThreshold": 107374182400,
        "exportPolicy": {
          "rules": [
            {
              "ruleIndex": 1,
              "unixReadOnly": false,
              "unixReadWrite": true,
              "cifs": false,
              "nfsv3": true,
              "nfsv41": false,
              "allowedClients": "0.0.0.0/0",
              "kerberos5ReadOnly": false,
              "kerberos5ReadWrite": false,
              "kerberos5iReadOnly": false,
              "kerberos5iReadWrite": false,
              "kerberos5pReadOnly": false,
              "kerberos5pReadWrite": false,
              "hasRootAccess": true,
              "chownMode": "Restricted"
            }
          ]
        },
        "protocolTypes": [
          "NFSv3"
        ],
        "baremetalTenantId": "DELETED_baremetalTenant_svm_8f82c7b40509489d9e97d719b9b955b4_b29b7ad2",
        "subnetId": "/subscriptions/00000000-0000-0000-0000-000000000000/resourceGroups/sdk-python-tests-rg-tmp/providers/Microsoft.Network/virtualNetworks/sdk-python-tests-perma-VNET/subnets/sdk-python-tests-subnet",
        "networkFeatures": "Standard",
        "networkSiblingSetId": "8dd1978e-584b-5087-bfc6-c261b926b7ba",
        "storageToNetworkProximity": "T2",
        "snapshotDirectoryVisible": true,
        "kerberosEnabled": false,
        "securityStyle": "Unix",
        "smbEncryption": false,
        "smbContinuouslyAvailable": false,
        "encryptionKeySource": "Microsoft.NetApp",
        "ldapEnabled": false,
        "unixPermissions": "0770",
        "mountTargets": [
          {
            "mountTargetId": "f40bf339-e38a-569a-62d7-75e276ad3794",
            "fileSystemId": "f40bf339-e38a-569a-62d7-75e276ad3794",
            "ipAddress": "10.0.0.5"
          }
        ],
        "throughputMibps": 0.0,
        "coolAccess": false,
        "avsDataStore": "Disabled",
        "isDefaultQuotaEnabled": false,
        "defaultUserQuotaInKiBs": 0,
        "defaultGroupQuotaInKiBs": 0,
        "enableSubvolumes": "Enabled",
        "maximumNumberOfFiles": 100000000,
        "smbNonBrowsable": "Disabled",
        "smbAccessBasedEnumeration": "Disabled",
        "isLargeVolume": false,
        "provisionedAvailabilityZone": "1",
        "actualThroughputMibps": 6.25
      }
    },
    {
      "RequestUri": "https://management.azure.com/subscriptions/00000000-0000-0000-0000-000000000000/resourceGroups/sdk-python-tests-rg-tmp/providers/Microsoft.NetApp/netAppAccounts/sdk-python-perma-account/capacityPools/sdk-python-perma-pool/volumes/sdk-py-tests-vol-3-6b727b0?api-version=2023-05-01",
      "RequestMethod": "GET",
      "RequestHeaders": {
        "Accept": "application/json",
        "Accept-Encoding": "gzip, deflate",
        "Connection": "keep-alive",
        "User-Agent": "azsdk-python-mgmt-netapp/11.0.0 Python/3.11.4 (Windows-10-10.0.22621-SP0)"
      },
      "RequestBody": null,
      "StatusCode": 404,
      "ResponseHeaders": {
        "Cache-Control": "no-cache",
        "Content-Length": "322",
        "Content-Type": "application/json; charset=utf-8",
        "Date": "Fri, 15 Sep 2023 09:46:59 GMT",
        "Expires": "-1",
        "Pragma": "no-cache",
        "Strict-Transport-Security": "max-age=31536000; includeSubDomains",
        "X-Content-Type-Options": "nosniff",
        "x-ms-correlation-request-id": "7ed76213-e24d-4436-9c1c-74d01f51deab",
        "x-ms-failure-cause": "gateway",
        "x-ms-routing-request-id": "WESTEUROPE:20230915T094700Z:7ed76213-e24d-4436-9c1c-74d01f51deab"
      },
      "ResponseBody": {
        "error": {
          "code": "ResourceNotFound",
          "message": "The Resource \u0027Microsoft.NetApp/netAppAccounts/sdk-python-perma-account/capacityPools/sdk-python-perma-pool/volumes/sdk-py-tests-vol-3-6b727b0\u0027 under resource group \u0027sdk-python-tests-rg-tmp\u0027 was not found. For more details please go to https://aka.ms/ARMResourceNotFoundFix"
        }
      }
    }
  ],
  "Variables": {}
}
