{
  "Entries": [
    {
      "RequestUri": "https://REDACTED/subscriptions/00000000-0000-0000-0000-000000000000/resourcegroups/rg972112e?api-version=2022-09-01",
      "RequestMethod": "PUT",
      "RequestHeaders": {
        "Accept": "application/json",
        "Authorization": "Sanitized",
        "Content-Length": "29",
        "Content-Type": "application/json",
        "Date": "Tue, 04 Jul 2023 02:28:01 GMT",
        "User-Agent": "azsdk-java-com.azure.resourcemanager.resources/2.26.0-beta.1 (17.0.4.1; Windows 11; 10.0)",
        "x-ms-client-request-id": "b824139c-0d63-489f-84df-cffc0b1e8c20",
        "x-ms-return-client-request-id": "true"
      },
      "RequestBody": {
        "location": "southcentralus"
      },
      "StatusCode": 201,
      "ResponseHeaders": {
        "Cache-Control": "no-cache",
        "Content-Length": "223",
        "Content-Type": "application/json; charset=utf-8",
        "Date": "Tue, 04 Jul 2023 02:28:04 GMT",
        "Expires": "-1",
        "Pragma": "no-cache",
        "Strict-Transport-Security": "max-age=31536000; includeSubDomains",
        "X-Content-Type-Options": "nosniff",
        "x-ms-correlation-request-id": "81491386-e91e-4d5d-88cc-b5df84ead770",
        "x-ms-ratelimit-remaining-subscription-writes": "1199",
        "x-ms-request-id": "81491386-e91e-4d5d-88cc-b5df84ead770",
        "x-ms-routing-request-id": "SOUTHEASTASIA:20230704T022805Z:81491386-e91e-4d5d-88cc-b5df84ead770"
      },
      "ResponseBody": {
        "id": "/subscriptions/ec0aa5f7-9e78-40c9-85cd-535c6305b380/resourceGroups/rg972112e",
        "name": "rg972112e",
        "type": "Microsoft.Resources/resourceGroups",
        "location": "southcentralus",
        "properties": {
          "provisioningState": "Succeeded"
        }
      }
    },
    {
      "RequestUri": "https://REDACTED/subscriptions/00000000-0000-0000-0000-000000000000/resourcegroups/rg972112e/providers/Microsoft.Resources/deployments/dpC972112e?api-version=2022-09-01",
      "RequestMethod": "PUT",
      "RequestHeaders": {
        "Accept": "application/json",
        "Authorization": "Sanitized",
        "Content-Length": "427",
        "Content-Type": "application/json",
        "Date": "Tue, 04 Jul 2023 02:28:05 GMT",
        "User-Agent": "azsdk-java-com.azure.resourcemanager.resources/2.26.0-beta.1 (17.0.4.1; Windows 11; 10.0)",
        "x-ms-client-request-id": "cff39d3e-ac77-4393-8664-570ce4fbf6d0",
        "x-ms-return-client-request-id": "true"
      },
      "RequestBody": {
        "properties": {
          "templateLink": {
            "uri": "https://raw.githubusercontent.com/Azure/azure-quickstart-templates/master/quickstarts/microsoft.network/vnet-two-subnets/azuredeploy.json",
            "contentVersion": "1.0.0.0"
          },
          "parametersLink": {
            "uri": "https://raw.githubusercontent.com/Azure/azure-quickstart-templates/master/quickstarts/microsoft.network/vnet-two-subnets/azuredeploy.parameters.json",
            "contentVersion": "1.0.0.0"
          },
          "mode": "Complete"
        }
      },
      "StatusCode": 201,
      "ResponseHeaders": {
        "Azure-AsyncOperation": "https://management.azure.com/subscriptions/ec0aa5f7-9e78-40c9-85cd-535c6305b380/resourcegroups/rg972112e/providers/Microsoft.Resources/deployments/dpC972112e/operationStatuses/08585131691960185234?api-version=2022-09-01",
        "Cache-Control": "no-cache",
        "Content-Length": "1354",
        "Content-Type": "application/json; charset=utf-8",
        "Date": "Tue, 04 Jul 2023 02:28:13 GMT",
        "Expires": "-1",
        "Pragma": "no-cache",
        "Strict-Transport-Security": "max-age=31536000; includeSubDomains",
        "X-Content-Type-Options": "nosniff",
        "x-ms-correlation-request-id": "e855dda8-f11b-446c-ad1b-4f4f21339312",
        "x-ms-ratelimit-remaining-subscription-writes": "1198",
        "x-ms-request-id": "e855dda8-f11b-446c-ad1b-4f4f21339312",
        "x-ms-routing-request-id": "SOUTHEASTASIA:20230704T022813Z:e855dda8-f11b-446c-ad1b-4f4f21339312"
      },
      "ResponseBody": {
        "id": "/subscriptions/ec0aa5f7-9e78-40c9-85cd-535c6305b380/resourceGroups/rg972112e/providers/Microsoft.Resources/deployments/dpC972112e",
        "name": "dpC972112e",
        "type": "Microsoft.Resources/deployments",
        "properties": {
          "templateLink": {
            "uri": "https://raw.githubusercontent.com/Azure/azure-quickstart-templates/master/quickstarts/microsoft.network/vnet-two-subnets/azuredeploy.json",
            "contentVersion": "1.0.0.0"
          },
          "templateHash": "10806234693722113459",
          "parametersLink": {
            "uri": "https://raw.githubusercontent.com/Azure/azure-quickstart-templates/master/quickstarts/microsoft.network/vnet-two-subnets/azuredeploy.parameters.json",
            "contentVersion": "1.0.0.0"
          },
          "parameters": {
            "vnetName": {
              "type": "String",
              "value": "VNet1"
            },
            "vnetAddressPrefix": {
              "type": "String",
              "value": "10.0.0.0/16"
            },
            "subnet1Prefix": {
              "type": "String",
              "value": "10.0.0.0/24"
            },
            "subnet1Name": {
              "type": "String",
              "value": "Subnet1"
            },
            "subnet2Prefix": {
              "type": "String",
              "value": "10.0.1.0/24"
            },
            "subnet2Name": {
              "type": "String",
              "value": "Subnet2"
            },
            "location": {
              "type": "String",
              "value": "southcentralus"
            }
          },
          "mode": "Complete",
          "provisioningState": "Accepted",
          "timestamp": "2023-07-04T02:28:12.2862002Z",
          "duration": "PT0.0007095S",
          "correlationId": "e855dda8-f11b-446c-ad1b-4f4f21339312",
          "providers": [
            {
              "namespace": "Microsoft.Network",
              "resourceTypes": [
                {
                  "resourceType": "virtualNetworks",
                  "locations": [
                    "southcentralus"
                  ]
                }
              ]
            }
          ],
          "dependencies": []
        }
      }
    },
    {
      "RequestUri": "https://REDACTED/subscriptions/00000000-0000-0000-0000-000000000000/resourcegroups/rg972112e/providers/Microsoft.Resources/deployments/dpC972112e?api-version=2022-09-01",
      "RequestMethod": "GET",
      "RequestHeaders": {
        "Accept": "application/json",
        "Authorization": "Sanitized",
        "Content-Length": "0",
        "Content-Type": "application/json",
        "Date": "Tue, 04 Jul 2023 02:28:13 GMT",
        "User-Agent": "azsdk-java-com.azure.resourcemanager.resources/2.26.0-beta.1 (17.0.4.1; Windows 11; 10.0)",
        "x-ms-client-request-id": "9ee5ecb0-138e-45ff-8c44-27c7b58185dc",
        "x-ms-return-client-request-id": "true"
      },
      "RequestBody": null,
      "StatusCode": 200,
      "ResponseHeaders": {
        "Cache-Control": "no-cache",
        "Content-Length": "1352",
        "Content-Type": "application/json; charset=utf-8",
        "Date": "Tue, 04 Jul 2023 02:28:14 GMT",
        "Expires": "-1",
        "Pragma": "no-cache",
        "Retry-After": "5",
        "Strict-Transport-Security": "max-age=31536000; includeSubDomains",
        "X-Content-Type-Options": "nosniff",
        "x-ms-correlation-request-id": "c9144793-10bc-4d50-bf71-d9bfedd3fa4f",
        "x-ms-ratelimit-remaining-subscription-reads": "11999",
        "x-ms-request-id": "c9144793-10bc-4d50-bf71-d9bfedd3fa4f",
        "x-ms-routing-request-id": "SOUTHEASTASIA:20230704T022814Z:c9144793-10bc-4d50-bf71-d9bfedd3fa4f"
      },
      "ResponseBody": {
        "id": "/subscriptions/ec0aa5f7-9e78-40c9-85cd-535c6305b380/resourceGroups/rg972112e/providers/Microsoft.Resources/deployments/dpC972112e",
        "name": "dpC972112e",
        "type": "Microsoft.Resources/deployments",
        "properties": {
          "templateLink": {
            "uri": "https://raw.githubusercontent.com/Azure/azure-quickstart-templates/master/quickstarts/microsoft.network/vnet-two-subnets/azuredeploy.json",
            "contentVersion": "1.0.0.0"
          },
          "templateHash": "10806234693722113459",
          "parametersLink": {
            "uri": "https://raw.githubusercontent.com/Azure/azure-quickstart-templates/master/quickstarts/microsoft.network/vnet-two-subnets/azuredeploy.parameters.json",
            "contentVersion": "1.0.0.0"
          },
          "parameters": {
            "vnetName": {
              "type": "String",
              "value": "VNet1"
            },
            "vnetAddressPrefix": {
              "type": "String",
              "value": "10.0.0.0/16"
            },
            "subnet1Prefix": {
              "type": "String",
              "value": "10.0.0.0/24"
            },
            "subnet1Name": {
              "type": "String",
              "value": "Subnet1"
            },
            "subnet2Prefix": {
              "type": "String",
              "value": "10.0.1.0/24"
            },
            "subnet2Name": {
              "type": "String",
              "value": "Subnet2"
            },
            "location": {
              "type": "String",
              "value": "southcentralus"
            }
          },
          "mode": "Complete",
          "provisioningState": "Running",
          "timestamp": "2023-07-04T02:28:13.8599587Z",
          "duration": "PT1.574468S",
          "correlationId": "e855dda8-f11b-446c-ad1b-4f4f21339312",
          "providers": [
            {
              "namespace": "Microsoft.Network",
              "resourceTypes": [
                {
                  "resourceType": "virtualNetworks",
                  "locations": [
                    "southcentralus"
                  ]
                }
              ]
            }
          ],
          "dependencies": []
        }
      }
    },
    {
      "RequestUri": "https://REDACTED/subscriptions/00000000-0000-0000-0000-000000000000/resourcegroups/rg972112e/providers/Microsoft.Resources/deployments/dpC972112e/cancel?api-version=2022-09-01",
      "RequestMethod": "POST",
      "RequestHeaders": {
        "Accept": "application/json",
        "Authorization": "Sanitized",
        "Content-Length": "0",
        "Content-Type": "application/json",
        "Date": "Tue, 04 Jul 2023 02:28:14 GMT",
        "User-Agent": "azsdk-java-com.azure.resourcemanager.resources/2.26.0-beta.1 (17.0.4.1; Windows 11; 10.0)",
        "x-ms-client-request-id": "58029d59-26f5-4828-88e4-779d4a4dfd51",
        "x-ms-return-client-request-id": "true"
      },
      "RequestBody": null,
      "StatusCode": 204,
      "ResponseHeaders": {
        "Cache-Control": "no-cache",
        "Date": "Tue, 04 Jul 2023 02:28:15 GMT",
        "Expires": "-1",
        "Pragma": "no-cache",
        "Strict-Transport-Security": "max-age=31536000; includeSubDomains",
        "X-Content-Type-Options": "nosniff",
        "x-ms-correlation-request-id": "b21ce5b3-8016-44b2-bafa-54f989e9ca49",
        "x-ms-ratelimit-remaining-subscription-writes": "1199",
        "x-ms-request-id": "b21ce5b3-8016-44b2-bafa-54f989e9ca49",
        "x-ms-routing-request-id": "SOUTHEASTASIA:20230704T022815Z:b21ce5b3-8016-44b2-bafa-54f989e9ca49"
      },
      "ResponseBody": null
    },
    {
      "RequestUri": "https://REDACTED/subscriptions/00000000-0000-0000-0000-000000000000/resourcegroups/rg972112e/providers/Microsoft.Resources/deployments/dpC972112e?api-version=2022-09-01",
      "RequestMethod": "GET",
      "RequestHeaders": {
        "Accept": "application/json",
        "Authorization": "Sanitized",
        "Content-Length": "0",
        "Content-Type": "application/json",
        "Date": "Tue, 04 Jul 2023 02:28:15 GMT",
        "User-Agent": "azsdk-java-com.azure.resourcemanager.resources/2.26.0-beta.1 (17.0.4.1; Windows 11; 10.0)",
        "x-ms-client-request-id": "d57e5672-dfb3-42a8-9069-bb5b791117ce",
        "x-ms-return-client-request-id": "true"
      },
      "RequestBody": null,
      "StatusCode": 200,
      "ResponseHeaders": {
        "Cache-Control": "no-cache",
        "Content-Length": "1353",
        "Content-Type": "application/json; charset=utf-8",
        "Date": "Tue, 04 Jul 2023 02:28:16 GMT",
        "Expires": "-1",
        "Pragma": "no-cache",
        "Strict-Transport-Security": "max-age=31536000; includeSubDomains",
        "X-Content-Type-Options": "nosniff",
        "x-ms-correlation-request-id": "7b1143e5-c3f7-448a-97a7-8e4088fd862c",
        "x-ms-ratelimit-remaining-subscription-reads": "11998",
        "x-ms-request-id": "7b1143e5-c3f7-448a-97a7-8e4088fd862c",
        "x-ms-routing-request-id": "SOUTHEASTASIA:20230704T022816Z:7b1143e5-c3f7-448a-97a7-8e4088fd862c"
      },
      "ResponseBody": {
        "id": "/subscriptions/ec0aa5f7-9e78-40c9-85cd-535c6305b380/resourceGroups/rg972112e/providers/Microsoft.Resources/deployments/dpC972112e",
        "name": "dpC972112e",
        "type": "Microsoft.Resources/deployments",
        "properties": {
          "templateLink": {
            "uri": "https://raw.githubusercontent.com/Azure/azure-quickstart-templates/master/quickstarts/microsoft.network/vnet-two-subnets/azuredeploy.json",
            "contentVersion": "1.0.0.0"
          },
          "templateHash": "10806234693722113459",
          "parametersLink": {
            "uri": "https://raw.githubusercontent.com/Azure/azure-quickstart-templates/master/quickstarts/microsoft.network/vnet-two-subnets/azuredeploy.parameters.json",
            "contentVersion": "1.0.0.0"
          },
          "parameters": {
            "vnetName": {
              "type": "String",
              "value": "VNet1"
            },
            "vnetAddressPrefix": {
              "type": "String",
              "value": "10.0.0.0/16"
            },
            "subnet1Prefix": {
              "type": "String",
              "value": "10.0.0.0/24"
            },
            "subnet1Name": {
              "type": "String",
              "value": "Subnet1"
            },
            "subnet2Prefix": {
              "type": "String",
              "value": "10.0.1.0/24"
            },
            "subnet2Name": {
              "type": "String",
              "value": "Subnet2"
            },
            "location": {
              "type": "String",
              "value": "southcentralus"
            }
          },
          "mode": "Complete",
          "provisioningState": "Canceled",
          "timestamp": "2023-07-04T02:28:15.0965817Z",
          "duration": "PT2.811091S",
          "correlationId": "e855dda8-f11b-446c-ad1b-4f4f21339312",
          "providers": [
            {
              "namespace": "Microsoft.Network",
              "resourceTypes": [
                {
                  "resourceType": "virtualNetworks",
                  "locations": [
                    "southcentralus"
                  ]
                }
              ]
            }
          ],
          "dependencies": []
        }
      }
    },
    {
      "RequestUri": "https://REDACTED/subscriptions/00000000-0000-0000-0000-000000000000/resourcegroups/rg972112e/providers/Microsoft.Resources/deployments/dpC972112e?api-version=2022-09-01",
      "RequestMethod": "PUT",
      "RequestHeaders": {
        "Accept": "application/json",
        "Authorization": "Sanitized",
        "Content-Length": "1455",
        "Content-Type": "application/json",
        "Date": "Tue, 04 Jul 2023 02:28:16 GMT",
        "User-Agent": "azsdk-java-com.azure.resourcemanager.resources/2.26.0-beta.1 (17.0.4.1; Windows 11; 10.0)",
        "x-ms-client-request-id": "f8249eaa-b562-4766-a11e-6013b5f0539c",
        "x-ms-return-client-request-id": "true"
      },
      "RequestBody": {
        "properties": {
          "template": {
            "$schema": "https://schema.management.azure.com/schemas/2015-01-01/deploymentTemplate.json#",
            "contentVersion": "1.0.0.0",
            "parameters": {
              "vnetName": {
                "type": "string",
                "defaultValue": "VNet2",
                "metadata": {
                  "description": "VNet name"
                }
              },
              "vnetAddressPrefix": {
                "type": "string",
                "defaultValue": "10.0.0.0/16",
                "metadata": {
                  "description": "Address prefix"
                }
              },
              "subnet1Prefix": {
                "type": "string",
                "defaultValue": "10.0.0.0/24",
                "metadata": {
                  "description": "Subnet 1 Prefix"
                }
              },
              "subnet1Name": {
                "type": "string",
                "defaultValue": "Subnet1",
                "metadata": {
                  "description": "Subnet 1 Name"
                }
              },
              "subnet2Prefix": {
                "type": "string",
                "defaultValue": "10.0.1.0/24",
                "metadata": {
                  "description": "Subnet 2 Prefix"
                }
              },
              "subnet2Name": {
                "type": "string",
                "defaultValue": "Subnet222",
                "metadata": {
                  "description": "Subnet 2 Name"
                }
              }
            },
            "variables": {
              "apiVersion": "2015-06-15"
            },
            "resources": [
              {
                "apiVersion": "[variables(\u0027apiVersion\u0027)]",
                "type": "Microsoft.Network/virtualNetworks",
                "name": "[parameters(\u0027vnetName\u0027)]",
                "location": "[resourceGroup().location]",
                "properties": {
                  "addressSpace": {
                    "addressPrefixes": [
                      "[parameters(\u0027vnetAddressPrefix\u0027)]"
                    ]
                  },
                  "subnets": [
                    {
                      "name": "[parameters(\u0027subnet1Name\u0027)]",
                      "properties": {
                        "addressPrefix": "[parameters(\u0027subnet1Prefix\u0027)]"
                      }
                    },
                    {
                      "name": "[parameters(\u0027subnet2Name\u0027)]",
                      "properties": {
                        "addressPrefix": "[parameters(\u0027subnet2Prefix\u0027)]"
                      }
                    }
                  ]
                }
              }
            ]
          },
          "parameters": {
            "vnetAddressPrefix": {
              "value": "10.0.0.0/16"
            },
            "subnet1Name": {
              "value": "Subnet1"
            },
            "subnet1Prefix": {
              "value": "10.0.0.0/24"
            }
          },
          "mode": "Incremental"
        }
      },
      "StatusCode": 200,
      "ResponseHeaders": {
        "Azure-AsyncOperation": "https://management.azure.com/subscriptions/ec0aa5f7-9e78-40c9-85cd-535c6305b380/resourcegroups/rg972112e/providers/Microsoft.Resources/deployments/dpC972112e/operationStatuses/08585131691867625353?api-version=2022-09-01",
        "Cache-Control": "no-cache",
        "Content-Length": "912",
        "Content-Type": "application/json; charset=utf-8",
        "Date": "Tue, 04 Jul 2023 02:28:21 GMT",
        "Expires": "-1",
        "Pragma": "no-cache",
        "Strict-Transport-Security": "max-age=31536000; includeSubDomains",
        "X-Content-Type-Options": "nosniff",
        "x-ms-correlation-request-id": "64302932-1725-49b1-b1fb-43782e865692",
        "x-ms-ratelimit-remaining-subscription-writes": "1197",
        "x-ms-request-id": "64302932-1725-49b1-b1fb-43782e865692",
        "x-ms-routing-request-id": "SOUTHEASTASIA:20230704T022821Z:64302932-1725-49b1-b1fb-43782e865692"
      },
      "ResponseBody": {
        "id": "/subscriptions/ec0aa5f7-9e78-40c9-85cd-535c6305b380/resourceGroups/rg972112e/providers/Microsoft.Resources/deployments/dpC972112e",
        "name": "dpC972112e",
        "type": "Microsoft.Resources/deployments",
        "properties": {
          "templateHash": "14590598303233127501",
          "parameters": {
            "vnetName": {
              "type": "String",
              "value": "VNet2"
            },
            "vnetAddressPrefix": {
              "type": "String",
              "value": "10.0.0.0/16"
            },
            "subnet1Prefix": {
              "type": "String",
              "value": "10.0.0.0/24"
            },
            "subnet1Name": {
              "type": "String",
              "value": "Subnet1"
            },
            "subnet2Prefix": {
              "type": "String",
              "value": "10.0.1.0/24"
            },
            "subnet2Name": {
              "type": "String",
              "value": "Subnet222"
            }
          },
          "mode": "Incremental",
          "provisioningState": "Accepted",
          "timestamp": "2023-07-04T02:28:20.4077932Z",
          "duration": "PT0.0006496S",
          "correlationId": "64302932-1725-49b1-b1fb-43782e865692",
          "providers": [
            {
              "namespace": "Microsoft.Network",
              "resourceTypes": [
                {
                  "resourceType": "virtualNetworks",
                  "locations": [
                    "southcentralus"
                  ]
                }
              ]
            }
          ],
          "dependencies": []
        }
      }
    },
    {
      "RequestUri": "https://REDACTED/subscriptions/00000000-0000-0000-0000-000000000000/resourcegroups/rg972112e/providers/Microsoft.Resources/deployments/dpC972112e/operationStatuses/08585131691867625353?api-version=2022-09-01",
      "RequestMethod": "GET",
      "RequestHeaders": {
        "Accept": "application/json",
        "Authorization": "Sanitized",
        "Date": "Tue, 04 Jul 2023 02:28:51 GMT",
        "User-Agent": "azsdk-java-com.azure.resourcemanager.resources/2.26.0-beta.1 (17.0.4.1; Windows 11; 10.0)",
        "x-ms-client-request-id": "bdda3ef1-284a-43ed-b142-20b2083bc79a",
        "x-ms-return-client-request-id": "true"
      },
      "RequestBody": null,
      "StatusCode": 200,
      "ResponseHeaders": {
        "Cache-Control": "no-cache",
        "Content-Length": "22",
        "Content-Type": "application/json; charset=utf-8",
        "Date": "Tue, 04 Jul 2023 02:28:51 GMT",
        "Expires": "-1",
        "Pragma": "no-cache",
        "Strict-Transport-Security": "max-age=31536000; includeSubDomains",
        "X-Content-Type-Options": "nosniff",
        "x-ms-correlation-request-id": "85cbadfa-dede-4ca1-9944-735fb5a2fc6e",
        "x-ms-ratelimit-remaining-subscription-reads": "11995",
        "x-ms-request-id": "85cbadfa-dede-4ca1-9944-735fb5a2fc6e",
        "x-ms-routing-request-id": "SOUTHEASTASIA:20230704T022851Z:85cbadfa-dede-4ca1-9944-735fb5a2fc6e"
      },
      "ResponseBody": {
        "status": "Succeeded"
      }
    },
    {
      "RequestUri": "https://REDACTED/subscriptions/00000000-0000-0000-0000-000000000000/resourcegroups/rg972112e/providers/Microsoft.Resources/deployments/dpC972112e?api-version=2022-09-01",
      "RequestMethod": "GET",
      "RequestHeaders": {
        "Accept": "application/json",
        "Authorization": "Sanitized",
        "Date": "Tue, 04 Jul 2023 02:28:51 GMT",
        "User-Agent": "azsdk-java-com.azure.resourcemanager.resources/2.26.0-beta.1 (17.0.4.1; Windows 11; 10.0)",
        "x-ms-client-request-id": "073a8db5-d6f6-4e38-944b-9fcce40eddcb",
        "x-ms-return-client-request-id": "true"
      },
      "RequestBody": null,
      "StatusCode": 200,
      "ResponseHeaders": {
        "Cache-Control": "no-cache",
        "Content-Length": "1070",
        "Content-Type": "application/json; charset=utf-8",
        "Date": "Tue, 04 Jul 2023 02:28:51 GMT",
        "Expires": "-1",
        "Pragma": "no-cache",
        "Strict-Transport-Security": "max-age=31536000; includeSubDomains",
        "X-Content-Type-Options": "nosniff",
        "x-ms-correlation-request-id": "fa088b01-f808-4610-9882-f38911d0e818",
        "x-ms-ratelimit-remaining-subscription-reads": "11994",
        "x-ms-request-id": "fa088b01-f808-4610-9882-f38911d0e818",
        "x-ms-routing-request-id": "SOUTHEASTASIA:20230704T022852Z:fa088b01-f808-4610-9882-f38911d0e818"
      },
      "ResponseBody": {
        "id": "/subscriptions/ec0aa5f7-9e78-40c9-85cd-535c6305b380/resourceGroups/rg972112e/providers/Microsoft.Resources/deployments/dpC972112e",
        "name": "dpC972112e",
        "type": "Microsoft.Resources/deployments",
        "properties": {
          "templateHash": "14590598303233127501",
          "parameters": {
            "vnetName": {
              "type": "String",
              "value": "VNet2"
            },
            "vnetAddressPrefix": {
              "type": "String",
              "value": "10.0.0.0/16"
            },
            "subnet1Prefix": {
              "type": "String",
              "value": "10.0.0.0/24"
            },
            "subnet1Name": {
              "type": "String",
              "value": "Subnet1"
            },
            "subnet2Prefix": {
              "type": "String",
              "value": "10.0.1.0/24"
            },
            "subnet2Name": {
              "type": "String",
              "value": "Subnet222"
            }
          },
          "mode": "Incremental",
          "provisioningState": "Succeeded",
          "timestamp": "2023-07-04T02:28:31.9618362Z",
          "duration": "PT11.5546926S",
          "correlationId": "64302932-1725-49b1-b1fb-43782e865692",
          "providers": [
            {
              "namespace": "Microsoft.Network",
              "resourceTypes": [
                {
                  "resourceType": "virtualNetworks",
                  "locations": [
                    "southcentralus"
                  ]
                }
              ]
            }
          ],
          "dependencies": [],
          "outputResources": [
            {
              "id": "/subscriptions/ec0aa5f7-9e78-40c9-85cd-535c6305b380/resourceGroups/rg972112e/providers/Microsoft.Network/virtualNetworks/VNet2"
            }
          ]
        }
      }
    },
    {
      "RequestUri": "https://REDACTED/subscriptions/00000000-0000-0000-0000-000000000000/resourcegroups/rg972112e/providers/Microsoft.Resources/deployments/dpC972112e?api-version=2022-09-01",
      "RequestMethod": "GET",
      "RequestHeaders": {
        "Accept": "application/json",
        "Authorization": "Sanitized",
        "Content-Length": "0",
        "Content-Type": "application/json",
        "Date": "Tue, 04 Jul 2023 02:28:52 GMT",
        "User-Agent": "azsdk-java-com.azure.resourcemanager.resources/2.26.0-beta.1 (17.0.4.1; Windows 11; 10.0)",
        "x-ms-client-request-id": "6ed792d9-ff44-41b6-813d-b7e8171d2be9",
        "x-ms-return-client-request-id": "true"
      },
      "RequestBody": null,
      "StatusCode": 200,
      "ResponseHeaders": {
        "Cache-Control": "no-cache",
        "Content-Length": "1070",
        "Content-Type": "application/json; charset=utf-8",
        "Date": "Tue, 04 Jul 2023 02:28:52 GMT",
        "Expires": "-1",
        "Pragma": "no-cache",
        "Strict-Transport-Security": "max-age=31536000; includeSubDomains",
        "X-Content-Type-Options": "nosniff",
        "x-ms-correlation-request-id": "e7165b0b-7876-46ad-8b3b-ec07f27822c0",
        "x-ms-ratelimit-remaining-subscription-reads": "11993",
        "x-ms-request-id": "e7165b0b-7876-46ad-8b3b-ec07f27822c0",
        "x-ms-routing-request-id": "SOUTHEASTASIA:20230704T022852Z:e7165b0b-7876-46ad-8b3b-ec07f27822c0"
      },
      "ResponseBody": {
        "id": "/subscriptions/ec0aa5f7-9e78-40c9-85cd-535c6305b380/resourceGroups/rg972112e/providers/Microsoft.Resources/deployments/dpC972112e",
        "name": "dpC972112e",
        "type": "Microsoft.Resources/deployments",
        "properties": {
          "templateHash": "14590598303233127501",
          "parameters": {
            "vnetName": {
              "type": "String",
              "value": "VNet2"
            },
            "vnetAddressPrefix": {
              "type": "String",
              "value": "10.0.0.0/16"
            },
            "subnet1Prefix": {
              "type": "String",
              "value": "10.0.0.0/24"
            },
            "subnet1Name": {
              "type": "String",
              "value": "Subnet1"
            },
            "subnet2Prefix": {
              "type": "String",
              "value": "10.0.1.0/24"
            },
            "subnet2Name": {
              "type": "String",
              "value": "Subnet222"
            }
          },
          "mode": "Incremental",
          "provisioningState": "Succeeded",
          "timestamp": "2023-07-04T02:28:31.9618362Z",
          "duration": "PT11.5546926S",
          "correlationId": "64302932-1725-49b1-b1fb-43782e865692",
          "providers": [
            {
              "namespace": "Microsoft.Network",
              "resourceTypes": [
                {
                  "resourceType": "virtualNetworks",
                  "locations": [
                    "southcentralus"
                  ]
                }
              ]
            }
          ],
          "dependencies": [],
          "outputResources": [
            {
              "id": "/subscriptions/ec0aa5f7-9e78-40c9-85cd-535c6305b380/resourceGroups/rg972112e/providers/Microsoft.Network/virtualNetworks/VNet2"
            }
          ]
        }
      }
    },
    {
      "RequestUri": "https://REDACTED/subscriptions/00000000-0000-0000-0000-000000000000/resourcegroups/rg972112e/providers/Microsoft.Network//virtualnetworks/VNet2?api-version=2020-11-01",
      "RequestMethod": "GET",
      "RequestHeaders": {
        "Accept": "application/json",
        "Authorization": "Sanitized",
        "Content-Length": "0",
        "Content-Type": "application/json",
        "Date": "Tue, 04 Jul 2023 02:28:52 GMT",
        "User-Agent": "azsdk-java-com.azure.resourcemanager.resources/2.26.0-beta.1 (17.0.4.1; Windows 11; 10.0)",
        "x-ms-client-request-id": "dadcea6b-079d-41a4-93a8-e4943a7582fd",
        "x-ms-return-client-request-id": "true"
      },
      "RequestBody": null,
      "StatusCode": 200,
      "ResponseHeaders": {
        "Cache-Control": "no-cache",
        "Content-Length": "1819",
        "Content-Type": "application/json; charset=utf-8",
        "Date": "Tue, 04 Jul 2023 02:28:52 GMT",
        "ETag": "W/\u0022eedef87d-625f-4ab2-8ceb-3888ad94ae20\u0022",
        "Expires": "-1",
        "Pragma": "no-cache",
        "Server": [
          "Microsoft-HTTPAPI/2.0",
          "Microsoft-HTTPAPI/2.0"
        ],
        "Strict-Transport-Security": "max-age=31536000; includeSubDomains",
        "X-Content-Type-Options": "nosniff",
        "x-ms-arm-service-request-id": "c54bc0bc-fee1-4110-a561-5f46dc706124",
        "x-ms-client-request-id": "dadcea6b-079d-41a4-93a8-e4943a7582fd",
        "x-ms-correlation-request-id": "8974c481-f540-4f4d-959a-1a16c72fc397",
        "x-ms-ratelimit-remaining-subscription-reads": "11992",
        "x-ms-request-id": "9f0fde1e-8814-4387-a54c-36be496f3550",
        "x-ms-routing-request-id": "SOUTHEASTASIA:20230704T022853Z:8974c481-f540-4f4d-959a-1a16c72fc397"
      },
      "ResponseBody": {
        "name": "VNet2",
        "id": "/subscriptions/ec0aa5f7-9e78-40c9-85cd-535c6305b380/resourceGroups/rg972112e/providers/Microsoft.Network/virtualNetworks/VNet2",
        "etag": "W/\u0022eedef87d-625f-4ab2-8ceb-3888ad94ae20\u0022",
        "type": "Microsoft.Network/virtualNetworks",
        "location": "southcentralus",
        "properties": {
          "provisioningState": "Succeeded",
          "resourceGuid": "d2daa337-df9f-4322-9e68-12cfee531ad4",
          "addressSpace": {
            "addressPrefixes": [
              "10.0.0.0/16"
            ]
          },
          "subnets": [
            {
              "name": "Subnet1",
              "id": "/subscriptions/ec0aa5f7-9e78-40c9-85cd-535c6305b380/resourceGroups/rg972112e/providers/Microsoft.Network/virtualNetworks/VNet2/subnets/Subnet1",
              "etag": "W/\u0022eedef87d-625f-4ab2-8ceb-3888ad94ae20\u0022",
              "properties": {
                "provisioningState": "Succeeded",
                "addressPrefix": "10.0.0.0/24",
                "delegations": [],
                "privateEndpointNetworkPolicies": "Disabled",
                "privateLinkServiceNetworkPolicies": "Enabled"
              },
              "type": "Microsoft.Network/virtualNetworks/subnets"
            },
            {
              "name": "Subnet222",
              "id": "/subscriptions/ec0aa5f7-9e78-40c9-85cd-535c6305b380/resourceGroups/rg972112e/providers/Microsoft.Network/virtualNetworks/VNet2/subnets/Subnet222",
              "etag": "W/\u0022eedef87d-625f-4ab2-8ceb-3888ad94ae20\u0022",
              "properties": {
                "provisioningState": "Succeeded",
                "addressPrefix": "10.0.1.0/24",
                "delegations": [],
                "privateEndpointNetworkPolicies": "Disabled",
                "privateLinkServiceNetworkPolicies": "Enabled"
              },
              "type": "Microsoft.Network/virtualNetworks/subnets"
            }
          ],
          "virtualNetworkPeerings": [],
          "enableDdosProtection": false
        }
      }
    },
    {
      "RequestUri": "https://REDACTED/subscriptions/00000000-0000-0000-0000-000000000000/resourcegroups/rg972112e/providers/Microsoft.Network//virtualnetworks/VNet2?api-version=2020-11-01",
      "RequestMethod": "DELETE",
      "RequestHeaders": {
        "Accept": "application/json",
        "Authorization": "Sanitized",
        "Content-Length": "0",
        "Content-Type": "application/json",
        "Date": "Tue, 04 Jul 2023 02:28:53 GMT",
        "User-Agent": "azsdk-java-com.azure.resourcemanager.resources/2.26.0-beta.1 (17.0.4.1; Windows 11; 10.0)",
        "x-ms-client-request-id": "87730808-71b2-456c-9cb8-3d72d6621841",
        "x-ms-return-client-request-id": "true"
      },
      "RequestBody": null,
      "StatusCode": 202,
      "ResponseHeaders": {
        "Azure-AsyncNotification": "Enabled",
        "Azure-AsyncOperation": "https://management.azure.com/subscriptions/ec0aa5f7-9e78-40c9-85cd-535c6305b380/providers/Microsoft.Network/locations/southcentralus/operations/0da8fddf-cbe5-4844-b340-ef34156fc8ce?api-version=2020-11-01",
        "Cache-Control": "no-cache",
        "Content-Length": "0",
        "Date": "Tue, 04 Jul 2023 02:28:53 GMT",
        "Expires": "-1",
        "Location": "https://management.azure.com/subscriptions/ec0aa5f7-9e78-40c9-85cd-535c6305b380/providers/Microsoft.Network/locations/southcentralus/operationResults/0da8fddf-cbe5-4844-b340-ef34156fc8ce?api-version=2020-11-01",
        "Pragma": "no-cache",
        "Retry-After": "10",
        "Server": [
          "Microsoft-HTTPAPI/2.0",
          "Microsoft-HTTPAPI/2.0"
        ],
        "Strict-Transport-Security": "max-age=31536000; includeSubDomains",
        "X-Content-Type-Options": "nosniff",
        "x-ms-arm-service-request-id": "95532b7d-dcbf-48b6-82d3-ac68f2899c6d",
        "x-ms-client-request-id": "87730808-71b2-456c-9cb8-3d72d6621841",
        "x-ms-correlation-request-id": "8df508fd-4662-4673-b348-d466903efe71",
        "x-ms-ratelimit-remaining-subscription-deletes": "14998",
        "x-ms-request-id": "0da8fddf-cbe5-4844-b340-ef34156fc8ce",
        "x-ms-routing-request-id": "SOUTHEASTASIA:20230704T022854Z:8df508fd-4662-4673-b348-d466903efe71"
      },
      "ResponseBody": null
    },
    {
      "RequestUri": "https://REDACTED/subscriptions/00000000-0000-0000-0000-000000000000/providers/Microsoft.Network/locations/southcentralus/operations/0da8fddf-cbe5-4844-b340-ef34156fc8ce?api-version=2020-11-01",
      "RequestMethod": "GET",
      "RequestHeaders": {
        "Accept": "application/json",
        "Authorization": "Sanitized",
        "Date": "Tue, 04 Jul 2023 02:29:03 GMT",
        "User-Agent": "azsdk-java-com.azure.resourcemanager.resources/2.26.0-beta.1 (17.0.4.1; Windows 11; 10.0)",
        "x-ms-client-request-id": "1ea8db4e-3491-48eb-aad0-085e57f1ba8d",
        "x-ms-return-client-request-id": "true"
      },
      "RequestBody": null,
      "StatusCode": 200,
      "ResponseHeaders": {
        "Cache-Control": "no-cache",
        "Content-Length": "29",
        "Content-Type": "application/json; charset=utf-8",
        "Date": "Tue, 04 Jul 2023 02:29:03 GMT",
        "Expires": "-1",
        "Pragma": "no-cache",
        "Server": [
          "Microsoft-HTTPAPI/2.0",
          "Microsoft-HTTPAPI/2.0"
        ],
        "Strict-Transport-Security": "max-age=31536000; includeSubDomains",
        "X-Content-Type-Options": "nosniff",
        "x-ms-arm-service-request-id": "feba0907-8174-421e-8793-0b04c08560ad",
        "x-ms-client-request-id": "1ea8db4e-3491-48eb-aad0-085e57f1ba8d",
        "x-ms-correlation-request-id": "9f47ad91-cc0e-444e-9c14-055ae4d8ac53",
        "x-ms-ratelimit-remaining-subscription-reads": "11990",
        "x-ms-request-id": "2d6aa03f-8183-427f-b251-13bc57e8ac41",
        "x-ms-routing-request-id": "SOUTHEASTASIA:20230704T022904Z:9f47ad91-cc0e-444e-9c14-055ae4d8ac53"
      },
      "ResponseBody": {
        "status": "Succeeded"
      }
    },
    {
      "RequestUri": "https://REDACTED/subscriptions/00000000-0000-0000-0000-000000000000/providers/Microsoft.Network/locations/southcentralus/operationResults/0da8fddf-cbe5-4844-b340-ef34156fc8ce?api-version=2020-11-01",
      "RequestMethod": "GET",
      "RequestHeaders": {
        "Accept": "application/json",
        "Authorization": "Sanitized",
        "Date": "Tue, 04 Jul 2023 02:29:04 GMT",
        "User-Agent": "azsdk-java-com.azure.resourcemanager.resources/2.26.0-beta.1 (17.0.4.1; Windows 11; 10.0)",
        "x-ms-client-request-id": "fc724add-60c2-471e-b15e-71193a6db1fa",
        "x-ms-return-client-request-id": "true"
      },
      "RequestBody": null,
      "StatusCode": 204,
      "ResponseHeaders": {
        "Azure-AsyncNotification": "Enabled",
        "Azure-AsyncOperation": "https://management.azure.com/subscriptions/ec0aa5f7-9e78-40c9-85cd-535c6305b380/providers/Microsoft.Network/locations/southcentralus/operations/0da8fddf-cbe5-4844-b340-ef34156fc8ce?api-version=2020-11-01",
        "Cache-Control": "no-cache",
        "Content-Type": "application/json; charset=utf-8",
        "Date": "Tue, 04 Jul 2023 02:29:03 GMT",
        "Expires": "-1",
        "Location": "https://management.azure.com/subscriptions/ec0aa5f7-9e78-40c9-85cd-535c6305b380/providers/Microsoft.Network/locations/southcentralus/operationResults/0da8fddf-cbe5-4844-b340-ef34156fc8ce?api-version=2020-11-01",
        "Pragma": "no-cache",
        "Server": [
          "Microsoft-HTTPAPI/2.0",
          "Microsoft-HTTPAPI/2.0"
        ],
        "Strict-Transport-Security": "max-age=31536000; includeSubDomains",
        "X-Content-Type-Options": "nosniff",
        "x-ms-arm-service-request-id": "95532b7d-dcbf-48b6-82d3-ac68f2899c6d",
        "x-ms-client-request-id": "87730808-71b2-456c-9cb8-3d72d6621841",
        "x-ms-correlation-request-id": "8df508fd-4662-4673-b348-d466903efe71",
        "x-ms-ratelimit-remaining-subscription-reads": "11989",
        "x-ms-request-id": "0da8fddf-cbe5-4844-b340-ef34156fc8ce",
        "x-ms-routing-request-id": "SOUTHEASTASIA:20230704T022904Z:880f6d8c-0474-4d73-9091-5ec84cfc0cfb"
      },
      "ResponseBody": null
    },
    {
      "RequestUri": "https://REDACTED/subscriptions/00000000-0000-0000-0000-000000000000/resourcegroups/rg972112e?api-version=2022-09-01",
      "RequestMethod": "DELETE",
      "RequestHeaders": {
        "Accept": "application/json",
        "Authorization": "Sanitized",
        "Content-Length": "0",
        "Content-Type": "application/json",
        "Date": "Tue, 04 Jul 2023 02:29:04 GMT",
        "User-Agent": "azsdk-java-com.azure.resourcemanager.resources/2.26.0-beta.1 (17.0.4.1; Windows 11; 10.0)",
        "x-ms-client-request-id": "6456883c-09ad-4eb7-8c2c-6d26cf007377",
        "x-ms-return-client-request-id": "true"
      },
      "RequestBody": null,
      "StatusCode": 202,
      "ResponseHeaders": {
        "Cache-Control": "no-cache",
        "Content-Length": "0",
        "Date": "Tue, 04 Jul 2023 02:29:05 GMT",
        "Expires": "-1",
        "Location": "https://management.azure.com/subscriptions/ec0aa5f7-9e78-40c9-85cd-535c6305b380/operationresults/eyJqb2JJZCI6IlJFU09VUkNFR1JPVVBERUxFVElPTkpPQi1SRzk3MjExMkUtU09VVEhDRU5UUkFMVVMiLCJqb2JMb2NhdGlvbiI6InNvdXRoY2VudHJhbHVzIn0?api-version=2022-09-01",
        "Pragma": "no-cache",
        "Retry-After": "15",
        "Strict-Transport-Security": "max-age=31536000; includeSubDomains",
        "X-Content-Type-Options": "nosniff",
        "x-ms-correlation-request-id": "7db53d73-58ad-4638-a5be-4d95359f9449",
        "x-ms-ratelimit-remaining-subscription-deletes": "14997",
        "x-ms-request-id": "7db53d73-58ad-4638-a5be-4d95359f9449",
        "x-ms-routing-request-id": "SOUTHEASTASIA:20230704T022906Z:7db53d73-58ad-4638-a5be-4d95359f9449"
      },
      "ResponseBody": null
    }
  ],
  "Variables": {
    "0": "972112e"
  }
}
