{
  "Entries": [
    {
      "RequestUri": "https://REDACTED/subscriptions/00000000-0000-0000-0000-000000000000/resourcegroups/rg8216874?api-version=2022-09-01",
      "RequestMethod": "PUT",
      "RequestHeaders": {
        "Accept": "application/json",
        "Authorization": "Sanitized",
        "Content-Length": "21",
        "Content-Type": "application/json",
        "Date": "Wed, 28 Jun 2023 10:06:32 GMT",
        "User-Agent": "azsdk-java-com.azure.resourcemanager.resources/2.26.0-beta.1 (17.0.4.1; Windows 11; 10.0)",
        "x-ms-client-request-id": "fcdf4172-28c3-432c-aad1-8d0332daf949",
        "x-ms-return-client-request-id": "true"
      },
      "RequestBody": {
        "location": "eastus"
      },
      "StatusCode": 201,
      "ResponseHeaders": {
        "Cache-Control": "no-cache",
        "Content-Length": "215",
        "Content-Type": "application/json; charset=utf-8",
        "Date": "Wed, 28 Jun 2023 10:06:34 GMT",
        "Expires": "-1",
        "Pragma": "no-cache",
        "Strict-Transport-Security": "max-age=31536000; includeSubDomains",
        "X-Content-Type-Options": "nosniff",
        "x-ms-correlation-request-id": "223a4b4f-c12b-481d-b448-0469c9fe2e14",
        "x-ms-ratelimit-remaining-subscription-writes": "1199",
        "x-ms-request-id": "223a4b4f-c12b-481d-b448-0469c9fe2e14",
        "x-ms-routing-request-id": "SOUTHEASTASIA:20230628T100635Z:223a4b4f-c12b-481d-b448-0469c9fe2e14"
      },
      "ResponseBody": {
        "id": "/subscriptions/ec0aa5f7-9e78-40c9-85cd-535c6305b380/resourceGroups/rg8216874",
        "name": "rg8216874",
        "type": "Microsoft.Resources/resourceGroups",
        "location": "eastus",
        "properties": {
          "provisioningState": "Succeeded"
        }
      }
    },
    {
      "RequestUri": "https://REDACTED/subscriptions/00000000-0000-0000-0000-000000000000/resourcegroups/rgB8216874?api-version=2022-09-01",
      "RequestMethod": "PUT",
      "RequestHeaders": {
        "Accept": "application/json",
        "Authorization": "Sanitized",
        "Content-Length": "29",
        "Content-Type": "application/json",
        "Date": "Wed, 28 Jun 2023 10:06:35 GMT",
        "User-Agent": "azsdk-java-com.azure.resourcemanager.resources/2.26.0-beta.1 (17.0.4.1; Windows 11; 10.0)",
        "x-ms-client-request-id": "d2c86c0e-e355-45c6-86c0-04458b67cdd6",
        "x-ms-return-client-request-id": "true"
      },
      "RequestBody": {
        "location": "southcentralus"
      },
      "StatusCode": 201,
      "ResponseHeaders": {
        "Cache-Control": "no-cache",
        "Content-Length": "225",
        "Content-Type": "application/json; charset=utf-8",
        "Date": "Wed, 28 Jun 2023 10:06:37 GMT",
        "Expires": "-1",
        "Pragma": "no-cache",
        "Strict-Transport-Security": "max-age=31536000; includeSubDomains",
        "X-Content-Type-Options": "nosniff",
        "x-ms-correlation-request-id": "3536ed0d-2321-4f99-a903-69e7990d4a47",
        "x-ms-ratelimit-remaining-subscription-writes": "1198",
        "x-ms-request-id": "3536ed0d-2321-4f99-a903-69e7990d4a47",
        "x-ms-routing-request-id": "SOUTHEASTASIA:20230628T100638Z:3536ed0d-2321-4f99-a903-69e7990d4a47"
      },
      "ResponseBody": {
        "id": "/subscriptions/ec0aa5f7-9e78-40c9-85cd-535c6305b380/resourceGroups/rgB8216874",
        "name": "rgB8216874",
        "type": "Microsoft.Resources/resourceGroups",
        "location": "southcentralus",
        "properties": {
          "provisioningState": "Succeeded"
        }
      }
    },
    {
      "RequestUri": "https://REDACTED/subscriptions/00000000-0000-0000-0000-000000000000/resourcegroups/rg8216874/providers/Microsoft.Storage//storageAccounts/rs8216874?api-version=2021-01-01",
      "RequestMethod": "PUT",
      "RequestHeaders": {
        "Accept": "application/json",
        "Authorization": "Sanitized",
        "Content-Length": "191",
        "Content-Type": "application/json",
        "Date": "Wed, 28 Jun 2023 10:06:39 GMT",
        "User-Agent": "azsdk-java-com.azure.resourcemanager.resources/2.26.0-beta.1 (17.0.4.1; Windows 11; 10.0)",
        "x-ms-client-request-id": "93806df7-cb63-4016-a164-a03eb82abac8",
        "x-ms-return-client-request-id": "true"
      },
      "RequestBody": {
        "location": "westus",
        "tags": {},
        "properties": {
          "minimumTlsVersion": "TLS1_2",
          "supportsHttpsTrafficOnly": true
        },
        "kind": "Storage",
        "sku": {
          "name": "Standard_LRS"
        },
        "identity": {
          "type": "SystemAssigned"
        }
      },
      "StatusCode": 202,
      "ResponseHeaders": {
        "Cache-Control": "no-cache",
        "Content-Length": "0",
        "Content-Type": "text/plain; charset=utf-8",
        "Date": "Wed, 28 Jun 2023 10:06:47 GMT",
        "Expires": "-1",
        "Location": "https://management.azure.com/subscriptions/ec0aa5f7-9e78-40c9-85cd-535c6305b380/providers/Microsoft.Storage/locations/westus/asyncoperations/f77dbdca-dda1-4a66-b559-5505c3021e1d?monitor=true\u0026api-version=2021-01-01",
        "Pragma": "no-cache",
        "Retry-After": "17",
        "Server": "Microsoft-Azure-Storage-Resource-Provider/1.0,Microsoft-HTTPAPI/2.0 Microsoft-HTTPAPI/2.0",
        "Strict-Transport-Security": "max-age=31536000; includeSubDomains",
        "X-Content-Type-Options": "nosniff",
        "x-ms-client-request-id": "93806df7-cb63-4016-a164-a03eb82abac8",
        "x-ms-correlation-request-id": "1f73a0db-ddfc-4054-98c2-5a5afee60220",
        "x-ms-ratelimit-remaining-subscription-writes": "1197",
        "x-ms-request-id": "f77dbdca-dda1-4a66-b559-5505c3021e1d",
        "x-ms-routing-request-id": "SOUTHEASTASIA:20230628T100647Z:1f73a0db-ddfc-4054-98c2-5a5afee60220"
      },
      "ResponseBody": null
    },
    {
      "RequestUri": "https://REDACTED/subscriptions/00000000-0000-0000-0000-000000000000/providers/Microsoft.Storage/locations/westus/asyncoperations/f77dbdca-dda1-4a66-b559-5505c3021e1d?monitor=true\u0026api-version=2021-01-01",
      "RequestMethod": "GET",
      "RequestHeaders": {
        "Accept": "application/json",
        "Authorization": "Sanitized",
        "Date": "Wed, 28 Jun 2023 10:07:04 GMT",
        "User-Agent": "azsdk-java-com.azure.resourcemanager.resources/2.26.0-beta.1 (17.0.4.1; Windows 11; 10.0)",
        "x-ms-client-request-id": "7400d127-865d-4604-ab54-faf5feb6e5cd",
        "x-ms-return-client-request-id": "true"
      },
      "RequestBody": null,
      "StatusCode": 200,
      "ResponseHeaders": {
        "Cache-Control": "no-cache",
        "Content-Length": "1253",
        "Content-Type": "application/json",
        "Date": "Wed, 28 Jun 2023 10:07:05 GMT",
        "Expires": "-1",
        "Pragma": "no-cache",
        "Server": "Microsoft-Azure-Storage-Resource-Provider/1.0,Microsoft-HTTPAPI/2.0 Microsoft-HTTPAPI/2.0",
        "Strict-Transport-Security": "max-age=31536000; includeSubDomains",
        "X-Content-Type-Options": "nosniff",
        "x-ms-client-request-id": "7400d127-865d-4604-ab54-faf5feb6e5cd",
        "x-ms-correlation-request-id": "87a491b5-cf00-4893-bc29-6c1edd6e87c8",
        "x-ms-ratelimit-remaining-subscription-reads": "11992",
        "x-ms-request-id": "2ab60a69-d83f-4eb0-bd58-02dd4b136c6a",
        "x-ms-routing-request-id": "SOUTHEASTASIA:20230628T100705Z:87a491b5-cf00-4893-bc29-6c1edd6e87c8"
      },
      "ResponseBody": {
        "identity": {
          "principalId": "5dc171d9-3196-4364-b205-c26a9327a315",
          "tenantId": "72f988bf-86f1-41af-91ab-2d7cd011db47",
          "type": "SystemAssigned"
        },
        "sku": {
          "name": "Standard_LRS",
          "tier": "Standard"
        },
        "kind": "Storage",
        "id": "/subscriptions/ec0aa5f7-9e78-40c9-85cd-535c6305b380/resourceGroups/rg8216874/providers/Microsoft.Storage/storageAccounts/rs8216874",
        "name": "rs8216874",
        "type": "Microsoft.Storage/storageAccounts",
        "location": "westus",
        "tags": {},
        "properties": {
          "privateEndpointConnections": [],
          "minimumTlsVersion": "TLS1_2",
          "networkAcls": {
            "bypass": "AzureServices",
            "virtualNetworkRules": [],
            "ipRules": [],
            "defaultAction": "Allow"
          },
          "supportsHttpsTrafficOnly": true,
          "encryption": {
            "services": {
              "file": {
                "keyType": "Account",
                "enabled": true,
                "lastEnabledTime": "2023-06-28T10:06:44.3195184Z"
              },
              "blob": {
                "keyType": "Account",
                "enabled": true,
                "lastEnabledTime": "2023-06-28T10:06:44.3195184Z"
              }
            },
            "keySource": "Microsoft.Storage"
          },
          "provisioningState": "Succeeded",
          "creationTime": "2023-06-28T10:06:44.2101784Z",
          "primaryEndpoints": {
            "blob": "https://rs8216874.blob.core.windows.net/",
            "queue": "https://rs8216874.queue.core.windows.net/",
            "table": "https://rs8216874.table.core.windows.net/",
            "file": "https://rs8216874.file.core.windows.net/"
          },
          "primaryLocation": "westus",
          "statusOfPrimary": "available"
        }
      }
    },
    {
      "RequestUri": "https://REDACTED/subscriptions/00000000-0000-0000-0000-000000000000/resourcegroups/rg8216874/providers/Microsoft.Storage//storageAccounts/rs8216874?api-version=2021-01-01",
      "RequestMethod": "PATCH",
      "RequestHeaders": {
        "Accept": "application/json",
        "Authorization": "Sanitized",
        "Content-Length": "57",
        "Content-Type": "application/json",
        "Date": "Wed, 28 Jun 2023 10:07:05 GMT",
        "User-Agent": "azsdk-java-com.azure.resourcemanager.resources/2.26.0-beta.1 (17.0.4.1; Windows 11; 10.0)",
        "x-ms-client-request-id": "0362a14a-e2fd-46d1-8655-e4f4680a499f",
        "x-ms-return-client-request-id": "true"
      },
      "RequestBody": {
        "tags": {},
        "kind": "StorageV2",
        "identity": {
          "type": "None"
        }
      },
      "StatusCode": 200,
      "ResponseHeaders": {
        "Cache-Control": "no-cache",
        "Content-Length": "1261",
        "Content-Type": "application/json",
        "Date": "Wed, 28 Jun 2023 10:07:11 GMT",
        "Expires": "-1",
        "Pragma": "no-cache",
        "Server": "Microsoft-Azure-Storage-Resource-Provider/1.0,Microsoft-HTTPAPI/2.0 Microsoft-HTTPAPI/2.0",
        "Strict-Transport-Security": "max-age=31536000; includeSubDomains",
        "X-Content-Type-Options": "nosniff",
        "x-ms-client-request-id": "0362a14a-e2fd-46d1-8655-e4f4680a499f",
        "x-ms-correlation-request-id": "6c8efbf1-aac3-4990-940e-af2c4c969ee6",
        "x-ms-ratelimit-remaining-subscription-writes": "1196",
        "x-ms-request-id": "44f5059d-09ec-4eed-a347-8f45f09ca07c",
        "x-ms-routing-request-id": "SOUTHEASTASIA:20230628T100712Z:6c8efbf1-aac3-4990-940e-af2c4c969ee6"
      },
      "ResponseBody": {
        "identity": {
          "type": "None"
        },
        "sku": {
          "name": "Standard_LRS",
          "tier": "Standard"
        },
        "kind": "StorageV2",
        "id": "/subscriptions/ec0aa5f7-9e78-40c9-85cd-535c6305b380/resourceGroups/rg8216874/providers/Microsoft.Storage/storageAccounts/rs8216874",
        "name": "rs8216874",
        "type": "Microsoft.Storage/storageAccounts",
        "location": "westus",
        "tags": {},
        "properties": {
          "privateEndpointConnections": [],
          "minimumTlsVersion": "TLS1_2",
          "networkAcls": {
            "bypass": "AzureServices",
            "virtualNetworkRules": [],
            "ipRules": [],
            "defaultAction": "Allow"
          },
          "supportsHttpsTrafficOnly": true,
          "encryption": {
            "services": {
              "file": {
                "keyType": "Account",
                "enabled": true,
                "lastEnabledTime": "2023-06-28T10:06:44.3195184Z"
              },
              "blob": {
                "keyType": "Account",
                "enabled": true,
                "lastEnabledTime": "2023-06-28T10:06:44.3195184Z"
              }
            },
            "keySource": "Microsoft.Storage"
          },
          "accessTier": "Hot",
          "provisioningState": "Succeeded",
          "creationTime": "2023-06-28T10:06:44.2101784Z",
          "primaryEndpoints": {
            "dfs": "https://rs8216874.dfs.core.windows.net/",
            "web": "https://rs8216874.z22.web.core.windows.net/",
            "blob": "https://rs8216874.blob.core.windows.net/",
            "queue": "https://rs8216874.queue.core.windows.net/",
            "table": "https://rs8216874.table.core.windows.net/",
            "file": "https://rs8216874.file.core.windows.net/"
          },
          "primaryLocation": "westus",
          "statusOfPrimary": "available"
        }
      }
    },
    {
      "RequestUri": "https://REDACTED/subscriptions/00000000-0000-0000-0000-000000000000/resourcegroups/rg8216874/providers/Microsoft.Storage//storageAccounts/rs8216874?api-version=2021-01-01",
      "RequestMethod": "PATCH",
      "RequestHeaders": {
        "Accept": "application/json",
        "Authorization": "Sanitized",
        "Content-Length": "43",
        "Content-Type": "application/json",
        "Date": "Wed, 28 Jun 2023 10:07:12 GMT",
        "User-Agent": "azsdk-java-com.azure.resourcemanager.resources/2.26.0-beta.1 (17.0.4.1; Windows 11; 10.0)",
        "x-ms-client-request-id": "69f3ae2f-6a89-4817-9501-71d3767e1c60",
        "x-ms-return-client-request-id": "true"
      },
      "RequestBody": {
        "tags": {},
        "sku": {
          "name": "Standard_RAGRS"
        }
      },
      "StatusCode": 200,
      "ResponseHeaders": {
        "Cache-Control": "no-cache",
        "Content-Length": "1651",
        "Content-Type": "application/json",
        "Date": "Wed, 28 Jun 2023 10:07:15 GMT",
        "Expires": "-1",
        "Pragma": "no-cache",
        "Server": "Microsoft-Azure-Storage-Resource-Provider/1.0,Microsoft-HTTPAPI/2.0 Microsoft-HTTPAPI/2.0",
        "Strict-Transport-Security": "max-age=31536000; includeSubDomains",
        "X-Content-Type-Options": "nosniff",
        "x-ms-client-request-id": "69f3ae2f-6a89-4817-9501-71d3767e1c60",
        "x-ms-correlation-request-id": "54411337-3807-461a-9bde-ecba6ed3a9cd",
        "x-ms-ratelimit-remaining-subscription-writes": "1195",
        "x-ms-request-id": "4f91ecf5-b189-4b52-aec2-2b5d96c67e9c",
        "x-ms-routing-request-id": "SOUTHEASTASIA:20230628T100715Z:54411337-3807-461a-9bde-ecba6ed3a9cd"
      },
      "ResponseBody": {
        "identity": {
          "type": "None"
        },
        "sku": {
          "name": "Standard_RAGRS",
          "tier": "Standard"
        },
        "kind": "StorageV2",
        "id": "/subscriptions/ec0aa5f7-9e78-40c9-85cd-535c6305b380/resourceGroups/rg8216874/providers/Microsoft.Storage/storageAccounts/rs8216874",
        "name": "rs8216874",
        "type": "Microsoft.Storage/storageAccounts",
        "location": "westus",
        "tags": {},
        "properties": {
          "privateEndpointConnections": [],
          "minimumTlsVersion": "TLS1_2",
          "networkAcls": {
            "bypass": "AzureServices",
            "virtualNetworkRules": [],
            "ipRules": [],
            "defaultAction": "Allow"
          },
          "supportsHttpsTrafficOnly": true,
          "encryption": {
            "services": {
              "file": {
                "keyType": "Account",
                "enabled": true,
                "lastEnabledTime": "2023-06-28T10:06:44.3195184Z"
              },
              "blob": {
                "keyType": "Account",
                "enabled": true,
                "lastEnabledTime": "2023-06-28T10:06:44.3195184Z"
              }
            },
            "keySource": "Microsoft.Storage"
          },
          "accessTier": "Hot",
          "provisioningState": "Succeeded",
          "creationTime": "2023-06-28T10:06:44.2101784Z",
          "primaryEndpoints": {
            "dfs": "https://rs8216874.dfs.core.windows.net/",
            "web": "https://rs8216874.z22.web.core.windows.net/",
            "blob": "https://rs8216874.blob.core.windows.net/",
            "queue": "https://rs8216874.queue.core.windows.net/",
            "table": "https://rs8216874.table.core.windows.net/",
            "file": "https://rs8216874.file.core.windows.net/"
          },
          "primaryLocation": "westus",
          "statusOfPrimary": "available",
          "secondaryLocation": "eastus",
          "statusOfSecondary": "available",
          "secondaryEndpoints": {
            "dfs": "https://rs8216874-secondary.dfs.core.windows.net/",
            "web": "https://rs8216874-secondary.z22.web.core.windows.net/",
            "blob": "https://rs8216874-secondary.blob.core.windows.net/",
            "queue": "https://rs8216874-secondary.queue.core.windows.net/",
            "table": "https://rs8216874-secondary.table.core.windows.net/"
          }
        }
      }
    },
    {
      "RequestUri": "https://REDACTED/subscriptions/00000000-0000-0000-0000-000000000000/resourcegroups/rgB8216874?api-version=2022-09-01",
      "RequestMethod": "DELETE",
      "RequestHeaders": {
        "Accept": "application/json",
        "Authorization": "Sanitized",
        "Content-Length": "0",
        "Content-Type": "application/json",
        "Date": "Wed, 28 Jun 2023 10:07:16 GMT",
        "User-Agent": "azsdk-java-com.azure.resourcemanager.resources/2.26.0-beta.1 (17.0.4.1; Windows 11; 10.0)",
        "x-ms-client-request-id": "68cbb02f-b7cf-430a-9abd-4449f66c0e3f",
        "x-ms-return-client-request-id": "true"
      },
      "RequestBody": null,
      "StatusCode": 202,
      "ResponseHeaders": {
        "Cache-Control": "no-cache",
        "Content-Length": "0",
        "Date": "Wed, 28 Jun 2023 10:07:16 GMT",
        "Expires": "-1",
        "Location": "https://management.azure.com/subscriptions/ec0aa5f7-9e78-40c9-85cd-535c6305b380/operationresults/eyJqb2JJZCI6IlJFU09VUkNFR1JPVVBERUxFVElPTkpPQi1SR0I4MjE2ODc0LVNPVVRIQ0VOVFJBTFVTIiwiam9iTG9jYXRpb24iOiJzb3V0aGNlbnRyYWx1cyJ9?api-version=2022-09-01",
        "Pragma": "no-cache",
        "Retry-After": "15",
        "Strict-Transport-Security": "max-age=31536000; includeSubDomains",
        "X-Content-Type-Options": "nosniff",
        "x-ms-correlation-request-id": "8c5ed970-9bc4-4c64-959f-904ab4bfefe4",
        "x-ms-ratelimit-remaining-subscription-deletes": "14999",
        "x-ms-request-id": "8c5ed970-9bc4-4c64-959f-904ab4bfefe4",
        "x-ms-routing-request-id": "SOUTHEASTASIA:20230628T100717Z:8c5ed970-9bc4-4c64-959f-904ab4bfefe4"
      },
      "ResponseBody": null
    },
    {
      "RequestUri": "https://REDACTED/subscriptions/00000000-0000-0000-0000-000000000000/resourcegroups/rg8216874?api-version=2022-09-01",
      "RequestMethod": "DELETE",
      "RequestHeaders": {
        "Accept": "application/json",
        "Authorization": "Sanitized",
        "Content-Length": "0",
        "Content-Type": "application/json",
        "Date": "Wed, 28 Jun 2023 10:07:17 GMT",
        "User-Agent": "azsdk-java-com.azure.resourcemanager.resources/2.26.0-beta.1 (17.0.4.1; Windows 11; 10.0)",
        "x-ms-client-request-id": "8ea7be96-6e3d-40d7-b30c-f5b60be92d9c",
        "x-ms-return-client-request-id": "true"
      },
      "RequestBody": null,
      "StatusCode": 202,
      "ResponseHeaders": {
        "Cache-Control": "no-cache",
        "Content-Length": "0",
        "Date": "Wed, 28 Jun 2023 10:07:23 GMT",
        "Expires": "-1",
        "Location": "https://management.azure.com/subscriptions/ec0aa5f7-9e78-40c9-85cd-535c6305b380/operationresults/eyJqb2JJZCI6IlJFU09VUkNFR1JPVVBERUxFVElPTkpPQi1SRzgyMTY4NzQtRUFTVFVTIiwiam9iTG9jYXRpb24iOiJlYXN0dXMifQ?api-version=2022-09-01",
        "Pragma": "no-cache",
        "Retry-After": "15",
        "Strict-Transport-Security": "max-age=31536000; includeSubDomains",
        "X-Content-Type-Options": "nosniff",
        "x-ms-correlation-request-id": "11551341-80ce-4e2c-b48c-c8b1a6e47032",
        "x-ms-ratelimit-remaining-subscription-deletes": "14998",
        "x-ms-request-id": "11551341-80ce-4e2c-b48c-c8b1a6e47032",
        "x-ms-routing-request-id": "SOUTHEASTASIA:20230628T100724Z:11551341-80ce-4e2c-b48c-c8b1a6e47032"
      },
      "ResponseBody": null
    }
  ],
  "Variables": {
    "0": "8216874"
  }
}
