{
  "Entries": [
    {
      "RequestUri": "https://seanmcccanary3.file.core.windows.net/test-share-f2854d3b-0058-a3ff-4189-ff01d118b16a?restype=share",
      "RequestMethod": "PUT",
      "RequestHeaders": {
        "Accept": "application/xml",
        "Authorization": "Sanitized",
        "Content-Length": "0",
        "traceparent": "00-971eb4e6f495da341d14c16b7886de16-abfcd6451a76b9ea-00",
        "User-Agent": "azsdk-net-Storage.Files.Shares/12.21.0-alpha.20241016.1 (.NET 8.0.10; Microsoft Windows 10.0.26100)",
        "x-ms-client-request-id": "Sanitized",
        "x-ms-date": "Wed, 16 Oct 2024 19:27:43 GMT",
        "x-ms-return-client-request-id": "true",
        "x-ms-version": "2025-05-05"
      },
      "RequestBody": null,
      "StatusCode": 201,
      "ResponseHeaders": {
        "Content-Length": "0",
        "Date": "Wed, 16 Oct 2024 19:27:43 GMT",
        "ETag": "\"0x8DCEE189B8D5813\"",
        "Last-Modified": "Wed, 16 Oct 2024 19:27:43 GMT",
        "Server": [
          "Windows-Azure-File/1.0",
          "Microsoft-HTTPAPI/2.0"
        ],
        "x-ms-client-request-id": "Sanitized",
        "x-ms-request-id": "ddeeabf2-801a-0015-7401-20cd71000000",
        "x-ms-version": "2025-05-05"
      },
      "ResponseBody": null
    },
    {
      "RequestUri": "https://seanmcccanary3.file.core.windows.net/test-share-f2854d3b-0058-a3ff-4189-ff01d118b16a/test-blob-7bf8d702-e343-aff6-2c5e-dacc92e2a539",
      "RequestMethod": "PUT",
      "RequestHeaders": {
        "Accept": "application/xml",
        "Authorization": "Sanitized",
        "Content-Length": "0",
        "traceparent": "00-3b995096edb2aee07cbc6dd0b6530dea-568165b108036af2-00",
        "User-Agent": "azsdk-net-Storage.Files.Shares/12.21.0-alpha.20241016.1 (.NET 8.0.10; Microsoft Windows 10.0.26100)",
        "x-ms-client-request-id": "Sanitized",
        "x-ms-content-length": "1024",
        "x-ms-date": "Wed, 16 Oct 2024 19:27:43 GMT",
        "x-ms-return-client-request-id": "true",
        "x-ms-type": "file",
        "x-ms-version": "2025-05-05"
      },
      "RequestBody": null,
      "StatusCode": 201,
      "ResponseHeaders": {
        "Content-Length": "0",
        "Date": "Wed, 16 Oct 2024 19:27:43 GMT",
        "ETag": "\"0x8DCEE189B977DFF\"",
        "Last-Modified": "Wed, 16 Oct 2024 19:27:43 GMT",
        "Server": [
          "Windows-Azure-File/1.0",
          "Microsoft-HTTPAPI/2.0"
        ],
        "x-ms-client-request-id": "Sanitized",
        "x-ms-file-attributes": "Archive",
        "x-ms-file-change-time": "2024-10-16T19:27:43.6790271Z",
        "x-ms-file-creation-time": "2024-10-16T19:27:43.6790271Z",
        "x-ms-file-id": "13835128424026341376",
        "x-ms-file-last-write-time": "2024-10-16T19:27:43.6790271Z",
        "x-ms-file-parent-id": "0",
        "x-ms-file-permission-key": "4010187179898695473*11459378189709739967",
        "x-ms-request-id": "ddeeabf4-801a-0015-7501-20cd71000000",
        "x-ms-request-server-encrypted": "true",
        "x-ms-version": "2025-05-05"
      },
      "ResponseBody": null
    },
    {
      "RequestUri": "https://seanmcccanary3.file.core.windows.net/test-share-f2854d3b-0058-a3ff-4189-ff01d118b16a/test-blob-7bf8d702-e343-aff6-2c5e-dacc92e2a539?comp=range",
      "RequestMethod": "PUT",
      "RequestHeaders": {
        "Accept": "application/xml",
        "Authorization": "Sanitized",
        "Content-Length": "1024",
        "Content-Type": "application/octet-stream",
        "traceparent": "00-379ca462f9014d80f2289b695f1eb151-064a62d8019662ad-00",
        "User-Agent": "azsdk-net-Storage.Files.Shares/12.21.0-alpha.20241016.1 (.NET 8.0.10; Microsoft Windows 10.0.26100)",
        "x-ms-client-request-id": "Sanitized",
        "x-ms-date": "Wed, 16 Oct 2024 19:27:43 GMT",
        "x-ms-range": "bytes=0-1023",
        "x-ms-return-client-request-id": "true",
        "x-ms-version": "2025-05-05",
        "x-ms-write": "update"
      },
      "RequestBody": "MVRkF9sz4NcJrYTk9NO6Px7tE9SrZ37yCcCxIRR2SILi3vqVnVI2uR2VQT0dZK4MsBCvote9gcrVcQ0bgr7Ck2UCARXYJKHLt1m3FiVA1aQSpXADxqaqJF0wvyxFGjde0q7YGmKYM4tv4+p9BmuklZtoCdxOv8y/V923qGV1hpwhWUN3aLtCeXHlk+K7LB3xiyqQ3BBaEBLhGcKF4Iom+lxOW60nLS3gJpBqaCvpAyu/xh075KqLx0gwlU74vJjnvpmFbNBwyl38sLWA76fn+BWXxRpt6hWyw5Rk95je52r3g6mSY5daT/y/PjT1CtehSZ04Yfd9etOE06k7C9LFHchLiGz9VZR+PXYerazhvbi9w637poZzegnVDZDtHkQp+SBrqYJrpPQIuiOAXswnohbxfkclyndB2A5iJ0cDkB4x9bSLdhM1Uh+58uti8hs9rmt6+6D8Ay+oKdFzCHytBSkFT2kYmywCuywobNiL3+byJXnbiZV+NfGF4kxBwkmiC+3CXaKyJBI+d0Bz05dWHUrrgeID0XuUhhl3k7nfwfnihmDryYFDQABmnBJUCmFZLsUCVkBnnzpxLteIO5FZX7ZGkU03a1PIp0HinDRpP3u4HWTz3Gq4e+YleZuqugRvDT1bDXgUIsJxOa7/hAIGCO5b0B0sZYNLjhZmEfK4Hu08co73DTIDpPuhgaK7ufbkH3CsTunnQqi5EH9irRHQuRvBwxJzD/u8WCwiiuPgj9QggvGBC9ADVDDmPf2yoPbq0ciH+vbkcBB18Pa9xbfF2YCqQSsfT61KvW7hjdH9Cbc1OLkaWZTePBHgCxvZRY94IWN8B17LyoEaPD2HAuM+d+Y+iI39qoDrzAUaPkOScXfeaWxugQJYam03ABxXVjotoZM1mr0CenbjkTtZsIs9iMvFqJl30Pbk5R0fxqpjk3XL7J2wXNa53O71iu/G/7nh+ndRka2htdCcUbSg4rTMf/3FjcTujSz0DMyqgkYHHeZkPsszEgLIKjbMEwshGfo5KAvyAHL18mxLXIXh9jOKlTPOO6PomWz7/WKNInkg0/LRcFk6FRxzb0xf6LZ95jQDQX7XUt1XUY+e9wMPZ8/yKoiSEIXaT4AXW8xXibG1fRcuiuH7SYAUeh/JnB4ZYwd8bL0t6tauKfH+wPcR/8fe6Hnr4d3u9+AIfpZlELNh/ffF2x3zh5NAgGHw/YmIA3pY6rSlLYIqjXXdJWtASBg9nMIATCSq62Dlq2F7/vlWf3sbDSX/vM90mk2oFWIoADdIsmHHiLdVrf9Tv4Ihro97hqbwJDryPt/yjLHXAtX+vaopMkyXj/fExl8mq/xNUuy+LI+7N9v8VnOC1PsFfqspVQ==",
      "StatusCode": 201,
      "ResponseHeaders": {
        "Content-Length": "0",
        "Content-MD5": "JXhp9LGXp0rgC4iYTY3bjg==",
        "Date": "Wed, 16 Oct 2024 19:27:43 GMT",
        "ETag": "\"0x8DCEE189BA18EA4\"",
        "Last-Modified": "Wed, 16 Oct 2024 19:27:43 GMT",
        "Server": [
          "Windows-Azure-File/1.0",
          "Microsoft-HTTPAPI/2.0"
        ],
        "x-ms-client-request-id": "Sanitized",
        "x-ms-file-last-write-time": "2024-10-16T19:27:43.7449892Z",
        "x-ms-request-id": "ddeeabf5-801a-0015-7601-20cd71000000",
        "x-ms-request-server-encrypted": "true",
        "x-ms-version": "2025-05-05"
      },
      "ResponseBody": null
    },
    {
      "RequestUri": "https://seanmcccanary3.file.core.windows.net/test-share-f2854d3b-0058-a3ff-4189-ff01d118b16a/test-blob-7bf8d702-e343-aff6-2c5e-dacc92e2a539",
      "RequestMethod": "HEAD",
      "RequestHeaders": {
        "Accept": "application/xml",
        "Authorization": "Sanitized",
        "traceparent": "00-5a04d31121de706a28597e7c898ceaae-8ed995e21191138f-00",
        "User-Agent": "azsdk-net-Storage.Files.Shares/12.21.0-alpha.20241016.1 (.NET 8.0.10; Microsoft Windows 10.0.26100)",
        "x-ms-client-request-id": "Sanitized",
        "x-ms-date": "Wed, 16 Oct 2024 19:27:43 GMT",
        "x-ms-return-client-request-id": "true",
        "x-ms-version": "2025-05-05"
      },
      "RequestBody": null,
      "StatusCode": 200,
      "ResponseHeaders": {
        "Content-Length": "1024",
        "Content-Type": "application/octet-stream",
        "Date": "Wed, 16 Oct 2024 19:27:43 GMT",
        "ETag": "\"0x8DCEE189BA18EA4\"",
        "Last-Modified": "Wed, 16 Oct 2024 19:27:43 GMT",
        "Server": [
          "Windows-Azure-File/1.0",
          "Microsoft-HTTPAPI/2.0"
        ],
        "x-ms-client-request-id": "Sanitized",
        "x-ms-file-attributes": "Archive",
        "x-ms-file-change-time": "2024-10-16T19:27:43.7449892Z",
        "x-ms-file-creation-time": "2024-10-16T19:27:43.6790271Z",
        "x-ms-file-id": "13835128424026341376",
        "x-ms-file-last-write-time": "2024-10-16T19:27:43.7449892Z",
        "x-ms-file-parent-id": "0",
        "x-ms-file-permission-key": "4010187179898695473*11459378189709739967",
        "x-ms-lease-state": "available",
        "x-ms-lease-status": "unlocked",
        "x-ms-request-id": "ddeeabf6-801a-0015-7701-20cd71000000",
        "x-ms-server-encrypted": "true",
        "x-ms-type": "File",
        "x-ms-version": "2025-05-05"
      },
      "ResponseBody": null
    },
    {
      "RequestUri": "https://seanmcccanary3.file.core.windows.net/test-share-f2854d3b-0058-a3ff-4189-ff01d118b16a/test-blob-7bf8d702-e343-aff6-2c5e-dacc92e2a539",
      "RequestMethod": "GET",
      "RequestHeaders": {
        "Accept": "application/xml",
        "Authorization": "Sanitized",
        "User-Agent": "azsdk-net-Storage.Files.Shares/12.21.0-alpha.20241016.1 (.NET 8.0.10; Microsoft Windows 10.0.26100)",
        "x-ms-client-request-id": "Sanitized",
        "x-ms-date": "Wed, 16 Oct 2024 19:27:43 GMT",
        "x-ms-range": "bytes=0-127",
        "x-ms-return-client-request-id": "true",
        "x-ms-version": "2025-05-05"
      },
      "RequestBody": null,
      "StatusCode": 206,
      "ResponseHeaders": {
        "Accept-Ranges": "bytes",
        "Content-Length": "128",
        "Content-Range": "bytes 0-127/1024",
        "Content-Type": "application/octet-stream",
        "Date": "Wed, 16 Oct 2024 19:27:43 GMT",
        "ETag": "\"0x8DCEE189BA18EA4\"",
        "Last-Modified": "Wed, 16 Oct 2024 19:27:43 GMT",
        "Server": [
          "Windows-Azure-File/1.0",
          "Microsoft-HTTPAPI/2.0"
        ],
        "x-ms-client-request-id": "Sanitized",
        "x-ms-file-attributes": "Archive",
        "x-ms-file-change-time": "2024-10-16T19:27:43.7449892Z",
        "x-ms-file-creation-time": "2024-10-16T19:27:43.6790271Z",
        "x-ms-file-id": "13835128424026341376",
        "x-ms-file-last-write-time": "2024-10-16T19:27:43.7449892Z",
        "x-ms-file-parent-id": "0",
        "x-ms-file-permission-key": "4010187179898695473*11459378189709739967",
        "x-ms-lease-state": "available",
        "x-ms-lease-status": "unlocked",
        "x-ms-request-id": "ddeeabf9-801a-0015-7901-20cd71000000",
        "x-ms-server-encrypted": "true",
        "x-ms-type": "File",
        "x-ms-version": "2025-05-05"
      },
      "ResponseBody": "MVRkF9sz4NcJrYTk9NO6Px7tE9SrZ37yCcCxIRR2SILi3vqVnVI2uR2VQT0dZK4MsBCvote9gcrVcQ0bgr7Ck2UCARXYJKHLt1m3FiVA1aQSpXADxqaqJF0wvyxFGjde0q7YGmKYM4tv4+p9BmuklZtoCdxOv8y/V923qGV1hpw="
    },
    {
      "RequestUri": "https://seanmcccanary3.file.core.windows.net/test-share-f2854d3b-0058-a3ff-4189-ff01d118b16a/test-blob-7bf8d702-e343-aff6-2c5e-dacc92e2a539",
      "RequestMethod": "GET",
      "RequestHeaders": {
        "Accept": "application/xml",
        "Authorization": "Sanitized",
        "User-Agent": "azsdk-net-Storage.Files.Shares/12.21.0-alpha.20241016.1 (.NET 8.0.10; Microsoft Windows 10.0.26100)",
        "x-ms-client-request-id": "Sanitized",
        "x-ms-date": "Wed, 16 Oct 2024 19:27:43 GMT",
        "x-ms-range": "bytes=128-255",
        "x-ms-return-client-request-id": "true",
        "x-ms-version": "2025-05-05"
      },
      "RequestBody": null,
      "StatusCode": 206,
      "ResponseHeaders": {
        "Accept-Ranges": "bytes",
        "Content-Length": "128",
        "Content-Range": "bytes 128-255/1024",
        "Content-Type": "application/octet-stream",
        "Date": "Wed, 16 Oct 2024 19:27:43 GMT",
        "ETag": "\"0x8DCEE189BA18EA4\"",
        "Last-Modified": "Wed, 16 Oct 2024 19:27:43 GMT",
        "Server": [
          "Windows-Azure-File/1.0",
          "Microsoft-HTTPAPI/2.0"
        ],
        "x-ms-client-request-id": "Sanitized",
        "x-ms-file-attributes": "Archive",
        "x-ms-file-change-time": "2024-10-16T19:27:43.7449892Z",
        "x-ms-file-creation-time": "2024-10-16T19:27:43.6790271Z",
        "x-ms-file-id": "13835128424026341376",
        "x-ms-file-last-write-time": "2024-10-16T19:27:43.7449892Z",
        "x-ms-file-parent-id": "0",
        "x-ms-file-permission-key": "4010187179898695473*11459378189709739967",
        "x-ms-lease-state": "available",
        "x-ms-lease-status": "unlocked",
        "x-ms-request-id": "ddeeabfa-801a-0015-7a01-20cd71000000",
        "x-ms-server-encrypted": "true",
        "x-ms-type": "File",
        "x-ms-version": "2025-05-05"
      },
      "ResponseBody": "IVlDd2i7Qnlx5ZPiuywd8YsqkNwQWhAS4RnCheCKJvpcTlutJy0t4CaQamgr6QMrv8YdO+Sqi8dIMJVO+LyY576ZhWzQcMpd/LC1gO+n5/gVl8UabeoVssOUZPeY3udq94OpkmOXWk/8vz409QrXoUmdOGH3fXrThNOpOwvSxR0="
    },
    {
      "RequestUri": "https://seanmcccanary3.file.core.windows.net/test-share-f2854d3b-0058-a3ff-4189-ff01d118b16a/test-blob-7bf8d702-e343-aff6-2c5e-dacc92e2a539",
      "RequestMethod": "GET",
      "RequestHeaders": {
        "Accept": "application/xml",
        "Authorization": "Sanitized",
        "User-Agent": "azsdk-net-Storage.Files.Shares/12.21.0-alpha.20241016.1 (.NET 8.0.10; Microsoft Windows 10.0.26100)",
        "x-ms-client-request-id": "Sanitized",
        "x-ms-date": "Wed, 16 Oct 2024 19:27:43 GMT",
        "x-ms-range": "bytes=256-383",
        "x-ms-return-client-request-id": "true",
        "x-ms-version": "2025-05-05"
      },
      "RequestBody": null,
      "StatusCode": 206,
      "ResponseHeaders": {
        "Accept-Ranges": "bytes",
        "Content-Length": "128",
        "Content-Range": "bytes 256-383/1024",
        "Content-Type": "application/octet-stream",
        "Date": "Wed, 16 Oct 2024 19:27:43 GMT",
        "ETag": "\"0x8DCEE189BA18EA4\"",
        "Last-Modified": "Wed, 16 Oct 2024 19:27:43 GMT",
        "Server": [
          "Windows-Azure-File/1.0",
          "Microsoft-HTTPAPI/2.0"
        ],
        "x-ms-client-request-id": "Sanitized",
        "x-ms-file-attributes": "Archive",
        "x-ms-file-change-time": "2024-10-16T19:27:43.7449892Z",
        "x-ms-file-creation-time": "2024-10-16T19:27:43.6790271Z",
        "x-ms-file-id": "13835128424026341376",
        "x-ms-file-last-write-time": "2024-10-16T19:27:43.7449892Z",
        "x-ms-file-parent-id": "0",
        "x-ms-file-permission-key": "4010187179898695473*11459378189709739967",
        "x-ms-lease-state": "available",
        "x-ms-lease-status": "unlocked",
        "x-ms-request-id": "ddeeabfb-801a-0015-7b01-20cd71000000",
        "x-ms-server-encrypted": "true",
        "x-ms-type": "File",
        "x-ms-version": "2025-05-05"
      },
      "ResponseBody": "yEuIbP1VlH49dh6trOG9uL3DrfumhnN6CdUNkO0eRCn5IGupgmuk9Ai6I4BezCeiFvF+RyXKd0HYDmInRwOQHjH1tIt2EzVSH7ny62LyGz2ua3r7oPwDL6gp0XMIfK0FKQVPaRibLAK7LChs2Ivf5vIleduJlX418YXiTEHCSaI="
    },
    {
      "RequestUri": "https://seanmcccanary3.file.core.windows.net/test-share-f2854d3b-0058-a3ff-4189-ff01d118b16a/test-blob-7bf8d702-e343-aff6-2c5e-dacc92e2a539",
      "RequestMethod": "GET",
      "RequestHeaders": {
        "Accept": "application/xml",
        "Authorization": "Sanitized",
        "User-Agent": "azsdk-net-Storage.Files.Shares/12.21.0-alpha.20241016.1 (.NET 8.0.10; Microsoft Windows 10.0.26100)",
        "x-ms-client-request-id": "Sanitized",
        "x-ms-date": "Wed, 16 Oct 2024 19:27:43 GMT",
        "x-ms-range": "bytes=384-511",
        "x-ms-return-client-request-id": "true",
        "x-ms-version": "2025-05-05"
      },
      "RequestBody": null,
      "StatusCode": 206,
      "ResponseHeaders": {
        "Accept-Ranges": "bytes",
        "Content-Length": "128",
        "Content-Range": "bytes 384-511/1024",
        "Content-Type": "application/octet-stream",
        "Date": "Wed, 16 Oct 2024 19:27:43 GMT",
        "ETag": "\"0x8DCEE189BA18EA4\"",
        "Last-Modified": "Wed, 16 Oct 2024 19:27:43 GMT",
        "Server": [
          "Windows-Azure-File/1.0",
          "Microsoft-HTTPAPI/2.0"
        ],
        "x-ms-client-request-id": "Sanitized",
        "x-ms-file-attributes": "Archive",
        "x-ms-file-change-time": "2024-10-16T19:27:43.7449892Z",
        "x-ms-file-creation-time": "2024-10-16T19:27:43.6790271Z",
        "x-ms-file-id": "13835128424026341376",
        "x-ms-file-last-write-time": "2024-10-16T19:27:43.7449892Z",
        "x-ms-file-parent-id": "0",
        "x-ms-file-permission-key": "4010187179898695473*11459378189709739967",
        "x-ms-lease-state": "available",
        "x-ms-lease-status": "unlocked",
        "x-ms-request-id": "ddeeabfc-801a-0015-7c01-20cd71000000",
        "x-ms-server-encrypted": "true",
        "x-ms-type": "File",
        "x-ms-version": "2025-05-05"
      },
      "ResponseBody": "C+3CXaKyJBI+d0Bz05dWHUrrgeID0XuUhhl3k7nfwfnihmDryYFDQABmnBJUCmFZLsUCVkBnnzpxLteIO5FZX7ZGkU03a1PIp0HinDRpP3u4HWTz3Gq4e+YleZuqugRvDT1bDXgUIsJxOa7/hAIGCO5b0B0sZYNLjhZmEfK4Hu0="
    },
    {
      "RequestUri": "https://seanmcccanary3.file.core.windows.net/test-share-f2854d3b-0058-a3ff-4189-ff01d118b16a/test-blob-7bf8d702-e343-aff6-2c5e-dacc92e2a539",
      "RequestMethod": "GET",
      "RequestHeaders": {
        "Accept": "application/xml",
        "Authorization": "Sanitized",
        "User-Agent": "azsdk-net-Storage.Files.Shares/12.21.0-alpha.20241016.1 (.NET 8.0.10; Microsoft Windows 10.0.26100)",
        "x-ms-client-request-id": "Sanitized",
        "x-ms-date": "Wed, 16 Oct 2024 19:27:43 GMT",
        "x-ms-range": "bytes=512-639",
        "x-ms-return-client-request-id": "true",
        "x-ms-version": "2025-05-05"
      },
      "RequestBody": null,
      "StatusCode": 206,
      "ResponseHeaders": {
        "Accept-Ranges": "bytes",
        "Content-Length": "128",
        "Content-Range": "bytes 512-639/1024",
        "Content-Type": "application/octet-stream",
        "Date": "Wed, 16 Oct 2024 19:27:43 GMT",
        "ETag": "\"0x8DCEE189BA18EA4\"",
        "Last-Modified": "Wed, 16 Oct 2024 19:27:43 GMT",
        "Server": [
          "Windows-Azure-File/1.0",
          "Microsoft-HTTPAPI/2.0"
        ],
        "x-ms-client-request-id": "Sanitized",
        "x-ms-file-attributes": "Archive",
        "x-ms-file-change-time": "2024-10-16T19:27:43.7449892Z",
        "x-ms-file-creation-time": "2024-10-16T19:27:43.6790271Z",
        "x-ms-file-id": "13835128424026341376",
        "x-ms-file-last-write-time": "2024-10-16T19:27:43.7449892Z",
        "x-ms-file-parent-id": "0",
        "x-ms-file-permission-key": "4010187179898695473*11459378189709739967",
        "x-ms-lease-state": "available",
        "x-ms-lease-status": "unlocked",
        "x-ms-request-id": "ddeeabfd-801a-0015-7d01-20cd71000000",
        "x-ms-server-encrypted": "true",
        "x-ms-type": "File",
        "x-ms-version": "2025-05-05"
      },
      "ResponseBody": "PHKO9w0yA6T7oYGiu7n25B9wrE7p50KouRB/Yq0R0LkbwcMScw/7vFgsIorj4I/UIILxgQvQA1Qw5j39sqD26tHIh/r25HAQdfD2vcW3xdmAqkErH0+tSr1u4Y3R/Qm3NTi5GlmU3jwR4Asb2UWPeCFjfAdey8qBGjw9hwLjPnc="
    },
    {
      "RequestUri": "https://seanmcccanary3.file.core.windows.net/test-share-f2854d3b-0058-a3ff-4189-ff01d118b16a/test-blob-7bf8d702-e343-aff6-2c5e-dacc92e2a539",
      "RequestMethod": "GET",
      "RequestHeaders": {
        "Accept": "application/xml",
        "Authorization": "Sanitized",
        "User-Agent": "azsdk-net-Storage.Files.Shares/12.21.0-alpha.20241016.1 (.NET 8.0.10; Microsoft Windows 10.0.26100)",
        "x-ms-client-request-id": "Sanitized",
        "x-ms-date": "Wed, 16 Oct 2024 19:27:43 GMT",
        "x-ms-range": "bytes=640-767",
        "x-ms-return-client-request-id": "true",
        "x-ms-version": "2025-05-05"
      },
      "RequestBody": null,
      "StatusCode": 206,
      "ResponseHeaders": {
        "Accept-Ranges": "bytes",
        "Content-Length": "128",
        "Content-Range": "bytes 640-767/1024",
        "Content-Type": "application/octet-stream",
        "Date": "Wed, 16 Oct 2024 19:27:43 GMT",
        "ETag": "\"0x8DCEE189BA18EA4\"",
        "Last-Modified": "Wed, 16 Oct 2024 19:27:43 GMT",
        "Server": [
          "Windows-Azure-File/1.0",
          "Microsoft-HTTPAPI/2.0"
        ],
        "x-ms-client-request-id": "Sanitized",
        "x-ms-file-attributes": "Archive",
        "x-ms-file-change-time": "2024-10-16T19:27:43.7449892Z",
        "x-ms-file-creation-time": "2024-10-16T19:27:43.6790271Z",
        "x-ms-file-id": "13835128424026341376",
        "x-ms-file-last-write-time": "2024-10-16T19:27:43.7449892Z",
        "x-ms-file-parent-id": "0",
        "x-ms-file-permission-key": "4010187179898695473*11459378189709739967",
        "x-ms-lease-state": "available",
        "x-ms-lease-status": "unlocked",
        "x-ms-request-id": "ddeeabfe-801a-0015-7e01-20cd71000000",
        "x-ms-server-encrypted": "true",
        "x-ms-type": "File",
        "x-ms-version": "2025-05-05"
      },
      "ResponseBody": "5j6Ijf2qgOvMBRo+Q5Jxd95pbG6BAlhqbTcAHFdWOi2hkzWavQJ6duORO1mwiz2Iy8WomXfQ9uTlHR/GqmOTdcvsnbBc1rnc7vWK78b/ueH6d1GRraG10JxRtKDitMx//cWNxO6NLPQMzKqCRgcd5mQ+yzMSAsgqNswTCyEZ+jk="
    },
    {
      "RequestUri": "https://seanmcccanary3.file.core.windows.net/test-share-f2854d3b-0058-a3ff-4189-ff01d118b16a/test-blob-7bf8d702-e343-aff6-2c5e-dacc92e2a539",
      "RequestMethod": "GET",
      "RequestHeaders": {
        "Accept": "application/xml",
        "Authorization": "Sanitized",
        "User-Agent": "azsdk-net-Storage.Files.Shares/12.21.0-alpha.20241016.1 (.NET 8.0.10; Microsoft Windows 10.0.26100)",
        "x-ms-client-request-id": "Sanitized",
        "x-ms-date": "Wed, 16 Oct 2024 19:27:43 GMT",
        "x-ms-range": "bytes=768-895",
        "x-ms-return-client-request-id": "true",
        "x-ms-version": "2025-05-05"
      },
      "RequestBody": null,
      "StatusCode": 206,
      "ResponseHeaders": {
        "Accept-Ranges": "bytes",
        "Content-Length": "128",
        "Content-Range": "bytes 768-895/1024",
        "Content-Type": "application/octet-stream",
        "Date": "Wed, 16 Oct 2024 19:27:43 GMT",
        "ETag": "\"0x8DCEE189BA18EA4\"",
        "Last-Modified": "Wed, 16 Oct 2024 19:27:43 GMT",
        "Server": [
          "Windows-Azure-File/1.0",
          "Microsoft-HTTPAPI/2.0"
        ],
        "x-ms-client-request-id": "Sanitized",
        "x-ms-file-attributes": "Archive",
        "x-ms-file-change-time": "2024-10-16T19:27:43.7449892Z",
        "x-ms-file-creation-time": "2024-10-16T19:27:43.6790271Z",
        "x-ms-file-id": "13835128424026341376",
        "x-ms-file-last-write-time": "2024-10-16T19:27:43.7449892Z",
        "x-ms-file-parent-id": "0",
        "x-ms-file-permission-key": "4010187179898695473*11459378189709739967",
        "x-ms-lease-state": "available",
        "x-ms-lease-status": "unlocked",
        "x-ms-request-id": "ddeeabff-801a-0015-7f01-20cd71000000",
        "x-ms-server-encrypted": "true",
        "x-ms-type": "File",
        "x-ms-version": "2025-05-05"
      },
      "ResponseBody": "KAvyAHL18mxLXIXh9jOKlTPOO6PomWz7/WKNInkg0/LRcFk6FRxzb0xf6LZ95jQDQX7XUt1XUY+e9wMPZ8/yKoiSEIXaT4AXW8xXibG1fRcuiuH7SYAUeh/JnB4ZYwd8bL0t6tauKfH+wPcR/8fe6Hnr4d3u9+AIfpZlELNh/fc="
    },
    {
      "RequestUri": "https://seanmcccanary3.file.core.windows.net/test-share-f2854d3b-0058-a3ff-4189-ff01d118b16a/test-blob-7bf8d702-e343-aff6-2c5e-dacc92e2a539",
      "RequestMethod": "GET",
      "RequestHeaders": {
        "Accept": "application/xml",
        "Authorization": "Sanitized",
        "User-Agent": "azsdk-net-Storage.Files.Shares/12.21.0-alpha.20241016.1 (.NET 8.0.10; Microsoft Windows 10.0.26100)",
        "x-ms-client-request-id": "Sanitized",
        "x-ms-date": "Wed, 16 Oct 2024 19:27:43 GMT",
        "x-ms-range": "bytes=896-1023",
        "x-ms-return-client-request-id": "true",
        "x-ms-version": "2025-05-05"
      },
      "RequestBody": null,
      "StatusCode": 206,
      "ResponseHeaders": {
        "Accept-Ranges": "bytes",
        "Content-Length": "128",
        "Content-Range": "bytes 896-1023/1024",
        "Content-Type": "application/octet-stream",
        "Date": "Wed, 16 Oct 2024 19:27:43 GMT",
        "ETag": "\"0x8DCEE189BA18EA4\"",
        "Last-Modified": "Wed, 16 Oct 2024 19:27:43 GMT",
        "Server": [
          "Windows-Azure-File/1.0",
          "Microsoft-HTTPAPI/2.0"
        ],
        "x-ms-client-request-id": "Sanitized",
        "x-ms-file-attributes": "Archive",
        "x-ms-file-change-time": "2024-10-16T19:27:43.7449892Z",
        "x-ms-file-creation-time": "2024-10-16T19:27:43.6790271Z",
        "x-ms-file-id": "13835128424026341376",
        "x-ms-file-last-write-time": "2024-10-16T19:27:43.7449892Z",
        "x-ms-file-parent-id": "0",
        "x-ms-file-permission-key": "4010187179898695473*11459378189709739967",
        "x-ms-lease-state": "available",
        "x-ms-lease-status": "unlocked",
        "x-ms-request-id": "ddeeac00-801a-0015-8001-20cd71000000",
        "x-ms-server-encrypted": "true",
        "x-ms-type": "File",
        "x-ms-version": "2025-05-05"
      },
      "ResponseBody": "xdsd84eTQIBh8P2JiAN6WOq0pS2CKo113SVrQEgYPZzCAEwkqutg5athe/75Vn97Gw0l/7zPdJpNqBViKAA3SLJhx4i3Va3/U7+CIa6Pe4am8CQ68j7f8oyx1wLV/r2qKTJMl4/3xMZfJqv8TVLsviyPuzfb/FZzgtT7BX6rKVU="
    },
    {
      "RequestUri": "https://seanmcccanary3.file.core.windows.net/test-share-f2854d3b-0058-a3ff-4189-ff01d118b16a?restype=share",
      "RequestMethod": "DELETE",
      "RequestHeaders": {
        "Accept": "application/xml",
        "Authorization": "Sanitized",
        "traceparent": "00-2df20a8539762f8ef2c0b9d768f7f8f7-dbe7d6ab2f77a3f0-00",
        "User-Agent": "azsdk-net-Storage.Files.Shares/12.21.0-alpha.20241016.1 (.NET 8.0.10; Microsoft Windows 10.0.26100)",
        "x-ms-client-request-id": "Sanitized",
        "x-ms-date": "Wed, 16 Oct 2024 19:27:43 GMT",
        "x-ms-delete-snapshots": "include",
        "x-ms-return-client-request-id": "true",
        "x-ms-version": "2025-05-05"
      },
      "RequestBody": null,
      "StatusCode": 202,
      "ResponseHeaders": {
        "Content-Length": "0",
        "Date": "Wed, 16 Oct 2024 19:27:43 GMT",
        "Server": [
          "Windows-Azure-File/1.0",
          "Microsoft-HTTPAPI/2.0"
        ],
        "x-ms-client-request-id": "Sanitized",
        "x-ms-request-id": "ddeeac01-801a-0015-0101-20cd71000000",
        "x-ms-version": "2025-05-05"
      },
      "ResponseBody": null
    }
  ],
  "Variables": {
    "RandomSeed": "813208117",
    "Storage_TestConfigDefault": "ProductionTenant\nseanmcccanary3\nU2FuaXRpemVk\nhttps://seanmcccanary3.blob.core.windows.net\nhttps://seanmcccanary3.file.core.windows.net\nhttps://seanmcccanary3.queue.core.windows.net\nhttps://seanmcccanary3.table.core.windows.net\n\n\n\n\nhttps://seanmcccanary3-secondary.blob.core.windows.net\nhttps://seanmcccanary3-secondary.file.core.windows.net\nhttps://seanmcccanary3-secondary.queue.core.windows.net\nhttps://seanmcccanary3-secondary.table.core.windows.net\nCloud\nBlobEndpoint=https://seanmcccanary3.blob.core.windows.net/;QueueEndpoint=https://seanmcccanary3.queue.core.windows.net/;FileEndpoint=https://seanmcccanary3.file.core.windows.net/;BlobSecondaryEndpoint=https://seanmcccanary3-secondary.blob.core.windows.net/;QueueSecondaryEndpoint=https://seanmcccanary3-secondary.queue.core.windows.net/;FileSecondaryEndpoint=https://seanmcccanary3-secondary.file.core.windows.net/;AccountName=seanmcccanary3;AccountKey=Sanitized\nseanscope1\n\n"
  }
}
