{
  "Entries": [
    {
      "RequestUri": "https://seanmcccanary3.file.core.windows.net/test-share-77cf2964-882e-0c79-1917-a1fe07861edc?restype=share",
      "RequestMethod": "PUT",
      "RequestHeaders": {
        "Accept": "application/xml",
        "Authorization": "Sanitized",
        "Content-Length": "0",
        "traceparent": "00-c558efc31188b952424f1696d036a6df-21dc3df84c79a448-00",
        "User-Agent": "azsdk-net-Storage.Files.Shares/12.21.0-alpha.20241016.1 (.NET 8.0.10; Microsoft Windows 10.0.26100)",
        "x-ms-client-request-id": "Sanitized",
        "x-ms-date": "Wed, 16 Oct 2024 19:27:51 GMT",
        "x-ms-return-client-request-id": "true",
        "x-ms-version": "2025-05-05"
      },
      "RequestBody": null,
      "StatusCode": 201,
      "ResponseHeaders": {
        "Content-Length": "0",
        "Date": "Wed, 16 Oct 2024 19:27:51 GMT",
        "ETag": "\"0x8DCEE18A07EF49C\"",
        "Last-Modified": "Wed, 16 Oct 2024 19:27:51 GMT",
        "Server": [
          "Windows-Azure-File/1.0",
          "Microsoft-HTTPAPI/2.0"
        ],
        "x-ms-client-request-id": "Sanitized",
        "x-ms-request-id": "ddeeace7-801a-0015-3a01-20cd71000000",
        "x-ms-version": "2025-05-05"
      },
      "ResponseBody": null
    },
    {
      "RequestUri": "https://seanmcccanary3.file.core.windows.net/test-share-77cf2964-882e-0c79-1917-a1fe07861edc/test-blob-8119a32e-ded0-296d-95cd-e159d2e8023d",
      "RequestMethod": "PUT",
      "RequestHeaders": {
        "Accept": "application/xml",
        "Authorization": "Sanitized",
        "Content-Length": "0",
        "traceparent": "00-a33555b9469af9840f6a0191174d9061-109df620e865b188-00",
        "User-Agent": "azsdk-net-Storage.Files.Shares/12.21.0-alpha.20241016.1 (.NET 8.0.10; Microsoft Windows 10.0.26100)",
        "x-ms-client-request-id": "Sanitized",
        "x-ms-content-length": "1024",
        "x-ms-date": "Wed, 16 Oct 2024 19:27:51 GMT",
        "x-ms-return-client-request-id": "true",
        "x-ms-type": "file",
        "x-ms-version": "2025-05-05"
      },
      "RequestBody": null,
      "StatusCode": 201,
      "ResponseHeaders": {
        "Content-Length": "0",
        "Date": "Wed, 16 Oct 2024 19:27:51 GMT",
        "ETag": "\"0x8DCEE18A087699D\"",
        "Last-Modified": "Wed, 16 Oct 2024 19:27:51 GMT",
        "Server": [
          "Windows-Azure-File/1.0",
          "Microsoft-HTTPAPI/2.0"
        ],
        "x-ms-client-request-id": "Sanitized",
        "x-ms-file-attributes": "Archive",
        "x-ms-file-change-time": "2024-10-16T19:27:51.9622557Z",
        "x-ms-file-creation-time": "2024-10-16T19:27:51.9622557Z",
        "x-ms-file-id": "13835128424026341376",
        "x-ms-file-last-write-time": "2024-10-16T19:27:51.9622557Z",
        "x-ms-file-parent-id": "0",
        "x-ms-file-permission-key": "4010187179898695473*11459378189709739967",
        "x-ms-request-id": "ddeeacea-801a-0015-3c01-20cd71000000",
        "x-ms-request-server-encrypted": "true",
        "x-ms-version": "2025-05-05"
      },
      "ResponseBody": null
    },
    {
      "RequestUri": "https://seanmcccanary3.file.core.windows.net/test-share-77cf2964-882e-0c79-1917-a1fe07861edc/test-blob-8119a32e-ded0-296d-95cd-e159d2e8023d?comp=range",
      "RequestMethod": "PUT",
      "RequestHeaders": {
        "Accept": "application/xml",
        "Authorization": "Sanitized",
        "Content-Length": "1024",
        "Content-Type": "application/octet-stream",
        "traceparent": "00-bc7eee9797bea0a052f6f32e6d804187-b2d4bc3f5f4c8a53-00",
        "User-Agent": "azsdk-net-Storage.Files.Shares/12.21.0-alpha.20241016.1 (.NET 8.0.10; Microsoft Windows 10.0.26100)",
        "x-ms-client-request-id": "Sanitized",
        "x-ms-date": "Wed, 16 Oct 2024 19:27:51 GMT",
        "x-ms-range": "bytes=0-1023",
        "x-ms-return-client-request-id": "true",
        "x-ms-version": "2025-05-05",
        "x-ms-write": "update"
      },
      "RequestBody": "3b52wKXlp23MiDgw7qi0rkrLq0sHLvMi/iWlgIu+WDdwK/KY8wsvbRQQImBLku7fXbxTIltBZq/LVMKAPyfhDS8BwMK1G7s+nD039guS12w3xSLPazbbLsRDzJ9Jri7tLxQxSdErKUEBFIUeCnCjOXxVSXkEEaL5JZH+ck4b9O4PScf2YI2aDJvgzlawvSRUn5Mi82S06B1yOCQ/LLfy5R+XD8Cordnvuz3dI0NLSGhtqtK7+QCJWmCphChpW9/k7uk2Ga5kq/K5Mjgn1sXaJu+70oLkNuseDrRf/yiwhl9d+TVZFC+6Cf7gAcbIYYObz105rYhdALf+GAr5BKzJCazYyd2PgRHAAcmDBDUkVqwxxDDLd9jXAPl+W/wkwARRFvga75ilDE5MeKu/2fuC2sFex0B8/pLUAcjkECUUnEDEMu08CmcUjLfifv4tFyf9/IE7xvnE1RhmRu3PwPsoN9xq+qcORdBaSTuImn+Tp+qh5xSk2dVHAFzV1sN6Rcu8uUciwhyA77ex4Hy9OzqY0p8DLdnng10GIvpKOG4M4ARwy+A4ceTNIfhd8/hZisQiPAMkdhfx1TXpG58iNbZIpAB4TW9ZX2G6NQvhiZBkrZg2KPtr52nsfvaqT1VFq+tBFE744DxUyN2hakEMEEulhG0G6w263L2XjM55rxALdYofoHRBbMxc4WAeyX0n4G6qBcrnPr/ehjiQYFRu2xnMlfS37HDWYxehqgqtnBM/b6xgzqlGIzbKQRk8sQx47QZHUjOIcPP+1KGzRpS1MeokUfCoDQxvhnG+7KtWmrIKKLwDZUnft/64YvoIktyiFQ8uF18c0N/518vByoRIpznvqB7XscugRZnx76sSZ/OUG9abKIJS7ljcCY59Hex6b7rAGeq+ymRDjdLFKuA053DYLa6trX63nLnF+qc9Iyetd3/wUU0I1lFyV5qvjMR3qCIdpfA+zMI8CHwx+M+8BmqqGLNhQ5Uiz1ZdO1XjBw/1TlKFH303b6q9tEjR1t2BtlEwBXQQFmWM+9WZ4JFtWABtPKp9N+bsc6kIo45NUfl524UDswKb5Djt+CSonY4ZT1xHY5ozBH5rQ5HKB3LWP6ncIAULaqT+0ldyjz7BRNUb71QyBe5eRtcGl29w0NzFF7l7zH2IDeW3SZFCwHRAqv+8rxgeozq7fdktBdI0jQF6rHiERXhYkuFuertcG4VixuxwtCHEp3N/wE6jWggSgryPxxT8u2WHZBw3ryl+XmFUyz7mxNngtgQEBYUptDfYW/f/zVRxZQqH6FAEjfdKAGHsT4/JLL3irhEP97XfXa/lXlQxf5EN4mU0X9yJ3CgNugUjPWSoDi46HB5CYW5Vp4qgHw==",
      "StatusCode": 201,
      "ResponseHeaders": {
        "Content-Length": "0",
        "Content-MD5": "4/h1EYFH5EbhT7GqK16yiQ==",
        "Date": "Wed, 16 Oct 2024 19:27:51 GMT",
        "ETag": "\"0x8DCEE18A08DF850\"",
        "Last-Modified": "Wed, 16 Oct 2024 19:27:52 GMT",
        "Server": [
          "Windows-Azure-File/1.0",
          "Microsoft-HTTPAPI/2.0"
        ],
        "x-ms-client-request-id": "Sanitized",
        "x-ms-file-last-write-time": "2024-10-16T19:27:52.0052304Z",
        "x-ms-request-id": "ddeeaceb-801a-0015-3d01-20cd71000000",
        "x-ms-request-server-encrypted": "true",
        "x-ms-version": "2025-05-05"
      },
      "ResponseBody": null
    },
    {
      "RequestUri": "https://seanmcccanary3.file.core.windows.net/test-share-77cf2964-882e-0c79-1917-a1fe07861edc/test-blob-8119a32e-ded0-296d-95cd-e159d2e8023d",
      "RequestMethod": "HEAD",
      "RequestHeaders": {
        "Accept": "application/xml",
        "Authorization": "Sanitized",
        "traceparent": "00-772045d41373135ab852b26c027d47f7-1d85cb7caca92ae3-00",
        "User-Agent": "azsdk-net-Storage.Files.Shares/12.21.0-alpha.20241016.1 (.NET 8.0.10; Microsoft Windows 10.0.26100)",
        "x-ms-client-request-id": "Sanitized",
        "x-ms-date": "Wed, 16 Oct 2024 19:27:51 GMT",
        "x-ms-return-client-request-id": "true",
        "x-ms-version": "2025-05-05"
      },
      "RequestBody": null,
      "StatusCode": 200,
      "ResponseHeaders": {
        "Content-Length": "1024",
        "Content-Type": "application/octet-stream",
        "Date": "Wed, 16 Oct 2024 19:27:51 GMT",
        "ETag": "\"0x8DCEE18A08DF850\"",
        "Last-Modified": "Wed, 16 Oct 2024 19:27:52 GMT",
        "Server": [
          "Windows-Azure-File/1.0",
          "Microsoft-HTTPAPI/2.0"
        ],
        "x-ms-client-request-id": "Sanitized",
        "x-ms-file-attributes": "Archive",
        "x-ms-file-change-time": "2024-10-16T19:27:52.0052304Z",
        "x-ms-file-creation-time": "2024-10-16T19:27:51.9622557Z",
        "x-ms-file-id": "13835128424026341376",
        "x-ms-file-last-write-time": "2024-10-16T19:27:52.0052304Z",
        "x-ms-file-parent-id": "0",
        "x-ms-file-permission-key": "4010187179898695473*11459378189709739967",
        "x-ms-lease-state": "available",
        "x-ms-lease-status": "unlocked",
        "x-ms-request-id": "ddeeacee-801a-0015-3f01-20cd71000000",
        "x-ms-server-encrypted": "true",
        "x-ms-type": "File",
        "x-ms-version": "2025-05-05"
      },
      "ResponseBody": null
    },
    {
      "RequestUri": "https://seanmcccanary3.file.core.windows.net/test-share-77cf2964-882e-0c79-1917-a1fe07861edc/test-blob-8119a32e-ded0-296d-95cd-e159d2e8023d",
      "RequestMethod": "GET",
      "RequestHeaders": {
        "Accept": "application/xml",
        "Authorization": "Sanitized",
        "User-Agent": "azsdk-net-Storage.Files.Shares/12.21.0-alpha.20241016.1 (.NET 8.0.10; Microsoft Windows 10.0.26100)",
        "x-ms-client-request-id": "Sanitized",
        "x-ms-date": "Wed, 16 Oct 2024 19:27:51 GMT",
        "x-ms-range": "bytes=0-127",
        "x-ms-return-client-request-id": "true",
        "x-ms-version": "2025-05-05"
      },
      "RequestBody": null,
      "StatusCode": 206,
      "ResponseHeaders": {
        "Accept-Ranges": "bytes",
        "Content-Length": "128",
        "Content-Range": "bytes 0-127/1024",
        "Content-Type": "application/octet-stream",
        "Date": "Wed, 16 Oct 2024 19:27:51 GMT",
        "ETag": "\"0x8DCEE18A08DF850\"",
        "Last-Modified": "Wed, 16 Oct 2024 19:27:52 GMT",
        "Server": [
          "Windows-Azure-File/1.0",
          "Microsoft-HTTPAPI/2.0"
        ],
        "x-ms-client-request-id": "Sanitized",
        "x-ms-file-attributes": "Archive",
        "x-ms-file-change-time": "2024-10-16T19:27:52.0052304Z",
        "x-ms-file-creation-time": "2024-10-16T19:27:51.9622557Z",
        "x-ms-file-id": "13835128424026341376",
        "x-ms-file-last-write-time": "2024-10-16T19:27:52.0052304Z",
        "x-ms-file-parent-id": "0",
        "x-ms-file-permission-key": "4010187179898695473*11459378189709739967",
        "x-ms-lease-state": "available",
        "x-ms-lease-status": "unlocked",
        "x-ms-request-id": "ddeeacef-801a-0015-4001-20cd71000000",
        "x-ms-server-encrypted": "true",
        "x-ms-type": "File",
        "x-ms-version": "2025-05-05"
      },
      "ResponseBody": "3b52wKXlp23MiDgw7qi0rkrLq0sHLvMi/iWlgIu+WDdwK/KY8wsvbRQQImBLku7fXbxTIltBZq/LVMKAPyfhDS8BwMK1G7s+nD039guS12w3xSLPazbbLsRDzJ9Jri7tLxQxSdErKUEBFIUeCnCjOXxVSXkEEaL5JZH+ck4b9O4="
    },
    {
      "RequestUri": "https://seanmcccanary3.file.core.windows.net/test-share-77cf2964-882e-0c79-1917-a1fe07861edc/test-blob-8119a32e-ded0-296d-95cd-e159d2e8023d",
      "RequestMethod": "GET",
      "RequestHeaders": {
        "Accept": "application/xml",
        "Authorization": "Sanitized",
        "User-Agent": "azsdk-net-Storage.Files.Shares/12.21.0-alpha.20241016.1 (.NET 8.0.10; Microsoft Windows 10.0.26100)",
        "x-ms-client-request-id": "Sanitized",
        "x-ms-date": "Wed, 16 Oct 2024 19:27:51 GMT",
        "x-ms-range": "bytes=128-255",
        "x-ms-return-client-request-id": "true",
        "x-ms-version": "2025-05-05"
      },
      "RequestBody": null,
      "StatusCode": 206,
      "ResponseHeaders": {
        "Accept-Ranges": "bytes",
        "Content-Length": "128",
        "Content-Range": "bytes 128-255/1024",
        "Content-Type": "application/octet-stream",
        "Date": "Wed, 16 Oct 2024 19:27:51 GMT",
        "ETag": "\"0x8DCEE18A08DF850\"",
        "Last-Modified": "Wed, 16 Oct 2024 19:27:52 GMT",
        "Server": [
          "Windows-Azure-File/1.0",
          "Microsoft-HTTPAPI/2.0"
        ],
        "x-ms-client-request-id": "Sanitized",
        "x-ms-file-attributes": "Archive",
        "x-ms-file-change-time": "2024-10-16T19:27:52.0052304Z",
        "x-ms-file-creation-time": "2024-10-16T19:27:51.9622557Z",
        "x-ms-file-id": "13835128424026341376",
        "x-ms-file-last-write-time": "2024-10-16T19:27:52.0052304Z",
        "x-ms-file-parent-id": "0",
        "x-ms-file-permission-key": "4010187179898695473*11459378189709739967",
        "x-ms-lease-state": "available",
        "x-ms-lease-status": "unlocked",
        "x-ms-request-id": "ddeeacf1-801a-0015-4201-20cd71000000",
        "x-ms-server-encrypted": "true",
        "x-ms-type": "File",
        "x-ms-version": "2025-05-05"
      },
      "ResponseBody": "D0nH9mCNmgyb4M5WsL0kVJ+TIvNktOgdcjgkPyy38uUflw/AqK3Z77s93SNDS0hobarSu/kAiVpgqYQoaVvf5O7pNhmuZKvyuTI4J9bF2ibvu9KC5DbrHg60X/8osIZfXfk1WRQvugn+4AHGyGGDm89dOa2IXQC3/hgK+QSsyQk="
    },
    {
      "RequestUri": "https://seanmcccanary3.file.core.windows.net/test-share-77cf2964-882e-0c79-1917-a1fe07861edc/test-blob-8119a32e-ded0-296d-95cd-e159d2e8023d",
      "RequestMethod": "GET",
      "RequestHeaders": {
        "Accept": "application/xml",
        "Authorization": "Sanitized",
        "User-Agent": "azsdk-net-Storage.Files.Shares/12.21.0-alpha.20241016.1 (.NET 8.0.10; Microsoft Windows 10.0.26100)",
        "x-ms-client-request-id": "Sanitized",
        "x-ms-date": "Wed, 16 Oct 2024 19:27:52 GMT",
        "x-ms-range": "bytes=256-383",
        "x-ms-return-client-request-id": "true",
        "x-ms-version": "2025-05-05"
      },
      "RequestBody": null,
      "StatusCode": 206,
      "ResponseHeaders": {
        "Accept-Ranges": "bytes",
        "Content-Length": "128",
        "Content-Range": "bytes 256-383/1024",
        "Content-Type": "application/octet-stream",
        "Date": "Wed, 16 Oct 2024 19:27:51 GMT",
        "ETag": "\"0x8DCEE18A08DF850\"",
        "Last-Modified": "Wed, 16 Oct 2024 19:27:52 GMT",
        "Server": [
          "Windows-Azure-File/1.0",
          "Microsoft-HTTPAPI/2.0"
        ],
        "x-ms-client-request-id": "Sanitized",
        "x-ms-file-attributes": "Archive",
        "x-ms-file-change-time": "2024-10-16T19:27:52.0052304Z",
        "x-ms-file-creation-time": "2024-10-16T19:27:51.9622557Z",
        "x-ms-file-id": "13835128424026341376",
        "x-ms-file-last-write-time": "2024-10-16T19:27:52.0052304Z",
        "x-ms-file-parent-id": "0",
        "x-ms-file-permission-key": "4010187179898695473*11459378189709739967",
        "x-ms-lease-state": "available",
        "x-ms-lease-status": "unlocked",
        "x-ms-request-id": "ddeeacf2-801a-0015-4301-20cd71000000",
        "x-ms-server-encrypted": "true",
        "x-ms-type": "File",
        "x-ms-version": "2025-05-05"
      },
      "ResponseBody": "rNjJ3Y+BEcAByYMENSRWrDHEMMt32NcA+X5b/CTABFEW+BrvmKUMTkx4q7/Z+4LawV7HQHz+ktQByOQQJRScQMQy7TwKZxSMt+J+/i0XJ/38gTvG+cTVGGZG7c/A+yg33Gr6pw5F0FpJO4iaf5On6qHnFKTZ1UcAXNXWw3pFy7w="
    },
    {
      "RequestUri": "https://seanmcccanary3.file.core.windows.net/test-share-77cf2964-882e-0c79-1917-a1fe07861edc/test-blob-8119a32e-ded0-296d-95cd-e159d2e8023d",
      "RequestMethod": "GET",
      "RequestHeaders": {
        "Accept": "application/xml",
        "Authorization": "Sanitized",
        "User-Agent": "azsdk-net-Storage.Files.Shares/12.21.0-alpha.20241016.1 (.NET 8.0.10; Microsoft Windows 10.0.26100)",
        "x-ms-client-request-id": "Sanitized",
        "x-ms-date": "Wed, 16 Oct 2024 19:27:52 GMT",
        "x-ms-range": "bytes=384-511",
        "x-ms-return-client-request-id": "true",
        "x-ms-version": "2025-05-05"
      },
      "RequestBody": null,
      "StatusCode": 206,
      "ResponseHeaders": {
        "Accept-Ranges": "bytes",
        "Content-Length": "128",
        "Content-Range": "bytes 384-511/1024",
        "Content-Type": "application/octet-stream",
        "Date": "Wed, 16 Oct 2024 19:27:51 GMT",
        "ETag": "\"0x8DCEE18A08DF850\"",
        "Last-Modified": "Wed, 16 Oct 2024 19:27:52 GMT",
        "Server": [
          "Windows-Azure-File/1.0",
          "Microsoft-HTTPAPI/2.0"
        ],
        "x-ms-client-request-id": "Sanitized",
        "x-ms-file-attributes": "Archive",
        "x-ms-file-change-time": "2024-10-16T19:27:52.0052304Z",
        "x-ms-file-creation-time": "2024-10-16T19:27:51.9622557Z",
        "x-ms-file-id": "13835128424026341376",
        "x-ms-file-last-write-time": "2024-10-16T19:27:52.0052304Z",
        "x-ms-file-parent-id": "0",
        "x-ms-file-permission-key": "4010187179898695473*11459378189709739967",
        "x-ms-lease-state": "available",
        "x-ms-lease-status": "unlocked",
        "x-ms-request-id": "ddeeacf3-801a-0015-4401-20cd71000000",
        "x-ms-server-encrypted": "true",
        "x-ms-type": "File",
        "x-ms-version": "2025-05-05"
      },
      "ResponseBody": "uUciwhyA77ex4Hy9OzqY0p8DLdnng10GIvpKOG4M4ARwy+A4ceTNIfhd8/hZisQiPAMkdhfx1TXpG58iNbZIpAB4TW9ZX2G6NQvhiZBkrZg2KPtr52nsfvaqT1VFq+tBFE744DxUyN2hakEMEEulhG0G6w263L2XjM55rxALdYo="
    },
    {
      "RequestUri": "https://seanmcccanary3.file.core.windows.net/test-share-77cf2964-882e-0c79-1917-a1fe07861edc/test-blob-8119a32e-ded0-296d-95cd-e159d2e8023d",
      "RequestMethod": "GET",
      "RequestHeaders": {
        "Accept": "application/xml",
        "Authorization": "Sanitized",
        "User-Agent": "azsdk-net-Storage.Files.Shares/12.21.0-alpha.20241016.1 (.NET 8.0.10; Microsoft Windows 10.0.26100)",
        "x-ms-client-request-id": "Sanitized",
        "x-ms-date": "Wed, 16 Oct 2024 19:27:52 GMT",
        "x-ms-range": "bytes=512-639",
        "x-ms-return-client-request-id": "true",
        "x-ms-version": "2025-05-05"
      },
      "RequestBody": null,
      "StatusCode": 206,
      "ResponseHeaders": {
        "Accept-Ranges": "bytes",
        "Content-Length": "128",
        "Content-Range": "bytes 512-639/1024",
        "Content-Type": "application/octet-stream",
        "Date": "Wed, 16 Oct 2024 19:27:51 GMT",
        "ETag": "\"0x8DCEE18A08DF850\"",
        "Last-Modified": "Wed, 16 Oct 2024 19:27:52 GMT",
        "Server": [
          "Windows-Azure-File/1.0",
          "Microsoft-HTTPAPI/2.0"
        ],
        "x-ms-client-request-id": "Sanitized",
        "x-ms-file-attributes": "Archive",
        "x-ms-file-change-time": "2024-10-16T19:27:52.0052304Z",
        "x-ms-file-creation-time": "2024-10-16T19:27:51.9622557Z",
        "x-ms-file-id": "13835128424026341376",
        "x-ms-file-last-write-time": "2024-10-16T19:27:52.0052304Z",
        "x-ms-file-parent-id": "0",
        "x-ms-file-permission-key": "4010187179898695473*11459378189709739967",
        "x-ms-lease-state": "available",
        "x-ms-lease-status": "unlocked",
        "x-ms-request-id": "ddeeacf5-801a-0015-4601-20cd71000000",
        "x-ms-server-encrypted": "true",
        "x-ms-type": "File",
        "x-ms-version": "2025-05-05"
      },
      "ResponseBody": "H6B0QWzMXOFgHsl9J+BuqgXK5z6/3oY4kGBUbtsZzJX0t+xw1mMXoaoKrZwTP2+sYM6pRiM2ykEZPLEMeO0GR1IziHDz/tShs0aUtTHqJFHwqA0Mb4ZxvuyrVpqyCii8A2VJ37f+uGL6CJLcohUPLhdfHNDf+dfLwcqESKc576g="
    },
    {
      "RequestUri": "https://seanmcccanary3.file.core.windows.net/test-share-77cf2964-882e-0c79-1917-a1fe07861edc/test-blob-8119a32e-ded0-296d-95cd-e159d2e8023d",
      "RequestMethod": "GET",
      "RequestHeaders": {
        "Accept": "application/xml",
        "Authorization": "Sanitized",
        "User-Agent": "azsdk-net-Storage.Files.Shares/12.21.0-alpha.20241016.1 (.NET 8.0.10; Microsoft Windows 10.0.26100)",
        "x-ms-client-request-id": "Sanitized",
        "x-ms-date": "Wed, 16 Oct 2024 19:27:52 GMT",
        "x-ms-range": "bytes=640-767",
        "x-ms-return-client-request-id": "true",
        "x-ms-version": "2025-05-05"
      },
      "RequestBody": null,
      "StatusCode": 206,
      "ResponseHeaders": {
        "Accept-Ranges": "bytes",
        "Content-Length": "128",
        "Content-Range": "bytes 640-767/1024",
        "Content-Type": "application/octet-stream",
        "Date": "Wed, 16 Oct 2024 19:27:51 GMT",
        "ETag": "\"0x8DCEE18A08DF850\"",
        "Last-Modified": "Wed, 16 Oct 2024 19:27:52 GMT",
        "Server": [
          "Windows-Azure-File/1.0",
          "Microsoft-HTTPAPI/2.0"
        ],
        "x-ms-client-request-id": "Sanitized",
        "x-ms-file-attributes": "Archive",
        "x-ms-file-change-time": "2024-10-16T19:27:52.0052304Z",
        "x-ms-file-creation-time": "2024-10-16T19:27:51.9622557Z",
        "x-ms-file-id": "13835128424026341376",
        "x-ms-file-last-write-time": "2024-10-16T19:27:52.0052304Z",
        "x-ms-file-parent-id": "0",
        "x-ms-file-permission-key": "4010187179898695473*11459378189709739967",
        "x-ms-lease-state": "available",
        "x-ms-lease-status": "unlocked",
        "x-ms-request-id": "ddeeacf7-801a-0015-4701-20cd71000000",
        "x-ms-server-encrypted": "true",
        "x-ms-type": "File",
        "x-ms-version": "2025-05-05"
      },
      "ResponseBody": "Htexy6BFmfHvqxJn85Qb1psoglLuWNwJjn0d7HpvusAZ6r7KZEON0sUq4DTncNgtrq2tfrecucX6pz0jJ613f/BRTQjWUXJXmq+MxHeoIh2l8D7MwjwIfDH4z7wGaqoYs2FDlSLPVl07VeMHD/VOUoUffTdvqr20SNHW3YG2UTA="
    },
    {
      "RequestUri": "https://seanmcccanary3.file.core.windows.net/test-share-77cf2964-882e-0c79-1917-a1fe07861edc/test-blob-8119a32e-ded0-296d-95cd-e159d2e8023d",
      "RequestMethod": "GET",
      "RequestHeaders": {
        "Accept": "application/xml",
        "Authorization": "Sanitized",
        "User-Agent": "azsdk-net-Storage.Files.Shares/12.21.0-alpha.20241016.1 (.NET 8.0.10; Microsoft Windows 10.0.26100)",
        "x-ms-client-request-id": "Sanitized",
        "x-ms-date": "Wed, 16 Oct 2024 19:27:52 GMT",
        "x-ms-range": "bytes=768-895",
        "x-ms-return-client-request-id": "true",
        "x-ms-version": "2025-05-05"
      },
      "RequestBody": null,
      "StatusCode": 206,
      "ResponseHeaders": {
        "Accept-Ranges": "bytes",
        "Content-Length": "128",
        "Content-Range": "bytes 768-895/1024",
        "Content-Type": "application/octet-stream",
        "Date": "Wed, 16 Oct 2024 19:27:51 GMT",
        "ETag": "\"0x8DCEE18A08DF850\"",
        "Last-Modified": "Wed, 16 Oct 2024 19:27:52 GMT",
        "Server": [
          "Windows-Azure-File/1.0",
          "Microsoft-HTTPAPI/2.0"
        ],
        "x-ms-client-request-id": "Sanitized",
        "x-ms-file-attributes": "Archive",
        "x-ms-file-change-time": "2024-10-16T19:27:52.0052304Z",
        "x-ms-file-creation-time": "2024-10-16T19:27:51.9622557Z",
        "x-ms-file-id": "13835128424026341376",
        "x-ms-file-last-write-time": "2024-10-16T19:27:52.0052304Z",
        "x-ms-file-parent-id": "0",
        "x-ms-file-permission-key": "4010187179898695473*11459378189709739967",
        "x-ms-lease-state": "available",
        "x-ms-lease-status": "unlocked",
        "x-ms-request-id": "ddeeacf8-801a-0015-4801-20cd71000000",
        "x-ms-server-encrypted": "true",
        "x-ms-type": "File",
        "x-ms-version": "2025-05-05"
      },
      "ResponseBody": "BXQQFmWM+9WZ4JFtWABtPKp9N+bsc6kIo45NUfl524UDswKb5Djt+CSonY4ZT1xHY5ozBH5rQ5HKB3LWP6ncIAULaqT+0ldyjz7BRNUb71QyBe5eRtcGl29w0NzFF7l7zH2IDeW3SZFCwHRAqv+8rxgeozq7fdktBdI0jQF6rHg="
    },
    {
      "RequestUri": "https://seanmcccanary3.file.core.windows.net/test-share-77cf2964-882e-0c79-1917-a1fe07861edc/test-blob-8119a32e-ded0-296d-95cd-e159d2e8023d",
      "RequestMethod": "GET",
      "RequestHeaders": {
        "Accept": "application/xml",
        "Authorization": "Sanitized",
        "User-Agent": "azsdk-net-Storage.Files.Shares/12.21.0-alpha.20241016.1 (.NET 8.0.10; Microsoft Windows 10.0.26100)",
        "x-ms-client-request-id": "Sanitized",
        "x-ms-date": "Wed, 16 Oct 2024 19:27:52 GMT",
        "x-ms-range": "bytes=896-1023",
        "x-ms-return-client-request-id": "true",
        "x-ms-version": "2025-05-05"
      },
      "RequestBody": null,
      "StatusCode": 206,
      "ResponseHeaders": {
        "Accept-Ranges": "bytes",
        "Content-Length": "128",
        "Content-Range": "bytes 896-1023/1024",
        "Content-Type": "application/octet-stream",
        "Date": "Wed, 16 Oct 2024 19:27:51 GMT",
        "ETag": "\"0x8DCEE18A08DF850\"",
        "Last-Modified": "Wed, 16 Oct 2024 19:27:52 GMT",
        "Server": [
          "Windows-Azure-File/1.0",
          "Microsoft-HTTPAPI/2.0"
        ],
        "x-ms-client-request-id": "Sanitized",
        "x-ms-file-attributes": "Archive",
        "x-ms-file-change-time": "2024-10-16T19:27:52.0052304Z",
        "x-ms-file-creation-time": "2024-10-16T19:27:51.9622557Z",
        "x-ms-file-id": "13835128424026341376",
        "x-ms-file-last-write-time": "2024-10-16T19:27:52.0052304Z",
        "x-ms-file-parent-id": "0",
        "x-ms-file-permission-key": "4010187179898695473*11459378189709739967",
        "x-ms-lease-state": "available",
        "x-ms-lease-status": "unlocked",
        "x-ms-request-id": "ddeeacfa-801a-0015-4a01-20cd71000000",
        "x-ms-server-encrypted": "true",
        "x-ms-type": "File",
        "x-ms-version": "2025-05-05"
      },
      "ResponseBody": "hEV4WJLhbnq7XBuFYsbscLQhxKdzf8BOo1oIEoK8j8cU/Ltlh2QcN68pfl5hVMs+5sTZ4LYEBAWFKbQ32Fv3/81UcWUKh+hQBI33SgBh7E+PySy94q4RD/e1312v5V5UMX+RDeJlNF/cidwoDboFIz1kqA4uOhweQmFuVaeKoB8="
    },
    {
      "RequestUri": "https://seanmcccanary3.file.core.windows.net/test-share-77cf2964-882e-0c79-1917-a1fe07861edc?restype=share",
      "RequestMethod": "DELETE",
      "RequestHeaders": {
        "Accept": "application/xml",
        "Authorization": "Sanitized",
        "traceparent": "00-c5f06bcac795ca86d30d189ce5fc37ad-e588c5814a77b87e-00",
        "User-Agent": "azsdk-net-Storage.Files.Shares/12.21.0-alpha.20241016.1 (.NET 8.0.10; Microsoft Windows 10.0.26100)",
        "x-ms-client-request-id": "Sanitized",
        "x-ms-date": "Wed, 16 Oct 2024 19:27:52 GMT",
        "x-ms-delete-snapshots": "include",
        "x-ms-return-client-request-id": "true",
        "x-ms-version": "2025-05-05"
      },
      "RequestBody": null,
      "StatusCode": 202,
      "ResponseHeaders": {
        "Content-Length": "0",
        "Date": "Wed, 16 Oct 2024 19:27:51 GMT",
        "Server": [
          "Windows-Azure-File/1.0",
          "Microsoft-HTTPAPI/2.0"
        ],
        "x-ms-client-request-id": "Sanitized",
        "x-ms-request-id": "ddeeacfc-801a-0015-4c01-20cd71000000",
        "x-ms-version": "2025-05-05"
      },
      "ResponseBody": null
    }
  ],
  "Variables": {
    "RandomSeed": "731378737",
    "Storage_TestConfigDefault": "ProductionTenant\nseanmcccanary3\nU2FuaXRpemVk\nhttps://seanmcccanary3.blob.core.windows.net\nhttps://seanmcccanary3.file.core.windows.net\nhttps://seanmcccanary3.queue.core.windows.net\nhttps://seanmcccanary3.table.core.windows.net\n\n\n\n\nhttps://seanmcccanary3-secondary.blob.core.windows.net\nhttps://seanmcccanary3-secondary.file.core.windows.net\nhttps://seanmcccanary3-secondary.queue.core.windows.net\nhttps://seanmcccanary3-secondary.table.core.windows.net\nCloud\nBlobEndpoint=https://seanmcccanary3.blob.core.windows.net/;QueueEndpoint=https://seanmcccanary3.queue.core.windows.net/;FileEndpoint=https://seanmcccanary3.file.core.windows.net/;BlobSecondaryEndpoint=https://seanmcccanary3-secondary.blob.core.windows.net/;QueueSecondaryEndpoint=https://seanmcccanary3-secondary.queue.core.windows.net/;FileSecondaryEndpoint=https://seanmcccanary3-secondary.file.core.windows.net/;AccountName=seanmcccanary3;AccountKey=Sanitized\nseanscope1\n\n"
  }
}
