{
  "Entries": [
    {
      "RequestUri": "https://api-dogfood.resources.windows-int.net/subscriptions/57373ba3-762f-45bf-8ee1-56691fbd8337/resourcegroups/Communication-RG-7808?api-version=2022-09-01",
      "RequestMethod": "GET",
      "RequestHeaders": {
        "Accept": "application/json",
        "Authorization": "Sanitized",
        "traceparent": "00-a25df8043deb1e4dcbcfc76ed499069c-d9208d0c9b8a267c-00",
        "User-Agent": "azsdk-net-ResourceManager/1.8.0 (.NET 6.0.24; Microsoft Windows 10.0.22631)",
        "x-ms-client-request-id": "0de1cad2e9418bed6f2d4672616522cc",
        "x-ms-return-client-request-id": "true"
      },
      "RequestBody": null,
      "StatusCode": 200,
      "ResponseHeaders": {
        "Cache-Control": "no-cache",
        "Content-Length": "239",
        "Content-Type": "application/json; charset=utf-8",
        "Date": "Sat, 04 Nov 2023 03:46:26 GMT",
        "Expires": "-1",
        "Pragma": "no-cache",
        "Strict-Transport-Security": "max-age=31536000; includeSubDomains",
        "X-Cache": "CONFIG_NOCACHE",
        "X-Content-Type-Options": "nosniff",
        "x-ms-correlation-request-id": "cbadf9b0-adb4-4924-ba21-f714389595a2",
        "x-ms-ratelimit-remaining-subscription-reads": "14532",
        "x-ms-request-id": "cbadf9b0-adb4-4924-ba21-f714389595a2",
        "x-ms-routing-request-id": "CENTRALUS:20231104T034627Z:cbadf9b0-adb4-4924-ba21-f714389595a2",
        "X-MSEdge-Ref": "Ref A: C31E448C1C2B493F9388EAB949B0DEEF Ref B: CO6AA3150220047 Ref C: 2023-11-04T03:46:27Z"
      },
      "ResponseBody": {
        "id": "/subscriptions/57373ba3-762f-45bf-8ee1-56691fbd8337/resourceGroups/Communication-RG-7808",
        "name": "Communication-RG-7808",
        "type": "Microsoft.Resources/resourceGroups",
        "location": "westus",
        "properties": {
          "provisioningState": "Succeeded"
        }
      }
    },
    {
      "RequestUri": "https://api-dogfood.resources.windows-int.net/subscriptions/57373ba3-762f-45bf-8ee1-56691fbd8337/resourceGroups/Communication-RG-7808/providers/Microsoft.Communication/emailServices/email-test6175?api-version=2023-06-01-preview",
      "RequestMethod": "GET",
      "RequestHeaders": {
        "Accept": "application/json",
        "Authorization": "Sanitized",
        "traceparent": "00-ec15f78bdbf0a71ee8b1899e9cbb43de-e99a37faf3101d2e-00",
        "User-Agent": "azsdk-net-ResourceManager.Communication/1.2.0-alpha.20231103.1 (.NET 6.0.24; Microsoft Windows 10.0.22631)",
        "x-ms-client-request-id": "1b8acf667240186a382e60aea2617c28",
        "x-ms-return-client-request-id": "true"
      },
      "RequestBody": null,
      "StatusCode": 200,
      "ResponseHeaders": {
        "Cache-Control": "no-cache",
        "Content-Length": "616",
        "Content-Type": "application/json; charset=utf-8",
        "Date": "Sat, 04 Nov 2023 03:46:27 GMT",
        "ETag": "\u002205011270-0000-0700-0000-6545be0b0000\u0022",
        "Expires": "-1",
        "Pragma": "no-cache",
        "Strict-Transport-Security": "max-age=31536000; includeSubDomains",
        "X-Cache": "CONFIG_NOCACHE",
        "X-Content-Type-Options": "nosniff",
        "x-ms-client-request-id": "1b8acf667240186a382e60aea2617c28",
        "x-ms-correlation-request-id": "687e17d2-b6c0-4f55-a6db-dd658b8a6901",
        "x-ms-providerhub-traffic": "True",
        "x-ms-ratelimit-remaining-subscription-reads": "14531",
        "x-ms-request-id": "c2940b58-1bf7-43c5-a8bc-3fc2c4cbdf05",
        "x-ms-routing-request-id": "CENTRALUS:20231104T034627Z:687e17d2-b6c0-4f55-a6db-dd658b8a6901",
        "X-MSEdge-Ref": "Ref A: 1566AAB4731E46859C5ADEE7C72CE83B Ref B: CO6AA3150220047 Ref C: 2023-11-04T03:46:27Z"
      },
      "ResponseBody": {
        "id": "/subscriptions/57373ba3-762f-45bf-8ee1-56691fbd8337/resourceGroups/Communication-RG-7808/providers/Microsoft.Communication/emailServices/email-test6175",
        "name": "email-test6175",
        "type": "microsoft.communication/emailservices",
        "location": "global",
        "tags": {},
        "systemData": {
          "createdBy": "64b355a6-555c-402b-8467-0592c9453fe5",
          "createdByType": "Application",
          "createdAt": "2023-11-04T03:44:00.3783313Z",
          "lastModifiedBy": "64b355a6-555c-402b-8467-0592c9453fe5",
          "lastModifiedByType": "Application",
          "lastModifiedAt": "2023-11-04T03:44:00.3783313Z"
        },
        "properties": {
          "provisioningState": "Succeeded",
          "dataLocation": "UnitedStates"
        }
      }
    },
    {
      "RequestUri": "https://api-dogfood.resources.windows-int.net/subscriptions/57373ba3-762f-45bf-8ee1-56691fbd8337/resourceGroups/Communication-RG-7808/providers/Microsoft.Communication/emailServices/email-test6175/domains/domain-9894.com?api-version=2023-06-01-preview",
      "RequestMethod": "GET",
      "RequestHeaders": {
        "Accept": "application/json",
        "Authorization": "Sanitized",
        "traceparent": "00-898de360730dac78191daa14391a4043-53d3171077dae0e8-00",
        "User-Agent": "azsdk-net-ResourceManager.Communication/1.2.0-alpha.20231103.1 (.NET 6.0.24; Microsoft Windows 10.0.22631)",
        "x-ms-client-request-id": "74d8eddde6011e4bb94698432291f9ef",
        "x-ms-return-client-request-id": "true"
      },
      "RequestBody": null,
      "StatusCode": 200,
      "ResponseHeaders": {
        "Cache-Control": "no-cache",
        "Content-Length": "1550",
        "Content-Type": "application/json; charset=utf-8",
        "Date": "Sat, 04 Nov 2023 03:46:27 GMT",
        "ETag": "\u002266020bd2-0000-0700-0000-6545be4f0000\u0022",
        "Expires": "-1",
        "Pragma": "no-cache",
        "Strict-Transport-Security": "max-age=31536000; includeSubDomains",
        "X-Cache": "CONFIG_NOCACHE",
        "X-Content-Type-Options": "nosniff",
        "x-ms-client-request-id": "74d8eddde6011e4bb94698432291f9ef",
        "x-ms-correlation-request-id": "d2ac6eff-dd1e-4dc8-9ed2-b5af5da989a5",
        "x-ms-providerhub-traffic": "True",
        "x-ms-ratelimit-remaining-subscription-reads": "14530",
        "x-ms-request-id": "80e0b339-eb0e-4256-94f4-e7521e6218c3",
        "x-ms-routing-request-id": "CENTRALUS:20231104T034627Z:d2ac6eff-dd1e-4dc8-9ed2-b5af5da989a5",
        "X-MSEdge-Ref": "Ref A: 913502EA47DE4B0381AF86AA6A1C5120 Ref B: CO6AA3150220047 Ref C: 2023-11-04T03:46:27Z"
      },
      "ResponseBody": {
        "id": "/subscriptions/57373ba3-762f-45bf-8ee1-56691fbd8337/resourceGroups/Communication-RG-7808/providers/Microsoft.Communication/emailServices/email-test6175/domains/domain-9894.com",
        "name": "domain-9894.com",
        "type": "microsoft.communication/emailservices/domains",
        "location": "global",
        "tags": {},
        "systemData": {
          "createdBy": "64b355a6-555c-402b-8467-0592c9453fe5",
          "createdByType": "Application",
          "createdAt": "2023-11-04T03:45:08.5823866Z",
          "lastModifiedBy": "64b355a6-555c-402b-8467-0592c9453fe5",
          "lastModifiedByType": "Application",
          "lastModifiedAt": "2023-11-04T03:45:08.5823866Z"
        },
        "properties": {
          "provisioningState": "Succeeded",
          "dataLocation": "unitedstates",
          "fromSenderDomain": "domain-9894.com",
          "mailFromSenderDomain": "domain-9894.com",
          "domainManagement": "CustomerManaged",
          "verificationStates": {
            "Domain": {
              "status": "NotStarted"
            },
            "SPF": {
              "status": "NotStarted"
            },
            "DKIM": {
              "status": "NotStarted"
            },
            "DKIM2": {
              "status": "NotStarted"
            },
            "DMARC": {
              "status": "NotStarted"
            }
          },
          "verificationRecords": {
            "Domain": {
              "type": "TXT",
              "name": "domain-9894.com",
              "value": "ms-domain-verification=54985781-89c2-4138-9d7b-9db0e2cb5046",
              "ttl": 3600
            },
            "SPF": {
              "type": "TXT",
              "name": "domain-9894.com",
              "value": "v=spf1 include:spf.protection.outlook.com -all",
              "ttl": 3600
            },
            "DKIM": {
              "type": "CNAME",
              "name": "selector1-azurecomm-dev-net._domainkey",
              "value": "selector1-azurecomm-dev-net._domainkey.azurecomm-dev.net",
              "ttl": 3600
            },
            "DKIM2": {
              "type": "CNAME",
              "name": "selector2-azurecomm-dev-net._domainkey",
              "value": "selector2-azurecomm-dev-net._domainkey.azurecomm-dev.net",
              "ttl": 3600
            }
          },
          "userEngagementTracking": "Disabled"
        }
      }
    },
    {
      "RequestUri": "https://api-dogfood.resources.windows-int.net/subscriptions/57373ba3-762f-45bf-8ee1-56691fbd8337/resourceGroups/Communication-RG-7808/providers/Microsoft.Communication/emailServices/email-test6175/domains/domain-9894.com/senderUsernames/un-9838?api-version=2023-06-01-preview",
      "RequestMethod": "PUT",
      "RequestHeaders": {
        "Accept": "application/json",
        "Authorization": "Sanitized",
        "Content-Length": "61",
        "Content-Type": "application/json",
        "traceparent": "00-84ad898faf5fe20b57ad8cf6e70d7429-f17c0bf50833194b-00",
        "User-Agent": "azsdk-net-ResourceManager.Communication/1.2.0-alpha.20231103.1 (.NET 6.0.24; Microsoft Windows 10.0.22631)",
        "x-ms-client-request-id": "8f06a2436001c960d512893fe80db11d",
        "x-ms-return-client-request-id": "true"
      },
      "RequestBody": {
        "properties": {
          "username": "un-9838",
          "displayName": "dn 1157"
        }
      },
      "StatusCode": 200,
      "ResponseHeaders": {
        "Cache-Control": "no-cache",
        "Content-Length": "666",
        "Content-Type": "application/json; charset=utf-8",
        "Date": "Sat, 04 Nov 2023 03:46:27 GMT",
        "Expires": "-1",
        "mise-correlation-id": "5ab98525-dfbd-4bca-b2ec-1e1f8321033f",
        "Pragma": "no-cache",
        "Strict-Transport-Security": "max-age=31536000; includeSubDomains",
        "X-Cache": "CONFIG_NOCACHE",
        "X-Content-Type-Options": "nosniff",
        "x-ms-client-request-id": "8f06a2436001c960d512893fe80db11d",
        "x-ms-correlation-request-id": "e967e119-f5f6-4eca-a1fd-eb3aba8db509",
        "x-ms-operation-identifier": "appId=64b355a6-555c-402b-8467-0592c9453fe5,tenantId=cb88adbe-a010-404f-944d-07a1002128a0,objectId=a0e1d767-1a45-476a-b7d7-736a09482629/centralus/9de7f4bd-22d5-4cce-b5b9-1f51cb4c784e",
        "x-ms-providerhub-traffic": "True",
        "x-ms-ratelimit-remaining-subscription-writes": "1158",
        "x-ms-request-id": "21bc4966-53ac-4d9f-91ca-e7977ae0244b",
        "x-ms-routing-request-id": "CENTRALUS:20231104T034628Z:e967e119-f5f6-4eca-a1fd-eb3aba8db509",
        "X-MSEdge-Ref": "Ref A: 5470838973274DC19C554E68D2AF81C4 Ref B: CO6AA3150220047 Ref C: 2023-11-04T03:46:27Z"
      },
      "ResponseBody": {
        "id": "/subscriptions/57373ba3-762f-45bf-8ee1-56691fbd8337/resourceGroups/Communication-RG-7808/providers/Microsoft.Communication/emailServices/email-test6175/domains/domain-9894.com/senderUsernames/un-9838",
        "name": "un-9838",
        "type": "microsoft.communication/emailservices/domains/senderusernames",
        "systemData": {
          "createdBy": "64b355a6-555c-402b-8467-0592c9453fe5",
          "createdByType": "Application",
          "createdAt": "2023-11-04T03:46:27.8174381Z",
          "lastModifiedBy": "64b355a6-555c-402b-8467-0592c9453fe5",
          "lastModifiedByType": "Application",
          "lastModifiedAt": "2023-11-04T03:46:27.8174381Z"
        },
        "properties": {
          "username": "un-9838",
          "displayName": "dn 1157",
          "provisioningState": "Succeeded"
        }
      }
    },
    {
      "RequestUri": "https://api-dogfood.resources.windows-int.net/subscriptions/57373ba3-762f-45bf-8ee1-56691fbd8337/resourceGroups/Communication-RG-7808/providers/Microsoft.Communication/emailServices/email-test6175/domains/domain-9894.com/senderUsernames?api-version=2023-06-01-preview",
      "RequestMethod": "GET",
      "RequestHeaders": {
        "Accept": "application/json",
        "Authorization": "Sanitized",
        "traceparent": "00-cf5d237888ac70731f5ea9cbdb9e976a-56e5eb6e90aeb796-00",
        "User-Agent": "azsdk-net-ResourceManager.Communication/1.2.0-alpha.20231103.1 (.NET 6.0.24; Microsoft Windows 10.0.22631)",
        "x-ms-client-request-id": "ae8c73957fca6b8461fad926f5a63570",
        "x-ms-return-client-request-id": "true"
      },
      "RequestBody": null,
      "StatusCode": 200,
      "ResponseHeaders": {
        "Cache-Control": "no-cache",
        "Content-Length": "689",
        "Content-Type": "application/json; charset=utf-8",
        "Date": "Sat, 04 Nov 2023 03:46:27 GMT",
        "Expires": "-1",
        "mise-correlation-id": "a621c27d-4194-40ab-ae22-25ea9d804ef5",
        "Pragma": "no-cache",
        "Strict-Transport-Security": "max-age=31536000; includeSubDomains",
        "X-Cache": "CONFIG_NOCACHE",
        "X-Content-Type-Options": "nosniff",
        "x-ms-client-request-id": "ae8c73957fca6b8461fad926f5a63570",
        "x-ms-correlation-request-id": "7b791738-20f2-45ba-851c-3dba98945c09",
        "x-ms-operation-identifier": "appId=64b355a6-555c-402b-8467-0592c9453fe5,tenantId=cb88adbe-a010-404f-944d-07a1002128a0,objectId=a0e1d767-1a45-476a-b7d7-736a09482629/centralus/fa574290-0d40-450a-975f-3b4b9a2c2685",
        "x-ms-providerhub-traffic": "True",
        "x-ms-ratelimit-remaining-subscription-reads": "14529",
        "x-ms-request-id": "29d585e4-5a62-47b3-963b-6e3c0b55f35d",
        "x-ms-routing-request-id": "CENTRALUS:20231104T034628Z:7b791738-20f2-45ba-851c-3dba98945c09",
        "X-MSEdge-Ref": "Ref A: 88FDCC55113642F2BB57AD1B3A32EF2A Ref B: CO6AA3150220047 Ref C: 2023-11-04T03:46:28Z"
      },
      "ResponseBody": {
        "value": [
          {
            "id": "/subscriptions/57373ba3-762f-45bf-8ee1-56691fbd8337/resourcegroups/communication-rg-7808/providers/microsoft.communication/emailservices/email-test6175/domains/domain-9894.com/senderusernames/donotreply",
            "name": "donotreply",
            "type": "emailservices/domains/senderusernames",
            "properties": {
              "username": "DoNotReply",
              "displayName": "DoNotReply"
            }
          },
          {
            "id": "/subscriptions/57373ba3-762f-45bf-8ee1-56691fbd8337/resourcegroups/communication-rg-7808/providers/microsoft.communication/emailservices/email-test6175/domains/domain-9894.com/senderusernames/un-9838",
            "name": "un-9838",
            "type": "emailservices/domains/senderusernames",
            "properties": {
              "username": "un-9838",
              "displayName": "dn 1157"
            }
          }
        ]
      }
    },
    {
      "RequestUri": "https://api-dogfood.resources.windows-int.net/subscriptions/57373ba3-762f-45bf-8ee1-56691fbd8337/resourceGroups/Communication-RG-7808/providers/Microsoft.Communication/emailServices/email-test6175/domains/domain-9894.com/senderUsernames?api-version=2023-06-01-preview",
      "RequestMethod": "GET",
      "RequestHeaders": {
        "Accept": "application/json",
        "Authorization": "Sanitized",
        "traceparent": "00-bc0e49c78d5a25db9096bd4d916a3f70-43dc1cbea6cdd63a-00",
        "User-Agent": "azsdk-net-ResourceManager.Communication/1.2.0-alpha.20231103.1 (.NET 6.0.24; Microsoft Windows 10.0.22631)",
        "x-ms-client-request-id": "d91e2e384e2178ec14381038947a5d8a",
        "x-ms-return-client-request-id": "true"
      },
      "RequestBody": null,
      "StatusCode": 200,
      "ResponseHeaders": {
        "Cache-Control": "no-cache",
        "Content-Length": "689",
        "Content-Type": "application/json; charset=utf-8",
        "Date": "Sat, 04 Nov 2023 03:46:28 GMT",
        "Expires": "-1",
        "mise-correlation-id": "99efa3d1-82d0-416a-be37-37da1b6d4927",
        "Pragma": "no-cache",
        "Strict-Transport-Security": "max-age=31536000; includeSubDomains",
        "X-Cache": "CONFIG_NOCACHE",
        "X-Content-Type-Options": "nosniff",
        "x-ms-client-request-id": "d91e2e384e2178ec14381038947a5d8a",
        "x-ms-correlation-request-id": "e6f10e78-cd98-45d2-a211-ff9aeb17a233",
        "x-ms-operation-identifier": "appId=64b355a6-555c-402b-8467-0592c9453fe5,tenantId=cb88adbe-a010-404f-944d-07a1002128a0,objectId=a0e1d767-1a45-476a-b7d7-736a09482629/centralus/55588a57-b726-4ebd-9395-7230311252cf",
        "x-ms-providerhub-traffic": "True",
        "x-ms-ratelimit-remaining-subscription-reads": "14528",
        "x-ms-request-id": "5790611b-d968-4df0-a1b3-c4077e44c568",
        "x-ms-routing-request-id": "CENTRALUS:20231104T034628Z:e6f10e78-cd98-45d2-a211-ff9aeb17a233",
        "X-MSEdge-Ref": "Ref A: 15DF6AA08AE147E9B8041B69E9497F9D Ref B: CO6AA3150220047 Ref C: 2023-11-04T03:46:28Z"
      },
      "ResponseBody": {
        "value": [
          {
            "id": "/subscriptions/57373ba3-762f-45bf-8ee1-56691fbd8337/resourcegroups/communication-rg-7808/providers/microsoft.communication/emailservices/email-test6175/domains/domain-9894.com/senderusernames/donotreply",
            "name": "donotreply",
            "type": "emailservices/domains/senderusernames",
            "properties": {
              "username": "DoNotReply",
              "displayName": "DoNotReply"
            }
          },
          {
            "id": "/subscriptions/57373ba3-762f-45bf-8ee1-56691fbd8337/resourcegroups/communication-rg-7808/providers/microsoft.communication/emailservices/email-test6175/domains/domain-9894.com/senderusernames/un-9838",
            "name": "un-9838",
            "type": "emailservices/domains/senderusernames",
            "properties": {
              "username": "un-9838",
              "displayName": "dn 1157"
            }
          }
        ]
      }
    },
    {
      "RequestUri": "https://api-dogfood.resources.windows-int.net/subscriptions/57373ba3-762f-45bf-8ee1-56691fbd8337/resourceGroups/communication-rg-7808/providers/Microsoft.Communication/emailServices/email-test6175/domains/domain-9894.com/senderUsernames/un-9838?api-version=2023-06-01-preview",
      "RequestMethod": "DELETE",
      "RequestHeaders": {
        "Accept": "application/json",
        "Authorization": "Sanitized",
        "traceparent": "00-c7b430d2cd12d4acffbd451a160f9681-7cad0643afb8063f-00",
        "User-Agent": "azsdk-net-ResourceManager.Communication/1.2.0-alpha.20231103.1 (.NET 6.0.24; Microsoft Windows 10.0.22631)",
        "x-ms-client-request-id": "85fc0492c763c3a91e9a2d068739d32f",
        "x-ms-return-client-request-id": "true"
      },
      "RequestBody": null,
      "StatusCode": 200,
      "ResponseHeaders": {
        "Cache-Control": "no-cache",
        "Content-Length": "4",
        "Content-Type": "application/json; charset=utf-8",
        "Date": "Sat, 04 Nov 2023 03:46:28 GMT",
        "Expires": "-1",
        "mise-correlation-id": "38cdc7ed-fcd4-4d5e-b3a9-c7bae445feb2",
        "Pragma": "no-cache",
        "Strict-Transport-Security": "max-age=31536000; includeSubDomains",
        "X-Cache": "CONFIG_NOCACHE",
        "X-Content-Type-Options": "nosniff",
        "x-ms-client-request-id": "85fc0492c763c3a91e9a2d068739d32f",
        "x-ms-correlation-request-id": "80f40232-0551-4bc6-9ac2-ca6be8fb0049",
        "x-ms-operation-identifier": "appId=64b355a6-555c-402b-8467-0592c9453fe5,tenantId=cb88adbe-a010-404f-944d-07a1002128a0,objectId=a0e1d767-1a45-476a-b7d7-736a09482629/centralus/523e4ab9-0cd6-4bb4-8b5b-e6170b5cad10",
        "x-ms-providerhub-traffic": "True",
        "x-ms-ratelimit-remaining-subscription-deletes": "14976",
        "x-ms-request-id": "7b4b15f8-3ca8-4006-8438-1a9898ecab2f",
        "x-ms-routing-request-id": "CENTRALUS:20231104T034628Z:80f40232-0551-4bc6-9ac2-ca6be8fb0049",
        "X-MSEdge-Ref": "Ref A: EC122D7C596147E6A7359DC805BF1814 Ref B: CO6AA3150220047 Ref C: 2023-11-04T03:46:28Z"
      },
      "ResponseBody": "null"
    }
  ],
  "Variables": {
    "AZURE_AUTHORITY_HOST": "https://login.windows-ppe.net/",
    "RandomSeed": "1495218607",
    "RESOURCE_MANAGER_URL": "https://api-dogfood.resources.windows-int.net/",
    "SUBSCRIPTION_ID": "57373ba3-762f-45bf-8ee1-56691fbd8337"
  }
}
