{
  "Entries": [
    {
      "RequestUri": "https://fakestorageaccount.file.core.windows.net/share171439363217509778?restype=share",
      "RequestMethod": "PUT",
      "RequestHeaders": {
        "Accept": "application/xml",
        "Accept-Encoding": "gzip, deflate, br",
        "Connection": "keep-alive",
        "Content-Length": "0",
        "Origin": "http://localhost:9876",
        "Referer": "http://localhost:9876/",
        "sec-ch-ua": "\"HeadlessChrome\";v=\"123\", \"Not:A-Brand\";v=\"8\", \"Chromium\";v=\"123\"",
        "sec-ch-ua-mobile": "?0",
        "sec-ch-ua-platform": "\"Windows\"",
        "Sec-Fetch-Dest": "empty",
        "Sec-Fetch-Mode": "cors",
        "Sec-Fetch-Site": "same-site",
        "User-Agent": "Mozilla/5.0 (Windows NT 10.0; Win64; x64) AppleWebKit/537.36 (KHTML, like Gecko) HeadlessChrome/123.0.6312.122 Safari/537.36",
        "x-ms-client-request-id": "bfab8ab6-dcc4-4f29-a457-743d981ad702",
        "x-ms-useragent": "azsdk-js-azure-storage-blob/12.23.0-beta.2 core-rest-pipeline/1.15.3 OS/Windows",
        "x-ms-version": "2023-11-03"
      },
      "RequestBody": null,
      "StatusCode": 201,
      "ResponseHeaders": {
        "Access-Control-Allow-Origin": "*",
        "Access-Control-Expose-Headers": "x-ms-request-id,x-ms-client-request-id,Server,x-ms-version,Last-Modified,ETag,Content-Length,Date,Transfer-Encoding",
        "Content-Length": "0",
        "Date": "Mon, 29 Apr 2024 12:27:12 GMT",
        "ETag": "\"0x8DC6847B294110B\"",
        "Last-Modified": "Mon, 29 Apr 2024 12:27:12 GMT",
        "Server": [
          "Windows-Azure-File/1.0",
          "Microsoft-HTTPAPI/2.0"
        ],
        "x-ms-client-request-id": "bfab8ab6-dcc4-4f29-a457-743d981ad702",
        "x-ms-request-id": "d544eb8f-701a-0028-2530-9af289000000",
        "x-ms-version": "2023-11-03"
      },
      "ResponseBody": null
    },
    {
      "RequestUri": "https://fakestorageaccount.file.core.windows.net/share171439363217509778/dir171439363228704707?restype=directory",
      "RequestMethod": "PUT",
      "RequestHeaders": {
        "Accept": "application/xml",
        "Accept-Encoding": "gzip, deflate, br",
        "Connection": "keep-alive",
        "Content-Length": "0",
        "Origin": "http://localhost:9876",
        "Referer": "http://localhost:9876/",
        "sec-ch-ua": "\"HeadlessChrome\";v=\"123\", \"Not:A-Brand\";v=\"8\", \"Chromium\";v=\"123\"",
        "sec-ch-ua-mobile": "?0",
        "sec-ch-ua-platform": "\"Windows\"",
        "Sec-Fetch-Dest": "empty",
        "Sec-Fetch-Mode": "cors",
        "Sec-Fetch-Site": "same-site",
        "User-Agent": "Mozilla/5.0 (Windows NT 10.0; Win64; x64) AppleWebKit/537.36 (KHTML, like Gecko) HeadlessChrome/123.0.6312.122 Safari/537.36",
        "x-ms-client-request-id": "b2773c48-dd62-465d-98a8-0fd68db3e963",
        "x-ms-file-attributes": "Directory",
        "x-ms-file-creation-time": "now",
        "x-ms-file-last-write-time": "now",
        "x-ms-file-permission": "inherit",
        "x-ms-useragent": "azsdk-js-azure-storage-blob/12.23.0-beta.2 core-rest-pipeline/1.15.3 OS/Windows",
        "x-ms-version": "2023-11-03"
      },
      "RequestBody": null,
      "StatusCode": 201,
      "ResponseHeaders": {
        "Access-Control-Allow-Origin": "*",
        "Access-Control-Expose-Headers": "x-ms-request-id,x-ms-client-request-id,Server,x-ms-version,Last-Modified,ETag,x-ms-file-change-time,x-ms-file-last-write-time,x-ms-file-creation-time,x-ms-file-permission-key,x-ms-file-attributes,x-ms-file-id,x-ms-file-parent-id,x-ms-request-server-encrypted,Content-Length,Date,Transfer-Encoding",
        "Content-Length": "0",
        "Date": "Mon, 29 Apr 2024 12:27:12 GMT",
        "ETag": "\"0x8DC6847B2A5DFA5\"",
        "Last-Modified": "Mon, 29 Apr 2024 12:27:12 GMT",
        "Server": [
          "Windows-Azure-File/1.0",
          "Microsoft-HTTPAPI/2.0"
        ],
        "x-ms-client-request-id": "b2773c48-dd62-465d-98a8-0fd68db3e963",
        "x-ms-file-attributes": "Directory",
        "x-ms-file-change-time": "2024-04-29T12:27:12.8949669Z",
        "x-ms-file-creation-time": "2024-04-29T12:27:12.8949669Z",
        "x-ms-file-id": "13835128424026341376",
        "x-ms-file-last-write-time": "2024-04-29T12:27:12.8949669Z",
        "x-ms-file-parent-id": "0",
        "x-ms-file-permission-key": "9255856626508002348*16764736045797335973",
        "x-ms-request-id": "d544eb91-701a-0028-2630-9af289000000",
        "x-ms-request-server-encrypted": "true",
        "x-ms-version": "2023-11-03"
      },
      "ResponseBody": null
    },
    {
      "RequestUri": "https://fakestorageaccount.file.core.windows.net/share171439363217509778/destdir171439363240405191?",
      "RequestMethod": "PUT",
      "RequestHeaders": {
        "Accept": "application/xml",
        "Accept-Encoding": "gzip, deflate, br",
        "Connection": "keep-alive",
        "Content-Length": "0",
        "Origin": "http://localhost:9876",
        "Referer": "http://localhost:9876/",
        "sec-ch-ua": "\"HeadlessChrome\";v=\"123\", \"Not:A-Brand\";v=\"8\", \"Chromium\";v=\"123\"",
        "sec-ch-ua-mobile": "?0",
        "sec-ch-ua-platform": "\"Windows\"",
        "Sec-Fetch-Dest": "empty",
        "Sec-Fetch-Mode": "cors",
        "Sec-Fetch-Site": "same-site",
        "User-Agent": "Mozilla/5.0 (Windows NT 10.0; Win64; x64) AppleWebKit/537.36 (KHTML, like Gecko) HeadlessChrome/123.0.6312.122 Safari/537.36",
        "x-ms-client-request-id": "ed40121a-d328-465f-8381-cc7d9488a580",
        "x-ms-content-length": "1024",
        "x-ms-file-attributes": "ReadOnly",
        "x-ms-file-creation-time": "now",
        "x-ms-file-last-write-time": "now",
        "x-ms-file-permission": "inherit",
        "x-ms-type": "file",
        "x-ms-useragent": "azsdk-js-azure-storage-blob/12.23.0-beta.2 core-rest-pipeline/1.15.3 OS/Windows",
        "x-ms-version": "2023-11-03"
      },
      "RequestBody": null,
      "StatusCode": 201,
      "ResponseHeaders": {
        "Access-Control-Allow-Origin": "*",
        "Access-Control-Expose-Headers": "x-ms-request-id,x-ms-client-request-id,Server,x-ms-version,Last-Modified,ETag,x-ms-file-change-time,x-ms-file-last-write-time,x-ms-file-creation-time,x-ms-file-permission-key,x-ms-file-attributes,x-ms-file-id,x-ms-file-parent-id,x-ms-request-server-encrypted,Content-Length,Date,Transfer-Encoding",
        "Content-Length": "0",
        "Date": "Mon, 29 Apr 2024 12:27:12 GMT",
        "ETag": "\"0x8DC6847B2B74241\"",
        "Last-Modified": "Mon, 29 Apr 2024 12:27:13 GMT",
        "Server": [
          "Windows-Azure-File/1.0",
          "Microsoft-HTTPAPI/2.0"
        ],
        "x-ms-client-request-id": "ed40121a-d328-465f-8381-cc7d9488a580",
        "x-ms-file-attributes": "ReadOnly | Archive",
        "x-ms-file-change-time": "2024-04-29T12:27:13.0089025Z",
        "x-ms-file-creation-time": "2024-04-29T12:27:13.0089025Z",
        "x-ms-file-id": "11529285414812647424",
        "x-ms-file-last-write-time": "2024-04-29T12:27:13.0089025Z",
        "x-ms-file-parent-id": "0",
        "x-ms-file-permission-key": "4614121289425226539*16764736045797335973",
        "x-ms-request-id": "d544eb92-701a-0028-2730-9af289000000",
        "x-ms-request-server-encrypted": "true",
        "x-ms-version": "2023-11-03"
      },
      "ResponseBody": null
    },
    {
      "RequestUri": "https://fakestorageaccount.file.core.windows.net/share171439363217509778/destdir171439363240405191?restype=directory&comp=rename",
      "RequestMethod": "PUT",
      "RequestHeaders": {
        "Accept": "application/xml",
        "Accept-Encoding": "gzip, deflate, br",
        "Connection": "keep-alive",
        "Content-Length": "0",
        "Origin": "http://localhost:9876",
        "Referer": "http://localhost:9876/",
        "sec-ch-ua": "\"HeadlessChrome\";v=\"123\", \"Not:A-Brand\";v=\"8\", \"Chromium\";v=\"123\"",
        "sec-ch-ua-mobile": "?0",
        "sec-ch-ua-platform": "\"Windows\"",
        "Sec-Fetch-Dest": "empty",
        "Sec-Fetch-Mode": "cors",
        "Sec-Fetch-Site": "same-site",
        "User-Agent": "Mozilla/5.0 (Windows NT 10.0; Win64; x64) AppleWebKit/537.36 (KHTML, like Gecko) HeadlessChrome/123.0.6312.122 Safari/537.36",
        "x-ms-client-request-id": "12cda981-021a-41dd-ac50-4e8171ab1c3a",
        "x-ms-file-rename-ignore-readonly": "true",
        "x-ms-file-rename-replace-if-exists": "true",
        "x-ms-useragent": "azsdk-js-azure-storage-blob/12.23.0-beta.2 core-rest-pipeline/1.15.3 OS/Windows",
        "x-ms-version": "2023-11-03"
      },
      "RequestBody": null,
      "StatusCode": 200,
      "ResponseHeaders": {
        "Access-Control-Allow-Origin": "*",
        "Access-Control-Expose-Headers": "x-ms-request-id,x-ms-client-request-id,Server,x-ms-version,Last-Modified,ETag,x-ms-file-change-time,x-ms-file-last-write-time,x-ms-file-creation-time,x-ms-file-id,x-ms-file-parent-id,x-ms-file-permission-key,x-ms-file-attributes,x-ms-request-server-encrypted,Content-Length,Date,Transfer-Encoding",
        "Content-Length": "0",
        "Date": "Mon, 29 Apr 2024 12:27:12 GMT",
        "ETag": "\"0x8DC6847B2C9B625\"",
        "Last-Modified": "Mon, 29 Apr 2024 12:27:13 GMT",
        "Server": [
          "Windows-Azure-File/1.0",
          "Microsoft-HTTPAPI/2.0"
        ],
        "x-ms-client-request-id": "12cda981-021a-41dd-ac50-4e8171ab1c3a",
        "x-ms-file-attributes": "Directory",
        "x-ms-file-change-time": "2024-04-29T12:27:13.1298341Z",
        "x-ms-file-creation-time": "2024-04-29T12:27:12.8949669Z",
        "x-ms-file-id": "13835128424026341376",
        "x-ms-file-last-write-time": "2024-04-29T12:27:12.8949669Z",
        "x-ms-file-parent-id": "0",
        "x-ms-file-permission-key": "9255856626508002348*16764736045797335973",
        "x-ms-request-id": "d544eb93-701a-0028-2830-9af289000000",
        "x-ms-request-server-encrypted": "true",
        "x-ms-version": "2023-11-03"
      },
      "ResponseBody": null
    },
    {
      "RequestUri": "https://fakestorageaccount.file.core.windows.net/share171439363217509778/destdir171439363240405191?restype=directory&",
      "RequestMethod": "GET",
      "RequestHeaders": {
        "Accept": "application/xml",
        "Accept-Encoding": "gzip, deflate, br",
        "Connection": "keep-alive",
        "Origin": "http://localhost:9876",
        "Referer": "http://localhost:9876/",
        "sec-ch-ua": "\"HeadlessChrome\";v=\"123\", \"Not:A-Brand\";v=\"8\", \"Chromium\";v=\"123\"",
        "sec-ch-ua-mobile": "?0",
        "sec-ch-ua-platform": "\"Windows\"",
        "Sec-Fetch-Dest": "empty",
        "Sec-Fetch-Mode": "cors",
        "Sec-Fetch-Site": "same-site",
        "User-Agent": "Mozilla/5.0 (Windows NT 10.0; Win64; x64) AppleWebKit/537.36 (KHTML, like Gecko) HeadlessChrome/123.0.6312.122 Safari/537.36",
        "x-ms-client-request-id": "af2f8bb1-beae-40eb-80b6-6d0930a38e66",
        "x-ms-useragent": "azsdk-js-azure-storage-blob/12.23.0-beta.2 core-rest-pipeline/1.15.3 OS/Windows",
        "x-ms-version": "2023-11-03"
      },
      "RequestBody": null,
      "StatusCode": 200,
      "ResponseHeaders": {
        "Access-Control-Allow-Origin": "*",
        "Access-Control-Expose-Headers": "x-ms-request-id,x-ms-client-request-id,Server,x-ms-version,Last-Modified,ETag,x-ms-server-encrypted,x-ms-file-change-time,x-ms-file-last-write-time,x-ms-file-creation-time,x-ms-file-id,x-ms-file-parent-id,x-ms-file-permission-key,x-ms-file-attributes,Content-Length,Date,Transfer-Encoding",
        "Content-Length": "0",
        "Date": "Mon, 29 Apr 2024 12:27:12 GMT",
        "ETag": "\"0x8DC6847B2C9B625\"",
        "Last-Modified": "Mon, 29 Apr 2024 12:27:13 GMT",
        "Server": [
          "Windows-Azure-File/1.0",
          "Microsoft-HTTPAPI/2.0"
        ],
        "x-ms-client-request-id": "af2f8bb1-beae-40eb-80b6-6d0930a38e66",
        "x-ms-file-attributes": "Directory",
        "x-ms-file-change-time": "2024-04-29T12:27:13.1298341Z",
        "x-ms-file-creation-time": "2024-04-29T12:27:12.8949669Z",
        "x-ms-file-id": "13835128424026341376",
        "x-ms-file-last-write-time": "2024-04-29T12:27:12.8949669Z",
        "x-ms-file-parent-id": "0",
        "x-ms-file-permission-key": "9255856626508002348*16764736045797335973",
        "x-ms-request-id": "d544eb99-701a-0028-2c30-9af289000000",
        "x-ms-server-encrypted": "true",
        "x-ms-version": "2023-11-03"
      },
      "ResponseBody": null
    },
    {
      "RequestUri": "https://fakestorageaccount.file.core.windows.net/share171439363217509778/dir171439363228704707?restype=directory&",
      "RequestMethod": "GET",
      "RequestHeaders": {
        "Accept": "application/xml",
        "Accept-Encoding": "gzip, deflate, br",
        "Connection": "keep-alive",
        "Origin": "http://localhost:9876",
        "Referer": "http://localhost:9876/",
        "sec-ch-ua": "\"HeadlessChrome\";v=\"123\", \"Not:A-Brand\";v=\"8\", \"Chromium\";v=\"123\"",
        "sec-ch-ua-mobile": "?0",
        "sec-ch-ua-platform": "\"Windows\"",
        "Sec-Fetch-Dest": "empty",
        "Sec-Fetch-Mode": "cors",
        "Sec-Fetch-Site": "same-site",
        "User-Agent": "Mozilla/5.0 (Windows NT 10.0; Win64; x64) AppleWebKit/537.36 (KHTML, like Gecko) HeadlessChrome/123.0.6312.122 Safari/537.36",
        "x-ms-client-request-id": "11c967fd-56f8-4058-8e8e-552559400d3a",
        "x-ms-useragent": "azsdk-js-azure-storage-blob/12.23.0-beta.2 core-rest-pipeline/1.15.3 OS/Windows",
        "x-ms-version": "2023-11-03"
      },
      "RequestBody": null,
      "StatusCode": 404,
      "ResponseHeaders": {
        "Access-Control-Allow-Origin": "*",
        "Access-Control-Expose-Headers": "x-ms-request-id,x-ms-client-request-id,Server,x-ms-version,x-ms-error-code,Content-Length,Date,Transfer-Encoding",
        "Content-Length": "223",
        "Content-Type": "application/xml",
        "Date": "Mon, 29 Apr 2024 12:27:12 GMT",
        "Server": [
          "Windows-Azure-File/1.0",
          "Microsoft-HTTPAPI/2.0"
        ],
        "x-ms-client-request-id": "11c967fd-56f8-4058-8e8e-552559400d3a",
        "x-ms-error-code": "ResourceNotFound",
        "x-ms-request-id": "d544eb9a-701a-0028-2d30-9af289000000",
        "x-ms-version": "2023-11-03"
      },
      "ResponseBody": [
        "\uFEFF<?xml version=\"1.0\" encoding=\"utf-8\"?><Error><Code>ResourceNotFound</Code><Message>The specified resource does not exist.\n",
        "RequestId:d544eb9a-701a-0028-2d30-9af289000000\n",
        "Time:2024-04-29T12:27:13.3589316Z</Message></Error>"
      ]
    },
    {
      "RequestUri": "https://fakestorageaccount.file.core.windows.net/share171439363217509778?restype=share",
      "RequestMethod": "DELETE",
      "RequestHeaders": {
        "Accept": "application/xml",
        "Accept-Encoding": "gzip, deflate, br",
        "Connection": "keep-alive",
        "Origin": "http://localhost:9876",
        "Referer": "http://localhost:9876/",
        "sec-ch-ua": "\"HeadlessChrome\";v=\"123\", \"Not:A-Brand\";v=\"8\", \"Chromium\";v=\"123\"",
        "sec-ch-ua-mobile": "?0",
        "sec-ch-ua-platform": "\"Windows\"",
        "Sec-Fetch-Dest": "empty",
        "Sec-Fetch-Mode": "cors",
        "Sec-Fetch-Site": "same-site",
        "User-Agent": "Mozilla/5.0 (Windows NT 10.0; Win64; x64) AppleWebKit/537.36 (KHTML, like Gecko) HeadlessChrome/123.0.6312.122 Safari/537.36",
        "x-ms-client-request-id": "a1d511ae-5f21-47b7-8299-409b3a04b356",
        "x-ms-useragent": "azsdk-js-azure-storage-blob/12.23.0-beta.2 core-rest-pipeline/1.15.3 OS/Windows",
        "x-ms-version": "2023-11-03"
      },
      "RequestBody": null,
      "StatusCode": 202,
      "ResponseHeaders": {
        "Access-Control-Allow-Origin": "*",
        "Access-Control-Expose-Headers": "x-ms-request-id,x-ms-client-request-id,Server,x-ms-version,Content-Length,Date,Transfer-Encoding",
        "Content-Length": "0",
        "Date": "Mon, 29 Apr 2024 12:27:12 GMT",
        "Server": [
          "Windows-Azure-File/1.0",
          "Microsoft-HTTPAPI/2.0"
        ],
        "x-ms-client-request-id": "a1d511ae-5f21-47b7-8299-409b3a04b356",
        "x-ms-request-id": "d544eb9b-701a-0028-2e30-9af289000000",
        "x-ms-version": "2023-11-03"
      },
      "ResponseBody": null
    }
  ],
  "Variables": {
    "destdir": "destdir171439363240405191",
    "dir": "dir171439363228704707",
    "share": "share171439363217509778"
  }
}
