{
  "Entries": [
    {
      "RequestUri": "https://fakesdaccount.file.core.windows.net/share169472059916007106?restype=share",
      "RequestMethod": "PUT",
      "RequestHeaders": {
        "Accept": "application/xml",
        "Accept-Encoding": "gzip, deflate, br",
        "Accept-Language": "en-US",
        "Connection": "keep-alive",
        "Content-Length": "0",
        "Origin": "http://localhost:9876",
        "Referer": "http://localhost:9876/",
        "sec-ch-ua": "",
        "sec-ch-ua-mobile": "?0",
        "sec-ch-ua-platform": "\u0022\u0022",
        "Sec-Fetch-Dest": "empty",
        "Sec-Fetch-Mode": "cors",
        "Sec-Fetch-Site": "same-site",
        "User-Agent": "Mozilla/5.0 (Windows NT 10.0; Win64; x64) AppleWebKit/537.36 (KHTML, like Gecko) HeadlessChrome/112.0.5614.0 Safari/537.36",
        "x-ms-client-request-id": "10f09c00-5d62-4823-8d3e-de0d8281b0df",
        "x-ms-useragent": "azsdk-js-azure-storage-blob/12.20.0 core-rest-pipeline/1.12.2 OS",
        "x-ms-version": "2023-01-03"
      },
      "RequestBody": null,
      "StatusCode": 201,
      "ResponseHeaders": {
        "Content-Length": "0",
        "Date": "Thu, 14 Sep 2023 19:43:19 GMT",
        "ETag": "\u00220x8DBB55AD95919AB\u0022",
        "Last-Modified": "Thu, 14 Sep 2023 19:43:20 GMT",
        "Server": [
          "Windows-Azure-File/1.0",
          "Microsoft-HTTPAPI/2.0"
        ],
        "x-ms-client-request-id": "10f09c00-5d62-4823-8d3e-de0d8281b0df",
        "x-ms-request-id": "4a84c1fb-101a-002e-2443-e7c136000000",
        "x-ms-version": "2023-01-03"
      },
      "ResponseBody": null
    },
    {
      "RequestUri": "https://fakesdaccount.file.core.windows.net/share169472059916007106/dir169472059927106813?restype=directory",
      "RequestMethod": "PUT",
      "RequestHeaders": {
        "Accept": "application/xml",
        "Accept-Encoding": "gzip, deflate, br",
        "Accept-Language": "en-US",
        "Connection": "keep-alive",
        "Content-Length": "0",
        "Origin": "http://localhost:9876",
        "Referer": "http://localhost:9876/",
        "sec-ch-ua": "",
        "sec-ch-ua-mobile": "?0",
        "sec-ch-ua-platform": "\u0022\u0022",
        "Sec-Fetch-Dest": "empty",
        "Sec-Fetch-Mode": "cors",
        "Sec-Fetch-Site": "same-site",
        "User-Agent": "Mozilla/5.0 (Windows NT 10.0; Win64; x64) AppleWebKit/537.36 (KHTML, like Gecko) HeadlessChrome/112.0.5614.0 Safari/537.36",
        "x-ms-client-request-id": "43883317-48c4-4a57-bf4d-0465ba4a6437",
        "x-ms-file-attributes": "Directory",
        "x-ms-file-creation-time": "now",
        "x-ms-file-last-write-time": "now",
        "x-ms-file-permission": "inherit",
        "x-ms-useragent": "azsdk-js-azure-storage-blob/12.20.0 core-rest-pipeline/1.12.2 OS",
        "x-ms-version": "2023-01-03"
      },
      "RequestBody": null,
      "StatusCode": 201,
      "ResponseHeaders": {
        "Content-Length": "0",
        "Date": "Thu, 14 Sep 2023 19:43:19 GMT",
        "ETag": "\u00220x8DBB55AD96A9A78\u0022",
        "Last-Modified": "Thu, 14 Sep 2023 19:43:20 GMT",
        "Server": [
          "Windows-Azure-File/1.0",
          "Microsoft-HTTPAPI/2.0"
        ],
        "x-ms-client-request-id": "43883317-48c4-4a57-bf4d-0465ba4a6437",
        "x-ms-file-attributes": "Directory",
        "x-ms-file-change-time": "2023-09-14T19:43:20.2383480Z",
        "x-ms-file-creation-time": "2023-09-14T19:43:20.2383480Z",
        "x-ms-file-id": "13835128424026341376",
        "x-ms-file-last-write-time": "2023-09-14T19:43:20.2383480Z",
        "x-ms-file-parent-id": "0",
        "x-ms-file-permission-key": "9255856626508002348*16764736045797335973",
        "x-ms-request-id": "4a84c1fd-101a-002e-2543-e7c136000000",
        "x-ms-request-server-encrypted": "true",
        "x-ms-version": "2023-01-03"
      },
      "ResponseBody": null
    },
    {
      "RequestUri": "https://fakesdaccount.file.core.windows.net/share169472059916007106/dir169472059927106813/dir0169472059938501753?restype=directory",
      "RequestMethod": "PUT",
      "RequestHeaders": {
        "Accept": "application/xml",
        "Accept-Encoding": "gzip, deflate, br",
        "Accept-Language": "en-US",
        "Connection": "keep-alive",
        "Content-Length": "0",
        "Origin": "http://localhost:9876",
        "Referer": "http://localhost:9876/",
        "sec-ch-ua": "",
        "sec-ch-ua-mobile": "?0",
        "sec-ch-ua-platform": "\u0022\u0022",
        "Sec-Fetch-Dest": "empty",
        "Sec-Fetch-Mode": "cors",
        "Sec-Fetch-Site": "same-site",
        "User-Agent": "Mozilla/5.0 (Windows NT 10.0; Win64; x64) AppleWebKit/537.36 (KHTML, like Gecko) HeadlessChrome/112.0.5614.0 Safari/537.36",
        "x-ms-client-request-id": "20101c39-4c65-43f9-ba38-c16878a9f6c5",
        "x-ms-file-attributes": "Directory",
        "x-ms-file-creation-time": "now",
        "x-ms-file-last-write-time": "now",
        "x-ms-file-permission": "inherit",
        "x-ms-useragent": "azsdk-js-azure-storage-blob/12.20.0 core-rest-pipeline/1.12.2 OS",
        "x-ms-version": "2023-01-03"
      },
      "RequestBody": null,
      "StatusCode": 201,
      "ResponseHeaders": {
        "Content-Length": "0",
        "Date": "Thu, 14 Sep 2023 19:43:19 GMT",
        "ETag": "\u00220x8DBB55AD97BAF00\u0022",
        "Last-Modified": "Thu, 14 Sep 2023 19:43:20 GMT",
        "Server": [
          "Windows-Azure-File/1.0",
          "Microsoft-HTTPAPI/2.0"
        ],
        "x-ms-client-request-id": "20101c39-4c65-43f9-ba38-c16878a9f6c5",
        "x-ms-file-attributes": "Directory",
        "x-ms-file-change-time": "2023-09-14T19:43:20.3502848Z",
        "x-ms-file-creation-time": "2023-09-14T19:43:20.3502848Z",
        "x-ms-file-id": "11529285414812647424",
        "x-ms-file-last-write-time": "2023-09-14T19:43:20.3502848Z",
        "x-ms-file-parent-id": "13835128424026341376",
        "x-ms-file-permission-key": "9255856626508002348*16764736045797335973",
        "x-ms-request-id": "4a84c200-101a-002e-2643-e7c136000000",
        "x-ms-request-server-encrypted": "true",
        "x-ms-version": "2023-01-03"
      },
      "ResponseBody": null
    },
    {
      "RequestUri": "https://fakesdaccount.file.core.windows.net/share169472059916007106/dir169472059927106813/dir1169472059949604001?restype=directory",
      "RequestMethod": "PUT",
      "RequestHeaders": {
        "Accept": "application/xml",
        "Accept-Encoding": "gzip, deflate, br",
        "Accept-Language": "en-US",
        "Connection": "keep-alive",
        "Content-Length": "0",
        "Origin": "http://localhost:9876",
        "Referer": "http://localhost:9876/",
        "sec-ch-ua": "",
        "sec-ch-ua-mobile": "?0",
        "sec-ch-ua-platform": "\u0022\u0022",
        "Sec-Fetch-Dest": "empty",
        "Sec-Fetch-Mode": "cors",
        "Sec-Fetch-Site": "same-site",
        "User-Agent": "Mozilla/5.0 (Windows NT 10.0; Win64; x64) AppleWebKit/537.36 (KHTML, like Gecko) HeadlessChrome/112.0.5614.0 Safari/537.36",
        "x-ms-client-request-id": "cf6e7e07-c558-40bf-907c-690bb767782b",
        "x-ms-file-attributes": "Directory",
        "x-ms-file-creation-time": "now",
        "x-ms-file-last-write-time": "now",
        "x-ms-file-permission": "inherit",
        "x-ms-useragent": "azsdk-js-azure-storage-blob/12.20.0 core-rest-pipeline/1.12.2 OS",
        "x-ms-version": "2023-01-03"
      },
      "RequestBody": null,
      "StatusCode": 201,
      "ResponseHeaders": {
        "Content-Length": "0",
        "Date": "Thu, 14 Sep 2023 19:43:19 GMT",
        "ETag": "\u00220x8DBB55AD98C9C7A\u0022",
        "Last-Modified": "Thu, 14 Sep 2023 19:43:20 GMT",
        "Server": [
          "Windows-Azure-File/1.0",
          "Microsoft-HTTPAPI/2.0"
        ],
        "x-ms-client-request-id": "cf6e7e07-c558-40bf-907c-690bb767782b",
        "x-ms-file-attributes": "Directory",
        "x-ms-file-change-time": "2023-09-14T19:43:20.4612218Z",
        "x-ms-file-creation-time": "2023-09-14T19:43:20.4612218Z",
        "x-ms-file-id": "16140971433240035328",
        "x-ms-file-last-write-time": "2023-09-14T19:43:20.4612218Z",
        "x-ms-file-parent-id": "13835128424026341376",
        "x-ms-file-permission-key": "9255856626508002348*16764736045797335973",
        "x-ms-request-id": "4a84c201-101a-002e-2743-e7c136000000",
        "x-ms-request-server-encrypted": "true",
        "x-ms-version": "2023-01-03"
      },
      "ResponseBody": null
    },
    {
      "RequestUri": "https://fakesdaccount.file.core.windows.net/share169472059916007106/dir169472059927106813/dir2169472059960606753?restype=directory",
      "RequestMethod": "PUT",
      "RequestHeaders": {
        "Accept": "application/xml",
        "Accept-Encoding": "gzip, deflate, br",
        "Accept-Language": "en-US",
        "Connection": "keep-alive",
        "Content-Length": "0",
        "Origin": "http://localhost:9876",
        "Referer": "http://localhost:9876/",
        "sec-ch-ua": "",
        "sec-ch-ua-mobile": "?0",
        "sec-ch-ua-platform": "\u0022\u0022",
        "Sec-Fetch-Dest": "empty",
        "Sec-Fetch-Mode": "cors",
        "Sec-Fetch-Site": "same-site",
        "User-Agent": "Mozilla/5.0 (Windows NT 10.0; Win64; x64) AppleWebKit/537.36 (KHTML, like Gecko) HeadlessChrome/112.0.5614.0 Safari/537.36",
        "x-ms-client-request-id": "71f16c9f-b5aa-45a8-847e-684bd7de88b1",
        "x-ms-file-attributes": "Directory",
        "x-ms-file-creation-time": "now",
        "x-ms-file-last-write-time": "now",
        "x-ms-file-permission": "inherit",
        "x-ms-useragent": "azsdk-js-azure-storage-blob/12.20.0 core-rest-pipeline/1.12.2 OS",
        "x-ms-version": "2023-01-03"
      },
      "RequestBody": null,
      "StatusCode": 201,
      "ResponseHeaders": {
        "Content-Length": "0",
        "Date": "Thu, 14 Sep 2023 19:43:20 GMT",
        "ETag": "\u00220x8DBB55AD99D62DC\u0022",
        "Last-Modified": "Thu, 14 Sep 2023 19:43:20 GMT",
        "Server": [
          "Windows-Azure-File/1.0",
          "Microsoft-HTTPAPI/2.0"
        ],
        "x-ms-client-request-id": "71f16c9f-b5aa-45a8-847e-684bd7de88b1",
        "x-ms-file-attributes": "Directory",
        "x-ms-file-change-time": "2023-09-14T19:43:20.5711580Z",
        "x-ms-file-creation-time": "2023-09-14T19:43:20.5711580Z",
        "x-ms-file-id": "10376363910205800448",
        "x-ms-file-last-write-time": "2023-09-14T19:43:20.5711580Z",
        "x-ms-file-parent-id": "13835128424026341376",
        "x-ms-file-permission-key": "9255856626508002348*16764736045797335973",
        "x-ms-request-id": "4a84c202-101a-002e-2843-e7c136000000",
        "x-ms-request-server-encrypted": "true",
        "x-ms-version": "2023-01-03"
      },
      "ResponseBody": null
    },
    {
      "RequestUri": "https://fakesdaccount.file.core.windows.net/share169472059916007106/dir169472059927106813/file0169472059971606881?",
      "RequestMethod": "PUT",
      "RequestHeaders": {
        "Accept": "application/xml",
        "Accept-Encoding": "gzip, deflate, br",
        "Accept-Language": "en-US",
        "Connection": "keep-alive",
        "Content-Length": "0",
        "Origin": "http://localhost:9876",
        "Referer": "http://localhost:9876/",
        "sec-ch-ua": "",
        "sec-ch-ua-mobile": "?0",
        "sec-ch-ua-platform": "\u0022\u0022",
        "Sec-Fetch-Dest": "empty",
        "Sec-Fetch-Mode": "cors",
        "Sec-Fetch-Site": "same-site",
        "User-Agent": "Mozilla/5.0 (Windows NT 10.0; Win64; x64) AppleWebKit/537.36 (KHTML, like Gecko) HeadlessChrome/112.0.5614.0 Safari/537.36",
        "x-ms-client-request-id": "1dce03a5-d58c-41b2-abb2-667f324cc26d",
        "x-ms-content-length": "1024",
        "x-ms-file-attributes": "None",
        "x-ms-file-creation-time": "now",
        "x-ms-file-last-write-time": "now",
        "x-ms-file-permission": "inherit",
        "x-ms-type": "file",
        "x-ms-useragent": "azsdk-js-azure-storage-blob/12.20.0 core-rest-pipeline/1.12.2 OS",
        "x-ms-version": "2023-01-03"
      },
      "RequestBody": null,
      "StatusCode": 201,
      "ResponseHeaders": {
        "Content-Length": "0",
        "Date": "Thu, 14 Sep 2023 19:43:20 GMT",
        "ETag": "\u00220x8DBB55AD9AE7761\u0022",
        "Last-Modified": "Thu, 14 Sep 2023 19:43:20 GMT",
        "Server": [
          "Windows-Azure-File/1.0",
          "Microsoft-HTTPAPI/2.0"
        ],
        "x-ms-client-request-id": "1dce03a5-d58c-41b2-abb2-667f324cc26d",
        "x-ms-file-attributes": "Archive",
        "x-ms-file-change-time": "2023-09-14T19:43:20.6830945Z",
        "x-ms-file-creation-time": "2023-09-14T19:43:20.6830945Z",
        "x-ms-file-id": "14988049928633188352",
        "x-ms-file-last-write-time": "2023-09-14T19:43:20.6830945Z",
        "x-ms-file-parent-id": "13835128424026341376",
        "x-ms-file-permission-key": "4614121289425226539*16764736045797335973",
        "x-ms-request-id": "4a84c203-101a-002e-2943-e7c136000000",
        "x-ms-request-server-encrypted": "true",
        "x-ms-version": "2023-01-03"
      },
      "ResponseBody": null
    },
    {
      "RequestUri": "https://fakesdaccount.file.core.windows.net/share169472059916007106/dir169472059927106813/file1169472059982904624?",
      "RequestMethod": "PUT",
      "RequestHeaders": {
        "Accept": "application/xml",
        "Accept-Encoding": "gzip, deflate, br",
        "Accept-Language": "en-US",
        "Connection": "keep-alive",
        "Content-Length": "0",
        "Origin": "http://localhost:9876",
        "Referer": "http://localhost:9876/",
        "sec-ch-ua": "",
        "sec-ch-ua-mobile": "?0",
        "sec-ch-ua-platform": "\u0022\u0022",
        "Sec-Fetch-Dest": "empty",
        "Sec-Fetch-Mode": "cors",
        "Sec-Fetch-Site": "same-site",
        "User-Agent": "Mozilla/5.0 (Windows NT 10.0; Win64; x64) AppleWebKit/537.36 (KHTML, like Gecko) HeadlessChrome/112.0.5614.0 Safari/537.36",
        "x-ms-client-request-id": "74ce667e-75aa-47e6-94d0-2e53d2ac5c4b",
        "x-ms-content-length": "1024",
        "x-ms-file-attributes": "None",
        "x-ms-file-creation-time": "now",
        "x-ms-file-last-write-time": "now",
        "x-ms-file-permission": "inherit",
        "x-ms-type": "file",
        "x-ms-useragent": "azsdk-js-azure-storage-blob/12.20.0 core-rest-pipeline/1.12.2 OS",
        "x-ms-version": "2023-01-03"
      },
      "RequestBody": null,
      "StatusCode": 201,
      "ResponseHeaders": {
        "Content-Length": "0",
        "Date": "Thu, 14 Sep 2023 19:43:20 GMT",
        "ETag": "\u00220x8DBB55AD9BF3DCF\u0022",
        "Last-Modified": "Thu, 14 Sep 2023 19:43:20 GMT",
        "Server": [
          "Windows-Azure-File/1.0",
          "Microsoft-HTTPAPI/2.0"
        ],
        "x-ms-client-request-id": "74ce667e-75aa-47e6-94d0-2e53d2ac5c4b",
        "x-ms-file-attributes": "Archive",
        "x-ms-file-change-time": "2023-09-14T19:43:20.7930319Z",
        "x-ms-file-creation-time": "2023-09-14T19:43:20.7930319Z",
        "x-ms-file-id": "12682206919419494400",
        "x-ms-file-last-write-time": "2023-09-14T19:43:20.7930319Z",
        "x-ms-file-parent-id": "13835128424026341376",
        "x-ms-file-permission-key": "4614121289425226539*16764736045797335973",
        "x-ms-request-id": "4a84c204-101a-002e-2a43-e7c136000000",
        "x-ms-request-server-encrypted": "true",
        "x-ms-version": "2023-01-03"
      },
      "ResponseBody": null
    },
    {
      "RequestUri": "https://fakesdaccount.file.core.windows.net/share169472059916007106/dir169472059927106813/file2169472059993906221?",
      "RequestMethod": "PUT",
      "RequestHeaders": {
        "Accept": "application/xml",
        "Accept-Encoding": "gzip, deflate, br",
        "Accept-Language": "en-US",
        "Connection": "keep-alive",
        "Content-Length": "0",
        "Origin": "http://localhost:9876",
        "Referer": "http://localhost:9876/",
        "sec-ch-ua": "",
        "sec-ch-ua-mobile": "?0",
        "sec-ch-ua-platform": "\u0022\u0022",
        "Sec-Fetch-Dest": "empty",
        "Sec-Fetch-Mode": "cors",
        "Sec-Fetch-Site": "same-site",
        "User-Agent": "Mozilla/5.0 (Windows NT 10.0; Win64; x64) AppleWebKit/537.36 (KHTML, like Gecko) HeadlessChrome/112.0.5614.0 Safari/537.36",
        "x-ms-client-request-id": "3f5436f2-3096-4775-99bc-4cbc7870d3f3",
        "x-ms-content-length": "1024",
        "x-ms-file-attributes": "None",
        "x-ms-file-creation-time": "now",
        "x-ms-file-last-write-time": "now",
        "x-ms-file-permission": "inherit",
        "x-ms-type": "file",
        "x-ms-useragent": "azsdk-js-azure-storage-blob/12.20.0 core-rest-pipeline/1.12.2 OS",
        "x-ms-version": "2023-01-03"
      },
      "RequestBody": null,
      "StatusCode": 201,
      "ResponseHeaders": {
        "Content-Length": "0",
        "Date": "Thu, 14 Sep 2023 19:43:20 GMT",
        "ETag": "\u00220x8DBB55AD9D02B45\u0022",
        "Last-Modified": "Thu, 14 Sep 2023 19:43:20 GMT",
        "Server": [
          "Windows-Azure-File/1.0",
          "Microsoft-HTTPAPI/2.0"
        ],
        "x-ms-client-request-id": "3f5436f2-3096-4775-99bc-4cbc7870d3f3",
        "x-ms-file-attributes": "Archive",
        "x-ms-file-change-time": "2023-09-14T19:43:20.9039685Z",
        "x-ms-file-creation-time": "2023-09-14T19:43:20.9039685Z",
        "x-ms-file-id": "17293892937846882304",
        "x-ms-file-last-write-time": "2023-09-14T19:43:20.9039685Z",
        "x-ms-file-parent-id": "13835128424026341376",
        "x-ms-file-permission-key": "4614121289425226539*16764736045797335973",
        "x-ms-request-id": "4a84c205-101a-002e-2b43-e7c136000000",
        "x-ms-request-server-encrypted": "true",
        "x-ms-version": "2023-01-03"
      },
      "ResponseBody": null
    },
    {
      "RequestUri": "https://fakesdaccount.file.core.windows.net/share169472059916007106/dir169472059927106813?comp=list\u0026restype=directory\u0026include=Timestamps,Etag,Attributes,PermissionKey\u0026",
      "RequestMethod": "GET",
      "RequestHeaders": {
        "Accept": "application/xml",
        "Accept-Encoding": "gzip, deflate, br",
        "Accept-Language": "en-US",
        "Connection": "keep-alive",
        "Origin": "http://localhost:9876",
        "Referer": "http://localhost:9876/",
        "sec-ch-ua": "",
        "sec-ch-ua-mobile": "?0",
        "sec-ch-ua-platform": "\u0022\u0022",
        "Sec-Fetch-Dest": "empty",
        "Sec-Fetch-Mode": "cors",
        "Sec-Fetch-Site": "same-site",
        "User-Agent": "Mozilla/5.0 (Windows NT 10.0; Win64; x64) AppleWebKit/537.36 (KHTML, like Gecko) HeadlessChrome/112.0.5614.0 Safari/537.36",
        "x-ms-client-request-id": "10ed0b55-cad0-4afd-b0b8-6a93d122d596",
        "x-ms-file-extended-info": "true",
        "x-ms-useragent": "azsdk-js-azure-storage-blob/12.20.0 core-rest-pipeline/1.12.2 OS",
        "x-ms-version": "2023-01-03"
      },
      "RequestBody": null,
      "StatusCode": 200,
      "ResponseHeaders": {
        "Content-Type": "application/xml",
        "Date": "Thu, 14 Sep 2023 19:43:20 GMT",
        "Server": [
          "Windows-Azure-File/1.0",
          "Microsoft-HTTPAPI/2.0"
        ],
        "Transfer-Encoding": "chunked",
        "Vary": "Origin",
        "x-ms-client-request-id": "10ed0b55-cad0-4afd-b0b8-6a93d122d596",
        "x-ms-request-id": "4a84c206-101a-002e-2c43-e7c136000000",
        "x-ms-version": "2023-01-03"
      },
      "ResponseBody": "\uFEFF\u003C?xml version=\u00221.0\u0022 encoding=\u0022utf-8\u0022?\u003E\u003CEnumerationResults ServiceEndpoint=\u0022https://fakesdaccount.file.core.windows.net/\u0022 ShareName=\u0022share169472059916007106\u0022 DirectoryPath=\u0022dir169472059927106813\u0022\u003E\u003CDirectoryId\u003E13835128424026341376\u003C/DirectoryId\u003E\u003CEntries\u003E\u003CDirectory\u003E\u003CName\u003Edir0169472059938501753\u003C/Name\u003E\u003CFileId\u003E11529285414812647424\u003C/FileId\u003E\u003CProperties\u003E\u003CCreationTime\u003E2023-09-14T19:43:20.3502848Z\u003C/CreationTime\u003E\u003CLastAccessTime\u003E2023-09-14T19:43:20.3502848Z\u003C/LastAccessTime\u003E\u003CLastWriteTime\u003E2023-09-14T19:43:20.3502848Z\u003C/LastWriteTime\u003E\u003CChangeTime\u003E2023-09-14T19:43:20.3502848Z\u003C/ChangeTime\u003E\u003CLast-Modified\u003EThu, 14 Sep 2023 19:43:20 GMT\u003C/Last-Modified\u003E\u003CEtag\u003E\u00220x8DBB55AD97BAF00\u0022\u003C/Etag\u003E\u003C/Properties\u003E\u003CAttributes\u003EDirectory\u003C/Attributes\u003E\u003CPermissionKey\u003E9255856626508002348*16764736045797335973\u003C/PermissionKey\u003E\u003C/Directory\u003E\u003CDirectory\u003E\u003CName\u003Edir1169472059949604001\u003C/Name\u003E\u003CFileId\u003E16140971433240035328\u003C/FileId\u003E\u003CProperties\u003E\u003CCreationTime\u003E2023-09-14T19:43:20.4612218Z\u003C/CreationTime\u003E\u003CLastAccessTime\u003E2023-09-14T19:43:20.4612218Z\u003C/LastAccessTime\u003E\u003CLastWriteTime\u003E2023-09-14T19:43:20.4612218Z\u003C/LastWriteTime\u003E\u003CChangeTime\u003E2023-09-14T19:43:20.4612218Z\u003C/ChangeTime\u003E\u003CLast-Modified\u003EThu, 14 Sep 2023 19:43:20 GMT\u003C/Last-Modified\u003E\u003CEtag\u003E\u00220x8DBB55AD98C9C7A\u0022\u003C/Etag\u003E\u003C/Properties\u003E\u003CAttributes\u003EDirectory\u003C/Attributes\u003E\u003CPermissionKey\u003E9255856626508002348*16764736045797335973\u003C/PermissionKey\u003E\u003C/Directory\u003E\u003CDirectory\u003E\u003CName\u003Edir2169472059960606753\u003C/Name\u003E\u003CFileId\u003E10376363910205800448\u003C/FileId\u003E\u003CProperties\u003E\u003CCreationTime\u003E2023-09-14T19:43:20.5711580Z\u003C/CreationTime\u003E\u003CLastAccessTime\u003E2023-09-14T19:43:20.5711580Z\u003C/LastAccessTime\u003E\u003CLastWriteTime\u003E2023-09-14T19:43:20.5711580Z\u003C/LastWriteTime\u003E\u003CChangeTime\u003E2023-09-14T19:43:20.5711580Z\u003C/ChangeTime\u003E\u003CLast-Modified\u003EThu, 14 Sep 2023 19:43:20 GMT\u003C/Last-Modified\u003E\u003CEtag\u003E\u00220x8DBB55AD99D62DC\u0022\u003C/Etag\u003E\u003C/Properties\u003E\u003CAttributes\u003EDirectory\u003C/Attributes\u003E\u003CPermissionKey\u003E9255856626508002348*16764736045797335973\u003C/PermissionKey\u003E\u003C/Directory\u003E\u003CFile\u003E\u003CName\u003Efile0169472059971606881\u003C/Name\u003E\u003CFileId\u003E14988049928633188352\u003C/FileId\u003E\u003CProperties\u003E\u003CContent-Length\u003E1024\u003C/Content-Length\u003E\u003CCreationTime\u003E2023-09-14T19:43:20.6830945Z\u003C/CreationTime\u003E\u003CLastAccessTime\u003E2023-09-14T19:43:20.6830945Z\u003C/LastAccessTime\u003E\u003CLastWriteTime\u003E2023-09-14T19:43:20.6830945Z\u003C/LastWriteTime\u003E\u003CChangeTime\u003E2023-09-14T19:43:20.6830945Z\u003C/ChangeTime\u003E\u003CLast-Modified\u003EThu, 14 Sep 2023 19:43:20 GMT\u003C/Last-Modified\u003E\u003CEtag\u003E\u00220x8DBB55AD9AE7761\u0022\u003C/Etag\u003E\u003C/Properties\u003E\u003CAttributes\u003EArchive\u003C/Attributes\u003E\u003CPermissionKey\u003E4614121289425226539*16764736045797335973\u003C/PermissionKey\u003E\u003C/File\u003E\u003CFile\u003E\u003CName\u003Efile1169472059982904624\u003C/Name\u003E\u003CFileId\u003E12682206919419494400\u003C/FileId\u003E\u003CProperties\u003E\u003CContent-Length\u003E1024\u003C/Content-Length\u003E\u003CCreationTime\u003E2023-09-14T19:43:20.7930319Z\u003C/CreationTime\u003E\u003CLastAccessTime\u003E2023-09-14T19:43:20.7930319Z\u003C/LastAccessTime\u003E\u003CLastWriteTime\u003E2023-09-14T19:43:20.7930319Z\u003C/LastWriteTime\u003E\u003CChangeTime\u003E2023-09-14T19:43:20.7930319Z\u003C/ChangeTime\u003E\u003CLast-Modified\u003EThu, 14 Sep 2023 19:43:20 GMT\u003C/Last-Modified\u003E\u003CEtag\u003E\u00220x8DBB55AD9BF3DCF\u0022\u003C/Etag\u003E\u003C/Properties\u003E\u003CAttributes\u003EArchive\u003C/Attributes\u003E\u003CPermissionKey\u003E4614121289425226539*16764736045797335973\u003C/PermissionKey\u003E\u003C/File\u003E\u003CFile\u003E\u003CName\u003Efile2169472059993906221\u003C/Name\u003E\u003CFileId\u003E17293892937846882304\u003C/FileId\u003E\u003CProperties\u003E\u003CContent-Length\u003E1024\u003C/Content-Length\u003E\u003CCreationTime\u003E2023-09-14T19:43:20.9039685Z\u003C/CreationTime\u003E\u003CLastAccessTime\u003E2023-09-14T19:43:20.9039685Z\u003C/LastAccessTime\u003E\u003CLastWriteTime\u003E2023-09-14T19:43:20.9039685Z\u003C/LastWriteTime\u003E\u003CChangeTime\u003E2023-09-14T19:43:20.9039685Z\u003C/ChangeTime\u003E\u003CLast-Modified\u003EThu, 14 Sep 2023 19:43:20 GMT\u003C/Last-Modified\u003E\u003CEtag\u003E\u00220x8DBB55AD9D02B45\u0022\u003C/Etag\u003E\u003C/Properties\u003E\u003CAttributes\u003EArchive\u003C/Attributes\u003E\u003CPermissionKey\u003E4614121289425226539*16764736045797335973\u003C/PermissionKey\u003E\u003C/File\u003E\u003C/Entries\u003E\u003CNextMarker /\u003E\u003C/EnumerationResults\u003E"
    },
    {
      "RequestUri": "https://fakesdaccount.file.core.windows.net/share169472059916007106/dir169472059927106813/file0169472059971606881?",
      "RequestMethod": "DELETE",
      "RequestHeaders": {
        "Accept": "application/xml",
        "Accept-Encoding": "gzip, deflate, br",
        "Accept-Language": "en-US",
        "Connection": "keep-alive",
        "Origin": "http://localhost:9876",
        "Referer": "http://localhost:9876/",
        "sec-ch-ua": "",
        "sec-ch-ua-mobile": "?0",
        "sec-ch-ua-platform": "\u0022\u0022",
        "Sec-Fetch-Dest": "empty",
        "Sec-Fetch-Mode": "cors",
        "Sec-Fetch-Site": "same-site",
        "User-Agent": "Mozilla/5.0 (Windows NT 10.0; Win64; x64) AppleWebKit/537.36 (KHTML, like Gecko) HeadlessChrome/112.0.5614.0 Safari/537.36",
        "x-ms-client-request-id": "68aed022-5fc6-4705-ab47-68bcc966ea5b",
        "x-ms-useragent": "azsdk-js-azure-storage-blob/12.20.0 core-rest-pipeline/1.12.2 OS",
        "x-ms-version": "2023-01-03"
      },
      "RequestBody": null,
      "StatusCode": 202,
      "ResponseHeaders": {
        "Content-Length": "0",
        "Date": "Thu, 14 Sep 2023 19:43:20 GMT",
        "Server": [
          "Windows-Azure-File/1.0",
          "Microsoft-HTTPAPI/2.0"
        ],
        "x-ms-client-request-id": "68aed022-5fc6-4705-ab47-68bcc966ea5b",
        "x-ms-request-id": "4a84c207-101a-002e-2d43-e7c136000000",
        "x-ms-version": "2023-01-03"
      },
      "ResponseBody": null
    },
    {
      "RequestUri": "https://fakesdaccount.file.core.windows.net/share169472059916007106/dir169472059927106813/file1169472059982904624?",
      "RequestMethod": "DELETE",
      "RequestHeaders": {
        "Accept": "application/xml",
        "Accept-Encoding": "gzip, deflate, br",
        "Accept-Language": "en-US",
        "Connection": "keep-alive",
        "Origin": "http://localhost:9876",
        "Referer": "http://localhost:9876/",
        "sec-ch-ua": "",
        "sec-ch-ua-mobile": "?0",
        "sec-ch-ua-platform": "\u0022\u0022",
        "Sec-Fetch-Dest": "empty",
        "Sec-Fetch-Mode": "cors",
        "Sec-Fetch-Site": "same-site",
        "User-Agent": "Mozilla/5.0 (Windows NT 10.0; Win64; x64) AppleWebKit/537.36 (KHTML, like Gecko) HeadlessChrome/112.0.5614.0 Safari/537.36",
        "x-ms-client-request-id": "8acc99bc-253b-4d0e-9eb8-5678e006e259",
        "x-ms-useragent": "azsdk-js-azure-storage-blob/12.20.0 core-rest-pipeline/1.12.2 OS",
        "x-ms-version": "2023-01-03"
      },
      "RequestBody": null,
      "StatusCode": 202,
      "ResponseHeaders": {
        "Content-Length": "0",
        "Date": "Thu, 14 Sep 2023 19:43:20 GMT",
        "Server": [
          "Windows-Azure-File/1.0",
          "Microsoft-HTTPAPI/2.0"
        ],
        "x-ms-client-request-id": "8acc99bc-253b-4d0e-9eb8-5678e006e259",
        "x-ms-request-id": "4a84c208-101a-002e-2e43-e7c136000000",
        "x-ms-version": "2023-01-03"
      },
      "ResponseBody": null
    },
    {
      "RequestUri": "https://fakesdaccount.file.core.windows.net/share169472059916007106/dir169472059927106813/file2169472059993906221?",
      "RequestMethod": "DELETE",
      "RequestHeaders": {
        "Accept": "application/xml",
        "Accept-Encoding": "gzip, deflate, br",
        "Accept-Language": "en-US",
        "Connection": "keep-alive",
        "Origin": "http://localhost:9876",
        "Referer": "http://localhost:9876/",
        "sec-ch-ua": "",
        "sec-ch-ua-mobile": "?0",
        "sec-ch-ua-platform": "\u0022\u0022",
        "Sec-Fetch-Dest": "empty",
        "Sec-Fetch-Mode": "cors",
        "Sec-Fetch-Site": "same-site",
        "User-Agent": "Mozilla/5.0 (Windows NT 10.0; Win64; x64) AppleWebKit/537.36 (KHTML, like Gecko) HeadlessChrome/112.0.5614.0 Safari/537.36",
        "x-ms-client-request-id": "e6a8c6a0-b318-4315-8059-6fc6ca0ca76d",
        "x-ms-useragent": "azsdk-js-azure-storage-blob/12.20.0 core-rest-pipeline/1.12.2 OS",
        "x-ms-version": "2023-01-03"
      },
      "RequestBody": null,
      "StatusCode": 202,
      "ResponseHeaders": {
        "Content-Length": "0",
        "Date": "Thu, 14 Sep 2023 19:43:20 GMT",
        "Server": [
          "Windows-Azure-File/1.0",
          "Microsoft-HTTPAPI/2.0"
        ],
        "x-ms-client-request-id": "e6a8c6a0-b318-4315-8059-6fc6ca0ca76d",
        "x-ms-request-id": "4a84c209-101a-002e-2f43-e7c136000000",
        "x-ms-version": "2023-01-03"
      },
      "ResponseBody": null
    },
    {
      "RequestUri": "https://fakesdaccount.file.core.windows.net/share169472059916007106/dir169472059927106813/dir0169472059938501753?restype=directory",
      "RequestMethod": "DELETE",
      "RequestHeaders": {
        "Accept": "application/xml",
        "Accept-Encoding": "gzip, deflate, br",
        "Accept-Language": "en-US",
        "Connection": "keep-alive",
        "Origin": "http://localhost:9876",
        "Referer": "http://localhost:9876/",
        "sec-ch-ua": "",
        "sec-ch-ua-mobile": "?0",
        "sec-ch-ua-platform": "\u0022\u0022",
        "Sec-Fetch-Dest": "empty",
        "Sec-Fetch-Mode": "cors",
        "Sec-Fetch-Site": "same-site",
        "User-Agent": "Mozilla/5.0 (Windows NT 10.0; Win64; x64) AppleWebKit/537.36 (KHTML, like Gecko) HeadlessChrome/112.0.5614.0 Safari/537.36",
        "x-ms-client-request-id": "02ae3661-c6f3-4ce4-b392-92172773794f",
        "x-ms-useragent": "azsdk-js-azure-storage-blob/12.20.0 core-rest-pipeline/1.12.2 OS",
        "x-ms-version": "2023-01-03"
      },
      "RequestBody": null,
      "StatusCode": 202,
      "ResponseHeaders": {
        "Content-Length": "0",
        "Date": "Thu, 14 Sep 2023 19:43:21 GMT",
        "Server": [
          "Windows-Azure-File/1.0",
          "Microsoft-HTTPAPI/2.0"
        ],
        "x-ms-client-request-id": "02ae3661-c6f3-4ce4-b392-92172773794f",
        "x-ms-request-id": "4a84c20a-101a-002e-3043-e7c136000000",
        "x-ms-version": "2023-01-03"
      },
      "ResponseBody": null
    },
    {
      "RequestUri": "https://fakesdaccount.file.core.windows.net/share169472059916007106/dir169472059927106813/dir1169472059949604001?restype=directory",
      "RequestMethod": "DELETE",
      "RequestHeaders": {
        "Accept": "application/xml",
        "Accept-Encoding": "gzip, deflate, br",
        "Accept-Language": "en-US",
        "Connection": "keep-alive",
        "Origin": "http://localhost:9876",
        "Referer": "http://localhost:9876/",
        "sec-ch-ua": "",
        "sec-ch-ua-mobile": "?0",
        "sec-ch-ua-platform": "\u0022\u0022",
        "Sec-Fetch-Dest": "empty",
        "Sec-Fetch-Mode": "cors",
        "Sec-Fetch-Site": "same-site",
        "User-Agent": "Mozilla/5.0 (Windows NT 10.0; Win64; x64) AppleWebKit/537.36 (KHTML, like Gecko) HeadlessChrome/112.0.5614.0 Safari/537.36",
        "x-ms-client-request-id": "3d8e782e-939c-4595-bd04-eb6e3def736b",
        "x-ms-useragent": "azsdk-js-azure-storage-blob/12.20.0 core-rest-pipeline/1.12.2 OS",
        "x-ms-version": "2023-01-03"
      },
      "RequestBody": null,
      "StatusCode": 202,
      "ResponseHeaders": {
        "Content-Length": "0",
        "Date": "Thu, 14 Sep 2023 19:43:21 GMT",
        "Server": [
          "Windows-Azure-File/1.0",
          "Microsoft-HTTPAPI/2.0"
        ],
        "x-ms-client-request-id": "3d8e782e-939c-4595-bd04-eb6e3def736b",
        "x-ms-request-id": "4a84c20b-101a-002e-3143-e7c136000000",
        "x-ms-version": "2023-01-03"
      },
      "ResponseBody": null
    },
    {
      "RequestUri": "https://fakesdaccount.file.core.windows.net/share169472059916007106/dir169472059927106813/dir2169472059960606753?restype=directory",
      "RequestMethod": "DELETE",
      "RequestHeaders": {
        "Accept": "application/xml",
        "Accept-Encoding": "gzip, deflate, br",
        "Accept-Language": "en-US",
        "Connection": "keep-alive",
        "Origin": "http://localhost:9876",
        "Referer": "http://localhost:9876/",
        "sec-ch-ua": "",
        "sec-ch-ua-mobile": "?0",
        "sec-ch-ua-platform": "\u0022\u0022",
        "Sec-Fetch-Dest": "empty",
        "Sec-Fetch-Mode": "cors",
        "Sec-Fetch-Site": "same-site",
        "User-Agent": "Mozilla/5.0 (Windows NT 10.0; Win64; x64) AppleWebKit/537.36 (KHTML, like Gecko) HeadlessChrome/112.0.5614.0 Safari/537.36",
        "x-ms-client-request-id": "b2e48db1-9660-400c-841d-fc94b988efa9",
        "x-ms-useragent": "azsdk-js-azure-storage-blob/12.20.0 core-rest-pipeline/1.12.2 OS",
        "x-ms-version": "2023-01-03"
      },
      "RequestBody": null,
      "StatusCode": 202,
      "ResponseHeaders": {
        "Content-Length": "0",
        "Date": "Thu, 14 Sep 2023 19:43:21 GMT",
        "Server": [
          "Windows-Azure-File/1.0",
          "Microsoft-HTTPAPI/2.0"
        ],
        "x-ms-client-request-id": "b2e48db1-9660-400c-841d-fc94b988efa9",
        "x-ms-request-id": "4a84c20c-101a-002e-3243-e7c136000000",
        "x-ms-version": "2023-01-03"
      },
      "ResponseBody": null
    },
    {
      "RequestUri": "https://fakesdaccount.file.core.windows.net/share169472059916007106?restype=share",
      "RequestMethod": "DELETE",
      "RequestHeaders": {
        "Accept": "application/xml",
        "Accept-Encoding": "gzip, deflate, br",
        "Accept-Language": "en-US",
        "Connection": "keep-alive",
        "Origin": "http://localhost:9876",
        "Referer": "http://localhost:9876/",
        "sec-ch-ua": "",
        "sec-ch-ua-mobile": "?0",
        "sec-ch-ua-platform": "\u0022\u0022",
        "Sec-Fetch-Dest": "empty",
        "Sec-Fetch-Mode": "cors",
        "Sec-Fetch-Site": "same-site",
        "User-Agent": "Mozilla/5.0 (Windows NT 10.0; Win64; x64) AppleWebKit/537.36 (KHTML, like Gecko) HeadlessChrome/112.0.5614.0 Safari/537.36",
        "x-ms-client-request-id": "b2d15fb3-679f-4f01-81e1-64359840039b",
        "x-ms-useragent": "azsdk-js-azure-storage-blob/12.20.0 core-rest-pipeline/1.12.2 OS",
        "x-ms-version": "2023-01-03"
      },
      "RequestBody": null,
      "StatusCode": 202,
      "ResponseHeaders": {
        "Content-Length": "0",
        "Date": "Thu, 14 Sep 2023 19:43:21 GMT",
        "Server": [
          "Windows-Azure-File/1.0",
          "Microsoft-HTTPAPI/2.0"
        ],
        "x-ms-client-request-id": "b2d15fb3-679f-4f01-81e1-64359840039b",
        "x-ms-request-id": "4a84c20d-101a-002e-3343-e7c136000000",
        "x-ms-version": "2023-01-03"
      },
      "ResponseBody": null
    }
  ],
  "Variables": {
    "dir": "dir169472059927106813",
    "dir0": "dir0169472059938501753",
    "dir1": "dir1169472059949604001",
    "dir2": "dir2169472059960606753",
    "file0": "file0169472059971606881",
    "file1": "file1169472059982904624",
    "file2": "file2169472059993906221",
    "share": "share169472059916007106"
  }
}
