{
  "Entries": [
    {
      "RequestUri": "https://REDACTED.blob.core.windows.net/datalakesastestaccountsasauthorizationerrordetail?restype=container",
      "RequestMethod": "PUT",
      "RequestHeaders": {
        "Authorization": "Sanitized",
        "Content-Length": "0",
        "Expect": "100-continue",
        "User-Agent": "azsdk-cpp-storage-blobs/12.12.0-beta.1 (Windows 10 Enterprise 6.3 22631 22621.1.amd64fre.ni_release.220506-1250)",
        "x-ms-client-request-id": "Sanitized",
        "x-ms-date": "Mon, 27 May 2024 09:30:57 GMT",
        "x-ms-version": "2024-08-04"
      },
      "RequestBody": null,
      "StatusCode": 201,
      "ResponseHeaders": {
        "Content-Length": "0",
        "Date": "Mon, 27 May 2024 09:30:57 GMT",
        "ETag": "\"0x8DC7E2FB7288CFF\"",
        "Last-Modified": "Mon, 27 May 2024 09:30:58 GMT",
        "Server": [
          "Windows-Azure-Blob/1.0",
          "Microsoft-HTTPAPI/2.0"
        ],
        "x-ms-client-request-id": "Sanitized",
        "x-ms-request-id": "Sanitized",
        "x-ms-version": "2024-08-04"
      },
      "ResponseBody": null
    },
    {
      "RequestUri": "https://REDACTED.dfs.core.windows.net/datalakesastestaccountsasauthorizationerrordetail/6FfZRB7KU1?resource=directory",
      "RequestMethod": "PUT",
      "RequestHeaders": {
        "Authorization": "Sanitized",
        "Content-Length": "0",
        "Expect": "100-continue",
        "User-Agent": "azsdk-cpp-storage-files-datalake/12.11.0-beta.1 (Windows 10 Enterprise 6.3 22631 22621.1.amd64fre.ni_release.220506-1250)",
        "x-ms-client-request-id": "Sanitized",
        "x-ms-date": "Mon, 27 May 2024 09:30:58 GMT",
        "x-ms-version": "2024-08-04"
      },
      "RequestBody": null,
      "StatusCode": 201,
      "ResponseHeaders": {
        "Content-Length": "0",
        "Date": "Mon, 27 May 2024 09:31:00 GMT",
        "ETag": "\"0x8DC7E2FB88A6AA4\"",
        "Last-Modified": "Mon, 27 May 2024 09:31:00 GMT",
        "Server": [
          "Windows-Azure-HDFS/1.0",
          "Microsoft-HTTPAPI/2.0"
        ],
        "x-ms-client-request-id": "Sanitized",
        "x-ms-request-id": "Sanitized",
        "x-ms-request-server-encrypted": "true",
        "x-ms-version": "2024-08-04"
      },
      "ResponseBody": null
    },
    {
      "RequestUri": "https://REDACTED.dfs.core.windows.net/datalakesastestaccountsasauthorizationerrordetail/3VlImA52P3?resource=file",
      "RequestMethod": "PUT",
      "RequestHeaders": {
        "Authorization": "Sanitized",
        "Content-Length": "0",
        "Expect": "100-continue",
        "User-Agent": "azsdk-cpp-storage-files-datalake/12.11.0-beta.1 (Windows 10 Enterprise 6.3 22631 22621.1.amd64fre.ni_release.220506-1250)",
        "x-ms-client-request-id": "Sanitized",
        "x-ms-date": "Mon, 27 May 2024 09:31:00 GMT",
        "x-ms-version": "2024-08-04"
      },
      "RequestBody": null,
      "StatusCode": 201,
      "ResponseHeaders": {
        "Content-Length": "0",
        "Date": "Mon, 27 May 2024 09:31:00 GMT",
        "ETag": "\"0x8DC7E2FB8B971CB\"",
        "Last-Modified": "Mon, 27 May 2024 09:31:00 GMT",
        "Server": [
          "Windows-Azure-HDFS/1.0",
          "Microsoft-HTTPAPI/2.0"
        ],
        "x-ms-client-request-id": "Sanitized",
        "x-ms-request-id": "Sanitized",
        "x-ms-request-server-encrypted": "true",
        "x-ms-version": "2024-08-04"
      },
      "ResponseBody": null
    },
    {
      "RequestUri": "https://REDACTED.blob.core.windows.net/datalakesastestaccountsasauthorizationerrordetail/3VlImA52P3?se=Sanitized&sig=Sanitized&sp=Sanitized&spr=https,http&srt=Sanitized&ss=Sanitized&st=2024-05-27T09:25:58Z&sv=Sanitized",
      "RequestMethod": "GET",
      "RequestHeaders": {
        "User-Agent": "azsdk-cpp-storage-blobs/12.12.0-beta.1 (Windows 10 Enterprise 6.3 22631 22621.1.amd64fre.ni_release.220506-1250)",
        "x-ms-client-request-id": "Sanitized",
        "x-ms-date": "Mon, 27 May 2024 09:31:01 GMT",
        "x-ms-version": "2024-08-04"
      },
      "RequestBody": null,
      "StatusCode": 403,
      "ResponseHeaders": {
        "Content-Length": "389",
        "Content-Type": "application/xml",
        "Date": "Mon, 27 May 2024 09:31:00 GMT",
        "Server": [
          "Windows-Azure-Blob/1.0",
          "Microsoft-HTTPAPI/2.0"
        ],
        "x-ms-client-request-id": "Sanitized",
        "x-ms-error-code": "AuthorizationResourceTypeMismatch",
        "x-ms-request-id": "Sanitized",
        "x-ms-version": "2024-08-04"
      },
      "ResponseBody": [
        "\uFEFF<?xml version=\"1.0\" encoding=\"utf-8\"?><Error><Code>AuthorizationResourceTypeMismatch</Code><Message>This request is not authorized to perform this operation using this resource type.\n",
        "RequestId:10b62fe5-601e-0016-3418-b02478000000\n",
        "Time:2024-05-27T09:31:01.0574020Z</Message><ExtendedErrorDetail>SignedResourceTypes 'o' is required to perform this operation.</ExtendedErrorDetail></Error>"
      ]
    },
    {
      "RequestUri": "https://REDACTED.blob.core.windows.net/datalakesastestaccountsasauthorizationerrordetail?restype=container",
      "RequestMethod": "DELETE",
      "RequestHeaders": {
        "Authorization": "Sanitized",
        "User-Agent": "azsdk-cpp-storage-blobs/12.12.0-beta.1 (Windows 10 Enterprise 6.3 22631 22621.1.amd64fre.ni_release.220506-1250)",
        "x-ms-client-request-id": "Sanitized",
        "x-ms-date": "Mon, 27 May 2024 09:31:01 GMT",
        "x-ms-version": "2024-08-04"
      },
      "RequestBody": null,
      "StatusCode": 202,
      "ResponseHeaders": {
        "Content-Length": "0",
        "Date": "Mon, 27 May 2024 09:31:00 GMT",
        "Server": [
          "Windows-Azure-Blob/1.0",
          "Microsoft-HTTPAPI/2.0"
        ],
        "x-ms-client-request-id": "Sanitized",
        "x-ms-request-id": "Sanitized",
        "x-ms-version": "2024-08-04"
      },
      "ResponseBody": null
    }
  ],
  "Variables": {}
}
