{
  "Entries": [
    {
      "RequestUri": "https://REDACTED.blob.core.windows.net/datalakesastestaccountsasauthorizationerrordetail?restype=container",
      "RequestMethod": "PUT",
      "RequestHeaders": {
        "Authorization": "Sanitized",
        "Content-Length": "0",
        "Expect": "100-continue",
        "User-Agent": "azsdk-cpp-storage-blobs/12.11.0-beta.1 (Windows 10 Enterprise 6.3 22631 22621.1.amd64fre.ni_release.220506-1250)",
        "x-ms-client-request-id": "Sanitized",
        "x-ms-date": "Fri, 17 May 2024 03:07:56 GMT",
        "x-ms-version": "2024-08-04"
      },
      "RequestBody": null,
      "StatusCode": 201,
      "ResponseHeaders": {
        "Content-Length": "0",
        "Date": "Fri, 17 May 2024 03:07:56 GMT",
        "ETag": "\"0x8DC761E8D0D9352\"",
        "Last-Modified": "Fri, 17 May 2024 03:07:56 GMT",
        "Server": [
          "Windows-Azure-Blob/1.0",
          "Microsoft-HTTPAPI/2.0"
        ],
        "x-ms-client-request-id": "Sanitized",
        "x-ms-request-id": "Sanitized",
        "x-ms-version": "2024-08-04"
      },
      "ResponseBody": null
    },
    {
      "RequestUri": "https://REDACTED.dfs.core.windows.net/datalakesastestaccountsasauthorizationerrordetail/6FfZRB7KU1?resource=directory",
      "RequestMethod": "PUT",
      "RequestHeaders": {
        "Authorization": "Sanitized",
        "Content-Length": "0",
        "Expect": "100-continue",
        "User-Agent": "azsdk-cpp-storage-files-datalake/12.10.0-beta.1 (Windows 10 Enterprise 6.3 22631 22621.1.amd64fre.ni_release.220506-1250)",
        "x-ms-client-request-id": "Sanitized",
        "x-ms-date": "Fri, 17 May 2024 03:07:57 GMT",
        "x-ms-version": "2024-08-04"
      },
      "RequestBody": null,
      "StatusCode": 201,
      "ResponseHeaders": {
        "Content-Length": "0",
        "Date": "Fri, 17 May 2024 03:07:57 GMT",
        "ETag": "\"0x8DC761E8DDBEC57\"",
        "Last-Modified": "Fri, 17 May 2024 03:07:58 GMT",
        "Server": [
          "Windows-Azure-HDFS/1.0",
          "Microsoft-HTTPAPI/2.0"
        ],
        "x-ms-client-request-id": "Sanitized",
        "x-ms-request-id": "Sanitized",
        "x-ms-request-server-encrypted": "true",
        "x-ms-version": "2024-08-04"
      },
      "ResponseBody": null
    },
    {
      "RequestUri": "https://REDACTED.dfs.core.windows.net/datalakesastestaccountsasauthorizationerrordetail/3VlImA52P3?resource=file",
      "RequestMethod": "PUT",
      "RequestHeaders": {
        "Authorization": "Sanitized",
        "Content-Length": "0",
        "Expect": "100-continue",
        "User-Agent": "azsdk-cpp-storage-files-datalake/12.10.0-beta.1 (Windows 10 Enterprise 6.3 22631 22621.1.amd64fre.ni_release.220506-1250)",
        "x-ms-client-request-id": "Sanitized",
        "x-ms-date": "Fri, 17 May 2024 03:07:58 GMT",
        "x-ms-version": "2024-08-04"
      },
      "RequestBody": null,
      "StatusCode": 201,
      "ResponseHeaders": {
        "Content-Length": "0",
        "Date": "Fri, 17 May 2024 03:07:58 GMT",
        "ETag": "\"0x8DC761E8E0B47CF\"",
        "Last-Modified": "Fri, 17 May 2024 03:07:58 GMT",
        "Server": [
          "Windows-Azure-HDFS/1.0",
          "Microsoft-HTTPAPI/2.0"
        ],
        "x-ms-client-request-id": "Sanitized",
        "x-ms-request-id": "Sanitized",
        "x-ms-request-server-encrypted": "true",
        "x-ms-version": "2024-08-04"
      },
      "ResponseBody": null
    },
    {
      "RequestUri": "https://REDACTED.blob.core.windows.net/datalakesastestaccountsasauthorizationerrordetail/3VlImA52P3?se=Sanitized&sig=REDACTED&sp=Sanitized&spr=https,http&srt=Sanitized&ss=Sanitized&st=2024-05-17T03:02:57Z&sv=Sanitized",
      "RequestMethod": "GET",
      "RequestHeaders": {
        "User-Agent": "azsdk-cpp-storage-blobs/12.11.0-beta.1 (Windows 10 Enterprise 6.3 22631 22621.1.amd64fre.ni_release.220506-1250)",
        "x-ms-client-request-id": "Sanitized",
        "x-ms-date": "Fri, 17 May 2024 03:07:59 GMT",
        "x-ms-version": "2024-08-04"
      },
      "RequestBody": null,
      "StatusCode": 403,
      "ResponseHeaders": {
        "Content-Length": "389",
        "Content-Type": "application/xml",
        "Date": "Fri, 17 May 2024 03:07:58 GMT",
        "Server": [
          "Windows-Azure-Blob/1.0",
          "Microsoft-HTTPAPI/2.0"
        ],
        "x-ms-client-request-id": "Sanitized",
        "x-ms-error-code": "AuthorizationResourceTypeMismatch",
        "x-ms-request-id": "Sanitized",
        "x-ms-version": "2024-08-04"
      },
      "ResponseBody": [
        "\uFEFF<?xml version=\"1.0\" encoding=\"utf-8\"?><Error><Code>AuthorizationResourceTypeMismatch</Code><Message>This request is not authorized to perform this operation using this resource type.\n",
        "RequestId:4e45bb91-a01e-00a0-6607-a8560e000000\n",
        "Time:2024-05-17T03:07:58.6987474Z</Message><ExtendedErrorDetail>SignedResourceTypes 'o' is required to perform this operation.</ExtendedErrorDetail></Error>"
      ]
    },
    {
      "RequestUri": "https://REDACTED.blob.core.windows.net/datalakesastestaccountsasauthorizationerrordetail?restype=container",
      "RequestMethod": "DELETE",
      "RequestHeaders": {
        "Authorization": "Sanitized",
        "User-Agent": "azsdk-cpp-storage-blobs/12.11.0-beta.1 (Windows 10 Enterprise 6.3 22631 22621.1.amd64fre.ni_release.220506-1250)",
        "x-ms-client-request-id": "Sanitized",
        "x-ms-date": "Fri, 17 May 2024 03:07:59 GMT",
        "x-ms-version": "2024-08-04"
      },
      "RequestBody": null,
      "StatusCode": 202,
      "ResponseHeaders": {
        "Content-Length": "0",
        "Date": "Fri, 17 May 2024 03:07:58 GMT",
        "Server": [
          "Windows-Azure-Blob/1.0",
          "Microsoft-HTTPAPI/2.0"
        ],
        "x-ms-client-request-id": "Sanitized",
        "x-ms-request-id": "Sanitized",
        "x-ms-version": "2024-08-04"
      },
      "ResponseBody": null
    }
  ],
  "Variables": {}
}
