{
  "Entries": [
    {
      "RequestUri": "https://REDACTED.blob.core.windows.net/datalakesastestfilesaswithpreauthorizedagentobjectid?restype=container",
      "RequestMethod": "PUT",
      "RequestHeaders": {
        "Authorization": "Sanitized",
        "Content-Length": "0",
        "Expect": "100-continue",
        "User-Agent": "azsdk-cpp-storage-blobs/12.9.0-beta.3 (Windows 10 Enterprise 6.3 22621 22621.1.amd64fre.ni_release.220506-1250)",
        "x-ms-client-request-id": "2c833d86-68ed-4449-9119-f34b63a5e458",
        "x-ms-date": "Tue, 22 Aug 2023 03:31:15 GMT",
        "x-ms-version": "2022-11-02"
      },
      "RequestBody": null,
      "StatusCode": 201,
      "ResponseHeaders": {
        "Content-Length": "0",
        "Date": "Tue, 22 Aug 2023 03:31:15 GMT",
        "ETag": "\u00220x8DBA2C03D7A6929\u0022",
        "Last-Modified": "Tue, 22 Aug 2023 03:31:15 GMT",
        "Server": [
          "Windows-Azure-Blob/1.0",
          "Microsoft-HTTPAPI/2.0"
        ],
        "x-ms-client-request-id": "2c833d86-68ed-4449-9119-f34b63a5e458",
        "x-ms-request-id": "192566cd-601e-0080-1fa9-d42da9000000",
        "x-ms-version": "2022-11-02"
      },
      "ResponseBody": null
    },
    {
      "RequestUri": "https://REDACTED.microsoftonline.com/72f988bf-86f1-41af-91ab-2d7cd011db47/oauth2/v2.0/token",
      "RequestMethod": "POST",
      "RequestHeaders": {
        "Content-Length": "187",
        "Content-Type": "application/x-www-form-urlencoded",
        "User-Agent": "azsdk-cpp-identity/1.6.0-beta.2 (Windows 10 Enterprise 6.3 22621 22621.1.amd64fre.ni_release.220506-1250)",
        "x-ms-client-request-id": "c24fa2ac-9c8d-4154-86be-48bb41f20f60"
      },
      "RequestBody": "grant_type=client_credentials\u0026client_id=d44cd08d-575d-4962-8e63-8423cfd4f2b4\u0026client_secret=REDACTED_A8Q~yIFBxXFcdCJled5_TJyMvyYDCfJqqNZcIM\u0026scope=https%3A%2F%2Fstorage.azure.com%2F.default",
      "StatusCode": 200,
      "ResponseHeaders": {
        "Cache-Control": "no-store, no-cache",
        "Content-Length": "92",
        "Content-Security-Policy-Report-Only": "script-src \u0027self\u0027 \u0027nonce-gcxqyFOwFyISIcc__CvNUQ\u0027 \u0027unsafe-eval\u0027 \u0027unsafe-inline\u0027 \u0027report-sample\u0027; object-src \u0027none\u0027; base-uri \u0027self\u0027; report-uri https://REDACTED.microsoft.com/report/ESTS-UX-All",
        "Content-Type": "application/json; charset=utf-8",
        "Date": "Tue, 22 Aug 2023 03:31:15 GMT",
        "Expires": "-1",
        "P3P": "CP=\u0022DSP CUR OTPi IND OTRi ONL FIN\u0022",
        "Pragma": "no-cache",
        "Set-Cookie": "REDACTED",
        "Strict-Transport-Security": "max-age=31536000; includeSubDomains",
        "X-Content-Type-Options": "nosniff",
        "x-ms-ests-server": "2.1.16150.3 - JPE ProdSlices",
        "x-ms-request-id": "2024d7e3-ce1c-4aa1-aa12-f827646f3600",
        "X-XSS-Protection": "0"
      },
      "ResponseBody": {
        "token_type": "Bearer",
        "expires_in": 86399,
        "ext_expires_in": 86399,
        "access_token": "Sanitized"
      }
    },
    {
      "RequestUri": "https://REDACTED.blob.core.windows.net/?comp=userdelegationkey\u0026restype=service",
      "RequestMethod": "POST",
      "RequestHeaders": {
        "Authorization": "Sanitized",
        "Content-Length": "129",
        "Content-Type": "application/xml; charset=UTF-8",
        "User-Agent": "azsdk-cpp-storage-blobs/12.9.0-beta.3 (Windows 10 Enterprise 6.3 22621 22621.1.amd64fre.ni_release.220506-1250)",
        "x-ms-client-request-id": "da54afe1-c000-4194-aa20-29263a7bd72f",
        "x-ms-date": "Tue, 22 Aug 2023 03:31:17 GMT",
        "x-ms-version": "2022-11-02"
      },
      "RequestBody": "\u003C?xml version=\u00221.0\u0022 encoding=\u0022utf-8\u0022?\u003E\u003CKeyInfo\u003E\u003CStart\u003E2023-08-22T03:31:17Z\u003C/Start\u003E\u003CExpiry\u003E2023-08-22T04:31:17Z\u003C/Expiry\u003E\u003C/KeyInfo\u003E",
      "StatusCode": 200,
      "ResponseHeaders": {
        "Content-Type": "application/xml",
        "Date": "Tue, 22 Aug 2023 03:31:15 GMT",
        "Server": [
          "Windows-Azure-Blob/1.0",
          "Microsoft-HTTPAPI/2.0"
        ],
        "Transfer-Encoding": "chunked",
        "x-ms-client-request-id": "da54afe1-c000-4194-aa20-29263a7bd72f",
        "x-ms-request-id": "19256ac9-601e-0080-5ea9-d42da9000000",
        "x-ms-version": "2022-11-02"
      },
      "ResponseBody": "\uFEFF\u003C?xml version=\u00221.0\u0022 encoding=\u0022utf-8\u0022?\u003E\u003CUserDelegationKey\u003E\u003CSignedOid\u003E437f8702-c556-428a-b321-885dab9fd2e2\u003C/SignedOid\u003E\u003CSignedTid\u003E72f988bf-86f1-41af-91ab-2d7cd011db47\u003C/SignedTid\u003E\u003CSignedStart\u003E2023-08-22T03:31:17Z\u003C/SignedStart\u003E\u003CSignedExpiry\u003E2023-08-22T04:31:17Z\u003C/SignedExpiry\u003E\u003CSignedService\u003Eb\u003C/SignedService\u003E\u003CSignedVersion\u003E2022-11-02\u003C/SignedVersion\u003E\u003CValue\u003EREDACTED\u003C/Value\u003E\u003C/UserDelegationKey\u003E"
    },
    {
      "RequestUri": "https://REDACTED.dfs.core.windows.net/datalakesastestfilesaswithpreauthorizedagentobjectid/d2Deokw4vl?resource=file",
      "RequestMethod": "PUT",
      "RequestHeaders": {
        "Authorization": "Sanitized",
        "Content-Length": "0",
        "Expect": "100-continue",
        "User-Agent": "azsdk-cpp-storage-files-datalake/12.8.0-beta.3 (Windows 10 Enterprise 6.3 22621 22621.1.amd64fre.ni_release.220506-1250)",
        "x-ms-client-request-id": "65e03cc0-6813-4f0f-ad01-4fc2c2a1b101",
        "x-ms-date": "Tue, 22 Aug 2023 03:31:18 GMT",
        "x-ms-version": "2023-08-03"
      },
      "RequestBody": null,
      "StatusCode": 201,
      "ResponseHeaders": {
        "Content-Length": "0",
        "Date": "Tue, 22 Aug 2023 03:31:16 GMT",
        "ETag": "\u00220x8DBA2C03ED2F91B\u0022",
        "Last-Modified": "Tue, 22 Aug 2023 03:31:17 GMT",
        "Server": [
          "Windows-Azure-HDFS/1.0",
          "Microsoft-HTTPAPI/2.0"
        ],
        "x-ms-client-request-id": "65e03cc0-6813-4f0f-ad01-4fc2c2a1b101",
        "x-ms-request-id": "5702c4ae-801f-000e-41a9-d4fb1f000000",
        "x-ms-request-server-encrypted": "true",
        "x-ms-version": "2023-08-03"
      },
      "ResponseBody": null
    },
    {
      "RequestUri": "https://REDACTED.blob.core.windows.net/datalakesastestfilesaswithpreauthorizedagentobjectid/d2Deokw4vl?saoid=a62dcf61-ba43-fb83-e179-465a38d78154\u0026scid=bc3429cd-1dea-6152-1ac0-ed4c929c8f14\u0026se=2023-08-22T04:31:17Z\u0026sig=REDACTED\u0026ske=2023-08-22T04:31:17Z\u0026skoid=437f8702-c556-428a-b321-885dab9fd2e2\u0026sks=b\u0026skt=2023-08-22T03:31:17Z\u0026sktid=72f988bf-86f1-41af-91ab-2d7cd011db47\u0026skv=2022-11-02\u0026sp=racwdlmeop\u0026spr=https,http\u0026sr=b\u0026sv=2023-08-03",
      "RequestMethod": "HEAD",
      "RequestHeaders": {
        "User-Agent": "azsdk-cpp-storage-blobs/12.9.0-beta.3 (Windows 10 Enterprise 6.3 22621 22621.1.amd64fre.ni_release.220506-1250)",
        "x-ms-client-request-id": "47c85867-34bf-48d6-831b-afa2bb42493f",
        "x-ms-date": "Tue, 22 Aug 2023 03:31:19 GMT",
        "x-ms-version": "2022-11-02"
      },
      "RequestBody": null,
      "StatusCode": 200,
      "ResponseHeaders": {
        "Accept-Ranges": "bytes",
        "Content-Length": "0",
        "Content-Type": "application/octet-stream",
        "Date": "Tue, 22 Aug 2023 03:31:17 GMT",
        "ETag": "\u00220x8DBA2C03ED2F91B\u0022",
        "Last-Modified": "Tue, 22 Aug 2023 03:31:17 GMT",
        "Server": [
          "Windows-Azure-Blob/1.0",
          "Microsoft-HTTPAPI/2.0"
        ],
        "x-ms-access-tier": "Hot",
        "x-ms-access-tier-inferred": "true",
        "x-ms-blob-type": "BlockBlob",
        "x-ms-client-request-id": "47c85867-34bf-48d6-831b-afa2bb42493f",
        "x-ms-creation-time": "Tue, 22 Aug 2023 03:31:17 GMT",
        "x-ms-group": "$superuser",
        "x-ms-lease-state": "available",
        "x-ms-lease-status": "unlocked",
        "x-ms-owner": "$superuser",
        "x-ms-permissions": "rw-r-----",
        "x-ms-request-id": "192571f5-601e-0080-75a9-d42da9000000",
        "x-ms-resource-type": "file",
        "x-ms-server-encrypted": "true",
        "x-ms-version": "2022-11-02"
      },
      "ResponseBody": null
    },
    {
      "RequestUri": "https://REDACTED.blob.core.windows.net/datalakesastestfilesaswithpreauthorizedagentobjectid?restype=container",
      "RequestMethod": "DELETE",
      "RequestHeaders": {
        "Authorization": "Sanitized",
        "User-Agent": "azsdk-cpp-storage-blobs/12.9.0-beta.3 (Windows 10 Enterprise 6.3 22621 22621.1.amd64fre.ni_release.220506-1250)",
        "x-ms-client-request-id": "89ae6420-08fc-446c-94d9-01707dab887f",
        "x-ms-date": "Tue, 22 Aug 2023 03:31:20 GMT",
        "x-ms-version": "2022-11-02"
      },
      "RequestBody": null,
      "StatusCode": 202,
      "ResponseHeaders": {
        "Content-Length": "0",
        "Date": "Tue, 22 Aug 2023 03:31:18 GMT",
        "Server": [
          "Windows-Azure-Blob/1.0",
          "Microsoft-HTTPAPI/2.0"
        ],
        "x-ms-client-request-id": "89ae6420-08fc-446c-94d9-01707dab887f",
        "x-ms-request-id": "19257480-601e-0080-4aa9-d42da9000000",
        "x-ms-version": "2022-11-02"
      },
      "ResponseBody": null
    }
  ],
  "Variables": {}
}
