{
  "Entries": [
    {
      "RequestUri": "https://REDACTED.blob.core.windows.net/datalakesastestservicesaswithoutstarttime?restype=container",
      "RequestMethod": "PUT",
      "RequestHeaders": {
        "Authorization": "Sanitized",
        "Content-Length": "0",
        "Expect": "100-continue",
        "User-Agent": "azsdk-cpp-storage-blobs/12.9.0-beta.3 (Windows 10 Pro 6.3 22621 22621.1.amd64fre.ni_release.220506-1250)",
        "x-ms-client-request-id": "b9bfee4b-493e-46b7-9a71-30253a1cc1ac",
        "x-ms-date": "Tue, 15 Aug 2023 02:55:04 GMT",
        "x-ms-version": "2022-11-02"
      },
      "RequestBody": null,
      "StatusCode": 201,
      "ResponseHeaders": {
        "Content-Length": "0",
        "Date": "Tue, 15 Aug 2023 02:55:02 GMT",
        "ETag": "\u00220x8DB9D3B0597F4C6\u0022",
        "Last-Modified": "Tue, 15 Aug 2023 02:55:02 GMT",
        "Server": [
          "Windows-Azure-Blob/1.0",
          "Microsoft-HTTPAPI/2.0"
        ],
        "x-ms-client-request-id": "b9bfee4b-493e-46b7-9a71-30253a1cc1ac",
        "x-ms-request-id": "14478b45-701e-001a-3023-cfb370000000",
        "x-ms-version": "2022-11-02"
      },
      "ResponseBody": null
    },
    {
      "RequestUri": "https://REDACTED.dfs.core.windows.net/datalakesastestservicesaswithoutstarttime/4mYLUG9ZEe?resource=file",
      "RequestMethod": "PUT",
      "RequestHeaders": {
        "Authorization": "Sanitized",
        "Content-Length": "0",
        "Expect": "100-continue",
        "User-Agent": "azsdk-cpp-storage-files-datalake/12.8.0-beta.3 (Windows 10 Pro 6.3 22621 22621.1.amd64fre.ni_release.220506-1250)",
        "x-ms-client-request-id": "0529d850-95c7-495a-add2-e40216b5b507",
        "x-ms-date": "Tue, 15 Aug 2023 02:55:04 GMT",
        "x-ms-version": "2023-08-03"
      },
      "RequestBody": null,
      "StatusCode": 201,
      "ResponseHeaders": {
        "Content-Length": "0",
        "Date": "Tue, 15 Aug 2023 02:55:02 GMT",
        "ETag": "\u00220x8DB9D3B05C9B4D8\u0022",
        "Last-Modified": "Tue, 15 Aug 2023 02:55:02 GMT",
        "Server": [
          "Windows-Azure-HDFS/1.0",
          "Microsoft-HTTPAPI/2.0"
        ],
        "x-ms-client-request-id": "0529d850-95c7-495a-add2-e40216b5b507",
        "x-ms-request-id": "4b9d50b4-b01f-0077-4c23-cf073b000000",
        "x-ms-request-server-encrypted": "true",
        "x-ms-version": "2023-08-03"
      },
      "ResponseBody": null
    },
    {
      "RequestUri": "https://REDACTED.blob.core.windows.net/datalakesastestservicesaswithoutstarttime/4mYLUG9ZEe?se=2023-08-15T03:55:04Z\u0026sig=REDACTED\u0026sp=racwdlmeop\u0026spr=https,http\u0026sr=b\u0026sv=2021-06-08",
      "RequestMethod": "HEAD",
      "RequestHeaders": {
        "User-Agent": "azsdk-cpp-storage-blobs/12.9.0-beta.3 (Windows 10 Pro 6.3 22621 22621.1.amd64fre.ni_release.220506-1250)",
        "x-ms-client-request-id": "848d2242-e3ec-4b25-8738-bfe4ff3ee1b0",
        "x-ms-date": "Tue, 15 Aug 2023 02:55:04 GMT",
        "x-ms-version": "2022-11-02"
      },
      "RequestBody": null,
      "StatusCode": 200,
      "ResponseHeaders": {
        "Accept-Ranges": "bytes",
        "Content-Length": "0",
        "Content-Type": "application/octet-stream",
        "Date": "Tue, 15 Aug 2023 02:55:02 GMT",
        "ETag": "\u00220x8DB9D3B05C9B4D8\u0022",
        "Last-Modified": "Tue, 15 Aug 2023 02:55:02 GMT",
        "Server": [
          "Windows-Azure-Blob/1.0",
          "Microsoft-HTTPAPI/2.0"
        ],
        "x-ms-access-tier": "Hot",
        "x-ms-access-tier-inferred": "true",
        "x-ms-blob-type": "BlockBlob",
        "x-ms-client-request-id": "848d2242-e3ec-4b25-8738-bfe4ff3ee1b0",
        "x-ms-creation-time": "Tue, 15 Aug 2023 02:55:02 GMT",
        "x-ms-group": "$superuser",
        "x-ms-lease-state": "available",
        "x-ms-lease-status": "unlocked",
        "x-ms-owner": "$superuser",
        "x-ms-permissions": "rw-r-----",
        "x-ms-request-id": "14478cc3-701e-001a-7923-cfb370000000",
        "x-ms-resource-type": "file",
        "x-ms-server-encrypted": "true",
        "x-ms-version": "2022-11-02"
      },
      "ResponseBody": null
    },
    {
      "RequestUri": "https://REDACTED.blob.core.windows.net/datalakesastestservicesaswithoutstarttime?restype=container",
      "RequestMethod": "DELETE",
      "RequestHeaders": {
        "Authorization": "Sanitized",
        "User-Agent": "azsdk-cpp-storage-blobs/12.9.0-beta.3 (Windows 10 Pro 6.3 22621 22621.1.amd64fre.ni_release.220506-1250)",
        "x-ms-client-request-id": "06a3cb6d-ad73-4ee0-8f0a-cea9ac5438a2",
        "x-ms-date": "Tue, 15 Aug 2023 02:55:05 GMT",
        "x-ms-version": "2022-11-02"
      },
      "RequestBody": null,
      "StatusCode": 202,
      "ResponseHeaders": {
        "Content-Length": "0",
        "Date": "Tue, 15 Aug 2023 02:55:03 GMT",
        "Server": [
          "Windows-Azure-Blob/1.0",
          "Microsoft-HTTPAPI/2.0"
        ],
        "x-ms-client-request-id": "06a3cb6d-ad73-4ee0-8f0a-cea9ac5438a2",
        "x-ms-request-id": "14478d68-701e-001a-1023-cfb370000000",
        "x-ms-version": "2022-11-02"
      },
      "ResponseBody": null
    }
  ],
  "Variables": {}
}
