{
  "Entries": [
    {
      "RequestUri": "https://REDACTED.blob.core.windows.net/datalakefilesystemclienttestrenamedirectory?restype=container",
      "RequestMethod": "PUT",
      "RequestHeaders": {
        "Authorization": "Sanitized",
        "Content-Length": "0",
        "Expect": "100-continue",
        "User-Agent": "azsdk-cpp-storage-blobs/12.7.0-beta.1 (Windows 10 Enterprise 6.3 19044 19041.1.amd64fre.vb_release.191206-1406)",
        "x-ms-client-request-id": "49a631e9-8a82-4c69-4a0f-b1bef64ed20c",
        "x-ms-date": "Thu, 12 Jan 2023 02:56:55 GMT",
        "x-ms-version": "2021-04-10"
      },
      "RequestBody": null,
      "StatusCode": 201,
      "ResponseHeaders": {
        "Content-Length": "0",
        "Date": "Thu, 12 Jan 2023 02:56:54 GMT",
        "ETag": "\u00220x8DAF448AA392A4E\u0022",
        "Last-Modified": "Thu, 12 Jan 2023 02:56:55 GMT",
        "Server": [
          "Windows-Azure-Blob/1.0",
          "Microsoft-HTTPAPI/2.0"
        ],
        "x-ms-client-request-id": "49a631e9-8a82-4c69-4a0f-b1bef64ed20c",
        "x-ms-request-id": "5e0e77b6-b01e-0003-1d31-26acc4000000",
        "x-ms-version": "2021-04-10"
      },
      "ResponseBody": null
    },
    {
      "RequestUri": "https://REDACTED.dfs.core.windows.net/datalakefilesystemclienttestrenamedirectory/HQJPcRNeW31?resource=directory",
      "RequestMethod": "PUT",
      "RequestHeaders": {
        "Authorization": "Sanitized",
        "Content-Length": "0",
        "Expect": "100-continue",
        "User-Agent": "azsdk-cpp-storage-files-datalake/12.5.0-beta.2 (Windows 10 Enterprise 6.3 19044 19041.1.amd64fre.vb_release.191206-1406)",
        "x-ms-client-request-id": "abcebf11-b696-4662-7504-e913ea77f79f",
        "x-ms-date": "Thu, 12 Jan 2023 02:56:55 GMT",
        "x-ms-version": "2021-06-08"
      },
      "RequestBody": null,
      "StatusCode": 201,
      "ResponseHeaders": {
        "Content-Length": "0",
        "Date": "Thu, 12 Jan 2023 02:56:55 GMT",
        "ETag": "\u00220x8DAF448AA681834\u0022",
        "Last-Modified": "Thu, 12 Jan 2023 02:56:56 GMT",
        "Server": [
          "Windows-Azure-HDFS/1.0",
          "Microsoft-HTTPAPI/2.0"
        ],
        "x-ms-client-request-id": "abcebf11-b696-4662-7504-e913ea77f79f",
        "x-ms-request-id": "9705c318-401f-0038-0a31-26e960000000",
        "x-ms-request-server-encrypted": "true",
        "x-ms-version": "2021-06-08"
      },
      "ResponseBody": null
    },
    {
      "RequestUri": "https://REDACTED.dfs.core.windows.net/datalakefilesystemclienttestrenamedirectory/HQJPcRNeW31/HQJPcRNeW33?resource=file",
      "RequestMethod": "PUT",
      "RequestHeaders": {
        "Authorization": "Sanitized",
        "Content-Length": "0",
        "Expect": "100-continue",
        "User-Agent": "azsdk-cpp-storage-files-datalake/12.5.0-beta.2 (Windows 10 Enterprise 6.3 19044 19041.1.amd64fre.vb_release.191206-1406)",
        "x-ms-client-request-id": "1fd57d9a-2dd5-4bd3-64cc-02ee6c7d3bd7",
        "x-ms-date": "Thu, 12 Jan 2023 02:56:56 GMT",
        "x-ms-version": "2021-06-08"
      },
      "RequestBody": null,
      "StatusCode": 201,
      "ResponseHeaders": {
        "Content-Length": "0",
        "Date": "Thu, 12 Jan 2023 02:56:55 GMT",
        "ETag": "\u00220x8DAF448AA9AA6EC\u0022",
        "Last-Modified": "Thu, 12 Jan 2023 02:56:56 GMT",
        "Server": [
          "Windows-Azure-HDFS/1.0",
          "Microsoft-HTTPAPI/2.0"
        ],
        "x-ms-client-request-id": "1fd57d9a-2dd5-4bd3-64cc-02ee6c7d3bd7",
        "x-ms-request-id": "9705c321-401f-0038-0b31-26e960000000",
        "x-ms-request-server-encrypted": "true",
        "x-ms-version": "2021-06-08"
      },
      "ResponseBody": null
    },
    {
      "RequestUri": "https://REDACTED.dfs.core.windows.net/datalakefilesystemclienttestrenamedirectory/HQJPcRNeW31/HQJPcRNeW34?resource=directory",
      "RequestMethod": "PUT",
      "RequestHeaders": {
        "Authorization": "Sanitized",
        "Content-Length": "0",
        "Expect": "100-continue",
        "User-Agent": "azsdk-cpp-storage-files-datalake/12.5.0-beta.2 (Windows 10 Enterprise 6.3 19044 19041.1.amd64fre.vb_release.191206-1406)",
        "x-ms-client-request-id": "8111eb9b-d7dc-4615-6e0b-f7c2f84d5bb3",
        "x-ms-date": "Thu, 12 Jan 2023 02:56:56 GMT",
        "x-ms-version": "2021-06-08"
      },
      "RequestBody": null,
      "StatusCode": 201,
      "ResponseHeaders": {
        "Content-Length": "0",
        "Date": "Thu, 12 Jan 2023 02:56:56 GMT",
        "ETag": "\u00220x8DAF448AAC88836\u0022",
        "Last-Modified": "Thu, 12 Jan 2023 02:56:56 GMT",
        "Server": [
          "Windows-Azure-HDFS/1.0",
          "Microsoft-HTTPAPI/2.0"
        ],
        "x-ms-client-request-id": "8111eb9b-d7dc-4615-6e0b-f7c2f84d5bb3",
        "x-ms-request-id": "9705c322-401f-0038-0c31-26e960000000",
        "x-ms-request-server-encrypted": "true",
        "x-ms-version": "2021-06-08"
      },
      "ResponseBody": null
    },
    {
      "RequestUri": "https://REDACTED.dfs.core.windows.net/datalakefilesystemclienttestrenamedirectory/HQJPcRNeW32?mode=legacy",
      "RequestMethod": "PUT",
      "RequestHeaders": {
        "Authorization": "Sanitized",
        "Content-Length": "0",
        "Expect": "100-continue",
        "User-Agent": "azsdk-cpp-storage-files-datalake/12.5.0-beta.2 (Windows 10 Enterprise 6.3 19044 19041.1.amd64fre.vb_release.191206-1406)",
        "x-ms-client-request-id": "0298ca4c-35e5-423f-522f-a71b6fee3081",
        "x-ms-date": "Thu, 12 Jan 2023 02:56:56 GMT",
        "x-ms-rename-source": "/datalakefilesystemclienttestrenamedirectory/HQJPcRNeW31",
        "x-ms-version": "2021-06-08"
      },
      "RequestBody": null,
      "StatusCode": 201,
      "ResponseHeaders": {
        "Content-Length": "0",
        "Date": "Thu, 12 Jan 2023 02:56:56 GMT",
        "ETag": "\u00220x8DAF448AA681834\u0022",
        "Last-Modified": "Thu, 12 Jan 2023 02:56:56 GMT",
        "Server": [
          "Windows-Azure-HDFS/1.0",
          "Microsoft-HTTPAPI/2.0"
        ],
        "x-ms-client-request-id": "0298ca4c-35e5-423f-522f-a71b6fee3081",
        "x-ms-request-id": "9705c325-401f-0038-0d31-26e960000000",
        "x-ms-version": "2021-06-08"
      },
      "ResponseBody": null
    },
    {
      "RequestUri": "https://REDACTED.blob.core.windows.net/datalakefilesystemclienttestrenamedirectory/HQJPcRNeW32",
      "RequestMethod": "HEAD",
      "RequestHeaders": {
        "Authorization": "Sanitized",
        "User-Agent": "azsdk-cpp-storage-files-datalake/12.5.0-beta.2 (Windows 10 Enterprise 6.3 19044 19041.1.amd64fre.vb_release.191206-1406)",
        "x-ms-client-request-id": "7686d4ef-4542-417c-410e-348b8b8d2cff",
        "x-ms-date": "Thu, 12 Jan 2023 02:56:57 GMT",
        "x-ms-version": "2021-04-10"
      },
      "RequestBody": null,
      "StatusCode": 200,
      "ResponseHeaders": {
        "Accept-Ranges": "bytes",
        "Content-Length": "0",
        "Content-Type": "application/octet-stream",
        "Date": "Thu, 12 Jan 2023 02:56:56 GMT",
        "ETag": "\u00220x8DAF448AA681834\u0022",
        "Last-Modified": "Thu, 12 Jan 2023 02:56:56 GMT",
        "Server": [
          "Windows-Azure-Blob/1.0",
          "Microsoft-HTTPAPI/2.0"
        ],
        "x-ms-access-tier": "Hot",
        "x-ms-access-tier-inferred": "true",
        "x-ms-blob-type": "BlockBlob",
        "x-ms-client-request-id": "7686d4ef-4542-417c-410e-348b8b8d2cff",
        "x-ms-creation-time": "Thu, 12 Jan 2023 02:56:56 GMT",
        "x-ms-group": "$superuser",
        "x-ms-last-access-time": "Thu, 12 Jan 2023 02:56:56 GMT",
        "x-ms-lease-state": "available",
        "x-ms-lease-status": "unlocked",
        "x-ms-meta-hdi_isfolder": "true",
        "x-ms-owner": "$superuser",
        "x-ms-permissions": "rwxr-x---",
        "x-ms-request-id": "5e0e7944-b01e-0003-6d31-26acc4000000",
        "x-ms-resource-type": "directory",
        "x-ms-server-encrypted": "true",
        "x-ms-version": "2021-04-10"
      },
      "ResponseBody": null
    },
    {
      "RequestUri": "https://REDACTED.blob.core.windows.net/datalakefilesystemclienttestrenamedirectory/HQJPcRNeW32",
      "RequestMethod": "HEAD",
      "RequestHeaders": {
        "Authorization": "Sanitized",
        "User-Agent": "azsdk-cpp-storage-blobs/12.7.0-beta.1 (Windows 10 Enterprise 6.3 19044 19041.1.amd64fre.vb_release.191206-1406)",
        "x-ms-client-request-id": "78a4f079-785e-4f57-7ee6-b88872d2b19a",
        "x-ms-date": "Thu, 12 Jan 2023 02:56:57 GMT",
        "x-ms-version": "2021-04-10"
      },
      "RequestBody": null,
      "StatusCode": 200,
      "ResponseHeaders": {
        "Accept-Ranges": "bytes",
        "Content-Length": "0",
        "Content-Type": "application/octet-stream",
        "Date": "Thu, 12 Jan 2023 02:56:56 GMT",
        "ETag": "\u00220x8DAF448AA681834\u0022",
        "Last-Modified": "Thu, 12 Jan 2023 02:56:56 GMT",
        "Server": [
          "Windows-Azure-Blob/1.0",
          "Microsoft-HTTPAPI/2.0"
        ],
        "x-ms-access-tier": "Hot",
        "x-ms-access-tier-inferred": "true",
        "x-ms-blob-type": "BlockBlob",
        "x-ms-client-request-id": "78a4f079-785e-4f57-7ee6-b88872d2b19a",
        "x-ms-creation-time": "Thu, 12 Jan 2023 02:56:56 GMT",
        "x-ms-group": "$superuser",
        "x-ms-last-access-time": "Thu, 12 Jan 2023 02:56:56 GMT",
        "x-ms-lease-state": "available",
        "x-ms-lease-status": "unlocked",
        "x-ms-meta-hdi_isfolder": "true",
        "x-ms-owner": "$superuser",
        "x-ms-permissions": "rwxr-x---",
        "x-ms-request-id": "5e0e797b-b01e-0003-1e31-26acc4000000",
        "x-ms-resource-type": "directory",
        "x-ms-server-encrypted": "true",
        "x-ms-version": "2021-04-10"
      },
      "ResponseBody": null
    },
    {
      "RequestUri": "https://REDACTED.blob.core.windows.net/datalakefilesystemclienttestrenamedirectory/HQJPcRNeW31",
      "RequestMethod": "HEAD",
      "RequestHeaders": {
        "Authorization": "Sanitized",
        "User-Agent": "azsdk-cpp-storage-blobs/12.7.0-beta.1 (Windows 10 Enterprise 6.3 19044 19041.1.amd64fre.vb_release.191206-1406)",
        "x-ms-client-request-id": "a11afafb-baf4-4ee8-655f-76c51b509788",
        "x-ms-date": "Thu, 12 Jan 2023 02:56:57 GMT",
        "x-ms-version": "2021-04-10"
      },
      "RequestBody": null,
      "StatusCode": 404,
      "ResponseHeaders": {
        "Date": "Thu, 12 Jan 2023 02:56:56 GMT",
        "Server": [
          "Windows-Azure-Blob/1.0",
          "Microsoft-HTTPAPI/2.0"
        ],
        "Transfer-Encoding": "chunked",
        "x-ms-client-request-id": "a11afafb-baf4-4ee8-655f-76c51b509788",
        "x-ms-error-code": "BlobNotFound",
        "x-ms-request-id": "5e0e79ca-b01e-0003-6231-26acc4000000",
        "x-ms-version": "2021-04-10"
      },
      "ResponseBody": null
    },
    {
      "RequestUri": "https://REDACTED.blob.core.windows.net/oibrtsreil?restype=container",
      "RequestMethod": "PUT",
      "RequestHeaders": {
        "Authorization": "Sanitized",
        "Content-Length": "0",
        "Expect": "100-continue",
        "User-Agent": "azsdk-cpp-storage-blobs/12.7.0-beta.1 (Windows 10 Enterprise 6.3 19044 19041.1.amd64fre.vb_release.191206-1406)",
        "x-ms-client-request-id": "40fd0c84-7a8e-4f59-4df7-c9054350f090",
        "x-ms-date": "Thu, 12 Jan 2023 02:56:58 GMT",
        "x-ms-version": "2021-04-10"
      },
      "RequestBody": null,
      "StatusCode": 201,
      "ResponseHeaders": {
        "Content-Length": "0",
        "Date": "Thu, 12 Jan 2023 02:56:57 GMT",
        "ETag": "\u00220x8DAF448ABB29A3A\u0022",
        "Last-Modified": "Thu, 12 Jan 2023 02:56:58 GMT",
        "Server": [
          "Windows-Azure-Blob/1.0",
          "Microsoft-HTTPAPI/2.0"
        ],
        "x-ms-client-request-id": "40fd0c84-7a8e-4f59-4df7-c9054350f090",
        "x-ms-request-id": "5e0e7a26-b01e-0003-3931-26acc4000000",
        "x-ms-version": "2021-04-10"
      },
      "ResponseBody": null
    },
    {
      "RequestUri": "https://REDACTED.dfs.core.windows.net/oibrtsreil/HQJPcRNeW35?mode=legacy",
      "RequestMethod": "PUT",
      "RequestHeaders": {
        "Authorization": "Sanitized",
        "Content-Length": "0",
        "Expect": "100-continue",
        "User-Agent": "azsdk-cpp-storage-files-datalake/12.5.0-beta.2 (Windows 10 Enterprise 6.3 19044 19041.1.amd64fre.vb_release.191206-1406)",
        "x-ms-client-request-id": "ae03b8a2-0760-48c2-753e-71d4808cb056",
        "x-ms-date": "Thu, 12 Jan 2023 02:56:58 GMT",
        "x-ms-rename-source": "/datalakefilesystemclienttestrenamedirectory/HQJPcRNeW32",
        "x-ms-version": "2021-06-08"
      },
      "RequestBody": null,
      "StatusCode": 201,
      "ResponseHeaders": {
        "Content-Length": "0",
        "Date": "Thu, 12 Jan 2023 02:56:58 GMT",
        "ETag": "\u00220x8DAF448AA681834\u0022",
        "Last-Modified": "Thu, 12 Jan 2023 02:56:56 GMT",
        "Server": [
          "Windows-Azure-HDFS/1.0",
          "Microsoft-HTTPAPI/2.0"
        ],
        "x-ms-client-request-id": "ae03b8a2-0760-48c2-753e-71d4808cb056",
        "x-ms-request-id": "9705c326-401f-0038-0e31-26e960000000",
        "x-ms-version": "2021-06-08"
      },
      "ResponseBody": null
    },
    {
      "RequestUri": "https://REDACTED.blob.core.windows.net/oibrtsreil/HQJPcRNeW35",
      "RequestMethod": "HEAD",
      "RequestHeaders": {
        "Authorization": "Sanitized",
        "User-Agent": "azsdk-cpp-storage-files-datalake/12.5.0-beta.2 (Windows 10 Enterprise 6.3 19044 19041.1.amd64fre.vb_release.191206-1406)",
        "x-ms-client-request-id": "f645e970-11e9-4da4-5cca-26dbf3d42b34",
        "x-ms-date": "Thu, 12 Jan 2023 02:56:58 GMT",
        "x-ms-version": "2021-04-10"
      },
      "RequestBody": null,
      "StatusCode": 200,
      "ResponseHeaders": {
        "Accept-Ranges": "bytes",
        "Content-Length": "0",
        "Content-Type": "application/octet-stream",
        "Date": "Thu, 12 Jan 2023 02:56:58 GMT",
        "ETag": "\u00220x8DAF448AA681834\u0022",
        "Last-Modified": "Thu, 12 Jan 2023 02:56:56 GMT",
        "Server": [
          "Windows-Azure-Blob/1.0",
          "Microsoft-HTTPAPI/2.0"
        ],
        "x-ms-access-tier": "Hot",
        "x-ms-access-tier-inferred": "true",
        "x-ms-blob-type": "BlockBlob",
        "x-ms-client-request-id": "f645e970-11e9-4da4-5cca-26dbf3d42b34",
        "x-ms-creation-time": "Thu, 12 Jan 2023 02:56:56 GMT",
        "x-ms-group": "$superuser",
        "x-ms-last-access-time": "Thu, 12 Jan 2023 02:56:56 GMT",
        "x-ms-lease-state": "available",
        "x-ms-lease-status": "unlocked",
        "x-ms-meta-hdi_isfolder": "true",
        "x-ms-owner": "$superuser",
        "x-ms-permissions": "rwxr-x---",
        "x-ms-request-id": "5e0e7ad4-b01e-0003-5431-26acc4000000",
        "x-ms-resource-type": "directory",
        "x-ms-server-encrypted": "true",
        "x-ms-version": "2021-04-10"
      },
      "ResponseBody": null
    },
    {
      "RequestUri": "https://REDACTED.blob.core.windows.net/oibrtsreil/HQJPcRNeW35",
      "RequestMethod": "HEAD",
      "RequestHeaders": {
        "Authorization": "Sanitized",
        "User-Agent": "azsdk-cpp-storage-blobs/12.7.0-beta.1 (Windows 10 Enterprise 6.3 19044 19041.1.amd64fre.vb_release.191206-1406)",
        "x-ms-client-request-id": "9a51bbbb-cbc3-46eb-770e-71511b8a15b9",
        "x-ms-date": "Thu, 12 Jan 2023 02:56:59 GMT",
        "x-ms-version": "2021-04-10"
      },
      "RequestBody": null,
      "StatusCode": 200,
      "ResponseHeaders": {
        "Accept-Ranges": "bytes",
        "Content-Length": "0",
        "Content-Type": "application/octet-stream",
        "Date": "Thu, 12 Jan 2023 02:56:58 GMT",
        "ETag": "\u00220x8DAF448AA681834\u0022",
        "Last-Modified": "Thu, 12 Jan 2023 02:56:56 GMT",
        "Server": [
          "Windows-Azure-Blob/1.0",
          "Microsoft-HTTPAPI/2.0"
        ],
        "x-ms-access-tier": "Hot",
        "x-ms-access-tier-inferred": "true",
        "x-ms-blob-type": "BlockBlob",
        "x-ms-client-request-id": "9a51bbbb-cbc3-46eb-770e-71511b8a15b9",
        "x-ms-creation-time": "Thu, 12 Jan 2023 02:56:56 GMT",
        "x-ms-group": "$superuser",
        "x-ms-last-access-time": "Thu, 12 Jan 2023 02:56:56 GMT",
        "x-ms-lease-state": "available",
        "x-ms-lease-status": "unlocked",
        "x-ms-meta-hdi_isfolder": "true",
        "x-ms-owner": "$superuser",
        "x-ms-permissions": "rwxr-x---",
        "x-ms-request-id": "5e0e7b29-b01e-0003-2031-26acc4000000",
        "x-ms-resource-type": "directory",
        "x-ms-server-encrypted": "true",
        "x-ms-version": "2021-04-10"
      },
      "ResponseBody": null
    },
    {
      "RequestUri": "https://REDACTED.blob.core.windows.net/oibrtsreil?restype=container",
      "RequestMethod": "DELETE",
      "RequestHeaders": {
        "Authorization": "Sanitized",
        "User-Agent": "azsdk-cpp-storage-blobs/12.7.0-beta.1 (Windows 10 Enterprise 6.3 19044 19041.1.amd64fre.vb_release.191206-1406)",
        "x-ms-client-request-id": "3fd4d7f7-3974-4c22-5595-1dcb4b39fffb",
        "x-ms-date": "Thu, 12 Jan 2023 02:56:59 GMT",
        "x-ms-version": "2021-04-10"
      },
      "RequestBody": null,
      "StatusCode": 202,
      "ResponseHeaders": {
        "Content-Length": "0",
        "Date": "Thu, 12 Jan 2023 02:56:58 GMT",
        "Server": [
          "Windows-Azure-Blob/1.0",
          "Microsoft-HTTPAPI/2.0"
        ],
        "x-ms-client-request-id": "3fd4d7f7-3974-4c22-5595-1dcb4b39fffb",
        "x-ms-request-id": "5e0e7b82-b01e-0003-7431-26acc4000000",
        "x-ms-version": "2021-04-10"
      },
      "ResponseBody": null
    },
    {
      "RequestUri": "https://REDACTED.blob.core.windows.net/datalakefilesystemclienttestrenamedirectory/HQJPcRNeW32",
      "RequestMethod": "HEAD",
      "RequestHeaders": {
        "Authorization": "Sanitized",
        "User-Agent": "azsdk-cpp-storage-files-datalake/12.5.0-beta.2 (Windows 10 Enterprise 6.3 19044 19041.1.amd64fre.vb_release.191206-1406)",
        "x-ms-client-request-id": "affc3244-4b61-4794-6d2b-92255467c06f",
        "x-ms-date": "Thu, 12 Jan 2023 02:56:59 GMT",
        "x-ms-version": "2021-04-10"
      },
      "RequestBody": null,
      "StatusCode": 404,
      "ResponseHeaders": {
        "Date": "Thu, 12 Jan 2023 02:56:58 GMT",
        "Server": [
          "Windows-Azure-Blob/1.0",
          "Microsoft-HTTPAPI/2.0"
        ],
        "Transfer-Encoding": "chunked",
        "x-ms-client-request-id": "affc3244-4b61-4794-6d2b-92255467c06f",
        "x-ms-error-code": "BlobNotFound",
        "x-ms-request-id": "5e0e7bee-b01e-0003-5731-26acc4000000",
        "x-ms-version": "2021-04-10"
      },
      "ResponseBody": null
    },
    {
      "RequestUri": "https://REDACTED.blob.core.windows.net/datalakefilesystemclienttestrenamedirectory?restype=container",
      "RequestMethod": "DELETE",
      "RequestHeaders": {
        "Authorization": "Sanitized",
        "User-Agent": "azsdk-cpp-storage-blobs/12.7.0-beta.1 (Windows 10 Enterprise 6.3 19044 19041.1.amd64fre.vb_release.191206-1406)",
        "x-ms-client-request-id": "338d278c-3aca-4277-52d1-08d13d4ee665",
        "x-ms-date": "Thu, 12 Jan 2023 02:57:00 GMT",
        "x-ms-version": "2021-04-10"
      },
      "RequestBody": null,
      "StatusCode": 202,
      "ResponseHeaders": {
        "Content-Length": "0",
        "Date": "Thu, 12 Jan 2023 02:56:59 GMT",
        "Server": [
          "Windows-Azure-Blob/1.0",
          "Microsoft-HTTPAPI/2.0"
        ],
        "x-ms-client-request-id": "338d278c-3aca-4277-52d1-08d13d4ee665",
        "x-ms-request-id": "5e0e7c48-b01e-0003-2831-26acc4000000",
        "x-ms-version": "2021-04-10"
      },
      "ResponseBody": null
    },
    {
      "RequestUri": "https://REDACTED.blob.core.windows.net/oibrtsreil?restype=container",
      "RequestMethod": "DELETE",
      "RequestHeaders": {
        "Authorization": "Sanitized",
        "User-Agent": "azsdk-cpp-storage-blobs/12.7.0-beta.1 (Windows 10 Enterprise 6.3 19044 19041.1.amd64fre.vb_release.191206-1406)",
        "x-ms-client-request-id": "22c31398-ebc0-44ff-6029-2b4b650df7f6",
        "x-ms-date": "Thu, 12 Jan 2023 02:57:00 GMT",
        "x-ms-version": "2021-04-10"
      },
      "RequestBody": null,
      "StatusCode": 202,
      "ResponseHeaders": {
        "Content-Length": "0",
        "Date": "Thu, 12 Jan 2023 02:56:59 GMT",
        "Server": [
          "Windows-Azure-Blob/1.0",
          "Microsoft-HTTPAPI/2.0"
        ],
        "x-ms-client-request-id": "22c31398-ebc0-44ff-6029-2b4b650df7f6",
        "x-ms-request-id": "5e0e7caf-b01e-0003-7b31-26acc4000000",
        "x-ms-version": "2021-04-10"
      },
      "ResponseBody": null
    }
  ],
  "Variables": {}
}
