{
  "Entries": [
    {
      "RequestUri": "https://REDACTED.blob.core.windows.net/datalakefilesystemclienttestaudience?restype=container",
      "RequestMethod": "PUT",
      "RequestHeaders": {
        "Authorization": "Sanitized",
        "Content-Length": "0",
        "Expect": "100-continue",
        "User-Agent": "azsdk-cpp-storage-blobs/12.10.0-beta.1 (Windows 10 Pro 6.3 22621 22621.1.amd64fre.ni_release.220506-1250)",
        "x-ms-client-request-id": "f7cca55a-2bac-46ef-ab4b-25327bf6d569",
        "x-ms-date": "Sun, 08 Oct 2023 04:59:57 GMT",
        "x-ms-version": "2022-11-02"
      },
      "RequestBody": null,
      "StatusCode": 201,
      "ResponseHeaders": {
        "Content-Length": "0",
        "Date": "Sun, 08 Oct 2023 04:59:57 GMT",
        "ETag": "\u00220x8DBC7BB6B7DAA33\u0022",
        "Last-Modified": "Sun, 08 Oct 2023 04:59:57 GMT",
        "Server": [
          "Windows-Azure-Blob/1.0",
          "Microsoft-HTTPAPI/2.0"
        ],
        "x-ms-client-request-id": "f7cca55a-2bac-46ef-ab4b-25327bf6d569",
        "x-ms-request-id": "ac742a0a-d01e-0085-4ba4-f9ff72000000",
        "x-ms-version": "2022-11-02"
      },
      "ResponseBody": null
    },
    {
      "RequestUri": "https://REDACTED.microsoftonline.com/72f988bf-86f1-41af-91ab-2d7cd011db47/oauth2/v2.0/token",
      "RequestMethod": "POST",
      "RequestHeaders": {
        "Content-Length": "187",
        "Content-Type": "application/x-www-form-urlencoded",
        "User-Agent": "azsdk-cpp-identity/1.6.0-beta.3 (Windows 10 Pro 6.3 22621 22621.1.amd64fre.ni_release.220506-1250)",
        "x-ms-client-request-id": "4419e9a6-0f66-4fbb-9a7e-95e6b6f70f40"
      },
      "RequestBody": "grant_type=client_credentials\u0026client_id=d44cd08d-575d-4962-8e63-8423cfd4f2b4\u0026client_secret=REDACTED_A8Q~yIFBxXFcdCJled5_TJyMvyYDCfJqqNZcIM\u0026scope=https%3A%2F%2Fstorage.azure.com%2F.default",
      "StatusCode": 200,
      "ResponseHeaders": {
        "Cache-Control": "no-store, no-cache",
        "Content-Length": "92",
        "Content-Type": "application/json; charset=utf-8",
        "Date": "Sun, 08 Oct 2023 04:59:57 GMT",
        "Expires": "-1",
        "P3P": "CP=\u0022DSP CUR OTPi IND OTRi ONL FIN\u0022",
        "Pragma": "no-cache",
        "Set-Cookie": "REDACTED",
        "Strict-Transport-Security": "max-age=31536000; includeSubDomains",
        "X-Content-Type-Options": "nosniff",
        "x-ms-ests-server": "2.1.16522.6 - KRC ProdSlices",
        "x-ms-request-id": "20d785c4-6593-4b99-91fb-1ff47ed91100",
        "X-XSS-Protection": "0"
      },
      "ResponseBody": {
        "token_type": "Bearer",
        "expires_in": 86399,
        "ext_expires_in": 86399,
        "access_token": "Sanitized"
      }
    },
    {
      "RequestUri": "https://REDACTED.blob.core.windows.net/datalakefilesystemclienttestaudience?restype=container",
      "RequestMethod": "GET",
      "RequestHeaders": {
        "Authorization": "Sanitized",
        "User-Agent": "azsdk-cpp-storage-blobs/12.10.0-beta.1 (Windows 10 Pro 6.3 22621 22621.1.amd64fre.ni_release.220506-1250)",
        "x-ms-client-request-id": "64f22434-851c-4ed2-83c6-1a1f287a1e05",
        "x-ms-date": "Sun, 08 Oct 2023 04:59:58 GMT",
        "x-ms-version": "2022-11-02"
      },
      "RequestBody": null,
      "StatusCode": 200,
      "ResponseHeaders": {
        "Content-Length": "0",
        "Date": "Sun, 08 Oct 2023 04:59:58 GMT",
        "ETag": "\u00220x8DBC7BB6B7DAA33\u0022",
        "Last-Modified": "Sun, 08 Oct 2023 04:59:57 GMT",
        "Server": [
          "Windows-Azure-Blob/1.0",
          "Microsoft-HTTPAPI/2.0"
        ],
        "x-ms-client-request-id": "64f22434-851c-4ed2-83c6-1a1f287a1e05",
        "x-ms-default-encryption-scope": "$account-encryption-key",
        "x-ms-deny-encryption-scope-override": "false",
        "x-ms-has-immutability-policy": "false",
        "x-ms-has-legal-hold": "false",
        "x-ms-immutable-storage-with-versioning-enabled": "false",
        "x-ms-lease-state": "available",
        "x-ms-lease-status": "unlocked",
        "x-ms-request-id": "ac742c02-d01e-0085-5fa4-f9ff72000000",
        "x-ms-version": "2022-11-02"
      },
      "ResponseBody": null
    },
    {
      "RequestUri": "https://REDACTED.microsoftonline.com/72f988bf-86f1-41af-91ab-2d7cd011db47/oauth2/v2.0/token",
      "RequestMethod": "POST",
      "RequestHeaders": {
        "Content-Length": "206",
        "Content-Type": "application/x-www-form-urlencoded",
        "User-Agent": "azsdk-cpp-identity/1.6.0-beta.3 (Windows 10 Pro 6.3 22621 22621.1.amd64fre.ni_release.220506-1250)",
        "x-ms-client-request-id": "fb321fad-32f8-4c8f-89f6-3ef8b7f98fff"
      },
      "RequestBody": "grant_type=client_credentials\u0026client_id=d44cd08d-575d-4962-8e63-8423cfd4f2b4\u0026client_secret=REDACTED_A8Q~yIFBxXFcdCJled5_TJyMvyYDCfJqqNZcIM\u0026scope=https%3A%2F%2Fzchangdatalake.blob.core.windows.net%2F.default",
      "StatusCode": 200,
      "ResponseHeaders": {
        "Cache-Control": "no-store, no-cache",
        "Content-Length": "92",
        "Content-Type": "application/json; charset=utf-8",
        "Date": "Sun, 08 Oct 2023 04:59:58 GMT",
        "Expires": "-1",
        "P3P": "CP=\u0022DSP CUR OTPi IND OTRi ONL FIN\u0022",
        "Pragma": "no-cache",
        "Set-Cookie": "REDACTED",
        "Strict-Transport-Security": "max-age=31536000; includeSubDomains",
        "X-Content-Type-Options": "nosniff",
        "x-ms-ests-server": "2.1.16522.6 - KRC ProdSlices",
        "x-ms-request-id": "7343085f-6687-4134-b2db-7ffc962a1700",
        "X-XSS-Protection": "0"
      },
      "ResponseBody": {
        "token_type": "Bearer",
        "expires_in": 86399,
        "ext_expires_in": 86399,
        "access_token": "Sanitized"
      }
    },
    {
      "RequestUri": "https://REDACTED.blob.core.windows.net/datalakefilesystemclienttestaudience?restype=container",
      "RequestMethod": "GET",
      "RequestHeaders": {
        "Authorization": "Sanitized",
        "User-Agent": "azsdk-cpp-storage-blobs/12.10.0-beta.1 (Windows 10 Pro 6.3 22621 22621.1.amd64fre.ni_release.220506-1250)",
        "x-ms-client-request-id": "d8611cb4-f135-4005-8d71-2347e635e11f",
        "x-ms-date": "Sun, 08 Oct 2023 04:59:59 GMT",
        "x-ms-version": "2022-11-02"
      },
      "RequestBody": null,
      "StatusCode": 200,
      "ResponseHeaders": {
        "Content-Length": "0",
        "Date": "Sun, 08 Oct 2023 04:59:59 GMT",
        "ETag": "\u00220x8DBC7BB6B7DAA33\u0022",
        "Last-Modified": "Sun, 08 Oct 2023 04:59:57 GMT",
        "Server": [
          "Windows-Azure-Blob/1.0",
          "Microsoft-HTTPAPI/2.0"
        ],
        "x-ms-client-request-id": "d8611cb4-f135-4005-8d71-2347e635e11f",
        "x-ms-default-encryption-scope": "$account-encryption-key",
        "x-ms-deny-encryption-scope-override": "false",
        "x-ms-has-immutability-policy": "false",
        "x-ms-has-legal-hold": "false",
        "x-ms-immutable-storage-with-versioning-enabled": "false",
        "x-ms-lease-state": "available",
        "x-ms-lease-status": "unlocked",
        "x-ms-request-id": "ac742e42-d01e-0085-29a4-f9ff72000000",
        "x-ms-version": "2022-11-02"
      },
      "ResponseBody": null
    },
    {
      "RequestUri": "https://REDACTED.microsoftonline.com/72f988bf-86f1-41af-91ab-2d7cd011db47/oauth2/v2.0/token",
      "RequestMethod": "POST",
      "RequestHeaders": {
        "Content-Length": "192",
        "Content-Type": "application/x-www-form-urlencoded",
        "User-Agent": "azsdk-cpp-identity/1.6.0-beta.3 (Windows 10 Pro 6.3 22621 22621.1.amd64fre.ni_release.220506-1250)",
        "x-ms-client-request-id": "c3b3906a-0edb-4a11-a710-c32295e6c488"
      },
      "RequestBody": "grant_type=client_credentials\u0026client_id=d44cd08d-575d-4962-8e63-8423cfd4f2b4\u0026client_secret=REDACTED_A8Q~yIFBxXFcdCJled5_TJyMvyYDCfJqqNZcIM\u0026scope=https%3A%2F%2Fdisk.compute.azure.com%2F.default",
      "StatusCode": 200,
      "ResponseHeaders": {
        "Cache-Control": "no-store, no-cache",
        "Content-Length": "92",
        "Content-Type": "application/json; charset=utf-8",
        "Date": "Sun, 08 Oct 2023 04:59:59 GMT",
        "Expires": "-1",
        "P3P": "CP=\u0022DSP CUR OTPi IND OTRi ONL FIN\u0022",
        "Pragma": "no-cache",
        "Set-Cookie": "REDACTED",
        "Strict-Transport-Security": "max-age=31536000; includeSubDomains",
        "X-Content-Type-Options": "nosniff",
        "x-ms-ests-server": "2.1.16522.6 - KRC ProdSlices",
        "x-ms-request-id": "30f40043-0ece-42fb-b8a4-c2c5f8a51400",
        "X-XSS-Protection": "0"
      },
      "ResponseBody": {
        "token_type": "Bearer",
        "expires_in": 86399,
        "ext_expires_in": 86399,
        "access_token": "Sanitized"
      }
    },
    {
      "RequestUri": "https://REDACTED.blob.core.windows.net/datalakefilesystemclienttestaudience?restype=container",
      "RequestMethod": "GET",
      "RequestHeaders": {
        "Authorization": "Sanitized",
        "User-Agent": "azsdk-cpp-storage-blobs/12.10.0-beta.1 (Windows 10 Pro 6.3 22621 22621.1.amd64fre.ni_release.220506-1250)",
        "x-ms-client-request-id": "e4fd09c3-08cf-49f3-a7dc-1bf4433ff861",
        "x-ms-date": "Sun, 08 Oct 2023 05:00:00 GMT",
        "x-ms-version": "2022-11-02"
      },
      "RequestBody": null,
      "StatusCode": 401,
      "ResponseHeaders": {
        "Content-Length": "406",
        "Content-Type": "application/xml",
        "Date": "Sun, 08 Oct 2023 05:00:00 GMT",
        "Server": "Microsoft-HTTPAPI/2.0",
        "WWW-Authenticate": "Bearer authorization_uri=https://REDACTED.microsoftonline.com/72f988bf-86f1-41af-91ab-2d7cd011db47/oauth2/authorize resource_id=https://REDACTED.azure.com",
        "x-ms-error-code": "InvalidAuthenticationInfo",
        "x-ms-request-id": "ac742fb2-d01e-0085-46a4-f9ff72000000"
      },
      "ResponseBody": [
        "\uFEFF\u003C?xml version=\u00221.0\u0022 encoding=\u0022utf-8\u0022?\u003E\u003CError\u003E\u003CCode\u003EInvalidAuthenticationInfo\u003C/Code\u003E\u003CMessage\u003EServer failed to authenticate the request. Please refer to the information in the www-authenticate header.\n",
        "RequestId:ac742fb2-d01e-0085-46a4-f9ff72000000\n",
        "Time:2023-10-08T05:00:00.3492852Z\u003C/Message\u003E\u003CAuthenticationErrorDetail\u003EAudience validation failed. Audience did not match.\u003C/AuthenticationErrorDetail\u003E\u003C/Error\u003E"
      ]
    },
    {
      "RequestUri": "https://REDACTED.blob.core.windows.net/datalakefilesystemclienttestaudience?restype=container",
      "RequestMethod": "DELETE",
      "RequestHeaders": {
        "Authorization": "Sanitized",
        "User-Agent": "azsdk-cpp-storage-blobs/12.10.0-beta.1 (Windows 10 Pro 6.3 22621 22621.1.amd64fre.ni_release.220506-1250)",
        "x-ms-client-request-id": "e5824685-e6b7-4dd5-9fc1-a391a8d1038a",
        "x-ms-date": "Sun, 08 Oct 2023 05:00:00 GMT",
        "x-ms-version": "2022-11-02"
      },
      "RequestBody": null,
      "StatusCode": 202,
      "ResponseHeaders": {
        "Content-Length": "0",
        "Date": "Sun, 08 Oct 2023 05:00:00 GMT",
        "Server": [
          "Windows-Azure-Blob/1.0",
          "Microsoft-HTTPAPI/2.0"
        ],
        "x-ms-client-request-id": "e5824685-e6b7-4dd5-9fc1-a391a8d1038a",
        "x-ms-request-id": "ac7430be-d01e-0085-1ca4-f9ff72000000",
        "x-ms-version": "2022-11-02"
      },
      "ResponseBody": null
    }
  ],
  "Variables": {}
}
