{
  "Entries": [
    {
      "RequestUri": "https://REDACTED.blob.core.windows.net/datalakefileclienttestcreatewithencryptioncontext?restype=container",
      "RequestMethod": "PUT",
      "RequestHeaders": {
        "Authorization": "Sanitized",
        "Content-Length": "0",
        "Expect": "100-continue",
        "User-Agent": "azsdk-cpp-storage-blobs/12.11.0-beta.2 (Windows 10 Enterprise 6.3 22631 22621.1.amd64fre.ni_release.220506-1250)",
        "x-ms-client-request-id": "Sanitized",
        "x-ms-date": "Sun, 28 Apr 2024 05:14:23 GMT",
        "x-ms-version": "2023-11-03"
      },
      "RequestBody": null,
      "StatusCode": 201,
      "ResponseHeaders": {
        "Content-Length": "0",
        "Date": "Sun, 28 Apr 2024 05:14:24 GMT",
        "ETag": "\"0x8DC674212217E31\"",
        "Last-Modified": "Sun, 28 Apr 2024 05:14:24 GMT",
        "Server": [
          "Windows-Azure-Blob/1.0",
          "Microsoft-HTTPAPI/2.0"
        ],
        "x-ms-client-request-id": "Sanitized",
        "x-ms-request-id": "Sanitized",
        "x-ms-version": "2023-11-03"
      },
      "ResponseBody": null
    },
    {
      "RequestUri": "https://REDACTED.dfs.core.windows.net/datalakefileclienttestcreatewithencryptioncontext/bAwM2p3bB8?resource=file",
      "RequestMethod": "PUT",
      "RequestHeaders": {
        "Authorization": "Sanitized",
        "Content-Length": "0",
        "Expect": "100-continue",
        "If-None-Match": "*",
        "User-Agent": "azsdk-cpp-storage-files-datalake/12.10.0-beta.2 (Windows 10 Enterprise 6.3 22631 22621.1.amd64fre.ni_release.220506-1250)",
        "x-ms-client-request-id": "Sanitized",
        "x-ms-date": "Sun, 28 Apr 2024 05:14:25 GMT",
        "x-ms-version": "2023-11-03"
      },
      "RequestBody": null,
      "StatusCode": 201,
      "ResponseHeaders": {
        "Content-Length": "0",
        "Date": "Sun, 28 Apr 2024 05:14:25 GMT",
        "ETag": "\"0x8DC674212F3C807\"",
        "Last-Modified": "Sun, 28 Apr 2024 05:14:26 GMT",
        "Server": [
          "Windows-Azure-HDFS/1.0",
          "Microsoft-HTTPAPI/2.0"
        ],
        "x-ms-client-request-id": "Sanitized",
        "x-ms-request-id": "Sanitized",
        "x-ms-request-server-encrypted": "true",
        "x-ms-version": "2023-11-03"
      },
      "ResponseBody": null
    },
    {
      "RequestUri": "https://REDACTED.dfs.core.windows.net/datalakefileclienttestcreatewithencryptioncontext/zews8lrfxs?resource=directory",
      "RequestMethod": "PUT",
      "RequestHeaders": {
        "Authorization": "Sanitized",
        "Content-Length": "0",
        "Expect": "100-continue",
        "User-Agent": "azsdk-cpp-storage-files-datalake/12.10.0-beta.2 (Windows 10 Enterprise 6.3 22631 22621.1.amd64fre.ni_release.220506-1250)",
        "x-ms-client-request-id": "Sanitized",
        "x-ms-date": "Sun, 28 Apr 2024 05:14:26 GMT",
        "x-ms-version": "2023-11-03"
      },
      "RequestBody": null,
      "StatusCode": 201,
      "ResponseHeaders": {
        "Content-Length": "0",
        "Date": "Sun, 28 Apr 2024 05:14:25 GMT",
        "ETag": "\"0x8DC6742132226FF\"",
        "Last-Modified": "Sun, 28 Apr 2024 05:14:26 GMT",
        "Server": [
          "Windows-Azure-HDFS/1.0",
          "Microsoft-HTTPAPI/2.0"
        ],
        "x-ms-client-request-id": "Sanitized",
        "x-ms-request-id": "Sanitized",
        "x-ms-request-server-encrypted": "true",
        "x-ms-version": "2023-11-03"
      },
      "ResponseBody": null
    },
    {
      "RequestUri": "https://REDACTED.dfs.core.windows.net/datalakefileclienttestcreatewithencryptioncontext/zews8lrfxs/6NeZvxeUSN?resource=file",
      "RequestMethod": "PUT",
      "RequestHeaders": {
        "Authorization": "Sanitized",
        "Content-Length": "0",
        "Expect": "100-continue",
        "User-Agent": "azsdk-cpp-storage-files-datalake/12.10.0-beta.2 (Windows 10 Enterprise 6.3 22631 22621.1.amd64fre.ni_release.220506-1250)",
        "x-ms-client-request-id": "Sanitized",
        "x-ms-date": "Sun, 28 Apr 2024 05:14:26 GMT",
        "x-ms-encryption-context": "encryptionContext",
        "x-ms-version": "2023-11-03"
      },
      "RequestBody": null,
      "StatusCode": 201,
      "ResponseHeaders": {
        "Content-Length": "0",
        "Date": "Sun, 28 Apr 2024 05:14:26 GMT",
        "ETag": "\"0x8DC67421352C8CF\"",
        "Last-Modified": "Sun, 28 Apr 2024 05:14:26 GMT",
        "Server": [
          "Windows-Azure-HDFS/1.0",
          "Microsoft-HTTPAPI/2.0"
        ],
        "x-ms-client-request-id": "Sanitized",
        "x-ms-request-id": "Sanitized",
        "x-ms-request-server-encrypted": "true",
        "x-ms-version": "2023-11-03"
      },
      "ResponseBody": null
    },
    {
      "RequestUri": "https://REDACTED.blob.core.windows.net/datalakefileclienttestcreatewithencryptioncontext/zews8lrfxs/6NeZvxeUSN",
      "RequestMethod": "HEAD",
      "RequestHeaders": {
        "Authorization": "Sanitized",
        "User-Agent": "azsdk-cpp-storage-blobs/12.11.0-beta.2 (Windows 10 Enterprise 6.3 22631 22621.1.amd64fre.ni_release.220506-1250)",
        "x-ms-client-request-id": "Sanitized",
        "x-ms-date": "Sun, 28 Apr 2024 05:14:27 GMT",
        "x-ms-version": "2023-11-03"
      },
      "RequestBody": null,
      "StatusCode": 200,
      "ResponseHeaders": {
        "Accept-Ranges": "bytes",
        "Content-Length": "0",
        "Content-Type": "application/octet-stream",
        "Date": "Sun, 28 Apr 2024 05:14:26 GMT",
        "ETag": "\"0x8DC67421352C8CF\"",
        "Last-Modified": "Sun, 28 Apr 2024 05:14:26 GMT",
        "Server": [
          "Windows-Azure-Blob/1.0",
          "Microsoft-HTTPAPI/2.0"
        ],
        "x-ms-access-tier": "Hot",
        "x-ms-access-tier-inferred": "true",
        "x-ms-acl": "user::rw-,group::r--,other::---",
        "x-ms-blob-type": "BlockBlob",
        "x-ms-client-request-id": "Sanitized",
        "x-ms-creation-time": "Sun, 28 Apr 2024 05:14:26 GMT",
        "x-ms-encryption-context": "encryptionContext",
        "x-ms-group": "$superuser",
        "x-ms-lease-state": "available",
        "x-ms-lease-status": "unlocked",
        "x-ms-owner": "$superuser",
        "x-ms-permissions": "rw-r-----",
        "x-ms-request-id": "Sanitized",
        "x-ms-resource-type": "file",
        "x-ms-server-encrypted": "true",
        "x-ms-version": "2023-11-03"
      },
      "ResponseBody": null
    },
    {
      "RequestUri": "https://REDACTED.blob.core.windows.net/datalakefileclienttestcreatewithencryptioncontext/zews8lrfxs/6NeZvxeUSN",
      "RequestMethod": "GET",
      "RequestHeaders": {
        "Authorization": "Sanitized",
        "User-Agent": "azsdk-cpp-storage-blobs/12.11.0-beta.2 (Windows 10 Enterprise 6.3 22631 22621.1.amd64fre.ni_release.220506-1250)",
        "x-ms-client-request-id": "Sanitized",
        "x-ms-date": "Sun, 28 Apr 2024 05:14:27 GMT",
        "x-ms-version": "2023-11-03"
      },
      "RequestBody": null,
      "StatusCode": 200,
      "ResponseHeaders": {
        "Accept-Ranges": "bytes",
        "Content-Length": "0",
        "Content-Type": "application/octet-stream",
        "Date": "Sun, 28 Apr 2024 05:14:26 GMT",
        "ETag": "\"0x8DC67421352C8CF\"",
        "Last-Modified": "Sun, 28 Apr 2024 05:14:26 GMT",
        "Server": [
          "Windows-Azure-Blob/1.0",
          "Microsoft-HTTPAPI/2.0"
        ],
        "x-ms-acl": "user::rw-,group::r--,other::---",
        "x-ms-blob-type": "BlockBlob",
        "x-ms-client-request-id": "Sanitized",
        "x-ms-creation-time": "Sun, 28 Apr 2024 05:14:26 GMT",
        "x-ms-encryption-context": "encryptionContext",
        "x-ms-group": "$superuser",
        "x-ms-lease-state": "available",
        "x-ms-lease-status": "unlocked",
        "x-ms-owner": "$superuser",
        "x-ms-permissions": "rw-r-----",
        "x-ms-request-id": "Sanitized",
        "x-ms-resource-type": "file",
        "x-ms-server-encrypted": "true",
        "x-ms-version": "2023-11-03"
      },
      "ResponseBody": null
    },
    {
      "RequestUri": "https://REDACTED.dfs.core.windows.net/datalakefileclienttestcreatewithencryptioncontext?directory=zews8lrfxs&recursive=false&resource=filesystem",
      "RequestMethod": "GET",
      "RequestHeaders": {
        "Authorization": "Sanitized",
        "User-Agent": "azsdk-cpp-storage-files-datalake/12.10.0-beta.2 (Windows 10 Enterprise 6.3 22631 22621.1.amd64fre.ni_release.220506-1250)",
        "x-ms-client-request-id": "Sanitized",
        "x-ms-date": "Sun, 28 Apr 2024 05:14:27 GMT",
        "x-ms-version": "2023-11-03"
      },
      "RequestBody": null,
      "StatusCode": 200,
      "ResponseHeaders": {
        "Content-Type": "application/json; charset=utf-8",
        "Date": "Sun, 28 Apr 2024 05:14:26 GMT",
        "Server": [
          "Windows-Azure-HDFS/1.0",
          "Microsoft-HTTPAPI/2.0"
        ],
        "Transfer-Encoding": "chunked",
        "x-ms-client-request-id": "Sanitized",
        "x-ms-request-id": "Sanitized",
        "x-ms-version": "2023-11-03"
      },
      "ResponseBody": {
        "paths": [
          {
            "EncryptionContext": "encryptionContext",
            "contentLength": "0",
            "creationTime": "133587548669462735",
            "etag": "Sanitized",
            "expiryTime": "0",
            "group": "$superuser",
            "lastModified": "Sun, 28 Apr 2024 05:14:26 GMT",
            "name": "Sanitized",
            "owner": "$superuser",
            "permissions": "rw-r-----"
          }
        ]
      }
    },
    {
      "RequestUri": "https://REDACTED.dfs.core.windows.net/datalakefileclienttestcreatewithencryptioncontext?recursive=true&resource=filesystem",
      "RequestMethod": "GET",
      "RequestHeaders": {
        "Authorization": "Sanitized",
        "User-Agent": "azsdk-cpp-storage-files-datalake/12.10.0-beta.2 (Windows 10 Enterprise 6.3 22631 22621.1.amd64fre.ni_release.220506-1250)",
        "x-ms-client-request-id": "Sanitized",
        "x-ms-date": "Sun, 28 Apr 2024 05:14:28 GMT",
        "x-ms-version": "2023-11-03"
      },
      "RequestBody": null,
      "StatusCode": 200,
      "ResponseHeaders": {
        "Content-Type": "application/json; charset=utf-8",
        "Date": "Sun, 28 Apr 2024 05:14:27 GMT",
        "Server": [
          "Windows-Azure-HDFS/1.0",
          "Microsoft-HTTPAPI/2.0"
        ],
        "Transfer-Encoding": "chunked",
        "x-ms-client-request-id": "Sanitized",
        "x-ms-request-id": "Sanitized",
        "x-ms-version": "2023-11-03"
      },
      "ResponseBody": {
        "paths": [
          {
            "contentLength": "0",
            "creationTime": "133587548663236615",
            "etag": "Sanitized",
            "expiryTime": "0",
            "group": "$superuser",
            "lastModified": "Sun, 28 Apr 2024 05:14:26 GMT",
            "name": "Sanitized",
            "owner": "$superuser",
            "permissions": "rw-r-----"
          },
          {
            "contentLength": "0",
            "creationTime": "133587548666275583",
            "etag": "Sanitized",
            "expiryTime": "0",
            "group": "$superuser",
            "isDirectory": "true",
            "lastModified": "Sun, 28 Apr 2024 05:14:26 GMT",
            "name": "Sanitized",
            "owner": "$superuser",
            "permissions": "rwxr-x---"
          },
          {
            "EncryptionContext": "encryptionContext",
            "contentLength": "0",
            "creationTime": "133587548669462735",
            "etag": "Sanitized",
            "expiryTime": "0",
            "group": "$superuser",
            "lastModified": "Sun, 28 Apr 2024 05:14:26 GMT",
            "name": "Sanitized",
            "owner": "$superuser",
            "permissions": "rw-r-----"
          }
        ]
      }
    },
    {
      "RequestUri": "https://REDACTED.blob.core.windows.net/datalakefileclienttestcreatewithencryptioncontext?restype=container",
      "RequestMethod": "DELETE",
      "RequestHeaders": {
        "Authorization": "Sanitized",
        "User-Agent": "azsdk-cpp-storage-blobs/12.11.0-beta.2 (Windows 10 Enterprise 6.3 22631 22621.1.amd64fre.ni_release.220506-1250)",
        "x-ms-client-request-id": "Sanitized",
        "x-ms-date": "Sun, 28 Apr 2024 05:14:28 GMT",
        "x-ms-version": "2023-11-03"
      },
      "RequestBody": null,
      "StatusCode": 202,
      "ResponseHeaders": {
        "Content-Length": "0",
        "Date": "Sun, 28 Apr 2024 05:14:27 GMT",
        "Server": [
          "Windows-Azure-Blob/1.0",
          "Microsoft-HTTPAPI/2.0"
        ],
        "x-ms-client-request-id": "Sanitized",
        "x-ms-request-id": "Sanitized",
        "x-ms-version": "2023-11-03"
      },
      "ResponseBody": null
    }
  ],
  "Variables": {}
}
