{
  "Entries": [
    {
      "RequestUri": "https://fakestorage.blob.core.windows.net/gocappendblobsetmetadataifnonematchfalse?restype=container",
      "RequestMethod": "PUT",
      "RequestHeaders": {
        "Accept": "application/xml",
        "Accept-Encoding": "gzip",
        "Authorization": "Sanitized",
        "Content-Length": "0",
        "User-Agent": "azsdk-go-azblob/v1.3.3 (go1.19.13; Windows_NT)",
        "X-Ms-Date": "Fri, 17 May 2024 04:57:33 GMT",
        "x-ms-version": "2023-11-03"
      },
      "RequestBody": null,
      "StatusCode": 201,
      "ResponseHeaders": {
        "Content-Length": "0",
        "Date": "Fri, 17 May 2024 04:57:34 GMT",
        "ETag": "\"0x8DC762DDE3859BC\"",
        "Last-Modified": "Fri, 17 May 2024 04:57:35 GMT",
        "Server": [
          "Windows-Azure-Blob/1.0",
          "Microsoft-HTTPAPI/2.0"
        ],
        "x-ms-request-id": "00000000-0000-0000-0000-000000000000",
        "x-ms-version": "2023-11-03"
      },
      "ResponseBody": null
    },
    {
      "RequestUri": "https://fakestorage.blob.core.windows.net/gocappendblobsetmetadataifnonematchfalse/gotestblobappendblobsetmetadataifnonematchfalse",
      "RequestMethod": "PUT",
      "RequestHeaders": {
        "Accept": "application/xml",
        "Accept-Encoding": "gzip",
        "Authorization": "Sanitized",
        "Content-Length": "0",
        "User-Agent": "azsdk-go-azblob/v1.3.3 (go1.19.13; Windows_NT)",
        "x-ms-blob-type": "AppendBlob",
        "X-Ms-Date": "Fri, 17 May 2024 04:57:34 GMT",
        "x-ms-version": "2023-11-03"
      },
      "RequestBody": null,
      "StatusCode": 201,
      "ResponseHeaders": {
        "Content-Length": "0",
        "Date": "Fri, 17 May 2024 04:57:35 GMT",
        "ETag": "\"0x8DC762DDE5C3753\"",
        "Last-Modified": "Fri, 17 May 2024 04:57:35 GMT",
        "Server": [
          "Windows-Azure-Blob/1.0",
          "Microsoft-HTTPAPI/2.0"
        ],
        "x-ms-request-id": "00000000-0000-0000-0000-000000000000",
        "x-ms-request-server-encrypted": "true",
        "x-ms-version": "2023-11-03",
        "x-ms-version-id": "2024-05-17T04:57:35.5959123Z"
      },
      "ResponseBody": null
    },
    {
      "RequestUri": "https://fakestorage.blob.core.windows.net/gocappendblobsetmetadataifnonematchfalse/gotestblobappendblobsetmetadataifnonematchfalse",
      "RequestMethod": "HEAD",
      "RequestHeaders": {
        "Accept": "application/xml",
        "Authorization": "Sanitized",
        "User-Agent": "azsdk-go-azblob/v1.3.3 (go1.19.13; Windows_NT)",
        "X-Ms-Date": "Fri, 17 May 2024 04:57:34 GMT",
        "x-ms-version": "2023-11-03"
      },
      "RequestBody": null,
      "StatusCode": 200,
      "ResponseHeaders": {
        "Accept-Ranges": "bytes",
        "Content-Length": "0",
        "Content-Type": "application/octet-stream",
        "Date": "Fri, 17 May 2024 04:57:35 GMT",
        "ETag": "\"0x8DC762DDE5C3753\"",
        "Last-Modified": "Fri, 17 May 2024 04:57:35 GMT",
        "Server": [
          "Windows-Azure-Blob/1.0",
          "Microsoft-HTTPAPI/2.0"
        ],
        "x-ms-blob-committed-block-count": "0",
        "x-ms-blob-type": "AppendBlob",
        "x-ms-creation-time": "Fri, 17 May 2024 04:57:35 GMT",
        "x-ms-is-current-version": "true",
        "x-ms-lease-state": "available",
        "x-ms-lease-status": "unlocked",
        "x-ms-request-id": "00000000-0000-0000-0000-000000000000",
        "x-ms-server-encrypted": "true",
        "x-ms-version": "2023-11-03",
        "x-ms-version-id": "2024-05-17T04:57:35.5959123Z"
      },
      "ResponseBody": null
    },
    {
      "RequestUri": "https://fakestorage.blob.core.windows.net/gocappendblobsetmetadataifnonematchfalse/gotestblobappendblobsetmetadataifnonematchfalse?comp=metadata",
      "RequestMethod": "PUT",
      "RequestHeaders": {
        "Accept": "application/xml",
        "Accept-Encoding": "gzip",
        "Authorization": "Sanitized",
        "Content-Length": "0",
        "If-None-Match": "\"0x8DC762DDE5C3753\"",
        "User-Agent": "azsdk-go-azblob/v1.3.3 (go1.19.13; Windows_NT)",
        "X-Ms-Date": "Fri, 17 May 2024 04:57:34 GMT",
        "x-ms-meta-Foo": "bar",
        "x-ms-version": "2023-11-03"
      },
      "RequestBody": null,
      "StatusCode": 412,
      "ResponseHeaders": {
        "Content-Length": "252",
        "Content-Type": "application/xml",
        "Date": "Fri, 17 May 2024 04:57:35 GMT",
        "Server": [
          "Windows-Azure-Blob/1.0",
          "Microsoft-HTTPAPI/2.0"
        ],
        "x-ms-error-code": "ConditionNotMet",
        "x-ms-request-id": "00000000-0000-0000-0000-000000000000",
        "x-ms-version": "2023-11-03"
      },
      "ResponseBody": [
        "\uFEFF<?xml version=\"1.0\" encoding=\"utf-8\"?><Error><Code>ConditionNotMet</Code><Message>The condition specified using HTTP conditional header(s) is not met.\n",
        "RequestId:d37e9179-801e-0054-3816-a851e1000000\n",
        "Time:2024-05-17T04:57:36.0869807Z</Message></Error>"
      ]
    },
    {
      "RequestUri": "https://fakestorage.blob.core.windows.net/gocappendblobsetmetadataifnonematchfalse?restype=container",
      "RequestMethod": "DELETE",
      "RequestHeaders": {
        "Accept": "application/xml",
        "Accept-Encoding": "gzip",
        "Authorization": "Sanitized",
        "User-Agent": "azsdk-go-azblob/v1.3.3 (go1.19.13; Windows_NT)",
        "X-Ms-Date": "Fri, 17 May 2024 04:57:34 GMT",
        "x-ms-version": "2023-11-03"
      },
      "RequestBody": null,
      "StatusCode": 202,
      "ResponseHeaders": {
        "Content-Length": "0",
        "Date": "Fri, 17 May 2024 04:57:35 GMT",
        "Server": [
          "Windows-Azure-Blob/1.0",
          "Microsoft-HTTPAPI/2.0"
        ],
        "x-ms-request-id": "00000000-0000-0000-0000-000000000000",
        "x-ms-version": "2023-11-03"
      },
      "ResponseBody": null
    }
  ],
  "Variables": {}
}
