{
  "Entries": [
    {
      "RequestUri": "https://fakestorage.blob.core.windows.net/goccontainersetpermissionsifmodifiedsincefalse?restype=container",
      "RequestMethod": "PUT",
      "RequestHeaders": {
        "Accept": "application/xml",
        "Accept-Encoding": "gzip",
        "Authorization": "Sanitized",
        "Content-Length": "0",
        "User-Agent": "azsdk-go-azblob/v1.3.3 (go1.19.13; Windows_NT)",
        "X-Ms-Date": "Tue, 21 May 2024 12:05:32 GMT",
        "x-ms-version": "2023-11-03"
      },
      "RequestBody": null,
      "StatusCode": 201,
      "ResponseHeaders": {
        "Content-Length": "0",
        "Date": "Tue, 21 May 2024 12:05:31 GMT",
        "ETag": "\"0x8DC798E50B0D9C1\"",
        "Last-Modified": "Tue, 21 May 2024 12:05:32 GMT",
        "Server": [
          "Windows-Azure-Blob/1.0",
          "Microsoft-HTTPAPI/2.0"
        ],
        "x-ms-request-id": "00000000-0000-0000-0000-000000000000",
        "x-ms-version": "2023-11-03"
      },
      "ResponseBody": null
    },
    {
      "RequestUri": "https://fakestorage.blob.core.windows.net/goccontainersetpermissionsifmodifiedsincefalse?comp=acl&restype=container",
      "RequestMethod": "PUT",
      "RequestHeaders": {
        "Accept": "application/xml",
        "Accept-Encoding": "gzip",
        "Authorization": "Sanitized",
        "Content-Length": "78",
        "Content-Type": "application/xml",
        "If-Modified-Since": "Tue, 21 May 2024 12:05:41 GMT",
        "User-Agent": "azsdk-go-azblob/v1.3.3 (go1.19.13; Windows_NT)",
        "X-Ms-Date": "Tue, 21 May 2024 12:05:32 GMT",
        "x-ms-version": "2023-11-03"
      },
      "RequestBody": [
        "<?xml version=\"1.0\" encoding=\"UTF-8\"?>\n",
        "<SignedIdentifiers></SignedIdentifiers>"
      ],
      "StatusCode": 412,
      "ResponseHeaders": {
        "Content-Length": "252",
        "Content-Type": "application/xml",
        "Date": "Tue, 21 May 2024 12:05:31 GMT",
        "Server": [
          "Windows-Azure-Blob/1.0",
          "Microsoft-HTTPAPI/2.0"
        ],
        "x-ms-error-code": "ConditionNotMet",
        "x-ms-request-id": "00000000-0000-0000-0000-000000000000",
        "x-ms-version": "2023-11-03"
      },
      "ResponseBody": [
        "\uFEFF<?xml version=\"1.0\" encoding=\"utf-8\"?><Error><Code>ConditionNotMet</Code><Message>The condition specified using HTTP conditional header(s) is not met.\n",
        "RequestId:4c9ea245-301e-007e-7b77-ab8ef1000000\n",
        "Time:2024-05-21T12:05:32.8124548Z</Message></Error>"
      ]
    },
    {
      "RequestUri": "https://fakestorage.blob.core.windows.net/goccontainersetpermissionsifmodifiedsincefalse?restype=container",
      "RequestMethod": "DELETE",
      "RequestHeaders": {
        "Accept": "application/xml",
        "Accept-Encoding": "gzip",
        "Authorization": "Sanitized",
        "User-Agent": "azsdk-go-azblob/v1.3.3 (go1.19.13; Windows_NT)",
        "X-Ms-Date": "Tue, 21 May 2024 12:05:32 GMT",
        "x-ms-version": "2023-11-03"
      },
      "RequestBody": null,
      "StatusCode": 202,
      "ResponseHeaders": {
        "Content-Length": "0",
        "Date": "Tue, 21 May 2024 12:05:32 GMT",
        "Server": [
          "Windows-Azure-Blob/1.0",
          "Microsoft-HTTPAPI/2.0"
        ],
        "x-ms-request-id": "00000000-0000-0000-0000-000000000000",
        "x-ms-version": "2023-11-03"
      },
      "ResponseBody": null
    }
  ],
  "Variables": {}
}
