{
  "Entries": [
    {
      "RequestUri": "https://fakestorage.blob.core.windows.net/gocblobsnapshotwithcpk01?restype=container",
      "RequestMethod": "PUT",
      "RequestHeaders": {
        "Accept": "application/xml",
        "Accept-Encoding": "gzip",
        "Authorization": "Sanitized",
        "Content-Length": "0",
        "User-Agent": "azsdk-go-azblob/v1.1.1 (go1.21.0; Windows_NT)",
        "X-Ms-Date": "Tue, 15 Aug 2023 16:12:21 GMT",
        "x-ms-version": "2021-12-02"
      },
      "RequestBody": null,
      "StatusCode": 201,
      "ResponseHeaders": {
        "Content-Length": "0",
        "Date": "Tue, 15 Aug 2023 16:12:21 GMT",
        "ETag": "\u00220x8DB9DAA68293E9A\u0022",
        "Last-Modified": "Tue, 15 Aug 2023 16:12:22 GMT",
        "Server": [
          "Windows-Azure-Blob/1.0",
          "Microsoft-HTTPAPI/2.0"
        ],
        "x-ms-request-id": "00000000-0000-0000-0000-000000000000",
        "x-ms-version": "2021-12-02"
      },
      "ResponseBody": null
    },
    {
      "RequestUri": "https://fakestorage.blob.core.windows.net/gocblobsnapshotwithcpk01/gotestblobblobsnapshotwithcpk",
      "RequestMethod": "PUT",
      "RequestHeaders": {
        "Accept": "application/xml",
        "Accept-Encoding": "gzip",
        "Authorization": "Sanitized",
        "Content-Length": "15",
        "Content-Type": "application/octet-stream",
        "User-Agent": "azsdk-go-azblob/v1.1.1 (go1.21.0; Windows_NT)",
        "x-ms-blob-type": "BlockBlob",
        "X-Ms-Date": "Tue, 15 Aug 2023 16:12:21 GMT",
        "x-ms-encryption-algorithm": "AES256",
        "x-ms-encryption-key": "MDEyMzQ1NjcwMTIzNDU2NzAxMjM0NTY3MDEyMzQ1Njc=",
        "x-ms-encryption-key-sha256": "3QFFFpRA5\u002BXANHqwwbT4yXDmrT/2JaLt/FKHjzhOdoE=",
        "x-ms-version": "2021-12-02"
      },
      "RequestBody": "R29CbG9ja0Jsb2JEYXRh",
      "StatusCode": 201,
      "ResponseHeaders": {
        "Content-Length": "0",
        "Content-MD5": "ebncwguMQu9sgPmr0GazhA==",
        "Date": "Tue, 15 Aug 2023 16:12:21 GMT",
        "ETag": "\u00220x8DB9DAA682FD6F5\u0022",
        "Last-Modified": "Tue, 15 Aug 2023 16:12:22 GMT",
        "Server": [
          "Windows-Azure-Blob/1.0",
          "Microsoft-HTTPAPI/2.0"
        ],
        "x-ms-content-crc64": "\u002BJGsS7CR5kg=",
        "x-ms-encryption-key-sha256": "3QFFFpRA5\u002BXANHqwwbT4yXDmrT/2JaLt/FKHjzhOdoE=",
        "x-ms-request-id": "00000000-0000-0000-0000-000000000000",
        "x-ms-request-server-encrypted": "true",
        "x-ms-version": "2021-12-02",
        "x-ms-version-id": "2023-08-15T16:12:22.1023989Z"
      },
      "ResponseBody": null
    },
    {
      "RequestUri": "https://fakestorage.blob.core.windows.net/gocblobsnapshotwithcpk01/gotestblobblobsnapshotwithcpk?comp=snapshot",
      "RequestMethod": "PUT",
      "RequestHeaders": {
        "Accept": "application/xml",
        "Accept-Encoding": "gzip",
        "Authorization": "Sanitized",
        "Content-Length": "0",
        "User-Agent": "azsdk-go-azblob/v1.1.1 (go1.21.0; Windows_NT)",
        "X-Ms-Date": "Tue, 15 Aug 2023 16:12:21 GMT",
        "x-ms-version": "2021-12-02"
      },
      "RequestBody": null,
      "StatusCode": 409,
      "ResponseHeaders": {
        "Content-Length": "301",
        "Content-Type": "application/xml",
        "Date": "Tue, 15 Aug 2023 16:12:21 GMT",
        "Server": [
          "Windows-Azure-Blob/1.0",
          "Microsoft-HTTPAPI/2.0"
        ],
        "x-ms-error-code": "BlobUsesCustomerSpecifiedEncryption",
        "x-ms-request-id": "00000000-0000-0000-0000-000000000000",
        "x-ms-version": "2021-12-02"
      },
      "ResponseBody": [
        "\uFEFF\u003C?xml version=\u00221.0\u0022 encoding=\u0022utf-8\u0022?\u003E\u003CError\u003E\u003CCode\u003EBlobUsesCustomerSpecifiedEncryption\u003C/Code\u003E\u003CMessage\u003EThe blob is encrypted with customer specified encryption, but it was not provided in the request.\n",
        "RequestId:42f73184-301e-0019-7c93-cff209000000\n",
        "Time:2023-08-15T16:12:22.1411294Z\u003C/Message\u003E\u003C/Error\u003E"
      ]
    },
    {
      "RequestUri": "https://fakestorage.blob.core.windows.net/gocblobsnapshotwithcpk01/gotestblobblobsnapshotwithcpk?comp=snapshot",
      "RequestMethod": "PUT",
      "RequestHeaders": {
        "Accept": "application/xml",
        "Accept-Encoding": "gzip",
        "Authorization": "Sanitized",
        "Content-Length": "0",
        "User-Agent": "azsdk-go-azblob/v1.1.1 (go1.21.0; Windows_NT)",
        "X-Ms-Date": "Tue, 15 Aug 2023 16:12:22 GMT",
        "x-ms-encryption-algorithm": "AES256",
        "x-ms-encryption-key": "mumbojumbo",
        "x-ms-encryption-key-sha256": "mumbojumbohash",
        "x-ms-version": "2021-12-02"
      },
      "RequestBody": null,
      "StatusCode": 400,
      "ResponseHeaders": {
        "Content-Length": "335",
        "Content-Type": "application/xml",
        "Date": "Tue, 15 Aug 2023 16:12:21 GMT",
        "Server": [
          "Windows-Azure-Blob/1.0",
          "Microsoft-HTTPAPI/2.0"
        ],
        "x-ms-error-code": "InvalidHeaderValue",
        "x-ms-request-id": "00000000-0000-0000-0000-000000000000",
        "x-ms-version": "2021-12-02"
      },
      "ResponseBody": [
        "\uFEFF\u003C?xml version=\u00221.0\u0022 encoding=\u0022utf-8\u0022?\u003E\u003CError\u003E\u003CCode\u003EInvalidHeaderValue\u003C/Code\u003E\u003CMessage\u003EThe value for one of the HTTP headers is not in the correct format.\n",
        "RequestId:42f7319e-301e-0019-1493-cff209000000\n",
        "Time:2023-08-15T16:12:22.1751091Z\u003C/Message\u003E\u003CHeaderName\u003Ex-ms-encryption-key\u003C/HeaderName\u003E\u003CHeaderValue\u003Emumbojumbo\u003C/HeaderValue\u003E\u003C/Error\u003E"
      ]
    },
    {
      "RequestUri": "https://fakestorage.blob.core.windows.net/gocblobsnapshotwithcpk01/gotestblobblobsnapshotwithcpk?comp=snapshot",
      "RequestMethod": "PUT",
      "RequestHeaders": {
        "Accept": "application/xml",
        "Accept-Encoding": "gzip",
        "Authorization": "Sanitized",
        "Content-Length": "0",
        "User-Agent": "azsdk-go-azblob/v1.1.1 (go1.21.0; Windows_NT)",
        "X-Ms-Date": "Tue, 15 Aug 2023 16:12:22 GMT",
        "x-ms-encryption-algorithm": "AES256",
        "x-ms-encryption-key": "MDEyMzQ1NjcwMTIzNDU2NzAxMjM0NTY3MDEyMzQ1Njc=",
        "x-ms-encryption-key-sha256": "3QFFFpRA5\u002BXANHqwwbT4yXDmrT/2JaLt/FKHjzhOdoE=",
        "x-ms-version": "2021-12-02"
      },
      "RequestBody": null,
      "StatusCode": 201,
      "ResponseHeaders": {
        "Content-Length": "0",
        "Date": "Tue, 15 Aug 2023 16:12:21 GMT",
        "ETag": "\u00220x8DB9DAA682FD6F5\u0022",
        "Last-Modified": "Tue, 15 Aug 2023 16:12:22 GMT",
        "Server": [
          "Windows-Azure-Blob/1.0",
          "Microsoft-HTTPAPI/2.0"
        ],
        "x-ms-request-id": "00000000-0000-0000-0000-000000000000",
        "x-ms-request-server-encrypted": "false",
        "x-ms-snapshot": "2023-08-15T16:12:22.2123356Z",
        "x-ms-version": "2021-12-02",
        "x-ms-version-id": "2023-08-15T16:12:22.2133356Z"
      },
      "ResponseBody": null
    },
    {
      "RequestUri": "https://fakestorage.blob.core.windows.net/gocblobsnapshotwithcpk01/gotestblobblobsnapshotwithcpk?snapshot=2023-08-15T16%3A12%3A22.2123356Z",
      "RequestMethod": "GET",
      "RequestHeaders": {
        "Accept": "application/xml",
        "Accept-Encoding": "gzip",
        "Authorization": "Sanitized",
        "User-Agent": "azsdk-go-azblob/v1.1.1 (go1.21.0; Windows_NT)",
        "X-Ms-Date": "Tue, 15 Aug 2023 16:12:22 GMT",
        "x-ms-encryption-algorithm": "AES256",
        "x-ms-encryption-key": "MDEyMzQ1NjcwMTIzNDU2NzAxMjM0NTY3MDEyMzQ1Njc=",
        "x-ms-encryption-key-sha256": "3QFFFpRA5\u002BXANHqwwbT4yXDmrT/2JaLt/FKHjzhOdoE=",
        "x-ms-version": "2021-12-02"
      },
      "RequestBody": null,
      "StatusCode": 200,
      "ResponseHeaders": {
        "Accept-Ranges": "bytes",
        "Content-Length": "15",
        "Content-MD5": "ebncwguMQu9sgPmr0GazhA==",
        "Content-Type": "application/octet-stream",
        "Date": "Tue, 15 Aug 2023 16:12:21 GMT",
        "ETag": "\u00220x8DB9DAA682FD6F5\u0022",
        "Last-Modified": "Tue, 15 Aug 2023 16:12:22 GMT",
        "Server": [
          "Windows-Azure-Blob/1.0",
          "Microsoft-HTTPAPI/2.0"
        ],
        "Vary": "Origin",
        "x-ms-blob-type": "BlockBlob",
        "x-ms-creation-time": "Tue, 15 Aug 2023 16:12:22 GMT",
        "x-ms-encryption-key-sha256": "3QFFFpRA5\u002BXANHqwwbT4yXDmrT/2JaLt/FKHjzhOdoE=",
        "x-ms-request-id": "00000000-0000-0000-0000-000000000000",
        "x-ms-server-encrypted": "true",
        "x-ms-version": "2021-12-02"
      },
      "ResponseBody": "R29CbG9ja0Jsb2JEYXRh"
    },
    {
      "RequestUri": "https://fakestorage.blob.core.windows.net/gocblobsnapshotwithcpk01/gotestblobblobsnapshotwithcpk?snapshot=2023-08-15T16%3A12%3A22.2123356Z",
      "RequestMethod": "DELETE",
      "RequestHeaders": {
        "Accept": "application/xml",
        "Accept-Encoding": "gzip",
        "Authorization": "Sanitized",
        "User-Agent": "azsdk-go-azblob/v1.1.1 (go1.21.0; Windows_NT)",
        "X-Ms-Date": "Tue, 15 Aug 2023 16:12:22 GMT",
        "x-ms-version": "2021-12-02"
      },
      "RequestBody": null,
      "StatusCode": 202,
      "ResponseHeaders": {
        "Content-Length": "0",
        "Date": "Tue, 15 Aug 2023 16:12:21 GMT",
        "Server": [
          "Windows-Azure-Blob/1.0",
          "Microsoft-HTTPAPI/2.0"
        ],
        "x-ms-delete-type-permanent": "true",
        "x-ms-request-id": "00000000-0000-0000-0000-000000000000",
        "x-ms-version": "2021-12-02"
      },
      "ResponseBody": null
    },
    {
      "RequestUri": "https://fakestorage.blob.core.windows.net/gocblobsnapshotwithcpk01/gotestblobblobsnapshotwithcpk?snapshot=2023-08-15T16%3A12%3A22.2123356Z",
      "RequestMethod": "HEAD",
      "RequestHeaders": {
        "Accept": "application/xml",
        "Authorization": "Sanitized",
        "User-Agent": "azsdk-go-azblob/v1.1.1 (go1.21.0; Windows_NT)",
        "X-Ms-Date": "Tue, 15 Aug 2023 16:12:22 GMT",
        "x-ms-version": "2021-12-02"
      },
      "RequestBody": null,
      "StatusCode": 404,
      "ResponseHeaders": {
        "Date": "Tue, 15 Aug 2023 16:12:21 GMT",
        "Server": [
          "Windows-Azure-Blob/1.0",
          "Microsoft-HTTPAPI/2.0"
        ],
        "Transfer-Encoding": "chunked",
        "Vary": "Origin",
        "x-ms-error-code": "BlobNotFound",
        "x-ms-request-id": "00000000-0000-0000-0000-000000000000",
        "x-ms-version": "2021-12-02"
      },
      "ResponseBody": null
    },
    {
      "RequestUri": "https://fakestorage.blob.core.windows.net/gocblobsnapshotwithcpk01?restype=container",
      "RequestMethod": "DELETE",
      "RequestHeaders": {
        "Accept": "application/xml",
        "Accept-Encoding": "gzip",
        "Authorization": "Sanitized",
        "User-Agent": "azsdk-go-azblob/v1.1.1 (go1.21.0; Windows_NT)",
        "X-Ms-Date": "Tue, 15 Aug 2023 16:12:22 GMT",
        "x-ms-version": "2021-12-02"
      },
      "RequestBody": null,
      "StatusCode": 202,
      "ResponseHeaders": {
        "Content-Length": "0",
        "Date": "Tue, 15 Aug 2023 16:12:21 GMT",
        "Server": [
          "Windows-Azure-Blob/1.0",
          "Microsoft-HTTPAPI/2.0"
        ],
        "x-ms-request-id": "00000000-0000-0000-0000-000000000000",
        "x-ms-version": "2021-12-02"
      },
      "ResponseBody": null
    }
  ],
  "Variables": {}
}
