{
  "Entries": [
    {
      "RequestUri": "https://fakestorage.blob.core.windows.net/gocblobtierinferred?restype=container",
      "RequestMethod": "PUT",
      "RequestHeaders": {
        "Accept": "application/xml",
        "Accept-Encoding": "gzip",
        "Authorization": "Sanitized",
        "Content-Length": "0",
        "User-Agent": "azsdk-go-azblob/v1.1.0-beta.2 (go1.19; Windows_NT)",
        "X-Ms-Date": "Mon, 19 Jun 2023 20:43:15 GMT",
        "x-ms-version": "2021-12-02"
      },
      "RequestBody": null,
      "StatusCode": 201,
      "ResponseHeaders": {
        "Content-Length": "0",
        "Date": "Mon, 19 Jun 2023 20:43:15 GMT",
        "ETag": "\u00220x8DB7105CE6AE533\u0022",
        "Last-Modified": "Mon, 19 Jun 2023 20:43:15 GMT",
        "Server": [
          "Windows-Azure-Blob/1.0",
          "Microsoft-HTTPAPI/2.0"
        ],
        "x-ms-request-id": "00000000-0000-0000-0000-000000000000",
        "x-ms-version": "2021-12-02"
      },
      "ResponseBody": null
    },
    {
      "RequestUri": "https://fakestorage.blob.core.windows.net/gocblobtierinferred/gotestblobblobtierinferred",
      "RequestMethod": "PUT",
      "RequestHeaders": {
        "Accept": "application/xml",
        "Accept-Encoding": "gzip",
        "Authorization": "Sanitized",
        "Content-Length": "0",
        "User-Agent": "azsdk-go-azblob/v1.1.0-beta.2 (go1.19; Windows_NT)",
        "x-ms-blob-content-length": "5120",
        "x-ms-blob-type": "PageBlob",
        "X-Ms-Date": "Mon, 19 Jun 2023 20:43:15 GMT",
        "x-ms-version": "2021-12-02"
      },
      "RequestBody": null,
      "StatusCode": 201,
      "ResponseHeaders": {
        "Content-Length": "0",
        "Date": "Mon, 19 Jun 2023 20:43:15 GMT",
        "ETag": "\u00220x8DB7105CE78C8B5\u0022",
        "Last-Modified": "Mon, 19 Jun 2023 20:43:15 GMT",
        "Server": [
          "Windows-Azure-Blob/1.0",
          "Microsoft-HTTPAPI/2.0"
        ],
        "x-ms-request-id": "00000000-0000-0000-0000-000000000000",
        "x-ms-request-server-encrypted": "true",
        "x-ms-version": "2021-12-02"
      },
      "ResponseBody": null
    },
    {
      "RequestUri": "https://fakestorage.blob.core.windows.net/gocblobtierinferred/gotestblobblobtierinferred",
      "RequestMethod": "HEAD",
      "RequestHeaders": {
        "Accept": "application/xml",
        "Authorization": "Sanitized",
        "User-Agent": "azsdk-go-azblob/v1.1.0-beta.2 (go1.19; Windows_NT)",
        "X-Ms-Date": "Mon, 19 Jun 2023 20:43:15 GMT",
        "x-ms-version": "2021-12-02"
      },
      "RequestBody": null,
      "StatusCode": 200,
      "ResponseHeaders": {
        "Accept-Ranges": "bytes",
        "Content-Length": "5120",
        "Content-Type": "application/octet-stream",
        "Date": "Mon, 19 Jun 2023 20:43:15 GMT",
        "ETag": "\u00220x8DB7105CE78C8B5\u0022",
        "Last-Modified": "Mon, 19 Jun 2023 20:43:15 GMT",
        "Server": [
          "Windows-Azure-Blob/1.0",
          "Microsoft-HTTPAPI/2.0"
        ],
        "x-ms-access-tier": "P10",
        "x-ms-access-tier-inferred": "true",
        "x-ms-blob-sequence-number": "0",
        "x-ms-blob-type": "PageBlob",
        "x-ms-creation-time": "Mon, 19 Jun 2023 20:43:15 GMT",
        "x-ms-lease-state": "available",
        "x-ms-lease-status": "unlocked",
        "x-ms-request-id": "00000000-0000-0000-0000-000000000000",
        "x-ms-server-encrypted": "true",
        "x-ms-version": "2021-12-02"
      },
      "ResponseBody": null
    },
    {
      "RequestUri": "https://fakestorage.blob.core.windows.net/gocblobtierinferred/gotestblobblobtierinferred?comp=tier",
      "RequestMethod": "PUT",
      "RequestHeaders": {
        "Accept": "application/xml",
        "Accept-Encoding": "gzip",
        "Authorization": "Sanitized",
        "Content-Length": "0",
        "User-Agent": "azsdk-go-azblob/v1.1.0-beta.2 (go1.19; Windows_NT)",
        "x-ms-access-tier": "P4",
        "X-Ms-Date": "Mon, 19 Jun 2023 20:43:15 GMT",
        "x-ms-version": "2021-12-02"
      },
      "RequestBody": null,
      "StatusCode": 200,
      "ResponseHeaders": {
        "Content-Length": "0",
        "Date": "Mon, 19 Jun 2023 20:43:15 GMT",
        "Server": [
          "Windows-Azure-Blob/1.0",
          "Microsoft-HTTPAPI/2.0"
        ],
        "x-ms-request-id": "00000000-0000-0000-0000-000000000000",
        "x-ms-version": "2021-12-02"
      },
      "ResponseBody": null
    },
    {
      "RequestUri": "https://fakestorage.blob.core.windows.net/gocblobtierinferred/gotestblobblobtierinferred",
      "RequestMethod": "HEAD",
      "RequestHeaders": {
        "Accept": "application/xml",
        "Authorization": "Sanitized",
        "User-Agent": "azsdk-go-azblob/v1.1.0-beta.2 (go1.19; Windows_NT)",
        "X-Ms-Date": "Mon, 19 Jun 2023 20:43:16 GMT",
        "x-ms-version": "2021-12-02"
      },
      "RequestBody": null,
      "StatusCode": 200,
      "ResponseHeaders": {
        "Accept-Ranges": "bytes",
        "Content-Length": "5120",
        "Content-Type": "application/octet-stream",
        "Date": "Mon, 19 Jun 2023 20:43:15 GMT",
        "ETag": "\u00220x8DB7105CE78C8B5\u0022",
        "Last-Modified": "Mon, 19 Jun 2023 20:43:15 GMT",
        "Server": [
          "Windows-Azure-Blob/1.0",
          "Microsoft-HTTPAPI/2.0"
        ],
        "x-ms-access-tier": "P4",
        "x-ms-blob-sequence-number": "0",
        "x-ms-blob-type": "PageBlob",
        "x-ms-creation-time": "Mon, 19 Jun 2023 20:43:15 GMT",
        "x-ms-lease-state": "available",
        "x-ms-lease-status": "unlocked",
        "x-ms-request-id": "00000000-0000-0000-0000-000000000000",
        "x-ms-server-encrypted": "true",
        "x-ms-version": "2021-12-02"
      },
      "ResponseBody": null
    },
    {
      "RequestUri": "https://fakestorage.blob.core.windows.net/gocblobtierinferred?restype=container",
      "RequestMethod": "DELETE",
      "RequestHeaders": {
        "Accept": "application/xml",
        "Accept-Encoding": "gzip",
        "Authorization": "Sanitized",
        "User-Agent": "azsdk-go-azblob/v1.1.0-beta.2 (go1.19; Windows_NT)",
        "X-Ms-Date": "Mon, 19 Jun 2023 20:43:16 GMT",
        "x-ms-version": "2021-12-02"
      },
      "RequestBody": null,
      "StatusCode": 202,
      "ResponseHeaders": {
        "Content-Length": "0",
        "Date": "Mon, 19 Jun 2023 20:43:15 GMT",
        "Server": [
          "Windows-Azure-Blob/1.0",
          "Microsoft-HTTPAPI/2.0"
        ],
        "x-ms-request-id": "00000000-0000-0000-0000-000000000000",
        "x-ms-version": "2021-12-02"
      },
      "ResponseBody": null
    }
  ],
  "Variables": {}
}
