{
  "Entries": [
    {
      "RequestUri": "https://fakestorage.blob.core.windows.net/goccontainersetpermissionspublicaccessnone?restype=container",
      "RequestMethod": "PUT",
      "RequestHeaders": {
        "Accept": "application/xml",
        "Accept-Encoding": "gzip",
        "Authorization": "Sanitized",
        "Content-Length": "0",
        "User-Agent": "azsdk-go-azblob/v1.1.1 (go1.19; Windows_NT)",
        "X-Ms-Date": "Wed, 19 Jul 2023 18:38:20 GMT",
        "x-ms-version": "2021-12-02"
      },
      "RequestBody": null,
      "StatusCode": 201,
      "ResponseHeaders": {
        "Content-Length": "0",
        "Date": "Wed, 19 Jul 2023 18:38:19 GMT",
        "ETag": "\u00220x8DB888753236500\u0022",
        "Last-Modified": "Wed, 19 Jul 2023 18:38:19 GMT",
        "Server": [
          "Windows-Azure-Blob/1.0",
          "Microsoft-HTTPAPI/2.0"
        ],
        "x-ms-request-id": "00000000-0000-0000-0000-000000000000",
        "x-ms-version": "2021-12-02"
      },
      "ResponseBody": null
    },
    {
      "RequestUri": "https://fakestorage.blob.core.windows.net/goccontainersetpermissionspublicaccessnone/gotestblobcontainersetpermissionspublicaccessnone",
      "RequestMethod": "PUT",
      "RequestHeaders": {
        "Accept": "application/xml",
        "Accept-Encoding": "gzip",
        "Authorization": "Sanitized",
        "Content-Length": "15",
        "Content-Type": "application/octet-stream",
        "User-Agent": "azsdk-go-azblob/v1.1.1 (go1.19; Windows_NT)",
        "x-ms-blob-type": "BlockBlob",
        "X-Ms-Date": "Wed, 19 Jul 2023 18:38:21 GMT",
        "x-ms-version": "2021-12-02"
      },
      "RequestBody": "R29CbG9ja0Jsb2JEYXRh",
      "StatusCode": 201,
      "ResponseHeaders": {
        "Content-Length": "0",
        "Content-MD5": "ebncwguMQu9sgPmr0GazhA==",
        "Date": "Wed, 19 Jul 2023 18:38:19 GMT",
        "ETag": "\u00220x8DB888753327009\u0022",
        "Last-Modified": "Wed, 19 Jul 2023 18:38:20 GMT",
        "Server": [
          "Windows-Azure-Blob/1.0",
          "Microsoft-HTTPAPI/2.0"
        ],
        "x-ms-content-crc64": "\u002BJGsS7CR5kg=",
        "x-ms-request-id": "00000000-0000-0000-0000-000000000000",
        "x-ms-request-server-encrypted": "true",
        "x-ms-version": "2021-12-02",
        "x-ms-version-id": "2023-07-19T18:38:20.0834057Z"
      },
      "ResponseBody": null
    },
    {
      "RequestUri": "https://fakestorage.blob.core.windows.net/goccontainersetpermissionspublicaccessnone?comp=acl\u0026restype=container",
      "RequestMethod": "PUT",
      "RequestHeaders": {
        "Accept": "application/xml",
        "Accept-Encoding": "gzip",
        "Authorization": "Sanitized",
        "Content-Length": "78",
        "Content-Type": "application/xml",
        "User-Agent": "azsdk-go-azblob/v1.1.1 (go1.19; Windows_NT)",
        "X-Ms-Date": "Wed, 19 Jul 2023 18:38:21 GMT",
        "x-ms-version": "2021-12-02"
      },
      "RequestBody": [
        "\u003C?xml version=\u00221.0\u0022 encoding=\u0022UTF-8\u0022?\u003E\n",
        "\u003CSignedIdentifiers\u003E\u003C/SignedIdentifiers\u003E"
      ],
      "StatusCode": 200,
      "ResponseHeaders": {
        "Content-Length": "0",
        "Date": "Wed, 19 Jul 2023 18:38:19 GMT",
        "ETag": "\u00220x8DB8887533CA07B\u0022",
        "Last-Modified": "Wed, 19 Jul 2023 18:38:20 GMT",
        "Server": [
          "Windows-Azure-Blob/1.0",
          "Microsoft-HTTPAPI/2.0"
        ],
        "x-ms-request-id": "00000000-0000-0000-0000-000000000000",
        "x-ms-version": "2021-12-02"
      },
      "ResponseBody": null
    },
    {
      "RequestUri": "https://fakestorage.blob.core.windows.net/goccontainersetpermissionspublicaccessnone?comp=acl\u0026restype=container",
      "RequestMethod": "GET",
      "RequestHeaders": {
        "Accept": "application/xml",
        "Accept-Encoding": "gzip",
        "Authorization": "Sanitized",
        "User-Agent": "azsdk-go-azblob/v1.1.1 (go1.19; Windows_NT)",
        "X-Ms-Date": "Wed, 19 Jul 2023 18:38:21 GMT",
        "x-ms-version": "2021-12-02"
      },
      "RequestBody": null,
      "StatusCode": 200,
      "ResponseHeaders": {
        "Content-Type": "application/xml",
        "Date": "Wed, 19 Jul 2023 18:38:19 GMT",
        "ETag": "\u00220x8DB8887533CA07B\u0022",
        "Last-Modified": "Wed, 19 Jul 2023 18:38:20 GMT",
        "Server": [
          "Windows-Azure-Blob/1.0",
          "Microsoft-HTTPAPI/2.0"
        ],
        "Transfer-Encoding": "chunked",
        "x-ms-request-id": "00000000-0000-0000-0000-000000000000",
        "x-ms-version": "2021-12-02"
      },
      "ResponseBody": "\uFEFF\u003C?xml version=\u00221.0\u0022 encoding=\u0022utf-8\u0022?\u003E\u003CSignedIdentifiers /\u003E"
    },
    {
      "RequestUri": "https://fakestorage.blob.core.windows.net/goccontainersetpermissionspublicaccessnone?restype=container",
      "RequestMethod": "DELETE",
      "RequestHeaders": {
        "Accept": "application/xml",
        "Accept-Encoding": "gzip",
        "Authorization": "Sanitized",
        "User-Agent": "azsdk-go-azblob/v1.1.1 (go1.19; Windows_NT)",
        "X-Ms-Date": "Wed, 19 Jul 2023 18:38:32 GMT",
        "x-ms-version": "2021-12-02"
      },
      "RequestBody": null,
      "StatusCode": 202,
      "ResponseHeaders": {
        "Content-Length": "0",
        "Date": "Wed, 19 Jul 2023 18:38:30 GMT",
        "Server": [
          "Windows-Azure-Blob/1.0",
          "Microsoft-HTTPAPI/2.0"
        ],
        "x-ms-request-id": "00000000-0000-0000-0000-000000000000",
        "x-ms-version": "2021-12-02"
      },
      "ResponseBody": null
    }
  ],
  "Variables": {}
}
