{
  "Entries": [
    {
      "RequestUri": "https://fakestorage.blob.core.windows.net/gocdeleteblobwithoutleaseid?restype=container",
      "RequestMethod": "PUT",
      "RequestHeaders": {
        "Accept": "application/xml",
        "Accept-Encoding": "gzip",
        "Authorization": "Sanitized",
        "Content-Length": "0",
        "User-Agent": "azsdk-go-azblob/v1.3.3 (go1.19.13; Windows_NT)",
        "X-Ms-Date": "Fri, 17 May 2024 10:07:42 GMT",
        "x-ms-version": "2023-11-03"
      },
      "RequestBody": null,
      "StatusCode": 201,
      "ResponseHeaders": {
        "Content-Length": "0",
        "Date": "Fri, 17 May 2024 10:07:43 GMT",
        "ETag": "\"0x8DC765931AF74FC\"",
        "Last-Modified": "Fri, 17 May 2024 10:07:43 GMT",
        "Server": [
          "Windows-Azure-Blob/1.0",
          "Microsoft-HTTPAPI/2.0"
        ],
        "x-ms-request-id": "00000000-0000-0000-0000-000000000000",
        "x-ms-version": "2023-11-03"
      },
      "ResponseBody": null
    },
    {
      "RequestUri": "https://fakestorage.blob.core.windows.net/gocdeleteblobwithoutleaseid/gotestblobdeleteblobwithoutleaseid",
      "RequestMethod": "PUT",
      "RequestHeaders": {
        "Accept": "application/xml",
        "Accept-Encoding": "gzip",
        "Authorization": "Sanitized",
        "Content-Length": "15",
        "Content-Type": "application/octet-stream",
        "User-Agent": "azsdk-go-azblob/v1.3.3 (go1.19.13; Windows_NT)",
        "x-ms-blob-type": "BlockBlob",
        "X-Ms-Date": "Fri, 17 May 2024 10:07:42 GMT",
        "x-ms-version": "2023-11-03"
      },
      "RequestBody": "R29CbG9ja0Jsb2JEYXRh",
      "StatusCode": 201,
      "ResponseHeaders": {
        "Content-Length": "0",
        "Content-MD5": "ebncwguMQu9sgPmr0GazhA==",
        "Date": "Fri, 17 May 2024 10:07:43 GMT",
        "ETag": "\"0x8DC765931D3C989\"",
        "Last-Modified": "Fri, 17 May 2024 10:07:43 GMT",
        "Server": [
          "Windows-Azure-Blob/1.0",
          "Microsoft-HTTPAPI/2.0"
        ],
        "x-ms-content-crc64": "+JGsS7CR5kg=",
        "x-ms-request-id": "00000000-0000-0000-0000-000000000000",
        "x-ms-request-server-encrypted": "true",
        "x-ms-version": "2023-11-03",
        "x-ms-version-id": "2024-05-17T10:07:43.9897993Z"
      },
      "ResponseBody": null
    },
    {
      "RequestUri": "https://fakestorage.blob.core.windows.net/gocdeleteblobwithoutleaseid/gotestblobdeleteblobwithoutleaseid?comp=lease",
      "RequestMethod": "PUT",
      "RequestHeaders": {
        "Accept": "application/xml",
        "Accept-Encoding": "gzip",
        "Authorization": "Sanitized",
        "Content-Length": "0",
        "User-Agent": "azsdk-go-azblob/v1.3.3 (go1.19.13; Windows_NT)",
        "X-Ms-Date": "Fri, 17 May 2024 10:07:42 GMT",
        "x-ms-lease-action": "acquire",
        "x-ms-lease-duration": "60",
        "x-ms-proposed-lease-id": "c820a799-76d7-4ee2-6e15-546f19325c2c",
        "x-ms-version": "2023-11-03"
      },
      "RequestBody": null,
      "StatusCode": 201,
      "ResponseHeaders": {
        "Content-Length": "0",
        "Date": "Fri, 17 May 2024 10:07:43 GMT",
        "ETag": "\"0x8DC765931D3C989\"",
        "Last-Modified": "Fri, 17 May 2024 10:07:43 GMT",
        "Server": [
          "Windows-Azure-Blob/1.0",
          "Microsoft-HTTPAPI/2.0"
        ],
        "x-ms-lease-id": "c820a799-76d7-4ee2-6e15-546f19325c2c",
        "x-ms-request-id": "00000000-0000-0000-0000-000000000000",
        "x-ms-version": "2023-11-03"
      },
      "ResponseBody": null
    },
    {
      "RequestUri": "https://fakestorage.blob.core.windows.net/gocdeleteblobwithoutleaseid/gotestblobdeleteblobwithoutleaseid",
      "RequestMethod": "DELETE",
      "RequestHeaders": {
        "Accept": "application/xml",
        "Accept-Encoding": "gzip",
        "Authorization": "Sanitized",
        "User-Agent": "azsdk-go-azblob/v1.3.3 (go1.19.13; Windows_NT)",
        "X-Ms-Date": "Fri, 17 May 2024 10:07:42 GMT",
        "x-ms-version": "2023-11-03"
      },
      "RequestBody": null,
      "StatusCode": 412,
      "ResponseHeaders": {
        "Content-Length": "267",
        "Content-Type": "application/xml",
        "Date": "Fri, 17 May 2024 10:07:43 GMT",
        "Server": [
          "Windows-Azure-Blob/1.0",
          "Microsoft-HTTPAPI/2.0"
        ],
        "x-ms-error-code": "LeaseIdMissing",
        "x-ms-request-id": "00000000-0000-0000-0000-000000000000",
        "x-ms-version": "2023-11-03"
      },
      "ResponseBody": [
        "\uFEFF<?xml version=\"1.0\" encoding=\"utf-8\"?><Error><Code>LeaseIdMissing</Code><Message>There is currently a lease on the blob and no lease ID was specified in the request.\n",
        "RequestId:8ff18b0a-501e-001a-2842-a87f69000000\n",
        "Time:2024-05-17T10:07:44.4980593Z</Message></Error>"
      ]
    },
    {
      "RequestUri": "https://fakestorage.blob.core.windows.net/gocdeleteblobwithoutleaseid/gotestblobdeleteblobwithoutleaseid",
      "RequestMethod": "DELETE",
      "RequestHeaders": {
        "Accept": "application/xml",
        "Accept-Encoding": "gzip",
        "Authorization": "Sanitized",
        "User-Agent": "azsdk-go-azblob/v1.3.3 (go1.19.13; Windows_NT)",
        "X-Ms-Date": "Fri, 17 May 2024 10:07:43 GMT",
        "x-ms-lease-id": "c820a799-76d7-4ee2-6e15-546f19325c2c",
        "x-ms-version": "2023-11-03"
      },
      "RequestBody": null,
      "StatusCode": 202,
      "ResponseHeaders": {
        "Content-Length": "0",
        "Date": "Fri, 17 May 2024 10:07:44 GMT",
        "Server": [
          "Windows-Azure-Blob/1.0",
          "Microsoft-HTTPAPI/2.0"
        ],
        "x-ms-delete-type-permanent": "false",
        "x-ms-request-id": "00000000-0000-0000-0000-000000000000",
        "x-ms-version": "2023-11-03"
      },
      "ResponseBody": null
    },
    {
      "RequestUri": "https://fakestorage.blob.core.windows.net/gocdeleteblobwithoutleaseid?restype=container",
      "RequestMethod": "DELETE",
      "RequestHeaders": {
        "Accept": "application/xml",
        "Accept-Encoding": "gzip",
        "Authorization": "Sanitized",
        "User-Agent": "azsdk-go-azblob/v1.3.3 (go1.19.13; Windows_NT)",
        "X-Ms-Date": "Fri, 17 May 2024 10:07:43 GMT",
        "x-ms-version": "2023-11-03"
      },
      "RequestBody": null,
      "StatusCode": 202,
      "ResponseHeaders": {
        "Content-Length": "0",
        "Date": "Fri, 17 May 2024 10:07:44 GMT",
        "Server": [
          "Windows-Azure-Blob/1.0",
          "Microsoft-HTTPAPI/2.0"
        ],
        "x-ms-request-id": "00000000-0000-0000-0000-000000000000",
        "x-ms-version": "2023-11-03"
      },
      "ResponseBody": null
    }
  ],
  "Variables": {}
}
