{
  "Entries": [
    {
      "RequestUri": "https://fakestorage.blob.core.windows.net/gocblobstartcopydestifmodifiedsincefalse?restype=container",
      "RequestMethod": "PUT",
      "RequestHeaders": {
        "Accept": "application/xml",
        "Accept-Encoding": "gzip",
        "Authorization": "Sanitized",
        "Content-Length": "0",
        "User-Agent": "azsdk-go-azblob/v1.4.2 (go1.23.2; Windows_NT)",
        "X-Ms-Date": "Mon, 14 Oct 2024 11:30:45 GMT",
        "x-ms-version": "2024-08-04"
      },
      "RequestBody": null,
      "StatusCode": 201,
      "ResponseHeaders": {
        "Content-Length": "0",
        "Date": "Mon, 14 Oct 2024 11:30:45 GMT",
        "ETag": "\"0x8DCEC43A54046D9\"",
        "Last-Modified": "Mon, 14 Oct 2024 11:30:45 GMT",
        "Server": [
          "Windows-Azure-Blob/1.0",
          "Microsoft-HTTPAPI/2.0"
        ],
        "x-ms-request-id": "00000000-0000-0000-0000-000000000000",
        "x-ms-version": "2024-08-04"
      },
      "ResponseBody": null
    },
    {
      "RequestUri": "https://fakestorage.blob.core.windows.net/gocblobstartcopydestifmodifiedsincefalse/gotestblobblobstartcopydestifmodifiedsincefalse",
      "RequestMethod": "PUT",
      "RequestHeaders": {
        "Accept": "application/xml",
        "Accept-Encoding": "gzip",
        "Authorization": "Sanitized",
        "Content-Length": "15",
        "Content-Type": "application/octet-stream",
        "User-Agent": "azsdk-go-azblob/v1.4.2 (go1.23.2; Windows_NT)",
        "x-ms-blob-type": "BlockBlob",
        "X-Ms-Date": "Mon, 14 Oct 2024 11:30:46 GMT",
        "x-ms-version": "2024-08-04"
      },
      "RequestBody": "R29CbG9ja0Jsb2JEYXRh",
      "StatusCode": 201,
      "ResponseHeaders": {
        "Content-Length": "0",
        "Content-MD5": "ebncwguMQu9sgPmr0GazhA==",
        "Date": "Mon, 14 Oct 2024 11:30:45 GMT",
        "ETag": "\"0x8DCEC43A573E230\"",
        "Last-Modified": "Mon, 14 Oct 2024 11:30:46 GMT",
        "Server": [
          "Windows-Azure-Blob/1.0",
          "Microsoft-HTTPAPI/2.0"
        ],
        "x-ms-content-crc64": "+JGsS7CR5kg=",
        "x-ms-request-id": "00000000-0000-0000-0000-000000000000",
        "x-ms-request-server-encrypted": "true",
        "x-ms-version": "2024-08-04"
      },
      "ResponseBody": null
    },
    {
      "RequestUri": "https://fakestorage.blob.core.windows.net/gocblobstartcopydestifmodifiedsincefalse/dstgotestblobblobstartcopydestifmodifiedsincefalse",
      "RequestMethod": "PUT",
      "RequestHeaders": {
        "Accept": "application/xml",
        "Accept-Encoding": "gzip",
        "Authorization": "Sanitized",
        "Content-Length": "15",
        "Content-Type": "application/octet-stream",
        "User-Agent": "azsdk-go-azblob/v1.4.2 (go1.23.2; Windows_NT)",
        "x-ms-blob-type": "BlockBlob",
        "X-Ms-Date": "Mon, 14 Oct 2024 11:30:46 GMT",
        "x-ms-version": "2024-08-04"
      },
      "RequestBody": "R29CbG9ja0Jsb2JEYXRh",
      "StatusCode": 201,
      "ResponseHeaders": {
        "Content-Length": "0",
        "Content-MD5": "ebncwguMQu9sgPmr0GazhA==",
        "Date": "Mon, 14 Oct 2024 11:30:46 GMT",
        "ETag": "\"0x8DCEC43A598FB6C\"",
        "Last-Modified": "Mon, 14 Oct 2024 11:30:46 GMT",
        "Server": [
          "Windows-Azure-Blob/1.0",
          "Microsoft-HTTPAPI/2.0"
        ],
        "x-ms-content-crc64": "+JGsS7CR5kg=",
        "x-ms-request-id": "00000000-0000-0000-0000-000000000000",
        "x-ms-request-server-encrypted": "true",
        "x-ms-version": "2024-08-04"
      },
      "ResponseBody": null
    },
    {
      "RequestUri": "https://fakestorage.blob.core.windows.net/gocblobstartcopydestifmodifiedsincefalse/dstgotestblobblobstartcopydestifmodifiedsincefalse",
      "RequestMethod": "PUT",
      "RequestHeaders": {
        "Accept": "application/xml",
        "Accept-Encoding": "gzip",
        "Authorization": "Sanitized",
        "Content-Length": "0",
        "If-Modified-Since": "Mon, 14 Oct 2024 11:30:55 GMT",
        "User-Agent": "azsdk-go-azblob/v1.4.2 (go1.23.2; Windows_NT)",
        "x-ms-copy-source": "Sanitized",
        "X-Ms-Date": "Mon, 14 Oct 2024 11:30:46 GMT",
        "x-ms-version": "2024-08-04"
      },
      "RequestBody": null,
      "StatusCode": 412,
      "ResponseHeaders": {
        "Content-Length": "252",
        "Content-Type": "application/xml",
        "Date": "Mon, 14 Oct 2024 11:30:46 GMT",
        "Server": [
          "Windows-Azure-Blob/1.0",
          "Microsoft-HTTPAPI/2.0"
        ],
        "x-ms-error-code": "ConditionNotMet",
        "x-ms-request-id": "00000000-0000-0000-0000-000000000000",
        "x-ms-version": "2024-08-04"
      },
      "ResponseBody": [
        "\uFEFF<?xml version=\"1.0\" encoding=\"utf-8\"?><Error><Code>ConditionNotMet</Code><Message>The condition specified using HTTP conditional header(s) is not met.\n",
        "RequestId:486e9ab7-b01e-00b2-0c2c-1eb34e000000\n",
        "Time:2024-10-14T11:30:46.7390670Z</Message></Error>"
      ]
    },
    {
      "RequestUri": "https://fakestorage.blob.core.windows.net/gocblobstartcopydestifmodifiedsincefalse?restype=container",
      "RequestMethod": "DELETE",
      "RequestHeaders": {
        "Accept": "application/xml",
        "Accept-Encoding": "gzip",
        "Authorization": "Sanitized",
        "User-Agent": "azsdk-go-azblob/v1.4.2 (go1.23.2; Windows_NT)",
        "X-Ms-Date": "Mon, 14 Oct 2024 11:30:46 GMT",
        "x-ms-version": "2024-08-04"
      },
      "RequestBody": null,
      "StatusCode": 202,
      "ResponseHeaders": {
        "Content-Length": "0",
        "Date": "Mon, 14 Oct 2024 11:30:46 GMT",
        "Server": [
          "Windows-Azure-Blob/1.0",
          "Microsoft-HTTPAPI/2.0"
        ],
        "x-ms-request-id": "00000000-0000-0000-0000-000000000000",
        "x-ms-version": "2024-08-04"
      },
      "ResponseBody": null
    }
  ],
  "Variables": {}
}
