{
  "Entries": [
    {
      "RequestUri": "https://fakestorage.blob.core.windows.net/gocblobstartcopydestifmatchtrue?restype=container",
      "RequestMethod": "PUT",
      "RequestHeaders": {
        "Accept": "application/xml",
        "Accept-Encoding": "gzip",
        "Authorization": "Sanitized",
        "Content-Length": "0",
        "User-Agent": "azsdk-go-azblob/v1.1.1 (go1.21.0; Windows_NT)",
        "X-Ms-Date": "Tue, 15 Aug 2023 14:43:18 GMT",
        "x-ms-version": "2021-12-02"
      },
      "RequestBody": null,
      "StatusCode": 201,
      "ResponseHeaders": {
        "Content-Length": "0",
        "Date": "Tue, 15 Aug 2023 14:43:18 GMT",
        "ETag": "\u00220x8DB9D9DF75DB8D6\u0022",
        "Last-Modified": "Tue, 15 Aug 2023 14:43:18 GMT",
        "Server": [
          "Windows-Azure-Blob/1.0",
          "Microsoft-HTTPAPI/2.0"
        ],
        "x-ms-request-id": "00000000-0000-0000-0000-000000000000",
        "x-ms-version": "2021-12-02"
      },
      "ResponseBody": null
    },
    {
      "RequestUri": "https://fakestorage.blob.core.windows.net/gocblobstartcopydestifmatchtrue/gotestblobblobstartcopydestifmatchtrue",
      "RequestMethod": "PUT",
      "RequestHeaders": {
        "Accept": "application/xml",
        "Accept-Encoding": "gzip",
        "Authorization": "Sanitized",
        "Content-Length": "15",
        "Content-Type": "application/octet-stream",
        "User-Agent": "azsdk-go-azblob/v1.1.1 (go1.21.0; Windows_NT)",
        "x-ms-blob-type": "BlockBlob",
        "X-Ms-Date": "Tue, 15 Aug 2023 14:43:18 GMT",
        "x-ms-version": "2021-12-02"
      },
      "RequestBody": "R29CbG9ja0Jsb2JEYXRh",
      "StatusCode": 201,
      "ResponseHeaders": {
        "Content-Length": "0",
        "Content-MD5": "ebncwguMQu9sgPmr0GazhA==",
        "Date": "Tue, 15 Aug 2023 14:43:18 GMT",
        "ETag": "\u00220x8DB9D9DF763E242\u0022",
        "Last-Modified": "Tue, 15 Aug 2023 14:43:18 GMT",
        "Server": [
          "Windows-Azure-Blob/1.0",
          "Microsoft-HTTPAPI/2.0"
        ],
        "x-ms-content-crc64": "\u002BJGsS7CR5kg=",
        "x-ms-request-id": "00000000-0000-0000-0000-000000000000",
        "x-ms-request-server-encrypted": "true",
        "x-ms-version": "2021-12-02",
        "x-ms-version-id": "2023-08-15T14:43:18.9001794Z"
      },
      "ResponseBody": null
    },
    {
      "RequestUri": "https://fakestorage.blob.core.windows.net/gocblobstartcopydestifmatchtrue/destgotestblobblobstartcopydestifmatchtrue",
      "RequestMethod": "PUT",
      "RequestHeaders": {
        "Accept": "application/xml",
        "Accept-Encoding": "gzip",
        "Authorization": "Sanitized",
        "Content-Length": "15",
        "Content-Type": "application/octet-stream",
        "User-Agent": "azsdk-go-azblob/v1.1.1 (go1.21.0; Windows_NT)",
        "x-ms-blob-type": "BlockBlob",
        "X-Ms-Date": "Tue, 15 Aug 2023 14:43:18 GMT",
        "x-ms-version": "2021-12-02"
      },
      "RequestBody": "R29CbG9ja0Jsb2JEYXRh",
      "StatusCode": 201,
      "ResponseHeaders": {
        "Content-Length": "0",
        "Content-MD5": "ebncwguMQu9sgPmr0GazhA==",
        "Date": "Tue, 15 Aug 2023 14:43:18 GMT",
        "ETag": "\u00220x8DB9D9DF76986BB\u0022",
        "Last-Modified": "Tue, 15 Aug 2023 14:43:18 GMT",
        "Server": [
          "Windows-Azure-Blob/1.0",
          "Microsoft-HTTPAPI/2.0"
        ],
        "x-ms-content-crc64": "\u002BJGsS7CR5kg=",
        "x-ms-request-id": "00000000-0000-0000-0000-000000000000",
        "x-ms-request-server-encrypted": "true",
        "x-ms-version": "2021-12-02",
        "x-ms-version-id": "2023-08-15T14:43:18.9371579Z"
      },
      "ResponseBody": null
    },
    {
      "RequestUri": "https://fakestorage.blob.core.windows.net/gocblobstartcopydestifmatchtrue/destgotestblobblobstartcopydestifmatchtrue",
      "RequestMethod": "HEAD",
      "RequestHeaders": {
        "Accept": "application/xml",
        "Authorization": "Sanitized",
        "User-Agent": "azsdk-go-azblob/v1.1.1 (go1.21.0; Windows_NT)",
        "X-Ms-Date": "Tue, 15 Aug 2023 14:43:18 GMT",
        "x-ms-version": "2021-12-02"
      },
      "RequestBody": null,
      "StatusCode": 200,
      "ResponseHeaders": {
        "Accept-Ranges": "bytes",
        "Content-Length": "15",
        "Content-MD5": "ebncwguMQu9sgPmr0GazhA==",
        "Content-Type": "application/octet-stream",
        "Date": "Tue, 15 Aug 2023 14:43:18 GMT",
        "ETag": "\u00220x8DB9D9DF76986BB\u0022",
        "Last-Modified": "Tue, 15 Aug 2023 14:43:18 GMT",
        "Server": [
          "Windows-Azure-Blob/1.0",
          "Microsoft-HTTPAPI/2.0"
        ],
        "Vary": "Origin",
        "x-ms-access-tier": "Hot",
        "x-ms-access-tier-inferred": "true",
        "x-ms-blob-type": "BlockBlob",
        "x-ms-creation-time": "Tue, 15 Aug 2023 14:43:18 GMT",
        "x-ms-is-current-version": "true",
        "x-ms-last-access-time": "Tue, 15 Aug 2023 14:43:18 GMT",
        "x-ms-lease-state": "available",
        "x-ms-lease-status": "unlocked",
        "x-ms-request-id": "00000000-0000-0000-0000-000000000000",
        "x-ms-server-encrypted": "true",
        "x-ms-version": "2021-12-02",
        "x-ms-version-id": "2023-08-15T14:43:18.9371579Z"
      },
      "ResponseBody": null
    },
    {
      "RequestUri": "https://fakestorage.blob.core.windows.net/gocblobstartcopydestifmatchtrue/destgotestblobblobstartcopydestifmatchtrue",
      "RequestMethod": "PUT",
      "RequestHeaders": {
        "Accept": "application/xml",
        "Accept-Encoding": "gzip",
        "Authorization": "Sanitized",
        "Content-Length": "0",
        "If-Match": "\u00220x8DB9D9DF76986BB\u0022",
        "User-Agent": "azsdk-go-azblob/v1.1.1 (go1.21.0; Windows_NT)",
        "x-ms-copy-source": "https://fakestorage.blob.core.windows.net/gocblobstartcopydestifmatchtrue/gotestblobblobstartcopydestifmatchtrue",
        "X-Ms-Date": "Tue, 15 Aug 2023 14:43:18 GMT",
        "x-ms-version": "2021-12-02"
      },
      "RequestBody": null,
      "StatusCode": 202,
      "ResponseHeaders": {
        "Content-Length": "0",
        "Date": "Tue, 15 Aug 2023 14:43:18 GMT",
        "ETag": "\u00220x8DB9D9DF77592E2\u0022",
        "Last-Modified": "Tue, 15 Aug 2023 14:43:19 GMT",
        "Server": [
          "Windows-Azure-Blob/1.0",
          "Microsoft-HTTPAPI/2.0"
        ],
        "x-ms-copy-id": "aae028b4-5a70-4736-8ad1-6516a56062f9",
        "x-ms-copy-status": "success",
        "x-ms-request-id": "00000000-0000-0000-0000-000000000000",
        "x-ms-version": "2021-12-02",
        "x-ms-version-id": "2023-08-15T14:43:19.0171122Z"
      },
      "ResponseBody": null
    },
    {
      "RequestUri": "https://fakestorage.blob.core.windows.net/gocblobstartcopydestifmatchtrue/destgotestblobblobstartcopydestifmatchtrue",
      "RequestMethod": "HEAD",
      "RequestHeaders": {
        "Accept": "application/xml",
        "Authorization": "Sanitized",
        "User-Agent": "azsdk-go-azblob/v1.1.1 (go1.21.0; Windows_NT)",
        "X-Ms-Date": "Tue, 15 Aug 2023 14:43:18 GMT",
        "x-ms-version": "2021-12-02"
      },
      "RequestBody": null,
      "StatusCode": 200,
      "ResponseHeaders": {
        "Accept-Ranges": "bytes",
        "Content-Length": "15",
        "Content-MD5": "ebncwguMQu9sgPmr0GazhA==",
        "Content-Type": "application/octet-stream",
        "Date": "Tue, 15 Aug 2023 14:43:18 GMT",
        "ETag": "\u00220x8DB9D9DF77592E2\u0022",
        "Last-Modified": "Tue, 15 Aug 2023 14:43:19 GMT",
        "Server": [
          "Windows-Azure-Blob/1.0",
          "Microsoft-HTTPAPI/2.0"
        ],
        "Vary": "Origin",
        "x-ms-access-tier": "Hot",
        "x-ms-access-tier-inferred": "true",
        "x-ms-blob-type": "BlockBlob",
        "x-ms-copy-completion-time": "Tue, 15 Aug 2023 14:43:19 GMT",
        "x-ms-copy-id": "aae028b4-5a70-4736-8ad1-6516a56062f9",
        "x-ms-copy-progress": "15/15",
        "x-ms-copy-source": "https://fakestorage.blob.core.windows.net/gocblobstartcopydestifmatchtrue/gotestblobblobstartcopydestifmatchtrue",
        "x-ms-copy-status": "success",
        "x-ms-creation-time": "Tue, 15 Aug 2023 14:43:18 GMT",
        "x-ms-is-current-version": "true",
        "x-ms-last-access-time": "Tue, 15 Aug 2023 14:43:19 GMT",
        "x-ms-lease-state": "available",
        "x-ms-lease-status": "unlocked",
        "x-ms-request-id": "00000000-0000-0000-0000-000000000000",
        "x-ms-server-encrypted": "true",
        "x-ms-version": "2021-12-02",
        "x-ms-version-id": "2023-08-15T14:43:19.0171122Z"
      },
      "ResponseBody": null
    },
    {
      "RequestUri": "https://fakestorage.blob.core.windows.net/gocblobstartcopydestifmatchtrue?restype=container",
      "RequestMethod": "DELETE",
      "RequestHeaders": {
        "Accept": "application/xml",
        "Accept-Encoding": "gzip",
        "Authorization": "Sanitized",
        "User-Agent": "azsdk-go-azblob/v1.1.1 (go1.21.0; Windows_NT)",
        "X-Ms-Date": "Tue, 15 Aug 2023 14:43:18 GMT",
        "x-ms-version": "2021-12-02"
      },
      "RequestBody": null,
      "StatusCode": 202,
      "ResponseHeaders": {
        "Content-Length": "0",
        "Date": "Tue, 15 Aug 2023 14:43:18 GMT",
        "Server": [
          "Windows-Azure-Blob/1.0",
          "Microsoft-HTTPAPI/2.0"
        ],
        "x-ms-request-id": "00000000-0000-0000-0000-000000000000",
        "x-ms-version": "2021-12-02"
      },
      "ResponseBody": null
    }
  ],
  "Variables": {}
}
