{
  "Entries": [
    {
      "RequestUri": "https://fakestorage.blob.core.windows.net/gocblobappendblocknonexistentblob?restype=container",
      "RequestMethod": "PUT",
      "RequestHeaders": {
        "Accept": "application/xml",
        "Accept-Encoding": "gzip",
        "Authorization": "Sanitized",
        "Content-Length": "0",
        "User-Agent": "azsdk-go-azblob/v1.3.3 (go1.19.13; Windows_NT)",
        "X-Ms-Date": "Fri, 17 May 2024 08:54:29 GMT",
        "x-ms-version": "2023-11-03"
      },
      "RequestBody": null,
      "StatusCode": 201,
      "ResponseHeaders": {
        "Content-Length": "0",
        "Date": "Fri, 17 May 2024 08:54:30 GMT",
        "ETag": "\"0x8DC764EF75024FA\"",
        "Last-Modified": "Fri, 17 May 2024 08:54:30 GMT",
        "Server": [
          "Windows-Azure-Blob/1.0",
          "Microsoft-HTTPAPI/2.0"
        ],
        "x-ms-request-id": "00000000-0000-0000-0000-000000000000",
        "x-ms-version": "2023-11-03"
      },
      "ResponseBody": null
    },
    {
      "RequestUri": "https://fakestorage.blob.core.windows.net/gocblobappendblocknonexistentblob/gotestblobblobappendblocknonexistentblob?comp=appendblock",
      "RequestMethod": "PUT",
      "RequestHeaders": {
        "Accept": "application/xml",
        "Accept-Encoding": "gzip",
        "Authorization": "Sanitized",
        "Content-Length": "15",
        "Content-Type": "application/octet-stream",
        "User-Agent": "azsdk-go-azblob/v1.3.3 (go1.19.13; Windows_NT)",
        "X-Ms-Date": "Fri, 17 May 2024 08:54:29 GMT",
        "x-ms-version": "2023-11-03"
      },
      "RequestBody": "R29CbG9ja0Jsb2JEYXRh",
      "StatusCode": 404,
      "ResponseHeaders": {
        "Content-Length": "215",
        "Content-Type": "application/xml",
        "Date": "Fri, 17 May 2024 08:54:30 GMT",
        "Server": [
          "Windows-Azure-Blob/1.0",
          "Microsoft-HTTPAPI/2.0"
        ],
        "x-ms-error-code": "BlobNotFound",
        "x-ms-request-id": "00000000-0000-0000-0000-000000000000",
        "x-ms-version": "2023-11-03"
      },
      "ResponseBody": [
        "\uFEFF<?xml version=\"1.0\" encoding=\"utf-8\"?><Error><Code>BlobNotFound</Code><Message>The specified blob does not exist.\n",
        "RequestId:c5b83d15-a01e-0098-7437-a83ed7000000\n",
        "Time:2024-05-17T08:54:31.0985063Z</Message></Error>"
      ]
    },
    {
      "RequestUri": "https://fakestorage.blob.core.windows.net/gocblobappendblocknonexistentblob?restype=container",
      "RequestMethod": "DELETE",
      "RequestHeaders": {
        "Accept": "application/xml",
        "Accept-Encoding": "gzip",
        "Authorization": "Sanitized",
        "User-Agent": "azsdk-go-azblob/v1.3.3 (go1.19.13; Windows_NT)",
        "X-Ms-Date": "Fri, 17 May 2024 08:54:29 GMT",
        "x-ms-version": "2023-11-03"
      },
      "RequestBody": null,
      "StatusCode": 202,
      "ResponseHeaders": {
        "Content-Length": "0",
        "Date": "Fri, 17 May 2024 08:54:31 GMT",
        "Server": [
          "Windows-Azure-Blob/1.0",
          "Microsoft-HTTPAPI/2.0"
        ],
        "x-ms-request-id": "00000000-0000-0000-0000-000000000000",
        "x-ms-version": "2023-11-03"
      },
      "ResponseBody": null
    }
  ],
  "Variables": {}
}
