{
  "Entries": [
    {
      "RequestUri": "https://fakestorage.blob.core.windows.net/gocappendblobsethttpheaderifmatchtrue?restype=container",
      "RequestMethod": "PUT",
      "RequestHeaders": {
        "Accept": "application/xml",
        "Accept-Encoding": "gzip",
        "Authorization": "Sanitized",
        "Content-Length": "0",
        "User-Agent": "azsdk-go-azblob/v1.1.1 (go1.21.0; Windows_NT)",
        "X-Ms-Date": "Tue, 15 Aug 2023 14:40:23 GMT",
        "x-ms-version": "2021-12-02"
      },
      "RequestBody": null,
      "StatusCode": 201,
      "ResponseHeaders": {
        "Content-Length": "0",
        "Date": "Tue, 15 Aug 2023 14:40:23 GMT",
        "ETag": "\u00220x8DB9D9D8EE84B3C\u0022",
        "Last-Modified": "Tue, 15 Aug 2023 14:40:23 GMT",
        "Server": [
          "Windows-Azure-Blob/1.0",
          "Microsoft-HTTPAPI/2.0"
        ],
        "x-ms-request-id": "00000000-0000-0000-0000-000000000000",
        "x-ms-version": "2021-12-02"
      },
      "ResponseBody": null
    },
    {
      "RequestUri": "https://fakestorage.blob.core.windows.net/gocappendblobsethttpheaderifmatchtrue/gotestblobappendblobsethttpheaderifmatchtrue",
      "RequestMethod": "PUT",
      "RequestHeaders": {
        "Accept": "application/xml",
        "Accept-Encoding": "gzip",
        "Authorization": "Sanitized",
        "Content-Length": "0",
        "User-Agent": "azsdk-go-azblob/v1.1.1 (go1.21.0; Windows_NT)",
        "x-ms-blob-type": "AppendBlob",
        "X-Ms-Date": "Tue, 15 Aug 2023 14:40:23 GMT",
        "x-ms-version": "2021-12-02"
      },
      "RequestBody": null,
      "StatusCode": 201,
      "ResponseHeaders": {
        "Content-Length": "0",
        "Date": "Tue, 15 Aug 2023 14:40:23 GMT",
        "ETag": "\u00220x8DB9D9D8EEE45C6\u0022",
        "Last-Modified": "Tue, 15 Aug 2023 14:40:23 GMT",
        "Server": [
          "Windows-Azure-Blob/1.0",
          "Microsoft-HTTPAPI/2.0"
        ],
        "x-ms-request-id": "00000000-0000-0000-0000-000000000000",
        "x-ms-request-server-encrypted": "true",
        "x-ms-version": "2021-12-02",
        "x-ms-version-id": "2023-08-15T14:40:23.6463558Z"
      },
      "ResponseBody": null
    },
    {
      "RequestUri": "https://fakestorage.blob.core.windows.net/gocappendblobsethttpheaderifmatchtrue/gotestblobappendblobsethttpheaderifmatchtrue",
      "RequestMethod": "HEAD",
      "RequestHeaders": {
        "Accept": "application/xml",
        "Authorization": "Sanitized",
        "User-Agent": "azsdk-go-azblob/v1.1.1 (go1.21.0; Windows_NT)",
        "X-Ms-Date": "Tue, 15 Aug 2023 14:40:23 GMT",
        "x-ms-version": "2021-12-02"
      },
      "RequestBody": null,
      "StatusCode": 200,
      "ResponseHeaders": {
        "Accept-Ranges": "bytes",
        "Content-Length": "0",
        "Content-Type": "application/octet-stream",
        "Date": "Tue, 15 Aug 2023 14:40:23 GMT",
        "ETag": "\u00220x8DB9D9D8EEE45C6\u0022",
        "Last-Modified": "Tue, 15 Aug 2023 14:40:23 GMT",
        "Server": [
          "Windows-Azure-Blob/1.0",
          "Microsoft-HTTPAPI/2.0"
        ],
        "Vary": "Origin",
        "x-ms-blob-committed-block-count": "0",
        "x-ms-blob-type": "AppendBlob",
        "x-ms-creation-time": "Tue, 15 Aug 2023 14:40:23 GMT",
        "x-ms-is-current-version": "true",
        "x-ms-lease-state": "available",
        "x-ms-lease-status": "unlocked",
        "x-ms-request-id": "00000000-0000-0000-0000-000000000000",
        "x-ms-server-encrypted": "true",
        "x-ms-version": "2021-12-02",
        "x-ms-version-id": "2023-08-15T14:40:23.6463558Z"
      },
      "ResponseBody": null
    },
    {
      "RequestUri": "https://fakestorage.blob.core.windows.net/gocappendblobsethttpheaderifmatchtrue/gotestblobappendblobsethttpheaderifmatchtrue?comp=properties",
      "RequestMethod": "PUT",
      "RequestHeaders": {
        "Accept": "application/xml",
        "Accept-Encoding": "gzip",
        "Authorization": "Sanitized",
        "Content-Length": "0",
        "If-Match": "\u00220x8DB9D9D8EEE45C6\u0022",
        "User-Agent": "azsdk-go-azblob/v1.1.1 (go1.21.0; Windows_NT)",
        "x-ms-blob-content-disposition": "my_disposition",
        "X-Ms-Date": "Tue, 15 Aug 2023 14:40:23 GMT",
        "x-ms-version": "2021-12-02"
      },
      "RequestBody": null,
      "StatusCode": 200,
      "ResponseHeaders": {
        "Content-Length": "0",
        "Date": "Tue, 15 Aug 2023 14:40:23 GMT",
        "ETag": "\u00220x8DB9D9D8EFA2AE6\u0022",
        "Last-Modified": "Tue, 15 Aug 2023 14:40:23 GMT",
        "Server": [
          "Windows-Azure-Blob/1.0",
          "Microsoft-HTTPAPI/2.0"
        ],
        "x-ms-request-id": "00000000-0000-0000-0000-000000000000",
        "x-ms-version": "2021-12-02"
      },
      "ResponseBody": null
    },
    {
      "RequestUri": "https://fakestorage.blob.core.windows.net/gocappendblobsethttpheaderifmatchtrue/gotestblobappendblobsethttpheaderifmatchtrue",
      "RequestMethod": "HEAD",
      "RequestHeaders": {
        "Accept": "application/xml",
        "Authorization": "Sanitized",
        "User-Agent": "azsdk-go-azblob/v1.1.1 (go1.21.0; Windows_NT)",
        "X-Ms-Date": "Tue, 15 Aug 2023 14:40:23 GMT",
        "x-ms-version": "2021-12-02"
      },
      "RequestBody": null,
      "StatusCode": 200,
      "ResponseHeaders": {
        "Accept-Ranges": "bytes",
        "Content-Disposition": "my_disposition",
        "Content-Length": "0",
        "Date": "Tue, 15 Aug 2023 14:40:23 GMT",
        "ETag": "\u00220x8DB9D9D8EFA2AE6\u0022",
        "Last-Modified": "Tue, 15 Aug 2023 14:40:23 GMT",
        "Server": [
          "Windows-Azure-Blob/1.0",
          "Microsoft-HTTPAPI/2.0"
        ],
        "Vary": "Origin",
        "x-ms-blob-committed-block-count": "0",
        "x-ms-blob-type": "AppendBlob",
        "x-ms-creation-time": "Tue, 15 Aug 2023 14:40:23 GMT",
        "x-ms-is-current-version": "true",
        "x-ms-lease-state": "available",
        "x-ms-lease-status": "unlocked",
        "x-ms-request-id": "00000000-0000-0000-0000-000000000000",
        "x-ms-server-encrypted": "true",
        "x-ms-version": "2021-12-02",
        "x-ms-version-id": "2023-08-15T14:40:23.6463558Z"
      },
      "ResponseBody": null
    },
    {
      "RequestUri": "https://fakestorage.blob.core.windows.net/gocappendblobsethttpheaderifmatchtrue?restype=container",
      "RequestMethod": "DELETE",
      "RequestHeaders": {
        "Accept": "application/xml",
        "Accept-Encoding": "gzip",
        "Authorization": "Sanitized",
        "User-Agent": "azsdk-go-azblob/v1.1.1 (go1.21.0; Windows_NT)",
        "X-Ms-Date": "Tue, 15 Aug 2023 14:40:23 GMT",
        "x-ms-version": "2021-12-02"
      },
      "RequestBody": null,
      "StatusCode": 202,
      "ResponseHeaders": {
        "Content-Length": "0",
        "Date": "Tue, 15 Aug 2023 14:40:23 GMT",
        "Server": [
          "Windows-Azure-Blob/1.0",
          "Microsoft-HTTPAPI/2.0"
        ],
        "x-ms-request-id": "00000000-0000-0000-0000-000000000000",
        "x-ms-version": "2021-12-02"
      },
      "ResponseBody": null
    }
  ],
  "Variables": {}
}
