{
  "Entries": [
    {
      "RequestUri": "https://fakestorageaccount.queue.core.windows.net/queue171445949253108293?timeout=30",
      "RequestMethod": "PUT",
      "RequestHeaders": {
        "Accept": "application/xml",
        "Authorization": "Sanitized",
        "Connection": "keep-alive",
        "Content-Length": "0",
        "User-Agent": "azsdk-js-azure-storage-blob/12.22.0-beta.2 core-rest-pipeline/1.15.3 Node/18.19.0 OS/(x64-Windows_NT-10.0.22631)",
        "x-ms-client-request-id": "61c25d37-5daf-4a30-9705-848d442aa569",
        "x-ms-date": "Tue, 30 Apr 2024 06:44:52 GMT",
        "x-ms-version": "2023-11-03"
      },
      "RequestBody": null,
      "StatusCode": 201,
      "ResponseHeaders": {
        "Content-Length": "0",
        "Date": "Tue, 30 Apr 2024 06:44:52 GMT",
        "Server": [
          "Windows-Azure-Queue/1.0",
          "Microsoft-HTTPAPI/2.0"
        ],
        "x-ms-client-request-id": "61c25d37-5daf-4a30-9705-848d442aa569",
        "x-ms-request-id": "db01afda-0003-0050-47c9-9a5171000000",
        "x-ms-version": "2023-11-03"
      },
      "ResponseBody": null
    },
    {
      "RequestUri": "https://fakestorageaccount.queue.core.windows.net/queue171445949253108293?comp=metadata&timeout=30",
      "RequestMethod": "GET",
      "RequestHeaders": {
        "Accept": "application/xml",
        "Connection": "keep-alive",
        "User-Agent": "azsdk-js-azure-storage-blob/12.22.0-beta.2 core-rest-pipeline/1.15.3 Node/18.19.0 OS/(x64-Windows_NT-10.0.22631)",
        "x-ms-client-request-id": "8f938ad1-be55-488d-9588-e8a7e0ad3ccd",
        "x-ms-version": "2023-11-03"
      },
      "RequestBody": null,
      "StatusCode": 200,
      "ResponseHeaders": {
        "Access-Control-Allow-Origin": "*",
        "Access-Control-Expose-Headers": "x-ms-request-id,x-ms-client-request-id,Server,x-ms-version,x-ms-approximate-messages-count,Cache-Control,Content-Length,Date,Transfer-Encoding",
        "Cache-Control": "no-cache",
        "Content-Length": "0",
        "Date": "Tue, 30 Apr 2024 06:44:52 GMT",
        "Server": [
          "Windows-Azure-Queue/1.0",
          "Microsoft-HTTPAPI/2.0"
        ],
        "x-ms-approximate-messages-count": "0",
        "x-ms-client-request-id": "8f938ad1-be55-488d-9588-e8a7e0ad3ccd",
        "x-ms-request-id": "db01afe9-0003-0050-53c9-9a5171000000",
        "x-ms-version": "2023-11-03"
      },
      "ResponseBody": null
    },
    {
      "RequestUri": "https://fakestorageaccount.queue.core.windows.net/queue171445949253108293?timeout=30",
      "RequestMethod": "DELETE",
      "RequestHeaders": {
        "Accept": "application/xml",
        "Authorization": "Sanitized",
        "Connection": "keep-alive",
        "User-Agent": "azsdk-js-azure-storage-blob/12.22.0-beta.2 core-rest-pipeline/1.15.3 Node/18.19.0 OS/(x64-Windows_NT-10.0.22631)",
        "x-ms-client-request-id": "bc22b111-5904-4417-bd61-1a894f468b1f",
        "x-ms-date": "Tue, 30 Apr 2024 06:44:52 GMT",
        "x-ms-version": "2023-11-03"
      },
      "RequestBody": null,
      "StatusCode": 204,
      "ResponseHeaders": {
        "Content-Length": "0",
        "Date": "Tue, 30 Apr 2024 06:44:52 GMT",
        "Server": [
          "Windows-Azure-Queue/1.0",
          "Microsoft-HTTPAPI/2.0"
        ],
        "x-ms-client-request-id": "bc22b111-5904-4417-bd61-1a894f468b1f",
        "x-ms-request-id": "db01aff9-0003-0050-61c9-9a5171000000",
        "x-ms-version": "2023-11-03"
      },
      "ResponseBody": null
    }
  ],
  "Variables": {
    "queue": "queue171445949253108293"
  }
}
