{
  "Entries": [
    {
      "RequestUri": "https://endpoint/openai/deployments/text-davinci-002/completions?api-version=2024-03-01-preview",
      "RequestMethod": "POST",
      "RequestHeaders": {
        "Accept": "application/json",
        "Accept-Encoding": "gzip, deflate, br",
        "Authorization": "Sanitized",
        "Connection": "keep-alive",
        "Content-Length": "50",
        "Content-Type": "application/json; charset=UTF-8",
        "Referer": "http://localhost:9876/",
        "sec-ch-ua": "\u0022HeadlessChrome\u0022;v=\u0022123\u0022, \u0022Not:A-Brand\u0022;v=\u00228\u0022, \u0022Chromium\u0022;v=\u0022123\u0022",
        "sec-ch-ua-mobile": "?0",
        "sec-ch-ua-platform": "\u0022Linux\u0022",
        "Sec-Fetch-Dest": "empty",
        "Sec-Fetch-Mode": "cors",
        "Sec-Fetch-Site": "same-site",
        "User-Agent": "Mozilla/5.0 (X11; Linux x86_64) AppleWebKit/537.36 (KHTML, like Gecko) HeadlessChrome/123.0.6312.58 Safari/537.36",
        "x-ms-client-request-id": "e41e38dc-e88f-44fa-9969-2331f7e65e77",
        "x-ms-useragent": "azsdk-js-openai-rest/1.0.0-beta.11 core-rest-pipeline/1.15.2 OS/Linux"
      },
      "RequestBody": {
        "prompt": [
          "This is Azure OpenAI?"
        ],
        "stream": true
      },
      "StatusCode": 200,
      "ResponseHeaders": {
        "Access-Control-Allow-Origin": "*",
        "apim-request-id": "ea18b9bb-3b5c-4ba8-b883-28215a0c0e85",
        "azureml-model-session": "wde740bbdc8a4",
        "Cache-Control": "must-revalidate, no-cache",
        "Content-Type": "text/event-stream",
        "Date": "Thu, 28 Mar 2024 20:29:03 GMT",
        "Strict-Transport-Security": "max-age=31536000; includeSubDomains; preload",
        "Transfer-Encoding": "chunked",
        "x-accel-buffering": "no",
        "X-Content-Type-Options": "nosniff",
        "x-ms-client-request-id": "e41e38dc-e88f-44fa-9969-2331f7e65e77",
        "x-ms-rai-invoked": "true",
        "x-ms-region": "East US",
        "x-ratelimit-remaining-requests": "119",
        "x-ratelimit-remaining-tokens": "119984",
        "X-Request-ID": "57b5fef8-6764-4d00-8131-d2a3c246a802"
      },
      "ResponseBody": [
        "data: {\u0022id\u0022:\u0022\u0022,\u0022object\u0022:\u0022\u0022,\u0022created\u0022:0,\u0022model\u0022:\u0022\u0022,\u0022prompt_filter_results\u0022:[{\u0022prompt_index\u0022:0,\u0022content_filter_results\u0022:{\u0022hate\u0022:{\u0022filtered\u0022:false,\u0022severity\u0022:\u0022safe\u0022},\u0022self_harm\u0022:{\u0022filtered\u0022:false,\u0022severity\u0022:\u0022safe\u0022},\u0022sexual\u0022:{\u0022filtered\u0022:false,\u0022severity\u0022:\u0022safe\u0022},\u0022violence\u0022:{\u0022filtered\u0022:false,\u0022severity\u0022:\u0022safe\u0022}}}],\u0022choices\u0022:[]}\n\n",
        "data: {\u0022id\u0022:\u0022cmpl-97qetBodhvwbGRSqRrJl7HYQk1Q5U\u0022,\u0022object\u0022:\u0022text_completion\u0022,\u0022created\u0022:1711657743,\u0022model\u0022:\u0022text-davinci-002\u0022,\u0022choices\u0022:[{\u0022text\u0022:\u0022\\n\u0022,\u0022index\u0022:0,\u0022finish_reason\u0022:null,\u0022logprobs\u0022:null,\u0022content_filter_results\u0022:{\u0022hate\u0022:{\u0022filtered\u0022:false,\u0022severity\u0022:\u0022safe\u0022},\u0022self_harm\u0022:{\u0022filtered\u0022:false,\u0022severity\u0022:\u0022safe\u0022},\u0022sexual\u0022:{\u0022filtered\u0022:false,\u0022severity\u0022:\u0022safe\u0022},\u0022violence\u0022:{\u0022filtered\u0022:false,\u0022severity\u0022:\u0022safe\u0022}}}]}\n\n",
        "data: {\u0022id\u0022:\u0022cmpl-97qetBodhvwbGRSqRrJl7HYQk1Q5U\u0022,\u0022object\u0022:\u0022text_completion\u0022,\u0022created\u0022:1711657743,\u0022model\u0022:\u0022text-davinci-002\u0022,\u0022choices\u0022:[{\u0022text\u0022:\u0022\\n\u0022,\u0022index\u0022:0,\u0022finish_reason\u0022:null,\u0022logprobs\u0022:null,\u0022content_filter_results\u0022:{\u0022hate\u0022:{\u0022filtered\u0022:false,\u0022severity\u0022:\u0022safe\u0022},\u0022self_harm\u0022:{\u0022filtered\u0022:false,\u0022severity\u0022:\u0022safe\u0022},\u0022sexual\u0022:{\u0022filtered\u0022:false,\u0022severity\u0022:\u0022safe\u0022},\u0022violence\u0022:{\u0022filtered\u0022:false,\u0022severity\u0022:\u0022safe\u0022}}}]}\n\n",
        "data: {\u0022id\u0022:\u0022cmpl-97qetBodhvwbGRSqRrJl7HYQk1Q5U\u0022,\u0022object\u0022:\u0022text_completion\u0022,\u0022created\u0022:1711657743,\u0022model\u0022:\u0022text-davinci-002\u0022,\u0022choices\u0022:[{\u0022text\u0022:\u0022No\u0022,\u0022index\u0022:0,\u0022finish_reason\u0022:null,\u0022logprobs\u0022:null,\u0022content_filter_results\u0022:{\u0022hate\u0022:{\u0022filtered\u0022:false,\u0022severity\u0022:\u0022safe\u0022},\u0022self_harm\u0022:{\u0022filtered\u0022:false,\u0022severity\u0022:\u0022safe\u0022},\u0022sexual\u0022:{\u0022filtered\u0022:false,\u0022severity\u0022:\u0022safe\u0022},\u0022violence\u0022:{\u0022filtered\u0022:false,\u0022severity\u0022:\u0022safe\u0022}}}]}\n\n",
        "data: {\u0022id\u0022:\u0022cmpl-97qetBodhvwbGRSqRrJl7HYQk1Q5U\u0022,\u0022object\u0022:\u0022text_completion\u0022,\u0022created\u0022:1711657743,\u0022model\u0022:\u0022text-davinci-002\u0022,\u0022choices\u0022:[{\u0022text\u0022:\u0022,\u0022,\u0022index\u0022:0,\u0022finish_reason\u0022:null,\u0022logprobs\u0022:null,\u0022content_filter_results\u0022:{\u0022hate\u0022:{\u0022filtered\u0022:false,\u0022severity\u0022:\u0022safe\u0022},\u0022self_harm\u0022:{\u0022filtered\u0022:false,\u0022severity\u0022:\u0022safe\u0022},\u0022sexual\u0022:{\u0022filtered\u0022:false,\u0022severity\u0022:\u0022safe\u0022},\u0022violence\u0022:{\u0022filtered\u0022:false,\u0022severity\u0022:\u0022safe\u0022}}}]}\n\n",
        "data: {\u0022id\u0022:\u0022cmpl-97qetBodhvwbGRSqRrJl7HYQk1Q5U\u0022,\u0022object\u0022:\u0022text_completion\u0022,\u0022created\u0022:1711657743,\u0022model\u0022:\u0022text-davinci-002\u0022,\u0022choices\u0022:[{\u0022text\u0022:\u0022 Azure\u0022,\u0022index\u0022:0,\u0022finish_reason\u0022:null,\u0022logprobs\u0022:null,\u0022content_filter_results\u0022:{\u0022hate\u0022:{\u0022filtered\u0022:false,\u0022severity\u0022:\u0022safe\u0022},\u0022self_harm\u0022:{\u0022filtered\u0022:false,\u0022severity\u0022:\u0022safe\u0022},\u0022sexual\u0022:{\u0022filtered\u0022:false,\u0022severity\u0022:\u0022safe\u0022},\u0022violence\u0022:{\u0022filtered\u0022:false,\u0022severity\u0022:\u0022safe\u0022}}}]}\n\n",
        "data: {\u0022id\u0022:\u0022cmpl-97qetBodhvwbGRSqRrJl7HYQk1Q5U\u0022,\u0022object\u0022:\u0022text_completion\u0022,\u0022created\u0022:1711657743,\u0022model\u0022:\u0022text-davinci-002\u0022,\u0022choices\u0022:[{\u0022text\u0022:\u0022 Open\u0022,\u0022index\u0022:0,\u0022finish_reason\u0022:null,\u0022logprobs\u0022:null,\u0022content_filter_results\u0022:{\u0022hate\u0022:{\u0022filtered\u0022:false,\u0022severity\u0022:\u0022safe\u0022},\u0022self_harm\u0022:{\u0022filtered\u0022:false,\u0022severity\u0022:\u0022safe\u0022},\u0022sexual\u0022:{\u0022filtered\u0022:false,\u0022severity\u0022:\u0022safe\u0022},\u0022violence\u0022:{\u0022filtered\u0022:false,\u0022severity\u0022:\u0022safe\u0022}}}]}\n\n",
        "data: {\u0022id\u0022:\u0022cmpl-97qetBodhvwbGRSqRrJl7HYQk1Q5U\u0022,\u0022object\u0022:\u0022text_completion\u0022,\u0022created\u0022:1711657743,\u0022model\u0022:\u0022text-davinci-002\u0022,\u0022choices\u0022:[{\u0022text\u0022:\u0022AI\u0022,\u0022index\u0022:0,\u0022finish_reason\u0022:null,\u0022logprobs\u0022:null,\u0022content_filter_results\u0022:{\u0022hate\u0022:{\u0022filtered\u0022:false,\u0022severity\u0022:\u0022safe\u0022},\u0022self_harm\u0022:{\u0022filtered\u0022:false,\u0022severity\u0022:\u0022safe\u0022},\u0022sexual\u0022:{\u0022filtered\u0022:false,\u0022severity\u0022:\u0022safe\u0022},\u0022violence\u0022:{\u0022filtered\u0022:false,\u0022severity\u0022:\u0022safe\u0022}}}]}\n\n",
        "data: {\u0022id\u0022:\u0022cmpl-97qetBodhvwbGRSqRrJl7HYQk1Q5U\u0022,\u0022object\u0022:\u0022text_completion\u0022,\u0022created\u0022:1711657743,\u0022model\u0022:\u0022text-davinci-002\u0022,\u0022choices\u0022:[{\u0022text\u0022:\u0022 is\u0022,\u0022index\u0022:0,\u0022finish_reason\u0022:null,\u0022logprobs\u0022:null,\u0022content_filter_results\u0022:{\u0022hate\u0022:{\u0022filtered\u0022:false,\u0022severity\u0022:\u0022safe\u0022},\u0022self_harm\u0022:{\u0022filtered\u0022:false,\u0022severity\u0022:\u0022safe\u0022},\u0022sexual\u0022:{\u0022filtered\u0022:false,\u0022severity\u0022:\u0022safe\u0022},\u0022violence\u0022:{\u0022filtered\u0022:false,\u0022severity\u0022:\u0022safe\u0022}}}]}\n\n",
        "data: {\u0022id\u0022:\u0022cmpl-97qetBodhvwbGRSqRrJl7HYQk1Q5U\u0022,\u0022object\u0022:\u0022text_completion\u0022,\u0022created\u0022:1711657743,\u0022model\u0022:\u0022text-davinci-002\u0022,\u0022choices\u0022:[{\u0022text\u0022:\u0022 not\u0022,\u0022index\u0022:0,\u0022finish_reason\u0022:null,\u0022logprobs\u0022:null,\u0022content_filter_results\u0022:{\u0022hate\u0022:{\u0022filtered\u0022:false,\u0022severity\u0022:\u0022safe\u0022},\u0022self_harm\u0022:{\u0022filtered\u0022:false,\u0022severity\u0022:\u0022safe\u0022},\u0022sexual\u0022:{\u0022filtered\u0022:false,\u0022severity\u0022:\u0022safe\u0022},\u0022violence\u0022:{\u0022filtered\u0022:false,\u0022severity\u0022:\u0022safe\u0022}}}]}\n\n",
        "data: {\u0022id\u0022:\u0022cmpl-97qetBodhvwbGRSqRrJl7HYQk1Q5U\u0022,\u0022object\u0022:\u0022text_completion\u0022,\u0022created\u0022:1711657743,\u0022model\u0022:\u0022text-davinci-002\u0022,\u0022choices\u0022:[{\u0022text\u0022:\u0022 affiliated\u0022,\u0022index\u0022:0,\u0022finish_reason\u0022:null,\u0022logprobs\u0022:null,\u0022content_filter_results\u0022:{\u0022hate\u0022:{\u0022filtered\u0022:false,\u0022severity\u0022:\u0022safe\u0022},\u0022self_harm\u0022:{\u0022filtered\u0022:false,\u0022severity\u0022:\u0022safe\u0022},\u0022sexual\u0022:{\u0022filtered\u0022:false,\u0022severity\u0022:\u0022safe\u0022},\u0022violence\u0022:{\u0022filtered\u0022:false,\u0022severity\u0022:\u0022safe\u0022}}}]}\n\n",
        "data: {\u0022id\u0022:\u0022cmpl-97qetBodhvwbGRSqRrJl7HYQk1Q5U\u0022,\u0022object\u0022:\u0022text_completion\u0022,\u0022created\u0022:1711657743,\u0022model\u0022:\u0022text-davinci-002\u0022,\u0022choices\u0022:[{\u0022text\u0022:\u0022 with\u0022,\u0022index\u0022:0,\u0022finish_reason\u0022:null,\u0022logprobs\u0022:null,\u0022content_filter_results\u0022:{\u0022hate\u0022:{\u0022filtered\u0022:false,\u0022severity\u0022:\u0022safe\u0022},\u0022self_harm\u0022:{\u0022filtered\u0022:false,\u0022severity\u0022:\u0022safe\u0022},\u0022sexual\u0022:{\u0022filtered\u0022:false,\u0022severity\u0022:\u0022safe\u0022},\u0022violence\u0022:{\u0022filtered\u0022:false,\u0022severity\u0022:\u0022safe\u0022}}}]}\n\n",
        "data: {\u0022id\u0022:\u0022cmpl-97qetBodhvwbGRSqRrJl7HYQk1Q5U\u0022,\u0022object\u0022:\u0022text_completion\u0022,\u0022created\u0022:1711657743,\u0022model\u0022:\u0022text-davinci-002\u0022,\u0022choices\u0022:[{\u0022text\u0022:\u0022 Open\u0022,\u0022index\u0022:0,\u0022finish_reason\u0022:null,\u0022logprobs\u0022:null,\u0022content_filter_results\u0022:{\u0022hate\u0022:{\u0022filtered\u0022:false,\u0022severity\u0022:\u0022safe\u0022},\u0022self_harm\u0022:{\u0022filtered\u0022:false,\u0022severity\u0022:\u0022safe\u0022},\u0022sexual\u0022:{\u0022filtered\u0022:false,\u0022severity\u0022:\u0022safe\u0022},\u0022violence\u0022:{\u0022filtered\u0022:false,\u0022severity\u0022:\u0022safe\u0022}}}]}\n\n",
        "data: {\u0022id\u0022:\u0022cmpl-97qetBodhvwbGRSqRrJl7HYQk1Q5U\u0022,\u0022object\u0022:\u0022text_completion\u0022,\u0022created\u0022:1711657743,\u0022model\u0022:\u0022text-davinci-002\u0022,\u0022choices\u0022:[{\u0022text\u0022:\u0022AI\u0022,\u0022index\u0022:0,\u0022finish_reason\u0022:null,\u0022logprobs\u0022:null,\u0022content_filter_results\u0022:{\u0022hate\u0022:{\u0022filtered\u0022:false,\u0022severity\u0022:\u0022safe\u0022},\u0022self_harm\u0022:{\u0022filtered\u0022:false,\u0022severity\u0022:\u0022safe\u0022},\u0022sexual\u0022:{\u0022filtered\u0022:false,\u0022severity\u0022:\u0022safe\u0022},\u0022violence\u0022:{\u0022filtered\u0022:false,\u0022severity\u0022:\u0022safe\u0022}}}]}\n\n",
        "data: {\u0022id\u0022:\u0022cmpl-97qetBodhvwbGRSqRrJl7HYQk1Q5U\u0022,\u0022object\u0022:\u0022text_completion\u0022,\u0022created\u0022:1711657743,\u0022model\u0022:\u0022text-davinci-002\u0022,\u0022choices\u0022:[{\u0022text\u0022:\u0022.\u0022,\u0022index\u0022:0,\u0022finish_reason\u0022:null,\u0022logprobs\u0022:null,\u0022content_filter_results\u0022:{\u0022hate\u0022:{\u0022filtered\u0022:false,\u0022severity\u0022:\u0022safe\u0022},\u0022self_harm\u0022:{\u0022filtered\u0022:false,\u0022severity\u0022:\u0022safe\u0022},\u0022sexual\u0022:{\u0022filtered\u0022:false,\u0022severity\u0022:\u0022safe\u0022},\u0022violence\u0022:{\u0022filtered\u0022:false,\u0022severity\u0022:\u0022safe\u0022}}}]}\n\n",
        "data: {\u0022id\u0022:\u0022cmpl-97qetBodhvwbGRSqRrJl7HYQk1Q5U\u0022,\u0022object\u0022:\u0022text_completion\u0022,\u0022created\u0022:1711657743,\u0022model\u0022:\u0022text-davinci-002\u0022,\u0022choices\u0022:[{\u0022text\u0022:\u0022\u0022,\u0022index\u0022:0,\u0022finish_reason\u0022:\u0022stop\u0022,\u0022logprobs\u0022:null,\u0022content_filter_results\u0022:{}}]}\n\n",
        "data: [DONE]\n\n"
      ]
    },
    {
      "RequestUri": "https://endpoint/openai/deployments/gpt-35-turbo/completions?api-version=2024-03-01-preview",
      "RequestMethod": "POST",
      "RequestHeaders": {
        "Accept": "application/json",
        "Accept-Encoding": "gzip, deflate, br",
        "Authorization": "Sanitized",
        "Connection": "keep-alive",
        "Content-Length": "50",
        "Content-Type": "application/json; charset=UTF-8",
        "Referer": "http://localhost:9876/",
        "sec-ch-ua": "\u0022HeadlessChrome\u0022;v=\u0022123\u0022, \u0022Not:A-Brand\u0022;v=\u00228\u0022, \u0022Chromium\u0022;v=\u0022123\u0022",
        "sec-ch-ua-mobile": "?0",
        "sec-ch-ua-platform": "\u0022Linux\u0022",
        "Sec-Fetch-Dest": "empty",
        "Sec-Fetch-Mode": "cors",
        "Sec-Fetch-Site": "same-site",
        "User-Agent": "Mozilla/5.0 (X11; Linux x86_64) AppleWebKit/537.36 (KHTML, like Gecko) HeadlessChrome/123.0.6312.58 Safari/537.36",
        "x-ms-client-request-id": "01a5d52d-2964-4238-ba85-8ddb04b6d16b",
        "x-ms-useragent": "azsdk-js-openai-rest/1.0.0-beta.11 core-rest-pipeline/1.15.2 OS/Linux"
      },
      "RequestBody": {
        "prompt": [
          "This is Azure OpenAI?"
        ],
        "stream": true
      },
      "StatusCode": 400,
      "ResponseHeaders": {
        "apim-request-id": "9b04f7e5-f56d-481c-a6be-c8ea4980039c",
        "Content-Length": "303",
        "Content-Type": "application/json",
        "Date": "Thu, 28 Mar 2024 20:29:03 GMT",
        "Strict-Transport-Security": "max-age=31536000; includeSubDomains; preload",
        "X-Content-Type-Options": "nosniff",
        "x-ms-client-request-id": "01a5d52d-2964-4238-ba85-8ddb04b6d16b",
        "x-ms-region": "East US",
        "x-ratelimit-remaining-requests": "45",
        "x-ratelimit-remaining-tokens": "45968"
      },
      "ResponseBody": {
        "error": {
          "code": "OperationNotSupported",
          "message": "The completion operation does not work with the specified model, gpt-35-turbo. Please choose different model and try again. You can learn more about which models can be used with each operation here: https://go.microsoft.com/fwlink/?linkid=2197993."
        }
      }
    },
    {
      "RequestUri": "https://endpoint/openai/deployments/text-similarity-curie-001/completions?api-version=2024-03-01-preview",
      "RequestMethod": "POST",
      "RequestHeaders": {
        "Accept": "application/json",
        "Accept-Encoding": "gzip, deflate, br",
        "Authorization": "Sanitized",
        "Connection": "keep-alive",
        "Content-Length": "50",
        "Content-Type": "application/json; charset=UTF-8",
        "Referer": "http://localhost:9876/",
        "sec-ch-ua": "\u0022HeadlessChrome\u0022;v=\u0022123\u0022, \u0022Not:A-Brand\u0022;v=\u00228\u0022, \u0022Chromium\u0022;v=\u0022123\u0022",
        "sec-ch-ua-mobile": "?0",
        "sec-ch-ua-platform": "\u0022Linux\u0022",
        "Sec-Fetch-Dest": "empty",
        "Sec-Fetch-Mode": "cors",
        "Sec-Fetch-Site": "same-site",
        "User-Agent": "Mozilla/5.0 (X11; Linux x86_64) AppleWebKit/537.36 (KHTML, like Gecko) HeadlessChrome/123.0.6312.58 Safari/537.36",
        "x-ms-client-request-id": "fe9f2ec5-19b7-4519-8a1a-a9c41d54e051",
        "x-ms-useragent": "azsdk-js-openai-rest/1.0.0-beta.11 core-rest-pipeline/1.15.2 OS/Linux"
      },
      "RequestBody": {
        "prompt": [
          "This is Azure OpenAI?"
        ],
        "stream": true
      },
      "StatusCode": 400,
      "ResponseHeaders": {
        "apim-request-id": "e1966164-b5f8-4f20-87c3-ea851add980b",
        "Content-Length": "316",
        "Content-Type": "application/json",
        "Date": "Thu, 28 Mar 2024 20:29:03 GMT",
        "Strict-Transport-Security": "max-age=31536000; includeSubDomains; preload",
        "X-Content-Type-Options": "nosniff",
        "x-ms-client-request-id": "fe9f2ec5-19b7-4519-8a1a-a9c41d54e051",
        "x-ms-region": "East US",
        "x-ratelimit-remaining-requests": "119",
        "x-ratelimit-remaining-tokens": "119968"
      },
      "ResponseBody": {
        "error": {
          "code": "OperationNotSupported",
          "message": "The completion operation does not work with the specified model, text-similarity-curie-001. Please choose different model and try again. You can learn more about which models can be used with each operation here: https://go.microsoft.com/fwlink/?linkid=2197993."
        }
      }
    },
    {
      "RequestUri": "https://endpoint/openai/deployments/text-davinci-003/completions?api-version=2024-03-01-preview",
      "RequestMethod": "POST",
      "RequestHeaders": {
        "Accept": "application/json",
        "Accept-Encoding": "gzip, deflate, br",
        "Authorization": "Sanitized",
        "Connection": "keep-alive",
        "Content-Length": "50",
        "Content-Type": "application/json; charset=UTF-8",
        "Referer": "http://localhost:9876/",
        "sec-ch-ua": "\u0022HeadlessChrome\u0022;v=\u0022123\u0022, \u0022Not:A-Brand\u0022;v=\u00228\u0022, \u0022Chromium\u0022;v=\u0022123\u0022",
        "sec-ch-ua-mobile": "?0",
        "sec-ch-ua-platform": "\u0022Linux\u0022",
        "Sec-Fetch-Dest": "empty",
        "Sec-Fetch-Mode": "cors",
        "Sec-Fetch-Site": "same-site",
        "User-Agent": "Mozilla/5.0 (X11; Linux x86_64) AppleWebKit/537.36 (KHTML, like Gecko) HeadlessChrome/123.0.6312.58 Safari/537.36",
        "x-ms-client-request-id": "98dd14e2-b234-4cc4-89de-ca083458a2c7",
        "x-ms-useragent": "azsdk-js-openai-rest/1.0.0-beta.11 core-rest-pipeline/1.15.2 OS/Linux"
      },
      "RequestBody": {
        "prompt": [
          "This is Azure OpenAI?"
        ],
        "stream": true
      },
      "StatusCode": 200,
      "ResponseHeaders": {
        "Access-Control-Allow-Origin": "*",
        "apim-request-id": "bc769cb7-bfaa-4c1d-9d74-e6d228ab0c33",
        "azureml-model-session": "wafcfbbded49",
        "Cache-Control": "must-revalidate, no-cache",
        "Content-Type": "text/event-stream",
        "Date": "Thu, 28 Mar 2024 20:29:03 GMT",
        "Strict-Transport-Security": "max-age=31536000; includeSubDomains; preload",
        "Transfer-Encoding": "chunked",
        "x-accel-buffering": "no",
        "X-Content-Type-Options": "nosniff",
        "x-ms-client-request-id": "98dd14e2-b234-4cc4-89de-ca083458a2c7",
        "x-ms-rai-invoked": "true",
        "x-ms-region": "East US",
        "x-ratelimit-remaining-requests": "59",
        "x-ratelimit-remaining-tokens": "59968",
        "X-Request-ID": "0bbbfbd7-b342-4b98-9b17-34605a14cc40"
      },
      "ResponseBody": [
        "data: {\u0022id\u0022:\u0022\u0022,\u0022object\u0022:\u0022\u0022,\u0022created\u0022:0,\u0022model\u0022:\u0022\u0022,\u0022prompt_filter_results\u0022:[{\u0022prompt_index\u0022:0,\u0022content_filter_results\u0022:{\u0022hate\u0022:{\u0022filtered\u0022:false,\u0022severity\u0022:\u0022safe\u0022},\u0022self_harm\u0022:{\u0022filtered\u0022:false,\u0022severity\u0022:\u0022safe\u0022},\u0022sexual\u0022:{\u0022filtered\u0022:false,\u0022severity\u0022:\u0022safe\u0022},\u0022violence\u0022:{\u0022filtered\u0022:false,\u0022severity\u0022:\u0022safe\u0022}}}],\u0022choices\u0022:[]}\n\n",
        "data: {\u0022id\u0022:\u0022cmpl-97qeub4tEtTZfrKVYXyrmVEdDZBLT\u0022,\u0022object\u0022:\u0022text_completion\u0022,\u0022created\u0022:1711657744,\u0022model\u0022:\u0022text-davinci-003\u0022,\u0022choices\u0022:[{\u0022text\u0022:\u0022\\n\u0022,\u0022index\u0022:0,\u0022finish_reason\u0022:null,\u0022logprobs\u0022:null,\u0022content_filter_results\u0022:{\u0022hate\u0022:{\u0022filtered\u0022:false,\u0022severity\u0022:\u0022safe\u0022},\u0022self_harm\u0022:{\u0022filtered\u0022:false,\u0022severity\u0022:\u0022safe\u0022},\u0022sexual\u0022:{\u0022filtered\u0022:false,\u0022severity\u0022:\u0022safe\u0022},\u0022violence\u0022:{\u0022filtered\u0022:false,\u0022severity\u0022:\u0022safe\u0022}}}]}\n\n",
        "data: {\u0022id\u0022:\u0022cmpl-97qeub4tEtTZfrKVYXyrmVEdDZBLT\u0022,\u0022object\u0022:\u0022text_completion\u0022,\u0022created\u0022:1711657744,\u0022model\u0022:\u0022text-davinci-003\u0022,\u0022choices\u0022:[{\u0022text\u0022:\u0022\\n\u0022,\u0022index\u0022:0,\u0022finish_reason\u0022:null,\u0022logprobs\u0022:null,\u0022content_filter_results\u0022:{\u0022hate\u0022:{\u0022filtered\u0022:false,\u0022severity\u0022:\u0022safe\u0022},\u0022self_harm\u0022:{\u0022filtered\u0022:false,\u0022severity\u0022:\u0022safe\u0022},\u0022sexual\u0022:{\u0022filtered\u0022:false,\u0022severity\u0022:\u0022safe\u0022},\u0022violence\u0022:{\u0022filtered\u0022:false,\u0022severity\u0022:\u0022safe\u0022}}}]}\n\n",
        "data: {\u0022id\u0022:\u0022cmpl-97qeub4tEtTZfrKVYXyrmVEdDZBLT\u0022,\u0022object\u0022:\u0022text_completion\u0022,\u0022created\u0022:1711657744,\u0022model\u0022:\u0022text-davinci-003\u0022,\u0022choices\u0022:[{\u0022text\u0022:\u0022Az\u0022,\u0022index\u0022:0,\u0022finish_reason\u0022:null,\u0022logprobs\u0022:null,\u0022content_filter_results\u0022:{\u0022hate\u0022:{\u0022filtered\u0022:false,\u0022severity\u0022:\u0022safe\u0022},\u0022self_harm\u0022:{\u0022filtered\u0022:false,\u0022severity\u0022:\u0022safe\u0022},\u0022sexual\u0022:{\u0022filtered\u0022:false,\u0022severity\u0022:\u0022safe\u0022},\u0022violence\u0022:{\u0022filtered\u0022:false,\u0022severity\u0022:\u0022safe\u0022}}}]}\n\n",
        "data: {\u0022id\u0022:\u0022cmpl-97qeub4tEtTZfrKVYXyrmVEdDZBLT\u0022,\u0022object\u0022:\u0022text_completion\u0022,\u0022created\u0022:1711657744,\u0022model\u0022:\u0022text-davinci-003\u0022,\u0022choices\u0022:[{\u0022text\u0022:\u0022ure\u0022,\u0022index\u0022:0,\u0022finish_reason\u0022:null,\u0022logprobs\u0022:null,\u0022content_filter_results\u0022:{\u0022hate\u0022:{\u0022filtered\u0022:false,\u0022severity\u0022:\u0022safe\u0022},\u0022self_harm\u0022:{\u0022filtered\u0022:false,\u0022severity\u0022:\u0022safe\u0022},\u0022sexual\u0022:{\u0022filtered\u0022:false,\u0022severity\u0022:\u0022safe\u0022},\u0022violence\u0022:{\u0022filtered\u0022:false,\u0022severity\u0022:\u0022safe\u0022}}}]}\n\n",
        "data: {\u0022id\u0022:\u0022cmpl-97qeub4tEtTZfrKVYXyrmVEdDZBLT\u0022,\u0022object\u0022:\u0022text_completion\u0022,\u0022created\u0022:1711657744,\u0022model\u0022:\u0022text-davinci-003\u0022,\u0022choices\u0022:[{\u0022text\u0022:\u0022 Open\u0022,\u0022index\u0022:0,\u0022finish_reason\u0022:null,\u0022logprobs\u0022:null,\u0022content_filter_results\u0022:{\u0022hate\u0022:{\u0022filtered\u0022:false,\u0022severity\u0022:\u0022safe\u0022},\u0022self_harm\u0022:{\u0022filtered\u0022:false,\u0022severity\u0022:\u0022safe\u0022},\u0022sexual\u0022:{\u0022filtered\u0022:false,\u0022severity\u0022:\u0022safe\u0022},\u0022violence\u0022:{\u0022filtered\u0022:false,\u0022severity\u0022:\u0022safe\u0022}}}]}\n\n",
        "data: {\u0022id\u0022:\u0022cmpl-97qeub4tEtTZfrKVYXyrmVEdDZBLT\u0022,\u0022object\u0022:\u0022text_completion\u0022,\u0022created\u0022:1711657744,\u0022model\u0022:\u0022text-davinci-003\u0022,\u0022choices\u0022:[{\u0022text\u0022:\u0022AI\u0022,\u0022index\u0022:0,\u0022finish_reason\u0022:null,\u0022logprobs\u0022:null,\u0022content_filter_results\u0022:{\u0022hate\u0022:{\u0022filtered\u0022:false,\u0022severity\u0022:\u0022safe\u0022},\u0022self_harm\u0022:{\u0022filtered\u0022:false,\u0022severity\u0022:\u0022safe\u0022},\u0022sexual\u0022:{\u0022filtered\u0022:false,\u0022severity\u0022:\u0022safe\u0022},\u0022violence\u0022:{\u0022filtered\u0022:false,\u0022severity\u0022:\u0022safe\u0022}}}]}\n\n",
        "data: {\u0022id\u0022:\u0022cmpl-97qeub4tEtTZfrKVYXyrmVEdDZBLT\u0022,\u0022object\u0022:\u0022text_completion\u0022,\u0022created\u0022:1711657744,\u0022model\u0022:\u0022text-davinci-003\u0022,\u0022choices\u0022:[{\u0022text\u0022:\u0022 is\u0022,\u0022index\u0022:0,\u0022finish_reason\u0022:null,\u0022logprobs\u0022:null,\u0022content_filter_results\u0022:{\u0022hate\u0022:{\u0022filtered\u0022:false,\u0022severity\u0022:\u0022safe\u0022},\u0022self_harm\u0022:{\u0022filtered\u0022:false,\u0022severity\u0022:\u0022safe\u0022},\u0022sexual\u0022:{\u0022filtered\u0022:false,\u0022severity\u0022:\u0022safe\u0022},\u0022violence\u0022:{\u0022filtered\u0022:false,\u0022severity\u0022:\u0022safe\u0022}}}]}\n\n",
        "data: {\u0022id\u0022:\u0022cmpl-97qeub4tEtTZfrKVYXyrmVEdDZBLT\u0022,\u0022object\u0022:\u0022text_completion\u0022,\u0022created\u0022:1711657744,\u0022model\u0022:\u0022text-davinci-003\u0022,\u0022choices\u0022:[{\u0022text\u0022:\u0022 an\u0022,\u0022index\u0022:0,\u0022finish_reason\u0022:null,\u0022logprobs\u0022:null,\u0022content_filter_results\u0022:{\u0022hate\u0022:{\u0022filtered\u0022:false,\u0022severity\u0022:\u0022safe\u0022},\u0022self_harm\u0022:{\u0022filtered\u0022:false,\u0022severity\u0022:\u0022safe\u0022},\u0022sexual\u0022:{\u0022filtered\u0022:false,\u0022severity\u0022:\u0022safe\u0022},\u0022violence\u0022:{\u0022filtered\u0022:false,\u0022severity\u0022:\u0022safe\u0022}}}]}\n\n",
        "data: {\u0022id\u0022:\u0022cmpl-97qeub4tEtTZfrKVYXyrmVEdDZBLT\u0022,\u0022object\u0022:\u0022text_completion\u0022,\u0022created\u0022:1711657744,\u0022model\u0022:\u0022text-davinci-003\u0022,\u0022choices\u0022:[{\u0022text\u0022:\u0022 offering\u0022,\u0022index\u0022:0,\u0022finish_reason\u0022:null,\u0022logprobs\u0022:null,\u0022content_filter_results\u0022:{\u0022hate\u0022:{\u0022filtered\u0022:false,\u0022severity\u0022:\u0022safe\u0022},\u0022self_harm\u0022:{\u0022filtered\u0022:false,\u0022severity\u0022:\u0022safe\u0022},\u0022sexual\u0022:{\u0022filtered\u0022:false,\u0022severity\u0022:\u0022safe\u0022},\u0022violence\u0022:{\u0022filtered\u0022:false,\u0022severity\u0022:\u0022safe\u0022}}}]}\n\n",
        "data: {\u0022id\u0022:\u0022cmpl-97qeub4tEtTZfrKVYXyrmVEdDZBLT\u0022,\u0022object\u0022:\u0022text_completion\u0022,\u0022created\u0022:1711657744,\u0022model\u0022:\u0022text-davinci-003\u0022,\u0022choices\u0022:[{\u0022text\u0022:\u0022 by\u0022,\u0022index\u0022:0,\u0022finish_reason\u0022:null,\u0022logprobs\u0022:null,\u0022content_filter_results\u0022:{\u0022hate\u0022:{\u0022filtered\u0022:false,\u0022severity\u0022:\u0022safe\u0022},\u0022self_harm\u0022:{\u0022filtered\u0022:false,\u0022severity\u0022:\u0022safe\u0022},\u0022sexual\u0022:{\u0022filtered\u0022:false,\u0022severity\u0022:\u0022safe\u0022},\u0022violence\u0022:{\u0022filtered\u0022:false,\u0022severity\u0022:\u0022safe\u0022}}}]}\n\n",
        "data: {\u0022id\u0022:\u0022cmpl-97qeub4tEtTZfrKVYXyrmVEdDZBLT\u0022,\u0022object\u0022:\u0022text_completion\u0022,\u0022created\u0022:1711657744,\u0022model\u0022:\u0022text-davinci-003\u0022,\u0022choices\u0022:[{\u0022text\u0022:\u0022 Microsoft\u0022,\u0022index\u0022:0,\u0022finish_reason\u0022:null,\u0022logprobs\u0022:null,\u0022content_filter_results\u0022:{\u0022hate\u0022:{\u0022filtered\u0022:false,\u0022severity\u0022:\u0022safe\u0022},\u0022self_harm\u0022:{\u0022filtered\u0022:false,\u0022severity\u0022:\u0022safe\u0022},\u0022sexual\u0022:{\u0022filtered\u0022:false,\u0022severity\u0022:\u0022safe\u0022},\u0022violence\u0022:{\u0022filtered\u0022:false,\u0022severity\u0022:\u0022safe\u0022}}}]}\n\n",
        "data: {\u0022id\u0022:\u0022cmpl-97qeub4tEtTZfrKVYXyrmVEdDZBLT\u0022,\u0022object\u0022:\u0022text_completion\u0022,\u0022created\u0022:1711657744,\u0022model\u0022:\u0022text-davinci-003\u0022,\u0022choices\u0022:[{\u0022text\u0022:\u0022 Azure\u0022,\u0022index\u0022:0,\u0022finish_reason\u0022:null,\u0022logprobs\u0022:null,\u0022content_filter_results\u0022:{\u0022hate\u0022:{\u0022filtered\u0022:false,\u0022severity\u0022:\u0022safe\u0022},\u0022self_harm\u0022:{\u0022filtered\u0022:false,\u0022severity\u0022:\u0022safe\u0022},\u0022sexual\u0022:{\u0022filtered\u0022:false,\u0022severity\u0022:\u0022safe\u0022},\u0022violence\u0022:{\u0022filtered\u0022:false,\u0022severity\u0022:\u0022safe\u0022}}}]}\n\n",
        "data: {\u0022id\u0022:\u0022cmpl-97qeub4tEtTZfrKVYXyrmVEdDZBLT\u0022,\u0022object\u0022:\u0022text_completion\u0022,\u0022created\u0022:1711657744,\u0022model\u0022:\u0022text-davinci-003\u0022,\u0022choices\u0022:[{\u0022text\u0022:\u0022 that\u0022,\u0022index\u0022:0,\u0022finish_reason\u0022:null,\u0022logprobs\u0022:null,\u0022content_filter_results\u0022:{\u0022hate\u0022:{\u0022filtered\u0022:false,\u0022severity\u0022:\u0022safe\u0022},\u0022self_harm\u0022:{\u0022filtered\u0022:false,\u0022severity\u0022:\u0022safe\u0022},\u0022sexual\u0022:{\u0022filtered\u0022:false,\u0022severity\u0022:\u0022safe\u0022},\u0022violence\u0022:{\u0022filtered\u0022:false,\u0022severity\u0022:\u0022safe\u0022}}}]}\n\n",
        "data: {\u0022id\u0022:\u0022cmpl-97qeub4tEtTZfrKVYXyrmVEdDZBLT\u0022,\u0022object\u0022:\u0022text_completion\u0022,\u0022created\u0022:1711657744,\u0022model\u0022:\u0022text-davinci-003\u0022,\u0022choices\u0022:[{\u0022text\u0022:\u0022 allows\u0022,\u0022index\u0022:0,\u0022finish_reason\u0022:null,\u0022logprobs\u0022:null,\u0022content_filter_results\u0022:{\u0022hate\u0022:{\u0022filtered\u0022:false,\u0022severity\u0022:\u0022safe\u0022},\u0022self_harm\u0022:{\u0022filtered\u0022:false,\u0022severity\u0022:\u0022safe\u0022},\u0022sexual\u0022:{\u0022filtered\u0022:false,\u0022severity\u0022:\u0022safe\u0022},\u0022violence\u0022:{\u0022filtered\u0022:false,\u0022severity\u0022:\u0022safe\u0022}}}]}\n\n",
        "data: {\u0022id\u0022:\u0022cmpl-97qeub4tEtTZfrKVYXyrmVEdDZBLT\u0022,\u0022object\u0022:\u0022text_completion\u0022,\u0022created\u0022:1711657744,\u0022model\u0022:\u0022text-davinci-003\u0022,\u0022choices\u0022:[{\u0022text\u0022:\u0022 companies\u0022,\u0022index\u0022:0,\u0022finish_reason\u0022:null,\u0022logprobs\u0022:null,\u0022content_filter_results\u0022:{\u0022hate\u0022:{\u0022filtered\u0022:false,\u0022severity\u0022:\u0022safe\u0022},\u0022self_harm\u0022:{\u0022filtered\u0022:false,\u0022severity\u0022:\u0022safe\u0022},\u0022sexual\u0022:{\u0022filtered\u0022:false,\u0022severity\u0022:\u0022safe\u0022},\u0022violence\u0022:{\u0022filtered\u0022:false,\u0022severity\u0022:\u0022safe\u0022}}}]}\n\n",
        "data: {\u0022id\u0022:\u0022cmpl-97qeub4tEtTZfrKVYXyrmVEdDZBLT\u0022,\u0022object\u0022:\u0022text_completion\u0022,\u0022created\u0022:1711657744,\u0022model\u0022:\u0022text-davinci-003\u0022,\u0022choices\u0022:[{\u0022text\u0022:\u0022,\u0022,\u0022index\u0022:0,\u0022finish_reason\u0022:\u0022length\u0022,\u0022logprobs\u0022:null,\u0022content_filter_results\u0022:{\u0022hate\u0022:{\u0022filtered\u0022:false,\u0022severity\u0022:\u0022safe\u0022},\u0022self_harm\u0022:{\u0022filtered\u0022:false,\u0022severity\u0022:\u0022safe\u0022},\u0022sexual\u0022:{\u0022filtered\u0022:false,\u0022severity\u0022:\u0022safe\u0022},\u0022violence\u0022:{\u0022filtered\u0022:false,\u0022severity\u0022:\u0022safe\u0022}}}]}\n\n",
        "data: [DONE]\n\n"
      ]
    },
    {
      "RequestUri": "https://endpoint/openai/deployments/gpt-4/completions?api-version=2024-03-01-preview",
      "RequestMethod": "POST",
      "RequestHeaders": {
        "Accept": "application/json",
        "Accept-Encoding": "gzip, deflate, br",
        "Authorization": "Sanitized",
        "Connection": "keep-alive",
        "Content-Length": "50",
        "Content-Type": "application/json; charset=UTF-8",
        "Referer": "http://localhost:9876/",
        "sec-ch-ua": "\u0022HeadlessChrome\u0022;v=\u0022123\u0022, \u0022Not:A-Brand\u0022;v=\u00228\u0022, \u0022Chromium\u0022;v=\u0022123\u0022",
        "sec-ch-ua-mobile": "?0",
        "sec-ch-ua-platform": "\u0022Linux\u0022",
        "Sec-Fetch-Dest": "empty",
        "Sec-Fetch-Mode": "cors",
        "Sec-Fetch-Site": "same-site",
        "User-Agent": "Mozilla/5.0 (X11; Linux x86_64) AppleWebKit/537.36 (KHTML, like Gecko) HeadlessChrome/123.0.6312.58 Safari/537.36",
        "x-ms-client-request-id": "db206f8b-950c-42cd-95d9-51dc7c19c345",
        "x-ms-useragent": "azsdk-js-openai-rest/1.0.0-beta.11 core-rest-pipeline/1.15.2 OS/Linux"
      },
      "RequestBody": {
        "prompt": [
          "This is Azure OpenAI?"
        ],
        "stream": true
      },
      "StatusCode": 400,
      "ResponseHeaders": {
        "apim-request-id": "ff9beba2-c18e-48de-be5a-775959b704f1",
        "Content-Length": "296",
        "Content-Type": "application/json",
        "Date": "Thu, 28 Mar 2024 20:29:04 GMT",
        "Strict-Transport-Security": "max-age=31536000; includeSubDomains; preload",
        "X-Content-Type-Options": "nosniff",
        "x-ms-client-request-id": "db206f8b-950c-42cd-95d9-51dc7c19c345",
        "x-ms-region": "East US",
        "x-ratelimit-remaining-requests": "4",
        "x-ratelimit-remaining-tokens": "4968"
      },
      "ResponseBody": {
        "error": {
          "code": "OperationNotSupported",
          "message": "The completion operation does not work with the specified model, gpt-4. Please choose different model and try again. You can learn more about which models can be used with each operation here: https://go.microsoft.com/fwlink/?linkid=2197993."
        }
      }
    },
    {
      "RequestUri": "https://endpoint/openai/deployments/gpt-4-32k/completions?api-version=2024-03-01-preview",
      "RequestMethod": "POST",
      "RequestHeaders": {
        "Accept": "application/json",
        "Accept-Encoding": "gzip, deflate, br",
        "Authorization": "Sanitized",
        "Connection": "keep-alive",
        "Content-Length": "50",
        "Content-Type": "application/json; charset=UTF-8",
        "Referer": "http://localhost:9876/",
        "sec-ch-ua": "\u0022HeadlessChrome\u0022;v=\u0022123\u0022, \u0022Not:A-Brand\u0022;v=\u00228\u0022, \u0022Chromium\u0022;v=\u0022123\u0022",
        "sec-ch-ua-mobile": "?0",
        "sec-ch-ua-platform": "\u0022Linux\u0022",
        "Sec-Fetch-Dest": "empty",
        "Sec-Fetch-Mode": "cors",
        "Sec-Fetch-Site": "same-site",
        "User-Agent": "Mozilla/5.0 (X11; Linux x86_64) AppleWebKit/537.36 (KHTML, like Gecko) HeadlessChrome/123.0.6312.58 Safari/537.36",
        "x-ms-client-request-id": "81261042-1957-438f-805d-9a51bcc71eb6",
        "x-ms-useragent": "azsdk-js-openai-rest/1.0.0-beta.11 core-rest-pipeline/1.15.2 OS/Linux"
      },
      "RequestBody": {
        "prompt": [
          "This is Azure OpenAI?"
        ],
        "stream": true
      },
      "StatusCode": 400,
      "ResponseHeaders": {
        "apim-request-id": "518f5ada-11f2-448d-bf91-3b16d5cf1773",
        "Content-Length": "300",
        "Content-Type": "application/json",
        "Date": "Thu, 28 Mar 2024 20:29:04 GMT",
        "Strict-Transport-Security": "max-age=31536000; includeSubDomains; preload",
        "X-Content-Type-Options": "nosniff",
        "x-ms-client-request-id": "81261042-1957-438f-805d-9a51bcc71eb6",
        "x-ms-region": "East US",
        "x-ratelimit-remaining-requests": "29",
        "x-ratelimit-remaining-tokens": "29968"
      },
      "ResponseBody": {
        "error": {
          "code": "OperationNotSupported",
          "message": "The completion operation does not work with the specified model, gpt-4-32k. Please choose different model and try again. You can learn more about which models can be used with each operation here: https://go.microsoft.com/fwlink/?linkid=2197993."
        }
      }
    },
    {
      "RequestUri": "https://endpoint/openai/deployments/text-embedding-ada-002/completions?api-version=2024-03-01-preview",
      "RequestMethod": "POST",
      "RequestHeaders": {
        "Accept": "application/json",
        "Accept-Encoding": "gzip, deflate, br",
        "Authorization": "Sanitized",
        "Connection": "keep-alive",
        "Content-Length": "50",
        "Content-Type": "application/json; charset=UTF-8",
        "Referer": "http://localhost:9876/",
        "sec-ch-ua": "\u0022HeadlessChrome\u0022;v=\u0022123\u0022, \u0022Not:A-Brand\u0022;v=\u00228\u0022, \u0022Chromium\u0022;v=\u0022123\u0022",
        "sec-ch-ua-mobile": "?0",
        "sec-ch-ua-platform": "\u0022Linux\u0022",
        "Sec-Fetch-Dest": "empty",
        "Sec-Fetch-Mode": "cors",
        "Sec-Fetch-Site": "same-site",
        "User-Agent": "Mozilla/5.0 (X11; Linux x86_64) AppleWebKit/537.36 (KHTML, like Gecko) HeadlessChrome/123.0.6312.58 Safari/537.36",
        "x-ms-client-request-id": "fc8408be-7ce1-41a9-b24d-adf72074476c",
        "x-ms-useragent": "azsdk-js-openai-rest/1.0.0-beta.11 core-rest-pipeline/1.15.2 OS/Linux"
      },
      "RequestBody": {
        "prompt": [
          "This is Azure OpenAI?"
        ],
        "stream": true
      },
      "StatusCode": 400,
      "ResponseHeaders": {
        "apim-request-id": "ce02bc82-e9bf-45d1-a45c-95b520cae04b",
        "Content-Length": "313",
        "Content-Type": "application/json",
        "Date": "Thu, 28 Mar 2024 20:29:04 GMT",
        "Strict-Transport-Security": "max-age=31536000; includeSubDomains; preload",
        "X-Content-Type-Options": "nosniff",
        "x-ms-client-request-id": "fc8408be-7ce1-41a9-b24d-adf72074476c",
        "x-ms-region": "East US",
        "x-ratelimit-remaining-requests": "99",
        "x-ratelimit-remaining-tokens": "99968"
      },
      "ResponseBody": {
        "error": {
          "code": "OperationNotSupported",
          "message": "The completion operation does not work with the specified model, text-embedding-ada-002. Please choose different model and try again. You can learn more about which models can be used with each operation here: https://go.microsoft.com/fwlink/?linkid=2197993."
        }
      }
    },
    {
      "RequestUri": "https://endpoint/openai/deployments/gpt-35-turbo-0613/completions?api-version=2024-03-01-preview",
      "RequestMethod": "POST",
      "RequestHeaders": {
        "Accept": "application/json",
        "Accept-Encoding": "gzip, deflate, br",
        "Authorization": "Sanitized",
        "Connection": "keep-alive",
        "Content-Length": "50",
        "Content-Type": "application/json; charset=UTF-8",
        "Referer": "http://localhost:9876/",
        "sec-ch-ua": "\u0022HeadlessChrome\u0022;v=\u0022123\u0022, \u0022Not:A-Brand\u0022;v=\u00228\u0022, \u0022Chromium\u0022;v=\u0022123\u0022",
        "sec-ch-ua-mobile": "?0",
        "sec-ch-ua-platform": "\u0022Linux\u0022",
        "Sec-Fetch-Dest": "empty",
        "Sec-Fetch-Mode": "cors",
        "Sec-Fetch-Site": "same-site",
        "User-Agent": "Mozilla/5.0 (X11; Linux x86_64) AppleWebKit/537.36 (KHTML, like Gecko) HeadlessChrome/123.0.6312.58 Safari/537.36",
        "x-ms-client-request-id": "4c89988b-1703-46f7-b975-f903ee2a9da6",
        "x-ms-useragent": "azsdk-js-openai-rest/1.0.0-beta.11 core-rest-pipeline/1.15.2 OS/Linux"
      },
      "RequestBody": {
        "prompt": [
          "This is Azure OpenAI?"
        ],
        "stream": true
      },
      "StatusCode": 400,
      "ResponseHeaders": {
        "apim-request-id": "83d2d9b3-336f-487d-9f66-e0b6eda46f9c",
        "Content-Length": "303",
        "Content-Type": "application/json",
        "Date": "Thu, 28 Mar 2024 20:29:04 GMT",
        "Strict-Transport-Security": "max-age=31536000; includeSubDomains; preload",
        "X-Content-Type-Options": "nosniff",
        "x-ms-client-request-id": "4c89988b-1703-46f7-b975-f903ee2a9da6",
        "x-ms-region": "East US",
        "x-ratelimit-remaining-requests": "19",
        "x-ratelimit-remaining-tokens": "19968"
      },
      "ResponseBody": {
        "error": {
          "code": "OperationNotSupported",
          "message": "The completion operation does not work with the specified model, gpt-35-turbo. Please choose different model and try again. You can learn more about which models can be used with each operation here: https://go.microsoft.com/fwlink/?linkid=2197993."
        }
      }
    },
    {
      "RequestUri": "https://endpoint/openai/deployments/gpt-4-0613/completions?api-version=2024-03-01-preview",
      "RequestMethod": "POST",
      "RequestHeaders": {
        "Accept": "application/json",
        "Accept-Encoding": "gzip, deflate, br",
        "Authorization": "Sanitized",
        "Connection": "keep-alive",
        "Content-Length": "50",
        "Content-Type": "application/json; charset=UTF-8",
        "Referer": "http://localhost:9876/",
        "sec-ch-ua": "\u0022HeadlessChrome\u0022;v=\u0022123\u0022, \u0022Not:A-Brand\u0022;v=\u00228\u0022, \u0022Chromium\u0022;v=\u0022123\u0022",
        "sec-ch-ua-mobile": "?0",
        "sec-ch-ua-platform": "\u0022Linux\u0022",
        "Sec-Fetch-Dest": "empty",
        "Sec-Fetch-Mode": "cors",
        "Sec-Fetch-Site": "same-site",
        "User-Agent": "Mozilla/5.0 (X11; Linux x86_64) AppleWebKit/537.36 (KHTML, like Gecko) HeadlessChrome/123.0.6312.58 Safari/537.36",
        "x-ms-client-request-id": "55d16736-086c-4bf4-8212-dcaa6c3344af",
        "x-ms-useragent": "azsdk-js-openai-rest/1.0.0-beta.11 core-rest-pipeline/1.15.2 OS/Linux"
      },
      "RequestBody": {
        "prompt": [
          "This is Azure OpenAI?"
        ],
        "stream": true
      },
      "StatusCode": 200,
      "ResponseHeaders": {
        "Access-Control-Allow-Origin": "*",
        "apim-request-id": "8382c3cb-f4c0-4da9-9ee9-3ed92c3b8278",
        "azureml-model-session": "d007-20240322120619",
        "Cache-Control": "must-revalidate, no-cache",
        "Content-Type": "text/event-stream",
        "Date": "Thu, 28 Mar 2024 20:29:04 GMT",
        "Strict-Transport-Security": "max-age=31536000; includeSubDomains; preload",
        "Transfer-Encoding": "chunked",
        "x-accel-buffering": "no",
        "X-Content-Type-Options": "nosniff",
        "x-ms-client-request-id": "55d16736-086c-4bf4-8212-dcaa6c3344af",
        "x-ms-rai-invoked": "true",
        "x-ms-region": "East US",
        "x-ratelimit-remaining-requests": "9",
        "x-ratelimit-remaining-tokens": "9968",
        "X-Request-ID": "d53a59a0-8969-4fa8-9e4b-eb3ad2d16324"
      },
      "ResponseBody": [
        "data: {\u0022id\u0022:\u0022\u0022,\u0022object\u0022:\u0022\u0022,\u0022created\u0022:0,\u0022model\u0022:\u0022\u0022,\u0022prompt_filter_results\u0022:[{\u0022prompt_index\u0022:0,\u0022content_filter_results\u0022:{\u0022hate\u0022:{\u0022filtered\u0022:false,\u0022severity\u0022:\u0022safe\u0022},\u0022self_harm\u0022:{\u0022filtered\u0022:false,\u0022severity\u0022:\u0022safe\u0022},\u0022sexual\u0022:{\u0022filtered\u0022:false,\u0022severity\u0022:\u0022safe\u0022},\u0022violence\u0022:{\u0022filtered\u0022:false,\u0022severity\u0022:\u0022safe\u0022}}}],\u0022choices\u0022:[]}\n\n",
        "data: {\u0022id\u0022:\u0022cmpl-97qeuEBMJNdzOSD8x6XCdSJYReOmy\u0022,\u0022object\u0022:\u0022text_completion\u0022,\u0022created\u0022:1711657744,\u0022model\u0022:\u0022gpt-4\u0022,\u0022choices\u0022:[{\u0022text\u0022:\u0022 Could\u0022,\u0022index\u0022:0,\u0022finish_reason\u0022:null,\u0022logprobs\u0022:null,\u0022content_filter_results\u0022:{\u0022hate\u0022:{\u0022filtered\u0022:false,\u0022severity\u0022:\u0022safe\u0022},\u0022self_harm\u0022:{\u0022filtered\u0022:false,\u0022severity\u0022:\u0022safe\u0022},\u0022sexual\u0022:{\u0022filtered\u0022:false,\u0022severity\u0022:\u0022safe\u0022},\u0022violence\u0022:{\u0022filtered\u0022:false,\u0022severity\u0022:\u0022safe\u0022}}}]}\n\n",
        "data: {\u0022id\u0022:\u0022cmpl-97qeuEBMJNdzOSD8x6XCdSJYReOmy\u0022,\u0022object\u0022:\u0022text_completion\u0022,\u0022created\u0022:1711657744,\u0022model\u0022:\u0022gpt-4\u0022,\u0022choices\u0022:[{\u0022text\u0022:\u0022 you\u0022,\u0022index\u0022:0,\u0022finish_reason\u0022:null,\u0022logprobs\u0022:null,\u0022content_filter_results\u0022:{\u0022hate\u0022:{\u0022filtered\u0022:false,\u0022severity\u0022:\u0022safe\u0022},\u0022self_harm\u0022:{\u0022filtered\u0022:false,\u0022severity\u0022:\u0022safe\u0022},\u0022sexual\u0022:{\u0022filtered\u0022:false,\u0022severity\u0022:\u0022safe\u0022},\u0022violence\u0022:{\u0022filtered\u0022:false,\u0022severity\u0022:\u0022safe\u0022}}}]}\n\n",
        "data: {\u0022id\u0022:\u0022cmpl-97qeuEBMJNdzOSD8x6XCdSJYReOmy\u0022,\u0022object\u0022:\u0022text_completion\u0022,\u0022created\u0022:1711657744,\u0022model\u0022:\u0022gpt-4\u0022,\u0022choices\u0022:[{\u0022text\u0022:\u0022 show\u0022,\u0022index\u0022:0,\u0022finish_reason\u0022:null,\u0022logprobs\u0022:null,\u0022content_filter_results\u0022:{\u0022hate\u0022:{\u0022filtered\u0022:false,\u0022severity\u0022:\u0022safe\u0022},\u0022self_harm\u0022:{\u0022filtered\u0022:false,\u0022severity\u0022:\u0022safe\u0022},\u0022sexual\u0022:{\u0022filtered\u0022:false,\u0022severity\u0022:\u0022safe\u0022},\u0022violence\u0022:{\u0022filtered\u0022:false,\u0022severity\u0022:\u0022safe\u0022}}}]}\n\n",
        "data: {\u0022id\u0022:\u0022cmpl-97qeuEBMJNdzOSD8x6XCdSJYReOmy\u0022,\u0022object\u0022:\u0022text_completion\u0022,\u0022created\u0022:1711657744,\u0022model\u0022:\u0022gpt-4\u0022,\u0022choices\u0022:[{\u0022text\u0022:\u0022 us\u0022,\u0022index\u0022:0,\u0022finish_reason\u0022:null,\u0022logprobs\u0022:null,\u0022content_filter_results\u0022:{\u0022hate\u0022:{\u0022filtered\u0022:false,\u0022severity\u0022:\u0022safe\u0022},\u0022self_harm\u0022:{\u0022filtered\u0022:false,\u0022severity\u0022:\u0022safe\u0022},\u0022sexual\u0022:{\u0022filtered\u0022:false,\u0022severity\u0022:\u0022safe\u0022},\u0022violence\u0022:{\u0022filtered\u0022:false,\u0022severity\u0022:\u0022safe\u0022}}}]}\n\n",
        "data: {\u0022id\u0022:\u0022cmpl-97qeuEBMJNdzOSD8x6XCdSJYReOmy\u0022,\u0022object\u0022:\u0022text_completion\u0022,\u0022created\u0022:1711657744,\u0022model\u0022:\u0022gpt-4\u0022,\u0022choices\u0022:[{\u0022text\u0022:\u0022 some\u0022,\u0022index\u0022:0,\u0022finish_reason\u0022:null,\u0022logprobs\u0022:null,\u0022content_filter_results\u0022:{\u0022hate\u0022:{\u0022filtered\u0022:false,\u0022severity\u0022:\u0022safe\u0022},\u0022self_harm\u0022:{\u0022filtered\u0022:false,\u0022severity\u0022:\u0022safe\u0022},\u0022sexual\u0022:{\u0022filtered\u0022:false,\u0022severity\u0022:\u0022safe\u0022},\u0022violence\u0022:{\u0022filtered\u0022:false,\u0022severity\u0022:\u0022safe\u0022}}}]}\n\n",
        "data: {\u0022id\u0022:\u0022cmpl-97qeuEBMJNdzOSD8x6XCdSJYReOmy\u0022,\u0022object\u0022:\u0022text_completion\u0022,\u0022created\u0022:1711657744,\u0022model\u0022:\u0022gpt-4\u0022,\u0022choices\u0022:[{\u0022text\u0022:\u0022 things\u0022,\u0022index\u0022:0,\u0022finish_reason\u0022:null,\u0022logprobs\u0022:null,\u0022content_filter_results\u0022:{\u0022hate\u0022:{\u0022filtered\u0022:false,\u0022severity\u0022:\u0022safe\u0022},\u0022self_harm\u0022:{\u0022filtered\u0022:false,\u0022severity\u0022:\u0022safe\u0022},\u0022sexual\u0022:{\u0022filtered\u0022:false,\u0022severity\u0022:\u0022safe\u0022},\u0022violence\u0022:{\u0022filtered\u0022:false,\u0022severity\u0022:\u0022safe\u0022}}}]}\n\n",
        "data: {\u0022id\u0022:\u0022cmpl-97qeuEBMJNdzOSD8x6XCdSJYReOmy\u0022,\u0022object\u0022:\u0022text_completion\u0022,\u0022created\u0022:1711657744,\u0022model\u0022:\u0022gpt-4\u0022,\u0022choices\u0022:[{\u0022text\u0022:\u0022 from\u0022,\u0022index\u0022:0,\u0022finish_reason\u0022:null,\u0022logprobs\u0022:null,\u0022content_filter_results\u0022:{\u0022hate\u0022:{\u0022filtered\u0022:false,\u0022severity\u0022:\u0022safe\u0022},\u0022self_harm\u0022:{\u0022filtered\u0022:false,\u0022severity\u0022:\u0022safe\u0022},\u0022sexual\u0022:{\u0022filtered\u0022:false,\u0022severity\u0022:\u0022safe\u0022},\u0022violence\u0022:{\u0022filtered\u0022:false,\u0022severity\u0022:\u0022safe\u0022}}}]}\n\n",
        "data: {\u0022id\u0022:\u0022cmpl-97qeuEBMJNdzOSD8x6XCdSJYReOmy\u0022,\u0022object\u0022:\u0022text_completion\u0022,\u0022created\u0022:1711657744,\u0022model\u0022:\u0022gpt-4\u0022,\u0022choices\u0022:[{\u0022text\u0022:\u0022 here\u0022,\u0022index\u0022:0,\u0022finish_reason\u0022:null,\u0022logprobs\u0022:null,\u0022content_filter_results\u0022:{\u0022hate\u0022:{\u0022filtered\u0022:false,\u0022severity\u0022:\u0022safe\u0022},\u0022self_harm\u0022:{\u0022filtered\u0022:false,\u0022severity\u0022:\u0022safe\u0022},\u0022sexual\u0022:{\u0022filtered\u0022:false,\u0022severity\u0022:\u0022safe\u0022},\u0022violence\u0022:{\u0022filtered\u0022:false,\u0022severity\u0022:\u0022safe\u0022}}}]}\n\n",
        "data: {\u0022id\u0022:\u0022cmpl-97qeuEBMJNdzOSD8x6XCdSJYReOmy\u0022,\u0022object\u0022:\u0022text_completion\u0022,\u0022created\u0022:1711657744,\u0022model\u0022:\u0022gpt-4\u0022,\u0022choices\u0022:[{\u0022text\u0022:\u0022?\u0022,\u0022index\u0022:0,\u0022finish_reason\u0022:null,\u0022logprobs\u0022:null,\u0022content_filter_results\u0022:{\u0022hate\u0022:{\u0022filtered\u0022:false,\u0022severity\u0022:\u0022safe\u0022},\u0022self_harm\u0022:{\u0022filtered\u0022:false,\u0022severity\u0022:\u0022safe\u0022},\u0022sexual\u0022:{\u0022filtered\u0022:false,\u0022severity\u0022:\u0022safe\u0022},\u0022violence\u0022:{\u0022filtered\u0022:false,\u0022severity\u0022:\u0022safe\u0022}}}]}\n\n",
        "data: {\u0022id\u0022:\u0022cmpl-97qeuEBMJNdzOSD8x6XCdSJYReOmy\u0022,\u0022object\u0022:\u0022text_completion\u0022,\u0022created\u0022:1711657744,\u0022model\u0022:\u0022gpt-4\u0022,\u0022choices\u0022:[{\u0022text\u0022:\u0022 So\u0022,\u0022index\u0022:0,\u0022finish_reason\u0022:null,\u0022logprobs\u0022:null,\u0022content_filter_results\u0022:{\u0022hate\u0022:{\u0022filtered\u0022:false,\u0022severity\u0022:\u0022safe\u0022},\u0022self_harm\u0022:{\u0022filtered\u0022:false,\u0022severity\u0022:\u0022safe\u0022},\u0022sexual\u0022:{\u0022filtered\u0022:false,\u0022severity\u0022:\u0022safe\u0022},\u0022violence\u0022:{\u0022filtered\u0022:false,\u0022severity\u0022:\u0022safe\u0022}}}]}\n\n",
        "data: {\u0022id\u0022:\u0022cmpl-97qeuEBMJNdzOSD8x6XCdSJYReOmy\u0022,\u0022object\u0022:\u0022text_completion\u0022,\u0022created\u0022:1711657744,\u0022model\u0022:\u0022gpt-4\u0022,\u0022choices\u0022:[{\u0022text\u0022:\u0022 let\u0022,\u0022index\u0022:0,\u0022finish_reason\u0022:null,\u0022logprobs\u0022:null,\u0022content_filter_results\u0022:{\u0022hate\u0022:{\u0022filtered\u0022:false,\u0022severity\u0022:\u0022safe\u0022},\u0022self_harm\u0022:{\u0022filtered\u0022:false,\u0022severity\u0022:\u0022safe\u0022},\u0022sexual\u0022:{\u0022filtered\u0022:false,\u0022severity\u0022:\u0022safe\u0022},\u0022violence\u0022:{\u0022filtered\u0022:false,\u0022severity\u0022:\u0022safe\u0022}}}]}\n\n",
        "data: {\u0022id\u0022:\u0022cmpl-97qeuEBMJNdzOSD8x6XCdSJYReOmy\u0022,\u0022object\u0022:\u0022text_completion\u0022,\u0022created\u0022:1711657744,\u0022model\u0022:\u0022gpt-4\u0022,\u0022choices\u0022:[{\u0022text\u0022:\u0022\u0027s\u0022,\u0022index\u0022:0,\u0022finish_reason\u0022:null,\u0022logprobs\u0022:null,\u0022content_filter_results\u0022:{\u0022hate\u0022:{\u0022filtered\u0022:false,\u0022severity\u0022:\u0022safe\u0022},\u0022self_harm\u0022:{\u0022filtered\u0022:false,\u0022severity\u0022:\u0022safe\u0022},\u0022sexual\u0022:{\u0022filtered\u0022:false,\u0022severity\u0022:\u0022safe\u0022},\u0022violence\u0022:{\u0022filtered\u0022:false,\u0022severity\u0022:\u0022safe\u0022}}}]}\n\n",
        "data: {\u0022id\u0022:\u0022cmpl-97qeuEBMJNdzOSD8x6XCdSJYReOmy\u0022,\u0022object\u0022:\u0022text_completion\u0022,\u0022created\u0022:1711657744,\u0022model\u0022:\u0022gpt-4\u0022,\u0022choices\u0022:[{\u0022text\u0022:\u0022 talk\u0022,\u0022index\u0022:0,\u0022finish_reason\u0022:null,\u0022logprobs\u0022:null,\u0022content_filter_results\u0022:{\u0022hate\u0022:{\u0022filtered\u0022:false,\u0022severity\u0022:\u0022safe\u0022},\u0022self_harm\u0022:{\u0022filtered\u0022:false,\u0022severity\u0022:\u0022safe\u0022},\u0022sexual\u0022:{\u0022filtered\u0022:false,\u0022severity\u0022:\u0022safe\u0022},\u0022violence\u0022:{\u0022filtered\u0022:false,\u0022severity\u0022:\u0022safe\u0022}}}]}\n\n",
        "data: {\u0022id\u0022:\u0022cmpl-97qeuEBMJNdzOSD8x6XCdSJYReOmy\u0022,\u0022object\u0022:\u0022text_completion\u0022,\u0022created\u0022:1711657744,\u0022model\u0022:\u0022gpt-4\u0022,\u0022choices\u0022:[{\u0022text\u0022:\u0022 about\u0022,\u0022index\u0022:0,\u0022finish_reason\u0022:null,\u0022logprobs\u0022:null,\u0022content_filter_results\u0022:{\u0022hate\u0022:{\u0022filtered\u0022:false,\u0022severity\u0022:\u0022safe\u0022},\u0022self_harm\u0022:{\u0022filtered\u0022:false,\u0022severity\u0022:\u0022safe\u0022},\u0022sexual\u0022:{\u0022filtered\u0022:false,\u0022severity\u0022:\u0022safe\u0022},\u0022violence\u0022:{\u0022filtered\u0022:false,\u0022severity\u0022:\u0022safe\u0022}}}]}\n\n",
        "data: {\u0022id\u0022:\u0022cmpl-97qeuEBMJNdzOSD8x6XCdSJYReOmy\u0022,\u0022object\u0022:\u0022text_completion\u0022,\u0022created\u0022:1711657744,\u0022model\u0022:\u0022gpt-4\u0022,\u0022choices\u0022:[{\u0022text\u0022:\u0022--\\n\\n\u0022,\u0022index\u0022:0,\u0022finish_reason\u0022:null,\u0022logprobs\u0022:null,\u0022content_filter_results\u0022:{\u0022hate\u0022:{\u0022filtered\u0022:false,\u0022severity\u0022:\u0022safe\u0022},\u0022self_harm\u0022:{\u0022filtered\u0022:false,\u0022severity\u0022:\u0022safe\u0022},\u0022sexual\u0022:{\u0022filtered\u0022:false,\u0022severity\u0022:\u0022safe\u0022},\u0022violence\u0022:{\u0022filtered\u0022:false,\u0022severity\u0022:\u0022safe\u0022}}}]}\n\n",
        "data: {\u0022id\u0022:\u0022cmpl-97qeuEBMJNdzOSD8x6XCdSJYReOmy\u0022,\u0022object\u0022:\u0022text_completion\u0022,\u0022created\u0022:1711657744,\u0022model\u0022:\u0022gpt-4\u0022,\u0022choices\u0022:[{\u0022text\u0022:\u0022Let\u0022,\u0022index\u0022:0,\u0022finish_reason\u0022:\u0022length\u0022,\u0022logprobs\u0022:null,\u0022content_filter_results\u0022:{\u0022hate\u0022:{\u0022filtered\u0022:false,\u0022severity\u0022:\u0022safe\u0022},\u0022self_harm\u0022:{\u0022filtered\u0022:false,\u0022severity\u0022:\u0022safe\u0022},\u0022sexual\u0022:{\u0022filtered\u0022:false,\u0022severity\u0022:\u0022safe\u0022},\u0022violence\u0022:{\u0022filtered\u0022:false,\u0022severity\u0022:\u0022safe\u0022}}}]}\n\n",
        "data: [DONE]\n\n"
      ]
    },
    {
      "RequestUri": "https://endpoint/openai/deployments/gpt-35-turbo-16k/completions?api-version=2024-03-01-preview",
      "RequestMethod": "POST",
      "RequestHeaders": {
        "Accept": "application/json",
        "Accept-Encoding": "gzip, deflate, br",
        "Authorization": "Sanitized",
        "Connection": "keep-alive",
        "Content-Length": "50",
        "Content-Type": "application/json; charset=UTF-8",
        "Referer": "http://localhost:9876/",
        "sec-ch-ua": "\u0022HeadlessChrome\u0022;v=\u0022123\u0022, \u0022Not:A-Brand\u0022;v=\u00228\u0022, \u0022Chromium\u0022;v=\u0022123\u0022",
        "sec-ch-ua-mobile": "?0",
        "sec-ch-ua-platform": "\u0022Linux\u0022",
        "Sec-Fetch-Dest": "empty",
        "Sec-Fetch-Mode": "cors",
        "Sec-Fetch-Site": "same-site",
        "User-Agent": "Mozilla/5.0 (X11; Linux x86_64) AppleWebKit/537.36 (KHTML, like Gecko) HeadlessChrome/123.0.6312.58 Safari/537.36",
        "x-ms-client-request-id": "3df1a7d6-a560-429b-b306-eae514f15903",
        "x-ms-useragent": "azsdk-js-openai-rest/1.0.0-beta.11 core-rest-pipeline/1.15.2 OS/Linux"
      },
      "RequestBody": {
        "prompt": [
          "This is Azure OpenAI?"
        ],
        "stream": true
      },
      "StatusCode": 400,
      "ResponseHeaders": {
        "apim-request-id": "7294bb04-13ed-4c52-9a3c-25875b941c21",
        "Content-Length": "307",
        "Content-Type": "application/json",
        "Date": "Thu, 28 Mar 2024 20:29:05 GMT",
        "Strict-Transport-Security": "max-age=31536000; includeSubDomains; preload",
        "X-Content-Type-Options": "nosniff",
        "x-ms-client-request-id": "3df1a7d6-a560-429b-b306-eae514f15903",
        "x-ms-region": "East US",
        "x-ratelimit-remaining-requests": "0",
        "x-ratelimit-remaining-tokens": "1968"
      },
      "ResponseBody": {
        "error": {
          "code": "OperationNotSupported",
          "message": "The completion operation does not work with the specified model, gpt-35-turbo-16k. Please choose different model and try again. You can learn more about which models can be used with each operation here: https://go.microsoft.com/fwlink/?linkid=2197993."
        }
      }
    },
    {
      "RequestUri": "https://endpoint/openai/deployments/gpt-35-turbo-0613-plugins/completions?api-version=2024-03-01-preview",
      "RequestMethod": "POST",
      "RequestHeaders": {
        "Accept": "application/json",
        "Accept-Encoding": "gzip, deflate, br",
        "Authorization": "Sanitized",
        "Connection": "keep-alive",
        "Content-Length": "50",
        "Content-Type": "application/json; charset=UTF-8",
        "Referer": "http://localhost:9876/",
        "sec-ch-ua": "\u0022HeadlessChrome\u0022;v=\u0022123\u0022, \u0022Not:A-Brand\u0022;v=\u00228\u0022, \u0022Chromium\u0022;v=\u0022123\u0022",
        "sec-ch-ua-mobile": "?0",
        "sec-ch-ua-platform": "\u0022Linux\u0022",
        "Sec-Fetch-Dest": "empty",
        "Sec-Fetch-Mode": "cors",
        "Sec-Fetch-Site": "same-site",
        "User-Agent": "Mozilla/5.0 (X11; Linux x86_64) AppleWebKit/537.36 (KHTML, like Gecko) HeadlessChrome/123.0.6312.58 Safari/537.36",
        "x-ms-client-request-id": "798f773b-48ff-4f53-a805-572475294711",
        "x-ms-useragent": "azsdk-js-openai-rest/1.0.0-beta.11 core-rest-pipeline/1.15.2 OS/Linux"
      },
      "RequestBody": {
        "prompt": [
          "This is Azure OpenAI?"
        ],
        "stream": true
      },
      "StatusCode": 400,
      "ResponseHeaders": {
        "apim-request-id": "ee53697c-062f-41b5-9cab-af7a35e77fa6",
        "Content-Length": "303",
        "Content-Type": "application/json",
        "Date": "Thu, 28 Mar 2024 20:29:05 GMT",
        "Strict-Transport-Security": "max-age=31536000; includeSubDomains; preload",
        "X-Content-Type-Options": "nosniff",
        "x-ms-client-request-id": "798f773b-48ff-4f53-a805-572475294711",
        "x-ms-region": "East US",
        "x-ratelimit-remaining-requests": "13",
        "x-ratelimit-remaining-tokens": "14968"
      },
      "ResponseBody": {
        "error": {
          "code": "OperationNotSupported",
          "message": "The completion operation does not work with the specified model, gpt-35-turbo. Please choose different model and try again. You can learn more about which models can be used with each operation here: https://go.microsoft.com/fwlink/?linkid=2197993."
        }
      }
    },
    {
      "RequestUri": "https://endpoint/openai/deployments/gpt-35-turbo-instruct/completions?api-version=2024-03-01-preview",
      "RequestMethod": "POST",
      "RequestHeaders": {
        "Accept": "application/json",
        "Accept-Encoding": "gzip, deflate, br",
        "Authorization": "Sanitized",
        "Connection": "keep-alive",
        "Content-Length": "50",
        "Content-Type": "application/json; charset=UTF-8",
        "Referer": "http://localhost:9876/",
        "sec-ch-ua": "\u0022HeadlessChrome\u0022;v=\u0022123\u0022, \u0022Not:A-Brand\u0022;v=\u00228\u0022, \u0022Chromium\u0022;v=\u0022123\u0022",
        "sec-ch-ua-mobile": "?0",
        "sec-ch-ua-platform": "\u0022Linux\u0022",
        "Sec-Fetch-Dest": "empty",
        "Sec-Fetch-Mode": "cors",
        "Sec-Fetch-Site": "same-site",
        "User-Agent": "Mozilla/5.0 (X11; Linux x86_64) AppleWebKit/537.36 (KHTML, like Gecko) HeadlessChrome/123.0.6312.58 Safari/537.36",
        "x-ms-client-request-id": "5a0af7f1-5afe-4e9b-8c71-f546b7e63607",
        "x-ms-useragent": "azsdk-js-openai-rest/1.0.0-beta.11 core-rest-pipeline/1.15.2 OS/Linux"
      },
      "RequestBody": {
        "prompt": [
          "This is Azure OpenAI?"
        ],
        "stream": true
      },
      "StatusCode": 200,
      "ResponseHeaders": {
        "Access-Control-Allow-Origin": "*",
        "apim-request-id": "e7ac57c8-6ef0-40fc-b1c8-edc4a03cb53d",
        "azureml-model-session": "d011-20240320014544",
        "Cache-Control": "must-revalidate, no-cache",
        "Content-Type": "text/event-stream",
        "Date": "Thu, 28 Mar 2024 20:29:05 GMT",
        "Strict-Transport-Security": "max-age=31536000; includeSubDomains; preload",
        "Transfer-Encoding": "chunked",
        "x-accel-buffering": "no",
        "X-Content-Type-Options": "nosniff",
        "x-ms-client-request-id": "5a0af7f1-5afe-4e9b-8c71-f546b7e63607",
        "x-ms-rai-invoked": "true",
        "x-ms-region": "East US",
        "x-ratelimit-remaining-requests": "118",
        "x-ratelimit-remaining-tokens": "119968",
        "X-Request-ID": "6a0aa49b-9424-499b-b4df-07490f6813b3"
      },
      "ResponseBody": [
        "data: {\u0022id\u0022:\u0022\u0022,\u0022object\u0022:\u0022\u0022,\u0022created\u0022:0,\u0022model\u0022:\u0022\u0022,\u0022prompt_filter_results\u0022:[{\u0022prompt_index\u0022:0,\u0022content_filter_results\u0022:{\u0022hate\u0022:{\u0022filtered\u0022:false,\u0022severity\u0022:\u0022safe\u0022},\u0022self_harm\u0022:{\u0022filtered\u0022:false,\u0022severity\u0022:\u0022safe\u0022},\u0022sexual\u0022:{\u0022filtered\u0022:false,\u0022severity\u0022:\u0022safe\u0022},\u0022violence\u0022:{\u0022filtered\u0022:false,\u0022severity\u0022:\u0022safe\u0022}}}],\u0022choices\u0022:[]}\n\n",
        "data: {\u0022id\u0022:\u0022cmpl-97qew3Xwzh7xbsdw7BYRcg8uRa1Y5\u0022,\u0022object\u0022:\u0022text_completion\u0022,\u0022created\u0022:1711657746,\u0022model\u0022:\u0022gpt-35-turbo-instruct\u0022,\u0022choices\u0022:[{\u0022text\u0022:\u0022\\n\\n\u0022,\u0022index\u0022:0,\u0022finish_reason\u0022:null,\u0022logprobs\u0022:null,\u0022content_filter_results\u0022:{\u0022hate\u0022:{\u0022filtered\u0022:false,\u0022severity\u0022:\u0022safe\u0022},\u0022self_harm\u0022:{\u0022filtered\u0022:false,\u0022severity\u0022:\u0022safe\u0022},\u0022sexual\u0022:{\u0022filtered\u0022:false,\u0022severity\u0022:\u0022safe\u0022},\u0022violence\u0022:{\u0022filtered\u0022:false,\u0022severity\u0022:\u0022safe\u0022}}}]}\n\n",
        "data: {\u0022id\u0022:\u0022cmpl-97qew3Xwzh7xbsdw7BYRcg8uRa1Y5\u0022,\u0022object\u0022:\u0022text_completion\u0022,\u0022created\u0022:1711657746,\u0022model\u0022:\u0022gpt-35-turbo-instruct\u0022,\u0022choices\u0022:[{\u0022text\u0022:\u0022Azure\u0022,\u0022index\u0022:0,\u0022finish_reason\u0022:null,\u0022logprobs\u0022:null,\u0022content_filter_results\u0022:{\u0022hate\u0022:{\u0022filtered\u0022:false,\u0022severity\u0022:\u0022safe\u0022},\u0022self_harm\u0022:{\u0022filtered\u0022:false,\u0022severity\u0022:\u0022safe\u0022},\u0022sexual\u0022:{\u0022filtered\u0022:false,\u0022severity\u0022:\u0022safe\u0022},\u0022violence\u0022:{\u0022filtered\u0022:false,\u0022severity\u0022:\u0022safe\u0022}}}]}\n\n",
        "data: {\u0022id\u0022:\u0022cmpl-97qew3Xwzh7xbsdw7BYRcg8uRa1Y5\u0022,\u0022object\u0022:\u0022text_completion\u0022,\u0022created\u0022:1711657746,\u0022model\u0022:\u0022gpt-35-turbo-instruct\u0022,\u0022choices\u0022:[{\u0022text\u0022:\u0022 Open\u0022,\u0022index\u0022:0,\u0022finish_reason\u0022:null,\u0022logprobs\u0022:null,\u0022content_filter_results\u0022:{\u0022hate\u0022:{\u0022filtered\u0022:false,\u0022severity\u0022:\u0022safe\u0022},\u0022self_harm\u0022:{\u0022filtered\u0022:false,\u0022severity\u0022:\u0022safe\u0022},\u0022sexual\u0022:{\u0022filtered\u0022:false,\u0022severity\u0022:\u0022safe\u0022},\u0022violence\u0022:{\u0022filtered\u0022:false,\u0022severity\u0022:\u0022safe\u0022}}}]}\n\n",
        "data: {\u0022id\u0022:\u0022cmpl-97qew3Xwzh7xbsdw7BYRcg8uRa1Y5\u0022,\u0022object\u0022:\u0022text_completion\u0022,\u0022created\u0022:1711657746,\u0022model\u0022:\u0022gpt-35-turbo-instruct\u0022,\u0022choices\u0022:[{\u0022text\u0022:\u0022AI\u0022,\u0022index\u0022:0,\u0022finish_reason\u0022:null,\u0022logprobs\u0022:null,\u0022content_filter_results\u0022:{\u0022hate\u0022:{\u0022filtered\u0022:false,\u0022severity\u0022:\u0022safe\u0022},\u0022self_harm\u0022:{\u0022filtered\u0022:false,\u0022severity\u0022:\u0022safe\u0022},\u0022sexual\u0022:{\u0022filtered\u0022:false,\u0022severity\u0022:\u0022safe\u0022},\u0022violence\u0022:{\u0022filtered\u0022:false,\u0022severity\u0022:\u0022safe\u0022}}}]}\n\n",
        "data: {\u0022id\u0022:\u0022cmpl-97qew3Xwzh7xbsdw7BYRcg8uRa1Y5\u0022,\u0022object\u0022:\u0022text_completion\u0022,\u0022created\u0022:1711657746,\u0022model\u0022:\u0022gpt-35-turbo-instruct\u0022,\u0022choices\u0022:[{\u0022text\u0022:\u0022 is\u0022,\u0022index\u0022:0,\u0022finish_reason\u0022:null,\u0022logprobs\u0022:null,\u0022content_filter_results\u0022:{\u0022hate\u0022:{\u0022filtered\u0022:false,\u0022severity\u0022:\u0022safe\u0022},\u0022self_harm\u0022:{\u0022filtered\u0022:false,\u0022severity\u0022:\u0022safe\u0022},\u0022sexual\u0022:{\u0022filtered\u0022:false,\u0022severity\u0022:\u0022safe\u0022},\u0022violence\u0022:{\u0022filtered\u0022:false,\u0022severity\u0022:\u0022safe\u0022}}}]}\n\n",
        "data: {\u0022id\u0022:\u0022cmpl-97qew3Xwzh7xbsdw7BYRcg8uRa1Y5\u0022,\u0022object\u0022:\u0022text_completion\u0022,\u0022created\u0022:1711657746,\u0022model\u0022:\u0022gpt-35-turbo-instruct\u0022,\u0022choices\u0022:[{\u0022text\u0022:\u0022 a\u0022,\u0022index\u0022:0,\u0022finish_reason\u0022:null,\u0022logprobs\u0022:null,\u0022content_filter_results\u0022:{\u0022hate\u0022:{\u0022filtered\u0022:false,\u0022severity\u0022:\u0022safe\u0022},\u0022self_harm\u0022:{\u0022filtered\u0022:false,\u0022severity\u0022:\u0022safe\u0022},\u0022sexual\u0022:{\u0022filtered\u0022:false,\u0022severity\u0022:\u0022safe\u0022},\u0022violence\u0022:{\u0022filtered\u0022:false,\u0022severity\u0022:\u0022safe\u0022}}}]}\n\n",
        "data: {\u0022id\u0022:\u0022cmpl-97qew3Xwzh7xbsdw7BYRcg8uRa1Y5\u0022,\u0022object\u0022:\u0022text_completion\u0022,\u0022created\u0022:1711657746,\u0022model\u0022:\u0022gpt-35-turbo-instruct\u0022,\u0022choices\u0022:[{\u0022text\u0022:\u0022 partnership\u0022,\u0022index\u0022:0,\u0022finish_reason\u0022:null,\u0022logprobs\u0022:null,\u0022content_filter_results\u0022:{\u0022hate\u0022:{\u0022filtered\u0022:false,\u0022severity\u0022:\u0022safe\u0022},\u0022self_harm\u0022:{\u0022filtered\u0022:false,\u0022severity\u0022:\u0022safe\u0022},\u0022sexual\u0022:{\u0022filtered\u0022:false,\u0022severity\u0022:\u0022safe\u0022},\u0022violence\u0022:{\u0022filtered\u0022:false,\u0022severity\u0022:\u0022safe\u0022}}}]}\n\n",
        "data: {\u0022id\u0022:\u0022cmpl-97qew3Xwzh7xbsdw7BYRcg8uRa1Y5\u0022,\u0022object\u0022:\u0022text_completion\u0022,\u0022created\u0022:1711657746,\u0022model\u0022:\u0022gpt-35-turbo-instruct\u0022,\u0022choices\u0022:[{\u0022text\u0022:\u0022 between\u0022,\u0022index\u0022:0,\u0022finish_reason\u0022:null,\u0022logprobs\u0022:null,\u0022content_filter_results\u0022:{\u0022hate\u0022:{\u0022filtered\u0022:false,\u0022severity\u0022:\u0022safe\u0022},\u0022self_harm\u0022:{\u0022filtered\u0022:false,\u0022severity\u0022:\u0022safe\u0022},\u0022sexual\u0022:{\u0022filtered\u0022:false,\u0022severity\u0022:\u0022safe\u0022},\u0022violence\u0022:{\u0022filtered\u0022:false,\u0022severity\u0022:\u0022safe\u0022}}}]}\n\n",
        "data: {\u0022id\u0022:\u0022cmpl-97qew3Xwzh7xbsdw7BYRcg8uRa1Y5\u0022,\u0022object\u0022:\u0022text_completion\u0022,\u0022created\u0022:1711657746,\u0022model\u0022:\u0022gpt-35-turbo-instruct\u0022,\u0022choices\u0022:[{\u0022text\u0022:\u0022 Microsoft\u0022,\u0022index\u0022:0,\u0022finish_reason\u0022:null,\u0022logprobs\u0022:null,\u0022content_filter_results\u0022:{\u0022hate\u0022:{\u0022filtered\u0022:false,\u0022severity\u0022:\u0022safe\u0022},\u0022self_harm\u0022:{\u0022filtered\u0022:false,\u0022severity\u0022:\u0022safe\u0022},\u0022sexual\u0022:{\u0022filtered\u0022:false,\u0022severity\u0022:\u0022safe\u0022},\u0022violence\u0022:{\u0022filtered\u0022:false,\u0022severity\u0022:\u0022safe\u0022}}}]}\n\n",
        "data: {\u0022id\u0022:\u0022cmpl-97qew3Xwzh7xbsdw7BYRcg8uRa1Y5\u0022,\u0022object\u0022:\u0022text_completion\u0022,\u0022created\u0022:1711657746,\u0022model\u0022:\u0022gpt-35-turbo-instruct\u0022,\u0022choices\u0022:[{\u0022text\u0022:\u0022\u0027s\u0022,\u0022index\u0022:0,\u0022finish_reason\u0022:null,\u0022logprobs\u0022:null,\u0022content_filter_results\u0022:{\u0022hate\u0022:{\u0022filtered\u0022:false,\u0022severity\u0022:\u0022safe\u0022},\u0022self_harm\u0022:{\u0022filtered\u0022:false,\u0022severity\u0022:\u0022safe\u0022},\u0022sexual\u0022:{\u0022filtered\u0022:false,\u0022severity\u0022:\u0022safe\u0022},\u0022violence\u0022:{\u0022filtered\u0022:false,\u0022severity\u0022:\u0022safe\u0022}}}]}\n\n",
        "data: {\u0022id\u0022:\u0022cmpl-97qew3Xwzh7xbsdw7BYRcg8uRa1Y5\u0022,\u0022object\u0022:\u0022text_completion\u0022,\u0022created\u0022:1711657746,\u0022model\u0022:\u0022gpt-35-turbo-instruct\u0022,\u0022choices\u0022:[{\u0022text\u0022:\u0022 cloud\u0022,\u0022index\u0022:0,\u0022finish_reason\u0022:null,\u0022logprobs\u0022:null,\u0022content_filter_results\u0022:{\u0022hate\u0022:{\u0022filtered\u0022:false,\u0022severity\u0022:\u0022safe\u0022},\u0022self_harm\u0022:{\u0022filtered\u0022:false,\u0022severity\u0022:\u0022safe\u0022},\u0022sexual\u0022:{\u0022filtered\u0022:false,\u0022severity\u0022:\u0022safe\u0022},\u0022violence\u0022:{\u0022filtered\u0022:false,\u0022severity\u0022:\u0022safe\u0022}}}]}\n\n",
        "data: {\u0022id\u0022:\u0022cmpl-97qew3Xwzh7xbsdw7BYRcg8uRa1Y5\u0022,\u0022object\u0022:\u0022text_completion\u0022,\u0022created\u0022:1711657746,\u0022model\u0022:\u0022gpt-35-turbo-instruct\u0022,\u0022choices\u0022:[{\u0022text\u0022:\u0022 computing\u0022,\u0022index\u0022:0,\u0022finish_reason\u0022:null,\u0022logprobs\u0022:null,\u0022content_filter_results\u0022:{\u0022hate\u0022:{\u0022filtered\u0022:false,\u0022severity\u0022:\u0022safe\u0022},\u0022self_harm\u0022:{\u0022filtered\u0022:false,\u0022severity\u0022:\u0022safe\u0022},\u0022sexual\u0022:{\u0022filtered\u0022:false,\u0022severity\u0022:\u0022safe\u0022},\u0022violence\u0022:{\u0022filtered\u0022:false,\u0022severity\u0022:\u0022safe\u0022}}}]}\n\n",
        "data: {\u0022id\u0022:\u0022cmpl-97qew3Xwzh7xbsdw7BYRcg8uRa1Y5\u0022,\u0022object\u0022:\u0022text_completion\u0022,\u0022created\u0022:1711657746,\u0022model\u0022:\u0022gpt-35-turbo-instruct\u0022,\u0022choices\u0022:[{\u0022text\u0022:\u0022 platform\u0022,\u0022index\u0022:0,\u0022finish_reason\u0022:null,\u0022logprobs\u0022:null,\u0022content_filter_results\u0022:{\u0022hate\u0022:{\u0022filtered\u0022:false,\u0022severity\u0022:\u0022safe\u0022},\u0022self_harm\u0022:{\u0022filtered\u0022:false,\u0022severity\u0022:\u0022safe\u0022},\u0022sexual\u0022:{\u0022filtered\u0022:false,\u0022severity\u0022:\u0022safe\u0022},\u0022violence\u0022:{\u0022filtered\u0022:false,\u0022severity\u0022:\u0022safe\u0022}}}]}\n\n",
        "data: {\u0022id\u0022:\u0022cmpl-97qew3Xwzh7xbsdw7BYRcg8uRa1Y5\u0022,\u0022object\u0022:\u0022text_completion\u0022,\u0022created\u0022:1711657746,\u0022model\u0022:\u0022gpt-35-turbo-instruct\u0022,\u0022choices\u0022:[{\u0022text\u0022:\u0022,\u0022,\u0022index\u0022:0,\u0022finish_reason\u0022:null,\u0022logprobs\u0022:null,\u0022content_filter_results\u0022:{\u0022hate\u0022:{\u0022filtered\u0022:false,\u0022severity\u0022:\u0022safe\u0022},\u0022self_harm\u0022:{\u0022filtered\u0022:false,\u0022severity\u0022:\u0022safe\u0022},\u0022sexual\u0022:{\u0022filtered\u0022:false,\u0022severity\u0022:\u0022safe\u0022},\u0022violence\u0022:{\u0022filtered\u0022:false,\u0022severity\u0022:\u0022safe\u0022}}}]}\n\n",
        "data: {\u0022id\u0022:\u0022cmpl-97qew3Xwzh7xbsdw7BYRcg8uRa1Y5\u0022,\u0022object\u0022:\u0022text_completion\u0022,\u0022created\u0022:1711657746,\u0022model\u0022:\u0022gpt-35-turbo-instruct\u0022,\u0022choices\u0022:[{\u0022text\u0022:\u0022 Azure\u0022,\u0022index\u0022:0,\u0022finish_reason\u0022:null,\u0022logprobs\u0022:null,\u0022content_filter_results\u0022:{\u0022hate\u0022:{\u0022filtered\u0022:false,\u0022severity\u0022:\u0022safe\u0022},\u0022self_harm\u0022:{\u0022filtered\u0022:false,\u0022severity\u0022:\u0022safe\u0022},\u0022sexual\u0022:{\u0022filtered\u0022:false,\u0022severity\u0022:\u0022safe\u0022},\u0022violence\u0022:{\u0022filtered\u0022:false,\u0022severity\u0022:\u0022safe\u0022}}}]}\n\n",
        "data: {\u0022id\u0022:\u0022cmpl-97qew3Xwzh7xbsdw7BYRcg8uRa1Y5\u0022,\u0022object\u0022:\u0022text_completion\u0022,\u0022created\u0022:1711657746,\u0022model\u0022:\u0022gpt-35-turbo-instruct\u0022,\u0022choices\u0022:[{\u0022text\u0022:\u0022,\u0022,\u0022index\u0022:0,\u0022finish_reason\u0022:\u0022length\u0022,\u0022logprobs\u0022:null,\u0022content_filter_results\u0022:{\u0022hate\u0022:{\u0022filtered\u0022:false,\u0022severity\u0022:\u0022safe\u0022},\u0022self_harm\u0022:{\u0022filtered\u0022:false,\u0022severity\u0022:\u0022safe\u0022},\u0022sexual\u0022:{\u0022filtered\u0022:false,\u0022severity\u0022:\u0022safe\u0022},\u0022violence\u0022:{\u0022filtered\u0022:false,\u0022severity\u0022:\u0022safe\u0022}}}]}\n\n",
        "data: [DONE]\n\n"
      ]
    },
    {
      "RequestUri": "https://endpoint/openai/deployments/text-embedding-3-small/completions?api-version=2024-03-01-preview",
      "RequestMethod": "POST",
      "RequestHeaders": {
        "Accept": "application/json",
        "Accept-Encoding": "gzip, deflate, br",
        "Authorization": "Sanitized",
        "Connection": "keep-alive",
        "Content-Length": "50",
        "Content-Type": "application/json; charset=UTF-8",
        "Referer": "http://localhost:9876/",
        "sec-ch-ua": "\u0022HeadlessChrome\u0022;v=\u0022123\u0022, \u0022Not:A-Brand\u0022;v=\u00228\u0022, \u0022Chromium\u0022;v=\u0022123\u0022",
        "sec-ch-ua-mobile": "?0",
        "sec-ch-ua-platform": "\u0022Linux\u0022",
        "Sec-Fetch-Dest": "empty",
        "Sec-Fetch-Mode": "cors",
        "Sec-Fetch-Site": "same-site",
        "User-Agent": "Mozilla/5.0 (X11; Linux x86_64) AppleWebKit/537.36 (KHTML, like Gecko) HeadlessChrome/123.0.6312.58 Safari/537.36",
        "x-ms-client-request-id": "7c29da3f-8c7d-4d2a-b3d9-4577645b55fd",
        "x-ms-useragent": "azsdk-js-openai-rest/1.0.0-beta.11 core-rest-pipeline/1.15.2 OS/Linux"
      },
      "RequestBody": {
        "prompt": [
          "This is Azure OpenAI?"
        ],
        "stream": true
      },
      "StatusCode": 400,
      "ResponseHeaders": {
        "apim-request-id": "9f41d174-8aaa-4c8e-99ea-bb20e7b995c9",
        "Content-Length": "313",
        "Content-Type": "application/json",
        "Date": "Thu, 28 Mar 2024 20:29:05 GMT",
        "Strict-Transport-Security": "max-age=31536000; includeSubDomains; preload",
        "X-Content-Type-Options": "nosniff",
        "x-ms-client-request-id": "7c29da3f-8c7d-4d2a-b3d9-4577645b55fd",
        "x-ms-region": "East US",
        "x-ratelimit-remaining-requests": "118",
        "x-ratelimit-remaining-tokens": "119968"
      },
      "ResponseBody": {
        "error": {
          "code": "OperationNotSupported",
          "message": "The completion operation does not work with the specified model, text-embedding-3-small. Please choose different model and try again. You can learn more about which models can be used with each operation here: https://go.microsoft.com/fwlink/?linkid=2197993."
        }
      }
    }
  ],
  "Variables": {}
}
