{
  "Entries": [
    {
      "RequestUri": "https://REDACTED/subscriptions/00000000-0000-0000-0000-000000000000/providers/Microsoft.Network/trafficmanagerprofiles?api-version=2022-04-01",
      "RequestMethod": "GET",
      "RequestHeaders": {
        "Accept": "application/json",
        "Authorization": "Sanitized",
        "Content-Length": "0",
        "Content-Type": "application/json",
        "Date": "Fri, 26 Jul 2024 08:10:40 GMT",
        "User-Agent": "azsdk-java-com.azure.resourcemanager.trafficmanager/2.42.0-beta.1 (17.0.7; Windows 11; 10.0)",
        "x-ms-client-request-id": "Sanitized",
        "x-ms-return-client-request-id": "true"
      },
      "RequestBody": null,
      "StatusCode": 200,
      "ResponseHeaders": {
        "Cache-Control": "private",
        "Content-Length": "12",
        "Content-Type": "application/json; charset=utf-8",
        "Date": "Fri, 26 Jul 2024 08:10:45 GMT",
        "Strict-Transport-Security": "max-age=31536000; includeSubDomains",
        "X-AspNet-Version": "4.0.30319",
        "X-Cache": "CONFIG_NOCACHE",
        "X-Content-Type-Options": "nosniff",
        "x-ms-correlation-request-id": "ba5c70f6-f7b4-406a-841a-072552d9aace",
        "x-ms-ratelimit-remaining-subscription-resource-requests": "1999",
        "x-ms-request-id": "Sanitized",
        "x-ms-routing-request-id": "JAPANEAST:20240726T081045Z:ba5c70f6-f7b4-406a-841a-072552d9aace",
        "X-MSEdge-Ref": "Ref A: 374A7460D4B545CF977EB62B3CE644E6 Ref B: TYO201100116007 Ref C: 2024-07-26T08:10:45Z",
        "X-Powered-By": "ASP.NET"
      },
      "ResponseBody": {
        "value": []
      }
    },
    {
      "RequestUri": "https://REDACTED/subscriptions/00000000-0000-0000-0000-000000000000/providers/Microsoft.Network/trafficmanagerprofiles?api-version=2022-04-01",
      "RequestMethod": "GET",
      "RequestHeaders": {
        "Accept": "application/json",
        "Authorization": "Sanitized",
        "Content-Length": "0",
        "Content-Type": "application/json",
        "Date": "Fri, 26 Jul 2024 08:10:44 GMT",
        "User-Agent": "azsdk-java-com.azure.resourcemanager.trafficmanager/2.42.0-beta.1 (17.0.7; Windows 11; 10.0)",
        "x-ms-client-request-id": "Sanitized",
        "x-ms-return-client-request-id": "true"
      },
      "RequestBody": null,
      "StatusCode": 200,
      "ResponseHeaders": {
        "Cache-Control": "private",
        "Content-Length": "12",
        "Content-Type": "application/json; charset=utf-8",
        "Date": "Fri, 26 Jul 2024 08:10:46 GMT",
        "Strict-Transport-Security": "max-age=31536000; includeSubDomains",
        "X-AspNet-Version": "4.0.30319",
        "X-Cache": "CONFIG_NOCACHE",
        "X-Content-Type-Options": "nosniff",
        "x-ms-correlation-request-id": "3e53bdaf-0d06-4996-b502-0c70f4c0ebb6",
        "x-ms-ratelimit-remaining-subscription-resource-requests": "1999",
        "x-ms-request-id": "Sanitized",
        "x-ms-routing-request-id": "JAPANEAST:20240726T081046Z:3e53bdaf-0d06-4996-b502-0c70f4c0ebb6",
        "X-MSEdge-Ref": "Ref A: D3211563DF4D46F68962F7E0CE212110 Ref B: TYO201100116007 Ref C: 2024-07-26T08:10:46Z",
        "X-Powered-By": "ASP.NET"
      },
      "ResponseBody": {
        "value": []
      }
    },
    {
      "RequestUri": "https://REDACTED/subscriptions/00000000-0000-0000-0000-000000000000/resourcegroups/rg66368d?api-version=2024-03-01",
      "RequestMethod": "PUT",
      "RequestHeaders": {
        "Accept": "application/json",
        "Authorization": "Sanitized",
        "Content-Length": "21",
        "Content-Type": "application/json",
        "Date": "Fri, 26 Jul 2024 08:10:45 GMT",
        "User-Agent": "azsdk-java-com.azure.resourcemanager.resources/2.42.0-beta.1 (17.0.7; Windows 11; 10.0)",
        "x-ms-client-request-id": "Sanitized",
        "x-ms-return-client-request-id": "true"
      },
      "RequestBody": {
        "location": "eastus"
      },
      "StatusCode": 201,
      "ResponseHeaders": {
        "Cache-Control": "no-cache",
        "Content-Length": "213",
        "Content-Type": "application/json; charset=utf-8",
        "Date": "Fri, 26 Jul 2024 08:10:49 GMT",
        "Expires": "-1",
        "Pragma": "no-cache",
        "Strict-Transport-Security": "max-age=31536000; includeSubDomains",
        "X-Cache": "CONFIG_NOCACHE",
        "X-Content-Type-Options": "nosniff",
        "x-ms-correlation-request-id": "b69e4143-caea-4559-9fd9-088d14cd429f",
        "x-ms-ratelimit-remaining-subscription-writes": "1199",
        "x-ms-request-id": "Sanitized",
        "x-ms-routing-request-id": "JAPANEAST:20240726T081049Z:b69e4143-caea-4559-9fd9-088d14cd429f",
        "X-MSEdge-Ref": "Ref A: A4E82F2C9F2A492D9F79B4FBD7193836 Ref B: TYO201100116007 Ref C: 2024-07-26T08:10:47Z"
      },
      "ResponseBody": {
        "id": "/subscriptions/00000000-0000-0000-0000-000000000000/resourceGroups/rg66368d",
        "name": "rg66368d",
        "type": "Microsoft.Resources/resourceGroups",
        "location": "eastus",
        "properties": {
          "provisioningState": "Succeeded"
        }
      }
    },
    {
      "RequestUri": "https://REDACTED/subscriptions/00000000-0000-0000-0000-000000000000/resourceGroups/rg66368d/providers/Microsoft.Network/trafficmanagerprofiles/nestedtm223124?api-version=2022-04-01",
      "RequestMethod": "PUT",
      "RequestHeaders": {
        "Accept": "application/json",
        "Authorization": "Sanitized",
        "Content-Length": "212",
        "Content-Type": "application/json",
        "Date": "Fri, 26 Jul 2024 08:10:47 GMT",
        "User-Agent": "azsdk-java-com.azure.resourcemanager.trafficmanager/2.42.0-beta.1 (17.0.7; Windows 11; 10.0)",
        "x-ms-client-request-id": "Sanitized",
        "x-ms-return-client-request-id": "true"
      },
      "RequestBody": {
        "location": "global",
        "tags": {},
        "properties": {
          "trafficRoutingMethod": "Priority",
          "dnsConfig": {
            "relativeName": "nestedtmdns19067",
            "ttl": 500
          },
          "monitorConfig": {
            "protocol": "HTTPS",
            "port": 443,
            "path": "/"
          },
          "endpoints": []
        }
      },
      "StatusCode": 201,
      "ResponseHeaders": {
        "Cache-Control": "private",
        "Content-Length": "691",
        "Content-Type": "application/json; charset=utf-8",
        "Date": "Fri, 26 Jul 2024 08:10:52 GMT",
        "Strict-Transport-Security": "max-age=31536000; includeSubDomains",
        "X-AspNet-Version": "4.0.30319",
        "X-Cache": "CONFIG_NOCACHE",
        "X-Content-Type-Options": "nosniff",
        "x-ms-correlation-request-id": "9d8922ec-7fca-40c5-9e95-c9f65ded1a3f",
        "x-ms-ratelimit-remaining-subscription-resource-requests": "4499",
        "x-ms-request-id": "Sanitized",
        "x-ms-routing-request-id": "JAPANEAST:20240726T081053Z:9d8922ec-7fca-40c5-9e95-c9f65ded1a3f",
        "X-MSEdge-Ref": "Ref A: 291FDF4B0DFC44A9944C67462AD4586A Ref B: TYO201100116007 Ref C: 2024-07-26T08:10:50Z",
        "X-Powered-By": "ASP.NET"
      },
      "ResponseBody": {
        "id": "/subscriptions/00000000-0000-0000-0000-000000000000/resourceGroups/rg66368d/providers/Microsoft.Network/trafficManagerProfiles/nestedtm223124",
        "name": "nestedtm223124",
        "type": "Microsoft.Network/trafficManagerProfiles",
        "location": "global",
        "tags": {},
        "properties": {
          "profileStatus": "Enabled",
          "trafficRoutingMethod": "Priority",
          "dnsConfig": {
            "relativeName": "nestedtmdns19067",
            "fqdn": "nestedtmdns19067.trafficmanager.net",
            "ttl": 500
          },
          "monitorConfig": {
            "profileMonitorStatus": "Inactive",
            "protocol": "HTTPS",
            "port": 443,
            "path": "/",
            "intervalInSeconds": 30,
            "toleratedNumberOfFailures": 3,
            "timeoutInSeconds": 10
          },
          "endpoints": [],
          "trafficViewEnrollmentStatus": "Disabled",
          "maxReturn": null,
          "recordType": null
        }
      }
    },
    {
      "RequestUri": "https://REDACTED/subscriptions/00000000-0000-0000-0000-000000000000/resourceGroups/rg66368d/providers/Microsoft.Network/trafficmanagerprofiles/nestedtm223124/ExternalEndpoints/external-ep-1?api-version=2022-04-01",
      "RequestMethod": "PUT",
      "RequestHeaders": {
        "Accept": "application/json",
        "Authorization": "Sanitized",
        "Content-Length": "115",
        "Content-Type": "application/json",
        "Date": "Fri, 26 Jul 2024 08:10:51 GMT",
        "User-Agent": "azsdk-java-com.azure.resourcemanager.trafficmanager/2.42.0-beta.1 (17.0.7; Windows 11; 10.0)",
        "x-ms-client-request-id": "Sanitized",
        "x-ms-return-client-request-id": "true"
      },
      "RequestBody": {
        "properties": {
          "target": "www.gitbook.com",
          "endpointStatus": "Enabled",
          "weight": 1,
          "endpointLocation": "centralindia"
        }
      },
      "StatusCode": 201,
      "ResponseHeaders": {
        "Cache-Control": "private",
        "Content-Length": "518",
        "Content-Type": "application/json; charset=utf-8",
        "Date": "Fri, 26 Jul 2024 08:10:53 GMT",
        "Strict-Transport-Security": "max-age=31536000; includeSubDomains",
        "X-AspNet-Version": "4.0.30319",
        "X-Cache": "CONFIG_NOCACHE",
        "X-Content-Type-Options": "nosniff",
        "x-ms-correlation-request-id": "72eeebe9-2238-4c55-a782-0bd191270225",
        "x-ms-ratelimit-remaining-subscription-resource-requests": "249",
        "x-ms-request-id": "Sanitized",
        "x-ms-routing-request-id": "JAPANEAST:20240726T081054Z:72eeebe9-2238-4c55-a782-0bd191270225",
        "X-MSEdge-Ref": "Ref A: 976C1F88C7C84D0AA9DBA7D6F6C8EC9C Ref B: TYO201100116007 Ref C: 2024-07-26T08:10:53Z",
        "X-Powered-By": "ASP.NET"
      },
      "ResponseBody": {
        "id": "/subscriptions/00000000-0000-0000-0000-000000000000/resourceGroups/rg66368d/providers/Microsoft.Network/trafficManagerProfiles/nestedtm223124/externalEndpoints/external-ep-1",
        "name": "external-ep-1",
        "type": "Microsoft.Network/trafficManagerProfiles/externalEndpoints",
        "properties": {
          "endpointStatus": "Enabled",
          "endpointMonitorStatus": "CheckingEndpoint",
          "targetResourceId": null,
          "target": "www.gitbook.com",
          "weight": 1,
          "priority": 1,
          "endpointLocation": "Central India",
          "minChildEndpoints": null,
          "alwaysServe": "Disabled"
        }
      }
    },
    {
      "RequestUri": "https://REDACTED/subscriptions/00000000-0000-0000-0000-000000000000/resourceGroups/rg66368d/providers/Microsoft.Network/trafficmanagerprofiles/nestedtm223124?api-version=2022-04-01",
      "RequestMethod": "GET",
      "RequestHeaders": {
        "Accept": "application/json",
        "Authorization": "Sanitized",
        "Content-Length": "0",
        "Content-Type": "application/json",
        "Date": "Fri, 26 Jul 2024 08:10:52 GMT",
        "User-Agent": "azsdk-java-com.azure.resourcemanager.trafficmanager/2.42.0-beta.1 (17.0.7; Windows 11; 10.0)",
        "x-ms-client-request-id": "Sanitized",
        "x-ms-return-client-request-id": "true"
      },
      "RequestBody": null,
      "StatusCode": 200,
      "ResponseHeaders": {
        "Cache-Control": "private",
        "Content-Length": "1218",
        "Content-Type": "application/json; charset=utf-8",
        "Date": "Fri, 26 Jul 2024 08:10:54 GMT",
        "Strict-Transport-Security": "max-age=31536000; includeSubDomains",
        "X-AspNet-Version": "4.0.30319",
        "X-Cache": "CONFIG_NOCACHE",
        "X-Content-Type-Options": "nosniff",
        "x-ms-correlation-request-id": "7c3205a6-4db8-429c-8acd-835d9bfcc161",
        "x-ms-ratelimit-remaining-subscription-resource-requests": "1999",
        "x-ms-request-id": "Sanitized",
        "x-ms-routing-request-id": "JAPANEAST:20240726T081054Z:7c3205a6-4db8-429c-8acd-835d9bfcc161",
        "X-MSEdge-Ref": "Ref A: BC7F88521ACD4B0FBE0C25F30C333048 Ref B: TYO201100116007 Ref C: 2024-07-26T08:10:54Z",
        "X-Powered-By": "ASP.NET"
      },
      "ResponseBody": {
        "id": "/subscriptions/00000000-0000-0000-0000-000000000000/resourceGroups/rg66368d/providers/Microsoft.Network/trafficManagerProfiles/nestedtm223124",
        "name": "nestedtm223124",
        "type": "Microsoft.Network/trafficManagerProfiles",
        "location": "global",
        "tags": {},
        "properties": {
          "profileStatus": "Enabled",
          "trafficRoutingMethod": "Priority",
          "dnsConfig": {
            "relativeName": "nestedtmdns19067",
            "fqdn": "nestedtmdns19067.trafficmanager.net",
            "ttl": 500
          },
          "monitorConfig": {
            "profileMonitorStatus": "CheckingEndpoints",
            "protocol": "HTTPS",
            "port": 443,
            "path": "/",
            "intervalInSeconds": 30,
            "toleratedNumberOfFailures": 3,
            "timeoutInSeconds": 10
          },
          "endpoints": [
            {
              "id": "/subscriptions/00000000-0000-0000-0000-000000000000/resourceGroups/rg66368d/providers/Microsoft.Network/trafficManagerProfiles/nestedtm223124/externalEndpoints/external-ep-1",
              "name": "external-ep-1",
              "type": "Microsoft.Network/trafficManagerProfiles/externalEndpoints",
              "properties": {
                "endpointStatus": "Enabled",
                "endpointMonitorStatus": "CheckingEndpoint",
                "targetResourceId": null,
                "target": "www.gitbook.com",
                "weight": 1,
                "priority": 1,
                "endpointLocation": "Central India",
                "minChildEndpoints": null,
                "alwaysServe": "Disabled"
              }
            }
          ],
          "trafficViewEnrollmentStatus": "Disabled",
          "maxReturn": null,
          "recordType": null
        }
      }
    },
    {
      "RequestUri": "https://REDACTED/subscriptions/00000000-0000-0000-0000-000000000000/resourceGroups/rg66368d/providers/Microsoft.Network/publicIPAddresses/pip93428a?api-version=2024-01-01",
      "RequestMethod": "PUT",
      "RequestHeaders": {
        "Accept": "application/json",
        "Authorization": "Sanitized",
        "Content-Length": "96",
        "Content-Type": "application/json",
        "Date": "Fri, 26 Jul 2024 08:10:52 GMT",
        "User-Agent": "azsdk-java-com.azure.resourcemanager.network/2.42.0-beta.1 (17.0.7; Windows 11; 10.0)",
        "x-ms-client-request-id": "Sanitized",
        "x-ms-return-client-request-id": "true"
      },
      "RequestBody": {
        "location": "eastus",
        "tags": {},
        "properties": {
          "dnsSettings": {
            "domainNameLabel": "contoso13574f"
          }
        }
      },
      "StatusCode": 201,
      "ResponseHeaders": {
        "Azure-AsyncNotification": "Enabled",
        "Azure-AsyncOperation": "https://management.azure.com/subscriptions/faa080af-c1d8-40ad-9cce-e1a450ca5b57/providers/Microsoft.Network/locations/eastus/operations/d58152a9-0ee4-456c-b9f0-c49d5de2ee51?api-version=2024-01-01&t=638575782578722779&c=MIIHhzCCBm-gAwIBAgITHgTLf2Bo2ctQx42TXQAABMt_YDANBgkqhkiG9w0BAQsFADBEMRMwEQYKCZImiZPyLGQBGRYDR0JMMRMwEQYKCZImiZPyLGQBGRYDQU1FMRgwFgYDVQQDEw9BTUUgSW5mcmEgQ0EgMDYwHhcNMjQwNjI0MTExMDUyWhcNMjUwNjE5MTExMDUyWjBAMT4wPAYDVQQDEzVhc3luY29wZXJhdGlvbnNpZ25pbmdjZXJ0aWZpY2F0ZS5tYW5hZ2VtZW50LmF6dXJlLmNvbTCCASIwDQYJKoZIhvcNAQEBBQADggEPADCCAQoCggEBAJlnrj2pdevN1SIOk4Ymmo6b0y9Je4RZXWejQSMTCH35NFEHss9bBD2CGcY3xU4F2W7onMR_2J9BMUNk3BAub3AoLlqVrcx5dzI0ay_5toyOhu-L1pN7aSQdp7J-LzA-UW_CLp2D_65mjx1ZER-HWOV5QedBCvUwhqtSal8AbzrK5Qth8tntkg5tzjChuGo9vkh1pnXKQyYHQMdulCipi-EK8sPOQpZyiVIRujiHxTJMjdxz4gCG4rAFAK8_jK4UC73mwHm7BAlfbfkkZtxW5sVSGLrYwFPkNIDtNGoINbTjOqTmJR02AYrzu-AeRS1DP-HxtHci9UFjOurKjaUYhTUCAwEAAaOCBHQwggRwMCcGCSsGAQQBgjcVCgQaMBgwCgYIKwYBBQUHAwEwCgYIKwYBBQUHAwIwPQYJKwYBBAGCNxUHBDAwLgYmKwYBBAGCNxUIhpDjDYTVtHiE8Ys-hZvdFs6dEoFggvX2K4Py0SACAWQCAQowggHLBggrBgEFBQcBAQSCAb0wggG5MGMGCCsGAQUFBzAChldodHRwOi8vY3JsLm1pY3Jvc29mdC5jb20vcGtpaW5mcmEvQ2VydHMvQkwyUEtJSU5UQ0EwMi5BTUUuR0JMX0FNRSUyMEluZnJhJTIwQ0ElMjAwNi5jcnQwUwYIKwYBBQUHMAKGR2h0dHA6Ly9jcmwxLmFtZS5nYmwvYWlhL0JMMlBLSUlOVENBMDIuQU1FLkdCTF9BTUUlMjBJbmZyYSUyMENBJTIwMDYuY3J0MFMGCCsGAQUFBzAChkdodHRwOi8vY3JsMi5hbWUuZ2JsL2FpYS9CTDJQS0lJTlRDQTAyLkFNRS5HQkxfQU1FJTIwSW5mcmElMjBDQSUyMDA2LmNydDBTBggrBgEFBQcwAoZHaHR0cDovL2NybDMuYW1lLmdibC9haWEvQkwyUEtJSU5UQ0EwMi5BTUUuR0JMX0FNRSUyMEluZnJhJTIwQ0ElMjAwNi5jcnQwUwYIKwYBBQUHMAKGR2h0dHA6Ly9jcmw0LmFtZS5nYmwvYWlhL0JMMlBLSUlOVENBMDIuQU1FLkdCTF9BTUUlMjBJbmZyYSUyMENBJTIwMDYuY3J0MB0GA1UdDgQWBBTxZpd7aM59MC90B8etCBMRpcVJhTAOBgNVHQ8BAf8EBAMCBaAwggEmBgNVHR8EggEdMIIBGTCCARWgggERoIIBDYY_aHR0cDovL2NybC5taWNyb3NvZnQuY29tL3BraWluZnJhL0NSTC9BTUUlMjBJbmZyYSUyMENBJTIwMDYuY3JshjFodHRwOi8vY3JsMS5hbWUuZ2JsL2NybC9BTUUlMjBJbmZyYSUyMENBJTIwMDYuY3JshjFodHRwOi8vY3JsMi5hbWUuZ2JsL2NybC9BTUUlMjBJbmZyYSUyMENBJTIwMDYuY3JshjFodHRwOi8vY3JsMy5hbWUuZ2JsL2NybC9BTUUlMjBJbmZyYSUyMENBJTIwMDYuY3JshjFodHRwOi8vY3JsNC5hbWUuZ2JsL2NybC9BTUUlMjBJbmZyYSUyMENBJTIwMDYuY3JsMIGdBgNVHSAEgZUwgZIwDAYKKwYBBAGCN3sBATBmBgorBgEEAYI3ewICMFgwVgYIKwYBBQUHAgIwSh5IADMAMwBlADAAMQA5ADIAMQAtADQAZAA2ADQALQA0AGYAOABjAC0AYQAwADUANQAtADUAYgBkAGEAZgBmAGQANQBlADMAMwBkMAwGCisGAQQBgjd7AwEwDAYKKwYBBAGCN3sEATAfBgNVHSMEGDAWgBTxRmjG8cPwKy19i2rhsvm-NfzRQTAdBgNVHSUEFjAUBggrBgEFBQcDAQYIKwYBBQUHAwIwDQYJKoZIhvcNAQELBQADggEBAHAEnYrjKwIEeZD6k6Jnduw9QE83ye3e6yI36Y6jc5gavwpltarWjUevLWA6bzqnIMEbxZot_oo7GgSjb9hcbtTWjf_cW7PWDbQSC5WExVS4rTM5XJOQlXIeguIDWoXNGCzJBnYfUfUEfW8ZdjPKbJ7_7OQo_y-DgeRynB9KRCkpH4wZ1X5EQR-13kZvzXCVNpw1yiAELFyVScpLMqfm5iM9nMEMU7Og9hgeUL4q7EwPPbvn6qRq4ehK7ctlmEItOmMlgtNqT3IRhFnMIIsqnZu7BTfLyXR_8geMDnVJlhUXkb73ZpHNIBaoXmHwLpUQLBwoqG0ME1rP1_9UfVhYmNs&s=SA52mwywKfV1-hfGkR7hobAR37QvhB0jGbkftZQOW4LYDmXtOikZEB4stC-HvMtc3_y60Teh4w9UjyafY4jkcAvR9efgulAdlEcoYFkew2eoKrhhsXuhFKLU4VkqKeBt2uIvrcommAeq53JPyBzaESIZJFAnbe0TLmqa2JYNTBAKwPDOn6k4xRTDSRV9wjoZxJsmFWzXjYrW9X8FIT-PX-PZL2WF71z08VCM8_HEWVZv1F6tH-ynT2dGT6TLlvMGQyE7HNS9wB7njHeEhVzWpQ1VNLUC1MJsPAAJbLuTPTcmPo-DzlXDIBXXNjuTyELLxVHgop3pxFUzNA2S3nwIQg&h=kTrYtlSwMHMCAu5DtUMRSifm64YyQSuAQVIVeG9y5jU",
        "Cache-Control": "no-cache",
        "Content-Length": "599",
        "Content-Type": "application/json; charset=utf-8",
        "Date": "Fri, 26 Jul 2024 08:10:57 GMT",
        "Expires": "-1",
        "Pragma": "no-cache",
        "Retry-After": "0",
        "Strict-Transport-Security": "max-age=31536000; includeSubDomains",
        "X-Cache": "CONFIG_NOCACHE",
        "X-Content-Type-Options": "nosniff",
        "x-ms-arm-service-request-id": "52efbd1d-3633-4ced-b99d-51be8abb3864",
        "x-ms-client-request-id": "Sanitized",
        "x-ms-correlation-request-id": "59f213f2-d530-408c-b680-50211b8060c9",
        "x-ms-ratelimit-remaining-subscription-writes": "1199",
        "x-ms-request-id": "Sanitized",
        "x-ms-routing-request-id": "JAPANEAST:20240726T081057Z:59f213f2-d530-408c-b680-50211b8060c9",
        "X-MSEdge-Ref": "Ref A: 71CFAEBBDBA74F82AF8075F1D2C7F6F3 Ref B: TYO201100116007 Ref C: 2024-07-26T08:10:54Z"
      },
      "ResponseBody": {
        "name": "pip93428a",
        "id": "/subscriptions/00000000-0000-0000-0000-000000000000/resourceGroups/rg66368d/providers/Microsoft.Network/publicIPAddresses/pip93428a",
        "etag": "Sanitized",
        "location": "eastus",
        "tags": {},
        "properties": {
          "provisioningState": "Updating",
          "resourceGuid": "0cf0f918-e38c-49f1-99b5-85fd9ccca461",
          "publicIPAddressVersion": "IPv4",
          "publicIPAllocationMethod": "Dynamic",
          "idleTimeoutInMinutes": 4,
          "dnsSettings": {
            "domainNameLabel": "contoso13574f",
            "fqdn": "contoso13574f.eastus.cloudapp.azure.com"
          },
          "ipTags": []
        },
        "type": "Microsoft.Network/publicIPAddresses",
        "sku": {
          "name": "Basic",
          "tier": "Regional"
        }
      }
    },
    {
      "RequestUri": "https://REDACTED/subscriptions/00000000-0000-0000-0000-000000000000/providers/Microsoft.Network/locations/eastus/operations/d58152a9-0ee4-456c-b9f0-c49d5de2ee51?api-version=2024-01-01&t=638575782578722779&c=MIIHhzCCBm-gAwIBAgITHgTLf2Bo2ctQx42TXQAABMt_YDANBgkqhkiG9w0BAQsFADBEMRMwEQYKCZImiZPyLGQBGRYDR0JMMRMwEQYKCZImiZPyLGQBGRYDQU1FMRgwFgYDVQQDEw9BTUUgSW5mcmEgQ0EgMDYwHhcNMjQwNjI0MTExMDUyWhcNMjUwNjE5MTExMDUyWjBAMT4wPAYDVQQDEzVhc3luY29wZXJhdGlvbnNpZ25pbmdjZXJ0aWZpY2F0ZS5tYW5hZ2VtZW50LmF6dXJlLmNvbTCCASIwDQYJKoZIhvcNAQEBBQADggEPADCCAQoCggEBAJlnrj2pdevN1SIOk4Ymmo6b0y9Je4RZXWejQSMTCH35NFEHss9bBD2CGcY3xU4F2W7onMR_2J9BMUNk3BAub3AoLlqVrcx5dzI0ay_5toyOhu-L1pN7aSQdp7J-LzA-UW_CLp2D_65mjx1ZER-HWOV5QedBCvUwhqtSal8AbzrK5Qth8tntkg5tzjChuGo9vkh1pnXKQyYHQMdulCipi-EK8sPOQpZyiVIRujiHxTJMjdxz4gCG4rAFAK8_jK4UC73mwHm7BAlfbfkkZtxW5sVSGLrYwFPkNIDtNGoINbTjOqTmJR02AYrzu-AeRS1DP-HxtHci9UFjOurKjaUYhTUCAwEAAaOCBHQwggRwMCcGCSsGAQQBgjcVCgQaMBgwCgYIKwYBBQUHAwEwCgYIKwYBBQUHAwIwPQYJKwYBBAGCNxUHBDAwLgYmKwYBBAGCNxUIhpDjDYTVtHiE8Ys-hZvdFs6dEoFggvX2K4Py0SACAWQCAQowggHLBggrBgEFBQcBAQSCAb0wggG5MGMGCCsGAQUFBzAChldodHRwOi8vY3JsLm1pY3Jvc29mdC5jb20vcGtpaW5mcmEvQ2VydHMvQkwyUEtJSU5UQ0EwMi5BTUUuR0JMX0FNRSUyMEluZnJhJTIwQ0ElMjAwNi5jcnQwUwYIKwYBBQUHMAKGR2h0dHA6Ly9jcmwxLmFtZS5nYmwvYWlhL0JMMlBLSUlOVENBMDIuQU1FLkdCTF9BTUUlMjBJbmZyYSUyMENBJTIwMDYuY3J0MFMGCCsGAQUFBzAChkdodHRwOi8vY3JsMi5hbWUuZ2JsL2FpYS9CTDJQS0lJTlRDQTAyLkFNRS5HQkxfQU1FJTIwSW5mcmElMjBDQSUyMDA2LmNydDBTBggrBgEFBQcwAoZHaHR0cDovL2NybDMuYW1lLmdibC9haWEvQkwyUEtJSU5UQ0EwMi5BTUUuR0JMX0FNRSUyMEluZnJhJTIwQ0ElMjAwNi5jcnQwUwYIKwYBBQUHMAKGR2h0dHA6Ly9jcmw0LmFtZS5nYmwvYWlhL0JMMlBLSUlOVENBMDIuQU1FLkdCTF9BTUUlMjBJbmZyYSUyMENBJTIwMDYuY3J0MB0GA1UdDgQWBBTxZpd7aM59MC90B8etCBMRpcVJhTAOBgNVHQ8BAf8EBAMCBaAwggEmBgNVHR8EggEdMIIBGTCCARWgggERoIIBDYY_aHR0cDovL2NybC5taWNyb3NvZnQuY29tL3BraWluZnJhL0NSTC9BTUUlMjBJbmZyYSUyMENBJTIwMDYuY3JshjFodHRwOi8vY3JsMS5hbWUuZ2JsL2NybC9BTUUlMjBJbmZyYSUyMENBJTIwMDYuY3JshjFodHRwOi8vY3JsMi5hbWUuZ2JsL2NybC9BTUUlMjBJbmZyYSUyMENBJTIwMDYuY3JshjFodHRwOi8vY3JsMy5hbWUuZ2JsL2NybC9BTUUlMjBJbmZyYSUyMENBJTIwMDYuY3JshjFodHRwOi8vY3JsNC5hbWUuZ2JsL2NybC9BTUUlMjBJbmZyYSUyMENBJTIwMDYuY3JsMIGdBgNVHSAEgZUwgZIwDAYKKwYBBAGCN3sBATBmBgorBgEEAYI3ewICMFgwVgYIKwYBBQUHAgIwSh5IADMAMwBlADAAMQA5ADIAMQAtADQAZAA2ADQALQA0AGYAOABjAC0AYQAwADUANQAtADUAYgBkAGEAZgBmAGQANQBlADMAMwBkMAwGCisGAQQBgjd7AwEwDAYKKwYBBAGCN3sEATAfBgNVHSMEGDAWgBTxRmjG8cPwKy19i2rhsvm-NfzRQTAdBgNVHSUEFjAUBggrBgEFBQcDAQYIKwYBBQUHAwIwDQYJKoZIhvcNAQELBQADggEBAHAEnYrjKwIEeZD6k6Jnduw9QE83ye3e6yI36Y6jc5gavwpltarWjUevLWA6bzqnIMEbxZot_oo7GgSjb9hcbtTWjf_cW7PWDbQSC5WExVS4rTM5XJOQlXIeguIDWoXNGCzJBnYfUfUEfW8ZdjPKbJ7_7OQo_y-DgeRynB9KRCkpH4wZ1X5EQR-13kZvzXCVNpw1yiAELFyVScpLMqfm5iM9nMEMU7Og9hgeUL4q7EwPPbvn6qRq4ehK7ctlmEItOmMlgtNqT3IRhFnMIIsqnZu7BTfLyXR_8geMDnVJlhUXkb73ZpHNIBaoXmHwLpUQLBwoqG0ME1rP1_9UfVhYmNs&s=SA52mwywKfV1-hfGkR7hobAR37QvhB0jGbkftZQOW4LYDmXtOikZEB4stC-HvMtc3_y60Teh4w9UjyafY4jkcAvR9efgulAdlEcoYFkew2eoKrhhsXuhFKLU4VkqKeBt2uIvrcommAeq53JPyBzaESIZJFAnbe0TLmqa2JYNTBAKwPDOn6k4xRTDSRV9wjoZxJsmFWzXjYrW9X8FIT-PX-PZL2WF71z08VCM8_HEWVZv1F6tH-ynT2dGT6TLlvMGQyE7HNS9wB7njHeEhVzWpQ1VNLUC1MJsPAAJbLuTPTcmPo-DzlXDIBXXNjuTyELLxVHgop3pxFUzNA2S3nwIQg&h=kTrYtlSwMHMCAu5DtUMRSifm64YyQSuAQVIVeG9y5jU",
      "RequestMethod": "GET",
      "RequestHeaders": {
        "Accept": "application/json",
        "Authorization": "Sanitized",
        "Content-Length": "0",
        "Date": "Fri, 26 Jul 2024 08:10:57 GMT",
        "User-Agent": "azsdk-java-com.azure.resourcemanager.network/2.42.0-beta.1 (17.0.7; Windows 11; 10.0)",
        "x-ms-client-request-id": "Sanitized",
        "x-ms-return-client-request-id": "true"
      },
      "RequestBody": null,
      "StatusCode": 200,
      "ResponseHeaders": {
        "Cache-Control": "no-cache",
        "Content-Length": "29",
        "Content-Type": "application/json; charset=utf-8",
        "Date": "Fri, 26 Jul 2024 08:10:59 GMT",
        "Expires": "-1",
        "Pragma": "no-cache",
        "Strict-Transport-Security": "max-age=31536000; includeSubDomains",
        "X-Cache": "CONFIG_NOCACHE",
        "X-Content-Type-Options": "nosniff",
        "x-ms-arm-service-request-id": "a7800aeb-59a7-4381-894b-ec3f795d9878",
        "x-ms-client-request-id": "Sanitized",
        "x-ms-correlation-request-id": "076d818b-f9fa-4310-b657-c530255fd13c",
        "x-ms-ratelimit-remaining-subscription-reads": "11999",
        "x-ms-request-id": "Sanitized",
        "x-ms-routing-request-id": "JAPANEAST:20240726T081059Z:076d818b-f9fa-4310-b657-c530255fd13c",
        "X-MSEdge-Ref": "Ref A: 2FA7E097E9AD428F9DFE1835F90F019E Ref B: TYO201100116007 Ref C: 2024-07-26T08:10:59Z"
      },
      "ResponseBody": {
        "status": "Succeeded"
      }
    },
    {
      "RequestUri": "https://REDACTED/subscriptions/00000000-0000-0000-0000-000000000000/resourceGroups/rg66368d/providers/Microsoft.Network/publicIPAddresses/pip93428a?api-version=2024-01-01",
      "RequestMethod": "GET",
      "RequestHeaders": {
        "Accept": "application/json",
        "Authorization": "Sanitized",
        "Content-Length": "0",
        "Date": "Fri, 26 Jul 2024 08:10:57 GMT",
        "User-Agent": "azsdk-java-com.azure.resourcemanager.network/2.42.0-beta.1 (17.0.7; Windows 11; 10.0)",
        "x-ms-client-request-id": "Sanitized",
        "x-ms-return-client-request-id": "true"
      },
      "RequestBody": null,
      "StatusCode": 200,
      "ResponseHeaders": {
        "Cache-Control": "no-cache",
        "Content-Length": "600",
        "Content-Type": "application/json; charset=utf-8",
        "Date": "Fri, 26 Jul 2024 08:10:59 GMT",
        "ETag": "W/\"e9a47233-80c8-4de3-8f3d-89448e19799e\"",
        "Expires": "-1",
        "Pragma": "no-cache",
        "Strict-Transport-Security": "max-age=31536000; includeSubDomains",
        "X-Cache": "CONFIG_NOCACHE",
        "X-Content-Type-Options": "nosniff",
        "x-ms-arm-service-request-id": "5db01e5c-d604-40d5-8e0f-3bf2b40ed04f",
        "x-ms-client-request-id": "Sanitized",
        "x-ms-correlation-request-id": "369b063a-dc79-4d06-a77b-cdc7fc467172",
        "x-ms-ratelimit-remaining-subscription-reads": "11999",
        "x-ms-request-id": "Sanitized",
        "x-ms-routing-request-id": "JAPANEAST:20240726T081100Z:369b063a-dc79-4d06-a77b-cdc7fc467172",
        "X-MSEdge-Ref": "Ref A: 7CCDB65613344CD8BD1B50AD26075C12 Ref B: TYO201100116007 Ref C: 2024-07-26T08:10:59Z"
      },
      "ResponseBody": {
        "name": "pip93428a",
        "id": "/subscriptions/00000000-0000-0000-0000-000000000000/resourceGroups/rg66368d/providers/Microsoft.Network/publicIPAddresses/pip93428a",
        "etag": "Sanitized",
        "location": "eastus",
        "tags": {},
        "properties": {
          "provisioningState": "Succeeded",
          "resourceGuid": "0cf0f918-e38c-49f1-99b5-85fd9ccca461",
          "publicIPAddressVersion": "IPv4",
          "publicIPAllocationMethod": "Dynamic",
          "idleTimeoutInMinutes": 4,
          "dnsSettings": {
            "domainNameLabel": "contoso13574f",
            "fqdn": "contoso13574f.eastus.cloudapp.azure.com"
          },
          "ipTags": []
        },
        "type": "Microsoft.Network/publicIPAddresses",
        "sku": {
          "name": "Basic",
          "tier": "Regional"
        }
      }
    },
    {
      "RequestUri": "https://REDACTED/subscriptions/00000000-0000-0000-0000-000000000000/resourceGroups/rg66368d/providers/Microsoft.Network/trafficmanagerprofiles/nestedtm223124/AzureEndpoints/azure-ep-1?api-version=2022-04-01",
      "RequestMethod": "PUT",
      "RequestHeaders": {
        "Accept": "application/json",
        "Authorization": "Sanitized",
        "Content-Length": "100",
        "Content-Type": "application/json",
        "Date": "Fri, 26 Jul 2024 08:10:58 GMT",
        "User-Agent": "azsdk-java-com.azure.resourcemanager.trafficmanager/2.42.0-beta.1 (17.0.7; Windows 11; 10.0)",
        "x-ms-client-request-id": "Sanitized",
        "x-ms-return-client-request-id": "true"
      },
      "RequestBody": {
        "properties": {
          "targetResourceId": "Sanitized",
          "endpointStatus": "Disabled",
          "weight": 1,
          "priority": 11
        }
      },
      "StatusCode": 201,
      "ResponseHeaders": {
        "Cache-Control": "private",
        "Content-Length": "525",
        "Content-Type": "application/json; charset=utf-8",
        "Date": "Fri, 26 Jul 2024 08:11:01 GMT",
        "Strict-Transport-Security": "max-age=31536000; includeSubDomains",
        "X-AspNet-Version": "4.0.30319",
        "X-Cache": "CONFIG_NOCACHE",
        "X-Content-Type-Options": "nosniff",
        "x-ms-correlation-request-id": "87800839-26db-4b3a-bec8-d58d9f96d321",
        "x-ms-ratelimit-remaining-subscription-resource-requests": "249",
        "x-ms-request-id": "Sanitized",
        "x-ms-routing-request-id": "JAPANEAST:20240726T081102Z:87800839-26db-4b3a-bec8-d58d9f96d321",
        "X-MSEdge-Ref": "Ref A: 81ED882B75C64CCDB51230D51EF05DDF Ref B: TYO201100116007 Ref C: 2024-07-26T08:11:00Z",
        "X-Powered-By": "ASP.NET"
      },
      "ResponseBody": {
        "id": "/subscriptions/00000000-0000-0000-0000-000000000000/resourceGroups/rg66368d/providers/Microsoft.Network/trafficManagerProfiles/nestedtm223124/azureEndpoints/azure-ep-1",
        "name": "azure-ep-1",
        "type": "Microsoft.Network/trafficManagerProfiles/azureEndpoints",
        "properties": {
          "endpointStatus": "Disabled",
          "endpointMonitorStatus": "Disabled",
          "targetResourceId": "Sanitized",
          "target": "contoso13574f.eastus.cloudapp.azure.com",
          "weight": 1,
          "priority": 11,
          "endpointLocation": "East US",
          "minChildEndpoints": null,
          "alwaysServe": "Disabled"
        }
      }
    },
    {
      "RequestUri": "https://REDACTED/subscriptions/00000000-0000-0000-0000-000000000000/resourceGroups/rg66368d/providers/Microsoft.Network/trafficmanagerprofiles/nestedtm223124?api-version=2022-04-01",
      "RequestMethod": "PUT",
      "RequestHeaders": {
        "Accept": "application/json",
        "Authorization": "Sanitized",
        "Content-Length": "1590",
        "Content-Type": "application/json",
        "Date": "Fri, 26 Jul 2024 08:10:59 GMT",
        "User-Agent": "azsdk-java-com.azure.resourcemanager.trafficmanager/2.42.0-beta.1 (17.0.7; Windows 11; 10.0)",
        "x-ms-client-request-id": "Sanitized",
        "x-ms-return-client-request-id": "true"
      },
      "RequestBody": {
        "location": "global",
        "tags": {},
        "id": "/subscriptions/00000000-0000-0000-0000-000000000000/resourceGroups/rg66368d/providers/Microsoft.Network/trafficManagerProfiles/nestedtm223124",
        "name": "nestedtm223124",
        "type": "Microsoft.Network/trafficManagerProfiles",
        "properties": {
          "profileStatus": "Enabled",
          "trafficRoutingMethod": "Priority",
          "dnsConfig": {
            "relativeName": "nestedtmdns19067",
            "ttl": 500
          },
          "monitorConfig": {
            "profileMonitorStatus": "CheckingEndpoints",
            "protocol": "HTTPS",
            "port": 443,
            "path": "/",
            "intervalInSeconds": 30,
            "timeoutInSeconds": 10,
            "toleratedNumberOfFailures": 3
          },
          "endpoints": [
            {
              "id": "/subscriptions/00000000-0000-0000-0000-000000000000/resourceGroups/rg66368d/providers/Microsoft.Network/trafficManagerProfiles/nestedtm223124/azureEndpoints/azure-ep-1",
              "name": "azure-ep-1",
              "type": "Microsoft.Network/trafficManagerProfiles/azureEndpoints",
              "properties": {
                "targetResourceId": "Sanitized",
                "target": "contoso13574f.eastus.cloudapp.azure.com",
                "endpointStatus": "Disabled",
                "weight": 1,
                "priority": 11,
                "endpointLocation": "East US",
                "endpointMonitorStatus": "Disabled",
                "alwaysServe": "Disabled"
              }
            },
            {
              "id": "/subscriptions/00000000-0000-0000-0000-000000000000/resourceGroups/rg66368d/providers/Microsoft.Network/trafficManagerProfiles/nestedtm223124/externalEndpoints/external-ep-1",
              "name": "external-ep-1",
              "type": "Microsoft.Network/trafficManagerProfiles/externalEndpoints",
              "properties": {
                "target": "www.gitbook.com",
                "endpointStatus": "Enabled",
                "weight": 1,
                "priority": 1,
                "endpointLocation": "Central India",
                "endpointMonitorStatus": "CheckingEndpoint",
                "alwaysServe": "Disabled"
              }
            }
          ],
          "trafficViewEnrollmentStatus": "Disabled"
        }
      },
      "StatusCode": 200,
      "ResponseHeaders": {
        "Cache-Control": "private",
        "Content-Length": "1744",
        "Content-Type": "application/json; charset=utf-8",
        "Date": "Fri, 26 Jul 2024 08:11:07 GMT",
        "Strict-Transport-Security": "max-age=31536000; includeSubDomains",
        "X-AspNet-Version": "4.0.30319",
        "X-Cache": "CONFIG_NOCACHE",
        "X-Content-Type-Options": "nosniff",
        "x-ms-correlation-request-id": "27cf7314-86d1-42af-adbb-e8a705d2f8d1",
        "x-ms-ratelimit-remaining-subscription-resource-requests": "4499",
        "x-ms-request-id": "Sanitized",
        "x-ms-routing-request-id": "JAPANEAST:20240726T081107Z:27cf7314-86d1-42af-adbb-e8a705d2f8d1",
        "X-MSEdge-Ref": "Ref A: 4E35B523E93C429898B60675BF4E6688 Ref B: TYO201100116007 Ref C: 2024-07-26T08:11:02Z",
        "X-Powered-By": "ASP.NET"
      },
      "ResponseBody": {
        "id": "/subscriptions/00000000-0000-0000-0000-000000000000/resourceGroups/rg66368d/providers/Microsoft.Network/trafficManagerProfiles/nestedtm223124",
        "name": "nestedtm223124",
        "type": "Microsoft.Network/trafficManagerProfiles",
        "location": "global",
        "tags": {},
        "properties": {
          "profileStatus": "Enabled",
          "trafficRoutingMethod": "Priority",
          "dnsConfig": {
            "relativeName": "nestedtmdns19067",
            "fqdn": "nestedtmdns19067.trafficmanager.net",
            "ttl": 500
          },
          "monitorConfig": {
            "profileMonitorStatus": "CheckingEndpoints",
            "protocol": "HTTPS",
            "port": 443,
            "path": "/",
            "intervalInSeconds": 30,
            "toleratedNumberOfFailures": 3,
            "timeoutInSeconds": 10
          },
          "endpoints": [
            {
              "id": "/subscriptions/00000000-0000-0000-0000-000000000000/resourceGroups/rg66368d/providers/Microsoft.Network/trafficManagerProfiles/nestedtm223124/externalEndpoints/external-ep-1",
              "name": "external-ep-1",
              "type": "Microsoft.Network/trafficManagerProfiles/externalEndpoints",
              "properties": {
                "endpointStatus": "Enabled",
                "endpointMonitorStatus": "CheckingEndpoint",
                "targetResourceId": null,
                "target": "www.gitbook.com",
                "weight": 1,
                "priority": 1,
                "endpointLocation": "Central India",
                "minChildEndpoints": null,
                "alwaysServe": "Disabled"
              }
            },
            {
              "id": "/subscriptions/00000000-0000-0000-0000-000000000000/resourceGroups/rg66368d/providers/Microsoft.Network/trafficManagerProfiles/nestedtm223124/azureEndpoints/azure-ep-1",
              "name": "azure-ep-1",
              "type": "Microsoft.Network/trafficManagerProfiles/azureEndpoints",
              "properties": {
                "endpointStatus": "Disabled",
                "endpointMonitorStatus": "Disabled",
                "targetResourceId": "Sanitized",
                "target": "contoso13574f.eastus.cloudapp.azure.com",
                "weight": 1,
                "priority": 11,
                "endpointLocation": "East US",
                "minChildEndpoints": null,
                "alwaysServe": "Disabled"
              }
            }
          ],
          "trafficViewEnrollmentStatus": "Disabled",
          "maxReturn": null,
          "recordType": null
        }
      }
    },
    {
      "RequestUri": "https://REDACTED/subscriptions/00000000-0000-0000-0000-000000000000/resourceGroups/rg66368d/providers/Microsoft.Network/trafficmanagerprofiles/nestedtm223124?api-version=2022-04-01",
      "RequestMethod": "GET",
      "RequestHeaders": {
        "Accept": "application/json",
        "Authorization": "Sanitized",
        "Content-Length": "0",
        "Content-Type": "application/json",
        "Date": "Fri, 26 Jul 2024 08:11:05 GMT",
        "User-Agent": "azsdk-java-com.azure.resourcemanager.trafficmanager/2.42.0-beta.1 (17.0.7; Windows 11; 10.0)",
        "x-ms-client-request-id": "Sanitized",
        "x-ms-return-client-request-id": "true"
      },
      "RequestBody": null,
      "StatusCode": 200,
      "ResponseHeaders": {
        "Cache-Control": "private",
        "Content-Length": "1744",
        "Content-Type": "application/json; charset=utf-8",
        "Date": "Fri, 26 Jul 2024 08:11:07 GMT",
        "Strict-Transport-Security": "max-age=31536000; includeSubDomains",
        "X-AspNet-Version": "4.0.30319",
        "X-Cache": "CONFIG_NOCACHE",
        "X-Content-Type-Options": "nosniff",
        "x-ms-correlation-request-id": "831652b4-34e0-4d99-906b-6f7815521e18",
        "x-ms-ratelimit-remaining-subscription-resource-requests": "1999",
        "x-ms-request-id": "Sanitized",
        "x-ms-routing-request-id": "JAPANEAST:20240726T081108Z:831652b4-34e0-4d99-906b-6f7815521e18",
        "X-MSEdge-Ref": "Ref A: E8F7F3C77F58492490DE5B0D708F5262 Ref B: TYO201100116007 Ref C: 2024-07-26T08:11:07Z",
        "X-Powered-By": "ASP.NET"
      },
      "ResponseBody": {
        "id": "/subscriptions/00000000-0000-0000-0000-000000000000/resourceGroups/rg66368d/providers/Microsoft.Network/trafficManagerProfiles/nestedtm223124",
        "name": "nestedtm223124",
        "type": "Microsoft.Network/trafficManagerProfiles",
        "location": "global",
        "tags": {},
        "properties": {
          "profileStatus": "Enabled",
          "trafficRoutingMethod": "Priority",
          "dnsConfig": {
            "relativeName": "nestedtmdns19067",
            "fqdn": "nestedtmdns19067.trafficmanager.net",
            "ttl": 500
          },
          "monitorConfig": {
            "profileMonitorStatus": "CheckingEndpoints",
            "protocol": "HTTPS",
            "port": 443,
            "path": "/",
            "intervalInSeconds": 30,
            "toleratedNumberOfFailures": 3,
            "timeoutInSeconds": 10
          },
          "endpoints": [
            {
              "id": "/subscriptions/00000000-0000-0000-0000-000000000000/resourceGroups/rg66368d/providers/Microsoft.Network/trafficManagerProfiles/nestedtm223124/externalEndpoints/external-ep-1",
              "name": "external-ep-1",
              "type": "Microsoft.Network/trafficManagerProfiles/externalEndpoints",
              "properties": {
                "endpointStatus": "Enabled",
                "endpointMonitorStatus": "CheckingEndpoint",
                "targetResourceId": null,
                "target": "www.gitbook.com",
                "weight": 1,
                "priority": 1,
                "endpointLocation": "Central India",
                "minChildEndpoints": null,
                "alwaysServe": "Disabled"
              }
            },
            {
              "id": "/subscriptions/00000000-0000-0000-0000-000000000000/resourceGroups/rg66368d/providers/Microsoft.Network/trafficManagerProfiles/nestedtm223124/azureEndpoints/azure-ep-1",
              "name": "azure-ep-1",
              "type": "Microsoft.Network/trafficManagerProfiles/azureEndpoints",
              "properties": {
                "endpointStatus": "Disabled",
                "endpointMonitorStatus": "Disabled",
                "targetResourceId": "Sanitized",
                "target": "contoso13574f.eastus.cloudapp.azure.com",
                "weight": 1,
                "priority": 11,
                "endpointLocation": "East US",
                "minChildEndpoints": null,
                "alwaysServe": "Disabled"
              }
            }
          ],
          "trafficViewEnrollmentStatus": "Disabled",
          "maxReturn": null,
          "recordType": null
        }
      }
    },
    {
      "RequestUri": "https://REDACTED/subscriptions/00000000-0000-0000-0000-000000000000/resourceGroups/rg66368d/providers/Microsoft.Network/trafficmanagerprofiles/nestedtm223124?api-version=2022-04-01",
      "RequestMethod": "GET",
      "RequestHeaders": {
        "Accept": "application/json",
        "Authorization": "Sanitized",
        "Content-Length": "0",
        "Content-Type": "application/json",
        "Date": "Fri, 26 Jul 2024 08:11:06 GMT",
        "User-Agent": "azsdk-java-com.azure.resourcemanager.trafficmanager/2.42.0-beta.1 (17.0.7; Windows 11; 10.0)",
        "x-ms-client-request-id": "Sanitized",
        "x-ms-return-client-request-id": "true"
      },
      "RequestBody": null,
      "StatusCode": 200,
      "ResponseHeaders": {
        "Cache-Control": "private",
        "Content-Length": "1744",
        "Content-Type": "application/json; charset=utf-8",
        "Date": "Fri, 26 Jul 2024 08:11:08 GMT",
        "Strict-Transport-Security": "max-age=31536000; includeSubDomains",
        "X-AspNet-Version": "4.0.30319",
        "X-Cache": "CONFIG_NOCACHE",
        "X-Content-Type-Options": "nosniff",
        "x-ms-correlation-request-id": "bfaf96d7-9718-4c1e-9654-ff77fbc6aff5",
        "x-ms-ratelimit-remaining-subscription-resource-requests": "1998",
        "x-ms-request-id": "Sanitized",
        "x-ms-routing-request-id": "JAPANEAST:20240726T081108Z:bfaf96d7-9718-4c1e-9654-ff77fbc6aff5",
        "X-MSEdge-Ref": "Ref A: B59BC8BC163B4156A3271EED4685800C Ref B: TYO201100116007 Ref C: 2024-07-26T08:11:08Z",
        "X-Powered-By": "ASP.NET"
      },
      "ResponseBody": {
        "id": "/subscriptions/00000000-0000-0000-0000-000000000000/resourceGroups/rg66368d/providers/Microsoft.Network/trafficManagerProfiles/nestedtm223124",
        "name": "nestedtm223124",
        "type": "Microsoft.Network/trafficManagerProfiles",
        "location": "global",
        "tags": {},
        "properties": {
          "profileStatus": "Enabled",
          "trafficRoutingMethod": "Priority",
          "dnsConfig": {
            "relativeName": "nestedtmdns19067",
            "fqdn": "nestedtmdns19067.trafficmanager.net",
            "ttl": 500
          },
          "monitorConfig": {
            "profileMonitorStatus": "CheckingEndpoints",
            "protocol": "HTTPS",
            "port": 443,
            "path": "/",
            "intervalInSeconds": 30,
            "toleratedNumberOfFailures": 3,
            "timeoutInSeconds": 10
          },
          "endpoints": [
            {
              "id": "/subscriptions/00000000-0000-0000-0000-000000000000/resourceGroups/rg66368d/providers/Microsoft.Network/trafficManagerProfiles/nestedtm223124/externalEndpoints/external-ep-1",
              "name": "external-ep-1",
              "type": "Microsoft.Network/trafficManagerProfiles/externalEndpoints",
              "properties": {
                "endpointStatus": "Enabled",
                "endpointMonitorStatus": "CheckingEndpoint",
                "targetResourceId": null,
                "target": "www.gitbook.com",
                "weight": 1,
                "priority": 1,
                "endpointLocation": "Central India",
                "minChildEndpoints": null,
                "alwaysServe": "Disabled"
              }
            },
            {
              "id": "/subscriptions/00000000-0000-0000-0000-000000000000/resourceGroups/rg66368d/providers/Microsoft.Network/trafficManagerProfiles/nestedtm223124/azureEndpoints/azure-ep-1",
              "name": "azure-ep-1",
              "type": "Microsoft.Network/trafficManagerProfiles/azureEndpoints",
              "properties": {
                "endpointStatus": "Disabled",
                "endpointMonitorStatus": "Disabled",
                "targetResourceId": "Sanitized",
                "target": "contoso13574f.eastus.cloudapp.azure.com",
                "weight": 1,
                "priority": 11,
                "endpointLocation": "East US",
                "minChildEndpoints": null,
                "alwaysServe": "Disabled"
              }
            }
          ],
          "trafficViewEnrollmentStatus": "Disabled",
          "maxReturn": null,
          "recordType": null
        }
      }
    },
    {
      "RequestUri": "https://REDACTED/subscriptions/00000000-0000-0000-0000-000000000000/resourceGroups/rg66368d/providers/Microsoft.Network/trafficmanagerprofiles/nestedtm223124/AzureEndpoints/azure-ep-1?api-version=2022-04-01",
      "RequestMethod": "DELETE",
      "RequestHeaders": {
        "Accept": "application/json",
        "Authorization": "Sanitized",
        "Content-Length": "0",
        "Content-Type": "application/json",
        "Date": "Fri, 26 Jul 2024 08:11:06 GMT",
        "User-Agent": "azsdk-java-com.azure.resourcemanager.trafficmanager/2.42.0-beta.1 (17.0.7; Windows 11; 10.0)",
        "x-ms-client-request-id": "Sanitized",
        "x-ms-return-client-request-id": "true"
      },
      "RequestBody": null,
      "StatusCode": 200,
      "ResponseHeaders": {
        "Cache-Control": "private",
        "Content-Length": "31",
        "Content-Type": "application/json; charset=utf-8",
        "Date": "Fri, 26 Jul 2024 08:11:09 GMT",
        "Strict-Transport-Security": "max-age=31536000; includeSubDomains",
        "X-AspNet-Version": "4.0.30319",
        "X-Cache": "CONFIG_NOCACHE",
        "X-Content-Type-Options": "nosniff",
        "x-ms-correlation-request-id": "6b019452-5a0a-407a-869e-a90c6c8515c2",
        "x-ms-ratelimit-remaining-subscription-deletes": "14999",
        "x-ms-request-id": "Sanitized",
        "x-ms-routing-request-id": "JAPANEAST:20240726T081109Z:6b019452-5a0a-407a-869e-a90c6c8515c2",
        "X-MSEdge-Ref": "Ref A: AFCCC027698A45F0B8E25971EF55D1FF Ref B: TYO201100117047 Ref C: 2024-07-26T08:11:08Z",
        "X-Powered-By": "ASP.NET"
      },
      "ResponseBody": {
        "properties": {
          "boolean": true
        }
      }
    },
    {
      "RequestUri": "https://REDACTED/subscriptions/00000000-0000-0000-0000-000000000000/resourceGroups/rg66368d/providers/Microsoft.Network/trafficmanagerprofiles/nestedtm223124?api-version=2022-04-01",
      "RequestMethod": "PUT",
      "RequestHeaders": {
        "Accept": "application/json",
        "Authorization": "Sanitized",
        "Content-Length": "1089",
        "Content-Type": "application/json",
        "Date": "Fri, 26 Jul 2024 08:11:07 GMT",
        "User-Agent": "azsdk-java-com.azure.resourcemanager.trafficmanager/2.42.0-beta.1 (17.0.7; Windows 11; 10.0)",
        "x-ms-client-request-id": "Sanitized",
        "x-ms-return-client-request-id": "true"
      },
      "RequestBody": {
        "location": "global",
        "tags": {},
        "id": "/subscriptions/00000000-0000-0000-0000-000000000000/resourceGroups/rg66368d/providers/Microsoft.Network/trafficManagerProfiles/nestedtm223124",
        "name": "nestedtm223124",
        "type": "Microsoft.Network/trafficManagerProfiles",
        "properties": {
          "profileStatus": "Enabled",
          "trafficRoutingMethod": "Priority",
          "dnsConfig": {
            "relativeName": "nestedtmdns19067",
            "ttl": 500
          },
          "monitorConfig": {
            "profileMonitorStatus": "CheckingEndpoints",
            "protocol": "HTTPS",
            "port": 443,
            "path": "/",
            "intervalInSeconds": 30,
            "timeoutInSeconds": 10,
            "toleratedNumberOfFailures": 3
          },
          "endpoints": [
            {
              "id": "/subscriptions/00000000-0000-0000-0000-000000000000/resourceGroups/rg66368d/providers/Microsoft.Network/trafficManagerProfiles/nestedtm223124/externalEndpoints/external-ep-1",
              "name": "external-ep-1",
              "type": "Microsoft.Network/trafficManagerProfiles/externalEndpoints",
              "properties": {
                "target": "www.gitbook.com",
                "endpointStatus": "Enabled",
                "weight": 1,
                "priority": 1,
                "endpointLocation": "Central India",
                "endpointMonitorStatus": "CheckingEndpoint",
                "alwaysServe": "Disabled"
              }
            }
          ],
          "trafficViewEnrollmentStatus": "Disabled"
        }
      },
      "StatusCode": 200,
      "ResponseHeaders": {
        "Cache-Control": "private",
        "Content-Length": "1218",
        "Content-Type": "application/json; charset=utf-8",
        "Date": "Fri, 26 Jul 2024 08:11:13 GMT",
        "Strict-Transport-Security": "max-age=31536000; includeSubDomains",
        "X-AspNet-Version": "4.0.30319",
        "X-Cache": "CONFIG_NOCACHE",
        "X-Content-Type-Options": "nosniff",
        "x-ms-correlation-request-id": "69771746-6f9c-4553-bfab-607ce5a02089",
        "x-ms-ratelimit-remaining-subscription-resource-requests": "4499",
        "x-ms-request-id": "Sanitized",
        "x-ms-routing-request-id": "JAPANEAST:20240726T081114Z:69771746-6f9c-4553-bfab-607ce5a02089",
        "X-MSEdge-Ref": "Ref A: 430D8F5B4A2D4FC38198B23CB3693341 Ref B: TYO201100117047 Ref C: 2024-07-26T08:11:09Z",
        "X-Powered-By": "ASP.NET"
      },
      "ResponseBody": {
        "id": "/subscriptions/00000000-0000-0000-0000-000000000000/resourceGroups/rg66368d/providers/Microsoft.Network/trafficManagerProfiles/nestedtm223124",
        "name": "nestedtm223124",
        "type": "Microsoft.Network/trafficManagerProfiles",
        "location": "global",
        "tags": {},
        "properties": {
          "profileStatus": "Enabled",
          "trafficRoutingMethod": "Priority",
          "dnsConfig": {
            "relativeName": "nestedtmdns19067",
            "fqdn": "nestedtmdns19067.trafficmanager.net",
            "ttl": 500
          },
          "monitorConfig": {
            "profileMonitorStatus": "CheckingEndpoints",
            "protocol": "HTTPS",
            "port": 443,
            "path": "/",
            "intervalInSeconds": 30,
            "toleratedNumberOfFailures": 3,
            "timeoutInSeconds": 10
          },
          "endpoints": [
            {
              "id": "/subscriptions/00000000-0000-0000-0000-000000000000/resourceGroups/rg66368d/providers/Microsoft.Network/trafficManagerProfiles/nestedtm223124/externalEndpoints/external-ep-1",
              "name": "external-ep-1",
              "type": "Microsoft.Network/trafficManagerProfiles/externalEndpoints",
              "properties": {
                "endpointStatus": "Enabled",
                "endpointMonitorStatus": "CheckingEndpoint",
                "targetResourceId": null,
                "target": "www.gitbook.com",
                "weight": 1,
                "priority": 1,
                "endpointLocation": "Central India",
                "minChildEndpoints": null,
                "alwaysServe": "Disabled"
              }
            }
          ],
          "trafficViewEnrollmentStatus": "Disabled",
          "maxReturn": null,
          "recordType": null
        }
      }
    },
    {
      "RequestUri": "https://REDACTED/subscriptions/00000000-0000-0000-0000-000000000000/resourceGroups/rg66368d/providers/Microsoft.Network/trafficmanagerprofiles/nestedtm223124?api-version=2022-04-01",
      "RequestMethod": "GET",
      "RequestHeaders": {
        "Accept": "application/json",
        "Authorization": "Sanitized",
        "Content-Length": "0",
        "Content-Type": "application/json",
        "Date": "Fri, 26 Jul 2024 08:11:12 GMT",
        "User-Agent": "azsdk-java-com.azure.resourcemanager.trafficmanager/2.42.0-beta.1 (17.0.7; Windows 11; 10.0)",
        "x-ms-client-request-id": "Sanitized",
        "x-ms-return-client-request-id": "true"
      },
      "RequestBody": null,
      "StatusCode": 200,
      "ResponseHeaders": {
        "Cache-Control": "private",
        "Content-Length": "1218",
        "Content-Type": "application/json; charset=utf-8",
        "Date": "Fri, 26 Jul 2024 08:11:14 GMT",
        "Strict-Transport-Security": "max-age=31536000; includeSubDomains",
        "X-AspNet-Version": "4.0.30319",
        "X-Cache": "CONFIG_NOCACHE",
        "X-Content-Type-Options": "nosniff",
        "x-ms-correlation-request-id": "277736aa-7dcf-4486-b8a1-a3fea0e7afd2",
        "x-ms-ratelimit-remaining-subscription-resource-requests": "1999",
        "x-ms-request-id": "Sanitized",
        "x-ms-routing-request-id": "JAPANEAST:20240726T081114Z:277736aa-7dcf-4486-b8a1-a3fea0e7afd2",
        "X-MSEdge-Ref": "Ref A: F0F3ABA7B6BA41FAA4BC20844FAEF1E7 Ref B: TYO201100117047 Ref C: 2024-07-26T08:11:14Z",
        "X-Powered-By": "ASP.NET"
      },
      "ResponseBody": {
        "id": "/subscriptions/00000000-0000-0000-0000-000000000000/resourceGroups/rg66368d/providers/Microsoft.Network/trafficManagerProfiles/nestedtm223124",
        "name": "nestedtm223124",
        "type": "Microsoft.Network/trafficManagerProfiles",
        "location": "global",
        "tags": {},
        "properties": {
          "profileStatus": "Enabled",
          "trafficRoutingMethod": "Priority",
          "dnsConfig": {
            "relativeName": "nestedtmdns19067",
            "fqdn": "nestedtmdns19067.trafficmanager.net",
            "ttl": 500
          },
          "monitorConfig": {
            "profileMonitorStatus": "CheckingEndpoints",
            "protocol": "HTTPS",
            "port": 443,
            "path": "/",
            "intervalInSeconds": 30,
            "toleratedNumberOfFailures": 3,
            "timeoutInSeconds": 10
          },
          "endpoints": [
            {
              "id": "/subscriptions/00000000-0000-0000-0000-000000000000/resourceGroups/rg66368d/providers/Microsoft.Network/trafficManagerProfiles/nestedtm223124/externalEndpoints/external-ep-1",
              "name": "external-ep-1",
              "type": "Microsoft.Network/trafficManagerProfiles/externalEndpoints",
              "properties": {
                "endpointStatus": "Enabled",
                "endpointMonitorStatus": "CheckingEndpoint",
                "targetResourceId": null,
                "target": "www.gitbook.com",
                "weight": 1,
                "priority": 1,
                "endpointLocation": "Central India",
                "minChildEndpoints": null,
                "alwaysServe": "Disabled"
              }
            }
          ],
          "trafficViewEnrollmentStatus": "Disabled",
          "maxReturn": null,
          "recordType": null
        }
      }
    },
    {
      "RequestUri": "https://REDACTED/subscriptions/00000000-0000-0000-0000-000000000000/resourceGroups/rg66368d/providers/Microsoft.Network/trafficmanagerprofiles/nestedtm223124?api-version=2022-04-01",
      "RequestMethod": "GET",
      "RequestHeaders": {
        "Accept": "application/json",
        "Authorization": "Sanitized",
        "Content-Length": "0",
        "Content-Type": "application/json",
        "Date": "Fri, 26 Jul 2024 08:11:12 GMT",
        "User-Agent": "azsdk-java-com.azure.resourcemanager.trafficmanager/2.42.0-beta.1 (17.0.7; Windows 11; 10.0)",
        "x-ms-client-request-id": "Sanitized",
        "x-ms-return-client-request-id": "true"
      },
      "RequestBody": null,
      "StatusCode": 200,
      "ResponseHeaders": {
        "Cache-Control": "private",
        "Content-Length": "1218",
        "Content-Type": "application/json; charset=utf-8",
        "Date": "Fri, 26 Jul 2024 08:11:15 GMT",
        "Strict-Transport-Security": "max-age=31536000; includeSubDomains",
        "X-AspNet-Version": "4.0.30319",
        "X-Cache": "CONFIG_NOCACHE",
        "X-Content-Type-Options": "nosniff",
        "x-ms-correlation-request-id": "e3ef003f-3edd-4645-9cb8-2c8deafc6bd3",
        "x-ms-ratelimit-remaining-subscription-resource-requests": "1999",
        "x-ms-request-id": "Sanitized",
        "x-ms-routing-request-id": "JAPANEAST:20240726T081115Z:e3ef003f-3edd-4645-9cb8-2c8deafc6bd3",
        "X-MSEdge-Ref": "Ref A: B6CA4AEA2C6A4C63817B48773BED109C Ref B: TYO201100117047 Ref C: 2024-07-26T08:11:14Z",
        "X-Powered-By": "ASP.NET"
      },
      "ResponseBody": {
        "id": "/subscriptions/00000000-0000-0000-0000-000000000000/resourceGroups/rg66368d/providers/Microsoft.Network/trafficManagerProfiles/nestedtm223124",
        "name": "nestedtm223124",
        "type": "Microsoft.Network/trafficManagerProfiles",
        "location": "global",
        "tags": {},
        "properties": {
          "profileStatus": "Enabled",
          "trafficRoutingMethod": "Priority",
          "dnsConfig": {
            "relativeName": "nestedtmdns19067",
            "fqdn": "nestedtmdns19067.trafficmanager.net",
            "ttl": 500
          },
          "monitorConfig": {
            "profileMonitorStatus": "CheckingEndpoints",
            "protocol": "HTTPS",
            "port": 443,
            "path": "/",
            "intervalInSeconds": 30,
            "toleratedNumberOfFailures": 3,
            "timeoutInSeconds": 10
          },
          "endpoints": [
            {
              "id": "/subscriptions/00000000-0000-0000-0000-000000000000/resourceGroups/rg66368d/providers/Microsoft.Network/trafficManagerProfiles/nestedtm223124/externalEndpoints/external-ep-1",
              "name": "external-ep-1",
              "type": "Microsoft.Network/trafficManagerProfiles/externalEndpoints",
              "properties": {
                "endpointStatus": "Enabled",
                "endpointMonitorStatus": "CheckingEndpoint",
                "targetResourceId": null,
                "target": "www.gitbook.com",
                "weight": 1,
                "priority": 1,
                "endpointLocation": "Central India",
                "minChildEndpoints": null,
                "alwaysServe": "Disabled"
              }
            }
          ],
          "trafficViewEnrollmentStatus": "Disabled",
          "maxReturn": null,
          "recordType": null
        }
      }
    },
    {
      "RequestUri": "https://REDACTED/subscriptions/00000000-0000-0000-0000-000000000000/resourceGroups/rg66368d/providers/Microsoft.Network/trafficmanagerprofiles/tm223124?api-version=2022-04-01",
      "RequestMethod": "PUT",
      "RequestHeaders": {
        "Accept": "application/json",
        "Authorization": "Sanitized",
        "Content-Length": "204",
        "Content-Type": "application/json",
        "Date": "Fri, 26 Jul 2024 08:11:13 GMT",
        "User-Agent": "azsdk-java-com.azure.resourcemanager.trafficmanager/2.42.0-beta.1 (17.0.7; Windows 11; 10.0)",
        "x-ms-client-request-id": "Sanitized",
        "x-ms-return-client-request-id": "true"
      },
      "RequestBody": {
        "location": "global",
        "tags": {},
        "properties": {
          "trafficRoutingMethod": "Weighted",
          "dnsConfig": {
            "relativeName": "tmdns19067",
            "ttl": 300
          },
          "monitorConfig": {
            "protocol": "HTTP",
            "port": 80,
            "path": "/"
          },
          "endpoints": []
        }
      },
      "StatusCode": 201,
      "ResponseHeaders": {
        "Cache-Control": "private",
        "Content-Length": "665",
        "Content-Type": "application/json; charset=utf-8",
        "Date": "Fri, 26 Jul 2024 08:11:18 GMT",
        "Strict-Transport-Security": "max-age=31536000; includeSubDomains",
        "X-AspNet-Version": "4.0.30319",
        "X-Cache": "CONFIG_NOCACHE",
        "X-Content-Type-Options": "nosniff",
        "x-ms-correlation-request-id": "63392b18-9c9a-455c-b61f-2508970d2d59",
        "x-ms-ratelimit-remaining-subscription-resource-requests": "4499",
        "x-ms-request-id": "Sanitized",
        "x-ms-routing-request-id": "JAPANEAST:20240726T081118Z:63392b18-9c9a-455c-b61f-2508970d2d59",
        "X-MSEdge-Ref": "Ref A: F346D493F91840EB975845273B36816A Ref B: TYO201100117047 Ref C: 2024-07-26T08:11:15Z",
        "X-Powered-By": "ASP.NET"
      },
      "ResponseBody": {
        "id": "/subscriptions/00000000-0000-0000-0000-000000000000/resourceGroups/rg66368d/providers/Microsoft.Network/trafficManagerProfiles/tm223124",
        "name": "tm223124",
        "type": "Microsoft.Network/trafficManagerProfiles",
        "location": "global",
        "tags": {},
        "properties": {
          "profileStatus": "Enabled",
          "trafficRoutingMethod": "Weighted",
          "dnsConfig": {
            "relativeName": "tmdns19067",
            "fqdn": "tmdns19067.trafficmanager.net",
            "ttl": 300
          },
          "monitorConfig": {
            "profileMonitorStatus": "Inactive",
            "protocol": "HTTP",
            "port": 80,
            "path": "/",
            "intervalInSeconds": 30,
            "toleratedNumberOfFailures": 3,
            "timeoutInSeconds": 10
          },
          "endpoints": [],
          "trafficViewEnrollmentStatus": "Disabled",
          "maxReturn": null,
          "recordType": null
        }
      }
    },
    {
      "RequestUri": "https://REDACTED/subscriptions/00000000-0000-0000-0000-000000000000/resourceGroups/rg66368d/providers/Microsoft.Network/trafficmanagerprofiles/tm223124/ExternalEndpoints/external-ep-2?api-version=2022-04-01",
      "RequestMethod": "PUT",
      "RequestHeaders": {
        "Accept": "application/json",
        "Authorization": "Sanitized",
        "Content-Length": "121",
        "Content-Type": "application/json",
        "Date": "Fri, 26 Jul 2024 08:11:16 GMT",
        "User-Agent": "azsdk-java-com.azure.resourcemanager.trafficmanager/2.42.0-beta.1 (17.0.7; Windows 11; 10.0)",
        "x-ms-client-request-id": "Sanitized",
        "x-ms-return-client-request-id": "true"
      },
      "RequestBody": {
        "properties": {
          "target": "www.bing.com",
          "endpointStatus": "Disabled",
          "weight": 1,
          "priority": 2,
          "endpointLocation": "eastus2"
        }
      },
      "StatusCode": 201,
      "ResponseHeaders": {
        "Cache-Control": "private",
        "Content-Length": "498",
        "Content-Type": "application/json; charset=utf-8",
        "Date": "Fri, 26 Jul 2024 08:11:19 GMT",
        "Strict-Transport-Security": "max-age=31536000; includeSubDomains",
        "X-AspNet-Version": "4.0.30319",
        "X-Cache": "CONFIG_NOCACHE",
        "X-Content-Type-Options": "nosniff",
        "x-ms-correlation-request-id": "5d5e636c-2367-41cb-8959-27ffe9394a0d",
        "x-ms-ratelimit-remaining-subscription-resource-requests": "249",
        "x-ms-request-id": "Sanitized",
        "x-ms-routing-request-id": "JAPANEAST:20240726T081120Z:5d5e636c-2367-41cb-8959-27ffe9394a0d",
        "X-MSEdge-Ref": "Ref A: 9DDAEA0C19544705AD5A3B5F32FB2EFC Ref B: TYO201100117047 Ref C: 2024-07-26T08:11:18Z",
        "X-Powered-By": "ASP.NET"
      },
      "ResponseBody": {
        "id": "/subscriptions/00000000-0000-0000-0000-000000000000/resourceGroups/rg66368d/providers/Microsoft.Network/trafficManagerProfiles/tm223124/externalEndpoints/external-ep-2",
        "name": "external-ep-2",
        "type": "Microsoft.Network/trafficManagerProfiles/externalEndpoints",
        "properties": {
          "endpointStatus": "Disabled",
          "endpointMonitorStatus": "Disabled",
          "targetResourceId": null,
          "target": "www.bing.com",
          "weight": 1,
          "priority": 2,
          "endpointLocation": "East US 2",
          "minChildEndpoints": null,
          "alwaysServe": "Disabled"
        }
      }
    },
    {
      "RequestUri": "https://REDACTED/subscriptions/00000000-0000-0000-0000-000000000000/resourceGroups/rg66368d/providers/Microsoft.Network/trafficmanagerprofiles/tm223124/ExternalEndpoints/external-ep-1?api-version=2022-04-01",
      "RequestMethod": "PUT",
      "RequestHeaders": {
        "Accept": "application/json",
        "Authorization": "Sanitized",
        "Content-Length": "120",
        "Content-Type": "application/json",
        "Date": "Fri, 26 Jul 2024 08:11:16 GMT",
        "User-Agent": "azsdk-java-com.azure.resourcemanager.trafficmanager/2.42.0-beta.1 (17.0.7; Windows 11; 10.0)",
        "x-ms-client-request-id": "Sanitized",
        "x-ms-return-client-request-id": "true"
      },
      "RequestBody": {
        "properties": {
          "target": "www.azure.com",
          "endpointStatus": "Enabled",
          "weight": 1,
          "priority": 1,
          "endpointLocation": "eastus"
        }
      },
      "StatusCode": 201,
      "ResponseHeaders": {
        "Cache-Control": "private",
        "Content-Length": "504",
        "Content-Type": "application/json; charset=utf-8",
        "Date": "Fri, 26 Jul 2024 08:11:19 GMT",
        "Strict-Transport-Security": "max-age=31536000; includeSubDomains",
        "X-AspNet-Version": "4.0.30319",
        "X-Cache": "CONFIG_NOCACHE",
        "X-Content-Type-Options": "nosniff",
        "x-ms-correlation-request-id": "61819d98-09f9-4c10-8541-d5c5f8b73851",
        "x-ms-ratelimit-remaining-subscription-resource-requests": "249",
        "x-ms-request-id": "Sanitized",
        "x-ms-routing-request-id": "JAPANEAST:20240726T081120Z:61819d98-09f9-4c10-8541-d5c5f8b73851",
        "X-MSEdge-Ref": "Ref A: 59C5A83BF4FA4FFBBB3BB54B6B9D6FDA Ref B: TYO201100115033 Ref C: 2024-07-26T08:11:19Z",
        "X-Powered-By": "ASP.NET"
      },
      "ResponseBody": {
        "id": "/subscriptions/00000000-0000-0000-0000-000000000000/resourceGroups/rg66368d/providers/Microsoft.Network/trafficManagerProfiles/tm223124/externalEndpoints/external-ep-1",
        "name": "external-ep-1",
        "type": "Microsoft.Network/trafficManagerProfiles/externalEndpoints",
        "properties": {
          "endpointStatus": "Enabled",
          "endpointMonitorStatus": "CheckingEndpoint",
          "targetResourceId": null,
          "target": "www.azure.com",
          "weight": 1,
          "priority": 1,
          "endpointLocation": "East US",
          "minChildEndpoints": null,
          "alwaysServe": "Disabled"
        }
      }
    },
    {
      "RequestUri": "https://REDACTED/subscriptions/00000000-0000-0000-0000-000000000000/resourceGroups/rg66368d/providers/Microsoft.Network/trafficmanagerprofiles/tm223124/NestedEndpoints/nested-profile-ep-1?api-version=2022-04-01",
      "RequestMethod": "PUT",
      "RequestHeaders": {
        "Accept": "application/json",
        "Authorization": "Sanitized",
        "Content-Length": "154",
        "Content-Type": "application/json",
        "Date": "Fri, 26 Jul 2024 08:11:16 GMT",
        "User-Agent": "azsdk-java-com.azure.resourcemanager.trafficmanager/2.42.0-beta.1 (17.0.7; Windows 11; 10.0)",
        "x-ms-client-request-id": "Sanitized",
        "x-ms-return-client-request-id": "true"
      },
      "RequestBody": {
        "properties": {
          "targetResourceId": "Sanitized",
          "endpointStatus": "Enabled",
          "weight": 1,
          "priority": 4,
          "endpointLocation": "centralindia",
          "minChildEndpoints": 1
        }
      },
      "StatusCode": 201,
      "ResponseHeaders": {
        "Cache-Control": "private",
        "Content-Length": "582",
        "Content-Type": "application/json; charset=utf-8",
        "Date": "Fri, 26 Jul 2024 08:11:20 GMT",
        "Strict-Transport-Security": "max-age=31536000; includeSubDomains",
        "X-AspNet-Version": "4.0.30319",
        "X-Cache": "CONFIG_NOCACHE",
        "X-Content-Type-Options": "nosniff",
        "x-ms-correlation-request-id": "780289cb-5495-4335-bb45-fcb629445432",
        "x-ms-ratelimit-remaining-subscription-resource-requests": "249",
        "x-ms-request-id": "Sanitized",
        "x-ms-routing-request-id": "JAPANEAST:20240726T081121Z:780289cb-5495-4335-bb45-fcb629445432",
        "X-MSEdge-Ref": "Ref A: 0D54235AD8B34B53B88DD9DA178B76FB Ref B: TYO201100114037 Ref C: 2024-07-26T08:11:19Z",
        "X-Powered-By": "ASP.NET"
      },
      "ResponseBody": {
        "id": "/subscriptions/00000000-0000-0000-0000-000000000000/resourceGroups/rg66368d/providers/Microsoft.Network/trafficManagerProfiles/tm223124/nestedEndpoints/nested-profile-ep-1",
        "name": "nested-profile-ep-1",
        "type": "Microsoft.Network/trafficManagerProfiles/nestedEndpoints",
        "properties": {
          "endpointStatus": "Enabled",
          "endpointMonitorStatus": null,
          "targetResourceId": "Sanitized",
          "target": "nestedtmdns19067.trafficmanager.net",
          "weight": 1,
          "priority": 4,
          "endpointLocation": "Central India",
          "minChildEndpoints": 1,
          "minChildEndpointsIPv4": 0,
          "minChildEndpointsIPv6": 0,
          "alwaysServe": "Disabled"
        }
      }
    },
    {
      "RequestUri": "https://REDACTED/subscriptions/00000000-0000-0000-0000-000000000000/resourceGroups/rg66368d/providers/Microsoft.Network/trafficmanagerprofiles/tm223124/AzureEndpoints/azure-ep-1?api-version=2022-04-01",
      "RequestMethod": "PUT",
      "RequestHeaders": {
        "Accept": "application/json",
        "Authorization": "Sanitized",
        "Content-Length": "98",
        "Content-Type": "application/json",
        "Date": "Fri, 26 Jul 2024 08:11:16 GMT",
        "User-Agent": "azsdk-java-com.azure.resourcemanager.trafficmanager/2.42.0-beta.1 (17.0.7; Windows 11; 10.0)",
        "x-ms-client-request-id": "Sanitized",
        "x-ms-return-client-request-id": "true"
      },
      "RequestBody": {
        "properties": {
          "targetResourceId": "Sanitized",
          "endpointStatus": "Enabled",
          "weight": 1,
          "priority": 3
        }
      },
      "StatusCode": 201,
      "ResponseHeaders": {
        "Cache-Control": "private",
        "Content-Length": "525",
        "Content-Type": "application/json; charset=utf-8",
        "Date": "Fri, 26 Jul 2024 08:11:31 GMT",
        "Strict-Transport-Security": "max-age=31536000; includeSubDomains",
        "X-AspNet-Version": "4.0.30319",
        "X-Cache": "CONFIG_NOCACHE",
        "X-Content-Type-Options": "nosniff",
        "x-ms-correlation-request-id": "4c02a631-a3a5-4075-8132-cd8836cae266",
        "x-ms-ratelimit-remaining-subscription-resource-requests": "249",
        "x-ms-request-id": "Sanitized",
        "x-ms-routing-request-id": "JAPANEAST:20240726T081131Z:4c02a631-a3a5-4075-8132-cd8836cae266",
        "X-MSEdge-Ref": "Ref A: 6C1B756000EB4AA89CAB44BB8624783A Ref B: TYO201151002009 Ref C: 2024-07-26T08:11:19Z",
        "X-Powered-By": "ASP.NET"
      },
      "ResponseBody": {
        "id": "/subscriptions/00000000-0000-0000-0000-000000000000/resourceGroups/rg66368d/providers/Microsoft.Network/trafficManagerProfiles/tm223124/azureEndpoints/azure-ep-1",
        "name": "azure-ep-1",
        "type": "Microsoft.Network/trafficManagerProfiles/azureEndpoints",
        "properties": {
          "endpointStatus": "Enabled",
          "endpointMonitorStatus": "CheckingEndpoint",
          "targetResourceId": "Sanitized",
          "target": "contoso13574f.eastus.cloudapp.azure.com",
          "weight": 1,
          "priority": 3,
          "endpointLocation": "East US",
          "minChildEndpoints": null,
          "alwaysServe": "Disabled"
        }
      }
    },
    {
      "RequestUri": "https://REDACTED/subscriptions/00000000-0000-0000-0000-000000000000/resourceGroups/rg66368d/providers/Microsoft.Network/trafficmanagerprofiles/tm223124?api-version=2022-04-01",
      "RequestMethod": "GET",
      "RequestHeaders": {
        "Accept": "application/json",
        "Authorization": "Sanitized",
        "Content-Length": "0",
        "Content-Type": "application/json",
        "Date": "Fri, 26 Jul 2024 08:11:29 GMT",
        "User-Agent": "azsdk-java-com.azure.resourcemanager.trafficmanager/2.42.0-beta.1 (17.0.7; Windows 11; 10.0)",
        "x-ms-client-request-id": "Sanitized",
        "x-ms-return-client-request-id": "true"
      },
      "RequestBody": null,
      "StatusCode": 200,
      "ResponseHeaders": {
        "Cache-Control": "private",
        "Content-Length": "2800",
        "Content-Type": "application/json; charset=utf-8",
        "Date": "Fri, 26 Jul 2024 08:11:32 GMT",
        "Strict-Transport-Security": "max-age=31536000; includeSubDomains",
        "X-AspNet-Version": "4.0.30319",
        "X-Cache": "CONFIG_NOCACHE",
        "X-Content-Type-Options": "nosniff",
        "x-ms-correlation-request-id": "a4fabe49-fab9-4baf-a0f3-13bfb8305b98",
        "x-ms-ratelimit-remaining-subscription-resource-requests": "1998",
        "x-ms-request-id": "Sanitized",
        "x-ms-routing-request-id": "JAPANEAST:20240726T081133Z:a4fabe49-fab9-4baf-a0f3-13bfb8305b98",
        "X-MSEdge-Ref": "Ref A: 0F87D6B21D754BA59564EA1B6DC71FDA Ref B: TYO201151002009 Ref C: 2024-07-26T08:11:32Z",
        "X-Powered-By": "ASP.NET"
      },
      "ResponseBody": {
        "id": "/subscriptions/00000000-0000-0000-0000-000000000000/resourceGroups/rg66368d/providers/Microsoft.Network/trafficManagerProfiles/tm223124",
        "name": "tm223124",
        "type": "Microsoft.Network/trafficManagerProfiles",
        "location": "global",
        "tags": {},
        "properties": {
          "profileStatus": "Enabled",
          "trafficRoutingMethod": "Weighted",
          "dnsConfig": {
            "relativeName": "tmdns19067",
            "fqdn": "tmdns19067.trafficmanager.net",
            "ttl": 300
          },
          "monitorConfig": {
            "profileMonitorStatus": "CheckingEndpoints",
            "protocol": "HTTP",
            "port": 80,
            "path": "/",
            "intervalInSeconds": 30,
            "toleratedNumberOfFailures": 3,
            "timeoutInSeconds": 10
          },
          "endpoints": [
            {
              "id": "/subscriptions/00000000-0000-0000-0000-000000000000/resourceGroups/rg66368d/providers/Microsoft.Network/trafficManagerProfiles/tm223124/externalEndpoints/external-ep-1",
              "name": "external-ep-1",
              "type": "Microsoft.Network/trafficManagerProfiles/externalEndpoints",
              "properties": {
                "endpointStatus": "Enabled",
                "endpointMonitorStatus": "CheckingEndpoint",
                "targetResourceId": null,
                "target": "www.azure.com",
                "weight": 1,
                "priority": 1,
                "endpointLocation": "East US",
                "minChildEndpoints": null,
                "alwaysServe": "Disabled"
              }
            },
            {
              "id": "/subscriptions/00000000-0000-0000-0000-000000000000/resourceGroups/rg66368d/providers/Microsoft.Network/trafficManagerProfiles/tm223124/externalEndpoints/external-ep-2",
              "name": "external-ep-2",
              "type": "Microsoft.Network/trafficManagerProfiles/externalEndpoints",
              "properties": {
                "endpointStatus": "Disabled",
                "endpointMonitorStatus": "Disabled",
                "targetResourceId": null,
                "target": "www.bing.com",
                "weight": 1,
                "priority": 2,
                "endpointLocation": "East US 2",
                "minChildEndpoints": null,
                "alwaysServe": "Disabled"
              }
            },
            {
              "id": "/subscriptions/00000000-0000-0000-0000-000000000000/resourceGroups/rg66368d/providers/Microsoft.Network/trafficManagerProfiles/tm223124/azureEndpoints/azure-ep-1",
              "name": "azure-ep-1",
              "type": "Microsoft.Network/trafficManagerProfiles/azureEndpoints",
              "properties": {
                "endpointStatus": "Enabled",
                "endpointMonitorStatus": "CheckingEndpoint",
                "targetResourceId": "Sanitized",
                "target": "contoso13574f.eastus.cloudapp.azure.com",
                "weight": 1,
                "priority": 3,
                "endpointLocation": "East US",
                "minChildEndpoints": null,
                "alwaysServe": "Disabled"
              }
            },
            {
              "id": "/subscriptions/00000000-0000-0000-0000-000000000000/resourceGroups/rg66368d/providers/Microsoft.Network/trafficManagerProfiles/tm223124/nestedEndpoints/nested-profile-ep-1",
              "name": "nested-profile-ep-1",
              "type": "Microsoft.Network/trafficManagerProfiles/nestedEndpoints",
              "properties": {
                "endpointStatus": "Enabled",
                "endpointMonitorStatus": "CheckingEndpoint",
                "targetResourceId": "Sanitized",
                "target": "nestedtmdns19067.trafficmanager.net",
                "weight": 1,
                "priority": 4,
                "endpointLocation": "Central India",
                "minChildEndpoints": 1,
                "minChildEndpointsIPv4": 0,
                "minChildEndpointsIPv6": 0,
                "alwaysServe": "Disabled"
              }
            }
          ],
          "trafficViewEnrollmentStatus": "Disabled",
          "maxReturn": null,
          "recordType": null
        }
      }
    },
    {
      "RequestUri": "https://REDACTED/subscriptions/00000000-0000-0000-0000-000000000000/resourceGroups/rg66368d/providers/Microsoft.Network/trafficmanagerprofiles/tm223124?api-version=2022-04-01",
      "RequestMethod": "GET",
      "RequestHeaders": {
        "Accept": "application/json",
        "Authorization": "Sanitized",
        "Content-Length": "0",
        "Content-Type": "application/json",
        "Date": "Fri, 26 Jul 2024 08:11:30 GMT",
        "User-Agent": "azsdk-java-com.azure.resourcemanager.trafficmanager/2.42.0-beta.1 (17.0.7; Windows 11; 10.0)",
        "x-ms-client-request-id": "Sanitized",
        "x-ms-return-client-request-id": "true"
      },
      "RequestBody": null,
      "StatusCode": 200,
      "ResponseHeaders": {
        "Cache-Control": "private",
        "Content-Length": "2800",
        "Content-Type": "application/json; charset=utf-8",
        "Date": "Fri, 26 Jul 2024 08:11:33 GMT",
        "Strict-Transport-Security": "max-age=31536000; includeSubDomains",
        "X-AspNet-Version": "4.0.30319",
        "X-Cache": "CONFIG_NOCACHE",
        "X-Content-Type-Options": "nosniff",
        "x-ms-correlation-request-id": "efdf4666-b823-4831-b0c0-9af65ab98580",
        "x-ms-ratelimit-remaining-subscription-resource-requests": "1998",
        "x-ms-request-id": "Sanitized",
        "x-ms-routing-request-id": "JAPANEAST:20240726T081133Z:efdf4666-b823-4831-b0c0-9af65ab98580",
        "X-MSEdge-Ref": "Ref A: 75128B62086B4253B36FBFEF88906FE8 Ref B: TYO201151002009 Ref C: 2024-07-26T08:11:33Z",
        "X-Powered-By": "ASP.NET"
      },
      "ResponseBody": {
        "id": "/subscriptions/00000000-0000-0000-0000-000000000000/resourceGroups/rg66368d/providers/Microsoft.Network/trafficManagerProfiles/tm223124",
        "name": "tm223124",
        "type": "Microsoft.Network/trafficManagerProfiles",
        "location": "global",
        "tags": {},
        "properties": {
          "profileStatus": "Enabled",
          "trafficRoutingMethod": "Weighted",
          "dnsConfig": {
            "relativeName": "tmdns19067",
            "fqdn": "tmdns19067.trafficmanager.net",
            "ttl": 300
          },
          "monitorConfig": {
            "profileMonitorStatus": "CheckingEndpoints",
            "protocol": "HTTP",
            "port": 80,
            "path": "/",
            "intervalInSeconds": 30,
            "toleratedNumberOfFailures": 3,
            "timeoutInSeconds": 10
          },
          "endpoints": [
            {
              "id": "/subscriptions/00000000-0000-0000-0000-000000000000/resourceGroups/rg66368d/providers/Microsoft.Network/trafficManagerProfiles/tm223124/externalEndpoints/external-ep-1",
              "name": "external-ep-1",
              "type": "Microsoft.Network/trafficManagerProfiles/externalEndpoints",
              "properties": {
                "endpointStatus": "Enabled",
                "endpointMonitorStatus": "CheckingEndpoint",
                "targetResourceId": null,
                "target": "www.azure.com",
                "weight": 1,
                "priority": 1,
                "endpointLocation": "East US",
                "minChildEndpoints": null,
                "alwaysServe": "Disabled"
              }
            },
            {
              "id": "/subscriptions/00000000-0000-0000-0000-000000000000/resourceGroups/rg66368d/providers/Microsoft.Network/trafficManagerProfiles/tm223124/externalEndpoints/external-ep-2",
              "name": "external-ep-2",
              "type": "Microsoft.Network/trafficManagerProfiles/externalEndpoints",
              "properties": {
                "endpointStatus": "Disabled",
                "endpointMonitorStatus": "Disabled",
                "targetResourceId": null,
                "target": "www.bing.com",
                "weight": 1,
                "priority": 2,
                "endpointLocation": "East US 2",
                "minChildEndpoints": null,
                "alwaysServe": "Disabled"
              }
            },
            {
              "id": "/subscriptions/00000000-0000-0000-0000-000000000000/resourceGroups/rg66368d/providers/Microsoft.Network/trafficManagerProfiles/tm223124/azureEndpoints/azure-ep-1",
              "name": "azure-ep-1",
              "type": "Microsoft.Network/trafficManagerProfiles/azureEndpoints",
              "properties": {
                "endpointStatus": "Enabled",
                "endpointMonitorStatus": "CheckingEndpoint",
                "targetResourceId": "Sanitized",
                "target": "contoso13574f.eastus.cloudapp.azure.com",
                "weight": 1,
                "priority": 3,
                "endpointLocation": "East US",
                "minChildEndpoints": null,
                "alwaysServe": "Disabled"
              }
            },
            {
              "id": "/subscriptions/00000000-0000-0000-0000-000000000000/resourceGroups/rg66368d/providers/Microsoft.Network/trafficManagerProfiles/tm223124/nestedEndpoints/nested-profile-ep-1",
              "name": "nested-profile-ep-1",
              "type": "Microsoft.Network/trafficManagerProfiles/nestedEndpoints",
              "properties": {
                "endpointStatus": "Enabled",
                "endpointMonitorStatus": "CheckingEndpoint",
                "targetResourceId": "Sanitized",
                "target": "nestedtmdns19067.trafficmanager.net",
                "weight": 1,
                "priority": 4,
                "endpointLocation": "Central India",
                "minChildEndpoints": 1,
                "minChildEndpointsIPv4": 0,
                "minChildEndpointsIPv6": 0,
                "alwaysServe": "Disabled"
              }
            }
          ],
          "trafficViewEnrollmentStatus": "Disabled",
          "maxReturn": null,
          "recordType": null
        }
      }
    },
    {
      "RequestUri": "https://REDACTED/subscriptions/00000000-0000-0000-0000-000000000000/providers/Microsoft.Network/trafficmanagerprofiles?api-version=2022-04-01",
      "RequestMethod": "GET",
      "RequestHeaders": {
        "Accept": "application/json",
        "Authorization": "Sanitized",
        "Content-Length": "0",
        "Content-Type": "application/json",
        "Date": "Fri, 26 Jul 2024 08:11:31 GMT",
        "User-Agent": "azsdk-java-com.azure.resourcemanager.trafficmanager/2.42.0-beta.1 (17.0.7; Windows 11; 10.0)",
        "x-ms-client-request-id": "Sanitized",
        "x-ms-return-client-request-id": "true"
      },
      "RequestBody": null,
      "StatusCode": 200,
      "ResponseHeaders": {
        "Cache-Control": "private",
        "Content-Length": "4031",
        "Content-Type": "application/json; charset=utf-8",
        "Date": "Fri, 26 Jul 2024 08:11:34 GMT",
        "Strict-Transport-Security": "max-age=31536000; includeSubDomains",
        "X-AspNet-Version": "4.0.30319",
        "X-Cache": "CONFIG_NOCACHE",
        "X-Content-Type-Options": "nosniff",
        "x-ms-correlation-request-id": "b6ba9cf1-6169-4f31-8869-5891e9617cdc",
        "x-ms-ratelimit-remaining-subscription-resource-requests": "1997",
        "x-ms-request-id": "Sanitized",
        "x-ms-routing-request-id": "JAPANEAST:20240726T081134Z:b6ba9cf1-6169-4f31-8869-5891e9617cdc",
        "X-MSEdge-Ref": "Ref A: 350BD65B80E74017B1ED1F10ADABAE0E Ref B: TYO201151002009 Ref C: 2024-07-26T08:11:33Z",
        "X-Powered-By": "ASP.NET"
      },
      "ResponseBody": {
        "value": [
          {
            "id": "/subscriptions/00000000-0000-0000-0000-000000000000/resourceGroups/rg66368d/providers/Microsoft.Network/trafficManagerProfiles/nestedtm223124",
            "name": "nestedtm223124",
            "type": "Microsoft.Network/trafficManagerProfiles",
            "location": "global",
            "tags": {},
            "properties": {
              "profileStatus": "Enabled",
              "trafficRoutingMethod": "Priority",
              "dnsConfig": {
                "relativeName": "nestedtmdns19067",
                "fqdn": "nestedtmdns19067.trafficmanager.net",
                "ttl": 500
              },
              "monitorConfig": {
                "profileMonitorStatus": "CheckingEndpoints",
                "protocol": "HTTPS",
                "port": 443,
                "path": "/",
                "intervalInSeconds": 30,
                "toleratedNumberOfFailures": 3,
                "timeoutInSeconds": 10
              },
              "endpoints": [
                {
                  "id": "/subscriptions/00000000-0000-0000-0000-000000000000/resourceGroups/rg66368d/providers/Microsoft.Network/trafficManagerProfiles/nestedtm223124/externalEndpoints/external-ep-1",
                  "name": "external-ep-1",
                  "type": "Microsoft.Network/trafficManagerProfiles/externalEndpoints",
                  "properties": {
                    "endpointStatus": "Enabled",
                    "endpointMonitorStatus": "CheckingEndpoint",
                    "targetResourceId": null,
                    "target": "www.gitbook.com",
                    "weight": 1,
                    "priority": 1,
                    "endpointLocation": "Central India",
                    "minChildEndpoints": null,
                    "alwaysServe": "Disabled"
                  }
                }
              ],
              "trafficViewEnrollmentStatus": "Disabled",
              "maxReturn": null,
              "recordType": null
            }
          },
          {
            "id": "/subscriptions/00000000-0000-0000-0000-000000000000/resourceGroups/rg66368d/providers/Microsoft.Network/trafficManagerProfiles/tm223124",
            "name": "tm223124",
            "type": "Microsoft.Network/trafficManagerProfiles",
            "location": "global",
            "tags": {},
            "properties": {
              "profileStatus": "Enabled",
              "trafficRoutingMethod": "Weighted",
              "dnsConfig": {
                "relativeName": "tmdns19067",
                "fqdn": "tmdns19067.trafficmanager.net",
                "ttl": 300
              },
              "monitorConfig": {
                "profileMonitorStatus": "CheckingEndpoints",
                "protocol": "HTTP",
                "port": 80,
                "path": "/",
                "intervalInSeconds": 30,
                "toleratedNumberOfFailures": 3,
                "timeoutInSeconds": 10
              },
              "endpoints": [
                {
                  "id": "/subscriptions/00000000-0000-0000-0000-000000000000/resourceGroups/rg66368d/providers/Microsoft.Network/trafficManagerProfiles/tm223124/externalEndpoints/external-ep-1",
                  "name": "external-ep-1",
                  "type": "Microsoft.Network/trafficManagerProfiles/externalEndpoints",
                  "properties": {
                    "endpointStatus": "Enabled",
                    "endpointMonitorStatus": "CheckingEndpoint",
                    "targetResourceId": null,
                    "target": "www.azure.com",
                    "weight": 1,
                    "priority": 1,
                    "endpointLocation": "East US",
                    "minChildEndpoints": null,
                    "alwaysServe": "Disabled"
                  }
                },
                {
                  "id": "/subscriptions/00000000-0000-0000-0000-000000000000/resourceGroups/rg66368d/providers/Microsoft.Network/trafficManagerProfiles/tm223124/externalEndpoints/external-ep-2",
                  "name": "external-ep-2",
                  "type": "Microsoft.Network/trafficManagerProfiles/externalEndpoints",
                  "properties": {
                    "endpointStatus": "Disabled",
                    "endpointMonitorStatus": "Disabled",
                    "targetResourceId": null,
                    "target": "www.bing.com",
                    "weight": 1,
                    "priority": 2,
                    "endpointLocation": "East US 2",
                    "minChildEndpoints": null,
                    "alwaysServe": "Disabled"
                  }
                },
                {
                  "id": "/subscriptions/00000000-0000-0000-0000-000000000000/resourceGroups/rg66368d/providers/Microsoft.Network/trafficManagerProfiles/tm223124/azureEndpoints/azure-ep-1",
                  "name": "azure-ep-1",
                  "type": "Microsoft.Network/trafficManagerProfiles/azureEndpoints",
                  "properties": {
                    "endpointStatus": "Enabled",
                    "endpointMonitorStatus": "CheckingEndpoint",
                    "targetResourceId": "Sanitized",
                    "target": "contoso13574f.eastus.cloudapp.azure.com",
                    "weight": 1,
                    "priority": 3,
                    "endpointLocation": "East US",
                    "minChildEndpoints": null,
                    "alwaysServe": "Disabled"
                  }
                },
                {
                  "id": "/subscriptions/00000000-0000-0000-0000-000000000000/resourceGroups/rg66368d/providers/Microsoft.Network/trafficManagerProfiles/tm223124/nestedEndpoints/nested-profile-ep-1",
                  "name": "nested-profile-ep-1",
                  "type": "Microsoft.Network/trafficManagerProfiles/nestedEndpoints",
                  "properties": {
                    "endpointStatus": "Enabled",
                    "endpointMonitorStatus": "CheckingEndpoint",
                    "targetResourceId": "Sanitized",
                    "target": "nestedtmdns19067.trafficmanager.net",
                    "weight": 1,
                    "priority": 4,
                    "endpointLocation": "Central India",
                    "minChildEndpoints": 1,
                    "minChildEndpointsIPv4": 0,
                    "minChildEndpointsIPv6": 0,
                    "alwaysServe": "Disabled"
                  }
                }
              ],
              "trafficViewEnrollmentStatus": "Disabled",
              "maxReturn": null,
              "recordType": null
            }
          }
        ]
      }
    },
    {
      "RequestUri": "https://REDACTED/subscriptions/00000000-0000-0000-0000-000000000000/providers/Microsoft.Network/trafficmanagerprofiles?api-version=2022-04-01",
      "RequestMethod": "GET",
      "RequestHeaders": {
        "Accept": "application/json",
        "Authorization": "Sanitized",
        "Content-Length": "0",
        "Content-Type": "application/json",
        "Date": "Fri, 26 Jul 2024 08:11:32 GMT",
        "User-Agent": "azsdk-java-com.azure.resourcemanager.trafficmanager/2.42.0-beta.1 (17.0.7; Windows 11; 10.0)",
        "x-ms-client-request-id": "Sanitized",
        "x-ms-return-client-request-id": "true"
      },
      "RequestBody": null,
      "StatusCode": 200,
      "ResponseHeaders": {
        "Cache-Control": "private",
        "Content-Length": "4031",
        "Content-Type": "application/json; charset=utf-8",
        "Date": "Fri, 26 Jul 2024 08:11:35 GMT",
        "Strict-Transport-Security": "max-age=31536000; includeSubDomains",
        "X-AspNet-Version": "4.0.30319",
        "X-Cache": "CONFIG_NOCACHE",
        "X-Content-Type-Options": "nosniff",
        "x-ms-correlation-request-id": "cbfb60ec-cee1-4155-a9e1-45541cca3a97",
        "x-ms-ratelimit-remaining-subscription-resource-requests": "1999",
        "x-ms-request-id": "Sanitized",
        "x-ms-routing-request-id": "JAPANEAST:20240726T081135Z:cbfb60ec-cee1-4155-a9e1-45541cca3a97",
        "X-MSEdge-Ref": "Ref A: 72401E0F94944A6AA9DCA0617D5D5B12 Ref B: TYO201151002009 Ref C: 2024-07-26T08:11:34Z",
        "X-Powered-By": "ASP.NET"
      },
      "ResponseBody": {
        "value": [
          {
            "id": "/subscriptions/00000000-0000-0000-0000-000000000000/resourceGroups/rg66368d/providers/Microsoft.Network/trafficManagerProfiles/nestedtm223124",
            "name": "nestedtm223124",
            "type": "Microsoft.Network/trafficManagerProfiles",
            "location": "global",
            "tags": {},
            "properties": {
              "profileStatus": "Enabled",
              "trafficRoutingMethod": "Priority",
              "dnsConfig": {
                "relativeName": "nestedtmdns19067",
                "fqdn": "nestedtmdns19067.trafficmanager.net",
                "ttl": 500
              },
              "monitorConfig": {
                "profileMonitorStatus": "CheckingEndpoints",
                "protocol": "HTTPS",
                "port": 443,
                "path": "/",
                "intervalInSeconds": 30,
                "toleratedNumberOfFailures": 3,
                "timeoutInSeconds": 10
              },
              "endpoints": [
                {
                  "id": "/subscriptions/00000000-0000-0000-0000-000000000000/resourceGroups/rg66368d/providers/Microsoft.Network/trafficManagerProfiles/nestedtm223124/externalEndpoints/external-ep-1",
                  "name": "external-ep-1",
                  "type": "Microsoft.Network/trafficManagerProfiles/externalEndpoints",
                  "properties": {
                    "endpointStatus": "Enabled",
                    "endpointMonitorStatus": "CheckingEndpoint",
                    "targetResourceId": null,
                    "target": "www.gitbook.com",
                    "weight": 1,
                    "priority": 1,
                    "endpointLocation": "Central India",
                    "minChildEndpoints": null,
                    "alwaysServe": "Disabled"
                  }
                }
              ],
              "trafficViewEnrollmentStatus": "Disabled",
              "maxReturn": null,
              "recordType": null
            }
          },
          {
            "id": "/subscriptions/00000000-0000-0000-0000-000000000000/resourceGroups/rg66368d/providers/Microsoft.Network/trafficManagerProfiles/tm223124",
            "name": "tm223124",
            "type": "Microsoft.Network/trafficManagerProfiles",
            "location": "global",
            "tags": {},
            "properties": {
              "profileStatus": "Enabled",
              "trafficRoutingMethod": "Weighted",
              "dnsConfig": {
                "relativeName": "tmdns19067",
                "fqdn": "tmdns19067.trafficmanager.net",
                "ttl": 300
              },
              "monitorConfig": {
                "profileMonitorStatus": "CheckingEndpoints",
                "protocol": "HTTP",
                "port": 80,
                "path": "/",
                "intervalInSeconds": 30,
                "toleratedNumberOfFailures": 3,
                "timeoutInSeconds": 10
              },
              "endpoints": [
                {
                  "id": "/subscriptions/00000000-0000-0000-0000-000000000000/resourceGroups/rg66368d/providers/Microsoft.Network/trafficManagerProfiles/tm223124/externalEndpoints/external-ep-1",
                  "name": "external-ep-1",
                  "type": "Microsoft.Network/trafficManagerProfiles/externalEndpoints",
                  "properties": {
                    "endpointStatus": "Enabled",
                    "endpointMonitorStatus": "CheckingEndpoint",
                    "targetResourceId": null,
                    "target": "www.azure.com",
                    "weight": 1,
                    "priority": 1,
                    "endpointLocation": "East US",
                    "minChildEndpoints": null,
                    "alwaysServe": "Disabled"
                  }
                },
                {
                  "id": "/subscriptions/00000000-0000-0000-0000-000000000000/resourceGroups/rg66368d/providers/Microsoft.Network/trafficManagerProfiles/tm223124/externalEndpoints/external-ep-2",
                  "name": "external-ep-2",
                  "type": "Microsoft.Network/trafficManagerProfiles/externalEndpoints",
                  "properties": {
                    "endpointStatus": "Disabled",
                    "endpointMonitorStatus": "Disabled",
                    "targetResourceId": null,
                    "target": "www.bing.com",
                    "weight": 1,
                    "priority": 2,
                    "endpointLocation": "East US 2",
                    "minChildEndpoints": null,
                    "alwaysServe": "Disabled"
                  }
                },
                {
                  "id": "/subscriptions/00000000-0000-0000-0000-000000000000/resourceGroups/rg66368d/providers/Microsoft.Network/trafficManagerProfiles/tm223124/azureEndpoints/azure-ep-1",
                  "name": "azure-ep-1",
                  "type": "Microsoft.Network/trafficManagerProfiles/azureEndpoints",
                  "properties": {
                    "endpointStatus": "Enabled",
                    "endpointMonitorStatus": "CheckingEndpoint",
                    "targetResourceId": "Sanitized",
                    "target": "contoso13574f.eastus.cloudapp.azure.com",
                    "weight": 1,
                    "priority": 3,
                    "endpointLocation": "East US",
                    "minChildEndpoints": null,
                    "alwaysServe": "Disabled"
                  }
                },
                {
                  "id": "/subscriptions/00000000-0000-0000-0000-000000000000/resourceGroups/rg66368d/providers/Microsoft.Network/trafficManagerProfiles/tm223124/nestedEndpoints/nested-profile-ep-1",
                  "name": "nested-profile-ep-1",
                  "type": "Microsoft.Network/trafficManagerProfiles/nestedEndpoints",
                  "properties": {
                    "endpointStatus": "Enabled",
                    "endpointMonitorStatus": "CheckingEndpoint",
                    "targetResourceId": "Sanitized",
                    "target": "nestedtmdns19067.trafficmanager.net",
                    "weight": 1,
                    "priority": 4,
                    "endpointLocation": "Central India",
                    "minChildEndpoints": 1,
                    "minChildEndpointsIPv4": 0,
                    "minChildEndpointsIPv6": 0,
                    "alwaysServe": "Disabled"
                  }
                }
              ],
              "trafficViewEnrollmentStatus": "Disabled",
              "maxReturn": null,
              "recordType": null
            }
          }
        ]
      }
    },
    {
      "RequestUri": "https://REDACTED/subscriptions/00000000-0000-0000-0000-000000000000/resourceGroups/rg66368d/providers/Microsoft.Network/trafficmanagerprofiles/tm223124?api-version=2022-04-01",
      "RequestMethod": "GET",
      "RequestHeaders": {
        "Accept": "application/json",
        "Authorization": "Sanitized",
        "Content-Length": "0",
        "Content-Type": "application/json",
        "Date": "Fri, 26 Jul 2024 08:11:33 GMT",
        "User-Agent": "azsdk-java-com.azure.resourcemanager.trafficmanager/2.42.0-beta.1 (17.0.7; Windows 11; 10.0)",
        "x-ms-client-request-id": "Sanitized",
        "x-ms-return-client-request-id": "true"
      },
      "RequestBody": null,
      "StatusCode": 200,
      "ResponseHeaders": {
        "Cache-Control": "private",
        "Content-Length": "2800",
        "Content-Type": "application/json; charset=utf-8",
        "Date": "Fri, 26 Jul 2024 08:11:36 GMT",
        "Strict-Transport-Security": "max-age=31536000; includeSubDomains",
        "X-AspNet-Version": "4.0.30319",
        "X-Cache": "CONFIG_NOCACHE",
        "X-Content-Type-Options": "nosniff",
        "x-ms-correlation-request-id": "6428b96e-b07c-4fd5-97b5-e01482e4c813",
        "x-ms-ratelimit-remaining-subscription-resource-requests": "1998",
        "x-ms-request-id": "Sanitized",
        "x-ms-routing-request-id": "JAPANEAST:20240726T081136Z:6428b96e-b07c-4fd5-97b5-e01482e4c813",
        "X-MSEdge-Ref": "Ref A: A7B43195C7D54EAB890BB995ADF6EAC0 Ref B: TYO201151002009 Ref C: 2024-07-26T08:11:35Z",
        "X-Powered-By": "ASP.NET"
      },
      "ResponseBody": {
        "id": "/subscriptions/00000000-0000-0000-0000-000000000000/resourceGroups/rg66368d/providers/Microsoft.Network/trafficManagerProfiles/tm223124",
        "name": "tm223124",
        "type": "Microsoft.Network/trafficManagerProfiles",
        "location": "global",
        "tags": {},
        "properties": {
          "profileStatus": "Enabled",
          "trafficRoutingMethod": "Weighted",
          "dnsConfig": {
            "relativeName": "tmdns19067",
            "fqdn": "tmdns19067.trafficmanager.net",
            "ttl": 300
          },
          "monitorConfig": {
            "profileMonitorStatus": "CheckingEndpoints",
            "protocol": "HTTP",
            "port": 80,
            "path": "/",
            "intervalInSeconds": 30,
            "toleratedNumberOfFailures": 3,
            "timeoutInSeconds": 10
          },
          "endpoints": [
            {
              "id": "/subscriptions/00000000-0000-0000-0000-000000000000/resourceGroups/rg66368d/providers/Microsoft.Network/trafficManagerProfiles/tm223124/externalEndpoints/external-ep-1",
              "name": "external-ep-1",
              "type": "Microsoft.Network/trafficManagerProfiles/externalEndpoints",
              "properties": {
                "endpointStatus": "Enabled",
                "endpointMonitorStatus": "CheckingEndpoint",
                "targetResourceId": null,
                "target": "www.azure.com",
                "weight": 1,
                "priority": 1,
                "endpointLocation": "East US",
                "minChildEndpoints": null,
                "alwaysServe": "Disabled"
              }
            },
            {
              "id": "/subscriptions/00000000-0000-0000-0000-000000000000/resourceGroups/rg66368d/providers/Microsoft.Network/trafficManagerProfiles/tm223124/externalEndpoints/external-ep-2",
              "name": "external-ep-2",
              "type": "Microsoft.Network/trafficManagerProfiles/externalEndpoints",
              "properties": {
                "endpointStatus": "Disabled",
                "endpointMonitorStatus": "Disabled",
                "targetResourceId": null,
                "target": "www.bing.com",
                "weight": 1,
                "priority": 2,
                "endpointLocation": "East US 2",
                "minChildEndpoints": null,
                "alwaysServe": "Disabled"
              }
            },
            {
              "id": "/subscriptions/00000000-0000-0000-0000-000000000000/resourceGroups/rg66368d/providers/Microsoft.Network/trafficManagerProfiles/tm223124/azureEndpoints/azure-ep-1",
              "name": "azure-ep-1",
              "type": "Microsoft.Network/trafficManagerProfiles/azureEndpoints",
              "properties": {
                "endpointStatus": "Enabled",
                "endpointMonitorStatus": "CheckingEndpoint",
                "targetResourceId": "Sanitized",
                "target": "contoso13574f.eastus.cloudapp.azure.com",
                "weight": 1,
                "priority": 3,
                "endpointLocation": "East US",
                "minChildEndpoints": null,
                "alwaysServe": "Disabled"
              }
            },
            {
              "id": "/subscriptions/00000000-0000-0000-0000-000000000000/resourceGroups/rg66368d/providers/Microsoft.Network/trafficManagerProfiles/tm223124/nestedEndpoints/nested-profile-ep-1",
              "name": "nested-profile-ep-1",
              "type": "Microsoft.Network/trafficManagerProfiles/nestedEndpoints",
              "properties": {
                "endpointStatus": "Enabled",
                "endpointMonitorStatus": "CheckingEndpoint",
                "targetResourceId": "Sanitized",
                "target": "nestedtmdns19067.trafficmanager.net",
                "weight": 1,
                "priority": 4,
                "endpointLocation": "Central India",
                "minChildEndpoints": 1,
                "minChildEndpointsIPv4": 0,
                "minChildEndpointsIPv6": 0,
                "alwaysServe": "Disabled"
              }
            }
          ],
          "trafficViewEnrollmentStatus": "Disabled",
          "maxReturn": null,
          "recordType": null
        }
      }
    },
    {
      "RequestUri": "https://REDACTED/subscriptions/00000000-0000-0000-0000-000000000000/resourceGroups/rg66368d/providers/Microsoft.Network/trafficmanagerprofiles/tm223124?api-version=2022-04-01",
      "RequestMethod": "GET",
      "RequestHeaders": {
        "Accept": "application/json",
        "Authorization": "Sanitized",
        "Content-Length": "0",
        "Content-Type": "application/json",
        "Date": "Fri, 26 Jul 2024 08:11:34 GMT",
        "User-Agent": "azsdk-java-com.azure.resourcemanager.trafficmanager/2.42.0-beta.1 (17.0.7; Windows 11; 10.0)",
        "x-ms-client-request-id": "Sanitized",
        "x-ms-return-client-request-id": "true"
      },
      "RequestBody": null,
      "StatusCode": 200,
      "ResponseHeaders": {
        "Cache-Control": "private",
        "Content-Length": "2779",
        "Content-Type": "application/json; charset=utf-8",
        "Date": "Fri, 26 Jul 2024 08:11:37 GMT",
        "Strict-Transport-Security": "max-age=31536000; includeSubDomains",
        "X-AspNet-Version": "4.0.30319",
        "X-Cache": "CONFIG_NOCACHE",
        "X-Content-Type-Options": "nosniff",
        "x-ms-correlation-request-id": "bc39ab9f-f797-4e70-b4be-a73fb8ebbe0e",
        "x-ms-ratelimit-remaining-subscription-resource-requests": "1999",
        "x-ms-request-id": "Sanitized",
        "x-ms-routing-request-id": "JAPANEAST:20240726T081137Z:bc39ab9f-f797-4e70-b4be-a73fb8ebbe0e",
        "X-MSEdge-Ref": "Ref A: 9BA87F4C5F1A4B8BBD3EEE69E8549399 Ref B: TYO201151002009 Ref C: 2024-07-26T08:11:36Z",
        "X-Powered-By": "ASP.NET"
      },
      "ResponseBody": {
        "id": "/subscriptions/00000000-0000-0000-0000-000000000000/resourceGroups/rg66368d/providers/Microsoft.Network/trafficManagerProfiles/tm223124",
        "name": "tm223124",
        "type": "Microsoft.Network/trafficManagerProfiles",
        "location": "global",
        "tags": {},
        "properties": {
          "profileStatus": "Enabled",
          "trafficRoutingMethod": "Weighted",
          "dnsConfig": {
            "relativeName": "tmdns19067",
            "fqdn": "tmdns19067.trafficmanager.net",
            "ttl": 300
          },
          "monitorConfig": {
            "profileMonitorStatus": "Online",
            "protocol": "HTTP",
            "port": 80,
            "path": "/",
            "intervalInSeconds": 30,
            "toleratedNumberOfFailures": 3,
            "timeoutInSeconds": 10
          },
          "endpoints": [
            {
              "id": "/subscriptions/00000000-0000-0000-0000-000000000000/resourceGroups/rg66368d/providers/Microsoft.Network/trafficManagerProfiles/tm223124/externalEndpoints/external-ep-1",
              "name": "external-ep-1",
              "type": "Microsoft.Network/trafficManagerProfiles/externalEndpoints",
              "properties": {
                "endpointStatus": "Enabled",
                "endpointMonitorStatus": "CheckingEndpoint",
                "targetResourceId": null,
                "target": "www.azure.com",
                "weight": 1,
                "priority": 1,
                "endpointLocation": "East US",
                "minChildEndpoints": null,
                "alwaysServe": "Disabled"
              }
            },
            {
              "id": "/subscriptions/00000000-0000-0000-0000-000000000000/resourceGroups/rg66368d/providers/Microsoft.Network/trafficManagerProfiles/tm223124/externalEndpoints/external-ep-2",
              "name": "external-ep-2",
              "type": "Microsoft.Network/trafficManagerProfiles/externalEndpoints",
              "properties": {
                "endpointStatus": "Disabled",
                "endpointMonitorStatus": "Disabled",
                "targetResourceId": null,
                "target": "www.bing.com",
                "weight": 1,
                "priority": 2,
                "endpointLocation": "East US 2",
                "minChildEndpoints": null,
                "alwaysServe": "Disabled"
              }
            },
            {
              "id": "/subscriptions/00000000-0000-0000-0000-000000000000/resourceGroups/rg66368d/providers/Microsoft.Network/trafficManagerProfiles/tm223124/azureEndpoints/azure-ep-1",
              "name": "azure-ep-1",
              "type": "Microsoft.Network/trafficManagerProfiles/azureEndpoints",
              "properties": {
                "endpointStatus": "Enabled",
                "endpointMonitorStatus": "CheckingEndpoint",
                "targetResourceId": "Sanitized",
                "target": "contoso13574f.eastus.cloudapp.azure.com",
                "weight": 1,
                "priority": 3,
                "endpointLocation": "East US",
                "minChildEndpoints": null,
                "alwaysServe": "Disabled"
              }
            },
            {
              "id": "/subscriptions/00000000-0000-0000-0000-000000000000/resourceGroups/rg66368d/providers/Microsoft.Network/trafficManagerProfiles/tm223124/nestedEndpoints/nested-profile-ep-1",
              "name": "nested-profile-ep-1",
              "type": "Microsoft.Network/trafficManagerProfiles/nestedEndpoints",
              "properties": {
                "endpointStatus": "Enabled",
                "endpointMonitorStatus": "Online",
                "targetResourceId": "Sanitized",
                "target": "nestedtmdns19067.trafficmanager.net",
                "weight": 1,
                "priority": 4,
                "endpointLocation": "Central India",
                "minChildEndpoints": 1,
                "minChildEndpointsIPv4": 0,
                "minChildEndpointsIPv6": 0,
                "alwaysServe": "Disabled"
              }
            }
          ],
          "trafficViewEnrollmentStatus": "Disabled",
          "maxReturn": null,
          "recordType": null
        }
      }
    },
    {
      "RequestUri": "https://REDACTED/subscriptions/00000000-0000-0000-0000-000000000000/resourceGroups/rg66368d/providers/Microsoft.Network/trafficmanagerprofiles/tm223124/ExternalEndpoints/external-ep-1?api-version=2022-04-01",
      "RequestMethod": "DELETE",
      "RequestHeaders": {
        "Accept": "application/json",
        "Authorization": "Sanitized",
        "Content-Length": "0",
        "Content-Type": "application/json",
        "Date": "Fri, 26 Jul 2024 08:11:35 GMT",
        "User-Agent": "azsdk-java-com.azure.resourcemanager.trafficmanager/2.42.0-beta.1 (17.0.7; Windows 11; 10.0)",
        "x-ms-client-request-id": "Sanitized",
        "x-ms-return-client-request-id": "true"
      },
      "RequestBody": null,
      "StatusCode": 200,
      "ResponseHeaders": {
        "Cache-Control": "private",
        "Content-Length": "31",
        "Content-Type": "application/json; charset=utf-8",
        "Date": "Fri, 26 Jul 2024 08:11:37 GMT",
        "Strict-Transport-Security": "max-age=31536000; includeSubDomains",
        "X-AspNet-Version": "4.0.30319",
        "X-Cache": "CONFIG_NOCACHE",
        "X-Content-Type-Options": "nosniff",
        "x-ms-correlation-request-id": "a8cfe928-db25-41e5-b623-46f45ca889eb",
        "x-ms-ratelimit-remaining-subscription-deletes": "14999",
        "x-ms-request-id": "Sanitized",
        "x-ms-routing-request-id": "JAPANEAST:20240726T081138Z:a8cfe928-db25-41e5-b623-46f45ca889eb",
        "X-MSEdge-Ref": "Ref A: BCF20FA7A9524A45B49B6087CA3ED7AA Ref B: TYO201151002009 Ref C: 2024-07-26T08:11:37Z",
        "X-Powered-By": "ASP.NET"
      },
      "ResponseBody": {
        "properties": {
          "boolean": true
        }
      }
    },
    {
      "RequestUri": "https://REDACTED/subscriptions/00000000-0000-0000-0000-000000000000/resourceGroups/rg66368d/providers/Microsoft.Network/trafficmanagerprofiles/tm223124/ExternalEndpoints/external-ep-3?api-version=2022-04-01",
      "RequestMethod": "PUT",
      "RequestHeaders": {
        "Accept": "application/json",
        "Authorization": "Sanitized",
        "Content-Length": "124",
        "Content-Type": "application/json",
        "Date": "Fri, 26 Jul 2024 08:11:35 GMT",
        "User-Agent": "azsdk-java-com.azure.resourcemanager.trafficmanager/2.42.0-beta.1 (17.0.7; Windows 11; 10.0)",
        "x-ms-client-request-id": "Sanitized",
        "x-ms-return-client-request-id": "true"
      },
      "RequestBody": {
        "properties": {
          "target": "www.github.com",
          "endpointStatus": "Enabled",
          "weight": 1,
          "priority": 6,
          "endpointLocation": "centralus"
        }
      },
      "StatusCode": 201,
      "ResponseHeaders": {
        "Cache-Control": "private",
        "Content-Length": "508",
        "Content-Type": "application/json; charset=utf-8",
        "Date": "Fri, 26 Jul 2024 08:11:38 GMT",
        "Strict-Transport-Security": "max-age=31536000; includeSubDomains",
        "X-AspNet-Version": "4.0.30319",
        "X-Cache": "CONFIG_NOCACHE",
        "X-Content-Type-Options": "nosniff",
        "x-ms-correlation-request-id": "a1f4e58d-0c0b-4a25-b986-ca0192b6d36c",
        "x-ms-ratelimit-remaining-subscription-resource-requests": "249",
        "x-ms-request-id": "Sanitized",
        "x-ms-routing-request-id": "JAPANEAST:20240726T081138Z:a1f4e58d-0c0b-4a25-b986-ca0192b6d36c",
        "X-MSEdge-Ref": "Ref A: 024B65AEEA194579816B188715E1B86E Ref B: TYO201100114037 Ref C: 2024-07-26T08:11:37Z",
        "X-Powered-By": "ASP.NET"
      },
      "ResponseBody": {
        "id": "/subscriptions/00000000-0000-0000-0000-000000000000/resourceGroups/rg66368d/providers/Microsoft.Network/trafficManagerProfiles/tm223124/externalEndpoints/external-ep-3",
        "name": "external-ep-3",
        "type": "Microsoft.Network/trafficManagerProfiles/externalEndpoints",
        "properties": {
          "endpointStatus": "Enabled",
          "endpointMonitorStatus": "CheckingEndpoint",
          "targetResourceId": null,
          "target": "www.github.com",
          "weight": 1,
          "priority": 6,
          "endpointLocation": "Central US",
          "minChildEndpoints": null,
          "alwaysServe": "Disabled"
        }
      }
    },
    {
      "RequestUri": "https://REDACTED/subscriptions/00000000-0000-0000-0000-000000000000/resourceGroups/rg66368d/providers/Microsoft.Network/trafficmanagerprofiles/tm223124/NestedEndpoints/nested-profile-ep-1?api-version=2022-04-01",
      "RequestMethod": "PUT",
      "RequestHeaders": {
        "Accept": "application/json",
        "Authorization": "Sanitized",
        "Content-Length": "587",
        "Content-Type": "application/json",
        "Date": "Fri, 26 Jul 2024 08:11:35 GMT",
        "User-Agent": "azsdk-java-com.azure.resourcemanager.trafficmanager/2.42.0-beta.1 (17.0.7; Windows 11; 10.0)",
        "x-ms-client-request-id": "Sanitized",
        "x-ms-return-client-request-id": "true"
      },
      "RequestBody": {
        "id": "/subscriptions/00000000-0000-0000-0000-000000000000/resourceGroups/rg66368d/providers/Microsoft.Network/trafficManagerProfiles/tm223124/nestedEndpoints/nested-profile-ep-1",
        "name": "nested-profile-ep-1",
        "type": "Microsoft.Network/trafficManagerProfiles/nestedEndpoints",
        "properties": {
          "targetResourceId": "Sanitized",
          "target": "nestedtmdns19067.trafficmanager.net",
          "endpointStatus": "Disabled",
          "weight": 1,
          "priority": 4,
          "endpointLocation": "Central India",
          "endpointMonitorStatus": "Online",
          "minChildEndpoints": 1,
          "minChildEndpointsIPv4": 0,
          "minChildEndpointsIPv6": 0,
          "alwaysServe": "Disabled"
        }
      },
      "StatusCode": 201,
      "ResponseHeaders": {
        "Cache-Control": "private",
        "Content-Length": "583",
        "Content-Type": "application/json; charset=utf-8",
        "Date": "Fri, 26 Jul 2024 08:11:38 GMT",
        "Strict-Transport-Security": "max-age=31536000; includeSubDomains",
        "X-AspNet-Version": "4.0.30319",
        "X-Cache": "CONFIG_NOCACHE",
        "X-Content-Type-Options": "nosniff",
        "x-ms-correlation-request-id": "48f056f3-cc93-43c0-b351-0ff742977708",
        "x-ms-ratelimit-remaining-subscription-resource-requests": "249",
        "x-ms-request-id": "Sanitized",
        "x-ms-routing-request-id": "JAPANEAST:20240726T081138Z:48f056f3-cc93-43c0-b351-0ff742977708",
        "X-MSEdge-Ref": "Ref A: 7640FB29DE694F70A2F254F09E657D5D Ref B: TYO201100117047 Ref C: 2024-07-26T08:11:37Z",
        "X-Powered-By": "ASP.NET"
      },
      "ResponseBody": {
        "id": "/subscriptions/00000000-0000-0000-0000-000000000000/resourceGroups/rg66368d/providers/Microsoft.Network/trafficManagerProfiles/tm223124/nestedEndpoints/nested-profile-ep-1",
        "name": "nested-profile-ep-1",
        "type": "Microsoft.Network/trafficManagerProfiles/nestedEndpoints",
        "properties": {
          "endpointStatus": "Disabled",
          "endpointMonitorStatus": null,
          "targetResourceId": "Sanitized",
          "target": "nestedtmdns19067.trafficmanager.net",
          "weight": 1,
          "priority": 4,
          "endpointLocation": "Central India",
          "minChildEndpoints": 1,
          "minChildEndpointsIPv4": 0,
          "minChildEndpointsIPv6": 0,
          "alwaysServe": "Disabled"
        }
      }
    },
    {
      "RequestUri": "https://REDACTED/subscriptions/00000000-0000-0000-0000-000000000000/resourceGroups/rg66368d/providers/Microsoft.Network/trafficmanagerprofiles/tm223124/AzureEndpoints/azure-ep-1?api-version=2022-04-01",
      "RequestMethod": "PUT",
      "RequestHeaders": {
        "Accept": "application/json",
        "Authorization": "Sanitized",
        "Content-Length": "500",
        "Content-Type": "application/json",
        "Date": "Fri, 26 Jul 2024 08:11:35 GMT",
        "User-Agent": "azsdk-java-com.azure.resourcemanager.trafficmanager/2.42.0-beta.1 (17.0.7; Windows 11; 10.0)",
        "x-ms-client-request-id": "Sanitized",
        "x-ms-return-client-request-id": "true"
      },
      "RequestBody": {
        "id": "/subscriptions/00000000-0000-0000-0000-000000000000/resourceGroups/rg66368d/providers/Microsoft.Network/trafficManagerProfiles/tm223124/azureEndpoints/azure-ep-1",
        "name": "azure-ep-1",
        "type": "Microsoft.Network/trafficManagerProfiles/azureEndpoints",
        "properties": {
          "targetResourceId": "Sanitized",
          "target": "contoso13574f.eastus.cloudapp.azure.com",
          "endpointStatus": "Enabled",
          "weight": 2,
          "priority": 5,
          "endpointLocation": "East US",
          "endpointMonitorStatus": "CheckingEndpoint",
          "alwaysServe": "Disabled"
        }
      },
      "StatusCode": 201,
      "ResponseHeaders": {
        "Cache-Control": "private",
        "Content-Length": "525",
        "Content-Type": "application/json; charset=utf-8",
        "Date": "Fri, 26 Jul 2024 08:11:38 GMT",
        "Strict-Transport-Security": "max-age=31536000; includeSubDomains",
        "X-AspNet-Version": "4.0.30319",
        "X-Cache": "CONFIG_NOCACHE",
        "X-Content-Type-Options": "nosniff",
        "x-ms-correlation-request-id": "d9cc336b-933f-475f-802c-454268b40710",
        "x-ms-ratelimit-remaining-subscription-resource-requests": "249",
        "x-ms-request-id": "Sanitized",
        "x-ms-routing-request-id": "JAPANEAST:20240726T081139Z:d9cc336b-933f-475f-802c-454268b40710",
        "X-MSEdge-Ref": "Ref A: EC5E0C3E38AE44AE971DB28CB1FCBCEA Ref B: TYO201100115033 Ref C: 2024-07-26T08:11:37Z",
        "X-Powered-By": "ASP.NET"
      },
      "ResponseBody": {
        "id": "/subscriptions/00000000-0000-0000-0000-000000000000/resourceGroups/rg66368d/providers/Microsoft.Network/trafficManagerProfiles/tm223124/azureEndpoints/azure-ep-1",
        "name": "azure-ep-1",
        "type": "Microsoft.Network/trafficManagerProfiles/azureEndpoints",
        "properties": {
          "endpointStatus": "Enabled",
          "endpointMonitorStatus": "CheckingEndpoint",
          "targetResourceId": "Sanitized",
          "target": "contoso13574f.eastus.cloudapp.azure.com",
          "weight": 2,
          "priority": 5,
          "endpointLocation": "East US",
          "minChildEndpoints": null,
          "alwaysServe": "Disabled"
        }
      }
    },
    {
      "RequestUri": "https://REDACTED/subscriptions/00000000-0000-0000-0000-000000000000/resourceGroups/rg66368d/providers/Microsoft.Network/trafficmanagerprofiles/tm223124?api-version=2022-04-01",
      "RequestMethod": "PUT",
      "RequestHeaders": {
        "Accept": "application/json",
        "Authorization": "Sanitized",
        "Content-Length": "2559",
        "Content-Type": "application/json",
        "Date": "Fri, 26 Jul 2024 08:11:37 GMT",
        "User-Agent": "azsdk-java-com.azure.resourcemanager.trafficmanager/2.42.0-beta.1 (17.0.7; Windows 11; 10.0)",
        "x-ms-client-request-id": "Sanitized",
        "x-ms-return-client-request-id": "true"
      },
      "RequestBody": {
        "location": "global",
        "tags": {},
        "id": "/subscriptions/00000000-0000-0000-0000-000000000000/resourceGroups/rg66368d/providers/Microsoft.Network/trafficManagerProfiles/tm223124",
        "name": "tm223124",
        "type": "Microsoft.Network/trafficManagerProfiles",
        "properties": {
          "profileStatus": "Enabled",
          "trafficRoutingMethod": "Performance",
          "dnsConfig": {
            "relativeName": "tmdns19067",
            "ttl": 600
          },
          "monitorConfig": {
            "profileMonitorStatus": "Online",
            "protocol": "HTTP",
            "port": 8080,
            "path": "/",
            "intervalInSeconds": 30,
            "timeoutInSeconds": 10,
            "toleratedNumberOfFailures": 3
          },
          "endpoints": [
            {
              "id": "/subscriptions/00000000-0000-0000-0000-000000000000/resourceGroups/rg66368d/providers/Microsoft.Network/trafficManagerProfiles/tm223124/azureEndpoints/azure-ep-1",
              "name": "azure-ep-1",
              "type": "Microsoft.Network/trafficManagerProfiles/azureEndpoints",
              "properties": {
                "targetResourceId": "Sanitized",
                "target": "contoso13574f.eastus.cloudapp.azure.com",
                "endpointStatus": "Enabled",
                "weight": 2,
                "priority": 5,
                "endpointLocation": "East US",
                "endpointMonitorStatus": "CheckingEndpoint",
                "alwaysServe": "Disabled"
              }
            },
            {
              "id": "/subscriptions/00000000-0000-0000-0000-000000000000/resourceGroups/rg66368d/providers/Microsoft.Network/trafficManagerProfiles/tm223124/externalEndpoints/external-ep-2",
              "name": "external-ep-2",
              "type": "Microsoft.Network/trafficManagerProfiles/externalEndpoints",
              "properties": {
                "target": "www.bing.com",
                "endpointStatus": "Disabled",
                "weight": 1,
                "priority": 2,
                "endpointLocation": "East US 2",
                "endpointMonitorStatus": "Disabled",
                "alwaysServe": "Disabled"
              }
            },
            {
              "id": "/subscriptions/00000000-0000-0000-0000-000000000000/resourceGroups/rg66368d/providers/Microsoft.Network/trafficManagerProfiles/tm223124/externalEndpoints/external-ep-3",
              "name": "external-ep-3",
              "type": "Microsoft.Network/trafficManagerProfiles/externalEndpoints",
              "properties": {
                "target": "www.github.com",
                "endpointStatus": "Enabled",
                "weight": 1,
                "priority": 6,
                "endpointLocation": "Central US",
                "endpointMonitorStatus": "CheckingEndpoint",
                "alwaysServe": "Disabled"
              }
            },
            {
              "id": "/subscriptions/00000000-0000-0000-0000-000000000000/resourceGroups/rg66368d/providers/Microsoft.Network/trafficManagerProfiles/tm223124/nestedEndpoints/nested-profile-ep-1",
              "name": "nested-profile-ep-1",
              "type": "Microsoft.Network/trafficManagerProfiles/nestedEndpoints",
              "properties": {
                "targetResourceId": "Sanitized",
                "target": "nestedtmdns19067.trafficmanager.net",
                "endpointStatus": "Disabled",
                "weight": 1,
                "priority": 4,
                "endpointLocation": "Central India",
                "minChildEndpoints": 1,
                "minChildEndpointsIPv4": 0,
                "minChildEndpointsIPv6": 0,
                "alwaysServe": "Disabled"
              }
            }
          ],
          "trafficViewEnrollmentStatus": "Disabled"
        }
      },
      "StatusCode": 200,
      "ResponseHeaders": {
        "Cache-Control": "private",
        "Content-Length": "2796",
        "Content-Type": "application/json; charset=utf-8",
        "Date": "Fri, 26 Jul 2024 08:11:43 GMT",
        "Strict-Transport-Security": "max-age=31536000; includeSubDomains",
        "X-AspNet-Version": "4.0.30319",
        "X-Cache": "CONFIG_NOCACHE",
        "X-Content-Type-Options": "nosniff",
        "x-ms-correlation-request-id": "e48b28c8-1cd2-4f80-99ce-74317c8edb43",
        "x-ms-ratelimit-remaining-subscription-resource-requests": "4499",
        "x-ms-request-id": "Sanitized",
        "x-ms-routing-request-id": "JAPANEAST:20240726T081144Z:e48b28c8-1cd2-4f80-99ce-74317c8edb43",
        "X-MSEdge-Ref": "Ref A: EAB21DEA67E744BE9030C06E75069502 Ref B: TYO201100115033 Ref C: 2024-07-26T08:11:39Z",
        "X-Powered-By": "ASP.NET"
      },
      "ResponseBody": {
        "id": "/subscriptions/00000000-0000-0000-0000-000000000000/resourceGroups/rg66368d/providers/Microsoft.Network/trafficManagerProfiles/tm223124",
        "name": "tm223124",
        "type": "Microsoft.Network/trafficManagerProfiles",
        "location": "global",
        "tags": {},
        "properties": {
          "profileStatus": "Enabled",
          "trafficRoutingMethod": "Performance",
          "dnsConfig": {
            "relativeName": "tmdns19067",
            "fqdn": "tmdns19067.trafficmanager.net",
            "ttl": 600
          },
          "monitorConfig": {
            "profileMonitorStatus": "CheckingEndpoints",
            "protocol": "HTTP",
            "port": 8080,
            "path": "/",
            "intervalInSeconds": 30,
            "toleratedNumberOfFailures": 3,
            "timeoutInSeconds": 10
          },
          "endpoints": [
            {
              "id": "/subscriptions/00000000-0000-0000-0000-000000000000/resourceGroups/rg66368d/providers/Microsoft.Network/trafficManagerProfiles/tm223124/externalEndpoints/external-ep-2",
              "name": "external-ep-2",
              "type": "Microsoft.Network/trafficManagerProfiles/externalEndpoints",
              "properties": {
                "endpointStatus": "Disabled",
                "endpointMonitorStatus": "Disabled",
                "targetResourceId": null,
                "target": "www.bing.com",
                "weight": 1,
                "priority": 2,
                "endpointLocation": "East US 2",
                "minChildEndpoints": null,
                "alwaysServe": "Disabled"
              }
            },
            {
              "id": "/subscriptions/00000000-0000-0000-0000-000000000000/resourceGroups/rg66368d/providers/Microsoft.Network/trafficManagerProfiles/tm223124/nestedEndpoints/nested-profile-ep-1",
              "name": "nested-profile-ep-1",
              "type": "Microsoft.Network/trafficManagerProfiles/nestedEndpoints",
              "properties": {
                "endpointStatus": "Disabled",
                "endpointMonitorStatus": null,
                "targetResourceId": "Sanitized",
                "target": "nestedtmdns19067.trafficmanager.net",
                "weight": 1,
                "priority": 4,
                "endpointLocation": "Central India",
                "minChildEndpoints": 1,
                "minChildEndpointsIPv4": 0,
                "minChildEndpointsIPv6": 0,
                "alwaysServe": "Disabled"
              }
            },
            {
              "id": "/subscriptions/00000000-0000-0000-0000-000000000000/resourceGroups/rg66368d/providers/Microsoft.Network/trafficManagerProfiles/tm223124/azureEndpoints/azure-ep-1",
              "name": "azure-ep-1",
              "type": "Microsoft.Network/trafficManagerProfiles/azureEndpoints",
              "properties": {
                "endpointStatus": "Enabled",
                "endpointMonitorStatus": "CheckingEndpoint",
                "targetResourceId": "Sanitized",
                "target": "contoso13574f.eastus.cloudapp.azure.com",
                "weight": 2,
                "priority": 5,
                "endpointLocation": "East US",
                "minChildEndpoints": null,
                "alwaysServe": "Disabled"
              }
            },
            {
              "id": "/subscriptions/00000000-0000-0000-0000-000000000000/resourceGroups/rg66368d/providers/Microsoft.Network/trafficManagerProfiles/tm223124/externalEndpoints/external-ep-3",
              "name": "external-ep-3",
              "type": "Microsoft.Network/trafficManagerProfiles/externalEndpoints",
              "properties": {
                "endpointStatus": "Enabled",
                "endpointMonitorStatus": "CheckingEndpoint",
                "targetResourceId": null,
                "target": "www.github.com",
                "weight": 1,
                "priority": 6,
                "endpointLocation": "Central US",
                "minChildEndpoints": null,
                "alwaysServe": "Disabled"
              }
            }
          ],
          "trafficViewEnrollmentStatus": "Disabled",
          "maxReturn": null,
          "recordType": null
        }
      }
    },
    {
      "RequestUri": "https://REDACTED/subscriptions/00000000-0000-0000-0000-000000000000/resourceGroups/rg66368d/providers/Microsoft.Network/trafficmanagerprofiles/tm223124?api-version=2022-04-01",
      "RequestMethod": "DELETE",
      "RequestHeaders": {
        "Accept": "application/json",
        "Authorization": "Sanitized",
        "Content-Length": "0",
        "Content-Type": "application/json",
        "Date": "Fri, 26 Jul 2024 08:11:42 GMT",
        "User-Agent": "azsdk-java-com.azure.resourcemanager.trafficmanager/2.42.0-beta.1 (17.0.7; Windows 11; 10.0)",
        "x-ms-client-request-id": "Sanitized",
        "x-ms-return-client-request-id": "true"
      },
      "RequestBody": null,
      "StatusCode": 200,
      "ResponseHeaders": {
        "Cache-Control": "private",
        "Content-Length": "31",
        "Content-Type": "application/json; charset=utf-8",
        "Date": "Fri, 26 Jul 2024 08:11:51 GMT",
        "Strict-Transport-Security": "max-age=31536000; includeSubDomains",
        "X-AspNet-Version": "4.0.30319",
        "X-Cache": "CONFIG_NOCACHE",
        "X-Content-Type-Options": "nosniff",
        "x-ms-correlation-request-id": "4e5f6285-0864-458e-8c52-4ead774fd60e",
        "x-ms-ratelimit-remaining-subscription-resource-requests": "499",
        "x-ms-request-id": "Sanitized",
        "x-ms-routing-request-id": "JAPANEAST:20240726T081152Z:4e5f6285-0864-458e-8c52-4ead774fd60e",
        "X-MSEdge-Ref": "Ref A: 330198CD99574FF99A532BA726764E9A Ref B: TYO201100115033 Ref C: 2024-07-26T08:11:44Z",
        "X-Powered-By": "ASP.NET"
      },
      "ResponseBody": {
        "properties": {
          "boolean": true
        }
      }
    },
    {
      "RequestUri": "https://REDACTED/subscriptions/00000000-0000-0000-0000-000000000000/resourcegroups/rg66368d?api-version=2024-03-01",
      "RequestMethod": "DELETE",
      "RequestHeaders": {
        "Accept": "application/json",
        "Authorization": "Sanitized",
        "Content-Length": "0",
        "Content-Type": "application/json",
        "Date": "Fri, 26 Jul 2024 08:11:50 GMT",
        "User-Agent": "azsdk-java-com.azure.resourcemanager.resources/2.42.0-beta.1 (17.0.7; Windows 11; 10.0)",
        "x-ms-client-request-id": "Sanitized",
        "x-ms-return-client-request-id": "true"
      },
      "RequestBody": null,
      "StatusCode": 202,
      "ResponseHeaders": {
        "Cache-Control": "no-cache",
        "Content-Length": "0",
        "Date": "Fri, 26 Jul 2024 08:11:56 GMT",
        "Expires": "-1",
        "Location": "https://REDACTED.azure.com/subscriptions/faa080af-c1d8-40ad-9cce-e1a450ca5b57/operationresults/eyJqb2JJZCI6IlJFU09VUkNFR1JPVVBERUxFVElPTkpPQi1SRzY2MzY4RC1FQVNUVVMiLCJqb2JMb2NhdGlvbiI6ImVhc3R1cyJ9?api-version=2024-03-01&t=638575783175241998&c=MIIHhzCCBm-gAwIBAgITHgTLf2Bo2ctQx42TXQAABMt_YDANBgkqhkiG9w0BAQsFADBEMRMwEQYKCZImiZPyLGQBGRYDR0JMMRMwEQYKCZImiZPyLGQBGRYDQU1FMRgwFgYDVQQDEw9BTUUgSW5mcmEgQ0EgMDYwHhcNMjQwNjI0MTExMDUyWhcNMjUwNjE5MTExMDUyWjBAMT4wPAYDVQQDEzVhc3luY29wZXJhdGlvbnNpZ25pbmdjZXJ0aWZpY2F0ZS5tYW5hZ2VtZW50LmF6dXJlLmNvbTCCASIwDQYJKoZIhvcNAQEBBQADggEPADCCAQoCggEBAJlnrj2pdevN1SIOk4Ymmo6b0y9Je4RZXWejQSMTCH35NFEHss9bBD2CGcY3xU4F2W7onMR_2J9BMUNk3BAub3AoLlqVrcx5dzI0ay_5toyOhu-L1pN7aSQdp7J-LzA-UW_CLp2D_65mjx1ZER-HWOV5QedBCvUwhqtSal8AbzrK5Qth8tntkg5tzjChuGo9vkh1pnXKQyYHQMdulCipi-EK8sPOQpZyiVIRujiHxTJMjdxz4gCG4rAFAK8_jK4UC73mwHm7BAlfbfkkZtxW5sVSGLrYwFPkNIDtNGoINbTjOqTmJR02AYrzu-AeRS1DP-HxtHci9UFjOurKjaUYhTUCAwEAAaOCBHQwggRwMCcGCSsGAQQBgjcVCgQaMBgwCgYIKwYBBQUHAwEwCgYIKwYBBQUHAwIwPQYJKwYBBAGCNxUHBDAwLgYmKwYBBAGCNxUIhpDjDYTVtHiE8Ys-hZvdFs6dEoFggvX2K4Py0SACAWQCAQowggHLBggrBgEFBQcBAQSCAb0wggG5MGMGCCsGAQUFBzAChldodHRwOi8vY3JsLm1pY3Jvc29mdC5jb20vcGtpaW5mcmEvQ2VydHMvQkwyUEtJSU5UQ0EwMi5BTUUuR0JMX0FNRSUyMEluZnJhJTIwQ0ElMjAwNi5jcnQwUwYIKwYBBQUHMAKGR2h0dHA6Ly9jcmwxLmFtZS5nYmwvYWlhL0JMMlBLSUlOVENBMDIuQU1FLkdCTF9BTUUlMjBJbmZyYSUyMENBJTIwMDYuY3J0MFMGCCsGAQUFBzAChkdodHRwOi8vY3JsMi5hbWUuZ2JsL2FpYS9CTDJQS0lJTlRDQTAyLkFNRS5HQkxfQU1FJTIwSW5mcmElMjBDQSUyMDA2LmNydDBTBggrBgEFBQcwAoZHaHR0cDovL2NybDMuYW1lLmdibC9haWEvQkwyUEtJSU5UQ0EwMi5BTUUuR0JMX0FNRSUyMEluZnJhJTIwQ0ElMjAwNi5jcnQwUwYIKwYBBQUHMAKGR2h0dHA6Ly9jcmw0LmFtZS5nYmwvYWlhL0JMMlBLSUlOVENBMDIuQU1FLkdCTF9BTUUlMjBJbmZyYSUyMENBJTIwMDYuY3J0MB0GA1UdDgQWBBTxZpd7aM59MC90B8etCBMRpcVJhTAOBgNVHQ8BAf8EBAMCBaAwggEmBgNVHR8EggEdMIIBGTCCARWgggERoIIBDYY_aHR0cDovL2NybC5taWNyb3NvZnQuY29tL3BraWluZnJhL0NSTC9BTUUlMjBJbmZyYSUyMENBJTIwMDYuY3JshjFodHRwOi8vY3JsMS5hbWUuZ2JsL2NybC9BTUUlMjBJbmZyYSUyMENBJTIwMDYuY3JshjFodHRwOi8vY3JsMi5hbWUuZ2JsL2NybC9BTUUlMjBJbmZyYSUyMENBJTIwMDYuY3JshjFodHRwOi8vY3JsMy5hbWUuZ2JsL2NybC9BTUUlMjBJbmZyYSUyMENBJTIwMDYuY3JshjFodHRwOi8vY3JsNC5hbWUuZ2JsL2NybC9BTUUlMjBJbmZyYSUyMENBJTIwMDYuY3JsMIGdBgNVHSAEgZUwgZIwDAYKKwYBBAGCN3sBATBmBgorBgEEAYI3ewICMFgwVgYIKwYBBQUHAgIwSh5IADMAMwBlADAAMQA5ADIAMQAtADQAZAA2ADQALQA0AGYAOABjAC0AYQAwADUANQAtADUAYgBkAGEAZgBmAGQANQBlADMAMwBkMAwGCisGAQQBgjd7AwEwDAYKKwYBBAGCN3sEATAfBgNVHSMEGDAWgBTxRmjG8cPwKy19i2rhsvm-NfzRQTAdBgNVHSUEFjAUBggrBgEFBQcDAQYIKwYBBQUHAwIwDQYJKoZIhvcNAQELBQADggEBAHAEnYrjKwIEeZD6k6Jnduw9QE83ye3e6yI36Y6jc5gavwpltarWjUevLWA6bzqnIMEbxZot_oo7GgSjb9hcbtTWjf_cW7PWDbQSC5WExVS4rTM5XJOQlXIeguIDWoXNGCzJBnYfUfUEfW8ZdjPKbJ7_7OQo_y-DgeRynB9KRCkpH4wZ1X5EQR-13kZvzXCVNpw1yiAELFyVScpLMqfm5iM9nMEMU7Og9hgeUL4q7EwPPbvn6qRq4ehK7ctlmEItOmMlgtNqT3IRhFnMIIsqnZu7BTfLyXR_8geMDnVJlhUXkb73ZpHNIBaoXmHwLpUQLBwoqG0ME1rP1_9UfVhYmNs&s=jRhvOtZf86b7e7lIIm7PCQQVjNFNRrjrQzu8sHapP95RvKbrec-H5sTfLK06muyJL5n4IYrypvee16OVo5Oa1M-kwP_JH-s7mMI5fWqGZHn-vyFyfA6_I3zh6FBuFs8w1zKLQk-06M-XX5_HGcfZ9w46POnBNFFq5pzkcrKPuJwUutdWTFfsGTCtfMApnjR-hpq3e4Za1F8AemQ3iz7KxYDeS03W_ytV8X106OG_DCrSASGBQ74IlXXWJ5o0NxRP8gzJdXTmsbnr_ZCEnPux-dov-yEaC0I0PS46QNp1bZGHvza67CdLTPNN2h-Q2zNQLpqcS37eT3LmsJOAOgV9Yg&h=h7DxieBW4RtLIO2g0BqpDgBYP2PcSAp9TC4ctdkd9co",
        "Pragma": "no-cache",
        "Retry-After": "0",
        "Strict-Transport-Security": "max-age=31536000; includeSubDomains",
        "X-Cache": "CONFIG_NOCACHE",
        "X-Content-Type-Options": "nosniff",
        "x-ms-correlation-request-id": "76a3342a-c29e-44c5-b112-70ac51aa0511",
        "x-ms-ratelimit-remaining-subscription-deletes": "14999",
        "x-ms-request-id": "Sanitized",
        "x-ms-routing-request-id": "JAPANEAST:20240726T081157Z:76a3342a-c29e-44c5-b112-70ac51aa0511",
        "X-MSEdge-Ref": "Ref A: E8D8B0A99E394967AA880164FE919DF5 Ref B: TYO201100115033 Ref C: 2024-07-26T08:11:52Z"
      },
      "ResponseBody": null
    }
  ],
  "Variables": {
    "0": "rg66368d",
    "1": "pip93428a",
    "2": "contoso13574f",
    "3": "tm223124",
    "4": "tmdns19067"
  }
}