{
  "Entries": [
    {
      "RequestUri": "https://amandapreprod.blob.core.windows.net/test-container-96a054ef-2933-3749-c2a7-624b90d2f5c9?restype=container",
      "RequestMethod": "PUT",
      "RequestHeaders": {
        "Accept": "application/xml",
        "Authorization": "Sanitized",
        "Content-Length": "0",
        "traceparent": "00-dc40f7f440edce68604deb59e98024b7-a07855c5dc59b659-00",
        "User-Agent": "azsdk-net-Storage.Blobs/12.23.0-alpha.20241002.1 (.NET 8.0.8; Microsoft Windows 10.0.22631)",
        "x-ms-client-request-id": "Sanitized",
        "x-ms-date": "Thu, 03 Oct 2024 18:06:43 GMT",
        "x-ms-return-client-request-id": "true",
        "x-ms-version": "2024-11-04"
      },
      "RequestBody": null,
      "StatusCode": 201,
      "ResponseHeaders": {
        "Content-Length": "0",
        "Date": "Thu, 03 Oct 2024 18:06:37 GMT",
        "ETag": "\"0x8DCE3D61FF7A864\"",
        "Last-Modified": "Thu, 03 Oct 2024 18:06:37 GMT",
        "Server": [
          "Windows-Azure-Blob/1.0",
          "Microsoft-HTTPAPI/2.0"
        ],
        "x-ms-client-request-id": "Sanitized",
        "x-ms-request-id": "a157dbb2-701e-0022-69be-1565ab000000",
        "x-ms-version": "2024-11-04"
      },
      "ResponseBody": null
    },
    {
      "RequestUri": "https://amandapreprod.blob.core.windows.net/test-container-96a054ef-2933-3749-c2a7-624b90d2f5c9/sourceFolder%5Cblob0",
      "RequestMethod": "PUT",
      "RequestHeaders": {
        "Accept": "application/xml",
        "Authorization": "Sanitized",
        "Content-Length": "1",
        "Content-Type": "application/octet-stream",
        "traceparent": "00-8f2a7ef912f730bc3d5cc75aba54d073-13de6c11b408b3bc-00",
        "User-Agent": "azsdk-net-Storage.Blobs/12.23.0-alpha.20241002.1 (.NET 8.0.8; Microsoft Windows 10.0.22631)",
        "x-ms-blob-type": "BlockBlob",
        "x-ms-client-request-id": "Sanitized",
        "x-ms-date": "Thu, 03 Oct 2024 18:06:43 GMT",
        "x-ms-return-client-request-id": "true",
        "x-ms-version": "2024-11-04"
      },
      "RequestBody": "2g==",
      "StatusCode": 201,
      "ResponseHeaders": {
        "Content-Length": "0",
        "Content-MD5": "Z8MV9hRbp0zutuXdDNG5Yg==",
        "Date": "Thu, 03 Oct 2024 18:06:37 GMT",
        "ETag": "\"0x8DCE3D620022821\"",
        "Last-Modified": "Thu, 03 Oct 2024 18:06:37 GMT",
        "Server": [
          "Windows-Azure-Blob/1.0",
          "Microsoft-HTTPAPI/2.0"
        ],
        "x-ms-client-request-id": "Sanitized",
        "x-ms-content-crc64": "9OAIuczrzbg=",
        "x-ms-request-id": "a157dbc1-701e-0022-75be-1565ab000000",
        "x-ms-request-server-encrypted": "true",
        "x-ms-version": "2024-11-04"
      },
      "ResponseBody": null
    },
    {
      "RequestUri": "https://amandapreprod.blob.core.windows.net/test-container-96a054ef-2933-3749-c2a7-624b90d2f5c9/sourceFolder%5Cblob1",
      "RequestMethod": "PUT",
      "RequestHeaders": {
        "Accept": "application/xml",
        "Authorization": "Sanitized",
        "Content-Length": "1",
        "Content-Type": "application/octet-stream",
        "traceparent": "00-378774cb1b3664fcf7c412b64f7155f5-f0664bab2465c482-00",
        "User-Agent": "azsdk-net-Storage.Blobs/12.23.0-alpha.20241002.1 (.NET 8.0.8; Microsoft Windows 10.0.22631)",
        "x-ms-blob-type": "BlockBlob",
        "x-ms-client-request-id": "Sanitized",
        "x-ms-date": "Thu, 03 Oct 2024 18:06:43 GMT",
        "x-ms-return-client-request-id": "true",
        "x-ms-version": "2024-11-04"
      },
      "RequestBody": "Nw==",
      "StatusCode": 201,
      "ResponseHeaders": {
        "Content-Length": "0",
        "Content-MD5": "jxTkX87qFnpaNt7dS+olQw==",
        "Date": "Thu, 03 Oct 2024 18:06:37 GMT",
        "ETag": "\"0x8DCE3D6200C2F08\"",
        "Last-Modified": "Thu, 03 Oct 2024 18:06:37 GMT",
        "Server": [
          "Windows-Azure-Blob/1.0",
          "Microsoft-HTTPAPI/2.0"
        ],
        "x-ms-client-request-id": "Sanitized",
        "x-ms-content-crc64": "rxoxviClKhQ=",
        "x-ms-request-id": "a157dbca-701e-0022-7ebe-1565ab000000",
        "x-ms-request-server-encrypted": "true",
        "x-ms-version": "2024-11-04"
      },
      "ResponseBody": null
    },
    {
      "RequestUri": "https://amandapreprod.blob.core.windows.net/test-container-96a054ef-2933-3749-c2a7-624b90d2f5c9/sourceFolder%5Cbar%5Cblob2",
      "RequestMethod": "PUT",
      "RequestHeaders": {
        "Accept": "application/xml",
        "Authorization": "Sanitized",
        "Content-Length": "1",
        "Content-Type": "application/octet-stream",
        "traceparent": "00-87ddec17d5235d9f2cab2f65266e03e8-7664af0fdababebe-00",
        "User-Agent": "azsdk-net-Storage.Blobs/12.23.0-alpha.20241002.1 (.NET 8.0.8; Microsoft Windows 10.0.22631)",
        "x-ms-blob-type": "BlockBlob",
        "x-ms-client-request-id": "Sanitized",
        "x-ms-date": "Thu, 03 Oct 2024 18:06:43 GMT",
        "x-ms-return-client-request-id": "true",
        "x-ms-version": "2024-11-04"
      },
      "RequestBody": "Pg==",
      "StatusCode": 201,
      "ResponseHeaders": {
        "Content-Length": "0",
        "Content-MD5": "zt+NoFRmu1RwgmizxpSnjw==",
        "Date": "Thu, 03 Oct 2024 18:06:37 GMT",
        "ETag": "\"0x8DCE3D6201635F5\"",
        "Last-Modified": "Thu, 03 Oct 2024 18:06:38 GMT",
        "Server": [
          "Windows-Azure-Blob/1.0",
          "Microsoft-HTTPAPI/2.0"
        ],
        "x-ms-client-request-id": "Sanitized",
        "x-ms-content-crc64": "o20Q5ly5WM0=",
        "x-ms-request-id": "a157dbde-701e-0022-0ebe-1565ab000000",
        "x-ms-request-server-encrypted": "true",
        "x-ms-version": "2024-11-04"
      },
      "ResponseBody": null
    },
    {
      "RequestUri": "https://amandapreprod.blob.core.windows.net/test-container-96a054ef-2933-3749-c2a7-624b90d2f5c9/sourceFolder%5Cpik%5Cblob3",
      "RequestMethod": "PUT",
      "RequestHeaders": {
        "Accept": "application/xml",
        "Authorization": "Sanitized",
        "Content-Length": "1",
        "Content-Type": "application/octet-stream",
        "traceparent": "00-757983f5c5077ae03b14f909915e307d-a4065ec1f2bc573f-00",
        "User-Agent": "azsdk-net-Storage.Blobs/12.23.0-alpha.20241002.1 (.NET 8.0.8; Microsoft Windows 10.0.22631)",
        "x-ms-blob-type": "BlockBlob",
        "x-ms-client-request-id": "Sanitized",
        "x-ms-date": "Thu, 03 Oct 2024 18:06:43 GMT",
        "x-ms-return-client-request-id": "true",
        "x-ms-version": "2024-11-04"
      },
      "RequestBody": "/A==",
      "StatusCode": 201,
      "ResponseHeaders": {
        "Content-Length": "0",
        "Content-MD5": "zw7s46I7aA9iZqIaq7pNMg==",
        "Date": "Thu, 03 Oct 2024 18:06:37 GMT",
        "ETag": "\"0x8DCE3D620203CC2\"",
        "Last-Modified": "Thu, 03 Oct 2024 18:06:38 GMT",
        "Server": [
          "Windows-Azure-Blob/1.0",
          "Microsoft-HTTPAPI/2.0"
        ],
        "x-ms-client-request-id": "Sanitized",
        "x-ms-content-crc64": "i5teUFgRs34=",
        "x-ms-request-id": "a157dbe9-701e-0022-19be-1565ab000000",
        "x-ms-request-server-encrypted": "true",
        "x-ms-version": "2024-11-04"
      },
      "ResponseBody": null
    },
    {
      "RequestUri": "https://amandapreprod.blob.core.windows.net/test-container-96a054ef-2933-3749-c2a7-624b90d2f5c9?restype=container&comp=list&prefix=&include=Metadata",
      "RequestMethod": "GET",
      "RequestHeaders": {
        "Accept": "application/xml",
        "Authorization": "Sanitized",
        "User-Agent": "azsdk-net-Storage.Blobs/12.23.0-alpha.20241002.1 (.NET 8.0.8; Microsoft Windows 10.0.22631)",
        "x-ms-client-request-id": "Sanitized",
        "x-ms-date": "Thu, 03 Oct 2024 18:06:43 GMT",
        "x-ms-return-client-request-id": "true",
        "x-ms-version": "2024-11-04"
      },
      "RequestBody": null,
      "StatusCode": 200,
      "ResponseHeaders": {
        "Content-Type": "application/xml",
        "Date": "Thu, 03 Oct 2024 18:06:37 GMT",
        "Server": [
          "Windows-Azure-Blob/1.0",
          "Microsoft-HTTPAPI/2.0"
        ],
        "Transfer-Encoding": "chunked",
        "x-ms-client-request-id": "Sanitized",
        "x-ms-request-id": "a157dc01-701e-0022-2cbe-1565ab000000",
        "x-ms-version": "2024-11-04"
      },
      "ResponseBody": "\uFEFF<?xml version=\"1.0\" encoding=\"utf-8\"?><EnumerationResults ServiceEndpoint=\"https://amandapreprod.blob.core.windows.net/\" ContainerName=\"test-container-96a054ef-2933-3749-c2a7-624b90d2f5c9\"><Blobs><Blob><Name>sourceFolder/bar/blob2</Name><Properties><Creation-Time>Thu, 03 Oct 2024 18:06:38 GMT</Creation-Time><Last-Modified>Thu, 03 Oct 2024 18:06:38 GMT</Last-Modified><Etag>0x8DCE3D6201635F5</Etag><Content-Length>1</Content-Length><Content-Type>application/octet-stream</Content-Type><Content-Encoding /><Content-Language /><Content-CRC64 /><Content-MD5>zt+NoFRmu1RwgmizxpSnjw==</Content-MD5><Cache-Control /><Content-Disposition /><BlobType>BlockBlob</BlobType><AccessTier>Hot</AccessTier><AccessTierInferred>true</AccessTierInferred><LeaseStatus>unlocked</LeaseStatus><LeaseState>available</LeaseState><ServerEncrypted>true</ServerEncrypted></Properties><Metadata /><OrMetadata /></Blob><Blob><Name>sourceFolder/blob0</Name><Properties><Creation-Time>Thu, 03 Oct 2024 18:06:37 GMT</Creation-Time><Last-Modified>Thu, 03 Oct 2024 18:06:37 GMT</Last-Modified><Etag>0x8DCE3D620022821</Etag><Content-Length>1</Content-Length><Content-Type>application/octet-stream</Content-Type><Content-Encoding /><Content-Language /><Content-CRC64 /><Content-MD5>Z8MV9hRbp0zutuXdDNG5Yg==</Content-MD5><Cache-Control /><Content-Disposition /><BlobType>BlockBlob</BlobType><AccessTier>Hot</AccessTier><AccessTierInferred>true</AccessTierInferred><LeaseStatus>unlocked</LeaseStatus><LeaseState>available</LeaseState><ServerEncrypted>true</ServerEncrypted></Properties><Metadata /><OrMetadata /></Blob><Blob><Name>sourceFolder/blob1</Name><Properties><Creation-Time>Thu, 03 Oct 2024 18:06:37 GMT</Creation-Time><Last-Modified>Thu, 03 Oct 2024 18:06:37 GMT</Last-Modified><Etag>0x8DCE3D6200C2F08</Etag><Content-Length>1</Content-Length><Content-Type>application/octet-stream</Content-Type><Content-Encoding /><Content-Language /><Content-CRC64 /><Content-MD5>jxTkX87qFnpaNt7dS+olQw==</Content-MD5><Cache-Control /><Content-Disposition /><BlobType>BlockBlob</BlobType><AccessTier>Hot</AccessTier><AccessTierInferred>true</AccessTierInferred><LeaseStatus>unlocked</LeaseStatus><LeaseState>available</LeaseState><ServerEncrypted>true</ServerEncrypted></Properties><Metadata /><OrMetadata /></Blob><Blob><Name>sourceFolder/pik/blob3</Name><Properties><Creation-Time>Thu, 03 Oct 2024 18:06:38 GMT</Creation-Time><Last-Modified>Thu, 03 Oct 2024 18:06:38 GMT</Last-Modified><Etag>0x8DCE3D620203CC2</Etag><Content-Length>1</Content-Length><Content-Type>application/octet-stream</Content-Type><Content-Encoding /><Content-Language /><Content-CRC64 /><Content-MD5>zw7s46I7aA9iZqIaq7pNMg==</Content-MD5><Cache-Control /><Content-Disposition /><BlobType>BlockBlob</BlobType><AccessTier>Hot</AccessTier><AccessTierInferred>true</AccessTierInferred><LeaseStatus>unlocked</LeaseStatus><LeaseState>available</LeaseState><ServerEncrypted>true</ServerEncrypted></Properties><Metadata /><OrMetadata /></Blob></Blobs><NextMarker /></EnumerationResults>"
    },
    {
      "RequestUri": "https://amandapreprod.blob.core.windows.net/test-container-96a054ef-2933-3749-c2a7-624b90d2f5c9/sourceFolder/blob1",
      "RequestMethod": "GET",
      "RequestHeaders": {
        "Accept": "application/xml",
        "Authorization": "Sanitized",
        "If-Match": "0x8DCE3D6200C2F08",
        "traceparent": "00-4e897e1f0de250a1d4d32afadd3eb7c0-5d542019b686dae5-00",
        "User-Agent": "azsdk-net-Storage.Blobs/12.23.0-alpha.20241002.1 (.NET 8.0.8; Microsoft Windows 10.0.22631)",
        "x-ms-client-request-id": "Sanitized",
        "x-ms-date": "Thu, 03 Oct 2024 18:06:44 GMT",
        "x-ms-range": "bytes=0-0",
        "x-ms-return-client-request-id": "true",
        "x-ms-version": "2024-11-04"
      },
      "RequestBody": null,
      "StatusCode": 206,
      "ResponseHeaders": {
        "Accept-Ranges": "bytes",
        "Content-Length": "1",
        "Content-Range": "bytes 0-0/1",
        "Content-Type": "application/octet-stream",
        "Date": "Thu, 03 Oct 2024 18:06:37 GMT",
        "ETag": "\"0x8DCE3D6200C2F08\"",
        "Last-Modified": "Thu, 03 Oct 2024 18:06:37 GMT",
        "Server": [
          "Windows-Azure-Blob/1.0",
          "Microsoft-HTTPAPI/2.0"
        ],
        "x-ms-blob-content-md5": "jxTkX87qFnpaNt7dS+olQw==",
        "x-ms-blob-type": "BlockBlob",
        "x-ms-client-request-id": "Sanitized",
        "x-ms-creation-time": "Thu, 03 Oct 2024 18:06:37 GMT",
        "x-ms-lease-state": "available",
        "x-ms-lease-status": "unlocked",
        "x-ms-request-id": "9c0d326e-501e-000a-4fbe-150403000000",
        "x-ms-server-encrypted": "true",
        "x-ms-version": "2024-11-04"
      },
      "ResponseBody": "Nw=="
    },
    {
      "RequestUri": "https://amandapreprod.blob.core.windows.net/test-container-96a054ef-2933-3749-c2a7-624b90d2f5c9/sourceFolder/bar/blob2",
      "RequestMethod": "GET",
      "RequestHeaders": {
        "Accept": "application/xml",
        "Authorization": "Sanitized",
        "If-Match": "0x8DCE3D6201635F5",
        "traceparent": "00-bc834599dc81f423c15c118eac7d822b-e448f0403594d3fc-00",
        "User-Agent": "azsdk-net-Storage.Blobs/12.23.0-alpha.20241002.1 (.NET 8.0.8; Microsoft Windows 10.0.22631)",
        "x-ms-client-request-id": "Sanitized",
        "x-ms-date": "Thu, 03 Oct 2024 18:06:44 GMT",
        "x-ms-range": "bytes=0-0",
        "x-ms-return-client-request-id": "true",
        "x-ms-version": "2024-11-04"
      },
      "RequestBody": null,
      "StatusCode": 206,
      "ResponseHeaders": {
        "Accept-Ranges": "bytes",
        "Content-Length": "1",
        "Content-Range": "bytes 0-0/1",
        "Content-Type": "application/octet-stream",
        "Date": "Thu, 03 Oct 2024 18:06:38 GMT",
        "ETag": "\"0x8DCE3D6201635F5\"",
        "Last-Modified": "Thu, 03 Oct 2024 18:06:38 GMT",
        "Server": [
          "Windows-Azure-Blob/1.0",
          "Microsoft-HTTPAPI/2.0"
        ],
        "x-ms-blob-content-md5": "zt+NoFRmu1RwgmizxpSnjw==",
        "x-ms-blob-type": "BlockBlob",
        "x-ms-client-request-id": "Sanitized",
        "x-ms-creation-time": "Thu, 03 Oct 2024 18:06:38 GMT",
        "x-ms-lease-state": "available",
        "x-ms-lease-status": "unlocked",
        "x-ms-request-id": "a157dc1e-701e-0022-40be-1565ab000000",
        "x-ms-server-encrypted": "true",
        "x-ms-version": "2024-11-04"
      },
      "ResponseBody": "Pg=="
    },
    {
      "RequestUri": "https://amandapreprod.blob.core.windows.net/test-container-96a054ef-2933-3749-c2a7-624b90d2f5c9/sourceFolder/pik/blob3",
      "RequestMethod": "GET",
      "RequestHeaders": {
        "Accept": "application/xml",
        "Authorization": "Sanitized",
        "If-Match": "0x8DCE3D620203CC2",
        "traceparent": "00-bca51ca0d7068aa1a47ab0c7d6870e95-05e4d2c4037c9b02-00",
        "User-Agent": "azsdk-net-Storage.Blobs/12.23.0-alpha.20241002.1 (.NET 8.0.8; Microsoft Windows 10.0.22631)",
        "x-ms-client-request-id": "Sanitized",
        "x-ms-date": "Thu, 03 Oct 2024 18:06:44 GMT",
        "x-ms-range": "bytes=0-0",
        "x-ms-return-client-request-id": "true",
        "x-ms-version": "2024-11-04"
      },
      "RequestBody": null,
      "StatusCode": 206,
      "ResponseHeaders": {
        "Accept-Ranges": "bytes",
        "Content-Length": "1",
        "Content-Range": "bytes 0-0/1",
        "Content-Type": "application/octet-stream",
        "Date": "Thu, 03 Oct 2024 18:06:38 GMT",
        "ETag": "\"0x8DCE3D620203CC2\"",
        "Last-Modified": "Thu, 03 Oct 2024 18:06:38 GMT",
        "Server": [
          "Windows-Azure-Blob/1.0",
          "Microsoft-HTTPAPI/2.0"
        ],
        "x-ms-blob-content-md5": "zw7s46I7aA9iZqIaq7pNMg==",
        "x-ms-blob-type": "BlockBlob",
        "x-ms-client-request-id": "Sanitized",
        "x-ms-creation-time": "Thu, 03 Oct 2024 18:06:38 GMT",
        "x-ms-lease-state": "available",
        "x-ms-lease-status": "unlocked",
        "x-ms-request-id": "649e4c30-f01e-002c-0ebe-154c1b000000",
        "x-ms-server-encrypted": "true",
        "x-ms-version": "2024-11-04"
      },
      "ResponseBody": "/A=="
    },
    {
      "RequestUri": "https://amandapreprod.blob.core.windows.net/test-container-96a054ef-2933-3749-c2a7-624b90d2f5c9/sourceFolder/blob0",
      "RequestMethod": "GET",
      "RequestHeaders": {
        "Accept": "application/xml",
        "Authorization": "Sanitized",
        "If-Match": "0x8DCE3D620022821",
        "traceparent": "00-092df9e027c5f976f7e022bfa19e9241-42b3aae318ebfffb-00",
        "User-Agent": "azsdk-net-Storage.Blobs/12.23.0-alpha.20241002.1 (.NET 8.0.8; Microsoft Windows 10.0.22631)",
        "x-ms-client-request-id": "Sanitized",
        "x-ms-date": "Thu, 03 Oct 2024 18:06:44 GMT",
        "x-ms-range": "bytes=0-0",
        "x-ms-return-client-request-id": "true",
        "x-ms-version": "2024-11-04"
      },
      "RequestBody": null,
      "StatusCode": 206,
      "ResponseHeaders": {
        "Accept-Ranges": "bytes",
        "Content-Length": "1",
        "Content-Range": "bytes 0-0/1",
        "Content-Type": "application/octet-stream",
        "Date": "Thu, 03 Oct 2024 18:06:38 GMT",
        "ETag": "\"0x8DCE3D620022821\"",
        "Last-Modified": "Thu, 03 Oct 2024 18:06:37 GMT",
        "Server": [
          "Windows-Azure-Blob/1.0",
          "Microsoft-HTTPAPI/2.0"
        ],
        "x-ms-blob-content-md5": "Z8MV9hRbp0zutuXdDNG5Yg==",
        "x-ms-blob-type": "BlockBlob",
        "x-ms-client-request-id": "Sanitized",
        "x-ms-creation-time": "Thu, 03 Oct 2024 18:06:37 GMT",
        "x-ms-lease-state": "available",
        "x-ms-lease-status": "unlocked",
        "x-ms-request-id": "a34de978-a01e-0053-7fbe-158380000000",
        "x-ms-server-encrypted": "true",
        "x-ms-version": "2024-11-04"
      },
      "ResponseBody": "2g=="
    },
    {
      "RequestUri": "https://amandapreprod.blob.core.windows.net/test-container-96a054ef-2933-3749-c2a7-624b90d2f5c9?restype=container",
      "RequestMethod": "DELETE",
      "RequestHeaders": {
        "Accept": "application/xml",
        "Authorization": "Sanitized",
        "traceparent": "00-eeb4c3946015bb02735eb461eef32360-8d708ea629a6e9e5-00",
        "User-Agent": "azsdk-net-Storage.Blobs/12.23.0-alpha.20241002.1 (.NET 8.0.8; Microsoft Windows 10.0.22631)",
        "x-ms-client-request-id": "Sanitized",
        "x-ms-date": "Thu, 03 Oct 2024 18:06:44 GMT",
        "x-ms-return-client-request-id": "true",
        "x-ms-version": "2024-11-04"
      },
      "RequestBody": null,
      "StatusCode": 202,
      "ResponseHeaders": {
        "Content-Length": "0",
        "Date": "Thu, 03 Oct 2024 18:06:38 GMT",
        "Server": [
          "Windows-Azure-Blob/1.0",
          "Microsoft-HTTPAPI/2.0"
        ],
        "x-ms-client-request-id": "Sanitized",
        "x-ms-request-id": "a34de99b-a01e-0053-19be-158380000000",
        "x-ms-version": "2024-11-04"
      },
      "ResponseBody": null
    }
  ],
  "Variables": {
    "RandomSeed": "1971500171",
    "Storage_TestConfigDefault": "ProductionTenant\namandapreprod\nU2FuaXRpemVk\nhttps://amandapreprod.blob.core.windows.net\nhttps://amandapreprod.file.core.windows.net\nhttps://amandapreprod.queue.core.windows.net\nhttps://amandapreprod.table.core.windows.net\n\n\n\n\nhttps://amandapreprod-secondary.blob.core.windows.net\nhttps://amandapreprod-secondary.file.core.windows.net\nhttps://amandapreprod-secondary.queue.core.windows.net\nhttps://amandapreprod-secondary.table.core.windows.net\nCloud\nBlobEndpoint=https://amandapreprod.blob.core.windows.net/;QueueEndpoint=https://amandapreprod.queue.core.windows.net/;FileEndpoint=https://amandapreprod.file.core.windows.net/;BlobSecondaryEndpoint=https://amandapreprod-secondary.blob.core.windows.net/;QueueSecondaryEndpoint=https://amandapreprod-secondary.queue.core.windows.net/;FileSecondaryEndpoint=https://amandapreprod-secondary.file.core.windows.net/;AccountName=amandapreprod;AccountKey=Sanitized\nEncryptionScope\n\n"
  }
}
