{
  "Entries": [
    {
      "RequestUri": "https://Sanitized.azure.com/subscriptions/00000000-0000-0000-0000-000000000/resourceGroups/00000/providers/Microsoft.MachineLearningServices/workspaces/00000/environments/CliV2AnonymousEnvironment/versions/c28f39f0b215ab16900999b2dd2f502cc37e97d24776b876d86dcc1ef8b87eeb?api-version=2023-04-01-preview",
      "RequestMethod": "PUT",
      "RequestHeaders": {
        "Accept": "application/json",
        "Accept-Encoding": "gzip, deflate",
        "Connection": "keep-alive",
        "Content-Length": "434",
        "Content-Type": "application/json",
        "User-Agent": "azure-ai-ml/1.28.0 azsdk-python-mgmt-machinelearningservices/0.1.0 Python/3.10.11 (Windows-10-10.0.26100-SP0)"
      },
      "RequestBody": {
        "properties": {
          "isAnonymous": true,
          "isArchived": false,
          "condaFile": "channels:\n- conda-forge\ndependencies:\n- python=3.8\n- numpy=1.21.2\n- pip=21.2.4\n- scikit-learn=0.24.2\n- scipy=1.7.1\n- pandas>=1.1,<1.2\n- pip:\n  - inference-schema[numpy-support]==1.3.0\n  - xlrd==2.0.1\n  - azureml-mlflow==1.42.0\n  - mltable==0.1.0b4\n  - pyyaml==6.0\nname: model-env\n",
          "image": "mcr.microsoft.com/azureml/openmpi4.1.0-ubuntu20.04"
        }
      },
      "StatusCode": 201,
      "ResponseHeaders": {
        "azureml-served-by-cluster": "vienna-westus-02",
        "Cache-Control": "no-cache",
        "Content-Length": "1454",
        "Content-Type": "application/json; charset=utf-8",
        "Date": "Mon, 19 May 2025 19:02:26 GMT",
        "Expires": "-1",
        "Location": "https://management.azure.com/subscriptions/00000000-0000-0000-0000-000000000/resourceGroups/00000/providers/Microsoft.MachineLearningServices/workspaces/00000/environments/CliV2AnonymousEnvironment/versions/c28f39f0b215ab16900999b2dd2f502cc37e97d24776b876d86dcc1ef8b87eeb?api-version=2023-04-01-preview",
        "Pragma": "no-cache",
        "Request-Context": "appId=cid-v1:2d2e8e63-272e-4b3c-8598-4ee570a0e70d",
        "Strict-Transport-Security": "max-age=31536000; includeSubDomains",
        "X-Cache": "CONFIG_NOCACHE",
        "X-Content-Type-Options": "nosniff",
        "x-ms-correlation-request-id": "24f41e7d-129e-41c1-8dae-6d0f39d81680",
        "x-ms-operation-identifier": "tenantId=72f988bf-86f1-41af-91ab-2d7cd011db47,objectId=2658e295-df5c-42f6-b1c2-93b4de9f1904/jioindiacentral/d02d423b-3abb-49b8-a414-e3565d290f11",
        "x-ms-ratelimit-remaining-subscription-global-writes": "11999",
        "x-ms-ratelimit-remaining-subscription-writes": "799",
        "x-ms-response-type": "standard",
        "x-ms-routing-request-id": "JIOINDIACENTRAL:20250519T190226Z:24f41e7d-129e-41c1-8dae-6d0f39d81680",
        "X-MSEdge-Ref": "Ref A: 9F59F79AA06F45CF9BAD62FE1EFAAA8F Ref B: MAA201060516045 Ref C: 2025-05-19T19:02:24Z",
        "x-request-time": "1.012"
      },
      "ResponseBody": {
        "id": "/subscriptions/00000000-0000-0000-0000-000000000/resourceGroups/00000/providers/Microsoft.MachineLearningServices/workspaces/00000/environments/CliV2AnonymousEnvironment/versions/c28f39f0b215ab16900999b2dd2f502cc37e97d24776b876d86dcc1ef8b87eeb",
        "name": "c28f39f0b215ab16900999b2dd2f502cc37e97d24776b876d86dcc1ef8b87eeb",
        "type": "Microsoft.MachineLearningServices/workspaces/environments/versions",
        "properties": {
          "description": null,
          "tags": {},
          "properties": {
            "azureml.labels": ""
          },
          "isArchived": false,
          "isAnonymous": true,
          "autoDeleteSetting": null,
          "environmentType": "UserCreated",
          "image": "mcr.microsoft.com/azureml/openmpi4.1.0-ubuntu20.04",
          "condaFile": "{\n  \"channels\": [\n    \"conda-forge\"\n  ],\n  \"dependencies\": [\n    \"python=3.8\",\n    \"numpy=1.21.2\",\n    \"pip=21.2.4\",\n    \"scikit-learn=0.24.2\",\n    \"scipy=1.7.1\",\n    \"pandas>=1.1,<1.2\",\n    {\n      \"pip\": [\n        \"inference-schema[numpy-support]==1.3.0\",\n        \"xlrd==2.0.1\",\n        \"azureml-mlflow==1.42.0\",\n        \"mltable==0.1.0b4\",\n        \"pyyaml==6.0\"\n      ]\n    }\n  ],\n  \"name\": \"model-env\"\n}",
          "osType": "Linux",
          "autoRebuild": "Disabled",
          "provisioningState": "Succeeded",
          "stage": "Logged",
          "intellectualProperty": null
        },
        "systemData": {
          "createdAt": "2025-05-19T15:49:46.6674107+00:00",
          "createdBy": "Sanitized",
          "createdByType": "User",
          "lastModifiedAt": "2025-05-19T15:49:46.6674107+00:00",
          "lastModifiedBy": "Sanitized",
          "lastModifiedByType": "User"
        }
      }
    },
    {
      "RequestUri": "https://Sanitized.azure.com/subscriptions/00000000-0000-0000-0000-000000000/resourceGroups/00000/providers/Microsoft.MachineLearningServices/workspaces/00000/codes/000000000000000000000/versions?api-version=2023-04-01&hash=20c87f1b361d2ec65b4c02f403e47cc255ed462ceee478d8292c867ed78763d6&hashVersion=202208",
      "RequestMethod": "GET",
      "RequestHeaders": {
        "Accept": "application/json",
        "Accept-Encoding": "gzip, deflate",
        "Connection": "keep-alive",
        "User-Agent": "azure-ai-ml/1.28.0 azsdk-python-mgmt-machinelearningservices/0.1.0 Python/3.10.11 (Windows-10-10.0.26100-SP0)"
      },
      "RequestBody": null,
      "StatusCode": 200,
      "ResponseHeaders": {
        "azureml-served-by-cluster": "vienna-westus-01",
        "Cache-Control": "no-cache",
        "Content-Length": "870",
        "Content-Type": "application/json; charset=utf-8",
        "Date": "Mon, 19 May 2025 19:02:29 GMT",
        "Expires": "-1",
        "Pragma": "no-cache",
        "Request-Context": "appId=cid-v1:2d2e8e63-272e-4b3c-8598-4ee570a0e70d",
        "Strict-Transport-Security": "max-age=31536000; includeSubDomains",
        "Vary": "Accept-Encoding",
        "X-Cache": "CONFIG_NOCACHE",
        "X-Content-Type-Options": "nosniff",
        "x-ms-correlation-request-id": "a0b426a9-1a47-4268-8db4-301fbe61f9a2",
        "x-ms-operation-identifier": "tenantId=72f988bf-86f1-41af-91ab-2d7cd011db47,objectId=2658e295-df5c-42f6-b1c2-93b4de9f1904/jioindiacentral/5141369e-7113-4b45-833f-2f7e1d589c09",
        "x-ms-ratelimit-remaining-subscription-global-reads": "16499",
        "x-ms-ratelimit-remaining-subscription-reads": "1099",
        "x-ms-response-type": "standard",
        "x-ms-routing-request-id": "JIOINDIACENTRAL:20250519T190230Z:a0b426a9-1a47-4268-8db4-301fbe61f9a2",
        "X-MSEdge-Ref": "Ref A: 881F22C1F54B4AE79BFFBFFD30C330A2 Ref B: MAA201060516009 Ref C: 2025-05-19T19:02:29Z",
        "x-request-time": "0.326"
      },
      "ResponseBody": {
        "value": [
          {
            "id": "/subscriptions/00000000-0000-0000-0000-000000000/resourceGroups/00000/providers/Microsoft.MachineLearningServices/workspaces/00000/codes/22e7c037-7fe1-4792-8aa0-25f5788ef30a/versions/1",
            "name": "1",
            "type": "Microsoft.MachineLearningServices/workspaces/codes/versions",
            "properties": {
              "description": null,
              "tags": {},
              "properties": {
                "hash_sha256": "20c87f1b361d2ec65b4c02f403e47cc255ed462ceee478d8292c867ed78763d6",
                "hash_version": "202208"
              },
              "isArchived": false,
              "isAnonymous": false,
              "codeUri": "https://saw5gakqr75l2j2.blob.core.windows.net:443/5d1b7bea-bf23-4d5c-a95e-a68e0c9a03d0-ham21h5mstxjm96dgbkrto51kr/src",
              "provisioningState": "Succeeded"
            },
            "systemData": {
              "createdAt": "2025-05-19T15:50:01.9059468+00:00",
              "createdBy": "Sanitized",
              "createdByType": "User",
              "lastModifiedAt": "2025-05-19T15:50:01.9059468+00:00",
              "lastModifiedBy": "Sanitized",
              "lastModifiedByType": "User"
            }
          }
        ]
      }
    },
    {
      "RequestUri": "https://Sanitized.azure.com/subscriptions/00000000-0000-0000-0000-000000000/resourceGroups/00000/providers/Microsoft.MachineLearningServices/workspaces/00000/codes/000000000000000000000/versions?api-version=2023-04-01&hash=20c87f1b361d2ec65b4c02f403e47cc255ed462ceee478d8292c867ed78763d6&hashVersion=202208",
      "RequestMethod": "GET",
      "RequestHeaders": {
        "Accept": "application/json",
        "Accept-Encoding": "gzip, deflate",
        "Connection": "keep-alive",
        "User-Agent": "azure-ai-ml/1.28.0 azsdk-python-mgmt-machinelearningservices/0.1.0 Python/3.10.11 (Windows-10-10.0.26100-SP0)"
      },
      "RequestBody": null,
      "StatusCode": 200,
      "ResponseHeaders": {
        "azureml-served-by-cluster": "vienna-westus-02",
        "Cache-Control": "no-cache",
        "Content-Length": "870",
        "Content-Type": "application/json; charset=utf-8",
        "Date": "Mon, 19 May 2025 19:02:29 GMT",
        "Expires": "-1",
        "Pragma": "no-cache",
        "Request-Context": "appId=cid-v1:2d2e8e63-272e-4b3c-8598-4ee570a0e70d",
        "Strict-Transport-Security": "max-age=31536000; includeSubDomains",
        "Vary": "Accept-Encoding",
        "X-Cache": "CONFIG_NOCACHE",
        "X-Content-Type-Options": "nosniff",
        "x-ms-correlation-request-id": "3f789d62-cf84-4755-867a-f2000af87f9e",
        "x-ms-operation-identifier": "tenantId=72f988bf-86f1-41af-91ab-2d7cd011db47,objectId=2658e295-df5c-42f6-b1c2-93b4de9f1904/jioindiacentral/5b2997a8-70e3-4034-928e-90a3903bc067",
        "x-ms-ratelimit-remaining-subscription-global-reads": "16499",
        "x-ms-ratelimit-remaining-subscription-reads": "1099",
        "x-ms-response-type": "standard",
        "x-ms-routing-request-id": "JIOINDIACENTRAL:20250519T190230Z:3f789d62-cf84-4755-867a-f2000af87f9e",
        "X-MSEdge-Ref": "Ref A: 5EC74BF8A75E4A87951EB59F2A13E04C Ref B: MAA201060516045 Ref C: 2025-05-19T19:02:29Z",
        "x-request-time": "0.037"
      },
      "ResponseBody": {
        "value": [
          {
            "id": "/subscriptions/00000000-0000-0000-0000-000000000/resourceGroups/00000/providers/Microsoft.MachineLearningServices/workspaces/00000/codes/22e7c037-7fe1-4792-8aa0-25f5788ef30a/versions/1",
            "name": "1",
            "type": "Microsoft.MachineLearningServices/workspaces/codes/versions",
            "properties": {
              "description": null,
              "tags": {},
              "properties": {
                "hash_sha256": "20c87f1b361d2ec65b4c02f403e47cc255ed462ceee478d8292c867ed78763d6",
                "hash_version": "202208"
              },
              "isArchived": false,
              "isAnonymous": false,
              "codeUri": "https://saw5gakqr75l2j2.blob.core.windows.net:443/5d1b7bea-bf23-4d5c-a95e-a68e0c9a03d0-ham21h5mstxjm96dgbkrto51kr/src",
              "provisioningState": "Succeeded"
            },
            "systemData": {
              "createdAt": "2025-05-19T15:50:01.9059468+00:00",
              "createdBy": "Sanitized",
              "createdByType": "User",
              "lastModifiedAt": "2025-05-19T15:50:01.9059468+00:00",
              "lastModifiedBy": "Sanitized",
              "lastModifiedByType": "User"
            }
          }
        ]
      }
    },
    {
      "RequestUri": "https://Sanitized.azure.com/subscriptions/00000000-0000-0000-0000-000000000/resourceGroups/00000/providers/Microsoft.MachineLearningServices/workspaces/00000/codes/22e7c037-7fe1-4792-8aa0-25f5788ef30a/versions/1?api-version=2023-04-01",
      "RequestMethod": "GET",
      "RequestHeaders": {
        "Accept": "application/json",
        "Accept-Encoding": "gzip, deflate",
        "Connection": "keep-alive",
        "User-Agent": "azure-ai-ml/1.28.0 azsdk-python-mgmt-machinelearningservices/0.1.0 Python/3.10.11 (Windows-10-10.0.26100-SP0)"
      },
      "RequestBody": null,
      "StatusCode": 200,
      "ResponseHeaders": {
        "azureml-served-by-cluster": "vienna-westus-01",
        "Cache-Control": "no-cache",
        "Content-Length": "814",
        "Content-Type": "application/json; charset=utf-8",
        "Date": "Mon, 19 May 2025 19:02:30 GMT",
        "Expires": "-1",
        "Pragma": "no-cache",
        "Request-Context": "appId=cid-v1:2d2e8e63-272e-4b3c-8598-4ee570a0e70d",
        "Strict-Transport-Security": "max-age=31536000; includeSubDomains",
        "Vary": "Accept-Encoding",
        "X-Cache": "CONFIG_NOCACHE",
        "X-Content-Type-Options": "nosniff",
        "x-ms-correlation-request-id": "cbe776c9-877f-4162-adbb-5da38ed4aabb",
        "x-ms-operation-identifier": "tenantId=72f988bf-86f1-41af-91ab-2d7cd011db47,objectId=2658e295-df5c-42f6-b1c2-93b4de9f1904/jioindiacentral/47d8f94b-813a-4a6b-964d-dd37fbb5c267",
        "x-ms-ratelimit-remaining-subscription-global-reads": "16499",
        "x-ms-ratelimit-remaining-subscription-reads": "1099",
        "x-ms-response-type": "standard",
        "x-ms-routing-request-id": "JIOINDIACENTRAL:20250519T190230Z:cbe776c9-877f-4162-adbb-5da38ed4aabb",
        "X-MSEdge-Ref": "Ref A: 5D5FC30CB7854EFE8B838C8DA9ACFED2 Ref B: MAA201060516009 Ref C: 2025-05-19T19:02:30Z",
        "x-request-time": "0.051"
      },
      "ResponseBody": {
        "id": "/subscriptions/00000000-0000-0000-0000-000000000/resourceGroups/00000/providers/Microsoft.MachineLearningServices/workspaces/00000/codes/22e7c037-7fe1-4792-8aa0-25f5788ef30a/versions/1",
        "name": "1",
        "type": "Microsoft.MachineLearningServices/workspaces/codes/versions",
        "properties": {
          "description": null,
          "tags": {},
          "properties": {
            "hash_sha256": "0000000000000",
            "hash_version": "0000000000000"
          },
          "isArchived": false,
          "isAnonymous": false,
          "codeUri": "https://saw5gakqr75l2j2.blob.core.windows.net:443/5d1b7bea-bf23-4d5c-a95e-a68e0c9a03d0-ham21h5mstxjm96dgbkrto51kr/src",
          "provisioningState": "Succeeded"
        },
        "systemData": {
          "createdAt": "2025-05-19T15:50:01.9059468+00:00",
          "createdBy": "Sanitized",
          "createdByType": "User",
          "lastModifiedAt": "2025-05-19T15:50:01.9059468+00:00",
          "lastModifiedBy": "Sanitized",
          "lastModifiedByType": "User"
        }
      }
    },
    {
      "RequestUri": "https://Sanitized.azure.com/subscriptions/00000000-0000-0000-0000-000000000/resourceGroups/00000/providers/Microsoft.MachineLearningServices/workspaces/00000/codes/22e7c037-7fe1-4792-8aa0-25f5788ef30a/versions/1?api-version=2023-04-01",
      "RequestMethod": "GET",
      "RequestHeaders": {
        "Accept": "application/json",
        "Accept-Encoding": "gzip, deflate",
        "Connection": "keep-alive",
        "User-Agent": "azure-ai-ml/1.28.0 azsdk-python-mgmt-machinelearningservices/0.1.0 Python/3.10.11 (Windows-10-10.0.26100-SP0)"
      },
      "RequestBody": null,
      "StatusCode": 200,
      "ResponseHeaders": {
        "azureml-served-by-cluster": "vienna-westus-01",
        "Cache-Control": "no-cache",
        "Content-Length": "814",
        "Content-Type": "application/json; charset=utf-8",
        "Date": "Mon, 19 May 2025 19:02:31 GMT",
        "Expires": "-1",
        "Pragma": "no-cache",
        "Request-Context": "appId=cid-v1:2d2e8e63-272e-4b3c-8598-4ee570a0e70d",
        "Strict-Transport-Security": "max-age=31536000; includeSubDomains",
        "Vary": "Accept-Encoding",
        "X-Cache": "CONFIG_NOCACHE",
        "X-Content-Type-Options": "nosniff",
        "x-ms-correlation-request-id": "d35d4033-09db-4f3b-b6b1-9e79a9c23d55",
        "x-ms-operation-identifier": "tenantId=72f988bf-86f1-41af-91ab-2d7cd011db47,objectId=2658e295-df5c-42f6-b1c2-93b4de9f1904/jioindiacentral/5db13978-1172-43ae-a050-75e6fa7108ca",
        "x-ms-ratelimit-remaining-subscription-global-reads": "16499",
        "x-ms-ratelimit-remaining-subscription-reads": "1099",
        "x-ms-response-type": "standard",
        "x-ms-routing-request-id": "JIOINDIACENTRAL:20250519T190231Z:d35d4033-09db-4f3b-b6b1-9e79a9c23d55",
        "X-MSEdge-Ref": "Ref A: 30C87D08F2AF4995B6DC6E494BC01773 Ref B: MAA201060516045 Ref C: 2025-05-19T19:02:30Z",
        "x-request-time": "0.036"
      },
      "ResponseBody": {
        "id": "/subscriptions/00000000-0000-0000-0000-000000000/resourceGroups/00000/providers/Microsoft.MachineLearningServices/workspaces/00000/codes/22e7c037-7fe1-4792-8aa0-25f5788ef30a/versions/1",
        "name": "1",
        "type": "Microsoft.MachineLearningServices/workspaces/codes/versions",
        "properties": {
          "description": null,
          "tags": {},
          "properties": {
            "hash_sha256": "0000000000000",
            "hash_version": "0000000000000"
          },
          "isArchived": false,
          "isAnonymous": false,
          "codeUri": "https://saw5gakqr75l2j2.blob.core.windows.net:443/5d1b7bea-bf23-4d5c-a95e-a68e0c9a03d0-ham21h5mstxjm96dgbkrto51kr/src",
          "provisioningState": "Succeeded"
        },
        "systemData": {
          "createdAt": "2025-05-19T15:50:01.9059468+00:00",
          "createdBy": "Sanitized",
          "createdByType": "User",
          "lastModifiedAt": "2025-05-19T15:50:01.9059468+00:00",
          "lastModifiedBy": "Sanitized",
          "lastModifiedByType": "User"
        }
      }
    },
    {
      "RequestUri": "https://Sanitized.azure.com/subscriptions/00000000-0000-0000-0000-000000000/resourceGroups/00000/providers/Microsoft.MachineLearningServices/workspaces/00000/components/azureml_anonymous/versions/000000000000000000000?api-version=2024-01-01-preview",
      "RequestMethod": "PUT",
      "RequestHeaders": {
        "Accept": "application/json",
        "Accept-Encoding": "gzip, deflate",
        "Connection": "keep-alive",
        "Content-Length": "886",
        "Content-Type": "application/json",
        "User-Agent": "azure-ai-ml/1.28.0 azsdk-python-mgmt-machinelearningservices/0.1.0 Python/3.10.11 (Windows-10-10.0.26100-SP0)"
      },
      "RequestBody": {
        "properties": {
          "properties": {},
          "tags": {},
          "isAnonymous": true,
          "isArchived": false,
          "componentSpec": {
            "command": "python register.py --model_input_path ${{inputs.model_input_path}} --model_base_name ${{inputs.model_base_name}}",
            "code": "azureml:/subscriptions/00000000-0000-0000-0000-000000000/resourceGroups/00000/providers/Microsoft.MachineLearningServices/workspaces/00000/codes/22e7c037-7fe1-4792-8aa0-25f5788ef30a/versions/1",
            "environment": "azureml:AzureML-sklearn-1.0-ubuntu20.04-py38-cpu:1",
            "resources": {
              "instance_type": "Standard_D3_v2"
            },
            "name": "azureml_anonymous",
            "version": "1",
            "$schema": "https://azuremlschemas.azureedge.net/latest/commandComponent.schema.json",
            "display_name": "Register Model",
            "is_deterministic": true,
            "inputs": {
              "model_input_path": {
                "type": "uri_folder"
              },
              "model_base_name": {
                "type": "string"
              }
            },
            "type": "command",
            "_source": "YAML.JOB"
          }
        }
      },
      "StatusCode": 201,
      "ResponseHeaders": {
        "azureml-served-by-cluster": "vienna-westus-02",
        "Cache-Control": "no-cache",
        "Content-Length": "1543",
        "Content-Type": "application/json; charset=utf-8",
        "Date": "Mon, 19 May 2025 19:02:35 GMT",
        "Expires": "-1",
        "Location": "https://management.azure.com/subscriptions/00000000-0000-0000-0000-000000000/resourceGroups/00000/providers/Microsoft.MachineLearningServices/workspaces/00000/components/azureml_anonymous/versions/000000000000000000000?api-version=2024-01-01-preview",
        "Pragma": "no-cache",
        "Request-Context": "appId=cid-v1:2d2e8e63-272e-4b3c-8598-4ee570a0e70d",
        "Strict-Transport-Security": "max-age=31536000; includeSubDomains",
        "X-Cache": "CONFIG_NOCACHE",
        "X-Content-Type-Options": "nosniff",
        "x-ms-correlation-request-id": "d99e295f-ab50-4caf-89f1-f152516f613f",
        "x-ms-operation-identifier": "tenantId=72f988bf-86f1-41af-91ab-2d7cd011db47,objectId=2658e295-df5c-42f6-b1c2-93b4de9f1904/jioindiacentral/40ec98a7-b46a-40c7-b8ad-a1c8c4305f78",
        "x-ms-ratelimit-remaining-subscription-global-writes": "11999",
        "x-ms-ratelimit-remaining-subscription-writes": "799",
        "x-ms-response-type": "standard",
        "x-ms-routing-request-id": "JIOINDIACENTRAL:20250519T190236Z:d99e295f-ab50-4caf-89f1-f152516f613f",
        "X-MSEdge-Ref": "Ref A: 70D5488760084DEF80A94EC2E0B8CFF1 Ref B: MAA201060516045 Ref C: 2025-05-19T19:02:33Z",
        "x-request-time": "1.300"
      },
      "ResponseBody": {
        "id": "/subscriptions/00000000-0000-0000-0000-000000000/resourceGroups/00000/providers/Microsoft.MachineLearningServices/workspaces/00000/components/azureml_anonymous/versions/85c7ce23-f775-40d3-9d88-dd46df3d72d9",
        "name": "85c7ce23-f775-40d3-9d88-dd46df3d72d9",
        "type": "Microsoft.MachineLearningServices/workspaces/components/versions",
        "properties": {
          "description": null,
          "tags": {},
          "properties": {},
          "isArchived": false,
          "isAnonymous": true,
          "autoDeleteSetting": null,
          "componentSpec": {
            "$schema": "https://azuremlschemas.azureedge.net/latest/commandComponent.schema.json",
            "name": "azureml_anonymous",
            "version": "1",
            "display_name": "Register Model",
            "is_deterministic": "True",
            "type": "command",
            "inputs": {
              "model_input_path": {
                "type": "uri_folder",
                "optional": "False"
              },
              "model_base_name": {
                "type": "string",
                "optional": "False"
              }
            },
            "code": "azureml:/subscriptions/00000000-0000-0000-0000-000000000/resourceGroups/00000/providers/Microsoft.MachineLearningServices/workspaces/00000/codes/22e7c037-7fe1-4792-8aa0-25f5788ef30a/versions/1",
            "environment": "azureml://registries/azureml/environments/AzureML-sklearn-1.0-ubuntu20.04-py38-cpu/versions/1",
            "resources": {
              "instance_count": "1"
            },
            "command": "python register.py --model_input_path ${{inputs.model_input_path}} --model_base_name ${{inputs.model_base_name}}"
          },
          "provisioningState": "Succeeded",
          "stage": "Logged"
        },
        "systemData": {
          "createdAt": "2025-05-19T15:50:06.2876719+00:00",
          "createdBy": "Sanitized",
          "createdByType": "User",
          "lastModifiedAt": "2025-05-19T15:50:06.3391593+00:00",
          "lastModifiedBy": "Sanitized",
          "lastModifiedByType": "User"
        }
      }
    },
    {
      "RequestUri": "https://Sanitized.azure.com/subscriptions/00000000-0000-0000-0000-000000000/resourceGroups/00000/providers/Microsoft.MachineLearningServices/workspaces/00000/components/azureml_anonymous/versions/000000000000000000000?api-version=2024-01-01-preview",
      "RequestMethod": "PUT",
      "RequestHeaders": {
        "Accept": "application/json",
        "Accept-Encoding": "gzip, deflate",
        "Connection": "keep-alive",
        "Content-Length": "1323",
        "Content-Type": "application/json",
        "User-Agent": "azure-ai-ml/1.28.0 azsdk-python-mgmt-machinelearningservices/0.1.0 Python/3.10.11 (Windows-10-10.0.26100-SP0)"
      },
      "RequestBody": {
        "properties": {
          "properties": {},
          "tags": {},
          "isAnonymous": true,
          "isArchived": false,
          "componentSpec": {
            "command": "python preprocess.py --train_data ${{inputs.train_data}} --validation_data ${{inputs.validation_data}} --preprocessed_train_data ${{outputs.preprocessed_train_data}} --preprocessed_validation_data ${{outputs.preprocessed_validation_data}}",
            "code": "azureml:/subscriptions/00000000-0000-0000-0000-000000000/resourceGroups/00000/providers/Microsoft.MachineLearningServices/workspaces/00000/codes/22e7c037-7fe1-4792-8aa0-25f5788ef30a/versions/1",
            "environment": "azureml:/subscriptions/00000000-0000-0000-0000-000000000/resourceGroups/00000/providers/Microsoft.MachineLearningServices/workspaces/00000/environments/CliV2AnonymousEnvironment/versions/c28f39f0b215ab16900999b2dd2f502cc37e97d24776b876d86dcc1ef8b87eeb",
            "resources": {
              "instance_type": "Standard_D3_v2"
            },
            "name": "azureml_anonymous",
            "version": "1",
            "$schema": "https://azuremlschemas.azureedge.net/latest/commandComponent.schema.json",
            "display_name": "Data Preprocessing",
            "is_deterministic": true,
            "inputs": {
              "train_data": {
                "type": "mltable"
              },
              "validation_data": {
                "type": "mltable"
              }
            },
            "outputs": {
              "preprocessed_train_data": {
                "type": "mltable"
              },
              "preprocessed_validation_data": {
                "type": "mltable"
              }
            },
            "type": "command",
            "_source": "YAML.JOB"
          }
        }
      },
      "StatusCode": 201,
      "ResponseHeaders": {
        "azureml-served-by-cluster": "vienna-westus-02",
        "Cache-Control": "no-cache",
        "Content-Length": "1930",
        "Content-Type": "application/json; charset=utf-8",
        "Date": "Mon, 19 May 2025 19:02:36 GMT",
        "Expires": "-1",
        "Location": "https://management.azure.com/subscriptions/00000000-0000-0000-0000-000000000/resourceGroups/00000/providers/Microsoft.MachineLearningServices/workspaces/00000/components/azureml_anonymous/versions/000000000000000000000?api-version=2024-01-01-preview",
        "Pragma": "no-cache",
        "Request-Context": "appId=cid-v1:2d2e8e63-272e-4b3c-8598-4ee570a0e70d",
        "Strict-Transport-Security": "max-age=31536000; includeSubDomains",
        "X-Cache": "CONFIG_NOCACHE",
        "X-Content-Type-Options": "nosniff",
        "x-ms-correlation-request-id": "c6d8a5c2-a832-4a80-bb2d-a1c01b299beb",
        "x-ms-operation-identifier": "tenantId=72f988bf-86f1-41af-91ab-2d7cd011db47,objectId=2658e295-df5c-42f6-b1c2-93b4de9f1904/jioindiacentral/407a5b45-1bc8-48b3-8c36-0fbdf8512d7b",
        "x-ms-ratelimit-remaining-subscription-global-writes": "11999",
        "x-ms-ratelimit-remaining-subscription-writes": "799",
        "x-ms-response-type": "standard",
        "x-ms-routing-request-id": "JIOINDIACENTRAL:20250519T190236Z:c6d8a5c2-a832-4a80-bb2d-a1c01b299beb",
        "X-MSEdge-Ref": "Ref A: 4A2412FF653640928B211A666B684412 Ref B: MAA201060514025 Ref C: 2025-05-19T19:02:34Z",
        "x-request-time": "1.063"
      },
      "ResponseBody": {
        "id": "/subscriptions/00000000-0000-0000-0000-000000000/resourceGroups/00000/providers/Microsoft.MachineLearningServices/workspaces/00000/components/azureml_anonymous/versions/b44adc26-b345-450b-a074-2877aca42c46",
        "name": "b44adc26-b345-450b-a074-2877aca42c46",
        "type": "Microsoft.MachineLearningServices/workspaces/components/versions",
        "properties": {
          "description": null,
          "tags": {},
          "properties": {},
          "isArchived": false,
          "isAnonymous": true,
          "autoDeleteSetting": null,
          "componentSpec": {
            "$schema": "https://azuremlschemas.azureedge.net/latest/commandComponent.schema.json",
            "name": "azureml_anonymous",
            "version": "1",
            "display_name": "Data Preprocessing",
            "is_deterministic": "True",
            "type": "command",
            "inputs": {
              "train_data": {
                "type": "mltable",
                "optional": "False"
              },
              "validation_data": {
                "type": "mltable",
                "optional": "False"
              }
            },
            "outputs": {
              "preprocessed_train_data": {
                "type": "mltable"
              },
              "preprocessed_validation_data": {
                "type": "mltable"
              }
            },
            "code": "azureml:/subscriptions/00000000-0000-0000-0000-000000000/resourceGroups/00000/providers/Microsoft.MachineLearningServices/workspaces/00000/codes/22e7c037-7fe1-4792-8aa0-25f5788ef30a/versions/1",
            "environment": "azureml:/subscriptions/00000000-0000-0000-0000-000000000/resourceGroups/00000/providers/Microsoft.MachineLearningServices/workspaces/00000/environments/CliV2AnonymousEnvironment/versions/c28f39f0b215ab16900999b2dd2f502cc37e97d24776b876d86dcc1ef8b87eeb",
            "resources": {
              "instance_count": "1"
            },
            "command": "python preprocess.py --train_data ${{inputs.train_data}} --validation_data ${{inputs.validation_data}} --preprocessed_train_data ${{outputs.preprocessed_train_data}} --preprocessed_validation_data ${{outputs.preprocessed_validation_data}}"
          },
          "provisioningState": "Succeeded",
          "stage": "Logged"
        },
        "systemData": {
          "createdAt": "2025-05-19T19:02:36.0810131+00:00",
          "createdBy": "Sanitized",
          "createdByType": "User",
          "lastModifiedAt": "2025-05-19T19:02:36.0810131+00:00",
          "lastModifiedBy": "Sanitized",
          "lastModifiedByType": "User"
        }
      }
    },
    {
      "RequestUri": "https://Sanitized.azure.com/subscriptions/00000000-0000-0000-0000-000000000/resourceGroups/00000/providers/Microsoft.MachineLearningServices/workspaces/00000/datastores/workspaceblobstore?api-version=2024-07-01-preview",
      "RequestMethod": "GET",
      "RequestHeaders": {
        "Accept": "application/json",
        "Accept-Encoding": "gzip, deflate",
        "Connection": "keep-alive",
        "User-Agent": "azure-ai-ml/1.28.0 azsdk-python-mgmt-machinelearningservices/0.1.0 Python/3.10.11 (Windows-10-10.0.26100-SP0)"
      },
      "RequestBody": null,
      "StatusCode": 200,
      "ResponseHeaders": {
        "azureml-served-by-cluster": "vienna-westus-02",
        "Cache-Control": "no-cache",
        "Content-Length": "889",
        "Content-Type": "application/json; charset=utf-8",
        "Date": "Mon, 19 May 2025 19:02:39 GMT",
        "Expires": "-1",
        "Pragma": "no-cache",
        "Request-Context": "appId=cid-v1:2d2e8e63-272e-4b3c-8598-4ee570a0e70d",
        "Strict-Transport-Security": "max-age=31536000; includeSubDomains",
        "Vary": "Accept-Encoding",
        "X-Cache": "CONFIG_NOCACHE",
        "X-Content-Type-Options": "nosniff",
        "x-ms-correlation-request-id": "7cb2a714-51f6-4734-93a6-3a917060a68c",
        "x-ms-operation-identifier": "tenantId=72f988bf-86f1-41af-91ab-2d7cd011db47,objectId=2658e295-df5c-42f6-b1c2-93b4de9f1904/jioindiacentral/f1b5e827-5c29-4594-8a3b-fb8e4b50fdcb",
        "x-ms-ratelimit-remaining-subscription-global-reads": "16499",
        "x-ms-ratelimit-remaining-subscription-reads": "1099",
        "x-ms-response-type": "standard",
        "x-ms-routing-request-id": "JIOINDIACENTRAL:20250519T190239Z:7cb2a714-51f6-4734-93a6-3a917060a68c",
        "X-MSEdge-Ref": "Ref A: 22EEBCEC831948ECB9124A448EE1918D Ref B: MAA201060514025 Ref C: 2025-05-19T19:02:39Z",
        "x-request-time": "0.090"
      },
      "ResponseBody": {
        "id": "/subscriptions/00000000-0000-0000-0000-000000000/resourceGroups/00000/providers/Microsoft.MachineLearningServices/workspaces/00000/datastores/workspaceblobstore",
        "name": "workspaceblobstore",
        "type": "Microsoft.MachineLearningServices/workspaces/datastores",
        "properties": {
          "description": null,
          "tags": null,
          "properties": null,
          "isDefault": true,
          "credentials": {
            "credentialsType": "AccountKey"
          },
          "subscriptionId": "00000000-0000-0000-0000-000000000",
          "resourceGroup": "00000",
          "datastoreType": "AzureBlob",
          "accountName": "Sanitized",
          "containerName": "azureml-blobstore-5d1b7bea-bf23-4d5c-a95e-a68e0c9a03d0",
          "endpoint": "core.windows.net",
          "protocol": "https",
          "serviceDataAccessAuthIdentity": "WorkspaceSystemAssignedIdentity"
        },
        "systemData": {
          "createdAt": "2025-05-18T16:25:38.5415356+00:00",
          "lastModifiedAt": "2025-05-18T16:25:39.9021079+00:00",
          "lastModifiedBy": "Sanitized",
          "lastModifiedByType": "Application"
        }
      }
    },
    {
      "RequestUri": "https://Sanitized.azure.com/subscriptions/00000000-0000-0000-0000-000000000/resourceGroups/00000/providers/Microsoft.MachineLearningServices/workspaces/00000/datastores/workspaceblobstore/listSecrets?api-version=2024-07-01-preview",
      "RequestMethod": "POST",
      "RequestHeaders": {
        "Accept": "application/json",
        "Accept-Encoding": "gzip, deflate",
        "Connection": "keep-alive",
        "Content-Length": "48",
        "Content-Type": "application/json",
        "User-Agent": "azure-ai-ml/1.28.0 azsdk-python-mgmt-machinelearningservices/0.1.0 Python/3.10.11 (Windows-10-10.0.26100-SP0)"
      },
      "RequestBody": {
        "expirableSecret": true,
        "expireAfterHours": 1
      },
      "StatusCode": 200,
      "ResponseHeaders": {
        "azureml-served-by-cluster": "vienna-westus-02",
        "Cache-Control": "no-cache",
        "Content-Length": "134",
        "Content-Type": "application/json; charset=utf-8",
        "Date": "Mon, 19 May 2025 19:02:39 GMT",
        "Expires": "-1",
        "Pragma": "no-cache",
        "Request-Context": "appId=cid-v1:2d2e8e63-272e-4b3c-8598-4ee570a0e70d",
        "Strict-Transport-Security": "max-age=31536000; includeSubDomains",
        "X-Cache": "CONFIG_NOCACHE",
        "X-Content-Type-Options": "nosniff",
        "x-ms-correlation-request-id": "be6f326b-2dcc-428d-af6c-657b7d26d7ea",
        "x-ms-operation-identifier": "tenantId=72f988bf-86f1-41af-91ab-2d7cd011db47,objectId=2658e295-df5c-42f6-b1c2-93b4de9f1904/jioindiacentral/434ba090-413f-4997-81b7-f9f301077755",
        "x-ms-ratelimit-remaining-subscription-global-writes": "11999",
        "x-ms-ratelimit-remaining-subscription-writes": "799",
        "x-ms-response-type": "standard",
        "x-ms-routing-request-id": "JIOINDIACENTRAL:20250519T190240Z:be6f326b-2dcc-428d-af6c-657b7d26d7ea",
        "X-MSEdge-Ref": "Ref A: A8EAEE86A50D4C51846CE11E7B24C5A4 Ref B: MAA201060514025 Ref C: 2025-05-19T19:02:39Z",
        "x-request-time": "0.116"
      },
      "ResponseBody": {
        "secretsType": "Sas",
        "sasToken": "?sv=Sanitized&sig=000000000000000000000000000000000000&se=Sanitized&srt=co&ss=bf&sp=rcuwdl"
      }
    },
    {
      "RequestUri": "https://Sanitized.blob.core.windows.net/azureml-blobstore-5d1b7bea-bf23-4d5c-a95e-a68e0c9a03d0/LocalUpload/000000000000000000000000000000000000351dce54ccfc726488f879e049e8/training-mltable-folder/MLTable?sv=Sanitized&sig=000000000000000000000000000000000000&se=Sanitized&srt=co&ss=bf&sp=rcuwdl",
      "RequestMethod": "HEAD",
      "RequestHeaders": {
        "Accept": "application/xml",
        "Accept-Encoding": "gzip, deflate",
        "Connection": "keep-alive",
        "User-Agent": "azsdk-python-storage-blob/12.19.0 Python/3.10.11 (Windows-10-10.0.26100-SP0)",
        "x-ms-date": "Mon, 19 May 2025 19:02:40 GMT",
        "x-ms-version": "2023-11-03"
      },
      "RequestBody": null,
      "StatusCode": 200,
      "ResponseHeaders": {
        "Accept-Ranges": "bytes",
        "Content-Length": "57",
        "Content-MD5": "Sir4LsEq7wMlRHKxXkBmBA==",
        "Content-Type": "application/octet-stream",
        "Date": "Mon, 19 May 2025 19:02:40 GMT",
        "ETag": "\"0x8DD96ECD8CF942F\"",
        "Last-Modified": "Mon, 19 May 2025 15:50:15 GMT",
        "Server": [
          "Windows-Azure-Blob/1.0",
          "Microsoft-HTTPAPI/2.0"
        ],
        "x-ms-access-tier": "Hot",
        "x-ms-access-tier-inferred": "true",
        "x-ms-blob-type": "BlockBlob",
        "x-ms-creation-time": "Mon, 19 May 2025 15:50:14 GMT",
        "x-ms-lease-state": "available",
        "x-ms-lease-status": "unlocked",
        "x-ms-meta-name": "317adfb9-d130-4efe-a739-0097073df15c",
        "x-ms-meta-upload_status": "completed",
        "x-ms-meta-version": "089d09cf-1d07-47f4-9ab4-f2e8f1c6d29d",
        "x-ms-server-encrypted": "true",
        "x-ms-version": "2023-11-03"
      },
      "ResponseBody": null
    },
    {
      "RequestUri": "https://Sanitized.blob.core.windows.net/azureml-blobstore-5d1b7bea-bf23-4d5c-a95e-a68e0c9a03d0/az-ml-artifacts/c6a02e1486af7417c3e3060e9c0f1d664469351dce54ccfc726488f879e049e8/training-mltable-folder/MLTable?sv=Sanitized&sig=000000000000000000000000000000000000&se=Sanitized&srt=co&ss=bf&sp=rcuwdl",
      "RequestMethod": "HEAD",
      "RequestHeaders": {
        "Accept": "application/xml",
        "Accept-Encoding": "gzip, deflate",
        "Connection": "keep-alive",
        "User-Agent": "azsdk-python-storage-blob/12.19.0 Python/3.10.11 (Windows-10-10.0.26100-SP0)",
        "x-ms-date": "Mon, 19 May 2025 19:02:40 GMT",
        "x-ms-version": "2023-11-03"
      },
      "RequestBody": null,
      "StatusCode": 404,
      "ResponseHeaders": {
        "Date": "Mon, 19 May 2025 19:02:40 GMT",
        "Server": [
          "Windows-Azure-Blob/1.0",
          "Microsoft-HTTPAPI/2.0"
        ],
        "Transfer-Encoding": "chunked",
        "x-ms-error-code": "BlobNotFound",
        "x-ms-version": "2023-11-03"
      },
      "ResponseBody": null
    },
    {
      "RequestUri": "https://Sanitized.azure.com/subscriptions/00000000-0000-0000-0000-000000000/resourceGroups/00000/providers/Microsoft.MachineLearningServices/workspaces/00000/datastores/workspaceblobstore?api-version=2024-07-01-preview",
      "RequestMethod": "GET",
      "RequestHeaders": {
        "Accept": "application/json",
        "Accept-Encoding": "gzip, deflate",
        "Connection": "keep-alive",
        "User-Agent": "azure-ai-ml/1.28.0 azsdk-python-mgmt-machinelearningservices/0.1.0 Python/3.10.11 (Windows-10-10.0.26100-SP0)"
      },
      "RequestBody": null,
      "StatusCode": 200,
      "ResponseHeaders": {
        "azureml-served-by-cluster": "vienna-westus-02",
        "Cache-Control": "no-cache",
        "Content-Length": "889",
        "Content-Type": "application/json; charset=utf-8",
        "Date": "Mon, 19 May 2025 19:02:41 GMT",
        "Expires": "-1",
        "Pragma": "no-cache",
        "Request-Context": "appId=cid-v1:2d2e8e63-272e-4b3c-8598-4ee570a0e70d",
        "Strict-Transport-Security": "max-age=31536000; includeSubDomains",
        "Vary": "Accept-Encoding",
        "X-Cache": "CONFIG_NOCACHE",
        "X-Content-Type-Options": "nosniff",
        "x-ms-correlation-request-id": "9ba1aaab-0622-4c24-8813-d1b383e769c1",
        "x-ms-operation-identifier": "tenantId=72f988bf-86f1-41af-91ab-2d7cd011db47,objectId=2658e295-df5c-42f6-b1c2-93b4de9f1904/jioindiacentral/8ad15a60-4431-4710-be32-a1246b7e31c7",
        "x-ms-ratelimit-remaining-subscription-global-reads": "16498",
        "x-ms-ratelimit-remaining-subscription-reads": "1098",
        "x-ms-response-type": "standard",
        "x-ms-routing-request-id": "JIOINDIACENTRAL:20250519T190241Z:9ba1aaab-0622-4c24-8813-d1b383e769c1",
        "X-MSEdge-Ref": "Ref A: 5F3A10068C8B4280B1477D876AA72E0A Ref B: MAA201060514025 Ref C: 2025-05-19T19:02:41Z",
        "x-request-time": "0.104"
      },
      "ResponseBody": {
        "id": "/subscriptions/00000000-0000-0000-0000-000000000/resourceGroups/00000/providers/Microsoft.MachineLearningServices/workspaces/00000/datastores/workspaceblobstore",
        "name": "workspaceblobstore",
        "type": "Microsoft.MachineLearningServices/workspaces/datastores",
        "properties": {
          "description": null,
          "tags": null,
          "properties": null,
          "isDefault": true,
          "credentials": {
            "credentialsType": "AccountKey"
          },
          "subscriptionId": "00000000-0000-0000-0000-000000000",
          "resourceGroup": "00000",
          "datastoreType": "AzureBlob",
          "accountName": "Sanitized",
          "containerName": "azureml-blobstore-5d1b7bea-bf23-4d5c-a95e-a68e0c9a03d0",
          "endpoint": "core.windows.net",
          "protocol": "https",
          "serviceDataAccessAuthIdentity": "WorkspaceSystemAssignedIdentity"
        },
        "systemData": {
          "createdAt": "2025-05-18T16:25:38.5415356+00:00",
          "lastModifiedAt": "2025-05-18T16:25:39.9021079+00:00",
          "lastModifiedBy": "Sanitized",
          "lastModifiedByType": "Application"
        }
      }
    },
    {
      "RequestUri": "https://Sanitized.azure.com/subscriptions/00000000-0000-0000-0000-000000000/resourceGroups/00000/providers/Microsoft.MachineLearningServices/workspaces/00000/datastores/workspaceblobstore/listSecrets?api-version=2024-07-01-preview",
      "RequestMethod": "POST",
      "RequestHeaders": {
        "Accept": "application/json",
        "Accept-Encoding": "gzip, deflate",
        "Connection": "keep-alive",
        "Content-Length": "48",
        "Content-Type": "application/json",
        "User-Agent": "azure-ai-ml/1.28.0 azsdk-python-mgmt-machinelearningservices/0.1.0 Python/3.10.11 (Windows-10-10.0.26100-SP0)"
      },
      "RequestBody": {
        "expirableSecret": true,
        "expireAfterHours": 1
      },
      "StatusCode": 200,
      "ResponseHeaders": {
        "azureml-served-by-cluster": "vienna-westus-01",
        "Cache-Control": "no-cache",
        "Content-Length": "134",
        "Content-Type": "application/json; charset=utf-8",
        "Date": "Mon, 19 May 2025 19:02:42 GMT",
        "Expires": "-1",
        "Pragma": "no-cache",
        "Request-Context": "appId=cid-v1:2d2e8e63-272e-4b3c-8598-4ee570a0e70d",
        "Strict-Transport-Security": "max-age=31536000; includeSubDomains",
        "X-Cache": "CONFIG_NOCACHE",
        "X-Content-Type-Options": "nosniff",
        "x-ms-correlation-request-id": "474f20d6-cb82-4b00-ae16-9c14d4ee862b",
        "x-ms-operation-identifier": "tenantId=72f988bf-86f1-41af-91ab-2d7cd011db47,objectId=2658e295-df5c-42f6-b1c2-93b4de9f1904/jioindiacentral/a440ad57-3e85-4ef5-a9a7-072dc2532317",
        "x-ms-ratelimit-remaining-subscription-global-writes": "11999",
        "x-ms-ratelimit-remaining-subscription-writes": "799",
        "x-ms-response-type": "standard",
        "x-ms-routing-request-id": "JIOINDIACENTRAL:20250519T190243Z:474f20d6-cb82-4b00-ae16-9c14d4ee862b",
        "X-MSEdge-Ref": "Ref A: 24C243941D4748E685C70F6EF744101F Ref B: MAA201060514025 Ref C: 2025-05-19T19:02:41Z",
        "x-request-time": "0.106"
      },
      "ResponseBody": {
        "secretsType": "Sas",
        "sasToken": "?sv=Sanitized&sig=000000000000000000000000000000000000&se=Sanitized&srt=co&ss=bf&sp=rcuwdl"
      }
    },
    {
      "RequestUri": "https://Sanitized.blob.core.windows.net/azureml-blobstore-5d1b7bea-bf23-4d5c-a95e-a68e0c9a03d0/LocalUpload/00000000000000000000000000000000000025ff16dc8eeff21dcdba6e6ecf80/validation-mltable-folder/MLTable?sv=Sanitized&sig=000000000000000000000000000000000000&se=Sanitized&srt=co&ss=bf&sp=rcuwdl",
      "RequestMethod": "HEAD",
      "RequestHeaders": {
        "Accept": "application/xml",
        "Accept-Encoding": "gzip, deflate",
        "Connection": "keep-alive",
        "User-Agent": "azsdk-python-storage-blob/12.19.0 Python/3.10.11 (Windows-10-10.0.26100-SP0)",
        "x-ms-date": "Mon, 19 May 2025 19:02:42 GMT",
        "x-ms-version": "2023-11-03"
      },
      "RequestBody": null,
      "StatusCode": 200,
      "ResponseHeaders": {
        "Accept-Ranges": "bytes",
        "Content-Length": "57",
        "Content-MD5": "5W7V/CMd0I41DKA8PXaaiA==",
        "Content-Type": "application/octet-stream",
        "Date": "Mon, 19 May 2025 19:02:43 GMT",
        "ETag": "\"0x8DD96ECDA8C6730\"",
        "Last-Modified": "Mon, 19 May 2025 15:50:17 GMT",
        "Server": [
          "Windows-Azure-Blob/1.0",
          "Microsoft-HTTPAPI/2.0"
        ],
        "x-ms-access-tier": "Hot",
        "x-ms-access-tier-inferred": "true",
        "x-ms-blob-type": "BlockBlob",
        "x-ms-creation-time": "Mon, 19 May 2025 15:50:17 GMT",
        "x-ms-lease-state": "available",
        "x-ms-lease-status": "unlocked",
        "x-ms-meta-name": "aeee9d99-6700-4fdb-93c0-cd9063c65139",
        "x-ms-meta-upload_status": "completed",
        "x-ms-meta-version": "9f0dbf76-2a70-4acd-b67c-cb74a2baf24f",
        "x-ms-server-encrypted": "true",
        "x-ms-version": "2023-11-03"
      },
      "ResponseBody": null
    },
    {
      "RequestUri": "https://Sanitized.blob.core.windows.net/azureml-blobstore-5d1b7bea-bf23-4d5c-a95e-a68e0c9a03d0/az-ml-artifacts/f3683be8487a7c339ab95723dc22c4211e1625ff16dc8eeff21dcdba6e6ecf80/validation-mltable-folder/MLTable?sv=Sanitized&sig=000000000000000000000000000000000000&se=Sanitized&srt=co&ss=bf&sp=rcuwdl",
      "RequestMethod": "HEAD",
      "RequestHeaders": {
        "Accept": "application/xml",
        "Accept-Encoding": "gzip, deflate",
        "Connection": "keep-alive",
        "User-Agent": "azsdk-python-storage-blob/12.19.0 Python/3.10.11 (Windows-10-10.0.26100-SP0)",
        "x-ms-date": "Mon, 19 May 2025 19:02:43 GMT",
        "x-ms-version": "2023-11-03"
      },
      "RequestBody": null,
      "StatusCode": 404,
      "ResponseHeaders": {
        "Date": "Mon, 19 May 2025 19:02:43 GMT",
        "Server": [
          "Windows-Azure-Blob/1.0",
          "Microsoft-HTTPAPI/2.0"
        ],
        "Transfer-Encoding": "chunked",
        "x-ms-error-code": "BlobNotFound",
        "x-ms-version": "2023-11-03"
      },
      "ResponseBody": null
    },
    {
      "RequestUri": "https://Sanitized.azure.com/subscriptions/00000000-0000-0000-0000-000000000/resourceGroups/00000/providers/Microsoft.MachineLearningServices/workspaces/00000/jobs/000000000000000000000?api-version=2024-01-01-preview",
      "RequestMethod": "PUT",
      "RequestHeaders": {
        "Accept": "application/json",
        "Accept-Encoding": "gzip, deflate",
        "Connection": "keep-alive",
        "Content-Length": "2811",
        "Content-Type": "application/json",
        "User-Agent": "azure-ai-ml/1.28.0 azsdk-python-mgmt-machinelearningservices/0.1.0 Python/3.10.11 (Windows-10-10.0.26100-SP0)"
      },
      "RequestBody": {
        "properties": {
          "properties": {},
          "tags": {},
          "displayName": "AutoML with instance type - pipeline serverless compute",
          "experimentName": "Serverless-in-Pipeline",
          "isArchived": false,
          "jobType": "Pipeline",
          "inputs": {
            "text_ner_training_data": {
              "uri": "azureml://datastores/workspaceblobstore/paths/LocalUpload/000000000000000000000000000000000000351dce54ccfc726488f879e049e8/training-mltable-folder",
              "jobInputType": "mltable"
            },
            "text_ner_validation_data": {
              "uri": "azureml://datastores/workspaceblobstore/paths/LocalUpload/00000000000000000000000000000000000025ff16dc8eeff21dcdba6e6ecf80/validation-mltable-folder",
              "jobInputType": "mltable"
            }
          },
          "jobs": {
            "preprocessing_node": {
              "resources": {
                "instance_type": "Standard_D3_v2"
              },
              "name": "preprocessing_node",
              "type": "command",
              "inputs": {
                "train_data": {
                  "job_input_type": "literal",
                  "value": "${{parent.inputs.text_ner_training_data}}"
                },
                "validation_data": {
                  "job_input_type": "literal",
                  "value": "${{parent.inputs.text_ner_validation_data}}"
                }
              },
              "outputs": {
                "preprocessed_train_data": {
                  "job_output_type": "mltable"
                },
                "preprocessed_validation_data": {
                  "job_output_type": "mltable"
                }
              },
              "_source": "YAML.JOB",
              "componentId": "/subscriptions/00000000-0000-0000-0000-000000000/resourceGroups/00000/providers/Microsoft.MachineLearningServices/workspaces/00000/components/azureml_anonymous/versions/b44adc26-b345-450b-a074-2877aca42c46"
            },
            "text_ner_node": {
              "name": "text_ner_node",
              "tags": {},
              "properties": {},
              "type": "automl",
              "outputs": {
                "best_model": {
                  "job_output_type": "mlflow_model"
                }
              },
              "resources": {
                "instance_type": "Standard_NC6",
                "properties": {}
              },
              "queue_settings": {
                "job_tier": "spot"
              },
              "log_verbosity": "info",
              "training_data": "${{parent.jobs.preprocessing_node.outputs.preprocessed_train_data}}",
              "limits": {
                "max_trials": 1,
                "max_nodes": 1,
                "timeout_minutes": 60
              },
              "validation_data": "${{parent.jobs.preprocessing_node.outputs.preprocessed_validation_data}}",
              "task": "text_ner",
              "primary_metric": "accuracy",
              "target_column_name": "label"
            },
            "register_model_node": {
              "resources": {
                "instance_type": "Standard_D3_v2"
              },
              "name": "register_model_node",
              "type": "command",
              "inputs": {
                "model_input_path": {
                  "job_input_type": "literal",
                  "value": "${{parent.jobs.text_ner_node.outputs.best_model}}"
                },
                "model_base_name": {
                  "job_input_type": "literal",
                  "value": "paper_categorization_model"
                }
              },
              "_source": "YAML.JOB",
              "componentId": "/subscriptions/00000000-0000-0000-0000-000000000/resourceGroups/00000/providers/Microsoft.MachineLearningServices/workspaces/00000/components/azureml_anonymous/versions/85c7ce23-f775-40d3-9d88-dd46df3d72d9"
            }
          },
          "outputs": {},
          "settings": {
            "default_compute": "/subscriptions/00000000-0000-0000-0000-000000000/resourceGroups/00000/providers/Microsoft.MachineLearningServices/workspaces/00000/computes/serverless",
            "_source": "YAML.JOB"
          }
        }
      },
      "StatusCode": 201,
      "ResponseHeaders": {
        "azureml-served-by-cluster": "vienna-westus-01",
        "Cache-Control": "no-cache",
        "Content-Length": "3931",
        "Content-Type": "application/json; charset=utf-8",
        "Date": "Mon, 19 May 2025 19:02:45 GMT",
        "Expires": "-1",
        "Location": "https://management.azure.com/subscriptions/00000000-0000-0000-0000-000000000/resourceGroups/00000/providers/Microsoft.MachineLearningServices/workspaces/00000/jobs/000000000000000000000?api-version=2024-01-01-preview",
        "Pragma": "no-cache",
        "Request-Context": "appId=cid-v1:2d2e8e63-272e-4b3c-8598-4ee570a0e70d",
        "Strict-Transport-Security": "max-age=31536000; includeSubDomains",
        "X-Cache": "CONFIG_NOCACHE",
        "X-Content-Type-Options": "nosniff",
        "x-ms-correlation-request-id": "6b4f3195-dcfe-4ee0-8266-1d333aa9e225",
        "x-ms-operation-identifier": "tenantId=72f988bf-86f1-41af-91ab-2d7cd011db47,objectId=2658e295-df5c-42f6-b1c2-93b4de9f1904/jioindiacentral/5459027a-fc7e-48d1-b218-d51b33547936",
        "x-ms-ratelimit-remaining-subscription-global-writes": "11999",
        "x-ms-ratelimit-remaining-subscription-writes": "799",
        "x-ms-response-type": "standard",
        "x-ms-routing-request-id": "JIOINDIACENTRAL:20250519T190245Z:6b4f3195-dcfe-4ee0-8266-1d333aa9e225",
        "X-MSEdge-Ref": "Ref A: 4FAA386C2269498FBA9742F95E7992FF Ref B: MAA201060516009 Ref C: 2025-05-19T19:02:43Z",
        "x-request-time": "0.672"
      },
      "ResponseBody": {
        "id": "/subscriptions/00000000-0000-0000-0000-000000000/resourceGroups/00000/providers/Microsoft.MachineLearningServices/workspaces/00000/jobs/000000000000000000000",
        "name": "000000000000000000000",
        "type": "Microsoft.MachineLearningServices/workspaces/jobs",
        "properties": {
          "description": null,
          "tags": {},
          "properties": {},
          "displayName": "AutoML with instance type - pipeline serverless compute",
          "status": "NotStarted",
          "experimentName": "Serverless-in-Pipeline",
          "services": {
            "Tracking": {
              "jobServiceType": "Tracking",
              "port": null,
              "endpoint": "azureml://westus.api.azureml.ms/mlflow/v1.0/subscriptions/00000000-0000-0000-0000-000000000/resourceGroups/00000/providers/Microsoft.MachineLearningServices/workspaces/00000?",
              "status": null,
              "errorMessage": null,
              "properties": null,
              "nodes": null
            },
            "Studio": {
              "jobServiceType": "Studio",
              "port": null,
              "endpoint": "https://ml.azure.com/runs/000000000000000000000?wsid=/subscriptions/00000000-0000-0000-0000-000000000/resourcegroups/00000/workspaces/00000",
              "status": null,
              "errorMessage": null,
              "properties": null,
              "nodes": null
            }
          },
          "computeId": null,
          "isArchived": false,
          "identity": null,
          "componentId": null,
          "notificationSetting": null,
          "secretsConfiguration": null,
          "jobType": "Pipeline",
          "settings": {
            "default_compute": "/subscriptions/00000000-0000-0000-0000-000000000/resourceGroups/00000/providers/Microsoft.MachineLearningServices/workspaces/00000/computes/serverless",
            "_source": "YAML.JOB"
          },
          "jobs": {
            "preprocessing_node": {
              "resources": {
                "instance_type": "Standard_D3_v2"
              },
              "name": "preprocessing_node",
              "type": "command",
              "inputs": {
                "train_data": {
                  "job_input_type": "literal",
                  "value": "${{parent.inputs.text_ner_training_data}}"
                },
                "validation_data": {
                  "job_input_type": "literal",
                  "value": "${{parent.inputs.text_ner_validation_data}}"
                }
              },
              "outputs": {
                "preprocessed_train_data": {
                  "job_output_type": "mltable"
                },
                "preprocessed_validation_data": {
                  "job_output_type": "mltable"
                }
              },
              "_source": "YAML.JOB",
              "componentId": "/subscriptions/00000000-0000-0000-0000-000000000/resourceGroups/00000/providers/Microsoft.MachineLearningServices/workspaces/00000/components/azureml_anonymous/versions/b44adc26-b345-450b-a074-2877aca42c46"
            },
            "text_ner_node": {
              "name": "text_ner_node",
              "tags": {},
              "properties": {},
              "type": "automl",
              "outputs": {
                "best_model": {
                  "job_output_type": "mlflow_model"
                }
              },
              "resources": {
                "instance_type": "Standard_NC6",
                "properties": {}
              },
              "queue_settings": {
                "job_tier": "spot"
              },
              "log_verbosity": "info",
              "training_data": "${{parent.jobs.preprocessing_node.outputs.preprocessed_train_data}}",
              "limits": {
                "max_trials": 1,
                "max_nodes": 1,
                "timeout_minutes": 60
              },
              "validation_data": "${{parent.jobs.preprocessing_node.outputs.preprocessed_validation_data}}",
              "task": "text_ner",
              "primary_metric": "accuracy",
              "target_column_name": "label"
            },
            "register_model_node": {
              "resources": {
                "instance_type": "Standard_D3_v2"
              },
              "name": "register_model_node",
              "type": "command",
              "inputs": {
                "model_input_path": {
                  "job_input_type": "literal",
                  "value": "${{parent.jobs.text_ner_node.outputs.best_model}}"
                },
                "model_base_name": {
                  "job_input_type": "literal",
                  "value": "paper_categorization_model"
                }
              },
              "_source": "YAML.JOB",
              "componentId": "/subscriptions/00000000-0000-0000-0000-000000000/resourceGroups/00000/providers/Microsoft.MachineLearningServices/workspaces/00000/components/azureml_anonymous/versions/85c7ce23-f775-40d3-9d88-dd46df3d72d9"
            }
          },
          "inputs": {
            "text_ner_training_data": {
              "description": null,
              "uri": "azureml://datastores/workspaceblobstore/paths/LocalUpload/000000000000000000000000000000000000351dce54ccfc726488f879e049e8/training-mltable-folder",
              "mode": "ReadOnlyMount",
              "pathOnCompute": null,
              "jobInputType": "mltable"
            },
            "text_ner_validation_data": {
              "description": null,
              "uri": "azureml://datastores/workspaceblobstore/paths/LocalUpload/00000000000000000000000000000000000025ff16dc8eeff21dcdba6e6ecf80/validation-mltable-folder",
              "mode": "ReadOnlyMount",
              "pathOnCompute": null,
              "jobInputType": "mltable"
            }
          },
          "outputs": {},
          "sourceJobId": null
        },
        "systemData": {
          "createdAt": "2025-05-19T19:02:45.4301919+00:00",
          "createdBy": "Sanitized",
          "createdByType": "User"
        }
      }
    },
    {
      "RequestUri": "https://Sanitized.azure.com/subscriptions/00000000-0000-0000-0000-000000000/resourceGroups/00000/providers/Microsoft.MachineLearningServices/workspaces/00000/jobs/000000000000000000000/cancel?api-version=2023-04-01-preview",
      "RequestMethod": "POST",
      "RequestHeaders": {
        "Accept": "application/json",
        "Accept-Encoding": "gzip, deflate",
        "Connection": "keep-alive",
        "Content-Length": "0",
        "User-Agent": "azure-ai-ml/1.28.0 azsdk-python-mgmt-machinelearningservices/0.1.0 Python/3.10.11 (Windows-10-10.0.26100-SP0)"
      },
      "RequestBody": null,
      "StatusCode": 202,
      "ResponseHeaders": {
        "azureml-served-by-cluster": "vienna-westus-01",
        "Cache-Control": "no-cache",
        "Content-Length": "4",
        "Content-Type": "application/json; charset=utf-8",
        "Date": "Mon, 19 May 2025 19:02:49 GMT",
        "Expires": "-1",
        "Location": "https://management.azure.com/subscriptions/00000000-0000-0000-0000-000000000/providers/Microsoft.MachineLearningServices/locations/westus/mfeOperationResults/jc:5d1b7bea-bf23-4d5c-a95e-a68e0c9a03d0:000000000000000000000?api-version=2023-04-01-preview&t=638832781701925635&c=MIIHpTCCBo2gAwIBAgITfwVz8lGbdX3H5D3nrAAEBXPyUTANBgkqhkiG9w0BAQsFADBEMRMwEQYKCZImiZPyLGQBGRYDR0JMMRMwEQYKCZImiZPyLGQBGRYDQU1FMRgwFgYDVQQDEw9BTUUgSW5mcmEgQ0EgMDIwHhcNMjUwNDE5MTMyOTU0WhcNMjUxMDE2MTMyOTU0WjBAMT4wPAYDVQQDEzVhc3luY29wZXJhdGlvbnNpZ25pbmdjZXJ0aWZpY2F0ZS5tYW5hZ2VtZW50LmF6dXJlLmNvbTCCASIwDQYJKoZIhvcNAQEBBQADggEPADCCAQoCggEBAKheNs_SPbl7h4i169yRcsarLoUX0SoGYZoR4hiIRo7ANgo6bcf6kPlJWiB4hVZWM624l8q3QkhBT9QK85UA5KU7hff4IN9jlFh94cxytaaTNtZf9R_NnognWoCkuTzR7ZrpS02REI8dS4KTOMcZpY0jtpNTmoIhkwOl8mbvfGOgS-RYwS2lBL71jI1IoHn9Wie1Ud4t4LLaxewJVdYN0oN7sxrgacdn63irxefZxSIEzQJxBMiqYJgHzNMtfrhEmKdy_gbva6sUh6rR1FAfFXjItLXbtaU3v-WXowgG67l8khj26hTXlNokZip55S1XDn4K1XaH8zvERJK-drgk5sECAwEAAaOCBJIwggSOMCcGCSsGAQQBgjcVCgQaMBgwCgYIKwYBBQUHAwEwCgYIKwYBBQUHAwIwPQYJKwYBBAGCNxUHBDAwLgYmKwYBBAGCNxUIhpDjDYTVtHiE8Ys-hZvdFs6dEoFghfmRS4WsmTQCAWQCAQcwggHaBggrBgEFBQcBAQSCAcwwggHIMGYGCCsGAQUFBzAChlpodHRwOi8vY3JsLm1pY3Jvc29mdC5jb20vcGtpaW5mcmEvQ2VydHMvQkwyUEtJSU5UQ0EwMS5BTUUuR0JMX0FNRSUyMEluZnJhJTIwQ0ElMjAwMig0KS5jcnQwVgYIKwYBBQUHMAKGSmh0dHA6Ly9jcmwxLmFtZS5nYmwvYWlhL0JMMlBLSUlOVENBMDEuQU1FLkdCTF9BTUUlMjBJbmZyYSUyMENBJTIwMDIoNCkuY3J0MFYGCCsGAQUFBzAChkpodHRwOi8vY3JsMi5hbWUuZ2JsL2FpYS9CTDJQS0lJTlRDQTAxLkFNRS5HQkxfQU1FJTIwSW5mcmElMjBDQSUyMDAyKDQpLmNydDBWBggrBgEFBQcwAoZKaHR0cDovL2NybDMuYW1lLmdibC9haWEvQkwyUEtJSU5UQ0EwMS5BTUUuR0JMX0FNRSUyMEluZnJhJTIwQ0ElMjAwMig0KS5jcnQwVgYIKwYBBQUHMAKGSmh0dHA6Ly9jcmw0LmFtZS5nYmwvYWlhL0JMMlBLSUlOVENBMDEuQU1FLkdCTF9BTUUlMjBJbmZyYSUyMENBJTIwMDIoNCkuY3J0MB0GA1UdDgQWBBRHWlX_an5Ux0DHeFAPiZgkX2oZTTAOBgNVHQ8BAf8EBAMCBaAwggE1BgNVHR8EggEsMIIBKDCCASSgggEgoIIBHIZCaHR0cDovL2NybC5taWNyb3NvZnQuY29tL3BraWluZnJhL0NSTC9BTUUlMjBJbmZyYSUyMENBJTIwMDIoNCkuY3JshjRodHRwOi8vY3JsMS5hbWUuZ2JsL2NybC9BTUUlMjBJbmZyYSUyMENBJTIwMDIoNCkuY3JshjRodHRwOi8vY3JsMi5hbWUuZ2JsL2NybC9BTUUlMjBJbmZyYSUyMENBJTIwMDIoNCkuY3JshjRodHRwOi8vY3JsMy5hbWUuZ2JsL2NybC9BTUUlMjBJbmZyYSUyMENBJTIwMDIoNCkuY3JshjRodHRwOi8vY3JsNC5hbWUuZ2JsL2NybC9BTUUlMjBJbmZyYSUyMENBJTIwMDIoNCkuY3JsMIGdBgNVHSAEgZUwgZIwDAYKKwYBBAGCN3sBATBmBgorBgEEAYI3ewICMFgwVgYIKwYBBQUHAgIwSh5IADMAMwBlADAAMQA5ADIAMQAtADQAZAA2ADQALQA0AGYAOABjAC0AYQAwADUANQAtADUAYgBkAGEAZgBmAGQANQBlADMAMwBkMAwGCisGAQQBgjd7AwIwDAYKKwYBBAGCN3sEAjAfBgNVHSMEGDAWgBSuecJrXSWIEwb2BwnDl3x7l48dVTAdBgNVHSUEFjAUBggrBgEFBQcDAQYIKwYBBQUHAwIwDQYJKoZIhvcNAQELBQADggEBADC4STVDsiQ4Dr0GUEy9muT0jvHQI2wDrxCZB7pYdSPVD-5Vme1DMY1V15Pn1Q6TAQ5E9UFPOdeICN2114MWgVl0RPnVHRTgiS8UhZl55saVbaRdvV_Tz26xIbFTiWS8hIPJAuiggAlgow_YYFYdxB_ZIfKRxgpYhEO_UwfNvp8dpoKPcoyWOj8gDxrCPgh4ijd48X-Qw8AT7P296SWLYKT02bd5rLogJrjo9egKHrCZhwKubANkP6x2phEO98SDendd7t7KYmwWkihvTwTBSFyao7thyYuz-azT5DcOJjOsekXx-yfbbCa3c_gHX0HADQJ8_YIiaIbEiuV2NMPC87M&s=At2RVCepcjSN-nbvyqTXGx3BQKTOXerMbhPKBiDXVG_kz7ePa2vvYC5u7EjYj48IDWuySZ_eRWxclcjSYyAlVQKqOOI8fJVDzM1HRiX8DhbIrUEObDdBxYDvsn4jiDXvu4-6-5uM9_hxFaB9FPbWXYuVOWWqtU2Tzi10SDOgAS7bBVC-EydSNV3A7wI8WnOHK7KTS_rcqsdnAa5wejgp6TmJptE1_XQrUkdk0qIs4CXOixcdoRzrJ6dOW_3FshrWp_yEwYK5uQeuCGaEMZUqcDuw9poi5i0EngSaFNkvQLn7aBBCLAHeJJtWXjaETvPmp3V8RcNFhmwZAY0nqGHHAg&h=Oo35ldyxkBkI8kzO4KN0vDo-5wE7HnW6kzaN9LwUSUY",
        "Pragma": "no-cache",
        "Request-Context": "appId=cid-v1:2d2e8e63-272e-4b3c-8598-4ee570a0e70d",
        "Strict-Transport-Security": "max-age=31536000; includeSubDomains",
        "X-Cache": "CONFIG_NOCACHE",
        "X-Content-Type-Options": "nosniff",
        "x-ms-async-operation-timeout": "PT1H",
        "x-ms-correlation-request-id": "8b28bc22-da59-4e61-8427-e49893aff6bf",
        "x-ms-operation-identifier": "tenantId=72f988bf-86f1-41af-91ab-2d7cd011db47,objectId=2658e295-df5c-42f6-b1c2-93b4de9f1904/jioindiacentral/b55b98f9-edf0-4c57-8dd0-fe108b8bf7fd",
        "x-ms-ratelimit-remaining-subscription-global-writes": "11999",
        "x-ms-ratelimit-remaining-subscription-writes": "799",
        "x-ms-response-type": "standard",
        "x-ms-routing-request-id": "JIOINDIACENTRAL:20250519T190250Z:8b28bc22-da59-4e61-8427-e49893aff6bf",
        "X-MSEdge-Ref": "Ref A: 40F51A210A724F4E8D9FA2B7FDD1A677 Ref B: MAA201060516009 Ref C: 2025-05-19T19:02:48Z",
        "x-request-time": "0.915"
      },
      "ResponseBody": "null"
    },
    {
      "RequestUri": "https://Sanitized.azure.com/subscriptions/00000000-0000-0000-0000-000000000/providers/Microsoft.MachineLearningServices/locations/westus/mfeOperationResults/jc:5d1b7bea-bf23-4d5c-a95e-a68e0c9a03d0:000000000000000000000?api-version=2023-04-01-preview&t=638832781701925635&c=MIIHpTCCBo2gAwIBAgITfwVz8lGbdX3H5D3nrAAEBXPyUTANBgkqhkiG9w0BAQsFADBEMRMwEQYKCZImiZPyLGQBGRYDR0JMMRMwEQYKCZImiZPyLGQBGRYDQU1FMRgwFgYDVQQDEw9BTUUgSW5mcmEgQ0EgMDIwHhcNMjUwNDE5MTMyOTU0WhcNMjUxMDE2MTMyOTU0WjBAMT4wPAYDVQQDEzVhc3luY29wZXJhdGlvbnNpZ25pbmdjZXJ0aWZpY2F0ZS5tYW5hZ2VtZW50LmF6dXJlLmNvbTCCASIwDQYJKoZIhvcNAQEBBQADggEPADCCAQoCggEBAKheNs_SPbl7h4i169yRcsarLoUX0SoGYZoR4hiIRo7ANgo6bcf6kPlJWiB4hVZWM624l8q3QkhBT9QK85UA5KU7hff4IN9jlFh94cxytaaTNtZf9R_NnognWoCkuTzR7ZrpS02REI8dS4KTOMcZpY0jtpNTmoIhkwOl8mbvfGOgS-RYwS2lBL71jI1IoHn9Wie1Ud4t4LLaxewJVdYN0oN7sxrgacdn63irxefZxSIEzQJxBMiqYJgHzNMtfrhEmKdy_gbva6sUh6rR1FAfFXjItLXbtaU3v-WXowgG67l8khj26hTXlNokZip55S1XDn4K1XaH8zvERJK-drgk5sECAwEAAaOCBJIwggSOMCcGCSsGAQQBgjcVCgQaMBgwCgYIKwYBBQUHAwEwCgYIKwYBBQUHAwIwPQYJKwYBBAGCNxUHBDAwLgYmKwYBBAGCNxUIhpDjDYTVtHiE8Ys-hZvdFs6dEoFghfmRS4WsmTQCAWQCAQcwggHaBggrBgEFBQcBAQSCAcwwggHIMGYGCCsGAQUFBzAChlpodHRwOi8vY3JsLm1pY3Jvc29mdC5jb20vcGtpaW5mcmEvQ2VydHMvQkwyUEtJSU5UQ0EwMS5BTUUuR0JMX0FNRSUyMEluZnJhJTIwQ0ElMjAwMig0KS5jcnQwVgYIKwYBBQUHMAKGSmh0dHA6Ly9jcmwxLmFtZS5nYmwvYWlhL0JMMlBLSUlOVENBMDEuQU1FLkdCTF9BTUUlMjBJbmZyYSUyMENBJTIwMDIoNCkuY3J0MFYGCCsGAQUFBzAChkpodHRwOi8vY3JsMi5hbWUuZ2JsL2FpYS9CTDJQS0lJTlRDQTAxLkFNRS5HQkxfQU1FJTIwSW5mcmElMjBDQSUyMDAyKDQpLmNydDBWBggrBgEFBQcwAoZKaHR0cDovL2NybDMuYW1lLmdibC9haWEvQkwyUEtJSU5UQ0EwMS5BTUUuR0JMX0FNRSUyMEluZnJhJTIwQ0ElMjAwMig0KS5jcnQwVgYIKwYBBQUHMAKGSmh0dHA6Ly9jcmw0LmFtZS5nYmwvYWlhL0JMMlBLSUlOVENBMDEuQU1FLkdCTF9BTUUlMjBJbmZyYSUyMENBJTIwMDIoNCkuY3J0MB0GA1UdDgQWBBRHWlX_an5Ux0DHeFAPiZgkX2oZTTAOBgNVHQ8BAf8EBAMCBaAwggE1BgNVHR8EggEsMIIBKDCCASSgggEgoIIBHIZCaHR0cDovL2NybC5taWNyb3NvZnQuY29tL3BraWluZnJhL0NSTC9BTUUlMjBJbmZyYSUyMENBJTIwMDIoNCkuY3JshjRodHRwOi8vY3JsMS5hbWUuZ2JsL2NybC9BTUUlMjBJbmZyYSUyMENBJTIwMDIoNCkuY3JshjRodHRwOi8vY3JsMi5hbWUuZ2JsL2NybC9BTUUlMjBJbmZyYSUyMENBJTIwMDIoNCkuY3JshjRodHRwOi8vY3JsMy5hbWUuZ2JsL2NybC9BTUUlMjBJbmZyYSUyMENBJTIwMDIoNCkuY3JshjRodHRwOi8vY3JsNC5hbWUuZ2JsL2NybC9BTUUlMjBJbmZyYSUyMENBJTIwMDIoNCkuY3JsMIGdBgNVHSAEgZUwgZIwDAYKKwYBBAGCN3sBATBmBgorBgEEAYI3ewICMFgwVgYIKwYBBQUHAgIwSh5IADMAMwBlADAAMQA5ADIAMQAtADQAZAA2ADQALQA0AGYAOABjAC0AYQAwADUANQAtADUAYgBkAGEAZgBmAGQANQBlADMAMwBkMAwGCisGAQQBgjd7AwIwDAYKKwYBBAGCN3sEAjAfBgNVHSMEGDAWgBSuecJrXSWIEwb2BwnDl3x7l48dVTAdBgNVHSUEFjAUBggrBgEFBQcDAQYIKwYBBQUHAwIwDQYJKoZIhvcNAQELBQADggEBADC4STVDsiQ4Dr0GUEy9muT0jvHQI2wDrxCZB7pYdSPVD-5Vme1DMY1V15Pn1Q6TAQ5E9UFPOdeICN2114MWgVl0RPnVHRTgiS8UhZl55saVbaRdvV_Tz26xIbFTiWS8hIPJAuiggAlgow_YYFYdxB_ZIfKRxgpYhEO_UwfNvp8dpoKPcoyWOj8gDxrCPgh4ijd48X-Qw8AT7P296SWLYKT02bd5rLogJrjo9egKHrCZhwKubANkP6x2phEO98SDendd7t7KYmwWkihvTwTBSFyao7thyYuz-azT5DcOJjOsekXx-yfbbCa3c_gHX0HADQJ8_YIiaIbEiuV2NMPC87M&s=At2RVCepcjSN-nbvyqTXGx3BQKTOXerMbhPKBiDXVG_kz7ePa2vvYC5u7EjYj48IDWuySZ_eRWxclcjSYyAlVQKqOOI8fJVDzM1HRiX8DhbIrUEObDdBxYDvsn4jiDXvu4-6-5uM9_hxFaB9FPbWXYuVOWWqtU2Tzi10SDOgAS7bBVC-EydSNV3A7wI8WnOHK7KTS_rcqsdnAa5wejgp6TmJptE1_XQrUkdk0qIs4CXOixcdoRzrJ6dOW_3FshrWp_yEwYK5uQeuCGaEMZUqcDuw9poi5i0EngSaFNkvQLn7aBBCLAHeJJtWXjaETvPmp3V8RcNFhmwZAY0nqGHHAg&h=Oo35ldyxkBkI8kzO4KN0vDo-5wE7HnW6kzaN9LwUSUY",
      "RequestMethod": "GET",
      "RequestHeaders": {
        "Accept": "*/*",
        "Accept-Encoding": "gzip, deflate",
        "Connection": "keep-alive",
        "User-Agent": "azure-ai-ml/1.28.0 azsdk-python-mgmt-machinelearningservices/0.1.0 Python/3.10.11 (Windows-10-10.0.26100-SP0)"
      },
      "RequestBody": null,
      "StatusCode": 202,
      "ResponseHeaders": {
        "Azure-AsyncOperation": "https://management.azure.com/subscriptions/00000000-0000-0000-0000-000000000/providers/Microsoft.MachineLearningServices/locations/westus/mfeOperationResults/jc:5d1b7bea-bf23-4d5c-a95e-a68e0c9a03d0:000000000000000000000?api-version=2023-04-01-preview&t=638832781705627247&c=MIIHpTCCBo2gAwIBAgITfwVz8lGbdX3H5D3nrAAEBXPyUTANBgkqhkiG9w0BAQsFADBEMRMwEQYKCZImiZPyLGQBGRYDR0JMMRMwEQYKCZImiZPyLGQBGRYDQU1FMRgwFgYDVQQDEw9BTUUgSW5mcmEgQ0EgMDIwHhcNMjUwNDE5MTMyOTU0WhcNMjUxMDE2MTMyOTU0WjBAMT4wPAYDVQQDEzVhc3luY29wZXJhdGlvbnNpZ25pbmdjZXJ0aWZpY2F0ZS5tYW5hZ2VtZW50LmF6dXJlLmNvbTCCASIwDQYJKoZIhvcNAQEBBQADggEPADCCAQoCggEBAKheNs_SPbl7h4i169yRcsarLoUX0SoGYZoR4hiIRo7ANgo6bcf6kPlJWiB4hVZWM624l8q3QkhBT9QK85UA5KU7hff4IN9jlFh94cxytaaTNtZf9R_NnognWoCkuTzR7ZrpS02REI8dS4KTOMcZpY0jtpNTmoIhkwOl8mbvfGOgS-RYwS2lBL71jI1IoHn9Wie1Ud4t4LLaxewJVdYN0oN7sxrgacdn63irxefZxSIEzQJxBMiqYJgHzNMtfrhEmKdy_gbva6sUh6rR1FAfFXjItLXbtaU3v-WXowgG67l8khj26hTXlNokZip55S1XDn4K1XaH8zvERJK-drgk5sECAwEAAaOCBJIwggSOMCcGCSsGAQQBgjcVCgQaMBgwCgYIKwYBBQUHAwEwCgYIKwYBBQUHAwIwPQYJKwYBBAGCNxUHBDAwLgYmKwYBBAGCNxUIhpDjDYTVtHiE8Ys-hZvdFs6dEoFghfmRS4WsmTQCAWQCAQcwggHaBggrBgEFBQcBAQSCAcwwggHIMGYGCCsGAQUFBzAChlpodHRwOi8vY3JsLm1pY3Jvc29mdC5jb20vcGtpaW5mcmEvQ2VydHMvQkwyUEtJSU5UQ0EwMS5BTUUuR0JMX0FNRSUyMEluZnJhJTIwQ0ElMjAwMig0KS5jcnQwVgYIKwYBBQUHMAKGSmh0dHA6Ly9jcmwxLmFtZS5nYmwvYWlhL0JMMlBLSUlOVENBMDEuQU1FLkdCTF9BTUUlMjBJbmZyYSUyMENBJTIwMDIoNCkuY3J0MFYGCCsGAQUFBzAChkpodHRwOi8vY3JsMi5hbWUuZ2JsL2FpYS9CTDJQS0lJTlRDQTAxLkFNRS5HQkxfQU1FJTIwSW5mcmElMjBDQSUyMDAyKDQpLmNydDBWBggrBgEFBQcwAoZKaHR0cDovL2NybDMuYW1lLmdibC9haWEvQkwyUEtJSU5UQ0EwMS5BTUUuR0JMX0FNRSUyMEluZnJhJTIwQ0ElMjAwMig0KS5jcnQwVgYIKwYBBQUHMAKGSmh0dHA6Ly9jcmw0LmFtZS5nYmwvYWlhL0JMMlBLSUlOVENBMDEuQU1FLkdCTF9BTUUlMjBJbmZyYSUyMENBJTIwMDIoNCkuY3J0MB0GA1UdDgQWBBRHWlX_an5Ux0DHeFAPiZgkX2oZTTAOBgNVHQ8BAf8EBAMCBaAwggE1BgNVHR8EggEsMIIBKDCCASSgggEgoIIBHIZCaHR0cDovL2NybC5taWNyb3NvZnQuY29tL3BraWluZnJhL0NSTC9BTUUlMjBJbmZyYSUyMENBJTIwMDIoNCkuY3JshjRodHRwOi8vY3JsMS5hbWUuZ2JsL2NybC9BTUUlMjBJbmZyYSUyMENBJTIwMDIoNCkuY3JshjRodHRwOi8vY3JsMi5hbWUuZ2JsL2NybC9BTUUlMjBJbmZyYSUyMENBJTIwMDIoNCkuY3JshjRodHRwOi8vY3JsMy5hbWUuZ2JsL2NybC9BTUUlMjBJbmZyYSUyMENBJTIwMDIoNCkuY3JshjRodHRwOi8vY3JsNC5hbWUuZ2JsL2NybC9BTUUlMjBJbmZyYSUyMENBJTIwMDIoNCkuY3JsMIGdBgNVHSAEgZUwgZIwDAYKKwYBBAGCN3sBATBmBgorBgEEAYI3ewICMFgwVgYIKwYBBQUHAgIwSh5IADMAMwBlADAAMQA5ADIAMQAtADQAZAA2ADQALQA0AGYAOABjAC0AYQAwADUANQAtADUAYgBkAGEAZgBmAGQANQBlADMAMwBkMAwGCisGAQQBgjd7AwIwDAYKKwYBBAGCN3sEAjAfBgNVHSMEGDAWgBSuecJrXSWIEwb2BwnDl3x7l48dVTAdBgNVHSUEFjAUBggrBgEFBQcDAQYIKwYBBQUHAwIwDQYJKoZIhvcNAQELBQADggEBADC4STVDsiQ4Dr0GUEy9muT0jvHQI2wDrxCZB7pYdSPVD-5Vme1DMY1V15Pn1Q6TAQ5E9UFPOdeICN2114MWgVl0RPnVHRTgiS8UhZl55saVbaRdvV_Tz26xIbFTiWS8hIPJAuiggAlgow_YYFYdxB_ZIfKRxgpYhEO_UwfNvp8dpoKPcoyWOj8gDxrCPgh4ijd48X-Qw8AT7P296SWLYKT02bd5rLogJrjo9egKHrCZhwKubANkP6x2phEO98SDendd7t7KYmwWkihvTwTBSFyao7thyYuz-azT5DcOJjOsekXx-yfbbCa3c_gHX0HADQJ8_YIiaIbEiuV2NMPC87M&s=Z1B_SjR-pMeiJvB7LZ5sUURaqLGSoSyTm8FwQiFGikiJMj33ZiUsfTmHKqG6X3upIXbpB01E7eYWggiqYprdLy1yhEmiIHIKqqV2tST5Ov8s9GQ_CSdGVmueDUnvvKJ9PrmlGr8YsA_LlZObFMlZAQ8V2LM0e84C0yUVC-8ai7mbs5YvwfA6Dk5YcegTSm1RB_SU6e37lD_4D7taNfARFPayO4EfCENEDymh239MXEOA7J65ikICpueKU2zMGD_UpYofDLSgrG_qNz3V9eJ8HH0STRwY75YRUbs61xVfOYK8VyHhTAc-F9YlrEpnNV6QVcPTIIs0OaYe-F281zL09Q&h=DQyBqqZeL1gLpGt000_Gzz1NHjnE262ykViGK5evxUI",
        "azureml-served-by-cluster": "vienna-westus-01",
        "Cache-Control": "no-cache",
        "Content-Length": "2",
        "Content-Type": "application/json; charset=utf-8",
        "Date": "Mon, 19 May 2025 19:02:50 GMT",
        "Expires": "-1",
        "Location": "https://management.azure.com/subscriptions/00000000-0000-0000-0000-000000000/providers/Microsoft.MachineLearningServices/locations/westus/mfeOperationResults/jc:5d1b7bea-bf23-4d5c-a95e-a68e0c9a03d0:000000000000000000000?api-version=2023-04-01-preview&t=638832781705782817&c=MIIHpTCCBo2gAwIBAgITfwVz8lGbdX3H5D3nrAAEBXPyUTANBgkqhkiG9w0BAQsFADBEMRMwEQYKCZImiZPyLGQBGRYDR0JMMRMwEQYKCZImiZPyLGQBGRYDQU1FMRgwFgYDVQQDEw9BTUUgSW5mcmEgQ0EgMDIwHhcNMjUwNDE5MTMyOTU0WhcNMjUxMDE2MTMyOTU0WjBAMT4wPAYDVQQDEzVhc3luY29wZXJhdGlvbnNpZ25pbmdjZXJ0aWZpY2F0ZS5tYW5hZ2VtZW50LmF6dXJlLmNvbTCCASIwDQYJKoZIhvcNAQEBBQADggEPADCCAQoCggEBAKheNs_SPbl7h4i169yRcsarLoUX0SoGYZoR4hiIRo7ANgo6bcf6kPlJWiB4hVZWM624l8q3QkhBT9QK85UA5KU7hff4IN9jlFh94cxytaaTNtZf9R_NnognWoCkuTzR7ZrpS02REI8dS4KTOMcZpY0jtpNTmoIhkwOl8mbvfGOgS-RYwS2lBL71jI1IoHn9Wie1Ud4t4LLaxewJVdYN0oN7sxrgacdn63irxefZxSIEzQJxBMiqYJgHzNMtfrhEmKdy_gbva6sUh6rR1FAfFXjItLXbtaU3v-WXowgG67l8khj26hTXlNokZip55S1XDn4K1XaH8zvERJK-drgk5sECAwEAAaOCBJIwggSOMCcGCSsGAQQBgjcVCgQaMBgwCgYIKwYBBQUHAwEwCgYIKwYBBQUHAwIwPQYJKwYBBAGCNxUHBDAwLgYmKwYBBAGCNxUIhpDjDYTVtHiE8Ys-hZvdFs6dEoFghfmRS4WsmTQCAWQCAQcwggHaBggrBgEFBQcBAQSCAcwwggHIMGYGCCsGAQUFBzAChlpodHRwOi8vY3JsLm1pY3Jvc29mdC5jb20vcGtpaW5mcmEvQ2VydHMvQkwyUEtJSU5UQ0EwMS5BTUUuR0JMX0FNRSUyMEluZnJhJTIwQ0ElMjAwMig0KS5jcnQwVgYIKwYBBQUHMAKGSmh0dHA6Ly9jcmwxLmFtZS5nYmwvYWlhL0JMMlBLSUlOVENBMDEuQU1FLkdCTF9BTUUlMjBJbmZyYSUyMENBJTIwMDIoNCkuY3J0MFYGCCsGAQUFBzAChkpodHRwOi8vY3JsMi5hbWUuZ2JsL2FpYS9CTDJQS0lJTlRDQTAxLkFNRS5HQkxfQU1FJTIwSW5mcmElMjBDQSUyMDAyKDQpLmNydDBWBggrBgEFBQcwAoZKaHR0cDovL2NybDMuYW1lLmdibC9haWEvQkwyUEtJSU5UQ0EwMS5BTUUuR0JMX0FNRSUyMEluZnJhJTIwQ0ElMjAwMig0KS5jcnQwVgYIKwYBBQUHMAKGSmh0dHA6Ly9jcmw0LmFtZS5nYmwvYWlhL0JMMlBLSUlOVENBMDEuQU1FLkdCTF9BTUUlMjBJbmZyYSUyMENBJTIwMDIoNCkuY3J0MB0GA1UdDgQWBBRHWlX_an5Ux0DHeFAPiZgkX2oZTTAOBgNVHQ8BAf8EBAMCBaAwggE1BgNVHR8EggEsMIIBKDCCASSgggEgoIIBHIZCaHR0cDovL2NybC5taWNyb3NvZnQuY29tL3BraWluZnJhL0NSTC9BTUUlMjBJbmZyYSUyMENBJTIwMDIoNCkuY3JshjRodHRwOi8vY3JsMS5hbWUuZ2JsL2NybC9BTUUlMjBJbmZyYSUyMENBJTIwMDIoNCkuY3JshjRodHRwOi8vY3JsMi5hbWUuZ2JsL2NybC9BTUUlMjBJbmZyYSUyMENBJTIwMDIoNCkuY3JshjRodHRwOi8vY3JsMy5hbWUuZ2JsL2NybC9BTUUlMjBJbmZyYSUyMENBJTIwMDIoNCkuY3JshjRodHRwOi8vY3JsNC5hbWUuZ2JsL2NybC9BTUUlMjBJbmZyYSUyMENBJTIwMDIoNCkuY3JsMIGdBgNVHSAEgZUwgZIwDAYKKwYBBAGCN3sBATBmBgorBgEEAYI3ewICMFgwVgYIKwYBBQUHAgIwSh5IADMAMwBlADAAMQA5ADIAMQAtADQAZAA2ADQALQA0AGYAOABjAC0AYQAwADUANQAtADUAYgBkAGEAZgBmAGQANQBlADMAMwBkMAwGCisGAQQBgjd7AwIwDAYKKwYBBAGCN3sEAjAfBgNVHSMEGDAWgBSuecJrXSWIEwb2BwnDl3x7l48dVTAdBgNVHSUEFjAUBggrBgEFBQcDAQYIKwYBBQUHAwIwDQYJKoZIhvcNAQELBQADggEBADC4STVDsiQ4Dr0GUEy9muT0jvHQI2wDrxCZB7pYdSPVD-5Vme1DMY1V15Pn1Q6TAQ5E9UFPOdeICN2114MWgVl0RPnVHRTgiS8UhZl55saVbaRdvV_Tz26xIbFTiWS8hIPJAuiggAlgow_YYFYdxB_ZIfKRxgpYhEO_UwfNvp8dpoKPcoyWOj8gDxrCPgh4ijd48X-Qw8AT7P296SWLYKT02bd5rLogJrjo9egKHrCZhwKubANkP6x2phEO98SDendd7t7KYmwWkihvTwTBSFyao7thyYuz-azT5DcOJjOsekXx-yfbbCa3c_gHX0HADQJ8_YIiaIbEiuV2NMPC87M&s=amtXzPLPa_aRBII0lYbLa38NZ1spnOnyX__n2TJjAShOKPbbnUOCnt7SyePXNtPvBiwSnnNmcX9gz2vbQb5lM9hdI9um7hGBPsmIgIt-99UxIcZJ4CeTqwqrwrIDmgQu_pP0NEC_e121Q9un0oeUjSP3Ks49Hx7oTtcv8D7avEWgOpWdfjFxS5B9XClE_7JrnSuHIgzdaBoWVWzKUM_GNEqlYcHnE0xGE91tIUeR-AivsQ3dGL1RMWrNXgHNWMmwAMQE-jXlGvnBDCEN9wkdLxOUb0sVguR9vWQnwj1SmuM2PVrI3_Pba-TaTYB9IWmrNAnnMLlhVVlm1XNfWB9J_A&h=s32uV4FG3fPyJEDd0R16QORfl2ve0hmyyFxK8btYM88",
        "Pragma": "no-cache",
        "Request-Context": "appId=cid-v1:2d2e8e63-272e-4b3c-8598-4ee570a0e70d",
        "Strict-Transport-Security": "max-age=31536000; includeSubDomains",
        "X-Cache": "CONFIG_NOCACHE",
        "X-Content-Type-Options": "nosniff",
        "x-ms-correlation-request-id": "950b4709-d715-4ded-9677-7b3779e6ebf9",
        "x-ms-operation-identifier": "tenantId=72f988bf-86f1-41af-91ab-2d7cd011db47,objectId=2658e295-df5c-42f6-b1c2-93b4de9f1904/jioindiacentral/64a856a2-70bf-4347-9804-fbc76f4f5c75",
        "x-ms-ratelimit-remaining-subscription-global-reads": "16499",
        "x-ms-ratelimit-remaining-subscription-reads": "1099",
        "x-ms-response-type": "standard",
        "x-ms-routing-request-id": "JIOINDIACENTRAL:20250519T190250Z:950b4709-d715-4ded-9677-7b3779e6ebf9",
        "X-MSEdge-Ref": "Ref A: BCFE37D5D71546ED82EF91D019B0DC83 Ref B: MAA201060516009 Ref C: 2025-05-19T19:02:50Z",
        "x-request-time": "0.031"
      },
      "ResponseBody": {}
    },
    {
      "RequestUri": "https://Sanitized.azure.com/subscriptions/00000000-0000-0000-0000-000000000/providers/Microsoft.MachineLearningServices/locations/westus/mfeOperationResults/jc:5d1b7bea-bf23-4d5c-a95e-a68e0c9a03d0:000000000000000000000?api-version=2023-04-01-preview&t=638832781705782817&c=MIIHpTCCBo2gAwIBAgITfwVz8lGbdX3H5D3nrAAEBXPyUTANBgkqhkiG9w0BAQsFADBEMRMwEQYKCZImiZPyLGQBGRYDR0JMMRMwEQYKCZImiZPyLGQBGRYDQU1FMRgwFgYDVQQDEw9BTUUgSW5mcmEgQ0EgMDIwHhcNMjUwNDE5MTMyOTU0WhcNMjUxMDE2MTMyOTU0WjBAMT4wPAYDVQQDEzVhc3luY29wZXJhdGlvbnNpZ25pbmdjZXJ0aWZpY2F0ZS5tYW5hZ2VtZW50LmF6dXJlLmNvbTCCASIwDQYJKoZIhvcNAQEBBQADggEPADCCAQoCggEBAKheNs_SPbl7h4i169yRcsarLoUX0SoGYZoR4hiIRo7ANgo6bcf6kPlJWiB4hVZWM624l8q3QkhBT9QK85UA5KU7hff4IN9jlFh94cxytaaTNtZf9R_NnognWoCkuTzR7ZrpS02REI8dS4KTOMcZpY0jtpNTmoIhkwOl8mbvfGOgS-RYwS2lBL71jI1IoHn9Wie1Ud4t4LLaxewJVdYN0oN7sxrgacdn63irxefZxSIEzQJxBMiqYJgHzNMtfrhEmKdy_gbva6sUh6rR1FAfFXjItLXbtaU3v-WXowgG67l8khj26hTXlNokZip55S1XDn4K1XaH8zvERJK-drgk5sECAwEAAaOCBJIwggSOMCcGCSsGAQQBgjcVCgQaMBgwCgYIKwYBBQUHAwEwCgYIKwYBBQUHAwIwPQYJKwYBBAGCNxUHBDAwLgYmKwYBBAGCNxUIhpDjDYTVtHiE8Ys-hZvdFs6dEoFghfmRS4WsmTQCAWQCAQcwggHaBggrBgEFBQcBAQSCAcwwggHIMGYGCCsGAQUFBzAChlpodHRwOi8vY3JsLm1pY3Jvc29mdC5jb20vcGtpaW5mcmEvQ2VydHMvQkwyUEtJSU5UQ0EwMS5BTUUuR0JMX0FNRSUyMEluZnJhJTIwQ0ElMjAwMig0KS5jcnQwVgYIKwYBBQUHMAKGSmh0dHA6Ly9jcmwxLmFtZS5nYmwvYWlhL0JMMlBLSUlOVENBMDEuQU1FLkdCTF9BTUUlMjBJbmZyYSUyMENBJTIwMDIoNCkuY3J0MFYGCCsGAQUFBzAChkpodHRwOi8vY3JsMi5hbWUuZ2JsL2FpYS9CTDJQS0lJTlRDQTAxLkFNRS5HQkxfQU1FJTIwSW5mcmElMjBDQSUyMDAyKDQpLmNydDBWBggrBgEFBQcwAoZKaHR0cDovL2NybDMuYW1lLmdibC9haWEvQkwyUEtJSU5UQ0EwMS5BTUUuR0JMX0FNRSUyMEluZnJhJTIwQ0ElMjAwMig0KS5jcnQwVgYIKwYBBQUHMAKGSmh0dHA6Ly9jcmw0LmFtZS5nYmwvYWlhL0JMMlBLSUlOVENBMDEuQU1FLkdCTF9BTUUlMjBJbmZyYSUyMENBJTIwMDIoNCkuY3J0MB0GA1UdDgQWBBRHWlX_an5Ux0DHeFAPiZgkX2oZTTAOBgNVHQ8BAf8EBAMCBaAwggE1BgNVHR8EggEsMIIBKDCCASSgggEgoIIBHIZCaHR0cDovL2NybC5taWNyb3NvZnQuY29tL3BraWluZnJhL0NSTC9BTUUlMjBJbmZyYSUyMENBJTIwMDIoNCkuY3JshjRodHRwOi8vY3JsMS5hbWUuZ2JsL2NybC9BTUUlMjBJbmZyYSUyMENBJTIwMDIoNCkuY3JshjRodHRwOi8vY3JsMi5hbWUuZ2JsL2NybC9BTUUlMjBJbmZyYSUyMENBJTIwMDIoNCkuY3JshjRodHRwOi8vY3JsMy5hbWUuZ2JsL2NybC9BTUUlMjBJbmZyYSUyMENBJTIwMDIoNCkuY3JshjRodHRwOi8vY3JsNC5hbWUuZ2JsL2NybC9BTUUlMjBJbmZyYSUyMENBJTIwMDIoNCkuY3JsMIGdBgNVHSAEgZUwgZIwDAYKKwYBBAGCN3sBATBmBgorBgEEAYI3ewICMFgwVgYIKwYBBQUHAgIwSh5IADMAMwBlADAAMQA5ADIAMQAtADQAZAA2ADQALQA0AGYAOABjAC0AYQAwADUANQAtADUAYgBkAGEAZgBmAGQANQBlADMAMwBkMAwGCisGAQQBgjd7AwIwDAYKKwYBBAGCN3sEAjAfBgNVHSMEGDAWgBSuecJrXSWIEwb2BwnDl3x7l48dVTAdBgNVHSUEFjAUBggrBgEFBQcDAQYIKwYBBQUHAwIwDQYJKoZIhvcNAQELBQADggEBADC4STVDsiQ4Dr0GUEy9muT0jvHQI2wDrxCZB7pYdSPVD-5Vme1DMY1V15Pn1Q6TAQ5E9UFPOdeICN2114MWgVl0RPnVHRTgiS8UhZl55saVbaRdvV_Tz26xIbFTiWS8hIPJAuiggAlgow_YYFYdxB_ZIfKRxgpYhEO_UwfNvp8dpoKPcoyWOj8gDxrCPgh4ijd48X-Qw8AT7P296SWLYKT02bd5rLogJrjo9egKHrCZhwKubANkP6x2phEO98SDendd7t7KYmwWkihvTwTBSFyao7thyYuz-azT5DcOJjOsekXx-yfbbCa3c_gHX0HADQJ8_YIiaIbEiuV2NMPC87M&s=amtXzPLPa_aRBII0lYbLa38NZ1spnOnyX__n2TJjAShOKPbbnUOCnt7SyePXNtPvBiwSnnNmcX9gz2vbQb5lM9hdI9um7hGBPsmIgIt-99UxIcZJ4CeTqwqrwrIDmgQu_pP0NEC_e121Q9un0oeUjSP3Ks49Hx7oTtcv8D7avEWgOpWdfjFxS5B9XClE_7JrnSuHIgzdaBoWVWzKUM_GNEqlYcHnE0xGE91tIUeR-AivsQ3dGL1RMWrNXgHNWMmwAMQE-jXlGvnBDCEN9wkdLxOUb0sVguR9vWQnwj1SmuM2PVrI3_Pba-TaTYB9IWmrNAnnMLlhVVlm1XNfWB9J_A&h=s32uV4FG3fPyJEDd0R16QORfl2ve0hmyyFxK8btYM88",
      "RequestMethod": "GET",
      "RequestHeaders": {
        "Accept": "*/*",
        "Accept-Encoding": "gzip, deflate",
        "Connection": "keep-alive",
        "User-Agent": "azure-ai-ml/1.28.0 azsdk-python-mgmt-machinelearningservices/0.1.0 Python/3.10.11 (Windows-10-10.0.26100-SP0)"
      },
      "RequestBody": null,
      "StatusCode": 200,
      "ResponseHeaders": {
        "azureml-served-by-cluster": "vienna-westus-01",
        "Cache-Control": "no-cache",
        "Content-Length": "0",
        "Date": "Mon, 19 May 2025 19:03:20 GMT",
        "Expires": "-1",
        "Pragma": "no-cache",
        "Request-Context": "appId=cid-v1:2d2e8e63-272e-4b3c-8598-4ee570a0e70d",
        "Strict-Transport-Security": "max-age=31536000; includeSubDomains",
        "X-Cache": "CONFIG_NOCACHE",
        "X-Content-Type-Options": "nosniff",
        "x-ms-correlation-request-id": "07770d94-df72-4113-81a0-d4394dd727f3",
        "x-ms-operation-identifier": "tenantId=72f988bf-86f1-41af-91ab-2d7cd011db47,objectId=2658e295-df5c-42f6-b1c2-93b4de9f1904/jioindiacentral/e89dd69a-208d-4698-a5a8-fa024350326b",
        "x-ms-ratelimit-remaining-subscription-global-reads": "16499",
        "x-ms-ratelimit-remaining-subscription-reads": "1099",
        "x-ms-response-type": "standard",
        "x-ms-routing-request-id": "JIOINDIACENTRAL:20250519T190321Z:07770d94-df72-4113-81a0-d4394dd727f3",
        "X-MSEdge-Ref": "Ref A: 35A22EAC46044A2B95CA7547DFD10EF6 Ref B: MAA201060514025 Ref C: 2025-05-19T19:03:20Z",
        "x-request-time": "0.038"
      },
      "ResponseBody": null
    }
  ],
  "Variables": {}
}
