{
  "Entries": [
    {
      "RequestUri": "https://Sanitized.azure.com/subscriptions/00000000-0000-0000-0000-000000000/resourceGroups/00000/providers/Microsoft.MachineLearningServices/workspaces/00000/components/train/versions/31?api-version=2024-01-01-preview",
      "RequestMethod": "GET",
      "RequestHeaders": {
        "Accept": "application/json",
        "Accept-Encoding": "gzip, deflate",
        "Connection": "keep-alive",
        "User-Agent": "azure-ai-ml/1.21.0 azsdk-python-mgmt-machinelearningservices/0.1.0 Python/3.10.11 (Windows-10-10.0.22631-SP0)"
      },
      "RequestBody": null,
      "StatusCode": 200,
      "ResponseHeaders": {
        "Cache-Control": "no-cache",
        "Content-Length": "1745",
        "Content-Type": "application/json; charset=utf-8",
        "Date": "Mon, 09 Sep 2024 05:53:20 GMT",
        "Expires": "-1",
        "Pragma": "no-cache",
        "Request-Context": "appId=cid-v1:2d2e8e63-272e-4b3c-8598-4ee570a0e70d",
        "Strict-Transport-Security": "max-age=31536000; includeSubDomains",
        "Vary": "Accept-Encoding",
        "x-aml-cluster": "vienna-westus-01",
        "X-Cache": "CONFIG_NOCACHE",
        "X-Content-Type-Options": "nosniff",
        "x-ms-correlation-request-id": "a9466c4b-95f2-40e8-888a-4c9a550bc008",
        "x-ms-ratelimit-remaining-subscription-reads": "11996",
        "x-ms-response-type": "standard",
        "x-ms-routing-request-id": "CENTRALINDIA:20240909T055321Z:a9466c4b-95f2-40e8-888a-4c9a550bc008",
        "X-MSEdge-Ref": "Ref A: 9069F45CEB6F42CC94FEEFDB8F4393C0 Ref B: MAA201060516011 Ref C: 2024-09-09T05:53:20Z",
        "x-request-time": "0.334"
      },
      "ResponseBody": {
        "id": "/subscriptions/00000000-0000-0000-0000-000000000/resourceGroups/00000/providers/Microsoft.MachineLearningServices/workspaces/00000/components/train/versions/31",
        "name": "31",
        "type": "Microsoft.MachineLearningServices/workspaces/components/versions",
        "properties": {
          "description": null,
          "tags": {},
          "properties": {
            "client_component_hash": "38236c79-7eef-f5f0-dfd4-b418cf77402c"
          },
          "isArchived": false,
          "isAnonymous": false,
          "autoDeleteSetting": null,
          "componentSpec": {
            "name": "train",
            "version": "31",
            "display_name": "Train",
            "is_deterministic": "True",
            "type": "command",
            "inputs": {
              "training_data": {
                "type": "uri_folder",
                "optional": "False"
              },
              "max_epocs": {
                "type": "integer",
                "optional": "False"
              },
              "learning_rate": {
                "type": "number",
                "optional": "False",
                "default": "0.01"
              },
              "learning_rate_schedule": {
                "type": "string",
                "optional": "False",
                "default": "time-based"
              }
            },
            "outputs": {
              "model_output": {
                "type": "uri_folder"
              }
            },
            "code": "azureml:/subscriptions/00000000-0000-0000-0000-000000000/resourceGroups/00000/providers/Microsoft.MachineLearningServices/workspaces/00000/codes/42f88c06-cc14-40a5-8d24-fd1450e9d474/versions/1",
            "environment": "azureml://registries/azureml/environments/AzureML-sklearn-1.0-ubuntu20.04-py38-cpu/versions/33",
            "resources": {
              "instance_count": "1"
            },
            "command": "python train.py --training_data ${{inputs.training_data}} --max_epocs ${{inputs.max_epocs}} --learning_rate ${{inputs.learning_rate}} --learning_rate_schedule ${{inputs.learning_rate_schedule}} --model_output ${{outputs.model_output}}"
          },
          "provisioningState": "Succeeded",
          "stage": "Development"
        },
        "systemData": {
          "createdAt": "2024-09-07T06:33:31.2896407+00:00",
          "createdBy": "Sanitized",
          "createdByType": "User",
          "lastModifiedAt": "2024-09-07T06:33:31.3804106+00:00",
          "lastModifiedBy": "Sanitized",
          "lastModifiedByType": "User"
        }
      }
    },
    {
      "RequestUri": "https://Sanitized.azure.com/subscriptions/00000000-0000-0000-0000-000000000/resourceGroups/00000/providers/Microsoft.MachineLearningServices/workspaces/00000/computes/cpu-cluster?api-version=2023-08-01-preview",
      "RequestMethod": "GET",
      "RequestHeaders": {
        "Accept": "application/json",
        "Accept-Encoding": "gzip, deflate",
        "Connection": "keep-alive",
        "User-Agent": "azure-ai-ml/1.21.0 azsdk-python-mgmt-machinelearningservices/0.1.0 Python/3.10.11 (Windows-10-10.0.22631-SP0)"
      },
      "RequestBody": null,
      "StatusCode": 200,
      "ResponseHeaders": {
        "Cache-Control": "no-cache",
        "Content-Length": "1569",
        "Content-Type": "application/json; charset=utf-8",
        "Date": "Mon, 09 Sep 2024 05:53:24 GMT",
        "Expires": "-1",
        "Pragma": "no-cache",
        "Request-Context": "appId=cid-v1:2d2e8e63-272e-4b3c-8598-4ee570a0e70d",
        "Strict-Transport-Security": "max-age=31536000; includeSubDomains",
        "Vary": "Accept-Encoding",
        "x-aml-cluster": "vienna-westus-01",
        "X-Cache": "CONFIG_NOCACHE",
        "X-Content-Type-Options": "nosniff",
        "x-ms-correlation-request-id": "1aac6ab5-2c0d-45d6-94fa-d06d9a417b97",
        "x-ms-ratelimit-remaining-subscription-reads": "11998",
        "x-ms-response-type": "standard",
        "x-ms-routing-request-id": "CENTRALINDIA:20240909T055324Z:1aac6ab5-2c0d-45d6-94fa-d06d9a417b97",
        "X-MSEdge-Ref": "Ref A: E796C9182A3548B3BE4E91D87D40AF30 Ref B: MAA201060516011 Ref C: 2024-09-09T05:53:24Z",
        "x-request-time": "0.058"
      },
      "ResponseBody": {
        "id": "/subscriptions/00000000-0000-0000-0000-000000000/resourceGroups/00000/providers/Microsoft.MachineLearningServices/workspaces/00000/computes/cpu-cluster",
        "name": "cpu-cluster",
        "type": "Microsoft.MachineLearningServices/workspaces/computes",
        "location": "westus",
        "tags": {},
        "properties": {
          "createdOn": "2024-08-30T06:10:25.0897599+00:00",
          "modifiedOn": "2024-08-30T06:10:34.9519886+00:00",
          "disableLocalAuth": false,
          "description": null,
          "resourceId": null,
          "computeType": "AmlCompute",
          "computeLocation": "westus",
          "provisioningState": "Succeeded",
          "provisioningErrors": null,
          "provisioningWarnings": {},
          "isAttachedCompute": false,
          "properties": {
            "vmSize": "STANDARD_DS2_V2",
            "vmPriority": "Dedicated",
            "scaleSettings": {
              "maxNodeCount": 4,
              "minNodeCount": 0,
              "nodeIdleTimeBeforeScaleDown": "PT2M"
            },
            "subnet": null,
            "currentNodeCount": 0,
            "targetNodeCount": 0,
            "nodeStateCounts": {
              "preparingNodeCount": 0,
              "runningNodeCount": 0,
              "idleNodeCount": 0,
              "unusableNodeCount": 0,
              "leavingNodeCount": 0,
              "preemptedNodeCount": 0
            },
            "allocationState": "Steady",
            "allocationStateTransitionTime": "2024-09-01T16:17:03.703+00:00",
            "errors": null,
            "remoteLoginPortPublicAccess": "Enabled",
            "osType": "Linux",
            "virtualMachineImage": null,
            "isolatedNetwork": false,
            "enableBatchPrivateLink": false,
            "propertyBag": {}
          }
        }
      }
    },
    {
      "RequestUri": "https://Sanitized.azure.com/subscriptions/00000000-0000-0000-0000-000000000/resourceGroups/00000/providers/Microsoft.MachineLearningServices/workspaces/00000/components/azureml_anonymous/versions/000000000000000000000?api-version=2024-01-01-preview",
      "RequestMethod": "PUT",
      "RequestHeaders": {
        "Accept": "application/json",
        "Accept-Encoding": "gzip, deflate",
        "Connection": "keep-alive",
        "Content-Length": "508",
        "Content-Type": "application/json",
        "User-Agent": "azure-ai-ml/1.21.0 azsdk-python-mgmt-machinelearningservices/0.1.0 Python/3.10.11 (Windows-10-10.0.22631-SP0)"
      },
      "RequestBody": {
        "properties": {
          "properties": {},
          "tags": {},
          "isAnonymous": true,
          "isArchived": false,
          "componentSpec": {
            "command": "echo \"hello\" && echo \"world\" && echo \"train\" > world.txt",
            "environment": "azureml:AzureML-sklearn-1.0-ubuntu20.04-py38-cpu:33",
            "name": "azureml_anonymous",
            "version": "1",
            "is_deterministic": true,
            "inputs": {
              "model_input": {
                "type": "uri_folder"
              },
              "test_data": {
                "type": "uri_folder"
              }
            },
            "outputs": {
              "score_output": {
                "type": "uri_folder"
              }
            },
            "type": "command",
            "_source": "YAML.JOB"
          }
        }
      },
      "StatusCode": 201,
      "ResponseHeaders": {
        "Cache-Control": "no-cache",
        "Content-Length": "1216",
        "Content-Type": "application/json; charset=utf-8",
        "Date": "Mon, 09 Sep 2024 05:53:28 GMT",
        "Expires": "-1",
        "Location": "https://management.azure.com/subscriptions/00000000-0000-0000-0000-000000000/resourceGroups/00000/providers/Microsoft.MachineLearningServices/workspaces/00000/components/azureml_anonymous/versions/c86fe70c-5e4d-4a44-9e74-d0638d238aa2?api-version=2024-01-01-preview",
        "Pragma": "no-cache",
        "Request-Context": "appId=cid-v1:2d2e8e63-272e-4b3c-8598-4ee570a0e70d",
        "Strict-Transport-Security": "max-age=31536000; includeSubDomains",
        "x-aml-cluster": "vienna-westus-01",
        "X-Cache": "CONFIG_NOCACHE",
        "X-Content-Type-Options": "nosniff",
        "x-ms-correlation-request-id": "a0b08627-cc20-42e2-9d22-acbda87008a0",
        "x-ms-ratelimit-remaining-subscription-writes": "1197",
        "x-ms-response-type": "standard",
        "x-ms-routing-request-id": "CENTRALINDIA:20240909T055329Z:a0b08627-cc20-42e2-9d22-acbda87008a0",
        "X-MSEdge-Ref": "Ref A: 93F739744F5E4E3E901410A50FF9636C Ref B: MAA201060516011 Ref C: 2024-09-09T05:53:25Z",
        "x-request-time": "0.515"
      },
      "ResponseBody": {
        "id": "/subscriptions/00000000-0000-0000-0000-000000000/resourceGroups/00000/providers/Microsoft.MachineLearningServices/workspaces/00000/components/azureml_anonymous/versions/229a1e9c-3f58-46b7-826f-993c003be117",
        "name": "229a1e9c-3f58-46b7-826f-993c003be117",
        "type": "Microsoft.MachineLearningServices/workspaces/components/versions",
        "properties": {
          "description": null,
          "tags": {},
          "properties": {},
          "isArchived": false,
          "isAnonymous": true,
          "autoDeleteSetting": null,
          "componentSpec": {
            "name": "azureml_anonymous",
            "version": "1",
            "is_deterministic": "True",
            "type": "command",
            "inputs": {
              "model_input": {
                "type": "uri_folder",
                "optional": "False"
              },
              "test_data": {
                "type": "uri_folder",
                "optional": "False"
              }
            },
            "outputs": {
              "score_output": {
                "type": "uri_folder"
              }
            },
            "environment": "azureml://registries/azureml/environments/AzureML-sklearn-1.0-ubuntu20.04-py38-cpu/versions/33",
            "resources": {
              "instance_count": "1"
            },
            "command": "echo \"hello\" && echo \"world\" && echo \"train\" > world.txt"
          },
          "provisioningState": "Succeeded",
          "stage": "Logged"
        },
        "systemData": {
          "createdAt": "2024-09-07T06:33:36.190595+00:00",
          "createdBy": "Sanitized",
          "createdByType": "User",
          "lastModifiedAt": "2024-09-07T06:33:36.2411768+00:00",
          "lastModifiedBy": "Sanitized",
          "lastModifiedByType": "User"
        }
      }
    },
    {
      "RequestUri": "https://Sanitized.azure.com/subscriptions/00000000-0000-0000-0000-000000000/resourceGroups/00000/providers/Microsoft.MachineLearningServices/workspaces/00000/datastores/workspaceblobstore?api-version=2024-07-01-preview",
      "RequestMethod": "GET",
      "RequestHeaders": {
        "Accept": "application/json",
        "Accept-Encoding": "gzip, deflate",
        "Connection": "keep-alive",
        "User-Agent": "azure-ai-ml/1.21.0 azsdk-python-mgmt-machinelearningservices/0.1.0 Python/3.10.11 (Windows-10-10.0.22631-SP0)"
      },
      "RequestBody": null,
      "StatusCode": 200,
      "ResponseHeaders": {
        "Cache-Control": "no-cache",
        "Content-Length": "937",
        "Content-Type": "application/json; charset=utf-8",
        "Date": "Mon, 09 Sep 2024 05:53:32 GMT",
        "Expires": "-1",
        "Pragma": "no-cache",
        "Request-Context": "appId=cid-v1:2d2e8e63-272e-4b3c-8598-4ee570a0e70d",
        "Strict-Transport-Security": "max-age=31536000; includeSubDomains",
        "Vary": "Accept-Encoding",
        "x-aml-cluster": "vienna-westus-01",
        "X-Cache": "CONFIG_NOCACHE",
        "X-Content-Type-Options": "nosniff",
        "x-ms-correlation-request-id": "a7bf2248-2a3a-49ef-aea0-206f813dadf4",
        "x-ms-ratelimit-remaining-subscription-reads": "11996",
        "x-ms-response-type": "standard",
        "x-ms-routing-request-id": "CENTRALINDIA:20240909T055332Z:a7bf2248-2a3a-49ef-aea0-206f813dadf4",
        "X-MSEdge-Ref": "Ref A: 39981301F9EA43019825FCF0BBF711AE Ref B: MAA201060516011 Ref C: 2024-09-09T05:53:31Z",
        "x-request-time": "0.085"
      },
      "ResponseBody": {
        "id": "/subscriptions/00000000-0000-0000-0000-000000000/resourceGroups/00000/providers/Microsoft.MachineLearningServices/workspaces/00000/datastores/workspaceblobstore",
        "name": "workspaceblobstore",
        "type": "Microsoft.MachineLearningServices/workspaces/datastores",
        "properties": {
          "description": null,
          "tags": null,
          "properties": null,
          "isDefault": true,
          "credentials": {
            "credentialsType": "None"
          },
          "subscriptionId": "00000000-0000-0000-0000-000000000",
          "resourceGroup": "00000",
          "datastoreType": "AzureBlob",
          "accountName": "Sanitized",
          "containerName": "azureml-blobstore-f51a05ae-45d5-43d8-9d75-31f1e5eaba07",
          "endpoint": "core.windows.net",
          "protocol": "https",
          "serviceDataAccessAuthIdentity": "WorkspaceSystemAssignedIdentity"
        },
        "systemData": {
          "createdAt": "2024-08-30T06:10:08.2917643+00:00",
          "createdBy": "Sanitized",
          "createdByType": "Application",
          "lastModifiedAt": "2024-09-02T06:29:21.7434839+00:00",
          "lastModifiedBy": "Sanitized",
          "lastModifiedByType": "Application"
        }
      }
    },
    {
      "RequestUri": "https://Sanitized.azure.com/subscriptions/00000000-0000-0000-0000-000000000/resourceGroups/00000/providers/Microsoft.MachineLearningServices/workspaces/00000/datastores/workspaceblobstore/listSecrets?api-version=2024-07-01-preview",
      "RequestMethod": "POST",
      "RequestHeaders": {
        "Accept": "application/json",
        "Accept-Encoding": "gzip, deflate",
        "Connection": "keep-alive",
        "Content-Length": "48",
        "Content-Type": "application/json",
        "User-Agent": "azure-ai-ml/1.21.0 azsdk-python-mgmt-machinelearningservices/0.1.0 Python/3.10.11 (Windows-10-10.0.22631-SP0)"
      },
      "RequestBody": {
        "expirableSecret": true,
        "expireAfterHours": 1
      },
      "StatusCode": 400,
      "ResponseHeaders": {
        "Cache-Control": "no-cache",
        "Content-Length": "811",
        "Content-Type": "application/json; charset=utf-8",
        "Date": "Mon, 09 Sep 2024 05:53:33 GMT",
        "Expires": "-1",
        "Pragma": "no-cache",
        "Request-Context": "appId=cid-v1:2d2e8e63-272e-4b3c-8598-4ee570a0e70d",
        "Strict-Transport-Security": "max-age=31536000; includeSubDomains",
        "x-aml-cluster": "vienna-westus-01",
        "X-Cache": "CONFIG_NOCACHE",
        "X-Content-Type-Options": "nosniff",
        "x-ms-correlation-request-id": "c6bda8f5-6c40-44a5-94e7-cd13162a4819",
        "x-ms-ratelimit-remaining-subscription-writes": "1198",
        "x-ms-response-type": "error",
        "x-ms-routing-request-id": "CENTRALINDIA:20240909T055333Z:c6bda8f5-6c40-44a5-94e7-cd13162a4819",
        "X-MSEdge-Ref": "Ref A: E5B12E2A4ECC435FBFB9E5C0DB5E0A15 Ref B: MAA201060516011 Ref C: 2024-09-09T05:53:33Z",
        "x-request-time": "0.080"
      },
      "ResponseBody": {
        "error": {
          "code": "UserError",
          "message": "No secrets for credentials of type None.",
          "details": [],
          "additionalInfo": [
            {
              "type": "ComponentName",
              "info": {
                "value": "managementfrontend"
              }
            },
            {
              "type": "Correlation",
              "info": {
                "value": {
                  "operation": "179f768c5f174f803702d75038325ffd",
                  "request": "214b03cd7743f26d"
                }
              }
            },
            {
              "type": "Environment",
              "info": {
                "value": "westus"
              }
            },
            {
              "type": "Location",
              "info": {
                "value": "westus"
              }
            },
            {
              "type": "Time",
              "info": {
                "value": "2024-09-09T05:53:33.4993448+00:00"
              }
            }
          ]
        }
      }
    },
    {
      "RequestUri": "https://Sanitized.blob.core.windows.net/azureml-blobstore-f51a05ae-45d5-43d8-9d75-31f1e5eaba07/LocalUpload/00000000000000000000000000000000/data/sample1.csv",
      "RequestMethod": "HEAD",
      "RequestHeaders": {
        "Accept": "application/xml",
        "Accept-Encoding": "gzip, deflate",
        "Connection": "keep-alive",
        "User-Agent": "azsdk-python-storage-blob/12.22.0 Python/3.10.11 (Windows-10-10.0.22631-SP0)",
        "x-ms-date": "Mon, 09 Sep 2024 05:53:33 GMT",
        "x-ms-version": "2024-08-04"
      },
      "RequestBody": null,
      "StatusCode": 200,
      "ResponseHeaders": {
        "Accept-Ranges": "bytes",
        "Content-Length": "499",
        "Content-MD5": "kD7N5+ygjTfbYTFhyEo7RA==",
        "Content-Type": "application/octet-stream",
        "Date": "Mon, 09 Sep 2024 05:53:37 GMT",
        "ETag": "\"0x8DCCF07075EB45F\"",
        "Last-Modified": "Sat, 07 Sep 2024 06:33:47 GMT",
        "Server": [
          "Windows-Azure-Blob/1.0",
          "Microsoft-HTTPAPI/2.0"
        ],
        "Vary": "Origin",
        "x-ms-access-tier": "Hot",
        "x-ms-access-tier-inferred": "true",
        "x-ms-blob-type": "BlockBlob",
        "x-ms-creation-time": "Sat, 07 Sep 2024 06:33:47 GMT",
        "x-ms-lease-state": "available",
        "x-ms-lease-status": "unlocked",
        "x-ms-meta-name": "955621cc-dc83-4278-8d49-b3fd4eda8549",
        "x-ms-meta-upload_status": "completed",
        "x-ms-meta-version": "cf795207-4e22-4e06-a872-23a1da820a8f",
        "x-ms-server-encrypted": "true",
        "x-ms-version": "2024-08-04"
      },
      "ResponseBody": null
    },
    {
      "RequestUri": "https://Sanitized.blob.core.windows.net/azureml-blobstore-f51a05ae-45d5-43d8-9d75-31f1e5eaba07/az-ml-artifacts/00000000000000000000000000000000/data/sample1.csv",
      "RequestMethod": "HEAD",
      "RequestHeaders": {
        "Accept": "application/xml",
        "Accept-Encoding": "gzip, deflate",
        "Connection": "keep-alive",
        "User-Agent": "azsdk-python-storage-blob/12.22.0 Python/3.10.11 (Windows-10-10.0.22631-SP0)",
        "x-ms-date": "Mon, 09 Sep 2024 05:53:37 GMT",
        "x-ms-version": "2024-08-04"
      },
      "RequestBody": null,
      "StatusCode": 404,
      "ResponseHeaders": {
        "Date": "Mon, 09 Sep 2024 05:53:38 GMT",
        "Server": [
          "Windows-Azure-Blob/1.0",
          "Microsoft-HTTPAPI/2.0"
        ],
        "Transfer-Encoding": "chunked",
        "Vary": "Origin",
        "x-ms-error-code": "BlobNotFound",
        "x-ms-version": "2024-08-04"
      },
      "ResponseBody": null
    },
    {
      "RequestUri": "https://Sanitized.azure.com/subscriptions/00000000-0000-0000-0000-000000000/resourceGroups/00000/providers/Microsoft.MachineLearningServices/workspaces/00000/datastores/workspaceblobstore?api-version=2024-07-01-preview",
      "RequestMethod": "GET",
      "RequestHeaders": {
        "Accept": "application/json",
        "Accept-Encoding": "gzip, deflate",
        "Connection": "keep-alive",
        "User-Agent": "azure-ai-ml/1.21.0 azsdk-python-mgmt-machinelearningservices/0.1.0 Python/3.10.11 (Windows-10-10.0.22631-SP0)"
      },
      "RequestBody": null,
      "StatusCode": 200,
      "ResponseHeaders": {
        "Cache-Control": "no-cache",
        "Content-Length": "937",
        "Content-Type": "application/json; charset=utf-8",
        "Date": "Mon, 09 Sep 2024 05:53:39 GMT",
        "Expires": "-1",
        "Pragma": "no-cache",
        "Request-Context": "appId=cid-v1:2d2e8e63-272e-4b3c-8598-4ee570a0e70d",
        "Strict-Transport-Security": "max-age=31536000; includeSubDomains",
        "Vary": "Accept-Encoding",
        "x-aml-cluster": "vienna-westus-01",
        "X-Cache": "CONFIG_NOCACHE",
        "X-Content-Type-Options": "nosniff",
        "x-ms-correlation-request-id": "b8cb1a09-577b-49d1-93e5-9b9ae9dc1619",
        "x-ms-ratelimit-remaining-subscription-reads": "11990",
        "x-ms-response-type": "standard",
        "x-ms-routing-request-id": "CENTRALINDIA:20240909T055339Z:b8cb1a09-577b-49d1-93e5-9b9ae9dc1619",
        "X-MSEdge-Ref": "Ref A: F4826E129E6841A69103CD3DD33DE192 Ref B: MAA201060516011 Ref C: 2024-09-09T05:53:38Z",
        "x-request-time": "0.082"
      },
      "ResponseBody": {
        "id": "/subscriptions/00000000-0000-0000-0000-000000000/resourceGroups/00000/providers/Microsoft.MachineLearningServices/workspaces/00000/datastores/workspaceblobstore",
        "name": "workspaceblobstore",
        "type": "Microsoft.MachineLearningServices/workspaces/datastores",
        "properties": {
          "description": null,
          "tags": null,
          "properties": null,
          "isDefault": true,
          "credentials": {
            "credentialsType": "None"
          },
          "subscriptionId": "00000000-0000-0000-0000-000000000",
          "resourceGroup": "00000",
          "datastoreType": "AzureBlob",
          "accountName": "Sanitized",
          "containerName": "azureml-blobstore-f51a05ae-45d5-43d8-9d75-31f1e5eaba07",
          "endpoint": "core.windows.net",
          "protocol": "https",
          "serviceDataAccessAuthIdentity": "WorkspaceSystemAssignedIdentity"
        },
        "systemData": {
          "createdAt": "2024-08-30T06:10:08.2917643+00:00",
          "createdBy": "Sanitized",
          "createdByType": "Application",
          "lastModifiedAt": "2024-09-02T06:29:21.7434839+00:00",
          "lastModifiedBy": "Sanitized",
          "lastModifiedByType": "Application"
        }
      }
    },
    {
      "RequestUri": "https://Sanitized.azure.com/subscriptions/00000000-0000-0000-0000-000000000/resourceGroups/00000/providers/Microsoft.MachineLearningServices/workspaces/00000/datastores/workspaceblobstore/listSecrets?api-version=2024-07-01-preview",
      "RequestMethod": "POST",
      "RequestHeaders": {
        "Accept": "application/json",
        "Accept-Encoding": "gzip, deflate",
        "Connection": "keep-alive",
        "Content-Length": "48",
        "Content-Type": "application/json",
        "User-Agent": "azure-ai-ml/1.21.0 azsdk-python-mgmt-machinelearningservices/0.1.0 Python/3.10.11 (Windows-10-10.0.22631-SP0)"
      },
      "RequestBody": {
        "expirableSecret": true,
        "expireAfterHours": 1
      },
      "StatusCode": 400,
      "ResponseHeaders": {
        "Cache-Control": "no-cache",
        "Content-Length": "811",
        "Content-Type": "application/json; charset=utf-8",
        "Date": "Mon, 09 Sep 2024 05:53:40 GMT",
        "Expires": "-1",
        "Pragma": "no-cache",
        "Request-Context": "appId=cid-v1:2d2e8e63-272e-4b3c-8598-4ee570a0e70d",
        "Strict-Transport-Security": "max-age=31536000; includeSubDomains",
        "x-aml-cluster": "vienna-westus-01",
        "X-Cache": "CONFIG_NOCACHE",
        "X-Content-Type-Options": "nosniff",
        "x-ms-correlation-request-id": "067fc268-bbbe-42a8-a10f-3992d6475bfe",
        "x-ms-ratelimit-remaining-subscription-writes": "1198",
        "x-ms-response-type": "error",
        "x-ms-routing-request-id": "CENTRALINDIA:20240909T055341Z:067fc268-bbbe-42a8-a10f-3992d6475bfe",
        "X-MSEdge-Ref": "Ref A: 4987E92010DB49A08E6DFC791DE5E492 Ref B: MAA201060516011 Ref C: 2024-09-09T05:53:40Z",
        "x-request-time": "0.083"
      },
      "ResponseBody": {
        "error": {
          "code": "UserError",
          "message": "No secrets for credentials of type None.",
          "details": [],
          "additionalInfo": [
            {
              "type": "ComponentName",
              "info": {
                "value": "managementfrontend"
              }
            },
            {
              "type": "Correlation",
              "info": {
                "value": {
                  "operation": "acb970fe318fb41d77129546bc40eb9d",
                  "request": "148965abb2c41b0d"
                }
              }
            },
            {
              "type": "Environment",
              "info": {
                "value": "westus"
              }
            },
            {
              "type": "Location",
              "info": {
                "value": "westus"
              }
            },
            {
              "type": "Time",
              "info": {
                "value": "2024-09-09T05:53:41.0462053+00:00"
              }
            }
          ]
        }
      }
    },
    {
      "RequestUri": "https://Sanitized.blob.core.windows.net/azureml-blobstore-f51a05ae-45d5-43d8-9d75-31f1e5eaba07/LocalUpload/00000000000000000000000000000000/data/sample1.csv",
      "RequestMethod": "HEAD",
      "RequestHeaders": {
        "Accept": "application/xml",
        "Accept-Encoding": "gzip, deflate",
        "Connection": "keep-alive",
        "User-Agent": "azsdk-python-storage-blob/12.22.0 Python/3.10.11 (Windows-10-10.0.22631-SP0)",
        "x-ms-date": "Mon, 09 Sep 2024 05:53:40 GMT",
        "x-ms-version": "2024-08-04"
      },
      "RequestBody": null,
      "StatusCode": 200,
      "ResponseHeaders": {
        "Accept-Ranges": "bytes",
        "Content-Length": "499",
        "Content-MD5": "kD7N5+ygjTfbYTFhyEo7RA==",
        "Content-Type": "application/octet-stream",
        "Date": "Mon, 09 Sep 2024 05:53:43 GMT",
        "ETag": "\"0x8DCCF07075EB45F\"",
        "Last-Modified": "Sat, 07 Sep 2024 06:33:47 GMT",
        "Server": [
          "Windows-Azure-Blob/1.0",
          "Microsoft-HTTPAPI/2.0"
        ],
        "Vary": "Origin",
        "x-ms-access-tier": "Hot",
        "x-ms-access-tier-inferred": "true",
        "x-ms-blob-type": "BlockBlob",
        "x-ms-creation-time": "Sat, 07 Sep 2024 06:33:47 GMT",
        "x-ms-lease-state": "available",
        "x-ms-lease-status": "unlocked",
        "x-ms-meta-name": "955621cc-dc83-4278-8d49-b3fd4eda8549",
        "x-ms-meta-upload_status": "completed",
        "x-ms-meta-version": "cf795207-4e22-4e06-a872-23a1da820a8f",
        "x-ms-server-encrypted": "true",
        "x-ms-version": "2024-08-04"
      },
      "ResponseBody": null
    },
    {
      "RequestUri": "https://Sanitized.blob.core.windows.net/azureml-blobstore-f51a05ae-45d5-43d8-9d75-31f1e5eaba07/az-ml-artifacts/00000000000000000000000000000000/data/sample1.csv",
      "RequestMethod": "HEAD",
      "RequestHeaders": {
        "Accept": "application/xml",
        "Accept-Encoding": "gzip, deflate",
        "Connection": "keep-alive",
        "User-Agent": "azsdk-python-storage-blob/12.22.0 Python/3.10.11 (Windows-10-10.0.22631-SP0)",
        "x-ms-date": "Mon, 09 Sep 2024 05:53:43 GMT",
        "x-ms-version": "2024-08-04"
      },
      "RequestBody": null,
      "StatusCode": 404,
      "ResponseHeaders": {
        "Date": "Mon, 09 Sep 2024 05:53:43 GMT",
        "Server": [
          "Windows-Azure-Blob/1.0",
          "Microsoft-HTTPAPI/2.0"
        ],
        "Transfer-Encoding": "chunked",
        "Vary": "Origin",
        "x-ms-error-code": "BlobNotFound",
        "x-ms-version": "2024-08-04"
      },
      "ResponseBody": null
    },
    {
      "RequestUri": "https://Sanitized.azure.com/subscriptions/00000000-0000-0000-0000-000000000/resourceGroups/00000/providers/Microsoft.MachineLearningServices/workspaces/00000/jobs/000000000000000000000?api-version=2024-01-01-preview",
      "RequestMethod": "PUT",
      "RequestHeaders": {
        "Accept": "application/json",
        "Accept-Encoding": "gzip, deflate",
        "Connection": "keep-alive",
        "Content-Length": "2488",
        "Content-Type": "application/json",
        "User-Agent": "azure-ai-ml/1.21.0 azsdk-python-mgmt-machinelearningservices/0.1.0 Python/3.10.11 (Windows-10-10.0.22631-SP0)"
      },
      "RequestBody": {
        "properties": {
          "description": "E2E dummy train-score-eval pipeline with registered components",
          "properties": {},
          "tags": {},
          "computeId": "/subscriptions/00000000-0000-0000-0000-000000000/resourceGroups/00000/providers/Microsoft.MachineLearningServices/workspaces/00000/computes/cpu-cluster",
          "displayName": "000000000000000000000",
          "experimentName": "azure-ai-ml",
          "isArchived": false,
          "jobType": "Pipeline",
          "inputs": {
            "pipeline_job_training_input": {
              "uri": "azureml://datastores/workspaceblobstore/paths/LocalUpload/00000000000000000000000000000000/data/",
              "jobInputType": "uri_folder"
            },
            "pipeline_job_test_input": {
              "uri": "azureml://datastores/workspaceblobstore/paths/LocalUpload/00000000000000000000000000000000/data/",
              "jobInputType": "uri_folder"
            },
            "pipeline_job_training_max_epocs": {
              "jobInputType": "literal",
              "value": "20"
            },
            "pipeline_job_training_learning_rate": {
              "jobInputType": "literal",
              "value": "1.8"
            },
            "pipeline_job_learning_rate_schedule": {
              "jobInputType": "literal",
              "value": "time-based"
            }
          },
          "jobs": {
            "train_job": {
              "name": "train_job",
              "type": "command",
              "inputs": {
                "training_data": {
                  "job_input_type": "literal",
                  "value": "${{parent.inputs.pipeline_job_training_input}}"
                },
                "max_epocs": {
                  "job_input_type": "literal",
                  "value": "${{parent.inputs.pipeline_job_training_max_epocs}}"
                },
                "learning_rate": {
                  "job_input_type": "literal",
                  "value": "${{parent.inputs.pipeline_job_training_learning_rate}}"
                },
                "learning_rate_schedule": {
                  "job_input_type": "literal",
                  "value": "${{parent.inputs.pipeline_job_learning_rate_schedule}}"
                }
              },
              "outputs": {
                "model_output": {
                  "value": "${{parent.outputs.pipeline_job_trained_model}}",
                  "type": "literal"
                }
              },
              "_source": "REMOTE.WORKSPACE.COMPONENT",
              "componentId": "/subscriptions/00000000-0000-0000-0000-000000000/resourceGroups/00000/providers/Microsoft.MachineLearningServices/workspaces/00000/components/Train/versions/31"
            },
            "score_job": {
              "name": "score_job",
              "type": "command",
              "inputs": {
                "model_input": {
                  "job_input_type": "literal",
                  "value": "${{parent.jobs.train_job.outputs.model_output}}"
                },
                "test_data": {
                  "job_input_type": "literal",
                  "value": "${{parent.inputs.pipeline_job_test_input}}"
                }
              },
              "_source": "YAML.JOB",
              "componentId": "/subscriptions/00000000-0000-0000-0000-000000000/resourceGroups/00000/providers/Microsoft.MachineLearningServices/workspaces/00000/components/azureml_anonymous/versions/229a1e9c-3f58-46b7-826f-993c003be117"
            }
          },
          "outputs": {
            "pipeline_job_trained_model": {
              "mode": "Upload",
              "jobOutputType": "uri_folder"
            },
            "pipeline_job_scored_data": {
              "mode": "Upload",
              "jobOutputType": "uri_folder"
            }
          },
          "settings": {
            "_source": "YAML.JOB"
          }
        }
      },
      "StatusCode": 201,
      "ResponseHeaders": {
        "Cache-Control": "no-cache",
        "Content-Length": "3967",
        "Content-Type": "application/json; charset=utf-8",
        "Date": "Mon, 09 Sep 2024 05:53:47 GMT",
        "Expires": "-1",
        "Location": "https://management.azure.com/subscriptions/00000000-0000-0000-0000-000000000/resourceGroups/00000/providers/Microsoft.MachineLearningServices/workspaces/00000/jobs/test_421949619653?api-version=2024-01-01-preview",
        "Pragma": "no-cache",
        "Request-Context": "appId=cid-v1:2d2e8e63-272e-4b3c-8598-4ee570a0e70d",
        "Strict-Transport-Security": "max-age=31536000; includeSubDomains",
        "x-aml-cluster": "vienna-westus-02",
        "X-Cache": "CONFIG_NOCACHE",
        "X-Content-Type-Options": "nosniff",
        "x-ms-correlation-request-id": "6c06a779-311c-4144-8ef2-beb9a8df1bd3",
        "x-ms-ratelimit-remaining-subscription-writes": "1198",
        "x-ms-response-type": "standard",
        "x-ms-routing-request-id": "CENTRALINDIA:20240909T055347Z:6c06a779-311c-4144-8ef2-beb9a8df1bd3",
        "X-MSEdge-Ref": "Ref A: EA77003C0CFC41278A8B0AC4912985B3 Ref B: MAA201060516011 Ref C: 2024-09-09T05:53:44Z",
        "x-request-time": "0.996"
      },
      "ResponseBody": {
        "id": "/subscriptions/00000000-0000-0000-0000-000000000/resourceGroups/00000/providers/Microsoft.MachineLearningServices/workspaces/00000/jobs/test_421949619653",
        "name": "test_421949619653",
        "type": "Microsoft.MachineLearningServices/workspaces/jobs",
        "properties": {
          "description": "E2E dummy train-score-eval pipeline with registered components",
          "tags": {},
          "properties": {},
          "displayName": "000000000000000000000",
          "status": "NotStarted",
          "experimentName": "azure-ai-ml",
          "services": {
            "Tracking": {
              "jobServiceType": "Tracking",
              "port": null,
              "endpoint": "azureml://westus.api.azureml.ms/mlflow/v1.0/subscriptions/00000000-0000-0000-0000-000000000/resourceGroups/00000/providers/Microsoft.MachineLearningServices/workspaces/00000?",
              "status": null,
              "errorMessage": null,
              "properties": null,
              "nodes": null
            },
            "Studio": {
              "jobServiceType": "Studio",
              "port": null,
              "endpoint": "https://ml.azure.com/runs/test_421949619653?wsid=/subscriptions/00000000-0000-0000-0000-000000000/resourcegroups/00000/workspaces/00000",
              "status": null,
              "errorMessage": null,
              "properties": null,
              "nodes": null
            }
          },
          "computeId": "/subscriptions/00000000-0000-0000-0000-000000000/resourceGroups/00000/providers/Microsoft.MachineLearningServices/workspaces/00000/computes/cpu-cluster",
          "isArchived": false,
          "identity": null,
          "componentId": null,
          "notificationSetting": null,
          "secretsConfiguration": null,
          "jobType": "Pipeline",
          "settings": {
            "_source": "YAML.JOB"
          },
          "jobs": {
            "train_job": {
              "name": "train_job",
              "type": "command",
              "inputs": {
                "training_data": {
                  "job_input_type": "literal",
                  "value": "${{parent.inputs.pipeline_job_training_input}}"
                },
                "max_epocs": {
                  "job_input_type": "literal",
                  "value": "${{parent.inputs.pipeline_job_training_max_epocs}}"
                },
                "learning_rate": {
                  "job_input_type": "literal",
                  "value": "${{parent.inputs.pipeline_job_training_learning_rate}}"
                },
                "learning_rate_schedule": {
                  "job_input_type": "literal",
                  "value": "${{parent.inputs.pipeline_job_learning_rate_schedule}}"
                }
              },
              "outputs": {
                "model_output": {
                  "value": "${{parent.outputs.pipeline_job_trained_model}}",
                  "type": "literal"
                }
              },
              "_source": "REMOTE.WORKSPACE.COMPONENT",
              "componentId": "/subscriptions/00000000-0000-0000-0000-000000000/resourceGroups/00000/providers/Microsoft.MachineLearningServices/workspaces/00000/components/Train/versions/31"
            },
            "score_job": {
              "name": "score_job",
              "type": "command",
              "inputs": {
                "model_input": {
                  "job_input_type": "literal",
                  "value": "${{parent.jobs.train_job.outputs.model_output}}"
                },
                "test_data": {
                  "job_input_type": "literal",
                  "value": "${{parent.inputs.pipeline_job_test_input}}"
                }
              },
              "_source": "YAML.JOB",
              "componentId": "/subscriptions/00000000-0000-0000-0000-000000000/resourceGroups/00000/providers/Microsoft.MachineLearningServices/workspaces/00000/components/azureml_anonymous/versions/229a1e9c-3f58-46b7-826f-993c003be117"
            }
          },
          "inputs": {
            "pipeline_job_training_input": {
              "description": null,
              "uri": "azureml://datastores/workspaceblobstore/paths/LocalUpload/00000000000000000000000000000000/data/",
              "mode": "ReadOnlyMount",
              "pathOnCompute": null,
              "jobInputType": "uri_folder"
            },
            "pipeline_job_test_input": {
              "description": null,
              "uri": "azureml://datastores/workspaceblobstore/paths/LocalUpload/00000000000000000000000000000000/data/",
              "mode": "ReadOnlyMount",
              "pathOnCompute": null,
              "jobInputType": "uri_folder"
            },
            "pipeline_job_training_max_epocs": {
              "description": null,
              "jobInputType": "literal",
              "value": "20"
            },
            "pipeline_job_training_learning_rate": {
              "description": null,
              "jobInputType": "literal",
              "value": "1.8"
            },
            "pipeline_job_learning_rate_schedule": {
              "description": null,
              "jobInputType": "literal",
              "value": "time-based"
            }
          },
          "outputs": {
            "pipeline_job_trained_model": {
              "description": null,
              "uri": null,
              "assetName": null,
              "assetVersion": null,
              "mode": "Upload",
              "pathOnCompute": null,
              "autoDeleteSetting": null,
              "jobOutputType": "uri_folder"
            },
            "pipeline_job_scored_data": {
              "description": null,
              "uri": null,
              "assetName": null,
              "assetVersion": null,
              "mode": "Upload",
              "pathOnCompute": null,
              "autoDeleteSetting": null,
              "jobOutputType": "uri_folder"
            }
          },
          "sourceJobId": null
        },
        "systemData": {
          "createdAt": "2024-09-09T05:53:46.0531466+00:00",
          "createdBy": "Sanitized",
          "createdByType": "User"
        }
      }
    }
  ],
  "Variables": {
    "name": "test_421949619653"
  }
}
