{
  "Entries": [
    {
      "RequestUri": "https://REDACTED/kv/key68868574630?api-version=2023-11-01",
      "RequestMethod": "PUT",
      "RequestHeaders": {
        "Accept": "application/vnd.microsoft.azconfig.kv+json",
        "Authorization": "Sanitized",
        "Content-Length": "141",
        "Content-Type": "application/json",
        "Date": "Thu, 13 Jun 2024 14:43:32 GMT",
        "If-None-Match": "*",
        "Sync-Token": "",
        "User-Agent": "azsdk-java-azure-data-appconfiguration/1.7.0-beta.1 (21; Windows 11; 10.0)",
        "x-ms-client-request-id": "Sanitized",
        "x-ms-return-client-request-id": "true"
      },
      "RequestBody": {
        "key": "key68868574630",
        "content_type": "text",
        "value": "myNewValue",
        "tags": {
          "AnotherTag": "AnotherTagValue",
          "MyTag": "TagValue"
        },
        "locked": false
      },
      "StatusCode": 200,
      "ResponseHeaders": {
        "Access-Control-Allow-Origin": "*",
        "Connection": "keep-alive",
        "Content-Type": "application/vnd.microsoft.appconfig.kv+json; charset=utf-8",
        "Date": "Thu, 13 Jun 2024 14:43:33 GMT",
        "ETag": "\"LeClOW0s-Daj-vgz8WC-1c0G2fGC5s1Qy53kL_Tp-Oc\"",
        "Last-Modified": "Thu, 13 Jun 2024 14:43:33 GMT",
        "Strict-Transport-Security": "max-age=31536000; includeSubDomains",
        "Sync-Token": "zAJw6V16=MzoxNSM1NjAxMTg2;sn=5601186",
        "Transfer-Encoding": "chunked",
        "x-ms-client-request-id": "Sanitized",
        "x-ms-correlation-request-id": "97f00a28-aa16-497c-ac2b-a1790f47361e",
        "x-ms-request-id": "Sanitized"
      },
      "ResponseBody": {
        "etag": "Sanitized",
        "key": "key68868574630",
        "label": null,
        "content_type": "text",
        "value": "myNewValue",
        "tags": {
          "AnotherTag": "AnotherTagValue",
          "MyTag": "TagValue"
        },
        "locked": false,
        "last_modified": "2024-06-13T14:43:33+00:00"
      }
    },
    {
      "RequestUri": "https://REDACTED/kv/key68868574630?label=3c4b63c2627043&api-version=2023-11-01",
      "RequestMethod": "PUT",
      "RequestHeaders": {
        "Accept": "application/vnd.microsoft.azconfig.kv+json",
        "Authorization": "Sanitized",
        "Content-Length": "166",
        "Content-Type": "application/json",
        "Date": "Thu, 13 Jun 2024 14:43:34 GMT",
        "If-None-Match": "*",
        "Sync-Token": "zAJw6V16=MzoxNSM1NjAxMTg2",
        "User-Agent": "azsdk-java-azure-data-appconfiguration/1.7.0-beta.1 (21; Windows 11; 10.0)",
        "x-ms-client-request-id": "Sanitized",
        "x-ms-return-client-request-id": "true"
      },
      "RequestBody": {
        "key": "key68868574630",
        "label": "3c4b63c2627043",
        "content_type": "text",
        "value": "myNewValue",
        "tags": {
          "AnotherTag": "AnotherTagValue",
          "MyTag": "TagValue"
        },
        "locked": false
      },
      "StatusCode": 200,
      "ResponseHeaders": {
        "Access-Control-Allow-Origin": "*",
        "Connection": "keep-alive",
        "Content-Type": "application/vnd.microsoft.appconfig.kv+json; charset=utf-8",
        "Date": "Thu, 13 Jun 2024 14:43:33 GMT",
        "ETag": "\"oW09nyOoCrtWjwsDN90sHi5oHnMEdModgAtQoeN7mS4\"",
        "Last-Modified": "Thu, 13 Jun 2024 14:43:33 GMT",
        "Strict-Transport-Security": "max-age=31536000; includeSubDomains",
        "Sync-Token": "zAJw6V16=MzoxNSM1NjAxMTg4;sn=5601188",
        "Transfer-Encoding": "chunked",
        "x-ms-client-request-id": "Sanitized",
        "x-ms-correlation-request-id": "ab3a2786-f2a2-49d2-b497-35de83ad1922",
        "x-ms-request-id": "Sanitized"
      },
      "ResponseBody": {
        "etag": "Sanitized",
        "key": "key68868574630",
        "label": "3c4b63c2627043",
        "content_type": "text",
        "value": "myNewValue",
        "tags": {
          "AnotherTag": "AnotherTagValue",
          "MyTag": "TagValue"
        },
        "locked": false,
        "last_modified": "2024-06-13T14:43:33+00:00"
      }
    },
    {
      "RequestUri": "https://REDACTED/snapshots/key68868144789?api-version=2023-11-01",
      "RequestMethod": "PUT",
      "RequestHeaders": {
        "Accept": "application/vnd.microsoft.azconfig.kv+json",
        "Authorization": "Sanitized",
        "Content-Length": "64",
        "Content-Type": "application/json",
        "Date": "Thu, 13 Jun 2024 14:43:34 GMT",
        "Sync-Token": "zAJw6V16=MzoxNSM1NjAxMTg4",
        "User-Agent": "azsdk-java-azure-data-appconfiguration/1.7.0-beta.1 (21; Windows 11; 10.0)",
        "x-ms-client-request-id": "Sanitized",
        "x-ms-return-client-request-id": "true"
      },
      "RequestBody": {
        "filters": [
          {
            "key": "key68868144789-*"
          }
        ],
        "retention_period": 3600
      },
      "StatusCode": 201,
      "ResponseHeaders": {
        "Access-Control-Allow-Origin": "*",
        "Connection": "keep-alive",
        "Content-Type": "application/vnd.microsoft.appconfig.snapshot+json; charset=utf-8",
        "Date": "Thu, 13 Jun 2024 14:43:33 GMT",
        "ETag": "\"gkoUTVt6TQRuk9dvmwo96KWHcx7Tgffdcj9gIiAcCoE\"",
        "Last-Modified": "Thu, 13 Jun 2024 14:43:33 GMT",
        "Link": "</kv?snapshot=key68868144789&api-version=2023-11-01>; rel=\"items\"",
        "Operation-Location": "https://REDACTED.com",
        "Strict-Transport-Security": "max-age=31536000; includeSubDomains",
        "Sync-Token": "zAJw6V16=MzoxNSM1NjAxMTg5;sn=5601189",
        "Transfer-Encoding": "chunked",
        "x-ms-client-request-id": "Sanitized",
        "x-ms-correlation-request-id": "6bd8ff8b-0719-49ea-a723-763b2b564210",
        "x-ms-request-id": "Sanitized"
      },
      "ResponseBody": {
        "etag": "Sanitized",
        "name": "key68868144789",
        "status": "provisioning",
        "filters": [
          {
            "key": "key68868144789-*",
            "label": null,
            "tags": []
          }
        ],
        "composition_type": "key",
        "created": "2024-06-13T14:43:33+00:00",
        "size": 0,
        "items_count": 0,
        "tags": {},
        "retention_period": 3600
      }
    },
    {
      "RequestUri": "https://REDACTED/operations?api-version=2023-11-01&snapshot=key68868144789",
      "RequestMethod": "GET",
      "RequestHeaders": {
        "Accept": "application/vnd.microsoft.azconfig.kv+json",
        "Authorization": "Sanitized",
        "Content-Length": "0",
        "Content-Type": "application/json",
        "Date": "Thu, 13 Jun 2024 14:43:44 GMT",
        "Sync-Token": "zAJw6V16=MzoxNSM1NjAxMTg5",
        "User-Agent": "azsdk-java-azure-data-appconfiguration/1.7.0-beta.1 (21; Windows 11; 10.0)",
        "x-ms-client-request-id": "Sanitized",
        "x-ms-return-client-request-id": "true"
      },
      "RequestBody": null,
      "StatusCode": 200,
      "ResponseHeaders": {
        "Access-Control-Allow-Origin": "*",
        "Connection": "keep-alive",
        "Content-Type": "application/json; charset=utf-8",
        "Date": "Thu, 13 Jun 2024 14:43:44 GMT",
        "Strict-Transport-Security": "max-age=31536000; includeSubDomains",
        "Sync-Token": "zAJw6V16=MzoxNSM1NjAxMjU4;sn=5601258",
        "Transfer-Encoding": "chunked",
        "x-ms-client-request-id": "Sanitized",
        "x-ms-correlation-request-id": "0ce42287-04b7-476d-be49-014bec729074",
        "x-ms-request-id": "Sanitized"
      },
      "ResponseBody": {
        "id": "Sanitized",
        "status": "Succeeded",
        "error": null
      }
    },
    {
      "RequestUri": "https://REDACTED/snapshots/key68868144789?api-version=2023-11-01",
      "RequestMethod": "GET",
      "RequestHeaders": {
        "Accept": "application/vnd.microsoft.azconfig.kv+json",
        "Authorization": "Sanitized",
        "Content-Length": "0",
        "Content-Type": "application/json",
        "Date": "Thu, 13 Jun 2024 14:43:44 GMT",
        "Sync-Token": "zAJw6V16=MzoxNSM1NjAxMjU4",
        "User-Agent": "azsdk-java-azure-data-appconfiguration/1.7.0-beta.1 (21; Windows 11; 10.0)",
        "x-ms-client-request-id": "Sanitized",
        "x-ms-return-client-request-id": "true"
      },
      "RequestBody": null,
      "StatusCode": 200,
      "ResponseHeaders": {
        "Access-Control-Allow-Origin": "*",
        "Connection": "keep-alive",
        "Content-Type": "application/vnd.microsoft.appconfig.snapshot+json; charset=utf-8",
        "Date": "Thu, 13 Jun 2024 14:43:44 GMT",
        "ETag": "\"gkoUTVt6TQRuk9dvmwo96KWHcx7Tgffdcj9gIiAcCoE\"",
        "Last-Modified": "Thu, 13 Jun 2024 14:43:33 GMT",
        "Link": "</kv?snapshot=key68868144789&api-version=2023-11-01>; rel=\"items\"",
        "Strict-Transport-Security": "max-age=31536000; includeSubDomains",
        "Sync-Token": "zAJw6V16=MzoxNSM1NjAxMjYw;sn=5601260",
        "Transfer-Encoding": "chunked",
        "x-ms-client-request-id": "Sanitized",
        "x-ms-correlation-request-id": "818a9592-1fc1-4162-b7ac-fa50c05d8115",
        "x-ms-request-id": "Sanitized"
      },
      "ResponseBody": {
        "etag": "Sanitized",
        "name": "key68868144789",
        "status": "ready",
        "filters": [
          {
            "key": "key68868144789-*",
            "label": null,
            "tags": []
          }
        ],
        "composition_type": "key",
        "created": "2024-06-13T14:43:33+00:00",
        "size": 1000,
        "items_count": 0,
        "tags": {},
        "retention_period": 3600
      }
    },
    {
      "RequestUri": "https://REDACTED/snapshots/key68868144789?api-version=2023-11-01",
      "RequestMethod": "PATCH",
      "RequestHeaders": {
        "Accept": "application/vnd.microsoft.azconfig.kv+json",
        "Authorization": "Sanitized",
        "Content-Length": "21",
        "Content-Type": "application/json",
        "Date": "Thu, 13 Jun 2024 14:43:44 GMT",
        "Sync-Token": "zAJw6V16=MzoxNSM1NjAxMjYw",
        "User-Agent": "azsdk-java-azure-data-appconfiguration/1.7.0-beta.1 (21; Windows 11; 10.0)",
        "x-ms-client-request-id": "Sanitized",
        "x-ms-return-client-request-id": "true"
      },
      "RequestBody": {
        "status": "archived"
      },
      "StatusCode": 200,
      "ResponseHeaders": {
        "Access-Control-Allow-Origin": "*",
        "Connection": "keep-alive",
        "Content-Type": "application/vnd.microsoft.appconfig.snapshot+json; charset=utf-8",
        "Date": "Thu, 13 Jun 2024 14:43:44 GMT",
        "ETag": "\"sLmaTHHM8QjFMX7pRffpcJxHLbIIjc9KvP6qKvUF4rI\"",
        "Last-Modified": "Thu, 13 Jun 2024 14:43:33 GMT",
        "Link": "</kv?snapshot=key68868144789&api-version=2023-11-01>; rel=\"items\"",
        "Strict-Transport-Security": "max-age=31536000; includeSubDomains",
        "Sync-Token": "zAJw6V16=MzoxNSM1NjAxMjYz;sn=5601263",
        "Transfer-Encoding": "chunked",
        "x-ms-client-request-id": "Sanitized",
        "x-ms-correlation-request-id": "db54fb46-b9c9-4bdc-9f57-69076cd4c100",
        "x-ms-request-id": "Sanitized"
      },
      "ResponseBody": {
        "etag": "Sanitized",
        "name": "key68868144789",
        "status": "archived",
        "filters": [
          {
            "key": "key68868144789-*",
            "label": null,
            "tags": []
          }
        ],
        "composition_type": "key",
        "created": "2024-06-13T14:43:33+00:00",
        "expires": "2024-06-13T15:43:44.2289884+00:00",
        "size": 1000,
        "items_count": 0,
        "tags": {},
        "retention_period": 3600
      }
    },
    {
      "RequestUri": "https://REDACTED/kv?key=key68868%2A&api-version=2023-11-01&$Select=",
      "RequestMethod": "GET",
      "RequestHeaders": {
        "Accept": "application/vnd.microsoft.azconfig.kv+json",
        "Authorization": "Sanitized",
        "Content-Length": "0",
        "Content-Type": "application/json",
        "Date": "Thu, 13 Jun 2024 14:43:44 GMT",
        "Sync-Token": "zAJw6V16=MzoxNSM1NjAxMjYz",
        "User-Agent": "azsdk-java-azure-data-appconfiguration/1.7.0-beta.1 (21; Windows 11; 10.0)",
        "x-ms-client-request-id": "Sanitized",
        "x-ms-return-client-request-id": "true"
      },
      "RequestBody": null,
      "StatusCode": 200,
      "ResponseHeaders": {
        "Access-Control-Allow-Origin": "*",
        "Connection": "keep-alive",
        "Content-Type": "application/vnd.microsoft.appconfig.kvset+json; charset=utf-8",
        "Date": "Thu, 13 Jun 2024 14:43:44 GMT",
        "ETag": "\"00wWELzclWef22f82qcUDI7FbJweVOoKWZDA_JoUeD0\"",
        "Strict-Transport-Security": "max-age=31536000; includeSubDomains",
        "Sync-Token": "zAJw6V16=MzoxNSM1NjAxMjY0;sn=5601264",
        "Transfer-Encoding": "chunked",
        "x-ms-client-request-id": "Sanitized",
        "x-ms-correlation-request-id": "d2614c27-89e4-4d1f-85d4-43da447e3493",
        "x-ms-request-id": "Sanitized"
      },
      "ResponseBody": {
        "etag": "Sanitized",
        "items": []
      }
    }
  ],
  "Variables": {
    "0": "key68868",
    "1": "3c4b63c2",
    "2": "key68868574630",
    "3": "3c4b63c2627043",
    "4": "key68868144789"
  }
}
