{
  "Entries": [
    {
      "RequestUri": "https://REDACTED/kv/key37801434716?api-version=2023-11-01",
      "RequestMethod": "PUT",
      "RequestHeaders": {
        "Accept": "application/vnd.microsoft.azconfig.kv+json",
        "Authorization": "Sanitized",
        "Content-Length": "67",
        "Content-Type": "application/json",
        "Date": "Thu, 13 Jun 2024 14:44:31 GMT",
        "If-None-Match": "*",
        "Sync-Token": "",
        "User-Agent": "azsdk-java-azure-data-appconfiguration/1.7.0-beta.1 (21; Windows 11; 10.0)",
        "x-ms-client-request-id": "Sanitized",
        "x-ms-return-client-request-id": "true"
      },
      "RequestBody": {
        "key": "key37801434716",
        "value": "myValue",
        "tags": {},
        "locked": false
      },
      "StatusCode": 200,
      "ResponseHeaders": {
        "Access-Control-Allow-Origin": "*",
        "Connection": "keep-alive",
        "Content-Type": "application/vnd.microsoft.appconfig.kv+json; charset=utf-8",
        "Date": "Thu, 13 Jun 2024 14:44:32 GMT",
        "ETag": "\"Yid1Fg8Ap-E2TGqFZ3mkJBOakD-EHadaNg92u2C-vuI\"",
        "Last-Modified": "Thu, 13 Jun 2024 14:44:32 GMT",
        "Strict-Transport-Security": "max-age=31536000; includeSubDomains",
        "Sync-Token": "zAJw6V16=MzoxNSM1NjAxODQ1;sn=5601845",
        "Transfer-Encoding": "chunked",
        "x-ms-client-request-id": "Sanitized",
        "x-ms-correlation-request-id": "82e28803-1704-4301-b2db-e64a7e41076f",
        "x-ms-request-id": "Sanitized"
      },
      "ResponseBody": {
        "etag": "Sanitized",
        "key": "key37801434716",
        "label": null,
        "content_type": null,
        "value": "myValue",
        "tags": {},
        "locked": false,
        "last_modified": "2024-06-13T14:44:32+00:00"
      }
    },
    {
      "RequestUri": "https://REDACTED/kv/key37801434716?api-version=2023-11-01",
      "RequestMethod": "GET",
      "RequestHeaders": {
        "Accept": "application/vnd.microsoft.azconfig.kv+json",
        "Authorization": "Sanitized",
        "Content-Length": "0",
        "Content-Type": "application/json",
        "Date": "Thu, 13 Jun 2024 14:44:32 GMT",
        "If-None-Match": "\"Yid1Fg8Ap-E2TGqFZ3mkJBOakD-EHadaNg92u2C-vuI\"",
        "Sync-Token": "zAJw6V16=MzoxNSM1NjAxODQ1",
        "User-Agent": "azsdk-java-azure-data-appconfiguration/1.7.0-beta.1 (21; Windows 11; 10.0)",
        "x-ms-client-request-id": "Sanitized",
        "x-ms-return-client-request-id": "true"
      },
      "RequestBody": null,
      "StatusCode": 304,
      "ResponseHeaders": {
        "Access-Control-Allow-Origin": "*",
        "Connection": "keep-alive",
        "Date": "Thu, 13 Jun 2024 14:44:32 GMT",
        "Strict-Transport-Security": "max-age=31536000; includeSubDomains",
        "Sync-Token": "zAJw6V16=MzoxNSM1NjAxODQ1;sn=5601845",
        "x-ms-client-request-id": "Sanitized",
        "x-ms-correlation-request-id": "973dca46-7184-4dab-a056-d3056586515a",
        "x-ms-request-id": "Sanitized"
      },
      "ResponseBody": null
    },
    {
      "RequestUri": "https://REDACTED/kv/key37801434716?api-version=2023-11-01",
      "RequestMethod": "PUT",
      "RequestHeaders": {
        "Accept": "application/vnd.microsoft.azconfig.kv+json",
        "Authorization": "Sanitized",
        "Content-Length": "70",
        "Content-Type": "application/json",
        "Date": "Thu, 13 Jun 2024 14:44:32 GMT",
        "Sync-Token": "zAJw6V16=MzoxNSM1NjAxODQ1",
        "User-Agent": "azsdk-java-azure-data-appconfiguration/1.7.0-beta.1 (21; Windows 11; 10.0)",
        "x-ms-client-request-id": "Sanitized",
        "x-ms-return-client-request-id": "true"
      },
      "RequestBody": {
        "key": "key37801434716",
        "value": "myNewValue",
        "tags": {},
        "locked": false
      },
      "StatusCode": 200,
      "ResponseHeaders": {
        "Access-Control-Allow-Origin": "*",
        "Connection": "keep-alive",
        "Content-Type": "application/vnd.microsoft.appconfig.kv+json; charset=utf-8",
        "Date": "Thu, 13 Jun 2024 14:44:32 GMT",
        "ETag": "\"1myAKaVaP5k-Og0fZBl_1h3QSO0taqP5B7lrvP7-XA4\"",
        "Last-Modified": "Thu, 13 Jun 2024 14:44:32 GMT",
        "Strict-Transport-Security": "max-age=31536000; includeSubDomains",
        "Sync-Token": "zAJw6V16=MzoxNSM1NjAxODQ3;sn=5601847",
        "Transfer-Encoding": "chunked",
        "x-ms-client-request-id": "Sanitized",
        "x-ms-correlation-request-id": "1cd90510-47aa-43ca-ad0e-41bfa2a8b60d",
        "x-ms-request-id": "Sanitized"
      },
      "ResponseBody": {
        "etag": "Sanitized",
        "key": "key37801434716",
        "label": null,
        "content_type": null,
        "value": "myNewValue",
        "tags": {},
        "locked": false,
        "last_modified": "2024-06-13T14:44:32+00:00"
      }
    },
    {
      "RequestUri": "https://REDACTED/kv/key37801434716?api-version=2023-11-01",
      "RequestMethod": "GET",
      "RequestHeaders": {
        "Accept": "application/vnd.microsoft.azconfig.kv+json",
        "Authorization": "Sanitized",
        "Content-Length": "0",
        "Content-Type": "application/json",
        "Date": "Thu, 13 Jun 2024 14:44:32 GMT",
        "Sync-Token": "zAJw6V16=MzoxNSM1NjAxODQ3",
        "User-Agent": "azsdk-java-azure-data-appconfiguration/1.7.0-beta.1 (21; Windows 11; 10.0)",
        "x-ms-client-request-id": "Sanitized",
        "x-ms-return-client-request-id": "true"
      },
      "RequestBody": null,
      "StatusCode": 200,
      "ResponseHeaders": {
        "Access-Control-Allow-Origin": "*",
        "Connection": "keep-alive",
        "Content-Type": "application/vnd.microsoft.appconfig.kv+json; charset=utf-8",
        "Date": "Thu, 13 Jun 2024 14:44:32 GMT",
        "ETag": "\"1myAKaVaP5k-Og0fZBl_1h3QSO0taqP5B7lrvP7-XA4\"",
        "Last-Modified": "Thu, 13 Jun 2024 14:44:32 GMT",
        "Strict-Transport-Security": "max-age=31536000; includeSubDomains",
        "Sync-Token": "zAJw6V16=MzoxNSM1NjAxODQ4;sn=5601848",
        "Transfer-Encoding": "chunked",
        "x-ms-client-request-id": "Sanitized",
        "x-ms-correlation-request-id": "90c7f595-fbbf-4219-96ad-55ba945bc9ab",
        "x-ms-request-id": "Sanitized"
      },
      "ResponseBody": {
        "etag": "Sanitized",
        "key": "key37801434716",
        "label": null,
        "content_type": null,
        "value": "myNewValue",
        "tags": {},
        "locked": false,
        "last_modified": "2024-06-13T14:44:32+00:00"
      }
    },
    {
      "RequestUri": "https://REDACTED/kv?key=key37801%2A&api-version=2023-11-01&$Select=",
      "RequestMethod": "GET",
      "RequestHeaders": {
        "Accept": "application/vnd.microsoft.azconfig.kv+json",
        "Authorization": "Sanitized",
        "Content-Length": "0",
        "Content-Type": "application/json",
        "Date": "Thu, 13 Jun 2024 14:44:33 GMT",
        "Sync-Token": "zAJw6V16=MzoxNSM1NjAxODQ4",
        "User-Agent": "azsdk-java-azure-data-appconfiguration/1.7.0-beta.1 (21; Windows 11; 10.0)",
        "x-ms-client-request-id": "Sanitized",
        "x-ms-return-client-request-id": "true"
      },
      "RequestBody": null,
      "StatusCode": 200,
      "ResponseHeaders": {
        "Access-Control-Allow-Origin": "*",
        "Connection": "keep-alive",
        "Content-Type": "application/vnd.microsoft.appconfig.kvset+json; charset=utf-8",
        "Date": "Thu, 13 Jun 2024 14:44:32 GMT",
        "ETag": "\"5woabtsy3be6PY_giHdBJSlKqIBkAj5oy_YlSBHvhp4\"",
        "Strict-Transport-Security": "max-age=31536000; includeSubDomains",
        "Sync-Token": "zAJw6V16=MzoxNSM1NjAxODQ4;sn=5601848",
        "Transfer-Encoding": "chunked",
        "x-ms-client-request-id": "Sanitized",
        "x-ms-correlation-request-id": "a83c073b-d5e8-4276-9c6f-e5c7d1678963",
        "x-ms-request-id": "Sanitized"
      },
      "ResponseBody": {
        "etag": "Sanitized",
        "items": [
          {
            "etag": "Sanitized",
            "key": "key37801434716",
            "label": null,
            "content_type": null,
            "value": "myNewValue",
            "tags": {},
            "locked": false,
            "last_modified": "2024-06-13T14:44:32+00:00"
          }
        ]
      }
    },
    {
      "RequestUri": "https://REDACTED/kv/key37801434716?api-version=2023-11-01",
      "RequestMethod": "DELETE",
      "RequestHeaders": {
        "Accept": "application/vnd.microsoft.azconfig.kv+json",
        "Authorization": "Sanitized",
        "Content-Length": "0",
        "Content-Type": "application/json",
        "Date": "Thu, 13 Jun 2024 14:44:33 GMT",
        "Sync-Token": "zAJw6V16=MzoxNSM1NjAxODQ4",
        "User-Agent": "azsdk-java-azure-data-appconfiguration/1.7.0-beta.1 (21; Windows 11; 10.0)",
        "x-ms-client-request-id": "Sanitized",
        "x-ms-return-client-request-id": "true"
      },
      "RequestBody": null,
      "StatusCode": 200,
      "ResponseHeaders": {
        "Access-Control-Allow-Origin": "*",
        "Connection": "keep-alive",
        "Content-Type": "application/vnd.microsoft.appconfig.kv+json; charset=utf-8",
        "Date": "Thu, 13 Jun 2024 14:44:32 GMT",
        "ETag": "\"1myAKaVaP5k-Og0fZBl_1h3QSO0taqP5B7lrvP7-XA4\"",
        "Last-Modified": "Thu, 13 Jun 2024 14:44:32 GMT",
        "Strict-Transport-Security": "max-age=31536000; includeSubDomains",
        "Sync-Token": "zAJw6V16=MzoxNSM1NjAxODQ5;sn=5601849",
        "Transfer-Encoding": "chunked",
        "x-ms-client-request-id": "Sanitized",
        "x-ms-correlation-request-id": "9106d86a-1e6d-41f2-99d9-4de901429ee7",
        "x-ms-request-id": "Sanitized"
      },
      "ResponseBody": {
        "etag": "Sanitized",
        "key": "key37801434716",
        "label": null,
        "content_type": null,
        "value": "myNewValue",
        "tags": {},
        "locked": false,
        "last_modified": "2024-06-13T14:44:32+00:00"
      }
    }
  ],
  "Variables": {
    "0": "key37801",
    "1": "7b9597a7",
    "2": "key37801434716"
  }
}
