{
  "Entries": [
    {
      "RequestUri": "https://REDACTED/kv/key59254560110?api-version=2023-11-01",
      "RequestMethod": "PUT",
      "RequestHeaders": {
        "Accept": "application/vnd.microsoft.azconfig.kv+json",
        "Authorization": "Sanitized",
        "Content-Length": "79",
        "Content-Type": "application/json",
        "Date": "Thu, 13 Jun 2024 21:07:03 GMT",
        "If-None-Match": "*",
        "Sync-Token": "",
        "User-Agent": "azsdk-java-azure-data-appconfiguration/1.7.0-beta.1 (21; Windows 11; 10.0)",
        "x-ms-client-request-id": "Sanitized",
        "x-ms-return-client-request-id": "true"
      },
      "RequestBody": {
        "key": "key59254560110",
        "value": "myNeverDeletedValue",
        "tags": {},
        "locked": false
      },
      "StatusCode": 200,
      "ResponseHeaders": {
        "Access-Control-Allow-Origin": "*",
        "Connection": "keep-alive",
        "Content-Type": "application/vnd.microsoft.appconfig.kv+json; charset=utf-8",
        "Date": "Thu, 13 Jun 2024 21:07:04 GMT",
        "ETag": "\"r-G-VLXla-wI-fs18Z4D3wZeZaXVp2-c_ZBszAKQnuU\"",
        "Last-Modified": "Thu, 13 Jun 2024 21:07:04 GMT",
        "Strict-Transport-Security": "max-age=31536000; includeSubDomains",
        "Sync-Token": "zAJw6V16=MzoxNSM1NjAzMzAx;sn=5603301",
        "Transfer-Encoding": "chunked",
        "x-ms-client-request-id": "Sanitized",
        "x-ms-correlation-request-id": "e9950812-d079-43db-9069-7fe890f41c52",
        "x-ms-request-id": "Sanitized"
      },
      "ResponseBody": {
        "etag": "Sanitized",
        "key": "key59254560110",
        "label": null,
        "content_type": null,
        "value": "myNeverDeletedValue",
        "tags": {},
        "locked": false,
        "last_modified": "2024-06-13T21:07:04+00:00"
      }
    },
    {
      "RequestUri": "https://REDACTED/kv/myNonExistentKey?api-version=2023-11-01",
      "RequestMethod": "DELETE",
      "RequestHeaders": {
        "Accept": "application/vnd.microsoft.azconfig.kv+json",
        "Authorization": "Sanitized",
        "Content-Length": "0",
        "Content-Type": "application/json",
        "Date": "Thu, 13 Jun 2024 21:07:05 GMT",
        "Sync-Token": "zAJw6V16=MzoxNSM1NjAzMzAx",
        "User-Agent": "azsdk-java-azure-data-appconfiguration/1.7.0-beta.1 (21; Windows 11; 10.0)",
        "x-ms-client-request-id": "Sanitized",
        "x-ms-return-client-request-id": "true"
      },
      "RequestBody": null,
      "StatusCode": 204,
      "ResponseHeaders": {
        "Access-Control-Allow-Origin": "*",
        "Connection": "keep-alive",
        "Content-Length": "0",
        "Date": "Thu, 13 Jun 2024 21:07:04 GMT",
        "Strict-Transport-Security": "max-age=31536000; includeSubDomains",
        "Sync-Token": "zAJw6V16=MzoxNSM1NjAzMzAz;sn=5603303",
        "x-ms-client-request-id": "Sanitized",
        "x-ms-correlation-request-id": "017e61c3-9c38-428b-93c2-00aaf115d753",
        "x-ms-request-id": "Sanitized"
      },
      "ResponseBody": null
    },
    {
      "RequestUri": "https://REDACTED/kv/key59254560110?label=myNonExistentLabel&api-version=2023-11-01",
      "RequestMethod": "DELETE",
      "RequestHeaders": {
        "Accept": "application/vnd.microsoft.azconfig.kv+json",
        "Authorization": "Sanitized",
        "Content-Length": "0",
        "Content-Type": "application/json",
        "Date": "Thu, 13 Jun 2024 21:07:05 GMT",
        "Sync-Token": "zAJw6V16=MzoxNSM1NjAzMzAz",
        "User-Agent": "azsdk-java-azure-data-appconfiguration/1.7.0-beta.1 (21; Windows 11; 10.0)",
        "x-ms-client-request-id": "Sanitized",
        "x-ms-return-client-request-id": "true"
      },
      "RequestBody": null,
      "StatusCode": 204,
      "ResponseHeaders": {
        "Access-Control-Allow-Origin": "*",
        "Connection": "keep-alive",
        "Content-Length": "0",
        "Date": "Thu, 13 Jun 2024 21:07:04 GMT",
        "Strict-Transport-Security": "max-age=31536000; includeSubDomains",
        "Sync-Token": "zAJw6V16=MzoxNSM1NjAzMzA2;sn=5603306",
        "x-ms-client-request-id": "Sanitized",
        "x-ms-correlation-request-id": "0e9f4465-d25a-4e42-9a82-ef3772e5dda7",
        "x-ms-request-id": "Sanitized"
      },
      "ResponseBody": null
    },
    {
      "RequestUri": "https://REDACTED/kv/key59254560110?api-version=2023-11-01",
      "RequestMethod": "GET",
      "RequestHeaders": {
        "Accept": "application/vnd.microsoft.azconfig.kv+json",
        "Authorization": "Sanitized",
        "Content-Length": "0",
        "Content-Type": "application/json",
        "Date": "Thu, 13 Jun 2024 21:07:05 GMT",
        "Sync-Token": "zAJw6V16=MzoxNSM1NjAzMzA2",
        "User-Agent": "azsdk-java-azure-data-appconfiguration/1.7.0-beta.1 (21; Windows 11; 10.0)",
        "x-ms-client-request-id": "Sanitized",
        "x-ms-return-client-request-id": "true"
      },
      "RequestBody": null,
      "StatusCode": 200,
      "ResponseHeaders": {
        "Access-Control-Allow-Origin": "*",
        "Connection": "keep-alive",
        "Content-Type": "application/vnd.microsoft.appconfig.kv+json; charset=utf-8",
        "Date": "Thu, 13 Jun 2024 21:07:04 GMT",
        "ETag": "\"r-G-VLXla-wI-fs18Z4D3wZeZaXVp2-c_ZBszAKQnuU\"",
        "Last-Modified": "Thu, 13 Jun 2024 21:07:04 GMT",
        "Strict-Transport-Security": "max-age=31536000; includeSubDomains",
        "Sync-Token": "zAJw6V16=MzoxNSM1NjAzMzA5;sn=5603309",
        "Transfer-Encoding": "chunked",
        "x-ms-client-request-id": "Sanitized",
        "x-ms-correlation-request-id": "fc58aa63-0fdd-46f7-954e-f75fa66550b2",
        "x-ms-request-id": "Sanitized"
      },
      "ResponseBody": {
        "etag": "Sanitized",
        "key": "key59254560110",
        "label": null,
        "content_type": null,
        "value": "myNeverDeletedValue",
        "tags": {},
        "locked": false,
        "last_modified": "2024-06-13T21:07:04+00:00"
      }
    },
    {
      "RequestUri": "https://REDACTED/kv?key=key59254%2A&api-version=2023-11-01&$Select=",
      "RequestMethod": "GET",
      "RequestHeaders": {
        "Accept": "application/vnd.microsoft.azconfig.kv+json",
        "Authorization": "Sanitized",
        "Content-Length": "0",
        "Content-Type": "application/json",
        "Date": "Thu, 13 Jun 2024 21:07:05 GMT",
        "Sync-Token": "zAJw6V16=MzoxNSM1NjAzMzA5",
        "User-Agent": "azsdk-java-azure-data-appconfiguration/1.7.0-beta.1 (21; Windows 11; 10.0)",
        "x-ms-client-request-id": "Sanitized",
        "x-ms-return-client-request-id": "true"
      },
      "RequestBody": null,
      "StatusCode": 200,
      "ResponseHeaders": {
        "Access-Control-Allow-Origin": "*",
        "Connection": "keep-alive",
        "Content-Type": "application/vnd.microsoft.appconfig.kvset+json; charset=utf-8",
        "Date": "Thu, 13 Jun 2024 21:07:04 GMT",
        "ETag": "\"0oklU5lmwHc4vsESdl_gHlV8wdAaN_MejR5mMQDBFL0\"",
        "Strict-Transport-Security": "max-age=31536000; includeSubDomains",
        "Sync-Token": "zAJw6V16=MzoxNSM1NjAzMzEx;sn=5603311",
        "Transfer-Encoding": "chunked",
        "x-ms-client-request-id": "Sanitized",
        "x-ms-correlation-request-id": "1c93f777-bfed-47cb-8070-687813cf90c9",
        "x-ms-request-id": "Sanitized"
      },
      "ResponseBody": {
        "etag": "Sanitized",
        "items": [
          {
            "etag": "Sanitized",
            "key": "key59254560110",
            "label": null,
            "content_type": null,
            "value": "myNeverDeletedValue",
            "tags": {},
            "locked": false,
            "last_modified": "2024-06-13T21:07:04+00:00"
          }
        ]
      }
    },
    {
      "RequestUri": "https://REDACTED/kv/key59254560110?api-version=2023-11-01",
      "RequestMethod": "DELETE",
      "RequestHeaders": {
        "Accept": "application/vnd.microsoft.azconfig.kv+json",
        "Authorization": "Sanitized",
        "Content-Length": "0",
        "Content-Type": "application/json",
        "Date": "Thu, 13 Jun 2024 21:07:05 GMT",
        "Sync-Token": "zAJw6V16=MzoxNSM1NjAzMzEx",
        "User-Agent": "azsdk-java-azure-data-appconfiguration/1.7.0-beta.1 (21; Windows 11; 10.0)",
        "x-ms-client-request-id": "Sanitized",
        "x-ms-return-client-request-id": "true"
      },
      "RequestBody": null,
      "StatusCode": 200,
      "ResponseHeaders": {
        "Access-Control-Allow-Origin": "*",
        "Connection": "keep-alive",
        "Content-Type": "application/vnd.microsoft.appconfig.kv+json; charset=utf-8",
        "Date": "Thu, 13 Jun 2024 21:07:04 GMT",
        "ETag": "\"r-G-VLXla-wI-fs18Z4D3wZeZaXVp2-c_ZBszAKQnuU\"",
        "Last-Modified": "Thu, 13 Jun 2024 21:07:04 GMT",
        "Strict-Transport-Security": "max-age=31536000; includeSubDomains",
        "Sync-Token": "zAJw6V16=MzoxNSM1NjAzMzE1;sn=5603315",
        "Transfer-Encoding": "chunked",
        "x-ms-client-request-id": "Sanitized",
        "x-ms-correlation-request-id": "2540804b-efb8-45a2-84e0-927b08d8e787",
        "x-ms-request-id": "Sanitized"
      },
      "ResponseBody": {
        "etag": "Sanitized",
        "key": "key59254560110",
        "label": null,
        "content_type": null,
        "value": "myNeverDeletedValue",
        "tags": {},
        "locked": false,
        "last_modified": "2024-06-13T21:07:04+00:00"
      }
    }
  ],
  "Variables": {
    "0": "key59254",
    "1": "label46308",
    "2": "key59254560110"
  }
}
