{
  "Entries": [
    {
      "RequestUri": "https://REDACTED/kv/key96326790867?api-version=2023-11-01",
      "RequestMethod": "PUT",
      "RequestHeaders": {
        "Accept": "application/vnd.microsoft.azconfig.kv+json",
        "Authorization": "Sanitized",
        "Content-Length": "67",
        "Content-Type": "application/json",
        "Date": "Sun, 09 Jun 2024 20:35:54 GMT",
        "If-None-Match": "*",
        "Sync-Token": "",
        "User-Agent": "azsdk-java-azure-data-appconfiguration/1.6.1 (21; Windows 11; 10.0)",
        "x-ms-client-request-id": "Sanitized",
        "x-ms-content-sha256": "Sanitized",
        "x-ms-return-client-request-id": "true"
      },
      "RequestBody": {
        "key": "key96326790867",
        "value": "myValue",
        "tags": {},
        "locked": false
      },
      "StatusCode": 200,
      "ResponseHeaders": {
        "Access-Control-Allow-Origin": "*",
        "Connection": "keep-alive",
        "Content-Type": "application/vnd.microsoft.appconfig.kv+json; charset=utf-8",
        "Date": "Sun, 09 Jun 2024 20:35:54 GMT",
        "ETag": "\"1XowAHln1Dg_5GjIZisOhSRReRx2lDMtskeWq9d_wBE\"",
        "Last-Modified": "Sun, 09 Jun 2024 20:35:54 GMT",
        "Strict-Transport-Security": "max-age=31536000; includeSubDomains",
        "Sync-Token": "zAJw6V16=MzoxNSM1NTkwMTg2;sn=5590186",
        "Transfer-Encoding": "chunked",
        "x-ms-client-request-id": "Sanitized",
        "x-ms-correlation-request-id": "dcc2946e-d582-4d8f-81a5-94e8862773a1",
        "x-ms-request-id": "Sanitized"
      },
      "ResponseBody": {
        "etag": "Sanitized",
        "key": "key96326790867",
        "label": null,
        "content_type": null,
        "value": "myValue",
        "tags": {},
        "locked": false,
        "last_modified": "2024-06-09T20:35:54+00:00"
      }
    },
    {
      "RequestUri": "https://REDACTED/locks/key96326790867?api-version=2023-11-01",
      "RequestMethod": "PUT",
      "RequestHeaders": {
        "Accept": "application/vnd.microsoft.azconfig.kv+json",
        "Authorization": "Sanitized",
        "Content-Length": "0",
        "Content-Type": "application/json",
        "Date": "Sun, 09 Jun 2024 20:35:54 GMT",
        "Sync-Token": "zAJw6V16=MzoxNSM1NTkwMTg2",
        "User-Agent": "azsdk-java-azure-data-appconfiguration/1.6.1 (21; Windows 11; 10.0)",
        "x-ms-client-request-id": "Sanitized",
        "x-ms-content-sha256": "Sanitized",
        "x-ms-return-client-request-id": "true"
      },
      "RequestBody": null,
      "StatusCode": 200,
      "ResponseHeaders": {
        "Access-Control-Allow-Origin": "*",
        "Connection": "keep-alive",
        "Content-Type": "application/vnd.microsoft.appconfig.kv+json; charset=utf-8",
        "Date": "Sun, 09 Jun 2024 20:35:54 GMT",
        "ETag": "\"8IQ32CbQWd9CE_df-A6VuUP3cXfbkRTudPjDT1qBOZg\"",
        "Last-Modified": "Sun, 09 Jun 2024 20:35:54 GMT",
        "Strict-Transport-Security": "max-age=31536000; includeSubDomains",
        "Sync-Token": "zAJw6V16=MzoxNSM1NTkwMTg4;sn=5590188",
        "Transfer-Encoding": "chunked",
        "x-ms-client-request-id": "Sanitized",
        "x-ms-correlation-request-id": "91fce7a9-22cd-4d75-9490-6f296f0c464e",
        "x-ms-request-id": "Sanitized"
      },
      "ResponseBody": {
        "etag": "Sanitized",
        "key": "key96326790867",
        "label": null,
        "content_type": null,
        "value": "myValue",
        "tags": {},
        "locked": true,
        "last_modified": "2024-06-09T20:35:54+00:00"
      }
    },
    {
      "RequestUri": "https://REDACTED/kv/key96326790867?api-version=2023-11-01",
      "RequestMethod": "DELETE",
      "RequestHeaders": {
        "Accept": "application/vnd.microsoft.azconfig.kv+json",
        "Authorization": "Sanitized",
        "Content-Length": "0",
        "Content-Type": "application/json",
        "Date": "Sun, 09 Jun 2024 20:35:54 GMT",
        "Sync-Token": "zAJw6V16=MzoxNSM1NTkwMTg4",
        "User-Agent": "azsdk-java-azure-data-appconfiguration/1.6.1 (21; Windows 11; 10.0)",
        "x-ms-client-request-id": "Sanitized",
        "x-ms-content-sha256": "Sanitized",
        "x-ms-return-client-request-id": "true"
      },
      "RequestBody": null,
      "StatusCode": 409,
      "ResponseHeaders": {
        "Access-Control-Allow-Origin": "*",
        "Connection": "keep-alive",
        "Content-Type": "application/problem+json; charset=utf-8",
        "Date": "Sun, 09 Jun 2024 20:35:54 GMT",
        "Strict-Transport-Security": "max-age=31536000; includeSubDomains",
        "Sync-Token": "zAJw6V16=MzoxNSM1NTkwMTkw;sn=5590190",
        "Transfer-Encoding": "chunked",
        "x-ms-client-request-id": "Sanitized",
        "x-ms-correlation-request-id": "367d9645-04b4-44a2-b387-805cf918d6bc",
        "x-ms-request-id": "Sanitized"
      },
      "ResponseBody": {
        "type": "https://azconfig.io/errors/key-locked",
        "title": "Modifing key 'key96326790867' is not allowed",
        "name": "key96326790867",
        "detail": "The key is read-only. To allow modification unlock it first.",
        "status": 409
      }
    },
    {
      "RequestUri": "https://REDACTED/locks/key96326790867?api-version=2023-11-01",
      "RequestMethod": "DELETE",
      "RequestHeaders": {
        "Accept": "application/vnd.microsoft.azconfig.kv+json",
        "Authorization": "Sanitized",
        "Content-Length": "0",
        "Content-Type": "application/json",
        "Date": "Sun, 09 Jun 2024 20:35:54 GMT",
        "Sync-Token": "zAJw6V16=MzoxNSM1NTkwMTkw",
        "User-Agent": "azsdk-java-azure-data-appconfiguration/1.6.1 (21; Windows 11; 10.0)",
        "x-ms-client-request-id": "Sanitized",
        "x-ms-content-sha256": "Sanitized",
        "x-ms-return-client-request-id": "true"
      },
      "RequestBody": null,
      "StatusCode": 200,
      "ResponseHeaders": {
        "Access-Control-Allow-Origin": "*",
        "Connection": "keep-alive",
        "Content-Type": "application/vnd.microsoft.appconfig.kv+json; charset=utf-8",
        "Date": "Sun, 09 Jun 2024 20:35:54 GMT",
        "ETag": "\"TiCmkxEXjLtNOA7u7WPmK539hS7_cixWBlei8xaImls\"",
        "Last-Modified": "Sun, 09 Jun 2024 20:35:54 GMT",
        "Strict-Transport-Security": "max-age=31536000; includeSubDomains",
        "Sync-Token": "zAJw6V16=MzoxNSM1NTkwMTkz;sn=5590193",
        "Transfer-Encoding": "chunked",
        "x-ms-client-request-id": "Sanitized",
        "x-ms-correlation-request-id": "58b4cd3d-3b2c-4bb3-9cd5-d253de755f3b",
        "x-ms-request-id": "Sanitized"
      },
      "ResponseBody": {
        "etag": "Sanitized",
        "key": "key96326790867",
        "label": null,
        "content_type": null,
        "value": "myValue",
        "tags": {},
        "locked": false,
        "last_modified": "2024-06-09T20:35:54+00:00"
      }
    },
    {
      "RequestUri": "https://REDACTED/kv/key96326790867?api-version=2023-11-01",
      "RequestMethod": "DELETE",
      "RequestHeaders": {
        "Accept": "application/vnd.microsoft.azconfig.kv+json",
        "Authorization": "Sanitized",
        "Content-Length": "0",
        "Content-Type": "application/json",
        "Date": "Sun, 09 Jun 2024 20:35:54 GMT",
        "Sync-Token": "zAJw6V16=MzoxNSM1NTkwMTkz",
        "User-Agent": "azsdk-java-azure-data-appconfiguration/1.6.1 (21; Windows 11; 10.0)",
        "x-ms-client-request-id": "Sanitized",
        "x-ms-content-sha256": "Sanitized",
        "x-ms-return-client-request-id": "true"
      },
      "RequestBody": null,
      "StatusCode": 200,
      "ResponseHeaders": {
        "Access-Control-Allow-Origin": "*",
        "Connection": "keep-alive",
        "Content-Type": "application/vnd.microsoft.appconfig.kv+json; charset=utf-8",
        "Date": "Sun, 09 Jun 2024 20:35:54 GMT",
        "ETag": "\"TiCmkxEXjLtNOA7u7WPmK539hS7_cixWBlei8xaImls\"",
        "Last-Modified": "Sun, 09 Jun 2024 20:35:54 GMT",
        "Strict-Transport-Security": "max-age=31536000; includeSubDomains",
        "Sync-Token": "zAJw6V16=MzoxNSM1NTkwMTk2;sn=5590196",
        "Transfer-Encoding": "chunked",
        "x-ms-client-request-id": "Sanitized",
        "x-ms-correlation-request-id": "f3adcadb-c187-4862-97cb-0c4a10a31484",
        "x-ms-request-id": "Sanitized"
      },
      "ResponseBody": {
        "etag": "Sanitized",
        "key": "key96326790867",
        "label": null,
        "content_type": null,
        "value": "myValue",
        "tags": {},
        "locked": false,
        "last_modified": "2024-06-09T20:35:54+00:00"
      }
    },
    {
      "RequestUri": "https://REDACTED/kv?key=key96326%2A&api-version=2023-11-01&$Select=",
      "RequestMethod": "GET",
      "RequestHeaders": {
        "Accept": "application/vnd.microsoft.azconfig.kv+json",
        "Authorization": "Sanitized",
        "Content-Length": "0",
        "Content-Type": "application/json",
        "Date": "Sun, 09 Jun 2024 20:35:54 GMT",
        "Sync-Token": "zAJw6V16=MzoxNSM1NTkwMTk2",
        "User-Agent": "azsdk-java-azure-data-appconfiguration/1.6.1 (21; Windows 11; 10.0)",
        "x-ms-client-request-id": "Sanitized",
        "x-ms-content-sha256": "Sanitized",
        "x-ms-return-client-request-id": "true"
      },
      "RequestBody": null,
      "StatusCode": 200,
      "ResponseHeaders": {
        "Access-Control-Allow-Origin": "*",
        "Connection": "keep-alive",
        "Content-Type": "application/vnd.microsoft.appconfig.kvset+json; charset=utf-8",
        "Date": "Sun, 09 Jun 2024 20:35:54 GMT",
        "ETag": "\"00wWELzclWef22f82qcUDI7FbJweVOoKWZDA_JoUeD0\"",
        "Strict-Transport-Security": "max-age=31536000; includeSubDomains",
        "Sync-Token": "zAJw6V16=MzoxNSM1NTkwMTk3;sn=5590197",
        "Transfer-Encoding": "chunked",
        "x-ms-client-request-id": "Sanitized",
        "x-ms-correlation-request-id": "eec06997-e4bd-4392-9abf-5dcce0300b9a",
        "x-ms-request-id": "Sanitized"
      },
      "ResponseBody": {
        "etag": "Sanitized",
        "items": []
      }
    }
  ],
  "Variables": {
    "0": "key96326",
    "1": "57c97015",
    "2": "key96326790867"
  }
}
