{
  "Entries": [
    {
      "RequestUri": "https://REDACTED/kv/key75300313687?api-version=2023-10-01",
      "RequestMethod": "PUT",
      "RequestHeaders": {
        "Accept": "application/vnd.microsoft.azconfig.kv\u002Bjson",
        "Authorization": "Sanitized",
        "Content-Length": "70",
        "Content-Type": "application/json",
        "Date": "Thu, 02 Nov 2023 00:15:40 GMT",
        "If-None-Match": "*",
        "Sync-Token": "",
        "User-Agent": "azsdk-java-azure-data-appconfiguration/1.5.0-beta.3 (21; Windows 11; 10.0)",
        "x-ms-client-request-id": "3ec0183b-28a8-44cd-aa88-5258996b03f4",
        "x-ms-content-sha256": "tsZDiKl5NfcbKAcYL5TIb2w1OXVPvGwf4YRXuc3rW4w=",
        "x-ms-return-client-request-id": "true"
      },
      "RequestBody": {
        "key": "key75300313687",
        "value": "myNewValue",
        "tags": {},
        "locked": false
      },
      "StatusCode": 200,
      "ResponseHeaders": {
        "Access-Control-Allow-Origin": "*",
        "Connection": "keep-alive",
        "Content-Type": "application/vnd.microsoft.appconfig.kv\u002Bjson; charset=utf-8",
        "Date": "Thu, 02 Nov 2023 00:15:40 GMT",
        "ETag": "\u0022ycs226PAW08hPP944g7-7LazAvnIx7DJKlV9mxLIQrg\u0022",
        "Last-Modified": "Thu, 02 Nov 2023 00:15:40 GMT",
        "Strict-Transport-Security": "max-age=15724800; includeSubDomains",
        "Sync-Token": "zAJw6V16=NjoxNSM1MzI1Mzg5;sn=5325389",
        "Transfer-Encoding": "chunked",
        "x-ms-client-request-id": "3ec0183b-28a8-44cd-aa88-5258996b03f4",
        "x-ms-correlation-request-id": "03cb1941-870b-4748-84eb-cbbf8d9e96ac",
        "x-ms-request-id": "03cb1941-870b-4748-84eb-cbbf8d9e96ac"
      },
      "ResponseBody": {
        "etag": "ycs226PAW08hPP944g7-7LazAvnIx7DJKlV9mxLIQrg",
        "key": "key75300313687",
        "label": null,
        "content_type": null,
        "value": "myNewValue",
        "tags": {},
        "locked": false,
        "last_modified": "2023-11-02T00:15:40\u002B00:00"
      }
    },
    {
      "RequestUri": "https://REDACTED/kv/key75300313687?api-version=2023-10-01",
      "RequestMethod": "GET",
      "RequestHeaders": {
        "Accept": "application/vnd.microsoft.azconfig.kv\u002Bjson",
        "Authorization": "Sanitized",
        "Content-Length": "0",
        "Content-Type": "application/json",
        "Date": "Thu, 02 Nov 2023 00:15:40 GMT",
        "Sync-Token": "zAJw6V16=NjoxNSM1MzI1Mzg5",
        "User-Agent": "azsdk-java-azure-data-appconfiguration/1.5.0-beta.3 (21; Windows 11; 10.0)",
        "x-ms-client-request-id": "39294d25-d98e-4451-96f2-647e39f6891b",
        "x-ms-content-sha256": "47DEQpj8HBSa\u002B/TImW\u002B5JCeuQeRkm5NMpJWZG3hSuFU=",
        "x-ms-return-client-request-id": "true"
      },
      "RequestBody": null,
      "StatusCode": 200,
      "ResponseHeaders": {
        "Access-Control-Allow-Origin": "*",
        "Connection": "keep-alive",
        "Content-Type": "application/vnd.microsoft.appconfig.kv\u002Bjson; charset=utf-8",
        "Date": "Thu, 02 Nov 2023 00:15:40 GMT",
        "ETag": "\u0022ycs226PAW08hPP944g7-7LazAvnIx7DJKlV9mxLIQrg\u0022",
        "Last-Modified": "Thu, 02 Nov 2023 00:15:40 GMT",
        "Strict-Transport-Security": "max-age=15724800; includeSubDomains",
        "Sync-Token": "zAJw6V16=NjoxNSM1MzI1Mzkx;sn=5325391",
        "Transfer-Encoding": "chunked",
        "x-ms-client-request-id": "39294d25-d98e-4451-96f2-647e39f6891b",
        "x-ms-correlation-request-id": "5fa491e1-743f-42c5-bf99-fd37a95487ea",
        "x-ms-request-id": "5fa491e1-743f-42c5-bf99-fd37a95487ea"
      },
      "ResponseBody": {
        "etag": "ycs226PAW08hPP944g7-7LazAvnIx7DJKlV9mxLIQrg",
        "key": "key75300313687",
        "label": null,
        "content_type": null,
        "value": "myNewValue",
        "tags": {},
        "locked": false,
        "last_modified": "2023-11-02T00:15:40\u002B00:00"
      }
    },
    {
      "RequestUri": "https://REDACTED/kv/key75300313687?label=myLabel\u0026api-version=2023-10-01",
      "RequestMethod": "PUT",
      "RequestHeaders": {
        "Accept": "application/vnd.microsoft.azconfig.kv\u002Bjson",
        "Authorization": "Sanitized",
        "Content-Length": "88",
        "Content-Type": "application/json",
        "Date": "Thu, 02 Nov 2023 00:15:40 GMT",
        "If-None-Match": "*",
        "Sync-Token": "zAJw6V16=NjoxNSM1MzI1Mzkx",
        "User-Agent": "azsdk-java-azure-data-appconfiguration/1.5.0-beta.3 (21; Windows 11; 10.0)",
        "x-ms-client-request-id": "3bf7d14c-0229-4c63-9488-a7e4cf05c0da",
        "x-ms-content-sha256": "efg0yyfWCEzlkvp7JGHFX3Rm8EZb9LLGdkQ3B9uyWiM=",
        "x-ms-return-client-request-id": "true"
      },
      "RequestBody": {
        "key": "key75300313687",
        "label": "myLabel",
        "value": "myNewValue",
        "tags": {},
        "locked": false
      },
      "StatusCode": 200,
      "ResponseHeaders": {
        "Access-Control-Allow-Origin": "*",
        "Connection": "keep-alive",
        "Content-Type": "application/vnd.microsoft.appconfig.kv\u002Bjson; charset=utf-8",
        "Date": "Thu, 02 Nov 2023 00:15:40 GMT",
        "ETag": "\u0022qGHtUPOgNy1jaP8emml5JmGHMrS68jfnGG23ThvG6TA\u0022",
        "Last-Modified": "Thu, 02 Nov 2023 00:15:40 GMT",
        "Strict-Transport-Security": "max-age=15724800; includeSubDomains",
        "Sync-Token": "zAJw6V16=NjoxNSM1MzI1Mzk0;sn=5325394",
        "Transfer-Encoding": "chunked",
        "x-ms-client-request-id": "3bf7d14c-0229-4c63-9488-a7e4cf05c0da",
        "x-ms-correlation-request-id": "1ac6ec73-177a-445a-be63-82cb13248233",
        "x-ms-request-id": "1ac6ec73-177a-445a-be63-82cb13248233"
      },
      "ResponseBody": {
        "etag": "qGHtUPOgNy1jaP8emml5JmGHMrS68jfnGG23ThvG6TA",
        "key": "key75300313687",
        "label": "myLabel",
        "content_type": null,
        "value": "myNewValue",
        "tags": {},
        "locked": false,
        "last_modified": "2023-11-02T00:15:40\u002B00:00"
      }
    },
    {
      "RequestUri": "https://REDACTED/kv/key75300313687?label=myLabel\u0026api-version=2023-10-01",
      "RequestMethod": "GET",
      "RequestHeaders": {
        "Accept": "application/vnd.microsoft.azconfig.kv\u002Bjson",
        "Authorization": "Sanitized",
        "Content-Length": "0",
        "Content-Type": "application/json",
        "Date": "Thu, 02 Nov 2023 00:15:40 GMT",
        "Sync-Token": "zAJw6V16=NjoxNSM1MzI1Mzk0",
        "User-Agent": "azsdk-java-azure-data-appconfiguration/1.5.0-beta.3 (21; Windows 11; 10.0)",
        "x-ms-client-request-id": "440e8c2c-8e8e-46b3-a616-83e204d389fc",
        "x-ms-content-sha256": "47DEQpj8HBSa\u002B/TImW\u002B5JCeuQeRkm5NMpJWZG3hSuFU=",
        "x-ms-return-client-request-id": "true"
      },
      "RequestBody": null,
      "StatusCode": 200,
      "ResponseHeaders": {
        "Access-Control-Allow-Origin": "*",
        "Connection": "keep-alive",
        "Content-Type": "application/vnd.microsoft.appconfig.kv\u002Bjson; charset=utf-8",
        "Date": "Thu, 02 Nov 2023 00:15:40 GMT",
        "ETag": "\u0022qGHtUPOgNy1jaP8emml5JmGHMrS68jfnGG23ThvG6TA\u0022",
        "Last-Modified": "Thu, 02 Nov 2023 00:15:40 GMT",
        "Strict-Transport-Security": "max-age=15724800; includeSubDomains",
        "Sync-Token": "zAJw6V16=NjoxNSM1MzI1Mzk2;sn=5325396",
        "Transfer-Encoding": "chunked",
        "x-ms-client-request-id": "440e8c2c-8e8e-46b3-a616-83e204d389fc",
        "x-ms-correlation-request-id": "e71abb9d-dbd1-4591-8921-8d093b7334d3",
        "x-ms-request-id": "e71abb9d-dbd1-4591-8921-8d093b7334d3"
      },
      "ResponseBody": {
        "etag": "qGHtUPOgNy1jaP8emml5JmGHMrS68jfnGG23ThvG6TA",
        "key": "key75300313687",
        "label": "myLabel",
        "content_type": null,
        "value": "myNewValue",
        "tags": {},
        "locked": false,
        "last_modified": "2023-11-02T00:15:40\u002B00:00"
      }
    },
    {
      "RequestUri": "https://REDACTED/kv?key=key75300%2A\u0026api-version=2023-10-01\u0026$Select=",
      "RequestMethod": "GET",
      "RequestHeaders": {
        "Accept": "application/vnd.microsoft.azconfig.kv\u002Bjson",
        "Authorization": "Sanitized",
        "Content-Length": "0",
        "Content-Type": "application/json",
        "Date": "Thu, 02 Nov 2023 00:15:40 GMT",
        "Sync-Token": "zAJw6V16=NjoxNSM1MzI1Mzk2",
        "User-Agent": "azsdk-java-azure-data-appconfiguration/1.5.0-beta.3 (21; Windows 11; 10.0)",
        "x-ms-client-request-id": "2c289a40-817f-4658-b617-1cecba5bb636",
        "x-ms-content-sha256": "47DEQpj8HBSa\u002B/TImW\u002B5JCeuQeRkm5NMpJWZG3hSuFU=",
        "x-ms-return-client-request-id": "true"
      },
      "RequestBody": null,
      "StatusCode": 200,
      "ResponseHeaders": {
        "Access-Control-Allow-Origin": "*",
        "Connection": "keep-alive",
        "Content-Type": "application/vnd.microsoft.appconfig.kvset\u002Bjson; charset=utf-8",
        "Date": "Thu, 02 Nov 2023 00:15:40 GMT",
        "ETag": "\u002286b8YF3jR-djMHqL461WzRvqIZ5BqXC0XBFIXW-zhgc\u0022",
        "Strict-Transport-Security": "max-age=15724800; includeSubDomains",
        "Sync-Token": "zAJw6V16=NjoxNSM1MzI1Mzk4;sn=5325398",
        "Transfer-Encoding": "chunked",
        "x-ms-client-request-id": "2c289a40-817f-4658-b617-1cecba5bb636",
        "x-ms-correlation-request-id": "d1b22a0e-3651-4cc9-9a9d-3f3e0c1d34a0",
        "x-ms-request-id": "d1b22a0e-3651-4cc9-9a9d-3f3e0c1d34a0"
      },
      "ResponseBody": {
        "etag": "86b8YF3jR-djMHqL461WzRvqIZ5BqXC0XBFIXW-zhgc",
        "items": [
          {
            "etag": "ycs226PAW08hPP944g7-7LazAvnIx7DJKlV9mxLIQrg",
            "key": "key75300313687",
            "label": null,
            "content_type": null,
            "value": "myNewValue",
            "tags": {},
            "locked": false,
            "last_modified": "2023-11-02T00:15:40\u002B00:00"
          },
          {
            "etag": "qGHtUPOgNy1jaP8emml5JmGHMrS68jfnGG23ThvG6TA",
            "key": "key75300313687",
            "label": "myLabel",
            "content_type": null,
            "value": "myNewValue",
            "tags": {},
            "locked": false,
            "last_modified": "2023-11-02T00:15:40\u002B00:00"
          }
        ]
      }
    },
    {
      "RequestUri": "https://REDACTED/kv/key75300313687?label=myLabel\u0026api-version=2023-10-01",
      "RequestMethod": "DELETE",
      "RequestHeaders": {
        "Accept": "application/vnd.microsoft.azconfig.kv\u002Bjson",
        "Authorization": "Sanitized",
        "Content-Length": "0",
        "Content-Type": "application/json",
        "Date": "Thu, 02 Nov 2023 00:15:40 GMT",
        "Sync-Token": "zAJw6V16=NjoxNSM1MzI1Mzk4",
        "User-Agent": "azsdk-java-azure-data-appconfiguration/1.5.0-beta.3 (21; Windows 11; 10.0)",
        "x-ms-client-request-id": "8d5002c1-5fea-402e-a63e-b7b7565a236f",
        "x-ms-content-sha256": "47DEQpj8HBSa\u002B/TImW\u002B5JCeuQeRkm5NMpJWZG3hSuFU=",
        "x-ms-return-client-request-id": "true"
      },
      "RequestBody": null,
      "StatusCode": 200,
      "ResponseHeaders": {
        "Access-Control-Allow-Origin": "*",
        "Connection": "keep-alive",
        "Content-Type": "application/vnd.microsoft.appconfig.kv\u002Bjson; charset=utf-8",
        "Date": "Thu, 02 Nov 2023 00:15:40 GMT",
        "ETag": "\u0022qGHtUPOgNy1jaP8emml5JmGHMrS68jfnGG23ThvG6TA\u0022",
        "Last-Modified": "Thu, 02 Nov 2023 00:15:40 GMT",
        "Strict-Transport-Security": "max-age=15724800; includeSubDomains",
        "Sync-Token": "zAJw6V16=NjoxNSM1MzI1NDAy;sn=5325402",
        "Transfer-Encoding": "chunked",
        "x-ms-client-request-id": "8d5002c1-5fea-402e-a63e-b7b7565a236f",
        "x-ms-correlation-request-id": "e7e48e40-388e-4c6d-b399-48b2b9636e51",
        "x-ms-request-id": "e7e48e40-388e-4c6d-b399-48b2b9636e51"
      },
      "ResponseBody": {
        "etag": "qGHtUPOgNy1jaP8emml5JmGHMrS68jfnGG23ThvG6TA",
        "key": "key75300313687",
        "label": "myLabel",
        "content_type": null,
        "value": "myNewValue",
        "tags": {},
        "locked": false,
        "last_modified": "2023-11-02T00:15:40\u002B00:00"
      }
    },
    {
      "RequestUri": "https://REDACTED/kv/key75300313687?api-version=2023-10-01",
      "RequestMethod": "DELETE",
      "RequestHeaders": {
        "Accept": "application/vnd.microsoft.azconfig.kv\u002Bjson",
        "Authorization": "Sanitized",
        "Content-Length": "0",
        "Content-Type": "application/json",
        "Date": "Thu, 02 Nov 2023 00:15:40 GMT",
        "Sync-Token": "zAJw6V16=NjoxNSM1MzI1Mzk4",
        "User-Agent": "azsdk-java-azure-data-appconfiguration/1.5.0-beta.3 (21; Windows 11; 10.0)",
        "x-ms-client-request-id": "7ae6597f-a036-4835-8111-07dd6b05cf0b",
        "x-ms-content-sha256": "47DEQpj8HBSa\u002B/TImW\u002B5JCeuQeRkm5NMpJWZG3hSuFU=",
        "x-ms-return-client-request-id": "true"
      },
      "RequestBody": null,
      "StatusCode": 200,
      "ResponseHeaders": {
        "Access-Control-Allow-Origin": "*",
        "Connection": "keep-alive",
        "Content-Type": "application/vnd.microsoft.appconfig.kv\u002Bjson; charset=utf-8",
        "Date": "Thu, 02 Nov 2023 00:15:40 GMT",
        "ETag": "\u0022ycs226PAW08hPP944g7-7LazAvnIx7DJKlV9mxLIQrg\u0022",
        "Last-Modified": "Thu, 02 Nov 2023 00:15:40 GMT",
        "Strict-Transport-Security": "max-age=15724800; includeSubDomains",
        "Sync-Token": "zAJw6V16=NjoxNSM1MzI1NDAx;sn=5325401",
        "Transfer-Encoding": "chunked",
        "x-ms-client-request-id": "7ae6597f-a036-4835-8111-07dd6b05cf0b",
        "x-ms-correlation-request-id": "0e8aedef-e878-4725-9114-2ee7a247d70b",
        "x-ms-request-id": "0e8aedef-e878-4725-9114-2ee7a247d70b"
      },
      "ResponseBody": {
        "etag": "ycs226PAW08hPP944g7-7LazAvnIx7DJKlV9mxLIQrg",
        "key": "key75300313687",
        "label": null,
        "content_type": null,
        "value": "myNewValue",
        "tags": {},
        "locked": false,
        "last_modified": "2023-11-02T00:15:40\u002B00:00"
      }
    }
  ],
  "Variables": {
    "0": "key75300",
    "1": "53285f4e",
    "2": "key75300313687"
  }
}
