{
  "Entries": [
    {
      "RequestUri": "https://REDACTED/kv/key7388810482e?label=7d9603ad72128b\u0026api-version=2023-10-01",
      "RequestMethod": "PUT",
      "RequestHeaders": {
        "Accept": "application/vnd.microsoft.azconfig.kv\u002Bjson",
        "Authorization": "Sanitized",
        "Content-Length": "90",
        "Content-Type": "application/json",
        "Date": "Tue, 31 Oct 2023 22:28:09 GMT",
        "If-None-Match": "*",
        "Sync-Token": "",
        "User-Agent": "azsdk-java-azure-data-appconfiguration/1.5.0-beta.3 (21; Windows 11; 10.0)",
        "x-ms-client-request-id": "1a8006ad-38e5-4d0b-94ba-4b7fb0086a67",
        "x-ms-content-sha256": "W8pvY44aLgpoRtp/ZkJ\u002Blot/RmjXrpiGK3I1ptpj7XU=",
        "x-ms-return-client-request-id": "true"
      },
      "RequestBody": {
        "key": "key7388810482e",
        "label": "7d9603ad72128b",
        "value": "value",
        "tags": {},
        "locked": false
      },
      "StatusCode": 200,
      "ResponseHeaders": {
        "Access-Control-Allow-Origin": "*",
        "Connection": "keep-alive",
        "Content-Type": "application/vnd.microsoft.appconfig.kv\u002Bjson; charset=utf-8",
        "Date": "Tue, 31 Oct 2023 22:28:08 GMT",
        "ETag": "\u0022ExioWuncjPEDepg5506KvTk7QFTaf0zg-IyKeRjQGLQ\u0022",
        "Last-Modified": "Tue, 31 Oct 2023 22:28:08 GMT",
        "Strict-Transport-Security": "max-age=15724800; includeSubDomains",
        "Sync-Token": "zAJw6V16=NjoxNSM1MzEyNjA3;sn=5312607",
        "Transfer-Encoding": "chunked",
        "x-ms-client-request-id": "1a8006ad-38e5-4d0b-94ba-4b7fb0086a67",
        "x-ms-correlation-request-id": "6211eaab-1dab-4796-bebf-b4551ac544c0",
        "x-ms-request-id": "6211eaab-1dab-4796-bebf-b4551ac544c0"
      },
      "ResponseBody": {
        "etag": "ExioWuncjPEDepg5506KvTk7QFTaf0zg-IyKeRjQGLQ",
        "key": "key7388810482e",
        "label": "7d9603ad72128b",
        "content_type": null,
        "value": "value",
        "tags": {},
        "locked": false,
        "last_modified": "2023-10-31T22:28:08\u002B00:00"
      }
    },
    {
      "RequestUri": "https://REDACTED/kv/key7388810482e?label=7d9603ad259231\u0026api-version=2023-10-01",
      "RequestMethod": "PUT",
      "RequestHeaders": {
        "Accept": "application/vnd.microsoft.azconfig.kv\u002Bjson",
        "Authorization": "Sanitized",
        "Content-Length": "90",
        "Content-Type": "application/json",
        "Date": "Tue, 31 Oct 2023 22:28:09 GMT",
        "If-None-Match": "*",
        "Sync-Token": "zAJw6V16=NjoxNSM1MzEyNjA3",
        "User-Agent": "azsdk-java-azure-data-appconfiguration/1.5.0-beta.3 (21; Windows 11; 10.0)",
        "x-ms-client-request-id": "3242aec3-18ef-4508-96a4-72993a91bdb9",
        "x-ms-content-sha256": "myT/h13xjYK0T2oZXeUR/hyh2fNm0XujJAgkNrk7AA0=",
        "x-ms-return-client-request-id": "true"
      },
      "RequestBody": {
        "key": "key7388810482e",
        "label": "7d9603ad259231",
        "value": "value",
        "tags": {},
        "locked": false
      },
      "StatusCode": 200,
      "ResponseHeaders": {
        "Access-Control-Allow-Origin": "*",
        "Connection": "keep-alive",
        "Content-Type": "application/vnd.microsoft.appconfig.kv\u002Bjson; charset=utf-8",
        "Date": "Tue, 31 Oct 2023 22:28:08 GMT",
        "ETag": "\u0022QJM9r2JyNifaazrrPd3l4Q4M78uxuTAHMjKhh5ROuSk\u0022",
        "Last-Modified": "Tue, 31 Oct 2023 22:28:08 GMT",
        "Strict-Transport-Security": "max-age=15724800; includeSubDomains",
        "Sync-Token": "zAJw6V16=NjoxNSM1MzEyNjA4;sn=5312608",
        "Transfer-Encoding": "chunked",
        "x-ms-client-request-id": "3242aec3-18ef-4508-96a4-72993a91bdb9",
        "x-ms-correlation-request-id": "7695d706-258b-4c4b-a53b-99a1d08a7537",
        "x-ms-request-id": "7695d706-258b-4c4b-a53b-99a1d08a7537"
      },
      "ResponseBody": {
        "etag": "QJM9r2JyNifaazrrPd3l4Q4M78uxuTAHMjKhh5ROuSk",
        "key": "key7388810482e",
        "label": "7d9603ad259231",
        "content_type": null,
        "value": "value",
        "tags": {},
        "locked": false,
        "last_modified": "2023-10-31T22:28:08\u002B00:00"
      }
    },
    {
      "RequestUri": "https://REDACTED/kv?key=key7388810482e\u0026label=7d9603ad72128b%2C7d9603ad259231\u0026api-version=2023-10-01\u0026$Select=",
      "RequestMethod": "GET",
      "RequestHeaders": {
        "Accept": "application/vnd.microsoft.azconfig.kv\u002Bjson",
        "Authorization": "Sanitized",
        "Content-Length": "0",
        "Content-Type": "application/json",
        "Date": "Tue, 31 Oct 2023 22:28:09 GMT",
        "Sync-Token": "zAJw6V16=NjoxNSM1MzEyNjA4",
        "User-Agent": "azsdk-java-azure-data-appconfiguration/1.5.0-beta.3 (21; Windows 11; 10.0)",
        "x-ms-client-request-id": "6985e0f4-3930-492b-9892-ce47b402d9f1",
        "x-ms-content-sha256": "47DEQpj8HBSa\u002B/TImW\u002B5JCeuQeRkm5NMpJWZG3hSuFU=",
        "x-ms-return-client-request-id": "true"
      },
      "RequestBody": null,
      "StatusCode": 200,
      "ResponseHeaders": {
        "Access-Control-Allow-Origin": "*",
        "Connection": "keep-alive",
        "Content-Type": "application/vnd.microsoft.appconfig.kvset\u002Bjson; charset=utf-8",
        "Date": "Tue, 31 Oct 2023 22:28:08 GMT",
        "ETag": "\u0022prGaIuZ5g8uKnOAM98KsFyIbKnF2aRcAvwOZwu3JTGM\u0022",
        "Strict-Transport-Security": "max-age=15724800; includeSubDomains",
        "Sync-Token": "zAJw6V16=NjoxNSM1MzEyNjA4;sn=5312608",
        "Transfer-Encoding": "chunked",
        "x-ms-client-request-id": "6985e0f4-3930-492b-9892-ce47b402d9f1",
        "x-ms-correlation-request-id": "ebcac72b-a813-46d4-9275-f7e259dcaeca",
        "x-ms-request-id": "ebcac72b-a813-46d4-9275-f7e259dcaeca"
      },
      "ResponseBody": {
        "etag": "prGaIuZ5g8uKnOAM98KsFyIbKnF2aRcAvwOZwu3JTGM",
        "items": [
          {
            "etag": "QJM9r2JyNifaazrrPd3l4Q4M78uxuTAHMjKhh5ROuSk",
            "key": "key7388810482e",
            "label": "7d9603ad259231",
            "content_type": null,
            "value": "value",
            "tags": {},
            "locked": false,
            "last_modified": "2023-10-31T22:28:08\u002B00:00"
          },
          {
            "etag": "ExioWuncjPEDepg5506KvTk7QFTaf0zg-IyKeRjQGLQ",
            "key": "key7388810482e",
            "label": "7d9603ad72128b",
            "content_type": null,
            "value": "value",
            "tags": {},
            "locked": false,
            "last_modified": "2023-10-31T22:28:08\u002B00:00"
          }
        ]
      }
    },
    {
      "RequestUri": "https://REDACTED/kv?key=key73888%2A\u0026api-version=2023-10-01\u0026$Select=",
      "RequestMethod": "GET",
      "RequestHeaders": {
        "Accept": "application/vnd.microsoft.azconfig.kv\u002Bjson",
        "Authorization": "Sanitized",
        "Content-Length": "0",
        "Content-Type": "application/json",
        "Date": "Tue, 31 Oct 2023 22:28:09 GMT",
        "Sync-Token": "zAJw6V16=NjoxNSM1MzEyNjA4",
        "User-Agent": "azsdk-java-azure-data-appconfiguration/1.5.0-beta.3 (21; Windows 11; 10.0)",
        "x-ms-client-request-id": "f1000a7b-58f2-4f75-bb1a-fe4b67275940",
        "x-ms-content-sha256": "47DEQpj8HBSa\u002B/TImW\u002B5JCeuQeRkm5NMpJWZG3hSuFU=",
        "x-ms-return-client-request-id": "true"
      },
      "RequestBody": null,
      "StatusCode": 200,
      "ResponseHeaders": {
        "Access-Control-Allow-Origin": "*",
        "Connection": "keep-alive",
        "Content-Type": "application/vnd.microsoft.appconfig.kvset\u002Bjson; charset=utf-8",
        "Date": "Tue, 31 Oct 2023 22:28:08 GMT",
        "ETag": "\u0022prGaIuZ5g8uKnOAM98KsFyIbKnF2aRcAvwOZwu3JTGM\u0022",
        "Strict-Transport-Security": "max-age=15724800; includeSubDomains",
        "Sync-Token": "zAJw6V16=NjoxNSM1MzEyNjA5;sn=5312609",
        "Transfer-Encoding": "chunked",
        "x-ms-client-request-id": "f1000a7b-58f2-4f75-bb1a-fe4b67275940",
        "x-ms-correlation-request-id": "d473549e-c7df-43ea-b5c5-5e880722827f",
        "x-ms-request-id": "d473549e-c7df-43ea-b5c5-5e880722827f"
      },
      "ResponseBody": {
        "etag": "prGaIuZ5g8uKnOAM98KsFyIbKnF2aRcAvwOZwu3JTGM",
        "items": [
          {
            "etag": "QJM9r2JyNifaazrrPd3l4Q4M78uxuTAHMjKhh5ROuSk",
            "key": "key7388810482e",
            "label": "7d9603ad259231",
            "content_type": null,
            "value": "value",
            "tags": {},
            "locked": false,
            "last_modified": "2023-10-31T22:28:08\u002B00:00"
          },
          {
            "etag": "ExioWuncjPEDepg5506KvTk7QFTaf0zg-IyKeRjQGLQ",
            "key": "key7388810482e",
            "label": "7d9603ad72128b",
            "content_type": null,
            "value": "value",
            "tags": {},
            "locked": false,
            "last_modified": "2023-10-31T22:28:08\u002B00:00"
          }
        ]
      }
    },
    {
      "RequestUri": "https://REDACTED/kv/key7388810482e?label=7d9603ad259231\u0026api-version=2023-10-01",
      "RequestMethod": "DELETE",
      "RequestHeaders": {
        "Accept": "application/vnd.microsoft.azconfig.kv\u002Bjson",
        "Authorization": "Sanitized",
        "Content-Length": "0",
        "Content-Type": "application/json",
        "Date": "Tue, 31 Oct 2023 22:28:09 GMT",
        "Sync-Token": "zAJw6V16=NjoxNSM1MzEyNjA5",
        "User-Agent": "azsdk-java-azure-data-appconfiguration/1.5.0-beta.3 (21; Windows 11; 10.0)",
        "x-ms-client-request-id": "3a83394e-30d3-441c-83c1-da21b7681bca",
        "x-ms-content-sha256": "47DEQpj8HBSa\u002B/TImW\u002B5JCeuQeRkm5NMpJWZG3hSuFU=",
        "x-ms-return-client-request-id": "true"
      },
      "RequestBody": null,
      "StatusCode": 200,
      "ResponseHeaders": {
        "Access-Control-Allow-Origin": "*",
        "Connection": "keep-alive",
        "Content-Type": "application/vnd.microsoft.appconfig.kv\u002Bjson; charset=utf-8",
        "Date": "Tue, 31 Oct 2023 22:28:08 GMT",
        "ETag": "\u0022QJM9r2JyNifaazrrPd3l4Q4M78uxuTAHMjKhh5ROuSk\u0022",
        "Last-Modified": "Tue, 31 Oct 2023 22:28:08 GMT",
        "Strict-Transport-Security": "max-age=15724800; includeSubDomains",
        "Sync-Token": "zAJw6V16=NjoxNSM1MzEyNjEw;sn=5312610",
        "Transfer-Encoding": "chunked",
        "x-ms-client-request-id": "3a83394e-30d3-441c-83c1-da21b7681bca",
        "x-ms-correlation-request-id": "905d204d-1195-4421-b890-c911ec76186d",
        "x-ms-request-id": "905d204d-1195-4421-b890-c911ec76186d"
      },
      "ResponseBody": {
        "etag": "QJM9r2JyNifaazrrPd3l4Q4M78uxuTAHMjKhh5ROuSk",
        "key": "key7388810482e",
        "label": "7d9603ad259231",
        "content_type": null,
        "value": "value",
        "tags": {},
        "locked": false,
        "last_modified": "2023-10-31T22:28:08\u002B00:00"
      }
    },
    {
      "RequestUri": "https://REDACTED/kv/key7388810482e?label=7d9603ad72128b\u0026api-version=2023-10-01",
      "RequestMethod": "DELETE",
      "RequestHeaders": {
        "Accept": "application/vnd.microsoft.azconfig.kv\u002Bjson",
        "Authorization": "Sanitized",
        "Content-Length": "0",
        "Content-Type": "application/json",
        "Date": "Tue, 31 Oct 2023 22:28:09 GMT",
        "Sync-Token": "zAJw6V16=NjoxNSM1MzEyNjEw",
        "User-Agent": "azsdk-java-azure-data-appconfiguration/1.5.0-beta.3 (21; Windows 11; 10.0)",
        "x-ms-client-request-id": "0818018e-4ea7-48d6-b849-92e09d89f6ad",
        "x-ms-content-sha256": "47DEQpj8HBSa\u002B/TImW\u002B5JCeuQeRkm5NMpJWZG3hSuFU=",
        "x-ms-return-client-request-id": "true"
      },
      "RequestBody": null,
      "StatusCode": 200,
      "ResponseHeaders": {
        "Access-Control-Allow-Origin": "*",
        "Connection": "keep-alive",
        "Content-Type": "application/vnd.microsoft.appconfig.kv\u002Bjson; charset=utf-8",
        "Date": "Tue, 31 Oct 2023 22:28:08 GMT",
        "ETag": "\u0022ExioWuncjPEDepg5506KvTk7QFTaf0zg-IyKeRjQGLQ\u0022",
        "Last-Modified": "Tue, 31 Oct 2023 22:28:08 GMT",
        "Strict-Transport-Security": "max-age=15724800; includeSubDomains",
        "Sync-Token": "zAJw6V16=NjoxNSM1MzEyNjEx;sn=5312611",
        "Transfer-Encoding": "chunked",
        "x-ms-client-request-id": "0818018e-4ea7-48d6-b849-92e09d89f6ad",
        "x-ms-correlation-request-id": "04123068-2fe3-4dae-8351-05f2a8ddd14f",
        "x-ms-request-id": "04123068-2fe3-4dae-8351-05f2a8ddd14f"
      },
      "ResponseBody": {
        "etag": "ExioWuncjPEDepg5506KvTk7QFTaf0zg-IyKeRjQGLQ",
        "key": "key7388810482e",
        "label": "7d9603ad72128b",
        "content_type": null,
        "value": "value",
        "tags": {},
        "locked": false,
        "last_modified": "2023-10-31T22:28:08\u002B00:00"
      }
    }
  ],
  "Variables": {
    "0": "key73888",
    "1": "7d9603ad",
    "2": "key7388810482e",
    "3": "7d9603ad72128b",
    "4": "7d9603ad259231"
  }
}
