{
  "Entries": [
    {
      "RequestUri": "https://REDACTED/kv/key58531951300-0?api-version=2023-10-01",
      "RequestMethod": "PUT",
      "RequestHeaders": {
        "Accept": "application/vnd.microsoft.azconfig.kv\u002Bjson",
        "Authorization": "Sanitized",
        "Content-Length": "78",
        "Content-Type": "application/json",
        "Date": "Thu, 02 Nov 2023 00:15:47 GMT",
        "Sync-Token": "",
        "User-Agent": "azsdk-java-azure-data-appconfiguration/1.5.0-beta.3 (21; Windows 11; 10.0)",
        "x-ms-client-request-id": "32166ee3-e160-40fd-a134-7d94cecdb367",
        "x-ms-content-sha256": "vkBonUzqNZbRa\u002B38EArve4SXwtRBCTuMm55CbU74hj8=",
        "x-ms-return-client-request-id": "true"
      },
      "RequestBody": {
        "key": "key58531951300-0",
        "value": "0-key58531951300",
        "tags": {},
        "locked": false
      },
      "StatusCode": 200,
      "ResponseHeaders": {
        "Access-Control-Allow-Origin": "*",
        "Connection": "keep-alive",
        "Content-Type": "application/vnd.microsoft.appconfig.kv\u002Bjson; charset=utf-8",
        "Date": "Thu, 02 Nov 2023 00:15:47 GMT",
        "ETag": "\u0022x29j29BYq78TOhXELiYd60qwuJIvv5G8JKW0ubqd4vk\u0022",
        "Last-Modified": "Thu, 02 Nov 2023 00:15:47 GMT",
        "Strict-Transport-Security": "max-age=15724800; includeSubDomains",
        "Sync-Token": "zAJw6V16=NjoxNSM1MzI1NDg4;sn=5325488",
        "Transfer-Encoding": "chunked",
        "x-ms-client-request-id": "32166ee3-e160-40fd-a134-7d94cecdb367",
        "x-ms-correlation-request-id": "192abf7d-e391-4b06-b8db-4cee2538a9e3",
        "x-ms-request-id": "192abf7d-e391-4b06-b8db-4cee2538a9e3"
      },
      "ResponseBody": {
        "etag": "x29j29BYq78TOhXELiYd60qwuJIvv5G8JKW0ubqd4vk",
        "key": "key58531951300-0",
        "label": null,
        "content_type": null,
        "value": "0-key58531951300",
        "tags": {},
        "locked": false,
        "last_modified": "2023-11-02T00:15:47\u002B00:00"
      }
    },
    {
      "RequestUri": "https://REDACTED/kv/key58531951300-1?api-version=2023-10-01",
      "RequestMethod": "PUT",
      "RequestHeaders": {
        "Accept": "application/vnd.microsoft.azconfig.kv\u002Bjson",
        "Authorization": "Sanitized",
        "Content-Length": "78",
        "Content-Type": "application/json",
        "Date": "Thu, 02 Nov 2023 00:15:47 GMT",
        "Sync-Token": "zAJw6V16=NjoxNSM1MzI1NDg4",
        "User-Agent": "azsdk-java-azure-data-appconfiguration/1.5.0-beta.3 (21; Windows 11; 10.0)",
        "x-ms-client-request-id": "2871f4b6-0402-4659-924d-f51f0e729c1a",
        "x-ms-content-sha256": "P6dHtFpwVozWcqh84uuEbCrtpzAy7JzYXfb33ERDIW4=",
        "x-ms-return-client-request-id": "true"
      },
      "RequestBody": {
        "key": "key58531951300-1",
        "value": "1-key58531951300",
        "tags": {},
        "locked": false
      },
      "StatusCode": 200,
      "ResponseHeaders": {
        "Access-Control-Allow-Origin": "*",
        "Connection": "keep-alive",
        "Content-Type": "application/vnd.microsoft.appconfig.kv\u002Bjson; charset=utf-8",
        "Date": "Thu, 02 Nov 2023 00:15:47 GMT",
        "ETag": "\u0022ENbexG_zaaMRcO_bqxf_r4xb4uZE0xUpk_QTp43UPvc\u0022",
        "Last-Modified": "Thu, 02 Nov 2023 00:15:47 GMT",
        "Strict-Transport-Security": "max-age=15724800; includeSubDomains",
        "Sync-Token": "zAJw6V16=NjoxNSM1MzI1NDg5;sn=5325489",
        "Transfer-Encoding": "chunked",
        "x-ms-client-request-id": "2871f4b6-0402-4659-924d-f51f0e729c1a",
        "x-ms-correlation-request-id": "a123d2a0-d6e1-41d6-a3ea-c70f24712011",
        "x-ms-request-id": "a123d2a0-d6e1-41d6-a3ea-c70f24712011"
      },
      "ResponseBody": {
        "etag": "ENbexG_zaaMRcO_bqxf_r4xb4uZE0xUpk_QTp43UPvc",
        "key": "key58531951300-1",
        "label": null,
        "content_type": null,
        "value": "1-key58531951300",
        "tags": {},
        "locked": false,
        "last_modified": "2023-11-02T00:15:47\u002B00:00"
      }
    },
    {
      "RequestUri": "https://REDACTED/kv/key58531951300-2?api-version=2023-10-01",
      "RequestMethod": "PUT",
      "RequestHeaders": {
        "Accept": "application/vnd.microsoft.azconfig.kv\u002Bjson",
        "Authorization": "Sanitized",
        "Content-Length": "78",
        "Content-Type": "application/json",
        "Date": "Thu, 02 Nov 2023 00:15:47 GMT",
        "Sync-Token": "zAJw6V16=NjoxNSM1MzI1NDg5",
        "User-Agent": "azsdk-java-azure-data-appconfiguration/1.5.0-beta.3 (21; Windows 11; 10.0)",
        "x-ms-client-request-id": "c789d16e-fe49-40a3-b7f5-2d28ab27499a",
        "x-ms-content-sha256": "ahCcZzPjUZ5h5Zm0MAIqH/UgNdSA7lMzIQSEZAsp52g=",
        "x-ms-return-client-request-id": "true"
      },
      "RequestBody": {
        "key": "key58531951300-2",
        "value": "2-key58531951300",
        "tags": {},
        "locked": false
      },
      "StatusCode": 200,
      "ResponseHeaders": {
        "Access-Control-Allow-Origin": "*",
        "Connection": "keep-alive",
        "Content-Type": "application/vnd.microsoft.appconfig.kv\u002Bjson; charset=utf-8",
        "Date": "Thu, 02 Nov 2023 00:15:47 GMT",
        "ETag": "\u00228yw5TYuLLlIvowhMnoJO74uiXr-R8sXndVJiWati26I\u0022",
        "Last-Modified": "Thu, 02 Nov 2023 00:15:47 GMT",
        "Strict-Transport-Security": "max-age=15724800; includeSubDomains",
        "Sync-Token": "zAJw6V16=NjoxNSM1MzI1NDkw;sn=5325490",
        "Transfer-Encoding": "chunked",
        "x-ms-client-request-id": "c789d16e-fe49-40a3-b7f5-2d28ab27499a",
        "x-ms-correlation-request-id": "d9529770-406e-4017-8b23-dcab3e1909da",
        "x-ms-request-id": "d9529770-406e-4017-8b23-dcab3e1909da"
      },
      "ResponseBody": {
        "etag": "8yw5TYuLLlIvowhMnoJO74uiXr-R8sXndVJiWati26I",
        "key": "key58531951300-2",
        "label": null,
        "content_type": null,
        "value": "2-key58531951300",
        "tags": {},
        "locked": false,
        "last_modified": "2023-11-02T00:15:47\u002B00:00"
      }
    },
    {
      "RequestUri": "https://REDACTED/kv/key58531951300-3?api-version=2023-10-01",
      "RequestMethod": "PUT",
      "RequestHeaders": {
        "Accept": "application/vnd.microsoft.azconfig.kv\u002Bjson",
        "Authorization": "Sanitized",
        "Content-Length": "78",
        "Content-Type": "application/json",
        "Date": "Thu, 02 Nov 2023 00:15:47 GMT",
        "Sync-Token": "zAJw6V16=NjoxNSM1MzI1NDkw",
        "User-Agent": "azsdk-java-azure-data-appconfiguration/1.5.0-beta.3 (21; Windows 11; 10.0)",
        "x-ms-client-request-id": "4cef5e82-940a-4b2d-a474-2e58bf83a903",
        "x-ms-content-sha256": "pys\u002BhBVA\u002ByXiPjyPKwQSQOzWDYZv5YES9c2hpb581X4=",
        "x-ms-return-client-request-id": "true"
      },
      "RequestBody": {
        "key": "key58531951300-3",
        "value": "3-key58531951300",
        "tags": {},
        "locked": false
      },
      "StatusCode": 200,
      "ResponseHeaders": {
        "Access-Control-Allow-Origin": "*",
        "Connection": "keep-alive",
        "Content-Type": "application/vnd.microsoft.appconfig.kv\u002Bjson; charset=utf-8",
        "Date": "Thu, 02 Nov 2023 00:15:47 GMT",
        "ETag": "\u0022qC14gCcgEuC1rTn1P9xZvq-Q1troxQq844l9kVsf5CY\u0022",
        "Last-Modified": "Thu, 02 Nov 2023 00:15:47 GMT",
        "Strict-Transport-Security": "max-age=15724800; includeSubDomains",
        "Sync-Token": "zAJw6V16=NjoxNSM1MzI1NDkx;sn=5325491",
        "Transfer-Encoding": "chunked",
        "x-ms-client-request-id": "4cef5e82-940a-4b2d-a474-2e58bf83a903",
        "x-ms-correlation-request-id": "e9841e4a-62c3-4da3-9273-05a5e4523b0d",
        "x-ms-request-id": "e9841e4a-62c3-4da3-9273-05a5e4523b0d"
      },
      "ResponseBody": {
        "etag": "qC14gCcgEuC1rTn1P9xZvq-Q1troxQq844l9kVsf5CY",
        "key": "key58531951300-3",
        "label": null,
        "content_type": null,
        "value": "3-key58531951300",
        "tags": {},
        "locked": false,
        "last_modified": "2023-11-02T00:15:47\u002B00:00"
      }
    },
    {
      "RequestUri": "https://REDACTED/kv/key58531951300-4?api-version=2023-10-01",
      "RequestMethod": "PUT",
      "RequestHeaders": {
        "Accept": "application/vnd.microsoft.azconfig.kv\u002Bjson",
        "Authorization": "Sanitized",
        "Content-Length": "78",
        "Content-Type": "application/json",
        "Date": "Thu, 02 Nov 2023 00:15:47 GMT",
        "Sync-Token": "zAJw6V16=NjoxNSM1MzI1NDkx",
        "User-Agent": "azsdk-java-azure-data-appconfiguration/1.5.0-beta.3 (21; Windows 11; 10.0)",
        "x-ms-client-request-id": "b025a947-59de-49e4-94e3-6d36983243da",
        "x-ms-content-sha256": "trWeOEeJ6KtQcB1vGyxBNroG8t5eOYIenYJxS76bccU=",
        "x-ms-return-client-request-id": "true"
      },
      "RequestBody": {
        "key": "key58531951300-4",
        "value": "4-key58531951300",
        "tags": {},
        "locked": false
      },
      "StatusCode": 200,
      "ResponseHeaders": {
        "Access-Control-Allow-Origin": "*",
        "Connection": "keep-alive",
        "Content-Type": "application/vnd.microsoft.appconfig.kv\u002Bjson; charset=utf-8",
        "Date": "Thu, 02 Nov 2023 00:15:47 GMT",
        "ETag": "\u0022QFA29HrXd9ik_55u1l98rqiKLRaRNLSw5HghNq4ajfc\u0022",
        "Last-Modified": "Thu, 02 Nov 2023 00:15:47 GMT",
        "Strict-Transport-Security": "max-age=15724800; includeSubDomains",
        "Sync-Token": "zAJw6V16=NjoxNSM1MzI1NDky;sn=5325492",
        "Transfer-Encoding": "chunked",
        "x-ms-client-request-id": "b025a947-59de-49e4-94e3-6d36983243da",
        "x-ms-correlation-request-id": "0528fed9-ff40-4362-85da-c8b09557f1cd",
        "x-ms-request-id": "0528fed9-ff40-4362-85da-c8b09557f1cd"
      },
      "ResponseBody": {
        "etag": "QFA29HrXd9ik_55u1l98rqiKLRaRNLSw5HghNq4ajfc",
        "key": "key58531951300-4",
        "label": null,
        "content_type": null,
        "value": "4-key58531951300",
        "tags": {},
        "locked": false,
        "last_modified": "2023-11-02T00:15:47\u002B00:00"
      }
    },
    {
      "RequestUri": "https://REDACTED/kv?key=key58531951300-%2A\u0026api-version=2023-10-01\u0026$Select=",
      "RequestMethod": "GET",
      "RequestHeaders": {
        "Accept": "application/vnd.microsoft.azconfig.kv\u002Bjson",
        "Authorization": "Sanitized",
        "Content-Length": "0",
        "Content-Type": "application/json",
        "Date": "Thu, 02 Nov 2023 00:15:47 GMT",
        "Sync-Token": "zAJw6V16=NjoxNSM1MzI1NDky",
        "User-Agent": "azsdk-java-azure-data-appconfiguration/1.5.0-beta.3 (21; Windows 11; 10.0)",
        "x-ms-client-request-id": "93ff063a-f161-400e-be24-7d0a8d0cc8e5",
        "x-ms-content-sha256": "47DEQpj8HBSa\u002B/TImW\u002B5JCeuQeRkm5NMpJWZG3hSuFU=",
        "x-ms-return-client-request-id": "true"
      },
      "RequestBody": null,
      "StatusCode": 200,
      "ResponseHeaders": {
        "Access-Control-Allow-Origin": "*",
        "Connection": "keep-alive",
        "Content-Type": "application/vnd.microsoft.appconfig.kvset\u002Bjson; charset=utf-8",
        "Date": "Thu, 02 Nov 2023 00:15:47 GMT",
        "ETag": "\u00228GiH5gwvEfLdW8hwz4jQVUMS_yPXnXc6zdg7AoL12ks\u0022",
        "Strict-Transport-Security": "max-age=15724800; includeSubDomains",
        "Sync-Token": "zAJw6V16=NjoxNSM1MzI1NDky;sn=5325492",
        "Transfer-Encoding": "chunked",
        "x-ms-client-request-id": "93ff063a-f161-400e-be24-7d0a8d0cc8e5",
        "x-ms-correlation-request-id": "25b2d903-3da4-4830-819e-1118cb5af20d",
        "x-ms-request-id": "25b2d903-3da4-4830-819e-1118cb5af20d"
      },
      "ResponseBody": {
        "etag": "8GiH5gwvEfLdW8hwz4jQVUMS_yPXnXc6zdg7AoL12ks",
        "items": [
          {
            "etag": "x29j29BYq78TOhXELiYd60qwuJIvv5G8JKW0ubqd4vk",
            "key": "key58531951300-0",
            "label": null,
            "content_type": null,
            "value": "0-key58531951300",
            "tags": {},
            "locked": false,
            "last_modified": "2023-11-02T00:15:47\u002B00:00"
          },
          {
            "etag": "ENbexG_zaaMRcO_bqxf_r4xb4uZE0xUpk_QTp43UPvc",
            "key": "key58531951300-1",
            "label": null,
            "content_type": null,
            "value": "1-key58531951300",
            "tags": {},
            "locked": false,
            "last_modified": "2023-11-02T00:15:47\u002B00:00"
          },
          {
            "etag": "8yw5TYuLLlIvowhMnoJO74uiXr-R8sXndVJiWati26I",
            "key": "key58531951300-2",
            "label": null,
            "content_type": null,
            "value": "2-key58531951300",
            "tags": {},
            "locked": false,
            "last_modified": "2023-11-02T00:15:47\u002B00:00"
          },
          {
            "etag": "qC14gCcgEuC1rTn1P9xZvq-Q1troxQq844l9kVsf5CY",
            "key": "key58531951300-3",
            "label": null,
            "content_type": null,
            "value": "3-key58531951300",
            "tags": {},
            "locked": false,
            "last_modified": "2023-11-02T00:15:47\u002B00:00"
          },
          {
            "etag": "QFA29HrXd9ik_55u1l98rqiKLRaRNLSw5HghNq4ajfc",
            "key": "key58531951300-4",
            "label": null,
            "content_type": null,
            "value": "4-key58531951300",
            "tags": {},
            "locked": false,
            "last_modified": "2023-11-02T00:15:47\u002B00:00"
          }
        ]
      }
    },
    {
      "RequestUri": "https://REDACTED/snapshots/key58531951300?api-version=2023-10-01",
      "RequestMethod": "PUT",
      "RequestHeaders": {
        "Accept": "application/vnd.microsoft.azconfig.kv\u002Bjson",
        "Authorization": "Sanitized",
        "Content-Length": "64",
        "Content-Type": "application/json",
        "Date": "Thu, 02 Nov 2023 00:15:47 GMT",
        "Sync-Token": "zAJw6V16=NjoxNSM1MzI1NDky",
        "User-Agent": "azsdk-java-azure-data-appconfiguration/1.5.0-beta.3 (21; Windows 11; 10.0)",
        "x-ms-client-request-id": "9b1c86ff-44d1-4870-b10b-8f93de140ff0",
        "x-ms-content-sha256": "iy8MjKbcWCIgwIHfYe/xatF7gjnK/PsgMLB/OltB994=",
        "x-ms-return-client-request-id": "true"
      },
      "RequestBody": {
        "filters": [
          {
            "key": "key58531951300-*"
          }
        ],
        "retention_period": 3600
      },
      "StatusCode": 201,
      "ResponseHeaders": {
        "Access-Control-Allow-Origin": "*",
        "Connection": "keep-alive",
        "Content-Type": "application/vnd.microsoft.appconfig.snapshot\u002Bjson; charset=utf-8",
        "Date": "Thu, 02 Nov 2023 00:15:47 GMT",
        "ETag": "\u0022OfTlj32diAGstdvjM8rAK8hClut8nIqBR-3QNKVn6mk\u0022",
        "Last-Modified": "Thu, 02 Nov 2023 00:15:47 GMT",
        "Link": "\u003C/kv?snapshot=key58531951300\u0026api-version=2023-10-01\u003E; rel=\u0022items\u0022",
        "Operation-Location": "https://REDACTED/operations?snapshot=key58531951300\u0026api-version=2023-10-01",
        "Strict-Transport-Security": "max-age=15724800; includeSubDomains",
        "Sync-Token": "zAJw6V16=NjoxNSM1MzI1NDkz;sn=5325493",
        "Transfer-Encoding": "chunked",
        "x-ms-client-request-id": "9b1c86ff-44d1-4870-b10b-8f93de140ff0",
        "x-ms-correlation-request-id": "41cda7e4-2572-4474-bdd2-2946601f3f94",
        "x-ms-request-id": "41cda7e4-2572-4474-bdd2-2946601f3f94"
      },
      "ResponseBody": {
        "etag": "OfTlj32diAGstdvjM8rAK8hClut8nIqBR-3QNKVn6mk",
        "name": "key58531951300",
        "status": "provisioning",
        "filters": [
          {
            "key": "key58531951300-*",
            "label": null
          }
        ],
        "composition_type": "key",
        "created": "2023-11-02T00:15:47\u002B00:00",
        "size": 0,
        "items_count": 0,
        "tags": {},
        "retention_period": 3600
      }
    },
    {
      "RequestUri": "https://REDACTED/operations?api-version=2023-10-01\u0026snapshot=key58531951300",
      "RequestMethod": "GET",
      "RequestHeaders": {
        "Accept": "application/vnd.microsoft.azconfig.kv\u002Bjson",
        "Authorization": "Sanitized",
        "Content-Length": "0",
        "Content-Type": "application/json",
        "Date": "Thu, 02 Nov 2023 00:15:47 GMT",
        "Sync-Token": "zAJw6V16=NjoxNSM1MzI1NDkz",
        "User-Agent": "azsdk-java-azure-data-appconfiguration/1.5.0-beta.3 (21; Windows 11; 10.0)",
        "x-ms-client-request-id": "407ff1e3-9432-47bd-8be2-7f45be1c1909",
        "x-ms-content-sha256": "47DEQpj8HBSa\u002B/TImW\u002B5JCeuQeRkm5NMpJWZG3hSuFU=",
        "x-ms-return-client-request-id": "true"
      },
      "RequestBody": null,
      "StatusCode": 200,
      "ResponseHeaders": {
        "Access-Control-Allow-Origin": "*",
        "Connection": "keep-alive",
        "Content-Type": "application/json; charset=utf-8",
        "Date": "Thu, 02 Nov 2023 00:15:47 GMT",
        "Retry-After": "10",
        "Strict-Transport-Security": "max-age=15724800; includeSubDomains",
        "Sync-Token": "zAJw6V16=NjoxNSM1MzI1NDkz;sn=5325493",
        "Transfer-Encoding": "chunked",
        "x-ms-client-request-id": "407ff1e3-9432-47bd-8be2-7f45be1c1909",
        "x-ms-correlation-request-id": "b4a0e78e-0779-4380-86ab-d6ccebe6e9dd",
        "x-ms-request-id": "b4a0e78e-0779-4380-86ab-d6ccebe6e9dd"
      },
      "ResponseBody": {
        "id": "hs3dQ4UW0AqYWMNMtA34TEe7_Ze5GT3uMz91OoVF9Z8",
        "status": "Running",
        "error": null
      }
    },
    {
      "RequestUri": "https://REDACTED/operations?api-version=2023-10-01\u0026snapshot=key58531951300",
      "RequestMethod": "GET",
      "RequestHeaders": {
        "Accept": "application/vnd.microsoft.azconfig.kv\u002Bjson",
        "Authorization": "Sanitized",
        "Content-Length": "0",
        "Content-Type": "application/json",
        "Date": "Thu, 02 Nov 2023 00:15:57 GMT",
        "Sync-Token": "zAJw6V16=NjoxNSM1MzI1NDkz",
        "User-Agent": "azsdk-java-azure-data-appconfiguration/1.5.0-beta.3 (21; Windows 11; 10.0)",
        "x-ms-client-request-id": "63710211-95b5-436b-b394-8720a49dffd6",
        "x-ms-content-sha256": "47DEQpj8HBSa\u002B/TImW\u002B5JCeuQeRkm5NMpJWZG3hSuFU=",
        "x-ms-return-client-request-id": "true"
      },
      "RequestBody": null,
      "StatusCode": 200,
      "ResponseHeaders": {
        "Access-Control-Allow-Origin": "*",
        "Connection": "keep-alive",
        "Content-Type": "application/json; charset=utf-8",
        "Date": "Thu, 02 Nov 2023 00:15:57 GMT",
        "Strict-Transport-Security": "max-age=15724800; includeSubDomains",
        "Sync-Token": "zAJw6V16=NjoxNSM1MzI1NjE1;sn=5325615",
        "Transfer-Encoding": "chunked",
        "x-ms-client-request-id": "63710211-95b5-436b-b394-8720a49dffd6",
        "x-ms-correlation-request-id": "660d3163-f550-42fc-8f77-642b0fdb3952",
        "x-ms-request-id": "660d3163-f550-42fc-8f77-642b0fdb3952"
      },
      "ResponseBody": {
        "id": "hs3dQ4UW0AqYWMNMtA34TEe7_Ze5GT3uMz91OoVF9Z8",
        "status": "Succeeded",
        "error": null
      }
    },
    {
      "RequestUri": "https://REDACTED/snapshots/key58531951300?api-version=2023-10-01",
      "RequestMethod": "GET",
      "RequestHeaders": {
        "Accept": "application/vnd.microsoft.azconfig.kv\u002Bjson",
        "Authorization": "Sanitized",
        "Content-Length": "0",
        "Content-Type": "application/json",
        "Date": "Thu, 02 Nov 2023 00:15:57 GMT",
        "Sync-Token": "zAJw6V16=NjoxNSM1MzI1NjE1",
        "User-Agent": "azsdk-java-azure-data-appconfiguration/1.5.0-beta.3 (21; Windows 11; 10.0)",
        "x-ms-client-request-id": "ffb55d35-b9ca-4f00-aeef-569130129bcc",
        "x-ms-content-sha256": "47DEQpj8HBSa\u002B/TImW\u002B5JCeuQeRkm5NMpJWZG3hSuFU=",
        "x-ms-return-client-request-id": "true"
      },
      "RequestBody": null,
      "StatusCode": 200,
      "ResponseHeaders": {
        "Access-Control-Allow-Origin": "*",
        "Connection": "keep-alive",
        "Content-Type": "application/vnd.microsoft.appconfig.snapshot\u002Bjson; charset=utf-8",
        "Date": "Thu, 02 Nov 2023 00:15:57 GMT",
        "ETag": "\u0022OfTlj32diAGstdvjM8rAK8hClut8nIqBR-3QNKVn6mk\u0022",
        "Last-Modified": "Thu, 02 Nov 2023 00:15:47 GMT",
        "Link": "\u003C/kv?snapshot=key58531951300\u0026api-version=2023-10-01\u003E; rel=\u0022items\u0022",
        "Strict-Transport-Security": "max-age=15724800; includeSubDomains",
        "Sync-Token": "zAJw6V16=NjoxNSM1MzI1NjE3;sn=5325617",
        "Transfer-Encoding": "chunked",
        "x-ms-client-request-id": "ffb55d35-b9ca-4f00-aeef-569130129bcc",
        "x-ms-correlation-request-id": "c585ff00-9027-48ed-8a38-e87df439c79c",
        "x-ms-request-id": "c585ff00-9027-48ed-8a38-e87df439c79c"
      },
      "ResponseBody": {
        "etag": "OfTlj32diAGstdvjM8rAK8hClut8nIqBR-3QNKVn6mk",
        "name": "key58531951300",
        "status": "ready",
        "filters": [
          {
            "key": "key58531951300-*",
            "label": null
          }
        ],
        "composition_type": "key",
        "created": "2023-11-02T00:15:47\u002B00:00",
        "size": 2000,
        "items_count": 5,
        "tags": {},
        "retention_period": 3600
      }
    },
    {
      "RequestUri": "https://REDACTED/kv?api-version=2023-10-01\u0026$Select=key%2Cvalue\u0026snapshot=key58531951300",
      "RequestMethod": "GET",
      "RequestHeaders": {
        "Accept": "application/vnd.microsoft.azconfig.kv\u002Bjson",
        "Authorization": "Sanitized",
        "Content-Length": "0",
        "Content-Type": "application/json",
        "Date": "Thu, 02 Nov 2023 00:15:57 GMT",
        "Sync-Token": "zAJw6V16=NjoxNSM1MzI1NjE3",
        "User-Agent": "azsdk-java-azure-data-appconfiguration/1.5.0-beta.3 (21; Windows 11; 10.0)",
        "x-ms-client-request-id": "60088c38-0860-4e41-b554-bc847a7a28a6",
        "x-ms-content-sha256": "47DEQpj8HBSa\u002B/TImW\u002B5JCeuQeRkm5NMpJWZG3hSuFU=",
        "x-ms-return-client-request-id": "true"
      },
      "RequestBody": null,
      "StatusCode": 200,
      "ResponseHeaders": {
        "Access-Control-Allow-Origin": "*",
        "Connection": "keep-alive",
        "Content-Type": "application/vnd.microsoft.appconfig.kvset\u002Bjson; charset=utf-8",
        "Date": "Thu, 02 Nov 2023 00:15:57 GMT",
        "ETag": "\u00228GiH5gwvEfLdW8hwz4jQVUMS_yPXnXc6zdg7AoL12ks\u0022",
        "Strict-Transport-Security": "max-age=15724800; includeSubDomains",
        "Sync-Token": "zAJw6V16=NjoxNSM1MzI1NjE5;sn=5325619",
        "Transfer-Encoding": "chunked",
        "x-ms-client-request-id": "60088c38-0860-4e41-b554-bc847a7a28a6",
        "x-ms-correlation-request-id": "5d30ba85-5337-4861-b849-15ed61a86422",
        "x-ms-request-id": "5d30ba85-5337-4861-b849-15ed61a86422"
      },
      "ResponseBody": {
        "etag": "8GiH5gwvEfLdW8hwz4jQVUMS_yPXnXc6zdg7AoL12ks",
        "items": [
          {
            "key": "key58531951300-0",
            "value": "0-key58531951300"
          },
          {
            "key": "key58531951300-1",
            "value": "1-key58531951300"
          },
          {
            "key": "key58531951300-2",
            "value": "2-key58531951300"
          },
          {
            "key": "key58531951300-3",
            "value": "3-key58531951300"
          },
          {
            "key": "key58531951300-4",
            "value": "4-key58531951300"
          }
        ]
      }
    },
    {
      "RequestUri": "https://REDACTED/kv?api-version=2023-10-01\u0026$Select=key%2Cvalue\u0026snapshot=key58531951300",
      "RequestMethod": "GET",
      "RequestHeaders": {
        "Accept": "application/vnd.microsoft.azconfig.kv\u002Bjson",
        "Authorization": "Sanitized",
        "Content-Length": "0",
        "Content-Type": "application/json",
        "Date": "Thu, 02 Nov 2023 00:15:58 GMT",
        "Sync-Token": "zAJw6V16=NjoxNSM1MzI1NjE5",
        "User-Agent": "azsdk-java-azure-data-appconfiguration/1.5.0-beta.3 (21; Windows 11; 10.0)",
        "x-ms-client-request-id": "c314cb28-3414-4daa-af75-7310192f91d8",
        "x-ms-content-sha256": "47DEQpj8HBSa\u002B/TImW\u002B5JCeuQeRkm5NMpJWZG3hSuFU=",
        "x-ms-return-client-request-id": "true"
      },
      "RequestBody": null,
      "StatusCode": 200,
      "ResponseHeaders": {
        "Access-Control-Allow-Origin": "*",
        "Connection": "keep-alive",
        "Content-Type": "application/vnd.microsoft.appconfig.kvset\u002Bjson; charset=utf-8",
        "Date": "Thu, 02 Nov 2023 00:15:57 GMT",
        "ETag": "\u00228GiH5gwvEfLdW8hwz4jQVUMS_yPXnXc6zdg7AoL12ks\u0022",
        "Strict-Transport-Security": "max-age=15724800; includeSubDomains",
        "Sync-Token": "zAJw6V16=NjoxNSM1MzI1NjIw;sn=5325620",
        "Transfer-Encoding": "chunked",
        "x-ms-client-request-id": "c314cb28-3414-4daa-af75-7310192f91d8",
        "x-ms-correlation-request-id": "cbfc0902-9420-4ffe-83a6-9720185e743b",
        "x-ms-request-id": "cbfc0902-9420-4ffe-83a6-9720185e743b"
      },
      "ResponseBody": {
        "etag": "8GiH5gwvEfLdW8hwz4jQVUMS_yPXnXc6zdg7AoL12ks",
        "items": [
          {
            "key": "key58531951300-0",
            "value": "0-key58531951300"
          },
          {
            "key": "key58531951300-1",
            "value": "1-key58531951300"
          },
          {
            "key": "key58531951300-2",
            "value": "2-key58531951300"
          },
          {
            "key": "key58531951300-3",
            "value": "3-key58531951300"
          },
          {
            "key": "key58531951300-4",
            "value": "4-key58531951300"
          }
        ]
      }
    },
    {
      "RequestUri": "https://REDACTED/snapshots/key58531951300?api-version=2023-10-01",
      "RequestMethod": "PATCH",
      "RequestHeaders": {
        "Accept": "application/vnd.microsoft.azconfig.kv\u002Bjson",
        "Authorization": "Sanitized",
        "Content-Length": "21",
        "Content-Type": "application/json",
        "Date": "Thu, 02 Nov 2023 00:15:58 GMT",
        "Sync-Token": "zAJw6V16=NjoxNSM1MzI1NjIw",
        "User-Agent": "azsdk-java-azure-data-appconfiguration/1.5.0-beta.3 (21; Windows 11; 10.0)",
        "x-ms-client-request-id": "2295c47a-ed8f-4204-9cb6-b29a141fc64f",
        "x-ms-content-sha256": "tynngJHjE7uDMwpGVh1hcULF0zuJfLFECY9VxlHWIWo=",
        "x-ms-return-client-request-id": "true"
      },
      "RequestBody": {
        "status": "archived"
      },
      "StatusCode": 200,
      "ResponseHeaders": {
        "Access-Control-Allow-Origin": "*",
        "Connection": "keep-alive",
        "Content-Type": "application/vnd.microsoft.appconfig.snapshot\u002Bjson; charset=utf-8",
        "Date": "Thu, 02 Nov 2023 00:15:58 GMT",
        "ETag": "\u00224vrciwhDwLX9S_7ZjIrABWY8AkenkE0Cfi0aGAhVbbU\u0022",
        "Last-Modified": "Thu, 02 Nov 2023 00:15:47 GMT",
        "Link": "\u003C/kv?snapshot=key58531951300\u0026api-version=2023-10-01\u003E; rel=\u0022items\u0022",
        "Strict-Transport-Security": "max-age=15724800; includeSubDomains",
        "Sync-Token": "zAJw6V16=NjoxNSM1MzI1NjI2;sn=5325626",
        "Transfer-Encoding": "chunked",
        "x-ms-client-request-id": "2295c47a-ed8f-4204-9cb6-b29a141fc64f",
        "x-ms-correlation-request-id": "9a2ee216-7ef4-44b4-ace4-e42027ab6a02",
        "x-ms-request-id": "9a2ee216-7ef4-44b4-ace4-e42027ab6a02"
      },
      "ResponseBody": {
        "etag": "4vrciwhDwLX9S_7ZjIrABWY8AkenkE0Cfi0aGAhVbbU",
        "name": "key58531951300",
        "status": "archived",
        "filters": [
          {
            "key": "key58531951300-*",
            "label": null
          }
        ],
        "composition_type": "key",
        "created": "2023-11-02T00:15:47\u002B00:00",
        "expires": "2023-11-02T01:15:58.0396415\u002B00:00",
        "size": 2000,
        "items_count": 5,
        "tags": {},
        "retention_period": 3600
      }
    },
    {
      "RequestUri": "https://REDACTED/kv?key=key58531%2A\u0026api-version=2023-10-01\u0026$Select=",
      "RequestMethod": "GET",
      "RequestHeaders": {
        "Accept": "application/vnd.microsoft.azconfig.kv\u002Bjson",
        "Authorization": "Sanitized",
        "Content-Length": "0",
        "Content-Type": "application/json",
        "Date": "Thu, 02 Nov 2023 00:15:58 GMT",
        "Sync-Token": "zAJw6V16=NjoxNSM1MzI1NjI2",
        "User-Agent": "azsdk-java-azure-data-appconfiguration/1.5.0-beta.3 (21; Windows 11; 10.0)",
        "x-ms-client-request-id": "a6ab2caa-659a-48bc-8753-25bf735161c0",
        "x-ms-content-sha256": "47DEQpj8HBSa\u002B/TImW\u002B5JCeuQeRkm5NMpJWZG3hSuFU=",
        "x-ms-return-client-request-id": "true"
      },
      "RequestBody": null,
      "StatusCode": 200,
      "ResponseHeaders": {
        "Access-Control-Allow-Origin": "*",
        "Connection": "keep-alive",
        "Content-Type": "application/vnd.microsoft.appconfig.kvset\u002Bjson; charset=utf-8",
        "Date": "Thu, 02 Nov 2023 00:15:58 GMT",
        "ETag": "\u00228GiH5gwvEfLdW8hwz4jQVUMS_yPXnXc6zdg7AoL12ks\u0022",
        "Strict-Transport-Security": "max-age=15724800; includeSubDomains",
        "Sync-Token": "zAJw6V16=NjoxNSM1MzI1NjI5;sn=5325629",
        "Transfer-Encoding": "chunked",
        "x-ms-client-request-id": "a6ab2caa-659a-48bc-8753-25bf735161c0",
        "x-ms-correlation-request-id": "a9d73eeb-dbd6-4654-9a94-011353b5a638",
        "x-ms-request-id": "a9d73eeb-dbd6-4654-9a94-011353b5a638"
      },
      "ResponseBody": {
        "etag": "8GiH5gwvEfLdW8hwz4jQVUMS_yPXnXc6zdg7AoL12ks",
        "items": [
          {
            "etag": "x29j29BYq78TOhXELiYd60qwuJIvv5G8JKW0ubqd4vk",
            "key": "key58531951300-0",
            "label": null,
            "content_type": null,
            "value": "0-key58531951300",
            "tags": {},
            "locked": false,
            "last_modified": "2023-11-02T00:15:47\u002B00:00"
          },
          {
            "etag": "ENbexG_zaaMRcO_bqxf_r4xb4uZE0xUpk_QTp43UPvc",
            "key": "key58531951300-1",
            "label": null,
            "content_type": null,
            "value": "1-key58531951300",
            "tags": {},
            "locked": false,
            "last_modified": "2023-11-02T00:15:47\u002B00:00"
          },
          {
            "etag": "8yw5TYuLLlIvowhMnoJO74uiXr-R8sXndVJiWati26I",
            "key": "key58531951300-2",
            "label": null,
            "content_type": null,
            "value": "2-key58531951300",
            "tags": {},
            "locked": false,
            "last_modified": "2023-11-02T00:15:47\u002B00:00"
          },
          {
            "etag": "qC14gCcgEuC1rTn1P9xZvq-Q1troxQq844l9kVsf5CY",
            "key": "key58531951300-3",
            "label": null,
            "content_type": null,
            "value": "3-key58531951300",
            "tags": {},
            "locked": false,
            "last_modified": "2023-11-02T00:15:47\u002B00:00"
          },
          {
            "etag": "QFA29HrXd9ik_55u1l98rqiKLRaRNLSw5HghNq4ajfc",
            "key": "key58531951300-4",
            "label": null,
            "content_type": null,
            "value": "4-key58531951300",
            "tags": {},
            "locked": false,
            "last_modified": "2023-11-02T00:15:47\u002B00:00"
          }
        ]
      }
    },
    {
      "RequestUri": "https://REDACTED/kv/key58531951300-0?api-version=2023-10-01",
      "RequestMethod": "DELETE",
      "RequestHeaders": {
        "Accept": "application/vnd.microsoft.azconfig.kv\u002Bjson",
        "Authorization": "Sanitized",
        "Content-Length": "0",
        "Content-Type": "application/json",
        "Date": "Thu, 02 Nov 2023 00:15:58 GMT",
        "Sync-Token": "zAJw6V16=NjoxNSM1MzI1NjI5",
        "User-Agent": "azsdk-java-azure-data-appconfiguration/1.5.0-beta.3 (21; Windows 11; 10.0)",
        "x-ms-client-request-id": "c8e9fab0-7a5b-4e99-b1fc-4cd65cca610e",
        "x-ms-content-sha256": "47DEQpj8HBSa\u002B/TImW\u002B5JCeuQeRkm5NMpJWZG3hSuFU=",
        "x-ms-return-client-request-id": "true"
      },
      "RequestBody": null,
      "StatusCode": 200,
      "ResponseHeaders": {
        "Access-Control-Allow-Origin": "*",
        "Connection": "keep-alive",
        "Content-Type": "application/vnd.microsoft.appconfig.kv\u002Bjson; charset=utf-8",
        "Date": "Thu, 02 Nov 2023 00:15:58 GMT",
        "ETag": "\u0022x29j29BYq78TOhXELiYd60qwuJIvv5G8JKW0ubqd4vk\u0022",
        "Last-Modified": "Thu, 02 Nov 2023 00:15:47 GMT",
        "Strict-Transport-Security": "max-age=15724800; includeSubDomains",
        "Sync-Token": "zAJw6V16=NjoxNSM1MzI1NjMy;sn=5325632",
        "Transfer-Encoding": "chunked",
        "x-ms-client-request-id": "c8e9fab0-7a5b-4e99-b1fc-4cd65cca610e",
        "x-ms-correlation-request-id": "f834c7a7-d550-4b0b-b901-a53ae43ed511",
        "x-ms-request-id": "f834c7a7-d550-4b0b-b901-a53ae43ed511"
      },
      "ResponseBody": {
        "etag": "x29j29BYq78TOhXELiYd60qwuJIvv5G8JKW0ubqd4vk",
        "key": "key58531951300-0",
        "label": null,
        "content_type": null,
        "value": "0-key58531951300",
        "tags": {},
        "locked": false,
        "last_modified": "2023-11-02T00:15:47\u002B00:00"
      }
    },
    {
      "RequestUri": "https://REDACTED/kv/key58531951300-1?api-version=2023-10-01",
      "RequestMethod": "DELETE",
      "RequestHeaders": {
        "Accept": "application/vnd.microsoft.azconfig.kv\u002Bjson",
        "Authorization": "Sanitized",
        "Content-Length": "0",
        "Content-Type": "application/json",
        "Date": "Thu, 02 Nov 2023 00:15:58 GMT",
        "Sync-Token": "zAJw6V16=NjoxNSM1MzI1NjMy",
        "User-Agent": "azsdk-java-azure-data-appconfiguration/1.5.0-beta.3 (21; Windows 11; 10.0)",
        "x-ms-client-request-id": "cfa6725b-7916-4b58-8cce-4e661c3a3edc",
        "x-ms-content-sha256": "47DEQpj8HBSa\u002B/TImW\u002B5JCeuQeRkm5NMpJWZG3hSuFU=",
        "x-ms-return-client-request-id": "true"
      },
      "RequestBody": null,
      "StatusCode": 200,
      "ResponseHeaders": {
        "Access-Control-Allow-Origin": "*",
        "Connection": "keep-alive",
        "Content-Type": "application/vnd.microsoft.appconfig.kv\u002Bjson; charset=utf-8",
        "Date": "Thu, 02 Nov 2023 00:15:58 GMT",
        "ETag": "\u0022ENbexG_zaaMRcO_bqxf_r4xb4uZE0xUpk_QTp43UPvc\u0022",
        "Last-Modified": "Thu, 02 Nov 2023 00:15:47 GMT",
        "Strict-Transport-Security": "max-age=15724800; includeSubDomains",
        "Sync-Token": "zAJw6V16=NjoxNSM1MzI1NjM1;sn=5325635",
        "Transfer-Encoding": "chunked",
        "x-ms-client-request-id": "cfa6725b-7916-4b58-8cce-4e661c3a3edc",
        "x-ms-correlation-request-id": "0789b684-0dc0-4af5-b4b9-1714fdf2f169",
        "x-ms-request-id": "0789b684-0dc0-4af5-b4b9-1714fdf2f169"
      },
      "ResponseBody": {
        "etag": "ENbexG_zaaMRcO_bqxf_r4xb4uZE0xUpk_QTp43UPvc",
        "key": "key58531951300-1",
        "label": null,
        "content_type": null,
        "value": "1-key58531951300",
        "tags": {},
        "locked": false,
        "last_modified": "2023-11-02T00:15:47\u002B00:00"
      }
    },
    {
      "RequestUri": "https://REDACTED/kv/key58531951300-2?api-version=2023-10-01",
      "RequestMethod": "DELETE",
      "RequestHeaders": {
        "Accept": "application/vnd.microsoft.azconfig.kv\u002Bjson",
        "Authorization": "Sanitized",
        "Content-Length": "0",
        "Content-Type": "application/json",
        "Date": "Thu, 02 Nov 2023 00:15:58 GMT",
        "Sync-Token": "zAJw6V16=NjoxNSM1MzI1NjM1",
        "User-Agent": "azsdk-java-azure-data-appconfiguration/1.5.0-beta.3 (21; Windows 11; 10.0)",
        "x-ms-client-request-id": "da976f2e-d6fb-4b85-82b2-9f02ae1dbaa8",
        "x-ms-content-sha256": "47DEQpj8HBSa\u002B/TImW\u002B5JCeuQeRkm5NMpJWZG3hSuFU=",
        "x-ms-return-client-request-id": "true"
      },
      "RequestBody": null,
      "StatusCode": 200,
      "ResponseHeaders": {
        "Access-Control-Allow-Origin": "*",
        "Connection": "keep-alive",
        "Content-Type": "application/vnd.microsoft.appconfig.kv\u002Bjson; charset=utf-8",
        "Date": "Thu, 02 Nov 2023 00:15:58 GMT",
        "ETag": "\u00228yw5TYuLLlIvowhMnoJO74uiXr-R8sXndVJiWati26I\u0022",
        "Last-Modified": "Thu, 02 Nov 2023 00:15:47 GMT",
        "Strict-Transport-Security": "max-age=15724800; includeSubDomains",
        "Sync-Token": "zAJw6V16=NjoxNSM1MzI1NjM4;sn=5325638",
        "Transfer-Encoding": "chunked",
        "x-ms-client-request-id": "da976f2e-d6fb-4b85-82b2-9f02ae1dbaa8",
        "x-ms-correlation-request-id": "82dcd6ce-9ffc-4ab5-9ba2-47266d392bf4",
        "x-ms-request-id": "82dcd6ce-9ffc-4ab5-9ba2-47266d392bf4"
      },
      "ResponseBody": {
        "etag": "8yw5TYuLLlIvowhMnoJO74uiXr-R8sXndVJiWati26I",
        "key": "key58531951300-2",
        "label": null,
        "content_type": null,
        "value": "2-key58531951300",
        "tags": {},
        "locked": false,
        "last_modified": "2023-11-02T00:15:47\u002B00:00"
      }
    },
    {
      "RequestUri": "https://REDACTED/kv/key58531951300-3?api-version=2023-10-01",
      "RequestMethod": "DELETE",
      "RequestHeaders": {
        "Accept": "application/vnd.microsoft.azconfig.kv\u002Bjson",
        "Authorization": "Sanitized",
        "Content-Length": "0",
        "Content-Type": "application/json",
        "Date": "Thu, 02 Nov 2023 00:15:58 GMT",
        "Sync-Token": "zAJw6V16=NjoxNSM1MzI1NjM4",
        "User-Agent": "azsdk-java-azure-data-appconfiguration/1.5.0-beta.3 (21; Windows 11; 10.0)",
        "x-ms-client-request-id": "7926ca8e-77c4-48fa-a556-7f4036bb173c",
        "x-ms-content-sha256": "47DEQpj8HBSa\u002B/TImW\u002B5JCeuQeRkm5NMpJWZG3hSuFU=",
        "x-ms-return-client-request-id": "true"
      },
      "RequestBody": null,
      "StatusCode": 200,
      "ResponseHeaders": {
        "Access-Control-Allow-Origin": "*",
        "Connection": "keep-alive",
        "Content-Type": "application/vnd.microsoft.appconfig.kv\u002Bjson; charset=utf-8",
        "Date": "Thu, 02 Nov 2023 00:15:58 GMT",
        "ETag": "\u0022qC14gCcgEuC1rTn1P9xZvq-Q1troxQq844l9kVsf5CY\u0022",
        "Last-Modified": "Thu, 02 Nov 2023 00:15:47 GMT",
        "Strict-Transport-Security": "max-age=15724800; includeSubDomains",
        "Sync-Token": "zAJw6V16=NjoxNSM1MzI1NjQx;sn=5325641",
        "Transfer-Encoding": "chunked",
        "x-ms-client-request-id": "7926ca8e-77c4-48fa-a556-7f4036bb173c",
        "x-ms-correlation-request-id": "959362b2-e6df-46ae-b240-cdd79663f772",
        "x-ms-request-id": "959362b2-e6df-46ae-b240-cdd79663f772"
      },
      "ResponseBody": {
        "etag": "qC14gCcgEuC1rTn1P9xZvq-Q1troxQq844l9kVsf5CY",
        "key": "key58531951300-3",
        "label": null,
        "content_type": null,
        "value": "3-key58531951300",
        "tags": {},
        "locked": false,
        "last_modified": "2023-11-02T00:15:47\u002B00:00"
      }
    },
    {
      "RequestUri": "https://REDACTED/kv/key58531951300-4?api-version=2023-10-01",
      "RequestMethod": "DELETE",
      "RequestHeaders": {
        "Accept": "application/vnd.microsoft.azconfig.kv\u002Bjson",
        "Authorization": "Sanitized",
        "Content-Length": "0",
        "Content-Type": "application/json",
        "Date": "Thu, 02 Nov 2023 00:15:58 GMT",
        "Sync-Token": "zAJw6V16=NjoxNSM1MzI1NjQx",
        "User-Agent": "azsdk-java-azure-data-appconfiguration/1.5.0-beta.3 (21; Windows 11; 10.0)",
        "x-ms-client-request-id": "c81093c5-b313-4103-9309-145ba15c8ef7",
        "x-ms-content-sha256": "47DEQpj8HBSa\u002B/TImW\u002B5JCeuQeRkm5NMpJWZG3hSuFU=",
        "x-ms-return-client-request-id": "true"
      },
      "RequestBody": null,
      "StatusCode": 200,
      "ResponseHeaders": {
        "Access-Control-Allow-Origin": "*",
        "Connection": "keep-alive",
        "Content-Type": "application/vnd.microsoft.appconfig.kv\u002Bjson; charset=utf-8",
        "Date": "Thu, 02 Nov 2023 00:15:58 GMT",
        "ETag": "\u0022QFA29HrXd9ik_55u1l98rqiKLRaRNLSw5HghNq4ajfc\u0022",
        "Last-Modified": "Thu, 02 Nov 2023 00:15:47 GMT",
        "Strict-Transport-Security": "max-age=15724800; includeSubDomains",
        "Sync-Token": "zAJw6V16=NjoxNSM1MzI1NjQ0;sn=5325644",
        "Transfer-Encoding": "chunked",
        "x-ms-client-request-id": "c81093c5-b313-4103-9309-145ba15c8ef7",
        "x-ms-correlation-request-id": "218e8d3c-6409-42c0-bd02-177ffac51982",
        "x-ms-request-id": "218e8d3c-6409-42c0-bd02-177ffac51982"
      },
      "ResponseBody": {
        "etag": "QFA29HrXd9ik_55u1l98rqiKLRaRNLSw5HghNq4ajfc",
        "key": "key58531951300-4",
        "label": null,
        "content_type": null,
        "value": "4-key58531951300",
        "tags": {},
        "locked": false,
        "last_modified": "2023-11-02T00:15:47\u002B00:00"
      }
    }
  ],
  "Variables": {
    "0": "key58531",
    "1": "e4b0e222",
    "2": "key58531951300"
  }
}
