{
  "Entries": [
    {
      "RequestUri": "https://REDACTED/kv/key2561202117b?api-version=2023-11-01",
      "RequestMethod": "PUT",
      "RequestHeaders": {
        "Accept": "application/vnd.microsoft.azconfig.kv+json",
        "Authorization": "Sanitized",
        "Content-Length": "49",
        "Content-Type": "application/json",
        "Date": "Tue, 11 Jun 2024 18:19:53 GMT",
        "If-None-Match": "*",
        "Sync-Token": "",
        "User-Agent": "azsdk-java-azure-data-appconfiguration/1.7.0-beta.1 (21; Windows 11; 10.0)",
        "x-ms-client-request-id": "Sanitized",
        "x-ms-content-sha256": "Sanitized",
        "x-ms-return-client-request-id": "true"
      },
      "RequestBody": {
        "key": "key2561202117b",
        "tags": {},
        "locked": false
      },
      "StatusCode": 200,
      "ResponseHeaders": {
        "Access-Control-Allow-Origin": "*",
        "Connection": "keep-alive",
        "Content-Type": "application/vnd.microsoft.appconfig.kv+json; charset=utf-8",
        "Date": "Tue, 11 Jun 2024 18:19:53 GMT",
        "ETag": "\"uM21WvQHBh-7nDx07OZGpB8qqcvLnhL9pp_HBrzobok\"",
        "Last-Modified": "Tue, 11 Jun 2024 18:19:53 GMT",
        "Strict-Transport-Security": "max-age=31536000; includeSubDomains",
        "Sync-Token": "zAJw6V16=MzoxNSM1NTk1NDY0;sn=5595464",
        "Transfer-Encoding": "chunked",
        "x-ms-client-request-id": "Sanitized",
        "x-ms-correlation-request-id": "1c0ad415-9f1c-492d-a1a7-d97b9ade68a3",
        "x-ms-request-id": "Sanitized"
      },
      "ResponseBody": {
        "etag": "Sanitized",
        "key": "key2561202117b",
        "label": null,
        "content_type": null,
        "value": null,
        "tags": {},
        "locked": false,
        "last_modified": "2024-06-11T18:19:53+00:00"
      }
    },
    {
      "RequestUri": "https://REDACTED/kv/key2561202117b?api-version=2023-11-01",
      "RequestMethod": "GET",
      "RequestHeaders": {
        "Accept": "application/vnd.microsoft.azconfig.kv+json",
        "Authorization": "Sanitized",
        "Content-Length": "0",
        "Content-Type": "application/json",
        "Date": "Tue, 11 Jun 2024 18:19:53 GMT",
        "Sync-Token": "zAJw6V16=MzoxNSM1NTk1NDY0",
        "User-Agent": "azsdk-java-azure-data-appconfiguration/1.7.0-beta.1 (21; Windows 11; 10.0)",
        "x-ms-client-request-id": "Sanitized",
        "x-ms-content-sha256": "Sanitized",
        "x-ms-return-client-request-id": "true"
      },
      "RequestBody": null,
      "StatusCode": 200,
      "ResponseHeaders": {
        "Access-Control-Allow-Origin": "*",
        "Connection": "keep-alive",
        "Content-Type": "application/vnd.microsoft.appconfig.kv+json; charset=utf-8",
        "Date": "Tue, 11 Jun 2024 18:19:53 GMT",
        "ETag": "\"uM21WvQHBh-7nDx07OZGpB8qqcvLnhL9pp_HBrzobok\"",
        "Last-Modified": "Tue, 11 Jun 2024 18:19:53 GMT",
        "Strict-Transport-Security": "max-age=31536000; includeSubDomains",
        "Sync-Token": "zAJw6V16=MzoxNSM1NTk1NDY2;sn=5595466",
        "Transfer-Encoding": "chunked",
        "x-ms-client-request-id": "Sanitized",
        "x-ms-correlation-request-id": "7133f69d-19ab-4686-b7c8-c0e1b69a62c4",
        "x-ms-request-id": "Sanitized"
      },
      "ResponseBody": {
        "etag": "Sanitized",
        "key": "key2561202117b",
        "label": null,
        "content_type": null,
        "value": null,
        "tags": {},
        "locked": false,
        "last_modified": "2024-06-11T18:19:53+00:00"
      }
    },
    {
      "RequestUri": "https://REDACTED/kv/key2561202117b-1?api-version=2023-11-01",
      "RequestMethod": "PUT",
      "RequestHeaders": {
        "Accept": "application/vnd.microsoft.azconfig.kv+json",
        "Authorization": "Sanitized",
        "Content-Length": "62",
        "Content-Type": "application/json",
        "Date": "Tue, 11 Jun 2024 18:19:53 GMT",
        "If-None-Match": "*",
        "Sync-Token": "zAJw6V16=MzoxNSM1NTk1NDY2",
        "User-Agent": "azsdk-java-azure-data-appconfiguration/1.7.0-beta.1 (21; Windows 11; 10.0)",
        "x-ms-client-request-id": "Sanitized",
        "x-ms-content-sha256": "Sanitized",
        "x-ms-return-client-request-id": "true"
      },
      "RequestBody": {
        "key": "key2561202117b-1",
        "value": "",
        "tags": {},
        "locked": false
      },
      "StatusCode": 200,
      "ResponseHeaders": {
        "Access-Control-Allow-Origin": "*",
        "Connection": "keep-alive",
        "Content-Type": "application/vnd.microsoft.appconfig.kv+json; charset=utf-8",
        "Date": "Tue, 11 Jun 2024 18:19:53 GMT",
        "ETag": "\"qhkBe3gkL8nb5A7m23DkZtIzg3_DbD5LwmWnNb6c1VQ\"",
        "Last-Modified": "Tue, 11 Jun 2024 18:19:53 GMT",
        "Strict-Transport-Security": "max-age=31536000; includeSubDomains",
        "Sync-Token": "zAJw6V16=MzoxNSM1NTk1NDcw;sn=5595470",
        "Transfer-Encoding": "chunked",
        "x-ms-client-request-id": "Sanitized",
        "x-ms-correlation-request-id": "0b52c705-06e5-4ec3-a010-468f4ee86a23",
        "x-ms-request-id": "Sanitized"
      },
      "ResponseBody": {
        "etag": "Sanitized",
        "key": "key2561202117b-1",
        "label": null,
        "content_type": null,
        "value": "",
        "tags": {},
        "locked": false,
        "last_modified": "2024-06-11T18:19:53+00:00"
      }
    },
    {
      "RequestUri": "https://REDACTED/kv/key2561202117b-1?api-version=2023-11-01",
      "RequestMethod": "GET",
      "RequestHeaders": {
        "Accept": "application/vnd.microsoft.azconfig.kv+json",
        "Authorization": "Sanitized",
        "Content-Length": "0",
        "Content-Type": "application/json",
        "Date": "Tue, 11 Jun 2024 18:19:53 GMT",
        "Sync-Token": "zAJw6V16=MzoxNSM1NTk1NDcw",
        "User-Agent": "azsdk-java-azure-data-appconfiguration/1.7.0-beta.1 (21; Windows 11; 10.0)",
        "x-ms-client-request-id": "Sanitized",
        "x-ms-content-sha256": "Sanitized",
        "x-ms-return-client-request-id": "true"
      },
      "RequestBody": null,
      "StatusCode": 200,
      "ResponseHeaders": {
        "Access-Control-Allow-Origin": "*",
        "Connection": "keep-alive",
        "Content-Type": "application/vnd.microsoft.appconfig.kv+json; charset=utf-8",
        "Date": "Tue, 11 Jun 2024 18:19:53 GMT",
        "ETag": "\"qhkBe3gkL8nb5A7m23DkZtIzg3_DbD5LwmWnNb6c1VQ\"",
        "Last-Modified": "Tue, 11 Jun 2024 18:19:53 GMT",
        "Strict-Transport-Security": "max-age=31536000; includeSubDomains",
        "Sync-Token": "zAJw6V16=MzoxNSM1NTk1NDcy;sn=5595472",
        "Transfer-Encoding": "chunked",
        "x-ms-client-request-id": "Sanitized",
        "x-ms-correlation-request-id": "bf5c88a6-4920-4348-9c3c-18b73c0fdb7e",
        "x-ms-request-id": "Sanitized"
      },
      "ResponseBody": {
        "etag": "Sanitized",
        "key": "key2561202117b-1",
        "label": null,
        "content_type": null,
        "value": "",
        "tags": {},
        "locked": false,
        "last_modified": "2024-06-11T18:19:53+00:00"
      }
    },
    {
      "RequestUri": "https://REDACTED/kv?key=key25612%2A&api-version=2023-11-01&$Select=",
      "RequestMethod": "GET",
      "RequestHeaders": {
        "Accept": "application/vnd.microsoft.azconfig.kv+json",
        "Authorization": "Sanitized",
        "Content-Length": "0",
        "Content-Type": "application/json",
        "Date": "Tue, 11 Jun 2024 18:19:53 GMT",
        "Sync-Token": "zAJw6V16=MzoxNSM1NTk1NDcy",
        "User-Agent": "azsdk-java-azure-data-appconfiguration/1.7.0-beta.1 (21; Windows 11; 10.0)",
        "x-ms-client-request-id": "Sanitized",
        "x-ms-content-sha256": "Sanitized",
        "x-ms-return-client-request-id": "true"
      },
      "RequestBody": null,
      "StatusCode": 200,
      "ResponseHeaders": {
        "Access-Control-Allow-Origin": "*",
        "Connection": "keep-alive",
        "Content-Type": "application/vnd.microsoft.appconfig.kvset+json; charset=utf-8",
        "Date": "Tue, 11 Jun 2024 18:19:53 GMT",
        "ETag": "\"c6qEltco5G_5msEkHnka1zKTpfh7SZul8ju3dz8-gfc\"",
        "Strict-Transport-Security": "max-age=31536000; includeSubDomains",
        "Sync-Token": "zAJw6V16=MzoxNSM1NTk1NDc3;sn=5595477",
        "Transfer-Encoding": "chunked",
        "x-ms-client-request-id": "Sanitized",
        "x-ms-correlation-request-id": "7229bfd0-91bd-401a-a161-77700ec95bbd",
        "x-ms-request-id": "Sanitized"
      },
      "ResponseBody": {
        "etag": "Sanitized",
        "items": [
          {
            "etag": "Sanitized",
            "key": "key2561202117b",
            "label": null,
            "content_type": null,
            "value": null,
            "tags": {},
            "locked": false,
            "last_modified": "2024-06-11T18:19:53+00:00"
          },
          {
            "etag": "Sanitized",
            "key": "key2561202117b-1",
            "label": null,
            "content_type": null,
            "value": "",
            "tags": {},
            "locked": false,
            "last_modified": "2024-06-11T18:19:53+00:00"
          }
        ]
      }
    },
    {
      "RequestUri": "https://REDACTED/kv/key2561202117b?api-version=2023-11-01",
      "RequestMethod": "DELETE",
      "RequestHeaders": {
        "Accept": "application/vnd.microsoft.azconfig.kv+json",
        "Authorization": "Sanitized",
        "Content-Length": "0",
        "Content-Type": "application/json",
        "Date": "Tue, 11 Jun 2024 18:19:53 GMT",
        "Sync-Token": "zAJw6V16=MzoxNSM1NTk1NDc3",
        "User-Agent": "azsdk-java-azure-data-appconfiguration/1.7.0-beta.1 (21; Windows 11; 10.0)",
        "x-ms-client-request-id": "Sanitized",
        "x-ms-content-sha256": "Sanitized",
        "x-ms-return-client-request-id": "true"
      },
      "RequestBody": null,
      "StatusCode": 200,
      "ResponseHeaders": {
        "Access-Control-Allow-Origin": "*",
        "Connection": "keep-alive",
        "Content-Type": "application/vnd.microsoft.appconfig.kv+json; charset=utf-8",
        "Date": "Tue, 11 Jun 2024 18:19:54 GMT",
        "ETag": "\"uM21WvQHBh-7nDx07OZGpB8qqcvLnhL9pp_HBrzobok\"",
        "Last-Modified": "Tue, 11 Jun 2024 18:19:53 GMT",
        "Strict-Transport-Security": "max-age=31536000; includeSubDomains",
        "Sync-Token": "zAJw6V16=MzoxNSM1NTk1NDgx;sn=5595481",
        "Transfer-Encoding": "chunked",
        "x-ms-client-request-id": "Sanitized",
        "x-ms-correlation-request-id": "bb98ce9c-fd61-4c4f-ab89-f25212be95f4",
        "x-ms-request-id": "Sanitized"
      },
      "ResponseBody": {
        "etag": "Sanitized",
        "key": "key2561202117b",
        "label": null,
        "content_type": null,
        "value": null,
        "tags": {},
        "locked": false,
        "last_modified": "2024-06-11T18:19:53+00:00"
      }
    },
    {
      "RequestUri": "https://REDACTED/kv/key2561202117b-1?api-version=2023-11-01",
      "RequestMethod": "DELETE",
      "RequestHeaders": {
        "Accept": "application/vnd.microsoft.azconfig.kv+json",
        "Authorization": "Sanitized",
        "Content-Length": "0",
        "Content-Type": "application/json",
        "Date": "Tue, 11 Jun 2024 18:19:53 GMT",
        "Sync-Token": "zAJw6V16=MzoxNSM1NTk1NDgx",
        "User-Agent": "azsdk-java-azure-data-appconfiguration/1.7.0-beta.1 (21; Windows 11; 10.0)",
        "x-ms-client-request-id": "Sanitized",
        "x-ms-content-sha256": "Sanitized",
        "x-ms-return-client-request-id": "true"
      },
      "RequestBody": null,
      "StatusCode": 200,
      "ResponseHeaders": {
        "Access-Control-Allow-Origin": "*",
        "Connection": "keep-alive",
        "Content-Type": "application/vnd.microsoft.appconfig.kv+json; charset=utf-8",
        "Date": "Tue, 11 Jun 2024 18:19:54 GMT",
        "ETag": "\"qhkBe3gkL8nb5A7m23DkZtIzg3_DbD5LwmWnNb6c1VQ\"",
        "Last-Modified": "Tue, 11 Jun 2024 18:19:53 GMT",
        "Strict-Transport-Security": "max-age=31536000; includeSubDomains",
        "Sync-Token": "zAJw6V16=MzoxNSM1NTk1NDg2;sn=5595486",
        "Transfer-Encoding": "chunked",
        "x-ms-client-request-id": "Sanitized",
        "x-ms-correlation-request-id": "d875aa58-844d-43b6-a23c-8760fb413ce8",
        "x-ms-request-id": "Sanitized"
      },
      "ResponseBody": {
        "etag": "Sanitized",
        "key": "key2561202117b-1",
        "label": null,
        "content_type": null,
        "value": "",
        "tags": {},
        "locked": false,
        "last_modified": "2024-06-11T18:19:53+00:00"
      }
    }
  ],
  "Variables": {
    "0": "key25612",
    "1": "0837ce4e",
    "2": "key2561202117b"
  }
}
