{
  "Entries": [
    {
      "RequestUri": "https://REDACTED/kv/key82446470784?api-version=2023-11-01",
      "RequestMethod": "PUT",
      "RequestHeaders": {
        "Accept": "application/vnd.microsoft.azconfig.kv+json",
        "Authorization": "Sanitized",
        "Content-Length": "67",
        "Content-Type": "application/json",
        "Date": "Thu, 13 Jun 2024 21:07:07 GMT",
        "If-None-Match": "*",
        "Sync-Token": "",
        "User-Agent": "azsdk-java-azure-data-appconfiguration/1.7.0-beta.1 (21; Windows 11; 10.0)",
        "x-ms-client-request-id": "Sanitized",
        "x-ms-return-client-request-id": "true"
      },
      "RequestBody": {
        "key": "key82446470784",
        "value": "myValue",
        "tags": {},
        "locked": false
      },
      "StatusCode": 200,
      "ResponseHeaders": {
        "Access-Control-Allow-Origin": "*",
        "Connection": "keep-alive",
        "Content-Type": "application/vnd.microsoft.appconfig.kv+json; charset=utf-8",
        "Date": "Thu, 13 Jun 2024 21:07:09 GMT",
        "ETag": "\"GfNwC7RYe52HbnLqd8aIKXX5tfFO7fxB8XgguS7bn-g\"",
        "Last-Modified": "Thu, 13 Jun 2024 21:07:09 GMT",
        "Strict-Transport-Security": "max-age=31536000; includeSubDomains",
        "Sync-Token": "zAJw6V16=MzoxNSM1NjAzMzcz;sn=5603373",
        "Transfer-Encoding": "chunked",
        "x-ms-client-request-id": "Sanitized",
        "x-ms-correlation-request-id": "8db5c73f-d0c1-4711-b34f-f813f20110d9",
        "x-ms-request-id": "Sanitized"
      },
      "ResponseBody": {
        "etag": "Sanitized",
        "key": "key82446470784",
        "label": null,
        "content_type": null,
        "value": "myValue",
        "tags": {},
        "locked": false,
        "last_modified": "2024-06-13T21:07:09+00:00"
      }
    },
    {
      "RequestUri": "https://REDACTED/locks/key82446470784?api-version=2023-11-01",
      "RequestMethod": "PUT",
      "RequestHeaders": {
        "Accept": "application/vnd.microsoft.azconfig.kv+json",
        "Authorization": "Sanitized",
        "Content-Length": "0",
        "Content-Type": "application/json",
        "Date": "Thu, 13 Jun 2024 21:07:09 GMT",
        "Sync-Token": "zAJw6V16=MzoxNSM1NjAzMzcz",
        "User-Agent": "azsdk-java-azure-data-appconfiguration/1.7.0-beta.1 (21; Windows 11; 10.0)",
        "x-ms-client-request-id": "Sanitized",
        "x-ms-return-client-request-id": "true"
      },
      "RequestBody": null,
      "StatusCode": 200,
      "ResponseHeaders": {
        "Access-Control-Allow-Origin": "*",
        "Connection": "keep-alive",
        "Content-Type": "application/vnd.microsoft.appconfig.kv+json; charset=utf-8",
        "Date": "Thu, 13 Jun 2024 21:07:09 GMT",
        "ETag": "\"RNieB1luYWz1-gRxMWxPUKyGlsfRz1NhEV1NiF72ddE\"",
        "Last-Modified": "Thu, 13 Jun 2024 21:07:09 GMT",
        "Strict-Transport-Security": "max-age=31536000; includeSubDomains",
        "Sync-Token": "zAJw6V16=MzoxNSM1NjAzMzc2;sn=5603376",
        "Transfer-Encoding": "chunked",
        "x-ms-client-request-id": "Sanitized",
        "x-ms-correlation-request-id": "7b951115-137a-4f13-9277-6c604672c675",
        "x-ms-request-id": "Sanitized"
      },
      "ResponseBody": {
        "etag": "Sanitized",
        "key": "key82446470784",
        "label": null,
        "content_type": null,
        "value": "myValue",
        "tags": {},
        "locked": true,
        "last_modified": "2024-06-13T21:07:09+00:00"
      }
    },
    {
      "RequestUri": "https://REDACTED/kv/key82446470784?api-version=2023-11-01",
      "RequestMethod": "DELETE",
      "RequestHeaders": {
        "Accept": "application/vnd.microsoft.azconfig.kv+json",
        "Authorization": "Sanitized",
        "Content-Length": "0",
        "Content-Type": "application/json",
        "Date": "Thu, 13 Jun 2024 21:07:09 GMT",
        "Sync-Token": "zAJw6V16=MzoxNSM1NjAzMzc2",
        "User-Agent": "azsdk-java-azure-data-appconfiguration/1.7.0-beta.1 (21; Windows 11; 10.0)",
        "x-ms-client-request-id": "Sanitized",
        "x-ms-return-client-request-id": "true"
      },
      "RequestBody": null,
      "StatusCode": 409,
      "ResponseHeaders": {
        "Access-Control-Allow-Origin": "*",
        "Connection": "keep-alive",
        "Content-Type": "application/problem+json; charset=utf-8",
        "Date": "Thu, 13 Jun 2024 21:07:09 GMT",
        "Strict-Transport-Security": "max-age=31536000; includeSubDomains",
        "Sync-Token": "zAJw6V16=MzoxNSM1NjAzMzc5;sn=5603379",
        "Transfer-Encoding": "chunked",
        "x-ms-client-request-id": "Sanitized",
        "x-ms-correlation-request-id": "6f06e88d-5d02-4d4d-816a-85d3a6a3252f",
        "x-ms-request-id": "Sanitized"
      },
      "ResponseBody": {
        "type": "https://azconfig.io/errors/key-locked",
        "title": "Modifing key 'key82446470784' is not allowed",
        "name": "key82446470784",
        "detail": "The key is read-only. To allow modification unlock it first.",
        "status": 409
      }
    },
    {
      "RequestUri": "https://REDACTED/locks/key82446470784?api-version=2023-11-01",
      "RequestMethod": "DELETE",
      "RequestHeaders": {
        "Accept": "application/vnd.microsoft.azconfig.kv+json",
        "Authorization": "Sanitized",
        "Content-Length": "0",
        "Content-Type": "application/json",
        "Date": "Thu, 13 Jun 2024 21:07:09 GMT",
        "Sync-Token": "zAJw6V16=MzoxNSM1NjAzMzc5",
        "User-Agent": "azsdk-java-azure-data-appconfiguration/1.7.0-beta.1 (21; Windows 11; 10.0)",
        "x-ms-client-request-id": "Sanitized",
        "x-ms-return-client-request-id": "true"
      },
      "RequestBody": null,
      "StatusCode": 200,
      "ResponseHeaders": {
        "Access-Control-Allow-Origin": "*",
        "Connection": "keep-alive",
        "Content-Type": "application/vnd.microsoft.appconfig.kv+json; charset=utf-8",
        "Date": "Thu, 13 Jun 2024 21:07:09 GMT",
        "ETag": "\"3PuwOkWxFPG4u3AqChDwrCVtRkuT9hrOgvbe_Z0h8Xc\"",
        "Last-Modified": "Thu, 13 Jun 2024 21:07:09 GMT",
        "Strict-Transport-Security": "max-age=31536000; includeSubDomains",
        "Sync-Token": "zAJw6V16=MzoxNSM1NjAzMzgy;sn=5603382",
        "Transfer-Encoding": "chunked",
        "x-ms-client-request-id": "Sanitized",
        "x-ms-correlation-request-id": "fa584f5d-d5ad-40f9-9dd3-02340bb0c0b3",
        "x-ms-request-id": "Sanitized"
      },
      "ResponseBody": {
        "etag": "Sanitized",
        "key": "key82446470784",
        "label": null,
        "content_type": null,
        "value": "myValue",
        "tags": {},
        "locked": false,
        "last_modified": "2024-06-13T21:07:09+00:00"
      }
    },
    {
      "RequestUri": "https://REDACTED/kv/key82446470784?api-version=2023-11-01",
      "RequestMethod": "DELETE",
      "RequestHeaders": {
        "Accept": "application/vnd.microsoft.azconfig.kv+json",
        "Authorization": "Sanitized",
        "Content-Length": "0",
        "Content-Type": "application/json",
        "Date": "Thu, 13 Jun 2024 21:07:10 GMT",
        "Sync-Token": "zAJw6V16=MzoxNSM1NjAzMzgy",
        "User-Agent": "azsdk-java-azure-data-appconfiguration/1.7.0-beta.1 (21; Windows 11; 10.0)",
        "x-ms-client-request-id": "Sanitized",
        "x-ms-return-client-request-id": "true"
      },
      "RequestBody": null,
      "StatusCode": 200,
      "ResponseHeaders": {
        "Access-Control-Allow-Origin": "*",
        "Connection": "keep-alive",
        "Content-Type": "application/vnd.microsoft.appconfig.kv+json; charset=utf-8",
        "Date": "Thu, 13 Jun 2024 21:07:09 GMT",
        "ETag": "\"3PuwOkWxFPG4u3AqChDwrCVtRkuT9hrOgvbe_Z0h8Xc\"",
        "Last-Modified": "Thu, 13 Jun 2024 21:07:09 GMT",
        "Strict-Transport-Security": "max-age=31536000; includeSubDomains",
        "Sync-Token": "zAJw6V16=MzoxNSM1NjAzMzg2;sn=5603386",
        "Transfer-Encoding": "chunked",
        "x-ms-client-request-id": "Sanitized",
        "x-ms-correlation-request-id": "f543060d-d28a-4905-b6dc-e22146758163",
        "x-ms-request-id": "Sanitized"
      },
      "ResponseBody": {
        "etag": "Sanitized",
        "key": "key82446470784",
        "label": null,
        "content_type": null,
        "value": "myValue",
        "tags": {},
        "locked": false,
        "last_modified": "2024-06-13T21:07:09+00:00"
      }
    },
    {
      "RequestUri": "https://REDACTED/kv?key=key82446%2A&api-version=2023-11-01&$Select=",
      "RequestMethod": "GET",
      "RequestHeaders": {
        "Accept": "application/vnd.microsoft.azconfig.kv+json",
        "Authorization": "Sanitized",
        "Content-Length": "0",
        "Content-Type": "application/json",
        "Date": "Thu, 13 Jun 2024 21:07:10 GMT",
        "Sync-Token": "zAJw6V16=MzoxNSM1NjAzMzg2",
        "User-Agent": "azsdk-java-azure-data-appconfiguration/1.7.0-beta.1 (21; Windows 11; 10.0)",
        "x-ms-client-request-id": "Sanitized",
        "x-ms-return-client-request-id": "true"
      },
      "RequestBody": null,
      "StatusCode": 200,
      "ResponseHeaders": {
        "Access-Control-Allow-Origin": "*",
        "Connection": "keep-alive",
        "Content-Type": "application/vnd.microsoft.appconfig.kvset+json; charset=utf-8",
        "Date": "Thu, 13 Jun 2024 21:07:09 GMT",
        "ETag": "\"00wWELzclWef22f82qcUDI7FbJweVOoKWZDA_JoUeD0\"",
        "Strict-Transport-Security": "max-age=31536000; includeSubDomains",
        "Sync-Token": "zAJw6V16=MzoxNSM1NjAzMzg4;sn=5603388",
        "Transfer-Encoding": "chunked",
        "x-ms-client-request-id": "Sanitized",
        "x-ms-correlation-request-id": "8f829e22-8f3b-4699-8105-7b52c92bc13a",
        "x-ms-request-id": "Sanitized"
      },
      "ResponseBody": {
        "etag": "Sanitized",
        "items": []
      }
    }
  ],
  "Variables": {
    "0": "key82446",
    "1": "label62046",
    "2": "key82446470784"
  }
}
