{
  "Entries": [
    {
      "RequestUri": "https://REDACTED/kv/key6976524959d?api-version=2022-11-01-preview",
      "RequestMethod": "PUT",
      "RequestHeaders": {
        "Accept": "application/vnd.microsoft.azconfig.kv\u002Bjson",
        "Authorization": "Sanitized",
        "Content-Length": "87",
        "Content-Type": "application/json",
        "Date": "Thu, 22 Jun 2023 17:14:02 GMT",
        "If-Match": "\u0022badETag\u0022",
        "Sync-Token": "",
        "User-Agent": "azsdk-java-azure-data-appconfiguration/1.5.0-beta.1 (11.0.6; Windows 10; 10.0)",
        "x-ms-client-request-id": "f5c8fa05-d8e8-46f4-a708-7c0627c478fe",
        "x-ms-content-sha256": "HeotsQXDmm\u002BUJuHGC0Xg4W3pAzjVPI1pzyFKz2FFpos=",
        "x-ms-return-client-request-id": "true"
      },
      "RequestBody": {
        "key": "key6976524959d",
        "value": "myNewValue",
        "tags": {},
        "locked": false,
        "etag": "badETag"
      },
      "StatusCode": 412,
      "ResponseHeaders": {
        "Access-Control-Allow-Credentials": "true",
        "Access-Control-Allow-Headers": "DNT, X-CustomHeader, Keep-Alive, User-Agent, X-Requested-With, If-Modified-Since, Cache-Control, Content-Type, Authorization, x-ms-client-request-id, x-ms-useragent, x-ms-content-sha256, x-ms-date, host, Accept, Accept-Datetime, Date, If-Match, If-None-Match, Sync-Token, x-ms-return-client-request-id, ETag, Last-Modified, Link, Memento-Datetime, retry-after-ms, x-ms-request-id, x-ms-client-session-id, x-ms-effective-locale, WWW-Authenticate, traceparent, tracestate",
        "Access-Control-Allow-Methods": "GET, PUT, POST, DELETE, PATCH, OPTIONS",
        "Access-Control-Allow-Origin": "*",
        "Access-Control-Expose-Headers": "DNT, X-CustomHeader, Keep-Alive, User-Agent, X-Requested-With, If-Modified-Since, Cache-Control, Content-Type, Authorization, x-ms-client-request-id, x-ms-useragent, x-ms-content-sha256, x-ms-date, host, Accept, Accept-Datetime, Date, If-Match, If-None-Match, Sync-Token, x-ms-return-client-request-id, ETag, Last-Modified, Link, Memento-Datetime, retry-after-ms, x-ms-request-id, x-ms-client-session-id, x-ms-effective-locale, WWW-Authenticate, traceparent, tracestate",
        "Access-Control-Max-Age": "1728000",
        "Connection": "keep-alive",
        "Content-Length": "0",
        "Date": "Thu, 22 Jun 2023 17:14:01 GMT",
        "Strict-Transport-Security": "max-age=15724800; includeSubDomains",
        "Sync-Token": "zAJw6V16=MjY6NSMxNDI2NDQ0;sn=1426444",
        "x-ms-client-request-id": "f5c8fa05-d8e8-46f4-a708-7c0627c478fe",
        "x-ms-correlation-request-id": "2d78130d-48c2-4156-b7f3-f016aaad12fa",
        "x-ms-request-id": "2d78130d-48c2-4156-b7f3-f016aaad12fa",
        "x-ms-resource-group": "shafang",
        "x-ms-subscription-id": "b46f4a1f-c08c-4d25-b620-7b37a7564b0c",
        "x-ms-tenant-name": "shafang-snapshot"
      },
      "ResponseBody": null
    },
    {
      "RequestUri": "https://REDACTED/kv/key6976524959d?api-version=2022-11-01-preview",
      "RequestMethod": "PUT",
      "RequestHeaders": {
        "Accept": "application/vnd.microsoft.azconfig.kv\u002Bjson",
        "Authorization": "Sanitized",
        "Content-Length": "87",
        "Content-Type": "application/json",
        "Date": "Thu, 22 Jun 2023 17:14:03 GMT",
        "If-None-Match": "*",
        "Sync-Token": "zAJw6V16=MjY6NSMxNDI2NDQ0",
        "User-Agent": "azsdk-java-azure-data-appconfiguration/1.5.0-beta.1 (11.0.6; Windows 10; 10.0)",
        "x-ms-client-request-id": "8c7511a3-62d9-452a-87bd-0b6e1f95c006",
        "x-ms-content-sha256": "HeotsQXDmm\u002BUJuHGC0Xg4W3pAzjVPI1pzyFKz2FFpos=",
        "x-ms-return-client-request-id": "true"
      },
      "RequestBody": {
        "key": "key6976524959d",
        "value": "myNewValue",
        "tags": {},
        "locked": false,
        "etag": "badETag"
      },
      "StatusCode": 200,
      "ResponseHeaders": {
        "Access-Control-Allow-Credentials": "true",
        "Access-Control-Allow-Headers": "DNT, X-CustomHeader, Keep-Alive, User-Agent, X-Requested-With, If-Modified-Since, Cache-Control, Content-Type, Authorization, x-ms-client-request-id, x-ms-useragent, x-ms-content-sha256, x-ms-date, host, Accept, Accept-Datetime, Date, If-Match, If-None-Match, Sync-Token, x-ms-return-client-request-id, ETag, Last-Modified, Link, Memento-Datetime, retry-after-ms, x-ms-request-id, x-ms-client-session-id, x-ms-effective-locale, WWW-Authenticate, traceparent, tracestate",
        "Access-Control-Allow-Methods": "GET, PUT, POST, DELETE, PATCH, OPTIONS",
        "Access-Control-Allow-Origin": "*",
        "Access-Control-Expose-Headers": "DNT, X-CustomHeader, Keep-Alive, User-Agent, X-Requested-With, If-Modified-Since, Cache-Control, Content-Type, Authorization, x-ms-client-request-id, x-ms-useragent, x-ms-content-sha256, x-ms-date, host, Accept, Accept-Datetime, Date, If-Match, If-None-Match, Sync-Token, x-ms-return-client-request-id, ETag, Last-Modified, Link, Memento-Datetime, retry-after-ms, x-ms-request-id, x-ms-client-session-id, x-ms-effective-locale, WWW-Authenticate, traceparent, tracestate",
        "Access-Control-Max-Age": "1728000",
        "Connection": "keep-alive",
        "Content-Type": "application/vnd.microsoft.appconfig.kv\u002Bjson; charset=utf-8",
        "Date": "Thu, 22 Jun 2023 17:14:02 GMT",
        "ETag": "\u0022izv83gTNVpSB3ufxK_KHiSVdYZOiqejdQHTzk0nxll4\u0022",
        "Last-Modified": "Thu, 22 Jun 2023 17:14:02 GMT",
        "Strict-Transport-Security": "max-age=15724800; includeSubDomains",
        "Sync-Token": "zAJw6V16=MjY6NSMxNDI2NDQ5;sn=1426449",
        "Transfer-Encoding": "chunked",
        "x-ms-client-request-id": "8c7511a3-62d9-452a-87bd-0b6e1f95c006",
        "x-ms-correlation-request-id": "3a4315b7-9904-401d-95a1-8a7ef90166e3",
        "x-ms-request-id": "3a4315b7-9904-401d-95a1-8a7ef90166e3",
        "x-ms-resource-group": "shafang",
        "x-ms-subscription-id": "b46f4a1f-c08c-4d25-b620-7b37a7564b0c",
        "x-ms-tenant-name": "shafang-snapshot"
      },
      "ResponseBody": {
        "etag": "izv83gTNVpSB3ufxK_KHiSVdYZOiqejdQHTzk0nxll4",
        "key": "key6976524959d",
        "label": null,
        "content_type": null,
        "value": "myNewValue",
        "tags": {},
        "locked": false,
        "last_modified": "2023-06-22T17:14:02\u002B00:00"
      }
    },
    {
      "RequestUri": "https://REDACTED/kv/key6976524959d?api-version=2022-11-01-preview",
      "RequestMethod": "PUT",
      "RequestHeaders": {
        "Accept": "application/vnd.microsoft.azconfig.kv\u002Bjson",
        "Authorization": "Sanitized",
        "Content-Length": "126",
        "Content-Type": "application/json",
        "Date": "Thu, 22 Jun 2023 17:14:03 GMT",
        "If-Match": "\u0022izv83gTNVpSB3ufxK_KHiSVdYZOiqejdQHTzk0nxll4\u0022",
        "Sync-Token": "zAJw6V16=MjY6NSMxNDI2NDQ5",
        "User-Agent": "azsdk-java-azure-data-appconfiguration/1.5.0-beta.1 (11.0.6; Windows 10; 10.0)",
        "x-ms-client-request-id": "129f4864-ce24-402d-b8d3-010d489c2835",
        "x-ms-content-sha256": "vzBDaLanTRmTmR8D12EZXmLwSjUganLYwPXHPzGyu2o=",
        "x-ms-return-client-request-id": "true"
      },
      "RequestBody": {
        "key": "key6976524959d",
        "value": "myUpdateValue",
        "tags": {},
        "locked": false,
        "etag": "izv83gTNVpSB3ufxK_KHiSVdYZOiqejdQHTzk0nxll4"
      },
      "StatusCode": 200,
      "ResponseHeaders": {
        "Access-Control-Allow-Credentials": "true",
        "Access-Control-Allow-Headers": "DNT, X-CustomHeader, Keep-Alive, User-Agent, X-Requested-With, If-Modified-Since, Cache-Control, Content-Type, Authorization, x-ms-client-request-id, x-ms-useragent, x-ms-content-sha256, x-ms-date, host, Accept, Accept-Datetime, Date, If-Match, If-None-Match, Sync-Token, x-ms-return-client-request-id, ETag, Last-Modified, Link, Memento-Datetime, retry-after-ms, x-ms-request-id, x-ms-client-session-id, x-ms-effective-locale, WWW-Authenticate, traceparent, tracestate",
        "Access-Control-Allow-Methods": "GET, PUT, POST, DELETE, PATCH, OPTIONS",
        "Access-Control-Allow-Origin": "*",
        "Access-Control-Expose-Headers": "DNT, X-CustomHeader, Keep-Alive, User-Agent, X-Requested-With, If-Modified-Since, Cache-Control, Content-Type, Authorization, x-ms-client-request-id, x-ms-useragent, x-ms-content-sha256, x-ms-date, host, Accept, Accept-Datetime, Date, If-Match, If-None-Match, Sync-Token, x-ms-return-client-request-id, ETag, Last-Modified, Link, Memento-Datetime, retry-after-ms, x-ms-request-id, x-ms-client-session-id, x-ms-effective-locale, WWW-Authenticate, traceparent, tracestate",
        "Access-Control-Max-Age": "1728000",
        "Connection": "keep-alive",
        "Content-Type": "application/vnd.microsoft.appconfig.kv\u002Bjson; charset=utf-8",
        "Date": "Thu, 22 Jun 2023 17:14:02 GMT",
        "ETag": "\u0022vNAZmrmYpoyRKygP1W3JurRG0NC3WKlWb6DRskMfqWA\u0022",
        "Last-Modified": "Thu, 22 Jun 2023 17:14:02 GMT",
        "Strict-Transport-Security": "max-age=15724800; includeSubDomains",
        "Sync-Token": "zAJw6V16=MjY6NSMxNDI2NDUz;sn=1426453",
        "Transfer-Encoding": "chunked",
        "x-ms-client-request-id": "129f4864-ce24-402d-b8d3-010d489c2835",
        "x-ms-correlation-request-id": "38a28af3-e051-43cd-b9f6-9c58fa4c8b5e",
        "x-ms-request-id": "38a28af3-e051-43cd-b9f6-9c58fa4c8b5e",
        "x-ms-resource-group": "shafang",
        "x-ms-subscription-id": "b46f4a1f-c08c-4d25-b620-7b37a7564b0c",
        "x-ms-tenant-name": "shafang-snapshot"
      },
      "ResponseBody": {
        "etag": "vNAZmrmYpoyRKygP1W3JurRG0NC3WKlWb6DRskMfqWA",
        "key": "key6976524959d",
        "label": null,
        "content_type": null,
        "value": "myUpdateValue",
        "tags": {},
        "locked": false,
        "last_modified": "2023-06-22T17:14:02\u002B00:00"
      }
    },
    {
      "RequestUri": "https://REDACTED/kv/key6976524959d?api-version=2022-11-01-preview",
      "RequestMethod": "PUT",
      "RequestHeaders": {
        "Accept": "application/vnd.microsoft.azconfig.kv\u002Bjson",
        "Authorization": "Sanitized",
        "Content-Length": "87",
        "Content-Type": "application/json",
        "Date": "Thu, 22 Jun 2023 17:14:03 GMT",
        "If-Match": "\u0022badETag\u0022",
        "Sync-Token": "zAJw6V16=MjY6NSMxNDI2NDUz",
        "User-Agent": "azsdk-java-azure-data-appconfiguration/1.5.0-beta.1 (11.0.6; Windows 10; 10.0)",
        "x-ms-client-request-id": "bf535b00-94a0-4377-8075-f704b6141caa",
        "x-ms-content-sha256": "HeotsQXDmm\u002BUJuHGC0Xg4W3pAzjVPI1pzyFKz2FFpos=",
        "x-ms-return-client-request-id": "true"
      },
      "RequestBody": {
        "key": "key6976524959d",
        "value": "myNewValue",
        "tags": {},
        "locked": false,
        "etag": "badETag"
      },
      "StatusCode": 412,
      "ResponseHeaders": {
        "Access-Control-Allow-Credentials": "true",
        "Access-Control-Allow-Headers": "DNT, X-CustomHeader, Keep-Alive, User-Agent, X-Requested-With, If-Modified-Since, Cache-Control, Content-Type, Authorization, x-ms-client-request-id, x-ms-useragent, x-ms-content-sha256, x-ms-date, host, Accept, Accept-Datetime, Date, If-Match, If-None-Match, Sync-Token, x-ms-return-client-request-id, ETag, Last-Modified, Link, Memento-Datetime, retry-after-ms, x-ms-request-id, x-ms-client-session-id, x-ms-effective-locale, WWW-Authenticate, traceparent, tracestate",
        "Access-Control-Allow-Methods": "GET, PUT, POST, DELETE, PATCH, OPTIONS",
        "Access-Control-Allow-Origin": "*",
        "Access-Control-Expose-Headers": "DNT, X-CustomHeader, Keep-Alive, User-Agent, X-Requested-With, If-Modified-Since, Cache-Control, Content-Type, Authorization, x-ms-client-request-id, x-ms-useragent, x-ms-content-sha256, x-ms-date, host, Accept, Accept-Datetime, Date, If-Match, If-None-Match, Sync-Token, x-ms-return-client-request-id, ETag, Last-Modified, Link, Memento-Datetime, retry-after-ms, x-ms-request-id, x-ms-client-session-id, x-ms-effective-locale, WWW-Authenticate, traceparent, tracestate",
        "Access-Control-Max-Age": "1728000",
        "Connection": "keep-alive",
        "Content-Length": "0",
        "Date": "Thu, 22 Jun 2023 17:14:02 GMT",
        "Strict-Transport-Security": "max-age=15724800; includeSubDomains",
        "Sync-Token": "zAJw6V16=MjY6NSMxNDI2NDU3;sn=1426457",
        "x-ms-client-request-id": "bf535b00-94a0-4377-8075-f704b6141caa",
        "x-ms-correlation-request-id": "b29f6827-211d-4047-81cf-8771594ead9e",
        "x-ms-request-id": "b29f6827-211d-4047-81cf-8771594ead9e",
        "x-ms-resource-group": "shafang",
        "x-ms-subscription-id": "b46f4a1f-c08c-4d25-b620-7b37a7564b0c",
        "x-ms-tenant-name": "shafang-snapshot"
      },
      "ResponseBody": null
    },
    {
      "RequestUri": "https://REDACTED/kv/key6976524959d?api-version=2022-11-01-preview",
      "RequestMethod": "GET",
      "RequestHeaders": {
        "Accept": "application/vnd.microsoft.azconfig.kv\u002Bjson",
        "Authorization": "Sanitized",
        "Content-Length": "0",
        "Content-Type": "application/json",
        "Date": "Thu, 22 Jun 2023 17:14:03 GMT",
        "Sync-Token": "zAJw6V16=MjY6NSMxNDI2NDU3",
        "User-Agent": "azsdk-java-azure-data-appconfiguration/1.5.0-beta.1 (11.0.6; Windows 10; 10.0)",
        "x-ms-client-request-id": "30fae42b-572e-454f-8065-fe1d202b1e9c",
        "x-ms-content-sha256": "47DEQpj8HBSa\u002B/TImW\u002B5JCeuQeRkm5NMpJWZG3hSuFU=",
        "x-ms-return-client-request-id": "true"
      },
      "RequestBody": null,
      "StatusCode": 200,
      "ResponseHeaders": {
        "Access-Control-Allow-Credentials": "true",
        "Access-Control-Allow-Headers": "DNT, X-CustomHeader, Keep-Alive, User-Agent, X-Requested-With, If-Modified-Since, Cache-Control, Content-Type, Authorization, x-ms-client-request-id, x-ms-useragent, x-ms-content-sha256, x-ms-date, host, Accept, Accept-Datetime, Date, If-Match, If-None-Match, Sync-Token, x-ms-return-client-request-id, ETag, Last-Modified, Link, Memento-Datetime, retry-after-ms, x-ms-request-id, x-ms-client-session-id, x-ms-effective-locale, WWW-Authenticate, traceparent, tracestate",
        "Access-Control-Allow-Methods": "GET, PUT, POST, DELETE, PATCH, OPTIONS",
        "Access-Control-Allow-Origin": "*",
        "Access-Control-Expose-Headers": "DNT, X-CustomHeader, Keep-Alive, User-Agent, X-Requested-With, If-Modified-Since, Cache-Control, Content-Type, Authorization, x-ms-client-request-id, x-ms-useragent, x-ms-content-sha256, x-ms-date, host, Accept, Accept-Datetime, Date, If-Match, If-None-Match, Sync-Token, x-ms-return-client-request-id, ETag, Last-Modified, Link, Memento-Datetime, retry-after-ms, x-ms-request-id, x-ms-client-session-id, x-ms-effective-locale, WWW-Authenticate, traceparent, tracestate",
        "Access-Control-Max-Age": "1728000",
        "Connection": "keep-alive",
        "Content-Type": "application/vnd.microsoft.appconfig.kv\u002Bjson; charset=utf-8",
        "Date": "Thu, 22 Jun 2023 17:14:02 GMT",
        "ETag": "\u0022vNAZmrmYpoyRKygP1W3JurRG0NC3WKlWb6DRskMfqWA\u0022",
        "Last-Modified": "Thu, 22 Jun 2023 17:14:02 GMT",
        "Strict-Transport-Security": "max-age=15724800; includeSubDomains",
        "Sync-Token": "zAJw6V16=MjY6NSMxNDI2NDU5;sn=1426459",
        "Transfer-Encoding": "chunked",
        "x-ms-client-request-id": "30fae42b-572e-454f-8065-fe1d202b1e9c",
        "x-ms-correlation-request-id": "1364c045-5336-489c-9803-c043873c7870",
        "x-ms-request-id": "1364c045-5336-489c-9803-c043873c7870",
        "x-ms-resource-group": "shafang",
        "x-ms-subscription-id": "b46f4a1f-c08c-4d25-b620-7b37a7564b0c",
        "x-ms-tenant-name": "shafang-snapshot"
      },
      "ResponseBody": {
        "etag": "vNAZmrmYpoyRKygP1W3JurRG0NC3WKlWb6DRskMfqWA",
        "key": "key6976524959d",
        "label": null,
        "content_type": null,
        "value": "myUpdateValue",
        "tags": {},
        "locked": false,
        "last_modified": "2023-06-22T17:14:02\u002B00:00"
      }
    },
    {
      "RequestUri": "https://REDACTED/kv/key6976524959d?label=c1ed7d2a66601a\u0026api-version=2022-11-01-preview",
      "RequestMethod": "PUT",
      "RequestHeaders": {
        "Accept": "application/vnd.microsoft.azconfig.kv\u002Bjson",
        "Authorization": "Sanitized",
        "Content-Length": "112",
        "Content-Type": "application/json",
        "Date": "Thu, 22 Jun 2023 17:14:03 GMT",
        "If-Match": "\u0022badETag\u0022",
        "Sync-Token": "zAJw6V16=MjY6NSMxNDI2NDU5",
        "User-Agent": "azsdk-java-azure-data-appconfiguration/1.5.0-beta.1 (11.0.6; Windows 10; 10.0)",
        "x-ms-client-request-id": "31e40bc5-56b5-4812-8ce6-bc50992e532f",
        "x-ms-content-sha256": "KkNZ7HRIIDMFVhLPvK4ycmq506nYPtublqU0dPkFBdw=",
        "x-ms-return-client-request-id": "true"
      },
      "RequestBody": {
        "key": "key6976524959d",
        "label": "c1ed7d2a66601a",
        "value": "myNewValue",
        "tags": {},
        "locked": false,
        "etag": "badETag"
      },
      "StatusCode": 412,
      "ResponseHeaders": {
        "Access-Control-Allow-Credentials": "true",
        "Access-Control-Allow-Headers": "DNT, X-CustomHeader, Keep-Alive, User-Agent, X-Requested-With, If-Modified-Since, Cache-Control, Content-Type, Authorization, x-ms-client-request-id, x-ms-useragent, x-ms-content-sha256, x-ms-date, host, Accept, Accept-Datetime, Date, If-Match, If-None-Match, Sync-Token, x-ms-return-client-request-id, ETag, Last-Modified, Link, Memento-Datetime, retry-after-ms, x-ms-request-id, x-ms-client-session-id, x-ms-effective-locale, WWW-Authenticate, traceparent, tracestate",
        "Access-Control-Allow-Methods": "GET, PUT, POST, DELETE, PATCH, OPTIONS",
        "Access-Control-Allow-Origin": "*",
        "Access-Control-Expose-Headers": "DNT, X-CustomHeader, Keep-Alive, User-Agent, X-Requested-With, If-Modified-Since, Cache-Control, Content-Type, Authorization, x-ms-client-request-id, x-ms-useragent, x-ms-content-sha256, x-ms-date, host, Accept, Accept-Datetime, Date, If-Match, If-None-Match, Sync-Token, x-ms-return-client-request-id, ETag, Last-Modified, Link, Memento-Datetime, retry-after-ms, x-ms-request-id, x-ms-client-session-id, x-ms-effective-locale, WWW-Authenticate, traceparent, tracestate",
        "Access-Control-Max-Age": "1728000",
        "Connection": "keep-alive",
        "Content-Length": "0",
        "Date": "Thu, 22 Jun 2023 17:14:02 GMT",
        "Strict-Transport-Security": "max-age=15724800; includeSubDomains",
        "Sync-Token": "zAJw6V16=MjY6NSMxNDI2NDU5;sn=1426459",
        "x-ms-client-request-id": "31e40bc5-56b5-4812-8ce6-bc50992e532f",
        "x-ms-correlation-request-id": "b37d7eef-ef4c-4cda-8dea-f0ba8774be5b",
        "x-ms-request-id": "b37d7eef-ef4c-4cda-8dea-f0ba8774be5b",
        "x-ms-resource-group": "shafang",
        "x-ms-subscription-id": "b46f4a1f-c08c-4d25-b620-7b37a7564b0c",
        "x-ms-tenant-name": "shafang-snapshot"
      },
      "ResponseBody": null
    },
    {
      "RequestUri": "https://REDACTED/kv/key6976524959d?label=c1ed7d2a66601a\u0026api-version=2022-11-01-preview",
      "RequestMethod": "PUT",
      "RequestHeaders": {
        "Accept": "application/vnd.microsoft.azconfig.kv\u002Bjson",
        "Authorization": "Sanitized",
        "Content-Length": "112",
        "Content-Type": "application/json",
        "Date": "Thu, 22 Jun 2023 17:14:03 GMT",
        "If-None-Match": "*",
        "Sync-Token": "zAJw6V16=MjY6NSMxNDI2NDU5",
        "User-Agent": "azsdk-java-azure-data-appconfiguration/1.5.0-beta.1 (11.0.6; Windows 10; 10.0)",
        "x-ms-client-request-id": "8fe90bb4-f5a1-45d7-8787-fa2985765260",
        "x-ms-content-sha256": "KkNZ7HRIIDMFVhLPvK4ycmq506nYPtublqU0dPkFBdw=",
        "x-ms-return-client-request-id": "true"
      },
      "RequestBody": {
        "key": "key6976524959d",
        "label": "c1ed7d2a66601a",
        "value": "myNewValue",
        "tags": {},
        "locked": false,
        "etag": "badETag"
      },
      "StatusCode": 200,
      "ResponseHeaders": {
        "Access-Control-Allow-Credentials": "true",
        "Access-Control-Allow-Headers": "DNT, X-CustomHeader, Keep-Alive, User-Agent, X-Requested-With, If-Modified-Since, Cache-Control, Content-Type, Authorization, x-ms-client-request-id, x-ms-useragent, x-ms-content-sha256, x-ms-date, host, Accept, Accept-Datetime, Date, If-Match, If-None-Match, Sync-Token, x-ms-return-client-request-id, ETag, Last-Modified, Link, Memento-Datetime, retry-after-ms, x-ms-request-id, x-ms-client-session-id, x-ms-effective-locale, WWW-Authenticate, traceparent, tracestate",
        "Access-Control-Allow-Methods": "GET, PUT, POST, DELETE, PATCH, OPTIONS",
        "Access-Control-Allow-Origin": "*",
        "Access-Control-Expose-Headers": "DNT, X-CustomHeader, Keep-Alive, User-Agent, X-Requested-With, If-Modified-Since, Cache-Control, Content-Type, Authorization, x-ms-client-request-id, x-ms-useragent, x-ms-content-sha256, x-ms-date, host, Accept, Accept-Datetime, Date, If-Match, If-None-Match, Sync-Token, x-ms-return-client-request-id, ETag, Last-Modified, Link, Memento-Datetime, retry-after-ms, x-ms-request-id, x-ms-client-session-id, x-ms-effective-locale, WWW-Authenticate, traceparent, tracestate",
        "Access-Control-Max-Age": "1728000",
        "Connection": "keep-alive",
        "Content-Type": "application/vnd.microsoft.appconfig.kv\u002Bjson; charset=utf-8",
        "Date": "Thu, 22 Jun 2023 17:14:02 GMT",
        "ETag": "\u0022ebZWA_lodH15aXNODjUz4ExJw_b_VgJw7_utoUNND1A\u0022",
        "Last-Modified": "Thu, 22 Jun 2023 17:14:02 GMT",
        "Strict-Transport-Security": "max-age=15724800; includeSubDomains",
        "Sync-Token": "zAJw6V16=MjY6NSMxNDI2NDYz;sn=1426463",
        "Transfer-Encoding": "chunked",
        "x-ms-client-request-id": "8fe90bb4-f5a1-45d7-8787-fa2985765260",
        "x-ms-correlation-request-id": "ec8ad81d-ccf6-49a3-b643-19a2ee5ef70f",
        "x-ms-request-id": "ec8ad81d-ccf6-49a3-b643-19a2ee5ef70f",
        "x-ms-resource-group": "shafang",
        "x-ms-subscription-id": "b46f4a1f-c08c-4d25-b620-7b37a7564b0c",
        "x-ms-tenant-name": "shafang-snapshot"
      },
      "ResponseBody": {
        "etag": "ebZWA_lodH15aXNODjUz4ExJw_b_VgJw7_utoUNND1A",
        "key": "key6976524959d",
        "label": "c1ed7d2a66601a",
        "content_type": null,
        "value": "myNewValue",
        "tags": {},
        "locked": false,
        "last_modified": "2023-06-22T17:14:02\u002B00:00"
      }
    },
    {
      "RequestUri": "https://REDACTED/kv/key6976524959d?label=c1ed7d2a66601a\u0026api-version=2022-11-01-preview",
      "RequestMethod": "PUT",
      "RequestHeaders": {
        "Accept": "application/vnd.microsoft.azconfig.kv\u002Bjson",
        "Authorization": "Sanitized",
        "Content-Length": "151",
        "Content-Type": "application/json",
        "Date": "Thu, 22 Jun 2023 17:14:03 GMT",
        "If-Match": "\u0022ebZWA_lodH15aXNODjUz4ExJw_b_VgJw7_utoUNND1A\u0022",
        "Sync-Token": "zAJw6V16=MjY6NSMxNDI2NDYz",
        "User-Agent": "azsdk-java-azure-data-appconfiguration/1.5.0-beta.1 (11.0.6; Windows 10; 10.0)",
        "x-ms-client-request-id": "5f5d91b2-b866-4bd6-a2c4-4730bb92e93b",
        "x-ms-content-sha256": "VKFGvLsNqtZAYuxBhtmtanrh2\u002BbVIrEAs3n9yzF3qEw=",
        "x-ms-return-client-request-id": "true"
      },
      "RequestBody": {
        "key": "key6976524959d",
        "label": "c1ed7d2a66601a",
        "value": "myUpdateValue",
        "tags": {},
        "locked": false,
        "etag": "ebZWA_lodH15aXNODjUz4ExJw_b_VgJw7_utoUNND1A"
      },
      "StatusCode": 200,
      "ResponseHeaders": {
        "Access-Control-Allow-Credentials": "true",
        "Access-Control-Allow-Headers": "DNT, X-CustomHeader, Keep-Alive, User-Agent, X-Requested-With, If-Modified-Since, Cache-Control, Content-Type, Authorization, x-ms-client-request-id, x-ms-useragent, x-ms-content-sha256, x-ms-date, host, Accept, Accept-Datetime, Date, If-Match, If-None-Match, Sync-Token, x-ms-return-client-request-id, ETag, Last-Modified, Link, Memento-Datetime, retry-after-ms, x-ms-request-id, x-ms-client-session-id, x-ms-effective-locale, WWW-Authenticate, traceparent, tracestate",
        "Access-Control-Allow-Methods": "GET, PUT, POST, DELETE, PATCH, OPTIONS",
        "Access-Control-Allow-Origin": "*",
        "Access-Control-Expose-Headers": "DNT, X-CustomHeader, Keep-Alive, User-Agent, X-Requested-With, If-Modified-Since, Cache-Control, Content-Type, Authorization, x-ms-client-request-id, x-ms-useragent, x-ms-content-sha256, x-ms-date, host, Accept, Accept-Datetime, Date, If-Match, If-None-Match, Sync-Token, x-ms-return-client-request-id, ETag, Last-Modified, Link, Memento-Datetime, retry-after-ms, x-ms-request-id, x-ms-client-session-id, x-ms-effective-locale, WWW-Authenticate, traceparent, tracestate",
        "Access-Control-Max-Age": "1728000",
        "Connection": "keep-alive",
        "Content-Type": "application/vnd.microsoft.appconfig.kv\u002Bjson; charset=utf-8",
        "Date": "Thu, 22 Jun 2023 17:14:02 GMT",
        "ETag": "\u002215KVDO01jnzLu4MAsT_TGvYfJVNe9n9FMsx38pXSDxs\u0022",
        "Last-Modified": "Thu, 22 Jun 2023 17:14:02 GMT",
        "Strict-Transport-Security": "max-age=15724800; includeSubDomains",
        "Sync-Token": "zAJw6V16=MjY6NSMxNDI2NDY3;sn=1426467",
        "Transfer-Encoding": "chunked",
        "x-ms-client-request-id": "5f5d91b2-b866-4bd6-a2c4-4730bb92e93b",
        "x-ms-correlation-request-id": "726c3641-6453-4e13-a026-f4ec3a22e506",
        "x-ms-request-id": "726c3641-6453-4e13-a026-f4ec3a22e506",
        "x-ms-resource-group": "shafang",
        "x-ms-subscription-id": "b46f4a1f-c08c-4d25-b620-7b37a7564b0c",
        "x-ms-tenant-name": "shafang-snapshot"
      },
      "ResponseBody": {
        "etag": "15KVDO01jnzLu4MAsT_TGvYfJVNe9n9FMsx38pXSDxs",
        "key": "key6976524959d",
        "label": "c1ed7d2a66601a",
        "content_type": null,
        "value": "myUpdateValue",
        "tags": {},
        "locked": false,
        "last_modified": "2023-06-22T17:14:02\u002B00:00"
      }
    },
    {
      "RequestUri": "https://REDACTED/kv/key6976524959d?label=c1ed7d2a66601a\u0026api-version=2022-11-01-preview",
      "RequestMethod": "PUT",
      "RequestHeaders": {
        "Accept": "application/vnd.microsoft.azconfig.kv\u002Bjson",
        "Authorization": "Sanitized",
        "Content-Length": "112",
        "Content-Type": "application/json",
        "Date": "Thu, 22 Jun 2023 17:14:03 GMT",
        "If-Match": "\u0022badETag\u0022",
        "Sync-Token": "zAJw6V16=MjY6NSMxNDI2NDY3",
        "User-Agent": "azsdk-java-azure-data-appconfiguration/1.5.0-beta.1 (11.0.6; Windows 10; 10.0)",
        "x-ms-client-request-id": "10996754-7511-4a98-b442-6f10316ba0dd",
        "x-ms-content-sha256": "KkNZ7HRIIDMFVhLPvK4ycmq506nYPtublqU0dPkFBdw=",
        "x-ms-return-client-request-id": "true"
      },
      "RequestBody": {
        "key": "key6976524959d",
        "label": "c1ed7d2a66601a",
        "value": "myNewValue",
        "tags": {},
        "locked": false,
        "etag": "badETag"
      },
      "StatusCode": 412,
      "ResponseHeaders": {
        "Access-Control-Allow-Credentials": "true",
        "Access-Control-Allow-Headers": "DNT, X-CustomHeader, Keep-Alive, User-Agent, X-Requested-With, If-Modified-Since, Cache-Control, Content-Type, Authorization, x-ms-client-request-id, x-ms-useragent, x-ms-content-sha256, x-ms-date, host, Accept, Accept-Datetime, Date, If-Match, If-None-Match, Sync-Token, x-ms-return-client-request-id, ETag, Last-Modified, Link, Memento-Datetime, retry-after-ms, x-ms-request-id, x-ms-client-session-id, x-ms-effective-locale, WWW-Authenticate, traceparent, tracestate",
        "Access-Control-Allow-Methods": "GET, PUT, POST, DELETE, PATCH, OPTIONS",
        "Access-Control-Allow-Origin": "*",
        "Access-Control-Expose-Headers": "DNT, X-CustomHeader, Keep-Alive, User-Agent, X-Requested-With, If-Modified-Since, Cache-Control, Content-Type, Authorization, x-ms-client-request-id, x-ms-useragent, x-ms-content-sha256, x-ms-date, host, Accept, Accept-Datetime, Date, If-Match, If-None-Match, Sync-Token, x-ms-return-client-request-id, ETag, Last-Modified, Link, Memento-Datetime, retry-after-ms, x-ms-request-id, x-ms-client-session-id, x-ms-effective-locale, WWW-Authenticate, traceparent, tracestate",
        "Access-Control-Max-Age": "1728000",
        "Connection": "keep-alive",
        "Content-Length": "0",
        "Date": "Thu, 22 Jun 2023 17:14:02 GMT",
        "Strict-Transport-Security": "max-age=15724800; includeSubDomains",
        "Sync-Token": "zAJw6V16=MjY6NSMxNDI2NDcx;sn=1426471",
        "x-ms-client-request-id": "10996754-7511-4a98-b442-6f10316ba0dd",
        "x-ms-correlation-request-id": "a55f05c3-fe10-4888-8722-58b5bc9e6583",
        "x-ms-request-id": "a55f05c3-fe10-4888-8722-58b5bc9e6583",
        "x-ms-resource-group": "shafang",
        "x-ms-subscription-id": "b46f4a1f-c08c-4d25-b620-7b37a7564b0c",
        "x-ms-tenant-name": "shafang-snapshot"
      },
      "ResponseBody": null
    },
    {
      "RequestUri": "https://REDACTED/kv/key6976524959d?label=c1ed7d2a66601a\u0026api-version=2022-11-01-preview",
      "RequestMethod": "GET",
      "RequestHeaders": {
        "Accept": "application/vnd.microsoft.azconfig.kv\u002Bjson",
        "Authorization": "Sanitized",
        "Content-Length": "0",
        "Content-Type": "application/json",
        "Date": "Thu, 22 Jun 2023 17:14:03 GMT",
        "Sync-Token": "zAJw6V16=MjY6NSMxNDI2NDcx",
        "User-Agent": "azsdk-java-azure-data-appconfiguration/1.5.0-beta.1 (11.0.6; Windows 10; 10.0)",
        "x-ms-client-request-id": "67c86c93-35ff-458c-8167-6ffb80a175fc",
        "x-ms-content-sha256": "47DEQpj8HBSa\u002B/TImW\u002B5JCeuQeRkm5NMpJWZG3hSuFU=",
        "x-ms-return-client-request-id": "true"
      },
      "RequestBody": null,
      "StatusCode": 200,
      "ResponseHeaders": {
        "Access-Control-Allow-Credentials": "true",
        "Access-Control-Allow-Headers": "DNT, X-CustomHeader, Keep-Alive, User-Agent, X-Requested-With, If-Modified-Since, Cache-Control, Content-Type, Authorization, x-ms-client-request-id, x-ms-useragent, x-ms-content-sha256, x-ms-date, host, Accept, Accept-Datetime, Date, If-Match, If-None-Match, Sync-Token, x-ms-return-client-request-id, ETag, Last-Modified, Link, Memento-Datetime, retry-after-ms, x-ms-request-id, x-ms-client-session-id, x-ms-effective-locale, WWW-Authenticate, traceparent, tracestate",
        "Access-Control-Allow-Methods": "GET, PUT, POST, DELETE, PATCH, OPTIONS",
        "Access-Control-Allow-Origin": "*",
        "Access-Control-Expose-Headers": "DNT, X-CustomHeader, Keep-Alive, User-Agent, X-Requested-With, If-Modified-Since, Cache-Control, Content-Type, Authorization, x-ms-client-request-id, x-ms-useragent, x-ms-content-sha256, x-ms-date, host, Accept, Accept-Datetime, Date, If-Match, If-None-Match, Sync-Token, x-ms-return-client-request-id, ETag, Last-Modified, Link, Memento-Datetime, retry-after-ms, x-ms-request-id, x-ms-client-session-id, x-ms-effective-locale, WWW-Authenticate, traceparent, tracestate",
        "Access-Control-Max-Age": "1728000",
        "Connection": "keep-alive",
        "Content-Type": "application/vnd.microsoft.appconfig.kv\u002Bjson; charset=utf-8",
        "Date": "Thu, 22 Jun 2023 17:14:02 GMT",
        "ETag": "\u002215KVDO01jnzLu4MAsT_TGvYfJVNe9n9FMsx38pXSDxs\u0022",
        "Last-Modified": "Thu, 22 Jun 2023 17:14:02 GMT",
        "Strict-Transport-Security": "max-age=15724800; includeSubDomains",
        "Sync-Token": "zAJw6V16=MjY6NSMxNDI2NDc0;sn=1426474",
        "Transfer-Encoding": "chunked",
        "x-ms-client-request-id": "67c86c93-35ff-458c-8167-6ffb80a175fc",
        "x-ms-correlation-request-id": "32754a47-eb40-4fe4-a4bb-63847492c152",
        "x-ms-request-id": "32754a47-eb40-4fe4-a4bb-63847492c152",
        "x-ms-resource-group": "shafang",
        "x-ms-subscription-id": "b46f4a1f-c08c-4d25-b620-7b37a7564b0c",
        "x-ms-tenant-name": "shafang-snapshot"
      },
      "ResponseBody": {
        "etag": "15KVDO01jnzLu4MAsT_TGvYfJVNe9n9FMsx38pXSDxs",
        "key": "key6976524959d",
        "label": "c1ed7d2a66601a",
        "content_type": null,
        "value": "myUpdateValue",
        "tags": {},
        "locked": false,
        "last_modified": "2023-06-22T17:14:02\u002B00:00"
      }
    },
    {
      "RequestUri": "https://REDACTED/kv?key=key69765%2A\u0026api-version=2022-11-01-preview\u0026$Select=",
      "RequestMethod": "GET",
      "RequestHeaders": {
        "Accept": "application/vnd.microsoft.azconfig.kv\u002Bjson",
        "Authorization": "Sanitized",
        "Content-Length": "0",
        "Content-Type": "application/json",
        "Date": "Thu, 22 Jun 2023 17:14:03 GMT",
        "Sync-Token": "zAJw6V16=MjY6NSMxNDI2NDc0",
        "User-Agent": "azsdk-java-azure-data-appconfiguration/1.5.0-beta.1 (11.0.6; Windows 10; 10.0)",
        "x-ms-client-request-id": "9237e7bc-7549-4660-bdb5-e41fa61910f7",
        "x-ms-content-sha256": "47DEQpj8HBSa\u002B/TImW\u002B5JCeuQeRkm5NMpJWZG3hSuFU=",
        "x-ms-return-client-request-id": "true"
      },
      "RequestBody": null,
      "StatusCode": 200,
      "ResponseHeaders": {
        "Access-Control-Allow-Credentials": "true",
        "Access-Control-Allow-Headers": "DNT, X-CustomHeader, Keep-Alive, User-Agent, X-Requested-With, If-Modified-Since, Cache-Control, Content-Type, Authorization, x-ms-client-request-id, x-ms-useragent, x-ms-content-sha256, x-ms-date, host, Accept, Accept-Datetime, Date, If-Match, If-None-Match, Sync-Token, x-ms-return-client-request-id, ETag, Last-Modified, Link, Memento-Datetime, retry-after-ms, x-ms-request-id, x-ms-client-session-id, x-ms-effective-locale, WWW-Authenticate, traceparent, tracestate",
        "Access-Control-Allow-Methods": "GET, PUT, POST, DELETE, PATCH, OPTIONS",
        "Access-Control-Allow-Origin": "*",
        "Access-Control-Expose-Headers": "DNT, X-CustomHeader, Keep-Alive, User-Agent, X-Requested-With, If-Modified-Since, Cache-Control, Content-Type, Authorization, x-ms-client-request-id, x-ms-useragent, x-ms-content-sha256, x-ms-date, host, Accept, Accept-Datetime, Date, If-Match, If-None-Match, Sync-Token, x-ms-return-client-request-id, ETag, Last-Modified, Link, Memento-Datetime, retry-after-ms, x-ms-request-id, x-ms-client-session-id, x-ms-effective-locale, WWW-Authenticate, traceparent, tracestate",
        "Access-Control-Max-Age": "1728000",
        "Connection": "keep-alive",
        "Content-Type": "application/vnd.microsoft.appconfig.kvset\u002Bjson; charset=utf-8",
        "Date": "Thu, 22 Jun 2023 17:14:02 GMT",
        "Strict-Transport-Security": "max-age=15724800; includeSubDomains",
        "Sync-Token": "zAJw6V16=MjY6NSMxNDI2NDc2;sn=1426476",
        "Transfer-Encoding": "chunked",
        "x-ms-client-request-id": "9237e7bc-7549-4660-bdb5-e41fa61910f7",
        "x-ms-correlation-request-id": "2a02af72-c08f-4602-b409-c61690932494",
        "x-ms-request-id": "2a02af72-c08f-4602-b409-c61690932494",
        "x-ms-resource-group": "shafang",
        "x-ms-subscription-id": "b46f4a1f-c08c-4d25-b620-7b37a7564b0c",
        "x-ms-tenant-name": "shafang-snapshot"
      },
      "ResponseBody": {
        "items": [
          {
            "etag": "vNAZmrmYpoyRKygP1W3JurRG0NC3WKlWb6DRskMfqWA",
            "key": "key6976524959d",
            "label": null,
            "content_type": null,
            "value": "myUpdateValue",
            "tags": {},
            "locked": false,
            "last_modified": "2023-06-22T17:14:02\u002B00:00"
          },
          {
            "etag": "15KVDO01jnzLu4MAsT_TGvYfJVNe9n9FMsx38pXSDxs",
            "key": "key6976524959d",
            "label": "c1ed7d2a66601a",
            "content_type": null,
            "value": "myUpdateValue",
            "tags": {},
            "locked": false,
            "last_modified": "2023-06-22T17:14:02\u002B00:00"
          }
        ]
      }
    },
    {
      "RequestUri": "https://REDACTED/kv/key6976524959d?api-version=2022-11-01-preview",
      "RequestMethod": "DELETE",
      "RequestHeaders": {
        "Accept": "application/vnd.microsoft.azconfig.kv\u002Bjson",
        "Authorization": "Sanitized",
        "Content-Length": "0",
        "Content-Type": "application/json",
        "Date": "Thu, 22 Jun 2023 17:14:03 GMT",
        "Sync-Token": "zAJw6V16=MjY6NSMxNDI2NDc2",
        "User-Agent": "azsdk-java-azure-data-appconfiguration/1.5.0-beta.1 (11.0.6; Windows 10; 10.0)",
        "x-ms-client-request-id": "e30bf094-e5a4-4a4e-b24a-ae4cfb4efcab",
        "x-ms-content-sha256": "47DEQpj8HBSa\u002B/TImW\u002B5JCeuQeRkm5NMpJWZG3hSuFU=",
        "x-ms-return-client-request-id": "true"
      },
      "RequestBody": null,
      "StatusCode": 200,
      "ResponseHeaders": {
        "Access-Control-Allow-Credentials": "true",
        "Access-Control-Allow-Headers": "DNT, X-CustomHeader, Keep-Alive, User-Agent, X-Requested-With, If-Modified-Since, Cache-Control, Content-Type, Authorization, x-ms-client-request-id, x-ms-useragent, x-ms-content-sha256, x-ms-date, host, Accept, Accept-Datetime, Date, If-Match, If-None-Match, Sync-Token, x-ms-return-client-request-id, ETag, Last-Modified, Link, Memento-Datetime, retry-after-ms, x-ms-request-id, x-ms-client-session-id, x-ms-effective-locale, WWW-Authenticate, traceparent, tracestate",
        "Access-Control-Allow-Methods": "GET, PUT, POST, DELETE, PATCH, OPTIONS",
        "Access-Control-Allow-Origin": "*",
        "Access-Control-Expose-Headers": "DNT, X-CustomHeader, Keep-Alive, User-Agent, X-Requested-With, If-Modified-Since, Cache-Control, Content-Type, Authorization, x-ms-client-request-id, x-ms-useragent, x-ms-content-sha256, x-ms-date, host, Accept, Accept-Datetime, Date, If-Match, If-None-Match, Sync-Token, x-ms-return-client-request-id, ETag, Last-Modified, Link, Memento-Datetime, retry-after-ms, x-ms-request-id, x-ms-client-session-id, x-ms-effective-locale, WWW-Authenticate, traceparent, tracestate",
        "Access-Control-Max-Age": "1728000",
        "Connection": "keep-alive",
        "Content-Type": "application/vnd.microsoft.appconfig.kv\u002Bjson; charset=utf-8",
        "Date": "Thu, 22 Jun 2023 17:14:02 GMT",
        "ETag": "\u0022vNAZmrmYpoyRKygP1W3JurRG0NC3WKlWb6DRskMfqWA\u0022",
        "Last-Modified": "Thu, 22 Jun 2023 17:14:02 GMT",
        "Strict-Transport-Security": "max-age=15724800; includeSubDomains",
        "Sync-Token": "zAJw6V16=MjY6NSMxNDI2NDgx;sn=1426481",
        "Transfer-Encoding": "chunked",
        "x-ms-client-request-id": "e30bf094-e5a4-4a4e-b24a-ae4cfb4efcab",
        "x-ms-correlation-request-id": "649cec54-6ffb-4ff7-92bd-2bbf40963ab0",
        "x-ms-request-id": "649cec54-6ffb-4ff7-92bd-2bbf40963ab0",
        "x-ms-resource-group": "shafang",
        "x-ms-subscription-id": "b46f4a1f-c08c-4d25-b620-7b37a7564b0c",
        "x-ms-tenant-name": "shafang-snapshot"
      },
      "ResponseBody": {
        "etag": "vNAZmrmYpoyRKygP1W3JurRG0NC3WKlWb6DRskMfqWA",
        "key": "key6976524959d",
        "label": null,
        "content_type": null,
        "value": "myUpdateValue",
        "tags": {},
        "locked": false,
        "last_modified": "2023-06-22T17:14:02\u002B00:00"
      }
    },
    {
      "RequestUri": "https://REDACTED/kv/key6976524959d?label=c1ed7d2a66601a\u0026api-version=2022-11-01-preview",
      "RequestMethod": "DELETE",
      "RequestHeaders": {
        "Accept": "application/vnd.microsoft.azconfig.kv\u002Bjson",
        "Authorization": "Sanitized",
        "Content-Length": "0",
        "Content-Type": "application/json",
        "Date": "Thu, 22 Jun 2023 17:14:03 GMT",
        "Sync-Token": "zAJw6V16=MjY6NSMxNDI2NDgx",
        "User-Agent": "azsdk-java-azure-data-appconfiguration/1.5.0-beta.1 (11.0.6; Windows 10; 10.0)",
        "x-ms-client-request-id": "a2209173-dbbe-40ec-af2f-6a9619cace69",
        "x-ms-content-sha256": "47DEQpj8HBSa\u002B/TImW\u002B5JCeuQeRkm5NMpJWZG3hSuFU=",
        "x-ms-return-client-request-id": "true"
      },
      "RequestBody": null,
      "StatusCode": 200,
      "ResponseHeaders": {
        "Access-Control-Allow-Credentials": "true",
        "Access-Control-Allow-Headers": "DNT, X-CustomHeader, Keep-Alive, User-Agent, X-Requested-With, If-Modified-Since, Cache-Control, Content-Type, Authorization, x-ms-client-request-id, x-ms-useragent, x-ms-content-sha256, x-ms-date, host, Accept, Accept-Datetime, Date, If-Match, If-None-Match, Sync-Token, x-ms-return-client-request-id, ETag, Last-Modified, Link, Memento-Datetime, retry-after-ms, x-ms-request-id, x-ms-client-session-id, x-ms-effective-locale, WWW-Authenticate, traceparent, tracestate",
        "Access-Control-Allow-Methods": "GET, PUT, POST, DELETE, PATCH, OPTIONS",
        "Access-Control-Allow-Origin": "*",
        "Access-Control-Expose-Headers": "DNT, X-CustomHeader, Keep-Alive, User-Agent, X-Requested-With, If-Modified-Since, Cache-Control, Content-Type, Authorization, x-ms-client-request-id, x-ms-useragent, x-ms-content-sha256, x-ms-date, host, Accept, Accept-Datetime, Date, If-Match, If-None-Match, Sync-Token, x-ms-return-client-request-id, ETag, Last-Modified, Link, Memento-Datetime, retry-after-ms, x-ms-request-id, x-ms-client-session-id, x-ms-effective-locale, WWW-Authenticate, traceparent, tracestate",
        "Access-Control-Max-Age": "1728000",
        "Connection": "keep-alive",
        "Content-Type": "application/vnd.microsoft.appconfig.kv\u002Bjson; charset=utf-8",
        "Date": "Thu, 22 Jun 2023 17:14:02 GMT",
        "ETag": "\u002215KVDO01jnzLu4MAsT_TGvYfJVNe9n9FMsx38pXSDxs\u0022",
        "Last-Modified": "Thu, 22 Jun 2023 17:14:02 GMT",
        "Strict-Transport-Security": "max-age=15724800; includeSubDomains",
        "Sync-Token": "zAJw6V16=MjY6NSMxNDI2NDg1;sn=1426485",
        "Transfer-Encoding": "chunked",
        "x-ms-client-request-id": "a2209173-dbbe-40ec-af2f-6a9619cace69",
        "x-ms-correlation-request-id": "d5fa3dea-4a39-47de-a42a-da46cb7f46ee",
        "x-ms-request-id": "d5fa3dea-4a39-47de-a42a-da46cb7f46ee",
        "x-ms-resource-group": "shafang",
        "x-ms-subscription-id": "b46f4a1f-c08c-4d25-b620-7b37a7564b0c",
        "x-ms-tenant-name": "shafang-snapshot"
      },
      "ResponseBody": {
        "etag": "15KVDO01jnzLu4MAsT_TGvYfJVNe9n9FMsx38pXSDxs",
        "key": "key6976524959d",
        "label": "c1ed7d2a66601a",
        "content_type": null,
        "value": "myUpdateValue",
        "tags": {},
        "locked": false,
        "last_modified": "2023-06-22T17:14:02\u002B00:00"
      }
    }
  ],
  "Variables": {
    "0": "key69765",
    "1": "c1ed7d2a",
    "2": "key6976524959d",
    "3": "c1ed7d2a66601a"
  }
}
