{
  "Entries": [
    {
      "RequestUri": "https://REDACTED/kv/key0128337063f?api-version=2023-10-01",
      "RequestMethod": "PUT",
      "RequestHeaders": {
        "Accept": "application/vnd.microsoft.azconfig.kv+json",
        "Authorization": "Sanitized",
        "Content-Length": "175",
        "Content-Type": "application/json",
        "Date": "Wed, 12 Jun 2024 04:26:42 GMT",
        "Sync-Token": "",
        "User-Agent": "azsdk-java-azure-data-appconfiguration/1.7.0-beta.1 (17.0.1; Mac OS X; 11.7.10)",
        "x-ms-client-request-id": "Sanitized",
        "x-ms-return-client-request-id": "true"
      },
      "RequestBody": {
        "key": "key0128337063f",
        "content_type": "application/vnd.microsoft.appconfig.keyvaultref+json;charset=utf-8",
        "value": "{\"uri\":\"https://localhost\"}",
        "tags": {},
        "locked": false
      },
      "StatusCode": 200,
      "ResponseHeaders": {
        "Access-Control-Allow-Origin": "*",
        "Connection": "keep-alive",
        "Content-Type": "application/vnd.microsoft.appconfig.kv+json; charset=utf-8",
        "Date": "Wed, 12 Jun 2024 04:26:42 GMT",
        "ETag": "\"lqIcApMIAfEwTBazB0mlEg6jaGcJBsRzqhq5wxTlKSg\"",
        "Last-Modified": "Wed, 12 Jun 2024 04:26:42 GMT",
        "Strict-Transport-Security": "max-age=31536000; includeSubDomains",
        "Sync-Token": "zAJw6V16=NToxOSM2NDQ3MzQ2OQ==;sn=64473469",
        "Transfer-Encoding": "chunked",
        "x-ms-client-request-id": "Sanitized",
        "x-ms-correlation-request-id": "0bfa88d3-88d3-4caf-ba9b-dc04eff2be4b",
        "x-ms-request-id": "Sanitized"
      },
      "ResponseBody": {
        "etag": "Sanitized",
        "key": "key0128337063f",
        "label": null,
        "content_type": "application/vnd.microsoft.appconfig.keyvaultref+json;charset=utf-8",
        "value": "{\"uri\":\"https://localhost\"}",
        "tags": {},
        "locked": false,
        "last_modified": "2024-06-12T04:26:42+00:00"
      }
    },
    {
      "RequestUri": "https://REDACTED/kv?key=key01283%2A&api-version=2023-10-01&$Select=",
      "RequestMethod": "GET",
      "RequestHeaders": {
        "Accept": "application/vnd.microsoft.azconfig.kv+json",
        "Authorization": "Sanitized",
        "Content-Length": "0",
        "Content-Type": "application/json",
        "Date": "Wed, 12 Jun 2024 04:26:42 GMT",
        "Sync-Token": "zAJw6V16=NToxOSM2NDQ3MzQ2OQ==",
        "User-Agent": "azsdk-java-azure-data-appconfiguration/1.7.0-beta.1 (17.0.1; Mac OS X; 11.7.10)",
        "x-ms-client-request-id": "Sanitized",
        "x-ms-return-client-request-id": "true"
      },
      "RequestBody": null,
      "StatusCode": 200,
      "ResponseHeaders": {
        "Access-Control-Allow-Origin": "*",
        "Connection": "keep-alive",
        "Content-Type": "application/vnd.microsoft.appconfig.kvset+json; charset=utf-8",
        "Date": "Wed, 12 Jun 2024 04:26:42 GMT",
        "ETag": "\"-y0BWmXePaUpB9k8BE-6MWxeOdzG-QsEtNwyz-2naXs\"",
        "Strict-Transport-Security": "max-age=31536000; includeSubDomains",
        "Sync-Token": "zAJw6V16=NToxOSM2NDQ3MzQ2OQ==;sn=64473469",
        "Transfer-Encoding": "chunked",
        "x-ms-client-request-id": "Sanitized",
        "x-ms-correlation-request-id": "866898c0-8200-4e16-b28a-24b859ae480e",
        "x-ms-request-id": "Sanitized"
      },
      "ResponseBody": {
        "etag": "Sanitized",
        "items": [
          {
            "etag": "Sanitized",
            "key": "key0128337063f",
            "label": null,
            "content_type": "application/vnd.microsoft.appconfig.keyvaultref+json;charset=utf-8",
            "value": "{\"uri\":\"https://localhost\"}",
            "tags": {},
            "locked": false,
            "last_modified": "2024-06-12T04:26:42+00:00"
          }
        ]
      }
    },
    {
      "RequestUri": "https://REDACTED/kv/key0128337063f?api-version=2023-10-01",
      "RequestMethod": "DELETE",
      "RequestHeaders": {
        "Accept": "application/vnd.microsoft.azconfig.kv+json",
        "Authorization": "Sanitized",
        "Content-Length": "0",
        "Content-Type": "application/json",
        "Date": "Wed, 12 Jun 2024 04:26:42 GMT",
        "Sync-Token": "zAJw6V16=NToxOSM2NDQ3MzQ2OQ==",
        "User-Agent": "azsdk-java-azure-data-appconfiguration/1.7.0-beta.1 (17.0.1; Mac OS X; 11.7.10)",
        "x-ms-client-request-id": "Sanitized",
        "x-ms-return-client-request-id": "true"
      },
      "RequestBody": null,
      "StatusCode": 200,
      "ResponseHeaders": {
        "Access-Control-Allow-Origin": "*",
        "Connection": "keep-alive",
        "Content-Type": "application/vnd.microsoft.appconfig.kv+json; charset=utf-8",
        "Date": "Wed, 12 Jun 2024 04:26:42 GMT",
        "ETag": "\"lqIcApMIAfEwTBazB0mlEg6jaGcJBsRzqhq5wxTlKSg\"",
        "Last-Modified": "Wed, 12 Jun 2024 04:26:42 GMT",
        "Strict-Transport-Security": "max-age=31536000; includeSubDomains",
        "Sync-Token": "zAJw6V16=NToxOSM2NDQ3MzQ3MA==;sn=64473470",
        "Transfer-Encoding": "chunked",
        "x-ms-client-request-id": "Sanitized",
        "x-ms-correlation-request-id": "9c29d260-87e4-447c-bfb2-99a705cd133a",
        "x-ms-request-id": "Sanitized"
      },
      "ResponseBody": {
        "etag": "Sanitized",
        "key": "key0128337063f",
        "label": null,
        "content_type": "application/vnd.microsoft.appconfig.keyvaultref+json;charset=utf-8",
        "value": "{\"uri\":\"https://localhost\"}",
        "tags": {},
        "locked": false,
        "last_modified": "2024-06-12T04:26:42+00:00"
      }
    }
  ],
  "Variables": {
    "0": "key01283",
    "1": "059b8bf7",
    "2": "key0128337063f"
  }
}
