{
  "Entries": [
    {
      "RequestUri": "https://REDACTED/kv/key70578727822?api-version=2023-10-01",
      "RequestMethod": "PUT",
      "RequestHeaders": {
        "Accept": "application/vnd.microsoft.azconfig.kv+json",
        "Authorization": "Sanitized",
        "Content-Length": "141",
        "Content-Type": "application/json",
        "Date": "Wed, 12 Jun 2024 04:30:28 GMT",
        "If-None-Match": "*",
        "Sync-Token": "",
        "User-Agent": "azsdk-java-azure-data-appconfiguration/1.7.0-beta.1 (17.0.1; Mac OS X; 11.7.10)",
        "x-ms-client-request-id": "Sanitized",
        "x-ms-return-client-request-id": "true"
      },
      "RequestBody": {
        "key": "key70578727822",
        "content_type": "text",
        "value": "myNewValue",
        "tags": {
          "AnotherTag": "AnotherTagValue",
          "MyTag": "TagValue"
        },
        "locked": false
      },
      "StatusCode": 200,
      "ResponseHeaders": {
        "Access-Control-Allow-Origin": "*",
        "Connection": "keep-alive",
        "Content-Type": "application/vnd.microsoft.appconfig.kv+json; charset=utf-8",
        "Date": "Wed, 12 Jun 2024 04:30:28 GMT",
        "ETag": "\"ZNef46aJUJRaGb_aZom2nLGCNeQ_WOZso7IpBXp_W1k\"",
        "Last-Modified": "Wed, 12 Jun 2024 04:30:28 GMT",
        "Strict-Transport-Security": "max-age=31536000; includeSubDomains",
        "Sync-Token": "zAJw6V16=NToxOSM2NDQ3Mzg2MQ==;sn=64473861",
        "Transfer-Encoding": "chunked",
        "x-ms-client-request-id": "Sanitized",
        "x-ms-correlation-request-id": "e91c2f65-bf29-4b7e-bb40-c31bca4b7849",
        "x-ms-request-id": "Sanitized"
      },
      "ResponseBody": {
        "etag": "Sanitized",
        "key": "key70578727822",
        "label": null,
        "content_type": "text",
        "value": "myNewValue",
        "tags": {
          "AnotherTag": "AnotherTagValue",
          "MyTag": "TagValue"
        },
        "locked": false,
        "last_modified": "2024-06-12T04:30:28+00:00"
      }
    },
    {
      "RequestUri": "https://REDACTED/kv/key70578727822?label=54b20fea194896&api-version=2023-10-01",
      "RequestMethod": "PUT",
      "RequestHeaders": {
        "Accept": "application/vnd.microsoft.azconfig.kv+json",
        "Authorization": "Sanitized",
        "Content-Length": "166",
        "Content-Type": "application/json",
        "Date": "Wed, 12 Jun 2024 04:30:28 GMT",
        "If-None-Match": "*",
        "Sync-Token": "zAJw6V16=NToxOSM2NDQ3Mzg2MQ==",
        "User-Agent": "azsdk-java-azure-data-appconfiguration/1.7.0-beta.1 (17.0.1; Mac OS X; 11.7.10)",
        "x-ms-client-request-id": "Sanitized",
        "x-ms-return-client-request-id": "true"
      },
      "RequestBody": {
        "key": "key70578727822",
        "label": "54b20fea194896",
        "content_type": "text",
        "value": "myNewValue",
        "tags": {
          "AnotherTag": "AnotherTagValue",
          "MyTag": "TagValue"
        },
        "locked": false
      },
      "StatusCode": 200,
      "ResponseHeaders": {
        "Access-Control-Allow-Origin": "*",
        "Connection": "keep-alive",
        "Content-Type": "application/vnd.microsoft.appconfig.kv+json; charset=utf-8",
        "Date": "Wed, 12 Jun 2024 04:30:28 GMT",
        "ETag": "\"i_kJLvJ2R5liLjjs7Z_Lz6NtfMyrdiciW0A3PWCEf9U\"",
        "Last-Modified": "Wed, 12 Jun 2024 04:30:28 GMT",
        "Strict-Transport-Security": "max-age=31536000; includeSubDomains",
        "Sync-Token": "zAJw6V16=NToxOSM2NDQ3Mzg2Mg==;sn=64473862",
        "Transfer-Encoding": "chunked",
        "x-ms-client-request-id": "Sanitized",
        "x-ms-correlation-request-id": "e06718e5-8b63-4910-8f3a-23a1c4b6ddcf",
        "x-ms-request-id": "Sanitized"
      },
      "ResponseBody": {
        "etag": "Sanitized",
        "key": "key70578727822",
        "label": "54b20fea194896",
        "content_type": "text",
        "value": "myNewValue",
        "tags": {
          "AnotherTag": "AnotherTagValue",
          "MyTag": "TagValue"
        },
        "locked": false,
        "last_modified": "2024-06-12T04:30:28+00:00"
      }
    },
    {
      "RequestUri": "https://REDACTED/snapshots/key7057899804f?api-version=2023-10-01",
      "RequestMethod": "PUT",
      "RequestHeaders": {
        "Accept": "application/vnd.microsoft.azconfig.kv+json",
        "Authorization": "Sanitized",
        "Content-Length": "64",
        "Content-Type": "application/json",
        "Date": "Wed, 12 Jun 2024 04:30:28 GMT",
        "Sync-Token": "zAJw6V16=NToxOSM2NDQ3Mzg2Mg==",
        "User-Agent": "azsdk-java-azure-data-appconfiguration/1.7.0-beta.1 (17.0.1; Mac OS X; 11.7.10)",
        "x-ms-client-request-id": "Sanitized",
        "x-ms-return-client-request-id": "true"
      },
      "RequestBody": {
        "filters": [
          {
            "key": "key7057899804f-*"
          }
        ],
        "retention_period": 3600
      },
      "StatusCode": 201,
      "ResponseHeaders": {
        "Access-Control-Allow-Origin": "*",
        "Connection": "keep-alive",
        "Content-Type": "application/vnd.microsoft.appconfig.snapshot+json; charset=utf-8",
        "Date": "Wed, 12 Jun 2024 04:30:28 GMT",
        "ETag": "\"-jCMcv3Absn-saFgO8yhQEofZa8ihcbAAaeDAU2D5EE\"",
        "Last-Modified": "Wed, 12 Jun 2024 04:30:28 GMT",
        "Link": "</kv?snapshot=key7057899804f&api-version=2023-10-01>; rel=\"items\"",
        "Operation-Location": "https://REDACTED.com",
        "Strict-Transport-Security": "max-age=31536000; includeSubDomains",
        "Sync-Token": "zAJw6V16=NToxOSM2NDQ3Mzg2Mw==;sn=64473863",
        "Transfer-Encoding": "chunked",
        "x-ms-client-request-id": "Sanitized",
        "x-ms-correlation-request-id": "892dd315-952d-4382-8a20-c1a1aaa904eb",
        "x-ms-request-id": "Sanitized"
      },
      "ResponseBody": {
        "etag": "Sanitized",
        "name": "key7057899804f",
        "status": "provisioning",
        "filters": [
          {
            "key": "key7057899804f-*",
            "label": null
          }
        ],
        "composition_type": "key",
        "created": "2024-06-12T04:30:28+00:00",
        "size": 0,
        "items_count": 0,
        "tags": {},
        "retention_period": 3600
      }
    },
    {
      "RequestUri": "https://REDACTED/operations?api-version=2023-10-01&snapshot=key7057899804f",
      "RequestMethod": "GET",
      "RequestHeaders": {
        "Accept": "application/vnd.microsoft.azconfig.kv+json",
        "Authorization": "Sanitized",
        "Content-Length": "0",
        "Content-Type": "application/json",
        "Date": "Wed, 12 Jun 2024 04:30:28 GMT",
        "Sync-Token": "zAJw6V16=NToxOSM2NDQ3Mzg2Mw==",
        "User-Agent": "azsdk-java-azure-data-appconfiguration/1.7.0-beta.1 (17.0.1; Mac OS X; 11.7.10)",
        "x-ms-client-request-id": "Sanitized",
        "x-ms-return-client-request-id": "true"
      },
      "RequestBody": null,
      "StatusCode": 200,
      "ResponseHeaders": {
        "Access-Control-Allow-Origin": "*",
        "Connection": "keep-alive",
        "Content-Type": "application/json; charset=utf-8",
        "Date": "Wed, 12 Jun 2024 04:30:28 GMT",
        "Retry-After": "10",
        "Strict-Transport-Security": "max-age=31536000; includeSubDomains",
        "Sync-Token": "zAJw6V16=NToxOSM2NDQ3Mzg2Mw==;sn=64473863",
        "Transfer-Encoding": "chunked",
        "x-ms-client-request-id": "Sanitized",
        "x-ms-correlation-request-id": "f2bd7789-eb9f-4bfb-9e23-293beb88a5e3",
        "x-ms-request-id": "Sanitized"
      },
      "ResponseBody": {
        "id": "Sanitized",
        "status": "Running",
        "error": null
      }
    },
    {
      "RequestUri": "https://REDACTED/operations?api-version=2023-10-01&snapshot=key7057899804f",
      "RequestMethod": "GET",
      "RequestHeaders": {
        "Accept": "application/vnd.microsoft.azconfig.kv+json",
        "Authorization": "Sanitized",
        "Content-Length": "0",
        "Content-Type": "application/json",
        "Date": "Wed, 12 Jun 2024 04:30:38 GMT",
        "Sync-Token": "zAJw6V16=NToxOSM2NDQ3Mzg2Mw==",
        "User-Agent": "azsdk-java-azure-data-appconfiguration/1.7.0-beta.1 (17.0.1; Mac OS X; 11.7.10)",
        "x-ms-client-request-id": "Sanitized",
        "x-ms-return-client-request-id": "true"
      },
      "RequestBody": null,
      "StatusCode": 200,
      "ResponseHeaders": {
        "Access-Control-Allow-Origin": "*",
        "Connection": "keep-alive",
        "Content-Type": "application/json; charset=utf-8",
        "Date": "Wed, 12 Jun 2024 04:30:39 GMT",
        "Strict-Transport-Security": "max-age=31536000; includeSubDomains",
        "Sync-Token": "zAJw6V16=NToxOSM2NDQ3Mzg2Ng==;sn=64473866",
        "Transfer-Encoding": "chunked",
        "x-ms-client-request-id": "Sanitized",
        "x-ms-correlation-request-id": "1155840f-0ba6-4352-91eb-30b013a129a2",
        "x-ms-request-id": "Sanitized"
      },
      "ResponseBody": {
        "id": "Sanitized",
        "status": "Succeeded",
        "error": null
      }
    },
    {
      "RequestUri": "https://REDACTED/snapshots/key7057899804f?api-version=2023-10-01",
      "RequestMethod": "GET",
      "RequestHeaders": {
        "Accept": "application/vnd.microsoft.azconfig.kv+json",
        "Authorization": "Sanitized",
        "Content-Length": "0",
        "Content-Type": "application/json",
        "Date": "Wed, 12 Jun 2024 04:30:39 GMT",
        "Sync-Token": "zAJw6V16=NToxOSM2NDQ3Mzg2Ng==",
        "User-Agent": "azsdk-java-azure-data-appconfiguration/1.7.0-beta.1 (17.0.1; Mac OS X; 11.7.10)",
        "x-ms-client-request-id": "Sanitized",
        "x-ms-return-client-request-id": "true"
      },
      "RequestBody": null,
      "StatusCode": 200,
      "ResponseHeaders": {
        "Access-Control-Allow-Origin": "*",
        "Connection": "keep-alive",
        "Content-Type": "application/vnd.microsoft.appconfig.snapshot+json; charset=utf-8",
        "Date": "Wed, 12 Jun 2024 04:30:39 GMT",
        "ETag": "\"-jCMcv3Absn-saFgO8yhQEofZa8ihcbAAaeDAU2D5EE\"",
        "Last-Modified": "Wed, 12 Jun 2024 04:30:28 GMT",
        "Link": "</kv?snapshot=key7057899804f&api-version=2023-10-01>; rel=\"items\"",
        "Strict-Transport-Security": "max-age=31536000; includeSubDomains",
        "Sync-Token": "zAJw6V16=NToxOSM2NDQ3Mzg2Ng==;sn=64473866",
        "Transfer-Encoding": "chunked",
        "x-ms-client-request-id": "Sanitized",
        "x-ms-correlation-request-id": "7829de2f-6fbb-4d10-b5ac-e71346f6308e",
        "x-ms-request-id": "Sanitized"
      },
      "ResponseBody": {
        "etag": "Sanitized",
        "name": "key7057899804f",
        "status": "ready",
        "filters": [
          {
            "key": "key7057899804f-*",
            "label": null
          }
        ],
        "composition_type": "key",
        "created": "2024-06-12T04:30:28+00:00",
        "size": 1000,
        "items_count": 0,
        "tags": {},
        "retention_period": 3600
      }
    },
    {
      "RequestUri": "https://REDACTED/snapshots/key7057899804f?api-version=2023-10-01",
      "RequestMethod": "PATCH",
      "RequestHeaders": {
        "Accept": "application/vnd.microsoft.azconfig.kv+json",
        "Authorization": "Sanitized",
        "Content-Length": "21",
        "Content-Type": "application/json",
        "Date": "Wed, 12 Jun 2024 04:30:39 GMT",
        "Sync-Token": "zAJw6V16=NToxOSM2NDQ3Mzg2Ng==",
        "User-Agent": "azsdk-java-azure-data-appconfiguration/1.7.0-beta.1 (17.0.1; Mac OS X; 11.7.10)",
        "x-ms-client-request-id": "Sanitized",
        "x-ms-return-client-request-id": "true"
      },
      "RequestBody": {
        "status": "archived"
      },
      "StatusCode": 200,
      "ResponseHeaders": {
        "Access-Control-Allow-Origin": "*",
        "Connection": "keep-alive",
        "Content-Type": "application/vnd.microsoft.appconfig.snapshot+json; charset=utf-8",
        "Date": "Wed, 12 Jun 2024 04:30:39 GMT",
        "ETag": "\"egIBuLItmA6vURAJAVyqlLsiK4C-7XeU_vClrEWiPgo\"",
        "Last-Modified": "Wed, 12 Jun 2024 04:30:28 GMT",
        "Link": "</kv?snapshot=key7057899804f&api-version=2023-10-01>; rel=\"items\"",
        "Strict-Transport-Security": "max-age=31536000; includeSubDomains",
        "Sync-Token": "zAJw6V16=NToxOSM2NDQ3Mzg2Nw==;sn=64473867",
        "Transfer-Encoding": "chunked",
        "x-ms-client-request-id": "Sanitized",
        "x-ms-correlation-request-id": "c88664b3-4652-4ad4-a10d-929a46476d4c",
        "x-ms-request-id": "Sanitized"
      },
      "ResponseBody": {
        "etag": "Sanitized",
        "name": "key7057899804f",
        "status": "archived",
        "filters": [
          {
            "key": "key7057899804f-*",
            "label": null
          }
        ],
        "composition_type": "key",
        "created": "2024-06-12T04:30:28+00:00",
        "expires": "2024-06-12T05:30:39.56113+00:00",
        "size": 1000,
        "items_count": 0,
        "tags": {},
        "retention_period": 3600
      }
    },
    {
      "RequestUri": "https://REDACTED/snapshots/key7057899804f?api-version=2023-10-01",
      "RequestMethod": "PATCH",
      "RequestHeaders": {
        "Accept": "application/vnd.microsoft.azconfig.kv+json",
        "Authorization": "Sanitized",
        "Content-Length": "18",
        "Content-Type": "application/json",
        "Date": "Wed, 12 Jun 2024 04:30:39 GMT",
        "Sync-Token": "zAJw6V16=NToxOSM2NDQ3Mzg2Nw==",
        "User-Agent": "azsdk-java-azure-data-appconfiguration/1.7.0-beta.1 (17.0.1; Mac OS X; 11.7.10)",
        "x-ms-client-request-id": "Sanitized",
        "x-ms-return-client-request-id": "true"
      },
      "RequestBody": {
        "status": "ready"
      },
      "StatusCode": 200,
      "ResponseHeaders": {
        "Access-Control-Allow-Origin": "*",
        "Connection": "keep-alive",
        "Content-Type": "application/vnd.microsoft.appconfig.snapshot+json; charset=utf-8",
        "Date": "Wed, 12 Jun 2024 04:30:39 GMT",
        "ETag": "\"lQkHFadqUdnDCBUd1YJyWEgPWQq0lPHlwp8ebArqZFU\"",
        "Last-Modified": "Wed, 12 Jun 2024 04:30:28 GMT",
        "Link": "</kv?snapshot=key7057899804f&api-version=2023-10-01>; rel=\"items\"",
        "Strict-Transport-Security": "max-age=31536000; includeSubDomains",
        "Sync-Token": "zAJw6V16=NToxOSM2NDQ3Mzg2OA==;sn=64473868",
        "Transfer-Encoding": "chunked",
        "x-ms-client-request-id": "Sanitized",
        "x-ms-correlation-request-id": "867b5c75-5128-4285-b656-274b1c7ac9f4",
        "x-ms-request-id": "Sanitized"
      },
      "ResponseBody": {
        "etag": "Sanitized",
        "name": "key7057899804f",
        "status": "ready",
        "filters": [
          {
            "key": "key7057899804f-*",
            "label": null
          }
        ],
        "composition_type": "key",
        "created": "2024-06-12T04:30:28+00:00",
        "size": 1000,
        "items_count": 0,
        "tags": {},
        "retention_period": 3600
      }
    },
    {
      "RequestUri": "https://REDACTED/snapshots/key7057899804f?api-version=2023-10-01",
      "RequestMethod": "PATCH",
      "RequestHeaders": {
        "Accept": "application/vnd.microsoft.azconfig.kv+json",
        "Authorization": "Sanitized",
        "Content-Length": "21",
        "Content-Type": "application/json",
        "Date": "Wed, 12 Jun 2024 04:30:39 GMT",
        "Sync-Token": "zAJw6V16=NToxOSM2NDQ3Mzg2OA==",
        "User-Agent": "azsdk-java-azure-data-appconfiguration/1.7.0-beta.1 (17.0.1; Mac OS X; 11.7.10)",
        "x-ms-client-request-id": "Sanitized",
        "x-ms-return-client-request-id": "true"
      },
      "RequestBody": {
        "status": "archived"
      },
      "StatusCode": 200,
      "ResponseHeaders": {
        "Access-Control-Allow-Origin": "*",
        "Connection": "keep-alive",
        "Content-Type": "application/vnd.microsoft.appconfig.snapshot+json; charset=utf-8",
        "Date": "Wed, 12 Jun 2024 04:30:39 GMT",
        "ETag": "\"hessda9JDticlYJxidV2FuD8wBgHbWLOHi7QpU3VJyM\"",
        "Last-Modified": "Wed, 12 Jun 2024 04:30:28 GMT",
        "Link": "</kv?snapshot=key7057899804f&api-version=2023-10-01>; rel=\"items\"",
        "Strict-Transport-Security": "max-age=31536000; includeSubDomains",
        "Sync-Token": "zAJw6V16=NToxOSM2NDQ3Mzg2OQ==;sn=64473869",
        "Transfer-Encoding": "chunked",
        "x-ms-client-request-id": "Sanitized",
        "x-ms-correlation-request-id": "a4cd89c1-da75-4004-9ee2-74548c5c8300",
        "x-ms-request-id": "Sanitized"
      },
      "ResponseBody": {
        "etag": "Sanitized",
        "name": "key7057899804f",
        "status": "archived",
        "filters": [
          {
            "key": "key7057899804f-*",
            "label": null
          }
        ],
        "composition_type": "key",
        "created": "2024-06-12T04:30:28+00:00",
        "expires": "2024-06-12T05:30:39.900109+00:00",
        "size": 1000,
        "items_count": 0,
        "tags": {},
        "retention_period": 3600
      }
    },
    {
      "RequestUri": "https://REDACTED/kv?key=key70578%2A&api-version=2023-10-01&$Select=",
      "RequestMethod": "GET",
      "RequestHeaders": {
        "Accept": "application/vnd.microsoft.azconfig.kv+json",
        "Authorization": "Sanitized",
        "Content-Length": "0",
        "Content-Type": "application/json",
        "Date": "Wed, 12 Jun 2024 04:30:39 GMT",
        "Sync-Token": "zAJw6V16=NToxOSM2NDQ3Mzg2OQ==",
        "User-Agent": "azsdk-java-azure-data-appconfiguration/1.7.0-beta.1 (17.0.1; Mac OS X; 11.7.10)",
        "x-ms-client-request-id": "Sanitized",
        "x-ms-return-client-request-id": "true"
      },
      "RequestBody": null,
      "StatusCode": 200,
      "ResponseHeaders": {
        "Access-Control-Allow-Origin": "*",
        "Connection": "keep-alive",
        "Content-Type": "application/vnd.microsoft.appconfig.kvset+json; charset=utf-8",
        "Date": "Wed, 12 Jun 2024 04:30:40 GMT",
        "ETag": "\"mCMxtRARow3foOdxDqK6rGwqWghOeXMcBvDj6icvPIo\"",
        "Strict-Transport-Security": "max-age=31536000; includeSubDomains",
        "Sync-Token": "zAJw6V16=NToxOSM2NDQ3Mzg2OQ==;sn=64473869",
        "Transfer-Encoding": "chunked",
        "x-ms-client-request-id": "Sanitized",
        "x-ms-correlation-request-id": "b937c374-069f-450a-8165-fc73892056b6",
        "x-ms-request-id": "Sanitized"
      },
      "ResponseBody": {
        "etag": "Sanitized",
        "items": [
          {
            "etag": "Sanitized",
            "key": "key70578727822",
            "label": null,
            "content_type": "text",
            "value": "myNewValue",
            "tags": {
              "AnotherTag": "AnotherTagValue",
              "MyTag": "TagValue"
            },
            "locked": false,
            "last_modified": "2024-06-12T04:30:28+00:00"
          },
          {
            "etag": "Sanitized",
            "key": "key70578727822",
            "label": "54b20fea194896",
            "content_type": "text",
            "value": "myNewValue",
            "tags": {
              "AnotherTag": "AnotherTagValue",
              "MyTag": "TagValue"
            },
            "locked": false,
            "last_modified": "2024-06-12T04:30:28+00:00"
          }
        ]
      }
    },
    {
      "RequestUri": "https://REDACTED/kv/key70578727822?api-version=2023-10-01",
      "RequestMethod": "DELETE",
      "RequestHeaders": {
        "Accept": "application/vnd.microsoft.azconfig.kv+json",
        "Authorization": "Sanitized",
        "Content-Length": "0",
        "Content-Type": "application/json",
        "Date": "Wed, 12 Jun 2024 04:30:39 GMT",
        "Sync-Token": "zAJw6V16=NToxOSM2NDQ3Mzg2OQ==",
        "User-Agent": "azsdk-java-azure-data-appconfiguration/1.7.0-beta.1 (17.0.1; Mac OS X; 11.7.10)",
        "x-ms-client-request-id": "Sanitized",
        "x-ms-return-client-request-id": "true"
      },
      "RequestBody": null,
      "StatusCode": 200,
      "ResponseHeaders": {
        "Access-Control-Allow-Origin": "*",
        "Connection": "keep-alive",
        "Content-Type": "application/vnd.microsoft.appconfig.kv+json; charset=utf-8",
        "Date": "Wed, 12 Jun 2024 04:30:40 GMT",
        "ETag": "\"ZNef46aJUJRaGb_aZom2nLGCNeQ_WOZso7IpBXp_W1k\"",
        "Last-Modified": "Wed, 12 Jun 2024 04:30:28 GMT",
        "Strict-Transport-Security": "max-age=31536000; includeSubDomains",
        "Sync-Token": "zAJw6V16=NToxOSM2NDQ3Mzg3MA==;sn=64473870",
        "Transfer-Encoding": "chunked",
        "x-ms-client-request-id": "Sanitized",
        "x-ms-correlation-request-id": "3cf257b2-4a57-4edb-94fe-ab33d636f3c1",
        "x-ms-request-id": "Sanitized"
      },
      "ResponseBody": {
        "etag": "Sanitized",
        "key": "key70578727822",
        "label": null,
        "content_type": "text",
        "value": "myNewValue",
        "tags": {
          "AnotherTag": "AnotherTagValue",
          "MyTag": "TagValue"
        },
        "locked": false,
        "last_modified": "2024-06-12T04:30:28+00:00"
      }
    },
    {
      "RequestUri": "https://REDACTED/kv/key70578727822?label=54b20fea194896&api-version=2023-10-01",
      "RequestMethod": "DELETE",
      "RequestHeaders": {
        "Accept": "application/vnd.microsoft.azconfig.kv+json",
        "Authorization": "Sanitized",
        "Content-Length": "0",
        "Content-Type": "application/json",
        "Date": "Wed, 12 Jun 2024 04:30:40 GMT",
        "Sync-Token": "zAJw6V16=NToxOSM2NDQ3Mzg3MA==",
        "User-Agent": "azsdk-java-azure-data-appconfiguration/1.7.0-beta.1 (17.0.1; Mac OS X; 11.7.10)",
        "x-ms-client-request-id": "Sanitized",
        "x-ms-return-client-request-id": "true"
      },
      "RequestBody": null,
      "StatusCode": 200,
      "ResponseHeaders": {
        "Access-Control-Allow-Origin": "*",
        "Connection": "keep-alive",
        "Content-Type": "application/vnd.microsoft.appconfig.kv+json; charset=utf-8",
        "Date": "Wed, 12 Jun 2024 04:30:40 GMT",
        "ETag": "\"i_kJLvJ2R5liLjjs7Z_Lz6NtfMyrdiciW0A3PWCEf9U\"",
        "Last-Modified": "Wed, 12 Jun 2024 04:30:28 GMT",
        "Strict-Transport-Security": "max-age=31536000; includeSubDomains",
        "Sync-Token": "zAJw6V16=NToxOSM2NDQ3Mzg3MQ==;sn=64473871",
        "Transfer-Encoding": "chunked",
        "x-ms-client-request-id": "Sanitized",
        "x-ms-correlation-request-id": "e62c535f-d664-48d2-96f9-d0435cf73473",
        "x-ms-request-id": "Sanitized"
      },
      "ResponseBody": {
        "etag": "Sanitized",
        "key": "key70578727822",
        "label": "54b20fea194896",
        "content_type": "text",
        "value": "myNewValue",
        "tags": {
          "AnotherTag": "AnotherTagValue",
          "MyTag": "TagValue"
        },
        "locked": false,
        "last_modified": "2024-06-12T04:30:28+00:00"
      }
    }
  ],
  "Variables": {
    "0": "key70578",
    "1": "54b20fea",
    "2": "key70578727822",
    "3": "54b20fea194896",
    "4": "key7057899804f"
  }
}
