{
  "Entries": [
    {
      "RequestUri": "https://REDACTED/kv?key=%2A&api-version=2023-11-01&$Select=",
      "RequestMethod": "GET",
      "RequestHeaders": {
        "Accept": "application/vnd.microsoft.azconfig.kv+json",
        "Authorization": "Sanitized",
        "Content-Length": "0",
        "Content-Type": "application/json",
        "Date": "Thu, 13 Jun 2024 14:43:17 GMT",
        "Sync-Token": "",
        "User-Agent": "azsdk-java-azure-data-appconfiguration/1.7.0-beta.1 (21; Windows 11; 10.0)",
        "x-ms-client-request-id": "Sanitized",
        "x-ms-return-client-request-id": "true"
      },
      "RequestBody": null,
      "StatusCode": 200,
      "ResponseHeaders": {
        "Access-Control-Allow-Origin": "*",
        "Connection": "keep-alive",
        "Content-Type": "application/vnd.microsoft.appconfig.kvset+json; charset=utf-8",
        "Date": "Thu, 13 Jun 2024 14:43:19 GMT",
        "ETag": "\"tVjzOJRoAII73l60sZ9hm6MI-7e107fAcdhRQfn2_pA\"",
        "Strict-Transport-Security": "max-age=31536000; includeSubDomains",
        "Sync-Token": "zAJw6V16=MzoxNSM1NjAwOTI0;sn=5600924",
        "Transfer-Encoding": "chunked",
        "x-ms-client-request-id": "Sanitized",
        "x-ms-correlation-request-id": "89df67ea-b28b-4acd-b255-d4a2b1ceb2be",
        "x-ms-request-id": "Sanitized"
      },
      "ResponseBody": {
        "etag": "Sanitized",
        "items": [
          {
            "etag": "Sanitized",
            "key": "key36477012359",
            "label": null,
            "content_type": "text",
            "value": "myNewValue",
            "tags": {
              "AnotherTag": "AnotherTagValue",
              "MyTag": "TagValue"
            },
            "locked": false,
            "last_modified": "2024-06-13T14:43:12+00:00"
          },
          {
            "etag": "Sanitized",
            "key": "key36477012359",
            "label": "b055a8d0872251",
            "content_type": "text",
            "value": "myNewValue",
            "tags": {
              "AnotherTag": "AnotherTagValue",
              "MyTag": "TagValue"
            },
            "locked": false,
            "last_modified": "2024-06-13T14:43:12+00:00"
          },
          {
            "etag": "Sanitized",
            "key": "key47875720786-0",
            "label": null,
            "content_type": null,
            "value": "0-key47875720786",
            "tags": {},
            "locked": false,
            "last_modified": "2024-06-13T14:43:12+00:00"
          },
          {
            "etag": "Sanitized",
            "key": "key47875720786-1",
            "label": null,
            "content_type": null,
            "value": "1-key47875720786",
            "tags": {},
            "locked": false,
            "last_modified": "2024-06-13T14:43:12+00:00"
          },
          {
            "etag": "Sanitized",
            "key": "key47875720786-2",
            "label": null,
            "content_type": null,
            "value": "2-key47875720786",
            "tags": {},
            "locked": false,
            "last_modified": "2024-06-13T14:43:13+00:00"
          },
          {
            "etag": "Sanitized",
            "key": "key47875720786-3",
            "label": null,
            "content_type": null,
            "value": "3-key47875720786",
            "tags": {},
            "locked": false,
            "last_modified": "2024-06-13T14:43:13+00:00"
          },
          {
            "etag": "Sanitized",
            "key": "key47875720786-4",
            "label": null,
            "content_type": null,
            "value": "4-key47875720786",
            "tags": {},
            "locked": false,
            "last_modified": "2024-06-13T14:43:13+00:00"
          },
          {
            "etag": "Sanitized",
            "key": "key4896615938e",
            "label": null,
            "content_type": "text",
            "value": "myNewValue",
            "tags": {
              "AnotherTag": "AnotherTagValue",
              "MyTag": "TagValue"
            },
            "locked": false,
            "last_modified": "2024-06-13T14:43:18+00:00"
          },
          {
            "etag": "Sanitized",
            "key": "key4896615938e",
            "label": "0d4c096130927f",
            "content_type": "text",
            "value": "myNewValue",
            "tags": {
              "AnotherTag": "AnotherTagValue",
              "MyTag": "TagValue"
            },
            "locked": false,
            "last_modified": "2024-06-13T14:43:18+00:00"
          },
          {
            "etag": "Sanitized",
            "key": "key60455",
            "label": "1e146751",
            "content_type": null,
            "value": "myValue14",
            "tags": {},
            "locked": false,
            "last_modified": "2024-06-13T14:43:19+00:00"
          }
        ]
      }
    },
    {
      "RequestUri": "https://REDACTED/kv/key36477012359?api-version=2023-11-01",
      "RequestMethod": "DELETE",
      "RequestHeaders": {
        "Accept": "application/vnd.microsoft.azconfig.kv+json",
        "Authorization": "Sanitized",
        "Content-Length": "0",
        "Content-Type": "application/json",
        "Date": "Thu, 13 Jun 2024 14:43:20 GMT",
        "Sync-Token": "zAJw6V16=MzoxNSM1NjAwOTI0",
        "User-Agent": "azsdk-java-azure-data-appconfiguration/1.7.0-beta.1 (21; Windows 11; 10.0)",
        "x-ms-client-request-id": "Sanitized",
        "x-ms-return-client-request-id": "true"
      },
      "RequestBody": null,
      "StatusCode": 200,
      "ResponseHeaders": {
        "Access-Control-Allow-Origin": "*",
        "Connection": "keep-alive",
        "Content-Type": "application/vnd.microsoft.appconfig.kv+json; charset=utf-8",
        "Date": "Thu, 13 Jun 2024 14:43:19 GMT",
        "ETag": "\"QlRx5yTpmKHb3BmpE5t7W5Wr1ZdHIBuQWiYtN2WHpLA\"",
        "Last-Modified": "Thu, 13 Jun 2024 14:43:12 GMT",
        "Strict-Transport-Security": "max-age=31536000; includeSubDomains",
        "Sync-Token": "zAJw6V16=MzoxNSM1NjAwOTI3;sn=5600927",
        "Transfer-Encoding": "chunked",
        "x-ms-client-request-id": "Sanitized",
        "x-ms-correlation-request-id": "227519d2-7a57-4c54-aa50-a4d5935b8c08",
        "x-ms-request-id": "Sanitized"
      },
      "ResponseBody": {
        "etag": "Sanitized",
        "key": "key36477012359",
        "label": null,
        "content_type": "text",
        "value": "myNewValue",
        "tags": {
          "AnotherTag": "AnotherTagValue",
          "MyTag": "TagValue"
        },
        "locked": false,
        "last_modified": "2024-06-13T14:43:12+00:00"
      }
    },
    {
      "RequestUri": "https://REDACTED/kv/key36477012359?label=b055a8d0872251&api-version=2023-11-01",
      "RequestMethod": "DELETE",
      "RequestHeaders": {
        "Accept": "application/vnd.microsoft.azconfig.kv+json",
        "Authorization": "Sanitized",
        "Content-Length": "0",
        "Content-Type": "application/json",
        "Date": "Thu, 13 Jun 2024 14:43:20 GMT",
        "Sync-Token": "zAJw6V16=MzoxNSM1NjAwOTI3",
        "User-Agent": "azsdk-java-azure-data-appconfiguration/1.7.0-beta.1 (21; Windows 11; 10.0)",
        "x-ms-client-request-id": "Sanitized",
        "x-ms-return-client-request-id": "true"
      },
      "RequestBody": null,
      "StatusCode": 200,
      "ResponseHeaders": {
        "Access-Control-Allow-Origin": "*",
        "Connection": "keep-alive",
        "Content-Type": "application/vnd.microsoft.appconfig.kv+json; charset=utf-8",
        "Date": "Thu, 13 Jun 2024 14:43:19 GMT",
        "ETag": "\"E_N8XmJXaB4th0X6PdHNxbotB8ZYfK6qYU9_no5hG5A\"",
        "Last-Modified": "Thu, 13 Jun 2024 14:43:12 GMT",
        "Strict-Transport-Security": "max-age=31536000; includeSubDomains",
        "Sync-Token": "zAJw6V16=MzoxNSM1NjAwOTMw;sn=5600930",
        "Transfer-Encoding": "chunked",
        "x-ms-client-request-id": "Sanitized",
        "x-ms-correlation-request-id": "5cff5769-883d-423f-b7cf-c9ef8dbdfce9",
        "x-ms-request-id": "Sanitized"
      },
      "ResponseBody": {
        "etag": "Sanitized",
        "key": "key36477012359",
        "label": "b055a8d0872251",
        "content_type": "text",
        "value": "myNewValue",
        "tags": {
          "AnotherTag": "AnotherTagValue",
          "MyTag": "TagValue"
        },
        "locked": false,
        "last_modified": "2024-06-13T14:43:12+00:00"
      }
    },
    {
      "RequestUri": "https://REDACTED/kv/key47875720786-0?api-version=2023-11-01",
      "RequestMethod": "DELETE",
      "RequestHeaders": {
        "Accept": "application/vnd.microsoft.azconfig.kv+json",
        "Authorization": "Sanitized",
        "Content-Length": "0",
        "Content-Type": "application/json",
        "Date": "Thu, 13 Jun 2024 14:43:20 GMT",
        "Sync-Token": "zAJw6V16=MzoxNSM1NjAwOTMw",
        "User-Agent": "azsdk-java-azure-data-appconfiguration/1.7.0-beta.1 (21; Windows 11; 10.0)",
        "x-ms-client-request-id": "Sanitized",
        "x-ms-return-client-request-id": "true"
      },
      "RequestBody": null,
      "StatusCode": 200,
      "ResponseHeaders": {
        "Access-Control-Allow-Origin": "*",
        "Connection": "keep-alive",
        "Content-Type": "application/vnd.microsoft.appconfig.kv+json; charset=utf-8",
        "Date": "Thu, 13 Jun 2024 14:43:19 GMT",
        "ETag": "\"cI12kXiYSC8CRSCY74CkK1gpXj8ZI2yT4fsU4EKb4vw\"",
        "Last-Modified": "Thu, 13 Jun 2024 14:43:12 GMT",
        "Strict-Transport-Security": "max-age=31536000; includeSubDomains",
        "Sync-Token": "zAJw6V16=MzoxNSM1NjAwOTMz;sn=5600933",
        "Transfer-Encoding": "chunked",
        "x-ms-client-request-id": "Sanitized",
        "x-ms-correlation-request-id": "ee9e128f-9d81-48b6-8329-d2b879be42df",
        "x-ms-request-id": "Sanitized"
      },
      "ResponseBody": {
        "etag": "Sanitized",
        "key": "key47875720786-0",
        "label": null,
        "content_type": null,
        "value": "0-key47875720786",
        "tags": {},
        "locked": false,
        "last_modified": "2024-06-13T14:43:12+00:00"
      }
    },
    {
      "RequestUri": "https://REDACTED/kv/key47875720786-1?api-version=2023-11-01",
      "RequestMethod": "DELETE",
      "RequestHeaders": {
        "Accept": "application/vnd.microsoft.azconfig.kv+json",
        "Authorization": "Sanitized",
        "Content-Length": "0",
        "Content-Type": "application/json",
        "Date": "Thu, 13 Jun 2024 14:43:20 GMT",
        "Sync-Token": "zAJw6V16=MzoxNSM1NjAwOTMz",
        "User-Agent": "azsdk-java-azure-data-appconfiguration/1.7.0-beta.1 (21; Windows 11; 10.0)",
        "x-ms-client-request-id": "Sanitized",
        "x-ms-return-client-request-id": "true"
      },
      "RequestBody": null,
      "StatusCode": 200,
      "ResponseHeaders": {
        "Access-Control-Allow-Origin": "*",
        "Connection": "keep-alive",
        "Content-Type": "application/vnd.microsoft.appconfig.kv+json; charset=utf-8",
        "Date": "Thu, 13 Jun 2024 14:43:19 GMT",
        "ETag": "\"Bx9mYRaKXag4NEgDaN3zDDHUgUUBTrqScV0lWS_dWDo\"",
        "Last-Modified": "Thu, 13 Jun 2024 14:43:12 GMT",
        "Strict-Transport-Security": "max-age=31536000; includeSubDomains",
        "Sync-Token": "zAJw6V16=MzoxNSM1NjAwOTM1;sn=5600935",
        "Transfer-Encoding": "chunked",
        "x-ms-client-request-id": "Sanitized",
        "x-ms-correlation-request-id": "3733cd84-6cc4-42f0-8566-cf994796c190",
        "x-ms-request-id": "Sanitized"
      },
      "ResponseBody": {
        "etag": "Sanitized",
        "key": "key47875720786-1",
        "label": null,
        "content_type": null,
        "value": "1-key47875720786",
        "tags": {},
        "locked": false,
        "last_modified": "2024-06-13T14:43:12+00:00"
      }
    },
    {
      "RequestUri": "https://REDACTED/kv/key47875720786-2?api-version=2023-11-01",
      "RequestMethod": "DELETE",
      "RequestHeaders": {
        "Accept": "application/vnd.microsoft.azconfig.kv+json",
        "Authorization": "Sanitized",
        "Content-Length": "0",
        "Content-Type": "application/json",
        "Date": "Thu, 13 Jun 2024 14:43:20 GMT",
        "Sync-Token": "zAJw6V16=MzoxNSM1NjAwOTM1",
        "User-Agent": "azsdk-java-azure-data-appconfiguration/1.7.0-beta.1 (21; Windows 11; 10.0)",
        "x-ms-client-request-id": "Sanitized",
        "x-ms-return-client-request-id": "true"
      },
      "RequestBody": null,
      "StatusCode": 200,
      "ResponseHeaders": {
        "Access-Control-Allow-Origin": "*",
        "Connection": "keep-alive",
        "Content-Type": "application/vnd.microsoft.appconfig.kv+json; charset=utf-8",
        "Date": "Thu, 13 Jun 2024 14:43:19 GMT",
        "ETag": "\"bM7qC0VnguS-t4aBHAFxClRHPGg29aDKRIkjE_z6kXY\"",
        "Last-Modified": "Thu, 13 Jun 2024 14:43:13 GMT",
        "Strict-Transport-Security": "max-age=31536000; includeSubDomains",
        "Sync-Token": "zAJw6V16=MzoxNSM1NjAwOTM5;sn=5600939",
        "Transfer-Encoding": "chunked",
        "x-ms-client-request-id": "Sanitized",
        "x-ms-correlation-request-id": "099db39a-ec2a-4239-a4b8-98390f4db35c",
        "x-ms-request-id": "Sanitized"
      },
      "ResponseBody": {
        "etag": "Sanitized",
        "key": "key47875720786-2",
        "label": null,
        "content_type": null,
        "value": "2-key47875720786",
        "tags": {},
        "locked": false,
        "last_modified": "2024-06-13T14:43:13+00:00"
      }
    },
    {
      "RequestUri": "https://REDACTED/kv/key47875720786-3?api-version=2023-11-01",
      "RequestMethod": "DELETE",
      "RequestHeaders": {
        "Accept": "application/vnd.microsoft.azconfig.kv+json",
        "Authorization": "Sanitized",
        "Content-Length": "0",
        "Content-Type": "application/json",
        "Date": "Thu, 13 Jun 2024 14:43:20 GMT",
        "Sync-Token": "zAJw6V16=MzoxNSM1NjAwOTM5",
        "User-Agent": "azsdk-java-azure-data-appconfiguration/1.7.0-beta.1 (21; Windows 11; 10.0)",
        "x-ms-client-request-id": "Sanitized",
        "x-ms-return-client-request-id": "true"
      },
      "RequestBody": null,
      "StatusCode": 200,
      "ResponseHeaders": {
        "Access-Control-Allow-Origin": "*",
        "Connection": "keep-alive",
        "Content-Type": "application/vnd.microsoft.appconfig.kv+json; charset=utf-8",
        "Date": "Thu, 13 Jun 2024 14:43:19 GMT",
        "ETag": "\"_G8eQNmbXI656MRcTNGwsF3JU84AoAVV7TqqBb8Dcv4\"",
        "Last-Modified": "Thu, 13 Jun 2024 14:43:13 GMT",
        "Strict-Transport-Security": "max-age=31536000; includeSubDomains",
        "Sync-Token": "zAJw6V16=MzoxNSM1NjAwOTQy;sn=5600942",
        "Transfer-Encoding": "chunked",
        "x-ms-client-request-id": "Sanitized",
        "x-ms-correlation-request-id": "8b617a43-8379-4a71-b506-fa83b3f16bd8",
        "x-ms-request-id": "Sanitized"
      },
      "ResponseBody": {
        "etag": "Sanitized",
        "key": "key47875720786-3",
        "label": null,
        "content_type": null,
        "value": "3-key47875720786",
        "tags": {},
        "locked": false,
        "last_modified": "2024-06-13T14:43:13+00:00"
      }
    },
    {
      "RequestUri": "https://REDACTED/kv/key47875720786-4?api-version=2023-11-01",
      "RequestMethod": "DELETE",
      "RequestHeaders": {
        "Accept": "application/vnd.microsoft.azconfig.kv+json",
        "Authorization": "Sanitized",
        "Content-Length": "0",
        "Content-Type": "application/json",
        "Date": "Thu, 13 Jun 2024 14:43:20 GMT",
        "Sync-Token": "zAJw6V16=MzoxNSM1NjAwOTQy",
        "User-Agent": "azsdk-java-azure-data-appconfiguration/1.7.0-beta.1 (21; Windows 11; 10.0)",
        "x-ms-client-request-id": "Sanitized",
        "x-ms-return-client-request-id": "true"
      },
      "RequestBody": null,
      "StatusCode": 200,
      "ResponseHeaders": {
        "Access-Control-Allow-Origin": "*",
        "Connection": "keep-alive",
        "Content-Type": "application/vnd.microsoft.appconfig.kv+json; charset=utf-8",
        "Date": "Thu, 13 Jun 2024 14:43:20 GMT",
        "ETag": "\"qayXEMgCwFc2Yg1i8A2S4ESsVzsJqi-SenNGEoXOJMY\"",
        "Last-Modified": "Thu, 13 Jun 2024 14:43:13 GMT",
        "Strict-Transport-Security": "max-age=31536000; includeSubDomains",
        "Sync-Token": "zAJw6V16=MzoxNSM1NjAwOTQ2;sn=5600946",
        "Transfer-Encoding": "chunked",
        "x-ms-client-request-id": "Sanitized",
        "x-ms-correlation-request-id": "cbcb57dd-2cae-416d-b4e8-03e870b4e9d2",
        "x-ms-request-id": "Sanitized"
      },
      "ResponseBody": {
        "etag": "Sanitized",
        "key": "key47875720786-4",
        "label": null,
        "content_type": null,
        "value": "4-key47875720786",
        "tags": {},
        "locked": false,
        "last_modified": "2024-06-13T14:43:13+00:00"
      }
    },
    {
      "RequestUri": "https://REDACTED/kv/key4896615938e?api-version=2023-11-01",
      "RequestMethod": "DELETE",
      "RequestHeaders": {
        "Accept": "application/vnd.microsoft.azconfig.kv+json",
        "Authorization": "Sanitized",
        "Content-Length": "0",
        "Content-Type": "application/json",
        "Date": "Thu, 13 Jun 2024 14:43:20 GMT",
        "Sync-Token": "zAJw6V16=MzoxNSM1NjAwOTQ2",
        "User-Agent": "azsdk-java-azure-data-appconfiguration/1.7.0-beta.1 (21; Windows 11; 10.0)",
        "x-ms-client-request-id": "Sanitized",
        "x-ms-return-client-request-id": "true"
      },
      "RequestBody": null,
      "StatusCode": 200,
      "ResponseHeaders": {
        "Access-Control-Allow-Origin": "*",
        "Connection": "keep-alive",
        "Content-Type": "application/vnd.microsoft.appconfig.kv+json; charset=utf-8",
        "Date": "Thu, 13 Jun 2024 14:43:20 GMT",
        "ETag": "\"LtZSmkvaLlpClb-IoDN3YNB38Lm-zkCTndqcUzb8NHE\"",
        "Last-Modified": "Thu, 13 Jun 2024 14:43:18 GMT",
        "Strict-Transport-Security": "max-age=31536000; includeSubDomains",
        "Sync-Token": "zAJw6V16=MzoxNSM1NjAwOTUx;sn=5600951",
        "Transfer-Encoding": "chunked",
        "x-ms-client-request-id": "Sanitized",
        "x-ms-correlation-request-id": "d081e3b4-bea5-4b72-8b5f-0112c7390679",
        "x-ms-request-id": "Sanitized"
      },
      "ResponseBody": {
        "etag": "Sanitized",
        "key": "key4896615938e",
        "label": null,
        "content_type": "text",
        "value": "myNewValue",
        "tags": {
          "AnotherTag": "AnotherTagValue",
          "MyTag": "TagValue"
        },
        "locked": false,
        "last_modified": "2024-06-13T14:43:18+00:00"
      }
    },
    {
      "RequestUri": "https://REDACTED/kv/key4896615938e?label=0d4c096130927f&api-version=2023-11-01",
      "RequestMethod": "DELETE",
      "RequestHeaders": {
        "Accept": "application/vnd.microsoft.azconfig.kv+json",
        "Authorization": "Sanitized",
        "Content-Length": "0",
        "Content-Type": "application/json",
        "Date": "Thu, 13 Jun 2024 14:43:20 GMT",
        "Sync-Token": "zAJw6V16=MzoxNSM1NjAwOTUx",
        "User-Agent": "azsdk-java-azure-data-appconfiguration/1.7.0-beta.1 (21; Windows 11; 10.0)",
        "x-ms-client-request-id": "Sanitized",
        "x-ms-return-client-request-id": "true"
      },
      "RequestBody": null,
      "StatusCode": 200,
      "ResponseHeaders": {
        "Access-Control-Allow-Origin": "*",
        "Connection": "keep-alive",
        "Content-Type": "application/vnd.microsoft.appconfig.kv+json; charset=utf-8",
        "Date": "Thu, 13 Jun 2024 14:43:20 GMT",
        "ETag": "\"blxEAYrQf1ouKGvnLxkQNCxd60e3SYUsclUcrk4NJJ4\"",
        "Last-Modified": "Thu, 13 Jun 2024 14:43:18 GMT",
        "Strict-Transport-Security": "max-age=31536000; includeSubDomains",
        "Sync-Token": "zAJw6V16=MzoxNSM1NjAwOTU2;sn=5600956",
        "Transfer-Encoding": "chunked",
        "x-ms-client-request-id": "Sanitized",
        "x-ms-correlation-request-id": "a09271e9-30a6-4410-86b0-3c23e79155ab",
        "x-ms-request-id": "Sanitized"
      },
      "ResponseBody": {
        "etag": "Sanitized",
        "key": "key4896615938e",
        "label": "0d4c096130927f",
        "content_type": "text",
        "value": "myNewValue",
        "tags": {
          "AnotherTag": "AnotherTagValue",
          "MyTag": "TagValue"
        },
        "locked": false,
        "last_modified": "2024-06-13T14:43:18+00:00"
      }
    },
    {
      "RequestUri": "https://REDACTED/kv/key60455?label=1e146751&api-version=2023-11-01",
      "RequestMethod": "DELETE",
      "RequestHeaders": {
        "Accept": "application/vnd.microsoft.azconfig.kv+json",
        "Authorization": "Sanitized",
        "Content-Length": "0",
        "Content-Type": "application/json",
        "Date": "Thu, 13 Jun 2024 14:43:20 GMT",
        "Sync-Token": "zAJw6V16=MzoxNSM1NjAwOTU2",
        "User-Agent": "azsdk-java-azure-data-appconfiguration/1.7.0-beta.1 (21; Windows 11; 10.0)",
        "x-ms-client-request-id": "Sanitized",
        "x-ms-return-client-request-id": "true"
      },
      "RequestBody": null,
      "StatusCode": 200,
      "ResponseHeaders": {
        "Access-Control-Allow-Origin": "*",
        "Connection": "keep-alive",
        "Content-Type": "application/vnd.microsoft.appconfig.kv+json; charset=utf-8",
        "Date": "Thu, 13 Jun 2024 14:43:20 GMT",
        "ETag": "\"8O1pC0JCiiom8k6uGj_EnwZxwK5AnA1wPcX58dLTlRU\"",
        "Last-Modified": "Thu, 13 Jun 2024 14:43:20 GMT",
        "Strict-Transport-Security": "max-age=31536000; includeSubDomains",
        "Sync-Token": "zAJw6V16=MzoxNSM1NjAwOTU5;sn=5600959",
        "Transfer-Encoding": "chunked",
        "x-ms-client-request-id": "Sanitized",
        "x-ms-correlation-request-id": "b23711ee-be6d-4221-93f2-0124f67723e4",
        "x-ms-request-id": "Sanitized"
      },
      "ResponseBody": {
        "etag": "Sanitized",
        "key": "key60455",
        "label": "1e146751",
        "content_type": null,
        "value": "myValue24",
        "tags": {},
        "locked": false,
        "last_modified": "2024-06-13T14:43:20+00:00"
      }
    },
    {
      "RequestUri": "https://REDACTED/kv?key=key13176%2A&api-version=2023-11-01&$Select=",
      "RequestMethod": "GET",
      "RequestHeaders": {
        "Accept": "application/vnd.microsoft.azconfig.kv+json",
        "Authorization": "Sanitized",
        "Content-Length": "0",
        "Content-Type": "application/json",
        "Date": "Thu, 13 Jun 2024 14:43:21 GMT",
        "Sync-Token": "zAJw6V16=MzoxNSM1NjAwOTU5",
        "User-Agent": "azsdk-java-azure-data-appconfiguration/1.7.0-beta.1 (21; Windows 11; 10.0)",
        "x-ms-client-request-id": "Sanitized",
        "x-ms-return-client-request-id": "true"
      },
      "RequestBody": null,
      "StatusCode": 200,
      "ResponseHeaders": {
        "Access-Control-Allow-Origin": "*",
        "Connection": "keep-alive",
        "Content-Type": "application/vnd.microsoft.appconfig.kvset+json; charset=utf-8",
        "Date": "Thu, 13 Jun 2024 14:43:20 GMT",
        "ETag": "\"00wWELzclWef22f82qcUDI7FbJweVOoKWZDA_JoUeD0\"",
        "Strict-Transport-Security": "max-age=31536000; includeSubDomains",
        "Sync-Token": "zAJw6V16=MzoxNSM1NjAwOTYx;sn=5600961",
        "Transfer-Encoding": "chunked",
        "x-ms-client-request-id": "Sanitized",
        "x-ms-correlation-request-id": "d1dc8c8b-5a17-44b4-b988-8f069377e9d6",
        "x-ms-request-id": "Sanitized"
      },
      "ResponseBody": {
        "etag": "Sanitized",
        "items": []
      }
    }
  ],
  "Variables": {
    "0": "key13176",
    "1": "0859aaf7"
  }
}
