{
  "Entries": [
    {
      "RequestUri": "https://REDACTED/kv/key59291156856?api-version=2022-11-01-preview",
      "RequestMethod": "PUT",
      "RequestHeaders": {
        "Accept": "application/vnd.microsoft.azconfig.kv\u002Bjson",
        "Authorization": "Sanitized",
        "Content-Length": "67",
        "Content-Type": "application/json",
        "Date": "Thu, 22 Jun 2023 17:13:57 GMT",
        "If-None-Match": "*",
        "Sync-Token": "",
        "User-Agent": "azsdk-java-azure-data-appconfiguration/1.5.0-beta.1 (11.0.6; Windows 10; 10.0)",
        "x-ms-client-request-id": "21e6cf76-5df6-4e0c-b7a1-ac4296cc8d19",
        "x-ms-content-sha256": "4WJ6wUOP97/eY1CulwfUg0x6fSns0tDjOkiwciXVCVU=",
        "x-ms-return-client-request-id": "true"
      },
      "RequestBody": {
        "key": "key59291156856",
        "value": "myValue",
        "tags": {},
        "locked": false
      },
      "StatusCode": 200,
      "ResponseHeaders": {
        "Access-Control-Allow-Credentials": "true",
        "Access-Control-Allow-Headers": "DNT, X-CustomHeader, Keep-Alive, User-Agent, X-Requested-With, If-Modified-Since, Cache-Control, Content-Type, Authorization, x-ms-client-request-id, x-ms-useragent, x-ms-content-sha256, x-ms-date, host, Accept, Accept-Datetime, Date, If-Match, If-None-Match, Sync-Token, x-ms-return-client-request-id, ETag, Last-Modified, Link, Memento-Datetime, retry-after-ms, x-ms-request-id, x-ms-client-session-id, x-ms-effective-locale, WWW-Authenticate, traceparent, tracestate",
        "Access-Control-Allow-Methods": "GET, PUT, POST, DELETE, PATCH, OPTIONS",
        "Access-Control-Allow-Origin": "*",
        "Access-Control-Expose-Headers": "DNT, X-CustomHeader, Keep-Alive, User-Agent, X-Requested-With, If-Modified-Since, Cache-Control, Content-Type, Authorization, x-ms-client-request-id, x-ms-useragent, x-ms-content-sha256, x-ms-date, host, Accept, Accept-Datetime, Date, If-Match, If-None-Match, Sync-Token, x-ms-return-client-request-id, ETag, Last-Modified, Link, Memento-Datetime, retry-after-ms, x-ms-request-id, x-ms-client-session-id, x-ms-effective-locale, WWW-Authenticate, traceparent, tracestate",
        "Access-Control-Max-Age": "1728000",
        "Connection": "keep-alive",
        "Content-Type": "application/vnd.microsoft.appconfig.kv\u002Bjson; charset=utf-8",
        "Date": "Thu, 22 Jun 2023 17:13:56 GMT",
        "ETag": "\u0022yHQj9O0lN2FDPvdJGExRJZZqyhQrOVHy_qZmHXzL1Nk\u0022",
        "Last-Modified": "Thu, 22 Jun 2023 17:13:56 GMT",
        "Strict-Transport-Security": "max-age=15724800; includeSubDomains",
        "Sync-Token": "zAJw6V16=MjY6NSMxNDI2MjA4;sn=1426208",
        "Transfer-Encoding": "chunked",
        "x-ms-client-request-id": "21e6cf76-5df6-4e0c-b7a1-ac4296cc8d19",
        "x-ms-correlation-request-id": "05b54e49-ed4c-4765-a17b-3af5c193cc7a",
        "x-ms-request-id": "05b54e49-ed4c-4765-a17b-3af5c193cc7a",
        "x-ms-resource-group": "shafang",
        "x-ms-subscription-id": "b46f4a1f-c08c-4d25-b620-7b37a7564b0c",
        "x-ms-tenant-name": "shafang-snapshot"
      },
      "ResponseBody": {
        "etag": "yHQj9O0lN2FDPvdJGExRJZZqyhQrOVHy_qZmHXzL1Nk",
        "key": "key59291156856",
        "label": null,
        "content_type": null,
        "value": "myValue",
        "tags": {},
        "locked": false,
        "last_modified": "2023-06-22T17:13:56\u002B00:00"
      }
    },
    {
      "RequestUri": "https://REDACTED/locks/key59291156856?api-version=2022-11-01-preview",
      "RequestMethod": "PUT",
      "RequestHeaders": {
        "Accept": "application/vnd.microsoft.azconfig.kv\u002Bjson",
        "Authorization": "Sanitized",
        "Content-Length": "0",
        "Content-Type": "application/json",
        "Date": "Thu, 22 Jun 2023 17:13:57 GMT",
        "Sync-Token": "zAJw6V16=MjY6NSMxNDI2MjA4",
        "User-Agent": "azsdk-java-azure-data-appconfiguration/1.5.0-beta.1 (11.0.6; Windows 10; 10.0)",
        "x-ms-client-request-id": "d5bcefeb-5207-4a2b-8863-2705edb06545",
        "x-ms-content-sha256": "47DEQpj8HBSa\u002B/TImW\u002B5JCeuQeRkm5NMpJWZG3hSuFU=",
        "x-ms-return-client-request-id": "true"
      },
      "RequestBody": null,
      "StatusCode": 200,
      "ResponseHeaders": {
        "Access-Control-Allow-Credentials": "true",
        "Access-Control-Allow-Headers": "DNT, X-CustomHeader, Keep-Alive, User-Agent, X-Requested-With, If-Modified-Since, Cache-Control, Content-Type, Authorization, x-ms-client-request-id, x-ms-useragent, x-ms-content-sha256, x-ms-date, host, Accept, Accept-Datetime, Date, If-Match, If-None-Match, Sync-Token, x-ms-return-client-request-id, ETag, Last-Modified, Link, Memento-Datetime, retry-after-ms, x-ms-request-id, x-ms-client-session-id, x-ms-effective-locale, WWW-Authenticate, traceparent, tracestate",
        "Access-Control-Allow-Methods": "GET, PUT, POST, DELETE, PATCH, OPTIONS",
        "Access-Control-Allow-Origin": "*",
        "Access-Control-Expose-Headers": "DNT, X-CustomHeader, Keep-Alive, User-Agent, X-Requested-With, If-Modified-Since, Cache-Control, Content-Type, Authorization, x-ms-client-request-id, x-ms-useragent, x-ms-content-sha256, x-ms-date, host, Accept, Accept-Datetime, Date, If-Match, If-None-Match, Sync-Token, x-ms-return-client-request-id, ETag, Last-Modified, Link, Memento-Datetime, retry-after-ms, x-ms-request-id, x-ms-client-session-id, x-ms-effective-locale, WWW-Authenticate, traceparent, tracestate",
        "Access-Control-Max-Age": "1728000",
        "Connection": "keep-alive",
        "Content-Type": "application/vnd.microsoft.appconfig.kv\u002Bjson; charset=utf-8",
        "Date": "Thu, 22 Jun 2023 17:13:56 GMT",
        "ETag": "\u002283NdAdRmDuoQJygfFd98H28gr_lRETXcTOvkvpshZqM\u0022",
        "Last-Modified": "Thu, 22 Jun 2023 17:13:56 GMT",
        "Strict-Transport-Security": "max-age=15724800; includeSubDomains",
        "Sync-Token": "zAJw6V16=MjY6NSMxNDI2MjEx;sn=1426211",
        "Transfer-Encoding": "chunked",
        "x-ms-client-request-id": "d5bcefeb-5207-4a2b-8863-2705edb06545",
        "x-ms-correlation-request-id": "f270dba1-158f-420e-bd70-3b8230d7ffaa",
        "x-ms-request-id": "f270dba1-158f-420e-bd70-3b8230d7ffaa",
        "x-ms-resource-group": "shafang",
        "x-ms-subscription-id": "b46f4a1f-c08c-4d25-b620-7b37a7564b0c",
        "x-ms-tenant-name": "shafang-snapshot"
      },
      "ResponseBody": {
        "etag": "83NdAdRmDuoQJygfFd98H28gr_lRETXcTOvkvpshZqM",
        "key": "key59291156856",
        "label": null,
        "content_type": null,
        "value": "myValue",
        "tags": {},
        "locked": true,
        "last_modified": "2023-06-22T17:13:56\u002B00:00"
      }
    },
    {
      "RequestUri": "https://REDACTED/kv/key59291156856?api-version=2022-11-01-preview",
      "RequestMethod": "DELETE",
      "RequestHeaders": {
        "Accept": "application/vnd.microsoft.azconfig.kv\u002Bjson",
        "Authorization": "Sanitized",
        "Content-Length": "0",
        "Content-Type": "application/json",
        "Date": "Thu, 22 Jun 2023 17:13:57 GMT",
        "Sync-Token": "zAJw6V16=MjY6NSMxNDI2MjEx",
        "User-Agent": "azsdk-java-azure-data-appconfiguration/1.5.0-beta.1 (11.0.6; Windows 10; 10.0)",
        "x-ms-client-request-id": "c284b7fc-3636-4c03-adbf-e952feee40f8",
        "x-ms-content-sha256": "47DEQpj8HBSa\u002B/TImW\u002B5JCeuQeRkm5NMpJWZG3hSuFU=",
        "x-ms-return-client-request-id": "true"
      },
      "RequestBody": null,
      "StatusCode": 409,
      "ResponseHeaders": {
        "Access-Control-Allow-Credentials": "true",
        "Access-Control-Allow-Headers": "DNT, X-CustomHeader, Keep-Alive, User-Agent, X-Requested-With, If-Modified-Since, Cache-Control, Content-Type, Authorization, x-ms-client-request-id, x-ms-useragent, x-ms-content-sha256, x-ms-date, host, Accept, Accept-Datetime, Date, If-Match, If-None-Match, Sync-Token, x-ms-return-client-request-id, ETag, Last-Modified, Link, Memento-Datetime, retry-after-ms, x-ms-request-id, x-ms-client-session-id, x-ms-effective-locale, WWW-Authenticate, traceparent, tracestate",
        "Access-Control-Allow-Methods": "GET, PUT, POST, DELETE, PATCH, OPTIONS",
        "Access-Control-Allow-Origin": "*",
        "Access-Control-Expose-Headers": "DNT, X-CustomHeader, Keep-Alive, User-Agent, X-Requested-With, If-Modified-Since, Cache-Control, Content-Type, Authorization, x-ms-client-request-id, x-ms-useragent, x-ms-content-sha256, x-ms-date, host, Accept, Accept-Datetime, Date, If-Match, If-None-Match, Sync-Token, x-ms-return-client-request-id, ETag, Last-Modified, Link, Memento-Datetime, retry-after-ms, x-ms-request-id, x-ms-client-session-id, x-ms-effective-locale, WWW-Authenticate, traceparent, tracestate",
        "Access-Control-Max-Age": "1728000",
        "Connection": "keep-alive",
        "Content-Type": "application/problem\u002Bjson; charset=utf-8",
        "Date": "Thu, 22 Jun 2023 17:13:56 GMT",
        "Strict-Transport-Security": "max-age=15724800; includeSubDomains",
        "Sync-Token": "zAJw6V16=MjY6NSMxNDI2MjE1;sn=1426215",
        "Transfer-Encoding": "chunked",
        "x-ms-client-request-id": "c284b7fc-3636-4c03-adbf-e952feee40f8",
        "x-ms-correlation-request-id": "74497ef5-77bb-4a67-8327-de97b3873d86",
        "x-ms-request-id": "74497ef5-77bb-4a67-8327-de97b3873d86",
        "x-ms-resource-group": "shafang",
        "x-ms-subscription-id": "b46f4a1f-c08c-4d25-b620-7b37a7564b0c",
        "x-ms-tenant-name": "shafang-snapshot"
      },
      "ResponseBody": {
        "type": "https://azconfig.io/errors/key-locked",
        "title": "Modifing key \u0027key59291156856\u0027 is not allowed",
        "name": "key59291156856",
        "detail": "The key is read-only. To allow modification unlock it first.",
        "status": 409
      }
    },
    {
      "RequestUri": "https://REDACTED/locks/key59291156856?api-version=2022-11-01-preview",
      "RequestMethod": "DELETE",
      "RequestHeaders": {
        "Accept": "application/vnd.microsoft.azconfig.kv\u002Bjson",
        "Authorization": "Sanitized",
        "Content-Length": "0",
        "Content-Type": "application/json",
        "Date": "Thu, 22 Jun 2023 17:13:58 GMT",
        "Sync-Token": "zAJw6V16=MjY6NSMxNDI2MjE1",
        "User-Agent": "azsdk-java-azure-data-appconfiguration/1.5.0-beta.1 (11.0.6; Windows 10; 10.0)",
        "x-ms-client-request-id": "bbe0df74-bcaa-4857-930f-83080d9f8592",
        "x-ms-content-sha256": "47DEQpj8HBSa\u002B/TImW\u002B5JCeuQeRkm5NMpJWZG3hSuFU=",
        "x-ms-return-client-request-id": "true"
      },
      "RequestBody": null,
      "StatusCode": 200,
      "ResponseHeaders": {
        "Access-Control-Allow-Credentials": "true",
        "Access-Control-Allow-Headers": "DNT, X-CustomHeader, Keep-Alive, User-Agent, X-Requested-With, If-Modified-Since, Cache-Control, Content-Type, Authorization, x-ms-client-request-id, x-ms-useragent, x-ms-content-sha256, x-ms-date, host, Accept, Accept-Datetime, Date, If-Match, If-None-Match, Sync-Token, x-ms-return-client-request-id, ETag, Last-Modified, Link, Memento-Datetime, retry-after-ms, x-ms-request-id, x-ms-client-session-id, x-ms-effective-locale, WWW-Authenticate, traceparent, tracestate",
        "Access-Control-Allow-Methods": "GET, PUT, POST, DELETE, PATCH, OPTIONS",
        "Access-Control-Allow-Origin": "*",
        "Access-Control-Expose-Headers": "DNT, X-CustomHeader, Keep-Alive, User-Agent, X-Requested-With, If-Modified-Since, Cache-Control, Content-Type, Authorization, x-ms-client-request-id, x-ms-useragent, x-ms-content-sha256, x-ms-date, host, Accept, Accept-Datetime, Date, If-Match, If-None-Match, Sync-Token, x-ms-return-client-request-id, ETag, Last-Modified, Link, Memento-Datetime, retry-after-ms, x-ms-request-id, x-ms-client-session-id, x-ms-effective-locale, WWW-Authenticate, traceparent, tracestate",
        "Access-Control-Max-Age": "1728000",
        "Connection": "keep-alive",
        "Content-Type": "application/vnd.microsoft.appconfig.kv\u002Bjson; charset=utf-8",
        "Date": "Thu, 22 Jun 2023 17:13:57 GMT",
        "ETag": "\u0022yOd1a3iZHirfOyGDVqDBgX7EUAt2fcSKailW-r0D3SU\u0022",
        "Last-Modified": "Thu, 22 Jun 2023 17:13:57 GMT",
        "Strict-Transport-Security": "max-age=15724800; includeSubDomains",
        "Sync-Token": "zAJw6V16=MjY6NSMxNDI2MjE5;sn=1426219",
        "Transfer-Encoding": "chunked",
        "x-ms-client-request-id": "bbe0df74-bcaa-4857-930f-83080d9f8592",
        "x-ms-correlation-request-id": "593e2956-2f06-4d09-8d25-c9e7756d23fc",
        "x-ms-request-id": "593e2956-2f06-4d09-8d25-c9e7756d23fc",
        "x-ms-resource-group": "shafang",
        "x-ms-subscription-id": "b46f4a1f-c08c-4d25-b620-7b37a7564b0c",
        "x-ms-tenant-name": "shafang-snapshot"
      },
      "ResponseBody": {
        "etag": "yOd1a3iZHirfOyGDVqDBgX7EUAt2fcSKailW-r0D3SU",
        "key": "key59291156856",
        "label": null,
        "content_type": null,
        "value": "myValue",
        "tags": {},
        "locked": false,
        "last_modified": "2023-06-22T17:13:57\u002B00:00"
      }
    },
    {
      "RequestUri": "https://REDACTED/kv/key59291156856?api-version=2022-11-01-preview",
      "RequestMethod": "DELETE",
      "RequestHeaders": {
        "Accept": "application/vnd.microsoft.azconfig.kv\u002Bjson",
        "Authorization": "Sanitized",
        "Content-Length": "0",
        "Content-Type": "application/json",
        "Date": "Thu, 22 Jun 2023 17:13:58 GMT",
        "Sync-Token": "zAJw6V16=MjY6NSMxNDI2MjE5",
        "User-Agent": "azsdk-java-azure-data-appconfiguration/1.5.0-beta.1 (11.0.6; Windows 10; 10.0)",
        "x-ms-client-request-id": "a068abf0-5afd-408a-883c-3b7bf12f0ee2",
        "x-ms-content-sha256": "47DEQpj8HBSa\u002B/TImW\u002B5JCeuQeRkm5NMpJWZG3hSuFU=",
        "x-ms-return-client-request-id": "true"
      },
      "RequestBody": null,
      "StatusCode": 200,
      "ResponseHeaders": {
        "Access-Control-Allow-Credentials": "true",
        "Access-Control-Allow-Headers": "DNT, X-CustomHeader, Keep-Alive, User-Agent, X-Requested-With, If-Modified-Since, Cache-Control, Content-Type, Authorization, x-ms-client-request-id, x-ms-useragent, x-ms-content-sha256, x-ms-date, host, Accept, Accept-Datetime, Date, If-Match, If-None-Match, Sync-Token, x-ms-return-client-request-id, ETag, Last-Modified, Link, Memento-Datetime, retry-after-ms, x-ms-request-id, x-ms-client-session-id, x-ms-effective-locale, WWW-Authenticate, traceparent, tracestate",
        "Access-Control-Allow-Methods": "GET, PUT, POST, DELETE, PATCH, OPTIONS",
        "Access-Control-Allow-Origin": "*",
        "Access-Control-Expose-Headers": "DNT, X-CustomHeader, Keep-Alive, User-Agent, X-Requested-With, If-Modified-Since, Cache-Control, Content-Type, Authorization, x-ms-client-request-id, x-ms-useragent, x-ms-content-sha256, x-ms-date, host, Accept, Accept-Datetime, Date, If-Match, If-None-Match, Sync-Token, x-ms-return-client-request-id, ETag, Last-Modified, Link, Memento-Datetime, retry-after-ms, x-ms-request-id, x-ms-client-session-id, x-ms-effective-locale, WWW-Authenticate, traceparent, tracestate",
        "Access-Control-Max-Age": "1728000",
        "Connection": "keep-alive",
        "Content-Type": "application/vnd.microsoft.appconfig.kv\u002Bjson; charset=utf-8",
        "Date": "Thu, 22 Jun 2023 17:13:57 GMT",
        "ETag": "\u0022yOd1a3iZHirfOyGDVqDBgX7EUAt2fcSKailW-r0D3SU\u0022",
        "Last-Modified": "Thu, 22 Jun 2023 17:13:57 GMT",
        "Strict-Transport-Security": "max-age=15724800; includeSubDomains",
        "Sync-Token": "zAJw6V16=MjY6NSMxNDI2MjI0;sn=1426224",
        "Transfer-Encoding": "chunked",
        "x-ms-client-request-id": "a068abf0-5afd-408a-883c-3b7bf12f0ee2",
        "x-ms-correlation-request-id": "f8f934ae-f312-4f37-879e-3e39334b809c",
        "x-ms-request-id": "f8f934ae-f312-4f37-879e-3e39334b809c",
        "x-ms-resource-group": "shafang",
        "x-ms-subscription-id": "b46f4a1f-c08c-4d25-b620-7b37a7564b0c",
        "x-ms-tenant-name": "shafang-snapshot"
      },
      "ResponseBody": {
        "etag": "yOd1a3iZHirfOyGDVqDBgX7EUAt2fcSKailW-r0D3SU",
        "key": "key59291156856",
        "label": null,
        "content_type": null,
        "value": "myValue",
        "tags": {},
        "locked": false,
        "last_modified": "2023-06-22T17:13:57\u002B00:00"
      }
    },
    {
      "RequestUri": "https://REDACTED/kv?key=key59291%2A\u0026api-version=2022-11-01-preview\u0026$Select=",
      "RequestMethod": "GET",
      "RequestHeaders": {
        "Accept": "application/vnd.microsoft.azconfig.kv\u002Bjson",
        "Authorization": "Sanitized",
        "Content-Length": "0",
        "Content-Type": "application/json",
        "Date": "Thu, 22 Jun 2023 17:13:58 GMT",
        "Sync-Token": "zAJw6V16=MjY6NSMxNDI2MjI0",
        "User-Agent": "azsdk-java-azure-data-appconfiguration/1.5.0-beta.1 (11.0.6; Windows 10; 10.0)",
        "x-ms-client-request-id": "776bb18f-84e2-438f-8ae7-59836f595eb9",
        "x-ms-content-sha256": "47DEQpj8HBSa\u002B/TImW\u002B5JCeuQeRkm5NMpJWZG3hSuFU=",
        "x-ms-return-client-request-id": "true"
      },
      "RequestBody": null,
      "StatusCode": 200,
      "ResponseHeaders": {
        "Access-Control-Allow-Credentials": "true",
        "Access-Control-Allow-Headers": "DNT, X-CustomHeader, Keep-Alive, User-Agent, X-Requested-With, If-Modified-Since, Cache-Control, Content-Type, Authorization, x-ms-client-request-id, x-ms-useragent, x-ms-content-sha256, x-ms-date, host, Accept, Accept-Datetime, Date, If-Match, If-None-Match, Sync-Token, x-ms-return-client-request-id, ETag, Last-Modified, Link, Memento-Datetime, retry-after-ms, x-ms-request-id, x-ms-client-session-id, x-ms-effective-locale, WWW-Authenticate, traceparent, tracestate",
        "Access-Control-Allow-Methods": "GET, PUT, POST, DELETE, PATCH, OPTIONS",
        "Access-Control-Allow-Origin": "*",
        "Access-Control-Expose-Headers": "DNT, X-CustomHeader, Keep-Alive, User-Agent, X-Requested-With, If-Modified-Since, Cache-Control, Content-Type, Authorization, x-ms-client-request-id, x-ms-useragent, x-ms-content-sha256, x-ms-date, host, Accept, Accept-Datetime, Date, If-Match, If-None-Match, Sync-Token, x-ms-return-client-request-id, ETag, Last-Modified, Link, Memento-Datetime, retry-after-ms, x-ms-request-id, x-ms-client-session-id, x-ms-effective-locale, WWW-Authenticate, traceparent, tracestate",
        "Access-Control-Max-Age": "1728000",
        "Connection": "keep-alive",
        "Content-Type": "application/vnd.microsoft.appconfig.kvset\u002Bjson; charset=utf-8",
        "Date": "Thu, 22 Jun 2023 17:13:57 GMT",
        "Strict-Transport-Security": "max-age=15724800; includeSubDomains",
        "Sync-Token": "zAJw6V16=MjY6NSMxNDI2MjI2;sn=1426226",
        "Transfer-Encoding": "chunked",
        "x-ms-client-request-id": "776bb18f-84e2-438f-8ae7-59836f595eb9",
        "x-ms-correlation-request-id": "bc5d87dd-feb9-4590-b6ba-996e79bbb2f8",
        "x-ms-request-id": "bc5d87dd-feb9-4590-b6ba-996e79bbb2f8",
        "x-ms-resource-group": "shafang",
        "x-ms-subscription-id": "b46f4a1f-c08c-4d25-b620-7b37a7564b0c",
        "x-ms-tenant-name": "shafang-snapshot"
      },
      "ResponseBody": {
        "items": []
      }
    }
  ],
  "Variables": {
    "0": "key59291",
    "1": "b31b9799",
    "2": "key59291156856"
  }
}
