{
  "Entries": [
    {
      "RequestUri": "https://REDACTED/kv/key0209987788e?api-version=2023-11-01",
      "RequestMethod": "PUT",
      "RequestHeaders": {
        "Accept": "application/vnd.microsoft.azconfig.kv+json",
        "Authorization": "Sanitized",
        "Content-Length": "67",
        "Content-Type": "application/json",
        "Date": "Sun, 09 Jun 2024 20:36:25 GMT",
        "If-None-Match": "*",
        "Sync-Token": "",
        "User-Agent": "azsdk-java-azure-data-appconfiguration/1.6.1 (21; Windows 11; 10.0)",
        "x-ms-client-request-id": "Sanitized",
        "x-ms-content-sha256": "Sanitized",
        "x-ms-return-client-request-id": "true"
      },
      "RequestBody": {
        "key": "key0209987788e",
        "value": "myValue",
        "tags": {},
        "locked": false
      },
      "StatusCode": 200,
      "ResponseHeaders": {
        "Access-Control-Allow-Origin": "*",
        "Connection": "keep-alive",
        "Content-Type": "application/vnd.microsoft.appconfig.kv+json; charset=utf-8",
        "Date": "Sun, 09 Jun 2024 20:36:25 GMT",
        "ETag": "\"UOE0J1_cw6659d-LvYcaoyDi3QmyD0_6FZ-R1iAvcsA\"",
        "Last-Modified": "Sun, 09 Jun 2024 20:36:25 GMT",
        "Strict-Transport-Security": "max-age=31536000; includeSubDomains",
        "Sync-Token": "zAJw6V16=MzoxNSM1NTkwODIx;sn=5590821",
        "Transfer-Encoding": "chunked",
        "x-ms-client-request-id": "Sanitized",
        "x-ms-correlation-request-id": "14757e10-41f2-46b1-a73f-ca444896f2c0",
        "x-ms-request-id": "Sanitized"
      },
      "ResponseBody": {
        "etag": "Sanitized",
        "key": "key0209987788e",
        "label": null,
        "content_type": null,
        "value": "myValue",
        "tags": {},
        "locked": false,
        "last_modified": "2024-06-09T20:36:25+00:00"
      }
    },
    {
      "RequestUri": "https://REDACTED/kv/key0209987788e?api-version=2023-11-01",
      "RequestMethod": "GET",
      "RequestHeaders": {
        "Accept": "application/vnd.microsoft.azconfig.kv+json",
        "Authorization": "Sanitized",
        "Content-Length": "0",
        "Content-Type": "application/json",
        "Date": "Sun, 09 Jun 2024 20:36:25 GMT",
        "Sync-Token": "zAJw6V16=MzoxNSM1NTkwODIx",
        "User-Agent": "azsdk-java-azure-data-appconfiguration/1.6.1 (21; Windows 11; 10.0)",
        "x-ms-client-request-id": "Sanitized",
        "x-ms-content-sha256": "Sanitized",
        "x-ms-return-client-request-id": "true"
      },
      "RequestBody": null,
      "StatusCode": 200,
      "ResponseHeaders": {
        "Access-Control-Allow-Origin": "*",
        "Connection": "keep-alive",
        "Content-Type": "application/vnd.microsoft.appconfig.kv+json; charset=utf-8",
        "Date": "Sun, 09 Jun 2024 20:36:25 GMT",
        "ETag": "\"UOE0J1_cw6659d-LvYcaoyDi3QmyD0_6FZ-R1iAvcsA\"",
        "Last-Modified": "Sun, 09 Jun 2024 20:36:25 GMT",
        "Strict-Transport-Security": "max-age=31536000; includeSubDomains",
        "Sync-Token": "zAJw6V16=MzoxNSM1NTkwODIx;sn=5590821",
        "Transfer-Encoding": "chunked",
        "x-ms-client-request-id": "Sanitized",
        "x-ms-correlation-request-id": "6d5d6950-3273-443b-8f79-f24a4639cb5c",
        "x-ms-request-id": "Sanitized"
      },
      "ResponseBody": {
        "etag": "Sanitized",
        "key": "key0209987788e",
        "label": null,
        "content_type": null,
        "value": "myValue",
        "tags": {},
        "locked": false,
        "last_modified": "2024-06-09T20:36:25+00:00"
      }
    },
    {
      "RequestUri": "https://REDACTED/kv/key0209987788e?api-version=2023-11-01",
      "RequestMethod": "DELETE",
      "RequestHeaders": {
        "Accept": "application/vnd.microsoft.azconfig.kv+json",
        "Authorization": "Sanitized",
        "Content-Length": "0",
        "Content-Type": "application/json",
        "Date": "Sun, 09 Jun 2024 20:36:25 GMT",
        "Sync-Token": "zAJw6V16=MzoxNSM1NTkwODIx",
        "User-Agent": "azsdk-java-azure-data-appconfiguration/1.6.1 (21; Windows 11; 10.0)",
        "x-ms-client-request-id": "Sanitized",
        "x-ms-content-sha256": "Sanitized",
        "x-ms-return-client-request-id": "true"
      },
      "RequestBody": null,
      "StatusCode": 200,
      "ResponseHeaders": {
        "Access-Control-Allow-Origin": "*",
        "Connection": "keep-alive",
        "Content-Type": "application/vnd.microsoft.appconfig.kv+json; charset=utf-8",
        "Date": "Sun, 09 Jun 2024 20:36:25 GMT",
        "ETag": "\"UOE0J1_cw6659d-LvYcaoyDi3QmyD0_6FZ-R1iAvcsA\"",
        "Last-Modified": "Sun, 09 Jun 2024 20:36:25 GMT",
        "Strict-Transport-Security": "max-age=31536000; includeSubDomains",
        "Sync-Token": "zAJw6V16=MzoxNSM1NTkwODI3;sn=5590827",
        "Transfer-Encoding": "chunked",
        "x-ms-client-request-id": "Sanitized",
        "x-ms-correlation-request-id": "85331a29-888c-4429-bd99-955e3d97b4f7",
        "x-ms-request-id": "Sanitized"
      },
      "ResponseBody": {
        "etag": "Sanitized",
        "key": "key0209987788e",
        "label": null,
        "content_type": null,
        "value": "myValue",
        "tags": {},
        "locked": false,
        "last_modified": "2024-06-09T20:36:25+00:00"
      }
    },
    {
      "RequestUri": "https://REDACTED/kv/key0209987788e?api-version=2023-11-01",
      "RequestMethod": "GET",
      "RequestHeaders": {
        "Accept": "application/vnd.microsoft.azconfig.kv+json",
        "Authorization": "Sanitized",
        "Content-Length": "0",
        "Content-Type": "application/json",
        "Date": "Sun, 09 Jun 2024 20:36:26 GMT",
        "Sync-Token": "zAJw6V16=MzoxNSM1NTkwODI3",
        "User-Agent": "azsdk-java-azure-data-appconfiguration/1.6.1 (21; Windows 11; 10.0)",
        "x-ms-client-request-id": "Sanitized",
        "x-ms-content-sha256": "Sanitized",
        "x-ms-return-client-request-id": "true"
      },
      "RequestBody": null,
      "StatusCode": 404,
      "ResponseHeaders": {
        "Access-Control-Allow-Origin": "*",
        "Connection": "keep-alive",
        "Content-Length": "0",
        "Date": "Sun, 09 Jun 2024 20:36:26 GMT",
        "Strict-Transport-Security": "max-age=31536000; includeSubDomains",
        "Sync-Token": "zAJw6V16=MzoxNSM1NTkwODMw;sn=5590830",
        "x-ms-client-request-id": "Sanitized",
        "x-ms-correlation-request-id": "e3cc0b6a-725e-40c7-9595-ded0e75ef6c9",
        "x-ms-request-id": "Sanitized"
      },
      "ResponseBody": null
    },
    {
      "RequestUri": "https://REDACTED/kv/key0209987788e?label=952da5e5784488&api-version=2023-11-01",
      "RequestMethod": "PUT",
      "RequestHeaders": {
        "Accept": "application/vnd.microsoft.azconfig.kv+json",
        "Authorization": "Sanitized",
        "Content-Length": "92",
        "Content-Type": "application/json",
        "Date": "Sun, 09 Jun 2024 20:36:26 GMT",
        "If-None-Match": "*",
        "Sync-Token": "zAJw6V16=MzoxNSM1NTkwODMw",
        "User-Agent": "azsdk-java-azure-data-appconfiguration/1.6.1 (21; Windows 11; 10.0)",
        "x-ms-client-request-id": "Sanitized",
        "x-ms-content-sha256": "Sanitized",
        "x-ms-return-client-request-id": "true"
      },
      "RequestBody": {
        "key": "key0209987788e",
        "label": "952da5e5784488",
        "value": "myValue",
        "tags": {},
        "locked": false
      },
      "StatusCode": 200,
      "ResponseHeaders": {
        "Access-Control-Allow-Origin": "*",
        "Connection": "keep-alive",
        "Content-Type": "application/vnd.microsoft.appconfig.kv+json; charset=utf-8",
        "Date": "Sun, 09 Jun 2024 20:36:26 GMT",
        "ETag": "\"JRasU_dMn7LtbmdvZVFZiSyl8QsL_YrSOHv5cLLcRWs\"",
        "Last-Modified": "Sun, 09 Jun 2024 20:36:26 GMT",
        "Strict-Transport-Security": "max-age=31536000; includeSubDomains",
        "Sync-Token": "zAJw6V16=MzoxNSM1NTkwODM1;sn=5590835",
        "Transfer-Encoding": "chunked",
        "x-ms-client-request-id": "Sanitized",
        "x-ms-correlation-request-id": "68513f3c-aed3-4a06-9d86-114c2157e469",
        "x-ms-request-id": "Sanitized"
      },
      "ResponseBody": {
        "etag": "Sanitized",
        "key": "key0209987788e",
        "label": "952da5e5784488",
        "content_type": null,
        "value": "myValue",
        "tags": {},
        "locked": false,
        "last_modified": "2024-06-09T20:36:26+00:00"
      }
    },
    {
      "RequestUri": "https://REDACTED/kv/key0209987788e?label=952da5e5784488&api-version=2023-11-01",
      "RequestMethod": "GET",
      "RequestHeaders": {
        "Accept": "application/vnd.microsoft.azconfig.kv+json",
        "Authorization": "Sanitized",
        "Content-Length": "0",
        "Content-Type": "application/json",
        "Date": "Sun, 09 Jun 2024 20:36:26 GMT",
        "Sync-Token": "zAJw6V16=MzoxNSM1NTkwODM1",
        "User-Agent": "azsdk-java-azure-data-appconfiguration/1.6.1 (21; Windows 11; 10.0)",
        "x-ms-client-request-id": "Sanitized",
        "x-ms-content-sha256": "Sanitized",
        "x-ms-return-client-request-id": "true"
      },
      "RequestBody": null,
      "StatusCode": 200,
      "ResponseHeaders": {
        "Access-Control-Allow-Origin": "*",
        "Connection": "keep-alive",
        "Content-Type": "application/vnd.microsoft.appconfig.kv+json; charset=utf-8",
        "Date": "Sun, 09 Jun 2024 20:36:26 GMT",
        "ETag": "\"JRasU_dMn7LtbmdvZVFZiSyl8QsL_YrSOHv5cLLcRWs\"",
        "Last-Modified": "Sun, 09 Jun 2024 20:36:26 GMT",
        "Strict-Transport-Security": "max-age=31536000; includeSubDomains",
        "Sync-Token": "zAJw6V16=MzoxNSM1NTkwODM5;sn=5590839",
        "Transfer-Encoding": "chunked",
        "x-ms-client-request-id": "Sanitized",
        "x-ms-correlation-request-id": "a2f08c23-bcdc-4272-9bc3-091e1fa03641",
        "x-ms-request-id": "Sanitized"
      },
      "ResponseBody": {
        "etag": "Sanitized",
        "key": "key0209987788e",
        "label": "952da5e5784488",
        "content_type": null,
        "value": "myValue",
        "tags": {},
        "locked": false,
        "last_modified": "2024-06-09T20:36:26+00:00"
      }
    },
    {
      "RequestUri": "https://REDACTED/kv/key0209987788e?label=952da5e5784488&api-version=2023-11-01",
      "RequestMethod": "DELETE",
      "RequestHeaders": {
        "Accept": "application/vnd.microsoft.azconfig.kv+json",
        "Authorization": "Sanitized",
        "Content-Length": "0",
        "Content-Type": "application/json",
        "Date": "Sun, 09 Jun 2024 20:36:26 GMT",
        "Sync-Token": "zAJw6V16=MzoxNSM1NTkwODM5",
        "User-Agent": "azsdk-java-azure-data-appconfiguration/1.6.1 (21; Windows 11; 10.0)",
        "x-ms-client-request-id": "Sanitized",
        "x-ms-content-sha256": "Sanitized",
        "x-ms-return-client-request-id": "true"
      },
      "RequestBody": null,
      "StatusCode": 200,
      "ResponseHeaders": {
        "Access-Control-Allow-Origin": "*",
        "Connection": "keep-alive",
        "Content-Type": "application/vnd.microsoft.appconfig.kv+json; charset=utf-8",
        "Date": "Sun, 09 Jun 2024 20:36:26 GMT",
        "ETag": "\"JRasU_dMn7LtbmdvZVFZiSyl8QsL_YrSOHv5cLLcRWs\"",
        "Last-Modified": "Sun, 09 Jun 2024 20:36:26 GMT",
        "Strict-Transport-Security": "max-age=31536000; includeSubDomains",
        "Sync-Token": "zAJw6V16=MzoxNSM1NTkwODQ0;sn=5590844",
        "Transfer-Encoding": "chunked",
        "x-ms-client-request-id": "Sanitized",
        "x-ms-correlation-request-id": "45e1afec-6ffd-42b1-8f98-118b8c94b6c6",
        "x-ms-request-id": "Sanitized"
      },
      "ResponseBody": {
        "etag": "Sanitized",
        "key": "key0209987788e",
        "label": "952da5e5784488",
        "content_type": null,
        "value": "myValue",
        "tags": {},
        "locked": false,
        "last_modified": "2024-06-09T20:36:26+00:00"
      }
    },
    {
      "RequestUri": "https://REDACTED/kv/key0209987788e?label=952da5e5784488&api-version=2023-11-01",
      "RequestMethod": "GET",
      "RequestHeaders": {
        "Accept": "application/vnd.microsoft.azconfig.kv+json",
        "Authorization": "Sanitized",
        "Content-Length": "0",
        "Content-Type": "application/json",
        "Date": "Sun, 09 Jun 2024 20:36:26 GMT",
        "Sync-Token": "zAJw6V16=MzoxNSM1NTkwODQ0",
        "User-Agent": "azsdk-java-azure-data-appconfiguration/1.6.1 (21; Windows 11; 10.0)",
        "x-ms-client-request-id": "Sanitized",
        "x-ms-content-sha256": "Sanitized",
        "x-ms-return-client-request-id": "true"
      },
      "RequestBody": null,
      "StatusCode": 404,
      "ResponseHeaders": {
        "Access-Control-Allow-Origin": "*",
        "Connection": "keep-alive",
        "Content-Length": "0",
        "Date": "Sun, 09 Jun 2024 20:36:26 GMT",
        "Strict-Transport-Security": "max-age=31536000; includeSubDomains",
        "Sync-Token": "zAJw6V16=MzoxNSM1NTkwODQ4;sn=5590848",
        "x-ms-client-request-id": "Sanitized",
        "x-ms-correlation-request-id": "6d4d2376-4643-48c4-930f-5e89882fd2cb",
        "x-ms-request-id": "Sanitized"
      },
      "ResponseBody": null
    },
    {
      "RequestUri": "https://REDACTED/kv?key=key02099%2A&api-version=2023-11-01&$Select=",
      "RequestMethod": "GET",
      "RequestHeaders": {
        "Accept": "application/vnd.microsoft.azconfig.kv+json",
        "Authorization": "Sanitized",
        "Content-Length": "0",
        "Content-Type": "application/json",
        "Date": "Sun, 09 Jun 2024 20:36:26 GMT",
        "Sync-Token": "zAJw6V16=MzoxNSM1NTkwODQ4",
        "User-Agent": "azsdk-java-azure-data-appconfiguration/1.6.1 (21; Windows 11; 10.0)",
        "x-ms-client-request-id": "Sanitized",
        "x-ms-content-sha256": "Sanitized",
        "x-ms-return-client-request-id": "true"
      },
      "RequestBody": null,
      "StatusCode": 200,
      "ResponseHeaders": {
        "Access-Control-Allow-Origin": "*",
        "Connection": "keep-alive",
        "Content-Type": "application/vnd.microsoft.appconfig.kvset+json; charset=utf-8",
        "Date": "Sun, 09 Jun 2024 20:36:26 GMT",
        "ETag": "\"00wWELzclWef22f82qcUDI7FbJweVOoKWZDA_JoUeD0\"",
        "Strict-Transport-Security": "max-age=31536000; includeSubDomains",
        "Sync-Token": "zAJw6V16=MzoxNSM1NTkwODUy;sn=5590852",
        "Transfer-Encoding": "chunked",
        "x-ms-client-request-id": "Sanitized",
        "x-ms-correlation-request-id": "bf65acd3-42e5-4dc1-bb39-2f626113d41e",
        "x-ms-request-id": "Sanitized"
      },
      "ResponseBody": {
        "etag": "Sanitized",
        "items": []
      }
    }
  ],
  "Variables": {
    "0": "key02099",
    "1": "952da5e5",
    "2": "key0209987788e",
    "3": "952da5e5784488"
  }
}
