{
  "Entries": [
    {
      "RequestUri": "https://management.azure.com/subscriptions/264e9200-2944-4334-9a02-721e6268b55f?api-version=2022-12-01",
      "RequestMethod": "GET",
      "RequestHeaders": {
        "Accept": "application/json",
        "Authorization": "Sanitized",
        "traceparent": "00-6f2f8f57dfe345723e3882f23618b8ca-4e77ed165cc21c65-00",
        "User-Agent": "azsdk-net-ResourceManager/1.10.1 (.NET 6.0.27; Microsoft Windows 10.0.22621)",
        "x-ms-client-request-id": "6e680dcc1742a11a453f61830a5d4555",
        "x-ms-return-client-request-id": "true"
      },
      "RequestBody": null,
      "StatusCode": 200,
      "ResponseHeaders": {
        "Cache-Control": "no-cache",
        "Content-Length": "464",
        "Content-Type": "application/json; charset=utf-8",
        "Date": "Thu, 15 Feb 2024 07:42:05 GMT",
        "Expires": "-1",
        "Pragma": "no-cache",
        "Strict-Transport-Security": "max-age=31536000; includeSubDomains",
        "X-Cache": "CONFIG_NOCACHE",
        "X-Content-Type-Options": "nosniff",
        "x-ms-correlation-request-id": "fc1a1e04-355e-424e-ace9-9cecc7514d45",
        "x-ms-ratelimit-remaining-subscription-reads": "11998",
        "x-ms-request-id": "fc1a1e04-355e-424e-ace9-9cecc7514d45",
        "x-ms-routing-request-id": "EASTUS:20240215T074206Z:fc1a1e04-355e-424e-ace9-9cecc7514d45",
        "X-MSEdge-Ref": "Ref A: 1709382A4C0C4EBD9BB353D09CDCF50C Ref B: MNZ221060610025 Ref C: 2024-02-15T07:42:06Z"
      },
      "ResponseBody": {
        "id": "/subscriptions/264e9200-2944-4334-9a02-721e6268b55f",
        "authorizationSource": "RoleBased",
        "managedByTenants": [],
        "tags": {
          "NRMS15767759": "20230530",
          "NRMS14293353": "20221028"
        },
        "subscriptionId": "264e9200-2944-4334-9a02-721e6268b55f",
        "tenantId": "72f988bf-86f1-41af-91ab-2d7cd011db47",
        "displayName": "EnS-Velma-Fengy-NonProd",
        "state": "Enabled",
        "subscriptionPolicies": {
          "locationPlacementId": "Internal_2014-09-01",
          "quotaId": "Internal_2014-09-01",
          "spendingLimit": "Off"
        }
      }
    },
    {
      "RequestUri": "https://management.azure.com/subscriptions/264e9200-2944-4334-9a02-721e6268b55f/resourcegroups/testRg7992?api-version=2022-09-01",
      "RequestMethod": "PUT",
      "RequestHeaders": {
        "Accept": "application/json",
        "Authorization": "Sanitized",
        "Content-Length": "21",
        "Content-Type": "application/json",
        "traceparent": "00-d515a85e3a34d7323be911fbf78757db-eef8f61170a2076b-00",
        "User-Agent": "azsdk-net-ResourceManager/1.10.1 (.NET 6.0.27; Microsoft Windows 10.0.22621)",
        "x-ms-client-request-id": "430d77d143baa6d9478f0fdc61837f9b",
        "x-ms-return-client-request-id": "true"
      },
      "RequestBody": {
        "location": "eastus"
      },
      "StatusCode": 201,
      "ResponseHeaders": {
        "Cache-Control": "no-cache",
        "Content-Length": "217",
        "Content-Type": "application/json; charset=utf-8",
        "Date": "Thu, 15 Feb 2024 07:42:05 GMT",
        "Expires": "-1",
        "Pragma": "no-cache",
        "Strict-Transport-Security": "max-age=31536000; includeSubDomains",
        "X-Cache": "CONFIG_NOCACHE",
        "X-Content-Type-Options": "nosniff",
        "x-ms-correlation-request-id": "75f16a67-6923-47c8-b7ee-b180dde35bdd",
        "x-ms-ratelimit-remaining-subscription-writes": "1199",
        "x-ms-request-id": "75f16a67-6923-47c8-b7ee-b180dde35bdd",
        "x-ms-routing-request-id": "EASTUS:20240215T074206Z:75f16a67-6923-47c8-b7ee-b180dde35bdd",
        "X-MSEdge-Ref": "Ref A: BE6F862BC72B4F60862F4F31999BCD11 Ref B: MNZ221060610025 Ref C: 2024-02-15T07:42:06Z"
      },
      "ResponseBody": {
        "id": "/subscriptions/264e9200-2944-4334-9a02-721e6268b55f/resourceGroups/testRg7992",
        "name": "testRg7992",
        "type": "Microsoft.Resources/resourceGroups",
        "location": "eastus",
        "properties": {
          "provisioningState": "Succeeded"
        }
      }
    },
    {
      "RequestUri": "https://management.azure.com/subscriptions/264e9200-2944-4334-9a02-721e6268b55f/resourceGroups/testRg7992/providers/Microsoft.IoTFirmwareDefense/workspaces/resource6766?api-version=2024-01-10",
      "RequestMethod": "PUT",
      "RequestHeaders": {
        "Accept": "application/json",
        "Authorization": "Sanitized",
        "Content-Length": "47",
        "Content-Type": "application/json",
        "traceparent": "00-69b396a611ff2ba4157e08a5b22c90f4-1140d40f5f03eda4-00",
        "User-Agent": "azsdk-net-ResourceManager.IotFirmwareDefense/1.0.0-alpha.20240215.1 (.NET 6.0.27; Microsoft Windows 10.0.22621)",
        "x-ms-client-request-id": "c643645c5856a6943dde093bb662765d",
        "x-ms-return-client-request-id": "true"
      },
      "RequestBody": {
        "tags": {},
        "location": "eastus",
        "properties": {}
      },
      "StatusCode": 200,
      "ResponseHeaders": {
        "Cache-Control": "no-cache",
        "Content-Length": "539",
        "Content-Type": "application/json; charset=utf-8",
        "Date": "Thu, 15 Feb 2024 07:42:06 GMT",
        "ETag": "\u00222e00502f-0000-0100-0000-65cdc04f0000\u0022",
        "Expires": "-1",
        "Pragma": "no-cache",
        "Strict-Transport-Security": "max-age=31536000; includeSubDomains",
        "X-Cache": "CONFIG_NOCACHE",
        "X-Content-Type-Options": "nosniff",
        "x-ms-client-request-id": "c643645c5856a6943dde093bb662765d",
        "x-ms-correlation-request-id": "2dc54ae0-2722-4df7-b6c7-a719c9d23b6b",
        "x-ms-providerhub-traffic": "True",
        "x-ms-ratelimit-remaining-subscription-writes": "1198",
        "x-ms-request-id": "2db2e5da-396e-43a0-81b9-603b99ae705a",
        "x-ms-routing-request-id": "EASTUS:20240215T074207Z:2dc54ae0-2722-4df7-b6c7-a719c9d23b6b",
        "X-MSEdge-Ref": "Ref A: 7E354B3197624BF787A10407AA29D713 Ref B: MNZ221060610025 Ref C: 2024-02-15T07:42:06Z"
      },
      "ResponseBody": {
        "id": "/subscriptions/264e9200-2944-4334-9a02-721e6268b55f/resourceGroups/testRg7992/providers/Microsoft.IoTFirmwareDefense/workspaces/resource6766",
        "name": "resource6766",
        "type": "microsoft.iotfirmwaredefense/workspaces",
        "location": "eastus",
        "tags": {},
        "systemData": {
          "createdBy": "mikekennedy@microsoft.com",
          "createdByType": "User",
          "createdAt": "2024-02-15T07:42:07.2104964Z",
          "lastModifiedBy": "mikekennedy@microsoft.com",
          "lastModifiedByType": "User",
          "lastModifiedAt": "2024-02-15T07:42:07.2104964Z"
        },
        "properties": {
          "provisioningState": "Succeeded"
        }
      }
    }
  ],
  "Variables": {
    "RandomSeed": "445917936",
    "RESOURCE_MANAGER_URL": "https://management.azure.com/",
    "SUBSCRIPTION_ID": "264e9200-2944-4334-9a02-721e6268b55f"
  }
}
