{
  "Entries": [
    {
      "RequestUri": "https://amandapreprod.file.core.windows.net/test-share-872c65dd-3682-9265-51af-baa5e4d50509?restype=share",
      "RequestMethod": "PUT",
      "RequestHeaders": {
        "Accept": "application/xml",
        "Authorization": "Sanitized",
        "Content-Length": "0",
        "traceparent": "00-a21be0307abd1a8b86ef060efc88ae1b-5e4bb3b03b539b1e-00",
        "User-Agent": "azsdk-net-Storage.Files.Shares/12.23.0-alpha.20250515.1 (.NET 8.0.16; Microsoft Windows 10.0.26100)",
        "x-ms-client-request-id": "Sanitized",
        "x-ms-date": "Thu, 15 May 2025 21:36:29 GMT",
        "x-ms-return-client-request-id": "true",
        "x-ms-version": "2025-07-05"
      },
      "RequestBody": null,
      "StatusCode": 201,
      "ResponseHeaders": {
        "Content-Length": "0",
        "Date": "Thu, 15 May 2025 21:36:28 GMT",
        "ETag": "\"0x8DD93F88D4544C6\"",
        "Last-Modified": "Thu, 15 May 2025 21:36:28 GMT",
        "Server": [
          "Windows-Azure-File/1.0",
          "Microsoft-HTTPAPI/2.0"
        ],
        "x-ms-client-request-id": "Sanitized",
        "x-ms-request-id": "e99a8133-e01a-0030-5be1-c51e7b000000",
        "x-ms-version": "2025-07-05"
      },
      "ResponseBody": null
    },
    {
      "RequestUri": "https://amandapreprod.blob.core.windows.net/test-container-9e8ba417-0173-d903-623f-fe6b7e13fb70?restype=container",
      "RequestMethod": "PUT",
      "RequestHeaders": {
        "Accept": "application/xml",
        "Authorization": "Sanitized",
        "Content-Length": "0",
        "traceparent": "00-410342d6eda31fae2f5d1e7e81705c54-4177f3fa03afadec-00",
        "User-Agent": "azsdk-net-Storage.Blobs/12.25.0-alpha.20250515.1 (.NET 8.0.16; Microsoft Windows 10.0.26100)",
        "x-ms-client-request-id": "Sanitized",
        "x-ms-date": "Thu, 15 May 2025 21:36:29 GMT",
        "x-ms-return-client-request-id": "true",
        "x-ms-version": "2025-07-05"
      },
      "RequestBody": null,
      "StatusCode": 201,
      "ResponseHeaders": {
        "Content-Length": "0",
        "Date": "Thu, 15 May 2025 21:36:28 GMT",
        "ETag": "\"0x8DD93F88D4DC28D\"",
        "Last-Modified": "Thu, 15 May 2025 21:36:28 GMT",
        "Server": [
          "Windows-Azure-Blob/1.0",
          "Microsoft-HTTPAPI/2.0"
        ],
        "x-ms-client-request-id": "Sanitized",
        "x-ms-request-id": "fc740b76-501e-0057-6ae1-c50e87000000",
        "x-ms-version": "2025-07-05"
      },
      "ResponseBody": null
    },
    {
      "RequestUri": "https://amandapreprod.file.core.windows.net/test-share-872c65dd-3682-9265-51af-baa5e4d50509/sourceFolder?restype=directory",
      "RequestMethod": "PUT",
      "RequestHeaders": {
        "Accept": "application/xml",
        "Authorization": "Sanitized",
        "Content-Length": "0",
        "traceparent": "00-5b722cc2a8ee4b97ed32e731ab151b2a-55657514c54daab7-00",
        "User-Agent": "azsdk-net-Storage.Files.Shares/12.23.0-alpha.20250515.1 (.NET 8.0.16; Microsoft Windows 10.0.26100)",
        "x-ms-client-request-id": "Sanitized",
        "x-ms-date": "Thu, 15 May 2025 21:36:29 GMT",
        "x-ms-return-client-request-id": "true",
        "x-ms-version": "2025-07-05"
      },
      "RequestBody": null,
      "StatusCode": 201,
      "ResponseHeaders": {
        "Content-Length": "0",
        "Date": "Thu, 15 May 2025 21:36:28 GMT",
        "ETag": "\"0x8DD93F88D59E848\"",
        "Last-Modified": "Thu, 15 May 2025 21:36:28 GMT",
        "Server": [
          "Windows-Azure-File/1.0",
          "Microsoft-HTTPAPI/2.0"
        ],
        "x-ms-client-request-id": "Sanitized",
        "x-ms-file-attributes": "Directory",
        "x-ms-file-change-time": "2025-05-15T21:36:28.9130568Z",
        "x-ms-file-creation-time": "2025-05-15T21:36:28.9130568Z",
        "x-ms-file-id": "13835128424026341376",
        "x-ms-file-last-write-time": "2025-05-15T21:36:28.9130568Z",
        "x-ms-file-parent-id": "0",
        "x-ms-file-permission-key": "8016861625448480706*547956186189310027",
        "x-ms-request-id": "e99a8138-e01a-0030-5ce1-c51e7b000000",
        "x-ms-request-server-encrypted": "true",
        "x-ms-version": "2025-07-05"
      },
      "ResponseBody": null
    },
    {
      "RequestUri": "https://amandapreprod.file.core.windows.net/test-share-872c65dd-3682-9265-51af-baa5e4d50509/sourceFolder/folder0?restype=directory",
      "RequestMethod": "PUT",
      "RequestHeaders": {
        "Accept": "application/xml",
        "Authorization": "Sanitized",
        "Content-Length": "0",
        "traceparent": "00-09375c01dd955ac674d04b25e764a09a-f1320e6d101cce11-00",
        "User-Agent": "azsdk-net-Storage.Files.Shares/12.23.0-alpha.20250515.1 (.NET 8.0.16; Microsoft Windows 10.0.26100)",
        "x-ms-client-request-id": "Sanitized",
        "x-ms-date": "Thu, 15 May 2025 21:36:29 GMT",
        "x-ms-return-client-request-id": "true",
        "x-ms-version": "2025-07-05"
      },
      "RequestBody": null,
      "StatusCode": 201,
      "ResponseHeaders": {
        "Content-Length": "0",
        "Date": "Thu, 15 May 2025 21:36:28 GMT",
        "ETag": "\"0x8DD93F88D624356\"",
        "Last-Modified": "Thu, 15 May 2025 21:36:28 GMT",
        "Server": [
          "Windows-Azure-File/1.0",
          "Microsoft-HTTPAPI/2.0"
        ],
        "x-ms-client-request-id": "Sanitized",
        "x-ms-file-attributes": "Directory",
        "x-ms-file-change-time": "2025-05-15T21:36:28.9678166Z",
        "x-ms-file-creation-time": "2025-05-15T21:36:28.9678166Z",
        "x-ms-file-id": "11529285414812647424",
        "x-ms-file-last-write-time": "2025-05-15T21:36:28.9678166Z",
        "x-ms-file-parent-id": "13835128424026341376",
        "x-ms-file-permission-key": "8016861625448480706*547956186189310027",
        "x-ms-request-id": "e99a813c-e01a-0030-5ee1-c51e7b000000",
        "x-ms-request-server-encrypted": "true",
        "x-ms-version": "2025-07-05"
      },
      "ResponseBody": null
    },
    {
      "RequestUri": "https://amandapreprod.file.core.windows.net/test-share-872c65dd-3682-9265-51af-baa5e4d50509/sourceFolder/folder0/test-file-fa59eb50-891a-7c16-b70d-84f1bb449378",
      "RequestMethod": "PUT",
      "RequestHeaders": {
        "Accept": "application/xml",
        "Authorization": "Sanitized",
        "Content-Length": "0",
        "traceparent": "00-4dafc09b3f5474e4e3793395613d8571-7a12417b8b8f85df-00",
        "User-Agent": "azsdk-net-Storage.Files.Shares/12.23.0-alpha.20250515.1 (.NET 8.0.16; Microsoft Windows 10.0.26100)",
        "x-ms-client-request-id": "Sanitized",
        "x-ms-content-length": "1024",
        "x-ms-date": "Thu, 15 May 2025 21:36:29 GMT",
        "x-ms-return-client-request-id": "true",
        "x-ms-type": "file",
        "x-ms-version": "2025-07-05"
      },
      "RequestBody": null,
      "StatusCode": 201,
      "ResponseHeaders": {
        "Content-Length": "0",
        "Date": "Thu, 15 May 2025 21:36:28 GMT",
        "ETag": "\"0x8DD93F88D6AEC2E\"",
        "Last-Modified": "Thu, 15 May 2025 21:36:29 GMT",
        "Server": [
          "Windows-Azure-File/1.0",
          "Microsoft-HTTPAPI/2.0"
        ],
        "x-ms-client-request-id": "Sanitized",
        "x-ms-file-attributes": "Archive",
        "x-ms-file-change-time": "2025-05-15T21:36:29.0245678Z",
        "x-ms-file-creation-time": "2025-05-15T21:36:29.0245678Z",
        "x-ms-file-id": "16140971433240035328",
        "x-ms-file-last-write-time": "2025-05-15T21:36:29.0245678Z",
        "x-ms-file-parent-id": "11529285414812647424",
        "x-ms-file-permission-key": "12626496306092130501*547956186189310027",
        "x-ms-request-id": "e99a813e-e01a-0030-5fe1-c51e7b000000",
        "x-ms-request-server-encrypted": "true",
        "x-ms-version": "2025-07-05"
      },
      "ResponseBody": null
    },
    {
      "RequestUri": "https://amandapreprod.file.core.windows.net/test-share-872c65dd-3682-9265-51af-baa5e4d50509/sourceFolder/folder0/folder1?restype=directory",
      "RequestMethod": "PUT",
      "RequestHeaders": {
        "Accept": "application/xml",
        "Authorization": "Sanitized",
        "Content-Length": "0",
        "traceparent": "00-38bf73fa2ba0592078a50ac52f205a87-71f49368e1cf4069-00",
        "User-Agent": "azsdk-net-Storage.Files.Shares/12.23.0-alpha.20250515.1 (.NET 8.0.16; Microsoft Windows 10.0.26100)",
        "x-ms-client-request-id": "Sanitized",
        "x-ms-date": "Thu, 15 May 2025 21:36:29 GMT",
        "x-ms-return-client-request-id": "true",
        "x-ms-version": "2025-07-05"
      },
      "RequestBody": null,
      "StatusCode": 201,
      "ResponseHeaders": {
        "Content-Length": "0",
        "Date": "Thu, 15 May 2025 21:36:28 GMT",
        "ETag": "\"0x8DD93F88D73BBE5\"",
        "Last-Modified": "Thu, 15 May 2025 21:36:29 GMT",
        "Server": [
          "Windows-Azure-File/1.0",
          "Microsoft-HTTPAPI/2.0"
        ],
        "x-ms-client-request-id": "Sanitized",
        "x-ms-file-attributes": "Directory",
        "x-ms-file-change-time": "2025-05-15T21:36:29.0823141Z",
        "x-ms-file-creation-time": "2025-05-15T21:36:29.0823141Z",
        "x-ms-file-id": "10376363910205800448",
        "x-ms-file-last-write-time": "2025-05-15T21:36:29.0823141Z",
        "x-ms-file-parent-id": "11529285414812647424",
        "x-ms-file-permission-key": "8016861625448480706*547956186189310027",
        "x-ms-request-id": "e99a8140-e01a-0030-60e1-c51e7b000000",
        "x-ms-request-server-encrypted": "true",
        "x-ms-version": "2025-07-05"
      },
      "ResponseBody": null
    },
    {
      "RequestUri": "https://amandapreprod.file.core.windows.net/test-share-872c65dd-3682-9265-51af-baa5e4d50509/sourceFolder/folder0/folder1/test-file-4b004418-a2a8-4de7-b67a-5aca7dbe94b9",
      "RequestMethod": "PUT",
      "RequestHeaders": {
        "Accept": "application/xml",
        "Authorization": "Sanitized",
        "Content-Length": "0",
        "traceparent": "00-cca6515547adf22d5ab1b6a3f95f2b64-9b5d05741eece484-00",
        "User-Agent": "azsdk-net-Storage.Files.Shares/12.23.0-alpha.20250515.1 (.NET 8.0.16; Microsoft Windows 10.0.26100)",
        "x-ms-client-request-id": "Sanitized",
        "x-ms-content-length": "1024",
        "x-ms-date": "Thu, 15 May 2025 21:36:30 GMT",
        "x-ms-return-client-request-id": "true",
        "x-ms-type": "file",
        "x-ms-version": "2025-07-05"
      },
      "RequestBody": null,
      "StatusCode": 201,
      "ResponseHeaders": {
        "Content-Length": "0",
        "Date": "Thu, 15 May 2025 21:36:28 GMT",
        "ETag": "\"0x8DD93F88D7C16F5\"",
        "Last-Modified": "Thu, 15 May 2025 21:36:29 GMT",
        "Server": [
          "Windows-Azure-File/1.0",
          "Microsoft-HTTPAPI/2.0"
        ],
        "x-ms-client-request-id": "Sanitized",
        "x-ms-file-attributes": "Archive",
        "x-ms-file-change-time": "2025-05-15T21:36:29.1370741Z",
        "x-ms-file-creation-time": "2025-05-15T21:36:29.1370741Z",
        "x-ms-file-id": "14988049928633188352",
        "x-ms-file-last-write-time": "2025-05-15T21:36:29.1370741Z",
        "x-ms-file-parent-id": "10376363910205800448",
        "x-ms-file-permission-key": "12626496306092130501*547956186189310027",
        "x-ms-request-id": "e99a8144-e01a-0030-62e1-c51e7b000000",
        "x-ms-request-server-encrypted": "true",
        "x-ms-version": "2025-07-05"
      },
      "ResponseBody": null
    },
    {
      "RequestUri": "https://amandapreprod.file.core.windows.net/test-share-872c65dd-3682-9265-51af-baa5e4d50509/sourceFolder/folder0/folder1/folder2?restype=directory",
      "RequestMethod": "PUT",
      "RequestHeaders": {
        "Accept": "application/xml",
        "Authorization": "Sanitized",
        "Content-Length": "0",
        "traceparent": "00-d963631ffd2d6cd0b40e8cbac93aa483-eb6b2ffba49bee40-00",
        "User-Agent": "azsdk-net-Storage.Files.Shares/12.23.0-alpha.20250515.1 (.NET 8.0.16; Microsoft Windows 10.0.26100)",
        "x-ms-client-request-id": "Sanitized",
        "x-ms-date": "Thu, 15 May 2025 21:36:30 GMT",
        "x-ms-return-client-request-id": "true",
        "x-ms-version": "2025-07-05"
      },
      "RequestBody": null,
      "StatusCode": 201,
      "ResponseHeaders": {
        "Content-Length": "0",
        "Date": "Thu, 15 May 2025 21:36:28 GMT",
        "ETag": "\"0x8DD93F88D84E6AD\"",
        "Last-Modified": "Thu, 15 May 2025 21:36:29 GMT",
        "Server": [
          "Windows-Azure-File/1.0",
          "Microsoft-HTTPAPI/2.0"
        ],
        "x-ms-client-request-id": "Sanitized",
        "x-ms-file-attributes": "Directory",
        "x-ms-file-change-time": "2025-05-15T21:36:29.1948205Z",
        "x-ms-file-creation-time": "2025-05-15T21:36:29.1948205Z",
        "x-ms-file-id": "12682206919419494400",
        "x-ms-file-last-write-time": "2025-05-15T21:36:29.1948205Z",
        "x-ms-file-parent-id": "10376363910205800448",
        "x-ms-file-permission-key": "8016861625448480706*547956186189310027",
        "x-ms-request-id": "e99a8146-e01a-0030-63e1-c51e7b000000",
        "x-ms-request-server-encrypted": "true",
        "x-ms-version": "2025-07-05"
      },
      "ResponseBody": null
    },
    {
      "RequestUri": "https://amandapreprod.file.core.windows.net/test-share-872c65dd-3682-9265-51af-baa5e4d50509/sourceFolder/folder0/folder1/folder2/test-file-452d4728-868d-8cbc-52f4-fe0011556f00",
      "RequestMethod": "PUT",
      "RequestHeaders": {
        "Accept": "application/xml",
        "Authorization": "Sanitized",
        "Content-Length": "0",
        "traceparent": "00-e87c908c479e89b1b37e9ec54497643d-11f6f3ea18c06354-00",
        "User-Agent": "azsdk-net-Storage.Files.Shares/12.23.0-alpha.20250515.1 (.NET 8.0.16; Microsoft Windows 10.0.26100)",
        "x-ms-client-request-id": "Sanitized",
        "x-ms-content-length": "1024",
        "x-ms-date": "Thu, 15 May 2025 21:36:30 GMT",
        "x-ms-return-client-request-id": "true",
        "x-ms-type": "file",
        "x-ms-version": "2025-07-05"
      },
      "RequestBody": null,
      "StatusCode": 201,
      "ResponseHeaders": {
        "Content-Length": "0",
        "Date": "Thu, 15 May 2025 21:36:28 GMT",
        "ETag": "\"0x8DD93F88D8D68A0\"",
        "Last-Modified": "Thu, 15 May 2025 21:36:29 GMT",
        "Server": [
          "Windows-Azure-File/1.0",
          "Microsoft-HTTPAPI/2.0"
        ],
        "x-ms-client-request-id": "Sanitized",
        "x-ms-file-attributes": "Archive",
        "x-ms-file-change-time": "2025-05-15T21:36:29.2505760Z",
        "x-ms-file-creation-time": "2025-05-15T21:36:29.2505760Z",
        "x-ms-file-id": "17293892937846882304",
        "x-ms-file-last-write-time": "2025-05-15T21:36:29.2505760Z",
        "x-ms-file-parent-id": "12682206919419494400",
        "x-ms-file-permission-key": "12626496306092130501*547956186189310027",
        "x-ms-request-id": "e99a8148-e01a-0030-64e1-c51e7b000000",
        "x-ms-request-server-encrypted": "true",
        "x-ms-version": "2025-07-05"
      },
      "ResponseBody": null
    },
    {
      "RequestUri": "https://amandapreprod.file.core.windows.net/test-share-872c65dd-3682-9265-51af-baa5e4d50509/sourceFolder?sv=Sanitized&se=2025-05-16T21%3A36%3A30Z&sr=s&sp=rcwdl&sig=Sanitized&restype=directory&comp=list",
      "RequestMethod": "GET",
      "RequestHeaders": {
        "Accept": "application/xml",
        "traceparent": "00-45d159cb5653400756b8c4b0c8b519ce-ea67904f0c39bf88-00",
        "User-Agent": "azsdk-net-Storage.Files.Shares/12.23.0-alpha.20250515.1 (.NET 8.0.16; Microsoft Windows 10.0.26100)",
        "x-ms-client-request-id": "Sanitized",
        "x-ms-return-client-request-id": "true",
        "x-ms-version": "2025-07-05"
      },
      "RequestBody": null,
      "StatusCode": 200,
      "ResponseHeaders": {
        "Content-Type": "application/xml",
        "Date": "Thu, 15 May 2025 21:36:29 GMT",
        "Server": [
          "Windows-Azure-File/1.0",
          "Microsoft-HTTPAPI/2.0"
        ],
        "Transfer-Encoding": "chunked",
        "x-ms-client-request-id": "Sanitized",
        "x-ms-request-id": "e99a814b-e01a-0030-66e1-c51e7b000000",
        "x-ms-version": "2025-07-05"
      },
      "ResponseBody": "\uFEFF<?xml version=\"1.0\" encoding=\"utf-8\"?><EnumerationResults ServiceEndpoint=\"https://amandapreprod.file.core.windows.net/\" ShareName=\"test-share-872c65dd-3682-9265-51af-baa5e4d50509\" DirectoryPath=\"sourceFolder\"><DirectoryId>13835128424026341376</DirectoryId><Entries><Directory><Name>folder0</Name><FileId>11529285414812647424</FileId><Properties /></Directory></Entries><NextMarker /></EnumerationResults>"
    },
    {
      "RequestUri": "https://amandapreprod.file.core.windows.net/test-share-872c65dd-3682-9265-51af-baa5e4d50509/sourceFolder/folder0?sv=Sanitized&se=2025-05-16T21%3A36%3A30Z&sr=s&sp=rcwdl&sig=Sanitized&restype=directory",
      "RequestMethod": "GET",
      "RequestHeaders": {
        "Accept": "application/xml",
        "traceparent": "00-2c7fc6c732b35492c5e3c6eb37d5a56e-8bf38ded208e8de8-00",
        "User-Agent": "azsdk-net-Storage.Files.Shares/12.23.0-alpha.20250515.1 (.NET 8.0.16; Microsoft Windows 10.0.26100)",
        "x-ms-client-request-id": "Sanitized",
        "x-ms-return-client-request-id": "true",
        "x-ms-version": "2025-07-05"
      },
      "RequestBody": null,
      "StatusCode": 200,
      "ResponseHeaders": {
        "Content-Length": "0",
        "Date": "Thu, 15 May 2025 21:36:29 GMT",
        "ETag": "\"0x8DD93F88D624356\"",
        "Last-Modified": "Thu, 15 May 2025 21:36:28 GMT",
        "Server": [
          "Windows-Azure-File/1.0",
          "Microsoft-HTTPAPI/2.0"
        ],
        "x-ms-client-request-id": "Sanitized",
        "x-ms-file-attributes": "Directory",
        "x-ms-file-change-time": "2025-05-15T21:36:28.9678166Z",
        "x-ms-file-creation-time": "2025-05-15T21:36:28.9678166Z",
        "x-ms-file-id": "11529285414812647424",
        "x-ms-file-last-write-time": "2025-05-15T21:36:28.9678166Z",
        "x-ms-file-parent-id": "13835128424026341376",
        "x-ms-file-permission-key": "8016861625448480706*547956186189310027",
        "x-ms-request-id": "e99a814d-e01a-0030-67e1-c51e7b000000",
        "x-ms-server-encrypted": "true",
        "x-ms-version": "2025-07-05"
      },
      "ResponseBody": null
    },
    {
      "RequestUri": "https://amandapreprod.file.core.windows.net/test-share-872c65dd-3682-9265-51af-baa5e4d50509/sourceFolder/folder0?sv=Sanitized&se=2025-05-16T21%3A36%3A30Z&sr=s&sp=rcwdl&sig=Sanitized&restype=directory&comp=list",
      "RequestMethod": "GET",
      "RequestHeaders": {
        "Accept": "application/xml",
        "traceparent": "00-9ad4c2fcc98b9537393febaeb63f665c-7fa44b51dc0624d5-00",
        "User-Agent": "azsdk-net-Storage.Files.Shares/12.23.0-alpha.20250515.1 (.NET 8.0.16; Microsoft Windows 10.0.26100)",
        "x-ms-client-request-id": "Sanitized",
        "x-ms-return-client-request-id": "true",
        "x-ms-version": "2025-07-05"
      },
      "RequestBody": null,
      "StatusCode": 200,
      "ResponseHeaders": {
        "Content-Type": "application/xml",
        "Date": "Thu, 15 May 2025 21:36:29 GMT",
        "Server": [
          "Windows-Azure-File/1.0",
          "Microsoft-HTTPAPI/2.0"
        ],
        "Transfer-Encoding": "chunked",
        "x-ms-client-request-id": "Sanitized",
        "x-ms-request-id": "e99a814f-e01a-0030-68e1-c51e7b000000",
        "x-ms-version": "2025-07-05"
      },
      "ResponseBody": "\uFEFF<?xml version=\"1.0\" encoding=\"utf-8\"?><EnumerationResults ServiceEndpoint=\"https://amandapreprod.file.core.windows.net/\" ShareName=\"test-share-872c65dd-3682-9265-51af-baa5e4d50509\" DirectoryPath=\"sourceFolder/folder0\"><DirectoryId>11529285414812647424</DirectoryId><Entries><Directory><Name>folder1</Name><FileId>10376363910205800448</FileId><Properties /></Directory><File><Name>test-file-fa59eb50-891a-7c16-b70d-84f1bb449378</Name><FileId>16140971433240035328</FileId><Properties><Content-Length>1024</Content-Length></Properties></File></Entries><NextMarker /></EnumerationResults>"
    },
    {
      "RequestUri": "https://amandapreprod.file.core.windows.net/test-share-872c65dd-3682-9265-51af-baa5e4d50509/sourceFolder/folder0/folder1?sv=Sanitized&se=2025-05-16T21%3A36%3A30Z&sr=s&sp=rcwdl&sig=Sanitized&restype=directory",
      "RequestMethod": "GET",
      "RequestHeaders": {
        "Accept": "application/xml",
        "traceparent": "00-81131264663988684da8ac039de67819-0797c4dc2a36fb89-00",
        "User-Agent": "azsdk-net-Storage.Files.Shares/12.23.0-alpha.20250515.1 (.NET 8.0.16; Microsoft Windows 10.0.26100)",
        "x-ms-client-request-id": "Sanitized",
        "x-ms-return-client-request-id": "true",
        "x-ms-version": "2025-07-05"
      },
      "RequestBody": null,
      "StatusCode": 200,
      "ResponseHeaders": {
        "Content-Length": "0",
        "Date": "Thu, 15 May 2025 21:36:29 GMT",
        "ETag": "\"0x8DD93F88D73BBE5\"",
        "Last-Modified": "Thu, 15 May 2025 21:36:29 GMT",
        "Server": [
          "Windows-Azure-File/1.0",
          "Microsoft-HTTPAPI/2.0"
        ],
        "x-ms-client-request-id": "Sanitized",
        "x-ms-file-attributes": "Directory",
        "x-ms-file-change-time": "2025-05-15T21:36:29.0823141Z",
        "x-ms-file-creation-time": "2025-05-15T21:36:29.0823141Z",
        "x-ms-file-id": "10376363910205800448",
        "x-ms-file-last-write-time": "2025-05-15T21:36:29.0823141Z",
        "x-ms-file-parent-id": "11529285414812647424",
        "x-ms-file-permission-key": "8016861625448480706*547956186189310027",
        "x-ms-request-id": "e99a8151-e01a-0030-69e1-c51e7b000000",
        "x-ms-server-encrypted": "true",
        "x-ms-version": "2025-07-05"
      },
      "ResponseBody": null
    },
    {
      "RequestUri": "https://amandapreprod.file.core.windows.net/test-share-872c65dd-3682-9265-51af-baa5e4d50509/sourceFolder/folder0/folder1?sv=Sanitized&se=2025-05-16T21%3A36%3A30Z&sr=s&sp=rcwdl&sig=Sanitized&restype=directory&comp=list",
      "RequestMethod": "GET",
      "RequestHeaders": {
        "Accept": "application/xml",
        "traceparent": "00-4a5f5c62369d406622e6a2cc6e093aaa-d39addc998bf358b-00",
        "User-Agent": "azsdk-net-Storage.Files.Shares/12.23.0-alpha.20250515.1 (.NET 8.0.16; Microsoft Windows 10.0.26100)",
        "x-ms-client-request-id": "Sanitized",
        "x-ms-return-client-request-id": "true",
        "x-ms-version": "2025-07-05"
      },
      "RequestBody": null,
      "StatusCode": 200,
      "ResponseHeaders": {
        "Content-Type": "application/xml",
        "Date": "Thu, 15 May 2025 21:36:29 GMT",
        "Server": [
          "Windows-Azure-File/1.0",
          "Microsoft-HTTPAPI/2.0"
        ],
        "Transfer-Encoding": "chunked",
        "x-ms-client-request-id": "Sanitized",
        "x-ms-request-id": "e99a8154-e01a-0030-6be1-c51e7b000000",
        "x-ms-version": "2025-07-05"
      },
      "ResponseBody": "\uFEFF<?xml version=\"1.0\" encoding=\"utf-8\"?><EnumerationResults ServiceEndpoint=\"https://amandapreprod.file.core.windows.net/\" ShareName=\"test-share-872c65dd-3682-9265-51af-baa5e4d50509\" DirectoryPath=\"sourceFolder/folder0/folder1\"><DirectoryId>10376363910205800448</DirectoryId><Entries><Directory><Name>folder2</Name><FileId>12682206919419494400</FileId><Properties /></Directory><File><Name>test-file-4b004418-a2a8-4de7-b67a-5aca7dbe94b9</Name><FileId>14988049928633188352</FileId><Properties><Content-Length>1024</Content-Length></Properties></File></Entries><NextMarker /></EnumerationResults>"
    },
    {
      "RequestUri": "https://amandapreprod.file.core.windows.net/test-share-872c65dd-3682-9265-51af-baa5e4d50509/sourceFolder/folder0/test-file-fa59eb50-891a-7c16-b70d-84f1bb449378?sv=Sanitized&se=2025-05-16T21%3A36%3A30Z&sr=s&sp=rcwdl&sig=Sanitized",
      "RequestMethod": "HEAD",
      "RequestHeaders": {
        "Accept": "application/xml",
        "traceparent": "00-5f2efa4a26fa798f48f5aaf2d41f738f-520d19e368b9c9f5-00",
        "User-Agent": "azsdk-net-Storage.Files.Shares/12.23.0-alpha.20250515.1 (.NET 8.0.16; Microsoft Windows 10.0.26100)",
        "x-ms-client-request-id": "Sanitized",
        "x-ms-return-client-request-id": "true",
        "x-ms-version": "2025-07-05"
      },
      "RequestBody": null,
      "StatusCode": 200,
      "ResponseHeaders": {
        "Content-Length": "1024",
        "Content-Type": "application/octet-stream",
        "Date": "Thu, 15 May 2025 21:36:29 GMT",
        "ETag": "\"0x8DD93F88D6AEC2E\"",
        "Last-Modified": "Thu, 15 May 2025 21:36:29 GMT",
        "Server": [
          "Windows-Azure-File/1.0",
          "Microsoft-HTTPAPI/2.0"
        ],
        "x-ms-client-request-id": "Sanitized",
        "x-ms-file-attributes": "Archive",
        "x-ms-file-change-time": "2025-05-15T21:36:29.0245678Z",
        "x-ms-file-creation-time": "2025-05-15T21:36:29.0245678Z",
        "x-ms-file-id": "16140971433240035328",
        "x-ms-file-last-write-time": "2025-05-15T21:36:29.0245678Z",
        "x-ms-file-parent-id": "11529285414812647424",
        "x-ms-file-permission-key": "12626496306092130501*547956186189310027",
        "x-ms-lease-state": "available",
        "x-ms-lease-status": "unlocked",
        "x-ms-request-id": "7ee68091-f01a-005e-19e1-c54b54000000",
        "x-ms-server-encrypted": "true",
        "x-ms-type": "File",
        "x-ms-version": "2025-07-05"
      },
      "ResponseBody": null
    },
    {
      "RequestUri": "https://amandapreprod.file.core.windows.net/test-share-872c65dd-3682-9265-51af-baa5e4d50509/sourceFolder/folder0/folder1/folder2?sv=Sanitized&se=2025-05-16T21%3A36%3A30Z&sr=s&sp=rcwdl&sig=Sanitized&restype=directory",
      "RequestMethod": "GET",
      "RequestHeaders": {
        "Accept": "application/xml",
        "traceparent": "00-aae934b0ae6f9dbbb8f53dca9e7567f1-749e319e828c0cee-00",
        "User-Agent": "azsdk-net-Storage.Files.Shares/12.23.0-alpha.20250515.1 (.NET 8.0.16; Microsoft Windows 10.0.26100)",
        "x-ms-client-request-id": "Sanitized",
        "x-ms-return-client-request-id": "true",
        "x-ms-version": "2025-07-05"
      },
      "RequestBody": null,
      "StatusCode": 200,
      "ResponseHeaders": {
        "Content-Length": "0",
        "Date": "Thu, 15 May 2025 21:36:29 GMT",
        "ETag": "\"0x8DD93F88D84E6AD\"",
        "Last-Modified": "Thu, 15 May 2025 21:36:29 GMT",
        "Server": [
          "Windows-Azure-File/1.0",
          "Microsoft-HTTPAPI/2.0"
        ],
        "x-ms-client-request-id": "Sanitized",
        "x-ms-file-attributes": "Directory",
        "x-ms-file-change-time": "2025-05-15T21:36:29.1948205Z",
        "x-ms-file-creation-time": "2025-05-15T21:36:29.1948205Z",
        "x-ms-file-id": "12682206919419494400",
        "x-ms-file-last-write-time": "2025-05-15T21:36:29.1948205Z",
        "x-ms-file-parent-id": "10376363910205800448",
        "x-ms-file-permission-key": "8016861625448480706*547956186189310027",
        "x-ms-request-id": "e99a8156-e01a-0030-6ce1-c51e7b000000",
        "x-ms-server-encrypted": "true",
        "x-ms-version": "2025-07-05"
      },
      "ResponseBody": null
    },
    {
      "RequestUri": "https://amandapreprod.file.core.windows.net/test-share-872c65dd-3682-9265-51af-baa5e4d50509/sourceFolder/folder0/test-file-fa59eb50-891a-7c16-b70d-84f1bb449378?sv=Sanitized&se=2025-05-16T21%3A36%3A30Z&sr=s&sp=rcwdl&sig=Sanitized",
      "RequestMethod": "HEAD",
      "RequestHeaders": {
        "Accept": "application/xml",
        "traceparent": "00-7c20c048de2d8dd136b318a6e575af43-6af2a6bf2dea8301-00",
        "User-Agent": "azsdk-net-Storage.Files.Shares/12.23.0-alpha.20250515.1 (.NET 8.0.16; Microsoft Windows 10.0.26100)",
        "x-ms-client-request-id": "Sanitized",
        "x-ms-return-client-request-id": "true",
        "x-ms-version": "2025-07-05"
      },
      "RequestBody": null,
      "StatusCode": 200,
      "ResponseHeaders": {
        "Content-Length": "1024",
        "Content-Type": "application/octet-stream",
        "Date": "Thu, 15 May 2025 21:36:29 GMT",
        "ETag": "\"0x8DD93F88D6AEC2E\"",
        "Last-Modified": "Thu, 15 May 2025 21:36:29 GMT",
        "Server": [
          "Windows-Azure-File/1.0",
          "Microsoft-HTTPAPI/2.0"
        ],
        "x-ms-client-request-id": "Sanitized",
        "x-ms-file-attributes": "Archive",
        "x-ms-file-change-time": "2025-05-15T21:36:29.0245678Z",
        "x-ms-file-creation-time": "2025-05-15T21:36:29.0245678Z",
        "x-ms-file-id": "16140971433240035328",
        "x-ms-file-last-write-time": "2025-05-15T21:36:29.0245678Z",
        "x-ms-file-parent-id": "11529285414812647424",
        "x-ms-file-permission-key": "12626496306092130501*547956186189310027",
        "x-ms-lease-state": "available",
        "x-ms-lease-status": "unlocked",
        "x-ms-request-id": "7ee68095-f01a-005e-1ae1-c54b54000000",
        "x-ms-server-encrypted": "true",
        "x-ms-type": "File",
        "x-ms-version": "2025-07-05"
      },
      "ResponseBody": null
    },
    {
      "RequestUri": "https://amandapreprod.file.core.windows.net/test-share-872c65dd-3682-9265-51af-baa5e4d50509/sourceFolder/folder0/folder1/folder2?sv=Sanitized&se=2025-05-16T21%3A36%3A30Z&sr=s&sp=rcwdl&sig=Sanitized&restype=directory&comp=list",
      "RequestMethod": "GET",
      "RequestHeaders": {
        "Accept": "application/xml",
        "traceparent": "00-96b15ab8e4c27136aa9a204bc8aa5e54-80b6846ebe37e1a2-00",
        "User-Agent": "azsdk-net-Storage.Files.Shares/12.23.0-alpha.20250515.1 (.NET 8.0.16; Microsoft Windows 10.0.26100)",
        "x-ms-client-request-id": "Sanitized",
        "x-ms-return-client-request-id": "true",
        "x-ms-version": "2025-07-05"
      },
      "RequestBody": null,
      "StatusCode": 200,
      "ResponseHeaders": {
        "Content-Type": "application/xml",
        "Date": "Thu, 15 May 2025 21:36:29 GMT",
        "Server": [
          "Windows-Azure-File/1.0",
          "Microsoft-HTTPAPI/2.0"
        ],
        "Transfer-Encoding": "chunked",
        "x-ms-client-request-id": "Sanitized",
        "x-ms-request-id": "e99a8158-e01a-0030-6de1-c51e7b000000",
        "x-ms-version": "2025-07-05"
      },
      "ResponseBody": "\uFEFF<?xml version=\"1.0\" encoding=\"utf-8\"?><EnumerationResults ServiceEndpoint=\"https://amandapreprod.file.core.windows.net/\" ShareName=\"test-share-872c65dd-3682-9265-51af-baa5e4d50509\" DirectoryPath=\"sourceFolder/folder0/folder1/folder2\"><DirectoryId>12682206919419494400</DirectoryId><Entries><File><Name>test-file-452d4728-868d-8cbc-52f4-fe0011556f00</Name><FileId>17293892937846882304</FileId><Properties><Content-Length>1024</Content-Length></Properties></File></Entries><NextMarker /></EnumerationResults>"
    },
    {
      "RequestUri": "https://amandapreprod.file.core.windows.net/test-share-872c65dd-3682-9265-51af-baa5e4d50509/sourceFolder/folder0/folder1/test-file-4b004418-a2a8-4de7-b67a-5aca7dbe94b9?sv=Sanitized&se=2025-05-16T21%3A36%3A30Z&sr=s&sp=rcwdl&sig=Sanitized",
      "RequestMethod": "HEAD",
      "RequestHeaders": {
        "Accept": "application/xml",
        "traceparent": "00-de6d7693a6b49167909103f6746c5b6c-867eafccc5920f5b-00",
        "User-Agent": "azsdk-net-Storage.Files.Shares/12.23.0-alpha.20250515.1 (.NET 8.0.16; Microsoft Windows 10.0.26100)",
        "x-ms-client-request-id": "Sanitized",
        "x-ms-return-client-request-id": "true",
        "x-ms-version": "2025-07-05"
      },
      "RequestBody": null,
      "StatusCode": 200,
      "ResponseHeaders": {
        "Content-Length": "1024",
        "Content-Type": "application/octet-stream",
        "Date": "Thu, 15 May 2025 21:36:28 GMT",
        "ETag": "\"0x8DD93F88D7C16F5\"",
        "Last-Modified": "Thu, 15 May 2025 21:36:29 GMT",
        "Server": [
          "Windows-Azure-File/1.0",
          "Microsoft-HTTPAPI/2.0"
        ],
        "x-ms-client-request-id": "Sanitized",
        "x-ms-file-attributes": "Archive",
        "x-ms-file-change-time": "2025-05-15T21:36:29.1370741Z",
        "x-ms-file-creation-time": "2025-05-15T21:36:29.1370741Z",
        "x-ms-file-id": "14988049928633188352",
        "x-ms-file-last-write-time": "2025-05-15T21:36:29.1370741Z",
        "x-ms-file-parent-id": "10376363910205800448",
        "x-ms-file-permission-key": "12626496306092130501*547956186189310027",
        "x-ms-lease-state": "available",
        "x-ms-lease-status": "unlocked",
        "x-ms-request-id": "ae8951ff-301a-001c-13e1-c5f2d4000000",
        "x-ms-server-encrypted": "true",
        "x-ms-type": "File",
        "x-ms-version": "2025-07-05"
      },
      "ResponseBody": null
    },
    {
      "RequestUri": "https://amandapreprod.blob.core.windows.net/test-container-9e8ba417-0173-d903-623f-fe6b7e13fb70/destFolder/folder0/test-file-fa59eb50-891a-7c16-b70d-84f1bb449378",
      "RequestMethod": "PUT",
      "RequestHeaders": {
        "Accept": "application/xml",
        "Authorization": "Sanitized",
        "Content-Length": "0",
        "If-None-Match": "*",
        "traceparent": "00-2d4a6f8846cf82c47431f9b114909051-7c60a91b0bd5631d-00",
        "User-Agent": "azsdk-net-Storage.Blobs/12.25.0-alpha.20250515.1 (.NET 8.0.16; Microsoft Windows 10.0.26100)",
        "x-ms-blob-content-type": "application/octet-stream",
        "x-ms-blob-type": "AppendBlob",
        "x-ms-client-request-id": "Sanitized",
        "x-ms-date": "Thu, 15 May 2025 21:36:30 GMT",
        "x-ms-return-client-request-id": "true",
        "x-ms-version": "2025-07-05"
      },
      "RequestBody": null,
      "StatusCode": 201,
      "ResponseHeaders": {
        "Content-Length": "0",
        "Date": "Thu, 15 May 2025 21:36:29 GMT",
        "ETag": "\"0x8DD93F88DCF2D7E\"",
        "Last-Modified": "Thu, 15 May 2025 21:36:29 GMT",
        "Server": [
          "Windows-Azure-Blob/1.0",
          "Microsoft-HTTPAPI/2.0"
        ],
        "x-ms-client-request-id": "Sanitized",
        "x-ms-request-id": "fc740de6-501e-0057-21e1-c50e87000000",
        "x-ms-request-server-encrypted": "true",
        "x-ms-version": "2025-07-05"
      },
      "ResponseBody": null
    },
    {
      "RequestUri": "https://amandapreprod.file.core.windows.net/test-share-872c65dd-3682-9265-51af-baa5e4d50509/sourceFolder/folder0/folder1/folder2/test-file-452d4728-868d-8cbc-52f4-fe0011556f00?sv=Sanitized&se=2025-05-16T21%3A36%3A30Z&sr=s&sp=rcwdl&sig=Sanitized",
      "RequestMethod": "HEAD",
      "RequestHeaders": {
        "Accept": "application/xml",
        "traceparent": "00-7c10b7d1f3d52c1654cf9cacb2279d9f-77074393f8b93207-00",
        "User-Agent": "azsdk-net-Storage.Files.Shares/12.23.0-alpha.20250515.1 (.NET 8.0.16; Microsoft Windows 10.0.26100)",
        "x-ms-client-request-id": "Sanitized",
        "x-ms-return-client-request-id": "true",
        "x-ms-version": "2025-07-05"
      },
      "RequestBody": null,
      "StatusCode": 200,
      "ResponseHeaders": {
        "Content-Length": "1024",
        "Content-Type": "application/octet-stream",
        "Date": "Thu, 15 May 2025 21:36:29 GMT",
        "ETag": "\"0x8DD93F88D8D68A0\"",
        "Last-Modified": "Thu, 15 May 2025 21:36:29 GMT",
        "Server": [
          "Windows-Azure-File/1.0",
          "Microsoft-HTTPAPI/2.0"
        ],
        "x-ms-client-request-id": "Sanitized",
        "x-ms-file-attributes": "Archive",
        "x-ms-file-change-time": "2025-05-15T21:36:29.2505760Z",
        "x-ms-file-creation-time": "2025-05-15T21:36:29.2505760Z",
        "x-ms-file-id": "17293892937846882304",
        "x-ms-file-last-write-time": "2025-05-15T21:36:29.2505760Z",
        "x-ms-file-parent-id": "12682206919419494400",
        "x-ms-file-permission-key": "12626496306092130501*547956186189310027",
        "x-ms-lease-state": "available",
        "x-ms-lease-status": "unlocked",
        "x-ms-request-id": "e99a815b-e01a-0030-6fe1-c51e7b000000",
        "x-ms-server-encrypted": "true",
        "x-ms-type": "File",
        "x-ms-version": "2025-07-05"
      },
      "ResponseBody": null
    },
    {
      "RequestUri": "https://amandapreprod.file.core.windows.net/test-share-872c65dd-3682-9265-51af-baa5e4d50509/sourceFolder/folder0/folder1/test-file-4b004418-a2a8-4de7-b67a-5aca7dbe94b9?sv=Sanitized&se=2025-05-16T21%3A36%3A30Z&sr=s&sp=rcwdl&sig=Sanitized",
      "RequestMethod": "HEAD",
      "RequestHeaders": {
        "Accept": "application/xml",
        "traceparent": "00-ad2e5cdd3281a6539d0da5f535d98949-b8063c55050aa0fc-00",
        "User-Agent": "azsdk-net-Storage.Files.Shares/12.23.0-alpha.20250515.1 (.NET 8.0.16; Microsoft Windows 10.0.26100)",
        "x-ms-client-request-id": "Sanitized",
        "x-ms-return-client-request-id": "true",
        "x-ms-version": "2025-07-05"
      },
      "RequestBody": null,
      "StatusCode": 200,
      "ResponseHeaders": {
        "Content-Length": "1024",
        "Content-Type": "application/octet-stream",
        "Date": "Thu, 15 May 2025 21:36:28 GMT",
        "ETag": "\"0x8DD93F88D7C16F5\"",
        "Last-Modified": "Thu, 15 May 2025 21:36:29 GMT",
        "Server": [
          "Windows-Azure-File/1.0",
          "Microsoft-HTTPAPI/2.0"
        ],
        "x-ms-client-request-id": "Sanitized",
        "x-ms-file-attributes": "Archive",
        "x-ms-file-change-time": "2025-05-15T21:36:29.1370741Z",
        "x-ms-file-creation-time": "2025-05-15T21:36:29.1370741Z",
        "x-ms-file-id": "14988049928633188352",
        "x-ms-file-last-write-time": "2025-05-15T21:36:29.1370741Z",
        "x-ms-file-parent-id": "10376363910205800448",
        "x-ms-file-permission-key": "12626496306092130501*547956186189310027",
        "x-ms-lease-state": "available",
        "x-ms-lease-status": "unlocked",
        "x-ms-request-id": "ae895201-301a-001c-14e1-c5f2d4000000",
        "x-ms-server-encrypted": "true",
        "x-ms-type": "File",
        "x-ms-version": "2025-07-05"
      },
      "ResponseBody": null
    },
    {
      "RequestUri": "https://amandapreprod.file.core.windows.net/test-share-872c65dd-3682-9265-51af-baa5e4d50509/sourceFolder/folder0/folder1/folder2/test-file-452d4728-868d-8cbc-52f4-fe0011556f00?sv=Sanitized&se=2025-05-16T21%3A36%3A30Z&sr=s&sp=rcwdl&sig=Sanitized",
      "RequestMethod": "HEAD",
      "RequestHeaders": {
        "Accept": "application/xml",
        "traceparent": "00-a76a498fdff76ba5fe3d8b856bdbdaa8-b23f651fcfb92808-00",
        "User-Agent": "azsdk-net-Storage.Files.Shares/12.23.0-alpha.20250515.1 (.NET 8.0.16; Microsoft Windows 10.0.26100)",
        "x-ms-client-request-id": "Sanitized",
        "x-ms-return-client-request-id": "true",
        "x-ms-version": "2025-07-05"
      },
      "RequestBody": null,
      "StatusCode": 200,
      "ResponseHeaders": {
        "Content-Length": "1024",
        "Content-Type": "application/octet-stream",
        "Date": "Thu, 15 May 2025 21:36:29 GMT",
        "ETag": "\"0x8DD93F88D8D68A0\"",
        "Last-Modified": "Thu, 15 May 2025 21:36:29 GMT",
        "Server": [
          "Windows-Azure-File/1.0",
          "Microsoft-HTTPAPI/2.0"
        ],
        "x-ms-client-request-id": "Sanitized",
        "x-ms-file-attributes": "Archive",
        "x-ms-file-change-time": "2025-05-15T21:36:29.2505760Z",
        "x-ms-file-creation-time": "2025-05-15T21:36:29.2505760Z",
        "x-ms-file-id": "17293892937846882304",
        "x-ms-file-last-write-time": "2025-05-15T21:36:29.2505760Z",
        "x-ms-file-parent-id": "12682206919419494400",
        "x-ms-file-permission-key": "12626496306092130501*547956186189310027",
        "x-ms-lease-state": "available",
        "x-ms-lease-status": "unlocked",
        "x-ms-request-id": "e99a815d-e01a-0030-70e1-c51e7b000000",
        "x-ms-server-encrypted": "true",
        "x-ms-type": "File",
        "x-ms-version": "2025-07-05"
      },
      "ResponseBody": null
    },
    {
      "RequestUri": "https://amandapreprod.blob.core.windows.net/test-container-9e8ba417-0173-d903-623f-fe6b7e13fb70/destFolder/folder0/test-file-fa59eb50-891a-7c16-b70d-84f1bb449378?comp=appendblock",
      "RequestMethod": "PUT",
      "RequestHeaders": {
        "Accept": "application/xml",
        "Authorization": "Sanitized",
        "Content-Length": "0",
        "If-None-Match": "*",
        "traceparent": "00-d52aebd2f67e72135f3d5b313fcba8d6-1eef5b15ec65fca1-00",
        "User-Agent": "azsdk-net-Storage.Blobs/12.25.0-alpha.20250515.1 (.NET 8.0.16; Microsoft Windows 10.0.26100)",
        "x-ms-client-request-id": "Sanitized",
        "x-ms-copy-source": "https://amandapreprod.file.core.windows.net/test-share-872c65dd-3682-9265-51af-baa5e4d50509/sourceFolder/folder0/test-file-fa59eb50-891a-7c16-b70d-84f1bb449378?sv=sanitized-value&se=2025-05-16T21%3A36%3A30Z&sr=s&sp=rcwdl&sig=Sanitized",
        "x-ms-date": "Thu, 15 May 2025 21:36:30 GMT",
        "x-ms-return-client-request-id": "true",
        "x-ms-source-range": "bytes=0-1023",
        "x-ms-version": "2025-07-05"
      },
      "RequestBody": null,
      "StatusCode": 201,
      "ResponseHeaders": {
        "Content-Length": "0",
        "Date": "Thu, 15 May 2025 21:36:29 GMT",
        "ETag": "\"0x8DD93F88DDD00B2\"",
        "Last-Modified": "Thu, 15 May 2025 21:36:29 GMT",
        "Server": [
          "Windows-Azure-Blob/1.0",
          "Microsoft-HTTPAPI/2.0"
        ],
        "x-ms-blob-append-offset": "0",
        "x-ms-blob-committed-block-count": "1",
        "x-ms-client-request-id": "Sanitized",
        "x-ms-content-crc64": "iknlm7CyG2k=",
        "x-ms-request-id": "fc740dfc-501e-0057-2de1-c50e87000000",
        "x-ms-request-server-encrypted": "true",
        "x-ms-version": "2025-07-05"
      },
      "ResponseBody": null
    },
    {
      "RequestUri": "https://amandapreprod.blob.core.windows.net/test-container-9e8ba417-0173-d903-623f-fe6b7e13fb70/destFolder/folder0/folder1/test-file-4b004418-a2a8-4de7-b67a-5aca7dbe94b9",
      "RequestMethod": "PUT",
      "RequestHeaders": {
        "Accept": "application/xml",
        "Authorization": "Sanitized",
        "Content-Length": "0",
        "If-None-Match": "*",
        "traceparent": "00-26e5566e17eaaff8f7776f8b4739a12e-82b4cc4f45a1950c-00",
        "User-Agent": "azsdk-net-Storage.Blobs/12.25.0-alpha.20250515.1 (.NET 8.0.16; Microsoft Windows 10.0.26100)",
        "x-ms-blob-content-type": "application/octet-stream",
        "x-ms-blob-type": "AppendBlob",
        "x-ms-client-request-id": "Sanitized",
        "x-ms-date": "Thu, 15 May 2025 21:36:30 GMT",
        "x-ms-return-client-request-id": "true",
        "x-ms-version": "2025-07-05"
      },
      "RequestBody": null,
      "StatusCode": 201,
      "ResponseHeaders": {
        "Content-Length": "0",
        "Date": "Thu, 15 May 2025 21:36:28 GMT",
        "ETag": "\"0x8DD93F88DDEAC7F\"",
        "Last-Modified": "Thu, 15 May 2025 21:36:29 GMT",
        "Server": [
          "Windows-Azure-Blob/1.0",
          "Microsoft-HTTPAPI/2.0"
        ],
        "x-ms-client-request-id": "Sanitized",
        "x-ms-request-id": "bb627da8-601e-005c-33e1-c5f5ec000000",
        "x-ms-request-server-encrypted": "true",
        "x-ms-version": "2025-07-05"
      },
      "ResponseBody": null
    },
    {
      "RequestUri": "https://amandapreprod.blob.core.windows.net/test-container-9e8ba417-0173-d903-623f-fe6b7e13fb70/destFolder/folder0/folder1/folder2/test-file-452d4728-868d-8cbc-52f4-fe0011556f00",
      "RequestMethod": "PUT",
      "RequestHeaders": {
        "Accept": "application/xml",
        "Authorization": "Sanitized",
        "Content-Length": "0",
        "If-None-Match": "*",
        "traceparent": "00-f5f9960efeb9b8e013808f8f908b45d2-659c0d34bc50f2bb-00",
        "User-Agent": "azsdk-net-Storage.Blobs/12.25.0-alpha.20250515.1 (.NET 8.0.16; Microsoft Windows 10.0.26100)",
        "x-ms-blob-content-type": "application/octet-stream",
        "x-ms-blob-type": "AppendBlob",
        "x-ms-client-request-id": "Sanitized",
        "x-ms-date": "Thu, 15 May 2025 21:36:30 GMT",
        "x-ms-return-client-request-id": "true",
        "x-ms-version": "2025-07-05"
      },
      "RequestBody": null,
      "StatusCode": 201,
      "ResponseHeaders": {
        "Content-Length": "0",
        "Date": "Thu, 15 May 2025 21:36:29 GMT",
        "ETag": "\"0x8DD93F88DE55BB9\"",
        "Last-Modified": "Thu, 15 May 2025 21:36:29 GMT",
        "Server": [
          "Windows-Azure-Blob/1.0",
          "Microsoft-HTTPAPI/2.0"
        ],
        "x-ms-client-request-id": "Sanitized",
        "x-ms-request-id": "fc740e39-501e-0057-4de1-c50e87000000",
        "x-ms-request-server-encrypted": "true",
        "x-ms-version": "2025-07-05"
      },
      "ResponseBody": null
    },
    {
      "RequestUri": "https://amandapreprod.blob.core.windows.net/test-container-9e8ba417-0173-d903-623f-fe6b7e13fb70/destFolder/folder0/folder1/test-file-4b004418-a2a8-4de7-b67a-5aca7dbe94b9?comp=appendblock",
      "RequestMethod": "PUT",
      "RequestHeaders": {
        "Accept": "application/xml",
        "Authorization": "Sanitized",
        "Content-Length": "0",
        "If-None-Match": "*",
        "traceparent": "00-14c5e95a3c4f66eea0eb8656b86d590b-f17c024ff75a3a14-00",
        "User-Agent": "azsdk-net-Storage.Blobs/12.25.0-alpha.20250515.1 (.NET 8.0.16; Microsoft Windows 10.0.26100)",
        "x-ms-client-request-id": "Sanitized",
        "x-ms-copy-source": "https://amandapreprod.file.core.windows.net/test-share-872c65dd-3682-9265-51af-baa5e4d50509/sourceFolder/folder0/folder1/test-file-4b004418-a2a8-4de7-b67a-5aca7dbe94b9?sv=sanitized-value&se=2025-05-16T21%3A36%3A30Z&sr=s&sp=rcwdl&sig=Sanitized",
        "x-ms-date": "Thu, 15 May 2025 21:36:30 GMT",
        "x-ms-return-client-request-id": "true",
        "x-ms-source-range": "bytes=0-1023",
        "x-ms-version": "2025-07-05"
      },
      "RequestBody": null,
      "StatusCode": 201,
      "ResponseHeaders": {
        "Content-Length": "0",
        "Date": "Thu, 15 May 2025 21:36:29 GMT",
        "ETag": "\"0x8DD93F88DE7A311\"",
        "Last-Modified": "Thu, 15 May 2025 21:36:29 GMT",
        "Server": [
          "Windows-Azure-Blob/1.0",
          "Microsoft-HTTPAPI/2.0"
        ],
        "x-ms-blob-append-offset": "0",
        "x-ms-blob-committed-block-count": "1",
        "x-ms-client-request-id": "Sanitized",
        "x-ms-content-crc64": "iknlm7CyG2k=",
        "x-ms-request-id": "bb627dcd-601e-005c-4ce1-c5f5ec000000",
        "x-ms-request-server-encrypted": "true",
        "x-ms-version": "2025-07-05"
      },
      "ResponseBody": null
    },
    {
      "RequestUri": "https://amandapreprod.blob.core.windows.net/test-container-9e8ba417-0173-d903-623f-fe6b7e13fb70/destFolder/folder0/folder1/folder2/test-file-452d4728-868d-8cbc-52f4-fe0011556f00?comp=appendblock",
      "RequestMethod": "PUT",
      "RequestHeaders": {
        "Accept": "application/xml",
        "Authorization": "Sanitized",
        "Content-Length": "0",
        "If-None-Match": "*",
        "traceparent": "00-8f5dea2d5729040c23c9cd50b8550470-b5dd779ff1d34cea-00",
        "User-Agent": "azsdk-net-Storage.Blobs/12.25.0-alpha.20250515.1 (.NET 8.0.16; Microsoft Windows 10.0.26100)",
        "x-ms-client-request-id": "Sanitized",
        "x-ms-copy-source": "https://amandapreprod.file.core.windows.net/test-share-872c65dd-3682-9265-51af-baa5e4d50509/sourceFolder/folder0/folder1/folder2/test-file-452d4728-868d-8cbc-52f4-fe0011556f00?sv=sanitized-value&se=2025-05-16T21%3A36%3A30Z&sr=s&sp=rcwdl&sig=Sanitized",
        "x-ms-date": "Thu, 15 May 2025 21:36:30 GMT",
        "x-ms-return-client-request-id": "true",
        "x-ms-source-range": "bytes=0-1023",
        "x-ms-version": "2025-07-05"
      },
      "RequestBody": null,
      "StatusCode": 201,
      "ResponseHeaders": {
        "Content-Length": "0",
        "Date": "Thu, 15 May 2025 21:36:29 GMT",
        "ETag": "\"0x8DD93F88DEE7937\"",
        "Last-Modified": "Thu, 15 May 2025 21:36:29 GMT",
        "Server": [
          "Windows-Azure-Blob/1.0",
          "Microsoft-HTTPAPI/2.0"
        ],
        "x-ms-blob-append-offset": "0",
        "x-ms-blob-committed-block-count": "1",
        "x-ms-client-request-id": "Sanitized",
        "x-ms-content-crc64": "iknlm7CyG2k=",
        "x-ms-request-id": "fc740e57-501e-0057-5ce1-c50e87000000",
        "x-ms-request-server-encrypted": "true",
        "x-ms-version": "2025-07-05"
      },
      "ResponseBody": null
    },
    {
      "RequestUri": "https://amandapreprod.file.core.windows.net/test-share-872c65dd-3682-9265-51af-baa5e4d50509/sourceFolder?restype=directory&comp=list",
      "RequestMethod": "GET",
      "RequestHeaders": {
        "Accept": "application/xml",
        "Authorization": "Sanitized",
        "traceparent": "00-5093abd5a4dc28319e6750b76f741f0b-7a09a55a87df883a-00",
        "User-Agent": "azsdk-net-Storage.Files.Shares/12.23.0-alpha.20250515.1 (.NET 8.0.16; Microsoft Windows 10.0.26100)",
        "x-ms-client-request-id": "Sanitized",
        "x-ms-date": "Thu, 15 May 2025 21:36:30 GMT",
        "x-ms-return-client-request-id": "true",
        "x-ms-version": "2025-07-05"
      },
      "RequestBody": null,
      "StatusCode": 200,
      "ResponseHeaders": {
        "Content-Type": "application/xml",
        "Date": "Thu, 15 May 2025 21:36:29 GMT",
        "Server": [
          "Windows-Azure-File/1.0",
          "Microsoft-HTTPAPI/2.0"
        ],
        "Transfer-Encoding": "chunked",
        "x-ms-client-request-id": "Sanitized",
        "x-ms-request-id": "e99a8161-e01a-0030-73e1-c51e7b000000",
        "x-ms-version": "2025-07-05"
      },
      "ResponseBody": "\uFEFF<?xml version=\"1.0\" encoding=\"utf-8\"?><EnumerationResults ServiceEndpoint=\"https://amandapreprod.file.core.windows.net/\" ShareName=\"test-share-872c65dd-3682-9265-51af-baa5e4d50509\" DirectoryPath=\"sourceFolder\"><DirectoryId>13835128424026341376</DirectoryId><Entries><Directory><Name>folder0</Name><FileId>11529285414812647424</FileId><Properties /></Directory></Entries><NextMarker /></EnumerationResults>"
    },
    {
      "RequestUri": "https://amandapreprod.file.core.windows.net/test-share-872c65dd-3682-9265-51af-baa5e4d50509/sourceFolder/folder0?restype=directory&comp=list",
      "RequestMethod": "GET",
      "RequestHeaders": {
        "Accept": "application/xml",
        "Authorization": "Sanitized",
        "traceparent": "00-bd6f4e531e8e298ab7364b37f35348c1-551b32b6e274878f-00",
        "User-Agent": "azsdk-net-Storage.Files.Shares/12.23.0-alpha.20250515.1 (.NET 8.0.16; Microsoft Windows 10.0.26100)",
        "x-ms-client-request-id": "Sanitized",
        "x-ms-date": "Thu, 15 May 2025 21:36:31 GMT",
        "x-ms-return-client-request-id": "true",
        "x-ms-version": "2025-07-05"
      },
      "RequestBody": null,
      "StatusCode": 200,
      "ResponseHeaders": {
        "Content-Type": "application/xml",
        "Date": "Thu, 15 May 2025 21:36:29 GMT",
        "Server": [
          "Windows-Azure-File/1.0",
          "Microsoft-HTTPAPI/2.0"
        ],
        "Transfer-Encoding": "chunked",
        "x-ms-client-request-id": "Sanitized",
        "x-ms-request-id": "e99a8163-e01a-0030-74e1-c51e7b000000",
        "x-ms-version": "2025-07-05"
      },
      "ResponseBody": "\uFEFF<?xml version=\"1.0\" encoding=\"utf-8\"?><EnumerationResults ServiceEndpoint=\"https://amandapreprod.file.core.windows.net/\" ShareName=\"test-share-872c65dd-3682-9265-51af-baa5e4d50509\" DirectoryPath=\"sourceFolder/folder0\"><DirectoryId>11529285414812647424</DirectoryId><Entries><Directory><Name>folder1</Name><FileId>10376363910205800448</FileId><Properties /></Directory><File><Name>test-file-fa59eb50-891a-7c16-b70d-84f1bb449378</Name><FileId>16140971433240035328</FileId><Properties><Content-Length>1024</Content-Length></Properties></File></Entries><NextMarker /></EnumerationResults>"
    },
    {
      "RequestUri": "https://amandapreprod.file.core.windows.net/test-share-872c65dd-3682-9265-51af-baa5e4d50509/sourceFolder/folder0/folder1?restype=directory&comp=list",
      "RequestMethod": "GET",
      "RequestHeaders": {
        "Accept": "application/xml",
        "Authorization": "Sanitized",
        "traceparent": "00-c01d4c8f8efb9514b744378b35eb5055-7fdf9d980e498038-00",
        "User-Agent": "azsdk-net-Storage.Files.Shares/12.23.0-alpha.20250515.1 (.NET 8.0.16; Microsoft Windows 10.0.26100)",
        "x-ms-client-request-id": "Sanitized",
        "x-ms-date": "Thu, 15 May 2025 21:36:31 GMT",
        "x-ms-return-client-request-id": "true",
        "x-ms-version": "2025-07-05"
      },
      "RequestBody": null,
      "StatusCode": 200,
      "ResponseHeaders": {
        "Content-Type": "application/xml",
        "Date": "Thu, 15 May 2025 21:36:29 GMT",
        "Server": [
          "Windows-Azure-File/1.0",
          "Microsoft-HTTPAPI/2.0"
        ],
        "Transfer-Encoding": "chunked",
        "x-ms-client-request-id": "Sanitized",
        "x-ms-request-id": "e99a8165-e01a-0030-75e1-c51e7b000000",
        "x-ms-version": "2025-07-05"
      },
      "ResponseBody": "\uFEFF<?xml version=\"1.0\" encoding=\"utf-8\"?><EnumerationResults ServiceEndpoint=\"https://amandapreprod.file.core.windows.net/\" ShareName=\"test-share-872c65dd-3682-9265-51af-baa5e4d50509\" DirectoryPath=\"sourceFolder/folder0/folder1\"><DirectoryId>10376363910205800448</DirectoryId><Entries><Directory><Name>folder2</Name><FileId>12682206919419494400</FileId><Properties /></Directory><File><Name>test-file-4b004418-a2a8-4de7-b67a-5aca7dbe94b9</Name><FileId>14988049928633188352</FileId><Properties><Content-Length>1024</Content-Length></Properties></File></Entries><NextMarker /></EnumerationResults>"
    },
    {
      "RequestUri": "https://amandapreprod.file.core.windows.net/test-share-872c65dd-3682-9265-51af-baa5e4d50509/sourceFolder/folder0/folder1/folder2?restype=directory&comp=list",
      "RequestMethod": "GET",
      "RequestHeaders": {
        "Accept": "application/xml",
        "Authorization": "Sanitized",
        "traceparent": "00-28c5f577743cf595c711754da60ae3d8-d6e4aea0f9477e71-00",
        "User-Agent": "azsdk-net-Storage.Files.Shares/12.23.0-alpha.20250515.1 (.NET 8.0.16; Microsoft Windows 10.0.26100)",
        "x-ms-client-request-id": "Sanitized",
        "x-ms-date": "Thu, 15 May 2025 21:36:31 GMT",
        "x-ms-return-client-request-id": "true",
        "x-ms-version": "2025-07-05"
      },
      "RequestBody": null,
      "StatusCode": 200,
      "ResponseHeaders": {
        "Content-Type": "application/xml",
        "Date": "Thu, 15 May 2025 21:36:29 GMT",
        "Server": [
          "Windows-Azure-File/1.0",
          "Microsoft-HTTPAPI/2.0"
        ],
        "Transfer-Encoding": "chunked",
        "x-ms-client-request-id": "Sanitized",
        "x-ms-request-id": "e99a8168-e01a-0030-77e1-c51e7b000000",
        "x-ms-version": "2025-07-05"
      },
      "ResponseBody": "\uFEFF<?xml version=\"1.0\" encoding=\"utf-8\"?><EnumerationResults ServiceEndpoint=\"https://amandapreprod.file.core.windows.net/\" ShareName=\"test-share-872c65dd-3682-9265-51af-baa5e4d50509\" DirectoryPath=\"sourceFolder/folder0/folder1/folder2\"><DirectoryId>12682206919419494400</DirectoryId><Entries><File><Name>test-file-452d4728-868d-8cbc-52f4-fe0011556f00</Name><FileId>17293892937846882304</FileId><Properties><Content-Length>1024</Content-Length></Properties></File></Entries><NextMarker /></EnumerationResults>"
    },
    {
      "RequestUri": "https://amandapreprod.blob.core.windows.net/test-container-9e8ba417-0173-d903-623f-fe6b7e13fb70?restype=container&comp=list&prefix=destFolder",
      "RequestMethod": "GET",
      "RequestHeaders": {
        "Accept": "application/xml",
        "Authorization": "Sanitized",
        "traceparent": "00-6aa0fc3e0bcef02ff8b4487a09fcaa06-df9ecba4ea7c4846-00",
        "User-Agent": "azsdk-net-Storage.Blobs/12.25.0-alpha.20250515.1 (.NET 8.0.16; Microsoft Windows 10.0.26100)",
        "x-ms-client-request-id": "Sanitized",
        "x-ms-date": "Thu, 15 May 2025 21:36:31 GMT",
        "x-ms-return-client-request-id": "true",
        "x-ms-version": "2025-07-05"
      },
      "RequestBody": null,
      "StatusCode": 200,
      "ResponseHeaders": {
        "Content-Type": "application/xml",
        "Date": "Thu, 15 May 2025 21:36:29 GMT",
        "Server": [
          "Windows-Azure-Blob/1.0",
          "Microsoft-HTTPAPI/2.0"
        ],
        "Transfer-Encoding": "chunked",
        "x-ms-client-request-id": "Sanitized",
        "x-ms-request-id": "74027e5d-301e-000c-2ce1-c537bc000000",
        "x-ms-version": "2025-07-05"
      },
      "ResponseBody": "\uFEFF<?xml version=\"1.0\" encoding=\"utf-8\"?><EnumerationResults ServiceEndpoint=\"https://amandapreprod.blob.core.windows.net/\" ContainerName=\"test-container-9e8ba417-0173-d903-623f-fe6b7e13fb70\"><Prefix>destFolder</Prefix><Blobs><Blob><Name>destFolder/folder0/folder1/folder2/test-file-452d4728-868d-8cbc-52f4-fe0011556f00</Name><Properties><Creation-Time>Thu, 15 May 2025 21:36:29 GMT</Creation-Time><Last-Modified>Thu, 15 May 2025 21:36:29 GMT</Last-Modified><Etag>0x8DD93F88DEE7937</Etag><Content-Length>1024</Content-Length><Content-Type>application/octet-stream</Content-Type><Content-Encoding /><Content-Language /><Content-CRC64 /><Content-MD5 /><Cache-Control /><Content-Disposition /><BlobType>AppendBlob</BlobType><LeaseStatus>unlocked</LeaseStatus><LeaseState>available</LeaseState><ServerEncrypted>true</ServerEncrypted></Properties><OrMetadata /></Blob><Blob><Name>destFolder/folder0/folder1/test-file-4b004418-a2a8-4de7-b67a-5aca7dbe94b9</Name><Properties><Creation-Time>Thu, 15 May 2025 21:36:29 GMT</Creation-Time><Last-Modified>Thu, 15 May 2025 21:36:29 GMT</Last-Modified><Etag>0x8DD93F88DE7A311</Etag><Content-Length>1024</Content-Length><Content-Type>application/octet-stream</Content-Type><Content-Encoding /><Content-Language /><Content-CRC64 /><Content-MD5 /><Cache-Control /><Content-Disposition /><BlobType>AppendBlob</BlobType><LeaseStatus>unlocked</LeaseStatus><LeaseState>available</LeaseState><ServerEncrypted>true</ServerEncrypted></Properties><OrMetadata /></Blob><Blob><Name>destFolder/folder0/test-file-fa59eb50-891a-7c16-b70d-84f1bb449378</Name><Properties><Creation-Time>Thu, 15 May 2025 21:36:29 GMT</Creation-Time><Last-Modified>Thu, 15 May 2025 21:36:29 GMT</Last-Modified><Etag>0x8DD93F88DDD00B2</Etag><Content-Length>1024</Content-Length><Content-Type>application/octet-stream</Content-Type><Content-Encoding /><Content-Language /><Content-CRC64 /><Content-MD5 /><Cache-Control /><Content-Disposition /><BlobType>AppendBlob</BlobType><LeaseStatus>unlocked</LeaseStatus><LeaseState>available</LeaseState><ServerEncrypted>true</ServerEncrypted></Properties><OrMetadata /></Blob></Blobs><NextMarker /></EnumerationResults>"
    },
    {
      "RequestUri": "https://amandapreprod.file.core.windows.net/test-share-872c65dd-3682-9265-51af-baa5e4d50509/sourceFolder/folder0/folder1/folder2/test-file-452d4728-868d-8cbc-52f4-fe0011556f00",
      "RequestMethod": "HEAD",
      "RequestHeaders": {
        "Accept": "application/xml",
        "Authorization": "Sanitized",
        "traceparent": "00-54943de6152cba7f91d681d1e9983eaa-4c9d51dbd78c784f-00",
        "User-Agent": "azsdk-net-Storage.Files.Shares/12.23.0-alpha.20250515.1 (.NET 8.0.16; Microsoft Windows 10.0.26100)",
        "x-ms-client-request-id": "Sanitized",
        "x-ms-date": "Thu, 15 May 2025 21:36:31 GMT",
        "x-ms-return-client-request-id": "true",
        "x-ms-version": "2025-07-05"
      },
      "RequestBody": null,
      "StatusCode": 200,
      "ResponseHeaders": {
        "Content-Length": "1024",
        "Content-Type": "application/octet-stream",
        "Date": "Thu, 15 May 2025 21:36:30 GMT",
        "ETag": "\"0x8DD93F88D8D68A0\"",
        "Last-Modified": "Thu, 15 May 2025 21:36:29 GMT",
        "Server": [
          "Windows-Azure-File/1.0",
          "Microsoft-HTTPAPI/2.0"
        ],
        "x-ms-client-request-id": "Sanitized",
        "x-ms-file-attributes": "Archive",
        "x-ms-file-change-time": "2025-05-15T21:36:29.2505760Z",
        "x-ms-file-creation-time": "2025-05-15T21:36:29.2505760Z",
        "x-ms-file-id": "17293892937846882304",
        "x-ms-file-last-write-time": "2025-05-15T21:36:29.2505760Z",
        "x-ms-file-parent-id": "12682206919419494400",
        "x-ms-file-permission-key": "12626496306092130501*547956186189310027",
        "x-ms-lease-state": "available",
        "x-ms-lease-status": "unlocked",
        "x-ms-request-id": "e99a816c-e01a-0030-79e1-c51e7b000000",
        "x-ms-server-encrypted": "true",
        "x-ms-type": "File",
        "x-ms-version": "2025-07-05"
      },
      "ResponseBody": null
    },
    {
      "RequestUri": "https://amandapreprod.blob.core.windows.net/test-container-9e8ba417-0173-d903-623f-fe6b7e13fb70/destFolder/folder0/folder1/folder2/test-file-452d4728-868d-8cbc-52f4-fe0011556f00",
      "RequestMethod": "HEAD",
      "RequestHeaders": {
        "Accept": "application/xml",
        "Authorization": "Sanitized",
        "traceparent": "00-e65994c596e8e922ef2b62ecbd56745e-68a7d46c2cddc455-00",
        "User-Agent": "azsdk-net-Storage.Blobs/12.25.0-alpha.20250515.1 (.NET 8.0.16; Microsoft Windows 10.0.26100)",
        "x-ms-client-request-id": "Sanitized",
        "x-ms-date": "Thu, 15 May 2025 21:36:31 GMT",
        "x-ms-return-client-request-id": "true",
        "x-ms-version": "2025-07-05"
      },
      "RequestBody": null,
      "StatusCode": 200,
      "ResponseHeaders": {
        "Accept-Ranges": "bytes",
        "Content-Length": "1024",
        "Content-Type": "application/octet-stream",
        "Date": "Thu, 15 May 2025 21:36:29 GMT",
        "ETag": "\"0x8DD93F88DEE7937\"",
        "Last-Modified": "Thu, 15 May 2025 21:36:29 GMT",
        "Server": [
          "Windows-Azure-Blob/1.0",
          "Microsoft-HTTPAPI/2.0"
        ],
        "x-ms-blob-committed-block-count": "1",
        "x-ms-blob-type": "AppendBlob",
        "x-ms-client-request-id": "Sanitized",
        "x-ms-creation-time": "Thu, 15 May 2025 21:36:29 GMT",
        "x-ms-lease-state": "available",
        "x-ms-lease-status": "unlocked",
        "x-ms-request-id": "74027f10-301e-000c-1de1-c537bc000000",
        "x-ms-server-encrypted": "true",
        "x-ms-version": "2025-07-05"
      },
      "ResponseBody": null
    },
    {
      "RequestUri": "https://amandapreprod.file.core.windows.net/test-share-872c65dd-3682-9265-51af-baa5e4d50509/sourceFolder/folder0/folder1/folder2/test-file-452d4728-868d-8cbc-52f4-fe0011556f00",
      "RequestMethod": "GET",
      "RequestHeaders": {
        "Accept": "application/xml",
        "Authorization": "Sanitized",
        "User-Agent": "azsdk-net-Storage.Files.Shares/12.23.0-alpha.20250515.1 (.NET 8.0.16; Microsoft Windows 10.0.26100)",
        "x-ms-client-request-id": "Sanitized",
        "x-ms-date": "Thu, 15 May 2025 21:36:31 GMT",
        "x-ms-range": "bytes=0-1023",
        "x-ms-return-client-request-id": "true",
        "x-ms-version": "2025-07-05"
      },
      "RequestBody": null,
      "StatusCode": 206,
      "ResponseHeaders": {
        "Accept-Ranges": "bytes",
        "Content-Length": "1024",
        "Content-Range": "bytes 0-1023/1024",
        "Content-Type": "application/octet-stream",
        "Date": "Thu, 15 May 2025 21:36:30 GMT",
        "ETag": "\"0x8DD93F88D8D68A0\"",
        "Last-Modified": "Thu, 15 May 2025 21:36:29 GMT",
        "Server": [
          "Windows-Azure-File/1.0",
          "Microsoft-HTTPAPI/2.0"
        ],
        "x-ms-client-request-id": "Sanitized",
        "x-ms-file-attributes": "Archive",
        "x-ms-file-change-time": "2025-05-15T21:36:29.2505760Z",
        "x-ms-file-creation-time": "2025-05-15T21:36:29.2505760Z",
        "x-ms-file-id": "17293892937846882304",
        "x-ms-file-last-write-time": "2025-05-15T21:36:29.2505760Z",
        "x-ms-file-parent-id": "12682206919419494400",
        "x-ms-file-permission-key": "12626496306092130501*547956186189310027",
        "x-ms-lease-state": "available",
        "x-ms-lease-status": "unlocked",
        "x-ms-request-id": "e99a816e-e01a-0030-7ae1-c51e7b000000",
        "x-ms-server-encrypted": "true",
        "x-ms-type": "File",
        "x-ms-version": "2025-07-05"
      },
      "ResponseBody": "AAAAAAAAAAAAAAAAAAAAAAAAAAAAAAAAAAAAAAAAAAAAAAAAAAAAAAAAAAAAAAAAAAAAAAAAAAAAAAAAAAAAAAAAAAAAAAAAAAAAAAAAAAAAAAAAAAAAAAAAAAAAAAAAAAAAAAAAAAAAAAAAAAAAAAAAAAAAAAAAAAAAAAAAAAAAAAAAAAAAAAAAAAAAAAAAAAAAAAAAAAAAAAAAAAAAAAAAAAAAAAAAAAAAAAAAAAAAAAAAAAAAAAAAAAAAAAAAAAAAAAAAAAAAAAAAAAAAAAAAAAAAAAAAAAAAAAAAAAAAAAAAAAAAAAAAAAAAAAAAAAAAAAAAAAAAAAAAAAAAAAAAAAAAAAAAAAAAAAAAAAAAAAAAAAAAAAAAAAAAAAAAAAAAAAAAAAAAAAAAAAAAAAAAAAAAAAAAAAAAAAAAAAAAAAAAAAAAAAAAAAAAAAAAAAAAAAAAAAAAAAAAAAAAAAAAAAAAAAAAAAAAAAAAAAAAAAAAAAAAAAAAAAAAAAAAAAAAAAAAAAAAAAAAAAAAAAAAAAAAAAAAAAAAAAAAAAAAAAAAAAAAAAAAAAAAAAAAAAAAAAAAAAAAAAAAAAAAAAAAAAAAAAAAAAAAAAAAAAAAAAAAAAAAAAAAAAAAAAAAAAAAAAAAAAAAAAAAAAAAAAAAAAAAAAAAAAAAAAAAAAAAAAAAAAAAAAAAAAAAAAAAAAAAAAAAAAAAAAAAAAAAAAAAAAAAAAAAAAAAAAAAAAAAAAAAAAAAAAAAAAAAAAAAAAAAAAAAAAAAAAAAAAAAAAAAAAAAAAAAAAAAAAAAAAAAAAAAAAAAAAAAAAAAAAAAAAAAAAAAAAAAAAAAAAAAAAAAAAAAAAAAAAAAAAAAAAAAAAAAAAAAAAAAAAAAAAAAAAAAAAAAAAAAAAAAAAAAAAAAAAAAAAAAAAAAAAAAAAAAAAAAAAAAAAAAAAAAAAAAAAAAAAAAAAAAAAAAAAAAAAAAAAAAAAAAAAAAAAAAAAAAAAAAAAAAAAAAAAAAAAAAAAAAAAAAAAAAAAAAAAAAAAAAAAAAAAAAAAAAAAAAAAAAAAAAAAAAAAAAAAAAAAAAAAAAAAAAAAAAAAAAAAAAAAAAAAAAAAAAAAAAAAAAAAAAAAAAAAAAAAAAAAAAAAAAAAAAAAAAAAAAAAAAAAAAAAAAAAAAAAAAAAAAAAAAAAAAAAAAAAAAAAAAAAAAAAAAAAAAAAAAAAAAAAAAAAAAAAAAAAAAAAAAAAAAAAAAAAAAAAAAAAAAAAAAAAAAAAAAAAAAAAAAAAAAAAAAAAAAAAAAAAAAAAAAAAAAAAAAAAAAAAAAAAAAAAAAAAAAAAAAAAAAAAAAAAAAAAAAAAAAAA=="
    },
    {
      "RequestUri": "https://amandapreprod.blob.core.windows.net/test-container-9e8ba417-0173-d903-623f-fe6b7e13fb70/destFolder/folder0/folder1/folder2/test-file-452d4728-868d-8cbc-52f4-fe0011556f00",
      "RequestMethod": "GET",
      "RequestHeaders": {
        "Accept": "application/xml",
        "Authorization": "Sanitized",
        "If-Match": "\"0x8DD93F88DEE7937\"",
        "User-Agent": "azsdk-net-Storage.Blobs/12.25.0-alpha.20250515.1 (.NET 8.0.16; Microsoft Windows 10.0.26100)",
        "x-ms-client-request-id": "Sanitized",
        "x-ms-date": "Thu, 15 May 2025 21:36:31 GMT",
        "x-ms-range": "bytes=0-1023",
        "x-ms-return-client-request-id": "true",
        "x-ms-version": "2025-07-05"
      },
      "RequestBody": null,
      "StatusCode": 206,
      "ResponseHeaders": {
        "Accept-Ranges": "bytes",
        "Content-Length": "1024",
        "Content-Range": "bytes 0-1023/1024",
        "Content-Type": "application/octet-stream",
        "Date": "Thu, 15 May 2025 21:36:29 GMT",
        "ETag": "\"0x8DD93F88DEE7937\"",
        "Last-Modified": "Thu, 15 May 2025 21:36:29 GMT",
        "Server": [
          "Windows-Azure-Blob/1.0",
          "Microsoft-HTTPAPI/2.0"
        ],
        "x-ms-blob-committed-block-count": "1",
        "x-ms-blob-type": "AppendBlob",
        "x-ms-client-request-id": "Sanitized",
        "x-ms-creation-time": "Thu, 15 May 2025 21:36:29 GMT",
        "x-ms-lease-state": "available",
        "x-ms-lease-status": "unlocked",
        "x-ms-request-id": "74027f6a-301e-000c-5ee1-c537bc000000",
        "x-ms-server-encrypted": "true",
        "x-ms-version": "2025-07-05"
      },
      "ResponseBody": "AAAAAAAAAAAAAAAAAAAAAAAAAAAAAAAAAAAAAAAAAAAAAAAAAAAAAAAAAAAAAAAAAAAAAAAAAAAAAAAAAAAAAAAAAAAAAAAAAAAAAAAAAAAAAAAAAAAAAAAAAAAAAAAAAAAAAAAAAAAAAAAAAAAAAAAAAAAAAAAAAAAAAAAAAAAAAAAAAAAAAAAAAAAAAAAAAAAAAAAAAAAAAAAAAAAAAAAAAAAAAAAAAAAAAAAAAAAAAAAAAAAAAAAAAAAAAAAAAAAAAAAAAAAAAAAAAAAAAAAAAAAAAAAAAAAAAAAAAAAAAAAAAAAAAAAAAAAAAAAAAAAAAAAAAAAAAAAAAAAAAAAAAAAAAAAAAAAAAAAAAAAAAAAAAAAAAAAAAAAAAAAAAAAAAAAAAAAAAAAAAAAAAAAAAAAAAAAAAAAAAAAAAAAAAAAAAAAAAAAAAAAAAAAAAAAAAAAAAAAAAAAAAAAAAAAAAAAAAAAAAAAAAAAAAAAAAAAAAAAAAAAAAAAAAAAAAAAAAAAAAAAAAAAAAAAAAAAAAAAAAAAAAAAAAAAAAAAAAAAAAAAAAAAAAAAAAAAAAAAAAAAAAAAAAAAAAAAAAAAAAAAAAAAAAAAAAAAAAAAAAAAAAAAAAAAAAAAAAAAAAAAAAAAAAAAAAAAAAAAAAAAAAAAAAAAAAAAAAAAAAAAAAAAAAAAAAAAAAAAAAAAAAAAAAAAAAAAAAAAAAAAAAAAAAAAAAAAAAAAAAAAAAAAAAAAAAAAAAAAAAAAAAAAAAAAAAAAAAAAAAAAAAAAAAAAAAAAAAAAAAAAAAAAAAAAAAAAAAAAAAAAAAAAAAAAAAAAAAAAAAAAAAAAAAAAAAAAAAAAAAAAAAAAAAAAAAAAAAAAAAAAAAAAAAAAAAAAAAAAAAAAAAAAAAAAAAAAAAAAAAAAAAAAAAAAAAAAAAAAAAAAAAAAAAAAAAAAAAAAAAAAAAAAAAAAAAAAAAAAAAAAAAAAAAAAAAAAAAAAAAAAAAAAAAAAAAAAAAAAAAAAAAAAAAAAAAAAAAAAAAAAAAAAAAAAAAAAAAAAAAAAAAAAAAAAAAAAAAAAAAAAAAAAAAAAAAAAAAAAAAAAAAAAAAAAAAAAAAAAAAAAAAAAAAAAAAAAAAAAAAAAAAAAAAAAAAAAAAAAAAAAAAAAAAAAAAAAAAAAAAAAAAAAAAAAAAAAAAAAAAAAAAAAAAAAAAAAAAAAAAAAAAAAAAAAAAAAAAAAAAAAAAAAAAAAAAAAAAAAAAAAAAAAAAAAAAAAAAAAAAAAAAAAAAAAAAAAAAAAAAAAAAAAAAAAAAAAAAAAAAAAAAAAAAAAAAAAAAAAAAAAAAAAAAAAAAAAAAAAAAAAAAA=="
    },
    {
      "RequestUri": "https://amandapreprod.file.core.windows.net/test-share-872c65dd-3682-9265-51af-baa5e4d50509/sourceFolder/folder0/folder1/test-file-4b004418-a2a8-4de7-b67a-5aca7dbe94b9",
      "RequestMethod": "HEAD",
      "RequestHeaders": {
        "Accept": "application/xml",
        "Authorization": "Sanitized",
        "traceparent": "00-8ff9b771177f0c05ba9a03d611b66e52-2705ef41ad7c40ac-00",
        "User-Agent": "azsdk-net-Storage.Files.Shares/12.23.0-alpha.20250515.1 (.NET 8.0.16; Microsoft Windows 10.0.26100)",
        "x-ms-client-request-id": "Sanitized",
        "x-ms-date": "Thu, 15 May 2025 21:36:31 GMT",
        "x-ms-return-client-request-id": "true",
        "x-ms-version": "2025-07-05"
      },
      "RequestBody": null,
      "StatusCode": 200,
      "ResponseHeaders": {
        "Content-Length": "1024",
        "Content-Type": "application/octet-stream",
        "Date": "Thu, 15 May 2025 21:36:30 GMT",
        "ETag": "\"0x8DD93F88D7C16F5\"",
        "Last-Modified": "Thu, 15 May 2025 21:36:29 GMT",
        "Server": [
          "Windows-Azure-File/1.0",
          "Microsoft-HTTPAPI/2.0"
        ],
        "x-ms-client-request-id": "Sanitized",
        "x-ms-file-attributes": "Archive",
        "x-ms-file-change-time": "2025-05-15T21:36:29.1370741Z",
        "x-ms-file-creation-time": "2025-05-15T21:36:29.1370741Z",
        "x-ms-file-id": "14988049928633188352",
        "x-ms-file-last-write-time": "2025-05-15T21:36:29.1370741Z",
        "x-ms-file-parent-id": "10376363910205800448",
        "x-ms-file-permission-key": "12626496306092130501*547956186189310027",
        "x-ms-lease-state": "available",
        "x-ms-lease-status": "unlocked",
        "x-ms-request-id": "e99a8171-e01a-0030-7ce1-c51e7b000000",
        "x-ms-server-encrypted": "true",
        "x-ms-type": "File",
        "x-ms-version": "2025-07-05"
      },
      "ResponseBody": null
    },
    {
      "RequestUri": "https://amandapreprod.blob.core.windows.net/test-container-9e8ba417-0173-d903-623f-fe6b7e13fb70/destFolder/folder0/folder1/test-file-4b004418-a2a8-4de7-b67a-5aca7dbe94b9",
      "RequestMethod": "HEAD",
      "RequestHeaders": {
        "Accept": "application/xml",
        "Authorization": "Sanitized",
        "traceparent": "00-6a02ed3aa6a7c1e3e03208128499c26c-d215a7c122eb2c02-00",
        "User-Agent": "azsdk-net-Storage.Blobs/12.25.0-alpha.20250515.1 (.NET 8.0.16; Microsoft Windows 10.0.26100)",
        "x-ms-client-request-id": "Sanitized",
        "x-ms-date": "Thu, 15 May 2025 21:36:31 GMT",
        "x-ms-return-client-request-id": "true",
        "x-ms-version": "2025-07-05"
      },
      "RequestBody": null,
      "StatusCode": 200,
      "ResponseHeaders": {
        "Accept-Ranges": "bytes",
        "Content-Length": "1024",
        "Content-Type": "application/octet-stream",
        "Date": "Thu, 15 May 2025 21:36:30 GMT",
        "ETag": "\"0x8DD93F88DE7A311\"",
        "Last-Modified": "Thu, 15 May 2025 21:36:29 GMT",
        "Server": [
          "Windows-Azure-Blob/1.0",
          "Microsoft-HTTPAPI/2.0"
        ],
        "x-ms-blob-committed-block-count": "1",
        "x-ms-blob-type": "AppendBlob",
        "x-ms-client-request-id": "Sanitized",
        "x-ms-creation-time": "Thu, 15 May 2025 21:36:29 GMT",
        "x-ms-lease-state": "available",
        "x-ms-lease-status": "unlocked",
        "x-ms-request-id": "74027fb1-301e-000c-0be1-c537bc000000",
        "x-ms-server-encrypted": "true",
        "x-ms-version": "2025-07-05"
      },
      "ResponseBody": null
    },
    {
      "RequestUri": "https://amandapreprod.file.core.windows.net/test-share-872c65dd-3682-9265-51af-baa5e4d50509/sourceFolder/folder0/folder1/test-file-4b004418-a2a8-4de7-b67a-5aca7dbe94b9",
      "RequestMethod": "GET",
      "RequestHeaders": {
        "Accept": "application/xml",
        "Authorization": "Sanitized",
        "User-Agent": "azsdk-net-Storage.Files.Shares/12.23.0-alpha.20250515.1 (.NET 8.0.16; Microsoft Windows 10.0.26100)",
        "x-ms-client-request-id": "Sanitized",
        "x-ms-date": "Thu, 15 May 2025 21:36:31 GMT",
        "x-ms-range": "bytes=0-1023",
        "x-ms-return-client-request-id": "true",
        "x-ms-version": "2025-07-05"
      },
      "RequestBody": null,
      "StatusCode": 206,
      "ResponseHeaders": {
        "Accept-Ranges": "bytes",
        "Content-Length": "1024",
        "Content-Range": "bytes 0-1023/1024",
        "Content-Type": "application/octet-stream",
        "Date": "Thu, 15 May 2025 21:36:30 GMT",
        "ETag": "\"0x8DD93F88D7C16F5\"",
        "Last-Modified": "Thu, 15 May 2025 21:36:29 GMT",
        "Server": [
          "Windows-Azure-File/1.0",
          "Microsoft-HTTPAPI/2.0"
        ],
        "x-ms-client-request-id": "Sanitized",
        "x-ms-file-attributes": "Archive",
        "x-ms-file-change-time": "2025-05-15T21:36:29.1370741Z",
        "x-ms-file-creation-time": "2025-05-15T21:36:29.1370741Z",
        "x-ms-file-id": "14988049928633188352",
        "x-ms-file-last-write-time": "2025-05-15T21:36:29.1370741Z",
        "x-ms-file-parent-id": "10376363910205800448",
        "x-ms-file-permission-key": "12626496306092130501*547956186189310027",
        "x-ms-lease-state": "available",
        "x-ms-lease-status": "unlocked",
        "x-ms-request-id": "e99a8175-e01a-0030-7ee1-c51e7b000000",
        "x-ms-server-encrypted": "true",
        "x-ms-type": "File",
        "x-ms-version": "2025-07-05"
      },
      "ResponseBody": "AAAAAAAAAAAAAAAAAAAAAAAAAAAAAAAAAAAAAAAAAAAAAAAAAAAAAAAAAAAAAAAAAAAAAAAAAAAAAAAAAAAAAAAAAAAAAAAAAAAAAAAAAAAAAAAAAAAAAAAAAAAAAAAAAAAAAAAAAAAAAAAAAAAAAAAAAAAAAAAAAAAAAAAAAAAAAAAAAAAAAAAAAAAAAAAAAAAAAAAAAAAAAAAAAAAAAAAAAAAAAAAAAAAAAAAAAAAAAAAAAAAAAAAAAAAAAAAAAAAAAAAAAAAAAAAAAAAAAAAAAAAAAAAAAAAAAAAAAAAAAAAAAAAAAAAAAAAAAAAAAAAAAAAAAAAAAAAAAAAAAAAAAAAAAAAAAAAAAAAAAAAAAAAAAAAAAAAAAAAAAAAAAAAAAAAAAAAAAAAAAAAAAAAAAAAAAAAAAAAAAAAAAAAAAAAAAAAAAAAAAAAAAAAAAAAAAAAAAAAAAAAAAAAAAAAAAAAAAAAAAAAAAAAAAAAAAAAAAAAAAAAAAAAAAAAAAAAAAAAAAAAAAAAAAAAAAAAAAAAAAAAAAAAAAAAAAAAAAAAAAAAAAAAAAAAAAAAAAAAAAAAAAAAAAAAAAAAAAAAAAAAAAAAAAAAAAAAAAAAAAAAAAAAAAAAAAAAAAAAAAAAAAAAAAAAAAAAAAAAAAAAAAAAAAAAAAAAAAAAAAAAAAAAAAAAAAAAAAAAAAAAAAAAAAAAAAAAAAAAAAAAAAAAAAAAAAAAAAAAAAAAAAAAAAAAAAAAAAAAAAAAAAAAAAAAAAAAAAAAAAAAAAAAAAAAAAAAAAAAAAAAAAAAAAAAAAAAAAAAAAAAAAAAAAAAAAAAAAAAAAAAAAAAAAAAAAAAAAAAAAAAAAAAAAAAAAAAAAAAAAAAAAAAAAAAAAAAAAAAAAAAAAAAAAAAAAAAAAAAAAAAAAAAAAAAAAAAAAAAAAAAAAAAAAAAAAAAAAAAAAAAAAAAAAAAAAAAAAAAAAAAAAAAAAAAAAAAAAAAAAAAAAAAAAAAAAAAAAAAAAAAAAAAAAAAAAAAAAAAAAAAAAAAAAAAAAAAAAAAAAAAAAAAAAAAAAAAAAAAAAAAAAAAAAAAAAAAAAAAAAAAAAAAAAAAAAAAAAAAAAAAAAAAAAAAAAAAAAAAAAAAAAAAAAAAAAAAAAAAAAAAAAAAAAAAAAAAAAAAAAAAAAAAAAAAAAAAAAAAAAAAAAAAAAAAAAAAAAAAAAAAAAAAAAAAAAAAAAAAAAAAAAAAAAAAAAAAAAAAAAAAAAAAAAAAAAAAAAAAAAAAAAAAAAAAAAAAAAAAAAAAAAAAAAAAAAAAAAAAAAAAAAAAAAAAAAAAAAAAAAAAAAAAAAAAAAAAAAAAAAAAAAA=="
    },
    {
      "RequestUri": "https://amandapreprod.blob.core.windows.net/test-container-9e8ba417-0173-d903-623f-fe6b7e13fb70/destFolder/folder0/folder1/test-file-4b004418-a2a8-4de7-b67a-5aca7dbe94b9",
      "RequestMethod": "GET",
      "RequestHeaders": {
        "Accept": "application/xml",
        "Authorization": "Sanitized",
        "If-Match": "\"0x8DD93F88DE7A311\"",
        "User-Agent": "azsdk-net-Storage.Blobs/12.25.0-alpha.20250515.1 (.NET 8.0.16; Microsoft Windows 10.0.26100)",
        "x-ms-client-request-id": "Sanitized",
        "x-ms-date": "Thu, 15 May 2025 21:36:31 GMT",
        "x-ms-range": "bytes=0-1023",
        "x-ms-return-client-request-id": "true",
        "x-ms-version": "2025-07-05"
      },
      "RequestBody": null,
      "StatusCode": 206,
      "ResponseHeaders": {
        "Accept-Ranges": "bytes",
        "Content-Length": "1024",
        "Content-Range": "bytes 0-1023/1024",
        "Content-Type": "application/octet-stream",
        "Date": "Thu, 15 May 2025 21:36:30 GMT",
        "ETag": "\"0x8DD93F88DE7A311\"",
        "Last-Modified": "Thu, 15 May 2025 21:36:29 GMT",
        "Server": [
          "Windows-Azure-Blob/1.0",
          "Microsoft-HTTPAPI/2.0"
        ],
        "x-ms-blob-committed-block-count": "1",
        "x-ms-blob-type": "AppendBlob",
        "x-ms-client-request-id": "Sanitized",
        "x-ms-creation-time": "Thu, 15 May 2025 21:36:29 GMT",
        "x-ms-lease-state": "available",
        "x-ms-lease-status": "unlocked",
        "x-ms-request-id": "74027ff5-301e-000c-3be1-c537bc000000",
        "x-ms-server-encrypted": "true",
        "x-ms-version": "2025-07-05"
      },
      "ResponseBody": "AAAAAAAAAAAAAAAAAAAAAAAAAAAAAAAAAAAAAAAAAAAAAAAAAAAAAAAAAAAAAAAAAAAAAAAAAAAAAAAAAAAAAAAAAAAAAAAAAAAAAAAAAAAAAAAAAAAAAAAAAAAAAAAAAAAAAAAAAAAAAAAAAAAAAAAAAAAAAAAAAAAAAAAAAAAAAAAAAAAAAAAAAAAAAAAAAAAAAAAAAAAAAAAAAAAAAAAAAAAAAAAAAAAAAAAAAAAAAAAAAAAAAAAAAAAAAAAAAAAAAAAAAAAAAAAAAAAAAAAAAAAAAAAAAAAAAAAAAAAAAAAAAAAAAAAAAAAAAAAAAAAAAAAAAAAAAAAAAAAAAAAAAAAAAAAAAAAAAAAAAAAAAAAAAAAAAAAAAAAAAAAAAAAAAAAAAAAAAAAAAAAAAAAAAAAAAAAAAAAAAAAAAAAAAAAAAAAAAAAAAAAAAAAAAAAAAAAAAAAAAAAAAAAAAAAAAAAAAAAAAAAAAAAAAAAAAAAAAAAAAAAAAAAAAAAAAAAAAAAAAAAAAAAAAAAAAAAAAAAAAAAAAAAAAAAAAAAAAAAAAAAAAAAAAAAAAAAAAAAAAAAAAAAAAAAAAAAAAAAAAAAAAAAAAAAAAAAAAAAAAAAAAAAAAAAAAAAAAAAAAAAAAAAAAAAAAAAAAAAAAAAAAAAAAAAAAAAAAAAAAAAAAAAAAAAAAAAAAAAAAAAAAAAAAAAAAAAAAAAAAAAAAAAAAAAAAAAAAAAAAAAAAAAAAAAAAAAAAAAAAAAAAAAAAAAAAAAAAAAAAAAAAAAAAAAAAAAAAAAAAAAAAAAAAAAAAAAAAAAAAAAAAAAAAAAAAAAAAAAAAAAAAAAAAAAAAAAAAAAAAAAAAAAAAAAAAAAAAAAAAAAAAAAAAAAAAAAAAAAAAAAAAAAAAAAAAAAAAAAAAAAAAAAAAAAAAAAAAAAAAAAAAAAAAAAAAAAAAAAAAAAAAAAAAAAAAAAAAAAAAAAAAAAAAAAAAAAAAAAAAAAAAAAAAAAAAAAAAAAAAAAAAAAAAAAAAAAAAAAAAAAAAAAAAAAAAAAAAAAAAAAAAAAAAAAAAAAAAAAAAAAAAAAAAAAAAAAAAAAAAAAAAAAAAAAAAAAAAAAAAAAAAAAAAAAAAAAAAAAAAAAAAAAAAAAAAAAAAAAAAAAAAAAAAAAAAAAAAAAAAAAAAAAAAAAAAAAAAAAAAAAAAAAAAAAAAAAAAAAAAAAAAAAAAAAAAAAAAAAAAAAAAAAAAAAAAAAAAAAAAAAAAAAAAAAAAAAAAAAAAAAAAAAAAAAAAAAAAAAAAAAAAAAAAAAAAAAAAAAAAAAAAAAAAAAAAAAAAAAAAAAAAAAAAAAAAAAAAAAAAAAAAA=="
    },
    {
      "RequestUri": "https://amandapreprod.file.core.windows.net/test-share-872c65dd-3682-9265-51af-baa5e4d50509/sourceFolder/folder0/test-file-fa59eb50-891a-7c16-b70d-84f1bb449378",
      "RequestMethod": "HEAD",
      "RequestHeaders": {
        "Accept": "application/xml",
        "Authorization": "Sanitized",
        "traceparent": "00-ab37ef52541de372e87f63993abdcbbd-64feda01ef989bad-00",
        "User-Agent": "azsdk-net-Storage.Files.Shares/12.23.0-alpha.20250515.1 (.NET 8.0.16; Microsoft Windows 10.0.26100)",
        "x-ms-client-request-id": "Sanitized",
        "x-ms-date": "Thu, 15 May 2025 21:36:31 GMT",
        "x-ms-return-client-request-id": "true",
        "x-ms-version": "2025-07-05"
      },
      "RequestBody": null,
      "StatusCode": 200,
      "ResponseHeaders": {
        "Content-Length": "1024",
        "Content-Type": "application/octet-stream",
        "Date": "Thu, 15 May 2025 21:36:30 GMT",
        "ETag": "\"0x8DD93F88D6AEC2E\"",
        "Last-Modified": "Thu, 15 May 2025 21:36:29 GMT",
        "Server": [
          "Windows-Azure-File/1.0",
          "Microsoft-HTTPAPI/2.0"
        ],
        "x-ms-client-request-id": "Sanitized",
        "x-ms-file-attributes": "Archive",
        "x-ms-file-change-time": "2025-05-15T21:36:29.0245678Z",
        "x-ms-file-creation-time": "2025-05-15T21:36:29.0245678Z",
        "x-ms-file-id": "16140971433240035328",
        "x-ms-file-last-write-time": "2025-05-15T21:36:29.0245678Z",
        "x-ms-file-parent-id": "11529285414812647424",
        "x-ms-file-permission-key": "12626496306092130501*547956186189310027",
        "x-ms-lease-state": "available",
        "x-ms-lease-status": "unlocked",
        "x-ms-request-id": "e99a8178-e01a-0030-80e1-c51e7b000000",
        "x-ms-server-encrypted": "true",
        "x-ms-type": "File",
        "x-ms-version": "2025-07-05"
      },
      "ResponseBody": null
    },
    {
      "RequestUri": "https://amandapreprod.blob.core.windows.net/test-container-9e8ba417-0173-d903-623f-fe6b7e13fb70/destFolder/folder0/test-file-fa59eb50-891a-7c16-b70d-84f1bb449378",
      "RequestMethod": "HEAD",
      "RequestHeaders": {
        "Accept": "application/xml",
        "Authorization": "Sanitized",
        "traceparent": "00-f20f7c623d3557c559d5a763353f1c5f-245a9d5655754e70-00",
        "User-Agent": "azsdk-net-Storage.Blobs/12.25.0-alpha.20250515.1 (.NET 8.0.16; Microsoft Windows 10.0.26100)",
        "x-ms-client-request-id": "Sanitized",
        "x-ms-date": "Thu, 15 May 2025 21:36:31 GMT",
        "x-ms-return-client-request-id": "true",
        "x-ms-version": "2025-07-05"
      },
      "RequestBody": null,
      "StatusCode": 200,
      "ResponseHeaders": {
        "Accept-Ranges": "bytes",
        "Content-Length": "1024",
        "Content-Type": "application/octet-stream",
        "Date": "Thu, 15 May 2025 21:36:30 GMT",
        "ETag": "\"0x8DD93F88DDD00B2\"",
        "Last-Modified": "Thu, 15 May 2025 21:36:29 GMT",
        "Server": [
          "Windows-Azure-Blob/1.0",
          "Microsoft-HTTPAPI/2.0"
        ],
        "x-ms-blob-committed-block-count": "1",
        "x-ms-blob-type": "AppendBlob",
        "x-ms-client-request-id": "Sanitized",
        "x-ms-creation-time": "Thu, 15 May 2025 21:36:29 GMT",
        "x-ms-lease-state": "available",
        "x-ms-lease-status": "unlocked",
        "x-ms-request-id": "74028040-301e-000c-71e1-c537bc000000",
        "x-ms-server-encrypted": "true",
        "x-ms-version": "2025-07-05"
      },
      "ResponseBody": null
    },
    {
      "RequestUri": "https://amandapreprod.file.core.windows.net/test-share-872c65dd-3682-9265-51af-baa5e4d50509/sourceFolder/folder0/test-file-fa59eb50-891a-7c16-b70d-84f1bb449378",
      "RequestMethod": "GET",
      "RequestHeaders": {
        "Accept": "application/xml",
        "Authorization": "Sanitized",
        "User-Agent": "azsdk-net-Storage.Files.Shares/12.23.0-alpha.20250515.1 (.NET 8.0.16; Microsoft Windows 10.0.26100)",
        "x-ms-client-request-id": "Sanitized",
        "x-ms-date": "Thu, 15 May 2025 21:36:31 GMT",
        "x-ms-range": "bytes=0-1023",
        "x-ms-return-client-request-id": "true",
        "x-ms-version": "2025-07-05"
      },
      "RequestBody": null,
      "StatusCode": 206,
      "ResponseHeaders": {
        "Accept-Ranges": "bytes",
        "Content-Length": "1024",
        "Content-Range": "bytes 0-1023/1024",
        "Content-Type": "application/octet-stream",
        "Date": "Thu, 15 May 2025 21:36:30 GMT",
        "ETag": "\"0x8DD93F88D6AEC2E\"",
        "Last-Modified": "Thu, 15 May 2025 21:36:29 GMT",
        "Server": [
          "Windows-Azure-File/1.0",
          "Microsoft-HTTPAPI/2.0"
        ],
        "x-ms-client-request-id": "Sanitized",
        "x-ms-file-attributes": "Archive",
        "x-ms-file-change-time": "2025-05-15T21:36:29.0245678Z",
        "x-ms-file-creation-time": "2025-05-15T21:36:29.0245678Z",
        "x-ms-file-id": "16140971433240035328",
        "x-ms-file-last-write-time": "2025-05-15T21:36:29.0245678Z",
        "x-ms-file-parent-id": "11529285414812647424",
        "x-ms-file-permission-key": "12626496306092130501*547956186189310027",
        "x-ms-lease-state": "available",
        "x-ms-lease-status": "unlocked",
        "x-ms-request-id": "e99a817c-e01a-0030-03e1-c51e7b000000",
        "x-ms-server-encrypted": "true",
        "x-ms-type": "File",
        "x-ms-version": "2025-07-05"
      },
      "ResponseBody": "AAAAAAAAAAAAAAAAAAAAAAAAAAAAAAAAAAAAAAAAAAAAAAAAAAAAAAAAAAAAAAAAAAAAAAAAAAAAAAAAAAAAAAAAAAAAAAAAAAAAAAAAAAAAAAAAAAAAAAAAAAAAAAAAAAAAAAAAAAAAAAAAAAAAAAAAAAAAAAAAAAAAAAAAAAAAAAAAAAAAAAAAAAAAAAAAAAAAAAAAAAAAAAAAAAAAAAAAAAAAAAAAAAAAAAAAAAAAAAAAAAAAAAAAAAAAAAAAAAAAAAAAAAAAAAAAAAAAAAAAAAAAAAAAAAAAAAAAAAAAAAAAAAAAAAAAAAAAAAAAAAAAAAAAAAAAAAAAAAAAAAAAAAAAAAAAAAAAAAAAAAAAAAAAAAAAAAAAAAAAAAAAAAAAAAAAAAAAAAAAAAAAAAAAAAAAAAAAAAAAAAAAAAAAAAAAAAAAAAAAAAAAAAAAAAAAAAAAAAAAAAAAAAAAAAAAAAAAAAAAAAAAAAAAAAAAAAAAAAAAAAAAAAAAAAAAAAAAAAAAAAAAAAAAAAAAAAAAAAAAAAAAAAAAAAAAAAAAAAAAAAAAAAAAAAAAAAAAAAAAAAAAAAAAAAAAAAAAAAAAAAAAAAAAAAAAAAAAAAAAAAAAAAAAAAAAAAAAAAAAAAAAAAAAAAAAAAAAAAAAAAAAAAAAAAAAAAAAAAAAAAAAAAAAAAAAAAAAAAAAAAAAAAAAAAAAAAAAAAAAAAAAAAAAAAAAAAAAAAAAAAAAAAAAAAAAAAAAAAAAAAAAAAAAAAAAAAAAAAAAAAAAAAAAAAAAAAAAAAAAAAAAAAAAAAAAAAAAAAAAAAAAAAAAAAAAAAAAAAAAAAAAAAAAAAAAAAAAAAAAAAAAAAAAAAAAAAAAAAAAAAAAAAAAAAAAAAAAAAAAAAAAAAAAAAAAAAAAAAAAAAAAAAAAAAAAAAAAAAAAAAAAAAAAAAAAAAAAAAAAAAAAAAAAAAAAAAAAAAAAAAAAAAAAAAAAAAAAAAAAAAAAAAAAAAAAAAAAAAAAAAAAAAAAAAAAAAAAAAAAAAAAAAAAAAAAAAAAAAAAAAAAAAAAAAAAAAAAAAAAAAAAAAAAAAAAAAAAAAAAAAAAAAAAAAAAAAAAAAAAAAAAAAAAAAAAAAAAAAAAAAAAAAAAAAAAAAAAAAAAAAAAAAAAAAAAAAAAAAAAAAAAAAAAAAAAAAAAAAAAAAAAAAAAAAAAAAAAAAAAAAAAAAAAAAAAAAAAAAAAAAAAAAAAAAAAAAAAAAAAAAAAAAAAAAAAAAAAAAAAAAAAAAAAAAAAAAAAAAAAAAAAAAAAAAAAAAAAAAAAAAAAAAAAAAAAAAAAAAAAAAAAAAAAAAAAAAAAAAAAAAAAAA=="
    },
    {
      "RequestUri": "https://amandapreprod.blob.core.windows.net/test-container-9e8ba417-0173-d903-623f-fe6b7e13fb70/destFolder/folder0/test-file-fa59eb50-891a-7c16-b70d-84f1bb449378",
      "RequestMethod": "GET",
      "RequestHeaders": {
        "Accept": "application/xml",
        "Authorization": "Sanitized",
        "If-Match": "\"0x8DD93F88DDD00B2\"",
        "User-Agent": "azsdk-net-Storage.Blobs/12.25.0-alpha.20250515.1 (.NET 8.0.16; Microsoft Windows 10.0.26100)",
        "x-ms-client-request-id": "Sanitized",
        "x-ms-date": "Thu, 15 May 2025 21:36:32 GMT",
        "x-ms-range": "bytes=0-1023",
        "x-ms-return-client-request-id": "true",
        "x-ms-version": "2025-07-05"
      },
      "RequestBody": null,
      "StatusCode": 206,
      "ResponseHeaders": {
        "Accept-Ranges": "bytes",
        "Content-Length": "1024",
        "Content-Range": "bytes 0-1023/1024",
        "Content-Type": "application/octet-stream",
        "Date": "Thu, 15 May 2025 21:36:30 GMT",
        "ETag": "\"0x8DD93F88DDD00B2\"",
        "Last-Modified": "Thu, 15 May 2025 21:36:29 GMT",
        "Server": [
          "Windows-Azure-Blob/1.0",
          "Microsoft-HTTPAPI/2.0"
        ],
        "x-ms-blob-committed-block-count": "1",
        "x-ms-blob-type": "AppendBlob",
        "x-ms-client-request-id": "Sanitized",
        "x-ms-creation-time": "Thu, 15 May 2025 21:36:29 GMT",
        "x-ms-lease-state": "available",
        "x-ms-lease-status": "unlocked",
        "x-ms-request-id": "740280a7-301e-000c-32e1-c537bc000000",
        "x-ms-server-encrypted": "true",
        "x-ms-version": "2025-07-05"
      },
      "ResponseBody": "AAAAAAAAAAAAAAAAAAAAAAAAAAAAAAAAAAAAAAAAAAAAAAAAAAAAAAAAAAAAAAAAAAAAAAAAAAAAAAAAAAAAAAAAAAAAAAAAAAAAAAAAAAAAAAAAAAAAAAAAAAAAAAAAAAAAAAAAAAAAAAAAAAAAAAAAAAAAAAAAAAAAAAAAAAAAAAAAAAAAAAAAAAAAAAAAAAAAAAAAAAAAAAAAAAAAAAAAAAAAAAAAAAAAAAAAAAAAAAAAAAAAAAAAAAAAAAAAAAAAAAAAAAAAAAAAAAAAAAAAAAAAAAAAAAAAAAAAAAAAAAAAAAAAAAAAAAAAAAAAAAAAAAAAAAAAAAAAAAAAAAAAAAAAAAAAAAAAAAAAAAAAAAAAAAAAAAAAAAAAAAAAAAAAAAAAAAAAAAAAAAAAAAAAAAAAAAAAAAAAAAAAAAAAAAAAAAAAAAAAAAAAAAAAAAAAAAAAAAAAAAAAAAAAAAAAAAAAAAAAAAAAAAAAAAAAAAAAAAAAAAAAAAAAAAAAAAAAAAAAAAAAAAAAAAAAAAAAAAAAAAAAAAAAAAAAAAAAAAAAAAAAAAAAAAAAAAAAAAAAAAAAAAAAAAAAAAAAAAAAAAAAAAAAAAAAAAAAAAAAAAAAAAAAAAAAAAAAAAAAAAAAAAAAAAAAAAAAAAAAAAAAAAAAAAAAAAAAAAAAAAAAAAAAAAAAAAAAAAAAAAAAAAAAAAAAAAAAAAAAAAAAAAAAAAAAAAAAAAAAAAAAAAAAAAAAAAAAAAAAAAAAAAAAAAAAAAAAAAAAAAAAAAAAAAAAAAAAAAAAAAAAAAAAAAAAAAAAAAAAAAAAAAAAAAAAAAAAAAAAAAAAAAAAAAAAAAAAAAAAAAAAAAAAAAAAAAAAAAAAAAAAAAAAAAAAAAAAAAAAAAAAAAAAAAAAAAAAAAAAAAAAAAAAAAAAAAAAAAAAAAAAAAAAAAAAAAAAAAAAAAAAAAAAAAAAAAAAAAAAAAAAAAAAAAAAAAAAAAAAAAAAAAAAAAAAAAAAAAAAAAAAAAAAAAAAAAAAAAAAAAAAAAAAAAAAAAAAAAAAAAAAAAAAAAAAAAAAAAAAAAAAAAAAAAAAAAAAAAAAAAAAAAAAAAAAAAAAAAAAAAAAAAAAAAAAAAAAAAAAAAAAAAAAAAAAAAAAAAAAAAAAAAAAAAAAAAAAAAAAAAAAAAAAAAAAAAAAAAAAAAAAAAAAAAAAAAAAAAAAAAAAAAAAAAAAAAAAAAAAAAAAAAAAAAAAAAAAAAAAAAAAAAAAAAAAAAAAAAAAAAAAAAAAAAAAAAAAAAAAAAAAAAAAAAAAAAAAAAAAAAAAAAAAAAAAAAAAAAAAAAAAAAAAAAAAAAAAAAAAAAAAAA=="
    },
    {
      "RequestUri": "https://amandapreprod.blob.core.windows.net/test-container-9e8ba417-0173-d903-623f-fe6b7e13fb70?restype=container",
      "RequestMethod": "DELETE",
      "RequestHeaders": {
        "Accept": "application/xml",
        "Authorization": "Sanitized",
        "traceparent": "00-01c209dc1f5df395f70ef67f82e654fc-2d95acc5ec5ff19d-00",
        "User-Agent": "azsdk-net-Storage.Blobs/12.25.0-alpha.20250515.1 (.NET 8.0.16; Microsoft Windows 10.0.26100)",
        "x-ms-client-request-id": "Sanitized",
        "x-ms-date": "Thu, 15 May 2025 21:36:32 GMT",
        "x-ms-return-client-request-id": "true",
        "x-ms-version": "2025-07-05"
      },
      "RequestBody": null,
      "StatusCode": 202,
      "ResponseHeaders": {
        "Content-Length": "0",
        "Date": "Thu, 15 May 2025 21:36:30 GMT",
        "Server": [
          "Windows-Azure-Blob/1.0",
          "Microsoft-HTTPAPI/2.0"
        ],
        "x-ms-client-request-id": "Sanitized",
        "x-ms-request-id": "740280ca-301e-000c-4ce1-c537bc000000",
        "x-ms-version": "2025-07-05"
      },
      "ResponseBody": null
    },
    {
      "RequestUri": "https://amandapreprod.file.core.windows.net/test-share-872c65dd-3682-9265-51af-baa5e4d50509?restype=share",
      "RequestMethod": "DELETE",
      "RequestHeaders": {
        "Accept": "application/xml",
        "Authorization": "Sanitized",
        "traceparent": "00-897c3ee695b3ce6da7fdaf89b0afb4bd-a99b38f9e7c1b714-00",
        "User-Agent": "azsdk-net-Storage.Files.Shares/12.23.0-alpha.20250515.1 (.NET 8.0.16; Microsoft Windows 10.0.26100)",
        "x-ms-client-request-id": "Sanitized",
        "x-ms-date": "Thu, 15 May 2025 21:36:32 GMT",
        "x-ms-delete-snapshots": "include",
        "x-ms-return-client-request-id": "true",
        "x-ms-version": "2025-07-05"
      },
      "RequestBody": null,
      "StatusCode": 202,
      "ResponseHeaders": {
        "Content-Length": "0",
        "Date": "Thu, 15 May 2025 21:36:30 GMT",
        "Server": [
          "Windows-Azure-File/1.0",
          "Microsoft-HTTPAPI/2.0"
        ],
        "x-ms-client-request-id": "Sanitized",
        "x-ms-request-id": "e99a8181-e01a-0030-07e1-c51e7b000000",
        "x-ms-version": "2025-07-05"
      },
      "ResponseBody": null
    }
  ],
  "Variables": {
    "DateTimeOffsetNow": "2025-05-15T14:36:30.1748446-07:00",
    "RandomSeed": "867071319",
    "Storage_TestConfigDefault": "ProductionTenant\namandapreprod\nU2FuaXRpemVk\nhttps://amandapreprod.blob.core.windows.net\nhttps://amandapreprod.file.core.windows.net\nhttps://amandapreprod.queue.core.windows.net\nhttps://amandapreprod.table.core.windows.net\n\n\n\n\nhttps://amandapreprod-secondary.blob.core.windows.net\nhttps://amandapreprod-secondary.file.core.windows.net\nhttps://amandapreprod-secondary.queue.core.windows.net\nhttps://amandapreprod-secondary.table.core.windows.net\nCloud\nBlobEndpoint=https://amandapreprod.blob.core.windows.net/;QueueEndpoint=https://amandapreprod.queue.core.windows.net/;FileEndpoint=https://amandapreprod.file.core.windows.net/;BlobSecondaryEndpoint=https://amandapreprod-secondary.blob.core.windows.net/;QueueSecondaryEndpoint=https://amandapreprod-secondary.queue.core.windows.net/;FileSecondaryEndpoint=https://amandapreprod-secondary.file.core.windows.net/;AccountName=amandapreprod;AccountKey=U2FuaXRpemVk\nencryptionScope\n\n"
  }
}
