{
  "Entries": [
    {
      "RequestUri": "https://nickliuproductionacc.file.core.windows.net/test-share-62b439aa-49d9-8fdd-da32-ddb9c930ec1d?restype=share",
      "RequestMethod": "PUT",
      "RequestHeaders": {
        "Accept": "application/xml",
        "Authorization": "Sanitized",
        "Content-Length": "0",
        "traceparent": "00-1add7d0cae0a6985a9acda44c5f13481-bfae2d9ed053fe18-00",
        "User-Agent": "azsdk-net-Storage.Files.Shares/12.24.0-alpha.20250716.1 (.NET 8.0.18; Microsoft Windows 10.0.26100)",
        "x-ms-client-request-id": "Sanitized",
        "x-ms-date": "Thu, 17 Jul 2025 01:43:04 GMT",
        "x-ms-return-client-request-id": "true",
        "x-ms-version": "2025-11-05"
      },
      "RequestBody": null,
      "StatusCode": 201,
      "ResponseHeaders": {
        "Content-Length": "0",
        "Date": "Thu, 17 Jul 2025 01:43:04 GMT",
        "ETag": "\"0x8DDC4D345C0FB32\"",
        "Last-Modified": "Thu, 17 Jul 2025 01:43:04 GMT",
        "Server": [
          "Windows-Azure-File/1.0",
          "Microsoft-HTTPAPI/2.0"
        ],
        "x-ms-client-request-id": "Sanitized",
        "x-ms-request-id": "dbc505b1-001a-0036-0bbc-f637aa000000",
        "x-ms-version": "2025-11-05"
      },
      "ResponseBody": null
    },
    {
      "RequestUri": "https://nickliuproductionacc.blob.core.windows.net/test-container-7bbc7df2-8062-9756-00e8-eed4bea8693b?restype=container",
      "RequestMethod": "PUT",
      "RequestHeaders": {
        "Accept": "application/xml",
        "Authorization": "Sanitized",
        "Content-Length": "0",
        "traceparent": "00-0dc71c16d456dc3c53366b1b92e780e1-e996434381b2e40f-00",
        "User-Agent": "azsdk-net-Storage.Blobs/12.26.0-alpha.20250716.1 (.NET 8.0.18; Microsoft Windows 10.0.26100)",
        "x-ms-client-request-id": "Sanitized",
        "x-ms-date": "Thu, 17 Jul 2025 01:43:04 GMT",
        "x-ms-return-client-request-id": "true",
        "x-ms-version": "2025-11-05"
      },
      "RequestBody": null,
      "StatusCode": 201,
      "ResponseHeaders": {
        "Content-Length": "0",
        "Date": "Thu, 17 Jul 2025 01:43:03 GMT",
        "ETag": "\"0x8DDC4D345C6AD55\"",
        "Last-Modified": "Thu, 17 Jul 2025 01:43:04 GMT",
        "Server": [
          "Windows-Azure-Blob/1.0",
          "Microsoft-HTTPAPI/2.0"
        ],
        "x-ms-client-request-id": "Sanitized",
        "x-ms-request-id": "372ca530-501e-0059-2bbc-f63d59000000",
        "x-ms-version": "2025-11-05"
      },
      "ResponseBody": null
    },
    {
      "RequestUri": "https://nickliuproductionacc.file.core.windows.net/test-share-62b439aa-49d9-8fdd-da32-ddb9c930ec1d/sourceFolder?restype=directory",
      "RequestMethod": "PUT",
      "RequestHeaders": {
        "Accept": "application/xml",
        "Authorization": "Sanitized",
        "Content-Length": "0",
        "traceparent": "00-5ccafa2c93cdd083804279f22955e223-5fc2f5d22bf049c1-00",
        "User-Agent": "azsdk-net-Storage.Files.Shares/12.24.0-alpha.20250716.1 (.NET 8.0.18; Microsoft Windows 10.0.26100)",
        "x-ms-client-request-id": "Sanitized",
        "x-ms-date": "Thu, 17 Jul 2025 01:43:04 GMT",
        "x-ms-return-client-request-id": "true",
        "x-ms-version": "2025-11-05"
      },
      "RequestBody": null,
      "StatusCode": 201,
      "ResponseHeaders": {
        "Content-Length": "0",
        "Date": "Thu, 17 Jul 2025 01:43:04 GMT",
        "ETag": "\"0x8DDC4D345CC0826\"",
        "Last-Modified": "Thu, 17 Jul 2025 01:43:04 GMT",
        "Server": [
          "Windows-Azure-File/1.0",
          "Microsoft-HTTPAPI/2.0"
        ],
        "x-ms-client-request-id": "Sanitized",
        "x-ms-file-attributes": "Directory",
        "x-ms-file-change-time": "2025-07-17T01:43:04.4621350Z",
        "x-ms-file-creation-time": "2025-07-17T01:43:04.4621350Z",
        "x-ms-file-id": "13835128424026341376",
        "x-ms-file-last-write-time": "2025-07-17T01:43:04.4621350Z",
        "x-ms-file-parent-id": "0",
        "x-ms-file-permission-key": "13252330444922611895*16083086822043778878",
        "x-ms-request-id": "dbc505b3-001a-0036-0cbc-f637aa000000",
        "x-ms-request-server-encrypted": "true",
        "x-ms-version": "2025-11-05"
      },
      "ResponseBody": null
    },
    {
      "RequestUri": "https://nickliuproductionacc.file.core.windows.net/test-share-62b439aa-49d9-8fdd-da32-ddb9c930ec1d/sourceFolder/test-file-bb6ffda0-993c-9569-a76b-d3715ef7fc7c",
      "RequestMethod": "PUT",
      "RequestHeaders": {
        "Accept": "application/xml",
        "Authorization": "Sanitized",
        "Content-Length": "0",
        "traceparent": "00-1b83a5c17dba30f34c12cd464367c386-e1e80bf030e71cf2-00",
        "User-Agent": "azsdk-net-Storage.Files.Shares/12.24.0-alpha.20250716.1 (.NET 8.0.18; Microsoft Windows 10.0.26100)",
        "x-ms-client-request-id": "Sanitized",
        "x-ms-content-length": "1024",
        "x-ms-date": "Thu, 17 Jul 2025 01:43:04 GMT",
        "x-ms-return-client-request-id": "true",
        "x-ms-type": "file",
        "x-ms-version": "2025-11-05"
      },
      "RequestBody": null,
      "StatusCode": 201,
      "ResponseHeaders": {
        "Content-Length": "0",
        "Date": "Thu, 17 Jul 2025 01:43:04 GMT",
        "ETag": "\"0x8DDC4D345CFAD95\"",
        "Last-Modified": "Thu, 17 Jul 2025 01:43:04 GMT",
        "Server": [
          "Windows-Azure-File/1.0",
          "Microsoft-HTTPAPI/2.0"
        ],
        "x-ms-client-request-id": "Sanitized",
        "x-ms-file-attributes": "Archive",
        "x-ms-file-change-time": "2025-07-17T01:43:04.4860309Z",
        "x-ms-file-creation-time": "2025-07-17T01:43:04.4860309Z",
        "x-ms-file-id": "11529285414812647424",
        "x-ms-file-last-write-time": "2025-07-17T01:43:04.4860309Z",
        "x-ms-file-parent-id": "13835128424026341376",
        "x-ms-file-permission-key": "8616074386732128176*16083086822043778878",
        "x-ms-request-id": "dbc505b4-001a-0036-0dbc-f637aa000000",
        "x-ms-request-server-encrypted": "true",
        "x-ms-version": "2025-11-05"
      },
      "ResponseBody": null
    },
    {
      "RequestUri": "https://nickliuproductionacc.file.core.windows.net/test-share-62b439aa-49d9-8fdd-da32-ddb9c930ec1d/sourceFolder/test-file-65dd8a6a-3d4c-8453-cb03-064da4f20351",
      "RequestMethod": "PUT",
      "RequestHeaders": {
        "Accept": "application/xml",
        "Authorization": "Sanitized",
        "Content-Length": "0",
        "traceparent": "00-313417413d87d909ddcdbee0c3c8a54e-756338eb7caa2924-00",
        "User-Agent": "azsdk-net-Storage.Files.Shares/12.24.0-alpha.20250716.1 (.NET 8.0.18; Microsoft Windows 10.0.26100)",
        "x-ms-client-request-id": "Sanitized",
        "x-ms-content-length": "1024",
        "x-ms-date": "Thu, 17 Jul 2025 01:43:04 GMT",
        "x-ms-return-client-request-id": "true",
        "x-ms-type": "file",
        "x-ms-version": "2025-11-05"
      },
      "RequestBody": null,
      "StatusCode": 201,
      "ResponseHeaders": {
        "Content-Length": "0",
        "Date": "Thu, 17 Jul 2025 01:43:04 GMT",
        "ETag": "\"0x8DDC4D345D43C56\"",
        "Last-Modified": "Thu, 17 Jul 2025 01:43:04 GMT",
        "Server": [
          "Windows-Azure-File/1.0",
          "Microsoft-HTTPAPI/2.0"
        ],
        "x-ms-client-request-id": "Sanitized",
        "x-ms-file-attributes": "Archive",
        "x-ms-file-change-time": "2025-07-17T01:43:04.5158998Z",
        "x-ms-file-creation-time": "2025-07-17T01:43:04.5158998Z",
        "x-ms-file-id": "16140971433240035328",
        "x-ms-file-last-write-time": "2025-07-17T01:43:04.5158998Z",
        "x-ms-file-parent-id": "13835128424026341376",
        "x-ms-file-permission-key": "8616074386732128176*16083086822043778878",
        "x-ms-request-id": "dbc505b6-001a-0036-0fbc-f637aa000000",
        "x-ms-request-server-encrypted": "true",
        "x-ms-version": "2025-11-05"
      },
      "ResponseBody": null
    },
    {
      "RequestUri": "https://nickliuproductionacc.file.core.windows.net/test-share-62b439aa-49d9-8fdd-da32-ddb9c930ec1d/sourceFolder/bar?restype=directory",
      "RequestMethod": "PUT",
      "RequestHeaders": {
        "Accept": "application/xml",
        "Authorization": "Sanitized",
        "Content-Length": "0",
        "traceparent": "00-92f6aa0f2a4ee45c22e2a39c83077579-2f2d2c0c5b8a6893-00",
        "User-Agent": "azsdk-net-Storage.Files.Shares/12.24.0-alpha.20250716.1 (.NET 8.0.18; Microsoft Windows 10.0.26100)",
        "x-ms-client-request-id": "Sanitized",
        "x-ms-date": "Thu, 17 Jul 2025 01:43:04 GMT",
        "x-ms-return-client-request-id": "true",
        "x-ms-version": "2025-11-05"
      },
      "RequestBody": null,
      "StatusCode": 201,
      "ResponseHeaders": {
        "Content-Length": "0",
        "Date": "Thu, 17 Jul 2025 01:43:04 GMT",
        "ETag": "\"0x8DDC4D345D8CB13\"",
        "Last-Modified": "Thu, 17 Jul 2025 01:43:04 GMT",
        "Server": [
          "Windows-Azure-File/1.0",
          "Microsoft-HTTPAPI/2.0"
        ],
        "x-ms-client-request-id": "Sanitized",
        "x-ms-file-attributes": "Directory",
        "x-ms-file-change-time": "2025-07-17T01:43:04.5457683Z",
        "x-ms-file-creation-time": "2025-07-17T01:43:04.5457683Z",
        "x-ms-file-id": "10376363910205800448",
        "x-ms-file-last-write-time": "2025-07-17T01:43:04.5457683Z",
        "x-ms-file-parent-id": "13835128424026341376",
        "x-ms-file-permission-key": "13252330444922611895*16083086822043778878",
        "x-ms-request-id": "dbc505b9-001a-0036-12bc-f637aa000000",
        "x-ms-request-server-encrypted": "true",
        "x-ms-version": "2025-11-05"
      },
      "ResponseBody": null
    },
    {
      "RequestUri": "https://nickliuproductionacc.file.core.windows.net/test-share-62b439aa-49d9-8fdd-da32-ddb9c930ec1d/sourceFolder/bar/test-file-5b21a72e-aa18-c257-c9ae-b03bf4cb7aff",
      "RequestMethod": "PUT",
      "RequestHeaders": {
        "Accept": "application/xml",
        "Authorization": "Sanitized",
        "Content-Length": "0",
        "traceparent": "00-ccff37c7c19f0dacd800875d3330cb97-4f979d8334b1c060-00",
        "User-Agent": "azsdk-net-Storage.Files.Shares/12.24.0-alpha.20250716.1 (.NET 8.0.18; Microsoft Windows 10.0.26100)",
        "x-ms-client-request-id": "Sanitized",
        "x-ms-content-length": "1024",
        "x-ms-date": "Thu, 17 Jul 2025 01:43:04 GMT",
        "x-ms-return-client-request-id": "true",
        "x-ms-type": "file",
        "x-ms-version": "2025-11-05"
      },
      "RequestBody": null,
      "StatusCode": 201,
      "ResponseHeaders": {
        "Content-Length": "0",
        "Date": "Thu, 17 Jul 2025 01:43:04 GMT",
        "ETag": "\"0x8DDC4D345DD32E9\"",
        "Last-Modified": "Thu, 17 Jul 2025 01:43:04 GMT",
        "Server": [
          "Windows-Azure-File/1.0",
          "Microsoft-HTTPAPI/2.0"
        ],
        "x-ms-client-request-id": "Sanitized",
        "x-ms-file-attributes": "Archive",
        "x-ms-file-change-time": "2025-07-17T01:43:04.5746409Z",
        "x-ms-file-creation-time": "2025-07-17T01:43:04.5746409Z",
        "x-ms-file-id": "14988049928633188352",
        "x-ms-file-last-write-time": "2025-07-17T01:43:04.5746409Z",
        "x-ms-file-parent-id": "10376363910205800448",
        "x-ms-file-permission-key": "8616074386732128176*16083086822043778878",
        "x-ms-request-id": "dbc505bb-001a-0036-14bc-f637aa000000",
        "x-ms-request-server-encrypted": "true",
        "x-ms-version": "2025-11-05"
      },
      "ResponseBody": null
    },
    {
      "RequestUri": "https://nickliuproductionacc.file.core.windows.net/test-share-62b439aa-49d9-8fdd-da32-ddb9c930ec1d/sourceFolder/pik?restype=directory",
      "RequestMethod": "PUT",
      "RequestHeaders": {
        "Accept": "application/xml",
        "Authorization": "Sanitized",
        "Content-Length": "0",
        "traceparent": "00-0faed80b95636e608e748bfca7c8983f-84b6aa802dca4cc9-00",
        "User-Agent": "azsdk-net-Storage.Files.Shares/12.24.0-alpha.20250716.1 (.NET 8.0.18; Microsoft Windows 10.0.26100)",
        "x-ms-client-request-id": "Sanitized",
        "x-ms-date": "Thu, 17 Jul 2025 01:43:04 GMT",
        "x-ms-return-client-request-id": "true",
        "x-ms-version": "2025-11-05"
      },
      "RequestBody": null,
      "StatusCode": 201,
      "ResponseHeaders": {
        "Content-Length": "0",
        "Date": "Thu, 17 Jul 2025 01:43:04 GMT",
        "ETag": "\"0x8DDC4D345E1C1AE\"",
        "Last-Modified": "Thu, 17 Jul 2025 01:43:04 GMT",
        "Server": [
          "Windows-Azure-File/1.0",
          "Microsoft-HTTPAPI/2.0"
        ],
        "x-ms-client-request-id": "Sanitized",
        "x-ms-file-attributes": "Directory",
        "x-ms-file-change-time": "2025-07-17T01:43:04.6045102Z",
        "x-ms-file-creation-time": "2025-07-17T01:43:04.6045102Z",
        "x-ms-file-id": "12682206919419494400",
        "x-ms-file-last-write-time": "2025-07-17T01:43:04.6045102Z",
        "x-ms-file-parent-id": "13835128424026341376",
        "x-ms-file-permission-key": "13252330444922611895*16083086822043778878",
        "x-ms-request-id": "dbc505bd-001a-0036-16bc-f637aa000000",
        "x-ms-request-server-encrypted": "true",
        "x-ms-version": "2025-11-05"
      },
      "ResponseBody": null
    },
    {
      "RequestUri": "https://nickliuproductionacc.file.core.windows.net/test-share-62b439aa-49d9-8fdd-da32-ddb9c930ec1d/sourceFolder/pik/test-file-1e9642a8-1847-ec41-166b-5ff398cc5554",
      "RequestMethod": "PUT",
      "RequestHeaders": {
        "Accept": "application/xml",
        "Authorization": "Sanitized",
        "Content-Length": "0",
        "traceparent": "00-080469d6c6d93fab51f022783eca9d85-b2d7ff3bc131042d-00",
        "User-Agent": "azsdk-net-Storage.Files.Shares/12.24.0-alpha.20250716.1 (.NET 8.0.18; Microsoft Windows 10.0.26100)",
        "x-ms-client-request-id": "Sanitized",
        "x-ms-content-length": "1024",
        "x-ms-date": "Thu, 17 Jul 2025 01:43:04 GMT",
        "x-ms-return-client-request-id": "true",
        "x-ms-type": "file",
        "x-ms-version": "2025-11-05"
      },
      "RequestBody": null,
      "StatusCode": 201,
      "ResponseHeaders": {
        "Content-Length": "0",
        "Date": "Thu, 17 Jul 2025 01:43:04 GMT",
        "ETag": "\"0x8DDC4D345E4CB7E\"",
        "Last-Modified": "Thu, 17 Jul 2025 01:43:04 GMT",
        "Server": [
          "Windows-Azure-File/1.0",
          "Microsoft-HTTPAPI/2.0"
        ],
        "x-ms-client-request-id": "Sanitized",
        "x-ms-file-attributes": "Archive",
        "x-ms-file-change-time": "2025-07-17T01:43:04.6244222Z",
        "x-ms-file-creation-time": "2025-07-17T01:43:04.6244222Z",
        "x-ms-file-id": "17293892937846882304",
        "x-ms-file-last-write-time": "2025-07-17T01:43:04.6244222Z",
        "x-ms-file-parent-id": "12682206919419494400",
        "x-ms-file-permission-key": "8616074386732128176*16083086822043778878",
        "x-ms-request-id": "dbc505be-001a-0036-17bc-f637aa000000",
        "x-ms-request-server-encrypted": "true",
        "x-ms-version": "2025-11-05"
      },
      "ResponseBody": null
    },
    {
      "RequestUri": "https://nickliuproductionacc.file.core.windows.net/test-share-62b439aa-49d9-8fdd-da32-ddb9c930ec1d/sourceFolder?sv=Sanitized&se=2025-07-18T01%3A43%3A04Z&sr=s&sp=rcwdl&sig=Sanitized&restype=directory&comp=list",
      "RequestMethod": "GET",
      "RequestHeaders": {
        "Accept": "application/xml",
        "User-Agent": "azsdk-net-Storage.Files.Shares/12.24.0-alpha.20250716.1 (.NET 8.0.18; Microsoft Windows 10.0.26100)",
        "x-ms-client-request-id": "Sanitized",
        "x-ms-return-client-request-id": "true",
        "x-ms-version": "2025-11-05"
      },
      "RequestBody": null,
      "StatusCode": 200,
      "ResponseHeaders": {
        "Content-Type": "application/xml",
        "Date": "Thu, 17 Jul 2025 01:43:04 GMT",
        "Server": [
          "Windows-Azure-File/1.0",
          "Microsoft-HTTPAPI/2.0"
        ],
        "Transfer-Encoding": "chunked",
        "x-ms-client-request-id": "Sanitized",
        "x-ms-request-id": "dbc505c2-001a-0036-1bbc-f637aa000000",
        "x-ms-version": "2025-11-05"
      },
      "ResponseBody": "\uFEFF<?xml version=\"1.0\" encoding=\"utf-8\"?><EnumerationResults ServiceEndpoint=\"https://nickliuproductionacc.file.core.windows.net/\" ShareName=\"test-share-62b439aa-49d9-8fdd-da32-ddb9c930ec1d\" DirectoryPath=\"sourceFolder\"><DirectoryId>13835128424026341376</DirectoryId><Entries><Directory><Name>bar</Name><FileId>10376363910205800448</FileId><Properties /></Directory><Directory><Name>pik</Name><FileId>12682206919419494400</FileId><Properties /></Directory><File><Name>test-file-65dd8a6a-3d4c-8453-cb03-064da4f20351</Name><FileId>16140971433240035328</FileId><Properties><Content-Length>1024</Content-Length></Properties></File><File><Name>test-file-bb6ffda0-993c-9569-a76b-d3715ef7fc7c</Name><FileId>11529285414812647424</FileId><Properties><Content-Length>1024</Content-Length></Properties></File></Entries><NextMarker /></EnumerationResults>"
    },
    {
      "RequestUri": "https://nickliuproductionacc.file.core.windows.net/test-share-62b439aa-49d9-8fdd-da32-ddb9c930ec1d/sourceFolder/bar?sv=Sanitized&se=2025-07-18T01%3A43%3A04Z&sr=s&sp=rcwdl&sig=Sanitized&restype=directory",
      "RequestMethod": "GET",
      "RequestHeaders": {
        "Accept": "application/xml",
        "traceparent": "00-2a30e35abdd14533022948efe9cff20c-a6cfdd47e1aa29f8-00",
        "User-Agent": "azsdk-net-Storage.Files.Shares/12.24.0-alpha.20250716.1 (.NET 8.0.18; Microsoft Windows 10.0.26100)",
        "x-ms-client-request-id": "Sanitized",
        "x-ms-return-client-request-id": "true",
        "x-ms-version": "2025-11-05"
      },
      "RequestBody": null,
      "StatusCode": 200,
      "ResponseHeaders": {
        "Content-Length": "0",
        "Date": "Thu, 17 Jul 2025 01:43:04 GMT",
        "ETag": "\"0x8DDC4D345D8CB13\"",
        "Last-Modified": "Thu, 17 Jul 2025 01:43:04 GMT",
        "Server": [
          "Windows-Azure-File/1.0",
          "Microsoft-HTTPAPI/2.0"
        ],
        "x-ms-client-request-id": "Sanitized",
        "x-ms-file-attributes": "Directory",
        "x-ms-file-change-time": "2025-07-17T01:43:04.5457683Z",
        "x-ms-file-creation-time": "2025-07-17T01:43:04.5457683Z",
        "x-ms-file-id": "10376363910205800448",
        "x-ms-file-last-write-time": "2025-07-17T01:43:04.5457683Z",
        "x-ms-file-parent-id": "13835128424026341376",
        "x-ms-file-permission-key": "13252330444922611895*16083086822043778878",
        "x-ms-request-id": "dbc505c4-001a-0036-1dbc-f637aa000000",
        "x-ms-server-encrypted": "true",
        "x-ms-version": "2025-11-05"
      },
      "ResponseBody": null
    },
    {
      "RequestUri": "https://nickliuproductionacc.file.core.windows.net/test-share-62b439aa-49d9-8fdd-da32-ddb9c930ec1d/sourceFolder/pik?sv=Sanitized&se=2025-07-18T01%3A43%3A04Z&sr=s&sp=rcwdl&sig=Sanitized&restype=directory",
      "RequestMethod": "GET",
      "RequestHeaders": {
        "Accept": "application/xml",
        "traceparent": "00-abf72c8fc841f099107a786a5641d65b-38ac02e1bb42dcae-00",
        "User-Agent": "azsdk-net-Storage.Files.Shares/12.24.0-alpha.20250716.1 (.NET 8.0.18; Microsoft Windows 10.0.26100)",
        "x-ms-client-request-id": "Sanitized",
        "x-ms-return-client-request-id": "true",
        "x-ms-version": "2025-11-05"
      },
      "RequestBody": null,
      "StatusCode": 200,
      "ResponseHeaders": {
        "Content-Length": "0",
        "Date": "Thu, 17 Jul 2025 01:43:04 GMT",
        "ETag": "\"0x8DDC4D345E1C1AE\"",
        "Last-Modified": "Thu, 17 Jul 2025 01:43:04 GMT",
        "Server": [
          "Windows-Azure-File/1.0",
          "Microsoft-HTTPAPI/2.0"
        ],
        "x-ms-client-request-id": "Sanitized",
        "x-ms-file-attributes": "Directory",
        "x-ms-file-change-time": "2025-07-17T01:43:04.6045102Z",
        "x-ms-file-creation-time": "2025-07-17T01:43:04.6045102Z",
        "x-ms-file-id": "12682206919419494400",
        "x-ms-file-last-write-time": "2025-07-17T01:43:04.6045102Z",
        "x-ms-file-parent-id": "13835128424026341376",
        "x-ms-file-permission-key": "13252330444922611895*16083086822043778878",
        "x-ms-request-id": "dbc505c6-001a-0036-1fbc-f637aa000000",
        "x-ms-server-encrypted": "true",
        "x-ms-version": "2025-11-05"
      },
      "ResponseBody": null
    },
    {
      "RequestUri": "https://nickliuproductionacc.file.core.windows.net/test-share-62b439aa-49d9-8fdd-da32-ddb9c930ec1d/sourceFolder/bar?sv=Sanitized&se=2025-07-18T01%3A43%3A04Z&sr=s&sp=rcwdl&sig=Sanitized&restype=directory&comp=list",
      "RequestMethod": "GET",
      "RequestHeaders": {
        "Accept": "application/xml",
        "User-Agent": "azsdk-net-Storage.Files.Shares/12.24.0-alpha.20250716.1 (.NET 8.0.18; Microsoft Windows 10.0.26100)",
        "x-ms-client-request-id": "Sanitized",
        "x-ms-return-client-request-id": "true",
        "x-ms-version": "2025-11-05"
      },
      "RequestBody": null,
      "StatusCode": 200,
      "ResponseHeaders": {
        "Content-Type": "application/xml",
        "Date": "Thu, 17 Jul 2025 01:43:04 GMT",
        "Server": [
          "Windows-Azure-File/1.0",
          "Microsoft-HTTPAPI/2.0"
        ],
        "Transfer-Encoding": "chunked",
        "x-ms-client-request-id": "Sanitized",
        "x-ms-request-id": "dbc505c9-001a-0036-22bc-f637aa000000",
        "x-ms-version": "2025-11-05"
      },
      "ResponseBody": "\uFEFF<?xml version=\"1.0\" encoding=\"utf-8\"?><EnumerationResults ServiceEndpoint=\"https://nickliuproductionacc.file.core.windows.net/\" ShareName=\"test-share-62b439aa-49d9-8fdd-da32-ddb9c930ec1d\" DirectoryPath=\"sourceFolder/bar\"><DirectoryId>10376363910205800448</DirectoryId><Entries><File><Name>test-file-5b21a72e-aa18-c257-c9ae-b03bf4cb7aff</Name><FileId>14988049928633188352</FileId><Properties><Content-Length>1024</Content-Length></Properties></File></Entries><NextMarker /></EnumerationResults>"
    },
    {
      "RequestUri": "https://nickliuproductionacc.file.core.windows.net/test-share-62b439aa-49d9-8fdd-da32-ddb9c930ec1d/sourceFolder/test-file-bb6ffda0-993c-9569-a76b-d3715ef7fc7c?sv=Sanitized&se=2025-07-18T01%3A43%3A04Z&sr=s&sp=rcwdl&sig=Sanitized",
      "RequestMethod": "HEAD",
      "RequestHeaders": {
        "Accept": "application/xml",
        "traceparent": "00-6057f621f563e3661205707fdd744f11-ee1fbc4ad765e0f1-00",
        "User-Agent": "azsdk-net-Storage.Files.Shares/12.24.0-alpha.20250716.1 (.NET 8.0.18; Microsoft Windows 10.0.26100)",
        "x-ms-client-request-id": "Sanitized",
        "x-ms-return-client-request-id": "true",
        "x-ms-version": "2025-11-05"
      },
      "RequestBody": null,
      "StatusCode": 200,
      "ResponseHeaders": {
        "Content-Length": "1024",
        "Content-Type": "application/octet-stream",
        "Date": "Thu, 17 Jul 2025 01:43:04 GMT",
        "ETag": "\"0x8DDC4D345CFAD95\"",
        "Last-Modified": "Thu, 17 Jul 2025 01:43:04 GMT",
        "Server": [
          "Windows-Azure-File/1.0",
          "Microsoft-HTTPAPI/2.0"
        ],
        "x-ms-client-request-id": "Sanitized",
        "x-ms-file-attributes": "Archive",
        "x-ms-file-change-time": "2025-07-17T01:43:04.4860309Z",
        "x-ms-file-creation-time": "2025-07-17T01:43:04.4860309Z",
        "x-ms-file-id": "11529285414812647424",
        "x-ms-file-last-write-time": "2025-07-17T01:43:04.4860309Z",
        "x-ms-file-parent-id": "13835128424026341376",
        "x-ms-file-permission-key": "8616074386732128176*16083086822043778878",
        "x-ms-lease-state": "available",
        "x-ms-lease-status": "unlocked",
        "x-ms-request-id": "dbc505cb-001a-0036-24bc-f637aa000000",
        "x-ms-server-encrypted": "true",
        "x-ms-type": "File",
        "x-ms-version": "2025-11-05"
      },
      "ResponseBody": null
    },
    {
      "RequestUri": "https://nickliuproductionacc.file.core.windows.net/test-share-62b439aa-49d9-8fdd-da32-ddb9c930ec1d/sourceFolder/pik?sv=Sanitized&se=2025-07-18T01%3A43%3A04Z&sr=s&sp=rcwdl&sig=Sanitized&restype=directory&comp=list",
      "RequestMethod": "GET",
      "RequestHeaders": {
        "Accept": "application/xml",
        "traceparent": "00-82c7d568d2aa1ac7facb69f84bed58fb-51a1b48a348576e1-00",
        "User-Agent": "azsdk-net-Storage.Files.Shares/12.24.0-alpha.20250716.1 (.NET 8.0.18; Microsoft Windows 10.0.26100)",
        "x-ms-client-request-id": "Sanitized",
        "x-ms-return-client-request-id": "true",
        "x-ms-version": "2025-11-05"
      },
      "RequestBody": null,
      "StatusCode": 200,
      "ResponseHeaders": {
        "Content-Type": "application/xml",
        "Date": "Thu, 17 Jul 2025 01:43:04 GMT",
        "Server": [
          "Windows-Azure-File/1.0",
          "Microsoft-HTTPAPI/2.0"
        ],
        "Transfer-Encoding": "chunked",
        "x-ms-client-request-id": "Sanitized",
        "x-ms-request-id": "764e0c7a-601a-0042-09bc-f6035a000000",
        "x-ms-version": "2025-11-05"
      },
      "ResponseBody": "\uFEFF<?xml version=\"1.0\" encoding=\"utf-8\"?><EnumerationResults ServiceEndpoint=\"https://nickliuproductionacc.file.core.windows.net/\" ShareName=\"test-share-62b439aa-49d9-8fdd-da32-ddb9c930ec1d\" DirectoryPath=\"sourceFolder/pik\"><DirectoryId>12682206919419494400</DirectoryId><Entries><File><Name>test-file-1e9642a8-1847-ec41-166b-5ff398cc5554</Name><FileId>17293892937846882304</FileId><Properties><Content-Length>1024</Content-Length></Properties></File></Entries><NextMarker /></EnumerationResults>"
    },
    {
      "RequestUri": "https://nickliuproductionacc.file.core.windows.net/test-share-62b439aa-49d9-8fdd-da32-ddb9c930ec1d/sourceFolder/test-file-65dd8a6a-3d4c-8453-cb03-064da4f20351?sv=Sanitized&se=2025-07-18T01%3A43%3A04Z&sr=s&sp=rcwdl&sig=Sanitized",
      "RequestMethod": "HEAD",
      "RequestHeaders": {
        "Accept": "application/xml",
        "traceparent": "00-d3492a3c66a48041091e55c5c37d9196-fcffd87f296adddf-00",
        "User-Agent": "azsdk-net-Storage.Files.Shares/12.24.0-alpha.20250716.1 (.NET 8.0.18; Microsoft Windows 10.0.26100)",
        "x-ms-client-request-id": "Sanitized",
        "x-ms-return-client-request-id": "true",
        "x-ms-version": "2025-11-05"
      },
      "RequestBody": null,
      "StatusCode": 200,
      "ResponseHeaders": {
        "Content-Length": "1024",
        "Content-Type": "application/octet-stream",
        "Date": "Thu, 17 Jul 2025 01:43:04 GMT",
        "ETag": "\"0x8DDC4D345D43C56\"",
        "Last-Modified": "Thu, 17 Jul 2025 01:43:04 GMT",
        "Server": [
          "Windows-Azure-File/1.0",
          "Microsoft-HTTPAPI/2.0"
        ],
        "x-ms-client-request-id": "Sanitized",
        "x-ms-file-attributes": "Archive",
        "x-ms-file-change-time": "2025-07-17T01:43:04.5158998Z",
        "x-ms-file-creation-time": "2025-07-17T01:43:04.5158998Z",
        "x-ms-file-id": "16140971433240035328",
        "x-ms-file-last-write-time": "2025-07-17T01:43:04.5158998Z",
        "x-ms-file-parent-id": "13835128424026341376",
        "x-ms-file-permission-key": "8616074386732128176*16083086822043778878",
        "x-ms-lease-state": "available",
        "x-ms-lease-status": "unlocked",
        "x-ms-request-id": "5a0bf0e5-001a-0009-33bc-f6ff09000000",
        "x-ms-server-encrypted": "true",
        "x-ms-type": "File",
        "x-ms-version": "2025-11-05"
      },
      "ResponseBody": null
    },
    {
      "RequestUri": "https://nickliuproductionacc.file.core.windows.net/test-share-62b439aa-49d9-8fdd-da32-ddb9c930ec1d/sourceFolder/bar/test-file-5b21a72e-aa18-c257-c9ae-b03bf4cb7aff?sv=Sanitized&se=2025-07-18T01%3A43%3A04Z&sr=s&sp=rcwdl&sig=Sanitized",
      "RequestMethod": "HEAD",
      "RequestHeaders": {
        "Accept": "application/xml",
        "traceparent": "00-639c762f3d7e6efff40e4394a225ce81-d99a71615cb0983f-00",
        "User-Agent": "azsdk-net-Storage.Files.Shares/12.24.0-alpha.20250716.1 (.NET 8.0.18; Microsoft Windows 10.0.26100)",
        "x-ms-client-request-id": "Sanitized",
        "x-ms-return-client-request-id": "true",
        "x-ms-version": "2025-11-05"
      },
      "RequestBody": null,
      "StatusCode": 200,
      "ResponseHeaders": {
        "Content-Length": "1024",
        "Content-Type": "application/octet-stream",
        "Date": "Thu, 17 Jul 2025 01:43:04 GMT",
        "ETag": "\"0x8DDC4D345DD32E9\"",
        "Last-Modified": "Thu, 17 Jul 2025 01:43:04 GMT",
        "Server": [
          "Windows-Azure-File/1.0",
          "Microsoft-HTTPAPI/2.0"
        ],
        "x-ms-client-request-id": "Sanitized",
        "x-ms-file-attributes": "Archive",
        "x-ms-file-change-time": "2025-07-17T01:43:04.5746409Z",
        "x-ms-file-creation-time": "2025-07-17T01:43:04.5746409Z",
        "x-ms-file-id": "14988049928633188352",
        "x-ms-file-last-write-time": "2025-07-17T01:43:04.5746409Z",
        "x-ms-file-parent-id": "10376363910205800448",
        "x-ms-file-permission-key": "8616074386732128176*16083086822043778878",
        "x-ms-lease-state": "available",
        "x-ms-lease-status": "unlocked",
        "x-ms-request-id": "764e0c7c-601a-0042-0abc-f6035a000000",
        "x-ms-server-encrypted": "true",
        "x-ms-type": "File",
        "x-ms-version": "2025-11-05"
      },
      "ResponseBody": null
    },
    {
      "RequestUri": "https://nickliuproductionacc.blob.core.windows.net/test-container-7bbc7df2-8062-9756-00e8-eed4bea8693b/destPrefix/test-file-bb6ffda0-993c-9569-a76b-d3715ef7fc7c",
      "RequestMethod": "PUT",
      "RequestHeaders": {
        "Accept": "application/xml",
        "Authorization": "Sanitized",
        "Content-Length": "0",
        "traceparent": "00-4601dd8c6ea447198a152c52c8df896f-05d88835ac23722a-00",
        "User-Agent": "azsdk-net-Storage.Blobs/12.26.0-alpha.20250716.1 (.NET 8.0.18; Microsoft Windows 10.0.26100)",
        "x-ms-blob-content-type": "application/octet-stream",
        "x-ms-blob-type": "AppendBlob",
        "x-ms-client-request-id": "Sanitized",
        "x-ms-date": "Thu, 17 Jul 2025 01:43:05 GMT",
        "x-ms-return-client-request-id": "true",
        "x-ms-version": "2025-11-05"
      },
      "RequestBody": null,
      "StatusCode": 201,
      "ResponseHeaders": {
        "Content-Length": "0",
        "Date": "Thu, 17 Jul 2025 01:43:03 GMT",
        "ETag": "\"0x8DDC4D345FE4B2B\"",
        "Last-Modified": "Thu, 17 Jul 2025 01:43:04 GMT",
        "Server": [
          "Windows-Azure-Blob/1.0",
          "Microsoft-HTTPAPI/2.0"
        ],
        "x-ms-client-request-id": "Sanitized",
        "x-ms-request-id": "372ca6c3-501e-0059-22bc-f63d59000000",
        "x-ms-request-server-encrypted": "true",
        "x-ms-version": "2025-11-05",
        "x-ms-version-id": "2025-07-17T01:43:04.7915307Z"
      },
      "ResponseBody": null
    },
    {
      "RequestUri": "https://nickliuproductionacc.blob.core.windows.net/test-container-7bbc7df2-8062-9756-00e8-eed4bea8693b/destPrefix/test-file-65dd8a6a-3d4c-8453-cb03-064da4f20351",
      "RequestMethod": "PUT",
      "RequestHeaders": {
        "Accept": "application/xml",
        "Authorization": "Sanitized",
        "Content-Length": "0",
        "traceparent": "00-e0bc90fc71ab3216534bb8114053a9c4-9115367d75211007-00",
        "User-Agent": "azsdk-net-Storage.Blobs/12.26.0-alpha.20250716.1 (.NET 8.0.18; Microsoft Windows 10.0.26100)",
        "x-ms-blob-content-type": "application/octet-stream",
        "x-ms-blob-type": "AppendBlob",
        "x-ms-client-request-id": "Sanitized",
        "x-ms-date": "Thu, 17 Jul 2025 01:43:05 GMT",
        "x-ms-return-client-request-id": "true",
        "x-ms-version": "2025-11-05"
      },
      "RequestBody": null,
      "StatusCode": 201,
      "ResponseHeaders": {
        "Content-Length": "0",
        "Date": "Thu, 17 Jul 2025 01:43:04 GMT",
        "ETag": "\"0x8DDC4D346001DE5\"",
        "Last-Modified": "Thu, 17 Jul 2025 01:43:04 GMT",
        "Server": [
          "Windows-Azure-Blob/1.0",
          "Microsoft-HTTPAPI/2.0"
        ],
        "x-ms-client-request-id": "Sanitized",
        "x-ms-request-id": "bc31f337-b01e-0033-10bc-f6e571000000",
        "x-ms-request-server-encrypted": "true",
        "x-ms-version": "2025-11-05",
        "x-ms-version-id": "2025-07-17T01:43:04.8034789Z"
      },
      "ResponseBody": null
    },
    {
      "RequestUri": "https://nickliuproductionacc.file.core.windows.net/test-share-62b439aa-49d9-8fdd-da32-ddb9c930ec1d/sourceFolder/pik/test-file-1e9642a8-1847-ec41-166b-5ff398cc5554?sv=Sanitized&se=2025-07-18T01%3A43%3A04Z&sr=s&sp=rcwdl&sig=Sanitized",
      "RequestMethod": "HEAD",
      "RequestHeaders": {
        "Accept": "application/xml",
        "traceparent": "00-d842419061ba7425da9fd5145156edc3-793f1ca6deef838b-00",
        "User-Agent": "azsdk-net-Storage.Files.Shares/12.24.0-alpha.20250716.1 (.NET 8.0.18; Microsoft Windows 10.0.26100)",
        "x-ms-client-request-id": "Sanitized",
        "x-ms-return-client-request-id": "true",
        "x-ms-version": "2025-11-05"
      },
      "RequestBody": null,
      "StatusCode": 200,
      "ResponseHeaders": {
        "Content-Length": "1024",
        "Content-Type": "application/octet-stream",
        "Date": "Thu, 17 Jul 2025 01:43:04 GMT",
        "ETag": "\"0x8DDC4D345E4CB7E\"",
        "Last-Modified": "Thu, 17 Jul 2025 01:43:04 GMT",
        "Server": [
          "Windows-Azure-File/1.0",
          "Microsoft-HTTPAPI/2.0"
        ],
        "x-ms-client-request-id": "Sanitized",
        "x-ms-file-attributes": "Archive",
        "x-ms-file-change-time": "2025-07-17T01:43:04.6244222Z",
        "x-ms-file-creation-time": "2025-07-17T01:43:04.6244222Z",
        "x-ms-file-id": "17293892937846882304",
        "x-ms-file-last-write-time": "2025-07-17T01:43:04.6244222Z",
        "x-ms-file-parent-id": "12682206919419494400",
        "x-ms-file-permission-key": "8616074386732128176*16083086822043778878",
        "x-ms-lease-state": "available",
        "x-ms-lease-status": "unlocked",
        "x-ms-request-id": "5a0bf0e7-001a-0009-34bc-f6ff09000000",
        "x-ms-server-encrypted": "true",
        "x-ms-type": "File",
        "x-ms-version": "2025-11-05"
      },
      "ResponseBody": null
    },
    {
      "RequestUri": "https://nickliuproductionacc.blob.core.windows.net/test-container-7bbc7df2-8062-9756-00e8-eed4bea8693b/destPrefix/bar/test-file-5b21a72e-aa18-c257-c9ae-b03bf4cb7aff",
      "RequestMethod": "PUT",
      "RequestHeaders": {
        "Accept": "application/xml",
        "Authorization": "Sanitized",
        "Content-Length": "0",
        "traceparent": "00-805a018e81c57995b7c2603af6d3cfee-f65403ab5f494c91-00",
        "User-Agent": "azsdk-net-Storage.Blobs/12.26.0-alpha.20250716.1 (.NET 8.0.18; Microsoft Windows 10.0.26100)",
        "x-ms-blob-content-type": "application/octet-stream",
        "x-ms-blob-type": "AppendBlob",
        "x-ms-client-request-id": "Sanitized",
        "x-ms-date": "Thu, 17 Jul 2025 01:43:05 GMT",
        "x-ms-return-client-request-id": "true",
        "x-ms-version": "2025-11-05"
      },
      "RequestBody": null,
      "StatusCode": 201,
      "ResponseHeaders": {
        "Content-Length": "0",
        "Date": "Thu, 17 Jul 2025 01:43:03 GMT",
        "ETag": "\"0x8DDC4D3460154FD\"",
        "Last-Modified": "Thu, 17 Jul 2025 01:43:04 GMT",
        "Server": [
          "Windows-Azure-Blob/1.0",
          "Microsoft-HTTPAPI/2.0"
        ],
        "x-ms-client-request-id": "Sanitized",
        "x-ms-request-id": "372ca6d7-501e-0059-35bc-f63d59000000",
        "x-ms-request-server-encrypted": "true",
        "x-ms-version": "2025-11-05",
        "x-ms-version-id": "2025-07-17T01:43:04.8114429Z"
      },
      "ResponseBody": null
    },
    {
      "RequestUri": "https://nickliuproductionacc.blob.core.windows.net/test-container-7bbc7df2-8062-9756-00e8-eed4bea8693b/destPrefix/test-file-65dd8a6a-3d4c-8453-cb03-064da4f20351?comp=appendblock",
      "RequestMethod": "PUT",
      "RequestHeaders": {
        "Accept": "application/xml",
        "Authorization": "Sanitized",
        "Content-Length": "0",
        "traceparent": "00-64d9e43e543c2b98e12a205af20b996c-89bb9411f3fca3b0-00",
        "User-Agent": "azsdk-net-Storage.Blobs/12.26.0-alpha.20250716.1 (.NET 8.0.18; Microsoft Windows 10.0.26100)",
        "x-ms-client-request-id": "Sanitized",
        "x-ms-copy-source": "https://nickliuproductionacc.file.core.windows.net/test-share-62b439aa-49d9-8fdd-da32-ddb9c930ec1d/sourceFolder/test-file-65dd8a6a-3d4c-8453-cb03-064da4f20351?sv=sanitized-value&se=2025-07-18T01%3A43%3A04Z&sr=s&sp=rcwdl&sig=Sanitized",
        "x-ms-date": "Thu, 17 Jul 2025 01:43:05 GMT",
        "x-ms-return-client-request-id": "true",
        "x-ms-source-range": "bytes=0-1023",
        "x-ms-version": "2025-11-05"
      },
      "RequestBody": null,
      "StatusCode": 201,
      "ResponseHeaders": {
        "Content-Length": "0",
        "Date": "Thu, 17 Jul 2025 01:43:04 GMT",
        "ETag": "\"0x8DDC4D34603EA32\"",
        "Last-Modified": "Thu, 17 Jul 2025 01:43:04 GMT",
        "Server": [
          "Windows-Azure-Blob/1.0",
          "Microsoft-HTTPAPI/2.0"
        ],
        "x-ms-blob-append-offset": "0",
        "x-ms-blob-committed-block-count": "1",
        "x-ms-client-request-id": "Sanitized",
        "x-ms-content-crc64": "iknlm7CyG2k=",
        "x-ms-request-id": "bc31f35a-b01e-0033-2fbc-f6e571000000",
        "x-ms-request-server-encrypted": "true",
        "x-ms-version": "2025-11-05"
      },
      "ResponseBody": null
    },
    {
      "RequestUri": "https://nickliuproductionacc.blob.core.windows.net/test-container-7bbc7df2-8062-9756-00e8-eed4bea8693b/destPrefix/test-file-bb6ffda0-993c-9569-a76b-d3715ef7fc7c?comp=appendblock",
      "RequestMethod": "PUT",
      "RequestHeaders": {
        "Accept": "application/xml",
        "Authorization": "Sanitized",
        "Content-Length": "0",
        "traceparent": "00-10e398aac7088857cd163e0a3591c808-aee2dd943481310c-00",
        "User-Agent": "azsdk-net-Storage.Blobs/12.26.0-alpha.20250716.1 (.NET 8.0.18; Microsoft Windows 10.0.26100)",
        "x-ms-client-request-id": "Sanitized",
        "x-ms-copy-source": "https://nickliuproductionacc.file.core.windows.net/test-share-62b439aa-49d9-8fdd-da32-ddb9c930ec1d/sourceFolder/test-file-bb6ffda0-993c-9569-a76b-d3715ef7fc7c?sv=sanitized-value&se=2025-07-18T01%3A43%3A04Z&sr=s&sp=rcwdl&sig=Sanitized",
        "x-ms-date": "Thu, 17 Jul 2025 01:43:05 GMT",
        "x-ms-return-client-request-id": "true",
        "x-ms-source-range": "bytes=0-1023",
        "x-ms-version": "2025-11-05"
      },
      "RequestBody": null,
      "StatusCode": 201,
      "ResponseHeaders": {
        "Content-Length": "0",
        "Date": "Thu, 17 Jul 2025 01:43:04 GMT",
        "ETag": "\"0x8DDC4D34603C347\"",
        "Last-Modified": "Thu, 17 Jul 2025 01:43:04 GMT",
        "Server": [
          "Windows-Azure-Blob/1.0",
          "Microsoft-HTTPAPI/2.0"
        ],
        "x-ms-blob-append-offset": "0",
        "x-ms-blob-committed-block-count": "1",
        "x-ms-client-request-id": "Sanitized",
        "x-ms-content-crc64": "iknlm7CyG2k=",
        "x-ms-request-id": "c94e49f0-a01e-0010-60bc-f67fb2000000",
        "x-ms-request-server-encrypted": "true",
        "x-ms-version": "2025-11-05"
      },
      "ResponseBody": null
    },
    {
      "RequestUri": "https://nickliuproductionacc.blob.core.windows.net/test-container-7bbc7df2-8062-9756-00e8-eed4bea8693b/destPrefix/pik/test-file-1e9642a8-1847-ec41-166b-5ff398cc5554",
      "RequestMethod": "PUT",
      "RequestHeaders": {
        "Accept": "application/xml",
        "Authorization": "Sanitized",
        "Content-Length": "0",
        "traceparent": "00-7f5d7dfdd90b4f2e2c1fe8af96701f92-4979a00264c7df34-00",
        "User-Agent": "azsdk-net-Storage.Blobs/12.26.0-alpha.20250716.1 (.NET 8.0.18; Microsoft Windows 10.0.26100)",
        "x-ms-blob-content-type": "application/octet-stream",
        "x-ms-blob-type": "AppendBlob",
        "x-ms-client-request-id": "Sanitized",
        "x-ms-date": "Thu, 17 Jul 2025 01:43:05 GMT",
        "x-ms-return-client-request-id": "true",
        "x-ms-version": "2025-11-05"
      },
      "RequestBody": null,
      "StatusCode": 201,
      "ResponseHeaders": {
        "Content-Length": "0",
        "Date": "Thu, 17 Jul 2025 01:43:03 GMT",
        "ETag": "\"0x8DDC4D34605BCE1\"",
        "Last-Modified": "Thu, 17 Jul 2025 01:43:04 GMT",
        "Server": [
          "Windows-Azure-Blob/1.0",
          "Microsoft-HTTPAPI/2.0"
        ],
        "x-ms-client-request-id": "Sanitized",
        "x-ms-request-id": "372ca6ff-501e-0059-57bc-f63d59000000",
        "x-ms-request-server-encrypted": "true",
        "x-ms-version": "2025-11-05",
        "x-ms-version-id": "2025-07-17T01:43:04.8403169Z"
      },
      "ResponseBody": null
    },
    {
      "RequestUri": "https://nickliuproductionacc.blob.core.windows.net/test-container-7bbc7df2-8062-9756-00e8-eed4bea8693b/destPrefix/bar/test-file-5b21a72e-aa18-c257-c9ae-b03bf4cb7aff?comp=appendblock",
      "RequestMethod": "PUT",
      "RequestHeaders": {
        "Accept": "application/xml",
        "Authorization": "Sanitized",
        "Content-Length": "0",
        "traceparent": "00-f356473ecc4669a9d8b9715e8553dac9-6af4c126a9e7fa53-00",
        "User-Agent": "azsdk-net-Storage.Blobs/12.26.0-alpha.20250716.1 (.NET 8.0.18; Microsoft Windows 10.0.26100)",
        "x-ms-client-request-id": "Sanitized",
        "x-ms-copy-source": "https://nickliuproductionacc.file.core.windows.net/test-share-62b439aa-49d9-8fdd-da32-ddb9c930ec1d/sourceFolder/bar/test-file-5b21a72e-aa18-c257-c9ae-b03bf4cb7aff?sv=sanitized-value&se=2025-07-18T01%3A43%3A04Z&sr=s&sp=rcwdl&sig=Sanitized",
        "x-ms-date": "Thu, 17 Jul 2025 01:43:05 GMT",
        "x-ms-return-client-request-id": "true",
        "x-ms-source-range": "bytes=0-1023",
        "x-ms-version": "2025-11-05"
      },
      "RequestBody": null,
      "StatusCode": 201,
      "ResponseHeaders": {
        "Content-Length": "0",
        "Date": "Thu, 17 Jul 2025 01:43:04 GMT",
        "ETag": "\"0x8DDC4D34606CD25\"",
        "Last-Modified": "Thu, 17 Jul 2025 01:43:04 GMT",
        "Server": [
          "Windows-Azure-Blob/1.0",
          "Microsoft-HTTPAPI/2.0"
        ],
        "x-ms-blob-append-offset": "0",
        "x-ms-blob-committed-block-count": "1",
        "x-ms-client-request-id": "Sanitized",
        "x-ms-content-crc64": "iknlm7CyG2k=",
        "x-ms-request-id": "6b0fb84a-d01e-0047-03bc-f6d181000000",
        "x-ms-request-server-encrypted": "true",
        "x-ms-version": "2025-11-05"
      },
      "ResponseBody": null
    },
    {
      "RequestUri": "https://nickliuproductionacc.blob.core.windows.net/test-container-7bbc7df2-8062-9756-00e8-eed4bea8693b/destPrefix/pik/test-file-1e9642a8-1847-ec41-166b-5ff398cc5554?comp=appendblock",
      "RequestMethod": "PUT",
      "RequestHeaders": {
        "Accept": "application/xml",
        "Authorization": "Sanitized",
        "Content-Length": "0",
        "traceparent": "00-c7f9efea0f728f96beba554fa93a0999-c7ef3b1f3e9abd44-00",
        "User-Agent": "azsdk-net-Storage.Blobs/12.26.0-alpha.20250716.1 (.NET 8.0.18; Microsoft Windows 10.0.26100)",
        "x-ms-client-request-id": "Sanitized",
        "x-ms-copy-source": "https://nickliuproductionacc.file.core.windows.net/test-share-62b439aa-49d9-8fdd-da32-ddb9c930ec1d/sourceFolder/pik/test-file-1e9642a8-1847-ec41-166b-5ff398cc5554?sv=sanitized-value&se=2025-07-18T01%3A43%3A04Z&sr=s&sp=rcwdl&sig=Sanitized",
        "x-ms-date": "Thu, 17 Jul 2025 01:43:05 GMT",
        "x-ms-return-client-request-id": "true",
        "x-ms-source-range": "bytes=0-1023",
        "x-ms-version": "2025-11-05"
      },
      "RequestBody": null,
      "StatusCode": 201,
      "ResponseHeaders": {
        "Content-Length": "0",
        "Date": "Thu, 17 Jul 2025 01:43:03 GMT",
        "ETag": "\"0x8DDC4D34609D6F2\"",
        "Last-Modified": "Thu, 17 Jul 2025 01:43:04 GMT",
        "Server": [
          "Windows-Azure-Blob/1.0",
          "Microsoft-HTTPAPI/2.0"
        ],
        "x-ms-blob-append-offset": "0",
        "x-ms-blob-committed-block-count": "1",
        "x-ms-client-request-id": "Sanitized",
        "x-ms-content-crc64": "iknlm7CyG2k=",
        "x-ms-request-id": "372ca716-501e-0059-6dbc-f63d59000000",
        "x-ms-request-server-encrypted": "true",
        "x-ms-version": "2025-11-05"
      },
      "ResponseBody": null
    },
    {
      "RequestUri": "https://nickliuproductionacc.file.core.windows.net/test-share-62b439aa-49d9-8fdd-da32-ddb9c930ec1d/sourceFolder?restype=directory&comp=list",
      "RequestMethod": "GET",
      "RequestHeaders": {
        "Accept": "application/xml",
        "Authorization": "Sanitized",
        "User-Agent": "azsdk-net-Storage.Files.Shares/12.24.0-alpha.20250716.1 (.NET 8.0.18; Microsoft Windows 10.0.26100)",
        "x-ms-client-request-id": "Sanitized",
        "x-ms-date": "Thu, 17 Jul 2025 01:43:05 GMT",
        "x-ms-return-client-request-id": "true",
        "x-ms-version": "2025-11-05"
      },
      "RequestBody": null,
      "StatusCode": 200,
      "ResponseHeaders": {
        "Content-Type": "application/xml",
        "Date": "Thu, 17 Jul 2025 01:43:04 GMT",
        "Server": [
          "Windows-Azure-File/1.0",
          "Microsoft-HTTPAPI/2.0"
        ],
        "Transfer-Encoding": "chunked",
        "x-ms-client-request-id": "Sanitized",
        "x-ms-request-id": "5a0bf0ea-001a-0009-36bc-f6ff09000000",
        "x-ms-version": "2025-11-05"
      },
      "ResponseBody": "\uFEFF<?xml version=\"1.0\" encoding=\"utf-8\"?><EnumerationResults ServiceEndpoint=\"https://nickliuproductionacc.file.core.windows.net/\" ShareName=\"test-share-62b439aa-49d9-8fdd-da32-ddb9c930ec1d\" DirectoryPath=\"sourceFolder\"><DirectoryId>13835128424026341376</DirectoryId><Entries><Directory><Name>bar</Name><FileId>10376363910205800448</FileId><Properties /></Directory><Directory><Name>pik</Name><FileId>12682206919419494400</FileId><Properties /></Directory><File><Name>test-file-65dd8a6a-3d4c-8453-cb03-064da4f20351</Name><FileId>16140971433240035328</FileId><Properties><Content-Length>1024</Content-Length></Properties></File><File><Name>test-file-bb6ffda0-993c-9569-a76b-d3715ef7fc7c</Name><FileId>11529285414812647424</FileId><Properties><Content-Length>1024</Content-Length></Properties></File></Entries><NextMarker /></EnumerationResults>"
    },
    {
      "RequestUri": "https://nickliuproductionacc.file.core.windows.net/test-share-62b439aa-49d9-8fdd-da32-ddb9c930ec1d/sourceFolder/bar?restype=directory&comp=list",
      "RequestMethod": "GET",
      "RequestHeaders": {
        "Accept": "application/xml",
        "Authorization": "Sanitized",
        "User-Agent": "azsdk-net-Storage.Files.Shares/12.24.0-alpha.20250716.1 (.NET 8.0.18; Microsoft Windows 10.0.26100)",
        "x-ms-client-request-id": "Sanitized",
        "x-ms-date": "Thu, 17 Jul 2025 01:43:05 GMT",
        "x-ms-return-client-request-id": "true",
        "x-ms-version": "2025-11-05"
      },
      "RequestBody": null,
      "StatusCode": 200,
      "ResponseHeaders": {
        "Content-Type": "application/xml",
        "Date": "Thu, 17 Jul 2025 01:43:04 GMT",
        "Server": [
          "Windows-Azure-File/1.0",
          "Microsoft-HTTPAPI/2.0"
        ],
        "Transfer-Encoding": "chunked",
        "x-ms-client-request-id": "Sanitized",
        "x-ms-request-id": "5a0bf0eb-001a-0009-37bc-f6ff09000000",
        "x-ms-version": "2025-11-05"
      },
      "ResponseBody": "\uFEFF<?xml version=\"1.0\" encoding=\"utf-8\"?><EnumerationResults ServiceEndpoint=\"https://nickliuproductionacc.file.core.windows.net/\" ShareName=\"test-share-62b439aa-49d9-8fdd-da32-ddb9c930ec1d\" DirectoryPath=\"sourceFolder/bar\"><DirectoryId>10376363910205800448</DirectoryId><Entries><File><Name>test-file-5b21a72e-aa18-c257-c9ae-b03bf4cb7aff</Name><FileId>14988049928633188352</FileId><Properties><Content-Length>1024</Content-Length></Properties></File></Entries><NextMarker /></EnumerationResults>"
    },
    {
      "RequestUri": "https://nickliuproductionacc.file.core.windows.net/test-share-62b439aa-49d9-8fdd-da32-ddb9c930ec1d/sourceFolder/pik?restype=directory&comp=list",
      "RequestMethod": "GET",
      "RequestHeaders": {
        "Accept": "application/xml",
        "Authorization": "Sanitized",
        "User-Agent": "azsdk-net-Storage.Files.Shares/12.24.0-alpha.20250716.1 (.NET 8.0.18; Microsoft Windows 10.0.26100)",
        "x-ms-client-request-id": "Sanitized",
        "x-ms-date": "Thu, 17 Jul 2025 01:43:05 GMT",
        "x-ms-return-client-request-id": "true",
        "x-ms-version": "2025-11-05"
      },
      "RequestBody": null,
      "StatusCode": 200,
      "ResponseHeaders": {
        "Content-Type": "application/xml",
        "Date": "Thu, 17 Jul 2025 01:43:04 GMT",
        "Server": [
          "Windows-Azure-File/1.0",
          "Microsoft-HTTPAPI/2.0"
        ],
        "Transfer-Encoding": "chunked",
        "x-ms-client-request-id": "Sanitized",
        "x-ms-request-id": "5a0bf0ec-001a-0009-38bc-f6ff09000000",
        "x-ms-version": "2025-11-05"
      },
      "ResponseBody": "\uFEFF<?xml version=\"1.0\" encoding=\"utf-8\"?><EnumerationResults ServiceEndpoint=\"https://nickliuproductionacc.file.core.windows.net/\" ShareName=\"test-share-62b439aa-49d9-8fdd-da32-ddb9c930ec1d\" DirectoryPath=\"sourceFolder/pik\"><DirectoryId>12682206919419494400</DirectoryId><Entries><File><Name>test-file-1e9642a8-1847-ec41-166b-5ff398cc5554</Name><FileId>17293892937846882304</FileId><Properties><Content-Length>1024</Content-Length></Properties></File></Entries><NextMarker /></EnumerationResults>"
    },
    {
      "RequestUri": "https://nickliuproductionacc.blob.core.windows.net/test-container-7bbc7df2-8062-9756-00e8-eed4bea8693b?restype=container&comp=list&prefix=destPrefix",
      "RequestMethod": "GET",
      "RequestHeaders": {
        "Accept": "application/xml",
        "Authorization": "Sanitized",
        "traceparent": "00-ce652c3cb3cdf7c46dada8c2fcd672bd-80b1d5ab53e25a6a-00",
        "User-Agent": "azsdk-net-Storage.Blobs/12.26.0-alpha.20250716.1 (.NET 8.0.18; Microsoft Windows 10.0.26100)",
        "x-ms-client-request-id": "Sanitized",
        "x-ms-date": "Thu, 17 Jul 2025 01:43:05 GMT",
        "x-ms-return-client-request-id": "true",
        "x-ms-version": "2025-11-05"
      },
      "RequestBody": null,
      "StatusCode": 200,
      "ResponseHeaders": {
        "Content-Type": "application/xml",
        "Date": "Thu, 17 Jul 2025 01:43:04 GMT",
        "Server": [
          "Windows-Azure-Blob/1.0",
          "Microsoft-HTTPAPI/2.0"
        ],
        "Transfer-Encoding": "chunked",
        "x-ms-client-request-id": "Sanitized",
        "x-ms-request-id": "372ca894-501e-0059-51bc-f63d59000000",
        "x-ms-version": "2025-11-05"
      },
      "ResponseBody": "\uFEFF<?xml version=\"1.0\" encoding=\"utf-8\"?><EnumerationResults ServiceEndpoint=\"https://nickliuproductionacc.blob.core.windows.net/\" ContainerName=\"test-container-7bbc7df2-8062-9756-00e8-eed4bea8693b\"><Prefix>destPrefix</Prefix><Blobs><Blob><Name>destPrefix/bar/test-file-5b21a72e-aa18-c257-c9ae-b03bf4cb7aff</Name><VersionId>2025-07-17T01:43:04.8114429Z</VersionId><IsCurrentVersion>true</IsCurrentVersion><Properties><Creation-Time>Thu, 17 Jul 2025 01:43:04 GMT</Creation-Time><Last-Modified>Thu, 17 Jul 2025 01:43:04 GMT</Last-Modified><Etag>0x8DDC4D34606CD25</Etag><Content-Length>1024</Content-Length><Content-Type>application/octet-stream</Content-Type><Content-Encoding /><Content-Language /><Content-CRC64 /><Content-MD5 /><Cache-Control /><Content-Disposition /><BlobType>AppendBlob</BlobType><LeaseStatus>unlocked</LeaseStatus><LeaseState>available</LeaseState><ServerEncrypted>true</ServerEncrypted></Properties><OrMetadata /></Blob><Blob><Name>destPrefix/pik/test-file-1e9642a8-1847-ec41-166b-5ff398cc5554</Name><VersionId>2025-07-17T01:43:04.8403169Z</VersionId><IsCurrentVersion>true</IsCurrentVersion><Properties><Creation-Time>Thu, 17 Jul 2025 01:43:04 GMT</Creation-Time><Last-Modified>Thu, 17 Jul 2025 01:43:04 GMT</Last-Modified><Etag>0x8DDC4D34609D6F2</Etag><Content-Length>1024</Content-Length><Content-Type>application/octet-stream</Content-Type><Content-Encoding /><Content-Language /><Content-CRC64 /><Content-MD5 /><Cache-Control /><Content-Disposition /><BlobType>AppendBlob</BlobType><LeaseStatus>unlocked</LeaseStatus><LeaseState>available</LeaseState><ServerEncrypted>true</ServerEncrypted></Properties><OrMetadata /></Blob><Blob><Name>destPrefix/test-file-65dd8a6a-3d4c-8453-cb03-064da4f20351</Name><VersionId>2025-07-17T01:43:04.8034789Z</VersionId><IsCurrentVersion>true</IsCurrentVersion><Properties><Creation-Time>Thu, 17 Jul 2025 01:43:04 GMT</Creation-Time><Last-Modified>Thu, 17 Jul 2025 01:43:04 GMT</Last-Modified><Etag>0x8DDC4D34603EA32</Etag><Content-Length>1024</Content-Length><Content-Type>application/octet-stream</Content-Type><Content-Encoding /><Content-Language /><Content-CRC64 /><Content-MD5 /><Cache-Control /><Content-Disposition /><BlobType>AppendBlob</BlobType><LeaseStatus>unlocked</LeaseStatus><LeaseState>available</LeaseState><ServerEncrypted>true</ServerEncrypted></Properties><OrMetadata /></Blob><Blob><Name>destPrefix/test-file-bb6ffda0-993c-9569-a76b-d3715ef7fc7c</Name><VersionId>2025-07-17T01:43:04.7915307Z</VersionId><IsCurrentVersion>true</IsCurrentVersion><Properties><Creation-Time>Thu, 17 Jul 2025 01:43:04 GMT</Creation-Time><Last-Modified>Thu, 17 Jul 2025 01:43:04 GMT</Last-Modified><Etag>0x8DDC4D34603C347</Etag><Content-Length>1024</Content-Length><Content-Type>application/octet-stream</Content-Type><Content-Encoding /><Content-Language /><Content-CRC64 /><Content-MD5 /><Cache-Control /><Content-Disposition /><BlobType>AppendBlob</BlobType><LeaseStatus>unlocked</LeaseStatus><LeaseState>available</LeaseState><ServerEncrypted>true</ServerEncrypted></Properties><OrMetadata /></Blob></Blobs><NextMarker /></EnumerationResults>"
    },
    {
      "RequestUri": "https://nickliuproductionacc.file.core.windows.net/test-share-62b439aa-49d9-8fdd-da32-ddb9c930ec1d/sourceFolder/bar/test-file-5b21a72e-aa18-c257-c9ae-b03bf4cb7aff",
      "RequestMethod": "HEAD",
      "RequestHeaders": {
        "Accept": "application/xml",
        "Authorization": "Sanitized",
        "traceparent": "00-4934712e3a9818410e74a67d7b97cb15-7d418b9bdfe00ef8-00",
        "User-Agent": "azsdk-net-Storage.Files.Shares/12.24.0-alpha.20250716.1 (.NET 8.0.18; Microsoft Windows 10.0.26100)",
        "x-ms-client-request-id": "Sanitized",
        "x-ms-date": "Thu, 17 Jul 2025 01:43:05 GMT",
        "x-ms-return-client-request-id": "true",
        "x-ms-version": "2025-11-05"
      },
      "RequestBody": null,
      "StatusCode": 200,
      "ResponseHeaders": {
        "Content-Length": "1024",
        "Content-Type": "application/octet-stream",
        "Date": "Thu, 17 Jul 2025 01:43:04 GMT",
        "ETag": "\"0x8DDC4D345DD32E9\"",
        "Last-Modified": "Thu, 17 Jul 2025 01:43:04 GMT",
        "Server": [
          "Windows-Azure-File/1.0",
          "Microsoft-HTTPAPI/2.0"
        ],
        "x-ms-client-request-id": "Sanitized",
        "x-ms-file-attributes": "Archive",
        "x-ms-file-change-time": "2025-07-17T01:43:04.5746409Z",
        "x-ms-file-creation-time": "2025-07-17T01:43:04.5746409Z",
        "x-ms-file-id": "14988049928633188352",
        "x-ms-file-last-write-time": "2025-07-17T01:43:04.5746409Z",
        "x-ms-file-parent-id": "10376363910205800448",
        "x-ms-file-permission-key": "8616074386732128176*16083086822043778878",
        "x-ms-lease-state": "available",
        "x-ms-lease-status": "unlocked",
        "x-ms-request-id": "5a0bf0ed-001a-0009-39bc-f6ff09000000",
        "x-ms-server-encrypted": "true",
        "x-ms-type": "File",
        "x-ms-version": "2025-11-05"
      },
      "ResponseBody": null
    },
    {
      "RequestUri": "https://nickliuproductionacc.blob.core.windows.net/test-container-7bbc7df2-8062-9756-00e8-eed4bea8693b/destPrefix/bar/test-file-5b21a72e-aa18-c257-c9ae-b03bf4cb7aff",
      "RequestMethod": "HEAD",
      "RequestHeaders": {
        "Accept": "application/xml",
        "Authorization": "Sanitized",
        "traceparent": "00-7a1099dfb7842e0e132a3516acf025fe-ffe488c712783d71-00",
        "User-Agent": "azsdk-net-Storage.Blobs/12.26.0-alpha.20250716.1 (.NET 8.0.18; Microsoft Windows 10.0.26100)",
        "x-ms-client-request-id": "Sanitized",
        "x-ms-date": "Thu, 17 Jul 2025 01:43:05 GMT",
        "x-ms-return-client-request-id": "true",
        "x-ms-version": "2025-11-05"
      },
      "RequestBody": null,
      "StatusCode": 200,
      "ResponseHeaders": {
        "Accept-Ranges": "bytes",
        "Content-Length": "1024",
        "Content-Type": "application/octet-stream",
        "Date": "Thu, 17 Jul 2025 01:43:04 GMT",
        "ETag": "\"0x8DDC4D34606CD25\"",
        "Last-Modified": "Thu, 17 Jul 2025 01:43:04 GMT",
        "Server": [
          "Windows-Azure-Blob/1.0",
          "Microsoft-HTTPAPI/2.0"
        ],
        "x-ms-blob-committed-block-count": "1",
        "x-ms-blob-type": "AppendBlob",
        "x-ms-client-request-id": "Sanitized",
        "x-ms-creation-time": "Thu, 17 Jul 2025 01:43:04 GMT",
        "x-ms-is-current-version": "true",
        "x-ms-lease-state": "available",
        "x-ms-lease-status": "unlocked",
        "x-ms-request-id": "372ca8dd-501e-0059-16bc-f63d59000000",
        "x-ms-server-encrypted": "true",
        "x-ms-version": "2025-11-05",
        "x-ms-version-id": "2025-07-17T01:43:04.8114429Z"
      },
      "ResponseBody": null
    },
    {
      "RequestUri": "https://nickliuproductionacc.file.core.windows.net/test-share-62b439aa-49d9-8fdd-da32-ddb9c930ec1d/sourceFolder/bar/test-file-5b21a72e-aa18-c257-c9ae-b03bf4cb7aff",
      "RequestMethod": "GET",
      "RequestHeaders": {
        "Accept": "application/xml",
        "Authorization": "Sanitized",
        "User-Agent": "azsdk-net-Storage.Files.Shares/12.24.0-alpha.20250716.1 (.NET 8.0.18; Microsoft Windows 10.0.26100)",
        "x-ms-client-request-id": "Sanitized",
        "x-ms-date": "Thu, 17 Jul 2025 01:43:05 GMT",
        "x-ms-range": "bytes=0-1023",
        "x-ms-return-client-request-id": "true",
        "x-ms-version": "2025-11-05"
      },
      "RequestBody": null,
      "StatusCode": 206,
      "ResponseHeaders": {
        "Accept-Ranges": "bytes",
        "Content-Length": "1024",
        "Content-Range": "bytes 0-1023/1024",
        "Content-Type": "application/octet-stream",
        "Date": "Thu, 17 Jul 2025 01:43:04 GMT",
        "ETag": "\"0x8DDC4D345DD32E9\"",
        "Last-Modified": "Thu, 17 Jul 2025 01:43:04 GMT",
        "Server": [
          "Windows-Azure-File/1.0",
          "Microsoft-HTTPAPI/2.0"
        ],
        "x-ms-client-request-id": "Sanitized",
        "x-ms-file-attributes": "Archive",
        "x-ms-file-change-time": "2025-07-17T01:43:04.5746409Z",
        "x-ms-file-creation-time": "2025-07-17T01:43:04.5746409Z",
        "x-ms-file-id": "14988049928633188352",
        "x-ms-file-last-write-time": "2025-07-17T01:43:04.5746409Z",
        "x-ms-file-parent-id": "10376363910205800448",
        "x-ms-file-permission-key": "8616074386732128176*16083086822043778878",
        "x-ms-lease-state": "available",
        "x-ms-lease-status": "unlocked",
        "x-ms-request-id": "5a0bf0ee-001a-0009-3abc-f6ff09000000",
        "x-ms-server-encrypted": "true",
        "x-ms-type": "File",
        "x-ms-version": "2025-11-05"
      },
      "ResponseBody": "AAAAAAAAAAAAAAAAAAAAAAAAAAAAAAAAAAAAAAAAAAAAAAAAAAAAAAAAAAAAAAAAAAAAAAAAAAAAAAAAAAAAAAAAAAAAAAAAAAAAAAAAAAAAAAAAAAAAAAAAAAAAAAAAAAAAAAAAAAAAAAAAAAAAAAAAAAAAAAAAAAAAAAAAAAAAAAAAAAAAAAAAAAAAAAAAAAAAAAAAAAAAAAAAAAAAAAAAAAAAAAAAAAAAAAAAAAAAAAAAAAAAAAAAAAAAAAAAAAAAAAAAAAAAAAAAAAAAAAAAAAAAAAAAAAAAAAAAAAAAAAAAAAAAAAAAAAAAAAAAAAAAAAAAAAAAAAAAAAAAAAAAAAAAAAAAAAAAAAAAAAAAAAAAAAAAAAAAAAAAAAAAAAAAAAAAAAAAAAAAAAAAAAAAAAAAAAAAAAAAAAAAAAAAAAAAAAAAAAAAAAAAAAAAAAAAAAAAAAAAAAAAAAAAAAAAAAAAAAAAAAAAAAAAAAAAAAAAAAAAAAAAAAAAAAAAAAAAAAAAAAAAAAAAAAAAAAAAAAAAAAAAAAAAAAAAAAAAAAAAAAAAAAAAAAAAAAAAAAAAAAAAAAAAAAAAAAAAAAAAAAAAAAAAAAAAAAAAAAAAAAAAAAAAAAAAAAAAAAAAAAAAAAAAAAAAAAAAAAAAAAAAAAAAAAAAAAAAAAAAAAAAAAAAAAAAAAAAAAAAAAAAAAAAAAAAAAAAAAAAAAAAAAAAAAAAAAAAAAAAAAAAAAAAAAAAAAAAAAAAAAAAAAAAAAAAAAAAAAAAAAAAAAAAAAAAAAAAAAAAAAAAAAAAAAAAAAAAAAAAAAAAAAAAAAAAAAAAAAAAAAAAAAAAAAAAAAAAAAAAAAAAAAAAAAAAAAAAAAAAAAAAAAAAAAAAAAAAAAAAAAAAAAAAAAAAAAAAAAAAAAAAAAAAAAAAAAAAAAAAAAAAAAAAAAAAAAAAAAAAAAAAAAAAAAAAAAAAAAAAAAAAAAAAAAAAAAAAAAAAAAAAAAAAAAAAAAAAAAAAAAAAAAAAAAAAAAAAAAAAAAAAAAAAAAAAAAAAAAAAAAAAAAAAAAAAAAAAAAAAAAAAAAAAAAAAAAAAAAAAAAAAAAAAAAAAAAAAAAAAAAAAAAAAAAAAAAAAAAAAAAAAAAAAAAAAAAAAAAAAAAAAAAAAAAAAAAAAAAAAAAAAAAAAAAAAAAAAAAAAAAAAAAAAAAAAAAAAAAAAAAAAAAAAAAAAAAAAAAAAAAAAAAAAAAAAAAAAAAAAAAAAAAAAAAAAAAAAAAAAAAAAAAAAAAAAAAAAAAAAAAAAAAAAAAAAAAAAAAAAAAAAAAAAAAAAAAAAAAAAAAAAAAAAAAAAAAAAAAAAAAAAAA=="
    },
    {
      "RequestUri": "https://nickliuproductionacc.blob.core.windows.net/test-container-7bbc7df2-8062-9756-00e8-eed4bea8693b/destPrefix/bar/test-file-5b21a72e-aa18-c257-c9ae-b03bf4cb7aff",
      "RequestMethod": "GET",
      "RequestHeaders": {
        "Accept": "application/xml",
        "Authorization": "Sanitized",
        "If-Match": "\"0x8DDC4D34606CD25\"",
        "User-Agent": "azsdk-net-Storage.Blobs/12.26.0-alpha.20250716.1 (.NET 8.0.18; Microsoft Windows 10.0.26100)",
        "x-ms-client-request-id": "Sanitized",
        "x-ms-date": "Thu, 17 Jul 2025 01:43:05 GMT",
        "x-ms-range": "bytes=0-1023",
        "x-ms-return-client-request-id": "true",
        "x-ms-version": "2025-11-05"
      },
      "RequestBody": null,
      "StatusCode": 206,
      "ResponseHeaders": {
        "Accept-Ranges": "bytes",
        "Content-Length": "1024",
        "Content-Range": "bytes 0-1023/1024",
        "Content-Type": "application/octet-stream",
        "Date": "Thu, 17 Jul 2025 01:43:04 GMT",
        "ETag": "\"0x8DDC4D34606CD25\"",
        "Last-Modified": "Thu, 17 Jul 2025 01:43:04 GMT",
        "Server": [
          "Windows-Azure-Blob/1.0",
          "Microsoft-HTTPAPI/2.0"
        ],
        "x-ms-blob-committed-block-count": "1",
        "x-ms-blob-type": "AppendBlob",
        "x-ms-client-request-id": "Sanitized",
        "x-ms-creation-time": "Thu, 17 Jul 2025 01:43:04 GMT",
        "x-ms-is-current-version": "true",
        "x-ms-lease-state": "available",
        "x-ms-lease-status": "unlocked",
        "x-ms-request-id": "372ca917-501e-0059-47bc-f63d59000000",
        "x-ms-server-encrypted": "true",
        "x-ms-version": "2025-11-05",
        "x-ms-version-id": "2025-07-17T01:43:04.8114429Z"
      },
      "ResponseBody": "AAAAAAAAAAAAAAAAAAAAAAAAAAAAAAAAAAAAAAAAAAAAAAAAAAAAAAAAAAAAAAAAAAAAAAAAAAAAAAAAAAAAAAAAAAAAAAAAAAAAAAAAAAAAAAAAAAAAAAAAAAAAAAAAAAAAAAAAAAAAAAAAAAAAAAAAAAAAAAAAAAAAAAAAAAAAAAAAAAAAAAAAAAAAAAAAAAAAAAAAAAAAAAAAAAAAAAAAAAAAAAAAAAAAAAAAAAAAAAAAAAAAAAAAAAAAAAAAAAAAAAAAAAAAAAAAAAAAAAAAAAAAAAAAAAAAAAAAAAAAAAAAAAAAAAAAAAAAAAAAAAAAAAAAAAAAAAAAAAAAAAAAAAAAAAAAAAAAAAAAAAAAAAAAAAAAAAAAAAAAAAAAAAAAAAAAAAAAAAAAAAAAAAAAAAAAAAAAAAAAAAAAAAAAAAAAAAAAAAAAAAAAAAAAAAAAAAAAAAAAAAAAAAAAAAAAAAAAAAAAAAAAAAAAAAAAAAAAAAAAAAAAAAAAAAAAAAAAAAAAAAAAAAAAAAAAAAAAAAAAAAAAAAAAAAAAAAAAAAAAAAAAAAAAAAAAAAAAAAAAAAAAAAAAAAAAAAAAAAAAAAAAAAAAAAAAAAAAAAAAAAAAAAAAAAAAAAAAAAAAAAAAAAAAAAAAAAAAAAAAAAAAAAAAAAAAAAAAAAAAAAAAAAAAAAAAAAAAAAAAAAAAAAAAAAAAAAAAAAAAAAAAAAAAAAAAAAAAAAAAAAAAAAAAAAAAAAAAAAAAAAAAAAAAAAAAAAAAAAAAAAAAAAAAAAAAAAAAAAAAAAAAAAAAAAAAAAAAAAAAAAAAAAAAAAAAAAAAAAAAAAAAAAAAAAAAAAAAAAAAAAAAAAAAAAAAAAAAAAAAAAAAAAAAAAAAAAAAAAAAAAAAAAAAAAAAAAAAAAAAAAAAAAAAAAAAAAAAAAAAAAAAAAAAAAAAAAAAAAAAAAAAAAAAAAAAAAAAAAAAAAAAAAAAAAAAAAAAAAAAAAAAAAAAAAAAAAAAAAAAAAAAAAAAAAAAAAAAAAAAAAAAAAAAAAAAAAAAAAAAAAAAAAAAAAAAAAAAAAAAAAAAAAAAAAAAAAAAAAAAAAAAAAAAAAAAAAAAAAAAAAAAAAAAAAAAAAAAAAAAAAAAAAAAAAAAAAAAAAAAAAAAAAAAAAAAAAAAAAAAAAAAAAAAAAAAAAAAAAAAAAAAAAAAAAAAAAAAAAAAAAAAAAAAAAAAAAAAAAAAAAAAAAAAAAAAAAAAAAAAAAAAAAAAAAAAAAAAAAAAAAAAAAAAAAAAAAAAAAAAAAAAAAAAAAAAAAAAAAAAAAAAAAAAAAAAAAAAAAAAAAAAAAAAAAAAAAAAAAAAAAAAAA=="
    },
    {
      "RequestUri": "https://nickliuproductionacc.file.core.windows.net/test-share-62b439aa-49d9-8fdd-da32-ddb9c930ec1d/sourceFolder/pik/test-file-1e9642a8-1847-ec41-166b-5ff398cc5554",
      "RequestMethod": "HEAD",
      "RequestHeaders": {
        "Accept": "application/xml",
        "Authorization": "Sanitized",
        "traceparent": "00-869840c14956685f46675ef7e4b46d8a-063c97ac173d67fd-00",
        "User-Agent": "azsdk-net-Storage.Files.Shares/12.24.0-alpha.20250716.1 (.NET 8.0.18; Microsoft Windows 10.0.26100)",
        "x-ms-client-request-id": "Sanitized",
        "x-ms-date": "Thu, 17 Jul 2025 01:43:05 GMT",
        "x-ms-return-client-request-id": "true",
        "x-ms-version": "2025-11-05"
      },
      "RequestBody": null,
      "StatusCode": 200,
      "ResponseHeaders": {
        "Content-Length": "1024",
        "Content-Type": "application/octet-stream",
        "Date": "Thu, 17 Jul 2025 01:43:04 GMT",
        "ETag": "\"0x8DDC4D345E4CB7E\"",
        "Last-Modified": "Thu, 17 Jul 2025 01:43:04 GMT",
        "Server": [
          "Windows-Azure-File/1.0",
          "Microsoft-HTTPAPI/2.0"
        ],
        "x-ms-client-request-id": "Sanitized",
        "x-ms-file-attributes": "Archive",
        "x-ms-file-change-time": "2025-07-17T01:43:04.6244222Z",
        "x-ms-file-creation-time": "2025-07-17T01:43:04.6244222Z",
        "x-ms-file-id": "17293892937846882304",
        "x-ms-file-last-write-time": "2025-07-17T01:43:04.6244222Z",
        "x-ms-file-parent-id": "12682206919419494400",
        "x-ms-file-permission-key": "8616074386732128176*16083086822043778878",
        "x-ms-lease-state": "available",
        "x-ms-lease-status": "unlocked",
        "x-ms-request-id": "5a0bf0ef-001a-0009-3bbc-f6ff09000000",
        "x-ms-server-encrypted": "true",
        "x-ms-type": "File",
        "x-ms-version": "2025-11-05"
      },
      "ResponseBody": null
    },
    {
      "RequestUri": "https://nickliuproductionacc.blob.core.windows.net/test-container-7bbc7df2-8062-9756-00e8-eed4bea8693b/destPrefix/pik/test-file-1e9642a8-1847-ec41-166b-5ff398cc5554",
      "RequestMethod": "HEAD",
      "RequestHeaders": {
        "Accept": "application/xml",
        "Authorization": "Sanitized",
        "traceparent": "00-0235e3e9dcb0791f2733b711779ceb8c-00f06bbb14778a72-00",
        "User-Agent": "azsdk-net-Storage.Blobs/12.26.0-alpha.20250716.1 (.NET 8.0.18; Microsoft Windows 10.0.26100)",
        "x-ms-client-request-id": "Sanitized",
        "x-ms-date": "Thu, 17 Jul 2025 01:43:05 GMT",
        "x-ms-return-client-request-id": "true",
        "x-ms-version": "2025-11-05"
      },
      "RequestBody": null,
      "StatusCode": 200,
      "ResponseHeaders": {
        "Accept-Ranges": "bytes",
        "Content-Length": "1024",
        "Content-Type": "application/octet-stream",
        "Date": "Thu, 17 Jul 2025 01:43:04 GMT",
        "ETag": "\"0x8DDC4D34609D6F2\"",
        "Last-Modified": "Thu, 17 Jul 2025 01:43:04 GMT",
        "Server": [
          "Windows-Azure-Blob/1.0",
          "Microsoft-HTTPAPI/2.0"
        ],
        "x-ms-blob-committed-block-count": "1",
        "x-ms-blob-type": "AppendBlob",
        "x-ms-client-request-id": "Sanitized",
        "x-ms-creation-time": "Thu, 17 Jul 2025 01:43:04 GMT",
        "x-ms-is-current-version": "true",
        "x-ms-lease-state": "available",
        "x-ms-lease-status": "unlocked",
        "x-ms-request-id": "372ca94e-501e-0059-75bc-f63d59000000",
        "x-ms-server-encrypted": "true",
        "x-ms-version": "2025-11-05",
        "x-ms-version-id": "2025-07-17T01:43:04.8403169Z"
      },
      "ResponseBody": null
    },
    {
      "RequestUri": "https://nickliuproductionacc.file.core.windows.net/test-share-62b439aa-49d9-8fdd-da32-ddb9c930ec1d/sourceFolder/pik/test-file-1e9642a8-1847-ec41-166b-5ff398cc5554",
      "RequestMethod": "GET",
      "RequestHeaders": {
        "Accept": "application/xml",
        "Authorization": "Sanitized",
        "User-Agent": "azsdk-net-Storage.Files.Shares/12.24.0-alpha.20250716.1 (.NET 8.0.18; Microsoft Windows 10.0.26100)",
        "x-ms-client-request-id": "Sanitized",
        "x-ms-date": "Thu, 17 Jul 2025 01:43:05 GMT",
        "x-ms-range": "bytes=0-1023",
        "x-ms-return-client-request-id": "true",
        "x-ms-version": "2025-11-05"
      },
      "RequestBody": null,
      "StatusCode": 206,
      "ResponseHeaders": {
        "Accept-Ranges": "bytes",
        "Content-Length": "1024",
        "Content-Range": "bytes 0-1023/1024",
        "Content-Type": "application/octet-stream",
        "Date": "Thu, 17 Jul 2025 01:43:04 GMT",
        "ETag": "\"0x8DDC4D345E4CB7E\"",
        "Last-Modified": "Thu, 17 Jul 2025 01:43:04 GMT",
        "Server": [
          "Windows-Azure-File/1.0",
          "Microsoft-HTTPAPI/2.0"
        ],
        "x-ms-client-request-id": "Sanitized",
        "x-ms-file-attributes": "Archive",
        "x-ms-file-change-time": "2025-07-17T01:43:04.6244222Z",
        "x-ms-file-creation-time": "2025-07-17T01:43:04.6244222Z",
        "x-ms-file-id": "17293892937846882304",
        "x-ms-file-last-write-time": "2025-07-17T01:43:04.6244222Z",
        "x-ms-file-parent-id": "12682206919419494400",
        "x-ms-file-permission-key": "8616074386732128176*16083086822043778878",
        "x-ms-lease-state": "available",
        "x-ms-lease-status": "unlocked",
        "x-ms-request-id": "5a0bf0f0-001a-0009-3cbc-f6ff09000000",
        "x-ms-server-encrypted": "true",
        "x-ms-type": "File",
        "x-ms-version": "2025-11-05"
      },
      "ResponseBody": "AAAAAAAAAAAAAAAAAAAAAAAAAAAAAAAAAAAAAAAAAAAAAAAAAAAAAAAAAAAAAAAAAAAAAAAAAAAAAAAAAAAAAAAAAAAAAAAAAAAAAAAAAAAAAAAAAAAAAAAAAAAAAAAAAAAAAAAAAAAAAAAAAAAAAAAAAAAAAAAAAAAAAAAAAAAAAAAAAAAAAAAAAAAAAAAAAAAAAAAAAAAAAAAAAAAAAAAAAAAAAAAAAAAAAAAAAAAAAAAAAAAAAAAAAAAAAAAAAAAAAAAAAAAAAAAAAAAAAAAAAAAAAAAAAAAAAAAAAAAAAAAAAAAAAAAAAAAAAAAAAAAAAAAAAAAAAAAAAAAAAAAAAAAAAAAAAAAAAAAAAAAAAAAAAAAAAAAAAAAAAAAAAAAAAAAAAAAAAAAAAAAAAAAAAAAAAAAAAAAAAAAAAAAAAAAAAAAAAAAAAAAAAAAAAAAAAAAAAAAAAAAAAAAAAAAAAAAAAAAAAAAAAAAAAAAAAAAAAAAAAAAAAAAAAAAAAAAAAAAAAAAAAAAAAAAAAAAAAAAAAAAAAAAAAAAAAAAAAAAAAAAAAAAAAAAAAAAAAAAAAAAAAAAAAAAAAAAAAAAAAAAAAAAAAAAAAAAAAAAAAAAAAAAAAAAAAAAAAAAAAAAAAAAAAAAAAAAAAAAAAAAAAAAAAAAAAAAAAAAAAAAAAAAAAAAAAAAAAAAAAAAAAAAAAAAAAAAAAAAAAAAAAAAAAAAAAAAAAAAAAAAAAAAAAAAAAAAAAAAAAAAAAAAAAAAAAAAAAAAAAAAAAAAAAAAAAAAAAAAAAAAAAAAAAAAAAAAAAAAAAAAAAAAAAAAAAAAAAAAAAAAAAAAAAAAAAAAAAAAAAAAAAAAAAAAAAAAAAAAAAAAAAAAAAAAAAAAAAAAAAAAAAAAAAAAAAAAAAAAAAAAAAAAAAAAAAAAAAAAAAAAAAAAAAAAAAAAAAAAAAAAAAAAAAAAAAAAAAAAAAAAAAAAAAAAAAAAAAAAAAAAAAAAAAAAAAAAAAAAAAAAAAAAAAAAAAAAAAAAAAAAAAAAAAAAAAAAAAAAAAAAAAAAAAAAAAAAAAAAAAAAAAAAAAAAAAAAAAAAAAAAAAAAAAAAAAAAAAAAAAAAAAAAAAAAAAAAAAAAAAAAAAAAAAAAAAAAAAAAAAAAAAAAAAAAAAAAAAAAAAAAAAAAAAAAAAAAAAAAAAAAAAAAAAAAAAAAAAAAAAAAAAAAAAAAAAAAAAAAAAAAAAAAAAAAAAAAAAAAAAAAAAAAAAAAAAAAAAAAAAAAAAAAAAAAAAAAAAAAAAAAAAAAAAAAAAAAAAAAAAAAAAAAAAAAAAAAAAAAAAAAAAAAAAAAAAAAAAAAAAAAAAA=="
    },
    {
      "RequestUri": "https://nickliuproductionacc.blob.core.windows.net/test-container-7bbc7df2-8062-9756-00e8-eed4bea8693b/destPrefix/pik/test-file-1e9642a8-1847-ec41-166b-5ff398cc5554",
      "RequestMethod": "GET",
      "RequestHeaders": {
        "Accept": "application/xml",
        "Authorization": "Sanitized",
        "If-Match": "\"0x8DDC4D34609D6F2\"",
        "User-Agent": "azsdk-net-Storage.Blobs/12.26.0-alpha.20250716.1 (.NET 8.0.18; Microsoft Windows 10.0.26100)",
        "x-ms-client-request-id": "Sanitized",
        "x-ms-date": "Thu, 17 Jul 2025 01:43:05 GMT",
        "x-ms-range": "bytes=0-1023",
        "x-ms-return-client-request-id": "true",
        "x-ms-version": "2025-11-05"
      },
      "RequestBody": null,
      "StatusCode": 206,
      "ResponseHeaders": {
        "Accept-Ranges": "bytes",
        "Content-Length": "1024",
        "Content-Range": "bytes 0-1023/1024",
        "Content-Type": "application/octet-stream",
        "Date": "Thu, 17 Jul 2025 01:43:04 GMT",
        "ETag": "\"0x8DDC4D34609D6F2\"",
        "Last-Modified": "Thu, 17 Jul 2025 01:43:04 GMT",
        "Server": [
          "Windows-Azure-Blob/1.0",
          "Microsoft-HTTPAPI/2.0"
        ],
        "x-ms-blob-committed-block-count": "1",
        "x-ms-blob-type": "AppendBlob",
        "x-ms-client-request-id": "Sanitized",
        "x-ms-creation-time": "Thu, 17 Jul 2025 01:43:04 GMT",
        "x-ms-is-current-version": "true",
        "x-ms-lease-state": "available",
        "x-ms-lease-status": "unlocked",
        "x-ms-request-id": "372ca988-501e-0059-2ebc-f63d59000000",
        "x-ms-server-encrypted": "true",
        "x-ms-version": "2025-11-05",
        "x-ms-version-id": "2025-07-17T01:43:04.8403169Z"
      },
      "ResponseBody": "AAAAAAAAAAAAAAAAAAAAAAAAAAAAAAAAAAAAAAAAAAAAAAAAAAAAAAAAAAAAAAAAAAAAAAAAAAAAAAAAAAAAAAAAAAAAAAAAAAAAAAAAAAAAAAAAAAAAAAAAAAAAAAAAAAAAAAAAAAAAAAAAAAAAAAAAAAAAAAAAAAAAAAAAAAAAAAAAAAAAAAAAAAAAAAAAAAAAAAAAAAAAAAAAAAAAAAAAAAAAAAAAAAAAAAAAAAAAAAAAAAAAAAAAAAAAAAAAAAAAAAAAAAAAAAAAAAAAAAAAAAAAAAAAAAAAAAAAAAAAAAAAAAAAAAAAAAAAAAAAAAAAAAAAAAAAAAAAAAAAAAAAAAAAAAAAAAAAAAAAAAAAAAAAAAAAAAAAAAAAAAAAAAAAAAAAAAAAAAAAAAAAAAAAAAAAAAAAAAAAAAAAAAAAAAAAAAAAAAAAAAAAAAAAAAAAAAAAAAAAAAAAAAAAAAAAAAAAAAAAAAAAAAAAAAAAAAAAAAAAAAAAAAAAAAAAAAAAAAAAAAAAAAAAAAAAAAAAAAAAAAAAAAAAAAAAAAAAAAAAAAAAAAAAAAAAAAAAAAAAAAAAAAAAAAAAAAAAAAAAAAAAAAAAAAAAAAAAAAAAAAAAAAAAAAAAAAAAAAAAAAAAAAAAAAAAAAAAAAAAAAAAAAAAAAAAAAAAAAAAAAAAAAAAAAAAAAAAAAAAAAAAAAAAAAAAAAAAAAAAAAAAAAAAAAAAAAAAAAAAAAAAAAAAAAAAAAAAAAAAAAAAAAAAAAAAAAAAAAAAAAAAAAAAAAAAAAAAAAAAAAAAAAAAAAAAAAAAAAAAAAAAAAAAAAAAAAAAAAAAAAAAAAAAAAAAAAAAAAAAAAAAAAAAAAAAAAAAAAAAAAAAAAAAAAAAAAAAAAAAAAAAAAAAAAAAAAAAAAAAAAAAAAAAAAAAAAAAAAAAAAAAAAAAAAAAAAAAAAAAAAAAAAAAAAAAAAAAAAAAAAAAAAAAAAAAAAAAAAAAAAAAAAAAAAAAAAAAAAAAAAAAAAAAAAAAAAAAAAAAAAAAAAAAAAAAAAAAAAAAAAAAAAAAAAAAAAAAAAAAAAAAAAAAAAAAAAAAAAAAAAAAAAAAAAAAAAAAAAAAAAAAAAAAAAAAAAAAAAAAAAAAAAAAAAAAAAAAAAAAAAAAAAAAAAAAAAAAAAAAAAAAAAAAAAAAAAAAAAAAAAAAAAAAAAAAAAAAAAAAAAAAAAAAAAAAAAAAAAAAAAAAAAAAAAAAAAAAAAAAAAAAAAAAAAAAAAAAAAAAAAAAAAAAAAAAAAAAAAAAAAAAAAAAAAAAAAAAAAAAAAAAAAAAAAAAAAAAAAAAAAAAAAAAAAAAAAAAAAAAAAAAAA=="
    },
    {
      "RequestUri": "https://nickliuproductionacc.file.core.windows.net/test-share-62b439aa-49d9-8fdd-da32-ddb9c930ec1d/sourceFolder/test-file-65dd8a6a-3d4c-8453-cb03-064da4f20351",
      "RequestMethod": "HEAD",
      "RequestHeaders": {
        "Accept": "application/xml",
        "Authorization": "Sanitized",
        "traceparent": "00-3c160e1f79b4f99fe3278eee1dc644a6-83e6ad60d13a9706-00",
        "User-Agent": "azsdk-net-Storage.Files.Shares/12.24.0-alpha.20250716.1 (.NET 8.0.18; Microsoft Windows 10.0.26100)",
        "x-ms-client-request-id": "Sanitized",
        "x-ms-date": "Thu, 17 Jul 2025 01:43:05 GMT",
        "x-ms-return-client-request-id": "true",
        "x-ms-version": "2025-11-05"
      },
      "RequestBody": null,
      "StatusCode": 200,
      "ResponseHeaders": {
        "Content-Length": "1024",
        "Content-Type": "application/octet-stream",
        "Date": "Thu, 17 Jul 2025 01:43:04 GMT",
        "ETag": "\"0x8DDC4D345D43C56\"",
        "Last-Modified": "Thu, 17 Jul 2025 01:43:04 GMT",
        "Server": [
          "Windows-Azure-File/1.0",
          "Microsoft-HTTPAPI/2.0"
        ],
        "x-ms-client-request-id": "Sanitized",
        "x-ms-file-attributes": "Archive",
        "x-ms-file-change-time": "2025-07-17T01:43:04.5158998Z",
        "x-ms-file-creation-time": "2025-07-17T01:43:04.5158998Z",
        "x-ms-file-id": "16140971433240035328",
        "x-ms-file-last-write-time": "2025-07-17T01:43:04.5158998Z",
        "x-ms-file-parent-id": "13835128424026341376",
        "x-ms-file-permission-key": "8616074386732128176*16083086822043778878",
        "x-ms-lease-state": "available",
        "x-ms-lease-status": "unlocked",
        "x-ms-request-id": "5a0bf0f1-001a-0009-3dbc-f6ff09000000",
        "x-ms-server-encrypted": "true",
        "x-ms-type": "File",
        "x-ms-version": "2025-11-05"
      },
      "ResponseBody": null
    },
    {
      "RequestUri": "https://nickliuproductionacc.blob.core.windows.net/test-container-7bbc7df2-8062-9756-00e8-eed4bea8693b/destPrefix/test-file-65dd8a6a-3d4c-8453-cb03-064da4f20351",
      "RequestMethod": "HEAD",
      "RequestHeaders": {
        "Accept": "application/xml",
        "Authorization": "Sanitized",
        "traceparent": "00-e3f2c41b95c32137e02c36cffb618c29-839066441bf0a7fb-00",
        "User-Agent": "azsdk-net-Storage.Blobs/12.26.0-alpha.20250716.1 (.NET 8.0.18; Microsoft Windows 10.0.26100)",
        "x-ms-client-request-id": "Sanitized",
        "x-ms-date": "Thu, 17 Jul 2025 01:43:05 GMT",
        "x-ms-return-client-request-id": "true",
        "x-ms-version": "2025-11-05"
      },
      "RequestBody": null,
      "StatusCode": 200,
      "ResponseHeaders": {
        "Accept-Ranges": "bytes",
        "Content-Length": "1024",
        "Content-Type": "application/octet-stream",
        "Date": "Thu, 17 Jul 2025 01:43:04 GMT",
        "ETag": "\"0x8DDC4D34603EA32\"",
        "Last-Modified": "Thu, 17 Jul 2025 01:43:04 GMT",
        "Server": [
          "Windows-Azure-Blob/1.0",
          "Microsoft-HTTPAPI/2.0"
        ],
        "x-ms-blob-committed-block-count": "1",
        "x-ms-blob-type": "AppendBlob",
        "x-ms-client-request-id": "Sanitized",
        "x-ms-creation-time": "Thu, 17 Jul 2025 01:43:04 GMT",
        "x-ms-is-current-version": "true",
        "x-ms-lease-state": "available",
        "x-ms-lease-status": "unlocked",
        "x-ms-request-id": "372ca9be-501e-0059-63bc-f63d59000000",
        "x-ms-server-encrypted": "true",
        "x-ms-version": "2025-11-05",
        "x-ms-version-id": "2025-07-17T01:43:04.8034789Z"
      },
      "ResponseBody": null
    },
    {
      "RequestUri": "https://nickliuproductionacc.file.core.windows.net/test-share-62b439aa-49d9-8fdd-da32-ddb9c930ec1d/sourceFolder/test-file-65dd8a6a-3d4c-8453-cb03-064da4f20351",
      "RequestMethod": "GET",
      "RequestHeaders": {
        "Accept": "application/xml",
        "Authorization": "Sanitized",
        "User-Agent": "azsdk-net-Storage.Files.Shares/12.24.0-alpha.20250716.1 (.NET 8.0.18; Microsoft Windows 10.0.26100)",
        "x-ms-client-request-id": "Sanitized",
        "x-ms-date": "Thu, 17 Jul 2025 01:43:05 GMT",
        "x-ms-range": "bytes=0-1023",
        "x-ms-return-client-request-id": "true",
        "x-ms-version": "2025-11-05"
      },
      "RequestBody": null,
      "StatusCode": 206,
      "ResponseHeaders": {
        "Accept-Ranges": "bytes",
        "Content-Length": "1024",
        "Content-Range": "bytes 0-1023/1024",
        "Content-Type": "application/octet-stream",
        "Date": "Thu, 17 Jul 2025 01:43:04 GMT",
        "ETag": "\"0x8DDC4D345D43C56\"",
        "Last-Modified": "Thu, 17 Jul 2025 01:43:04 GMT",
        "Server": [
          "Windows-Azure-File/1.0",
          "Microsoft-HTTPAPI/2.0"
        ],
        "x-ms-client-request-id": "Sanitized",
        "x-ms-file-attributes": "Archive",
        "x-ms-file-change-time": "2025-07-17T01:43:04.5158998Z",
        "x-ms-file-creation-time": "2025-07-17T01:43:04.5158998Z",
        "x-ms-file-id": "16140971433240035328",
        "x-ms-file-last-write-time": "2025-07-17T01:43:04.5158998Z",
        "x-ms-file-parent-id": "13835128424026341376",
        "x-ms-file-permission-key": "8616074386732128176*16083086822043778878",
        "x-ms-lease-state": "available",
        "x-ms-lease-status": "unlocked",
        "x-ms-request-id": "5a0bf0f2-001a-0009-3ebc-f6ff09000000",
        "x-ms-server-encrypted": "true",
        "x-ms-type": "File",
        "x-ms-version": "2025-11-05"
      },
      "ResponseBody": "AAAAAAAAAAAAAAAAAAAAAAAAAAAAAAAAAAAAAAAAAAAAAAAAAAAAAAAAAAAAAAAAAAAAAAAAAAAAAAAAAAAAAAAAAAAAAAAAAAAAAAAAAAAAAAAAAAAAAAAAAAAAAAAAAAAAAAAAAAAAAAAAAAAAAAAAAAAAAAAAAAAAAAAAAAAAAAAAAAAAAAAAAAAAAAAAAAAAAAAAAAAAAAAAAAAAAAAAAAAAAAAAAAAAAAAAAAAAAAAAAAAAAAAAAAAAAAAAAAAAAAAAAAAAAAAAAAAAAAAAAAAAAAAAAAAAAAAAAAAAAAAAAAAAAAAAAAAAAAAAAAAAAAAAAAAAAAAAAAAAAAAAAAAAAAAAAAAAAAAAAAAAAAAAAAAAAAAAAAAAAAAAAAAAAAAAAAAAAAAAAAAAAAAAAAAAAAAAAAAAAAAAAAAAAAAAAAAAAAAAAAAAAAAAAAAAAAAAAAAAAAAAAAAAAAAAAAAAAAAAAAAAAAAAAAAAAAAAAAAAAAAAAAAAAAAAAAAAAAAAAAAAAAAAAAAAAAAAAAAAAAAAAAAAAAAAAAAAAAAAAAAAAAAAAAAAAAAAAAAAAAAAAAAAAAAAAAAAAAAAAAAAAAAAAAAAAAAAAAAAAAAAAAAAAAAAAAAAAAAAAAAAAAAAAAAAAAAAAAAAAAAAAAAAAAAAAAAAAAAAAAAAAAAAAAAAAAAAAAAAAAAAAAAAAAAAAAAAAAAAAAAAAAAAAAAAAAAAAAAAAAAAAAAAAAAAAAAAAAAAAAAAAAAAAAAAAAAAAAAAAAAAAAAAAAAAAAAAAAAAAAAAAAAAAAAAAAAAAAAAAAAAAAAAAAAAAAAAAAAAAAAAAAAAAAAAAAAAAAAAAAAAAAAAAAAAAAAAAAAAAAAAAAAAAAAAAAAAAAAAAAAAAAAAAAAAAAAAAAAAAAAAAAAAAAAAAAAAAAAAAAAAAAAAAAAAAAAAAAAAAAAAAAAAAAAAAAAAAAAAAAAAAAAAAAAAAAAAAAAAAAAAAAAAAAAAAAAAAAAAAAAAAAAAAAAAAAAAAAAAAAAAAAAAAAAAAAAAAAAAAAAAAAAAAAAAAAAAAAAAAAAAAAAAAAAAAAAAAAAAAAAAAAAAAAAAAAAAAAAAAAAAAAAAAAAAAAAAAAAAAAAAAAAAAAAAAAAAAAAAAAAAAAAAAAAAAAAAAAAAAAAAAAAAAAAAAAAAAAAAAAAAAAAAAAAAAAAAAAAAAAAAAAAAAAAAAAAAAAAAAAAAAAAAAAAAAAAAAAAAAAAAAAAAAAAAAAAAAAAAAAAAAAAAAAAAAAAAAAAAAAAAAAAAAAAAAAAAAAAAAAAAAAAAAAAAAAAAAAAAAAAAAAAAAAAAAAAAAAAAAAAAAA=="
    },
    {
      "RequestUri": "https://nickliuproductionacc.blob.core.windows.net/test-container-7bbc7df2-8062-9756-00e8-eed4bea8693b/destPrefix/test-file-65dd8a6a-3d4c-8453-cb03-064da4f20351",
      "RequestMethod": "GET",
      "RequestHeaders": {
        "Accept": "application/xml",
        "Authorization": "Sanitized",
        "If-Match": "\"0x8DDC4D34603EA32\"",
        "User-Agent": "azsdk-net-Storage.Blobs/12.26.0-alpha.20250716.1 (.NET 8.0.18; Microsoft Windows 10.0.26100)",
        "x-ms-client-request-id": "Sanitized",
        "x-ms-date": "Thu, 17 Jul 2025 01:43:05 GMT",
        "x-ms-range": "bytes=0-1023",
        "x-ms-return-client-request-id": "true",
        "x-ms-version": "2025-11-05"
      },
      "RequestBody": null,
      "StatusCode": 206,
      "ResponseHeaders": {
        "Accept-Ranges": "bytes",
        "Content-Length": "1024",
        "Content-Range": "bytes 0-1023/1024",
        "Content-Type": "application/octet-stream",
        "Date": "Thu, 17 Jul 2025 01:43:04 GMT",
        "ETag": "\"0x8DDC4D34603EA32\"",
        "Last-Modified": "Thu, 17 Jul 2025 01:43:04 GMT",
        "Server": [
          "Windows-Azure-Blob/1.0",
          "Microsoft-HTTPAPI/2.0"
        ],
        "x-ms-blob-committed-block-count": "1",
        "x-ms-blob-type": "AppendBlob",
        "x-ms-client-request-id": "Sanitized",
        "x-ms-creation-time": "Thu, 17 Jul 2025 01:43:04 GMT",
        "x-ms-is-current-version": "true",
        "x-ms-lease-state": "available",
        "x-ms-lease-status": "unlocked",
        "x-ms-request-id": "372ca9f1-501e-0059-15bc-f63d59000000",
        "x-ms-server-encrypted": "true",
        "x-ms-version": "2025-11-05",
        "x-ms-version-id": "2025-07-17T01:43:04.8034789Z"
      },
      "ResponseBody": "AAAAAAAAAAAAAAAAAAAAAAAAAAAAAAAAAAAAAAAAAAAAAAAAAAAAAAAAAAAAAAAAAAAAAAAAAAAAAAAAAAAAAAAAAAAAAAAAAAAAAAAAAAAAAAAAAAAAAAAAAAAAAAAAAAAAAAAAAAAAAAAAAAAAAAAAAAAAAAAAAAAAAAAAAAAAAAAAAAAAAAAAAAAAAAAAAAAAAAAAAAAAAAAAAAAAAAAAAAAAAAAAAAAAAAAAAAAAAAAAAAAAAAAAAAAAAAAAAAAAAAAAAAAAAAAAAAAAAAAAAAAAAAAAAAAAAAAAAAAAAAAAAAAAAAAAAAAAAAAAAAAAAAAAAAAAAAAAAAAAAAAAAAAAAAAAAAAAAAAAAAAAAAAAAAAAAAAAAAAAAAAAAAAAAAAAAAAAAAAAAAAAAAAAAAAAAAAAAAAAAAAAAAAAAAAAAAAAAAAAAAAAAAAAAAAAAAAAAAAAAAAAAAAAAAAAAAAAAAAAAAAAAAAAAAAAAAAAAAAAAAAAAAAAAAAAAAAAAAAAAAAAAAAAAAAAAAAAAAAAAAAAAAAAAAAAAAAAAAAAAAAAAAAAAAAAAAAAAAAAAAAAAAAAAAAAAAAAAAAAAAAAAAAAAAAAAAAAAAAAAAAAAAAAAAAAAAAAAAAAAAAAAAAAAAAAAAAAAAAAAAAAAAAAAAAAAAAAAAAAAAAAAAAAAAAAAAAAAAAAAAAAAAAAAAAAAAAAAAAAAAAAAAAAAAAAAAAAAAAAAAAAAAAAAAAAAAAAAAAAAAAAAAAAAAAAAAAAAAAAAAAAAAAAAAAAAAAAAAAAAAAAAAAAAAAAAAAAAAAAAAAAAAAAAAAAAAAAAAAAAAAAAAAAAAAAAAAAAAAAAAAAAAAAAAAAAAAAAAAAAAAAAAAAAAAAAAAAAAAAAAAAAAAAAAAAAAAAAAAAAAAAAAAAAAAAAAAAAAAAAAAAAAAAAAAAAAAAAAAAAAAAAAAAAAAAAAAAAAAAAAAAAAAAAAAAAAAAAAAAAAAAAAAAAAAAAAAAAAAAAAAAAAAAAAAAAAAAAAAAAAAAAAAAAAAAAAAAAAAAAAAAAAAAAAAAAAAAAAAAAAAAAAAAAAAAAAAAAAAAAAAAAAAAAAAAAAAAAAAAAAAAAAAAAAAAAAAAAAAAAAAAAAAAAAAAAAAAAAAAAAAAAAAAAAAAAAAAAAAAAAAAAAAAAAAAAAAAAAAAAAAAAAAAAAAAAAAAAAAAAAAAAAAAAAAAAAAAAAAAAAAAAAAAAAAAAAAAAAAAAAAAAAAAAAAAAAAAAAAAAAAAAAAAAAAAAAAAAAAAAAAAAAAAAAAAAAAAAAAAAAAAAAAAAAAAAAAAAAAAAAAAAAAAAAAAAAAAAAAAAAAAAA=="
    },
    {
      "RequestUri": "https://nickliuproductionacc.file.core.windows.net/test-share-62b439aa-49d9-8fdd-da32-ddb9c930ec1d/sourceFolder/test-file-bb6ffda0-993c-9569-a76b-d3715ef7fc7c",
      "RequestMethod": "HEAD",
      "RequestHeaders": {
        "Accept": "application/xml",
        "Authorization": "Sanitized",
        "traceparent": "00-6b8c76e85129b5c153b2471497ae733f-80c8a9677308cd95-00",
        "User-Agent": "azsdk-net-Storage.Files.Shares/12.24.0-alpha.20250716.1 (.NET 8.0.18; Microsoft Windows 10.0.26100)",
        "x-ms-client-request-id": "Sanitized",
        "x-ms-date": "Thu, 17 Jul 2025 01:43:05 GMT",
        "x-ms-return-client-request-id": "true",
        "x-ms-version": "2025-11-05"
      },
      "RequestBody": null,
      "StatusCode": 200,
      "ResponseHeaders": {
        "Content-Length": "1024",
        "Content-Type": "application/octet-stream",
        "Date": "Thu, 17 Jul 2025 01:43:04 GMT",
        "ETag": "\"0x8DDC4D345CFAD95\"",
        "Last-Modified": "Thu, 17 Jul 2025 01:43:04 GMT",
        "Server": [
          "Windows-Azure-File/1.0",
          "Microsoft-HTTPAPI/2.0"
        ],
        "x-ms-client-request-id": "Sanitized",
        "x-ms-file-attributes": "Archive",
        "x-ms-file-change-time": "2025-07-17T01:43:04.4860309Z",
        "x-ms-file-creation-time": "2025-07-17T01:43:04.4860309Z",
        "x-ms-file-id": "11529285414812647424",
        "x-ms-file-last-write-time": "2025-07-17T01:43:04.4860309Z",
        "x-ms-file-parent-id": "13835128424026341376",
        "x-ms-file-permission-key": "8616074386732128176*16083086822043778878",
        "x-ms-lease-state": "available",
        "x-ms-lease-status": "unlocked",
        "x-ms-request-id": "5a0bf0f4-001a-0009-3fbc-f6ff09000000",
        "x-ms-server-encrypted": "true",
        "x-ms-type": "File",
        "x-ms-version": "2025-11-05"
      },
      "ResponseBody": null
    },
    {
      "RequestUri": "https://nickliuproductionacc.blob.core.windows.net/test-container-7bbc7df2-8062-9756-00e8-eed4bea8693b/destPrefix/test-file-bb6ffda0-993c-9569-a76b-d3715ef7fc7c",
      "RequestMethod": "HEAD",
      "RequestHeaders": {
        "Accept": "application/xml",
        "Authorization": "Sanitized",
        "traceparent": "00-ffba4d6fa1837e12549758413b115317-59540936eda97e40-00",
        "User-Agent": "azsdk-net-Storage.Blobs/12.26.0-alpha.20250716.1 (.NET 8.0.18; Microsoft Windows 10.0.26100)",
        "x-ms-client-request-id": "Sanitized",
        "x-ms-date": "Thu, 17 Jul 2025 01:43:05 GMT",
        "x-ms-return-client-request-id": "true",
        "x-ms-version": "2025-11-05"
      },
      "RequestBody": null,
      "StatusCode": 200,
      "ResponseHeaders": {
        "Accept-Ranges": "bytes",
        "Content-Length": "1024",
        "Content-Type": "application/octet-stream",
        "Date": "Thu, 17 Jul 2025 01:43:04 GMT",
        "ETag": "\"0x8DDC4D34603C347\"",
        "Last-Modified": "Thu, 17 Jul 2025 01:43:04 GMT",
        "Server": [
          "Windows-Azure-Blob/1.0",
          "Microsoft-HTTPAPI/2.0"
        ],
        "x-ms-blob-committed-block-count": "1",
        "x-ms-blob-type": "AppendBlob",
        "x-ms-client-request-id": "Sanitized",
        "x-ms-creation-time": "Thu, 17 Jul 2025 01:43:04 GMT",
        "x-ms-is-current-version": "true",
        "x-ms-lease-state": "available",
        "x-ms-lease-status": "unlocked",
        "x-ms-request-id": "372caa1e-501e-0059-42bc-f63d59000000",
        "x-ms-server-encrypted": "true",
        "x-ms-version": "2025-11-05",
        "x-ms-version-id": "2025-07-17T01:43:04.7915307Z"
      },
      "ResponseBody": null
    },
    {
      "RequestUri": "https://nickliuproductionacc.file.core.windows.net/test-share-62b439aa-49d9-8fdd-da32-ddb9c930ec1d/sourceFolder/test-file-bb6ffda0-993c-9569-a76b-d3715ef7fc7c",
      "RequestMethod": "GET",
      "RequestHeaders": {
        "Accept": "application/xml",
        "Authorization": "Sanitized",
        "User-Agent": "azsdk-net-Storage.Files.Shares/12.24.0-alpha.20250716.1 (.NET 8.0.18; Microsoft Windows 10.0.26100)",
        "x-ms-client-request-id": "Sanitized",
        "x-ms-date": "Thu, 17 Jul 2025 01:43:05 GMT",
        "x-ms-range": "bytes=0-1023",
        "x-ms-return-client-request-id": "true",
        "x-ms-version": "2025-11-05"
      },
      "RequestBody": null,
      "StatusCode": 206,
      "ResponseHeaders": {
        "Accept-Ranges": "bytes",
        "Content-Length": "1024",
        "Content-Range": "bytes 0-1023/1024",
        "Content-Type": "application/octet-stream",
        "Date": "Thu, 17 Jul 2025 01:43:04 GMT",
        "ETag": "\"0x8DDC4D345CFAD95\"",
        "Last-Modified": "Thu, 17 Jul 2025 01:43:04 GMT",
        "Server": [
          "Windows-Azure-File/1.0",
          "Microsoft-HTTPAPI/2.0"
        ],
        "x-ms-client-request-id": "Sanitized",
        "x-ms-file-attributes": "Archive",
        "x-ms-file-change-time": "2025-07-17T01:43:04.4860309Z",
        "x-ms-file-creation-time": "2025-07-17T01:43:04.4860309Z",
        "x-ms-file-id": "11529285414812647424",
        "x-ms-file-last-write-time": "2025-07-17T01:43:04.4860309Z",
        "x-ms-file-parent-id": "13835128424026341376",
        "x-ms-file-permission-key": "8616074386732128176*16083086822043778878",
        "x-ms-lease-state": "available",
        "x-ms-lease-status": "unlocked",
        "x-ms-request-id": "5a0bf0f5-001a-0009-40bc-f6ff09000000",
        "x-ms-server-encrypted": "true",
        "x-ms-type": "File",
        "x-ms-version": "2025-11-05"
      },
      "ResponseBody": "AAAAAAAAAAAAAAAAAAAAAAAAAAAAAAAAAAAAAAAAAAAAAAAAAAAAAAAAAAAAAAAAAAAAAAAAAAAAAAAAAAAAAAAAAAAAAAAAAAAAAAAAAAAAAAAAAAAAAAAAAAAAAAAAAAAAAAAAAAAAAAAAAAAAAAAAAAAAAAAAAAAAAAAAAAAAAAAAAAAAAAAAAAAAAAAAAAAAAAAAAAAAAAAAAAAAAAAAAAAAAAAAAAAAAAAAAAAAAAAAAAAAAAAAAAAAAAAAAAAAAAAAAAAAAAAAAAAAAAAAAAAAAAAAAAAAAAAAAAAAAAAAAAAAAAAAAAAAAAAAAAAAAAAAAAAAAAAAAAAAAAAAAAAAAAAAAAAAAAAAAAAAAAAAAAAAAAAAAAAAAAAAAAAAAAAAAAAAAAAAAAAAAAAAAAAAAAAAAAAAAAAAAAAAAAAAAAAAAAAAAAAAAAAAAAAAAAAAAAAAAAAAAAAAAAAAAAAAAAAAAAAAAAAAAAAAAAAAAAAAAAAAAAAAAAAAAAAAAAAAAAAAAAAAAAAAAAAAAAAAAAAAAAAAAAAAAAAAAAAAAAAAAAAAAAAAAAAAAAAAAAAAAAAAAAAAAAAAAAAAAAAAAAAAAAAAAAAAAAAAAAAAAAAAAAAAAAAAAAAAAAAAAAAAAAAAAAAAAAAAAAAAAAAAAAAAAAAAAAAAAAAAAAAAAAAAAAAAAAAAAAAAAAAAAAAAAAAAAAAAAAAAAAAAAAAAAAAAAAAAAAAAAAAAAAAAAAAAAAAAAAAAAAAAAAAAAAAAAAAAAAAAAAAAAAAAAAAAAAAAAAAAAAAAAAAAAAAAAAAAAAAAAAAAAAAAAAAAAAAAAAAAAAAAAAAAAAAAAAAAAAAAAAAAAAAAAAAAAAAAAAAAAAAAAAAAAAAAAAAAAAAAAAAAAAAAAAAAAAAAAAAAAAAAAAAAAAAAAAAAAAAAAAAAAAAAAAAAAAAAAAAAAAAAAAAAAAAAAAAAAAAAAAAAAAAAAAAAAAAAAAAAAAAAAAAAAAAAAAAAAAAAAAAAAAAAAAAAAAAAAAAAAAAAAAAAAAAAAAAAAAAAAAAAAAAAAAAAAAAAAAAAAAAAAAAAAAAAAAAAAAAAAAAAAAAAAAAAAAAAAAAAAAAAAAAAAAAAAAAAAAAAAAAAAAAAAAAAAAAAAAAAAAAAAAAAAAAAAAAAAAAAAAAAAAAAAAAAAAAAAAAAAAAAAAAAAAAAAAAAAAAAAAAAAAAAAAAAAAAAAAAAAAAAAAAAAAAAAAAAAAAAAAAAAAAAAAAAAAAAAAAAAAAAAAAAAAAAAAAAAAAAAAAAAAAAAAAAAAAAAAAAAAAAAAAAAAAAAAAAAAAAAAAAAAAAAAAAAAAAAAAAAA=="
    },
    {
      "RequestUri": "https://nickliuproductionacc.blob.core.windows.net/test-container-7bbc7df2-8062-9756-00e8-eed4bea8693b/destPrefix/test-file-bb6ffda0-993c-9569-a76b-d3715ef7fc7c",
      "RequestMethod": "GET",
      "RequestHeaders": {
        "Accept": "application/xml",
        "Authorization": "Sanitized",
        "If-Match": "\"0x8DDC4D34603C347\"",
        "User-Agent": "azsdk-net-Storage.Blobs/12.26.0-alpha.20250716.1 (.NET 8.0.18; Microsoft Windows 10.0.26100)",
        "x-ms-client-request-id": "Sanitized",
        "x-ms-date": "Thu, 17 Jul 2025 01:43:05 GMT",
        "x-ms-range": "bytes=0-1023",
        "x-ms-return-client-request-id": "true",
        "x-ms-version": "2025-11-05"
      },
      "RequestBody": null,
      "StatusCode": 206,
      "ResponseHeaders": {
        "Accept-Ranges": "bytes",
        "Content-Length": "1024",
        "Content-Range": "bytes 0-1023/1024",
        "Content-Type": "application/octet-stream",
        "Date": "Thu, 17 Jul 2025 01:43:04 GMT",
        "ETag": "\"0x8DDC4D34603C347\"",
        "Last-Modified": "Thu, 17 Jul 2025 01:43:04 GMT",
        "Server": [
          "Windows-Azure-Blob/1.0",
          "Microsoft-HTTPAPI/2.0"
        ],
        "x-ms-blob-committed-block-count": "1",
        "x-ms-blob-type": "AppendBlob",
        "x-ms-client-request-id": "Sanitized",
        "x-ms-creation-time": "Thu, 17 Jul 2025 01:43:04 GMT",
        "x-ms-is-current-version": "true",
        "x-ms-lease-state": "available",
        "x-ms-lease-status": "unlocked",
        "x-ms-request-id": "372caa4c-501e-0059-6bbc-f63d59000000",
        "x-ms-server-encrypted": "true",
        "x-ms-version": "2025-11-05",
        "x-ms-version-id": "2025-07-17T01:43:04.7915307Z"
      },
      "ResponseBody": "AAAAAAAAAAAAAAAAAAAAAAAAAAAAAAAAAAAAAAAAAAAAAAAAAAAAAAAAAAAAAAAAAAAAAAAAAAAAAAAAAAAAAAAAAAAAAAAAAAAAAAAAAAAAAAAAAAAAAAAAAAAAAAAAAAAAAAAAAAAAAAAAAAAAAAAAAAAAAAAAAAAAAAAAAAAAAAAAAAAAAAAAAAAAAAAAAAAAAAAAAAAAAAAAAAAAAAAAAAAAAAAAAAAAAAAAAAAAAAAAAAAAAAAAAAAAAAAAAAAAAAAAAAAAAAAAAAAAAAAAAAAAAAAAAAAAAAAAAAAAAAAAAAAAAAAAAAAAAAAAAAAAAAAAAAAAAAAAAAAAAAAAAAAAAAAAAAAAAAAAAAAAAAAAAAAAAAAAAAAAAAAAAAAAAAAAAAAAAAAAAAAAAAAAAAAAAAAAAAAAAAAAAAAAAAAAAAAAAAAAAAAAAAAAAAAAAAAAAAAAAAAAAAAAAAAAAAAAAAAAAAAAAAAAAAAAAAAAAAAAAAAAAAAAAAAAAAAAAAAAAAAAAAAAAAAAAAAAAAAAAAAAAAAAAAAAAAAAAAAAAAAAAAAAAAAAAAAAAAAAAAAAAAAAAAAAAAAAAAAAAAAAAAAAAAAAAAAAAAAAAAAAAAAAAAAAAAAAAAAAAAAAAAAAAAAAAAAAAAAAAAAAAAAAAAAAAAAAAAAAAAAAAAAAAAAAAAAAAAAAAAAAAAAAAAAAAAAAAAAAAAAAAAAAAAAAAAAAAAAAAAAAAAAAAAAAAAAAAAAAAAAAAAAAAAAAAAAAAAAAAAAAAAAAAAAAAAAAAAAAAAAAAAAAAAAAAAAAAAAAAAAAAAAAAAAAAAAAAAAAAAAAAAAAAAAAAAAAAAAAAAAAAAAAAAAAAAAAAAAAAAAAAAAAAAAAAAAAAAAAAAAAAAAAAAAAAAAAAAAAAAAAAAAAAAAAAAAAAAAAAAAAAAAAAAAAAAAAAAAAAAAAAAAAAAAAAAAAAAAAAAAAAAAAAAAAAAAAAAAAAAAAAAAAAAAAAAAAAAAAAAAAAAAAAAAAAAAAAAAAAAAAAAAAAAAAAAAAAAAAAAAAAAAAAAAAAAAAAAAAAAAAAAAAAAAAAAAAAAAAAAAAAAAAAAAAAAAAAAAAAAAAAAAAAAAAAAAAAAAAAAAAAAAAAAAAAAAAAAAAAAAAAAAAAAAAAAAAAAAAAAAAAAAAAAAAAAAAAAAAAAAAAAAAAAAAAAAAAAAAAAAAAAAAAAAAAAAAAAAAAAAAAAAAAAAAAAAAAAAAAAAAAAAAAAAAAAAAAAAAAAAAAAAAAAAAAAAAAAAAAAAAAAAAAAAAAAAAAAAAAAAAAAAAAAAAAAAAAAAAAAAAAAAAAAAAAAAAAAAAAAAAAA=="
    },
    {
      "RequestUri": "https://nickliuproductionacc.blob.core.windows.net/test-container-7bbc7df2-8062-9756-00e8-eed4bea8693b?restype=container",
      "RequestMethod": "DELETE",
      "RequestHeaders": {
        "Accept": "application/xml",
        "Authorization": "Sanitized",
        "traceparent": "00-6f5683643f9aa657b18f77218a393cda-78bcf2cb24c1f060-00",
        "User-Agent": "azsdk-net-Storage.Blobs/12.26.0-alpha.20250716.1 (.NET 8.0.18; Microsoft Windows 10.0.26100)",
        "x-ms-client-request-id": "Sanitized",
        "x-ms-date": "Thu, 17 Jul 2025 01:43:05 GMT",
        "x-ms-return-client-request-id": "true",
        "x-ms-version": "2025-11-05"
      },
      "RequestBody": null,
      "StatusCode": 202,
      "ResponseHeaders": {
        "Content-Length": "0",
        "Date": "Thu, 17 Jul 2025 01:43:04 GMT",
        "Server": [
          "Windows-Azure-Blob/1.0",
          "Microsoft-HTTPAPI/2.0"
        ],
        "x-ms-client-request-id": "Sanitized",
        "x-ms-request-id": "372caa67-501e-0059-06bc-f63d59000000",
        "x-ms-version": "2025-11-05"
      },
      "ResponseBody": null
    },
    {
      "RequestUri": "https://nickliuproductionacc.file.core.windows.net/test-share-62b439aa-49d9-8fdd-da32-ddb9c930ec1d?restype=share",
      "RequestMethod": "DELETE",
      "RequestHeaders": {
        "Accept": "application/xml",
        "Authorization": "Sanitized",
        "traceparent": "00-6a29093216f93e7a79994e163f4359b2-e32e4a5b1feebb30-00",
        "User-Agent": "azsdk-net-Storage.Files.Shares/12.24.0-alpha.20250716.1 (.NET 8.0.18; Microsoft Windows 10.0.26100)",
        "x-ms-client-request-id": "Sanitized",
        "x-ms-date": "Thu, 17 Jul 2025 01:43:05 GMT",
        "x-ms-delete-snapshots": "include",
        "x-ms-return-client-request-id": "true",
        "x-ms-version": "2025-11-05"
      },
      "RequestBody": null,
      "StatusCode": 202,
      "ResponseHeaders": {
        "Content-Length": "0",
        "Date": "Thu, 17 Jul 2025 01:43:05 GMT",
        "Server": [
          "Windows-Azure-File/1.0",
          "Microsoft-HTTPAPI/2.0"
        ],
        "x-ms-client-request-id": "Sanitized",
        "x-ms-request-id": "5a0bf0f6-001a-0009-41bc-f6ff09000000",
        "x-ms-version": "2025-11-05"
      },
      "ResponseBody": null
    }
  ],
  "Variables": {
    "DateTimeOffsetNow": "2025-07-16T21:43:04.9132714-04:00",
    "RandomSeed": "1550010582",
    "Storage_TestConfigDefault": "ProductionTenant\nnickliuproductionacc\nU2FuaXRpemVk\nhttps://nickliuproductionacc.blob.core.windows.net\nhttps://nickliuproductionacc.file.core.windows.net\nhttps://nickliuproductionacc.queue.core.windows.net\nhttps://nickliuproductionacc.table.core.windows.net\n\n\n\n\nhttps://nickliuproductionacc-secondary.blob.core.windows.net\nhttps://nickliuproductionacc-secondary.file.core.windows.net\nhttps://nickliuproductionacc-secondary.queue.core.windows.net\nhttps://nickliuproductionacc-secondary.table.core.windows.net\nCloud\nBlobEndpoint=https://nickliuproductionacc.blob.core.windows.net/;QueueEndpoint=https://nickliuproductionacc.queue.core.windows.net/;FileEndpoint=https://nickliuproductionacc.file.core.windows.net/;BlobSecondaryEndpoint=https://nickliuproductionacc-secondary.blob.core.windows.net/;QueueSecondaryEndpoint=https://nickliuproductionacc-secondary.queue.core.windows.net/;FileSecondaryEndpoint=https://nickliuproductionacc-secondary.file.core.windows.net/;AccountName=nickliuproductionacc;AccountKey=U2FuaXRpemVk\nEncryptionScope\n\n"
  }
}
