{
  "Entries": [
    {
      "RequestUri": "https://nickliuproductionacc.file.core.windows.net/test-share-2e598a80-6758-4c5c-8221-9d1a6fee6f3a?restype=share",
      "RequestMethod": "PUT",
      "RequestHeaders": {
        "Accept": "application/xml",
        "Authorization": "Sanitized",
        "Content-Length": "0",
        "traceparent": "00-cc309601b253597838ee5e8bec2f7b9b-f22bdb81a0a4edc5-00",
        "User-Agent": "azsdk-net-Storage.Files.Shares/12.24.0-alpha.20250716.1 (.NET 8.0.18; Microsoft Windows 10.0.26100)",
        "x-ms-client-request-id": "Sanitized",
        "x-ms-date": "Thu, 17 Jul 2025 01:42:46 GMT",
        "x-ms-return-client-request-id": "true",
        "x-ms-version": "2025-11-05"
      },
      "RequestBody": null,
      "StatusCode": 201,
      "ResponseHeaders": {
        "Content-Length": "0",
        "Date": "Thu, 17 Jul 2025 01:42:45 GMT",
        "ETag": "\"0x8DDC4D33AF67827\"",
        "Last-Modified": "Thu, 17 Jul 2025 01:42:46 GMT",
        "Server": [
          "Windows-Azure-File/1.0",
          "Microsoft-HTTPAPI/2.0"
        ],
        "x-ms-client-request-id": "Sanitized",
        "x-ms-request-id": "764e084d-601a-0042-71bc-f6035a000000",
        "x-ms-version": "2025-11-05"
      },
      "ResponseBody": null
    },
    {
      "RequestUri": "https://nickliuproductionacc.blob.core.windows.net/test-container-e6ca1786-fb97-2d38-264d-0a28e29a5cfa?restype=container",
      "RequestMethod": "PUT",
      "RequestHeaders": {
        "Accept": "application/xml",
        "Authorization": "Sanitized",
        "Content-Length": "0",
        "traceparent": "00-fbf222c935e34845134c595ee3d9c45c-99692ac568b51e3b-00",
        "User-Agent": "azsdk-net-Storage.Blobs/12.26.0-alpha.20250716.1 (.NET 8.0.18; Microsoft Windows 10.0.26100)",
        "x-ms-client-request-id": "Sanitized",
        "x-ms-date": "Thu, 17 Jul 2025 01:42:46 GMT",
        "x-ms-return-client-request-id": "true",
        "x-ms-version": "2025-11-05"
      },
      "RequestBody": null,
      "StatusCode": 201,
      "ResponseHeaders": {
        "Content-Length": "0",
        "Date": "Thu, 17 Jul 2025 01:42:45 GMT",
        "ETag": "\"0x8DDC4D33AFA98DF\"",
        "Last-Modified": "Thu, 17 Jul 2025 01:42:46 GMT",
        "Server": [
          "Windows-Azure-Blob/1.0",
          "Microsoft-HTTPAPI/2.0"
        ],
        "x-ms-client-request-id": "Sanitized",
        "x-ms-request-id": "6b0f49cc-d01e-0047-39bc-f6d181000000",
        "x-ms-version": "2025-11-05"
      },
      "ResponseBody": null
    },
    {
      "RequestUri": "https://nickliuproductionacc.file.core.windows.net/test-share-2e598a80-6758-4c5c-8221-9d1a6fee6f3a/sourceFolder?restype=directory",
      "RequestMethod": "PUT",
      "RequestHeaders": {
        "Accept": "application/xml",
        "Authorization": "Sanitized",
        "Content-Length": "0",
        "traceparent": "00-292c5c1abeeaf9a9ec3e4801104fbd35-e7ac39f6cf64ade6-00",
        "User-Agent": "azsdk-net-Storage.Files.Shares/12.24.0-alpha.20250716.1 (.NET 8.0.18; Microsoft Windows 10.0.26100)",
        "x-ms-client-request-id": "Sanitized",
        "x-ms-date": "Thu, 17 Jul 2025 01:42:46 GMT",
        "x-ms-return-client-request-id": "true",
        "x-ms-version": "2025-11-05"
      },
      "RequestBody": null,
      "StatusCode": 201,
      "ResponseHeaders": {
        "Content-Length": "0",
        "Date": "Thu, 17 Jul 2025 01:42:45 GMT",
        "ETag": "\"0x8DDC4D33AFFD4F5\"",
        "Last-Modified": "Thu, 17 Jul 2025 01:42:46 GMT",
        "Server": [
          "Windows-Azure-File/1.0",
          "Microsoft-HTTPAPI/2.0"
        ],
        "x-ms-client-request-id": "Sanitized",
        "x-ms-file-attributes": "Directory",
        "x-ms-file-change-time": "2025-07-17T01:42:46.3466741Z",
        "x-ms-file-creation-time": "2025-07-17T01:42:46.3466741Z",
        "x-ms-file-id": "13835128424026341376",
        "x-ms-file-last-write-time": "2025-07-17T01:42:46.3466741Z",
        "x-ms-file-parent-id": "0",
        "x-ms-file-permission-key": "13252330444922611895*16083086822043778878",
        "x-ms-request-id": "764e0851-601a-0042-73bc-f6035a000000",
        "x-ms-request-server-encrypted": "true",
        "x-ms-version": "2025-11-05"
      },
      "ResponseBody": null
    },
    {
      "RequestUri": "https://nickliuproductionacc.file.core.windows.net/test-share-2e598a80-6758-4c5c-8221-9d1a6fee6f3a/sourceFolder/item1",
      "RequestMethod": "PUT",
      "RequestHeaders": {
        "Accept": "application/xml",
        "Authorization": "Sanitized",
        "Content-Length": "0",
        "traceparent": "00-f95c2dd05eb65cde6ff57dd9241276d6-55136241bdea2acf-00",
        "User-Agent": "azsdk-net-Storage.Files.Shares/12.24.0-alpha.20250716.1 (.NET 8.0.18; Microsoft Windows 10.0.26100)",
        "x-ms-client-request-id": "Sanitized",
        "x-ms-content-length": "1024",
        "x-ms-date": "Thu, 17 Jul 2025 01:42:46 GMT",
        "x-ms-return-client-request-id": "true",
        "x-ms-type": "file",
        "x-ms-version": "2025-11-05"
      },
      "RequestBody": null,
      "StatusCode": 201,
      "ResponseHeaders": {
        "Content-Length": "0",
        "Date": "Thu, 17 Jul 2025 01:42:45 GMT",
        "ETag": "\"0x8DDC4D33B03A13E\"",
        "Last-Modified": "Thu, 17 Jul 2025 01:42:46 GMT",
        "Server": [
          "Windows-Azure-File/1.0",
          "Microsoft-HTTPAPI/2.0"
        ],
        "x-ms-client-request-id": "Sanitized",
        "x-ms-file-attributes": "Archive",
        "x-ms-file-change-time": "2025-07-17T01:42:46.3715646Z",
        "x-ms-file-creation-time": "2025-07-17T01:42:46.3715646Z",
        "x-ms-file-id": "11529285414812647424",
        "x-ms-file-last-write-time": "2025-07-17T01:42:46.3715646Z",
        "x-ms-file-parent-id": "13835128424026341376",
        "x-ms-file-permission-key": "8616074386732128176*16083086822043778878",
        "x-ms-request-id": "764e0852-601a-0042-74bc-f6035a000000",
        "x-ms-request-server-encrypted": "true",
        "x-ms-version": "2025-11-05"
      },
      "ResponseBody": null
    },
    {
      "RequestUri": "https://nickliuproductionacc.file.core.windows.net/test-share-2e598a80-6758-4c5c-8221-9d1a6fee6f3a/sourceFolder/item2",
      "RequestMethod": "PUT",
      "RequestHeaders": {
        "Accept": "application/xml",
        "Authorization": "Sanitized",
        "Content-Length": "0",
        "traceparent": "00-e10b4fb13a4eba8f6e6316894cdfe807-339d0864289d156c-00",
        "User-Agent": "azsdk-net-Storage.Files.Shares/12.24.0-alpha.20250716.1 (.NET 8.0.18; Microsoft Windows 10.0.26100)",
        "x-ms-client-request-id": "Sanitized",
        "x-ms-content-length": "1024",
        "x-ms-date": "Thu, 17 Jul 2025 01:42:46 GMT",
        "x-ms-return-client-request-id": "true",
        "x-ms-type": "file",
        "x-ms-version": "2025-11-05"
      },
      "RequestBody": null,
      "StatusCode": 201,
      "ResponseHeaders": {
        "Content-Length": "0",
        "Date": "Thu, 17 Jul 2025 01:42:45 GMT",
        "ETag": "\"0x8DDC4D33B082FFE\"",
        "Last-Modified": "Thu, 17 Jul 2025 01:42:46 GMT",
        "Server": [
          "Windows-Azure-File/1.0",
          "Microsoft-HTTPAPI/2.0"
        ],
        "x-ms-client-request-id": "Sanitized",
        "x-ms-file-attributes": "Archive",
        "x-ms-file-change-time": "2025-07-17T01:42:46.4014334Z",
        "x-ms-file-creation-time": "2025-07-17T01:42:46.4014334Z",
        "x-ms-file-id": "16140971433240035328",
        "x-ms-file-last-write-time": "2025-07-17T01:42:46.4014334Z",
        "x-ms-file-parent-id": "13835128424026341376",
        "x-ms-file-permission-key": "8616074386732128176*16083086822043778878",
        "x-ms-request-id": "764e0853-601a-0042-75bc-f6035a000000",
        "x-ms-request-server-encrypted": "true",
        "x-ms-version": "2025-11-05"
      },
      "ResponseBody": null
    },
    {
      "RequestUri": "https://nickliuproductionacc.file.core.windows.net/test-share-2e598a80-6758-4c5c-8221-9d1a6fee6f3a/sourceFolder/bar?restype=directory",
      "RequestMethod": "PUT",
      "RequestHeaders": {
        "Accept": "application/xml",
        "Authorization": "Sanitized",
        "Content-Length": "0",
        "traceparent": "00-8dbf557708fbb63be389e7c57cfee498-02403a3a53d467b4-00",
        "User-Agent": "azsdk-net-Storage.Files.Shares/12.24.0-alpha.20250716.1 (.NET 8.0.18; Microsoft Windows 10.0.26100)",
        "x-ms-client-request-id": "Sanitized",
        "x-ms-date": "Thu, 17 Jul 2025 01:42:46 GMT",
        "x-ms-return-client-request-id": "true",
        "x-ms-version": "2025-11-05"
      },
      "RequestBody": null,
      "StatusCode": 201,
      "ResponseHeaders": {
        "Content-Length": "0",
        "Date": "Thu, 17 Jul 2025 01:42:46 GMT",
        "ETag": "\"0x8DDC4D33B0CBEBB\"",
        "Last-Modified": "Thu, 17 Jul 2025 01:42:46 GMT",
        "Server": [
          "Windows-Azure-File/1.0",
          "Microsoft-HTTPAPI/2.0"
        ],
        "x-ms-client-request-id": "Sanitized",
        "x-ms-file-attributes": "Directory",
        "x-ms-file-change-time": "2025-07-17T01:42:46.4313019Z",
        "x-ms-file-creation-time": "2025-07-17T01:42:46.4313019Z",
        "x-ms-file-id": "10376363910205800448",
        "x-ms-file-last-write-time": "2025-07-17T01:42:46.4313019Z",
        "x-ms-file-parent-id": "13835128424026341376",
        "x-ms-file-permission-key": "13252330444922611895*16083086822043778878",
        "x-ms-request-id": "764e0854-601a-0042-76bc-f6035a000000",
        "x-ms-request-server-encrypted": "true",
        "x-ms-version": "2025-11-05"
      },
      "ResponseBody": null
    },
    {
      "RequestUri": "https://nickliuproductionacc.file.core.windows.net/test-share-2e598a80-6758-4c5c-8221-9d1a6fee6f3a/sourceFolder/bar/item3",
      "RequestMethod": "PUT",
      "RequestHeaders": {
        "Accept": "application/xml",
        "Authorization": "Sanitized",
        "Content-Length": "0",
        "traceparent": "00-3326cc5c42e9a7ed8b14003e22907cc4-5236a8dd55589a75-00",
        "User-Agent": "azsdk-net-Storage.Files.Shares/12.24.0-alpha.20250716.1 (.NET 8.0.18; Microsoft Windows 10.0.26100)",
        "x-ms-client-request-id": "Sanitized",
        "x-ms-content-length": "1024",
        "x-ms-date": "Thu, 17 Jul 2025 01:42:46 GMT",
        "x-ms-return-client-request-id": "true",
        "x-ms-type": "file",
        "x-ms-version": "2025-11-05"
      },
      "RequestBody": null,
      "StatusCode": 201,
      "ResponseHeaders": {
        "Content-Length": "0",
        "Date": "Thu, 17 Jul 2025 01:42:46 GMT",
        "ETag": "\"0x8DDC4D33B114D81\"",
        "Last-Modified": "Thu, 17 Jul 2025 01:42:46 GMT",
        "Server": [
          "Windows-Azure-File/1.0",
          "Microsoft-HTTPAPI/2.0"
        ],
        "x-ms-client-request-id": "Sanitized",
        "x-ms-file-attributes": "Archive",
        "x-ms-file-change-time": "2025-07-17T01:42:46.4611713Z",
        "x-ms-file-creation-time": "2025-07-17T01:42:46.4611713Z",
        "x-ms-file-id": "14988049928633188352",
        "x-ms-file-last-write-time": "2025-07-17T01:42:46.4611713Z",
        "x-ms-file-parent-id": "10376363910205800448",
        "x-ms-file-permission-key": "8616074386732128176*16083086822043778878",
        "x-ms-request-id": "764e0855-601a-0042-77bc-f6035a000000",
        "x-ms-request-server-encrypted": "true",
        "x-ms-version": "2025-11-05"
      },
      "ResponseBody": null
    },
    {
      "RequestUri": "https://nickliuproductionacc.file.core.windows.net/test-share-2e598a80-6758-4c5c-8221-9d1a6fee6f3a/sourceFolder/pik?restype=directory",
      "RequestMethod": "PUT",
      "RequestHeaders": {
        "Accept": "application/xml",
        "Authorization": "Sanitized",
        "Content-Length": "0",
        "traceparent": "00-1a8092d10d2f488c41e6b67a9eba6e39-96f7432d4bbbb062-00",
        "User-Agent": "azsdk-net-Storage.Files.Shares/12.24.0-alpha.20250716.1 (.NET 8.0.18; Microsoft Windows 10.0.26100)",
        "x-ms-client-request-id": "Sanitized",
        "x-ms-date": "Thu, 17 Jul 2025 01:42:46 GMT",
        "x-ms-return-client-request-id": "true",
        "x-ms-version": "2025-11-05"
      },
      "RequestBody": null,
      "StatusCode": 201,
      "ResponseHeaders": {
        "Content-Length": "0",
        "Date": "Thu, 17 Jul 2025 01:42:46 GMT",
        "ETag": "\"0x8DDC4D33B15B553\"",
        "Last-Modified": "Thu, 17 Jul 2025 01:42:46 GMT",
        "Server": [
          "Windows-Azure-File/1.0",
          "Microsoft-HTTPAPI/2.0"
        ],
        "x-ms-client-request-id": "Sanitized",
        "x-ms-file-attributes": "Directory",
        "x-ms-file-change-time": "2025-07-17T01:42:46.4900435Z",
        "x-ms-file-creation-time": "2025-07-17T01:42:46.4900435Z",
        "x-ms-file-id": "12682206919419494400",
        "x-ms-file-last-write-time": "2025-07-17T01:42:46.4900435Z",
        "x-ms-file-parent-id": "13835128424026341376",
        "x-ms-file-permission-key": "13252330444922611895*16083086822043778878",
        "x-ms-request-id": "764e0856-601a-0042-78bc-f6035a000000",
        "x-ms-request-server-encrypted": "true",
        "x-ms-version": "2025-11-05"
      },
      "ResponseBody": null
    },
    {
      "RequestUri": "https://nickliuproductionacc.file.core.windows.net/test-share-2e598a80-6758-4c5c-8221-9d1a6fee6f3a/sourceFolder/pik/item4",
      "RequestMethod": "PUT",
      "RequestHeaders": {
        "Accept": "application/xml",
        "Authorization": "Sanitized",
        "Content-Length": "0",
        "traceparent": "00-52f79bae1a3ad33e9d01726835c59248-7ae46df827ad0e8f-00",
        "User-Agent": "azsdk-net-Storage.Files.Shares/12.24.0-alpha.20250716.1 (.NET 8.0.18; Microsoft Windows 10.0.26100)",
        "x-ms-client-request-id": "Sanitized",
        "x-ms-content-length": "1024",
        "x-ms-date": "Thu, 17 Jul 2025 01:42:46 GMT",
        "x-ms-return-client-request-id": "true",
        "x-ms-type": "file",
        "x-ms-version": "2025-11-05"
      },
      "RequestBody": null,
      "StatusCode": 201,
      "ResponseHeaders": {
        "Content-Length": "0",
        "Date": "Thu, 17 Jul 2025 01:42:46 GMT",
        "ETag": "\"0x8DDC4D33B18BF30\"",
        "Last-Modified": "Thu, 17 Jul 2025 01:42:46 GMT",
        "Server": [
          "Windows-Azure-File/1.0",
          "Microsoft-HTTPAPI/2.0"
        ],
        "x-ms-client-request-id": "Sanitized",
        "x-ms-file-attributes": "Archive",
        "x-ms-file-change-time": "2025-07-17T01:42:46.5099568Z",
        "x-ms-file-creation-time": "2025-07-17T01:42:46.5099568Z",
        "x-ms-file-id": "17293892937846882304",
        "x-ms-file-last-write-time": "2025-07-17T01:42:46.5099568Z",
        "x-ms-file-parent-id": "12682206919419494400",
        "x-ms-file-permission-key": "8616074386732128176*16083086822043778878",
        "x-ms-request-id": "764e0857-601a-0042-79bc-f6035a000000",
        "x-ms-request-server-encrypted": "true",
        "x-ms-version": "2025-11-05"
      },
      "ResponseBody": null
    },
    {
      "RequestUri": "https://nickliuproductionacc.file.core.windows.net/test-share-2e598a80-6758-4c5c-8221-9d1a6fee6f3a/sourceFolder?sv=Sanitized&se=2025-07-18T01%3A42%3A46Z&sr=s&sp=rcwdl&sig=Sanitized&restype=directory&comp=list",
      "RequestMethod": "GET",
      "RequestHeaders": {
        "Accept": "application/xml",
        "traceparent": "00-958f5628df304f8ad41ff1c91ef1394e-cc26788cfb6cb3d8-00",
        "User-Agent": "azsdk-net-Storage.Files.Shares/12.24.0-alpha.20250716.1 (.NET 8.0.18; Microsoft Windows 10.0.26100)",
        "x-ms-client-request-id": "Sanitized",
        "x-ms-return-client-request-id": "true",
        "x-ms-version": "2025-11-05"
      },
      "RequestBody": null,
      "StatusCode": 200,
      "ResponseHeaders": {
        "Content-Type": "application/xml",
        "Date": "Thu, 17 Jul 2025 01:42:46 GMT",
        "Server": [
          "Windows-Azure-File/1.0",
          "Microsoft-HTTPAPI/2.0"
        ],
        "Transfer-Encoding": "chunked",
        "x-ms-client-request-id": "Sanitized",
        "x-ms-request-id": "764e085b-601a-0042-7bbc-f6035a000000",
        "x-ms-version": "2025-11-05"
      },
      "ResponseBody": "\uFEFF<?xml version=\"1.0\" encoding=\"utf-8\"?><EnumerationResults ServiceEndpoint=\"https://nickliuproductionacc.file.core.windows.net/\" ShareName=\"test-share-2e598a80-6758-4c5c-8221-9d1a6fee6f3a\" DirectoryPath=\"sourceFolder\"><DirectoryId>13835128424026341376</DirectoryId><Entries><Directory><Name>bar</Name><FileId>10376363910205800448</FileId><Properties /></Directory><File><Name>item1</Name><FileId>11529285414812647424</FileId><Properties><Content-Length>1024</Content-Length></Properties></File><File><Name>item2</Name><FileId>16140971433240035328</FileId><Properties><Content-Length>1024</Content-Length></Properties></File><Directory><Name>pik</Name><FileId>12682206919419494400</FileId><Properties /></Directory></Entries><NextMarker /></EnumerationResults>"
    },
    {
      "RequestUri": "https://nickliuproductionacc.file.core.windows.net/test-share-2e598a80-6758-4c5c-8221-9d1a6fee6f3a/sourceFolder/bar?sv=Sanitized&se=2025-07-18T01%3A42%3A46Z&sr=s&sp=rcwdl&sig=Sanitized&restype=directory",
      "RequestMethod": "GET",
      "RequestHeaders": {
        "Accept": "application/xml",
        "traceparent": "00-051fde2b1138ad4560b91bc85b454923-a36aa3f2594ba69d-00",
        "User-Agent": "azsdk-net-Storage.Files.Shares/12.24.0-alpha.20250716.1 (.NET 8.0.18; Microsoft Windows 10.0.26100)",
        "x-ms-client-request-id": "Sanitized",
        "x-ms-return-client-request-id": "true",
        "x-ms-version": "2025-11-05"
      },
      "RequestBody": null,
      "StatusCode": 200,
      "ResponseHeaders": {
        "Content-Length": "0",
        "Date": "Thu, 17 Jul 2025 01:42:46 GMT",
        "ETag": "\"0x8DDC4D33B0CBEBB\"",
        "Last-Modified": "Thu, 17 Jul 2025 01:42:46 GMT",
        "Server": [
          "Windows-Azure-File/1.0",
          "Microsoft-HTTPAPI/2.0"
        ],
        "x-ms-client-request-id": "Sanitized",
        "x-ms-file-attributes": "Directory",
        "x-ms-file-change-time": "2025-07-17T01:42:46.4313019Z",
        "x-ms-file-creation-time": "2025-07-17T01:42:46.4313019Z",
        "x-ms-file-id": "10376363910205800448",
        "x-ms-file-last-write-time": "2025-07-17T01:42:46.4313019Z",
        "x-ms-file-parent-id": "13835128424026341376",
        "x-ms-file-permission-key": "13252330444922611895*16083086822043778878",
        "x-ms-request-id": "764e085c-601a-0042-7cbc-f6035a000000",
        "x-ms-server-encrypted": "true",
        "x-ms-version": "2025-11-05"
      },
      "ResponseBody": null
    },
    {
      "RequestUri": "https://nickliuproductionacc.file.core.windows.net/test-share-2e598a80-6758-4c5c-8221-9d1a6fee6f3a/sourceFolder/pik?sv=Sanitized&se=2025-07-18T01%3A42%3A46Z&sr=s&sp=rcwdl&sig=Sanitized&restype=directory",
      "RequestMethod": "GET",
      "RequestHeaders": {
        "Accept": "application/xml",
        "traceparent": "00-c2d4b42108eae39890ec4939228420a7-3ed809a034ecdb44-00",
        "User-Agent": "azsdk-net-Storage.Files.Shares/12.24.0-alpha.20250716.1 (.NET 8.0.18; Microsoft Windows 10.0.26100)",
        "x-ms-client-request-id": "Sanitized",
        "x-ms-return-client-request-id": "true",
        "x-ms-version": "2025-11-05"
      },
      "RequestBody": null,
      "StatusCode": 200,
      "ResponseHeaders": {
        "Content-Length": "0",
        "Date": "Thu, 17 Jul 2025 01:42:46 GMT",
        "ETag": "\"0x8DDC4D33B15B553\"",
        "Last-Modified": "Thu, 17 Jul 2025 01:42:46 GMT",
        "Server": [
          "Windows-Azure-File/1.0",
          "Microsoft-HTTPAPI/2.0"
        ],
        "x-ms-client-request-id": "Sanitized",
        "x-ms-file-attributes": "Directory",
        "x-ms-file-change-time": "2025-07-17T01:42:46.4900435Z",
        "x-ms-file-creation-time": "2025-07-17T01:42:46.4900435Z",
        "x-ms-file-id": "12682206919419494400",
        "x-ms-file-last-write-time": "2025-07-17T01:42:46.4900435Z",
        "x-ms-file-parent-id": "13835128424026341376",
        "x-ms-file-permission-key": "13252330444922611895*16083086822043778878",
        "x-ms-request-id": "764e085d-601a-0042-7dbc-f6035a000000",
        "x-ms-server-encrypted": "true",
        "x-ms-version": "2025-11-05"
      },
      "ResponseBody": null
    },
    {
      "RequestUri": "https://nickliuproductionacc.file.core.windows.net/test-share-2e598a80-6758-4c5c-8221-9d1a6fee6f3a/sourceFolder/bar?sv=Sanitized&se=2025-07-18T01%3A42%3A46Z&sr=s&sp=rcwdl&sig=Sanitized&restype=directory&comp=list",
      "RequestMethod": "GET",
      "RequestHeaders": {
        "Accept": "application/xml",
        "traceparent": "00-c91ecac55b9392f74da6f70735337628-2307f2ab4fb5ffc2-00",
        "User-Agent": "azsdk-net-Storage.Files.Shares/12.24.0-alpha.20250716.1 (.NET 8.0.18; Microsoft Windows 10.0.26100)",
        "x-ms-client-request-id": "Sanitized",
        "x-ms-return-client-request-id": "true",
        "x-ms-version": "2025-11-05"
      },
      "RequestBody": null,
      "StatusCode": 200,
      "ResponseHeaders": {
        "Content-Type": "application/xml",
        "Date": "Thu, 17 Jul 2025 01:42:46 GMT",
        "Server": [
          "Windows-Azure-File/1.0",
          "Microsoft-HTTPAPI/2.0"
        ],
        "Transfer-Encoding": "chunked",
        "x-ms-client-request-id": "Sanitized",
        "x-ms-request-id": "764e085e-601a-0042-7ebc-f6035a000000",
        "x-ms-version": "2025-11-05"
      },
      "ResponseBody": "\uFEFF<?xml version=\"1.0\" encoding=\"utf-8\"?><EnumerationResults ServiceEndpoint=\"https://nickliuproductionacc.file.core.windows.net/\" ShareName=\"test-share-2e598a80-6758-4c5c-8221-9d1a6fee6f3a\" DirectoryPath=\"sourceFolder/bar\"><DirectoryId>10376363910205800448</DirectoryId><Entries><File><Name>item3</Name><FileId>14988049928633188352</FileId><Properties><Content-Length>1024</Content-Length></Properties></File></Entries><NextMarker /></EnumerationResults>"
    },
    {
      "RequestUri": "https://nickliuproductionacc.file.core.windows.net/test-share-2e598a80-6758-4c5c-8221-9d1a6fee6f3a/sourceFolder/item1?sv=Sanitized&se=2025-07-18T01%3A42%3A46Z&sr=s&sp=rcwdl&sig=Sanitized",
      "RequestMethod": "HEAD",
      "RequestHeaders": {
        "Accept": "application/xml",
        "traceparent": "00-269a8f2cda9b73ded933e08cc76662bc-4895a0222de49c8f-00",
        "User-Agent": "azsdk-net-Storage.Files.Shares/12.24.0-alpha.20250716.1 (.NET 8.0.18; Microsoft Windows 10.0.26100)",
        "x-ms-client-request-id": "Sanitized",
        "x-ms-return-client-request-id": "true",
        "x-ms-version": "2025-11-05"
      },
      "RequestBody": null,
      "StatusCode": 200,
      "ResponseHeaders": {
        "Content-Length": "1024",
        "Content-Type": "application/octet-stream",
        "Date": "Thu, 17 Jul 2025 01:42:46 GMT",
        "ETag": "\"0x8DDC4D33B03A13E\"",
        "Last-Modified": "Thu, 17 Jul 2025 01:42:46 GMT",
        "Server": [
          "Windows-Azure-File/1.0",
          "Microsoft-HTTPAPI/2.0"
        ],
        "x-ms-client-request-id": "Sanitized",
        "x-ms-file-attributes": "Archive",
        "x-ms-file-change-time": "2025-07-17T01:42:46.3715646Z",
        "x-ms-file-creation-time": "2025-07-17T01:42:46.3715646Z",
        "x-ms-file-id": "11529285414812647424",
        "x-ms-file-last-write-time": "2025-07-17T01:42:46.3715646Z",
        "x-ms-file-parent-id": "13835128424026341376",
        "x-ms-file-permission-key": "8616074386732128176*16083086822043778878",
        "x-ms-lease-state": "available",
        "x-ms-lease-status": "unlocked",
        "x-ms-request-id": "764e085f-601a-0042-7fbc-f6035a000000",
        "x-ms-server-encrypted": "true",
        "x-ms-type": "File",
        "x-ms-version": "2025-11-05"
      },
      "ResponseBody": null
    },
    {
      "RequestUri": "https://nickliuproductionacc.file.core.windows.net/test-share-2e598a80-6758-4c5c-8221-9d1a6fee6f3a/sourceFolder/pik?sv=Sanitized&se=2025-07-18T01%3A42%3A46Z&sr=s&sp=rcwdl&sig=Sanitized&restype=directory&comp=list",
      "RequestMethod": "GET",
      "RequestHeaders": {
        "Accept": "application/xml",
        "traceparent": "00-2d743d03f52bd884efa6b83d115ba7f9-dfebfdd72594257f-00",
        "User-Agent": "azsdk-net-Storage.Files.Shares/12.24.0-alpha.20250716.1 (.NET 8.0.18; Microsoft Windows 10.0.26100)",
        "x-ms-client-request-id": "Sanitized",
        "x-ms-return-client-request-id": "true",
        "x-ms-version": "2025-11-05"
      },
      "RequestBody": null,
      "StatusCode": 200,
      "ResponseHeaders": {
        "Content-Type": "application/xml",
        "Date": "Thu, 17 Jul 2025 01:42:46 GMT",
        "Server": [
          "Windows-Azure-File/1.0",
          "Microsoft-HTTPAPI/2.0"
        ],
        "Transfer-Encoding": "chunked",
        "x-ms-client-request-id": "Sanitized",
        "x-ms-request-id": "5a0beaac-001a-0009-0bbc-f6ff09000000",
        "x-ms-version": "2025-11-05"
      },
      "ResponseBody": "\uFEFF<?xml version=\"1.0\" encoding=\"utf-8\"?><EnumerationResults ServiceEndpoint=\"https://nickliuproductionacc.file.core.windows.net/\" ShareName=\"test-share-2e598a80-6758-4c5c-8221-9d1a6fee6f3a\" DirectoryPath=\"sourceFolder/pik\"><DirectoryId>12682206919419494400</DirectoryId><Entries><File><Name>item4</Name><FileId>17293892937846882304</FileId><Properties><Content-Length>1024</Content-Length></Properties></File></Entries><NextMarker /></EnumerationResults>"
    },
    {
      "RequestUri": "https://nickliuproductionacc.file.core.windows.net/test-share-2e598a80-6758-4c5c-8221-9d1a6fee6f3a/sourceFolder/item2?sv=Sanitized&se=2025-07-18T01%3A42%3A46Z&sr=s&sp=rcwdl&sig=Sanitized",
      "RequestMethod": "HEAD",
      "RequestHeaders": {
        "Accept": "application/xml",
        "traceparent": "00-f1c77903587acde805784f0517396540-4a7a6b7e94b9747d-00",
        "User-Agent": "azsdk-net-Storage.Files.Shares/12.24.0-alpha.20250716.1 (.NET 8.0.18; Microsoft Windows 10.0.26100)",
        "x-ms-client-request-id": "Sanitized",
        "x-ms-return-client-request-id": "true",
        "x-ms-version": "2025-11-05"
      },
      "RequestBody": null,
      "StatusCode": 200,
      "ResponseHeaders": {
        "Content-Length": "1024",
        "Content-Type": "application/octet-stream",
        "Date": "Thu, 17 Jul 2025 01:42:46 GMT",
        "ETag": "\"0x8DDC4D33B082FFE\"",
        "Last-Modified": "Thu, 17 Jul 2025 01:42:46 GMT",
        "Server": [
          "Windows-Azure-File/1.0",
          "Microsoft-HTTPAPI/2.0"
        ],
        "x-ms-client-request-id": "Sanitized",
        "x-ms-file-attributes": "Archive",
        "x-ms-file-change-time": "2025-07-17T01:42:46.4014334Z",
        "x-ms-file-creation-time": "2025-07-17T01:42:46.4014334Z",
        "x-ms-file-id": "16140971433240035328",
        "x-ms-file-last-write-time": "2025-07-17T01:42:46.4014334Z",
        "x-ms-file-parent-id": "13835128424026341376",
        "x-ms-file-permission-key": "8616074386732128176*16083086822043778878",
        "x-ms-lease-state": "available",
        "x-ms-lease-status": "unlocked",
        "x-ms-request-id": "7a972cb4-a01a-002f-0bbc-f6b711000000",
        "x-ms-server-encrypted": "true",
        "x-ms-type": "File",
        "x-ms-version": "2025-11-05"
      },
      "ResponseBody": null
    },
    {
      "RequestUri": "https://nickliuproductionacc.file.core.windows.net/test-share-2e598a80-6758-4c5c-8221-9d1a6fee6f3a/sourceFolder/bar/item3?sv=Sanitized&se=2025-07-18T01%3A42%3A46Z&sr=s&sp=rcwdl&sig=Sanitized",
      "RequestMethod": "HEAD",
      "RequestHeaders": {
        "Accept": "application/xml",
        "traceparent": "00-7647328878798b73e80dd9d2553ea832-89cfdc504036fd37-00",
        "User-Agent": "azsdk-net-Storage.Files.Shares/12.24.0-alpha.20250716.1 (.NET 8.0.18; Microsoft Windows 10.0.26100)",
        "x-ms-client-request-id": "Sanitized",
        "x-ms-return-client-request-id": "true",
        "x-ms-version": "2025-11-05"
      },
      "RequestBody": null,
      "StatusCode": 200,
      "ResponseHeaders": {
        "Content-Length": "1024",
        "Content-Type": "application/octet-stream",
        "Date": "Thu, 17 Jul 2025 01:42:46 GMT",
        "ETag": "\"0x8DDC4D33B114D81\"",
        "Last-Modified": "Thu, 17 Jul 2025 01:42:46 GMT",
        "Server": [
          "Windows-Azure-File/1.0",
          "Microsoft-HTTPAPI/2.0"
        ],
        "x-ms-client-request-id": "Sanitized",
        "x-ms-file-attributes": "Archive",
        "x-ms-file-change-time": "2025-07-17T01:42:46.4611713Z",
        "x-ms-file-creation-time": "2025-07-17T01:42:46.4611713Z",
        "x-ms-file-id": "14988049928633188352",
        "x-ms-file-last-write-time": "2025-07-17T01:42:46.4611713Z",
        "x-ms-file-parent-id": "10376363910205800448",
        "x-ms-file-permission-key": "8616074386732128176*16083086822043778878",
        "x-ms-lease-state": "available",
        "x-ms-lease-status": "unlocked",
        "x-ms-request-id": "764e0860-601a-0042-80bc-f6035a000000",
        "x-ms-server-encrypted": "true",
        "x-ms-type": "File",
        "x-ms-version": "2025-11-05"
      },
      "ResponseBody": null
    },
    {
      "RequestUri": "https://nickliuproductionacc.blob.core.windows.net/test-container-e6ca1786-fb97-2d38-264d-0a28e29a5cfa/destFolder/item1",
      "RequestMethod": "PUT",
      "RequestHeaders": {
        "Accept": "application/xml",
        "Authorization": "Sanitized",
        "Content-Length": "0",
        "If-None-Match": "*",
        "traceparent": "00-45557589d0d354f5331a54343506dbdd-23c7e6484290550a-00",
        "User-Agent": "azsdk-net-Storage.Blobs/12.26.0-alpha.20250716.1 (.NET 8.0.18; Microsoft Windows 10.0.26100)",
        "x-ms-blob-content-type": "application/octet-stream",
        "x-ms-blob-type": "AppendBlob",
        "x-ms-client-request-id": "Sanitized",
        "x-ms-date": "Thu, 17 Jul 2025 01:42:46 GMT",
        "x-ms-return-client-request-id": "true",
        "x-ms-version": "2025-11-05"
      },
      "RequestBody": null,
      "StatusCode": 201,
      "ResponseHeaders": {
        "Content-Length": "0",
        "Date": "Thu, 17 Jul 2025 01:42:45 GMT",
        "ETag": "\"0x8DDC4D33B30B936\"",
        "Last-Modified": "Thu, 17 Jul 2025 01:42:46 GMT",
        "Server": [
          "Windows-Azure-Blob/1.0",
          "Microsoft-HTTPAPI/2.0"
        ],
        "x-ms-client-request-id": "Sanitized",
        "x-ms-request-id": "6b0f4bfe-d01e-0047-44bc-f6d181000000",
        "x-ms-request-server-encrypted": "true",
        "x-ms-version": "2025-11-05",
        "x-ms-version-id": "2025-07-17T01:42:46.6670902Z"
      },
      "ResponseBody": null
    },
    {
      "RequestUri": "https://nickliuproductionacc.blob.core.windows.net/test-container-e6ca1786-fb97-2d38-264d-0a28e29a5cfa/destFolder/item1?comp=appendblock",
      "RequestMethod": "PUT",
      "RequestHeaders": {
        "Accept": "application/xml",
        "Authorization": "Sanitized",
        "Content-Length": "0",
        "If-None-Match": "*",
        "traceparent": "00-a1f14ca9a89cd955f1b3fd5bb30d2440-1f08727ab3aa08df-00",
        "User-Agent": "azsdk-net-Storage.Blobs/12.26.0-alpha.20250716.1 (.NET 8.0.18; Microsoft Windows 10.0.26100)",
        "x-ms-client-request-id": "Sanitized",
        "x-ms-copy-source": "https://nickliuproductionacc.file.core.windows.net/test-share-2e598a80-6758-4c5c-8221-9d1a6fee6f3a/sourceFolder/item1?sv=sanitized-value&se=2025-07-18T01%3A42%3A46Z&sr=s&sp=rcwdl&sig=Sanitized",
        "x-ms-date": "Thu, 17 Jul 2025 01:42:46 GMT",
        "x-ms-return-client-request-id": "true",
        "x-ms-source-range": "bytes=0-1023",
        "x-ms-version": "2025-11-05"
      },
      "RequestBody": null,
      "StatusCode": 201,
      "ResponseHeaders": {
        "Content-Length": "0",
        "Date": "Thu, 17 Jul 2025 01:42:45 GMT",
        "ETag": "\"0x8DDC4D33B34D349\"",
        "Last-Modified": "Thu, 17 Jul 2025 01:42:46 GMT",
        "Server": [
          "Windows-Azure-Blob/1.0",
          "Microsoft-HTTPAPI/2.0"
        ],
        "x-ms-blob-append-offset": "0",
        "x-ms-blob-committed-block-count": "1",
        "x-ms-client-request-id": "Sanitized",
        "x-ms-content-crc64": "iknlm7CyG2k=",
        "x-ms-request-id": "6b0f4c1f-d01e-0047-65bc-f6d181000000",
        "x-ms-request-server-encrypted": "true",
        "x-ms-version": "2025-11-05"
      },
      "ResponseBody": null
    },
    {
      "RequestUri": "https://nickliuproductionacc.file.core.windows.net/test-share-2e598a80-6758-4c5c-8221-9d1a6fee6f3a/sourceFolder/pik/item4?sv=Sanitized&se=2025-07-18T01%3A42%3A46Z&sr=s&sp=rcwdl&sig=Sanitized",
      "RequestMethod": "HEAD",
      "RequestHeaders": {
        "Accept": "application/xml",
        "traceparent": "00-3598a994640dbf65481e3a7788e72b1f-235d88ef6f18e396-00",
        "User-Agent": "azsdk-net-Storage.Files.Shares/12.24.0-alpha.20250716.1 (.NET 8.0.18; Microsoft Windows 10.0.26100)",
        "x-ms-client-request-id": "Sanitized",
        "x-ms-return-client-request-id": "true",
        "x-ms-version": "2025-11-05"
      },
      "RequestBody": null,
      "StatusCode": 200,
      "ResponseHeaders": {
        "Content-Length": "1024",
        "Content-Type": "application/octet-stream",
        "Date": "Thu, 17 Jul 2025 01:42:46 GMT",
        "ETag": "\"0x8DDC4D33B18BF30\"",
        "Last-Modified": "Thu, 17 Jul 2025 01:42:46 GMT",
        "Server": [
          "Windows-Azure-File/1.0",
          "Microsoft-HTTPAPI/2.0"
        ],
        "x-ms-client-request-id": "Sanitized",
        "x-ms-file-attributes": "Archive",
        "x-ms-file-change-time": "2025-07-17T01:42:46.5099568Z",
        "x-ms-file-creation-time": "2025-07-17T01:42:46.5099568Z",
        "x-ms-file-id": "17293892937846882304",
        "x-ms-file-last-write-time": "2025-07-17T01:42:46.5099568Z",
        "x-ms-file-parent-id": "12682206919419494400",
        "x-ms-file-permission-key": "8616074386732128176*16083086822043778878",
        "x-ms-lease-state": "available",
        "x-ms-lease-status": "unlocked",
        "x-ms-request-id": "764e0861-601a-0042-01bc-f6035a000000",
        "x-ms-server-encrypted": "true",
        "x-ms-type": "File",
        "x-ms-version": "2025-11-05"
      },
      "ResponseBody": null
    },
    {
      "RequestUri": "https://nickliuproductionacc.blob.core.windows.net/test-container-e6ca1786-fb97-2d38-264d-0a28e29a5cfa/destFolder/item2",
      "RequestMethod": "PUT",
      "RequestHeaders": {
        "Accept": "application/xml",
        "Authorization": "Sanitized",
        "Content-Length": "0",
        "If-None-Match": "*",
        "traceparent": "00-b8b839a90ab93ae7339d3cd5e545b5fb-f2ba425d76dab378-00",
        "User-Agent": "azsdk-net-Storage.Blobs/12.26.0-alpha.20250716.1 (.NET 8.0.18; Microsoft Windows 10.0.26100)",
        "x-ms-blob-content-type": "application/octet-stream",
        "x-ms-blob-type": "AppendBlob",
        "x-ms-client-request-id": "Sanitized",
        "x-ms-date": "Thu, 17 Jul 2025 01:42:46 GMT",
        "x-ms-return-client-request-id": "true",
        "x-ms-version": "2025-11-05"
      },
      "RequestBody": null,
      "StatusCode": 201,
      "ResponseHeaders": {
        "Content-Length": "0",
        "Date": "Thu, 17 Jul 2025 01:42:46 GMT",
        "ETag": "\"0x8DDC4D33B3B34BB\"",
        "Last-Modified": "Thu, 17 Jul 2025 01:42:46 GMT",
        "Server": [
          "Windows-Azure-Blob/1.0",
          "Microsoft-HTTPAPI/2.0"
        ],
        "x-ms-client-request-id": "Sanitized",
        "x-ms-request-id": "6b0f4c7e-d01e-0047-40bc-f6d181000000",
        "x-ms-request-server-encrypted": "true",
        "x-ms-version": "2025-11-05",
        "x-ms-version-id": "2025-07-17T01:42:46.7357883Z"
      },
      "ResponseBody": null
    },
    {
      "RequestUri": "https://nickliuproductionacc.blob.core.windows.net/test-container-e6ca1786-fb97-2d38-264d-0a28e29a5cfa/destFolder/item2?comp=appendblock",
      "RequestMethod": "PUT",
      "RequestHeaders": {
        "Accept": "application/xml",
        "Authorization": "Sanitized",
        "Content-Length": "0",
        "If-None-Match": "*",
        "traceparent": "00-d78e9946c154572791d1cbddc6c4fdf2-3062b14798f9a441-00",
        "User-Agent": "azsdk-net-Storage.Blobs/12.26.0-alpha.20250716.1 (.NET 8.0.18; Microsoft Windows 10.0.26100)",
        "x-ms-client-request-id": "Sanitized",
        "x-ms-copy-source": "https://nickliuproductionacc.file.core.windows.net/test-share-2e598a80-6758-4c5c-8221-9d1a6fee6f3a/sourceFolder/item2?sv=sanitized-value&se=2025-07-18T01%3A42%3A46Z&sr=s&sp=rcwdl&sig=Sanitized",
        "x-ms-date": "Thu, 17 Jul 2025 01:42:47 GMT",
        "x-ms-return-client-request-id": "true",
        "x-ms-source-range": "bytes=0-1023",
        "x-ms-version": "2025-11-05"
      },
      "RequestBody": null,
      "StatusCode": 201,
      "ResponseHeaders": {
        "Content-Length": "0",
        "Date": "Thu, 17 Jul 2025 01:42:46 GMT",
        "ETag": "\"0x8DDC4D33B3EB33F\"",
        "Last-Modified": "Thu, 17 Jul 2025 01:42:46 GMT",
        "Server": [
          "Windows-Azure-Blob/1.0",
          "Microsoft-HTTPAPI/2.0"
        ],
        "x-ms-blob-append-offset": "0",
        "x-ms-blob-committed-block-count": "1",
        "x-ms-client-request-id": "Sanitized",
        "x-ms-content-crc64": "iknlm7CyG2k=",
        "x-ms-request-id": "6b0f4ca7-d01e-0047-66bc-f6d181000000",
        "x-ms-request-server-encrypted": "true",
        "x-ms-version": "2025-11-05"
      },
      "ResponseBody": null
    },
    {
      "RequestUri": "https://nickliuproductionacc.blob.core.windows.net/test-container-e6ca1786-fb97-2d38-264d-0a28e29a5cfa/destFolder/bar/item3",
      "RequestMethod": "PUT",
      "RequestHeaders": {
        "Accept": "application/xml",
        "Authorization": "Sanitized",
        "Content-Length": "0",
        "If-None-Match": "*",
        "traceparent": "00-1976f5d81252cefe602917fcf582f5b4-e94034d11364355b-00",
        "User-Agent": "azsdk-net-Storage.Blobs/12.26.0-alpha.20250716.1 (.NET 8.0.18; Microsoft Windows 10.0.26100)",
        "x-ms-blob-content-type": "application/octet-stream",
        "x-ms-blob-type": "AppendBlob",
        "x-ms-client-request-id": "Sanitized",
        "x-ms-date": "Thu, 17 Jul 2025 01:42:47 GMT",
        "x-ms-return-client-request-id": "true",
        "x-ms-version": "2025-11-05"
      },
      "RequestBody": null,
      "StatusCode": 201,
      "ResponseHeaders": {
        "Content-Length": "0",
        "Date": "Thu, 17 Jul 2025 01:42:46 GMT",
        "ETag": "\"0x8DDC4D33B442B5D\"",
        "Last-Modified": "Thu, 17 Jul 2025 01:42:46 GMT",
        "Server": [
          "Windows-Azure-Blob/1.0",
          "Microsoft-HTTPAPI/2.0"
        ],
        "x-ms-client-request-id": "Sanitized",
        "x-ms-request-id": "6b0f4cf2-d01e-0047-2bbc-f6d181000000",
        "x-ms-request-server-encrypted": "true",
        "x-ms-version": "2025-11-05",
        "x-ms-version-id": "2025-07-17T01:42:46.7945309Z"
      },
      "ResponseBody": null
    },
    {
      "RequestUri": "https://nickliuproductionacc.blob.core.windows.net/test-container-e6ca1786-fb97-2d38-264d-0a28e29a5cfa/destFolder/bar/item3?comp=appendblock",
      "RequestMethod": "PUT",
      "RequestHeaders": {
        "Accept": "application/xml",
        "Authorization": "Sanitized",
        "Content-Length": "0",
        "If-None-Match": "*",
        "traceparent": "00-4086ac12ccd0135ccb1b4e65685796e8-22dc2e887447fc04-00",
        "User-Agent": "azsdk-net-Storage.Blobs/12.26.0-alpha.20250716.1 (.NET 8.0.18; Microsoft Windows 10.0.26100)",
        "x-ms-client-request-id": "Sanitized",
        "x-ms-copy-source": "https://nickliuproductionacc.file.core.windows.net/test-share-2e598a80-6758-4c5c-8221-9d1a6fee6f3a/sourceFolder/bar/item3?sv=sanitized-value&se=2025-07-18T01%3A42%3A46Z&sr=s&sp=rcwdl&sig=Sanitized",
        "x-ms-date": "Thu, 17 Jul 2025 01:42:47 GMT",
        "x-ms-return-client-request-id": "true",
        "x-ms-source-range": "bytes=0-1023",
        "x-ms-version": "2025-11-05"
      },
      "RequestBody": null,
      "StatusCode": 201,
      "ResponseHeaders": {
        "Content-Length": "0",
        "Date": "Thu, 17 Jul 2025 01:42:46 GMT",
        "ETag": "\"0x8DDC4D33B47D0C5\"",
        "Last-Modified": "Thu, 17 Jul 2025 01:42:46 GMT",
        "Server": [
          "Windows-Azure-Blob/1.0",
          "Microsoft-HTTPAPI/2.0"
        ],
        "x-ms-blob-append-offset": "0",
        "x-ms-blob-committed-block-count": "1",
        "x-ms-client-request-id": "Sanitized",
        "x-ms-content-crc64": "iknlm7CyG2k=",
        "x-ms-request-id": "6b0f4d13-d01e-0047-4abc-f6d181000000",
        "x-ms-request-server-encrypted": "true",
        "x-ms-version": "2025-11-05"
      },
      "ResponseBody": null
    },
    {
      "RequestUri": "https://nickliuproductionacc.blob.core.windows.net/test-container-e6ca1786-fb97-2d38-264d-0a28e29a5cfa/destFolder/pik/item4",
      "RequestMethod": "PUT",
      "RequestHeaders": {
        "Accept": "application/xml",
        "Authorization": "Sanitized",
        "Content-Length": "0",
        "If-None-Match": "*",
        "traceparent": "00-7188e7f018cf45da0b1e7bee544f37f5-384f8e6f2e639dc3-00",
        "User-Agent": "azsdk-net-Storage.Blobs/12.26.0-alpha.20250716.1 (.NET 8.0.18; Microsoft Windows 10.0.26100)",
        "x-ms-blob-content-type": "application/octet-stream",
        "x-ms-blob-type": "AppendBlob",
        "x-ms-client-request-id": "Sanitized",
        "x-ms-date": "Thu, 17 Jul 2025 01:42:47 GMT",
        "x-ms-return-client-request-id": "true",
        "x-ms-version": "2025-11-05"
      },
      "RequestBody": null,
      "StatusCode": 201,
      "ResponseHeaders": {
        "Content-Length": "0",
        "Date": "Thu, 17 Jul 2025 01:42:46 GMT",
        "ETag": "\"0x8DDC4D33B4D21F6\"",
        "Last-Modified": "Thu, 17 Jul 2025 01:42:46 GMT",
        "Server": [
          "Windows-Azure-Blob/1.0",
          "Microsoft-HTTPAPI/2.0"
        ],
        "x-ms-client-request-id": "Sanitized",
        "x-ms-request-id": "6b0f4d4c-d01e-0047-80bc-f6d181000000",
        "x-ms-request-server-encrypted": "true",
        "x-ms-version": "2025-11-05",
        "x-ms-version-id": "2025-07-17T01:42:46.8532726Z"
      },
      "ResponseBody": null
    },
    {
      "RequestUri": "https://nickliuproductionacc.blob.core.windows.net/test-container-e6ca1786-fb97-2d38-264d-0a28e29a5cfa/destFolder/pik/item4?comp=appendblock",
      "RequestMethod": "PUT",
      "RequestHeaders": {
        "Accept": "application/xml",
        "Authorization": "Sanitized",
        "Content-Length": "0",
        "If-None-Match": "*",
        "traceparent": "00-e54ed1b048d8a271699b85041ff83be9-57624025474543cb-00",
        "User-Agent": "azsdk-net-Storage.Blobs/12.26.0-alpha.20250716.1 (.NET 8.0.18; Microsoft Windows 10.0.26100)",
        "x-ms-client-request-id": "Sanitized",
        "x-ms-copy-source": "https://nickliuproductionacc.file.core.windows.net/test-share-2e598a80-6758-4c5c-8221-9d1a6fee6f3a/sourceFolder/pik/item4?sv=sanitized-value&se=2025-07-18T01%3A42%3A46Z&sr=s&sp=rcwdl&sig=Sanitized",
        "x-ms-date": "Thu, 17 Jul 2025 01:42:47 GMT",
        "x-ms-return-client-request-id": "true",
        "x-ms-source-range": "bytes=0-1023",
        "x-ms-version": "2025-11-05"
      },
      "RequestBody": null,
      "StatusCode": 201,
      "ResponseHeaders": {
        "Content-Length": "0",
        "Date": "Thu, 17 Jul 2025 01:42:46 GMT",
        "ETag": "\"0x8DDC4D33B51152B\"",
        "Last-Modified": "Thu, 17 Jul 2025 01:42:46 GMT",
        "Server": [
          "Windows-Azure-Blob/1.0",
          "Microsoft-HTTPAPI/2.0"
        ],
        "x-ms-blob-append-offset": "0",
        "x-ms-blob-committed-block-count": "1",
        "x-ms-client-request-id": "Sanitized",
        "x-ms-content-crc64": "iknlm7CyG2k=",
        "x-ms-request-id": "6b0f4d69-d01e-0047-1bbc-f6d181000000",
        "x-ms-request-server-encrypted": "true",
        "x-ms-version": "2025-11-05"
      },
      "ResponseBody": null
    },
    {
      "RequestUri": "https://nickliuproductionacc.blob.core.windows.net/test-container-e6ca1786-fb97-2d38-264d-0a28e29a5cfa?restype=container",
      "RequestMethod": "DELETE",
      "RequestHeaders": {
        "Accept": "application/xml",
        "Authorization": "Sanitized",
        "traceparent": "00-7b8a06bf8025979407471f5f6eee3509-97a0c9a067dba708-00",
        "User-Agent": "azsdk-net-Storage.Blobs/12.26.0-alpha.20250716.1 (.NET 8.0.18; Microsoft Windows 10.0.26100)",
        "x-ms-client-request-id": "Sanitized",
        "x-ms-date": "Thu, 17 Jul 2025 01:42:47 GMT",
        "x-ms-return-client-request-id": "true",
        "x-ms-version": "2025-11-05"
      },
      "RequestBody": null,
      "StatusCode": 202,
      "ResponseHeaders": {
        "Content-Length": "0",
        "Date": "Thu, 17 Jul 2025 01:42:46 GMT",
        "Server": [
          "Windows-Azure-Blob/1.0",
          "Microsoft-HTTPAPI/2.0"
        ],
        "x-ms-client-request-id": "Sanitized",
        "x-ms-request-id": "6b0f4da6-d01e-0047-53bc-f6d181000000",
        "x-ms-version": "2025-11-05"
      },
      "ResponseBody": null
    },
    {
      "RequestUri": "https://nickliuproductionacc.file.core.windows.net/test-share-2e598a80-6758-4c5c-8221-9d1a6fee6f3a?restype=share",
      "RequestMethod": "DELETE",
      "RequestHeaders": {
        "Accept": "application/xml",
        "Authorization": "Sanitized",
        "traceparent": "00-9d6341db3c9c6b6e681f36073c745d33-dd050737c3834c3b-00",
        "User-Agent": "azsdk-net-Storage.Files.Shares/12.24.0-alpha.20250716.1 (.NET 8.0.18; Microsoft Windows 10.0.26100)",
        "x-ms-client-request-id": "Sanitized",
        "x-ms-date": "Thu, 17 Jul 2025 01:42:47 GMT",
        "x-ms-delete-snapshots": "include",
        "x-ms-return-client-request-id": "true",
        "x-ms-version": "2025-11-05"
      },
      "RequestBody": null,
      "StatusCode": 202,
      "ResponseHeaders": {
        "Content-Length": "0",
        "Date": "Thu, 17 Jul 2025 01:42:46 GMT",
        "Server": [
          "Windows-Azure-File/1.0",
          "Microsoft-HTTPAPI/2.0"
        ],
        "x-ms-client-request-id": "Sanitized",
        "x-ms-request-id": "764e0862-601a-0042-02bc-f6035a000000",
        "x-ms-version": "2025-11-05"
      },
      "ResponseBody": null
    }
  ],
  "Variables": {
    "DateTimeOffsetNow": "2025-07-16T21:42:46.7977501-04:00",
    "RandomSeed": "1213154883",
    "Storage_TestConfigDefault": "ProductionTenant\nnickliuproductionacc\nU2FuaXRpemVk\nhttps://nickliuproductionacc.blob.core.windows.net\nhttps://nickliuproductionacc.file.core.windows.net\nhttps://nickliuproductionacc.queue.core.windows.net\nhttps://nickliuproductionacc.table.core.windows.net\n\n\n\n\nhttps://nickliuproductionacc-secondary.blob.core.windows.net\nhttps://nickliuproductionacc-secondary.file.core.windows.net\nhttps://nickliuproductionacc-secondary.queue.core.windows.net\nhttps://nickliuproductionacc-secondary.table.core.windows.net\nCloud\nBlobEndpoint=https://nickliuproductionacc.blob.core.windows.net/;QueueEndpoint=https://nickliuproductionacc.queue.core.windows.net/;FileEndpoint=https://nickliuproductionacc.file.core.windows.net/;BlobSecondaryEndpoint=https://nickliuproductionacc-secondary.blob.core.windows.net/;QueueSecondaryEndpoint=https://nickliuproductionacc-secondary.queue.core.windows.net/;FileSecondaryEndpoint=https://nickliuproductionacc-secondary.file.core.windows.net/;AccountName=nickliuproductionacc;AccountKey=U2FuaXRpemVk\nEncryptionScope\n\n"
  }
}
