{
  "Entries": [
    {
      "RequestUri": "https://sanitized.communication.azure.com/sip?api-version=2023-03-01",
      "RequestMethod": "PATCH",
      "RequestHeaders": {
        "Accept": "application/json",
        "Authorization": "Sanitized",
        "Content-Length": "97",
        "Content-Type": "application/merge-patch\u002Bjson",
        "traceparent": "00-8d3bebb53755999db35dd155cbccc1eb-dff5daa07ca4baa9-00",
        "User-Agent": "azsdk-net-Communication.PhoneNumbers/1.2.0-alpha.20231108.1 (.NET 7.0.13; Microsoft Windows 10.0.22621)",
        "x-ms-client-request-id": "8f0da2981b6d7e3a52b6d27295d883cf",
        "x-ms-return-client-request-id": "true",
        "x-ms-useragent": "acs-test"
      },
      "RequestBody": {
        "trunks": {
          "sbs1-889553b3-ed96-3461-2149-2ae3c039f8e6.testdomain.com": {
            "sipSignalingPort": 5555
          }
        }
      },
      "StatusCode": 200,
      "ResponseHeaders": {
        "Accept-Ranges": "bytes",
        "api-supported-versions": "2023-03-01, 2023-04-01-preview",
        "Connection": "keep-alive",
        "Content-Length": "109",
        "Content-Type": "application/json; charset=utf-8",
        "Date": "Fri, 10 Nov 2023 12:52:30 GMT",
        "MS-CV": "R7\u002BwwT4jKECFx1BjS3tF\u002Bw.0",
        "Strict-Transport-Security": "max-age=2592000",
        "x-azure-ref": "20231110T125229Z-8a6hd2s9pt4bd4amr874044my8000000052g00000000n8tm",
        "X-Cache": "CONFIG_NOCACHE",
        "X-Processing-Time": "1012ms"
      },
      "ResponseBody": {
        "trunks": {
          "sbs1-889553b3-ed96-3461-2149-2ae3c039f8e6.testdomain.com": {
            "sipSignalingPort": 5555
          }
        },
        "routes": []
      }
    },
    {
      "RequestUri": "https://sanitized.communication.azure.com/sip?api-version=2023-03-01",
      "RequestMethod": "PATCH",
      "RequestHeaders": {
        "Accept": "application/json",
        "Authorization": "Sanitized",
        "Content-Length": "13",
        "Content-Type": "application/merge-patch\u002Bjson",
        "traceparent": "00-ab81a6b080c938f259cd4658acaa1be5-eec0e2410eea1094-00",
        "User-Agent": "azsdk-net-Communication.PhoneNumbers/1.2.0-alpha.20231108.1 (.NET 7.0.13; Microsoft Windows 10.0.22621)",
        "x-ms-client-request-id": "9604b9018a64b9c57f0fbdb707456ac5",
        "x-ms-content-sha256": "Sanitized",
        "x-ms-date": "Fri, 10 Nov 2023 12:52:30 GMT",
        "x-ms-return-client-request-id": "true",
        "x-ms-useragent": "acs-test"
      },
      "RequestBody": {
        "routes": []
      },
      "StatusCode": 200,
      "ResponseHeaders": {
        "Accept-Ranges": "bytes",
        "api-supported-versions": "2023-03-01, 2023-04-01-preview",
        "Connection": "keep-alive",
        "Content-Length": "109",
        "Content-Type": "application/json; charset=utf-8",
        "Date": "Fri, 10 Nov 2023 12:52:30 GMT",
        "MS-CV": "Pjo8Lb3VWkiukqxCOWy2Yg.0",
        "Strict-Transport-Security": "max-age=2592000",
        "x-azure-ref": "20231110T125230Z-8a6hd2s9pt4bd4amr874044my8000000052g00000000n933",
        "X-Cache": "CONFIG_NOCACHE",
        "X-Processing-Time": "302ms"
      },
      "ResponseBody": {
        "trunks": {
          "sbs1-889553b3-ed96-3461-2149-2ae3c039f8e6.testdomain.com": {
            "sipSignalingPort": 5555
          }
        },
        "routes": []
      }
    },
    {
      "RequestUri": "https://sanitized.communication.azure.com/sip?api-version=2023-03-01",
      "RequestMethod": "GET",
      "RequestHeaders": {
        "Accept": "application/json",
        "Authorization": "Sanitized",
        "traceparent": "00-f12f09761fc00791c38f52dcd6cd1c23-8d56692dc78dea1a-00",
        "User-Agent": "azsdk-net-Communication.PhoneNumbers/1.2.0-alpha.20231108.1 (.NET 7.0.13; Microsoft Windows 10.0.22621)",
        "x-ms-client-request-id": "1e857c9385b498e0191736e01bef9f49",
        "x-ms-content-sha256": "Sanitized",
        "x-ms-date": "Fri, 10 Nov 2023 12:52:30 GMT",
        "x-ms-return-client-request-id": "true",
        "x-ms-useragent": "acs-test"
      },
      "RequestBody": null,
      "StatusCode": 200,
      "ResponseHeaders": {
        "Accept-Ranges": "bytes",
        "api-supported-versions": "2023-03-01, 2023-04-01-preview",
        "Connection": "keep-alive",
        "Content-Length": "109",
        "Content-Type": "application/json; charset=utf-8",
        "Date": "Fri, 10 Nov 2023 12:52:31 GMT",
        "MS-CV": "zlFMlp3FskuM51pXBwe6SA.0",
        "Strict-Transport-Security": "max-age=2592000",
        "x-azure-ref": "20231110T125231Z-8a6hd2s9pt4bd4amr874044my8000000052g00000000n97k",
        "X-Cache": "CONFIG_NOCACHE",
        "X-Processing-Time": "200ms"
      },
      "ResponseBody": {
        "trunks": {
          "sbs1-889553b3-ed96-3461-2149-2ae3c039f8e6.testdomain.com": {
            "sipSignalingPort": 5555
          }
        },
        "routes": []
      }
    },
    {
      "RequestUri": "https://sanitized.communication.azure.com/sip?api-version=2023-03-01",
      "RequestMethod": "PATCH",
      "RequestHeaders": {
        "Accept": "application/json",
        "Authorization": "Sanitized",
        "Content-Length": "76",
        "Content-Type": "application/merge-patch\u002Bjson",
        "traceparent": "00-f12f09761fc00791c38f52dcd6cd1c23-d1bb27b5fc5082b8-00",
        "User-Agent": "azsdk-net-Communication.PhoneNumbers/1.2.0-alpha.20231108.1 (.NET 7.0.13; Microsoft Windows 10.0.22621)",
        "x-ms-client-request-id": "07e25ac661350e81dc540f5d5d82760c",
        "x-ms-content-sha256": "Sanitized",
        "x-ms-date": "Fri, 10 Nov 2023 12:52:31 GMT",
        "x-ms-return-client-request-id": "true",
        "x-ms-useragent": "acs-test"
      },
      "RequestBody": {
        "trunks": {
          "sbs1-889553b3-ed96-3461-2149-2ae3c039f8e6.testdomain.com": null
        }
      },
      "StatusCode": 200,
      "ResponseHeaders": {
        "Accept-Ranges": "bytes",
        "api-supported-versions": "2023-03-01, 2023-04-01-preview",
        "Connection": "keep-alive",
        "Content-Length": "25",
        "Content-Type": "application/json; charset=utf-8",
        "Date": "Fri, 10 Nov 2023 12:52:31 GMT",
        "MS-CV": "ye\u002BI/mw3Nk6oJCka4taR8A.0",
        "Strict-Transport-Security": "max-age=2592000",
        "x-azure-ref": "20231110T125231Z-8a6hd2s9pt4bd4amr874044my8000000052g00000000n9a8",
        "X-Cache": "CONFIG_NOCACHE",
        "X-Processing-Time": "386ms"
      },
      "ResponseBody": {
        "trunks": {},
        "routes": []
      }
    }
  ],
  "Variables": {
    "COMMUNICATION_LIVETEST_DYNAMIC_CONNECTION_STRING": "endpoint=https://sanitized.communication.azure.com/;accesskey=Kg==",
    "RandomSeed": "1161956108"
  }
}
