{
  "Entries": [
    {
      "RequestUri": "https://REDACTED/22d09d1d1checkaccessioexceptione6c52148ee3105f90bd6?restype=container",
      "RequestMethod": "GET",
      "RequestHeaders": {
        "Accept": "application/xml",
        "Authorization": "Sanitized",
        "Content-Length": "0",
        "Date": "Wed, 20 Nov 2024 20:40:32 GMT",
        "User-Agent": "azsdk-java-azure-storage-blob/12.30.0-beta.1 azsdk-java-azure-storage-blob-nio/12.0.0-beta.29 (17.0.10; Windows 11; 10.0)",
        "x-ms-client-request-id": "Sanitized",
        "x-ms-version": "2025-01-05"
      },
      "RequestBody": null,
      "StatusCode": 404,
      "ResponseHeaders": {
        "Content-Length": "225",
        "Content-Type": "application/xml",
        "Date": "Wed, 20 Nov 2024 20:40:31 GMT",
        "Server": [
          "Windows-Azure-Blob/1.0",
          "Microsoft-HTTPAPI/2.0"
        ],
        "x-ms-client-request-id": "Sanitized",
        "x-ms-error-code": "ContainerNotFound",
        "x-ms-request-id": "Sanitized",
        "x-ms-version": "2025-01-05"
      },
      "ResponseBody": [
        "\uFEFF<?xml version=\"1.0\" encoding=\"utf-8\"?><Error><Code>ContainerNotFound</Code><Message>The specified container does not exist.\n",
        "RequestId:799946f7-101e-003d-588c-3b8781000000\n",
        "Time:2024-11-20T20:40:32.0281177Z</Message></Error>"
      ]
    },
    {
      "RequestUri": "https://REDACTED/22d09d1d1checkaccessioexceptione6c52148ee3105f90bd6?restype=container",
      "RequestMethod": "PUT",
      "RequestHeaders": {
        "Accept": "application/xml",
        "Authorization": "Sanitized",
        "Content-Length": "0",
        "Date": "Wed, 20 Nov 2024 20:40:32 GMT",
        "User-Agent": "azsdk-java-azure-storage-blob/12.30.0-beta.1 azsdk-java-azure-storage-blob-nio/12.0.0-beta.29 (17.0.10; Windows 11; 10.0)",
        "x-ms-client-request-id": "Sanitized",
        "x-ms-version": "2025-01-05"
      },
      "RequestBody": null,
      "StatusCode": 201,
      "ResponseHeaders": {
        "Content-Length": "0",
        "Date": "Wed, 20 Nov 2024 20:40:32 GMT",
        "ETag": "\"0x8DD09A393ED8D4E\"",
        "Last-Modified": "Wed, 20 Nov 2024 20:40:32 GMT",
        "Server": [
          "Windows-Azure-Blob/1.0",
          "Microsoft-HTTPAPI/2.0"
        ],
        "x-ms-client-request-id": "Sanitized",
        "x-ms-request-id": "Sanitized",
        "x-ms-version": "2025-01-05"
      },
      "ResponseBody": null
    },
    {
      "RequestUri": "https://REDACTED/22d09d1d2checkaccessioexceptione6c96284ed4465cd0531?restype=container",
      "RequestMethod": "GET",
      "RequestHeaders": {
        "Accept": "application/xml",
        "Authorization": "Sanitized",
        "Content-Length": "0",
        "Date": "Wed, 20 Nov 2024 20:40:32 GMT",
        "User-Agent": "azsdk-java-azure-storage-blob/12.30.0-beta.1 azsdk-java-azure-storage-blob-nio/12.0.0-beta.29 (17.0.10; Windows 11; 10.0)",
        "x-ms-client-request-id": "Sanitized",
        "x-ms-version": "2025-01-05"
      },
      "RequestBody": null,
      "StatusCode": 404,
      "ResponseHeaders": {
        "Content-Length": "225",
        "Content-Type": "application/xml",
        "Date": "Wed, 20 Nov 2024 20:40:32 GMT",
        "Server": [
          "Windows-Azure-Blob/1.0",
          "Microsoft-HTTPAPI/2.0"
        ],
        "x-ms-client-request-id": "Sanitized",
        "x-ms-error-code": "ContainerNotFound",
        "x-ms-request-id": "Sanitized",
        "x-ms-version": "2025-01-05"
      },
      "ResponseBody": [
        "\uFEFF<?xml version=\"1.0\" encoding=\"utf-8\"?><Error><Code>ContainerNotFound</Code><Message>The specified container does not exist.\n",
        "RequestId:79994848-101e-003d-7f8c-3b8781000000\n",
        "Time:2024-11-20T20:40:32.4340208Z</Message></Error>"
      ]
    },
    {
      "RequestUri": "https://REDACTED/22d09d1d2checkaccessioexceptione6c96284ed4465cd0531?restype=container",
      "RequestMethod": "PUT",
      "RequestHeaders": {
        "Accept": "application/xml",
        "Authorization": "Sanitized",
        "Content-Length": "0",
        "Date": "Wed, 20 Nov 2024 20:40:32 GMT",
        "User-Agent": "azsdk-java-azure-storage-blob/12.30.0-beta.1 azsdk-java-azure-storage-blob-nio/12.0.0-beta.29 (17.0.10; Windows 11; 10.0)",
        "x-ms-client-request-id": "Sanitized",
        "x-ms-version": "2025-01-05"
      },
      "RequestBody": null,
      "StatusCode": 201,
      "ResponseHeaders": {
        "Content-Length": "0",
        "Date": "Wed, 20 Nov 2024 20:40:32 GMT",
        "ETag": "\"0x8DD09A3941D7E8E\"",
        "Last-Modified": "Wed, 20 Nov 2024 20:40:32 GMT",
        "Server": [
          "Windows-Azure-Blob/1.0",
          "Microsoft-HTTPAPI/2.0"
        ],
        "x-ms-client-request-id": "Sanitized",
        "x-ms-request-id": "Sanitized",
        "x-ms-version": "2025-01-05"
      },
      "ResponseBody": null
    },
    {
      "RequestUri": "https://REDACTED/22d09d1d1checkaccessioexceptione6c52148ee3105f90bd6/22d09d1d3checkaccessioexceptione6c615726cc2c9be98ba",
      "RequestMethod": "HEAD",
      "RequestHeaders": {
        "Accept": "application/xml",
        "Authorization": "Sanitized",
        "Content-Length": "0",
        "Date": "Wed, 20 Nov 2024 20:40:33 GMT",
        "User-Agent": "azsdk-java-azure-storage-blob/12.30.0-beta.1 azsdk-java-azure-storage-blob-nio/12.0.0-beta.29 (17.0.10; Windows 11; 10.0)",
        "x-ms-client-request-id": "Sanitized",
        "x-ms-version": "2025-01-05"
      },
      "RequestBody": null,
      "StatusCode": 404,
      "ResponseHeaders": {
        "Date": "Wed, 20 Nov 2024 20:40:32 GMT",
        "Server": [
          "Windows-Azure-Blob/1.0",
          "Microsoft-HTTPAPI/2.0"
        ],
        "Transfer-Encoding": "chunked",
        "x-ms-client-request-id": "Sanitized",
        "x-ms-error-code": "BlobNotFound",
        "x-ms-request-id": "Sanitized",
        "x-ms-version": "2025-01-05"
      },
      "ResponseBody": null
    },
    {
      "RequestUri": "https://REDACTED/22d09d1d1checkaccessioexceptione6c52148ee3105f90bd6?restype=container&comp=list&prefix=22d09d1d3checkaccessioexceptione6c615726cc2c9be98ba/&delimiter=/&maxresults=2&include=metadata",
      "RequestMethod": "GET",
      "RequestHeaders": {
        "Accept": "application/xml",
        "Authorization": "Sanitized",
        "Content-Length": "0",
        "Date": "Wed, 20 Nov 2024 20:40:33 GMT",
        "User-Agent": "azsdk-java-azure-storage-blob/12.30.0-beta.1 azsdk-java-azure-storage-blob-nio/12.0.0-beta.29 (17.0.10; Windows 11; 10.0)",
        "x-ms-client-request-id": "Sanitized",
        "x-ms-version": "2025-01-05"
      },
      "RequestBody": null,
      "StatusCode": 200,
      "ResponseHeaders": {
        "Content-Type": "application/xml",
        "Date": "Wed, 20 Nov 2024 20:40:33 GMT",
        "Server": [
          "Windows-Azure-Blob/1.0",
          "Microsoft-HTTPAPI/2.0"
        ],
        "Transfer-Encoding": "chunked",
        "x-ms-client-request-id": "Sanitized",
        "x-ms-request-id": "Sanitized",
        "x-ms-version": "2025-01-05"
      },
      "ResponseBody": "\uFEFF<?xml version=\"1.0\" encoding=\"utf-8\"?><EnumerationResults ServiceEndpoint=\"https://primt4f420216ef7557fe.blob.core.windows.net/\" ContainerName=\"22d09d1d1checkaccessioexceptione6c52148ee3105f90bd6\"><Prefix>22d09d1d3checkaccessioexceptione6c615726cc2c9be98ba/</Prefix><MaxResults>2</MaxResults><Delimiter>/</Delimiter><Blobs /><NextMarker /></EnumerationResults>"
    },
    {
      "RequestUri": "https://REDACTED/22d09d1d1checkaccessioexceptione6c52148ee3105f90bd6/22d09d1d3checkaccessioexceptione6c615726cc2c9be98ba",
      "RequestMethod": "PUT",
      "RequestHeaders": {
        "Accept": "application/xml",
        "Authorization": "Sanitized",
        "Content-Length": "0",
        "Content-Type": "application/octet-stream",
        "Date": "Wed, 20 Nov 2024 20:40:33 GMT",
        "User-Agent": "azsdk-java-azure-storage-blob/12.30.0-beta.1 azsdk-java-azure-storage-blob-nio/12.0.0-beta.29 (17.0.10; Windows 11; 10.0)",
        "x-ms-blob-type": "BlockBlob",
        "x-ms-client-request-id": "Sanitized",
        "x-ms-version": "2025-01-05"
      },
      "RequestBody": null,
      "StatusCode": 201,
      "ResponseHeaders": {
        "Content-Length": "0",
        "Content-MD5": "1B2M2Y8AsgTpgAmY7PhCfg==",
        "Date": "Wed, 20 Nov 2024 20:40:32 GMT",
        "ETag": "\"0x8DD09A394A4F03D\"",
        "Last-Modified": "Wed, 20 Nov 2024 20:40:33 GMT",
        "Server": [
          "Windows-Azure-Blob/1.0",
          "Microsoft-HTTPAPI/2.0"
        ],
        "x-ms-client-request-id": "Sanitized",
        "x-ms-content-crc64": "AAAAAAAAAAA=",
        "x-ms-request-id": "Sanitized",
        "x-ms-request-server-encrypted": "true",
        "x-ms-version": "2025-01-05"
      },
      "ResponseBody": null
    },
    {
      "RequestUri": "https://REDACTED/22d09d1d4checkaccessioexceptione6c49617a8384db5564a?restype=container",
      "RequestMethod": "GET",
      "RequestHeaders": {
        "Accept": "application/xml",
        "Authorization": "Sanitized",
        "Content-Length": "0",
        "Date": "Wed, 20 Nov 2024 20:40:33 GMT",
        "User-Agent": "azsdk-java-azure-storage-blob/12.30.0-beta.1 azsdk-java-azure-storage-blob-nio/12.0.0-beta.29 (17.0.10; Windows 11; 10.0)",
        "x-ms-client-request-id": "Sanitized",
        "x-ms-version": "2025-01-05"
      },
      "RequestBody": null,
      "StatusCode": 404,
      "ResponseHeaders": {
        "Content-Length": "225",
        "Content-Type": "application/xml",
        "Date": "Wed, 20 Nov 2024 20:40:32 GMT",
        "Server": [
          "Windows-Azure-Blob/1.0",
          "Microsoft-HTTPAPI/2.0"
        ],
        "x-ms-client-request-id": "Sanitized",
        "x-ms-error-code": "ContainerNotFound",
        "x-ms-request-id": "Sanitized",
        "x-ms-version": "2025-01-05"
      },
      "ResponseBody": [
        "\uFEFF<?xml version=\"1.0\" encoding=\"utf-8\"?><Error><Code>ContainerNotFound</Code><Message>The specified container does not exist.\n",
        "RequestId:14fb4a1c-401e-006d-3a8c-3b45d1000000\n",
        "Time:2024-11-20T20:40:33.6575840Z</Message></Error>"
      ]
    },
    {
      "RequestUri": "https://REDACTED/22d09d1d4checkaccessioexceptione6c49617a8384db5564a?restype=container",
      "RequestMethod": "PUT",
      "RequestHeaders": {
        "Accept": "application/xml",
        "Authorization": "Sanitized",
        "Content-Length": "0",
        "Date": "Wed, 20 Nov 2024 20:40:34 GMT",
        "User-Agent": "azsdk-java-azure-storage-blob/12.30.0-beta.1 azsdk-java-azure-storage-blob-nio/12.0.0-beta.29 (17.0.10; Windows 11; 10.0)",
        "x-ms-client-request-id": "Sanitized",
        "x-ms-version": "2025-01-05"
      },
      "RequestBody": null,
      "StatusCode": 201,
      "ResponseHeaders": {
        "Content-Length": "0",
        "Date": "Wed, 20 Nov 2024 20:40:33 GMT",
        "ETag": "\"0x8DD09A394E7C438\"",
        "Last-Modified": "Wed, 20 Nov 2024 20:40:33 GMT",
        "Server": [
          "Windows-Azure-Blob/1.0",
          "Microsoft-HTTPAPI/2.0"
        ],
        "x-ms-client-request-id": "Sanitized",
        "x-ms-request-id": "Sanitized",
        "x-ms-version": "2025-01-05"
      },
      "ResponseBody": null
    },
    {
      "RequestUri": "https://REDACTED/22d09d1d5checkaccessioexceptione6c9435994ee6d8d6196?restype=container",
      "RequestMethod": "GET",
      "RequestHeaders": {
        "Accept": "application/xml",
        "Authorization": "Sanitized",
        "Content-Length": "0",
        "Date": "Wed, 20 Nov 2024 20:40:34 GMT",
        "User-Agent": "azsdk-java-azure-storage-blob/12.30.0-beta.1 azsdk-java-azure-storage-blob-nio/12.0.0-beta.29 (17.0.10; Windows 11; 10.0)",
        "x-ms-client-request-id": "Sanitized",
        "x-ms-version": "2025-01-05"
      },
      "RequestBody": null,
      "StatusCode": 404,
      "ResponseHeaders": {
        "Content-Length": "225",
        "Content-Type": "application/xml",
        "Date": "Wed, 20 Nov 2024 20:40:34 GMT",
        "Server": [
          "Windows-Azure-Blob/1.0",
          "Microsoft-HTTPAPI/2.0"
        ],
        "x-ms-client-request-id": "Sanitized",
        "x-ms-error-code": "ContainerNotFound",
        "x-ms-request-id": "Sanitized",
        "x-ms-version": "2025-01-05"
      },
      "ResponseBody": [
        "\uFEFF<?xml version=\"1.0\" encoding=\"utf-8\"?><Error><Code>ContainerNotFound</Code><Message>The specified container does not exist.\n",
        "RequestId:79994cc5-101e-003d-578c-3b8781000000\n",
        "Time:2024-11-20T20:40:34.1250107Z</Message></Error>"
      ]
    },
    {
      "RequestUri": "https://REDACTED/22d09d1d5checkaccessioexceptione6c9435994ee6d8d6196?restype=container",
      "RequestMethod": "PUT",
      "RequestHeaders": {
        "Accept": "application/xml",
        "Authorization": "Sanitized",
        "Content-Length": "0",
        "Date": "Wed, 20 Nov 2024 20:40:34 GMT",
        "User-Agent": "azsdk-java-azure-storage-blob/12.30.0-beta.1 azsdk-java-azure-storage-blob-nio/12.0.0-beta.29 (17.0.10; Windows 11; 10.0)",
        "x-ms-client-request-id": "Sanitized",
        "x-ms-version": "2025-01-05"
      },
      "RequestBody": null,
      "StatusCode": 201,
      "ResponseHeaders": {
        "Content-Length": "0",
        "Date": "Wed, 20 Nov 2024 20:40:33 GMT",
        "ETag": "\"0x8DD09A3951E6D4C\"",
        "Last-Modified": "Wed, 20 Nov 2024 20:40:34 GMT",
        "Server": [
          "Windows-Azure-Blob/1.0",
          "Microsoft-HTTPAPI/2.0"
        ],
        "x-ms-client-request-id": "Sanitized",
        "x-ms-request-id": "Sanitized",
        "x-ms-version": "2025-01-05"
      },
      "ResponseBody": null
    }
  ],
  "Variables": {
    "0": "22d09d1d0checkaccessioexceptione6c929579696cbed2d0a",
    "1": "22d09d1d1checkaccessioexceptione6c52148ee3105f90bd6",
    "2": "22d09d1d2checkaccessioexceptione6c96284ed4465cd0531",
    "3": "22d09d1d3checkaccessioexceptione6c615726cc2c9be98ba",
    "4": "22d09d1d4checkaccessioexceptione6c49617a8384db5564a",
    "5": "22d09d1d5checkaccessioexceptione6c9435994ee6d8d6196"
  }
}
