{
  "Entries": [
    {
      "RequestUri": "https://REDACTED/e005455b1directorystatusandexists346738386ad59afa1de?restype=container",
      "RequestMethod": "GET",
      "RequestHeaders": {
        "Accept": "application/xml",
        "Authorization": "Sanitized",
        "Content-Length": "0",
        "Date": "Tue, 26 Nov 2024 21:01:13 GMT",
        "User-Agent": "azsdk-java-azure-storage-blob/12.30.0-beta.1 azsdk-java-azure-storage-blob-nio/12.0.0-beta.29 (21.0.2; Windows 11; 10.0)",
        "x-ms-client-request-id": "Sanitized",
        "x-ms-version": "2025-01-05"
      },
      "RequestBody": null,
      "StatusCode": 404,
      "ResponseHeaders": {
        "Content-Length": "225",
        "Content-Type": "application/xml",
        "Date": "Tue, 26 Nov 2024 21:01:13 GMT",
        "Server": [
          "Windows-Azure-Blob/1.0",
          "Microsoft-HTTPAPI/2.0"
        ],
        "x-ms-client-request-id": "Sanitized",
        "x-ms-error-code": "ContainerNotFound",
        "x-ms-request-id": "Sanitized",
        "x-ms-version": "2025-01-05"
      },
      "ResponseBody": [
        "\uFEFF<?xml version=\"1.0\" encoding=\"utf-8\"?><Error><Code>ContainerNotFound</Code><Message>The specified container does not exist.\n",
        "RequestId:9dc21f37-601e-0045-1346-402479000000\n",
        "Time:2024-11-26T21:01:13.7027761Z</Message></Error>"
      ]
    },
    {
      "RequestUri": "https://REDACTED/e005455b1directorystatusandexists346738386ad59afa1de?restype=container",
      "RequestMethod": "PUT",
      "RequestHeaders": {
        "Accept": "application/xml",
        "Authorization": "Sanitized",
        "Content-Length": "0",
        "Date": "Tue, 26 Nov 2024 21:01:14 GMT",
        "User-Agent": "azsdk-java-azure-storage-blob/12.30.0-beta.1 azsdk-java-azure-storage-blob-nio/12.0.0-beta.29 (21.0.2; Windows 11; 10.0)",
        "x-ms-client-request-id": "Sanitized",
        "x-ms-version": "2025-01-05"
      },
      "RequestBody": null,
      "StatusCode": 201,
      "ResponseHeaders": {
        "Content-Length": "0",
        "Date": "Tue, 26 Nov 2024 21:01:13 GMT",
        "ETag": "\"0x8DD0E5D767A9744\"",
        "Last-Modified": "Tue, 26 Nov 2024 21:01:13 GMT",
        "Server": [
          "Windows-Azure-Blob/1.0",
          "Microsoft-HTTPAPI/2.0"
        ],
        "x-ms-client-request-id": "Sanitized",
        "x-ms-request-id": "Sanitized",
        "x-ms-version": "2025-01-05"
      },
      "ResponseBody": null
    },
    {
      "RequestUri": "https://REDACTED/e005455b2directorystatusandexists3465056481e5aa005f6?restype=container",
      "RequestMethod": "GET",
      "RequestHeaders": {
        "Accept": "application/xml",
        "Authorization": "Sanitized",
        "Content-Length": "0",
        "Date": "Tue, 26 Nov 2024 21:01:14 GMT",
        "User-Agent": "azsdk-java-azure-storage-blob/12.30.0-beta.1 azsdk-java-azure-storage-blob-nio/12.0.0-beta.29 (21.0.2; Windows 11; 10.0)",
        "x-ms-client-request-id": "Sanitized",
        "x-ms-version": "2025-01-05"
      },
      "RequestBody": null,
      "StatusCode": 404,
      "ResponseHeaders": {
        "Content-Length": "225",
        "Content-Type": "application/xml",
        "Date": "Tue, 26 Nov 2024 21:01:14 GMT",
        "Server": [
          "Windows-Azure-Blob/1.0",
          "Microsoft-HTTPAPI/2.0"
        ],
        "x-ms-client-request-id": "Sanitized",
        "x-ms-error-code": "ContainerNotFound",
        "x-ms-request-id": "Sanitized",
        "x-ms-version": "2025-01-05"
      },
      "ResponseBody": [
        "\uFEFF<?xml version=\"1.0\" encoding=\"utf-8\"?><Error><Code>ContainerNotFound</Code><Message>The specified container does not exist.\n",
        "RequestId:0f5bfffe-401e-0020-2946-408a3d000000\n",
        "Time:2024-11-26T21:01:14.4000851Z</Message></Error>"
      ]
    },
    {
      "RequestUri": "https://REDACTED/e005455b2directorystatusandexists3465056481e5aa005f6?restype=container",
      "RequestMethod": "PUT",
      "RequestHeaders": {
        "Accept": "application/xml",
        "Authorization": "Sanitized",
        "Content-Length": "0",
        "Date": "Tue, 26 Nov 2024 21:01:14 GMT",
        "User-Agent": "azsdk-java-azure-storage-blob/12.30.0-beta.1 azsdk-java-azure-storage-blob-nio/12.0.0-beta.29 (21.0.2; Windows 11; 10.0)",
        "x-ms-client-request-id": "Sanitized",
        "x-ms-version": "2025-01-05"
      },
      "RequestBody": null,
      "StatusCode": 201,
      "ResponseHeaders": {
        "Content-Length": "0",
        "Date": "Tue, 26 Nov 2024 21:01:14 GMT",
        "ETag": "\"0x8DD0E5D76D2BCC1\"",
        "Last-Modified": "Tue, 26 Nov 2024 21:01:14 GMT",
        "Server": [
          "Windows-Azure-Blob/1.0",
          "Microsoft-HTTPAPI/2.0"
        ],
        "x-ms-client-request-id": "Sanitized",
        "x-ms-request-id": "Sanitized",
        "x-ms-version": "2025-01-05"
      },
      "ResponseBody": null
    },
    {
      "RequestUri": "https://REDACTED/e005455b1directorystatusandexists346738386ad59afa1de/e005455b2directorystatusandexists3465056481e5aa005f6%2Fe005455b3directorystatusandexists34665439203a48ee265",
      "RequestMethod": "HEAD",
      "RequestHeaders": {
        "Accept": "application/xml",
        "Authorization": "Sanitized",
        "Content-Length": "0",
        "Date": "Tue, 26 Nov 2024 21:01:14 GMT",
        "User-Agent": "azsdk-java-azure-storage-blob/12.30.0-beta.1 azsdk-java-azure-storage-blob-nio/12.0.0-beta.29 (21.0.2; Windows 11; 10.0)",
        "x-ms-client-request-id": "Sanitized",
        "x-ms-version": "2025-01-05"
      },
      "RequestBody": null,
      "StatusCode": 404,
      "ResponseHeaders": {
        "Date": "Tue, 26 Nov 2024 21:01:14 GMT",
        "Server": [
          "Windows-Azure-Blob/1.0",
          "Microsoft-HTTPAPI/2.0"
        ],
        "Transfer-Encoding": "chunked",
        "x-ms-client-request-id": "Sanitized",
        "x-ms-error-code": "BlobNotFound",
        "x-ms-request-id": "Sanitized",
        "x-ms-version": "2025-01-05"
      },
      "ResponseBody": null
    },
    {
      "RequestUri": "https://REDACTED/e005455b1directorystatusandexists346738386ad59afa1de?restype=container&comp=list&prefix=e005455b2directorystatusandexists3465056481e5aa005f6/e005455b3directorystatusandexists34665439203a48ee265/&delimiter=/&maxresults=2&include=metadata",
      "RequestMethod": "GET",
      "RequestHeaders": {
        "Accept": "application/xml",
        "Authorization": "Sanitized",
        "Content-Length": "0",
        "Date": "Tue, 26 Nov 2024 21:01:14 GMT",
        "User-Agent": "azsdk-java-azure-storage-blob/12.30.0-beta.1 azsdk-java-azure-storage-blob-nio/12.0.0-beta.29 (21.0.2; Windows 11; 10.0)",
        "x-ms-client-request-id": "Sanitized",
        "x-ms-version": "2025-01-05"
      },
      "RequestBody": null,
      "StatusCode": 200,
      "ResponseHeaders": {
        "Content-Type": "application/xml",
        "Date": "Tue, 26 Nov 2024 21:01:14 GMT",
        "Server": [
          "Windows-Azure-Blob/1.0",
          "Microsoft-HTTPAPI/2.0"
        ],
        "Transfer-Encoding": "chunked",
        "x-ms-client-request-id": "Sanitized",
        "x-ms-request-id": "Sanitized",
        "x-ms-version": "2025-01-05"
      },
      "ResponseBody": "\uFEFF<?xml version=\"1.0\" encoding=\"utf-8\"?><EnumerationResults ServiceEndpoint=\"https://primt4f420216ef7557fe.blob.core.windows.net/\" ContainerName=\"e005455b1directorystatusandexists346738386ad59afa1de\"><Prefix>e005455b2directorystatusandexists3465056481e5aa005f6/e005455b3directorystatusandexists34665439203a48ee265/</Prefix><MaxResults>2</MaxResults><Delimiter>/</Delimiter><Blobs /><NextMarker /></EnumerationResults>"
    },
    {
      "RequestUri": "https://REDACTED/e005455b1directorystatusandexists346738386ad59afa1de/e005455b4directorystatusandexists346296937c2f67409f3%2Fe005455b5directorystatusandexists34614185fcf49776731%2Fe005455b6directorystatusandexists34656344ff779315f00%2Fe005455b7directorystatusandexists34699815a3b5e1990df",
      "RequestMethod": "HEAD",
      "RequestHeaders": {
        "Accept": "application/xml",
        "Authorization": "Sanitized",
        "Content-Length": "0",
        "Date": "Tue, 26 Nov 2024 21:01:14 GMT",
        "User-Agent": "azsdk-java-azure-storage-blob/12.30.0-beta.1 azsdk-java-azure-storage-blob-nio/12.0.0-beta.29 (21.0.2; Windows 11; 10.0)",
        "x-ms-client-request-id": "Sanitized",
        "x-ms-version": "2025-01-05"
      },
      "RequestBody": null,
      "StatusCode": 404,
      "ResponseHeaders": {
        "Date": "Tue, 26 Nov 2024 21:01:14 GMT",
        "Server": [
          "Windows-Azure-Blob/1.0",
          "Microsoft-HTTPAPI/2.0"
        ],
        "Transfer-Encoding": "chunked",
        "x-ms-client-request-id": "Sanitized",
        "x-ms-error-code": "BlobNotFound",
        "x-ms-request-id": "Sanitized",
        "x-ms-version": "2025-01-05"
      },
      "ResponseBody": null
    },
    {
      "RequestUri": "https://REDACTED/e005455b1directorystatusandexists346738386ad59afa1de?restype=container&comp=list&prefix=e005455b4directorystatusandexists346296937c2f67409f3/e005455b5directorystatusandexists34614185fcf49776731/e005455b6directorystatusandexists34656344ff779315f00/e005455b7directorystatusandexists34699815a3b5e1990df/&delimiter=/&maxresults=2&include=metadata",
      "RequestMethod": "GET",
      "RequestHeaders": {
        "Accept": "application/xml",
        "Authorization": "Sanitized",
        "Content-Length": "0",
        "Date": "Tue, 26 Nov 2024 21:01:15 GMT",
        "User-Agent": "azsdk-java-azure-storage-blob/12.30.0-beta.1 azsdk-java-azure-storage-blob-nio/12.0.0-beta.29 (21.0.2; Windows 11; 10.0)",
        "x-ms-client-request-id": "Sanitized",
        "x-ms-version": "2025-01-05"
      },
      "RequestBody": null,
      "StatusCode": 200,
      "ResponseHeaders": {
        "Content-Type": "application/xml",
        "Date": "Tue, 26 Nov 2024 21:01:14 GMT",
        "Server": [
          "Windows-Azure-Blob/1.0",
          "Microsoft-HTTPAPI/2.0"
        ],
        "Transfer-Encoding": "chunked",
        "x-ms-client-request-id": "Sanitized",
        "x-ms-request-id": "Sanitized",
        "x-ms-version": "2025-01-05"
      },
      "ResponseBody": "\uFEFF<?xml version=\"1.0\" encoding=\"utf-8\"?><EnumerationResults ServiceEndpoint=\"https://primt4f420216ef7557fe.blob.core.windows.net/\" ContainerName=\"e005455b1directorystatusandexists346738386ad59afa1de\"><Prefix>e005455b4directorystatusandexists346296937c2f67409f3/e005455b5directorystatusandexists34614185fcf49776731/e005455b6directorystatusandexists34656344ff779315f00/e005455b7directorystatusandexists34699815a3b5e1990df/</Prefix><MaxResults>2</MaxResults><Delimiter>/</Delimiter><Blobs /><NextMarker /></EnumerationResults>"
    },
    {
      "RequestUri": "https://REDACTED/e005455b1directorystatusandexists346738386ad59afa1de/e005455b2directorystatusandexists3465056481e5aa005f6%2Fe005455b3directorystatusandexists34665439203a48ee265",
      "RequestMethod": "HEAD",
      "RequestHeaders": {
        "Accept": "application/xml",
        "Authorization": "Sanitized",
        "Content-Length": "0",
        "Date": "Tue, 26 Nov 2024 21:01:15 GMT",
        "User-Agent": "azsdk-java-azure-storage-blob/12.30.0-beta.1 azsdk-java-azure-storage-blob-nio/12.0.0-beta.29 (21.0.2; Windows 11; 10.0)",
        "x-ms-client-request-id": "Sanitized",
        "x-ms-version": "2025-01-05"
      },
      "RequestBody": null,
      "StatusCode": 404,
      "ResponseHeaders": {
        "Date": "Tue, 26 Nov 2024 21:01:14 GMT",
        "Server": [
          "Windows-Azure-Blob/1.0",
          "Microsoft-HTTPAPI/2.0"
        ],
        "Transfer-Encoding": "chunked",
        "x-ms-client-request-id": "Sanitized",
        "x-ms-error-code": "BlobNotFound",
        "x-ms-request-id": "Sanitized",
        "x-ms-version": "2025-01-05"
      },
      "ResponseBody": null
    },
    {
      "RequestUri": "https://REDACTED/e005455b1directorystatusandexists346738386ad59afa1de?restype=container&comp=list&prefix=e005455b2directorystatusandexists3465056481e5aa005f6/e005455b3directorystatusandexists34665439203a48ee265/&delimiter=/&maxresults=2&include=metadata",
      "RequestMethod": "GET",
      "RequestHeaders": {
        "Accept": "application/xml",
        "Authorization": "Sanitized",
        "Content-Length": "0",
        "Date": "Tue, 26 Nov 2024 21:01:15 GMT",
        "User-Agent": "azsdk-java-azure-storage-blob/12.30.0-beta.1 azsdk-java-azure-storage-blob-nio/12.0.0-beta.29 (21.0.2; Windows 11; 10.0)",
        "x-ms-client-request-id": "Sanitized",
        "x-ms-version": "2025-01-05"
      },
      "RequestBody": null,
      "StatusCode": 200,
      "ResponseHeaders": {
        "Content-Type": "application/xml",
        "Date": "Tue, 26 Nov 2024 21:01:14 GMT",
        "Server": [
          "Windows-Azure-Blob/1.0",
          "Microsoft-HTTPAPI/2.0"
        ],
        "Transfer-Encoding": "chunked",
        "x-ms-client-request-id": "Sanitized",
        "x-ms-request-id": "Sanitized",
        "x-ms-version": "2025-01-05"
      },
      "ResponseBody": "\uFEFF<?xml version=\"1.0\" encoding=\"utf-8\"?><EnumerationResults ServiceEndpoint=\"https://primt4f420216ef7557fe.blob.core.windows.net/\" ContainerName=\"e005455b1directorystatusandexists346738386ad59afa1de\"><Prefix>e005455b2directorystatusandexists3465056481e5aa005f6/e005455b3directorystatusandexists34665439203a48ee265/</Prefix><MaxResults>2</MaxResults><Delimiter>/</Delimiter><Blobs /><NextMarker /></EnumerationResults>"
    },
    {
      "RequestUri": "https://REDACTED/e005455b1directorystatusandexists346738386ad59afa1de/e005455b4directorystatusandexists346296937c2f67409f3%2Fe005455b5directorystatusandexists34614185fcf49776731%2Fe005455b6directorystatusandexists34656344ff779315f00%2Fe005455b7directorystatusandexists34699815a3b5e1990df",
      "RequestMethod": "HEAD",
      "RequestHeaders": {
        "Accept": "application/xml",
        "Authorization": "Sanitized",
        "Content-Length": "0",
        "Date": "Tue, 26 Nov 2024 21:01:15 GMT",
        "User-Agent": "azsdk-java-azure-storage-blob/12.30.0-beta.1 azsdk-java-azure-storage-blob-nio/12.0.0-beta.29 (21.0.2; Windows 11; 10.0)",
        "x-ms-client-request-id": "Sanitized",
        "x-ms-version": "2025-01-05"
      },
      "RequestBody": null,
      "StatusCode": 404,
      "ResponseHeaders": {
        "Date": "Tue, 26 Nov 2024 21:01:14 GMT",
        "Server": [
          "Windows-Azure-Blob/1.0",
          "Microsoft-HTTPAPI/2.0"
        ],
        "Transfer-Encoding": "chunked",
        "x-ms-client-request-id": "Sanitized",
        "x-ms-error-code": "BlobNotFound",
        "x-ms-request-id": "Sanitized",
        "x-ms-version": "2025-01-05"
      },
      "ResponseBody": null
    },
    {
      "RequestUri": "https://REDACTED/e005455b1directorystatusandexists346738386ad59afa1de?restype=container&comp=list&prefix=e005455b4directorystatusandexists346296937c2f67409f3/e005455b5directorystatusandexists34614185fcf49776731/e005455b6directorystatusandexists34656344ff779315f00/e005455b7directorystatusandexists34699815a3b5e1990df/&delimiter=/&maxresults=2&include=metadata",
      "RequestMethod": "GET",
      "RequestHeaders": {
        "Accept": "application/xml",
        "Authorization": "Sanitized",
        "Content-Length": "0",
        "Date": "Tue, 26 Nov 2024 21:01:15 GMT",
        "User-Agent": "azsdk-java-azure-storage-blob/12.30.0-beta.1 azsdk-java-azure-storage-blob-nio/12.0.0-beta.29 (21.0.2; Windows 11; 10.0)",
        "x-ms-client-request-id": "Sanitized",
        "x-ms-version": "2025-01-05"
      },
      "RequestBody": null,
      "StatusCode": 200,
      "ResponseHeaders": {
        "Content-Type": "application/xml",
        "Date": "Tue, 26 Nov 2024 21:01:14 GMT",
        "Server": [
          "Windows-Azure-Blob/1.0",
          "Microsoft-HTTPAPI/2.0"
        ],
        "Transfer-Encoding": "chunked",
        "x-ms-client-request-id": "Sanitized",
        "x-ms-request-id": "Sanitized",
        "x-ms-version": "2025-01-05"
      },
      "ResponseBody": "\uFEFF<?xml version=\"1.0\" encoding=\"utf-8\"?><EnumerationResults ServiceEndpoint=\"https://primt4f420216ef7557fe.blob.core.windows.net/\" ContainerName=\"e005455b1directorystatusandexists346738386ad59afa1de\"><Prefix>e005455b4directorystatusandexists346296937c2f67409f3/e005455b5directorystatusandexists34614185fcf49776731/e005455b6directorystatusandexists34656344ff779315f00/e005455b7directorystatusandexists34699815a3b5e1990df/</Prefix><MaxResults>2</MaxResults><Delimiter>/</Delimiter><Blobs /><NextMarker /></EnumerationResults>"
    }
  ],
  "Variables": {
    "0": "e005455b0directorystatusandexists346491174d87871c577",
    "1": "e005455b1directorystatusandexists346738386ad59afa1de",
    "2": "e005455b2directorystatusandexists3465056481e5aa005f6",
    "3": "e005455b3directorystatusandexists34665439203a48ee265",
    "4": "e005455b4directorystatusandexists346296937c2f67409f3",
    "5": "e005455b5directorystatusandexists34614185fcf49776731",
    "6": "e005455b6directorystatusandexists34656344ff779315f00",
    "7": "e005455b7directorystatusandexists34699815a3b5e1990df",
    "8": "e005455b8directorystatusandexists34646808f97cb0568f4",
    "9": "e005455b9directorystatusandexists34677989ff78088bbd0"
  }
}
