{
  "Entries": [
    {
      "RequestUri": "https://REDACTED/6602bc3f1outputsteamopendirectoryfaile7a2990012751714d?restype=container",
      "RequestMethod": "GET",
      "RequestHeaders": {
        "Accept": "application/xml",
        "Authorization": "Sanitized",
        "Content-Length": "0",
        "Date": "Wed, 20 Nov 2024 20:40:28 GMT",
        "User-Agent": "azsdk-java-azure-storage-blob/12.30.0-beta.1 azsdk-java-azure-storage-blob-nio/12.0.0-beta.29 (17.0.10; Windows 11; 10.0)",
        "x-ms-client-request-id": "Sanitized",
        "x-ms-version": "2025-01-05"
      },
      "RequestBody": null,
      "StatusCode": 404,
      "ResponseHeaders": {
        "Content-Length": "225",
        "Content-Type": "application/xml",
        "Date": "Wed, 20 Nov 2024 20:40:27 GMT",
        "Server": [
          "Windows-Azure-Blob/1.0",
          "Microsoft-HTTPAPI/2.0"
        ],
        "x-ms-client-request-id": "Sanitized",
        "x-ms-error-code": "ContainerNotFound",
        "x-ms-request-id": "Sanitized",
        "x-ms-version": "2025-01-05"
      },
      "ResponseBody": [
        "\uFEFF<?xml version=\"1.0\" encoding=\"utf-8\"?><Error><Code>ContainerNotFound</Code><Message>The specified container does not exist.\n",
        "RequestId:e39d2a0d-501e-003c-588c-3bd85d000000\n",
        "Time:2024-11-20T20:40:28.2173060Z</Message></Error>"
      ]
    },
    {
      "RequestUri": "https://REDACTED/6602bc3f1outputsteamopendirectoryfaile7a2990012751714d?restype=container",
      "RequestMethod": "PUT",
      "RequestHeaders": {
        "Accept": "application/xml",
        "Authorization": "Sanitized",
        "Content-Length": "0",
        "Date": "Wed, 20 Nov 2024 20:40:28 GMT",
        "User-Agent": "azsdk-java-azure-storage-blob/12.30.0-beta.1 azsdk-java-azure-storage-blob-nio/12.0.0-beta.29 (17.0.10; Windows 11; 10.0)",
        "x-ms-client-request-id": "Sanitized",
        "x-ms-version": "2025-01-05"
      },
      "RequestBody": null,
      "StatusCode": 201,
      "ResponseHeaders": {
        "Content-Length": "0",
        "Date": "Wed, 20 Nov 2024 20:40:28 GMT",
        "ETag": "\"0x8DD09A391947DC9\"",
        "Last-Modified": "Wed, 20 Nov 2024 20:40:28 GMT",
        "Server": [
          "Windows-Azure-Blob/1.0",
          "Microsoft-HTTPAPI/2.0"
        ],
        "x-ms-client-request-id": "Sanitized",
        "x-ms-request-id": "Sanitized",
        "x-ms-version": "2025-01-05"
      },
      "ResponseBody": null
    },
    {
      "RequestUri": "https://REDACTED/6602bc3f2outputsteamopendirectoryfaile7a088255fb317ab1?restype=container",
      "RequestMethod": "GET",
      "RequestHeaders": {
        "Accept": "application/xml",
        "Authorization": "Sanitized",
        "Content-Length": "0",
        "Date": "Wed, 20 Nov 2024 20:40:28 GMT",
        "User-Agent": "azsdk-java-azure-storage-blob/12.30.0-beta.1 azsdk-java-azure-storage-blob-nio/12.0.0-beta.29 (17.0.10; Windows 11; 10.0)",
        "x-ms-client-request-id": "Sanitized",
        "x-ms-version": "2025-01-05"
      },
      "RequestBody": null,
      "StatusCode": 404,
      "ResponseHeaders": {
        "Content-Length": "225",
        "Content-Type": "application/xml",
        "Date": "Wed, 20 Nov 2024 20:40:28 GMT",
        "Server": [
          "Windows-Azure-Blob/1.0",
          "Microsoft-HTTPAPI/2.0"
        ],
        "x-ms-client-request-id": "Sanitized",
        "x-ms-error-code": "ContainerNotFound",
        "x-ms-request-id": "Sanitized",
        "x-ms-version": "2025-01-05"
      },
      "ResponseBody": [
        "\uFEFF<?xml version=\"1.0\" encoding=\"utf-8\"?><Error><Code>ContainerNotFound</Code><Message>The specified container does not exist.\n",
        "RequestId:e39d2ac1-501e-003c-788c-3bd85d000000\n",
        "Time:2024-11-20T20:40:28.4279953Z</Message></Error>"
      ]
    },
    {
      "RequestUri": "https://REDACTED/6602bc3f2outputsteamopendirectoryfaile7a088255fb317ab1?restype=container",
      "RequestMethod": "PUT",
      "RequestHeaders": {
        "Accept": "application/xml",
        "Authorization": "Sanitized",
        "Content-Length": "0",
        "Date": "Wed, 20 Nov 2024 20:40:28 GMT",
        "User-Agent": "azsdk-java-azure-storage-blob/12.30.0-beta.1 azsdk-java-azure-storage-blob-nio/12.0.0-beta.29 (17.0.10; Windows 11; 10.0)",
        "x-ms-client-request-id": "Sanitized",
        "x-ms-version": "2025-01-05"
      },
      "RequestBody": null,
      "StatusCode": 201,
      "ResponseHeaders": {
        "Content-Length": "0",
        "Date": "Wed, 20 Nov 2024 20:40:28 GMT",
        "ETag": "\"0x8DD09A391B33906\"",
        "Last-Modified": "Wed, 20 Nov 2024 20:40:28 GMT",
        "Server": [
          "Windows-Azure-Blob/1.0",
          "Microsoft-HTTPAPI/2.0"
        ],
        "x-ms-client-request-id": "Sanitized",
        "x-ms-request-id": "Sanitized",
        "x-ms-version": "2025-01-05"
      },
      "ResponseBody": null
    },
    {
      "RequestUri": "https://REDACTED/6602bc3f1outputsteamopendirectoryfaile7a2990012751714d/6602bc3f3outputsteamopendirectoryfaile7a175954c3855a38?comp=blocklist",
      "RequestMethod": "PUT",
      "RequestHeaders": {
        "Accept": "application/xml",
        "Authorization": "Sanitized",
        "Content-Length": "61",
        "Content-Type": "application/xml",
        "Date": "Wed, 20 Nov 2024 20:40:28 GMT",
        "User-Agent": "azsdk-java-azure-storage-blob/12.30.0-beta.1 (17.0.10; Windows 11; 10.0)",
        "x-ms-client-request-id": "Sanitized",
        "x-ms-meta-hdi_isfolder": "true",
        "x-ms-version": "2025-01-05"
      },
      "RequestBody": "<?xml version=\"1.0\" encoding=\"UTF-8\"?><BlockList></BlockList>",
      "StatusCode": 201,
      "ResponseHeaders": {
        "Content-Length": "0",
        "Date": "Wed, 20 Nov 2024 20:40:28 GMT",
        "ETag": "\"0x8DD09A391C68E5F\"",
        "Last-Modified": "Wed, 20 Nov 2024 20:40:28 GMT",
        "Server": [
          "Windows-Azure-Blob/1.0",
          "Microsoft-HTTPAPI/2.0"
        ],
        "x-ms-client-request-id": "Sanitized",
        "x-ms-content-crc64": "opR4aGSgEzY=",
        "x-ms-request-id": "Sanitized",
        "x-ms-request-server-encrypted": "true",
        "x-ms-version": "2025-01-05"
      },
      "ResponseBody": null
    },
    {
      "RequestUri": "https://REDACTED/6602bc3f1outputsteamopendirectoryfaile7a2990012751714d/6602bc3f3outputsteamopendirectoryfaile7a175954c3855a38",
      "RequestMethod": "HEAD",
      "RequestHeaders": {
        "Accept": "application/xml",
        "Authorization": "Sanitized",
        "Content-Length": "0",
        "Date": "Wed, 20 Nov 2024 20:40:29 GMT",
        "User-Agent": "azsdk-java-azure-storage-blob/12.30.0-beta.1 azsdk-java-azure-storage-blob-nio/12.0.0-beta.29 (17.0.10; Windows 11; 10.0)",
        "x-ms-client-request-id": "Sanitized",
        "x-ms-version": "2025-01-05"
      },
      "RequestBody": null,
      "StatusCode": 200,
      "ResponseHeaders": {
        "Accept-Ranges": "bytes",
        "Content-Length": "0",
        "Content-Type": "application/octet-stream",
        "Date": "Wed, 20 Nov 2024 20:40:28 GMT",
        "ETag": "\"0x8DD09A391C68E5F\"",
        "Last-Modified": "Wed, 20 Nov 2024 20:40:28 GMT",
        "Server": [
          "Windows-Azure-Blob/1.0",
          "Microsoft-HTTPAPI/2.0"
        ],
        "x-ms-access-tier": "Hot",
        "x-ms-access-tier-inferred": "true",
        "x-ms-blob-type": "BlockBlob",
        "x-ms-client-request-id": "Sanitized",
        "x-ms-creation-time": "Wed, 20 Nov 2024 20:40:28 GMT",
        "x-ms-lease-state": "available",
        "x-ms-lease-status": "unlocked",
        "x-ms-meta-hdi_isfolder": "true",
        "x-ms-request-id": "Sanitized",
        "x-ms-server-encrypted": "true",
        "x-ms-version": "2025-01-05"
      },
      "ResponseBody": null
    },
    {
      "RequestUri": "https://REDACTED/6602bc3f1outputsteamopendirectoryfaile7a2990012751714d?restype=container&comp=list&prefix=6602bc3f3outputsteamopendirectoryfaile7a175954c3855a38/&delimiter=/&maxresults=2&include=metadata",
      "RequestMethod": "GET",
      "RequestHeaders": {
        "Accept": "application/xml",
        "Authorization": "Sanitized",
        "Content-Length": "0",
        "Date": "Wed, 20 Nov 2024 20:40:29 GMT",
        "User-Agent": "azsdk-java-azure-storage-blob/12.30.0-beta.1 azsdk-java-azure-storage-blob-nio/12.0.0-beta.29 (17.0.10; Windows 11; 10.0)",
        "x-ms-client-request-id": "Sanitized",
        "x-ms-version": "2025-01-05"
      },
      "RequestBody": null,
      "StatusCode": 200,
      "ResponseHeaders": {
        "Content-Type": "application/xml",
        "Date": "Wed, 20 Nov 2024 20:40:28 GMT",
        "Server": [
          "Windows-Azure-Blob/1.0",
          "Microsoft-HTTPAPI/2.0"
        ],
        "Transfer-Encoding": "chunked",
        "x-ms-client-request-id": "Sanitized",
        "x-ms-request-id": "Sanitized",
        "x-ms-version": "2025-01-05"
      },
      "ResponseBody": "\uFEFF<?xml version=\"1.0\" encoding=\"utf-8\"?><EnumerationResults ServiceEndpoint=\"https://primt4f420216ef7557fe.blob.core.windows.net/\" ContainerName=\"6602bc3f1outputsteamopendirectoryfaile7a2990012751714d\"><Prefix>6602bc3f3outputsteamopendirectoryfaile7a175954c3855a38/</Prefix><MaxResults>2</MaxResults><Delimiter>/</Delimiter><Blobs /><NextMarker /></EnumerationResults>"
    }
  ],
  "Variables": {
    "0": "6602bc3f0outputsteamopendirectoryfaile7a87735e00c8fbf2",
    "1": "6602bc3f1outputsteamopendirectoryfaile7a2990012751714d",
    "2": "6602bc3f2outputsteamopendirectoryfaile7a088255fb317ab1",
    "3": "6602bc3f3outputsteamopendirectoryfaile7a175954c3855a38"
  }
}
