{
  "Entries": [
    {
      "RequestUri": "https://REDACTED/6b64e4931filescopye2507176cb3177ce380b497fb3?restype=container",
      "RequestMethod": "GET",
      "RequestHeaders": {
        "Accept": "application/xml",
        "Authorization": "Sanitized",
        "Content-Length": "0",
        "Date": "Tue, 26 Nov 2024 21:00:58 GMT",
        "User-Agent": "azsdk-java-azure-storage-blob/12.30.0-beta.1 azsdk-java-azure-storage-blob-nio/12.0.0-beta.29 (21.0.2; Windows 11; 10.0)",
        "x-ms-client-request-id": "Sanitized",
        "x-ms-version": "2025-01-05"
      },
      "RequestBody": null,
      "StatusCode": 404,
      "ResponseHeaders": {
        "Content-Length": "225",
        "Content-Type": "application/xml",
        "Date": "Tue, 26 Nov 2024 21:00:58 GMT",
        "Server": [
          "Windows-Azure-Blob/1.0",
          "Microsoft-HTTPAPI/2.0"
        ],
        "x-ms-client-request-id": "Sanitized",
        "x-ms-error-code": "ContainerNotFound",
        "x-ms-request-id": "Sanitized",
        "x-ms-version": "2025-01-05"
      },
      "ResponseBody": [
        "\uFEFF<?xml version=\"1.0\" encoding=\"utf-8\"?><Error><Code>ContainerNotFound</Code><Message>The specified container does not exist.\n",
        "RequestId:add68735-701e-0049-1846-40b371000000\n",
        "Time:2024-11-26T21:00:58.0897700Z</Message></Error>"
      ]
    },
    {
      "RequestUri": "https://REDACTED/6b64e4931filescopye2507176cb3177ce380b497fb3?restype=container",
      "RequestMethod": "PUT",
      "RequestHeaders": {
        "Accept": "application/xml",
        "Authorization": "Sanitized",
        "Content-Length": "0",
        "Date": "Tue, 26 Nov 2024 21:00:58 GMT",
        "User-Agent": "azsdk-java-azure-storage-blob/12.30.0-beta.1 azsdk-java-azure-storage-blob-nio/12.0.0-beta.29 (21.0.2; Windows 11; 10.0)",
        "x-ms-client-request-id": "Sanitized",
        "x-ms-version": "2025-01-05"
      },
      "RequestBody": null,
      "StatusCode": 201,
      "ResponseHeaders": {
        "Content-Length": "0",
        "Date": "Tue, 26 Nov 2024 21:00:57 GMT",
        "ETag": "\"0x8DD0E5D6D230868\"",
        "Last-Modified": "Tue, 26 Nov 2024 21:00:58 GMT",
        "Server": [
          "Windows-Azure-Blob/1.0",
          "Microsoft-HTTPAPI/2.0"
        ],
        "x-ms-client-request-id": "Sanitized",
        "x-ms-request-id": "Sanitized",
        "x-ms-version": "2025-01-05"
      },
      "ResponseBody": null
    },
    {
      "RequestUri": "https://REDACTED/6b64e4932filescopye2505676e1bdb018b7024938b7?restype=container",
      "RequestMethod": "GET",
      "RequestHeaders": {
        "Accept": "application/xml",
        "Authorization": "Sanitized",
        "Content-Length": "0",
        "Date": "Tue, 26 Nov 2024 21:00:58 GMT",
        "User-Agent": "azsdk-java-azure-storage-blob/12.30.0-beta.1 azsdk-java-azure-storage-blob-nio/12.0.0-beta.29 (21.0.2; Windows 11; 10.0)",
        "x-ms-client-request-id": "Sanitized",
        "x-ms-version": "2025-01-05"
      },
      "RequestBody": null,
      "StatusCode": 404,
      "ResponseHeaders": {
        "Content-Length": "225",
        "Content-Type": "application/xml",
        "Date": "Tue, 26 Nov 2024 21:00:57 GMT",
        "Server": [
          "Windows-Azure-Blob/1.0",
          "Microsoft-HTTPAPI/2.0"
        ],
        "x-ms-client-request-id": "Sanitized",
        "x-ms-error-code": "ContainerNotFound",
        "x-ms-request-id": "Sanitized",
        "x-ms-version": "2025-01-05"
      },
      "ResponseBody": [
        "\uFEFF<?xml version=\"1.0\" encoding=\"utf-8\"?><Error><Code>ContainerNotFound</Code><Message>The specified container does not exist.\n",
        "RequestId:f02c12c9-e01e-005b-1b46-40c8a1000000\n",
        "Time:2024-11-26T21:00:58.3021394Z</Message></Error>"
      ]
    },
    {
      "RequestUri": "https://REDACTED/6b64e4932filescopye2505676e1bdb018b7024938b7?restype=container",
      "RequestMethod": "PUT",
      "RequestHeaders": {
        "Accept": "application/xml",
        "Authorization": "Sanitized",
        "Content-Length": "0",
        "Date": "Tue, 26 Nov 2024 21:00:58 GMT",
        "User-Agent": "azsdk-java-azure-storage-blob/12.30.0-beta.1 azsdk-java-azure-storage-blob-nio/12.0.0-beta.29 (21.0.2; Windows 11; 10.0)",
        "x-ms-client-request-id": "Sanitized",
        "x-ms-version": "2025-01-05"
      },
      "RequestBody": null,
      "StatusCode": 201,
      "ResponseHeaders": {
        "Content-Length": "0",
        "Date": "Tue, 26 Nov 2024 21:00:57 GMT",
        "ETag": "\"0x8DD0E5D6D3AFACA\"",
        "Last-Modified": "Tue, 26 Nov 2024 21:00:58 GMT",
        "Server": [
          "Windows-Azure-Blob/1.0",
          "Microsoft-HTTPAPI/2.0"
        ],
        "x-ms-client-request-id": "Sanitized",
        "x-ms-request-id": "Sanitized",
        "x-ms-version": "2025-01-05"
      },
      "ResponseBody": null
    },
    {
      "RequestUri": "https://REDACTED/6b64e4931filescopye2507176cb3177ce380b497fb3/dest",
      "RequestMethod": "HEAD",
      "RequestHeaders": {
        "Accept": "application/xml",
        "Authorization": "Sanitized",
        "Content-Length": "0",
        "Date": "Tue, 26 Nov 2024 21:00:58 GMT",
        "User-Agent": "azsdk-java-azure-storage-blob/12.30.0-beta.1 azsdk-java-azure-storage-blob-nio/12.0.0-beta.29 (21.0.2; Windows 11; 10.0)",
        "x-ms-client-request-id": "Sanitized",
        "x-ms-version": "2025-01-05"
      },
      "RequestBody": null,
      "StatusCode": 404,
      "ResponseHeaders": {
        "Date": "Tue, 26 Nov 2024 21:00:57 GMT",
        "Server": [
          "Windows-Azure-Blob/1.0",
          "Microsoft-HTTPAPI/2.0"
        ],
        "Transfer-Encoding": "chunked",
        "x-ms-client-request-id": "Sanitized",
        "x-ms-error-code": "BlobNotFound",
        "x-ms-request-id": "Sanitized",
        "x-ms-version": "2025-01-05"
      },
      "ResponseBody": null
    },
    {
      "RequestUri": "https://REDACTED/6b64e4931filescopye2507176cb3177ce380b497fb3?restype=container&comp=list&prefix=dest/&delimiter=/&maxresults=2&include=metadata",
      "RequestMethod": "GET",
      "RequestHeaders": {
        "Accept": "application/xml",
        "Authorization": "Sanitized",
        "Content-Length": "0",
        "Date": "Tue, 26 Nov 2024 21:00:58 GMT",
        "User-Agent": "azsdk-java-azure-storage-blob/12.30.0-beta.1 azsdk-java-azure-storage-blob-nio/12.0.0-beta.29 (21.0.2; Windows 11; 10.0)",
        "x-ms-client-request-id": "Sanitized",
        "x-ms-version": "2025-01-05"
      },
      "RequestBody": null,
      "StatusCode": 200,
      "ResponseHeaders": {
        "Content-Type": "application/xml",
        "Date": "Tue, 26 Nov 2024 21:00:57 GMT",
        "Server": [
          "Windows-Azure-Blob/1.0",
          "Microsoft-HTTPAPI/2.0"
        ],
        "Transfer-Encoding": "chunked",
        "x-ms-client-request-id": "Sanitized",
        "x-ms-request-id": "Sanitized",
        "x-ms-version": "2025-01-05"
      },
      "ResponseBody": "\uFEFF<?xml version=\"1.0\" encoding=\"utf-8\"?><EnumerationResults ServiceEndpoint=\"https://primt4f420216ef7557fe.blob.core.windows.net/\" ContainerName=\"6b64e4931filescopye2507176cb3177ce380b497fb3\"><Prefix>dest/</Prefix><MaxResults>2</MaxResults><Delimiter>/</Delimiter><Blobs /><NextMarker /></EnumerationResults>"
    },
    {
      "RequestUri": "https://REDACTED/6b64e4931filescopye2507176cb3177ce380b497fb3/dest",
      "RequestMethod": "PUT",
      "RequestHeaders": {
        "Accept": "application/xml",
        "Authorization": "Sanitized",
        "Content-Length": "7",
        "Content-Type": "application/octet-stream",
        "Date": "Tue, 26 Nov 2024 21:00:58 GMT",
        "If-None-Match": "*",
        "User-Agent": "azsdk-java-azure-storage-blob/12.30.0-beta.1 azsdk-java-azure-storage-blob-nio/12.0.0-beta.29 (21.0.2; Windows 11; 10.0)",
        "x-ms-blob-type": "BlockBlob",
        "x-ms-client-request-id": "Sanitized",
        "x-ms-version": "2025-01-05"
      },
      "RequestBody": "ZGVmYXVsdA==",
      "StatusCode": 201,
      "ResponseHeaders": {
        "Content-Length": "0",
        "Content-MD5": "wh+Wm18D0z1D4E+PE252gg==",
        "Date": "Tue, 26 Nov 2024 21:00:58 GMT",
        "ETag": "\"0x8DD0E5D6D61FE41\"",
        "Last-Modified": "Tue, 26 Nov 2024 21:00:58 GMT",
        "Server": [
          "Windows-Azure-Blob/1.0",
          "Microsoft-HTTPAPI/2.0"
        ],
        "x-ms-client-request-id": "Sanitized",
        "x-ms-content-crc64": "6RYQPwaVsyQ=",
        "x-ms-request-id": "Sanitized",
        "x-ms-request-server-encrypted": "true",
        "x-ms-version": "2025-01-05"
      },
      "ResponseBody": null
    },
    {
      "RequestUri": "https://REDACTED/6b64e4931filescopye2507176cb3177ce380b497fb3/dest",
      "RequestMethod": "HEAD",
      "RequestHeaders": {
        "Accept": "application/xml",
        "Authorization": "Sanitized",
        "Content-Length": "0",
        "Date": "Tue, 26 Nov 2024 21:00:58 GMT",
        "User-Agent": "azsdk-java-azure-storage-blob/12.30.0-beta.1 azsdk-java-azure-storage-blob-nio/12.0.0-beta.29 (21.0.2; Windows 11; 10.0)",
        "x-ms-client-request-id": "Sanitized",
        "x-ms-version": "2025-01-05"
      },
      "RequestBody": null,
      "StatusCode": 200,
      "ResponseHeaders": {
        "Accept-Ranges": "bytes",
        "Content-Length": "7",
        "Content-MD5": "wh+Wm18D0z1D4E+PE252gg==",
        "Content-Type": "application/octet-stream",
        "Date": "Tue, 26 Nov 2024 21:00:58 GMT",
        "ETag": "\"0x8DD0E5D6D61FE41\"",
        "Last-Modified": "Tue, 26 Nov 2024 21:00:58 GMT",
        "Server": [
          "Windows-Azure-Blob/1.0",
          "Microsoft-HTTPAPI/2.0"
        ],
        "x-ms-access-tier": "Hot",
        "x-ms-access-tier-inferred": "true",
        "x-ms-blob-type": "BlockBlob",
        "x-ms-client-request-id": "Sanitized",
        "x-ms-creation-time": "Tue, 26 Nov 2024 21:00:58 GMT",
        "x-ms-lease-state": "available",
        "x-ms-lease-status": "unlocked",
        "x-ms-request-id": "Sanitized",
        "x-ms-server-encrypted": "true",
        "x-ms-version": "2025-01-05"
      },
      "ResponseBody": null
    },
    {
      "RequestUri": "https://REDACTED/6b64e4931filescopye2507176cb3177ce380b497fb3/dest",
      "RequestMethod": "GET",
      "RequestHeaders": {
        "Accept": "application/xml",
        "Authorization": "Sanitized",
        "Content-Length": "0",
        "Date": "Tue, 26 Nov 2024 21:00:58 GMT",
        "User-Agent": "azsdk-java-azure-storage-blob/12.30.0-beta.1 azsdk-java-azure-storage-blob-nio/12.0.0-beta.29 (21.0.2; Windows 11; 10.0)",
        "x-ms-client-request-id": "Sanitized",
        "x-ms-range": "bytes=0-4194303",
        "x-ms-version": "2025-01-05"
      },
      "RequestBody": null,
      "StatusCode": 206,
      "ResponseHeaders": {
        "Accept-Ranges": "bytes",
        "Content-Length": "7",
        "Content-Range": "bytes 0-6/7",
        "Content-Type": "application/octet-stream",
        "Date": "Tue, 26 Nov 2024 21:00:58 GMT",
        "ETag": "\"0x8DD0E5D6D61FE41\"",
        "Last-Modified": "Tue, 26 Nov 2024 21:00:58 GMT",
        "Server": [
          "Windows-Azure-Blob/1.0",
          "Microsoft-HTTPAPI/2.0"
        ],
        "x-ms-blob-content-md5": "wh+Wm18D0z1D4E+PE252gg==",
        "x-ms-blob-type": "BlockBlob",
        "x-ms-client-request-id": "Sanitized",
        "x-ms-creation-time": "Tue, 26 Nov 2024 21:00:58 GMT",
        "x-ms-lease-state": "available",
        "x-ms-lease-status": "unlocked",
        "x-ms-request-id": "Sanitized",
        "x-ms-server-encrypted": "true",
        "x-ms-version": "2025-01-05"
      },
      "ResponseBody": "ZGVmYXVsdA=="
    },
    {
      "RequestUri": "https://REDACTED/6b64e4931filescopye2507176cb3177ce380b497fb3/dest2",
      "RequestMethod": "HEAD",
      "RequestHeaders": {
        "Accept": "application/xml",
        "Authorization": "Sanitized",
        "Content-Length": "0",
        "Date": "Tue, 26 Nov 2024 21:00:59 GMT",
        "User-Agent": "azsdk-java-azure-storage-blob/12.30.0-beta.1 azsdk-java-azure-storage-blob-nio/12.0.0-beta.29 (21.0.2; Windows 11; 10.0)",
        "x-ms-client-request-id": "Sanitized",
        "x-ms-version": "2025-01-05"
      },
      "RequestBody": null,
      "StatusCode": 404,
      "ResponseHeaders": {
        "Date": "Tue, 26 Nov 2024 21:00:58 GMT",
        "Server": [
          "Windows-Azure-Blob/1.0",
          "Microsoft-HTTPAPI/2.0"
        ],
        "Transfer-Encoding": "chunked",
        "x-ms-client-request-id": "Sanitized",
        "x-ms-error-code": "BlobNotFound",
        "x-ms-request-id": "Sanitized",
        "x-ms-version": "2025-01-05"
      },
      "ResponseBody": null
    },
    {
      "RequestUri": "https://REDACTED/6b64e4931filescopye2507176cb3177ce380b497fb3?restype=container&comp=list&prefix=dest2/&delimiter=/&maxresults=2&include=metadata",
      "RequestMethod": "GET",
      "RequestHeaders": {
        "Accept": "application/xml",
        "Authorization": "Sanitized",
        "Content-Length": "0",
        "Date": "Tue, 26 Nov 2024 21:00:59 GMT",
        "User-Agent": "azsdk-java-azure-storage-blob/12.30.0-beta.1 azsdk-java-azure-storage-blob-nio/12.0.0-beta.29 (21.0.2; Windows 11; 10.0)",
        "x-ms-client-request-id": "Sanitized",
        "x-ms-version": "2025-01-05"
      },
      "RequestBody": null,
      "StatusCode": 200,
      "ResponseHeaders": {
        "Content-Type": "application/xml",
        "Date": "Tue, 26 Nov 2024 21:00:58 GMT",
        "Server": [
          "Windows-Azure-Blob/1.0",
          "Microsoft-HTTPAPI/2.0"
        ],
        "Transfer-Encoding": "chunked",
        "x-ms-client-request-id": "Sanitized",
        "x-ms-request-id": "Sanitized",
        "x-ms-version": "2025-01-05"
      },
      "ResponseBody": "\uFEFF<?xml version=\"1.0\" encoding=\"utf-8\"?><EnumerationResults ServiceEndpoint=\"https://primt4f420216ef7557fe.blob.core.windows.net/\" ContainerName=\"6b64e4931filescopye2507176cb3177ce380b497fb3\"><Prefix>dest2/</Prefix><MaxResults>2</MaxResults><Delimiter>/</Delimiter><Blobs /><NextMarker /></EnumerationResults>"
    },
    {
      "RequestUri": "https://REDACTED/6b64e4931filescopye2507176cb3177ce380b497fb3/dest",
      "RequestMethod": "HEAD",
      "RequestHeaders": {
        "Accept": "application/xml",
        "Authorization": "Sanitized",
        "Content-Length": "0",
        "Date": "Tue, 26 Nov 2024 21:00:59 GMT",
        "User-Agent": "azsdk-java-azure-storage-blob/12.30.0-beta.1 azsdk-java-azure-storage-blob-nio/12.0.0-beta.29 (21.0.2; Windows 11; 10.0)",
        "x-ms-client-request-id": "Sanitized",
        "x-ms-version": "2025-01-05"
      },
      "RequestBody": null,
      "StatusCode": 200,
      "ResponseHeaders": {
        "Accept-Ranges": "bytes",
        "Content-Length": "7",
        "Content-MD5": "wh+Wm18D0z1D4E+PE252gg==",
        "Content-Type": "application/octet-stream",
        "Date": "Tue, 26 Nov 2024 21:00:58 GMT",
        "ETag": "\"0x8DD0E5D6D61FE41\"",
        "Last-Modified": "Tue, 26 Nov 2024 21:00:58 GMT",
        "Server": [
          "Windows-Azure-Blob/1.0",
          "Microsoft-HTTPAPI/2.0"
        ],
        "x-ms-access-tier": "Hot",
        "x-ms-access-tier-inferred": "true",
        "x-ms-blob-type": "BlockBlob",
        "x-ms-client-request-id": "Sanitized",
        "x-ms-creation-time": "Tue, 26 Nov 2024 21:00:58 GMT",
        "x-ms-lease-state": "available",
        "x-ms-lease-status": "unlocked",
        "x-ms-request-id": "Sanitized",
        "x-ms-server-encrypted": "true",
        "x-ms-version": "2025-01-05"
      },
      "ResponseBody": null
    },
    {
      "RequestUri": "https://REDACTED/6b64e4931filescopye2507176cb3177ce380b497fb3/dest",
      "RequestMethod": "GET",
      "RequestHeaders": {
        "Accept": "application/xml",
        "Authorization": "Sanitized",
        "Content-Length": "0",
        "Date": "Tue, 26 Nov 2024 21:00:59 GMT",
        "User-Agent": "azsdk-java-azure-storage-blob/12.30.0-beta.1 azsdk-java-azure-storage-blob-nio/12.0.0-beta.29 (21.0.2; Windows 11; 10.0)",
        "x-ms-client-request-id": "Sanitized",
        "x-ms-range": "bytes=0-4194303",
        "x-ms-version": "2025-01-05"
      },
      "RequestBody": null,
      "StatusCode": 206,
      "ResponseHeaders": {
        "Accept-Ranges": "bytes",
        "Content-Length": "7",
        "Content-Range": "bytes 0-6/7",
        "Content-Type": "application/octet-stream",
        "Date": "Tue, 26 Nov 2024 21:00:58 GMT",
        "ETag": "\"0x8DD0E5D6D61FE41\"",
        "Last-Modified": "Tue, 26 Nov 2024 21:00:58 GMT",
        "Server": [
          "Windows-Azure-Blob/1.0",
          "Microsoft-HTTPAPI/2.0"
        ],
        "x-ms-blob-content-md5": "wh+Wm18D0z1D4E+PE252gg==",
        "x-ms-blob-type": "BlockBlob",
        "x-ms-client-request-id": "Sanitized",
        "x-ms-creation-time": "Tue, 26 Nov 2024 21:00:58 GMT",
        "x-ms-lease-state": "available",
        "x-ms-lease-status": "unlocked",
        "x-ms-request-id": "Sanitized",
        "x-ms-server-encrypted": "true",
        "x-ms-version": "2025-01-05"
      },
      "ResponseBody": "ZGVmYXVsdA=="
    },
    {
      "RequestUri": "https://REDACTED/6b64e4931filescopye2507176cb3177ce380b497fb3/dest2",
      "RequestMethod": "PUT",
      "RequestHeaders": {
        "Accept": "application/xml",
        "Authorization": "Sanitized",
        "Content-Length": "7",
        "Content-Type": "application/octet-stream",
        "Date": "Tue, 26 Nov 2024 21:00:59 GMT",
        "User-Agent": "azsdk-java-azure-storage-blob/12.30.0-beta.1 azsdk-java-azure-storage-blob-nio/12.0.0-beta.29 (21.0.2; Windows 11; 10.0)",
        "x-ms-blob-type": "BlockBlob",
        "x-ms-client-request-id": "Sanitized",
        "x-ms-version": "2025-01-05"
      },
      "RequestBody": "ZGVmYXVsdA==",
      "StatusCode": 201,
      "ResponseHeaders": {
        "Content-Length": "0",
        "Content-MD5": "wh+Wm18D0z1D4E+PE252gg==",
        "Date": "Tue, 26 Nov 2024 21:00:58 GMT",
        "ETag": "\"0x8DD0E5D6DB7119D\"",
        "Last-Modified": "Tue, 26 Nov 2024 21:00:59 GMT",
        "Server": [
          "Windows-Azure-Blob/1.0",
          "Microsoft-HTTPAPI/2.0"
        ],
        "x-ms-client-request-id": "Sanitized",
        "x-ms-content-crc64": "6RYQPwaVsyQ=",
        "x-ms-request-id": "Sanitized",
        "x-ms-request-server-encrypted": "true",
        "x-ms-version": "2025-01-05"
      },
      "ResponseBody": null
    },
    {
      "RequestUri": "https://REDACTED/6b64e4931filescopye2507176cb3177ce380b497fb3/dest2",
      "RequestMethod": "HEAD",
      "RequestHeaders": {
        "Accept": "application/xml",
        "Authorization": "Sanitized",
        "Content-Length": "0",
        "Date": "Tue, 26 Nov 2024 21:00:59 GMT",
        "User-Agent": "azsdk-java-azure-storage-blob/12.30.0-beta.1 azsdk-java-azure-storage-blob-nio/12.0.0-beta.29 (21.0.2; Windows 11; 10.0)",
        "x-ms-client-request-id": "Sanitized",
        "x-ms-version": "2025-01-05"
      },
      "RequestBody": null,
      "StatusCode": 200,
      "ResponseHeaders": {
        "Accept-Ranges": "bytes",
        "Content-Length": "7",
        "Content-MD5": "wh+Wm18D0z1D4E+PE252gg==",
        "Content-Type": "application/octet-stream",
        "Date": "Tue, 26 Nov 2024 21:00:59 GMT",
        "ETag": "\"0x8DD0E5D6DB7119D\"",
        "Last-Modified": "Tue, 26 Nov 2024 21:00:59 GMT",
        "Server": [
          "Windows-Azure-Blob/1.0",
          "Microsoft-HTTPAPI/2.0"
        ],
        "x-ms-access-tier": "Hot",
        "x-ms-access-tier-inferred": "true",
        "x-ms-blob-type": "BlockBlob",
        "x-ms-client-request-id": "Sanitized",
        "x-ms-creation-time": "Tue, 26 Nov 2024 21:00:59 GMT",
        "x-ms-lease-state": "available",
        "x-ms-lease-status": "unlocked",
        "x-ms-request-id": "Sanitized",
        "x-ms-server-encrypted": "true",
        "x-ms-version": "2025-01-05"
      },
      "ResponseBody": null
    },
    {
      "RequestUri": "https://REDACTED/6b64e4931filescopye2507176cb3177ce380b497fb3/dest2",
      "RequestMethod": "GET",
      "RequestHeaders": {
        "Accept": "application/xml",
        "Authorization": "Sanitized",
        "Content-Length": "0",
        "Date": "Tue, 26 Nov 2024 21:00:59 GMT",
        "User-Agent": "azsdk-java-azure-storage-blob/12.30.0-beta.1 azsdk-java-azure-storage-blob-nio/12.0.0-beta.29 (21.0.2; Windows 11; 10.0)",
        "x-ms-client-request-id": "Sanitized",
        "x-ms-range": "bytes=0-4194303",
        "x-ms-version": "2025-01-05"
      },
      "RequestBody": null,
      "StatusCode": 206,
      "ResponseHeaders": {
        "Accept-Ranges": "bytes",
        "Content-Length": "7",
        "Content-Range": "bytes 0-6/7",
        "Content-Type": "application/octet-stream",
        "Date": "Tue, 26 Nov 2024 21:00:59 GMT",
        "ETag": "\"0x8DD0E5D6DB7119D\"",
        "Last-Modified": "Tue, 26 Nov 2024 21:00:59 GMT",
        "Server": [
          "Windows-Azure-Blob/1.0",
          "Microsoft-HTTPAPI/2.0"
        ],
        "x-ms-blob-content-md5": "wh+Wm18D0z1D4E+PE252gg==",
        "x-ms-blob-type": "BlockBlob",
        "x-ms-client-request-id": "Sanitized",
        "x-ms-creation-time": "Tue, 26 Nov 2024 21:00:59 GMT",
        "x-ms-lease-state": "available",
        "x-ms-lease-status": "unlocked",
        "x-ms-request-id": "Sanitized",
        "x-ms-server-encrypted": "true",
        "x-ms-version": "2025-01-05"
      },
      "ResponseBody": "ZGVmYXVsdA=="
    },
    {
      "RequestUri": "https://REDACTED/6b64e4931filescopye2507176cb3177ce380b497fb3/dest3",
      "RequestMethod": "HEAD",
      "RequestHeaders": {
        "Accept": "application/xml",
        "Authorization": "Sanitized",
        "Content-Length": "0",
        "Date": "Tue, 26 Nov 2024 21:00:59 GMT",
        "User-Agent": "azsdk-java-azure-storage-blob/12.30.0-beta.1 azsdk-java-azure-storage-blob-nio/12.0.0-beta.29 (21.0.2; Windows 11; 10.0)",
        "x-ms-client-request-id": "Sanitized",
        "x-ms-version": "2025-01-05"
      },
      "RequestBody": null,
      "StatusCode": 404,
      "ResponseHeaders": {
        "Date": "Tue, 26 Nov 2024 21:00:59 GMT",
        "Server": [
          "Windows-Azure-Blob/1.0",
          "Microsoft-HTTPAPI/2.0"
        ],
        "Transfer-Encoding": "chunked",
        "x-ms-client-request-id": "Sanitized",
        "x-ms-error-code": "BlobNotFound",
        "x-ms-request-id": "Sanitized",
        "x-ms-version": "2025-01-05"
      },
      "ResponseBody": null
    },
    {
      "RequestUri": "https://REDACTED/6b64e4931filescopye2507176cb3177ce380b497fb3?restype=container&comp=list&prefix=dest3/&delimiter=/&maxresults=2&include=metadata",
      "RequestMethod": "GET",
      "RequestHeaders": {
        "Accept": "application/xml",
        "Authorization": "Sanitized",
        "Content-Length": "0",
        "Date": "Tue, 26 Nov 2024 21:00:59 GMT",
        "User-Agent": "azsdk-java-azure-storage-blob/12.30.0-beta.1 azsdk-java-azure-storage-blob-nio/12.0.0-beta.29 (21.0.2; Windows 11; 10.0)",
        "x-ms-client-request-id": "Sanitized",
        "x-ms-version": "2025-01-05"
      },
      "RequestBody": null,
      "StatusCode": 200,
      "ResponseHeaders": {
        "Content-Type": "application/xml",
        "Date": "Tue, 26 Nov 2024 21:00:59 GMT",
        "Server": [
          "Windows-Azure-Blob/1.0",
          "Microsoft-HTTPAPI/2.0"
        ],
        "Transfer-Encoding": "chunked",
        "x-ms-client-request-id": "Sanitized",
        "x-ms-request-id": "Sanitized",
        "x-ms-version": "2025-01-05"
      },
      "ResponseBody": "\uFEFF<?xml version=\"1.0\" encoding=\"utf-8\"?><EnumerationResults ServiceEndpoint=\"https://primt4f420216ef7557fe.blob.core.windows.net/\" ContainerName=\"6b64e4931filescopye2507176cb3177ce380b497fb3\"><Prefix>dest3/</Prefix><MaxResults>2</MaxResults><Delimiter>/</Delimiter><Blobs /><NextMarker /></EnumerationResults>"
    },
    {
      "RequestUri": "https://REDACTED/6b64e4931filescopye2507176cb3177ce380b497fb3/dest3",
      "RequestMethod": "PUT",
      "RequestHeaders": {
        "Accept": "application/xml",
        "Authorization": "Sanitized",
        "Content-Length": "0",
        "Date": "Tue, 26 Nov 2024 21:00:59 GMT",
        "If-None-Match": "*",
        "User-Agent": "azsdk-java-azure-storage-blob/12.30.0-beta.1 azsdk-java-azure-storage-blob-nio/12.0.0-beta.29 (21.0.2; Windows 11; 10.0)",
        "x-ms-client-request-id": "Sanitized",
        "x-ms-copy-source": "Sanitized",
        "x-ms-version": "2025-01-05"
      },
      "RequestBody": null,
      "StatusCode": 202,
      "ResponseHeaders": {
        "Content-Length": "0",
        "Date": "Tue, 26 Nov 2024 21:00:59 GMT",
        "ETag": "\"0x8DD0E5D6DFCC904\"",
        "Last-Modified": "Tue, 26 Nov 2024 21:00:59 GMT",
        "Server": [
          "Windows-Azure-Blob/1.0",
          "Microsoft-HTTPAPI/2.0"
        ],
        "x-ms-client-request-id": "Sanitized",
        "x-ms-copy-id": "89dcee2b-2ca0-4824-b801-e94488989199",
        "x-ms-copy-status": "success",
        "x-ms-request-id": "Sanitized",
        "x-ms-version": "2025-01-05"
      },
      "ResponseBody": null
    },
    {
      "RequestUri": "https://REDACTED/6b64e4931filescopye2507176cb3177ce380b497fb3/dest3",
      "RequestMethod": "HEAD",
      "RequestHeaders": {
        "Accept": "application/xml",
        "Authorization": "Sanitized",
        "Content-Length": "0",
        "Date": "Tue, 26 Nov 2024 21:00:59 GMT",
        "User-Agent": "azsdk-java-azure-storage-blob/12.30.0-beta.1 azsdk-java-azure-storage-blob-nio/12.0.0-beta.29 (21.0.2; Windows 11; 10.0)",
        "x-ms-client-request-id": "Sanitized",
        "x-ms-version": "2025-01-05"
      },
      "RequestBody": null,
      "StatusCode": 200,
      "ResponseHeaders": {
        "Accept-Ranges": "bytes",
        "Content-Length": "7",
        "Content-MD5": "wh+Wm18D0z1D4E+PE252gg==",
        "Content-Type": "application/octet-stream",
        "Date": "Tue, 26 Nov 2024 21:00:59 GMT",
        "ETag": "\"0x8DD0E5D6DFCC904\"",
        "Last-Modified": "Tue, 26 Nov 2024 21:00:59 GMT",
        "Server": [
          "Windows-Azure-Blob/1.0",
          "Microsoft-HTTPAPI/2.0"
        ],
        "x-ms-access-tier": "Hot",
        "x-ms-access-tier-inferred": "true",
        "x-ms-blob-type": "BlockBlob",
        "x-ms-client-request-id": "Sanitized",
        "x-ms-copy-completion-time": "Tue, 26 Nov 2024 21:00:59 GMT",
        "x-ms-copy-id": "89dcee2b-2ca0-4824-b801-e94488989199",
        "x-ms-copy-progress": "7/7",
        "x-ms-copy-source": "Sanitized",
        "x-ms-copy-status": "success",
        "x-ms-creation-time": "Tue, 26 Nov 2024 21:00:59 GMT",
        "x-ms-lease-state": "available",
        "x-ms-lease-status": "unlocked",
        "x-ms-request-id": "Sanitized",
        "x-ms-server-encrypted": "true",
        "x-ms-version": "2025-01-05"
      },
      "ResponseBody": null
    },
    {
      "RequestUri": "https://REDACTED/6b64e4931filescopye2507176cb3177ce380b497fb3/dest3",
      "RequestMethod": "HEAD",
      "RequestHeaders": {
        "Accept": "application/xml",
        "Authorization": "Sanitized",
        "Content-Length": "0",
        "Date": "Tue, 26 Nov 2024 21:01:00 GMT",
        "User-Agent": "azsdk-java-azure-storage-blob/12.30.0-beta.1 azsdk-java-azure-storage-blob-nio/12.0.0-beta.29 (21.0.2; Windows 11; 10.0)",
        "x-ms-client-request-id": "Sanitized",
        "x-ms-version": "2025-01-05"
      },
      "RequestBody": null,
      "StatusCode": 200,
      "ResponseHeaders": {
        "Accept-Ranges": "bytes",
        "Content-Length": "7",
        "Content-MD5": "wh+Wm18D0z1D4E+PE252gg==",
        "Content-Type": "application/octet-stream",
        "Date": "Tue, 26 Nov 2024 21:00:59 GMT",
        "ETag": "\"0x8DD0E5D6DFCC904\"",
        "Last-Modified": "Tue, 26 Nov 2024 21:00:59 GMT",
        "Server": [
          "Windows-Azure-Blob/1.0",
          "Microsoft-HTTPAPI/2.0"
        ],
        "x-ms-access-tier": "Hot",
        "x-ms-access-tier-inferred": "true",
        "x-ms-blob-type": "BlockBlob",
        "x-ms-client-request-id": "Sanitized",
        "x-ms-copy-completion-time": "Tue, 26 Nov 2024 21:00:59 GMT",
        "x-ms-copy-id": "89dcee2b-2ca0-4824-b801-e94488989199",
        "x-ms-copy-progress": "7/7",
        "x-ms-copy-source": "Sanitized",
        "x-ms-copy-status": "success",
        "x-ms-creation-time": "Tue, 26 Nov 2024 21:00:59 GMT",
        "x-ms-lease-state": "available",
        "x-ms-lease-status": "unlocked",
        "x-ms-request-id": "Sanitized",
        "x-ms-server-encrypted": "true",
        "x-ms-version": "2025-01-05"
      },
      "ResponseBody": null
    },
    {
      "RequestUri": "https://REDACTED/6b64e4931filescopye2507176cb3177ce380b497fb3/dest3",
      "RequestMethod": "GET",
      "RequestHeaders": {
        "Accept": "application/xml",
        "Authorization": "Sanitized",
        "Content-Length": "0",
        "Date": "Tue, 26 Nov 2024 21:01:00 GMT",
        "User-Agent": "azsdk-java-azure-storage-blob/12.30.0-beta.1 azsdk-java-azure-storage-blob-nio/12.0.0-beta.29 (21.0.2; Windows 11; 10.0)",
        "x-ms-client-request-id": "Sanitized",
        "x-ms-range": "bytes=0-4194303",
        "x-ms-version": "2025-01-05"
      },
      "RequestBody": null,
      "StatusCode": 206,
      "ResponseHeaders": {
        "Accept-Ranges": "bytes",
        "Content-Length": "7",
        "Content-Range": "bytes 0-6/7",
        "Content-Type": "application/octet-stream",
        "Date": "Tue, 26 Nov 2024 21:00:59 GMT",
        "ETag": "\"0x8DD0E5D6DFCC904\"",
        "Last-Modified": "Tue, 26 Nov 2024 21:00:59 GMT",
        "Server": [
          "Windows-Azure-Blob/1.0",
          "Microsoft-HTTPAPI/2.0"
        ],
        "x-ms-blob-content-md5": "wh+Wm18D0z1D4E+PE252gg==",
        "x-ms-blob-type": "BlockBlob",
        "x-ms-client-request-id": "Sanitized",
        "x-ms-copy-completion-time": "Tue, 26 Nov 2024 21:00:59 GMT",
        "x-ms-copy-id": "89dcee2b-2ca0-4824-b801-e94488989199",
        "x-ms-copy-progress": "7/7",
        "x-ms-copy-source": "Sanitized",
        "x-ms-copy-status": "success",
        "x-ms-creation-time": "Tue, 26 Nov 2024 21:00:59 GMT",
        "x-ms-lease-state": "available",
        "x-ms-lease-status": "unlocked",
        "x-ms-request-id": "Sanitized",
        "x-ms-server-encrypted": "true",
        "x-ms-version": "2025-01-05"
      },
      "ResponseBody": "ZGVmYXVsdA=="
    }
  ],
  "Variables": {
    "0": "6b64e4930filescopye251791105ba3f70ed774c479c",
    "1": "6b64e4931filescopye2507176cb3177ce380b497fb3",
    "2": "6b64e4932filescopye2505676e1bdb018b7024938b7"
  }
}
