{
  "Entries": [
    {
      "RequestUri": "https://REDACTED/formrecognizer/documentModels:build?api-version=2023-07-31",
      "RequestMethod": "POST",
      "RequestHeaders": {
        "Accept": "application/json",
        "Authorization": "Sanitized",
        "Content-Length": "156",
        "Content-Type": "application/json",
        "Date": "Mon, 08 Jul 2024 00:15:41 GMT",
        "User-Agent": "azsdk-java-azure-ai-formrecognizer/4.2.0-beta.1 (11.0.20.1; Windows 11; 10.0)",
        "x-ms-client-request-id": "Sanitized"
      },
      "RequestBody": {
        "modelId": "test-model",
        "buildMode": "template",
        "description": "optional desc",
        "azureBlobSource": {
          "containerUrl": "REDACTED"
        },
        "tags": {
          "createdBy": "Sanitized"
        }
      },
      "StatusCode": 202,
      "ResponseHeaders": {
        "apim-request-id": "f76c9a20-f944-43c5-930a-a4c529d5790c",
        "Content-Length": "0",
        "Date": "Mon, 08 Jul 2024 00:15:43 GMT",
        "operation-location": "https://REDACTED.cognitiveservices.azure.com/formrecognizer/operations/31445970258_f76c9a20-f944-43c5-930a-a4c529d5790c?api-version=2023-07-31",
        "Strict-Transport-Security": "max-age=31536000; includeSubDomains; preload",
        "X-Content-Type-Options": "nosniff",
        "x-envoy-upstream-service-time": "2203",
        "x-ms-region": "East US"
      },
      "ResponseBody": null
    },
    {
      "RequestUri": "https://REDACTED/formrecognizer/operations/31445970258_f76c9a20-f944-43c5-930a-a4c529d5790c?api-version=2023-07-31",
      "RequestMethod": "GET",
      "RequestHeaders": {
        "Accept": "application/json",
        "Authorization": "Sanitized",
        "Content-Length": "0",
        "Date": "Mon, 08 Jul 2024 00:15:48 GMT",
        "User-Agent": "azsdk-java-azure-ai-formrecognizer/4.2.0-beta.1 (11.0.20.1; Windows 11; 10.0)",
        "x-ms-client-request-id": "Sanitized"
      },
      "RequestBody": null,
      "StatusCode": 200,
      "ResponseHeaders": {
        "apim-request-id": "3935d6e5-28c2-4a64-ab3e-ac95d5dce5e3",
        "Content-Type": "application/json; charset=utf-8",
        "Date": "Mon, 08 Jul 2024 00:15:48 GMT",
        "Strict-Transport-Security": "max-age=31536000; includeSubDomains; preload",
        "Transfer-Encoding": "chunked",
        "X-Content-Type-Options": "nosniff",
        "x-envoy-upstream-service-time": "9",
        "x-ms-region": "East US"
      },
      "ResponseBody": {
        "operationId": "31445970258_f76c9a20-f944-43c5-930a-a4c529d5790c",
        "kind": "documentModelBuild",
        "status": "succeeded",
        "createdDateTime": "2024-07-08T00:15:41Z",
        "lastUpdatedDateTime": "2024-07-08T00:15:44Z",
        "resourceLocation": "Sanitized",
        "percentCompleted": 100,
        "result": {
          "docTypes": {
            "test-model": {
              "fieldSchema": {
                "Merchant": {
                  "type": "string"
                },
                "PhoneNumber": {
                  "type": "string"
                },
                "Website": {
                  "type": "string"
                },
                "Email": {
                  "type": "string"
                },
                "PurchaseOrderNumber": {
                  "type": "string"
                },
                "DatedAs": {
                  "type": "string"
                },
                "VendorName": {
                  "type": "string"
                },
                "CompanyName": {
                  "type": "string"
                },
                "CompanyAddress": {
                  "type": "string"
                },
                "CompanyPhoneNumber": {
                  "type": "string"
                },
                "Subtotal": {
                  "type": "string"
                },
                "Tax": {
                  "type": "string"
                },
                "Total": {
                  "type": "string"
                },
                "Signature": {
                  "type": "string"
                },
                "Quantity": {
                  "type": "number"
                }
              },
              "buildMode": "template",
              "fieldConfidence": {
                "CompanyAddress": 0.8,
                "CompanyName": 0.995,
                "CompanyPhoneNumber": 0.995,
                "DatedAs": 0.995,
                "Email": 0.8,
                "Merchant": 0.995,
                "PhoneNumber": 0.995,
                "PurchaseOrderNumber": 0.995,
                "Quantity": 0.995,
                "Signature": 0.8,
                "Subtotal": 0.995,
                "Tax": 0.995,
                "Total": 0.995,
                "VendorName": 0.995,
                "Website": 0.995
              }
            }
          },
          "modelId": "test-model",
          "createdDateTime": "2024-07-08T00:15:44Z",
          "expirationDateTime": "2026-07-08T00:15:44Z",
          "apiVersion": "2023-07-31",
          "description": "optional desc",
          "tags": {
            "createdBy": "Sanitized"
          }
        },
        "tags": {
          "createdBy": "Sanitized"
        }
      }
    },
    {
      "RequestUri": "https://REDACTED/formrecognizer/operations/31445970258_f76c9a20-f944-43c5-930a-a4c529d5790c?api-version=2023-07-31",
      "RequestMethod": "GET",
      "RequestHeaders": {
        "Accept": "application/json",
        "Authorization": "Sanitized",
        "Content-Length": "0",
        "Date": "Mon, 08 Jul 2024 00:15:49 GMT",
        "User-Agent": "azsdk-java-azure-ai-formrecognizer/4.2.0-beta.1 (11.0.20.1; Windows 11; 10.0)",
        "x-ms-client-request-id": "Sanitized"
      },
      "RequestBody": null,
      "StatusCode": 200,
      "ResponseHeaders": {
        "apim-request-id": "a66b9dbf-5e65-45e2-bd8d-c6e5becc811e",
        "Content-Type": "application/json; charset=utf-8",
        "Date": "Mon, 08 Jul 2024 00:15:48 GMT",
        "Strict-Transport-Security": "max-age=31536000; includeSubDomains; preload",
        "Transfer-Encoding": "chunked",
        "X-Content-Type-Options": "nosniff",
        "x-envoy-upstream-service-time": "14",
        "x-ms-region": "East US"
      },
      "ResponseBody": {
        "operationId": "31445970258_f76c9a20-f944-43c5-930a-a4c529d5790c",
        "kind": "documentModelBuild",
        "status": "succeeded",
        "createdDateTime": "2024-07-08T00:15:41Z",
        "lastUpdatedDateTime": "2024-07-08T00:15:44Z",
        "resourceLocation": "Sanitized",
        "percentCompleted": 100,
        "result": {
          "docTypes": {
            "test-model": {
              "fieldSchema": {
                "Merchant": {
                  "type": "string"
                },
                "PhoneNumber": {
                  "type": "string"
                },
                "Website": {
                  "type": "string"
                },
                "Email": {
                  "type": "string"
                },
                "PurchaseOrderNumber": {
                  "type": "string"
                },
                "DatedAs": {
                  "type": "string"
                },
                "VendorName": {
                  "type": "string"
                },
                "CompanyName": {
                  "type": "string"
                },
                "CompanyAddress": {
                  "type": "string"
                },
                "CompanyPhoneNumber": {
                  "type": "string"
                },
                "Subtotal": {
                  "type": "string"
                },
                "Tax": {
                  "type": "string"
                },
                "Total": {
                  "type": "string"
                },
                "Signature": {
                  "type": "string"
                },
                "Quantity": {
                  "type": "number"
                }
              },
              "buildMode": "template",
              "fieldConfidence": {
                "CompanyAddress": 0.8,
                "CompanyName": 0.995,
                "CompanyPhoneNumber": 0.995,
                "DatedAs": 0.995,
                "Email": 0.8,
                "Merchant": 0.995,
                "PhoneNumber": 0.995,
                "PurchaseOrderNumber": 0.995,
                "Quantity": 0.995,
                "Signature": 0.8,
                "Subtotal": 0.995,
                "Tax": 0.995,
                "Total": 0.995,
                "VendorName": 0.995,
                "Website": 0.995
              }
            }
          },
          "modelId": "test-model",
          "createdDateTime": "2024-07-08T00:15:44Z",
          "expirationDateTime": "2026-07-08T00:15:44Z",
          "apiVersion": "2023-07-31",
          "description": "optional desc",
          "tags": {
            "createdBy": "Sanitized"
          }
        },
        "tags": {
          "createdBy": "Sanitized"
        }
      }
    },
    {
      "RequestUri": "https://REDACTED/formrecognizer/documentModels/test-model?api-version=2023-07-31",
      "RequestMethod": "DELETE",
      "RequestHeaders": {
        "Accept": "application/json",
        "Authorization": "Sanitized",
        "Content-Length": "0",
        "Date": "Mon, 08 Jul 2024 00:15:49 GMT",
        "User-Agent": "azsdk-java-azure-ai-formrecognizer/4.2.0-beta.1 (11.0.20.1; Windows 11; 10.0)",
        "x-ms-client-request-id": "Sanitized"
      },
      "RequestBody": null,
      "StatusCode": 204,
      "ResponseHeaders": {
        "apim-request-id": "7f5666a2-7623-4b89-9094-6a276fa35578",
        "Content-Length": "0",
        "Date": "Mon, 08 Jul 2024 00:15:49 GMT",
        "Strict-Transport-Security": "max-age=31536000; includeSubDomains; preload",
        "X-Content-Type-Options": "nosniff",
        "x-envoy-upstream-service-time": "68",
        "x-ms-region": "East US"
      },
      "ResponseBody": null
    }
  ],
  "Variables": {}
}
