{
  "Entries": [
    {
      "RequestUri": "https://REDACTED/formrecognizer/v2.1/custom/models",
      "RequestMethod": "POST",
      "RequestHeaders": {
        "Accept": "application/json",
        "Authorization": "Sanitized",
        "Content-Length": "85",
        "Content-Type": "application/json",
        "Date": "Mon, 08 Jul 2024 19:06:52 GMT",
        "User-Agent": "azsdk-java-azure-ai-formrecognizer/4.2.0-beta.1 (11.0.20.1; Windows 11; 10.0)",
        "x-ms-client-request-id": "Sanitized"
      },
      "RequestBody": {
        "source": "Sanitized",
        "sourceFilter": {
          "includeSubFolders": false
        },
        "useLabelFile": true
      },
      "StatusCode": 201,
      "ResponseHeaders": {
        "apim-request-id": "a544a2a0-d1e0-492c-9447-113550db8e89",
        "Content-Length": "0",
        "Date": "Mon, 08 Jul 2024 19:06:54 GMT",
        "Location": "https://REDACTED.cognitiveservices.azure.com/formrecognizer/v2.1/custom/models/5afff8c0-f7f9-4470-b8ed-57ebf1ab9bdb",
        "Strict-Transport-Security": "max-age=31536000; includeSubDomains; preload",
        "X-Content-Type-Options": "nosniff",
        "x-envoy-upstream-service-time": "506",
        "x-ms-region": "East US"
      },
      "ResponseBody": null
    },
    {
      "RequestUri": "https://REDACTED/formrecognizer/v2.1/custom/models/5afff8c0-f7f9-4470-b8ed-57ebf1ab9bdb?includeKeys=true",
      "RequestMethod": "GET",
      "RequestHeaders": {
        "Accept": "application/json",
        "Authorization": "Sanitized",
        "Content-Length": "0",
        "Date": "Mon, 08 Jul 2024 19:06:59 GMT",
        "User-Agent": "azsdk-java-azure-ai-formrecognizer/4.2.0-beta.1 (11.0.20.1; Windows 11; 10.0)",
        "x-ms-client-request-id": "Sanitized"
      },
      "RequestBody": null,
      "StatusCode": 200,
      "ResponseHeaders": {
        "apim-request-id": "01e2be99-290c-409c-9277-d1249f274a3b",
        "Content-Length": "1242",
        "Content-Type": "application/json; charset=utf-8",
        "Date": "Mon, 08 Jul 2024 19:06:59 GMT",
        "Strict-Transport-Security": "max-age=31536000; includeSubDomains; preload",
        "X-Content-Type-Options": "nosniff",
        "x-envoy-upstream-service-time": "20",
        "x-ms-region": "East US"
      },
      "ResponseBody": {
        "modelInfo": {
          "modelId": "5afff8c0-f7f9-4470-b8ed-57ebf1ab9bdb",
          "attributes": {
            "isComposed": false
          },
          "status": "ready",
          "createdDateTime": "2024-07-08T19:06:54Z",
          "lastUpdatedDateTime": "2024-07-08T19:06:58Z"
        },
        "trainResult": {
          "averageModelAccuracy": 0.96,
          "trainingDocuments": [
            {
              "documentName": "Form_1.jpg",
              "pages": 1,
              "status": "succeeded"
            },
            {
              "documentName": "Form_2.jpg",
              "pages": 1,
              "status": "succeeded"
            },
            {
              "documentName": "Form_3.jpg",
              "pages": 1,
              "status": "succeeded"
            },
            {
              "documentName": "Form_4.jpg",
              "pages": 1,
              "status": "succeeded"
            },
            {
              "documentName": "Form_5.jpg",
              "pages": 1,
              "status": "succeeded"
            }
          ],
          "fields": [
            {
              "fieldName": "CompanyAddress",
              "accuracy": 0.8
            },
            {
              "fieldName": "CompanyName",
              "accuracy": 0.995
            },
            {
              "fieldName": "CompanyPhoneNumber",
              "accuracy": 0.995
            },
            {
              "fieldName": "DatedAs",
              "accuracy": 0.995
            },
            {
              "fieldName": "Email",
              "accuracy": 0.8
            },
            {
              "fieldName": "Merchant",
              "accuracy": 0.995
            },
            {
              "fieldName": "PhoneNumber",
              "accuracy": 0.995
            },
            {
              "fieldName": "PurchaseOrderNumber",
              "accuracy": 0.995
            },
            {
              "fieldName": "Quantity",
              "accuracy": 0.995
            },
            {
              "fieldName": "Signature",
              "accuracy": 0.8
            },
            {
              "fieldName": "Subtotal",
              "accuracy": 0.995
            },
            {
              "fieldName": "Tax",
              "accuracy": 0.995
            },
            {
              "fieldName": "Total",
              "accuracy": 0.995
            },
            {
              "fieldName": "VendorName",
              "accuracy": 0.995
            },
            {
              "fieldName": "Website",
              "accuracy": 0.995
            }
          ],
          "errors": []
        }
      }
    },
    {
      "RequestUri": "https://REDACTED/formrecognizer/v2.1/custom/models/5afff8c0-f7f9-4470-b8ed-57ebf1ab9bdb?includeKeys=true",
      "RequestMethod": "GET",
      "RequestHeaders": {
        "Accept": "application/json",
        "Authorization": "Sanitized",
        "Content-Length": "0",
        "Date": "Mon, 08 Jul 2024 19:06:59 GMT",
        "User-Agent": "azsdk-java-azure-ai-formrecognizer/4.2.0-beta.1 (11.0.20.1; Windows 11; 10.0)",
        "x-ms-client-request-id": "Sanitized"
      },
      "RequestBody": null,
      "StatusCode": 200,
      "ResponseHeaders": {
        "apim-request-id": "e94c6886-9522-4bd5-8b96-ee2f7541de7d",
        "Content-Length": "1242",
        "Content-Type": "application/json; charset=utf-8",
        "Date": "Mon, 08 Jul 2024 19:06:59 GMT",
        "Strict-Transport-Security": "max-age=31536000; includeSubDomains; preload",
        "X-Content-Type-Options": "nosniff",
        "x-envoy-upstream-service-time": "21",
        "x-ms-region": "East US"
      },
      "ResponseBody": {
        "modelInfo": {
          "modelId": "5afff8c0-f7f9-4470-b8ed-57ebf1ab9bdb",
          "attributes": {
            "isComposed": false
          },
          "status": "ready",
          "createdDateTime": "2024-07-08T19:06:54Z",
          "lastUpdatedDateTime": "2024-07-08T19:06:58Z"
        },
        "trainResult": {
          "averageModelAccuracy": 0.96,
          "trainingDocuments": [
            {
              "documentName": "Form_1.jpg",
              "pages": 1,
              "status": "succeeded"
            },
            {
              "documentName": "Form_2.jpg",
              "pages": 1,
              "status": "succeeded"
            },
            {
              "documentName": "Form_3.jpg",
              "pages": 1,
              "status": "succeeded"
            },
            {
              "documentName": "Form_4.jpg",
              "pages": 1,
              "status": "succeeded"
            },
            {
              "documentName": "Form_5.jpg",
              "pages": 1,
              "status": "succeeded"
            }
          ],
          "fields": [
            {
              "fieldName": "CompanyAddress",
              "accuracy": 0.8
            },
            {
              "fieldName": "CompanyName",
              "accuracy": 0.995
            },
            {
              "fieldName": "CompanyPhoneNumber",
              "accuracy": 0.995
            },
            {
              "fieldName": "DatedAs",
              "accuracy": 0.995
            },
            {
              "fieldName": "Email",
              "accuracy": 0.8
            },
            {
              "fieldName": "Merchant",
              "accuracy": 0.995
            },
            {
              "fieldName": "PhoneNumber",
              "accuracy": 0.995
            },
            {
              "fieldName": "PurchaseOrderNumber",
              "accuracy": 0.995
            },
            {
              "fieldName": "Quantity",
              "accuracy": 0.995
            },
            {
              "fieldName": "Signature",
              "accuracy": 0.8
            },
            {
              "fieldName": "Subtotal",
              "accuracy": 0.995
            },
            {
              "fieldName": "Tax",
              "accuracy": 0.995
            },
            {
              "fieldName": "Total",
              "accuracy": 0.995
            },
            {
              "fieldName": "VendorName",
              "accuracy": 0.995
            },
            {
              "fieldName": "Website",
              "accuracy": 0.995
            }
          ],
          "errors": []
        }
      }
    }
  ],
  "Variables": {}
}
