{
  "Entries": [
    {
      "RequestUri": "https://myappconfig.azconfig.io/kv/key1-1684517655827?api-version=2022-11-01-preview\u0026label=label1",
      "RequestMethod": "PUT",
      "RequestHeaders": {
        "Accept": "application/vnd.microsoft.appconfig.kv\u002Bjson, application/problem\u002Bjson",
        "Accept-Encoding": "gzip,deflate",
        "Authorization": "Sanitized",
        "Connection": "keep-alive",
        "Content-Length": "62",
        "Content-Type": "application/vnd.microsoft.appconfig.kv\u002Bjson",
        "If-None-Match": "*",
        "User-Agent": "azsdk-js-app-configuration/1.4.1 core-rest-pipeline/1.10.4 Node/v16.17.0 OS/(x64-Windows_NT-10.0.22621)",
        "x-ms-client-request-id": "c8ae6a25-8f68-40e6-9359-53edfe40755f",
        "x-ms-content-sha256": "0k0VqGYj9N8ZjHXil6wnjt6dHb4m5RPu9Jsb76eB9Xg=",
        "x-ms-date": "Fri, 19 May 2023 17:34:15 GMT"
      },
      "RequestBody": {
        "key": "key1-1684517655827",
        "label": "label1",
        "value": "value1"
      },
      "StatusCode": 200,
      "ResponseHeaders": {
        "Access-Control-Allow-Credentials": "true",
        "Access-Control-Allow-Origin": "*",
        "Access-Control-Expose-Headers": "DNT, X-CustomHeader, Keep-Alive, User-Agent, X-Requested-With, If-Modified-Since, Cache-Control, Content-Type, Authorization, x-ms-client-request-id, x-ms-useragent, x-ms-content-sha256, x-ms-date, host, Accept, Accept-Datetime, Date, If-Match, If-None-Match, Sync-Token, x-ms-return-client-request-id, ETag, Last-Modified, Link, Memento-Datetime, retry-after-ms, x-ms-request-id, x-ms-client-session-id, x-ms-effective-locale, WWW-Authenticate, traceparent, tracestate, Operation-Location, Retry-After",
        "Connection": "keep-alive",
        "Content-Type": "application/vnd.microsoft.appconfig.kv\u002Bjson; charset=utf-8",
        "Date": "Fri, 19 May 2023 17:34:15 GMT",
        "ETag": "\u00223JQneG2WJzTSdNM92qduNrsjwrfmqby6_omP12-AEFg\u0022",
        "Last-Modified": "Fri, 19 May 2023 17:34:15 GMT",
        "Server": "openresty/1.21.4.1",
        "Strict-Transport-Security": "max-age=15724800; includeSubDomains",
        "Sync-Token": "zAJw6V16=Mjc6NSM1Mjg5MTkz;sn=5289193",
        "Transfer-Encoding": "chunked",
        "x-ms-correlation-request-id": "81d8ef20-40b0-4e06-a102-48697097535c",
        "x-ms-request-id": "81d8ef20-40b0-4e06-a102-48697097535c"
      },
      "ResponseBody": {
        "etag": "3JQneG2WJzTSdNM92qduNrsjwrfmqby6_omP12-AEFg",
        "key": "key1-1684517655827",
        "label": "label1",
        "content_type": null,
        "value": "value1",
        "tags": {},
        "locked": false,
        "last_modified": "2023-05-19T17:34:15\u002B00:00"
      }
    },
    {
      "RequestUri": "https://myappconfig.azconfig.io/kv/key2-1684517655827?api-version=2022-11-01-preview\u0026label=label2",
      "RequestMethod": "PUT",
      "RequestHeaders": {
        "Accept": "application/vnd.microsoft.appconfig.kv\u002Bjson, application/problem\u002Bjson",
        "Accept-Encoding": "gzip,deflate",
        "Authorization": "Sanitized",
        "Connection": "keep-alive",
        "Content-Length": "62",
        "Content-Type": "application/vnd.microsoft.appconfig.kv\u002Bjson",
        "If-None-Match": "*",
        "sync-token": "zAJw6V16=Mjc6NSM1Mjg5MTkz",
        "User-Agent": "azsdk-js-app-configuration/1.4.1 core-rest-pipeline/1.10.4 Node/v16.17.0 OS/(x64-Windows_NT-10.0.22621)",
        "x-ms-client-request-id": "aedf0bcc-9dfe-4980-9777-1cf7e2301065",
        "x-ms-content-sha256": "z59Wn0kdUlwVTLtau607aJKzfdDBNjZyyWAGq4M8Ppo=",
        "x-ms-date": "Fri, 19 May 2023 17:34:15 GMT"
      },
      "RequestBody": {
        "key": "key2-1684517655827",
        "label": "label2",
        "value": "value2"
      },
      "StatusCode": 200,
      "ResponseHeaders": {
        "Access-Control-Allow-Credentials": "true",
        "Access-Control-Allow-Origin": "*",
        "Access-Control-Expose-Headers": "DNT, X-CustomHeader, Keep-Alive, User-Agent, X-Requested-With, If-Modified-Since, Cache-Control, Content-Type, Authorization, x-ms-client-request-id, x-ms-useragent, x-ms-content-sha256, x-ms-date, host, Accept, Accept-Datetime, Date, If-Match, If-None-Match, Sync-Token, x-ms-return-client-request-id, ETag, Last-Modified, Link, Memento-Datetime, retry-after-ms, x-ms-request-id, x-ms-client-session-id, x-ms-effective-locale, WWW-Authenticate, traceparent, tracestate, Operation-Location, Retry-After",
        "Connection": "keep-alive",
        "Content-Type": "application/vnd.microsoft.appconfig.kv\u002Bjson; charset=utf-8",
        "Date": "Fri, 19 May 2023 17:34:15 GMT",
        "ETag": "\u0022auU74IkWbLgsraYcjZRoxc101BOBmZN0f9zBA8zbJd8\u0022",
        "Last-Modified": "Fri, 19 May 2023 17:34:15 GMT",
        "Server": "openresty/1.21.4.1",
        "Strict-Transport-Security": "max-age=15724800; includeSubDomains",
        "Sync-Token": "zAJw6V16=Mjc6NSM1Mjg5MTk0;sn=5289194",
        "Transfer-Encoding": "chunked",
        "x-ms-correlation-request-id": "162acad6-c8c5-4fe2-a2f4-4f08e61bbb70",
        "x-ms-request-id": "162acad6-c8c5-4fe2-a2f4-4f08e61bbb70"
      },
      "ResponseBody": {
        "etag": "auU74IkWbLgsraYcjZRoxc101BOBmZN0f9zBA8zbJd8",
        "key": "key2-1684517655827",
        "label": "label2",
        "content_type": null,
        "value": "value2",
        "tags": {},
        "locked": false,
        "last_modified": "2023-05-19T17:34:15\u002B00:00"
      }
    },
    {
      "RequestUri": "https://myappconfig.azconfig.io/snapshots/snapshot-1684517644696?api-version=2022-11-01-preview",
      "RequestMethod": "PATCH",
      "RequestHeaders": {
        "Accept": "application/vnd.microsoft.appconfig.snapshot\u002Bjson, application/problem\u002Bjson",
        "Accept-Encoding": "gzip,deflate",
        "Authorization": "Sanitized",
        "Connection": "keep-alive",
        "Content-Length": "21",
        "Content-Type": "application/json",
        "sync-token": "zAJw6V16=Mjc6NSM1Mjg5MTk0",
        "User-Agent": "azsdk-js-app-configuration/1.4.1 core-rest-pipeline/1.10.4 Node/v16.17.0 OS/(x64-Windows_NT-10.0.22621)",
        "x-ms-client-request-id": "f0f31604-0d41-472d-bce4-1f1b3e8e12c7",
        "x-ms-content-sha256": "tynngJHjE7uDMwpGVh1hcULF0zuJfLFECY9VxlHWIWo=",
        "x-ms-date": "Fri, 19 May 2023 17:34:16 GMT"
      },
      "RequestBody": {
        "status": "archived"
      },
      "StatusCode": 200,
      "ResponseHeaders": {
        "Access-Control-Allow-Credentials": "true",
        "Access-Control-Allow-Origin": "*",
        "Access-Control-Expose-Headers": "DNT, X-CustomHeader, Keep-Alive, User-Agent, X-Requested-With, If-Modified-Since, Cache-Control, Content-Type, Authorization, x-ms-client-request-id, x-ms-useragent, x-ms-content-sha256, x-ms-date, host, Accept, Accept-Datetime, Date, If-Match, If-None-Match, Sync-Token, x-ms-return-client-request-id, ETag, Last-Modified, Link, Memento-Datetime, retry-after-ms, x-ms-request-id, x-ms-client-session-id, x-ms-effective-locale, WWW-Authenticate, traceparent, tracestate, Operation-Location, Retry-After",
        "Connection": "keep-alive",
        "Content-Type": "application/vnd.microsoft.appconfig.snapshot\u002Bjson; charset=utf-8",
        "Date": "Fri, 19 May 2023 17:34:16 GMT",
        "ETag": "\u00225axKaQRSBjq7lt8P0EJd4CnS5fNjHoIPeMeGatnqDQc\u0022",
        "Last-Modified": "Fri, 19 May 2023 17:34:04 GMT",
        "Link": "\u003C/kv?snapshot=snapshot-1684517644696\u0026api-version=2022-11-01-preview\u003E; rel=\u0022items\u0022",
        "Server": "openresty/1.21.4.1",
        "Strict-Transport-Security": "max-age=15724800; includeSubDomains",
        "Sync-Token": "zAJw6V16=Mjc6NSM1Mjg5MTk0;sn=5289194",
        "Transfer-Encoding": "chunked",
        "x-ms-correlation-request-id": "e046bc82-0f9b-4d07-a94b-7de38229068c",
        "x-ms-request-id": "e046bc82-0f9b-4d07-a94b-7de38229068c"
      },
      "ResponseBody": {
        "etag": "5axKaQRSBjq7lt8P0EJd4CnS5fNjHoIPeMeGatnqDQc",
        "name": "snapshot-1684517644696",
        "status": "archived",
        "filters": [
          {
            "key": "key1-1684517644695",
            "label": "label1"
          }
        ],
        "composition_type": "key",
        "created": "2023-05-19T17:34:04\u002B00:00",
        "expires": "2023-06-18T17:34:15\u002B00:00",
        "size": 1000,
        "items_count": 1,
        "tags": {},
        "retention_period": 2592000
      }
    },
    {
      "RequestUri": "https://myappconfig.azconfig.io/kv/key1-1684517655827?api-version=2022-11-01-preview\u0026label=label1",
      "RequestMethod": "DELETE",
      "RequestHeaders": {
        "Accept": "application/vnd.microsoft.appconfig.kv\u002Bjson, application/problem\u002Bjson",
        "Accept-Encoding": "gzip,deflate",
        "Authorization": "Sanitized",
        "Connection": "keep-alive",
        "sync-token": "zAJw6V16=Mjc6NSM1Mjg5MTk0",
        "User-Agent": "azsdk-js-app-configuration/1.4.1 core-rest-pipeline/1.10.4 Node/v16.17.0 OS/(x64-Windows_NT-10.0.22621)",
        "x-ms-client-request-id": "f2b928a1-7307-4ba2-8242-6460ca8a38b7",
        "x-ms-content-sha256": "47DEQpj8HBSa\u002B/TImW\u002B5JCeuQeRkm5NMpJWZG3hSuFU=",
        "x-ms-date": "Fri, 19 May 2023 17:34:16 GMT"
      },
      "RequestBody": null,
      "StatusCode": 200,
      "ResponseHeaders": {
        "Access-Control-Allow-Credentials": "true",
        "Access-Control-Allow-Origin": "*",
        "Access-Control-Expose-Headers": "DNT, X-CustomHeader, Keep-Alive, User-Agent, X-Requested-With, If-Modified-Since, Cache-Control, Content-Type, Authorization, x-ms-client-request-id, x-ms-useragent, x-ms-content-sha256, x-ms-date, host, Accept, Accept-Datetime, Date, If-Match, If-None-Match, Sync-Token, x-ms-return-client-request-id, ETag, Last-Modified, Link, Memento-Datetime, retry-after-ms, x-ms-request-id, x-ms-client-session-id, x-ms-effective-locale, WWW-Authenticate, traceparent, tracestate, Operation-Location, Retry-After",
        "Connection": "keep-alive",
        "Content-Type": "application/vnd.microsoft.appconfig.kv\u002Bjson; charset=utf-8",
        "Date": "Fri, 19 May 2023 17:34:16 GMT",
        "ETag": "\u00223JQneG2WJzTSdNM92qduNrsjwrfmqby6_omP12-AEFg\u0022",
        "Last-Modified": "Fri, 19 May 2023 17:34:15 GMT",
        "Server": "openresty/1.21.4.1",
        "Strict-Transport-Security": "max-age=15724800; includeSubDomains",
        "Sync-Token": "zAJw6V16=Mjc6NSM1Mjg5MTk1;sn=5289195",
        "Transfer-Encoding": "chunked",
        "x-ms-correlation-request-id": "709a6b02-e4cd-48c0-9f5e-21ead72ab0f8",
        "x-ms-request-id": "709a6b02-e4cd-48c0-9f5e-21ead72ab0f8"
      },
      "ResponseBody": {
        "etag": "3JQneG2WJzTSdNM92qduNrsjwrfmqby6_omP12-AEFg",
        "key": "key1-1684517655827",
        "label": "label1",
        "content_type": null,
        "value": "value1",
        "tags": {},
        "locked": false,
        "last_modified": "2023-05-19T17:34:15\u002B00:00"
      }
    },
    {
      "RequestUri": "https://myappconfig.azconfig.io/kv/key2-1684517655827?api-version=2022-11-01-preview\u0026label=label2",
      "RequestMethod": "DELETE",
      "RequestHeaders": {
        "Accept": "application/vnd.microsoft.appconfig.kv\u002Bjson, application/problem\u002Bjson",
        "Accept-Encoding": "gzip,deflate",
        "Authorization": "Sanitized",
        "Connection": "keep-alive",
        "sync-token": "zAJw6V16=Mjc6NSM1Mjg5MTk1",
        "User-Agent": "azsdk-js-app-configuration/1.4.1 core-rest-pipeline/1.10.4 Node/v16.17.0 OS/(x64-Windows_NT-10.0.22621)",
        "x-ms-client-request-id": "a27210b5-ca17-43ef-863d-0805d17f2be4",
        "x-ms-content-sha256": "47DEQpj8HBSa\u002B/TImW\u002B5JCeuQeRkm5NMpJWZG3hSuFU=",
        "x-ms-date": "Fri, 19 May 2023 17:34:16 GMT"
      },
      "RequestBody": null,
      "StatusCode": 200,
      "ResponseHeaders": {
        "Access-Control-Allow-Credentials": "true",
        "Access-Control-Allow-Origin": "*",
        "Access-Control-Expose-Headers": "DNT, X-CustomHeader, Keep-Alive, User-Agent, X-Requested-With, If-Modified-Since, Cache-Control, Content-Type, Authorization, x-ms-client-request-id, x-ms-useragent, x-ms-content-sha256, x-ms-date, host, Accept, Accept-Datetime, Date, If-Match, If-None-Match, Sync-Token, x-ms-return-client-request-id, ETag, Last-Modified, Link, Memento-Datetime, retry-after-ms, x-ms-request-id, x-ms-client-session-id, x-ms-effective-locale, WWW-Authenticate, traceparent, tracestate, Operation-Location, Retry-After",
        "Connection": "keep-alive",
        "Content-Type": "application/vnd.microsoft.appconfig.kv\u002Bjson; charset=utf-8",
        "Date": "Fri, 19 May 2023 17:34:16 GMT",
        "ETag": "\u0022auU74IkWbLgsraYcjZRoxc101BOBmZN0f9zBA8zbJd8\u0022",
        "Last-Modified": "Fri, 19 May 2023 17:34:15 GMT",
        "Server": "openresty/1.21.4.1",
        "Strict-Transport-Security": "max-age=15724800; includeSubDomains",
        "Sync-Token": "zAJw6V16=Mjc6NSM1Mjg5MTk2;sn=5289196",
        "Transfer-Encoding": "chunked",
        "x-ms-correlation-request-id": "d86f211e-e089-4b40-a634-dd2866e1b2b9",
        "x-ms-request-id": "d86f211e-e089-4b40-a634-dd2866e1b2b9"
      },
      "ResponseBody": {
        "etag": "auU74IkWbLgsraYcjZRoxc101BOBmZN0f9zBA8zbJd8",
        "key": "key2-1684517655827",
        "label": "label2",
        "content_type": null,
        "value": "value2",
        "tags": {},
        "locked": false,
        "last_modified": "2023-05-19T17:34:15\u002B00:00"
      }
    }
  ],
  "Variables": {
    "key1": "key1-1684517655827",
    "key2": "key2-1684517655827",
    "snapshot1": "snapshot-1684517655827"
  }
}
