{
  "Entries": [
    {
      "RequestUri": "https://management.azure.com/subscriptions/db1ab6f0-4769-4b27-930e-01e2ef9c123c?api-version=2022-12-01",
      "RequestMethod": "GET",
      "RequestHeaders": {
        "Accept": "application/json",
        "Authorization": "Sanitized",
        "traceparent": "00-3f4f1412b58b31f65f7d9868bdd60aa2-a06221d222f66c3b-00",
        "User-Agent": "azsdk-net-ResourceManager/1.8.1 (.NET 6.0.24; Microsoft Windows 10.0.22631)",
        "x-ms-client-request-id": "942237b9162ec3730f364366ad67b323",
        "x-ms-return-client-request-id": "true"
      },
      "RequestBody": null,
      "StatusCode": 200,
      "ResponseHeaders": {
        "Cache-Control": "no-cache",
        "Content-Length": "748",
        "Content-Type": "application/json; charset=utf-8",
        "Date": "Thu, 09 Nov 2023 02:26:22 GMT",
        "Expires": "-1",
        "Pragma": "no-cache",
        "Strict-Transport-Security": "max-age=31536000; includeSubDomains",
        "X-Content-Type-Options": "nosniff",
        "x-ms-correlation-request-id": "e3f46fab-ad13-41ea-86f1-9cf7c387da66",
        "x-ms-ratelimit-remaining-subscription-reads": "11944",
        "x-ms-request-id": "e3f46fab-ad13-41ea-86f1-9cf7c387da66",
        "x-ms-routing-request-id": "JAPANEAST:20231109T022623Z:e3f46fab-ad13-41ea-86f1-9cf7c387da66"
      },
      "ResponseBody": {
        "id": "/subscriptions/db1ab6f0-4769-4b27-930e-01e2ef9c123c",
        "authorizationSource": "RoleBased",
        "managedByTenants": [],
        "tags": {
          "TagKey-9823": "TagValue-1254",
          "TagKey-3481": "TagValue-320",
          "TagKey-4926": "TagValue-1187",
          "TagKey-751": "TagValue-3921",
          "TagKey-1866": "TagValue-8559",
          "TagKey-3094": "TagValue-9190",
          "TagKey-2449": "TagValue-9",
          "TagKey-8379": "TagValue-164",
          "TagKey-7470": "TagValue-2205",
          "TagKey-4236": "TagValue-3698",
          "TagKey-5316": "TagValue-2725"
        },
        "subscriptionId": "db1ab6f0-4769-4b27-930e-01e2ef9c123c",
        "tenantId": "72f988bf-86f1-41af-91ab-2d7cd011db47",
        "displayName": ".NET Mgmt SDK Test with TTL = 1 Day",
        "state": "Enabled",
        "subscriptionPolicies": {
          "locationPlacementId": "Internal_2014-09-01",
          "quotaId": "Internal_2014-09-01",
          "spendingLimit": "Off"
        }
      }
    },
    {
      "RequestUri": "https://management.azure.com/subscriptions/db1ab6f0-4769-4b27-930e-01e2ef9c123c/resourcegroups/RemoteRendering-test9162?api-version=2022-09-01",
      "RequestMethod": "PUT",
      "RequestHeaders": {
        "Accept": "application/json",
        "Authorization": "Sanitized",
        "Content-Length": "21",
        "Content-Type": "application/json",
        "traceparent": "00-5219020c172fca80b87e253a21c483ab-a5eb46b0b7987abc-00",
        "User-Agent": "azsdk-net-ResourceManager/1.8.1 (.NET 6.0.24; Microsoft Windows 10.0.22631)",
        "x-ms-client-request-id": "c3288f4f19e9234e25e46d1b8351b735",
        "x-ms-return-client-request-id": "true"
      },
      "RequestBody": {
        "location": "eastus"
      },
      "StatusCode": 201,
      "ResponseHeaders": {
        "Cache-Control": "no-cache",
        "Content-Length": "245",
        "Content-Type": "application/json; charset=utf-8",
        "Date": "Thu, 09 Nov 2023 02:26:23 GMT",
        "Expires": "-1",
        "Pragma": "no-cache",
        "Strict-Transport-Security": "max-age=31536000; includeSubDomains",
        "X-Content-Type-Options": "nosniff",
        "x-ms-correlation-request-id": "43aa35b0-f9ec-40f9-a149-840522644668",
        "x-ms-ratelimit-remaining-subscription-writes": "1199",
        "x-ms-request-id": "43aa35b0-f9ec-40f9-a149-840522644668",
        "x-ms-routing-request-id": "JAPANEAST:20231109T022624Z:43aa35b0-f9ec-40f9-a149-840522644668"
      },
      "ResponseBody": {
        "id": "/subscriptions/db1ab6f0-4769-4b27-930e-01e2ef9c123c/resourceGroups/RemoteRendering-test9162",
        "name": "RemoteRendering-test9162",
        "type": "Microsoft.Resources/resourceGroups",
        "location": "eastus",
        "properties": {
          "provisioningState": "Succeeded"
        }
      }
    },
    {
      "RequestUri": "https://management.azure.com/subscriptions/db1ab6f0-4769-4b27-930e-01e2ef9c123c/resourceGroups/RemoteRendering-test9162/providers/Microsoft.MixedReality/remoteRenderingAccounts/remoteRenderingAccoount9659?api-version=2021-01-01",
      "RequestMethod": "PUT",
      "RequestHeaders": {
        "Accept": "application/json",
        "Authorization": "Sanitized",
        "Content-Length": "84",
        "Content-Type": "application/json",
        "traceparent": "00-d94bce071b3acc34852184e54d58024d-633e8a2200e73b36-00",
        "User-Agent": "azsdk-net-ResourceManager.MixedReality/1.1.0-alpha.20231109.1 (.NET 6.0.24; Microsoft Windows 10.0.22631)",
        "x-ms-client-request-id": "1ee6c9252a9fa26029fa1181327bbb49",
        "x-ms-return-client-request-id": "true"
      },
      "RequestBody": {
        "identity": {
          "type": "SystemAssigned"
        },
        "location": "eastus",
        "properties": {}
      },
      "StatusCode": 201,
      "ResponseHeaders": {
        "Cache-Control": "no-cache",
        "Content-Length": "597",
        "Content-Type": "application/json; charset=utf-8",
        "Date": "Thu, 09 Nov 2023 02:26:26 GMT",
        "Expires": "-1",
        "Location": "subscriptions/db1ab6f0-4769-4b27-930e-01e2ef9c123c/resourceGroups/RemoteRendering-test9162/providers/Microsoft.MixedReality/remoteRenderingAccounts/remoteRenderingAccoount9659",
        "MS-CV": "Sp0+/0mD5UmnMNzgta9Onw.0",
        "Pragma": "no-cache",
        "Strict-Transport-Security": "max-age=31536000; includeSubDomains",
        "X-Content-Type-Options": "nosniff",
        "x-ms-correlation-request-id": "dbecc135-c30a-4a9d-904d-0079a12b427f",
        "x-ms-ratelimit-remaining-subscription-writes": "1198",
        "x-ms-request-id": "dbecc135-c30a-4a9d-904d-0079a12b427f",
        "x-ms-routing-request-id": "JAPANEAST:20231109T022627Z:dbecc135-c30a-4a9d-904d-0079a12b427f"
      },
      "ResponseBody": {
        "id": "/subscriptions/db1ab6f0-4769-4b27-930e-01e2ef9c123c/resourceGroups/RemoteRendering-test9162/providers/Microsoft.MixedReality/remoteRenderingAccounts/remoteRenderingAccoount9659",
        "name": "remoteRenderingAccoount9659",
        "type": "Microsoft.MixedReality/remoteRenderingAccounts",
        "identity": {
          "type": "SystemAssigned",
          "principalId": "b4edc63a-18b3-49f3-a7cb-481e47c94bb5",
          "tenantId": "72f988bf-86f1-41af-91ab-2d7cd011db47"
        },
        "location": "eastus",
        "plan": null,
        "sku": null,
        "kind": null,
        "tags": {},
        "properties": {
          "accountDomain": "eastus.mixedreality.azure.com",
          "accountId": "7a7bdb0f-e992-49f5-b274-2a45272729ea"
        }
      }
    },
    {
      "RequestUri": "https://management.azure.com/subscriptions/db1ab6f0-4769-4b27-930e-01e2ef9c123c/resourceGroups/RemoteRendering-test9162/providers/Microsoft.MixedReality/remoteRenderingAccounts/remoteRenderingAccoount9659?api-version=2021-01-01",
      "RequestMethod": "GET",
      "RequestHeaders": {
        "Accept": "application/json",
        "Authorization": "Sanitized",
        "traceparent": "00-41bf92f7ed5a4e872ddecbfb1839d134-4e3b39f3c55fbed3-00",
        "User-Agent": "azsdk-net-ResourceManager.MixedReality/1.1.0-alpha.20231109.1 (.NET 6.0.24; Microsoft Windows 10.0.22631)",
        "x-ms-client-request-id": "3e2de5dbd08ad41e70093106a78be48c",
        "x-ms-return-client-request-id": "true"
      },
      "RequestBody": null,
      "StatusCode": 200,
      "ResponseHeaders": {
        "Cache-Control": "no-cache",
        "Content-Length": "597",
        "Content-Type": "application/json; charset=utf-8",
        "Date": "Thu, 09 Nov 2023 02:26:27 GMT",
        "Expires": "-1",
        "MS-CV": "H2L/9oqJhkGv9C4Z3LqBbw.0",
        "Pragma": "no-cache",
        "Strict-Transport-Security": "max-age=31536000; includeSubDomains",
        "X-Content-Type-Options": "nosniff",
        "x-ms-correlation-request-id": "588f24cf-9710-4050-a67d-85c331d09b49",
        "x-ms-ratelimit-remaining-subscription-reads": "11943",
        "x-ms-request-id": "588f24cf-9710-4050-a67d-85c331d09b49",
        "x-ms-routing-request-id": "JAPANEAST:20231109T022628Z:588f24cf-9710-4050-a67d-85c331d09b49"
      },
      "ResponseBody": {
        "id": "/subscriptions/db1ab6f0-4769-4b27-930e-01e2ef9c123c/resourceGroups/RemoteRendering-test9162/providers/Microsoft.MixedReality/remoteRenderingAccounts/remoteRenderingAccoount9659",
        "name": "remoteRenderingAccoount9659",
        "type": "Microsoft.MixedReality/remoteRenderingAccounts",
        "identity": {
          "type": "SystemAssigned",
          "principalId": "b4edc63a-18b3-49f3-a7cb-481e47c94bb5",
          "tenantId": "72f988bf-86f1-41af-91ab-2d7cd011db47"
        },
        "location": "eastus",
        "plan": null,
        "sku": null,
        "kind": null,
        "tags": {},
        "properties": {
          "accountDomain": "eastus.mixedreality.azure.com",
          "accountId": "7a7bdb0f-e992-49f5-b274-2a45272729ea"
        }
      }
    }
  ],
  "Variables": {
    "AZURE_AUTHORITY_HOST": "https://login.microsoftonline.com/",
    "RandomSeed": "1085496975",
    "RESOURCE_MANAGER_URL": null,
    "SUBSCRIPTION_ID": "db1ab6f0-4769-4b27-930e-01e2ef9c123c"
  }
}