{
  "Entries": [
    {
      "RequestUri": "https://REDACTED///providers/Microsoft.Authorization/roleDefinitions/f107d732-a12d-45c4-9178-59304e607360?api-version=7.5",
      "RequestMethod": "PUT",
      "RequestHeaders": {
        "Accept": "application/json",
        "Content-Length": "0",
        "Content-Type": "application/json",
        "User-Agent": "azsdk-java-client_name/client_version (11; Windows 10; 10.0)"
      },
      "RequestBody": null,
      "StatusCode": 401,
      "ResponseHeaders": {
        "Cache-Control": "no-cache",
        "Content-Length": "0",
        "Content-Security-Policy": "default-src \u0027self\u0027",
        "Content-Type": "application/json; charset=utf-8",
        "Strict-Transport-Security": "max-age=31536000; includeSubDomains",
        "WWW-Authenticate": "Bearer authorization=\u0022https://login.microsoftonline.com/72f988bf-86f1-41af-91ab-2d7cd011db47\u0022, resource=\u0022https://managedhsm.azure.net\u0022",
        "X-Content-Type-Options": "nosniff",
        "X-Frame-Options": "SAMEORIGIN",
        "x-ms-request-id": "551897ce-cc65-11ee-b9f7-000d3a502065",
        "x-ms-server-latency": "0"
      },
      "ResponseBody": null
    },
    {
      "RequestUri": "https://REDACTED///providers/Microsoft.Authorization/roleDefinitions/f107d732-a12d-45c4-9178-59304e607360?api-version=7.5",
      "RequestMethod": "PUT",
      "RequestHeaders": {
        "Accept": "application/json",
        "Authorization": "Sanitized",
        "Content-Length": "66",
        "Content-Type": "application/json",
        "User-Agent": "azsdk-java-client_name/client_version (11; Windows 10; 10.0)"
      },
      "RequestBody": {
        "properties": {
          "roleName": "f107d732-a12d-45c4-9178-59304e607360"
        }
      },
      "StatusCode": 201,
      "ResponseHeaders": {
        "Cache-Control": "no-cache",
        "Content-Length": "353",
        "Content-Security-Policy": "default-src \u0027self\u0027",
        "Content-Type": "application/json; charset=utf-8",
        "Strict-Transport-Security": "max-age=31536000; includeSubDomains",
        "X-Content-Type-Options": "nosniff",
        "X-Frame-Options": "SAMEORIGIN",
        "x-ms-keyvault-network-info": "conn_type=Ipv4;addr=131.107.9.17;act_addr_fam=Ipv4;",
        "x-ms-keyvault-region": "japaneast",
        "x-ms-request-id": "5548dc68-cc65-11ee-b9f7-000d3a502065",
        "x-ms-server-latency": "20"
      },
      "ResponseBody": {
        "id": "Microsoft.KeyVault/providers/Microsoft.Authorization/roleDefinitions/f107d732-a12d-45c4-9178-59304e607360",
        "name": "f107d732-a12d-45c4-9178-59304e607360",
        "properties": {
          "assignableScopes": [
            "/"
          ],
          "description": "",
          "permissions": [],
          "roleName": "f107d732-a12d-45c4-9178-59304e607360",
          "type": "CustomRole"
        },
        "type": "Microsoft.Authorization/roleDefinitions"
      }
    },
    {
      "RequestUri": "https://REDACTED///providers/Microsoft.Authorization/roleAssignments/078dd7ed-abac-4b2b-9456-a10ae8d2cefd?api-version=7.5",
      "RequestMethod": "PUT",
      "RequestHeaders": {
        "Accept": "application/json",
        "Authorization": "Sanitized",
        "Content-Length": "196",
        "Content-Type": "application/json",
        "User-Agent": "azsdk-java-client_name/client_version (11; Windows 10; 10.0)"
      },
      "RequestBody": {
        "properties": {
          "roleDefinitionId": "Microsoft.KeyVault/providers/Microsoft.Authorization/roleDefinitions/f107d732-a12d-45c4-9178-59304e607360",
          "principalId": "3a107ba6-6cc0-40cf-9fed-22b612269c92"
        }
      },
      "StatusCode": 201,
      "ResponseHeaders": {
        "Cache-Control": "no-cache",
        "Content-Length": "398",
        "Content-Security-Policy": "default-src \u0027self\u0027",
        "Content-Type": "application/json; charset=utf-8",
        "Strict-Transport-Security": "max-age=31536000; includeSubDomains",
        "X-Content-Type-Options": "nosniff",
        "X-Frame-Options": "SAMEORIGIN",
        "x-ms-keyvault-network-info": "conn_type=Ipv4;addr=131.107.9.17;act_addr_fam=Ipv4;",
        "x-ms-keyvault-region": "japaneast",
        "x-ms-request-id": "556013d8-cc65-11ee-b9f7-000d3a502065",
        "x-ms-server-latency": "21"
      },
      "ResponseBody": {
        "id": "/providers/Microsoft.Authorization/roleAssignments/078dd7ed-abac-4b2b-9456-a10ae8d2cefd",
        "name": "078dd7ed-abac-4b2b-9456-a10ae8d2cefd",
        "properties": {
          "principalId": "3a107ba6-6cc0-40cf-9fed-22b612269c92",
          "roleDefinitionId": "Microsoft.KeyVault/providers/Microsoft.Authorization/roleDefinitions/f107d732-a12d-45c4-9178-59304e607360",
          "scope": "/"
        },
        "type": "Microsoft.Authorization/roleAssignments"
      }
    },
    {
      "RequestUri": "https://REDACTED///providers/Microsoft.Authorization/roleAssignments/078dd7ed-abac-4b2b-9456-a10ae8d2cefd?api-version=7.5",
      "RequestMethod": "DELETE",
      "RequestHeaders": {
        "Accept": "application/json",
        "Authorization": "Sanitized",
        "Content-Length": "0",
        "User-Agent": "azsdk-java-client_name/client_version (11; Windows 10; 10.0)"
      },
      "RequestBody": null,
      "StatusCode": 200,
      "ResponseHeaders": {
        "Cache-Control": "no-cache",
        "Content-Length": "398",
        "Content-Security-Policy": "default-src \u0027self\u0027",
        "Content-Type": "application/json; charset=utf-8",
        "Strict-Transport-Security": "max-age=31536000; includeSubDomains",
        "X-Content-Type-Options": "nosniff",
        "X-Frame-Options": "SAMEORIGIN",
        "x-ms-keyvault-network-info": "conn_type=Ipv4;addr=131.107.9.17;act_addr_fam=Ipv4;",
        "x-ms-keyvault-region": "japaneast",
        "x-ms-request-id": "557f2174-cc65-11ee-b9f7-000d3a502065",
        "x-ms-server-latency": "19"
      },
      "ResponseBody": {
        "id": "/providers/Microsoft.Authorization/roleAssignments/078dd7ed-abac-4b2b-9456-a10ae8d2cefd",
        "name": "078dd7ed-abac-4b2b-9456-a10ae8d2cefd",
        "properties": {
          "principalId": "3a107ba6-6cc0-40cf-9fed-22b612269c92",
          "roleDefinitionId": "Microsoft.KeyVault/providers/Microsoft.Authorization/roleDefinitions/f107d732-a12d-45c4-9178-59304e607360",
          "scope": "/"
        },
        "type": "Microsoft.Authorization/roleAssignments"
      }
    }
  ],
  "Variables": {
    "0": "f107d732-a12d-45c4-9178-59304e607360",
    "1": "078dd7ed-abac-4b2b-9456-a10ae8d2cefd"
  }
}
