{
  "Entries": [
    {
      "RequestUri": "https://management.azure.com/subscriptions/da1d7b9a-a759-41c8-bb73-093a1818e03a?api-version=2022-12-01",
      "RequestMethod": "GET",
      "RequestHeaders": {
        "Accept": "application/json",
        "Authorization": "Sanitized",
        "traceparent": "00-273c476125378d6efe35da37852d9c43-46f4baabda0119f7-00",
        "User-Agent": "azsdk-net-ResourceManager/1.7.0 (.NET 6.0.24; Microsoft Windows 10.0.22621)",
        "x-ms-client-request-id": "64f94772d657c0dff7049bfe27fa3d29",
        "x-ms-return-client-request-id": "true"
      },
      "RequestBody": null,
      "StatusCode": 200,
      "ResponseHeaders": {
        "Cache-Control": "no-cache",
        "Content-Length": "501",
        "Content-Type": "application/json; charset=utf-8",
        "Date": "Tue, 07 Nov 2023 05:31:11 GMT",
        "Expires": "-1",
        "Pragma": "no-cache",
        "Strict-Transport-Security": "max-age=31536000; includeSubDomains",
        "X-Cache": "CONFIG_NOCACHE",
        "X-Content-Type-Options": "nosniff",
        "x-ms-correlation-request-id": "506bf7eb-b2a8-4733-ae2b-77e7f26aefd8",
        "x-ms-ratelimit-remaining-subscription-reads": "11997",
        "x-ms-request-id": "506bf7eb-b2a8-4733-ae2b-77e7f26aefd8",
        "x-ms-routing-request-id": "JAPANEAST:20231107T053112Z:506bf7eb-b2a8-4733-ae2b-77e7f26aefd8",
        "X-MSEdge-Ref": "Ref A: DD1EDB08C2694CD29B3D59854B38637A Ref B: TYO201100117009 Ref C: 2023-11-07T05:31:12Z"
      },
      "ResponseBody": {
        "id": "/subscriptions/da1d7b9a-a759-41c8-bb73-093a1818e03a",
        "authorizationSource": "RoleBased",
        "managedByTenants": [
          {
            "tenantId": "2f4a9838-26b7-47ee-be60-ccc1fdec5953"
          }
        ],
        "tags": {
          "NRMS10318670": "20220720"
        },
        "subscriptionId": "da1d7b9a-a759-41c8-bb73-093a1818e03a",
        "tenantId": "72f988bf-86f1-41af-91ab-2d7cd011db47",
        "displayName": "ADMS_Test_Engineering_RichTransform",
        "state": "Enabled",
        "subscriptionPolicies": {
          "locationPlacementId": "Internal_2014-09-01",
          "quotaId": "Internal_2014-09-01",
          "spendingLimit": "Off"
        }
      }
    },
    {
      "RequestUri": "https://management.azure.com/subscriptions/da1d7b9a-a759-41c8-bb73-093a1818e03a/resourcegroups/DataFactory-RG-3263?api-version=2022-09-01",
      "RequestMethod": "PUT",
      "RequestHeaders": {
        "Accept": "application/json",
        "Authorization": "Sanitized",
        "Content-Length": "22",
        "Content-Type": "application/json",
        "traceparent": "00-53b0503484df54c6fe468f1b3f448c3b-552cfcbadbbb7034-00",
        "User-Agent": "azsdk-net-ResourceManager/1.7.0 (.NET 6.0.24; Microsoft Windows 10.0.22621)",
        "x-ms-client-request-id": "4d37da8d07ffbd8e4f4139a4e16029c9",
        "x-ms-return-client-request-id": "true"
      },
      "RequestBody": {
        "location": "westus2"
      },
      "StatusCode": 201,
      "ResponseHeaders": {
        "Cache-Control": "no-cache",
        "Content-Length": "236",
        "Content-Type": "application/json; charset=utf-8",
        "Date": "Tue, 07 Nov 2023 05:31:14 GMT",
        "Expires": "-1",
        "Pragma": "no-cache",
        "Strict-Transport-Security": "max-age=31536000; includeSubDomains",
        "X-Cache": "CONFIG_NOCACHE",
        "X-Content-Type-Options": "nosniff",
        "x-ms-correlation-request-id": "172cee73-19c1-446c-9355-727c211a9755",
        "x-ms-ratelimit-remaining-subscription-writes": "1189",
        "x-ms-request-id": "172cee73-19c1-446c-9355-727c211a9755",
        "x-ms-routing-request-id": "JAPANWEST:20231107T053114Z:172cee73-19c1-446c-9355-727c211a9755",
        "X-MSEdge-Ref": "Ref A: FAB47EFD327E47E9BA52399CA7EEC4AE Ref B: TYO201100117009 Ref C: 2023-11-07T05:31:12Z"
      },
      "ResponseBody": {
        "id": "/subscriptions/da1d7b9a-a759-41c8-bb73-093a1818e03a/resourceGroups/DataFactory-RG-3263",
        "name": "DataFactory-RG-3263",
        "type": "Microsoft.Resources/resourceGroups",
        "location": "westus2",
        "properties": {
          "provisioningState": "Succeeded"
        }
      }
    },
    {
      "RequestUri": "https://management.azure.com/subscriptions/da1d7b9a-a759-41c8-bb73-093a1818e03a/resourceGroups/DataFactory-RG-3263/providers/Microsoft.DataFactory/factories/DataFactory-6906?api-version=2018-06-01",
      "RequestMethod": "PUT",
      "RequestHeaders": {
        "Accept": "application/json",
        "Authorization": "Sanitized",
        "Content-Length": "48",
        "Content-Type": "application/json",
        "traceparent": "00-4dfcbf1e4f1a164cf36289890301aeeb-34c356336b4546e6-00",
        "User-Agent": "azsdk-net-ResourceManager.DataFactory/1.0.0-alpha.20231106.1 (.NET 6.0.24; Microsoft Windows 10.0.22621)",
        "x-ms-client-request-id": "1b41d53f3cc3f4a1b13fb4de1460a4e6",
        "x-ms-return-client-request-id": "true"
      },
      "RequestBody": {
        "tags": {},
        "location": "westus2",
        "properties": {}
      },
      "StatusCode": 200,
      "ResponseHeaders": {
        "Cache-Control": "no-cache",
        "Content-Length": "465",
        "Content-Type": "application/json; charset=utf-8",
        "Date": "Tue, 07 Nov 2023 05:31:17 GMT",
        "Expires": "-1",
        "Pragma": "no-cache",
        "Strict-Transport-Security": "max-age=31536000; includeSubDomains",
        "X-Cache": "CONFIG_NOCACHE",
        "X-Content-Type-Options": "nosniff",
        "x-ms-correlation-request-id": "2747b04a-2fab-4269-8d12-270c28168481",
        "x-ms-ratelimit-remaining-subscription-writes": "1189",
        "x-ms-request-id": "2747b04a-2fab-4269-8d12-270c28168481",
        "x-ms-routing-request-id": "JAPANWEST:20231107T053117Z:2747b04a-2fab-4269-8d12-270c28168481",
        "X-MSEdge-Ref": "Ref A: EDF34D0683F24A52A8A52FB6AF0E17FE Ref B: TYO201100117009 Ref C: 2023-11-07T05:31:14Z"
      },
      "ResponseBody": {
        "name": "DataFactory-6906",
        "id": "/subscriptions/da1d7b9a-a759-41c8-bb73-093a1818e03a/resourceGroups/datafactory-rg-3263/providers/Microsoft.DataFactory/factories/datafactory-6906",
        "type": "Microsoft.DataFactory/factories",
        "properties": {
          "provisioningState": "Succeeded",
          "createTime": "2023-11-07T05:31:17.637121Z",
          "version": "2018-06-01"
        },
        "eTag": "\u0022f201409a-0000-0800-0000-6549cba50000\u0022",
        "location": "westus2",
        "tags": {}
      }
    }
  ],
  "Variables": {
    "AZURE_AUTHORITY_HOST": null,
    "RandomSeed": "176672780",
    "RESOURCE_MANAGER_URL": null,
    "SUBSCRIPTION_ID": "da1d7b9a-a759-41c8-bb73-093a1818e03a"
  }
}
