{
  "Entries": [
    {
      "RequestUri": "https://management.azure.com/subscriptions/da1d7b9a-a759-41c8-bb73-093a1818e03a/resourceGroups/datafactory-rg-3263/providers/Microsoft.DataFactory/factories/datafactory-6906?api-version=2018-06-01",
      "RequestMethod": "GET",
      "RequestHeaders": {
        "Accept": "application/json",
        "Authorization": "Sanitized",
        "traceparent": "00-f5501eba90473144032bd54fa2eb2f13-2e1ed5edc005c195-00",
        "User-Agent": "azsdk-net-ResourceManager.DataFactory/1.0.0-alpha.20231106.1 (.NET 6.0.24; Microsoft Windows 10.0.22621)",
        "x-ms-client-request-id": "08c45de6ee16e21ddf754b2feec29d10",
        "x-ms-return-client-request-id": "true"
      },
      "RequestBody": null,
      "StatusCode": 200,
      "ResponseHeaders": {
        "Cache-Control": "no-cache",
        "Content-Length": "641",
        "Content-Type": "application/json; charset=utf-8",
        "Date": "Tue, 07 Nov 2023 05:31:52 GMT",
        "Expires": "-1",
        "Pragma": "no-cache",
        "Strict-Transport-Security": "max-age=31536000; includeSubDomains",
        "X-Cache": "CONFIG_NOCACHE",
        "X-Content-Type-Options": "nosniff",
        "x-ms-correlation-request-id": "0e41883b-ff0f-41d7-b5df-df2650e3edf8",
        "x-ms-ratelimit-remaining-subscription-reads": "11998",
        "x-ms-request-id": "0e41883b-ff0f-41d7-b5df-df2650e3edf8",
        "x-ms-routing-request-id": "JAPANWEST:20231107T053153Z:0e41883b-ff0f-41d7-b5df-df2650e3edf8",
        "X-MSEdge-Ref": "Ref A: 6DD3D50AAD384B1687F2B751612D07E7 Ref B: TYO201100117009 Ref C: 2023-11-07T05:31:53Z"
      },
      "ResponseBody": {
        "name": "DataFactory-6906",
        "id": "/subscriptions/da1d7b9a-a759-41c8-bb73-093a1818e03a/resourceGroups/datafactory-rg-3263/providers/Microsoft.DataFactory/factories/datafactory-6906",
        "type": "Microsoft.DataFactory/factories",
        "properties": {
          "provisioningState": "Succeeded",
          "createTime": "2023-11-07T05:31:17.637121Z",
          "version": "2018-06-01",
          "factoryStatistics": {
            "totalResourceCount": 0,
            "maxAllowedResourceCount": 0,
            "factorySizeInGbUnits": 0,
            "maxAllowedFactorySizeInGbUnits": 0
          }
        },
        "eTag": "\u0022f201409a-0000-0800-0000-6549cba50000\u0022",
        "location": "westus2",
        "tags": {}
      }
    },
    {
      "RequestUri": "https://management.azure.com/subscriptions/da1d7b9a-a759-41c8-bb73-093a1818e03a/resourceGroups/datafactory-rg-3263/providers/Microsoft.DataFactory/factories/datafactory-6906/pipelines/pipeline-4092?api-version=2018-06-01",
      "RequestMethod": "PUT",
      "RequestHeaders": {
        "Accept": "application/json",
        "Authorization": "Sanitized",
        "Content-Length": "17",
        "Content-Type": "application/json",
        "traceparent": "00-0801c8c66b82a63cabae4f0d9ccd5e7e-f8c736e468929436-00",
        "User-Agent": "azsdk-net-ResourceManager.DataFactory/1.0.0-alpha.20231106.1 (.NET 6.0.24; Microsoft Windows 10.0.22621)",
        "x-ms-client-request-id": "d45621075b6ece5a090dd9a00203cc38",
        "x-ms-return-client-request-id": "true"
      },
      "RequestBody": {
        "properties": {}
      },
      "StatusCode": 200,
      "ResponseHeaders": {
        "Cache-Control": "no-cache",
        "Content-Length": "335",
        "Content-Type": "application/json; charset=utf-8",
        "Date": "Tue, 07 Nov 2023 05:31:53 GMT",
        "Expires": "-1",
        "Pragma": "no-cache",
        "Strict-Transport-Security": "max-age=31536000; includeSubDomains",
        "X-Cache": "CONFIG_NOCACHE",
        "X-Content-Type-Options": "nosniff",
        "x-ms-correlation-request-id": "d225eb24-4b7e-4fce-8486-1d4647946766",
        "x-ms-ratelimit-remaining-subscription-writes": "1179",
        "x-ms-request-id": "d225eb24-4b7e-4fce-8486-1d4647946766",
        "x-ms-routing-request-id": "JAPANEAST:20231107T053154Z:d225eb24-4b7e-4fce-8486-1d4647946766",
        "X-MSEdge-Ref": "Ref A: 0C308ADDEB6041C6A32C672A7B094DFC Ref B: TYO201100117009 Ref C: 2023-11-07T05:31:53Z"
      },
      "ResponseBody": {
        "id": "/subscriptions/da1d7b9a-a759-41c8-bb73-093a1818e03a/resourceGroups/datafactory-rg-3263/providers/Microsoft.DataFactory/factories/datafactory-6906/pipelines/pipeline-4092",
        "name": "pipeline-4092",
        "type": "Microsoft.DataFactory/factories/pipelines",
        "properties": {},
        "etag": "0500cdd3-0000-0800-0000-6549cbca0000"
      }
    },
    {
      "RequestUri": "https://management.azure.com/subscriptions/da1d7b9a-a759-41c8-bb73-093a1818e03a/resourceGroups/datafactory-rg-3263/providers/Microsoft.DataFactory/factories/datafactory-6906/triggers/trigger-7951?api-version=2018-06-01",
      "RequestMethod": "PUT",
      "RequestHeaders": {
        "Accept": "application/json",
        "Authorization": "Sanitized",
        "Content-Length": "256",
        "Content-Type": "application/json",
        "traceparent": "00-75d0ed6498d3529d4f1c604ebf08b7ef-5311f733cdacc9f4-00",
        "User-Agent": "azsdk-net-ResourceManager.DataFactory/1.0.0-alpha.20231106.1 (.NET 6.0.24; Microsoft Windows 10.0.22621)",
        "x-ms-client-request-id": "5cc6050c657d2a640da01a62c8f0c3f4",
        "x-ms-return-client-request-id": "true"
      },
      "RequestBody": {
        "properties": {
          "pipeline": {
            "pipelineReference": {
              "type": "PipelineReference",
              "referenceName": "pipeline-4092"
            }
          },
          "type": "TumblingWindowTrigger",
          "typeProperties": {
            "frequency": "Hour",
            "interval": 12,
            "startTime": "2023-10-31T00:00:00.0000000Z",
            "maxConcurrency": 50
          }
        }
      },
      "StatusCode": 200,
      "ResponseHeaders": {
        "Cache-Control": "no-cache",
        "Content-Length": "691",
        "Content-Type": "application/json; charset=utf-8",
        "Date": "Tue, 07 Nov 2023 05:31:54 GMT",
        "Expires": "-1",
        "Pragma": "no-cache",
        "Strict-Transport-Security": "max-age=31536000; includeSubDomains",
        "X-Cache": "CONFIG_NOCACHE",
        "X-Content-Type-Options": "nosniff",
        "x-ms-correlation-request-id": "45197e4b-92c2-486e-805c-b505251a5138",
        "x-ms-ratelimit-remaining-subscription-writes": "1177",
        "x-ms-request-id": "45197e4b-92c2-486e-805c-b505251a5138",
        "x-ms-routing-request-id": "JAPANEAST:20231107T053155Z:45197e4b-92c2-486e-805c-b505251a5138",
        "X-MSEdge-Ref": "Ref A: 1397CA65C7F14F69B82BCF5F56FE8023 Ref B: TYO201100117009 Ref C: 2023-11-07T05:31:54Z"
      },
      "ResponseBody": {
        "id": "/subscriptions/da1d7b9a-a759-41c8-bb73-093a1818e03a/resourceGroups/datafactory-rg-3263/providers/Microsoft.DataFactory/factories/datafactory-6906/triggers/trigger-7951",
        "name": "trigger-7951",
        "type": "Microsoft.DataFactory/factories/triggers",
        "properties": {
          "pipeline": {
            "pipelineReference": {
              "type": "PipelineReference",
              "referenceName": "pipeline-4092"
            }
          },
          "type": "TumblingWindowTrigger",
          "typeProperties": {
            "frequency": "Hour",
            "interval": 12,
            "startTime": "2023-10-31T00:00:00Z",
            "maxConcurrency": 50
          },
          "runtimeState": "Stopped"
        },
        "etag": "0500d0d3-0000-0800-0000-6549cbcb0000"
      }
    },
    {
      "RequestUri": "https://management.azure.com/subscriptions/da1d7b9a-a759-41c8-bb73-093a1818e03a/resourceGroups/datafactory-rg-3263/providers/Microsoft.DataFactory/factories/datafactory-6906/triggers/trigger-7951?api-version=2018-06-01",
      "RequestMethod": "GET",
      "RequestHeaders": {
        "Accept": "application/json",
        "Authorization": "Sanitized",
        "traceparent": "00-d9984a44c729b92c14cb5e688c35add1-ca3bb8f27fe92ae6-00",
        "User-Agent": "azsdk-net-ResourceManager.DataFactory/1.0.0-alpha.20231106.1 (.NET 6.0.24; Microsoft Windows 10.0.22621)",
        "x-ms-client-request-id": "6e4c987c8890ad55bb1f14d406d4482c",
        "x-ms-return-client-request-id": "true"
      },
      "RequestBody": null,
      "StatusCode": 200,
      "ResponseHeaders": {
        "Cache-Control": "no-cache",
        "Content-Length": "691",
        "Content-Type": "application/json; charset=utf-8",
        "Date": "Tue, 07 Nov 2023 05:31:55 GMT",
        "Expires": "-1",
        "Pragma": "no-cache",
        "Strict-Transport-Security": "max-age=31536000; includeSubDomains",
        "X-Cache": "CONFIG_NOCACHE",
        "X-Content-Type-Options": "nosniff",
        "x-ms-correlation-request-id": "c6c23582-b6af-4a12-9b5b-4662aafa6f2b",
        "x-ms-ratelimit-remaining-subscription-reads": "11980",
        "x-ms-request-id": "c6c23582-b6af-4a12-9b5b-4662aafa6f2b",
        "x-ms-routing-request-id": "JAPANEAST:20231107T053155Z:c6c23582-b6af-4a12-9b5b-4662aafa6f2b",
        "X-MSEdge-Ref": "Ref A: 68C5BFD61A194D10AD47627A7597F943 Ref B: TYO201100117009 Ref C: 2023-11-07T05:31:55Z"
      },
      "ResponseBody": {
        "id": "/subscriptions/da1d7b9a-a759-41c8-bb73-093a1818e03a/resourceGroups/datafactory-rg-3263/providers/Microsoft.DataFactory/factories/datafactory-6906/triggers/trigger-7951",
        "name": "trigger-7951",
        "type": "Microsoft.DataFactory/factories/triggers",
        "properties": {
          "pipeline": {
            "pipelineReference": {
              "type": "PipelineReference",
              "referenceName": "pipeline-4092"
            }
          },
          "type": "TumblingWindowTrigger",
          "typeProperties": {
            "frequency": "Hour",
            "interval": 12,
            "startTime": "2023-10-31T00:00:00Z",
            "maxConcurrency": 50
          },
          "runtimeState": "Stopped"
        },
        "etag": "0500d0d3-0000-0800-0000-6549cbcb0000"
      }
    },
    {
      "RequestUri": "https://management.azure.com/subscriptions/da1d7b9a-a759-41c8-bb73-093a1818e03a/resourceGroups/datafactory-rg-3263/providers/Microsoft.DataFactory/factories/datafactory-6906/triggers/trigger-7951/start?api-version=2018-06-01",
      "RequestMethod": "POST",
      "RequestHeaders": {
        "Accept": "application/json",
        "Authorization": "Sanitized",
        "Content-Length": "0",
        "traceparent": "00-7708f32d2da4b7205fe50ba5a8431376-0a894fcaf64f64b7-00",
        "User-Agent": "azsdk-net-ResourceManager.DataFactory/1.0.0-alpha.20231106.1 (.NET 6.0.24; Microsoft Windows 10.0.22621)",
        "x-ms-client-request-id": "0b908a210044a212bd2bc7ce40f70519",
        "x-ms-return-client-request-id": "true"
      },
      "RequestBody": null,
      "StatusCode": 200,
      "ResponseHeaders": {
        "Cache-Control": "no-cache",
        "Content-Length": "2",
        "Content-Type": "application/json; charset=utf-8",
        "Date": "Tue, 07 Nov 2023 05:31:56 GMT",
        "Expires": "-1",
        "Pragma": "no-cache",
        "Strict-Transport-Security": "max-age=31536000; includeSubDomains",
        "X-Cache": "CONFIG_NOCACHE",
        "X-Content-Type-Options": "nosniff",
        "x-ms-correlation-request-id": "dd122158-91f6-46eb-a7c0-8d5dd147de25",
        "x-ms-ratelimit-remaining-subscription-writes": "1199",
        "x-ms-request-id": "dd122158-91f6-46eb-a7c0-8d5dd147de25",
        "x-ms-routing-request-id": "JAPANEAST:20231107T053157Z:dd122158-91f6-46eb-a7c0-8d5dd147de25",
        "X-MSEdge-Ref": "Ref A: 470FD878A4CC4C92ADF65E751E007AFC Ref B: TYO201100117009 Ref C: 2023-11-07T05:31:55Z"
      },
      "ResponseBody": {}
    },
    {
      "RequestUri": "https://management.azure.com/subscriptions/da1d7b9a-a759-41c8-bb73-093a1818e03a/resourceGroups/datafactory-rg-3263/providers/Microsoft.DataFactory/factories/datafactory-6906/triggers/trigger-9700?api-version=2018-06-01",
      "RequestMethod": "PUT",
      "RequestHeaders": {
        "Accept": "application/json",
        "Authorization": "Sanitized",
        "Content-Length": "270",
        "Content-Type": "application/json",
        "traceparent": "00-243c0a2b2f4f43781487844be2d9d9c2-518a5d38f23fc4ff-00",
        "User-Agent": "azsdk-net-ResourceManager.DataFactory/1.0.0-alpha.20231106.1 (.NET 6.0.24; Microsoft Windows 10.0.22621)",
        "x-ms-client-request-id": "3e41ee57b75f7bb085aab164c1876cc3",
        "x-ms-return-client-request-id": "true"
      },
      "RequestBody": {
        "properties": {
          "type": "RerunTumblingWindowTrigger",
          "typeProperties": {
            "parentTrigger": {
              "type": "TriggerReference",
              "referenceName": "trigger-7951"
            },
            "requestedStartTime": "2023-10-31T16:00:00.0000000Z",
            "requestedEndTime": "2023-11-02T04:00:00.0000000Z",
            "rerunConcurrency": 50
          }
        }
      },
      "StatusCode": 200,
      "ResponseHeaders": {
        "Cache-Control": "no-cache",
        "Content-Length": "678",
        "Content-Type": "application/json; charset=utf-8",
        "Date": "Tue, 07 Nov 2023 05:32:27 GMT",
        "Expires": "-1",
        "Pragma": "no-cache",
        "Strict-Transport-Security": "max-age=31536000; includeSubDomains",
        "X-Cache": "CONFIG_NOCACHE",
        "X-Content-Type-Options": "nosniff",
        "x-ms-correlation-request-id": "6f7c401a-07f4-4af4-ae5a-82224a9144e4",
        "x-ms-ratelimit-remaining-subscription-writes": "1182",
        "x-ms-request-id": "6f7c401a-07f4-4af4-ae5a-82224a9144e4",
        "x-ms-routing-request-id": "JAPANEAST:20231107T053228Z:6f7c401a-07f4-4af4-ae5a-82224a9144e4",
        "X-MSEdge-Ref": "Ref A: 0C904038AFDB448599B54B21CD4C96DC Ref B: TYO201100117009 Ref C: 2023-11-07T05:32:27Z"
      },
      "ResponseBody": {
        "id": "/subscriptions/da1d7b9a-a759-41c8-bb73-093a1818e03a/resourceGroups/datafactory-rg-3263/providers/Microsoft.DataFactory/factories/datafactory-6906/triggers/trigger-9700",
        "name": "trigger-9700",
        "type": "Microsoft.DataFactory/factories/triggers",
        "properties": {
          "typeProperties": {
            "parentTrigger": {
              "type": "TriggerReference",
              "referenceName": "trigger-7951"
            },
            "requestedStartTime": "2023-11-01T00:00:00Z",
            "requestedEndTime": "2023-11-02T00:00:00Z",
            "rerunConcurrency": 50
          },
          "type": "RerunTumblingWindowTrigger",
          "runtimeState": "Stopped"
        },
        "etag": "0500d8d3-0000-0800-0000-6549cbec0000"
      }
    }
  ],
  "Variables": {
    "AZURE_AUTHORITY_HOST": null,
    "RandomSeed": "1741834458",
    "RESOURCE_MANAGER_URL": null,
    "SUBSCRIPTION_ID": "da1d7b9a-a759-41c8-bb73-093a1818e03a"
  }
}
