{
  "Entries": [
    {
      "RequestUri": "https://management.azure.com/subscriptions/da1d7b9a-a759-41c8-bb73-093a1818e03a?api-version=2022-12-01",
      "RequestMethod": "GET",
      "RequestHeaders": {
        "Accept": "application/json",
        "Authorization": "Sanitized",
        "traceparent": "00-b172430847a0788b65a93146220c37d6-2eea47bf6c51a4ae-00",
        "User-Agent": "azsdk-net-ResourceManager/1.8.0 (.NET 7.0.14; Microsoft Windows 10.0.22621)",
        "x-ms-client-request-id": "e94658a823e7def561025e9ad462b2f8",
        "x-ms-return-client-request-id": "true"
      },
      "RequestBody": null,
      "StatusCode": 200,
      "ResponseHeaders": {
        "Cache-Control": "no-cache",
        "Content-Length": "501",
        "Content-Type": "application/json; charset=utf-8",
        "Date": "Sun, 19 Nov 2023 15:55:31 GMT",
        "Expires": "-1",
        "Pragma": "no-cache",
        "Strict-Transport-Security": "max-age=31536000; includeSubDomains",
        "X-Content-Type-Options": "nosniff",
        "x-ms-correlation-request-id": "c9937355-30e0-4d9d-a21a-15cdf214bc49",
        "x-ms-ratelimit-remaining-subscription-reads": "11504",
        "x-ms-request-id": "c9937355-30e0-4d9d-a21a-15cdf214bc49",
        "x-ms-routing-request-id": "KOREASOUTH:20231119T155531Z:c9937355-30e0-4d9d-a21a-15cdf214bc49"
      },
      "ResponseBody": {
        "id": "/subscriptions/da1d7b9a-a759-41c8-bb73-093a1818e03a",
        "authorizationSource": "RoleBased",
        "managedByTenants": [
          {
            "tenantId": "2f4a9838-26b7-47ee-be60-ccc1fdec5953"
          }
        ],
        "tags": {
          "NRMS10318670": "20220720"
        },
        "subscriptionId": "da1d7b9a-a759-41c8-bb73-093a1818e03a",
        "tenantId": "72f988bf-86f1-41af-91ab-2d7cd011db47",
        "displayName": "ADMS_Test_Engineering_RichTransform",
        "state": "Enabled",
        "subscriptionPolicies": {
          "locationPlacementId": "Internal_2014-09-01",
          "quotaId": "Internal_2014-09-01",
          "spendingLimit": "Off"
        }
      }
    },
    {
      "RequestUri": "https://management.azure.com/subscriptions/da1d7b9a-a759-41c8-bb73-093a1818e03a/resourcegroups/DataFactory-RG-2391?api-version=2022-09-01",
      "RequestMethod": "PUT",
      "RequestHeaders": {
        "Accept": "application/json",
        "Authorization": "Sanitized",
        "Content-Length": "22",
        "Content-Type": "application/json",
        "traceparent": "00-abd24771ac03b59c5cacdcb375badbd8-2699d03c7737fea8-00",
        "User-Agent": "azsdk-net-ResourceManager/1.8.0 (.NET 7.0.14; Microsoft Windows 10.0.22621)",
        "x-ms-client-request-id": "17a97617dc24c31dc7299e2017067596",
        "x-ms-return-client-request-id": "true"
      },
      "RequestBody": {
        "location": "westus2"
      },
      "StatusCode": 201,
      "ResponseHeaders": {
        "Cache-Control": "no-cache",
        "Content-Length": "236",
        "Content-Type": "application/json; charset=utf-8",
        "Date": "Sun, 19 Nov 2023 15:55:32 GMT",
        "Expires": "-1",
        "Pragma": "no-cache",
        "Strict-Transport-Security": "max-age=31536000; includeSubDomains",
        "X-Content-Type-Options": "nosniff",
        "x-ms-correlation-request-id": "d888d68c-fa22-422c-b1f9-ab95980454f5",
        "x-ms-ratelimit-remaining-subscription-writes": "1152",
        "x-ms-request-id": "d888d68c-fa22-422c-b1f9-ab95980454f5",
        "x-ms-routing-request-id": "KOREASOUTH:20231119T155532Z:d888d68c-fa22-422c-b1f9-ab95980454f5"
      },
      "ResponseBody": {
        "id": "/subscriptions/da1d7b9a-a759-41c8-bb73-093a1818e03a/resourceGroups/DataFactory-RG-2391",
        "name": "DataFactory-RG-2391",
        "type": "Microsoft.Resources/resourceGroups",
        "location": "westus2",
        "properties": {
          "provisioningState": "Succeeded"
        }
      }
    },
    {
      "RequestUri": "https://management.azure.com/subscriptions/da1d7b9a-a759-41c8-bb73-093a1818e03a/resourceGroups/DataFactory-RG-2391/providers/Microsoft.DataFactory/factories/DataFactory-3494?api-version=2018-06-01",
      "RequestMethod": "PUT",
      "RequestHeaders": {
        "Accept": "application/json",
        "Authorization": "Sanitized",
        "Content-Length": "48",
        "Content-Type": "application/json",
        "traceparent": "00-91ccef51bf0c5238d8263008e92f2fba-0b0832f6e5d083c5-00",
        "User-Agent": "azsdk-net-ResourceManager.DataFactory/1.0.0-alpha.20231117.1 (.NET 7.0.14; Microsoft Windows 10.0.22621)",
        "x-ms-client-request-id": "e9d800444a1c1dae562b90a93fb23af8",
        "x-ms-return-client-request-id": "true"
      },
      "RequestBody": {
        "tags": {},
        "location": "westus2",
        "properties": {}
      },
      "StatusCode": 200,
      "ResponseHeaders": {
        "Cache-Control": "no-cache",
        "Content-Length": "466",
        "Content-Type": "application/json; charset=utf-8",
        "Date": "Sun, 19 Nov 2023 15:55:34 GMT",
        "Expires": "-1",
        "Pragma": "no-cache",
        "Server": "Kestrel",
        "Strict-Transport-Security": "max-age=31536000; includeSubDomains",
        "X-Content-Type-Options": "nosniff",
        "x-ms-correlation-request-id": "a16ac8f0-0ffa-4b20-a05f-1c85a0458e03",
        "x-ms-ratelimit-remaining-subscription-writes": "1151",
        "x-ms-request-id": "a16ac8f0-0ffa-4b20-a05f-1c85a0458e03",
        "x-ms-routing-request-id": "KOREASOUTH:20231119T155534Z:a16ac8f0-0ffa-4b20-a05f-1c85a0458e03"
      },
      "ResponseBody": {
        "name": "DataFactory-3494",
        "id": "/subscriptions/da1d7b9a-a759-41c8-bb73-093a1818e03a/resourceGroups/datafactory-rg-2391/providers/Microsoft.DataFactory/factories/datafactory-3494",
        "type": "Microsoft.DataFactory/factories",
        "properties": {
          "provisioningState": "Succeeded",
          "createTime": "2023-11-19T15:55:34.4456677Z",
          "version": "2018-06-01"
        },
        "eTag": "\u0022e3039a9c-0000-0800-0000-655a2ff60000\u0022",
        "location": "westus2",
        "tags": {}
      }
    },
    {
      "RequestUri": "https://management.azure.com/subscriptions/da1d7b9a-a759-41c8-bb73-093a1818e03a/resourceGroups/datafactory-rg-2391/providers/Microsoft.DataFactory/factories/datafactory-3494/pipelines/pipeline-9392?api-version=2018-06-01",
      "RequestMethod": "PUT",
      "RequestHeaders": {
        "Accept": "application/json",
        "Authorization": "Sanitized",
        "Content-Length": "17",
        "Content-Type": "application/json",
        "traceparent": "00-c707e66acfe814cb2530f8d9b888c8fe-43b7ce778fd7feb4-00",
        "User-Agent": "azsdk-net-ResourceManager.DataFactory/1.0.0-alpha.20231117.1 (.NET 7.0.14; Microsoft Windows 10.0.22621)",
        "x-ms-client-request-id": "cc57b6e9833abd2185d4c75b8cc855d4",
        "x-ms-return-client-request-id": "true"
      },
      "RequestBody": {
        "properties": {}
      },
      "StatusCode": 200,
      "ResponseHeaders": {
        "Cache-Control": "no-cache",
        "Content-Length": "335",
        "Content-Type": "application/json; charset=utf-8",
        "Date": "Sun, 19 Nov 2023 15:55:34 GMT",
        "Expires": "-1",
        "Pragma": "no-cache",
        "Server": "Kestrel",
        "Strict-Transport-Security": "max-age=31536000; includeSubDomains",
        "X-Content-Type-Options": "nosniff",
        "x-ms-correlation-request-id": "e137a321-885f-4a15-80c2-08cb57551fe3",
        "x-ms-ratelimit-remaining-subscription-writes": "1150",
        "x-ms-request-id": "e137a321-885f-4a15-80c2-08cb57551fe3",
        "x-ms-routing-request-id": "KOREASOUTH:20231119T155535Z:e137a321-885f-4a15-80c2-08cb57551fe3"
      },
      "ResponseBody": {
        "id": "/subscriptions/da1d7b9a-a759-41c8-bb73-093a1818e03a/resourceGroups/datafactory-rg-2391/providers/Microsoft.DataFactory/factories/datafactory-3494/pipelines/pipeline-9392",
        "name": "pipeline-9392",
        "type": "Microsoft.DataFactory/factories/pipelines",
        "properties": {},
        "etag": "1e0115cb-0000-0800-0000-655a2ff70000"
      }
    },
    {
      "RequestUri": "https://management.azure.com/subscriptions/da1d7b9a-a759-41c8-bb73-093a1818e03a/resourceGroups/datafactory-rg-2391/providers/Microsoft.DataFactory/factories/datafactory-3494/pipelines/pipeline-844?api-version=2018-06-01",
      "RequestMethod": "PUT",
      "RequestHeaders": {
        "Accept": "application/json",
        "Authorization": "Sanitized",
        "Content-Length": "17",
        "Content-Type": "application/json",
        "traceparent": "00-5899d43d1774246049d3a85975425ae9-1407399e7e6821ca-00",
        "User-Agent": "azsdk-net-ResourceManager.DataFactory/1.0.0-alpha.20231117.1 (.NET 7.0.14; Microsoft Windows 10.0.22621)",
        "x-ms-client-request-id": "cddbc88a8cc7f9c14b738315efa56572",
        "x-ms-return-client-request-id": "true"
      },
      "RequestBody": {
        "properties": {}
      },
      "StatusCode": 200,
      "ResponseHeaders": {
        "Cache-Control": "no-cache",
        "Content-Length": "333",
        "Content-Type": "application/json; charset=utf-8",
        "Date": "Sun, 19 Nov 2023 15:55:35 GMT",
        "Expires": "-1",
        "Pragma": "no-cache",
        "Server": "Kestrel",
        "Strict-Transport-Security": "max-age=31536000; includeSubDomains",
        "X-Content-Type-Options": "nosniff",
        "x-ms-correlation-request-id": "d442d1e6-f35c-48e2-89b3-b2f7f454fec1",
        "x-ms-ratelimit-remaining-subscription-writes": "1149",
        "x-ms-request-id": "d442d1e6-f35c-48e2-89b3-b2f7f454fec1",
        "x-ms-routing-request-id": "KOREASOUTH:20231119T155535Z:d442d1e6-f35c-48e2-89b3-b2f7f454fec1"
      },
      "ResponseBody": {
        "id": "/subscriptions/da1d7b9a-a759-41c8-bb73-093a1818e03a/resourceGroups/datafactory-rg-2391/providers/Microsoft.DataFactory/factories/datafactory-3494/pipelines/pipeline-844",
        "name": "pipeline-844",
        "type": "Microsoft.DataFactory/factories/pipelines",
        "properties": {},
        "etag": "1e011dcb-0000-0800-0000-655a2ff70000"
      }
    },
    {
      "RequestUri": "https://management.azure.com/subscriptions/da1d7b9a-a759-41c8-bb73-093a1818e03a/resourceGroups/datafactory-rg-2391/providers/Microsoft.DataFactory/factories/datafactory-3494/pipelines/pipeline-497?api-version=2018-06-01",
      "RequestMethod": "PUT",
      "RequestHeaders": {
        "Accept": "application/json",
        "Authorization": "Sanitized",
        "Content-Length": "17",
        "Content-Type": "application/json",
        "traceparent": "00-94a2e0b35d4195e19ffb2e17252ad9ce-0fab6ed2a9d24f41-00",
        "User-Agent": "azsdk-net-ResourceManager.DataFactory/1.0.0-alpha.20231117.1 (.NET 7.0.14; Microsoft Windows 10.0.22621)",
        "x-ms-client-request-id": "8eac59a90ba898af28f0978264351c76",
        "x-ms-return-client-request-id": "true"
      },
      "RequestBody": {
        "properties": {}
      },
      "StatusCode": 200,
      "ResponseHeaders": {
        "Cache-Control": "no-cache",
        "Content-Length": "333",
        "Content-Type": "application/json; charset=utf-8",
        "Date": "Sun, 19 Nov 2023 15:55:35 GMT",
        "Expires": "-1",
        "Pragma": "no-cache",
        "Server": "Kestrel",
        "Strict-Transport-Security": "max-age=31536000; includeSubDomains",
        "X-Content-Type-Options": "nosniff",
        "x-ms-correlation-request-id": "24064445-cfce-494b-8372-e1bd8d041694",
        "x-ms-ratelimit-remaining-subscription-writes": "1148",
        "x-ms-request-id": "24064445-cfce-494b-8372-e1bd8d041694",
        "x-ms-routing-request-id": "KOREASOUTH:20231119T155536Z:24064445-cfce-494b-8372-e1bd8d041694"
      },
      "ResponseBody": {
        "id": "/subscriptions/da1d7b9a-a759-41c8-bb73-093a1818e03a/resourceGroups/datafactory-rg-2391/providers/Microsoft.DataFactory/factories/datafactory-3494/pipelines/pipeline-497",
        "name": "pipeline-497",
        "type": "Microsoft.DataFactory/factories/pipelines",
        "properties": {},
        "etag": "1e0123cb-0000-0800-0000-655a2ff80000"
      }
    },
    {
      "RequestUri": "https://management.azure.com/subscriptions/da1d7b9a-a759-41c8-bb73-093a1818e03a/resourceGroups/datafactory-rg-2391/providers/Microsoft.DataFactory/factories/datafactory-3494/triggers/trigger-3211?api-version=2018-06-01",
      "RequestMethod": "PUT",
      "RequestHeaders": {
        "Accept": "application/json",
        "Authorization": "Sanitized",
        "Content-Length": "246",
        "Content-Type": "application/json",
        "traceparent": "00-5a2754e8864a68eb3006fd50eb875e6f-b8165439d51dd505-00",
        "User-Agent": "azsdk-net-ResourceManager.DataFactory/1.0.0-alpha.20231117.1 (.NET 7.0.14; Microsoft Windows 10.0.22621)",
        "x-ms-client-request-id": "f26e665d8fc95c54f55e81c6000ccedf",
        "x-ms-return-client-request-id": "true"
      },
      "RequestBody": {
        "properties": {
          "pipeline": {
            "pipelineReference": {
              "type": "PipelineReference",
              "referenceName": "pipeline-9392"
            }
          },
          "type": "ChainingTrigger",
          "typeProperties": {
            "dependsOn": [
              {
                "type": "PipelineReference",
                "referenceName": "pipeline-844"
              }
            ],
            "runDimension": ""
          }
        }
      },
      "StatusCode": 200,
      "ResponseHeaders": {
        "Cache-Control": "no-cache",
        "Content-Length": "722",
        "Content-Type": "application/json; charset=utf-8",
        "Date": "Sun, 19 Nov 2023 15:55:36 GMT",
        "Expires": "-1",
        "Pragma": "no-cache",
        "Server": "Kestrel",
        "Strict-Transport-Security": "max-age=31536000; includeSubDomains",
        "X-Content-Type-Options": "nosniff",
        "x-ms-correlation-request-id": "34adfc1c-8bfb-4e12-9464-c6c86b8728ed",
        "x-ms-ratelimit-remaining-subscription-writes": "1147",
        "x-ms-request-id": "34adfc1c-8bfb-4e12-9464-c6c86b8728ed",
        "x-ms-routing-request-id": "KOREASOUTH:20231119T155536Z:34adfc1c-8bfb-4e12-9464-c6c86b8728ed"
      },
      "ResponseBody": {
        "id": "/subscriptions/da1d7b9a-a759-41c8-bb73-093a1818e03a/resourceGroups/datafactory-rg-2391/providers/Microsoft.DataFactory/factories/datafactory-3494/triggers/trigger-3211",
        "name": "trigger-3211",
        "type": "Microsoft.DataFactory/factories/triggers",
        "properties": {
          "pipeline": {
            "pipelineReference": {
              "type": "PipelineReference",
              "referenceName": "pipeline-9392"
            }
          },
          "type": "ChainingTrigger",
          "typeProperties": {
            "dependsOn": [
              {
                "type": "PipelineReference",
                "referenceName": "pipeline-844"
              }
            ],
            "runDimension": ""
          },
          "runtimeState": "Stopped"
        },
        "etag": "1e0126cb-0000-0800-0000-655a2ff80000"
      }
    }
  ],
  "Variables": {
    "AZURE_AUTHORITY_HOST": null,
    "RandomSeed": "1516784658",
    "RESOURCE_MANAGER_URL": null,
    "SUBSCRIPTION_ID": "da1d7b9a-a759-41c8-bb73-093a1818e03a"
  }
}
