{
  "Entries": [
    {
      "RequestUri": "https://Sanitized/identities?api-version=2023-10-01",
      "RequestMethod": "POST",
      "RequestHeaders": {
        "Accept": "application/json",
        "Accept-Encoding": "gzip,deflate",
        "Authorization": "Sanitized",
        "Connection": "keep-alive",
        "Content-Length": "0",
        "Content-Type": "application/json",
        "User-Agent": "azsdk-js-communication-identity/1.3.1 core-rest-pipeline/1.21.0 Node/22.14.0 OS/(x64-Windows_NT-10.0.26100)",
        "x-ms-client-request-id": "Sanitized",
        "x-ms-content-sha256": "Sanitized",
        "x-ms-date": "Mon, 07 Jul 2025 19:36:04 GMT"
      },
      "RequestBody": null,
      "StatusCode": 201,
      "ResponseHeaders": {
        "api-supported-versions": "2020-07-20-preview2, 2021-03-07, 2021-10-31-preview, 2021-11-01, 2022-06-01, 2022-10-01, 2023-10-01, 2025-03-02-preview, 2025-06-30",
        "Connection": "keep-alive",
        "Content-Length": "101",
        "Content-Type": "application/json; charset=utf-8",
        "Date": "Mon, 07 Jul 2025 19:36:04 GMT",
        "MS-CV": "Sanitized",
        "Request-Context": "appId=",
        "Strict-Transport-Security": "max-age=31536000;includeSubDomains",
        "x-azure-ref": "Sanitized",
        "X-Cache": "CONFIG_NOCACHE",
        "x-ms-client-request-id": "Sanitized",
        "X-Processing-Time": "19ms"
      },
      "ResponseBody": {
        "identity": {
          "id": "8:acs:00000000-0000-0000-0000-000000000000_00000000-0000-0000-0000-000000000000"
        }
      }
    },
    {
      "RequestUri": "https://Sanitized/identities?api-version=2023-10-01",
      "RequestMethod": "POST",
      "RequestHeaders": {
        "Accept": "application/json",
        "Accept-Encoding": "gzip,deflate",
        "Authorization": "Sanitized",
        "Connection": "keep-alive",
        "Content-Length": "0",
        "Content-Type": "application/json",
        "User-Agent": "azsdk-js-communication-identity/1.3.1 core-rest-pipeline/1.21.0 Node/22.14.0 OS/(x64-Windows_NT-10.0.26100)",
        "x-ms-client-request-id": "Sanitized",
        "x-ms-content-sha256": "Sanitized",
        "x-ms-date": "Mon, 07 Jul 2025 19:36:04 GMT"
      },
      "RequestBody": null,
      "StatusCode": 201,
      "ResponseHeaders": {
        "api-supported-versions": "2020-07-20-preview2, 2021-03-07, 2021-10-31-preview, 2021-11-01, 2022-06-01, 2022-10-01, 2023-10-01, 2025-03-02-preview, 2025-06-30",
        "Connection": "keep-alive",
        "Content-Length": "101",
        "Content-Type": "application/json; charset=utf-8",
        "Date": "Mon, 07 Jul 2025 19:36:04 GMT",
        "MS-CV": "Sanitized",
        "Request-Context": "appId=",
        "Strict-Transport-Security": "max-age=31536000;includeSubDomains",
        "x-azure-ref": "Sanitized",
        "X-Cache": "CONFIG_NOCACHE",
        "x-ms-client-request-id": "Sanitized",
        "X-Processing-Time": "15ms"
      },
      "ResponseBody": {
        "identity": {
          "id": "8:acs:00000000-0000-0000-0000-000000000000_00000000-0000-0000-0000-000000000000"
        }
      }
    },
    {
      "RequestUri": "https://Sanitized/calling/callConnections?api-version=2025-05-15",
      "RequestMethod": "POST",
      "RequestHeaders": {
        "Accept": "application/json",
        "Accept-Encoding": "gzip,deflate",
        "Authorization": "Sanitized",
        "Connection": "keep-alive",
        "Content-Length": "608",
        "Content-Type": "application/json",
        "Repeatability-First-Sent": "Sanitized",
        "Repeatability-Request-ID": "Sanitized",
        "User-Agent": "azsdk-js-communication-call-automation/1.4.1 core-rest-pipeline/1.21.1 Node/22.14.0 OS/(x64-Windows_NT-10.0.26100)",
        "x-ms-client-request-id": "Sanitized",
        "x-ms-content-sha256": "Sanitized",
        "x-ms-date": "Mon, 07 Jul 2025 19:36:08 GMT"
      },
      "RequestBody": {
        "targets": [
          {
            "kind": "communicationUser",
            "rawId": "8:acs:00000000-0000-0000-0000-000000000000_00000000-0000-0000-0000-000000000000",
            "communicationUser": {
              "id": "8:acs:00000000-0000-0000-0000-000000000000_00000000-0000-0000-0000-000000000000"
            }
          }
        ],
        "source": {
          "id": "8:acs:00000000-0000-0000-0000-000000000000_00000000-0000-0000-0000-000000000000"
        },
        "operationContext": "operationContextCreateCall",
        "callbackUri": "https://Sanitized/api/servicebuscallback/events?q=8acs00000000-0000-0000-0000-000000000000_00000000-0000-0000-0000-0000000000008acs00000000-0000-0000-0000-000000000000_00000000-0000-0000-0000-000000000000"
      },
      "StatusCode": 201,
      "ResponseHeaders": {
        "Connection": "keep-alive",
        "Content-Length": "999",
        "Content-Type": "application/json; charset=utf-8",
        "Date": "Mon, 07 Jul 2025 19:36:08 GMT",
        "Strict-Transport-Security": "max-age=31536000;includeSubDomains",
        "x-azure-ref": "Sanitized",
        "X-Cache": "CONFIG_NOCACHE",
        "X-Microsoft-Skype-Chain-ID": "6c048b30-b6d6-4779-8ad7-29d39b2d42e4",
        "X-Microsoft-Skype-Client": "azsdk-js-communication-call-automation/1.4.1 core-rest-pipeline/1.21.1 Node/22.14.0 OS/(x64-Windows_NT-10.0.26100)",
        "x-ms-client-request-id": "Sanitized"
      },
      "ResponseBody": {
        "callConnectionId": "54006880-2c3c-4cd7-a354-e935d57e280f",
        "targets": [
          {
            "rawId": "8:acs:00000000-0000-0000-0000-000000000000_00000000-0000-0000-0000-000000000000",
            "kind": "communicationUser",
            "communicationUser": {
              "id": "8:acs:00000000-0000-0000-0000-000000000000_00000000-0000-0000-0000-000000000000"
            }
          }
        ],
        "callConnectionState": "connecting",
        "callbackUri": "https://Sanitized/api/servicebuscallback/events?q=8acs00000000-0000-0000-0000-000000000000_00000000-0000-0000-0000-0000000000008acs00000000-0000-0000-0000-000000000000_00000000-0000-0000-0000-000000000000",
        "sourceDisplayName": "",
        "source": {
          "rawId": "8:acs:00000000-0000-0000-0000-000000000000_00000000-0000-0000-0000-000000000000",
          "kind": "communicationUser",
          "communicationUser": {
            "id": "8:acs:00000000-0000-0000-0000-000000000000_00000000-0000-0000-0000-000000000000"
          }
        },
        "correlationId": "6c048b30-b6d6-4779-8ad7-29d39b2d42e4",
        "mediaStreamingSubscription": {
          "id": "75ea2f48-2cf2-403d-a1b6-4ea73028041d",
          "state": "disabled",
          "subscribedContentTypes": [
            "audio"
          ]
        }
      }
    },
    {
      "RequestUri": "https://Sanitized/calling/callConnections:answer?api-version=2025-05-15",
      "RequestMethod": "POST",
      "RequestHeaders": {
        "Accept": "application/json",
        "Accept-Encoding": "gzip,deflate",
        "Authorization": "Sanitized",
        "Connection": "keep-alive",
        "Content-Length": "406",
        "Content-Type": "application/json",
        "Repeatability-First-Sent": "Sanitized",
        "Repeatability-Request-ID": "Sanitized",
        "User-Agent": "azsdk-js-communication-call-automation/1.4.1 core-rest-pipeline/1.21.1 Node/22.14.0 OS/(x64-Windows_NT-10.0.26100)",
        "x-ms-client-request-id": "Sanitized",
        "x-ms-content-sha256": "Sanitized",
        "x-ms-date": "Mon, 07 Jul 2025 19:36:12 GMT"
      },
      "RequestBody": {
        "incomingCallContext": "Sanitized",
        "callbackUri": "https://Sanitized/api/servicebuscallback/events?q=8acs00000000-0000-0000-0000-000000000000_00000000-0000-0000-0000-0000000000008acs00000000-0000-0000-0000-000000000000_00000000-0000-0000-0000-000000000000",
        "operationContext": "operationContextAnswerCall",
        "answeredBy": {
          "id": "8:acs:00000000-0000-0000-0000-000000000000_00000000-0000-0000-0000-000000000000"
        }
      },
      "StatusCode": 200,
      "ResponseHeaders": {
        "Accept-Ranges": "bytes",
        "Connection": "keep-alive",
        "Content-Length": "1105",
        "Content-Type": "application/json; charset=utf-8",
        "Date": "Mon, 07 Jul 2025 19:36:13 GMT",
        "Strict-Transport-Security": "max-age=31536000;includeSubDomains",
        "x-azure-ref": "Sanitized",
        "X-Cache": "CONFIG_NOCACHE",
        "X-Microsoft-Skype-Chain-ID": "6c048b30-b6d6-4779-8ad7-29d39b2d42e4",
        "X-Microsoft-Skype-Client": "azsdk-js-communication-call-automation/1.4.1 core-rest-pipeline/1.21.1 Node/22.14.0 OS/(x64-Windows_NT-10.0.26100)",
        "x-ms-client-request-id": "Sanitized"
      },
      "ResponseBody": {
        "callConnectionId": "48006880-cde3-4b79-945c-82acf0bb496f",
        "serverCallId": "Sanitized",
        "targets": [
          {
            "rawId": "8:acs:00000000-0000-0000-0000-000000000000_00000000-0000-0000-0000-000000000000",
            "kind": "communicationUser",
            "communicationUser": {
              "id": "8:acs:00000000-0000-0000-0000-000000000000_00000000-0000-0000-0000-000000000000"
            }
          }
        ],
        "callConnectionState": "connecting",
        "callbackUri": "https://Sanitized/api/servicebuscallback/events?q=8acs00000000-0000-0000-0000-000000000000_00000000-0000-0000-0000-0000000000008acs00000000-0000-0000-0000-000000000000_00000000-0000-0000-0000-000000000000",
        "source": {
          "rawId": "8:acs:00000000-0000-0000-0000-000000000000_00000000-0000-0000-0000-000000000000",
          "kind": "communicationUser",
          "communicationUser": {
            "id": "8:acs:00000000-0000-0000-0000-000000000000_00000000-0000-0000-0000-000000000000"
          }
        },
        "correlationId": "6c048b30-b6d6-4779-8ad7-29d39b2d42e4",
        "answeredBy": {
          "id": "8:acs:00000000-0000-0000-0000-000000000000_00000000-0000-0000-0000-000000000000"
        },
        "mediaStreamingSubscription": {
          "id": "408bc5ee-7477-4e52-af2f-e7ce67f283a1",
          "state": "disabled",
          "subscribedContentTypes": [
            "audio"
          ]
        }
      }
    },
    {
      "RequestUri": "https://Sanitized/calling/callConnections/54006880-2c3c-4cd7-a354-e935d57e280f:terminate?api-version=2025-05-15",
      "RequestMethod": "POST",
      "RequestHeaders": {
        "Accept": "application/json",
        "Accept-Encoding": "gzip,deflate",
        "Authorization": "Sanitized",
        "Connection": "keep-alive",
        "Content-Length": "0",
        "Repeatability-First-Sent": "Sanitized",
        "Repeatability-Request-ID": "Sanitized",
        "User-Agent": "azsdk-js-communication-call-automation/1.4.1 core-rest-pipeline/1.21.1 Node/22.14.0 OS/(x64-Windows_NT-10.0.26100)",
        "x-ms-client-request-id": "Sanitized",
        "x-ms-content-sha256": "Sanitized",
        "x-ms-date": "Mon, 07 Jul 2025 19:36:14 GMT"
      },
      "RequestBody": null,
      "StatusCode": 204,
      "ResponseHeaders": {
        "Connection": "keep-alive",
        "Content-Length": "0",
        "Date": "Mon, 07 Jul 2025 19:36:14 GMT",
        "Repeatability-Result": "accepted",
        "Strict-Transport-Security": "max-age=31536000;includeSubDomains",
        "x-azure-ref": "Sanitized",
        "X-Cache": "CONFIG_NOCACHE",
        "X-Microsoft-Skype-Chain-ID": "6c048b30-b6d6-4779-8ad7-29d39b2d42e4",
        "X-Microsoft-Skype-Client": "azsdk-js-communication-call-automation/1.4.1 core-rest-pipeline/1.21.1 Node/22.14.0 OS/(x64-Windows_NT-10.0.26100)",
        "x-ms-client-request-id": "Sanitized"
      },
      "ResponseBody": null
    }
  ],
  "Variables": {}
}
