{
  "Entries": [
    {
      "RequestUri": "https://REDACTED/Tables",
      "RequestMethod": "POST",
      "RequestHeaders": {
        "Accept": "application/json;odata=minimalmetadata",
        "Authorization": "Sanitized",
        "Content-Length": "33",
        "Content-Type": "application/json;odata=nometadata",
        "DataServiceVersion": "3.0",
        "Date": "Tue, 12 Nov 2024 21:32:01 GMT",
        "Prefer": "return-no-content",
        "User-Agent": "azsdk-java-azure-data-tables/12.5.0-beta.1 (21.0.2; Windows 11; 10.0)",
        "x-ms-client-request-id": "Sanitized",
        "x-ms-version": "2020-12-06"
      },
      "RequestBody": {
        "TableName": "tablename561886a4"
      },
      "StatusCode": 204,
      "ResponseHeaders": {
        "Content-Type": "application/json",
        "Date": "Tue, 12 Nov 2024 21:32:02 GMT",
        "ETag": "W/\"datetime'2024-11-12T21%3A32%3A03.3870855Z'\"",
        "Location": "https://REDACTED",
        "Preference-Applied": "return-no-content"
      },
      "ResponseBody": null
    },
    {
      "RequestUri": "https://REDACTED/tablename561886a4",
      "RequestMethod": "POST",
      "RequestHeaders": {
        "Accept": "application/json;odata=minimalmetadata",
        "Authorization": "Sanitized",
        "Content-Length": "64",
        "Content-Type": "application/json;odata=nometadata",
        "DataServiceVersion": "3.0",
        "Date": "Tue, 12 Nov 2024 21:32:03 GMT",
        "Prefer": "return-no-content",
        "User-Agent": "azsdk-java-azure-data-tables/12.5.0-beta.1 (21.0.2; Windows 11; 10.0)",
        "x-ms-client-request-id": "Sanitized",
        "x-ms-version": "2020-12-06"
      },
      "RequestBody": {
        "RowKey": "rowkey3829392dc",
        "PartitionKey": "partitionkey053023"
      },
      "StatusCode": 204,
      "ResponseHeaders": {
        "Content-Type": "application/json",
        "Date": "Tue, 12 Nov 2024 21:32:02 GMT",
        "ETag": "W/\"datetime'2024-11-12T21%3A32%3A03.7255175Z'\"",
        "Location": "https://REDACTED",
        "Preference-Applied": "return-no-content"
      },
      "ResponseBody": null
    },
    {
      "RequestUri": "https://REDACTED/tablename561886a4(PartitionKey='partitionkey053023',RowKey='rowkey3829392dc')?REDACTED",
      "RequestMethod": "GET",
      "RequestHeaders": {
        "Accept": "application/json;odata=minimalmetadata",
        "Authorization": "Sanitized",
        "Content-Length": "0",
        "DataServiceVersion": "3.0",
        "Date": "Tue, 12 Nov 2024 21:32:03 GMT",
        "User-Agent": "azsdk-java-azure-data-tables/12.5.0-beta.1 (21.0.2; Windows 11; 10.0)",
        "x-ms-client-request-id": "Sanitized",
        "x-ms-version": "2020-12-06"
      },
      "RequestBody": null,
      "StatusCode": 200,
      "ResponseHeaders": {
        "Content-Type": "application/json; odata=minimalmetadata",
        "Date": "Tue, 12 Nov 2024 21:32:02 GMT",
        "ETag": "W/\"datetime'2024-11-12T21%3A32%3A03.7255175Z'\"",
        "Transfer-Encoding": "chunked"
      },
      "ResponseBody": {
        "odata.metadata": "https://REDACTED/tablename561886a4/$metadata#tablename561886a4/@Element",
        "odata.etag": "W/\"datetime'2024-11-12T21%3A32%3A03.7255175Z'\"",
        "RowKey": "rowkey3829392dc",
        "PartitionKey": "partitionkey053023",
        "Timestamp": "2024-11-12T21:32:03.7255175Z"
      }
    }
  ],
  "Variables": {
    "0": "tablename561886a4",
    "1": "partitionkey053023",
    "2": "rowkey3829392dc"
  }
}
