{
  "Entries": [
    {
      "RequestUri": "https://REDACTED/Tables",
      "RequestMethod": "POST",
      "RequestHeaders": {
        "Accept": "application/json;odata=minimalmetadata",
        "Content-Length": "33",
        "Content-Type": "application/json;odata=nometadata",
        "DataServiceVersion": "3.0",
        "Date": "Wed, 29 May 2024 21:37:30 GMT",
        "Prefer": "return-no-content",
        "User-Agent": "azsdk-java-azure-data-tables/12.4.0 (21.0.2; Windows 11; 10.0)",
        "x-ms-client-request-id": "dd8ebc6c-1bf2-4928-8010-96e6bcedc0e3",
        "x-ms-version": "2020-12-06"
      },
      "RequestBody": {
        "TableName": "tablename81687ff3"
      },
      "StatusCode": 401,
      "ResponseHeaders": {
        "Content-Length": "281",
        "Content-Type": "application/json",
        "Date": "Wed, 29 May 2024 21:37:30 GMT",
        "Server": [
          "Windows-Azure-Table/1.0",
          "Microsoft-HTTPAPI/2.0"
        ],
        "WWW-Authenticate": "Bearer authorization_uri=https://login.microsoftonline.com/72f988bf-86f1-41af-91ab-2d7cd011db47/oauth2/authorize resource_id=https://storage.azure.com",
        "x-ms-client-request-id": "dd8ebc6c-1bf2-4928-8010-96e6bcedc0e3",
        "x-ms-error-code": "NoAuthenticationInformation",
        "x-ms-request-id": "64d9c460-4002-0037-6510-b2baac000000",
        "x-ms-version": "2020-12-06"
      },
      "ResponseBody": {
        "odata.error": {
          "code": "NoAuthenticationInformation",
          "message": {
            "lang": "en-US",
            "value": "Server failed to authenticate the request. Please refer to the information in the www-authenticate header.\nRequestId:64d9c460-4002-0037-6510-b2baac000000\nTime:2024-05-29T21:37:30.7826598Z"
          }
        }
      }
    },
    {
      "RequestUri": "https://REDACTED/Tables",
      "RequestMethod": "POST",
      "RequestHeaders": {
        "Accept": "application/json;odata=minimalmetadata",
        "Authorization": "Sanitized",
        "Content-Length": "33",
        "Content-Type": "application/json;odata=nometadata",
        "DataServiceVersion": "3.0",
        "Date": "Wed, 29 May 2024 21:37:30 GMT",
        "Prefer": "return-no-content",
        "User-Agent": "azsdk-java-azure-data-tables/12.4.0 (21.0.2; Windows 11; 10.0)",
        "x-ms-client-request-id": "dd8ebc6c-1bf2-4928-8010-96e6bcedc0e3",
        "x-ms-version": "2020-12-06"
      },
      "RequestBody": {
        "TableName": "tablename81687ff3"
      },
      "StatusCode": 204,
      "ResponseHeaders": {
        "Cache-Control": "no-cache",
        "Content-Length": "0",
        "DataServiceId": "https://REDACTED/Tables('tablename81687ff3')",
        "Date": "Wed, 29 May 2024 21:37:31 GMT",
        "Location": "https://REDACTED/Tables('tablename81687ff3')",
        "Preference-Applied": "return-no-content",
        "Server": [
          "Windows-Azure-Table/1.0",
          "Microsoft-HTTPAPI/2.0"
        ],
        "X-Content-Type-Options": "nosniff",
        "x-ms-client-request-id": "dd8ebc6c-1bf2-4928-8010-96e6bcedc0e3",
        "x-ms-request-id": "64d9c7d4-4002-0037-2110-b2baac000000",
        "x-ms-version": "2020-12-06"
      },
      "ResponseBody": null
    },
    {
      "RequestUri": "https://REDACTED/tablename81687ff3?REDACTED",
      "RequestMethod": "PUT",
      "RequestHeaders": {
        "Accept": "application/xml",
        "Authorization": "Sanitized",
        "Content-Length": "260",
        "Content-Type": "application/xml",
        "Date": "Wed, 29 May 2024 21:37:32 GMT",
        "User-Agent": "azsdk-java-azure-data-tables/12.4.0 (21.0.2; Windows 11; 10.0)",
        "x-ms-client-request-id": "8f7386d0-df48-400c-b816-ca47e17b99ed",
        "x-ms-version": "2020-12-06"
      },
      "RequestBody": "<?xml version='1.0' encoding='UTF-8'?><SignedIdentifiers><SignedIdentifier><Id>testPolicy</Id><AccessPolicy><Start>2021-12-12T00:00:00Z</Start><Expiry>2022-12-12T00:00:00Z</Expiry><Permission>r</Permission></AccessPolicy></SignedIdentifier></SignedIdentifiers>",
      "StatusCode": 404,
      "ResponseHeaders": {
        "Content-Length": "309",
        "Content-Type": "application/xml",
        "Date": "Wed, 29 May 2024 21:37:31 GMT",
        "Server": [
          "Windows-Azure-Table/1.0",
          "Microsoft-HTTPAPI/2.0"
        ],
        "x-ms-client-request-id": "8f7386d0-df48-400c-b816-ca47e17b99ed",
        "x-ms-error-code": "ResourceNotFound",
        "x-ms-request-id": "64d9c832-4002-0037-7c10-b2baac000000",
        "x-ms-version": "2020-12-06"
      },
      "ResponseBody": [
        "<?xml version=\"1.0\" encoding=\"utf-8\"?><m:error xmlns:m=\"http://REDACTED/ado/2007/08/dataservices/metadata\"><m:code>ResourceNotFound</m:code><m:message xml:lang=\"en-US\">The specified resource does not exist.\n",
        "RequestId:64d9c832-4002-0037-7c10-b2baac000000\n",
        "Time:2024-05-29T21:37:32.2263260Z</m:message></m:error>"
      ]
    }
  ],
  "Variables": {
    "0": "tablename81687ff3"
  }
}
