{
  "Entries": [
    {
      "RequestUri": "https://REDACTED/Tables",
      "RequestMethod": "POST",
      "RequestHeaders": {
        "Accept": "application/json;odata=minimalmetadata",
        "Content-Length": "33",
        "Content-Type": "application/json;odata=nometadata",
        "DataServiceVersion": "3.0",
        "Date": "Sat, 22 Jun 2024 18:59:28 GMT",
        "Prefer": "return-no-content",
        "User-Agent": "azsdk-java-azure-data-tables/12.5.0-beta.1 (21.0.2; Windows 11; 10.0)",
        "x-ms-client-request-id": "Sanitized",
        "x-ms-version": "2020-12-06"
      },
      "RequestBody": {
        "TableName": "tablename73313553"
      },
      "StatusCode": 401,
      "ResponseHeaders": {
        "Content-Length": "281",
        "Content-Type": "application/json",
        "Date": "Sat, 22 Jun 2024 18:59:27 GMT",
        "Server": [
          "Windows-Azure-Table/1.0",
          "Microsoft-HTTPAPI/2.0"
        ],
        "WWW-Authenticate": "Bearer authorization_uri=https://login.microsoftonline.com/72f988bf-86f1-41af-91ab-2d7cd011db47/oauth2/authorize resource_id=https://storage.azure.com",
        "x-ms-client-request-id": "Sanitized",
        "x-ms-error-code": "NoAuthenticationInformation",
        "x-ms-request-id": "Sanitized",
        "x-ms-version": "2020-12-06"
      },
      "ResponseBody": {
        "odata.error": {
          "code": "NoAuthenticationInformation",
          "message": {
            "lang": "en-US",
            "value": "Server failed to authenticate the request. Please refer to the information in the www-authenticate header.\nRequestId:9ca667cd-f002-0018-49d6-c46876000000\nTime:2024-06-22T18:59:28.3208512Z"
          }
        }
      }
    },
    {
      "RequestUri": "https://REDACTED/Tables",
      "RequestMethod": "POST",
      "RequestHeaders": {
        "Accept": "application/json;odata=minimalmetadata",
        "Authorization": "Sanitized",
        "Content-Length": "33",
        "Content-Type": "application/json;odata=nometadata",
        "DataServiceVersion": "3.0",
        "Date": "Sat, 22 Jun 2024 18:59:28 GMT",
        "Prefer": "return-no-content",
        "User-Agent": "azsdk-java-azure-data-tables/12.5.0-beta.1 (21.0.2; Windows 11; 10.0)",
        "x-ms-client-request-id": "Sanitized",
        "x-ms-version": "2020-12-06"
      },
      "RequestBody": {
        "TableName": "tablename73313553"
      },
      "StatusCode": 204,
      "ResponseHeaders": {
        "Cache-Control": "no-cache",
        "Content-Length": "0",
        "DataServiceId": "https://REDACTED/Tables('tablename73313553')",
        "Date": "Sat, 22 Jun 2024 18:59:28 GMT",
        "Location": "https://REDACTED",
        "Preference-Applied": "return-no-content",
        "Server": [
          "Windows-Azure-Table/1.0",
          "Microsoft-HTTPAPI/2.0"
        ],
        "X-Content-Type-Options": "nosniff",
        "x-ms-client-request-id": "Sanitized",
        "x-ms-request-id": "Sanitized",
        "x-ms-version": "2020-12-06"
      },
      "ResponseBody": null
    },
    {
      "RequestUri": "https://REDACTED/tablename73313553",
      "RequestMethod": "POST",
      "RequestHeaders": {
        "Accept": "application/json;odata=minimalmetadata",
        "Authorization": "Sanitized",
        "Content-Length": "65",
        "Content-Type": "application/json;odata=nometadata",
        "DataServiceVersion": "3.0",
        "Date": "Sat, 22 Jun 2024 18:59:29 GMT",
        "Prefer": "return-no-content",
        "User-Agent": "azsdk-java-azure-data-tables/12.5.0-beta.1 (21.0.2; Windows 11; 10.0)",
        "x-ms-client-request-id": "Sanitized",
        "x-ms-version": "2020-12-06"
      },
      "RequestBody": {
        "RowKey": "rowkey35176f067",
        "PartitionKey": "partition'key743641"
      },
      "StatusCode": 204,
      "ResponseHeaders": {
        "Cache-Control": "no-cache",
        "Content-Length": "0",
        "DataServiceId": "https://REDACTED/tablename73313553(PartitionKey='partition''key743641',RowKey='rowkey35176f067')",
        "Date": "Sat, 22 Jun 2024 18:59:28 GMT",
        "ETag": "W/\"datetime'2024-06-22T18%3A59%3A29.7714905Z'\"",
        "Location": "https://REDACTED",
        "Preference-Applied": "return-no-content",
        "Server": [
          "Windows-Azure-Table/1.0",
          "Microsoft-HTTPAPI/2.0"
        ],
        "X-Content-Type-Options": "nosniff",
        "x-ms-client-request-id": "Sanitized",
        "x-ms-request-id": "Sanitized",
        "x-ms-version": "2020-12-06"
      },
      "ResponseBody": null
    },
    {
      "RequestUri": "https://REDACTED/tablename73313553(PartitionKey='partition''key743641',RowKey='rowkey35176f067')?REDACTED",
      "RequestMethod": "GET",
      "RequestHeaders": {
        "Accept": "application/json;odata=minimalmetadata",
        "Authorization": "Sanitized",
        "Content-Length": "0",
        "DataServiceVersion": "3.0",
        "Date": "Sat, 22 Jun 2024 18:59:29 GMT",
        "User-Agent": "azsdk-java-azure-data-tables/12.5.0-beta.1 (21.0.2; Windows 11; 10.0)",
        "x-ms-client-request-id": "Sanitized",
        "x-ms-version": "2020-12-06"
      },
      "RequestBody": null,
      "StatusCode": 200,
      "ResponseHeaders": {
        "Cache-Control": "no-cache",
        "Content-Type": "application/json; odata=fullmetadata; streaming=true; charset=utf-8",
        "Date": "Sat, 22 Jun 2024 18:59:29 GMT",
        "ETag": "W/\"datetime'2024-06-22T18%3A59%3A29.7714905Z'\"",
        "Server": [
          "Windows-Azure-Table/1.0",
          "Microsoft-HTTPAPI/2.0"
        ],
        "Transfer-Encoding": "chunked",
        "X-Content-Type-Options": "nosniff",
        "x-ms-client-request-id": "Sanitized",
        "x-ms-request-id": "Sanitized",
        "x-ms-version": "2020-12-06"
      },
      "ResponseBody": {
        "odata.metadata": "https://REDACTED/$metadata#tablename73313553/@Element",
        "odata.type": "tb914c4cd1614894eprim.tablename73313553",
        "odata.id": "https://REDACTED/tablename73313553(PartitionKey='partition''key743641',RowKey='rowkey35176f067')",
        "odata.etag": "W/\"datetime'2024-06-22T18%3A59%3A29.7714905Z'\"",
        "odata.editLink": "tablename73313553(PartitionKey='partition''key743641',RowKey='rowkey35176f067')",
        "PartitionKey": "partition'key743641",
        "RowKey": "rowkey35176f067",
        "Timestamp@odata.type": "Edm.DateTime",
        "Timestamp": "2024-06-22T18:59:29.7714905Z"
      }
    }
  ],
  "Variables": {
    "0": "tablename73313553",
    "1": "partition'key743641",
    "2": "rowkey35176f067"
  }
}
