{
  "Entries": [
    {
      "RequestUri": "https://REDACTED/Tables",
      "RequestMethod": "POST",
      "RequestHeaders": {
        "Accept": "application/json;odata=minimalmetadata",
        "Authorization": "Sanitized",
        "Content-Length": "33",
        "Content-Type": "application/json;odata=nometadata",
        "DataServiceVersion": "3.0",
        "Date": "Mon, 04 Nov 2024 18:17:01 GMT",
        "Prefer": "return-no-content",
        "User-Agent": "azsdk-java-azure-data-tables/12.5.0-beta.1 (21.0.2; Windows 11; 10.0)",
        "x-ms-client-request-id": "Sanitized",
        "x-ms-version": "2020-12-06"
      },
      "RequestBody": {
        "TableName": "tablename88526f4f"
      },
      "StatusCode": 204,
      "ResponseHeaders": {
        "Content-Type": "application/json",
        "Date": "Mon, 04 Nov 2024 18:17:02 GMT",
        "ETag": "W/\"datetime'2024-11-04T18%3A17%3A03.0720519Z'\"",
        "Location": "https://REDACTED",
        "Preference-Applied": "return-no-content"
      },
      "ResponseBody": null
    },
    {
      "RequestUri": "https://REDACTED/tablename88526f4f",
      "RequestMethod": "POST",
      "RequestHeaders": {
        "Accept": "application/json;odata=minimalmetadata",
        "Authorization": "Sanitized",
        "Content-Length": "85",
        "Content-Type": "application/json;odata=nometadata",
        "DataServiceVersion": "3.0",
        "Date": "Mon, 04 Nov 2024 18:17:03 GMT",
        "Prefer": "return-no-content",
        "User-Agent": "azsdk-java-azure-data-tables/12.5.0-beta.1 (21.0.2; Windows 11; 10.0)",
        "x-ms-client-request-id": "Sanitized",
        "x-ms-version": "2020-12-06"
      },
      "RequestBody": {
        "propertyA": "valueA",
        "RowKey": "rowkey931337a53",
        "PartitionKey": "partitionkey61058b"
      },
      "StatusCode": 204,
      "ResponseHeaders": {
        "Content-Type": "application/json",
        "Date": "Mon, 04 Nov 2024 18:17:02 GMT",
        "ETag": "W/\"datetime'2024-11-04T18%3A17%3A03.3825287Z'\"",
        "Location": "https://REDACTED",
        "Preference-Applied": "return-no-content"
      },
      "ResponseBody": null
    },
    {
      "RequestUri": "https://REDACTED/tablename88526f4f(PartitionKey='partitionkey61058b',RowKey='rowkey931337a53')?REDACTED",
      "RequestMethod": "GET",
      "RequestHeaders": {
        "Accept": "application/json;odata=minimalmetadata",
        "Authorization": "Sanitized",
        "Content-Length": "0",
        "DataServiceVersion": "3.0",
        "Date": "Mon, 04 Nov 2024 18:17:03 GMT",
        "User-Agent": "azsdk-java-azure-data-tables/12.5.0-beta.1 (21.0.2; Windows 11; 10.0)",
        "x-ms-client-request-id": "Sanitized",
        "x-ms-version": "2020-12-06"
      },
      "RequestBody": null,
      "StatusCode": 200,
      "ResponseHeaders": {
        "Content-Type": "application/json; odata=minimalmetadata",
        "Date": "Mon, 04 Nov 2024 18:17:03 GMT",
        "ETag": "W/\"datetime'2024-11-04T18%3A17%3A03.3825287Z'\"",
        "Transfer-Encoding": "chunked"
      },
      "ResponseBody": {
        "odata.metadata": "https://REDACTED/tablename88526f4f/$metadata#tablename88526f4f/@Element",
        "odata.etag": "W/\"datetime'2024-11-04T18%3A17%3A03.3825287Z'\"",
        "propertyA": "valueA",
        "RowKey": "rowkey931337a53",
        "PartitionKey": "partitionkey61058b",
        "Timestamp": "2024-11-04T18:17:03.3825287Z"
      }
    },
    {
      "RequestUri": "https://REDACTED/tablename88526f4f(PartitionKey='partitionkey61058b',RowKey='rowkey931337a53')",
      "RequestMethod": "PUT",
      "RequestHeaders": {
        "Accept": "application/json",
        "Authorization": "Sanitized",
        "Content-Length": "232",
        "Content-Type": "application/json",
        "DataServiceVersion": "3.0",
        "Date": "Mon, 04 Nov 2024 18:17:03 GMT",
        "If-Match": "W/\"datetime'2024-11-04T18%3A17%3A03.3825287Z'\"",
        "User-Agent": "azsdk-java-azure-data-tables/12.5.0-beta.1 (21.0.2; Windows 11; 10.0)",
        "x-ms-client-request-id": "Sanitized",
        "x-ms-version": "2020-12-06"
      },
      "RequestBody": {
        "propertyB": "valueB",
        "RowKey": "rowkey931337a53",
        "PartitionKey": "partitionkey61058b",
        "odata.etag": "W/\"datetime'2024-11-04T18%3A17%3A03.3825287Z'\"",
        "Timestamp": "2024-11-04T18:17:03.382528700Z",
        "Timestamp@odata.type": "Edm.DateTime"
      },
      "StatusCode": 204,
      "ResponseHeaders": {
        "Content-Type": "application/json",
        "Date": "Mon, 04 Nov 2024 18:17:03 GMT",
        "ETag": "W/\"datetime'2024-11-04T18%3A17%3A03.5020295Z'\""
      },
      "ResponseBody": null
    },
    {
      "RequestUri": "https://REDACTED/tablename88526f4f(PartitionKey='partitionkey61058b',RowKey='rowkey931337a53')?REDACTED",
      "RequestMethod": "GET",
      "RequestHeaders": {
        "Accept": "application/json;odata=minimalmetadata",
        "Authorization": "Sanitized",
        "Content-Length": "0",
        "DataServiceVersion": "3.0",
        "Date": "Mon, 04 Nov 2024 18:17:03 GMT",
        "User-Agent": "azsdk-java-azure-data-tables/12.5.0-beta.1 (21.0.2; Windows 11; 10.0)",
        "x-ms-client-request-id": "Sanitized",
        "x-ms-version": "2020-12-06"
      },
      "RequestBody": null,
      "StatusCode": 200,
      "ResponseHeaders": {
        "Content-Type": "application/json; odata=minimalmetadata",
        "Date": "Mon, 04 Nov 2024 18:17:03 GMT",
        "ETag": "W/\"datetime'2024-11-04T18%3A17%3A03.5020295Z'\"",
        "Transfer-Encoding": "chunked"
      },
      "ResponseBody": {
        "odata.metadata": "https://REDACTED/tablename88526f4f/$metadata#tablename88526f4f/@Element",
        "odata.etag": "W/\"datetime'2024-11-04T18%3A17%3A03.5020295Z'\"",
        "PartitionKey": "partitionkey61058b",
        "RowKey": "rowkey931337a53",
        "propertyB": "valueB",
        "Timestamp": "2024-11-04T18:17:03.5020295Z"
      }
    }
  ],
  "Variables": {
    "0": "tablename88526f4f",
    "1": "partitionkey61058b",
    "2": "rowkey931337a53"
  }
}
