{
  "Entries": [
    {
      "RequestUri": "https://REDACTED/Tables",
      "RequestMethod": "POST",
      "RequestHeaders": {
        "Accept": "application/json;odata=minimalmetadata",
        "Authorization": "Sanitized",
        "Content-Length": "33",
        "Content-Type": "application/json;odata=nometadata",
        "DataServiceVersion": "3.0",
        "Date": "Mon, 04 Nov 2024 18:17:36 GMT",
        "Prefer": "return-no-content",
        "User-Agent": "azsdk-java-azure-data-tables/12.5.0-beta.1 (21.0.2; Windows 11; 10.0)",
        "x-ms-client-request-id": "Sanitized",
        "x-ms-version": "2020-12-06"
      },
      "RequestBody": {
        "TableName": "tablename06370096"
      },
      "StatusCode": 204,
      "ResponseHeaders": {
        "Content-Type": "application/json",
        "Date": "Mon, 04 Nov 2024 18:17:38 GMT",
        "ETag": "W/\"datetime'2024-11-04T18%3A17%3A38.6476551Z'\"",
        "Location": "https://REDACTED",
        "Preference-Applied": "return-no-content"
      },
      "ResponseBody": null
    },
    {
      "RequestUri": "https://REDACTED/Tables('tablename06370096')",
      "RequestMethod": "DELETE",
      "RequestHeaders": {
        "Accept": "application/json",
        "Authorization": "Sanitized",
        "Content-Length": "0",
        "Date": "Mon, 04 Nov 2024 18:17:38 GMT",
        "User-Agent": "azsdk-java-azure-data-tables/12.5.0-beta.1 (21.0.2; Windows 11; 10.0)",
        "x-ms-client-request-id": "Sanitized",
        "x-ms-version": "2020-12-06"
      },
      "RequestBody": null,
      "StatusCode": 204,
      "ResponseHeaders": {
        "Content-Type": "application/json",
        "Date": "Mon, 04 Nov 2024 18:17:38 GMT"
      },
      "ResponseBody": null
    },
    {
      "RequestUri": "https://REDACTED/Tables('tablename06370096')",
      "RequestMethod": "DELETE",
      "RequestHeaders": {
        "Accept": "application/json",
        "Authorization": "Sanitized",
        "Content-Length": "0",
        "Date": "Mon, 04 Nov 2024 18:17:39 GMT",
        "User-Agent": "azsdk-java-azure-data-tables/12.5.0-beta.1 (21.0.2; Windows 11; 10.0)",
        "x-ms-client-request-id": "Sanitized",
        "x-ms-version": "2020-12-06"
      },
      "RequestBody": null,
      "StatusCode": 404,
      "ResponseHeaders": {
        "Content-Type": "application/json; odata=fullmetadata",
        "Date": "Mon, 04 Nov 2024 18:17:38 GMT",
        "Transfer-Encoding": "chunked"
      },
      "ResponseBody": {
        "odata.error": {
          "code": "ResourceNotFound",
          "message": {
            "lang": "en-us",
            "value": "The specified resource does not exist.\nRequestID:f4e5e33f-8d1b-45b6-87a1-c1859e39a6b6\n"
          }
        }
      }
    }
  ],
  "Variables": {
    "0": "tablename06370096"
  }
}
