{
  "Entries": [
    {
      "RequestUri": "https://REDACTED/Tables",
      "RequestMethod": "POST",
      "RequestHeaders": {
        "Accept": "application/json;odata=minimalmetadata",
        "Authorization": "Sanitized",
        "Content-Length": "33",
        "Content-Type": "application/json;odata=nometadata",
        "DataServiceVersion": "3.0",
        "Date": "Tue, 12 Nov 2024 23:10:12 GMT",
        "Prefer": "return-no-content",
        "User-Agent": "azsdk-java-azure-data-tables/12.5.0-beta.1 (21.0.2; Windows 11; 10.0)",
        "x-ms-client-request-id": "Sanitized",
        "x-ms-version": "2020-12-06"
      },
      "RequestBody": {
        "TableName": "tablename498918d9"
      },
      "StatusCode": 204,
      "ResponseHeaders": {
        "Cache-Control": "no-cache",
        "Content-Length": "0",
        "DataServiceId": "https://REDACTED/Tables('tablename498918d9')",
        "Date": "Tue, 12 Nov 2024 23:10:13 GMT",
        "Location": "https://REDACTED",
        "Preference-Applied": "return-no-content",
        "Server": [
          "Windows-Azure-Table/1.0",
          "Microsoft-HTTPAPI/2.0"
        ],
        "X-Content-Type-Options": "nosniff",
        "x-ms-client-request-id": "Sanitized",
        "x-ms-request-id": "Sanitized",
        "x-ms-version": "2020-12-06"
      },
      "ResponseBody": null
    },
    {
      "RequestUri": "https://REDACTED/tablename498918d9",
      "RequestMethod": "POST",
      "RequestHeaders": {
        "Accept": "application/json;odata=minimalmetadata",
        "Authorization": "Sanitized",
        "Content-Length": "64",
        "Content-Type": "application/json;odata=nometadata",
        "DataServiceVersion": "3.0",
        "Date": "Tue, 12 Nov 2024 23:10:14 GMT",
        "Prefer": "return-no-content",
        "User-Agent": "azsdk-java-azure-data-tables/12.5.0-beta.1 (21.0.2; Windows 11; 10.0)",
        "x-ms-client-request-id": "Sanitized",
        "x-ms-version": "2020-12-06"
      },
      "RequestBody": {
        "RowKey": "rowkey7583216a6",
        "PartitionKey": "partitionkey81191a"
      },
      "StatusCode": 204,
      "ResponseHeaders": {
        "Cache-Control": "no-cache",
        "Content-Length": "0",
        "DataServiceId": "https://REDACTED/tablename498918d9(PartitionKey='partitionkey81191a',RowKey='rowkey7583216a6')",
        "Date": "Tue, 12 Nov 2024 23:10:14 GMT",
        "ETag": "W/\"datetime'2024-11-12T23%3A10%3A14.2810443Z'\"",
        "Location": "https://REDACTED",
        "Preference-Applied": "return-no-content",
        "Server": [
          "Windows-Azure-Table/1.0",
          "Microsoft-HTTPAPI/2.0"
        ],
        "X-Content-Type-Options": "nosniff",
        "x-ms-client-request-id": "Sanitized",
        "x-ms-request-id": "Sanitized",
        "x-ms-version": "2020-12-06"
      },
      "ResponseBody": null
    },
    {
      "RequestUri": "https://REDACTED/tablename498918d9",
      "RequestMethod": "POST",
      "RequestHeaders": {
        "Accept": "application/json;odata=minimalmetadata",
        "Authorization": "Sanitized",
        "Content-Length": "64",
        "Content-Type": "application/json;odata=nometadata",
        "DataServiceVersion": "3.0",
        "Date": "Tue, 12 Nov 2024 23:10:14 GMT",
        "Prefer": "return-no-content",
        "User-Agent": "azsdk-java-azure-data-tables/12.5.0-beta.1 (21.0.2; Windows 11; 10.0)",
        "x-ms-client-request-id": "Sanitized",
        "x-ms-version": "2020-12-06"
      },
      "RequestBody": {
        "RowKey": "rowkey000595ea1",
        "PartitionKey": "partitionkey81191a"
      },
      "StatusCode": 204,
      "ResponseHeaders": {
        "Cache-Control": "no-cache",
        "Content-Length": "0",
        "DataServiceId": "https://REDACTED/tablename498918d9(PartitionKey='partitionkey81191a',RowKey='rowkey000595ea1')",
        "Date": "Tue, 12 Nov 2024 23:10:14 GMT",
        "ETag": "W/\"datetime'2024-11-12T23%3A10%3A14.321865Z'\"",
        "Location": "https://REDACTED",
        "Preference-Applied": "return-no-content",
        "Server": [
          "Windows-Azure-Table/1.0",
          "Microsoft-HTTPAPI/2.0"
        ],
        "X-Content-Type-Options": "nosniff",
        "x-ms-client-request-id": "Sanitized",
        "x-ms-request-id": "Sanitized",
        "x-ms-version": "2020-12-06"
      },
      "ResponseBody": null
    },
    {
      "RequestUri": "https://REDACTED/tablename498918d9()?REDACTED",
      "RequestMethod": "GET",
      "RequestHeaders": {
        "Accept": "application/json;odata=minimalmetadata",
        "Authorization": "Sanitized",
        "Content-Length": "0",
        "DataServiceVersion": "3.0",
        "Date": "Tue, 12 Nov 2024 23:10:14 GMT",
        "User-Agent": "azsdk-java-azure-data-tables/12.5.0-beta.1 (21.0.2; Windows 11; 10.0)",
        "x-ms-client-request-id": "Sanitized",
        "x-ms-version": "2020-12-06"
      },
      "RequestBody": null,
      "StatusCode": 200,
      "ResponseHeaders": {
        "Cache-Control": "no-cache",
        "Content-Type": "application/json; odata=fullmetadata; streaming=true; charset=utf-8",
        "Date": "Tue, 12 Nov 2024 23:10:14 GMT",
        "Server": [
          "Windows-Azure-Table/1.0",
          "Microsoft-HTTPAPI/2.0"
        ],
        "Transfer-Encoding": "chunked",
        "X-Content-Type-Options": "nosniff",
        "x-ms-client-request-id": "Sanitized",
        "x-ms-request-id": "Sanitized",
        "x-ms-version": "2020-12-06"
      },
      "ResponseBody": {
        "odata.metadata": "https://REDACTED/$metadata#tablename498918d9",
        "value": [
          {
            "odata.type": "t439a1b12bab2c0c8prim.tablename498918d9",
            "odata.id": "https://REDACTED/tablename498918d9(PartitionKey='partitionkey81191a',RowKey='rowkey000595ea1')",
            "odata.etag": "W/\"datetime'2024-11-12T23%3A10%3A14.321865Z'\"",
            "odata.editLink": "tablename498918d9(PartitionKey='partitionkey81191a',RowKey='rowkey000595ea1')",
            "PartitionKey": "partitionkey81191a",
            "RowKey": "rowkey000595ea1",
            "Timestamp@odata.type": "Edm.DateTime",
            "Timestamp": "2024-11-12T23:10:14.321865Z"
          },
          {
            "odata.type": "t439a1b12bab2c0c8prim.tablename498918d9",
            "odata.id": "https://REDACTED/tablename498918d9(PartitionKey='partitionkey81191a',RowKey='rowkey7583216a6')",
            "odata.etag": "W/\"datetime'2024-11-12T23%3A10%3A14.2810443Z'\"",
            "odata.editLink": "tablename498918d9(PartitionKey='partitionkey81191a',RowKey='rowkey7583216a6')",
            "PartitionKey": "partitionkey81191a",
            "RowKey": "rowkey7583216a6",
            "Timestamp@odata.type": "Edm.DateTime",
            "Timestamp": "2024-11-12T23:10:14.2810443Z"
          }
        ]
      }
    },
    {
      "RequestUri": "https://REDACTED/Tables('tablename498918d9')",
      "RequestMethod": "DELETE",
      "RequestHeaders": {
        "Accept": "application/json",
        "Authorization": "Sanitized",
        "Content-Length": "0",
        "Date": "Tue, 12 Nov 2024 23:10:14 GMT",
        "User-Agent": "azsdk-java-azure-data-tables/12.5.0-beta.1 (21.0.2; Windows 11; 10.0)",
        "x-ms-client-request-id": "Sanitized",
        "x-ms-version": "2020-12-06"
      },
      "RequestBody": null,
      "StatusCode": 204,
      "ResponseHeaders": {
        "Cache-Control": "no-cache",
        "Content-Length": "0",
        "Date": "Tue, 12 Nov 2024 23:10:14 GMT",
        "Server": [
          "Windows-Azure-Table/1.0",
          "Microsoft-HTTPAPI/2.0"
        ],
        "X-Content-Type-Options": "nosniff",
        "x-ms-client-request-id": "Sanitized",
        "x-ms-request-id": "Sanitized",
        "x-ms-version": "2020-12-06"
      },
      "ResponseBody": null
    }
  ],
  "Variables": {
    "0": "tablename498918d9",
    "1": "partitionkey81191a",
    "2": "rowkey7583216a6",
    "3": "rowkey000595ea1"
  }
}
