{
  "Entries": [
    {
      "RequestUri": "https://REDACTED/Tables",
      "RequestMethod": "POST",
      "RequestHeaders": {
        "Accept": "application/json;odata=minimalmetadata",
        "Content-Length": "33",
        "Content-Type": "application/json;odata=nometadata",
        "DataServiceVersion": "3.0",
        "Date": "Sat, 22 Jun 2024 18:58:58 GMT",
        "Prefer": "return-no-content",
        "User-Agent": "azsdk-java-azure-data-tables/12.5.0-beta.1 (21.0.2; Windows 11; 10.0)",
        "x-ms-client-request-id": "Sanitized",
        "x-ms-version": "2020-12-06"
      },
      "RequestBody": {
        "TableName": "tablename259916ab"
      },
      "StatusCode": 401,
      "ResponseHeaders": {
        "Content-Length": "281",
        "Content-Type": "application/json",
        "Date": "Sat, 22 Jun 2024 18:58:57 GMT",
        "Server": [
          "Windows-Azure-Table/1.0",
          "Microsoft-HTTPAPI/2.0"
        ],
        "WWW-Authenticate": "Bearer authorization_uri=https://login.microsoftonline.com/72f988bf-86f1-41af-91ab-2d7cd011db47/oauth2/authorize resource_id=https://storage.azure.com",
        "x-ms-client-request-id": "Sanitized",
        "x-ms-error-code": "NoAuthenticationInformation",
        "x-ms-request-id": "Sanitized",
        "x-ms-version": "2020-12-06"
      },
      "ResponseBody": {
        "odata.error": {
          "code": "NoAuthenticationInformation",
          "message": {
            "lang": "en-US",
            "value": "Server failed to authenticate the request. Please refer to the information in the www-authenticate header.\nRequestId:9ca644fc-f002-0018-73d6-c46876000000\nTime:2024-06-22T18:58:58.5234954Z"
          }
        }
      }
    },
    {
      "RequestUri": "https://REDACTED/Tables",
      "RequestMethod": "POST",
      "RequestHeaders": {
        "Accept": "application/json;odata=minimalmetadata",
        "Authorization": "Sanitized",
        "Content-Length": "33",
        "Content-Type": "application/json;odata=nometadata",
        "DataServiceVersion": "3.0",
        "Date": "Sat, 22 Jun 2024 18:58:58 GMT",
        "Prefer": "return-no-content",
        "User-Agent": "azsdk-java-azure-data-tables/12.5.0-beta.1 (21.0.2; Windows 11; 10.0)",
        "x-ms-client-request-id": "Sanitized",
        "x-ms-version": "2020-12-06"
      },
      "RequestBody": {
        "TableName": "tablename259916ab"
      },
      "StatusCode": 204,
      "ResponseHeaders": {
        "Cache-Control": "no-cache",
        "Content-Length": "0",
        "DataServiceId": "https://REDACTED/Tables('tablename259916ab')",
        "Date": "Sat, 22 Jun 2024 18:58:59 GMT",
        "Location": "https://REDACTED",
        "Preference-Applied": "return-no-content",
        "Server": [
          "Windows-Azure-Table/1.0",
          "Microsoft-HTTPAPI/2.0"
        ],
        "X-Content-Type-Options": "nosniff",
        "x-ms-client-request-id": "Sanitized",
        "x-ms-request-id": "Sanitized",
        "x-ms-version": "2020-12-06"
      },
      "ResponseBody": null
    },
    {
      "RequestUri": "https://REDACTED/tablename259916ab",
      "RequestMethod": "POST",
      "RequestHeaders": {
        "Accept": "application/json;odata=minimalmetadata",
        "Authorization": "Sanitized",
        "Content-Length": "106",
        "Content-Type": "application/json;odata=nometadata",
        "DataServiceVersion": "3.0",
        "Date": "Sat, 22 Jun 2024 18:58:59 GMT",
        "Prefer": "return-no-content",
        "User-Agent": "azsdk-java-azure-data-tables/12.5.0-beta.1 (21.0.2; Windows 11; 10.0)",
        "x-ms-client-request-id": "Sanitized",
        "x-ms-version": "2020-12-06"
      },
      "RequestBody": {
        "propertyD": "valueD",
        "propertyC": "valueC",
        "RowKey": "rowkey81725e30c",
        "PartitionKey": "partitionkey866582"
      },
      "StatusCode": 204,
      "ResponseHeaders": {
        "Cache-Control": "no-cache",
        "Content-Length": "0",
        "DataServiceId": "https://REDACTED/tablename259916ab(PartitionKey='partitionkey866582',RowKey='rowkey81725e30c')",
        "Date": "Sat, 22 Jun 2024 18:58:59 GMT",
        "ETag": "W/\"datetime'2024-06-22T18%3A58%3A59.9910607Z'\"",
        "Location": "https://REDACTED",
        "Preference-Applied": "return-no-content",
        "Server": [
          "Windows-Azure-Table/1.0",
          "Microsoft-HTTPAPI/2.0"
        ],
        "X-Content-Type-Options": "nosniff",
        "x-ms-client-request-id": "Sanitized",
        "x-ms-request-id": "Sanitized",
        "x-ms-version": "2020-12-06"
      },
      "ResponseBody": null
    },
    {
      "RequestUri": "https://REDACTED/tablename259916ab()?REDACTED",
      "RequestMethod": "GET",
      "RequestHeaders": {
        "Accept": "application/json;odata=minimalmetadata",
        "Authorization": "Sanitized",
        "Content-Length": "0",
        "DataServiceVersion": "3.0",
        "Date": "Sat, 22 Jun 2024 18:59:00 GMT",
        "User-Agent": "azsdk-java-azure-data-tables/12.5.0-beta.1 (21.0.2; Windows 11; 10.0)",
        "x-ms-client-request-id": "Sanitized",
        "x-ms-version": "2020-12-06"
      },
      "RequestBody": null,
      "StatusCode": 200,
      "ResponseHeaders": {
        "Cache-Control": "no-cache",
        "Content-Type": "application/json; odata=fullmetadata; streaming=true; charset=utf-8",
        "Date": "Sat, 22 Jun 2024 18:58:59 GMT",
        "Server": [
          "Windows-Azure-Table/1.0",
          "Microsoft-HTTPAPI/2.0"
        ],
        "Transfer-Encoding": "chunked",
        "X-Content-Type-Options": "nosniff",
        "x-ms-client-request-id": "Sanitized",
        "x-ms-request-id": "Sanitized",
        "x-ms-version": "2020-12-06"
      },
      "ResponseBody": {
        "odata.metadata": "https://REDACTED/$metadata#tablename259916ab&$select=propertyC",
        "value": [
          {
            "odata.type": "tb914c4cd1614894eprim.tablename259916ab",
            "odata.id": "https://REDACTED/tablename259916ab(PartitionKey='partitionkey866582',RowKey='rowkey81725e30c')",
            "odata.etag": "W/\"datetime'2024-06-22T18%3A58%3A59.9910607Z'\"",
            "odata.editLink": "tablename259916ab(PartitionKey='partitionkey866582',RowKey='rowkey81725e30c')",
            "propertyC": "valueC"
          }
        ]
      }
    }
  ],
  "Variables": {
    "0": "tablename259916ab",
    "1": "partitionkey866582",
    "2": "rowkey81725e30c"
  }
}
