{
  "Entries": [
    {
      "RequestUri": "https://REDACTED/Tables",
      "RequestMethod": "POST",
      "RequestHeaders": {
        "Accept": "application/json;odata=minimalmetadata",
        "Authorization": "Sanitized",
        "Content-Length": "33",
        "Content-Type": "application/json;odata=nometadata",
        "DataServiceVersion": "3.0",
        "Date": "Tue, 13 Feb 2024 00:31:57 GMT",
        "Prefer": "return-no-content",
        "User-Agent": "azsdk-java-azure-data-tables/12.4.0-beta.1 (21.0.1; Windows 11; 10.0)",
        "x-ms-client-request-id": "f8cd7a7d-78a5-467e-9fa4-fd8770ab7637",
        "x-ms-version": "2020-12-06"
      },
      "RequestBody": {
        "TableName": "tablename063789a3"
      },
      "StatusCode": 204,
      "ResponseHeaders": {
        "Cache-Control": "no-cache",
        "Content-Length": "0",
        "DataServiceId": "https://REDACTED/Tables(\u0027tablename063789a3\u0027)",
        "Date": "Tue, 13 Feb 2024 00:31:57 GMT",
        "Location": "https://REDACTED/Tables(\u0027tablename063789a3\u0027)",
        "Preference-Applied": "return-no-content",
        "Server": [
          "Windows-Azure-Table/1.0",
          "Microsoft-HTTPAPI/2.0"
        ],
        "X-Content-Type-Options": "nosniff",
        "x-ms-client-request-id": "f8cd7a7d-78a5-467e-9fa4-fd8770ab7637",
        "x-ms-request-id": "ecb443a0-d002-002b-1714-5ead37000000",
        "x-ms-version": "2020-12-06"
      },
      "ResponseBody": null
    },
    {
      "RequestUri": "https://REDACTED/tablename063789a3",
      "RequestMethod": "POST",
      "RequestHeaders": {
        "Accept": "application/json;odata=minimalmetadata",
        "Authorization": "Sanitized",
        "Content-Length": "85",
        "Content-Type": "application/json;odata=nometadata",
        "DataServiceVersion": "3.0",
        "Date": "Tue, 13 Feb 2024 00:31:58 GMT",
        "Prefer": "return-no-content",
        "User-Agent": "azsdk-java-azure-data-tables/12.4.0-beta.1 (21.0.1; Windows 11; 10.0)",
        "x-ms-client-request-id": "be4a1561-38b7-431e-818d-a0db285c5a91",
        "x-ms-version": "2020-12-06"
      },
      "RequestBody": {
        "propertyA": "valueA",
        "RowKey": "rowkey063856af1",
        "PartitionKey": "partitionkey94778e"
      },
      "StatusCode": 204,
      "ResponseHeaders": {
        "Cache-Control": "no-cache",
        "Content-Length": "0",
        "DataServiceId": "https://REDACTED/tablename063789a3(PartitionKey=\u0027partitionkey94778e\u0027,RowKey=\u0027rowkey063856af1\u0027)",
        "Date": "Tue, 13 Feb 2024 00:31:58 GMT",
        "ETag": "W/\u0022datetime\u00272024-02-13T00%3A31%3A58.2376627Z\u0027\u0022",
        "Location": "https://REDACTED/tablename063789a3(PartitionKey=\u0027partitionkey94778e\u0027,RowKey=\u0027rowkey063856af1\u0027)",
        "Preference-Applied": "return-no-content",
        "Server": [
          "Windows-Azure-Table/1.0",
          "Microsoft-HTTPAPI/2.0"
        ],
        "X-Content-Type-Options": "nosniff",
        "x-ms-client-request-id": "be4a1561-38b7-431e-818d-a0db285c5a91",
        "x-ms-request-id": "e1c792c4-4002-0074-5c14-5e190b000000",
        "x-ms-version": "2020-12-06"
      },
      "ResponseBody": null
    },
    {
      "RequestUri": "https://REDACTED/tablename063789a3(PartitionKey=\u0027partitionkey94778e\u0027,RowKey=\u0027rowkey063856af1\u0027)?REDACTED",
      "RequestMethod": "GET",
      "RequestHeaders": {
        "Accept": "application/json;odata=minimalmetadata",
        "Authorization": "Sanitized",
        "Content-Length": "0",
        "DataServiceVersion": "3.0",
        "Date": "Tue, 13 Feb 2024 00:31:58 GMT",
        "User-Agent": "azsdk-java-azure-data-tables/12.4.0-beta.1 (21.0.1; Windows 11; 10.0)",
        "x-ms-client-request-id": "cfb2a1f6-04c1-4324-8c97-44be06b5da3b",
        "x-ms-version": "2020-12-06"
      },
      "RequestBody": null,
      "StatusCode": 200,
      "ResponseHeaders": {
        "Access-Control-Allow-Origin": "*",
        "Access-Control-Expose-Headers": "x-ms-client-request-id",
        "Cache-Control": "no-cache",
        "Content-Type": "application/json; odata=fullmetadata; streaming=true; charset=utf-8",
        "Date": "Tue, 13 Feb 2024 00:31:57 GMT",
        "ETag": "W/\u0022datetime\u00272024-02-13T00%3A31%3A58.2376627Z\u0027\u0022",
        "Server": [
          "Windows-Azure-Table/1.0",
          "Microsoft-HTTPAPI/2.0"
        ],
        "Transfer-Encoding": "chunked",
        "X-Content-Type-Options": "nosniff",
        "x-ms-client-request-id": "cfb2a1f6-04c1-4324-8c97-44be06b5da3b",
        "x-ms-request-id": "a25f2fe7-f002-005e-3f14-5ec61b000000",
        "x-ms-version": "2020-12-06"
      },
      "ResponseBody": {
        "odata.metadata": "https://REDACTED/$metadata#tablename063789a3/@Element",
        "odata.type": "t892beac1a690feffprim.tablename063789a3",
        "odata.id": "https://REDACTED/tablename063789a3(PartitionKey=\u0027partitionkey94778e\u0027,RowKey=\u0027rowkey063856af1\u0027)",
        "odata.etag": "W/\u0022datetime\u00272024-02-13T00%3A31%3A58.2376627Z\u0027\u0022",
        "odata.editLink": "tablename063789a3(PartitionKey=\u0027partitionkey94778e\u0027,RowKey=\u0027rowkey063856af1\u0027)",
        "PartitionKey": "partitionkey94778e",
        "RowKey": "rowkey063856af1",
        "Timestamp@odata.type": "Edm.DateTime",
        "Timestamp": "2024-02-13T00:31:58.2376627Z",
        "propertyA": "valueA"
      }
    },
    {
      "RequestUri": "https://REDACTED/tablename063789a3(PartitionKey=\u0027partitionkey94778e\u0027,RowKey=\u0027rowkey063856af1\u0027)",
      "RequestMethod": "PUT",
      "RequestHeaders": {
        "Accept": "application/json",
        "Authorization": "Sanitized",
        "Content-Length": "492",
        "Content-Type": "application/json",
        "DataServiceVersion": "3.0",
        "Date": "Tue, 13 Feb 2024 00:31:58 GMT",
        "If-Match": "W/\u0022datetime\u00272024-02-13T00%3A31%3A58.2376627Z\u0027\u0022",
        "User-Agent": "azsdk-java-azure-data-tables/12.4.0-beta.1 (21.0.1; Windows 11; 10.0)",
        "x-ms-client-request-id": "6491909a-f6fa-4a6c-8ea6-a19dfca9f4b5",
        "x-ms-version": "2020-12-06"
      },
      "RequestBody": {
        "propertyB": "valueB",
        "odata.type": "t892beac1a690feffprim.tablename063789a3",
        "RowKey": "rowkey063856af1",
        "odata.id": "https://REDACTED/tablename063789a3(PartitionKey=\u0027partitionkey94778e\u0027,RowKey=\u0027rowkey063856af1\u0027)",
        "PartitionKey": "partitionkey94778e",
        "odata.editLink": "tablename063789a3(PartitionKey=\u0027partitionkey94778e\u0027,RowKey=\u0027rowkey063856af1\u0027)",
        "odata.etag": "W/\u0022datetime\u00272024-02-13T00%3A31%3A58.2376627Z\u0027\u0022",
        "Timestamp": "2024-02-13T00:31:58.237662700Z",
        "Timestamp@odata.type": "Edm.DateTime"
      },
      "StatusCode": 204,
      "ResponseHeaders": {
        "Cache-Control": "no-cache",
        "Content-Length": "0",
        "Date": "Tue, 13 Feb 2024 00:31:57 GMT",
        "ETag": "W/\u0022datetime\u00272024-02-13T00%3A31%3A58.6026917Z\u0027\u0022",
        "Server": [
          "Windows-Azure-Table/1.0",
          "Microsoft-HTTPAPI/2.0"
        ],
        "X-Content-Type-Options": "nosniff",
        "x-ms-client-request-id": "6491909a-f6fa-4a6c-8ea6-a19dfca9f4b5",
        "x-ms-request-id": "a25f306f-f002-005e-3b14-5ec61b000000",
        "x-ms-version": "2020-12-06"
      },
      "ResponseBody": null
    },
    {
      "RequestUri": "https://REDACTED/tablename063789a3(PartitionKey=\u0027partitionkey94778e\u0027,RowKey=\u0027rowkey063856af1\u0027)?REDACTED",
      "RequestMethod": "GET",
      "RequestHeaders": {
        "Accept": "application/json;odata=minimalmetadata",
        "Authorization": "Sanitized",
        "Content-Length": "0",
        "DataServiceVersion": "3.0",
        "Date": "Tue, 13 Feb 2024 00:31:58 GMT",
        "User-Agent": "azsdk-java-azure-data-tables/12.4.0-beta.1 (21.0.1; Windows 11; 10.0)",
        "x-ms-client-request-id": "66521f03-532b-482b-acc7-96b14b12e9aa",
        "x-ms-version": "2020-12-06"
      },
      "RequestBody": null,
      "StatusCode": 200,
      "ResponseHeaders": {
        "Access-Control-Allow-Origin": "*",
        "Access-Control-Expose-Headers": "x-ms-client-request-id",
        "Cache-Control": "no-cache",
        "Content-Type": "application/json; odata=fullmetadata; streaming=true; charset=utf-8",
        "Date": "Tue, 13 Feb 2024 00:31:57 GMT",
        "ETag": "W/\u0022datetime\u00272024-02-13T00%3A31%3A58.6026917Z\u0027\u0022",
        "Server": [
          "Windows-Azure-Table/1.0",
          "Microsoft-HTTPAPI/2.0"
        ],
        "Transfer-Encoding": "chunked",
        "X-Content-Type-Options": "nosniff",
        "x-ms-client-request-id": "66521f03-532b-482b-acc7-96b14b12e9aa",
        "x-ms-request-id": "1cc3af7c-2002-003f-1214-5ee558000000",
        "x-ms-version": "2020-12-06"
      },
      "ResponseBody": {
        "odata.metadata": "https://REDACTED/$metadata#tablename063789a3/@Element",
        "odata.type": "t892beac1a690feffprim.tablename063789a3",
        "odata.id": "https://REDACTED/tablename063789a3(PartitionKey=\u0027partitionkey94778e\u0027,RowKey=\u0027rowkey063856af1\u0027)",
        "odata.etag": "W/\u0022datetime\u00272024-02-13T00%3A31%3A58.6026917Z\u0027\u0022",
        "odata.editLink": "tablename063789a3(PartitionKey=\u0027partitionkey94778e\u0027,RowKey=\u0027rowkey063856af1\u0027)",
        "PartitionKey": "partitionkey94778e",
        "RowKey": "rowkey063856af1",
        "Timestamp@odata.type": "Edm.DateTime",
        "Timestamp": "2024-02-13T00:31:58.6026917Z",
        "propertyB": "valueB"
      }
    },
    {
      "RequestUri": "https://REDACTED/Tables(\u0027tablename063789a3\u0027)",
      "RequestMethod": "DELETE",
      "RequestHeaders": {
        "Accept": "application/json",
        "Authorization": "Sanitized",
        "Content-Length": "0",
        "Date": "Tue, 13 Feb 2024 00:31:58 GMT",
        "User-Agent": "azsdk-java-azure-data-tables/12.4.0-beta.1 (21.0.1; Windows 11; 10.0)",
        "x-ms-client-request-id": "f2ad50be-9852-4c92-a181-601341e22a28",
        "x-ms-version": "2020-12-06"
      },
      "RequestBody": null,
      "StatusCode": 204,
      "ResponseHeaders": {
        "Cache-Control": "no-cache",
        "Content-Length": "0",
        "Date": "Tue, 13 Feb 2024 00:31:58 GMT",
        "Server": [
          "Windows-Azure-Table/1.0",
          "Microsoft-HTTPAPI/2.0"
        ],
        "X-Content-Type-Options": "nosniff",
        "x-ms-client-request-id": "f2ad50be-9852-4c92-a181-601341e22a28",
        "x-ms-request-id": "36b3c844-c002-0037-6e14-5eff57000000",
        "x-ms-version": "2020-12-06"
      },
      "ResponseBody": null
    }
  ],
  "Variables": {
    "0": "tablename063789a3",
    "1": "partitionkey94778e",
    "2": "rowkey063856af1"
  }
}
