{
  "Entries": [
    {
      "RequestUri": "https://management.azure.com/subscriptions/da1d7b9a-a759-41c8-bb73-093a1818e03a?api-version=2022-12-01",
      "RequestMethod": "GET",
      "RequestHeaders": {
        "Accept": "application/json",
        "Authorization": "Sanitized",
        "traceparent": "00-dc5cbc5c7e4cb94b8a3b7fbdcab00a75-0d157a17a8e14f4d-00",
        "User-Agent": "azsdk-net-ResourceManager/1.9.0 (.NET 7.0.14; Microsoft Windows 10.0.22621)",
        "x-ms-client-request-id": "d77550652c6153c1244800a4172bd278",
        "x-ms-return-client-request-id": "true"
      },
      "RequestBody": null,
      "StatusCode": 200,
      "ResponseHeaders": {
        "Cache-Control": "no-cache",
        "Content-Length": "501",
        "Content-Type": "application/json; charset=utf-8",
        "Date": "Tue, 21 Nov 2023 09:12:54 GMT",
        "Expires": "-1",
        "Pragma": "no-cache",
        "Strict-Transport-Security": "max-age=31536000; includeSubDomains",
        "X-Cache": "CONFIG_NOCACHE",
        "X-Content-Type-Options": "nosniff",
        "x-ms-correlation-request-id": "5dd68c37-f4f9-4e66-a77e-04fb1b9883f4",
        "x-ms-ratelimit-remaining-subscription-reads": "11990",
        "x-ms-request-id": "5dd68c37-f4f9-4e66-a77e-04fb1b9883f4",
        "x-ms-routing-request-id": "JAPANEAST:20231121T091254Z:5dd68c37-f4f9-4e66-a77e-04fb1b9883f4",
        "X-MSEdge-Ref": "Ref A: ED263E62C71843DD842DCEB3B516A77B Ref B: TYO201100115029 Ref C: 2023-11-21T09:12:54Z"
      },
      "ResponseBody": {
        "id": "/subscriptions/da1d7b9a-a759-41c8-bb73-093a1818e03a",
        "authorizationSource": "RoleBased",
        "managedByTenants": [
          {
            "tenantId": "2f4a9838-26b7-47ee-be60-ccc1fdec5953"
          }
        ],
        "tags": {
          "NRMS10318670": "20220720"
        },
        "subscriptionId": "da1d7b9a-a759-41c8-bb73-093a1818e03a",
        "tenantId": "72f988bf-86f1-41af-91ab-2d7cd011db47",
        "displayName": "ADMS_Test_Engineering_RichTransform",
        "state": "Enabled",
        "subscriptionPolicies": {
          "locationPlacementId": "Internal_2014-09-01",
          "quotaId": "Internal_2014-09-01",
          "spendingLimit": "Off"
        }
      }
    },
    {
      "RequestUri": "https://management.azure.com/subscriptions/da1d7b9a-a759-41c8-bb73-093a1818e03a/resourcegroups/adf-rg-binary-7768?api-version=2022-09-01",
      "RequestMethod": "PUT",
      "RequestHeaders": {
        "Accept": "application/json",
        "Authorization": "Sanitized",
        "Content-Length": "22",
        "Content-Type": "application/json",
        "traceparent": "00-be90991e4e42b65e75000418bd83934d-923bc804bd0a4089-00",
        "User-Agent": "azsdk-net-ResourceManager/1.9.0 (.NET 7.0.14; Microsoft Windows 10.0.22621)",
        "x-ms-client-request-id": "e9c8cc8f9438b3aab57bf1b8f96fe2a6",
        "x-ms-return-client-request-id": "true"
      },
      "RequestBody": {
        "location": "westus2"
      },
      "StatusCode": 201,
      "ResponseHeaders": {
        "Cache-Control": "no-cache",
        "Content-Length": "234",
        "Content-Type": "application/json; charset=utf-8",
        "Date": "Tue, 21 Nov 2023 09:12:55 GMT",
        "Expires": "-1",
        "Pragma": "no-cache",
        "Strict-Transport-Security": "max-age=31536000; includeSubDomains",
        "X-Cache": "CONFIG_NOCACHE",
        "X-Content-Type-Options": "nosniff",
        "x-ms-correlation-request-id": "622d9176-036a-4e18-8cf6-dfdac99acba1",
        "x-ms-ratelimit-remaining-subscription-writes": "1186",
        "x-ms-request-id": "622d9176-036a-4e18-8cf6-dfdac99acba1",
        "x-ms-routing-request-id": "JAPANWEST:20231121T091256Z:622d9176-036a-4e18-8cf6-dfdac99acba1",
        "X-MSEdge-Ref": "Ref A: EFDB72C8AA364854AAB57382BA6F9C6C Ref B: TYO201100115029 Ref C: 2023-11-21T09:12:54Z"
      },
      "ResponseBody": {
        "id": "/subscriptions/da1d7b9a-a759-41c8-bb73-093a1818e03a/resourceGroups/adf-rg-binary-7768",
        "name": "adf-rg-binary-7768",
        "type": "Microsoft.Resources/resourceGroups",
        "location": "westus2",
        "properties": {
          "provisioningState": "Succeeded"
        }
      }
    },
    {
      "RequestUri": "https://management.azure.com/subscriptions/da1d7b9a-a759-41c8-bb73-093a1818e03a/resourceGroups/adf-rg-binary-7768/providers/Microsoft.DataFactory/factories/adf-binary-5719?api-version=2018-06-01",
      "RequestMethod": "PUT",
      "RequestHeaders": {
        "Accept": "application/json",
        "Authorization": "Sanitized",
        "Content-Length": "48",
        "Content-Type": "application/json",
        "traceparent": "00-cc34f78231ead811f68f4608b1a66b8e-1150dde74d64664e-00",
        "User-Agent": "azsdk-net-ResourceManager.DataFactory/1.0.0-alpha.20231121.1 (.NET 7.0.14; Microsoft Windows 10.0.22621)",
        "x-ms-client-request-id": "84c8ec3332d1e16c4411979e95901e95",
        "x-ms-return-client-request-id": "true"
      },
      "RequestBody": {
        "tags": {},
        "location": "westus2",
        "properties": {}
      },
      "StatusCode": 200,
      "ResponseHeaders": {
        "Cache-Control": "no-cache",
        "Content-Length": "463",
        "Content-Type": "application/json; charset=utf-8",
        "Date": "Tue, 21 Nov 2023 09:12:58 GMT",
        "Expires": "-1",
        "Pragma": "no-cache",
        "Strict-Transport-Security": "max-age=31536000; includeSubDomains",
        "X-Cache": "CONFIG_NOCACHE",
        "X-Content-Type-Options": "nosniff",
        "x-ms-correlation-request-id": "8be22953-23f9-4ebb-a31d-16c7fedc77be",
        "x-ms-ratelimit-remaining-subscription-writes": "1184",
        "x-ms-request-id": "8be22953-23f9-4ebb-a31d-16c7fedc77be",
        "x-ms-routing-request-id": "JAPANWEST:20231121T091258Z:8be22953-23f9-4ebb-a31d-16c7fedc77be",
        "X-MSEdge-Ref": "Ref A: 7B0B4CB0944941A6907C10C614D96CA8 Ref B: TYO201100115029 Ref C: 2023-11-21T09:12:56Z"
      },
      "ResponseBody": {
        "name": "adf-binary-5719",
        "id": "/subscriptions/da1d7b9a-a759-41c8-bb73-093a1818e03a/resourceGroups/adf-rg-binary-7768/providers/Microsoft.DataFactory/factories/adf-binary-5719",
        "type": "Microsoft.DataFactory/factories",
        "properties": {
          "provisioningState": "Succeeded",
          "createTime": "2023-11-21T09:12:58.6452951Z",
          "version": "2018-06-01"
        },
        "eTag": "\u00224404aa0d-0000-0800-0000-655c749a0000\u0022",
        "location": "westus2",
        "tags": {}
      }
    },
    {
      "RequestUri": "https://management.azure.com/subscriptions/da1d7b9a-a759-41c8-bb73-093a1818e03a/resourceGroups/adf-rg-binary-7768/providers/Microsoft.DataFactory/factories/adf-binary-5719/linkedservices/adf_linkedservice_binary_1621?api-version=2018-06-01",
      "RequestMethod": "PUT",
      "RequestHeaders": {
        "Accept": "application/json",
        "Authorization": "Sanitized",
        "Content-Length": "133",
        "Content-Type": "application/json",
        "traceparent": "00-3bb98afd38a5f421d5c879098d4e1c08-2d8b833ec0834ab9-00",
        "User-Agent": "azsdk-net-ResourceManager.DataFactory/1.0.0-alpha.20231121.1 (.NET 7.0.14; Microsoft Windows 10.0.22621)",
        "x-ms-client-request-id": "51f0e052a6d122c1e63b0859b5665957",
        "x-ms-return-client-request-id": "true"
      },
      "RequestBody": {
        "properties": {
          "type": "AzureDataLakeStore",
          "typeProperties": {
            "dataLakeStoreUri": "https://test.azuredatalakestore.net/testindex/v1"
          }
        }
      },
      "StatusCode": 200,
      "ResponseHeaders": {
        "Cache-Control": "no-cache",
        "Content-Length": "519",
        "Content-Type": "application/json; charset=utf-8",
        "Date": "Tue, 21 Nov 2023 09:12:59 GMT",
        "Expires": "-1",
        "Pragma": "no-cache",
        "Strict-Transport-Security": "max-age=31536000; includeSubDomains",
        "X-Cache": "CONFIG_NOCACHE",
        "X-Content-Type-Options": "nosniff",
        "x-ms-correlation-request-id": "c79402d4-9d8d-42ec-ba9b-71af63ea852d",
        "x-ms-ratelimit-remaining-subscription-writes": "1174",
        "x-ms-request-id": "c79402d4-9d8d-42ec-ba9b-71af63ea852d",
        "x-ms-routing-request-id": "JAPANWEST:20231121T091300Z:c79402d4-9d8d-42ec-ba9b-71af63ea852d",
        "X-MSEdge-Ref": "Ref A: E6340154042742239AC3A58294D26663 Ref B: TYO201100115029 Ref C: 2023-11-21T09:12:59Z"
      },
      "ResponseBody": {
        "id": "/subscriptions/da1d7b9a-a759-41c8-bb73-093a1818e03a/resourceGroups/adf-rg-binary-7768/providers/Microsoft.DataFactory/factories/adf-binary-5719/linkedservices/adf_linkedservice_binary_1621",
        "name": "adf_linkedservice_binary_1621",
        "type": "Microsoft.DataFactory/factories/linkedservices",
        "properties": {
          "type": "AzureDataLakeStore",
          "typeProperties": {
            "dataLakeStoreUri": "https://test.azuredatalakestore.net/testindex/v1"
          }
        },
        "etag": "05003119-0000-0800-0000-655c749b0000"
      }
    },
    {
      "RequestUri": "https://management.azure.com/subscriptions/da1d7b9a-a759-41c8-bb73-093a1818e03a/resourceGroups/adf-rg-binary-7768/providers/Microsoft.DataFactory/factories/adf-binary-5719/datasets/adf-dataset-binary-7347?api-version=2018-06-01",
      "RequestMethod": "PUT",
      "RequestHeaders": {
        "Accept": "application/json",
        "Authorization": "Sanitized",
        "Content-Length": "154",
        "Content-Type": "application/json",
        "traceparent": "00-b3648d39ee7d275044ef93aa246b903c-d37e532dd782393f-00",
        "User-Agent": "azsdk-net-ResourceManager.DataFactory/1.0.0-alpha.20231121.1 (.NET 7.0.14; Microsoft Windows 10.0.22621)",
        "x-ms-client-request-id": "f3093ee39abd075cf38313151fead322",
        "x-ms-return-client-request-id": "true"
      },
      "RequestBody": {
        "properties": {
          "type": "Binary",
          "linkedServiceName": {
            "type": "LinkedServiceReference",
            "referenceName": "adf_linkedservice_binary_1621"
          },
          "typeProperties": {}
        }
      },
      "StatusCode": 200,
      "ResponseHeaders": {
        "Cache-Control": "no-cache",
        "Content-Length": "530",
        "Content-Type": "application/json; charset=utf-8",
        "Date": "Tue, 21 Nov 2023 09:13:00 GMT",
        "Expires": "-1",
        "Pragma": "no-cache",
        "Strict-Transport-Security": "max-age=31536000; includeSubDomains",
        "X-Cache": "CONFIG_NOCACHE",
        "X-Content-Type-Options": "nosniff",
        "x-ms-correlation-request-id": "d54fcea2-60f7-4d38-86e5-aa5743069881",
        "x-ms-ratelimit-remaining-subscription-writes": "1185",
        "x-ms-request-id": "d54fcea2-60f7-4d38-86e5-aa5743069881",
        "x-ms-routing-request-id": "JAPANWEST:20231121T091300Z:d54fcea2-60f7-4d38-86e5-aa5743069881",
        "X-MSEdge-Ref": "Ref A: 4084129C9BC7483CBD1B3C9C1AB25D25 Ref B: TYO201100115029 Ref C: 2023-11-21T09:13:00Z"
      },
      "ResponseBody": {
        "id": "/subscriptions/da1d7b9a-a759-41c8-bb73-093a1818e03a/resourceGroups/adf-rg-binary-7768/providers/Microsoft.DataFactory/factories/adf-binary-5719/datasets/adf-dataset-binary-7347",
        "name": "adf-dataset-binary-7347",
        "type": "Microsoft.DataFactory/factories/datasets",
        "properties": {
          "type": "Binary",
          "linkedServiceName": {
            "type": "LinkedServiceReference",
            "referenceName": "adf_linkedservice_binary_1621"
          },
          "typeProperties": {}
        },
        "etag": "05003319-0000-0800-0000-655c749c0000"
      }
    },
    {
      "RequestUri": "https://management.azure.com/subscriptions/da1d7b9a-a759-41c8-bb73-093a1818e03a/resourceGroups/adf-rg-binary-7768/providers/Microsoft.DataFactory/factories/adf-binary-5719/linkedservices/adf_linkedservice_binary_6542?api-version=2018-06-01",
      "RequestMethod": "PUT",
      "RequestHeaders": {
        "Accept": "application/json",
        "Authorization": "Sanitized",
        "Content-Length": "133",
        "Content-Type": "application/json",
        "traceparent": "00-39393df2fd1d222ef6419bfa22ae4d29-c6a199fb6a4d8b7a-00",
        "User-Agent": "azsdk-net-ResourceManager.DataFactory/1.0.0-alpha.20231121.1 (.NET 7.0.14; Microsoft Windows 10.0.22621)",
        "x-ms-client-request-id": "e25cc68f221bafc34b30d8eb5b30453e",
        "x-ms-return-client-request-id": "true"
      },
      "RequestBody": {
        "properties": {
          "type": "AzureDataLakeStore",
          "typeProperties": {
            "dataLakeStoreUri": "https://test.azuredatalakestore.net/testindex/v1"
          }
        }
      },
      "StatusCode": 200,
      "ResponseHeaders": {
        "Cache-Control": "no-cache",
        "Content-Length": "519",
        "Content-Type": "application/json; charset=utf-8",
        "Date": "Tue, 21 Nov 2023 09:13:02 GMT",
        "Expires": "-1",
        "Pragma": "no-cache",
        "Strict-Transport-Security": "max-age=31536000; includeSubDomains",
        "X-Cache": "CONFIG_NOCACHE",
        "X-Content-Type-Options": "nosniff",
        "x-ms-correlation-request-id": "b5627d7e-b2db-4c57-ae3a-ccc950246744",
        "x-ms-ratelimit-remaining-subscription-writes": "1184",
        "x-ms-request-id": "b5627d7e-b2db-4c57-ae3a-ccc950246744",
        "x-ms-routing-request-id": "JAPANWEST:20231121T091302Z:b5627d7e-b2db-4c57-ae3a-ccc950246744",
        "X-MSEdge-Ref": "Ref A: 63039BEDAC114C0F92EE636515E405B6 Ref B: TYO201100115029 Ref C: 2023-11-21T09:13:02Z"
      },
      "ResponseBody": {
        "id": "/subscriptions/da1d7b9a-a759-41c8-bb73-093a1818e03a/resourceGroups/adf-rg-binary-7768/providers/Microsoft.DataFactory/factories/adf-binary-5719/linkedservices/adf_linkedservice_binary_6542",
        "name": "adf_linkedservice_binary_6542",
        "type": "Microsoft.DataFactory/factories/linkedservices",
        "properties": {
          "type": "AzureDataLakeStore",
          "typeProperties": {
            "dataLakeStoreUri": "https://test.azuredatalakestore.net/testindex/v1"
          }
        },
        "etag": "05003519-0000-0800-0000-655c749e0000"
      }
    },
    {
      "RequestUri": "https://management.azure.com/subscriptions/da1d7b9a-a759-41c8-bb73-093a1818e03a/resourceGroups/adf-rg-binary-7768/providers/Microsoft.DataFactory/factories/adf-binary-5719/datasets/adf-dataset-binary-9008?api-version=2018-06-01",
      "RequestMethod": "PUT",
      "RequestHeaders": {
        "Accept": "application/json",
        "Authorization": "Sanitized",
        "Content-Length": "154",
        "Content-Type": "application/json",
        "traceparent": "00-4a28dbc88dd863ac657270dcdf70ffb3-abf323cc120fbcc3-00",
        "User-Agent": "azsdk-net-ResourceManager.DataFactory/1.0.0-alpha.20231121.1 (.NET 7.0.14; Microsoft Windows 10.0.22621)",
        "x-ms-client-request-id": "258cdfadb80de9845e4d92ac02fc68e6",
        "x-ms-return-client-request-id": "true"
      },
      "RequestBody": {
        "properties": {
          "type": "Binary",
          "linkedServiceName": {
            "type": "LinkedServiceReference",
            "referenceName": "adf_linkedservice_binary_6542"
          },
          "typeProperties": {}
        }
      },
      "StatusCode": 200,
      "ResponseHeaders": {
        "Cache-Control": "no-cache",
        "Content-Length": "530",
        "Content-Type": "application/json; charset=utf-8",
        "Date": "Tue, 21 Nov 2023 09:13:04 GMT",
        "Expires": "-1",
        "Pragma": "no-cache",
        "Strict-Transport-Security": "max-age=31536000; includeSubDomains",
        "X-Cache": "CONFIG_NOCACHE",
        "X-Content-Type-Options": "nosniff",
        "x-ms-correlation-request-id": "38eb21ee-ce9f-4bdc-a4da-f84fa295fb39",
        "x-ms-ratelimit-remaining-subscription-writes": "1179",
        "x-ms-request-id": "38eb21ee-ce9f-4bdc-a4da-f84fa295fb39",
        "x-ms-routing-request-id": "JAPANWEST:20231121T091304Z:38eb21ee-ce9f-4bdc-a4da-f84fa295fb39",
        "X-MSEdge-Ref": "Ref A: 641E9E706F2E4256A7B0A882EC1A4C87 Ref B: TYO201100115029 Ref C: 2023-11-21T09:13:03Z"
      },
      "ResponseBody": {
        "id": "/subscriptions/da1d7b9a-a759-41c8-bb73-093a1818e03a/resourceGroups/adf-rg-binary-7768/providers/Microsoft.DataFactory/factories/adf-binary-5719/datasets/adf-dataset-binary-9008",
        "name": "adf-dataset-binary-9008",
        "type": "Microsoft.DataFactory/factories/datasets",
        "properties": {
          "type": "Binary",
          "linkedServiceName": {
            "type": "LinkedServiceReference",
            "referenceName": "adf_linkedservice_binary_6542"
          },
          "typeProperties": {}
        },
        "etag": "05003719-0000-0800-0000-655c74a00000"
      }
    },
    {
      "RequestUri": "https://management.azure.com/subscriptions/da1d7b9a-a759-41c8-bb73-093a1818e03a/resourceGroups/adf-rg-binary-7768/providers/Microsoft.DataFactory/factories/adf-binary-5719/linkedservices/adf_linkedservice_1922?api-version=2018-06-01",
      "RequestMethod": "PUT",
      "RequestHeaders": {
        "Accept": "application/json",
        "Authorization": "Sanitized",
        "Content-Length": "92",
        "Content-Type": "application/json",
        "traceparent": "00-5d10c1fa8cb868cfa2f848a70e6719ff-4917816582882bba-00",
        "User-Agent": "azsdk-net-ResourceManager.DataFactory/1.0.0-alpha.20231121.1 (.NET 7.0.14; Microsoft Windows 10.0.22621)",
        "x-ms-client-request-id": "2201fa9230e64e0e2b2e0827e2d0e13c",
        "x-ms-return-client-request-id": "true"
      },
      "RequestBody": {
        "properties": {
          "type": "AzureBlobStorage",
          "typeProperties": {
            "connectionString": "Sanitized"
          }
        }
      },
      "StatusCode": 200,
      "ResponseHeaders": {
        "Cache-Control": "no-cache",
        "Content-Length": "712",
        "Content-Type": "application/json; charset=utf-8",
        "Date": "Tue, 21 Nov 2023 09:13:05 GMT",
        "Expires": "-1",
        "Pragma": "no-cache",
        "Strict-Transport-Security": "max-age=31536000; includeSubDomains",
        "X-Cache": "CONFIG_NOCACHE",
        "X-Content-Type-Options": "nosniff",
        "x-ms-correlation-request-id": "82398fb2-c493-461d-8b33-6d7c7649e425",
        "x-ms-ratelimit-remaining-subscription-writes": "1184",
        "x-ms-request-id": "82398fb2-c493-461d-8b33-6d7c7649e425",
        "x-ms-routing-request-id": "JAPANWEST:20231121T091306Z:82398fb2-c493-461d-8b33-6d7c7649e425",
        "X-MSEdge-Ref": "Ref A: 2C037BE80FDE49CC93E4115727E138B4 Ref B: TYO201100115029 Ref C: 2023-11-21T09:13:05Z"
      },
      "ResponseBody": {
        "id": "/subscriptions/da1d7b9a-a759-41c8-bb73-093a1818e03a/resourceGroups/adf-rg-binary-7768/providers/Microsoft.DataFactory/factories/adf-binary-5719/linkedservices/adf_linkedservice_1922",
        "name": "adf_linkedservice_1922",
        "type": "Microsoft.DataFactory/factories/linkedservices",
        "properties": {
          "type": "AzureBlobStorage",
          "typeProperties": {
            "connectionString": "Sanitized",
            "encryptedCredential": "ew0KICAiVmVyc2lvbiI6ICIyMDE3LTExLTMwIiwNCiAgIlByb3RlY3Rpb25Nb2RlIjogIktleSIsDQogICJTZWNyZXRDb250ZW50VHlwZSI6ICJQbGFpbnRleHQiLA0KICAiQ3JlZGVudGlhbElkIjogIkRBVEFGQUNUT1JZQEM5Qjk1Mzk4LTNBRUItNDgzRS04N0Y3LURCODg0NzY5N0NDMV80NWU5NDcwNi1kNTk5LTQyZTctOGQxZC01OTg4YjI3NTZmMjQiDQp9"
          }
        },
        "etag": "05003919-0000-0800-0000-655c74a10000"
      }
    },
    {
      "RequestUri": "https://management.azure.com/subscriptions/da1d7b9a-a759-41c8-bb73-093a1818e03a/resourceGroups/adf-rg-binary-7768/providers/Microsoft.DataFactory/factories/adf-binary-5719/datasets/adf-dataset-2951?api-version=2018-06-01",
      "RequestMethod": "PUT",
      "RequestHeaders": {
        "Accept": "application/json",
        "Authorization": "Sanitized",
        "Content-Length": "147",
        "Content-Type": "application/json",
        "traceparent": "00-10f301b52062bbb3bcabe4babeeb0d83-0185f8c427491689-00",
        "User-Agent": "azsdk-net-ResourceManager.DataFactory/1.0.0-alpha.20231121.1 (.NET 7.0.14; Microsoft Windows 10.0.22621)",
        "x-ms-client-request-id": "95ba95f341d78373cd8f17ac4fc8f272",
        "x-ms-return-client-request-id": "true"
      },
      "RequestBody": {
        "properties": {
          "type": "Binary",
          "linkedServiceName": {
            "type": "LinkedServiceReference",
            "referenceName": "adf_linkedservice_1922"
          },
          "typeProperties": {}
        }
      },
      "StatusCode": 200,
      "ResponseHeaders": {
        "Cache-Control": "no-cache",
        "Content-Length": "509",
        "Content-Type": "application/json; charset=utf-8",
        "Date": "Tue, 21 Nov 2023 09:13:06 GMT",
        "Expires": "-1",
        "Pragma": "no-cache",
        "Strict-Transport-Security": "max-age=31536000; includeSubDomains",
        "X-Cache": "CONFIG_NOCACHE",
        "X-Content-Type-Options": "nosniff",
        "x-ms-correlation-request-id": "ed01d9b9-059d-45a7-9408-6729ede1f907",
        "x-ms-ratelimit-remaining-subscription-writes": "1183",
        "x-ms-request-id": "ed01d9b9-059d-45a7-9408-6729ede1f907",
        "x-ms-routing-request-id": "JAPANWEST:20231121T091306Z:ed01d9b9-059d-45a7-9408-6729ede1f907",
        "X-MSEdge-Ref": "Ref A: F8C32110B7F542FFA5C866975A055AF9 Ref B: TYO201100115029 Ref C: 2023-11-21T09:13:06Z"
      },
      "ResponseBody": {
        "id": "/subscriptions/da1d7b9a-a759-41c8-bb73-093a1818e03a/resourceGroups/adf-rg-binary-7768/providers/Microsoft.DataFactory/factories/adf-binary-5719/datasets/adf-dataset-2951",
        "name": "adf-dataset-2951",
        "type": "Microsoft.DataFactory/factories/datasets",
        "properties": {
          "type": "Binary",
          "linkedServiceName": {
            "type": "LinkedServiceReference",
            "referenceName": "adf_linkedservice_1922"
          },
          "typeProperties": {}
        },
        "etag": "05003b19-0000-0800-0000-655c74a20000"
      }
    },
    {
      "RequestUri": "https://management.azure.com/subscriptions/da1d7b9a-a759-41c8-bb73-093a1818e03a/resourceGroups/adf-rg-binary-7768/providers/Microsoft.DataFactory/factories/adf-binary-5719/linkedservices/adf_linkedservice_7850?api-version=2018-06-01",
      "RequestMethod": "PUT",
      "RequestHeaders": {
        "Accept": "application/json",
        "Authorization": "Sanitized",
        "Content-Length": "92",
        "Content-Type": "application/json",
        "traceparent": "00-5e066353b740ffe2b643a69edf15e053-855491b7ba5e8314-00",
        "User-Agent": "azsdk-net-ResourceManager.DataFactory/1.0.0-alpha.20231121.1 (.NET 7.0.14; Microsoft Windows 10.0.22621)",
        "x-ms-client-request-id": "bcab44b2f5a56aff58ba5626b0db21bf",
        "x-ms-return-client-request-id": "true"
      },
      "RequestBody": {
        "properties": {
          "type": "AzureBlobStorage",
          "typeProperties": {
            "connectionString": "Sanitized"
          }
        }
      },
      "StatusCode": 200,
      "ResponseHeaders": {
        "Cache-Control": "no-cache",
        "Content-Length": "712",
        "Content-Type": "application/json; charset=utf-8",
        "Date": "Tue, 21 Nov 2023 09:13:06 GMT",
        "Expires": "-1",
        "Pragma": "no-cache",
        "Strict-Transport-Security": "max-age=31536000; includeSubDomains",
        "X-Cache": "CONFIG_NOCACHE",
        "X-Content-Type-Options": "nosniff",
        "x-ms-correlation-request-id": "b5b54d2f-0abd-4ebe-a4e2-63587bb498e6",
        "x-ms-ratelimit-remaining-subscription-writes": "1183",
        "x-ms-request-id": "b5b54d2f-0abd-4ebe-a4e2-63587bb498e6",
        "x-ms-routing-request-id": "JAPANWEST:20231121T091307Z:b5b54d2f-0abd-4ebe-a4e2-63587bb498e6",
        "X-MSEdge-Ref": "Ref A: 7A300C5760964649B94E0D8BBCA3089A Ref B: TYO201100115029 Ref C: 2023-11-21T09:13:06Z"
      },
      "ResponseBody": {
        "id": "/subscriptions/da1d7b9a-a759-41c8-bb73-093a1818e03a/resourceGroups/adf-rg-binary-7768/providers/Microsoft.DataFactory/factories/adf-binary-5719/linkedservices/adf_linkedservice_7850",
        "name": "adf_linkedservice_7850",
        "type": "Microsoft.DataFactory/factories/linkedservices",
        "properties": {
          "type": "AzureBlobStorage",
          "typeProperties": {
            "connectionString": "Sanitized",
            "encryptedCredential": "ew0KICAiVmVyc2lvbiI6ICIyMDE3LTExLTMwIiwNCiAgIlByb3RlY3Rpb25Nb2RlIjogIktleSIsDQogICJTZWNyZXRDb250ZW50VHlwZSI6ICJQbGFpbnRleHQiLA0KICAiQ3JlZGVudGlhbElkIjogIkRBVEFGQUNUT1JZQEM5Qjk1Mzk4LTNBRUItNDgzRS04N0Y3LURCODg0NzY5N0NDMV9jNTUyMmQzYi1iYTY3LTQzZGEtODZhMC0wYjFkNGI5MjMwYWYiDQp9"
          }
        },
        "etag": "05003d19-0000-0800-0000-655c74a20000"
      }
    },
    {
      "RequestUri": "https://management.azure.com/subscriptions/da1d7b9a-a759-41c8-bb73-093a1818e03a/resourceGroups/adf-rg-binary-7768/providers/Microsoft.DataFactory/factories/adf-binary-5719/datasets/adf-dataset-6316?api-version=2018-06-01",
      "RequestMethod": "PUT",
      "RequestHeaders": {
        "Accept": "application/json",
        "Authorization": "Sanitized",
        "Content-Length": "147",
        "Content-Type": "application/json",
        "traceparent": "00-b11960a419d4dff68b209eeaab77fa20-9a1cd1c53c324aea-00",
        "User-Agent": "azsdk-net-ResourceManager.DataFactory/1.0.0-alpha.20231121.1 (.NET 7.0.14; Microsoft Windows 10.0.22621)",
        "x-ms-client-request-id": "7bbe507451ff7d8655571861fe623c95",
        "x-ms-return-client-request-id": "true"
      },
      "RequestBody": {
        "properties": {
          "type": "Binary",
          "linkedServiceName": {
            "type": "LinkedServiceReference",
            "referenceName": "adf_linkedservice_7850"
          },
          "typeProperties": {}
        }
      },
      "StatusCode": 200,
      "ResponseHeaders": {
        "Cache-Control": "no-cache",
        "Content-Length": "509",
        "Content-Type": "application/json; charset=utf-8",
        "Date": "Tue, 21 Nov 2023 09:13:07 GMT",
        "Expires": "-1",
        "Pragma": "no-cache",
        "Strict-Transport-Security": "max-age=31536000; includeSubDomains",
        "X-Cache": "CONFIG_NOCACHE",
        "X-Content-Type-Options": "nosniff",
        "x-ms-correlation-request-id": "2fc2942d-5267-4a07-bb77-0eb9aa5bc170",
        "x-ms-ratelimit-remaining-subscription-writes": "1182",
        "x-ms-request-id": "2fc2942d-5267-4a07-bb77-0eb9aa5bc170",
        "x-ms-routing-request-id": "JAPANWEST:20231121T091307Z:2fc2942d-5267-4a07-bb77-0eb9aa5bc170",
        "X-MSEdge-Ref": "Ref A: C20C67D562E6461EA01681001F1C3D37 Ref B: TYO201100115029 Ref C: 2023-11-21T09:13:07Z"
      },
      "ResponseBody": {
        "id": "/subscriptions/da1d7b9a-a759-41c8-bb73-093a1818e03a/resourceGroups/adf-rg-binary-7768/providers/Microsoft.DataFactory/factories/adf-binary-5719/datasets/adf-dataset-6316",
        "name": "adf-dataset-6316",
        "type": "Microsoft.DataFactory/factories/datasets",
        "properties": {
          "type": "Binary",
          "linkedServiceName": {
            "type": "LinkedServiceReference",
            "referenceName": "adf_linkedservice_7850"
          },
          "typeProperties": {}
        },
        "etag": "05003f19-0000-0800-0000-655c74a30000"
      }
    },
    {
      "RequestUri": "https://management.azure.com/subscriptions/da1d7b9a-a759-41c8-bb73-093a1818e03a/resourceGroups/adf-rg-binary-7768/providers/Microsoft.DataFactory/factories/adf-binary-5719/linkedservices/adf_linkedservice_5795?api-version=2018-06-01",
      "RequestMethod": "PUT",
      "RequestHeaders": {
        "Accept": "application/json",
        "Authorization": "Sanitized",
        "Content-Length": "316",
        "Content-Type": "application/json",
        "traceparent": "00-e638fa8461a8bb75cf3db043bbb07a8a-e39ebc2e9dd6a320-00",
        "User-Agent": "azsdk-net-ResourceManager.DataFactory/1.0.0-alpha.20231121.1 (.NET 7.0.14; Microsoft Windows 10.0.22621)",
        "x-ms-client-request-id": "37919d1ec4f06c96e9b92da7df3b8a90",
        "x-ms-return-client-request-id": "true"
      },
      "RequestBody": {
        "properties": {
          "type": "AzureBlobFS",
          "typeProperties": {
            "url": "https://test.dfs.core.windows.net/",
            "servicePrincipalId": "fakeServicePrincipalId",
            "tenant": "fakeTenant",
            "servicePrincipalCredentialType": "ServicePrincipalKey",
            "servicePrincipalCredential": {
              "value": "fakeServicePrincipalCredential",
              "type": "SecureString"
            }
          }
        }
      },
      "StatusCode": 200,
      "ResponseHeaders": {
        "Cache-Control": "no-cache",
        "Content-Length": "923",
        "Content-Type": "application/json; charset=utf-8",
        "Date": "Tue, 21 Nov 2023 09:13:07 GMT",
        "Expires": "-1",
        "Pragma": "no-cache",
        "Strict-Transport-Security": "max-age=31536000; includeSubDomains",
        "X-Cache": "CONFIG_NOCACHE",
        "X-Content-Type-Options": "nosniff",
        "x-ms-correlation-request-id": "fd985f0a-2dee-45b1-8763-09249cf1cafe",
        "x-ms-ratelimit-remaining-subscription-writes": "1173",
        "x-ms-request-id": "fd985f0a-2dee-45b1-8763-09249cf1cafe",
        "x-ms-routing-request-id": "JAPANWEST:20231121T091307Z:fd985f0a-2dee-45b1-8763-09249cf1cafe",
        "X-MSEdge-Ref": "Ref A: A548868C0B1C43BB98D6ECE291DBF7C7 Ref B: TYO201100115029 Ref C: 2023-11-21T09:13:07Z"
      },
      "ResponseBody": {
        "id": "/subscriptions/da1d7b9a-a759-41c8-bb73-093a1818e03a/resourceGroups/adf-rg-binary-7768/providers/Microsoft.DataFactory/factories/adf-binary-5719/linkedservices/adf_linkedservice_5795",
        "name": "adf_linkedservice_5795",
        "type": "Microsoft.DataFactory/factories/linkedservices",
        "properties": {
          "type": "AzureBlobFS",
          "typeProperties": {
            "url": "https://test.dfs.core.windows.net/",
            "servicePrincipalId": "fakeServicePrincipalId",
            "tenant": "fakeTenant",
            "servicePrincipalCredentialType": "ServicePrincipalKey",
            "encryptedCredential": "ew0KICAiVmVyc2lvbiI6ICIyMDE3LTExLTMwIiwNCiAgIlByb3RlY3Rpb25Nb2RlIjogIktleSIsDQogICJTZWNyZXRDb250ZW50VHlwZSI6ICJQbGFpbnRleHQiLA0KICAiQ3JlZGVudGlhbElkIjogIkRBVEFGQUNUT1JZQEM5Qjk1Mzk4LTNBRUItNDgzRS04N0Y3LURCODg0NzY5N0NDMV8zZDg0ZWI0NS0yOGRkLTRkM2MtYjhlMy0yMjFhNjA1ZTlkNjYiDQp9"
          }
        },
        "etag": "05004119-0000-0800-0000-655c74a30000"
      }
    },
    {
      "RequestUri": "https://management.azure.com/subscriptions/da1d7b9a-a759-41c8-bb73-093a1818e03a/resourceGroups/adf-rg-binary-7768/providers/Microsoft.DataFactory/factories/adf-binary-5719/datasets/adf-dataset-6662?api-version=2018-06-01",
      "RequestMethod": "PUT",
      "RequestHeaders": {
        "Accept": "application/json",
        "Authorization": "Sanitized",
        "Content-Length": "147",
        "Content-Type": "application/json",
        "traceparent": "00-8008e2743ad6f3b9cf5cbb3f77f0747b-40effc2fab416085-00",
        "User-Agent": "azsdk-net-ResourceManager.DataFactory/1.0.0-alpha.20231121.1 (.NET 7.0.14; Microsoft Windows 10.0.22621)",
        "x-ms-client-request-id": "cfb4a254605b2dbd674edd9e6cf67ec0",
        "x-ms-return-client-request-id": "true"
      },
      "RequestBody": {
        "properties": {
          "type": "Binary",
          "linkedServiceName": {
            "type": "LinkedServiceReference",
            "referenceName": "adf_linkedservice_5795"
          },
          "typeProperties": {}
        }
      },
      "StatusCode": 200,
      "ResponseHeaders": {
        "Cache-Control": "no-cache",
        "Content-Length": "509",
        "Content-Type": "application/json; charset=utf-8",
        "Date": "Tue, 21 Nov 2023 09:13:08 GMT",
        "Expires": "-1",
        "Pragma": "no-cache",
        "Strict-Transport-Security": "max-age=31536000; includeSubDomains",
        "X-Cache": "CONFIG_NOCACHE",
        "X-Content-Type-Options": "nosniff",
        "x-ms-correlation-request-id": "dd0abde8-4b34-4c46-9be8-1d9e01a22cba",
        "x-ms-ratelimit-remaining-subscription-writes": "1183",
        "x-ms-request-id": "dd0abde8-4b34-4c46-9be8-1d9e01a22cba",
        "x-ms-routing-request-id": "JAPANWEST:20231121T091308Z:dd0abde8-4b34-4c46-9be8-1d9e01a22cba",
        "X-MSEdge-Ref": "Ref A: 92EAE92A8FA14FA0976B933C7F11171F Ref B: TYO201100115029 Ref C: 2023-11-21T09:13:08Z"
      },
      "ResponseBody": {
        "id": "/subscriptions/da1d7b9a-a759-41c8-bb73-093a1818e03a/resourceGroups/adf-rg-binary-7768/providers/Microsoft.DataFactory/factories/adf-binary-5719/datasets/adf-dataset-6662",
        "name": "adf-dataset-6662",
        "type": "Microsoft.DataFactory/factories/datasets",
        "properties": {
          "type": "Binary",
          "linkedServiceName": {
            "type": "LinkedServiceReference",
            "referenceName": "adf_linkedservice_5795"
          },
          "typeProperties": {}
        },
        "etag": "05004319-0000-0800-0000-655c74a40000"
      }
    },
    {
      "RequestUri": "https://management.azure.com/subscriptions/da1d7b9a-a759-41c8-bb73-093a1818e03a/resourceGroups/adf-rg-binary-7768/providers/Microsoft.DataFactory/factories/adf-binary-5719/linkedservices/adf_linkedservice_8467?api-version=2018-06-01",
      "RequestMethod": "PUT",
      "RequestHeaders": {
        "Accept": "application/json",
        "Authorization": "Sanitized",
        "Content-Length": "90",
        "Content-Type": "application/json",
        "traceparent": "00-ea83bff325b96e40c5f86d5dc1ee8d01-7ce61a680e965620-00",
        "User-Agent": "azsdk-net-ResourceManager.DataFactory/1.0.0-alpha.20231121.1 (.NET 7.0.14; Microsoft Windows 10.0.22621)",
        "x-ms-client-request-id": "3c2d84bcf96092e467cd50ad78ddd66e",
        "x-ms-return-client-request-id": "true"
      },
      "RequestBody": {
        "properties": {
          "type": "FileServer",
          "typeProperties": {
            "host": "\\testmachine\\testfolder"
          }
        }
      },
      "StatusCode": 200,
      "ResponseHeaders": {
        "Cache-Control": "no-cache",
        "Content-Length": "462",
        "Content-Type": "application/json; charset=utf-8",
        "Date": "Tue, 21 Nov 2023 09:13:08 GMT",
        "Expires": "-1",
        "Pragma": "no-cache",
        "Strict-Transport-Security": "max-age=31536000; includeSubDomains",
        "X-Cache": "CONFIG_NOCACHE",
        "X-Content-Type-Options": "nosniff",
        "x-ms-correlation-request-id": "fc382e85-0968-4d01-9c9c-adec436995d7",
        "x-ms-ratelimit-remaining-subscription-writes": "1172",
        "x-ms-request-id": "fc382e85-0968-4d01-9c9c-adec436995d7",
        "x-ms-routing-request-id": "JAPANWEST:20231121T091308Z:fc382e85-0968-4d01-9c9c-adec436995d7",
        "X-MSEdge-Ref": "Ref A: 67A2E79CEAB64CA287876003F278268D Ref B: TYO201100115029 Ref C: 2023-11-21T09:13:08Z"
      },
      "ResponseBody": {
        "id": "/subscriptions/da1d7b9a-a759-41c8-bb73-093a1818e03a/resourceGroups/adf-rg-binary-7768/providers/Microsoft.DataFactory/factories/adf-binary-5719/linkedservices/adf_linkedservice_8467",
        "name": "adf_linkedservice_8467",
        "type": "Microsoft.DataFactory/factories/linkedservices",
        "properties": {
          "type": "FileServer",
          "typeProperties": {
            "host": "\\testmachine\\testfolder"
          }
        },
        "etag": "05004519-0000-0800-0000-655c74a40000"
      }
    },
    {
      "RequestUri": "https://management.azure.com/subscriptions/da1d7b9a-a759-41c8-bb73-093a1818e03a/resourceGroups/adf-rg-binary-7768/providers/Microsoft.DataFactory/factories/adf-binary-5719/datasets/adf-dataset-9783?api-version=2018-06-01",
      "RequestMethod": "PUT",
      "RequestHeaders": {
        "Accept": "application/json",
        "Authorization": "Sanitized",
        "Content-Length": "147",
        "Content-Type": "application/json",
        "traceparent": "00-303f28fcf14a129e034c7d16ba8fcec7-1587de1b40b862be-00",
        "User-Agent": "azsdk-net-ResourceManager.DataFactory/1.0.0-alpha.20231121.1 (.NET 7.0.14; Microsoft Windows 10.0.22621)",
        "x-ms-client-request-id": "0de1990ebd2c64dfd0a1e7f800f23a6d",
        "x-ms-return-client-request-id": "true"
      },
      "RequestBody": {
        "properties": {
          "type": "Binary",
          "linkedServiceName": {
            "type": "LinkedServiceReference",
            "referenceName": "adf_linkedservice_8467"
          },
          "typeProperties": {}
        }
      },
      "StatusCode": 200,
      "ResponseHeaders": {
        "Cache-Control": "no-cache",
        "Content-Length": "509",
        "Content-Type": "application/json; charset=utf-8",
        "Date": "Tue, 21 Nov 2023 09:13:09 GMT",
        "Expires": "-1",
        "Pragma": "no-cache",
        "Strict-Transport-Security": "max-age=31536000; includeSubDomains",
        "X-Cache": "CONFIG_NOCACHE",
        "X-Content-Type-Options": "nosniff",
        "x-ms-correlation-request-id": "64a2d506-6454-42a3-bb5a-07a8dcf06366",
        "x-ms-ratelimit-remaining-subscription-writes": "1181",
        "x-ms-request-id": "64a2d506-6454-42a3-bb5a-07a8dcf06366",
        "x-ms-routing-request-id": "JAPANWEST:20231121T091309Z:64a2d506-6454-42a3-bb5a-07a8dcf06366",
        "X-MSEdge-Ref": "Ref A: 548E421E89E1430A931F37EDA7C53F2B Ref B: TYO201100115029 Ref C: 2023-11-21T09:13:08Z"
      },
      "ResponseBody": {
        "id": "/subscriptions/da1d7b9a-a759-41c8-bb73-093a1818e03a/resourceGroups/adf-rg-binary-7768/providers/Microsoft.DataFactory/factories/adf-binary-5719/datasets/adf-dataset-9783",
        "name": "adf-dataset-9783",
        "type": "Microsoft.DataFactory/factories/datasets",
        "properties": {
          "type": "Binary",
          "linkedServiceName": {
            "type": "LinkedServiceReference",
            "referenceName": "adf_linkedservice_8467"
          },
          "typeProperties": {}
        },
        "etag": "05004719-0000-0800-0000-655c74a50000"
      }
    },
    {
      "RequestUri": "https://management.azure.com/subscriptions/da1d7b9a-a759-41c8-bb73-093a1818e03a/resourceGroups/adf-rg-binary-7768/providers/Microsoft.DataFactory/factories/adf-binary-5719/linkedservices/adf_linkedservice_5725?api-version=2018-06-01",
      "RequestMethod": "PUT",
      "RequestHeaders": {
        "Accept": "application/json",
        "Authorization": "Sanitized",
        "Content-Length": "70",
        "Content-Type": "application/json",
        "traceparent": "00-25c78d465a8766c15085d4ae94952a78-88ccfb8562353888-00",
        "User-Agent": "azsdk-net-ResourceManager.DataFactory/1.0.0-alpha.20231121.1 (.NET 7.0.14; Microsoft Windows 10.0.22621)",
        "x-ms-client-request-id": "1762067ebb42c9eaf9efddb9d6ffc7fe",
        "x-ms-return-client-request-id": "true"
      },
      "RequestBody": {
        "properties": {
          "type": "Sftp",
          "typeProperties": {
            "host": "10.10.10.10"
          }
        }
      },
      "StatusCode": 200,
      "ResponseHeaders": {
        "Cache-Control": "no-cache",
        "Content-Length": "442",
        "Content-Type": "application/json; charset=utf-8",
        "Date": "Tue, 21 Nov 2023 09:13:10 GMT",
        "Expires": "-1",
        "Pragma": "no-cache",
        "Strict-Transport-Security": "max-age=31536000; includeSubDomains",
        "X-Cache": "CONFIG_NOCACHE",
        "X-Content-Type-Options": "nosniff",
        "x-ms-correlation-request-id": "852ee5e7-d05e-462a-b2e1-71177e45deef",
        "x-ms-ratelimit-remaining-subscription-writes": "1185",
        "x-ms-request-id": "852ee5e7-d05e-462a-b2e1-71177e45deef",
        "x-ms-routing-request-id": "JAPANWEST:20231121T091310Z:852ee5e7-d05e-462a-b2e1-71177e45deef",
        "X-MSEdge-Ref": "Ref A: 71AD2CE383A8409BBA7D19481D4E3669 Ref B: TYO201100115029 Ref C: 2023-11-21T09:13:09Z"
      },
      "ResponseBody": {
        "id": "/subscriptions/da1d7b9a-a759-41c8-bb73-093a1818e03a/resourceGroups/adf-rg-binary-7768/providers/Microsoft.DataFactory/factories/adf-binary-5719/linkedservices/adf_linkedservice_5725",
        "name": "adf_linkedservice_5725",
        "type": "Microsoft.DataFactory/factories/linkedservices",
        "properties": {
          "type": "Sftp",
          "typeProperties": {
            "host": "10.10.10.10"
          }
        },
        "etag": "05004919-0000-0800-0000-655c74a60000"
      }
    },
    {
      "RequestUri": "https://management.azure.com/subscriptions/da1d7b9a-a759-41c8-bb73-093a1818e03a/resourceGroups/adf-rg-binary-7768/providers/Microsoft.DataFactory/factories/adf-binary-5719/datasets/adf-dataset-707?api-version=2018-06-01",
      "RequestMethod": "PUT",
      "RequestHeaders": {
        "Accept": "application/json",
        "Authorization": "Sanitized",
        "Content-Length": "147",
        "Content-Type": "application/json",
        "traceparent": "00-a6a06540fa7e4230365879cab1414b0d-a6d783a7f92e8bc5-00",
        "User-Agent": "azsdk-net-ResourceManager.DataFactory/1.0.0-alpha.20231121.1 (.NET 7.0.14; Microsoft Windows 10.0.22621)",
        "x-ms-client-request-id": "3cdfe4e7fffcc9a46cbe11ec917592e2",
        "x-ms-return-client-request-id": "true"
      },
      "RequestBody": {
        "properties": {
          "type": "Binary",
          "linkedServiceName": {
            "type": "LinkedServiceReference",
            "referenceName": "adf_linkedservice_5725"
          },
          "typeProperties": {}
        }
      },
      "StatusCode": 200,
      "ResponseHeaders": {
        "Cache-Control": "no-cache",
        "Content-Length": "507",
        "Content-Type": "application/json; charset=utf-8",
        "Date": "Tue, 21 Nov 2023 09:13:10 GMT",
        "Expires": "-1",
        "Pragma": "no-cache",
        "Strict-Transport-Security": "max-age=31536000; includeSubDomains",
        "X-Cache": "CONFIG_NOCACHE",
        "X-Content-Type-Options": "nosniff",
        "x-ms-correlation-request-id": "25728b59-188e-4251-990f-92b2c83ae25c",
        "x-ms-ratelimit-remaining-subscription-writes": "1184",
        "x-ms-request-id": "25728b59-188e-4251-990f-92b2c83ae25c",
        "x-ms-routing-request-id": "JAPANWEST:20231121T091310Z:25728b59-188e-4251-990f-92b2c83ae25c",
        "X-MSEdge-Ref": "Ref A: 8DB7ECD96A254888B17443969D00F681 Ref B: TYO201100115029 Ref C: 2023-11-21T09:13:10Z"
      },
      "ResponseBody": {
        "id": "/subscriptions/da1d7b9a-a759-41c8-bb73-093a1818e03a/resourceGroups/adf-rg-binary-7768/providers/Microsoft.DataFactory/factories/adf-binary-5719/datasets/adf-dataset-707",
        "name": "adf-dataset-707",
        "type": "Microsoft.DataFactory/factories/datasets",
        "properties": {
          "type": "Binary",
          "linkedServiceName": {
            "type": "LinkedServiceReference",
            "referenceName": "adf_linkedservice_5725"
          },
          "typeProperties": {}
        },
        "etag": "05004b19-0000-0800-0000-655c74a60000"
      }
    },
    {
      "RequestUri": "https://management.azure.com/subscriptions/da1d7b9a-a759-41c8-bb73-093a1818e03a/resourceGroups/adf-rg-binary-7768/providers/Microsoft.DataFactory/factories/adf-binary-5719/pipelines/adf-pipeline-binary-8956?api-version=2018-06-01",
      "RequestMethod": "PUT",
      "RequestHeaders": {
        "Accept": "application/json",
        "Authorization": "Sanitized",
        "Content-Length": "2896",
        "Content-Type": "application/json",
        "traceparent": "00-651dc421b49f225baf86d92d96fdd158-5dd24c5e7286b9b0-00",
        "User-Agent": "azsdk-net-ResourceManager.DataFactory/1.0.0-alpha.20231121.1 (.NET 7.0.14; Microsoft Windows 10.0.22621)",
        "x-ms-client-request-id": "d05ec150f60b26572262c4ef8716cbe7",
        "x-ms-return-client-request-id": "true"
      },
      "RequestBody": {
        "properties": {
          "activities": [
            {
              "inputs": [
                {
                  "type": "DatasetReference",
                  "referenceName": "adf-dataset-binary-7347"
                }
              ],
              "outputs": [
                {
                  "type": "DatasetReference",
                  "referenceName": "adf-dataset-binary-9008"
                }
              ],
              "name": "adf-pipeline-task-7278",
              "type": "Copy",
              "typeProperties": {
                "source": {
                  "storeSettings": {
                    "recursive": true,
                    "fileListPath": "test.txt",
                    "enablePartitionDiscovery": true,
                    "type": "AzureDataLakeStoreReadSettings"
                  },
                  "type": "BinarySource"
                },
                "sink": {
                  "storeSettings": {
                    "expiryDateTime": "2018-12-01T05:00:00Z",
                    "type": "AzureDataLakeStoreWriteSettings",
                    "maxConcurrentConnections": 3,
                    "copyBehavior": "PreserveHierarchy"
                  },
                  "type": "BinarySink"
                }
              }
            },
            {
              "inputs": [
                {
                  "type": "DatasetReference",
                  "referenceName": "adf-dataset-binary-7347"
                }
              ],
              "outputs": [
                {
                  "type": "DatasetReference",
                  "referenceName": "adf-dataset-2951"
                }
              ],
              "name": "adf-pipeline-task-7278",
              "type": "Copy",
              "typeProperties": {
                "source": {
                  "storeSettings": {
                    "recursive": true,
                    "enablePartitionDiscovery": true,
                    "type": "AzureDataLakeStoreReadSettings"
                  },
                  "type": "BinarySource"
                },
                "sink": {
                  "storeSettings": {
                    "blockSizeInMB": 8,
                    "type": "AzureBlobStorageWriteSettings",
                    "maxConcurrentConnections": 3,
                    "copyBehavior": "PreserveHierarchy"
                  },
                  "type": "BinarySink"
                }
              }
            },
            {
              "inputs": [
                {
                  "type": "DatasetReference",
                  "referenceName": "adf-dataset-binary-7347"
                }
              ],
              "outputs": [
                {
                  "type": "DatasetReference",
                  "referenceName": "adf-dataset-6662"
                }
              ],
              "name": "adf-pipeline-task-7278",
              "type": "Copy",
              "typeProperties": {
                "source": {
                  "storeSettings": {
                    "recursive": true,
                    "enablePartitionDiscovery": true,
                    "type": "AzureDataLakeStoreReadSettings"
                  },
                  "type": "BinarySource"
                },
                "sink": {
                  "storeSettings": {
                    "blockSizeInMB": 8,
                    "type": "AzureBlobFSWriteSettings",
                    "maxConcurrentConnections": 3,
                    "copyBehavior": "PreserveHierarchy"
                  },
                  "type": "BinarySink"
                }
              }
            },
            {
              "inputs": [
                {
                  "type": "DatasetReference",
                  "referenceName": "adf-dataset-6316"
                }
              ],
              "outputs": [
                {
                  "type": "DatasetReference",
                  "referenceName": "adf-dataset-2951"
                }
              ],
              "name": "adf-pipeline-task-7278",
              "type": "Copy",
              "typeProperties": {
                "source": {
                  "storeSettings": {
                    "recursive": true,
                    "prefix": "test",
                    "enablePartitionDiscovery": true,
                    "type": "AzureBlobStorageReadSettings"
                  },
                  "type": "BinarySource"
                },
                "sink": {
                  "storeSettings": {
                    "blockSizeInMB": 8,
                    "type": "AzureBlobStorageWriteSettings",
                    "maxConcurrentConnections": 3,
                    "copyBehavior": "PreserveHierarchy"
                  },
                  "type": "BinarySink"
                }
              }
            },
            {
              "inputs": [
                {
                  "type": "DatasetReference",
                  "referenceName": "adf-dataset-9783"
                }
              ],
              "outputs": [
                {
                  "type": "DatasetReference",
                  "referenceName": "adf-dataset-707"
                }
              ],
              "name": "adf-pipeline-task-7278",
              "type": "Copy",
              "typeProperties": {
                "source": {
                  "storeSettings": {
                    "recursive": true,
                    "enablePartitionDiscovery": true,
                    "type": "FileServerReadSettings"
                  },
                  "formatSettings": {
                    "compressionProperties": {
                      "preserveZipFileNameAsFolder": false,
                      "type": "ZipDeflateReadSettings"
                    },
                    "type": "BinaryReadSettings"
                  },
                  "type": "BinarySource"
                },
                "sink": {
                  "storeSettings": {
                    "operationTimeout": "01:00:00",
                    "useTempFileRename": false,
                    "type": "SftpWriteSettings",
                    "maxConcurrentConnections": 3,
                    "copyBehavior": "PreserveHierarchy"
                  },
                  "type": "BinarySink"
                }
              }
            }
          ]
        }
      },
      "StatusCode": 200,
      "ResponseHeaders": {
        "Cache-Control": "no-cache",
        "Content-Length": "5561",
        "Content-Type": "application/json; charset=utf-8",
        "Date": "Tue, 21 Nov 2023 09:13:11 GMT",
        "Expires": "-1",
        "Pragma": "no-cache",
        "Strict-Transport-Security": "max-age=31536000; includeSubDomains",
        "X-Cache": "CONFIG_NOCACHE",
        "X-Content-Type-Options": "nosniff",
        "x-ms-correlation-request-id": "9ff2fd9f-85b0-41c9-abde-2a90f9c809d4",
        "x-ms-ratelimit-remaining-subscription-writes": "1183",
        "x-ms-request-id": "9ff2fd9f-85b0-41c9-abde-2a90f9c809d4",
        "x-ms-routing-request-id": "JAPANWEST:20231121T091311Z:9ff2fd9f-85b0-41c9-abde-2a90f9c809d4",
        "X-MSEdge-Ref": "Ref A: 986B8803E0504166A1A1E6817F1E7424 Ref B: TYO201100115029 Ref C: 2023-11-21T09:13:10Z"
      },
      "ResponseBody": {
        "id": "/subscriptions/da1d7b9a-a759-41c8-bb73-093a1818e03a/resourceGroups/adf-rg-binary-7768/providers/Microsoft.DataFactory/factories/adf-binary-5719/pipelines/adf-pipeline-binary-8956",
        "name": "adf-pipeline-binary-8956",
        "type": "Microsoft.DataFactory/factories/pipelines",
        "properties": {
          "activities": [
            {
              "inputs": [
                {
                  "type": "DatasetReference",
                  "referenceName": "adf-dataset-binary-7347"
                }
              ],
              "outputs": [
                {
                  "type": "DatasetReference",
                  "referenceName": "adf-dataset-binary-9008"
                }
              ],
              "name": "adf-pipeline-task-7278",
              "type": "Copy",
              "typeProperties": {
                "source": {
                  "storeSettings": {
                    "recursive": true,
                    "fileListPath": "test.txt",
                    "enablePartitionDiscovery": true,
                    "type": "AzureDataLakeStoreReadSettings"
                  },
                  "type": "BinarySource"
                },
                "sink": {
                  "storeSettings": {
                    "expiryDateTime": "2018-12-01T05:00:00Z",
                    "type": "AzureDataLakeStoreWriteSettings",
                    "maxConcurrentConnections": 3,
                    "copyBehavior": "PreserveHierarchy"
                  },
                  "type": "BinarySink"
                }
              }
            },
            {
              "inputs": [
                {
                  "type": "DatasetReference",
                  "referenceName": "adf-dataset-binary-7347"
                }
              ],
              "outputs": [
                {
                  "type": "DatasetReference",
                  "referenceName": "adf-dataset-2951"
                }
              ],
              "name": "adf-pipeline-task-7278",
              "type": "Copy",
              "typeProperties": {
                "source": {
                  "storeSettings": {
                    "recursive": true,
                    "enablePartitionDiscovery": true,
                    "type": "AzureDataLakeStoreReadSettings"
                  },
                  "type": "BinarySource"
                },
                "sink": {
                  "storeSettings": {
                    "blockSizeInMB": 8,
                    "type": "AzureBlobStorageWriteSettings",
                    "maxConcurrentConnections": 3,
                    "copyBehavior": "PreserveHierarchy"
                  },
                  "type": "BinarySink"
                }
              }
            },
            {
              "inputs": [
                {
                  "type": "DatasetReference",
                  "referenceName": "adf-dataset-binary-7347"
                }
              ],
              "outputs": [
                {
                  "type": "DatasetReference",
                  "referenceName": "adf-dataset-6662"
                }
              ],
              "name": "adf-pipeline-task-7278",
              "type": "Copy",
              "typeProperties": {
                "source": {
                  "storeSettings": {
                    "recursive": true,
                    "enablePartitionDiscovery": true,
                    "type": "AzureDataLakeStoreReadSettings"
                  },
                  "type": "BinarySource"
                },
                "sink": {
                  "storeSettings": {
                    "blockSizeInMB": 8,
                    "type": "AzureBlobFSWriteSettings",
                    "maxConcurrentConnections": 3,
                    "copyBehavior": "PreserveHierarchy"
                  },
                  "type": "BinarySink"
                }
              }
            },
            {
              "inputs": [
                {
                  "type": "DatasetReference",
                  "referenceName": "adf-dataset-6316"
                }
              ],
              "outputs": [
                {
                  "type": "DatasetReference",
                  "referenceName": "adf-dataset-2951"
                }
              ],
              "name": "adf-pipeline-task-7278",
              "type": "Copy",
              "typeProperties": {
                "source": {
                  "storeSettings": {
                    "recursive": true,
                    "prefix": "test",
                    "enablePartitionDiscovery": true,
                    "type": "AzureBlobStorageReadSettings"
                  },
                  "type": "BinarySource"
                },
                "sink": {
                  "storeSettings": {
                    "blockSizeInMB": 8,
                    "type": "AzureBlobStorageWriteSettings",
                    "maxConcurrentConnections": 3,
                    "copyBehavior": "PreserveHierarchy"
                  },
                  "type": "BinarySink"
                }
              }
            },
            {
              "inputs": [
                {
                  "type": "DatasetReference",
                  "referenceName": "adf-dataset-9783"
                }
              ],
              "outputs": [
                {
                  "type": "DatasetReference",
                  "referenceName": "adf-dataset-707"
                }
              ],
              "name": "adf-pipeline-task-7278",
              "type": "Copy",
              "typeProperties": {
                "source": {
                  "storeSettings": {
                    "recursive": true,
                    "enablePartitionDiscovery": true,
                    "type": "FileServerReadSettings"
                  },
                  "formatSettings": {
                    "compressionProperties": {
                      "preserveZipFileNameAsFolder": false,
                      "type": "ZipDeflateReadSettings"
                    },
                    "type": "BinaryReadSettings"
                  },
                  "type": "BinarySource"
                },
                "sink": {
                  "storeSettings": {
                    "operationTimeout": "01:00:00",
                    "useTempFileRename": false,
                    "type": "SftpWriteSettings",
                    "maxConcurrentConnections": 3,
                    "copyBehavior": "PreserveHierarchy"
                  },
                  "type": "BinarySink"
                }
              }
            }
          ]
        },
        "etag": "05004d19-0000-0800-0000-655c74a70000"
      }
    }
  ],
  "Variables": {
    "AZURE_AUTHORITY_HOST": null,
    "RandomSeed": "2096618139",
    "RESOURCE_MANAGER_URL": null,
    "SUBSCRIPTION_ID": "da1d7b9a-a759-41c8-bb73-093a1818e03a"
  }
}
