{
  "Entries": [
    {
      "RequestUri": "https://management.azure.com/subscriptions/da1d7b9a-a759-41c8-bb73-093a1818e03a?api-version=2022-12-01",
      "RequestMethod": "GET",
      "RequestHeaders": {
        "Accept": "application/json",
        "Authorization": "Sanitized",
        "traceparent": "00-e6b493c53ce46be61ea035d49cbc1a26-adc48568a7847190-00",
        "User-Agent": "azsdk-net-ResourceManager/1.9.0 (.NET 7.0.14; Microsoft Windows 10.0.22621)",
        "x-ms-client-request-id": "a4f23f556d37de48aeb3ca50d1e3608c",
        "x-ms-return-client-request-id": "true"
      },
      "RequestBody": null,
      "StatusCode": 200,
      "ResponseHeaders": {
        "Cache-Control": "no-cache",
        "Content-Length": "501",
        "Content-Type": "application/json; charset=utf-8",
        "Date": "Thu, 23 Nov 2023 10:10:22 GMT",
        "Expires": "-1",
        "Pragma": "no-cache",
        "Strict-Transport-Security": "max-age=31536000; includeSubDomains",
        "X-Content-Type-Options": "nosniff",
        "x-ms-correlation-request-id": "4c6eede9-d9ce-4956-b4d3-ea14c8ec65a1",
        "x-ms-ratelimit-remaining-subscription-reads": "11770",
        "x-ms-request-id": "4c6eede9-d9ce-4956-b4d3-ea14c8ec65a1",
        "x-ms-routing-request-id": "EASTUS:20231123T101022Z:4c6eede9-d9ce-4956-b4d3-ea14c8ec65a1"
      },
      "ResponseBody": {
        "id": "/subscriptions/da1d7b9a-a759-41c8-bb73-093a1818e03a",
        "authorizationSource": "RoleBased",
        "managedByTenants": [
          {
            "tenantId": "2f4a9838-26b7-47ee-be60-ccc1fdec5953"
          }
        ],
        "tags": {
          "NRMS10318670": "20220720"
        },
        "subscriptionId": "da1d7b9a-a759-41c8-bb73-093a1818e03a",
        "tenantId": "72f988bf-86f1-41af-91ab-2d7cd011db47",
        "displayName": "ADMS_Test_Engineering_RichTransform",
        "state": "Enabled",
        "subscriptionPolicies": {
          "locationPlacementId": "Internal_2014-09-01",
          "quotaId": "Internal_2014-09-01",
          "spendingLimit": "Off"
        }
      }
    },
    {
      "RequestUri": "https://management.azure.com/subscriptions/da1d7b9a-a759-41c8-bb73-093a1818e03a/resourcegroups/adf-rg-mongodb-2040?api-version=2022-09-01",
      "RequestMethod": "PUT",
      "RequestHeaders": {
        "Accept": "application/json",
        "Authorization": "Sanitized",
        "Content-Length": "22",
        "Content-Type": "application/json",
        "traceparent": "00-b3ff0138ec7843ac36534c997325367c-c0dfc22956c0b546-00",
        "User-Agent": "azsdk-net-ResourceManager/1.9.0 (.NET 7.0.14; Microsoft Windows 10.0.22621)",
        "x-ms-client-request-id": "6bec327ff78cd604f00b1b8d4b48dd9d",
        "x-ms-return-client-request-id": "true"
      },
      "RequestBody": {
        "location": "westus2"
      },
      "StatusCode": 201,
      "ResponseHeaders": {
        "Cache-Control": "no-cache",
        "Content-Length": "236",
        "Content-Type": "application/json; charset=utf-8",
        "Date": "Thu, 23 Nov 2023 10:10:22 GMT",
        "Expires": "-1",
        "Pragma": "no-cache",
        "Strict-Transport-Security": "max-age=31536000; includeSubDomains",
        "X-Content-Type-Options": "nosniff",
        "x-ms-correlation-request-id": "4c6b7bb0-1300-41cd-958c-049bab188d61",
        "x-ms-ratelimit-remaining-subscription-writes": "530",
        "x-ms-request-id": "4c6b7bb0-1300-41cd-958c-049bab188d61",
        "x-ms-routing-request-id": "EASTUS:20231123T101022Z:4c6b7bb0-1300-41cd-958c-049bab188d61"
      },
      "ResponseBody": {
        "id": "/subscriptions/da1d7b9a-a759-41c8-bb73-093a1818e03a/resourceGroups/adf-rg-mongodb-2040",
        "name": "adf-rg-mongodb-2040",
        "type": "Microsoft.Resources/resourceGroups",
        "location": "westus2",
        "properties": {
          "provisioningState": "Succeeded"
        }
      }
    },
    {
      "RequestUri": "https://management.azure.com/subscriptions/da1d7b9a-a759-41c8-bb73-093a1818e03a/resourceGroups/adf-rg-mongodb-2040/providers/Microsoft.DataFactory/factories/adf-mongodb-6196?api-version=2018-06-01",
      "RequestMethod": "PUT",
      "RequestHeaders": {
        "Accept": "application/json",
        "Authorization": "Sanitized",
        "Content-Length": "48",
        "Content-Type": "application/json",
        "traceparent": "00-1131031eec525d25d05d77b68e62af88-d636e7b97e2ae71f-00",
        "User-Agent": "azsdk-net-ResourceManager.DataFactory/1.0.0-alpha.20231123.1 (.NET 7.0.14; Microsoft Windows 10.0.22621)",
        "x-ms-client-request-id": "372cf868b3d1569c2c1974d17bc7b72f",
        "x-ms-return-client-request-id": "true"
      },
      "RequestBody": {
        "tags": {},
        "location": "westus2",
        "properties": {}
      },
      "StatusCode": 200,
      "ResponseHeaders": {
        "Cache-Control": "no-cache",
        "Content-Length": "466",
        "Content-Type": "application/json; charset=utf-8",
        "Date": "Thu, 23 Nov 2023 10:10:24 GMT",
        "Expires": "-1",
        "Pragma": "no-cache",
        "Server": "Kestrel",
        "Strict-Transport-Security": "max-age=31536000; includeSubDomains",
        "X-Content-Type-Options": "nosniff",
        "x-ms-correlation-request-id": "380e02b2-b6ce-4ccf-b2db-67b3f8b5a25b",
        "x-ms-ratelimit-remaining-subscription-writes": "529",
        "x-ms-request-id": "380e02b2-b6ce-4ccf-b2db-67b3f8b5a25b",
        "x-ms-routing-request-id": "EASTUS:20231123T101024Z:380e02b2-b6ce-4ccf-b2db-67b3f8b5a25b"
      },
      "ResponseBody": {
        "name": "adf-mongodb-6196",
        "id": "/subscriptions/da1d7b9a-a759-41c8-bb73-093a1818e03a/resourceGroups/adf-rg-mongodb-2040/providers/Microsoft.DataFactory/factories/adf-mongodb-6196",
        "type": "Microsoft.DataFactory/factories",
        "properties": {
          "provisioningState": "Succeeded",
          "createTime": "2023-11-23T10:10:24.1843502Z",
          "version": "2018-06-01"
        },
        "eTag": "\u00229e04c0ad-0000-0800-0000-655f25100000\u0022",
        "location": "westus2",
        "tags": {}
      }
    },
    {
      "RequestUri": "https://management.azure.com/subscriptions/da1d7b9a-a759-41c8-bb73-093a1818e03a/resourceGroups/adf-rg-mongodb-2040/providers/Microsoft.DataFactory/factories/adf-mongodb-6196/linkedservices/adf_linkedservice_mongodb_8489?api-version=2018-06-01",
      "RequestMethod": "PUT",
      "RequestHeaders": {
        "Accept": "application/json",
        "Authorization": "Sanitized",
        "Content-Length": "205",
        "Content-Type": "application/json",
        "traceparent": "00-7dd2ff8b92c47506533681cee6e3b80a-44c380e47fecc1ac-00",
        "User-Agent": "azsdk-net-ResourceManager.DataFactory/1.0.0-alpha.20231123.1 (.NET 7.0.14; Microsoft Windows 10.0.22621)",
        "x-ms-client-request-id": "d8435bfd3a5db31c2b52ba9266d52d6f",
        "x-ms-return-client-request-id": "true"
      },
      "RequestBody": {
        "properties": {
          "type": "MongoDbAtlas",
          "typeProperties": {
            "connectionString": {
              "value": "mongodb\u002Bsrv://myDatabaseUser:@server.example.com",
              "type": "SecureString"
            },
            "database": "TestDB",
            "driverVersion": "v2"
          }
        }
      },
      "StatusCode": 200,
      "ResponseHeaders": {
        "Cache-Control": "no-cache",
        "Content-Length": "595",
        "Content-Type": "application/json; charset=utf-8",
        "Date": "Thu, 23 Nov 2023 10:10:24 GMT",
        "Expires": "-1",
        "Pragma": "no-cache",
        "Server": "Kestrel",
        "Strict-Transport-Security": "max-age=31536000; includeSubDomains",
        "X-Content-Type-Options": "nosniff",
        "x-ms-correlation-request-id": "e66934a5-7e00-424f-8754-22ce0a50fa21",
        "x-ms-ratelimit-remaining-subscription-writes": "528",
        "x-ms-request-id": "e66934a5-7e00-424f-8754-22ce0a50fa21",
        "x-ms-routing-request-id": "EASTUS:20231123T101024Z:e66934a5-7e00-424f-8754-22ce0a50fa21"
      },
      "ResponseBody": {
        "id": "/subscriptions/da1d7b9a-a759-41c8-bb73-093a1818e03a/resourceGroups/adf-rg-mongodb-2040/providers/Microsoft.DataFactory/factories/adf-mongodb-6196/linkedservices/adf_linkedservice_mongodb_8489",
        "name": "adf_linkedservice_mongodb_8489",
        "type": "Microsoft.DataFactory/factories/linkedservices",
        "properties": {
          "type": "MongoDbAtlas",
          "typeProperties": {
            "connectionString": {
              "type": "SecureString",
              "value": "**********"
            },
            "database": "TestDB",
            "driverVersion": "v2"
          }
        },
        "etag": "ec005b2f-0000-0800-0000-655f25100000"
      }
    },
    {
      "RequestUri": "https://management.azure.com/subscriptions/da1d7b9a-a759-41c8-bb73-093a1818e03a/resourceGroups/adf-rg-mongodb-2040/providers/Microsoft.DataFactory/factories/adf-mongodb-6196/datasets/adf-dataset-mongodb-7238?api-version=2018-06-01",
      "RequestMethod": "PUT",
      "RequestHeaders": {
        "Accept": "application/json",
        "Authorization": "Sanitized",
        "Content-Length": "200",
        "Content-Type": "application/json",
        "traceparent": "00-2b8fdd6da188a062efd80150f29f4e0a-53211f82cd9ce8ab-00",
        "User-Agent": "azsdk-net-ResourceManager.DataFactory/1.0.0-alpha.20231123.1 (.NET 7.0.14; Microsoft Windows 10.0.22621)",
        "x-ms-client-request-id": "5434eb687ead15505fdd90047443645e",
        "x-ms-return-client-request-id": "true"
      },
      "RequestBody": {
        "properties": {
          "type": "MongoDbAtlasCollection",
          "linkedServiceName": {
            "type": "LinkedServiceReference",
            "referenceName": "adf_linkedservice_mongodb_8489"
          },
          "typeProperties": {
            "collection": "TestCollection"
          }
        }
      },
      "StatusCode": 200,
      "ResponseHeaders": {
        "Cache-Control": "no-cache",
        "Content-Length": "593",
        "Content-Type": "application/json; charset=utf-8",
        "Date": "Thu, 23 Nov 2023 10:10:25 GMT",
        "Expires": "-1",
        "Pragma": "no-cache",
        "Server": "Kestrel",
        "Strict-Transport-Security": "max-age=31536000; includeSubDomains",
        "X-Content-Type-Options": "nosniff",
        "x-ms-correlation-request-id": "34d0d142-3414-4742-bacc-c29a81c2d1e3",
        "x-ms-ratelimit-remaining-subscription-writes": "527",
        "x-ms-request-id": "34d0d142-3414-4742-bacc-c29a81c2d1e3",
        "x-ms-routing-request-id": "EASTUS:20231123T101025Z:34d0d142-3414-4742-bacc-c29a81c2d1e3"
      },
      "ResponseBody": {
        "id": "/subscriptions/da1d7b9a-a759-41c8-bb73-093a1818e03a/resourceGroups/adf-rg-mongodb-2040/providers/Microsoft.DataFactory/factories/adf-mongodb-6196/datasets/adf-dataset-mongodb-7238",
        "name": "adf-dataset-mongodb-7238",
        "type": "Microsoft.DataFactory/factories/datasets",
        "properties": {
          "type": "MongoDbAtlasCollection",
          "linkedServiceName": {
            "type": "LinkedServiceReference",
            "referenceName": "adf_linkedservice_mongodb_8489"
          },
          "typeProperties": {
            "collection": "TestCollection"
          }
        },
        "etag": "ec005d2f-0000-0800-0000-655f25110000"
      }
    },
    {
      "RequestUri": "https://management.azure.com/subscriptions/da1d7b9a-a759-41c8-bb73-093a1818e03a/resourceGroups/adf-rg-mongodb-2040/providers/Microsoft.DataFactory/factories/adf-mongodb-6196/linkedservices/adf_linkedservice_mongodb_9709?api-version=2018-06-01",
      "RequestMethod": "PUT",
      "RequestHeaders": {
        "Accept": "application/json",
        "Authorization": "Sanitized",
        "Content-Length": "220",
        "Content-Type": "application/json",
        "traceparent": "00-2675c0f8dfb05a5f380d1e8cf65a12a6-c358ed7572887e54-00",
        "User-Agent": "azsdk-net-ResourceManager.DataFactory/1.0.0-alpha.20231123.1 (.NET 7.0.14; Microsoft Windows 10.0.22621)",
        "x-ms-client-request-id": "8f9e41e0f29b1d1b884a9b9ab39ea40c",
        "x-ms-return-client-request-id": "true"
      },
      "RequestBody": {
        "properties": {
          "type": "CosmosDbMongoDbApi",
          "typeProperties": {
            "isServerVersionAbove32": true,
            "connectionString": {
              "value": "mongodb\u002Bsrv://myDatabaseUser:@server.example.com",
              "type": "SecureString"
            },
            "database": "TestDB"
          }
        }
      },
      "StatusCode": 200,
      "ResponseHeaders": {
        "Cache-Control": "no-cache",
        "Content-Length": "610",
        "Content-Type": "application/json; charset=utf-8",
        "Date": "Thu, 23 Nov 2023 10:10:25 GMT",
        "Expires": "-1",
        "Pragma": "no-cache",
        "Server": "Kestrel",
        "Strict-Transport-Security": "max-age=31536000; includeSubDomains",
        "X-Content-Type-Options": "nosniff",
        "x-ms-correlation-request-id": "b09703e8-4673-44f5-aac3-8a9859e48aa1",
        "x-ms-ratelimit-remaining-subscription-writes": "526",
        "x-ms-request-id": "b09703e8-4673-44f5-aac3-8a9859e48aa1",
        "x-ms-routing-request-id": "EASTUS:20231123T101025Z:b09703e8-4673-44f5-aac3-8a9859e48aa1"
      },
      "ResponseBody": {
        "id": "/subscriptions/da1d7b9a-a759-41c8-bb73-093a1818e03a/resourceGroups/adf-rg-mongodb-2040/providers/Microsoft.DataFactory/factories/adf-mongodb-6196/linkedservices/adf_linkedservice_mongodb_9709",
        "name": "adf_linkedservice_mongodb_9709",
        "type": "Microsoft.DataFactory/factories/linkedservices",
        "properties": {
          "type": "CosmosDbMongoDbApi",
          "typeProperties": {
            "isServerVersionAbove32": true,
            "connectionString": {
              "type": "SecureString",
              "value": "**********"
            },
            "database": "TestDB"
          }
        },
        "etag": "ec00602f-0000-0800-0000-655f25110000"
      }
    },
    {
      "RequestUri": "https://management.azure.com/subscriptions/da1d7b9a-a759-41c8-bb73-093a1818e03a/resourceGroups/adf-rg-mongodb-2040/providers/Microsoft.DataFactory/factories/adf-mongodb-6196/datasets/adf-dataset-mongodb-4966?api-version=2018-06-01",
      "RequestMethod": "PUT",
      "RequestHeaders": {
        "Accept": "application/json",
        "Authorization": "Sanitized",
        "Content-Length": "206",
        "Content-Type": "application/json",
        "traceparent": "00-c83d75ea5b2c545539d2801c544e5650-7367be2449899925-00",
        "User-Agent": "azsdk-net-ResourceManager.DataFactory/1.0.0-alpha.20231123.1 (.NET 7.0.14; Microsoft Windows 10.0.22621)",
        "x-ms-client-request-id": "14fbcc5f7eda2e0b797fa9173fe7ee5c",
        "x-ms-return-client-request-id": "true"
      },
      "RequestBody": {
        "properties": {
          "type": "CosmosDbMongoDbApiCollection",
          "linkedServiceName": {
            "type": "LinkedServiceReference",
            "referenceName": "adf_linkedservice_mongodb_9709"
          },
          "typeProperties": {
            "collection": "TestCollection"
          }
        }
      },
      "StatusCode": 200,
      "ResponseHeaders": {
        "Cache-Control": "no-cache",
        "Content-Length": "599",
        "Content-Type": "application/json; charset=utf-8",
        "Date": "Thu, 23 Nov 2023 10:10:25 GMT",
        "Expires": "-1",
        "Pragma": "no-cache",
        "Server": "Kestrel",
        "Strict-Transport-Security": "max-age=31536000; includeSubDomains",
        "X-Content-Type-Options": "nosniff",
        "x-ms-correlation-request-id": "3abacfc7-6a1e-4ac7-a98a-dd0a09aafa0a",
        "x-ms-ratelimit-remaining-subscription-writes": "525",
        "x-ms-request-id": "3abacfc7-6a1e-4ac7-a98a-dd0a09aafa0a",
        "x-ms-routing-request-id": "EASTUS:20231123T101025Z:3abacfc7-6a1e-4ac7-a98a-dd0a09aafa0a"
      },
      "ResponseBody": {
        "id": "/subscriptions/da1d7b9a-a759-41c8-bb73-093a1818e03a/resourceGroups/adf-rg-mongodb-2040/providers/Microsoft.DataFactory/factories/adf-mongodb-6196/datasets/adf-dataset-mongodb-4966",
        "name": "adf-dataset-mongodb-4966",
        "type": "Microsoft.DataFactory/factories/datasets",
        "properties": {
          "type": "CosmosDbMongoDbApiCollection",
          "linkedServiceName": {
            "type": "LinkedServiceReference",
            "referenceName": "adf_linkedservice_mongodb_9709"
          },
          "typeProperties": {
            "collection": "TestCollection"
          }
        },
        "etag": "ec00622f-0000-0800-0000-655f25110000"
      }
    },
    {
      "RequestUri": "https://management.azure.com/subscriptions/da1d7b9a-a759-41c8-bb73-093a1818e03a/resourceGroups/adf-rg-mongodb-2040/providers/Microsoft.DataFactory/factories/adf-mongodb-6196/pipelines/adf-pipeline-mongodb-3928?api-version=2018-06-01",
      "RequestMethod": "PUT",
      "RequestHeaders": {
        "Accept": "application/json",
        "Authorization": "Sanitized",
        "Content-Length": "661",
        "Content-Type": "application/json",
        "traceparent": "00-b897961d835a9f65f34dfb8aa3d99e99-e4d171527aca5fb6-00",
        "User-Agent": "azsdk-net-ResourceManager.DataFactory/1.0.0-alpha.20231123.1 (.NET 7.0.14; Microsoft Windows 10.0.22621)",
        "x-ms-client-request-id": "d1ebf5a750d8394190f60579c52af260",
        "x-ms-return-client-request-id": "true"
      },
      "RequestBody": {
        "properties": {
          "activities": [
            {
              "inputs": [
                {
                  "type": "DatasetReference",
                  "referenceName": "adf-dataset-mongodb-7238"
                }
              ],
              "outputs": [
                {
                  "type": "DatasetReference",
                  "referenceName": "adf-dataset-mongodb-4966"
                }
              ],
              "name": "adf-pipeline-task-8079",
              "type": "Copy",
              "typeProperties": {
                "source": {
                  "filter": {
                    "type": "Expression",
                    "value": "@dataset().MyFilter"
                  },
                  "cursorMethods": {
                    "project": {
                      "type": "Expression",
                      "value": "@dataset().MyProject"
                    },
                    "sort": "{ age : 1 }",
                    "skip": 3,
                    "limit": 10
                  },
                  "batchSize": 5,
                  "type": "MongoDbAtlasSource"
                },
                "sink": {
                  "writeBehavior": "upsert",
                  "type": "CosmosDbMongoDbApiSink",
                  "writeBatchSize": 5000
                }
              }
            }
          ],
          "parameters": {
            "MyFilter": {
              "type": "String"
            },
            "MyProject": {
              "type": "String"
            }
          }
        }
      },
      "StatusCode": 200,
      "ResponseHeaders": {
        "Cache-Control": "no-cache",
        "Content-Length": "1586",
        "Content-Type": "application/json; charset=utf-8",
        "Date": "Thu, 23 Nov 2023 10:10:26 GMT",
        "Expires": "-1",
        "Pragma": "no-cache",
        "Server": "Kestrel",
        "Strict-Transport-Security": "max-age=31536000; includeSubDomains",
        "X-Content-Type-Options": "nosniff",
        "x-ms-correlation-request-id": "bc0ab808-24ea-4551-8388-575277300c48",
        "x-ms-ratelimit-remaining-subscription-writes": "524",
        "x-ms-request-id": "bc0ab808-24ea-4551-8388-575277300c48",
        "x-ms-routing-request-id": "EASTUS:20231123T101026Z:bc0ab808-24ea-4551-8388-575277300c48"
      },
      "ResponseBody": {
        "id": "/subscriptions/da1d7b9a-a759-41c8-bb73-093a1818e03a/resourceGroups/adf-rg-mongodb-2040/providers/Microsoft.DataFactory/factories/adf-mongodb-6196/pipelines/adf-pipeline-mongodb-3928",
        "name": "adf-pipeline-mongodb-3928",
        "type": "Microsoft.DataFactory/factories/pipelines",
        "properties": {
          "activities": [
            {
              "inputs": [
                {
                  "type": "DatasetReference",
                  "referenceName": "adf-dataset-mongodb-7238"
                }
              ],
              "outputs": [
                {
                  "type": "DatasetReference",
                  "referenceName": "adf-dataset-mongodb-4966"
                }
              ],
              "name": "adf-pipeline-task-8079",
              "type": "Copy",
              "typeProperties": {
                "source": {
                  "filter": {
                    "type": "Expression",
                    "value": "@dataset().MyFilter"
                  },
                  "cursorMethods": {
                    "project": {
                      "type": "Expression",
                      "value": "@dataset().MyProject"
                    },
                    "sort": "{ age : 1 }",
                    "skip": 3,
                    "limit": 10
                  },
                  "batchSize": 5,
                  "type": "MongoDbAtlasSource"
                },
                "sink": {
                  "writeBehavior": "upsert",
                  "type": "CosmosDbMongoDbApiSink",
                  "writeBatchSize": 5000
                }
              }
            }
          ],
          "parameters": {
            "MyFilter": {
              "type": "String"
            },
            "MyProject": {
              "type": "String"
            }
          }
        },
        "etag": "ec00642f-0000-0800-0000-655f25120000"
      }
    }
  ],
  "Variables": {
    "AZURE_AUTHORITY_HOST": null,
    "RandomSeed": "49940285",
    "RESOURCE_MANAGER_URL": null,
    "SUBSCRIPTION_ID": "da1d7b9a-a759-41c8-bb73-093a1818e03a"
  }
}
