{
  "Entries": [
    {
      "RequestUri": "https://management.azure.com/subscriptions/da1d7b9a-a759-41c8-bb73-093a1818e03a?api-version=2022-12-01",
      "RequestMethod": "GET",
      "RequestHeaders": {
        "Accept": "application/json",
        "Authorization": "Sanitized",
        "traceparent": "00-75caa7e1d47a907f2b29e2c88d5130d2-4a0f033a52b1a009-00",
        "User-Agent": "azsdk-net-ResourceManager/1.9.0 (.NET 7.0.14; Microsoft Windows 10.0.22621)",
        "x-ms-client-request-id": "782e1a011cb118338368007494418c7b",
        "x-ms-return-client-request-id": "true"
      },
      "RequestBody": null,
      "StatusCode": 200,
      "ResponseHeaders": {
        "Cache-Control": "no-cache",
        "Content-Length": "501",
        "Content-Type": "application/json; charset=utf-8",
        "Date": "Tue, 21 Nov 2023 09:27:01 GMT",
        "Expires": "-1",
        "Pragma": "no-cache",
        "Strict-Transport-Security": "max-age=31536000; includeSubDomains",
        "X-Cache": "CONFIG_NOCACHE",
        "X-Content-Type-Options": "nosniff",
        "x-ms-correlation-request-id": "fbc7e0d3-8b81-4c6a-8260-af7c3abbe0c4",
        "x-ms-ratelimit-remaining-subscription-reads": "11361",
        "x-ms-request-id": "fbc7e0d3-8b81-4c6a-8260-af7c3abbe0c4",
        "x-ms-routing-request-id": "JAPANEAST:20231121T092701Z:fbc7e0d3-8b81-4c6a-8260-af7c3abbe0c4",
        "X-MSEdge-Ref": "Ref A: DD67751F54D94FCC900ADB4BE9297E04 Ref B: TYO201100115029 Ref C: 2023-11-21T09:27:01Z"
      },
      "ResponseBody": {
        "id": "/subscriptions/da1d7b9a-a759-41c8-bb73-093a1818e03a",
        "authorizationSource": "RoleBased",
        "managedByTenants": [
          {
            "tenantId": "2f4a9838-26b7-47ee-be60-ccc1fdec5953"
          }
        ],
        "tags": {
          "NRMS10318670": "20220720"
        },
        "subscriptionId": "da1d7b9a-a759-41c8-bb73-093a1818e03a",
        "tenantId": "72f988bf-86f1-41af-91ab-2d7cd011db47",
        "displayName": "ADMS_Test_Engineering_RichTransform",
        "state": "Enabled",
        "subscriptionPolicies": {
          "locationPlacementId": "Internal_2014-09-01",
          "quotaId": "Internal_2014-09-01",
          "spendingLimit": "Off"
        }
      }
    },
    {
      "RequestUri": "https://management.azure.com/subscriptions/da1d7b9a-a759-41c8-bb73-093a1818e03a/resourcegroups/adf-rg-sapbw-4240?api-version=2022-09-01",
      "RequestMethod": "PUT",
      "RequestHeaders": {
        "Accept": "application/json",
        "Authorization": "Sanitized",
        "Content-Length": "22",
        "Content-Type": "application/json",
        "traceparent": "00-b454aab04f44cd00a993181d62c6d386-402ae02ef45d348a-00",
        "User-Agent": "azsdk-net-ResourceManager/1.9.0 (.NET 7.0.14; Microsoft Windows 10.0.22621)",
        "x-ms-client-request-id": "f73064f43e1412fd920fd74768939bed",
        "x-ms-return-client-request-id": "true"
      },
      "RequestBody": {
        "location": "westus2"
      },
      "StatusCode": 201,
      "ResponseHeaders": {
        "Cache-Control": "no-cache",
        "Content-Length": "232",
        "Content-Type": "application/json; charset=utf-8",
        "Date": "Tue, 21 Nov 2023 09:27:02 GMT",
        "Expires": "-1",
        "Pragma": "no-cache",
        "Strict-Transport-Security": "max-age=31536000; includeSubDomains",
        "X-Cache": "CONFIG_NOCACHE",
        "X-Content-Type-Options": "nosniff",
        "x-ms-correlation-request-id": "2f73e3f9-12db-48b9-9656-b4d44d33c068",
        "x-ms-ratelimit-remaining-subscription-writes": "1197",
        "x-ms-request-id": "2f73e3f9-12db-48b9-9656-b4d44d33c068",
        "x-ms-routing-request-id": "JAPANEAST:20231121T092702Z:2f73e3f9-12db-48b9-9656-b4d44d33c068",
        "X-MSEdge-Ref": "Ref A: 8CEFD412E55946E9BC5036203D0B3849 Ref B: TYO201100115029 Ref C: 2023-11-21T09:27:01Z"
      },
      "ResponseBody": {
        "id": "/subscriptions/da1d7b9a-a759-41c8-bb73-093a1818e03a/resourceGroups/adf-rg-sapbw-4240",
        "name": "adf-rg-sapbw-4240",
        "type": "Microsoft.Resources/resourceGroups",
        "location": "westus2",
        "properties": {
          "provisioningState": "Succeeded"
        }
      }
    },
    {
      "RequestUri": "https://management.azure.com/subscriptions/da1d7b9a-a759-41c8-bb73-093a1818e03a/resourceGroups/adf-rg-sapbw-4240/providers/Microsoft.DataFactory/factories/adf-sapbw-799?api-version=2018-06-01",
      "RequestMethod": "PUT",
      "RequestHeaders": {
        "Accept": "application/json",
        "Authorization": "Sanitized",
        "Content-Length": "48",
        "Content-Type": "application/json",
        "traceparent": "00-0ca77f40e915bbad8d8c979e2d48928e-09150856c04243bc-00",
        "User-Agent": "azsdk-net-ResourceManager.DataFactory/1.0.0-alpha.20231121.1 (.NET 7.0.14; Microsoft Windows 10.0.22621)",
        "x-ms-client-request-id": "55a6f5bb099b9ee1699e6b1e686a9157",
        "x-ms-return-client-request-id": "true"
      },
      "RequestBody": {
        "tags": {},
        "location": "westus2",
        "properties": {}
      },
      "StatusCode": 200,
      "ResponseHeaders": {
        "Cache-Control": "no-cache",
        "Content-Length": "458",
        "Content-Type": "application/json; charset=utf-8",
        "Date": "Tue, 21 Nov 2023 09:27:04 GMT",
        "Expires": "-1",
        "Pragma": "no-cache",
        "Strict-Transport-Security": "max-age=31536000; includeSubDomains",
        "X-Cache": "CONFIG_NOCACHE",
        "X-Content-Type-Options": "nosniff",
        "x-ms-correlation-request-id": "6abfa068-a72b-4f80-be4d-93569881b3a3",
        "x-ms-ratelimit-remaining-subscription-writes": "1199",
        "x-ms-request-id": "6abfa068-a72b-4f80-be4d-93569881b3a3",
        "x-ms-routing-request-id": "JAPANEAST:20231121T092704Z:6abfa068-a72b-4f80-be4d-93569881b3a3",
        "X-MSEdge-Ref": "Ref A: F55EF29FCB6041658B386A50467D71F9 Ref B: TYO201100115029 Ref C: 2023-11-21T09:27:02Z"
      },
      "ResponseBody": {
        "name": "adf-sapbw-799",
        "id": "/subscriptions/da1d7b9a-a759-41c8-bb73-093a1818e03a/resourceGroups/adf-rg-sapbw-4240/providers/Microsoft.DataFactory/factories/adf-sapbw-799",
        "type": "Microsoft.DataFactory/factories",
        "properties": {
          "provisioningState": "Succeeded",
          "createTime": "2023-11-21T09:27:04.4532398Z",
          "version": "2018-06-01"
        },
        "eTag": "\u002244047872-0000-0800-0000-655c77e80000\u0022",
        "location": "westus2",
        "tags": {}
      }
    },
    {
      "RequestUri": "https://management.azure.com/subscriptions/da1d7b9a-a759-41c8-bb73-093a1818e03a/resourceGroups/adf-rg-sapbw-4240/providers/Microsoft.DataFactory/factories/adf-sapbw-799/linkedservices/adf_linkedservice_sapbw_3342?api-version=2018-06-01",
      "RequestMethod": "PUT",
      "RequestHeaders": {
        "Accept": "application/json",
        "Authorization": "Sanitized",
        "Content-Length": "122",
        "Content-Type": "application/json",
        "traceparent": "00-d1c660aecdf272042b17cc4759db5a83-5c3d32bcc57c087b-00",
        "User-Agent": "azsdk-net-ResourceManager.DataFactory/1.0.0-alpha.20231121.1 (.NET 7.0.14; Microsoft Windows 10.0.22621)",
        "x-ms-client-request-id": "b1cabb951dc2e51ca244ecafefcc133b",
        "x-ms-return-client-request-id": "true"
      },
      "RequestBody": {
        "properties": {
          "type": "SapBW",
          "typeProperties": {
            "server": "fakeServer",
            "systemNumber": "123456",
            "clientId": "Sanitized"
          }
        }
      },
      "StatusCode": 200,
      "ResponseHeaders": {
        "Cache-Control": "no-cache",
        "Content-Length": "519",
        "Content-Type": "application/json; charset=utf-8",
        "Date": "Tue, 21 Nov 2023 09:27:04 GMT",
        "Expires": "-1",
        "Pragma": "no-cache",
        "Strict-Transport-Security": "max-age=31536000; includeSubDomains",
        "X-Cache": "CONFIG_NOCACHE",
        "X-Content-Type-Options": "nosniff",
        "x-ms-correlation-request-id": "6f34e33c-5d4e-490c-b3cd-c1fe3d4cd652",
        "x-ms-ratelimit-remaining-subscription-writes": "1198",
        "x-ms-request-id": "6f34e33c-5d4e-490c-b3cd-c1fe3d4cd652",
        "x-ms-routing-request-id": "JAPANEAST:20231121T092705Z:6f34e33c-5d4e-490c-b3cd-c1fe3d4cd652",
        "X-MSEdge-Ref": "Ref A: D0A8A34FBB3B43B389AD6E78E8FB1C89 Ref B: TYO201100115029 Ref C: 2023-11-21T09:27:04Z"
      },
      "ResponseBody": {
        "id": "/subscriptions/da1d7b9a-a759-41c8-bb73-093a1818e03a/resourceGroups/adf-rg-sapbw-4240/providers/Microsoft.DataFactory/factories/adf-sapbw-799/linkedservices/adf_linkedservice_sapbw_3342",
        "name": "adf_linkedservice_sapbw_3342",
        "type": "Microsoft.DataFactory/factories/linkedservices",
        "properties": {
          "type": "SapBW",
          "typeProperties": {
            "server": "fakeServer",
            "systemNumber": "123456",
            "clientId": "Sanitized"
          }
        },
        "etag": "4a1d8cbc-0000-0800-0000-655c77e90000"
      }
    },
    {
      "RequestUri": "https://management.azure.com/subscriptions/da1d7b9a-a759-41c8-bb73-093a1818e03a/resourceGroups/adf-rg-sapbw-4240/providers/Microsoft.DataFactory/factories/adf-sapbw-799/datasets/adf-dataset-sapbw-2755?api-version=2018-06-01",
      "RequestMethod": "PUT",
      "RequestHeaders": {
        "Accept": "application/json",
        "Authorization": "Sanitized",
        "Content-Length": "136",
        "Content-Type": "application/json",
        "traceparent": "00-058b04b12fabbdb0b81c0e202076fca9-31db03d8a229b64e-00",
        "User-Agent": "azsdk-net-ResourceManager.DataFactory/1.0.0-alpha.20231121.1 (.NET 7.0.14; Microsoft Windows 10.0.22621)",
        "x-ms-client-request-id": "25e54bd95b59594eaaa092f32aa446ef",
        "x-ms-return-client-request-id": "true"
      },
      "RequestBody": {
        "properties": {
          "type": "SapBwCube",
          "linkedServiceName": {
            "type": "LinkedServiceReference",
            "referenceName": "adf_linkedservice_sapbw_3342"
          }
        }
      },
      "StatusCode": 200,
      "ResponseHeaders": {
        "Cache-Control": "no-cache",
        "Content-Length": "501",
        "Content-Type": "application/json; charset=utf-8",
        "Date": "Tue, 21 Nov 2023 09:27:05 GMT",
        "Expires": "-1",
        "Pragma": "no-cache",
        "Strict-Transport-Security": "max-age=31536000; includeSubDomains",
        "X-Cache": "CONFIG_NOCACHE",
        "X-Content-Type-Options": "nosniff",
        "x-ms-correlation-request-id": "68f72ef3-60f0-431a-836c-bbc8d4a68298",
        "x-ms-ratelimit-remaining-subscription-writes": "1196",
        "x-ms-request-id": "68f72ef3-60f0-431a-836c-bbc8d4a68298",
        "x-ms-routing-request-id": "JAPANEAST:20231121T092705Z:68f72ef3-60f0-431a-836c-bbc8d4a68298",
        "X-MSEdge-Ref": "Ref A: 1C59980E73784EB892F68E9496A9B627 Ref B: TYO201100115029 Ref C: 2023-11-21T09:27:05Z"
      },
      "ResponseBody": {
        "id": "/subscriptions/da1d7b9a-a759-41c8-bb73-093a1818e03a/resourceGroups/adf-rg-sapbw-4240/providers/Microsoft.DataFactory/factories/adf-sapbw-799/datasets/adf-dataset-sapbw-2755",
        "name": "adf-dataset-sapbw-2755",
        "type": "Microsoft.DataFactory/factories/datasets",
        "properties": {
          "type": "SapBwCube",
          "linkedServiceName": {
            "type": "LinkedServiceReference",
            "referenceName": "adf_linkedservice_sapbw_3342"
          }
        },
        "etag": "4a1d75be-0000-0800-0000-655c77e90000"
      }
    },
    {
      "RequestUri": "https://management.azure.com/subscriptions/da1d7b9a-a759-41c8-bb73-093a1818e03a/resourceGroups/adf-rg-sapbw-4240/providers/Microsoft.DataFactory/factories/adf-sapbw-799/linkedservices/adf_linkedservice_sapbw_8823?api-version=2018-06-01",
      "RequestMethod": "PUT",
      "RequestHeaders": {
        "Accept": "application/json",
        "Authorization": "Sanitized",
        "Content-Length": "92",
        "Content-Type": "application/json",
        "traceparent": "00-2af7527f2e24afe843708185b63ef6d1-8b91e53d37e2c33d-00",
        "User-Agent": "azsdk-net-ResourceManager.DataFactory/1.0.0-alpha.20231121.1 (.NET 7.0.14; Microsoft Windows 10.0.22621)",
        "x-ms-client-request-id": "096e32058933b539669db1b9ae9e0b2c",
        "x-ms-return-client-request-id": "true"
      },
      "RequestBody": {
        "properties": {
          "type": "AzureBlobStorage",
          "typeProperties": {
            "connectionString": "Sanitized"
          }
        }
      },
      "StatusCode": 200,
      "ResponseHeaders": {
        "Cache-Control": "no-cache",
        "Content-Length": "721",
        "Content-Type": "application/json; charset=utf-8",
        "Date": "Tue, 21 Nov 2023 09:27:06 GMT",
        "Expires": "-1",
        "Pragma": "no-cache",
        "Strict-Transport-Security": "max-age=31536000; includeSubDomains",
        "X-Cache": "CONFIG_NOCACHE",
        "X-Content-Type-Options": "nosniff",
        "x-ms-correlation-request-id": "026fc8c3-46dc-4394-9d6e-191d826e6c6e",
        "x-ms-ratelimit-remaining-subscription-writes": "1191",
        "x-ms-request-id": "026fc8c3-46dc-4394-9d6e-191d826e6c6e",
        "x-ms-routing-request-id": "JAPANEAST:20231121T092706Z:026fc8c3-46dc-4394-9d6e-191d826e6c6e",
        "X-MSEdge-Ref": "Ref A: DF10E4B7A9B547DC94080AE5E8C3EC82 Ref B: TYO201100115029 Ref C: 2023-11-21T09:27:05Z"
      },
      "ResponseBody": {
        "id": "/subscriptions/da1d7b9a-a759-41c8-bb73-093a1818e03a/resourceGroups/adf-rg-sapbw-4240/providers/Microsoft.DataFactory/factories/adf-sapbw-799/linkedservices/adf_linkedservice_sapbw_8823",
        "name": "adf_linkedservice_sapbw_8823",
        "type": "Microsoft.DataFactory/factories/linkedservices",
        "properties": {
          "type": "AzureBlobStorage",
          "typeProperties": {
            "connectionString": "Sanitized",
            "encryptedCredential": "ew0KICAiVmVyc2lvbiI6ICIyMDE3LTExLTMwIiwNCiAgIlByb3RlY3Rpb25Nb2RlIjogIktleSIsDQogICJTZWNyZXRDb250ZW50VHlwZSI6ICJQbGFpbnRleHQiLA0KICAiQ3JlZGVudGlhbElkIjogIkRBVEFGQUNUT1JZQEE0QzhDNjJDLUE4M0MtNEYxRS04NEZDLUEzM0UzQUIzMDI1Ql8wYzQ4M2I4ZS04NjE0LTQyN2QtYWI0MS05N2I5YWQ3YWRlY2UiDQp9"
          }
        },
        "etag": "4a1d77be-0000-0800-0000-655c77ea0000"
      }
    },
    {
      "RequestUri": "https://management.azure.com/subscriptions/da1d7b9a-a759-41c8-bb73-093a1818e03a/resourceGroups/adf-rg-sapbw-4240/providers/Microsoft.DataFactory/factories/adf-sapbw-799/datasets/adf-dataset-sapbw-3115?api-version=2018-06-01",
      "RequestMethod": "PUT",
      "RequestHeaders": {
        "Accept": "application/json",
        "Authorization": "Sanitized",
        "Content-Length": "156",
        "Content-Type": "application/json",
        "traceparent": "00-59d698dc7a7020dd3d34d78159fd107c-ddbc7ba26e703869-00",
        "User-Agent": "azsdk-net-ResourceManager.DataFactory/1.0.0-alpha.20231121.1 (.NET 7.0.14; Microsoft Windows 10.0.22621)",
        "x-ms-client-request-id": "087245913aae716c07228a28bbfefdfc",
        "x-ms-return-client-request-id": "true"
      },
      "RequestBody": {
        "properties": {
          "type": "AzureBlob",
          "linkedServiceName": {
            "type": "LinkedServiceReference",
            "referenceName": "adf_linkedservice_sapbw_8823"
          },
          "typeProperties": {}
        }
      },
      "StatusCode": 200,
      "ResponseHeaders": {
        "Cache-Control": "no-cache",
        "Content-Length": "527",
        "Content-Type": "application/json; charset=utf-8",
        "Date": "Tue, 21 Nov 2023 09:27:06 GMT",
        "Expires": "-1",
        "Pragma": "no-cache",
        "Strict-Transport-Security": "max-age=31536000; includeSubDomains",
        "X-Cache": "CONFIG_NOCACHE",
        "X-Content-Type-Options": "nosniff",
        "x-ms-correlation-request-id": "f33b3818-9739-4ae7-a550-e5ea50456a30",
        "x-ms-ratelimit-remaining-subscription-writes": "1190",
        "x-ms-request-id": "f33b3818-9739-4ae7-a550-e5ea50456a30",
        "x-ms-routing-request-id": "JAPANEAST:20231121T092707Z:f33b3818-9739-4ae7-a550-e5ea50456a30",
        "X-MSEdge-Ref": "Ref A: 2F784650024241CF9B9942D0E514445D Ref B: TYO201100115029 Ref C: 2023-11-21T09:27:06Z"
      },
      "ResponseBody": {
        "id": "/subscriptions/da1d7b9a-a759-41c8-bb73-093a1818e03a/resourceGroups/adf-rg-sapbw-4240/providers/Microsoft.DataFactory/factories/adf-sapbw-799/datasets/adf-dataset-sapbw-3115",
        "name": "adf-dataset-sapbw-3115",
        "type": "Microsoft.DataFactory/factories/datasets",
        "properties": {
          "type": "AzureBlob",
          "linkedServiceName": {
            "type": "LinkedServiceReference",
            "referenceName": "adf_linkedservice_sapbw_8823"
          },
          "typeProperties": {}
        },
        "etag": "4a1d79be-0000-0800-0000-655c77eb0000"
      }
    },
    {
      "RequestUri": "https://management.azure.com/subscriptions/da1d7b9a-a759-41c8-bb73-093a1818e03a/resourceGroups/adf-rg-sapbw-4240/providers/Microsoft.DataFactory/factories/adf-sapbw-799/pipelines/adf-pipeline-sapbw-953?api-version=2018-06-01",
      "RequestMethod": "PUT",
      "RequestHeaders": {
        "Accept": "application/json",
        "Authorization": "Sanitized",
        "Content-Length": "435",
        "Content-Type": "application/json",
        "traceparent": "00-6d974ba62487948d454fe21fafc9f4a6-64e1f9acb77f37f1-00",
        "User-Agent": "azsdk-net-ResourceManager.DataFactory/1.0.0-alpha.20231121.1 (.NET 7.0.14; Microsoft Windows 10.0.22621)",
        "x-ms-client-request-id": "cde0c76417d0ec5ca3f4b1a7f1f1f4e8",
        "x-ms-return-client-request-id": "true"
      },
      "RequestBody": {
        "properties": {
          "activities": [
            {
              "inputs": [
                {
                  "type": "DatasetReference",
                  "referenceName": "adf-dataset-sapbw-2755"
                }
              ],
              "outputs": [
                {
                  "type": "DatasetReference",
                  "referenceName": "adf-dataset-sapbw-3115"
                }
              ],
              "policy": {
                "timeout": "01:00:00",
                "retry": 2
              },
              "name": "adf-pipeline-task-5171",
              "type": "Copy",
              "typeProperties": {
                "source": {
                  "query": "fakeQuery",
                  "type": "SapBwSource"
                },
                "sink": {
                  "type": "BlobSink",
                  "writeBatchSize": 100000,
                  "writeBatchTimeout": "01:00:00"
                }
              }
            }
          ]
        }
      },
      "StatusCode": 200,
      "ResponseHeaders": {
        "Cache-Control": "no-cache",
        "Content-Length": "1130",
        "Content-Type": "application/json; charset=utf-8",
        "Date": "Tue, 21 Nov 2023 09:27:07 GMT",
        "Expires": "-1",
        "Pragma": "no-cache",
        "Strict-Transport-Security": "max-age=31536000; includeSubDomains",
        "X-Cache": "CONFIG_NOCACHE",
        "X-Content-Type-Options": "nosniff",
        "x-ms-correlation-request-id": "50eef6eb-3930-4c10-89ea-729b80e0db18",
        "x-ms-ratelimit-remaining-subscription-writes": "1195",
        "x-ms-request-id": "50eef6eb-3930-4c10-89ea-729b80e0db18",
        "x-ms-routing-request-id": "JAPANEAST:20231121T092707Z:50eef6eb-3930-4c10-89ea-729b80e0db18",
        "X-MSEdge-Ref": "Ref A: CA7C9166F0364E89813105770294A385 Ref B: TYO201100115029 Ref C: 2023-11-21T09:27:07Z"
      },
      "ResponseBody": {
        "id": "/subscriptions/da1d7b9a-a759-41c8-bb73-093a1818e03a/resourceGroups/adf-rg-sapbw-4240/providers/Microsoft.DataFactory/factories/adf-sapbw-799/pipelines/adf-pipeline-sapbw-953",
        "name": "adf-pipeline-sapbw-953",
        "type": "Microsoft.DataFactory/factories/pipelines",
        "properties": {
          "activities": [
            {
              "inputs": [
                {
                  "type": "DatasetReference",
                  "referenceName": "adf-dataset-sapbw-2755"
                }
              ],
              "outputs": [
                {
                  "type": "DatasetReference",
                  "referenceName": "adf-dataset-sapbw-3115"
                }
              ],
              "policy": {
                "timeout": "01:00:00",
                "retry": 2
              },
              "name": "adf-pipeline-task-5171",
              "type": "Copy",
              "typeProperties": {
                "source": {
                  "query": "fakeQuery",
                  "type": "SapBwSource"
                },
                "sink": {
                  "type": "BlobSink",
                  "writeBatchSize": 100000,
                  "writeBatchTimeout": "01:00:00"
                }
              }
            }
          ]
        },
        "etag": "4a1d7cbe-0000-0800-0000-655c77eb0000"
      }
    }
  ],
  "Variables": {
    "AZURE_AUTHORITY_HOST": null,
    "RandomSeed": "1318042951",
    "RESOURCE_MANAGER_URL": null,
    "SUBSCRIPTION_ID": "da1d7b9a-a759-41c8-bb73-093a1818e03a"
  }
}
