{
  "Entries": [
    {
      "RequestUri": "https://management.azure.com/subscriptions/da1d7b9a-a759-41c8-bb73-093a1818e03a?api-version=2022-12-01",
      "RequestMethod": "GET",
      "RequestHeaders": {
        "Accept": "application/json",
        "Authorization": "Sanitized",
        "traceparent": "00-97d19845313be48da1f917a717b9e747-2c1641001d0cf369-00",
        "User-Agent": "azsdk-net-ResourceManager/1.9.0 (.NET 7.0.14; Microsoft Windows 10.0.22621)",
        "x-ms-client-request-id": "24d0154abd364a9d267833245f358966",
        "x-ms-return-client-request-id": "true"
      },
      "RequestBody": null,
      "StatusCode": 200,
      "ResponseHeaders": {
        "Cache-Control": "no-cache",
        "Content-Length": "501",
        "Content-Type": "application/json; charset=utf-8",
        "Date": "Tue, 21 Nov 2023 09:27:47 GMT",
        "Expires": "-1",
        "Pragma": "no-cache",
        "Strict-Transport-Security": "max-age=31536000; includeSubDomains",
        "X-Cache": "CONFIG_NOCACHE",
        "X-Content-Type-Options": "nosniff",
        "x-ms-correlation-request-id": "86bfa338-580a-4bac-b47a-628f07f2ee88",
        "x-ms-ratelimit-remaining-subscription-reads": "11381",
        "x-ms-request-id": "86bfa338-580a-4bac-b47a-628f07f2ee88",
        "x-ms-routing-request-id": "JAPANEAST:20231121T092747Z:86bfa338-580a-4bac-b47a-628f07f2ee88",
        "X-MSEdge-Ref": "Ref A: DD4D751323D647159A1DC595EE71426E Ref B: TYO201100115029 Ref C: 2023-11-21T09:27:47Z"
      },
      "ResponseBody": {
        "id": "/subscriptions/da1d7b9a-a759-41c8-bb73-093a1818e03a",
        "authorizationSource": "RoleBased",
        "managedByTenants": [
          {
            "tenantId": "2f4a9838-26b7-47ee-be60-ccc1fdec5953"
          }
        ],
        "tags": {
          "NRMS10318670": "20220720"
        },
        "subscriptionId": "da1d7b9a-a759-41c8-bb73-093a1818e03a",
        "tenantId": "72f988bf-86f1-41af-91ab-2d7cd011db47",
        "displayName": "ADMS_Test_Engineering_RichTransform",
        "state": "Enabled",
        "subscriptionPolicies": {
          "locationPlacementId": "Internal_2014-09-01",
          "quotaId": "Internal_2014-09-01",
          "spendingLimit": "Off"
        }
      }
    },
    {
      "RequestUri": "https://management.azure.com/subscriptions/da1d7b9a-a759-41c8-bb73-093a1818e03a/resourcegroups/adf-rg-saptable-9652?api-version=2022-09-01",
      "RequestMethod": "PUT",
      "RequestHeaders": {
        "Accept": "application/json",
        "Authorization": "Sanitized",
        "Content-Length": "22",
        "Content-Type": "application/json",
        "traceparent": "00-cd8c28c645731014a4d61a96bd356772-b03b9d9810cbafe6-00",
        "User-Agent": "azsdk-net-ResourceManager/1.9.0 (.NET 7.0.14; Microsoft Windows 10.0.22621)",
        "x-ms-client-request-id": "78894601d75b1058746325d6ac6cf0e0",
        "x-ms-return-client-request-id": "true"
      },
      "RequestBody": {
        "location": "westus2"
      },
      "StatusCode": 201,
      "ResponseHeaders": {
        "Cache-Control": "no-cache",
        "Content-Length": "238",
        "Content-Type": "application/json; charset=utf-8",
        "Date": "Tue, 21 Nov 2023 09:27:48 GMT",
        "Expires": "-1",
        "Pragma": "no-cache",
        "Strict-Transport-Security": "max-age=31536000; includeSubDomains",
        "X-Cache": "CONFIG_NOCACHE",
        "X-Content-Type-Options": "nosniff",
        "x-ms-correlation-request-id": "85f01ac4-513e-4ae2-850b-c8a960fa11e8",
        "x-ms-ratelimit-remaining-subscription-writes": "1184",
        "x-ms-request-id": "85f01ac4-513e-4ae2-850b-c8a960fa11e8",
        "x-ms-routing-request-id": "JAPANEAST:20231121T092748Z:85f01ac4-513e-4ae2-850b-c8a960fa11e8",
        "X-MSEdge-Ref": "Ref A: 3FBC59425E8B4DB586FE3FAAFA4F05FA Ref B: TYO201100115029 Ref C: 2023-11-21T09:27:48Z"
      },
      "ResponseBody": {
        "id": "/subscriptions/da1d7b9a-a759-41c8-bb73-093a1818e03a/resourceGroups/adf-rg-saptable-9652",
        "name": "adf-rg-saptable-9652",
        "type": "Microsoft.Resources/resourceGroups",
        "location": "westus2",
        "properties": {
          "provisioningState": "Succeeded"
        }
      }
    },
    {
      "RequestUri": "https://management.azure.com/subscriptions/da1d7b9a-a759-41c8-bb73-093a1818e03a/resourceGroups/adf-rg-saptable-9652/providers/Microsoft.DataFactory/factories/adf-saptable-7608?api-version=2018-06-01",
      "RequestMethod": "PUT",
      "RequestHeaders": {
        "Accept": "application/json",
        "Authorization": "Sanitized",
        "Content-Length": "48",
        "Content-Type": "application/json",
        "traceparent": "00-57c6316e8db90d76d5e67884443c67e9-22d9eb8aaa661ce0-00",
        "User-Agent": "azsdk-net-ResourceManager.DataFactory/1.0.0-alpha.20231121.1 (.NET 7.0.14; Microsoft Windows 10.0.22621)",
        "x-ms-client-request-id": "61bfca4134c6735daa7aa00202b7a0a1",
        "x-ms-return-client-request-id": "true"
      },
      "RequestBody": {
        "tags": {},
        "location": "westus2",
        "properties": {}
      },
      "StatusCode": 200,
      "ResponseHeaders": {
        "Cache-Control": "no-cache",
        "Content-Length": "469",
        "Content-Type": "application/json; charset=utf-8",
        "Date": "Tue, 21 Nov 2023 09:27:51 GMT",
        "Expires": "-1",
        "Pragma": "no-cache",
        "Strict-Transport-Security": "max-age=31536000; includeSubDomains",
        "X-Cache": "CONFIG_NOCACHE",
        "X-Content-Type-Options": "nosniff",
        "x-ms-correlation-request-id": "cc344b15-1c20-4bc9-960c-55bfebc45e2b",
        "x-ms-ratelimit-remaining-subscription-writes": "1189",
        "x-ms-request-id": "cc344b15-1c20-4bc9-960c-55bfebc45e2b",
        "x-ms-routing-request-id": "JAPANEAST:20231121T092751Z:cc344b15-1c20-4bc9-960c-55bfebc45e2b",
        "X-MSEdge-Ref": "Ref A: DF98287CFA8B4222982549852D3F5571 Ref B: TYO201100115029 Ref C: 2023-11-21T09:27:48Z"
      },
      "ResponseBody": {
        "name": "adf-saptable-7608",
        "id": "/subscriptions/da1d7b9a-a759-41c8-bb73-093a1818e03a/resourceGroups/adf-rg-saptable-9652/providers/Microsoft.DataFactory/factories/adf-saptable-7608",
        "type": "Microsoft.DataFactory/factories",
        "properties": {
          "provisioningState": "Succeeded",
          "createTime": "2023-11-21T09:27:50.9161316Z",
          "version": "2018-06-01"
        },
        "eTag": "\u002244043378-0000-0800-0000-655c78160000\u0022",
        "location": "westus2",
        "tags": {}
      }
    },
    {
      "RequestUri": "https://management.azure.com/subscriptions/da1d7b9a-a759-41c8-bb73-093a1818e03a/resourceGroups/adf-rg-saptable-9652/providers/Microsoft.DataFactory/factories/adf-saptable-7608/linkedservices/adf_linkedservice_saptable_2268?api-version=2018-06-01",
      "RequestMethod": "PUT",
      "RequestHeaders": {
        "Accept": "application/json",
        "Authorization": "Sanitized",
        "Content-Length": "185",
        "Content-Type": "application/json",
        "traceparent": "00-dc21e9dd9774b83fedf3f526aad3ee5b-6e52e4193ebd1813-00",
        "User-Agent": "azsdk-net-ResourceManager.DataFactory/1.0.0-alpha.20231121.1 (.NET 7.0.14; Microsoft Windows 10.0.22621)",
        "x-ms-client-request-id": "fef4c966bd73b0c0d397c69dba88538e",
        "x-ms-return-client-request-id": "true"
      },
      "RequestBody": {
        "properties": {
          "type": "SapTable",
          "typeProperties": {
            "server": "testserver",
            "clientId": "1",
            "userName": "admin",
            "password": {
              "value": "fakePassword",
              "type": "SecureString"
            },
            "sncMode": "false"
          }
        }
      },
      "StatusCode": 200,
      "ResponseHeaders": {
        "Cache-Control": "no-cache",
        "Content-Length": "850",
        "Content-Type": "application/json; charset=utf-8",
        "Date": "Tue, 21 Nov 2023 09:27:51 GMT",
        "Expires": "-1",
        "Pragma": "no-cache",
        "Strict-Transport-Security": "max-age=31536000; includeSubDomains",
        "X-Cache": "CONFIG_NOCACHE",
        "X-Content-Type-Options": "nosniff",
        "x-ms-correlation-request-id": "20cb8e8b-8ae2-42b5-b7b9-1b23689258f7",
        "x-ms-ratelimit-remaining-subscription-writes": "1180",
        "x-ms-request-id": "20cb8e8b-8ae2-42b5-b7b9-1b23689258f7",
        "x-ms-routing-request-id": "JAPANEAST:20231121T092752Z:20cb8e8b-8ae2-42b5-b7b9-1b23689258f7",
        "X-MSEdge-Ref": "Ref A: 697E33CF8ADE438F8D7E4087FBF746EF Ref B: TYO201100115029 Ref C: 2023-11-21T09:27:51Z"
      },
      "ResponseBody": {
        "id": "/subscriptions/da1d7b9a-a759-41c8-bb73-093a1818e03a/resourceGroups/adf-rg-saptable-9652/providers/Microsoft.DataFactory/factories/adf-saptable-7608/linkedservices/adf_linkedservice_saptable_2268",
        "name": "adf_linkedservice_saptable_2268",
        "type": "Microsoft.DataFactory/factories/linkedservices",
        "properties": {
          "type": "SapTable",
          "typeProperties": {
            "server": "testserver",
            "clientId": "1",
            "userName": "admin",
            "sncMode": "false",
            "encryptedCredential": "ew0KICAiVmVyc2lvbiI6ICIyMDE3LTExLTMwIiwNCiAgIlByb3RlY3Rpb25Nb2RlIjogIktleSIsDQogICJTZWNyZXRDb250ZW50VHlwZSI6ICJQbGFpbnRleHQiLA0KICAiQ3JlZGVudGlhbElkIjogIkRBVEFGQUNUT1JZQEI1NUY3N0IxLUM5OEUtNEQxMy1CNjlGLTYxQkU2RENENUU3Rl8wMzdmMWIxYS05Y2U5LTRlMWYtYjcwMi02NmEyZTBjMzIyNTUiDQp9"
          }
        },
        "etag": "f306b1b1-0000-0800-0000-655c78170000"
      }
    },
    {
      "RequestUri": "https://management.azure.com/subscriptions/da1d7b9a-a759-41c8-bb73-093a1818e03a/resourceGroups/adf-rg-saptable-9652/providers/Microsoft.DataFactory/factories/adf-saptable-7608/datasets/adf-dataset-saptable-2226?api-version=2018-06-01",
      "RequestMethod": "PUT",
      "RequestHeaders": {
        "Accept": "application/json",
        "Authorization": "Sanitized",
        "Content-Length": "188",
        "Content-Type": "application/json",
        "traceparent": "00-384026c9ef2c390b40bdf7145cd6a455-05962e6c72ac9c7f-00",
        "User-Agent": "azsdk-net-ResourceManager.DataFactory/1.0.0-alpha.20231121.1 (.NET 7.0.14; Microsoft Windows 10.0.22621)",
        "x-ms-client-request-id": "04c96b1e123b042cb15cb80d72ac8535",
        "x-ms-return-client-request-id": "true"
      },
      "RequestBody": {
        "properties": {
          "type": "SapTableResource",
          "linkedServiceName": {
            "type": "LinkedServiceReference",
            "referenceName": "adf_linkedservice_saptable_2268"
          },
          "typeProperties": {
            "tableName": "fakeName"
          }
        }
      },
      "StatusCode": 200,
      "ResponseHeaders": {
        "Cache-Control": "no-cache",
        "Content-Length": "585",
        "Content-Type": "application/json; charset=utf-8",
        "Date": "Tue, 21 Nov 2023 09:27:52 GMT",
        "Expires": "-1",
        "Pragma": "no-cache",
        "Strict-Transport-Security": "max-age=31536000; includeSubDomains",
        "X-Cache": "CONFIG_NOCACHE",
        "X-Content-Type-Options": "nosniff",
        "x-ms-correlation-request-id": "ee124d42-f7ee-4603-b3a3-244537e8e132",
        "x-ms-ratelimit-remaining-subscription-writes": "1183",
        "x-ms-request-id": "ee124d42-f7ee-4603-b3a3-244537e8e132",
        "x-ms-routing-request-id": "JAPANEAST:20231121T092752Z:ee124d42-f7ee-4603-b3a3-244537e8e132",
        "X-MSEdge-Ref": "Ref A: 231D91EEF01D48188DCB88BF210215FF Ref B: TYO201100115029 Ref C: 2023-11-21T09:27:52Z"
      },
      "ResponseBody": {
        "id": "/subscriptions/da1d7b9a-a759-41c8-bb73-093a1818e03a/resourceGroups/adf-rg-saptable-9652/providers/Microsoft.DataFactory/factories/adf-saptable-7608/datasets/adf-dataset-saptable-2226",
        "name": "adf-dataset-saptable-2226",
        "type": "Microsoft.DataFactory/factories/datasets",
        "properties": {
          "type": "SapTableResource",
          "linkedServiceName": {
            "type": "LinkedServiceReference",
            "referenceName": "adf_linkedservice_saptable_2268"
          },
          "typeProperties": {
            "tableName": "fakeName"
          }
        },
        "etag": "f306c5b1-0000-0800-0000-655c78180000"
      }
    },
    {
      "RequestUri": "https://management.azure.com/subscriptions/da1d7b9a-a759-41c8-bb73-093a1818e03a/resourceGroups/adf-rg-saptable-9652/providers/Microsoft.DataFactory/factories/adf-saptable-7608/linkedservices/adf_linkedservice_saptable_5159?api-version=2018-06-01",
      "RequestMethod": "PUT",
      "RequestHeaders": {
        "Accept": "application/json",
        "Authorization": "Sanitized",
        "Content-Length": "133",
        "Content-Type": "application/json",
        "traceparent": "00-3097bca1c960d5efa8935f583f5a2b0a-8fff6b4b22456a38-00",
        "User-Agent": "azsdk-net-ResourceManager.DataFactory/1.0.0-alpha.20231121.1 (.NET 7.0.14; Microsoft Windows 10.0.22621)",
        "x-ms-client-request-id": "43a21689025715a160c5ac0cc018af74",
        "x-ms-return-client-request-id": "true"
      },
      "RequestBody": {
        "properties": {
          "type": "AzureDataLakeStore",
          "typeProperties": {
            "dataLakeStoreUri": "https://test.azuredatalakestore.net/testindex/v1"
          }
        }
      },
      "StatusCode": 200,
      "ResponseHeaders": {
        "Cache-Control": "no-cache",
        "Content-Length": "527",
        "Content-Type": "application/json; charset=utf-8",
        "Date": "Tue, 21 Nov 2023 09:27:53 GMT",
        "Expires": "-1",
        "Pragma": "no-cache",
        "Strict-Transport-Security": "max-age=31536000; includeSubDomains",
        "X-Cache": "CONFIG_NOCACHE",
        "X-Content-Type-Options": "nosniff",
        "x-ms-correlation-request-id": "11b71245-3811-42ad-b6d8-046c3a439618",
        "x-ms-ratelimit-remaining-subscription-writes": "1182",
        "x-ms-request-id": "11b71245-3811-42ad-b6d8-046c3a439618",
        "x-ms-routing-request-id": "JAPANEAST:20231121T092753Z:11b71245-3811-42ad-b6d8-046c3a439618",
        "X-MSEdge-Ref": "Ref A: D275CEEB62B24BE49D0F92036F7CEA79 Ref B: TYO201100115029 Ref C: 2023-11-21T09:27:52Z"
      },
      "ResponseBody": {
        "id": "/subscriptions/da1d7b9a-a759-41c8-bb73-093a1818e03a/resourceGroups/adf-rg-saptable-9652/providers/Microsoft.DataFactory/factories/adf-saptable-7608/linkedservices/adf_linkedservice_saptable_5159",
        "name": "adf_linkedservice_saptable_5159",
        "type": "Microsoft.DataFactory/factories/linkedservices",
        "properties": {
          "type": "AzureDataLakeStore",
          "typeProperties": {
            "dataLakeStoreUri": "https://test.azuredatalakestore.net/testindex/v1"
          }
        },
        "etag": "f306cdb1-0000-0800-0000-655c78190000"
      }
    },
    {
      "RequestUri": "https://management.azure.com/subscriptions/da1d7b9a-a759-41c8-bb73-093a1818e03a/resourceGroups/adf-rg-saptable-9652/providers/Microsoft.DataFactory/factories/adf-saptable-7608/datasets/adf-dataset-saptable-549?api-version=2018-06-01",
      "RequestMethod": "PUT",
      "RequestHeaders": {
        "Accept": "application/json",
        "Authorization": "Sanitized",
        "Content-Length": "172",
        "Content-Type": "application/json",
        "traceparent": "00-4b7d81998bc4228870d5fdf8922dfce1-aed51d9fe8f4c761-00",
        "User-Agent": "azsdk-net-ResourceManager.DataFactory/1.0.0-alpha.20231121.1 (.NET 7.0.14; Microsoft Windows 10.0.22621)",
        "x-ms-client-request-id": "cdd7359854cdf09c4c1604b33d261291",
        "x-ms-return-client-request-id": "true"
      },
      "RequestBody": {
        "properties": {
          "type": "AzureDataLakeStoreFile",
          "linkedServiceName": {
            "type": "LinkedServiceReference",
            "referenceName": "adf_linkedservice_saptable_5159"
          },
          "typeProperties": {}
        }
      },
      "StatusCode": 200,
      "ResponseHeaders": {
        "Cache-Control": "no-cache",
        "Content-Length": "554",
        "Content-Type": "application/json; charset=utf-8",
        "Date": "Tue, 21 Nov 2023 09:27:53 GMT",
        "Expires": "-1",
        "Pragma": "no-cache",
        "Strict-Transport-Security": "max-age=31536000; includeSubDomains",
        "X-Cache": "CONFIG_NOCACHE",
        "X-Content-Type-Options": "nosniff",
        "x-ms-correlation-request-id": "7b7ff4d9-e1c4-4f1a-a282-b3dd6b0e9b56",
        "x-ms-ratelimit-remaining-subscription-writes": "1181",
        "x-ms-request-id": "7b7ff4d9-e1c4-4f1a-a282-b3dd6b0e9b56",
        "x-ms-routing-request-id": "JAPANEAST:20231121T092753Z:7b7ff4d9-e1c4-4f1a-a282-b3dd6b0e9b56",
        "X-MSEdge-Ref": "Ref A: 5899D996256C4E38BE44D8A577B8DA38 Ref B: TYO201100115029 Ref C: 2023-11-21T09:27:53Z"
      },
      "ResponseBody": {
        "id": "/subscriptions/da1d7b9a-a759-41c8-bb73-093a1818e03a/resourceGroups/adf-rg-saptable-9652/providers/Microsoft.DataFactory/factories/adf-saptable-7608/datasets/adf-dataset-saptable-549",
        "name": "adf-dataset-saptable-549",
        "type": "Microsoft.DataFactory/factories/datasets",
        "properties": {
          "type": "AzureDataLakeStoreFile",
          "linkedServiceName": {
            "type": "LinkedServiceReference",
            "referenceName": "adf_linkedservice_saptable_5159"
          },
          "typeProperties": {}
        },
        "etag": "f306d9b1-0000-0800-0000-655c78190000"
      }
    },
    {
      "RequestUri": "https://management.azure.com/subscriptions/da1d7b9a-a759-41c8-bb73-093a1818e03a/resourceGroups/adf-rg-saptable-9652/providers/Microsoft.DataFactory/factories/adf-saptable-7608/pipelines/adf-pipeline-saptable-992?api-version=2018-06-01",
      "RequestMethod": "PUT",
      "RequestHeaders": {
        "Accept": "application/json",
        "Authorization": "Sanitized",
        "Content-Length": "782",
        "Content-Type": "application/json",
        "traceparent": "00-812e760a4c7c9b4e42d67f959420bdf1-d3133487b4634c61-00",
        "User-Agent": "azsdk-net-ResourceManager.DataFactory/1.0.0-alpha.20231121.1 (.NET 7.0.14; Microsoft Windows 10.0.22621)",
        "x-ms-client-request-id": "ec3cfe5714db63c625b16658a49ba05e",
        "x-ms-return-client-request-id": "true"
      },
      "RequestBody": {
        "properties": {
          "activities": [
            {
              "inputs": [
                {
                  "type": "DatasetReference",
                  "referenceName": "adf-dataset-saptable-2226"
                }
              ],
              "outputs": [
                {
                  "type": "DatasetReference",
                  "referenceName": "adf-dataset-saptable-549"
                }
              ],
              "linkedServiceName": {
                "type": "LinkedServiceReference",
                "referenceName": "adf_linkedservice_saptable_2268"
              },
              "policy": {
                "timeout": "00:00:05",
                "retry": 3
              },
              "name": "adf-pipeline-task-9426",
              "type": "Copy",
              "typeProperties": {
                "source": {
                  "rowCount": 3,
                  "sapDataColumnDelimiter": "|",
                  "partitionOption": "pipeline().parameters.parallelOption",
                  "partitionSettings": {
                    "partitionColumnName": "fakeColumn",
                    "partitionUpperBound": "20190405",
                    "partitionLowerBound": "20170809",
                    "maxPartitionsNumber": 3
                  },
                  "type": "SapTableSource"
                },
                "sink": {
                  "type": "AzureDataLakeStoreSink"
                }
              }
            }
          ],
          "parameters": {
            "parallelOption": {
              "type": "String"
            }
          }
        }
      },
      "StatusCode": 200,
      "ResponseHeaders": {
        "Cache-Control": "no-cache",
        "Content-Length": "1660",
        "Content-Type": "application/json; charset=utf-8",
        "Date": "Tue, 21 Nov 2023 09:27:54 GMT",
        "Expires": "-1",
        "Pragma": "no-cache",
        "Strict-Transport-Security": "max-age=31536000; includeSubDomains",
        "X-Cache": "CONFIG_NOCACHE",
        "X-Content-Type-Options": "nosniff",
        "x-ms-correlation-request-id": "652e7c02-eb6a-4808-9b73-3ecc908570f0",
        "x-ms-ratelimit-remaining-subscription-writes": "1180",
        "x-ms-request-id": "652e7c02-eb6a-4808-9b73-3ecc908570f0",
        "x-ms-routing-request-id": "JAPANEAST:20231121T092754Z:652e7c02-eb6a-4808-9b73-3ecc908570f0",
        "X-MSEdge-Ref": "Ref A: 44EF1961930A409C9EAAC861104841D7 Ref B: TYO201100115029 Ref C: 2023-11-21T09:27:53Z"
      },
      "ResponseBody": {
        "id": "/subscriptions/da1d7b9a-a759-41c8-bb73-093a1818e03a/resourceGroups/adf-rg-saptable-9652/providers/Microsoft.DataFactory/factories/adf-saptable-7608/pipelines/adf-pipeline-saptable-992",
        "name": "adf-pipeline-saptable-992",
        "type": "Microsoft.DataFactory/factories/pipelines",
        "properties": {
          "activities": [
            {
              "inputs": [
                {
                  "type": "DatasetReference",
                  "referenceName": "adf-dataset-saptable-2226"
                }
              ],
              "outputs": [
                {
                  "type": "DatasetReference",
                  "referenceName": "adf-dataset-saptable-549"
                }
              ],
              "linkedServiceName": {
                "type": "LinkedServiceReference",
                "referenceName": "adf_linkedservice_saptable_2268"
              },
              "policy": {
                "timeout": "00:00:05",
                "retry": 3
              },
              "name": "adf-pipeline-task-9426",
              "type": "Copy",
              "typeProperties": {
                "source": {
                  "rowCount": 3,
                  "sapDataColumnDelimiter": "|",
                  "partitionOption": "pipeline().parameters.parallelOption",
                  "partitionSettings": {
                    "partitionColumnName": "fakeColumn",
                    "partitionUpperBound": "20190405",
                    "partitionLowerBound": "20170809",
                    "maxPartitionsNumber": 3
                  },
                  "type": "SapTableSource"
                },
                "sink": {
                  "type": "AzureDataLakeStoreSink"
                }
              }
            }
          ],
          "parameters": {
            "parallelOption": {
              "type": "String"
            }
          }
        },
        "etag": "f306edb1-0000-0800-0000-655c781a0000"
      }
    }
  ],
  "Variables": {
    "AZURE_AUTHORITY_HOST": null,
    "RandomSeed": "1953798678",
    "RESOURCE_MANAGER_URL": null,
    "SUBSCRIPTION_ID": "da1d7b9a-a759-41c8-bb73-093a1818e03a"
  }
}
