{
  "Entries": [
    {
      "RequestUri": "https://management.azure.com/subscriptions/da1d7b9a-a759-41c8-bb73-093a1818e03a/resourceGroups/DataFactory-RG-9687/providers/Microsoft.DataFactory/factories/DataFactory-0f3baf90-59d7-34ed-a591-e319b8e0424f-2062?api-version=2018-06-01",
      "RequestMethod": "PUT",
      "RequestHeaders": {
        "Accept": "application/json",
        "Authorization": "Sanitized",
        "Content-Length": "48",
        "Content-Type": "application/json",
        "traceparent": "00-4fcff91fb9d2b3786596026fbbbf8513-2db418135979854e-00",
        "User-Agent": "azsdk-net-ResourceManager.DataFactory/1.0.0-alpha.20231104.1 (.NET 7.0.13; Microsoft Windows 10.0.22621)",
        "x-ms-client-request-id": "87626ed80dd5298cf4a0790a08aff97b",
        "x-ms-return-client-request-id": "true"
      },
      "RequestBody": {
        "tags": {},
        "location": "westus2",
        "properties": {}
      },
      "StatusCode": 200,
      "ResponseHeaders": {
        "Cache-Control": "no-cache",
        "Content-Length": "539",
        "Content-Type": "application/json; charset=utf-8",
        "Date": "Sat, 04 Nov 2023 07:22:16 GMT",
        "Expires": "-1",
        "Pragma": "no-cache",
        "Server": "Kestrel",
        "Strict-Transport-Security": "max-age=31536000; includeSubDomains",
        "X-Content-Type-Options": "nosniff",
        "x-ms-correlation-request-id": "ddc4a7f1-8e04-404d-98fa-c704a3721565",
        "x-ms-ratelimit-remaining-subscription-writes": "644",
        "x-ms-request-id": "ddc4a7f1-8e04-404d-98fa-c704a3721565",
        "x-ms-routing-request-id": "SOUTHEASTASIA:20231104T072217Z:ddc4a7f1-8e04-404d-98fa-c704a3721565"
      },
      "ResponseBody": {
        "name": "DataFactory-0f3baf90-59d7-34ed-a591-e319b8e0424f-2062",
        "id": "/subscriptions/da1d7b9a-a759-41c8-bb73-093a1818e03a/resourceGroups/datafactory-rg-9687/providers/Microsoft.DataFactory/factories/datafactory-0f3baf90-59d7-34ed-a591-e319b8e0424f-2062",
        "type": "Microsoft.DataFactory/factories",
        "properties": {
          "provisioningState": "Succeeded",
          "createTime": "2023-11-04T07:22:16.999487Z",
          "version": "2018-06-01"
        },
        "eTag": "\u002289016b24-0000-0800-0000-6545f1290000\u0022",
        "location": "westus2",
        "tags": {}
      }
    },
    {
      "RequestUri": "https://management.azure.com/subscriptions/da1d7b9a-a759-41c8-bb73-093a1818e03a/resourceGroups/datafactory-rg-9687/providers/Microsoft.DataFactory/factories/datafactory-0f3baf90-59d7-34ed-a591-e319b8e0424f-2062/linkedservices/linkedService_3834?api-version=2018-06-01",
      "RequestMethod": "PUT",
      "RequestHeaders": {
        "Accept": "application/json",
        "Authorization": "Sanitized",
        "Content-Length": "205",
        "Content-Type": "application/json",
        "traceparent": "00-3887137138384793b9b9fc2da72bc8dc-61202b0e48ee846d-00",
        "User-Agent": "azsdk-net-ResourceManager.DataFactory/1.0.0-alpha.20231104.1 (.NET 7.0.13; Microsoft Windows 10.0.22621)",
        "x-ms-client-request-id": "90bf80e90cda338d69faeccdbd757e0a",
        "x-ms-return-client-request-id": "true"
      },
      "RequestBody": {
        "properties": {
          "type": "MongoDbAtlas",
          "typeProperties": {
            "connectionString": {
              "value": "mongodb\u002Bsrv://myDatabaseUser:@server.example.com",
              "type": "SecureString"
            },
            "database": "TestDB",
            "driverVersion": "v2"
          }
        }
      },
      "StatusCode": 200,
      "ResponseHeaders": {
        "Cache-Control": "no-cache",
        "Content-Length": "608",
        "Content-Type": "application/json; charset=utf-8",
        "Date": "Sat, 04 Nov 2023 07:22:17 GMT",
        "Expires": "-1",
        "Pragma": "no-cache",
        "Server": "Kestrel",
        "Strict-Transport-Security": "max-age=31536000; includeSubDomains",
        "X-Content-Type-Options": "nosniff",
        "x-ms-correlation-request-id": "9005d26c-5339-4026-8f18-c2274da71bb7",
        "x-ms-ratelimit-remaining-subscription-writes": "643",
        "x-ms-request-id": "9005d26c-5339-4026-8f18-c2274da71bb7",
        "x-ms-routing-request-id": "SOUTHEASTASIA:20231104T072217Z:9005d26c-5339-4026-8f18-c2274da71bb7"
      },
      "ResponseBody": {
        "id": "/subscriptions/da1d7b9a-a759-41c8-bb73-093a1818e03a/resourceGroups/datafactory-rg-9687/providers/Microsoft.DataFactory/factories/datafactory-0f3baf90-59d7-34ed-a591-e319b8e0424f-2062/linkedservices/linkedService_3834",
        "name": "linkedService_3834",
        "type": "Microsoft.DataFactory/factories/linkedservices",
        "properties": {
          "type": "MongoDbAtlas",
          "typeProperties": {
            "connectionString": {
              "type": "SecureString",
              "value": "**********"
            },
            "database": "TestDB",
            "driverVersion": "v2"
          }
        },
        "etag": "0200144d-0000-0800-0000-6545f1290000"
      }
    },
    {
      "RequestUri": "https://management.azure.com/subscriptions/da1d7b9a-a759-41c8-bb73-093a1818e03a/resourceGroups/datafactory-rg-9687/providers/Microsoft.DataFactory/factories/datafactory-0f3baf90-59d7-34ed-a591-e319b8e0424f-2062/datasets/dataset_146?api-version=2018-06-01",
      "RequestMethod": "PUT",
      "RequestHeaders": {
        "Accept": "application/json",
        "Authorization": "Sanitized",
        "Content-Length": "188",
        "Content-Type": "application/json",
        "traceparent": "00-aa06e44a47de9054773d8084d6186be2-9e7471e20fc2a2d9-00",
        "User-Agent": "azsdk-net-ResourceManager.DataFactory/1.0.0-alpha.20231104.1 (.NET 7.0.13; Microsoft Windows 10.0.22621)",
        "x-ms-client-request-id": "32276c38756ecf55449b3eb99715ed04",
        "x-ms-return-client-request-id": "true"
      },
      "RequestBody": {
        "properties": {
          "type": "MongoDbAtlasCollection",
          "linkedServiceName": {
            "type": "LinkedServiceReference",
            "referenceName": "linkedService_3834"
          },
          "typeProperties": {
            "collection": "TestCollection"
          }
        }
      },
      "StatusCode": 200,
      "ResponseHeaders": {
        "Cache-Control": "no-cache",
        "Content-Length": "592",
        "Content-Type": "application/json; charset=utf-8",
        "Date": "Sat, 04 Nov 2023 07:22:17 GMT",
        "Expires": "-1",
        "Pragma": "no-cache",
        "Server": "Kestrel",
        "Strict-Transport-Security": "max-age=31536000; includeSubDomains",
        "X-Content-Type-Options": "nosniff",
        "x-ms-correlation-request-id": "cd1a3a29-ae29-4a4f-a40e-65444d5a1576",
        "x-ms-ratelimit-remaining-subscription-writes": "642",
        "x-ms-request-id": "cd1a3a29-ae29-4a4f-a40e-65444d5a1576",
        "x-ms-routing-request-id": "SOUTHEASTASIA:20231104T072218Z:cd1a3a29-ae29-4a4f-a40e-65444d5a1576"
      },
      "ResponseBody": {
        "id": "/subscriptions/da1d7b9a-a759-41c8-bb73-093a1818e03a/resourceGroups/datafactory-rg-9687/providers/Microsoft.DataFactory/factories/datafactory-0f3baf90-59d7-34ed-a591-e319b8e0424f-2062/datasets/dataset_146",
        "name": "dataset_146",
        "type": "Microsoft.DataFactory/factories/datasets",
        "properties": {
          "type": "MongoDbAtlasCollection",
          "linkedServiceName": {
            "type": "LinkedServiceReference",
            "referenceName": "linkedService_3834"
          },
          "typeProperties": {
            "collection": "TestCollection"
          }
        },
        "etag": "0200164d-0000-0800-0000-6545f12a0000"
      }
    },
    {
      "RequestUri": "https://management.azure.com/subscriptions/da1d7b9a-a759-41c8-bb73-093a1818e03a/resourceGroups/datafactory-rg-9687/providers/Microsoft.DataFactory/factories/datafactory-0f3baf90-59d7-34ed-a591-e319b8e0424f-2062/linkedservices/linkedService_8503?api-version=2018-06-01",
      "RequestMethod": "PUT",
      "RequestHeaders": {
        "Accept": "application/json",
        "Authorization": "Sanitized",
        "Content-Length": "181",
        "Content-Type": "application/json",
        "traceparent": "00-57543b2a78f4ca6f5fe8265fb5ab759d-16b331c7318f6031-00",
        "User-Agent": "azsdk-net-ResourceManager.DataFactory/1.0.0-alpha.20231104.1 (.NET 7.0.13; Microsoft Windows 10.0.22621)",
        "x-ms-client-request-id": "e285d75d45c780339bc0367f1e3af183",
        "x-ms-return-client-request-id": "true"
      },
      "RequestBody": {
        "properties": {
          "type": "MongoDbV2",
          "typeProperties": {
            "connectionString": {
              "value": "mongodb\u002Bsrv://myDatabaseUser:@server.example.com",
              "type": "SecureString"
            },
            "database": "TestDB"
          }
        }
      },
      "StatusCode": 200,
      "ResponseHeaders": {
        "Cache-Control": "no-cache",
        "Content-Length": "576",
        "Content-Type": "application/json; charset=utf-8",
        "Date": "Sat, 04 Nov 2023 07:22:18 GMT",
        "Expires": "-1",
        "Pragma": "no-cache",
        "Server": "Kestrel",
        "Strict-Transport-Security": "max-age=31536000; includeSubDomains",
        "X-Content-Type-Options": "nosniff",
        "x-ms-correlation-request-id": "bc1bea61-df69-41cd-aa92-03393ec0ba84",
        "x-ms-ratelimit-remaining-subscription-writes": "641",
        "x-ms-request-id": "bc1bea61-df69-41cd-aa92-03393ec0ba84",
        "x-ms-routing-request-id": "SOUTHEASTASIA:20231104T072218Z:bc1bea61-df69-41cd-aa92-03393ec0ba84"
      },
      "ResponseBody": {
        "id": "/subscriptions/da1d7b9a-a759-41c8-bb73-093a1818e03a/resourceGroups/datafactory-rg-9687/providers/Microsoft.DataFactory/factories/datafactory-0f3baf90-59d7-34ed-a591-e319b8e0424f-2062/linkedservices/linkedService_8503",
        "name": "linkedService_8503",
        "type": "Microsoft.DataFactory/factories/linkedservices",
        "properties": {
          "type": "MongoDbV2",
          "typeProperties": {
            "connectionString": {
              "type": "SecureString",
              "value": "**********"
            },
            "database": "TestDB"
          }
        },
        "etag": "0200184d-0000-0800-0000-6545f12a0000"
      }
    },
    {
      "RequestUri": "https://management.azure.com/subscriptions/da1d7b9a-a759-41c8-bb73-093a1818e03a/resourceGroups/datafactory-rg-9687/providers/Microsoft.DataFactory/factories/datafactory-0f3baf90-59d7-34ed-a591-e319b8e0424f-2062/datasets/dataset_482?api-version=2018-06-01",
      "RequestMethod": "PUT",
      "RequestHeaders": {
        "Accept": "application/json",
        "Authorization": "Sanitized",
        "Content-Length": "185",
        "Content-Type": "application/json",
        "traceparent": "00-dbf34f82841d4e75012e27f534053ade-46c07bd815dc5db7-00",
        "User-Agent": "azsdk-net-ResourceManager.DataFactory/1.0.0-alpha.20231104.1 (.NET 7.0.13; Microsoft Windows 10.0.22621)",
        "x-ms-client-request-id": "4554d9fd485b73922af04b3fced49c54",
        "x-ms-return-client-request-id": "true"
      },
      "RequestBody": {
        "properties": {
          "type": "MongoDbV2Collection",
          "linkedServiceName": {
            "type": "LinkedServiceReference",
            "referenceName": "linkedService_8503"
          },
          "typeProperties": {
            "collection": "TestCollection"
          }
        }
      },
      "StatusCode": 200,
      "ResponseHeaders": {
        "Cache-Control": "no-cache",
        "Content-Length": "589",
        "Content-Type": "application/json; charset=utf-8",
        "Date": "Sat, 04 Nov 2023 07:22:18 GMT",
        "Expires": "-1",
        "Pragma": "no-cache",
        "Server": "Kestrel",
        "Strict-Transport-Security": "max-age=31536000; includeSubDomains",
        "X-Content-Type-Options": "nosniff",
        "x-ms-correlation-request-id": "2bc8a03f-6b65-45b7-bd04-e1fe3c521327",
        "x-ms-ratelimit-remaining-subscription-writes": "640",
        "x-ms-request-id": "2bc8a03f-6b65-45b7-bd04-e1fe3c521327",
        "x-ms-routing-request-id": "SOUTHEASTASIA:20231104T072219Z:2bc8a03f-6b65-45b7-bd04-e1fe3c521327"
      },
      "ResponseBody": {
        "id": "/subscriptions/da1d7b9a-a759-41c8-bb73-093a1818e03a/resourceGroups/datafactory-rg-9687/providers/Microsoft.DataFactory/factories/datafactory-0f3baf90-59d7-34ed-a591-e319b8e0424f-2062/datasets/dataset_482",
        "name": "dataset_482",
        "type": "Microsoft.DataFactory/factories/datasets",
        "properties": {
          "type": "MongoDbV2Collection",
          "linkedServiceName": {
            "type": "LinkedServiceReference",
            "referenceName": "linkedService_8503"
          },
          "typeProperties": {
            "collection": "TestCollection"
          }
        },
        "etag": "02001a4d-0000-0800-0000-6545f12b0000"
      }
    },
    {
      "RequestUri": "https://management.azure.com/subscriptions/da1d7b9a-a759-41c8-bb73-093a1818e03a/resourceGroups/datafactory-rg-9687/providers/Microsoft.DataFactory/factories/datafactory-0f3baf90-59d7-34ed-a591-e319b8e0424f-2062/pipelines/pipeline-706?api-version=2018-06-01",
      "RequestMethod": "PUT",
      "RequestHeaders": {
        "Accept": "application/json",
        "Authorization": "Sanitized",
        "Content-Length": "613",
        "Content-Type": "application/json",
        "traceparent": "00-fb137796d7d4575978fc99387ad9347c-6ee56fd571a2b79e-00",
        "User-Agent": "azsdk-net-ResourceManager.DataFactory/1.0.0-alpha.20231104.1 (.NET 7.0.13; Microsoft Windows 10.0.22621)",
        "x-ms-client-request-id": "e670e70c9bf0f34339a797ae3ed5b109",
        "x-ms-return-client-request-id": "true"
      },
      "RequestBody": {
        "properties": {
          "activities": [
            {
              "inputs": [
                {
                  "type": "DatasetReference",
                  "referenceName": "dataset_146"
                }
              ],
              "outputs": [
                {
                  "type": "DatasetReference",
                  "referenceName": "dataset_482"
                }
              ],
              "name": "task-1293",
              "type": "Copy",
              "typeProperties": {
                "source": {
                  "filter": {
                    "type": "Expression",
                    "value": "@dataset().MyFilter"
                  },
                  "cursorMethods": {
                    "project": {
                      "type": "Expression",
                      "value": "@dataset().MyProject"
                    },
                    "sort": "{ age : 1 }",
                    "skip": 3,
                    "limit": 10
                  },
                  "batchSize": 5,
                  "type": "MongoDbAtlasSource"
                },
                "sink": {
                  "writeBehavior": "upsert",
                  "type": "MongoDbV2Sink",
                  "writeBatchSize": 5000
                }
              }
            }
          ],
          "parameters": {
            "MyFilter": {
              "type": "String"
            },
            "MyProject": {
              "type": "String"
            }
          }
        }
      },
      "StatusCode": 200,
      "ResponseHeaders": {
        "Cache-Control": "no-cache",
        "Content-Length": "1549",
        "Content-Type": "application/json; charset=utf-8",
        "Date": "Sat, 04 Nov 2023 07:22:19 GMT",
        "Expires": "-1",
        "Pragma": "no-cache",
        "Server": "Kestrel",
        "Strict-Transport-Security": "max-age=31536000; includeSubDomains",
        "X-Content-Type-Options": "nosniff",
        "x-ms-correlation-request-id": "af02bc52-9b9c-4279-b13a-442dcca70166",
        "x-ms-ratelimit-remaining-subscription-writes": "639",
        "x-ms-request-id": "af02bc52-9b9c-4279-b13a-442dcca70166",
        "x-ms-routing-request-id": "SOUTHEASTASIA:20231104T072220Z:af02bc52-9b9c-4279-b13a-442dcca70166"
      },
      "ResponseBody": {
        "id": "/subscriptions/da1d7b9a-a759-41c8-bb73-093a1818e03a/resourceGroups/datafactory-rg-9687/providers/Microsoft.DataFactory/factories/datafactory-0f3baf90-59d7-34ed-a591-e319b8e0424f-2062/pipelines/pipeline-706",
        "name": "pipeline-706",
        "type": "Microsoft.DataFactory/factories/pipelines",
        "properties": {
          "activities": [
            {
              "inputs": [
                {
                  "type": "DatasetReference",
                  "referenceName": "dataset_146"
                }
              ],
              "outputs": [
                {
                  "type": "DatasetReference",
                  "referenceName": "dataset_482"
                }
              ],
              "name": "task-1293",
              "type": "Copy",
              "typeProperties": {
                "source": {
                  "filter": {
                    "type": "Expression",
                    "value": "@dataset().MyFilter"
                  },
                  "cursorMethods": {
                    "project": {
                      "type": "Expression",
                      "value": "@dataset().MyProject"
                    },
                    "sort": "{ age : 1 }",
                    "skip": 3,
                    "limit": 10
                  },
                  "batchSize": 5,
                  "type": "MongoDbAtlasSource"
                },
                "sink": {
                  "writeBehavior": "upsert",
                  "type": "MongoDbV2Sink",
                  "writeBatchSize": 5000
                }
              }
            }
          ],
          "parameters": {
            "MyFilter": {
              "type": "String"
            },
            "MyProject": {
              "type": "String"
            }
          }
        },
        "etag": "02001c4d-0000-0800-0000-6545f12b0000"
      }
    }
  ],
  "Variables": {
    "AZURE_AUTHORITY_HOST": null,
    "RandomSeed": "1190949846",
    "RESOURCE_MANAGER_URL": null,
    "SUBSCRIPTION_ID": "da1d7b9a-a759-41c8-bb73-093a1818e03a"
  }
}
