{
  "Entries": [
    {
      "RequestUri": "https://management.azure.com/subscriptions/da1d7b9a-a759-41c8-bb73-093a1818e03a?api-version=2022-12-01",
      "RequestMethod": "GET",
      "RequestHeaders": {
        "Accept": "application/json",
        "Authorization": "Sanitized",
        "traceparent": "00-dd15cb09fe3eb6d6a8b3d031b8316b7c-5789fd51737bcbef-00",
        "User-Agent": "azsdk-net-ResourceManager/1.9.0 (.NET 7.0.14; Microsoft Windows 10.0.22621)",
        "x-ms-client-request-id": "0a82ea56cfdd592761b7e27d377bc9f5",
        "x-ms-return-client-request-id": "true"
      },
      "RequestBody": null,
      "StatusCode": 200,
      "ResponseHeaders": {
        "Cache-Control": "no-cache",
        "Content-Length": "501",
        "Content-Type": "application/json; charset=utf-8",
        "Date": "Tue, 21 Nov 2023 09:18:53 GMT",
        "Expires": "-1",
        "Pragma": "no-cache",
        "Strict-Transport-Security": "max-age=31536000; includeSubDomains",
        "X-Cache": "CONFIG_NOCACHE",
        "X-Content-Type-Options": "nosniff",
        "x-ms-correlation-request-id": "1de02656-b373-4ada-9a23-e3d5867581ff",
        "x-ms-ratelimit-remaining-subscription-reads": "11436",
        "x-ms-request-id": "1de02656-b373-4ada-9a23-e3d5867581ff",
        "x-ms-routing-request-id": "JAPANEAST:20231121T091854Z:1de02656-b373-4ada-9a23-e3d5867581ff",
        "X-MSEdge-Ref": "Ref A: F7B9CF5ABA154342B017816C51FEE20C Ref B: TYO201100115029 Ref C: 2023-11-21T09:18:54Z"
      },
      "ResponseBody": {
        "id": "/subscriptions/da1d7b9a-a759-41c8-bb73-093a1818e03a",
        "authorizationSource": "RoleBased",
        "managedByTenants": [
          {
            "tenantId": "2f4a9838-26b7-47ee-be60-ccc1fdec5953"
          }
        ],
        "tags": {
          "NRMS10318670": "20220720"
        },
        "subscriptionId": "da1d7b9a-a759-41c8-bb73-093a1818e03a",
        "tenantId": "72f988bf-86f1-41af-91ab-2d7cd011db47",
        "displayName": "ADMS_Test_Engineering_RichTransform",
        "state": "Enabled",
        "subscriptionPolicies": {
          "locationPlacementId": "Internal_2014-09-01",
          "quotaId": "Internal_2014-09-01",
          "spendingLimit": "Off"
        }
      }
    },
    {
      "RequestUri": "https://management.azure.com/subscriptions/da1d7b9a-a759-41c8-bb73-093a1818e03a/resourcegroups/adf-rg-drill-191?api-version=2022-09-01",
      "RequestMethod": "PUT",
      "RequestHeaders": {
        "Accept": "application/json",
        "Authorization": "Sanitized",
        "Content-Length": "22",
        "Content-Type": "application/json",
        "traceparent": "00-86f10b4525e453c6b8ad220b9a3949f2-6522246a22e39d9f-00",
        "User-Agent": "azsdk-net-ResourceManager/1.9.0 (.NET 7.0.14; Microsoft Windows 10.0.22621)",
        "x-ms-client-request-id": "53dc63d90ffc4042e5a5d165f5a33823",
        "x-ms-return-client-request-id": "true"
      },
      "RequestBody": {
        "location": "westus2"
      },
      "StatusCode": 201,
      "ResponseHeaders": {
        "Cache-Control": "no-cache",
        "Content-Length": "230",
        "Content-Type": "application/json; charset=utf-8",
        "Date": "Tue, 21 Nov 2023 09:18:54 GMT",
        "Expires": "-1",
        "Pragma": "no-cache",
        "Strict-Transport-Security": "max-age=31536000; includeSubDomains",
        "X-Cache": "CONFIG_NOCACHE",
        "X-Content-Type-Options": "nosniff",
        "x-ms-correlation-request-id": "754afe07-2ca2-4d32-b4d5-ba2f40b1b9a8",
        "x-ms-ratelimit-remaining-subscription-writes": "1194",
        "x-ms-request-id": "754afe07-2ca2-4d32-b4d5-ba2f40b1b9a8",
        "x-ms-routing-request-id": "JAPANEAST:20231121T091855Z:754afe07-2ca2-4d32-b4d5-ba2f40b1b9a8",
        "X-MSEdge-Ref": "Ref A: 31ECA92FB1894461A45C4381460BB7E0 Ref B: TYO201100115029 Ref C: 2023-11-21T09:18:54Z"
      },
      "ResponseBody": {
        "id": "/subscriptions/da1d7b9a-a759-41c8-bb73-093a1818e03a/resourceGroups/adf-rg-drill-191",
        "name": "adf-rg-drill-191",
        "type": "Microsoft.Resources/resourceGroups",
        "location": "westus2",
        "properties": {
          "provisioningState": "Succeeded"
        }
      }
    },
    {
      "RequestUri": "https://management.azure.com/subscriptions/da1d7b9a-a759-41c8-bb73-093a1818e03a/resourceGroups/adf-rg-drill-191/providers/Microsoft.DataFactory/factories/adf-drill-2187?api-version=2018-06-01",
      "RequestMethod": "PUT",
      "RequestHeaders": {
        "Accept": "application/json",
        "Authorization": "Sanitized",
        "Content-Length": "48",
        "Content-Type": "application/json",
        "traceparent": "00-86fbf0306050360ea10b39a5bef2533c-1fee87d7da70fa07-00",
        "User-Agent": "azsdk-net-ResourceManager.DataFactory/1.0.0-alpha.20231121.1 (.NET 7.0.14; Microsoft Windows 10.0.22621)",
        "x-ms-client-request-id": "00b62fef739b28b0fff63a67dd67f842",
        "x-ms-return-client-request-id": "true"
      },
      "RequestBody": {
        "tags": {},
        "location": "westus2",
        "properties": {}
      },
      "StatusCode": 200,
      "ResponseHeaders": {
        "Cache-Control": "no-cache",
        "Content-Length": "459",
        "Content-Type": "application/json; charset=utf-8",
        "Date": "Tue, 21 Nov 2023 09:18:56 GMT",
        "Expires": "-1",
        "Pragma": "no-cache",
        "Strict-Transport-Security": "max-age=31536000; includeSubDomains",
        "X-Cache": "CONFIG_NOCACHE",
        "X-Content-Type-Options": "nosniff",
        "x-ms-correlation-request-id": "0c00b47e-125a-48b5-b9f4-b6d5adaf4339",
        "x-ms-ratelimit-remaining-subscription-writes": "1198",
        "x-ms-request-id": "0c00b47e-125a-48b5-b9f4-b6d5adaf4339",
        "x-ms-routing-request-id": "JAPANEAST:20231121T091857Z:0c00b47e-125a-48b5-b9f4-b6d5adaf4339",
        "X-MSEdge-Ref": "Ref A: 969F6575ADFB4DCC8DEFB32C015CE2C3 Ref B: TYO201100115029 Ref C: 2023-11-21T09:18:55Z"
      },
      "ResponseBody": {
        "name": "adf-drill-2187",
        "id": "/subscriptions/da1d7b9a-a759-41c8-bb73-093a1818e03a/resourceGroups/adf-rg-drill-191/providers/Microsoft.DataFactory/factories/adf-drill-2187",
        "type": "Microsoft.DataFactory/factories",
        "properties": {
          "provisioningState": "Succeeded",
          "createTime": "2023-11-21T09:18:57.2956208Z",
          "version": "2018-06-01"
        },
        "eTag": "\u002244048f39-0000-0800-0000-655c76010000\u0022",
        "location": "westus2",
        "tags": {}
      }
    },
    {
      "RequestUri": "https://management.azure.com/subscriptions/da1d7b9a-a759-41c8-bb73-093a1818e03a/resourceGroups/adf-rg-drill-191/providers/Microsoft.DataFactory/factories/adf-drill-2187/linkedservices/adf_linkedservice_drill_3441?api-version=2018-06-01",
      "RequestMethod": "PUT",
      "RequestHeaders": {
        "Accept": "application/json",
        "Authorization": "Sanitized",
        "Content-Length": "81",
        "Content-Type": "application/json",
        "traceparent": "00-c0342a3a4148b2f53f0d01e9546c4aed-634c6d4faf63112e-00",
        "User-Agent": "azsdk-net-ResourceManager.DataFactory/1.0.0-alpha.20231121.1 (.NET 7.0.14; Microsoft Windows 10.0.22621)",
        "x-ms-client-request-id": "2e63ed08a746244237fdc164be7fbe23",
        "x-ms-return-client-request-id": "true"
      },
      "RequestBody": {
        "properties": {
          "type": "Drill",
          "typeProperties": {
            "connectionString": "Sanitized"
          }
        }
      },
      "StatusCode": 200,
      "ResponseHeaders": {
        "Cache-Control": "no-cache",
        "Content-Length": "413",
        "Content-Type": "application/json; charset=utf-8",
        "Date": "Tue, 21 Nov 2023 09:18:57 GMT",
        "Expires": "-1",
        "Pragma": "no-cache",
        "Strict-Transport-Security": "max-age=31536000; includeSubDomains",
        "X-Cache": "CONFIG_NOCACHE",
        "X-Content-Type-Options": "nosniff",
        "x-ms-correlation-request-id": "7098d6c7-1314-4257-bb75-97fa6f3d7223",
        "x-ms-ratelimit-remaining-subscription-writes": "1192",
        "x-ms-request-id": "7098d6c7-1314-4257-bb75-97fa6f3d7223",
        "x-ms-routing-request-id": "JAPANEAST:20231121T091858Z:7098d6c7-1314-4257-bb75-97fa6f3d7223",
        "X-MSEdge-Ref": "Ref A: 5877CE62404E4690B7E489F81D47F659 Ref B: TYO201100115029 Ref C: 2023-11-21T09:18:57Z"
      },
      "ResponseBody": {
        "id": "/subscriptions/da1d7b9a-a759-41c8-bb73-093a1818e03a/resourceGroups/adf-rg-drill-191/providers/Microsoft.DataFactory/factories/adf-drill-2187/linkedservices/adf_linkedservice_drill_3441",
        "name": "adf_linkedservice_drill_3441",
        "type": "Microsoft.DataFactory/factories/linkedservices",
        "properties": {
          "type": "Drill",
          "typeProperties": {
            "connectionString": "Sanitized"
          }
        },
        "etag": "24001ccd-0000-0800-0000-655c76020000"
      }
    },
    {
      "RequestUri": "https://management.azure.com/subscriptions/da1d7b9a-a759-41c8-bb73-093a1818e03a/resourceGroups/adf-rg-drill-191/providers/Microsoft.DataFactory/factories/adf-drill-2187/datasets/adf-dataset-drill-4153?api-version=2018-06-01",
      "RequestMethod": "PUT",
      "RequestHeaders": {
        "Accept": "application/json",
        "Authorization": "Sanitized",
        "Content-Length": "157",
        "Content-Type": "application/json",
        "traceparent": "00-4bb4e7351592018749b240c3e98ff292-fe246596c46b5187-00",
        "User-Agent": "azsdk-net-ResourceManager.DataFactory/1.0.0-alpha.20231121.1 (.NET 7.0.14; Microsoft Windows 10.0.22621)",
        "x-ms-client-request-id": "f4124c47f03d2b2cfc1808d9083ed923",
        "x-ms-return-client-request-id": "true"
      },
      "RequestBody": {
        "properties": {
          "type": "DrillTable",
          "linkedServiceName": {
            "type": "LinkedServiceReference",
            "referenceName": "adf_linkedservice_drill_3441"
          },
          "typeProperties": {}
        }
      },
      "StatusCode": 200,
      "ResponseHeaders": {
        "Cache-Control": "no-cache",
        "Content-Length": "528",
        "Content-Type": "application/json; charset=utf-8",
        "Date": "Tue, 21 Nov 2023 09:18:58 GMT",
        "Expires": "-1",
        "Pragma": "no-cache",
        "Strict-Transport-Security": "max-age=31536000; includeSubDomains",
        "X-Cache": "CONFIG_NOCACHE",
        "X-Content-Type-Options": "nosniff",
        "x-ms-correlation-request-id": "409bf184-ec0d-4aa6-bc94-75b850a5af53",
        "x-ms-ratelimit-remaining-subscription-writes": "1198",
        "x-ms-request-id": "409bf184-ec0d-4aa6-bc94-75b850a5af53",
        "x-ms-routing-request-id": "JAPANEAST:20231121T091859Z:409bf184-ec0d-4aa6-bc94-75b850a5af53",
        "X-MSEdge-Ref": "Ref A: 6F23564692E64CE79DFDB27223B95083 Ref B: TYO201100115029 Ref C: 2023-11-21T09:18:58Z"
      },
      "ResponseBody": {
        "id": "/subscriptions/da1d7b9a-a759-41c8-bb73-093a1818e03a/resourceGroups/adf-rg-drill-191/providers/Microsoft.DataFactory/factories/adf-drill-2187/datasets/adf-dataset-drill-4153",
        "name": "adf-dataset-drill-4153",
        "type": "Microsoft.DataFactory/factories/datasets",
        "properties": {
          "type": "DrillTable",
          "linkedServiceName": {
            "type": "LinkedServiceReference",
            "referenceName": "adf_linkedservice_drill_3441"
          },
          "typeProperties": {}
        },
        "etag": "24001ecd-0000-0800-0000-655c76030000"
      }
    },
    {
      "RequestUri": "https://management.azure.com/subscriptions/da1d7b9a-a759-41c8-bb73-093a1818e03a/resourceGroups/adf-rg-drill-191/providers/Microsoft.DataFactory/factories/adf-drill-2187/linkedservices/adf_linkedservice_drill_7128?api-version=2018-06-01",
      "RequestMethod": "PUT",
      "RequestHeaders": {
        "Accept": "application/json",
        "Authorization": "Sanitized",
        "Content-Length": "92",
        "Content-Type": "application/json",
        "traceparent": "00-cff5450642ccf20ba7150ac2943a75cb-b6ff6a8f6e393c04-00",
        "User-Agent": "azsdk-net-ResourceManager.DataFactory/1.0.0-alpha.20231121.1 (.NET 7.0.14; Microsoft Windows 10.0.22621)",
        "x-ms-client-request-id": "c1f5362f0ee877be3bb2679a38baa8b9",
        "x-ms-return-client-request-id": "true"
      },
      "RequestBody": {
        "properties": {
          "type": "AzureBlobStorage",
          "typeProperties": {
            "connectionString": "Sanitized"
          }
        }
      },
      "StatusCode": 200,
      "ResponseHeaders": {
        "Cache-Control": "no-cache",
        "Content-Length": "721",
        "Content-Type": "application/json; charset=utf-8",
        "Date": "Tue, 21 Nov 2023 09:18:58 GMT",
        "Expires": "-1",
        "Pragma": "no-cache",
        "Strict-Transport-Security": "max-age=31536000; includeSubDomains",
        "X-Cache": "CONFIG_NOCACHE",
        "X-Content-Type-Options": "nosniff",
        "x-ms-correlation-request-id": "e1d36448-ab9e-408b-ad4f-0df7dbe67ac9",
        "x-ms-ratelimit-remaining-subscription-writes": "1191",
        "x-ms-request-id": "e1d36448-ab9e-408b-ad4f-0df7dbe67ac9",
        "x-ms-routing-request-id": "JAPANEAST:20231121T091859Z:e1d36448-ab9e-408b-ad4f-0df7dbe67ac9",
        "X-MSEdge-Ref": "Ref A: 5A206FBCE252424C8618618D80A6788C Ref B: TYO201100115029 Ref C: 2023-11-21T09:18:59Z"
      },
      "ResponseBody": {
        "id": "/subscriptions/da1d7b9a-a759-41c8-bb73-093a1818e03a/resourceGroups/adf-rg-drill-191/providers/Microsoft.DataFactory/factories/adf-drill-2187/linkedservices/adf_linkedservice_drill_7128",
        "name": "adf_linkedservice_drill_7128",
        "type": "Microsoft.DataFactory/factories/linkedservices",
        "properties": {
          "type": "AzureBlobStorage",
          "typeProperties": {
            "connectionString": "Sanitized",
            "encryptedCredential": "ew0KICAiVmVyc2lvbiI6ICIyMDE3LTExLTMwIiwNCiAgIlByb3RlY3Rpb25Nb2RlIjogIktleSIsDQogICJTZWNyZXRDb250ZW50VHlwZSI6ICJQbGFpbnRleHQiLA0KICAiQ3JlZGVudGlhbElkIjogIkRBVEFGQUNUT1JZQDEzNDI1OEY5LURCNzAtNEQ5Qi1BOEM2LTQ0OUVGNTE1RDZDNl83Y2ZjZGQ5NS01NTI5LTQ2YWUtOThmYy1jZTA5ZTczYjdkODgiDQp9"
          }
        },
        "etag": "240020cd-0000-0800-0000-655c76030000"
      }
    },
    {
      "RequestUri": "https://management.azure.com/subscriptions/da1d7b9a-a759-41c8-bb73-093a1818e03a/resourceGroups/adf-rg-drill-191/providers/Microsoft.DataFactory/factories/adf-drill-2187/datasets/adf-dataset-drill-6751?api-version=2018-06-01",
      "RequestMethod": "PUT",
      "RequestHeaders": {
        "Accept": "application/json",
        "Authorization": "Sanitized",
        "Content-Length": "156",
        "Content-Type": "application/json",
        "traceparent": "00-66dbe9117ebca6acdf13d6f1011e8a88-7f97cef77e0a7288-00",
        "User-Agent": "azsdk-net-ResourceManager.DataFactory/1.0.0-alpha.20231121.1 (.NET 7.0.14; Microsoft Windows 10.0.22621)",
        "x-ms-client-request-id": "c22fac1f175b38c0312e9f691bf9249d",
        "x-ms-return-client-request-id": "true"
      },
      "RequestBody": {
        "properties": {
          "type": "AzureBlob",
          "linkedServiceName": {
            "type": "LinkedServiceReference",
            "referenceName": "adf_linkedservice_drill_7128"
          },
          "typeProperties": {}
        }
      },
      "StatusCode": 200,
      "ResponseHeaders": {
        "Cache-Control": "no-cache",
        "Content-Length": "527",
        "Content-Type": "application/json; charset=utf-8",
        "Date": "Tue, 21 Nov 2023 09:18:59 GMT",
        "Expires": "-1",
        "Pragma": "no-cache",
        "Strict-Transport-Security": "max-age=31536000; includeSubDomains",
        "X-Cache": "CONFIG_NOCACHE",
        "X-Content-Type-Options": "nosniff",
        "x-ms-correlation-request-id": "361ef28e-3f36-4144-9f27-e0b7869cfbf0",
        "x-ms-ratelimit-remaining-subscription-writes": "1190",
        "x-ms-request-id": "361ef28e-3f36-4144-9f27-e0b7869cfbf0",
        "x-ms-routing-request-id": "JAPANEAST:20231121T091859Z:361ef28e-3f36-4144-9f27-e0b7869cfbf0",
        "X-MSEdge-Ref": "Ref A: 71B841FC927E4C3E82849285B3E2D20D Ref B: TYO201100115029 Ref C: 2023-11-21T09:18:59Z"
      },
      "ResponseBody": {
        "id": "/subscriptions/da1d7b9a-a759-41c8-bb73-093a1818e03a/resourceGroups/adf-rg-drill-191/providers/Microsoft.DataFactory/factories/adf-drill-2187/datasets/adf-dataset-drill-6751",
        "name": "adf-dataset-drill-6751",
        "type": "Microsoft.DataFactory/factories/datasets",
        "properties": {
          "type": "AzureBlob",
          "linkedServiceName": {
            "type": "LinkedServiceReference",
            "referenceName": "adf_linkedservice_drill_7128"
          },
          "typeProperties": {}
        },
        "etag": "240022cd-0000-0800-0000-655c76030000"
      }
    },
    {
      "RequestUri": "https://management.azure.com/subscriptions/da1d7b9a-a759-41c8-bb73-093a1818e03a/resourceGroups/adf-rg-drill-191/providers/Microsoft.DataFactory/factories/adf-drill-2187/pipelines/adf-pipeline-drill-7949?api-version=2018-06-01",
      "RequestMethod": "PUT",
      "RequestHeaders": {
        "Accept": "application/json",
        "Authorization": "Sanitized",
        "Content-Length": "350",
        "Content-Type": "application/json",
        "traceparent": "00-e330847f70237430d01ca9847dbe83c1-9bd8d794b1dd1f6f-00",
        "User-Agent": "azsdk-net-ResourceManager.DataFactory/1.0.0-alpha.20231121.1 (.NET 7.0.14; Microsoft Windows 10.0.22621)",
        "x-ms-client-request-id": "2e874fb463863604c6b479c362e04e30",
        "x-ms-return-client-request-id": "true"
      },
      "RequestBody": {
        "properties": {
          "activities": [
            {
              "inputs": [
                {
                  "type": "DatasetReference",
                  "referenceName": "adf-dataset-drill-4153"
                }
              ],
              "outputs": [
                {
                  "type": "DatasetReference",
                  "referenceName": "adf-dataset-drill-6751"
                }
              ],
              "name": "adf-pipeline-task-1417",
              "type": "Copy",
              "typeProperties": {
                "source": {
                  "query": "select * from a table",
                  "type": "DrillSource"
                },
                "sink": {
                  "type": "BlobSink"
                }
              }
            }
          ]
        }
      },
      "StatusCode": 200,
      "ResponseHeaders": {
        "Cache-Control": "no-cache",
        "Content-Length": "976",
        "Content-Type": "application/json; charset=utf-8",
        "Date": "Tue, 21 Nov 2023 09:18:59 GMT",
        "Expires": "-1",
        "Pragma": "no-cache",
        "Strict-Transport-Security": "max-age=31536000; includeSubDomains",
        "X-Cache": "CONFIG_NOCACHE",
        "X-Content-Type-Options": "nosniff",
        "x-ms-correlation-request-id": "ee51bb7f-ec76-4f4f-ad55-db8be5bf21e8",
        "x-ms-ratelimit-remaining-subscription-writes": "1197",
        "x-ms-request-id": "ee51bb7f-ec76-4f4f-ad55-db8be5bf21e8",
        "x-ms-routing-request-id": "JAPANEAST:20231121T091900Z:ee51bb7f-ec76-4f4f-ad55-db8be5bf21e8",
        "X-MSEdge-Ref": "Ref A: 9722E515CD434022873C5ADAE7C5822B Ref B: TYO201100115029 Ref C: 2023-11-21T09:19:00Z"
      },
      "ResponseBody": {
        "id": "/subscriptions/da1d7b9a-a759-41c8-bb73-093a1818e03a/resourceGroups/adf-rg-drill-191/providers/Microsoft.DataFactory/factories/adf-drill-2187/pipelines/adf-pipeline-drill-7949",
        "name": "adf-pipeline-drill-7949",
        "type": "Microsoft.DataFactory/factories/pipelines",
        "properties": {
          "activities": [
            {
              "inputs": [
                {
                  "type": "DatasetReference",
                  "referenceName": "adf-dataset-drill-4153"
                }
              ],
              "outputs": [
                {
                  "type": "DatasetReference",
                  "referenceName": "adf-dataset-drill-6751"
                }
              ],
              "name": "adf-pipeline-task-1417",
              "type": "Copy",
              "typeProperties": {
                "source": {
                  "query": "select * from a table",
                  "type": "DrillSource"
                },
                "sink": {
                  "type": "BlobSink"
                }
              }
            }
          ]
        },
        "etag": "240024cd-0000-0800-0000-655c76040000"
      }
    }
  ],
  "Variables": {
    "AZURE_AUTHORITY_HOST": null,
    "RandomSeed": "1285839216",
    "RESOURCE_MANAGER_URL": null,
    "SUBSCRIPTION_ID": "da1d7b9a-a759-41c8-bb73-093a1818e03a"
  }
}
