{
  "Entries": [
    {
      "RequestUri": "https://management.azure.com/subscriptions/da1d7b9a-a759-41c8-bb73-093a1818e03a?api-version=2022-12-01",
      "RequestMethod": "GET",
      "RequestHeaders": {
        "Accept": "application/json",
        "Authorization": "Sanitized",
        "traceparent": "00-6c9d532b4ef824cd3f23c4c5b6a7ca6f-10ee4d1205e61851-00",
        "User-Agent": "azsdk-net-ResourceManager/1.8.0 (.NET 7.0.14; Microsoft Windows 10.0.22621)",
        "x-ms-client-request-id": "4b261c29b050df430f665b620924b0aa",
        "x-ms-return-client-request-id": "true"
      },
      "RequestBody": null,
      "StatusCode": 200,
      "ResponseHeaders": {
        "Cache-Control": "no-cache",
        "Content-Length": "501",
        "Content-Type": "application/json; charset=utf-8",
        "Date": "Thu, 16 Nov 2023 09:48:46 GMT",
        "Expires": "-1",
        "Pragma": "no-cache",
        "Strict-Transport-Security": "max-age=31536000; includeSubDomains",
        "X-Content-Type-Options": "nosniff",
        "x-ms-correlation-request-id": "d2933ad0-7dc6-46a7-b0f8-7776d341b118",
        "x-ms-ratelimit-remaining-subscription-reads": "11949",
        "x-ms-request-id": "d2933ad0-7dc6-46a7-b0f8-7776d341b118",
        "x-ms-routing-request-id": "KOREASOUTH:20231116T094847Z:d2933ad0-7dc6-46a7-b0f8-7776d341b118"
      },
      "ResponseBody": {
        "id": "/subscriptions/da1d7b9a-a759-41c8-bb73-093a1818e03a",
        "authorizationSource": "RoleBased",
        "managedByTenants": [
          {
            "tenantId": "2f4a9838-26b7-47ee-be60-ccc1fdec5953"
          }
        ],
        "tags": {
          "NRMS10318670": "20220720"
        },
        "subscriptionId": "da1d7b9a-a759-41c8-bb73-093a1818e03a",
        "tenantId": "72f988bf-86f1-41af-91ab-2d7cd011db47",
        "displayName": "ADMS_Test_Engineering_RichTransform",
        "state": "Enabled",
        "subscriptionPolicies": {
          "locationPlacementId": "Internal_2014-09-01",
          "quotaId": "Internal_2014-09-01",
          "spendingLimit": "Off"
        }
      }
    },
    {
      "RequestUri": "https://management.azure.com/subscriptions/da1d7b9a-a759-41c8-bb73-093a1818e03a/resourcegroups/DataFactory-RG-3396?api-version=2022-09-01",
      "RequestMethod": "PUT",
      "RequestHeaders": {
        "Accept": "application/json",
        "Authorization": "Sanitized",
        "Content-Length": "22",
        "Content-Type": "application/json",
        "traceparent": "00-9ffb691f672a7568d10f2727b7c92881-6b402d99e3c83bf3-00",
        "User-Agent": "azsdk-net-ResourceManager/1.8.0 (.NET 7.0.14; Microsoft Windows 10.0.22621)",
        "x-ms-client-request-id": "324a28279c9943b5febdd902929d7482",
        "x-ms-return-client-request-id": "true"
      },
      "RequestBody": {
        "location": "westus2"
      },
      "StatusCode": 201,
      "ResponseHeaders": {
        "Cache-Control": "no-cache",
        "Content-Length": "236",
        "Content-Type": "application/json; charset=utf-8",
        "Date": "Thu, 16 Nov 2023 09:48:47 GMT",
        "Expires": "-1",
        "Pragma": "no-cache",
        "Strict-Transport-Security": "max-age=31536000; includeSubDomains",
        "X-Content-Type-Options": "nosniff",
        "x-ms-correlation-request-id": "634882d5-14f4-46e0-b3cf-a2eeae60dd60",
        "x-ms-ratelimit-remaining-subscription-writes": "1164",
        "x-ms-request-id": "634882d5-14f4-46e0-b3cf-a2eeae60dd60",
        "x-ms-routing-request-id": "KOREASOUTH:20231116T094848Z:634882d5-14f4-46e0-b3cf-a2eeae60dd60"
      },
      "ResponseBody": {
        "id": "/subscriptions/da1d7b9a-a759-41c8-bb73-093a1818e03a/resourceGroups/DataFactory-RG-3396",
        "name": "DataFactory-RG-3396",
        "type": "Microsoft.Resources/resourceGroups",
        "location": "westus2",
        "properties": {
          "provisioningState": "Succeeded"
        }
      }
    },
    {
      "RequestUri": "https://management.azure.com/subscriptions/da1d7b9a-a759-41c8-bb73-093a1818e03a/resourceGroups/DataFactory-RG-3396/providers/Microsoft.DataFactory/factories/DataFactory-5200?api-version=2018-06-01",
      "RequestMethod": "PUT",
      "RequestHeaders": {
        "Accept": "application/json",
        "Authorization": "Sanitized",
        "Content-Length": "48",
        "Content-Type": "application/json",
        "traceparent": "00-68ecb364fb3b237b44b8a73c8b163e73-b6c05f9f944f4eb1-00",
        "User-Agent": "azsdk-net-ResourceManager.DataFactory/1.0.0-alpha.20231116.1 (.NET 7.0.14; Microsoft Windows 10.0.22621)",
        "x-ms-client-request-id": "28ea3c559f35a3c49ee1e84faded7be5",
        "x-ms-return-client-request-id": "true"
      },
      "RequestBody": {
        "tags": {},
        "location": "westus2",
        "properties": {}
      },
      "StatusCode": 200,
      "ResponseHeaders": {
        "Cache-Control": "no-cache",
        "Content-Length": "466",
        "Content-Type": "application/json; charset=utf-8",
        "Date": "Thu, 16 Nov 2023 09:48:49 GMT",
        "Expires": "-1",
        "Pragma": "no-cache",
        "Server": "Kestrel",
        "Strict-Transport-Security": "max-age=31536000; includeSubDomains",
        "X-Content-Type-Options": "nosniff",
        "x-ms-correlation-request-id": "22c95d02-4aa5-492c-b3fd-e89c2d38d5f9",
        "x-ms-ratelimit-remaining-subscription-writes": "1163",
        "x-ms-request-id": "22c95d02-4aa5-492c-b3fd-e89c2d38d5f9",
        "x-ms-routing-request-id": "KOREASOUTH:20231116T094850Z:22c95d02-4aa5-492c-b3fd-e89c2d38d5f9"
      },
      "ResponseBody": {
        "name": "DataFactory-5200",
        "id": "/subscriptions/da1d7b9a-a759-41c8-bb73-093a1818e03a/resourceGroups/datafactory-rg-3396/providers/Microsoft.DataFactory/factories/datafactory-5200",
        "type": "Microsoft.DataFactory/factories",
        "properties": {
          "provisioningState": "Succeeded",
          "createTime": "2023-11-16T09:48:50.3567272Z",
          "version": "2018-06-01"
        },
        "eTag": "\u00226703cf15-0000-0800-0000-6555e5820000\u0022",
        "location": "westus2",
        "tags": {}
      }
    },
    {
      "RequestUri": "https://management.azure.com/subscriptions/da1d7b9a-a759-41c8-bb73-093a1818e03a/resourceGroups/datafactory-rg-3396/providers/Microsoft.DataFactory/factories/datafactory-5200/linkedservices/linkedService_1672?api-version=2018-06-01",
      "RequestMethod": "PUT",
      "RequestHeaders": {
        "Accept": "application/json",
        "Authorization": "Sanitized",
        "Content-Length": "90",
        "Content-Type": "application/json",
        "traceparent": "00-fbbe37f6d5c42a3ee25f5105015bb211-9f1e0bf2287f9599-00",
        "User-Agent": "azsdk-net-ResourceManager.DataFactory/1.0.0-alpha.20231116.1 (.NET 7.0.14; Microsoft Windows 10.0.22621)",
        "x-ms-client-request-id": "e3668d8a924c40d74c71f1d90ccc3987",
        "x-ms-return-client-request-id": "true"
      },
      "RequestBody": {
        "properties": {
          "type": "FileServer",
          "typeProperties": {
            "host": "\\testmachine\\testfolder"
          }
        }
      },
      "StatusCode": 200,
      "ResponseHeaders": {
        "Cache-Control": "no-cache",
        "Content-Length": "456",
        "Content-Type": "application/json; charset=utf-8",
        "Date": "Thu, 16 Nov 2023 09:48:50 GMT",
        "Expires": "-1",
        "Pragma": "no-cache",
        "Server": "Kestrel",
        "Strict-Transport-Security": "max-age=31536000; includeSubDomains",
        "X-Content-Type-Options": "nosniff",
        "x-ms-correlation-request-id": "16d73ef6-5c55-496c-9145-f3e8c2e5162f",
        "x-ms-ratelimit-remaining-subscription-writes": "1162",
        "x-ms-request-id": "16d73ef6-5c55-496c-9145-f3e8c2e5162f",
        "x-ms-routing-request-id": "KOREASOUTH:20231116T094851Z:16d73ef6-5c55-496c-9145-f3e8c2e5162f"
      },
      "ResponseBody": {
        "id": "/subscriptions/da1d7b9a-a759-41c8-bb73-093a1818e03a/resourceGroups/datafactory-rg-3396/providers/Microsoft.DataFactory/factories/datafactory-5200/linkedservices/linkedService_1672",
        "name": "linkedService_1672",
        "type": "Microsoft.DataFactory/factories/linkedservices",
        "properties": {
          "type": "FileServer",
          "typeProperties": {
            "host": "\\testmachine\\testfolder"
          }
        },
        "etag": "c90029c2-0000-0800-0000-6555e5830000"
      }
    },
    {
      "RequestUri": "https://management.azure.com/subscriptions/da1d7b9a-a759-41c8-bb73-093a1818e03a/resourceGroups/datafactory-rg-3396/providers/Microsoft.DataFactory/factories/datafactory-5200/datasets/dataset_8190?api-version=2018-06-01",
      "RequestMethod": "PUT",
      "RequestHeaders": {
        "Accept": "application/json",
        "Authorization": "Sanitized",
        "Content-Length": "150",
        "Content-Type": "application/json",
        "traceparent": "00-1c83dab2f03847be7dd482012def6f99-13fb989f4c3b144f-00",
        "User-Agent": "azsdk-net-ResourceManager.DataFactory/1.0.0-alpha.20231116.1 (.NET 7.0.14; Microsoft Windows 10.0.22621)",
        "x-ms-client-request-id": "a6638775b89366b4951142f3ca7891a5",
        "x-ms-return-client-request-id": "true"
      },
      "RequestBody": {
        "properties": {
          "type": "DelimitedText",
          "linkedServiceName": {
            "type": "LinkedServiceReference",
            "referenceName": "linkedService_1672"
          },
          "typeProperties": {}
        }
      },
      "StatusCode": 200,
      "ResponseHeaders": {
        "Cache-Control": "no-cache",
        "Content-Length": "506",
        "Content-Type": "application/json; charset=utf-8",
        "Date": "Thu, 16 Nov 2023 09:48:50 GMT",
        "Expires": "-1",
        "Pragma": "no-cache",
        "Server": "Kestrel",
        "Strict-Transport-Security": "max-age=31536000; includeSubDomains",
        "X-Content-Type-Options": "nosniff",
        "x-ms-correlation-request-id": "5dfad5f8-5680-4b6d-9226-43de88557618",
        "x-ms-ratelimit-remaining-subscription-writes": "1161",
        "x-ms-request-id": "5dfad5f8-5680-4b6d-9226-43de88557618",
        "x-ms-routing-request-id": "KOREASOUTH:20231116T094851Z:5dfad5f8-5680-4b6d-9226-43de88557618"
      },
      "ResponseBody": {
        "id": "/subscriptions/da1d7b9a-a759-41c8-bb73-093a1818e03a/resourceGroups/datafactory-rg-3396/providers/Microsoft.DataFactory/factories/datafactory-5200/datasets/dataset_8190",
        "name": "dataset_8190",
        "type": "Microsoft.DataFactory/factories/datasets",
        "properties": {
          "type": "DelimitedText",
          "linkedServiceName": {
            "type": "LinkedServiceReference",
            "referenceName": "linkedService_1672"
          },
          "typeProperties": {}
        },
        "etag": "c9002ec2-0000-0800-0000-6555e5830000"
      }
    },
    {
      "RequestUri": "https://management.azure.com/subscriptions/da1d7b9a-a759-41c8-bb73-093a1818e03a/resourceGroups/datafactory-rg-3396/providers/Microsoft.DataFactory/factories/datafactory-5200/linkedservices/linkedService_6247?api-version=2018-06-01",
      "RequestMethod": "PUT",
      "RequestHeaders": {
        "Accept": "application/json",
        "Authorization": "Sanitized",
        "Content-Length": "133",
        "Content-Type": "application/json",
        "traceparent": "00-7b2d6f7f04204271cb026241bc57cc6e-53033681c90c0321-00",
        "User-Agent": "azsdk-net-ResourceManager.DataFactory/1.0.0-alpha.20231116.1 (.NET 7.0.14; Microsoft Windows 10.0.22621)",
        "x-ms-client-request-id": "5db1e64c52c23252cc5d94765dd4e0ae",
        "x-ms-return-client-request-id": "true"
      },
      "RequestBody": {
        "properties": {
          "type": "AzureDataLakeStore",
          "typeProperties": {
            "dataLakeStoreUri": "https://test.azuredatalakestore.net/testindex/v1"
          }
        }
      },
      "StatusCode": 200,
      "ResponseHeaders": {
        "Cache-Control": "no-cache",
        "Content-Length": "499",
        "Content-Type": "application/json; charset=utf-8",
        "Date": "Thu, 16 Nov 2023 09:48:51 GMT",
        "Expires": "-1",
        "Pragma": "no-cache",
        "Server": "Kestrel",
        "Strict-Transport-Security": "max-age=31536000; includeSubDomains",
        "X-Content-Type-Options": "nosniff",
        "x-ms-correlation-request-id": "1f553c3d-5e9d-45b6-8dcf-477d4a72d2bc",
        "x-ms-ratelimit-remaining-subscription-writes": "1160",
        "x-ms-request-id": "1f553c3d-5e9d-45b6-8dcf-477d4a72d2bc",
        "x-ms-routing-request-id": "KOREASOUTH:20231116T094852Z:1f553c3d-5e9d-45b6-8dcf-477d4a72d2bc"
      },
      "ResponseBody": {
        "id": "/subscriptions/da1d7b9a-a759-41c8-bb73-093a1818e03a/resourceGroups/datafactory-rg-3396/providers/Microsoft.DataFactory/factories/datafactory-5200/linkedservices/linkedService_6247",
        "name": "linkedService_6247",
        "type": "Microsoft.DataFactory/factories/linkedservices",
        "properties": {
          "type": "AzureDataLakeStore",
          "typeProperties": {
            "dataLakeStoreUri": "https://test.azuredatalakestore.net/testindex/v1"
          }
        },
        "etag": "c90033c2-0000-0800-0000-6555e5840000"
      }
    },
    {
      "RequestUri": "https://management.azure.com/subscriptions/da1d7b9a-a759-41c8-bb73-093a1818e03a/resourceGroups/datafactory-rg-3396/providers/Microsoft.DataFactory/factories/datafactory-5200/datasets/dataset_2466?api-version=2018-06-01",
      "RequestMethod": "PUT",
      "RequestHeaders": {
        "Accept": "application/json",
        "Authorization": "Sanitized",
        "Content-Length": "150",
        "Content-Type": "application/json",
        "traceparent": "00-7517d1918ff4ac595d0aaa2c95fb5c98-e39e953b59cfea9d-00",
        "User-Agent": "azsdk-net-ResourceManager.DataFactory/1.0.0-alpha.20231116.1 (.NET 7.0.14; Microsoft Windows 10.0.22621)",
        "x-ms-client-request-id": "84a4afab8f6bd2dbd8004d3a4fe376d3",
        "x-ms-return-client-request-id": "true"
      },
      "RequestBody": {
        "properties": {
          "type": "DelimitedText",
          "linkedServiceName": {
            "type": "LinkedServiceReference",
            "referenceName": "linkedService_6247"
          },
          "typeProperties": {}
        }
      },
      "StatusCode": 200,
      "ResponseHeaders": {
        "Cache-Control": "no-cache",
        "Content-Length": "506",
        "Content-Type": "application/json; charset=utf-8",
        "Date": "Thu, 16 Nov 2023 09:48:51 GMT",
        "Expires": "-1",
        "Pragma": "no-cache",
        "Server": "Kestrel",
        "Strict-Transport-Security": "max-age=31536000; includeSubDomains",
        "X-Content-Type-Options": "nosniff",
        "x-ms-correlation-request-id": "ba56ab33-976b-4526-a0e8-9dadd84dc4ca",
        "x-ms-ratelimit-remaining-subscription-writes": "1159",
        "x-ms-request-id": "ba56ab33-976b-4526-a0e8-9dadd84dc4ca",
        "x-ms-routing-request-id": "KOREASOUTH:20231116T094852Z:ba56ab33-976b-4526-a0e8-9dadd84dc4ca"
      },
      "ResponseBody": {
        "id": "/subscriptions/da1d7b9a-a759-41c8-bb73-093a1818e03a/resourceGroups/datafactory-rg-3396/providers/Microsoft.DataFactory/factories/datafactory-5200/datasets/dataset_2466",
        "name": "dataset_2466",
        "type": "Microsoft.DataFactory/factories/datasets",
        "properties": {
          "type": "DelimitedText",
          "linkedServiceName": {
            "type": "LinkedServiceReference",
            "referenceName": "linkedService_6247"
          },
          "typeProperties": {}
        },
        "etag": "c90035c2-0000-0800-0000-6555e5840000"
      }
    },
    {
      "RequestUri": "https://management.azure.com/subscriptions/da1d7b9a-a759-41c8-bb73-093a1818e03a/resourceGroups/datafactory-rg-3396/providers/Microsoft.DataFactory/factories/datafactory-5200/pipelines/pipeline-8911?api-version=2018-06-01",
      "RequestMethod": "PUT",
      "RequestHeaders": {
        "Accept": "application/json",
        "Authorization": "Sanitized",
        "Content-Length": "854",
        "Content-Type": "application/json",
        "traceparent": "00-5a90fb6148b9cf2ea6eb34d21e1031ed-7605ac26df9aeb2e-00",
        "User-Agent": "azsdk-net-ResourceManager.DataFactory/1.0.0-alpha.20231116.1 (.NET 7.0.14; Microsoft Windows 10.0.22621)",
        "x-ms-client-request-id": "268c4ce0dc1a23c53531da36233d08c0",
        "x-ms-return-client-request-id": "true"
      },
      "RequestBody": {
        "properties": {
          "activities": [
            {
              "inputs": [
                {
                  "type": "DatasetReference",
                  "referenceName": "dataset_8190"
                }
              ],
              "outputs": [
                {
                  "type": "DatasetReference",
                  "referenceName": "dataset_2466"
                }
              ],
              "name": "task-295",
              "type": "Copy",
              "typeProperties": {
                "source": {
                  "storeSettings": {
                    "recursive": true,
                    "wildcardFolderPath": "A*",
                    "enablePartitionDiscovery": true,
                    "modifiedDatetimeStart": "2019-07-02T00:00:00.000Z",
                    "modifiedDatetimeEnd": "2019-07-03T00:00:00.000Z",
                    "fileFilter": "*.log",
                    "type": "FileServerReadSettings"
                  },
                  "formatSettings": {
                    "skipLineCount": 10,
                    "type": "DelimitedTextReadSettings",
                    "\\N": "NULL"
                  },
                  "type": "DelimitedTextSource"
                },
                "sink": {
                  "storeSettings": {
                    "type": "AzureDataLakeStoreWriteSettings",
                    "maxConcurrentConnections": 3,
                    "copyBehavior": "PreserveHierarchy"
                  },
                  "formatSettings": {
                    "quoteAllText": true,
                    "fileExtension": ".csv",
                    "type": "DelimitedTextWriteSettings"
                  },
                  "type": "DelimitedTextSink"
                }
              }
            }
          ]
        }
      },
      "StatusCode": 200,
      "ResponseHeaders": {
        "Cache-Control": "no-cache",
        "Content-Length": "1807",
        "Content-Type": "application/json; charset=utf-8",
        "Date": "Thu, 16 Nov 2023 09:48:52 GMT",
        "Expires": "-1",
        "Pragma": "no-cache",
        "Server": "Kestrel",
        "Strict-Transport-Security": "max-age=31536000; includeSubDomains",
        "X-Content-Type-Options": "nosniff",
        "x-ms-correlation-request-id": "72dd8bff-2e6b-4ac8-8177-481572caf235",
        "x-ms-ratelimit-remaining-subscription-writes": "1158",
        "x-ms-request-id": "72dd8bff-2e6b-4ac8-8177-481572caf235",
        "x-ms-routing-request-id": "KOREASOUTH:20231116T094853Z:72dd8bff-2e6b-4ac8-8177-481572caf235"
      },
      "ResponseBody": {
        "id": "/subscriptions/da1d7b9a-a759-41c8-bb73-093a1818e03a/resourceGroups/datafactory-rg-3396/providers/Microsoft.DataFactory/factories/datafactory-5200/pipelines/pipeline-8911",
        "name": "pipeline-8911",
        "type": "Microsoft.DataFactory/factories/pipelines",
        "properties": {
          "activities": [
            {
              "inputs": [
                {
                  "type": "DatasetReference",
                  "referenceName": "dataset_8190"
                }
              ],
              "outputs": [
                {
                  "type": "DatasetReference",
                  "referenceName": "dataset_2466"
                }
              ],
              "name": "task-295",
              "type": "Copy",
              "typeProperties": {
                "source": {
                  "storeSettings": {
                    "recursive": true,
                    "wildcardFolderPath": "A*",
                    "enablePartitionDiscovery": true,
                    "modifiedDatetimeStart": "2019-07-02T00:00:00Z",
                    "modifiedDatetimeEnd": "2019-07-03T00:00:00Z",
                    "fileFilter": "*.log",
                    "type": "FileServerReadSettings"
                  },
                  "formatSettings": {
                    "skipLineCount": 10,
                    "type": "DelimitedTextReadSettings",
                    "\\N": "NULL"
                  },
                  "type": "DelimitedTextSource"
                },
                "sink": {
                  "storeSettings": {
                    "type": "AzureDataLakeStoreWriteSettings",
                    "maxConcurrentConnections": 3,
                    "copyBehavior": "PreserveHierarchy"
                  },
                  "formatSettings": {
                    "quoteAllText": true,
                    "fileExtension": ".csv",
                    "type": "DelimitedTextWriteSettings"
                  },
                  "type": "DelimitedTextSink"
                }
              }
            }
          ]
        },
        "etag": "c90037c2-0000-0800-0000-6555e5840000"
      }
    }
  ],
  "Variables": {
    "AZURE_AUTHORITY_HOST": null,
    "RandomSeed": "621796310",
    "RESOURCE_MANAGER_URL": null,
    "SUBSCRIPTION_ID": "da1d7b9a-a759-41c8-bb73-093a1818e03a"
  }
}
