{
  "Entries": [
    {
      "RequestUri": "https://management.azure.com/subscriptions/da1d7b9a-a759-41c8-bb73-093a1818e03a?api-version=2022-12-01",
      "RequestMethod": "GET",
      "RequestHeaders": {
        "Accept": "application/json",
        "Authorization": "Sanitized",
        "traceparent": "00-93727bf58027f20dde83614e6b0b08bd-fb8fb304e37fb204-00",
        "User-Agent": "azsdk-net-ResourceManager/1.9.0 (.NET 7.0.14; Microsoft Windows 10.0.22621)",
        "x-ms-client-request-id": "1c3af0dd57d61195a422fc30dbd30a1f",
        "x-ms-return-client-request-id": "true"
      },
      "RequestBody": null,
      "StatusCode": 200,
      "ResponseHeaders": {
        "Cache-Control": "no-cache",
        "Content-Length": "501",
        "Content-Type": "application/json; charset=utf-8",
        "Date": "Thu, 23 Nov 2023 09:59:53 GMT",
        "Expires": "-1",
        "Pragma": "no-cache",
        "Strict-Transport-Security": "max-age=31536000; includeSubDomains",
        "X-Content-Type-Options": "nosniff",
        "x-ms-correlation-request-id": "11d56b68-9c56-419e-8803-e6d52ef47082",
        "x-ms-ratelimit-remaining-subscription-reads": "11903",
        "x-ms-request-id": "11d56b68-9c56-419e-8803-e6d52ef47082",
        "x-ms-routing-request-id": "EASTUS:20231123T095953Z:11d56b68-9c56-419e-8803-e6d52ef47082"
      },
      "ResponseBody": {
        "id": "/subscriptions/da1d7b9a-a759-41c8-bb73-093a1818e03a",
        "authorizationSource": "RoleBased",
        "managedByTenants": [
          {
            "tenantId": "2f4a9838-26b7-47ee-be60-ccc1fdec5953"
          }
        ],
        "tags": {
          "NRMS10318670": "20220720"
        },
        "subscriptionId": "da1d7b9a-a759-41c8-bb73-093a1818e03a",
        "tenantId": "72f988bf-86f1-41af-91ab-2d7cd011db47",
        "displayName": "ADMS_Test_Engineering_RichTransform",
        "state": "Enabled",
        "subscriptionPolicies": {
          "locationPlacementId": "Internal_2014-09-01",
          "quotaId": "Internal_2014-09-01",
          "spendingLimit": "Off"
        }
      }
    },
    {
      "RequestUri": "https://management.azure.com/subscriptions/da1d7b9a-a759-41c8-bb73-093a1818e03a/resourcegroups/adf-rg-vertica-3470?api-version=2022-09-01",
      "RequestMethod": "PUT",
      "RequestHeaders": {
        "Accept": "application/json",
        "Authorization": "Sanitized",
        "Content-Length": "22",
        "Content-Type": "application/json",
        "traceparent": "00-b99d3c880623387d71c6d96a879c3f03-f4b09456621ea7c5-00",
        "User-Agent": "azsdk-net-ResourceManager/1.9.0 (.NET 7.0.14; Microsoft Windows 10.0.22621)",
        "x-ms-client-request-id": "6bbe2c85a96334f4ab8105a7c3f5fecf",
        "x-ms-return-client-request-id": "true"
      },
      "RequestBody": {
        "location": "westus2"
      },
      "StatusCode": 201,
      "ResponseHeaders": {
        "Cache-Control": "no-cache",
        "Content-Length": "236",
        "Content-Type": "application/json; charset=utf-8",
        "Date": "Thu, 23 Nov 2023 09:59:54 GMT",
        "Expires": "-1",
        "Pragma": "no-cache",
        "Strict-Transport-Security": "max-age=31536000; includeSubDomains",
        "X-Content-Type-Options": "nosniff",
        "x-ms-correlation-request-id": "5e6366c3-8ead-419b-9e1f-ee89b20b60c5",
        "x-ms-ratelimit-remaining-subscription-writes": "997",
        "x-ms-request-id": "5e6366c3-8ead-419b-9e1f-ee89b20b60c5",
        "x-ms-routing-request-id": "EASTUS:20231123T095954Z:5e6366c3-8ead-419b-9e1f-ee89b20b60c5"
      },
      "ResponseBody": {
        "id": "/subscriptions/da1d7b9a-a759-41c8-bb73-093a1818e03a/resourceGroups/adf-rg-vertica-3470",
        "name": "adf-rg-vertica-3470",
        "type": "Microsoft.Resources/resourceGroups",
        "location": "westus2",
        "properties": {
          "provisioningState": "Succeeded"
        }
      }
    },
    {
      "RequestUri": "https://management.azure.com/subscriptions/da1d7b9a-a759-41c8-bb73-093a1818e03a/resourceGroups/adf-rg-vertica-3470/providers/Microsoft.DataFactory/factories/adf-vertica-6428?api-version=2018-06-01",
      "RequestMethod": "PUT",
      "RequestHeaders": {
        "Accept": "application/json",
        "Authorization": "Sanitized",
        "Content-Length": "48",
        "Content-Type": "application/json",
        "traceparent": "00-7bcd1cf39be6310e16d11f72a29261f4-ee6611ebb9da846c-00",
        "User-Agent": "azsdk-net-ResourceManager.DataFactory/1.0.0-alpha.20231123.1 (.NET 7.0.14; Microsoft Windows 10.0.22621)",
        "x-ms-client-request-id": "9b87ebe7d8fed54526d7293cb6110d74",
        "x-ms-return-client-request-id": "true"
      },
      "RequestBody": {
        "tags": {},
        "location": "westus2",
        "properties": {}
      },
      "StatusCode": 200,
      "ResponseHeaders": {
        "Cache-Control": "no-cache",
        "Content-Length": "466",
        "Content-Type": "application/json; charset=utf-8",
        "Date": "Thu, 23 Nov 2023 09:59:55 GMT",
        "Expires": "-1",
        "Pragma": "no-cache",
        "Server": "Kestrel",
        "Strict-Transport-Security": "max-age=31536000; includeSubDomains",
        "X-Content-Type-Options": "nosniff",
        "x-ms-correlation-request-id": "90922db0-9a4d-4eb2-831f-20a4bd59ef02",
        "x-ms-ratelimit-remaining-subscription-writes": "996",
        "x-ms-request-id": "90922db0-9a4d-4eb2-831f-20a4bd59ef02",
        "x-ms-routing-request-id": "EASTUS:20231123T095956Z:90922db0-9a4d-4eb2-831f-20a4bd59ef02"
      },
      "ResponseBody": {
        "name": "adf-vertica-6428",
        "id": "/subscriptions/da1d7b9a-a759-41c8-bb73-093a1818e03a/resourceGroups/adf-rg-vertica-3470/providers/Microsoft.DataFactory/factories/adf-vertica-6428",
        "type": "Microsoft.DataFactory/factories",
        "properties": {
          "provisioningState": "Succeeded",
          "createTime": "2023-11-23T09:59:55.8928002Z",
          "version": "2018-06-01"
        },
        "eTag": "\u00229e049d5b-0000-0800-0000-655f229b0000\u0022",
        "location": "westus2",
        "tags": {}
      }
    },
    {
      "RequestUri": "https://management.azure.com/subscriptions/da1d7b9a-a759-41c8-bb73-093a1818e03a/resourceGroups/adf-rg-vertica-3470/providers/Microsoft.DataFactory/factories/adf-vertica-6428/linkedservices/adf_linkedservice_vertica_7085?api-version=2018-06-01",
      "RequestMethod": "PUT",
      "RequestHeaders": {
        "Accept": "application/json",
        "Authorization": "Sanitized",
        "Content-Length": "83",
        "Content-Type": "application/json",
        "traceparent": "00-ceafb0463e00f795bf17af41db5a21e5-b4f26bb8d0233e15-00",
        "User-Agent": "azsdk-net-ResourceManager.DataFactory/1.0.0-alpha.20231123.1 (.NET 7.0.14; Microsoft Windows 10.0.22621)",
        "x-ms-client-request-id": "beca9e0cfc3471055452ee4eaf242d59",
        "x-ms-return-client-request-id": "true"
      },
      "RequestBody": {
        "properties": {
          "type": "Vertica",
          "typeProperties": {
            "connectionString": "Sanitized"
          }
        }
      },
      "StatusCode": 200,
      "ResponseHeaders": {
        "Cache-Control": "no-cache",
        "Content-Length": "424",
        "Content-Type": "application/json; charset=utf-8",
        "Date": "Thu, 23 Nov 2023 09:59:56 GMT",
        "Expires": "-1",
        "Pragma": "no-cache",
        "Server": "Kestrel",
        "Strict-Transport-Security": "max-age=31536000; includeSubDomains",
        "X-Content-Type-Options": "nosniff",
        "x-ms-correlation-request-id": "1eee0244-18fc-47ef-9c5f-5e0d39eddd6a",
        "x-ms-ratelimit-remaining-subscription-writes": "995",
        "x-ms-request-id": "1eee0244-18fc-47ef-9c5f-5e0d39eddd6a",
        "x-ms-routing-request-id": "EASTUS:20231123T095956Z:1eee0244-18fc-47ef-9c5f-5e0d39eddd6a"
      },
      "ResponseBody": {
        "id": "/subscriptions/da1d7b9a-a759-41c8-bb73-093a1818e03a/resourceGroups/adf-rg-vertica-3470/providers/Microsoft.DataFactory/factories/adf-vertica-6428/linkedservices/adf_linkedservice_vertica_7085",
        "name": "adf_linkedservice_vertica_7085",
        "type": "Microsoft.DataFactory/factories/linkedservices",
        "properties": {
          "type": "Vertica",
          "typeProperties": {
            "connectionString": "Sanitized"
          }
        },
        "etag": "4600908f-0000-0800-0000-655f229c0000"
      }
    },
    {
      "RequestUri": "https://management.azure.com/subscriptions/da1d7b9a-a759-41c8-bb73-093a1818e03a/resourceGroups/adf-rg-vertica-3470/providers/Microsoft.DataFactory/factories/adf-vertica-6428/datasets/adf-dataset-vertica-6542?api-version=2018-06-01",
      "RequestMethod": "PUT",
      "RequestHeaders": {
        "Accept": "application/json",
        "Authorization": "Sanitized",
        "Content-Length": "161",
        "Content-Type": "application/json",
        "traceparent": "00-77fbb92919453a3262284cf72fb9c3b3-befc3f8a1fcbaf0a-00",
        "User-Agent": "azsdk-net-ResourceManager.DataFactory/1.0.0-alpha.20231123.1 (.NET 7.0.14; Microsoft Windows 10.0.22621)",
        "x-ms-client-request-id": "8383e8f3548695783cd1caf8f470f732",
        "x-ms-return-client-request-id": "true"
      },
      "RequestBody": {
        "properties": {
          "type": "VerticaTable",
          "linkedServiceName": {
            "type": "LinkedServiceReference",
            "referenceName": "adf_linkedservice_vertica_7085"
          },
          "typeProperties": {}
        }
      },
      "StatusCode": 200,
      "ResponseHeaders": {
        "Cache-Control": "no-cache",
        "Content-Length": "541",
        "Content-Type": "application/json; charset=utf-8",
        "Date": "Thu, 23 Nov 2023 09:59:56 GMT",
        "Expires": "-1",
        "Pragma": "no-cache",
        "Server": "Kestrel",
        "Strict-Transport-Security": "max-age=31536000; includeSubDomains",
        "X-Content-Type-Options": "nosniff",
        "x-ms-correlation-request-id": "fe99c8f9-539b-46ca-957d-2898054bd2b6",
        "x-ms-ratelimit-remaining-subscription-writes": "994",
        "x-ms-request-id": "fe99c8f9-539b-46ca-957d-2898054bd2b6",
        "x-ms-routing-request-id": "EASTUS:20231123T095956Z:fe99c8f9-539b-46ca-957d-2898054bd2b6"
      },
      "ResponseBody": {
        "id": "/subscriptions/da1d7b9a-a759-41c8-bb73-093a1818e03a/resourceGroups/adf-rg-vertica-3470/providers/Microsoft.DataFactory/factories/adf-vertica-6428/datasets/adf-dataset-vertica-6542",
        "name": "adf-dataset-vertica-6542",
        "type": "Microsoft.DataFactory/factories/datasets",
        "properties": {
          "type": "VerticaTable",
          "linkedServiceName": {
            "type": "LinkedServiceReference",
            "referenceName": "adf_linkedservice_vertica_7085"
          },
          "typeProperties": {}
        },
        "etag": "4600928f-0000-0800-0000-655f229c0000"
      }
    },
    {
      "RequestUri": "https://management.azure.com/subscriptions/da1d7b9a-a759-41c8-bb73-093a1818e03a/resourceGroups/adf-rg-vertica-3470/providers/Microsoft.DataFactory/factories/adf-vertica-6428/linkedservices/adf_linkedservice_vertica_4829?api-version=2018-06-01",
      "RequestMethod": "PUT",
      "RequestHeaders": {
        "Accept": "application/json",
        "Authorization": "Sanitized",
        "Content-Length": "92",
        "Content-Type": "application/json",
        "traceparent": "00-9d89b6b94130ef3451dfd58a902a325b-c18ec253871665fb-00",
        "User-Agent": "azsdk-net-ResourceManager.DataFactory/1.0.0-alpha.20231123.1 (.NET 7.0.14; Microsoft Windows 10.0.22621)",
        "x-ms-client-request-id": "280c30f18bb78d9683f3e7d828050f5c",
        "x-ms-return-client-request-id": "true"
      },
      "RequestBody": {
        "properties": {
          "type": "AzureBlobStorage",
          "typeProperties": {
            "connectionString": "Sanitized"
          }
        }
      },
      "StatusCode": 200,
      "ResponseHeaders": {
        "Cache-Control": "no-cache",
        "Content-Length": "730",
        "Content-Type": "application/json; charset=utf-8",
        "Date": "Thu, 23 Nov 2023 09:59:56 GMT",
        "Expires": "-1",
        "Pragma": "no-cache",
        "Server": "Kestrel",
        "Strict-Transport-Security": "max-age=31536000; includeSubDomains",
        "X-Content-Type-Options": "nosniff",
        "x-ms-correlation-request-id": "7bda01ad-1d80-4d48-a4d0-6de041a7b297",
        "x-ms-ratelimit-remaining-subscription-writes": "993",
        "x-ms-request-id": "7bda01ad-1d80-4d48-a4d0-6de041a7b297",
        "x-ms-routing-request-id": "EASTUS:20231123T095957Z:7bda01ad-1d80-4d48-a4d0-6de041a7b297"
      },
      "ResponseBody": {
        "id": "/subscriptions/da1d7b9a-a759-41c8-bb73-093a1818e03a/resourceGroups/adf-rg-vertica-3470/providers/Microsoft.DataFactory/factories/adf-vertica-6428/linkedservices/adf_linkedservice_vertica_4829",
        "name": "adf_linkedservice_vertica_4829",
        "type": "Microsoft.DataFactory/factories/linkedservices",
        "properties": {
          "type": "AzureBlobStorage",
          "typeProperties": {
            "connectionString": "Sanitized",
            "encryptedCredential": "ew0KICAiVmVyc2lvbiI6ICIyMDE3LTExLTMwIiwNCiAgIlByb3RlY3Rpb25Nb2RlIjogIktleSIsDQogICJTZWNyZXRDb250ZW50VHlwZSI6ICJQbGFpbnRleHQiLA0KICAiQ3JlZGVudGlhbElkIjogIkRBVEFGQUNUT1JZQEU0NTU3M0ZELUU0Q0QtNDRCQi1CNTNBLTQ5ODA4RTQ1NkZEQ19lNWI4ZDc5My1jMWI0LTRmMTMtOGIyOS03NDFlOTlmYmJjNjMiDQp9"
          }
        },
        "etag": "4600948f-0000-0800-0000-655f229c0000"
      }
    },
    {
      "RequestUri": "https://management.azure.com/subscriptions/da1d7b9a-a759-41c8-bb73-093a1818e03a/resourceGroups/adf-rg-vertica-3470/providers/Microsoft.DataFactory/factories/adf-vertica-6428/datasets/adf-dataset-vertica-7598?api-version=2018-06-01",
      "RequestMethod": "PUT",
      "RequestHeaders": {
        "Accept": "application/json",
        "Authorization": "Sanitized",
        "Content-Length": "158",
        "Content-Type": "application/json",
        "traceparent": "00-64865d92d728749b4cefbd0748ec1649-fbf3f5b51ab8915c-00",
        "User-Agent": "azsdk-net-ResourceManager.DataFactory/1.0.0-alpha.20231123.1 (.NET 7.0.14; Microsoft Windows 10.0.22621)",
        "x-ms-client-request-id": "72f1251db73c34268262310d7ce45abb",
        "x-ms-return-client-request-id": "true"
      },
      "RequestBody": {
        "properties": {
          "type": "AzureBlob",
          "linkedServiceName": {
            "type": "LinkedServiceReference",
            "referenceName": "adf_linkedservice_vertica_4829"
          },
          "typeProperties": {}
        }
      },
      "StatusCode": 200,
      "ResponseHeaders": {
        "Cache-Control": "no-cache",
        "Content-Length": "538",
        "Content-Type": "application/json; charset=utf-8",
        "Date": "Thu, 23 Nov 2023 09:59:57 GMT",
        "Expires": "-1",
        "Pragma": "no-cache",
        "Server": "Kestrel",
        "Strict-Transport-Security": "max-age=31536000; includeSubDomains",
        "X-Content-Type-Options": "nosniff",
        "x-ms-correlation-request-id": "fe7fda22-4526-4c06-a458-f373d4906ab0",
        "x-ms-ratelimit-remaining-subscription-writes": "992",
        "x-ms-request-id": "fe7fda22-4526-4c06-a458-f373d4906ab0",
        "x-ms-routing-request-id": "EASTUS:20231123T095957Z:fe7fda22-4526-4c06-a458-f373d4906ab0"
      },
      "ResponseBody": {
        "id": "/subscriptions/da1d7b9a-a759-41c8-bb73-093a1818e03a/resourceGroups/adf-rg-vertica-3470/providers/Microsoft.DataFactory/factories/adf-vertica-6428/datasets/adf-dataset-vertica-7598",
        "name": "adf-dataset-vertica-7598",
        "type": "Microsoft.DataFactory/factories/datasets",
        "properties": {
          "type": "AzureBlob",
          "linkedServiceName": {
            "type": "LinkedServiceReference",
            "referenceName": "adf_linkedservice_vertica_4829"
          },
          "typeProperties": {}
        },
        "etag": "4600968f-0000-0800-0000-655f229d0000"
      }
    },
    {
      "RequestUri": "https://management.azure.com/subscriptions/da1d7b9a-a759-41c8-bb73-093a1818e03a/resourceGroups/adf-rg-vertica-3470/providers/Microsoft.DataFactory/factories/adf-vertica-6428/pipelines/adf-pipeline-vertica-7067?api-version=2018-06-01",
      "RequestMethod": "PUT",
      "RequestHeaders": {
        "Accept": "application/json",
        "Authorization": "Sanitized",
        "Content-Length": "356",
        "Content-Type": "application/json",
        "traceparent": "00-4b4f0bdb233880703731aafba57a0dff-d0db0d628ac1970d-00",
        "User-Agent": "azsdk-net-ResourceManager.DataFactory/1.0.0-alpha.20231123.1 (.NET 7.0.14; Microsoft Windows 10.0.22621)",
        "x-ms-client-request-id": "4cfd327c31cbecf7f8d184ae64a9c4e9",
        "x-ms-return-client-request-id": "true"
      },
      "RequestBody": {
        "properties": {
          "activities": [
            {
              "inputs": [
                {
                  "type": "DatasetReference",
                  "referenceName": "adf-dataset-vertica-6542"
                }
              ],
              "outputs": [
                {
                  "type": "DatasetReference",
                  "referenceName": "adf-dataset-vertica-7598"
                }
              ],
              "name": "adf-pipeline-task-1956",
              "type": "Copy",
              "typeProperties": {
                "source": {
                  "query": "select * from a table",
                  "type": "VerticaSource"
                },
                "sink": {
                  "type": "BlobSink"
                }
              }
            }
          ]
        }
      },
      "StatusCode": 200,
      "ResponseHeaders": {
        "Cache-Control": "no-cache",
        "Content-Length": "991",
        "Content-Type": "application/json; charset=utf-8",
        "Date": "Thu, 23 Nov 2023 09:59:57 GMT",
        "Expires": "-1",
        "Pragma": "no-cache",
        "Server": "Kestrel",
        "Strict-Transport-Security": "max-age=31536000; includeSubDomains",
        "X-Content-Type-Options": "nosniff",
        "x-ms-correlation-request-id": "d4863a18-ad03-4153-9813-e4eaae887758",
        "x-ms-ratelimit-remaining-subscription-writes": "991",
        "x-ms-request-id": "d4863a18-ad03-4153-9813-e4eaae887758",
        "x-ms-routing-request-id": "EASTUS:20231123T095957Z:d4863a18-ad03-4153-9813-e4eaae887758"
      },
      "ResponseBody": {
        "id": "/subscriptions/da1d7b9a-a759-41c8-bb73-093a1818e03a/resourceGroups/adf-rg-vertica-3470/providers/Microsoft.DataFactory/factories/adf-vertica-6428/pipelines/adf-pipeline-vertica-7067",
        "name": "adf-pipeline-vertica-7067",
        "type": "Microsoft.DataFactory/factories/pipelines",
        "properties": {
          "activities": [
            {
              "inputs": [
                {
                  "type": "DatasetReference",
                  "referenceName": "adf-dataset-vertica-6542"
                }
              ],
              "outputs": [
                {
                  "type": "DatasetReference",
                  "referenceName": "adf-dataset-vertica-7598"
                }
              ],
              "name": "adf-pipeline-task-1956",
              "type": "Copy",
              "typeProperties": {
                "source": {
                  "query": "select * from a table",
                  "type": "VerticaSource"
                },
                "sink": {
                  "type": "BlobSink"
                }
              }
            }
          ]
        },
        "etag": "4600988f-0000-0800-0000-655f229d0000"
      }
    }
  ],
  "Variables": {
    "AZURE_AUTHORITY_HOST": null,
    "RandomSeed": "443542859",
    "RESOURCE_MANAGER_URL": null,
    "SUBSCRIPTION_ID": "da1d7b9a-a759-41c8-bb73-093a1818e03a"
  }
}
