{
  "Entries": [
    {
      "RequestUri": "https://management.azure.com/subscriptions/da1d7b9a-a759-41c8-bb73-093a1818e03a?api-version=2022-12-01",
      "RequestMethod": "GET",
      "RequestHeaders": {
        "Accept": "application/json",
        "Authorization": "Sanitized",
        "traceparent": "00-a148b801ffdfaafa5a4871781db38ad7-31d30370ad6cb645-00",
        "User-Agent": "azsdk-net-ResourceManager/1.9.0 (.NET 7.0.14; Microsoft Windows 10.0.22621)",
        "x-ms-client-request-id": "9a59113eb7eba65b3343cf5114721fab",
        "x-ms-return-client-request-id": "true"
      },
      "RequestBody": null,
      "StatusCode": 200,
      "ResponseHeaders": {
        "Cache-Control": "no-cache",
        "Content-Length": "501",
        "Content-Type": "application/json; charset=utf-8",
        "Date": "Thu, 23 Nov 2023 09:57:47 GMT",
        "Expires": "-1",
        "Pragma": "no-cache",
        "Strict-Transport-Security": "max-age=31536000; includeSubDomains",
        "X-Content-Type-Options": "nosniff",
        "x-ms-correlation-request-id": "f4916f33-ac94-44cd-93d4-4b35425858a0",
        "x-ms-ratelimit-remaining-subscription-reads": "11927",
        "x-ms-request-id": "f4916f33-ac94-44cd-93d4-4b35425858a0",
        "x-ms-routing-request-id": "EASTUS:20231123T095748Z:f4916f33-ac94-44cd-93d4-4b35425858a0"
      },
      "ResponseBody": {
        "id": "/subscriptions/da1d7b9a-a759-41c8-bb73-093a1818e03a",
        "authorizationSource": "RoleBased",
        "managedByTenants": [
          {
            "tenantId": "2f4a9838-26b7-47ee-be60-ccc1fdec5953"
          }
        ],
        "tags": {
          "NRMS10318670": "20220720"
        },
        "subscriptionId": "da1d7b9a-a759-41c8-bb73-093a1818e03a",
        "tenantId": "72f988bf-86f1-41af-91ab-2d7cd011db47",
        "displayName": "ADMS_Test_Engineering_RichTransform",
        "state": "Enabled",
        "subscriptionPolicies": {
          "locationPlacementId": "Internal_2014-09-01",
          "quotaId": "Internal_2014-09-01",
          "spendingLimit": "Off"
        }
      }
    },
    {
      "RequestUri": "https://management.azure.com/subscriptions/da1d7b9a-a759-41c8-bb73-093a1818e03a/resourcegroups/adf-rg-sapbw-2667?api-version=2022-09-01",
      "RequestMethod": "PUT",
      "RequestHeaders": {
        "Accept": "application/json",
        "Authorization": "Sanitized",
        "Content-Length": "22",
        "Content-Type": "application/json",
        "traceparent": "00-74e9c158a6bca4c221778415ba99308c-6e8b716c120616bc-00",
        "User-Agent": "azsdk-net-ResourceManager/1.9.0 (.NET 7.0.14; Microsoft Windows 10.0.22621)",
        "x-ms-client-request-id": "7639de378b8556efb6c9a74c5195ad1e",
        "x-ms-return-client-request-id": "true"
      },
      "RequestBody": {
        "location": "westus2"
      },
      "StatusCode": 201,
      "ResponseHeaders": {
        "Cache-Control": "no-cache",
        "Content-Length": "232",
        "Content-Type": "application/json; charset=utf-8",
        "Date": "Thu, 23 Nov 2023 09:57:48 GMT",
        "Expires": "-1",
        "Pragma": "no-cache",
        "Strict-Transport-Security": "max-age=31536000; includeSubDomains",
        "X-Content-Type-Options": "nosniff",
        "x-ms-correlation-request-id": "3dcb4bb1-91f5-471b-9c17-6739e877d595",
        "x-ms-ratelimit-remaining-subscription-writes": "1158",
        "x-ms-request-id": "3dcb4bb1-91f5-471b-9c17-6739e877d595",
        "x-ms-routing-request-id": "EASTUS:20231123T095748Z:3dcb4bb1-91f5-471b-9c17-6739e877d595"
      },
      "ResponseBody": {
        "id": "/subscriptions/da1d7b9a-a759-41c8-bb73-093a1818e03a/resourceGroups/adf-rg-sapbw-2667",
        "name": "adf-rg-sapbw-2667",
        "type": "Microsoft.Resources/resourceGroups",
        "location": "westus2",
        "properties": {
          "provisioningState": "Succeeded"
        }
      }
    },
    {
      "RequestUri": "https://management.azure.com/subscriptions/da1d7b9a-a759-41c8-bb73-093a1818e03a/resourceGroups/adf-rg-sapbw-2667/providers/Microsoft.DataFactory/factories/adf-sapbw-277?api-version=2018-06-01",
      "RequestMethod": "PUT",
      "RequestHeaders": {
        "Accept": "application/json",
        "Authorization": "Sanitized",
        "Content-Length": "48",
        "Content-Type": "application/json",
        "traceparent": "00-6e8d822f440ed701d151d5448bcc3afa-1745b7010526cbf3-00",
        "User-Agent": "azsdk-net-ResourceManager.DataFactory/1.0.0-alpha.20231123.1 (.NET 7.0.14; Microsoft Windows 10.0.22621)",
        "x-ms-client-request-id": "5fa9fa83cc0644e27809e17ec018f1af",
        "x-ms-return-client-request-id": "true"
      },
      "RequestBody": {
        "tags": {},
        "location": "westus2",
        "properties": {}
      },
      "StatusCode": 200,
      "ResponseHeaders": {
        "Cache-Control": "no-cache",
        "Content-Length": "458",
        "Content-Type": "application/json; charset=utf-8",
        "Date": "Thu, 23 Nov 2023 09:57:50 GMT",
        "Expires": "-1",
        "Pragma": "no-cache",
        "Server": "Kestrel",
        "Strict-Transport-Security": "max-age=31536000; includeSubDomains",
        "X-Content-Type-Options": "nosniff",
        "x-ms-correlation-request-id": "f383525e-c810-4616-991c-dcb1dad712f8",
        "x-ms-ratelimit-remaining-subscription-writes": "1157",
        "x-ms-request-id": "f383525e-c810-4616-991c-dcb1dad712f8",
        "x-ms-routing-request-id": "EASTUS:20231123T095750Z:f383525e-c810-4616-991c-dcb1dad712f8"
      },
      "ResponseBody": {
        "name": "adf-sapbw-277",
        "id": "/subscriptions/da1d7b9a-a759-41c8-bb73-093a1818e03a/resourceGroups/adf-rg-sapbw-2667/providers/Microsoft.DataFactory/factories/adf-sapbw-277",
        "type": "Microsoft.DataFactory/factories",
        "properties": {
          "provisioningState": "Succeeded",
          "createTime": "2023-11-23T09:57:50.3853057Z",
          "version": "2018-06-01"
        },
        "eTag": "\u00229e04bf4b-0000-0800-0000-655f221e0000\u0022",
        "location": "westus2",
        "tags": {}
      }
    },
    {
      "RequestUri": "https://management.azure.com/subscriptions/da1d7b9a-a759-41c8-bb73-093a1818e03a/resourceGroups/adf-rg-sapbw-2667/providers/Microsoft.DataFactory/factories/adf-sapbw-277/linkedservices/adf_linkedservice_sapbw_4603?api-version=2018-06-01",
      "RequestMethod": "PUT",
      "RequestHeaders": {
        "Accept": "application/json",
        "Authorization": "Sanitized",
        "Content-Length": "122",
        "Content-Type": "application/json",
        "traceparent": "00-85a7bbea530173ab21ad849a5b476feb-31c265863dcbf778-00",
        "User-Agent": "azsdk-net-ResourceManager.DataFactory/1.0.0-alpha.20231123.1 (.NET 7.0.14; Microsoft Windows 10.0.22621)",
        "x-ms-client-request-id": "ae20963721b3e30222100e549d95b056",
        "x-ms-return-client-request-id": "true"
      },
      "RequestBody": {
        "properties": {
          "type": "SapBW",
          "typeProperties": {
            "server": "fakeServer",
            "systemNumber": "123456",
            "clientId": "Sanitized"
          }
        }
      },
      "StatusCode": 200,
      "ResponseHeaders": {
        "Cache-Control": "no-cache",
        "Content-Length": "519",
        "Content-Type": "application/json; charset=utf-8",
        "Date": "Thu, 23 Nov 2023 09:57:50 GMT",
        "Expires": "-1",
        "Pragma": "no-cache",
        "Server": "Kestrel",
        "Strict-Transport-Security": "max-age=31536000; includeSubDomains",
        "X-Content-Type-Options": "nosniff",
        "x-ms-correlation-request-id": "cdbbce9c-9f80-4181-b4f2-b0506702ca22",
        "x-ms-ratelimit-remaining-subscription-writes": "1156",
        "x-ms-request-id": "cdbbce9c-9f80-4181-b4f2-b0506702ca22",
        "x-ms-routing-request-id": "EASTUS:20231123T095750Z:cdbbce9c-9f80-4181-b4f2-b0506702ca22"
      },
      "ResponseBody": {
        "id": "/subscriptions/da1d7b9a-a759-41c8-bb73-093a1818e03a/resourceGroups/adf-rg-sapbw-2667/providers/Microsoft.DataFactory/factories/adf-sapbw-277/linkedservices/adf_linkedservice_sapbw_4603",
        "name": "adf_linkedservice_sapbw_4603",
        "type": "Microsoft.DataFactory/factories/linkedservices",
        "properties": {
          "type": "SapBW",
          "typeProperties": {
            "server": "fakeServer",
            "systemNumber": "123456",
            "clientId": "Sanitized"
          }
        },
        "etag": "c702a2f7-0000-0800-0000-655f221e0000"
      }
    },
    {
      "RequestUri": "https://management.azure.com/subscriptions/da1d7b9a-a759-41c8-bb73-093a1818e03a/resourceGroups/adf-rg-sapbw-2667/providers/Microsoft.DataFactory/factories/adf-sapbw-277/datasets/adf-dataset-sapbw-5047?api-version=2018-06-01",
      "RequestMethod": "PUT",
      "RequestHeaders": {
        "Accept": "application/json",
        "Authorization": "Sanitized",
        "Content-Length": "136",
        "Content-Type": "application/json",
        "traceparent": "00-1135c9b0c742ce3b7dd1fe5b73bbfc56-f119d9b69d507189-00",
        "User-Agent": "azsdk-net-ResourceManager.DataFactory/1.0.0-alpha.20231123.1 (.NET 7.0.14; Microsoft Windows 10.0.22621)",
        "x-ms-client-request-id": "4c757890113132570d810dd8f5b0b59d",
        "x-ms-return-client-request-id": "true"
      },
      "RequestBody": {
        "properties": {
          "type": "SapBwCube",
          "linkedServiceName": {
            "type": "LinkedServiceReference",
            "referenceName": "adf_linkedservice_sapbw_4603"
          }
        }
      },
      "StatusCode": 200,
      "ResponseHeaders": {
        "Cache-Control": "no-cache",
        "Content-Length": "501",
        "Content-Type": "application/json; charset=utf-8",
        "Date": "Thu, 23 Nov 2023 09:57:50 GMT",
        "Expires": "-1",
        "Pragma": "no-cache",
        "Server": "Kestrel",
        "Strict-Transport-Security": "max-age=31536000; includeSubDomains",
        "X-Content-Type-Options": "nosniff",
        "x-ms-correlation-request-id": "b1d70807-da2d-4a79-a414-3b6ccb329c33",
        "x-ms-ratelimit-remaining-subscription-writes": "1155",
        "x-ms-request-id": "b1d70807-da2d-4a79-a414-3b6ccb329c33",
        "x-ms-routing-request-id": "EASTUS:20231123T095751Z:b1d70807-da2d-4a79-a414-3b6ccb329c33"
      },
      "ResponseBody": {
        "id": "/subscriptions/da1d7b9a-a759-41c8-bb73-093a1818e03a/resourceGroups/adf-rg-sapbw-2667/providers/Microsoft.DataFactory/factories/adf-sapbw-277/datasets/adf-dataset-sapbw-5047",
        "name": "adf-dataset-sapbw-5047",
        "type": "Microsoft.DataFactory/factories/datasets",
        "properties": {
          "type": "SapBwCube",
          "linkedServiceName": {
            "type": "LinkedServiceReference",
            "referenceName": "adf_linkedservice_sapbw_4603"
          }
        },
        "etag": "c702a9f7-0000-0800-0000-655f221f0000"
      }
    },
    {
      "RequestUri": "https://management.azure.com/subscriptions/da1d7b9a-a759-41c8-bb73-093a1818e03a/resourceGroups/adf-rg-sapbw-2667/providers/Microsoft.DataFactory/factories/adf-sapbw-277/linkedservices/adf_linkedservice_sapbw_3775?api-version=2018-06-01",
      "RequestMethod": "PUT",
      "RequestHeaders": {
        "Accept": "application/json",
        "Authorization": "Sanitized",
        "Content-Length": "92",
        "Content-Type": "application/json",
        "traceparent": "00-8501698c0be64d3c8bd1b2c1a3b8755d-f089929b00ca10c4-00",
        "User-Agent": "azsdk-net-ResourceManager.DataFactory/1.0.0-alpha.20231123.1 (.NET 7.0.14; Microsoft Windows 10.0.22621)",
        "x-ms-client-request-id": "d4da88768847225ca9d136236c4ccd6a",
        "x-ms-return-client-request-id": "true"
      },
      "RequestBody": {
        "properties": {
          "type": "AzureBlobStorage",
          "typeProperties": {
            "connectionString": "Sanitized"
          }
        }
      },
      "StatusCode": 200,
      "ResponseHeaders": {
        "Cache-Control": "no-cache",
        "Content-Length": "721",
        "Content-Type": "application/json; charset=utf-8",
        "Date": "Thu, 23 Nov 2023 09:57:51 GMT",
        "Expires": "-1",
        "Pragma": "no-cache",
        "Server": "Kestrel",
        "Strict-Transport-Security": "max-age=31536000; includeSubDomains",
        "X-Content-Type-Options": "nosniff",
        "x-ms-correlation-request-id": "b571d5fd-71f5-4965-a59a-c9ed2477c320",
        "x-ms-ratelimit-remaining-subscription-writes": "1154",
        "x-ms-request-id": "b571d5fd-71f5-4965-a59a-c9ed2477c320",
        "x-ms-routing-request-id": "EASTUS:20231123T095751Z:b571d5fd-71f5-4965-a59a-c9ed2477c320"
      },
      "ResponseBody": {
        "id": "/subscriptions/da1d7b9a-a759-41c8-bb73-093a1818e03a/resourceGroups/adf-rg-sapbw-2667/providers/Microsoft.DataFactory/factories/adf-sapbw-277/linkedservices/adf_linkedservice_sapbw_3775",
        "name": "adf_linkedservice_sapbw_3775",
        "type": "Microsoft.DataFactory/factories/linkedservices",
        "properties": {
          "type": "AzureBlobStorage",
          "typeProperties": {
            "connectionString": "Sanitized",
            "encryptedCredential": "ew0KICAiVmVyc2lvbiI6ICIyMDE3LTExLTMwIiwNCiAgIlByb3RlY3Rpb25Nb2RlIjogIktleSIsDQogICJTZWNyZXRDb250ZW50VHlwZSI6ICJQbGFpbnRleHQiLA0KICAiQ3JlZGVudGlhbElkIjogIkRBVEFGQUNUT1JZQDU1NDYxMTRGLUI1NDMtNDc2NC1BNDY3LTQyOTU2MkU3ODI4Ml8xOWZlNTA0NC1kMDVmLTQ2ZjItYTNiNi0yMGUyY2Y0M2ViZjIiDQp9"
          }
        },
        "etag": "c702b1f7-0000-0800-0000-655f221f0000"
      }
    },
    {
      "RequestUri": "https://management.azure.com/subscriptions/da1d7b9a-a759-41c8-bb73-093a1818e03a/resourceGroups/adf-rg-sapbw-2667/providers/Microsoft.DataFactory/factories/adf-sapbw-277/datasets/adf-dataset-sapbw-4120?api-version=2018-06-01",
      "RequestMethod": "PUT",
      "RequestHeaders": {
        "Accept": "application/json",
        "Authorization": "Sanitized",
        "Content-Length": "156",
        "Content-Type": "application/json",
        "traceparent": "00-2a9d97bd022b5e757b7b315fc3b35d77-66a3b3a672849463-00",
        "User-Agent": "azsdk-net-ResourceManager.DataFactory/1.0.0-alpha.20231123.1 (.NET 7.0.14; Microsoft Windows 10.0.22621)",
        "x-ms-client-request-id": "ee3a7988253dee3fa131132aed725b71",
        "x-ms-return-client-request-id": "true"
      },
      "RequestBody": {
        "properties": {
          "type": "AzureBlob",
          "linkedServiceName": {
            "type": "LinkedServiceReference",
            "referenceName": "adf_linkedservice_sapbw_3775"
          },
          "typeProperties": {}
        }
      },
      "StatusCode": 200,
      "ResponseHeaders": {
        "Cache-Control": "no-cache",
        "Content-Length": "527",
        "Content-Type": "application/json; charset=utf-8",
        "Date": "Thu, 23 Nov 2023 09:57:51 GMT",
        "Expires": "-1",
        "Pragma": "no-cache",
        "Server": "Kestrel",
        "Strict-Transport-Security": "max-age=31536000; includeSubDomains",
        "X-Content-Type-Options": "nosniff",
        "x-ms-correlation-request-id": "90f4650c-21b1-4a13-8215-c2bb0a82cb1e",
        "x-ms-ratelimit-remaining-subscription-writes": "1153",
        "x-ms-request-id": "90f4650c-21b1-4a13-8215-c2bb0a82cb1e",
        "x-ms-routing-request-id": "EASTUS:20231123T095751Z:90f4650c-21b1-4a13-8215-c2bb0a82cb1e"
      },
      "ResponseBody": {
        "id": "/subscriptions/da1d7b9a-a759-41c8-bb73-093a1818e03a/resourceGroups/adf-rg-sapbw-2667/providers/Microsoft.DataFactory/factories/adf-sapbw-277/datasets/adf-dataset-sapbw-4120",
        "name": "adf-dataset-sapbw-4120",
        "type": "Microsoft.DataFactory/factories/datasets",
        "properties": {
          "type": "AzureBlob",
          "linkedServiceName": {
            "type": "LinkedServiceReference",
            "referenceName": "adf_linkedservice_sapbw_3775"
          },
          "typeProperties": {}
        },
        "etag": "c702baf7-0000-0800-0000-655f221f0000"
      }
    },
    {
      "RequestUri": "https://management.azure.com/subscriptions/da1d7b9a-a759-41c8-bb73-093a1818e03a/resourceGroups/adf-rg-sapbw-2667/providers/Microsoft.DataFactory/factories/adf-sapbw-277/pipelines/adf-pipeline-sapbw-2281?api-version=2018-06-01",
      "RequestMethod": "PUT",
      "RequestHeaders": {
        "Accept": "application/json",
        "Authorization": "Sanitized",
        "Content-Length": "435",
        "Content-Type": "application/json",
        "traceparent": "00-db6c6b6efe8b53b9f9f17a26374674fe-40074bd4b4f39dbf-00",
        "User-Agent": "azsdk-net-ResourceManager.DataFactory/1.0.0-alpha.20231123.1 (.NET 7.0.14; Microsoft Windows 10.0.22621)",
        "x-ms-client-request-id": "7b281e7630bcf0ed0e6785fbe915c10b",
        "x-ms-return-client-request-id": "true"
      },
      "RequestBody": {
        "properties": {
          "activities": [
            {
              "inputs": [
                {
                  "type": "DatasetReference",
                  "referenceName": "adf-dataset-sapbw-5047"
                }
              ],
              "outputs": [
                {
                  "type": "DatasetReference",
                  "referenceName": "adf-dataset-sapbw-4120"
                }
              ],
              "policy": {
                "timeout": "01:00:00",
                "retry": 2
              },
              "name": "adf-pipeline-task-6409",
              "type": "Copy",
              "typeProperties": {
                "source": {
                  "query": "fakeQuery",
                  "type": "SapBwSource"
                },
                "sink": {
                  "type": "BlobSink",
                  "writeBatchSize": 100000,
                  "writeBatchTimeout": "01:00:00"
                }
              }
            }
          ]
        }
      },
      "StatusCode": 200,
      "ResponseHeaders": {
        "Cache-Control": "no-cache",
        "Content-Length": "1132",
        "Content-Type": "application/json; charset=utf-8",
        "Date": "Thu, 23 Nov 2023 09:57:51 GMT",
        "Expires": "-1",
        "Pragma": "no-cache",
        "Server": "Kestrel",
        "Strict-Transport-Security": "max-age=31536000; includeSubDomains",
        "X-Content-Type-Options": "nosniff",
        "x-ms-correlation-request-id": "cbaf3880-0184-499d-9f52-7e718ac96165",
        "x-ms-ratelimit-remaining-subscription-writes": "1152",
        "x-ms-request-id": "cbaf3880-0184-499d-9f52-7e718ac96165",
        "x-ms-routing-request-id": "EASTUS:20231123T095752Z:cbaf3880-0184-499d-9f52-7e718ac96165"
      },
      "ResponseBody": {
        "id": "/subscriptions/da1d7b9a-a759-41c8-bb73-093a1818e03a/resourceGroups/adf-rg-sapbw-2667/providers/Microsoft.DataFactory/factories/adf-sapbw-277/pipelines/adf-pipeline-sapbw-2281",
        "name": "adf-pipeline-sapbw-2281",
        "type": "Microsoft.DataFactory/factories/pipelines",
        "properties": {
          "activities": [
            {
              "inputs": [
                {
                  "type": "DatasetReference",
                  "referenceName": "adf-dataset-sapbw-5047"
                }
              ],
              "outputs": [
                {
                  "type": "DatasetReference",
                  "referenceName": "adf-dataset-sapbw-4120"
                }
              ],
              "policy": {
                "timeout": "01:00:00",
                "retry": 2
              },
              "name": "adf-pipeline-task-6409",
              "type": "Copy",
              "typeProperties": {
                "source": {
                  "query": "fakeQuery",
                  "type": "SapBwSource"
                },
                "sink": {
                  "type": "BlobSink",
                  "writeBatchSize": 100000,
                  "writeBatchTimeout": "01:00:00"
                }
              }
            }
          ]
        },
        "etag": "c702c1f7-0000-0800-0000-655f22200000"
      }
    }
  ],
  "Variables": {
    "AZURE_AUTHORITY_HOST": null,
    "RandomSeed": "1109213976",
    "RESOURCE_MANAGER_URL": null,
    "SUBSCRIPTION_ID": "da1d7b9a-a759-41c8-bb73-093a1818e03a"
  }
}
