{
  "Entries": [
    {
      "RequestUri": "https://management.azure.com/subscriptions/da1d7b9a-a759-41c8-bb73-093a1818e03a?api-version=2022-12-01",
      "RequestMethod": "GET",
      "RequestHeaders": {
        "Accept": "application/json",
        "Authorization": "Sanitized",
        "traceparent": "00-9884d888076069bbed9c24ebdf53f5ac-8258831eb45063d6-00",
        "User-Agent": "azsdk-net-ResourceManager/1.9.0 (.NET 7.0.14; Microsoft Windows 10.0.22621)",
        "x-ms-client-request-id": "9b9213a3dd93a1f0727304942f344c15",
        "x-ms-return-client-request-id": "true"
      },
      "RequestBody": null,
      "StatusCode": 200,
      "ResponseHeaders": {
        "Cache-Control": "no-cache",
        "Content-Length": "501",
        "Content-Type": "application/json; charset=utf-8",
        "Date": "Tue, 21 Nov 2023 08:54:29 GMT",
        "Expires": "-1",
        "Pragma": "no-cache",
        "Strict-Transport-Security": "max-age=31536000; includeSubDomains",
        "X-Cache": "CONFIG_NOCACHE",
        "X-Content-Type-Options": "nosniff",
        "x-ms-correlation-request-id": "861c90c4-5837-41aa-9465-b930f8f8e0a8",
        "x-ms-ratelimit-remaining-subscription-reads": "11998",
        "x-ms-request-id": "861c90c4-5837-41aa-9465-b930f8f8e0a8",
        "x-ms-routing-request-id": "JAPANWEST:20231121T085429Z:861c90c4-5837-41aa-9465-b930f8f8e0a8",
        "X-MSEdge-Ref": "Ref A: 2D389EEF00A24E1A815106039423DF4E Ref B: TYO201100115011 Ref C: 2023-11-21T08:54:29Z"
      },
      "ResponseBody": {
        "id": "/subscriptions/da1d7b9a-a759-41c8-bb73-093a1818e03a",
        "authorizationSource": "RoleBased",
        "managedByTenants": [
          {
            "tenantId": "2f4a9838-26b7-47ee-be60-ccc1fdec5953"
          }
        ],
        "tags": {
          "NRMS10318670": "20220720"
        },
        "subscriptionId": "da1d7b9a-a759-41c8-bb73-093a1818e03a",
        "tenantId": "72f988bf-86f1-41af-91ab-2d7cd011db47",
        "displayName": "ADMS_Test_Engineering_RichTransform",
        "state": "Enabled",
        "subscriptionPolicies": {
          "locationPlacementId": "Internal_2014-09-01",
          "quotaId": "Internal_2014-09-01",
          "spendingLimit": "Off"
        }
      }
    },
    {
      "RequestUri": "https://management.azure.com/subscriptions/da1d7b9a-a759-41c8-bb73-093a1818e03a/resourcegroups/adf-rg-shopify-9847?api-version=2022-09-01",
      "RequestMethod": "PUT",
      "RequestHeaders": {
        "Accept": "application/json",
        "Authorization": "Sanitized",
        "Content-Length": "22",
        "Content-Type": "application/json",
        "traceparent": "00-9f5ad2525ec77ae37746850f6cc21e27-b843960e0ef087ed-00",
        "User-Agent": "azsdk-net-ResourceManager/1.9.0 (.NET 7.0.14; Microsoft Windows 10.0.22621)",
        "x-ms-client-request-id": "bef145c3473b6f9e748ac84dc892761c",
        "x-ms-return-client-request-id": "true"
      },
      "RequestBody": {
        "location": "westus2"
      },
      "StatusCode": 201,
      "ResponseHeaders": {
        "Cache-Control": "no-cache",
        "Content-Length": "236",
        "Content-Type": "application/json; charset=utf-8",
        "Date": "Tue, 21 Nov 2023 08:54:30 GMT",
        "Expires": "-1",
        "Pragma": "no-cache",
        "Strict-Transport-Security": "max-age=31536000; includeSubDomains",
        "X-Cache": "CONFIG_NOCACHE",
        "X-Content-Type-Options": "nosniff",
        "x-ms-correlation-request-id": "f49eca67-df8d-4d1f-8377-b287fbe01a83",
        "x-ms-ratelimit-remaining-subscription-writes": "1184",
        "x-ms-request-id": "f49eca67-df8d-4d1f-8377-b287fbe01a83",
        "x-ms-routing-request-id": "JAPANEAST:20231121T085430Z:f49eca67-df8d-4d1f-8377-b287fbe01a83",
        "X-MSEdge-Ref": "Ref A: 09DD8232760B4699869F040F78EB478C Ref B: TYO201100115011 Ref C: 2023-11-21T08:54:30Z"
      },
      "ResponseBody": {
        "id": "/subscriptions/da1d7b9a-a759-41c8-bb73-093a1818e03a/resourceGroups/adf-rg-shopify-9847",
        "name": "adf-rg-shopify-9847",
        "type": "Microsoft.Resources/resourceGroups",
        "location": "westus2",
        "properties": {
          "provisioningState": "Succeeded"
        }
      }
    },
    {
      "RequestUri": "https://management.azure.com/subscriptions/da1d7b9a-a759-41c8-bb73-093a1818e03a/resourceGroups/adf-rg-shopify-9847/providers/Microsoft.DataFactory/factories/adf-shopify-4435?api-version=2018-06-01",
      "RequestMethod": "PUT",
      "RequestHeaders": {
        "Accept": "application/json",
        "Authorization": "Sanitized",
        "Content-Length": "48",
        "Content-Type": "application/json",
        "traceparent": "00-7939feac73519a05758cbb9b36ecd6f4-720d5eae11820eac-00",
        "User-Agent": "azsdk-net-ResourceManager.DataFactory/1.0.0-alpha.20231121.1 (.NET 7.0.14; Microsoft Windows 10.0.22621)",
        "x-ms-client-request-id": "5244c00e418b17bbd49365269a9e5658",
        "x-ms-return-client-request-id": "true"
      },
      "RequestBody": {
        "location": "westus2",
        "properties": {}
      },
      "StatusCode": 200,
      "ResponseHeaders": {
        "Cache-Control": "no-cache",
        "Content-Length": "466",
        "Content-Type": "application/json; charset=utf-8",
        "Date": "Tue, 21 Nov 2023 08:54:33 GMT",
        "Expires": "-1",
        "Pragma": "no-cache",
        "Strict-Transport-Security": "max-age=31536000; includeSubDomains",
        "X-Cache": "CONFIG_NOCACHE",
        "X-Content-Type-Options": "nosniff",
        "x-ms-correlation-request-id": "ba67f780-2bd4-4447-930d-0864fe1d6970",
        "x-ms-ratelimit-remaining-subscription-writes": "1188",
        "x-ms-request-id": "ba67f780-2bd4-4447-930d-0864fe1d6970",
        "x-ms-routing-request-id": "JAPANEAST:20231121T085433Z:ba67f780-2bd4-4447-930d-0864fe1d6970",
        "X-MSEdge-Ref": "Ref A: 78B90FCEB9294207AA6FA340B30CF5D8 Ref B: TYO201100115011 Ref C: 2023-11-21T08:54:31Z"
      },
      "ResponseBody": {
        "name": "adf-shopify-4435",
        "id": "/subscriptions/da1d7b9a-a759-41c8-bb73-093a1818e03a/resourceGroups/adf-rg-shopify-9847/providers/Microsoft.DataFactory/factories/adf-shopify-4435",
        "type": "Microsoft.DataFactory/factories",
        "properties": {
          "provisioningState": "Succeeded",
          "createTime": "2023-11-21T08:54:33.4594541Z",
          "version": "2018-06-01"
        },
        "eTag": "\u00224304f184-0000-0800-0000-655c70490000\u0022",
        "location": "westus2",
        "tags": {}
      }
    },
    {
      "RequestUri": "https://management.azure.com/subscriptions/da1d7b9a-a759-41c8-bb73-093a1818e03a/resourceGroups/adf-rg-shopify-9847/providers/Microsoft.DataFactory/factories/adf-shopify-4435/linkedservices/adf_linkedservice_shopify_8129?api-version=2018-06-01",
      "RequestMethod": "PUT",
      "RequestHeaders": {
        "Accept": "application/json",
        "Authorization": "Sanitized",
        "Content-Length": "147",
        "Content-Type": "application/json",
        "traceparent": "00-c05c084bf943619b1e477034946c2504-67d791f72b67d158-00",
        "User-Agent": "azsdk-net-ResourceManager.DataFactory/1.0.0-alpha.20231121.1 (.NET 7.0.14; Microsoft Windows 10.0.22621)",
        "x-ms-client-request-id": "d8d82edd745c26230815a3d9e0fde8ff",
        "x-ms-return-client-request-id": "true"
      },
      "RequestBody": {
        "properties": {
          "type": "Shopify",
          "typeProperties": {
            "host": "mystore.myshopify.com",
            "accessToken": {
              "value": "fakeAccessToken",
              "type": "SecureString"
            }
          }
        }
      },
      "StatusCode": 200,
      "ResponseHeaders": {
        "Cache-Control": "no-cache",
        "Content-Length": "778",
        "Content-Type": "application/json; charset=utf-8",
        "Date": "Tue, 21 Nov 2023 08:54:34 GMT",
        "Expires": "-1",
        "Pragma": "no-cache",
        "Strict-Transport-Security": "max-age=31536000; includeSubDomains",
        "X-Cache": "CONFIG_NOCACHE",
        "X-Content-Type-Options": "nosniff",
        "x-ms-correlation-request-id": "31733e0e-52c0-4bc1-85ba-400f6223186c",
        "x-ms-ratelimit-remaining-subscription-writes": "1188",
        "x-ms-request-id": "31733e0e-52c0-4bc1-85ba-400f6223186c",
        "x-ms-routing-request-id": "JAPANEAST:20231121T085435Z:31733e0e-52c0-4bc1-85ba-400f6223186c",
        "X-MSEdge-Ref": "Ref A: 0B45E8E6208A4B26808D5B5E98D4C788 Ref B: TYO201100115011 Ref C: 2023-11-21T08:54:34Z"
      },
      "ResponseBody": {
        "id": "/subscriptions/da1d7b9a-a759-41c8-bb73-093a1818e03a/resourceGroups/adf-rg-shopify-9847/providers/Microsoft.DataFactory/factories/adf-shopify-4435/linkedservices/adf_linkedservice_shopify_8129",
        "name": "adf_linkedservice_shopify_8129",
        "type": "Microsoft.DataFactory/factories/linkedservices",
        "properties": {
          "type": "Shopify",
          "typeProperties": {
            "host": "mystore.myshopify.com",
            "encryptedCredential": "ew0KICAiVmVyc2lvbiI6ICIyMDE3LTExLTMwIiwNCiAgIlByb3RlY3Rpb25Nb2RlIjogIktleSIsDQogICJTZWNyZXRDb250ZW50VHlwZSI6ICJQbGFpbnRleHQiLA0KICAiQ3JlZGVudGlhbElkIjogIkRBVEFGQUNUT1JZQEVGNkYzQ0UyLTIyNjYtNDA3My1BNUVCLUExRDdCNTA4ODg0Ml9hNWFmYzJkZC04MTMyLTRjYWItODgyNS1mMmJjNGZhZmExMjUiDQp9"
          }
        },
        "etag": "510008c0-0000-0800-0000-655c704a0000"
      }
    },
    {
      "RequestUri": "https://management.azure.com/subscriptions/da1d7b9a-a759-41c8-bb73-093a1818e03a/resourceGroups/adf-rg-shopify-9847/providers/Microsoft.DataFactory/factories/adf-shopify-4435/datasets/adf-dataset-shopify-3010?api-version=2018-06-01",
      "RequestMethod": "PUT",
      "RequestHeaders": {
        "Accept": "application/json",
        "Authorization": "Sanitized",
        "Content-Length": "162",
        "Content-Type": "application/json",
        "traceparent": "00-26a5ebf3cc305adce3c6adfe6e24733d-f8a1b50153165bc1-00",
        "User-Agent": "azsdk-net-ResourceManager.DataFactory/1.0.0-alpha.20231121.1 (.NET 7.0.14; Microsoft Windows 10.0.22621)",
        "x-ms-client-request-id": "c20873210338a63567b33849daeb71f4",
        "x-ms-return-client-request-id": "true"
      },
      "RequestBody": {
        "properties": {
          "type": "ShopifyObject",
          "linkedServiceName": {
            "type": "LinkedServiceReference",
            "referenceName": "adf_linkedservice_shopify_8129"
          },
          "typeProperties": {}
        }
      },
      "StatusCode": 200,
      "ResponseHeaders": {
        "Cache-Control": "no-cache",
        "Content-Length": "542",
        "Content-Type": "application/json; charset=utf-8",
        "Date": "Tue, 21 Nov 2023 08:54:35 GMT",
        "Expires": "-1",
        "Pragma": "no-cache",
        "Strict-Transport-Security": "max-age=31536000; includeSubDomains",
        "X-Cache": "CONFIG_NOCACHE",
        "X-Content-Type-Options": "nosniff",
        "x-ms-correlation-request-id": "4692e744-c1bf-43c6-8a35-dd90828d66fa",
        "x-ms-ratelimit-remaining-subscription-writes": "1195",
        "x-ms-request-id": "4692e744-c1bf-43c6-8a35-dd90828d66fa",
        "x-ms-routing-request-id": "JAPANEAST:20231121T085436Z:4692e744-c1bf-43c6-8a35-dd90828d66fa",
        "X-MSEdge-Ref": "Ref A: 8CB44DC09CF74608B554C21FAF6F24FF Ref B: TYO201100115011 Ref C: 2023-11-21T08:54:35Z"
      },
      "ResponseBody": {
        "id": "/subscriptions/da1d7b9a-a759-41c8-bb73-093a1818e03a/resourceGroups/adf-rg-shopify-9847/providers/Microsoft.DataFactory/factories/adf-shopify-4435/datasets/adf-dataset-shopify-3010",
        "name": "adf-dataset-shopify-3010",
        "type": "Microsoft.DataFactory/factories/datasets",
        "properties": {
          "type": "ShopifyObject",
          "linkedServiceName": {
            "type": "LinkedServiceReference",
            "referenceName": "adf_linkedservice_shopify_8129"
          },
          "typeProperties": {}
        },
        "etag": "51000bc0-0000-0800-0000-655c704c0000"
      }
    },
    {
      "RequestUri": "https://management.azure.com/subscriptions/da1d7b9a-a759-41c8-bb73-093a1818e03a/resourceGroups/adf-rg-shopify-9847/providers/Microsoft.DataFactory/factories/adf-shopify-4435/linkedservices/adf_linkedservice_shopify_2501?api-version=2018-06-01",
      "RequestMethod": "PUT",
      "RequestHeaders": {
        "Accept": "application/json",
        "Authorization": "Sanitized",
        "Content-Length": "92",
        "Content-Type": "application/json",
        "traceparent": "00-8046e756febd91b664e0a3cbad28d842-5433b4e4b0447c57-00",
        "User-Agent": "azsdk-net-ResourceManager.DataFactory/1.0.0-alpha.20231121.1 (.NET 7.0.14; Microsoft Windows 10.0.22621)",
        "x-ms-client-request-id": "35bbed98d064642f39a674fbb3683d9a",
        "x-ms-return-client-request-id": "true"
      },
      "RequestBody": {
        "properties": {
          "type": "AzureBlobStorage",
          "typeProperties": {
            "connectionString": "Sanitized"
          }
        }
      },
      "StatusCode": 200,
      "ResponseHeaders": {
        "Cache-Control": "no-cache",
        "Content-Length": "730",
        "Content-Type": "application/json; charset=utf-8",
        "Date": "Tue, 21 Nov 2023 08:54:36 GMT",
        "Expires": "-1",
        "Pragma": "no-cache",
        "Strict-Transport-Security": "max-age=31536000; includeSubDomains",
        "X-Cache": "CONFIG_NOCACHE",
        "X-Content-Type-Options": "nosniff",
        "x-ms-correlation-request-id": "9a30d1e8-2db1-4ccd-a6c1-8e2191cfedcf",
        "x-ms-ratelimit-remaining-subscription-writes": "1189",
        "x-ms-request-id": "9a30d1e8-2db1-4ccd-a6c1-8e2191cfedcf",
        "x-ms-routing-request-id": "JAPANEAST:20231121T085437Z:9a30d1e8-2db1-4ccd-a6c1-8e2191cfedcf",
        "X-MSEdge-Ref": "Ref A: 9722F172AAAD43E2BD644DB864BFEA7D Ref B: TYO201100115011 Ref C: 2023-11-21T08:54:36Z"
      },
      "ResponseBody": {
        "id": "/subscriptions/da1d7b9a-a759-41c8-bb73-093a1818e03a/resourceGroups/adf-rg-shopify-9847/providers/Microsoft.DataFactory/factories/adf-shopify-4435/linkedservices/adf_linkedservice_shopify_2501",
        "name": "adf_linkedservice_shopify_2501",
        "type": "Microsoft.DataFactory/factories/linkedservices",
        "properties": {
          "type": "AzureBlobStorage",
          "typeProperties": {
            "connectionString": "Sanitized",
            "encryptedCredential": "ew0KICAiVmVyc2lvbiI6ICIyMDE3LTExLTMwIiwNCiAgIlByb3RlY3Rpb25Nb2RlIjogIktleSIsDQogICJTZWNyZXRDb250ZW50VHlwZSI6ICJQbGFpbnRleHQiLA0KICAiQ3JlZGVudGlhbElkIjogIkRBVEFGQUNUT1JZQEVGNkYzQ0UyLTIyNjYtNDA3My1BNUVCLUExRDdCNTA4ODg0Ml9mYjg2NGRhMy05OWRiLTQ4NzUtYmY1Zi1kMzRlMmQxNGQyMjEiDQp9"
          }
        },
        "etag": "51000ec0-0000-0800-0000-655c704d0000"
      }
    },
    {
      "RequestUri": "https://management.azure.com/subscriptions/da1d7b9a-a759-41c8-bb73-093a1818e03a/resourceGroups/adf-rg-shopify-9847/providers/Microsoft.DataFactory/factories/adf-shopify-4435/datasets/adf-dataset-shopify-8856?api-version=2018-06-01",
      "RequestMethod": "PUT",
      "RequestHeaders": {
        "Accept": "application/json",
        "Authorization": "Sanitized",
        "Content-Length": "158",
        "Content-Type": "application/json",
        "traceparent": "00-228c1e9bda051e731d67f398f482ab72-1e5ae1cf2a848638-00",
        "User-Agent": "azsdk-net-ResourceManager.DataFactory/1.0.0-alpha.20231121.1 (.NET 7.0.14; Microsoft Windows 10.0.22621)",
        "x-ms-client-request-id": "f050e37dd9fe31f871a83bd94c1ca3ae",
        "x-ms-return-client-request-id": "true"
      },
      "RequestBody": {
        "properties": {
          "type": "AzureBlob",
          "linkedServiceName": {
            "type": "LinkedServiceReference",
            "referenceName": "adf_linkedservice_shopify_2501"
          },
          "typeProperties": {}
        }
      },
      "StatusCode": 200,
      "ResponseHeaders": {
        "Cache-Control": "no-cache",
        "Content-Length": "538",
        "Content-Type": "application/json; charset=utf-8",
        "Date": "Tue, 21 Nov 2023 08:54:37 GMT",
        "Expires": "-1",
        "Pragma": "no-cache",
        "Strict-Transport-Security": "max-age=31536000; includeSubDomains",
        "X-Cache": "CONFIG_NOCACHE",
        "X-Content-Type-Options": "nosniff",
        "x-ms-correlation-request-id": "7bf23871-cef4-447e-a9a9-f702c6249abe",
        "x-ms-ratelimit-remaining-subscription-writes": "1190",
        "x-ms-request-id": "7bf23871-cef4-447e-a9a9-f702c6249abe",
        "x-ms-routing-request-id": "JAPANEAST:20231121T085438Z:7bf23871-cef4-447e-a9a9-f702c6249abe",
        "X-MSEdge-Ref": "Ref A: B21142C667FD4DBBB40C0C07649A4983 Ref B: TYO201100115011 Ref C: 2023-11-21T08:54:37Z"
      },
      "ResponseBody": {
        "id": "/subscriptions/da1d7b9a-a759-41c8-bb73-093a1818e03a/resourceGroups/adf-rg-shopify-9847/providers/Microsoft.DataFactory/factories/adf-shopify-4435/datasets/adf-dataset-shopify-8856",
        "name": "adf-dataset-shopify-8856",
        "type": "Microsoft.DataFactory/factories/datasets",
        "properties": {
          "type": "AzureBlob",
          "linkedServiceName": {
            "type": "LinkedServiceReference",
            "referenceName": "adf_linkedservice_shopify_2501"
          },
          "typeProperties": {}
        },
        "etag": "510010c0-0000-0800-0000-655c704e0000"
      }
    },
    {
      "RequestUri": "https://management.azure.com/subscriptions/da1d7b9a-a759-41c8-bb73-093a1818e03a/resourceGroups/adf-rg-shopify-9847/providers/Microsoft.DataFactory/factories/adf-shopify-4435/pipelines/adf-pipeline-shopify-762?api-version=2018-06-01",
      "RequestMethod": "PUT",
      "RequestHeaders": {
        "Accept": "application/json",
        "Authorization": "Sanitized",
        "Content-Length": "356",
        "Content-Type": "application/json",
        "traceparent": "00-ebb0dc10fb59824f72dba17df638399b-d2a6f5820ec05408-00",
        "User-Agent": "azsdk-net-ResourceManager.DataFactory/1.0.0-alpha.20231121.1 (.NET 7.0.14; Microsoft Windows 10.0.22621)",
        "x-ms-client-request-id": "43fa64840feb9338d3ca8f326b00d00b",
        "x-ms-return-client-request-id": "true"
      },
      "RequestBody": {
        "properties": {
          "activities": [
            {
              "inputs": [
                {
                  "type": "DatasetReference",
                  "referenceName": "adf-dataset-shopify-3010"
                }
              ],
              "outputs": [
                {
                  "type": "DatasetReference",
                  "referenceName": "adf-dataset-shopify-8856"
                }
              ],
              "name": "adf-pipeline-task-5741",
              "type": "Copy",
              "typeProperties": {
                "source": {
                  "query": "select * from a table",
                  "type": "ShopifySource"
                },
                "sink": {
                  "type": "BlobSink"
                }
              }
            }
          ]
        }
      },
      "StatusCode": 200,
      "ResponseHeaders": {
        "Cache-Control": "no-cache",
        "Content-Length": "989",
        "Content-Type": "application/json; charset=utf-8",
        "Date": "Tue, 21 Nov 2023 08:54:38 GMT",
        "Expires": "-1",
        "Pragma": "no-cache",
        "Strict-Transport-Security": "max-age=31536000; includeSubDomains",
        "X-Cache": "CONFIG_NOCACHE",
        "X-Content-Type-Options": "nosniff",
        "x-ms-correlation-request-id": "8826ee50-a86c-4098-b4f7-f5eab52a8698",
        "x-ms-ratelimit-remaining-subscription-writes": "1191",
        "x-ms-request-id": "8826ee50-a86c-4098-b4f7-f5eab52a8698",
        "x-ms-routing-request-id": "JAPANEAST:20231121T085439Z:8826ee50-a86c-4098-b4f7-f5eab52a8698",
        "X-MSEdge-Ref": "Ref A: 54BB6DAB856641F6AF0B25E536A64719 Ref B: TYO201100115011 Ref C: 2023-11-21T08:54:38Z"
      },
      "ResponseBody": {
        "id": "/subscriptions/da1d7b9a-a759-41c8-bb73-093a1818e03a/resourceGroups/adf-rg-shopify-9847/providers/Microsoft.DataFactory/factories/adf-shopify-4435/pipelines/adf-pipeline-shopify-762",
        "name": "adf-pipeline-shopify-762",
        "type": "Microsoft.DataFactory/factories/pipelines",
        "properties": {
          "activities": [
            {
              "inputs": [
                {
                  "type": "DatasetReference",
                  "referenceName": "adf-dataset-shopify-3010"
                }
              ],
              "outputs": [
                {
                  "type": "DatasetReference",
                  "referenceName": "adf-dataset-shopify-8856"
                }
              ],
              "name": "adf-pipeline-task-5741",
              "type": "Copy",
              "typeProperties": {
                "source": {
                  "query": "select * from a table",
                  "type": "ShopifySource"
                },
                "sink": {
                  "type": "BlobSink"
                }
              }
            }
          ]
        },
        "etag": "510014c0-0000-0800-0000-655c704f0000"
      }
    }
  ],
  "Variables": {
    "AZURE_AUTHORITY_HOST": null,
    "RandomSeed": "1648132331",
    "RESOURCE_MANAGER_URL": null,
    "SUBSCRIPTION_ID": "da1d7b9a-a759-41c8-bb73-093a1818e03a"
  }
}
