{
  "Entries": [
    {
      "RequestUri": "https://management.azure.com/subscriptions/da1d7b9a-a759-41c8-bb73-093a1818e03a?api-version=2022-12-01",
      "RequestMethod": "GET",
      "RequestHeaders": {
        "Accept": "application/json",
        "Authorization": "Sanitized",
        "traceparent": "00-316c875a39be54dbd8261277fe577486-d66702821c314ba1-00",
        "User-Agent": "azsdk-net-ResourceManager/1.9.0 (.NET 7.0.14; Microsoft Windows 10.0.22621)",
        "x-ms-client-request-id": "f72df61123731ef7c353b8fbc9257f5f",
        "x-ms-return-client-request-id": "true"
      },
      "RequestBody": null,
      "StatusCode": 200,
      "ResponseHeaders": {
        "Cache-Control": "no-cache",
        "Content-Length": "501",
        "Content-Type": "application/json; charset=utf-8",
        "Date": "Thu, 23 Nov 2023 09:59:13 GMT",
        "Expires": "-1",
        "Pragma": "no-cache",
        "Strict-Transport-Security": "max-age=31536000; includeSubDomains",
        "X-Content-Type-Options": "nosniff",
        "x-ms-correlation-request-id": "208e4ad2-4b95-4afb-a67f-facc467b481c",
        "x-ms-ratelimit-remaining-subscription-reads": "11911",
        "x-ms-request-id": "208e4ad2-4b95-4afb-a67f-facc467b481c",
        "x-ms-routing-request-id": "EASTUS:20231123T095913Z:208e4ad2-4b95-4afb-a67f-facc467b481c"
      },
      "ResponseBody": {
        "id": "/subscriptions/da1d7b9a-a759-41c8-bb73-093a1818e03a",
        "authorizationSource": "RoleBased",
        "managedByTenants": [
          {
            "tenantId": "2f4a9838-26b7-47ee-be60-ccc1fdec5953"
          }
        ],
        "tags": {
          "NRMS10318670": "20220720"
        },
        "subscriptionId": "da1d7b9a-a759-41c8-bb73-093a1818e03a",
        "tenantId": "72f988bf-86f1-41af-91ab-2d7cd011db47",
        "displayName": "ADMS_Test_Engineering_RichTransform",
        "state": "Enabled",
        "subscriptionPolicies": {
          "locationPlacementId": "Internal_2014-09-01",
          "quotaId": "Internal_2014-09-01",
          "spendingLimit": "Off"
        }
      }
    },
    {
      "RequestUri": "https://management.azure.com/subscriptions/da1d7b9a-a759-41c8-bb73-093a1818e03a/resourcegroups/adf-rg-sqlserver-8452?api-version=2022-09-01",
      "RequestMethod": "PUT",
      "RequestHeaders": {
        "Accept": "application/json",
        "Authorization": "Sanitized",
        "Content-Length": "22",
        "Content-Type": "application/json",
        "traceparent": "00-9ec03334434fc07b186fe64d44f06250-29b1b602e83c6386-00",
        "User-Agent": "azsdk-net-ResourceManager/1.9.0 (.NET 7.0.14; Microsoft Windows 10.0.22621)",
        "x-ms-client-request-id": "8973350ad4231372f1e27360d0b34e13",
        "x-ms-return-client-request-id": "true"
      },
      "RequestBody": {
        "location": "westus2"
      },
      "StatusCode": 201,
      "ResponseHeaders": {
        "Cache-Control": "no-cache",
        "Content-Length": "240",
        "Content-Type": "application/json; charset=utf-8",
        "Date": "Thu, 23 Nov 2023 09:59:14 GMT",
        "Expires": "-1",
        "Pragma": "no-cache",
        "Strict-Transport-Security": "max-age=31536000; includeSubDomains",
        "X-Content-Type-Options": "nosniff",
        "x-ms-correlation-request-id": "ae408006-5119-4e7f-bb91-7102ef7d9698",
        "x-ms-ratelimit-remaining-subscription-writes": "1046",
        "x-ms-request-id": "ae408006-5119-4e7f-bb91-7102ef7d9698",
        "x-ms-routing-request-id": "EASTUS:20231123T095914Z:ae408006-5119-4e7f-bb91-7102ef7d9698"
      },
      "ResponseBody": {
        "id": "/subscriptions/da1d7b9a-a759-41c8-bb73-093a1818e03a/resourceGroups/adf-rg-sqlserver-8452",
        "name": "adf-rg-sqlserver-8452",
        "type": "Microsoft.Resources/resourceGroups",
        "location": "westus2",
        "properties": {
          "provisioningState": "Succeeded"
        }
      }
    },
    {
      "RequestUri": "https://management.azure.com/subscriptions/da1d7b9a-a759-41c8-bb73-093a1818e03a/resourceGroups/adf-rg-sqlserver-8452/providers/Microsoft.DataFactory/factories/adf-sqlserver-9502?api-version=2018-06-01",
      "RequestMethod": "PUT",
      "RequestHeaders": {
        "Accept": "application/json",
        "Authorization": "Sanitized",
        "Content-Length": "48",
        "Content-Type": "application/json",
        "traceparent": "00-7ebe1fa130479942e4ff570f07be9323-99c930d3b04b1709-00",
        "User-Agent": "azsdk-net-ResourceManager.DataFactory/1.0.0-alpha.20231123.1 (.NET 7.0.14; Microsoft Windows 10.0.22621)",
        "x-ms-client-request-id": "6f4ec380afd7d904d6eaa4174a3ce68b",
        "x-ms-return-client-request-id": "true"
      },
      "RequestBody": {
        "tags": {},
        "location": "westus2",
        "properties": {}
      },
      "StatusCode": 200,
      "ResponseHeaders": {
        "Cache-Control": "no-cache",
        "Content-Length": "472",
        "Content-Type": "application/json; charset=utf-8",
        "Date": "Thu, 23 Nov 2023 09:59:15 GMT",
        "Expires": "-1",
        "Pragma": "no-cache",
        "Server": "Kestrel",
        "Strict-Transport-Security": "max-age=31536000; includeSubDomains",
        "X-Content-Type-Options": "nosniff",
        "x-ms-correlation-request-id": "ce7f9fa5-23e8-4240-875a-ca3d02d6ccd8",
        "x-ms-ratelimit-remaining-subscription-writes": "1045",
        "x-ms-request-id": "ce7f9fa5-23e8-4240-875a-ca3d02d6ccd8",
        "x-ms-routing-request-id": "EASTUS:20231123T095916Z:ce7f9fa5-23e8-4240-875a-ca3d02d6ccd8"
      },
      "ResponseBody": {
        "name": "adf-sqlserver-9502",
        "id": "/subscriptions/da1d7b9a-a759-41c8-bb73-093a1818e03a/resourceGroups/adf-rg-sqlserver-8452/providers/Microsoft.DataFactory/factories/adf-sqlserver-9502",
        "type": "Microsoft.DataFactory/factories",
        "properties": {
          "provisioningState": "Succeeded",
          "createTime": "2023-11-23T09:59:15.8726098Z",
          "version": "2018-06-01"
        },
        "eTag": "\u00229e046b56-0000-0800-0000-655f22730000\u0022",
        "location": "westus2",
        "tags": {}
      }
    },
    {
      "RequestUri": "https://management.azure.com/subscriptions/da1d7b9a-a759-41c8-bb73-093a1818e03a/resourceGroups/adf-rg-sqlserver-8452/providers/Microsoft.DataFactory/factories/adf-sqlserver-9502/linkedservices/adf_linkedservice_sqlserver_163?api-version=2018-06-01",
      "RequestMethod": "PUT",
      "RequestHeaders": {
        "Accept": "application/json",
        "Authorization": "Sanitized",
        "Content-Length": "85",
        "Content-Type": "application/json",
        "traceparent": "00-78c792cca3fed98a7d7bfffc130e08e7-a62f727063e3a8b0-00",
        "User-Agent": "azsdk-net-ResourceManager.DataFactory/1.0.0-alpha.20231123.1 (.NET 7.0.14; Microsoft Windows 10.0.22621)",
        "x-ms-client-request-id": "5979e76a833c051a90b0964e0f04a48e",
        "x-ms-return-client-request-id": "true"
      },
      "RequestBody": {
        "properties": {
          "type": "SqlServer",
          "typeProperties": {
            "connectionString": "Sanitized"
          }
        }
      },
      "StatusCode": 200,
      "ResponseHeaders": {
        "Cache-Control": "no-cache",
        "Content-Length": "729",
        "Content-Type": "application/json; charset=utf-8",
        "Date": "Thu, 23 Nov 2023 09:59:16 GMT",
        "Expires": "-1",
        "Pragma": "no-cache",
        "Server": "Kestrel",
        "Strict-Transport-Security": "max-age=31536000; includeSubDomains",
        "X-Content-Type-Options": "nosniff",
        "x-ms-correlation-request-id": "4cb249e5-b4dc-4690-a741-9dc09965b790",
        "x-ms-ratelimit-remaining-subscription-writes": "1044",
        "x-ms-request-id": "4cb249e5-b4dc-4690-a741-9dc09965b790",
        "x-ms-routing-request-id": "EASTUS:20231123T095916Z:4cb249e5-b4dc-4690-a741-9dc09965b790"
      },
      "ResponseBody": {
        "id": "/subscriptions/da1d7b9a-a759-41c8-bb73-093a1818e03a/resourceGroups/adf-rg-sqlserver-8452/providers/Microsoft.DataFactory/factories/adf-sqlserver-9502/linkedservices/adf_linkedservice_sqlserver_163",
        "name": "adf_linkedservice_sqlserver_163",
        "type": "Microsoft.DataFactory/factories/linkedservices",
        "properties": {
          "type": "SqlServer",
          "typeProperties": {
            "connectionString": "Sanitized",
            "encryptedCredential": "ew0KICAiVmVyc2lvbiI6ICIyMDE3LTExLTMwIiwNCiAgIlByb3RlY3Rpb25Nb2RlIjogIktleSIsDQogICJTZWNyZXRDb250ZW50VHlwZSI6ICJQbGFpbnRleHQiLA0KICAiQ3JlZGVudGlhbElkIjogIkRBVEFGQUNUT1JZQDlCQzVGNTUyLTQ1OUItNDA2Ri04NzdBLUU4RDZEQjI0MzIzRl82MjdlNTNlMC1iYTNiLTRjYTItOTk1YS1kZTk5MmVlYjBlYzEiDQp9"
          }
        },
        "etag": "f500567a-0000-0800-0000-655f22740000"
      }
    },
    {
      "RequestUri": "https://management.azure.com/subscriptions/da1d7b9a-a759-41c8-bb73-093a1818e03a/resourceGroups/adf-rg-sqlserver-8452/providers/Microsoft.DataFactory/factories/adf-sqlserver-9502/datasets/adf-dataset-sqlserver-7541?api-version=2018-06-01",
      "RequestMethod": "PUT",
      "RequestHeaders": {
        "Accept": "application/json",
        "Authorization": "Sanitized",
        "Content-Length": "164",
        "Content-Type": "application/json",
        "traceparent": "00-59d91d7fd79c01f81de46aee96797398-ad4f93bd79a7e9fe-00",
        "User-Agent": "azsdk-net-ResourceManager.DataFactory/1.0.0-alpha.20231123.1 (.NET 7.0.14; Microsoft Windows 10.0.22621)",
        "x-ms-client-request-id": "f03061498533b06e4ceacefba7a68cd4",
        "x-ms-return-client-request-id": "true"
      },
      "RequestBody": {
        "properties": {
          "type": "SqlServerTable",
          "linkedServiceName": {
            "type": "LinkedServiceReference",
            "referenceName": "adf_linkedservice_sqlserver_163"
          },
          "typeProperties": {}
        }
      },
      "StatusCode": 200,
      "ResponseHeaders": {
        "Cache-Control": "no-cache",
        "Content-Length": "552",
        "Content-Type": "application/json; charset=utf-8",
        "Date": "Thu, 23 Nov 2023 09:59:16 GMT",
        "Expires": "-1",
        "Pragma": "no-cache",
        "Server": "Kestrel",
        "Strict-Transport-Security": "max-age=31536000; includeSubDomains",
        "X-Content-Type-Options": "nosniff",
        "x-ms-correlation-request-id": "c4a474c9-07db-444d-86bb-b337a2c08496",
        "x-ms-ratelimit-remaining-subscription-writes": "1043",
        "x-ms-request-id": "c4a474c9-07db-444d-86bb-b337a2c08496",
        "x-ms-routing-request-id": "EASTUS:20231123T095916Z:c4a474c9-07db-444d-86bb-b337a2c08496"
      },
      "ResponseBody": {
        "id": "/subscriptions/da1d7b9a-a759-41c8-bb73-093a1818e03a/resourceGroups/adf-rg-sqlserver-8452/providers/Microsoft.DataFactory/factories/adf-sqlserver-9502/datasets/adf-dataset-sqlserver-7541",
        "name": "adf-dataset-sqlserver-7541",
        "type": "Microsoft.DataFactory/factories/datasets",
        "properties": {
          "type": "SqlServerTable",
          "linkedServiceName": {
            "type": "LinkedServiceReference",
            "referenceName": "adf_linkedservice_sqlserver_163"
          },
          "typeProperties": {}
        },
        "etag": "f500597a-0000-0800-0000-655f22740000"
      }
    },
    {
      "RequestUri": "https://management.azure.com/subscriptions/da1d7b9a-a759-41c8-bb73-093a1818e03a/resourceGroups/adf-rg-sqlserver-8452/providers/Microsoft.DataFactory/factories/adf-sqlserver-9502/pipelines/adf-pipeline-sqlserver-4843?api-version=2018-06-01",
      "RequestMethod": "PUT",
      "RequestHeaders": {
        "Accept": "application/json",
        "Authorization": "Sanitized",
        "Content-Length": "309",
        "Content-Type": "application/json",
        "traceparent": "00-2c1f32d1f60e877200514b42cf304fb2-0975635487fc6964-00",
        "User-Agent": "azsdk-net-ResourceManager.DataFactory/1.0.0-alpha.20231123.1 (.NET 7.0.14; Microsoft Windows 10.0.22621)",
        "x-ms-client-request-id": "8626f32c54ca1ed2534287da9f72bbf2",
        "x-ms-return-client-request-id": "true"
      },
      "RequestBody": {
        "properties": {
          "activities": [
            {
              "linkedServiceName": {
                "type": "LinkedServiceReference",
                "referenceName": "adf_linkedservice_sqlserver_163"
              },
              "name": "adf-pipeline-task-69",
              "type": "SqlServerStoredProcedure",
              "typeProperties": {
                "storedProcedureName": "testStoredProcedure",
                "storedProcedureParameters": {
                  "para1": "test"
                }
              }
            }
          ]
        }
      },
      "StatusCode": 200,
      "ResponseHeaders": {
        "Cache-Control": "no-cache",
        "Content-Length": "818",
        "Content-Type": "application/json; charset=utf-8",
        "Date": "Thu, 23 Nov 2023 09:59:16 GMT",
        "Expires": "-1",
        "Pragma": "no-cache",
        "Server": "Kestrel",
        "Strict-Transport-Security": "max-age=31536000; includeSubDomains",
        "X-Content-Type-Options": "nosniff",
        "x-ms-correlation-request-id": "23aeaa09-cde7-4f38-b047-45a1f04a303c",
        "x-ms-ratelimit-remaining-subscription-writes": "1042",
        "x-ms-request-id": "23aeaa09-cde7-4f38-b047-45a1f04a303c",
        "x-ms-routing-request-id": "EASTUS:20231123T095916Z:23aeaa09-cde7-4f38-b047-45a1f04a303c"
      },
      "ResponseBody": {
        "id": "/subscriptions/da1d7b9a-a759-41c8-bb73-093a1818e03a/resourceGroups/adf-rg-sqlserver-8452/providers/Microsoft.DataFactory/factories/adf-sqlserver-9502/pipelines/adf-pipeline-sqlserver-4843",
        "name": "adf-pipeline-sqlserver-4843",
        "type": "Microsoft.DataFactory/factories/pipelines",
        "properties": {
          "activities": [
            {
              "linkedServiceName": {
                "type": "LinkedServiceReference",
                "referenceName": "adf_linkedservice_sqlserver_163"
              },
              "name": "adf-pipeline-task-69",
              "type": "SqlServerStoredProcedure",
              "typeProperties": {
                "storedProcedureName": "testStoredProcedure",
                "storedProcedureParameters": {
                  "para1": "test"
                }
              }
            }
          ]
        },
        "etag": "f5005e7a-0000-0800-0000-655f22740000"
      }
    }
  ],
  "Variables": {
    "AZURE_AUTHORITY_HOST": null,
    "RandomSeed": "613243483",
    "RESOURCE_MANAGER_URL": null,
    "SUBSCRIPTION_ID": "da1d7b9a-a759-41c8-bb73-093a1818e03a"
  }
}
