{
  "Entries": [
    {
      "RequestUri": "https://management.azure.com/subscriptions/da1d7b9a-a759-41c8-bb73-093a1818e03a?api-version=2022-12-01",
      "RequestMethod": "GET",
      "RequestHeaders": {
        "Accept": "application/json",
        "Authorization": "Sanitized",
        "traceparent": "00-6d17618f887461b4acad6e4ce9d99311-f318f846029b31ae-00",
        "User-Agent": "azsdk-net-ResourceManager/1.9.0 (.NET 7.0.14; Microsoft Windows 10.0.22621)",
        "x-ms-client-request-id": "84cb925041cb622463be5297ef26c409",
        "x-ms-return-client-request-id": "true"
      },
      "RequestBody": null,
      "StatusCode": 200,
      "ResponseHeaders": {
        "Cache-Control": "no-cache",
        "Content-Length": "501",
        "Content-Type": "application/json; charset=utf-8",
        "Date": "Thu, 23 Nov 2023 10:12:01 GMT",
        "Expires": "-1",
        "Pragma": "no-cache",
        "Strict-Transport-Security": "max-age=31536000; includeSubDomains",
        "X-Content-Type-Options": "nosniff",
        "x-ms-correlation-request-id": "b5a60305-0305-4519-8bbe-1d806c119572",
        "x-ms-ratelimit-remaining-subscription-reads": "11719",
        "x-ms-request-id": "b5a60305-0305-4519-8bbe-1d806c119572",
        "x-ms-routing-request-id": "EASTUS:20231123T101202Z:b5a60305-0305-4519-8bbe-1d806c119572"
      },
      "ResponseBody": {
        "id": "/subscriptions/da1d7b9a-a759-41c8-bb73-093a1818e03a",
        "authorizationSource": "RoleBased",
        "managedByTenants": [
          {
            "tenantId": "2f4a9838-26b7-47ee-be60-ccc1fdec5953"
          }
        ],
        "tags": {
          "NRMS10318670": "20220720"
        },
        "subscriptionId": "da1d7b9a-a759-41c8-bb73-093a1818e03a",
        "tenantId": "72f988bf-86f1-41af-91ab-2d7cd011db47",
        "displayName": "ADMS_Test_Engineering_RichTransform",
        "state": "Enabled",
        "subscriptionPolicies": {
          "locationPlacementId": "Internal_2014-09-01",
          "quotaId": "Internal_2014-09-01",
          "spendingLimit": "Off"
        }
      }
    },
    {
      "RequestUri": "https://management.azure.com/subscriptions/da1d7b9a-a759-41c8-bb73-093a1818e03a/resourcegroups/adf-rg-sapcloudforcustomer-9759?api-version=2022-09-01",
      "RequestMethod": "PUT",
      "RequestHeaders": {
        "Accept": "application/json",
        "Authorization": "Sanitized",
        "Content-Length": "22",
        "Content-Type": "application/json",
        "traceparent": "00-3edf6d8ae21165d45b42d567a745c53f-383bc12a702d7f76-00",
        "User-Agent": "azsdk-net-ResourceManager/1.9.0 (.NET 7.0.14; Microsoft Windows 10.0.22621)",
        "x-ms-client-request-id": "317aeb674b6e6bdc6e9499383f401287",
        "x-ms-return-client-request-id": "true"
      },
      "RequestBody": {
        "location": "westus2"
      },
      "StatusCode": 201,
      "ResponseHeaders": {
        "Cache-Control": "no-cache",
        "Content-Length": "260",
        "Content-Type": "application/json; charset=utf-8",
        "Date": "Thu, 23 Nov 2023 10:12:02 GMT",
        "Expires": "-1",
        "Pragma": "no-cache",
        "Strict-Transport-Security": "max-age=31536000; includeSubDomains",
        "X-Content-Type-Options": "nosniff",
        "x-ms-correlation-request-id": "20abc9c3-535f-4349-9e04-130b5c703bbb",
        "x-ms-ratelimit-remaining-subscription-writes": "404",
        "x-ms-request-id": "20abc9c3-535f-4349-9e04-130b5c703bbb",
        "x-ms-routing-request-id": "EASTUS:20231123T101202Z:20abc9c3-535f-4349-9e04-130b5c703bbb"
      },
      "ResponseBody": {
        "id": "/subscriptions/da1d7b9a-a759-41c8-bb73-093a1818e03a/resourceGroups/adf-rg-sapcloudforcustomer-9759",
        "name": "adf-rg-sapcloudforcustomer-9759",
        "type": "Microsoft.Resources/resourceGroups",
        "location": "westus2",
        "properties": {
          "provisioningState": "Succeeded"
        }
      }
    },
    {
      "RequestUri": "https://management.azure.com/subscriptions/da1d7b9a-a759-41c8-bb73-093a1818e03a/resourceGroups/adf-rg-sapcloudforcustomer-9759/providers/Microsoft.DataFactory/factories/adf-sapcloudforcustomer-127?api-version=2018-06-01",
      "RequestMethod": "PUT",
      "RequestHeaders": {
        "Accept": "application/json",
        "Authorization": "Sanitized",
        "Content-Length": "48",
        "Content-Type": "application/json",
        "traceparent": "00-c8f89bbf264ca75e4f7f69ad09416adc-72faf9f12a1a5f6d-00",
        "User-Agent": "azsdk-net-ResourceManager.DataFactory/1.0.0-alpha.20231123.1 (.NET 7.0.14; Microsoft Windows 10.0.22621)",
        "x-ms-client-request-id": "9364e2345448414b3642cd3e81a43f9a",
        "x-ms-return-client-request-id": "true"
      },
      "RequestBody": {
        "location": "westus2",
        "properties": {}
      },
      "StatusCode": 200,
      "ResponseHeaders": {
        "Cache-Control": "no-cache",
        "Content-Length": "500",
        "Content-Type": "application/json; charset=utf-8",
        "Date": "Thu, 23 Nov 2023 10:12:03 GMT",
        "Expires": "-1",
        "Pragma": "no-cache",
        "Server": "Kestrel",
        "Strict-Transport-Security": "max-age=31536000; includeSubDomains",
        "X-Content-Type-Options": "nosniff",
        "x-ms-correlation-request-id": "b2eb4549-7249-4189-8125-0117a020a9db",
        "x-ms-ratelimit-remaining-subscription-writes": "403",
        "x-ms-request-id": "b2eb4549-7249-4189-8125-0117a020a9db",
        "x-ms-routing-request-id": "EASTUS:20231123T101204Z:b2eb4549-7249-4189-8125-0117a020a9db"
      },
      "ResponseBody": {
        "name": "adf-sapcloudforcustomer-127",
        "id": "/subscriptions/da1d7b9a-a759-41c8-bb73-093a1818e03a/resourceGroups/adf-rg-sapcloudforcustomer-9759/providers/Microsoft.DataFactory/factories/adf-sapcloudforcustomer-127",
        "type": "Microsoft.DataFactory/factories",
        "properties": {
          "provisioningState": "Succeeded",
          "createTime": "2023-11-23T10:12:04.6090979Z",
          "version": "2018-06-01"
        },
        "eTag": "\u00229e04c7bb-0000-0800-0000-655f25740000\u0022",
        "location": "westus2",
        "tags": {}
      }
    },
    {
      "RequestUri": "https://management.azure.com/subscriptions/da1d7b9a-a759-41c8-bb73-093a1818e03a/resourceGroups/adf-rg-sapcloudforcustomer-9759/providers/Microsoft.DataFactory/factories/adf-sapcloudforcustomer-127/linkedservices/adf_linkedservice_sapcloudforcustomer_5188?api-version=2018-06-01",
      "RequestMethod": "PUT",
      "RequestHeaders": {
        "Accept": "application/json",
        "Authorization": "Sanitized",
        "Content-Length": "172",
        "Content-Type": "application/json",
        "traceparent": "00-97f987d0f58264f994795c836fd5945d-b57b6991578e6bc8-00",
        "User-Agent": "azsdk-net-ResourceManager.DataFactory/1.0.0-alpha.20231123.1 (.NET 7.0.14; Microsoft Windows 10.0.22621)",
        "x-ms-client-request-id": "3873cb9ab505166036a7eb2222accb42",
        "x-ms-return-client-request-id": "true"
      },
      "RequestBody": {
        "properties": {
          "type": "SapCloudForCustomer",
          "typeProperties": {
            "url": "www.fakeuri.com",
            "username": "fakeUsername",
            "password": {
              "value": "fakePassword",
              "type": "SecureString"
            }
          }
        }
      },
      "StatusCode": 200,
      "ResponseHeaders": {
        "Cache-Control": "no-cache",
        "Content-Length": "864",
        "Content-Type": "application/json; charset=utf-8",
        "Date": "Thu, 23 Nov 2023 10:12:04 GMT",
        "Expires": "-1",
        "Pragma": "no-cache",
        "Server": "Kestrel",
        "Strict-Transport-Security": "max-age=31536000; includeSubDomains",
        "X-Content-Type-Options": "nosniff",
        "x-ms-correlation-request-id": "37b1b72a-6eb9-468a-b87a-938baa4e1854",
        "x-ms-ratelimit-remaining-subscription-writes": "402",
        "x-ms-request-id": "37b1b72a-6eb9-468a-b87a-938baa4e1854",
        "x-ms-routing-request-id": "EASTUS:20231123T101205Z:37b1b72a-6eb9-468a-b87a-938baa4e1854"
      },
      "ResponseBody": {
        "id": "/subscriptions/da1d7b9a-a759-41c8-bb73-093a1818e03a/resourceGroups/adf-rg-sapcloudforcustomer-9759/providers/Microsoft.DataFactory/factories/adf-sapcloudforcustomer-127/linkedservices/adf_linkedservice_sapcloudforcustomer_5188",
        "name": "adf_linkedservice_sapcloudforcustomer_5188",
        "type": "Microsoft.DataFactory/factories/linkedservices",
        "properties": {
          "type": "SapCloudForCustomer",
          "typeProperties": {
            "url": "www.fakeuri.com",
            "username": "fakeUsername",
            "encryptedCredential": "ew0KICAiVmVyc2lvbiI6ICIyMDE3LTExLTMwIiwNCiAgIlByb3RlY3Rpb25Nb2RlIjogIktleSIsDQogICJTZWNyZXRDb250ZW50VHlwZSI6ICJQbGFpbnRleHQiLA0KICAiQ3JlZGVudGlhbElkIjogIkRBVEFGQUNUT1JZQDhBOEM2RjNBLTlEMkUtNDFFOC1BQ0U5LTg5QzE1QzRFRDY5Q183ZjU0NjFjYi0zZWE0LTQ0MTItYmIzOS02MTJhNjQyYjY5YzAiDQp9"
          }
        },
        "etag": "d1001912-0000-0800-0000-655f25750000"
      }
    },
    {
      "RequestUri": "https://management.azure.com/subscriptions/da1d7b9a-a759-41c8-bb73-093a1818e03a/resourceGroups/adf-rg-sapcloudforcustomer-9759/providers/Microsoft.DataFactory/factories/adf-sapcloudforcustomer-127/datasets/adf-dataset-sapcloudforcustomer-3923?api-version=2018-06-01",
      "RequestMethod": "PUT",
      "RequestHeaders": {
        "Accept": "application/json",
        "Authorization": "Sanitized",
        "Content-Length": "205",
        "Content-Type": "application/json",
        "traceparent": "00-a28b2bc3895b1c24b92a3a0b68443a5f-746ff9e241cdf304-00",
        "User-Agent": "azsdk-net-ResourceManager.DataFactory/1.0.0-alpha.20231123.1 (.NET 7.0.14; Microsoft Windows 10.0.22621)",
        "x-ms-client-request-id": "756043ba961fef2e37080f2cecf05a9e",
        "x-ms-return-client-request-id": "true"
      },
      "RequestBody": {
        "properties": {
          "type": "SapCloudForCustomerResource",
          "linkedServiceName": {
            "type": "LinkedServiceReference",
            "referenceName": "adf_linkedservice_sapcloudforcustomer_5188"
          },
          "typeProperties": {
            "path": "fakePath"
          }
        }
      },
      "StatusCode": 200,
      "ResponseHeaders": {
        "Cache-Control": "no-cache",
        "Content-Length": "645",
        "Content-Type": "application/json; charset=utf-8",
        "Date": "Thu, 23 Nov 2023 10:12:04 GMT",
        "Expires": "-1",
        "Pragma": "no-cache",
        "Server": "Kestrel",
        "Strict-Transport-Security": "max-age=31536000; includeSubDomains",
        "X-Content-Type-Options": "nosniff",
        "x-ms-correlation-request-id": "5a136200-cfde-437a-85ec-9d2938509b1a",
        "x-ms-ratelimit-remaining-subscription-writes": "401",
        "x-ms-request-id": "5a136200-cfde-437a-85ec-9d2938509b1a",
        "x-ms-routing-request-id": "EASTUS:20231123T101205Z:5a136200-cfde-437a-85ec-9d2938509b1a"
      },
      "ResponseBody": {
        "id": "/subscriptions/da1d7b9a-a759-41c8-bb73-093a1818e03a/resourceGroups/adf-rg-sapcloudforcustomer-9759/providers/Microsoft.DataFactory/factories/adf-sapcloudforcustomer-127/datasets/adf-dataset-sapcloudforcustomer-3923",
        "name": "adf-dataset-sapcloudforcustomer-3923",
        "type": "Microsoft.DataFactory/factories/datasets",
        "properties": {
          "type": "SapCloudForCustomerResource",
          "linkedServiceName": {
            "type": "LinkedServiceReference",
            "referenceName": "adf_linkedservice_sapcloudforcustomer_5188"
          },
          "typeProperties": {
            "path": "fakePath"
          }
        },
        "etag": "d1001e12-0000-0800-0000-655f25750000"
      }
    },
    {
      "RequestUri": "https://management.azure.com/subscriptions/da1d7b9a-a759-41c8-bb73-093a1818e03a/resourceGroups/adf-rg-sapcloudforcustomer-9759/providers/Microsoft.DataFactory/factories/adf-sapcloudforcustomer-127/linkedservices/adf_linkedservice_sapcloudforcustomer_2001?api-version=2018-06-01",
      "RequestMethod": "PUT",
      "RequestHeaders": {
        "Accept": "application/json",
        "Authorization": "Sanitized",
        "Content-Length": "133",
        "Content-Type": "application/json",
        "traceparent": "00-fabb0b6a25cb77d9f9c17f99e890c4ee-a2ac39930dbb105c-00",
        "User-Agent": "azsdk-net-ResourceManager.DataFactory/1.0.0-alpha.20231123.1 (.NET 7.0.14; Microsoft Windows 10.0.22621)",
        "x-ms-client-request-id": "fbe1bc78aedd31331da356131f21733f",
        "x-ms-return-client-request-id": "true"
      },
      "RequestBody": {
        "properties": {
          "type": "AzureDataLakeStore",
          "typeProperties": {
            "dataLakeStoreUri": "https://test.azuredatalakestore.net/testindex/v1"
          }
        }
      },
      "StatusCode": 200,
      "ResponseHeaders": {
        "Cache-Control": "no-cache",
        "Content-Length": "570",
        "Content-Type": "application/json; charset=utf-8",
        "Date": "Thu, 23 Nov 2023 10:12:04 GMT",
        "Expires": "-1",
        "Pragma": "no-cache",
        "Server": "Kestrel",
        "Strict-Transport-Security": "max-age=31536000; includeSubDomains",
        "X-Content-Type-Options": "nosniff",
        "x-ms-correlation-request-id": "e7e26c40-fca1-4a2d-8da4-92ad275d237e",
        "x-ms-ratelimit-remaining-subscription-writes": "400",
        "x-ms-request-id": "e7e26c40-fca1-4a2d-8da4-92ad275d237e",
        "x-ms-routing-request-id": "EASTUS:20231123T101205Z:e7e26c40-fca1-4a2d-8da4-92ad275d237e"
      },
      "ResponseBody": {
        "id": "/subscriptions/da1d7b9a-a759-41c8-bb73-093a1818e03a/resourceGroups/adf-rg-sapcloudforcustomer-9759/providers/Microsoft.DataFactory/factories/adf-sapcloudforcustomer-127/linkedservices/adf_linkedservice_sapcloudforcustomer_2001",
        "name": "adf_linkedservice_sapcloudforcustomer_2001",
        "type": "Microsoft.DataFactory/factories/linkedservices",
        "properties": {
          "type": "AzureDataLakeStore",
          "typeProperties": {
            "dataLakeStoreUri": "https://test.azuredatalakestore.net/testindex/v1"
          }
        },
        "etag": "d1002b12-0000-0800-0000-655f25750000"
      }
    },
    {
      "RequestUri": "https://management.azure.com/subscriptions/da1d7b9a-a759-41c8-bb73-093a1818e03a/resourceGroups/adf-rg-sapcloudforcustomer-9759/providers/Microsoft.DataFactory/factories/adf-sapcloudforcustomer-127/datasets/adf-dataset-sapcloudforcustomer-7470?api-version=2018-06-01",
      "RequestMethod": "PUT",
      "RequestHeaders": {
        "Accept": "application/json",
        "Authorization": "Sanitized",
        "Content-Length": "183",
        "Content-Type": "application/json",
        "traceparent": "00-ff1386971fbf2ee5cf0ccc031a12fd71-9083d9d59ce195de-00",
        "User-Agent": "azsdk-net-ResourceManager.DataFactory/1.0.0-alpha.20231123.1 (.NET 7.0.14; Microsoft Windows 10.0.22621)",
        "x-ms-client-request-id": "f13afbe90327849c01fca63329464d4d",
        "x-ms-return-client-request-id": "true"
      },
      "RequestBody": {
        "properties": {
          "type": "AzureDataLakeStoreFile",
          "linkedServiceName": {
            "type": "LinkedServiceReference",
            "referenceName": "adf_linkedservice_sapcloudforcustomer_2001"
          },
          "typeProperties": {}
        }
      },
      "StatusCode": 200,
      "ResponseHeaders": {
        "Cache-Control": "no-cache",
        "Content-Length": "610",
        "Content-Type": "application/json; charset=utf-8",
        "Date": "Thu, 23 Nov 2023 10:12:05 GMT",
        "Expires": "-1",
        "Pragma": "no-cache",
        "Server": "Kestrel",
        "Strict-Transport-Security": "max-age=31536000; includeSubDomains",
        "X-Content-Type-Options": "nosniff",
        "x-ms-correlation-request-id": "20c049c2-4dd3-457e-bf7a-8ff12505c538",
        "x-ms-ratelimit-remaining-subscription-writes": "399",
        "x-ms-request-id": "20c049c2-4dd3-457e-bf7a-8ff12505c538",
        "x-ms-routing-request-id": "EASTUS:20231123T101206Z:20c049c2-4dd3-457e-bf7a-8ff12505c538"
      },
      "ResponseBody": {
        "id": "/subscriptions/da1d7b9a-a759-41c8-bb73-093a1818e03a/resourceGroups/adf-rg-sapcloudforcustomer-9759/providers/Microsoft.DataFactory/factories/adf-sapcloudforcustomer-127/datasets/adf-dataset-sapcloudforcustomer-7470",
        "name": "adf-dataset-sapcloudforcustomer-7470",
        "type": "Microsoft.DataFactory/factories/datasets",
        "properties": {
          "type": "AzureDataLakeStoreFile",
          "linkedServiceName": {
            "type": "LinkedServiceReference",
            "referenceName": "adf_linkedservice_sapcloudforcustomer_2001"
          },
          "typeProperties": {}
        },
        "etag": "d1003212-0000-0800-0000-655f25750000"
      }
    },
    {
      "RequestUri": "https://management.azure.com/subscriptions/da1d7b9a-a759-41c8-bb73-093a1818e03a/resourceGroups/adf-rg-sapcloudforcustomer-9759/providers/Microsoft.DataFactory/factories/adf-sapcloudforcustomer-127/pipelines/adf-pipeline-sapcloudforcustomer-4939?api-version=2018-06-01",
      "RequestMethod": "PUT",
      "RequestHeaders": {
        "Accept": "application/json",
        "Authorization": "Sanitized",
        "Content-Length": "623",
        "Content-Type": "application/json",
        "traceparent": "00-f30120442710efda375c791ce9a27a45-690fea36abf91e4d-00",
        "User-Agent": "azsdk-net-ResourceManager.DataFactory/1.0.0-alpha.20231123.1 (.NET 7.0.14; Microsoft Windows 10.0.22621)",
        "x-ms-client-request-id": "600f342a66be42b1ed798a9923e8edb9",
        "x-ms-return-client-request-id": "true"
      },
      "RequestBody": {
        "properties": {
          "activities": [
            {
              "inputs": [
                {
                  "type": "DatasetReference",
                  "referenceName": "adf-dataset-sapcloudforcustomer-3923"
                }
              ],
              "outputs": [
                {
                  "type": "DatasetReference",
                  "referenceName": "adf-dataset-sapcloudforcustomer-7470"
                }
              ],
              "linkedServiceName": {
                "type": "LinkedServiceReference",
                "referenceName": "adf_linkedservice_sapcloudforcustomer_5188"
              },
              "policy": {
                "timeout": "00:00:05",
                "retry": 3
              },
              "name": "adf-pipeline-task-9405",
              "type": "Copy",
              "typeProperties": {
                "source": {
                  "query": "$select=Column0",
                  "httpRequestTimeout": "00:05:00",
                  "type": "SapCloudForCustomerSource"
                },
                "sink": {
                  "copyBehavior": "FlattenHierarchy",
                  "type": "AzureDataLakeStoreSink"
                }
              }
            }
          ]
        }
      },
      "StatusCode": 200,
      "ResponseHeaders": {
        "Cache-Control": "no-cache",
        "Content-Length": "1419",
        "Content-Type": "application/json; charset=utf-8",
        "Date": "Thu, 23 Nov 2023 10:12:05 GMT",
        "Expires": "-1",
        "Pragma": "no-cache",
        "Server": "Kestrel",
        "Strict-Transport-Security": "max-age=31536000; includeSubDomains",
        "X-Content-Type-Options": "nosniff",
        "x-ms-correlation-request-id": "3530e4ce-ec50-43f0-98df-34d2c6b4f6b4",
        "x-ms-ratelimit-remaining-subscription-writes": "398",
        "x-ms-request-id": "3530e4ce-ec50-43f0-98df-34d2c6b4f6b4",
        "x-ms-routing-request-id": "EASTUS:20231123T101206Z:3530e4ce-ec50-43f0-98df-34d2c6b4f6b4"
      },
      "ResponseBody": {
        "id": "/subscriptions/da1d7b9a-a759-41c8-bb73-093a1818e03a/resourceGroups/adf-rg-sapcloudforcustomer-9759/providers/Microsoft.DataFactory/factories/adf-sapcloudforcustomer-127/pipelines/adf-pipeline-sapcloudforcustomer-4939",
        "name": "adf-pipeline-sapcloudforcustomer-4939",
        "type": "Microsoft.DataFactory/factories/pipelines",
        "properties": {
          "activities": [
            {
              "inputs": [
                {
                  "type": "DatasetReference",
                  "referenceName": "adf-dataset-sapcloudforcustomer-3923"
                }
              ],
              "outputs": [
                {
                  "type": "DatasetReference",
                  "referenceName": "adf-dataset-sapcloudforcustomer-7470"
                }
              ],
              "linkedServiceName": {
                "type": "LinkedServiceReference",
                "referenceName": "adf_linkedservice_sapcloudforcustomer_5188"
              },
              "policy": {
                "timeout": "00:00:05",
                "retry": 3
              },
              "name": "adf-pipeline-task-9405",
              "type": "Copy",
              "typeProperties": {
                "source": {
                  "query": "$select=Column0",
                  "httpRequestTimeout": "00:05:00",
                  "type": "SapCloudForCustomerSource"
                },
                "sink": {
                  "copyBehavior": "FlattenHierarchy",
                  "type": "AzureDataLakeStoreSink"
                }
              }
            }
          ]
        },
        "etag": "d1003c12-0000-0800-0000-655f25760000"
      }
    }
  ],
  "Variables": {
    "AZURE_AUTHORITY_HOST": null,
    "RandomSeed": "1294651748",
    "RESOURCE_MANAGER_URL": null,
    "SUBSCRIPTION_ID": "da1d7b9a-a759-41c8-bb73-093a1818e03a"
  }
}
