{
  "Entries": [
    {
      "RequestUri": "https://management.azure.com/subscriptions/da1d7b9a-a759-41c8-bb73-093a1818e03a/resourceGroups/DataFactory-RG-9687/providers/Microsoft.DataFactory/factories/DataFactory-14a5b89d-fffa-3fd9-95bc-62d8116d6504-3175?api-version=2018-06-01",
      "RequestMethod": "PUT",
      "RequestHeaders": {
        "Accept": "application/json",
        "Authorization": "Sanitized",
        "Content-Length": "48",
        "Content-Type": "application/json",
        "traceparent": "00-feb2374e35259c06e69b8984e0875682-8b966a2e84da1c0b-00",
        "User-Agent": "azsdk-net-ResourceManager.DataFactory/1.0.0-alpha.20231104.1 (.NET 7.0.13; Microsoft Windows 10.0.22621)",
        "x-ms-client-request-id": "b4813f2689e6c87b2dc62c101f8edd44",
        "x-ms-return-client-request-id": "true"
      },
      "RequestBody": {
        "tags": {},
        "location": "westus2",
        "properties": {}
      },
      "StatusCode": 200,
      "ResponseHeaders": {
        "Cache-Control": "no-cache",
        "Content-Length": "540",
        "Content-Type": "application/json; charset=utf-8",
        "Date": "Sat, 04 Nov 2023 07:26:30 GMT",
        "Expires": "-1",
        "Pragma": "no-cache",
        "Server": "Kestrel",
        "Strict-Transport-Security": "max-age=31536000; includeSubDomains",
        "X-Content-Type-Options": "nosniff",
        "x-ms-correlation-request-id": "67002ba9-6205-4fba-ba5a-bfc801589013",
        "x-ms-ratelimit-remaining-subscription-writes": "458",
        "x-ms-request-id": "67002ba9-6205-4fba-ba5a-bfc801589013",
        "x-ms-routing-request-id": "SOUTHEASTASIA:20231104T072630Z:67002ba9-6205-4fba-ba5a-bfc801589013"
      },
      "ResponseBody": {
        "name": "DataFactory-14a5b89d-fffa-3fd9-95bc-62d8116d6504-3175",
        "id": "/subscriptions/da1d7b9a-a759-41c8-bb73-093a1818e03a/resourceGroups/datafactory-rg-9687/providers/Microsoft.DataFactory/factories/datafactory-14a5b89d-fffa-3fd9-95bc-62d8116d6504-3175",
        "type": "Microsoft.DataFactory/factories",
        "properties": {
          "provisioningState": "Succeeded",
          "createTime": "2023-11-04T07:26:30.1668035Z",
          "version": "2018-06-01"
        },
        "eTag": "\u002289012839-0000-0800-0000-6545f2260000\u0022",
        "location": "westus2",
        "tags": {}
      }
    },
    {
      "RequestUri": "https://management.azure.com/subscriptions/da1d7b9a-a759-41c8-bb73-093a1818e03a/resourceGroups/datafactory-rg-9687/providers/Microsoft.DataFactory/factories/datafactory-14a5b89d-fffa-3fd9-95bc-62d8116d6504-3175/linkedservices/linkedService_4102?api-version=2018-06-01",
      "RequestMethod": "PUT",
      "RequestHeaders": {
        "Accept": "application/json",
        "Authorization": "Sanitized",
        "Content-Length": "86",
        "Content-Type": "application/json",
        "traceparent": "00-d47f54e2c8b553575b3a6cf0ad4a6502-1365ce583437b5ee-00",
        "User-Agent": "azsdk-net-ResourceManager.DataFactory/1.0.0-alpha.20231104.1 (.NET 7.0.13; Microsoft Windows 10.0.22621)",
        "x-ms-client-request-id": "7b5a59cfa4962e927c47445f93e98ffe",
        "x-ms-return-client-request-id": "true"
      },
      "RequestBody": {
        "properties": {
          "type": "AzureSqlMI",
          "typeProperties": {
            "connectionString": "Sanitized"
          }
        }
      },
      "StatusCode": 200,
      "ResponseHeaders": {
        "Cache-Control": "no-cache",
        "Content-Length": "440",
        "Content-Type": "application/json; charset=utf-8",
        "Date": "Sat, 04 Nov 2023 07:26:31 GMT",
        "Expires": "-1",
        "Pragma": "no-cache",
        "Server": "Kestrel",
        "Strict-Transport-Security": "max-age=31536000; includeSubDomains",
        "X-Content-Type-Options": "nosniff",
        "x-ms-correlation-request-id": "854d92c4-0c29-4dd8-b802-e47c6cd678e7",
        "x-ms-ratelimit-remaining-subscription-writes": "457",
        "x-ms-request-id": "854d92c4-0c29-4dd8-b802-e47c6cd678e7",
        "x-ms-routing-request-id": "SOUTHEASTASIA:20231104T072631Z:854d92c4-0c29-4dd8-b802-e47c6cd678e7"
      },
      "ResponseBody": {
        "id": "/subscriptions/da1d7b9a-a759-41c8-bb73-093a1818e03a/resourceGroups/datafactory-rg-9687/providers/Microsoft.DataFactory/factories/datafactory-14a5b89d-fffa-3fd9-95bc-62d8116d6504-3175/linkedservices/linkedService_4102",
        "name": "linkedService_4102",
        "type": "Microsoft.DataFactory/factories/linkedservices",
        "properties": {
          "type": "AzureSqlMI",
          "typeProperties": {
            "connectionString": "Sanitized"
          }
        },
        "etag": "04000659-0000-0800-0000-6545f2260000"
      }
    },
    {
      "RequestUri": "https://management.azure.com/subscriptions/da1d7b9a-a759-41c8-bb73-093a1818e03a/resourceGroups/datafactory-rg-9687/providers/Microsoft.DataFactory/factories/datafactory-14a5b89d-fffa-3fd9-95bc-62d8116d6504-3175/datasets/dataset_7987?api-version=2018-06-01",
      "RequestMethod": "PUT",
      "RequestHeaders": {
        "Accept": "application/json",
        "Authorization": "Sanitized",
        "Content-Length": "152",
        "Content-Type": "application/json",
        "traceparent": "00-7136442b71dfb05b39b91da06d4b3e74-33855dd2abbf5bc7-00",
        "User-Agent": "azsdk-net-ResourceManager.DataFactory/1.0.0-alpha.20231104.1 (.NET 7.0.13; Microsoft Windows 10.0.22621)",
        "x-ms-client-request-id": "f9447d1ef0ad35bac5001620031ee50e",
        "x-ms-return-client-request-id": "true"
      },
      "RequestBody": {
        "properties": {
          "type": "AzureSqlMITable",
          "linkedServiceName": {
            "type": "LinkedServiceReference",
            "referenceName": "linkedService_4102"
          },
          "typeProperties": {}
        }
      },
      "StatusCode": 200,
      "ResponseHeaders": {
        "Cache-Control": "no-cache",
        "Content-Length": "545",
        "Content-Type": "application/json; charset=utf-8",
        "Date": "Sat, 04 Nov 2023 07:26:31 GMT",
        "Expires": "-1",
        "Pragma": "no-cache",
        "Server": "Kestrel",
        "Strict-Transport-Security": "max-age=31536000; includeSubDomains",
        "X-Content-Type-Options": "nosniff",
        "x-ms-correlation-request-id": "71982bb7-3454-4796-8ff1-2131f80f80d0",
        "x-ms-ratelimit-remaining-subscription-writes": "456",
        "x-ms-request-id": "71982bb7-3454-4796-8ff1-2131f80f80d0",
        "x-ms-routing-request-id": "SOUTHEASTASIA:20231104T072631Z:71982bb7-3454-4796-8ff1-2131f80f80d0"
      },
      "ResponseBody": {
        "id": "/subscriptions/da1d7b9a-a759-41c8-bb73-093a1818e03a/resourceGroups/datafactory-rg-9687/providers/Microsoft.DataFactory/factories/datafactory-14a5b89d-fffa-3fd9-95bc-62d8116d6504-3175/datasets/dataset_7987",
        "name": "dataset_7987",
        "type": "Microsoft.DataFactory/factories/datasets",
        "properties": {
          "type": "AzureSqlMITable",
          "linkedServiceName": {
            "type": "LinkedServiceReference",
            "referenceName": "linkedService_4102"
          },
          "typeProperties": {}
        },
        "etag": "04000859-0000-0800-0000-6545f2270000"
      }
    },
    {
      "RequestUri": "https://management.azure.com/subscriptions/da1d7b9a-a759-41c8-bb73-093a1818e03a/resourceGroups/datafactory-rg-9687/providers/Microsoft.DataFactory/factories/datafactory-14a5b89d-fffa-3fd9-95bc-62d8116d6504-3175/linkedservices/linkedService_717?api-version=2018-06-01",
      "RequestMethod": "PUT",
      "RequestHeaders": {
        "Accept": "application/json",
        "Authorization": "Sanitized",
        "Content-Length": "86",
        "Content-Type": "application/json",
        "traceparent": "00-601d6b1a47dcf366b8929c6ba4adc2e7-2545a599cbf9c12e-00",
        "User-Agent": "azsdk-net-ResourceManager.DataFactory/1.0.0-alpha.20231104.1 (.NET 7.0.13; Microsoft Windows 10.0.22621)",
        "x-ms-client-request-id": "276f07f36a5ad7f235ff49e4cbc0faf4",
        "x-ms-return-client-request-id": "true"
      },
      "RequestBody": {
        "properties": {
          "type": "AzureSqlMI",
          "typeProperties": {
            "connectionString": "Sanitized"
          }
        }
      },
      "StatusCode": 200,
      "ResponseHeaders": {
        "Cache-Control": "no-cache",
        "Content-Length": "438",
        "Content-Type": "application/json; charset=utf-8",
        "Date": "Sat, 04 Nov 2023 07:26:32 GMT",
        "Expires": "-1",
        "Pragma": "no-cache",
        "Server": "Kestrel",
        "Strict-Transport-Security": "max-age=31536000; includeSubDomains",
        "X-Content-Type-Options": "nosniff",
        "x-ms-correlation-request-id": "7c720bc1-39cd-4879-898e-5a78422b5b87",
        "x-ms-ratelimit-remaining-subscription-writes": "455",
        "x-ms-request-id": "7c720bc1-39cd-4879-898e-5a78422b5b87",
        "x-ms-routing-request-id": "SOUTHEASTASIA:20231104T072632Z:7c720bc1-39cd-4879-898e-5a78422b5b87"
      },
      "ResponseBody": {
        "id": "/subscriptions/da1d7b9a-a759-41c8-bb73-093a1818e03a/resourceGroups/datafactory-rg-9687/providers/Microsoft.DataFactory/factories/datafactory-14a5b89d-fffa-3fd9-95bc-62d8116d6504-3175/linkedservices/linkedService_717",
        "name": "linkedService_717",
        "type": "Microsoft.DataFactory/factories/linkedservices",
        "properties": {
          "type": "AzureSqlMI",
          "typeProperties": {
            "connectionString": "Sanitized"
          }
        },
        "etag": "04000a59-0000-0800-0000-6545f2280000"
      }
    },
    {
      "RequestUri": "https://management.azure.com/subscriptions/da1d7b9a-a759-41c8-bb73-093a1818e03a/resourceGroups/datafactory-rg-9687/providers/Microsoft.DataFactory/factories/datafactory-14a5b89d-fffa-3fd9-95bc-62d8116d6504-3175/datasets/dataset_1282?api-version=2018-06-01",
      "RequestMethod": "PUT",
      "RequestHeaders": {
        "Accept": "application/json",
        "Authorization": "Sanitized",
        "Content-Length": "151",
        "Content-Type": "application/json",
        "traceparent": "00-2a5dfafb967025410effaf33a75cb80a-6a36bd1e7d73446c-00",
        "User-Agent": "azsdk-net-ResourceManager.DataFactory/1.0.0-alpha.20231104.1 (.NET 7.0.13; Microsoft Windows 10.0.22621)",
        "x-ms-client-request-id": "80d334b5535ade719f25b6958d722b5e",
        "x-ms-return-client-request-id": "true"
      },
      "RequestBody": {
        "properties": {
          "type": "AzureSqlMITable",
          "linkedServiceName": {
            "type": "LinkedServiceReference",
            "referenceName": "linkedService_717"
          },
          "typeProperties": {}
        }
      },
      "StatusCode": 200,
      "ResponseHeaders": {
        "Cache-Control": "no-cache",
        "Content-Length": "544",
        "Content-Type": "application/json; charset=utf-8",
        "Date": "Sat, 04 Nov 2023 07:26:32 GMT",
        "Expires": "-1",
        "Pragma": "no-cache",
        "Server": "Kestrel",
        "Strict-Transport-Security": "max-age=31536000; includeSubDomains",
        "X-Content-Type-Options": "nosniff",
        "x-ms-correlation-request-id": "b6505a04-dba3-418e-a591-0f895dabb41b",
        "x-ms-ratelimit-remaining-subscription-writes": "454",
        "x-ms-request-id": "b6505a04-dba3-418e-a591-0f895dabb41b",
        "x-ms-routing-request-id": "SOUTHEASTASIA:20231104T072632Z:b6505a04-dba3-418e-a591-0f895dabb41b"
      },
      "ResponseBody": {
        "id": "/subscriptions/da1d7b9a-a759-41c8-bb73-093a1818e03a/resourceGroups/datafactory-rg-9687/providers/Microsoft.DataFactory/factories/datafactory-14a5b89d-fffa-3fd9-95bc-62d8116d6504-3175/datasets/dataset_1282",
        "name": "dataset_1282",
        "type": "Microsoft.DataFactory/factories/datasets",
        "properties": {
          "type": "AzureSqlMITable",
          "linkedServiceName": {
            "type": "LinkedServiceReference",
            "referenceName": "linkedService_717"
          },
          "typeProperties": {}
        },
        "etag": "04000c59-0000-0800-0000-6545f2280000"
      }
    },
    {
      "RequestUri": "https://management.azure.com/subscriptions/da1d7b9a-a759-41c8-bb73-093a1818e03a/resourceGroups/datafactory-rg-9687/providers/Microsoft.DataFactory/factories/datafactory-14a5b89d-fffa-3fd9-95bc-62d8116d6504-3175/pipelines/pipeline-1990?api-version=2018-06-01",
      "RequestMethod": "PUT",
      "RequestHeaders": {
        "Accept": "application/json",
        "Authorization": "Sanitized",
        "Content-Length": "762",
        "Content-Type": "application/json",
        "traceparent": "00-0d3c1ee753154fd49881b12e59fc7c70-0176127a5e1705e0-00",
        "User-Agent": "azsdk-net-ResourceManager.DataFactory/1.0.0-alpha.20231104.1 (.NET 7.0.13; Microsoft Windows 10.0.22621)",
        "x-ms-client-request-id": "8c6b36626779b3a48a6dc4aea6d56905",
        "x-ms-return-client-request-id": "true"
      },
      "RequestBody": {
        "properties": {
          "activities": [
            {
              "inputs": [
                {
                  "type": "DatasetReference",
                  "referenceName": "dataset_7987"
                }
              ],
              "outputs": [
                {
                  "type": "DatasetReference",
                  "referenceName": "dataset_1282"
                }
              ],
              "policy": {
                "timeout": "00:00:05",
                "retry": 2
              },
              "name": "task-9770",
              "type": "Copy",
              "typeProperties": {
                "source": {
                  "sqlReaderQuery": "select * from my_table",
                  "partitionOption": "DynamicRange",
                  "partitionSettings": {
                    "partitionColumnName": "column",
                    "partitionUpperBound": "1",
                    "partitionLowerBound": "100"
                  },
                  "type": "SqlMISource"
                },
                "sink": {
                  "sqlWriterTableType": "MarketingType",
                  "sqlWriterUseTableLock": true,
                  "writeBehavior": "Upsert",
                  "upsertSettings": {
                    "useTempDB": true,
                    "keys": [
                      "Key1",
                      "Key2"
                    ]
                  },
                  "type": "SqlMISink"
                },
                "translator": {
                  "translator": {
                    "type": "TabularTranslator",
                    "columnMappings": "PartitionKey:PartitionKey"
                  }
                }
              }
            }
          ]
        }
      },
      "StatusCode": 200,
      "ResponseHeaders": {
        "Cache-Control": "no-cache",
        "Content-Length": "1774",
        "Content-Type": "application/json; charset=utf-8",
        "Date": "Sat, 04 Nov 2023 07:26:33 GMT",
        "Expires": "-1",
        "Pragma": "no-cache",
        "Server": "Kestrel",
        "Strict-Transport-Security": "max-age=31536000; includeSubDomains",
        "X-Content-Type-Options": "nosniff",
        "x-ms-correlation-request-id": "d26e8f2e-ca61-49de-9c89-0f0f19f36f44",
        "x-ms-ratelimit-remaining-subscription-writes": "453",
        "x-ms-request-id": "d26e8f2e-ca61-49de-9c89-0f0f19f36f44",
        "x-ms-routing-request-id": "SOUTHEASTASIA:20231104T072633Z:d26e8f2e-ca61-49de-9c89-0f0f19f36f44"
      },
      "ResponseBody": {
        "id": "/subscriptions/da1d7b9a-a759-41c8-bb73-093a1818e03a/resourceGroups/datafactory-rg-9687/providers/Microsoft.DataFactory/factories/datafactory-14a5b89d-fffa-3fd9-95bc-62d8116d6504-3175/pipelines/pipeline-1990",
        "name": "pipeline-1990",
        "type": "Microsoft.DataFactory/factories/pipelines",
        "properties": {
          "activities": [
            {
              "inputs": [
                {
                  "type": "DatasetReference",
                  "referenceName": "dataset_7987"
                }
              ],
              "outputs": [
                {
                  "type": "DatasetReference",
                  "referenceName": "dataset_1282"
                }
              ],
              "policy": {
                "timeout": "00:00:05",
                "retry": 2
              },
              "name": "task-9770",
              "type": "Copy",
              "typeProperties": {
                "source": {
                  "sqlReaderQuery": "select * from my_table",
                  "partitionOption": "DynamicRange",
                  "partitionSettings": {
                    "partitionColumnName": "column",
                    "partitionUpperBound": "1",
                    "partitionLowerBound": "100"
                  },
                  "type": "SqlMISource"
                },
                "sink": {
                  "sqlWriterTableType": "MarketingType",
                  "sqlWriterUseTableLock": true,
                  "writeBehavior": "Upsert",
                  "upsertSettings": {
                    "useTempDB": true,
                    "keys": [
                      "Key1",
                      "Key2"
                    ]
                  },
                  "type": "SqlMISink"
                },
                "translator": {
                  "translator": {
                    "type": "TabularTranslator",
                    "columnMappings": "PartitionKey:PartitionKey"
                  }
                }
              }
            }
          ]
        },
        "etag": "04000e59-0000-0800-0000-6545f2290000"
      }
    }
  ],
  "Variables": {
    "AZURE_AUTHORITY_HOST": null,
    "RandomSeed": "1742928405",
    "RESOURCE_MANAGER_URL": null,
    "SUBSCRIPTION_ID": "da1d7b9a-a759-41c8-bb73-093a1818e03a"
  }
}
