{
  "Entries": [
    {
      "RequestUri": "https://management.azure.com/subscriptions/da1d7b9a-a759-41c8-bb73-093a1818e03a?api-version=2022-12-01",
      "RequestMethod": "GET",
      "RequestHeaders": {
        "Accept": "application/json",
        "Authorization": "Sanitized",
        "traceparent": "00-294c393dbe71b947b7d4562da51124c9-01416ec2cff017e7-00",
        "User-Agent": "azsdk-net-ResourceManager/1.9.0 (.NET 7.0.14; Microsoft Windows 10.0.22621)",
        "x-ms-client-request-id": "79b29170d909d311867be544497788af",
        "x-ms-return-client-request-id": "true"
      },
      "RequestBody": null,
      "StatusCode": 200,
      "ResponseHeaders": {
        "Cache-Control": "no-cache",
        "Content-Length": "501",
        "Content-Type": "application/json; charset=utf-8",
        "Date": "Tue, 21 Nov 2023 09:19:02 GMT",
        "Expires": "-1",
        "Pragma": "no-cache",
        "Strict-Transport-Security": "max-age=31536000; includeSubDomains",
        "X-Cache": "CONFIG_NOCACHE",
        "X-Content-Type-Options": "nosniff",
        "x-ms-correlation-request-id": "a8d5c600-7f15-4b2b-bd32-3437b00411ed",
        "x-ms-ratelimit-remaining-subscription-reads": "11998",
        "x-ms-request-id": "a8d5c600-7f15-4b2b-bd32-3437b00411ed",
        "x-ms-routing-request-id": "JAPANWEST:20231121T091903Z:a8d5c600-7f15-4b2b-bd32-3437b00411ed",
        "X-MSEdge-Ref": "Ref A: 9B58FF20834D4E338352EE0305203335 Ref B: TYO201100115029 Ref C: 2023-11-21T09:19:03Z"
      },
      "ResponseBody": {
        "id": "/subscriptions/da1d7b9a-a759-41c8-bb73-093a1818e03a",
        "authorizationSource": "RoleBased",
        "managedByTenants": [
          {
            "tenantId": "2f4a9838-26b7-47ee-be60-ccc1fdec5953"
          }
        ],
        "tags": {
          "NRMS10318670": "20220720"
        },
        "subscriptionId": "da1d7b9a-a759-41c8-bb73-093a1818e03a",
        "tenantId": "72f988bf-86f1-41af-91ab-2d7cd011db47",
        "displayName": "ADMS_Test_Engineering_RichTransform",
        "state": "Enabled",
        "subscriptionPolicies": {
          "locationPlacementId": "Internal_2014-09-01",
          "quotaId": "Internal_2014-09-01",
          "spendingLimit": "Off"
        }
      }
    },
    {
      "RequestUri": "https://management.azure.com/subscriptions/da1d7b9a-a759-41c8-bb73-093a1818e03a/resourcegroups/adf-rg-dynamics-2956?api-version=2022-09-01",
      "RequestMethod": "PUT",
      "RequestHeaders": {
        "Accept": "application/json",
        "Authorization": "Sanitized",
        "Content-Length": "22",
        "Content-Type": "application/json",
        "traceparent": "00-ae9c5f9bbeb2ed047aa7880138f514a2-b15f7aaeccc3f601-00",
        "User-Agent": "azsdk-net-ResourceManager/1.9.0 (.NET 7.0.14; Microsoft Windows 10.0.22621)",
        "x-ms-client-request-id": "27bb0d8f537b93ae934c280bbab34be2",
        "x-ms-return-client-request-id": "true"
      },
      "RequestBody": {
        "location": "westus2"
      },
      "StatusCode": 201,
      "ResponseHeaders": {
        "Cache-Control": "no-cache",
        "Content-Length": "238",
        "Content-Type": "application/json; charset=utf-8",
        "Date": "Tue, 21 Nov 2023 09:19:03 GMT",
        "Expires": "-1",
        "Pragma": "no-cache",
        "Strict-Transport-Security": "max-age=31536000; includeSubDomains",
        "X-Cache": "CONFIG_NOCACHE",
        "X-Content-Type-Options": "nosniff",
        "x-ms-correlation-request-id": "8459fd92-3af3-4a27-bc17-84c6d5868c5e",
        "x-ms-ratelimit-remaining-subscription-writes": "1181",
        "x-ms-request-id": "8459fd92-3af3-4a27-bc17-84c6d5868c5e",
        "x-ms-routing-request-id": "JAPANEAST:20231121T091904Z:8459fd92-3af3-4a27-bc17-84c6d5868c5e",
        "X-MSEdge-Ref": "Ref A: 63EABD522F71442CBFB44D0DA2F2C79E Ref B: TYO201100115029 Ref C: 2023-11-21T09:19:03Z"
      },
      "ResponseBody": {
        "id": "/subscriptions/da1d7b9a-a759-41c8-bb73-093a1818e03a/resourceGroups/adf-rg-dynamics-2956",
        "name": "adf-rg-dynamics-2956",
        "type": "Microsoft.Resources/resourceGroups",
        "location": "westus2",
        "properties": {
          "provisioningState": "Succeeded"
        }
      }
    },
    {
      "RequestUri": "https://management.azure.com/subscriptions/da1d7b9a-a759-41c8-bb73-093a1818e03a/resourceGroups/adf-rg-dynamics-2956/providers/Microsoft.DataFactory/factories/adf-dynamics-1550?api-version=2018-06-01",
      "RequestMethod": "PUT",
      "RequestHeaders": {
        "Accept": "application/json",
        "Authorization": "Sanitized",
        "Content-Length": "48",
        "Content-Type": "application/json",
        "traceparent": "00-a448e6a7419095eb4638c512f646ec95-19032018dcf319e3-00",
        "User-Agent": "azsdk-net-ResourceManager.DataFactory/1.0.0-alpha.20231121.1 (.NET 7.0.14; Microsoft Windows 10.0.22621)",
        "x-ms-client-request-id": "9568e28c89e4f943ed629cfde8d82978",
        "x-ms-return-client-request-id": "true"
      },
      "RequestBody": {
        "tags": {},
        "location": "westus2",
        "properties": {}
      },
      "StatusCode": 200,
      "ResponseHeaders": {
        "Cache-Control": "no-cache",
        "Content-Length": "469",
        "Content-Type": "application/json; charset=utf-8",
        "Date": "Tue, 21 Nov 2023 09:19:06 GMT",
        "Expires": "-1",
        "Pragma": "no-cache",
        "Strict-Transport-Security": "max-age=31536000; includeSubDomains",
        "X-Cache": "CONFIG_NOCACHE",
        "X-Content-Type-Options": "nosniff",
        "x-ms-correlation-request-id": "a848ddbf-56bb-49d8-b5bb-181ac36ce54c",
        "x-ms-ratelimit-remaining-subscription-writes": "1185",
        "x-ms-request-id": "a848ddbf-56bb-49d8-b5bb-181ac36ce54c",
        "x-ms-routing-request-id": "JAPANEAST:20231121T091907Z:a848ddbf-56bb-49d8-b5bb-181ac36ce54c",
        "X-MSEdge-Ref": "Ref A: 93C4291CF3C545C3A27FC1AABFD87E6E Ref B: TYO201100115029 Ref C: 2023-11-21T09:19:04Z"
      },
      "ResponseBody": {
        "name": "adf-dynamics-1550",
        "id": "/subscriptions/da1d7b9a-a759-41c8-bb73-093a1818e03a/resourceGroups/adf-rg-dynamics-2956/providers/Microsoft.DataFactory/factories/adf-dynamics-1550",
        "type": "Microsoft.DataFactory/factories",
        "properties": {
          "provisioningState": "Succeeded",
          "createTime": "2023-11-21T09:19:06.7774358Z",
          "version": "2018-06-01"
        },
        "eTag": "\u00224404b33a-0000-0800-0000-655c760a0000\u0022",
        "location": "westus2",
        "tags": {}
      }
    },
    {
      "RequestUri": "https://management.azure.com/subscriptions/da1d7b9a-a759-41c8-bb73-093a1818e03a/resourceGroups/adf-rg-dynamics-2956/providers/Microsoft.DataFactory/factories/adf-dynamics-1550/linkedservices/adf_linkedservice_dynamics_6827?api-version=2018-06-01",
      "RequestMethod": "PUT",
      "RequestHeaders": {
        "Accept": "application/json",
        "Authorization": "Sanitized",
        "Content-Length": "367",
        "Content-Type": "application/json",
        "traceparent": "00-9f67444d7c8f4662b14fb30f45bc62bf-298adaa42a4f3f9e-00",
        "User-Agent": "azsdk-net-ResourceManager.DataFactory/1.0.0-alpha.20231121.1 (.NET 7.0.14; Microsoft Windows 10.0.22621)",
        "x-ms-client-request-id": "0290f2f5e21ce61ebdb00618d33002eb",
        "x-ms-return-client-request-id": "true"
      },
      "RequestBody": {
        "properties": {
          "type": "Dynamics",
          "typeProperties": {
            "deploymentType": "Online",
            "serviceUri": "https://testorganization.crm.dynamics.com",
            "authenticationType": "AADServicePrincipal",
            "servicePrincipalId": "fakeServicePrincipalId",
            "servicePrincipalCredentialType": "ServicePrincipalKey",
            "servicePrincipalCredential": {
              "value": "fakeServicePrincipalKey",
              "type": "SecureString"
            }
          }
        }
      },
      "StatusCode": 200,
      "ResponseHeaders": {
        "Cache-Control": "no-cache",
        "Content-Length": "1011",
        "Content-Type": "application/json; charset=utf-8",
        "Date": "Tue, 21 Nov 2023 09:19:07 GMT",
        "Expires": "-1",
        "Pragma": "no-cache",
        "Strict-Transport-Security": "max-age=31536000; includeSubDomains",
        "X-Cache": "CONFIG_NOCACHE",
        "X-Content-Type-Options": "nosniff",
        "x-ms-correlation-request-id": "09a517d5-40bb-46c5-8648-302801a47ac1",
        "x-ms-ratelimit-remaining-subscription-writes": "1183",
        "x-ms-request-id": "09a517d5-40bb-46c5-8648-302801a47ac1",
        "x-ms-routing-request-id": "JAPANEAST:20231121T091907Z:09a517d5-40bb-46c5-8648-302801a47ac1",
        "X-MSEdge-Ref": "Ref A: 40803531857F42FDAAB59C9AA36CAE0E Ref B: TYO201100115029 Ref C: 2023-11-21T09:19:07Z"
      },
      "ResponseBody": {
        "id": "/subscriptions/da1d7b9a-a759-41c8-bb73-093a1818e03a/resourceGroups/adf-rg-dynamics-2956/providers/Microsoft.DataFactory/factories/adf-dynamics-1550/linkedservices/adf_linkedservice_dynamics_6827",
        "name": "adf_linkedservice_dynamics_6827",
        "type": "Microsoft.DataFactory/factories/linkedservices",
        "properties": {
          "type": "Dynamics",
          "typeProperties": {
            "deploymentType": "Online",
            "serviceUri": "https://testorganization.crm.dynamics.com",
            "authenticationType": "AADServicePrincipal",
            "servicePrincipalId": "fakeServicePrincipalId",
            "servicePrincipalCredentialType": "ServicePrincipalKey",
            "encryptedCredential": "ew0KICAiVmVyc2lvbiI6ICIyMDE3LTExLTMwIiwNCiAgIlByb3RlY3Rpb25Nb2RlIjogIktleSIsDQogICJTZWNyZXRDb250ZW50VHlwZSI6ICJQbGFpbnRleHQiLA0KICAiQ3JlZGVudGlhbElkIjogIkRBVEFGQUNUT1JZQEExNDg4OUE2LUExREMtNDBDNi1CQjI5LTZBRTNBQzg5OENFQV9jOGY2ODc3OS0xZjI0LTRhYTYtOTc4My01MmE0ODQxNmQyNTAiDQp9"
          }
        },
        "etag": "6c0113cc-0000-0800-0000-655c760b0000"
      }
    },
    {
      "RequestUri": "https://management.azure.com/subscriptions/da1d7b9a-a759-41c8-bb73-093a1818e03a/resourceGroups/adf-rg-dynamics-2956/providers/Microsoft.DataFactory/factories/adf-dynamics-1550/datasets/adf-dataset-dynamics-6970?api-version=2018-06-01",
      "RequestMethod": "PUT",
      "RequestHeaders": {
        "Accept": "application/json",
        "Authorization": "Sanitized",
        "Content-Length": "166",
        "Content-Type": "application/json",
        "traceparent": "00-f304fc79102b34f057740e12f5fbf213-5edb13ef9106c55f-00",
        "User-Agent": "azsdk-net-ResourceManager.DataFactory/1.0.0-alpha.20231121.1 (.NET 7.0.14; Microsoft Windows 10.0.22621)",
        "x-ms-client-request-id": "1a2094bc84ab2d778ef11296aa73ff92",
        "x-ms-return-client-request-id": "true"
      },
      "RequestBody": {
        "properties": {
          "type": "SalesforceObject",
          "linkedServiceName": {
            "type": "LinkedServiceReference",
            "referenceName": "adf_linkedservice_dynamics_6827"
          },
          "typeProperties": {}
        }
      },
      "StatusCode": 200,
      "ResponseHeaders": {
        "Cache-Control": "no-cache",
        "Content-Length": "550",
        "Content-Type": "application/json; charset=utf-8",
        "Date": "Tue, 21 Nov 2023 09:19:08 GMT",
        "Expires": "-1",
        "Pragma": "no-cache",
        "Strict-Transport-Security": "max-age=31536000; includeSubDomains",
        "X-Cache": "CONFIG_NOCACHE",
        "X-Content-Type-Options": "nosniff",
        "x-ms-correlation-request-id": "a85af9fc-bf26-4fed-9887-d706f705f009",
        "x-ms-ratelimit-remaining-subscription-writes": "1181",
        "x-ms-request-id": "a85af9fc-bf26-4fed-9887-d706f705f009",
        "x-ms-routing-request-id": "JAPANEAST:20231121T091908Z:a85af9fc-bf26-4fed-9887-d706f705f009",
        "X-MSEdge-Ref": "Ref A: 3C0E2223DED34AC899306FCE9EB705E9 Ref B: TYO201100115029 Ref C: 2023-11-21T09:19:08Z"
      },
      "ResponseBody": {
        "id": "/subscriptions/da1d7b9a-a759-41c8-bb73-093a1818e03a/resourceGroups/adf-rg-dynamics-2956/providers/Microsoft.DataFactory/factories/adf-dynamics-1550/datasets/adf-dataset-dynamics-6970",
        "name": "adf-dataset-dynamics-6970",
        "type": "Microsoft.DataFactory/factories/datasets",
        "properties": {
          "type": "SalesforceObject",
          "linkedServiceName": {
            "type": "LinkedServiceReference",
            "referenceName": "adf_linkedservice_dynamics_6827"
          },
          "typeProperties": {}
        },
        "etag": "6c0115cc-0000-0800-0000-655c760c0000"
      }
    },
    {
      "RequestUri": "https://management.azure.com/subscriptions/da1d7b9a-a759-41c8-bb73-093a1818e03a/resourceGroups/adf-rg-dynamics-2956/providers/Microsoft.DataFactory/factories/adf-dynamics-1550/linkedservices/adf_linkedservice_dynamics_6210?api-version=2018-06-01",
      "RequestMethod": "PUT",
      "RequestHeaders": {
        "Accept": "application/json",
        "Authorization": "Sanitized",
        "Content-Length": "367",
        "Content-Type": "application/json",
        "traceparent": "00-cde22d0cf49c19f7f773e2a1e21cb363-a3a4dc2e7fd97938-00",
        "User-Agent": "azsdk-net-ResourceManager.DataFactory/1.0.0-alpha.20231121.1 (.NET 7.0.14; Microsoft Windows 10.0.22621)",
        "x-ms-client-request-id": "89c8ef5585c5fe76cb92f3d48f6bfafd",
        "x-ms-return-client-request-id": "true"
      },
      "RequestBody": {
        "properties": {
          "type": "Dynamics",
          "typeProperties": {
            "deploymentType": "Online",
            "serviceUri": "https://testorganization.crm.dynamics.com",
            "authenticationType": "AADServicePrincipal",
            "servicePrincipalId": "fakeServicePrincipalId",
            "servicePrincipalCredentialType": "ServicePrincipalKey",
            "servicePrincipalCredential": {
              "value": "fakeServicePrincipalKey",
              "type": "SecureString"
            }
          }
        }
      },
      "StatusCode": 200,
      "ResponseHeaders": {
        "Cache-Control": "no-cache",
        "Content-Length": "1011",
        "Content-Type": "application/json; charset=utf-8",
        "Date": "Tue, 21 Nov 2023 09:19:08 GMT",
        "Expires": "-1",
        "Pragma": "no-cache",
        "Strict-Transport-Security": "max-age=31536000; includeSubDomains",
        "X-Cache": "CONFIG_NOCACHE",
        "X-Content-Type-Options": "nosniff",
        "x-ms-correlation-request-id": "8381a6ed-e6f3-4db7-a443-6a6e44810f4e",
        "x-ms-ratelimit-remaining-subscription-writes": "1180",
        "x-ms-request-id": "8381a6ed-e6f3-4db7-a443-6a6e44810f4e",
        "x-ms-routing-request-id": "JAPANEAST:20231121T091909Z:8381a6ed-e6f3-4db7-a443-6a6e44810f4e",
        "X-MSEdge-Ref": "Ref A: 94F0F111EACD48408117DA0D85C3402C Ref B: TYO201100115029 Ref C: 2023-11-21T09:19:08Z"
      },
      "ResponseBody": {
        "id": "/subscriptions/da1d7b9a-a759-41c8-bb73-093a1818e03a/resourceGroups/adf-rg-dynamics-2956/providers/Microsoft.DataFactory/factories/adf-dynamics-1550/linkedservices/adf_linkedservice_dynamics_6210",
        "name": "adf_linkedservice_dynamics_6210",
        "type": "Microsoft.DataFactory/factories/linkedservices",
        "properties": {
          "type": "Dynamics",
          "typeProperties": {
            "deploymentType": "Online",
            "serviceUri": "https://testorganization.crm.dynamics.com",
            "authenticationType": "AADServicePrincipal",
            "servicePrincipalId": "fakeServicePrincipalId",
            "servicePrincipalCredentialType": "ServicePrincipalKey",
            "encryptedCredential": "ew0KICAiVmVyc2lvbiI6ICIyMDE3LTExLTMwIiwNCiAgIlByb3RlY3Rpb25Nb2RlIjogIktleSIsDQogICJTZWNyZXRDb250ZW50VHlwZSI6ICJQbGFpbnRleHQiLA0KICAiQ3JlZGVudGlhbElkIjogIkRBVEFGQUNUT1JZQEExNDg4OUE2LUExREMtNDBDNi1CQjI5LTZBRTNBQzg5OENFQV9mZTI2ZGQxMS03YjJkLTQ0ZWItOTIzYi0zNzMyMzJjOWFlZjYiDQp9"
          }
        },
        "etag": "6c0117cc-0000-0800-0000-655c760d0000"
      }
    },
    {
      "RequestUri": "https://management.azure.com/subscriptions/da1d7b9a-a759-41c8-bb73-093a1818e03a/resourceGroups/adf-rg-dynamics-2956/providers/Microsoft.DataFactory/factories/adf-dynamics-1550/datasets/adf-dataset-dynamics-6730?api-version=2018-06-01",
      "RequestMethod": "PUT",
      "RequestHeaders": {
        "Accept": "application/json",
        "Authorization": "Sanitized",
        "Content-Length": "166",
        "Content-Type": "application/json",
        "traceparent": "00-e7a5fb4e4bec1fa43bc48204476ff979-fe0981a46084f34f-00",
        "User-Agent": "azsdk-net-ResourceManager.DataFactory/1.0.0-alpha.20231121.1 (.NET 7.0.14; Microsoft Windows 10.0.22621)",
        "x-ms-client-request-id": "b857941b700a627a742bcf883c49b173",
        "x-ms-return-client-request-id": "true"
      },
      "RequestBody": {
        "properties": {
          "type": "SalesforceObject",
          "linkedServiceName": {
            "type": "LinkedServiceReference",
            "referenceName": "adf_linkedservice_dynamics_6210"
          },
          "typeProperties": {}
        }
      },
      "StatusCode": 200,
      "ResponseHeaders": {
        "Cache-Control": "no-cache",
        "Content-Length": "550",
        "Content-Type": "application/json; charset=utf-8",
        "Date": "Tue, 21 Nov 2023 09:19:09 GMT",
        "Expires": "-1",
        "Pragma": "no-cache",
        "Strict-Transport-Security": "max-age=31536000; includeSubDomains",
        "X-Cache": "CONFIG_NOCACHE",
        "X-Content-Type-Options": "nosniff",
        "x-ms-correlation-request-id": "44b181bc-ba09-4ab0-8197-31069d978273",
        "x-ms-ratelimit-remaining-subscription-writes": "1191",
        "x-ms-request-id": "44b181bc-ba09-4ab0-8197-31069d978273",
        "x-ms-routing-request-id": "JAPANEAST:20231121T091910Z:44b181bc-ba09-4ab0-8197-31069d978273",
        "X-MSEdge-Ref": "Ref A: 206111C6C2E64BBEA125B1237F9A07DA Ref B: TYO201100115029 Ref C: 2023-11-21T09:19:09Z"
      },
      "ResponseBody": {
        "id": "/subscriptions/da1d7b9a-a759-41c8-bb73-093a1818e03a/resourceGroups/adf-rg-dynamics-2956/providers/Microsoft.DataFactory/factories/adf-dynamics-1550/datasets/adf-dataset-dynamics-6730",
        "name": "adf-dataset-dynamics-6730",
        "type": "Microsoft.DataFactory/factories/datasets",
        "properties": {
          "type": "SalesforceObject",
          "linkedServiceName": {
            "type": "LinkedServiceReference",
            "referenceName": "adf_linkedservice_dynamics_6210"
          },
          "typeProperties": {}
        },
        "etag": "6c0119cc-0000-0800-0000-655c760e0000"
      }
    },
    {
      "RequestUri": "https://management.azure.com/subscriptions/da1d7b9a-a759-41c8-bb73-093a1818e03a/resourceGroups/adf-rg-dynamics-2956/providers/Microsoft.DataFactory/factories/adf-dynamics-1550/pipelines/adf-pipeline-dynamics-2413?api-version=2018-06-01",
      "RequestMethod": "PUT",
      "RequestHeaders": {
        "Accept": "application/json",
        "Authorization": "Sanitized",
        "Content-Length": "435",
        "Content-Type": "application/json",
        "traceparent": "00-782414e277edaf5617d8857997b076ef-c73423b62190b849-00",
        "User-Agent": "azsdk-net-ResourceManager.DataFactory/1.0.0-alpha.20231121.1 (.NET 7.0.14; Microsoft Windows 10.0.22621)",
        "x-ms-client-request-id": "2213dad5cf33a49aacb8e539b962a79b",
        "x-ms-return-client-request-id": "true"
      },
      "RequestBody": {
        "properties": {
          "activities": [
            {
              "inputs": [
                {
                  "type": "DatasetReference",
                  "referenceName": "adf-dataset-dynamics-6970"
                }
              ],
              "outputs": [
                {
                  "type": "DatasetReference",
                  "referenceName": "adf-dataset-dynamics-6730"
                }
              ],
              "name": "adf-pipeline-task-1626",
              "type": "Copy",
              "typeProperties": {
                "source": {
                  "query": "fetchXml query",
                  "type": "DynamicsSource"
                },
                "sink": {
                  "writeBehavior": "Upsert",
                  "ignoreNullValues": false,
                  "alternateKeyName": "keyName",
                  "type": "DynamicsSink"
                }
              }
            }
          ]
        }
      },
      "StatusCode": 200,
      "ResponseHeaders": {
        "Cache-Control": "no-cache",
        "Content-Length": "1116",
        "Content-Type": "application/json; charset=utf-8",
        "Date": "Tue, 21 Nov 2023 09:19:09 GMT",
        "Expires": "-1",
        "Pragma": "no-cache",
        "Strict-Transport-Security": "max-age=31536000; includeSubDomains",
        "X-Cache": "CONFIG_NOCACHE",
        "X-Content-Type-Options": "nosniff",
        "x-ms-correlation-request-id": "72ba9890-25b0-42a9-8aa6-c0daaf6767c4",
        "x-ms-ratelimit-remaining-subscription-writes": "1182",
        "x-ms-request-id": "72ba9890-25b0-42a9-8aa6-c0daaf6767c4",
        "x-ms-routing-request-id": "JAPANEAST:20231121T091910Z:72ba9890-25b0-42a9-8aa6-c0daaf6767c4",
        "X-MSEdge-Ref": "Ref A: CC2847F0FD8D4627BD97644883520E59 Ref B: TYO201100115029 Ref C: 2023-11-21T09:19:10Z"
      },
      "ResponseBody": {
        "id": "/subscriptions/da1d7b9a-a759-41c8-bb73-093a1818e03a/resourceGroups/adf-rg-dynamics-2956/providers/Microsoft.DataFactory/factories/adf-dynamics-1550/pipelines/adf-pipeline-dynamics-2413",
        "name": "adf-pipeline-dynamics-2413",
        "type": "Microsoft.DataFactory/factories/pipelines",
        "properties": {
          "activities": [
            {
              "inputs": [
                {
                  "type": "DatasetReference",
                  "referenceName": "adf-dataset-dynamics-6970"
                }
              ],
              "outputs": [
                {
                  "type": "DatasetReference",
                  "referenceName": "adf-dataset-dynamics-6730"
                }
              ],
              "name": "adf-pipeline-task-1626",
              "type": "Copy",
              "typeProperties": {
                "source": {
                  "query": "fetchXml query",
                  "type": "DynamicsSource"
                },
                "sink": {
                  "writeBehavior": "Upsert",
                  "ignoreNullValues": false,
                  "alternateKeyName": "keyName",
                  "type": "DynamicsSink"
                }
              }
            }
          ]
        },
        "etag": "6c011bcc-0000-0800-0000-655c760e0000"
      }
    }
  ],
  "Variables": {
    "AZURE_AUTHORITY_HOST": null,
    "RandomSeed": "1874329032",
    "RESOURCE_MANAGER_URL": null,
    "SUBSCRIPTION_ID": "da1d7b9a-a759-41c8-bb73-093a1818e03a"
  }
}
