{
  "Entries": [
    {
      "RequestUri": "https://management.azure.com/subscriptions/da1d7b9a-a759-41c8-bb73-093a1818e03a?api-version=2022-12-01",
      "RequestMethod": "GET",
      "RequestHeaders": {
        "Accept": "application/json",
        "Authorization": "Sanitized",
        "traceparent": "00-615f56f76f5e82b3126b22f11d641bfb-d0f83303c21df279-00",
        "User-Agent": "azsdk-net-ResourceManager/1.9.0 (.NET 7.0.14; Microsoft Windows 10.0.22621)",
        "x-ms-client-request-id": "4ddf75a00d8793e49220a71f1e2548b1",
        "x-ms-return-client-request-id": "true"
      },
      "RequestBody": null,
      "StatusCode": 200,
      "ResponseHeaders": {
        "Cache-Control": "no-cache",
        "Content-Length": "501",
        "Content-Type": "application/json; charset=utf-8",
        "Date": "Thu, 23 Nov 2023 09:47:26 GMT",
        "Expires": "-1",
        "Pragma": "no-cache",
        "Strict-Transport-Security": "max-age=31536000; includeSubDomains",
        "X-Content-Type-Options": "nosniff",
        "x-ms-correlation-request-id": "c9c539cd-d018-4ae6-ba56-270768c9629f",
        "x-ms-ratelimit-remaining-subscription-reads": "11976",
        "x-ms-request-id": "c9c539cd-d018-4ae6-ba56-270768c9629f",
        "x-ms-routing-request-id": "EASTUS:20231123T094726Z:c9c539cd-d018-4ae6-ba56-270768c9629f"
      },
      "ResponseBody": {
        "id": "/subscriptions/da1d7b9a-a759-41c8-bb73-093a1818e03a",
        "authorizationSource": "RoleBased",
        "managedByTenants": [
          {
            "tenantId": "2f4a9838-26b7-47ee-be60-ccc1fdec5953"
          }
        ],
        "tags": {
          "NRMS10318670": "20220720"
        },
        "subscriptionId": "da1d7b9a-a759-41c8-bb73-093a1818e03a",
        "tenantId": "72f988bf-86f1-41af-91ab-2d7cd011db47",
        "displayName": "ADMS_Test_Engineering_RichTransform",
        "state": "Enabled",
        "subscriptionPolicies": {
          "locationPlacementId": "Internal_2014-09-01",
          "quotaId": "Internal_2014-09-01",
          "spendingLimit": "Off"
        }
      }
    },
    {
      "RequestUri": "https://management.azure.com/subscriptions/da1d7b9a-a759-41c8-bb73-093a1818e03a/resourcegroups/adf-rg-amazonredshift-6123?api-version=2022-09-01",
      "RequestMethod": "PUT",
      "RequestHeaders": {
        "Accept": "application/json",
        "Authorization": "Sanitized",
        "Content-Length": "22",
        "Content-Type": "application/json",
        "traceparent": "00-5b71903d2b5597cd2525f7ef779cdf35-0fbadc2e55464907-00",
        "User-Agent": "azsdk-net-ResourceManager/1.9.0 (.NET 7.0.14; Microsoft Windows 10.0.22621)",
        "x-ms-client-request-id": "ff76ff7a367f68ba6b205e0a722bb919",
        "x-ms-return-client-request-id": "true"
      },
      "RequestBody": {
        "location": "westus2"
      },
      "StatusCode": 201,
      "ResponseHeaders": {
        "Cache-Control": "no-cache",
        "Content-Length": "250",
        "Content-Type": "application/json; charset=utf-8",
        "Date": "Thu, 23 Nov 2023 09:47:26 GMT",
        "Expires": "-1",
        "Pragma": "no-cache",
        "Strict-Transport-Security": "max-age=31536000; includeSubDomains",
        "X-Content-Type-Options": "nosniff",
        "x-ms-correlation-request-id": "26e689f7-a061-4fb1-baf6-be32db3ad033",
        "x-ms-ratelimit-remaining-subscription-writes": "1100",
        "x-ms-request-id": "26e689f7-a061-4fb1-baf6-be32db3ad033",
        "x-ms-routing-request-id": "EASTUS:20231123T094727Z:26e689f7-a061-4fb1-baf6-be32db3ad033"
      },
      "ResponseBody": {
        "id": "/subscriptions/da1d7b9a-a759-41c8-bb73-093a1818e03a/resourceGroups/adf-rg-amazonredshift-6123",
        "name": "adf-rg-amazonredshift-6123",
        "type": "Microsoft.Resources/resourceGroups",
        "location": "westus2",
        "properties": {
          "provisioningState": "Succeeded"
        }
      }
    },
    {
      "RequestUri": "https://management.azure.com/subscriptions/da1d7b9a-a759-41c8-bb73-093a1818e03a/resourceGroups/adf-rg-amazonredshift-6123/providers/Microsoft.DataFactory/factories/adf-amazonredshift-790?api-version=2018-06-01",
      "RequestMethod": "PUT",
      "RequestHeaders": {
        "Accept": "application/json",
        "Authorization": "Sanitized",
        "Content-Length": "48",
        "Content-Type": "application/json",
        "traceparent": "00-08268118fb64525e77265eeb50273022-3010ca82ea4fe221-00",
        "User-Agent": "azsdk-net-ResourceManager.DataFactory/1.0.0-alpha.20231123.1 (.NET 7.0.14; Microsoft Windows 10.0.22621)",
        "x-ms-client-request-id": "461586de93b13613b3e2ebbae63674ff",
        "x-ms-return-client-request-id": "true"
      },
      "RequestBody": {
        "tags": {},
        "location": "westus2",
        "properties": {}
      },
      "StatusCode": 200,
      "ResponseHeaders": {
        "Cache-Control": "no-cache",
        "Content-Length": "485",
        "Content-Type": "application/json; charset=utf-8",
        "Date": "Thu, 23 Nov 2023 09:47:28 GMT",
        "Expires": "-1",
        "Pragma": "no-cache",
        "Server": "Kestrel",
        "Strict-Transport-Security": "max-age=31536000; includeSubDomains",
        "X-Content-Type-Options": "nosniff",
        "x-ms-correlation-request-id": "0344d80f-b993-49ba-aeea-282c6f7648c2",
        "x-ms-ratelimit-remaining-subscription-writes": "1099",
        "x-ms-request-id": "0344d80f-b993-49ba-aeea-282c6f7648c2",
        "x-ms-routing-request-id": "EASTUS:20231123T094728Z:0344d80f-b993-49ba-aeea-282c6f7648c2"
      },
      "ResponseBody": {
        "name": "adf-amazonredshift-790",
        "id": "/subscriptions/da1d7b9a-a759-41c8-bb73-093a1818e03a/resourceGroups/adf-rg-amazonredshift-6123/providers/Microsoft.DataFactory/factories/adf-amazonredshift-790",
        "type": "Microsoft.DataFactory/factories",
        "properties": {
          "provisioningState": "Succeeded",
          "createTime": "2023-11-23T09:47:28.7030492Z",
          "version": "2018-06-01"
        },
        "eTag": "\u00229d04bafd-0000-0800-0000-655f1fb00000\u0022",
        "location": "westus2",
        "tags": {}
      }
    },
    {
      "RequestUri": "https://management.azure.com/subscriptions/da1d7b9a-a759-41c8-bb73-093a1818e03a/resourceGroups/adf-rg-amazonredshift-6123/providers/Microsoft.DataFactory/factories/adf-amazonredshift-790/linkedservices/adf_linkedservice_amazonredshift_4333?api-version=2018-06-01",
      "RequestMethod": "PUT",
      "RequestHeaders": {
        "Accept": "application/json",
        "Authorization": "Sanitized",
        "Content-Length": "99",
        "Content-Type": "application/json",
        "traceparent": "00-e939821eaaa9a444ff18dec09b5897c5-f032b5af238f6002-00",
        "User-Agent": "azsdk-net-ResourceManager.DataFactory/1.0.0-alpha.20231123.1 (.NET 7.0.14; Microsoft Windows 10.0.22621)",
        "x-ms-client-request-id": "d3a2b69fbb69e17767afd92166678eb7",
        "x-ms-return-client-request-id": "true"
      },
      "RequestBody": {
        "properties": {
          "type": "AmazonRedshift",
          "typeProperties": {
            "server": "server",
            "database": "database"
          }
        }
      },
      "StatusCode": 200,
      "ResponseHeaders": {
        "Cache-Control": "no-cache",
        "Content-Length": "524",
        "Content-Type": "application/json; charset=utf-8",
        "Date": "Thu, 23 Nov 2023 09:47:28 GMT",
        "Expires": "-1",
        "Pragma": "no-cache",
        "Server": "Kestrel",
        "Strict-Transport-Security": "max-age=31536000; includeSubDomains",
        "X-Content-Type-Options": "nosniff",
        "x-ms-correlation-request-id": "74d34a6b-6202-4d73-9792-1c31d4d63e50",
        "x-ms-ratelimit-remaining-subscription-writes": "1098",
        "x-ms-request-id": "74d34a6b-6202-4d73-9792-1c31d4d63e50",
        "x-ms-routing-request-id": "EASTUS:20231123T094729Z:74d34a6b-6202-4d73-9792-1c31d4d63e50"
      },
      "ResponseBody": {
        "id": "/subscriptions/da1d7b9a-a759-41c8-bb73-093a1818e03a/resourceGroups/adf-rg-amazonredshift-6123/providers/Microsoft.DataFactory/factories/adf-amazonredshift-790/linkedservices/adf_linkedservice_amazonredshift_4333",
        "name": "adf_linkedservice_amazonredshift_4333",
        "type": "Microsoft.DataFactory/factories/linkedservices",
        "properties": {
          "type": "AmazonRedshift",
          "typeProperties": {
            "server": "server",
            "database": "database"
          }
        },
        "etag": "f9051325-0000-0800-0000-655f1fb10000"
      }
    },
    {
      "RequestUri": "https://management.azure.com/subscriptions/da1d7b9a-a759-41c8-bb73-093a1818e03a/resourceGroups/adf-rg-amazonredshift-6123/providers/Microsoft.DataFactory/factories/adf-amazonredshift-790/datasets/adf-dataset-amazonredshift-5698?api-version=2018-06-01",
      "RequestMethod": "PUT",
      "RequestHeaders": {
        "Accept": "application/json",
        "Authorization": "Sanitized",
        "Content-Length": "175",
        "Content-Type": "application/json",
        "traceparent": "00-c953cbc01488afdbcb97b719b328a382-50bd31c35341cc59-00",
        "User-Agent": "azsdk-net-ResourceManager.DataFactory/1.0.0-alpha.20231123.1 (.NET 7.0.14; Microsoft Windows 10.0.22621)",
        "x-ms-client-request-id": "6a329e406cc8c863cc54cead85e9ea0b",
        "x-ms-return-client-request-id": "true"
      },
      "RequestBody": {
        "properties": {
          "type": "AmazonRedshiftTable",
          "linkedServiceName": {
            "type": "LinkedServiceReference",
            "referenceName": "adf_linkedservice_amazonredshift_4333"
          },
          "typeProperties": {}
        }
      },
      "StatusCode": 200,
      "ResponseHeaders": {
        "Cache-Control": "no-cache",
        "Content-Length": "582",
        "Content-Type": "application/json; charset=utf-8",
        "Date": "Thu, 23 Nov 2023 09:47:29 GMT",
        "Expires": "-1",
        "Pragma": "no-cache",
        "Server": "Kestrel",
        "Strict-Transport-Security": "max-age=31536000; includeSubDomains",
        "X-Content-Type-Options": "nosniff",
        "x-ms-correlation-request-id": "c3af873d-5eda-42c3-aa40-eca02de5ae6f",
        "x-ms-ratelimit-remaining-subscription-writes": "1097",
        "x-ms-request-id": "c3af873d-5eda-42c3-aa40-eca02de5ae6f",
        "x-ms-routing-request-id": "EASTUS:20231123T094729Z:c3af873d-5eda-42c3-aa40-eca02de5ae6f"
      },
      "ResponseBody": {
        "id": "/subscriptions/da1d7b9a-a759-41c8-bb73-093a1818e03a/resourceGroups/adf-rg-amazonredshift-6123/providers/Microsoft.DataFactory/factories/adf-amazonredshift-790/datasets/adf-dataset-amazonredshift-5698",
        "name": "adf-dataset-amazonredshift-5698",
        "type": "Microsoft.DataFactory/factories/datasets",
        "properties": {
          "type": "AmazonRedshiftTable",
          "linkedServiceName": {
            "type": "LinkedServiceReference",
            "referenceName": "adf_linkedservice_amazonredshift_4333"
          },
          "typeProperties": {}
        },
        "etag": "f9051825-0000-0800-0000-655f1fb10000"
      }
    },
    {
      "RequestUri": "https://management.azure.com/subscriptions/da1d7b9a-a759-41c8-bb73-093a1818e03a/resourceGroups/adf-rg-amazonredshift-6123/providers/Microsoft.DataFactory/factories/adf-amazonredshift-790/linkedservices/adf_linkedservice_amazonredshift_511?api-version=2018-06-01",
      "RequestMethod": "PUT",
      "RequestHeaders": {
        "Accept": "application/json",
        "Authorization": "Sanitized",
        "Content-Length": "92",
        "Content-Type": "application/json",
        "traceparent": "00-ade8295d2f9ac6618085f39ccb666060-c01a385d763959b5-00",
        "User-Agent": "azsdk-net-ResourceManager.DataFactory/1.0.0-alpha.20231123.1 (.NET 7.0.14; Microsoft Windows 10.0.22621)",
        "x-ms-client-request-id": "0ac5621a5a1cd0cf2b635d927b842c2e",
        "x-ms-return-client-request-id": "true"
      },
      "RequestBody": {
        "properties": {
          "type": "AzureBlobStorage",
          "typeProperties": {
            "connectionString": "Sanitized"
          }
        }
      },
      "StatusCode": 200,
      "ResponseHeaders": {
        "Cache-Control": "no-cache",
        "Content-Length": "755",
        "Content-Type": "application/json; charset=utf-8",
        "Date": "Thu, 23 Nov 2023 09:47:29 GMT",
        "Expires": "-1",
        "Pragma": "no-cache",
        "Server": "Kestrel",
        "Strict-Transport-Security": "max-age=31536000; includeSubDomains",
        "X-Content-Type-Options": "nosniff",
        "x-ms-correlation-request-id": "8d84238c-eb49-4ae2-a791-4d4d6ba64a5b",
        "x-ms-ratelimit-remaining-subscription-writes": "1096",
        "x-ms-request-id": "8d84238c-eb49-4ae2-a791-4d4d6ba64a5b",
        "x-ms-routing-request-id": "EASTUS:20231123T094729Z:8d84238c-eb49-4ae2-a791-4d4d6ba64a5b"
      },
      "ResponseBody": {
        "id": "/subscriptions/da1d7b9a-a759-41c8-bb73-093a1818e03a/resourceGroups/adf-rg-amazonredshift-6123/providers/Microsoft.DataFactory/factories/adf-amazonredshift-790/linkedservices/adf_linkedservice_amazonredshift_511",
        "name": "adf_linkedservice_amazonredshift_511",
        "type": "Microsoft.DataFactory/factories/linkedservices",
        "properties": {
          "type": "AzureBlobStorage",
          "typeProperties": {
            "connectionString": "Sanitized",
            "encryptedCredential": "ew0KICAiVmVyc2lvbiI6ICIyMDE3LTExLTMwIiwNCiAgIlByb3RlY3Rpb25Nb2RlIjogIktleSIsDQogICJTZWNyZXRDb250ZW50VHlwZSI6ICJQbGFpbnRleHQiLA0KICAiQ3JlZGVudGlhbElkIjogIkRBVEFGQUNUT1JZQDczNEFGMUJDLURGMzQtNDRCNS04NDAyLTlCNTgyQTU5NkY2RV85MDIyZWZjNS1mYTllLTQ5NDEtYjE4NS1hMGI3ZWJlYmRiMjQiDQp9"
          }
        },
        "etag": "f9052925-0000-0800-0000-655f1fb10000"
      }
    },
    {
      "RequestUri": "https://management.azure.com/subscriptions/da1d7b9a-a759-41c8-bb73-093a1818e03a/resourceGroups/adf-rg-amazonredshift-6123/providers/Microsoft.DataFactory/factories/adf-amazonredshift-790/datasets/adf-dataset-amazonredshift-3212?api-version=2018-06-01",
      "RequestMethod": "PUT",
      "RequestHeaders": {
        "Accept": "application/json",
        "Authorization": "Sanitized",
        "Content-Length": "164",
        "Content-Type": "application/json",
        "traceparent": "00-82c38ec59aaeeb5559f5c56822ac1938-40598634b5996900-00",
        "User-Agent": "azsdk-net-ResourceManager.DataFactory/1.0.0-alpha.20231123.1 (.NET 7.0.14; Microsoft Windows 10.0.22621)",
        "x-ms-client-request-id": "50ccd5f63342d9520715edc95b7ec5ce",
        "x-ms-return-client-request-id": "true"
      },
      "RequestBody": {
        "properties": {
          "type": "AzureBlob",
          "linkedServiceName": {
            "type": "LinkedServiceReference",
            "referenceName": "adf_linkedservice_amazonredshift_511"
          },
          "typeProperties": {}
        }
      },
      "StatusCode": 200,
      "ResponseHeaders": {
        "Cache-Control": "no-cache",
        "Content-Length": "571",
        "Content-Type": "application/json; charset=utf-8",
        "Date": "Thu, 23 Nov 2023 09:47:29 GMT",
        "Expires": "-1",
        "Pragma": "no-cache",
        "Server": "Kestrel",
        "Strict-Transport-Security": "max-age=31536000; includeSubDomains",
        "X-Content-Type-Options": "nosniff",
        "x-ms-correlation-request-id": "7515e53d-9622-4819-9f27-cee29fc1bb5c",
        "x-ms-ratelimit-remaining-subscription-writes": "1095",
        "x-ms-request-id": "7515e53d-9622-4819-9f27-cee29fc1bb5c",
        "x-ms-routing-request-id": "EASTUS:20231123T094730Z:7515e53d-9622-4819-9f27-cee29fc1bb5c"
      },
      "ResponseBody": {
        "id": "/subscriptions/da1d7b9a-a759-41c8-bb73-093a1818e03a/resourceGroups/adf-rg-amazonredshift-6123/providers/Microsoft.DataFactory/factories/adf-amazonredshift-790/datasets/adf-dataset-amazonredshift-3212",
        "name": "adf-dataset-amazonredshift-3212",
        "type": "Microsoft.DataFactory/factories/datasets",
        "properties": {
          "type": "AzureBlob",
          "linkedServiceName": {
            "type": "LinkedServiceReference",
            "referenceName": "adf_linkedservice_amazonredshift_511"
          },
          "typeProperties": {}
        },
        "etag": "f9053225-0000-0800-0000-655f1fb20000"
      }
    },
    {
      "RequestUri": "https://management.azure.com/subscriptions/da1d7b9a-a759-41c8-bb73-093a1818e03a/resourceGroups/adf-rg-amazonredshift-6123/providers/Microsoft.DataFactory/factories/adf-amazonredshift-790/pipelines/adf-pipeline-amazonredshift-115?api-version=2018-06-01",
      "RequestMethod": "PUT",
      "RequestHeaders": {
        "Accept": "application/json",
        "Authorization": "Sanitized",
        "Content-Length": "477",
        "Content-Type": "application/json",
        "traceparent": "00-f63ec8863dd5f530e2ef98e9bf0b9445-ca9ace16de082acd-00",
        "User-Agent": "azsdk-net-ResourceManager.DataFactory/1.0.0-alpha.20231123.1 (.NET 7.0.14; Microsoft Windows 10.0.22621)",
        "x-ms-client-request-id": "f12b4d4682359bd8f840ff6b3ad84981",
        "x-ms-return-client-request-id": "true"
      },
      "RequestBody": {
        "properties": {
          "activities": [
            {
              "inputs": [
                {
                  "type": "DatasetReference",
                  "referenceName": "adf-dataset-amazonredshift-5698"
                }
              ],
              "outputs": [
                {
                  "type": "DatasetReference",
                  "referenceName": "adf-dataset-amazonredshift-3212"
                }
              ],
              "policy": {
                "timeout": "01:00:00",
                "retry": 2
              },
              "name": "adf-pipeline-task-4687",
              "type": "Copy",
              "typeProperties": {
                "source": {
                  "query": "select * from faketable",
                  "type": "AmazonRedshiftSource"
                },
                "sink": {
                  "type": "BlobSink",
                  "writeBatchSize": 1000000,
                  "writeBatchTimeout": "01:00:00"
                }
              }
            }
          ]
        }
      },
      "StatusCode": 200,
      "ResponseHeaders": {
        "Cache-Control": "no-cache",
        "Content-Length": "1208",
        "Content-Type": "application/json; charset=utf-8",
        "Date": "Thu, 23 Nov 2023 09:47:30 GMT",
        "Expires": "-1",
        "Pragma": "no-cache",
        "Server": "Kestrel",
        "Strict-Transport-Security": "max-age=31536000; includeSubDomains",
        "X-Content-Type-Options": "nosniff",
        "x-ms-correlation-request-id": "85c352cd-7b6a-4fe1-96dd-552b56c3c0b3",
        "x-ms-ratelimit-remaining-subscription-writes": "1094",
        "x-ms-request-id": "85c352cd-7b6a-4fe1-96dd-552b56c3c0b3",
        "x-ms-routing-request-id": "EASTUS:20231123T094730Z:85c352cd-7b6a-4fe1-96dd-552b56c3c0b3"
      },
      "ResponseBody": {
        "id": "/subscriptions/da1d7b9a-a759-41c8-bb73-093a1818e03a/resourceGroups/adf-rg-amazonredshift-6123/providers/Microsoft.DataFactory/factories/adf-amazonredshift-790/pipelines/adf-pipeline-amazonredshift-115",
        "name": "adf-pipeline-amazonredshift-115",
        "type": "Microsoft.DataFactory/factories/pipelines",
        "properties": {
          "activities": [
            {
              "inputs": [
                {
                  "type": "DatasetReference",
                  "referenceName": "adf-dataset-amazonredshift-5698"
                }
              ],
              "outputs": [
                {
                  "type": "DatasetReference",
                  "referenceName": "adf-dataset-amazonredshift-3212"
                }
              ],
              "policy": {
                "timeout": "01:00:00",
                "retry": 2
              },
              "name": "adf-pipeline-task-4687",
              "type": "Copy",
              "typeProperties": {
                "source": {
                  "query": "select * from faketable",
                  "type": "AmazonRedshiftSource"
                },
                "sink": {
                  "type": "BlobSink",
                  "writeBatchSize": 1000000,
                  "writeBatchTimeout": "01:00:00"
                }
              }
            }
          ]
        },
        "etag": "f9053825-0000-0800-0000-655f1fb20000"
      }
    }
  ],
  "Variables": {
    "AZURE_AUTHORITY_HOST": null,
    "RandomSeed": "1829499618",
    "RESOURCE_MANAGER_URL": null,
    "SUBSCRIPTION_ID": "da1d7b9a-a759-41c8-bb73-093a1818e03a"
  }
}
