{
  "Entries": [
    {
      "RequestUri": "https://management.azure.com/subscriptions/da1d7b9a-a759-41c8-bb73-093a1818e03a?api-version=2022-12-01",
      "RequestMethod": "GET",
      "RequestHeaders": {
        "Accept": "application/json",
        "Authorization": "Sanitized",
        "traceparent": "00-ca3034971c1e7498c5bebd1f4e0096f1-1ac170da63d195ce-00",
        "User-Agent": "azsdk-net-ResourceManager/1.8.0 (.NET 7.0.14; Microsoft Windows 10.0.22621)",
        "x-ms-client-request-id": "bde21bb641383544e61c466c93328d2b",
        "x-ms-return-client-request-id": "true"
      },
      "RequestBody": null,
      "StatusCode": 200,
      "ResponseHeaders": {
        "Cache-Control": "no-cache",
        "Content-Length": "501",
        "Content-Type": "application/json; charset=utf-8",
        "Date": "Thu, 16 Nov 2023 09:16:07 GMT",
        "Expires": "-1",
        "Pragma": "no-cache",
        "Strict-Transport-Security": "max-age=31536000; includeSubDomains",
        "X-Content-Type-Options": "nosniff",
        "x-ms-correlation-request-id": "e0622933-f724-4367-8754-7db55e58494a",
        "x-ms-ratelimit-remaining-subscription-reads": "11975",
        "x-ms-request-id": "e0622933-f724-4367-8754-7db55e58494a",
        "x-ms-routing-request-id": "SOUTHEASTASIA:20231116T091607Z:e0622933-f724-4367-8754-7db55e58494a"
      },
      "ResponseBody": {
        "id": "/subscriptions/da1d7b9a-a759-41c8-bb73-093a1818e03a",
        "authorizationSource": "RoleBased",
        "managedByTenants": [
          {
            "tenantId": "2f4a9838-26b7-47ee-be60-ccc1fdec5953"
          }
        ],
        "tags": {
          "NRMS10318670": "20220720"
        },
        "subscriptionId": "da1d7b9a-a759-41c8-bb73-093a1818e03a",
        "tenantId": "72f988bf-86f1-41af-91ab-2d7cd011db47",
        "displayName": "ADMS_Test_Engineering_RichTransform",
        "state": "Enabled",
        "subscriptionPolicies": {
          "locationPlacementId": "Internal_2014-09-01",
          "quotaId": "Internal_2014-09-01",
          "spendingLimit": "Off"
        }
      }
    },
    {
      "RequestUri": "https://management.azure.com/subscriptions/da1d7b9a-a759-41c8-bb73-093a1818e03a/resourcegroups/DataFactory-RG-1281?api-version=2022-09-01",
      "RequestMethod": "PUT",
      "RequestHeaders": {
        "Accept": "application/json",
        "Authorization": "Sanitized",
        "Content-Length": "22",
        "Content-Type": "application/json",
        "traceparent": "00-557a5df065e3bbaf460ba73a9462fabf-ac0ebff0c1d2cb15-00",
        "User-Agent": "azsdk-net-ResourceManager/1.8.0 (.NET 7.0.14; Microsoft Windows 10.0.22621)",
        "x-ms-client-request-id": "0e0ad47304993e864d7b80598dd6648a",
        "x-ms-return-client-request-id": "true"
      },
      "RequestBody": {
        "location": "westus2"
      },
      "StatusCode": 201,
      "ResponseHeaders": {
        "Cache-Control": "no-cache",
        "Content-Length": "236",
        "Content-Type": "application/json; charset=utf-8",
        "Date": "Thu, 16 Nov 2023 09:16:08 GMT",
        "Expires": "-1",
        "Pragma": "no-cache",
        "Strict-Transport-Security": "max-age=31536000; includeSubDomains",
        "X-Content-Type-Options": "nosniff",
        "x-ms-correlation-request-id": "68590f8b-ff2e-4eee-a2c2-97a16a9cb327",
        "x-ms-ratelimit-remaining-subscription-writes": "1073",
        "x-ms-request-id": "68590f8b-ff2e-4eee-a2c2-97a16a9cb327",
        "x-ms-routing-request-id": "SOUTHEASTASIA:20231116T091608Z:68590f8b-ff2e-4eee-a2c2-97a16a9cb327"
      },
      "ResponseBody": {
        "id": "/subscriptions/da1d7b9a-a759-41c8-bb73-093a1818e03a/resourceGroups/DataFactory-RG-1281",
        "name": "DataFactory-RG-1281",
        "type": "Microsoft.Resources/resourceGroups",
        "location": "westus2",
        "properties": {
          "provisioningState": "Succeeded"
        }
      }
    },
    {
      "RequestUri": "https://management.azure.com/subscriptions/da1d7b9a-a759-41c8-bb73-093a1818e03a/resourceGroups/DataFactory-RG-1281/providers/Microsoft.DataFactory/factories/DataFactory-7319?api-version=2018-06-01",
      "RequestMethod": "PUT",
      "RequestHeaders": {
        "Accept": "application/json",
        "Authorization": "Sanitized",
        "Content-Length": "48",
        "Content-Type": "application/json",
        "traceparent": "00-f0be5b4b362eb6eca81ebc055b0aed5b-ed06df7bbd08247d-00",
        "User-Agent": "azsdk-net-ResourceManager.DataFactory/1.0.0-alpha.20231116.1 (.NET 7.0.14; Microsoft Windows 10.0.22621)",
        "x-ms-client-request-id": "6ca23ca7e50e853cd58d034c884f85e1",
        "x-ms-return-client-request-id": "true"
      },
      "RequestBody": {
        "tags": {},
        "location": "westus2",
        "properties": {}
      },
      "StatusCode": 200,
      "ResponseHeaders": {
        "Cache-Control": "no-cache",
        "Content-Length": "466",
        "Content-Type": "application/json; charset=utf-8",
        "Date": "Thu, 16 Nov 2023 09:16:10 GMT",
        "Expires": "-1",
        "Pragma": "no-cache",
        "Server": "Kestrel",
        "Strict-Transport-Security": "max-age=31536000; includeSubDomains",
        "X-Content-Type-Options": "nosniff",
        "x-ms-correlation-request-id": "df518883-9d21-4d59-8d85-b8658da7ab2f",
        "x-ms-ratelimit-remaining-subscription-writes": "1072",
        "x-ms-request-id": "df518883-9d21-4d59-8d85-b8658da7ab2f",
        "x-ms-routing-request-id": "SOUTHEASTASIA:20231116T091610Z:df518883-9d21-4d59-8d85-b8658da7ab2f"
      },
      "ResponseBody": {
        "name": "DataFactory-7319",
        "id": "/subscriptions/da1d7b9a-a759-41c8-bb73-093a1818e03a/resourceGroups/datafactory-rg-1281/providers/Microsoft.DataFactory/factories/datafactory-7319",
        "type": "Microsoft.DataFactory/factories",
        "properties": {
          "provisioningState": "Succeeded",
          "createTime": "2023-11-16T09:16:10.0993782Z",
          "version": "2018-06-01"
        },
        "eTag": "\u00226603a95b-0000-0800-0000-6555ddda0000\u0022",
        "location": "westus2",
        "tags": {}
      }
    },
    {
      "RequestUri": "https://management.azure.com/subscriptions/da1d7b9a-a759-41c8-bb73-093a1818e03a/resourceGroups/datafactory-rg-1281/providers/Microsoft.DataFactory/factories/datafactory-7319/linkedservices/linkedService_5694?api-version=2018-06-01",
      "RequestMethod": "PUT",
      "RequestHeaders": {
        "Accept": "application/json",
        "Authorization": "Sanitized",
        "Content-Length": "101",
        "Content-Type": "application/json",
        "traceparent": "00-ff288e566965f2878050d64e72cf508d-fddeedd429d371cb-00",
        "User-Agent": "azsdk-net-ResourceManager.DataFactory/1.0.0-alpha.20231116.1 (.NET 7.0.14; Microsoft Windows 10.0.22621)",
        "x-ms-client-request-id": "94b2ba016fa3c1bdeaa80fb7bcc45790",
        "x-ms-return-client-request-id": "true"
      },
      "RequestBody": {
        "properties": {
          "type": "HDInsight",
          "typeProperties": {
            "clusterUri": "https://test.azurehdinsight.net"
          }
        }
      },
      "StatusCode": 200,
      "ResponseHeaders": {
        "Cache-Control": "no-cache",
        "Content-Length": "467",
        "Content-Type": "application/json; charset=utf-8",
        "Date": "Thu, 16 Nov 2023 09:16:10 GMT",
        "Expires": "-1",
        "Pragma": "no-cache",
        "Server": "Kestrel",
        "Strict-Transport-Security": "max-age=31536000; includeSubDomains",
        "X-Content-Type-Options": "nosniff",
        "x-ms-correlation-request-id": "5b9edb51-915a-4830-a621-c2e0bd34627b",
        "x-ms-ratelimit-remaining-subscription-writes": "1071",
        "x-ms-request-id": "5b9edb51-915a-4830-a621-c2e0bd34627b",
        "x-ms-routing-request-id": "SOUTHEASTASIA:20231116T091611Z:5b9edb51-915a-4830-a621-c2e0bd34627b"
      },
      "ResponseBody": {
        "id": "/subscriptions/da1d7b9a-a759-41c8-bb73-093a1818e03a/resourceGroups/datafactory-rg-1281/providers/Microsoft.DataFactory/factories/datafactory-7319/linkedservices/linkedService_5694",
        "name": "linkedService_5694",
        "type": "Microsoft.DataFactory/factories/linkedservices",
        "properties": {
          "type": "HDInsight",
          "typeProperties": {
            "clusterUri": "https://test.azurehdinsight.net"
          }
        },
        "etag": "1f00f289-0000-0800-0000-6555ddda0000"
      }
    },
    {
      "RequestUri": "https://management.azure.com/subscriptions/da1d7b9a-a759-41c8-bb73-093a1818e03a/resourceGroups/datafactory-rg-1281/providers/Microsoft.DataFactory/factories/datafactory-7319/linkedservices/linkedService_5145?api-version=2018-06-01",
      "RequestMethod": "PUT",
      "RequestHeaders": {
        "Accept": "application/json",
        "Authorization": "Sanitized",
        "Content-Length": "92",
        "Content-Type": "application/json",
        "traceparent": "00-70e1c92d6f9aca54ef52dbf16cd6e419-fae0925107134ec3-00",
        "User-Agent": "azsdk-net-ResourceManager.DataFactory/1.0.0-alpha.20231116.1 (.NET 7.0.14; Microsoft Windows 10.0.22621)",
        "x-ms-client-request-id": "978e1d203984000b39b6fef59e7936a2",
        "x-ms-return-client-request-id": "true"
      },
      "RequestBody": {
        "properties": {
          "type": "AzureBlobStorage",
          "typeProperties": {
            "connectionString": "Sanitized"
          }
        }
      },
      "StatusCode": 200,
      "ResponseHeaders": {
        "Cache-Control": "no-cache",
        "Content-Length": "706",
        "Content-Type": "application/json; charset=utf-8",
        "Date": "Thu, 16 Nov 2023 09:16:11 GMT",
        "Expires": "-1",
        "Pragma": "no-cache",
        "Server": "Kestrel",
        "Strict-Transport-Security": "max-age=31536000; includeSubDomains",
        "X-Content-Type-Options": "nosniff",
        "x-ms-correlation-request-id": "50ebf1c1-917e-4468-89a4-4d4046f7c2b9",
        "x-ms-ratelimit-remaining-subscription-writes": "1070",
        "x-ms-request-id": "50ebf1c1-917e-4468-89a4-4d4046f7c2b9",
        "x-ms-routing-request-id": "SOUTHEASTASIA:20231116T091611Z:50ebf1c1-917e-4468-89a4-4d4046f7c2b9"
      },
      "ResponseBody": {
        "id": "/subscriptions/da1d7b9a-a759-41c8-bb73-093a1818e03a/resourceGroups/datafactory-rg-1281/providers/Microsoft.DataFactory/factories/datafactory-7319/linkedservices/linkedService_5145",
        "name": "linkedService_5145",
        "type": "Microsoft.DataFactory/factories/linkedservices",
        "properties": {
          "type": "AzureBlobStorage",
          "typeProperties": {
            "connectionString": "Sanitized",
            "encryptedCredential": "ew0KICAiVmVyc2lvbiI6ICIyMDE3LTExLTMwIiwNCiAgIlByb3RlY3Rpb25Nb2RlIjogIktleSIsDQogICJTZWNyZXRDb250ZW50VHlwZSI6ICJQbGFpbnRleHQiLA0KICAiQ3JlZGVudGlhbElkIjogIkRBVEFGQUNUT1JZQDg2M0VFRTFCLTBDQzQtNEU2MS05NzA1LUM0QjZFOUM5RUY5NV9kYWVjZTdlYi01NDYwLTQ3MmUtOTA3Mi1mMzE2YTk0YWMwNWIiDQp9"
          }
        },
        "etag": "1f00f489-0000-0800-0000-6555dddb0000"
      }
    },
    {
      "RequestUri": "https://management.azure.com/subscriptions/da1d7b9a-a759-41c8-bb73-093a1818e03a/resourceGroups/datafactory-rg-1281/providers/Microsoft.DataFactory/factories/datafactory-7319/datasets/dataset_819?api-version=2018-06-01",
      "RequestMethod": "PUT",
      "RequestHeaders": {
        "Accept": "application/json",
        "Authorization": "Sanitized",
        "Content-Length": "146",
        "Content-Type": "application/json",
        "traceparent": "00-dc1d06c55b9176265e9f6ef797ff3e52-397c941b4661063d-00",
        "User-Agent": "azsdk-net-ResourceManager.DataFactory/1.0.0-alpha.20231116.1 (.NET 7.0.14; Microsoft Windows 10.0.22621)",
        "x-ms-client-request-id": "81a69a49d7ef756a7fc4eae5f395cb8a",
        "x-ms-return-client-request-id": "true"
      },
      "RequestBody": {
        "properties": {
          "type": "AzureBlob",
          "linkedServiceName": {
            "type": "LinkedServiceReference",
            "referenceName": "linkedService_5145"
          },
          "typeProperties": {}
        }
      },
      "StatusCode": 200,
      "ResponseHeaders": {
        "Cache-Control": "no-cache",
        "Content-Length": "500",
        "Content-Type": "application/json; charset=utf-8",
        "Date": "Thu, 16 Nov 2023 09:16:11 GMT",
        "Expires": "-1",
        "Pragma": "no-cache",
        "Server": "Kestrel",
        "Strict-Transport-Security": "max-age=31536000; includeSubDomains",
        "X-Content-Type-Options": "nosniff",
        "x-ms-correlation-request-id": "1a2f4196-1f61-42be-b2c0-320e6eec868d",
        "x-ms-ratelimit-remaining-subscription-writes": "1069",
        "x-ms-request-id": "1a2f4196-1f61-42be-b2c0-320e6eec868d",
        "x-ms-routing-request-id": "SOUTHEASTASIA:20231116T091612Z:1a2f4196-1f61-42be-b2c0-320e6eec868d"
      },
      "ResponseBody": {
        "id": "/subscriptions/da1d7b9a-a759-41c8-bb73-093a1818e03a/resourceGroups/datafactory-rg-1281/providers/Microsoft.DataFactory/factories/datafactory-7319/datasets/dataset_819",
        "name": "dataset_819",
        "type": "Microsoft.DataFactory/factories/datasets",
        "properties": {
          "type": "AzureBlob",
          "linkedServiceName": {
            "type": "LinkedServiceReference",
            "referenceName": "linkedService_5145"
          },
          "typeProperties": {}
        },
        "etag": "1f00f689-0000-0800-0000-6555dddc0000"
      }
    },
    {
      "RequestUri": "https://management.azure.com/subscriptions/da1d7b9a-a759-41c8-bb73-093a1818e03a/resourceGroups/datafactory-rg-1281/providers/Microsoft.DataFactory/factories/datafactory-7319/pipelines/pipeline-7149?api-version=2018-06-01",
      "RequestMethod": "PUT",
      "RequestHeaders": {
        "Accept": "application/json",
        "Authorization": "Sanitized",
        "Content-Length": "376",
        "Content-Type": "application/json",
        "traceparent": "00-00b028afc049c50541e379fbf7484213-061574546be69568-00",
        "User-Agent": "azsdk-net-ResourceManager.DataFactory/1.0.0-alpha.20231116.1 (.NET 7.0.14; Microsoft Windows 10.0.22621)",
        "x-ms-client-request-id": "39bf512e83a5c86bafb15bed71c72271",
        "x-ms-return-client-request-id": "true"
      },
      "RequestBody": {
        "properties": {
          "activities": [
            {
              "name": "task-7249",
              "type": "HDInsightPig",
              "typeProperties": {
                "storageLinkedServices": [
                  {
                    "type": "LinkedServiceReference",
                    "referenceName": "linkedService_5145"
                  }
                ],
                "scriptPath": "scripts/script.pig",
                "scriptLinkedService": {
                  "type": "LinkedServiceReference",
                  "referenceName": "linkedService_5694"
                },
                "defines": {
                  "PropertyBagPropertyName1": "PropertyBagValue1"
                }
              }
            }
          ]
        }
      },
      "StatusCode": 200,
      "ResponseHeaders": {
        "Cache-Control": "no-cache",
        "Content-Length": "942",
        "Content-Type": "application/json; charset=utf-8",
        "Date": "Thu, 16 Nov 2023 09:16:12 GMT",
        "Expires": "-1",
        "Pragma": "no-cache",
        "Server": "Kestrel",
        "Strict-Transport-Security": "max-age=31536000; includeSubDomains",
        "X-Content-Type-Options": "nosniff",
        "x-ms-correlation-request-id": "de4f7767-f68d-43d3-9172-604426f9533a",
        "x-ms-ratelimit-remaining-subscription-writes": "1068",
        "x-ms-request-id": "de4f7767-f68d-43d3-9172-604426f9533a",
        "x-ms-routing-request-id": "SOUTHEASTASIA:20231116T091612Z:de4f7767-f68d-43d3-9172-604426f9533a"
      },
      "ResponseBody": {
        "id": "/subscriptions/da1d7b9a-a759-41c8-bb73-093a1818e03a/resourceGroups/datafactory-rg-1281/providers/Microsoft.DataFactory/factories/datafactory-7319/pipelines/pipeline-7149",
        "name": "pipeline-7149",
        "type": "Microsoft.DataFactory/factories/pipelines",
        "properties": {
          "activities": [
            {
              "name": "task-7249",
              "type": "HDInsightPig",
              "typeProperties": {
                "storageLinkedServices": [
                  {
                    "type": "LinkedServiceReference",
                    "referenceName": "linkedService_5145"
                  }
                ],
                "scriptPath": "scripts/script.pig",
                "scriptLinkedService": {
                  "type": "LinkedServiceReference",
                  "referenceName": "linkedService_5694"
                },
                "defines": {
                  "PropertyBagPropertyName1": "PropertyBagValue1"
                }
              }
            }
          ]
        },
        "etag": "1f00fe89-0000-0800-0000-6555dddc0000"
      }
    }
  ],
  "Variables": {
    "AZURE_AUTHORITY_HOST": null,
    "RandomSeed": "200155363",
    "RESOURCE_MANAGER_URL": null,
    "SUBSCRIPTION_ID": "da1d7b9a-a759-41c8-bb73-093a1818e03a"
  }
}
