{
  "Entries": [
    {
      "RequestUri": "https://management.azure.com/subscriptions/da1d7b9a-a759-41c8-bb73-093a1818e03a?api-version=2022-12-01",
      "RequestMethod": "GET",
      "RequestHeaders": {
        "Accept": "application/json",
        "Authorization": "Sanitized",
        "traceparent": "00-69d014eea4f1ea19fb8a2c7be4041c24-2cc2a95b2d5b32b5-00",
        "User-Agent": "azsdk-net-ResourceManager/1.8.0 (.NET 7.0.14; Microsoft Windows 10.0.22621)",
        "x-ms-client-request-id": "d490eb76f6dd3d582463e3d92d477bd9",
        "x-ms-return-client-request-id": "true"
      },
      "RequestBody": null,
      "StatusCode": 200,
      "ResponseHeaders": {
        "Cache-Control": "no-cache",
        "Content-Length": "501",
        "Content-Type": "application/json; charset=utf-8",
        "Date": "Thu, 16 Nov 2023 09:05:32 GMT",
        "Expires": "-1",
        "Pragma": "no-cache",
        "Strict-Transport-Security": "max-age=31536000; includeSubDomains",
        "X-Content-Type-Options": "nosniff",
        "x-ms-correlation-request-id": "4809a547-4aed-4dbb-88fe-5c04632f4ab8",
        "x-ms-ratelimit-remaining-subscription-reads": "11945",
        "x-ms-request-id": "4809a547-4aed-4dbb-88fe-5c04632f4ab8",
        "x-ms-routing-request-id": "SOUTHEASTASIA:20231116T090532Z:4809a547-4aed-4dbb-88fe-5c04632f4ab8"
      },
      "ResponseBody": {
        "id": "/subscriptions/da1d7b9a-a759-41c8-bb73-093a1818e03a",
        "authorizationSource": "RoleBased",
        "managedByTenants": [
          {
            "tenantId": "2f4a9838-26b7-47ee-be60-ccc1fdec5953"
          }
        ],
        "tags": {
          "NRMS10318670": "20220720"
        },
        "subscriptionId": "da1d7b9a-a759-41c8-bb73-093a1818e03a",
        "tenantId": "72f988bf-86f1-41af-91ab-2d7cd011db47",
        "displayName": "ADMS_Test_Engineering_RichTransform",
        "state": "Enabled",
        "subscriptionPolicies": {
          "locationPlacementId": "Internal_2014-09-01",
          "quotaId": "Internal_2014-09-01",
          "spendingLimit": "Off"
        }
      }
    },
    {
      "RequestUri": "https://management.azure.com/subscriptions/da1d7b9a-a759-41c8-bb73-093a1818e03a/resourcegroups/DataFactory-RG-3842?api-version=2022-09-01",
      "RequestMethod": "PUT",
      "RequestHeaders": {
        "Accept": "application/json",
        "Authorization": "Sanitized",
        "Content-Length": "22",
        "Content-Type": "application/json",
        "traceparent": "00-e09f1866951f444befa4427951b0950f-4e67fd2d4a32ef73-00",
        "User-Agent": "azsdk-net-ResourceManager/1.8.0 (.NET 7.0.14; Microsoft Windows 10.0.22621)",
        "x-ms-client-request-id": "bb29ba8daeb630676aebcbf1a81095f4",
        "x-ms-return-client-request-id": "true"
      },
      "RequestBody": {
        "location": "westus2"
      },
      "StatusCode": 201,
      "ResponseHeaders": {
        "Cache-Control": "no-cache",
        "Content-Length": "236",
        "Content-Type": "application/json; charset=utf-8",
        "Date": "Thu, 16 Nov 2023 09:05:32 GMT",
        "Expires": "-1",
        "Pragma": "no-cache",
        "Strict-Transport-Security": "max-age=31536000; includeSubDomains",
        "X-Content-Type-Options": "nosniff",
        "x-ms-correlation-request-id": "d6fc6850-e43c-448f-abd1-1839ee16d4b8",
        "x-ms-ratelimit-remaining-subscription-writes": "1131",
        "x-ms-request-id": "d6fc6850-e43c-448f-abd1-1839ee16d4b8",
        "x-ms-routing-request-id": "SOUTHEASTASIA:20231116T090532Z:d6fc6850-e43c-448f-abd1-1839ee16d4b8"
      },
      "ResponseBody": {
        "id": "/subscriptions/da1d7b9a-a759-41c8-bb73-093a1818e03a/resourceGroups/DataFactory-RG-3842",
        "name": "DataFactory-RG-3842",
        "type": "Microsoft.Resources/resourceGroups",
        "location": "westus2",
        "properties": {
          "provisioningState": "Succeeded"
        }
      }
    },
    {
      "RequestUri": "https://management.azure.com/subscriptions/da1d7b9a-a759-41c8-bb73-093a1818e03a/resourceGroups/DataFactory-RG-3842/providers/Microsoft.DataFactory/factories/DataFactory-6410?api-version=2018-06-01",
      "RequestMethod": "PUT",
      "RequestHeaders": {
        "Accept": "application/json",
        "Authorization": "Sanitized",
        "Content-Length": "48",
        "Content-Type": "application/json",
        "traceparent": "00-24d0df4a393a651297f0c1ddea58d18f-fa1ea5ad66d8ec8b-00",
        "User-Agent": "azsdk-net-ResourceManager.DataFactory/1.0.0-alpha.20231116.1 (.NET 7.0.14; Microsoft Windows 10.0.22621)",
        "x-ms-client-request-id": "47d79e94d938b1aad5d866ff208a31e5",
        "x-ms-return-client-request-id": "true"
      },
      "RequestBody": {
        "tags": {},
        "location": "westus2",
        "properties": {}
      },
      "StatusCode": 200,
      "ResponseHeaders": {
        "Cache-Control": "no-cache",
        "Content-Length": "465",
        "Content-Type": "application/json; charset=utf-8",
        "Date": "Thu, 16 Nov 2023 09:05:35 GMT",
        "Expires": "-1",
        "Pragma": "no-cache",
        "Server": "Kestrel",
        "Strict-Transport-Security": "max-age=31536000; includeSubDomains",
        "X-Content-Type-Options": "nosniff",
        "x-ms-correlation-request-id": "ef14cdbb-243e-44ab-9091-9f3035db4652",
        "x-ms-ratelimit-remaining-subscription-writes": "1130",
        "x-ms-request-id": "ef14cdbb-243e-44ab-9091-9f3035db4652",
        "x-ms-routing-request-id": "SOUTHEASTASIA:20231116T090535Z:ef14cdbb-243e-44ab-9091-9f3035db4652"
      },
      "ResponseBody": {
        "name": "DataFactory-6410",
        "id": "/subscriptions/da1d7b9a-a759-41c8-bb73-093a1818e03a/resourceGroups/datafactory-rg-3842/providers/Microsoft.DataFactory/factories/datafactory-6410",
        "type": "Microsoft.DataFactory/factories",
        "properties": {
          "provisioningState": "Succeeded",
          "createTime": "2023-11-16T09:05:35.016717Z",
          "version": "2018-06-01"
        },
        "eTag": "\u00226603d417-0000-0800-0000-6555db5f0000\u0022",
        "location": "westus2",
        "tags": {}
      }
    },
    {
      "RequestUri": "https://management.azure.com/subscriptions/da1d7b9a-a759-41c8-bb73-093a1818e03a/resourceGroups/datafactory-rg-3842/providers/Microsoft.DataFactory/factories/datafactory-6410/linkedservices/linkedService_6280?api-version=2018-06-01",
      "RequestMethod": "PUT",
      "RequestHeaders": {
        "Accept": "application/json",
        "Authorization": "Sanitized",
        "Content-Length": "133",
        "Content-Type": "application/json",
        "traceparent": "00-0eb627fe1d00d947fcd7ad3634ca8e6a-91d81bfc1485eb41-00",
        "User-Agent": "azsdk-net-ResourceManager.DataFactory/1.0.0-alpha.20231116.1 (.NET 7.0.14; Microsoft Windows 10.0.22621)",
        "x-ms-client-request-id": "5f84c8f5f169672a9414ceee448f6f33",
        "x-ms-return-client-request-id": "true"
      },
      "RequestBody": {
        "properties": {
          "type": "AzureDataLakeStore",
          "typeProperties": {
            "dataLakeStoreUri": "https://test.azuredatalakestore.net/testindex/v1"
          }
        }
      },
      "StatusCode": 200,
      "ResponseHeaders": {
        "Cache-Control": "no-cache",
        "Content-Length": "499",
        "Content-Type": "application/json; charset=utf-8",
        "Date": "Thu, 16 Nov 2023 09:05:35 GMT",
        "Expires": "-1",
        "Pragma": "no-cache",
        "Server": "Kestrel",
        "Strict-Transport-Security": "max-age=31536000; includeSubDomains",
        "X-Content-Type-Options": "nosniff",
        "x-ms-correlation-request-id": "e82999a3-241c-4d21-aed6-756b6c347154",
        "x-ms-ratelimit-remaining-subscription-writes": "1129",
        "x-ms-request-id": "e82999a3-241c-4d21-aed6-756b6c347154",
        "x-ms-routing-request-id": "SOUTHEASTASIA:20231116T090535Z:e82999a3-241c-4d21-aed6-756b6c347154"
      },
      "ResponseBody": {
        "id": "/subscriptions/da1d7b9a-a759-41c8-bb73-093a1818e03a/resourceGroups/datafactory-rg-3842/providers/Microsoft.DataFactory/factories/datafactory-6410/linkedservices/linkedService_6280",
        "name": "linkedService_6280",
        "type": "Microsoft.DataFactory/factories/linkedservices",
        "properties": {
          "type": "AzureDataLakeStore",
          "typeProperties": {
            "dataLakeStoreUri": "https://test.azuredatalakestore.net/testindex/v1"
          }
        },
        "etag": "3500d0b6-0000-0800-0000-6555db5f0000"
      }
    },
    {
      "RequestUri": "https://management.azure.com/subscriptions/da1d7b9a-a759-41c8-bb73-093a1818e03a/resourceGroups/datafactory-rg-3842/providers/Microsoft.DataFactory/factories/datafactory-6410/datasets/dataset_5293?api-version=2018-06-01",
      "RequestMethod": "PUT",
      "RequestHeaders": {
        "Accept": "application/json",
        "Authorization": "Sanitized",
        "Content-Length": "159",
        "Content-Type": "application/json",
        "traceparent": "00-fb13439a57b31492204a6efc9071a444-ddb35e82b2f73f67-00",
        "User-Agent": "azsdk-net-ResourceManager.DataFactory/1.0.0-alpha.20231116.1 (.NET 7.0.14; Microsoft Windows 10.0.22621)",
        "x-ms-client-request-id": "770fb4a0dee6674810e0bae65a390f63",
        "x-ms-return-client-request-id": "true"
      },
      "RequestBody": {
        "properties": {
          "type": "AzureDataLakeStoreFile",
          "linkedServiceName": {
            "type": "LinkedServiceReference",
            "referenceName": "linkedService_6280"
          },
          "typeProperties": {}
        }
      },
      "StatusCode": 200,
      "ResponseHeaders": {
        "Cache-Control": "no-cache",
        "Content-Length": "515",
        "Content-Type": "application/json; charset=utf-8",
        "Date": "Thu, 16 Nov 2023 09:05:36 GMT",
        "Expires": "-1",
        "Pragma": "no-cache",
        "Server": "Kestrel",
        "Strict-Transport-Security": "max-age=31536000; includeSubDomains",
        "X-Content-Type-Options": "nosniff",
        "x-ms-correlation-request-id": "cc2311e7-0129-4cfd-a90c-eb93f0b9772a",
        "x-ms-ratelimit-remaining-subscription-writes": "1128",
        "x-ms-request-id": "cc2311e7-0129-4cfd-a90c-eb93f0b9772a",
        "x-ms-routing-request-id": "SOUTHEASTASIA:20231116T090536Z:cc2311e7-0129-4cfd-a90c-eb93f0b9772a"
      },
      "ResponseBody": {
        "id": "/subscriptions/da1d7b9a-a759-41c8-bb73-093a1818e03a/resourceGroups/datafactory-rg-3842/providers/Microsoft.DataFactory/factories/datafactory-6410/datasets/dataset_5293",
        "name": "dataset_5293",
        "type": "Microsoft.DataFactory/factories/datasets",
        "properties": {
          "type": "AzureDataLakeStoreFile",
          "linkedServiceName": {
            "type": "LinkedServiceReference",
            "referenceName": "linkedService_6280"
          },
          "typeProperties": {}
        },
        "etag": "3500d3b6-0000-0800-0000-6555db600000"
      }
    },
    {
      "RequestUri": "https://management.azure.com/subscriptions/da1d7b9a-a759-41c8-bb73-093a1818e03a/resourceGroups/datafactory-rg-3842/providers/Microsoft.DataFactory/factories/datafactory-6410/linkedservices/linkedService_4527?api-version=2018-06-01",
      "RequestMethod": "PUT",
      "RequestHeaders": {
        "Accept": "application/json",
        "Authorization": "Sanitized",
        "Content-Length": "133",
        "Content-Type": "application/json",
        "traceparent": "00-f30c33abd2dcd484fcdc99298457d130-d9e264e18cece275-00",
        "User-Agent": "azsdk-net-ResourceManager.DataFactory/1.0.0-alpha.20231116.1 (.NET 7.0.14; Microsoft Windows 10.0.22621)",
        "x-ms-client-request-id": "0fa811acd9c3b970876e4452313145a1",
        "x-ms-return-client-request-id": "true"
      },
      "RequestBody": {
        "properties": {
          "type": "AzureDataLakeStore",
          "typeProperties": {
            "dataLakeStoreUri": "https://test.azuredatalakestore.net/testindex/v1"
          }
        }
      },
      "StatusCode": 200,
      "ResponseHeaders": {
        "Cache-Control": "no-cache",
        "Content-Length": "499",
        "Content-Type": "application/json; charset=utf-8",
        "Date": "Thu, 16 Nov 2023 09:05:36 GMT",
        "Expires": "-1",
        "Pragma": "no-cache",
        "Server": "Kestrel",
        "Strict-Transport-Security": "max-age=31536000; includeSubDomains",
        "X-Content-Type-Options": "nosniff",
        "x-ms-correlation-request-id": "9fcb2911-b5e0-4806-89c9-6b5fd8c0da24",
        "x-ms-ratelimit-remaining-subscription-writes": "1127",
        "x-ms-request-id": "9fcb2911-b5e0-4806-89c9-6b5fd8c0da24",
        "x-ms-routing-request-id": "SOUTHEASTASIA:20231116T090537Z:9fcb2911-b5e0-4806-89c9-6b5fd8c0da24"
      },
      "ResponseBody": {
        "id": "/subscriptions/da1d7b9a-a759-41c8-bb73-093a1818e03a/resourceGroups/datafactory-rg-3842/providers/Microsoft.DataFactory/factories/datafactory-6410/linkedservices/linkedService_4527",
        "name": "linkedService_4527",
        "type": "Microsoft.DataFactory/factories/linkedservices",
        "properties": {
          "type": "AzureDataLakeStore",
          "typeProperties": {
            "dataLakeStoreUri": "https://test.azuredatalakestore.net/testindex/v1"
          }
        },
        "etag": "3500d5b6-0000-0800-0000-6555db600000"
      }
    },
    {
      "RequestUri": "https://management.azure.com/subscriptions/da1d7b9a-a759-41c8-bb73-093a1818e03a/resourceGroups/datafactory-rg-3842/providers/Microsoft.DataFactory/factories/datafactory-6410/datasets/dataset_5201?api-version=2018-06-01",
      "RequestMethod": "PUT",
      "RequestHeaders": {
        "Accept": "application/json",
        "Authorization": "Sanitized",
        "Content-Length": "159",
        "Content-Type": "application/json",
        "traceparent": "00-d2d2cc90670662ca07bbcfb72e5b9e4b-e79f6bbc34c1dd92-00",
        "User-Agent": "azsdk-net-ResourceManager.DataFactory/1.0.0-alpha.20231116.1 (.NET 7.0.14; Microsoft Windows 10.0.22621)",
        "x-ms-client-request-id": "4cce6375d122179d7f1d4e8837440c5b",
        "x-ms-return-client-request-id": "true"
      },
      "RequestBody": {
        "properties": {
          "type": "AzureDataLakeStoreFile",
          "linkedServiceName": {
            "type": "LinkedServiceReference",
            "referenceName": "linkedService_4527"
          },
          "typeProperties": {}
        }
      },
      "StatusCode": 200,
      "ResponseHeaders": {
        "Cache-Control": "no-cache",
        "Content-Length": "515",
        "Content-Type": "application/json; charset=utf-8",
        "Date": "Thu, 16 Nov 2023 09:05:37 GMT",
        "Expires": "-1",
        "Pragma": "no-cache",
        "Server": "Kestrel",
        "Strict-Transport-Security": "max-age=31536000; includeSubDomains",
        "X-Content-Type-Options": "nosniff",
        "x-ms-correlation-request-id": "7e2c78b8-dfc8-4386-9aa8-d802757a93e5",
        "x-ms-ratelimit-remaining-subscription-writes": "1126",
        "x-ms-request-id": "7e2c78b8-dfc8-4386-9aa8-d802757a93e5",
        "x-ms-routing-request-id": "SOUTHEASTASIA:20231116T090537Z:7e2c78b8-dfc8-4386-9aa8-d802757a93e5"
      },
      "ResponseBody": {
        "id": "/subscriptions/da1d7b9a-a759-41c8-bb73-093a1818e03a/resourceGroups/datafactory-rg-3842/providers/Microsoft.DataFactory/factories/datafactory-6410/datasets/dataset_5201",
        "name": "dataset_5201",
        "type": "Microsoft.DataFactory/factories/datasets",
        "properties": {
          "type": "AzureDataLakeStoreFile",
          "linkedServiceName": {
            "type": "LinkedServiceReference",
            "referenceName": "linkedService_4527"
          },
          "typeProperties": {}
        },
        "etag": "3500ddb6-0000-0800-0000-6555db610000"
      }
    },
    {
      "RequestUri": "https://management.azure.com/subscriptions/da1d7b9a-a759-41c8-bb73-093a1818e03a/resourceGroups/datafactory-rg-3842/providers/Microsoft.DataFactory/factories/datafactory-6410/pipelines/pipeline-7615?api-version=2018-06-01",
      "RequestMethod": "PUT",
      "RequestHeaders": {
        "Accept": "application/json",
        "Authorization": "Sanitized",
        "Content-Length": "445",
        "Content-Type": "application/json",
        "traceparent": "00-46726cb16991b8adf7f4ac6276254c6e-39a36383388baced-00",
        "User-Agent": "azsdk-net-ResourceManager.DataFactory/1.0.0-alpha.20231116.1 (.NET 7.0.14; Microsoft Windows 10.0.22621)",
        "x-ms-client-request-id": "33426a0460e6c7704456f0779af535df",
        "x-ms-return-client-request-id": "true"
      },
      "RequestBody": {
        "properties": {
          "activities": [
            {
              "inputs": [
                {
                  "type": "DatasetReference",
                  "referenceName": "dataset_5293"
                }
              ],
              "outputs": [
                {
                  "type": "DatasetReference",
                  "referenceName": "dataset_5201"
                }
              ],
              "linkedServiceName": {
                "type": "LinkedServiceReference",
                "referenceName": "linkedService_6280"
              },
              "policy": {
                "timeout": "00:00:05",
                "retry": 3
              },
              "name": "task-3031",
              "type": "Copy",
              "typeProperties": {
                "source": {
                  "type": "AzureDataLakeStoreSource"
                },
                "sink": {
                  "type": "AzureDataLakeStoreSink"
                }
              }
            }
          ]
        }
      },
      "StatusCode": 200,
      "ResponseHeaders": {
        "Cache-Control": "no-cache",
        "Content-Length": "1128",
        "Content-Type": "application/json; charset=utf-8",
        "Date": "Thu, 16 Nov 2023 09:05:37 GMT",
        "Expires": "-1",
        "Pragma": "no-cache",
        "Server": "Kestrel",
        "Strict-Transport-Security": "max-age=31536000; includeSubDomains",
        "X-Content-Type-Options": "nosniff",
        "x-ms-correlation-request-id": "1bd87653-7212-4555-b5ff-59ef323f196b",
        "x-ms-ratelimit-remaining-subscription-writes": "1125",
        "x-ms-request-id": "1bd87653-7212-4555-b5ff-59ef323f196b",
        "x-ms-routing-request-id": "SOUTHEASTASIA:20231116T090538Z:1bd87653-7212-4555-b5ff-59ef323f196b"
      },
      "ResponseBody": {
        "id": "/subscriptions/da1d7b9a-a759-41c8-bb73-093a1818e03a/resourceGroups/datafactory-rg-3842/providers/Microsoft.DataFactory/factories/datafactory-6410/pipelines/pipeline-7615",
        "name": "pipeline-7615",
        "type": "Microsoft.DataFactory/factories/pipelines",
        "properties": {
          "activities": [
            {
              "inputs": [
                {
                  "type": "DatasetReference",
                  "referenceName": "dataset_5293"
                }
              ],
              "outputs": [
                {
                  "type": "DatasetReference",
                  "referenceName": "dataset_5201"
                }
              ],
              "linkedServiceName": {
                "type": "LinkedServiceReference",
                "referenceName": "linkedService_6280"
              },
              "policy": {
                "timeout": "00:00:05",
                "retry": 3
              },
              "name": "task-3031",
              "type": "Copy",
              "typeProperties": {
                "source": {
                  "type": "AzureDataLakeStoreSource"
                },
                "sink": {
                  "type": "AzureDataLakeStoreSink"
                }
              }
            }
          ]
        },
        "etag": "3500e1b6-0000-0800-0000-6555db620000"
      }
    }
  ],
  "Variables": {
    "AZURE_AUTHORITY_HOST": null,
    "RandomSeed": "1792739282",
    "RESOURCE_MANAGER_URL": null,
    "SUBSCRIPTION_ID": "da1d7b9a-a759-41c8-bb73-093a1818e03a"
  }
}
