{
  "Entries": [
    {
      "RequestUri": "https://management.azure.com/subscriptions/da1d7b9a-a759-41c8-bb73-093a1818e03a?api-version=2022-12-01",
      "RequestMethod": "GET",
      "RequestHeaders": {
        "Accept": "application/json",
        "Authorization": "Sanitized",
        "traceparent": "00-94eaaec48d3b0bd6a319f491e0369ff1-e076a983094df36c-00",
        "User-Agent": "azsdk-net-ResourceManager/1.9.0 (.NET 7.0.14; Microsoft Windows 10.0.22621)",
        "x-ms-client-request-id": "0a3869a795bca75a85ca6c2f3d6f5fe5",
        "x-ms-return-client-request-id": "true"
      },
      "RequestBody": null,
      "StatusCode": 200,
      "ResponseHeaders": {
        "Cache-Control": "no-cache",
        "Content-Length": "501",
        "Content-Type": "application/json; charset=utf-8",
        "Date": "Thu, 23 Nov 2023 10:13:10 GMT",
        "Expires": "-1",
        "Pragma": "no-cache",
        "Strict-Transport-Security": "max-age=31536000; includeSubDomains",
        "X-Content-Type-Options": "nosniff",
        "x-ms-correlation-request-id": "0c4f6dfd-6122-4e23-882f-af659ac5aafe",
        "x-ms-ratelimit-remaining-subscription-reads": "11701",
        "x-ms-request-id": "0c4f6dfd-6122-4e23-882f-af659ac5aafe",
        "x-ms-routing-request-id": "EASTUS:20231123T101310Z:0c4f6dfd-6122-4e23-882f-af659ac5aafe"
      },
      "ResponseBody": {
        "id": "/subscriptions/da1d7b9a-a759-41c8-bb73-093a1818e03a",
        "authorizationSource": "RoleBased",
        "managedByTenants": [
          {
            "tenantId": "2f4a9838-26b7-47ee-be60-ccc1fdec5953"
          }
        ],
        "tags": {
          "NRMS10318670": "20220720"
        },
        "subscriptionId": "da1d7b9a-a759-41c8-bb73-093a1818e03a",
        "tenantId": "72f988bf-86f1-41af-91ab-2d7cd011db47",
        "displayName": "ADMS_Test_Engineering_RichTransform",
        "state": "Enabled",
        "subscriptionPolicies": {
          "locationPlacementId": "Internal_2014-09-01",
          "quotaId": "Internal_2014-09-01",
          "spendingLimit": "Off"
        }
      }
    },
    {
      "RequestUri": "https://management.azure.com/subscriptions/da1d7b9a-a759-41c8-bb73-093a1818e03a/resourcegroups/adf-rg-sqlmi-5264?api-version=2022-09-01",
      "RequestMethod": "PUT",
      "RequestHeaders": {
        "Accept": "application/json",
        "Authorization": "Sanitized",
        "Content-Length": "22",
        "Content-Type": "application/json",
        "traceparent": "00-cf5b154cfa240968dabf2224afdd973b-2a502c5db392a8d1-00",
        "User-Agent": "azsdk-net-ResourceManager/1.9.0 (.NET 7.0.14; Microsoft Windows 10.0.22621)",
        "x-ms-client-request-id": "43256884cf37582cc9944fec1e1be105",
        "x-ms-return-client-request-id": "true"
      },
      "RequestBody": {
        "location": "westus2"
      },
      "StatusCode": 201,
      "ResponseHeaders": {
        "Cache-Control": "no-cache",
        "Content-Length": "232",
        "Content-Type": "application/json; charset=utf-8",
        "Date": "Thu, 23 Nov 2023 10:13:11 GMT",
        "Expires": "-1",
        "Pragma": "no-cache",
        "Strict-Transport-Security": "max-age=31536000; includeSubDomains",
        "X-Content-Type-Options": "nosniff",
        "x-ms-correlation-request-id": "f6c867b5-f194-4f0c-9446-cd4fd0133548",
        "x-ms-ratelimit-remaining-subscription-writes": "320",
        "x-ms-request-id": "f6c867b5-f194-4f0c-9446-cd4fd0133548",
        "x-ms-routing-request-id": "EASTUS:20231123T101311Z:f6c867b5-f194-4f0c-9446-cd4fd0133548"
      },
      "ResponseBody": {
        "id": "/subscriptions/da1d7b9a-a759-41c8-bb73-093a1818e03a/resourceGroups/adf-rg-sqlmi-5264",
        "name": "adf-rg-sqlmi-5264",
        "type": "Microsoft.Resources/resourceGroups",
        "location": "westus2",
        "properties": {
          "provisioningState": "Succeeded"
        }
      }
    },
    {
      "RequestUri": "https://management.azure.com/subscriptions/da1d7b9a-a759-41c8-bb73-093a1818e03a/resourceGroups/adf-rg-sqlmi-5264/providers/Microsoft.DataFactory/factories/adf-sqlmi-3665?api-version=2018-06-01",
      "RequestMethod": "PUT",
      "RequestHeaders": {
        "Accept": "application/json",
        "Authorization": "Sanitized",
        "Content-Length": "48",
        "Content-Type": "application/json",
        "traceparent": "00-ff6871431dba92f44c6e5f7f4d5d0c24-a0c3d79edb649125-00",
        "User-Agent": "azsdk-net-ResourceManager.DataFactory/1.0.0-alpha.20231123.1 (.NET 7.0.14; Microsoft Windows 10.0.22621)",
        "x-ms-client-request-id": "235769ea637fad3d63281e6b33809f1e",
        "x-ms-return-client-request-id": "true"
      },
      "RequestBody": {
        "location": "westus2",
        "properties": {}
      },
      "StatusCode": 200,
      "ResponseHeaders": {
        "Cache-Control": "no-cache",
        "Content-Length": "460",
        "Content-Type": "application/json; charset=utf-8",
        "Date": "Thu, 23 Nov 2023 10:13:12 GMT",
        "Expires": "-1",
        "Pragma": "no-cache",
        "Server": "Kestrel",
        "Strict-Transport-Security": "max-age=31536000; includeSubDomains",
        "X-Content-Type-Options": "nosniff",
        "x-ms-correlation-request-id": "c44f7390-f5f9-4a76-b555-b51abb73b05d",
        "x-ms-ratelimit-remaining-subscription-writes": "319",
        "x-ms-request-id": "c44f7390-f5f9-4a76-b555-b51abb73b05d",
        "x-ms-routing-request-id": "EASTUS:20231123T101313Z:c44f7390-f5f9-4a76-b555-b51abb73b05d"
      },
      "ResponseBody": {
        "name": "adf-sqlmi-3665",
        "id": "/subscriptions/da1d7b9a-a759-41c8-bb73-093a1818e03a/resourceGroups/adf-rg-sqlmi-5264/providers/Microsoft.DataFactory/factories/adf-sqlmi-3665",
        "type": "Microsoft.DataFactory/factories",
        "properties": {
          "provisioningState": "Succeeded",
          "createTime": "2023-11-23T10:13:12.8413718Z",
          "version": "2018-06-01"
        },
        "eTag": "\u00229e04e7c4-0000-0800-0000-655f25b80000\u0022",
        "location": "westus2",
        "tags": {}
      }
    },
    {
      "RequestUri": "https://management.azure.com/subscriptions/da1d7b9a-a759-41c8-bb73-093a1818e03a/resourceGroups/adf-rg-sqlmi-5264/providers/Microsoft.DataFactory/factories/adf-sqlmi-3665/linkedservices/adf_linkedservice_sqlmi_2041?api-version=2018-06-01",
      "RequestMethod": "PUT",
      "RequestHeaders": {
        "Accept": "application/json",
        "Authorization": "Sanitized",
        "Content-Length": "86",
        "Content-Type": "application/json",
        "traceparent": "00-501d468cdcba9ce2a1c297e741dba883-e7d53168f0d841ee-00",
        "User-Agent": "azsdk-net-ResourceManager.DataFactory/1.0.0-alpha.20231123.1 (.NET 7.0.14; Microsoft Windows 10.0.22621)",
        "x-ms-client-request-id": "fb1ff7b53dd841df28466e8969e966bb",
        "x-ms-return-client-request-id": "true"
      },
      "RequestBody": {
        "properties": {
          "type": "AzureSqlMI",
          "typeProperties": {
            "connectionString": "Sanitized"
          }
        }
      },
      "StatusCode": 200,
      "ResponseHeaders": {
        "Cache-Control": "no-cache",
        "Content-Length": "419",
        "Content-Type": "application/json; charset=utf-8",
        "Date": "Thu, 23 Nov 2023 10:13:13 GMT",
        "Expires": "-1",
        "Pragma": "no-cache",
        "Server": "Kestrel",
        "Strict-Transport-Security": "max-age=31536000; includeSubDomains",
        "X-Content-Type-Options": "nosniff",
        "x-ms-correlation-request-id": "49bbaecc-3acf-42c6-aabf-fd823b889424",
        "x-ms-ratelimit-remaining-subscription-writes": "318",
        "x-ms-request-id": "49bbaecc-3acf-42c6-aabf-fd823b889424",
        "x-ms-routing-request-id": "EASTUS:20231123T101313Z:49bbaecc-3acf-42c6-aabf-fd823b889424"
      },
      "ResponseBody": {
        "id": "/subscriptions/da1d7b9a-a759-41c8-bb73-093a1818e03a/resourceGroups/adf-rg-sqlmi-5264/providers/Microsoft.DataFactory/factories/adf-sqlmi-3665/linkedservices/adf_linkedservice_sqlmi_2041",
        "name": "adf_linkedservice_sqlmi_2041",
        "type": "Microsoft.DataFactory/factories/linkedservices",
        "properties": {
          "type": "AzureSqlMI",
          "typeProperties": {
            "connectionString": "Sanitized"
          }
        },
        "etag": "5c00cde7-0000-0800-0000-655f25b90000"
      }
    },
    {
      "RequestUri": "https://management.azure.com/subscriptions/da1d7b9a-a759-41c8-bb73-093a1818e03a/resourceGroups/adf-rg-sqlmi-5264/providers/Microsoft.DataFactory/factories/adf-sqlmi-3665/datasets/adf-dataset-sqlmi-3811?api-version=2018-06-01",
      "RequestMethod": "PUT",
      "RequestHeaders": {
        "Accept": "application/json",
        "Authorization": "Sanitized",
        "Content-Length": "162",
        "Content-Type": "application/json",
        "traceparent": "00-a4b6f036e60e64b70e21282146a67e9a-37917f4f6301ea93-00",
        "User-Agent": "azsdk-net-ResourceManager.DataFactory/1.0.0-alpha.20231123.1 (.NET 7.0.14; Microsoft Windows 10.0.22621)",
        "x-ms-client-request-id": "c2070553040496e7d4a60eed9513afcd",
        "x-ms-return-client-request-id": "true"
      },
      "RequestBody": {
        "properties": {
          "type": "AzureSqlMITable",
          "linkedServiceName": {
            "type": "LinkedServiceReference",
            "referenceName": "adf_linkedservice_sqlmi_2041"
          },
          "typeProperties": {}
        }
      },
      "StatusCode": 200,
      "ResponseHeaders": {
        "Cache-Control": "no-cache",
        "Content-Length": "534",
        "Content-Type": "application/json; charset=utf-8",
        "Date": "Thu, 23 Nov 2023 10:13:13 GMT",
        "Expires": "-1",
        "Pragma": "no-cache",
        "Server": "Kestrel",
        "Strict-Transport-Security": "max-age=31536000; includeSubDomains",
        "X-Content-Type-Options": "nosniff",
        "x-ms-correlation-request-id": "8a51445c-cfcd-4dc1-8b48-fefada1b5d5d",
        "x-ms-ratelimit-remaining-subscription-writes": "317",
        "x-ms-request-id": "8a51445c-cfcd-4dc1-8b48-fefada1b5d5d",
        "x-ms-routing-request-id": "EASTUS:20231123T101313Z:8a51445c-cfcd-4dc1-8b48-fefada1b5d5d"
      },
      "ResponseBody": {
        "id": "/subscriptions/da1d7b9a-a759-41c8-bb73-093a1818e03a/resourceGroups/adf-rg-sqlmi-5264/providers/Microsoft.DataFactory/factories/adf-sqlmi-3665/datasets/adf-dataset-sqlmi-3811",
        "name": "adf-dataset-sqlmi-3811",
        "type": "Microsoft.DataFactory/factories/datasets",
        "properties": {
          "type": "AzureSqlMITable",
          "linkedServiceName": {
            "type": "LinkedServiceReference",
            "referenceName": "adf_linkedservice_sqlmi_2041"
          },
          "typeProperties": {}
        },
        "etag": "5c00cfe7-0000-0800-0000-655f25b90000"
      }
    },
    {
      "RequestUri": "https://management.azure.com/subscriptions/da1d7b9a-a759-41c8-bb73-093a1818e03a/resourceGroups/adf-rg-sqlmi-5264/providers/Microsoft.DataFactory/factories/adf-sqlmi-3665/linkedservices/adf_linkedservice_sqlmi_4413?api-version=2018-06-01",
      "RequestMethod": "PUT",
      "RequestHeaders": {
        "Accept": "application/json",
        "Authorization": "Sanitized",
        "Content-Length": "86",
        "Content-Type": "application/json",
        "traceparent": "00-fef78f700fc95873b78f7f4ee6aefa83-9cad7ea8f01dbb89-00",
        "User-Agent": "azsdk-net-ResourceManager.DataFactory/1.0.0-alpha.20231123.1 (.NET 7.0.14; Microsoft Windows 10.0.22621)",
        "x-ms-client-request-id": "ee540d2b1a913e433bf73edabf340478",
        "x-ms-return-client-request-id": "true"
      },
      "RequestBody": {
        "properties": {
          "type": "AzureSqlMI",
          "typeProperties": {
            "connectionString": "Sanitized"
          }
        }
      },
      "StatusCode": 200,
      "ResponseHeaders": {
        "Cache-Control": "no-cache",
        "Content-Length": "419",
        "Content-Type": "application/json; charset=utf-8",
        "Date": "Thu, 23 Nov 2023 10:13:13 GMT",
        "Expires": "-1",
        "Pragma": "no-cache",
        "Server": "Kestrel",
        "Strict-Transport-Security": "max-age=31536000; includeSubDomains",
        "X-Content-Type-Options": "nosniff",
        "x-ms-correlation-request-id": "b259bb74-4e27-44d3-90be-90961193af56",
        "x-ms-ratelimit-remaining-subscription-writes": "316",
        "x-ms-request-id": "b259bb74-4e27-44d3-90be-90961193af56",
        "x-ms-routing-request-id": "EASTUS:20231123T101313Z:b259bb74-4e27-44d3-90be-90961193af56"
      },
      "ResponseBody": {
        "id": "/subscriptions/da1d7b9a-a759-41c8-bb73-093a1818e03a/resourceGroups/adf-rg-sqlmi-5264/providers/Microsoft.DataFactory/factories/adf-sqlmi-3665/linkedservices/adf_linkedservice_sqlmi_4413",
        "name": "adf_linkedservice_sqlmi_4413",
        "type": "Microsoft.DataFactory/factories/linkedservices",
        "properties": {
          "type": "AzureSqlMI",
          "typeProperties": {
            "connectionString": "Sanitized"
          }
        },
        "etag": "5c00d1e7-0000-0800-0000-655f25b90000"
      }
    },
    {
      "RequestUri": "https://management.azure.com/subscriptions/da1d7b9a-a759-41c8-bb73-093a1818e03a/resourceGroups/adf-rg-sqlmi-5264/providers/Microsoft.DataFactory/factories/adf-sqlmi-3665/datasets/adf-dataset-sqlmi-4684?api-version=2018-06-01",
      "RequestMethod": "PUT",
      "RequestHeaders": {
        "Accept": "application/json",
        "Authorization": "Sanitized",
        "Content-Length": "162",
        "Content-Type": "application/json",
        "traceparent": "00-9d61b7ef95db277aa61eacd21b64f6a6-dc450cb6e1b10d5b-00",
        "User-Agent": "azsdk-net-ResourceManager.DataFactory/1.0.0-alpha.20231123.1 (.NET 7.0.14; Microsoft Windows 10.0.22621)",
        "x-ms-client-request-id": "f0179a2db006881027312ff2ab1496a0",
        "x-ms-return-client-request-id": "true"
      },
      "RequestBody": {
        "properties": {
          "type": "AzureSqlMITable",
          "linkedServiceName": {
            "type": "LinkedServiceReference",
            "referenceName": "adf_linkedservice_sqlmi_4413"
          },
          "typeProperties": {}
        }
      },
      "StatusCode": 200,
      "ResponseHeaders": {
        "Cache-Control": "no-cache",
        "Content-Length": "534",
        "Content-Type": "application/json; charset=utf-8",
        "Date": "Thu, 23 Nov 2023 10:13:14 GMT",
        "Expires": "-1",
        "Pragma": "no-cache",
        "Server": "Kestrel",
        "Strict-Transport-Security": "max-age=31536000; includeSubDomains",
        "X-Content-Type-Options": "nosniff",
        "x-ms-correlation-request-id": "1bc77a31-7fb0-4a71-a5c3-a7eb15281100",
        "x-ms-ratelimit-remaining-subscription-writes": "315",
        "x-ms-request-id": "1bc77a31-7fb0-4a71-a5c3-a7eb15281100",
        "x-ms-routing-request-id": "EASTUS:20231123T101314Z:1bc77a31-7fb0-4a71-a5c3-a7eb15281100"
      },
      "ResponseBody": {
        "id": "/subscriptions/da1d7b9a-a759-41c8-bb73-093a1818e03a/resourceGroups/adf-rg-sqlmi-5264/providers/Microsoft.DataFactory/factories/adf-sqlmi-3665/datasets/adf-dataset-sqlmi-4684",
        "name": "adf-dataset-sqlmi-4684",
        "type": "Microsoft.DataFactory/factories/datasets",
        "properties": {
          "type": "AzureSqlMITable",
          "linkedServiceName": {
            "type": "LinkedServiceReference",
            "referenceName": "adf_linkedservice_sqlmi_4413"
          },
          "typeProperties": {}
        },
        "etag": "5c00d3e7-0000-0800-0000-655f25ba0000"
      }
    },
    {
      "RequestUri": "https://management.azure.com/subscriptions/da1d7b9a-a759-41c8-bb73-093a1818e03a/resourceGroups/adf-rg-sqlmi-5264/providers/Microsoft.DataFactory/factories/adf-sqlmi-3665/pipelines/adf-pipeline-sqlmi-6766?api-version=2018-06-01",
      "RequestMethod": "PUT",
      "RequestHeaders": {
        "Accept": "application/json",
        "Authorization": "Sanitized",
        "Content-Length": "795",
        "Content-Type": "application/json",
        "traceparent": "00-ec8c63864691681574637928462e4ac2-57cadff172e89dfa-00",
        "User-Agent": "azsdk-net-ResourceManager.DataFactory/1.0.0-alpha.20231123.1 (.NET 7.0.14; Microsoft Windows 10.0.22621)",
        "x-ms-client-request-id": "6658bd5873647fecc6c9f057f9e7d9e8",
        "x-ms-return-client-request-id": "true"
      },
      "RequestBody": {
        "properties": {
          "activities": [
            {
              "inputs": [
                {
                  "type": "DatasetReference",
                  "referenceName": "adf-dataset-sqlmi-3811"
                }
              ],
              "outputs": [
                {
                  "type": "DatasetReference",
                  "referenceName": "adf-dataset-sqlmi-4684"
                }
              ],
              "policy": {
                "timeout": "00:00:05",
                "retry": 2
              },
              "name": "adf-pipeline-task-3437",
              "type": "Copy",
              "typeProperties": {
                "source": {
                  "sqlReaderQuery": "select * from my_table",
                  "partitionOption": "DynamicRange",
                  "partitionSettings": {
                    "partitionColumnName": "column",
                    "partitionUpperBound": "1",
                    "partitionLowerBound": "100"
                  },
                  "type": "SqlMISource"
                },
                "sink": {
                  "sqlWriterTableType": "MarketingType",
                  "sqlWriterUseTableLock": true,
                  "writeBehavior": "Upsert",
                  "upsertSettings": {
                    "useTempDB": true,
                    "keys": [
                      "Key1",
                      "Key2"
                    ]
                  },
                  "type": "SqlMISink"
                },
                "translator": {
                  "translator": {
                    "type": "TabularTranslator",
                    "columnMappings": "PartitionKey:PartitionKey"
                  }
                }
              }
            }
          ]
        }
      },
      "StatusCode": 200,
      "ResponseHeaders": {
        "Cache-Control": "no-cache",
        "Content-Length": "1786",
        "Content-Type": "application/json; charset=utf-8",
        "Date": "Thu, 23 Nov 2023 10:13:14 GMT",
        "Expires": "-1",
        "Pragma": "no-cache",
        "Server": "Kestrel",
        "Strict-Transport-Security": "max-age=31536000; includeSubDomains",
        "X-Content-Type-Options": "nosniff",
        "x-ms-correlation-request-id": "0fc50a1d-71a9-447b-bb81-a62c1259e92a",
        "x-ms-ratelimit-remaining-subscription-writes": "314",
        "x-ms-request-id": "0fc50a1d-71a9-447b-bb81-a62c1259e92a",
        "x-ms-routing-request-id": "EASTUS:20231123T101314Z:0fc50a1d-71a9-447b-bb81-a62c1259e92a"
      },
      "ResponseBody": {
        "id": "/subscriptions/da1d7b9a-a759-41c8-bb73-093a1818e03a/resourceGroups/adf-rg-sqlmi-5264/providers/Microsoft.DataFactory/factories/adf-sqlmi-3665/pipelines/adf-pipeline-sqlmi-6766",
        "name": "adf-pipeline-sqlmi-6766",
        "type": "Microsoft.DataFactory/factories/pipelines",
        "properties": {
          "activities": [
            {
              "inputs": [
                {
                  "type": "DatasetReference",
                  "referenceName": "adf-dataset-sqlmi-3811"
                }
              ],
              "outputs": [
                {
                  "type": "DatasetReference",
                  "referenceName": "adf-dataset-sqlmi-4684"
                }
              ],
              "policy": {
                "timeout": "00:00:05",
                "retry": 2
              },
              "name": "adf-pipeline-task-3437",
              "type": "Copy",
              "typeProperties": {
                "source": {
                  "sqlReaderQuery": "select * from my_table",
                  "partitionOption": "DynamicRange",
                  "partitionSettings": {
                    "partitionColumnName": "column",
                    "partitionUpperBound": "1",
                    "partitionLowerBound": "100"
                  },
                  "type": "SqlMISource"
                },
                "sink": {
                  "sqlWriterTableType": "MarketingType",
                  "sqlWriterUseTableLock": true,
                  "writeBehavior": "Upsert",
                  "upsertSettings": {
                    "useTempDB": true,
                    "keys": [
                      "Key1",
                      "Key2"
                    ]
                  },
                  "type": "SqlMISink"
                },
                "translator": {
                  "translator": {
                    "type": "TabularTranslator",
                    "columnMappings": "PartitionKey:PartitionKey"
                  }
                }
              }
            }
          ]
        },
        "etag": "5c00d6e7-0000-0800-0000-655f25ba0000"
      }
    }
  ],
  "Variables": {
    "AZURE_AUTHORITY_HOST": null,
    "RandomSeed": "8782424",
    "RESOURCE_MANAGER_URL": null,
    "SUBSCRIPTION_ID": "da1d7b9a-a759-41c8-bb73-093a1818e03a"
  }
}
