{
  "Entries": [
    {
      "RequestUri": "https://management.azure.com/subscriptions/da1d7b9a-a759-41c8-bb73-093a1818e03a?api-version=2022-12-01",
      "RequestMethod": "GET",
      "RequestHeaders": {
        "Accept": "application/json",
        "Authorization": "Sanitized",
        "traceparent": "00-0b0e11cfb39880ed57de89d403635d9c-21d33a71db3a2354-00",
        "User-Agent": "azsdk-net-ResourceManager/1.9.0 (.NET 7.0.14; Microsoft Windows 10.0.22621)",
        "x-ms-client-request-id": "122e4e57baefcf31a59b43aef421fdf3",
        "x-ms-return-client-request-id": "true"
      },
      "RequestBody": null,
      "StatusCode": 200,
      "ResponseHeaders": {
        "Cache-Control": "no-cache",
        "Content-Length": "501",
        "Content-Type": "application/json; charset=utf-8",
        "Date": "Thu, 23 Nov 2023 10:00:09 GMT",
        "Expires": "-1",
        "Pragma": "no-cache",
        "Strict-Transport-Security": "max-age=31536000; includeSubDomains",
        "X-Content-Type-Options": "nosniff",
        "x-ms-correlation-request-id": "59d541ca-2b39-4b97-a02c-cc72c6051916",
        "x-ms-ratelimit-remaining-subscription-reads": "11900",
        "x-ms-request-id": "59d541ca-2b39-4b97-a02c-cc72c6051916",
        "x-ms-routing-request-id": "EASTUS:20231123T100010Z:59d541ca-2b39-4b97-a02c-cc72c6051916"
      },
      "ResponseBody": {
        "id": "/subscriptions/da1d7b9a-a759-41c8-bb73-093a1818e03a",
        "authorizationSource": "RoleBased",
        "managedByTenants": [
          {
            "tenantId": "2f4a9838-26b7-47ee-be60-ccc1fdec5953"
          }
        ],
        "tags": {
          "NRMS10318670": "20220720"
        },
        "subscriptionId": "da1d7b9a-a759-41c8-bb73-093a1818e03a",
        "tenantId": "72f988bf-86f1-41af-91ab-2d7cd011db47",
        "displayName": "ADMS_Test_Engineering_RichTransform",
        "state": "Enabled",
        "subscriptionPolicies": {
          "locationPlacementId": "Internal_2014-09-01",
          "quotaId": "Internal_2014-09-01",
          "spendingLimit": "Off"
        }
      }
    },
    {
      "RequestUri": "https://management.azure.com/subscriptions/da1d7b9a-a759-41c8-bb73-093a1818e03a/resourcegroups/adf-rg-web-4655?api-version=2022-09-01",
      "RequestMethod": "PUT",
      "RequestHeaders": {
        "Accept": "application/json",
        "Authorization": "Sanitized",
        "Content-Length": "22",
        "Content-Type": "application/json",
        "traceparent": "00-8c09babf1d5dd46e3b9372277ee1f8fb-f49996a8238469fb-00",
        "User-Agent": "azsdk-net-ResourceManager/1.9.0 (.NET 7.0.14; Microsoft Windows 10.0.22621)",
        "x-ms-client-request-id": "a0007e03aeaa146cfba7ff768d2a56c8",
        "x-ms-return-client-request-id": "true"
      },
      "RequestBody": {
        "location": "westus2"
      },
      "StatusCode": 201,
      "ResponseHeaders": {
        "Cache-Control": "no-cache",
        "Content-Length": "228",
        "Content-Type": "application/json; charset=utf-8",
        "Date": "Thu, 23 Nov 2023 10:00:10 GMT",
        "Expires": "-1",
        "Pragma": "no-cache",
        "Strict-Transport-Security": "max-age=31536000; includeSubDomains",
        "X-Content-Type-Options": "nosniff",
        "x-ms-correlation-request-id": "63a32cba-35ea-4672-a7ff-12f20e83a801",
        "x-ms-ratelimit-remaining-subscription-writes": "979",
        "x-ms-request-id": "63a32cba-35ea-4672-a7ff-12f20e83a801",
        "x-ms-routing-request-id": "EASTUS:20231123T100010Z:63a32cba-35ea-4672-a7ff-12f20e83a801"
      },
      "ResponseBody": {
        "id": "/subscriptions/da1d7b9a-a759-41c8-bb73-093a1818e03a/resourceGroups/adf-rg-web-4655",
        "name": "adf-rg-web-4655",
        "type": "Microsoft.Resources/resourceGroups",
        "location": "westus2",
        "properties": {
          "provisioningState": "Succeeded"
        }
      }
    },
    {
      "RequestUri": "https://management.azure.com/subscriptions/da1d7b9a-a759-41c8-bb73-093a1818e03a/resourceGroups/adf-rg-web-4655/providers/Microsoft.DataFactory/factories/adf-web-1511?api-version=2018-06-01",
      "RequestMethod": "PUT",
      "RequestHeaders": {
        "Accept": "application/json",
        "Authorization": "Sanitized",
        "Content-Length": "48",
        "Content-Type": "application/json",
        "traceparent": "00-eba56fd537ad4aadf0c142c13955379f-0dc900b4274ec3b6-00",
        "User-Agent": "azsdk-net-ResourceManager.DataFactory/1.0.0-alpha.20231123.1 (.NET 7.0.14; Microsoft Windows 10.0.22621)",
        "x-ms-client-request-id": "5443480769b9d06f058985bf15937d99",
        "x-ms-return-client-request-id": "true"
      },
      "RequestBody": {
        "tags": {},
        "location": "westus2",
        "properties": {}
      },
      "StatusCode": 200,
      "ResponseHeaders": {
        "Cache-Control": "no-cache",
        "Content-Length": "454",
        "Content-Type": "application/json; charset=utf-8",
        "Date": "Thu, 23 Nov 2023 10:00:12 GMT",
        "Expires": "-1",
        "Pragma": "no-cache",
        "Server": "Kestrel",
        "Strict-Transport-Security": "max-age=31536000; includeSubDomains",
        "X-Content-Type-Options": "nosniff",
        "x-ms-correlation-request-id": "f972022b-609a-4deb-9e4f-7518336d06b9",
        "x-ms-ratelimit-remaining-subscription-writes": "978",
        "x-ms-request-id": "f972022b-609a-4deb-9e4f-7518336d06b9",
        "x-ms-routing-request-id": "EASTUS:20231123T100012Z:f972022b-609a-4deb-9e4f-7518336d06b9"
      },
      "ResponseBody": {
        "name": "adf-web-1511",
        "id": "/subscriptions/da1d7b9a-a759-41c8-bb73-093a1818e03a/resourceGroups/adf-rg-web-4655/providers/Microsoft.DataFactory/factories/adf-web-1511",
        "type": "Microsoft.DataFactory/factories",
        "properties": {
          "provisioningState": "Succeeded",
          "createTime": "2023-11-23T10:00:12.1821632Z",
          "version": "2018-06-01"
        },
        "eTag": "\u00229e04895d-0000-0800-0000-655f22ac0000\u0022",
        "location": "westus2",
        "tags": {}
      }
    },
    {
      "RequestUri": "https://management.azure.com/subscriptions/da1d7b9a-a759-41c8-bb73-093a1818e03a/resourceGroups/adf-rg-web-4655/providers/Microsoft.DataFactory/factories/adf-web-1511/pipelines/adf-pipeline-web-6979?api-version=2018-06-01",
      "RequestMethod": "PUT",
      "RequestHeaders": {
        "Accept": "application/json",
        "Authorization": "Sanitized",
        "Content-Length": "148",
        "Content-Type": "application/json",
        "traceparent": "00-1d9df4d0073ceb309330ca2c503acf6f-8d3b7781739a69fe-00",
        "User-Agent": "azsdk-net-ResourceManager.DataFactory/1.0.0-alpha.20231123.1 (.NET 7.0.14; Microsoft Windows 10.0.22621)",
        "x-ms-client-request-id": "1ae2a8e94717bbba427b457bffedd9ba",
        "x-ms-return-client-request-id": "true"
      },
      "RequestBody": {
        "properties": {
          "activities": [
            {
              "name": "adf-pipeline-task-3662",
              "type": "WebActivity",
              "typeProperties": {
                "method": "GET",
                "url": "http://www.bing.com"
              }
            }
          ]
        }
      },
      "StatusCode": 200,
      "ResponseHeaders": {
        "Cache-Control": "no-cache",
        "Content-Length": "565",
        "Content-Type": "application/json; charset=utf-8",
        "Date": "Thu, 23 Nov 2023 10:00:12 GMT",
        "Expires": "-1",
        "Pragma": "no-cache",
        "Server": "Kestrel",
        "Strict-Transport-Security": "max-age=31536000; includeSubDomains",
        "X-Content-Type-Options": "nosniff",
        "x-ms-correlation-request-id": "d1705170-e248-4e2e-b92a-d7d0a84a75ec",
        "x-ms-ratelimit-remaining-subscription-writes": "977",
        "x-ms-request-id": "d1705170-e248-4e2e-b92a-d7d0a84a75ec",
        "x-ms-routing-request-id": "EASTUS:20231123T100012Z:d1705170-e248-4e2e-b92a-d7d0a84a75ec"
      },
      "ResponseBody": {
        "id": "/subscriptions/da1d7b9a-a759-41c8-bb73-093a1818e03a/resourceGroups/adf-rg-web-4655/providers/Microsoft.DataFactory/factories/adf-web-1511/pipelines/adf-pipeline-web-6979",
        "name": "adf-pipeline-web-6979",
        "type": "Microsoft.DataFactory/factories/pipelines",
        "properties": {
          "activities": [
            {
              "name": "adf-pipeline-task-3662",
              "type": "WebActivity",
              "typeProperties": {
                "method": "GET",
                "url": "http://www.bing.com"
              }
            }
          ]
        },
        "etag": "68001e6e-0000-0800-0000-655f22ac0000"
      }
    }
  ],
  "Variables": {
    "AZURE_AUTHORITY_HOST": null,
    "RandomSeed": "987556025",
    "RESOURCE_MANAGER_URL": null,
    "SUBSCRIPTION_ID": "da1d7b9a-a759-41c8-bb73-093a1818e03a"
  }
}
