{
  "Entries": [
    {
      "RequestUri": "https://management.azure.com/subscriptions/da1d7b9a-a759-41c8-bb73-093a1818e03a/resourceGroups/DataFactory-RG-4386/providers/Microsoft.DataFactory/factories/DataFactory-c00d42a1-9853-377e-9c87-8c9cae6cbb06-8442?api-version=2018-06-01",
      "RequestMethod": "PUT",
      "RequestHeaders": {
        "Accept": "application/json",
        "Authorization": "Sanitized",
        "Content-Length": "48",
        "Content-Type": "application/json",
        "traceparent": "00-229b4724b8b97c22edcec9f0bcda0313-b286c669d8d6045a-00",
        "User-Agent": "azsdk-net-ResourceManager.DataFactory/1.0.0-alpha.20231104.1 (.NET 7.0.13; Microsoft Windows 10.0.22621)",
        "x-ms-client-request-id": "9eb4f290839673bdfc8a1d6c2a43e250",
        "x-ms-return-client-request-id": "true"
      },
      "RequestBody": {
        "tags": {},
        "location": "westus2",
        "properties": {}
      },
      "StatusCode": 200,
      "ResponseHeaders": {
        "Cache-Control": "no-cache",
        "Content-Length": "540",
        "Content-Type": "application/json; charset=utf-8",
        "Date": "Sat, 04 Nov 2023 07:54:25 GMT",
        "Expires": "-1",
        "Pragma": "no-cache",
        "Server": "Kestrel",
        "Strict-Transport-Security": "max-age=31536000; includeSubDomains",
        "X-Content-Type-Options": "nosniff",
        "x-ms-correlation-request-id": "01f8aa30-80b6-4fa1-bf93-13a6c9a8a872",
        "x-ms-ratelimit-remaining-subscription-writes": "848",
        "x-ms-request-id": "01f8aa30-80b6-4fa1-bf93-13a6c9a8a872",
        "x-ms-routing-request-id": "KOREASOUTH:20231104T075425Z:01f8aa30-80b6-4fa1-bf93-13a6c9a8a872"
      },
      "ResponseBody": {
        "name": "DataFactory-c00d42a1-9853-377e-9c87-8c9cae6cbb06-8442",
        "id": "/subscriptions/da1d7b9a-a759-41c8-bb73-093a1818e03a/resourceGroups/datafactory-rg-4386/providers/Microsoft.DataFactory/factories/datafactory-c00d42a1-9853-377e-9c87-8c9cae6cbb06-8442",
        "type": "Microsoft.DataFactory/factories",
        "properties": {
          "provisioningState": "Succeeded",
          "createTime": "2023-11-04T07:54:25.4577936Z",
          "version": "2018-06-01"
        },
        "eTag": "\u002289014fce-0000-0800-0000-6545f8b10000\u0022",
        "location": "westus2",
        "tags": {}
      }
    },
    {
      "RequestUri": "https://management.azure.com/subscriptions/da1d7b9a-a759-41c8-bb73-093a1818e03a/resourceGroups/datafactory-rg-4386/providers/Microsoft.DataFactory/factories/datafactory-c00d42a1-9853-377e-9c87-8c9cae6cbb06-8442/linkedservices/linkedService_9105?api-version=2018-06-01",
      "RequestMethod": "PUT",
      "RequestHeaders": {
        "Accept": "application/json",
        "Authorization": "Sanitized",
        "Content-Length": "147",
        "Content-Type": "application/json",
        "traceparent": "00-85d8cadf05e2206b7bd6b51af3c6d274-5b8cf0083e3dbf75-00",
        "User-Agent": "azsdk-net-ResourceManager.DataFactory/1.0.0-alpha.20231104.1 (.NET 7.0.13; Microsoft Windows 10.0.22621)",
        "x-ms-client-request-id": "1c90d52e73c34fec086cbe1378e5aade",
        "x-ms-return-client-request-id": "true"
      },
      "RequestBody": {
        "properties": {
          "type": "Shopify",
          "typeProperties": {
            "host": "mystore.myshopify.com",
            "accessToken": {
              "value": "fakeAccessToken",
              "type": "SecureString"
            }
          }
        }
      },
      "StatusCode": 200,
      "ResponseHeaders": {
        "Cache-Control": "no-cache",
        "Content-Length": "791",
        "Content-Type": "application/json; charset=utf-8",
        "Date": "Sat, 04 Nov 2023 07:54:26 GMT",
        "Expires": "-1",
        "Pragma": "no-cache",
        "Server": "Kestrel",
        "Strict-Transport-Security": "max-age=31536000; includeSubDomains",
        "X-Content-Type-Options": "nosniff",
        "x-ms-correlation-request-id": "edd92648-96d9-45e7-845a-750a53774ba2",
        "x-ms-ratelimit-remaining-subscription-writes": "847",
        "x-ms-request-id": "edd92648-96d9-45e7-845a-750a53774ba2",
        "x-ms-routing-request-id": "KOREASOUTH:20231104T075426Z:edd92648-96d9-45e7-845a-750a53774ba2"
      },
      "ResponseBody": {
        "id": "/subscriptions/da1d7b9a-a759-41c8-bb73-093a1818e03a/resourceGroups/datafactory-rg-4386/providers/Microsoft.DataFactory/factories/datafactory-c00d42a1-9853-377e-9c87-8c9cae6cbb06-8442/linkedservices/linkedService_9105",
        "name": "linkedService_9105",
        "type": "Microsoft.DataFactory/factories/linkedservices",
        "properties": {
          "type": "Shopify",
          "typeProperties": {
            "host": "mystore.myshopify.com",
            "encryptedCredential": "ew0KICAiVmVyc2lvbiI6ICIyMDE3LTExLTMwIiwNCiAgIlByb3RlY3Rpb25Nb2RlIjogIktleSIsDQogICJTZWNyZXRDb250ZW50VHlwZSI6ICJQbGFpbnRleHQiLA0KICAiQ3JlZGVudGlhbElkIjogIkRBVEFGQUNUT1JZQEZDQjcxREFGLTI3RkItNDdBMy04NzA1LUI4MkJEMTZBOThBNl9lNGI1ZDYzMS1jYmY1LTRjN2MtOWI2NC0wNDU1NjhlOTUyYmUiDQp9"
          }
        },
        "etag": "0600f8b8-0000-0800-0000-6545f8b20000"
      }
    },
    {
      "RequestUri": "https://management.azure.com/subscriptions/da1d7b9a-a759-41c8-bb73-093a1818e03a/resourceGroups/datafactory-rg-4386/providers/Microsoft.DataFactory/factories/datafactory-c00d42a1-9853-377e-9c87-8c9cae6cbb06-8442/datasets/dataset_7820?api-version=2018-06-01",
      "RequestMethod": "PUT",
      "RequestHeaders": {
        "Accept": "application/json",
        "Authorization": "Sanitized",
        "Content-Length": "150",
        "Content-Type": "application/json",
        "traceparent": "00-d4599dac539883ae69bf496b15f93440-406e0ea87af1273e-00",
        "User-Agent": "azsdk-net-ResourceManager.DataFactory/1.0.0-alpha.20231104.1 (.NET 7.0.13; Microsoft Windows 10.0.22621)",
        "x-ms-client-request-id": "eb0e0e34a292d970da3a3c9d55022d8e",
        "x-ms-return-client-request-id": "true"
      },
      "RequestBody": {
        "properties": {
          "type": "ShopifyObject",
          "linkedServiceName": {
            "type": "LinkedServiceReference",
            "referenceName": "linkedService_9105"
          },
          "typeProperties": {}
        }
      },
      "StatusCode": 200,
      "ResponseHeaders": {
        "Cache-Control": "no-cache",
        "Content-Length": "543",
        "Content-Type": "application/json; charset=utf-8",
        "Date": "Sat, 04 Nov 2023 07:54:26 GMT",
        "Expires": "-1",
        "Pragma": "no-cache",
        "Server": "Kestrel",
        "Strict-Transport-Security": "max-age=31536000; includeSubDomains",
        "X-Content-Type-Options": "nosniff",
        "x-ms-correlation-request-id": "aa550ea1-9d92-498a-83f6-da19738fd2a4",
        "x-ms-ratelimit-remaining-subscription-writes": "846",
        "x-ms-request-id": "aa550ea1-9d92-498a-83f6-da19738fd2a4",
        "x-ms-routing-request-id": "KOREASOUTH:20231104T075426Z:aa550ea1-9d92-498a-83f6-da19738fd2a4"
      },
      "ResponseBody": {
        "id": "/subscriptions/da1d7b9a-a759-41c8-bb73-093a1818e03a/resourceGroups/datafactory-rg-4386/providers/Microsoft.DataFactory/factories/datafactory-c00d42a1-9853-377e-9c87-8c9cae6cbb06-8442/datasets/dataset_7820",
        "name": "dataset_7820",
        "type": "Microsoft.DataFactory/factories/datasets",
        "properties": {
          "type": "ShopifyObject",
          "linkedServiceName": {
            "type": "LinkedServiceReference",
            "referenceName": "linkedService_9105"
          },
          "typeProperties": {}
        },
        "etag": "0600fab8-0000-0800-0000-6545f8b20000"
      }
    },
    {
      "RequestUri": "https://management.azure.com/subscriptions/da1d7b9a-a759-41c8-bb73-093a1818e03a/resourceGroups/datafactory-rg-4386/providers/Microsoft.DataFactory/factories/datafactory-c00d42a1-9853-377e-9c87-8c9cae6cbb06-8442/linkedservices/linkedService_3126?api-version=2018-06-01",
      "RequestMethod": "PUT",
      "RequestHeaders": {
        "Accept": "application/json",
        "Authorization": "Sanitized",
        "Content-Length": "92",
        "Content-Type": "application/json",
        "traceparent": "00-1436b46171fab94fa8f198655be55ad7-ccdf1ac899fddb8f-00",
        "User-Agent": "azsdk-net-ResourceManager.DataFactory/1.0.0-alpha.20231104.1 (.NET 7.0.13; Microsoft Windows 10.0.22621)",
        "x-ms-client-request-id": "dec448cb790d49c087ac82b1ae17cafc",
        "x-ms-return-client-request-id": "true"
      },
      "RequestBody": {
        "properties": {
          "type": "AzureBlobStorage",
          "typeProperties": {
            "connectionString": "Sanitized"
          }
        }
      },
      "StatusCode": 200,
      "ResponseHeaders": {
        "Cache-Control": "no-cache",
        "Content-Length": "743",
        "Content-Type": "application/json; charset=utf-8",
        "Date": "Sat, 04 Nov 2023 07:54:27 GMT",
        "Expires": "-1",
        "Pragma": "no-cache",
        "Server": "Kestrel",
        "Strict-Transport-Security": "max-age=31536000; includeSubDomains",
        "X-Content-Type-Options": "nosniff",
        "x-ms-correlation-request-id": "6d494bf0-a509-4bf2-ba0e-d6e3ce71c3d6",
        "x-ms-ratelimit-remaining-subscription-writes": "845",
        "x-ms-request-id": "6d494bf0-a509-4bf2-ba0e-d6e3ce71c3d6",
        "x-ms-routing-request-id": "KOREASOUTH:20231104T075427Z:6d494bf0-a509-4bf2-ba0e-d6e3ce71c3d6"
      },
      "ResponseBody": {
        "id": "/subscriptions/da1d7b9a-a759-41c8-bb73-093a1818e03a/resourceGroups/datafactory-rg-4386/providers/Microsoft.DataFactory/factories/datafactory-c00d42a1-9853-377e-9c87-8c9cae6cbb06-8442/linkedservices/linkedService_3126",
        "name": "linkedService_3126",
        "type": "Microsoft.DataFactory/factories/linkedservices",
        "properties": {
          "type": "AzureBlobStorage",
          "typeProperties": {
            "connectionString": "Sanitized",
            "encryptedCredential": "ew0KICAiVmVyc2lvbiI6ICIyMDE3LTExLTMwIiwNCiAgIlByb3RlY3Rpb25Nb2RlIjogIktleSIsDQogICJTZWNyZXRDb250ZW50VHlwZSI6ICJQbGFpbnRleHQiLA0KICAiQ3JlZGVudGlhbElkIjogIkRBVEFGQUNUT1JZQEZDQjcxREFGLTI3RkItNDdBMy04NzA1LUI4MkJEMTZBOThBNl9hYTZjODAwYS04MGY3LTRiMjMtYmFlNy1mZTNhNTUxYWZiNWQiDQp9"
          }
        },
        "etag": "0600fcb8-0000-0800-0000-6545f8b30000"
      }
    },
    {
      "RequestUri": "https://management.azure.com/subscriptions/da1d7b9a-a759-41c8-bb73-093a1818e03a/resourceGroups/datafactory-rg-4386/providers/Microsoft.DataFactory/factories/datafactory-c00d42a1-9853-377e-9c87-8c9cae6cbb06-8442/datasets/dataset_2166?api-version=2018-06-01",
      "RequestMethod": "PUT",
      "RequestHeaders": {
        "Accept": "application/json",
        "Authorization": "Sanitized",
        "Content-Length": "146",
        "Content-Type": "application/json",
        "traceparent": "00-0b1320dc7a4cf5799971b9805d76a451-bcb7e93e5c9230f2-00",
        "User-Agent": "azsdk-net-ResourceManager.DataFactory/1.0.0-alpha.20231104.1 (.NET 7.0.13; Microsoft Windows 10.0.22621)",
        "x-ms-client-request-id": "b00ef7a590f88bb565b74289364efa05",
        "x-ms-return-client-request-id": "true"
      },
      "RequestBody": {
        "properties": {
          "type": "AzureBlob",
          "linkedServiceName": {
            "type": "LinkedServiceReference",
            "referenceName": "linkedService_3126"
          },
          "typeProperties": {}
        }
      },
      "StatusCode": 200,
      "ResponseHeaders": {
        "Cache-Control": "no-cache",
        "Content-Length": "539",
        "Content-Type": "application/json; charset=utf-8",
        "Date": "Sat, 04 Nov 2023 07:54:27 GMT",
        "Expires": "-1",
        "Pragma": "no-cache",
        "Server": "Kestrel",
        "Strict-Transport-Security": "max-age=31536000; includeSubDomains",
        "X-Content-Type-Options": "nosniff",
        "x-ms-correlation-request-id": "dc223693-ee09-4acb-b8f8-3b6caf419dbb",
        "x-ms-ratelimit-remaining-subscription-writes": "844",
        "x-ms-request-id": "dc223693-ee09-4acb-b8f8-3b6caf419dbb",
        "x-ms-routing-request-id": "KOREASOUTH:20231104T075427Z:dc223693-ee09-4acb-b8f8-3b6caf419dbb"
      },
      "ResponseBody": {
        "id": "/subscriptions/da1d7b9a-a759-41c8-bb73-093a1818e03a/resourceGroups/datafactory-rg-4386/providers/Microsoft.DataFactory/factories/datafactory-c00d42a1-9853-377e-9c87-8c9cae6cbb06-8442/datasets/dataset_2166",
        "name": "dataset_2166",
        "type": "Microsoft.DataFactory/factories/datasets",
        "properties": {
          "type": "AzureBlob",
          "linkedServiceName": {
            "type": "LinkedServiceReference",
            "referenceName": "linkedService_3126"
          },
          "typeProperties": {}
        },
        "etag": "060000b9-0000-0800-0000-6545f8b30000"
      }
    },
    {
      "RequestUri": "https://management.azure.com/subscriptions/da1d7b9a-a759-41c8-bb73-093a1818e03a/resourceGroups/datafactory-rg-4386/providers/Microsoft.DataFactory/factories/datafactory-c00d42a1-9853-377e-9c87-8c9cae6cbb06-8442/pipelines/pipeline-5554?api-version=2018-06-01",
      "RequestMethod": "PUT",
      "RequestHeaders": {
        "Accept": "application/json",
        "Authorization": "Sanitized",
        "Content-Length": "319",
        "Content-Type": "application/json",
        "traceparent": "00-3e6820c31cc606e288eb203acbd27277-342b1eaf0e879c68-00",
        "User-Agent": "azsdk-net-ResourceManager.DataFactory/1.0.0-alpha.20231104.1 (.NET 7.0.13; Microsoft Windows 10.0.22621)",
        "x-ms-client-request-id": "30482f3fcc21bbd04ec564e61fbe2bc3",
        "x-ms-return-client-request-id": "true"
      },
      "RequestBody": {
        "properties": {
          "activities": [
            {
              "inputs": [
                {
                  "type": "DatasetReference",
                  "referenceName": "dataset_7820"
                }
              ],
              "outputs": [
                {
                  "type": "DatasetReference",
                  "referenceName": "dataset_2166"
                }
              ],
              "name": "task-8589",
              "type": "Copy",
              "typeProperties": {
                "source": {
                  "query": "select * from a table",
                  "type": "ShopifySource"
                },
                "sink": {
                  "type": "BlobSink"
                }
              }
            }
          ]
        }
      },
      "StatusCode": 200,
      "ResponseHeaders": {
        "Cache-Control": "no-cache",
        "Content-Length": "967",
        "Content-Type": "application/json; charset=utf-8",
        "Date": "Sat, 04 Nov 2023 07:54:27 GMT",
        "Expires": "-1",
        "Pragma": "no-cache",
        "Server": "Kestrel",
        "Strict-Transport-Security": "max-age=31536000; includeSubDomains",
        "X-Content-Type-Options": "nosniff",
        "x-ms-correlation-request-id": "446df5ed-3401-4ffd-820d-96ffd11c7b4f",
        "x-ms-ratelimit-remaining-subscription-writes": "843",
        "x-ms-request-id": "446df5ed-3401-4ffd-820d-96ffd11c7b4f",
        "x-ms-routing-request-id": "KOREASOUTH:20231104T075428Z:446df5ed-3401-4ffd-820d-96ffd11c7b4f"
      },
      "ResponseBody": {
        "id": "/subscriptions/da1d7b9a-a759-41c8-bb73-093a1818e03a/resourceGroups/datafactory-rg-4386/providers/Microsoft.DataFactory/factories/datafactory-c00d42a1-9853-377e-9c87-8c9cae6cbb06-8442/pipelines/pipeline-5554",
        "name": "pipeline-5554",
        "type": "Microsoft.DataFactory/factories/pipelines",
        "properties": {
          "activities": [
            {
              "inputs": [
                {
                  "type": "DatasetReference",
                  "referenceName": "dataset_7820"
                }
              ],
              "outputs": [
                {
                  "type": "DatasetReference",
                  "referenceName": "dataset_2166"
                }
              ],
              "name": "task-8589",
              "type": "Copy",
              "typeProperties": {
                "source": {
                  "query": "select * from a table",
                  "type": "ShopifySource"
                },
                "sink": {
                  "type": "BlobSink"
                }
              }
            }
          ]
        },
        "etag": "060002b9-0000-0800-0000-6545f8b40000"
      }
    }
  ],
  "Variables": {
    "AZURE_AUTHORITY_HOST": null,
    "RandomSeed": "393493578",
    "RESOURCE_MANAGER_URL": null,
    "SUBSCRIPTION_ID": "da1d7b9a-a759-41c8-bb73-093a1818e03a"
  }
}
