{
  "Entries": [
    {
      "RequestUri": "https://seanmcccanary3.file.core.windows.net/test-share-fcde0198-2792-e0b0-06ea-21d7f87164db?restype=share",
      "RequestMethod": "PUT",
      "RequestHeaders": {
        "Accept": "application/xml",
        "Authorization": "Sanitized",
        "Content-Length": "0",
        "traceparent": "00-d5e71f9d5da3fa4d608e5f61c5e96717-99d1f850fdddbd72-00",
        "User-Agent": "azsdk-net-Storage.Files.Shares/12.24.0-alpha.20250820.1 (.NET 9.0.7; Microsoft Windows 10.0.26100)",
        "x-ms-client-request-id": "Sanitized",
        "x-ms-date": "Wed, 20 Aug 2025 20:03:13 GMT",
        "x-ms-return-client-request-id": "true",
        "x-ms-version": "2026-02-06"
      },
      "RequestBody": null,
      "StatusCode": 201,
      "ResponseHeaders": {
        "Content-Length": "0",
        "Date": "Wed, 20 Aug 2025 20:03:12 GMT",
        "ETag": "\"0x8DDE0249824ADDE\"",
        "Last-Modified": "Wed, 20 Aug 2025 20:03:13 GMT",
        "Server": [
          "Windows-Azure-File/1.0",
          "Microsoft-HTTPAPI/2.0"
        ],
        "x-ms-client-request-id": "Sanitized",
        "x-ms-request-id": "cbb806d6-501a-0057-090d-120e87000000",
        "x-ms-version": "2026-02-06"
      },
      "ResponseBody": null
    },
    {
      "RequestUri": "https://seanmcccanary3.file.core.windows.net/test-share-fcde0198-2792-e0b0-06ea-21d7f87164db/test-file-70dab18f-15ad-5579-1257-afe81662733f",
      "RequestMethod": "PUT",
      "RequestHeaders": {
        "Accept": "application/xml",
        "Authorization": "Sanitized",
        "Content-Length": "1813",
        "Content-MD5": "l0BvwTgX2mVrDfMmrWZI0g==",
        "Content-Type": "application/xml",
        "traceparent": "00-ec4c6a34a81238cfb7872d1f038ecbae-ba4018c3aa1d52e6-00",
        "User-Agent": "azsdk-net-Storage.Files.Shares/12.24.0-alpha.20250820.1 (.NET 9.0.7; Microsoft Windows 10.0.26100)",
        "x-ms-client-request-id": "Sanitized",
        "x-ms-content-length": "1024",
        "x-ms-date": "Wed, 20 Aug 2025 20:03:13 GMT",
        "x-ms-return-client-request-id": "true",
        "x-ms-type": "file",
        "x-ms-version": "2026-02-06"
      },
      "RequestBody": [
        "\u00013K\u0000=?i�D�v�.\u0015\u0018\u0001\u007Fuבvɜ�\t=!��E���T���jn���V�4;O�8��\u0018�~/7�n��\u001D�X���\u001A�|�H\u0015\u0007\u0017�xs���BW�M��6$a�Jro�$�V\u0000~!ub���\u0011��ĳ�*\u0011ځ��\u0006��\u001A����tp�\u001C�*�xߢ\n",
        "k��Lm�K�H]Ȣ\u0000���>�H2�?yby�К~��ߙFd�G}7yZ:���w�m��p_,(�Ҋ�{�����g^���x��0�>��\u00111�\u000B\u0011�cn:\u001A<JĽ����u�\tk\u0019R��?�u.G��&yÒ\u07B8�jT,CYl�B=�T�أ�\u0018�2K���\u000B�Re�D�*�ؒt�>��lㄊ8�� \f�ӫ��lA�[!p\u0007\u0007Cw}\u0013�{6c�gB��g\u001D\f�}�1X\u001Bp\u0019.\u0005kP�X\u001Dd�e�\r",
        "\f$�w騔lh]�\u0004$ǚ��ծ(\u0006c��\u0010�ÖIެ_�\u0010���gG��\u0004��\u001Ff,ٽy�\u001C�w\u0006�@�g\u0003��\"���<\u0013���*���\u0002�\u0013ʩ����\u000B��P\n",
        "V[)\u0000Dˉ�&\u001F�)\u0018\u0011������\u0004�-�J�%Q~!��\tq��*I2\u0016 ��2\u007F��\u0019\u001Bb\u0000�z\u0005`.>A��d����=\u000F�\u001B\u0018~E���h9�>�!\f5\u001C �q\u0003\u0010t]�Ob����xA�9�\u0003�h�!��\u0003O�XZ����\u000B�����#\fS�E@�\u0018�\u000E28e���\u0018�����Z6Y\u0016�u��VGM�D��t�E\u00067�I'SyB\u0014)u&��o�\u001D)/���=���C\t\u0013�ђ���\u0011\u000E\u0006�la\\40c�����J\u007F�\u007F���;h��\n",
        "\u0015�TQ�/��\u000F#�%&6\b��O�o\u000EcZR�^\"d\u007Fҝ�lVFc�\u0011ǞQY�'�Yn�\t�\u0019\u0004���v\u0001ru\f\u001E!<�θ��w�5\u001D��3eR\u0004��v\u001F���Z��ڟQ�37e�\u001Eԉ~�]<��rF�C� pX;�\u001D\u0001\u000E�t\\���5��}\\�F}{4\u0006\u0019���j\u0014��=~�9��G�\u0010�\u0014!$�d\\,�Ȕ�U��#5�:\u000E\u001Fq`�\u000E�YTi��\u0014�6�f\u0012�~���L\r",
        "����\u0015��\r",
        "����g\u0016�\u000B\u0007\u0096�\u007F�\u001F\u001D�\u0010S\u0003�x\\�\u0014�\u0017�}iT/�\u0007^E���ʗs��Kt�4Ⱦ[\u0004n�Q\u0019�����I��nf�xc�\u001F�e�kH�\\D�\u001F��\r",
        "P���D�\u0007\u0012��N���\u0014��~��\b/7���\u001CeΏ\u001D���\u001F(\u0017�s�\u001Dc��_\r\n",
        "\u0012�\u001F"
      ],
      "StatusCode": 201,
      "ResponseHeaders": {
        "Content-Length": "0",
        "Content-MD5": "l0BvwTgX2mVrDfMmrWZI0g==",
        "Date": "Wed, 20 Aug 2025 20:03:12 GMT",
        "ETag": "\"0x8DDE024982D7A22\"",
        "Last-Modified": "Wed, 20 Aug 2025 20:03:13 GMT",
        "Server": [
          "Windows-Azure-File/1.0",
          "Microsoft-HTTPAPI/2.0"
        ],
        "x-ms-client-request-id": "Sanitized",
        "x-ms-file-attributes": "Archive",
        "x-ms-file-change-time": "2025-08-20T20:03:13.3040162Z",
        "x-ms-file-creation-time": "2025-08-20T20:03:13.3040162Z",
        "x-ms-file-id": "13835128424026341376",
        "x-ms-file-last-write-time": "2025-08-20T20:03:13.3040162Z",
        "x-ms-file-parent-id": "0",
        "x-ms-file-permission-key": "4010187179898695473*11459378189709739967",
        "x-ms-request-id": "cbb806e2-501a-0057-100d-120e87000000",
        "x-ms-request-server-encrypted": "true",
        "x-ms-version": "2026-02-06"
      },
      "ResponseBody": null
    },
    {
      "RequestUri": "https://seanmcccanary3.file.core.windows.net/test-share-fcde0198-2792-e0b0-06ea-21d7f87164db?restype=share",
      "RequestMethod": "DELETE",
      "RequestHeaders": {
        "Accept": "application/xml",
        "Authorization": "Sanitized",
        "traceparent": "00-b130c79e79848c16fa94dc01ea6d5a07-d2322895f4fcab97-00",
        "User-Agent": "azsdk-net-Storage.Files.Shares/12.24.0-alpha.20250820.1 (.NET 9.0.7; Microsoft Windows 10.0.26100)",
        "x-ms-client-request-id": "Sanitized",
        "x-ms-date": "Wed, 20 Aug 2025 20:03:13 GMT",
        "x-ms-delete-snapshots": "include",
        "x-ms-return-client-request-id": "true",
        "x-ms-version": "2026-02-06"
      },
      "RequestBody": null,
      "StatusCode": 202,
      "ResponseHeaders": {
        "Content-Length": "0",
        "Date": "Wed, 20 Aug 2025 20:03:12 GMT",
        "Server": [
          "Windows-Azure-File/1.0",
          "Microsoft-HTTPAPI/2.0"
        ],
        "x-ms-client-request-id": "Sanitized",
        "x-ms-request-id": "cbb806e3-501a-0057-110d-120e87000000",
        "x-ms-version": "2026-02-06"
      },
      "ResponseBody": null
    }
  ],
  "Variables": {
    "RandomSeed": "1158205087",
    "Storage_TestConfigDefault": "ProductionTenant\nseanmcccanary3\nU2FuaXRpemVk\nhttps://seanmcccanary3.blob.core.windows.net\nhttps://seanmcccanary3.file.core.windows.net\nhttps://seanmcccanary3.queue.core.windows.net\nhttps://seanmcccanary3.table.core.windows.net\n\n\n\n\nhttps://seanmcccanary3-secondary.blob.core.windows.net\nhttps://seanmcccanary3-secondary.file.core.windows.net\nhttps://seanmcccanary3-secondary.queue.core.windows.net\nhttps://seanmcccanary3-secondary.table.core.windows.net\nCloud\nBlobEndpoint=https://seanmcccanary3.blob.core.windows.net/;QueueEndpoint=https://seanmcccanary3.queue.core.windows.net/;FileEndpoint=https://seanmcccanary3.file.core.windows.net/;BlobSecondaryEndpoint=https://seanmcccanary3-secondary.blob.core.windows.net/;QueueSecondaryEndpoint=https://seanmcccanary3-secondary.queue.core.windows.net/;FileSecondaryEndpoint=https://seanmcccanary3-secondary.file.core.windows.net/;AccountName=seanmcccanary3;AccountKey=U2FuaXRpemVk\nseanscope1\n\n"
  }
}
