{
  "Entries": [
    {
      "RequestUri": "https://bqcxscnblz04pez100ax.file.preprod.core.windows.net/test-share-d5a8a8fd-c30d-30ff-f35b-00fdd1344742?restype=share",
      "RequestMethod": "PUT",
      "RequestHeaders": {
        "Accept": "application/xml",
        "Authorization": "Sanitized",
        "Content-Length": "0",
        "traceparent": "00-5f27f58af301f8fcfb2907387f174863-d9d70da9a151bd4e-00",
        "User-Agent": "azsdk-net-Storage.Files.Shares/12.22.0-alpha.20250116.1 (.NET 8.0.12; Microsoft Windows 10.0.26100)",
        "x-ms-client-request-id": "Sanitized",
        "x-ms-date": "Fri, 17 Jan 2025 01:27:17 GMT",
        "x-ms-return-client-request-id": "true",
        "x-ms-version": "2025-07-05"
      },
      "RequestBody": null,
      "StatusCode": 201,
      "ResponseHeaders": {
        "Date": "Fri, 17 Jan 2025 01:27:17 GMT",
        "ETag": "\"0x8DD369614D73DD3\"",
        "Last-Modified": "Fri, 17 Jan 2025 01:27:17 GMT",
        "Transfer-Encoding": "chunked",
        "x-ms-client-request-id": "Sanitized",
        "x-ms-request-id": "72eb5214-e01a-0003-7c7e-68b67f000000",
        "x-ms-version": "2025-07-05"
      },
      "ResponseBody": null
    },
    {
      "RequestUri": "https://bqcxscnblz04pez100ax.file.preprod.core.windows.net/test-share-d5a8a8fd-c30d-30ff-f35b-00fdd1344742/test-file-6d5017a0-4240-5f3d-0a09-f4be779f1df9",
      "RequestMethod": "PUT",
      "RequestHeaders": {
        "Accept": "application/xml",
        "Authorization": "Sanitized",
        "Content-Length": "0",
        "traceparent": "00-ca8dfa76bbde7c6df324258463594de7-4e33a1dac439e54a-00",
        "User-Agent": "azsdk-net-Storage.Files.Shares/12.22.0-alpha.20250116.1 (.NET 8.0.12; Microsoft Windows 10.0.26100)",
        "x-ms-client-request-id": "Sanitized",
        "x-ms-content-length": "1024",
        "x-ms-date": "Fri, 17 Jan 2025 01:27:17 GMT",
        "x-ms-return-client-request-id": "true",
        "x-ms-type": "file",
        "x-ms-version": "2025-07-05"
      },
      "RequestBody": null,
      "StatusCode": 201,
      "ResponseHeaders": {
        "Date": "Fri, 17 Jan 2025 01:27:17 GMT",
        "ETag": "\"0x8DD369614E65D72\"",
        "Last-Modified": "Fri, 17 Jan 2025 01:27:18 GMT",
        "Transfer-Encoding": "chunked",
        "x-ms-client-request-id": "Sanitized",
        "x-ms-file-attributes": "Archive",
        "x-ms-file-change-time": "2025-01-17T01:27:18.0114290Z",
        "x-ms-file-creation-time": "2025-01-17T01:27:18.0114290Z",
        "x-ms-file-id": "13835128424026341376",
        "x-ms-file-last-write-time": "2025-01-17T01:27:18.0114290Z",
        "x-ms-file-parent-id": "0",
        "x-ms-file-permission-key": "15454356690087156724*3769234489255881874",
        "x-ms-request-id": "72eb5216-e01a-0003-7d7e-68b67f000000",
        "x-ms-request-server-encrypted": "true",
        "x-ms-version": "2025-07-05"
      },
      "ResponseBody": null
    },
    {
      "RequestUri": "https://bqcxscnblz04pez100ax.file.preprod.core.windows.net/test-share-d5a8a8fd-c30d-30ff-f35b-00fdd1344742/test-file-6d5017a0-4240-5f3d-0a09-f4be779f1df9",
      "RequestMethod": "HEAD",
      "RequestHeaders": {
        "Accept": "application/xml",
        "Authorization": "Sanitized",
        "traceparent": "00-ef8f4583646c602b393070392f44d757-d0113813ad83cabb-00",
        "User-Agent": "azsdk-net-Storage.Files.Shares/12.22.0-alpha.20250116.1 (.NET 8.0.12; Microsoft Windows 10.0.26100)",
        "x-ms-client-request-id": "Sanitized",
        "x-ms-date": "Fri, 17 Jan 2025 01:27:18 GMT",
        "x-ms-return-client-request-id": "true",
        "x-ms-version": "2025-07-05"
      },
      "RequestBody": null,
      "StatusCode": 200,
      "ResponseHeaders": {
        "Content-Length": "1024",
        "Content-Type": "application/octet-stream",
        "Date": "Fri, 17 Jan 2025 01:27:17 GMT",
        "ETag": "\"0x8DD369614E65D72\"",
        "Last-Modified": "Fri, 17 Jan 2025 01:27:18 GMT",
        "x-ms-client-request-id": "Sanitized",
        "x-ms-file-attributes": "Archive",
        "x-ms-file-change-time": "2025-01-17T01:27:18.0114290Z",
        "x-ms-file-creation-time": "2025-01-17T01:27:18.0114290Z",
        "x-ms-file-id": "13835128424026341376",
        "x-ms-file-last-write-time": "2025-01-17T01:27:18.0114290Z",
        "x-ms-file-parent-id": "0",
        "x-ms-file-permission-key": "15454356690087156724*3769234489255881874",
        "x-ms-lease-state": "available",
        "x-ms-lease-status": "unlocked",
        "x-ms-request-id": "72eb5217-e01a-0003-7e7e-68b67f000000",
        "x-ms-server-encrypted": "true",
        "x-ms-type": "File",
        "x-ms-version": "2025-07-05"
      },
      "ResponseBody": null
    },
    {
      "RequestUri": "https://bqcxscnblz04pez100ax.file.preprod.core.windows.net/test-share-d5a8a8fd-c30d-30ff-f35b-00fdd1344742/test-file-6d5017a0-4240-5f3d-0a09-f4be779f1df9?comp=range",
      "RequestMethod": "PUT",
      "RequestHeaders": {
        "Accept": "application/xml",
        "Authorization": "Sanitized",
        "Content-Length": "239",
        "Content-Type": "application/octet-stream",
        "User-Agent": "azsdk-net-Storage.Files.Shares/12.22.0-alpha.20250116.1 (.NET 8.0.12; Microsoft Windows 10.0.26100)",
        "x-ms-client-request-id": "Sanitized",
        "x-ms-date": "Fri, 17 Jan 2025 01:27:18 GMT",
        "x-ms-range": "bytes=0-199",
        "x-ms-return-client-request-id": "true",
        "x-ms-structured-body": "XSM/1.0; properties=crc64",
        "x-ms-structured-content-length": "200",
        "x-ms-version": "2025-07-05",
        "x-ms-write": "update"
      },
      "RequestBody": "Ae8AAAAAAAAAAQABAAEAyAAAAAAAAADeyOm/mTz3d/QFHInogd2wsXq1cWNCKtZArSRFpj90zaKbnopY6uwLaFgQE130gEFiL8O0NnDbnJ4TfuwYstG0kE7nTeJTWMeOqQgKMRd5Sy3i4nZ8wJYxvwLrRWz/8raHW4IPDTJfD9f8JY1n0GuHmTK+Ns9aONC3tY3gZxJbjrdSgtWVaj76g9OfgJoJye6WZKs5QbznLSOxV1ikfqfEoJbWFU2W8i/0xLL8urg2ruufSQNnIU36a1Wx4xLlVQQr298DM7SgAGmYwfele0CyaZjB96V7QLI=",
      "StatusCode": 201,
      "ResponseHeaders": {
        "Content-MD5": "TM5rPvAKJAj2qCAsnS0dsg==",
        "Date": "Fri, 17 Jan 2025 01:27:17 GMT",
        "ETag": "\"0x8DD369614FC16E6\"",
        "Last-Modified": "Fri, 17 Jan 2025 01:27:18 GMT",
        "Transfer-Encoding": "chunked",
        "x-ms-client-request-id": "Sanitized",
        "x-ms-file-last-write-time": "2025-01-17T01:27:18.1538022Z",
        "x-ms-request-id": "72eb5218-e01a-0003-7f7e-68b67f000000",
        "x-ms-request-server-encrypted": "true",
        "x-ms-structured-body": "XSM/1.0; properties=crc64",
        "x-ms-version": "2025-07-05"
      },
      "ResponseBody": null
    },
    {
      "RequestUri": "https://bqcxscnblz04pez100ax.file.preprod.core.windows.net/test-share-d5a8a8fd-c30d-30ff-f35b-00fdd1344742/test-file-6d5017a0-4240-5f3d-0a09-f4be779f1df9?comp=range",
      "RequestMethod": "PUT",
      "RequestHeaders": {
        "Accept": "application/xml",
        "Authorization": "Sanitized",
        "Content-Length": "239",
        "Content-Type": "application/octet-stream",
        "User-Agent": "azsdk-net-Storage.Files.Shares/12.22.0-alpha.20250116.1 (.NET 8.0.12; Microsoft Windows 10.0.26100)",
        "x-ms-client-request-id": "Sanitized",
        "x-ms-date": "Fri, 17 Jan 2025 01:27:18 GMT",
        "x-ms-range": "bytes=200-399",
        "x-ms-return-client-request-id": "true",
        "x-ms-structured-body": "XSM/1.0; properties=crc64",
        "x-ms-structured-content-length": "200",
        "x-ms-version": "2025-07-05",
        "x-ms-write": "update"
      },
      "RequestBody": "Ae8AAAAAAAAAAQABAAEAyAAAAAAAAABxe0V8Cepya3qobAU0pF1/Sduq+OQOHQ5urdDf2DN6Nv5Ikevc0PCA4kZoanhP0IZ9YLpXCqgcY142Dlsak5JHLTUH6xNyonjqKRWdpbOWHt1KYXh5IyxWLC2MpsKVZk+0ITxCSORzC71BbeCSf72roO990DEZzgoJsb/l5fy1VcPG6IR2U9b51lW7N7VLw6xw4QbTF5Yem1IxOZckjibAjBcdzJY5NEwYhPnbXZdUve0TdQT24T4tqEwxRRk/1Egv+6qeLvcVNi/bj503R5veL9uPnTdHm94=",
      "StatusCode": 201,
      "ResponseHeaders": {
        "Content-MD5": "Zfz5bN8vq7+9tP7EkQwiHw==",
        "Date": "Fri, 17 Jan 2025 01:27:17 GMT",
        "ETag": "\"0x8DD3696150A37CD\"",
        "Last-Modified": "Fri, 17 Jan 2025 01:27:18 GMT",
        "Transfer-Encoding": "chunked",
        "x-ms-client-request-id": "Sanitized",
        "x-ms-file-last-write-time": "2025-01-17T01:27:18.2463949Z",
        "x-ms-request-id": "72eb5219-e01a-0003-807e-68b67f000000",
        "x-ms-request-server-encrypted": "true",
        "x-ms-structured-body": "XSM/1.0; properties=crc64",
        "x-ms-version": "2025-07-05"
      },
      "ResponseBody": null
    },
    {
      "RequestUri": "https://bqcxscnblz04pez100ax.file.preprod.core.windows.net/test-share-d5a8a8fd-c30d-30ff-f35b-00fdd1344742/test-file-6d5017a0-4240-5f3d-0a09-f4be779f1df9?comp=range",
      "RequestMethod": "PUT",
      "RequestHeaders": {
        "Accept": "application/xml",
        "Authorization": "Sanitized",
        "Content-Length": "239",
        "Content-Type": "application/octet-stream",
        "User-Agent": "azsdk-net-Storage.Files.Shares/12.22.0-alpha.20250116.1 (.NET 8.0.12; Microsoft Windows 10.0.26100)",
        "x-ms-client-request-id": "Sanitized",
        "x-ms-date": "Fri, 17 Jan 2025 01:27:18 GMT",
        "x-ms-range": "bytes=400-599",
        "x-ms-return-client-request-id": "true",
        "x-ms-structured-body": "XSM/1.0; properties=crc64",
        "x-ms-structured-content-length": "200",
        "x-ms-version": "2025-07-05",
        "x-ms-write": "update"
      },
      "RequestBody": "Ae8AAAAAAAAAAQABAAEAyAAAAAAAAACsubuSnEI+u9x7qREZIsqr2e8kSQfvM9mvsKxi7baP9v0+Vz0mq5FlDnZonpXDLw0x/8Q+0swuvIXh4uuW3M4m67MU2sqMhC5evjuRhpVE7IGeMO3xUCMxD5u3RMilzjKnQrLir1RCpHqW4BOQnTbwnfZq96vgNJuP48sv1UBlue8I6UTiYTwsW4xzW3APoHJlxqbRO9eGxw4XUsyJE885MScjiLPxDju5PZsfbdgqgENYyg6Zk30YgSI1yw9wo0i9OSpJ6xi/cztlX/8A5aGRO2Vf/wDloZE=",
      "StatusCode": 201,
      "ResponseHeaders": {
        "Content-MD5": "qggFenmfd/II+mjp+PNyGg==",
        "Date": "Fri, 17 Jan 2025 01:27:17 GMT",
        "ETag": "\"0x8DD369615159CA8\"",
        "Last-Modified": "Fri, 17 Jan 2025 01:27:18 GMT",
        "Transfer-Encoding": "chunked",
        "x-ms-client-request-id": "Sanitized",
        "x-ms-file-last-write-time": "2025-01-17T01:27:18.3210664Z",
        "x-ms-request-id": "72eb521a-e01a-0003-017e-68b67f000000",
        "x-ms-request-server-encrypted": "true",
        "x-ms-structured-body": "XSM/1.0; properties=crc64",
        "x-ms-version": "2025-07-05"
      },
      "ResponseBody": null
    },
    {
      "RequestUri": "https://bqcxscnblz04pez100ax.file.preprod.core.windows.net/test-share-d5a8a8fd-c30d-30ff-f35b-00fdd1344742/test-file-6d5017a0-4240-5f3d-0a09-f4be779f1df9?comp=range",
      "RequestMethod": "PUT",
      "RequestHeaders": {
        "Accept": "application/xml",
        "Authorization": "Sanitized",
        "Content-Length": "239",
        "Content-Type": "application/octet-stream",
        "User-Agent": "azsdk-net-Storage.Files.Shares/12.22.0-alpha.20250116.1 (.NET 8.0.12; Microsoft Windows 10.0.26100)",
        "x-ms-client-request-id": "Sanitized",
        "x-ms-date": "Fri, 17 Jan 2025 01:27:18 GMT",
        "x-ms-range": "bytes=600-799",
        "x-ms-return-client-request-id": "true",
        "x-ms-structured-body": "XSM/1.0; properties=crc64",
        "x-ms-structured-content-length": "200",
        "x-ms-version": "2025-07-05",
        "x-ms-write": "update"
      },
      "RequestBody": "Ae8AAAAAAAAAAQABAAEAyAAAAAAAAAC4axf+O2daNezSiTBJwKCdqQsGkLxCLEmZU2EzruCUK5lXVi57f90axwDePedy/vyYjKDgES62dT/OZOcFJoYLPV2W8mpyISou68i7Y+5hJ1VlmiJAtBlroODvrRv1FKF50wCJ2wuSJmt1siVl+xJQbT2SoIxkyolEK1KJg3QOOdcnQZDu10tJ0nS2ygHzBqXOnj/eYnMVFQh2RLC5CKP2Z3lOPbmCYpXxSc0Xrf+HUSWtu+Q0MNZkEiyHd5Kaj8rQwGOIpcjrTLsStfq+3NA0uxK1+r7c0DQ=",
      "StatusCode": 201,
      "ResponseHeaders": {
        "Content-MD5": "IHy5I3kliT1f9I5xV/mlKQ==",
        "Date": "Fri, 17 Jan 2025 01:27:17 GMT",
        "ETag": "\"0x8DD3696151FCA61\"",
        "Last-Modified": "Fri, 17 Jan 2025 01:27:18 GMT",
        "Transfer-Encoding": "chunked",
        "x-ms-client-request-id": "Sanitized",
        "x-ms-file-last-write-time": "2025-01-17T01:27:18.3877729Z",
        "x-ms-request-id": "72eb521b-e01a-0003-027e-68b67f000000",
        "x-ms-request-server-encrypted": "true",
        "x-ms-structured-body": "XSM/1.0; properties=crc64",
        "x-ms-version": "2025-07-05"
      },
      "ResponseBody": null
    },
    {
      "RequestUri": "https://bqcxscnblz04pez100ax.file.preprod.core.windows.net/test-share-d5a8a8fd-c30d-30ff-f35b-00fdd1344742/test-file-6d5017a0-4240-5f3d-0a09-f4be779f1df9?comp=range",
      "RequestMethod": "PUT",
      "RequestHeaders": {
        "Accept": "application/xml",
        "Authorization": "Sanitized",
        "Content-Length": "239",
        "Content-Type": "application/octet-stream",
        "User-Agent": "azsdk-net-Storage.Files.Shares/12.22.0-alpha.20250116.1 (.NET 8.0.12; Microsoft Windows 10.0.26100)",
        "x-ms-client-request-id": "Sanitized",
        "x-ms-date": "Fri, 17 Jan 2025 01:27:18 GMT",
        "x-ms-range": "bytes=800-999",
        "x-ms-return-client-request-id": "true",
        "x-ms-structured-body": "XSM/1.0; properties=crc64",
        "x-ms-structured-content-length": "200",
        "x-ms-version": "2025-07-05",
        "x-ms-write": "update"
      },
      "RequestBody": "Ae8AAAAAAAAAAQABAAEAyAAAAAAAAAA8quwYpf1nCO/ziwxNvsI2ouoqjPrqAla5A0ftnP6sXMFvqIpEvr4VxH+Inw+DfBH9Lea6nl5RUaeVXqK1emzwRi5K3RY38uQrFch6YmNGNoY1724Y8b5iHVbjrl8cX0oSmFjhOJ/7xjsCj4iW1u9ETigbgIr+11Rw57+/VEOED7V9aMkKZf3nOikzFWI1zEZnnl83AN/AFMADcFDgO3L3fX/SGG4lOukqNEVhysHyOht4WLXjTQ7WvVMIBvSsB/+2O5jjYrPYQYOEnEN6bjirg4ScQ3puOKs=",
      "StatusCode": 201,
      "ResponseHeaders": {
        "Content-MD5": "P+fFEiOx15x4JhznieGBzw==",
        "Date": "Fri, 17 Jan 2025 01:27:17 GMT",
        "ETag": "\"0x8DD3696152A1F00\"",
        "Last-Modified": "Fri, 17 Jan 2025 01:27:18 GMT",
        "Transfer-Encoding": "chunked",
        "x-ms-client-request-id": "Sanitized",
        "x-ms-file-last-write-time": "2025-01-17T01:27:18.4554752Z",
        "x-ms-request-id": "72eb521c-e01a-0003-037e-68b67f000000",
        "x-ms-request-server-encrypted": "true",
        "x-ms-structured-body": "XSM/1.0; properties=crc64",
        "x-ms-version": "2025-07-05"
      },
      "ResponseBody": null
    },
    {
      "RequestUri": "https://bqcxscnblz04pez100ax.file.preprod.core.windows.net/test-share-d5a8a8fd-c30d-30ff-f35b-00fdd1344742/test-file-6d5017a0-4240-5f3d-0a09-f4be779f1df9?comp=range",
      "RequestMethod": "PUT",
      "RequestHeaders": {
        "Accept": "application/xml",
        "Authorization": "Sanitized",
        "Content-Length": "63",
        "Content-Type": "application/octet-stream",
        "User-Agent": "azsdk-net-Storage.Files.Shares/12.22.0-alpha.20250116.1 (.NET 8.0.12; Microsoft Windows 10.0.26100)",
        "x-ms-client-request-id": "Sanitized",
        "x-ms-date": "Fri, 17 Jan 2025 01:27:18 GMT",
        "x-ms-range": "bytes=1000-1023",
        "x-ms-return-client-request-id": "true",
        "x-ms-structured-body": "XSM/1.0; properties=crc64",
        "x-ms-structured-content-length": "24",
        "x-ms-version": "2025-07-05",
        "x-ms-write": "update"
      },
      "RequestBody": "AT8AAAAAAAAAAQABAAEAGAAAAAAAAABkdgzMmV5J/xE2NWfivRQwcPxaGh0z9H20cqaWdc4QkrRyppZ1zhCS",
      "StatusCode": 201,
      "ResponseHeaders": {
        "Content-MD5": "gijcNcKryxv3u0Fb2RtLTg==",
        "Date": "Fri, 17 Jan 2025 01:27:18 GMT",
        "ETag": "\"0x8DD3696153425D3\"",
        "Last-Modified": "Fri, 17 Jan 2025 01:27:18 GMT",
        "Transfer-Encoding": "chunked",
        "x-ms-client-request-id": "Sanitized",
        "x-ms-file-last-write-time": "2025-01-17T01:27:18.5211859Z",
        "x-ms-request-id": "72eb521d-e01a-0003-047e-68b67f000000",
        "x-ms-request-server-encrypted": "true",
        "x-ms-structured-body": "XSM/1.0; properties=crc64",
        "x-ms-version": "2025-07-05"
      },
      "ResponseBody": null
    },
    {
      "RequestUri": "https://bqcxscnblz04pez100ax.file.preprod.core.windows.net/test-share-d5a8a8fd-c30d-30ff-f35b-00fdd1344742?restype=share",
      "RequestMethod": "DELETE",
      "RequestHeaders": {
        "Accept": "application/xml",
        "Authorization": "Sanitized",
        "traceparent": "00-8d117494896eca42577e2646edf60715-99a5d89415ff668c-00",
        "User-Agent": "azsdk-net-Storage.Files.Shares/12.22.0-alpha.20250116.1 (.NET 8.0.12; Microsoft Windows 10.0.26100)",
        "x-ms-client-request-id": "Sanitized",
        "x-ms-date": "Fri, 17 Jan 2025 01:27:18 GMT",
        "x-ms-delete-snapshots": "include",
        "x-ms-return-client-request-id": "true",
        "x-ms-version": "2025-07-05"
      },
      "RequestBody": null,
      "StatusCode": 202,
      "ResponseHeaders": {
        "Date": "Fri, 17 Jan 2025 01:27:18 GMT",
        "Transfer-Encoding": "chunked",
        "x-ms-client-request-id": "Sanitized",
        "x-ms-request-id": "72eb521e-e01a-0003-057e-68b67f000000",
        "x-ms-version": "2025-07-05"
      },
      "ResponseBody": null
    }
  ],
  "Variables": {
    "RandomSeed": "1880831283",
    "Storage_TestConfigDefault": "ProductionTenant\nbqcxscnblz04pez100ax\nU2FuaXRpemVk\nhttps://bqcxscnblz04pez100ax.blob.preprod.core.windows.net\nhttps://bqcxscnblz04pez100ax.file.preprod.core.windows.net\nhttps://bqcxscnblz04pez100ax.queue.core.windows.net\nhttps://bqcxscnblz04pez100ax.table.core.windows.net\n\n\n\n\nhttps://bqcxscnblz04pez100ax-secondary.blob.core.windows.net\nhttps://bqcxscnblz04pez100ax-secondary.file.core.windows.net\nhttps://bqcxscnblz04pez100ax-secondary.queue.core.windows.net\nhttps://bqcxscnblz04pez100ax-secondary.table.core.windows.net\nCloud\nBlobEndpoint=https://bqcxscnblz04pez100ax.blob.preprod.core.windows.net/;QueueEndpoint=https://bqcxscnblz04pez100ax.queue.core.windows.net/;FileEndpoint=https://bqcxscnblz04pez100ax.file.preprod.core.windows.net/;BlobSecondaryEndpoint=https://bqcxscnblz04pez100ax-secondary.blob.core.windows.net/;QueueSecondaryEndpoint=https://bqcxscnblz04pez100ax-secondary.queue.core.windows.net/;FileSecondaryEndpoint=https://bqcxscnblz04pez100ax-secondary.file.core.windows.net/;AccountName=bqcxscnblz04pez100ax;AccountKey=Sanitized\nseanscope1\n\n"
  }
}
