{
  "Entries": [
    {
      "RequestUri": "https://Sanitized.azure.com/subscriptions/00000000-0000-0000-0000-000000000/resourceGroups/00000/providers/Microsoft.MachineLearningServices/workspaces/00000/codes/test_336993205955/versions?api-version=2023-04-01&hash=2ee3a811718333655635cef15dad7b33c3fce053c1b1f21b6175b7b96e417403&hashVersion=202208",
      "RequestMethod": "GET",
      "RequestHeaders": {
        "Accept": "application/json",
        "Accept-Encoding": "gzip, deflate",
        "Connection": "keep-alive",
        "User-Agent": "azure-ai-ml/1.25.0 azsdk-python-mgmt-machinelearningservices/0.1.0 Python/3.10.11 (Windows-10-10.0.26100-SP0)"
      },
      "RequestBody": null,
      "StatusCode": 200,
      "ResponseHeaders": {
        "Cache-Control": "no-cache",
        "Content-Length": "17",
        "Content-Type": "application/json; charset=utf-8",
        "Date": "Tue, 28 Jan 2025 15:59:15 GMT",
        "Expires": "-1",
        "Pragma": "no-cache",
        "Request-Context": "appId=cid-v1:2d2e8e63-272e-4b3c-8598-4ee570a0e70d",
        "Strict-Transport-Security": "max-age=31536000; includeSubDomains",
        "x-aml-cluster": "vienna-eastus-01",
        "X-Cache": "CONFIG_NOCACHE",
        "X-Content-Type-Options": "nosniff",
        "x-ms-correlation-request-id": "c8f33c48-24a8-426f-8ce0-0e16d0f1c954",
        "x-ms-ratelimit-remaining-subscription-global-reads": "16499",
        "x-ms-ratelimit-remaining-subscription-reads": "1099",
        "x-ms-response-type": "standard",
        "x-ms-routing-request-id": "SOUTHINDIA:20250128T155915Z:c8f33c48-24a8-426f-8ce0-0e16d0f1c954",
        "X-MSEdge-Ref": "Ref A: 3FA8097A7DE84FB48AC1EDBBA1CCD39D Ref B: MAA201060514035 Ref C: 2025-01-28T15:59:14Z",
        "x-request-time": "0.108"
      },
      "ResponseBody": {
        "value": []
      }
    },
    {
      "RequestUri": "https://Sanitized.azure.com/subscriptions/00000000-0000-0000-0000-000000000/resourceGroups/00000/providers/Microsoft.MachineLearningServices/workspaces/00000/codes/test_336993205955/versions/1/startPendingUpload?api-version=2023-04-01",
      "RequestMethod": "POST",
      "RequestHeaders": {
        "Accept": "application/json",
        "Accept-Encoding": "gzip, deflate",
        "Connection": "keep-alive",
        "Content-Length": "47",
        "Content-Type": "application/json",
        "User-Agent": "azure-ai-ml/1.25.0 azsdk-python-mgmt-machinelearningservices/0.1.0 Python/3.10.11 (Windows-10-10.0.26100-SP0)"
      },
      "RequestBody": {
        "pendingUploadType": "TemporaryBlobReference"
      },
      "StatusCode": 504,
      "ResponseHeaders": {
        "Cache-Control": "no-cache",
        "Content-Length": "1071",
        "Content-Type": "application/json; charset=utf-8",
        "Date": "Tue, 28 Jan 2025 15:59:46 GMT",
        "Expires": "-1",
        "Pragma": "no-cache",
        "Request-Context": "appId=cid-v1:2d2e8e63-272e-4b3c-8598-4ee570a0e70d",
        "Strict-Transport-Security": "max-age=31536000; includeSubDomains",
        "x-aml-cluster": "vienna-eastus-01",
        "X-Cache": "CONFIG_NOCACHE",
        "X-Content-Type-Options": "nosniff",
        "x-ms-correlation-request-id": "b8f1ae93-7d64-44cd-adce-7639520e496e",
        "x-ms-failure-cause": "service",
        "x-ms-ratelimit-remaining-subscription-global-writes": "12000",
        "x-ms-ratelimit-remaining-subscription-writes": "800",
        "x-ms-response-type": "error",
        "x-ms-routing-request-id": "SOUTHINDIA:20250128T155946Z:b8f1ae93-7d64-44cd-adce-7639520e496e",
        "X-MSEdge-Ref": "Ref A: 9231D4F82DA549BB9F2DF2CE46720641 Ref B: MAA201060514035 Ref C: 2025-01-28T15:59:15Z",
        "x-request-time": "30.036"
      },
      "ResponseBody": {
        "error": {
          "code": "TransientError",
          "message": "Service invocation timed out. \r\nRequest: POST eastus.api.azureml.ms/assetstore/v1.0/temporaryDataReference/createOrGet \r\n Message: The operation was canceled. Time waited: 00:00:07.9971569",
          "target": "POST https://eastus.api.azureml.ms/assetstore/v1.0/temporaryDataReference/createOrGet",
          "details": [],
          "additionalInfo": [
            {
              "type": "ComponentName",
              "info": {
                "value": "managementfrontend"
              }
            },
            {
              "type": "Correlation",
              "info": {
                "value": {
                  "operation": "851c1050c7b550bd89a2494d50d2dbee",
                  "request": "dbe360d211dee515"
                }
              }
            },
            {
              "type": "Environment",
              "info": {
                "value": "eastus"
              }
            },
            {
              "type": "Location",
              "info": {
                "value": "eastus"
              }
            },
            {
              "type": "Time",
              "info": {
                "value": "2025-01-28T15:59:46.8615478+00:00"
              }
            }
          ]
        }
      }
    },
    {
      "RequestUri": "https://Sanitized.azure.com/subscriptions/00000000-0000-0000-0000-000000000/resourceGroups/00000/providers/Microsoft.MachineLearningServices/workspaces/00000/codes/test_336993205955/versions/1/startPendingUpload?api-version=2023-04-01",
      "RequestMethod": "POST",
      "RequestHeaders": {
        "Accept": "application/json",
        "Accept-Encoding": "gzip, deflate",
        "Connection": "keep-alive",
        "Content-Length": "47",
        "Content-Type": "application/json",
        "User-Agent": "azure-ai-ml/1.25.0 azsdk-python-mgmt-machinelearningservices/0.1.0 Python/3.10.11 (Windows-10-10.0.26100-SP0)"
      },
      "RequestBody": {
        "pendingUploadType": "TemporaryBlobReference"
      },
      "StatusCode": 200,
      "ResponseHeaders": {
        "Cache-Control": "no-cache",
        "Content-Length": "869",
        "Content-Type": "application/json; charset=utf-8",
        "Date": "Tue, 28 Jan 2025 15:59:47 GMT",
        "Expires": "-1",
        "Pragma": "no-cache",
        "Request-Context": "appId=cid-v1:2d2e8e63-272e-4b3c-8598-4ee570a0e70d",
        "Strict-Transport-Security": "max-age=31536000; includeSubDomains",
        "Vary": "Accept-Encoding",
        "x-aml-cluster": "vienna-eastus-01",
        "X-Cache": "CONFIG_NOCACHE",
        "X-Content-Type-Options": "nosniff",
        "x-ms-correlation-request-id": "9519a4c2-a542-49df-a1db-08f0e090b6ff",
        "x-ms-ratelimit-remaining-subscription-global-writes": "11999",
        "x-ms-ratelimit-remaining-subscription-writes": "799",
        "x-ms-response-type": "standard",
        "x-ms-routing-request-id": "SOUTHINDIA:20250128T155948Z:9519a4c2-a542-49df-a1db-08f0e090b6ff",
        "X-MSEdge-Ref": "Ref A: F7EF5E7E871948FE9EC10D30A6475D21 Ref B: MAA201060514035 Ref C: 2025-01-28T15:59:47Z",
        "x-request-time": "0.193"
      },
      "ResponseBody": {
        "blobReferenceForConsumption": {
          "blobUri": "https://saomyjimbd6dpwe.blob.core.windows.net:443/5881e5dc-6e3e-408e-b99e-754026b4a07b-rl203wa90cnbmurt0vyloz750j",
          "storageAccountArmId": "/subscriptions/00000000-0000-0000-0000-000000000/resourceGroups/00000/providers/Microsoft.Storage/storageAccounts/saomyjimbd6dpwe",
          "credential": {
            "credentialType": "SAS",
            "sasUri": "https://saomyjimbd6dpwe.blob.core.windows.net/5881e5dc-6e3e-408e-b99e-754026b4a07b-rl203wa90cnbmurt0vyloz750j?skoid=e5f872b7-80a7-4d41-aea9-6fa495b9f048&sktid=72f988bf-86f1-41af-91ab-2d7cd011db47&skt=2025-01-28T09%3A06%3A13Z&ske=2025-01-29T01%3A16%3A13Z&sks=b&skv=2019-07-07&sv=Sanitized&st=Sanitized&se=Sanitized&sr=c&sp=rcwl&sig=000000000000000000000000000000000000"
          }
        },
        "pendingUploadId": "5e53ec30-8fab-4c1f-959f-d5355bb77a7b",
        "pendingUploadType": "None"
      }
    },
    {
      "RequestUri": "https://Sanitized.blob.core.windows.net/5881e5dc-6e3e-408e-b99e-754026b4a07b-rl203wa90cnbmurt0vyloz750j/test_709494623481/file1.txt?skoid=e5f872b7-80a7-4d41-aea9-6fa495b9f048&sktid=72f988bf-86f1-41af-91ab-2d7cd011db47&skt=2025-01-28T09%3A06%3A13Z&ske=2025-01-29T01%3A16%3A13Z&sks=b&skv=2019-07-07&sv=Sanitized&st=Sanitized&se=Sanitized&sr=c&sp=rcwl&sig=000000000000000000000000000000000000",
      "RequestMethod": "HEAD",
      "RequestHeaders": {
        "Accept": "application/xml",
        "Accept-Encoding": "gzip, deflate",
        "Connection": "keep-alive",
        "User-Agent": "azsdk-python-storage-blob/12.24.0 Python/3.10.11 (Windows-10-10.0.26100-SP0)",
        "x-ms-date": "Tue, 28 Jan 2025 15:59:47 GMT",
        "x-ms-version": "2025-01-05"
      },
      "RequestBody": null,
      "StatusCode": 404,
      "ResponseHeaders": {
        "Date": "Tue, 28 Jan 2025 15:59:48 GMT",
        "Server": [
          "Windows-Azure-Blob/1.0",
          "Microsoft-HTTPAPI/2.0"
        ],
        "Transfer-Encoding": "chunked",
        "x-ms-error-code": "BlobNotFound",
        "x-ms-version": "2025-01-05"
      },
      "ResponseBody": null
    },
    {
      "RequestUri": "https://Sanitized.blob.core.windows.net/5881e5dc-6e3e-408e-b99e-754026b4a07b-rl203wa90cnbmurt0vyloz750j/test_709494623481/file1.txt?skoid=e5f872b7-80a7-4d41-aea9-6fa495b9f048&sktid=72f988bf-86f1-41af-91ab-2d7cd011db47&skt=2025-01-28T09%3A06%3A13Z&ske=2025-01-29T01%3A16%3A13Z&sks=b&skv=2019-07-07&sv=Sanitized&st=Sanitized&se=Sanitized&sr=c&sp=rcwl&sig=000000000000000000000000000000000000",
      "RequestMethod": "PUT",
      "RequestHeaders": {
        "Accept": "application/xml",
        "Accept-Encoding": "gzip, deflate",
        "Connection": "keep-alive",
        "Content-Length": "17",
        "Content-MD5": "Wap4f01n/H4k0R8IDgQkOw==",
        "Content-Type": "application/octet-stream",
        "If-None-Match": "*",
        "User-Agent": "azsdk-python-storage-blob/12.24.0 Python/3.10.11 (Windows-10-10.0.26100-SP0)",
        "x-ms-blob-type": "BlockBlob",
        "x-ms-date": "Tue, 28 Jan 2025 15:59:48 GMT",
        "x-ms-version": "2025-01-05"
      },
      "RequestBody": "dGVzdF80OTQzMDg5ODUwODA=",
      "StatusCode": 201,
      "ResponseHeaders": {
        "Content-Length": "0",
        "Content-MD5": "Wap4f01n/H4k0R8IDgQkOw==",
        "Date": "Tue, 28 Jan 2025 15:59:48 GMT",
        "ETag": "\"0x8DD3FB4CB429D82\"",
        "Last-Modified": "Tue, 28 Jan 2025 15:59:49 GMT",
        "Server": [
          "Windows-Azure-Blob/1.0",
          "Microsoft-HTTPAPI/2.0"
        ],
        "x-ms-content-crc64": "0bmxJ0Qd2bg=",
        "x-ms-request-server-encrypted": "true",
        "x-ms-version": "2025-01-05"
      },
      "ResponseBody": null
    },
    {
      "RequestUri": "https://Sanitized.blob.core.windows.net/5881e5dc-6e3e-408e-b99e-754026b4a07b-rl203wa90cnbmurt0vyloz750j/test_709494623481/file2.txt?skoid=e5f872b7-80a7-4d41-aea9-6fa495b9f048&sktid=72f988bf-86f1-41af-91ab-2d7cd011db47&skt=2025-01-28T09%3A06%3A13Z&ske=2025-01-29T01%3A16%3A13Z&sks=b&skv=2019-07-07&sv=Sanitized&st=Sanitized&se=Sanitized&sr=c&sp=rcwl&sig=000000000000000000000000000000000000",
      "RequestMethod": "PUT",
      "RequestHeaders": {
        "Accept": "application/xml",
        "Accept-Encoding": "gzip, deflate",
        "Connection": "keep-alive",
        "Content-Length": "17",
        "Content-MD5": "m4I2KBRlX+YEA+s+Qa2SPw==",
        "Content-Type": "application/octet-stream",
        "If-None-Match": "*",
        "User-Agent": "azsdk-python-storage-blob/12.24.0 Python/3.10.11 (Windows-10-10.0.26100-SP0)",
        "x-ms-blob-type": "BlockBlob",
        "x-ms-date": "Tue, 28 Jan 2025 15:59:48 GMT",
        "x-ms-version": "2025-01-05"
      },
      "RequestBody": "dGVzdF83NjkzMzM4OTc2MzI=",
      "StatusCode": 201,
      "ResponseHeaders": {
        "Content-Length": "0",
        "Content-MD5": "m4I2KBRlX+YEA+s+Qa2SPw==",
        "Date": "Tue, 28 Jan 2025 15:59:48 GMT",
        "ETag": "\"0x8DD3FB4CB67FCD7\"",
        "Last-Modified": "Tue, 28 Jan 2025 15:59:49 GMT",
        "Server": [
          "Windows-Azure-Blob/1.0",
          "Microsoft-HTTPAPI/2.0"
        ],
        "x-ms-content-crc64": "/fs0cTonJA8=",
        "x-ms-request-server-encrypted": "true",
        "x-ms-version": "2025-01-05"
      },
      "ResponseBody": null
    },
    {
      "RequestUri": "https://Sanitized.blob.core.windows.net/5881e5dc-6e3e-408e-b99e-754026b4a07b-rl203wa90cnbmurt0vyloz750j/test_709494623481/file1.txt?comp=metadata&skoid=e5f872b7-80a7-4d41-aea9-6fa495b9f048&sktid=72f988bf-86f1-41af-91ab-2d7cd011db47&skt=2025-01-28T09%3A06%3A13Z&ske=2025-01-29T01%3A16%3A13Z&sks=b&skv=2019-07-07&sv=Sanitized&st=Sanitized&se=Sanitized&sr=c&sp=rcwl&sig=000000000000000000000000000000000000",
      "RequestMethod": "PUT",
      "RequestHeaders": {
        "Accept": "application/xml",
        "Accept-Encoding": "gzip, deflate",
        "Connection": "keep-alive",
        "Content-Length": "0",
        "User-Agent": "azsdk-python-storage-blob/12.24.0 Python/3.10.11 (Windows-10-10.0.26100-SP0)",
        "x-ms-date": "Tue, 28 Jan 2025 15:59:49 GMT",
        "x-ms-meta-name": "test_336993205955",
        "x-ms-meta-upload_status": "completed",
        "x-ms-meta-version": "1",
        "x-ms-version": "2025-01-05"
      },
      "RequestBody": null,
      "StatusCode": 200,
      "ResponseHeaders": {
        "Content-Length": "0",
        "Date": "Tue, 28 Jan 2025 15:59:49 GMT",
        "ETag": "\"0x8DD3FB4CB91EAE8\"",
        "Last-Modified": "Tue, 28 Jan 2025 15:59:49 GMT",
        "Server": [
          "Windows-Azure-Blob/1.0",
          "Microsoft-HTTPAPI/2.0"
        ],
        "x-ms-request-server-encrypted": "true",
        "x-ms-version": "2025-01-05"
      },
      "ResponseBody": null
    },
    {
      "RequestUri": "https://Sanitized.azure.com/subscriptions/00000000-0000-0000-0000-000000000/resourceGroups/00000/providers/Microsoft.MachineLearningServices/workspaces/00000/codes/test_336993205955/versions/1?api-version=2023-04-01",
      "RequestMethod": "PUT",
      "RequestHeaders": {
        "Accept": "application/json",
        "Accept-Encoding": "gzip, deflate",
        "Connection": "keep-alive",
        "Content-Length": "275",
        "Content-Type": "application/json",
        "User-Agent": "azure-ai-ml/1.25.0 azsdk-python-mgmt-machinelearningservices/0.1.0 Python/3.10.11 (Windows-10-10.0.26100-SP0)"
      },
      "RequestBody": {
        "properties": {
          "properties": {
            "hash_sha256": "0000000000000",
            "hash_version": "0000000000000"
          },
          "isAnonymous": false,
          "isArchived": false,
          "codeUri": "https://saomyjimbd6dpwe.blob.core.windows.net:443/5881e5dc-6e3e-408e-b99e-754026b4a07b-rl203wa90cnbmurt0vyloz750j/test_709494623481"
        }
      },
      "StatusCode": 201,
      "ResponseHeaders": {
        "Cache-Control": "no-cache",
        "Content-Length": "809",
        "Content-Type": "application/json; charset=utf-8",
        "Date": "Tue, 28 Jan 2025 15:59:51 GMT",
        "Expires": "-1",
        "Location": "https://management.azure.com/subscriptions/00000000-0000-0000-0000-000000000/resourceGroups/00000/providers/Microsoft.MachineLearningServices/workspaces/00000/codes/test_336993205955/versions/1?api-version=2023-04-01",
        "Pragma": "no-cache",
        "Request-Context": "appId=cid-v1:2d2e8e63-272e-4b3c-8598-4ee570a0e70d",
        "Strict-Transport-Security": "max-age=31536000; includeSubDomains",
        "x-aml-cluster": "vienna-eastus-02",
        "X-Cache": "CONFIG_NOCACHE",
        "X-Content-Type-Options": "nosniff",
        "x-ms-correlation-request-id": "00f9f2ad-8088-488f-9d96-6537481f71da",
        "x-ms-ratelimit-remaining-subscription-global-writes": "11999",
        "x-ms-ratelimit-remaining-subscription-writes": "799",
        "x-ms-response-type": "standard",
        "x-ms-routing-request-id": "SOUTHINDIA:20250128T155951Z:00f9f2ad-8088-488f-9d96-6537481f71da",
        "X-MSEdge-Ref": "Ref A: 6CADFA925D6A4DA1B90E98059D9CB093 Ref B: MAA201060514035 Ref C: 2025-01-28T15:59:50Z",
        "x-request-time": "0.315"
      },
      "ResponseBody": {
        "id": "/subscriptions/00000000-0000-0000-0000-000000000/resourceGroups/00000/providers/Microsoft.MachineLearningServices/workspaces/00000/codes/test_336993205955/versions/1",
        "name": "1",
        "type": "Microsoft.MachineLearningServices/workspaces/codes/versions",
        "properties": {
          "description": null,
          "tags": {},
          "properties": {
            "hash_sha256": "0000000000000",
            "hash_version": "0000000000000"
          },
          "isArchived": false,
          "isAnonymous": false,
          "codeUri": "https://saomyjimbd6dpwe.blob.core.windows.net:443/5881e5dc-6e3e-408e-b99e-754026b4a07b-rl203wa90cnbmurt0vyloz750j/test_709494623481",
          "provisioningState": "Succeeded"
        },
        "systemData": {
          "createdAt": "2025-01-28T15:59:51.3924907+00:00",
          "createdBy": "Sanitized",
          "createdByType": "User",
          "lastModifiedAt": "2025-01-28T15:59:51.3924907+00:00",
          "lastModifiedBy": "Sanitized",
          "lastModifiedByType": "User"
        }
      }
    },
    {
      "RequestUri": "https://Sanitized.azure.com/subscriptions/00000000-0000-0000-0000-000000000/resourceGroups/00000/providers/Microsoft.MachineLearningServices/workspaces/00000/codes/test_336993205955/versions/1?api-version=2023-04-01",
      "RequestMethod": "GET",
      "RequestHeaders": {
        "Accept": "application/json",
        "Accept-Encoding": "gzip, deflate",
        "Connection": "keep-alive",
        "User-Agent": "azure-ai-ml/1.25.0 azsdk-python-mgmt-machinelearningservices/0.1.0 Python/3.10.11 (Windows-10-10.0.26100-SP0)"
      },
      "RequestBody": null,
      "StatusCode": 200,
      "ResponseHeaders": {
        "Cache-Control": "no-cache",
        "Content-Length": "809",
        "Content-Type": "application/json; charset=utf-8",
        "Date": "Tue, 28 Jan 2025 15:59:52 GMT",
        "Expires": "-1",
        "Pragma": "no-cache",
        "Request-Context": "appId=cid-v1:2d2e8e63-272e-4b3c-8598-4ee570a0e70d",
        "Strict-Transport-Security": "max-age=31536000; includeSubDomains",
        "Vary": "Accept-Encoding",
        "x-aml-cluster": "vienna-eastus-02",
        "X-Cache": "CONFIG_NOCACHE",
        "X-Content-Type-Options": "nosniff",
        "x-ms-correlation-request-id": "c915265f-465e-498b-a272-c0c2b4321d06",
        "x-ms-ratelimit-remaining-subscription-global-reads": "16499",
        "x-ms-ratelimit-remaining-subscription-reads": "1099",
        "x-ms-response-type": "standard",
        "x-ms-routing-request-id": "SOUTHINDIA:20250128T155952Z:c915265f-465e-498b-a272-c0c2b4321d06",
        "X-MSEdge-Ref": "Ref A: 30338C7E660F4F0F84BA87D9F40CB3E1 Ref B: MAA201060514035 Ref C: 2025-01-28T15:59:51Z",
        "x-request-time": "0.099"
      },
      "ResponseBody": {
        "id": "/subscriptions/00000000-0000-0000-0000-000000000/resourceGroups/00000/providers/Microsoft.MachineLearningServices/workspaces/00000/codes/test_336993205955/versions/1",
        "name": "1",
        "type": "Microsoft.MachineLearningServices/workspaces/codes/versions",
        "properties": {
          "description": null,
          "tags": {},
          "properties": {
            "hash_sha256": "0000000000000",
            "hash_version": "0000000000000"
          },
          "isArchived": false,
          "isAnonymous": false,
          "codeUri": "https://saomyjimbd6dpwe.blob.core.windows.net:443/5881e5dc-6e3e-408e-b99e-754026b4a07b-rl203wa90cnbmurt0vyloz750j/test_709494623481",
          "provisioningState": "Succeeded"
        },
        "systemData": {
          "createdAt": "2025-01-28T15:59:51.3924907+00:00",
          "createdBy": "Sanitized",
          "createdByType": "User",
          "lastModifiedAt": "2025-01-28T15:59:51.3924907+00:00",
          "lastModifiedBy": "Sanitized",
          "lastModifiedByType": "User"
        }
      }
    },
    {
      "RequestUri": "https://Sanitized.azure.com/subscriptions/00000000-0000-0000-0000-000000000/resourceGroups/00000/providers/Microsoft.MachineLearningServices/workspaces/00000/datastores/workspaceblobstore?api-version=2024-07-01-preview",
      "RequestMethod": "GET",
      "RequestHeaders": {
        "Accept": "application/json",
        "Accept-Encoding": "gzip, deflate",
        "Connection": "keep-alive",
        "User-Agent": "azure-ai-ml/1.25.0 azsdk-python-mgmt-machinelearningservices/0.1.0 Python/3.10.11 (Windows-10-10.0.26100-SP0)"
      },
      "RequestBody": null,
      "StatusCode": 200,
      "ResponseHeaders": {
        "Cache-Control": "no-cache",
        "Content-Length": "889",
        "Content-Type": "application/json; charset=utf-8",
        "Date": "Tue, 28 Jan 2025 15:59:55 GMT",
        "Expires": "-1",
        "Pragma": "no-cache",
        "Request-Context": "appId=cid-v1:2d2e8e63-272e-4b3c-8598-4ee570a0e70d",
        "Strict-Transport-Security": "max-age=31536000; includeSubDomains",
        "Vary": "Accept-Encoding",
        "x-aml-cluster": "vienna-eastus-01",
        "X-Cache": "CONFIG_NOCACHE",
        "X-Content-Type-Options": "nosniff",
        "x-ms-correlation-request-id": "76e6425a-0d53-468a-968a-9e03cf18f838",
        "x-ms-ratelimit-remaining-subscription-global-reads": "16499",
        "x-ms-ratelimit-remaining-subscription-reads": "1099",
        "x-ms-response-type": "standard",
        "x-ms-routing-request-id": "SOUTHINDIA:20250128T155956Z:76e6425a-0d53-468a-968a-9e03cf18f838",
        "X-MSEdge-Ref": "Ref A: 0384A8346ACE4B648B0718C3C665896C Ref B: MAA201060514035 Ref C: 2025-01-28T15:59:55Z",
        "x-request-time": "0.277"
      },
      "ResponseBody": {
        "id": "/subscriptions/00000000-0000-0000-0000-000000000/resourceGroups/00000/providers/Microsoft.MachineLearningServices/workspaces/00000/datastores/workspaceblobstore",
        "name": "workspaceblobstore",
        "type": "Microsoft.MachineLearningServices/workspaces/datastores",
        "properties": {
          "description": null,
          "tags": null,
          "properties": null,
          "isDefault": true,
          "credentials": {
            "credentialsType": "AccountKey"
          },
          "subscriptionId": "00000000-0000-0000-0000-000000000",
          "resourceGroup": "00000",
          "datastoreType": "AzureBlob",
          "accountName": "Sanitized",
          "containerName": "azureml-blobstore-5881e5dc-6e3e-408e-b99e-754026b4a07b",
          "endpoint": "core.windows.net",
          "protocol": "https",
          "serviceDataAccessAuthIdentity": "WorkspaceSystemAssignedIdentity"
        },
        "systemData": {
          "createdAt": "2025-01-28T08:58:44.5246982+00:00",
          "lastModifiedAt": "2025-01-28T08:58:45.3980427+00:00",
          "lastModifiedBy": "Sanitized",
          "lastModifiedByType": "Application"
        }
      }
    },
    {
      "RequestUri": "https://Sanitized.azure.com/subscriptions/00000000-0000-0000-0000-000000000/resourceGroups/00000/providers/Microsoft.MachineLearningServices/workspaces/00000/datastores/workspaceblobstore/listSecrets?api-version=2024-07-01-preview",
      "RequestMethod": "POST",
      "RequestHeaders": {
        "Accept": "application/json",
        "Accept-Encoding": "gzip, deflate",
        "Connection": "keep-alive",
        "Content-Length": "48",
        "Content-Type": "application/json",
        "User-Agent": "azure-ai-ml/1.25.0 azsdk-python-mgmt-machinelearningservices/0.1.0 Python/3.10.11 (Windows-10-10.0.26100-SP0)"
      },
      "RequestBody": {
        "expirableSecret": true,
        "expireAfterHours": 1
      },
      "StatusCode": 200,
      "ResponseHeaders": {
        "Cache-Control": "no-cache",
        "Content-Length": "134",
        "Content-Type": "application/json; charset=utf-8",
        "Date": "Tue, 28 Jan 2025 15:59:56 GMT",
        "Expires": "-1",
        "Pragma": "no-cache",
        "Request-Context": "appId=cid-v1:2d2e8e63-272e-4b3c-8598-4ee570a0e70d",
        "Strict-Transport-Security": "max-age=31536000; includeSubDomains",
        "x-aml-cluster": "vienna-eastus-02",
        "X-Cache": "CONFIG_NOCACHE",
        "X-Content-Type-Options": "nosniff",
        "x-ms-correlation-request-id": "0f14df80-3b98-4cdb-9436-46a1c1484104",
        "x-ms-ratelimit-remaining-subscription-global-writes": "11999",
        "x-ms-ratelimit-remaining-subscription-writes": "799",
        "x-ms-response-type": "standard",
        "x-ms-routing-request-id": "SOUTHINDIA:20250128T155957Z:0f14df80-3b98-4cdb-9436-46a1c1484104",
        "X-MSEdge-Ref": "Ref A: 919FD96C7D964CDA959B878B068D94E0 Ref B: MAA201060514035 Ref C: 2025-01-28T15:59:56Z",
        "x-request-time": "0.281"
      },
      "ResponseBody": {
        "secretsType": "Sas",
        "sasToken": "?sv=Sanitized&sig=000000000000000000000000000000000000&se=Sanitized&srt=co&ss=bf&sp=rcuwdl"
      }
    },
    {
      "RequestUri": "https://Sanitized.blob.core.windows.net/5881e5dc-6e3e-408e-b99e-754026b4a07b-rl203wa90cnbmurt0vyloz750j?restype=container&comp=list&prefix=test_709494623481&include=metadata&sv=Sanitized&sig=000000000000000000000000000000000000&se=Sanitized&srt=co&ss=bf&sp=rcuwdl",
      "RequestMethod": "GET",
      "RequestHeaders": {
        "Accept": "application/xml",
        "Accept-Encoding": "gzip, deflate",
        "Connection": "keep-alive",
        "User-Agent": "azsdk-python-storage-blob/12.24.0 Python/3.10.11 (Windows-10-10.0.26100-SP0)",
        "x-ms-date": "Tue, 28 Jan 2025 15:59:57 GMT",
        "x-ms-version": "2025-01-05"
      },
      "RequestBody": null,
      "StatusCode": 200,
      "ResponseHeaders": {
        "Content-Type": "application/xml",
        "Date": "Tue, 28 Jan 2025 15:59:57 GMT",
        "Server": [
          "Windows-Azure-Blob/1.0",
          "Microsoft-HTTPAPI/2.0"
        ],
        "Transfer-Encoding": "chunked",
        "x-ms-version": "2025-01-05"
      },
      "ResponseBody": "\uFEFF<?xml version=\"1.0\" encoding=\"utf-8\"?><EnumerationResults ServiceEndpoint=\"https://saomyjimbd6dpwe.blob.core.windows.net/\" ContainerName=\"5881e5dc-6e3e-408e-b99e-754026b4a07b-rl203wa90cnbmurt0vyloz750j\"><Prefix>test_709494623481</Prefix><Blobs><Blob><Name>test_709494623481/file1.txt</Name><Properties><Creation-Time>Tue, 28 Jan 2025 15:59:49 GMT</Creation-Time><Last-Modified>Tue, 28 Jan 2025 15:59:49 GMT</Last-Modified><Etag>0x8DD3FB4CB91EAE8</Etag><Content-Length>17</Content-Length><Content-Type>application/octet-stream</Content-Type><Content-Encoding /><Content-Language /><Content-CRC64 /><Content-MD5>Wap4f01n/H4k0R8IDgQkOw==</Content-MD5><Cache-Control /><Content-Disposition /><BlobType>BlockBlob</BlobType><AccessTier>Hot</AccessTier><AccessTierInferred>true</AccessTierInferred><LeaseStatus>unlocked</LeaseStatus><LeaseState>available</LeaseState><ServerEncrypted>true</ServerEncrypted></Properties><Metadata><upload_status>completed</upload_status><name>test_336993205955</name><version>1</version></Metadata><OrMetadata /></Blob><Blob><Name>test_709494623481/file2.txt</Name><Properties><Creation-Time>Tue, 28 Jan 2025 15:59:49 GMT</Creation-Time><Last-Modified>Tue, 28 Jan 2025 15:59:49 GMT</Last-Modified><Etag>0x8DD3FB4CB67FCD7</Etag><Content-Length>17</Content-Length><Content-Type>application/octet-stream</Content-Type><Content-Encoding /><Content-Language /><Content-CRC64 /><Content-MD5>m4I2KBRlX+YEA+s+Qa2SPw==</Content-MD5><Cache-Control /><Content-Disposition /><BlobType>BlockBlob</BlobType><AccessTier>Hot</AccessTier><AccessTierInferred>true</AccessTierInferred><LeaseStatus>unlocked</LeaseStatus><LeaseState>available</LeaseState><ServerEncrypted>true</ServerEncrypted></Properties><Metadata /><OrMetadata /></Blob></Blobs><NextMarker /></EnumerationResults>"
    },
    {
      "RequestUri": "https://Sanitized.blob.core.windows.net/5881e5dc-6e3e-408e-b99e-754026b4a07b-rl203wa90cnbmurt0vyloz750j/test_709494623481/file1.txt?sv=Sanitized&sig=000000000000000000000000000000000000&se=Sanitized&srt=co&ss=bf&sp=rcuwdl",
      "RequestMethod": "GET",
      "RequestHeaders": {
        "Accept": "application/xml",
        "Accept-Encoding": "gzip, deflate",
        "Connection": "keep-alive",
        "User-Agent": "azsdk-python-storage-blob/12.24.0 Python/3.10.11 (Windows-10-10.0.26100-SP0)",
        "x-ms-date": "Tue, 28 Jan 2025 15:59:57 GMT",
        "x-ms-range": "bytes=0-33554431",
        "x-ms-version": "2025-01-05"
      },
      "RequestBody": null,
      "StatusCode": 206,
      "ResponseHeaders": {
        "Accept-Ranges": "bytes",
        "Content-Length": "17",
        "Content-Range": "bytes 0-16/17",
        "Content-Type": "application/octet-stream",
        "Date": "Tue, 28 Jan 2025 15:59:57 GMT",
        "ETag": "\"0x8DD3FB4CB91EAE8\"",
        "Last-Modified": "Tue, 28 Jan 2025 15:59:49 GMT",
        "Server": [
          "Windows-Azure-Blob/1.0",
          "Microsoft-HTTPAPI/2.0"
        ],
        "x-ms-blob-content-md5": "Wap4f01n/H4k0R8IDgQkOw==",
        "x-ms-blob-type": "BlockBlob",
        "x-ms-creation-time": "Tue, 28 Jan 2025 15:59:49 GMT",
        "x-ms-lease-state": "available",
        "x-ms-lease-status": "unlocked",
        "x-ms-meta-name": "test_336993205955",
        "x-ms-meta-upload_status": "completed",
        "x-ms-meta-version": "1",
        "x-ms-server-encrypted": "true",
        "x-ms-version": "2025-01-05"
      },
      "ResponseBody": "dGVzdF80OTQzMDg5ODUwODA="
    },
    {
      "RequestUri": "https://Sanitized.blob.core.windows.net/5881e5dc-6e3e-408e-b99e-754026b4a07b-rl203wa90cnbmurt0vyloz750j/test_709494623481/file2.txt?sv=Sanitized&sig=000000000000000000000000000000000000&se=Sanitized&srt=co&ss=bf&sp=rcuwdl",
      "RequestMethod": "GET",
      "RequestHeaders": {
        "Accept": "application/xml",
        "Accept-Encoding": "gzip, deflate",
        "Connection": "keep-alive",
        "User-Agent": "azsdk-python-storage-blob/12.24.0 Python/3.10.11 (Windows-10-10.0.26100-SP0)",
        "x-ms-date": "Tue, 28 Jan 2025 15:59:57 GMT",
        "x-ms-range": "bytes=0-33554431",
        "x-ms-version": "2025-01-05"
      },
      "RequestBody": null,
      "StatusCode": 206,
      "ResponseHeaders": {
        "Accept-Ranges": "bytes",
        "Content-Length": "17",
        "Content-Range": "bytes 0-16/17",
        "Content-Type": "application/octet-stream",
        "Date": "Tue, 28 Jan 2025 15:59:57 GMT",
        "ETag": "\"0x8DD3FB4CB67FCD7\"",
        "Last-Modified": "Tue, 28 Jan 2025 15:59:49 GMT",
        "Server": [
          "Windows-Azure-Blob/1.0",
          "Microsoft-HTTPAPI/2.0"
        ],
        "x-ms-blob-content-md5": "m4I2KBRlX+YEA+s+Qa2SPw==",
        "x-ms-blob-type": "BlockBlob",
        "x-ms-creation-time": "Tue, 28 Jan 2025 15:59:49 GMT",
        "x-ms-lease-state": "available",
        "x-ms-lease-status": "unlocked",
        "x-ms-server-encrypted": "true",
        "x-ms-version": "2025-01-05"
      },
      "ResponseBody": "dGVzdF83NjkzMzM4OTc2MzI="
    }
  ],
  "Variables": {
    "content1": "test_494308985080",
    "content2": "test_769333897632",
    "name": "test_336993205955",
    "source_dir": "test_709494623481"
  }
}
