{
  "Entries": [
    {
      "RequestUri": "https://Sanitized.api.azureml.ms/agents/v1.0/subscriptions/00000000-0000-0000-0000-000000000000/resourceGroups/00000/providers/Microsoft.MachineLearningServices/workspaces/00000/assistants?api-version=2024-07-01-preview",
      "RequestMethod": "POST",
      "RequestHeaders": {
        "Accept": "application/json",
        "Accept-Encoding": "gzip,deflate",
        "Authorization": "Sanitized",
        "Connection": "keep-alive",
        "Content-Length": "75",
        "Content-Type": "application/json; charset=UTF-8",
        "User-Agent": "azsdk-js-ai-projects-rest/1.0.0-beta.1 core-rest-pipeline/1.17.1 Node/18.20.4 OS/(x64-Windows_NT-10.0.22631)",
        "x-ms-client-request-id": "Sanitized"
      },
      "RequestBody": {
        "name": "my-agent",
        "instructions": "You are helpful agent",
        "model": "gpt-4o"
      },
      "StatusCode": 200,
      "ResponseHeaders": {
        "apim-request-id": "b4deadf0-d5ec-4f97-86ce-6c14c913d612",
        "Connection": "keep-alive",
        "Content-Encoding": "gzip",
        "Content-Type": "application/json",
        "Date": "Mon, 25 Nov 2024 22:27:44 GMT",
        "request-context": "appId=cid-v1:17d65b70-e9ce-4ed5-9347-1f660ec782e9",
        "Strict-Transport-Security": "max-age=31536000; includeSubDomains; preload",
        "Transfer-Encoding": "chunked",
        "Vary": "Accept-Encoding",
        "x-aml-cluster": "vienna-eastus2euap-02",
        "X-Content-Type-Options": "nosniff",
        "x-ms-client-request-id": "Sanitized",
        "x-ms-middleware-request-id": "b4deadf0-d5ec-4f97-86ce-6c14c913d612",
        "x-ms-region": "West US 2",
        "x-ms-response-type": "standard",
        "X-Request-ID": "0fa0111f08d1257aaf2d3705a572c9dd",
        "x-request-time": "1.639"
      },
      "ResponseBody": {
        "id": "asst_qJPewX6lLe9zouZmpCi7wTq3",
        "object": "assistant",
        "created_at": 1732573664,
        "name": "my-agent",
        "description": null,
        "model": "gpt-4o",
        "instructions": "You are helpful agent",
        "tools": [],
        "top_p": 1.0,
        "temperature": 1.0,
        "tool_resources": {},
        "metadata": {},
        "response_format": "auto"
      }
    },
    {
      "RequestUri": "https://Sanitized.api.azureml.ms/agents/v1.0/subscriptions/00000000-0000-0000-0000-000000000000/resourceGroups/00000/providers/Microsoft.MachineLearningServices/workspaces/00000/threads?api-version=2024-07-01-preview",
      "RequestMethod": "POST",
      "RequestHeaders": {
        "Accept": "application/json",
        "Accept-Encoding": "gzip,deflate",
        "Authorization": "Sanitized",
        "Connection": "keep-alive",
        "Content-Length": "2",
        "Content-Type": "application/json; charset=UTF-8",
        "User-Agent": "azsdk-js-ai-projects-rest/1.0.0-beta.1 core-rest-pipeline/1.17.1 Node/18.20.4 OS/(x64-Windows_NT-10.0.22631)",
        "x-ms-client-request-id": "Sanitized"
      },
      "RequestBody": {},
      "StatusCode": 200,
      "ResponseHeaders": {
        "apim-request-id": "7e0dab24-948d-474b-9d27-07c66fb28158",
        "Connection": "keep-alive",
        "Content-Length": "137",
        "Content-Type": "application/json",
        "Date": "Mon, 25 Nov 2024 22:27:45 GMT",
        "request-context": "appId=cid-v1:17d65b70-e9ce-4ed5-9347-1f660ec782e9",
        "Strict-Transport-Security": "max-age=31536000; includeSubDomains; preload",
        "x-aml-cluster": "vienna-eastus2euap-02",
        "X-Content-Type-Options": "nosniff",
        "x-ms-client-request-id": "Sanitized",
        "x-ms-middleware-request-id": "adaf1717-7959-4659-a440-6833d0917e37",
        "x-ms-region": "West US 2",
        "x-ms-response-type": "standard",
        "X-Request-ID": "ea79e465d358f35dd2a36c3de6f310b5",
        "x-request-time": "0.372"
      },
      "ResponseBody": {
        "id": "thread_Fqd1174gIOZPmPxtyu4vmj2X",
        "object": "thread",
        "created_at": 1732573664,
        "metadata": {},
        "tool_resources": {}
      }
    },
    {
      "RequestUri": "https://Sanitized.api.azureml.ms/agents/v1.0/subscriptions/00000000-0000-0000-0000-000000000000/resourceGroups/00000/providers/Microsoft.MachineLearningServices/workspaces/00000/threads/thread_Fqd1174gIOZPmPxtyu4vmj2X/messages?api-version=2024-07-01-preview",
      "RequestMethod": "POST",
      "RequestHeaders": {
        "Accept": "application/json",
        "Accept-Encoding": "gzip,deflate",
        "Authorization": "Sanitized",
        "Connection": "keep-alive",
        "Content-Length": "41",
        "Content-Type": "application/json; charset=UTF-8",
        "User-Agent": "azsdk-js-ai-projects-rest/1.0.0-beta.1 core-rest-pipeline/1.17.1 Node/18.20.4 OS/(x64-Windows_NT-10.0.22631)",
        "x-ms-client-request-id": "Sanitized"
      },
      "RequestBody": {
        "role": "user",
        "content": "hello, world!"
      },
      "StatusCode": 200,
      "ResponseHeaders": {
        "apim-request-id": "a7bb71f6-583a-4908-8f73-d67ce6fb4cd7",
        "Connection": "keep-alive",
        "Content-Encoding": "gzip",
        "Content-Type": "application/json",
        "Date": "Mon, 25 Nov 2024 22:27:45 GMT",
        "request-context": "appId=cid-v1:17d65b70-e9ce-4ed5-9347-1f660ec782e9",
        "Strict-Transport-Security": "max-age=31536000; includeSubDomains; preload",
        "Transfer-Encoding": "chunked",
        "Vary": "Accept-Encoding",
        "x-aml-cluster": "vienna-eastus2euap-02",
        "X-Content-Type-Options": "nosniff",
        "x-ms-client-request-id": "Sanitized",
        "x-ms-middleware-request-id": "06de0a9f-422c-44de-883c-38591af50609",
        "x-ms-region": "West US 2",
        "x-ms-response-type": "standard",
        "X-Request-ID": "870a0bd8051ebfecbf0a70a5837ebdcd",
        "x-request-time": "0.201"
      },
      "ResponseBody": {
        "id": "msg_i5XITRA4ulHTPNJMiq41P2C4",
        "object": "thread.message",
        "created_at": 1732573665,
        "assistant_id": null,
        "thread_id": "thread_Fqd1174gIOZPmPxtyu4vmj2X",
        "run_id": null,
        "role": "user",
        "content": [
          {
            "type": "text",
            "text": {
              "value": "hello, world!",
              "annotations": []
            }
          }
        ],
        "attachments": [],
        "metadata": {}
      }
    },
    {
      "RequestUri": "https://Sanitized.api.azureml.ms/agents/v1.0/subscriptions/00000000-0000-0000-0000-000000000000/resourceGroups/00000/providers/Microsoft.MachineLearningServices/workspaces/00000/threads/thread_Fqd1174gIOZPmPxtyu4vmj2X/runs?api-version=2024-07-01-preview",
      "RequestMethod": "POST",
      "RequestHeaders": {
        "Accept": "application/json",
        "Accept-Encoding": "gzip,deflate",
        "Authorization": "Sanitized",
        "Connection": "keep-alive",
        "Content-Length": "63",
        "Content-Type": "application/json; charset=UTF-8",
        "User-Agent": "azsdk-js-ai-projects-rest/1.0.0-beta.1 core-rest-pipeline/1.17.1 Node/18.20.4 OS/(x64-Windows_NT-10.0.22631)",
        "x-ms-client-request-id": "Sanitized"
      },
      "RequestBody": {
        "assistant_id": "asst_qJPewX6lLe9zouZmpCi7wTq3",
        "stream": false
      },
      "StatusCode": 200,
      "ResponseHeaders": {
        "apim-request-id": "fb800e06-4f28-47f2-b274-ac02b5bea7fa",
        "Connection": "keep-alive",
        "Content-Encoding": "gzip",
        "Content-Type": "application/json",
        "Date": "Mon, 25 Nov 2024 22:27:46 GMT",
        "request-context": "appId=cid-v1:17d65b70-e9ce-4ed5-9347-1f660ec782e9",
        "Strict-Transport-Security": "max-age=31536000; includeSubDomains; preload",
        "Transfer-Encoding": "chunked",
        "Vary": "Accept-Encoding",
        "x-aml-cluster": "vienna-eastus2euap-02",
        "X-Content-Type-Options": "nosniff",
        "x-ms-client-request-id": "Sanitized",
        "x-ms-middleware-request-id": "361dcd5d-052b-48e6-b09d-65bd0ce9c2a6",
        "x-ms-region": "West US 2",
        "x-ms-response-type": "standard",
        "X-Request-ID": "3ba56f1a2d57459a911c924acb9183e6",
        "x-request-time": "0.586"
      },
      "ResponseBody": {
        "id": "run_5k1mJP2FyfOo7waZHpQbbrKS",
        "object": "thread.run",
        "created_at": 1732573665,
        "assistant_id": "asst_qJPewX6lLe9zouZmpCi7wTq3",
        "thread_id": "thread_Fqd1174gIOZPmPxtyu4vmj2X",
        "status": "queued",
        "started_at": null,
        "expires_at": 1732574265,
        "cancelled_at": null,
        "failed_at": null,
        "completed_at": null,
        "required_action": null,
        "last_error": null,
        "model": "gpt-4o",
        "instructions": "You are helpful agent",
        "tools": [],
        "tool_resources": {},
        "metadata": {},
        "temperature": 1.0,
        "top_p": 1.0,
        "max_completion_tokens": null,
        "max_prompt_tokens": null,
        "truncation_strategy": {
          "type": "auto",
          "last_messages": null
        },
        "incomplete_details": null,
        "usage": null,
        "response_format": "auto",
        "tool_choice": "auto",
        "parallel_tool_calls": true
      }
    },
    {
      "RequestUri": "https://Sanitized.api.azureml.ms/agents/v1.0/subscriptions/00000000-0000-0000-0000-000000000000/resourceGroups/00000/providers/Microsoft.MachineLearningServices/workspaces/00000/threads/thread_Fqd1174gIOZPmPxtyu4vmj2X/runs/run_5k1mJP2FyfOo7waZHpQbbrKS?api-version=2024-07-01-preview",
      "RequestMethod": "GET",
      "RequestHeaders": {
        "Accept": "application/json",
        "Accept-Encoding": "gzip,deflate",
        "Authorization": "Sanitized",
        "Connection": "keep-alive",
        "User-Agent": "azsdk-js-ai-projects-rest/1.0.0-beta.1 core-rest-pipeline/1.17.1 Node/18.20.4 OS/(x64-Windows_NT-10.0.22631)",
        "x-ms-client-request-id": "Sanitized"
      },
      "RequestBody": null,
      "StatusCode": 200,
      "ResponseHeaders": {
        "apim-request-id": "111b7dab-9c09-4594-b168-3b876a8cec46",
        "Connection": "keep-alive",
        "Content-Encoding": "gzip",
        "Content-Type": "application/json",
        "Date": "Mon, 25 Nov 2024 22:27:48 GMT",
        "request-context": "appId=cid-v1:17d65b70-e9ce-4ed5-9347-1f660ec782e9",
        "Strict-Transport-Security": "max-age=31536000; includeSubDomains; preload",
        "Transfer-Encoding": "chunked",
        "Vary": "Accept-Encoding",
        "x-aml-cluster": "vienna-eastus2euap-02",
        "X-Content-Type-Options": "nosniff",
        "x-ms-client-request-id": "Sanitized",
        "x-ms-middleware-request-id": "3f0b97ad-9ccb-4188-bd5a-f874890f53c0",
        "x-ms-region": "West US 2",
        "x-ms-response-type": "standard",
        "X-Request-ID": "fcee500db4a4ec0f895e8d81f82564b6",
        "x-request-time": "1.499"
      },
      "ResponseBody": {
        "id": "run_5k1mJP2FyfOo7waZHpQbbrKS",
        "object": "thread.run",
        "created_at": 1732573665,
        "assistant_id": "asst_qJPewX6lLe9zouZmpCi7wTq3",
        "thread_id": "thread_Fqd1174gIOZPmPxtyu4vmj2X",
        "status": "in_progress",
        "started_at": 1732573666,
        "expires_at": 1732574265,
        "cancelled_at": null,
        "failed_at": null,
        "completed_at": null,
        "required_action": null,
        "last_error": null,
        "model": "gpt-4o",
        "instructions": "You are helpful agent",
        "tools": [],
        "tool_resources": {},
        "metadata": {},
        "temperature": 1.0,
        "top_p": 1.0,
        "max_completion_tokens": null,
        "max_prompt_tokens": null,
        "truncation_strategy": {
          "type": "auto",
          "last_messages": null
        },
        "incomplete_details": null,
        "usage": null,
        "response_format": "auto",
        "tool_choice": "auto",
        "parallel_tool_calls": true
      }
    },
    {
      "RequestUri": "https://Sanitized.api.azureml.ms/agents/v1.0/subscriptions/00000000-0000-0000-0000-000000000000/resourceGroups/00000/providers/Microsoft.MachineLearningServices/workspaces/00000/threads/thread_Fqd1174gIOZPmPxtyu4vmj2X/runs/run_5k1mJP2FyfOo7waZHpQbbrKS?api-version=2024-07-01-preview",
      "RequestMethod": "GET",
      "RequestHeaders": {
        "Accept": "application/json",
        "Accept-Encoding": "gzip,deflate",
        "Authorization": "Sanitized",
        "Connection": "keep-alive",
        "User-Agent": "azsdk-js-ai-projects-rest/1.0.0-beta.1 core-rest-pipeline/1.17.1 Node/18.20.4 OS/(x64-Windows_NT-10.0.22631)",
        "x-ms-client-request-id": "Sanitized"
      },
      "RequestBody": null,
      "StatusCode": 200,
      "ResponseHeaders": {
        "apim-request-id": "afae7f02-14b0-4358-a867-13e93304a078",
        "Connection": "keep-alive",
        "Content-Encoding": "gzip",
        "Content-Type": "application/json",
        "Date": "Mon, 25 Nov 2024 22:27:49 GMT",
        "request-context": "appId=cid-v1:17d65b70-e9ce-4ed5-9347-1f660ec782e9",
        "Strict-Transport-Security": "max-age=31536000; includeSubDomains; preload",
        "Transfer-Encoding": "chunked",
        "Vary": "Accept-Encoding",
        "x-aml-cluster": "vienna-eastus2euap-02",
        "X-Content-Type-Options": "nosniff",
        "x-ms-client-request-id": "Sanitized",
        "x-ms-middleware-request-id": "727f0e5e-84b9-4049-aebb-0d215fd74392",
        "x-ms-region": "West US 2",
        "x-ms-response-type": "standard",
        "X-Request-ID": "a825354602da55a354fdc941ee694665",
        "x-request-time": "0.220"
      },
      "ResponseBody": {
        "id": "run_5k1mJP2FyfOo7waZHpQbbrKS",
        "object": "thread.run",
        "created_at": 1732573665,
        "assistant_id": "asst_qJPewX6lLe9zouZmpCi7wTq3",
        "thread_id": "thread_Fqd1174gIOZPmPxtyu4vmj2X",
        "status": "in_progress",
        "started_at": 1732573666,
        "expires_at": 1732574265,
        "cancelled_at": null,
        "failed_at": null,
        "completed_at": null,
        "required_action": null,
        "last_error": null,
        "model": "gpt-4o",
        "instructions": "You are helpful agent",
        "tools": [],
        "tool_resources": {},
        "metadata": {},
        "temperature": 1.0,
        "top_p": 1.0,
        "max_completion_tokens": null,
        "max_prompt_tokens": null,
        "truncation_strategy": {
          "type": "auto",
          "last_messages": null
        },
        "incomplete_details": null,
        "usage": null,
        "response_format": "auto",
        "tool_choice": "auto",
        "parallel_tool_calls": true
      }
    },
    {
      "RequestUri": "https://Sanitized.api.azureml.ms/agents/v1.0/subscriptions/00000000-0000-0000-0000-000000000000/resourceGroups/00000/providers/Microsoft.MachineLearningServices/workspaces/00000/threads/thread_Fqd1174gIOZPmPxtyu4vmj2X/runs/run_5k1mJP2FyfOo7waZHpQbbrKS?api-version=2024-07-01-preview",
      "RequestMethod": "GET",
      "RequestHeaders": {
        "Accept": "application/json",
        "Accept-Encoding": "gzip,deflate",
        "Authorization": "Sanitized",
        "Connection": "keep-alive",
        "User-Agent": "azsdk-js-ai-projects-rest/1.0.0-beta.1 core-rest-pipeline/1.17.1 Node/18.20.4 OS/(x64-Windows_NT-10.0.22631)",
        "x-ms-client-request-id": "Sanitized"
      },
      "RequestBody": null,
      "StatusCode": 200,
      "ResponseHeaders": {
        "apim-request-id": "13cfedc8-f0ea-403a-ab3e-22182d3c67d1",
        "Connection": "keep-alive",
        "Content-Encoding": "gzip",
        "Content-Type": "application/json",
        "Date": "Mon, 25 Nov 2024 22:27:51 GMT",
        "request-context": "appId=cid-v1:17d65b70-e9ce-4ed5-9347-1f660ec782e9",
        "Strict-Transport-Security": "max-age=31536000; includeSubDomains; preload",
        "Transfer-Encoding": "chunked",
        "Vary": "Accept-Encoding",
        "x-aml-cluster": "vienna-eastus2euap-01",
        "X-Content-Type-Options": "nosniff",
        "x-ms-client-request-id": "Sanitized",
        "x-ms-middleware-request-id": "95e8dba8-c207-405d-8ed2-a4ca9ab690c7",
        "x-ms-region": "West US 2",
        "x-ms-response-type": "standard",
        "X-Request-ID": "3d87f2bc472bbd2bc0376677070ab003",
        "x-request-time": "0.259"
      },
      "ResponseBody": {
        "id": "run_5k1mJP2FyfOo7waZHpQbbrKS",
        "object": "thread.run",
        "created_at": 1732573665,
        "assistant_id": "asst_qJPewX6lLe9zouZmpCi7wTq3",
        "thread_id": "thread_Fqd1174gIOZPmPxtyu4vmj2X",
        "status": "completed",
        "started_at": 1732573666,
        "expires_at": null,
        "cancelled_at": null,
        "failed_at": null,
        "completed_at": 1732573669,
        "required_action": null,
        "last_error": null,
        "model": "gpt-4o",
        "instructions": "You are helpful agent",
        "tools": [],
        "tool_resources": {},
        "metadata": {},
        "temperature": 1.0,
        "top_p": 1.0,
        "max_completion_tokens": null,
        "max_prompt_tokens": null,
        "truncation_strategy": {
          "type": "auto",
          "last_messages": null
        },
        "incomplete_details": null,
        "usage": {
          "prompt_tokens": 27,
          "completion_tokens": 11,
          "total_tokens": 38
        },
        "response_format": "auto",
        "tool_choice": "auto",
        "parallel_tool_calls": true
      }
    },
    {
      "RequestUri": "https://Sanitized.api.azureml.ms/agents/v1.0/subscriptions/00000000-0000-0000-0000-000000000000/resourceGroups/00000/providers/Microsoft.MachineLearningServices/workspaces/00000/threads/thread_Fqd1174gIOZPmPxtyu4vmj2X/runs/run_5k1mJP2FyfOo7waZHpQbbrKS/steps?api-version=2024-07-01-preview",
      "RequestMethod": "GET",
      "RequestHeaders": {
        "Accept": "application/json",
        "Accept-Encoding": "gzip,deflate",
        "Authorization": "Sanitized",
        "Connection": "keep-alive",
        "User-Agent": "azsdk-js-ai-projects-rest/1.0.0-beta.1 core-rest-pipeline/1.17.1 Node/18.20.4 OS/(x64-Windows_NT-10.0.22631)",
        "x-ms-client-request-id": "Sanitized"
      },
      "RequestBody": null,
      "StatusCode": 200,
      "ResponseHeaders": {
        "apim-request-id": "6ffb9e2e-2c9e-40df-91b3-222278bc63d6",
        "Connection": "keep-alive",
        "Content-Encoding": "gzip",
        "Content-Type": "application/json",
        "Date": "Mon, 25 Nov 2024 22:27:51 GMT",
        "request-context": "appId=cid-v1:17d65b70-e9ce-4ed5-9347-1f660ec782e9",
        "Strict-Transport-Security": "max-age=31536000; includeSubDomains; preload",
        "Transfer-Encoding": "chunked",
        "Vary": "Accept-Encoding",
        "x-aml-cluster": "vienna-eastus2euap-01",
        "X-Content-Type-Options": "nosniff",
        "x-ms-client-request-id": "Sanitized",
        "x-ms-middleware-request-id": "49f79304-122d-4c7d-b16d-eb047045b77c",
        "x-ms-region": "West US 2",
        "x-ms-response-type": "standard",
        "X-Request-ID": "372ed0557a0f085bd12d8f47bb5fa527",
        "x-request-time": "0.241"
      },
      "ResponseBody": {
        "object": "list",
        "data": [
          {
            "id": "step_8ZKucCWbqNcvIcrSkyINaBIX",
            "object": "thread.run.step",
            "created_at": 1732573669,
            "run_id": "run_5k1mJP2FyfOo7waZHpQbbrKS",
            "assistant_id": "asst_qJPewX6lLe9zouZmpCi7wTq3",
            "thread_id": "thread_Fqd1174gIOZPmPxtyu4vmj2X",
            "type": "message_creation",
            "status": "completed",
            "cancelled_at": null,
            "completed_at": 1732573669,
            "expires_at": null,
            "failed_at": null,
            "last_error": null,
            "step_details": {
              "type": "message_creation",
              "message_creation": {
                "message_id": "msg_r9NV3c09HoRnjerWXNIpS5bT"
              }
            },
            "usage": {
              "prompt_tokens": 27,
              "completion_tokens": 11,
              "total_tokens": 38
            }
          }
        ],
        "first_id": "step_8ZKucCWbqNcvIcrSkyINaBIX",
        "last_id": "step_8ZKucCWbqNcvIcrSkyINaBIX",
        "has_more": false
      }
    },
    {
      "RequestUri": "https://Sanitized.api.azureml.ms/agents/v1.0/subscriptions/00000000-0000-0000-0000-000000000000/resourceGroups/00000/providers/Microsoft.MachineLearningServices/workspaces/00000/threads/thread_Fqd1174gIOZPmPxtyu4vmj2X?api-version=2024-07-01-preview",
      "RequestMethod": "DELETE",
      "RequestHeaders": {
        "Accept": "application/json",
        "Accept-Encoding": "gzip,deflate",
        "Authorization": "Sanitized",
        "Connection": "keep-alive",
        "User-Agent": "azsdk-js-ai-projects-rest/1.0.0-beta.1 core-rest-pipeline/1.17.1 Node/18.20.4 OS/(x64-Windows_NT-10.0.22631)",
        "x-ms-client-request-id": "Sanitized"
      },
      "RequestBody": null,
      "StatusCode": 200,
      "ResponseHeaders": {
        "apim-request-id": "353c85d3-2d2e-4f5b-9551-e4d07415fa23",
        "Connection": "keep-alive",
        "Content-Length": "94",
        "Content-Type": "application/json",
        "Date": "Mon, 25 Nov 2024 22:27:51 GMT",
        "request-context": "appId=cid-v1:17d65b70-e9ce-4ed5-9347-1f660ec782e9",
        "Strict-Transport-Security": "max-age=31536000; includeSubDomains; preload",
        "x-aml-cluster": "vienna-eastus2euap-01",
        "X-Content-Type-Options": "nosniff",
        "x-ms-client-request-id": "Sanitized",
        "x-ms-middleware-request-id": "7c178a97-7683-4536-8e42-cd75ea475577",
        "x-ms-region": "West US 2",
        "x-ms-response-type": "standard",
        "X-Request-ID": "a6674a5bb46462fd331770f1ecb9da5e",
        "x-request-time": "0.180"
      },
      "ResponseBody": {
        "id": "thread_Fqd1174gIOZPmPxtyu4vmj2X",
        "object": "thread.deleted",
        "deleted": true
      }
    },
    {
      "RequestUri": "https://Sanitized.api.azureml.ms/agents/v1.0/subscriptions/00000000-0000-0000-0000-000000000000/resourceGroups/00000/providers/Microsoft.MachineLearningServices/workspaces/00000/assistants/asst_qJPewX6lLe9zouZmpCi7wTq3?api-version=2024-07-01-preview",
      "RequestMethod": "DELETE",
      "RequestHeaders": {
        "Accept": "application/json",
        "Accept-Encoding": "gzip,deflate",
        "Authorization": "Sanitized",
        "Connection": "keep-alive",
        "User-Agent": "azsdk-js-ai-projects-rest/1.0.0-beta.1 core-rest-pipeline/1.17.1 Node/18.20.4 OS/(x64-Windows_NT-10.0.22631)",
        "x-ms-client-request-id": "Sanitized"
      },
      "RequestBody": null,
      "StatusCode": 200,
      "ResponseHeaders": {
        "apim-request-id": "2af185e1-0737-4f47-b033-4755f81bfcbf",
        "Connection": "keep-alive",
        "Content-Length": "95",
        "Content-Type": "application/json",
        "Date": "Mon, 25 Nov 2024 22:27:52 GMT",
        "request-context": "appId=cid-v1:17d65b70-e9ce-4ed5-9347-1f660ec782e9",
        "Strict-Transport-Security": "max-age=31536000; includeSubDomains; preload",
        "x-aml-cluster": "vienna-eastus2euap-01",
        "X-Content-Type-Options": "nosniff",
        "x-ms-client-request-id": "Sanitized",
        "x-ms-middleware-request-id": "5a54fdc7-e67a-4923-b678-f196eedf13b0",
        "x-ms-region": "West US 2",
        "x-ms-response-type": "standard",
        "X-Request-ID": "cae85b6c505e1d4100fe3606035ac651",
        "x-request-time": "0.189"
      },
      "ResponseBody": {
        "id": "asst_qJPewX6lLe9zouZmpCi7wTq3",
        "object": "assistant.deleted",
        "deleted": true
      }
    }
  ],
  "Variables": {}
}
