{
  "Entries": [
    {
      "RequestUri": "https://fakeHost.api.wus2.digitaltwins.azure.net/models/dtmi%3Aexample%3Afloor%3B12044303?includeModelDefinition=true\u0026api-version=2023-06-30",
      "RequestMethod": "GET",
      "RequestHeaders": {
        "Accept": "application/json",
        "Authorization": "Sanitized",
        "traceparent": "00-ac562bdde63bccdcc31bcd6b71cfcbb4-f3a8300675dab714-00",
        "User-Agent": "azsdk-net-DigitalTwins.Core/1.5.0-alpha.20230802.1 (.NET 6.0.20; Microsoft Windows 10.0.22621)",
        "x-ms-client-request-id": "090a60b69c9287d5992058cd76272273",
        "x-ms-return-client-request-id": "true"
      },
      "RequestBody": null,
      "StatusCode": 404,
      "ResponseHeaders": {
        "Content-Length": "212",
        "Content-Type": "application/json; charset=utf-8",
        "Date": "Wed, 02 Aug 2023 17:57:56 GMT",
        "mise-correlation-id": "e3a3c026-7165-4b9b-b9df-f1014a53fa6c",
        "Strict-Transport-Security": "max-age=2592000",
        "traceresponse": "00-ac562bdde63bccdcc31bcd6b71cfcbb4-91e57244ddc134ff-01",
        "x-ms-error-code": "ModelNotFound"
      },
      "ResponseBody": {
        "error": {
          "code": "ModelNotFound",
          "message": "There is no Model(s) available that matches the provided id(s) dtmi:example:floor;12044303. Check that the Model ID provided is valid by doing a Model_List API call."
        }
      }
    },
    {
      "RequestUri": "https://fakeHost.api.wus2.digitaltwins.azure.net/models/dtmi%3Aexample%3Aroom%3B195422344?includeModelDefinition=true\u0026api-version=2023-06-30",
      "RequestMethod": "GET",
      "RequestHeaders": {
        "Accept": "application/json",
        "Authorization": "Sanitized",
        "traceparent": "00-c639364bab2f7bc9b7a85fa577887229-d0678740a51b90d1-00",
        "User-Agent": "azsdk-net-DigitalTwins.Core/1.5.0-alpha.20230802.1 (.NET 6.0.20; Microsoft Windows 10.0.22621)",
        "x-ms-client-request-id": "8727b140a92eae698390574e7461f25e",
        "x-ms-return-client-request-id": "true"
      },
      "RequestBody": null,
      "StatusCode": 404,
      "ResponseHeaders": {
        "Content-Length": "212",
        "Content-Type": "application/json; charset=utf-8",
        "Date": "Wed, 02 Aug 2023 17:57:56 GMT",
        "mise-correlation-id": "1421d99f-3821-4b68-9d1b-fa83308a6ff7",
        "Strict-Transport-Security": "max-age=2592000",
        "traceresponse": "00-c639364bab2f7bc9b7a85fa577887229-6c080df89a8f8a66-01",
        "x-ms-error-code": "ModelNotFound"
      },
      "ResponseBody": {
        "error": {
          "code": "ModelNotFound",
          "message": "There is no Model(s) available that matches the provided id(s) dtmi:example:room;195422344. Check that the Model ID provided is valid by doing a Model_List API call."
        }
      }
    },
    {
      "RequestUri": "https://fakeHost.api.wus2.digitaltwins.azure.net/digitaltwins/dtmi%3Aexample%3Ahvac%3B120527071?api-version=2023-06-30",
      "RequestMethod": "GET",
      "RequestHeaders": {
        "Accept": "application/json",
        "Authorization": "Sanitized",
        "traceparent": "00-a1c782e9e9254488dcb11918425d1a26-852e436b153db005-00",
        "User-Agent": "azsdk-net-DigitalTwins.Core/1.5.0-alpha.20230802.1 (.NET 6.0.20; Microsoft Windows 10.0.22621)",
        "x-ms-client-request-id": "e138220448b95f1295b85bb517eaf75c",
        "x-ms-return-client-request-id": "true"
      },
      "RequestBody": null,
      "StatusCode": 404,
      "ResponseHeaders": {
        "Content-Length": "281",
        "Content-Type": "application/json; charset=utf-8",
        "Date": "Wed, 02 Aug 2023 17:57:56 GMT",
        "mise-correlation-id": "0a80a003-a6f8-46ed-92d7-159efec8f8e7",
        "Strict-Transport-Security": "max-age=2592000",
        "traceresponse": "00-a1c782e9e9254488dcb11918425d1a26-995a0dbd15206d65-01",
        "x-ms-error-code": "DigitalTwinNotFound"
      },
      "ResponseBody": {
        "error": {
          "code": "DigitalTwinNotFound",
          "message": "There is no digital twin instance that exists with the ID dtmi:example:hvac;120527071. Please verify that the twin id is valid and ensure that the twin is not deleted. See section on querying the twins https://aka.ms/adtv2query."
        }
      }
    },
    {
      "RequestUri": "https://fakeHost.api.wus2.digitaltwins.azure.net/digitaltwins/floorTwin429986528?api-version=2023-06-30",
      "RequestMethod": "GET",
      "RequestHeaders": {
        "Accept": "application/json",
        "Authorization": "Sanitized",
        "traceparent": "00-a9ef7aa7c80cdd115e5b74adbd1bedbf-410c3b1294112e0b-00",
        "User-Agent": "azsdk-net-DigitalTwins.Core/1.5.0-alpha.20230802.1 (.NET 6.0.20; Microsoft Windows 10.0.22621)",
        "x-ms-client-request-id": "58d7fe6db7875ba00f0c7d3825be666e",
        "x-ms-return-client-request-id": "true"
      },
      "RequestBody": null,
      "StatusCode": 404,
      "ResponseHeaders": {
        "Content-Length": "272",
        "Content-Type": "application/json; charset=utf-8",
        "Date": "Wed, 02 Aug 2023 17:57:56 GMT",
        "mise-correlation-id": "814f9700-161f-4422-b073-8ac85e25a153",
        "Strict-Transport-Security": "max-age=2592000",
        "traceresponse": "00-a9ef7aa7c80cdd115e5b74adbd1bedbf-4e9fff2568969f25-01",
        "x-ms-error-code": "DigitalTwinNotFound"
      },
      "ResponseBody": {
        "error": {
          "code": "DigitalTwinNotFound",
          "message": "There is no digital twin instance that exists with the ID floorTwin429986528. Please verify that the twin id is valid and ensure that the twin is not deleted. See section on querying the twins https://aka.ms/adtv2query."
        }
      }
    },
    {
      "RequestUri": "https://fakeHost.api.wus2.digitaltwins.azure.net/digitaltwins/roomTwin373419095?api-version=2023-06-30",
      "RequestMethod": "GET",
      "RequestHeaders": {
        "Accept": "application/json",
        "Authorization": "Sanitized",
        "traceparent": "00-5e2a3f2fe2d9d332b9ff5c42f985c52a-eb331f70be5681c8-00",
        "User-Agent": "azsdk-net-DigitalTwins.Core/1.5.0-alpha.20230802.1 (.NET 6.0.20; Microsoft Windows 10.0.22621)",
        "x-ms-client-request-id": "723bff236887271598f00df86ba560f1",
        "x-ms-return-client-request-id": "true"
      },
      "RequestBody": null,
      "StatusCode": 404,
      "ResponseHeaders": {
        "Content-Length": "271",
        "Content-Type": "application/json; charset=utf-8",
        "Date": "Wed, 02 Aug 2023 17:57:57 GMT",
        "mise-correlation-id": "249649f2-b14d-46a5-a5c3-67cfcb1ec3c6",
        "Strict-Transport-Security": "max-age=2592000",
        "traceresponse": "00-5e2a3f2fe2d9d332b9ff5c42f985c52a-010ae83cb2b4d800-01",
        "x-ms-error-code": "DigitalTwinNotFound"
      },
      "ResponseBody": {
        "error": {
          "code": "DigitalTwinNotFound",
          "message": "There is no digital twin instance that exists with the ID roomTwin373419095. Please verify that the twin id is valid and ensure that the twin is not deleted. See section on querying the twins https://aka.ms/adtv2query."
        }
      }
    },
    {
      "RequestUri": "https://fakeHost.api.wus2.digitaltwins.azure.net/digitaltwins/hvacTwin1757632403?api-version=2023-06-30",
      "RequestMethod": "GET",
      "RequestHeaders": {
        "Accept": "application/json",
        "Authorization": "Sanitized",
        "traceparent": "00-fb62a46325b2e15c997a9e0c59ba5009-2fab1bd3369776fe-00",
        "User-Agent": "azsdk-net-DigitalTwins.Core/1.5.0-alpha.20230802.1 (.NET 6.0.20; Microsoft Windows 10.0.22621)",
        "x-ms-client-request-id": "c687f3f46b7c8597aa3c942770faf447",
        "x-ms-return-client-request-id": "true"
      },
      "RequestBody": null,
      "StatusCode": 404,
      "ResponseHeaders": {
        "Content-Length": "272",
        "Content-Type": "application/json; charset=utf-8",
        "Date": "Wed, 02 Aug 2023 17:57:57 GMT",
        "mise-correlation-id": "43356204-bc12-4f19-b80f-bcfc34f5427e",
        "Strict-Transport-Security": "max-age=2592000",
        "traceresponse": "00-fb62a46325b2e15c997a9e0c59ba5009-c4d22a8566a0eb7b-01",
        "x-ms-error-code": "DigitalTwinNotFound"
      },
      "ResponseBody": {
        "error": {
          "code": "DigitalTwinNotFound",
          "message": "There is no digital twin instance that exists with the ID hvacTwin1757632403. Please verify that the twin id is valid and ensure that the twin is not deleted. See section on querying the twins https://aka.ms/adtv2query."
        }
      }
    },
    {
      "RequestUri": "https://fakeHost.api.wus2.digitaltwins.azure.net/models?api-version=2023-06-30",
      "RequestMethod": "POST",
      "RequestHeaders": {
        "Accept": "application/json",
        "Authorization": "Sanitized",
        "Content-Length": "2310",
        "Content-Type": "application/json",
        "traceparent": "00-72f783c910f0382f6686356324f865d9-e6c2dea9160f0b40-00",
        "User-Agent": "azsdk-net-DigitalTwins.Core/1.5.0-alpha.20230802.1 (.NET 6.0.20; Microsoft Windows 10.0.22621)",
        "x-ms-client-request-id": "21f7c7c0e56dc19531eec69263a3661d",
        "x-ms-return-client-request-id": "true"
      },
      "RequestBody": "[{    \u0022@id\u0022: \u0022dtmi:example:floor;12044303\u0022,    \u0022@type\u0022: \u0022Interface\u0022,    \u0022@context\u0022: \u0022dtmi:dtdl:context;2\u0022,    \u0022displayName\u0022: \u0022Floor\u0022,    \u0022description\u0022: \u0022A building story.\u0022,    \u0022contents\u0022: [        {            \u0022@type\u0022: \u0022Relationship\u0022,            \u0022name\u0022: \u0022contains\u0022,            \u0022target\u0022: \u0022dtmi:example:room;195422344\u0022,            \u0022properties\u0022: [                {                    \u0022@type\u0022: \u0022Property\u0022,                    \u0022name\u0022: \u0022isAccessRestricted\u0022,                    \u0022schema\u0022: \u0022boolean\u0022                }            ]        },        {            \u0022@type\u0022: \u0022Relationship\u0022,            \u0022name\u0022: \u0022cooledBy\u0022,            \u0022target\u0022: \u0022dtmi:example:hvac;120527071\u0022        },        {            \u0022@type\u0022: \u0022Property\u0022,            \u0022name\u0022: \u0022AverageTemperature\u0022,            \u0022schema\u0022: \u0022double\u0022        }    ]},{    \u0022@id\u0022: \u0022dtmi:example:room;195422344\u0022,    \u0022@type\u0022: \u0022Interface\u0022,    \u0022displayName\u0022: \u0022Room\u0022,    \u0022description\u0022: \u0022An enclosure inside a building.\u0022,    \u0022contents\u0022: [        {            \u0022@type\u0022: \u0022Relationship\u0022,            \u0022name\u0022: \u0022containedIn\u0022,            \u0022target\u0022: \u0022dtmi:example:floor;12044303\u0022        },        {            \u0022@type\u0022: \u0022Property\u0022,            \u0022name\u0022: \u0022Temperature\u0022,            \u0022schema\u0022: \u0022double\u0022        },        {            \u0022@type\u0022: \u0022Property\u0022,            \u0022name\u0022: \u0022Humidity\u0022,            \u0022schema\u0022: \u0022double\u0022        },        {            \u0022@type\u0022: \u0022Property\u0022,            \u0022name\u0022: \u0022IsOccupied\u0022,            \u0022schema\u0022: \u0022boolean\u0022        },        {            \u0022@type\u0022: \u0022Property\u0022,            \u0022name\u0022: \u0022EmployeeId\u0022,            \u0022schema\u0022: \u0022string\u0022        }    ],    \u0022@context\u0022: \u0022dtmi:dtdl:context;2\u0022},{    \u0022@id\u0022: \u0022dtmi:example:hvac;120527071\u0022,    \u0022@type\u0022: \u0022Interface\u0022,    \u0022displayName\u0022: \u0022HVAC\u0022,    \u0022description\u0022: \u0022A heating, ventilation, and air conditioning unit.\u0022,    \u0022contents\u0022: [        {            \u0022@type\u0022: \u0022Property\u0022,            \u0022name\u0022: \u0022Efficiency\u0022,            \u0022schema\u0022: \u0022double\u0022        },        {            \u0022@type\u0022: \u0022Property\u0022,            \u0022name\u0022: \u0022TargetTemperature\u0022,            \u0022schema\u0022: \u0022double\u0022        },        {            \u0022@type\u0022: \u0022Property\u0022,            \u0022name\u0022: \u0022TargetHumidity\u0022,            \u0022schema\u0022: \u0022double\u0022        },        {            \u0022@type\u0022: \u0022Relationship\u0022,            \u0022name\u0022: \u0022cools\u0022,            \u0022target\u0022: \u0022dtmi:example:floor;12044303\u0022        }    ],    \u0022@context\u0022: \u0022dtmi:dtdl:context;2\u0022}]",
      "StatusCode": 201,
      "ResponseHeaders": {
        "Content-Length": "583",
        "Content-Type": "application/json; charset=utf-8",
        "Date": "Wed, 02 Aug 2023 17:57:57 GMT",
        "mise-correlation-id": "34fb2107-00e2-40a4-aff4-809fe5cb3e80",
        "Strict-Transport-Security": "max-age=2592000",
        "traceresponse": "00-72f783c910f0382f6686356324f865d9-af5d0200a9c195d1-01"
      },
      "ResponseBody": "[{\u0022id\u0022:\u0022dtmi:example:floor;12044303\u0022,\u0022description\u0022:{\u0022en\u0022:\u0022A building story.\u0022},\u0022displayName\u0022:{\u0022en\u0022:\u0022Floor\u0022},\u0022decommissioned\u0022:false,\u0022uploadTime\u0022:\u00222023-08-02T17:57:58.3619154\u002B00:00\u0022},{\u0022id\u0022:\u0022dtmi:example:room;195422344\u0022,\u0022description\u0022:{\u0022en\u0022:\u0022An enclosure inside a building.\u0022},\u0022displayName\u0022:{\u0022en\u0022:\u0022Room\u0022},\u0022decommissioned\u0022:false,\u0022uploadTime\u0022:\u00222023-08-02T17:57:58.3619648\u002B00:00\u0022},{\u0022id\u0022:\u0022dtmi:example:hvac;120527071\u0022,\u0022description\u0022:{\u0022en\u0022:\u0022A heating, ventilation, and air conditioning unit.\u0022},\u0022displayName\u0022:{\u0022en\u0022:\u0022HVAC\u0022},\u0022decommissioned\u0022:false,\u0022uploadTime\u0022:\u00222023-08-02T17:57:58.3620449\u002B00:00\u0022}]"
    },
    {
      "RequestUri": "https://fakeHost.api.wus2.digitaltwins.azure.net/models?includeModelDefinition=false\u0026api-version=2023-06-30",
      "RequestMethod": "GET",
      "RequestHeaders": {
        "Accept": "application/json",
        "Authorization": "Sanitized",
        "traceparent": "00-2b1a76820835da7a413846910c43fd5d-8b1656b3bfa0fa6c-00",
        "User-Agent": "azsdk-net-DigitalTwins.Core/1.5.0-alpha.20230802.1 (.NET 6.0.20; Microsoft Windows 10.0.22621)",
        "x-ms-client-request-id": "72c9914691e694a6a3ecdc2c81ff28f6",
        "x-ms-return-client-request-id": "true"
      },
      "RequestBody": null,
      "StatusCode": 200,
      "ResponseHeaders": {
        "Content-Length": "5856",
        "Content-Type": "application/json; charset=utf-8",
        "Date": "Wed, 02 Aug 2023 17:57:58 GMT",
        "mise-correlation-id": "7ccd7504-0327-42aa-b7bf-fe0199c35eb9",
        "Strict-Transport-Security": "max-age=2592000",
        "traceresponse": "00-2b1a76820835da7a413846910c43fd5d-49eb71f19c71e500-01"
      },
      "ResponseBody": {
        "value": [
          {
            "id": "dtmi:example:room;180719651",
            "description": {
              "en": "An enclosure inside a building."
            },
            "displayName": {
              "en": "Room"
            },
            "decommissioned": false,
            "uploadTime": "2023-07-20T16:56:11.0624733\u002B00:00"
          },
          {
            "id": "dtmi:example:room;151014275",
            "description": {
              "en": "An enclosure inside a building."
            },
            "displayName": {
              "en": "Room"
            },
            "decommissioned": false,
            "uploadTime": "2023-07-20T16:56:11.2279247\u002B00:00"
          },
          {
            "id": "dtmi:example:Ward;192203971",
            "description": {
              "en": "A separate partition in a building, made of rooms and hallways."
            },
            "displayName": {
              "en": "Ward"
            },
            "decommissioned": false,
            "uploadTime": "2023-07-20T16:56:26.1533024\u002B00:00"
          },
          {
            "id": "dtmi:example:Ward;113285811",
            "description": {
              "en": "A separate partition in a building, made of rooms and hallways."
            },
            "displayName": {
              "en": "Ward"
            },
            "decommissioned": false,
            "uploadTime": "2023-07-20T16:56:26.2570769\u002B00:00"
          },
          {
            "id": "dtmi:example:Ward;136940038",
            "description": {
              "en": "A separate partition in a building, made of rooms and hallways."
            },
            "displayName": {
              "en": "Ward"
            },
            "decommissioned": false,
            "uploadTime": "2023-07-20T16:56:29.4141361\u002B00:00"
          },
          {
            "id": "dtmi:example:Ward;119587588",
            "description": {
              "en": "A separate partition in a building, made of rooms and hallways."
            },
            "displayName": {
              "en": "Ward"
            },
            "decommissioned": false,
            "uploadTime": "2023-07-20T16:56:29.9924909\u002B00:00"
          },
          {
            "id": "dtmi:example:room;121067353",
            "description": {
              "en": "An enclosure inside a building."
            },
            "displayName": {
              "en": "Room"
            },
            "decommissioned": false,
            "uploadTime": "2023-07-20T18:47:25.3201553\u002B00:00"
          },
          {
            "id": "dtmi:example:room;114854850",
            "description": {
              "en": "An enclosure inside a building."
            },
            "displayName": {
              "en": "Room"
            },
            "decommissioned": false,
            "uploadTime": "2023-07-20T18:47:25.4508859\u002B00:00"
          },
          {
            "id": "dtmi:example:Ward;120421594",
            "description": {
              "en": "A separate partition in a building, made of rooms and hallways."
            },
            "displayName": {
              "en": "Ward"
            },
            "decommissioned": false,
            "uploadTime": "2023-07-20T18:47:39.3176\u002B00:00"
          },
          {
            "id": "dtmi:example:Ward;119295625",
            "description": {
              "en": "A separate partition in a building, made of rooms and hallways."
            },
            "displayName": {
              "en": "Ward"
            },
            "decommissioned": false,
            "uploadTime": "2023-07-20T18:47:39.9195535\u002B00:00"
          },
          {
            "id": "dtmi:example:Ward;114260452",
            "description": {
              "en": "A separate partition in a building, made of rooms and hallways."
            },
            "displayName": {
              "en": "Ward"
            },
            "decommissioned": false,
            "uploadTime": "2023-07-20T18:47:42.4968713\u002B00:00"
          },
          {
            "id": "dtmi:example:Ward;115532858",
            "description": {
              "en": "A separate partition in a building, made of rooms and hallways."
            },
            "displayName": {
              "en": "Ward"
            },
            "decommissioned": false,
            "uploadTime": "2023-07-20T18:47:43.3051977\u002B00:00"
          },
          {
            "id": "dtmi:example:room;140236201",
            "description": {
              "en": "An enclosure inside a building."
            },
            "displayName": {
              "en": "Room"
            },
            "decommissioned": false,
            "uploadTime": "2023-07-20T18:54:18.0923481\u002B00:00"
          },
          {
            "id": "dtmi:example:room;112001096",
            "description": {
              "en": "An enclosure inside a building."
            },
            "displayName": {
              "en": "Room"
            },
            "decommissioned": false,
            "uploadTime": "2023-07-20T18:54:18.1066203\u002B00:00"
          },
          {
            "id": "dtmi:example:Ward;172150796",
            "description": {
              "en": "A separate partition in a building, made of rooms and hallways."
            },
            "displayName": {
              "en": "Ward"
            },
            "decommissioned": false,
            "uploadTime": "2023-07-20T18:54:32.2937206\u002B00:00"
          },
          {
            "id": "dtmi:example:Ward;162879972",
            "description": {
              "en": "A separate partition in a building, made of rooms and hallways."
            },
            "displayName": {
              "en": "Ward"
            },
            "decommissioned": false,
            "uploadTime": "2023-07-20T18:54:32.8223278\u002B00:00"
          },
          {
            "id": "dtmi:example:Ward;113838746",
            "description": {
              "en": "A separate partition in a building, made of rooms and hallways."
            },
            "displayName": {
              "en": "Ward"
            },
            "decommissioned": false,
            "uploadTime": "2023-07-20T18:54:35.5407259\u002B00:00"
          },
          {
            "id": "dtmi:example:Ward;197428292",
            "description": {
              "en": "A separate partition in a building, made of rooms and hallways."
            },
            "displayName": {
              "en": "Ward"
            },
            "decommissioned": false,
            "uploadTime": "2023-07-20T18:54:35.9191561\u002B00:00"
          },
          {
            "id": "dtmi:com:microsoft:azure:iot:model0;1",
            "description": {
              "en": "This is the description of model"
            },
            "displayName": {
              "en": "This is the display name"
            },
            "decommissioned": false,
            "uploadTime": "2023-07-20T18:55:12.9815135\u002B00:00"
          },
          {
            "id": "dtmi:com:microsoft:azure:iot:model1;1",
            "description": {
              "en": "This is the description of model"
            },
            "displayName": {
              "en": "This is the display name"
            },
            "decommissioned": false,
            "uploadTime": "2023-07-20T18:55:12.9815507\u002B00:00"
          },
          {
            "id": "dtmi:example:room;110196595",
            "description": {
              "en": "An enclosure inside a building."
            },
            "displayName": {
              "en": "Room"
            },
            "decommissioned": false,
            "uploadTime": "2023-08-02T17:57:48.4101165\u002B00:00"
          },
          {
            "id": "dtmi:example:room;119563191",
            "description": {
              "en": "An enclosure inside a building."
            },
            "displayName": {
              "en": "Room"
            },
            "decommissioned": false,
            "uploadTime": "2023-08-02T17:57:48.5643544\u002B00:00"
          },
          {
            "id": "dtmi:example:floor;13787816",
            "description": {
              "en": "A building story."
            },
            "displayName": {
              "en": "Floor"
            },
            "decommissioned": false,
            "uploadTime": "2023-08-02T17:57:57.8077037\u002B00:00"
          },
          {
            "id": "dtmi:example:room;115336385",
            "description": {
              "en": "An enclosure inside a building."
            },
            "displayName": {
              "en": "Room"
            },
            "decommissioned": false,
            "uploadTime": "2023-08-02T17:57:57.8077333\u002B00:00"
          },
          {
            "id": "dtmi:example:hvac;14063309",
            "description": {
              "en": "A heating, ventilation, and air conditioning unit."
            },
            "displayName": {
              "en": "HVAC"
            },
            "decommissioned": false,
            "uploadTime": "2023-08-02T17:57:57.807753\u002B00:00"
          },
          {
            "id": "dtmi:example:floor;12044303",
            "description": {
              "en": "A building story."
            },
            "displayName": {
              "en": "Floor"
            },
            "decommissioned": false,
            "uploadTime": "2023-08-02T17:57:58.3619154\u002B00:00"
          },
          {
            "id": "dtmi:example:room;195422344",
            "description": {
              "en": "An enclosure inside a building."
            },
            "displayName": {
              "en": "Room"
            },
            "decommissioned": false,
            "uploadTime": "2023-08-02T17:57:58.3619648\u002B00:00"
          },
          {
            "id": "dtmi:example:hvac;120527071",
            "description": {
              "en": "A heating, ventilation, and air conditioning unit."
            },
            "displayName": {
              "en": "HVAC"
            },
            "decommissioned": false,
            "uploadTime": "2023-08-02T17:57:58.3620449\u002B00:00"
          }
        ],
        "nextLink": null
      }
    },
    {
      "RequestUri": "https://fakeHost.api.wus2.digitaltwins.azure.net/digitaltwins/floorTwin429986528?api-version=2023-06-30",
      "RequestMethod": "PUT",
      "RequestHeaders": {
        "Accept": "application/json",
        "Authorization": "Sanitized",
        "Content-Length": "104",
        "Content-Type": "application/json",
        "traceparent": "00-48f5ff178e62722efc58b7875d49e36c-3e349131679298da-00",
        "User-Agent": "azsdk-net-DigitalTwins.Core/1.5.0-alpha.20230802.1 (.NET 6.0.20; Microsoft Windows 10.0.22621)",
        "x-ms-client-request-id": "deabb119d0680e255ec5948da4042207",
        "x-ms-return-client-request-id": "true"
      },
      "RequestBody": {
        "$dtId": null,
        "$etag": null,
        "AverageTemperature": 75,
        "$metadata": {
          "$model": "dtmi:example:floor;12044303"
        }
      },
      "StatusCode": 200,
      "ResponseHeaders": {
        "Content-Length": "280",
        "Content-Type": "application/json; charset=utf-8",
        "Date": "Wed, 02 Aug 2023 17:57:58 GMT",
        "ETag": "W/\u0022efedb1ca-8f65-4394-83cd-acb2917b1909\u0022",
        "mise-correlation-id": "d444402a-7f68-407c-ab62-82f14cdfe0e4",
        "Strict-Transport-Security": "max-age=2592000",
        "traceresponse": "00-48f5ff178e62722efc58b7875d49e36c-75efeaa7107f6926-01"
      },
      "ResponseBody": {
        "$dtId": "floorTwin429986528",
        "$etag": "W/\u0022efedb1ca-8f65-4394-83cd-acb2917b1909\u0022",
        "AverageTemperature": 75,
        "$metadata": {
          "$model": "dtmi:example:floor;12044303",
          "$lastUpdateTime": "2023-08-02T17:57:58.7177506Z",
          "AverageTemperature": {
            "lastUpdateTime": "2023-08-02T17:57:58.7177506Z"
          }
        }
      }
    },
    {
      "RequestUri": "https://fakeHost.api.wus2.digitaltwins.azure.net/digitaltwins/roomTwin373419095?api-version=2023-06-30",
      "RequestMethod": "PUT",
      "RequestHeaders": {
        "Accept": "application/json",
        "Authorization": "Sanitized",
        "Content-Length": "154",
        "Content-Type": "application/json",
        "traceparent": "00-2c7f99d23789e5e190b95819ef663b3e-bea4ed5ca6b360c7-00",
        "User-Agent": "azsdk-net-DigitalTwins.Core/1.5.0-alpha.20230802.1 (.NET 6.0.20; Microsoft Windows 10.0.22621)",
        "x-ms-client-request-id": "dee077d582302f6020627d8109684032",
        "x-ms-return-client-request-id": "true"
      },
      "RequestBody": {
        "$dtId": null,
        "$etag": null,
        "Temperature": 80,
        "Humidity": 25,
        "IsOccupied": true,
        "EmployeeId": "Employee1",
        "$metadata": {
          "$model": "dtmi:example:room;195422344"
        }
      },
      "StatusCode": 200,
      "ResponseHeaders": {
        "Content-Length": "509",
        "Content-Type": "application/json; charset=utf-8",
        "Date": "Wed, 02 Aug 2023 17:57:57 GMT",
        "ETag": "W/\u0022191f6ecd-ca4b-4f87-8e2b-86a5b52c32b8\u0022",
        "mise-correlation-id": "1084c49d-580c-4b96-9240-b6dab4dd241c",
        "Strict-Transport-Security": "max-age=2592000",
        "traceresponse": "00-2c7f99d23789e5e190b95819ef663b3e-925af30c1ecdcb1f-01"
      },
      "ResponseBody": {
        "$dtId": "roomTwin373419095",
        "$etag": "W/\u0022191f6ecd-ca4b-4f87-8e2b-86a5b52c32b8\u0022",
        "Temperature": 80,
        "Humidity": 25,
        "IsOccupied": true,
        "EmployeeId": "Employee1",
        "$metadata": {
          "$model": "dtmi:example:room;195422344",
          "$lastUpdateTime": "2023-08-02T17:57:58.9042409Z",
          "Temperature": {
            "lastUpdateTime": "2023-08-02T17:57:58.9042409Z"
          },
          "Humidity": {
            "lastUpdateTime": "2023-08-02T17:57:58.9042409Z"
          },
          "IsOccupied": {
            "lastUpdateTime": "2023-08-02T17:57:58.9042409Z"
          },
          "EmployeeId": {
            "lastUpdateTime": "2023-08-02T17:57:58.9042409Z"
          }
        }
      }
    },
    {
      "RequestUri": "https://fakeHost.api.wus2.digitaltwins.azure.net/digitaltwins/hvacTwin1757632403?api-version=2023-06-30",
      "RequestMethod": "PUT",
      "RequestHeaders": {
        "Accept": "application/json",
        "Authorization": "Sanitized",
        "Content-Length": "123",
        "Content-Type": "application/json",
        "traceparent": "00-a07ca13ce7c22624eee10cd49a716823-96f730b39f0ce7c2-00",
        "User-Agent": "azsdk-net-DigitalTwins.Core/1.5.0-alpha.20230802.1 (.NET 6.0.20; Microsoft Windows 10.0.22621)",
        "x-ms-client-request-id": "b279d0c688f876b46bba1420fc18f09e",
        "x-ms-return-client-request-id": "true"
      },
      "RequestBody": {
        "$dtId": null,
        "$etag": null,
        "TargetTemperature": 80,
        "TargetHumidity": 25,
        "$metadata": {
          "$model": "dtmi:example:hvac;120527071"
        }
      },
      "StatusCode": 200,
      "ResponseHeaders": {
        "Content-Length": "365",
        "Content-Type": "application/json; charset=utf-8",
        "Date": "Wed, 02 Aug 2023 17:57:58 GMT",
        "ETag": "W/\u0022d4e94657-093e-481c-8bb2-75d5c3d12d25\u0022",
        "mise-correlation-id": "57f3331f-50c0-42c7-9d86-e87df8913acb",
        "Strict-Transport-Security": "max-age=2592000",
        "traceresponse": "00-a07ca13ce7c22624eee10cd49a716823-1ad488adad282ac8-01"
      },
      "ResponseBody": {
        "$dtId": "hvacTwin1757632403",
        "$etag": "W/\u0022d4e94657-093e-481c-8bb2-75d5c3d12d25\u0022",
        "TargetTemperature": 80,
        "TargetHumidity": 25,
        "$metadata": {
          "$model": "dtmi:example:hvac;120527071",
          "$lastUpdateTime": "2023-08-02T17:57:59.0849638Z",
          "TargetTemperature": {
            "lastUpdateTime": "2023-08-02T17:57:59.0849638Z"
          },
          "TargetHumidity": {
            "lastUpdateTime": "2023-08-02T17:57:59.0849638Z"
          }
        }
      }
    },
    {
      "RequestUri": "https://fakeHost.api.wus2.digitaltwins.azure.net/digitaltwins/floorTwin429986528/relationships/FloorToRoomRelationship?api-version=2023-06-30",
      "RequestMethod": "PUT",
      "RequestHeaders": {
        "Accept": "application/json",
        "Authorization": "Sanitized",
        "Content-Length": "143",
        "Content-Type": "application/json",
        "traceparent": "00-c1a798e7f592b86877a752baaecd6dde-8bce1ce1fa2d621d-00",
        "User-Agent": "azsdk-net-DigitalTwins.Core/1.5.0-alpha.20230802.1 (.NET 6.0.20; Microsoft Windows 10.0.22621)",
        "x-ms-client-request-id": "0957d5ca4a1f96c5507bbd0652a405f5",
        "x-ms-return-client-request-id": "true"
      },
      "RequestBody": {
        "$relationshipId": null,
        "$targetId": "roomTwin373419095",
        "$sourceId": null,
        "$relationshipName": "contains",
        "$etag": null,
        "isAccessRestricted": true
      },
      "StatusCode": 200,
      "ResponseHeaders": {
        "Content-Length": "220",
        "Content-Type": "application/json; charset=utf-8",
        "Date": "Wed, 02 Aug 2023 17:57:58 GMT",
        "ETag": "W/\u0022f9052b4d-95ad-4d41-88d4-b4822bd2713c\u0022",
        "mise-correlation-id": "a3117466-b9a1-455d-b7d1-16a90a15f590",
        "Strict-Transport-Security": "max-age=2592000",
        "traceresponse": "00-c1a798e7f592b86877a752baaecd6dde-8f722b5817d79e54-01"
      },
      "ResponseBody": {
        "$relationshipId": "FloorToRoomRelationship",
        "$etag": "W/\u0022f9052b4d-95ad-4d41-88d4-b4822bd2713c\u0022",
        "$sourceId": "floorTwin429986528",
        "$relationshipName": "contains",
        "$targetId": "roomTwin373419095",
        "isAccessRestricted": true
      }
    },
    {
      "RequestUri": "https://fakeHost.api.wus2.digitaltwins.azure.net/digitaltwins/floorTwin429986528/relationships/FloorToRoomRelationship?api-version=2023-06-30",
      "RequestMethod": "PATCH",
      "RequestHeaders": {
        "Accept": "application/json",
        "Authorization": "Sanitized",
        "Content-Length": "61",
        "Content-Type": "application/json-patch\u002Bjson",
        "traceparent": "00-280b957129467c110d2e88a46dab8cab-deea4e4100202ae3-00",
        "User-Agent": "azsdk-net-DigitalTwins.Core/1.5.0-alpha.20230802.1 (.NET 6.0.20; Microsoft Windows 10.0.22621)",
        "x-ms-client-request-id": "d4c76284708b4d0ec26a72766d3f3208",
        "x-ms-return-client-request-id": "true"
      },
      "RequestBody": "[{\u0022op\u0022:\u0022replace\u0022,\u0022path\u0022:\u0022/isAccessRestricted\u0022,\u0022value\u0022:false}]",
      "StatusCode": 204,
      "ResponseHeaders": {
        "Content-Length": "0",
        "Date": "Wed, 02 Aug 2023 17:57:59 GMT",
        "ETag": "W/\u002240e50cc7-9085-4b86-9605-780d79ba2f1e\u0022",
        "mise-correlation-id": "1040f873-2df9-47e4-9ac4-82ee7c685def",
        "Strict-Transport-Security": "max-age=2592000",
        "traceresponse": "00-280b957129467c110d2e88a46dab8cab-767cfc521cec1ab1-01"
      },
      "ResponseBody": null
    },
    {
      "RequestUri": "https://fakeHost.api.wus2.digitaltwins.azure.net/digitaltwins/floorTwin429986528/relationships/FloorToRoomRelationship?api-version=2023-06-30",
      "RequestMethod": "GET",
      "RequestHeaders": {
        "Accept": "application/json",
        "Authorization": "Sanitized",
        "traceparent": "00-cbb68356500046133ff61cf000e7025b-a460dc0187483e2d-00",
        "User-Agent": "azsdk-net-DigitalTwins.Core/1.5.0-alpha.20230802.1 (.NET 6.0.20; Microsoft Windows 10.0.22621)",
        "x-ms-client-request-id": "33b6df7236117b130ae2617ccbae23c7",
        "x-ms-return-client-request-id": "true"
      },
      "RequestBody": null,
      "StatusCode": 200,
      "ResponseHeaders": {
        "Content-Length": "221",
        "Content-Type": "application/json; charset=utf-8",
        "Date": "Wed, 02 Aug 2023 17:57:59 GMT",
        "ETag": "W/\u002240e50cc7-9085-4b86-9605-780d79ba2f1e\u0022",
        "mise-correlation-id": "856f3b8b-ea8a-4405-92b7-0d5e9f7129bc",
        "Strict-Transport-Security": "max-age=2592000",
        "traceresponse": "00-cbb68356500046133ff61cf000e7025b-a4a1003c6ed6d3b2-01"
      },
      "ResponseBody": {
        "$relationshipId": "FloorToRoomRelationship",
        "$etag": "W/\u002240e50cc7-9085-4b86-9605-780d79ba2f1e\u0022",
        "$sourceId": "floorTwin429986528",
        "$relationshipName": "contains",
        "$targetId": "roomTwin373419095",
        "isAccessRestricted": false
      }
    },
    {
      "RequestUri": "https://fakeHost.api.wus2.digitaltwins.azure.net/digitaltwins/floorTwin429986528/relationships/FloorToRoomRelationship?api-version=2023-06-30",
      "RequestMethod": "DELETE",
      "RequestHeaders": {
        "Accept": "application/json",
        "Authorization": "Sanitized",
        "If-Match": "W/\u002240e50cc7-9085-4b86-9605-780d79ba2f1e\u0022",
        "traceparent": "00-b788b20523593f46d590b5ea42adb867-f6a983d7c426907c-00",
        "User-Agent": "azsdk-net-DigitalTwins.Core/1.5.0-alpha.20230802.1 (.NET 6.0.20; Microsoft Windows 10.0.22621)",
        "x-ms-client-request-id": "9a9b1fb41b505a13c60a47b4d74f2810",
        "x-ms-return-client-request-id": "true"
      },
      "RequestBody": null,
      "StatusCode": 204,
      "ResponseHeaders": {
        "Content-Length": "0",
        "Date": "Wed, 02 Aug 2023 17:57:59 GMT",
        "mise-correlation-id": "027442ad-d2b2-4a53-b808-3bbd02bf9e96",
        "Strict-Transport-Security": "max-age=2592000",
        "traceresponse": "00-b788b20523593f46d590b5ea42adb867-8a510d0f5c6088a8-01"
      },
      "ResponseBody": null
    },
    {
      "RequestUri": "https://fakeHost.api.wus2.digitaltwins.azure.net/digitaltwins/roomTwin373419095?api-version=2023-06-30",
      "RequestMethod": "DELETE",
      "RequestHeaders": {
        "Accept": "application/json",
        "Authorization": "Sanitized",
        "traceparent": "00-484afcbfa072d98026e865476e7b7063-a51fd2cebb86e4c2-00",
        "User-Agent": "azsdk-net-DigitalTwins.Core/1.5.0-alpha.20230802.1 (.NET 6.0.20; Microsoft Windows 10.0.22621)",
        "x-ms-client-request-id": "4ec1ab4697a356b7cb5b6c07ef5ea3bb",
        "x-ms-return-client-request-id": "true"
      },
      "RequestBody": null,
      "StatusCode": 204,
      "ResponseHeaders": {
        "Content-Length": "0",
        "Date": "Wed, 02 Aug 2023 17:57:59 GMT",
        "mise-correlation-id": "2b65a250-35df-4e24-99de-fff1c2283a44",
        "Strict-Transport-Security": "max-age=2592000",
        "traceresponse": "00-484afcbfa072d98026e865476e7b7063-243033ff72a3cef8-01"
      },
      "ResponseBody": null
    },
    {
      "RequestUri": "https://fakeHost.api.wus2.digitaltwins.azure.net/digitaltwins/floorTwin429986528?api-version=2023-06-30",
      "RequestMethod": "DELETE",
      "RequestHeaders": {
        "Accept": "application/json",
        "Authorization": "Sanitized",
        "traceparent": "00-7ccb0ebe818ead8137dd04412b9d6bf6-a021dd099a666eb2-00",
        "User-Agent": "azsdk-net-DigitalTwins.Core/1.5.0-alpha.20230802.1 (.NET 6.0.20; Microsoft Windows 10.0.22621)",
        "x-ms-client-request-id": "7393b449d2ee4ee34e4bc9a80e928113",
        "x-ms-return-client-request-id": "true"
      },
      "RequestBody": null,
      "StatusCode": 204,
      "ResponseHeaders": {
        "Content-Length": "0",
        "Date": "Wed, 02 Aug 2023 17:57:59 GMT",
        "mise-correlation-id": "c88fdc20-0869-4c03-9ace-f13d73e93bf9",
        "Strict-Transport-Security": "max-age=2592000",
        "traceresponse": "00-7ccb0ebe818ead8137dd04412b9d6bf6-ff422426f15e55df-01"
      },
      "ResponseBody": null
    },
    {
      "RequestUri": "https://fakeHost.api.wus2.digitaltwins.azure.net/models/dtmi%3Aexample%3Ahvac%3B120527071?api-version=2023-06-30",
      "RequestMethod": "DELETE",
      "RequestHeaders": {
        "Accept": "application/json",
        "Authorization": "Sanitized",
        "traceparent": "00-8be53f4a3ad4ecd394945e9bd6095eb7-8872f120eb92f6f0-00",
        "User-Agent": "azsdk-net-DigitalTwins.Core/1.5.0-alpha.20230802.1 (.NET 6.0.20; Microsoft Windows 10.0.22621)",
        "x-ms-client-request-id": "2c6d3488da8db26dfd3ca79265db5ef0",
        "x-ms-return-client-request-id": "true"
      },
      "RequestBody": null,
      "StatusCode": 204,
      "ResponseHeaders": {
        "Content-Length": "0",
        "Date": "Wed, 02 Aug 2023 17:57:59 GMT",
        "mise-correlation-id": "84b7ac90-0041-49c5-8110-eb0f1c3a2547",
        "Strict-Transport-Security": "max-age=2592000",
        "traceresponse": "00-8be53f4a3ad4ecd394945e9bd6095eb7-56cccd296289e767-01"
      },
      "ResponseBody": null
    },
    {
      "RequestUri": "https://fakeHost.api.wus2.digitaltwins.azure.net/models/dtmi%3Aexample%3Afloor%3B12044303?api-version=2023-06-30",
      "RequestMethod": "DELETE",
      "RequestHeaders": {
        "Accept": "application/json",
        "Authorization": "Sanitized",
        "traceparent": "00-570d1b474e0766d01e4cfd286ad459e5-6a37da47885cb727-00",
        "User-Agent": "azsdk-net-DigitalTwins.Core/1.5.0-alpha.20230802.1 (.NET 6.0.20; Microsoft Windows 10.0.22621)",
        "x-ms-client-request-id": "bdee0ea86b6096f8d1df13554bb20460",
        "x-ms-return-client-request-id": "true"
      },
      "RequestBody": null,
      "StatusCode": 204,
      "ResponseHeaders": {
        "Content-Length": "0",
        "Date": "Wed, 02 Aug 2023 17:57:59 GMT",
        "mise-correlation-id": "09e24e9a-c3b0-4a01-a65e-e68333eb7952",
        "Strict-Transport-Security": "max-age=2592000",
        "traceresponse": "00-570d1b474e0766d01e4cfd286ad459e5-e3f69e2d2539d95f-01"
      },
      "ResponseBody": null
    },
    {
      "RequestUri": "https://fakeHost.api.wus2.digitaltwins.azure.net/digitaltwins/hvacTwin1757632403?api-version=2023-06-30",
      "RequestMethod": "DELETE",
      "RequestHeaders": {
        "Accept": "application/json",
        "Authorization": "Sanitized",
        "traceparent": "00-e6e78e49c382f10c1b9e80a77ea9230e-656fac5c39d58f28-00",
        "User-Agent": "azsdk-net-DigitalTwins.Core/1.5.0-alpha.20230802.1 (.NET 6.0.20; Microsoft Windows 10.0.22621)",
        "x-ms-client-request-id": "163250b9b01be2d93b4d4b04516b4c34",
        "x-ms-return-client-request-id": "true"
      },
      "RequestBody": null,
      "StatusCode": 204,
      "ResponseHeaders": {
        "Content-Length": "0",
        "Date": "Wed, 02 Aug 2023 17:57:59 GMT",
        "mise-correlation-id": "7863760b-1c84-4647-900e-71cbbabce168",
        "Strict-Transport-Security": "max-age=2592000",
        "traceresponse": "00-e6e78e49c382f10c1b9e80a77ea9230e-f27954ae09a2718e-01"
      },
      "ResponseBody": null
    },
    {
      "RequestUri": "https://fakeHost.api.wus2.digitaltwins.azure.net/models/dtmi%3Aexample%3Aroom%3B195422344?api-version=2023-06-30",
      "RequestMethod": "DELETE",
      "RequestHeaders": {
        "Accept": "application/json",
        "Authorization": "Sanitized",
        "traceparent": "00-69bfde32294d2014949a176c45919d0f-64366b1b9edc8108-00",
        "User-Agent": "azsdk-net-DigitalTwins.Core/1.5.0-alpha.20230802.1 (.NET 6.0.20; Microsoft Windows 10.0.22621)",
        "x-ms-client-request-id": "bb7f380f77f1df2ee38019de08467d60",
        "x-ms-return-client-request-id": "true"
      },
      "RequestBody": null,
      "StatusCode": 204,
      "ResponseHeaders": {
        "Content-Length": "0",
        "Date": "Wed, 02 Aug 2023 17:57:59 GMT",
        "mise-correlation-id": "28d0f637-5ff9-451b-b31b-1025d8d543d8",
        "Strict-Transport-Security": "max-age=2592000",
        "traceresponse": "00-69bfde32294d2014949a176c45919d0f-406a5c5f39db3a46-01"
      },
      "ResponseBody": null
    }
  ],
  "Variables": {
    "AZURE_AUTHORITY_HOST": null,
    "DIGITALTWINS_URL": "https://fakeHost.api.wus2.digitaltwins.azure.net",
    "RandomSeed": "1323183924"
  }
}
