{
  "Entries": [
    {
      "RequestUri": "https://Sanitized.blob.core.windows.net/container172848898199801740?restype=container",
      "RequestMethod": "PUT",
      "RequestHeaders": {
        "Accept": "application/xml",
        "Authorization": "Sanitized",
        "Connection": "keep-alive",
        "Content-Length": "0",
        "User-Agent": "azsdk-js-azure-storage-blob/12.25.1 core-rest-pipeline/1.17.1 Node/18.19.0 OS/(x64-Windows_NT-10.0.22631)",
        "x-ms-client-request-id": "Sanitized",
        "x-ms-date": "Wed, 09 Oct 2024 15:49:41 GMT",
        "x-ms-version": "2024-11-04"
      },
      "RequestBody": null,
      "StatusCode": 201,
      "ResponseHeaders": {
        "Content-Length": "0",
        "Date": "Wed, 09 Oct 2024 15:49:42 GMT",
        "ETag": "\"0x8DCE879FDE004E1\"",
        "Last-Modified": "Wed, 09 Oct 2024 15:49:42 GMT",
        "Server": [
          "Windows-Azure-Blob/1.0",
          "Microsoft-HTTPAPI/2.0"
        ],
        "x-ms-client-request-id": "Sanitized",
        "x-ms-request-id": "Sanitized",
        "x-ms-version": "2024-11-04"
      },
      "ResponseBody": null
    },
    {
      "RequestUri": "https://Sanitized.blob.core.windows.net/container172848898199801740/blob172848898210308535",
      "RequestMethod": "PUT",
      "RequestHeaders": {
        "Accept": "application/xml",
        "Authorization": "Sanitized",
        "Connection": "keep-alive",
        "Content-Length": "0",
        "User-Agent": "azsdk-js-azure-storage-blob/12.25.1 core-rest-pipeline/1.17.1 Node/18.19.0 OS/(x64-Windows_NT-10.0.22631)",
        "x-ms-blob-content-length": "1024",
        "x-ms-blob-content-type": "content-type-original",
        "x-ms-blob-type": "PageBlob",
        "x-ms-client-request-id": "Sanitized",
        "x-ms-date": "Wed, 09 Oct 2024 15:49:42 GMT",
        "x-ms-version": "2024-11-04"
      },
      "RequestBody": null,
      "StatusCode": 201,
      "ResponseHeaders": {
        "Content-Length": "0",
        "Date": "Wed, 09 Oct 2024 15:49:42 GMT",
        "ETag": "\"0x8DCE879FDEF523A\"",
        "Last-Modified": "Wed, 09 Oct 2024 15:49:42 GMT",
        "Server": [
          "Windows-Azure-Blob/1.0",
          "Microsoft-HTTPAPI/2.0"
        ],
        "x-ms-client-request-id": "Sanitized",
        "x-ms-request-id": "Sanitized",
        "x-ms-request-server-encrypted": "true",
        "x-ms-version": "2024-11-04",
        "x-ms-version-id": "2024-10-09T15:49:42.8774458Z"
      },
      "ResponseBody": null
    },
    {
      "RequestUri": "https://Sanitized.blob.core.windows.net/container172848898199801740/blob172848898210308535?comp=snapshot",
      "RequestMethod": "PUT",
      "RequestHeaders": {
        "Accept": "application/xml",
        "Authorization": "Sanitized",
        "Connection": "keep-alive",
        "Content-Length": "0",
        "User-Agent": "azsdk-js-azure-storage-blob/12.25.1 core-rest-pipeline/1.17.1 Node/18.19.0 OS/(x64-Windows_NT-10.0.22631)",
        "x-ms-client-request-id": "Sanitized",
        "x-ms-date": "Wed, 09 Oct 2024 15:49:42 GMT",
        "x-ms-version": "2024-11-04"
      },
      "RequestBody": null,
      "StatusCode": 201,
      "ResponseHeaders": {
        "Content-Length": "0",
        "Date": "Wed, 09 Oct 2024 15:49:42 GMT",
        "ETag": "\"0x8DCE879FDEF523A\"",
        "Last-Modified": "Wed, 09 Oct 2024 15:49:42 GMT",
        "Server": [
          "Windows-Azure-Blob/1.0",
          "Microsoft-HTTPAPI/2.0"
        ],
        "x-ms-client-request-id": "Sanitized",
        "x-ms-request-id": "Sanitized",
        "x-ms-request-server-encrypted": "false",
        "x-ms-snapshot": "2024-10-09T15:49:42.9823816Z",
        "x-ms-version": "2024-11-04",
        "x-ms-version-id": "2024-10-09T15:49:42.9833816Z"
      },
      "ResponseBody": null
    },
    {
      "RequestUri": "https://Sanitized.blob.core.windows.net/container172848898199801740/blob172848898210308535?snapshot=2024-10-09T15%3A49%3A42.9823816Z&rscc=cache-control-override&rscd=content-disposition-override&rsce=content-encoding-override&rscl=content-language-override&rsct=content-type-override",
      "RequestMethod": "HEAD",
      "RequestHeaders": {
        "Accept": "application/xml",
        "Connection": "keep-alive",
        "User-Agent": "azsdk-js-azure-storage-blob/12.25.1 core-rest-pipeline/1.17.1 Node/18.19.0 OS/(x64-Windows_NT-10.0.22631)",
        "x-ms-client-request-id": "Sanitized",
        "x-ms-version": "2024-11-04"
      },
      "RequestBody": null,
      "StatusCode": 200,
      "ResponseHeaders": {
        "Accept-Ranges": "bytes",
        "Access-Control-Allow-Origin": "*",
        "Access-Control-Expose-Headers": "x-ms-request-id,x-ms-client-request-id,Server,x-ms-version,Content-Type,Last-Modified,ETag,x-ms-creation-time,x-ms-blob-type,x-ms-blob-sequence-number,Cache-Control,Content-Disposition,Content-Encoding,Content-Language,x-ms-server-encrypted,Accept-Ranges,Content-Length,Date,Transfer-Encoding",
        "Cache-Control": "cache-control-override",
        "Content-Disposition": "content-disposition-override",
        "Content-Encoding": "content-encoding-override",
        "Content-Language": "content-language-override",
        "Content-Length": "1024",
        "Content-Type": "content-type-override",
        "Date": "Wed, 09 Oct 2024 15:49:42 GMT",
        "ETag": "\"0x8DCE879FDEF523A\"",
        "Last-Modified": "Wed, 09 Oct 2024 15:49:42 GMT",
        "Server": [
          "Windows-Azure-Blob/1.0",
          "Microsoft-HTTPAPI/2.0"
        ],
        "x-ms-blob-sequence-number": "0",
        "x-ms-blob-type": "PageBlob",
        "x-ms-client-request-id": "Sanitized",
        "x-ms-creation-time": "Wed, 09 Oct 2024 15:49:42 GMT",
        "x-ms-request-id": "Sanitized",
        "x-ms-server-encrypted": "true",
        "x-ms-version": "2024-11-04"
      },
      "ResponseBody": null
    },
    {
      "RequestUri": "https://Sanitized.blob.core.windows.net/container172848898199801740?restype=container",
      "RequestMethod": "DELETE",
      "RequestHeaders": {
        "Accept": "application/xml",
        "Authorization": "Sanitized",
        "Connection": "keep-alive",
        "User-Agent": "azsdk-js-azure-storage-blob/12.25.1 core-rest-pipeline/1.17.1 Node/18.19.0 OS/(x64-Windows_NT-10.0.22631)",
        "x-ms-client-request-id": "Sanitized",
        "x-ms-date": "Wed, 09 Oct 2024 15:49:42 GMT",
        "x-ms-version": "2024-11-04"
      },
      "RequestBody": null,
      "StatusCode": 202,
      "ResponseHeaders": {
        "Content-Length": "0",
        "Date": "Wed, 09 Oct 2024 15:49:42 GMT",
        "Server": [
          "Windows-Azure-Blob/1.0",
          "Microsoft-HTTPAPI/2.0"
        ],
        "x-ms-client-request-id": "Sanitized",
        "x-ms-request-id": "Sanitized",
        "x-ms-version": "2024-11-04"
      },
      "ResponseBody": null
    }
  ],
  "Variables": {
    "blob": "blob172848898210308535",
    "container": "container172848898199801740",
    "now": "2024-10-09T15:49:41.998Z",
    "tmr": "2024-10-09T15:49:41.998Z"
  }
}
