{
  "Entries": [
    {
      "RequestUri": "https://fakestorageaccount.blob.core.windows.net/?restype=service\u0026comp=userdelegationkey",
      "RequestMethod": "POST",
      "RequestHeaders": {
        "Accept": "application/xml",
        "Authorization": "Sanitized",
        "Connection": "keep-alive",
        "Content-Length": "146",
        "Content-Type": "application/xml",
        "User-Agent": "azsdk-js-azure-storage-blob/12.20.0 core-rest-pipeline/1.12.2 Node/v18.16.0 OS/(x64-Windows_NT-10.0.22621)",
        "x-ms-client-request-id": "3d264fd3-dd16-48d4-b324-176cd911f391",
        "x-ms-version": "2023-08-03"
      },
      "RequestBody": "\u003C?xml version=\u00221.0\u0022 encoding=\u0022UTF-8\u0022 standalone=\u0022yes\u0022?\u003E\u003CKeyInfo\u003E\u003CStart\u003E2023-10-16T07:56:38Z\u003C/Start\u003E\u003CExpiry\u003E2023-10-17T08:56:38Z\u003C/Expiry\u003E\u003C/KeyInfo\u003E",
      "StatusCode": 200,
      "ResponseHeaders": {
        "Content-Type": "application/xml",
        "Date": "Mon, 16 Oct 2023 08:56:38 GMT",
        "Server": [
          "Windows-Azure-Blob/1.0",
          "Microsoft-HTTPAPI/2.0"
        ],
        "Transfer-Encoding": "chunked",
        "x-ms-client-request-id": "3d264fd3-dd16-48d4-b324-176cd911f391",
        "x-ms-request-id": "a35bfb97-401e-006e-460e-00c60e000000",
        "x-ms-version": "2023-08-03"
      },
      "ResponseBody": "\uFEFF\u003C?xml version=\u00221.0\u0022 encoding=\u0022utf-8\u0022?\u003E\u003CUserDelegationKey\u003E\u003CSignedOid\u003E3d0dde36-a773-4f66-8790-9179e20f18ba\u003C/SignedOid\u003E\u003CSignedTid\u003Eaaaaa\u003C/SignedTid\u003E\u003CSignedStart\u003E2023-10-16T07:56:38Z\u003C/SignedStart\u003E\u003CSignedExpiry\u003E2023-10-17T08:56:38Z\u003C/SignedExpiry\u003E\u003CSignedService\u003Eb\u003C/SignedService\u003E\u003CSignedVersion\u003E2023-08-03\u003C/SignedVersion\u003E\u003CValue\u003EGJ0BtoHZZKvQRC4YNCk3/AHtjg56npHVxsSDyS6jVrQ=\u003C/Value\u003E\u003C/UserDelegationKey\u003E"
    },
    {
      "RequestUri": "https://fakestorageaccount.blob.core.windows.net/container169744659898302786?restype=container",
      "RequestMethod": "PUT",
      "RequestHeaders": {
        "Accept": "application/xml",
        "Authorization": "Sanitized",
        "Connection": "keep-alive",
        "Content-Length": "0",
        "User-Agent": "azsdk-js-azure-storage-blob/12.20.0 core-rest-pipeline/1.12.2 Node/v18.16.0 OS/(x64-Windows_NT-10.0.22621)",
        "x-ms-client-request-id": "9040d5a4-3eb2-4a0b-8530-8fd5a19c14eb",
        "x-ms-date": "Mon, 16 Oct 2023 08:56:38 GMT",
        "x-ms-version": "2023-08-03"
      },
      "RequestBody": null,
      "StatusCode": 201,
      "ResponseHeaders": {
        "Content-Length": "0",
        "Date": "Mon, 16 Oct 2023 08:56:38 GMT",
        "ETag": "\u00220x8DBCE25CFB06D0F\u0022",
        "Last-Modified": "Mon, 16 Oct 2023 08:56:39 GMT",
        "Server": [
          "Windows-Azure-Blob/1.0",
          "Microsoft-HTTPAPI/2.0"
        ],
        "x-ms-client-request-id": "9040d5a4-3eb2-4a0b-8530-8fd5a19c14eb",
        "x-ms-request-id": "a35bfbe1-401e-006e-070e-00c60e000000",
        "x-ms-version": "2023-08-03"
      },
      "ResponseBody": null
    },
    {
      "RequestUri": "https://fakestorageaccount.blob.core.windows.net/container169744659898302786/blob169744659915408859?ses=test1\u0026skoid=3d0dde36-a773-4f66-8790-9179e20f18ba\u0026sktid=00000000-0000-0000-0000-000000000000\u0026skt=2023-10-16T07%3A56%3A38Z\u0026ske=2023-10-17T08%3A56%3A38Z\u0026sks=b\u0026skv=2023-08-03\u0026rscc=cache-control-override\u0026rscd=content-disposition-override\u0026rsce=content-encoding-override\u0026rscl=content-language-override\u0026rsct=content-type-override",
      "RequestMethod": "PUT",
      "RequestHeaders": {
        "Accept": "application/xml",
        "Connection": "keep-alive",
        "Content-Length": "0",
        "User-Agent": "azsdk-js-azure-storage-blob/12.20.0 core-rest-pipeline/1.12.2 Node/v18.16.0 OS/(x64-Windows_NT-10.0.22621)",
        "x-ms-blob-content-length": "1024",
        "x-ms-blob-type": "PageBlob",
        "x-ms-client-request-id": "09551fde-6b97-4a62-9107-da219c36dff3",
        "x-ms-encryption-scope": "test1",
        "x-ms-version": "2023-08-03"
      },
      "RequestBody": null,
      "StatusCode": 201,
      "ResponseHeaders": {
        "Content-Length": "0",
        "Date": "Mon, 16 Oct 2023 08:56:38 GMT",
        "ETag": "\u00220x8DBCE25CFC8B7A6\u0022",
        "Last-Modified": "Mon, 16 Oct 2023 08:56:39 GMT",
        "Server": [
          "Windows-Azure-Blob/1.0",
          "Microsoft-HTTPAPI/2.0"
        ],
        "x-ms-client-request-id": "09551fde-6b97-4a62-9107-da219c36dff3",
        "x-ms-encryption-scope": "test1",
        "x-ms-request-id": "a35bfc1e-401e-006e-3d0e-00c60e000000",
        "x-ms-request-server-encrypted": "true",
        "x-ms-version": "2023-08-03",
        "x-ms-version-id": "2023-10-16T08:56:39.8206886Z"
      },
      "ResponseBody": null
    },
    {
      "RequestUri": "https://fakestorageaccount.blob.core.windows.net/container169744659898302786/blob169744659915408859?ses=test1\u0026skoid=3d0dde36-a773-4f66-8790-9179e20f18ba\u0026sktid=00000000-0000-0000-0000-000000000000\u0026skt=2023-10-16T07%3A56%3A38Z\u0026ske=2023-10-17T08%3A56%3A38Z\u0026sks=b\u0026skv=2023-08-03\u0026rscc=cache-control-override\u0026rscd=content-disposition-override\u0026rsce=content-encoding-override\u0026rscl=content-language-override\u0026rsct=content-type-override",
      "RequestMethod": "DELETE",
      "RequestHeaders": {
        "Accept": "application/xml",
        "Connection": "keep-alive",
        "User-Agent": "azsdk-js-azure-storage-blob/12.20.0 core-rest-pipeline/1.12.2 Node/v18.16.0 OS/(x64-Windows_NT-10.0.22621)",
        "x-ms-client-request-id": "0c293d83-8510-4cb9-a716-6d06828f4d48",
        "x-ms-version": "2023-08-03"
      },
      "RequestBody": null,
      "StatusCode": 202,
      "ResponseHeaders": {
        "Content-Length": "0",
        "Date": "Mon, 16 Oct 2023 08:56:39 GMT",
        "Server": [
          "Windows-Azure-Blob/1.0",
          "Microsoft-HTTPAPI/2.0"
        ],
        "x-ms-client-request-id": "0c293d83-8510-4cb9-a716-6d06828f4d48",
        "x-ms-delete-type-permanent": "false",
        "x-ms-request-id": "a35bfc5d-401e-006e-740e-00c60e000000",
        "x-ms-version": "2023-08-03"
      },
      "ResponseBody": null
    },
    {
      "RequestUri": "https://fakestorageaccount.blob.core.windows.net/container169744659898302786?restype=container",
      "RequestMethod": "DELETE",
      "RequestHeaders": {
        "Accept": "application/xml",
        "Authorization": "Sanitized",
        "Connection": "keep-alive",
        "User-Agent": "azsdk-js-azure-storage-blob/12.20.0 core-rest-pipeline/1.12.2 Node/v18.16.0 OS/(x64-Windows_NT-10.0.22621)",
        "x-ms-client-request-id": "b4aa6a74-5231-4ed3-ac96-2e653977a37a",
        "x-ms-date": "Mon, 16 Oct 2023 08:56:39 GMT",
        "x-ms-version": "2023-08-03"
      },
      "RequestBody": null,
      "StatusCode": 202,
      "ResponseHeaders": {
        "Content-Length": "0",
        "Date": "Mon, 16 Oct 2023 08:56:39 GMT",
        "Server": [
          "Windows-Azure-Blob/1.0",
          "Microsoft-HTTPAPI/2.0"
        ],
        "x-ms-client-request-id": "b4aa6a74-5231-4ed3-ac96-2e653977a37a",
        "x-ms-request-id": "a35bfca0-401e-006e-2d0e-00c60e000000",
        "x-ms-version": "2023-08-03"
      },
      "ResponseBody": null
    }
  ],
  "Variables": {
    "blob": "blob169744659915408859",
    "container": "container169744659898302786",
    "now": "2023-10-16T08:56:38.409Z",
    "tmr": "2023-10-16T08:56:38.409Z"
  }
}
