{
  "Entries": [
    {
      "RequestUri": "https://amandadev2.file.core.windows.net/test-share-3bc741fc-768b-33f5-ad5a-1a93e187d572?restype=share",
      "RequestMethod": "PUT",
      "RequestHeaders": {
        "Accept": "application/xml",
        "Authorization": "Sanitized",
        "Content-Length": "0",
        "traceparent": "00-112128f99d17695fc90084899235b942-b56cd59863cc2851-00",
        "User-Agent": "azsdk-net-Storage.Files.Shares/12.19.0-alpha.20240628.1 (.NET 6.0.31; Microsoft Windows 10.0.22635)",
        "x-ms-client-request-id": "Sanitized",
        "x-ms-date": "Tue, 02 Jul 2024 17:55:36 GMT",
        "x-ms-return-client-request-id": "true",
        "x-ms-version": "2024-08-04"
      },
      "RequestBody": null,
      "StatusCode": 201,
      "ResponseHeaders": {
        "Content-Length": "0",
        "Date": "Tue, 02 Jul 2024 17:55:35 GMT",
        "ETag": "\"0x8DC9AC02D135EEB\"",
        "Last-Modified": "Tue, 02 Jul 2024 17:55:36 GMT",
        "Server": [
          "Windows-Azure-File/1.0",
          "Microsoft-HTTPAPI/2.0"
        ],
        "x-ms-client-request-id": "Sanitized",
        "x-ms-request-id": "18f4a4dc-101a-000c-7ea9-cce2e9000000",
        "x-ms-version": "2024-08-04"
      },
      "ResponseBody": null
    },
    {
      "RequestUri": "https://amandadev2.file.core.windows.net/test-share-3bc741fc-768b-33f5-ad5a-1a93e187d572/test-file-6635cf13-b72b-1315-f1ba-ebce1d678edb",
      "RequestMethod": "PUT",
      "RequestHeaders": {
        "Accept": "application/xml",
        "Authorization": "Sanitized",
        "Content-Length": "0",
        "traceparent": "00-e16816471a6b7704ee86e62c2685b6c5-bc18612868b24a54-00",
        "User-Agent": "azsdk-net-Storage.Files.Shares/12.19.0-alpha.20240628.1 (.NET 6.0.31; Microsoft Windows 10.0.22635)",
        "x-ms-client-request-id": "Sanitized",
        "x-ms-content-length": "0",
        "x-ms-date": "Tue, 02 Jul 2024 17:55:36 GMT",
        "x-ms-file-attributes": "None",
        "x-ms-file-creation-time": "Now",
        "x-ms-file-last-write-time": "Now",
        "x-ms-file-permission": "Inherit",
        "x-ms-return-client-request-id": "true",
        "x-ms-type": "file",
        "x-ms-version": "2024-08-04"
      },
      "RequestBody": null,
      "StatusCode": 201,
      "ResponseHeaders": {
        "Content-Length": "0",
        "Date": "Tue, 02 Jul 2024 17:55:35 GMT",
        "ETag": "\"0x8DC9AC02D1CF9EB\"",
        "Last-Modified": "Tue, 02 Jul 2024 17:55:36 GMT",
        "Server": [
          "Windows-Azure-File/1.0",
          "Microsoft-HTTPAPI/2.0"
        ],
        "x-ms-client-request-id": "Sanitized",
        "x-ms-file-attributes": "Archive",
        "x-ms-file-change-time": "2024-07-02T17:55:36.1039851Z",
        "x-ms-file-creation-time": "2024-07-02T17:55:36.1039851Z",
        "x-ms-file-id": "13835128424026341376",
        "x-ms-file-last-write-time": "2024-07-02T17:55:36.1039851Z",
        "x-ms-file-parent-id": "0",
        "x-ms-file-permission-key": "13365936616355342650*1287379445297103284",
        "x-ms-request-id": "18f4a4de-101a-000c-7fa9-cce2e9000000",
        "x-ms-request-server-encrypted": "true",
        "x-ms-version": "2024-08-04"
      },
      "ResponseBody": null
    },
    {
      "RequestUri": "https://amandadev2.file.core.windows.net/test-share-3bc741fc-768b-33f5-ad5a-1a93e187d572/test-file-f6729286-f786-5c4e-e2d0-413d2e55a329",
      "RequestMethod": "PUT",
      "RequestHeaders": {
        "Accept": "application/xml",
        "Authorization": "Sanitized",
        "Content-Length": "0",
        "traceparent": "00-2ff9257fe5db0c8afb983fa7b10452cd-3968fb255491bef1-00",
        "User-Agent": "azsdk-net-Storage.Files.Shares/12.19.0-alpha.20240628.1 (.NET 6.0.31; Microsoft Windows 10.0.22635)",
        "x-ms-client-request-id": "Sanitized",
        "x-ms-content-length": "0",
        "x-ms-date": "Tue, 02 Jul 2024 17:55:36 GMT",
        "x-ms-file-attributes": "None",
        "x-ms-file-creation-time": "Now",
        "x-ms-file-last-write-time": "Now",
        "x-ms-file-permission": "Inherit",
        "x-ms-return-client-request-id": "true",
        "x-ms-type": "file",
        "x-ms-version": "2024-08-04"
      },
      "RequestBody": null,
      "StatusCode": 201,
      "ResponseHeaders": {
        "Content-Length": "0",
        "Date": "Tue, 02 Jul 2024 17:55:35 GMT",
        "ETag": "\"0x8DC9AC02D25D250\"",
        "Last-Modified": "Tue, 02 Jul 2024 17:55:36 GMT",
        "Server": [
          "Windows-Azure-File/1.0",
          "Microsoft-HTTPAPI/2.0"
        ],
        "x-ms-client-request-id": "Sanitized",
        "x-ms-file-attributes": "Archive",
        "x-ms-file-change-time": "2024-07-02T17:55:36.1619536Z",
        "x-ms-file-creation-time": "2024-07-02T17:55:36.1619536Z",
        "x-ms-file-id": "11529285414812647424",
        "x-ms-file-last-write-time": "2024-07-02T17:55:36.1619536Z",
        "x-ms-file-parent-id": "0",
        "x-ms-file-permission-key": "13365936616355342650*1287379445297103284",
        "x-ms-request-id": "18f4a4df-101a-000c-80a9-cce2e9000000",
        "x-ms-request-server-encrypted": "true",
        "x-ms-version": "2024-08-04"
      },
      "ResponseBody": null
    },
    {
      "RequestUri": "https://amandadev2.file.core.windows.net/test-share-3bc741fc-768b-33f5-ad5a-1a93e187d572/test-file-6635cf13-b72b-1315-f1ba-ebce1d678edb",
      "RequestMethod": "GET",
      "RequestHeaders": {
        "Accept": "application/xml",
        "Authorization": "Sanitized",
        "traceparent": "00-23c748699ca5c6606bee0c5a2b4983ca-62ed5b3de05b0033-00",
        "User-Agent": "azsdk-net-Storage.Files.Shares/12.19.0-alpha.20240628.1 (.NET 6.0.31; Microsoft Windows 10.0.22635)",
        "x-ms-client-request-id": "Sanitized",
        "x-ms-date": "Tue, 02 Jul 2024 17:55:36 GMT",
        "x-ms-range": "bytes=0-33554431",
        "x-ms-return-client-request-id": "true",
        "x-ms-version": "2024-08-04"
      },
      "RequestBody": null,
      "StatusCode": 416,
      "ResponseHeaders": {
        "Access-Control-Allow-Origin": "*",
        "Content-Length": "249",
        "Content-Range": "bytes */0",
        "Content-Type": "application/xml",
        "Date": "Tue, 02 Jul 2024 17:55:35 GMT",
        "Server": [
          "Windows-Azure-File/1.0",
          "Microsoft-HTTPAPI/2.0"
        ],
        "x-ms-client-request-id": "Sanitized",
        "x-ms-error-code": "InvalidRange",
        "x-ms-request-id": "18f4a4e0-101a-000c-01a9-cce2e9000000",
        "x-ms-version": "2024-08-04"
      },
      "ResponseBody": [
        "\uFEFF<?xml version=\"1.0\" encoding=\"utf-8\"?><Error><Code>InvalidRange</Code><Message>The range specified is invalid for the current size of the resource.\n",
        "RequestId:18f4a4e0-101a-000c-01a9-cce2e9000000\n",
        "Time:2024-07-02T17:55:36.2369220Z</Message></Error>"
      ]
    },
    {
      "RequestUri": "https://amandadev2.file.core.windows.net/test-share-3bc741fc-768b-33f5-ad5a-1a93e187d572/test-file-6635cf13-b72b-1315-f1ba-ebce1d678edb",
      "RequestMethod": "GET",
      "RequestHeaders": {
        "Accept": "application/xml",
        "Authorization": "Sanitized",
        "traceparent": "00-c2cefb1bfc55a473d78d7bb69b3d64f2-e8b481833d2d2170-00",
        "User-Agent": "azsdk-net-Storage.Files.Shares/12.19.0-alpha.20240628.1 (.NET 6.0.31; Microsoft Windows 10.0.22635)",
        "x-ms-client-request-id": "Sanitized",
        "x-ms-date": "Tue, 02 Jul 2024 17:55:36 GMT",
        "x-ms-return-client-request-id": "true",
        "x-ms-version": "2024-08-04"
      },
      "RequestBody": null,
      "StatusCode": 200,
      "ResponseHeaders": {
        "Accept-Ranges": "bytes",
        "Access-Control-Allow-Origin": "*",
        "Content-Length": "0",
        "Content-Type": "application/octet-stream",
        "Date": "Tue, 02 Jul 2024 17:55:35 GMT",
        "ETag": "\"0x8DC9AC02D1CF9EB\"",
        "Last-Modified": "Tue, 02 Jul 2024 17:55:36 GMT",
        "Server": [
          "Windows-Azure-File/1.0",
          "Microsoft-HTTPAPI/2.0"
        ],
        "x-ms-client-request-id": "Sanitized",
        "x-ms-file-attributes": "Archive",
        "x-ms-file-change-time": "2024-07-02T17:55:36.1039851Z",
        "x-ms-file-creation-time": "2024-07-02T17:55:36.1039851Z",
        "x-ms-file-id": "13835128424026341376",
        "x-ms-file-last-write-time": "2024-07-02T17:55:36.1039851Z",
        "x-ms-file-parent-id": "0",
        "x-ms-file-permission-key": "13365936616355342650*1287379445297103284",
        "x-ms-lease-state": "available",
        "x-ms-lease-status": "unlocked",
        "x-ms-request-id": "18f4a4e1-101a-000c-02a9-cce2e9000000",
        "x-ms-server-encrypted": "true",
        "x-ms-type": "File",
        "x-ms-version": "2024-08-04"
      },
      "ResponseBody": null
    },
    {
      "RequestUri": "https://amandadev2.file.core.windows.net/test-share-3bc741fc-768b-33f5-ad5a-1a93e187d572/test-file-f6729286-f786-5c4e-e2d0-413d2e55a329",
      "RequestMethod": "GET",
      "RequestHeaders": {
        "Accept": "application/xml",
        "Authorization": "Sanitized",
        "traceparent": "00-9b927d00c15feacbcf23b19ba361c8a4-ed7a989f13d894e7-00",
        "User-Agent": "azsdk-net-Storage.Files.Shares/12.19.0-alpha.20240628.1 (.NET 6.0.31; Microsoft Windows 10.0.22635)",
        "x-ms-client-request-id": "Sanitized",
        "x-ms-date": "Tue, 02 Jul 2024 17:55:36 GMT",
        "x-ms-range": "bytes=0-33554431",
        "x-ms-return-client-request-id": "true",
        "x-ms-version": "2024-08-04"
      },
      "RequestBody": null,
      "StatusCode": 416,
      "ResponseHeaders": {
        "Access-Control-Allow-Origin": "*",
        "Content-Length": "249",
        "Content-Range": "bytes */0",
        "Content-Type": "application/xml",
        "Date": "Tue, 02 Jul 2024 17:55:35 GMT",
        "Server": [
          "Windows-Azure-File/1.0",
          "Microsoft-HTTPAPI/2.0"
        ],
        "x-ms-client-request-id": "Sanitized",
        "x-ms-error-code": "InvalidRange",
        "x-ms-request-id": "18f4a4e2-101a-000c-03a9-cce2e9000000",
        "x-ms-version": "2024-08-04"
      },
      "ResponseBody": [
        "\uFEFF<?xml version=\"1.0\" encoding=\"utf-8\"?><Error><Code>InvalidRange</Code><Message>The range specified is invalid for the current size of the resource.\n",
        "RequestId:18f4a4e2-101a-000c-03a9-cce2e9000000\n",
        "Time:2024-07-02T17:55:36.3678473Z</Message></Error>"
      ]
    },
    {
      "RequestUri": "https://amandadev2.file.core.windows.net/test-share-3bc741fc-768b-33f5-ad5a-1a93e187d572/test-file-f6729286-f786-5c4e-e2d0-413d2e55a329",
      "RequestMethod": "GET",
      "RequestHeaders": {
        "Accept": "application/xml",
        "Authorization": "Sanitized",
        "traceparent": "00-b0aa6ab639289b649139f4b9e3a3c463-85fbfb016a50461f-00",
        "User-Agent": "azsdk-net-Storage.Files.Shares/12.19.0-alpha.20240628.1 (.NET 6.0.31; Microsoft Windows 10.0.22635)",
        "x-ms-client-request-id": "Sanitized",
        "x-ms-date": "Tue, 02 Jul 2024 17:55:36 GMT",
        "x-ms-return-client-request-id": "true",
        "x-ms-version": "2024-08-04"
      },
      "RequestBody": null,
      "StatusCode": 200,
      "ResponseHeaders": {
        "Accept-Ranges": "bytes",
        "Access-Control-Allow-Origin": "*",
        "Content-Length": "0",
        "Content-Type": "application/octet-stream",
        "Date": "Tue, 02 Jul 2024 17:55:35 GMT",
        "ETag": "\"0x8DC9AC02D25D250\"",
        "Last-Modified": "Tue, 02 Jul 2024 17:55:36 GMT",
        "Server": [
          "Windows-Azure-File/1.0",
          "Microsoft-HTTPAPI/2.0"
        ],
        "x-ms-client-request-id": "Sanitized",
        "x-ms-file-attributes": "Archive",
        "x-ms-file-change-time": "2024-07-02T17:55:36.1619536Z",
        "x-ms-file-creation-time": "2024-07-02T17:55:36.1619536Z",
        "x-ms-file-id": "11529285414812647424",
        "x-ms-file-last-write-time": "2024-07-02T17:55:36.1619536Z",
        "x-ms-file-parent-id": "0",
        "x-ms-file-permission-key": "13365936616355342650*1287379445297103284",
        "x-ms-lease-state": "available",
        "x-ms-lease-status": "unlocked",
        "x-ms-request-id": "18f4a4e3-101a-000c-04a9-cce2e9000000",
        "x-ms-server-encrypted": "true",
        "x-ms-type": "File",
        "x-ms-version": "2024-08-04"
      },
      "ResponseBody": null
    },
    {
      "RequestUri": "https://amandadev2.file.core.windows.net/test-share-3bc741fc-768b-33f5-ad5a-1a93e187d572/test-file-6635cf13-b72b-1315-f1ba-ebce1d678edb",
      "RequestMethod": "HEAD",
      "RequestHeaders": {
        "Accept": "application/xml",
        "Authorization": "Sanitized",
        "traceparent": "00-e241c65a2c2ea4721085cb627fb5fc40-a9a8551c0a11dadd-00",
        "User-Agent": "azsdk-net-Storage.Files.Shares/12.19.0-alpha.20240628.1 (.NET 6.0.31; Microsoft Windows 10.0.22635)",
        "x-ms-client-request-id": "Sanitized",
        "x-ms-date": "Tue, 02 Jul 2024 17:55:37 GMT",
        "x-ms-return-client-request-id": "true",
        "x-ms-version": "2024-08-04"
      },
      "RequestBody": null,
      "StatusCode": 200,
      "ResponseHeaders": {
        "Content-Length": "0",
        "Content-Type": "application/octet-stream",
        "Date": "Tue, 02 Jul 2024 17:55:35 GMT",
        "ETag": "\"0x8DC9AC02D1CF9EB\"",
        "Last-Modified": "Tue, 02 Jul 2024 17:55:36 GMT",
        "Server": [
          "Windows-Azure-File/1.0",
          "Microsoft-HTTPAPI/2.0"
        ],
        "Vary": "Origin",
        "x-ms-client-request-id": "Sanitized",
        "x-ms-file-attributes": "Archive",
        "x-ms-file-change-time": "2024-07-02T17:55:36.1039851Z",
        "x-ms-file-creation-time": "2024-07-02T17:55:36.1039851Z",
        "x-ms-file-id": "13835128424026341376",
        "x-ms-file-last-write-time": "2024-07-02T17:55:36.1039851Z",
        "x-ms-file-parent-id": "0",
        "x-ms-file-permission-key": "13365936616355342650*1287379445297103284",
        "x-ms-lease-state": "available",
        "x-ms-lease-status": "unlocked",
        "x-ms-request-id": "18f4a4e4-101a-000c-05a9-cce2e9000000",
        "x-ms-server-encrypted": "true",
        "x-ms-type": "File",
        "x-ms-version": "2024-08-04"
      },
      "ResponseBody": null
    },
    {
      "RequestUri": "https://amandadev2.file.core.windows.net/test-share-3bc741fc-768b-33f5-ad5a-1a93e187d572/test-file-f6729286-f786-5c4e-e2d0-413d2e55a329",
      "RequestMethod": "HEAD",
      "RequestHeaders": {
        "Accept": "application/xml",
        "Authorization": "Sanitized",
        "traceparent": "00-9553a89e05c54a99df0ea99127ceabbb-78877bdd1e6880a5-00",
        "User-Agent": "azsdk-net-Storage.Files.Shares/12.19.0-alpha.20240628.1 (.NET 6.0.31; Microsoft Windows 10.0.22635)",
        "x-ms-client-request-id": "Sanitized",
        "x-ms-date": "Tue, 02 Jul 2024 17:55:37 GMT",
        "x-ms-return-client-request-id": "true",
        "x-ms-version": "2024-08-04"
      },
      "RequestBody": null,
      "StatusCode": 200,
      "ResponseHeaders": {
        "Content-Length": "0",
        "Content-Type": "application/octet-stream",
        "Date": "Tue, 02 Jul 2024 17:55:35 GMT",
        "ETag": "\"0x8DC9AC02D25D250\"",
        "Last-Modified": "Tue, 02 Jul 2024 17:55:36 GMT",
        "Server": [
          "Windows-Azure-File/1.0",
          "Microsoft-HTTPAPI/2.0"
        ],
        "Vary": "Origin",
        "x-ms-client-request-id": "Sanitized",
        "x-ms-file-attributes": "Archive",
        "x-ms-file-change-time": "2024-07-02T17:55:36.1619536Z",
        "x-ms-file-creation-time": "2024-07-02T17:55:36.1619536Z",
        "x-ms-file-id": "11529285414812647424",
        "x-ms-file-last-write-time": "2024-07-02T17:55:36.1619536Z",
        "x-ms-file-parent-id": "0",
        "x-ms-file-permission-key": "13365936616355342650*1287379445297103284",
        "x-ms-lease-state": "available",
        "x-ms-lease-status": "unlocked",
        "x-ms-request-id": "18f4a4e5-101a-000c-06a9-cce2e9000000",
        "x-ms-server-encrypted": "true",
        "x-ms-type": "File",
        "x-ms-version": "2024-08-04"
      },
      "ResponseBody": null
    },
    {
      "RequestUri": "https://amandadev2.file.core.windows.net/test-share-3bc741fc-768b-33f5-ad5a-1a93e187d572?restype=share",
      "RequestMethod": "DELETE",
      "RequestHeaders": {
        "Accept": "application/xml",
        "Authorization": "Sanitized",
        "traceparent": "00-700341e789f2ce4d075ebeac5fbfe647-6886cb49fb8083ce-00",
        "User-Agent": "azsdk-net-Storage.Files.Shares/12.19.0-alpha.20240628.1 (.NET 6.0.31; Microsoft Windows 10.0.22635)",
        "x-ms-client-request-id": "Sanitized",
        "x-ms-date": "Tue, 02 Jul 2024 17:55:37 GMT",
        "x-ms-delete-snapshots": "include",
        "x-ms-return-client-request-id": "true",
        "x-ms-version": "2024-08-04"
      },
      "RequestBody": null,
      "StatusCode": 202,
      "ResponseHeaders": {
        "Content-Length": "0",
        "Date": "Tue, 02 Jul 2024 17:55:36 GMT",
        "Server": [
          "Windows-Azure-File/1.0",
          "Microsoft-HTTPAPI/2.0"
        ],
        "x-ms-client-request-id": "Sanitized",
        "x-ms-request-id": "18f4a4e6-101a-000c-07a9-cce2e9000000",
        "x-ms-version": "2024-08-04"
      },
      "ResponseBody": null
    }
  ],
  "Variables": {
    "RandomSeed": "1596097592",
    "Storage_TestConfigDefault": "ProductionTenant\namandadev2\nU2FuaXRpemVk\nhttps://amandadev2.blob.core.windows.net\nhttps://amandadev2.file.core.windows.net\nhttps://amandadev2.queue.core.windows.net\nhttps://amandadev2.table.core.windows.net\n\n\n\n\nhttps://amandadev2-secondary.blob.core.windows.net\nhttps://amandadev2-secondary.file.core.windows.net\nhttps://amandadev2-secondary.queue.core.windows.net\nhttps://amandadev2-secondary.table.core.windows.net\n\nSanitized\n\n\nCloud\nBlobEndpoint=https://amandadev2.blob.core.windows.net/;QueueEndpoint=https://amandadev2.queue.core.windows.net/;FileEndpoint=https://amandadev2.file.core.windows.net/;BlobSecondaryEndpoint=https://amandadev2-secondary.blob.core.windows.net/;QueueSecondaryEndpoint=https://amandadev2-secondary.queue.core.windows.net/;FileSecondaryEndpoint=https://amandadev2-secondary.file.core.windows.net/;AccountName=amandadev2;AccountKey=Sanitized\nencryptionScope\n\n"
  }
}
