{
  "Entries": [
    {
      "RequestUri": "https://Sanitized.confidential-ledger.core.azure.com/ledgerIdentity/fake?api-version=2024-08-22-preview",
      "RequestMethod": "GET",
      "RequestHeaders": {
        "Accept": "application/json",
        "Accept-Encoding": "gzip, deflate",
        "Connection": "keep-alive",
        "User-Agent": "azsdk-python-confidentialledger-certificate/1.2.0b1 Python/3.12.9 (Windows-11-10.0.26100-SP0)"
      },
      "RequestBody": null,
      "StatusCode": 200,
      "ResponseHeaders": {
        "Connection": "keep-alive",
        "Content-Type": "application/json; charset=utf-8",
        "Date": "Mon, 31 Mar 2025 18:21:53 GMT",
        "Transfer-Encoding": "chunked",
        "x-azure-ref": "Sanitized",
        "X-Cache": "CONFIG_NOCACHE",
        "x-ms-correlation-request-id": "b37d2a4b-8290-4202-8e71-a5846476d3c7",
        "x-ms-image-tag": "1.0.03005.233-ac3819c7028a7c91238f580bafbca315c356e17f",
        "x-ms-machineName": "identityservice-5648c989f-zw875"
      },
      "ResponseBody": {
        "ledgerTlsCertificate": "-----BEGIN CERTIFICATE-----\nMIIBgTCCASagAwIBAgIQVGUWh13toT0jiyfR8VP2ETAKBggqhkjOPQQDAjAWMRQw\nEgYDVQQDDAtDQ0YgU2VydmljZTAeFw0yNTAzMzExNjI5NTZaFw0yNTA2MjkxNjI5\nNTVaMBYxFDASBgNVBAMMC0NDRiBTZXJ2aWNlMFkwEwYHKoZIzj0CAQYIKoZIzj0D\nAQcDQgAEexCqiXHb14I+pNKSE3Iqzbr5KZVmquEKMeuRmC1wKOXnZxkauqhTX+Dl\nOJCz58GH+iY0mOD/gIUAFhZyLW7ibqNWMFQwEgYDVR0TAQH/BAgwBgEB/wIBATAd\nBgNVHQ4EFgQUHuOeoTbmEsOEuPYIoGkirKQOytowHwYDVR0jBBgwFoAUHuOeoTbm\nEsOEuPYIoGkirKQOytowCgYIKoZIzj0EAwIDSQAwRgIhAK9ScZ8UpOBkgJutIYMM\nFSP6iqY630s55w47BE/5qLHpAiEA3Q0B8Rb793gMxqv6dw1rlM2V5AyJJidb/97X\n/EbqQJY=\n-----END CERTIFICATE-----\n",
        "ledgerId": "fake"
      }
    },
    {
      "RequestUri": "https://Sanitized.confidential-ledger.azure.com/app/transactions?api-version=2024-12-09-preview&collectionId=132",
      "RequestMethod": "POST",
      "RequestHeaders": {
        "Accept": "application/json",
        "Accept-Encoding": "gzip, deflate",
        "Connection": "keep-alive",
        "Content-Length": "59",
        "Content-Type": "application/json",
        "User-Agent": "azsdk-python-confidentialledger/1.2.0b1 Python/3.12.9 (Windows-11-10.0.26100-SP0)"
      },
      "RequestBody": {
        "contents": "Test entry from Python SDK. Collection: 132"
      },
      "StatusCode": 200,
      "ResponseHeaders": {
        "Content-Length": "22",
        "Content-Type": "application/json",
        "x-ms-ccf-transaction-id": "2.141"
      },
      "ResponseBody": {
        "collectionId": "132"
      }
    },
    {
      "RequestUri": "https://Sanitized.confidential-ledger.azure.com/app/transactions/2.141/status?api-version=2024-12-09-preview",
      "RequestMethod": "GET",
      "RequestHeaders": {
        "Accept": "application/json",
        "Accept-Encoding": "gzip, deflate",
        "Connection": "keep-alive",
        "User-Agent": "azsdk-python-confidentialledger/1.2.0b1 Python/3.12.9 (Windows-11-10.0.26100-SP0)"
      },
      "RequestBody": null,
      "StatusCode": 200,
      "ResponseHeaders": {
        "Content-Length": "45",
        "Content-Type": "application/json",
        "x-ms-ccf-transaction-id": "2.142"
      },
      "ResponseBody": {
        "state": "Committed",
        "transactionId": "2.141"
      }
    },
    {
      "RequestUri": "https://Sanitized.confidential-ledger.azure.com/app/transactions/2.141/status?api-version=2024-12-09-preview",
      "RequestMethod": "GET",
      "RequestHeaders": {
        "Accept": "application/json",
        "Accept-Encoding": "gzip, deflate",
        "Connection": "keep-alive",
        "User-Agent": "azsdk-python-confidentialledger/1.2.0b1 Python/3.12.9 (Windows-11-10.0.26100-SP0)"
      },
      "RequestBody": null,
      "StatusCode": 200,
      "ResponseHeaders": {
        "Content-Length": "45",
        "Content-Type": "application/json",
        "x-ms-ccf-transaction-id": "2.142"
      },
      "ResponseBody": {
        "state": "Committed",
        "transactionId": "2.141"
      }
    },
    {
      "RequestUri": "https://Sanitized.confidential-ledger.azure.com/app/transactions/2.141/receipt?api-version=2024-12-09-preview",
      "RequestMethod": "GET",
      "RequestHeaders": {
        "Accept": "application/json",
        "Accept-Encoding": "gzip, deflate",
        "Connection": "keep-alive",
        "User-Agent": "azsdk-python-confidentialledger/1.2.0b1 Python/3.12.9 (Windows-11-10.0.26100-SP0)"
      },
      "RequestBody": null,
      "StatusCode": 200,
      "ResponseHeaders": {
        "Content-Length": "122",
        "Content-Type": "application/json",
        "x-ms-ccf-transaction-id": "2.142"
      },
      "ResponseBody": {
        "receipt": {
          "nodeId": "",
          "proof": [],
          "signature": ""
        },
        "state": "Loading",
        "transactionId": ""
      }
    },
    {
      "RequestUri": "https://Sanitized.confidential-ledger.azure.com/app/transactions/2.141/receipt?api-version=2024-12-09-preview",
      "RequestMethod": "GET",
      "RequestHeaders": {
        "Accept": "application/json",
        "Accept-Encoding": "gzip, deflate",
        "Connection": "keep-alive",
        "User-Agent": "azsdk-python-confidentialledger/1.2.0b1 Python/3.12.9 (Windows-11-10.0.26100-SP0)"
      },
      "RequestBody": null,
      "StatusCode": 200,
      "ResponseHeaders": {
        "Content-Length": "1810",
        "Content-Type": "application/json",
        "x-ms-ccf-transaction-id": "2.142"
      },
      "ResponseBody": {
        "receipt": {
          "cert": "-----BEGIN CERTIFICATE-----\nMIICEjCCAbegAwIBAgIRAM5zJqDV2rOX8orDWe37/NQwCgYIKoZIzj0EAwIwFjEU\nMBIGA1UEAwwLQ0NGIFNlcnZpY2UwHhcNMjUwMzMxMTYyOTUwWhcNMjUwNjI5MTYy\nOTQ5WjATMREwDwYDVQQDDAhDQ0YgTm9kZTBZMBMGByqGSM49AgEGCCqGSM49AwEH\nA0IABBLdYSU0nxeP53JvFIIk886e595YrnTI0foMWaLfBnuiVQQvBRtU5qSkn7Jb\nRPoqNpKVY/fh4OriPePHRNITxfGjgegwgeUwDAYDVR0TAQH/BAIwADAdBgNVHQ4E\nFgQUpwAW1gaWkvURcQONsB41CQctoRMwHwYDVR0jBBgwFoAUHuOeoTbmEsOEuPYI\noGkirKQOytowgZQGA1UdEQSBjDCBiYcECvALXoIWYW1ydXRoYS1zZGstdGVzdGxl\nZGdlcoIzYW1ydXRoYS1zZGstdGVzdGxlZGdlci5wcm9kLnByaXZhdGUuYXp1cmVs\nZWRnZXIuY29tgjRhbXJ1dGhhLXNkay10ZXN0bGVkZ2VyLmNvbmZpZGVudGlhbC1s\nZWRnZXIuYXp1cmUuY29tMAoGCCqGSM49BAMCA0kAMEYCIQCjafmvverNRolOpb23\nPj3kqXM5vcUua9qAku4qVK3EwAIhAMg30rNUF9EyCqhkU9j185Ww1N4k7XvtFedM\nYvdBxz7h\n-----END CERTIFICATE-----\n",
          "leafComponents": {
            "claimsDigest": "0000000000000000000000000000000000000000000000000000000000000000",
            "commitEvidence": "ce:2.141:1e33a462c44cf2eb7a6138546e276f29d16d57d1e41301d17ed6b2e1a46bf826",
            "writeSetDigest": "aa102c053997a0bf7664c8cebfe282ba202e0b9ff7dbd25ff8117bdb0befc5e1"
          },
          "nodeId": "d174c5da1085c3c18b01276257ec78814de22f145cf7901789a615743b4941e8",
          "proof": [
            {
              "left": "b0e20aac0f2e38e42db4c8cf723b15082f8507cc144baa052d666d47983d6d78"
            },
            {
              "left": "4759f4469c7b5808de40ac006e19922e7be81da4c24f7599f622dea3280c44d5"
            },
            {
              "left": "2a3bff0a538bc2daf0eed8e6ce7ecd348d88947675ee8cb194fcf8ecf403dd3d"
            },
            {
              "left": "5eb2d47e4ec099a55a9589ee50d3093cb1f1a560c3582b3e6eeedd7ef99d3681"
            }
          ],
          "signature": "MEUCIEuS4p9/7KWO5yFlGzPKaeVCRAKuDKt9nQIqFnl42Th1AiEAigCnALFwao7k4Msuo+XbuKNdKRjG9PH/scLKuRn1+hY="
        },
        "state": "Ready",
        "transactionId": "2.141"
      }
    },
    {
      "RequestUri": "https://Sanitized.confidential-ledger.azure.com/app/transactions/current?api-version=2024-12-09-preview&collectionId=132",
      "RequestMethod": "GET",
      "RequestHeaders": {
        "Accept": "application/json",
        "Accept-Encoding": "gzip, deflate",
        "Connection": "keep-alive",
        "User-Agent": "azsdk-python-confidentialledger/1.2.0b1 Python/3.12.9 (Windows-11-10.0.26100-SP0)"
      },
      "RequestBody": null,
      "StatusCode": 200,
      "ResponseHeaders": {
        "Content-Length": "103",
        "Content-Type": "application/json",
        "x-ms-ccf-transaction-id": "2.142"
      },
      "ResponseBody": {
        "collectionId": "132",
        "contents": "Test entry from Python SDK. Collection: 132",
        "transactionId": "2.141"
      }
    },
    {
      "RequestUri": "https://Sanitized.confidential-ledger.azure.com/app/transactions?api-version=2024-12-09-preview&collectionId=132",
      "RequestMethod": "POST",
      "RequestHeaders": {
        "Accept": "application/json",
        "Accept-Encoding": "gzip, deflate",
        "Connection": "keep-alive",
        "Content-Length": "61",
        "Content-Type": "application/json",
        "User-Agent": "azsdk-python-confidentialledger/1.2.0b1 Python/3.12.9 (Windows-11-10.0.26100-SP0)"
      },
      "RequestBody": {
        "contents": "Test entry 2 from Python SDK. Collection: 132"
      },
      "StatusCode": 200,
      "ResponseHeaders": {
        "Content-Length": "22",
        "Content-Type": "application/json",
        "x-ms-ccf-transaction-id": "2.143"
      },
      "ResponseBody": {
        "collectionId": "132"
      }
    },
    {
      "RequestUri": "https://Sanitized.confidential-ledger.azure.com/app/transactions/2.143/status?api-version=2024-12-09-preview",
      "RequestMethod": "GET",
      "RequestHeaders": {
        "Accept": "application/json",
        "Accept-Encoding": "gzip, deflate",
        "Connection": "keep-alive",
        "User-Agent": "azsdk-python-confidentialledger/1.2.0b1 Python/3.12.9 (Windows-11-10.0.26100-SP0)"
      },
      "RequestBody": null,
      "StatusCode": 200,
      "ResponseHeaders": {
        "Content-Length": "43",
        "Content-Type": "application/json",
        "x-ms-ccf-transaction-id": "2.143"
      },
      "ResponseBody": {
        "state": "Pending",
        "transactionId": "2.143"
      }
    },
    {
      "RequestUri": "https://Sanitized.confidential-ledger.azure.com/app/transactions/2.143/status?api-version=2024-12-09-preview",
      "RequestMethod": "GET",
      "RequestHeaders": {
        "Accept": "application/json",
        "Accept-Encoding": "gzip, deflate",
        "Connection": "keep-alive",
        "User-Agent": "azsdk-python-confidentialledger/1.2.0b1 Python/3.12.9 (Windows-11-10.0.26100-SP0)"
      },
      "RequestBody": null,
      "StatusCode": 200,
      "ResponseHeaders": {
        "Content-Length": "45",
        "Content-Type": "application/json",
        "x-ms-ccf-transaction-id": "2.144"
      },
      "ResponseBody": {
        "state": "Committed",
        "transactionId": "2.143"
      }
    },
    {
      "RequestUri": "https://Sanitized.confidential-ledger.azure.com/app/transactions/current?api-version=2024-12-09-preview&collectionId=132",
      "RequestMethod": "GET",
      "RequestHeaders": {
        "Accept": "application/json",
        "Accept-Encoding": "gzip, deflate",
        "Connection": "keep-alive",
        "User-Agent": "azsdk-python-confidentialledger/1.2.0b1 Python/3.12.9 (Windows-11-10.0.26100-SP0)"
      },
      "RequestBody": null,
      "StatusCode": 200,
      "ResponseHeaders": {
        "Content-Length": "105",
        "Content-Type": "application/json",
        "x-ms-ccf-transaction-id": "2.144"
      },
      "ResponseBody": {
        "collectionId": "132",
        "contents": "Test entry 2 from Python SDK. Collection: 132",
        "transactionId": "2.143"
      }
    },
    {
      "RequestUri": "https://Sanitized.confidential-ledger.azure.com/app/transactions/2.141?api-version=2024-12-09-preview&collectionId=132",
      "RequestMethod": "GET",
      "RequestHeaders": {
        "Accept": "application/json",
        "Accept-Encoding": "gzip, deflate",
        "Connection": "keep-alive",
        "User-Agent": "azsdk-python-confidentialledger/1.2.0b1 Python/3.12.9 (Windows-11-10.0.26100-SP0)"
      },
      "RequestBody": null,
      "StatusCode": 200,
      "ResponseHeaders": {
        "Content-Length": "159",
        "Content-Type": "application/json",
        "x-ms-ccf-transaction-id": "2.144"
      },
      "ResponseBody": {
        "entry": {
          "collectionId": "132",
          "contents": "Test entry from Python SDK. Collection: 132",
          "transactionId": "2.141"
        },
        "state": "Ready"
      }
    },
    {
      "RequestUri": "https://Sanitized.confidential-ledger.azure.com/app/collections?api-version=2024-12-09-preview",
      "RequestMethod": "GET",
      "RequestHeaders": {
        "Accept": "application/json",
        "Accept-Encoding": "gzip, deflate",
        "Connection": "keep-alive",
        "User-Agent": "azsdk-python-confidentialledger/1.2.0b1 Python/3.12.9 (Windows-11-10.0.26100-SP0)"
      },
      "RequestBody": null,
      "StatusCode": 200,
      "ResponseHeaders": {
        "Content-Length": "176",
        "Content-Type": "application/json",
        "x-ms-ccf-transaction-id": "2.144"
      },
      "ResponseBody": {
        "collections": [
          {
            "collectionId": "3"
          },
          {
            "collectionId": "132"
          },
          {
            "collectionId": "0"
          },
          {
            "collectionId": "subledger:0"
          },
          {
            "collectionId": "4"
          },
          {
            "collectionId": "1"
          },
          {
            "collectionId": "2"
          }
        ]
      }
    }
  ],
  "Variables": {}
}
