{
  "Entries": [
    {
      "RequestUri": "https://seanmcccanary3.file.core.windows.net/test-share-95c73efc-428f-ae64-932c-d85858b7c638?restype=share",
      "RequestMethod": "PUT",
      "RequestHeaders": {
        "Accept": "application/xml",
        "Authorization": "Sanitized",
        "Content-Length": "0",
        "traceparent": "00-e9c9de1550562e3359cc8b2179cecca2-2e2d17c848be1c86-00",
        "User-Agent": "azsdk-net-Storage.Files.Shares/12.21.0-alpha.20241016.1 (.NET 8.0.10; Microsoft Windows 10.0.26100)",
        "x-ms-client-request-id": "Sanitized",
        "x-ms-date": "Wed, 16 Oct 2024 19:29:41 GMT",
        "x-ms-return-client-request-id": "true",
        "x-ms-version": "2025-05-05"
      },
      "RequestBody": null,
      "StatusCode": 201,
      "ResponseHeaders": {
        "Content-Length": "0",
        "Date": "Wed, 16 Oct 2024 19:29:41 GMT",
        "ETag": "\"0x8DCEE18E1D29D9C\"",
        "Last-Modified": "Wed, 16 Oct 2024 19:29:41 GMT",
        "Server": [
          "Windows-Azure-File/1.0",
          "Microsoft-HTTPAPI/2.0"
        ],
        "x-ms-client-request-id": "Sanitized",
        "x-ms-request-id": "ddeebe8a-801a-0015-7801-20cd71000000",
        "x-ms-version": "2025-05-05"
      },
      "ResponseBody": null
    },
    {
      "RequestUri": "https://seanmcccanary3.file.core.windows.net/test-share-95c73efc-428f-ae64-932c-d85858b7c638/test-directory-91cc2f3d-5755-f325-ff09-b25aa205c4ff?sv=Sanitized&ss=bqtf&srt=soc&se=2024-10-17T19%3A29%3A41Z&sp=racwdlxyuptf&sig=Sanitized&restype=directory",
      "RequestMethod": "PUT",
      "RequestHeaders": {
        "Accept": "application/xml",
        "Content-Length": "0",
        "traceparent": "00-4f8ab525c8d6d215f0aa9af5e1b1de94-ed27cd81483049db-00",
        "User-Agent": "azsdk-net-Storage.Files.Shares/12.21.0-alpha.20241016.1 (.NET 8.0.10; Microsoft Windows 10.0.26100)",
        "x-ms-client-request-id": "Sanitized",
        "x-ms-return-client-request-id": "true",
        "x-ms-version": "2025-05-05"
      },
      "RequestBody": null,
      "StatusCode": 201,
      "ResponseHeaders": {
        "Content-Length": "0",
        "Date": "Wed, 16 Oct 2024 19:29:41 GMT",
        "ETag": "\"0x8DCEE18E1DD7921\"",
        "Last-Modified": "Wed, 16 Oct 2024 19:29:41 GMT",
        "Server": [
          "Windows-Azure-File/1.0",
          "Microsoft-HTTPAPI/2.0"
        ],
        "x-ms-client-request-id": "Sanitized",
        "x-ms-file-attributes": "Directory",
        "x-ms-file-change-time": "2024-10-16T19:29:41.5781665Z",
        "x-ms-file-creation-time": "2024-10-16T19:29:41.5781665Z",
        "x-ms-file-id": "13835128424026341376",
        "x-ms-file-last-write-time": "2024-10-16T19:29:41.5781665Z",
        "x-ms-file-parent-id": "0",
        "x-ms-file-permission-key": "17860367565182308406*11459378189709739967",
        "x-ms-request-id": "ddeebe8f-801a-0015-7b01-20cd71000000",
        "x-ms-request-server-encrypted": "true",
        "x-ms-version": "2025-05-05"
      },
      "ResponseBody": null
    },
    {
      "RequestUri": "https://seanmcccanary3.file.core.windows.net/test-share-95c73efc-428f-ae64-932c-d85858b7c638?sv=Sanitized&ss=bqtf&srt=soc&se=2024-10-17T19%3A29%3A41Z&sp=racwdlxyuptf&sig=Sanitized&restype=share",
      "RequestMethod": "GET",
      "RequestHeaders": {
        "Accept": "application/xml",
        "traceparent": "00-42bb633e134a527f344c2d816f460078-32b4b18214d9a1d8-00",
        "User-Agent": "azsdk-net-Storage.Files.Shares/12.21.0-alpha.20241016.1 (.NET 8.0.10; Microsoft Windows 10.0.26100)",
        "x-ms-client-request-id": "Sanitized",
        "x-ms-return-client-request-id": "true",
        "x-ms-version": "2025-05-05"
      },
      "RequestBody": null,
      "StatusCode": 200,
      "ResponseHeaders": {
        "Content-Length": "0",
        "Date": "Wed, 16 Oct 2024 19:29:41 GMT",
        "ETag": "\"0x8DCEE18E1D29D9C\"",
        "Last-Modified": "Wed, 16 Oct 2024 19:29:41 GMT",
        "Server": [
          "Windows-Azure-File/1.0",
          "Microsoft-HTTPAPI/2.0"
        ],
        "x-ms-access-tier": "TransactionOptimized",
        "x-ms-access-tier-change-time": "Wed, 16 Oct 2024 19:29:41 GMT",
        "x-ms-client-request-id": "Sanitized",
        "x-ms-has-immutability-policy": "false",
        "x-ms-has-legal-hold": "false",
        "x-ms-lease-state": "available",
        "x-ms-lease-status": "unlocked",
        "x-ms-request-id": "ddeebe90-801a-0015-7c01-20cd71000000",
        "x-ms-share-quota": "102400",
        "x-ms-version": "2025-05-05"
      },
      "ResponseBody": null
    },
    {
      "RequestUri": "https://seanmcccanary3.file.core.windows.net/test-share-95c73efc-428f-ae64-932c-d85858b7c638?restype=share",
      "RequestMethod": "DELETE",
      "RequestHeaders": {
        "Accept": "application/xml",
        "Authorization": "Sanitized",
        "traceparent": "00-2d592ebe7f274c8e0a92a1cdf98b9d94-739f6a43aba199fb-00",
        "User-Agent": "azsdk-net-Storage.Files.Shares/12.21.0-alpha.20241016.1 (.NET 8.0.10; Microsoft Windows 10.0.26100)",
        "x-ms-client-request-id": "Sanitized",
        "x-ms-date": "Wed, 16 Oct 2024 19:29:41 GMT",
        "x-ms-delete-snapshots": "include",
        "x-ms-return-client-request-id": "true",
        "x-ms-version": "2025-05-05"
      },
      "RequestBody": null,
      "StatusCode": 202,
      "ResponseHeaders": {
        "Content-Length": "0",
        "Date": "Wed, 16 Oct 2024 19:29:41 GMT",
        "Server": [
          "Windows-Azure-File/1.0",
          "Microsoft-HTTPAPI/2.0"
        ],
        "x-ms-client-request-id": "Sanitized",
        "x-ms-request-id": "ddeebe91-801a-0015-7d01-20cd71000000",
        "x-ms-version": "2025-05-05"
      },
      "ResponseBody": null
    }
  ],
  "Variables": {
    "DateTimeOffsetNow": "2024-10-16T14:29:41.4172244-05:00",
    "RandomSeed": "471320992",
    "Storage_TestConfigDefault": "ProductionTenant\nseanmcccanary3\nU2FuaXRpemVk\nhttps://seanmcccanary3.blob.core.windows.net\nhttps://seanmcccanary3.file.core.windows.net\nhttps://seanmcccanary3.queue.core.windows.net\nhttps://seanmcccanary3.table.core.windows.net\n\n\n\n\nhttps://seanmcccanary3-secondary.blob.core.windows.net\nhttps://seanmcccanary3-secondary.file.core.windows.net\nhttps://seanmcccanary3-secondary.queue.core.windows.net\nhttps://seanmcccanary3-secondary.table.core.windows.net\nCloud\nBlobEndpoint=https://seanmcccanary3.blob.core.windows.net/;QueueEndpoint=https://seanmcccanary3.queue.core.windows.net/;FileEndpoint=https://seanmcccanary3.file.core.windows.net/;BlobSecondaryEndpoint=https://seanmcccanary3-secondary.blob.core.windows.net/;QueueSecondaryEndpoint=https://seanmcccanary3-secondary.queue.core.windows.net/;FileSecondaryEndpoint=https://seanmcccanary3-secondary.file.core.windows.net/;AccountName=seanmcccanary3;AccountKey=Sanitized\nseanscope1\n\n"
  }
}
