{
  "Entries": [
    {
      "RequestUri": "https://seancanary.file.core.windows.net/test-share-0d8f0800-b1d2-9478-f519-a7756a048085?restype=share",
      "RequestMethod": "PUT",
      "RequestHeaders": {
        "Accept": "application/xml",
        "Authorization": "Sanitized",
        "Content-Length": "0",
        "traceparent": "00-07e9e029cd7d2ac22c7b361482365fd7-1c14a983edd45748-00",
        "User-Agent": "azsdk-net-Storage.Files.Shares/12.19.0-alpha.20240606.1 (.NET 7.0.20; Microsoft Windows 10.0.22631)",
        "x-ms-client-request-id": "Sanitized",
        "x-ms-date": "Thu, 06 Jun 2024 21:53:46 GMT",
        "x-ms-return-client-request-id": "true",
        "x-ms-version": "2024-08-04"
      },
      "RequestBody": null,
      "StatusCode": 201,
      "ResponseHeaders": {
        "Content-Length": "0",
        "Date": "Thu, 06 Jun 2024 21:53:47 GMT",
        "ETag": "\"0x8DC867324EC3CED\"",
        "Last-Modified": "Thu, 06 Jun 2024 21:53:47 GMT",
        "Server": [
          "Windows-Azure-File/1.0",
          "Microsoft-HTTPAPI/2.0"
        ],
        "x-ms-client-request-id": "Sanitized",
        "x-ms-request-id": "ddea39df-701a-0033-535c-b8a98a000000",
        "x-ms-version": "2024-08-04"
      },
      "ResponseBody": null
    },
    {
      "RequestUri": "https://seancanary.file.core.windows.net/test-share-0d8f0800-b1d2-9478-f519-a7756a048085/test-directory-3e42b7a2-6bad-62c3-9254-0611e1b56d11?restype=directory",
      "RequestMethod": "PUT",
      "RequestHeaders": {
        "Accept": "application/xml",
        "Authorization": "Sanitized",
        "Content-Length": "0",
        "traceparent": "00-9cd8835ca660e159fc09d6e1e2e0bfc4-6bb6b5051efff700-00",
        "User-Agent": "azsdk-net-Storage.Files.Shares/12.19.0-alpha.20240606.1 (.NET 7.0.20; Microsoft Windows 10.0.22631)",
        "x-ms-client-request-id": "Sanitized",
        "x-ms-date": "Thu, 06 Jun 2024 21:53:46 GMT",
        "x-ms-file-attributes": "None",
        "x-ms-file-creation-time": "Now",
        "x-ms-file-last-write-time": "Now",
        "x-ms-file-permission": "Inherit",
        "x-ms-return-client-request-id": "true",
        "x-ms-version": "2024-08-04"
      },
      "RequestBody": null,
      "StatusCode": 201,
      "ResponseHeaders": {
        "Content-Length": "0",
        "Date": "Thu, 06 Jun 2024 21:53:47 GMT",
        "ETag": "\"0x8DC867324FBC99E\"",
        "Last-Modified": "Thu, 06 Jun 2024 21:53:47 GMT",
        "Server": [
          "Windows-Azure-File/1.0",
          "Microsoft-HTTPAPI/2.0"
        ],
        "x-ms-client-request-id": "Sanitized",
        "x-ms-file-attributes": "Directory",
        "x-ms-file-change-time": "2024-06-06T21:53:47.9609758Z",
        "x-ms-file-creation-time": "2024-06-06T21:53:47.9609758Z",
        "x-ms-file-id": "13835128424026341376",
        "x-ms-file-last-write-time": "2024-06-06T21:53:47.9609758Z",
        "x-ms-file-parent-id": "0",
        "x-ms-file-permission-key": "3341290327828196975*5081612660206631398",
        "x-ms-request-id": "ddea39e1-701a-0033-545c-b8a98a000000",
        "x-ms-request-server-encrypted": "true",
        "x-ms-version": "2024-08-04"
      },
      "ResponseBody": null
    },
    {
      "RequestUri": "https://seancanary.file.core.windows.net/test-share-0d8f0800-b1d2-9478-f519-a7756a048085?restype=share&comp=snapshot",
      "RequestMethod": "PUT",
      "RequestHeaders": {
        "Accept": "application/xml",
        "Authorization": "Sanitized",
        "Content-Length": "0",
        "traceparent": "00-66f013d02932bc5182c3e5f7fb90f0c9-f4df2ed7231b22e2-00",
        "User-Agent": "azsdk-net-Storage.Files.Shares/12.19.0-alpha.20240606.1 (.NET 7.0.20; Microsoft Windows 10.0.22631)",
        "x-ms-client-request-id": "Sanitized",
        "x-ms-date": "Thu, 06 Jun 2024 21:53:46 GMT",
        "x-ms-return-client-request-id": "true",
        "x-ms-version": "2024-08-04"
      },
      "RequestBody": null,
      "StatusCode": 201,
      "ResponseHeaders": {
        "Content-Length": "0",
        "Date": "Thu, 06 Jun 2024 21:53:48 GMT",
        "ETag": "\"0x8DC867324EC3CED\"",
        "Last-Modified": "Thu, 06 Jun 2024 21:53:47 GMT",
        "Server": [
          "Windows-Azure-File/1.0",
          "Microsoft-HTTPAPI/2.0"
        ],
        "x-ms-client-request-id": "Sanitized",
        "x-ms-request-id": "ddea39e2-701a-0033-555c-b8a98a000000",
        "x-ms-snapshot": "2024-06-06T21:53:48.0000000Z",
        "x-ms-version": "2024-08-04"
      },
      "ResponseBody": null
    },
    {
      "RequestUri": "https://seancanary.file.core.windows.net/test-share-0d8f0800-b1d2-9478-f519-a7756a048085/test-directory-3e42b7a2-6bad-62c3-9254-0611e1b56d11?sharesnapshot=2024-06-06T21:53:48.0000000Z&sv=Sanitized&ss=bqtf&srt=soc&se=2024-06-07T21%3A53%3A46Z&sp=racwdlxyuptf&sig=Sanitized&restype=directory",
      "RequestMethod": "GET",
      "RequestHeaders": {
        "Accept": "application/xml",
        "traceparent": "00-85afb38560951475db1b15f4583ae494-ec0d4575b9b5830c-00",
        "User-Agent": "azsdk-net-Storage.Files.Shares/12.19.0-alpha.20240606.1 (.NET 7.0.20; Microsoft Windows 10.0.22631)",
        "x-ms-client-request-id": "Sanitized",
        "x-ms-return-client-request-id": "true",
        "x-ms-version": "2024-08-04"
      },
      "RequestBody": null,
      "StatusCode": 200,
      "ResponseHeaders": {
        "Content-Length": "0",
        "Date": "Thu, 06 Jun 2024 21:53:48 GMT",
        "ETag": "\"0x8DC867324FBC99E\"",
        "Last-Modified": "Thu, 06 Jun 2024 21:53:47 GMT",
        "Server": [
          "Windows-Azure-File/1.0",
          "Microsoft-HTTPAPI/2.0"
        ],
        "x-ms-client-request-id": "Sanitized",
        "x-ms-file-attributes": "Directory",
        "x-ms-file-change-time": "2024-06-06T21:53:47.9609758Z",
        "x-ms-file-creation-time": "2024-06-06T21:53:47.9609758Z",
        "x-ms-file-id": "13835128424026341376",
        "x-ms-file-last-write-time": "2024-06-06T21:53:47.9609758Z",
        "x-ms-file-parent-id": "0",
        "x-ms-file-permission-key": "3341290327828196975*5081612660206631398",
        "x-ms-request-id": "ddea39e3-701a-0033-565c-b8a98a000000",
        "x-ms-server-encrypted": "true",
        "x-ms-version": "2024-08-04"
      },
      "ResponseBody": null
    },
    {
      "RequestUri": "https://seancanary.file.core.windows.net/test-share-0d8f0800-b1d2-9478-f519-a7756a048085?restype=share",
      "RequestMethod": "DELETE",
      "RequestHeaders": {
        "Accept": "application/xml",
        "Authorization": "Sanitized",
        "traceparent": "00-912fe7f1d6a9f994785ded77c8984b3c-305ae778173338e9-00",
        "User-Agent": "azsdk-net-Storage.Files.Shares/12.19.0-alpha.20240606.1 (.NET 7.0.20; Microsoft Windows 10.0.22631)",
        "x-ms-client-request-id": "Sanitized",
        "x-ms-date": "Thu, 06 Jun 2024 21:53:46 GMT",
        "x-ms-delete-snapshots": "include",
        "x-ms-return-client-request-id": "true",
        "x-ms-version": "2024-08-04"
      },
      "RequestBody": null,
      "StatusCode": 202,
      "ResponseHeaders": {
        "Content-Length": "0",
        "Date": "Thu, 06 Jun 2024 21:53:48 GMT",
        "Server": [
          "Windows-Azure-File/1.0",
          "Microsoft-HTTPAPI/2.0"
        ],
        "x-ms-client-request-id": "Sanitized",
        "x-ms-request-id": "ddea39e5-701a-0033-575c-b8a98a000000",
        "x-ms-version": "2024-08-04"
      },
      "ResponseBody": null
    }
  ],
  "Variables": {
    "DateTimeOffsetNow": "2024-06-06T16:53:46.6266731-05:00",
    "RandomSeed": "739002343",
    "Storage_TestConfigDefault": "ProductionTenant\nseancanary\nU2FuaXRpemVk\nhttps://seancanary.blob.core.windows.net\nhttps://seancanary.file.core.windows.net\nhttps://seancanary.queue.core.windows.net\nhttps://seancanary.table.core.windows.net\n\n\n\n\nhttps://seancanary-secondary.blob.core.windows.net\nhttps://seancanary-secondary.file.core.windows.net\nhttps://seancanary-secondary.queue.core.windows.net\nhttps://seancanary-secondary.table.core.windows.net\nCloud\nBlobEndpoint=https://seancanary.blob.core.windows.net/;QueueEndpoint=https://seancanary.queue.core.windows.net/;FileEndpoint=https://seancanary.file.core.windows.net/;BlobSecondaryEndpoint=https://seancanary-secondary.blob.core.windows.net/;QueueSecondaryEndpoint=https://seancanary-secondary.queue.core.windows.net/;FileSecondaryEndpoint=https://seancanary-secondary.file.core.windows.net/;AccountName=seancanary;AccountKey=Sanitized\nseanscope1\n\n"
  }
}
