{
  "Entries": [
    {
      "RequestUri": "https://seanmcccanary3.file.core.windows.net/test-share-d01fb1a0-4985-4463-c56b-d0ee83e71d65?restype=share",
      "RequestMethod": "PUT",
      "RequestHeaders": {
        "Accept": "application/xml",
        "Authorization": "Sanitized",
        "Content-Length": "0",
        "traceparent": "00-c60c20148e0fbd3935e54a6e5cb1a2ac-60a459133d92d035-00",
        "User-Agent": "azsdk-net-Storage.Files.Shares/12.24.0-alpha.20250620.1 (.NET 9.0.6; Microsoft Windows 10.0.26100)",
        "x-ms-client-request-id": "Sanitized",
        "x-ms-file-request-intent": "backup",
        "x-ms-return-client-request-id": "true",
        "x-ms-version": "2026-02-06"
      },
      "RequestBody": null,
      "StatusCode": 201,
      "ResponseHeaders": {
        "Content-Length": "0",
        "Date": "Fri, 20 Jun 2025 19:28:35 GMT",
        "ETag": "\"0x8DDB030A74232A3\"",
        "Last-Modified": "Fri, 20 Jun 2025 19:28:36 GMT",
        "Server": [
          "Windows-Azure-File/1.0",
          "Microsoft-HTTPAPI/2.0"
        ],
        "x-ms-client-request-id": "Sanitized",
        "x-ms-request-id": "2f21c9f7-d01a-0004-3919-e22db3000000",
        "x-ms-version": "2026-02-06"
      },
      "ResponseBody": null
    },
    {
      "RequestUri": "https://seanmcccanary3.file.core.windows.net/test-share-d01fb1a0-4985-4463-c56b-d0ee83e71d65/test-directory-3d8042e9-6cdc-1997-1dd8-94d58a2873b5?restype=directory",
      "RequestMethod": "PUT",
      "RequestHeaders": {
        "Accept": "application/xml",
        "Authorization": "Sanitized",
        "Content-Length": "0",
        "traceparent": "00-38329faf9cf4c3c478334927325dd136-2eae4811f321cf43-00",
        "User-Agent": "azsdk-net-Storage.Files.Shares/12.24.0-alpha.20250620.1 (.NET 9.0.6; Microsoft Windows 10.0.26100)",
        "x-ms-client-request-id": "Sanitized",
        "x-ms-file-request-intent": "backup",
        "x-ms-return-client-request-id": "true",
        "x-ms-version": "2026-02-06"
      },
      "RequestBody": null,
      "StatusCode": 201,
      "ResponseHeaders": {
        "Content-Length": "0",
        "Date": "Fri, 20 Jun 2025 19:28:35 GMT",
        "ETag": "\"0x8DDB030A74931C1\"",
        "Last-Modified": "Fri, 20 Jun 2025 19:28:36 GMT",
        "Server": [
          "Windows-Azure-File/1.0",
          "Microsoft-HTTPAPI/2.0"
        ],
        "x-ms-client-request-id": "Sanitized",
        "x-ms-file-attributes": "Directory",
        "x-ms-file-change-time": "2025-06-20T19:28:36.7989185Z",
        "x-ms-file-creation-time": "2025-06-20T19:28:36.7989185Z",
        "x-ms-file-id": "13835128424026341376",
        "x-ms-file-last-write-time": "2025-06-20T19:28:36.7989185Z",
        "x-ms-file-parent-id": "0",
        "x-ms-file-permission-key": "17860367565182308406*11459378189709739967",
        "x-ms-request-id": "2f21c9f9-d01a-0004-3a19-e22db3000000",
        "x-ms-request-server-encrypted": "true",
        "x-ms-version": "2026-02-06"
      },
      "ResponseBody": null
    },
    {
      "RequestUri": "https://seanmcccanary3.file.core.windows.net/test-share-d01fb1a0-4985-4463-c56b-d0ee83e71d65/test-directory-3d8042e9-6cdc-1997-1dd8-94d58a2873b5/test-file-644c5761-eeec-ad09-f817-a4b9c1459ee7",
      "RequestMethod": "PUT",
      "RequestHeaders": {
        "Accept": "application/xml",
        "Authorization": "Sanitized",
        "Content-Length": "0",
        "traceparent": "00-5eecaa800d849d0992787166d9135c2a-add33f76aedcfbd3-00",
        "User-Agent": "azsdk-net-Storage.Files.Shares/12.24.0-alpha.20250620.1 (.NET 9.0.6; Microsoft Windows 10.0.26100)",
        "x-ms-client-request-id": "Sanitized",
        "x-ms-content-length": "1048576",
        "x-ms-file-request-intent": "backup",
        "x-ms-return-client-request-id": "true",
        "x-ms-type": "file",
        "x-ms-version": "2026-02-06"
      },
      "RequestBody": null,
      "StatusCode": 201,
      "ResponseHeaders": {
        "Content-Length": "0",
        "Date": "Fri, 20 Jun 2025 19:28:35 GMT",
        "ETag": "\"0x8DDB030A74F6C54\"",
        "Last-Modified": "Fri, 20 Jun 2025 19:28:36 GMT",
        "Server": [
          "Windows-Azure-File/1.0",
          "Microsoft-HTTPAPI/2.0"
        ],
        "x-ms-client-request-id": "Sanitized",
        "x-ms-file-attributes": "Archive",
        "x-ms-file-change-time": "2025-06-20T19:28:36.8397396Z",
        "x-ms-file-creation-time": "2025-06-20T19:28:36.8397396Z",
        "x-ms-file-id": "11529285414812647424",
        "x-ms-file-last-write-time": "2025-06-20T19:28:36.8397396Z",
        "x-ms-file-parent-id": "13835128424026341376",
        "x-ms-file-permission-key": "4010187179898695473*11459378189709739967",
        "x-ms-request-id": "2f21c9fa-d01a-0004-3b19-e22db3000000",
        "x-ms-request-server-encrypted": "true",
        "x-ms-version": "2026-02-06"
      },
      "ResponseBody": null
    },
    {
      "RequestUri": "https://seanmcccanary3.file.core.windows.net/?restype=service&comp=userdelegationkey",
      "RequestMethod": "POST",
      "RequestHeaders": {
        "Accept": "application/xml",
        "Authorization": "Sanitized",
        "Content-Length": "94",
        "Content-Type": "application/xml",
        "traceparent": "00-a0b8e7454b5894753239c41ca832ec13-adeaf43514597e84-00",
        "User-Agent": "azsdk-net-Storage.Files.Shares/12.24.0-alpha.20250620.1 (.NET 9.0.6; Microsoft Windows 10.0.26100)",
        "x-ms-client-request-id": "Sanitized",
        "x-ms-return-client-request-id": "true",
        "x-ms-version": "2026-02-06"
      },
      "RequestBody": "\uFEFF<KeyInfo><Start>2025-06-20T18:28:36Z</Start><Expiry>2025-06-20T20:28:36Z</Expiry></KeyInfo>",
      "StatusCode": 200,
      "ResponseHeaders": {
        "Content-Type": "application/xml",
        "Date": "Fri, 20 Jun 2025 19:28:36 GMT",
        "Server": [
          "Windows-Azure-File/1.0",
          "Microsoft-HTTPAPI/2.0"
        ],
        "Transfer-Encoding": "chunked",
        "x-ms-client-request-id": "Sanitized",
        "x-ms-request-id": "2f21c9fc-d01a-0004-3d19-e22db3000000",
        "x-ms-version": "2026-02-06"
      },
      "ResponseBody": "\uFEFF<?xml version=\"1.0\" encoding=\"utf-8\"?><UserDelegationKey><SignedOid>e610410d-4aa1-4e96-8f70-bc1850bff049</SignedOid><SignedTid>00000000-0000-0000-0000-000000000000</SignedTid><SignedStart>2025-06-20T18:28:36Z</SignedStart><SignedExpiry>2025-06-20T20:28:36Z</SignedExpiry><SignedService>f</SignedService><SignedVersion>2026-02-06</SignedVersion><Value>MA==</Value></UserDelegationKey>"
    },
    {
      "RequestUri": "https://seanmcccanary3.file.core.windows.net/test-share-d01fb1a0-4985-4463-c56b-d0ee83e71d65/test-directory-3d8042e9-6cdc-1997-1dd8-94d58a2873b5/test-file-644c5761-eeec-ad09-f817-a4b9c1459ee7?skoid=00000000-0000-0000-0000-000000000000&sktid=00000000-0000-0000-0000-000000000000&skt=2025-06-20T18%3A28%3A36Z&ske=2025-06-20T20%3A28%3A36Z&sks=f&skv=2026-02-06&sv=Sanitized&se=2025-06-20T20%3A28%3A36Z&sr=f&sp=rcwd&sig=Sanitized",
      "RequestMethod": "HEAD",
      "RequestHeaders": {
        "Accept": "application/xml",
        "traceparent": "00-56d591cec4baef01d6adb59e4e2085f7-76e21765e102626b-00",
        "User-Agent": "azsdk-net-Storage.Files.Shares/12.24.0-alpha.20250620.1 (.NET 9.0.6; Microsoft Windows 10.0.26100)",
        "x-ms-client-request-id": "Sanitized",
        "x-ms-file-request-intent": "backup",
        "x-ms-return-client-request-id": "true",
        "x-ms-version": "2026-02-06"
      },
      "RequestBody": null,
      "StatusCode": 200,
      "ResponseHeaders": {
        "Content-Length": "1048576",
        "Content-Type": "application/octet-stream",
        "Date": "Fri, 20 Jun 2025 19:28:36 GMT",
        "ETag": "\"0x8DDB030A74F6C54\"",
        "Last-Modified": "Fri, 20 Jun 2025 19:28:36 GMT",
        "Server": [
          "Windows-Azure-File/1.0",
          "Microsoft-HTTPAPI/2.0"
        ],
        "x-ms-client-request-id": "Sanitized",
        "x-ms-file-attributes": "Archive",
        "x-ms-file-change-time": "2025-06-20T19:28:36.8397396Z",
        "x-ms-file-creation-time": "2025-06-20T19:28:36.8397396Z",
        "x-ms-file-id": "11529285414812647424",
        "x-ms-file-last-write-time": "2025-06-20T19:28:36.8397396Z",
        "x-ms-file-parent-id": "13835128424026341376",
        "x-ms-file-permission-key": "4010187179898695473*11459378189709739967",
        "x-ms-lease-state": "available",
        "x-ms-lease-status": "unlocked",
        "x-ms-request-id": "2f21c9fd-d01a-0004-3e19-e22db3000000",
        "x-ms-server-encrypted": "true",
        "x-ms-type": "File",
        "x-ms-version": "2026-02-06"
      },
      "ResponseBody": null
    },
    {
      "RequestUri": "https://seanmcccanary3.file.core.windows.net/test-share-d01fb1a0-4985-4463-c56b-d0ee83e71d65?restype=share",
      "RequestMethod": "DELETE",
      "RequestHeaders": {
        "Accept": "application/xml",
        "Authorization": "Sanitized",
        "traceparent": "00-188e32fefad431b7be7f48df997d38a9-f9d67040b0d175df-00",
        "User-Agent": "azsdk-net-Storage.Files.Shares/12.24.0-alpha.20250620.1 (.NET 9.0.6; Microsoft Windows 10.0.26100)",
        "x-ms-client-request-id": "Sanitized",
        "x-ms-delete-snapshots": "include",
        "x-ms-file-request-intent": "backup",
        "x-ms-return-client-request-id": "true",
        "x-ms-version": "2026-02-06"
      },
      "RequestBody": null,
      "StatusCode": 202,
      "ResponseHeaders": {
        "Content-Length": "0",
        "Date": "Fri, 20 Jun 2025 19:28:36 GMT",
        "Server": [
          "Windows-Azure-File/1.0",
          "Microsoft-HTTPAPI/2.0"
        ],
        "x-ms-client-request-id": "Sanitized",
        "x-ms-request-id": "2f21c9ff-d01a-0004-4019-e22db3000000",
        "x-ms-version": "2026-02-06"
      },
      "ResponseBody": null
    }
  ],
  "Variables": {
    "DateTimeOffsetNow": "2025-06-20T14:28:36.8488821-05:00",
    "RandomSeed": "1835239404",
    "Storage_TestConfigOAuth": "OAuthTenant\nseanmcccanary3\nU2FuaXRpemVk\nhttps://seanmcccanary3.blob.core.windows.net\nhttps://seanmcccanary3.file.core.windows.net\nhttps://seanmcccanary3.queue.core.windows.net\nhttps://seanmcccanary3.table.core.windows.net\n\n\n\n\nhttps://seanmcccanary3-secondary.blob.core.windows.net\nhttps://seanmcccanary3-secondary.file.core.windows.net\nhttps://seanmcccanary3-secondary.queue.core.windows.net\nhttps://seanmcccanary3-secondary.table.core.windows.net\nCloud\nBlobEndpoint=https://seanmcccanary3.blob.core.windows.net/;QueueEndpoint=https://seanmcccanary3.queue.core.windows.net/;FileEndpoint=https://seanmcccanary3.file.core.windows.net/;BlobSecondaryEndpoint=https://seanmcccanary3-secondary.blob.core.windows.net/;QueueSecondaryEndpoint=https://seanmcccanary3-secondary.queue.core.windows.net/;FileSecondaryEndpoint=https://seanmcccanary3-secondary.file.core.windows.net/;AccountName=seanmcccanary3;AccountKey=U2FuaXRpemVk\n\nXClient\nba45b233-e2ef-4169-8808-49eb0d8eba0d"
  }
}
