{
  "Entries": [
    {
      "RequestUri": "https://Sanitized.azconfig.io/kv/getConfigTest788?api-version=2023-11-01&label=test",
      "RequestMethod": "PUT",
      "RequestHeaders": {
        "Accept": "application/vnd.microsoft.appconfig.kv+json, application/problem+json",
        "Accept-Encoding": "gzip, deflate, br, zstd",
        "Authorization": "Sanitized",
        "Connection": "keep-alive",
        "Content-Length": "122",
        "Content-Type": "application/vnd.microsoft.appconfig.kv+json",
        "If-None-Match": "*",
        "Origin": "http://localhost:9876",
        "Referer": "http://localhost:9876/",
        "sec-ch-ua": "\"Not/A)Brand\";v=\"8\", \"Chromium\";v=\"126\", \"HeadlessChrome\";v=\"126\"",
        "sec-ch-ua-mobile": "?0",
        "sec-ch-ua-platform": "\"Linux\"",
        "Sec-Fetch-Dest": "empty",
        "Sec-Fetch-Mode": "cors",
        "Sec-Fetch-Site": "same-site",
        "User-Agent": "Mozilla/5.0 (X11; Linux x86_64) AppleWebKit/537.36 (KHTML, like Gecko) HeadlessChrome/126.0.6478.126 Safari/537.36",
        "x-ms-client-request-id": "00ad890a-6502-4dd3-a3bb-5895f5d4036d",
        "x-ms-useragent": "azsdk-js-app-configuration/1.6.1 core-rest-pipeline/1.16.3 Chromium/126 OS/x86-Linux-6.5.0"
      },
      "RequestBody": {
        "key": "getConfigTest788",
        "label": "test",
        "content_type": "application/json",
        "value": "foo",
        "tags": {
          "bar": "baz",
          "car": "caz"
        }
      },
      "StatusCode": 200,
      "ResponseHeaders": {
        "Access-Control-Allow-Credentials": "true",
        "Access-Control-Allow-Origin": "*",
        "Access-Control-Expose-Headers": "Keep-Alive, Cache-Control, Content-Type, x-ms-client-request-id, Date, Sync-Token, x-ms-correlation-request-id, ETag, Last-Modified, Link, Memento-Datetime, retry-after-ms, x-ms-request-id, WWW-Authenticate, Operation-Location, Retry-After",
        "Connection": "keep-alive",
        "Content-Type": "application/vnd.microsoft.appconfig.kv+json; charset=utf-8",
        "Date": "Thu, 11 Jul 2024 20:49:20 GMT",
        "ETag": "\"pgEaZv9I2nD1R8dDViS5Gom6irB2gXoBWb2silalzaA\"",
        "Last-Modified": "Thu, 11 Jul 2024 20:49:20 GMT",
        "Strict-Transport-Security": "max-age=31536000; includeSubDomains",
        "Sync-Token": "zAJw6V16=ODoxNSMyODA0NjU0;sn=2804654",
        "Transfer-Encoding": "chunked",
        "x-ms-correlation-request-id": "f4476a29-78fb-4c34-970b-31bc46eaee45",
        "x-ms-request-id": "Sanitized"
      },
      "ResponseBody": {
        "etag": "pgEaZv9I2nD1R8dDViS5Gom6irB2gXoBWb2silalzaA",
        "key": "getConfigTest788",
        "label": "test",
        "content_type": "application/json",
        "value": "foo",
        "tags": {
          "bar": "baz",
          "car": "caz"
        },
        "locked": false,
        "last_modified": "2024-07-11T20:49:20+00:00"
      }
    },
    {
      "RequestUri": "https://Sanitized.azconfig.io/kv/getConfigTest788?api-version=2023-11-01&label=test",
      "RequestMethod": "GET",
      "RequestHeaders": {
        "Accept": "application/vnd.microsoft.appconfig.kv+json, application/problem+json",
        "Accept-Encoding": "gzip, deflate, br, zstd",
        "Authorization": "Sanitized",
        "Connection": "keep-alive",
        "Origin": "http://localhost:9876",
        "Referer": "http://localhost:9876/",
        "sec-ch-ua": "\"Not/A)Brand\";v=\"8\", \"Chromium\";v=\"126\", \"HeadlessChrome\";v=\"126\"",
        "sec-ch-ua-mobile": "?0",
        "sec-ch-ua-platform": "\"Linux\"",
        "Sec-Fetch-Dest": "empty",
        "Sec-Fetch-Mode": "cors",
        "Sec-Fetch-Site": "same-site",
        "sync-token": "zAJw6V16=ODoxNSMyODA0NjU0",
        "User-Agent": "Mozilla/5.0 (X11; Linux x86_64) AppleWebKit/537.36 (KHTML, like Gecko) HeadlessChrome/126.0.6478.126 Safari/537.36",
        "x-ms-client-request-id": "06a9805d-a50f-4c9b-b49d-c3b3c9853125",
        "x-ms-useragent": "azsdk-js-app-configuration/1.6.1 core-rest-pipeline/1.16.3 Chromium/126 OS/x86-Linux-6.5.0"
      },
      "RequestBody": null,
      "StatusCode": 200,
      "ResponseHeaders": {
        "Access-Control-Allow-Credentials": "true",
        "Access-Control-Allow-Origin": "*",
        "Access-Control-Expose-Headers": "Keep-Alive, Cache-Control, Content-Type, x-ms-client-request-id, Date, Sync-Token, x-ms-correlation-request-id, ETag, Last-Modified, Link, Memento-Datetime, retry-after-ms, x-ms-request-id, WWW-Authenticate, Operation-Location, Retry-After",
        "Connection": "keep-alive",
        "Content-Type": "application/vnd.microsoft.appconfig.kv+json; charset=utf-8",
        "Date": "Thu, 11 Jul 2024 20:49:20 GMT",
        "ETag": "\"pgEaZv9I2nD1R8dDViS5Gom6irB2gXoBWb2silalzaA\"",
        "Last-Modified": "Thu, 11 Jul 2024 20:49:20 GMT",
        "Strict-Transport-Security": "max-age=31536000; includeSubDomains",
        "Sync-Token": "zAJw6V16=ODoxNSMyODA0NjU0;sn=2804654",
        "Transfer-Encoding": "chunked",
        "x-ms-correlation-request-id": "316a2e6c-0f1c-44fa-996b-36ccbbe3f62b",
        "x-ms-request-id": "Sanitized"
      },
      "ResponseBody": {
        "etag": "pgEaZv9I2nD1R8dDViS5Gom6irB2gXoBWb2silalzaA",
        "key": "getConfigTest788",
        "label": "test",
        "content_type": "application/json",
        "value": "foo",
        "tags": {
          "bar": "baz",
          "car": "caz"
        },
        "locked": false,
        "last_modified": "2024-07-11T20:49:20+00:00"
      }
    },
    {
      "RequestUri": "https://Sanitized.azconfig.io/kv/getConfigTest788?api-version=2023-11-01&label=test",
      "RequestMethod": "DELETE",
      "RequestHeaders": {
        "Accept": "application/vnd.microsoft.appconfig.kv+json, application/problem+json",
        "Accept-Encoding": "gzip, deflate, br, zstd",
        "Authorization": "Sanitized",
        "Connection": "keep-alive",
        "Origin": "http://localhost:9876",
        "Referer": "http://localhost:9876/",
        "sec-ch-ua": "\"Not/A)Brand\";v=\"8\", \"Chromium\";v=\"126\", \"HeadlessChrome\";v=\"126\"",
        "sec-ch-ua-mobile": "?0",
        "sec-ch-ua-platform": "\"Linux\"",
        "Sec-Fetch-Dest": "empty",
        "Sec-Fetch-Mode": "cors",
        "Sec-Fetch-Site": "same-site",
        "sync-token": "zAJw6V16=ODoxNSMyODA0NjU0",
        "User-Agent": "Mozilla/5.0 (X11; Linux x86_64) AppleWebKit/537.36 (KHTML, like Gecko) HeadlessChrome/126.0.6478.126 Safari/537.36",
        "x-ms-client-request-id": "5e313522-8ac1-4a85-a972-e22e41786cc1",
        "x-ms-useragent": "azsdk-js-app-configuration/1.6.1 core-rest-pipeline/1.16.3 Chromium/126 OS/x86-Linux-6.5.0"
      },
      "RequestBody": null,
      "StatusCode": 200,
      "ResponseHeaders": {
        "Access-Control-Allow-Credentials": "true",
        "Access-Control-Allow-Origin": "*",
        "Access-Control-Expose-Headers": "Keep-Alive, Cache-Control, Content-Type, x-ms-client-request-id, Date, Sync-Token, x-ms-correlation-request-id, ETag, Last-Modified, Link, Memento-Datetime, retry-after-ms, x-ms-request-id, WWW-Authenticate, Operation-Location, Retry-After",
        "Connection": "keep-alive",
        "Content-Type": "application/vnd.microsoft.appconfig.kv+json; charset=utf-8",
        "Date": "Thu, 11 Jul 2024 20:49:20 GMT",
        "ETag": "\"pgEaZv9I2nD1R8dDViS5Gom6irB2gXoBWb2silalzaA\"",
        "Last-Modified": "Thu, 11 Jul 2024 20:49:20 GMT",
        "Strict-Transport-Security": "max-age=31536000; includeSubDomains",
        "Sync-Token": "zAJw6V16=ODoxNSMyODA0NjU1;sn=2804655",
        "Transfer-Encoding": "chunked",
        "x-ms-correlation-request-id": "6df02dd3-5a09-4a2f-ae96-b6bbd17fea7f",
        "x-ms-request-id": "Sanitized"
      },
      "ResponseBody": {
        "etag": "pgEaZv9I2nD1R8dDViS5Gom6irB2gXoBWb2silalzaA",
        "key": "getConfigTest788",
        "label": "test",
        "content_type": "application/json",
        "value": "foo",
        "tags": {
          "bar": "baz",
          "car": "caz"
        },
        "locked": false,
        "last_modified": "2024-07-11T20:49:20+00:00"
      }
    }
  ],
  "Variables": {
    "getConfigTest": "getConfigTest788"
  }
}
