{
  "Entries": [
    {
      "RequestUri": "https://azs-net-shivangisearchtest4.search.windows.net/indexes('kgaiuhxb')/docs/$count?api-version=2024-07-01",
      "RequestMethod": "GET",
      "RequestHeaders": {
        "Accept": "application/json; odata.metadata=none",
        "api-key": "Sanitized",
        "traceparent": "00-c2e90f74325d74fc55814ac6c2fd9fa9-a94b2fccc82d06c4-00",
        "User-Agent": "azsdk-net-Search.Documents/11.6.0-alpha.20240715.1 (.NET 7.0.20; Microsoft Windows 10.0.22631)",
        "x-ms-client-request-id": "Sanitized",
        "x-ms-return-client-request-id": "true"
      },
      "RequestBody": null,
      "StatusCode": 200,
      "ResponseHeaders": {
        "client-request-id": "Sanitized",
        "Content-Type": "text/plain; charset=utf-8",
        "Date": "Tue, 16 Jul 2024 00:14:58 GMT",
        "elapsed-time": "31",
        "OData-Version": "4.0",
        "Preference-Applied": "odata.include-annotations=\"*\"",
        "request-id": "41758fe6-56cc-2c7d-7557-ae30888edf12",
        "Server": "Microsoft-IIS/10.0",
        "Strict-Transport-Security": [
          "max-age=2592000",
          "max-age=15724800; includeSubDomains"
        ],
        "Transfer-Encoding": "chunked",
        "x-ms-client-request-id": "Sanitized"
      },
      "ResponseBody": 0
    },
    {
      "RequestUri": "https://azs-net-shivangisearchtest4.search.windows.net/indexes('kgaiuhxb')/docs/$count?api-version=2024-07-01",
      "RequestMethod": "GET",
      "RequestHeaders": {
        "Accept": "application/json; odata.metadata=none",
        "api-key": "Sanitized",
        "traceparent": "00-d981152fef05d8d0160e0fe39c394ad1-f725226b8bbc68ea-00",
        "User-Agent": "azsdk-net-Search.Documents/11.6.0-alpha.20240715.1 (.NET 7.0.20; Microsoft Windows 10.0.22631)",
        "x-ms-client-request-id": "Sanitized",
        "x-ms-return-client-request-id": "true"
      },
      "RequestBody": null,
      "StatusCode": 200,
      "ResponseHeaders": {
        "client-request-id": "Sanitized",
        "Content-Type": "text/plain; charset=utf-8",
        "Date": "Tue, 16 Jul 2024 00:14:58 GMT",
        "elapsed-time": "3",
        "OData-Version": "4.0",
        "Preference-Applied": "odata.include-annotations=\"*\"",
        "request-id": "e16e72dc-390b-4a39-c615-b3542517647c",
        "Server": "Microsoft-IIS/10.0",
        "Strict-Transport-Security": [
          "max-age=2592000",
          "max-age=15724800; includeSubDomains"
        ],
        "Transfer-Encoding": "chunked",
        "x-ms-client-request-id": "Sanitized"
      },
      "ResponseBody": 12
    },
    {
      "RequestUri": "https://azs-net-shivangisearchtest4.search.windows.net/indexes('kgaiuhxb')/docs/search.index?api-version=2024-07-01",
      "RequestMethod": "POST",
      "RequestHeaders": {
        "Accept": "application/json; odata.metadata=none",
        "api-key": "Sanitized",
        "Content-Length": "1193",
        "Content-Type": "application/json",
        "User-Agent": "azsdk-net-Search.Documents/11.6.0-alpha.20240715.1 (.NET 7.0.20; Microsoft Windows 10.0.22631)",
        "x-ms-client-request-id": "Sanitized",
        "x-ms-return-client-request-id": "true"
      },
      "RequestBody": {
        "value": [
          {
            "@search.action": "upload",
            "Id": "1",
            "Name": "Document #1"
          },
          {
            "@search.action": "upload",
            "Id": "2",
            "Name": "Document #2"
          },
          {
            "@search.action": "upload",
            "Id": "3",
            "Name": "Document #3"
          },
          {
            "@search.action": "upload",
            "Id": "4",
            "Name": "Document #4"
          },
          {
            "@search.action": "upload",
            "Id": "5",
            "Name": "Document #5"
          },
          {
            "@search.action": "upload",
            "Id": "6",
            "Name": "Document #6"
          },
          {
            "@search.action": "upload",
            "Id": "7",
            "Name": "Document #7"
          },
          {
            "@search.action": "upload",
            "Id": "8",
            "Name": "Document #8"
          },
          {
            "@search.action": "upload",
            "Id": "9",
            "Name": "Document #9"
          },
          {
            "@search.action": "upload",
            "Id": "10",
            "Name": "Document #10"
          },
          {
            "@search.action": "upload",
            "Id": "11",
            "Name": "Document #11"
          },
          {
            "@search.action": "upload",
            "Id": "12",
            "Name": "Document #12"
          },
          {
            "@search.action": "upload",
            "Id": "13",
            "Name": "Document #13"
          },
          {
            "@search.action": "upload",
            "Id": "14",
            "Name": "Document #14"
          },
          {
            "@search.action": "upload",
            "Id": "15",
            "Name": "Document #15"
          },
          {
            "@search.action": "upload",
            "Id": "16",
            "Name": "Document #16"
          },
          {
            "@search.action": "upload",
            "Id": "17",
            "Name": "Document #17"
          },
          {
            "@search.action": "upload",
            "Id": "18",
            "Name": "Document #18"
          },
          {
            "@search.action": "upload",
            "Id": "19",
            "Name": "Document #19"
          },
          {
            "@search.action": "upload",
            "Id": "20",
            "Name": "Document #20"
          }
        ]
      },
      "StatusCode": 200,
      "ResponseHeaders": {
        "client-request-id": "Sanitized",
        "Content-Type": "application/json; odata.metadata=none; odata.streaming=true; charset=utf-8",
        "Date": "Tue, 16 Jul 2024 00:14:58 GMT",
        "elapsed-time": "174",
        "OData-Version": "4.0",
        "Preference-Applied": "odata.include-annotations=\"*\"",
        "request-id": "ee426669-b504-912f-8f69-73c455a8c0c8",
        "Server": "Microsoft-IIS/10.0",
        "Strict-Transport-Security": [
          "max-age=2592000",
          "max-age=15724800; includeSubDomains"
        ],
        "Transfer-Encoding": "chunked",
        "x-ms-client-request-id": "Sanitized"
      },
      "ResponseBody": {
        "value": [
          {
            "key": "1",
            "status": true,
            "errorMessage": null,
            "statusCode": 201
          },
          {
            "key": "2",
            "status": true,
            "errorMessage": null,
            "statusCode": 201
          },
          {
            "key": "3",
            "status": true,
            "errorMessage": null,
            "statusCode": 201
          },
          {
            "key": "4",
            "status": true,
            "errorMessage": null,
            "statusCode": 201
          },
          {
            "key": "5",
            "status": true,
            "errorMessage": null,
            "statusCode": 201
          },
          {
            "key": "6",
            "status": true,
            "errorMessage": null,
            "statusCode": 201
          },
          {
            "key": "7",
            "status": true,
            "errorMessage": null,
            "statusCode": 201
          },
          {
            "key": "8",
            "status": true,
            "errorMessage": null,
            "statusCode": 201
          },
          {
            "key": "9",
            "status": true,
            "errorMessage": null,
            "statusCode": 201
          },
          {
            "key": "10",
            "status": true,
            "errorMessage": null,
            "statusCode": 201
          },
          {
            "key": "11",
            "status": true,
            "errorMessage": null,
            "statusCode": 201
          },
          {
            "key": "12",
            "status": true,
            "errorMessage": null,
            "statusCode": 201
          },
          {
            "key": "13",
            "status": true,
            "errorMessage": null,
            "statusCode": 201
          },
          {
            "key": "14",
            "status": true,
            "errorMessage": null,
            "statusCode": 201
          },
          {
            "key": "15",
            "status": true,
            "errorMessage": null,
            "statusCode": 201
          },
          {
            "key": "16",
            "status": true,
            "errorMessage": null,
            "statusCode": 201
          },
          {
            "key": "17",
            "status": true,
            "errorMessage": null,
            "statusCode": 201
          },
          {
            "key": "18",
            "status": true,
            "errorMessage": null,
            "statusCode": 201
          },
          {
            "key": "19",
            "status": true,
            "errorMessage": null,
            "statusCode": 201
          },
          {
            "key": "20",
            "status": true,
            "errorMessage": null,
            "statusCode": 201
          }
        ]
      }
    },
    {
      "RequestUri": "https://azs-net-shivangisearchtest4.search.windows.net/indexes('kgaiuhxb')/docs/$count?api-version=2024-07-01",
      "RequestMethod": "GET",
      "RequestHeaders": {
        "Accept": "application/json; odata.metadata=none",
        "api-key": "Sanitized",
        "traceparent": "00-4055d4a7f66b101769dbe38089a121be-4365502c41cab3be-00",
        "User-Agent": "azsdk-net-Search.Documents/11.6.0-alpha.20240715.1 (.NET 7.0.20; Microsoft Windows 10.0.22631)",
        "x-ms-client-request-id": "Sanitized",
        "x-ms-return-client-request-id": "true"
      },
      "RequestBody": null,
      "StatusCode": 200,
      "ResponseHeaders": {
        "client-request-id": "Sanitized",
        "Content-Type": "text/plain; charset=utf-8",
        "Date": "Tue, 16 Jul 2024 00:15:00 GMT",
        "elapsed-time": "2",
        "OData-Version": "4.0",
        "Preference-Applied": "odata.include-annotations=\"*\"",
        "request-id": "152d9f61-09d2-3053-60e3-b263e2b9d6cd",
        "Server": "Microsoft-IIS/10.0",
        "Strict-Transport-Security": [
          "max-age=2592000",
          "max-age=15724800; includeSubDomains"
        ],
        "Transfer-Encoding": "chunked",
        "x-ms-client-request-id": "Sanitized"
      },
      "ResponseBody": 20
    },
    {
      "RequestUri": "https://azs-net-shivangisearchtest4.search.windows.net/indexes('kgaiuhxb')?api-version=2024-07-01",
      "RequestMethod": "DELETE",
      "RequestHeaders": {
        "Accept": "application/json; odata.metadata=minimal",
        "api-key": "Sanitized",
        "traceparent": "00-947ad7feb1f51afa41c1ef4787544e10-c9a22121b5fd16d9-00",
        "User-Agent": "azsdk-net-Search.Documents/11.6.0-alpha.20240715.1 (.NET 7.0.20; Microsoft Windows 10.0.22631)",
        "x-ms-client-request-id": "Sanitized",
        "x-ms-return-client-request-id": "true"
      },
      "RequestBody": null,
      "StatusCode": 204,
      "ResponseHeaders": {
        "client-request-id": "Sanitized",
        "Date": "Tue, 16 Jul 2024 00:15:01 GMT",
        "elapsed-time": "131",
        "Preference-Applied": "odata.include-annotations=\"*\"",
        "request-id": "1654e697-fd20-2f07-2df8-28ee01da6c77",
        "Server": "Microsoft-IIS/10.0",
        "Strict-Transport-Security": [
          "max-age=2592000",
          "max-age=15724800; includeSubDomains"
        ],
        "x-ms-client-request-id": "Sanitized"
      },
      "ResponseBody": null
    }
  ],
  "Variables": {
    "RandomSeed": "320630454",
    "SearchIndexName": "kgaiuhxb",
    "SEARCH_ADMIN_API_KEY": "Sanitized",
    "SEARCH_ENDPOINT_SUFFIX": "search.windows.net",
    "SEARCH_SERVICE_NAME": "azs-net-shivangisearchtest4"
  }
}
