{
  "Entries": [
    {
      "RequestUri": "https://azs-net-shrejasearchservice.search.windows.net/indexes(\u0027ahrmlaar\u0027)/docs/$count?api-version=2023-11-01",
      "RequestMethod": "GET",
      "RequestHeaders": {
        "Accept": "application/json; odata.metadata=none",
        "api-key": "Sanitized",
        "traceparent": "00-e870e3551e510f87ccc64efc52e8b241-c78a3fc732d6e52d-00",
        "User-Agent": "azsdk-net-Search.Documents/11.5.0-alpha.20231031.1 (.NET 7.0.13; Microsoft Windows 10.0.22621)",
        "x-ms-client-request-id": "e9f70469582457f0e79ac304a400f062",
        "x-ms-return-client-request-id": "true"
      },
      "RequestBody": null,
      "StatusCode": 200,
      "ResponseHeaders": {
        "client-request-id": "e9f70469-5824-57f0-e79a-c304a400f062",
        "Content-Type": "text/plain; charset=utf-8",
        "Date": "Tue, 31 Oct 2023 22:37:31 GMT",
        "elapsed-time": "27",
        "OData-Version": "4.0",
        "Preference-Applied": "odata.include-annotations=\u0022*\u0022",
        "request-id": "e9f70469-5824-57f0-e79a-c304a400f062",
        "Server": "Microsoft-IIS/10.0",
        "Strict-Transport-Security": [
          "max-age=2592000",
          "max-age=15724800; includeSubDomains"
        ],
        "Transfer-Encoding": "chunked",
        "x-ms-client-request-id": "e9f70469-5824-57f0-e79a-c304a400f062"
      },
      "ResponseBody": 0
    },
    {
      "RequestUri": "https://azs-net-shrejasearchservice.search.windows.net/indexes(\u0027ahrmlaar\u0027)/docs/search.index?api-version=2023-11-01",
      "RequestMethod": "POST",
      "RequestHeaders": {
        "Accept": "application/json; odata.metadata=none",
        "api-key": "Sanitized",
        "Content-Length": "1193",
        "Content-Type": "application/json",
        "User-Agent": "azsdk-net-Search.Documents/11.5.0-alpha.20231031.1 (.NET 7.0.13; Microsoft Windows 10.0.22621)",
        "x-ms-client-request-id": "ae5ef620aaf5b5d34699a9520ff3ac86",
        "x-ms-return-client-request-id": "true"
      },
      "RequestBody": {
        "value": [
          {
            "@search.action": "upload",
            "Id": "1",
            "Name": "Document #1"
          },
          {
            "@search.action": "upload",
            "Id": "2",
            "Name": "Document #2"
          },
          {
            "@search.action": "upload",
            "Id": "3",
            "Name": "Document #3"
          },
          {
            "@search.action": "upload",
            "Id": "4",
            "Name": "Document #4"
          },
          {
            "@search.action": "upload",
            "Id": "5",
            "Name": "Document #5"
          },
          {
            "@search.action": "upload",
            "Id": "6",
            "Name": "Document #6"
          },
          {
            "@search.action": "upload",
            "Id": "7",
            "Name": "Document #7"
          },
          {
            "@search.action": "upload",
            "Id": "8",
            "Name": "Document #8"
          },
          {
            "@search.action": "upload",
            "Id": "9",
            "Name": "Document #9"
          },
          {
            "@search.action": "upload",
            "Id": "10",
            "Name": "Document #10"
          },
          {
            "@search.action": "upload",
            "Id": "11",
            "Name": "Document #11"
          },
          {
            "@search.action": "upload",
            "Id": "12",
            "Name": "Document #12"
          },
          {
            "@search.action": "upload",
            "Id": "13",
            "Name": "Document #13"
          },
          {
            "@search.action": "upload",
            "Id": "14",
            "Name": "Document #14"
          },
          {
            "@search.action": "upload",
            "Id": "15",
            "Name": "Document #15"
          },
          {
            "@search.action": "upload",
            "Id": "16",
            "Name": "Document #16"
          },
          {
            "@search.action": "upload",
            "Id": "17",
            "Name": "Document #17"
          },
          {
            "@search.action": "upload",
            "Id": "18",
            "Name": "Document #18"
          },
          {
            "@search.action": "upload",
            "Id": "19",
            "Name": "Document #19"
          },
          {
            "@search.action": "upload",
            "Id": "20",
            "Name": "Document #20"
          }
        ]
      },
      "StatusCode": 200,
      "ResponseHeaders": {
        "client-request-id": "ae5ef620-aaf5-b5d3-4699-a9520ff3ac86",
        "Content-Type": "application/json; odata.metadata=none; odata.streaming=true; charset=utf-8",
        "Date": "Tue, 31 Oct 2023 22:37:31 GMT",
        "elapsed-time": "55",
        "OData-Version": "4.0",
        "Preference-Applied": "odata.include-annotations=\u0022*\u0022",
        "request-id": "ae5ef620-aaf5-b5d3-4699-a9520ff3ac86",
        "Server": "Microsoft-IIS/10.0",
        "Strict-Transport-Security": [
          "max-age=2592000",
          "max-age=15724800; includeSubDomains"
        ],
        "Transfer-Encoding": "chunked",
        "x-ms-client-request-id": "ae5ef620-aaf5-b5d3-4699-a9520ff3ac86"
      },
      "ResponseBody": {
        "value": [
          {
            "key": "1",
            "status": true,
            "errorMessage": null,
            "statusCode": 201
          },
          {
            "key": "2",
            "status": true,
            "errorMessage": null,
            "statusCode": 201
          },
          {
            "key": "3",
            "status": true,
            "errorMessage": null,
            "statusCode": 201
          },
          {
            "key": "4",
            "status": true,
            "errorMessage": null,
            "statusCode": 201
          },
          {
            "key": "5",
            "status": true,
            "errorMessage": null,
            "statusCode": 201
          },
          {
            "key": "6",
            "status": true,
            "errorMessage": null,
            "statusCode": 201
          },
          {
            "key": "7",
            "status": true,
            "errorMessage": null,
            "statusCode": 201
          },
          {
            "key": "8",
            "status": true,
            "errorMessage": null,
            "statusCode": 201
          },
          {
            "key": "9",
            "status": true,
            "errorMessage": null,
            "statusCode": 201
          },
          {
            "key": "10",
            "status": true,
            "errorMessage": null,
            "statusCode": 201
          },
          {
            "key": "11",
            "status": true,
            "errorMessage": null,
            "statusCode": 201
          },
          {
            "key": "12",
            "status": true,
            "errorMessage": null,
            "statusCode": 201
          },
          {
            "key": "13",
            "status": true,
            "errorMessage": null,
            "statusCode": 201
          },
          {
            "key": "14",
            "status": true,
            "errorMessage": null,
            "statusCode": 201
          },
          {
            "key": "15",
            "status": true,
            "errorMessage": null,
            "statusCode": 201
          },
          {
            "key": "16",
            "status": true,
            "errorMessage": null,
            "statusCode": 201
          },
          {
            "key": "17",
            "status": true,
            "errorMessage": null,
            "statusCode": 201
          },
          {
            "key": "18",
            "status": true,
            "errorMessage": null,
            "statusCode": 201
          },
          {
            "key": "19",
            "status": true,
            "errorMessage": null,
            "statusCode": 201
          },
          {
            "key": "20",
            "status": true,
            "errorMessage": null,
            "statusCode": 201
          }
        ]
      }
    },
    {
      "RequestUri": "https://azs-net-shrejasearchservice.search.windows.net/indexes(\u0027ahrmlaar\u0027)/docs/$count?api-version=2023-11-01",
      "RequestMethod": "GET",
      "RequestHeaders": {
        "Accept": "application/json; odata.metadata=none",
        "api-key": "Sanitized",
        "traceparent": "00-3ee1caf0fe8eca3459c5b8fcd812ce80-30f9940c737ef7c3-00",
        "User-Agent": "azsdk-net-Search.Documents/11.5.0-alpha.20231031.1 (.NET 7.0.13; Microsoft Windows 10.0.22621)",
        "x-ms-client-request-id": "55103ed6736cd35942a1a3ea3f0cc252",
        "x-ms-return-client-request-id": "true"
      },
      "RequestBody": null,
      "StatusCode": 200,
      "ResponseHeaders": {
        "client-request-id": "55103ed6-736c-d359-42a1-a3ea3f0cc252",
        "Content-Type": "text/plain; charset=utf-8",
        "Date": "Tue, 31 Oct 2023 22:37:31 GMT",
        "elapsed-time": "4",
        "OData-Version": "4.0",
        "Preference-Applied": "odata.include-annotations=\u0022*\u0022",
        "request-id": "55103ed6-736c-d359-42a1-a3ea3f0cc252",
        "Server": "Microsoft-IIS/10.0",
        "Strict-Transport-Security": [
          "max-age=2592000",
          "max-age=15724800; includeSubDomains"
        ],
        "Transfer-Encoding": "chunked",
        "x-ms-client-request-id": "55103ed6-736c-d359-42a1-a3ea3f0cc252"
      },
      "ResponseBody": 0
    },
    {
      "RequestUri": "https://azs-net-shrejasearchservice.search.windows.net/indexes(\u0027ahrmlaar\u0027)/docs/$count?api-version=2023-11-01",
      "RequestMethod": "GET",
      "RequestHeaders": {
        "Accept": "application/json; odata.metadata=none",
        "api-key": "Sanitized",
        "traceparent": "00-b02022c72d961bb736d029d04c8a3a31-21d0e13c10b9f9af-00",
        "User-Agent": "azsdk-net-Search.Documents/11.5.0-alpha.20231031.1 (.NET 7.0.13; Microsoft Windows 10.0.22621)",
        "x-ms-client-request-id": "a9fe7b6bf613be113041a28aae9e48f3",
        "x-ms-return-client-request-id": "true"
      },
      "RequestBody": null,
      "StatusCode": 200,
      "ResponseHeaders": {
        "client-request-id": "a9fe7b6b-f613-be11-3041-a28aae9e48f3",
        "Content-Type": "text/plain; charset=utf-8",
        "Date": "Tue, 31 Oct 2023 22:37:33 GMT",
        "elapsed-time": "4",
        "OData-Version": "4.0",
        "Preference-Applied": "odata.include-annotations=\u0022*\u0022",
        "request-id": "a9fe7b6b-f613-be11-3041-a28aae9e48f3",
        "Server": "Microsoft-IIS/10.0",
        "Strict-Transport-Security": [
          "max-age=2592000",
          "max-age=15724800; includeSubDomains"
        ],
        "Transfer-Encoding": "chunked",
        "x-ms-client-request-id": "a9fe7b6b-f613-be11-3041-a28aae9e48f3"
      },
      "ResponseBody": 20
    },
    {
      "RequestUri": "https://azs-net-shrejasearchservice.search.windows.net/indexes(\u0027ahrmlaar\u0027)?api-version=2023-11-01",
      "RequestMethod": "DELETE",
      "RequestHeaders": {
        "Accept": "application/json; odata.metadata=minimal",
        "api-key": "Sanitized",
        "traceparent": "00-d638464a50d6d11d3d85c3bcc334dbe4-2f2213aaa5a448b8-00",
        "User-Agent": "azsdk-net-Search.Documents/11.5.0-alpha.20231031.1 (.NET 7.0.13; Microsoft Windows 10.0.22621)",
        "x-ms-client-request-id": "662d3ced9befacf59d8a6c5307e8763a",
        "x-ms-return-client-request-id": "true"
      },
      "RequestBody": null,
      "StatusCode": 204,
      "ResponseHeaders": {
        "client-request-id": "662d3ced-9bef-acf5-9d8a-6c5307e8763a",
        "Date": "Tue, 31 Oct 2023 22:37:34 GMT",
        "elapsed-time": "137",
        "Preference-Applied": "odata.include-annotations=\u0022*\u0022",
        "request-id": "662d3ced-9bef-acf5-9d8a-6c5307e8763a",
        "Server": "Microsoft-IIS/10.0",
        "Strict-Transport-Security": [
          "max-age=2592000",
          "max-age=15724800; includeSubDomains"
        ],
        "x-ms-client-request-id": "662d3ced-9bef-acf5-9d8a-6c5307e8763a"
      },
      "ResponseBody": null
    }
  ],
  "Variables": {
    "RandomSeed": "1743654089",
    "SearchIndexName": "ahrmlaar",
    "SEARCH_ADMIN_API_KEY": "Sanitized",
    "SEARCH_ENDPOINT_SUFFIX": "search.windows.net",
    "SEARCH_SERVICE_NAME": "azs-net-shrejasearchservice"
  }
}
