{
  "Entries": [
    {
      "RequestUri": "https://azs-net-shivangisearchtest4.search.windows.net/indexes('kedkurmv')/docs/search.index?api-version=2024-07-01",
      "RequestMethod": "POST",
      "RequestHeaders": {
        "Accept": "application/json; odata.metadata=none",
        "api-key": "Sanitized",
        "Content-Length": "69",
        "Content-Type": "application/json",
        "User-Agent": "azsdk-net-Search.Documents/11.6.0-alpha.20240715.1 (.NET 7.0.20; Microsoft Windows 10.0.22631)",
        "x-ms-client-request-id": "Sanitized",
        "x-ms-return-client-request-id": "true"
      },
      "RequestBody": {
        "value": [
          {
            "@search.action": "upload",
            "Id": "1",
            "Name": "Document #1"
          }
        ]
      },
      "StatusCode": 200,
      "ResponseHeaders": {
        "client-request-id": "Sanitized",
        "Content-Type": "application/json; odata.metadata=none; odata.streaming=true; charset=utf-8",
        "Date": "Tue, 16 Jul 2024 00:11:37 GMT",
        "elapsed-time": "57",
        "OData-Version": "4.0",
        "Preference-Applied": "odata.include-annotations=\"*\"",
        "request-id": "93ea49bb-5e02-264f-add7-8396957d93eb",
        "Server": "Microsoft-IIS/10.0",
        "Strict-Transport-Security": [
          "max-age=2592000",
          "max-age=15724800; includeSubDomains"
        ],
        "Transfer-Encoding": "chunked",
        "x-ms-client-request-id": "Sanitized"
      },
      "ResponseBody": {
        "value": [
          {
            "key": "1",
            "status": true,
            "errorMessage": null,
            "statusCode": 201
          }
        ]
      }
    },
    {
      "RequestUri": "https://azs-net-shivangisearchtest4.search.windows.net/indexes('kedkurmv')/docs/search.index?api-version=2024-07-01",
      "RequestMethod": "POST",
      "RequestHeaders": {
        "Accept": "application/json; odata.metadata=none",
        "api-key": "Sanitized",
        "Content-Length": "69",
        "Content-Type": "application/json",
        "User-Agent": "azsdk-net-Search.Documents/11.6.0-alpha.20240715.1 (.NET 7.0.20; Microsoft Windows 10.0.22631)",
        "x-ms-client-request-id": "Sanitized",
        "x-ms-return-client-request-id": "true"
      },
      "RequestBody": {
        "value": [
          {
            "@search.action": "upload",
            "Id": "1",
            "Name": "Document #1"
          }
        ]
      },
      "StatusCode": 200,
      "ResponseHeaders": {
        "client-request-id": "Sanitized",
        "Content-Type": "application/json; odata.metadata=none; odata.streaming=true; charset=utf-8",
        "Date": "Tue, 16 Jul 2024 00:11:37 GMT",
        "elapsed-time": "24",
        "OData-Version": "4.0",
        "Preference-Applied": "odata.include-annotations=\"*\"",
        "request-id": "9a2ec34a-2985-5754-b73f-909595f9e6af",
        "Server": "Microsoft-IIS/10.0",
        "Strict-Transport-Security": [
          "max-age=2592000",
          "max-age=15724800; includeSubDomains"
        ],
        "Transfer-Encoding": "chunked",
        "x-ms-client-request-id": "Sanitized"
      },
      "ResponseBody": {
        "value": [
          {
            "key": "1",
            "status": true,
            "errorMessage": null,
            "statusCode": 200
          }
        ]
      }
    },
    {
      "RequestUri": "https://azs-net-shivangisearchtest4.search.windows.net/indexes('kedkurmv')?api-version=2024-07-01",
      "RequestMethod": "DELETE",
      "RequestHeaders": {
        "Accept": "application/json; odata.metadata=minimal",
        "api-key": "Sanitized",
        "traceparent": "00-ab26d7d7bce2c1de39860224cc15115e-9fed8c057cea95c6-00",
        "User-Agent": "azsdk-net-Search.Documents/11.6.0-alpha.20240715.1 (.NET 7.0.20; Microsoft Windows 10.0.22631)",
        "x-ms-client-request-id": "Sanitized",
        "x-ms-return-client-request-id": "true"
      },
      "RequestBody": null,
      "StatusCode": 204,
      "ResponseHeaders": {
        "client-request-id": "Sanitized",
        "Date": "Tue, 16 Jul 2024 00:11:37 GMT",
        "elapsed-time": "125",
        "Preference-Applied": "odata.include-annotations=\"*\"",
        "request-id": "c32008b1-267d-3d22-4905-84c71877ef62",
        "Server": "Microsoft-IIS/10.0",
        "Strict-Transport-Security": [
          "max-age=2592000",
          "max-age=15724800; includeSubDomains"
        ],
        "x-ms-client-request-id": "Sanitized"
      },
      "ResponseBody": null
    }
  ],
  "Variables": {
    "RandomSeed": "693856583",
    "SearchIndexName": "kedkurmv",
    "SEARCH_ADMIN_API_KEY": "Sanitized",
    "SEARCH_ENDPOINT_SUFFIX": "search.windows.net",
    "SEARCH_SERVICE_NAME": "azs-net-shivangisearchtest4"
  }
}
