{
  "Entries": [
    {
      "RequestUri": "https://azs-net-shrejasearchservice.search.windows.net/indexes(\u0027etdcecok\u0027)/docs/$count?api-version=2023-11-01",
      "RequestMethod": "GET",
      "RequestHeaders": {
        "Accept": "application/json; odata.metadata=none",
        "api-key": "Sanitized",
        "traceparent": "00-8d193b54d6e8c8ace3ce1c4c95d8ac46-a88139f320eb3d25-00",
        "User-Agent": "azsdk-net-Search.Documents/11.5.0-alpha.20231016.1 (.NET 6.0.23; Microsoft Windows 10.0.22621)",
        "x-ms-client-request-id": "f8bf4ceebccfa6ddbc66840aea24ccfa",
        "x-ms-return-client-request-id": "true"
      },
      "RequestBody": null,
      "StatusCode": 200,
      "ResponseHeaders": {
        "client-request-id": "f8bf4cee-bccf-a6dd-bc66-840aea24ccfa",
        "Content-Type": "text/plain; charset=utf-8",
        "Date": "Mon, 16 Oct 2023 20:27:34 GMT",
        "elapsed-time": "38",
        "OData-Version": "4.0",
        "Preference-Applied": "odata.include-annotations=\u0022*\u0022",
        "request-id": "f8bf4cee-bccf-a6dd-bc66-840aea24ccfa",
        "Server": "Microsoft-IIS/10.0",
        "Strict-Transport-Security": [
          "max-age=2592000",
          "max-age=15724800; includeSubDomains"
        ],
        "Transfer-Encoding": "chunked",
        "x-ms-client-request-id": "f8bf4cee-bccf-a6dd-bc66-840aea24ccfa"
      },
      "ResponseBody": 0
    },
    {
      "RequestUri": "https://azs-net-shrejasearchservice.search.windows.net/indexes(\u0027etdcecok\u0027)/docs/search.index?api-version=2023-11-01",
      "RequestMethod": "POST",
      "RequestHeaders": {
        "Accept": "application/json; odata.metadata=none",
        "api-key": "Sanitized",
        "Content-Length": "1193",
        "Content-Type": "application/json",
        "User-Agent": "azsdk-net-Search.Documents/11.5.0-alpha.20231016.1 (.NET 6.0.23; Microsoft Windows 10.0.22621)",
        "x-ms-client-request-id": "ea37c494976498a1b250ab14be3464f9",
        "x-ms-return-client-request-id": "true"
      },
      "RequestBody": {
        "value": [
          {
            "@search.action": "upload",
            "Id": "1",
            "Name": "Document #1"
          },
          {
            "@search.action": "upload",
            "Id": "2",
            "Name": "Document #2"
          },
          {
            "@search.action": "upload",
            "Id": "3",
            "Name": "Document #3"
          },
          {
            "@search.action": "upload",
            "Id": "4",
            "Name": "Document #4"
          },
          {
            "@search.action": "upload",
            "Id": "5",
            "Name": "Document #5"
          },
          {
            "@search.action": "upload",
            "Id": "6",
            "Name": "Document #6"
          },
          {
            "@search.action": "upload",
            "Id": "7",
            "Name": "Document #7"
          },
          {
            "@search.action": "upload",
            "Id": "8",
            "Name": "Document #8"
          },
          {
            "@search.action": "upload",
            "Id": "9",
            "Name": "Document #9"
          },
          {
            "@search.action": "upload",
            "Id": "10",
            "Name": "Document #10"
          },
          {
            "@search.action": "upload",
            "Id": "11",
            "Name": "Document #11"
          },
          {
            "@search.action": "upload",
            "Id": "12",
            "Name": "Document #12"
          },
          {
            "@search.action": "upload",
            "Id": "13",
            "Name": "Document #13"
          },
          {
            "@search.action": "upload",
            "Id": "14",
            "Name": "Document #14"
          },
          {
            "@search.action": "upload",
            "Id": "15",
            "Name": "Document #15"
          },
          {
            "@search.action": "upload",
            "Id": "16",
            "Name": "Document #16"
          },
          {
            "@search.action": "upload",
            "Id": "17",
            "Name": "Document #17"
          },
          {
            "@search.action": "upload",
            "Id": "18",
            "Name": "Document #18"
          },
          {
            "@search.action": "upload",
            "Id": "19",
            "Name": "Document #19"
          },
          {
            "@search.action": "upload",
            "Id": "20",
            "Name": "Document #20"
          }
        ]
      },
      "StatusCode": 200,
      "ResponseHeaders": {
        "client-request-id": "ea37c494-9764-98a1-b250-ab14be3464f9",
        "Content-Type": "application/json; odata.metadata=none; odata.streaming=true; charset=utf-8",
        "Date": "Mon, 16 Oct 2023 20:27:34 GMT",
        "elapsed-time": "61",
        "OData-Version": "4.0",
        "Preference-Applied": "odata.include-annotations=\u0022*\u0022",
        "request-id": "ea37c494-9764-98a1-b250-ab14be3464f9",
        "Server": "Microsoft-IIS/10.0",
        "Strict-Transport-Security": [
          "max-age=2592000",
          "max-age=15724800; includeSubDomains"
        ],
        "Transfer-Encoding": "chunked",
        "x-ms-client-request-id": "ea37c494-9764-98a1-b250-ab14be3464f9"
      },
      "ResponseBody": {
        "value": [
          {
            "key": "1",
            "status": true,
            "errorMessage": null,
            "statusCode": 201
          },
          {
            "key": "2",
            "status": true,
            "errorMessage": null,
            "statusCode": 201
          },
          {
            "key": "3",
            "status": true,
            "errorMessage": null,
            "statusCode": 201
          },
          {
            "key": "4",
            "status": true,
            "errorMessage": null,
            "statusCode": 201
          },
          {
            "key": "5",
            "status": true,
            "errorMessage": null,
            "statusCode": 201
          },
          {
            "key": "6",
            "status": true,
            "errorMessage": null,
            "statusCode": 201
          },
          {
            "key": "7",
            "status": true,
            "errorMessage": null,
            "statusCode": 201
          },
          {
            "key": "8",
            "status": true,
            "errorMessage": null,
            "statusCode": 201
          },
          {
            "key": "9",
            "status": true,
            "errorMessage": null,
            "statusCode": 201
          },
          {
            "key": "10",
            "status": true,
            "errorMessage": null,
            "statusCode": 201
          },
          {
            "key": "11",
            "status": true,
            "errorMessage": null,
            "statusCode": 201
          },
          {
            "key": "12",
            "status": true,
            "errorMessage": null,
            "statusCode": 201
          },
          {
            "key": "13",
            "status": true,
            "errorMessage": null,
            "statusCode": 201
          },
          {
            "key": "14",
            "status": true,
            "errorMessage": null,
            "statusCode": 201
          },
          {
            "key": "15",
            "status": true,
            "errorMessage": null,
            "statusCode": 201
          },
          {
            "key": "16",
            "status": true,
            "errorMessage": null,
            "statusCode": 201
          },
          {
            "key": "17",
            "status": true,
            "errorMessage": null,
            "statusCode": 201
          },
          {
            "key": "18",
            "status": true,
            "errorMessage": null,
            "statusCode": 201
          },
          {
            "key": "19",
            "status": true,
            "errorMessage": null,
            "statusCode": 201
          },
          {
            "key": "20",
            "status": true,
            "errorMessage": null,
            "statusCode": 201
          }
        ]
      }
    },
    {
      "RequestUri": "https://azs-net-shrejasearchservice.search.windows.net/indexes(\u0027etdcecok\u0027)/docs/$count?api-version=2023-11-01",
      "RequestMethod": "GET",
      "RequestHeaders": {
        "Accept": "application/json; odata.metadata=none",
        "api-key": "Sanitized",
        "traceparent": "00-dfbaaa62f665b1b177d24eb25bc80c09-7e057ab853009f1c-00",
        "User-Agent": "azsdk-net-Search.Documents/11.5.0-alpha.20231016.1 (.NET 6.0.23; Microsoft Windows 10.0.22621)",
        "x-ms-client-request-id": "16426e03600053c45c09fb4002eb8caa",
        "x-ms-return-client-request-id": "true"
      },
      "RequestBody": null,
      "StatusCode": 200,
      "ResponseHeaders": {
        "client-request-id": "16426e03-6000-53c4-5c09-fb4002eb8caa",
        "Content-Type": "text/plain; charset=utf-8",
        "Date": "Mon, 16 Oct 2023 20:27:34 GMT",
        "elapsed-time": "3",
        "OData-Version": "4.0",
        "Preference-Applied": "odata.include-annotations=\u0022*\u0022",
        "request-id": "16426e03-6000-53c4-5c09-fb4002eb8caa",
        "Server": "Microsoft-IIS/10.0",
        "Strict-Transport-Security": [
          "max-age=2592000",
          "max-age=15724800; includeSubDomains"
        ],
        "Transfer-Encoding": "chunked",
        "x-ms-client-request-id": "16426e03-6000-53c4-5c09-fb4002eb8caa"
      },
      "ResponseBody": 0
    },
    {
      "RequestUri": "https://azs-net-shrejasearchservice.search.windows.net/indexes(\u0027etdcecok\u0027)/docs/$count?api-version=2023-11-01",
      "RequestMethod": "GET",
      "RequestHeaders": {
        "Accept": "application/json; odata.metadata=none",
        "api-key": "Sanitized",
        "traceparent": "00-7d055b4311c1c045a5589d307dc153a6-95e77ab1a50a40d6-00",
        "User-Agent": "azsdk-net-Search.Documents/11.5.0-alpha.20231016.1 (.NET 6.0.23; Microsoft Windows 10.0.22621)",
        "x-ms-client-request-id": "fc93d4feeaf157ecaa26457e11c8e788",
        "x-ms-return-client-request-id": "true"
      },
      "RequestBody": null,
      "StatusCode": 200,
      "ResponseHeaders": {
        "client-request-id": "fc93d4fe-eaf1-57ec-aa26-457e11c8e788",
        "Content-Type": "text/plain; charset=utf-8",
        "Date": "Mon, 16 Oct 2023 20:27:35 GMT",
        "elapsed-time": "4",
        "OData-Version": "4.0",
        "Preference-Applied": "odata.include-annotations=\u0022*\u0022",
        "request-id": "fc93d4fe-eaf1-57ec-aa26-457e11c8e788",
        "Server": "Microsoft-IIS/10.0",
        "Strict-Transport-Security": [
          "max-age=2592000",
          "max-age=15724800; includeSubDomains"
        ],
        "Transfer-Encoding": "chunked",
        "x-ms-client-request-id": "fc93d4fe-eaf1-57ec-aa26-457e11c8e788"
      },
      "ResponseBody": 20
    },
    {
      "RequestUri": "https://azs-net-shrejasearchservice.search.windows.net/indexes(\u0027etdcecok\u0027)?api-version=2023-11-01",
      "RequestMethod": "DELETE",
      "RequestHeaders": {
        "Accept": "application/json; odata.metadata=minimal",
        "api-key": "Sanitized",
        "traceparent": "00-4c879ade14fb5c6efd788676abdd4218-d02872f4a6053512-00",
        "User-Agent": "azsdk-net-Search.Documents/11.5.0-alpha.20231016.1 (.NET 6.0.23; Microsoft Windows 10.0.22621)",
        "x-ms-client-request-id": "7c068b02b6e234f900e48d5b9c6196c6",
        "x-ms-return-client-request-id": "true"
      },
      "RequestBody": null,
      "StatusCode": 204,
      "ResponseHeaders": {
        "client-request-id": "7c068b02-b6e2-34f9-00e4-8d5b9c6196c6",
        "Date": "Mon, 16 Oct 2023 20:27:36 GMT",
        "elapsed-time": "151",
        "Preference-Applied": "odata.include-annotations=\u0022*\u0022",
        "request-id": "7c068b02-b6e2-34f9-00e4-8d5b9c6196c6",
        "Server": "Microsoft-IIS/10.0",
        "Strict-Transport-Security": [
          "max-age=2592000",
          "max-age=15724800; includeSubDomains"
        ],
        "x-ms-client-request-id": "7c068b02-b6e2-34f9-00e4-8d5b9c6196c6"
      },
      "ResponseBody": null
    }
  ],
  "Variables": {
    "RandomSeed": "735491211",
    "SearchIndexName": "etdcecok",
    "SEARCH_ADMIN_API_KEY": "Sanitized",
    "SEARCH_ENDPOINT_SUFFIX": "search.windows.net",
    "SEARCH_SERVICE_NAME": "azs-net-shrejasearchservice"
  }
}
