{
  "Entries": [
    {
      "RequestUri": "https://azs-net-shrejasearchtest.search.windows.net/indexes(\u0027orpuxjmy\u0027)/docs/search.index?api-version=2023-11-01",
      "RequestMethod": "POST",
      "RequestHeaders": {
        "Accept": "application/json; odata.metadata=none",
        "api-key": "Sanitized",
        "Content-Length": "593",
        "Content-Type": "application/json",
        "User-Agent": "azsdk-net-Search.Documents/11.6.0-alpha.20240105.1 (.NET 6.0.25; Microsoft Windows 10.0.22621)",
        "x-ms-client-request-id": "ea466c55da6f2653b3bc17cc8781a986",
        "x-ms-return-client-request-id": "true"
      },
      "RequestBody": {
        "value": [
          {
            "@search.action": "upload",
            "Id": "1",
            "Name": "Document #1"
          },
          {
            "@search.action": "upload",
            "Id": "2",
            "Name": "Document #2"
          },
          {
            "@search.action": "upload",
            "Id": "3",
            "Name": "Document #3"
          },
          {
            "@search.action": "upload",
            "Id": "4",
            "Name": "Document #4"
          },
          {
            "@search.action": "upload",
            "Id": "5",
            "Name": "Document #5"
          },
          {
            "@search.action": "upload",
            "Id": "6",
            "Name": "Document #6"
          },
          {
            "@search.action": "upload",
            "Id": "7",
            "Name": "Document #7"
          },
          {
            "@search.action": "upload",
            "Id": "8",
            "Name": "Document #8"
          },
          {
            "@search.action": "upload",
            "Id": "9",
            "Name": "Document #9"
          },
          {
            "@search.action": "upload",
            "Id": "10",
            "Name": "Document #10"
          }
        ]
      },
      "StatusCode": 200,
      "ResponseHeaders": {
        "client-request-id": "ea466c55-da6f-2653-b3bc-17cc8781a986",
        "Content-Type": "application/json; odata.metadata=none; odata.streaming=true; charset=utf-8",
        "Date": "Fri, 05 Jan 2024 21:08:57 GMT",
        "elapsed-time": "118",
        "OData-Version": "4.0",
        "Preference-Applied": "odata.include-annotations=\u0022*\u0022",
        "request-id": "ea466c55-da6f-2653-b3bc-17cc8781a986",
        "Server": "Microsoft-IIS/10.0",
        "Strict-Transport-Security": [
          "max-age=2592000",
          "max-age=15724800; includeSubDomains"
        ],
        "Transfer-Encoding": "chunked",
        "x-ms-client-request-id": "ea466c55-da6f-2653-b3bc-17cc8781a986"
      },
      "ResponseBody": {
        "value": [
          {
            "key": "1",
            "status": true,
            "errorMessage": null,
            "statusCode": 201
          },
          {
            "key": "2",
            "status": true,
            "errorMessage": null,
            "statusCode": 201
          },
          {
            "key": "3",
            "status": true,
            "errorMessage": null,
            "statusCode": 201
          },
          {
            "key": "4",
            "status": true,
            "errorMessage": null,
            "statusCode": 201
          },
          {
            "key": "5",
            "status": true,
            "errorMessage": null,
            "statusCode": 201
          },
          {
            "key": "6",
            "status": true,
            "errorMessage": null,
            "statusCode": 201
          },
          {
            "key": "7",
            "status": true,
            "errorMessage": null,
            "statusCode": 201
          },
          {
            "key": "8",
            "status": true,
            "errorMessage": null,
            "statusCode": 201
          },
          {
            "key": "9",
            "status": true,
            "errorMessage": null,
            "statusCode": 201
          },
          {
            "key": "10",
            "status": true,
            "errorMessage": null,
            "statusCode": 201
          }
        ]
      }
    },
    {
      "RequestUri": "https://azs-net-shrejasearchtest.search.windows.net/indexes(\u0027orpuxjmy\u0027)/docs/$count?api-version=2023-11-01",
      "RequestMethod": "GET",
      "RequestHeaders": {
        "Accept": "application/json; odata.metadata=none",
        "api-key": "Sanitized",
        "traceparent": "00-381e316e4155a16a78eb3e74c4bc88be-9c58b0ef1be86c0d-00",
        "User-Agent": "azsdk-net-Search.Documents/11.6.0-alpha.20240105.1 (.NET 6.0.25; Microsoft Windows 10.0.22621)",
        "x-ms-client-request-id": "131eb2413b5f88ad1b0f0c8ba865e96c",
        "x-ms-return-client-request-id": "true"
      },
      "RequestBody": null,
      "StatusCode": 200,
      "ResponseHeaders": {
        "client-request-id": "131eb241-3b5f-88ad-1b0f-0c8ba865e96c",
        "Content-Type": "text/plain; charset=utf-8",
        "Date": "Fri, 05 Jan 2024 21:08:57 GMT",
        "elapsed-time": "3",
        "OData-Version": "4.0",
        "Preference-Applied": "odata.include-annotations=\u0022*\u0022",
        "request-id": "131eb241-3b5f-88ad-1b0f-0c8ba865e96c",
        "Server": "Microsoft-IIS/10.0",
        "Strict-Transport-Security": [
          "max-age=2592000",
          "max-age=15724800; includeSubDomains"
        ],
        "Transfer-Encoding": "chunked",
        "x-ms-client-request-id": "131eb241-3b5f-88ad-1b0f-0c8ba865e96c"
      },
      "ResponseBody": 0
    },
    {
      "RequestUri": "https://azs-net-shrejasearchtest.search.windows.net/indexes(\u0027orpuxjmy\u0027)/docs/$count?api-version=2023-11-01",
      "RequestMethod": "GET",
      "RequestHeaders": {
        "Accept": "application/json; odata.metadata=none",
        "api-key": "Sanitized",
        "traceparent": "00-c4a7c849a099348c207732eb4a0d8122-528ef8d87c8969b1-00",
        "User-Agent": "azsdk-net-Search.Documents/11.6.0-alpha.20240105.1 (.NET 6.0.25; Microsoft Windows 10.0.22621)",
        "x-ms-client-request-id": "87f1aa6f4fb4d3c19ddcf1af837e0768",
        "x-ms-return-client-request-id": "true"
      },
      "RequestBody": null,
      "StatusCode": 200,
      "ResponseHeaders": {
        "client-request-id": "87f1aa6f-4fb4-d3c1-9ddc-f1af837e0768",
        "Content-Type": "text/plain; charset=utf-8",
        "Date": "Fri, 05 Jan 2024 21:08:58 GMT",
        "elapsed-time": "3",
        "OData-Version": "4.0",
        "Preference-Applied": "odata.include-annotations=\u0022*\u0022",
        "request-id": "87f1aa6f-4fb4-d3c1-9ddc-f1af837e0768",
        "Server": "Microsoft-IIS/10.0",
        "Strict-Transport-Security": [
          "max-age=2592000",
          "max-age=15724800; includeSubDomains"
        ],
        "Transfer-Encoding": "chunked",
        "x-ms-client-request-id": "87f1aa6f-4fb4-d3c1-9ddc-f1af837e0768"
      },
      "ResponseBody": 10
    },
    {
      "RequestUri": "https://azs-net-shrejasearchtest.search.windows.net/indexes(\u0027orpuxjmy\u0027)?api-version=2023-11-01",
      "RequestMethod": "DELETE",
      "RequestHeaders": {
        "Accept": "application/json; odata.metadata=minimal",
        "api-key": "Sanitized",
        "traceparent": "00-defdc409ffd680e713d0457ab91fce90-3bbef180dc04b735-00",
        "User-Agent": "azsdk-net-Search.Documents/11.6.0-alpha.20240105.1 (.NET 6.0.25; Microsoft Windows 10.0.22621)",
        "x-ms-client-request-id": "cc04a8c7e6181a32bfbdcf5fcdc77d4d",
        "x-ms-return-client-request-id": "true"
      },
      "RequestBody": null,
      "StatusCode": 204,
      "ResponseHeaders": {
        "client-request-id": "cc04a8c7-e618-1a32-bfbd-cf5fcdc77d4d",
        "Date": "Fri, 05 Jan 2024 21:08:59 GMT",
        "elapsed-time": "140",
        "Preference-Applied": "odata.include-annotations=\u0022*\u0022",
        "request-id": "cc04a8c7-e618-1a32-bfbd-cf5fcdc77d4d",
        "Server": "Microsoft-IIS/10.0",
        "Strict-Transport-Security": [
          "max-age=2592000",
          "max-age=15724800; includeSubDomains"
        ],
        "x-ms-client-request-id": "cc04a8c7-e618-1a32-bfbd-cf5fcdc77d4d"
      },
      "ResponseBody": null
    }
  ],
  "Variables": {
    "RandomSeed": "1572455341",
    "SearchIndexName": "orpuxjmy",
    "SEARCH_ADMIN_API_KEY": "Sanitized",
    "SEARCH_ENDPOINT_SUFFIX": "search.windows.net",
    "SEARCH_SERVICE_NAME": "azs-net-shrejasearchtest"
  }
}
