{
  "Entries": [
    {
      "RequestUri": "https://azs-net-t0eeade0124fbb432.search.windows.net/indexes('hhamuklg')/docs/search.index?api-version=2024-07-01",
      "RequestMethod": "POST",
      "RequestHeaders": {
        "Accept": "application/json; odata.metadata=none",
        "api-key": "Sanitized",
        "Content-Length": "593",
        "Content-Type": "application/json",
        "User-Agent": "azsdk-net-Search.Documents/11.7.0-alpha.20240923.1 (.NET 8.0.8; Microsoft Windows 10.0.22631)",
        "x-ms-client-request-id": "Sanitized",
        "x-ms-return-client-request-id": "true"
      },
      "RequestBody": {
        "value": [
          {
            "@search.action": "upload",
            "Id": "1",
            "Name": "Document #1"
          },
          {
            "@search.action": "upload",
            "Id": "2",
            "Name": "Document #2"
          },
          {
            "@search.action": "upload",
            "Id": "3",
            "Name": "Document #3"
          },
          {
            "@search.action": "upload",
            "Id": "4",
            "Name": "Document #4"
          },
          {
            "@search.action": "upload",
            "Id": "5",
            "Name": "Document #5"
          },
          {
            "@search.action": "upload",
            "Id": "6",
            "Name": "Document #6"
          },
          {
            "@search.action": "upload",
            "Id": "7",
            "Name": "Document #7"
          },
          {
            "@search.action": "upload",
            "Id": "8",
            "Name": "Document #8"
          },
          {
            "@search.action": "upload",
            "Id": "9",
            "Name": "Document #9"
          },
          {
            "@search.action": "upload",
            "Id": "10",
            "Name": "Document #10"
          }
        ]
      },
      "StatusCode": 200,
      "ResponseHeaders": {
        "client-request-id": "Sanitized",
        "Content-Type": "application/json; odata.metadata=none; odata.streaming=true; charset=utf-8",
        "Date": "Mon, 23 Sep 2024 21:06:44 GMT",
        "elapsed-time": "171",
        "OData-Version": "4.0",
        "Preference-Applied": "odata.include-annotations=\"*\"",
        "request-id": "47613a43-5e2f-158d-5728-85816ded4865",
        "Server": "Microsoft-IIS/10.0",
        "Strict-Transport-Security": [
          "max-age=2592000",
          "max-age=15724800; includeSubDomains"
        ],
        "Transfer-Encoding": "chunked",
        "x-ms-client-request-id": "Sanitized"
      },
      "ResponseBody": {
        "value": [
          {
            "key": "1",
            "status": true,
            "errorMessage": null,
            "statusCode": 201
          },
          {
            "key": "2",
            "status": true,
            "errorMessage": null,
            "statusCode": 201
          },
          {
            "key": "3",
            "status": true,
            "errorMessage": null,
            "statusCode": 201
          },
          {
            "key": "4",
            "status": true,
            "errorMessage": null,
            "statusCode": 201
          },
          {
            "key": "5",
            "status": true,
            "errorMessage": null,
            "statusCode": 201
          },
          {
            "key": "6",
            "status": true,
            "errorMessage": null,
            "statusCode": 201
          },
          {
            "key": "7",
            "status": true,
            "errorMessage": null,
            "statusCode": 201
          },
          {
            "key": "8",
            "status": true,
            "errorMessage": null,
            "statusCode": 201
          },
          {
            "key": "9",
            "status": true,
            "errorMessage": null,
            "statusCode": 201
          },
          {
            "key": "10",
            "status": true,
            "errorMessage": null,
            "statusCode": 201
          }
        ]
      }
    },
    {
      "RequestUri": "https://azs-net-t0eeade0124fbb432.search.windows.net/indexes('hhamuklg')/docs/$count?api-version=2024-07-01",
      "RequestMethod": "GET",
      "RequestHeaders": {
        "Accept": "application/json; odata.metadata=none",
        "api-key": "Sanitized",
        "traceparent": "00-6898235f6a40ae5e0af2a2eb3b12ee24-f4e8b98aaca78ec8-00",
        "User-Agent": "azsdk-net-Search.Documents/11.7.0-alpha.20240923.1 (.NET 8.0.8; Microsoft Windows 10.0.22631)",
        "x-ms-client-request-id": "Sanitized",
        "x-ms-return-client-request-id": "true"
      },
      "RequestBody": null,
      "StatusCode": 200,
      "ResponseHeaders": {
        "client-request-id": "Sanitized",
        "Content-Type": "text/plain; charset=utf-8",
        "Date": "Mon, 23 Sep 2024 21:06:44 GMT",
        "elapsed-time": "3",
        "OData-Version": "4.0",
        "Preference-Applied": "odata.include-annotations=\"*\"",
        "request-id": "ed9b5425-6dc0-c213-1a13-2d7c963d5515",
        "Server": "Microsoft-IIS/10.0",
        "Strict-Transport-Security": [
          "max-age=2592000",
          "max-age=15724800; includeSubDomains"
        ],
        "Transfer-Encoding": "chunked",
        "x-ms-client-request-id": "Sanitized"
      },
      "ResponseBody": 0
    },
    {
      "RequestUri": "https://azs-net-t0eeade0124fbb432.search.windows.net/indexes('hhamuklg')/docs/$count?api-version=2024-07-01",
      "RequestMethod": "GET",
      "RequestHeaders": {
        "Accept": "application/json; odata.metadata=none",
        "api-key": "Sanitized",
        "traceparent": "00-c90529b4fdeb21155a65f7e455b39461-03397954d2990c42-00",
        "User-Agent": "azsdk-net-Search.Documents/11.7.0-alpha.20240923.1 (.NET 8.0.8; Microsoft Windows 10.0.22631)",
        "x-ms-client-request-id": "Sanitized",
        "x-ms-return-client-request-id": "true"
      },
      "RequestBody": null,
      "StatusCode": 200,
      "ResponseHeaders": {
        "client-request-id": "Sanitized",
        "Content-Type": "text/plain; charset=utf-8",
        "Date": "Mon, 23 Sep 2024 21:06:45 GMT",
        "elapsed-time": "3",
        "OData-Version": "4.0",
        "Preference-Applied": "odata.include-annotations=\"*\"",
        "request-id": "e2729ffd-c50b-0c97-6d1b-532496156868",
        "Server": "Microsoft-IIS/10.0",
        "Strict-Transport-Security": [
          "max-age=2592000",
          "max-age=15724800; includeSubDomains"
        ],
        "Transfer-Encoding": "chunked",
        "x-ms-client-request-id": "Sanitized"
      },
      "ResponseBody": 10
    },
    {
      "RequestUri": "https://azs-net-t0eeade0124fbb432.search.windows.net/indexes('hhamuklg')?api-version=2024-07-01",
      "RequestMethod": "DELETE",
      "RequestHeaders": {
        "Accept": "application/json; odata.metadata=minimal",
        "api-key": "Sanitized",
        "traceparent": "00-10e50b4f28a9cc37cd7c780478b34d63-c772bd732be1a812-00",
        "User-Agent": "azsdk-net-Search.Documents/11.7.0-alpha.20240923.1 (.NET 8.0.8; Microsoft Windows 10.0.22631)",
        "x-ms-client-request-id": "Sanitized",
        "x-ms-return-client-request-id": "true"
      },
      "RequestBody": null,
      "StatusCode": 204,
      "ResponseHeaders": {
        "client-request-id": "Sanitized",
        "Date": "Mon, 23 Sep 2024 21:06:47 GMT",
        "elapsed-time": "123",
        "Preference-Applied": "odata.include-annotations=\"*\"",
        "request-id": "8cb43f10-590c-d525-269f-2d1c31117e1a",
        "Server": "Microsoft-IIS/10.0",
        "Strict-Transport-Security": [
          "max-age=2592000",
          "max-age=15724800; includeSubDomains"
        ],
        "x-ms-client-request-id": "Sanitized"
      },
      "ResponseBody": null
    }
  ],
  "Variables": {
    "RandomSeed": "261335290",
    "SearchIndexName": "hhamuklg",
    "SEARCH_ADMIN_API_KEY": "Sanitized",
    "SEARCH_ENDPOINT_SUFFIX": "search.windows.net",
    "SEARCH_SERVICE_NAME": "azs-net-t0eeade0124fbb432"
  }
}
