{
  "Entries": [
    {
      "RequestUri": "https://management.azure.com/subscriptions/da1d7b9a-a759-41c8-bb73-093a1818e03a/resourceGroups/DataFactory-RG-8799/providers/Microsoft.DataFactory/factories/DataFactory-8b6ba22b-31c3-36b5-8714-94579f5de2ee-4002?api-version=2018-06-01",
      "RequestMethod": "PUT",
      "RequestHeaders": {
        "Accept": "application/json",
        "Authorization": "Sanitized",
        "Content-Length": "48",
        "Content-Type": "application/json",
        "traceparent": "00-c90eb4a7ea7fe61084fe71914eabe206-b115fa5bf370acb1-00",
        "User-Agent": "azsdk-net-ResourceManager.DataFactory/1.0.0-alpha.20231104.1 (.NET 6.0.24; Microsoft Windows 10.0.22621)",
        "x-ms-client-request-id": "04a6fce83261b994285b38d98c0bfe9e",
        "x-ms-return-client-request-id": "true"
      },
      "RequestBody": {
        "tags": {},
        "location": "westus2",
        "properties": {}
      },
      "StatusCode": 200,
      "ResponseHeaders": {
        "Cache-Control": "no-cache",
        "Content-Length": "540",
        "Content-Type": "application/json; charset=utf-8",
        "Date": "Sun, 05 Nov 2023 05:26:10 GMT",
        "Expires": "-1",
        "Pragma": "no-cache",
        "Server": "Kestrel",
        "Strict-Transport-Security": "max-age=31536000; includeSubDomains",
        "X-Content-Type-Options": "nosniff",
        "x-ms-correlation-request-id": "2e4fbec0-2690-479e-bd9a-4ad6825c3c96",
        "x-ms-ratelimit-remaining-subscription-writes": "835",
        "x-ms-request-id": "2e4fbec0-2690-479e-bd9a-4ad6825c3c96",
        "x-ms-routing-request-id": "KOREASOUTH:20231105T052610Z:2e4fbec0-2690-479e-bd9a-4ad6825c3c96"
      },
      "ResponseBody": {
        "name": "DataFactory-8b6ba22b-31c3-36b5-8714-94579f5de2ee-4002",
        "id": "/subscriptions/da1d7b9a-a759-41c8-bb73-093a1818e03a/resourceGroups/datafactory-rg-8799/providers/Microsoft.DataFactory/factories/datafactory-8b6ba22b-31c3-36b5-8714-94579f5de2ee-4002",
        "type": "Microsoft.DataFactory/factories",
        "properties": {
          "provisioningState": "Succeeded",
          "createTime": "2023-11-05T05:26:10.3739551Z",
          "version": "2018-06-01"
        },
        "eTag": "\u0022a901412c-0000-0800-0000-654727720000\u0022",
        "location": "westus2",
        "tags": {}
      }
    },
    {
      "RequestUri": "https://management.azure.com/subscriptions/da1d7b9a-a759-41c8-bb73-093a1818e03a/resourceGroups/datafactory-rg-8799/providers/Microsoft.DataFactory/factories/datafactory-8b6ba22b-31c3-36b5-8714-94579f5de2ee-4002/linkedservices/LinkedService7441?api-version=2018-06-01",
      "RequestMethod": "PUT",
      "RequestHeaders": {
        "Accept": "application/json",
        "Authorization": "Sanitized",
        "Content-Length": "92",
        "Content-Type": "application/json",
        "traceparent": "00-949f95a99668f51f6cac0c503b73e793-16abe51578508bb2-00",
        "User-Agent": "azsdk-net-ResourceManager.DataFactory/1.0.0-alpha.20231104.1 (.NET 6.0.24; Microsoft Windows 10.0.22621)",
        "x-ms-client-request-id": "bcf4ea07c6dbb023633e1b765c6ff25d",
        "x-ms-return-client-request-id": "true"
      },
      "RequestBody": {
        "properties": {
          "type": "AzureBlobStorage",
          "typeProperties": {
            "connectionString": "Sanitized"
          }
        }
      },
      "StatusCode": 200,
      "ResponseHeaders": {
        "Cache-Control": "no-cache",
        "Content-Length": "444",
        "Content-Type": "application/json; charset=utf-8",
        "Date": "Sun, 05 Nov 2023 05:26:10 GMT",
        "Expires": "-1",
        "Pragma": "no-cache",
        "Server": "Kestrel",
        "Strict-Transport-Security": "max-age=31536000; includeSubDomains",
        "X-Content-Type-Options": "nosniff",
        "x-ms-correlation-request-id": "985d0788-f1e3-48e0-a95b-6c558f27f66f",
        "x-ms-ratelimit-remaining-subscription-writes": "834",
        "x-ms-request-id": "985d0788-f1e3-48e0-a95b-6c558f27f66f",
        "x-ms-routing-request-id": "KOREASOUTH:20231105T052611Z:985d0788-f1e3-48e0-a95b-6c558f27f66f"
      },
      "ResponseBody": {
        "id": "/subscriptions/da1d7b9a-a759-41c8-bb73-093a1818e03a/resourceGroups/datafactory-rg-8799/providers/Microsoft.DataFactory/factories/datafactory-8b6ba22b-31c3-36b5-8714-94579f5de2ee-4002/linkedservices/LinkedService7441",
        "name": "LinkedService7441",
        "type": "Microsoft.DataFactory/factories/linkedservices",
        "properties": {
          "type": "AzureBlobStorage",
          "typeProperties": {
            "connectionString": "Sanitized"
          }
        },
        "etag": "8203cc3f-0000-0800-0000-654727730000"
      }
    },
    {
      "RequestUri": "https://management.azure.com/subscriptions/da1d7b9a-a759-41c8-bb73-093a1818e03a/resourceGroups/datafactory-rg-8799/providers/Microsoft.DataFactory/factories/datafactory-8b6ba22b-31c3-36b5-8714-94579f5de2ee-4002/linkedservices/LinkedService7441?api-version=2018-06-01",
      "RequestMethod": "GET",
      "RequestHeaders": {
        "Accept": "application/json",
        "Authorization": "Sanitized",
        "traceparent": "00-2b0f3c68a484fea23484304582be625a-462ccaaf53c0fabf-00",
        "User-Agent": "azsdk-net-ResourceManager.DataFactory/1.0.0-alpha.20231104.1 (.NET 6.0.24; Microsoft Windows 10.0.22621)",
        "x-ms-client-request-id": "3f2cad166e928bf2c1e0e7e2f992cb7d",
        "x-ms-return-client-request-id": "true"
      },
      "RequestBody": null,
      "StatusCode": 200,
      "ResponseHeaders": {
        "Cache-Control": "no-cache",
        "Content-Length": "444",
        "Content-Type": "application/json; charset=utf-8",
        "Date": "Sun, 05 Nov 2023 05:26:11 GMT",
        "Expires": "-1",
        "Pragma": "no-cache",
        "Server": "Kestrel",
        "Strict-Transport-Security": "max-age=31536000; includeSubDomains",
        "X-Content-Type-Options": "nosniff",
        "x-ms-correlation-request-id": "17376c13-c524-4a4e-9d4e-0d0f0c527441",
        "x-ms-ratelimit-remaining-subscription-reads": "11698",
        "x-ms-request-id": "17376c13-c524-4a4e-9d4e-0d0f0c527441",
        "x-ms-routing-request-id": "KOREASOUTH:20231105T052611Z:17376c13-c524-4a4e-9d4e-0d0f0c527441"
      },
      "ResponseBody": {
        "id": "/subscriptions/da1d7b9a-a759-41c8-bb73-093a1818e03a/resourceGroups/datafactory-rg-8799/providers/Microsoft.DataFactory/factories/datafactory-8b6ba22b-31c3-36b5-8714-94579f5de2ee-4002/linkedservices/LinkedService7441",
        "name": "LinkedService7441",
        "type": "Microsoft.DataFactory/factories/linkedservices",
        "properties": {
          "type": "AzureBlobStorage",
          "typeProperties": {
            "connectionString": "Sanitized"
          }
        },
        "etag": "8203cc3f-0000-0800-0000-654727730000"
      }
    }
  ],
  "Variables": {
    "AZURE_AUTHORITY_HOST": null,
    "RandomSeed": "1607902519",
    "RESOURCE_MANAGER_URL": null,
    "SUBSCRIPTION_ID": "da1d7b9a-a759-41c8-bb73-093a1818e03a"
  }
}
