{
  "Entries": [
    {
      "RequestUri": "https://management.azure.com/subscriptions/db1ab6f0-4769-4b27-930e-01e2ef9c123c/resourceGroups/DataFactory-RG-8181/providers/Microsoft.DataFactory/factories/DataFactory-7765dd3c-5f5c-329d-8942-cabbb06f0c52-8834?api-version=2018-06-01",
      "RequestMethod": "PUT",
      "RequestHeaders": {
        "Accept": "application/json",
        "Authorization": "Sanitized",
        "Content-Length": "48",
        "Content-Type": "application/json",
        "traceparent": "00-8ed44009f489e3371944d3ebf2d0b73b-e23d3bf943346f4d-00",
        "User-Agent": "azsdk-net-ResourceManager.DataFactory/1.0.0-alpha.20231117.1 (.NET 7.0.14; Microsoft Windows 10.0.22621)",
        "x-ms-client-request-id": "0c6998cd8913b7560183367c65e586f5",
        "x-ms-return-client-request-id": "true"
      },
      "RequestBody": {
        "tags": {},
        "location": "westus2",
        "properties": {}
      },
      "StatusCode": 200,
      "ResponseHeaders": {
        "Cache-Control": "no-cache",
        "Content-Length": "540",
        "Content-Type": "application/json; charset=utf-8",
        "Date": "Thu, 16 Nov 2023 17:01:35 GMT",
        "Expires": "-1",
        "Pragma": "no-cache",
        "Server": "Kestrel",
        "Strict-Transport-Security": "max-age=31536000; includeSubDomains",
        "X-Content-Type-Options": "nosniff",
        "x-ms-correlation-request-id": "d19f4bf2-7f82-4074-bdac-71bc9fa43f2b",
        "x-ms-ratelimit-remaining-subscription-writes": "1191",
        "x-ms-request-id": "d19f4bf2-7f82-4074-bdac-71bc9fa43f2b",
        "x-ms-routing-request-id": "SOUTHEASTASIA:20231116T170136Z:d19f4bf2-7f82-4074-bdac-71bc9fa43f2b"
      },
      "ResponseBody": {
        "name": "DataFactory-7765dd3c-5f5c-329d-8942-cabbb06f0c52-8834",
        "id": "/subscriptions/db1ab6f0-4769-4b27-930e-01e2ef9c123c/resourceGroups/datafactory-rg-8181/providers/Microsoft.DataFactory/factories/datafactory-7765dd3c-5f5c-329d-8942-cabbb06f0c52-8834",
        "type": "Microsoft.DataFactory/factories",
        "properties": {
          "provisioningState": "Succeeded",
          "createTime": "2023-11-16T17:01:35.8864593Z",
          "version": "2018-06-01"
        },
        "eTag": "\u002204026f9d-0000-0800-0000-65564aef0000\u0022",
        "location": "westus2",
        "tags": {}
      }
    },
    {
      "RequestUri": "https://management.azure.com/subscriptions/db1ab6f0-4769-4b27-930e-01e2ef9c123c/resourceGroups/datafactory-rg-8181/providers/Microsoft.DataFactory/factories/datafactory-7765dd3c-5f5c-329d-8942-cabbb06f0c52-8834/linkedservices/LinkedService4634?api-version=2018-06-01",
      "RequestMethod": "PUT",
      "RequestHeaders": {
        "Accept": "application/json",
        "Authorization": "Sanitized",
        "Content-Length": "92",
        "Content-Type": "application/json",
        "traceparent": "00-94914abdb20aa31286c3ce1891a715c7-232899bf375acf39-00",
        "User-Agent": "azsdk-net-ResourceManager.DataFactory/1.0.0-alpha.20231117.1 (.NET 7.0.14; Microsoft Windows 10.0.22621)",
        "x-ms-client-request-id": "06b21d93e798a8d4a7409647826064b6",
        "x-ms-return-client-request-id": "true"
      },
      "RequestBody": {
        "properties": {
          "type": "AzureBlobStorage",
          "typeProperties": {
            "connectionString": "Sanitized"
          }
        }
      },
      "StatusCode": 200,
      "ResponseHeaders": {
        "Cache-Control": "no-cache",
        "Content-Length": "444",
        "Content-Type": "application/json; charset=utf-8",
        "Date": "Thu, 16 Nov 2023 17:01:36 GMT",
        "Expires": "-1",
        "Pragma": "no-cache",
        "Server": "Kestrel",
        "Strict-Transport-Security": "max-age=31536000; includeSubDomains",
        "X-Content-Type-Options": "nosniff",
        "x-ms-correlation-request-id": "3fea7e06-e9e8-4ff8-88e4-1eee2bb98bf7",
        "x-ms-ratelimit-remaining-subscription-writes": "1190",
        "x-ms-request-id": "3fea7e06-e9e8-4ff8-88e4-1eee2bb98bf7",
        "x-ms-routing-request-id": "SOUTHEASTASIA:20231116T170136Z:3fea7e06-e9e8-4ff8-88e4-1eee2bb98bf7"
      },
      "ResponseBody": {
        "id": "/subscriptions/db1ab6f0-4769-4b27-930e-01e2ef9c123c/resourceGroups/datafactory-rg-8181/providers/Microsoft.DataFactory/factories/datafactory-7765dd3c-5f5c-329d-8942-cabbb06f0c52-8834/linkedservices/LinkedService4634",
        "name": "LinkedService4634",
        "type": "Microsoft.DataFactory/factories/linkedservices",
        "properties": {
          "type": "AzureBlobStorage",
          "typeProperties": {
            "connectionString": "Sanitized"
          }
        },
        "etag": "280077e0-0000-0800-0000-65564af00000"
      }
    },
    {
      "RequestUri": "https://management.azure.com/subscriptions/db1ab6f0-4769-4b27-930e-01e2ef9c123c/resourceGroups/datafactory-rg-8181/providers/Microsoft.DataFactory/factories/datafactory-7765dd3c-5f5c-329d-8942-cabbb06f0c52-8834/linkedservices/LinkedService4634?api-version=2018-06-01",
      "RequestMethod": "GET",
      "RequestHeaders": {
        "Accept": "application/json",
        "Authorization": "Sanitized",
        "traceparent": "00-56b30e188c4629f3b2ef7e7bd83720ee-b33ec44065fbb920-00",
        "User-Agent": "azsdk-net-ResourceManager.DataFactory/1.0.0-alpha.20231117.1 (.NET 7.0.14; Microsoft Windows 10.0.22621)",
        "x-ms-client-request-id": "ccc1eba080731d5e634351627584f8bb",
        "x-ms-return-client-request-id": "true"
      },
      "RequestBody": null,
      "StatusCode": 200,
      "ResponseHeaders": {
        "Cache-Control": "no-cache",
        "Content-Length": "444",
        "Content-Type": "application/json; charset=utf-8",
        "Date": "Thu, 16 Nov 2023 17:01:36 GMT",
        "Expires": "-1",
        "Pragma": "no-cache",
        "Server": "Kestrel",
        "Strict-Transport-Security": "max-age=31536000; includeSubDomains",
        "X-Content-Type-Options": "nosniff",
        "x-ms-correlation-request-id": "24a7833a-ebaf-4fe0-86ab-94c9c0893b35",
        "x-ms-ratelimit-remaining-subscription-reads": "11984",
        "x-ms-request-id": "24a7833a-ebaf-4fe0-86ab-94c9c0893b35",
        "x-ms-routing-request-id": "SOUTHEASTASIA:20231116T170137Z:24a7833a-ebaf-4fe0-86ab-94c9c0893b35"
      },
      "ResponseBody": {
        "id": "/subscriptions/db1ab6f0-4769-4b27-930e-01e2ef9c123c/resourceGroups/datafactory-rg-8181/providers/Microsoft.DataFactory/factories/datafactory-7765dd3c-5f5c-329d-8942-cabbb06f0c52-8834/linkedservices/LinkedService4634",
        "name": "LinkedService4634",
        "type": "Microsoft.DataFactory/factories/linkedservices",
        "properties": {
          "type": "AzureBlobStorage",
          "typeProperties": {
            "connectionString": "Sanitized"
          }
        },
        "etag": "280077e0-0000-0800-0000-65564af00000"
      }
    }
  ],
  "Variables": {
    "AZURE_AUTHORITY_HOST": "https://login.microsoftonline.com",
    "RandomSeed": "1723811775",
    "RESOURCE_MANAGER_URL": null,
    "SUBSCRIPTION_ID": "db1ab6f0-4769-4b27-930e-01e2ef9c123c"
  }
}
