{
  "Entries": [
    {
      "RequestUri": "https://management.azure.com/subscriptions/da1d7b9a-a759-41c8-bb73-093a1818e03a?api-version=2022-12-01",
      "RequestMethod": "GET",
      "RequestHeaders": {
        "Accept": "application/json",
        "Authorization": "Sanitized",
        "traceparent": "00-b1230549f867ee2fa9dd74b77cf4adfc-aaba97b00aebf0b1-00",
        "User-Agent": "azsdk-net-ResourceManager/1.9.0 (.NET 7.0.14; Microsoft Windows 10.0.22621)",
        "x-ms-client-request-id": "c620c854ed5331c9f89d79f64d94d56e",
        "x-ms-return-client-request-id": "true"
      },
      "RequestBody": null,
      "StatusCode": 200,
      "ResponseHeaders": {
        "Cache-Control": "no-cache",
        "Content-Length": "501",
        "Content-Type": "application/json; charset=utf-8",
        "Date": "Tue, 21 Nov 2023 07:21:02 GMT",
        "Expires": "-1",
        "Pragma": "no-cache",
        "Strict-Transport-Security": "max-age=31536000; includeSubDomains",
        "X-Cache": "CONFIG_NOCACHE",
        "X-Content-Type-Options": "nosniff",
        "x-ms-correlation-request-id": "ccf72687-c954-4589-b95d-5e07c1e4e11c",
        "x-ms-ratelimit-remaining-subscription-reads": "11769",
        "x-ms-request-id": "ccf72687-c954-4589-b95d-5e07c1e4e11c",
        "x-ms-routing-request-id": "JAPANEAST:20231121T072103Z:ccf72687-c954-4589-b95d-5e07c1e4e11c",
        "X-MSEdge-Ref": "Ref A: 5E656547C52742569D7D475D79D5348D Ref B: TYO201100114025 Ref C: 2023-11-21T07:21:03Z"
      },
      "ResponseBody": {
        "id": "/subscriptions/da1d7b9a-a759-41c8-bb73-093a1818e03a",
        "authorizationSource": "RoleBased",
        "managedByTenants": [
          {
            "tenantId": "2f4a9838-26b7-47ee-be60-ccc1fdec5953"
          }
        ],
        "tags": {
          "NRMS10318670": "20220720"
        },
        "subscriptionId": "da1d7b9a-a759-41c8-bb73-093a1818e03a",
        "tenantId": "72f988bf-86f1-41af-91ab-2d7cd011db47",
        "displayName": "ADMS_Test_Engineering_RichTransform",
        "state": "Enabled",
        "subscriptionPolicies": {
          "locationPlacementId": "Internal_2014-09-01",
          "quotaId": "Internal_2014-09-01",
          "spendingLimit": "Off"
        }
      }
    },
    {
      "RequestUri": "https://management.azure.com/subscriptions/da1d7b9a-a759-41c8-bb73-093a1818e03a/resourcegroups/adf-rg-azuresql-5677?api-version=2022-09-01",
      "RequestMethod": "PUT",
      "RequestHeaders": {
        "Accept": "application/json",
        "Authorization": "Sanitized",
        "Content-Length": "22",
        "Content-Type": "application/json",
        "traceparent": "00-b8539466f27841aa6e74c5521e50658f-c50c514eae434a06-00",
        "User-Agent": "azsdk-net-ResourceManager/1.9.0 (.NET 7.0.14; Microsoft Windows 10.0.22621)",
        "x-ms-client-request-id": "2adab2b9d688b826c5f5533edd75b823",
        "x-ms-return-client-request-id": "true"
      },
      "RequestBody": {
        "location": "westus2"
      },
      "StatusCode": 201,
      "ResponseHeaders": {
        "Cache-Control": "no-cache",
        "Content-Length": "238",
        "Content-Type": "application/json; charset=utf-8",
        "Date": "Tue, 21 Nov 2023 07:21:03 GMT",
        "Expires": "-1",
        "Pragma": "no-cache",
        "Strict-Transport-Security": "max-age=31536000; includeSubDomains",
        "X-Cache": "CONFIG_NOCACHE",
        "X-Content-Type-Options": "nosniff",
        "x-ms-correlation-request-id": "43a1b566-1f19-45f8-928c-04f003afb68b",
        "x-ms-ratelimit-remaining-subscription-writes": "1188",
        "x-ms-request-id": "43a1b566-1f19-45f8-928c-04f003afb68b",
        "x-ms-routing-request-id": "JAPANWEST:20231121T072103Z:43a1b566-1f19-45f8-928c-04f003afb68b",
        "X-MSEdge-Ref": "Ref A: D8948D4782A64429B18AFEC0264C6A65 Ref B: TYO201100114025 Ref C: 2023-11-21T07:21:03Z"
      },
      "ResponseBody": {
        "id": "/subscriptions/da1d7b9a-a759-41c8-bb73-093a1818e03a/resourceGroups/adf-rg-azuresql-5677",
        "name": "adf-rg-azuresql-5677",
        "type": "Microsoft.Resources/resourceGroups",
        "location": "westus2",
        "properties": {
          "provisioningState": "Succeeded"
        }
      }
    },
    {
      "RequestUri": "https://management.azure.com/subscriptions/da1d7b9a-a759-41c8-bb73-093a1818e03a/resourceGroups/adf-rg-azuresql-5677/providers/Microsoft.DataFactory/factories/adf-azuresql-300?api-version=2018-06-01",
      "RequestMethod": "PUT",
      "RequestHeaders": {
        "Accept": "application/json",
        "Authorization": "Sanitized",
        "Content-Length": "48",
        "Content-Type": "application/json",
        "traceparent": "00-b07217985a47bae819f5644aba09d017-029761c61be30ec4-00",
        "User-Agent": "azsdk-net-ResourceManager.DataFactory/1.0.0-alpha.20231121.1 (.NET 7.0.14; Microsoft Windows 10.0.22621)",
        "x-ms-client-request-id": "b9b509a9005e3425953b3510f4c55e20",
        "x-ms-return-client-request-id": "true"
      },
      "RequestBody": {
        "tags": {},
        "location": "westus2",
        "properties": {}
      },
      "StatusCode": 200,
      "ResponseHeaders": {
        "Cache-Control": "no-cache",
        "Content-Length": "467",
        "Content-Type": "application/json; charset=utf-8",
        "Date": "Tue, 21 Nov 2023 07:21:05 GMT",
        "Expires": "-1",
        "Pragma": "no-cache",
        "Strict-Transport-Security": "max-age=31536000; includeSubDomains",
        "X-Cache": "CONFIG_NOCACHE",
        "X-Content-Type-Options": "nosniff",
        "x-ms-correlation-request-id": "a6a56a90-677c-4997-977f-f1866f1ebbcc",
        "x-ms-ratelimit-remaining-subscription-writes": "1195",
        "x-ms-request-id": "a6a56a90-677c-4997-977f-f1866f1ebbcc",
        "x-ms-routing-request-id": "JAPANWEST:20231121T072106Z:a6a56a90-677c-4997-977f-f1866f1ebbcc",
        "X-MSEdge-Ref": "Ref A: 32240E4775904D74A187CF283168090C Ref B: TYO201100114025 Ref C: 2023-11-21T07:21:03Z"
      },
      "ResponseBody": {
        "name": "adf-azuresql-300",
        "id": "/subscriptions/da1d7b9a-a759-41c8-bb73-093a1818e03a/resourceGroups/adf-rg-azuresql-5677/providers/Microsoft.DataFactory/factories/adf-azuresql-300",
        "type": "Microsoft.DataFactory/factories",
        "properties": {
          "provisioningState": "Succeeded",
          "createTime": "2023-11-21T07:21:05.9860725Z",
          "version": "2018-06-01"
        },
        "eTag": "\u002240049a33-0000-0800-0000-655c5a620000\u0022",
        "location": "westus2",
        "tags": {}
      }
    },
    {
      "RequestUri": "https://management.azure.com/subscriptions/da1d7b9a-a759-41c8-bb73-093a1818e03a/resourceGroups/adf-rg-azuresql-5677/providers/Microsoft.DataFactory/factories/adf-azuresql-300/integrationRuntimes/adf-integrationRuntime-7945?api-version=2018-06-01",
      "RequestMethod": "PUT",
      "RequestHeaders": {
        "Accept": "application/json",
        "Authorization": "Sanitized",
        "Content-Length": "172",
        "Content-Type": "application/json",
        "traceparent": "00-f8763d9c1a9b3f1e04055b796421bad0-8e53397ad5124a63-00",
        "User-Agent": "azsdk-net-ResourceManager.DataFactory/1.0.0-alpha.20231121.1 (.NET 7.0.14; Microsoft Windows 10.0.22621)",
        "x-ms-client-request-id": "a1f4ce607e3168a1005e998a5382e555",
        "x-ms-return-client-request-id": "true"
      },
      "RequestBody": {
        "properties": {
          "type": "Managed",
          "typeProperties": {
            "computeProperties": {
              "location": "eastus2",
              "dataFlowProperties": {
                "computeType": "General",
                "coreCount": 4,
                "timeToLive": 10
              }
            }
          }
        }
      },
      "StatusCode": 200,
      "ResponseHeaders": {
        "Cache-Control": "no-cache",
        "Content-Length": "639",
        "Content-Type": "application/json; charset=utf-8",
        "Date": "Tue, 21 Nov 2023 07:21:06 GMT",
        "Expires": "-1",
        "Pragma": "no-cache",
        "Strict-Transport-Security": "max-age=31536000; includeSubDomains",
        "X-Cache": "CONFIG_NOCACHE",
        "X-Content-Type-Options": "nosniff",
        "x-ms-correlation-request-id": "1842bb68-0f1d-44fc-aeab-c2d91a558f29",
        "x-ms-ratelimit-remaining-subscription-writes": "1187",
        "x-ms-request-id": "1842bb68-0f1d-44fc-aeab-c2d91a558f29",
        "x-ms-routing-request-id": "JAPANWEST:20231121T072106Z:1842bb68-0f1d-44fc-aeab-c2d91a558f29",
        "X-MSEdge-Ref": "Ref A: 886920A24BD84CF1A84E4E2B1F49C733 Ref B: TYO201100114025 Ref C: 2023-11-21T07:21:06Z"
      },
      "ResponseBody": {
        "id": "/subscriptions/da1d7b9a-a759-41c8-bb73-093a1818e03a/resourceGroups/adf-rg-azuresql-5677/providers/Microsoft.DataFactory/factories/adf-azuresql-300/integrationruntimes/adf-integrationRuntime-7945",
        "name": "adf-integrationRuntime-7945",
        "type": "Microsoft.DataFactory/factories/integrationruntimes",
        "properties": {
          "type": "Managed",
          "typeProperties": {
            "computeProperties": {
              "location": "eastus2",
              "dataFlowProperties": {
                "computeType": "General",
                "coreCount": 4,
                "timeToLive": 10
              }
            }
          }
        },
        "etag": "0700ada7-0000-0800-0000-655c5a620000"
      }
    },
    {
      "RequestUri": "https://management.azure.com/subscriptions/da1d7b9a-a759-41c8-bb73-093a1818e03a/resourceGroups/adf-rg-azuresql-5677/providers/Microsoft.DataFactory/factories/adf-azuresql-300/linkedservices/adf_linkedservice_akv_4281?api-version=2018-06-01",
      "RequestMethod": "PUT",
      "RequestHeaders": {
        "Accept": "application/json",
        "Authorization": "Sanitized",
        "Content-Length": "100",
        "Content-Type": "application/json",
        "traceparent": "00-51dd65fc91497bd3e8a905865162c3c1-3e3cfadf83a27130-00",
        "User-Agent": "azsdk-net-ResourceManager.DataFactory/1.0.0-alpha.20231121.1 (.NET 7.0.14; Microsoft Windows 10.0.22621)",
        "x-ms-client-request-id": "5ab51f8bb4b1f2f59af0a8d130f51d47",
        "x-ms-return-client-request-id": "true"
      },
      "RequestBody": {
        "properties": {
          "type": "AzureKeyVault",
          "typeProperties": {
            "baseUrl": "https://Test.vault.azure.net/"
          }
        }
      },
      "StatusCode": 200,
      "ResponseHeaders": {
        "Cache-Control": "no-cache",
        "Content-Length": "483",
        "Content-Type": "application/json; charset=utf-8",
        "Date": "Tue, 21 Nov 2023 07:21:07 GMT",
        "Expires": "-1",
        "Pragma": "no-cache",
        "Strict-Transport-Security": "max-age=31536000; includeSubDomains",
        "X-Cache": "CONFIG_NOCACHE",
        "X-Content-Type-Options": "nosniff",
        "x-ms-correlation-request-id": "aa018dc4-6942-4663-bd2c-cde716518735",
        "x-ms-ratelimit-remaining-subscription-writes": "1193",
        "x-ms-request-id": "aa018dc4-6942-4663-bd2c-cde716518735",
        "x-ms-routing-request-id": "JAPANWEST:20231121T072107Z:aa018dc4-6942-4663-bd2c-cde716518735",
        "X-MSEdge-Ref": "Ref A: A8F3B331C29346D98780E8DDB5EBC339 Ref B: TYO201100114025 Ref C: 2023-11-21T07:21:06Z"
      },
      "ResponseBody": {
        "id": "/subscriptions/da1d7b9a-a759-41c8-bb73-093a1818e03a/resourceGroups/adf-rg-azuresql-5677/providers/Microsoft.DataFactory/factories/adf-azuresql-300/linkedservices/adf_linkedservice_akv_4281",
        "name": "adf_linkedservice_akv_4281",
        "type": "Microsoft.DataFactory/factories/linkedservices",
        "properties": {
          "type": "AzureKeyVault",
          "typeProperties": {
            "baseUrl": "https://Test.vault.azure.net/"
          }
        },
        "etag": "0700afa7-0000-0800-0000-655c5a630000"
      }
    },
    {
      "RequestUri": "https://management.azure.com/subscriptions/da1d7b9a-a759-41c8-bb73-093a1818e03a/resourceGroups/adf-rg-azuresql-5677/providers/Microsoft.DataFactory/factories/adf-azuresql-300/linkedservices/adf_linkedservice_azuresql_1055?api-version=2018-06-01",
      "RequestMethod": "PUT",
      "RequestHeaders": {
        "Accept": "application/json",
        "Authorization": "Sanitized",
        "Content-Length": "279",
        "Content-Type": "application/json",
        "traceparent": "00-9ac663362337ad908738b744386fa19a-da2b1cd6c71947e6-00",
        "User-Agent": "azsdk-net-ResourceManager.DataFactory/1.0.0-alpha.20231121.1 (.NET 7.0.14; Microsoft Windows 10.0.22621)",
        "x-ms-client-request-id": "ae2eea158a7751145da28ba941b850ba",
        "x-ms-return-client-request-id": "true"
      },
      "RequestBody": {
        "properties": {
          "type": "AzureMySql",
          "typeProperties": {
            "connectionString": {
              "value": "fakestring",
              "type": "SecureString"
            },
            "password": {
              "store": {
                "type": "LinkedServiceReference",
                "referenceName": "adf_linkedservice_akv_4281"
              },
              "secretName": "fakeSecretName1",
              "type": "AzureKeyVaultSecret"
            }
          }
        }
      },
      "StatusCode": 200,
      "ResponseHeaders": {
        "Cache-Control": "no-cache",
        "Content-Length": "777",
        "Content-Type": "application/json; charset=utf-8",
        "Date": "Tue, 21 Nov 2023 07:21:07 GMT",
        "Expires": "-1",
        "Pragma": "no-cache",
        "Strict-Transport-Security": "max-age=31536000; includeSubDomains",
        "X-Cache": "CONFIG_NOCACHE",
        "X-Content-Type-Options": "nosniff",
        "x-ms-correlation-request-id": "bc18480a-513d-483f-a7ce-fd4dfa4c5865",
        "x-ms-ratelimit-remaining-subscription-writes": "1192",
        "x-ms-request-id": "bc18480a-513d-483f-a7ce-fd4dfa4c5865",
        "x-ms-routing-request-id": "JAPANWEST:20231121T072108Z:bc18480a-513d-483f-a7ce-fd4dfa4c5865",
        "X-MSEdge-Ref": "Ref A: 4AA4AEBF1B5B40D8B9FBECA1A885659E Ref B: TYO201100114025 Ref C: 2023-11-21T07:21:07Z"
      },
      "ResponseBody": {
        "id": "/subscriptions/da1d7b9a-a759-41c8-bb73-093a1818e03a/resourceGroups/adf-rg-azuresql-5677/providers/Microsoft.DataFactory/factories/adf-azuresql-300/linkedservices/adf_linkedservice_azuresql_1055",
        "name": "adf_linkedservice_azuresql_1055",
        "type": "Microsoft.DataFactory/factories/linkedservices",
        "properties": {
          "type": "AzureMySql",
          "typeProperties": {
            "connectionString": {
              "type": "SecureString",
              "value": "**********"
            },
            "password": {
              "store": {
                "type": "LinkedServiceReference",
                "referenceName": "adf_linkedservice_akv_4281"
              },
              "secretName": "fakeSecretName1",
              "type": "AzureKeyVaultSecret"
            }
          }
        },
        "etag": "0700b1a7-0000-0800-0000-655c5a630000"
      }
    }
  ],
  "Variables": {
    "AZURE_AUTHORITY_HOST": null,
    "RandomSeed": "405489518",
    "RESOURCE_MANAGER_URL": null,
    "SUBSCRIPTION_ID": "da1d7b9a-a759-41c8-bb73-093a1818e03a"
  }
}
