{
  "Entries": [
    {
      "RequestUri": "https://management.azure.com/subscriptions/da1d7b9a-a759-41c8-bb73-093a1818e03a/resourceGroups/DataFactory-RG-9392/providers/Microsoft.DataFactory/factories/DataFactory-6684a5c8-36f1-36a8-b186-09f1db258ccd-5416?api-version=2018-06-01",
      "RequestMethod": "PUT",
      "RequestHeaders": {
        "Accept": "application/json",
        "Authorization": "Sanitized",
        "Content-Length": "48",
        "Content-Type": "application/json",
        "traceparent": "00-a5752fc3d9bfc4de117776ac7e917de8-4c57fbe590c45228-00",
        "User-Agent": "azsdk-net-ResourceManager.DataFactory/1.0.0-alpha.20231106.1 (.NET 7.0.13; Microsoft Windows 10.0.22621)",
        "x-ms-client-request-id": "7c2fdaf3f5cbc5e9068421322b73afa0",
        "x-ms-return-client-request-id": "true"
      },
      "RequestBody": {
        "tags": {},
        "location": "westus2",
        "properties": {}
      },
      "StatusCode": 200,
      "ResponseHeaders": {
        "Cache-Control": "no-cache",
        "Content-Length": "539",
        "Content-Type": "application/json; charset=utf-8",
        "Date": "Tue, 07 Nov 2023 06:55:46 GMT",
        "Expires": "-1",
        "Pragma": "no-cache",
        "Server": "Kestrel",
        "Strict-Transport-Security": "max-age=31536000; includeSubDomains",
        "X-Content-Type-Options": "nosniff",
        "x-ms-correlation-request-id": "8b101a12-df9b-42ba-80b9-3b536b7acdc0",
        "x-ms-ratelimit-remaining-subscription-writes": "1178",
        "x-ms-request-id": "8b101a12-df9b-42ba-80b9-3b536b7acdc0",
        "x-ms-routing-request-id": "SOUTHEASTASIA:20231107T065547Z:8b101a12-df9b-42ba-80b9-3b536b7acdc0"
      },
      "ResponseBody": {
        "name": "DataFactory-6684a5c8-36f1-36a8-b186-09f1db258ccd-5416",
        "id": "/subscriptions/da1d7b9a-a759-41c8-bb73-093a1818e03a/resourceGroups/datafactory-rg-9392/providers/Microsoft.DataFactory/factories/datafactory-6684a5c8-36f1-36a8-b186-09f1db258ccd-5416",
        "type": "Microsoft.DataFactory/factories",
        "properties": {
          "provisioningState": "Succeeded",
          "createTime": "2023-11-07T06:55:46.926065Z",
          "version": "2018-06-01"
        },
        "eTag": "\u0022f4015776-0000-0800-0000-6549df720000\u0022",
        "location": "westus2",
        "tags": {}
      }
    },
    {
      "RequestUri": "https://management.azure.com/subscriptions/da1d7b9a-a759-41c8-bb73-093a1818e03a/resourceGroups/datafactory-rg-9392/providers/Microsoft.DataFactory/factories/datafactory-6684a5c8-36f1-36a8-b186-09f1db258ccd-5416/integrationRuntimes/integrationRuntime9853?api-version=2018-06-01",
      "RequestMethod": "PUT",
      "RequestHeaders": {
        "Accept": "application/json",
        "Authorization": "Sanitized",
        "Content-Length": "172",
        "Content-Type": "application/json",
        "traceparent": "00-5d977e1b5f643e0c128294485858ea24-213eb4085110682c-00",
        "User-Agent": "azsdk-net-ResourceManager.DataFactory/1.0.0-alpha.20231106.1 (.NET 7.0.13; Microsoft Windows 10.0.22621)",
        "x-ms-client-request-id": "48abb65d3c1c644f5461b10d6862be17",
        "x-ms-return-client-request-id": "true"
      },
      "RequestBody": {
        "properties": {
          "type": "Managed",
          "typeProperties": {
            "computeProperties": {
              "location": "eastus2",
              "dataFlowProperties": {
                "computeType": "General",
                "coreCount": 4,
                "timeToLive": 10
              }
            }
          }
        }
      },
      "StatusCode": 200,
      "ResponseHeaders": {
        "Cache-Control": "no-cache",
        "Content-Length": "665",
        "Content-Type": "application/json; charset=utf-8",
        "Date": "Tue, 07 Nov 2023 06:55:47 GMT",
        "Expires": "-1",
        "Pragma": "no-cache",
        "Server": "Kestrel",
        "Strict-Transport-Security": "max-age=31536000; includeSubDomains",
        "X-Content-Type-Options": "nosniff",
        "x-ms-correlation-request-id": "253de82a-3e5e-49b8-8be9-08efb4544b17",
        "x-ms-ratelimit-remaining-subscription-writes": "1177",
        "x-ms-request-id": "253de82a-3e5e-49b8-8be9-08efb4544b17",
        "x-ms-routing-request-id": "SOUTHEASTASIA:20231107T065547Z:253de82a-3e5e-49b8-8be9-08efb4544b17"
      },
      "ResponseBody": {
        "id": "/subscriptions/da1d7b9a-a759-41c8-bb73-093a1818e03a/resourceGroups/datafactory-rg-9392/providers/Microsoft.DataFactory/factories/datafactory-6684a5c8-36f1-36a8-b186-09f1db258ccd-5416/integrationruntimes/integrationRuntime9853",
        "name": "integrationRuntime9853",
        "type": "Microsoft.DataFactory/factories/integrationruntimes",
        "properties": {
          "type": "Managed",
          "typeProperties": {
            "computeProperties": {
              "location": "eastus2",
              "dataFlowProperties": {
                "computeType": "General",
                "coreCount": 4,
                "timeToLive": 10
              }
            }
          }
        },
        "etag": "c4008be0-0000-0800-0000-6549df730000"
      }
    },
    {
      "RequestUri": "https://management.azure.com/subscriptions/da1d7b9a-a759-41c8-bb73-093a1818e03a/resourceGroups/datafactory-rg-9392/providers/Microsoft.DataFactory/factories/datafactory-6684a5c8-36f1-36a8-b186-09f1db258ccd-5416/linkedservices/LinkedService3827?api-version=2018-06-01",
      "RequestMethod": "PUT",
      "RequestHeaders": {
        "Accept": "application/json",
        "Authorization": "Sanitized",
        "Content-Length": "337",
        "Content-Type": "application/json",
        "traceparent": "00-ce42c6e9faad80c3b02c50b37b5eabc9-1d7b91fe1d8a1384-00",
        "User-Agent": "azsdk-net-ResourceManager.DataFactory/1.0.0-alpha.20231106.1 (.NET 7.0.13; Microsoft Windows 10.0.22621)",
        "x-ms-client-request-id": "1df2279a3ca979fb4090fe3cd9e4ab68",
        "x-ms-return-client-request-id": "true"
      },
      "RequestBody": {
        "properties": {
          "type": "AmazonRdsForSqlServer",
          "connectVia": {
            "type": "IntegrationRuntimeReference",
            "referenceName": "integrationRuntime9853"
          },
          "typeProperties": {
            "connectionString": {
              "value": "Server=myserverinstance.c9pvwz9h1k8r.us-west-2.rds.amazonaws.com;Database=myDataBase;User Id=myUsername;Password=myPassword;",
              "type": "SecureString"
            }
          }
        }
      },
      "StatusCode": 200,
      "ResponseHeaders": {
        "Cache-Control": "no-cache",
        "Content-Length": "983",
        "Content-Type": "application/json; charset=utf-8",
        "Date": "Tue, 07 Nov 2023 06:55:47 GMT",
        "Expires": "-1",
        "Pragma": "no-cache",
        "Server": "Kestrel",
        "Strict-Transport-Security": "max-age=31536000; includeSubDomains",
        "X-Content-Type-Options": "nosniff",
        "x-ms-correlation-request-id": "480378d2-f630-44a4-b70a-b41f64e68646",
        "x-ms-ratelimit-remaining-subscription-writes": "1176",
        "x-ms-request-id": "480378d2-f630-44a4-b70a-b41f64e68646",
        "x-ms-routing-request-id": "SOUTHEASTASIA:20231107T065548Z:480378d2-f630-44a4-b70a-b41f64e68646"
      },
      "ResponseBody": {
        "id": "/subscriptions/da1d7b9a-a759-41c8-bb73-093a1818e03a/resourceGroups/datafactory-rg-9392/providers/Microsoft.DataFactory/factories/datafactory-6684a5c8-36f1-36a8-b186-09f1db258ccd-5416/linkedservices/LinkedService3827",
        "name": "LinkedService3827",
        "type": "Microsoft.DataFactory/factories/linkedservices",
        "properties": {
          "type": "AmazonRdsForSqlServer",
          "connectVia": {
            "type": "IntegrationRuntimeReference",
            "referenceName": "integrationRuntime9853"
          },
          "typeProperties": {
            "connectionString": {
              "type": "SecureString",
              "value": "**********"
            },
            "encryptedCredential": "ew0KICAiVmVyc2lvbiI6ICIyMDE3LTExLTMwIiwNCiAgIlByb3RlY3Rpb25Nb2RlIjogIktleSIsDQogICJTZWNyZXRDb250ZW50VHlwZSI6ICJQbGFpbnRleHQiLA0KICAiQ3JlZGVudGlhbElkIjogIkRBVEFGQUNUT1JZQDQ5MzhGQTlFLTFCNDMtNDgwQy04OEEyLUVBQkNEM0JENzJBQV8zZGZkMjY5ZS1iYzdkLTQwZjQtOGZmMy01OWI4NjE4ZTdlNjYiDQp9"
          }
        },
        "etag": "c4008ee0-0000-0800-0000-6549df740000"
      }
    }
  ],
  "Variables": {
    "AZURE_AUTHORITY_HOST": null,
    "RandomSeed": "522200390",
    "RESOURCE_MANAGER_URL": null,
    "SUBSCRIPTION_ID": "da1d7b9a-a759-41c8-bb73-093a1818e03a"
  }
}
