{
  "Entries": [
    {
      "RequestUri": "https://management.azure.com/subscriptions/da1d7b9a-a759-41c8-bb73-093a1818e03a?api-version=2022-12-01",
      "RequestMethod": "GET",
      "RequestHeaders": {
        "Accept": "application/json",
        "Authorization": "Sanitized",
        "traceparent": "00-bf2907fd2b77ba6b8d070122deff0ef1-358617cc08f360ce-00",
        "User-Agent": "azsdk-net-ResourceManager/1.9.0 (.NET 7.0.14; Microsoft Windows 10.0.22621)",
        "x-ms-client-request-id": "3661698dc8f7d5ac50db6ca8c9de95c5",
        "x-ms-return-client-request-id": "true"
      },
      "RequestBody": null,
      "StatusCode": 200,
      "ResponseHeaders": {
        "Cache-Control": "no-cache",
        "Content-Length": "501",
        "Content-Type": "application/json; charset=utf-8",
        "Date": "Tue, 21 Nov 2023 07:50:22 GMT",
        "Expires": "-1",
        "Pragma": "no-cache",
        "Strict-Transport-Security": "max-age=31536000; includeSubDomains",
        "X-Cache": "CONFIG_NOCACHE",
        "X-Content-Type-Options": "nosniff",
        "x-ms-correlation-request-id": "cbe5153c-7ea1-46d1-8b4a-a3af04d3eee2",
        "x-ms-ratelimit-remaining-subscription-reads": "11016",
        "x-ms-request-id": "cbe5153c-7ea1-46d1-8b4a-a3af04d3eee2",
        "x-ms-routing-request-id": "JAPANWEST:20231121T075023Z:cbe5153c-7ea1-46d1-8b4a-a3af04d3eee2",
        "X-MSEdge-Ref": "Ref A: 7D02937C41844EDA8A4F889D72F5BD13 Ref B: TYO201100117007 Ref C: 2023-11-21T07:50:23Z"
      },
      "ResponseBody": {
        "id": "/subscriptions/da1d7b9a-a759-41c8-bb73-093a1818e03a",
        "authorizationSource": "RoleBased",
        "managedByTenants": [
          {
            "tenantId": "2f4a9838-26b7-47ee-be60-ccc1fdec5953"
          }
        ],
        "tags": {
          "NRMS10318670": "20220720"
        },
        "subscriptionId": "da1d7b9a-a759-41c8-bb73-093a1818e03a",
        "tenantId": "72f988bf-86f1-41af-91ab-2d7cd011db47",
        "displayName": "ADMS_Test_Engineering_RichTransform",
        "state": "Enabled",
        "subscriptionPolicies": {
          "locationPlacementId": "Internal_2014-09-01",
          "quotaId": "Internal_2014-09-01",
          "spendingLimit": "Off"
        }
      }
    },
    {
      "RequestUri": "https://management.azure.com/subscriptions/da1d7b9a-a759-41c8-bb73-093a1818e03a/resourcegroups/adf-rg-greeplum-3246?api-version=2022-09-01",
      "RequestMethod": "PUT",
      "RequestHeaders": {
        "Accept": "application/json",
        "Authorization": "Sanitized",
        "Content-Length": "22",
        "Content-Type": "application/json",
        "traceparent": "00-52d5239641cc417c0c71e36e371e2fc2-dac35788c9fbef6f-00",
        "User-Agent": "azsdk-net-ResourceManager/1.9.0 (.NET 7.0.14; Microsoft Windows 10.0.22621)",
        "x-ms-client-request-id": "4bac4a358ef94497ab5021a7c989418f",
        "x-ms-return-client-request-id": "true"
      },
      "RequestBody": {
        "location": "westus2"
      },
      "StatusCode": 201,
      "ResponseHeaders": {
        "Cache-Control": "no-cache",
        "Content-Length": "238",
        "Content-Type": "application/json; charset=utf-8",
        "Date": "Tue, 21 Nov 2023 07:50:23 GMT",
        "Expires": "-1",
        "Pragma": "no-cache",
        "Strict-Transport-Security": "max-age=31536000; includeSubDomains",
        "X-Cache": "CONFIG_NOCACHE",
        "X-Content-Type-Options": "nosniff",
        "x-ms-correlation-request-id": "3af91a36-b825-4779-ad8c-cc1b7c607e9e",
        "x-ms-ratelimit-remaining-subscription-writes": "1190",
        "x-ms-request-id": "3af91a36-b825-4779-ad8c-cc1b7c607e9e",
        "x-ms-routing-request-id": "JAPANWEST:20231121T075024Z:3af91a36-b825-4779-ad8c-cc1b7c607e9e",
        "X-MSEdge-Ref": "Ref A: AC19D6F7979C4B75B68A28533107DA05 Ref B: TYO201100117007 Ref C: 2023-11-21T07:50:23Z"
      },
      "ResponseBody": {
        "id": "/subscriptions/da1d7b9a-a759-41c8-bb73-093a1818e03a/resourceGroups/adf-rg-greeplum-3246",
        "name": "adf-rg-greeplum-3246",
        "type": "Microsoft.Resources/resourceGroups",
        "location": "westus2",
        "properties": {
          "provisioningState": "Succeeded"
        }
      }
    },
    {
      "RequestUri": "https://management.azure.com/subscriptions/da1d7b9a-a759-41c8-bb73-093a1818e03a/resourceGroups/adf-rg-greeplum-3246/providers/Microsoft.DataFactory/factories/adf-greeplum-3768?api-version=2018-06-01",
      "RequestMethod": "PUT",
      "RequestHeaders": {
        "Accept": "application/json",
        "Authorization": "Sanitized",
        "Content-Length": "48",
        "Content-Type": "application/json",
        "traceparent": "00-fc8561143cf17461039e370066d43fb9-64b3535ae180b7c4-00",
        "User-Agent": "azsdk-net-ResourceManager.DataFactory/1.0.0-alpha.20231121.1 (.NET 7.0.14; Microsoft Windows 10.0.22621)",
        "x-ms-client-request-id": "a91a32c6c516314673b1d86e89820fb6",
        "x-ms-return-client-request-id": "true"
      },
      "RequestBody": {
        "location": "westus2",
        "properties": {}
      },
      "StatusCode": 200,
      "ResponseHeaders": {
        "Cache-Control": "no-cache",
        "Content-Length": "469",
        "Content-Type": "application/json; charset=utf-8",
        "Date": "Tue, 21 Nov 2023 07:50:25 GMT",
        "Expires": "-1",
        "Pragma": "no-cache",
        "Strict-Transport-Security": "max-age=31536000; includeSubDomains",
        "X-Cache": "CONFIG_NOCACHE",
        "X-Content-Type-Options": "nosniff",
        "x-ms-correlation-request-id": "8e915cb7-1544-4db2-9ddd-1be8c6a1959f",
        "x-ms-ratelimit-remaining-subscription-writes": "1191",
        "x-ms-request-id": "8e915cb7-1544-4db2-9ddd-1be8c6a1959f",
        "x-ms-routing-request-id": "JAPANWEST:20231121T075026Z:8e915cb7-1544-4db2-9ddd-1be8c6a1959f",
        "X-MSEdge-Ref": "Ref A: F8EA0304B9684A0AB8E71955995CC1DE Ref B: TYO201100117007 Ref C: 2023-11-21T07:50:24Z"
      },
      "ResponseBody": {
        "name": "adf-greeplum-3768",
        "id": "/subscriptions/da1d7b9a-a759-41c8-bb73-093a1818e03a/resourceGroups/adf-rg-greeplum-3246/providers/Microsoft.DataFactory/factories/adf-greeplum-3768",
        "type": "Microsoft.DataFactory/factories",
        "properties": {
          "provisioningState": "Succeeded",
          "createTime": "2023-11-21T07:50:25.9761817Z",
          "version": "2018-06-01"
        },
        "eTag": "\u00224104c659-0000-0800-0000-655c61420000\u0022",
        "location": "westus2",
        "tags": {}
      }
    },
    {
      "RequestUri": "https://management.azure.com/subscriptions/da1d7b9a-a759-41c8-bb73-093a1818e03a/resourceGroups/adf-rg-greeplum-3246/providers/Microsoft.DataFactory/factories/adf-greeplum-3768/integrationRuntimes/adf-integrationRuntime-3740?api-version=2018-06-01",
      "RequestMethod": "PUT",
      "RequestHeaders": {
        "Accept": "application/json",
        "Authorization": "Sanitized",
        "Content-Length": "172",
        "Content-Type": "application/json",
        "traceparent": "00-e4ae0186d7231844d5aff3abaacd81c6-1d36af78ae31b888-00",
        "User-Agent": "azsdk-net-ResourceManager.DataFactory/1.0.0-alpha.20231121.1 (.NET 7.0.14; Microsoft Windows 10.0.22621)",
        "x-ms-client-request-id": "3349c1a4ff211cd28aa6a6040cc799dd",
        "x-ms-return-client-request-id": "true"
      },
      "RequestBody": {
        "properties": {
          "type": "Managed",
          "typeProperties": {
            "computeProperties": {
              "location": "eastus2",
              "dataFlowProperties": {
                "computeType": "General",
                "coreCount": 4,
                "timeToLive": 10
              }
            }
          }
        }
      },
      "StatusCode": 200,
      "ResponseHeaders": {
        "Cache-Control": "no-cache",
        "Content-Length": "640",
        "Content-Type": "application/json; charset=utf-8",
        "Date": "Tue, 21 Nov 2023 07:50:26 GMT",
        "Expires": "-1",
        "Pragma": "no-cache",
        "Strict-Transport-Security": "max-age=31536000; includeSubDomains",
        "X-Cache": "CONFIG_NOCACHE",
        "X-Content-Type-Options": "nosniff",
        "x-ms-correlation-request-id": "a7ad800e-3cfe-4923-ada9-80b2b14ab474",
        "x-ms-ratelimit-remaining-subscription-writes": "1186",
        "x-ms-request-id": "a7ad800e-3cfe-4923-ada9-80b2b14ab474",
        "x-ms-routing-request-id": "JAPANWEST:20231121T075027Z:a7ad800e-3cfe-4923-ada9-80b2b14ab474",
        "X-MSEdge-Ref": "Ref A: 4DB5087CE91A4707A229A5C07FFAB81F Ref B: TYO201100117007 Ref C: 2023-11-21T07:50:26Z"
      },
      "ResponseBody": {
        "id": "/subscriptions/da1d7b9a-a759-41c8-bb73-093a1818e03a/resourceGroups/adf-rg-greeplum-3246/providers/Microsoft.DataFactory/factories/adf-greeplum-3768/integrationruntimes/adf-integrationRuntime-3740",
        "name": "adf-integrationRuntime-3740",
        "type": "Microsoft.DataFactory/factories/integrationruntimes",
        "properties": {
          "type": "Managed",
          "typeProperties": {
            "computeProperties": {
              "location": "eastus2",
              "dataFlowProperties": {
                "computeType": "General",
                "coreCount": 4,
                "timeToLive": 10
              }
            }
          }
        },
        "etag": "0a00100c-0000-0800-0000-655c61430000"
      }
    },
    {
      "RequestUri": "https://management.azure.com/subscriptions/da1d7b9a-a759-41c8-bb73-093a1818e03a/resourceGroups/adf-rg-greeplum-3246/providers/Microsoft.DataFactory/factories/adf-greeplum-3768/linkedservices/adf_linkedservice_akv_9203?api-version=2018-06-01",
      "RequestMethod": "PUT",
      "RequestHeaders": {
        "Accept": "application/json",
        "Authorization": "Sanitized",
        "Content-Length": "100",
        "Content-Type": "application/json",
        "traceparent": "00-eaca1818ec1439cf8e5de8a83cb80bd4-db38a7e967564d3f-00",
        "User-Agent": "azsdk-net-ResourceManager.DataFactory/1.0.0-alpha.20231121.1 (.NET 7.0.14; Microsoft Windows 10.0.22621)",
        "x-ms-client-request-id": "1f1b7aab66858519dcbed622ce11f18c",
        "x-ms-return-client-request-id": "true"
      },
      "RequestBody": {
        "properties": {
          "type": "AzureKeyVault",
          "typeProperties": {
            "baseUrl": "https://Test.vault.azure.net/"
          }
        }
      },
      "StatusCode": 200,
      "ResponseHeaders": {
        "Cache-Control": "no-cache",
        "Content-Length": "484",
        "Content-Type": "application/json; charset=utf-8",
        "Date": "Tue, 21 Nov 2023 07:50:27 GMT",
        "Expires": "-1",
        "Pragma": "no-cache",
        "Strict-Transport-Security": "max-age=31536000; includeSubDomains",
        "X-Cache": "CONFIG_NOCACHE",
        "X-Content-Type-Options": "nosniff",
        "x-ms-correlation-request-id": "29ac30ba-f555-4294-8e07-356e60e905c3",
        "x-ms-ratelimit-remaining-subscription-writes": "1191",
        "x-ms-request-id": "29ac30ba-f555-4294-8e07-356e60e905c3",
        "x-ms-routing-request-id": "JAPANWEST:20231121T075028Z:29ac30ba-f555-4294-8e07-356e60e905c3",
        "X-MSEdge-Ref": "Ref A: D1CCFCAE26F040428EC6E256224EE6C3 Ref B: TYO201100117007 Ref C: 2023-11-21T07:50:27Z"
      },
      "ResponseBody": {
        "id": "/subscriptions/da1d7b9a-a759-41c8-bb73-093a1818e03a/resourceGroups/adf-rg-greeplum-3246/providers/Microsoft.DataFactory/factories/adf-greeplum-3768/linkedservices/adf_linkedservice_akv_9203",
        "name": "adf_linkedservice_akv_9203",
        "type": "Microsoft.DataFactory/factories/linkedservices",
        "properties": {
          "type": "AzureKeyVault",
          "typeProperties": {
            "baseUrl": "https://Test.vault.azure.net/"
          }
        },
        "etag": "0a00120c-0000-0800-0000-655c61440000"
      }
    },
    {
      "RequestUri": "https://management.azure.com/subscriptions/da1d7b9a-a759-41c8-bb73-093a1818e03a/resourceGroups/adf-rg-greeplum-3246/providers/Microsoft.DataFactory/factories/adf-greeplum-3768/linkedservices/adf_linkedservice_greeplum_5164?api-version=2018-06-01",
      "RequestMethod": "PUT",
      "RequestHeaders": {
        "Accept": "application/json",
        "Authorization": "Sanitized",
        "Content-Length": "85",
        "Content-Type": "application/json",
        "traceparent": "00-eee873c682f25211af45ad197eb61f81-28ef7b7d2201e63f-00",
        "User-Agent": "azsdk-net-ResourceManager.DataFactory/1.0.0-alpha.20231121.1 (.NET 7.0.14; Microsoft Windows 10.0.22621)",
        "x-ms-client-request-id": "16457fe433a58c478c1e9f2c66e93f91",
        "x-ms-return-client-request-id": "true"
      },
      "RequestBody": {
        "properties": {
          "type": "Greenplum",
          "typeProperties": {
            "connectionString": "Sanitized"
          }
        }
      },
      "StatusCode": 200,
      "ResponseHeaders": {
        "Cache-Control": "no-cache",
        "Content-Length": "430",
        "Content-Type": "application/json; charset=utf-8",
        "Date": "Tue, 21 Nov 2023 07:50:28 GMT",
        "Expires": "-1",
        "Pragma": "no-cache",
        "Strict-Transport-Security": "max-age=31536000; includeSubDomains",
        "X-Cache": "CONFIG_NOCACHE",
        "X-Content-Type-Options": "nosniff",
        "x-ms-correlation-request-id": "ab7087f5-9097-46c7-a76f-b25bc1b6caaa",
        "x-ms-ratelimit-remaining-subscription-writes": "1189",
        "x-ms-request-id": "ab7087f5-9097-46c7-a76f-b25bc1b6caaa",
        "x-ms-routing-request-id": "JAPANWEST:20231121T075028Z:ab7087f5-9097-46c7-a76f-b25bc1b6caaa",
        "X-MSEdge-Ref": "Ref A: A6B4AF561AA44818BEBDAE35F93E4CB7 Ref B: TYO201100117007 Ref C: 2023-11-21T07:50:28Z"
      },
      "ResponseBody": {
        "id": "/subscriptions/da1d7b9a-a759-41c8-bb73-093a1818e03a/resourceGroups/adf-rg-greeplum-3246/providers/Microsoft.DataFactory/factories/adf-greeplum-3768/linkedservices/adf_linkedservice_greeplum_5164",
        "name": "adf_linkedservice_greeplum_5164",
        "type": "Microsoft.DataFactory/factories/linkedservices",
        "properties": {
          "type": "Greenplum",
          "typeProperties": {
            "connectionString": "Sanitized"
          }
        },
        "etag": "0a00140c-0000-0800-0000-655c61440000"
      }
    }
  ],
  "Variables": {
    "AZURE_AUTHORITY_HOST": null,
    "RandomSeed": "1935812102",
    "RESOURCE_MANAGER_URL": null,
    "SUBSCRIPTION_ID": "da1d7b9a-a759-41c8-bb73-093a1818e03a"
  }
}
