{
  "Entries": [
    {
      "RequestUri": "https://management.azure.com/subscriptions/da1d7b9a-a759-41c8-bb73-093a1818e03a?api-version=2022-12-01",
      "RequestMethod": "GET",
      "RequestHeaders": {
        "Accept": "application/json",
        "Authorization": "Sanitized",
        "traceparent": "00-e1a00584db7ad8fee4e2e8041b0585a3-7394838f0f300abd-00",
        "User-Agent": "azsdk-net-ResourceManager/1.9.0 (.NET 7.0.14; Microsoft Windows 10.0.22621)",
        "x-ms-client-request-id": "4df0a8379c924ba27755ebffbda1ca59",
        "x-ms-return-client-request-id": "true"
      },
      "RequestBody": null,
      "StatusCode": 200,
      "ResponseHeaders": {
        "Cache-Control": "no-cache",
        "Content-Length": "501",
        "Content-Type": "application/json; charset=utf-8",
        "Date": "Thu, 23 Nov 2023 10:48:28 GMT",
        "Expires": "-1",
        "Pragma": "no-cache",
        "Strict-Transport-Security": "max-age=31536000; includeSubDomains",
        "X-Content-Type-Options": "nosniff",
        "x-ms-correlation-request-id": "7a7620f3-1b0a-41fa-b845-d5bc1214d19a",
        "x-ms-ratelimit-remaining-subscription-reads": "11515",
        "x-ms-request-id": "7a7620f3-1b0a-41fa-b845-d5bc1214d19a",
        "x-ms-routing-request-id": "EASTUS:20231123T104828Z:7a7620f3-1b0a-41fa-b845-d5bc1214d19a"
      },
      "ResponseBody": {
        "id": "/subscriptions/da1d7b9a-a759-41c8-bb73-093a1818e03a",
        "authorizationSource": "RoleBased",
        "managedByTenants": [
          {
            "tenantId": "2f4a9838-26b7-47ee-be60-ccc1fdec5953"
          }
        ],
        "tags": {
          "NRMS10318670": "20220720"
        },
        "subscriptionId": "da1d7b9a-a759-41c8-bb73-093a1818e03a",
        "tenantId": "72f988bf-86f1-41af-91ab-2d7cd011db47",
        "displayName": "ADMS_Test_Engineering_RichTransform",
        "state": "Enabled",
        "subscriptionPolicies": {
          "locationPlacementId": "Internal_2014-09-01",
          "quotaId": "Internal_2014-09-01",
          "spendingLimit": "Off"
        }
      }
    },
    {
      "RequestUri": "https://management.azure.com/subscriptions/da1d7b9a-a759-41c8-bb73-093a1818e03a/resourcegroups/adf-rg-salesforce-9334?api-version=2022-09-01",
      "RequestMethod": "PUT",
      "RequestHeaders": {
        "Accept": "application/json",
        "Authorization": "Sanitized",
        "Content-Length": "22",
        "Content-Type": "application/json",
        "traceparent": "00-da72462ae9fbcccfc0f52f64bedfa9ea-0a150ef696f47d67-00",
        "User-Agent": "azsdk-net-ResourceManager/1.9.0 (.NET 7.0.14; Microsoft Windows 10.0.22621)",
        "x-ms-client-request-id": "6a265c8ef80fa96a2c2762d44f1880d7",
        "x-ms-return-client-request-id": "true"
      },
      "RequestBody": {
        "location": "westus2"
      },
      "StatusCode": 201,
      "ResponseHeaders": {
        "Cache-Control": "no-cache",
        "Content-Length": "242",
        "Content-Type": "application/json; charset=utf-8",
        "Date": "Thu, 23 Nov 2023 10:48:28 GMT",
        "Expires": "-1",
        "Pragma": "no-cache",
        "Strict-Transport-Security": "max-age=31536000; includeSubDomains",
        "X-Content-Type-Options": "nosniff",
        "x-ms-correlation-request-id": "eeef51ac-8309-4a08-93ab-b9028b478453",
        "x-ms-ratelimit-remaining-subscription-writes": "1053",
        "x-ms-request-id": "eeef51ac-8309-4a08-93ab-b9028b478453",
        "x-ms-routing-request-id": "EASTUS:20231123T104829Z:eeef51ac-8309-4a08-93ab-b9028b478453"
      },
      "ResponseBody": {
        "id": "/subscriptions/da1d7b9a-a759-41c8-bb73-093a1818e03a/resourceGroups/adf-rg-salesforce-9334",
        "name": "adf-rg-salesforce-9334",
        "type": "Microsoft.Resources/resourceGroups",
        "location": "westus2",
        "properties": {
          "provisioningState": "Succeeded"
        }
      }
    },
    {
      "RequestUri": "https://management.azure.com/subscriptions/da1d7b9a-a759-41c8-bb73-093a1818e03a/resourceGroups/adf-rg-salesforce-9334/providers/Microsoft.DataFactory/factories/adf-salesforce-6462?api-version=2018-06-01",
      "RequestMethod": "PUT",
      "RequestHeaders": {
        "Accept": "application/json",
        "Authorization": "Sanitized",
        "Content-Length": "48",
        "Content-Type": "application/json",
        "traceparent": "00-2ebdaea33d3ca14a5c22befd079bfd77-f0a2fe0ebb996140-00",
        "User-Agent": "azsdk-net-ResourceManager.DataFactory/1.0.0-alpha.20231123.1 (.NET 7.0.14; Microsoft Windows 10.0.22621)",
        "x-ms-client-request-id": "084396fdea99202d72db1b0e825bd9f2",
        "x-ms-return-client-request-id": "true"
      },
      "RequestBody": {
        "tags": {},
        "location": "westus2",
        "properties": {}
      },
      "StatusCode": 200,
      "ResponseHeaders": {
        "Cache-Control": "no-cache",
        "Content-Length": "474",
        "Content-Type": "application/json; charset=utf-8",
        "Date": "Thu, 23 Nov 2023 10:48:29 GMT",
        "Expires": "-1",
        "Pragma": "no-cache",
        "Server": "Kestrel",
        "Strict-Transport-Security": "max-age=31536000; includeSubDomains",
        "X-Content-Type-Options": "nosniff",
        "x-ms-correlation-request-id": "030bc3e6-416b-431e-8dfe-0ff0184e398a",
        "x-ms-ratelimit-remaining-subscription-writes": "1052",
        "x-ms-request-id": "030bc3e6-416b-431e-8dfe-0ff0184e398a",
        "x-ms-routing-request-id": "EASTUS:20231123T104830Z:030bc3e6-416b-431e-8dfe-0ff0184e398a"
      },
      "ResponseBody": {
        "name": "adf-salesforce-6462",
        "id": "/subscriptions/da1d7b9a-a759-41c8-bb73-093a1818e03a/resourceGroups/adf-rg-salesforce-9334/providers/Microsoft.DataFactory/factories/adf-salesforce-6462",
        "type": "Microsoft.DataFactory/factories",
        "properties": {
          "provisioningState": "Succeeded",
          "createTime": "2023-11-23T10:48:30.300224Z",
          "version": "2018-06-01"
        },
        "eTag": "\u00229f04d1df-0000-0800-0000-655f2dfe0000\u0022",
        "location": "westus2",
        "tags": {}
      }
    },
    {
      "RequestUri": "https://management.azure.com/subscriptions/da1d7b9a-a759-41c8-bb73-093a1818e03a/resourceGroups/adf-rg-salesforce-9334/providers/Microsoft.DataFactory/factories/adf-salesforce-6462/integrationRuntimes/adf-integrationRuntime-9273?api-version=2018-06-01",
      "RequestMethod": "PUT",
      "RequestHeaders": {
        "Accept": "application/json",
        "Authorization": "Sanitized",
        "Content-Length": "172",
        "Content-Type": "application/json",
        "traceparent": "00-7bdb0e554df199f1d6cb0fb529d1c732-4f2b2a20967c4456-00",
        "User-Agent": "azsdk-net-ResourceManager.DataFactory/1.0.0-alpha.20231123.1 (.NET 7.0.14; Microsoft Windows 10.0.22621)",
        "x-ms-client-request-id": "0f05bb293fe3463d216b3acefb5ed414",
        "x-ms-return-client-request-id": "true"
      },
      "RequestBody": {
        "properties": {
          "type": "Managed",
          "typeProperties": {
            "computeProperties": {
              "location": "eastus2",
              "dataFlowProperties": {
                "computeType": "General",
                "coreCount": 4,
                "timeToLive": 10
              }
            }
          }
        }
      },
      "StatusCode": 200,
      "ResponseHeaders": {
        "Cache-Control": "no-cache",
        "Content-Length": "644",
        "Content-Type": "application/json; charset=utf-8",
        "Date": "Thu, 23 Nov 2023 10:48:30 GMT",
        "Expires": "-1",
        "Pragma": "no-cache",
        "Server": "Kestrel",
        "Strict-Transport-Security": "max-age=31536000; includeSubDomains",
        "X-Content-Type-Options": "nosniff",
        "x-ms-correlation-request-id": "e09cb0ad-dc7c-4861-a86d-02e3ab8e6ad1",
        "x-ms-ratelimit-remaining-subscription-writes": "1051",
        "x-ms-request-id": "e09cb0ad-dc7c-4861-a86d-02e3ab8e6ad1",
        "x-ms-routing-request-id": "EASTUS:20231123T104830Z:e09cb0ad-dc7c-4861-a86d-02e3ab8e6ad1"
      },
      "ResponseBody": {
        "id": "/subscriptions/da1d7b9a-a759-41c8-bb73-093a1818e03a/resourceGroups/adf-rg-salesforce-9334/providers/Microsoft.DataFactory/factories/adf-salesforce-6462/integrationruntimes/adf-integrationRuntime-9273",
        "name": "adf-integrationRuntime-9273",
        "type": "Microsoft.DataFactory/factories/integrationruntimes",
        "properties": {
          "type": "Managed",
          "typeProperties": {
            "computeProperties": {
              "location": "eastus2",
              "dataFlowProperties": {
                "computeType": "General",
                "coreCount": 4,
                "timeToLive": 10
              }
            }
          }
        },
        "etag": "c200560b-0000-0800-0000-655f2dfe0000"
      }
    },
    {
      "RequestUri": "https://management.azure.com/subscriptions/da1d7b9a-a759-41c8-bb73-093a1818e03a/resourceGroups/adf-rg-salesforce-9334/providers/Microsoft.DataFactory/factories/adf-salesforce-6462/linkedservices/adf_linkedservice_akv_7421?api-version=2018-06-01",
      "RequestMethod": "PUT",
      "RequestHeaders": {
        "Accept": "application/json",
        "Authorization": "Sanitized",
        "Content-Length": "100",
        "Content-Type": "application/json",
        "traceparent": "00-412c3ded62555ff52a9eac226a876f79-4e14865a877bc1d3-00",
        "User-Agent": "azsdk-net-ResourceManager.DataFactory/1.0.0-alpha.20231123.1 (.NET 7.0.14; Microsoft Windows 10.0.22621)",
        "x-ms-client-request-id": "f551860bf9729d491c4f9aa9cc88e14d",
        "x-ms-return-client-request-id": "true"
      },
      "RequestBody": {
        "properties": {
          "type": "AzureKeyVault",
          "typeProperties": {
            "baseUrl": "https://Test.vault.azure.net/"
          }
        }
      },
      "StatusCode": 200,
      "ResponseHeaders": {
        "Cache-Control": "no-cache",
        "Content-Length": "488",
        "Content-Type": "application/json; charset=utf-8",
        "Date": "Thu, 23 Nov 2023 10:48:30 GMT",
        "Expires": "-1",
        "Pragma": "no-cache",
        "Server": "Kestrel",
        "Strict-Transport-Security": "max-age=31536000; includeSubDomains",
        "X-Content-Type-Options": "nosniff",
        "x-ms-correlation-request-id": "42e99cee-9f94-42ea-a981-6181f9c3d54b",
        "x-ms-ratelimit-remaining-subscription-writes": "1050",
        "x-ms-request-id": "42e99cee-9f94-42ea-a981-6181f9c3d54b",
        "x-ms-routing-request-id": "EASTUS:20231123T104831Z:42e99cee-9f94-42ea-a981-6181f9c3d54b"
      },
      "ResponseBody": {
        "id": "/subscriptions/da1d7b9a-a759-41c8-bb73-093a1818e03a/resourceGroups/adf-rg-salesforce-9334/providers/Microsoft.DataFactory/factories/adf-salesforce-6462/linkedservices/adf_linkedservice_akv_7421",
        "name": "adf_linkedservice_akv_7421",
        "type": "Microsoft.DataFactory/factories/linkedservices",
        "properties": {
          "type": "AzureKeyVault",
          "typeProperties": {
            "baseUrl": "https://Test.vault.azure.net/"
          }
        },
        "etag": "c2005b0b-0000-0800-0000-655f2dff0000"
      }
    },
    {
      "RequestUri": "https://management.azure.com/subscriptions/da1d7b9a-a759-41c8-bb73-093a1818e03a/resourceGroups/adf-rg-salesforce-9334/providers/Microsoft.DataFactory/factories/adf-salesforce-6462/linkedservices/adf_linkedservice_salesforce_6156?api-version=2018-06-01",
      "RequestMethod": "PUT",
      "RequestHeaders": {
        "Accept": "application/json",
        "Authorization": "Sanitized",
        "Content-Length": "268",
        "Content-Type": "application/json",
        "traceparent": "00-c85c388602a745b7d58dc4e994432cca-a4fd5bcaaec26fcd-00",
        "User-Agent": "azsdk-net-ResourceManager.DataFactory/1.0.0-alpha.20231123.1 (.NET 7.0.14; Microsoft Windows 10.0.22621)",
        "x-ms-client-request-id": "85d1c5ef561ac106787ef251767c46fa",
        "x-ms-return-client-request-id": "true"
      },
      "RequestBody": {
        "properties": {
          "type": "Salesforce",
          "description": "test description",
          "typeProperties": {
            "environmentUrl": "Uri",
            "username": "admin",
            "password": {
              "value": "fakepassword",
              "type": "SecureString"
            },
            "securityToken": {
              "value": "fakeToken",
              "type": "SecureString"
            },
            "apiVersion": "27.0"
          }
        }
      },
      "StatusCode": 200,
      "ResponseHeaders": {
        "Cache-Control": "no-cache",
        "Content-Length": "879",
        "Content-Type": "application/json; charset=utf-8",
        "Date": "Thu, 23 Nov 2023 10:48:31 GMT",
        "Expires": "-1",
        "Pragma": "no-cache",
        "Server": "Kestrel",
        "Strict-Transport-Security": "max-age=31536000; includeSubDomains",
        "X-Content-Type-Options": "nosniff",
        "x-ms-correlation-request-id": "02310875-a864-4d7a-80c8-4ce822ebe337",
        "x-ms-ratelimit-remaining-subscription-writes": "1049",
        "x-ms-request-id": "02310875-a864-4d7a-80c8-4ce822ebe337",
        "x-ms-routing-request-id": "EASTUS:20231123T104831Z:02310875-a864-4d7a-80c8-4ce822ebe337"
      },
      "ResponseBody": {
        "id": "/subscriptions/da1d7b9a-a759-41c8-bb73-093a1818e03a/resourceGroups/adf-rg-salesforce-9334/providers/Microsoft.DataFactory/factories/adf-salesforce-6462/linkedservices/adf_linkedservice_salesforce_6156",
        "name": "adf_linkedservice_salesforce_6156",
        "type": "Microsoft.DataFactory/factories/linkedservices",
        "properties": {
          "type": "Salesforce",
          "description": "test description",
          "typeProperties": {
            "environmentUrl": "Uri",
            "username": "admin",
            "apiVersion": "27.0",
            "encryptedCredential": "ew0KICAiVmVyc2lvbiI6ICIyMDE3LTExLTMwIiwNCiAgIlByb3RlY3Rpb25Nb2RlIjogIktleSIsDQogICJTZWNyZXRDb250ZW50VHlwZSI6ICJQbGFpbnRleHQiLA0KICAiQ3JlZGVudGlhbElkIjogIkRBVEFGQUNUT1JZQDg1OTI3ODYxLTVDNTQtNEU4NS1BRUE5LUE4ODJEQjAxMTdEM182OTA3OWMyNS05N2U0LTQ4MTgtOGJlNS05MDQwMzlmMjE5OGYiDQp9"
          }
        },
        "etag": "c2005e0b-0000-0800-0000-655f2dff0000"
      }
    }
  ],
  "Variables": {
    "AZURE_AUTHORITY_HOST": null,
    "RandomSeed": "2035845644",
    "RESOURCE_MANAGER_URL": null,
    "SUBSCRIPTION_ID": "da1d7b9a-a759-41c8-bb73-093a1818e03a"
  }
}
