{
  "Entries": [
    {
      "RequestUri": "https://management.azure.com/subscriptions/da1d7b9a-a759-41c8-bb73-093a1818e03a?api-version=2022-12-01",
      "RequestMethod": "GET",
      "RequestHeaders": {
        "Accept": "application/json",
        "Authorization": "Sanitized",
        "traceparent": "00-aa9a0b1d931d865b33c60735d0c352c8-cb4a96280c1ea1b5-00",
        "User-Agent": "azsdk-net-ResourceManager/1.9.0 (.NET 7.0.14; Microsoft Windows 10.0.22621)",
        "x-ms-client-request-id": "ff86b63f4c79af4c97ba2751a40f1767",
        "x-ms-return-client-request-id": "true"
      },
      "RequestBody": null,
      "StatusCode": 200,
      "ResponseHeaders": {
        "Cache-Control": "no-cache",
        "Content-Length": "501",
        "Content-Type": "application/json; charset=utf-8",
        "Date": "Thu, 23 Nov 2023 10:48:59 GMT",
        "Expires": "-1",
        "Pragma": "no-cache",
        "Strict-Transport-Security": "max-age=31536000; includeSubDomains",
        "X-Content-Type-Options": "nosniff",
        "x-ms-correlation-request-id": "cba47bc5-71d2-4a4c-89c5-757c1340608d",
        "x-ms-ratelimit-remaining-subscription-reads": "11509",
        "x-ms-request-id": "cba47bc5-71d2-4a4c-89c5-757c1340608d",
        "x-ms-routing-request-id": "EASTUS:20231123T104900Z:cba47bc5-71d2-4a4c-89c5-757c1340608d"
      },
      "ResponseBody": {
        "id": "/subscriptions/da1d7b9a-a759-41c8-bb73-093a1818e03a",
        "authorizationSource": "RoleBased",
        "managedByTenants": [
          {
            "tenantId": "2f4a9838-26b7-47ee-be60-ccc1fdec5953"
          }
        ],
        "tags": {
          "NRMS10318670": "20220720"
        },
        "subscriptionId": "da1d7b9a-a759-41c8-bb73-093a1818e03a",
        "tenantId": "72f988bf-86f1-41af-91ab-2d7cd011db47",
        "displayName": "ADMS_Test_Engineering_RichTransform",
        "state": "Enabled",
        "subscriptionPolicies": {
          "locationPlacementId": "Internal_2014-09-01",
          "quotaId": "Internal_2014-09-01",
          "spendingLimit": "Off"
        }
      }
    },
    {
      "RequestUri": "https://management.azure.com/subscriptions/da1d7b9a-a759-41c8-bb73-093a1818e03a/resourcegroups/adf-rg-sap-5180?api-version=2022-09-01",
      "RequestMethod": "PUT",
      "RequestHeaders": {
        "Accept": "application/json",
        "Authorization": "Sanitized",
        "Content-Length": "22",
        "Content-Type": "application/json",
        "traceparent": "00-581a233447cae3866878b770f8933692-fcae46d5c9f97fc9-00",
        "User-Agent": "azsdk-net-ResourceManager/1.9.0 (.NET 7.0.14; Microsoft Windows 10.0.22621)",
        "x-ms-client-request-id": "32cd25a1ad5aac4ea0ee6c09209aa0f8",
        "x-ms-return-client-request-id": "true"
      },
      "RequestBody": {
        "location": "westus2"
      },
      "StatusCode": 201,
      "ResponseHeaders": {
        "Cache-Control": "no-cache",
        "Content-Length": "228",
        "Content-Type": "application/json; charset=utf-8",
        "Date": "Thu, 23 Nov 2023 10:48:59 GMT",
        "Expires": "-1",
        "Pragma": "no-cache",
        "Strict-Transport-Security": "max-age=31536000; includeSubDomains",
        "X-Content-Type-Options": "nosniff",
        "x-ms-correlation-request-id": "fade7dda-300b-453c-9f73-7551deea292c",
        "x-ms-ratelimit-remaining-subscription-writes": "1023",
        "x-ms-request-id": "fade7dda-300b-453c-9f73-7551deea292c",
        "x-ms-routing-request-id": "EASTUS:20231123T104900Z:fade7dda-300b-453c-9f73-7551deea292c"
      },
      "ResponseBody": {
        "id": "/subscriptions/da1d7b9a-a759-41c8-bb73-093a1818e03a/resourceGroups/adf-rg-sap-5180",
        "name": "adf-rg-sap-5180",
        "type": "Microsoft.Resources/resourceGroups",
        "location": "westus2",
        "properties": {
          "provisioningState": "Succeeded"
        }
      }
    },
    {
      "RequestUri": "https://management.azure.com/subscriptions/da1d7b9a-a759-41c8-bb73-093a1818e03a/resourceGroups/adf-rg-sap-5180/providers/Microsoft.DataFactory/factories/adf-sap-4885?api-version=2018-06-01",
      "RequestMethod": "PUT",
      "RequestHeaders": {
        "Accept": "application/json",
        "Authorization": "Sanitized",
        "Content-Length": "48",
        "Content-Type": "application/json",
        "traceparent": "00-c3006b9a29177d5ad250ec2038cdb922-bc0f04862423cd03-00",
        "User-Agent": "azsdk-net-ResourceManager.DataFactory/1.0.0-alpha.20231123.1 (.NET 7.0.14; Microsoft Windows 10.0.22621)",
        "x-ms-client-request-id": "8979948c75f33f0dc59c99515f7a8d3c",
        "x-ms-return-client-request-id": "true"
      },
      "RequestBody": {
        "tags": {},
        "location": "westus2",
        "properties": {}
      },
      "StatusCode": 200,
      "ResponseHeaders": {
        "Cache-Control": "no-cache",
        "Content-Length": "453",
        "Content-Type": "application/json; charset=utf-8",
        "Date": "Thu, 23 Nov 2023 10:49:02 GMT",
        "Expires": "-1",
        "Pragma": "no-cache",
        "Server": "Kestrel",
        "Strict-Transport-Security": "max-age=31536000; includeSubDomains",
        "X-Content-Type-Options": "nosniff",
        "x-ms-correlation-request-id": "68fde5b1-d792-40a2-8983-6389ee19965a",
        "x-ms-ratelimit-remaining-subscription-writes": "1022",
        "x-ms-request-id": "68fde5b1-d792-40a2-8983-6389ee19965a",
        "x-ms-routing-request-id": "EASTUS:20231123T104903Z:68fde5b1-d792-40a2-8983-6389ee19965a"
      },
      "ResponseBody": {
        "name": "adf-sap-4885",
        "id": "/subscriptions/da1d7b9a-a759-41c8-bb73-093a1818e03a/resourceGroups/adf-rg-sap-5180/providers/Microsoft.DataFactory/factories/adf-sap-4885",
        "type": "Microsoft.DataFactory/factories",
        "properties": {
          "provisioningState": "Succeeded",
          "createTime": "2023-11-23T10:49:02.931698Z",
          "version": "2018-06-01"
        },
        "eTag": "\u00229f04b8e3-0000-0800-0000-655f2e1e0000\u0022",
        "location": "westus2",
        "tags": {}
      }
    },
    {
      "RequestUri": "https://management.azure.com/subscriptions/da1d7b9a-a759-41c8-bb73-093a1818e03a/resourceGroups/adf-rg-sap-5180/providers/Microsoft.DataFactory/factories/adf-sap-4885/integrationRuntimes/adf-integrationRuntime-7371?api-version=2018-06-01",
      "RequestMethod": "PUT",
      "RequestHeaders": {
        "Accept": "application/json",
        "Authorization": "Sanitized",
        "Content-Length": "172",
        "Content-Type": "application/json",
        "traceparent": "00-ac0c7d68e4d29dbd7ba9ace9331007dc-7e38c8d7ffabcb82-00",
        "User-Agent": "azsdk-net-ResourceManager.DataFactory/1.0.0-alpha.20231123.1 (.NET 7.0.14; Microsoft Windows 10.0.22621)",
        "x-ms-client-request-id": "d687f24b9205da685f8ae0438efc192f",
        "x-ms-return-client-request-id": "true"
      },
      "RequestBody": {
        "properties": {
          "type": "Managed",
          "typeProperties": {
            "computeProperties": {
              "location": "eastus2",
              "dataFlowProperties": {
                "computeType": "General",
                "coreCount": 4,
                "timeToLive": 10
              }
            }
          }
        }
      },
      "StatusCode": 200,
      "ResponseHeaders": {
        "Cache-Control": "no-cache",
        "Content-Length": "630",
        "Content-Type": "application/json; charset=utf-8",
        "Date": "Thu, 23 Nov 2023 10:49:03 GMT",
        "Expires": "-1",
        "Pragma": "no-cache",
        "Server": "Kestrel",
        "Strict-Transport-Security": "max-age=31536000; includeSubDomains",
        "X-Content-Type-Options": "nosniff",
        "x-ms-correlation-request-id": "d830c65a-e2a4-4e0d-a477-544cce83cb15",
        "x-ms-ratelimit-remaining-subscription-writes": "1021",
        "x-ms-request-id": "d830c65a-e2a4-4e0d-a477-544cce83cb15",
        "x-ms-routing-request-id": "EASTUS:20231123T104904Z:d830c65a-e2a4-4e0d-a477-544cce83cb15"
      },
      "ResponseBody": {
        "id": "/subscriptions/da1d7b9a-a759-41c8-bb73-093a1818e03a/resourceGroups/adf-rg-sap-5180/providers/Microsoft.DataFactory/factories/adf-sap-4885/integrationruntimes/adf-integrationRuntime-7371",
        "name": "adf-integrationRuntime-7371",
        "type": "Microsoft.DataFactory/factories/integrationruntimes",
        "properties": {
          "type": "Managed",
          "typeProperties": {
            "computeProperties": {
              "location": "eastus2",
              "dataFlowProperties": {
                "computeType": "General",
                "coreCount": 4,
                "timeToLive": 10
              }
            }
          }
        },
        "etag": "04003f07-0000-0800-0000-655f2e1f0000"
      }
    },
    {
      "RequestUri": "https://management.azure.com/subscriptions/da1d7b9a-a759-41c8-bb73-093a1818e03a/resourceGroups/adf-rg-sap-5180/providers/Microsoft.DataFactory/factories/adf-sap-4885/linkedservices/adf_linkedservice_akv_1323?api-version=2018-06-01",
      "RequestMethod": "PUT",
      "RequestHeaders": {
        "Accept": "application/json",
        "Authorization": "Sanitized",
        "Content-Length": "100",
        "Content-Type": "application/json",
        "traceparent": "00-b8e71976468c8ab037bef60fd0ade12c-c1cdbb1c2f7a2f53-00",
        "User-Agent": "azsdk-net-ResourceManager.DataFactory/1.0.0-alpha.20231123.1 (.NET 7.0.14; Microsoft Windows 10.0.22621)",
        "x-ms-client-request-id": "adde9d7abfaf94f211b45b4173dfcd19",
        "x-ms-return-client-request-id": "true"
      },
      "RequestBody": {
        "properties": {
          "type": "AzureKeyVault",
          "typeProperties": {
            "baseUrl": "https://Test.vault.azure.net/"
          }
        }
      },
      "StatusCode": 200,
      "ResponseHeaders": {
        "Cache-Control": "no-cache",
        "Content-Length": "474",
        "Content-Type": "application/json; charset=utf-8",
        "Date": "Thu, 23 Nov 2023 10:49:03 GMT",
        "Expires": "-1",
        "Pragma": "no-cache",
        "Server": "Kestrel",
        "Strict-Transport-Security": "max-age=31536000; includeSubDomains",
        "X-Content-Type-Options": "nosniff",
        "x-ms-correlation-request-id": "3665caf2-49e9-4b7f-ac6e-dc8617bc3cf1",
        "x-ms-ratelimit-remaining-subscription-writes": "1020",
        "x-ms-request-id": "3665caf2-49e9-4b7f-ac6e-dc8617bc3cf1",
        "x-ms-routing-request-id": "EASTUS:20231123T104904Z:3665caf2-49e9-4b7f-ac6e-dc8617bc3cf1"
      },
      "ResponseBody": {
        "id": "/subscriptions/da1d7b9a-a759-41c8-bb73-093a1818e03a/resourceGroups/adf-rg-sap-5180/providers/Microsoft.DataFactory/factories/adf-sap-4885/linkedservices/adf_linkedservice_akv_1323",
        "name": "adf_linkedservice_akv_1323",
        "type": "Microsoft.DataFactory/factories/linkedservices",
        "properties": {
          "type": "AzureKeyVault",
          "typeProperties": {
            "baseUrl": "https://Test.vault.azure.net/"
          }
        },
        "etag": "04004107-0000-0800-0000-655f2e200000"
      }
    },
    {
      "RequestUri": "https://management.azure.com/subscriptions/da1d7b9a-a759-41c8-bb73-093a1818e03a/resourceGroups/adf-rg-sap-5180/providers/Microsoft.DataFactory/factories/adf-sap-4885/linkedservices/adf_linkedservice_sap_8917?api-version=2018-06-01",
      "RequestMethod": "PUT",
      "RequestHeaders": {
        "Accept": "application/json",
        "Authorization": "Sanitized",
        "Content-Length": "216",
        "Content-Type": "application/json",
        "traceparent": "00-ea523c2e69e0d50cb691c495aac5f549-09973ef6ce83b6c3-00",
        "User-Agent": "azsdk-net-ResourceManager.DataFactory/1.0.0-alpha.20231123.1 (.NET 7.0.14; Microsoft Windows 10.0.22621)",
        "x-ms-client-request-id": "7671ae4e0286ae1094ea2dfb37a07f21",
        "x-ms-return-client-request-id": "true"
      },
      "RequestBody": {
        "properties": {
          "type": "SapHana",
          "description": "test description",
          "typeProperties": {
            "server": "fakeserver",
            "authenticationType": "Basic",
            "userName": "fakeName",
            "password": {
              "value": "fakePassword",
              "type": "SecureString"
            }
          }
        }
      },
      "StatusCode": 200,
      "ResponseHeaders": {
        "Cache-Control": "no-cache",
        "Content-Length": "859",
        "Content-Type": "application/json; charset=utf-8",
        "Date": "Thu, 23 Nov 2023 10:49:04 GMT",
        "Expires": "-1",
        "Pragma": "no-cache",
        "Server": "Kestrel",
        "Strict-Transport-Security": "max-age=31536000; includeSubDomains",
        "X-Content-Type-Options": "nosniff",
        "x-ms-correlation-request-id": "dad81200-7cf2-4ba7-8949-b6304bbcb7f1",
        "x-ms-ratelimit-remaining-subscription-writes": "1019",
        "x-ms-request-id": "dad81200-7cf2-4ba7-8949-b6304bbcb7f1",
        "x-ms-routing-request-id": "EASTUS:20231123T104905Z:dad81200-7cf2-4ba7-8949-b6304bbcb7f1"
      },
      "ResponseBody": {
        "id": "/subscriptions/da1d7b9a-a759-41c8-bb73-093a1818e03a/resourceGroups/adf-rg-sap-5180/providers/Microsoft.DataFactory/factories/adf-sap-4885/linkedservices/adf_linkedservice_sap_8917",
        "name": "adf_linkedservice_sap_8917",
        "type": "Microsoft.DataFactory/factories/linkedservices",
        "properties": {
          "type": "SapHana",
          "description": "test description",
          "typeProperties": {
            "server": "fakeserver",
            "authenticationType": "Basic",
            "userName": "fakeName",
            "encryptedCredential": "ew0KICAiVmVyc2lvbiI6ICIyMDE3LTExLTMwIiwNCiAgIlByb3RlY3Rpb25Nb2RlIjogIktleSIsDQogICJTZWNyZXRDb250ZW50VHlwZSI6ICJQbGFpbnRleHQiLA0KICAiQ3JlZGVudGlhbElkIjogIkRBVEFGQUNUT1JZQDlDQ0E3QkU3LTE3NzYtNDM2Ni1CNUU4LTFEQ0M3OUIxNEY2QV8zOGZmNTk5ZC0wZDEzLTQ2N2QtYjdiZC1hODk4NzI4YTZkZWUiDQp9"
          }
        },
        "etag": "04004307-0000-0800-0000-655f2e210000"
      }
    }
  ],
  "Variables": {
    "AZURE_AUTHORITY_HOST": null,
    "RandomSeed": "2110431537",
    "RESOURCE_MANAGER_URL": null,
    "SUBSCRIPTION_ID": "da1d7b9a-a759-41c8-bb73-093a1818e03a"
  }
}
