{
  "Entries": [
    {
      "RequestUri": "https://management.azure.com/subscriptions/da1d7b9a-a759-41c8-bb73-093a1818e03a?api-version=2022-12-01",
      "RequestMethod": "GET",
      "RequestHeaders": {
        "Accept": "application/json",
        "Authorization": "Sanitized",
        "traceparent": "00-8143adacfaabc899ddfa5e41fd18cdad-fd13c3ebb864a5c6-00",
        "User-Agent": "azsdk-net-ResourceManager/1.9.0 (.NET 7.0.14; Microsoft Windows 10.0.22621)",
        "x-ms-client-request-id": "fb4eb75c93ba7ea691b8fb8eb8f51d7e",
        "x-ms-return-client-request-id": "true"
      },
      "RequestBody": null,
      "StatusCode": 200,
      "ResponseHeaders": {
        "Cache-Control": "no-cache",
        "Content-Length": "501",
        "Content-Type": "application/json; charset=utf-8",
        "Date": "Tue, 21 Nov 2023 07:51:24 GMT",
        "Expires": "-1",
        "Pragma": "no-cache",
        "Strict-Transport-Security": "max-age=31536000; includeSubDomains",
        "X-Cache": "CONFIG_NOCACHE",
        "X-Content-Type-Options": "nosniff",
        "x-ms-correlation-request-id": "d6a95ca8-b665-4ddf-8d78-a57e7730aa95",
        "x-ms-ratelimit-remaining-subscription-reads": "11647",
        "x-ms-request-id": "d6a95ca8-b665-4ddf-8d78-a57e7730aa95",
        "x-ms-routing-request-id": "JAPANEAST:20231121T075124Z:d6a95ca8-b665-4ddf-8d78-a57e7730aa95",
        "X-MSEdge-Ref": "Ref A: 8425F61C6F704EC986914DF0BB96FAE0 Ref B: TYO201100116009 Ref C: 2023-11-21T07:51:24Z"
      },
      "ResponseBody": {
        "id": "/subscriptions/da1d7b9a-a759-41c8-bb73-093a1818e03a",
        "authorizationSource": "RoleBased",
        "managedByTenants": [
          {
            "tenantId": "2f4a9838-26b7-47ee-be60-ccc1fdec5953"
          }
        ],
        "tags": {
          "NRMS10318670": "20220720"
        },
        "subscriptionId": "da1d7b9a-a759-41c8-bb73-093a1818e03a",
        "tenantId": "72f988bf-86f1-41af-91ab-2d7cd011db47",
        "displayName": "ADMS_Test_Engineering_RichTransform",
        "state": "Enabled",
        "subscriptionPolicies": {
          "locationPlacementId": "Internal_2014-09-01",
          "quotaId": "Internal_2014-09-01",
          "spendingLimit": "Off"
        }
      }
    },
    {
      "RequestUri": "https://management.azure.com/subscriptions/da1d7b9a-a759-41c8-bb73-093a1818e03a/resourcegroups/adf-rg-hive-5820?api-version=2022-09-01",
      "RequestMethod": "PUT",
      "RequestHeaders": {
        "Accept": "application/json",
        "Authorization": "Sanitized",
        "Content-Length": "22",
        "Content-Type": "application/json",
        "traceparent": "00-2bff6b18a8bf7171920968f91e112b4b-68556ee6a48101b2-00",
        "User-Agent": "azsdk-net-ResourceManager/1.9.0 (.NET 7.0.14; Microsoft Windows 10.0.22621)",
        "x-ms-client-request-id": "0024f46a906f593a6d71550ed22603d4",
        "x-ms-return-client-request-id": "true"
      },
      "RequestBody": {
        "location": "westus2"
      },
      "StatusCode": 201,
      "ResponseHeaders": {
        "Cache-Control": "no-cache",
        "Content-Length": "230",
        "Content-Type": "application/json; charset=utf-8",
        "Date": "Tue, 21 Nov 2023 07:51:24 GMT",
        "Expires": "-1",
        "Pragma": "no-cache",
        "Strict-Transport-Security": "max-age=31536000; includeSubDomains",
        "X-Cache": "CONFIG_NOCACHE",
        "X-Content-Type-Options": "nosniff",
        "x-ms-correlation-request-id": "2ff9ad55-14fe-4f59-b468-9013309b9eb5",
        "x-ms-ratelimit-remaining-subscription-writes": "1189",
        "x-ms-request-id": "2ff9ad55-14fe-4f59-b468-9013309b9eb5",
        "x-ms-routing-request-id": "JAPANEAST:20231121T075125Z:2ff9ad55-14fe-4f59-b468-9013309b9eb5",
        "X-MSEdge-Ref": "Ref A: 714BAF1884D947ED87CE07B29DC74734 Ref B: TYO201100116009 Ref C: 2023-11-21T07:51:25Z"
      },
      "ResponseBody": {
        "id": "/subscriptions/da1d7b9a-a759-41c8-bb73-093a1818e03a/resourceGroups/adf-rg-hive-5820",
        "name": "adf-rg-hive-5820",
        "type": "Microsoft.Resources/resourceGroups",
        "location": "westus2",
        "properties": {
          "provisioningState": "Succeeded"
        }
      }
    },
    {
      "RequestUri": "https://management.azure.com/subscriptions/da1d7b9a-a759-41c8-bb73-093a1818e03a/resourceGroups/adf-rg-hive-5820/providers/Microsoft.DataFactory/factories/adf-hive-9767?api-version=2018-06-01",
      "RequestMethod": "PUT",
      "RequestHeaders": {
        "Accept": "application/json",
        "Authorization": "Sanitized",
        "Content-Length": "48",
        "Content-Type": "application/json",
        "traceparent": "00-0493550590f48ca97c423f0eefdfd13e-193e399d892ff23f-00",
        "User-Agent": "azsdk-net-ResourceManager.DataFactory/1.0.0-alpha.20231121.1 (.NET 7.0.14; Microsoft Windows 10.0.22621)",
        "x-ms-client-request-id": "5b4ecff8c0c3e06367eeccabca74aa0c",
        "x-ms-return-client-request-id": "true"
      },
      "RequestBody": {
        "location": "westus2",
        "properties": {}
      },
      "StatusCode": 200,
      "ResponseHeaders": {
        "Cache-Control": "no-cache",
        "Content-Length": "456",
        "Content-Type": "application/json; charset=utf-8",
        "Date": "Tue, 21 Nov 2023 07:51:27 GMT",
        "Expires": "-1",
        "Pragma": "no-cache",
        "Strict-Transport-Security": "max-age=31536000; includeSubDomains",
        "X-Cache": "CONFIG_NOCACHE",
        "X-Content-Type-Options": "nosniff",
        "x-ms-correlation-request-id": "d9d792a0-43a5-4443-b4c8-44be11f98ada",
        "x-ms-ratelimit-remaining-subscription-writes": "1177",
        "x-ms-request-id": "d9d792a0-43a5-4443-b4c8-44be11f98ada",
        "x-ms-routing-request-id": "JAPANEAST:20231121T075127Z:d9d792a0-43a5-4443-b4c8-44be11f98ada",
        "X-MSEdge-Ref": "Ref A: 91FB2E0EBA634E7E85D4D0CA94F0D8E7 Ref B: TYO201100116009 Ref C: 2023-11-21T07:51:25Z"
      },
      "ResponseBody": {
        "name": "adf-hive-9767",
        "id": "/subscriptions/da1d7b9a-a759-41c8-bb73-093a1818e03a/resourceGroups/adf-rg-hive-5820/providers/Microsoft.DataFactory/factories/adf-hive-9767",
        "type": "Microsoft.DataFactory/factories",
        "properties": {
          "provisioningState": "Succeeded",
          "createTime": "2023-11-21T07:51:27.761074Z",
          "version": "2018-06-01"
        },
        "eTag": "\u002241049664-0000-0800-0000-655c617f0000\u0022",
        "location": "westus2",
        "tags": {}
      }
    },
    {
      "RequestUri": "https://management.azure.com/subscriptions/da1d7b9a-a759-41c8-bb73-093a1818e03a/resourceGroups/adf-rg-hive-5820/providers/Microsoft.DataFactory/factories/adf-hive-9767/integrationRuntimes/adf-integrationRuntime-9086?api-version=2018-06-01",
      "RequestMethod": "PUT",
      "RequestHeaders": {
        "Accept": "application/json",
        "Authorization": "Sanitized",
        "Content-Length": "172",
        "Content-Type": "application/json",
        "traceparent": "00-76c268c001d1ef209dc241abb63bdb2d-9d88c2169aaccea4-00",
        "User-Agent": "azsdk-net-ResourceManager.DataFactory/1.0.0-alpha.20231121.1 (.NET 7.0.14; Microsoft Windows 10.0.22621)",
        "x-ms-client-request-id": "29948ecfcc85f57d8e493e98ab6ab427",
        "x-ms-return-client-request-id": "true"
      },
      "RequestBody": {
        "properties": {
          "type": "Managed",
          "typeProperties": {
            "computeProperties": {
              "location": "eastus2",
              "dataFlowProperties": {
                "computeType": "General",
                "coreCount": 4,
                "timeToLive": 10
              }
            }
          }
        }
      },
      "StatusCode": 200,
      "ResponseHeaders": {
        "Cache-Control": "no-cache",
        "Content-Length": "632",
        "Content-Type": "application/json; charset=utf-8",
        "Date": "Tue, 21 Nov 2023 07:51:28 GMT",
        "Expires": "-1",
        "Pragma": "no-cache",
        "Strict-Transport-Security": "max-age=31536000; includeSubDomains",
        "X-Cache": "CONFIG_NOCACHE",
        "X-Content-Type-Options": "nosniff",
        "x-ms-correlation-request-id": "990626e9-9332-40bd-a5f8-fe6ab11b670b",
        "x-ms-ratelimit-remaining-subscription-writes": "1179",
        "x-ms-request-id": "990626e9-9332-40bd-a5f8-fe6ab11b670b",
        "x-ms-routing-request-id": "JAPANEAST:20231121T075128Z:990626e9-9332-40bd-a5f8-fe6ab11b670b",
        "X-MSEdge-Ref": "Ref A: 9D5F0FF927F74D1C99CC7416B4D1BF64 Ref B: TYO201100116009 Ref C: 2023-11-21T07:51:28Z"
      },
      "ResponseBody": {
        "id": "/subscriptions/da1d7b9a-a759-41c8-bb73-093a1818e03a/resourceGroups/adf-rg-hive-5820/providers/Microsoft.DataFactory/factories/adf-hive-9767/integrationruntimes/adf-integrationRuntime-9086",
        "name": "adf-integrationRuntime-9086",
        "type": "Microsoft.DataFactory/factories/integrationruntimes",
        "properties": {
          "type": "Managed",
          "typeProperties": {
            "computeProperties": {
              "location": "eastus2",
              "dataFlowProperties": {
                "computeType": "General",
                "coreCount": 4,
                "timeToLive": 10
              }
            }
          }
        },
        "etag": "000058e2-0000-0800-0000-655c61800000"
      }
    },
    {
      "RequestUri": "https://management.azure.com/subscriptions/da1d7b9a-a759-41c8-bb73-093a1818e03a/resourceGroups/adf-rg-hive-5820/providers/Microsoft.DataFactory/factories/adf-hive-9767/linkedservices/adf_linkedservice_akv_6033?api-version=2018-06-01",
      "RequestMethod": "PUT",
      "RequestHeaders": {
        "Accept": "application/json",
        "Authorization": "Sanitized",
        "Content-Length": "100",
        "Content-Type": "application/json",
        "traceparent": "00-81d8a7a4f43476a710cdbbbde3b492df-703d64d8d5d6c89e-00",
        "User-Agent": "azsdk-net-ResourceManager.DataFactory/1.0.0-alpha.20231121.1 (.NET 7.0.14; Microsoft Windows 10.0.22621)",
        "x-ms-client-request-id": "a722ce26c0330720a16dada3fdaa01ac",
        "x-ms-return-client-request-id": "true"
      },
      "RequestBody": {
        "properties": {
          "type": "AzureKeyVault",
          "typeProperties": {
            "baseUrl": "https://Test.vault.azure.net/"
          }
        }
      },
      "StatusCode": 200,
      "ResponseHeaders": {
        "Cache-Control": "no-cache",
        "Content-Length": "476",
        "Content-Type": "application/json; charset=utf-8",
        "Date": "Tue, 21 Nov 2023 07:51:29 GMT",
        "Expires": "-1",
        "Pragma": "no-cache",
        "Strict-Transport-Security": "max-age=31536000; includeSubDomains",
        "X-Cache": "CONFIG_NOCACHE",
        "X-Content-Type-Options": "nosniff",
        "x-ms-correlation-request-id": "83b45e80-e05a-4544-a90e-d4ef6135827d",
        "x-ms-ratelimit-remaining-subscription-writes": "1179",
        "x-ms-request-id": "83b45e80-e05a-4544-a90e-d4ef6135827d",
        "x-ms-routing-request-id": "JAPANEAST:20231121T075129Z:83b45e80-e05a-4544-a90e-d4ef6135827d",
        "X-MSEdge-Ref": "Ref A: 8AEC01976A5B45558B8537E3EFF0E93A Ref B: TYO201100116009 Ref C: 2023-11-21T07:51:29Z"
      },
      "ResponseBody": {
        "id": "/subscriptions/da1d7b9a-a759-41c8-bb73-093a1818e03a/resourceGroups/adf-rg-hive-5820/providers/Microsoft.DataFactory/factories/adf-hive-9767/linkedservices/adf_linkedservice_akv_6033",
        "name": "adf_linkedservice_akv_6033",
        "type": "Microsoft.DataFactory/factories/linkedservices",
        "properties": {
          "type": "AzureKeyVault",
          "typeProperties": {
            "baseUrl": "https://Test.vault.azure.net/"
          }
        },
        "etag": "00005ae2-0000-0800-0000-655c61810000"
      }
    },
    {
      "RequestUri": "https://management.azure.com/subscriptions/da1d7b9a-a759-41c8-bb73-093a1818e03a/resourceGroups/adf-rg-hive-5820/providers/Microsoft.DataFactory/factories/adf-hive-9767/linkedservices/adf_linkedservice_hive_6910?api-version=2018-06-01",
      "RequestMethod": "PUT",
      "RequestHeaders": {
        "Accept": "application/json",
        "Authorization": "Sanitized",
        "Content-Length": "501",
        "Content-Type": "application/json",
        "traceparent": "00-3ead1ae9f476512f174ac9dc46dfa8a7-73d3ff6da152e251-00",
        "User-Agent": "azsdk-net-ResourceManager.DataFactory/1.0.0-alpha.20231121.1 (.NET 7.0.14; Microsoft Windows 10.0.22621)",
        "x-ms-client-request-id": "043f7556037266d135772547bc841884",
        "x-ms-return-client-request-id": "true"
      },
      "RequestBody": {
        "properties": {
          "type": "Hive",
          "typeProperties": {
            "host": "192.168.12.122",
            "port": 1000,
            "serverType": "Hiveserver",
            "thriftTransportProtocol": "Binary",
            "authenticationType": "Anonymous",
            "serviceDiscoveryMode": true,
            "zooKeeperNameSpace": "",
            "useNativeQuery": true,
            "username": "name",
            "password": {
              "value": "some secret",
              "type": "SecureString"
            },
            "httpPath": "/gateway/sandbox/hbase/version",
            "enableSsl": true,
            "trustedCertPath": "",
            "useSystemTrustStore": true,
            "allowHostNameCNMismatch": true,
            "allowSelfSignedServerCert": true
          }
        }
      },
      "StatusCode": 200,
      "ResponseHeaders": {
        "Cache-Control": "no-cache",
        "Content-Length": "1239",
        "Content-Type": "application/json; charset=utf-8",
        "Date": "Tue, 21 Nov 2023 07:51:29 GMT",
        "Expires": "-1",
        "Pragma": "no-cache",
        "Strict-Transport-Security": "max-age=31536000; includeSubDomains",
        "X-Cache": "CONFIG_NOCACHE",
        "X-Content-Type-Options": "nosniff",
        "x-ms-correlation-request-id": "0ef5edeb-a9f0-49c3-82aa-076a09762428",
        "x-ms-ratelimit-remaining-subscription-writes": "1176",
        "x-ms-request-id": "0ef5edeb-a9f0-49c3-82aa-076a09762428",
        "x-ms-routing-request-id": "JAPANEAST:20231121T075130Z:0ef5edeb-a9f0-49c3-82aa-076a09762428",
        "X-MSEdge-Ref": "Ref A: 47904354F2724924BF60035F86D20F13 Ref B: TYO201100116009 Ref C: 2023-11-21T07:51:29Z"
      },
      "ResponseBody": {
        "id": "/subscriptions/da1d7b9a-a759-41c8-bb73-093a1818e03a/resourceGroups/adf-rg-hive-5820/providers/Microsoft.DataFactory/factories/adf-hive-9767/linkedservices/adf_linkedservice_hive_6910",
        "name": "adf_linkedservice_hive_6910",
        "type": "Microsoft.DataFactory/factories/linkedservices",
        "properties": {
          "type": "Hive",
          "typeProperties": {
            "host": "192.168.12.122",
            "port": 1000,
            "serverType": "Hiveserver",
            "thriftTransportProtocol": "Binary",
            "authenticationType": "Anonymous",
            "serviceDiscoveryMode": true,
            "zooKeeperNameSpace": "",
            "useNativeQuery": true,
            "username": "name",
            "httpPath": "/gateway/sandbox/hbase/version",
            "enableSsl": true,
            "trustedCertPath": "",
            "useSystemTrustStore": true,
            "allowHostNameCNMismatch": true,
            "allowSelfSignedServerCert": true,
            "encryptedCredential": "ew0KICAiVmVyc2lvbiI6ICIyMDE3LTExLTMwIiwNCiAgIlByb3RlY3Rpb25Nb2RlIjogIktleSIsDQogICJTZWNyZXRDb250ZW50VHlwZSI6ICJQbGFpbnRleHQiLA0KICAiQ3JlZGVudGlhbElkIjogIkRBVEFGQUNUT1JZQDI1RDNDQkQ5LTA0RTAtNDYxRC04REZDLTU1NDRFQTkzQUQwRF8wZGMwYWQ5YS1iMWU1LTQxODgtOGZiZC00NjI2YTUzMDgyZjUiDQp9"
          }
        },
        "etag": "00005ce2-0000-0800-0000-655c61820000"
      }
    }
  ],
  "Variables": {
    "AZURE_AUTHORITY_HOST": null,
    "RandomSeed": "875884199",
    "RESOURCE_MANAGER_URL": null,
    "SUBSCRIPTION_ID": "da1d7b9a-a759-41c8-bb73-093a1818e03a"
  }
}
