{
  "Entries": [
    {
      "RequestUri": "https://management.azure.com/subscriptions/da1d7b9a-a759-41c8-bb73-093a1818e03a?api-version=2022-12-01",
      "RequestMethod": "GET",
      "RequestHeaders": {
        "Accept": "application/json",
        "Authorization": "Sanitized",
        "traceparent": "00-5a5e765d396a1db0ce70a6adb5195158-5a2bbc790dd4ab92-00",
        "User-Agent": "azsdk-net-ResourceManager/1.9.0 (.NET 7.0.14; Microsoft Windows 10.0.22621)",
        "x-ms-client-request-id": "a1b5ca796deb1a098ee2b73a14df6f86",
        "x-ms-return-client-request-id": "true"
      },
      "RequestBody": null,
      "StatusCode": 200,
      "ResponseHeaders": {
        "Cache-Control": "no-cache",
        "Content-Length": "501",
        "Content-Type": "application/json; charset=utf-8",
        "Date": "Tue, 21 Nov 2023 07:48:02 GMT",
        "Expires": "-1",
        "Pragma": "no-cache",
        "Strict-Transport-Security": "max-age=31536000; includeSubDomains",
        "X-Cache": "CONFIG_NOCACHE",
        "X-Content-Type-Options": "nosniff",
        "x-ms-correlation-request-id": "6ece4e55-f25a-4970-bf74-a53653c49781",
        "x-ms-ratelimit-remaining-subscription-reads": "11241",
        "x-ms-request-id": "6ece4e55-f25a-4970-bf74-a53653c49781",
        "x-ms-routing-request-id": "JAPANWEST:20231121T074803Z:6ece4e55-f25a-4970-bf74-a53653c49781",
        "X-MSEdge-Ref": "Ref A: 251EE5E123E84B2BB9211614F1F7B3BF Ref B: TYO201100117007 Ref C: 2023-11-21T07:48:03Z"
      },
      "ResponseBody": {
        "id": "/subscriptions/da1d7b9a-a759-41c8-bb73-093a1818e03a",
        "authorizationSource": "RoleBased",
        "managedByTenants": [
          {
            "tenantId": "2f4a9838-26b7-47ee-be60-ccc1fdec5953"
          }
        ],
        "tags": {
          "NRMS10318670": "20220720"
        },
        "subscriptionId": "da1d7b9a-a759-41c8-bb73-093a1818e03a",
        "tenantId": "72f988bf-86f1-41af-91ab-2d7cd011db47",
        "displayName": "ADMS_Test_Engineering_RichTransform",
        "state": "Enabled",
        "subscriptionPolicies": {
          "locationPlacementId": "Internal_2014-09-01",
          "quotaId": "Internal_2014-09-01",
          "spendingLimit": "Off"
        }
      }
    },
    {
      "RequestUri": "https://management.azure.com/subscriptions/da1d7b9a-a759-41c8-bb73-093a1818e03a/resourcegroups/adf-rg-drill-4751?api-version=2022-09-01",
      "RequestMethod": "PUT",
      "RequestHeaders": {
        "Accept": "application/json",
        "Authorization": "Sanitized",
        "Content-Length": "22",
        "Content-Type": "application/json",
        "traceparent": "00-83b66d86bc07e12d04f0d7f49cc923d1-45e7d471926d439f-00",
        "User-Agent": "azsdk-net-ResourceManager/1.9.0 (.NET 7.0.14; Microsoft Windows 10.0.22621)",
        "x-ms-client-request-id": "6d305b6eb686ae807b4c42ac387dad5d",
        "x-ms-return-client-request-id": "true"
      },
      "RequestBody": {
        "location": "westus2"
      },
      "StatusCode": 201,
      "ResponseHeaders": {
        "Cache-Control": "no-cache",
        "Content-Length": "232",
        "Content-Type": "application/json; charset=utf-8",
        "Date": "Tue, 21 Nov 2023 07:48:03 GMT",
        "Expires": "-1",
        "Pragma": "no-cache",
        "Strict-Transport-Security": "max-age=31536000; includeSubDomains",
        "X-Cache": "CONFIG_NOCACHE",
        "X-Content-Type-Options": "nosniff",
        "x-ms-correlation-request-id": "d697f5fc-1f24-436b-b0bf-dd3d2b22b763",
        "x-ms-ratelimit-remaining-subscription-writes": "1189",
        "x-ms-request-id": "d697f5fc-1f24-436b-b0bf-dd3d2b22b763",
        "x-ms-routing-request-id": "JAPANEAST:20231121T074804Z:d697f5fc-1f24-436b-b0bf-dd3d2b22b763",
        "X-MSEdge-Ref": "Ref A: A603EAC06EEB4181B8B228BBECA44F36 Ref B: TYO201100117007 Ref C: 2023-11-21T07:48:03Z"
      },
      "ResponseBody": {
        "id": "/subscriptions/da1d7b9a-a759-41c8-bb73-093a1818e03a/resourceGroups/adf-rg-drill-4751",
        "name": "adf-rg-drill-4751",
        "type": "Microsoft.Resources/resourceGroups",
        "location": "westus2",
        "properties": {
          "provisioningState": "Succeeded"
        }
      }
    },
    {
      "RequestUri": "https://management.azure.com/subscriptions/da1d7b9a-a759-41c8-bb73-093a1818e03a/resourceGroups/adf-rg-drill-4751/providers/Microsoft.DataFactory/factories/adf-drill-161?api-version=2018-06-01",
      "RequestMethod": "PUT",
      "RequestHeaders": {
        "Accept": "application/json",
        "Authorization": "Sanitized",
        "Content-Length": "48",
        "Content-Type": "application/json",
        "traceparent": "00-42b9f25dbd1c371d34bb4ecd927119d2-a34aca1eb7781746-00",
        "User-Agent": "azsdk-net-ResourceManager.DataFactory/1.0.0-alpha.20231121.1 (.NET 7.0.14; Microsoft Windows 10.0.22621)",
        "x-ms-client-request-id": "45adcaabe1f558d0aa848884ad33ee20",
        "x-ms-return-client-request-id": "true"
      },
      "RequestBody": {
        "tags": {},
        "location": "westus2",
        "properties": {}
      },
      "StatusCode": 200,
      "ResponseHeaders": {
        "Cache-Control": "no-cache",
        "Content-Length": "458",
        "Content-Type": "application/json; charset=utf-8",
        "Date": "Tue, 21 Nov 2023 07:48:06 GMT",
        "Expires": "-1",
        "Pragma": "no-cache",
        "Strict-Transport-Security": "max-age=31536000; includeSubDomains",
        "X-Cache": "CONFIG_NOCACHE",
        "X-Content-Type-Options": "nosniff",
        "x-ms-correlation-request-id": "06c4fc67-bb7d-4ae9-b14b-dcf4fff56ecc",
        "x-ms-ratelimit-remaining-subscription-writes": "1174",
        "x-ms-request-id": "06c4fc67-bb7d-4ae9-b14b-dcf4fff56ecc",
        "x-ms-routing-request-id": "JAPANEAST:20231121T074807Z:06c4fc67-bb7d-4ae9-b14b-dcf4fff56ecc",
        "X-MSEdge-Ref": "Ref A: 8E0D046FA80A4588BAA7FD0C6B35BC63 Ref B: TYO201100117007 Ref C: 2023-11-21T07:48:04Z"
      },
      "ResponseBody": {
        "name": "adf-drill-161",
        "id": "/subscriptions/da1d7b9a-a759-41c8-bb73-093a1818e03a/resourceGroups/adf-rg-drill-4751/providers/Microsoft.DataFactory/factories/adf-drill-161",
        "type": "Microsoft.DataFactory/factories",
        "properties": {
          "provisioningState": "Succeeded",
          "createTime": "2023-11-21T07:48:06.9158472Z",
          "version": "2018-06-01"
        },
        "eTag": "\u00224104e740-0000-0800-0000-655c60b60000\u0022",
        "location": "westus2",
        "tags": {}
      }
    },
    {
      "RequestUri": "https://management.azure.com/subscriptions/da1d7b9a-a759-41c8-bb73-093a1818e03a/resourceGroups/adf-rg-drill-4751/providers/Microsoft.DataFactory/factories/adf-drill-161/integrationRuntimes/adf-integrationRuntime-3282?api-version=2018-06-01",
      "RequestMethod": "PUT",
      "RequestHeaders": {
        "Accept": "application/json",
        "Authorization": "Sanitized",
        "Content-Length": "172",
        "Content-Type": "application/json",
        "traceparent": "00-9ab9d5c3f69b2bc1cc4e71be80e70a47-ab90a4666b919076-00",
        "User-Agent": "azsdk-net-ResourceManager.DataFactory/1.0.0-alpha.20231121.1 (.NET 7.0.14; Microsoft Windows 10.0.22621)",
        "x-ms-client-request-id": "26a9e503c3a40649269e2a5de211355a",
        "x-ms-return-client-request-id": "true"
      },
      "RequestBody": {
        "properties": {
          "type": "Managed",
          "typeProperties": {
            "computeProperties": {
              "location": "eastus2",
              "dataFlowProperties": {
                "computeType": "General",
                "coreCount": 4,
                "timeToLive": 10
              }
            }
          }
        }
      },
      "StatusCode": 200,
      "ResponseHeaders": {
        "Cache-Control": "no-cache",
        "Content-Length": "633",
        "Content-Type": "application/json; charset=utf-8",
        "Date": "Tue, 21 Nov 2023 07:48:07 GMT",
        "Expires": "-1",
        "Pragma": "no-cache",
        "Strict-Transport-Security": "max-age=31536000; includeSubDomains",
        "X-Cache": "CONFIG_NOCACHE",
        "X-Content-Type-Options": "nosniff",
        "x-ms-correlation-request-id": "a07d3370-80f4-47f5-b415-188e5a706637",
        "x-ms-ratelimit-remaining-subscription-writes": "1180",
        "x-ms-request-id": "a07d3370-80f4-47f5-b415-188e5a706637",
        "x-ms-routing-request-id": "JAPANEAST:20231121T074808Z:a07d3370-80f4-47f5-b415-188e5a706637",
        "X-MSEdge-Ref": "Ref A: 0D45C399BCC5460DB6A3204C07935E00 Ref B: TYO201100117007 Ref C: 2023-11-21T07:48:07Z"
      },
      "ResponseBody": {
        "id": "/subscriptions/da1d7b9a-a759-41c8-bb73-093a1818e03a/resourceGroups/adf-rg-drill-4751/providers/Microsoft.DataFactory/factories/adf-drill-161/integrationruntimes/adf-integrationRuntime-3282",
        "name": "adf-integrationRuntime-3282",
        "type": "Microsoft.DataFactory/factories/integrationruntimes",
        "properties": {
          "type": "Managed",
          "typeProperties": {
            "computeProperties": {
              "location": "eastus2",
              "dataFlowProperties": {
                "computeType": "General",
                "coreCount": 4,
                "timeToLive": 10
              }
            }
          }
        },
        "etag": "00002ffe-0000-0800-0000-655c60b80000"
      }
    },
    {
      "RequestUri": "https://management.azure.com/subscriptions/da1d7b9a-a759-41c8-bb73-093a1818e03a/resourceGroups/adf-rg-drill-4751/providers/Microsoft.DataFactory/factories/adf-drill-161/linkedservices/adf_linkedservice_akv_2138?api-version=2018-06-01",
      "RequestMethod": "PUT",
      "RequestHeaders": {
        "Accept": "application/json",
        "Authorization": "Sanitized",
        "Content-Length": "100",
        "Content-Type": "application/json",
        "traceparent": "00-b2a449ae1cae7bbfac783eae785fb557-a6f56afa7cf14978-00",
        "User-Agent": "azsdk-net-ResourceManager.DataFactory/1.0.0-alpha.20231121.1 (.NET 7.0.14; Microsoft Windows 10.0.22621)",
        "x-ms-client-request-id": "7940c2145f79db1532f829ce18538b1d",
        "x-ms-return-client-request-id": "true"
      },
      "RequestBody": {
        "properties": {
          "type": "AzureKeyVault",
          "typeProperties": {
            "baseUrl": "https://Test.vault.azure.net/"
          }
        }
      },
      "StatusCode": 200,
      "ResponseHeaders": {
        "Cache-Control": "no-cache",
        "Content-Length": "477",
        "Content-Type": "application/json; charset=utf-8",
        "Date": "Tue, 21 Nov 2023 07:48:11 GMT",
        "Expires": "-1",
        "Pragma": "no-cache",
        "Strict-Transport-Security": "max-age=31536000; includeSubDomains",
        "X-Cache": "CONFIG_NOCACHE",
        "X-Content-Type-Options": "nosniff",
        "x-ms-correlation-request-id": "5b253b0f-4cd5-4d37-ae70-475b4a46c73f",
        "x-ms-ratelimit-remaining-subscription-writes": "1185",
        "x-ms-request-id": "5b253b0f-4cd5-4d37-ae70-475b4a46c73f",
        "x-ms-routing-request-id": "JAPANEAST:20231121T074812Z:5b253b0f-4cd5-4d37-ae70-475b4a46c73f",
        "X-MSEdge-Ref": "Ref A: 435F4ADC99794C1999E478CBF4EEE039 Ref B: TYO201100117007 Ref C: 2023-11-21T07:48:08Z"
      },
      "ResponseBody": {
        "id": "/subscriptions/da1d7b9a-a759-41c8-bb73-093a1818e03a/resourceGroups/adf-rg-drill-4751/providers/Microsoft.DataFactory/factories/adf-drill-161/linkedservices/adf_linkedservice_akv_2138",
        "name": "adf_linkedservice_akv_2138",
        "type": "Microsoft.DataFactory/factories/linkedservices",
        "properties": {
          "type": "AzureKeyVault",
          "typeProperties": {
            "baseUrl": "https://Test.vault.azure.net/"
          }
        },
        "etag": "000031fe-0000-0800-0000-655c60bc0000"
      }
    },
    {
      "RequestUri": "https://management.azure.com/subscriptions/da1d7b9a-a759-41c8-bb73-093a1818e03a/resourceGroups/adf-rg-drill-4751/providers/Microsoft.DataFactory/factories/adf-drill-161/linkedservices/adf_linkedservice_drill_6151?api-version=2018-06-01",
      "RequestMethod": "PUT",
      "RequestHeaders": {
        "Accept": "application/json",
        "Authorization": "Sanitized",
        "Content-Length": "126",
        "Content-Type": "application/json",
        "traceparent": "00-15899986bc270f408f855786df333b2e-f52567a31e1f922c-00",
        "User-Agent": "azsdk-net-ResourceManager.DataFactory/1.0.0-alpha.20231121.1 (.NET 7.0.14; Microsoft Windows 10.0.22621)",
        "x-ms-client-request-id": "eab3c77a06063e64cf43a6fac873532a",
        "x-ms-return-client-request-id": "true"
      },
      "RequestBody": {
        "properties": {
          "type": "Drill",
          "typeProperties": {
            "connectionString": {
              "value": "some connection string",
              "type": "SecureString"
            }
          }
        }
      },
      "StatusCode": 200,
      "ResponseHeaders": {
        "Cache-Control": "no-cache",
        "Content-Length": "522",
        "Content-Type": "application/json; charset=utf-8",
        "Date": "Tue, 21 Nov 2023 07:48:12 GMT",
        "Expires": "-1",
        "Pragma": "no-cache",
        "Strict-Transport-Security": "max-age=31536000; includeSubDomains",
        "X-Cache": "CONFIG_NOCACHE",
        "X-Content-Type-Options": "nosniff",
        "x-ms-correlation-request-id": "701e5d61-608c-4860-8b80-ab32e914130d",
        "x-ms-ratelimit-remaining-subscription-writes": "1177",
        "x-ms-request-id": "701e5d61-608c-4860-8b80-ab32e914130d",
        "x-ms-routing-request-id": "JAPANEAST:20231121T074813Z:701e5d61-608c-4860-8b80-ab32e914130d",
        "X-MSEdge-Ref": "Ref A: D751D44885EB4B12870878436E9716BD Ref B: TYO201100117007 Ref C: 2023-11-21T07:48:12Z"
      },
      "ResponseBody": {
        "id": "/subscriptions/da1d7b9a-a759-41c8-bb73-093a1818e03a/resourceGroups/adf-rg-drill-4751/providers/Microsoft.DataFactory/factories/adf-drill-161/linkedservices/adf_linkedservice_drill_6151",
        "name": "adf_linkedservice_drill_6151",
        "type": "Microsoft.DataFactory/factories/linkedservices",
        "properties": {
          "type": "Drill",
          "typeProperties": {
            "connectionString": {
              "type": "SecureString",
              "value": "**********"
            }
          }
        },
        "etag": "000033fe-0000-0800-0000-655c60bd0000"
      }
    }
  ],
  "Variables": {
    "AZURE_AUTHORITY_HOST": null,
    "RandomSeed": "416686726",
    "RESOURCE_MANAGER_URL": null,
    "SUBSCRIPTION_ID": "da1d7b9a-a759-41c8-bb73-093a1818e03a"
  }
}
