{
  "Entries": [
    {
      "RequestUri": "https://management.azure.com/subscriptions/da1d7b9a-a759-41c8-bb73-093a1818e03a?api-version=2022-12-01",
      "RequestMethod": "GET",
      "RequestHeaders": {
        "Accept": "application/json",
        "Authorization": "Sanitized",
        "traceparent": "00-6b4d7631d83e37ae00b6c4cf430d2ed4-ce4b48364ab12799-00",
        "User-Agent": "azsdk-net-ResourceManager/1.9.0 (.NET 7.0.14; Microsoft Windows 10.0.22621)",
        "x-ms-client-request-id": "919af128cfd4411f98c3e160fdae0816",
        "x-ms-return-client-request-id": "true"
      },
      "RequestBody": null,
      "StatusCode": 200,
      "ResponseHeaders": {
        "Cache-Control": "no-cache",
        "Content-Length": "501",
        "Content-Type": "application/json; charset=utf-8",
        "Date": "Tue, 21 Nov 2023 07:48:41 GMT",
        "Expires": "-1",
        "Pragma": "no-cache",
        "Strict-Transport-Security": "max-age=31536000; includeSubDomains",
        "X-Cache": "CONFIG_NOCACHE",
        "X-Content-Type-Options": "nosniff",
        "x-ms-correlation-request-id": "fd447633-0321-4538-92e5-5a7cab381348",
        "x-ms-ratelimit-remaining-subscription-reads": "11712",
        "x-ms-request-id": "fd447633-0321-4538-92e5-5a7cab381348",
        "x-ms-routing-request-id": "JAPANEAST:20231121T074842Z:fd447633-0321-4538-92e5-5a7cab381348",
        "X-MSEdge-Ref": "Ref A: 8C84B6F691E2425EBC60FB3E23241422 Ref B: TYO201100117007 Ref C: 2023-11-21T07:48:42Z"
      },
      "ResponseBody": {
        "id": "/subscriptions/da1d7b9a-a759-41c8-bb73-093a1818e03a",
        "authorizationSource": "RoleBased",
        "managedByTenants": [
          {
            "tenantId": "2f4a9838-26b7-47ee-be60-ccc1fdec5953"
          }
        ],
        "tags": {
          "NRMS10318670": "20220720"
        },
        "subscriptionId": "da1d7b9a-a759-41c8-bb73-093a1818e03a",
        "tenantId": "72f988bf-86f1-41af-91ab-2d7cd011db47",
        "displayName": "ADMS_Test_Engineering_RichTransform",
        "state": "Enabled",
        "subscriptionPolicies": {
          "locationPlacementId": "Internal_2014-09-01",
          "quotaId": "Internal_2014-09-01",
          "spendingLimit": "Off"
        }
      }
    },
    {
      "RequestUri": "https://management.azure.com/subscriptions/da1d7b9a-a759-41c8-bb73-093a1818e03a/resourcegroups/adf-rg-dynamics-3185?api-version=2022-09-01",
      "RequestMethod": "PUT",
      "RequestHeaders": {
        "Accept": "application/json",
        "Authorization": "Sanitized",
        "Content-Length": "22",
        "Content-Type": "application/json",
        "traceparent": "00-cac7a865074aafba953559a19cd00cd9-821bb7e24e6257bc-00",
        "User-Agent": "azsdk-net-ResourceManager/1.9.0 (.NET 7.0.14; Microsoft Windows 10.0.22621)",
        "x-ms-client-request-id": "fa05d087a17ed30247dd6ecc5ebe0eb0",
        "x-ms-return-client-request-id": "true"
      },
      "RequestBody": {
        "location": "westus2"
      },
      "StatusCode": 201,
      "ResponseHeaders": {
        "Cache-Control": "no-cache",
        "Content-Length": "238",
        "Content-Type": "application/json; charset=utf-8",
        "Date": "Tue, 21 Nov 2023 07:48:42 GMT",
        "Expires": "-1",
        "Pragma": "no-cache",
        "Strict-Transport-Security": "max-age=31536000; includeSubDomains",
        "X-Cache": "CONFIG_NOCACHE",
        "X-Content-Type-Options": "nosniff",
        "x-ms-correlation-request-id": "93692ab8-2af4-4c6c-b8b1-a934e156cb18",
        "x-ms-ratelimit-remaining-subscription-writes": "1189",
        "x-ms-request-id": "93692ab8-2af4-4c6c-b8b1-a934e156cb18",
        "x-ms-routing-request-id": "JAPANEAST:20231121T074842Z:93692ab8-2af4-4c6c-b8b1-a934e156cb18",
        "X-MSEdge-Ref": "Ref A: 62F04ADD980F445A9CEE0A7F6C4E2F24 Ref B: TYO201100117007 Ref C: 2023-11-21T07:48:42Z"
      },
      "ResponseBody": {
        "id": "/subscriptions/da1d7b9a-a759-41c8-bb73-093a1818e03a/resourceGroups/adf-rg-dynamics-3185",
        "name": "adf-rg-dynamics-3185",
        "type": "Microsoft.Resources/resourceGroups",
        "location": "westus2",
        "properties": {
          "provisioningState": "Succeeded"
        }
      }
    },
    {
      "RequestUri": "https://management.azure.com/subscriptions/da1d7b9a-a759-41c8-bb73-093a1818e03a/resourceGroups/adf-rg-dynamics-3185/providers/Microsoft.DataFactory/factories/adf-dynamics-6836?api-version=2018-06-01",
      "RequestMethod": "PUT",
      "RequestHeaders": {
        "Accept": "application/json",
        "Authorization": "Sanitized",
        "Content-Length": "48",
        "Content-Type": "application/json",
        "traceparent": "00-874cb07a4138353fce8632921de64287-69f865195d5b2885-00",
        "User-Agent": "azsdk-net-ResourceManager.DataFactory/1.0.0-alpha.20231121.1 (.NET 7.0.14; Microsoft Windows 10.0.22621)",
        "x-ms-client-request-id": "2c0a241db0f51ff2caccde13c439ccec",
        "x-ms-return-client-request-id": "true"
      },
      "RequestBody": {
        "tags": {},
        "location": "westus2",
        "properties": {}
      },
      "StatusCode": 200,
      "ResponseHeaders": {
        "Cache-Control": "no-cache",
        "Content-Length": "469",
        "Content-Type": "application/json; charset=utf-8",
        "Date": "Tue, 21 Nov 2023 07:48:44 GMT",
        "Expires": "-1",
        "Pragma": "no-cache",
        "Strict-Transport-Security": "max-age=31536000; includeSubDomains",
        "X-Cache": "CONFIG_NOCACHE",
        "X-Content-Type-Options": "nosniff",
        "x-ms-correlation-request-id": "1e374bf7-ab1f-41bf-b73d-a7c0c790a1ef",
        "x-ms-ratelimit-remaining-subscription-writes": "1182",
        "x-ms-request-id": "1e374bf7-ab1f-41bf-b73d-a7c0c790a1ef",
        "x-ms-routing-request-id": "JAPANEAST:20231121T074845Z:1e374bf7-ab1f-41bf-b73d-a7c0c790a1ef",
        "X-MSEdge-Ref": "Ref A: D2CEEE3BD3804599B6056C7A5990CF38 Ref B: TYO201100117007 Ref C: 2023-11-21T07:48:42Z"
      },
      "ResponseBody": {
        "name": "adf-dynamics-6836",
        "id": "/subscriptions/da1d7b9a-a759-41c8-bb73-093a1818e03a/resourceGroups/adf-rg-dynamics-3185/providers/Microsoft.DataFactory/factories/adf-dynamics-6836",
        "type": "Microsoft.DataFactory/factories",
        "properties": {
          "provisioningState": "Succeeded",
          "createTime": "2023-11-21T07:48:45.2175002Z",
          "version": "2018-06-01"
        },
        "eTag": "\u00224104a747-0000-0800-0000-655c60dd0000\u0022",
        "location": "westus2",
        "tags": {}
      }
    },
    {
      "RequestUri": "https://management.azure.com/subscriptions/da1d7b9a-a759-41c8-bb73-093a1818e03a/resourceGroups/adf-rg-dynamics-3185/providers/Microsoft.DataFactory/factories/adf-dynamics-6836/integrationRuntimes/adf-integrationRuntime-4954?api-version=2018-06-01",
      "RequestMethod": "PUT",
      "RequestHeaders": {
        "Accept": "application/json",
        "Authorization": "Sanitized",
        "Content-Length": "172",
        "Content-Type": "application/json",
        "traceparent": "00-59b11aa451208c8bf271cfb3f0c5e312-86d6e0f7e0275a42-00",
        "User-Agent": "azsdk-net-ResourceManager.DataFactory/1.0.0-alpha.20231121.1 (.NET 7.0.14; Microsoft Windows 10.0.22621)",
        "x-ms-client-request-id": "62b4b18387a5c6ee4af66052e2d9b531",
        "x-ms-return-client-request-id": "true"
      },
      "RequestBody": {
        "properties": {
          "type": "Managed",
          "typeProperties": {
            "computeProperties": {
              "location": "eastus2",
              "dataFlowProperties": {
                "computeType": "General",
                "coreCount": 4,
                "timeToLive": 10
              }
            }
          }
        }
      },
      "StatusCode": 200,
      "ResponseHeaders": {
        "Cache-Control": "no-cache",
        "Content-Length": "640",
        "Content-Type": "application/json; charset=utf-8",
        "Date": "Tue, 21 Nov 2023 07:48:45 GMT",
        "Expires": "-1",
        "Pragma": "no-cache",
        "Strict-Transport-Security": "max-age=31536000; includeSubDomains",
        "X-Cache": "CONFIG_NOCACHE",
        "X-Content-Type-Options": "nosniff",
        "x-ms-correlation-request-id": "6045a383-dc7b-442d-a212-103d0df303da",
        "x-ms-ratelimit-remaining-subscription-writes": "1181",
        "x-ms-request-id": "6045a383-dc7b-442d-a212-103d0df303da",
        "x-ms-routing-request-id": "JAPANEAST:20231121T074845Z:6045a383-dc7b-442d-a212-103d0df303da",
        "X-MSEdge-Ref": "Ref A: 39FAC13699AE47FAAE64FEB1AF7C721E Ref B: TYO201100117007 Ref C: 2023-11-21T07:48:45Z"
      },
      "ResponseBody": {
        "id": "/subscriptions/da1d7b9a-a759-41c8-bb73-093a1818e03a/resourceGroups/adf-rg-dynamics-3185/providers/Microsoft.DataFactory/factories/adf-dynamics-6836/integrationruntimes/adf-integrationRuntime-4954",
        "name": "adf-integrationRuntime-4954",
        "type": "Microsoft.DataFactory/factories/integrationruntimes",
        "properties": {
          "type": "Managed",
          "typeProperties": {
            "computeProperties": {
              "location": "eastus2",
              "dataFlowProperties": {
                "computeType": "General",
                "coreCount": 4,
                "timeToLive": 10
              }
            }
          }
        },
        "etag": "b7005e73-0000-0800-0000-655c60dd0000"
      }
    },
    {
      "RequestUri": "https://management.azure.com/subscriptions/da1d7b9a-a759-41c8-bb73-093a1818e03a/resourceGroups/adf-rg-dynamics-3185/providers/Microsoft.DataFactory/factories/adf-dynamics-6836/linkedservices/adf_linkedservice_akv_2518?api-version=2018-06-01",
      "RequestMethod": "PUT",
      "RequestHeaders": {
        "Accept": "application/json",
        "Authorization": "Sanitized",
        "Content-Length": "100",
        "Content-Type": "application/json",
        "traceparent": "00-595721c53de52e92643906cd523921d5-ea42093cfbd6ebc6-00",
        "User-Agent": "azsdk-net-ResourceManager.DataFactory/1.0.0-alpha.20231121.1 (.NET 7.0.14; Microsoft Windows 10.0.22621)",
        "x-ms-client-request-id": "92eafe891220b4dbd423c082a4a2dfeb",
        "x-ms-return-client-request-id": "true"
      },
      "RequestBody": {
        "properties": {
          "type": "AzureKeyVault",
          "typeProperties": {
            "baseUrl": "https://Test.vault.azure.net/"
          }
        }
      },
      "StatusCode": 200,
      "ResponseHeaders": {
        "Cache-Control": "no-cache",
        "Content-Length": "484",
        "Content-Type": "application/json; charset=utf-8",
        "Date": "Tue, 21 Nov 2023 07:48:46 GMT",
        "Expires": "-1",
        "Pragma": "no-cache",
        "Strict-Transport-Security": "max-age=31536000; includeSubDomains",
        "X-Cache": "CONFIG_NOCACHE",
        "X-Content-Type-Options": "nosniff",
        "x-ms-correlation-request-id": "132a7b0d-24e3-4a92-8de4-5f8a07621c0f",
        "x-ms-ratelimit-remaining-subscription-writes": "1179",
        "x-ms-request-id": "132a7b0d-24e3-4a92-8de4-5f8a07621c0f",
        "x-ms-routing-request-id": "JAPANEAST:20231121T074846Z:132a7b0d-24e3-4a92-8de4-5f8a07621c0f",
        "X-MSEdge-Ref": "Ref A: 562B19854E4B47EA9A2E3ED6A4E56A63 Ref B: TYO201100117007 Ref C: 2023-11-21T07:48:45Z"
      },
      "ResponseBody": {
        "id": "/subscriptions/da1d7b9a-a759-41c8-bb73-093a1818e03a/resourceGroups/adf-rg-dynamics-3185/providers/Microsoft.DataFactory/factories/adf-dynamics-6836/linkedservices/adf_linkedservice_akv_2518",
        "name": "adf_linkedservice_akv_2518",
        "type": "Microsoft.DataFactory/factories/linkedservices",
        "properties": {
          "type": "AzureKeyVault",
          "typeProperties": {
            "baseUrl": "https://Test.vault.azure.net/"
          }
        },
        "etag": "b7006073-0000-0800-0000-655c60de0000"
      }
    },
    {
      "RequestUri": "https://management.azure.com/subscriptions/da1d7b9a-a759-41c8-bb73-093a1818e03a/resourceGroups/adf-rg-dynamics-3185/providers/Microsoft.DataFactory/factories/adf-dynamics-6836/linkedservices/adf_linkedservice_dynamics_1187?api-version=2018-06-01",
      "RequestMethod": "PUT",
      "RequestHeaders": {
        "Accept": "application/json",
        "Authorization": "Sanitized",
        "Content-Length": "520",
        "Content-Type": "application/json",
        "traceparent": "00-bd6f36b20592e66381b1795f3e3e8b83-e7c5fdf45a1432db-00",
        "User-Agent": "azsdk-net-ResourceManager.DataFactory/1.0.0-alpha.20231121.1 (.NET 7.0.14; Microsoft Windows 10.0.22621)",
        "x-ms-client-request-id": "fffb5c3b9d78651baab991cce8f229e1",
        "x-ms-return-client-request-id": "true"
      },
      "RequestBody": {
        "properties": {
          "type": "Dynamics",
          "connectVia": {
            "type": "IntegrationRuntimeReference",
            "referenceName": "adf-integrationRuntime-4954"
          },
          "typeProperties": {
            "deploymentType": "Online",
            "authenticationType": "AadServicePrincipal",
            "servicePrincipalId": "9bf5d9fd - 5dcd - 46a5 - b99b - 77d69adb2567",
            "servicePrincipalCredentialType": "ServicePrincipalKey",
            "servicePrincipalCredential": {
              "store": {
                "type": "LinkedServiceReference",
                "referenceName": "adf_linkedservice_akv_2518"
              },
              "secretName": "fakeSecretName",
              "type": "AzureKeyVaultSecret"
            }
          }
        }
      },
      "StatusCode": 200,
      "ResponseHeaders": {
        "Cache-Control": "no-cache",
        "Content-Length": "1043",
        "Content-Type": "application/json; charset=utf-8",
        "Date": "Tue, 21 Nov 2023 07:48:46 GMT",
        "Expires": "-1",
        "Pragma": "no-cache",
        "Strict-Transport-Security": "max-age=31536000; includeSubDomains",
        "X-Cache": "CONFIG_NOCACHE",
        "X-Content-Type-Options": "nosniff",
        "x-ms-correlation-request-id": "20adcbdc-72b4-46eb-8750-333592cc9efa",
        "x-ms-ratelimit-remaining-subscription-writes": "1174",
        "x-ms-request-id": "20adcbdc-72b4-46eb-8750-333592cc9efa",
        "x-ms-routing-request-id": "JAPANEAST:20231121T074847Z:20adcbdc-72b4-46eb-8750-333592cc9efa",
        "X-MSEdge-Ref": "Ref A: 5AE317D538E44063BCEC7616D63F2623 Ref B: TYO201100117007 Ref C: 2023-11-21T07:48:46Z"
      },
      "ResponseBody": {
        "id": "/subscriptions/da1d7b9a-a759-41c8-bb73-093a1818e03a/resourceGroups/adf-rg-dynamics-3185/providers/Microsoft.DataFactory/factories/adf-dynamics-6836/linkedservices/adf_linkedservice_dynamics_1187",
        "name": "adf_linkedservice_dynamics_1187",
        "type": "Microsoft.DataFactory/factories/linkedservices",
        "properties": {
          "type": "Dynamics",
          "connectVia": {
            "type": "IntegrationRuntimeReference",
            "referenceName": "adf-integrationRuntime-4954"
          },
          "typeProperties": {
            "deploymentType": "Online",
            "authenticationType": "AadServicePrincipal",
            "servicePrincipalId": "9bf5d9fd - 5dcd - 46a5 - b99b - 77d69adb2567",
            "servicePrincipalCredentialType": "ServicePrincipalKey",
            "servicePrincipalCredential": {
              "store": {
                "type": "LinkedServiceReference",
                "referenceName": "adf_linkedservice_akv_2518"
              },
              "secretName": "fakeSecretName",
              "type": "AzureKeyVaultSecret"
            }
          }
        },
        "etag": "b7006273-0000-0800-0000-655c60df0000"
      }
    }
  ],
  "Variables": {
    "AZURE_AUTHORITY_HOST": null,
    "RandomSeed": "2017638001",
    "RESOURCE_MANAGER_URL": null,
    "SUBSCRIPTION_ID": "da1d7b9a-a759-41c8-bb73-093a1818e03a"
  }
}
