{
  "Entries": [
    {
      "RequestUri": "https://management.azure.com/subscriptions/da1d7b9a-a759-41c8-bb73-093a1818e03a?api-version=2022-12-01",
      "RequestMethod": "GET",
      "RequestHeaders": {
        "Accept": "application/json",
        "Authorization": "Sanitized",
        "traceparent": "00-59b6deac48aae6bd40c76c5506502495-9163f2772a993ddd-00",
        "User-Agent": "azsdk-net-ResourceManager/1.9.0 (.NET 7.0.14; Microsoft Windows 10.0.22621)",
        "x-ms-client-request-id": "59f44b06246873383ae3a3f723ecd378",
        "x-ms-return-client-request-id": "true"
      },
      "RequestBody": null,
      "StatusCode": 200,
      "ResponseHeaders": {
        "Cache-Control": "no-cache",
        "Content-Length": "501",
        "Content-Type": "application/json; charset=utf-8",
        "Date": "Tue, 21 Nov 2023 07:22:33 GMT",
        "Expires": "-1",
        "Pragma": "no-cache",
        "Strict-Transport-Security": "max-age=31536000; includeSubDomains",
        "X-Cache": "CONFIG_NOCACHE",
        "X-Content-Type-Options": "nosniff",
        "x-ms-correlation-request-id": "8da042bb-5947-45f6-807b-636746987d33",
        "x-ms-ratelimit-remaining-subscription-reads": "11892",
        "x-ms-request-id": "8da042bb-5947-45f6-807b-636746987d33",
        "x-ms-routing-request-id": "JAPANWEST:20231121T072233Z:8da042bb-5947-45f6-807b-636746987d33",
        "X-MSEdge-Ref": "Ref A: A71F5B95BE6B4F5C8629E4750E169EEB Ref B: TYO201100114025 Ref C: 2023-11-21T07:22:33Z"
      },
      "ResponseBody": {
        "id": "/subscriptions/da1d7b9a-a759-41c8-bb73-093a1818e03a",
        "authorizationSource": "RoleBased",
        "managedByTenants": [
          {
            "tenantId": "2f4a9838-26b7-47ee-be60-ccc1fdec5953"
          }
        ],
        "tags": {
          "NRMS10318670": "20220720"
        },
        "subscriptionId": "da1d7b9a-a759-41c8-bb73-093a1818e03a",
        "tenantId": "72f988bf-86f1-41af-91ab-2d7cd011db47",
        "displayName": "ADMS_Test_Engineering_RichTransform",
        "state": "Enabled",
        "subscriptionPolicies": {
          "locationPlacementId": "Internal_2014-09-01",
          "quotaId": "Internal_2014-09-01",
          "spendingLimit": "Off"
        }
      }
    },
    {
      "RequestUri": "https://management.azure.com/subscriptions/da1d7b9a-a759-41c8-bb73-093a1818e03a/resourcegroups/adf-rg-storage-3472?api-version=2022-09-01",
      "RequestMethod": "PUT",
      "RequestHeaders": {
        "Accept": "application/json",
        "Authorization": "Sanitized",
        "Content-Length": "22",
        "Content-Type": "application/json",
        "traceparent": "00-38906c23763f9e27375c0f2aeb1d5384-e6fabf06f2111c8e-00",
        "User-Agent": "azsdk-net-ResourceManager/1.9.0 (.NET 7.0.14; Microsoft Windows 10.0.22621)",
        "x-ms-client-request-id": "42c436d28dcc40012806b6d9863934e8",
        "x-ms-return-client-request-id": "true"
      },
      "RequestBody": {
        "location": "westus2"
      },
      "StatusCode": 201,
      "ResponseHeaders": {
        "Cache-Control": "no-cache",
        "Content-Length": "236",
        "Content-Type": "application/json; charset=utf-8",
        "Date": "Tue, 21 Nov 2023 07:22:33 GMT",
        "Expires": "-1",
        "Pragma": "no-cache",
        "Strict-Transport-Security": "max-age=31536000; includeSubDomains",
        "X-Cache": "CONFIG_NOCACHE",
        "X-Content-Type-Options": "nosniff",
        "x-ms-correlation-request-id": "5e7d06d8-ff01-4575-b139-74e1cd06309b",
        "x-ms-ratelimit-remaining-subscription-writes": "1191",
        "x-ms-request-id": "5e7d06d8-ff01-4575-b139-74e1cd06309b",
        "x-ms-routing-request-id": "JAPANEAST:20231121T072234Z:5e7d06d8-ff01-4575-b139-74e1cd06309b",
        "X-MSEdge-Ref": "Ref A: 84FBB15856864CE4B64F543FF5349253 Ref B: TYO201100114025 Ref C: 2023-11-21T07:22:33Z"
      },
      "ResponseBody": {
        "id": "/subscriptions/da1d7b9a-a759-41c8-bb73-093a1818e03a/resourceGroups/adf-rg-storage-3472",
        "name": "adf-rg-storage-3472",
        "type": "Microsoft.Resources/resourceGroups",
        "location": "westus2",
        "properties": {
          "provisioningState": "Succeeded"
        }
      }
    },
    {
      "RequestUri": "https://management.azure.com/subscriptions/da1d7b9a-a759-41c8-bb73-093a1818e03a/resourceGroups/adf-rg-storage-3472/providers/Microsoft.DataFactory/factories/adf-storage-6448?api-version=2018-06-01",
      "RequestMethod": "PUT",
      "RequestHeaders": {
        "Accept": "application/json",
        "Authorization": "Sanitized",
        "Content-Length": "48",
        "Content-Type": "application/json",
        "traceparent": "00-eedf71b78103acb088bf1d5295cbf892-827b9d8a9f604751-00",
        "User-Agent": "azsdk-net-ResourceManager.DataFactory/1.0.0-alpha.20231121.1 (.NET 7.0.14; Microsoft Windows 10.0.22621)",
        "x-ms-client-request-id": "ea1013124d26228b393a6810637fe1ec",
        "x-ms-return-client-request-id": "true"
      },
      "RequestBody": {
        "tags": {},
        "location": "westus2",
        "properties": {}
      },
      "StatusCode": 200,
      "ResponseHeaders": {
        "Cache-Control": "no-cache",
        "Content-Length": "466",
        "Content-Type": "application/json; charset=utf-8",
        "Date": "Tue, 21 Nov 2023 07:22:36 GMT",
        "Expires": "-1",
        "Pragma": "no-cache",
        "Strict-Transport-Security": "max-age=31536000; includeSubDomains",
        "X-Cache": "CONFIG_NOCACHE",
        "X-Content-Type-Options": "nosniff",
        "x-ms-correlation-request-id": "6a53f3b6-8ea2-45b5-a67b-c7c0f3b39b9d",
        "x-ms-ratelimit-remaining-subscription-writes": "1192",
        "x-ms-request-id": "6a53f3b6-8ea2-45b5-a67b-c7c0f3b39b9d",
        "x-ms-routing-request-id": "JAPANEAST:20231121T072236Z:6a53f3b6-8ea2-45b5-a67b-c7c0f3b39b9d",
        "X-MSEdge-Ref": "Ref A: 49C66E4FCBF64DA48E9B9760CF6A86BE Ref B: TYO201100114025 Ref C: 2023-11-21T07:22:34Z"
      },
      "ResponseBody": {
        "name": "adf-storage-6448",
        "id": "/subscriptions/da1d7b9a-a759-41c8-bb73-093a1818e03a/resourceGroups/adf-rg-storage-3472/providers/Microsoft.DataFactory/factories/adf-storage-6448",
        "type": "Microsoft.DataFactory/factories",
        "properties": {
          "provisioningState": "Succeeded",
          "createTime": "2023-11-21T07:22:36.6730057Z",
          "version": "2018-06-01"
        },
        "eTag": "\u00224004ed43-0000-0800-0000-655c5abc0000\u0022",
        "location": "westus2",
        "tags": {}
      }
    },
    {
      "RequestUri": "https://management.azure.com/subscriptions/da1d7b9a-a759-41c8-bb73-093a1818e03a/resourceGroups/adf-rg-storage-3472/providers/Microsoft.DataFactory/factories/adf-storage-6448/integrationRuntimes/adf-integrationRuntime-9049?api-version=2018-06-01",
      "RequestMethod": "PUT",
      "RequestHeaders": {
        "Accept": "application/json",
        "Authorization": "Sanitized",
        "Content-Length": "172",
        "Content-Type": "application/json",
        "traceparent": "00-8f396d27590230ad25680b72c2d59698-501b9fbe1b12ac60-00",
        "User-Agent": "azsdk-net-ResourceManager.DataFactory/1.0.0-alpha.20231121.1 (.NET 7.0.14; Microsoft Windows 10.0.22621)",
        "x-ms-client-request-id": "a462682678c5b34a31616d5fed00aebb",
        "x-ms-return-client-request-id": "true"
      },
      "RequestBody": {
        "properties": {
          "type": "Managed",
          "typeProperties": {
            "computeProperties": {
              "location": "eastus2",
              "dataFlowProperties": {
                "computeType": "General",
                "coreCount": 4,
                "timeToLive": 10
              }
            }
          }
        }
      },
      "StatusCode": 200,
      "ResponseHeaders": {
        "Cache-Control": "no-cache",
        "Content-Length": "638",
        "Content-Type": "application/json; charset=utf-8",
        "Date": "Tue, 21 Nov 2023 07:22:37 GMT",
        "Expires": "-1",
        "Pragma": "no-cache",
        "Strict-Transport-Security": "max-age=31536000; includeSubDomains",
        "X-Cache": "CONFIG_NOCACHE",
        "X-Content-Type-Options": "nosniff",
        "x-ms-correlation-request-id": "376c9e49-551e-405c-a28c-b3de4568165b",
        "x-ms-ratelimit-remaining-subscription-writes": "1186",
        "x-ms-request-id": "376c9e49-551e-405c-a28c-b3de4568165b",
        "x-ms-routing-request-id": "JAPANEAST:20231121T072237Z:376c9e49-551e-405c-a28c-b3de4568165b",
        "X-MSEdge-Ref": "Ref A: EAB65117D27D4354ACC6C60F89C8A8ED Ref B: TYO201100114025 Ref C: 2023-11-21T07:22:37Z"
      },
      "ResponseBody": {
        "id": "/subscriptions/da1d7b9a-a759-41c8-bb73-093a1818e03a/resourceGroups/adf-rg-storage-3472/providers/Microsoft.DataFactory/factories/adf-storage-6448/integrationruntimes/adf-integrationRuntime-9049",
        "name": "adf-integrationRuntime-9049",
        "type": "Microsoft.DataFactory/factories/integrationruntimes",
        "properties": {
          "type": "Managed",
          "typeProperties": {
            "computeProperties": {
              "location": "eastus2",
              "dataFlowProperties": {
                "computeType": "General",
                "coreCount": 4,
                "timeToLive": 10
              }
            }
          }
        },
        "etag": "0c00c607-0000-0800-0000-655c5abd0000"
      }
    },
    {
      "RequestUri": "https://management.azure.com/subscriptions/da1d7b9a-a759-41c8-bb73-093a1818e03a/resourceGroups/adf-rg-storage-3472/providers/Microsoft.DataFactory/factories/adf-storage-6448/linkedservices/adf_linkedservice_akv_5244?api-version=2018-06-01",
      "RequestMethod": "PUT",
      "RequestHeaders": {
        "Accept": "application/json",
        "Authorization": "Sanitized",
        "Content-Length": "100",
        "Content-Type": "application/json",
        "traceparent": "00-a594159253d8872531ea03a886c5b862-482d35e56ee4f7d1-00",
        "User-Agent": "azsdk-net-ResourceManager.DataFactory/1.0.0-alpha.20231121.1 (.NET 7.0.14; Microsoft Windows 10.0.22621)",
        "x-ms-client-request-id": "ab8ec3d939e9931f539830c587d5ed5c",
        "x-ms-return-client-request-id": "true"
      },
      "RequestBody": {
        "properties": {
          "type": "AzureKeyVault",
          "typeProperties": {
            "baseUrl": "https://Test.vault.azure.net/"
          }
        }
      },
      "StatusCode": 200,
      "ResponseHeaders": {
        "Cache-Control": "no-cache",
        "Content-Length": "482",
        "Content-Type": "application/json; charset=utf-8",
        "Date": "Tue, 21 Nov 2023 07:22:38 GMT",
        "Expires": "-1",
        "Pragma": "no-cache",
        "Strict-Transport-Security": "max-age=31536000; includeSubDomains",
        "X-Cache": "CONFIG_NOCACHE",
        "X-Content-Type-Options": "nosniff",
        "x-ms-correlation-request-id": "e65f2377-ba3d-4146-95b9-1094dadab9ef",
        "x-ms-ratelimit-remaining-subscription-writes": "1185",
        "x-ms-request-id": "e65f2377-ba3d-4146-95b9-1094dadab9ef",
        "x-ms-routing-request-id": "JAPANEAST:20231121T072238Z:e65f2377-ba3d-4146-95b9-1094dadab9ef",
        "X-MSEdge-Ref": "Ref A: 5C5F4641650B4F7FA12D5BA170D0E479 Ref B: TYO201100114025 Ref C: 2023-11-21T07:22:37Z"
      },
      "ResponseBody": {
        "id": "/subscriptions/da1d7b9a-a759-41c8-bb73-093a1818e03a/resourceGroups/adf-rg-storage-3472/providers/Microsoft.DataFactory/factories/adf-storage-6448/linkedservices/adf_linkedservice_akv_5244",
        "name": "adf_linkedservice_akv_5244",
        "type": "Microsoft.DataFactory/factories/linkedservices",
        "properties": {
          "type": "AzureKeyVault",
          "typeProperties": {
            "baseUrl": "https://Test.vault.azure.net/"
          }
        },
        "etag": "0c00c807-0000-0800-0000-655c5abe0000"
      }
    },
    {
      "RequestUri": "https://management.azure.com/subscriptions/da1d7b9a-a759-41c8-bb73-093a1818e03a/resourceGroups/adf-rg-storage-3472/providers/Microsoft.DataFactory/factories/adf-storage-6448/linkedservices/adf_linkedservice_storage_7113?api-version=2018-06-01",
      "RequestMethod": "PUT",
      "RequestHeaders": {
        "Accept": "application/json",
        "Authorization": "Sanitized",
        "Content-Length": "234",
        "Content-Type": "application/json",
        "traceparent": "00-98be09d8ac556cbc0af4c413cd30d5de-99f8a1cee371896b-00",
        "User-Agent": "azsdk-net-ResourceManager.DataFactory/1.0.0-alpha.20231121.1 (.NET 7.0.14; Microsoft Windows 10.0.22621)",
        "x-ms-client-request-id": "c686cc129b4d36c5f5ec1ec34b39ba54",
        "x-ms-return-client-request-id": "true"
      },
      "RequestBody": {
        "properties": {
          "type": "AzureStorage",
          "typeProperties": {
            "sasUri": "fakeSasUri",
            "sasToken": {
              "store": {
                "type": "LinkedServiceReference",
                "referenceName": "adf_linkedservice_akv_5244"
              },
              "secretName": "TestSecret",
              "type": "AzureKeyVaultSecret"
            }
          }
        }
      },
      "StatusCode": 200,
      "ResponseHeaders": {
        "Cache-Control": "no-cache",
        "Content-Length": "702",
        "Content-Type": "application/json; charset=utf-8",
        "Date": "Tue, 21 Nov 2023 07:22:38 GMT",
        "Expires": "-1",
        "Pragma": "no-cache",
        "Strict-Transport-Security": "max-age=31536000; includeSubDomains",
        "X-Cache": "CONFIG_NOCACHE",
        "X-Content-Type-Options": "nosniff",
        "x-ms-correlation-request-id": "067bdf41-9cbc-4b82-a896-54c350ebd009",
        "x-ms-ratelimit-remaining-subscription-writes": "1190",
        "x-ms-request-id": "067bdf41-9cbc-4b82-a896-54c350ebd009",
        "x-ms-routing-request-id": "JAPANEAST:20231121T072239Z:067bdf41-9cbc-4b82-a896-54c350ebd009",
        "X-MSEdge-Ref": "Ref A: 0F8CACBBFCDC46B3BFC50444AE11B214 Ref B: TYO201100114025 Ref C: 2023-11-21T07:22:38Z"
      },
      "ResponseBody": {
        "id": "/subscriptions/da1d7b9a-a759-41c8-bb73-093a1818e03a/resourceGroups/adf-rg-storage-3472/providers/Microsoft.DataFactory/factories/adf-storage-6448/linkedservices/adf_linkedservice_storage_7113",
        "name": "adf_linkedservice_storage_7113",
        "type": "Microsoft.DataFactory/factories/linkedservices",
        "properties": {
          "type": "AzureStorage",
          "typeProperties": {
            "sasUri": "fakeSasUri",
            "sasToken": {
              "store": {
                "type": "LinkedServiceReference",
                "referenceName": "adf_linkedservice_akv_5244"
              },
              "secretName": "TestSecret",
              "type": "AzureKeyVaultSecret"
            }
          }
        },
        "etag": "0c00ca07-0000-0800-0000-655c5abf0000"
      }
    }
  ],
  "Variables": {
    "AZURE_AUTHORITY_HOST": null,
    "RandomSeed": "1594439829",
    "RESOURCE_MANAGER_URL": null,
    "SUBSCRIPTION_ID": "da1d7b9a-a759-41c8-bb73-093a1818e03a"
  }
}
