{
  "Entries": [
    {
      "RequestUri": "https://management.azure.com/subscriptions/da1d7b9a-a759-41c8-bb73-093a1818e03a/resourceGroups/DataFactory-RG-9392/providers/Microsoft.DataFactory/factories/DataFactory-4f96aab4-6981-3be5-86c6-3e8f8ae78256-7829?api-version=2018-06-01",
      "RequestMethod": "PUT",
      "RequestHeaders": {
        "Accept": "application/json",
        "Authorization": "Sanitized",
        "Content-Length": "48",
        "Content-Type": "application/json",
        "traceparent": "00-15b3d5e0615ad341891acb8b5444ef4c-22c324caaa00ff3e-00",
        "User-Agent": "azsdk-net-ResourceManager.DataFactory/1.0.0-alpha.20231106.1 (.NET 7.0.13; Microsoft Windows 10.0.22621)",
        "x-ms-client-request-id": "eac4c725f70be64b68b821a2a60cdc11",
        "x-ms-return-client-request-id": "true"
      },
      "RequestBody": {
        "tags": {},
        "location": "westus2",
        "properties": {}
      },
      "StatusCode": 200,
      "ResponseHeaders": {
        "Cache-Control": "no-cache",
        "Content-Length": "540",
        "Content-Type": "application/json; charset=utf-8",
        "Date": "Tue, 07 Nov 2023 07:02:08 GMT",
        "Expires": "-1",
        "Pragma": "no-cache",
        "Server": "Kestrel",
        "Strict-Transport-Security": "max-age=31536000; includeSubDomains",
        "X-Content-Type-Options": "nosniff",
        "x-ms-correlation-request-id": "ca41ad99-5924-4035-aead-5f0ef5bd2dc5",
        "x-ms-ratelimit-remaining-subscription-writes": "1059",
        "x-ms-request-id": "ca41ad99-5924-4035-aead-5f0ef5bd2dc5",
        "x-ms-routing-request-id": "SOUTHEASTASIA:20231107T070208Z:ca41ad99-5924-4035-aead-5f0ef5bd2dc5"
      },
      "ResponseBody": {
        "name": "DataFactory-4f96aab4-6981-3be5-86c6-3e8f8ae78256-7829",
        "id": "/subscriptions/da1d7b9a-a759-41c8-bb73-093a1818e03a/resourceGroups/datafactory-rg-9392/providers/Microsoft.DataFactory/factories/datafactory-4f96aab4-6981-3be5-86c6-3e8f8ae78256-7829",
        "type": "Microsoft.DataFactory/factories",
        "properties": {
          "provisioningState": "Succeeded",
          "createTime": "2023-11-07T07:02:07.9527289Z",
          "version": "2018-06-01"
        },
        "eTag": "\u0022f4017a9b-0000-0800-0000-6549e0f00000\u0022",
        "location": "westus2",
        "tags": {}
      }
    },
    {
      "RequestUri": "https://management.azure.com/subscriptions/da1d7b9a-a759-41c8-bb73-093a1818e03a/resourceGroups/datafactory-rg-9392/providers/Microsoft.DataFactory/factories/datafactory-4f96aab4-6981-3be5-86c6-3e8f8ae78256-7829/linkedservices/LinkedService8933?api-version=2018-06-01",
      "RequestMethod": "PUT",
      "RequestHeaders": {
        "Accept": "application/json",
        "Authorization": "Sanitized",
        "Content-Length": "100",
        "Content-Type": "application/json",
        "traceparent": "00-8ef6cc0dd90c1ff491074817b7086175-d5a47e1a6d4801a6-00",
        "User-Agent": "azsdk-net-ResourceManager.DataFactory/1.0.0-alpha.20231106.1 (.NET 7.0.13; Microsoft Windows 10.0.22621)",
        "x-ms-client-request-id": "5f77922b821889abb62c47999f764b45",
        "x-ms-return-client-request-id": "true"
      },
      "RequestBody": {
        "properties": {
          "type": "AzureKeyVault",
          "typeProperties": {
            "baseUrl": "https://Test.vault.azure.net/"
          }
        }
      },
      "StatusCode": 200,
      "ResponseHeaders": {
        "Cache-Control": "no-cache",
        "Content-Length": "501",
        "Content-Type": "application/json; charset=utf-8",
        "Date": "Tue, 07 Nov 2023 07:02:08 GMT",
        "Expires": "-1",
        "Pragma": "no-cache",
        "Server": "Kestrel",
        "Strict-Transport-Security": "max-age=31536000; includeSubDomains",
        "X-Content-Type-Options": "nosniff",
        "x-ms-correlation-request-id": "db153fa1-a381-4ded-9157-aef88a5ff01a",
        "x-ms-ratelimit-remaining-subscription-writes": "1058",
        "x-ms-request-id": "db153fa1-a381-4ded-9157-aef88a5ff01a",
        "x-ms-routing-request-id": "SOUTHEASTASIA:20231107T070208Z:db153fa1-a381-4ded-9157-aef88a5ff01a"
      },
      "ResponseBody": {
        "id": "/subscriptions/da1d7b9a-a759-41c8-bb73-093a1818e03a/resourceGroups/datafactory-rg-9392/providers/Microsoft.DataFactory/factories/datafactory-4f96aab4-6981-3be5-86c6-3e8f8ae78256-7829/linkedservices/LinkedService8933",
        "name": "LinkedService8933",
        "type": "Microsoft.DataFactory/factories/linkedservices",
        "properties": {
          "type": "AzureKeyVault",
          "typeProperties": {
            "baseUrl": "https://Test.vault.azure.net/"
          }
        },
        "etag": "78013c2c-0000-0800-0000-6549e0f00000"
      }
    },
    {
      "RequestUri": "https://management.azure.com/subscriptions/da1d7b9a-a759-41c8-bb73-093a1818e03a/resourceGroups/datafactory-rg-9392/providers/Microsoft.DataFactory/factories/datafactory-4f96aab4-6981-3be5-86c6-3e8f8ae78256-7829/linkedservices/LinkedService9702?api-version=2018-06-01",
      "RequestMethod": "PUT",
      "RequestHeaders": {
        "Accept": "application/json",
        "Authorization": "Sanitized",
        "Content-Length": "236",
        "Content-Type": "application/json",
        "traceparent": "00-d48d7d2710dfd58216a514adec3cc9de-b32768403f299fcc-00",
        "User-Agent": "azsdk-net-ResourceManager.DataFactory/1.0.0-alpha.20231106.1 (.NET 7.0.13; Microsoft Windows 10.0.22621)",
        "x-ms-client-request-id": "f4d01bf0f0e040df3a537f8044b89f95",
        "x-ms-return-client-request-id": "true"
      },
      "RequestBody": {
        "properties": {
          "type": "CosmosDb",
          "typeProperties": {
            "connectionString": "Sanitized",
            "accountKey": {
              "store": {
                "type": "LinkedServiceReference",
                "referenceName": "LinkedService8933"
              },
              "secretName": "fakeSecretName",
              "type": "AzureKeyVaultSecret"
            }
          }
        }
      },
      "StatusCode": 200,
      "ResponseHeaders": {
        "Cache-Control": "no-cache",
        "Content-Length": "588",
        "Content-Type": "application/json; charset=utf-8",
        "Date": "Tue, 07 Nov 2023 07:02:09 GMT",
        "Expires": "-1",
        "Pragma": "no-cache",
        "Server": "Kestrel",
        "Strict-Transport-Security": "max-age=31536000; includeSubDomains",
        "X-Content-Type-Options": "nosniff",
        "x-ms-correlation-request-id": "287293a4-c6d7-4ed1-94e3-28f63ab28192",
        "x-ms-ratelimit-remaining-subscription-writes": "1057",
        "x-ms-request-id": "287293a4-c6d7-4ed1-94e3-28f63ab28192",
        "x-ms-routing-request-id": "SOUTHEASTASIA:20231107T070209Z:287293a4-c6d7-4ed1-94e3-28f63ab28192"
      },
      "ResponseBody": {
        "id": "/subscriptions/da1d7b9a-a759-41c8-bb73-093a1818e03a/resourceGroups/datafactory-rg-9392/providers/Microsoft.DataFactory/factories/datafactory-4f96aab4-6981-3be5-86c6-3e8f8ae78256-7829/linkedservices/LinkedService9702",
        "name": "LinkedService9702",
        "type": "Microsoft.DataFactory/factories/linkedservices",
        "properties": {
          "type": "CosmosDb",
          "typeProperties": {
            "connectionString": "Sanitized",
            "accountKey": {
              "store": {
                "type": "LinkedServiceReference",
                "referenceName": "LinkedService8933"
              },
              "secretName": "fakeSecretName",
              "type": "AzureKeyVaultSecret"
            }
          }
        },
        "etag": "7801442c-0000-0800-0000-6549e0f10000"
      }
    }
  ],
  "Variables": {
    "AZURE_AUTHORITY_HOST": null,
    "RandomSeed": "1296991619",
    "RESOURCE_MANAGER_URL": null,
    "SUBSCRIPTION_ID": "da1d7b9a-a759-41c8-bb73-093a1818e03a"
  }
}
