{
  "Entries": [
    {
      "RequestUri": "https://management.azure.com/subscriptions/da1d7b9a-a759-41c8-bb73-093a1818e03a?api-version=2022-12-01",
      "RequestMethod": "GET",
      "RequestHeaders": {
        "Accept": "application/json",
        "Authorization": "Sanitized",
        "traceparent": "00-34f8001d9bc282119cd1f705822d8062-d0301a49f6c493e8-00",
        "User-Agent": "azsdk-net-ResourceManager/1.9.0 (.NET 7.0.14; Microsoft Windows 10.0.22621)",
        "x-ms-client-request-id": "10377e6e1c13ab1c5d09d8debb052d90",
        "x-ms-return-client-request-id": "true"
      },
      "RequestBody": null,
      "StatusCode": 200,
      "ResponseHeaders": {
        "Cache-Control": "no-cache",
        "Content-Length": "501",
        "Content-Type": "application/json; charset=utf-8",
        "Date": "Tue, 21 Nov 2023 07:56:27 GMT",
        "Expires": "-1",
        "Pragma": "no-cache",
        "Strict-Transport-Security": "max-age=31536000; includeSubDomains",
        "X-Cache": "CONFIG_NOCACHE",
        "X-Content-Type-Options": "nosniff",
        "x-ms-correlation-request-id": "e324eb9d-2916-4af3-89e0-300324053b4c",
        "x-ms-ratelimit-remaining-subscription-reads": "11495",
        "x-ms-request-id": "e324eb9d-2916-4af3-89e0-300324053b4c",
        "x-ms-routing-request-id": "JAPANEAST:20231121T075628Z:e324eb9d-2916-4af3-89e0-300324053b4c",
        "X-MSEdge-Ref": "Ref A: 4EE19CDA4FE5481897675671B1018658 Ref B: TYO201100116009 Ref C: 2023-11-21T07:56:28Z"
      },
      "ResponseBody": {
        "id": "/subscriptions/da1d7b9a-a759-41c8-bb73-093a1818e03a",
        "authorizationSource": "RoleBased",
        "managedByTenants": [
          {
            "tenantId": "2f4a9838-26b7-47ee-be60-ccc1fdec5953"
          }
        ],
        "tags": {
          "NRMS10318670": "20220720"
        },
        "subscriptionId": "da1d7b9a-a759-41c8-bb73-093a1818e03a",
        "tenantId": "72f988bf-86f1-41af-91ab-2d7cd011db47",
        "displayName": "ADMS_Test_Engineering_RichTransform",
        "state": "Enabled",
        "subscriptionPolicies": {
          "locationPlacementId": "Internal_2014-09-01",
          "quotaId": "Internal_2014-09-01",
          "spendingLimit": "Off"
        }
      }
    },
    {
      "RequestUri": "https://management.azure.com/subscriptions/da1d7b9a-a759-41c8-bb73-093a1818e03a/resourcegroups/adf-rg-servicenow-2481?api-version=2022-09-01",
      "RequestMethod": "PUT",
      "RequestHeaders": {
        "Accept": "application/json",
        "Authorization": "Sanitized",
        "Content-Length": "22",
        "Content-Type": "application/json",
        "traceparent": "00-9b884b640a01f9944d1831dd97461d35-bce6da749d04b40e-00",
        "User-Agent": "azsdk-net-ResourceManager/1.9.0 (.NET 7.0.14; Microsoft Windows 10.0.22621)",
        "x-ms-client-request-id": "0cc01f9398962c41ff03a98f231f0b04",
        "x-ms-return-client-request-id": "true"
      },
      "RequestBody": {
        "location": "westus2"
      },
      "StatusCode": 201,
      "ResponseHeaders": {
        "Cache-Control": "no-cache",
        "Content-Length": "242",
        "Content-Type": "application/json; charset=utf-8",
        "Date": "Tue, 21 Nov 2023 07:56:27 GMT",
        "Expires": "-1",
        "Pragma": "no-cache",
        "Strict-Transport-Security": "max-age=31536000; includeSubDomains",
        "X-Cache": "CONFIG_NOCACHE",
        "X-Content-Type-Options": "nosniff",
        "x-ms-correlation-request-id": "a0709caa-923b-4c96-a534-4c68c4d1194c",
        "x-ms-ratelimit-remaining-subscription-writes": "1181",
        "x-ms-request-id": "a0709caa-923b-4c96-a534-4c68c4d1194c",
        "x-ms-routing-request-id": "JAPANEAST:20231121T075628Z:a0709caa-923b-4c96-a534-4c68c4d1194c",
        "X-MSEdge-Ref": "Ref A: EC046FBEC578440DA888FD7B45CEEE8D Ref B: TYO201100116009 Ref C: 2023-11-21T07:56:28Z"
      },
      "ResponseBody": {
        "id": "/subscriptions/da1d7b9a-a759-41c8-bb73-093a1818e03a/resourceGroups/adf-rg-servicenow-2481",
        "name": "adf-rg-servicenow-2481",
        "type": "Microsoft.Resources/resourceGroups",
        "location": "westus2",
        "properties": {
          "provisioningState": "Succeeded"
        }
      }
    },
    {
      "RequestUri": "https://management.azure.com/subscriptions/da1d7b9a-a759-41c8-bb73-093a1818e03a/resourceGroups/adf-rg-servicenow-2481/providers/Microsoft.DataFactory/factories/adf-servicenow-9036?api-version=2018-06-01",
      "RequestMethod": "PUT",
      "RequestHeaders": {
        "Accept": "application/json",
        "Authorization": "Sanitized",
        "Content-Length": "48",
        "Content-Type": "application/json",
        "traceparent": "00-9592001130542562e5d4f6901e5d2c4c-396d4ba509896176-00",
        "User-Agent": "azsdk-net-ResourceManager.DataFactory/1.0.0-alpha.20231121.1 (.NET 7.0.14; Microsoft Windows 10.0.22621)",
        "x-ms-client-request-id": "9fff6f07f5d50849e7e4b69d609c1849",
        "x-ms-return-client-request-id": "true"
      },
      "RequestBody": {
        "location": "westus2",
        "properties": {}
      },
      "StatusCode": 200,
      "ResponseHeaders": {
        "Cache-Control": "no-cache",
        "Content-Length": "475",
        "Content-Type": "application/json; charset=utf-8",
        "Date": "Tue, 21 Nov 2023 07:56:30 GMT",
        "Expires": "-1",
        "Pragma": "no-cache",
        "Strict-Transport-Security": "max-age=31536000; includeSubDomains",
        "X-Cache": "CONFIG_NOCACHE",
        "X-Content-Type-Options": "nosniff",
        "x-ms-correlation-request-id": "00347cfb-f425-4fa3-8926-73d9180dd3bd",
        "x-ms-ratelimit-remaining-subscription-writes": "1185",
        "x-ms-request-id": "00347cfb-f425-4fa3-8926-73d9180dd3bd",
        "x-ms-routing-request-id": "JAPANEAST:20231121T075631Z:00347cfb-f425-4fa3-8926-73d9180dd3bd",
        "X-MSEdge-Ref": "Ref A: 63A4A1DC243F41F09CABC04D87F68AF0 Ref B: TYO201100116009 Ref C: 2023-11-21T07:56:28Z"
      },
      "ResponseBody": {
        "name": "adf-servicenow-9036",
        "id": "/subscriptions/da1d7b9a-a759-41c8-bb73-093a1818e03a/resourceGroups/adf-rg-servicenow-2481/providers/Microsoft.DataFactory/factories/adf-servicenow-9036",
        "type": "Microsoft.DataFactory/factories",
        "properties": {
          "provisioningState": "Succeeded",
          "createTime": "2023-11-21T07:56:30.8668248Z",
          "version": "2018-06-01"
        },
        "eTag": "\u002241042595-0000-0800-0000-655c62ae0000\u0022",
        "location": "westus2",
        "tags": {}
      }
    },
    {
      "RequestUri": "https://management.azure.com/subscriptions/da1d7b9a-a759-41c8-bb73-093a1818e03a/resourceGroups/adf-rg-servicenow-2481/providers/Microsoft.DataFactory/factories/adf-servicenow-9036/integrationRuntimes/adf-integrationRuntime-8291?api-version=2018-06-01",
      "RequestMethod": "PUT",
      "RequestHeaders": {
        "Accept": "application/json",
        "Authorization": "Sanitized",
        "Content-Length": "172",
        "Content-Type": "application/json",
        "traceparent": "00-e24c8ca27ce8d3384722840cd4789bba-1bfd9fe3be479f5f-00",
        "User-Agent": "azsdk-net-ResourceManager.DataFactory/1.0.0-alpha.20231121.1 (.NET 7.0.14; Microsoft Windows 10.0.22621)",
        "x-ms-client-request-id": "ac07a6fcd5130a3c100f728d883efed4",
        "x-ms-return-client-request-id": "true"
      },
      "RequestBody": {
        "properties": {
          "type": "Managed",
          "typeProperties": {
            "computeProperties": {
              "location": "eastus2",
              "dataFlowProperties": {
                "computeType": "General",
                "coreCount": 4,
                "timeToLive": 10
              }
            }
          }
        }
      },
      "StatusCode": 200,
      "ResponseHeaders": {
        "Cache-Control": "no-cache",
        "Content-Length": "644",
        "Content-Type": "application/json; charset=utf-8",
        "Date": "Tue, 21 Nov 2023 07:56:30 GMT",
        "Expires": "-1",
        "Pragma": "no-cache",
        "Strict-Transport-Security": "max-age=31536000; includeSubDomains",
        "X-Cache": "CONFIG_NOCACHE",
        "X-Content-Type-Options": "nosniff",
        "x-ms-correlation-request-id": "ce52290c-947c-4965-b5c5-4591fafd1f11",
        "x-ms-ratelimit-remaining-subscription-writes": "1184",
        "x-ms-request-id": "ce52290c-947c-4965-b5c5-4591fafd1f11",
        "x-ms-routing-request-id": "JAPANEAST:20231121T075631Z:ce52290c-947c-4965-b5c5-4591fafd1f11",
        "X-MSEdge-Ref": "Ref A: D581720C8D7545ECBCB52D5A96FA920B Ref B: TYO201100116009 Ref C: 2023-11-21T07:56:31Z"
      },
      "ResponseBody": {
        "id": "/subscriptions/da1d7b9a-a759-41c8-bb73-093a1818e03a/resourceGroups/adf-rg-servicenow-2481/providers/Microsoft.DataFactory/factories/adf-servicenow-9036/integrationruntimes/adf-integrationRuntime-8291",
        "name": "adf-integrationRuntime-8291",
        "type": "Microsoft.DataFactory/factories/integrationruntimes",
        "properties": {
          "type": "Managed",
          "typeProperties": {
            "computeProperties": {
              "location": "eastus2",
              "dataFlowProperties": {
                "computeType": "General",
                "coreCount": 4,
                "timeToLive": 10
              }
            }
          }
        },
        "etag": "6b04fd3a-0000-0800-0000-655c62af0000"
      }
    },
    {
      "RequestUri": "https://management.azure.com/subscriptions/da1d7b9a-a759-41c8-bb73-093a1818e03a/resourceGroups/adf-rg-servicenow-2481/providers/Microsoft.DataFactory/factories/adf-servicenow-9036/linkedservices/adf_linkedservice_akv_1164?api-version=2018-06-01",
      "RequestMethod": "PUT",
      "RequestHeaders": {
        "Accept": "application/json",
        "Authorization": "Sanitized",
        "Content-Length": "100",
        "Content-Type": "application/json",
        "traceparent": "00-a87cb1c4441c14b39c928af15c21c0bf-2c0be5e525730de5-00",
        "User-Agent": "azsdk-net-ResourceManager.DataFactory/1.0.0-alpha.20231121.1 (.NET 7.0.14; Microsoft Windows 10.0.22621)",
        "x-ms-client-request-id": "bef02d96772aaf04b38a8e9f67914642",
        "x-ms-return-client-request-id": "true"
      },
      "RequestBody": {
        "properties": {
          "type": "AzureKeyVault",
          "typeProperties": {
            "baseUrl": "https://Test.vault.azure.net/"
          }
        }
      },
      "StatusCode": 200,
      "ResponseHeaders": {
        "Cache-Control": "no-cache",
        "Content-Length": "488",
        "Content-Type": "application/json; charset=utf-8",
        "Date": "Tue, 21 Nov 2023 07:56:31 GMT",
        "Expires": "-1",
        "Pragma": "no-cache",
        "Strict-Transport-Security": "max-age=31536000; includeSubDomains",
        "X-Cache": "CONFIG_NOCACHE",
        "X-Content-Type-Options": "nosniff",
        "x-ms-correlation-request-id": "655e10af-7b1d-4e7d-8415-97a4e24edb23",
        "x-ms-ratelimit-remaining-subscription-writes": "1170",
        "x-ms-request-id": "655e10af-7b1d-4e7d-8415-97a4e24edb23",
        "x-ms-routing-request-id": "JAPANEAST:20231121T075632Z:655e10af-7b1d-4e7d-8415-97a4e24edb23",
        "X-MSEdge-Ref": "Ref A: 9838A519C8B24D80BD6842663D5AC3AF Ref B: TYO201100116009 Ref C: 2023-11-21T07:56:32Z"
      },
      "ResponseBody": {
        "id": "/subscriptions/da1d7b9a-a759-41c8-bb73-093a1818e03a/resourceGroups/adf-rg-servicenow-2481/providers/Microsoft.DataFactory/factories/adf-servicenow-9036/linkedservices/adf_linkedservice_akv_1164",
        "name": "adf_linkedservice_akv_1164",
        "type": "Microsoft.DataFactory/factories/linkedservices",
        "properties": {
          "type": "AzureKeyVault",
          "typeProperties": {
            "baseUrl": "https://Test.vault.azure.net/"
          }
        },
        "etag": "6b04323b-0000-0800-0000-655c62b00000"
      }
    },
    {
      "RequestUri": "https://management.azure.com/subscriptions/da1d7b9a-a759-41c8-bb73-093a1818e03a/resourceGroups/adf-rg-servicenow-2481/providers/Microsoft.DataFactory/factories/adf-servicenow-9036/linkedservices/adf_linkedservice_servicenow_4556?api-version=2018-06-01",
      "RequestMethod": "PUT",
      "RequestHeaders": {
        "Accept": "application/json",
        "Authorization": "Sanitized",
        "Content-Length": "205",
        "Content-Type": "application/json",
        "traceparent": "00-728b761f9208986e7766fe5a29c1f2ea-5d4714e7d68bacef-00",
        "User-Agent": "azsdk-net-ResourceManager.DataFactory/1.0.0-alpha.20231121.1 (.NET 7.0.14; Microsoft Windows 10.0.22621)",
        "x-ms-client-request-id": "f0fc652299f394c2c4e6d67a5fa6b8c9",
        "x-ms-return-client-request-id": "true"
      },
      "RequestBody": {
        "properties": {
          "type": "ServiceNow",
          "typeProperties": {
            "endpoint": "http://instance.service-now.com",
            "authenticationType": "Basic",
            "username": "admin",
            "password": {
              "value": "some secret",
              "type": "SecureString"
            }
          }
        }
      },
      "StatusCode": 200,
      "ResponseHeaders": {
        "Cache-Control": "no-cache",
        "Content-Length": "871",
        "Content-Type": "application/json; charset=utf-8",
        "Date": "Tue, 21 Nov 2023 07:56:32 GMT",
        "Expires": "-1",
        "Pragma": "no-cache",
        "Strict-Transport-Security": "max-age=31536000; includeSubDomains",
        "X-Cache": "CONFIG_NOCACHE",
        "X-Content-Type-Options": "nosniff",
        "x-ms-correlation-request-id": "77f3c466-50d4-40c1-b85d-be8eac9779bb",
        "x-ms-ratelimit-remaining-subscription-writes": "1180",
        "x-ms-request-id": "77f3c466-50d4-40c1-b85d-be8eac9779bb",
        "x-ms-routing-request-id": "JAPANEAST:20231121T075633Z:77f3c466-50d4-40c1-b85d-be8eac9779bb",
        "X-MSEdge-Ref": "Ref A: 7DDC372C401C445F8B0D2EE1D7C116C5 Ref B: TYO201100116009 Ref C: 2023-11-21T07:56:32Z"
      },
      "ResponseBody": {
        "id": "/subscriptions/da1d7b9a-a759-41c8-bb73-093a1818e03a/resourceGroups/adf-rg-servicenow-2481/providers/Microsoft.DataFactory/factories/adf-servicenow-9036/linkedservices/adf_linkedservice_servicenow_4556",
        "name": "adf_linkedservice_servicenow_4556",
        "type": "Microsoft.DataFactory/factories/linkedservices",
        "properties": {
          "type": "ServiceNow",
          "typeProperties": {
            "endpoint": "http://instance.service-now.com",
            "authenticationType": "Basic",
            "username": "admin",
            "encryptedCredential": "ew0KICAiVmVyc2lvbiI6ICIyMDE3LTExLTMwIiwNCiAgIlByb3RlY3Rpb25Nb2RlIjogIktleSIsDQogICJTZWNyZXRDb250ZW50VHlwZSI6ICJQbGFpbnRleHQiLA0KICAiQ3JlZGVudGlhbElkIjogIkRBVEFGQUNUT1JZQDA3Q0I3RjkxLTYyNzUtNEM4RS1BNjlGLTRGQUQ0MTMxNTAxQ18zNjRiNjU0Ni01YWJhLTQ1YWUtYWQyMy01YjBjYTcyMzAwMzUiDQp9"
          }
        },
        "etag": "6b04563b-0000-0800-0000-655c62b10000"
      }
    }
  ],
  "Variables": {
    "AZURE_AUTHORITY_HOST": null,
    "RandomSeed": "1769632331",
    "RESOURCE_MANAGER_URL": null,
    "SUBSCRIPTION_ID": "da1d7b9a-a759-41c8-bb73-093a1818e03a"
  }
}
