{
  "Entries": [
    {
      "RequestUri": "https://management.azure.com/subscriptions/da1d7b9a-a759-41c8-bb73-093a1818e03a?api-version=2022-12-01",
      "RequestMethod": "GET",
      "RequestHeaders": {
        "Accept": "application/json",
        "Authorization": "Sanitized",
        "traceparent": "00-f6199b0908c775a8c3eaab8df14e5340-dc9b03ad6b3834a7-00",
        "User-Agent": "azsdk-net-ResourceManager/1.9.0 (.NET 7.0.14; Microsoft Windows 10.0.22621)",
        "x-ms-client-request-id": "c6db1f16596d846023e3f34b04e63e7c",
        "x-ms-return-client-request-id": "true"
      },
      "RequestBody": null,
      "StatusCode": 200,
      "ResponseHeaders": {
        "Cache-Control": "no-cache",
        "Content-Length": "501",
        "Content-Type": "application/json; charset=utf-8",
        "Date": "Tue, 21 Nov 2023 07:43:08 GMT",
        "Expires": "-1",
        "Pragma": "no-cache",
        "Strict-Transport-Security": "max-age=31536000; includeSubDomains",
        "X-Cache": "CONFIG_NOCACHE",
        "X-Content-Type-Options": "nosniff",
        "x-ms-correlation-request-id": "f46c9598-b1a0-4698-a977-89b9bc1f29b2",
        "x-ms-ratelimit-remaining-subscription-reads": "10818",
        "x-ms-request-id": "f46c9598-b1a0-4698-a977-89b9bc1f29b2",
        "x-ms-routing-request-id": "JAPANWEST:20231121T074309Z:f46c9598-b1a0-4698-a977-89b9bc1f29b2",
        "X-MSEdge-Ref": "Ref A: 72DA00908DE241C49A57FA461F19CAA9 Ref B: TYO201100117007 Ref C: 2023-11-21T07:43:09Z"
      },
      "ResponseBody": {
        "id": "/subscriptions/da1d7b9a-a759-41c8-bb73-093a1818e03a",
        "authorizationSource": "RoleBased",
        "managedByTenants": [
          {
            "tenantId": "2f4a9838-26b7-47ee-be60-ccc1fdec5953"
          }
        ],
        "tags": {
          "NRMS10318670": "20220720"
        },
        "subscriptionId": "da1d7b9a-a759-41c8-bb73-093a1818e03a",
        "tenantId": "72f988bf-86f1-41af-91ab-2d7cd011db47",
        "displayName": "ADMS_Test_Engineering_RichTransform",
        "state": "Enabled",
        "subscriptionPolicies": {
          "locationPlacementId": "Internal_2014-09-01",
          "quotaId": "Internal_2014-09-01",
          "spendingLimit": "Off"
        }
      }
    },
    {
      "RequestUri": "https://management.azure.com/subscriptions/da1d7b9a-a759-41c8-bb73-093a1818e03a/resourcegroups/adf-rg-azureml-8532?api-version=2022-09-01",
      "RequestMethod": "PUT",
      "RequestHeaders": {
        "Accept": "application/json",
        "Authorization": "Sanitized",
        "Content-Length": "22",
        "Content-Type": "application/json",
        "traceparent": "00-b3cbaa6dd1c582f2560c48c96d8ebc2f-f1c1e7c04486d157-00",
        "User-Agent": "azsdk-net-ResourceManager/1.9.0 (.NET 7.0.14; Microsoft Windows 10.0.22621)",
        "x-ms-client-request-id": "40354765b11ce194b7330daa4ad91918",
        "x-ms-return-client-request-id": "true"
      },
      "RequestBody": {
        "location": "westus2"
      },
      "StatusCode": 201,
      "ResponseHeaders": {
        "Cache-Control": "no-cache",
        "Content-Length": "236",
        "Content-Type": "application/json; charset=utf-8",
        "Date": "Tue, 21 Nov 2023 07:43:10 GMT",
        "Expires": "-1",
        "Pragma": "no-cache",
        "Strict-Transport-Security": "max-age=31536000; includeSubDomains",
        "X-Cache": "CONFIG_NOCACHE",
        "X-Content-Type-Options": "nosniff",
        "x-ms-correlation-request-id": "ac0a0834-95e5-487b-931f-312af6f586a7",
        "x-ms-ratelimit-remaining-subscription-writes": "1178",
        "x-ms-request-id": "ac0a0834-95e5-487b-931f-312af6f586a7",
        "x-ms-routing-request-id": "JAPANEAST:20231121T074310Z:ac0a0834-95e5-487b-931f-312af6f586a7",
        "X-MSEdge-Ref": "Ref A: F9ECD31320614E6BA76B3ECB4188A47B Ref B: TYO201100117007 Ref C: 2023-11-21T07:43:09Z"
      },
      "ResponseBody": {
        "id": "/subscriptions/da1d7b9a-a759-41c8-bb73-093a1818e03a/resourceGroups/adf-rg-azureml-8532",
        "name": "adf-rg-azureml-8532",
        "type": "Microsoft.Resources/resourceGroups",
        "location": "westus2",
        "properties": {
          "provisioningState": "Succeeded"
        }
      }
    },
    {
      "RequestUri": "https://management.azure.com/subscriptions/da1d7b9a-a759-41c8-bb73-093a1818e03a/resourceGroups/adf-rg-azureml-8532/providers/Microsoft.DataFactory/factories/adf-azureml-5969?api-version=2018-06-01",
      "RequestMethod": "PUT",
      "RequestHeaders": {
        "Accept": "application/json",
        "Authorization": "Sanitized",
        "Content-Length": "48",
        "Content-Type": "application/json",
        "traceparent": "00-92b0a6107f427277b18cce39709d9dc7-3fe9a3c9e32604bb-00",
        "User-Agent": "azsdk-net-ResourceManager.DataFactory/1.0.0-alpha.20231121.1 (.NET 7.0.14; Microsoft Windows 10.0.22621)",
        "x-ms-client-request-id": "27f812720c89746b1d6118a0cc747501",
        "x-ms-return-client-request-id": "true"
      },
      "RequestBody": {
        "tags": {},
        "location": "westus2",
        "properties": {}
      },
      "StatusCode": 200,
      "ResponseHeaders": {
        "Cache-Control": "no-cache",
        "Content-Length": "465",
        "Content-Type": "application/json; charset=utf-8",
        "Date": "Tue, 21 Nov 2023 07:43:12 GMT",
        "Expires": "-1",
        "Pragma": "no-cache",
        "Strict-Transport-Security": "max-age=31536000; includeSubDomains",
        "X-Cache": "CONFIG_NOCACHE",
        "X-Content-Type-Options": "nosniff",
        "x-ms-correlation-request-id": "e85490ab-8d86-4054-9ff2-5eaea0ddf902",
        "x-ms-ratelimit-remaining-subscription-writes": "1180",
        "x-ms-request-id": "e85490ab-8d86-4054-9ff2-5eaea0ddf902",
        "x-ms-routing-request-id": "JAPANEAST:20231121T074312Z:e85490ab-8d86-4054-9ff2-5eaea0ddf902",
        "X-MSEdge-Ref": "Ref A: 7C2891C695D4457AB035EA8E1F39C57F Ref B: TYO201100117007 Ref C: 2023-11-21T07:43:10Z"
      },
      "ResponseBody": {
        "name": "adf-azureml-5969",
        "id": "/subscriptions/da1d7b9a-a759-41c8-bb73-093a1818e03a/resourceGroups/adf-rg-azureml-8532/providers/Microsoft.DataFactory/factories/adf-azureml-5969",
        "type": "Microsoft.DataFactory/factories",
        "properties": {
          "provisioningState": "Succeeded",
          "createTime": "2023-11-21T07:43:12.525665Z",
          "version": "2018-06-01"
        },
        "eTag": "\u00224104af10-0000-0800-0000-655c5f900000\u0022",
        "location": "westus2",
        "tags": {}
      }
    },
    {
      "RequestUri": "https://management.azure.com/subscriptions/da1d7b9a-a759-41c8-bb73-093a1818e03a/resourceGroups/adf-rg-azureml-8532/providers/Microsoft.DataFactory/factories/adf-azureml-5969/integrationRuntimes/adf-integrationRuntime-5096?api-version=2018-06-01",
      "RequestMethod": "PUT",
      "RequestHeaders": {
        "Accept": "application/json",
        "Authorization": "Sanitized",
        "Content-Length": "172",
        "Content-Type": "application/json",
        "traceparent": "00-25d9fb6853c2608148c11c6b5abea58d-25c6c7a9bf770832-00",
        "User-Agent": "azsdk-net-ResourceManager.DataFactory/1.0.0-alpha.20231121.1 (.NET 7.0.14; Microsoft Windows 10.0.22621)",
        "x-ms-client-request-id": "5b4a2e136458fa8b0e3a4cb5394acada",
        "x-ms-return-client-request-id": "true"
      },
      "RequestBody": {
        "properties": {
          "type": "Managed",
          "typeProperties": {
            "computeProperties": {
              "location": "eastus2",
              "dataFlowProperties": {
                "computeType": "General",
                "coreCount": 4,
                "timeToLive": 10
              }
            }
          }
        }
      },
      "StatusCode": 200,
      "ResponseHeaders": {
        "Cache-Control": "no-cache",
        "Content-Length": "638",
        "Content-Type": "application/json; charset=utf-8",
        "Date": "Tue, 21 Nov 2023 07:43:12 GMT",
        "Expires": "-1",
        "Pragma": "no-cache",
        "Strict-Transport-Security": "max-age=31536000; includeSubDomains",
        "X-Cache": "CONFIG_NOCACHE",
        "X-Content-Type-Options": "nosniff",
        "x-ms-correlation-request-id": "23f7e89f-a9f0-430b-a0cd-5ae079b7ef69",
        "x-ms-ratelimit-remaining-subscription-writes": "1179",
        "x-ms-request-id": "23f7e89f-a9f0-430b-a0cd-5ae079b7ef69",
        "x-ms-routing-request-id": "JAPANEAST:20231121T074313Z:23f7e89f-a9f0-430b-a0cd-5ae079b7ef69",
        "X-MSEdge-Ref": "Ref A: 1E348EB2224B4EEBAB7E4D973BE6BAE2 Ref B: TYO201100117007 Ref C: 2023-11-21T07:43:12Z"
      },
      "ResponseBody": {
        "id": "/subscriptions/da1d7b9a-a759-41c8-bb73-093a1818e03a/resourceGroups/adf-rg-azureml-8532/providers/Microsoft.DataFactory/factories/adf-azureml-5969/integrationruntimes/adf-integrationRuntime-5096",
        "name": "adf-integrationRuntime-5096",
        "type": "Microsoft.DataFactory/factories/integrationruntimes",
        "properties": {
          "type": "Managed",
          "typeProperties": {
            "computeProperties": {
              "location": "eastus2",
              "dataFlowProperties": {
                "computeType": "General",
                "coreCount": 4,
                "timeToLive": 10
              }
            }
          }
        },
        "etag": "9e02b4de-0000-0800-0000-655c5f910000"
      }
    },
    {
      "RequestUri": "https://management.azure.com/subscriptions/da1d7b9a-a759-41c8-bb73-093a1818e03a/resourceGroups/adf-rg-azureml-8532/providers/Microsoft.DataFactory/factories/adf-azureml-5969/linkedservices/adf_linkedservice_akv_8532?api-version=2018-06-01",
      "RequestMethod": "PUT",
      "RequestHeaders": {
        "Accept": "application/json",
        "Authorization": "Sanitized",
        "Content-Length": "100",
        "Content-Type": "application/json",
        "traceparent": "00-3504999a26ecb8b527368fb41460ba43-e640521eb9a55a3d-00",
        "User-Agent": "azsdk-net-ResourceManager.DataFactory/1.0.0-alpha.20231121.1 (.NET 7.0.14; Microsoft Windows 10.0.22621)",
        "x-ms-client-request-id": "db5545d4ca3afecc4f7b40ebbf97a99e",
        "x-ms-return-client-request-id": "true"
      },
      "RequestBody": {
        "properties": {
          "type": "AzureKeyVault",
          "typeProperties": {
            "baseUrl": "https://Test.vault.azure.net/"
          }
        }
      },
      "StatusCode": 200,
      "ResponseHeaders": {
        "Cache-Control": "no-cache",
        "Content-Length": "482",
        "Content-Type": "application/json; charset=utf-8",
        "Date": "Tue, 21 Nov 2023 07:43:13 GMT",
        "Expires": "-1",
        "Pragma": "no-cache",
        "Strict-Transport-Security": "max-age=31536000; includeSubDomains",
        "X-Cache": "CONFIG_NOCACHE",
        "X-Content-Type-Options": "nosniff",
        "x-ms-correlation-request-id": "22eb0dc6-51df-4961-a994-16773531edb4",
        "x-ms-ratelimit-remaining-subscription-writes": "1183",
        "x-ms-request-id": "22eb0dc6-51df-4961-a994-16773531edb4",
        "x-ms-routing-request-id": "JAPANEAST:20231121T074314Z:22eb0dc6-51df-4961-a994-16773531edb4",
        "X-MSEdge-Ref": "Ref A: 5EA12CFC8F63462686241893A70B74DA Ref B: TYO201100117007 Ref C: 2023-11-21T07:43:13Z"
      },
      "ResponseBody": {
        "id": "/subscriptions/da1d7b9a-a759-41c8-bb73-093a1818e03a/resourceGroups/adf-rg-azureml-8532/providers/Microsoft.DataFactory/factories/adf-azureml-5969/linkedservices/adf_linkedservice_akv_8532",
        "name": "adf_linkedservice_akv_8532",
        "type": "Microsoft.DataFactory/factories/linkedservices",
        "properties": {
          "type": "AzureKeyVault",
          "typeProperties": {
            "baseUrl": "https://Test.vault.azure.net/"
          }
        },
        "etag": "9e02c0de-0000-0800-0000-655c5f920000"
      }
    },
    {
      "RequestUri": "https://management.azure.com/subscriptions/da1d7b9a-a759-41c8-bb73-093a1818e03a/resourceGroups/adf-rg-azureml-8532/providers/Microsoft.DataFactory/factories/adf-azureml-5969/linkedservices/adf_linkedservice_azureml_878?api-version=2018-06-01",
      "RequestMethod": "PUT",
      "RequestHeaders": {
        "Accept": "application/json",
        "Authorization": "Sanitized",
        "Content-Length": "566",
        "Content-Type": "application/json",
        "traceparent": "00-44b83ed5af34fb60574962e016f50b20-1e112db7a3aa0436-00",
        "User-Agent": "azsdk-net-ResourceManager.DataFactory/1.0.0-alpha.20231121.1 (.NET 7.0.14; Microsoft Windows 10.0.22621)",
        "x-ms-client-request-id": "6bcdeac5ae192c6d7ad21fbfe3174ec5",
        "x-ms-return-client-request-id": "true"
      },
      "RequestBody": {
        "properties": {
          "type": "AzureML",
          "typeProperties": {
            "mlEndpoint": "https://ussouthcentral.services.azureml.net/workspaces/7851b44b5a5e4799997fad223c449acb/services/14d8b9f6b9b64b51a8dcd1117fcdc624/jobs",
            "apiKey": {
              "value": "fakeKey",
              "type": "SecureString"
            },
            "updateResourceEndpoint": "https://management.azureml.net/workspaces/7851b44b5a5e4799997fad223c449acb/services/14d8b9f6b9b64b51a8dcd1117fcdc624/endpoints/endpoint2",
            "servicePrincipalId": "fe273844-c808-40b8-ad85-94a46f737731",
            "servicePrincipalKey": {
              "value": "fakeKey",
              "type": "SecureString"
            },
            "tenant": "microsoft.com"
          }
        }
      },
      "StatusCode": 200,
      "ResponseHeaders": {
        "Cache-Control": "no-cache",
        "Content-Length": "1168",
        "Content-Type": "application/json; charset=utf-8",
        "Date": "Tue, 21 Nov 2023 07:43:14 GMT",
        "Expires": "-1",
        "Pragma": "no-cache",
        "Strict-Transport-Security": "max-age=31536000; includeSubDomains",
        "X-Cache": "CONFIG_NOCACHE",
        "X-Content-Type-Options": "nosniff",
        "x-ms-correlation-request-id": "47bd8189-beb8-445f-b558-a02d4cd45d82",
        "x-ms-ratelimit-remaining-subscription-writes": "1182",
        "x-ms-request-id": "47bd8189-beb8-445f-b558-a02d4cd45d82",
        "x-ms-routing-request-id": "JAPANEAST:20231121T074314Z:47bd8189-beb8-445f-b558-a02d4cd45d82",
        "X-MSEdge-Ref": "Ref A: 6093C96832284A6BB6654CE8669BDE71 Ref B: TYO201100117007 Ref C: 2023-11-21T07:43:14Z"
      },
      "ResponseBody": {
        "id": "/subscriptions/da1d7b9a-a759-41c8-bb73-093a1818e03a/resourceGroups/adf-rg-azureml-8532/providers/Microsoft.DataFactory/factories/adf-azureml-5969/linkedservices/adf_linkedservice_azureml_878",
        "name": "adf_linkedservice_azureml_878",
        "type": "Microsoft.DataFactory/factories/linkedservices",
        "properties": {
          "type": "AzureML",
          "typeProperties": {
            "mlEndpoint": "https://ussouthcentral.services.azureml.net/workspaces/7851b44b5a5e4799997fad223c449acb/services/14d8b9f6b9b64b51a8dcd1117fcdc624/jobs",
            "updateResourceEndpoint": "https://management.azureml.net/workspaces/7851b44b5a5e4799997fad223c449acb/services/14d8b9f6b9b64b51a8dcd1117fcdc624/endpoints/endpoint2",
            "servicePrincipalId": "fe273844-c808-40b8-ad85-94a46f737731",
            "tenant": "microsoft.com",
            "encryptedCredential": "ew0KICAiVmVyc2lvbiI6ICIyMDE3LTExLTMwIiwNCiAgIlByb3RlY3Rpb25Nb2RlIjogIktleSIsDQogICJTZWNyZXRDb250ZW50VHlwZSI6ICJQbGFpbnRleHQiLA0KICAiQ3JlZGVudGlhbElkIjogIkRBVEFGQUNUT1JZQDY4MkNCMDQ3LUJDODMtNDVCQS05NUJELTk0QUE4RTdBQTcwRV9jZTZmZjdlYi00MmI5LTQzNGQtODJkYi1hYjAzMWM2YTNlZGIiDQp9"
          }
        },
        "etag": "9e02c8de-0000-0800-0000-655c5f920000"
      }
    }
  ],
  "Variables": {
    "AZURE_AUTHORITY_HOST": null,
    "RandomSeed": "120830286",
    "RESOURCE_MANAGER_URL": null,
    "SUBSCRIPTION_ID": "da1d7b9a-a759-41c8-bb73-093a1818e03a"
  }
}
