{
  "Entries": [
    {
      "RequestUri": "https://management.azure.com/subscriptions/da1d7b9a-a759-41c8-bb73-093a1818e03a/resourceGroups/DataFactory-RG-9392/providers/Microsoft.DataFactory/factories/DataFactory-909c1d97-a8bf-39af-aa8c-5d196feccc21-1965?api-version=2018-06-01",
      "RequestMethod": "PUT",
      "RequestHeaders": {
        "Accept": "application/json",
        "Authorization": "Sanitized",
        "Content-Length": "48",
        "Content-Type": "application/json",
        "traceparent": "00-ff972f127558b43c66254710e5c848fa-4326816c961706bb-00",
        "User-Agent": "azsdk-net-ResourceManager.DataFactory/1.0.0-alpha.20231106.1 (.NET 7.0.13; Microsoft Windows 10.0.22621)",
        "x-ms-client-request-id": "0cb759288306849a128bb7106f63d2d7",
        "x-ms-return-client-request-id": "true"
      },
      "RequestBody": {
        "tags": {},
        "location": "westus2",
        "properties": {}
      },
      "StatusCode": 200,
      "ResponseHeaders": {
        "Cache-Control": "no-cache",
        "Content-Length": "540",
        "Content-Type": "application/json; charset=utf-8",
        "Date": "Tue, 07 Nov 2023 07:01:10 GMT",
        "Expires": "-1",
        "Pragma": "no-cache",
        "Server": "Kestrel",
        "Strict-Transport-Security": "max-age=31536000; includeSubDomains",
        "X-Content-Type-Options": "nosniff",
        "x-ms-correlation-request-id": "1ed7a474-500b-48bf-8723-0206131dc2cf",
        "x-ms-ratelimit-remaining-subscription-writes": "1077",
        "x-ms-request-id": "1ed7a474-500b-48bf-8723-0206131dc2cf",
        "x-ms-routing-request-id": "SOUTHEASTASIA:20231107T070110Z:1ed7a474-500b-48bf-8723-0206131dc2cf"
      },
      "ResponseBody": {
        "name": "DataFactory-909c1d97-a8bf-39af-aa8c-5d196feccc21-1965",
        "id": "/subscriptions/da1d7b9a-a759-41c8-bb73-093a1818e03a/resourceGroups/datafactory-rg-9392/providers/Microsoft.DataFactory/factories/datafactory-909c1d97-a8bf-39af-aa8c-5d196feccc21-1965",
        "type": "Microsoft.DataFactory/factories",
        "properties": {
          "provisioningState": "Succeeded",
          "createTime": "2023-11-07T07:01:08.3290735Z",
          "version": "2018-06-01"
        },
        "eTag": "\u0022f4014e95-0000-0800-0000-6549e0b40000\u0022",
        "location": "westus2",
        "tags": {}
      }
    },
    {
      "RequestUri": "https://management.azure.com/subscriptions/da1d7b9a-a759-41c8-bb73-093a1818e03a/resourceGroups/datafactory-rg-9392/providers/Microsoft.DataFactory/factories/datafactory-909c1d97-a8bf-39af-aa8c-5d196feccc21-1965/integrationRuntimes/integrationRuntime2147?api-version=2018-06-01",
      "RequestMethod": "PUT",
      "RequestHeaders": {
        "Accept": "application/json",
        "Authorization": "Sanitized",
        "Content-Length": "172",
        "Content-Type": "application/json",
        "traceparent": "00-cc81fe32555487e936a3a1c22be3dbb8-6f8b1c0d58cae3fa-00",
        "User-Agent": "azsdk-net-ResourceManager.DataFactory/1.0.0-alpha.20231106.1 (.NET 7.0.13; Microsoft Windows 10.0.22621)",
        "x-ms-client-request-id": "26b6549e0b6f74fe9eb1132257e02d90",
        "x-ms-return-client-request-id": "true"
      },
      "RequestBody": {
        "properties": {
          "type": "Managed",
          "typeProperties": {
            "computeProperties": {
              "location": "eastus2",
              "dataFlowProperties": {
                "computeType": "General",
                "coreCount": 4,
                "timeToLive": 10
              }
            }
          }
        }
      },
      "StatusCode": 200,
      "ResponseHeaders": {
        "Cache-Control": "no-cache",
        "Content-Length": "665",
        "Content-Type": "application/json; charset=utf-8",
        "Date": "Tue, 07 Nov 2023 07:01:11 GMT",
        "Expires": "-1",
        "Pragma": "no-cache",
        "Server": "Kestrel",
        "Strict-Transport-Security": "max-age=31536000; includeSubDomains",
        "X-Content-Type-Options": "nosniff",
        "x-ms-correlation-request-id": "638d5ca3-a2af-4aa5-a58a-6c38c799f0b6",
        "x-ms-ratelimit-remaining-subscription-writes": "1076",
        "x-ms-request-id": "638d5ca3-a2af-4aa5-a58a-6c38c799f0b6",
        "x-ms-routing-request-id": "SOUTHEASTASIA:20231107T070111Z:638d5ca3-a2af-4aa5-a58a-6c38c799f0b6"
      },
      "ResponseBody": {
        "id": "/subscriptions/da1d7b9a-a759-41c8-bb73-093a1818e03a/resourceGroups/datafactory-rg-9392/providers/Microsoft.DataFactory/factories/datafactory-909c1d97-a8bf-39af-aa8c-5d196feccc21-1965/integrationruntimes/integrationRuntime2147",
        "name": "integrationRuntime2147",
        "type": "Microsoft.DataFactory/factories/integrationruntimes",
        "properties": {
          "type": "Managed",
          "typeProperties": {
            "computeProperties": {
              "location": "eastus2",
              "dataFlowProperties": {
                "computeType": "General",
                "coreCount": 4,
                "timeToLive": 10
              }
            }
          }
        },
        "etag": "130039e5-0000-0800-0000-6549e0b70000"
      }
    },
    {
      "RequestUri": "https://management.azure.com/subscriptions/da1d7b9a-a759-41c8-bb73-093a1818e03a/resourceGroups/datafactory-rg-9392/providers/Microsoft.DataFactory/factories/datafactory-909c1d97-a8bf-39af-aa8c-5d196feccc21-1965/linkedservices/LinkedService7484?api-version=2018-06-01",
      "RequestMethod": "PUT",
      "RequestHeaders": {
        "Accept": "application/json",
        "Authorization": "Sanitized",
        "Content-Length": "376",
        "Content-Type": "application/json",
        "traceparent": "00-dc8a781f170cadbbc56eb3d8714eade2-f5639ada5a6715d4-00",
        "User-Agent": "azsdk-net-ResourceManager.DataFactory/1.0.0-alpha.20231106.1 (.NET 7.0.13; Microsoft Windows 10.0.22621)",
        "x-ms-client-request-id": "edcfac74837ffc69c390e5e460a867aa",
        "x-ms-return-client-request-id": "true"
      },
      "RequestBody": {
        "properties": {
          "type": "Cassandra",
          "connectVia": {
            "type": "IntegrationRuntimeReference",
            "referenceName": "integrationRuntime2147"
          },
          "description": "test description",
          "typeProperties": {
            "host": "http://localhost/webhdfs/v1/",
            "authenticationType": "Basic",
            "port": 1234,
            "username": "admin",
            "password": {
              "value": "fakepassword",
              "type": "SecureString"
            },
            "encryptedCredential": "fake credential"
          }
        }
      },
      "StatusCode": 200,
      "ResponseHeaders": {
        "Cache-Control": "no-cache",
        "Content-Length": "1041",
        "Content-Type": "application/json; charset=utf-8",
        "Date": "Tue, 07 Nov 2023 07:01:12 GMT",
        "Expires": "-1",
        "Pragma": "no-cache",
        "Server": "Kestrel",
        "Strict-Transport-Security": "max-age=31536000; includeSubDomains",
        "X-Content-Type-Options": "nosniff",
        "x-ms-correlation-request-id": "712ecf7a-2f3a-4e54-802f-88e00334f48a",
        "x-ms-ratelimit-remaining-subscription-writes": "1075",
        "x-ms-request-id": "712ecf7a-2f3a-4e54-802f-88e00334f48a",
        "x-ms-routing-request-id": "SOUTHEASTASIA:20231107T070112Z:712ecf7a-2f3a-4e54-802f-88e00334f48a"
      },
      "ResponseBody": {
        "id": "/subscriptions/da1d7b9a-a759-41c8-bb73-093a1818e03a/resourceGroups/datafactory-rg-9392/providers/Microsoft.DataFactory/factories/datafactory-909c1d97-a8bf-39af-aa8c-5d196feccc21-1965/linkedservices/LinkedService7484",
        "name": "LinkedService7484",
        "type": "Microsoft.DataFactory/factories/linkedservices",
        "properties": {
          "type": "Cassandra",
          "connectVia": {
            "type": "IntegrationRuntimeReference",
            "referenceName": "integrationRuntime2147"
          },
          "description": "test description",
          "typeProperties": {
            "host": "http://localhost/webhdfs/v1/",
            "authenticationType": "Basic",
            "port": 1234,
            "username": "admin",
            "encryptedCredential": "ew0KICAiVmVyc2lvbiI6ICIyMDE3LTExLTMwIiwNCiAgIlByb3RlY3Rpb25Nb2RlIjogIktleSIsDQogICJTZWNyZXRDb250ZW50VHlwZSI6ICJQbGFpbnRleHQiLA0KICAiQ3JlZGVudGlhbElkIjogIkRBVEFGQUNUT1JZQDg2QkMyNENBLTVFNEMtNDhGMi04M0Y1LUU5NDMwMjRBQjVBN19mNWI4ZjFjZi00ZjY0LTQyMTctOTA3MC01MmE1ZWNlZjhhOTgiDQp9"
          }
        },
        "etag": "13003be5-0000-0800-0000-6549e0b80000"
      }
    }
  ],
  "Variables": {
    "AZURE_AUTHORITY_HOST": null,
    "RandomSeed": "443671486",
    "RESOURCE_MANAGER_URL": null,
    "SUBSCRIPTION_ID": "da1d7b9a-a759-41c8-bb73-093a1818e03a"
  }
}
