{
  "Entries": [
    {
      "RequestUri": "https://management.azure.com/subscriptions/db1ab6f0-4769-4b27-930e-01e2ef9c123c/resourceGroups/DataFactory-RG-1963/providers/Microsoft.DataFactory/factories/DataFactory-faa940be-cd4f-3629-899e-87e4cc204387-3469?api-version=2018-06-01",
      "RequestMethod": "PUT",
      "RequestHeaders": {
        "Accept": "application/json",
        "Authorization": "Sanitized",
        "Content-Length": "48",
        "Content-Type": "application/json",
        "traceparent": "00-21e2a065f7459ceb69c7c6388fabf131-9db4f17de506addd-00",
        "User-Agent": "azsdk-net-ResourceManager.DataFactory/1.0.0-alpha.20231117.1 (.NET 7.0.14; Microsoft Windows 10.0.22621)",
        "x-ms-client-request-id": "575925dcf9932a8c4678221cf984a368",
        "x-ms-return-client-request-id": "true"
      },
      "RequestBody": {
        "tags": {},
        "location": "westus2",
        "properties": {}
      },
      "StatusCode": 200,
      "ResponseHeaders": {
        "Cache-Control": "no-cache",
        "Content-Length": "540",
        "Content-Type": "application/json; charset=utf-8",
        "Date": "Thu, 16 Nov 2023 17:25:58 GMT",
        "Expires": "-1",
        "Pragma": "no-cache",
        "Server": "Kestrel",
        "Strict-Transport-Security": "max-age=31536000; includeSubDomains",
        "X-Content-Type-Options": "nosniff",
        "x-ms-correlation-request-id": "c318da7f-9d82-4da4-a04a-217f22b1c49d",
        "x-ms-ratelimit-remaining-subscription-writes": "682",
        "x-ms-request-id": "c318da7f-9d82-4da4-a04a-217f22b1c49d",
        "x-ms-routing-request-id": "SOUTHEASTASIA:20231116T172558Z:c318da7f-9d82-4da4-a04a-217f22b1c49d"
      },
      "ResponseBody": {
        "name": "DataFactory-faa940be-cd4f-3629-899e-87e4cc204387-3469",
        "id": "/subscriptions/db1ab6f0-4769-4b27-930e-01e2ef9c123c/resourceGroups/datafactory-rg-1963/providers/Microsoft.DataFactory/factories/datafactory-faa940be-cd4f-3629-899e-87e4cc204387-3469",
        "type": "Microsoft.DataFactory/factories",
        "properties": {
          "provisioningState": "Succeeded",
          "createTime": "2023-11-16T17:25:58.4748881Z",
          "version": "2018-06-01"
        },
        "eTag": "\u00220402e1f7-0000-0800-0000-655650a60000\u0022",
        "location": "westus2",
        "tags": {}
      }
    },
    {
      "RequestUri": "https://management.azure.com/subscriptions/db1ab6f0-4769-4b27-930e-01e2ef9c123c/resourceGroups/datafactory-rg-1963/providers/Microsoft.DataFactory/factories/datafactory-faa940be-cd4f-3629-899e-87e4cc204387-3469/linkedservices/LinkedService8418?api-version=2018-06-01",
      "RequestMethod": "PUT",
      "RequestHeaders": {
        "Accept": "application/json",
        "Authorization": "Sanitized",
        "Content-Length": "100",
        "Content-Type": "application/json",
        "traceparent": "00-817fd69a7c9a15fe6098a6ede46a863e-cbb90bb217d39518-00",
        "User-Agent": "azsdk-net-ResourceManager.DataFactory/1.0.0-alpha.20231117.1 (.NET 7.0.14; Microsoft Windows 10.0.22621)",
        "x-ms-client-request-id": "275575c9829025cf2e25d4c8f5cb48f3",
        "x-ms-return-client-request-id": "true"
      },
      "RequestBody": {
        "properties": {
          "type": "AzureKeyVault",
          "typeProperties": {
            "baseUrl": "https://Test.vault.azure.net/"
          }
        }
      },
      "StatusCode": 200,
      "ResponseHeaders": {
        "Cache-Control": "no-cache",
        "Content-Length": "501",
        "Content-Type": "application/json; charset=utf-8",
        "Date": "Thu, 16 Nov 2023 17:25:58 GMT",
        "Expires": "-1",
        "Pragma": "no-cache",
        "Server": "Kestrel",
        "Strict-Transport-Security": "max-age=31536000; includeSubDomains",
        "X-Content-Type-Options": "nosniff",
        "x-ms-correlation-request-id": "b88c1d7b-353b-4f2f-9ab7-cf62ad55a218",
        "x-ms-ratelimit-remaining-subscription-writes": "681",
        "x-ms-request-id": "b88c1d7b-353b-4f2f-9ab7-cf62ad55a218",
        "x-ms-routing-request-id": "SOUTHEASTASIA:20231116T172559Z:b88c1d7b-353b-4f2f-9ab7-cf62ad55a218"
      },
      "ResponseBody": {
        "id": "/subscriptions/db1ab6f0-4769-4b27-930e-01e2ef9c123c/resourceGroups/datafactory-rg-1963/providers/Microsoft.DataFactory/factories/datafactory-faa940be-cd4f-3629-899e-87e4cc204387-3469/linkedservices/LinkedService8418",
        "name": "LinkedService8418",
        "type": "Microsoft.DataFactory/factories/linkedservices",
        "properties": {
          "type": "AzureKeyVault",
          "typeProperties": {
            "baseUrl": "https://Test.vault.azure.net/"
          }
        },
        "etag": "c4021bd6-0000-0800-0000-655650a70000"
      }
    },
    {
      "RequestUri": "https://management.azure.com/subscriptions/db1ab6f0-4769-4b27-930e-01e2ef9c123c/resourceGroups/datafactory-rg-1963/providers/Microsoft.DataFactory/factories/datafactory-faa940be-cd4f-3629-899e-87e4cc204387-3469/linkedservices/LinkedService5379?api-version=2018-06-01",
      "RequestMethod": "PUT",
      "RequestHeaders": {
        "Accept": "application/json",
        "Authorization": "Sanitized",
        "Content-Length": "272",
        "Content-Type": "application/json",
        "traceparent": "00-a93faf5824f25604ac6063cedece439c-a2497c003305693f-00",
        "User-Agent": "azsdk-net-ResourceManager.DataFactory/1.0.0-alpha.20231117.1 (.NET 7.0.14; Microsoft Windows 10.0.22621)",
        "x-ms-client-request-id": "a7473778c5f17508caf3bd63dccc5003",
        "x-ms-return-client-request-id": "true"
      },
      "RequestBody": {
        "properties": {
          "type": "Drill",
          "typeProperties": {
            "connectionString": {
              "value": "some connection string",
              "type": "SecureString"
            },
            "pwd": {
              "store": {
                "type": "LinkedServiceReference",
                "referenceName": "LinkedService8418"
              },
              "secretName": "fakeSecretName1",
              "type": "AzureKeyVaultSecret"
            }
          }
        }
      },
      "StatusCode": 200,
      "ResponseHeaders": {
        "Cache-Control": "no-cache",
        "Content-Length": "766",
        "Content-Type": "application/json; charset=utf-8",
        "Date": "Thu, 16 Nov 2023 17:25:59 GMT",
        "Expires": "-1",
        "Pragma": "no-cache",
        "Server": "Kestrel",
        "Strict-Transport-Security": "max-age=31536000; includeSubDomains",
        "X-Content-Type-Options": "nosniff",
        "x-ms-correlation-request-id": "8873344d-af41-40aa-82ef-7a3fa209dfd0",
        "x-ms-ratelimit-remaining-subscription-writes": "680",
        "x-ms-request-id": "8873344d-af41-40aa-82ef-7a3fa209dfd0",
        "x-ms-routing-request-id": "SOUTHEASTASIA:20231116T172559Z:8873344d-af41-40aa-82ef-7a3fa209dfd0"
      },
      "ResponseBody": {
        "id": "/subscriptions/db1ab6f0-4769-4b27-930e-01e2ef9c123c/resourceGroups/datafactory-rg-1963/providers/Microsoft.DataFactory/factories/datafactory-faa940be-cd4f-3629-899e-87e4cc204387-3469/linkedservices/LinkedService5379",
        "name": "LinkedService5379",
        "type": "Microsoft.DataFactory/factories/linkedservices",
        "properties": {
          "type": "Drill",
          "typeProperties": {
            "connectionString": {
              "type": "SecureString",
              "value": "**********"
            },
            "pwd": {
              "store": {
                "type": "LinkedServiceReference",
                "referenceName": "LinkedService8418"
              },
              "secretName": "fakeSecretName1",
              "type": "AzureKeyVaultSecret"
            }
          }
        },
        "etag": "c40224d6-0000-0800-0000-655650a70000"
      }
    }
  ],
  "Variables": {
    "AZURE_AUTHORITY_HOST": "https://login.microsoftonline.com",
    "RandomSeed": "579270128",
    "RESOURCE_MANAGER_URL": null,
    "SUBSCRIPTION_ID": "db1ab6f0-4769-4b27-930e-01e2ef9c123c"
  }
}
