{
  "Entries": [
    {
      "RequestUri": "https://management.azure.com/subscriptions/db1ab6f0-4769-4b27-930e-01e2ef9c123c/resourceGroups/DataFactory-RG-4317/providers/Microsoft.DataFactory/factories/DataFactory-b2a7dff7-6a25-368c-bc66-7199f10f7359-1221?api-version=2018-06-01",
      "RequestMethod": "PUT",
      "RequestHeaders": {
        "Accept": "application/json",
        "Authorization": "Sanitized",
        "Content-Length": "48",
        "Content-Type": "application/json",
        "traceparent": "00-43ec348810dbc1ef06208ec655dd644c-2d0029d01dce6a7c-00",
        "User-Agent": "azsdk-net-ResourceManager.DataFactory/1.0.0-alpha.20231116.1 (.NET 7.0.14; Microsoft Windows 10.0.22621)",
        "x-ms-client-request-id": "6552d70ba487d9fefc344d88110c2943",
        "x-ms-return-client-request-id": "true"
      },
      "RequestBody": {
        "tags": {},
        "location": "westus2",
        "properties": {}
      },
      "StatusCode": 200,
      "ResponseHeaders": {
        "Cache-Control": "no-cache",
        "Content-Length": "540",
        "Content-Type": "application/json; charset=utf-8",
        "Date": "Thu, 16 Nov 2023 11:34:45 GMT",
        "Expires": "-1",
        "Pragma": "no-cache",
        "Server": "Kestrel",
        "Strict-Transport-Security": "max-age=31536000; includeSubDomains",
        "X-Content-Type-Options": "nosniff",
        "x-ms-correlation-request-id": "20d2e11b-a025-4997-b97a-930fe692297e",
        "x-ms-ratelimit-remaining-subscription-writes": "1022",
        "x-ms-request-id": "20d2e11b-a025-4997-b97a-930fe692297e",
        "x-ms-routing-request-id": "SOUTHEASTASIA:20231116T113446Z:20d2e11b-a025-4997-b97a-930fe692297e"
      },
      "ResponseBody": {
        "name": "DataFactory-b2a7dff7-6a25-368c-bc66-7199f10f7359-1221",
        "id": "/subscriptions/db1ab6f0-4769-4b27-930e-01e2ef9c123c/resourceGroups/datafactory-rg-4317/providers/Microsoft.DataFactory/factories/datafactory-b2a7dff7-6a25-368c-bc66-7199f10f7359-1221",
        "type": "Microsoft.DataFactory/factories",
        "properties": {
          "provisioningState": "Succeeded",
          "createTime": "2023-11-16T11:34:45.5611946Z",
          "version": "2018-06-01"
        },
        "eTag": "\u002200023710-0000-0800-0000-6555fe550000\u0022",
        "location": "westus2",
        "tags": {}
      }
    },
    {
      "RequestUri": "https://management.azure.com/subscriptions/db1ab6f0-4769-4b27-930e-01e2ef9c123c/resourceGroups/datafactory-rg-4317/providers/Microsoft.DataFactory/factories/datafactory-b2a7dff7-6a25-368c-bc66-7199f10f7359-1221/integrationRuntimes/integrationRuntime569?api-version=2018-06-01",
      "RequestMethod": "PUT",
      "RequestHeaders": {
        "Accept": "application/json",
        "Authorization": "Sanitized",
        "Content-Length": "172",
        "Content-Type": "application/json",
        "traceparent": "00-2a171c9a6cde1e7890e384a58ce04392-7dee39f76c755af7-00",
        "User-Agent": "azsdk-net-ResourceManager.DataFactory/1.0.0-alpha.20231116.1 (.NET 7.0.14; Microsoft Windows 10.0.22621)",
        "x-ms-client-request-id": "f0a666a8f32371cc90e277cd518b0f5c",
        "x-ms-return-client-request-id": "true"
      },
      "RequestBody": {
        "properties": {
          "type": "Managed",
          "typeProperties": {
            "computeProperties": {
              "location": "eastus2",
              "dataFlowProperties": {
                "computeType": "General",
                "coreCount": 4,
                "timeToLive": 10
              }
            }
          }
        }
      },
      "StatusCode": 200,
      "ResponseHeaders": {
        "Cache-Control": "no-cache",
        "Content-Length": "663",
        "Content-Type": "application/json; charset=utf-8",
        "Date": "Thu, 16 Nov 2023 11:34:45 GMT",
        "Expires": "-1",
        "Pragma": "no-cache",
        "Server": "Kestrel",
        "Strict-Transport-Security": "max-age=31536000; includeSubDomains",
        "X-Content-Type-Options": "nosniff",
        "x-ms-correlation-request-id": "52415c18-5ff3-4d3f-837e-11bda424b4c1",
        "x-ms-ratelimit-remaining-subscription-writes": "1021",
        "x-ms-request-id": "52415c18-5ff3-4d3f-837e-11bda424b4c1",
        "x-ms-routing-request-id": "SOUTHEASTASIA:20231116T113446Z:52415c18-5ff3-4d3f-837e-11bda424b4c1"
      },
      "ResponseBody": {
        "id": "/subscriptions/db1ab6f0-4769-4b27-930e-01e2ef9c123c/resourceGroups/datafactory-rg-4317/providers/Microsoft.DataFactory/factories/datafactory-b2a7dff7-6a25-368c-bc66-7199f10f7359-1221/integrationruntimes/integrationRuntime569",
        "name": "integrationRuntime569",
        "type": "Microsoft.DataFactory/factories/integrationruntimes",
        "properties": {
          "type": "Managed",
          "typeProperties": {
            "computeProperties": {
              "location": "eastus2",
              "dataFlowProperties": {
                "computeType": "General",
                "coreCount": 4,
                "timeToLive": 10
              }
            }
          }
        },
        "etag": "48012d71-0000-0800-0000-6555fe560000"
      }
    },
    {
      "RequestUri": "https://management.azure.com/subscriptions/db1ab6f0-4769-4b27-930e-01e2ef9c123c/resourceGroups/datafactory-rg-4317/providers/Microsoft.DataFactory/factories/datafactory-b2a7dff7-6a25-368c-bc66-7199f10f7359-1221/linkedservices/LinkedService516?api-version=2018-06-01",
      "RequestMethod": "PUT",
      "RequestHeaders": {
        "Accept": "application/json",
        "Authorization": "Sanitized",
        "Content-Length": "100",
        "Content-Type": "application/json",
        "traceparent": "00-d47c11ed678913aa5447ebbee6a08bf8-cd55f28a30b437c9-00",
        "User-Agent": "azsdk-net-ResourceManager.DataFactory/1.0.0-alpha.20231116.1 (.NET 7.0.14; Microsoft Windows 10.0.22621)",
        "x-ms-client-request-id": "d4a291cda4e86dc644db8a6f3746a4be",
        "x-ms-return-client-request-id": "true"
      },
      "RequestBody": {
        "properties": {
          "type": "AzureKeyVault",
          "typeProperties": {
            "baseUrl": "https://Test.vault.azure.net/"
          }
        }
      },
      "StatusCode": 200,
      "ResponseHeaders": {
        "Cache-Control": "no-cache",
        "Content-Length": "499",
        "Content-Type": "application/json; charset=utf-8",
        "Date": "Thu, 16 Nov 2023 11:34:46 GMT",
        "Expires": "-1",
        "Pragma": "no-cache",
        "Server": "Kestrel",
        "Strict-Transport-Security": "max-age=31536000; includeSubDomains",
        "X-Content-Type-Options": "nosniff",
        "x-ms-correlation-request-id": "1006eb5e-6fe4-469f-ab00-124ada61b656",
        "x-ms-ratelimit-remaining-subscription-writes": "1020",
        "x-ms-request-id": "1006eb5e-6fe4-469f-ab00-124ada61b656",
        "x-ms-routing-request-id": "SOUTHEASTASIA:20231116T113447Z:1006eb5e-6fe4-469f-ab00-124ada61b656"
      },
      "ResponseBody": {
        "id": "/subscriptions/db1ab6f0-4769-4b27-930e-01e2ef9c123c/resourceGroups/datafactory-rg-4317/providers/Microsoft.DataFactory/factories/datafactory-b2a7dff7-6a25-368c-bc66-7199f10f7359-1221/linkedservices/LinkedService516",
        "name": "LinkedService516",
        "type": "Microsoft.DataFactory/factories/linkedservices",
        "properties": {
          "type": "AzureKeyVault",
          "typeProperties": {
            "baseUrl": "https://Test.vault.azure.net/"
          }
        },
        "etag": "48013071-0000-0800-0000-6555fe570000"
      }
    },
    {
      "RequestUri": "https://management.azure.com/subscriptions/db1ab6f0-4769-4b27-930e-01e2ef9c123c/resourceGroups/datafactory-rg-4317/providers/Microsoft.DataFactory/factories/datafactory-b2a7dff7-6a25-368c-bc66-7199f10f7359-1221/linkedservices/LinkedService1815?api-version=2018-06-01",
      "RequestMethod": "PUT",
      "RequestHeaders": {
        "Accept": "application/json",
        "Authorization": "Sanitized",
        "Content-Length": "497",
        "Content-Type": "application/json",
        "traceparent": "00-97f88d1ff405dee74a915f2167609e7e-07accd817b54731f-00",
        "User-Agent": "azsdk-net-ResourceManager.DataFactory/1.0.0-alpha.20231116.1 (.NET 7.0.14; Microsoft Windows 10.0.22621)",
        "x-ms-client-request-id": "1bdfa5a2e665712fba336df78566fbfc",
        "x-ms-return-client-request-id": "true"
      },
      "RequestBody": {
        "properties": {
          "type": "DynamicsCrm",
          "connectVia": {
            "type": "IntegrationRuntimeReference",
            "referenceName": "integrationRuntime569"
          },
          "typeProperties": {
            "deploymentType": "Online",
            "authenticationType": "Office365",
            "servicePrincipalId": "9bf5d9fd - 5dcd - 46a5 - b99b - 77d69adb2567",
            "servicePrincipalCredentialType": "ServicePrincipalKey",
            "servicePrincipalCredential": {
              "store": {
                "type": "LinkedServiceReference",
                "referenceName": "LinkedService516"
              },
              "secretName": "fakeSecretName",
              "type": "AzureKeyVaultSecret"
            }
          }
        }
      },
      "StatusCode": 200,
      "ResponseHeaders": {
        "Cache-Control": "no-cache",
        "Content-Length": "1027",
        "Content-Type": "application/json; charset=utf-8",
        "Date": "Thu, 16 Nov 2023 11:34:46 GMT",
        "Expires": "-1",
        "Pragma": "no-cache",
        "Server": "Kestrel",
        "Strict-Transport-Security": "max-age=31536000; includeSubDomains",
        "X-Content-Type-Options": "nosniff",
        "x-ms-correlation-request-id": "a59ad217-9d99-4998-b46f-37e489d54976",
        "x-ms-ratelimit-remaining-subscription-writes": "1019",
        "x-ms-request-id": "a59ad217-9d99-4998-b46f-37e489d54976",
        "x-ms-routing-request-id": "SOUTHEASTASIA:20231116T113447Z:a59ad217-9d99-4998-b46f-37e489d54976"
      },
      "ResponseBody": {
        "id": "/subscriptions/db1ab6f0-4769-4b27-930e-01e2ef9c123c/resourceGroups/datafactory-rg-4317/providers/Microsoft.DataFactory/factories/datafactory-b2a7dff7-6a25-368c-bc66-7199f10f7359-1221/linkedservices/LinkedService1815",
        "name": "LinkedService1815",
        "type": "Microsoft.DataFactory/factories/linkedservices",
        "properties": {
          "type": "DynamicsCrm",
          "connectVia": {
            "type": "IntegrationRuntimeReference",
            "referenceName": "integrationRuntime569"
          },
          "typeProperties": {
            "deploymentType": "Online",
            "authenticationType": "Office365",
            "servicePrincipalId": "9bf5d9fd - 5dcd - 46a5 - b99b - 77d69adb2567",
            "servicePrincipalCredentialType": "ServicePrincipalKey",
            "servicePrincipalCredential": {
              "store": {
                "type": "LinkedServiceReference",
                "referenceName": "LinkedService516"
              },
              "secretName": "fakeSecretName",
              "type": "AzureKeyVaultSecret"
            }
          }
        },
        "etag": "48013571-0000-0800-0000-6555fe570000"
      }
    }
  ],
  "Variables": {
    "AZURE_AUTHORITY_HOST": "https://login.microsoftonline.com",
    "RandomSeed": "1901629874",
    "RESOURCE_MANAGER_URL": null,
    "SUBSCRIPTION_ID": "db1ab6f0-4769-4b27-930e-01e2ef9c123c"
  }
}
