{
  "Entries": [
    {
      "RequestUri": "https://management.azure.com/subscriptions/da1d7b9a-a759-41c8-bb73-093a1818e03a?api-version=2022-12-01",
      "RequestMethod": "GET",
      "RequestHeaders": {
        "Accept": "application/json",
        "Authorization": "Sanitized",
        "traceparent": "00-fa602c5f25f3638bcd6ee577a0a7f5b2-c0d63f7c7a0d3fd5-00",
        "User-Agent": "azsdk-net-ResourceManager/1.9.0 (.NET 7.0.14; Microsoft Windows 10.0.22621)",
        "x-ms-client-request-id": "38c2f00e294a182b868517b4beab26b7",
        "x-ms-return-client-request-id": "true"
      },
      "RequestBody": null,
      "StatusCode": 200,
      "ResponseHeaders": {
        "Cache-Control": "no-cache",
        "Content-Length": "501",
        "Content-Type": "application/json; charset=utf-8",
        "Date": "Tue, 21 Nov 2023 07:58:01 GMT",
        "Expires": "-1",
        "Pragma": "no-cache",
        "Strict-Transport-Security": "max-age=31536000; includeSubDomains",
        "X-Cache": "CONFIG_NOCACHE",
        "X-Content-Type-Options": "nosniff",
        "x-ms-correlation-request-id": "74d1ca54-4d88-48d6-ad76-5aaf10a75ffe",
        "x-ms-ratelimit-remaining-subscription-reads": "11460",
        "x-ms-request-id": "74d1ca54-4d88-48d6-ad76-5aaf10a75ffe",
        "x-ms-routing-request-id": "JAPANEAST:20231121T075802Z:74d1ca54-4d88-48d6-ad76-5aaf10a75ffe",
        "X-MSEdge-Ref": "Ref A: 78A2BF9A4FC2420ABF9A5A87310F0741 Ref B: TYO201100116009 Ref C: 2023-11-21T07:58:02Z"
      },
      "ResponseBody": {
        "id": "/subscriptions/da1d7b9a-a759-41c8-bb73-093a1818e03a",
        "authorizationSource": "RoleBased",
        "managedByTenants": [
          {
            "tenantId": "2f4a9838-26b7-47ee-be60-ccc1fdec5953"
          }
        ],
        "tags": {
          "NRMS10318670": "20220720"
        },
        "subscriptionId": "da1d7b9a-a759-41c8-bb73-093a1818e03a",
        "tenantId": "72f988bf-86f1-41af-91ab-2d7cd011db47",
        "displayName": "ADMS_Test_Engineering_RichTransform",
        "state": "Enabled",
        "subscriptionPolicies": {
          "locationPlacementId": "Internal_2014-09-01",
          "quotaId": "Internal_2014-09-01",
          "spendingLimit": "Off"
        }
      }
    },
    {
      "RequestUri": "https://management.azure.com/subscriptions/da1d7b9a-a759-41c8-bb73-093a1818e03a/resourcegroups/adf-rg-teradata-6799?api-version=2022-09-01",
      "RequestMethod": "PUT",
      "RequestHeaders": {
        "Accept": "application/json",
        "Authorization": "Sanitized",
        "Content-Length": "22",
        "Content-Type": "application/json",
        "traceparent": "00-5f960c4da2c28f72e1e6f6d5c71b90e2-41210e7dce4a68b1-00",
        "User-Agent": "azsdk-net-ResourceManager/1.9.0 (.NET 7.0.14; Microsoft Windows 10.0.22621)",
        "x-ms-client-request-id": "cd9d3da1a36011177ccf09b08e672b96",
        "x-ms-return-client-request-id": "true"
      },
      "RequestBody": {
        "location": "westus2"
      },
      "StatusCode": 201,
      "ResponseHeaders": {
        "Cache-Control": "no-cache",
        "Content-Length": "238",
        "Content-Type": "application/json; charset=utf-8",
        "Date": "Tue, 21 Nov 2023 07:58:01 GMT",
        "Expires": "-1",
        "Pragma": "no-cache",
        "Strict-Transport-Security": "max-age=31536000; includeSubDomains",
        "X-Cache": "CONFIG_NOCACHE",
        "X-Content-Type-Options": "nosniff",
        "x-ms-correlation-request-id": "8e9ff60e-6aaf-42bc-8321-40dd4ddcf57e",
        "x-ms-ratelimit-remaining-subscription-writes": "1185",
        "x-ms-request-id": "8e9ff60e-6aaf-42bc-8321-40dd4ddcf57e",
        "x-ms-routing-request-id": "JAPANEAST:20231121T075802Z:8e9ff60e-6aaf-42bc-8321-40dd4ddcf57e",
        "X-MSEdge-Ref": "Ref A: 7C064F5173C7429ABB3341C7E5D747EB Ref B: TYO201100116009 Ref C: 2023-11-21T07:58:02Z"
      },
      "ResponseBody": {
        "id": "/subscriptions/da1d7b9a-a759-41c8-bb73-093a1818e03a/resourceGroups/adf-rg-teradata-6799",
        "name": "adf-rg-teradata-6799",
        "type": "Microsoft.Resources/resourceGroups",
        "location": "westus2",
        "properties": {
          "provisioningState": "Succeeded"
        }
      }
    },
    {
      "RequestUri": "https://management.azure.com/subscriptions/da1d7b9a-a759-41c8-bb73-093a1818e03a/resourceGroups/adf-rg-teradata-6799/providers/Microsoft.DataFactory/factories/adf-teradata-6670?api-version=2018-06-01",
      "RequestMethod": "PUT",
      "RequestHeaders": {
        "Accept": "application/json",
        "Authorization": "Sanitized",
        "Content-Length": "48",
        "Content-Type": "application/json",
        "traceparent": "00-8cbdc594f3ffb87204fd20bf26c37890-272ae7b13727f579-00",
        "User-Agent": "azsdk-net-ResourceManager.DataFactory/1.0.0-alpha.20231121.1 (.NET 7.0.14; Microsoft Windows 10.0.22621)",
        "x-ms-client-request-id": "8415c3a937bfc751e12ea2ae46761e18",
        "x-ms-return-client-request-id": "true"
      },
      "RequestBody": {
        "tags": {},
        "location": "westus2",
        "properties": {}
      },
      "StatusCode": 200,
      "ResponseHeaders": {
        "Cache-Control": "no-cache",
        "Content-Length": "469",
        "Content-Type": "application/json; charset=utf-8",
        "Date": "Tue, 21 Nov 2023 07:58:04 GMT",
        "Expires": "-1",
        "Pragma": "no-cache",
        "Strict-Transport-Security": "max-age=31536000; includeSubDomains",
        "X-Cache": "CONFIG_NOCACHE",
        "X-Content-Type-Options": "nosniff",
        "x-ms-correlation-request-id": "507c311d-402d-418f-93ba-d20a22b6223c",
        "x-ms-ratelimit-remaining-subscription-writes": "1177",
        "x-ms-request-id": "507c311d-402d-418f-93ba-d20a22b6223c",
        "x-ms-routing-request-id": "JAPANEAST:20231121T075805Z:507c311d-402d-418f-93ba-d20a22b6223c",
        "X-MSEdge-Ref": "Ref A: C32FFA5768B043E8BB545F3A57D5481F Ref B: TYO201100116009 Ref C: 2023-11-21T07:58:02Z"
      },
      "ResponseBody": {
        "name": "adf-teradata-6670",
        "id": "/subscriptions/da1d7b9a-a759-41c8-bb73-093a1818e03a/resourceGroups/adf-rg-teradata-6799/providers/Microsoft.DataFactory/factories/adf-teradata-6670",
        "type": "Microsoft.DataFactory/factories",
        "properties": {
          "provisioningState": "Succeeded",
          "createTime": "2023-11-21T07:58:04.9245199Z",
          "version": "2018-06-01"
        },
        "eTag": "\u0022410481a5-0000-0800-0000-655c630c0000\u0022",
        "location": "westus2",
        "tags": {}
      }
    },
    {
      "RequestUri": "https://management.azure.com/subscriptions/da1d7b9a-a759-41c8-bb73-093a1818e03a/resourceGroups/adf-rg-teradata-6799/providers/Microsoft.DataFactory/factories/adf-teradata-6670/integrationRuntimes/adf-integrationRuntime-1877?api-version=2018-06-01",
      "RequestMethod": "PUT",
      "RequestHeaders": {
        "Accept": "application/json",
        "Authorization": "Sanitized",
        "Content-Length": "172",
        "Content-Type": "application/json",
        "traceparent": "00-f7676cd449b24a93a0d1bf6b535e131a-6395fdb7e49825e2-00",
        "User-Agent": "azsdk-net-ResourceManager.DataFactory/1.0.0-alpha.20231121.1 (.NET 7.0.14; Microsoft Windows 10.0.22621)",
        "x-ms-client-request-id": "742227206b56b1d8bb7b207a891e5a80",
        "x-ms-return-client-request-id": "true"
      },
      "RequestBody": {
        "properties": {
          "type": "Managed",
          "typeProperties": {
            "computeProperties": {
              "location": "eastus2",
              "dataFlowProperties": {
                "computeType": "General",
                "coreCount": 4,
                "timeToLive": 10
              }
            }
          }
        }
      },
      "StatusCode": 200,
      "ResponseHeaders": {
        "Cache-Control": "no-cache",
        "Content-Length": "640",
        "Content-Type": "application/json; charset=utf-8",
        "Date": "Tue, 21 Nov 2023 07:58:04 GMT",
        "Expires": "-1",
        "Pragma": "no-cache",
        "Strict-Transport-Security": "max-age=31536000; includeSubDomains",
        "X-Cache": "CONFIG_NOCACHE",
        "X-Content-Type-Options": "nosniff",
        "x-ms-correlation-request-id": "0511441d-fbbc-4ba8-bc9f-e554dfdf4331",
        "x-ms-ratelimit-remaining-subscription-writes": "1161",
        "x-ms-request-id": "0511441d-fbbc-4ba8-bc9f-e554dfdf4331",
        "x-ms-routing-request-id": "JAPANEAST:20231121T075805Z:0511441d-fbbc-4ba8-bc9f-e554dfdf4331",
        "X-MSEdge-Ref": "Ref A: 67AC9F0C2ABD43138F5D9FD8F490B439 Ref B: TYO201100116009 Ref C: 2023-11-21T07:58:05Z"
      },
      "ResponseBody": {
        "id": "/subscriptions/da1d7b9a-a759-41c8-bb73-093a1818e03a/resourceGroups/adf-rg-teradata-6799/providers/Microsoft.DataFactory/factories/adf-teradata-6670/integrationruntimes/adf-integrationRuntime-1877",
        "name": "adf-integrationRuntime-1877",
        "type": "Microsoft.DataFactory/factories/integrationruntimes",
        "properties": {
          "type": "Managed",
          "typeProperties": {
            "computeProperties": {
              "location": "eastus2",
              "dataFlowProperties": {
                "computeType": "General",
                "coreCount": 4,
                "timeToLive": 10
              }
            }
          }
        },
        "etag": "45003caa-0000-0800-0000-655c630d0000"
      }
    },
    {
      "RequestUri": "https://management.azure.com/subscriptions/da1d7b9a-a759-41c8-bb73-093a1818e03a/resourceGroups/adf-rg-teradata-6799/providers/Microsoft.DataFactory/factories/adf-teradata-6670/linkedservices/adf_linkedservice_akv_3487?api-version=2018-06-01",
      "RequestMethod": "PUT",
      "RequestHeaders": {
        "Accept": "application/json",
        "Authorization": "Sanitized",
        "Content-Length": "100",
        "Content-Type": "application/json",
        "traceparent": "00-8194657c9f399fba2341f521fb834edd-14ab5331936fb12b-00",
        "User-Agent": "azsdk-net-ResourceManager.DataFactory/1.0.0-alpha.20231121.1 (.NET 7.0.14; Microsoft Windows 10.0.22621)",
        "x-ms-client-request-id": "e13211e74c067f067474623558eb9820",
        "x-ms-return-client-request-id": "true"
      },
      "RequestBody": {
        "properties": {
          "type": "AzureKeyVault",
          "typeProperties": {
            "baseUrl": "https://Test.vault.azure.net/"
          }
        }
      },
      "StatusCode": 200,
      "ResponseHeaders": {
        "Cache-Control": "no-cache",
        "Content-Length": "484",
        "Content-Type": "application/json; charset=utf-8",
        "Date": "Tue, 21 Nov 2023 07:58:05 GMT",
        "Expires": "-1",
        "Pragma": "no-cache",
        "Strict-Transport-Security": "max-age=31536000; includeSubDomains",
        "X-Cache": "CONFIG_NOCACHE",
        "X-Content-Type-Options": "nosniff",
        "x-ms-correlation-request-id": "f8bd1012-8dd8-4fd1-9f5f-d076515cbfa8",
        "x-ms-ratelimit-remaining-subscription-writes": "1176",
        "x-ms-request-id": "f8bd1012-8dd8-4fd1-9f5f-d076515cbfa8",
        "x-ms-routing-request-id": "JAPANEAST:20231121T075806Z:f8bd1012-8dd8-4fd1-9f5f-d076515cbfa8",
        "X-MSEdge-Ref": "Ref A: 86F76F683D2A43D899B40373CD19106A Ref B: TYO201100116009 Ref C: 2023-11-21T07:58:05Z"
      },
      "ResponseBody": {
        "id": "/subscriptions/da1d7b9a-a759-41c8-bb73-093a1818e03a/resourceGroups/adf-rg-teradata-6799/providers/Microsoft.DataFactory/factories/adf-teradata-6670/linkedservices/adf_linkedservice_akv_3487",
        "name": "adf_linkedservice_akv_3487",
        "type": "Microsoft.DataFactory/factories/linkedservices",
        "properties": {
          "type": "AzureKeyVault",
          "typeProperties": {
            "baseUrl": "https://Test.vault.azure.net/"
          }
        },
        "etag": "45003eaa-0000-0800-0000-655c630e0000"
      }
    },
    {
      "RequestUri": "https://management.azure.com/subscriptions/da1d7b9a-a759-41c8-bb73-093a1818e03a/resourceGroups/adf-rg-teradata-6799/providers/Microsoft.DataFactory/factories/adf-teradata-6670/linkedservices/adf_linkedservice_teradata_5992?api-version=2018-06-01",
      "RequestMethod": "PUT",
      "RequestHeaders": {
        "Accept": "application/json",
        "Authorization": "Sanitized",
        "Content-Length": "392",
        "Content-Type": "application/json",
        "traceparent": "00-2b9d9e47ef784557590501290b0df4a6-46105ac75b147d74-00",
        "User-Agent": "azsdk-net-ResourceManager.DataFactory/1.0.0-alpha.20231121.1 (.NET 7.0.14; Microsoft Windows 10.0.22621)",
        "x-ms-client-request-id": "8a7404475852d23c03bc314d5710482d",
        "x-ms-return-client-request-id": "true"
      },
      "RequestBody": {
        "properties": {
          "type": "Teradata",
          "connectVia": {
            "type": "IntegrationRuntimeReference",
            "referenceName": "adf-integrationRuntime-1877"
          },
          "typeProperties": {
            "server": "volvo2.teradata.ws",
            "authenticationType": "Basic",
            "username": "microsoft",
            "password": {
              "store": {
                "type": "LinkedServiceReference",
                "referenceName": "adf_linkedservice_akv_3487"
              },
              "secretName": "fakeSecretName",
              "type": "AzureKeyVaultSecret"
            }
          }
        }
      },
      "StatusCode": 200,
      "ResponseHeaders": {
        "Cache-Control": "no-cache",
        "Content-Length": "907",
        "Content-Type": "application/json; charset=utf-8",
        "Date": "Tue, 21 Nov 2023 07:58:06 GMT",
        "Expires": "-1",
        "Pragma": "no-cache",
        "Strict-Transport-Security": "max-age=31536000; includeSubDomains",
        "X-Cache": "CONFIG_NOCACHE",
        "X-Content-Type-Options": "nosniff",
        "x-ms-correlation-request-id": "8bf5c950-483c-414f-9fd1-354b07f64644",
        "x-ms-ratelimit-remaining-subscription-writes": "1175",
        "x-ms-request-id": "8bf5c950-483c-414f-9fd1-354b07f64644",
        "x-ms-routing-request-id": "JAPANEAST:20231121T075807Z:8bf5c950-483c-414f-9fd1-354b07f64644",
        "X-MSEdge-Ref": "Ref A: 2E08CFDCCDC14FCBAB0A69436168B291 Ref B: TYO201100116009 Ref C: 2023-11-21T07:58:06Z"
      },
      "ResponseBody": {
        "id": "/subscriptions/da1d7b9a-a759-41c8-bb73-093a1818e03a/resourceGroups/adf-rg-teradata-6799/providers/Microsoft.DataFactory/factories/adf-teradata-6670/linkedservices/adf_linkedservice_teradata_5992",
        "name": "adf_linkedservice_teradata_5992",
        "type": "Microsoft.DataFactory/factories/linkedservices",
        "properties": {
          "type": "Teradata",
          "connectVia": {
            "type": "IntegrationRuntimeReference",
            "referenceName": "adf-integrationRuntime-1877"
          },
          "typeProperties": {
            "server": "volvo2.teradata.ws",
            "authenticationType": "Basic",
            "username": "microsoft",
            "password": {
              "store": {
                "type": "LinkedServiceReference",
                "referenceName": "adf_linkedservice_akv_3487"
              },
              "secretName": "fakeSecretName",
              "type": "AzureKeyVaultSecret"
            }
          }
        },
        "etag": "450040aa-0000-0800-0000-655c630f0000"
      }
    }
  ],
  "Variables": {
    "AZURE_AUTHORITY_HOST": null,
    "RandomSeed": "1604475400",
    "RESOURCE_MANAGER_URL": null,
    "SUBSCRIPTION_ID": "da1d7b9a-a759-41c8-bb73-093a1818e03a"
  }
}
