{
  "Entries": [
    {
      "RequestUri": "https://management.azure.com/subscriptions/da1d7b9a-a759-41c8-bb73-093a1818e03a/resourceGroups/DataFactory-RG-8799/providers/Microsoft.DataFactory/factories/DataFactory-0336c9a5-da0e-35b6-8b18-857a0427eeff-7490?api-version=2018-06-01",
      "RequestMethod": "PUT",
      "RequestHeaders": {
        "Accept": "application/json",
        "Authorization": "Sanitized",
        "Content-Length": "48",
        "Content-Type": "application/json",
        "traceparent": "00-bf025be2759c92252d0a29955720e5f2-d1c3c5430c869982-00",
        "User-Agent": "azsdk-net-ResourceManager.DataFactory/1.0.0-alpha.20231104.1 (.NET 6.0.24; Microsoft Windows 10.0.22621)",
        "x-ms-client-request-id": "7108b444565ab48cbba133c80713ed78",
        "x-ms-return-client-request-id": "true"
      },
      "RequestBody": {
        "tags": {},
        "location": "westus2",
        "properties": {}
      },
      "StatusCode": 200,
      "ResponseHeaders": {
        "Cache-Control": "no-cache",
        "Content-Length": "540",
        "Content-Type": "application/json; charset=utf-8",
        "Date": "Sun, 05 Nov 2023 05:34:09 GMT",
        "Expires": "-1",
        "Pragma": "no-cache",
        "Server": "Kestrel",
        "Strict-Transport-Security": "max-age=31536000; includeSubDomains",
        "X-Content-Type-Options": "nosniff",
        "x-ms-correlation-request-id": "7cd20a21-96ba-4893-9750-dde58b916ecf",
        "x-ms-ratelimit-remaining-subscription-writes": "953",
        "x-ms-request-id": "7cd20a21-96ba-4893-9750-dde58b916ecf",
        "x-ms-routing-request-id": "KOREASOUTH:20231105T053410Z:7cd20a21-96ba-4893-9750-dde58b916ecf"
      },
      "ResponseBody": {
        "name": "DataFactory-0336c9a5-da0e-35b6-8b18-857a0427eeff-7490",
        "id": "/subscriptions/da1d7b9a-a759-41c8-bb73-093a1818e03a/resourceGroups/datafactory-rg-8799/providers/Microsoft.DataFactory/factories/datafactory-0336c9a5-da0e-35b6-8b18-857a0427eeff-7490",
        "type": "Microsoft.DataFactory/factories",
        "properties": {
          "provisioningState": "Succeeded",
          "createTime": "2023-11-05T05:34:10.5357129Z",
          "version": "2018-06-01"
        },
        "eTag": "\u0022a901b856-0000-0800-0000-654729520000\u0022",
        "location": "westus2",
        "tags": {}
      }
    },
    {
      "RequestUri": "https://management.azure.com/subscriptions/da1d7b9a-a759-41c8-bb73-093a1818e03a/resourceGroups/datafactory-rg-8799/providers/Microsoft.DataFactory/factories/datafactory-0336c9a5-da0e-35b6-8b18-857a0427eeff-7490/linkedservices/LinkedService899?api-version=2018-06-01",
      "RequestMethod": "PUT",
      "RequestHeaders": {
        "Accept": "application/json",
        "Authorization": "Sanitized",
        "Content-Length": "100",
        "Content-Type": "application/json",
        "traceparent": "00-872846f1116460d5fb4eb695b8a7e951-4bed88c864542de3-00",
        "User-Agent": "azsdk-net-ResourceManager.DataFactory/1.0.0-alpha.20231104.1 (.NET 6.0.24; Microsoft Windows 10.0.22621)",
        "x-ms-client-request-id": "6b79ee9ec5ea1b0cd6e6eed34b418bfc",
        "x-ms-return-client-request-id": "true"
      },
      "RequestBody": {
        "properties": {
          "type": "AzureKeyVault",
          "typeProperties": {
            "baseUrl": "https://Test.vault.azure.net/"
          }
        }
      },
      "StatusCode": 200,
      "ResponseHeaders": {
        "Cache-Control": "no-cache",
        "Content-Length": "499",
        "Content-Type": "application/json; charset=utf-8",
        "Date": "Sun, 05 Nov 2023 05:34:11 GMT",
        "Expires": "-1",
        "Pragma": "no-cache",
        "Server": "Kestrel",
        "Strict-Transport-Security": "max-age=31536000; includeSubDomains",
        "X-Content-Type-Options": "nosniff",
        "x-ms-correlation-request-id": "53a46434-7a53-4175-83cc-3370ff75df4b",
        "x-ms-ratelimit-remaining-subscription-writes": "952",
        "x-ms-request-id": "53a46434-7a53-4175-83cc-3370ff75df4b",
        "x-ms-routing-request-id": "KOREASOUTH:20231105T053411Z:53a46434-7a53-4175-83cc-3370ff75df4b"
      },
      "ResponseBody": {
        "id": "/subscriptions/da1d7b9a-a759-41c8-bb73-093a1818e03a/resourceGroups/datafactory-rg-8799/providers/Microsoft.DataFactory/factories/datafactory-0336c9a5-da0e-35b6-8b18-857a0427eeff-7490/linkedservices/LinkedService899",
        "name": "LinkedService899",
        "type": "Microsoft.DataFactory/factories/linkedservices",
        "properties": {
          "type": "AzureKeyVault",
          "typeProperties": {
            "baseUrl": "https://Test.vault.azure.net/"
          }
        },
        "etag": "1b000415-0000-0800-0000-654729530000"
      }
    },
    {
      "RequestUri": "https://management.azure.com/subscriptions/da1d7b9a-a759-41c8-bb73-093a1818e03a/resourceGroups/datafactory-rg-8799/providers/Microsoft.DataFactory/factories/datafactory-0336c9a5-da0e-35b6-8b18-857a0427eeff-7490/linkedservices/LinkedService3855?api-version=2018-06-01",
      "RequestMethod": "PUT",
      "RequestHeaders": {
        "Accept": "application/json",
        "Authorization": "Sanitized",
        "Content-Length": "273",
        "Content-Type": "application/json",
        "traceparent": "00-1991de516cd615c188d5d792743f8779-8cca2092d36b5905-00",
        "User-Agent": "azsdk-net-ResourceManager.DataFactory/1.0.0-alpha.20231104.1 (.NET 6.0.24; Microsoft Windows 10.0.22621)",
        "x-ms-client-request-id": "57b8d041a656848ab07a7c6bc9b503f4",
        "x-ms-return-client-request-id": "true"
      },
      "RequestBody": {
        "properties": {
          "type": "PostgreSql",
          "typeProperties": {
            "connectionString": {
              "value": "Fakeconnstring",
              "type": "SecureString"
            },
            "password": {
              "store": {
                "type": "LinkedServiceReference",
                "referenceName": "LinkedService899"
              },
              "secretName": "fakeSecretName1",
              "type": "AzureKeyVaultSecret"
            }
          }
        }
      },
      "StatusCode": 200,
      "ResponseHeaders": {
        "Cache-Control": "no-cache",
        "Content-Length": "775",
        "Content-Type": "application/json; charset=utf-8",
        "Date": "Sun, 05 Nov 2023 05:34:11 GMT",
        "Expires": "-1",
        "Pragma": "no-cache",
        "Server": "Kestrel",
        "Strict-Transport-Security": "max-age=31536000; includeSubDomains",
        "X-Content-Type-Options": "nosniff",
        "x-ms-correlation-request-id": "c840a4b9-ba08-49b3-8af6-332cb89c5522",
        "x-ms-ratelimit-remaining-subscription-writes": "951",
        "x-ms-request-id": "c840a4b9-ba08-49b3-8af6-332cb89c5522",
        "x-ms-routing-request-id": "KOREASOUTH:20231105T053411Z:c840a4b9-ba08-49b3-8af6-332cb89c5522"
      },
      "ResponseBody": {
        "id": "/subscriptions/da1d7b9a-a759-41c8-bb73-093a1818e03a/resourceGroups/datafactory-rg-8799/providers/Microsoft.DataFactory/factories/datafactory-0336c9a5-da0e-35b6-8b18-857a0427eeff-7490/linkedservices/LinkedService3855",
        "name": "LinkedService3855",
        "type": "Microsoft.DataFactory/factories/linkedservices",
        "properties": {
          "type": "PostgreSql",
          "typeProperties": {
            "connectionString": {
              "type": "SecureString",
              "value": "**********"
            },
            "password": {
              "store": {
                "type": "LinkedServiceReference",
                "referenceName": "LinkedService899"
              },
              "secretName": "fakeSecretName1",
              "type": "AzureKeyVaultSecret"
            }
          }
        },
        "etag": "1b000615-0000-0800-0000-654729530000"
      }
    }
  ],
  "Variables": {
    "AZURE_AUTHORITY_HOST": null,
    "RandomSeed": "1327907550",
    "RESOURCE_MANAGER_URL": null,
    "SUBSCRIPTION_ID": "da1d7b9a-a759-41c8-bb73-093a1818e03a"
  }
}
