{
  "Entries": [
    {
      "RequestUri": "https://management.azure.com/subscriptions/db1ab6f0-4769-4b27-930e-01e2ef9c123c/resourceGroups/DataFactory-RG-4317/providers/Microsoft.DataFactory/factories/DataFactory-1d1ea2ce-4fdf-3c91-b495-e03b87f5a1db-8018?api-version=2018-06-01",
      "RequestMethod": "PUT",
      "RequestHeaders": {
        "Accept": "application/json",
        "Authorization": "Sanitized",
        "Content-Length": "48",
        "Content-Type": "application/json",
        "traceparent": "00-fb12a1bf178645a158ad80162b2cf9e1-40ab7065e3e889d6-00",
        "User-Agent": "azsdk-net-ResourceManager.DataFactory/1.0.0-alpha.20231116.1 (.NET 7.0.14; Microsoft Windows 10.0.22621)",
        "x-ms-client-request-id": "78d5926a93143745f6ec217c57690576",
        "x-ms-return-client-request-id": "true"
      },
      "RequestBody": {
        "tags": {},
        "location": "westus2",
        "properties": {}
      },
      "StatusCode": 200,
      "ResponseHeaders": {
        "Cache-Control": "no-cache",
        "Content-Length": "540",
        "Content-Type": "application/json; charset=utf-8",
        "Date": "Thu, 16 Nov 2023 11:35:54 GMT",
        "Expires": "-1",
        "Pragma": "no-cache",
        "Server": "Kestrel",
        "Strict-Transport-Security": "max-age=31536000; includeSubDomains",
        "X-Content-Type-Options": "nosniff",
        "x-ms-correlation-request-id": "e5a54c2e-3e60-4053-b4e0-13db1bf04632",
        "x-ms-ratelimit-remaining-subscription-writes": "997",
        "x-ms-request-id": "e5a54c2e-3e60-4053-b4e0-13db1bf04632",
        "x-ms-routing-request-id": "SOUTHEASTASIA:20231116T113554Z:e5a54c2e-3e60-4053-b4e0-13db1bf04632"
      },
      "ResponseBody": {
        "name": "DataFactory-1d1ea2ce-4fdf-3c91-b495-e03b87f5a1db-8018",
        "id": "/subscriptions/db1ab6f0-4769-4b27-930e-01e2ef9c123c/resourceGroups/datafactory-rg-4317/providers/Microsoft.DataFactory/factories/datafactory-1d1ea2ce-4fdf-3c91-b495-e03b87f5a1db-8018",
        "type": "Microsoft.DataFactory/factories",
        "properties": {
          "provisioningState": "Succeeded",
          "createTime": "2023-11-16T11:35:54.6270096Z",
          "version": "2018-06-01"
        },
        "eTag": "\u002200021715-0000-0800-0000-6555fe9a0000\u0022",
        "location": "westus2",
        "tags": {}
      }
    },
    {
      "RequestUri": "https://management.azure.com/subscriptions/db1ab6f0-4769-4b27-930e-01e2ef9c123c/resourceGroups/datafactory-rg-4317/providers/Microsoft.DataFactory/factories/datafactory-1d1ea2ce-4fdf-3c91-b495-e03b87f5a1db-8018/linkedservices/LinkedService4644?api-version=2018-06-01",
      "RequestMethod": "PUT",
      "RequestHeaders": {
        "Accept": "application/json",
        "Authorization": "Sanitized",
        "Content-Length": "100",
        "Content-Type": "application/json",
        "traceparent": "00-496dba58557ea965a915ce77529b5b9c-2e1698ca1cddff07-00",
        "User-Agent": "azsdk-net-ResourceManager.DataFactory/1.0.0-alpha.20231116.1 (.NET 7.0.14; Microsoft Windows 10.0.22621)",
        "x-ms-client-request-id": "e81557ed6fd57080c2ab524bbf76606f",
        "x-ms-return-client-request-id": "true"
      },
      "RequestBody": {
        "properties": {
          "type": "AzureKeyVault",
          "typeProperties": {
            "baseUrl": "https://Test.vault.azure.net/"
          }
        }
      },
      "StatusCode": 200,
      "ResponseHeaders": {
        "Cache-Control": "no-cache",
        "Content-Length": "501",
        "Content-Type": "application/json; charset=utf-8",
        "Date": "Thu, 16 Nov 2023 11:35:54 GMT",
        "Expires": "-1",
        "Pragma": "no-cache",
        "Server": "Kestrel",
        "Strict-Transport-Security": "max-age=31536000; includeSubDomains",
        "X-Content-Type-Options": "nosniff",
        "x-ms-correlation-request-id": "585146c9-0cca-4daa-a9ab-de9ba281c657",
        "x-ms-ratelimit-remaining-subscription-writes": "996",
        "x-ms-request-id": "585146c9-0cca-4daa-a9ab-de9ba281c657",
        "x-ms-routing-request-id": "SOUTHEASTASIA:20231116T113555Z:585146c9-0cca-4daa-a9ab-de9ba281c657"
      },
      "ResponseBody": {
        "id": "/subscriptions/db1ab6f0-4769-4b27-930e-01e2ef9c123c/resourceGroups/datafactory-rg-4317/providers/Microsoft.DataFactory/factories/datafactory-1d1ea2ce-4fdf-3c91-b495-e03b87f5a1db-8018/linkedservices/LinkedService4644",
        "name": "LinkedService4644",
        "type": "Microsoft.DataFactory/factories/linkedservices",
        "properties": {
          "type": "AzureKeyVault",
          "typeProperties": {
            "baseUrl": "https://Test.vault.azure.net/"
          }
        },
        "etag": "ae0067b7-0000-0800-0000-6555fe9b0000"
      }
    },
    {
      "RequestUri": "https://management.azure.com/subscriptions/db1ab6f0-4769-4b27-930e-01e2ef9c123c/resourceGroups/datafactory-rg-4317/providers/Microsoft.DataFactory/factories/datafactory-1d1ea2ce-4fdf-3c91-b495-e03b87f5a1db-8018/linkedservices/LinkedService1133?api-version=2018-06-01",
      "RequestMethod": "PUT",
      "RequestHeaders": {
        "Accept": "application/json",
        "Authorization": "Sanitized",
        "Content-Length": "231",
        "Content-Type": "application/json",
        "traceparent": "00-3411ab3395191fa34dad62465ec8e35a-c9c2316d130475e4-00",
        "User-Agent": "azsdk-net-ResourceManager.DataFactory/1.0.0-alpha.20231116.1 (.NET 7.0.14; Microsoft Windows 10.0.22621)",
        "x-ms-client-request-id": "8b93e46215b62b3ffd307d1a07303970",
        "x-ms-return-client-request-id": "true"
      },
      "RequestBody": {
        "properties": {
          "type": "Greenplum",
          "typeProperties": {
            "connectionString": "Sanitized",
            "pwd": {
              "store": {
                "type": "LinkedServiceReference",
                "referenceName": "LinkedService4644"
              },
              "secretName": "fakeSecretName1",
              "type": "AzureKeyVaultSecret"
            }
          }
        }
      },
      "StatusCode": 200,
      "ResponseHeaders": {
        "Cache-Control": "no-cache",
        "Content-Length": "583",
        "Content-Type": "application/json; charset=utf-8",
        "Date": "Thu, 16 Nov 2023 11:35:56 GMT",
        "Expires": "-1",
        "Pragma": "no-cache",
        "Server": "Kestrel",
        "Strict-Transport-Security": "max-age=31536000; includeSubDomains",
        "X-Content-Type-Options": "nosniff",
        "x-ms-correlation-request-id": "eeceb93d-2915-4612-b0a5-3e91502e118b",
        "x-ms-ratelimit-remaining-subscription-writes": "995",
        "x-ms-request-id": "eeceb93d-2915-4612-b0a5-3e91502e118b",
        "x-ms-routing-request-id": "SOUTHEASTASIA:20231116T113556Z:eeceb93d-2915-4612-b0a5-3e91502e118b"
      },
      "ResponseBody": {
        "id": "/subscriptions/db1ab6f0-4769-4b27-930e-01e2ef9c123c/resourceGroups/datafactory-rg-4317/providers/Microsoft.DataFactory/factories/datafactory-1d1ea2ce-4fdf-3c91-b495-e03b87f5a1db-8018/linkedservices/LinkedService1133",
        "name": "LinkedService1133",
        "type": "Microsoft.DataFactory/factories/linkedservices",
        "properties": {
          "type": "Greenplum",
          "typeProperties": {
            "connectionString": "Sanitized",
            "pwd": {
              "store": {
                "type": "LinkedServiceReference",
                "referenceName": "LinkedService4644"
              },
              "secretName": "fakeSecretName1",
              "type": "AzureKeyVaultSecret"
            }
          }
        },
        "etag": "ae0069b7-0000-0800-0000-6555fe9b0000"
      }
    }
  ],
  "Variables": {
    "AZURE_AUTHORITY_HOST": "https://login.microsoftonline.com",
    "RandomSeed": "757835205",
    "RESOURCE_MANAGER_URL": null,
    "SUBSCRIPTION_ID": "db1ab6f0-4769-4b27-930e-01e2ef9c123c"
  }
}
