{
  "Entries": [
    {
      "RequestUri": "https://fakestorageaccount.file.core.windows.net/share168970924992608465?restype=share",
      "RequestMethod": "PUT",
      "RequestHeaders": {
        "Accept": "application/xml",
        "Authorization": "Sanitized",
        "Connection": "keep-alive",
        "Content-Length": "0",
        "User-Agent": "azsdk-js-azure-storage-blob/12.20.0 core-rest-pipeline/1.11.1 Node/v18.16.0 OS/(x64-Linux-6.2.10-arch1-1)",
        "x-ms-client-request-id": "8d7b0ed4-0b80-479f-9828-856a96ea4356",
        "x-ms-date": "Tue, 18 Jul 2023 19:40:49 GMT",
        "x-ms-version": "2022-11-02"
      },
      "RequestBody": null,
      "StatusCode": 201,
      "ResponseHeaders": {
        "Content-Length": "0",
        "Date": "Tue, 18 Jul 2023 19:37:59 GMT",
        "ETag": "\u00220x8DB87C67E428C9B\u0022",
        "Last-Modified": "Tue, 18 Jul 2023 19:37:59 GMT",
        "Server": [
          "Windows-Azure-File/1.0",
          "Microsoft-HTTPAPI/2.0"
        ],
        "x-ms-client-request-id": "8d7b0ed4-0b80-479f-9828-856a96ea4356",
        "x-ms-request-id": "2a3f01a8-001a-003f-3faf-b93043000000",
        "x-ms-version": "2022-11-02"
      },
      "ResponseBody": null
    },
    {
      "RequestUri": "https://fakestorageaccount.file.core.windows.net/share168970924992608465/dir168970925001505535?restype=directory",
      "RequestMethod": "PUT",
      "RequestHeaders": {
        "Accept": "application/xml",
        "Authorization": "Sanitized",
        "Connection": "keep-alive",
        "Content-Length": "0",
        "User-Agent": "azsdk-js-azure-storage-blob/12.20.0 core-rest-pipeline/1.11.1 Node/v18.16.0 OS/(x64-Linux-6.2.10-arch1-1)",
        "x-ms-client-request-id": "1b7e234f-c33f-4e06-8b40-1171b328eff6",
        "x-ms-file-attributes": "Directory",
        "x-ms-file-creation-time": "now",
        "x-ms-file-last-write-time": "now",
        "x-ms-file-permission": "inherit",
        "x-ms-file-request-intent": "backup",
        "x-ms-version": "2022-11-02"
      },
      "RequestBody": null,
      "StatusCode": 201,
      "ResponseHeaders": {
        "Content-Length": "0",
        "Date": "Tue, 18 Jul 2023 19:37:59 GMT",
        "ETag": "\u00220x8DB87C67E909768\u0022",
        "Last-Modified": "Tue, 18 Jul 2023 19:37:59 GMT",
        "Server": [
          "Windows-Azure-File/1.0",
          "Microsoft-HTTPAPI/2.0"
        ],
        "x-ms-client-request-id": "1b7e234f-c33f-4e06-8b40-1171b328eff6",
        "x-ms-file-attributes": "Directory",
        "x-ms-file-change-time": "2023-07-18T19:37:59.9736680Z",
        "x-ms-file-creation-time": "2023-07-18T19:37:59.9736680Z",
        "x-ms-file-id": "13835128424026341376",
        "x-ms-file-last-write-time": "2023-07-18T19:37:59.9736680Z",
        "x-ms-file-parent-id": "0",
        "x-ms-file-permission-key": "8614286176118771184*2258328373640403577",
        "x-ms-request-id": "2a3f01ac-001a-003f-42af-b93043000000",
        "x-ms-request-server-encrypted": "true",
        "x-ms-version": "2022-11-02"
      },
      "ResponseBody": null
    },
    {
      "RequestUri": "https://fakestorageaccount.file.core.windows.net/share168970924992608465/dir168970925001505535/file168970925052300400",
      "RequestMethod": "PUT",
      "RequestHeaders": {
        "Accept": "application/xml",
        "Authorization": "Sanitized",
        "Connection": "keep-alive",
        "Content-Length": "0",
        "User-Agent": "azsdk-js-azure-storage-blob/12.20.0 core-rest-pipeline/1.11.1 Node/v18.16.0 OS/(x64-Linux-6.2.10-arch1-1)",
        "x-ms-client-request-id": "2e1cd052-13c2-46f8-89c6-f30e0766fbf7",
        "x-ms-content-length": "10",
        "x-ms-file-attributes": "None",
        "x-ms-file-creation-time": "now",
        "x-ms-file-last-write-time": "now",
        "x-ms-file-permission": "inherit",
        "x-ms-file-request-intent": "backup",
        "x-ms-type": "file",
        "x-ms-version": "2022-11-02"
      },
      "RequestBody": null,
      "StatusCode": 201,
      "ResponseHeaders": {
        "Content-Length": "0",
        "Date": "Tue, 18 Jul 2023 19:37:59 GMT",
        "ETag": "\u00220x8DB87C67EA0B1E4\u0022",
        "Last-Modified": "Tue, 18 Jul 2023 19:38:00 GMT",
        "Server": [
          "Windows-Azure-File/1.0",
          "Microsoft-HTTPAPI/2.0"
        ],
        "x-ms-client-request-id": "2e1cd052-13c2-46f8-89c6-f30e0766fbf7",
        "x-ms-file-attributes": "Archive",
        "x-ms-file-change-time": "2023-07-18T19:38:00.0792036Z",
        "x-ms-file-creation-time": "2023-07-18T19:38:00.0792036Z",
        "x-ms-file-id": "11529285414812647424",
        "x-ms-file-last-write-time": "2023-07-18T19:38:00.0792036Z",
        "x-ms-file-parent-id": "13835128424026341376",
        "x-ms-file-permission-key": "13256303658861622007*2258328373640403577",
        "x-ms-request-id": "2a3f01b1-001a-003f-44af-b93043000000",
        "x-ms-request-server-encrypted": "true",
        "x-ms-version": "2022-11-02"
      },
      "ResponseBody": null
    },
    {
      "RequestUri": "https://fakestorageaccount.file.core.windows.net/share168970924992608465/dir168970925001505535/file168970925052300400?comp=range",
      "RequestMethod": "PUT",
      "RequestHeaders": {
        "Accept": "application/xml",
        "Authorization": "Sanitized",
        "Connection": "keep-alive",
        "Content-Length": "5",
        "Content-Type": "application/octet-stream",
        "User-Agent": "azsdk-js-azure-storage-blob/12.20.0 core-rest-pipeline/1.11.1 Node/v18.16.0 OS/(x64-Linux-6.2.10-arch1-1)",
        "x-ms-client-request-id": "0670d875-335b-4fa8-a87d-e1330a030571",
        "x-ms-file-request-intent": "backup",
        "x-ms-range": "bytes=0-4",
        "x-ms-version": "2022-11-02",
        "x-ms-write": "update"
      },
      "RequestBody": "SGVsbG8=",
      "StatusCode": 201,
      "ResponseHeaders": {
        "Content-Length": "0",
        "Content-MD5": "ixqZU8RhEpaoJ6v4xHgE1w==",
        "Date": "Tue, 18 Jul 2023 19:38:00 GMT",
        "ETag": "\u00220x8DB87C67EB009F5\u0022",
        "Last-Modified": "Tue, 18 Jul 2023 19:38:00 GMT",
        "Server": [
          "Windows-Azure-File/1.0",
          "Microsoft-HTTPAPI/2.0"
        ],
        "x-ms-client-request-id": "0670d875-335b-4fa8-a87d-e1330a030571",
        "x-ms-file-last-write-time": "2023-07-18T19:38:00.1797621Z",
        "x-ms-request-id": "2a3f01b3-001a-003f-46af-b93043000000",
        "x-ms-request-server-encrypted": "true",
        "x-ms-version": "2022-11-02"
      },
      "ResponseBody": null
    },
    {
      "RequestUri": "https://fakestorageaccount.file.core.windows.net/share168970924992608465/dir168970925001505535/file168970925052300400?comp=range",
      "RequestMethod": "PUT",
      "RequestHeaders": {
        "Accept": "application/xml",
        "Authorization": "Sanitized",
        "Connection": "keep-alive",
        "Content-Length": "5",
        "Content-Type": "application/octet-stream",
        "User-Agent": "azsdk-js-azure-storage-blob/12.20.0 core-rest-pipeline/1.11.1 Node/v18.16.0 OS/(x64-Linux-6.2.10-arch1-1)",
        "x-ms-client-request-id": "e799bf8f-3ea9-40db-bdb3-0eb653df707a",
        "x-ms-file-request-intent": "backup",
        "x-ms-range": "bytes=5-9",
        "x-ms-version": "2022-11-02",
        "x-ms-write": "update"
      },
      "RequestBody": "V29ybGQ=",
      "StatusCode": 201,
      "ResponseHeaders": {
        "Content-Length": "0",
        "Content-MD5": "9aeSTmIehMkoCpon4by39g==",
        "Date": "Tue, 18 Jul 2023 19:38:00 GMT",
        "ETag": "\u00220x8DB87C67EBFAFC9\u0022",
        "Last-Modified": "Tue, 18 Jul 2023 19:38:00 GMT",
        "Server": [
          "Windows-Azure-File/1.0",
          "Microsoft-HTTPAPI/2.0"
        ],
        "x-ms-client-request-id": "e799bf8f-3ea9-40db-bdb3-0eb653df707a",
        "x-ms-file-last-write-time": "2023-07-18T19:38:00.2823113Z",
        "x-ms-request-id": "2a3f01b4-001a-003f-47af-b93043000000",
        "x-ms-request-server-encrypted": "true",
        "x-ms-version": "2022-11-02"
      },
      "ResponseBody": null
    },
    {
      "RequestUri": "https://fakestorageaccount.file.core.windows.net/share168970924992608465/dir168970925001505535/file168970925052300400",
      "RequestMethod": "GET",
      "RequestHeaders": {
        "Accept": "application/xml",
        "Authorization": "Sanitized",
        "Connection": "keep-alive",
        "User-Agent": "azsdk-js-azure-storage-blob/12.20.0 core-rest-pipeline/1.11.1 Node/v18.16.0 OS/(x64-Linux-6.2.10-arch1-1)",
        "x-ms-client-request-id": "a36849db-e494-44bf-b70f-43d747f6e11f",
        "x-ms-file-request-intent": "backup",
        "x-ms-range": "bytes=0-7",
        "x-ms-version": "2022-11-02"
      },
      "RequestBody": null,
      "StatusCode": 206,
      "ResponseHeaders": {
        "Accept-Ranges": "bytes",
        "Access-Control-Allow-Origin": "*",
        "Access-Control-Expose-Headers": "x-ms-request-id,x-ms-client-request-id,Server,x-ms-version,Content-Type,Last-Modified,ETag,x-ms-type,x-ms-server-encrypted,x-ms-lease-status,x-ms-lease-state,x-ms-file-change-time,x-ms-file-last-write-time,x-ms-file-creation-time,x-ms-file-permission-key,x-ms-file-attributes,x-ms-file-id,x-ms-file-parent-id,Content-Range,Accept-Ranges,Content-Length,Date,Transfer-Encoding",
        "Content-Length": "8",
        "Content-Range": "bytes 0-7/10",
        "Content-Type": "application/octet-stream",
        "Date": "Tue, 18 Jul 2023 19:38:00 GMT",
        "ETag": "\u00220x8DB87C67EBFAFC9\u0022",
        "Last-Modified": "Tue, 18 Jul 2023 19:38:00 GMT",
        "Server": [
          "Windows-Azure-File/1.0",
          "Microsoft-HTTPAPI/2.0"
        ],
        "x-ms-client-request-id": "a36849db-e494-44bf-b70f-43d747f6e11f",
        "x-ms-file-attributes": "Archive",
        "x-ms-file-change-time": "2023-07-18T19:38:00.2823113Z",
        "x-ms-file-creation-time": "2023-07-18T19:38:00.0792036Z",
        "x-ms-file-id": "11529285414812647424",
        "x-ms-file-last-write-time": "2023-07-18T19:38:00.2823113Z",
        "x-ms-file-parent-id": "13835128424026341376",
        "x-ms-file-permission-key": "13256303658861622007*2258328373640403577",
        "x-ms-lease-state": "available",
        "x-ms-lease-status": "unlocked",
        "x-ms-request-id": "2a3f01b5-001a-003f-48af-b93043000000",
        "x-ms-server-encrypted": "true",
        "x-ms-type": "File",
        "x-ms-version": "2022-11-02"
      },
      "ResponseBody": "SGVsbG9Xb3I="
    },
    {
      "RequestUri": "https://fakestorageaccount.file.core.windows.net/share168970924992608465?restype=share",
      "RequestMethod": "DELETE",
      "RequestHeaders": {
        "Accept": "application/xml",
        "Authorization": "Sanitized",
        "Connection": "keep-alive",
        "User-Agent": "azsdk-js-azure-storage-blob/12.20.0 core-rest-pipeline/1.11.1 Node/v18.16.0 OS/(x64-Linux-6.2.10-arch1-1)",
        "x-ms-client-request-id": "5eac9461-a4f5-4948-a75b-906fae32b575",
        "x-ms-date": "Tue, 18 Jul 2023 19:40:50 GMT",
        "x-ms-delete-snapshots": "include",
        "x-ms-version": "2022-11-02"
      },
      "RequestBody": null,
      "StatusCode": 202,
      "ResponseHeaders": {
        "Content-Length": "0",
        "Date": "Tue, 18 Jul 2023 19:38:00 GMT",
        "Server": [
          "Windows-Azure-File/1.0",
          "Microsoft-HTTPAPI/2.0"
        ],
        "x-ms-client-request-id": "5eac9461-a4f5-4948-a75b-906fae32b575",
        "x-ms-request-id": "2a3f01b6-001a-003f-49af-b93043000000",
        "x-ms-version": "2022-11-02"
      },
      "ResponseBody": null
    }
  ],
  "Variables": {
    "dir": "dir168970925001505535",
    "file": "file168970925052300400",
    "share": "share168970924992608465"
  }
}
