{
  "Entries": [
    {
      "RequestUri": "https://Sanitized.blob.core.windows.net/filesystem171617491969507969?restype=container",
      "RequestMethod": "PUT",
      "RequestHeaders": {
        "Accept": "application/xml",
        "Authorization": "Sanitized",
        "Connection": "keep-alive",
        "Content-Length": "0",
        "User-Agent": "azsdk-js-azure-storage-blob/12.23.0-beta.2 core-rest-pipeline/1.16.1 Node/18.19.0 OS/(x64-Windows_NT-10.0.22631)",
        "x-ms-client-request-id": "Sanitized",
        "x-ms-date": "Mon, 20 May 2024 03:15:19 GMT",
        "x-ms-version": "2023-11-03"
      },
      "RequestBody": null,
      "StatusCode": 201,
      "ResponseHeaders": {
        "Content-Length": "0",
        "Date": "Mon, 20 May 2024 03:15:19 GMT",
        "ETag": "\"0x8DC787B14522A79\"",
        "Last-Modified": "Mon, 20 May 2024 03:15:19 GMT",
        "Server": [
          "Windows-Azure-Blob/1.0",
          "Microsoft-HTTPAPI/2.0"
        ],
        "x-ms-client-request-id": "Sanitized",
        "x-ms-request-id": "Sanitized",
        "x-ms-version": "2023-11-03"
      },
      "ResponseBody": null
    },
    {
      "RequestUri": "https://Sanitized.dfs.core.windows.net/filesystem171617491969507969/file171617491981803087?resource=file",
      "RequestMethod": "PUT",
      "RequestHeaders": {
        "Accept": "application/json",
        "Authorization": "Sanitized",
        "Connection": "keep-alive",
        "Content-Length": "0",
        "User-Agent": "azsdk-js-azure-storage-blob/12.23.0-beta.2 core-rest-pipeline/1.16.1 Node/18.19.0 OS/(x64-Windows_NT-10.0.22631)",
        "x-ms-client-request-id": "Sanitized",
        "x-ms-date": "Mon, 20 May 2024 03:15:19 GMT",
        "x-ms-version": "2023-11-03"
      },
      "RequestBody": null,
      "StatusCode": 201,
      "ResponseHeaders": {
        "Content-Length": "0",
        "Date": "Mon, 20 May 2024 03:15:19 GMT",
        "ETag": "\"0x8DC787B1468A639\"",
        "Last-Modified": "Mon, 20 May 2024 03:15:19 GMT",
        "Server": [
          "Windows-Azure-HDFS/1.0",
          "Microsoft-HTTPAPI/2.0"
        ],
        "x-ms-client-request-id": "Sanitized",
        "x-ms-request-id": "Sanitized",
        "x-ms-request-server-encrypted": "true",
        "x-ms-version": "2023-11-03"
      },
      "ResponseBody": null
    },
    {
      "RequestUri": "https://Sanitized.dfs.core.windows.net/filesystem171617491969507969/file171617491981803087?position=0&action=append",
      "RequestMethod": "PATCH",
      "RequestHeaders": {
        "Accept": "application/json",
        "Authorization": "Sanitized",
        "Connection": "keep-alive",
        "Content-Length": "11",
        "Content-Type": "application/json",
        "User-Agent": "azsdk-js-azure-storage-blob/12.23.0-beta.2 core-rest-pipeline/1.16.1 Node/18.19.0 OS/(x64-Windows_NT-10.0.22631)",
        "x-ms-client-request-id": "Sanitized",
        "x-ms-date": "Mon, 20 May 2024 03:15:19 GMT",
        "x-ms-version": "2023-11-03"
      },
      "RequestBody": "Hello World",
      "StatusCode": 202,
      "ResponseHeaders": {
        "Content-Length": "0",
        "Date": "Mon, 20 May 2024 03:15:19 GMT",
        "Server": [
          "Windows-Azure-HDFS/1.0",
          "Microsoft-HTTPAPI/2.0"
        ],
        "x-ms-client-request-id": "Sanitized",
        "x-ms-request-id": "Sanitized",
        "x-ms-request-server-encrypted": "true",
        "x-ms-version": "2023-11-03"
      },
      "ResponseBody": null
    },
    {
      "RequestUri": "https://Sanitized.dfs.core.windows.net/filesystem171617491969507969/file171617491981803087?position=11&action=flush",
      "RequestMethod": "PATCH",
      "RequestHeaders": {
        "Accept": "application/json",
        "Authorization": "Sanitized",
        "Connection": "keep-alive",
        "Content-Length": "0",
        "User-Agent": "azsdk-js-azure-storage-blob/12.23.0-beta.2 core-rest-pipeline/1.16.1 Node/18.19.0 OS/(x64-Windows_NT-10.0.22631)",
        "x-ms-client-request-id": "Sanitized",
        "x-ms-date": "Mon, 20 May 2024 03:15:20 GMT",
        "x-ms-encryption-algorithm": "AES256",
        "x-ms-encryption-key": "Sanitized",
        "x-ms-encryption-key-sha256": "Sanitized",
        "x-ms-version": "2023-11-03"
      },
      "RequestBody": null,
      "StatusCode": 409,
      "ResponseHeaders": {
        "Content-Length": "256",
        "Content-Type": "application/json; charset=utf-8",
        "Date": "Mon, 20 May 2024 03:15:19 GMT",
        "Server": [
          "Windows-Azure-HDFS/1.0",
          "Microsoft-HTTPAPI/2.0"
        ],
        "x-ms-client-request-id": "Sanitized",
        "x-ms-error-code": "BlobDoesNotUseCustomerSpecifiedEncryption",
        "x-ms-request-id": "Sanitized",
        "x-ms-version": "2023-11-03"
      },
      "ResponseBody": {
        "error": {
          "code": "BlobDoesNotUseCustomerSpecifiedEncryption",
          "message": "The blob is not encrypted with customer specified encryption, but one was provided in the request.\nRequestId:6b2794b2-801f-0004-4163-aad278000000\nTime:2024-05-20T03:15:20.0700232Z"
        }
      }
    },
    {
      "RequestUri": "https://Sanitized.blob.core.windows.net/filesystem171617491969507969?restype=container",
      "RequestMethod": "DELETE",
      "RequestHeaders": {
        "Accept": "application/xml",
        "Authorization": "Sanitized",
        "Connection": "keep-alive",
        "User-Agent": "azsdk-js-azure-storage-blob/12.23.0-beta.2 core-rest-pipeline/1.16.1 Node/18.19.0 OS/(x64-Windows_NT-10.0.22631)",
        "x-ms-client-request-id": "Sanitized",
        "x-ms-date": "Mon, 20 May 2024 03:15:20 GMT",
        "x-ms-version": "2023-11-03"
      },
      "RequestBody": null,
      "StatusCode": 202,
      "ResponseHeaders": {
        "Content-Length": "0",
        "Date": "Mon, 20 May 2024 03:15:19 GMT",
        "Server": [
          "Windows-Azure-Blob/1.0",
          "Microsoft-HTTPAPI/2.0"
        ],
        "x-ms-client-request-id": "Sanitized",
        "x-ms-request-id": "Sanitized",
        "x-ms-version": "2023-11-03"
      },
      "ResponseBody": null
    }
  ],
  "Variables": {
    "dir": "dir171617491981901978",
    "file": "file171617491981803087",
    "filesystem": "filesystem171617491969507969"
  }
}
