{
  "Entries": [
    {
      "RequestUri": "https://Sanitized.blob.core.windows.net/filesystem171617492784705840?restype=container",
      "RequestMethod": "PUT",
      "RequestHeaders": {
        "Accept": "application/xml",
        "Authorization": "Sanitized",
        "Connection": "keep-alive",
        "Content-Length": "0",
        "User-Agent": "azsdk-js-azure-storage-blob/12.23.0-beta.2 core-rest-pipeline/1.16.1 Node/18.19.0 OS/(x64-Windows_NT-10.0.22631)",
        "x-ms-client-request-id": "Sanitized",
        "x-ms-date": "Mon, 20 May 2024 03:15:27 GMT",
        "x-ms-version": "2023-11-03"
      },
      "RequestBody": null,
      "StatusCode": 201,
      "ResponseHeaders": {
        "Content-Length": "0",
        "Date": "Mon, 20 May 2024 03:15:27 GMT",
        "ETag": "\"0x8DC787B192E7088\"",
        "Last-Modified": "Mon, 20 May 2024 03:15:27 GMT",
        "Server": [
          "Windows-Azure-Blob/1.0",
          "Microsoft-HTTPAPI/2.0"
        ],
        "x-ms-client-request-id": "Sanitized",
        "x-ms-request-id": "Sanitized",
        "x-ms-version": "2023-11-03"
      },
      "ResponseBody": null
    },
    {
      "RequestUri": "https://Sanitized.dfs.core.windows.net/filesystem171617492784705840/dir171617492797403993?resource=directory",
      "RequestMethod": "PUT",
      "RequestHeaders": {
        "Accept": "application/json",
        "Authorization": "Sanitized",
        "Connection": "keep-alive",
        "Content-Length": "0",
        "User-Agent": "azsdk-js-azure-storage-blob/12.23.0-beta.2 core-rest-pipeline/1.16.1 Node/18.19.0 OS/(x64-Windows_NT-10.0.22631)",
        "x-ms-client-request-id": "Sanitized",
        "x-ms-date": "Mon, 20 May 2024 03:15:27 GMT",
        "x-ms-encryption-algorithm": "AES256",
        "x-ms-encryption-key": "Sanitized",
        "x-ms-encryption-key-sha256": "Sanitized",
        "x-ms-version": "2023-11-03"
      },
      "RequestBody": null,
      "StatusCode": 201,
      "ResponseHeaders": {
        "Content-Length": "0",
        "Date": "Mon, 20 May 2024 03:15:27 GMT",
        "ETag": "\"0x8DC787B194449A2\"",
        "Last-Modified": "Mon, 20 May 2024 03:15:27 GMT",
        "Server": [
          "Windows-Azure-HDFS/1.0",
          "Microsoft-HTTPAPI/2.0"
        ],
        "x-ms-client-request-id": "Sanitized",
        "x-ms-encryption-key-sha256": "Sanitized",
        "x-ms-request-id": "Sanitized",
        "x-ms-request-server-encrypted": "true",
        "x-ms-version": "2023-11-03"
      },
      "ResponseBody": null
    },
    {
      "RequestUri": "https://Sanitized.blob.core.windows.net/filesystem171617492784705840/dir171617492797403993?comp=metadata",
      "RequestMethod": "PUT",
      "RequestHeaders": {
        "Accept": "application/xml",
        "Authorization": "Sanitized",
        "Connection": "keep-alive",
        "Content-Length": "0",
        "User-Agent": "azsdk-js-azure-storage-blob/12.23.0-beta.2 core-rest-pipeline/1.16.1 Node/18.19.0 OS/(x64-Windows_NT-10.0.22631)",
        "x-ms-client-request-id": "Sanitized",
        "x-ms-date": "Mon, 20 May 2024 03:15:28 GMT",
        "x-ms-version": "2023-11-03"
      },
      "RequestBody": null,
      "StatusCode": 409,
      "ResponseHeaders": {
        "Content-Length": "301",
        "Content-Type": "application/xml",
        "Date": "Mon, 20 May 2024 03:15:27 GMT",
        "Server": [
          "Windows-Azure-Blob/1.0",
          "Microsoft-HTTPAPI/2.0"
        ],
        "x-ms-client-request-id": "Sanitized",
        "x-ms-error-code": "BlobUsesCustomerSpecifiedEncryption",
        "x-ms-request-id": "Sanitized",
        "x-ms-version": "2023-11-03"
      },
      "ResponseBody": [
        "\uFEFF<?xml version=\"1.0\" encoding=\"utf-8\"?><Error><Code>BlobUsesCustomerSpecifiedEncryption</Code><Message>The blob is encrypted with customer specified encryption, but it was not provided in the request.\n",
        "RequestId:af23f8c6-701e-0003-4c63-aa0376000000\n",
        "Time:2024-05-20T03:15:28.1041886Z</Message></Error>"
      ]
    },
    {
      "RequestUri": "https://Sanitized.blob.core.windows.net/filesystem171617492784705840?restype=container",
      "RequestMethod": "DELETE",
      "RequestHeaders": {
        "Accept": "application/xml",
        "Authorization": "Sanitized",
        "Connection": "keep-alive",
        "User-Agent": "azsdk-js-azure-storage-blob/12.23.0-beta.2 core-rest-pipeline/1.16.1 Node/18.19.0 OS/(x64-Windows_NT-10.0.22631)",
        "x-ms-client-request-id": "Sanitized",
        "x-ms-date": "Mon, 20 May 2024 03:15:28 GMT",
        "x-ms-version": "2023-11-03"
      },
      "RequestBody": null,
      "StatusCode": 202,
      "ResponseHeaders": {
        "Content-Length": "0",
        "Date": "Mon, 20 May 2024 03:15:27 GMT",
        "Server": [
          "Windows-Azure-Blob/1.0",
          "Microsoft-HTTPAPI/2.0"
        ],
        "x-ms-client-request-id": "Sanitized",
        "x-ms-request-id": "Sanitized",
        "x-ms-version": "2023-11-03"
      },
      "ResponseBody": null
    }
  ],
  "Variables": {
    "dir": "dir171617492797403993",
    "file": "file171617492797403831",
    "filesystem": "filesystem171617492784705840"
  }
}
