{
  "Entries": [
    {
      "RequestUri": "https://seancanary.file.core.windows.net/test-share-39bbc4b7-7de3-2c2d-1a19-9c4f1aecb909?restype=share",
      "RequestMethod": "PUT",
      "RequestHeaders": {
        "Accept": "application/xml",
        "Authorization": "Sanitized",
        "Content-Length": "0",
        "traceparent": "00-4bcc07744e5414d4b84e4023ee603d99-2326c3f07f6e74c4-00",
        "User-Agent": "azsdk-net-Storage.Files.Shares/12.20.0-alpha.20240731.1 (.NET 7.0.20; Microsoft Windows 10.0.22631)",
        "x-ms-client-request-id": "Sanitized",
        "x-ms-date": "Thu, 01 Aug 2024 00:58:44 GMT",
        "x-ms-return-client-request-id": "true",
        "x-ms-version": "2024-11-04"
      },
      "RequestBody": null,
      "StatusCode": 201,
      "ResponseHeaders": {
        "Content-Length": "0",
        "Date": "Thu, 01 Aug 2024 00:58:44 GMT",
        "ETag": "\"0x8DCB1C5179605EB\"",
        "Last-Modified": "Thu, 01 Aug 2024 00:58:44 GMT",
        "Server": [
          "Windows-Azure-File/1.0",
          "Microsoft-HTTPAPI/2.0"
        ],
        "x-ms-client-request-id": "Sanitized",
        "x-ms-request-id": "bf73d4fb-901a-0082-29ad-e3b79f000000",
        "x-ms-version": "2024-11-04"
      },
      "ResponseBody": null
    },
    {
      "RequestUri": "https://seancanary.file.core.windows.net/test-share-39bbc4b7-7de3-2c2d-1a19-9c4f1aecb909?restype=share&comp=filepermission",
      "RequestMethod": "PUT",
      "RequestHeaders": {
        "Accept": "application/xml",
        "Authorization": "Sanitized",
        "Content-Length": "241",
        "Content-Type": "application/json",
        "traceparent": "00-e68790c10807d4822631dd11581b77ce-e82423725a8ea892-00",
        "User-Agent": "azsdk-net-Storage.Files.Shares/12.20.0-alpha.20240731.1 (.NET 7.0.20; Microsoft Windows 10.0.22631)",
        "x-ms-client-request-id": "Sanitized",
        "x-ms-date": "Thu, 01 Aug 2024 00:58:44 GMT",
        "x-ms-return-client-request-id": "true",
        "x-ms-version": "2024-11-04"
      },
      "RequestBody": {
        "permission": "O:S-1-5-21-2127521184-1604012920-1887927527-21560751G:S-1-5-21-2127521184-1604012920-1887927527-513D:AI(A;;FA;;;SY)(A;;FA;;;BA)(A;;0x1200a9;;;S-1-5-21-397955417-626881126-188441444-3053964)S:NO_ACCESS_CONTROL",
        "format": "Sddl"
      },
      "StatusCode": 201,
      "ResponseHeaders": {
        "Date": "Thu, 01 Aug 2024 00:58:44 GMT",
        "Server": [
          "Windows-Azure-File/1.0",
          "Microsoft-HTTPAPI/2.0"
        ],
        "Transfer-Encoding": "chunked",
        "x-ms-client-request-id": "Sanitized",
        "x-ms-file-permission-key": "16231623300506987543*5081612660206631398",
        "x-ms-request-id": "bf73d4fd-901a-0082-2aad-e3b79f000000",
        "x-ms-version": "2024-11-04"
      },
      "ResponseBody": null
    },
    {
      "RequestUri": "https://seancanary.file.core.windows.net/test-share-39bbc4b7-7de3-2c2d-1a19-9c4f1aecb909?restype=share&comp=filepermission",
      "RequestMethod": "GET",
      "RequestHeaders": {
        "Accept": "application/json",
        "Authorization": "Sanitized",
        "traceparent": "00-f4fb03b586893a486ea495ef95618681-948abc216940bc6f-00",
        "User-Agent": "azsdk-net-Storage.Files.Shares/12.20.0-alpha.20240731.1 (.NET 7.0.20; Microsoft Windows 10.0.22631)",
        "x-ms-client-request-id": "Sanitized",
        "x-ms-date": "Thu, 01 Aug 2024 00:58:44 GMT",
        "x-ms-file-permission-format": "Sddl",
        "x-ms-file-permission-key": "16231623300506987543*5081612660206631398",
        "x-ms-return-client-request-id": "true",
        "x-ms-version": "2024-11-04"
      },
      "RequestBody": null,
      "StatusCode": 200,
      "ResponseHeaders": {
        "Content-Length": "241",
        "Date": "Thu, 01 Aug 2024 00:58:44 GMT",
        "Server": [
          "Windows-Azure-File/1.0",
          "Microsoft-HTTPAPI/2.0"
        ],
        "x-ms-client-request-id": "Sanitized",
        "x-ms-request-id": "bf73d4fe-901a-0082-2bad-e3b79f000000",
        "x-ms-version": "2024-11-04"
      },
      "ResponseBody": "eyJwZXJtaXNzaW9uIjoiTzpTLTEtNS0yMS0yMTI3NTIxMTg0LTE2MDQwMTI5MjAtMTg4NzkyNzUyNy0yMTU2MDc1MUc6Uy0xLTUtMjEtMjEyNzUyMTE4NC0xNjA0MDEyOTIwLTE4ODc5Mjc1MjctNTEzRDpBSShBOztGQTs7O1NZKShBOztGQTs7O0JBKShBOzsweDEyMDBhOTs7O1MtMS01LTIxLTM5Nzk1NTQxNy02MjY4ODExMjYtMTg4NDQxNDQ0LTMwNTM5NjQpUzpOT19BQ0NFU1NfQ09OVFJPTCIsImZvcm1hdCI6InNkZGwifQ=="
    },
    {
      "RequestUri": "https://seancanary.file.core.windows.net/test-share-39bbc4b7-7de3-2c2d-1a19-9c4f1aecb909?restype=share",
      "RequestMethod": "DELETE",
      "RequestHeaders": {
        "Accept": "application/xml",
        "Authorization": "Sanitized",
        "traceparent": "00-c2895425c6216f4c6a0da6f95ace819d-61dee4df05d613a9-00",
        "User-Agent": "azsdk-net-Storage.Files.Shares/12.20.0-alpha.20240731.1 (.NET 7.0.20; Microsoft Windows 10.0.22631)",
        "x-ms-client-request-id": "Sanitized",
        "x-ms-date": "Thu, 01 Aug 2024 00:58:44 GMT",
        "x-ms-delete-snapshots": "include",
        "x-ms-return-client-request-id": "true",
        "x-ms-version": "2024-11-04"
      },
      "RequestBody": null,
      "StatusCode": 202,
      "ResponseHeaders": {
        "Content-Length": "0",
        "Date": "Thu, 01 Aug 2024 00:58:44 GMT",
        "Server": [
          "Windows-Azure-File/1.0",
          "Microsoft-HTTPAPI/2.0"
        ],
        "x-ms-client-request-id": "Sanitized",
        "x-ms-request-id": "bf73d500-901a-0082-2dad-e3b79f000000",
        "x-ms-version": "2024-11-04"
      },
      "ResponseBody": null
    }
  ],
  "Variables": {
    "RandomSeed": "78262748",
    "Storage_TestConfigDefault": "ProductionTenant\nseancanary\nU2FuaXRpemVk\nhttps://seancanary.blob.core.windows.net\nhttps://seancanary.file.core.windows.net\nhttps://seancanary.queue.core.windows.net\nhttps://seancanary.table.core.windows.net\n\n\n\n\nhttps://seancanary-secondary.blob.core.windows.net\nhttps://seancanary-secondary.file.core.windows.net\nhttps://seancanary-secondary.queue.core.windows.net\nhttps://seancanary-secondary.table.core.windows.net\nCloud\nBlobEndpoint=https://seancanary.blob.core.windows.net/;QueueEndpoint=https://seancanary.queue.core.windows.net/;FileEndpoint=https://seancanary.file.core.windows.net/;BlobSecondaryEndpoint=https://seancanary-secondary.blob.core.windows.net/;QueueSecondaryEndpoint=https://seancanary-secondary.queue.core.windows.net/;FileSecondaryEndpoint=https://seancanary-secondary.file.core.windows.net/;AccountName=seancanary;AccountKey=Sanitized\nseanscope1\n\n"
  }
}
