{
  "Entries": [
    {
      "RequestUri": "https://amandapreprod.file.core.windows.net/test-share-6bcee0bc-1159-a279-f6f8-7c2ad44520b6?restype=share",
      "RequestMethod": "PUT",
      "RequestHeaders": {
        "Accept": "application/xml",
        "Authorization": "Sanitized",
        "Content-Length": "0",
        "traceparent": "00-b4feaf5f3048890816dad57225c3f925-c762dd1691c6e981-00",
        "User-Agent": "azsdk-net-Storage.Files.Shares/12.22.0-alpha.20241217.1 (.NET 8.0.11; Microsoft Windows 10.0.26100)",
        "x-ms-client-request-id": "Sanitized",
        "x-ms-date": "Tue, 17 Dec 2024 16:39:53 GMT",
        "x-ms-return-client-request-id": "true",
        "x-ms-version": "2025-05-05"
      },
      "RequestBody": null,
      "StatusCode": 201,
      "ResponseHeaders": {
        "Content-Length": "0",
        "Date": "Tue, 17 Dec 2024 16:39:48 GMT",
        "ETag": "\"0x8DD1EB96C28AA24\"",
        "Last-Modified": "Tue, 17 Dec 2024 16:39:48 GMT",
        "Server": [
          "Windows-Azure-File/1.0",
          "Microsoft-HTTPAPI/2.0"
        ],
        "x-ms-client-request-id": "Sanitized",
        "x-ms-request-id": "cb01792a-801a-0036-55a2-502dc4000000",
        "x-ms-version": "2025-05-05"
      },
      "ResponseBody": null
    },
    {
      "RequestUri": "https://amandapreprod.file.core.windows.net/test-share-6bcee0bc-1159-a279-f6f8-7c2ad44520b6/%2521%2527%2528%2529%253B%255B%255D%2540%2526%2525%253D%252B%2524%252C%2523%C3%A4%C3%84%C3%B6%C3%96%C3%BC%C3%9C%C3%9F%253B?restype=directory",
      "RequestMethod": "PUT",
      "RequestHeaders": {
        "Accept": "application/xml",
        "Authorization": "Sanitized",
        "Content-Length": "0",
        "traceparent": "00-283b3a12ec8170b11a25aacbb1e93ebb-24a6f59fc81462bd-00",
        "User-Agent": "azsdk-net-Storage.Files.Shares/12.22.0-alpha.20241217.1 (.NET 8.0.11; Microsoft Windows 10.0.26100)",
        "x-ms-client-request-id": "Sanitized",
        "x-ms-date": "Tue, 17 Dec 2024 16:39:53 GMT",
        "x-ms-return-client-request-id": "true",
        "x-ms-version": "2025-05-05"
      },
      "RequestBody": null,
      "StatusCode": 201,
      "ResponseHeaders": {
        "Content-Length": "0",
        "Date": "Tue, 17 Dec 2024 16:39:48 GMT",
        "ETag": "\"0x8DD1EB96C33FB92\"",
        "Last-Modified": "Tue, 17 Dec 2024 16:39:48 GMT",
        "Server": [
          "Windows-Azure-File/1.0",
          "Microsoft-HTTPAPI/2.0"
        ],
        "x-ms-client-request-id": "Sanitized",
        "x-ms-file-attributes": "Directory",
        "x-ms-file-change-time": "2024-12-17T16:39:48.9607570Z",
        "x-ms-file-creation-time": "2024-12-17T16:39:48.9607570Z",
        "x-ms-file-id": "13835128424026341376",
        "x-ms-file-last-write-time": "2024-12-17T16:39:48.9607570Z",
        "x-ms-file-parent-id": "0",
        "x-ms-file-permission-key": "8016861625448480706*547956186189310027",
        "x-ms-request-id": "cb01792c-801a-0036-56a2-502dc4000000",
        "x-ms-request-server-encrypted": "true",
        "x-ms-version": "2025-05-05"
      },
      "ResponseBody": null
    },
    {
      "RequestUri": "https://amandapreprod.file.core.windows.net/test-share-6bcee0bc-1159-a279-f6f8-7c2ad44520b6/%2521%2527%2528%2529%253B%255B%255D%2540%2526%2525%253D%252B%2524%252C%2523%C3%A4%C3%84%C3%B6%C3%96%C3%BC%C3%9C%C3%9F%253B?restype=directory",
      "RequestMethod": "GET",
      "RequestHeaders": {
        "Accept": "application/xml",
        "Authorization": "Sanitized",
        "User-Agent": "azsdk-net-Storage.Files.Shares/12.22.0-alpha.20241217.1 (.NET 8.0.11; Microsoft Windows 10.0.26100)",
        "x-ms-client-request-id": "Sanitized",
        "x-ms-date": "Tue, 17 Dec 2024 16:39:53 GMT",
        "x-ms-return-client-request-id": "true",
        "x-ms-version": "2025-05-05"
      },
      "RequestBody": null,
      "StatusCode": 200,
      "ResponseHeaders": {
        "Content-Length": "0",
        "Date": "Tue, 17 Dec 2024 16:39:48 GMT",
        "ETag": "\"0x8DD1EB96C33FB92\"",
        "Last-Modified": "Tue, 17 Dec 2024 16:39:48 GMT",
        "Server": [
          "Windows-Azure-File/1.0",
          "Microsoft-HTTPAPI/2.0"
        ],
        "x-ms-client-request-id": "Sanitized",
        "x-ms-file-attributes": "Directory",
        "x-ms-file-change-time": "2024-12-17T16:39:48.9607570Z",
        "x-ms-file-creation-time": "2024-12-17T16:39:48.9607570Z",
        "x-ms-file-id": "13835128424026341376",
        "x-ms-file-last-write-time": "2024-12-17T16:39:48.9607570Z",
        "x-ms-file-parent-id": "0",
        "x-ms-file-permission-key": "8016861625448480706*547956186189310027",
        "x-ms-request-id": "cb01792f-801a-0036-57a2-502dc4000000",
        "x-ms-server-encrypted": "true",
        "x-ms-version": "2025-05-05"
      },
      "ResponseBody": null
    },
    {
      "RequestUri": "https://amandapreprod.file.core.windows.net/test-share-6bcee0bc-1159-a279-f6f8-7c2ad44520b6?restype=directory&comp=list",
      "RequestMethod": "GET",
      "RequestHeaders": {
        "Accept": "application/xml",
        "Authorization": "Sanitized",
        "User-Agent": "azsdk-net-Storage.Files.Shares/12.22.0-alpha.20241217.1 (.NET 8.0.11; Microsoft Windows 10.0.26100)",
        "x-ms-client-request-id": "Sanitized",
        "x-ms-date": "Tue, 17 Dec 2024 16:39:53 GMT",
        "x-ms-return-client-request-id": "true",
        "x-ms-version": "2025-05-05"
      },
      "RequestBody": null,
      "StatusCode": 200,
      "ResponseHeaders": {
        "Content-Type": "application/xml",
        "Date": "Tue, 17 Dec 2024 16:39:48 GMT",
        "Server": [
          "Windows-Azure-File/1.0",
          "Microsoft-HTTPAPI/2.0"
        ],
        "Transfer-Encoding": "chunked",
        "x-ms-client-request-id": "Sanitized",
        "x-ms-request-id": "cb017930-801a-0036-58a2-502dc4000000",
        "x-ms-version": "2025-05-05"
      },
      "ResponseBody": "\uFEFF<?xml version=\"1.0\" encoding=\"utf-8\"?><EnumerationResults ServiceEndpoint=\"https://amandapreprod.file.core.windows.net/\" ShareName=\"test-share-6bcee0bc-1159-a279-f6f8-7c2ad44520b6\" DirectoryPath=\"\"><DirectoryId>0</DirectoryId><Entries><Directory><Name>%21%27%28%29%3B%5B%5D%40%26%25%3D%2B%24%2C%23äÄöÖüÜß%3B</Name><FileId>13835128424026341376</FileId><Properties /></Directory></Entries><NextMarker /></EnumerationResults>"
    },
    {
      "RequestUri": "https://amandapreprod.file.core.windows.net/test-share-6bcee0bc-1159-a279-f6f8-7c2ad44520b6?restype=share",
      "RequestMethod": "DELETE",
      "RequestHeaders": {
        "Accept": "application/xml",
        "Authorization": "Sanitized",
        "traceparent": "00-96a74e85f1eda66225f8f94ff7c385b1-5f6e8098449b3fd9-00",
        "User-Agent": "azsdk-net-Storage.Files.Shares/12.22.0-alpha.20241217.1 (.NET 8.0.11; Microsoft Windows 10.0.26100)",
        "x-ms-client-request-id": "Sanitized",
        "x-ms-date": "Tue, 17 Dec 2024 16:39:53 GMT",
        "x-ms-delete-snapshots": "include",
        "x-ms-return-client-request-id": "true",
        "x-ms-version": "2025-05-05"
      },
      "RequestBody": null,
      "StatusCode": 202,
      "ResponseHeaders": {
        "Content-Length": "0",
        "Date": "Tue, 17 Dec 2024 16:39:48 GMT",
        "Server": [
          "Windows-Azure-File/1.0",
          "Microsoft-HTTPAPI/2.0"
        ],
        "x-ms-client-request-id": "Sanitized",
        "x-ms-request-id": "cb017931-801a-0036-59a2-502dc4000000",
        "x-ms-version": "2025-05-05"
      },
      "ResponseBody": null
    }
  ],
  "Variables": {
    "RandomSeed": "815520944",
    "Storage_TestConfigDefault": "ProductionTenant\namandapreprod\nU2FuaXRpemVk\nhttps://amandapreprod.blob.core.windows.net\nhttps://amandapreprod.file.core.windows.net\nhttps://amandapreprod.queue.core.windows.net\nhttps://amandapreprod.table.core.windows.net\n\n\n\n\nhttps://amandapreprod-secondary.blob.core.windows.net\nhttps://amandapreprod-secondary.file.core.windows.net\nhttps://amandapreprod-secondary.queue.core.windows.net\nhttps://amandapreprod-secondary.table.core.windows.net\nCloud\nBlobEndpoint=https://amandapreprod.blob.core.windows.net/;QueueEndpoint=https://amandapreprod.queue.core.windows.net/;FileEndpoint=https://amandapreprod.file.core.windows.net/;BlobSecondaryEndpoint=https://amandapreprod-secondary.blob.core.windows.net/;QueueSecondaryEndpoint=https://amandapreprod-secondary.queue.core.windows.net/;FileSecondaryEndpoint=https://amandapreprod-secondary.file.core.windows.net/;AccountName=amandapreprod;AccountKey=Sanitized\nEncryptionScope\n\n"
  }
}
