{
  "Entries": [
    {
      "RequestUri": "https://seanmcccanada.file.core.windows.net/test-share-452625be-ed85-27f1-a57b-51418d624a47?restype=share",
      "RequestMethod": "PUT",
      "RequestHeaders": {
        "Accept": "application/xml",
        "Authorization": "Sanitized",
        "Content-Length": "0",
        "traceparent": "00-acea2af6d8fccf36d2c7d154f34f4976-087eeed35531695f-00",
        "User-Agent": "azsdk-net-Storage.Files.Shares/12.19.0-alpha.20240611.1 (.NET 7.0.20; Microsoft Windows 10.0.22631)",
        "x-ms-client-request-id": "Sanitized",
        "x-ms-date": "Tue, 11 Jun 2024 20:16:43 GMT",
        "x-ms-return-client-request-id": "true",
        "x-ms-version": "2024-08-04"
      },
      "RequestBody": null,
      "StatusCode": 201,
      "ResponseHeaders": {
        "Content-Length": "0",
        "Date": "Tue, 11 Jun 2024 20:16:44 GMT",
        "ETag": "\"0x8DC8A5369FEAA80\"",
        "Last-Modified": "Tue, 11 Jun 2024 20:16:44 GMT",
        "Server": [
          "Windows-Azure-File/1.0",
          "Microsoft-HTTPAPI/2.0"
        ],
        "x-ms-client-request-id": "Sanitized",
        "x-ms-request-id": "023e8ba1-801a-006d-6a3c-bc25c9000000",
        "x-ms-version": "2024-08-04"
      },
      "ResponseBody": null
    },
    {
      "RequestUri": "https://seanmcccanada.file.core.windows.net/test-share-452625be-ed85-27f1-a57b-51418d624a47/my%20cool%20directory?restype=directory",
      "RequestMethod": "PUT",
      "RequestHeaders": {
        "Accept": "application/xml",
        "Authorization": "Sanitized",
        "Content-Length": "0",
        "traceparent": "00-9ba15671a3d95ff5de86bf8acd03932f-f20f8e8000df6c90-00",
        "User-Agent": "azsdk-net-Storage.Files.Shares/12.19.0-alpha.20240611.1 (.NET 7.0.20; Microsoft Windows 10.0.22631)",
        "x-ms-client-request-id": "Sanitized",
        "x-ms-date": "Tue, 11 Jun 2024 20:16:43 GMT",
        "x-ms-file-attributes": "None",
        "x-ms-file-creation-time": "Now",
        "x-ms-file-last-write-time": "Now",
        "x-ms-file-permission": "Inherit",
        "x-ms-return-client-request-id": "true",
        "x-ms-version": "2024-08-04"
      },
      "RequestBody": null,
      "StatusCode": 201,
      "ResponseHeaders": {
        "Content-Length": "0",
        "Date": "Tue, 11 Jun 2024 20:16:44 GMT",
        "ETag": "\"0x8DC8A536A0A5B0A\"",
        "Last-Modified": "Tue, 11 Jun 2024 20:16:44 GMT",
        "Server": [
          "Windows-Azure-File/1.0",
          "Microsoft-HTTPAPI/2.0"
        ],
        "x-ms-client-request-id": "Sanitized",
        "x-ms-file-attributes": "Directory",
        "x-ms-file-change-time": "2024-06-11T20:16:44.5750026Z",
        "x-ms-file-creation-time": "2024-06-11T20:16:44.5750026Z",
        "x-ms-file-id": "13835128424026341376",
        "x-ms-file-last-write-time": "2024-06-11T20:16:44.5750026Z",
        "x-ms-file-parent-id": "0",
        "x-ms-file-permission-key": "9736643157039165508*17277118026500876237",
        "x-ms-request-id": "023e8ba4-801a-006d-6c3c-bc25c9000000",
        "x-ms-request-server-encrypted": "true",
        "x-ms-version": "2024-08-04"
      },
      "ResponseBody": null
    },
    {
      "RequestUri": "https://seanmcccanada.file.core.windows.net/test-share-452625be-ed85-27f1-a57b-51418d624a47/my%20cool%20directory?restype=directory",
      "RequestMethod": "GET",
      "RequestHeaders": {
        "Accept": "application/xml",
        "Authorization": "Sanitized",
        "User-Agent": "azsdk-net-Storage.Files.Shares/12.19.0-alpha.20240611.1 (.NET 7.0.20; Microsoft Windows 10.0.22631)",
        "x-ms-client-request-id": "Sanitized",
        "x-ms-date": "Tue, 11 Jun 2024 20:16:43 GMT",
        "x-ms-return-client-request-id": "true",
        "x-ms-version": "2024-08-04"
      },
      "RequestBody": null,
      "StatusCode": 200,
      "ResponseHeaders": {
        "Content-Length": "0",
        "Date": "Tue, 11 Jun 2024 20:16:44 GMT",
        "ETag": "\"0x8DC8A536A0A5B0A\"",
        "Last-Modified": "Tue, 11 Jun 2024 20:16:44 GMT",
        "Server": [
          "Windows-Azure-File/1.0",
          "Microsoft-HTTPAPI/2.0"
        ],
        "x-ms-client-request-id": "Sanitized",
        "x-ms-file-attributes": "Directory",
        "x-ms-file-change-time": "2024-06-11T20:16:44.5750026Z",
        "x-ms-file-creation-time": "2024-06-11T20:16:44.5750026Z",
        "x-ms-file-id": "13835128424026341376",
        "x-ms-file-last-write-time": "2024-06-11T20:16:44.5750026Z",
        "x-ms-file-parent-id": "0",
        "x-ms-file-permission-key": "9736643157039165508*17277118026500876237",
        "x-ms-request-id": "023e8ba5-801a-006d-6d3c-bc25c9000000",
        "x-ms-server-encrypted": "true",
        "x-ms-version": "2024-08-04"
      },
      "ResponseBody": null
    },
    {
      "RequestUri": "https://seanmcccanada.file.core.windows.net/test-share-452625be-ed85-27f1-a57b-51418d624a47?restype=directory&comp=list",
      "RequestMethod": "GET",
      "RequestHeaders": {
        "Accept": "application/xml",
        "Authorization": "Sanitized",
        "User-Agent": "azsdk-net-Storage.Files.Shares/12.19.0-alpha.20240611.1 (.NET 7.0.20; Microsoft Windows 10.0.22631)",
        "x-ms-client-request-id": "Sanitized",
        "x-ms-date": "Tue, 11 Jun 2024 20:16:43 GMT",
        "x-ms-return-client-request-id": "true",
        "x-ms-version": "2024-08-04"
      },
      "RequestBody": null,
      "StatusCode": 200,
      "ResponseHeaders": {
        "Content-Type": "application/xml",
        "Date": "Tue, 11 Jun 2024 20:16:44 GMT",
        "Server": [
          "Windows-Azure-File/1.0",
          "Microsoft-HTTPAPI/2.0"
        ],
        "Transfer-Encoding": "chunked",
        "x-ms-client-request-id": "Sanitized",
        "x-ms-request-id": "023e8ba6-801a-006d-6e3c-bc25c9000000",
        "x-ms-version": "2024-08-04"
      },
      "ResponseBody": "\uFEFF<?xml version=\"1.0\" encoding=\"utf-8\"?><EnumerationResults ServiceEndpoint=\"https://seanmcccanada.file.core.windows.net/\" ShareName=\"test-share-452625be-ed85-27f1-a57b-51418d624a47\" DirectoryPath=\"\"><DirectoryId>0</DirectoryId><Entries><Directory><Name>my cool directory</Name><FileId>13835128424026341376</FileId><Properties /></Directory></Entries><NextMarker /></EnumerationResults>"
    },
    {
      "RequestUri": "https://seanmcccanada.file.core.windows.net/test-share-452625be-ed85-27f1-a57b-51418d624a47?restype=share",
      "RequestMethod": "DELETE",
      "RequestHeaders": {
        "Accept": "application/xml",
        "Authorization": "Sanitized",
        "traceparent": "00-203b82041a3dc615cc969b69f3938cee-4bc723b68f6bfd16-00",
        "User-Agent": "azsdk-net-Storage.Files.Shares/12.19.0-alpha.20240611.1 (.NET 7.0.20; Microsoft Windows 10.0.22631)",
        "x-ms-client-request-id": "Sanitized",
        "x-ms-date": "Tue, 11 Jun 2024 20:16:43 GMT",
        "x-ms-delete-snapshots": "include",
        "x-ms-return-client-request-id": "true",
        "x-ms-version": "2024-08-04"
      },
      "RequestBody": null,
      "StatusCode": 202,
      "ResponseHeaders": {
        "Content-Length": "0",
        "Date": "Tue, 11 Jun 2024 20:16:44 GMT",
        "Server": [
          "Windows-Azure-File/1.0",
          "Microsoft-HTTPAPI/2.0"
        ],
        "x-ms-client-request-id": "Sanitized",
        "x-ms-request-id": "023e8ba7-801a-006d-6f3c-bc25c9000000",
        "x-ms-version": "2024-08-04"
      },
      "ResponseBody": null
    }
  ],
  "Variables": {
    "RandomSeed": "144960490",
    "Storage_TestConfigDefault": "ProductionTenant\nseanmcccanada\nU2FuaXRpemVk\nhttps://seanmcccanada.blob.core.windows.net\nhttps://seanmcccanada.file.core.windows.net\nhttps://seanmcccanada.queue.core.windows.net\nhttps://seanmcccanada.table.core.windows.net\n\n\n\n\nhttps://seanmcccanada-secondary.blob.core.windows.net\nhttps://seanmcccanada-secondary.file.core.windows.net\nhttps://seanmcccanada-secondary.queue.core.windows.net\nhttps://seanmcccanada-secondary.table.core.windows.net\nCloud\nBlobEndpoint=https://seanmcccanada.blob.core.windows.net/;QueueEndpoint=https://seanmcccanada.queue.core.windows.net/;FileEndpoint=https://seanmcccanada.file.core.windows.net/;BlobSecondaryEndpoint=https://seanmcccanada-secondary.blob.core.windows.net/;QueueSecondaryEndpoint=https://seanmcccanada-secondary.queue.core.windows.net/;FileSecondaryEndpoint=https://seanmcccanada-secondary.file.core.windows.net/;AccountName=seanmcccanada;AccountKey=Sanitized\nseanscope1\n\n"
  }
}
