{
  "Entries": [
    {
      "RequestUri": "https://seancanary.file.core.windows.net/test-share-0881e6aa-c01d-2aa5-51b3-ee96874b4c08?restype=share",
      "RequestMethod": "PUT",
      "RequestHeaders": {
        "Accept": "application/xml",
        "Authorization": "Sanitized",
        "Content-Length": "0",
        "traceparent": "00-821680371e79dd5ca6576945ed6dab16-c54d98ed211f3e71-00",
        "User-Agent": "azsdk-net-Storage.Files.Shares/12.20.0-alpha.20240717.1 (.NET 7.0.20; Microsoft Windows 10.0.22631)",
        "x-ms-client-request-id": "Sanitized",
        "x-ms-file-request-intent": "backup",
        "x-ms-return-client-request-id": "true",
        "x-ms-version": "2024-08-04"
      },
      "RequestBody": null,
      "StatusCode": 201,
      "ResponseHeaders": {
        "Content-Length": "0",
        "Date": "Wed, 17 Jul 2024 19:57:25 GMT",
        "ETag": "\"0x8DCA69AAE816AB1\"",
        "Last-Modified": "Wed, 17 Jul 2024 19:57:26 GMT",
        "Server": [
          "Windows-Azure-File/1.0",
          "Microsoft-HTTPAPI/2.0"
        ],
        "x-ms-client-request-id": "Sanitized",
        "x-ms-request-id": "daa31dc5-f01a-005f-6a83-d8421d000000",
        "x-ms-version": "2024-08-04"
      },
      "ResponseBody": null
    },
    {
      "RequestUri": "https://seancanary.file.core.windows.net/test-share-0881e6aa-c01d-2aa5-51b3-ee96874b4c08?comp=lease&restype=share",
      "RequestMethod": "PUT",
      "RequestHeaders": {
        "Accept": "application/xml",
        "Authorization": "Sanitized",
        "Content-Length": "0",
        "traceparent": "00-6834622f08092e415bde8668fd0c5aa9-73021b3247e418c5-00",
        "User-Agent": "azsdk-net-Storage.Files.Shares/12.20.0-alpha.20240717.1 (.NET 7.0.20; Microsoft Windows 10.0.22631)",
        "x-ms-client-request-id": "Sanitized",
        "x-ms-file-request-intent": "backup",
        "x-ms-lease-action": "acquire",
        "x-ms-lease-duration": "-1",
        "x-ms-proposed-lease-id": "d4638dcf-0b96-dc18-2fff-a592fc66ed98",
        "x-ms-return-client-request-id": "true",
        "x-ms-version": "2024-08-04"
      },
      "RequestBody": null,
      "StatusCode": 201,
      "ResponseHeaders": {
        "Content-Length": "0",
        "Date": "Wed, 17 Jul 2024 19:57:25 GMT",
        "ETag": "\"0x8DCA69AAE816AB1\"",
        "Last-Modified": "Wed, 17 Jul 2024 19:57:26 GMT",
        "Server": [
          "Windows-Azure-File/1.0",
          "Microsoft-HTTPAPI/2.0"
        ],
        "x-ms-client-request-id": "Sanitized",
        "x-ms-lease-id": "d4638dcf-0b96-dc18-2fff-a592fc66ed98",
        "x-ms-request-id": "daa31dcb-f01a-005f-6b83-d8421d000000",
        "x-ms-version": "2024-08-04"
      },
      "ResponseBody": null
    },
    {
      "RequestUri": "https://seancanary.file.core.windows.net/test-share-0881e6aa-c01d-2aa5-51b3-ee96874b4c08?comp=lease&restype=share",
      "RequestMethod": "PUT",
      "RequestHeaders": {
        "Accept": "application/xml",
        "Authorization": "Sanitized",
        "Content-Length": "0",
        "traceparent": "00-fcd56002497d792b0be43bf64ea6a931-645d9f4d73a214e1-00",
        "User-Agent": "azsdk-net-Storage.Files.Shares/12.20.0-alpha.20240717.1 (.NET 7.0.20; Microsoft Windows 10.0.22631)",
        "x-ms-client-request-id": "Sanitized",
        "x-ms-file-request-intent": "backup",
        "x-ms-lease-action": "release",
        "x-ms-lease-id": "d4638dcf-0b96-dc18-2fff-a592fc66ed98",
        "x-ms-return-client-request-id": "true",
        "x-ms-version": "2024-08-04"
      },
      "RequestBody": null,
      "StatusCode": 200,
      "ResponseHeaders": {
        "Content-Length": "0",
        "Date": "Wed, 17 Jul 2024 19:57:25 GMT",
        "ETag": "\"0x8DCA69AAE816AB1\"",
        "Last-Modified": "Wed, 17 Jul 2024 19:57:26 GMT",
        "Server": [
          "Windows-Azure-File/1.0",
          "Microsoft-HTTPAPI/2.0"
        ],
        "x-ms-client-request-id": "Sanitized",
        "x-ms-lease-time": "0",
        "x-ms-request-id": "daa31dce-f01a-005f-6c83-d8421d000000",
        "x-ms-version": "2024-08-04"
      },
      "ResponseBody": null
    },
    {
      "RequestUri": "https://seancanary.file.core.windows.net/test-share-0881e6aa-c01d-2aa5-51b3-ee96874b4c08?restype=share",
      "RequestMethod": "GET",
      "RequestHeaders": {
        "Accept": "application/xml",
        "Authorization": "Sanitized",
        "traceparent": "00-cbe0872a75a20b02644245a18bcc9ca3-3425d2cf49be8605-00",
        "User-Agent": "azsdk-net-Storage.Files.Shares/12.20.0-alpha.20240717.1 (.NET 7.0.20; Microsoft Windows 10.0.22631)",
        "x-ms-client-request-id": "Sanitized",
        "x-ms-file-request-intent": "backup",
        "x-ms-return-client-request-id": "true",
        "x-ms-version": "2024-08-04"
      },
      "RequestBody": null,
      "StatusCode": 200,
      "ResponseHeaders": {
        "Content-Length": "0",
        "Date": "Wed, 17 Jul 2024 19:57:25 GMT",
        "ETag": "\"0x8DCA69AAE816AB1\"",
        "Last-Modified": "Wed, 17 Jul 2024 19:57:26 GMT",
        "Server": [
          "Windows-Azure-File/1.0",
          "Microsoft-HTTPAPI/2.0"
        ],
        "x-ms-access-tier": "TransactionOptimized",
        "x-ms-access-tier-change-time": "Wed, 17 Jul 2024 19:57:26 GMT",
        "x-ms-client-request-id": "Sanitized",
        "x-ms-has-immutability-policy": "false",
        "x-ms-has-legal-hold": "false",
        "x-ms-lease-state": "available",
        "x-ms-lease-status": "unlocked",
        "x-ms-request-id": "daa31dd1-f01a-005f-6d83-d8421d000000",
        "x-ms-share-quota": "102400",
        "x-ms-version": "2024-08-04"
      },
      "ResponseBody": null
    },
    {
      "RequestUri": "https://seancanary.file.core.windows.net/test-share-0881e6aa-c01d-2aa5-51b3-ee96874b4c08?restype=share",
      "RequestMethod": "DELETE",
      "RequestHeaders": {
        "Accept": "application/xml",
        "Authorization": "Sanitized",
        "traceparent": "00-4cd2fbedfe2b7860035225d9737be1ef-1f49e483d9051ede-00",
        "User-Agent": "azsdk-net-Storage.Files.Shares/12.20.0-alpha.20240717.1 (.NET 7.0.20; Microsoft Windows 10.0.22631)",
        "x-ms-client-request-id": "Sanitized",
        "x-ms-delete-snapshots": "include",
        "x-ms-file-request-intent": "backup",
        "x-ms-return-client-request-id": "true",
        "x-ms-version": "2024-08-04"
      },
      "RequestBody": null,
      "StatusCode": 202,
      "ResponseHeaders": {
        "Content-Length": "0",
        "Date": "Wed, 17 Jul 2024 19:57:25 GMT",
        "Server": [
          "Windows-Azure-File/1.0",
          "Microsoft-HTTPAPI/2.0"
        ],
        "x-ms-client-request-id": "Sanitized",
        "x-ms-request-id": "daa31dd4-f01a-005f-6e83-d8421d000000",
        "x-ms-version": "2024-08-04"
      },
      "ResponseBody": null
    }
  ],
  "Variables": {
    "RandomSeed": "32757566",
    "Storage_TestConfigOAuth": "OAuthTenant\nseancanary\nU2FuaXRpemVk\nhttps://seancanary.blob.core.windows.net\nhttps://seancanary.file.core.windows.net\nhttps://seancanary.queue.core.windows.net\nhttps://seancanary.table.core.windows.net\n\n\n\n\nhttps://seancanary-secondary.blob.core.windows.net\nhttps://seancanary-secondary.file.core.windows.net\nhttps://seancanary-secondary.queue.core.windows.net\nhttps://seancanary-secondary.table.core.windows.net\nCloud\nBlobEndpoint=https://seancanary.blob.core.windows.net/;QueueEndpoint=https://seancanary.queue.core.windows.net/;FileEndpoint=https://seancanary.file.core.windows.net/;BlobSecondaryEndpoint=https://seancanary-secondary.blob.core.windows.net/;QueueSecondaryEndpoint=https://seancanary-secondary.queue.core.windows.net/;FileSecondaryEndpoint=https://seancanary-secondary.file.core.windows.net/;AccountName=seancanary;AccountKey=Sanitized\n\nXClient\nba45b233-e2ef-4169-8808-49eb0d8eba0d"
  }
}
