{
  "Entries": [
    {
      "RequestUri": "https://seancanary.file.core.windows.net/test-share-62a6c5c6-8cec-4a75-a1a5-c666250aeef2?restype=share",
      "RequestMethod": "PUT",
      "RequestHeaders": {
        "Accept": "application/xml",
        "Authorization": "Sanitized",
        "Content-Length": "0",
        "traceparent": "00-27e2378a1fdb5bc0efa43d31d11bbd45-71d1519d632b2715-00",
        "User-Agent": "azsdk-net-Storage.Files.Shares/12.19.0-alpha.20240606.1 (.NET 7.0.20; Microsoft Windows 10.0.22631)",
        "x-ms-client-request-id": "Sanitized",
        "x-ms-date": "Thu, 06 Jun 2024 22:02:59 GMT",
        "x-ms-return-client-request-id": "true",
        "x-ms-version": "2024-08-04"
      },
      "RequestBody": null,
      "StatusCode": 201,
      "ResponseHeaders": {
        "Content-Length": "0",
        "Date": "Thu, 06 Jun 2024 22:03:00 GMT",
        "ETag": "\"0x8DC86746EF64619\"",
        "Last-Modified": "Thu, 06 Jun 2024 22:03:01 GMT",
        "Server": [
          "Windows-Azure-File/1.0",
          "Microsoft-HTTPAPI/2.0"
        ],
        "x-ms-client-request-id": "Sanitized",
        "x-ms-request-id": "f5f376bf-401a-0075-555d-b89d0d000000",
        "x-ms-version": "2024-08-04"
      },
      "ResponseBody": null
    },
    {
      "RequestUri": "https://seancanary.file.core.windows.net/test-share-62a6c5c6-8cec-4a75-a1a5-c666250aeef2?restype=share&comp=metadata",
      "RequestMethod": "PUT",
      "RequestHeaders": {
        "Accept": "application/xml",
        "Authorization": "Sanitized",
        "Content-Length": "0",
        "traceparent": "00-773d23ccb2a625de2673b401f284bb40-63ecc094340c7c11-00",
        "User-Agent": "azsdk-net-Storage.Files.Shares/12.19.0-alpha.20240606.1 (.NET 7.0.20; Microsoft Windows 10.0.22631)",
        "x-ms-client-request-id": "Sanitized",
        "x-ms-date": "Thu, 06 Jun 2024 22:03:00 GMT",
        "x-ms-meta-Capital": "letter",
        "x-ms-meta-foo": "bar",
        "x-ms-meta-meta": "data",
        "x-ms-meta-UPPER": "case",
        "x-ms-return-client-request-id": "true",
        "x-ms-version": "2024-08-04"
      },
      "RequestBody": null,
      "StatusCode": 200,
      "ResponseHeaders": {
        "Content-Length": "0",
        "Date": "Thu, 06 Jun 2024 22:03:00 GMT",
        "ETag": "\"0x8DC86746F0918BF\"",
        "Last-Modified": "Thu, 06 Jun 2024 22:03:01 GMT",
        "Server": [
          "Windows-Azure-File/1.0",
          "Microsoft-HTTPAPI/2.0"
        ],
        "x-ms-client-request-id": "Sanitized",
        "x-ms-request-id": "f5f376c1-401a-0075-565d-b89d0d000000",
        "x-ms-version": "2024-08-04"
      },
      "ResponseBody": null
    },
    {
      "RequestUri": "https://seancanary.file.core.windows.net/test-share-62a6c5c6-8cec-4a75-a1a5-c666250aeef2?restype=share",
      "RequestMethod": "GET",
      "RequestHeaders": {
        "Accept": "application/xml",
        "Authorization": "Sanitized",
        "traceparent": "00-488bac916f218a503cf6244f9349092e-36c52493f396bd6c-00",
        "User-Agent": "azsdk-net-Storage.Files.Shares/12.19.0-alpha.20240606.1 (.NET 7.0.20; Microsoft Windows 10.0.22631)",
        "x-ms-client-request-id": "Sanitized",
        "x-ms-date": "Thu, 06 Jun 2024 22:03:00 GMT",
        "x-ms-return-client-request-id": "true",
        "x-ms-version": "2024-08-04"
      },
      "RequestBody": null,
      "StatusCode": 200,
      "ResponseHeaders": {
        "Content-Length": "0",
        "Date": "Thu, 06 Jun 2024 22:03:00 GMT",
        "ETag": "\"0x8DC86746F0918BF\"",
        "Last-Modified": "Thu, 06 Jun 2024 22:03:01 GMT",
        "Server": [
          "Windows-Azure-File/1.0",
          "Microsoft-HTTPAPI/2.0"
        ],
        "x-ms-access-tier": "TransactionOptimized",
        "x-ms-access-tier-change-time": "Thu, 06 Jun 2024 22:03:01 GMT",
        "x-ms-client-request-id": "Sanitized",
        "x-ms-has-immutability-policy": "false",
        "x-ms-has-legal-hold": "false",
        "x-ms-lease-state": "available",
        "x-ms-lease-status": "unlocked",
        "x-ms-meta-Capital": "letter",
        "x-ms-meta-foo": "bar",
        "x-ms-meta-meta": "data",
        "x-ms-meta-UPPER": "case",
        "x-ms-request-id": "f5f376c2-401a-0075-575d-b89d0d000000",
        "x-ms-share-quota": "102400",
        "x-ms-version": "2024-08-04"
      },
      "ResponseBody": null
    },
    {
      "RequestUri": "https://seancanary.file.core.windows.net/test-share-62a6c5c6-8cec-4a75-a1a5-c666250aeef2?restype=share",
      "RequestMethod": "DELETE",
      "RequestHeaders": {
        "Accept": "application/xml",
        "Authorization": "Sanitized",
        "traceparent": "00-c68c6bb1b1adf11488463334357decc3-56eb66b3078923d5-00",
        "User-Agent": "azsdk-net-Storage.Files.Shares/12.19.0-alpha.20240606.1 (.NET 7.0.20; Microsoft Windows 10.0.22631)",
        "x-ms-client-request-id": "Sanitized",
        "x-ms-date": "Thu, 06 Jun 2024 22:03:00 GMT",
        "x-ms-delete-snapshots": "include",
        "x-ms-return-client-request-id": "true",
        "x-ms-version": "2024-08-04"
      },
      "RequestBody": null,
      "StatusCode": 202,
      "ResponseHeaders": {
        "Content-Length": "0",
        "Date": "Thu, 06 Jun 2024 22:03:00 GMT",
        "Server": [
          "Windows-Azure-File/1.0",
          "Microsoft-HTTPAPI/2.0"
        ],
        "x-ms-client-request-id": "Sanitized",
        "x-ms-request-id": "f5f376c3-401a-0075-585d-b89d0d000000",
        "x-ms-version": "2024-08-04"
      },
      "ResponseBody": null
    }
  ],
  "Variables": {
    "RandomSeed": "1212536572",
    "Storage_TestConfigDefault": "ProductionTenant\nseancanary\nU2FuaXRpemVk\nhttps://seancanary.blob.core.windows.net\nhttps://seancanary.file.core.windows.net\nhttps://seancanary.queue.core.windows.net\nhttps://seancanary.table.core.windows.net\n\n\n\n\nhttps://seancanary-secondary.blob.core.windows.net\nhttps://seancanary-secondary.file.core.windows.net\nhttps://seancanary-secondary.queue.core.windows.net\nhttps://seancanary-secondary.table.core.windows.net\nCloud\nBlobEndpoint=https://seancanary.blob.core.windows.net/;QueueEndpoint=https://seancanary.queue.core.windows.net/;FileEndpoint=https://seancanary.file.core.windows.net/;BlobSecondaryEndpoint=https://seancanary-secondary.blob.core.windows.net/;QueueSecondaryEndpoint=https://seancanary-secondary.queue.core.windows.net/;FileSecondaryEndpoint=https://seancanary-secondary.file.core.windows.net/;AccountName=seancanary;AccountKey=Sanitized\nseanscope1\n\n"
  }
}
