{
  "Entries": [
    {
      "RequestUri": "https://seanprovisionedv2.file.core.windows.net/test-share-9846bc74-db16-39bd-266b-57a8ba96a6d3?restype=share",
      "RequestMethod": "PUT",
      "RequestHeaders": {
        "Accept": "application/xml",
        "Authorization": "Sanitized",
        "Content-Length": "0",
        "traceparent": "00-2fb987d1df7b7c53151128494def5572-27ca3fbe1c026ce7-00",
        "User-Agent": "azsdk-net-Storage.Files.Shares/12.20.0-alpha.20240826.1 (.NET 8.0.8; Microsoft Windows 10.0.22631)",
        "x-ms-client-request-id": "Sanitized",
        "x-ms-date": "Mon, 26 Aug 2024 18:50:17 GMT",
        "x-ms-return-client-request-id": "true",
        "x-ms-version": "2025-01-05"
      },
      "RequestBody": null,
      "StatusCode": 201,
      "ResponseHeaders": {
        "Content-Length": "0",
        "Date": "Mon, 26 Aug 2024 18:50:17 GMT",
        "ETag": "\"0x8DCC5FFEDCF351B\"",
        "Last-Modified": "Mon, 26 Aug 2024 18:50:17 GMT",
        "Server": [
          "Windows-Azure-File/1.0",
          "Microsoft-HTTPAPI/2.0"
        ],
        "x-ms-client-request-id": "Sanitized",
        "x-ms-request-id": "a3ecb3c3-301a-0063-1de8-f75bfb000000",
        "x-ms-share-included-burst-iops": "5000",
        "x-ms-share-max-burst-credits-for-iops": "14374800",
        "x-ms-share-provisioned-bandwidth-mibps": "61",
        "x-ms-share-provisioned-iops": "1007",
        "x-ms-share-quota": "32",
        "x-ms-version": "2025-01-05"
      },
      "ResponseBody": null
    },
    {
      "RequestUri": "https://seanprovisionedv2.file.core.windows.net/test-share-9846bc74-db16-39bd-266b-57a8ba96a6d3?restype=share&comp=properties",
      "RequestMethod": "PUT",
      "RequestHeaders": {
        "Accept": "application/xml",
        "Authorization": "Sanitized",
        "Content-Length": "0",
        "traceparent": "00-fc7bc3d622157a1c3c125ab2c03073bf-52b4270e37f97848-00",
        "User-Agent": "azsdk-net-Storage.Files.Shares/12.20.0-alpha.20240826.1 (.NET 8.0.8; Microsoft Windows 10.0.22631)",
        "x-ms-client-request-id": "Sanitized",
        "x-ms-date": "Mon, 26 Aug 2024 18:50:17 GMT",
        "x-ms-return-client-request-id": "true",
        "x-ms-share-provisioned-bandwidth-mibps": "125",
        "x-ms-share-provisioned-iops": "3000",
        "x-ms-version": "2025-01-05"
      },
      "RequestBody": null,
      "StatusCode": 200,
      "ResponseHeaders": {
        "Content-Length": "0",
        "Date": "Mon, 26 Aug 2024 18:50:17 GMT",
        "ETag": "\"0x8DCC5FFEDDBAF10\"",
        "Last-Modified": "Mon, 26 Aug 2024 18:50:17 GMT",
        "Server": [
          "Windows-Azure-File/1.0",
          "Microsoft-HTTPAPI/2.0"
        ],
        "x-ms-client-request-id": "Sanitized",
        "x-ms-request-id": "a3ecb3c5-301a-0063-1ee8-f75bfb000000",
        "x-ms-share-included-burst-iops": "9000",
        "x-ms-share-max-burst-credits-for-iops": "21600000",
        "x-ms-share-next-allowed-provisioned-bandwidth-downgrade-time": "Tue, 27 Aug 2024 18:50:17 GMT",
        "x-ms-share-next-allowed-provisioned-iops-downgrade-time": "Tue, 27 Aug 2024 18:50:17 GMT",
        "x-ms-share-next-allowed-quota-downgrade-time": "Mon, 26 Aug 2024 18:50:17 GMT",
        "x-ms-share-provisioned-bandwidth-mibps": "125",
        "x-ms-share-provisioned-iops": "3000",
        "x-ms-share-quota": "32",
        "x-ms-version": "2025-01-05"
      },
      "ResponseBody": null
    },
    {
      "RequestUri": "https://seanprovisionedv2.file.core.windows.net/test-share-9846bc74-db16-39bd-266b-57a8ba96a6d3?restype=share",
      "RequestMethod": "GET",
      "RequestHeaders": {
        "Accept": "application/xml",
        "Authorization": "Sanitized",
        "traceparent": "00-91331ff7a778ba0ad5e8815dc50b61f8-03e2d4e5e0b0cc6c-00",
        "User-Agent": "azsdk-net-Storage.Files.Shares/12.20.0-alpha.20240826.1 (.NET 8.0.8; Microsoft Windows 10.0.22631)",
        "x-ms-client-request-id": "Sanitized",
        "x-ms-date": "Mon, 26 Aug 2024 18:50:17 GMT",
        "x-ms-return-client-request-id": "true",
        "x-ms-version": "2025-01-05"
      },
      "RequestBody": null,
      "StatusCode": 200,
      "ResponseHeaders": {
        "Content-Length": "0",
        "Date": "Mon, 26 Aug 2024 18:50:17 GMT",
        "ETag": "\"0x8DCC5FFEDDBAF10\"",
        "Last-Modified": "Mon, 26 Aug 2024 18:50:17 GMT",
        "Server": [
          "Windows-Azure-File/1.0",
          "Microsoft-HTTPAPI/2.0"
        ],
        "x-ms-client-request-id": "Sanitized",
        "x-ms-has-immutability-policy": "false",
        "x-ms-has-legal-hold": "false",
        "x-ms-lease-state": "available",
        "x-ms-lease-status": "unlocked",
        "x-ms-request-id": "a3ecb3c6-301a-0063-1fe8-f75bfb000000",
        "x-ms-share-included-burst-iops": "9000",
        "x-ms-share-max-burst-credits-for-iops": "21600000",
        "x-ms-share-next-allowed-provisioned-bandwidth-downgrade-time": "Tue, 27 Aug 2024 18:50:17 GMT",
        "x-ms-share-next-allowed-provisioned-iops-downgrade-time": "Tue, 27 Aug 2024 18:50:17 GMT",
        "x-ms-share-next-allowed-quota-downgrade-time": "Mon, 26 Aug 2024 18:50:17 GMT",
        "x-ms-share-provisioned-bandwidth-mibps": "125",
        "x-ms-share-provisioned-iops": "3000",
        "x-ms-share-quota": "32",
        "x-ms-version": "2025-01-05"
      },
      "ResponseBody": null
    },
    {
      "RequestUri": "https://seanprovisionedv2.file.core.windows.net/test-share-9846bc74-db16-39bd-266b-57a8ba96a6d3?restype=share",
      "RequestMethod": "DELETE",
      "RequestHeaders": {
        "Accept": "application/xml",
        "Authorization": "Sanitized",
        "traceparent": "00-4d8279f73160751f0c5d7c590bad6417-8127a0f5ce967990-00",
        "User-Agent": "azsdk-net-Storage.Files.Shares/12.20.0-alpha.20240826.1 (.NET 8.0.8; Microsoft Windows 10.0.22631)",
        "x-ms-client-request-id": "Sanitized",
        "x-ms-date": "Mon, 26 Aug 2024 18:50:17 GMT",
        "x-ms-delete-snapshots": "include",
        "x-ms-return-client-request-id": "true",
        "x-ms-version": "2025-01-05"
      },
      "RequestBody": null,
      "StatusCode": 202,
      "ResponseHeaders": {
        "Content-Length": "0",
        "Date": "Mon, 26 Aug 2024 18:50:17 GMT",
        "Server": [
          "Windows-Azure-File/1.0",
          "Microsoft-HTTPAPI/2.0"
        ],
        "x-ms-client-request-id": "Sanitized",
        "x-ms-file-share-snapshot-usage-bytes": "0",
        "x-ms-file-share-usage-bytes": "0",
        "x-ms-request-id": "a3ecb3c9-301a-0063-20e8-f75bfb000000",
        "x-ms-version": "2025-01-05"
      },
      "ResponseBody": null
    }
  ],
  "Variables": {
    "RandomSeed": "2030168481",
    "Storage_TestConfigDefault": "ProductionTenant\nseanprovisionedv2\nU2FuaXRpemVk\nhttps://seanprovisionedv2.blob.core.windows.net\nhttps://seanprovisionedv2.file.core.windows.net\nhttps://seanprovisionedv2.queue.core.windows.net\nhttps://seanprovisionedv2.table.core.windows.net\n\n\n\n\nhttps://seanprovisionedv2-secondary.blob.core.windows.net\nhttps://seanprovisionedv2-secondary.file.core.windows.net\nhttps://seanprovisionedv2-secondary.queue.core.windows.net\nhttps://seanprovisionedv2-secondary.table.core.windows.net\nCloud\nBlobEndpoint=https://seanprovisionedv2.blob.core.windows.net/;QueueEndpoint=https://seanprovisionedv2.queue.core.windows.net/;FileEndpoint=https://seanprovisionedv2.file.core.windows.net/;BlobSecondaryEndpoint=https://seanprovisionedv2-secondary.blob.core.windows.net/;QueueSecondaryEndpoint=https://seanprovisionedv2-secondary.queue.core.windows.net/;FileSecondaryEndpoint=https://seanprovisionedv2-secondary.file.core.windows.net/;AccountName=seanprovisionedv2;AccountKey=Sanitized\nseanscope1\n\n"
  }
}
