{
  "Entries": [
    {
      "RequestUri": "https://seancanaryfilepremium.file.core.windows.net/test-share-ad08ca4a-2b36-4743-1640-61eab4fc178f?restype=share",
      "RequestMethod": "PUT",
      "RequestHeaders": {
        "Accept": "application/xml",
        "Authorization": "Sanitized",
        "Content-Length": "0",
        "traceparent": "00-1df680bc61e022c33eb8a1b26c4199e6-8ce197dc9aa83ddd-00",
        "User-Agent": "azsdk-net-Storage.Files.Shares/12.20.0-alpha.20240731.1 (.NET 7.0.20; Microsoft Windows 10.0.22631)",
        "x-ms-client-request-id": "Sanitized",
        "x-ms-date": "Thu, 01 Aug 2024 00:58:44 GMT",
        "x-ms-return-client-request-id": "true",
        "x-ms-version": "2024-11-04"
      },
      "RequestBody": null,
      "StatusCode": 201,
      "ResponseHeaders": {
        "Content-Length": "0",
        "Date": "Thu, 01 Aug 2024 00:58:43 GMT",
        "ETag": "\"0x8DCB1C5174B1777\"",
        "Last-Modified": "Thu, 01 Aug 2024 00:58:43 GMT",
        "Server": [
          "Windows-Azure-File/1.0",
          "Microsoft-HTTPAPI/2.0"
        ],
        "x-ms-client-request-id": "Sanitized",
        "x-ms-request-id": "1deca254-a01a-005c-5aad-e36314000000",
        "x-ms-version": "2024-11-04"
      },
      "ResponseBody": null
    },
    {
      "RequestUri": "https://seancanaryfilepremium.file.core.windows.net/test-share-ad08ca4a-2b36-4743-1640-61eab4fc178f?restype=share&comp=properties",
      "RequestMethod": "PUT",
      "RequestHeaders": {
        "Accept": "application/xml",
        "Authorization": "Sanitized",
        "Content-Length": "0",
        "traceparent": "00-ca34f36a862d59da9d48568300db93c4-09ec9fe020d1bdbb-00",
        "User-Agent": "azsdk-net-Storage.Files.Shares/12.20.0-alpha.20240731.1 (.NET 7.0.20; Microsoft Windows 10.0.22631)",
        "x-ms-client-request-id": "Sanitized",
        "x-ms-date": "Thu, 01 Aug 2024 00:58:44 GMT",
        "x-ms-return-client-request-id": "true",
        "x-ms-share-paid-bursting-enabled": "true",
        "x-ms-share-paid-bursting-max-bandwidth-mibps": "1000",
        "x-ms-share-paid-bursting-max-iops": "5000",
        "x-ms-version": "2024-11-04"
      },
      "RequestBody": null,
      "StatusCode": 200,
      "ResponseHeaders": {
        "Content-Length": "0",
        "Date": "Thu, 01 Aug 2024 00:58:43 GMT",
        "ETag": "\"0x8DCB1C51752D50D\"",
        "Last-Modified": "Thu, 01 Aug 2024 00:58:43 GMT",
        "Server": [
          "Windows-Azure-File/1.0",
          "Microsoft-HTTPAPI/2.0"
        ],
        "x-ms-client-request-id": "Sanitized",
        "x-ms-request-id": "1deca256-a01a-005c-5bad-e36314000000",
        "x-ms-version": "2024-11-04"
      },
      "ResponseBody": null
    },
    {
      "RequestUri": "https://seancanaryfilepremium.file.core.windows.net/test-share-ad08ca4a-2b36-4743-1640-61eab4fc178f?restype=share",
      "RequestMethod": "GET",
      "RequestHeaders": {
        "Accept": "application/xml",
        "Authorization": "Sanitized",
        "traceparent": "00-f2f4e887d03e42ee4f4d1799b0adfacb-ec4ae40a0e49681e-00",
        "User-Agent": "azsdk-net-Storage.Files.Shares/12.20.0-alpha.20240731.1 (.NET 7.0.20; Microsoft Windows 10.0.22631)",
        "x-ms-client-request-id": "Sanitized",
        "x-ms-date": "Thu, 01 Aug 2024 00:58:44 GMT",
        "x-ms-return-client-request-id": "true",
        "x-ms-version": "2024-11-04"
      },
      "RequestBody": null,
      "StatusCode": 200,
      "ResponseHeaders": {
        "Content-Length": "0",
        "Date": "Thu, 01 Aug 2024 00:58:43 GMT",
        "ETag": "\"0x8DCB1C51752D50D\"",
        "Last-Modified": "Thu, 01 Aug 2024 00:58:43 GMT",
        "Server": [
          "Windows-Azure-File/1.0",
          "Microsoft-HTTPAPI/2.0"
        ],
        "x-ms-access-tier": "Premium",
        "x-ms-client-request-id": "Sanitized",
        "x-ms-enabled-protocols": "SMB",
        "x-ms-has-immutability-policy": "false",
        "x-ms-has-legal-hold": "false",
        "x-ms-lease-state": "available",
        "x-ms-lease-status": "unlocked",
        "x-ms-request-id": "1deca257-a01a-005c-5cad-e36314000000",
        "x-ms-share-next-allowed-quota-downgrade-time": "Thu, 01 Aug 2024 00:58:43 GMT",
        "x-ms-share-paid-bursting-enabled": "true",
        "x-ms-share-paid-bursting-max-bandwidth-mibps": "1000",
        "x-ms-share-paid-bursting-max-iops": "5000",
        "x-ms-share-provisioned-bandwidth-mibps": "110",
        "x-ms-share-provisioned-egress-mbps": "110",
        "x-ms-share-provisioned-ingress-mbps": "110",
        "x-ms-share-provisioned-iops": "3100",
        "x-ms-share-quota": "100",
        "x-ms-version": "2024-11-04"
      },
      "ResponseBody": null
    },
    {
      "RequestUri": "https://seancanaryfilepremium.file.core.windows.net/test-share-ad08ca4a-2b36-4743-1640-61eab4fc178f?restype=share",
      "RequestMethod": "DELETE",
      "RequestHeaders": {
        "Accept": "application/xml",
        "Authorization": "Sanitized",
        "traceparent": "00-716f7e064a636f2176f82b85cffdd0d4-c1073d0f954cb725-00",
        "User-Agent": "azsdk-net-Storage.Files.Shares/12.20.0-alpha.20240731.1 (.NET 7.0.20; Microsoft Windows 10.0.22631)",
        "x-ms-client-request-id": "Sanitized",
        "x-ms-date": "Thu, 01 Aug 2024 00:58:44 GMT",
        "x-ms-delete-snapshots": "include",
        "x-ms-return-client-request-id": "true",
        "x-ms-version": "2024-11-04"
      },
      "RequestBody": null,
      "StatusCode": 202,
      "ResponseHeaders": {
        "Content-Length": "0",
        "Date": "Thu, 01 Aug 2024 00:58:43 GMT",
        "Server": [
          "Windows-Azure-File/1.0",
          "Microsoft-HTTPAPI/2.0"
        ],
        "x-ms-client-request-id": "Sanitized",
        "x-ms-request-id": "1deca258-a01a-005c-5dad-e36314000000",
        "x-ms-version": "2024-11-04"
      },
      "ResponseBody": null
    }
  ],
  "Variables": {
    "RandomSeed": "867435013",
    "Storage_TestConfigPremiumFile": "PremiumFileTenant\nseancanaryfilepremium\nU2FuaXRpemVk\nhttps://seancanaryfilepremium.blob.core.windows.net\nhttps://seancanaryfilepremium.file.core.windows.net\nhttps://seancanaryfilepremium.queue.core.windows.net\nhttps://seancanaryfilepremium.table.core.windows.net\n\n\n\n\nhttps://seancanaryfilepremium-secondary.blob.core.windows.net\nhttps://seancanaryfilepremium-secondary.file.core.windows.net\nhttps://seancanaryfilepremium-secondary.queue.core.windows.net\nhttps://seancanaryfilepremium-secondary.table.core.windows.net\nCloud\nBlobEndpoint=https://seancanaryfilepremium.blob.core.windows.net/;QueueEndpoint=https://seancanaryfilepremium.queue.core.windows.net/;FileEndpoint=https://seancanaryfilepremium.file.core.windows.net/;BlobSecondaryEndpoint=https://seancanaryfilepremium-secondary.blob.core.windows.net/;QueueSecondaryEndpoint=https://seancanaryfilepremium-secondary.queue.core.windows.net/;FileSecondaryEndpoint=https://seancanaryfilepremium-secondary.file.core.windows.net/;AccountName=seancanaryfilepremium;AccountKey=Sanitized\n\n\n"
  }
}
