{
  "Entries": [
    {
      "RequestUri": "https://seanprovisionedv2.file.core.windows.net/test-share-4c4bdd65-1cbb-923c-2ce3-10c6d33a22b9?restype=share",
      "RequestMethod": "PUT",
      "RequestHeaders": {
        "Accept": "application/xml",
        "Authorization": "Sanitized",
        "Content-Length": "0",
        "traceparent": "00-55fa577db175c7162194e9ee247d73c1-9722a6458f983756-00",
        "User-Agent": "azsdk-net-Storage.Files.Shares/12.20.0-alpha.20240920.1 (.NET 8.0.8; Microsoft Windows 10.0.22631)",
        "x-ms-client-request-id": "Sanitized",
        "x-ms-date": "Sat, 21 Sep 2024 00:46:30 GMT",
        "x-ms-return-client-request-id": "true",
        "x-ms-version": "2025-01-05"
      },
      "RequestBody": null,
      "StatusCode": 201,
      "ResponseHeaders": {
        "Content-Length": "0",
        "Date": "Sat, 21 Sep 2024 00:46:30 GMT",
        "ETag": "\"0x8DCD9D6D5A351A8\"",
        "Last-Modified": "Sat, 21 Sep 2024 00:46:31 GMT",
        "Server": [
          "Windows-Azure-File/1.0",
          "Microsoft-HTTPAPI/2.0"
        ],
        "x-ms-client-request-id": "Sanitized",
        "x-ms-request-id": "6890c662-401a-0034-4ebf-0bf5c8000000",
        "x-ms-share-included-burst-iops": "5000",
        "x-ms-share-max-burst-credits-for-iops": "14374800",
        "x-ms-share-provisioned-bandwidth-mibps": "61",
        "x-ms-share-provisioned-iops": "1007",
        "x-ms-share-quota": "32",
        "x-ms-version": "2025-01-05"
      },
      "ResponseBody": null
    },
    {
      "RequestUri": "https://seanprovisionedv2.file.core.windows.net/test-share-4c4bdd65-1cbb-923c-2ce3-10c6d33a22b9?restype=share&comp=properties",
      "RequestMethod": "PUT",
      "RequestHeaders": {
        "Accept": "application/xml",
        "Authorization": "Sanitized",
        "Content-Length": "0",
        "traceparent": "00-d6ab39bbb41288612c3a6e2c336a8fb4-7151b70594396ccd-00",
        "User-Agent": "azsdk-net-Storage.Files.Shares/12.20.0-alpha.20240920.1 (.NET 8.0.8; Microsoft Windows 10.0.22631)",
        "x-ms-client-request-id": "Sanitized",
        "x-ms-date": "Sat, 21 Sep 2024 00:46:30 GMT",
        "x-ms-return-client-request-id": "true",
        "x-ms-share-provisioned-bandwidth-mibps": "125",
        "x-ms-share-provisioned-iops": "3000",
        "x-ms-version": "2025-01-05"
      },
      "RequestBody": null,
      "StatusCode": 200,
      "ResponseHeaders": {
        "Content-Length": "0",
        "Date": "Sat, 21 Sep 2024 00:46:30 GMT",
        "ETag": "\"0x8DCD9D6D5AFA1C9\"",
        "Last-Modified": "Sat, 21 Sep 2024 00:46:31 GMT",
        "Server": [
          "Windows-Azure-File/1.0",
          "Microsoft-HTTPAPI/2.0"
        ],
        "x-ms-client-request-id": "Sanitized",
        "x-ms-request-id": "6890c664-401a-0034-4fbf-0bf5c8000000",
        "x-ms-share-included-burst-iops": "9000",
        "x-ms-share-max-burst-credits-for-iops": "21600000",
        "x-ms-share-next-allowed-provisioned-bandwidth-downgrade-time": "Sun, 22 Sep 2024 00:46:31 GMT",
        "x-ms-share-next-allowed-provisioned-iops-downgrade-time": "Sun, 22 Sep 2024 00:46:31 GMT",
        "x-ms-share-next-allowed-quota-downgrade-time": "Sat, 21 Sep 2024 00:46:31 GMT",
        "x-ms-share-provisioned-bandwidth-mibps": "125",
        "x-ms-share-provisioned-iops": "3000",
        "x-ms-share-quota": "32",
        "x-ms-version": "2025-01-05"
      },
      "ResponseBody": null
    },
    {
      "RequestUri": "https://seanprovisionedv2.file.core.windows.net/test-share-4c4bdd65-1cbb-923c-2ce3-10c6d33a22b9?restype=share",
      "RequestMethod": "GET",
      "RequestHeaders": {
        "Accept": "application/xml",
        "Authorization": "Sanitized",
        "traceparent": "00-04bd510c866053a0b69546a817bfdb82-2cba03856c381338-00",
        "User-Agent": "azsdk-net-Storage.Files.Shares/12.20.0-alpha.20240920.1 (.NET 8.0.8; Microsoft Windows 10.0.22631)",
        "x-ms-client-request-id": "Sanitized",
        "x-ms-date": "Sat, 21 Sep 2024 00:46:30 GMT",
        "x-ms-return-client-request-id": "true",
        "x-ms-version": "2025-01-05"
      },
      "RequestBody": null,
      "StatusCode": 200,
      "ResponseHeaders": {
        "Content-Length": "0",
        "Date": "Sat, 21 Sep 2024 00:46:30 GMT",
        "ETag": "\"0x8DCD9D6D5AFA1C9\"",
        "Last-Modified": "Sat, 21 Sep 2024 00:46:31 GMT",
        "Server": [
          "Windows-Azure-File/1.0",
          "Microsoft-HTTPAPI/2.0"
        ],
        "x-ms-client-request-id": "Sanitized",
        "x-ms-has-immutability-policy": "false",
        "x-ms-has-legal-hold": "false",
        "x-ms-lease-state": "available",
        "x-ms-lease-status": "unlocked",
        "x-ms-request-id": "6890c665-401a-0034-50bf-0bf5c8000000",
        "x-ms-share-included-burst-iops": "9000",
        "x-ms-share-max-burst-credits-for-iops": "21600000",
        "x-ms-share-next-allowed-provisioned-bandwidth-downgrade-time": "Sun, 22 Sep 2024 00:46:31 GMT",
        "x-ms-share-next-allowed-provisioned-iops-downgrade-time": "Sun, 22 Sep 2024 00:46:31 GMT",
        "x-ms-share-next-allowed-quota-downgrade-time": "Sat, 21 Sep 2024 00:46:31 GMT",
        "x-ms-share-provisioned-bandwidth-mibps": "125",
        "x-ms-share-provisioned-iops": "3000",
        "x-ms-share-quota": "32",
        "x-ms-version": "2025-01-05"
      },
      "ResponseBody": null
    },
    {
      "RequestUri": "https://seanprovisionedv2.file.core.windows.net/test-share-4c4bdd65-1cbb-923c-2ce3-10c6d33a22b9?restype=share",
      "RequestMethod": "DELETE",
      "RequestHeaders": {
        "Accept": "application/xml",
        "Authorization": "Sanitized",
        "traceparent": "00-735f114dc9af1a290e45a842c0b9f30b-e2ab27d9e70f4098-00",
        "User-Agent": "azsdk-net-Storage.Files.Shares/12.20.0-alpha.20240920.1 (.NET 8.0.8; Microsoft Windows 10.0.22631)",
        "x-ms-client-request-id": "Sanitized",
        "x-ms-date": "Sat, 21 Sep 2024 00:46:31 GMT",
        "x-ms-delete-snapshots": "include",
        "x-ms-return-client-request-id": "true",
        "x-ms-version": "2025-01-05"
      },
      "RequestBody": null,
      "StatusCode": 202,
      "ResponseHeaders": {
        "Content-Length": "0",
        "Date": "Sat, 21 Sep 2024 00:46:30 GMT",
        "Server": [
          "Windows-Azure-File/1.0",
          "Microsoft-HTTPAPI/2.0"
        ],
        "x-ms-client-request-id": "Sanitized",
        "x-ms-file-share-snapshot-usage-bytes": "0",
        "x-ms-file-share-usage-bytes": "0",
        "x-ms-request-id": "6890c667-401a-0034-51bf-0bf5c8000000",
        "x-ms-version": "2025-01-05"
      },
      "ResponseBody": null
    }
  ],
  "Variables": {
    "RandomSeed": "997111881",
    "Storage_TestConfigDefault": "ProductionTenant\nseanprovisionedv2\nU2FuaXRpemVk\nhttps://seanprovisionedv2.blob.core.windows.net\nhttps://seanprovisionedv2.file.core.windows.net\nhttps://seanprovisionedv2.queue.core.windows.net\nhttps://seanprovisionedv2.table.core.windows.net\n\n\n\n\nhttps://seanprovisionedv2-secondary.blob.core.windows.net\nhttps://seanprovisionedv2-secondary.file.core.windows.net\nhttps://seanprovisionedv2-secondary.queue.core.windows.net\nhttps://seanprovisionedv2-secondary.table.core.windows.net\nCloud\nBlobEndpoint=https://seanprovisionedv2.blob.core.windows.net/;QueueEndpoint=https://seanprovisionedv2.queue.core.windows.net/;FileEndpoint=https://seanprovisionedv2.file.core.windows.net/;BlobSecondaryEndpoint=https://seanprovisionedv2-secondary.blob.core.windows.net/;QueueSecondaryEndpoint=https://seanprovisionedv2-secondary.queue.core.windows.net/;FileSecondaryEndpoint=https://seanprovisionedv2-secondary.file.core.windows.net/;AccountName=seanprovisionedv2;AccountKey=Sanitized\nseanscope1\n\n"
  }
}
