{
  "Entries": [
    {
      "RequestUri": "https://fakesdaccount.file.core.windows.net/share169472079246107731?restype=share",
      "RequestMethod": "PUT",
      "RequestHeaders": {
        "Accept": "application/xml",
        "Accept-Encoding": "gzip, deflate, br",
        "Accept-Language": "en-US",
        "Connection": "keep-alive",
        "Content-Length": "0",
        "Origin": "http://localhost:9876",
        "Referer": "http://localhost:9876/",
        "sec-ch-ua": "",
        "sec-ch-ua-mobile": "?0",
        "sec-ch-ua-platform": "\u0022\u0022",
        "Sec-Fetch-Dest": "empty",
        "Sec-Fetch-Mode": "cors",
        "Sec-Fetch-Site": "same-site",
        "User-Agent": "Mozilla/5.0 (Windows NT 10.0; Win64; x64) AppleWebKit/537.36 (KHTML, like Gecko) HeadlessChrome/112.0.5614.0 Safari/537.36",
        "x-ms-client-request-id": "cb1126ea-a1b0-4241-a40f-5ac0771cd210",
        "x-ms-useragent": "azsdk-js-azure-storage-blob/12.20.0 core-rest-pipeline/1.12.2 OS",
        "x-ms-version": "2023-01-03"
      },
      "RequestBody": null,
      "StatusCode": 201,
      "ResponseHeaders": {
        "Content-Length": "0",
        "Date": "Thu, 14 Sep 2023 19:46:33 GMT",
        "ETag": "\u00220x8DBB55B4C9051DC\u0022",
        "Last-Modified": "Thu, 14 Sep 2023 19:46:33 GMT",
        "Server": [
          "Windows-Azure-File/1.0",
          "Microsoft-HTTPAPI/2.0"
        ],
        "x-ms-client-request-id": "cb1126ea-a1b0-4241-a40f-5ac0771cd210",
        "x-ms-request-id": "cff49ea9-401a-000c-8044-e70429000000",
        "x-ms-version": "2023-01-03"
      },
      "ResponseBody": null
    },
    {
      "RequestUri": "https://fakesdaccount.file.core.windows.net/share169472079246107731/dir169472079257205184?restype=directory",
      "RequestMethod": "PUT",
      "RequestHeaders": {
        "Accept": "application/xml",
        "Accept-Encoding": "gzip, deflate, br",
        "Accept-Language": "en-US",
        "Connection": "keep-alive",
        "Content-Length": "0",
        "Origin": "http://localhost:9876",
        "Referer": "http://localhost:9876/",
        "sec-ch-ua": "",
        "sec-ch-ua-mobile": "?0",
        "sec-ch-ua-platform": "\u0022\u0022",
        "Sec-Fetch-Dest": "empty",
        "Sec-Fetch-Mode": "cors",
        "Sec-Fetch-Site": "same-site",
        "User-Agent": "Mozilla/5.0 (Windows NT 10.0; Win64; x64) AppleWebKit/537.36 (KHTML, like Gecko) HeadlessChrome/112.0.5614.0 Safari/537.36",
        "x-ms-client-request-id": "0b3aa915-a7c8-4ad6-9920-67cab4e5517e",
        "x-ms-file-attributes": "Directory",
        "x-ms-file-creation-time": "now",
        "x-ms-file-last-write-time": "now",
        "x-ms-file-permission": "inherit",
        "x-ms-useragent": "azsdk-js-azure-storage-blob/12.20.0 core-rest-pipeline/1.12.2 OS",
        "x-ms-version": "2023-01-03"
      },
      "RequestBody": null,
      "StatusCode": 201,
      "ResponseHeaders": {
        "Content-Length": "0",
        "Date": "Thu, 14 Sep 2023 19:46:33 GMT",
        "ETag": "\u00220x8DBB55B4CA1F74B\u0022",
        "Last-Modified": "Thu, 14 Sep 2023 19:46:33 GMT",
        "Server": [
          "Windows-Azure-File/1.0",
          "Microsoft-HTTPAPI/2.0"
        ],
        "x-ms-client-request-id": "0b3aa915-a7c8-4ad6-9920-67cab4e5517e",
        "x-ms-file-attributes": "Directory",
        "x-ms-file-change-time": "2023-09-14T19:46:33.5391563Z",
        "x-ms-file-creation-time": "2023-09-14T19:46:33.5391563Z",
        "x-ms-file-id": "13835128424026341376",
        "x-ms-file-last-write-time": "2023-09-14T19:46:33.5391563Z",
        "x-ms-file-parent-id": "0",
        "x-ms-file-permission-key": "9255856626508002348*16764736045797335973",
        "x-ms-request-id": "cff49eab-401a-000c-0144-e70429000000",
        "x-ms-request-server-encrypted": "true",
        "x-ms-version": "2023-01-03"
      },
      "ResponseBody": null
    },
    {
      "RequestUri": "https://fakesdaccount.file.core.windows.net/share169472079246107731/dir169472079257205184/file169472079268703736?",
      "RequestMethod": "PUT",
      "RequestHeaders": {
        "Accept": "application/xml",
        "Accept-Encoding": "gzip, deflate, br",
        "Accept-Language": "en-US",
        "Connection": "keep-alive",
        "Content-Length": "0",
        "Origin": "http://localhost:9876",
        "Referer": "http://localhost:9876/",
        "sec-ch-ua": "",
        "sec-ch-ua-mobile": "?0",
        "sec-ch-ua-platform": "\u0022\u0022",
        "Sec-Fetch-Dest": "empty",
        "Sec-Fetch-Mode": "cors",
        "Sec-Fetch-Site": "same-site",
        "User-Agent": "Mozilla/5.0 (Windows NT 10.0; Win64; x64) AppleWebKit/537.36 (KHTML, like Gecko) HeadlessChrome/112.0.5614.0 Safari/537.36",
        "x-ms-client-request-id": "324560aa-628a-4fbf-ab3f-3b882220b1e8",
        "x-ms-content-length": "11",
        "x-ms-file-attributes": "None",
        "x-ms-file-creation-time": "now",
        "x-ms-file-last-write-time": "now",
        "x-ms-file-permission": "inherit",
        "x-ms-type": "file",
        "x-ms-useragent": "azsdk-js-azure-storage-blob/12.20.0 core-rest-pipeline/1.12.2 OS",
        "x-ms-version": "2023-01-03"
      },
      "RequestBody": null,
      "StatusCode": 201,
      "ResponseHeaders": {
        "Content-Length": "0",
        "Date": "Thu, 14 Sep 2023 19:46:33 GMT",
        "ETag": "\u00220x8DBB55B4CB359DB\u0022",
        "Last-Modified": "Thu, 14 Sep 2023 19:46:33 GMT",
        "Server": [
          "Windows-Azure-File/1.0",
          "Microsoft-HTTPAPI/2.0"
        ],
        "x-ms-client-request-id": "324560aa-628a-4fbf-ab3f-3b882220b1e8",
        "x-ms-file-attributes": "Archive",
        "x-ms-file-change-time": "2023-09-14T19:46:33.6530907Z",
        "x-ms-file-creation-time": "2023-09-14T19:46:33.6530907Z",
        "x-ms-file-id": "11529285414812647424",
        "x-ms-file-last-write-time": "2023-09-14T19:46:33.6530907Z",
        "x-ms-file-parent-id": "13835128424026341376",
        "x-ms-file-permission-key": "4614121289425226539*16764736045797335973",
        "x-ms-request-id": "cff49eac-401a-000c-0244-e70429000000",
        "x-ms-request-server-encrypted": "true",
        "x-ms-version": "2023-01-03"
      },
      "ResponseBody": null
    },
    {
      "RequestUri": "https://fakesdaccount.file.core.windows.net/share169472079246107731/dir169472079257205184/file169472079268703736?comp=lease",
      "RequestMethod": "PUT",
      "RequestHeaders": {
        "Accept": "application/xml",
        "Accept-Encoding": "gzip, deflate, br",
        "Accept-Language": "en-US",
        "Connection": "keep-alive",
        "Content-Length": "0",
        "Origin": "http://localhost:9876",
        "Referer": "http://localhost:9876/",
        "sec-ch-ua": "",
        "sec-ch-ua-mobile": "?0",
        "sec-ch-ua-platform": "\u0022\u0022",
        "Sec-Fetch-Dest": "empty",
        "Sec-Fetch-Mode": "cors",
        "Sec-Fetch-Site": "same-site",
        "User-Agent": "Mozilla/5.0 (Windows NT 10.0; Win64; x64) AppleWebKit/537.36 (KHTML, like Gecko) HeadlessChrome/112.0.5614.0 Safari/537.36",
        "x-ms-client-request-id": "d86851be-e633-42b3-81fc-8a13ffa8ec39",
        "x-ms-lease-action": "acquire",
        "x-ms-lease-duration": "-1",
        "x-ms-proposed-lease-id": "e9890485-bf47-4d9a-b3d0-aceb18506124",
        "x-ms-useragent": "azsdk-js-azure-storage-blob/12.20.0 core-rest-pipeline/1.12.2 OS",
        "x-ms-version": "2023-01-03"
      },
      "RequestBody": null,
      "StatusCode": 201,
      "ResponseHeaders": {
        "Date": "Thu, 14 Sep 2023 19:46:33 GMT",
        "ETag": "\u00220x8DBB55B4CB359DB\u0022",
        "Last-Modified": "Thu, 14 Sep 2023 19:46:33 GMT",
        "Server": [
          "Windows-Azure-File/1.0",
          "Microsoft-HTTPAPI/2.0"
        ],
        "Transfer-Encoding": "chunked",
        "x-ms-client-request-id": "d86851be-e633-42b3-81fc-8a13ffa8ec39",
        "x-ms-lease-id": "e9890485-bf47-4d9a-b3d0-aceb18506124",
        "x-ms-request-id": "cff49ead-401a-000c-0344-e70429000000",
        "x-ms-version": "2023-01-03"
      },
      "ResponseBody": null
    },
    {
      "RequestUri": "https://fakesdaccount.file.core.windows.net/share169472079246107731/dir169472079257205184/file169472079268703736?comp=lease",
      "RequestMethod": "PUT",
      "RequestHeaders": {
        "Accept": "application/xml",
        "Accept-Encoding": "gzip, deflate, br",
        "Accept-Language": "en-US",
        "Connection": "keep-alive",
        "Content-Length": "0",
        "Origin": "http://localhost:9876",
        "Referer": "http://localhost:9876/",
        "sec-ch-ua": "",
        "sec-ch-ua-mobile": "?0",
        "sec-ch-ua-platform": "\u0022\u0022",
        "Sec-Fetch-Dest": "empty",
        "Sec-Fetch-Mode": "cors",
        "Sec-Fetch-Site": "same-site",
        "User-Agent": "Mozilla/5.0 (Windows NT 10.0; Win64; x64) AppleWebKit/537.36 (KHTML, like Gecko) HeadlessChrome/112.0.5614.0 Safari/537.36",
        "x-ms-client-request-id": "5b8f6cad-29a6-46d6-8ad2-9039184447b5",
        "x-ms-lease-action": "acquire",
        "x-ms-lease-duration": "-1",
        "x-ms-proposed-lease-id": "e9890485-bf47-4d9a-b3d0-aceb18506124",
        "x-ms-useragent": "azsdk-js-azure-storage-blob/12.20.0 core-rest-pipeline/1.12.2 OS",
        "x-ms-version": "2023-01-03"
      },
      "RequestBody": null,
      "StatusCode": 201,
      "ResponseHeaders": {
        "Date": "Thu, 14 Sep 2023 19:46:33 GMT",
        "ETag": "\u00220x8DBB55B4CB359DB\u0022",
        "Last-Modified": "Thu, 14 Sep 2023 19:46:33 GMT",
        "Server": [
          "Windows-Azure-File/1.0",
          "Microsoft-HTTPAPI/2.0"
        ],
        "Transfer-Encoding": "chunked",
        "x-ms-client-request-id": "5b8f6cad-29a6-46d6-8ad2-9039184447b5",
        "x-ms-lease-id": "e9890485-bf47-4d9a-b3d0-aceb18506124",
        "x-ms-request-id": "cff49eae-401a-000c-0444-e70429000000",
        "x-ms-version": "2023-01-03"
      },
      "ResponseBody": null
    },
    {
      "RequestUri": "https://fakesdaccount.file.core.windows.net/share169472079246107731?restype=share",
      "RequestMethod": "DELETE",
      "RequestHeaders": {
        "Accept": "application/xml",
        "Accept-Encoding": "gzip, deflate, br",
        "Accept-Language": "en-US",
        "Connection": "keep-alive",
        "Origin": "http://localhost:9876",
        "Referer": "http://localhost:9876/",
        "sec-ch-ua": "",
        "sec-ch-ua-mobile": "?0",
        "sec-ch-ua-platform": "\u0022\u0022",
        "Sec-Fetch-Dest": "empty",
        "Sec-Fetch-Mode": "cors",
        "Sec-Fetch-Site": "same-site",
        "User-Agent": "Mozilla/5.0 (Windows NT 10.0; Win64; x64) AppleWebKit/537.36 (KHTML, like Gecko) HeadlessChrome/112.0.5614.0 Safari/537.36",
        "x-ms-client-request-id": "82d9940c-f46f-4c89-9ec1-da66e7f206ab",
        "x-ms-useragent": "azsdk-js-azure-storage-blob/12.20.0 core-rest-pipeline/1.12.2 OS",
        "x-ms-version": "2023-01-03"
      },
      "RequestBody": null,
      "StatusCode": 202,
      "ResponseHeaders": {
        "Content-Length": "0",
        "Date": "Thu, 14 Sep 2023 19:46:33 GMT",
        "Server": [
          "Windows-Azure-File/1.0",
          "Microsoft-HTTPAPI/2.0"
        ],
        "x-ms-client-request-id": "82d9940c-f46f-4c89-9ec1-da66e7f206ab",
        "x-ms-request-id": "cff49eaf-401a-000c-0544-e70429000000",
        "x-ms-version": "2023-01-03"
      },
      "ResponseBody": null
    }
  ],
  "Variables": {
    "dir": "dir169472079257205184",
    "file": "file169472079268703736",
    "share": "share169472079246107731"
  }
}
