{
  "Entries": [
    {
      "RequestUri": "https://sanitized.skype.com/identities?api-version=2023-10-01",
      "RequestMethod": "POST",
      "RequestHeaders": {
        "Accept": "application/json",
        "Authorization": "Sanitized",
        "Content-Length": "2",
        "Content-Type": "application/json",
        "traceparent": "00-5d9389ecb103f151ff04e9d223ae1754-c44662e17b6bf32e-00",
        "User-Agent": "azsdk-net-Communication.Identity/1.4.0-alpha.20250423.1 (.NET 8.0.15; Microsoft Windows 10.0.26100)",
        "x-ms-client-request-id": "Sanitized",
        "x-ms-content-sha256": "Sanitized",
        "x-ms-date": "Wed, 23 Apr 2025 18:41:52 GMT",
        "x-ms-return-client-request-id": "true"
      },
      "RequestBody": {},
      "StatusCode": 201,
      "ResponseHeaders": {
        "api-supported-versions": "2020-07-20-preview2, 2021-03-07, 2021-10-31-preview, 2021-11-01, 2022-06-01, 2022-10-01, 2023-10-01, 2025-03-02-preview",
        "Connection": "keep-alive",
        "Content-Length": "31",
        "Content-Type": "application/json; charset=utf-8",
        "Date": "Wed, 23 Apr 2025 18:41:52 GMT",
        "MS-CV": "Sanitized",
        "Request-Context": "appId=",
        "Strict-Transport-Security": "max-age=31536000;includeSubDomains",
        "x-azure-ref": "Sanitized",
        "X-Cache": "CONFIG_NOCACHE",
        "x-ms-client-request-id": "Sanitized",
        "X-Processing-Time": "14ms"
      },
      "ResponseBody": {
        "identity": {
          "id": "Sanitized"
        }
      }
    },
    {
      "RequestUri": "https://sanitized.skype.com/identities?api-version=2023-10-01",
      "RequestMethod": "POST",
      "RequestHeaders": {
        "Accept": "application/json",
        "Authorization": "Sanitized",
        "Content-Length": "2",
        "Content-Type": "application/json",
        "traceparent": "00-9cfcdae86d2d80b43b40b2a27ea82d54-216293196543a1fc-00",
        "User-Agent": "azsdk-net-Communication.Identity/1.4.0-alpha.20250423.1 (.NET 8.0.15; Microsoft Windows 10.0.26100)",
        "x-ms-client-request-id": "Sanitized",
        "x-ms-content-sha256": "Sanitized",
        "x-ms-date": "Wed, 23 Apr 2025 18:41:53 GMT",
        "x-ms-return-client-request-id": "true"
      },
      "RequestBody": {},
      "StatusCode": 201,
      "ResponseHeaders": {
        "api-supported-versions": "2020-07-20-preview2, 2021-03-07, 2021-10-31-preview, 2021-11-01, 2022-06-01, 2022-10-01, 2023-10-01, 2025-03-02-preview",
        "Connection": "keep-alive",
        "Content-Length": "31",
        "Content-Type": "application/json; charset=utf-8",
        "Date": "Wed, 23 Apr 2025 18:41:52 GMT",
        "MS-CV": "Sanitized",
        "Request-Context": "appId=",
        "Strict-Transport-Security": "max-age=31536000;includeSubDomains",
        "x-azure-ref": "Sanitized",
        "X-Cache": "CONFIG_NOCACHE",
        "x-ms-client-request-id": "Sanitized",
        "X-Processing-Time": "16ms"
      },
      "ResponseBody": {
        "identity": {
          "id": "Sanitized"
        }
      }
    },
    {
      "RequestUri": "https://sanitized.skype.com/api/servicebuscallback/subscribe?q=Sanitized",
      "RequestMethod": "POST",
      "RequestHeaders": {
        "Accept": "application/json",
        "Authorization": "Sanitized",
        "Content-Length": "0",
        "User-Agent": "azsdk-net-Communication.CallAutomation/1.2.0-alpha.20250423.1 (.NET 8.0.15; Microsoft Windows 10.0.26100)",
        "X-FORWARDED-HOST": "Sanitized",
        "x-ms-client-request-id": "Sanitized",
        "x-ms-content-sha256": "Sanitized",
        "x-ms-date": "Wed, 23 Apr 2025 18:41:53 GMT",
        "x-ms-return-client-request-id": "true"
      },
      "RequestBody": null,
      "StatusCode": 200,
      "ResponseHeaders": {
        "Content-Length": "0",
        "Date": "Wed, 23 Apr 2025 18:41:53 GMT",
        "Server": "Microsoft-IIS/10.0",
        "X-Powered-By": "ASP.NET"
      },
      "ResponseBody": null
    },
    {
      "RequestUri": "https://sanitized.skype.com/calling/callConnections?api-version=2024-01-22-preview",
      "RequestMethod": "POST",
      "RequestHeaders": {
        "Accept": "application/json",
        "Authorization": "Sanitized",
        "Content-Length": "197",
        "Content-Type": "application/json",
        "Repeatability-First-Sent": "Sanitized",
        "Repeatability-Request-ID": "Sanitized",
        "traceparent": "00-b66e5b9108ec59426829392a41eb8b90-8fc3454bd13c29c8-00",
        "User-Agent": "azsdk-net-Communication.CallAutomation/1.2.0-alpha.20250423.1 (.NET 8.0.15; Microsoft Windows 10.0.26100)",
        "X-FORWARDED-HOST": "Sanitized",
        "x-ms-client-request-id": "Sanitized",
        "x-ms-content-sha256": "Sanitized",
        "x-ms-date": "Wed, 23 Apr 2025 18:41:55 GMT",
        "x-ms-return-client-request-id": "true"
      },
      "RequestBody": {
        "targets": [
          {
            "rawId": "Sanitized",
            "communicationUser": {
              "id": "Sanitized"
            }
          }
        ],
        "source": {
          "id": "Sanitized"
        },
        "callbackUri": "https://sanitized.skype.com/api/servicebuscallback/events?q=SanitizedSanitized"
      },
      "StatusCode": 201,
      "ResponseHeaders": {
        "Content-Length": "626",
        "Content-Type": "application/json; charset=utf-8",
        "Date": "Wed, 23 Apr 2025 18:41:54 GMT",
        "Server": "Microsoft-HTTPAPI/2.0",
        "X-Microsoft-Skype-Chain-ID": "a9aa040b-8efc-4018-bf27-5cc0d73ec8f5",
        "X-Microsoft-Skype-Client": "azsdk-net-Communication.CallAutomation/1.2.0-alpha.20250423.1 (.NET 8.0.15; Microsoft Windows 10.0.26100)",
        "x-ms-client-request-id": "Sanitized"
      },
      "ResponseBody": {
        "callConnectionId": "00001680-7ddd-430e-84f4-8426e2d48435",
        "targets": [
          {
            "rawId": "Sanitized",
            "kind": "communicationUser",
            "communicationUser": {
              "id": "Sanitized"
            }
          }
        ],
        "callConnectionState": "connecting",
        "callbackUri": "https://sanitized.skype.com/api/servicebuscallback/events?q=SanitizedSanitized",
        "dataSubscriptionId": "baad5165-1b49-4b78-be9a-efb30dcc85e8",
        "sourceDisplayName": "",
        "source": {
          "rawId": "Sanitized",
          "kind": "communicationUser",
          "communicationUser": {
            "id": "Sanitized"
          }
        },
        "correlationId": "a9aa040b-8efc-4018-bf27-5cc0d73ec8f5",
        "mediaStreamingSubscription": {
          "id": "Sanitized",
          "state": "disabled",
          "subscribedContentTypes": [
            "audio"
          ]
        }
      }
    },
    {
      "RequestUri": "https://sanitized.skype.com/calling/callConnections:answer?api-version=2024-01-22-preview",
      "RequestMethod": "POST",
      "RequestHeaders": {
        "Accept": "application/json",
        "Authorization": "Sanitized",
        "Content-Length": "400",
        "Content-Type": "application/json",
        "Repeatability-First-Sent": "Sanitized",
        "Repeatability-Request-ID": "Sanitized",
        "traceparent": "00-89073fe0c2bf6917271bd615a3d97f33-f67f8fc9e0ccfd28-00",
        "User-Agent": "azsdk-net-Communication.CallAutomation/1.2.0-alpha.20250423.1 (.NET 8.0.15; Microsoft Windows 10.0.26100)",
        "X-FORWARDED-HOST": "Sanitized",
        "x-ms-client-request-id": "Sanitized",
        "x-ms-content-sha256": "Sanitized",
        "x-ms-date": "Wed, 23 Apr 2025 18:41:56 GMT",
        "x-ms-return-client-request-id": "true"
      },
      "RequestBody": {
        "incomingCallContext": "Sanitized",
        "callbackUri": "https://sanitized.skype.com/api/servicebuscallback/events?q=SanitizedSanitized",
        "customCallingContext": {
          "voipHeaders": {},
          "sipHeaders": {}
        },
        "answeredBy": {
          "id": "Sanitized"
        },
        "mediaStreamingConfiguration": {
          "transportUrl": "wss://sanitized.skype.com",
          "transportType": "websocket",
          "contentType": "audio",
          "audioChannelType": "mixed",
          "startMediaStreaming": false
        }
      },
      "StatusCode": 200,
      "ResponseHeaders": {
        "Content-Length": "845",
        "Content-Type": "application/json; charset=utf-8",
        "Date": "Wed, 23 Apr 2025 18:41:55 GMT",
        "Server": "Microsoft-HTTPAPI/2.0",
        "X-Microsoft-Skype-Chain-ID": "a9aa040b-8efc-4018-bf27-5cc0d73ec8f5",
        "X-Microsoft-Skype-Client": "azsdk-net-Communication.CallAutomation/1.2.0-alpha.20250423.1 (.NET 8.0.15; Microsoft Windows 10.0.26100)",
        "x-ms-client-request-id": "Sanitized"
      },
      "ResponseBody": {
        "callConnectionId": "00001680-378c-48ea-9767-d99eb2db75c1",
        "serverCallId": "aHR0cHM6Ly9hcGkuZmxpZ2h0cHJveHkuc2t5cGUuY29tL2FwaS92Mi9jcC9jb252LXVzZWEtMDEtc2RmLWFrcy5jb252LnNreXBlLmNvbS9jb252LzBReHBSbHhzRDBpOWJvYXN6R1NzR1E/aT0xMC0xMjgtOTEtMTIxJmU9NjM4ODA5Mzk2Nzk3MzkyMDA4",
        "targets": [
          {
            "rawId": "Sanitized",
            "kind": "communicationUser",
            "communicationUser": {
              "id": "Sanitized"
            }
          }
        ],
        "callConnectionState": "connecting",
        "callbackUri": "https://sanitized.skype.com/api/servicebuscallback/events?q=SanitizedSanitized",
        "dataSubscriptionId": "25f38036-ff80-4b95-9515-4de069bc94c8",
        "source": {
          "rawId": "Sanitized",
          "kind": "communicationUser",
          "communicationUser": {
            "id": "Sanitized"
          }
        },
        "correlationId": "a9aa040b-8efc-4018-bf27-5cc0d73ec8f5",
        "answeredBy": {
          "id": "Sanitized"
        },
        "mediaStreamingSubscription": {
          "id": "Sanitized",
          "state": "inactive",
          "subscribedContentTypes": [
            "audio"
          ]
        }
      }
    },
    {
      "RequestUri": "https://sanitized.skype.com/calling/callConnections/00001680-378c-48ea-9767-d99eb2db75c1:startMediaStreaming?api-version=2024-01-22-preview",
      "RequestMethod": "POST",
      "RequestHeaders": {
        "Accept": "application/json",
        "Authorization": "Sanitized",
        "Content-Length": "49",
        "Content-Type": "application/json",
        "User-Agent": "azsdk-net-Communication.CallAutomation/1.2.0-alpha.20250423.1 (.NET 8.0.15; Microsoft Windows 10.0.26100)",
        "X-FORWARDED-HOST": "Sanitized",
        "x-ms-client-request-id": "Sanitized",
        "x-ms-content-sha256": "Sanitized",
        "x-ms-date": "Wed, 23 Apr 2025 18:41:57 GMT",
        "x-ms-return-client-request-id": "true"
      },
      "RequestBody": {
        "operationContext": "startMediaStreamingContext"
      },
      "StatusCode": 202,
      "ResponseHeaders": {
        "Content-Length": "0",
        "Date": "Wed, 23 Apr 2025 18:41:57 GMT",
        "Server": "Microsoft-HTTPAPI/2.0",
        "X-Microsoft-Skype-Chain-ID": "a9aa040b-8efc-4018-bf27-5cc0d73ec8f5",
        "X-Microsoft-Skype-Client": "azsdk-net-Communication.CallAutomation/1.2.0-alpha.20250423.1 (.NET 8.0.15; Microsoft Windows 10.0.26100)",
        "x-ms-client-request-id": "Sanitized"
      },
      "ResponseBody": null
    },
    {
      "RequestUri": "https://sanitized.skype.com/calling/callConnections/00001680-378c-48ea-9767-d99eb2db75c1?api-version=2024-01-22-preview",
      "RequestMethod": "GET",
      "RequestHeaders": {
        "Accept": "application/json",
        "Authorization": "Sanitized",
        "User-Agent": "azsdk-net-Communication.CallAutomation/1.2.0-alpha.20250423.1 (.NET 8.0.15; Microsoft Windows 10.0.26100)",
        "X-FORWARDED-HOST": "Sanitized",
        "x-ms-client-request-id": "Sanitized",
        "x-ms-content-sha256": "Sanitized",
        "x-ms-date": "Wed, 23 Apr 2025 18:41:58 GMT",
        "x-ms-return-client-request-id": "true"
      },
      "RequestBody": null,
      "StatusCode": 200,
      "ResponseHeaders": {
        "Content-Length": "842",
        "Content-Type": "application/json; charset=utf-8",
        "Date": "Wed, 23 Apr 2025 18:41:58 GMT",
        "Server": "Microsoft-HTTPAPI/2.0",
        "X-Microsoft-Skype-Chain-ID": "a9aa040b-8efc-4018-bf27-5cc0d73ec8f5",
        "X-Microsoft-Skype-Client": "azsdk-net-Communication.CallAutomation/1.2.0-alpha.20250423.1 (.NET 8.0.15; Microsoft Windows 10.0.26100)",
        "x-ms-client-request-id": "Sanitized"
      },
      "ResponseBody": {
        "callConnectionId": "00001680-378c-48ea-9767-d99eb2db75c1",
        "serverCallId": "aHR0cHM6Ly9hcGkuZmxpZ2h0cHJveHkuc2t5cGUuY29tL2FwaS92Mi9jcC9jb252LXVzZWEtMDEtc2RmLWFrcy5jb252LnNreXBlLmNvbS9jb252LzBReHBSbHhzRDBpOWJvYXN6R1NzR1E/aT0xMC0xMjgtOTEtMTIxJmU9NjM4ODA5Mzk2Nzk3MzkyMDA4",
        "targets": [
          {
            "rawId": "Sanitized",
            "kind": "communicationUser",
            "communicationUser": {
              "id": "Sanitized"
            }
          }
        ],
        "callConnectionState": "connected",
        "callbackUri": "https://sanitized.skype.com/api/servicebuscallback/events?q=SanitizedSanitized",
        "dataSubscriptionId": "25f38036-ff80-4b95-9515-4de069bc94c8",
        "source": {
          "rawId": "Sanitized",
          "kind": "communicationUser",
          "communicationUser": {
            "id": "Sanitized"
          }
        },
        "correlationId": "a9aa040b-8efc-4018-bf27-5cc0d73ec8f5",
        "answeredBy": {
          "id": "Sanitized"
        },
        "mediaStreamingSubscription": {
          "id": "Sanitized",
          "state": "active",
          "subscribedContentTypes": [
            "audio"
          ]
        }
      }
    },
    {
      "RequestUri": "https://sanitized.skype.com/calling/callConnections/00001680-378c-48ea-9767-d99eb2db75c1:stopMediaStreaming?api-version=2024-01-22-preview",
      "RequestMethod": "POST",
      "RequestHeaders": {
        "Accept": "application/json",
        "Authorization": "Sanitized",
        "Content-Length": "2",
        "Content-Type": "application/json",
        "User-Agent": "azsdk-net-Communication.CallAutomation/1.2.0-alpha.20250423.1 (.NET 8.0.15; Microsoft Windows 10.0.26100)",
        "X-FORWARDED-HOST": "Sanitized",
        "x-ms-client-request-id": "Sanitized",
        "x-ms-content-sha256": "Sanitized",
        "x-ms-date": "Wed, 23 Apr 2025 18:41:58 GMT",
        "x-ms-return-client-request-id": "true"
      },
      "RequestBody": {},
      "StatusCode": 202,
      "ResponseHeaders": {
        "Content-Length": "0",
        "Date": "Wed, 23 Apr 2025 18:41:58 GMT",
        "Server": "Microsoft-HTTPAPI/2.0",
        "X-Microsoft-Skype-Chain-ID": "a9aa040b-8efc-4018-bf27-5cc0d73ec8f5",
        "X-Microsoft-Skype-Client": "azsdk-net-Communication.CallAutomation/1.2.0-alpha.20250423.1 (.NET 8.0.15; Microsoft Windows 10.0.26100)",
        "x-ms-client-request-id": "Sanitized"
      },
      "ResponseBody": null
    },
    {
      "RequestUri": "https://sanitized.skype.com/calling/callConnections/00001680-378c-48ea-9767-d99eb2db75c1?api-version=2024-01-22-preview",
      "RequestMethod": "GET",
      "RequestHeaders": {
        "Accept": "application/json",
        "Authorization": "Sanitized",
        "User-Agent": "azsdk-net-Communication.CallAutomation/1.2.0-alpha.20250423.1 (.NET 8.0.15; Microsoft Windows 10.0.26100)",
        "X-FORWARDED-HOST": "Sanitized",
        "x-ms-client-request-id": "Sanitized",
        "x-ms-content-sha256": "Sanitized",
        "x-ms-date": "Wed, 23 Apr 2025 18:41:59 GMT",
        "x-ms-return-client-request-id": "true"
      },
      "RequestBody": null,
      "StatusCode": 200,
      "ResponseHeaders": {
        "Content-Length": "844",
        "Content-Type": "application/json; charset=utf-8",
        "Date": "Wed, 23 Apr 2025 18:41:59 GMT",
        "Server": "Microsoft-HTTPAPI/2.0",
        "X-Microsoft-Skype-Chain-ID": "a9aa040b-8efc-4018-bf27-5cc0d73ec8f5",
        "X-Microsoft-Skype-Client": "azsdk-net-Communication.CallAutomation/1.2.0-alpha.20250423.1 (.NET 8.0.15; Microsoft Windows 10.0.26100)",
        "x-ms-client-request-id": "Sanitized"
      },
      "ResponseBody": {
        "callConnectionId": "00001680-378c-48ea-9767-d99eb2db75c1",
        "serverCallId": "aHR0cHM6Ly9hcGkuZmxpZ2h0cHJveHkuc2t5cGUuY29tL2FwaS92Mi9jcC9jb252LXVzZWEtMDEtc2RmLWFrcy5jb252LnNreXBlLmNvbS9jb252LzBReHBSbHhzRDBpOWJvYXN6R1NzR1E/aT0xMC0xMjgtOTEtMTIxJmU9NjM4ODA5Mzk2Nzk3MzkyMDA4",
        "targets": [
          {
            "rawId": "Sanitized",
            "kind": "communicationUser",
            "communicationUser": {
              "id": "Sanitized"
            }
          }
        ],
        "callConnectionState": "connected",
        "callbackUri": "https://sanitized.skype.com/api/servicebuscallback/events?q=SanitizedSanitized",
        "dataSubscriptionId": "25f38036-ff80-4b95-9515-4de069bc94c8",
        "source": {
          "rawId": "Sanitized",
          "kind": "communicationUser",
          "communicationUser": {
            "id": "Sanitized"
          }
        },
        "correlationId": "a9aa040b-8efc-4018-bf27-5cc0d73ec8f5",
        "answeredBy": {
          "id": "Sanitized"
        },
        "mediaStreamingSubscription": {
          "id": "Sanitized",
          "state": "inactive",
          "subscribedContentTypes": [
            "audio"
          ]
        }
      }
    },
    {
      "RequestUri": "https://sanitized.skype.com/calling/callConnections/00001680-378c-48ea-9767-d99eb2db75c1:terminate?api-version=2024-01-22-preview",
      "RequestMethod": "POST",
      "RequestHeaders": {
        "Accept": "application/json",
        "Authorization": "Sanitized",
        "Content-Length": "0",
        "Repeatability-First-Sent": "Sanitized",
        "Repeatability-Request-ID": "Sanitized",
        "User-Agent": "azsdk-net-Communication.CallAutomation/1.2.0-alpha.20250423.1 (.NET 8.0.15; Microsoft Windows 10.0.26100)",
        "X-FORWARDED-HOST": "Sanitized",
        "x-ms-client-request-id": "Sanitized",
        "x-ms-content-sha256": "Sanitized",
        "x-ms-date": "Wed, 23 Apr 2025 18:42:00 GMT",
        "x-ms-return-client-request-id": "true"
      },
      "RequestBody": null,
      "StatusCode": 204,
      "ResponseHeaders": {
        "Content-Length": "0",
        "Date": "Wed, 23 Apr 2025 18:41:59 GMT",
        "Repeatability-Result": "accepted",
        "Server": "Microsoft-HTTPAPI/2.0",
        "X-Microsoft-Skype-Chain-ID": "a9aa040b-8efc-4018-bf27-5cc0d73ec8f5",
        "X-Microsoft-Skype-Client": "azsdk-net-Communication.CallAutomation/1.2.0-alpha.20250423.1 (.NET 8.0.15; Microsoft Windows 10.0.26100)",
        "x-ms-client-request-id": "Sanitized"
      },
      "ResponseBody": null
    },
    {
      "RequestUri": "https://sanitized.skype.com/calling/callConnections/00001680-378c-48ea-9767-d99eb2db75c1?api-version=2024-01-22-preview",
      "RequestMethod": "GET",
      "RequestHeaders": {
        "Accept": "application/json",
        "Authorization": "Sanitized",
        "User-Agent": "azsdk-net-Communication.CallAutomation/1.2.0-alpha.20250423.1 (.NET 8.0.15; Microsoft Windows 10.0.26100)",
        "X-FORWARDED-HOST": "Sanitized",
        "x-ms-client-request-id": "Sanitized",
        "x-ms-content-sha256": "Sanitized",
        "x-ms-date": "Wed, 23 Apr 2025 18:42:01 GMT",
        "x-ms-return-client-request-id": "true"
      },
      "RequestBody": null,
      "StatusCode": 404,
      "ResponseHeaders": {
        "Content-Length": "53",
        "Content-Type": "application/json; charset=utf-8",
        "Date": "Wed, 23 Apr 2025 18:42:00 GMT",
        "Server": "Microsoft-HTTPAPI/2.0",
        "X-Microsoft-Skype-Chain-ID": "920d7bf1-bd43-4e67-b5b9-e68f6d723f9c",
        "X-Microsoft-Skype-Client": "azsdk-net-Communication.CallAutomation/1.2.0-alpha.20250423.1 (.NET 8.0.15; Microsoft Windows 10.0.26100)",
        "x-ms-client-request-id": "Sanitized"
      },
      "ResponseBody": {
        "error": {
          "code": "8522",
          "message": "Call not found."
        }
      }
    },
    {
      "RequestUri": "https://sanitized.skype.com/api/servicebuscallback/unsubscribe?q=Sanitized",
      "RequestMethod": "POST",
      "RequestHeaders": {
        "Accept": "application/json",
        "Authorization": "Sanitized",
        "Content-Length": "0",
        "User-Agent": "azsdk-net-Communication.CallAutomation/1.2.0-alpha.20250423.1 (.NET 8.0.15; Microsoft Windows 10.0.26100)",
        "X-FORWARDED-HOST": "Sanitized",
        "x-ms-client-request-id": "Sanitized",
        "x-ms-content-sha256": "Sanitized",
        "x-ms-date": "Wed, 23 Apr 2025 18:42:01 GMT",
        "x-ms-return-client-request-id": "true"
      },
      "RequestBody": null,
      "StatusCode": 200,
      "ResponseHeaders": {
        "Content-Length": "0",
        "Date": "Wed, 23 Apr 2025 18:42:00 GMT",
        "Server": "Microsoft-IIS/10.0",
        "X-Powered-By": "ASP.NET"
      },
      "ResponseBody": null
    }
  ],
  "Variables": {
    "COMMUNICATION_LIVETEST_STATIC_CONNECTION_STRING": "endpoint=https://sanitized.communication.azure.com/;accesskey=Kg==",
    "DISPATCHER_ENDPOINT": "https://sanitized.skype.com",
    "PMA_Endpoint": "https://sanitized.com",
    "RandomSeed": "1133866393",
    "SERVICEBUS_STRING": "Sanitized",
    "TRANSPORT_URL": "https://sanitized.skype.com"
  }
}
