{
  "Entries": [
    {
      "RequestUri": "https://sanitized.skype.com/identities?api-version=2023-10-01",
      "RequestMethod": "POST",
      "RequestHeaders": {
        "Accept": "application/json",
        "Authorization": "Sanitized",
        "Content-Length": "2",
        "Content-Type": "application/json",
        "traceparent": "00-5130146617ec933cf4772a49df6c99d0-a71e0d1f0e5552c8-00",
        "User-Agent": "azsdk-net-Communication.Identity/1.4.0-alpha.20250724.1 (.NET 8.0.18; Microsoft Windows 10.0.26100)",
        "x-ms-client-request-id": "Sanitized",
        "x-ms-content-sha256": "Sanitized",
        "x-ms-date": "Thu, 24 Jul 2025 09:49:37 GMT",
        "x-ms-return-client-request-id": "true"
      },
      "RequestBody": {},
      "StatusCode": 201,
      "ResponseHeaders": {
        "api-supported-versions": "2020-07-20-preview2, 2021-03-07, 2021-10-31-preview, 2021-11-01, 2022-06-01, 2022-10-01, 2023-10-01, 2025-03-02-preview, 2025-06-30",
        "Connection": "keep-alive",
        "Content-Length": "31",
        "Content-Type": "application/json; charset=utf-8",
        "Date": "Thu, 24 Jul 2025 09:49:39 GMT",
        "MS-CV": "Sanitized",
        "Request-Context": "appId=",
        "Strict-Transport-Security": "max-age=31536000;includeSubDomains",
        "x-azure-ref": "Sanitized",
        "X-Cache": "CONFIG_NOCACHE",
        "x-ms-client-request-id": "Sanitized",
        "X-Processing-Time": "14ms"
      },
      "ResponseBody": {
        "identity": {
          "id": "Sanitized"
        }
      }
    },
    {
      "RequestUri": "https://sanitized.skype.com/identities?api-version=2023-10-01",
      "RequestMethod": "POST",
      "RequestHeaders": {
        "Accept": "application/json",
        "Authorization": "Sanitized",
        "Content-Length": "2",
        "Content-Type": "application/json",
        "traceparent": "00-f678e5849c373857d1d62172a4afa1f4-eb84a1264795795b-00",
        "User-Agent": "azsdk-net-Communication.Identity/1.4.0-alpha.20250724.1 (.NET 8.0.18; Microsoft Windows 10.0.26100)",
        "x-ms-client-request-id": "Sanitized",
        "x-ms-content-sha256": "Sanitized",
        "x-ms-date": "Thu, 24 Jul 2025 09:49:37 GMT",
        "x-ms-return-client-request-id": "true"
      },
      "RequestBody": {},
      "StatusCode": 201,
      "ResponseHeaders": {
        "api-supported-versions": "2020-07-20-preview2, 2021-03-07, 2021-10-31-preview, 2021-11-01, 2022-06-01, 2022-10-01, 2023-10-01, 2025-03-02-preview, 2025-06-30",
        "Connection": "keep-alive",
        "Content-Length": "31",
        "Content-Type": "application/json; charset=utf-8",
        "Date": "Thu, 24 Jul 2025 09:49:39 GMT",
        "MS-CV": "Sanitized",
        "Request-Context": "appId=",
        "Strict-Transport-Security": "max-age=31536000;includeSubDomains",
        "x-azure-ref": "Sanitized",
        "X-Cache": "CONFIG_NOCACHE",
        "x-ms-client-request-id": "Sanitized",
        "X-Processing-Time": "13ms"
      },
      "ResponseBody": {
        "identity": {
          "id": "Sanitized"
        }
      }
    },
    {
      "RequestUri": "https://sanitized.skype.com/api/servicebuscallback/subscribe?q=Sanitized",
      "RequestMethod": "POST",
      "RequestHeaders": {
        "Accept": "application/json",
        "Authorization": "Sanitized",
        "Content-Length": "0",
        "User-Agent": "azsdk-net-Communication.CallAutomation/1.6.0-alpha.20250724.1 (.NET 8.0.18; Microsoft Windows 10.0.26100)",
        "x-ms-client-request-id": "Sanitized",
        "x-ms-content-sha256": "Sanitized",
        "x-ms-date": "Thu, 24 Jul 2025 09:49:38 GMT",
        "x-ms-return-client-request-id": "true"
      },
      "RequestBody": null,
      "StatusCode": 200,
      "ResponseHeaders": {
        "Content-Length": "0",
        "Date": "Thu, 24 Jul 2025 09:49:40 GMT",
        "Server": "Microsoft-IIS/10.0",
        "X-Powered-By": "ASP.NET"
      },
      "ResponseBody": null
    },
    {
      "RequestUri": "https://sanitized.skype.com/calling/callConnections?api-version=2025-08-15-preview",
      "RequestMethod": "POST",
      "RequestHeaders": {
        "Accept": "application/json",
        "Authorization": "Sanitized",
        "Content-Length": "423",
        "Content-Type": "application/json",
        "Repeatability-First-Sent": "Sanitized",
        "Repeatability-Request-ID": "Sanitized",
        "traceparent": "00-af90b33388aeff91f627601cae93f3dc-ef3db2cbd58afdbf-00",
        "User-Agent": "azsdk-net-Communication.CallAutomation/1.6.0-alpha.20250724.1 (.NET 8.0.18; Microsoft Windows 10.0.26100)",
        "X-FORWARDED-HOST": "Sanitized",
        "x-ms-client-request-id": "Sanitized",
        "x-ms-content-sha256": "Sanitized",
        "x-ms-date": "Thu, 24 Jul 2025 09:49:40 GMT",
        "x-ms-return-client-request-id": "true"
      },
      "RequestBody": {
        "targets": [
          {
            "rawId": "Sanitized",
            "communicationUser": {
              "id": "Sanitized"
            }
          }
        ],
        "source": {
          "id": "Sanitized"
        },
        "callbackUri": "https://sanitized.skype.com/api/servicebuscallback/events?q=SanitizedSanitized",
        "callIntelligenceOptions": {
          "cognitiveServicesEndpoint": "https://sanitized.skype.com"
        },
        "transcriptionOptions": {
          "transportUrl": "wss://sanitized.skype.com",
          "startTranscription": false,
          "transportType": "websocket",
          "locale": "en-CA"
        }
      },
      "StatusCode": 201,
      "ResponseHeaders": {
        "api-supported-versions": "2023-06-15-preview, 2024-01-22-preview, 2024-06-15-preview, 2024-11-15-preview, 2025-03-30-preview, 2025-08-15-preview",
        "Content-Type": "application/json; charset=utf-8",
        "Date": "Thu, 24 Jul 2025 09:49:40 GMT",
        "Server": "Kestrel",
        "Transfer-Encoding": "chunked",
        "X-Microsoft-Skype-Chain-ID": "51328e53-06cd-45dd-a435-02642f210c48",
        "X-Microsoft-Skype-Client": "azsdk-net-Communication.CallAutomation/1.6.0-alpha.20250724.1 (.NET 8.0.18; Microsoft Windows 10.0.26100)",
        "x-ms-client-request-id": "Sanitized",
        "X-Ms-Client-Version": "azsdk-net-Communication.CallAutomation/1.6.0-alpha.20250724.1 (.NET 8.0.18; Microsoft Windows 10.0.26100)"
      },
      "ResponseBody": {
        "callConnectionId": "03009180-a885-4e44-a606-c5718d22310b",
        "targets": [
          {
            "rawId": "Sanitized",
            "kind": "communicationUser",
            "communicationUser": {
              "id": "Sanitized"
            }
          }
        ],
        "callConnectionState": "connecting",
        "callbackUri": "https://sanitized.skype.com/api/servicebuscallback/events?q=SanitizedSanitized",
        "sourceDisplayName": "",
        "source": {
          "rawId": "Sanitized",
          "kind": "communicationUser",
          "communicationUser": {
            "id": "Sanitized"
          }
        },
        "correlationId": "51328e53-06cd-45dd-a435-02642f210c48",
        "mediaStreamingSubscription": {
          "id": "Sanitized",
          "state": "disabled",
          "subscribedContentTypes": [
            "audio"
          ]
        }
      }
    },
    {
      "RequestUri": "https://sanitized.skype.com/calling/callConnections:answer?api-version=2025-08-15-preview",
      "RequestMethod": "POST",
      "RequestHeaders": {
        "Accept": "application/json",
        "Authorization": "Sanitized",
        "Content-Length": "191",
        "Content-Type": "application/json",
        "Repeatability-First-Sent": "Sanitized",
        "Repeatability-Request-ID": "Sanitized",
        "traceparent": "00-0b417371b93dad29975263ef89f8f4d1-99c9704211e267d6-00",
        "User-Agent": "azsdk-net-Communication.CallAutomation/1.6.0-alpha.20250724.1 (.NET 8.0.18; Microsoft Windows 10.0.26100)",
        "X-FORWARDED-HOST": "Sanitized",
        "x-ms-client-request-id": "Sanitized",
        "x-ms-content-sha256": "Sanitized",
        "x-ms-date": "Thu, 24 Jul 2025 09:49:42 GMT",
        "x-ms-return-client-request-id": "true"
      },
      "RequestBody": {
        "incomingCallContext": "Sanitized",
        "callbackUri": "https://sanitized.skype.com/api/servicebuscallback/events?q=SanitizedSanitized",
        "callIntelligenceOptions": {},
        "answeredBy": {
          "id": "Sanitized"
        }
      },
      "StatusCode": 200,
      "ResponseHeaders": {
        "api-supported-versions": "2023-06-15-preview, 2024-01-22-preview, 2024-06-15-preview, 2024-11-15-preview, 2025-03-30-preview, 2025-08-15-preview",
        "Content-Type": "application/json; charset=utf-8",
        "Date": "Thu, 24 Jul 2025 09:49:43 GMT",
        "Server": "Kestrel",
        "Transfer-Encoding": "chunked",
        "X-Microsoft-Skype-Chain-ID": "51328e53-06cd-45dd-a435-02642f210c48",
        "X-Microsoft-Skype-Client": "azsdk-net-Communication.CallAutomation/1.6.0-alpha.20250724.1 (.NET 8.0.18; Microsoft Windows 10.0.26100)",
        "x-ms-client-request-id": "Sanitized",
        "X-Ms-Client-Version": "azsdk-net-Communication.CallAutomation/1.6.0-alpha.20250724.1 (.NET 8.0.18; Microsoft Windows 10.0.26100)"
      },
      "ResponseBody": {
        "callConnectionId": "03009180-8836-4ea1-b0bf-bcd8c67e9791",
        "serverCallId": "aHR0cHM6Ly9hcGkuZmxpZ2h0cHJveHkuc2t5cGUuY29tL2FwaS92Mi9jcC9jb252LXVzd2UtMDEtc2RmLWFrcy5jb252LnNreXBlLmNvbS9jb252L2QzbnhjLWJsX0VtU1k3ckdsWHhOMmc/aT0xMC0xMjgtMTUtMzImZT02Mzg4ODg5Mzg3MjY2Mjg0NzQ=",
        "targets": [
          {
            "rawId": "Sanitized",
            "kind": "communicationUser",
            "communicationUser": {
              "id": "Sanitized"
            }
          }
        ],
        "callConnectionState": "connecting",
        "callbackUri": "https://sanitized.skype.com/api/servicebuscallback/events?q=SanitizedSanitized",
        "source": {
          "rawId": "Sanitized",
          "kind": "communicationUser",
          "communicationUser": {
            "id": "Sanitized"
          }
        },
        "correlationId": "51328e53-06cd-45dd-a435-02642f210c48",
        "answeredBy": {
          "id": "Sanitized"
        },
        "mediaStreamingSubscription": {
          "id": "Sanitized",
          "state": "disabled",
          "subscribedContentTypes": [
            "audio"
          ]
        }
      }
    },
    {
      "RequestUri": "https://sanitized.skype.com/calling/callConnections/03009180-a885-4e44-a606-c5718d22310b:startTranscription?api-version=2025-08-15-preview",
      "RequestMethod": "POST",
      "RequestHeaders": {
        "Accept": "application/json",
        "Authorization": "Sanitized",
        "Content-Length": "49",
        "Content-Type": "application/json",
        "User-Agent": "azsdk-net-Communication.CallAutomation/1.6.0-alpha.20250724.1 (.NET 8.0.18; Microsoft Windows 10.0.26100)",
        "X-FORWARDED-HOST": "Sanitized",
        "x-ms-client-request-id": "Sanitized",
        "x-ms-content-sha256": "Sanitized",
        "x-ms-date": "Thu, 24 Jul 2025 09:49:44 GMT",
        "x-ms-return-client-request-id": "true"
      },
      "RequestBody": {
        "locale": "en-CA",
        "operationContext": "Sanitized"
      },
      "StatusCode": 202,
      "ResponseHeaders": {
        "api-supported-versions": "2023-06-15-preview, 2024-01-22-preview, 2024-06-15-preview, 2024-11-15-preview, 2025-03-30-preview, 2025-08-15-preview",
        "Content-Type": "application/json; charset=utf-8",
        "Date": "Thu, 24 Jul 2025 09:49:45 GMT",
        "Server": "Kestrel",
        "Transfer-Encoding": "chunked",
        "X-Microsoft-Skype-Chain-ID": "51328e53-06cd-45dd-a435-02642f210c48",
        "X-Microsoft-Skype-Client": "azsdk-net-Communication.CallAutomation/1.6.0-alpha.20250724.1 (.NET 8.0.18; Microsoft Windows 10.0.26100)",
        "x-ms-client-request-id": "Sanitized",
        "X-Ms-Client-Version": "azsdk-net-Communication.CallAutomation/1.6.0-alpha.20250724.1 (.NET 8.0.18; Microsoft Windows 10.0.26100)"
      },
      "ResponseBody": {
        "operationContext": "Sanitized",
        "subscriptionId": "0c417d7d-f192-4946-8b49-0f3a9d9ce553"
      }
    },
    {
      "RequestUri": "https://sanitized.skype.com/calling/callConnections/03009180-a885-4e44-a606-c5718d22310b:play?api-version=2025-08-15-preview",
      "RequestMethod": "POST",
      "RequestHeaders": {
        "Accept": "application/json",
        "Authorization": "Sanitized",
        "Content-Length": "239",
        "Content-Type": "application/json",
        "User-Agent": "azsdk-net-Communication.CallAutomation/1.6.0-alpha.20250724.1 (.NET 8.0.18; Microsoft Windows 10.0.26100)",
        "X-FORWARDED-HOST": "Sanitized",
        "x-ms-client-request-id": "Sanitized",
        "x-ms-content-sha256": "Sanitized",
        "x-ms-date": "Thu, 24 Jul 2025 09:49:48 GMT",
        "x-ms-return-client-request-id": "true"
      },
      "RequestBody": {
        "playSources": [
          {
            "kind": "text",
            "text": {
              "text": "Hello, this is live test",
              "voiceKind": "male",
              "voiceName": "en-US-ElizabethNeural"
            }
          }
        ],
        "playTo": [],
        "interruptCallMediaOperation": false,
        "playOptions": {
          "loop": false
        },
        "operationContext": "Sanitized"
      },
      "StatusCode": 202,
      "ResponseHeaders": {
        "api-supported-versions": "2023-06-15-preview, 2024-01-22-preview, 2024-06-15-preview, 2024-11-15-preview, 2025-03-30-preview, 2025-08-15-preview",
        "Content-Length": "0",
        "Date": "Thu, 24 Jul 2025 09:49:48 GMT",
        "Server": "Kestrel",
        "X-Microsoft-Skype-Chain-ID": "51328e53-06cd-45dd-a435-02642f210c48",
        "X-Microsoft-Skype-Client": "azsdk-net-Communication.CallAutomation/1.6.0-alpha.20250724.1 (.NET 8.0.18; Microsoft Windows 10.0.26100)",
        "x-ms-client-request-id": "Sanitized",
        "X-Ms-Client-Version": "azsdk-net-Communication.CallAutomation/1.6.0-alpha.20250724.1 (.NET 8.0.18; Microsoft Windows 10.0.26100)"
      },
      "ResponseBody": null
    },
    {
      "RequestUri": "https://sanitized.skype.com/calling/callConnections/03009180-a885-4e44-a606-c5718d22310b?api-version=2025-08-15-preview",
      "RequestMethod": "GET",
      "RequestHeaders": {
        "Accept": "application/json",
        "Authorization": "Sanitized",
        "User-Agent": "azsdk-net-Communication.CallAutomation/1.6.0-alpha.20250724.1 (.NET 8.0.18; Microsoft Windows 10.0.26100)",
        "X-FORWARDED-HOST": "Sanitized",
        "x-ms-client-request-id": "Sanitized",
        "x-ms-content-sha256": "Sanitized",
        "x-ms-date": "Thu, 24 Jul 2025 09:49:48 GMT",
        "x-ms-return-client-request-id": "true"
      },
      "RequestBody": null,
      "StatusCode": 200,
      "ResponseHeaders": {
        "api-supported-versions": "2023-06-15-preview, 2024-01-22-preview, 2024-06-15-preview, 2024-11-15-preview, 2025-03-30-preview, 2025-08-15-preview",
        "Content-Type": "application/json; charset=utf-8",
        "Date": "Thu, 24 Jul 2025 09:49:49 GMT",
        "Server": "Kestrel",
        "Transfer-Encoding": "chunked",
        "X-Microsoft-Skype-Chain-ID": "51328e53-06cd-45dd-a435-02642f210c48",
        "X-Microsoft-Skype-Client": "azsdk-net-Communication.CallAutomation/1.6.0-alpha.20250724.1 (.NET 8.0.18; Microsoft Windows 10.0.26100)",
        "x-ms-client-request-id": "Sanitized",
        "X-Ms-Client-Version": "azsdk-net-Communication.CallAutomation/1.6.0-alpha.20250724.1 (.NET 8.0.18; Microsoft Windows 10.0.26100)"
      },
      "ResponseBody": {
        "callConnectionId": "03009180-a885-4e44-a606-c5718d22310b",
        "serverCallId": "aHR0cHM6Ly9hcGkuZmxpZ2h0cHJveHkuc2t5cGUuY29tL2FwaS92Mi9jcC9jb252LXVzd2UtMDEtc2RmLWFrcy5jb252LnNreXBlLmNvbS9jb252L2QzbnhjLWJsX0VtU1k3ckdsWHhOMmc/aT0xMC0xMjgtMTUtMzImZT02Mzg4ODg5Mzg3MjY2Mjg0NzQ=",
        "targets": [
          {
            "rawId": "Sanitized",
            "kind": "communicationUser",
            "communicationUser": {
              "id": "Sanitized"
            }
          }
        ],
        "callConnectionState": "connected",
        "callbackUri": "https://sanitized.skype.com/api/servicebuscallback/events?q=SanitizedSanitized",
        "sourceDisplayName": "",
        "source": {
          "rawId": "Sanitized",
          "kind": "communicationUser",
          "communicationUser": {
            "id": "Sanitized"
          }
        },
        "correlationId": "51328e53-06cd-45dd-a435-02642f210c48",
        "mediaStreamingSubscription": {
          "state": "disabled"
        },
        "transcriptionSubscription": {
          "id": "Sanitized",
          "state": "active",
          "subscribedResultTypes": [
            "final"
          ],
          "locale": "en-CA"
        }
      }
    },
    {
      "RequestUri": "https://sanitized.skype.com/calling/callConnections/03009180-a885-4e44-a606-c5718d22310b:updateTranscription?api-version=2025-08-15-preview",
      "RequestMethod": "POST",
      "RequestHeaders": {
        "Accept": "application/json",
        "Authorization": "Sanitized",
        "Content-Length": "49",
        "Content-Type": "application/json",
        "User-Agent": "azsdk-net-Communication.CallAutomation/1.6.0-alpha.20250724.1 (.NET 8.0.18; Microsoft Windows 10.0.26100)",
        "X-FORWARDED-HOST": "Sanitized",
        "x-ms-client-request-id": "Sanitized",
        "x-ms-content-sha256": "Sanitized",
        "x-ms-date": "Thu, 24 Jul 2025 09:49:48 GMT",
        "x-ms-return-client-request-id": "true"
      },
      "RequestBody": {
        "locale": "en-US",
        "operationContext": "Sanitized"
      },
      "StatusCode": 202,
      "ResponseHeaders": {
        "api-supported-versions": "2023-06-15-preview, 2024-01-22-preview, 2024-06-15-preview, 2024-11-15-preview, 2025-03-30-preview, 2025-08-15-preview",
        "Content-Length": "0",
        "Date": "Thu, 24 Jul 2025 09:49:49 GMT",
        "Server": "Kestrel",
        "X-Microsoft-Skype-Chain-ID": "51328e53-06cd-45dd-a435-02642f210c48",
        "X-Microsoft-Skype-Client": "azsdk-net-Communication.CallAutomation/1.6.0-alpha.20250724.1 (.NET 8.0.18; Microsoft Windows 10.0.26100)",
        "x-ms-client-request-id": "Sanitized",
        "X-Ms-Client-Version": "azsdk-net-Communication.CallAutomation/1.6.0-alpha.20250724.1 (.NET 8.0.18; Microsoft Windows 10.0.26100)"
      },
      "ResponseBody": null
    },
    {
      "RequestUri": "https://sanitized.skype.com/calling/callConnections/03009180-a885-4e44-a606-c5718d22310b?api-version=2025-08-15-preview",
      "RequestMethod": "GET",
      "RequestHeaders": {
        "Accept": "application/json",
        "Authorization": "Sanitized",
        "User-Agent": "azsdk-net-Communication.CallAutomation/1.6.0-alpha.20250724.1 (.NET 8.0.18; Microsoft Windows 10.0.26100)",
        "X-FORWARDED-HOST": "Sanitized",
        "x-ms-client-request-id": "Sanitized",
        "x-ms-content-sha256": "Sanitized",
        "x-ms-date": "Thu, 24 Jul 2025 09:49:51 GMT",
        "x-ms-return-client-request-id": "true"
      },
      "RequestBody": null,
      "StatusCode": 200,
      "ResponseHeaders": {
        "api-supported-versions": "2023-06-15-preview, 2024-01-22-preview, 2024-06-15-preview, 2024-11-15-preview, 2025-03-30-preview, 2025-08-15-preview",
        "Content-Type": "application/json; charset=utf-8",
        "Date": "Thu, 24 Jul 2025 09:49:51 GMT",
        "Server": "Kestrel",
        "Transfer-Encoding": "chunked",
        "X-Microsoft-Skype-Chain-ID": "51328e53-06cd-45dd-a435-02642f210c48",
        "X-Microsoft-Skype-Client": "azsdk-net-Communication.CallAutomation/1.6.0-alpha.20250724.1 (.NET 8.0.18; Microsoft Windows 10.0.26100)",
        "x-ms-client-request-id": "Sanitized",
        "X-Ms-Client-Version": "azsdk-net-Communication.CallAutomation/1.6.0-alpha.20250724.1 (.NET 8.0.18; Microsoft Windows 10.0.26100)"
      },
      "ResponseBody": {
        "callConnectionId": "03009180-a885-4e44-a606-c5718d22310b",
        "serverCallId": "aHR0cHM6Ly9hcGkuZmxpZ2h0cHJveHkuc2t5cGUuY29tL2FwaS92Mi9jcC9jb252LXVzd2UtMDEtc2RmLWFrcy5jb252LnNreXBlLmNvbS9jb252L2QzbnhjLWJsX0VtU1k3ckdsWHhOMmc/aT0xMC0xMjgtMTUtMzImZT02Mzg4ODg5Mzg3MjY2Mjg0NzQ=",
        "targets": [
          {
            "rawId": "Sanitized",
            "kind": "communicationUser",
            "communicationUser": {
              "id": "Sanitized"
            }
          }
        ],
        "callConnectionState": "connected",
        "callbackUri": "https://sanitized.skype.com/api/servicebuscallback/events?q=SanitizedSanitized",
        "sourceDisplayName": "",
        "source": {
          "rawId": "Sanitized",
          "kind": "communicationUser",
          "communicationUser": {
            "id": "Sanitized"
          }
        },
        "correlationId": "51328e53-06cd-45dd-a435-02642f210c48",
        "mediaStreamingSubscription": {
          "state": "disabled"
        },
        "transcriptionSubscription": {
          "id": "Sanitized",
          "state": "active",
          "subscribedResultTypes": [
            "final"
          ],
          "locale": "en-US"
        }
      }
    },
    {
      "RequestUri": "https://sanitized.skype.com/calling/callConnections/03009180-a885-4e44-a606-c5718d22310b:stopTranscription?api-version=2025-08-15-preview",
      "RequestMethod": "POST",
      "RequestHeaders": {
        "Accept": "application/json",
        "Authorization": "Sanitized",
        "Content-Length": "32",
        "Content-Type": "application/json",
        "User-Agent": "azsdk-net-Communication.CallAutomation/1.6.0-alpha.20250724.1 (.NET 8.0.18; Microsoft Windows 10.0.26100)",
        "X-FORWARDED-HOST": "Sanitized",
        "x-ms-client-request-id": "Sanitized",
        "x-ms-content-sha256": "Sanitized",
        "x-ms-date": "Thu, 24 Jul 2025 09:49:51 GMT",
        "x-ms-return-client-request-id": "true"
      },
      "RequestBody": {
        "operationContext": "Sanitized"
      },
      "StatusCode": 202,
      "ResponseHeaders": {
        "api-supported-versions": "2023-06-15-preview, 2024-01-22-preview, 2024-06-15-preview, 2024-11-15-preview, 2025-03-30-preview, 2025-08-15-preview",
        "Content-Type": "application/json; charset=utf-8",
        "Date": "Thu, 24 Jul 2025 09:49:52 GMT",
        "Server": "Kestrel",
        "Transfer-Encoding": "chunked",
        "X-Microsoft-Skype-Chain-ID": "51328e53-06cd-45dd-a435-02642f210c48",
        "X-Microsoft-Skype-Client": "azsdk-net-Communication.CallAutomation/1.6.0-alpha.20250724.1 (.NET 8.0.18; Microsoft Windows 10.0.26100)",
        "x-ms-client-request-id": "Sanitized",
        "X-Ms-Client-Version": "azsdk-net-Communication.CallAutomation/1.6.0-alpha.20250724.1 (.NET 8.0.18; Microsoft Windows 10.0.26100)"
      },
      "ResponseBody": {
        "operationContext": "Sanitized",
        "subscriptionId": "0c417d7d-f192-4946-8b49-0f3a9d9ce553"
      }
    },
    {
      "RequestUri": "https://sanitized.skype.com/calling/callConnections/03009180-a885-4e44-a606-c5718d22310b?api-version=2025-08-15-preview",
      "RequestMethod": "GET",
      "RequestHeaders": {
        "Accept": "application/json",
        "Authorization": "Sanitized",
        "User-Agent": "azsdk-net-Communication.CallAutomation/1.6.0-alpha.20250724.1 (.NET 8.0.18; Microsoft Windows 10.0.26100)",
        "X-FORWARDED-HOST": "Sanitized",
        "x-ms-client-request-id": "Sanitized",
        "x-ms-content-sha256": "Sanitized",
        "x-ms-date": "Thu, 24 Jul 2025 09:49:54 GMT",
        "x-ms-return-client-request-id": "true"
      },
      "RequestBody": null,
      "StatusCode": 200,
      "ResponseHeaders": {
        "api-supported-versions": "2023-06-15-preview, 2024-01-22-preview, 2024-06-15-preview, 2024-11-15-preview, 2025-03-30-preview, 2025-08-15-preview",
        "Content-Type": "application/json; charset=utf-8",
        "Date": "Thu, 24 Jul 2025 09:49:55 GMT",
        "Server": "Kestrel",
        "Transfer-Encoding": "chunked",
        "X-Microsoft-Skype-Chain-ID": "51328e53-06cd-45dd-a435-02642f210c48",
        "X-Microsoft-Skype-Client": "azsdk-net-Communication.CallAutomation/1.6.0-alpha.20250724.1 (.NET 8.0.18; Microsoft Windows 10.0.26100)",
        "x-ms-client-request-id": "Sanitized",
        "X-Ms-Client-Version": "azsdk-net-Communication.CallAutomation/1.6.0-alpha.20250724.1 (.NET 8.0.18; Microsoft Windows 10.0.26100)"
      },
      "ResponseBody": {
        "callConnectionId": "03009180-a885-4e44-a606-c5718d22310b",
        "serverCallId": "aHR0cHM6Ly9hcGkuZmxpZ2h0cHJveHkuc2t5cGUuY29tL2FwaS92Mi9jcC9jb252LXVzd2UtMDEtc2RmLWFrcy5jb252LnNreXBlLmNvbS9jb252L2QzbnhjLWJsX0VtU1k3ckdsWHhOMmc/aT0xMC0xMjgtMTUtMzImZT02Mzg4ODg5Mzg3MjY2Mjg0NzQ=",
        "targets": [
          {
            "rawId": "Sanitized",
            "kind": "communicationUser",
            "communicationUser": {
              "id": "Sanitized"
            }
          }
        ],
        "callConnectionState": "connected",
        "callbackUri": "https://sanitized.skype.com/api/servicebuscallback/events?q=SanitizedSanitized",
        "sourceDisplayName": "",
        "source": {
          "rawId": "Sanitized",
          "kind": "communicationUser",
          "communicationUser": {
            "id": "Sanitized"
          }
        },
        "correlationId": "51328e53-06cd-45dd-a435-02642f210c48",
        "mediaStreamingSubscription": {
          "state": "disabled"
        },
        "transcriptionSubscription": {
          "id": "Sanitized",
          "state": "inactive",
          "subscribedResultTypes": [
            "final"
          ],
          "locale": "en-CA"
        }
      }
    },
    {
      "RequestUri": "https://sanitized.skype.com/calling/callConnections/03009180-a885-4e44-a606-c5718d22310b:terminate?api-version=2025-08-15-preview",
      "RequestMethod": "POST",
      "RequestHeaders": {
        "Accept": "application/json",
        "Authorization": "Sanitized",
        "Content-Length": "0",
        "Repeatability-First-Sent": "Sanitized",
        "Repeatability-Request-ID": "Sanitized",
        "User-Agent": "azsdk-net-Communication.CallAutomation/1.6.0-alpha.20250724.1 (.NET 8.0.18; Microsoft Windows 10.0.26100)",
        "X-FORWARDED-HOST": "Sanitized",
        "x-ms-client-request-id": "Sanitized",
        "x-ms-content-sha256": "Sanitized",
        "x-ms-date": "Thu, 24 Jul 2025 09:49:55 GMT",
        "x-ms-return-client-request-id": "true"
      },
      "RequestBody": null,
      "StatusCode": 204,
      "ResponseHeaders": {
        "api-supported-versions": "2023-06-15-preview, 2024-01-22-preview, 2024-06-15-preview, 2024-11-15-preview, 2025-03-30-preview, 2025-08-15-preview",
        "Date": "Thu, 24 Jul 2025 09:49:55 GMT",
        "Repeatability-Result": "accepted",
        "Server": "Kestrel",
        "X-Microsoft-Skype-Chain-ID": "51328e53-06cd-45dd-a435-02642f210c48",
        "X-Microsoft-Skype-Client": "azsdk-net-Communication.CallAutomation/1.6.0-alpha.20250724.1 (.NET 8.0.18; Microsoft Windows 10.0.26100)",
        "x-ms-client-request-id": "Sanitized",
        "X-Ms-Client-Version": "azsdk-net-Communication.CallAutomation/1.6.0-alpha.20250724.1 (.NET 8.0.18; Microsoft Windows 10.0.26100)"
      },
      "ResponseBody": null
    },
    {
      "RequestUri": "https://sanitized.skype.com/calling/callConnections/03009180-a885-4e44-a606-c5718d22310b?api-version=2025-08-15-preview",
      "RequestMethod": "GET",
      "RequestHeaders": {
        "Accept": "application/json",
        "Authorization": "Sanitized",
        "User-Agent": "azsdk-net-Communication.CallAutomation/1.6.0-alpha.20250724.1 (.NET 8.0.18; Microsoft Windows 10.0.26100)",
        "X-FORWARDED-HOST": "Sanitized",
        "x-ms-client-request-id": "Sanitized",
        "x-ms-content-sha256": "Sanitized",
        "x-ms-date": "Thu, 24 Jul 2025 09:49:56 GMT",
        "x-ms-return-client-request-id": "true"
      },
      "RequestBody": null,
      "StatusCode": 404,
      "ResponseHeaders": {
        "api-supported-versions": "2023-06-15-preview, 2024-01-22-preview, 2024-06-15-preview, 2024-11-15-preview, 2025-03-30-preview, 2025-08-15-preview",
        "Content-Type": "application/json; charset=utf-8",
        "Date": "Thu, 24 Jul 2025 09:49:56 GMT",
        "Server": "Kestrel",
        "Transfer-Encoding": "chunked",
        "X-Microsoft-Skype-Chain-ID": "7feca6a0-a910-4360-92f3-4fa7cb541879",
        "X-Microsoft-Skype-Client": "azsdk-net-Communication.CallAutomation/1.6.0-alpha.20250724.1 (.NET 8.0.18; Microsoft Windows 10.0.26100)",
        "x-ms-client-request-id": "Sanitized",
        "X-Ms-Client-Version": "azsdk-net-Communication.CallAutomation/1.6.0-alpha.20250724.1 (.NET 8.0.18; Microsoft Windows 10.0.26100)"
      },
      "ResponseBody": {
        "error": {
          "code": "8522",
          "message": "Call not found.",
          "target": "/calling/callConnections/03009180-a885-4e44-a606-c5718d22310b"
        }
      }
    },
    {
      "RequestUri": "https://sanitized.skype.com/api/servicebuscallback/unsubscribe?q=Sanitized",
      "RequestMethod": "POST",
      "RequestHeaders": {
        "Accept": "application/json",
        "Authorization": "Sanitized",
        "Content-Length": "0",
        "User-Agent": "azsdk-net-Communication.CallAutomation/1.6.0-alpha.20250724.1 (.NET 8.0.18; Microsoft Windows 10.0.26100)",
        "x-ms-client-request-id": "Sanitized",
        "x-ms-content-sha256": "Sanitized",
        "x-ms-date": "Thu, 24 Jul 2025 09:49:56 GMT",
        "x-ms-return-client-request-id": "true"
      },
      "RequestBody": null,
      "StatusCode": 200,
      "ResponseHeaders": {
        "Content-Length": "0",
        "Date": "Thu, 24 Jul 2025 09:49:58 GMT",
        "Server": "Microsoft-IIS/10.0",
        "X-Powered-By": "ASP.NET"
      },
      "ResponseBody": null
    }
  ],
  "Variables": {
    "COGNITIVE_SERVICE_ENDPOINT": "https://sanitized.skype.com",
    "COMMUNICATION_LIVETEST_STATIC_CONNECTION_STRING": "endpoint=https://sanitized.communication.azure.com/;accesskey=Kg==",
    "DISPATCHER_ENDPOINT": "https://sanitized.skype.com",
    "PMA_Endpoint": "https://sanitized.com",
    "RandomSeed": "341318427",
    "SERVICEBUS_STRING": "Sanitized",
    "TRANSPORT_URL": "https://sanitized.skype.com"
  }
}
