{
  "Entries": [
    {
      "RequestUri": "https://sanitized.skype.com/identities?api-version=2023-10-01",
      "RequestMethod": "POST",
      "RequestHeaders": {
        "Accept": "application/json",
        "Authorization": "Sanitized",
        "Content-Length": "2",
        "Content-Type": "application/json",
        "traceparent": "00-b2c005cf8272024f1ac92bb725a290f1-ed8ee3bb576c3983-00",
        "User-Agent": "azsdk-net-Communication.Identity/1.4.0-alpha.20250715.1 (.NET 8.0.18; Microsoft Windows 10.0.26100)",
        "x-ms-client-request-id": "Sanitized",
        "x-ms-content-sha256": "Sanitized",
        "x-ms-date": "Tue, 15 Jul 2025 09:45:16 GMT",
        "x-ms-return-client-request-id": "true"
      },
      "RequestBody": {},
      "StatusCode": 201,
      "ResponseHeaders": {
        "api-supported-versions": "2020-07-20-preview2, 2021-03-07, 2021-10-31-preview, 2021-11-01, 2022-06-01, 2022-10-01, 2023-10-01, 2025-03-02-preview, 2025-06-30",
        "Connection": "keep-alive",
        "Content-Length": "31",
        "Content-Type": "application/json; charset=utf-8",
        "Date": "Tue, 15 Jul 2025 09:45:16 GMT",
        "MS-CV": "Sanitized",
        "Request-Context": "appId=",
        "Strict-Transport-Security": "max-age=31536000;includeSubDomains",
        "x-azure-ref": "Sanitized",
        "X-Cache": "CONFIG_NOCACHE",
        "x-ms-client-request-id": "Sanitized",
        "X-Processing-Time": "15ms"
      },
      "ResponseBody": {
        "identity": {
          "id": "Sanitized"
        }
      }
    },
    {
      "RequestUri": "https://sanitized.skype.com/identities?api-version=2023-10-01",
      "RequestMethod": "POST",
      "RequestHeaders": {
        "Accept": "application/json",
        "Authorization": "Sanitized",
        "Content-Length": "2",
        "Content-Type": "application/json",
        "traceparent": "00-d41774e14b88164ff2cd6ed9a932641e-555929b3132bee66-00",
        "User-Agent": "azsdk-net-Communication.Identity/1.4.0-alpha.20250715.1 (.NET 8.0.18; Microsoft Windows 10.0.26100)",
        "x-ms-client-request-id": "Sanitized",
        "x-ms-content-sha256": "Sanitized",
        "x-ms-date": "Tue, 15 Jul 2025 09:45:16 GMT",
        "x-ms-return-client-request-id": "true"
      },
      "RequestBody": {},
      "StatusCode": 201,
      "ResponseHeaders": {
        "api-supported-versions": "2020-07-20-preview2, 2021-03-07, 2021-10-31-preview, 2021-11-01, 2022-06-01, 2022-10-01, 2023-10-01, 2025-03-02-preview, 2025-06-30",
        "Connection": "keep-alive",
        "Content-Length": "31",
        "Content-Type": "application/json; charset=utf-8",
        "Date": "Tue, 15 Jul 2025 09:45:16 GMT",
        "MS-CV": "Sanitized",
        "Request-Context": "appId=",
        "Strict-Transport-Security": "max-age=31536000;includeSubDomains",
        "x-azure-ref": "Sanitized",
        "X-Cache": "CONFIG_NOCACHE",
        "x-ms-client-request-id": "Sanitized",
        "X-Processing-Time": "14ms"
      },
      "ResponseBody": {
        "identity": {
          "id": "Sanitized"
        }
      }
    },
    {
      "RequestUri": "https://sanitized.skype.com/api/servicebuscallback/subscribe?q=Sanitized",
      "RequestMethod": "POST",
      "RequestHeaders": {
        "Accept": "application/json",
        "Authorization": "Sanitized",
        "Content-Length": "0",
        "User-Agent": "azsdk-net-Communication.CallAutomation/1.6.0-alpha.20250715.1 (.NET 8.0.18; Microsoft Windows 10.0.26100)",
        "x-ms-client-request-id": "Sanitized",
        "x-ms-content-sha256": "Sanitized",
        "x-ms-date": "Tue, 15 Jul 2025 09:45:17 GMT",
        "x-ms-return-client-request-id": "true"
      },
      "RequestBody": null,
      "StatusCode": 200,
      "ResponseHeaders": {
        "Content-Length": "0",
        "Date": "Tue, 15 Jul 2025 09:45:17 GMT",
        "Server": "Microsoft-IIS/10.0",
        "X-Powered-By": "ASP.NET"
      },
      "ResponseBody": null
    },
    {
      "RequestUri": "https://sanitized.skype.com/calling/callConnections?api-version=2024-09-01-preview",
      "RequestMethod": "POST",
      "RequestHeaders": {
        "Accept": "application/json",
        "Authorization": "Sanitized",
        "Content-Length": "239",
        "Content-Type": "application/json",
        "Repeatability-First-Sent": "Sanitized",
        "Repeatability-Request-ID": "Sanitized",
        "traceparent": "00-cb7e73d28bfa36fd58b3711273f7fe8a-bffcad22a5291e75-00",
        "User-Agent": "azsdk-net-Communication.CallAutomation/1.6.0-alpha.20250715.1 (.NET 8.0.18; Microsoft Windows 10.0.26100)",
        "X-FORWARDED-HOST": "Sanitized",
        "x-ms-client-request-id": "Sanitized",
        "x-ms-content-sha256": "Sanitized",
        "x-ms-date": "Tue, 15 Jul 2025 09:45:19 GMT",
        "x-ms-return-client-request-id": "true"
      },
      "RequestBody": {
        "targets": [
          {
            "rawId": "Sanitized",
            "communicationUser": {
              "id": "Sanitized"
            }
          }
        ],
        "source": {
          "id": "Sanitized"
        },
        "callbackUri": "https://sanitized.skype.com/api/servicebuscallback/events?q=SanitizedSanitized",
        "customCallingContext": {
          "voipHeaders": {}
        }
      },
      "StatusCode": 201,
      "ResponseHeaders": {
        "api-supported-versions": "2023-10-03-preview, 2024-09-01-preview",
        "Content-Type": "application/json; charset=utf-8",
        "Date": "Tue, 15 Jul 2025 09:45:18 GMT",
        "Server": "Kestrel",
        "Transfer-Encoding": "chunked",
        "X-Microsoft-Skype-Chain-ID": "d4a109d6-0409-4382-bfa7-5491ee2f665e",
        "X-Microsoft-Skype-Client": "azsdk-net-Communication.CallAutomation/1.6.0-alpha.20250715.1 (.NET 8.0.18; Microsoft Windows 10.0.26100)",
        "x-ms-client-request-id": "Sanitized",
        "X-Ms-Client-Version": "azsdk-net-Communication.CallAutomation/1.6.0-alpha.20250715.1 (.NET 8.0.18; Microsoft Windows 10.0.26100)"
      },
      "ResponseBody": {
        "callConnectionId": "09004480-224a-4395-bff4-0338d96a153f",
        "targets": [
          {
            "rawId": "Sanitized",
            "kind": "communicationUser",
            "communicationUser": {
              "id": "Sanitized"
            }
          }
        ],
        "callConnectionState": "connecting",
        "callbackUri": "https://sanitized.skype.com/api/servicebuscallback/events?q=SanitizedSanitized",
        "sourceDisplayName": "",
        "source": {
          "rawId": "Sanitized",
          "kind": "communicationUser",
          "communicationUser": {
            "id": "Sanitized"
          }
        },
        "correlationId": "d4a109d6-0409-4382-bfa7-5491ee2f665e",
        "mediaSubscriptionId": "8cc1e282-d200-4dc7-ab91-601435ad982a",
        "dataSubscriptionId": "820e0e55-d218-48c0-ae54-a22aab5f52b8",
        "mediaStreamingSubscription": {
          "id": "Sanitized",
          "state": "disabled",
          "subscribedContentTypes": [
            "audio"
          ]
        }
      }
    },
    {
      "RequestUri": "https://sanitized.skype.com/calling/callConnections:answer?api-version=2024-09-01-preview",
      "RequestMethod": "POST",
      "RequestHeaders": {
        "Accept": "application/json",
        "Authorization": "Sanitized",
        "Content-Length": "220",
        "Content-Type": "application/json",
        "Repeatability-First-Sent": "Sanitized",
        "Repeatability-Request-ID": "Sanitized",
        "traceparent": "00-8bce211ec1568f813f229aaa53bd4dbe-0cd308f27182a31d-00",
        "User-Agent": "azsdk-net-Communication.CallAutomation/1.6.0-alpha.20250715.1 (.NET 8.0.18; Microsoft Windows 10.0.26100)",
        "X-FORWARDED-HOST": "Sanitized",
        "x-ms-client-request-id": "Sanitized",
        "x-ms-content-sha256": "Sanitized",
        "x-ms-date": "Tue, 15 Jul 2025 09:45:21 GMT",
        "x-ms-return-client-request-id": "true"
      },
      "RequestBody": {
        "incomingCallContext": "Sanitized",
        "callbackUri": "https://sanitized.skype.com/api/servicebuscallback/events?q=SanitizedSanitized",
        "customCallingContext": {
          "voipHeaders": {},
          "sipHeaders": {}
        },
        "answeredBy": {
          "id": "Sanitized"
        }
      },
      "StatusCode": 200,
      "ResponseHeaders": {
        "api-supported-versions": "2023-10-03-preview, 2024-09-01-preview",
        "Content-Type": "application/json; charset=utf-8",
        "Date": "Tue, 15 Jul 2025 09:45:20 GMT",
        "Server": "Kestrel",
        "Transfer-Encoding": "chunked",
        "X-Microsoft-Skype-Chain-ID": "d4a109d6-0409-4382-bfa7-5491ee2f665e",
        "X-Microsoft-Skype-Client": "azsdk-net-Communication.CallAutomation/1.6.0-alpha.20250715.1 (.NET 8.0.18; Microsoft Windows 10.0.26100)",
        "x-ms-client-request-id": "Sanitized",
        "X-Ms-Client-Version": "azsdk-net-Communication.CallAutomation/1.6.0-alpha.20250715.1 (.NET 8.0.18; Microsoft Windows 10.0.26100)"
      },
      "ResponseBody": {
        "callConnectionId": "09004480-0adf-4fd4-8431-38e6101b3267",
        "serverCallId": "aHR0cHM6Ly9hcGkuZmxpZ2h0cHJveHkuc2t5cGUuY29tL2FwaS92Mi9jcC9jb252LXVhZW4tMDItcHJvZC1ha3MuY29udi5za3lwZS5jb20vY29udi85LUthN2d2bWNVbXFpRWdiUjExRHN3P2k9MTAtMTI4LTUtMTY5JmU9NjM4ODc2MDg4MjQzNzI5NzI4",
        "targets": [
          {
            "rawId": "Sanitized",
            "kind": "communicationUser",
            "communicationUser": {
              "id": "Sanitized"
            }
          }
        ],
        "callConnectionState": "connecting",
        "callbackUri": "https://sanitized.skype.com/api/servicebuscallback/events?q=SanitizedSanitized",
        "source": {
          "rawId": "Sanitized",
          "kind": "communicationUser",
          "communicationUser": {
            "id": "Sanitized"
          }
        },
        "correlationId": "d4a109d6-0409-4382-bfa7-5491ee2f665e",
        "answeredBy": {
          "id": "Sanitized"
        },
        "mediaSubscriptionId": "1e8bc6b6-6e24-405e-a589-d26853498e8f",
        "dataSubscriptionId": "c12655e3-5a9a-4d15-909c-098350c0482b",
        "mediaStreamingSubscription": {
          "id": "Sanitized",
          "state": "disabled",
          "subscribedContentTypes": [
            "audio"
          ]
        }
      }
    },
    {
      "RequestUri": "https://sanitized.skype.com/identities?api-version=2023-10-01",
      "RequestMethod": "POST",
      "RequestHeaders": {
        "Accept": "application/json",
        "Authorization": "Sanitized",
        "Content-Length": "2",
        "Content-Type": "application/json",
        "traceparent": "00-e44362db592ac74fea05bfc56d22896e-95a76ec3bdbdf72b-00",
        "User-Agent": "azsdk-net-Communication.Identity/1.4.0-alpha.20250715.1 (.NET 8.0.18; Microsoft Windows 10.0.26100)",
        "x-ms-client-request-id": "Sanitized",
        "x-ms-content-sha256": "Sanitized",
        "x-ms-date": "Tue, 15 Jul 2025 09:45:23 GMT",
        "x-ms-return-client-request-id": "true"
      },
      "RequestBody": {},
      "StatusCode": 201,
      "ResponseHeaders": {
        "api-supported-versions": "2020-07-20-preview2, 2021-03-07, 2021-10-31-preview, 2021-11-01, 2022-06-01, 2022-10-01, 2023-10-01, 2025-03-02-preview, 2025-06-30",
        "Connection": "keep-alive",
        "Content-Length": "31",
        "Content-Type": "application/json; charset=utf-8",
        "Date": "Tue, 15 Jul 2025 09:45:23 GMT",
        "MS-CV": "Sanitized",
        "Request-Context": "appId=",
        "Strict-Transport-Security": "max-age=31536000;includeSubDomains",
        "x-azure-ref": "Sanitized",
        "X-Cache": "CONFIG_NOCACHE",
        "x-ms-client-request-id": "Sanitized",
        "X-Processing-Time": "14ms"
      },
      "ResponseBody": {
        "identity": {
          "id": "Sanitized"
        }
      }
    },
    {
      "RequestUri": "https://sanitized.skype.com/calling/callConnections/09004480-224a-4395-bff4-0338d96a153f:hold?api-version=2024-09-01-preview",
      "RequestMethod": "POST",
      "RequestHeaders": {
        "Accept": "application/json",
        "Authorization": "Sanitized",
        "Content-Length": "171",
        "Content-Type": "application/json",
        "User-Agent": "azsdk-net-Communication.CallAutomation/1.6.0-alpha.20250715.1 (.NET 8.0.18; Microsoft Windows 10.0.26100)",
        "X-FORWARDED-HOST": "Sanitized",
        "x-ms-client-request-id": "Sanitized",
        "x-ms-content-sha256": "Sanitized",
        "x-ms-date": "Tue, 15 Jul 2025 09:45:24 GMT",
        "x-ms-return-client-request-id": "true"
      },
      "RequestBody": {
        "targetParticipant": {
          "rawId": "Sanitized",
          "communicationUser": {
            "id": "Sanitized"
          }
        },
        "playSourceInfo": {
          "kind": "file",
          "file": {
            "uri": "https://sanitized.skype.com/prompt.wav"
          }
        }
      },
      "StatusCode": 200,
      "ResponseHeaders": {
        "api-supported-versions": "2023-10-03-preview, 2024-09-01-preview",
        "Content-Length": "0",
        "Date": "Tue, 15 Jul 2025 09:45:24 GMT",
        "Server": "Kestrel",
        "X-Microsoft-Skype-Chain-ID": "d4a109d6-0409-4382-bfa7-5491ee2f665e",
        "X-Microsoft-Skype-Client": "azsdk-net-Communication.CallAutomation/1.6.0-alpha.20250715.1 (.NET 8.0.18; Microsoft Windows 10.0.26100)",
        "x-ms-client-request-id": "Sanitized",
        "X-Ms-Client-Version": "azsdk-net-Communication.CallAutomation/1.6.0-alpha.20250715.1 (.NET 8.0.18; Microsoft Windows 10.0.26100)"
      },
      "ResponseBody": null
    },
    {
      "RequestUri": "https://sanitized.skype.com/calling/callConnections/09004480-224a-4395-bff4-0338d96a153f/participants/Sanitized?api-version=2024-09-01-preview",
      "RequestMethod": "GET",
      "RequestHeaders": {
        "Accept": "application/json",
        "Authorization": "Sanitized",
        "User-Agent": "azsdk-net-Communication.CallAutomation/1.6.0-alpha.20250715.1 (.NET 8.0.18; Microsoft Windows 10.0.26100)",
        "X-FORWARDED-HOST": "Sanitized",
        "x-ms-client-request-id": "Sanitized",
        "x-ms-content-sha256": "Sanitized",
        "x-ms-date": "Tue, 15 Jul 2025 09:45:29 GMT",
        "x-ms-return-client-request-id": "true"
      },
      "RequestBody": null,
      "StatusCode": 200,
      "ResponseHeaders": {
        "api-supported-versions": "2023-10-03-preview, 2024-09-01-preview",
        "Content-Type": "application/json; charset=utf-8",
        "Date": "Tue, 15 Jul 2025 09:45:29 GMT",
        "Server": "Kestrel",
        "Transfer-Encoding": "chunked",
        "X-Microsoft-Skype-Chain-ID": "d4a109d6-0409-4382-bfa7-5491ee2f665e",
        "X-Microsoft-Skype-Client": "azsdk-net-Communication.CallAutomation/1.6.0-alpha.20250715.1 (.NET 8.0.18; Microsoft Windows 10.0.26100)",
        "x-ms-client-request-id": "Sanitized",
        "X-Ms-Client-Version": "azsdk-net-Communication.CallAutomation/1.6.0-alpha.20250715.1 (.NET 8.0.18; Microsoft Windows 10.0.26100)"
      },
      "ResponseBody": {
        "identifier": {
          "rawId": "Sanitized",
          "kind": "communicationUser",
          "communicationUser": {
            "id": "Sanitized"
          }
        },
        "isMuted": false,
        "isOnHold": true
      }
    },
    {
      "RequestUri": "https://sanitized.skype.com/calling/callConnections/09004480-224a-4395-bff4-0338d96a153f:interruptAudioAndAnnounce?api-version=2024-09-01-preview",
      "RequestMethod": "POST",
      "RequestHeaders": {
        "Accept": "application/json",
        "Authorization": "Sanitized",
        "Content-Length": "231",
        "Content-Type": "application/json",
        "User-Agent": "azsdk-net-Communication.CallAutomation/1.6.0-alpha.20250715.1 (.NET 8.0.18; Microsoft Windows 10.0.26100)",
        "X-FORWARDED-HOST": "Sanitized",
        "x-ms-client-request-id": "Sanitized",
        "x-ms-content-sha256": "Sanitized",
        "x-ms-date": "Tue, 15 Jul 2025 09:45:30 GMT",
        "x-ms-return-client-request-id": "true"
      },
      "RequestBody": {
        "playSources": [
          {
            "kind": "file",
            "file": {
              "uri": "https://sanitized.skype.com/prompt.wav"
            }
          },
          {
            "kind": "file",
            "file": {
              "uri": "https://sanitized.skype.com/prompt.wav"
            }
          }
        ],
        "playTo": {
          "rawId": "Sanitized",
          "communicationUser": {
            "id": "Sanitized"
          }
        }
      },
      "StatusCode": 202,
      "ResponseHeaders": {
        "api-supported-versions": "2023-10-03-preview, 2024-09-01-preview",
        "Content-Length": "0",
        "Date": "Tue, 15 Jul 2025 09:45:29 GMT",
        "Server": "Kestrel",
        "X-Microsoft-Skype-Chain-ID": "d4a109d6-0409-4382-bfa7-5491ee2f665e",
        "X-Microsoft-Skype-Client": "azsdk-net-Communication.CallAutomation/1.6.0-alpha.20250715.1 (.NET 8.0.18; Microsoft Windows 10.0.26100)",
        "x-ms-client-request-id": "Sanitized",
        "X-Ms-Client-Version": "azsdk-net-Communication.CallAutomation/1.6.0-alpha.20250715.1 (.NET 8.0.18; Microsoft Windows 10.0.26100)"
      },
      "ResponseBody": null
    },
    {
      "RequestUri": "https://sanitized.skype.com/calling/callConnections/09004480-224a-4395-bff4-0338d96a153f:unhold?api-version=2024-09-01-preview",
      "RequestMethod": "POST",
      "RequestHeaders": {
        "Accept": "application/json",
        "Authorization": "Sanitized",
        "Content-Length": "82",
        "Content-Type": "application/json",
        "User-Agent": "azsdk-net-Communication.CallAutomation/1.6.0-alpha.20250715.1 (.NET 8.0.18; Microsoft Windows 10.0.26100)",
        "X-FORWARDED-HOST": "Sanitized",
        "x-ms-client-request-id": "Sanitized",
        "x-ms-content-sha256": "Sanitized",
        "x-ms-date": "Tue, 15 Jul 2025 09:45:41 GMT",
        "x-ms-return-client-request-id": "true"
      },
      "RequestBody": {
        "targetParticipant": {
          "rawId": "Sanitized",
          "communicationUser": {
            "id": "Sanitized"
          }
        }
      },
      "StatusCode": 200,
      "ResponseHeaders": {
        "api-supported-versions": "2023-10-03-preview, 2024-09-01-preview",
        "Content-Length": "0",
        "Date": "Tue, 15 Jul 2025 09:45:41 GMT",
        "Server": "Kestrel",
        "X-Microsoft-Skype-Chain-ID": "d4a109d6-0409-4382-bfa7-5491ee2f665e",
        "X-Microsoft-Skype-Client": "azsdk-net-Communication.CallAutomation/1.6.0-alpha.20250715.1 (.NET 8.0.18; Microsoft Windows 10.0.26100)",
        "x-ms-client-request-id": "Sanitized",
        "X-Ms-Client-Version": "azsdk-net-Communication.CallAutomation/1.6.0-alpha.20250715.1 (.NET 8.0.18; Microsoft Windows 10.0.26100)"
      },
      "ResponseBody": null
    },
    {
      "RequestUri": "https://sanitized.skype.com/calling/callConnections/09004480-224a-4395-bff4-0338d96a153f/participants/Sanitized?api-version=2024-09-01-preview",
      "RequestMethod": "GET",
      "RequestHeaders": {
        "Accept": "application/json",
        "Authorization": "Sanitized",
        "User-Agent": "azsdk-net-Communication.CallAutomation/1.6.0-alpha.20250715.1 (.NET 8.0.18; Microsoft Windows 10.0.26100)",
        "X-FORWARDED-HOST": "Sanitized",
        "x-ms-client-request-id": "Sanitized",
        "x-ms-content-sha256": "Sanitized",
        "x-ms-date": "Tue, 15 Jul 2025 09:45:42 GMT",
        "x-ms-return-client-request-id": "true"
      },
      "RequestBody": null,
      "StatusCode": 200,
      "ResponseHeaders": {
        "api-supported-versions": "2023-10-03-preview, 2024-09-01-preview",
        "Content-Type": "application/json; charset=utf-8",
        "Date": "Tue, 15 Jul 2025 09:45:42 GMT",
        "Server": "Kestrel",
        "Transfer-Encoding": "chunked",
        "X-Microsoft-Skype-Chain-ID": "d4a109d6-0409-4382-bfa7-5491ee2f665e",
        "X-Microsoft-Skype-Client": "azsdk-net-Communication.CallAutomation/1.6.0-alpha.20250715.1 (.NET 8.0.18; Microsoft Windows 10.0.26100)",
        "x-ms-client-request-id": "Sanitized",
        "X-Ms-Client-Version": "azsdk-net-Communication.CallAutomation/1.6.0-alpha.20250715.1 (.NET 8.0.18; Microsoft Windows 10.0.26100)"
      },
      "ResponseBody": {
        "identifier": {
          "rawId": "Sanitized",
          "kind": "communicationUser",
          "communicationUser": {
            "id": "Sanitized"
          }
        },
        "isMuted": false,
        "isOnHold": false
      }
    },
    {
      "RequestUri": "https://sanitized.skype.com/calling/callConnections/09004480-224a-4395-bff4-0338d96a153f:terminate?api-version=2024-09-01-preview",
      "RequestMethod": "POST",
      "RequestHeaders": {
        "Accept": "application/json",
        "Authorization": "Sanitized",
        "Content-Length": "0",
        "Repeatability-First-Sent": "Sanitized",
        "Repeatability-Request-ID": "Sanitized",
        "User-Agent": "azsdk-net-Communication.CallAutomation/1.6.0-alpha.20250715.1 (.NET 8.0.18; Microsoft Windows 10.0.26100)",
        "X-FORWARDED-HOST": "Sanitized",
        "x-ms-client-request-id": "Sanitized",
        "x-ms-content-sha256": "Sanitized",
        "x-ms-date": "Tue, 15 Jul 2025 09:45:42 GMT",
        "x-ms-return-client-request-id": "true"
      },
      "RequestBody": null,
      "StatusCode": 204,
      "ResponseHeaders": {
        "api-supported-versions": "2023-10-03-preview, 2024-09-01-preview",
        "Date": "Tue, 15 Jul 2025 09:45:42 GMT",
        "Repeatability-Result": "accepted",
        "Server": "Kestrel",
        "X-Microsoft-Skype-Chain-ID": "d4a109d6-0409-4382-bfa7-5491ee2f665e",
        "X-Microsoft-Skype-Client": "azsdk-net-Communication.CallAutomation/1.6.0-alpha.20250715.1 (.NET 8.0.18; Microsoft Windows 10.0.26100)",
        "x-ms-client-request-id": "Sanitized",
        "X-Ms-Client-Version": "azsdk-net-Communication.CallAutomation/1.6.0-alpha.20250715.1 (.NET 8.0.18; Microsoft Windows 10.0.26100)"
      },
      "ResponseBody": null
    },
    {
      "RequestUri": "https://sanitized.skype.com/calling/callConnections/09004480-224a-4395-bff4-0338d96a153f?api-version=2024-09-01-preview",
      "RequestMethod": "GET",
      "RequestHeaders": {
        "Accept": "application/json",
        "Authorization": "Sanitized",
        "User-Agent": "azsdk-net-Communication.CallAutomation/1.6.0-alpha.20250715.1 (.NET 8.0.18; Microsoft Windows 10.0.26100)",
        "X-FORWARDED-HOST": "Sanitized",
        "x-ms-client-request-id": "Sanitized",
        "x-ms-content-sha256": "Sanitized",
        "x-ms-date": "Tue, 15 Jul 2025 09:45:46 GMT",
        "x-ms-return-client-request-id": "true"
      },
      "RequestBody": null,
      "StatusCode": 404,
      "ResponseHeaders": {
        "api-supported-versions": "2023-10-03-preview, 2024-09-01-preview",
        "Content-Type": "application/json; charset=utf-8",
        "Date": "Tue, 15 Jul 2025 09:45:45 GMT",
        "Server": "Kestrel",
        "Transfer-Encoding": "chunked",
        "X-Microsoft-Skype-Chain-ID": "7d51ecf0-50f7-4dad-9dfe-3fa70dbbc75a",
        "X-Microsoft-Skype-Client": "azsdk-net-Communication.CallAutomation/1.6.0-alpha.20250715.1 (.NET 8.0.18; Microsoft Windows 10.0.26100)",
        "x-ms-client-request-id": "Sanitized",
        "X-Ms-Client-Version": "azsdk-net-Communication.CallAutomation/1.6.0-alpha.20250715.1 (.NET 8.0.18; Microsoft Windows 10.0.26100)"
      },
      "ResponseBody": {
        "error": {
          "code": "8522",
          "message": "Call not found.",
          "target": "/calling/callConnections/09004480-224a-4395-bff4-0338d96a153f"
        }
      }
    },
    {
      "RequestUri": "https://sanitized.skype.com/api/servicebuscallback/unsubscribe?q=Sanitized",
      "RequestMethod": "POST",
      "RequestHeaders": {
        "Accept": "application/json",
        "Authorization": "Sanitized",
        "Content-Length": "0",
        "User-Agent": "azsdk-net-Communication.CallAutomation/1.6.0-alpha.20250715.1 (.NET 8.0.18; Microsoft Windows 10.0.26100)",
        "x-ms-client-request-id": "Sanitized",
        "x-ms-content-sha256": "Sanitized",
        "x-ms-date": "Tue, 15 Jul 2025 09:45:46 GMT",
        "x-ms-return-client-request-id": "true"
      },
      "RequestBody": null,
      "StatusCode": 200,
      "ResponseHeaders": {
        "Content-Length": "0",
        "Date": "Tue, 15 Jul 2025 09:45:46 GMT",
        "Server": "Microsoft-IIS/10.0",
        "X-Powered-By": "ASP.NET"
      },
      "ResponseBody": null
    }
  ],
  "Variables": {
    "COMMUNICATION_LIVETEST_STATIC_CONNECTION_STRING": "endpoint=https://sanitized.communication.azure.com/;accesskey=Kg==",
    "DISPATCHER_ENDPOINT": "https://sanitized.skype.com",
    "FILE_SOURCE_URL": "https://sanitized.skype.com/prompt.wav",
    "PMA_Endpoint": "https://sanitized.com",
    "RandomSeed": "1193833641",
    "SERVICEBUS_STRING": "Sanitized"
  }
}
