{
  "Entries": [
    {
      "RequestUri": "https://sanitized.skype.com/identities?api-version=2023-10-01",
      "RequestMethod": "POST",
      "RequestHeaders": {
        "Accept": "application/json",
        "Authorization": "Sanitized",
        "Content-Length": "2",
        "Content-Type": "application/json",
        "traceparent": "00-e84e540fd7af4b65992484522a1efb3c-3179fab667dbd0c9-00",
        "User-Agent": "azsdk-net-Communication.Identity/1.4.0-alpha.20250117.1 (.NET 8.0.12; Microsoft Windows 10.0.26100)",
        "x-ms-client-request-id": "Sanitized",
        "x-ms-content-sha256": "Sanitized",
        "x-ms-date": "Fri, 17 Jan 2025 18:45:24 GMT",
        "x-ms-return-client-request-id": "true"
      },
      "RequestBody": {},
      "StatusCode": 201,
      "ResponseHeaders": {
        "api-supported-versions": "2020-07-20-preview2, 2021-03-07, 2021-10-31-preview, 2021-11-01, 2022-06-01, 2022-10-01, 2023-10-01",
        "Connection": "keep-alive",
        "Content-Length": "31",
        "Content-Type": "application/json; charset=utf-8",
        "Date": "Fri, 17 Jan 2025 18:45:24 GMT",
        "MS-CV": "Sanitized",
        "Request-Context": "appId=",
        "Strict-Transport-Security": "max-age=31536000;includeSubDomains",
        "x-azure-ref": "Sanitized",
        "X-Cache": "CONFIG_NOCACHE",
        "x-ms-client-request-id": "Sanitized",
        "X-Processing-Time": "16ms"
      },
      "ResponseBody": {
        "identity": {
          "id": "Sanitized"
        }
      }
    },
    {
      "RequestUri": "https://sanitized.skype.com/identities?api-version=2023-10-01",
      "RequestMethod": "POST",
      "RequestHeaders": {
        "Accept": "application/json",
        "Authorization": "Sanitized",
        "Content-Length": "2",
        "Content-Type": "application/json",
        "traceparent": "00-a25a66f7ca18768484c288bd4168d5ac-2522d9a328a8a77e-00",
        "User-Agent": "azsdk-net-Communication.Identity/1.4.0-alpha.20250117.1 (.NET 8.0.12; Microsoft Windows 10.0.26100)",
        "x-ms-client-request-id": "Sanitized",
        "x-ms-content-sha256": "Sanitized",
        "x-ms-date": "Fri, 17 Jan 2025 18:45:24 GMT",
        "x-ms-return-client-request-id": "true"
      },
      "RequestBody": {},
      "StatusCode": 201,
      "ResponseHeaders": {
        "api-supported-versions": "2020-07-20-preview2, 2021-03-07, 2021-10-31-preview, 2021-11-01, 2022-06-01, 2022-10-01, 2023-10-01",
        "Connection": "keep-alive",
        "Content-Length": "31",
        "Content-Type": "application/json; charset=utf-8",
        "Date": "Fri, 17 Jan 2025 18:45:25 GMT",
        "MS-CV": "Sanitized",
        "Request-Context": "appId=",
        "Strict-Transport-Security": "max-age=31536000;includeSubDomains",
        "x-azure-ref": "Sanitized",
        "X-Cache": "CONFIG_NOCACHE",
        "x-ms-client-request-id": "Sanitized",
        "X-Processing-Time": "17ms"
      },
      "ResponseBody": {
        "identity": {
          "id": "Sanitized"
        }
      }
    },
    {
      "RequestUri": "https://sanitized.skype.com/api/servicebuscallback/subscribe?q=Sanitized",
      "RequestMethod": "POST",
      "RequestHeaders": {
        "Accept": "application/json",
        "Authorization": "Sanitized",
        "Content-Length": "0",
        "User-Agent": "azsdk-net-Communication.CallAutomation/1.4.0-alpha.20250117.1 (.NET 8.0.12; Microsoft Windows 10.0.26100)",
        "x-ms-client-request-id": "Sanitized",
        "x-ms-content-sha256": "Sanitized",
        "x-ms-date": "Fri, 17 Jan 2025 18:45:24 GMT",
        "x-ms-return-client-request-id": "true"
      },
      "RequestBody": null,
      "StatusCode": 200,
      "ResponseHeaders": {
        "Content-Length": "0",
        "Date": "Fri, 17 Jan 2025 18:45:26 GMT",
        "Server": "Microsoft-IIS/10.0",
        "X-Powered-By": "ASP.NET"
      },
      "ResponseBody": null
    },
    {
      "RequestUri": "https://sanitized.skype.com/calling/callConnections?api-version=2024-09-01-preview",
      "RequestMethod": "POST",
      "RequestHeaders": {
        "Accept": "application/json",
        "Authorization": "Sanitized",
        "Content-Length": "325",
        "Content-Type": "application/json",
        "Repeatability-First-Sent": "Sanitized",
        "Repeatability-Request-ID": "Sanitized",
        "traceparent": "00-c88f607eb8c799d5ae9afc94c836da54-0ed2b229eebfee37-00",
        "User-Agent": "azsdk-net-Communication.CallAutomation/1.4.0-alpha.20250117.1 (.NET 8.0.12; Microsoft Windows 10.0.26100)",
        "X-FORWARDED-HOST": "Sanitized",
        "x-ms-client-request-id": "Sanitized",
        "x-ms-content-sha256": "Sanitized",
        "x-ms-date": "Fri, 17 Jan 2025 18:45:25 GMT",
        "x-ms-return-client-request-id": "true"
      },
      "RequestBody": {
        "targets": [
          {
            "rawId": "Sanitized",
            "communicationUser": {
              "id": "Sanitized"
            }
          }
        ],
        "source": {
          "id": "Sanitized"
        },
        "callbackUri": "https://sanitized.skype.com/api/servicebuscallback/events?q=SanitizedSanitized",
        "callIntelligenceOptions": {
          "cognitiveServicesEndpoint": "https://sanitized.skype.com"
        },
        "customCallingContext": {
          "voipHeaders": {}
        }
      },
      "StatusCode": 201,
      "ResponseHeaders": {
        "Content-Length": "687",
        "Content-Type": "application/json; charset=utf-8",
        "Date": "Fri, 17 Jan 2025 18:45:27 GMT",
        "Server": "Microsoft-HTTPAPI/2.0",
        "X-Microsoft-Skype-Chain-ID": "d763eb5a-ce5b-493a-9c37-d96a41e8bc87",
        "X-Microsoft-Skype-Client": "azsdk-net-Communication.CallAutomation/1.4.0-alpha.20250117.1 (.NET 8.0.12; Microsoft Windows 10.0.26100)",
        "x-ms-client-request-id": "Sanitized"
      },
      "ResponseBody": {
        "callConnectionId": "30002180-e4ca-44a5-87d7-37337d8a55c9",
        "targets": [
          {
            "rawId": "Sanitized",
            "kind": "communicationUser",
            "communicationUser": {
              "id": "Sanitized"
            }
          }
        ],
        "callConnectionState": "connecting",
        "callbackUri": "https://sanitized.skype.com/api/servicebuscallback/events?q=SanitizedSanitized",
        "sourceDisplayName": "",
        "source": {
          "rawId": "Sanitized",
          "kind": "communicationUser",
          "communicationUser": {
            "id": "Sanitized"
          }
        },
        "correlationId": "d763eb5a-ce5b-493a-9c37-d96a41e8bc87",
        "mediaSubscriptionId": "3fa359f2-c921-47b2-9fe9-458ef681e5ce",
        "dataSubscriptionId": "1118787b-a634-4852-bf6d-8a671a62dafb",
        "mediaStreamingSubscription": {
          "id": "Sanitized",
          "state": "disabled",
          "subscribedContentTypes": [
            "audio"
          ]
        }
      }
    },
    {
      "RequestUri": "https://sanitized.skype.com/calling/callConnections:answer?api-version=2024-09-01-preview",
      "RequestMethod": "POST",
      "RequestHeaders": {
        "Accept": "application/json",
        "Authorization": "Sanitized",
        "Content-Length": "220",
        "Content-Type": "application/json",
        "Repeatability-First-Sent": "Sanitized",
        "Repeatability-Request-ID": "Sanitized",
        "traceparent": "00-06c9b5d638f15bb576672bc785b75831-537dc79a5d3f1e0d-00",
        "User-Agent": "azsdk-net-Communication.CallAutomation/1.4.0-alpha.20250117.1 (.NET 8.0.12; Microsoft Windows 10.0.26100)",
        "X-FORWARDED-HOST": "Sanitized",
        "x-ms-client-request-id": "Sanitized",
        "x-ms-content-sha256": "Sanitized",
        "x-ms-date": "Fri, 17 Jan 2025 18:45:27 GMT",
        "x-ms-return-client-request-id": "true"
      },
      "RequestBody": {
        "incomingCallContext": "Sanitized",
        "callbackUri": "https://sanitized.skype.com/api/servicebuscallback/events?q=SanitizedSanitized",
        "customCallingContext": {
          "voipHeaders": {},
          "sipHeaders": {}
        },
        "answeredBy": {
          "id": "Sanitized"
        }
      },
      "StatusCode": 200,
      "ResponseHeaders": {
        "Content-Length": "906",
        "Content-Type": "application/json; charset=utf-8",
        "Date": "Fri, 17 Jan 2025 18:45:28 GMT",
        "Server": "Microsoft-HTTPAPI/2.0",
        "X-Microsoft-Skype-Chain-ID": "d763eb5a-ce5b-493a-9c37-d96a41e8bc87",
        "X-Microsoft-Skype-Client": "azsdk-net-Communication.CallAutomation/1.4.0-alpha.20250117.1 (.NET 8.0.12; Microsoft Windows 10.0.26100)",
        "x-ms-client-request-id": "Sanitized"
      },
      "ResponseBody": {
        "callConnectionId": "30002180-fd04-43c5-b9dc-ed6b02c7808f",
        "serverCallId": "aHR0cHM6Ly9hcGkuZmxpZ2h0cHJveHkuc2t5cGUuY29tL2FwaS92Mi9jcC9jb252LXVzd2UtMDMtcHJvZC1ha3MuY29udi5za3lwZS5jb20vY29udi9NeHFHRm5VT3BrR2RCNHdlUXRZelNRP2k9MTAtNjAtMi0xNDcmZT02Mzg3MjU3NDMzNzQzMDQ0NDM=",
        "targets": [
          {
            "rawId": "Sanitized",
            "kind": "communicationUser",
            "communicationUser": {
              "id": "Sanitized"
            }
          }
        ],
        "callConnectionState": "connecting",
        "callbackUri": "https://sanitized.skype.com/api/servicebuscallback/events?q=SanitizedSanitized",
        "source": {
          "rawId": "Sanitized",
          "kind": "communicationUser",
          "communicationUser": {
            "id": "Sanitized"
          }
        },
        "correlationId": "d763eb5a-ce5b-493a-9c37-d96a41e8bc87",
        "answeredBy": {
          "id": "Sanitized"
        },
        "mediaSubscriptionId": "84ce2818-bede-4ee9-b94f-04b36cf948da",
        "dataSubscriptionId": "2dc7ac04-b63e-481d-8d11-e127c7886aa3",
        "mediaStreamingSubscription": {
          "id": "Sanitized",
          "state": "disabled",
          "subscribedContentTypes": [
            "audio"
          ]
        }
      }
    },
    {
      "RequestUri": "https://sanitized.skype.com/identities?api-version=2023-10-01",
      "RequestMethod": "POST",
      "RequestHeaders": {
        "Accept": "application/json",
        "Authorization": "Sanitized",
        "Content-Length": "2",
        "Content-Type": "application/json",
        "traceparent": "00-e907fa86dbfffa71ecd09c2ccc3a9c4d-cee7fef417e2e100-00",
        "User-Agent": "azsdk-net-Communication.Identity/1.4.0-alpha.20250117.1 (.NET 8.0.12; Microsoft Windows 10.0.26100)",
        "x-ms-client-request-id": "Sanitized",
        "x-ms-content-sha256": "Sanitized",
        "x-ms-date": "Fri, 17 Jan 2025 18:45:29 GMT",
        "x-ms-return-client-request-id": "true"
      },
      "RequestBody": {},
      "StatusCode": 201,
      "ResponseHeaders": {
        "api-supported-versions": "2020-07-20-preview2, 2021-03-07, 2021-10-31-preview, 2021-11-01, 2022-06-01, 2022-10-01, 2023-10-01",
        "Connection": "keep-alive",
        "Content-Length": "31",
        "Content-Type": "application/json; charset=utf-8",
        "Date": "Fri, 17 Jan 2025 18:45:30 GMT",
        "MS-CV": "Sanitized",
        "Request-Context": "appId=",
        "Strict-Transport-Security": "max-age=31536000;includeSubDomains",
        "x-azure-ref": "Sanitized",
        "X-Cache": "CONFIG_NOCACHE",
        "x-ms-client-request-id": "Sanitized",
        "X-Processing-Time": "18ms"
      },
      "ResponseBody": {
        "identity": {
          "id": "Sanitized"
        }
      }
    },
    {
      "RequestUri": "https://sanitized.skype.com/calling/callConnections/30002180-e4ca-44a5-87d7-37337d8a55c9:play?api-version=2024-09-01-preview",
      "RequestMethod": "POST",
      "RequestHeaders": {
        "Accept": "application/json",
        "Authorization": "Sanitized",
        "Content-Length": "380",
        "Content-Type": "application/json",
        "User-Agent": "azsdk-net-Communication.CallAutomation/1.4.0-alpha.20250117.1 (.NET 8.0.12; Microsoft Windows 10.0.26100)",
        "X-FORWARDED-HOST": "Sanitized",
        "x-ms-client-request-id": "Sanitized",
        "x-ms-content-sha256": "Sanitized",
        "x-ms-date": "Fri, 17 Jan 2025 18:45:29 GMT",
        "x-ms-return-client-request-id": "true"
      },
      "RequestBody": {
        "playSources": [
          {
            "kind": "file",
            "file": {
              "uri": "https://sanitized.skype.com/prompt.wav"
            }
          },
          {
            "kind": "text",
            "text": {
              "text": "Test prompt1",
              "voiceKind": "male",
              "voiceName": "en-US-NancyNeural"
            }
          }
        ],
        "playTo": [
          {
            "rawId": "Sanitized",
            "communicationUser": {
              "id": "Sanitized"
            }
          }
        ],
        "playOptions": {
          "loop": false,
          "interruptCallMediaOperation": false,
          "interruptHoldAudio": false
        },
        "operationContext": "context"
      },
      "StatusCode": 202,
      "ResponseHeaders": {
        "Content-Length": "0",
        "Date": "Fri, 17 Jan 2025 18:45:31 GMT",
        "Server": "Microsoft-HTTPAPI/2.0",
        "X-Microsoft-Skype-Chain-ID": "d763eb5a-ce5b-493a-9c37-d96a41e8bc87",
        "X-Microsoft-Skype-Client": "azsdk-net-Communication.CallAutomation/1.4.0-alpha.20250117.1 (.NET 8.0.12; Microsoft Windows 10.0.26100)",
        "x-ms-client-request-id": "Sanitized"
      },
      "ResponseBody": null
    },
    {
      "RequestUri": "https://sanitized.skype.com/calling/callConnections/30002180-e4ca-44a5-87d7-37337d8a55c9:terminate?api-version=2024-09-01-preview",
      "RequestMethod": "POST",
      "RequestHeaders": {
        "Accept": "application/json",
        "Authorization": "Sanitized",
        "Content-Length": "0",
        "Repeatability-First-Sent": "Sanitized",
        "Repeatability-Request-ID": "Sanitized",
        "User-Agent": "azsdk-net-Communication.CallAutomation/1.4.0-alpha.20250117.1 (.NET 8.0.12; Microsoft Windows 10.0.26100)",
        "X-FORWARDED-HOST": "Sanitized",
        "x-ms-client-request-id": "Sanitized",
        "x-ms-content-sha256": "Sanitized",
        "x-ms-date": "Fri, 17 Jan 2025 18:45:38 GMT",
        "x-ms-return-client-request-id": "true"
      },
      "RequestBody": null,
      "StatusCode": 204,
      "ResponseHeaders": {
        "Content-Length": "0",
        "Date": "Fri, 17 Jan 2025 18:45:38 GMT",
        "Repeatability-Result": "accepted",
        "Server": "Microsoft-HTTPAPI/2.0",
        "X-Microsoft-Skype-Chain-ID": "d763eb5a-ce5b-493a-9c37-d96a41e8bc87",
        "X-Microsoft-Skype-Client": "azsdk-net-Communication.CallAutomation/1.4.0-alpha.20250117.1 (.NET 8.0.12; Microsoft Windows 10.0.26100)",
        "x-ms-client-request-id": "Sanitized"
      },
      "ResponseBody": null
    },
    {
      "RequestUri": "https://sanitized.skype.com/calling/callConnections/30002180-e4ca-44a5-87d7-37337d8a55c9?api-version=2024-09-01-preview",
      "RequestMethod": "GET",
      "RequestHeaders": {
        "Accept": "application/json",
        "Authorization": "Sanitized",
        "User-Agent": "azsdk-net-Communication.CallAutomation/1.4.0-alpha.20250117.1 (.NET 8.0.12; Microsoft Windows 10.0.26100)",
        "X-FORWARDED-HOST": "Sanitized",
        "x-ms-client-request-id": "Sanitized",
        "x-ms-content-sha256": "Sanitized",
        "x-ms-date": "Fri, 17 Jan 2025 18:45:40 GMT",
        "x-ms-return-client-request-id": "true"
      },
      "RequestBody": null,
      "StatusCode": 404,
      "ResponseHeaders": {
        "Content-Length": "53",
        "Content-Type": "application/json; charset=utf-8",
        "Date": "Fri, 17 Jan 2025 18:45:40 GMT",
        "Server": "Microsoft-HTTPAPI/2.0",
        "X-Microsoft-Skype-Chain-ID": "4e5d779d-ed0e-4ad4-aab7-141452749b9b",
        "X-Microsoft-Skype-Client": "azsdk-net-Communication.CallAutomation/1.4.0-alpha.20250117.1 (.NET 8.0.12; Microsoft Windows 10.0.26100)",
        "x-ms-client-request-id": "Sanitized"
      },
      "ResponseBody": {
        "error": {
          "code": "8522",
          "message": "Call not found."
        }
      }
    },
    {
      "RequestUri": "https://sanitized.skype.com/api/servicebuscallback/unsubscribe?q=Sanitized",
      "RequestMethod": "POST",
      "RequestHeaders": {
        "Accept": "application/json",
        "Authorization": "Sanitized",
        "Content-Length": "0",
        "User-Agent": "azsdk-net-Communication.CallAutomation/1.4.0-alpha.20250117.1 (.NET 8.0.12; Microsoft Windows 10.0.26100)",
        "x-ms-client-request-id": "Sanitized",
        "x-ms-content-sha256": "Sanitized",
        "x-ms-date": "Fri, 17 Jan 2025 18:45:40 GMT",
        "x-ms-return-client-request-id": "true"
      },
      "RequestBody": null,
      "StatusCode": 200,
      "ResponseHeaders": {
        "Content-Length": "0",
        "Date": "Fri, 17 Jan 2025 18:45:42 GMT",
        "Server": "Microsoft-IIS/10.0",
        "X-Powered-By": "ASP.NET"
      },
      "ResponseBody": null
    }
  ],
  "Variables": {
    "COGNITIVE_SERVICE_ENDPOINT": "https://sanitized.skype.com",
    "COMMUNICATION_LIVETEST_STATIC_CONNECTION_STRING": "endpoint=https://sanitized.communication.azure.com/;accesskey=Kg==",
    "DISPATCHER_ENDPOINT": "https://sanitized.skype.com",
    "FILE_SOURCE_URL": "https://sanitized.skype.com/prompt.wav",
    "PMA_Endpoint": "https://sanitized.com",
    "RandomSeed": "736099987",
    "SERVICEBUS_STRING": "Sanitized"
  }
}
