{
  "Entries": [
    {
      "RequestUri": "https://sanitized.skype.com/identities?api-version=2023-10-01",
      "RequestMethod": "POST",
      "RequestHeaders": {
        "Accept": "application/json",
        "Authorization": "Sanitized",
        "Content-Length": "2",
        "Content-Type": "application/json",
        "traceparent": "00-36bcc25467655ebb8929d4e6f10e2929-a641606edacfa382-00",
        "User-Agent": "azsdk-net-Communication.Identity/1.4.0-alpha.20250423.1 (.NET 8.0.15; Microsoft Windows 10.0.26100)",
        "x-ms-client-request-id": "Sanitized",
        "x-ms-content-sha256": "Sanitized",
        "x-ms-date": "Thu, 24 Apr 2025 09:22:09 GMT",
        "x-ms-return-client-request-id": "true"
      },
      "RequestBody": {},
      "StatusCode": 201,
      "ResponseHeaders": {
        "api-supported-versions": "2020-07-20-preview2, 2021-03-07, 2021-10-31-preview, 2021-11-01, 2022-06-01, 2022-10-01, 2023-10-01, 2025-03-02-preview",
        "Connection": "keep-alive",
        "Content-Length": "31",
        "Content-Type": "application/json; charset=utf-8",
        "Date": "Thu, 24 Apr 2025 09:22:08 GMT",
        "MS-CV": "Sanitized",
        "Request-Context": "appId=",
        "Strict-Transport-Security": "max-age=31536000;includeSubDomains",
        "x-azure-ref": "Sanitized",
        "X-Cache": "CONFIG_NOCACHE",
        "x-ms-client-request-id": "Sanitized",
        "X-Processing-Time": "18ms"
      },
      "ResponseBody": {
        "identity": {
          "id": "Sanitized"
        }
      }
    },
    {
      "RequestUri": "https://sanitized.skype.com/identities?api-version=2023-10-01",
      "RequestMethod": "POST",
      "RequestHeaders": {
        "Accept": "application/json",
        "Authorization": "Sanitized",
        "Content-Length": "2",
        "Content-Type": "application/json",
        "traceparent": "00-349414a19a11fbd9911a7c894777af11-9ac09888f67c47da-00",
        "User-Agent": "azsdk-net-Communication.Identity/1.4.0-alpha.20250423.1 (.NET 8.0.15; Microsoft Windows 10.0.26100)",
        "x-ms-client-request-id": "Sanitized",
        "x-ms-content-sha256": "Sanitized",
        "x-ms-date": "Thu, 24 Apr 2025 09:22:09 GMT",
        "x-ms-return-client-request-id": "true"
      },
      "RequestBody": {},
      "StatusCode": 201,
      "ResponseHeaders": {
        "api-supported-versions": "2020-07-20-preview2, 2021-03-07, 2021-10-31-preview, 2021-11-01, 2022-06-01, 2022-10-01, 2023-10-01, 2025-03-02-preview",
        "Connection": "keep-alive",
        "Content-Length": "31",
        "Content-Type": "application/json; charset=utf-8",
        "Date": "Thu, 24 Apr 2025 09:22:08 GMT",
        "MS-CV": "Sanitized",
        "Request-Context": "appId=",
        "Strict-Transport-Security": "max-age=31536000;includeSubDomains",
        "x-azure-ref": "Sanitized",
        "X-Cache": "CONFIG_NOCACHE",
        "x-ms-client-request-id": "Sanitized",
        "X-Processing-Time": "13ms"
      },
      "ResponseBody": {
        "identity": {
          "id": "Sanitized"
        }
      }
    },
    {
      "RequestUri": "https://sanitized.skype.com/api/servicebuscallback/subscribe?q=Sanitized",
      "RequestMethod": "POST",
      "RequestHeaders": {
        "Accept": "application/json",
        "Authorization": "Sanitized",
        "Content-Length": "0",
        "User-Agent": "azsdk-net-Communication.CallAutomation/1.4.0-alpha.20250423.1 (.NET 8.0.15; Microsoft Windows 10.0.26100)",
        "x-ms-client-request-id": "Sanitized",
        "x-ms-content-sha256": "Sanitized",
        "x-ms-date": "Thu, 24 Apr 2025 09:22:10 GMT",
        "x-ms-return-client-request-id": "true"
      },
      "RequestBody": null,
      "StatusCode": 200,
      "ResponseHeaders": {
        "Content-Length": "0",
        "Date": "Thu, 24 Apr 2025 09:22:09 GMT",
        "Server": "Microsoft-IIS/10.0",
        "X-Powered-By": "ASP.NET"
      },
      "ResponseBody": null
    },
    {
      "RequestUri": "https://sanitized.skype.com/calling/callConnections?api-version=2025-03-30-preview",
      "RequestMethod": "POST",
      "RequestHeaders": {
        "Accept": "application/json",
        "Authorization": "Sanitized",
        "Content-Length": "197",
        "Content-Type": "application/json",
        "Repeatability-First-Sent": "Sanitized",
        "Repeatability-Request-ID": "Sanitized",
        "traceparent": "00-b6b88959886432a4ae9d6ebdc3b41cc1-b647e241ed69bc7b-00",
        "User-Agent": "azsdk-net-Communication.CallAutomation/1.4.0-alpha.20250423.1 (.NET 8.0.15; Microsoft Windows 10.0.26100)",
        "X-FORWARDED-HOST": "Sanitized",
        "x-ms-client-request-id": "Sanitized",
        "x-ms-content-sha256": "Sanitized",
        "x-ms-date": "Thu, 24 Apr 2025 09:22:12 GMT",
        "x-ms-return-client-request-id": "true"
      },
      "RequestBody": {
        "targets": [
          {
            "rawId": "Sanitized",
            "communicationUser": {
              "id": "Sanitized"
            }
          }
        ],
        "source": {
          "id": "Sanitized"
        },
        "callbackUri": "https://sanitized.skype.com/api/servicebuscallback/events?q=SanitizedSanitized"
      },
      "StatusCode": 201,
      "ResponseHeaders": {
        "Content-Length": "566",
        "Content-Type": "application/json; charset=utf-8",
        "Date": "Thu, 24 Apr 2025 09:22:10 GMT",
        "Server": "Microsoft-HTTPAPI/2.0",
        "X-Microsoft-Skype-Chain-ID": "734ac306-2aa0-4e96-b26e-3a1b0c5d803c",
        "X-Microsoft-Skype-Client": "azsdk-net-Communication.CallAutomation/1.4.0-alpha.20250423.1 (.NET 8.0.15; Microsoft Windows 10.0.26100)",
        "x-ms-client-request-id": "Sanitized"
      },
      "ResponseBody": {
        "callConnectionId": "00001680-bbfe-46c2-a70b-a458b81d297d",
        "targets": [
          {
            "rawId": "Sanitized",
            "kind": "communicationUser",
            "communicationUser": {
              "id": "Sanitized"
            }
          }
        ],
        "callConnectionState": "connecting",
        "callbackUri": "https://sanitized.skype.com/api/servicebuscallback/events?q=SanitizedSanitized",
        "sourceDisplayName": "",
        "source": {
          "rawId": "Sanitized",
          "kind": "communicationUser",
          "communicationUser": {
            "id": "Sanitized"
          }
        },
        "correlationId": "734ac306-2aa0-4e96-b26e-3a1b0c5d803c",
        "mediaStreamingSubscription": {
          "id": "Sanitized",
          "state": "disabled",
          "subscribedContentTypes": [
            "audio"
          ]
        }
      }
    },
    {
      "RequestUri": "https://sanitized.skype.com/calling/callConnections:answer?api-version=2025-03-30-preview",
      "RequestMethod": "POST",
      "RequestHeaders": {
        "Accept": "application/json",
        "Authorization": "Sanitized",
        "Content-Length": "162",
        "Content-Type": "application/json",
        "Repeatability-First-Sent": "Sanitized",
        "Repeatability-Request-ID": "Sanitized",
        "traceparent": "00-d00e0c5a2089f6a4b474f194c4aafd81-98ce9f5acf70a67e-00",
        "User-Agent": "azsdk-net-Communication.CallAutomation/1.4.0-alpha.20250423.1 (.NET 8.0.15; Microsoft Windows 10.0.26100)",
        "X-FORWARDED-HOST": "Sanitized",
        "x-ms-client-request-id": "Sanitized",
        "x-ms-content-sha256": "Sanitized",
        "x-ms-date": "Thu, 24 Apr 2025 09:22:14 GMT",
        "x-ms-return-client-request-id": "true"
      },
      "RequestBody": {
        "incomingCallContext": "Sanitized",
        "callbackUri": "https://sanitized.skype.com/api/servicebuscallback/events?q=SanitizedSanitized",
        "answeredBy": {
          "id": "Sanitized"
        }
      },
      "StatusCode": 200,
      "ResponseHeaders": {
        "Content-Length": "785",
        "Content-Type": "application/json; charset=utf-8",
        "Date": "Thu, 24 Apr 2025 09:22:12 GMT",
        "Server": "Microsoft-HTTPAPI/2.0",
        "X-Microsoft-Skype-Chain-ID": "734ac306-2aa0-4e96-b26e-3a1b0c5d803c",
        "X-Microsoft-Skype-Client": "azsdk-net-Communication.CallAutomation/1.4.0-alpha.20250423.1 (.NET 8.0.15; Microsoft Windows 10.0.26100)",
        "x-ms-client-request-id": "Sanitized"
      },
      "ResponseBody": {
        "callConnectionId": "00001680-419d-47cf-8293-10d3b68e1ca7",
        "serverCallId": "aHR0cHM6Ly9hcGkuZmxpZ2h0cHJveHkuc2t5cGUuY29tL2FwaS92Mi9jcC9jb252LXVzZWEtMDItc2RmLWFrcy5jb252LnNreXBlLmNvbS9jb252L3hBNDYzSDAxS0VlZTh2bF9xbV9JclE/aT0xMC0xMjgtMi0xMzAmZT02Mzg4MTAyNDcyNzM2OTYyNzg=",
        "targets": [
          {
            "rawId": "Sanitized",
            "kind": "communicationUser",
            "communicationUser": {
              "id": "Sanitized"
            }
          }
        ],
        "callConnectionState": "connecting",
        "callbackUri": "https://sanitized.skype.com/api/servicebuscallback/events?q=SanitizedSanitized",
        "source": {
          "rawId": "Sanitized",
          "kind": "communicationUser",
          "communicationUser": {
            "id": "Sanitized"
          }
        },
        "correlationId": "734ac306-2aa0-4e96-b26e-3a1b0c5d803c",
        "answeredBy": {
          "id": "Sanitized"
        },
        "mediaStreamingSubscription": {
          "id": "Sanitized",
          "state": "disabled",
          "subscribedContentTypes": [
            "audio"
          ]
        }
      }
    },
    {
      "RequestUri": "https://sanitized.skype.com/identities?api-version=2023-10-01",
      "RequestMethod": "POST",
      "RequestHeaders": {
        "Accept": "application/json",
        "Authorization": "Sanitized",
        "Content-Length": "2",
        "Content-Type": "application/json",
        "traceparent": "00-5d2d4f9068acbc387eaee5f5d90f0019-8a9e4240ee911ef2-00",
        "User-Agent": "azsdk-net-Communication.Identity/1.4.0-alpha.20250423.1 (.NET 8.0.15; Microsoft Windows 10.0.26100)",
        "x-ms-client-request-id": "Sanitized",
        "x-ms-content-sha256": "Sanitized",
        "x-ms-date": "Thu, 24 Apr 2025 09:22:15 GMT",
        "x-ms-return-client-request-id": "true"
      },
      "RequestBody": {},
      "StatusCode": 201,
      "ResponseHeaders": {
        "api-supported-versions": "2020-07-20-preview2, 2021-03-07, 2021-10-31-preview, 2021-11-01, 2022-06-01, 2022-10-01, 2023-10-01, 2025-03-02-preview",
        "Connection": "keep-alive",
        "Content-Length": "31",
        "Content-Type": "application/json; charset=utf-8",
        "Date": "Thu, 24 Apr 2025 09:22:14 GMT",
        "MS-CV": "Sanitized",
        "Request-Context": "appId=",
        "Strict-Transport-Security": "max-age=31536000;includeSubDomains",
        "x-azure-ref": "Sanitized",
        "X-Cache": "CONFIG_NOCACHE",
        "x-ms-client-request-id": "Sanitized",
        "X-Processing-Time": "17ms"
      },
      "ResponseBody": {
        "identity": {
          "id": "Sanitized"
        }
      }
    },
    {
      "RequestUri": "https://sanitized.skype.com/calling/callConnections/00001680-bbfe-46c2-a70b-a458b81d297d:play?api-version=2025-03-30-preview",
      "RequestMethod": "POST",
      "RequestHeaders": {
        "Accept": "application/json",
        "Authorization": "Sanitized",
        "Content-Length": "267",
        "Content-Type": "application/json",
        "User-Agent": "azsdk-net-Communication.CallAutomation/1.4.0-alpha.20250423.1 (.NET 8.0.15; Microsoft Windows 10.0.26100)",
        "X-FORWARDED-HOST": "Sanitized",
        "x-ms-client-request-id": "Sanitized",
        "x-ms-content-sha256": "Sanitized",
        "x-ms-date": "Thu, 24 Apr 2025 09:22:16 GMT",
        "x-ms-return-client-request-id": "true"
      },
      "RequestBody": {
        "playSources": [
          {
            "kind": "file",
            "file": {
              "uri": "https://sanitized.skype.com/prompt.wav"
            }
          },
          {
            "kind": "file",
            "file": {
              "uri": "https://sanitized.skype.com/prompt.wav"
            }
          }
        ],
        "playTo": [],
        "interruptCallMediaOperation": false,
        "playOptions": {
          "loop": false
        },
        "operationContext": "context"
      },
      "StatusCode": 202,
      "ResponseHeaders": {
        "Content-Length": "0",
        "Date": "Thu, 24 Apr 2025 09:22:14 GMT",
        "Server": "Microsoft-HTTPAPI/2.0",
        "X-Microsoft-Skype-Chain-ID": "734ac306-2aa0-4e96-b26e-3a1b0c5d803c",
        "X-Microsoft-Skype-Client": "azsdk-net-Communication.CallAutomation/1.4.0-alpha.20250423.1 (.NET 8.0.15; Microsoft Windows 10.0.26100)",
        "x-ms-client-request-id": "Sanitized"
      },
      "ResponseBody": null
    },
    {
      "RequestUri": "https://sanitized.skype.com/calling/callConnections/00001680-bbfe-46c2-a70b-a458b81d297d:terminate?api-version=2025-03-30-preview",
      "RequestMethod": "POST",
      "RequestHeaders": {
        "Accept": "application/json",
        "Authorization": "Sanitized",
        "Content-Length": "0",
        "Repeatability-First-Sent": "Sanitized",
        "Repeatability-Request-ID": "Sanitized",
        "User-Agent": "azsdk-net-Communication.CallAutomation/1.4.0-alpha.20250423.1 (.NET 8.0.15; Microsoft Windows 10.0.26100)",
        "X-FORWARDED-HOST": "Sanitized",
        "x-ms-client-request-id": "Sanitized",
        "x-ms-content-sha256": "Sanitized",
        "x-ms-date": "Thu, 24 Apr 2025 09:22:21 GMT",
        "x-ms-return-client-request-id": "true"
      },
      "RequestBody": null,
      "StatusCode": 204,
      "ResponseHeaders": {
        "Content-Length": "0",
        "Date": "Thu, 24 Apr 2025 09:22:19 GMT",
        "Repeatability-Result": "accepted",
        "Server": "Microsoft-HTTPAPI/2.0",
        "X-Microsoft-Skype-Chain-ID": "734ac306-2aa0-4e96-b26e-3a1b0c5d803c",
        "X-Microsoft-Skype-Client": "azsdk-net-Communication.CallAutomation/1.4.0-alpha.20250423.1 (.NET 8.0.15; Microsoft Windows 10.0.26100)",
        "x-ms-client-request-id": "Sanitized"
      },
      "ResponseBody": null
    },
    {
      "RequestUri": "https://sanitized.skype.com/calling/callConnections/00001680-bbfe-46c2-a70b-a458b81d297d?api-version=2025-03-30-preview",
      "RequestMethod": "GET",
      "RequestHeaders": {
        "Accept": "application/json",
        "Authorization": "Sanitized",
        "User-Agent": "azsdk-net-Communication.CallAutomation/1.4.0-alpha.20250423.1 (.NET 8.0.15; Microsoft Windows 10.0.26100)",
        "X-FORWARDED-HOST": "Sanitized",
        "x-ms-client-request-id": "Sanitized",
        "x-ms-content-sha256": "Sanitized",
        "x-ms-date": "Thu, 24 Apr 2025 09:22:22 GMT",
        "x-ms-return-client-request-id": "true"
      },
      "RequestBody": null,
      "StatusCode": 404,
      "ResponseHeaders": {
        "Content-Length": "53",
        "Content-Type": "application/json; charset=utf-8",
        "Date": "Thu, 24 Apr 2025 09:22:21 GMT",
        "Server": "Microsoft-HTTPAPI/2.0",
        "X-Microsoft-Skype-Chain-ID": "0f9a8389-ca87-464b-b427-15091766a560",
        "X-Microsoft-Skype-Client": "azsdk-net-Communication.CallAutomation/1.4.0-alpha.20250423.1 (.NET 8.0.15; Microsoft Windows 10.0.26100)",
        "x-ms-client-request-id": "Sanitized"
      },
      "ResponseBody": {
        "error": {
          "code": "8522",
          "message": "Call not found."
        }
      }
    },
    {
      "RequestUri": "https://sanitized.skype.com/api/servicebuscallback/unsubscribe?q=Sanitized",
      "RequestMethod": "POST",
      "RequestHeaders": {
        "Accept": "application/json",
        "Authorization": "Sanitized",
        "Content-Length": "0",
        "User-Agent": "azsdk-net-Communication.CallAutomation/1.4.0-alpha.20250423.1 (.NET 8.0.15; Microsoft Windows 10.0.26100)",
        "x-ms-client-request-id": "Sanitized",
        "x-ms-content-sha256": "Sanitized",
        "x-ms-date": "Thu, 24 Apr 2025 09:22:22 GMT",
        "x-ms-return-client-request-id": "true"
      },
      "RequestBody": null,
      "StatusCode": 200,
      "ResponseHeaders": {
        "Content-Length": "0",
        "Date": "Thu, 24 Apr 2025 09:22:21 GMT",
        "Server": "Microsoft-IIS/10.0",
        "X-Powered-By": "ASP.NET"
      },
      "ResponseBody": null
    }
  ],
  "Variables": {
    "COMMUNICATION_LIVETEST_STATIC_CONNECTION_STRING": "endpoint=https://sanitized.communication.azure.com/;accesskey=Kg==",
    "DISPATCHER_ENDPOINT": "https://sanitized.skype.com",
    "FILE_SOURCE_URL": "https://sanitized.skype.com/prompt.wav",
    "PMA_Endpoint": "https://sanitized.com",
    "RandomSeed": "1000978884",
    "SERVICEBUS_STRING": "Sanitized"
  }
}
