{
  "Entries": [
    {
      "RequestUri": "https://sanitized.skype.com/identities?api-version=2023-10-01",
      "RequestMethod": "POST",
      "RequestHeaders": {
        "Accept": "application/json",
        "Authorization": "Sanitized",
        "Content-Length": "2",
        "Content-Type": "application/json",
        "traceparent": "00-db04c2c95b9bdb8baf089eb217594508-0723296cd5fc9171-00",
        "User-Agent": "azsdk-net-Communication.Identity/1.4.0-alpha.20250609.1 (.NET 9.0.5; Microsoft Windows 10.0.26100)",
        "x-ms-client-request-id": "Sanitized",
        "x-ms-content-sha256": "Sanitized",
        "x-ms-date": "Wed, 11 Jun 2025 20:50:08 GMT",
        "x-ms-return-client-request-id": "true"
      },
      "RequestBody": {},
      "StatusCode": 201,
      "ResponseHeaders": {
        "api-supported-versions": "2020-07-20-preview2, 2021-03-07, 2021-10-31-preview, 2021-11-01, 2022-06-01, 2022-10-01, 2023-10-01, 2025-03-02-preview, 2025-06-30",
        "Connection": "keep-alive",
        "Content-Length": "31",
        "Content-Type": "application/json; charset=utf-8",
        "Date": "Wed, 11 Jun 2025 20:50:09 GMT",
        "MS-CV": "Sanitized",
        "Request-Context": "appId=",
        "Strict-Transport-Security": "max-age=31536000;includeSubDomains",
        "x-azure-ref": "Sanitized",
        "X-Cache": "CONFIG_NOCACHE",
        "x-ms-client-request-id": "Sanitized",
        "X-Processing-Time": "13ms"
      },
      "ResponseBody": {
        "identity": {
          "id": "Sanitized"
        }
      }
    },
    {
      "RequestUri": "https://sanitized.skype.com/identities?api-version=2023-10-01",
      "RequestMethod": "POST",
      "RequestHeaders": {
        "Accept": "application/json",
        "Authorization": "Sanitized",
        "Content-Length": "2",
        "Content-Type": "application/json",
        "traceparent": "00-4211271c7cef618133cd2c56a5ab8b51-e4fb3d45c8ca84e8-00",
        "User-Agent": "azsdk-net-Communication.Identity/1.4.0-alpha.20250609.1 (.NET 9.0.5; Microsoft Windows 10.0.26100)",
        "x-ms-client-request-id": "Sanitized",
        "x-ms-content-sha256": "Sanitized",
        "x-ms-date": "Wed, 11 Jun 2025 20:50:08 GMT",
        "x-ms-return-client-request-id": "true"
      },
      "RequestBody": {},
      "StatusCode": 201,
      "ResponseHeaders": {
        "api-supported-versions": "2020-07-20-preview2, 2021-03-07, 2021-10-31-preview, 2021-11-01, 2022-06-01, 2022-10-01, 2023-10-01, 2025-03-02-preview, 2025-06-30",
        "Connection": "keep-alive",
        "Content-Length": "31",
        "Content-Type": "application/json; charset=utf-8",
        "Date": "Wed, 11 Jun 2025 20:50:09 GMT",
        "MS-CV": "Sanitized",
        "Request-Context": "appId=",
        "Strict-Transport-Security": "max-age=31536000;includeSubDomains",
        "x-azure-ref": "Sanitized",
        "X-Cache": "CONFIG_NOCACHE",
        "x-ms-client-request-id": "Sanitized",
        "X-Processing-Time": "14ms"
      },
      "ResponseBody": {
        "identity": {
          "id": "Sanitized"
        }
      }
    },
    {
      "RequestUri": "https://sanitized.skype.com/api/servicebuscallback/subscribe?q=Sanitized",
      "RequestMethod": "POST",
      "RequestHeaders": {
        "Accept": "application/json",
        "Authorization": "Sanitized",
        "Content-Length": "0",
        "User-Agent": "azsdk-net-Communication.CallAutomation/1.5.0-alpha.20250611.1 (.NET 9.0.5; Microsoft Windows 10.0.26100)",
        "x-ms-client-request-id": "Sanitized",
        "x-ms-content-sha256": "Sanitized",
        "x-ms-date": "Wed, 11 Jun 2025 20:50:09 GMT",
        "x-ms-return-client-request-id": "true"
      },
      "RequestBody": null,
      "StatusCode": 200,
      "ResponseHeaders": {
        "Content-Length": "0",
        "Date": "Wed, 11 Jun 2025 20:50:11 GMT",
        "Server": "Microsoft-IIS/10.0",
        "X-Powered-By": "ASP.NET"
      },
      "ResponseBody": null
    },
    {
      "RequestUri": "https://sanitized.skype.com/calling/callConnections?api-version=2025-06-15",
      "RequestMethod": "POST",
      "RequestHeaders": {
        "Accept": "application/json",
        "Authorization": "Sanitized",
        "Content-Length": "283",
        "Content-Type": "application/json",
        "Repeatability-First-Sent": "Sanitized",
        "Repeatability-Request-ID": "Sanitized",
        "traceparent": "00-e890305b7c5945aa9ce0d3a47f2315e7-15b286f7332bbdc6-00",
        "User-Agent": "azsdk-net-Communication.CallAutomation/1.5.0-alpha.20250611.1 (.NET 9.0.5; Microsoft Windows 10.0.26100)",
        "X-FORWARDED-HOST": "Sanitized",
        "x-ms-client-request-id": "Sanitized",
        "x-ms-content-sha256": "Sanitized",
        "x-ms-date": "Wed, 11 Jun 2025 20:50:10 GMT",
        "x-ms-return-client-request-id": "true"
      },
      "RequestBody": {
        "targets": [
          {
            "rawId": "Sanitized",
            "communicationUser": {
              "id": "Sanitized"
            }
          }
        ],
        "source": {
          "id": "Sanitized"
        },
        "callbackUri": "https://sanitized.skype.com/api/servicebuscallback/events?q=SanitizedSanitized",
        "callIntelligenceOptions": {
          "cognitiveServicesEndpoint": "https://sanitized.skype.com"
        }
      },
      "StatusCode": 201,
      "ResponseHeaders": {
        "api-supported-versions": "2023-03-06, 2023-10-15, 2024-04-15, 2024-09-15, 2025-05-15, 2025-06-15",
        "Content-Type": "application/json; charset=utf-8",
        "Date": "Wed, 11 Jun 2025 20:50:11 GMT",
        "Server": "Kestrel",
        "Transfer-Encoding": "chunked",
        "X-Microsoft-Skype-Chain-ID": "432a0968-ff72-4afa-9107-b1953a57ba91",
        "X-Microsoft-Skype-Client": "azsdk-net-Communication.CallAutomation/1.5.0-alpha.20250611.1 (.NET 9.0.5; Microsoft Windows 10.0.26100)",
        "x-ms-client-request-id": "Sanitized",
        "X-Ms-Client-Version": "azsdk-net-Communication.CallAutomation/1.5.0-alpha.20250611.1 (.NET 9.0.5; Microsoft Windows 10.0.26100)"
      },
      "ResponseBody": {
        "callConnectionId": "04001680-947c-4662-8d68-8c9d94ff980f",
        "targets": [
          {
            "rawId": "Sanitized",
            "kind": "communicationUser",
            "communicationUser": {
              "id": "Sanitized"
            }
          }
        ],
        "callConnectionState": "connecting",
        "callbackUri": "https://sanitized.skype.com/api/servicebuscallback/events?q=SanitizedSanitized",
        "sourceDisplayName": "",
        "source": {
          "rawId": "Sanitized",
          "kind": "communicationUser",
          "communicationUser": {
            "id": "Sanitized"
          }
        },
        "correlationId": "432a0968-ff72-4afa-9107-b1953a57ba91",
        "mediaStreamingSubscription": {
          "id": "Sanitized",
          "state": "disabled",
          "subscribedContentTypes": [
            "audio"
          ]
        }
      }
    },
    {
      "RequestUri": "https://sanitized.skype.com/calling/callConnections:answer?api-version=2025-06-15",
      "RequestMethod": "POST",
      "RequestHeaders": {
        "Accept": "application/json",
        "Authorization": "Sanitized",
        "Content-Length": "191",
        "Content-Type": "application/json",
        "Repeatability-First-Sent": "Sanitized",
        "Repeatability-Request-ID": "Sanitized",
        "traceparent": "00-a32c424e268278db98c1c6bc771cd60a-c66417386250545e-00",
        "User-Agent": "azsdk-net-Communication.CallAutomation/1.5.0-alpha.20250611.1 (.NET 9.0.5; Microsoft Windows 10.0.26100)",
        "X-FORWARDED-HOST": "Sanitized",
        "x-ms-client-request-id": "Sanitized",
        "x-ms-content-sha256": "Sanitized",
        "x-ms-date": "Wed, 11 Jun 2025 20:50:12 GMT",
        "x-ms-return-client-request-id": "true"
      },
      "RequestBody": {
        "incomingCallContext": "Sanitized",
        "callbackUri": "https://sanitized.skype.com/api/servicebuscallback/events?q=SanitizedSanitized",
        "callIntelligenceOptions": {},
        "answeredBy": {
          "id": "Sanitized"
        }
      },
      "StatusCode": 200,
      "ResponseHeaders": {
        "api-supported-versions": "2023-03-06, 2023-10-15, 2024-04-15, 2024-09-15, 2025-05-15, 2025-06-15",
        "Content-Type": "application/json; charset=utf-8",
        "Date": "Wed, 11 Jun 2025 20:50:13 GMT",
        "Server": "Kestrel",
        "Transfer-Encoding": "chunked",
        "X-Microsoft-Skype-Chain-ID": "432a0968-ff72-4afa-9107-b1953a57ba91",
        "X-Microsoft-Skype-Client": "azsdk-net-Communication.CallAutomation/1.5.0-alpha.20250611.1 (.NET 9.0.5; Microsoft Windows 10.0.26100)",
        "x-ms-client-request-id": "Sanitized",
        "X-Ms-Client-Version": "azsdk-net-Communication.CallAutomation/1.5.0-alpha.20250611.1 (.NET 9.0.5; Microsoft Windows 10.0.26100)"
      },
      "ResponseBody": {
        "callConnectionId": "04001680-242b-40dc-b142-864af5d83dbb",
        "serverCallId": "aHR0cHM6Ly9hcGkuZmxpZ2h0cHJveHkuc2t5cGUuY29tL2FwaS92Mi9jcC9jb252LXVzZWEtMDItc2RmLWFrcy5jb252LnNreXBlLmNvbS9jb252LzhnaEU5X3dlSFUtREx2VlhvLXdadlE/aT0xMC0xMjgtMjAtMTQ3JmU9NjM4ODUxNzMzMTA2MDA4NDE0",
        "targets": [
          {
            "rawId": "Sanitized",
            "kind": "communicationUser",
            "communicationUser": {
              "id": "Sanitized"
            }
          }
        ],
        "callConnectionState": "connecting",
        "callbackUri": "https://sanitized.skype.com/api/servicebuscallback/events?q=SanitizedSanitized",
        "source": {
          "rawId": "Sanitized",
          "kind": "communicationUser",
          "communicationUser": {
            "id": "Sanitized"
          }
        },
        "correlationId": "432a0968-ff72-4afa-9107-b1953a57ba91",
        "answeredBy": {
          "id": "Sanitized"
        },
        "mediaStreamingSubscription": {
          "id": "Sanitized",
          "state": "disabled",
          "subscribedContentTypes": [
            "audio"
          ]
        }
      }
    },
    {
      "RequestUri": "https://sanitized.skype.com/identities?api-version=2023-10-01",
      "RequestMethod": "POST",
      "RequestHeaders": {
        "Accept": "application/json",
        "Authorization": "Sanitized",
        "Content-Length": "2",
        "Content-Type": "application/json",
        "traceparent": "00-3d23708408576a62b401c82cd3f995af-6f67d86828af189f-00",
        "User-Agent": "azsdk-net-Communication.Identity/1.4.0-alpha.20250609.1 (.NET 9.0.5; Microsoft Windows 10.0.26100)",
        "x-ms-client-request-id": "Sanitized",
        "x-ms-content-sha256": "Sanitized",
        "x-ms-date": "Wed, 11 Jun 2025 20:50:15 GMT",
        "x-ms-return-client-request-id": "true"
      },
      "RequestBody": {},
      "StatusCode": 201,
      "ResponseHeaders": {
        "api-supported-versions": "2020-07-20-preview2, 2021-03-07, 2021-10-31-preview, 2021-11-01, 2022-06-01, 2022-10-01, 2023-10-01, 2025-03-02-preview, 2025-06-30",
        "Connection": "keep-alive",
        "Content-Length": "31",
        "Content-Type": "application/json; charset=utf-8",
        "Date": "Wed, 11 Jun 2025 20:50:15 GMT",
        "MS-CV": "Sanitized",
        "Request-Context": "appId=",
        "Strict-Transport-Security": "max-age=31536000;includeSubDomains",
        "x-azure-ref": "Sanitized",
        "X-Cache": "CONFIG_NOCACHE",
        "x-ms-client-request-id": "Sanitized",
        "X-Processing-Time": "15ms"
      },
      "ResponseBody": {
        "identity": {
          "id": "Sanitized"
        }
      }
    },
    {
      "RequestUri": "https://sanitized.skype.com/calling/callConnections/04001680-947c-4662-8d68-8c9d94ff980f:play?api-version=2025-06-15",
      "RequestMethod": "POST",
      "RequestHeaders": {
        "Accept": "application/json",
        "Authorization": "Sanitized",
        "Content-Length": "479",
        "Content-Type": "application/json",
        "User-Agent": "azsdk-net-Communication.CallAutomation/1.5.0-alpha.20250611.1 (.NET 9.0.5; Microsoft Windows 10.0.26100)",
        "X-FORWARDED-HOST": "Sanitized",
        "x-ms-client-request-id": "Sanitized",
        "x-ms-content-sha256": "Sanitized",
        "x-ms-date": "Wed, 11 Jun 2025 20:50:15 GMT",
        "x-ms-return-client-request-id": "true"
      },
      "RequestBody": {
        "playSources": [
          {
            "kind": "text",
            "text": {
              "text": "Test prompt1",
              "voiceKind": "male",
              "voiceName": "en-US-NancyNeural"
            }
          },
          {
            "kind": "text",
            "text": {
              "text": "Test prompt2",
              "voiceKind": "male",
              "voiceName": "en-US-NancyNeural"
            }
          },
          {
            "kind": "text",
            "text": {
              "text": "Test prompt3",
              "voiceKind": "male",
              "voiceName": "en-US-NancyNeural"
            }
          }
        ],
        "playTo": [
          {
            "rawId": "Sanitized",
            "communicationUser": {
              "id": "Sanitized"
            }
          }
        ],
        "interruptCallMediaOperation": false,
        "playOptions": {
          "loop": false
        },
        "operationContext": "Sanitized"
      },
      "StatusCode": 202,
      "ResponseHeaders": {
        "api-supported-versions": "2023-03-06, 2023-10-15, 2024-04-15, 2024-09-15, 2025-05-15, 2025-06-15",
        "Content-Length": "0",
        "Date": "Wed, 11 Jun 2025 20:50:17 GMT",
        "Server": "Kestrel",
        "X-Microsoft-Skype-Chain-ID": "432a0968-ff72-4afa-9107-b1953a57ba91",
        "X-Microsoft-Skype-Client": "azsdk-net-Communication.CallAutomation/1.5.0-alpha.20250611.1 (.NET 9.0.5; Microsoft Windows 10.0.26100)",
        "x-ms-client-request-id": "Sanitized",
        "X-Ms-Client-Version": "azsdk-net-Communication.CallAutomation/1.5.0-alpha.20250611.1 (.NET 9.0.5; Microsoft Windows 10.0.26100)"
      },
      "ResponseBody": null
    },
    {
      "RequestUri": "https://sanitized.skype.com/calling/callConnections/04001680-947c-4662-8d68-8c9d94ff980f:terminate?api-version=2025-06-15",
      "RequestMethod": "POST",
      "RequestHeaders": {
        "Accept": "application/json",
        "Authorization": "Sanitized",
        "Content-Length": "0",
        "Repeatability-First-Sent": "Sanitized",
        "Repeatability-Request-ID": "Sanitized",
        "User-Agent": "azsdk-net-Communication.CallAutomation/1.5.0-alpha.20250611.1 (.NET 9.0.5; Microsoft Windows 10.0.26100)",
        "X-FORWARDED-HOST": "Sanitized",
        "x-ms-client-request-id": "Sanitized",
        "x-ms-content-sha256": "Sanitized",
        "x-ms-date": "Wed, 11 Jun 2025 20:50:24 GMT",
        "x-ms-return-client-request-id": "true"
      },
      "RequestBody": null,
      "StatusCode": 204,
      "ResponseHeaders": {
        "api-supported-versions": "2023-03-06, 2023-10-15, 2024-04-15, 2024-09-15, 2025-05-15, 2025-06-15",
        "Date": "Wed, 11 Jun 2025 20:50:25 GMT",
        "Repeatability-Result": "accepted",
        "Server": "Kestrel",
        "X-Microsoft-Skype-Chain-ID": "432a0968-ff72-4afa-9107-b1953a57ba91",
        "X-Microsoft-Skype-Client": "azsdk-net-Communication.CallAutomation/1.5.0-alpha.20250611.1 (.NET 9.0.5; Microsoft Windows 10.0.26100)",
        "x-ms-client-request-id": "Sanitized",
        "X-Ms-Client-Version": "azsdk-net-Communication.CallAutomation/1.5.0-alpha.20250611.1 (.NET 9.0.5; Microsoft Windows 10.0.26100)"
      },
      "ResponseBody": null
    },
    {
      "RequestUri": "https://sanitized.skype.com/calling/callConnections/04001680-947c-4662-8d68-8c9d94ff980f?api-version=2025-06-15",
      "RequestMethod": "GET",
      "RequestHeaders": {
        "Accept": "application/json",
        "Authorization": "Sanitized",
        "User-Agent": "azsdk-net-Communication.CallAutomation/1.5.0-alpha.20250611.1 (.NET 9.0.5; Microsoft Windows 10.0.26100)",
        "X-FORWARDED-HOST": "Sanitized",
        "x-ms-client-request-id": "Sanitized",
        "x-ms-content-sha256": "Sanitized",
        "x-ms-date": "Wed, 11 Jun 2025 20:50:25 GMT",
        "x-ms-return-client-request-id": "true"
      },
      "RequestBody": null,
      "StatusCode": 404,
      "ResponseHeaders": {
        "api-supported-versions": "2023-03-06, 2023-10-15, 2024-04-15, 2024-09-15, 2025-05-15, 2025-06-15",
        "Content-Type": "application/json; charset=utf-8",
        "Date": "Wed, 11 Jun 2025 20:50:26 GMT",
        "Server": "Kestrel",
        "Transfer-Encoding": "chunked",
        "X-Microsoft-Skype-Chain-ID": "64f3a13b-3496-480d-a7e5-744fd5960cf7",
        "X-Microsoft-Skype-Client": "azsdk-net-Communication.CallAutomation/1.5.0-alpha.20250611.1 (.NET 9.0.5; Microsoft Windows 10.0.26100)",
        "x-ms-client-request-id": "Sanitized",
        "X-Ms-Client-Version": "azsdk-net-Communication.CallAutomation/1.5.0-alpha.20250611.1 (.NET 9.0.5; Microsoft Windows 10.0.26100)"
      },
      "ResponseBody": {
        "error": {
          "code": "8522",
          "message": "Call not found.",
          "target": "/calling/callConnections/04001680-947c-4662-8d68-8c9d94ff980f"
        }
      }
    },
    {
      "RequestUri": "https://sanitized.skype.com/api/servicebuscallback/unsubscribe?q=Sanitized",
      "RequestMethod": "POST",
      "RequestHeaders": {
        "Accept": "application/json",
        "Authorization": "Sanitized",
        "Content-Length": "0",
        "User-Agent": "azsdk-net-Communication.CallAutomation/1.5.0-alpha.20250611.1 (.NET 9.0.5; Microsoft Windows 10.0.26100)",
        "x-ms-client-request-id": "Sanitized",
        "x-ms-content-sha256": "Sanitized",
        "x-ms-date": "Wed, 11 Jun 2025 20:50:26 GMT",
        "x-ms-return-client-request-id": "true"
      },
      "RequestBody": null,
      "StatusCode": 200,
      "ResponseHeaders": {
        "Content-Length": "0",
        "Date": "Wed, 11 Jun 2025 20:50:27 GMT",
        "Server": "Microsoft-IIS/10.0",
        "X-Powered-By": "ASP.NET"
      },
      "ResponseBody": null
    }
  ],
  "Variables": {
    "COGNITIVE_SERVICE_ENDPOINT": "https://sanitized.skype.com",
    "COMMUNICATION_LIVETEST_STATIC_CONNECTION_STRING": "endpoint=https://sanitized.communication.azure.com/;accesskey=Kg==",
    "DISPATCHER_ENDPOINT": "https://sanitized.skype.com",
    "RandomSeed": "634551937",
    "SERVICEBUS_STRING": "Sanitized"
  }
}
