{
  "Entries": [
    {
      "RequestUri": "https://sanitized.skype.com/identities?api-version=2023-10-01",
      "RequestMethod": "POST",
      "RequestHeaders": {
        "Accept": "application/json",
        "Authorization": "Sanitized",
        "Content-Length": "2",
        "Content-Type": "application/json",
        "traceparent": "00-90cf5648dd039546ea42a9b3ab9541c9-3a7797a66fbf0053-00",
        "User-Agent": "azsdk-net-Communication.Identity/1.4.0-alpha.20250516.1 (.NET 9.0.5; Microsoft Windows 10.0.26100)",
        "x-ms-client-request-id": "Sanitized",
        "x-ms-content-sha256": "Sanitized",
        "x-ms-date": "Fri, 16 May 2025 17:48:49 GMT",
        "x-ms-return-client-request-id": "true"
      },
      "RequestBody": {},
      "StatusCode": 201,
      "ResponseHeaders": {
        "api-supported-versions": "2020-07-20-preview2, 2021-03-07, 2021-10-31-preview, 2021-11-01, 2022-06-01, 2022-10-01, 2023-10-01, 2025-03-02-preview",
        "Connection": "keep-alive",
        "Content-Length": "31",
        "Content-Type": "application/json; charset=utf-8",
        "Date": "Fri, 16 May 2025 17:48:48 GMT",
        "MS-CV": "Sanitized",
        "Request-Context": "appId=",
        "Strict-Transport-Security": "max-age=31536000;includeSubDomains",
        "x-azure-ref": "Sanitized",
        "X-Cache": "CONFIG_NOCACHE",
        "x-ms-client-request-id": "Sanitized",
        "X-Processing-Time": "14ms"
      },
      "ResponseBody": {
        "identity": {
          "id": "Sanitized"
        }
      }
    },
    {
      "RequestUri": "https://sanitized.skype.com/identities?api-version=2023-10-01",
      "RequestMethod": "POST",
      "RequestHeaders": {
        "Accept": "application/json",
        "Authorization": "Sanitized",
        "Content-Length": "2",
        "Content-Type": "application/json",
        "traceparent": "00-56c2ee0c7dfb14c6921c3b5fb0b70fe2-cd09804ace986bb3-00",
        "User-Agent": "azsdk-net-Communication.Identity/1.4.0-alpha.20250516.1 (.NET 9.0.5; Microsoft Windows 10.0.26100)",
        "x-ms-client-request-id": "Sanitized",
        "x-ms-content-sha256": "Sanitized",
        "x-ms-date": "Fri, 16 May 2025 17:48:49 GMT",
        "x-ms-return-client-request-id": "true"
      },
      "RequestBody": {},
      "StatusCode": 201,
      "ResponseHeaders": {
        "api-supported-versions": "2020-07-20-preview2, 2021-03-07, 2021-10-31-preview, 2021-11-01, 2022-06-01, 2022-10-01, 2023-10-01, 2025-03-02-preview",
        "Connection": "keep-alive",
        "Content-Length": "31",
        "Content-Type": "application/json; charset=utf-8",
        "Date": "Fri, 16 May 2025 17:48:48 GMT",
        "MS-CV": "Sanitized",
        "Request-Context": "appId=",
        "Strict-Transport-Security": "max-age=31536000;includeSubDomains",
        "x-azure-ref": "Sanitized",
        "X-Cache": "CONFIG_NOCACHE",
        "x-ms-client-request-id": "Sanitized",
        "X-Processing-Time": "14ms"
      },
      "ResponseBody": {
        "identity": {
          "id": "Sanitized"
        }
      }
    },
    {
      "RequestUri": "https://sanitized.skype.com/api/servicebuscallback/subscribe?q=Sanitized",
      "RequestMethod": "POST",
      "RequestHeaders": {
        "Accept": "application/json",
        "Authorization": "Sanitized",
        "Content-Length": "0",
        "User-Agent": "azsdk-net-Communication.CallAutomation/1.4.0-alpha.20250516.1 (.NET 9.0.5; Microsoft Windows 10.0.26100)",
        "x-ms-client-request-id": "Sanitized",
        "x-ms-content-sha256": "Sanitized",
        "x-ms-date": "Fri, 16 May 2025 17:48:49 GMT",
        "x-ms-return-client-request-id": "true"
      },
      "RequestBody": null,
      "StatusCode": 200,
      "ResponseHeaders": {
        "Content-Length": "0",
        "Date": "Fri, 16 May 2025 17:48:49 GMT",
        "Server": "Microsoft-IIS/10.0",
        "X-Powered-By": "ASP.NET"
      },
      "ResponseBody": null
    },
    {
      "RequestUri": "https://sanitized.skype.com/calling/callConnections?api-version=2025-05-15",
      "RequestMethod": "POST",
      "RequestHeaders": {
        "Accept": "application/json",
        "Authorization": "Sanitized",
        "Content-Length": "283",
        "Content-Type": "application/json",
        "Repeatability-First-Sent": "Sanitized",
        "Repeatability-Request-ID": "Sanitized",
        "traceparent": "00-d0aa1f60884d288b8d0e0a0a9115379c-76e12b12ecff11a0-00",
        "User-Agent": "azsdk-net-Communication.CallAutomation/1.4.0-alpha.20250516.1 (.NET 9.0.5; Microsoft Windows 10.0.26100)",
        "x-ms-client-request-id": "Sanitized",
        "x-ms-content-sha256": "Sanitized",
        "x-ms-date": "Fri, 16 May 2025 17:48:50 GMT",
        "x-ms-return-client-request-id": "true"
      },
      "RequestBody": {
        "targets": [
          {
            "rawId": "Sanitized",
            "communicationUser": {
              "id": "Sanitized"
            }
          }
        ],
        "source": {
          "id": "Sanitized"
        },
        "callbackUri": "https://sanitized.skype.com/api/servicebuscallback/events?q=SanitizedSanitized",
        "callIntelligenceOptions": {
          "cognitiveServicesEndpoint": "https://sanitized.skype.com"
        }
      },
      "StatusCode": 201,
      "ResponseHeaders": {
        "Connection": "keep-alive",
        "Content-Length": "566",
        "Content-Type": "application/json; charset=utf-8",
        "Date": "Fri, 16 May 2025 17:48:50 GMT",
        "Strict-Transport-Security": "max-age=31536000;includeSubDomains",
        "x-azure-ref": "Sanitized",
        "X-Cache": "CONFIG_NOCACHE",
        "X-Microsoft-Skype-Chain-ID": "c4b1dfce-5289-46db-8cf9-0e8c63db0ef3",
        "X-Microsoft-Skype-Client": "azsdk-net-Communication.CallAutomation/1.4.0-alpha.20250516.1 (.NET 9.0.5; Microsoft Windows 10.0.26100)",
        "x-ms-client-request-id": "Sanitized"
      },
      "ResponseBody": {
        "callConnectionId": "03006680-4143-4a92-8c1a-5c692cc318ef",
        "targets": [
          {
            "rawId": "Sanitized",
            "kind": "communicationUser",
            "communicationUser": {
              "id": "Sanitized"
            }
          }
        ],
        "callConnectionState": "connecting",
        "callbackUri": "https://sanitized.skype.com/api/servicebuscallback/events?q=SanitizedSanitized",
        "sourceDisplayName": "",
        "source": {
          "rawId": "Sanitized",
          "kind": "communicationUser",
          "communicationUser": {
            "id": "Sanitized"
          }
        },
        "correlationId": "c4b1dfce-5289-46db-8cf9-0e8c63db0ef3",
        "mediaStreamingSubscription": {
          "id": "Sanitized",
          "state": "disabled",
          "subscribedContentTypes": [
            "audio"
          ]
        }
      }
    },
    {
      "RequestUri": "https://sanitized.skype.com/calling/callConnections:answer?api-version=2025-05-15",
      "RequestMethod": "POST",
      "RequestHeaders": {
        "Accept": "application/json",
        "Authorization": "Sanitized",
        "Content-Length": "191",
        "Content-Type": "application/json",
        "Repeatability-First-Sent": "Sanitized",
        "Repeatability-Request-ID": "Sanitized",
        "traceparent": "00-a7f27312912683cbb54a1cd35f2af8dd-451cd8bc325da19d-00",
        "User-Agent": "azsdk-net-Communication.CallAutomation/1.4.0-alpha.20250516.1 (.NET 9.0.5; Microsoft Windows 10.0.26100)",
        "x-ms-client-request-id": "Sanitized",
        "x-ms-content-sha256": "Sanitized",
        "x-ms-date": "Fri, 16 May 2025 17:48:52 GMT",
        "x-ms-return-client-request-id": "true"
      },
      "RequestBody": {
        "incomingCallContext": "Sanitized",
        "callbackUri": "https://sanitized.skype.com/api/servicebuscallback/events?q=SanitizedSanitized",
        "callIntelligenceOptions": {},
        "answeredBy": {
          "id": "Sanitized"
        }
      },
      "StatusCode": 200,
      "ResponseHeaders": {
        "Accept-Ranges": "bytes",
        "Connection": "keep-alive",
        "Content-Length": "789",
        "Content-Type": "application/json; charset=utf-8",
        "Date": "Fri, 16 May 2025 17:48:51 GMT",
        "Strict-Transport-Security": "max-age=31536000;includeSubDomains",
        "x-azure-ref": "Sanitized",
        "X-Cache": "CONFIG_NOCACHE",
        "X-Microsoft-Skype-Chain-ID": "c4b1dfce-5289-46db-8cf9-0e8c63db0ef3",
        "X-Microsoft-Skype-Client": "azsdk-net-Communication.CallAutomation/1.4.0-alpha.20250516.1 (.NET 9.0.5; Microsoft Windows 10.0.26100)",
        "x-ms-client-request-id": "Sanitized"
      },
      "ResponseBody": {
        "callConnectionId": "03006680-4774-4238-b73e-ab684540efdb",
        "serverCallId": "aHR0cHM6Ly9hcGkuZmxpZ2h0cHJveHkuc2t5cGUuY29tL2FwaS92Mi9jcC9jb252LXVzd2UtMDEtcHJvZC1ha3MuY29udi5za3lwZS5jb20vY29udi84MHd4Q19RQUhrV3B0QTRaZ25fNGdRP2k9MTAtNjAtMTM1LTE3OCZlPTYzODgyNjgwNjUyMTI1ODUxMg==",
        "targets": [
          {
            "rawId": "Sanitized",
            "kind": "communicationUser",
            "communicationUser": {
              "id": "Sanitized"
            }
          }
        ],
        "callConnectionState": "connecting",
        "callbackUri": "https://sanitized.skype.com/api/servicebuscallback/events?q=SanitizedSanitized",
        "source": {
          "rawId": "Sanitized",
          "kind": "communicationUser",
          "communicationUser": {
            "id": "Sanitized"
          }
        },
        "correlationId": "c4b1dfce-5289-46db-8cf9-0e8c63db0ef3",
        "answeredBy": {
          "id": "Sanitized"
        },
        "mediaStreamingSubscription": {
          "id": "Sanitized",
          "state": "disabled",
          "subscribedContentTypes": [
            "audio"
          ]
        }
      }
    },
    {
      "RequestUri": "https://sanitized.skype.com/identities?api-version=2023-10-01",
      "RequestMethod": "POST",
      "RequestHeaders": {
        "Accept": "application/json",
        "Authorization": "Sanitized",
        "Content-Length": "2",
        "Content-Type": "application/json",
        "traceparent": "00-12203810de1fb66f43760a234d0bdeb3-2f9c08d51048ac1e-00",
        "User-Agent": "azsdk-net-Communication.Identity/1.4.0-alpha.20250516.1 (.NET 9.0.5; Microsoft Windows 10.0.26100)",
        "x-ms-client-request-id": "Sanitized",
        "x-ms-content-sha256": "Sanitized",
        "x-ms-date": "Fri, 16 May 2025 17:48:54 GMT",
        "x-ms-return-client-request-id": "true"
      },
      "RequestBody": {},
      "StatusCode": 201,
      "ResponseHeaders": {
        "api-supported-versions": "2020-07-20-preview2, 2021-03-07, 2021-10-31-preview, 2021-11-01, 2022-06-01, 2022-10-01, 2023-10-01, 2025-03-02-preview",
        "Connection": "keep-alive",
        "Content-Length": "31",
        "Content-Type": "application/json; charset=utf-8",
        "Date": "Fri, 16 May 2025 17:48:53 GMT",
        "MS-CV": "Sanitized",
        "Request-Context": "appId=",
        "Strict-Transport-Security": "max-age=31536000;includeSubDomains",
        "x-azure-ref": "Sanitized",
        "X-Cache": "CONFIG_NOCACHE",
        "x-ms-client-request-id": "Sanitized",
        "X-Processing-Time": "14ms"
      },
      "ResponseBody": {
        "identity": {
          "id": "Sanitized"
        }
      }
    },
    {
      "RequestUri": "https://sanitized.skype.com/calling/callConnections/03006680-4143-4a92-8c1a-5c692cc318ef:recognize?api-version=2025-05-15",
      "RequestMethod": "POST",
      "RequestHeaders": {
        "Accept": "application/json",
        "Authorization": "Sanitized",
        "Content-Length": "398",
        "Content-Type": "application/json",
        "User-Agent": "azsdk-net-Communication.CallAutomation/1.4.0-alpha.20250516.1 (.NET 9.0.5; Microsoft Windows 10.0.26100)",
        "x-ms-client-request-id": "Sanitized",
        "x-ms-content-sha256": "Sanitized",
        "x-ms-date": "Fri, 16 May 2025 17:48:54 GMT",
        "x-ms-return-client-request-id": "true"
      },
      "RequestBody": {
        "recognizeInputType": "speech",
        "playPrompts": [
          {
            "kind": "file",
            "file": {
              "uri": "https://sanitized.skype.com/prompt.wav"
            }
          }
        ],
        "interruptCallMediaOperation": false,
        "recognizeOptions": {
          "interruptPrompt": false,
          "initialSilenceTimeoutInSeconds": 5,
          "targetParticipant": {
            "rawId": "Sanitized",
            "communicationUser": {
              "id": "Sanitized"
            }
          },
          "speechOptions": {
            "endSilenceTimeoutInMs": 1000
          }
        },
        "operationContext": "speechContext"
      },
      "StatusCode": 202,
      "ResponseHeaders": {
        "Connection": "keep-alive",
        "Content-Length": "0",
        "Date": "Fri, 16 May 2025 17:48:53 GMT",
        "Strict-Transport-Security": "max-age=31536000;includeSubDomains",
        "x-azure-ref": "Sanitized",
        "X-Cache": "CONFIG_NOCACHE",
        "X-Microsoft-Skype-Chain-ID": "c4b1dfce-5289-46db-8cf9-0e8c63db0ef3",
        "X-Microsoft-Skype-Client": "azsdk-net-Communication.CallAutomation/1.4.0-alpha.20250516.1 (.NET 9.0.5; Microsoft Windows 10.0.26100)",
        "x-ms-client-request-id": "Sanitized"
      },
      "ResponseBody": null
    },
    {
      "RequestUri": "https://sanitized.skype.com/calling/callConnections/03006680-4143-4a92-8c1a-5c692cc318ef:terminate?api-version=2025-05-15",
      "RequestMethod": "POST",
      "RequestHeaders": {
        "Accept": "application/json",
        "Authorization": "Sanitized",
        "Content-Length": "0",
        "Repeatability-First-Sent": "Sanitized",
        "Repeatability-Request-ID": "Sanitized",
        "User-Agent": "azsdk-net-Communication.CallAutomation/1.4.0-alpha.20250516.1 (.NET 9.0.5; Microsoft Windows 10.0.26100)",
        "x-ms-client-request-id": "Sanitized",
        "x-ms-content-sha256": "Sanitized",
        "x-ms-date": "Fri, 16 May 2025 17:48:55 GMT",
        "x-ms-return-client-request-id": "true"
      },
      "RequestBody": null,
      "StatusCode": 204,
      "ResponseHeaders": {
        "Connection": "keep-alive",
        "Content-Length": "0",
        "Date": "Fri, 16 May 2025 17:48:54 GMT",
        "Repeatability-Result": "accepted",
        "Strict-Transport-Security": "max-age=31536000;includeSubDomains",
        "x-azure-ref": "Sanitized",
        "X-Cache": "CONFIG_NOCACHE",
        "X-Microsoft-Skype-Chain-ID": "c4b1dfce-5289-46db-8cf9-0e8c63db0ef3",
        "X-Microsoft-Skype-Client": "azsdk-net-Communication.CallAutomation/1.4.0-alpha.20250516.1 (.NET 9.0.5; Microsoft Windows 10.0.26100)",
        "x-ms-client-request-id": "Sanitized"
      },
      "ResponseBody": null
    },
    {
      "RequestUri": "https://sanitized.skype.com/calling/callConnections/03006680-4143-4a92-8c1a-5c692cc318ef?api-version=2025-05-15",
      "RequestMethod": "GET",
      "RequestHeaders": {
        "Accept": "application/json",
        "Authorization": "Sanitized",
        "User-Agent": "azsdk-net-Communication.CallAutomation/1.4.0-alpha.20250516.1 (.NET 9.0.5; Microsoft Windows 10.0.26100)",
        "x-ms-client-request-id": "Sanitized",
        "x-ms-content-sha256": "Sanitized",
        "x-ms-date": "Fri, 16 May 2025 17:48:56 GMT",
        "x-ms-return-client-request-id": "true"
      },
      "RequestBody": null,
      "StatusCode": 404,
      "ResponseHeaders": {
        "Connection": "keep-alive",
        "Content-Length": "53",
        "Content-Type": "application/json; charset=utf-8",
        "Date": "Fri, 16 May 2025 17:48:55 GMT",
        "Strict-Transport-Security": "max-age=31536000;includeSubDomains",
        "x-azure-ref": "Sanitized",
        "X-Cache": "CONFIG_NOCACHE",
        "X-Microsoft-Skype-Chain-ID": "312e669a-77a7-4114-ba65-8808697c5414",
        "X-Microsoft-Skype-Client": "azsdk-net-Communication.CallAutomation/1.4.0-alpha.20250516.1 (.NET 9.0.5; Microsoft Windows 10.0.26100)",
        "x-ms-client-request-id": "Sanitized"
      },
      "ResponseBody": {
        "error": {
          "code": "8522",
          "message": "Call not found."
        }
      }
    },
    {
      "RequestUri": "https://sanitized.skype.com/api/servicebuscallback/unsubscribe?q=Sanitized",
      "RequestMethod": "POST",
      "RequestHeaders": {
        "Accept": "application/json",
        "Authorization": "Sanitized",
        "Content-Length": "0",
        "User-Agent": "azsdk-net-Communication.CallAutomation/1.4.0-alpha.20250516.1 (.NET 9.0.5; Microsoft Windows 10.0.26100)",
        "x-ms-client-request-id": "Sanitized",
        "x-ms-content-sha256": "Sanitized",
        "x-ms-date": "Fri, 16 May 2025 17:48:56 GMT",
        "x-ms-return-client-request-id": "true"
      },
      "RequestBody": null,
      "StatusCode": 200,
      "ResponseHeaders": {
        "Content-Length": "0",
        "Date": "Fri, 16 May 2025 17:48:56 GMT",
        "Server": "Microsoft-IIS/10.0",
        "X-Powered-By": "ASP.NET"
      },
      "ResponseBody": null
    }
  ],
  "Variables": {
    "COGNITIVE_SERVICE_ENDPOINT": "https://sanitized.skype.com",
    "COMMUNICATION_LIVETEST_STATIC_CONNECTION_STRING": "endpoint=https://sanitized.communication.azure.com/;accesskey=Kg==",
    "DISPATCHER_ENDPOINT": "https://sanitized.skype.com",
    "PMA_Endpoint": null,
    "RandomSeed": "1719428406",
    "SERVICEBUS_STRING": "Sanitized"
  }
}
