{
  "Entries": [
    {
      "RequestUri": "https://sanitized.skype.com/identities?api-version=2023-10-01",
      "RequestMethod": "POST",
      "RequestHeaders": {
        "Accept": "application/json",
        "Authorization": "Sanitized",
        "Content-Length": "2",
        "Content-Type": "application/json",
        "traceparent": "00-3f65f9d79b10b27fd9b2f80afe156298-01a67e51b89f317d-00",
        "User-Agent": "azsdk-net-Communication.Identity/1.4.0-alpha.20250724.1 (.NET 8.0.18; Microsoft Windows 10.0.26100)",
        "x-ms-client-request-id": "Sanitized",
        "x-ms-content-sha256": "Sanitized",
        "x-ms-date": "Thu, 24 Jul 2025 10:15:07 GMT",
        "x-ms-return-client-request-id": "true"
      },
      "RequestBody": {},
      "StatusCode": 201,
      "ResponseHeaders": {
        "api-supported-versions": "2020-07-20-preview2, 2021-03-07, 2021-10-31-preview, 2021-11-01, 2022-06-01, 2022-10-01, 2023-10-01, 2025-03-02-preview, 2025-06-30",
        "Connection": "keep-alive",
        "Content-Length": "31",
        "Content-Type": "application/json; charset=utf-8",
        "Date": "Thu, 24 Jul 2025 10:15:08 GMT",
        "MS-CV": "Sanitized",
        "Request-Context": "appId=",
        "Strict-Transport-Security": "max-age=31536000;includeSubDomains",
        "x-azure-ref": "Sanitized",
        "X-Cache": "CONFIG_NOCACHE",
        "x-ms-client-request-id": "Sanitized",
        "X-Processing-Time": "16ms"
      },
      "ResponseBody": {
        "identity": {
          "id": "Sanitized"
        }
      }
    },
    {
      "RequestUri": "https://sanitized.skype.com/identities?api-version=2023-10-01",
      "RequestMethod": "POST",
      "RequestHeaders": {
        "Accept": "application/json",
        "Authorization": "Sanitized",
        "Content-Length": "2",
        "Content-Type": "application/json",
        "traceparent": "00-9777a6fd91d90b2cda066a821033d931-63ee67f3715b4397-00",
        "User-Agent": "azsdk-net-Communication.Identity/1.4.0-alpha.20250724.1 (.NET 8.0.18; Microsoft Windows 10.0.26100)",
        "x-ms-client-request-id": "Sanitized",
        "x-ms-content-sha256": "Sanitized",
        "x-ms-date": "Thu, 24 Jul 2025 10:15:07 GMT",
        "x-ms-return-client-request-id": "true"
      },
      "RequestBody": {},
      "StatusCode": 201,
      "ResponseHeaders": {
        "api-supported-versions": "2020-07-20-preview2, 2021-03-07, 2021-10-31-preview, 2021-11-01, 2022-06-01, 2022-10-01, 2023-10-01, 2025-03-02-preview, 2025-06-30",
        "Connection": "keep-alive",
        "Content-Length": "31",
        "Content-Type": "application/json; charset=utf-8",
        "Date": "Thu, 24 Jul 2025 10:15:09 GMT",
        "MS-CV": "Sanitized",
        "Request-Context": "appId=",
        "Strict-Transport-Security": "max-age=31536000;includeSubDomains",
        "x-azure-ref": "Sanitized",
        "X-Cache": "CONFIG_NOCACHE",
        "x-ms-client-request-id": "Sanitized",
        "X-Processing-Time": "14ms"
      },
      "ResponseBody": {
        "identity": {
          "id": "Sanitized"
        }
      }
    },
    {
      "RequestUri": "https://sanitized.skype.com/api/servicebuscallback/subscribe?q=Sanitized",
      "RequestMethod": "POST",
      "RequestHeaders": {
        "Accept": "application/json",
        "Authorization": "Sanitized",
        "Content-Length": "0",
        "User-Agent": "azsdk-net-Communication.CallAutomation/1.6.0-alpha.20250724.1 (.NET 8.0.18; Microsoft Windows 10.0.26100)",
        "x-ms-client-request-id": "Sanitized",
        "x-ms-content-sha256": "Sanitized",
        "x-ms-date": "Thu, 24 Jul 2025 10:15:08 GMT",
        "x-ms-return-client-request-id": "true"
      },
      "RequestBody": null,
      "StatusCode": 200,
      "ResponseHeaders": {
        "Content-Length": "0",
        "Date": "Thu, 24 Jul 2025 10:15:11 GMT",
        "Server": "Microsoft-IIS/10.0",
        "X-Powered-By": "ASP.NET"
      },
      "ResponseBody": null
    },
    {
      "RequestUri": "https://sanitized.skype.com/calling/callConnections?api-version=2025-08-15-preview",
      "RequestMethod": "POST",
      "RequestHeaders": {
        "Accept": "application/json",
        "Authorization": "Sanitized",
        "Content-Length": "283",
        "Content-Type": "application/json",
        "Repeatability-First-Sent": "Sanitized",
        "Repeatability-Request-ID": "Sanitized",
        "traceparent": "00-dcf5090c977e2dee50e7d812652b5272-ae2ee5b91fc01417-00",
        "User-Agent": "azsdk-net-Communication.CallAutomation/1.6.0-alpha.20250724.1 (.NET 8.0.18; Microsoft Windows 10.0.26100)",
        "X-FORWARDED-HOST": "Sanitized",
        "x-ms-client-request-id": "Sanitized",
        "x-ms-content-sha256": "Sanitized",
        "x-ms-date": "Thu, 24 Jul 2025 10:15:10 GMT",
        "x-ms-return-client-request-id": "true"
      },
      "RequestBody": {
        "targets": [
          {
            "rawId": "Sanitized",
            "communicationUser": {
              "id": "Sanitized"
            }
          }
        ],
        "source": {
          "id": "Sanitized"
        },
        "callbackUri": "https://sanitized.skype.com/api/servicebuscallback/events?q=SanitizedSanitized",
        "callIntelligenceOptions": {
          "cognitiveServicesEndpoint": "https://sanitized.skype.com"
        }
      },
      "StatusCode": 201,
      "ResponseHeaders": {
        "api-supported-versions": "2023-06-15-preview, 2024-01-22-preview, 2024-06-15-preview, 2024-11-15-preview, 2025-03-30-preview, 2025-08-15-preview",
        "Content-Type": "application/json; charset=utf-8",
        "Date": "Thu, 24 Jul 2025 10:15:11 GMT",
        "Server": "Kestrel",
        "Transfer-Encoding": "chunked",
        "X-Microsoft-Skype-Chain-ID": "bea008ce-3ba1-4966-a44d-4dea67404301",
        "X-Microsoft-Skype-Client": "azsdk-net-Communication.CallAutomation/1.6.0-alpha.20250724.1 (.NET 8.0.18; Microsoft Windows 10.0.26100)",
        "x-ms-client-request-id": "Sanitized",
        "X-Ms-Client-Version": "azsdk-net-Communication.CallAutomation/1.6.0-alpha.20250724.1 (.NET 8.0.18; Microsoft Windows 10.0.26100)"
      },
      "ResponseBody": {
        "callConnectionId": "03009180-9c88-4f37-99d1-6588fa39a0bf",
        "targets": [
          {
            "rawId": "Sanitized",
            "kind": "communicationUser",
            "communicationUser": {
              "id": "Sanitized"
            }
          }
        ],
        "callConnectionState": "connecting",
        "callbackUri": "https://sanitized.skype.com/api/servicebuscallback/events?q=SanitizedSanitized",
        "sourceDisplayName": "",
        "source": {
          "rawId": "Sanitized",
          "kind": "communicationUser",
          "communicationUser": {
            "id": "Sanitized"
          }
        },
        "correlationId": "bea008ce-3ba1-4966-a44d-4dea67404301",
        "mediaStreamingSubscription": {
          "id": "Sanitized",
          "state": "disabled",
          "subscribedContentTypes": [
            "audio"
          ]
        }
      }
    },
    {
      "RequestUri": "https://sanitized.skype.com/calling/callConnections:answer?api-version=2025-08-15-preview",
      "RequestMethod": "POST",
      "RequestHeaders": {
        "Accept": "application/json",
        "Authorization": "Sanitized",
        "Content-Length": "191",
        "Content-Type": "application/json",
        "Repeatability-First-Sent": "Sanitized",
        "Repeatability-Request-ID": "Sanitized",
        "traceparent": "00-b4e202a3ce822c4fa6d39d7df0e8237a-53505c31427fb454-00",
        "User-Agent": "azsdk-net-Communication.CallAutomation/1.6.0-alpha.20250724.1 (.NET 8.0.18; Microsoft Windows 10.0.26100)",
        "X-FORWARDED-HOST": "Sanitized",
        "x-ms-client-request-id": "Sanitized",
        "x-ms-content-sha256": "Sanitized",
        "x-ms-date": "Thu, 24 Jul 2025 10:15:12 GMT",
        "x-ms-return-client-request-id": "true"
      },
      "RequestBody": {
        "incomingCallContext": "Sanitized",
        "callbackUri": "https://sanitized.skype.com/api/servicebuscallback/events?q=SanitizedSanitized",
        "callIntelligenceOptions": {},
        "answeredBy": {
          "id": "Sanitized"
        }
      },
      "StatusCode": 200,
      "ResponseHeaders": {
        "api-supported-versions": "2023-06-15-preview, 2024-01-22-preview, 2024-06-15-preview, 2024-11-15-preview, 2025-03-30-preview, 2025-08-15-preview",
        "Content-Type": "application/json; charset=utf-8",
        "Date": "Thu, 24 Jul 2025 10:15:13 GMT",
        "Server": "Kestrel",
        "Transfer-Encoding": "chunked",
        "X-Microsoft-Skype-Chain-ID": "bea008ce-3ba1-4966-a44d-4dea67404301",
        "X-Microsoft-Skype-Client": "azsdk-net-Communication.CallAutomation/1.6.0-alpha.20250724.1 (.NET 8.0.18; Microsoft Windows 10.0.26100)",
        "x-ms-client-request-id": "Sanitized",
        "X-Ms-Client-Version": "azsdk-net-Communication.CallAutomation/1.6.0-alpha.20250724.1 (.NET 8.0.18; Microsoft Windows 10.0.26100)"
      },
      "ResponseBody": {
        "callConnectionId": "03009180-d321-4472-b20e-f58afb64f73b",
        "serverCallId": "aHR0cHM6Ly9hcGkuZmxpZ2h0cHJveHkuc2t5cGUuY29tL2FwaS92Mi9jcC9jb252LXVzd2UtMDEtc2RmLWFrcy5jb252LnNreXBlLmNvbS9jb252L2tXTkt3T2lvYkVlbXBmaGlZRjBaM1E/aT0xMC0xMjgtMjAtMTYyJmU9NjM4ODg4OTQwMzAzMDc0OTU0",
        "targets": [
          {
            "rawId": "Sanitized",
            "kind": "communicationUser",
            "communicationUser": {
              "id": "Sanitized"
            }
          }
        ],
        "callConnectionState": "connecting",
        "callbackUri": "https://sanitized.skype.com/api/servicebuscallback/events?q=SanitizedSanitized",
        "source": {
          "rawId": "Sanitized",
          "kind": "communicationUser",
          "communicationUser": {
            "id": "Sanitized"
          }
        },
        "correlationId": "bea008ce-3ba1-4966-a44d-4dea67404301",
        "answeredBy": {
          "id": "Sanitized"
        },
        "mediaStreamingSubscription": {
          "id": "Sanitized",
          "state": "disabled",
          "subscribedContentTypes": [
            "audio"
          ]
        }
      }
    },
    {
      "RequestUri": "https://sanitized.skype.com/identities?api-version=2023-10-01",
      "RequestMethod": "POST",
      "RequestHeaders": {
        "Accept": "application/json",
        "Authorization": "Sanitized",
        "Content-Length": "2",
        "Content-Type": "application/json",
        "traceparent": "00-ce00898292498a7ed58279d7d2e96ffb-2ed59c1b920b80cc-00",
        "User-Agent": "azsdk-net-Communication.Identity/1.4.0-alpha.20250724.1 (.NET 8.0.18; Microsoft Windows 10.0.26100)",
        "x-ms-client-request-id": "Sanitized",
        "x-ms-content-sha256": "Sanitized",
        "x-ms-date": "Thu, 24 Jul 2025 10:15:14 GMT",
        "x-ms-return-client-request-id": "true"
      },
      "RequestBody": {},
      "StatusCode": 201,
      "ResponseHeaders": {
        "api-supported-versions": "2020-07-20-preview2, 2021-03-07, 2021-10-31-preview, 2021-11-01, 2022-06-01, 2022-10-01, 2023-10-01, 2025-03-02-preview, 2025-06-30",
        "Connection": "keep-alive",
        "Content-Length": "31",
        "Content-Type": "application/json; charset=utf-8",
        "Date": "Thu, 24 Jul 2025 10:15:16 GMT",
        "MS-CV": "Sanitized",
        "Request-Context": "appId=",
        "Strict-Transport-Security": "max-age=31536000;includeSubDomains",
        "x-azure-ref": "Sanitized",
        "X-Cache": "CONFIG_NOCACHE",
        "x-ms-client-request-id": "Sanitized",
        "X-Processing-Time": "13ms"
      },
      "ResponseBody": {
        "identity": {
          "id": "Sanitized"
        }
      }
    },
    {
      "RequestUri": "https://sanitized.skype.com/calling/callConnections/03009180-9c88-4f37-99d1-6588fa39a0bf:recognize?api-version=2025-08-15-preview",
      "RequestMethod": "POST",
      "RequestHeaders": {
        "Accept": "application/json",
        "Authorization": "Sanitized",
        "Content-Length": "492",
        "Content-Type": "application/json",
        "User-Agent": "azsdk-net-Communication.CallAutomation/1.6.0-alpha.20250724.1 (.NET 8.0.18; Microsoft Windows 10.0.26100)",
        "X-FORWARDED-HOST": "Sanitized",
        "x-ms-client-request-id": "Sanitized",
        "x-ms-content-sha256": "Sanitized",
        "x-ms-date": "Thu, 24 Jul 2025 10:15:15 GMT",
        "x-ms-return-client-request-id": "true"
      },
      "RequestBody": {
        "recognizeInputType": "speech",
        "playPrompts": [
          {
            "kind": "file",
            "file": {
              "uri": "https://sanitized.skype.com/prompt.wav"
            }
          },
          {
            "kind": "text",
            "text": {
              "text": "Test prompt1",
              "voiceKind": "male",
              "voiceName": "en-US-NancyNeural"
            }
          }
        ],
        "interruptCallMediaOperation": false,
        "recognizeOptions": {
          "interruptPrompt": false,
          "initialSilenceTimeoutInSeconds": 5,
          "targetParticipant": {
            "rawId": "Sanitized",
            "communicationUser": {
              "id": "Sanitized"
            }
          },
          "speechOptions": {
            "endSilenceTimeoutInMs": 1000
          }
        },
        "operationContext": "Sanitized"
      },
      "StatusCode": 202,
      "ResponseHeaders": {
        "api-supported-versions": "2023-06-15-preview, 2024-01-22-preview, 2024-06-15-preview, 2024-11-15-preview, 2025-03-30-preview, 2025-08-15-preview",
        "Content-Length": "0",
        "Date": "Thu, 24 Jul 2025 10:15:16 GMT",
        "Server": "Kestrel",
        "X-Microsoft-Skype-Chain-ID": "bea008ce-3ba1-4966-a44d-4dea67404301",
        "X-Microsoft-Skype-Client": "azsdk-net-Communication.CallAutomation/1.6.0-alpha.20250724.1 (.NET 8.0.18; Microsoft Windows 10.0.26100)",
        "x-ms-client-request-id": "Sanitized",
        "X-Ms-Client-Version": "azsdk-net-Communication.CallAutomation/1.6.0-alpha.20250724.1 (.NET 8.0.18; Microsoft Windows 10.0.26100)"
      },
      "ResponseBody": null
    },
    {
      "RequestUri": "https://sanitized.skype.com/calling/callConnections/03009180-9c88-4f37-99d1-6588fa39a0bf:terminate?api-version=2025-08-15-preview",
      "RequestMethod": "POST",
      "RequestHeaders": {
        "Accept": "application/json",
        "Authorization": "Sanitized",
        "Content-Length": "0",
        "Repeatability-First-Sent": "Sanitized",
        "Repeatability-Request-ID": "Sanitized",
        "User-Agent": "azsdk-net-Communication.CallAutomation/1.6.0-alpha.20250724.1 (.NET 8.0.18; Microsoft Windows 10.0.26100)",
        "X-FORWARDED-HOST": "Sanitized",
        "x-ms-client-request-id": "Sanitized",
        "x-ms-content-sha256": "Sanitized",
        "x-ms-date": "Thu, 24 Jul 2025 10:15:27 GMT",
        "x-ms-return-client-request-id": "true"
      },
      "RequestBody": null,
      "StatusCode": 204,
      "ResponseHeaders": {
        "api-supported-versions": "2023-06-15-preview, 2024-01-22-preview, 2024-06-15-preview, 2024-11-15-preview, 2025-03-30-preview, 2025-08-15-preview",
        "Date": "Thu, 24 Jul 2025 10:15:28 GMT",
        "Repeatability-Result": "accepted",
        "Server": "Kestrel",
        "X-Microsoft-Skype-Chain-ID": "bea008ce-3ba1-4966-a44d-4dea67404301",
        "X-Microsoft-Skype-Client": "azsdk-net-Communication.CallAutomation/1.6.0-alpha.20250724.1 (.NET 8.0.18; Microsoft Windows 10.0.26100)",
        "x-ms-client-request-id": "Sanitized",
        "X-Ms-Client-Version": "azsdk-net-Communication.CallAutomation/1.6.0-alpha.20250724.1 (.NET 8.0.18; Microsoft Windows 10.0.26100)"
      },
      "ResponseBody": null
    },
    {
      "RequestUri": "https://sanitized.skype.com/calling/callConnections/03009180-9c88-4f37-99d1-6588fa39a0bf?api-version=2025-08-15-preview",
      "RequestMethod": "GET",
      "RequestHeaders": {
        "Accept": "application/json",
        "Authorization": "Sanitized",
        "User-Agent": "azsdk-net-Communication.CallAutomation/1.6.0-alpha.20250724.1 (.NET 8.0.18; Microsoft Windows 10.0.26100)",
        "X-FORWARDED-HOST": "Sanitized",
        "x-ms-client-request-id": "Sanitized",
        "x-ms-content-sha256": "Sanitized",
        "x-ms-date": "Thu, 24 Jul 2025 10:15:29 GMT",
        "x-ms-return-client-request-id": "true"
      },
      "RequestBody": null,
      "StatusCode": 404,
      "ResponseHeaders": {
        "api-supported-versions": "2023-06-15-preview, 2024-01-22-preview, 2024-06-15-preview, 2024-11-15-preview, 2025-03-30-preview, 2025-08-15-preview",
        "Content-Type": "application/json; charset=utf-8",
        "Date": "Thu, 24 Jul 2025 10:15:30 GMT",
        "Server": "Kestrel",
        "Transfer-Encoding": "chunked",
        "X-Microsoft-Skype-Chain-ID": "1cc698da-6178-4720-b457-7e47a80f4484",
        "X-Microsoft-Skype-Client": "azsdk-net-Communication.CallAutomation/1.6.0-alpha.20250724.1 (.NET 8.0.18; Microsoft Windows 10.0.26100)",
        "x-ms-client-request-id": "Sanitized",
        "X-Ms-Client-Version": "azsdk-net-Communication.CallAutomation/1.6.0-alpha.20250724.1 (.NET 8.0.18; Microsoft Windows 10.0.26100)"
      },
      "ResponseBody": {
        "error": {
          "code": "8522",
          "message": "Call not found.",
          "target": "/calling/callConnections/03009180-9c88-4f37-99d1-6588fa39a0bf"
        }
      }
    },
    {
      "RequestUri": "https://sanitized.skype.com/api/servicebuscallback/unsubscribe?q=Sanitized",
      "RequestMethod": "POST",
      "RequestHeaders": {
        "Accept": "application/json",
        "Authorization": "Sanitized",
        "Content-Length": "0",
        "User-Agent": "azsdk-net-Communication.CallAutomation/1.6.0-alpha.20250724.1 (.NET 8.0.18; Microsoft Windows 10.0.26100)",
        "x-ms-client-request-id": "Sanitized",
        "x-ms-content-sha256": "Sanitized",
        "x-ms-date": "Thu, 24 Jul 2025 10:15:30 GMT",
        "x-ms-return-client-request-id": "true"
      },
      "RequestBody": null,
      "StatusCode": 200,
      "ResponseHeaders": {
        "Content-Length": "0",
        "Date": "Thu, 24 Jul 2025 10:15:31 GMT",
        "Server": "Microsoft-IIS/10.0",
        "X-Powered-By": "ASP.NET"
      },
      "ResponseBody": null
    }
  ],
  "Variables": {
    "COGNITIVE_SERVICE_ENDPOINT": "https://sanitized.skype.com",
    "COMMUNICATION_LIVETEST_STATIC_CONNECTION_STRING": "endpoint=https://sanitized.communication.azure.com/;accesskey=Kg==",
    "DISPATCHER_ENDPOINT": "https://sanitized.skype.com",
    "FILE_SOURCE_URL": "https://sanitized.skype.com/prompt.wav",
    "PMA_Endpoint": "https://sanitized.com",
    "RandomSeed": "1795930157",
    "SERVICEBUS_STRING": "Sanitized"
  }
}
