{
  "Entries": [
    {
      "RequestUri": "https://management.azure.com/subscriptions/00000000-0000-0000-0000-000000000000/resourcegroups/Sanitized?api-version=2021-04-01",
      "RequestMethod": "PUT",
      "RequestHeaders": {
        "Accept": "application/json",
        "Accept-Encoding": "gzip",
        "Authorization": "Sanitized",
        "Content-Length": "21",
        "Content-Type": "application/json",
        "User-Agent": "azsdk-go-armresources/v1.0.0 (go1.20.6; Windows_NT)"
      },
      "RequestBody": {
        "location": "westus"
      },
      "StatusCode": 201,
      "ResponseHeaders": {
        "Cache-Control": "no-cache",
        "Content-Length": "225",
        "Content-Type": "application/json; charset=utf-8",
        "Date": "Thu, 31 Aug 2023 08:12:37 GMT",
        "Expires": "-1",
        "Pragma": "no-cache",
        "Strict-Transport-Security": "max-age=31536000; includeSubDomains",
        "X-Content-Type-Options": "nosniff",
        "x-ms-correlation-request-id": "00000000-0000-0000-0000-000000000000",
        "x-ms-ratelimit-remaining-subscription-writes": "1197",
        "x-ms-request-id": "00000000-0000-0000-0000-000000000000",
        "x-ms-routing-request-id": "KOREASOUTH:20230831T081237Z:00000000-0000-0000-0000-000000000000"
      },
      "ResponseBody": {
        "id": "/subscriptions/00000000-0000-0000-0000-000000000000/resourceGroups/Sanitized",
        "name": "Sanitized",
        "type": "Microsoft.Resources/resourceGroups",
        "location": "westus",
        "properties": {
          "provisioningState": "Succeeded"
        }
      }
    },
    {
      "RequestUri": "https://management.azure.com/subscriptions/00000000-0000-0000-0000-000000000000/resourceGroups/Sanitized/providers/Microsoft.DBforMariaDB/servers/servernaLMwXsR?api-version=2018-06-01",
      "RequestMethod": "PUT",
      "RequestHeaders": {
        "Accept": "application/json",
        "Accept-Encoding": "gzip",
        "Authorization": "Sanitized",
        "Content-Length": "393",
        "Content-Type": "application/json",
        "User-Agent": "azsdk-go-armmariadb/v1.1.1 (go1.20.6; Windows_NT)"
      },
      "RequestBody": {
        "location": "westus",
        "properties": {
          "administratorLogin": "cloudsa",
          "administratorLoginPassword": "",
          "createMode": "Default",
          "minimalTlsVersion": "TLS1_2",
          "sslEnforcement": "Enabled",
          "storageProfile": {
            "backupRetentionDays": 7,
            "geoRedundantBackup": "Enabled",
            "storageMB": 128000
          }
        },
        "sku": {
          "capacity": 2,
          "family": "Gen5",
          "name": "GP_Gen5_2",
          "tier": "GeneralPurpose"
        },
        "tags": {
          "ElasticServer": "1"
        }
      },
      "StatusCode": 202,
      "ResponseHeaders": {
        "Azure-AsyncOperation": "https://management.azure.com/subscriptions/00000000-0000-0000-0000-000000000000/providers/Microsoft.DBforMariaDB/locations/westus/azureAsyncOperation/00000000-0000-0000-0000-000000000000?api-version=2018-06-01",
        "Cache-Control": "no-cache",
        "Content-Length": "74",
        "Content-Type": "application/json; charset=utf-8",
        "Date": "Thu, 31 Aug 2023 08:12:39 GMT",
        "Expires": "-1",
        "Location": "https://management.azure.com/subscriptions/00000000-0000-0000-0000-000000000000/providers/Microsoft.DBforMariaDB/locations/westus/operationResults/00000000-0000-0000-0000-000000000000?api-version=2018-06-01",
        "Pragma": "no-cache",
        "Retry-After": "60",
        "Server": "Microsoft-HTTPAPI/2.0",
        "Strict-Transport-Security": "max-age=31536000; includeSubDomains",
        "X-Content-Type-Options": "nosniff",
        "x-ms-correlation-request-id": "00000000-0000-0000-0000-000000000000",
        "x-ms-ratelimit-remaining-subscription-writes": "1196",
        "x-ms-request-id": "00000000-0000-0000-0000-000000000000",
        "x-ms-routing-request-id": "KOREASOUTH:20230831T081239Z:00000000-0000-0000-0000-000000000000"
      },
      "ResponseBody": {
        "operation": "UpsertElasticServer",
        "startTime": "2023-08-31T08:12:38.493Z"
      }
    },
    {
      "RequestUri": "https://management.azure.com/subscriptions/00000000-0000-0000-0000-000000000000/providers/Microsoft.DBforMariaDB/locations/westus/azureAsyncOperation/00000000-0000-0000-0000-000000000000?api-version=2018-06-01",
      "RequestMethod": "GET",
      "RequestHeaders": {
        "Accept-Encoding": "gzip",
        "Authorization": "Sanitized",
        "User-Agent": "azsdk-go-armmariadb/v1.1.1 (go1.20.6; Windows_NT)"
      },
      "RequestBody": null,
      "StatusCode": 200,
      "ResponseHeaders": {
        "Cache-Control": "no-cache",
        "Content-Encoding": "gzip",
        "Content-Type": "application/json; charset=utf-8",
        "Date": "Thu, 31 Aug 2023 08:13:39 GMT",
        "Expires": "-1",
        "Pragma": "no-cache",
        "Retry-After": "60",
        "Server": "Microsoft-HTTPAPI/2.0",
        "Strict-Transport-Security": "max-age=31536000; includeSubDomains",
        "Transfer-Encoding": "chunked",
        "Vary": "Accept-Encoding",
        "X-Content-Type-Options": "nosniff",
        "x-ms-correlation-request-id": "00000000-0000-0000-0000-000000000000",
        "x-ms-ratelimit-remaining-subscription-reads": "11986",
        "x-ms-request-id": "00000000-0000-0000-0000-000000000000",
        "x-ms-routing-request-id": "KOREASOUTH:20230831T081340Z:00000000-0000-0000-0000-000000000000"
      },
      "ResponseBody": {
        "name": "00000000-0000-0000-0000-000000000000",
        "status": "Succeeded",
        "startTime": "2023-08-31T08:12:38.493Z"
      }
    },
    {
      "RequestUri": "https://management.azure.com/subscriptions/00000000-0000-0000-0000-000000000000/resourceGroups/Sanitized/providers/Microsoft.DBforMariaDB/servers/servernaLMwXsR?api-version=2018-06-01",
      "RequestMethod": "GET",
      "RequestHeaders": {
        "Accept-Encoding": "gzip",
        "Authorization": "Sanitized",
        "User-Agent": "azsdk-go-armmariadb/v1.1.1 (go1.20.6; Windows_NT)"
      },
      "RequestBody": null,
      "StatusCode": 200,
      "ResponseHeaders": {
        "Cache-Control": "no-cache",
        "Content-Encoding": "gzip",
        "Content-Type": "application/json; charset=utf-8",
        "Date": "Thu, 31 Aug 2023 08:13:40 GMT",
        "Expires": "-1",
        "Pragma": "no-cache",
        "Server": "Microsoft-HTTPAPI/2.0",
        "Strict-Transport-Security": "max-age=31536000; includeSubDomains",
        "Transfer-Encoding": "chunked",
        "Vary": "Accept-Encoding",
        "X-Content-Type-Options": "nosniff",
        "x-ms-correlation-request-id": "00000000-0000-0000-0000-000000000000",
        "x-ms-ratelimit-remaining-subscription-reads": "11985",
        "x-ms-request-id": "00000000-0000-0000-0000-000000000000",
        "x-ms-routing-request-id": "KOREASOUTH:20230831T081340Z:00000000-0000-0000-0000-000000000000"
      },
      "ResponseBody": {
        "sku": {
          "name": "GP_Gen5_2",
          "tier": "GeneralPurpose",
          "family": "Gen5",
          "capacity": 2
        },
        "properties": {
          "administratorLogin": "cloudsa",
          "storageProfile": {
            "storageMB": 128000,
            "backupRetentionDays": 7,
            "geoRedundantBackup": "Enabled",
            "storageAutogrow": "Disabled"
          },
          "version": "10.2",
          "sslEnforcement": "Enabled",
          "minimalTlsVersion": "TLS1_2",
          "userVisibleState": "Ready",
          "fullyQualifiedDomainName": "servernalmwxsr.mariadb.database.azure.com",
          "earliestRestoreDate": "2023-08-31T08:22:38.803\u002B00:00",
          "replicationRole": "None",
          "masterServerId": "",
          "replicaCapacity": 5,
          "byokEnforcement": "Disabled",
          "infrastructureEncryption": "Disabled",
          "privateEndpointConnections": [],
          "publicNetworkAccess": "Enabled"
        },
        "location": "westus",
        "tags": {
          "ElasticServer": "1"
        },
        "id": "/subscriptions/00000000-0000-0000-0000-000000000000/resourceGroups/Sanitized/providers/Microsoft.DBforMariaDB/servers/servernalmwxsr",
        "name": "servernalmwxsr",
        "type": "Microsoft.DBforMariaDB/servers"
      }
    },
    {
      "RequestUri": "https://management.azure.com/subscriptions/00000000-0000-0000-0000-000000000000/resourcegroups/Sanitized/providers/Microsoft.Resources/deployments/Create_PrivateEndpoint?api-version=2021-04-01",
      "RequestMethod": "PUT",
      "RequestHeaders": {
        "Accept": "application/json",
        "Accept-Encoding": "gzip",
        "Authorization": "Sanitized",
        "Content-Length": "2942",
        "Content-Type": "application/json",
        "User-Agent": "azsdk-go-armresources/v1.0.0 (go1.20.6; Windows_NT)"
      },
      "RequestBody": {
        "properties": {
          "mode": "Incremental",
          "template": {
            "$schema": "https://schema.management.azure.com/schemas/2019-04-01/deploymentTemplate.json#",
            "contentVersion": "1.0.0.0",
            "parameters": {
              "location": {
                "defaultValue": "westus",
                "type": "string"
              },
              "mariadbId": {
                "defaultValue": "Sanitized",
                "type": "string"
              },
              "networkInterfaceName": {
                "defaultValue": "epmariadb-nic",
                "type": "string"
              },
              "privateEndpointName": {
                "defaultValue": "epmariadb",
                "type": "string"
              },
              "virtualNetworksName": {
                "defaultValue": "epmariadbvnet",
                "type": "string"
              }
            },
            "resources": [
              {
                "apiVersion": "2020-11-01",
                "location": "[parameters(\u0027location\u0027)]",
                "name": "[parameters(\u0027virtualNetworksName\u0027)]",
                "properties": {
                  "addressSpace": {
                    "addressPrefixes": [
                      "10.0.0.0/16"
                    ]
                  },
                  "enableDdosProtection": false,
                  "subnets": [
                    {
                      "name": "default",
                      "properties": {
                        "addressPrefix": "10.0.0.0/24",
                        "delegations": [],
                        "privateEndpointNetworkPolicies": "Disabled",
                        "privateLinkServiceNetworkPolicies": "Enabled"
                      }
                    }
                  ],
                  "virtualNetworkPeerings": []
                },
                "type": "Microsoft.Network/virtualNetworks"
              },
              {
                "apiVersion": "2020-11-01",
                "dependsOn": [
                  "[resourceId(\u0027Microsoft.Network/virtualNetworks/subnets\u0027, parameters(\u0027virtualNetworksName\u0027), \u0027default\u0027)]"
                ],
                "location": "[parameters(\u0027location\u0027)]",
                "name": "[parameters(\u0027networkInterfaceName\u0027)]",
                "properties": {
                  "dnsSettings": {
                    "dnsServers": []
                  },
                  "enableIPForwarding": false,
                  "ipConfigurations": [
                    {
                      "name": "privateEndpointIpConfig",
                      "properties": {
                        "primary": true,
                        "privateIPAddress": "10.0.0.4",
                        "privateIPAddressVersion": "IPv4",
                        "privateIPAllocationMethod": "Dynamic",
                        "subnet": {
                          "id": "[resourceId(\u0027Microsoft.Network/virtualNetworks/subnets\u0027, parameters(\u0027virtualNetworksName\u0027), \u0027default\u0027)]"
                        }
                      }
                    }
                  ]
                },
                "type": "Microsoft.Network/networkInterfaces"
              },
              {
                "apiVersion": "2020-11-01",
                "dependsOn": [
                  "[resourceId(\u0027Microsoft.Network/virtualNetworks/subnets\u0027, parameters(\u0027virtualNetworksName\u0027), \u0027default\u0027)]"
                ],
                "location": "[parameters(\u0027location\u0027)]",
                "name": "[parameters(\u0027privateEndpointName\u0027)]",
                "properties": {
                  "customDnsConfigs": [],
                  "manualPrivateLinkServiceConnections": [],
                  "privateLinkServiceConnections": [
                    {
                      "name": "[parameters(\u0027privateEndpointName\u0027)]",
                      "properties": {
                        "groupIds": [
                          "mariadbServer"
                        ],
                        "privateLinkServiceConnectionState": {
                          "actionsRequired": "None",
                          "description": "Auto-Approved",
                          "status": "Approved"
                        },
                        "privateLinkServiceId": "[parameters(\u0027mariadbId\u0027)]"
                      }
                    }
                  ],
                  "subnet": {
                    "id": "[resourceId(\u0027Microsoft.Network/virtualNetworks/subnets\u0027, parameters(\u0027virtualNetworksName\u0027), \u0027default\u0027)]"
                  }
                },
                "type": "Microsoft.Network/privateEndpoints"
              },
              {
                "apiVersion": "2020-11-01",
                "dependsOn": [
                  "[resourceId(\u0027Microsoft.Network/virtualNetworks\u0027, parameters(\u0027virtualNetworksName\u0027))]"
                ],
                "name": "[concat(parameters(\u0027virtualNetworksName\u0027), \u0027/default\u0027)]",
                "properties": {
                  "addressPrefix": "10.0.0.0/24",
                  "delegations": [],
                  "privateEndpointNetworkPolicies": "Disabled",
                  "privateLinkServiceNetworkPolicies": "Enabled"
                },
                "type": "Microsoft.Network/virtualNetworks/subnets"
              }
            ],
            "variables": {}
          }
        }
      },
      "StatusCode": 201,
      "ResponseHeaders": {
        "Azure-AsyncOperation": "https://management.azure.com/subscriptions/00000000-0000-0000-0000-000000000000/resourcegroups/Sanitized/providers/Microsoft.Resources/deployments/Create_PrivateEndpoint/operationStatuses/08585081372638892055?api-version=2021-04-01",
        "Cache-Control": "no-cache",
        "Content-Length": "2729",
        "Content-Type": "application/json; charset=utf-8",
        "Date": "Thu, 31 Aug 2023 08:13:43 GMT",
        "Expires": "-1",
        "Pragma": "no-cache",
        "Strict-Transport-Security": "max-age=31536000; includeSubDomains",
        "X-Content-Type-Options": "nosniff",
        "x-ms-correlation-request-id": "00000000-0000-0000-0000-000000000000",
        "x-ms-ratelimit-remaining-subscription-writes": "1195",
        "x-ms-request-id": "00000000-0000-0000-0000-000000000000",
        "x-ms-routing-request-id": "KOREASOUTH:20230831T081344Z:00000000-0000-0000-0000-000000000000"
      },
      "ResponseBody": {
        "id": "/subscriptions/00000000-0000-0000-0000-000000000000/resourceGroups/Sanitized/providers/Microsoft.Resources/deployments/Create_PrivateEndpoint",
        "name": "Create_PrivateEndpoint",
        "type": "Microsoft.Resources/deployments",
        "properties": {
          "templateHash": "18398182023707773796",
          "parameters": {
            "location": {
              "type": "String",
              "value": "westus"
            },
            "mariadbId": {
              "type": "String",
              "value": "/subscriptions/00000000-0000-0000-0000-000000000000/resourceGroups/Sanitized/providers/Microsoft.DBforMariaDB/servers/servernalmwxsr"
            },
            "networkInterfaceName": {
              "type": "String",
              "value": "epmariadb-nic"
            },
            "privateEndpointName": {
              "type": "String",
              "value": "epmariadb"
            },
            "virtualNetworksName": {
              "type": "String",
              "value": "epmariadbvnet"
            }
          },
          "mode": "Incremental",
          "provisioningState": "Accepted",
          "timestamp": "2023-08-31T08:13:43.4797117Z",
          "duration": "PT0.0004582S",
          "correlationId": "00000000-0000-0000-0000-000000000000",
          "providers": [
            {
              "namespace": "Microsoft.Network",
              "resourceTypes": [
                {
                  "resourceType": "virtualNetworks",
                  "locations": [
                    "westus"
                  ]
                },
                {
                  "resourceType": "networkInterfaces",
                  "locations": [
                    "westus"
                  ]
                },
                {
                  "resourceType": "privateEndpoints",
                  "locations": [
                    "westus"
                  ]
                },
                {
                  "resourceType": "virtualNetworks/subnets",
                  "locations": [
                    null
                  ]
                }
              ]
            }
          ],
          "dependencies": [
            {
              "dependsOn": [
                {
                  "id": "/subscriptions/00000000-0000-0000-0000-000000000000/resourceGroups/Sanitized/providers/Microsoft.Network/virtualNetworks/epmariadbvnet/subnets/default",
                  "resourceType": "Microsoft.Network/virtualNetworks/subnets",
                  "resourceName": "epmariadbvnet/default"
                }
              ],
              "id": "/subscriptions/00000000-0000-0000-0000-000000000000/resourceGroups/Sanitized/providers/Microsoft.Network/networkInterfaces/epmariadb-nic",
              "resourceType": "Microsoft.Network/networkInterfaces",
              "resourceName": "epmariadb-nic"
            },
            {
              "dependsOn": [
                {
                  "id": "/subscriptions/00000000-0000-0000-0000-000000000000/resourceGroups/Sanitized/providers/Microsoft.Network/virtualNetworks/epmariadbvnet/subnets/default",
                  "resourceType": "Microsoft.Network/virtualNetworks/subnets",
                  "resourceName": "epmariadbvnet/default"
                }
              ],
              "id": "/subscriptions/00000000-0000-0000-0000-000000000000/resourceGroups/Sanitized/providers/Microsoft.Network/privateEndpoints/epmariadb",
              "resourceType": "Microsoft.Network/privateEndpoints",
              "resourceName": "epmariadb"
            },
            {
              "dependsOn": [
                {
                  "id": "/subscriptions/00000000-0000-0000-0000-000000000000/resourceGroups/Sanitized/providers/Microsoft.Network/virtualNetworks/epmariadbvnet",
                  "resourceType": "Microsoft.Network/virtualNetworks",
                  "resourceName": "epmariadbvnet"
                }
              ],
              "id": "/subscriptions/00000000-0000-0000-0000-000000000000/resourceGroups/Sanitized/providers/Microsoft.Network/virtualNetworks/epmariadbvnet/subnets/default",
              "resourceType": "Microsoft.Network/virtualNetworks/subnets",
              "resourceName": "epmariadbvnet/default"
            }
          ]
        }
      }
    },
    {
      "RequestUri": "https://management.azure.com/subscriptions/00000000-0000-0000-0000-000000000000/resourcegroups/Sanitized/providers/Microsoft.Resources/deployments/Create_PrivateEndpoint/operationStatuses/08585081372638892055?api-version=2021-04-01",
      "RequestMethod": "GET",
      "RequestHeaders": {
        "Accept-Encoding": "gzip",
        "Authorization": "Sanitized",
        "User-Agent": "azsdk-go-armresources/v1.0.0 (go1.20.6; Windows_NT)"
      },
      "RequestBody": null,
      "StatusCode": 200,
      "ResponseHeaders": {
        "Cache-Control": "no-cache",
        "Content-Encoding": "gzip",
        "Content-Length": "20",
        "Content-Type": "application/json; charset=utf-8",
        "Date": "Thu, 31 Aug 2023 08:13:44 GMT",
        "Expires": "-1",
        "Pragma": "no-cache",
        "Strict-Transport-Security": "max-age=31536000; includeSubDomains",
        "Vary": "Accept-Encoding",
        "X-Content-Type-Options": "nosniff",
        "x-ms-correlation-request-id": "00000000-0000-0000-0000-000000000000",
        "x-ms-ratelimit-remaining-subscription-reads": "11984",
        "x-ms-request-id": "00000000-0000-0000-0000-000000000000",
        "x-ms-routing-request-id": "KOREASOUTH:20230831T081344Z:00000000-0000-0000-0000-000000000000"
      },
      "ResponseBody": {
        "status": "Running"
      }
    },
    {
      "RequestUri": "https://management.azure.com/subscriptions/00000000-0000-0000-0000-000000000000/resourcegroups/Sanitized/providers/Microsoft.Resources/deployments/Create_PrivateEndpoint/operationStatuses/08585081372638892055?api-version=2021-04-01",
      "RequestMethod": "GET",
      "RequestHeaders": {
        "Accept-Encoding": "gzip",
        "Authorization": "Sanitized",
        "User-Agent": "azsdk-go-armresources/v1.0.0 (go1.20.6; Windows_NT)"
      },
      "RequestBody": null,
      "StatusCode": 200,
      "ResponseHeaders": {
        "Cache-Control": "no-cache",
        "Content-Encoding": "gzip",
        "Content-Length": "20",
        "Content-Type": "application/json; charset=utf-8",
        "Date": "Thu, 31 Aug 2023 08:14:14 GMT",
        "Expires": "-1",
        "Pragma": "no-cache",
        "Strict-Transport-Security": "max-age=31536000; includeSubDomains",
        "Vary": "Accept-Encoding",
        "X-Content-Type-Options": "nosniff",
        "x-ms-correlation-request-id": "00000000-0000-0000-0000-000000000000",
        "x-ms-ratelimit-remaining-subscription-reads": "11983",
        "x-ms-request-id": "00000000-0000-0000-0000-000000000000",
        "x-ms-routing-request-id": "KOREASOUTH:20230831T081415Z:00000000-0000-0000-0000-000000000000"
      },
      "ResponseBody": {
        "status": "Running"
      }
    },
    {
      "RequestUri": "https://management.azure.com/subscriptions/00000000-0000-0000-0000-000000000000/resourcegroups/Sanitized/providers/Microsoft.Resources/deployments/Create_PrivateEndpoint/operationStatuses/08585081372638892055?api-version=2021-04-01",
      "RequestMethod": "GET",
      "RequestHeaders": {
        "Accept-Encoding": "gzip",
        "Authorization": "Sanitized",
        "User-Agent": "azsdk-go-armresources/v1.0.0 (go1.20.6; Windows_NT)"
      },
      "RequestBody": null,
      "StatusCode": 200,
      "ResponseHeaders": {
        "Cache-Control": "no-cache",
        "Content-Encoding": "gzip",
        "Content-Length": "22",
        "Content-Type": "application/json; charset=utf-8",
        "Date": "Thu, 31 Aug 2023 08:14:45 GMT",
        "Expires": "-1",
        "Pragma": "no-cache",
        "Strict-Transport-Security": "max-age=31536000; includeSubDomains",
        "Vary": "Accept-Encoding",
        "X-Content-Type-Options": "nosniff",
        "x-ms-correlation-request-id": "00000000-0000-0000-0000-000000000000",
        "x-ms-ratelimit-remaining-subscription-reads": "11982",
        "x-ms-request-id": "00000000-0000-0000-0000-000000000000",
        "x-ms-routing-request-id": "KOREASOUTH:20230831T081445Z:00000000-0000-0000-0000-000000000000"
      },
      "ResponseBody": {
        "status": "Succeeded"
      }
    },
    {
      "RequestUri": "https://management.azure.com/subscriptions/00000000-0000-0000-0000-000000000000/resourcegroups/Sanitized/providers/Microsoft.Resources/deployments/Create_PrivateEndpoint?api-version=2021-04-01",
      "RequestMethod": "GET",
      "RequestHeaders": {
        "Accept-Encoding": "gzip",
        "Authorization": "Sanitized",
        "User-Agent": "azsdk-go-armresources/v1.0.0 (go1.20.6; Windows_NT)"
      },
      "RequestBody": null,
      "StatusCode": 200,
      "ResponseHeaders": {
        "Cache-Control": "no-cache",
        "Content-Encoding": "gzip",
        "Content-Length": "3362",
        "Content-Type": "application/json; charset=utf-8",
        "Date": "Thu, 31 Aug 2023 08:14:46 GMT",
        "Expires": "-1",
        "Pragma": "no-cache",
        "Strict-Transport-Security": "max-age=31536000; includeSubDomains",
        "Vary": "Accept-Encoding",
        "X-Content-Type-Options": "nosniff",
        "x-ms-correlation-request-id": "00000000-0000-0000-0000-000000000000",
        "x-ms-ratelimit-remaining-subscription-reads": "11981",
        "x-ms-request-id": "00000000-0000-0000-0000-000000000000",
        "x-ms-routing-request-id": "KOREASOUTH:20230831T081446Z:00000000-0000-0000-0000-000000000000"
      },
      "ResponseBody": {
        "id": "/subscriptions/00000000-0000-0000-0000-000000000000/resourceGroups/Sanitized/providers/Microsoft.Resources/deployments/Create_PrivateEndpoint",
        "name": "Create_PrivateEndpoint",
        "type": "Microsoft.Resources/deployments",
        "properties": {
          "templateHash": "18398182023707773796",
          "parameters": {
            "location": {
              "type": "String",
              "value": "westus"
            },
            "mariadbId": {
              "type": "String",
              "value": "/subscriptions/00000000-0000-0000-0000-000000000000/resourceGroups/Sanitized/providers/Microsoft.DBforMariaDB/servers/servernalmwxsr"
            },
            "networkInterfaceName": {
              "type": "String",
              "value": "epmariadb-nic"
            },
            "privateEndpointName": {
              "type": "String",
              "value": "epmariadb"
            },
            "virtualNetworksName": {
              "type": "String",
              "value": "epmariadbvnet"
            }
          },
          "mode": "Incremental",
          "provisioningState": "Succeeded",
          "timestamp": "2023-08-31T08:14:27.0434992Z",
          "duration": "PT43.5642457S",
          "correlationId": "00000000-0000-0000-0000-000000000000",
          "providers": [
            {
              "namespace": "Microsoft.Network",
              "resourceTypes": [
                {
                  "resourceType": "virtualNetworks",
                  "locations": [
                    "westus"
                  ]
                },
                {
                  "resourceType": "networkInterfaces",
                  "locations": [
                    "westus"
                  ]
                },
                {
                  "resourceType": "privateEndpoints",
                  "locations": [
                    "westus"
                  ]
                },
                {
                  "resourceType": "virtualNetworks/subnets",
                  "locations": [
                    null
                  ]
                }
              ]
            }
          ],
          "dependencies": [
            {
              "dependsOn": [
                {
                  "id": "/subscriptions/00000000-0000-0000-0000-000000000000/resourceGroups/Sanitized/providers/Microsoft.Network/virtualNetworks/epmariadbvnet/subnets/default",
                  "resourceType": "Microsoft.Network/virtualNetworks/subnets",
                  "resourceName": "epmariadbvnet/default"
                }
              ],
              "id": "/subscriptions/00000000-0000-0000-0000-000000000000/resourceGroups/Sanitized/providers/Microsoft.Network/networkInterfaces/epmariadb-nic",
              "resourceType": "Microsoft.Network/networkInterfaces",
              "resourceName": "epmariadb-nic"
            },
            {
              "dependsOn": [
                {
                  "id": "/subscriptions/00000000-0000-0000-0000-000000000000/resourceGroups/Sanitized/providers/Microsoft.Network/virtualNetworks/epmariadbvnet/subnets/default",
                  "resourceType": "Microsoft.Network/virtualNetworks/subnets",
                  "resourceName": "epmariadbvnet/default"
                }
              ],
              "id": "/subscriptions/00000000-0000-0000-0000-000000000000/resourceGroups/Sanitized/providers/Microsoft.Network/privateEndpoints/epmariadb",
              "resourceType": "Microsoft.Network/privateEndpoints",
              "resourceName": "epmariadb"
            },
            {
              "dependsOn": [
                {
                  "id": "/subscriptions/00000000-0000-0000-0000-000000000000/resourceGroups/Sanitized/providers/Microsoft.Network/virtualNetworks/epmariadbvnet",
                  "resourceType": "Microsoft.Network/virtualNetworks",
                  "resourceName": "epmariadbvnet"
                }
              ],
              "id": "/subscriptions/00000000-0000-0000-0000-000000000000/resourceGroups/Sanitized/providers/Microsoft.Network/virtualNetworks/epmariadbvnet/subnets/default",
              "resourceType": "Microsoft.Network/virtualNetworks/subnets",
              "resourceName": "epmariadbvnet/default"
            }
          ],
          "outputResources": [
            {
              "id": "/subscriptions/00000000-0000-0000-0000-000000000000/resourceGroups/Sanitized/providers/Microsoft.Network/networkInterfaces/epmariadb-nic"
            },
            {
              "id": "/subscriptions/00000000-0000-0000-0000-000000000000/resourceGroups/Sanitized/providers/Microsoft.Network/privateEndpoints/epmariadb"
            },
            {
              "id": "/subscriptions/00000000-0000-0000-0000-000000000000/resourceGroups/Sanitized/providers/Microsoft.Network/virtualNetworks/epmariadbvnet"
            },
            {
              "id": "/subscriptions/00000000-0000-0000-0000-000000000000/resourceGroups/Sanitized/providers/Microsoft.Network/virtualNetworks/epmariadbvnet/subnets/default"
            }
          ]
        }
      }
    },
    {
      "RequestUri": "https://management.azure.com/subscriptions/00000000-0000-0000-0000-000000000000/resourceGroups/Sanitized/providers/Microsoft.DBforMariaDB/servers/servernaLMwXsR/privateEndpointConnections?api-version=2018-06-01",
      "RequestMethod": "GET",
      "RequestHeaders": {
        "Accept": "application/json",
        "Accept-Encoding": "gzip",
        "Authorization": "Sanitized",
        "User-Agent": "azsdk-go-armmariadb/v1.1.1 (go1.20.6; Windows_NT)"
      },
      "RequestBody": null,
      "StatusCode": 200,
      "ResponseHeaders": {
        "Cache-Control": "no-cache",
        "Content-Encoding": "gzip",
        "Content-Type": "application/json; charset=utf-8",
        "Date": "Thu, 31 Aug 2023 08:14:46 GMT",
        "Expires": "-1",
        "Pragma": "no-cache",
        "Server": "Microsoft-HTTPAPI/2.0",
        "Strict-Transport-Security": "max-age=31536000; includeSubDomains",
        "Transfer-Encoding": "chunked",
        "Vary": "Accept-Encoding",
        "X-Content-Type-Options": "nosniff",
        "x-ms-correlation-request-id": "00000000-0000-0000-0000-000000000000",
        "x-ms-ratelimit-remaining-subscription-reads": "11980",
        "x-ms-request-id": "00000000-0000-0000-0000-000000000000",
        "x-ms-routing-request-id": "KOREASOUTH:20230831T081446Z:00000000-0000-0000-0000-000000000000"
      },
      "ResponseBody": {
        "value": [
          {
            "properties": {
              "privateEndpoint": {
                "id": "/subscriptions/00000000-0000-0000-0000-000000000000/resourceGroups/Sanitized/providers/Microsoft.Network/privateEndpoints/epmariadb"
              },
              "privateLinkServiceConnectionState": {
                "status": "Approved",
                "description": "Auto-approved",
                "actionsRequired": "None"
              },
              "provisioningState": "Ready"
            },
            "id": "/subscriptions/00000000-0000-0000-0000-000000000000/resourceGroups/Sanitized/providers/Microsoft.DBforMariaDB/servers/servernalmwxsr/privateEndpointConnections/Sanitized",
            "name": "Sanitized",
            "type": "Microsoft.DBforMariaDB/servers/privateEndpointConnections"
          }
        ]
      }
    },
    {
      "RequestUri": "https://management.azure.com/subscriptions/00000000-0000-0000-0000-000000000000/resourceGroups/Sanitized/providers/Microsoft.DBforMariaDB/servers/servernaLMwXsR/privateEndpointConnections/Sanitized?api-version=2018-06-01",
      "RequestMethod": "GET",
      "RequestHeaders": {
        "Accept": "application/json",
        "Accept-Encoding": "gzip",
        "Authorization": "Sanitized",
        "User-Agent": "azsdk-go-armmariadb/v1.1.1 (go1.20.6; Windows_NT)"
      },
      "RequestBody": null,
      "StatusCode": 200,
      "ResponseHeaders": {
        "Cache-Control": "no-cache",
        "Content-Encoding": "gzip",
        "Content-Type": "application/json; charset=utf-8",
        "Date": "Thu, 31 Aug 2023 08:14:47 GMT",
        "Expires": "-1",
        "Pragma": "no-cache",
        "Server": "Microsoft-HTTPAPI/2.0",
        "Strict-Transport-Security": "max-age=31536000; includeSubDomains",
        "Transfer-Encoding": "chunked",
        "Vary": "Accept-Encoding",
        "X-Content-Type-Options": "nosniff",
        "x-ms-correlation-request-id": "00000000-0000-0000-0000-000000000000",
        "x-ms-ratelimit-remaining-subscription-reads": "11979",
        "x-ms-request-id": "00000000-0000-0000-0000-000000000000",
        "x-ms-routing-request-id": "KOREASOUTH:20230831T081447Z:00000000-0000-0000-0000-000000000000"
      },
      "ResponseBody": {
        "properties": {
          "privateEndpoint": {
            "id": "/subscriptions/00000000-0000-0000-0000-000000000000/resourceGroups/Sanitized/providers/Microsoft.Network/privateEndpoints/epmariadb"
          },
          "privateLinkServiceConnectionState": {
            "status": "Approved",
            "description": "Auto-approved",
            "actionsRequired": "None"
          },
          "provisioningState": "Ready"
        },
        "id": "/subscriptions/00000000-0000-0000-0000-000000000000/resourceGroups/Sanitized/providers/Microsoft.DBforMariaDB/servers/servernalmwxsr/privateEndpointConnections/Sanitized",
        "name": "Sanitized",
        "type": "Microsoft.DBforMariaDB/servers/privateEndpointConnections"
      }
    },
    {
      "RequestUri": "https://management.azure.com/subscriptions/00000000-0000-0000-0000-000000000000/resourceGroups/Sanitized/providers/Microsoft.DBforMariaDB/servers/servernaLMwXsR/privateLinkResources?api-version=2018-06-01",
      "RequestMethod": "GET",
      "RequestHeaders": {
        "Accept": "application/json",
        "Accept-Encoding": "gzip",
        "Authorization": "Sanitized",
        "User-Agent": "azsdk-go-armmariadb/v1.1.1 (go1.20.6; Windows_NT)"
      },
      "RequestBody": null,
      "StatusCode": 200,
      "ResponseHeaders": {
        "Cache-Control": "no-cache",
        "Content-Encoding": "gzip",
        "Content-Type": "application/json; charset=utf-8",
        "Date": "Thu, 31 Aug 2023 08:14:47 GMT",
        "Expires": "-1",
        "Pragma": "no-cache",
        "Server": "Microsoft-HTTPAPI/2.0",
        "Strict-Transport-Security": "max-age=31536000; includeSubDomains",
        "Transfer-Encoding": "chunked",
        "Vary": "Accept-Encoding",
        "X-Content-Type-Options": "nosniff",
        "x-ms-correlation-request-id": "00000000-0000-0000-0000-000000000000",
        "x-ms-ratelimit-remaining-subscription-reads": "11978",
        "x-ms-request-id": "00000000-0000-0000-0000-000000000000",
        "x-ms-routing-request-id": "KOREASOUTH:20230831T081447Z:00000000-0000-0000-0000-000000000000"
      },
      "ResponseBody": {
        "value": [
          {
            "properties": {
              "groupId": "mariadbServer",
              "requiredMembers": [
                "mariadbServer"
              ],
              "requiredZoneNames": [
                "privatelink.mariadb.database.azure.com"
              ]
            },
            "id": "/subscriptions/00000000-0000-0000-0000-000000000000/resourceGroups/Sanitized/providers/Microsoft.DBforMariaDB/servers/servernalmwxsr/privateLinkResources/plr",
            "name": "plr",
            "type": "Microsoft.DBforMariaDB/servers/privateLinkResources"
          }
        ]
      }
    },
    {
      "RequestUri": "https://management.azure.com/subscriptions/00000000-0000-0000-0000-000000000000/resourceGroups/Sanitized/providers/Microsoft.DBforMariaDB/servers/servernaLMwXsR/privateEndpointConnections/Sanitized?api-version=2018-06-01",
      "RequestMethod": "DELETE",
      "RequestHeaders": {
        "Accept": "application/json",
        "Accept-Encoding": "gzip",
        "Authorization": "Sanitized",
        "User-Agent": "azsdk-go-armmariadb/v1.1.1 (go1.20.6; Windows_NT)"
      },
      "RequestBody": null,
      "StatusCode": 202,
      "ResponseHeaders": {
        "Azure-AsyncOperation": "https://management.azure.com/subscriptions/00000000-0000-0000-0000-000000000000/resourceGroups/Sanitized/providers/Microsoft.DBforMariaDB/locations/westus/privateEndpointConnectionAzureAsyncOperation/00000000-0000-0000-0000-000000000000?api-version=2018-06-01",
        "Cache-Control": "no-cache",
        "Content-Length": "96",
        "Content-Type": "application/json; charset=utf-8",
        "Date": "Thu, 31 Aug 2023 08:14:49 GMT",
        "Expires": "-1",
        "Location": "https://management.azure.com/subscriptions/00000000-0000-0000-0000-000000000000/resourceGroups/Sanitized/providers/Microsoft.DBforMariaDB/locations/westus/privateEndpointConnectionOperationResults/00000000-0000-0000-0000-000000000000?api-version=2018-06-01",
        "Pragma": "no-cache",
        "Retry-After": "15",
        "Server": "Microsoft-HTTPAPI/2.0",
        "Strict-Transport-Security": "max-age=31536000; includeSubDomains",
        "X-Content-Type-Options": "nosniff",
        "x-ms-correlation-request-id": "00000000-0000-0000-0000-000000000000",
        "x-ms-ratelimit-remaining-subscription-deletes": "14995",
        "x-ms-request-id": "00000000-0000-0000-0000-000000000000",
        "x-ms-routing-request-id": "KOREASOUTH:20230831T081449Z:00000000-0000-0000-0000-000000000000"
      },
      "ResponseBody": {
        "operation": "DropElasticServerPrivateEndpointConnection",
        "startTime": "2023-08-31T08:14:48.03Z"
      }
    },
    {
      "RequestUri": "https://management.azure.com/subscriptions/00000000-0000-0000-0000-000000000000/resourceGroups/Sanitized/providers/Microsoft.DBforMariaDB/locations/westus/privateEndpointConnectionAzureAsyncOperation/00000000-0000-0000-0000-000000000000?api-version=2018-06-01",
      "RequestMethod": "GET",
      "RequestHeaders": {
        "Accept-Encoding": "gzip",
        "Authorization": "Sanitized",
        "User-Agent": "azsdk-go-armmariadb/v1.1.1 (go1.20.6; Windows_NT)"
      },
      "RequestBody": null,
      "StatusCode": 200,
      "ResponseHeaders": {
        "Cache-Control": "no-cache",
        "Content-Encoding": "gzip",
        "Content-Type": "application/json; charset=utf-8",
        "Date": "Thu, 31 Aug 2023 08:15:04 GMT",
        "Expires": "-1",
        "Pragma": "no-cache",
        "Retry-After": "15",
        "Server": "Microsoft-HTTPAPI/2.0",
        "Strict-Transport-Security": "max-age=31536000; includeSubDomains",
        "Transfer-Encoding": "chunked",
        "Vary": "Accept-Encoding",
        "X-Content-Type-Options": "nosniff",
        "x-ms-correlation-request-id": "00000000-0000-0000-0000-000000000000",
        "x-ms-ratelimit-remaining-subscription-reads": "11977",
        "x-ms-request-id": "00000000-0000-0000-0000-000000000000",
        "x-ms-routing-request-id": "KOREASOUTH:20230831T081504Z:00000000-0000-0000-0000-000000000000"
      },
      "ResponseBody": {
        "name": "00000000-0000-0000-0000-000000000000",
        "status": "InProgress",
        "startTime": "2023-08-31T08:14:48.03Z"
      }
    },
    {
      "RequestUri": "https://management.azure.com/subscriptions/00000000-0000-0000-0000-000000000000/resourceGroups/Sanitized/providers/Microsoft.DBforMariaDB/locations/westus/privateEndpointConnectionAzureAsyncOperation/00000000-0000-0000-0000-000000000000?api-version=2018-06-01",
      "RequestMethod": "GET",
      "RequestHeaders": {
        "Accept-Encoding": "gzip",
        "Authorization": "Sanitized",
        "User-Agent": "azsdk-go-armmariadb/v1.1.1 (go1.20.6; Windows_NT)"
      },
      "RequestBody": null,
      "StatusCode": 200,
      "ResponseHeaders": {
        "Cache-Control": "no-cache",
        "Content-Encoding": "gzip",
        "Content-Type": "application/json; charset=utf-8",
        "Date": "Thu, 31 Aug 2023 08:15:19 GMT",
        "Expires": "-1",
        "Pragma": "no-cache",
        "Retry-After": "15",
        "Server": "Microsoft-HTTPAPI/2.0",
        "Strict-Transport-Security": "max-age=31536000; includeSubDomains",
        "Transfer-Encoding": "chunked",
        "Vary": "Accept-Encoding",
        "X-Content-Type-Options": "nosniff",
        "x-ms-correlation-request-id": "00000000-0000-0000-0000-000000000000",
        "x-ms-ratelimit-remaining-subscription-reads": "11976",
        "x-ms-request-id": "00000000-0000-0000-0000-000000000000",
        "x-ms-routing-request-id": "KOREASOUTH:20230831T081519Z:00000000-0000-0000-0000-000000000000"
      },
      "ResponseBody": {
        "name": "00000000-0000-0000-0000-000000000000",
        "status": "Succeeded",
        "startTime": "2023-08-31T08:14:48.03Z"
      }
    },
    {
      "RequestUri": "https://management.azure.com/subscriptions/00000000-0000-0000-0000-000000000000/resourcegroups/Sanitized?api-version=2021-04-01",
      "RequestMethod": "DELETE",
      "RequestHeaders": {
        "Accept": "application/json",
        "Accept-Encoding": "gzip",
        "Authorization": "Sanitized",
        "User-Agent": "azsdk-go-armresources/v1.0.0 (go1.20.6; Windows_NT)"
      },
      "RequestBody": null,
      "StatusCode": 202,
      "ResponseHeaders": {
        "Cache-Control": "no-cache",
        "Content-Length": "0",
        "Date": "Thu, 31 Aug 2023 08:15:21 GMT",
        "Expires": "-1",
        "Location": "https://management.azure.com/subscriptions/00000000-0000-0000-0000-000000000000/operationresults/eyJqb2JJZCI6IlJFU09VUkNFR1JPVVBERUxFVElPTkpPQi1HTzoyRFNESzoyRFRFU1Q6MkQ4Ni1XRVNUVVMiLCJqb2JMb2NhdGlvbiI6Indlc3R1cyJ9?api-version=2021-04-01",
        "Pragma": "no-cache",
        "Retry-After": "15",
        "Strict-Transport-Security": "max-age=31536000; includeSubDomains",
        "X-Content-Type-Options": "nosniff",
        "x-ms-correlation-request-id": "00000000-0000-0000-0000-000000000000",
        "x-ms-ratelimit-remaining-subscription-deletes": "14994",
        "x-ms-request-id": "00000000-0000-0000-0000-000000000000",
        "x-ms-routing-request-id": "KOREASOUTH:20230831T081522Z:00000000-0000-0000-0000-000000000000"
      },
      "ResponseBody": null
    }
  ],
  "Variables": {
    "randSeed": "1693469556",
    "recordingRandomSeed": "0"
  }
}
