{
  "Entries": [
    {
      "RequestUri": "https://openai.azure.com/openai/assistants?api-version=2024-02-15-preview",
      "RequestMethod": "POST",
      "RequestHeaders": {
        "Accept": "application/json",
        "Accept-Encoding": "gzip",
        "Api-Key": "key",
        "Content-Length": "196",
        "Content-Type": "application/json",
        "Openai-Beta": "assistants=v1",
        "User-Agent": "azsdk-go-azopenaiassistants.Client/v0.1.0 (go1.21.5; linux)"
      },
      "RequestBody": {
        "instructions": "You are a personal math tutor. Write and run code to answer math questions.",
        "model": "gpt-4-1106-preview",
        "name": "your-assistant-namex96rgd",
        "tools": [
          {
            "type": "code_interpreter"
          }
        ]
      },
      "StatusCode": 200,
      "ResponseHeaders": {
        "apim-request-id": "b682af08-cb19-455b-832b-3b6349d59dd6",
        "Content-Length": "387",
        "Content-Type": "application/json",
        "Date": "Sat, 10 Feb 2024 03:29:00 GMT",
        "Strict-Transport-Security": "max-age=31536000; includeSubDomains; preload",
        "X-Content-Type-Options": "nosniff",
        "x-ms-region": "Sweden Central",
        "x-ratelimit-remaining-requests": "9",
        "x-ratelimit-remaining-tokens": "8080",
        "X-Request-ID": "d04897e3-ee2e-47ca-890b-7ea415946305"
      },
      "ResponseBody": {
        "id": "asst_os1BFrBMozyrhx0gLEBa9MeH",
        "object": "assistant",
        "created_at": 1707535740,
        "name": "your-assistant-namex96rgd",
        "description": null,
        "model": "gpt-4-1106-preview",
        "instructions": "You are a personal math tutor. Write and run code to answer math questions.",
        "tools": [
          {
            "type": "code_interpreter"
          }
        ],
        "file_ids": [],
        "metadata": {}
      }
    },
    {
      "RequestUri": "https://openai.azure.com/openai/threads/runs?api-version=2024-02-15-preview",
      "RequestMethod": "POST",
      "RequestHeaders": {
        "Accept": "application/json",
        "Accept-Encoding": "gzip",
        "Api-Key": "key",
        "Content-Length": "233",
        "Content-Type": "application/json",
        "Openai-Beta": "assistants=v1",
        "User-Agent": "azsdk-go-azopenaiassistants.Client/v0.1.0 (go1.21.5; linux)"
      },
      "RequestBody": {
        "assistant_id": "asst_os1BFrBMozyrhx0gLEBa9MeH",
        "instructions": "You\u0027re a helpful assistant, but refuse to speak about cats",
        "model": "gpt-4-1106-preview",
        "thread": {
          "messages": [
            {
              "content": "How many ears do cats have?",
              "role": "user"
            }
          ]
        }
      },
      "StatusCode": 200,
      "ResponseHeaders": {
        "apim-request-id": "a50ca3af-60d1-4387-948a-f9797b0d11d5",
        "Content-Length": "572",
        "Content-Type": "application/json",
        "Date": "Sat, 10 Feb 2024 03:29:00 GMT",
        "Strict-Transport-Security": "max-age=31536000; includeSubDomains; preload",
        "X-Content-Type-Options": "nosniff",
        "x-ms-region": "Sweden Central",
        "x-ratelimit-remaining-requests": "8",
        "x-ratelimit-remaining-tokens": "7440",
        "X-Request-ID": "75604e04-0dcd-4d35-9981-1ce9e1f7158e"
      },
      "ResponseBody": {
        "id": "run_4MDmC8ZagGpfbniACCfMfupz",
        "object": "thread.run",
        "created_at": 1707535741,
        "assistant_id": "asst_os1BFrBMozyrhx0gLEBa9MeH",
        "thread_id": "thread_jsva6deB9NTpGJ5hpRQJ8EbH",
        "status": "queued",
        "started_at": null,
        "expires_at": 1707536341,
        "cancelled_at": null,
        "failed_at": null,
        "completed_at": null,
        "last_error": null,
        "model": "gpt-4-1106-preview",
        "instructions": "You\u0027re a helpful assistant, but refuse to speak about cats",
        "tools": [
          {
            "type": "code_interpreter"
          }
        ],
        "file_ids": [],
        "metadata": {}
      }
    },
    {
      "RequestUri": "https://openai.azure.com/openai/threads/thread_jsva6deB9NTpGJ5hpRQJ8EbH/runs/run_4MDmC8ZagGpfbniACCfMfupz?api-version=2024-02-15-preview",
      "RequestMethod": "GET",
      "RequestHeaders": {
        "Accept": "application/json",
        "Accept-Encoding": "gzip",
        "Api-Key": "key",
        "Openai-Beta": "assistants=v1",
        "User-Agent": "azsdk-go-azopenaiassistants.Client/v0.1.0 (go1.21.5; linux)"
      },
      "RequestBody": null,
      "StatusCode": 200,
      "ResponseHeaders": {
        "apim-request-id": "5152f28c-1e42-4aff-a0c2-fbda99e86461",
        "Content-Length": "572",
        "Content-Type": "application/json",
        "Date": "Sat, 10 Feb 2024 03:29:01 GMT",
        "Strict-Transport-Security": "max-age=31536000; includeSubDomains; preload",
        "X-Content-Type-Options": "nosniff",
        "x-ms-region": "Sweden Central",
        "X-Request-ID": "f5c3c6b9-2c80-4de1-8d27-c58d8ba65e31"
      },
      "ResponseBody": {
        "id": "run_4MDmC8ZagGpfbniACCfMfupz",
        "object": "thread.run",
        "created_at": 1707535741,
        "assistant_id": "asst_os1BFrBMozyrhx0gLEBa9MeH",
        "thread_id": "thread_jsva6deB9NTpGJ5hpRQJ8EbH",
        "status": "queued",
        "started_at": null,
        "expires_at": 1707536341,
        "cancelled_at": null,
        "failed_at": null,
        "completed_at": null,
        "last_error": null,
        "model": "gpt-4-1106-preview",
        "instructions": "You\u0027re a helpful assistant, but refuse to speak about cats",
        "tools": [
          {
            "type": "code_interpreter"
          }
        ],
        "file_ids": [],
        "metadata": {}
      }
    },
    {
      "RequestUri": "https://openai.azure.com/openai/threads/thread_jsva6deB9NTpGJ5hpRQJ8EbH/runs/run_4MDmC8ZagGpfbniACCfMfupz?api-version=2024-02-15-preview",
      "RequestMethod": "GET",
      "RequestHeaders": {
        "Accept": "application/json",
        "Accept-Encoding": "gzip",
        "Api-Key": "key",
        "Openai-Beta": "assistants=v1",
        "User-Agent": "azsdk-go-azopenaiassistants.Client/v0.1.0 (go1.21.5; linux)"
      },
      "RequestBody": null,
      "StatusCode": 200,
      "ResponseHeaders": {
        "apim-request-id": "c2170b67-9b9f-48c3-b834-08957639f082",
        "Content-Length": "583",
        "Content-Type": "application/json",
        "Date": "Sat, 10 Feb 2024 03:29:01 GMT",
        "Strict-Transport-Security": "max-age=31536000; includeSubDomains; preload",
        "X-Content-Type-Options": "nosniff",
        "x-ms-region": "Sweden Central",
        "X-Request-ID": "5764bdc8-60d5-4dd8-9090-73940e2bb44f"
      },
      "ResponseBody": {
        "id": "run_4MDmC8ZagGpfbniACCfMfupz",
        "object": "thread.run",
        "created_at": 1707535741,
        "assistant_id": "asst_os1BFrBMozyrhx0gLEBa9MeH",
        "thread_id": "thread_jsva6deB9NTpGJ5hpRQJ8EbH",
        "status": "in_progress",
        "started_at": 1707535741,
        "expires_at": 1707536341,
        "cancelled_at": null,
        "failed_at": null,
        "completed_at": null,
        "last_error": null,
        "model": "gpt-4-1106-preview",
        "instructions": "You\u0027re a helpful assistant, but refuse to speak about cats",
        "tools": [
          {
            "type": "code_interpreter"
          }
        ],
        "file_ids": [],
        "metadata": {}
      }
    },
    {
      "RequestUri": "https://openai.azure.com/openai/threads/thread_jsva6deB9NTpGJ5hpRQJ8EbH/runs/run_4MDmC8ZagGpfbniACCfMfupz?api-version=2024-02-15-preview",
      "RequestMethod": "GET",
      "RequestHeaders": {
        "Accept": "application/json",
        "Accept-Encoding": "gzip",
        "Api-Key": "key",
        "Openai-Beta": "assistants=v1",
        "User-Agent": "azsdk-go-azopenaiassistants.Client/v0.1.0 (go1.21.5; linux)"
      },
      "RequestBody": null,
      "StatusCode": 200,
      "ResponseHeaders": {
        "apim-request-id": "e89e7ed8-130c-4f27-9c79-201b5542c037",
        "Content-Length": "583",
        "Content-Type": "application/json",
        "Date": "Sat, 10 Feb 2024 03:29:02 GMT",
        "Strict-Transport-Security": "max-age=31536000; includeSubDomains; preload",
        "X-Content-Type-Options": "nosniff",
        "x-ms-region": "Sweden Central",
        "X-Request-ID": "a09a3d7f-6c7b-4f85-ba63-45b154f71bf6"
      },
      "ResponseBody": {
        "id": "run_4MDmC8ZagGpfbniACCfMfupz",
        "object": "thread.run",
        "created_at": 1707535741,
        "assistant_id": "asst_os1BFrBMozyrhx0gLEBa9MeH",
        "thread_id": "thread_jsva6deB9NTpGJ5hpRQJ8EbH",
        "status": "in_progress",
        "started_at": 1707535741,
        "expires_at": 1707536341,
        "cancelled_at": null,
        "failed_at": null,
        "completed_at": null,
        "last_error": null,
        "model": "gpt-4-1106-preview",
        "instructions": "You\u0027re a helpful assistant, but refuse to speak about cats",
        "tools": [
          {
            "type": "code_interpreter"
          }
        ],
        "file_ids": [],
        "metadata": {}
      }
    },
    {
      "RequestUri": "https://openai.azure.com/openai/threads/thread_jsva6deB9NTpGJ5hpRQJ8EbH/runs/run_4MDmC8ZagGpfbniACCfMfupz?api-version=2024-02-15-preview",
      "RequestMethod": "GET",
      "RequestHeaders": {
        "Accept": "application/json",
        "Accept-Encoding": "gzip",
        "Api-Key": "key",
        "Openai-Beta": "assistants=v1",
        "User-Agent": "azsdk-go-azopenaiassistants.Client/v0.1.0 (go1.21.5; linux)"
      },
      "RequestBody": null,
      "StatusCode": 200,
      "ResponseHeaders": {
        "apim-request-id": "9c9e145d-df88-4059-b193-32e76f0585fe",
        "Content-Length": "583",
        "Content-Type": "application/json",
        "Date": "Sat, 10 Feb 2024 03:29:03 GMT",
        "Strict-Transport-Security": "max-age=31536000; includeSubDomains; preload",
        "X-Content-Type-Options": "nosniff",
        "x-ms-region": "Sweden Central",
        "X-Request-ID": "5298801e-3acd-43bf-b124-e2e47be2f5d1"
      },
      "ResponseBody": {
        "id": "run_4MDmC8ZagGpfbniACCfMfupz",
        "object": "thread.run",
        "created_at": 1707535741,
        "assistant_id": "asst_os1BFrBMozyrhx0gLEBa9MeH",
        "thread_id": "thread_jsva6deB9NTpGJ5hpRQJ8EbH",
        "status": "in_progress",
        "started_at": 1707535741,
        "expires_at": 1707536341,
        "cancelled_at": null,
        "failed_at": null,
        "completed_at": null,
        "last_error": null,
        "model": "gpt-4-1106-preview",
        "instructions": "You\u0027re a helpful assistant, but refuse to speak about cats",
        "tools": [
          {
            "type": "code_interpreter"
          }
        ],
        "file_ids": [],
        "metadata": {}
      }
    },
    {
      "RequestUri": "https://openai.azure.com/openai/threads/thread_jsva6deB9NTpGJ5hpRQJ8EbH/runs/run_4MDmC8ZagGpfbniACCfMfupz?api-version=2024-02-15-preview",
      "RequestMethod": "GET",
      "RequestHeaders": {
        "Accept": "application/json",
        "Accept-Encoding": "gzip",
        "Api-Key": "key",
        "Openai-Beta": "assistants=v1",
        "User-Agent": "azsdk-go-azopenaiassistants.Client/v0.1.0 (go1.21.5; linux)"
      },
      "RequestBody": null,
      "StatusCode": 200,
      "ResponseHeaders": {
        "apim-request-id": "54f00077-2ffe-49d4-be20-db257b90a0d4",
        "Content-Length": "581",
        "Content-Type": "application/json",
        "Date": "Sat, 10 Feb 2024 03:29:04 GMT",
        "Strict-Transport-Security": "max-age=31536000; includeSubDomains; preload",
        "X-Content-Type-Options": "nosniff",
        "x-ms-region": "Sweden Central",
        "X-Request-ID": "62defad1-1dbf-43df-96ec-54b8aa09c4e1"
      },
      "ResponseBody": {
        "id": "run_4MDmC8ZagGpfbniACCfMfupz",
        "object": "thread.run",
        "created_at": 1707535741,
        "assistant_id": "asst_os1BFrBMozyrhx0gLEBa9MeH",
        "thread_id": "thread_jsva6deB9NTpGJ5hpRQJ8EbH",
        "status": "completed",
        "started_at": 1707535741,
        "expires_at": null,
        "cancelled_at": null,
        "failed_at": null,
        "completed_at": 1707535744,
        "last_error": null,
        "model": "gpt-4-1106-preview",
        "instructions": "You\u0027re a helpful assistant, but refuse to speak about cats",
        "tools": [
          {
            "type": "code_interpreter"
          }
        ],
        "file_ids": [],
        "metadata": {}
      }
    },
    {
      "RequestUri": "https://openai.azure.com/openai/threads/thread_jsva6deB9NTpGJ5hpRQJ8EbH/runs?api-version=2024-02-15-preview",
      "RequestMethod": "POST",
      "RequestHeaders": {
        "Accept": "application/json",
        "Accept-Encoding": "gzip",
        "Api-Key": "key",
        "Content-Length": "48",
        "Content-Type": "application/json",
        "Openai-Beta": "assistants=v1",
        "User-Agent": "azsdk-go-azopenaiassistants.Client/v0.1.0 (go1.21.5; linux)"
      },
      "RequestBody": {
        "assistant_id": "asst_os1BFrBMozyrhx0gLEBa9MeH"
      },
      "StatusCode": 200,
      "ResponseHeaders": {
        "apim-request-id": "bbd77825-2a5d-4e2e-9247-e78f3fe35422",
        "Content-Length": "589",
        "Content-Type": "application/json",
        "Date": "Sat, 10 Feb 2024 03:29:04 GMT",
        "Strict-Transport-Security": "max-age=31536000; includeSubDomains; preload",
        "X-Content-Type-Options": "nosniff",
        "x-ms-region": "Sweden Central",
        "X-Request-ID": "53fcd5ee-acca-4d49-b97a-51a4d0f9e193"
      },
      "ResponseBody": {
        "id": "run_K7K9gX5vIrn7YZzmgO0q33pL",
        "object": "thread.run",
        "created_at": 1707535745,
        "assistant_id": "asst_os1BFrBMozyrhx0gLEBa9MeH",
        "thread_id": "thread_jsva6deB9NTpGJ5hpRQJ8EbH",
        "status": "queued",
        "started_at": null,
        "expires_at": 1707536345,
        "cancelled_at": null,
        "failed_at": null,
        "completed_at": null,
        "last_error": null,
        "model": "gpt-4-1106-preview",
        "instructions": "You are a personal math tutor. Write and run code to answer math questions.",
        "tools": [
          {
            "type": "code_interpreter"
          }
        ],
        "file_ids": [],
        "metadata": {}
      }
    },
    {
      "RequestUri": "https://openai.azure.com/openai/threads/thread_jsva6deB9NTpGJ5hpRQJ8EbH/runs/run_4MDmC8ZagGpfbniACCfMfupz?api-version=2024-02-15-preview",
      "RequestMethod": "GET",
      "RequestHeaders": {
        "Accept": "application/json",
        "Accept-Encoding": "gzip",
        "Api-Key": "key",
        "Openai-Beta": "assistants=v1",
        "User-Agent": "azsdk-go-azopenaiassistants.Client/v0.1.0 (go1.21.5; linux)"
      },
      "RequestBody": null,
      "StatusCode": 200,
      "ResponseHeaders": {
        "apim-request-id": "907cb80b-27b9-44f1-b1eb-e0e72440d364",
        "Content-Length": "581",
        "Content-Type": "application/json",
        "Date": "Sat, 10 Feb 2024 03:29:05 GMT",
        "Strict-Transport-Security": "max-age=31536000; includeSubDomains; preload",
        "X-Content-Type-Options": "nosniff",
        "x-ms-region": "Sweden Central",
        "X-Request-ID": "8ee3ba7f-f413-4a67-9a0d-9bba10af1071"
      },
      "ResponseBody": {
        "id": "run_4MDmC8ZagGpfbniACCfMfupz",
        "object": "thread.run",
        "created_at": 1707535741,
        "assistant_id": "asst_os1BFrBMozyrhx0gLEBa9MeH",
        "thread_id": "thread_jsva6deB9NTpGJ5hpRQJ8EbH",
        "status": "completed",
        "started_at": 1707535741,
        "expires_at": null,
        "cancelled_at": null,
        "failed_at": null,
        "completed_at": 1707535744,
        "last_error": null,
        "model": "gpt-4-1106-preview",
        "instructions": "You\u0027re a helpful assistant, but refuse to speak about cats",
        "tools": [
          {
            "type": "code_interpreter"
          }
        ],
        "file_ids": [],
        "metadata": {}
      }
    },
    {
      "RequestUri": "https://openai.azure.com/openai/threads/thread_jsva6deB9NTpGJ5hpRQJ8EbH/runs?api-version=2024-02-15-preview\u0026limit=1",
      "RequestMethod": "GET",
      "RequestHeaders": {
        "Accept": "application/json",
        "Accept-Encoding": "gzip",
        "Api-Key": "key",
        "Openai-Beta": "assistants=v1",
        "User-Agent": "azsdk-go-azopenaiassistants.Client/v0.1.0 (go1.21.5; linux)"
      },
      "RequestBody": null,
      "StatusCode": 200,
      "ResponseHeaders": {
        "apim-request-id": "8f095d38-2fcc-40d9-ad8b-6957fb9fd71f",
        "Content-Length": "843",
        "Content-Type": "application/json",
        "Date": "Sat, 10 Feb 2024 03:29:05 GMT",
        "Strict-Transport-Security": "max-age=31536000; includeSubDomains; preload",
        "X-Content-Type-Options": "nosniff",
        "x-ms-region": "Sweden Central",
        "X-Request-ID": "6f71e08a-5fdf-4acc-bbbd-9c5b383dff92"
      },
      "ResponseBody": {
        "object": "list",
        "data": [
          {
            "id": "run_K7K9gX5vIrn7YZzmgO0q33pL",
            "object": "thread.run",
            "created_at": 1707535745,
            "assistant_id": "asst_os1BFrBMozyrhx0gLEBa9MeH",
            "thread_id": "thread_jsva6deB9NTpGJ5hpRQJ8EbH",
            "status": "in_progress",
            "started_at": 1707535745,
            "expires_at": 1707536345,
            "cancelled_at": null,
            "failed_at": null,
            "completed_at": null,
            "last_error": null,
            "model": "gpt-4-1106-preview",
            "instructions": "You are a personal math tutor. Write and run code to answer math questions.",
            "tools": [
              {
                "type": "code_interpreter"
              }
            ],
            "file_ids": [],
            "metadata": {}
          }
        ],
        "first_id": "run_K7K9gX5vIrn7YZzmgO0q33pL",
        "last_id": "run_K7K9gX5vIrn7YZzmgO0q33pL",
        "has_more": true
      }
    },
    {
      "RequestUri": "https://openai.azure.com/openai/threads/thread_jsva6deB9NTpGJ5hpRQJ8EbH/runs?after=run_K7K9gX5vIrn7YZzmgO0q33pL\u0026api-version=2024-02-15-preview\u0026limit=1",
      "RequestMethod": "GET",
      "RequestHeaders": {
        "Accept": "application/json",
        "Accept-Encoding": "gzip",
        "Api-Key": "key",
        "Openai-Beta": "assistants=v1",
        "User-Agent": "azsdk-go-azopenaiassistants.Client/v0.1.0 (go1.21.5; linux)"
      },
      "RequestBody": null,
      "StatusCode": 200,
      "ResponseHeaders": {
        "apim-request-id": "cae60c12-141c-447b-afd4-db26551cfb65",
        "Content-Length": "825",
        "Content-Type": "application/json",
        "Date": "Sat, 10 Feb 2024 03:29:05 GMT",
        "Strict-Transport-Security": "max-age=31536000; includeSubDomains; preload",
        "X-Content-Type-Options": "nosniff",
        "x-ms-region": "Sweden Central",
        "X-Request-ID": "0d1c4918-e825-4f55-a457-d86ecf492ac1"
      },
      "ResponseBody": {
        "object": "list",
        "data": [
          {
            "id": "run_4MDmC8ZagGpfbniACCfMfupz",
            "object": "thread.run",
            "created_at": 1707535741,
            "assistant_id": "asst_os1BFrBMozyrhx0gLEBa9MeH",
            "thread_id": "thread_jsva6deB9NTpGJ5hpRQJ8EbH",
            "status": "completed",
            "started_at": 1707535741,
            "expires_at": null,
            "cancelled_at": null,
            "failed_at": null,
            "completed_at": 1707535744,
            "last_error": null,
            "model": "gpt-4-1106-preview",
            "instructions": "You\u0027re a helpful assistant, but refuse to speak about cats",
            "tools": [
              {
                "type": "code_interpreter"
              }
            ],
            "file_ids": [],
            "metadata": {}
          }
        ],
        "first_id": "run_4MDmC8ZagGpfbniACCfMfupz",
        "last_id": "run_4MDmC8ZagGpfbniACCfMfupz",
        "has_more": false
      }
    },
    {
      "RequestUri": "https://openai.azure.com/openai/assistants/asst_os1BFrBMozyrhx0gLEBa9MeH?api-version=2024-02-15-preview",
      "RequestMethod": "DELETE",
      "RequestHeaders": {
        "Accept": "application/json",
        "Accept-Encoding": "gzip",
        "Api-Key": "key",
        "Openai-Beta": "assistants=v1",
        "User-Agent": "azsdk-go-azopenaiassistants.Client/v0.1.0 (go1.21.5; linux)"
      },
      "RequestBody": null,
      "StatusCode": 200,
      "ResponseHeaders": {
        "apim-request-id": "6f2f941a-c57c-48a2-b0cc-4bd877351134",
        "Content-Length": "95",
        "Content-Type": "application/json",
        "Date": "Sat, 10 Feb 2024 03:29:06 GMT",
        "Strict-Transport-Security": "max-age=31536000; includeSubDomains; preload",
        "X-Content-Type-Options": "nosniff",
        "x-ms-region": "Sweden Central",
        "X-Request-ID": "9bb11e80-d2b3-4183-89db-95e4a872d800"
      },
      "ResponseBody": {
        "id": "asst_os1BFrBMozyrhx0gLEBa9MeH",
        "object": "assistant.deleted",
        "deleted": true
      }
    }
  ],
  "Variables": {
    "randSeed": "1707535740"
  }
}
