{
  "Entries": [
    {
      "RequestUri": "https://seanmcccanada.blob.core.windows.net/test-container-394ebbdf-3526-ec9f-aa7d-94cad76dc703?restype=container",
      "RequestMethod": "PUT",
      "RequestHeaders": {
        "Accept": "application/xml",
        "Authorization": "Sanitized",
        "Content-Length": "0",
        "traceparent": "00-9b3ba8355edfd84fa101e04ef09dd0ea-7bef53f9c7d1bae3-00",
        "User-Agent": "azsdk-net-Storage.Blobs/12.20.0-alpha.20240119.1 (.NET 6.0.26; Microsoft Windows 10.0.22635)",
        "x-ms-client-request-id": "6a11db02-ef3b-7020-d293-f1e5eba22cf0",
        "x-ms-date": "Tue, 23 Jan 2024 00:33:35 GMT",
        "x-ms-return-client-request-id": "true",
        "x-ms-version": "2024-02-04"
      },
      "RequestBody": null,
      "StatusCode": 201,
      "ResponseHeaders": {
        "Content-Length": "0",
        "Date": "Tue, 23 Jan 2024 00:33:36 GMT",
        "ETag": "\u00220x8DC1BAAF071F2C3\u0022",
        "Last-Modified": "Tue, 23 Jan 2024 00:33:37 GMT",
        "Server": [
          "Windows-Azure-Blob/1.0",
          "Microsoft-HTTPAPI/2.0"
        ],
        "x-ms-client-request-id": "6a11db02-ef3b-7020-d293-f1e5eba22cf0",
        "x-ms-request-id": "bf4d784f-a01e-008e-2593-4d4734000000",
        "x-ms-version": "2024-02-04"
      },
      "ResponseBody": null
    },
    {
      "RequestUri": "https://seanmcccanada.blob.core.windows.net/test-container-394ebbdf-3526-ec9f-aa7d-94cad76dc703/test-blob-ff0dc8fc-bac6-9258-119c-50517e65d417",
      "RequestMethod": "PUT",
      "RequestHeaders": {
        "Accept": "application/xml",
        "Authorization": "Sanitized",
        "Content-Length": "0",
        "traceparent": "00-adb4bc3f0de10d0842d2701c4133ae5a-a4271d284d951dda-00",
        "User-Agent": "azsdk-net-Storage.Blobs/12.20.0-alpha.20240119.1 (.NET 6.0.26; Microsoft Windows 10.0.22635)",
        "x-ms-blob-type": "AppendBlob",
        "x-ms-client-request-id": "4e3dc7a7-5685-4775-837e-589f9fcef26c",
        "x-ms-date": "Tue, 23 Jan 2024 00:33:35 GMT",
        "x-ms-return-client-request-id": "true",
        "x-ms-version": "2024-02-04"
      },
      "RequestBody": null,
      "StatusCode": 201,
      "ResponseHeaders": {
        "Content-Length": "0",
        "Date": "Tue, 23 Jan 2024 00:33:36 GMT",
        "ETag": "\u00220x8DC1BAAF080E050\u0022",
        "Last-Modified": "Tue, 23 Jan 2024 00:33:37 GMT",
        "Server": [
          "Windows-Azure-Blob/1.0",
          "Microsoft-HTTPAPI/2.0"
        ],
        "x-ms-client-request-id": "4e3dc7a7-5685-4775-837e-589f9fcef26c",
        "x-ms-request-id": "bf4d788f-a01e-008e-5b93-4d4734000000",
        "x-ms-request-server-encrypted": "true",
        "x-ms-version": "2024-02-04",
        "x-ms-version-id": "2024-01-23T00:33:37.3135952Z"
      },
      "ResponseBody": null
    },
    {
      "RequestUri": "https://seanmcccanada.blob.core.windows.net/test-container-394ebbdf-3526-ec9f-aa7d-94cad76dc703/test-blob-ff0dc8fc-bac6-9258-119c-50517e65d417",
      "RequestMethod": "GET",
      "RequestHeaders": {
        "Accept": "application/xml",
        "Authorization": "Sanitized",
        "traceparent": "00-fc7f029f3fdb0ae41fd35af2d35bf67c-e230199f4d59c850-00",
        "User-Agent": "azsdk-net-Storage.Blobs/12.20.0-alpha.20240119.1 (.NET 6.0.26; Microsoft Windows 10.0.22635)",
        "x-ms-client-request-id": "dd7881e3-2804-59f9-1fc3-2c8005336b76",
        "x-ms-date": "Tue, 23 Jan 2024 00:33:35 GMT",
        "x-ms-range": "bytes=0-33554431",
        "x-ms-return-client-request-id": "true",
        "x-ms-version": "2024-02-04"
      },
      "RequestBody": null,
      "StatusCode": 416,
      "ResponseHeaders": {
        "Content-Length": "249",
        "Content-Range": "bytes */0",
        "Content-Type": "application/xml",
        "Date": "Tue, 23 Jan 2024 00:33:36 GMT",
        "Server": [
          "Windows-Azure-Blob/1.0",
          "Microsoft-HTTPAPI/2.0"
        ],
        "x-ms-client-request-id": "dd7881e3-2804-59f9-1fc3-2c8005336b76",
        "x-ms-error-code": "InvalidRange",
        "x-ms-request-id": "bf4d78e7-a01e-008e-2993-4d4734000000",
        "x-ms-version": "2024-02-04"
      },
      "ResponseBody": [
        "\uFEFF\u003C?xml version=\u00221.0\u0022 encoding=\u0022utf-8\u0022?\u003E\u003CError\u003E\u003CCode\u003EInvalidRange\u003C/Code\u003E\u003CMessage\u003EThe range specified is invalid for the current size of the resource.\n",
        "RequestId:bf4d78e7-a01e-008e-2993-4d4734000000\n",
        "Time:2024-01-23T00:33:37.4246460Z\u003C/Message\u003E\u003C/Error\u003E"
      ]
    },
    {
      "RequestUri": "https://seanmcccanada.blob.core.windows.net/test-container-394ebbdf-3526-ec9f-aa7d-94cad76dc703/test-blob-ff0dc8fc-bac6-9258-119c-50517e65d417",
      "RequestMethod": "GET",
      "RequestHeaders": {
        "Accept": "application/xml",
        "Authorization": "Sanitized",
        "traceparent": "00-cd7a0fc00111e305166c78db13d080e2-68f614f08f97afc5-00",
        "User-Agent": "azsdk-net-Storage.Blobs/12.20.0-alpha.20240119.1 (.NET 6.0.26; Microsoft Windows 10.0.22635)",
        "x-ms-client-request-id": "59b0ec47-b6b8-d89a-7b7e-94c740b748a1",
        "x-ms-date": "Tue, 23 Jan 2024 00:33:35 GMT",
        "x-ms-return-client-request-id": "true",
        "x-ms-version": "2024-02-04"
      },
      "RequestBody": null,
      "StatusCode": 200,
      "ResponseHeaders": {
        "Accept-Ranges": "bytes",
        "Content-Length": "0",
        "Content-Type": "application/octet-stream",
        "Date": "Tue, 23 Jan 2024 00:33:36 GMT",
        "ETag": "\u00220x8DC1BAAF080E050\u0022",
        "Last-Modified": "Tue, 23 Jan 2024 00:33:37 GMT",
        "Server": [
          "Windows-Azure-Blob/1.0",
          "Microsoft-HTTPAPI/2.0"
        ],
        "x-ms-blob-committed-block-count": "0",
        "x-ms-blob-type": "AppendBlob",
        "x-ms-client-request-id": "59b0ec47-b6b8-d89a-7b7e-94c740b748a1",
        "x-ms-creation-time": "Tue, 23 Jan 2024 00:33:37 GMT",
        "x-ms-is-current-version": "true",
        "x-ms-lease-state": "available",
        "x-ms-lease-status": "unlocked",
        "x-ms-request-id": "bf4d7925-a01e-008e-5d93-4d4734000000",
        "x-ms-server-encrypted": "true",
        "x-ms-version": "2024-02-04",
        "x-ms-version-id": "2024-01-23T00:33:37.3135952Z"
      },
      "ResponseBody": null
    },
    {
      "RequestUri": "https://seanmcccanada.blob.core.windows.net/test-container-394ebbdf-3526-ec9f-aa7d-94cad76dc703/test-blob-ff0dc8fc-bac6-9258-119c-50517e65d417",
      "RequestMethod": "HEAD",
      "RequestHeaders": {
        "Accept": "application/xml",
        "Authorization": "Sanitized",
        "traceparent": "00-4f3f0c9df9132f6913e70dc7548a83df-f915ada7c1ed5c0b-00",
        "User-Agent": "azsdk-net-Storage.Blobs/12.20.0-alpha.20240119.1 (.NET 6.0.26; Microsoft Windows 10.0.22635)",
        "x-ms-client-request-id": "1939f37f-1283-7cbd-0276-94ff2df5d58f",
        "x-ms-date": "Tue, 23 Jan 2024 00:33:35 GMT",
        "x-ms-return-client-request-id": "true",
        "x-ms-version": "2024-02-04"
      },
      "RequestBody": null,
      "StatusCode": 200,
      "ResponseHeaders": {
        "Accept-Ranges": "bytes",
        "Content-Length": "0",
        "Content-Type": "application/octet-stream",
        "Date": "Tue, 23 Jan 2024 00:33:37 GMT",
        "ETag": "\u00220x8DC1BAAF080E050\u0022",
        "Last-Modified": "Tue, 23 Jan 2024 00:33:37 GMT",
        "Server": [
          "Windows-Azure-Blob/1.0",
          "Microsoft-HTTPAPI/2.0"
        ],
        "x-ms-blob-committed-block-count": "0",
        "x-ms-blob-type": "AppendBlob",
        "x-ms-client-request-id": "1939f37f-1283-7cbd-0276-94ff2df5d58f",
        "x-ms-creation-time": "Tue, 23 Jan 2024 00:33:37 GMT",
        "x-ms-is-current-version": "true",
        "x-ms-lease-state": "available",
        "x-ms-lease-status": "unlocked",
        "x-ms-request-id": "bf4d795c-a01e-008e-0f93-4d4734000000",
        "x-ms-server-encrypted": "true",
        "x-ms-version": "2024-02-04",
        "x-ms-version-id": "2024-01-23T00:33:37.3135952Z"
      },
      "ResponseBody": null
    },
    {
      "RequestUri": "https://seanmcccanada.blob.core.windows.net/test-container-394ebbdf-3526-ec9f-aa7d-94cad76dc703?restype=container",
      "RequestMethod": "DELETE",
      "RequestHeaders": {
        "Accept": "application/xml",
        "Authorization": "Sanitized",
        "traceparent": "00-474efdd3822d791c13315d20e50dd94d-3342c410ec9e2c02-00",
        "User-Agent": "azsdk-net-Storage.Blobs/12.20.0-alpha.20240119.1 (.NET 6.0.26; Microsoft Windows 10.0.22635)",
        "x-ms-client-request-id": "4d47af4a-2e7d-8b1d-7507-88c1ee54f3ce",
        "x-ms-date": "Tue, 23 Jan 2024 00:33:36 GMT",
        "x-ms-return-client-request-id": "true",
        "x-ms-version": "2024-02-04"
      },
      "RequestBody": null,
      "StatusCode": 202,
      "ResponseHeaders": {
        "Content-Length": "0",
        "Date": "Tue, 23 Jan 2024 00:33:37 GMT",
        "Server": [
          "Windows-Azure-Blob/1.0",
          "Microsoft-HTTPAPI/2.0"
        ],
        "x-ms-client-request-id": "4d47af4a-2e7d-8b1d-7507-88c1ee54f3ce",
        "x-ms-request-id": "bf4d79a4-a01e-008e-4f93-4d4734000000",
        "x-ms-version": "2024-02-04"
      },
      "ResponseBody": null
    }
  ],
  "Variables": {
    "RandomSeed": "736877204",
    "Storage_TestConfigDefault": "ProductionTenant\nseanmcccanada\nU2FuaXRpemVk\nhttps://seanmcccanada.blob.core.windows.net\nhttps://seanmcccanada.file.core.windows.net\nhttps://seanmcccanada.queue.core.windows.net\nhttps://seanmcccanada.table.core.windows.net\n\n\n\n\nhttps://seanmcccanada-secondary.blob.core.windows.net\nhttps://seanmcccanada-secondary.file.core.windows.net\nhttps://seanmcccanada-secondary.queue.core.windows.net\nhttps://seanmcccanada-secondary.table.core.windows.net\n\nSanitized\n\n\nCloud\nBlobEndpoint=https://seanmcccanada.blob.core.windows.net/;QueueEndpoint=https://seanmcccanada.queue.core.windows.net/;FileEndpoint=https://seanmcccanada.file.core.windows.net/;BlobSecondaryEndpoint=https://seanmcccanada-secondary.blob.core.windows.net/;QueueSecondaryEndpoint=https://seanmcccanada-secondary.queue.core.windows.net/;FileSecondaryEndpoint=https://seanmcccanada-secondary.file.core.windows.net/;AccountName=seanmcccanada;AccountKey=Sanitized\nencryptionScope1\n\n"
  }
}
