{
  "Entries": [
    {
      "RequestUri": "https://seanmcccanada.blob.core.windows.net/test-container-e49a5c32-2732-040a-f9e6-180bfc988cb6?restype=container",
      "RequestMethod": "PUT",
      "RequestHeaders": {
        "Accept": "application/xml",
        "Authorization": "Sanitized",
        "Content-Length": "0",
        "traceparent": "00-09060eb6ea18e403210bf4d5c52ddbf1-3503ac33f03bf022-00",
        "User-Agent": "azsdk-net-Storage.Blobs/12.19.0-alpha.20231011.1 (.NET 7.0.11; Microsoft Windows 10.0.22621)",
        "x-ms-client-request-id": "9d6b3d2f-7558-229f-1a7f-e0ea852f5361",
        "x-ms-date": "Mon, 16 Oct 2023 16:51:38 GMT",
        "x-ms-return-client-request-id": "true",
        "x-ms-version": "2023-11-03"
      },
      "RequestBody": null,
      "StatusCode": 201,
      "ResponseHeaders": {
        "Content-Length": "0",
        "Date": "Mon, 16 Oct 2023 16:51:37 GMT",
        "ETag": "\u00220x8DBCE682A32BFE4\u0022",
        "Last-Modified": "Mon, 16 Oct 2023 16:51:38 GMT",
        "Server": [
          "Windows-Azure-Blob/1.0",
          "Microsoft-HTTPAPI/2.0"
        ],
        "x-ms-client-request-id": "9d6b3d2f-7558-229f-1a7f-e0ea852f5361",
        "x-ms-request-id": "8f3b5a45-401e-0096-4751-009853000000",
        "x-ms-version": "2023-11-03"
      },
      "ResponseBody": null
    },
    {
      "RequestUri": "https://seanmcccanada.blob.core.windows.net/test-container-e49a5c32-2732-040a-f9e6-180bfc988cb6/test-blob-24e8db45-a458-86e5-391b-1c78a18f9044",
      "RequestMethod": "PUT",
      "RequestHeaders": {
        "Accept": "application/xml",
        "Authorization": "Sanitized",
        "Content-Length": "0",
        "traceparent": "00-6a94db2d55be3ac48b66cb799fc507b1-d6137757ac5be274-00",
        "User-Agent": "azsdk-net-Storage.Blobs/12.19.0-alpha.20231011.1 (.NET 7.0.11; Microsoft Windows 10.0.22621)",
        "x-ms-blob-content-length": "0",
        "x-ms-blob-type": "PageBlob",
        "x-ms-client-request-id": "98352466-18cc-8a3c-57e4-643c5827808a",
        "x-ms-date": "Mon, 16 Oct 2023 16:51:38 GMT",
        "x-ms-return-client-request-id": "true",
        "x-ms-version": "2023-11-03"
      },
      "RequestBody": null,
      "StatusCode": 201,
      "ResponseHeaders": {
        "Content-Length": "0",
        "Date": "Mon, 16 Oct 2023 16:51:37 GMT",
        "ETag": "\u00220x8DBCE682A393932\u0022",
        "Last-Modified": "Mon, 16 Oct 2023 16:51:38 GMT",
        "Server": [
          "Windows-Azure-Blob/1.0",
          "Microsoft-HTTPAPI/2.0"
        ],
        "x-ms-client-request-id": "98352466-18cc-8a3c-57e4-643c5827808a",
        "x-ms-request-id": "8f3b5a66-401e-0096-6551-009853000000",
        "x-ms-request-server-encrypted": "true",
        "x-ms-version": "2023-11-03",
        "x-ms-version-id": "2023-10-16T16:51:38.3371058Z"
      },
      "ResponseBody": null
    },
    {
      "RequestUri": "https://seanmcccanada.blob.core.windows.net/test-container-e49a5c32-2732-040a-f9e6-180bfc988cb6/test-blob-24e8db45-a458-86e5-391b-1c78a18f9044",
      "RequestMethod": "GET",
      "RequestHeaders": {
        "Accept": "application/xml",
        "Authorization": "Sanitized",
        "traceparent": "00-da2e0cc9ddeaa55946fb7e567364020f-fa82263f573596c6-00",
        "User-Agent": "azsdk-net-Storage.Blobs/12.19.0-alpha.20231011.1 (.NET 7.0.11; Microsoft Windows 10.0.22621)",
        "x-ms-client-request-id": "49675146-218a-e53c-2b25-a730f7f645d1",
        "x-ms-date": "Mon, 16 Oct 2023 16:51:38 GMT",
        "x-ms-range": "bytes=0-4194303999",
        "x-ms-return-client-request-id": "true",
        "x-ms-version": "2023-11-03"
      },
      "RequestBody": null,
      "StatusCode": 416,
      "ResponseHeaders": {
        "Access-Control-Allow-Origin": "*",
        "Access-Control-Expose-Headers": "x-ms-client-request-id",
        "Content-Length": "249",
        "Content-Range": "bytes */0",
        "Content-Type": "application/xml",
        "Date": "Mon, 16 Oct 2023 16:51:37 GMT",
        "Server": [
          "Windows-Azure-Blob/1.0",
          "Microsoft-HTTPAPI/2.0"
        ],
        "x-ms-client-request-id": "49675146-218a-e53c-2b25-a730f7f645d1",
        "x-ms-error-code": "InvalidRange",
        "x-ms-request-id": "8f3b5aa6-401e-0096-1f51-009853000000",
        "x-ms-version": "2023-11-03"
      },
      "ResponseBody": [
        "\uFEFF\u003C?xml version=\u00221.0\u0022 encoding=\u0022utf-8\u0022?\u003E\u003CError\u003E\u003CCode\u003EInvalidRange\u003C/Code\u003E\u003CMessage\u003EThe range specified is invalid for the current size of the resource.\n",
        "RequestId:8f3b5aa6-401e-0096-1f51-009853000000\n",
        "Time:2023-10-16T16:51:38.4096123Z\u003C/Message\u003E\u003C/Error\u003E"
      ]
    },
    {
      "RequestUri": "https://seanmcccanada.blob.core.windows.net/test-container-e49a5c32-2732-040a-f9e6-180bfc988cb6/test-blob-24e8db45-a458-86e5-391b-1c78a18f9044",
      "RequestMethod": "GET",
      "RequestHeaders": {
        "Accept": "application/xml",
        "Authorization": "Sanitized",
        "traceparent": "00-cebd9f9f5aab74031349a964a2b926e2-5a474a189e708f86-00",
        "User-Agent": "azsdk-net-Storage.Blobs/12.19.0-alpha.20231011.1 (.NET 7.0.11; Microsoft Windows 10.0.22621)",
        "x-ms-client-request-id": "01bbaf23-ea2d-5bcd-1631-81cfa78a092c",
        "x-ms-date": "Mon, 16 Oct 2023 16:51:38 GMT",
        "x-ms-return-client-request-id": "true",
        "x-ms-version": "2023-11-03"
      },
      "RequestBody": null,
      "StatusCode": 200,
      "ResponseHeaders": {
        "Accept-Ranges": "bytes",
        "Access-Control-Allow-Origin": "*",
        "Access-Control-Expose-Headers": "x-ms-client-request-id",
        "Content-Length": "0",
        "Content-Type": "application/octet-stream",
        "Date": "Mon, 16 Oct 2023 16:51:37 GMT",
        "ETag": "\u00220x8DBCE682A393932\u0022",
        "Last-Modified": "Mon, 16 Oct 2023 16:51:38 GMT",
        "Server": [
          "Windows-Azure-Blob/1.0",
          "Microsoft-HTTPAPI/2.0"
        ],
        "x-ms-blob-sequence-number": "0",
        "x-ms-blob-type": "PageBlob",
        "x-ms-client-request-id": "01bbaf23-ea2d-5bcd-1631-81cfa78a092c",
        "x-ms-creation-time": "Mon, 16 Oct 2023 16:51:38 GMT",
        "x-ms-is-current-version": "true",
        "x-ms-lease-state": "available",
        "x-ms-lease-status": "unlocked",
        "x-ms-request-id": "8f3b5abf-401e-0096-3551-009853000000",
        "x-ms-server-encrypted": "true",
        "x-ms-version": "2023-11-03",
        "x-ms-version-id": "2023-10-16T16:51:38.3371058Z"
      },
      "ResponseBody": null
    },
    {
      "RequestUri": "https://seanmcccanada.blob.core.windows.net/test-container-e49a5c32-2732-040a-f9e6-180bfc988cb6/test-blob-24e8db45-a458-86e5-391b-1c78a18f9044",
      "RequestMethod": "HEAD",
      "RequestHeaders": {
        "Accept": "application/xml",
        "Authorization": "Sanitized",
        "traceparent": "00-b0c54335a3e1b356d6487431b108461a-de311cb2ef3d9019-00",
        "User-Agent": "azsdk-net-Storage.Blobs/12.19.0-alpha.20231011.1 (.NET 7.0.11; Microsoft Windows 10.0.22621)",
        "x-ms-client-request-id": "470cb1f5-433b-06a3-10bf-63d00dc661a0",
        "x-ms-date": "Mon, 16 Oct 2023 16:51:38 GMT",
        "x-ms-return-client-request-id": "true",
        "x-ms-version": "2023-11-03"
      },
      "RequestBody": null,
      "StatusCode": 200,
      "ResponseHeaders": {
        "Accept-Ranges": "bytes",
        "Access-Control-Allow-Origin": "*",
        "Access-Control-Expose-Headers": "x-ms-client-request-id",
        "Content-Length": "0",
        "Content-Type": "application/octet-stream",
        "Date": "Mon, 16 Oct 2023 16:51:37 GMT",
        "ETag": "\u00220x8DBCE682A393932\u0022",
        "Last-Modified": "Mon, 16 Oct 2023 16:51:38 GMT",
        "Server": [
          "Windows-Azure-Blob/1.0",
          "Microsoft-HTTPAPI/2.0"
        ],
        "x-ms-blob-sequence-number": "0",
        "x-ms-blob-type": "PageBlob",
        "x-ms-client-request-id": "470cb1f5-433b-06a3-10bf-63d00dc661a0",
        "x-ms-creation-time": "Mon, 16 Oct 2023 16:51:38 GMT",
        "x-ms-is-current-version": "true",
        "x-ms-lease-state": "available",
        "x-ms-lease-status": "unlocked",
        "x-ms-request-id": "8f3b5adb-401e-0096-5051-009853000000",
        "x-ms-server-encrypted": "true",
        "x-ms-version": "2023-11-03",
        "x-ms-version-id": "2023-10-16T16:51:38.3371058Z"
      },
      "ResponseBody": null
    },
    {
      "RequestUri": "https://seanmcccanada.blob.core.windows.net/test-container-e49a5c32-2732-040a-f9e6-180bfc988cb6/test-blob-d696ed5a-b276-2418-2004-45cfcba653ae",
      "RequestMethod": "PUT",
      "RequestHeaders": {
        "Accept": "application/xml",
        "Authorization": "Sanitized",
        "Content-Length": "0",
        "traceparent": "00-9d5f8ac778c396a3d01742c17242f0e7-2a4c5a159b4ad338-00",
        "User-Agent": "azsdk-net-Storage.Blobs/12.19.0-alpha.20231011.1 (.NET 7.0.11; Microsoft Windows 10.0.22621)",
        "x-ms-blob-content-length": "0",
        "x-ms-blob-type": "PageBlob",
        "x-ms-client-request-id": "1bcc7efd-f9d1-42b1-99e8-2736fdd43a6a",
        "x-ms-date": "Mon, 16 Oct 2023 16:51:38 GMT",
        "x-ms-return-client-request-id": "true",
        "x-ms-version": "2023-11-03"
      },
      "RequestBody": null,
      "StatusCode": 201,
      "ResponseHeaders": {
        "Content-Length": "0",
        "Date": "Mon, 16 Oct 2023 16:51:37 GMT",
        "ETag": "\u00220x8DBCE682A5659DC\u0022",
        "Last-Modified": "Mon, 16 Oct 2023 16:51:38 GMT",
        "Server": [
          "Windows-Azure-Blob/1.0",
          "Microsoft-HTTPAPI/2.0"
        ],
        "x-ms-client-request-id": "1bcc7efd-f9d1-42b1-99e8-2736fdd43a6a",
        "x-ms-request-id": "8f3b5b04-401e-0096-7251-009853000000",
        "x-ms-request-server-encrypted": "true",
        "x-ms-version": "2023-11-03",
        "x-ms-version-id": "2023-10-16T16:51:38.5279964Z"
      },
      "ResponseBody": null
    },
    {
      "RequestUri": "https://seanmcccanada.blob.core.windows.net/test-container-e49a5c32-2732-040a-f9e6-180bfc988cb6/test-blob-d696ed5a-b276-2418-2004-45cfcba653ae",
      "RequestMethod": "GET",
      "RequestHeaders": {
        "Accept": "application/xml",
        "Authorization": "Sanitized",
        "traceparent": "00-d9d88e9f01c9b95db41f7634fd17b6bd-b4055e15e03009dc-00",
        "User-Agent": "azsdk-net-Storage.Blobs/12.19.0-alpha.20231011.1 (.NET 7.0.11; Microsoft Windows 10.0.22621)",
        "x-ms-client-request-id": "955b96a8-ba9a-c7fd-4b01-b2e74ff50991",
        "x-ms-date": "Mon, 16 Oct 2023 16:51:38 GMT",
        "x-ms-range": "bytes=0-4194303999",
        "x-ms-return-client-request-id": "true",
        "x-ms-version": "2023-11-03"
      },
      "RequestBody": null,
      "StatusCode": 416,
      "ResponseHeaders": {
        "Access-Control-Allow-Origin": "*",
        "Access-Control-Expose-Headers": "x-ms-client-request-id",
        "Content-Length": "249",
        "Content-Range": "bytes */0",
        "Content-Type": "application/xml",
        "Date": "Mon, 16 Oct 2023 16:51:37 GMT",
        "Server": [
          "Windows-Azure-Blob/1.0",
          "Microsoft-HTTPAPI/2.0"
        ],
        "x-ms-client-request-id": "955b96a8-ba9a-c7fd-4b01-b2e74ff50991",
        "x-ms-error-code": "InvalidRange",
        "x-ms-request-id": "8f3b5b58-401e-0096-3d51-009853000000",
        "x-ms-version": "2023-11-03"
      },
      "ResponseBody": [
        "\uFEFF\u003C?xml version=\u00221.0\u0022 encoding=\u0022utf-8\u0022?\u003E\u003CError\u003E\u003CCode\u003EInvalidRange\u003C/Code\u003E\u003CMessage\u003EThe range specified is invalid for the current size of the resource.\n",
        "RequestId:8f3b5b58-401e-0096-3d51-009853000000\n",
        "Time:2023-10-16T16:51:38.5965060Z\u003C/Message\u003E\u003C/Error\u003E"
      ]
    },
    {
      "RequestUri": "https://seanmcccanada.blob.core.windows.net/test-container-e49a5c32-2732-040a-f9e6-180bfc988cb6/test-blob-d696ed5a-b276-2418-2004-45cfcba653ae",
      "RequestMethod": "GET",
      "RequestHeaders": {
        "Accept": "application/xml",
        "Authorization": "Sanitized",
        "traceparent": "00-b301354b8f723b29b480a4911ffd3b32-1dda0a322ef7d4ad-00",
        "User-Agent": "azsdk-net-Storage.Blobs/12.19.0-alpha.20231011.1 (.NET 7.0.11; Microsoft Windows 10.0.22621)",
        "x-ms-client-request-id": "550b07d6-8d0f-41fe-9d72-a64547a11264",
        "x-ms-date": "Mon, 16 Oct 2023 16:51:38 GMT",
        "x-ms-return-client-request-id": "true",
        "x-ms-version": "2023-11-03"
      },
      "RequestBody": null,
      "StatusCode": 200,
      "ResponseHeaders": {
        "Accept-Ranges": "bytes",
        "Access-Control-Allow-Origin": "*",
        "Access-Control-Expose-Headers": "x-ms-client-request-id",
        "Content-Length": "0",
        "Content-Type": "application/octet-stream",
        "Date": "Mon, 16 Oct 2023 16:51:37 GMT",
        "ETag": "\u00220x8DBCE682A5659DC\u0022",
        "Last-Modified": "Mon, 16 Oct 2023 16:51:38 GMT",
        "Server": [
          "Windows-Azure-Blob/1.0",
          "Microsoft-HTTPAPI/2.0"
        ],
        "x-ms-blob-sequence-number": "0",
        "x-ms-blob-type": "PageBlob",
        "x-ms-client-request-id": "550b07d6-8d0f-41fe-9d72-a64547a11264",
        "x-ms-creation-time": "Mon, 16 Oct 2023 16:51:38 GMT",
        "x-ms-is-current-version": "true",
        "x-ms-lease-state": "available",
        "x-ms-lease-status": "unlocked",
        "x-ms-request-id": "8f3b5b87-401e-0096-6951-009853000000",
        "x-ms-server-encrypted": "true",
        "x-ms-version": "2023-11-03",
        "x-ms-version-id": "2023-10-16T16:51:38.5279964Z"
      },
      "ResponseBody": null
    },
    {
      "RequestUri": "https://seanmcccanada.blob.core.windows.net/test-container-e49a5c32-2732-040a-f9e6-180bfc988cb6/test-blob-d696ed5a-b276-2418-2004-45cfcba653ae",
      "RequestMethod": "HEAD",
      "RequestHeaders": {
        "Accept": "application/xml",
        "Authorization": "Sanitized",
        "traceparent": "00-19d73bc6caeb485f9ddc719d2939b839-42d31bf9d5f5f98c-00",
        "User-Agent": "azsdk-net-Storage.Blobs/12.19.0-alpha.20231011.1 (.NET 7.0.11; Microsoft Windows 10.0.22621)",
        "x-ms-client-request-id": "47107e71-b4ea-cf82-34dd-984d19b658be",
        "x-ms-date": "Mon, 16 Oct 2023 16:51:38 GMT",
        "x-ms-return-client-request-id": "true",
        "x-ms-version": "2023-11-03"
      },
      "RequestBody": null,
      "StatusCode": 200,
      "ResponseHeaders": {
        "Accept-Ranges": "bytes",
        "Access-Control-Allow-Origin": "*",
        "Access-Control-Expose-Headers": "x-ms-client-request-id",
        "Content-Length": "0",
        "Content-Type": "application/octet-stream",
        "Date": "Mon, 16 Oct 2023 16:51:37 GMT",
        "ETag": "\u00220x8DBCE682A5659DC\u0022",
        "Last-Modified": "Mon, 16 Oct 2023 16:51:38 GMT",
        "Server": [
          "Windows-Azure-Blob/1.0",
          "Microsoft-HTTPAPI/2.0"
        ],
        "x-ms-blob-sequence-number": "0",
        "x-ms-blob-type": "PageBlob",
        "x-ms-client-request-id": "47107e71-b4ea-cf82-34dd-984d19b658be",
        "x-ms-creation-time": "Mon, 16 Oct 2023 16:51:38 GMT",
        "x-ms-is-current-version": "true",
        "x-ms-lease-state": "available",
        "x-ms-lease-status": "unlocked",
        "x-ms-request-id": "8f3b5bc2-401e-0096-1b51-009853000000",
        "x-ms-server-encrypted": "true",
        "x-ms-version": "2023-11-03",
        "x-ms-version-id": "2023-10-16T16:51:38.5279964Z"
      },
      "ResponseBody": null
    },
    {
      "RequestUri": "https://seanmcccanada.blob.core.windows.net/test-container-e49a5c32-2732-040a-f9e6-180bfc988cb6?restype=container",
      "RequestMethod": "DELETE",
      "RequestHeaders": {
        "Accept": "application/xml",
        "Authorization": "Sanitized",
        "traceparent": "00-f06d1cb85958cd838b9ba8821e48d33f-c130a7a55adeab07-00",
        "User-Agent": "azsdk-net-Storage.Blobs/12.19.0-alpha.20231011.1 (.NET 7.0.11; Microsoft Windows 10.0.22621)",
        "x-ms-client-request-id": "c8d348ad-cb90-907a-bd21-723b0f5acfe3",
        "x-ms-date": "Mon, 16 Oct 2023 16:51:38 GMT",
        "x-ms-return-client-request-id": "true",
        "x-ms-version": "2023-11-03"
      },
      "RequestBody": null,
      "StatusCode": 202,
      "ResponseHeaders": {
        "Content-Length": "0",
        "Date": "Mon, 16 Oct 2023 16:51:38 GMT",
        "Server": [
          "Windows-Azure-Blob/1.0",
          "Microsoft-HTTPAPI/2.0"
        ],
        "x-ms-client-request-id": "c8d348ad-cb90-907a-bd21-723b0f5acfe3",
        "x-ms-request-id": "8f3b5bf6-401e-0096-4f51-009853000000",
        "x-ms-version": "2023-11-03"
      },
      "ResponseBody": null
    }
  ],
  "Variables": {
    "RandomSeed": "296749716",
    "Storage_TestConfigDefault": "ProductionTenant\nseanmcccanada\nU2FuaXRpemVk\nhttps://seanmcccanada.blob.core.windows.net\nhttps://seanmcccanada.file.core.windows.net\nhttps://seanmcccanada.queue.core.windows.net\nhttps://seanmcccanada.table.core.windows.net\n\n\n\n\nhttps://seanmcccanada-secondary.blob.core.windows.net\nhttps://seanmcccanada-secondary.file.core.windows.net\nhttps://seanmcccanada-secondary.queue.core.windows.net\nhttps://seanmcccanada-secondary.table.core.windows.net\n68390a19-a643-458b-b726-408abf67b4fc\nSanitized\n72f988bf-86f1-41af-91ab-2d7cd011db47\nhttps://login.microsoftonline.com/\nCloud\nBlobEndpoint=https://seanmcccanada.blob.core.windows.net/;QueueEndpoint=https://seanmcccanada.queue.core.windows.net/;FileEndpoint=https://seanmcccanada.file.core.windows.net/;BlobSecondaryEndpoint=https://seanmcccanada-secondary.blob.core.windows.net/;QueueSecondaryEndpoint=https://seanmcccanada-secondary.queue.core.windows.net/;FileSecondaryEndpoint=https://seanmcccanada-secondary.file.core.windows.net/;AccountName=seanmcccanada;AccountKey=Sanitized\nseanscope1\nkupplaks-rg\n560efead-282d-42a4-8f12-1b37d2a4e785"
  }
}
