{
  "Entries": [
    {
      "RequestUri": "https://vanishatesttagshns.blob.core.windows.net/test-filesystem-bcd2cd82-3bfa-c80b-714f-55a4df2b4eff?restype=container",
      "RequestMethod": "PUT",
      "RequestHeaders": {
        "Accept": "application/xml",
        "Authorization": "Sanitized",
        "Content-Length": "0",
        "traceparent": "00-f6aa6b13ddf9c79fd2fe5acab3ecaf38-83a013c247ce6523-00",
        "User-Agent": "azsdk-net-Storage.Files.DataLake/12.24.0-alpha.20250625.1 (.NET 9.0.6; Microsoft Windows 10.0.26100)",
        "x-ms-client-request-id": "Sanitized",
        "x-ms-date": "Wed, 25 Jun 2025 17:06:14 GMT",
        "x-ms-return-client-request-id": "true",
        "x-ms-version": "2026-02-06"
      },
      "RequestBody": null,
      "StatusCode": 201,
      "ResponseHeaders": {
        "Content-Length": "0",
        "Date": "Wed, 25 Jun 2025 17:06:14 GMT",
        "ETag": "\"0x8DDB40A9802A813\"",
        "Last-Modified": "Wed, 25 Jun 2025 17:06:14 GMT",
        "Server": [
          "Windows-Azure-Blob/1.0",
          "Microsoft-HTTPAPI/2.0"
        ],
        "x-ms-client-request-id": "Sanitized",
        "x-ms-request-id": "ba2ef2b1-e01e-0044-16f3-e5c955000000",
        "x-ms-version": "2026-02-06"
      },
      "ResponseBody": null
    },
    {
      "RequestUri": "https://vanishatesttagshns.dfs.core.windows.net/test-filesystem-bcd2cd82-3bfa-c80b-714f-55a4df2b4eff/test-directory-9f16ac0a-5de5-dacc-556a-835df4474b4a?resource=directory",
      "RequestMethod": "PUT",
      "RequestHeaders": {
        "Accept": "application/json",
        "Authorization": "Sanitized",
        "Content-Length": "0",
        "traceparent": "00-7170ca36bc2d53de052740c7438a3aa9-3ab83c44257a0f91-00",
        "User-Agent": "azsdk-net-Storage.Files.DataLake/12.24.0-alpha.20250625.1 (.NET 9.0.6; Microsoft Windows 10.0.26100)",
        "x-ms-client-request-id": "Sanitized",
        "x-ms-date": "Wed, 25 Jun 2025 17:06:14 GMT",
        "x-ms-return-client-request-id": "true",
        "x-ms-version": "2026-02-06"
      },
      "RequestBody": null,
      "StatusCode": 201,
      "ResponseHeaders": {
        "Content-Length": "0",
        "Date": "Wed, 25 Jun 2025 17:06:14 GMT",
        "ETag": "\"0x8DDB40A980BB468\"",
        "Last-Modified": "Wed, 25 Jun 2025 17:06:15 GMT",
        "Server": [
          "Windows-Azure-HDFS/1.0",
          "Microsoft-HTTPAPI/2.0"
        ],
        "x-ms-client-request-id": "Sanitized",
        "x-ms-request-id": "3922af19-001f-0011-1df3-e5d9de000000",
        "x-ms-request-server-encrypted": "true",
        "x-ms-version": "2026-02-06"
      },
      "ResponseBody": null
    },
    {
      "RequestUri": "https://vanishatesttagshns.blob.core.windows.net/test-filesystem-bcd2cd82-3bfa-c80b-714f-55a4df2b4eff/test-directory-9f16ac0a-5de5-dacc-556a-835df4474b4a?sv=Sanitized&se=2025-06-26T17%3A06%3A15Z&sr=b&sp=racwdltmeop&sig=Sanitized",
      "RequestMethod": "HEAD",
      "RequestHeaders": {
        "Accept": "application/xml",
        "traceparent": "00-e5c38ffe1b5a7bfc8da7d8d185349dc8-584663e72b3b993c-00",
        "User-Agent": "azsdk-net-Storage.Files.DataLake/12.24.0-alpha.20250625.1 (.NET 9.0.6; Microsoft Windows 10.0.26100)",
        "x-ms-client-request-id": "Sanitized",
        "x-ms-return-client-request-id": "true",
        "x-ms-version": "2026-02-06"
      },
      "RequestBody": null,
      "StatusCode": 200,
      "ResponseHeaders": {
        "Accept-Ranges": "bytes",
        "Content-Length": "0",
        "Content-Type": "application/octet-stream",
        "Date": "Wed, 25 Jun 2025 17:06:14 GMT",
        "ETag": "\"0x8DDB40A980BB468\"",
        "Last-Modified": "Wed, 25 Jun 2025 17:06:15 GMT",
        "Server": [
          "Windows-Azure-Blob/1.0",
          "Microsoft-HTTPAPI/2.0"
        ],
        "x-ms-access-tier": "Hot",
        "x-ms-access-tier-inferred": "true",
        "x-ms-acl": "user::rwx,group::r-x,other::---",
        "x-ms-blob-type": "BlockBlob",
        "x-ms-client-request-id": "Sanitized",
        "x-ms-creation-time": "Wed, 25 Jun 2025 17:06:15 GMT",
        "x-ms-group": "$superuser",
        "x-ms-lease-state": "available",
        "x-ms-lease-status": "unlocked",
        "x-ms-meta-hdi_isfolder": "true",
        "x-ms-owner": "$superuser",
        "x-ms-permissions": "rwxr-x---",
        "x-ms-request-id": "ba2ef2da-e01e-0044-3af3-e5c955000000",
        "x-ms-resource-type": "directory",
        "x-ms-server-encrypted": "true",
        "x-ms-version": "2026-02-06"
      },
      "ResponseBody": null
    },
    {
      "RequestUri": "https://vanishatesttagshns.dfs.core.windows.net/test-filesystem-bcd2cd82-3bfa-c80b-714f-55a4df2b4eff/test-directory-9f16ac0a-5de5-dacc-556a-835df4474b4a?sv=Sanitized&se=2025-06-26T17%3A06%3A15Z&sr=b&sp=racwdltmeop&sig=Sanitized&action=getAccessControl",
      "RequestMethod": "HEAD",
      "RequestHeaders": {
        "Accept": "application/json",
        "traceparent": "00-2594facea6f110700da60c2276e54c74-439114b0c6b59118-00",
        "User-Agent": "azsdk-net-Storage.Files.DataLake/12.24.0-alpha.20250625.1 (.NET 9.0.6; Microsoft Windows 10.0.26100)",
        "x-ms-client-request-id": "Sanitized",
        "x-ms-return-client-request-id": "true",
        "x-ms-version": "2026-02-06"
      },
      "RequestBody": null,
      "StatusCode": 200,
      "ResponseHeaders": {
        "Date": "Wed, 25 Jun 2025 17:06:14 GMT",
        "ETag": "\"0x8DDB40A980BB468\"",
        "Last-Modified": "Wed, 25 Jun 2025 17:06:15 GMT",
        "Server": [
          "Windows-Azure-HDFS/1.0",
          "Microsoft-HTTPAPI/2.0"
        ],
        "x-ms-acl": "user::rwx,group::r-x,other::---",
        "x-ms-client-request-id": "Sanitized",
        "x-ms-group": "$superuser",
        "x-ms-owner": "$superuser",
        "x-ms-permissions": "rwxr-x---",
        "x-ms-request-id": "3922af1b-001f-0011-1ff3-e5d9de000000",
        "x-ms-version": "2026-02-06"
      },
      "ResponseBody": null
    },
    {
      "RequestUri": "https://vanishatesttagshns.blob.core.windows.net/test-filesystem-bcd2cd82-3bfa-c80b-714f-55a4df2b4eff?restype=container",
      "RequestMethod": "DELETE",
      "RequestHeaders": {
        "Accept": "application/xml",
        "Authorization": "Sanitized",
        "traceparent": "00-fbcd9d49eea09a7967fa71879096f075-464d058356ecb0e2-00",
        "User-Agent": "azsdk-net-Storage.Files.DataLake/12.24.0-alpha.20250625.1 (.NET 9.0.6; Microsoft Windows 10.0.26100)",
        "x-ms-client-request-id": "Sanitized",
        "x-ms-date": "Wed, 25 Jun 2025 17:06:15 GMT",
        "x-ms-return-client-request-id": "true",
        "x-ms-version": "2026-02-06"
      },
      "RequestBody": null,
      "StatusCode": 202,
      "ResponseHeaders": {
        "Content-Length": "0",
        "Date": "Wed, 25 Jun 2025 17:06:14 GMT",
        "Server": [
          "Windows-Azure-Blob/1.0",
          "Microsoft-HTTPAPI/2.0"
        ],
        "x-ms-client-request-id": "Sanitized",
        "x-ms-request-id": "ba2ef2f8-e01e-0044-51f3-e5c955000000",
        "x-ms-version": "2026-02-06"
      },
      "ResponseBody": null
    }
  ],
  "Variables": {
    "DateTimeOffsetNow": "2025-06-25T12:06:15.0285350-05:00",
    "RandomSeed": "39710907",
    "Storage_TestConfigHierarchicalNamespace": "NamespaceTenant\nvanishatesttagshns\nU2FuaXRpemVk\nhttps://vanishatesttagshns.blob.core.windows.net\nhttps://vanishatesttagshns.file.core.windows.net\nhttps://vanishatesttagshns.queue.core.windows.net\nhttps://vanishatesttagshns.table.core.windows.net\n\n\n\n\nhttps://vanishatesttagshns-secondary.blob.core.windows.net\nhttps://vanishatesttagshns-secondary.file.core.windows.net\nhttps://vanishatesttagshns-secondary.queue.core.windows.net\nhttps://vanishatesttagshns-secondary.table.core.windows.net\nCloud\nBlobEndpoint=https://vanishatesttagshns.blob.core.windows.net/;QueueEndpoint=https://vanishatesttagshns.queue.core.windows.net/;FileEndpoint=https://vanishatesttagshns.file.core.windows.net/;BlobSecondaryEndpoint=https://vanishatesttagshns-secondary.blob.core.windows.net/;QueueSecondaryEndpoint=https://vanishatesttagshns-secondary.queue.core.windows.net/;FileSecondaryEndpoint=https://vanishatesttagshns-secondary.file.core.windows.net/;AccountName=vanishatesttagshns;AccountKey=U2FuaXRpemVk\nseanscope1\nXClient\n"
  }
}
