{
  "Entries": [
    {
      "RequestUri": "https://fakestorage.blob.core.windows.net/gofsdeletefilewithoutleaseid?restype=container",
      "RequestMethod": "PUT",
      "RequestHeaders": {
        "Accept": "application/xml",
        "Accept-Encoding": "gzip",
        "Authorization": "Sanitized",
        "Content-Length": "0",
        "User-Agent": "azsdk-go-service.Client/v1.3.0-beta.1 (go1.19.13; Windows_NT)",
        "X-Ms-Date": "Wed, 17 Jan 2024 11:51:26 GMT",
        "x-ms-version": "2023-11-03"
      },
      "RequestBody": null,
      "StatusCode": 201,
      "ResponseHeaders": {
        "Content-Length": "0",
        "Date": "Wed, 17 Jan 2024 11:51:25 GMT",
        "ETag": "\u00220x8DC1752A282802F\u0022",
        "Last-Modified": "Wed, 17 Jan 2024 11:51:26 GMT",
        "Server": [
          "Windows-Azure-Blob/1.0",
          "Microsoft-HTTPAPI/2.0"
        ],
        "x-ms-request-id": "00000000-0000-0000-0000-000000000000",
        "x-ms-version": "2023-11-03"
      },
      "ResponseBody": null
    },
    {
      "RequestUri": "https://fakestorage.dfs.core.windows.net/gofsdeletefilewithoutleaseid/gotestfiledeletefilewithoutleaseid?resource=file",
      "RequestMethod": "PUT",
      "RequestHeaders": {
        "Accept": "application/json",
        "Accept-Encoding": "gzip",
        "Authorization": "Sanitized",
        "Content-Length": "0",
        "User-Agent": "azsdk-go-azdatalake.service/v1.1.0-beta.2 (go1.19.13; Windows_NT)",
        "X-Ms-Date": "Wed, 17 Jan 2024 11:51:26 GMT",
        "x-ms-version": "2021-06-08"
      },
      "RequestBody": null,
      "StatusCode": 201,
      "ResponseHeaders": {
        "Content-Length": "0",
        "Date": "Wed, 17 Jan 2024 11:51:25 GMT",
        "ETag": "\u00220x8DC1752A28BE4FB\u0022",
        "Last-Modified": "Wed, 17 Jan 2024 11:51:26 GMT",
        "Server": [
          "Windows-Azure-HDFS/1.0",
          "Microsoft-HTTPAPI/2.0"
        ],
        "x-ms-request-id": "00000000-0000-0000-0000-000000000000",
        "x-ms-request-server-encrypted": "true",
        "x-ms-version": "2021-06-08"
      },
      "ResponseBody": null
    },
    {
      "RequestUri": "https://fakestorage.blob.core.windows.net/gofsdeletefilewithoutleaseid/gotestfiledeletefilewithoutleaseid?comp=lease",
      "RequestMethod": "PUT",
      "RequestHeaders": {
        "Accept": "application/xml",
        "Accept-Encoding": "gzip",
        "Authorization": "Sanitized",
        "Content-Length": "0",
        "User-Agent": "azsdk-go-service.Client/v1.3.0-beta.1 (go1.19.13; Windows_NT)",
        "X-Ms-Date": "Wed, 17 Jan 2024 11:51:26 GMT",
        "x-ms-lease-action": "acquire",
        "x-ms-lease-duration": "60",
        "x-ms-proposed-lease-id": "c820a799-76d7-4ee2-6e15-546f19325c2c",
        "x-ms-version": "2023-11-03"
      },
      "RequestBody": null,
      "StatusCode": 201,
      "ResponseHeaders": {
        "Content-Length": "0",
        "Date": "Wed, 17 Jan 2024 11:51:26 GMT",
        "ETag": "\u00220x8DC1752A28BE4FB\u0022",
        "Last-Modified": "Wed, 17 Jan 2024 11:51:26 GMT",
        "Server": [
          "Windows-Azure-Blob/1.0",
          "Microsoft-HTTPAPI/2.0"
        ],
        "x-ms-lease-id": "c820a799-76d7-4ee2-6e15-546f19325c2c",
        "x-ms-request-id": "00000000-0000-0000-0000-000000000000",
        "x-ms-version": "2023-11-03"
      },
      "ResponseBody": null
    },
    {
      "RequestUri": "https://fakestorage.dfs.core.windows.net/gofsdeletefilewithoutleaseid/gotestfiledeletefilewithoutleaseid?recursive=false",
      "RequestMethod": "DELETE",
      "RequestHeaders": {
        "Accept": "application/json",
        "Accept-Encoding": "gzip",
        "Authorization": "Sanitized",
        "User-Agent": "azsdk-go-azdatalake.service/v1.1.0-beta.2 (go1.19.13; Windows_NT)",
        "X-Ms-Date": "Wed, 17 Jan 2024 11:51:26 GMT",
        "x-ms-version": "2021-06-08"
      },
      "RequestBody": null,
      "StatusCode": 412,
      "ResponseHeaders": {
        "Content-Length": "219",
        "Content-Type": "application/json; charset=utf-8",
        "Date": "Wed, 17 Jan 2024 11:51:26 GMT",
        "Server": [
          "Windows-Azure-HDFS/1.0",
          "Microsoft-HTTPAPI/2.0"
        ],
        "x-ms-error-code": "LeaseIdMissing",
        "x-ms-request-id": "00000000-0000-0000-0000-000000000000",
        "x-ms-version": "2021-06-08"
      },
      "ResponseBody": {
        "error": {
          "code": "LeaseIdMissing",
          "message": "There is currently a lease on the resource and no lease ID was specified in the request.\nRequestId:4b9a3ea9-101f-000b-5a3b-4911d6000000\nTime:2024-01-17T11:51:26.2355710Z"
        }
      }
    },
    {
      "RequestUri": "https://fakestorage.dfs.core.windows.net/gofsdeletefilewithoutleaseid/gotestfiledeletefilewithoutleaseid?recursive=false",
      "RequestMethod": "DELETE",
      "RequestHeaders": {
        "Accept": "application/json",
        "Accept-Encoding": "gzip",
        "Authorization": "Sanitized",
        "User-Agent": "azsdk-go-azdatalake.service/v1.1.0-beta.2 (go1.19.13; Windows_NT)",
        "X-Ms-Date": "Wed, 17 Jan 2024 11:51:26 GMT",
        "x-ms-lease-id": "c820a799-76d7-4ee2-6e15-546f19325c2c",
        "x-ms-version": "2021-06-08"
      },
      "RequestBody": null,
      "StatusCode": 200,
      "ResponseHeaders": {
        "Content-Length": "0",
        "Date": "Wed, 17 Jan 2024 11:51:26 GMT",
        "Server": [
          "Windows-Azure-HDFS/1.0",
          "Microsoft-HTTPAPI/2.0"
        ],
        "x-ms-delete-type-permanent": "true",
        "x-ms-request-id": "00000000-0000-0000-0000-000000000000",
        "x-ms-version": "2021-06-08"
      },
      "ResponseBody": null
    },
    {
      "RequestUri": "https://fakestorage.blob.core.windows.net/gofsdeletefilewithoutleaseid?restype=container",
      "RequestMethod": "DELETE",
      "RequestHeaders": {
        "Accept": "application/xml",
        "Accept-Encoding": "gzip",
        "Authorization": "Sanitized",
        "User-Agent": "azsdk-go-service.Client/v1.3.0-beta.1 (go1.19.13; Windows_NT)",
        "X-Ms-Date": "Wed, 17 Jan 2024 11:51:26 GMT",
        "x-ms-version": "2023-11-03"
      },
      "RequestBody": null,
      "StatusCode": 202,
      "ResponseHeaders": {
        "Content-Length": "0",
        "Date": "Wed, 17 Jan 2024 11:51:26 GMT",
        "Server": [
          "Windows-Azure-Blob/1.0",
          "Microsoft-HTTPAPI/2.0"
        ],
        "x-ms-request-id": "00000000-0000-0000-0000-000000000000",
        "x-ms-version": "2023-11-03"
      },
      "ResponseBody": null
    }
  ],
  "Variables": {}
}
