{
  "Entries": [
    {
      "RequestUri": "https://fakestorage.blob.core.windows.net/gofscreatenewsubdirectoryclient?restype=container",
      "RequestMethod": "PUT",
      "RequestHeaders": {
        "Accept": "application/xml",
        "Accept-Encoding": "gzip",
        "Authorization": "Sanitized",
        "Content-Length": "0",
        "User-Agent": "azsdk-go-azblob/v1.3.1 (go1.19.13; Windows_NT)",
        "X-Ms-Date": "Wed, 20 Mar 2024 12:16:28 GMT",
        "x-ms-version": "2023-11-03"
      },
      "RequestBody": null,
      "StatusCode": 201,
      "ResponseHeaders": {
        "Content-Length": "0",
        "Date": "Wed, 20 Mar 2024 12:16:28 GMT",
        "ETag": "\u00220x8DC48D7924F6F32\u0022",
        "Last-Modified": "Wed, 20 Mar 2024 12:16:28 GMT",
        "Server": [
          "Windows-Azure-Blob/1.0",
          "Microsoft-HTTPAPI/2.0"
        ],
        "x-ms-request-id": "00000000-0000-0000-0000-000000000000",
        "x-ms-version": "2023-11-03"
      },
      "ResponseBody": null
    },
    {
      "RequestUri": "https://fakestorage.dfs.core.windows.net/gofscreatenewsubdirectoryclient/gotestdircreatenewsubdirectoryclient?resource=directory",
      "RequestMethod": "PUT",
      "RequestHeaders": {
        "Accept": "application/json",
        "Accept-Encoding": "gzip",
        "Authorization": "Sanitized",
        "Content-Length": "0",
        "User-Agent": "azsdk-go-azdatalake/v1.1.2 (go1.19.13; Windows_NT)",
        "X-Ms-Date": "Wed, 20 Mar 2024 12:16:28 GMT",
        "x-ms-version": "2023-05-03"
      },
      "RequestBody": null,
      "StatusCode": 201,
      "ResponseHeaders": {
        "Content-Length": "0",
        "Date": "Wed, 20 Mar 2024 12:16:28 GMT",
        "ETag": "\u00220x8DC48D792562978\u0022",
        "Last-Modified": "Wed, 20 Mar 2024 12:16:29 GMT",
        "Server": [
          "Windows-Azure-HDFS/1.0",
          "Microsoft-HTTPAPI/2.0"
        ],
        "x-ms-request-id": "00000000-0000-0000-0000-000000000000",
        "x-ms-request-server-encrypted": "true",
        "x-ms-version": "2023-05-03"
      },
      "ResponseBody": null
    },
    {
      "RequestUri": "https://fakestorage.dfs.core.windows.net/gofscreatenewsubdirectoryclient/gotestdircreatenewsubdirectoryclient/gotestsubdircreatenewsubdirectoryclient?resource=directory",
      "RequestMethod": "PUT",
      "RequestHeaders": {
        "Accept": "application/json",
        "Accept-Encoding": "gzip",
        "Authorization": "Sanitized",
        "Content-Length": "0",
        "User-Agent": "azsdk-go-azdatalake/v1.1.2 (go1.19.13; Windows_NT)",
        "X-Ms-Date": "Wed, 20 Mar 2024 12:16:28 GMT",
        "x-ms-encryption-algorithm": "AES256",
        "x-ms-encryption-key": "MDEyMzQ1NjcwMTIzNDU2NzAxMjM0NTY3MDEyMzQ1Njc=",
        "x-ms-encryption-key-sha256": "3QFFFpRA5\u002BXANHqwwbT4yXDmrT/2JaLt/FKHjzhOdoE=",
        "x-ms-permissions": "r-xr-x---",
        "x-ms-version": "2023-05-03"
      },
      "RequestBody": null,
      "StatusCode": 201,
      "ResponseHeaders": {
        "Content-Length": "0",
        "Date": "Wed, 20 Mar 2024 12:16:28 GMT",
        "ETag": "\u00220x8DC48D7925A3C2A\u0022",
        "Last-Modified": "Wed, 20 Mar 2024 12:16:29 GMT",
        "Server": [
          "Windows-Azure-HDFS/1.0",
          "Microsoft-HTTPAPI/2.0"
        ],
        "x-ms-encryption-key-sha256": "3QFFFpRA5\u002BXANHqwwbT4yXDmrT/2JaLt/FKHjzhOdoE=",
        "x-ms-request-id": "00000000-0000-0000-0000-000000000000",
        "x-ms-request-server-encrypted": "true",
        "x-ms-version": "2023-05-03"
      },
      "ResponseBody": null
    },
    {
      "RequestUri": "https://fakestorage.blob.core.windows.net/gofscreatenewsubdirectoryclient/gotestdircreatenewsubdirectoryclient/gotestsubdircreatenewsubdirectoryclient",
      "RequestMethod": "HEAD",
      "RequestHeaders": {
        "Accept": "application/xml",
        "Authorization": "Sanitized",
        "User-Agent": "azsdk-go-azblob/v1.3.1 (go1.19.13; Windows_NT)",
        "X-Ms-Date": "Wed, 20 Mar 2024 12:16:28 GMT",
        "x-ms-encryption-algorithm": "AES256",
        "x-ms-encryption-key": "MDEyMzQ1NjcwMTIzNDU2NzAxMjM0NTY3MDEyMzQ1Njc=",
        "x-ms-encryption-key-sha256": "3QFFFpRA5\u002BXANHqwwbT4yXDmrT/2JaLt/FKHjzhOdoE=",
        "x-ms-version": "2023-11-03"
      },
      "RequestBody": null,
      "StatusCode": 200,
      "ResponseHeaders": {
        "Accept-Ranges": "bytes",
        "Content-Length": "0",
        "Content-Type": "application/octet-stream",
        "Date": "Wed, 20 Mar 2024 12:16:28 GMT",
        "ETag": "\u00220x8DC48D7925A3C2A\u0022",
        "Last-Modified": "Wed, 20 Mar 2024 12:16:29 GMT",
        "Server": [
          "Windows-Azure-Blob/1.0",
          "Microsoft-HTTPAPI/2.0"
        ],
        "Vary": "Origin",
        "x-ms-access-tier": "Hot",
        "x-ms-access-tier-inferred": "true",
        "x-ms-acl": "user::r-x,group::r-x,other::---",
        "x-ms-blob-type": "BlockBlob",
        "x-ms-creation-time": "Wed, 20 Mar 2024 12:16:29 GMT",
        "x-ms-encryption-key-sha256": "3QFFFpRA5\u002BXANHqwwbT4yXDmrT/2JaLt/FKHjzhOdoE=",
        "x-ms-group": "$superuser",
        "x-ms-lease-state": "available",
        "x-ms-lease-status": "unlocked",
        "x-ms-meta-hdi_isfolder": "true",
        "x-ms-owner": "$superuser",
        "x-ms-permissions": "r-xr-x---",
        "x-ms-request-id": "00000000-0000-0000-0000-000000000000",
        "x-ms-resource-type": "directory",
        "x-ms-server-encrypted": "true",
        "x-ms-version": "2023-11-03"
      },
      "ResponseBody": null
    },
    {
      "RequestUri": "https://fakestorage.dfs.core.windows.net/gofscreatenewsubdirectoryclient/gotestdircreatenewsubdirectoryclient/gotestsubdircreatenewsubdirectoryclient/gotestfilenewfile?resource=file",
      "RequestMethod": "PUT",
      "RequestHeaders": {
        "Accept": "application/json",
        "Accept-Encoding": "gzip",
        "Authorization": "Sanitized",
        "Content-Length": "0",
        "User-Agent": "azsdk-go-azdatalake/v1.1.2 (go1.19.13; Windows_NT)",
        "X-Ms-Date": "Wed, 20 Mar 2024 12:16:28 GMT",
        "x-ms-version": "2023-05-03"
      },
      "RequestBody": null,
      "StatusCode": 201,
      "ResponseHeaders": {
        "Content-Length": "0",
        "Date": "Wed, 20 Mar 2024 12:16:28 GMT",
        "ETag": "\u00220x8DC48D792627417\u0022",
        "Last-Modified": "Wed, 20 Mar 2024 12:16:29 GMT",
        "Server": [
          "Windows-Azure-HDFS/1.0",
          "Microsoft-HTTPAPI/2.0"
        ],
        "x-ms-request-id": "00000000-0000-0000-0000-000000000000",
        "x-ms-request-server-encrypted": "true",
        "x-ms-version": "2023-05-03"
      },
      "ResponseBody": null
    },
    {
      "RequestUri": "https://fakestorage.dfs.core.windows.net/gofscreatenewsubdirectoryclient/gotestdircreatenewsubdirectoryclient/gotestsubdircreatenewsubdirectoryclient/gotestfilenewfile?action=append\u0026position=0",
      "RequestMethod": "PATCH",
      "RequestHeaders": {
        "Accept": "application/json",
        "Accept-Encoding": "gzip",
        "Authorization": "Sanitized",
        "Content-Length": "14",
        "Content-Type": "application/json",
        "User-Agent": "azsdk-go-azdatalake/v1.1.2 (go1.19.13; Windows_NT)",
        "X-Ms-Date": "Wed, 20 Mar 2024 12:16:28 GMT",
        "x-ms-version": "2023-05-03"
      },
      "RequestBody": "Godatalakedata",
      "StatusCode": 202,
      "ResponseHeaders": {
        "Content-Length": "0",
        "Date": "Wed, 20 Mar 2024 12:16:28 GMT",
        "Server": [
          "Windows-Azure-HDFS/1.0",
          "Microsoft-HTTPAPI/2.0"
        ],
        "x-ms-request-id": "00000000-0000-0000-0000-000000000000",
        "x-ms-request-server-encrypted": "true",
        "x-ms-version": "2023-05-03"
      },
      "ResponseBody": null
    },
    {
      "RequestUri": "https://fakestorage.dfs.core.windows.net/gofscreatenewsubdirectoryclient/gotestdircreatenewsubdirectoryclient/gotestsubdircreatenewsubdirectoryclient/gotestfilenewfile?action=flush\u0026close=false\u0026position=14\u0026retainUncommittedData=false",
      "RequestMethod": "PATCH",
      "RequestHeaders": {
        "Accept": "application/json",
        "Accept-Encoding": "gzip",
        "Authorization": "Sanitized",
        "Content-Length": "0",
        "User-Agent": "azsdk-go-azdatalake/v1.1.2 (go1.19.13; Windows_NT)",
        "X-Ms-Date": "Wed, 20 Mar 2024 12:16:28 GMT",
        "x-ms-version": "2023-05-03"
      },
      "RequestBody": null,
      "StatusCode": 200,
      "ResponseHeaders": {
        "Content-Length": "0",
        "Date": "Wed, 20 Mar 2024 12:16:28 GMT",
        "ETag": "\u00220x8DC48D7926D06BC\u0022",
        "Last-Modified": "Wed, 20 Mar 2024 12:16:29 GMT",
        "Server": [
          "Windows-Azure-HDFS/1.0",
          "Microsoft-HTTPAPI/2.0"
        ],
        "x-ms-request-id": "00000000-0000-0000-0000-000000000000",
        "x-ms-request-server-encrypted": "false",
        "x-ms-version": "2023-05-03"
      },
      "ResponseBody": null
    },
    {
      "RequestUri": "https://fakestorage.blob.core.windows.net/gofscreatenewsubdirectoryclient/gotestdircreatenewsubdirectoryclient/gotestfilenewfile",
      "RequestMethod": "HEAD",
      "RequestHeaders": {
        "Accept": "application/xml",
        "Authorization": "Sanitized",
        "User-Agent": "azsdk-go-azblob/v1.3.1 (go1.19.13; Windows_NT)",
        "X-Ms-Date": "Wed, 20 Mar 2024 12:16:28 GMT",
        "x-ms-version": "2023-11-03"
      },
      "RequestBody": null,
      "StatusCode": 404,
      "ResponseHeaders": {
        "Date": "Wed, 20 Mar 2024 12:16:28 GMT",
        "Server": [
          "Windows-Azure-Blob/1.0",
          "Microsoft-HTTPAPI/2.0"
        ],
        "Transfer-Encoding": "chunked",
        "Vary": "Origin",
        "x-ms-error-code": "BlobNotFound",
        "x-ms-request-id": "00000000-0000-0000-0000-000000000000",
        "x-ms-version": "2023-11-03"
      },
      "ResponseBody": null
    },
    {
      "RequestUri": "https://fakestorage.blob.core.windows.net/gofscreatenewsubdirectoryclient?restype=container",
      "RequestMethod": "DELETE",
      "RequestHeaders": {
        "Accept": "application/xml",
        "Accept-Encoding": "gzip",
        "Authorization": "Sanitized",
        "User-Agent": "azsdk-go-azblob/v1.3.1 (go1.19.13; Windows_NT)",
        "X-Ms-Date": "Wed, 20 Mar 2024 12:16:28 GMT",
        "x-ms-version": "2023-11-03"
      },
      "RequestBody": null,
      "StatusCode": 202,
      "ResponseHeaders": {
        "Content-Length": "0",
        "Date": "Wed, 20 Mar 2024 12:16:28 GMT",
        "Server": [
          "Windows-Azure-Blob/1.0",
          "Microsoft-HTTPAPI/2.0"
        ],
        "x-ms-request-id": "00000000-0000-0000-0000-000000000000",
        "x-ms-version": "2023-11-03"
      },
      "ResponseBody": null
    }
  ],
  "Variables": {}
}
