{
  "Entries": [
    {
      "RequestUri": "https://fakestorage.blob.core.windows.net/gofsfilesystemlistpathswithencryptioncontext?restype=container",
      "RequestMethod": "PUT",
      "RequestHeaders": {
        "Accept": "application/xml",
        "Accept-Encoding": "gzip",
        "Authorization": "Sanitized",
        "Content-Length": "0",
        "User-Agent": "azsdk-go-azblob/v1.3.1 (go1.19.13; Windows_NT)",
        "X-Ms-Date": "Mon, 18 Mar 2024 17:36:58 GMT",
        "x-ms-version": "2023-11-03"
      },
      "RequestBody": null,
      "StatusCode": 201,
      "ResponseHeaders": {
        "Content-Length": "0",
        "Date": "Mon, 18 Mar 2024 17:36:58 GMT",
        "ETag": "\u00220x8DC4772032533FF\u0022",
        "Last-Modified": "Mon, 18 Mar 2024 17:36:58 GMT",
        "Server": [
          "Windows-Azure-Blob/1.0",
          "Microsoft-HTTPAPI/2.0"
        ],
        "x-ms-request-id": "00000000-0000-0000-0000-000000000000",
        "x-ms-version": "2023-11-03"
      },
      "ResponseBody": null
    },
    {
      "RequestUri": "https://fakestorage.dfs.core.windows.net/gofsfilesystemlistpathswithencryptioncontext/Test/TestFilesystemListPathsWithEncryptionContextfile1?resource=file",
      "RequestMethod": "PUT",
      "RequestHeaders": {
        "Accept": "application/json",
        "Accept-Encoding": "gzip",
        "Authorization": "Sanitized",
        "Content-Length": "0",
        "User-Agent": "azsdk-go-azdatalake/v1.1.2 (go1.19.13; Windows_NT)",
        "X-Ms-Date": "Mon, 18 Mar 2024 17:36:58 GMT",
        "x-ms-encryption-context": "test_encryption_context",
        "x-ms-version": "2023-05-03"
      },
      "RequestBody": null,
      "StatusCode": 201,
      "ResponseHeaders": {
        "Content-Length": "0",
        "Date": "Mon, 18 Mar 2024 17:36:57 GMT",
        "ETag": "\u00220x8DC4772032F5547\u0022",
        "Last-Modified": "Mon, 18 Mar 2024 17:36:58 GMT",
        "Server": [
          "Windows-Azure-HDFS/1.0",
          "Microsoft-HTTPAPI/2.0"
        ],
        "x-ms-request-id": "00000000-0000-0000-0000-000000000000",
        "x-ms-request-server-encrypted": "true",
        "x-ms-version": "2023-05-03"
      },
      "ResponseBody": null
    },
    {
      "RequestUri": "https://fakestorage.dfs.core.windows.net/gofsfilesystemlistpathswithencryptioncontext/Test/TestFilesystemListPathsWithEncryptionContextfile2?resource=file",
      "RequestMethod": "PUT",
      "RequestHeaders": {
        "Accept": "application/json",
        "Accept-Encoding": "gzip",
        "Authorization": "Sanitized",
        "Content-Length": "0",
        "User-Agent": "azsdk-go-azdatalake/v1.1.2 (go1.19.13; Windows_NT)",
        "X-Ms-Date": "Mon, 18 Mar 2024 17:36:58 GMT",
        "x-ms-encryption-context": "test_encryption_context",
        "x-ms-version": "2023-05-03"
      },
      "RequestBody": null,
      "StatusCode": 201,
      "ResponseHeaders": {
        "Content-Length": "0",
        "Date": "Mon, 18 Mar 2024 17:36:57 GMT",
        "ETag": "\u00220x8DC477203339825\u0022",
        "Last-Modified": "Mon, 18 Mar 2024 17:36:58 GMT",
        "Server": [
          "Windows-Azure-HDFS/1.0",
          "Microsoft-HTTPAPI/2.0"
        ],
        "x-ms-request-id": "00000000-0000-0000-0000-000000000000",
        "x-ms-request-server-encrypted": "true",
        "x-ms-version": "2023-05-03"
      },
      "ResponseBody": null
    },
    {
      "RequestUri": "https://fakestorage.dfs.core.windows.net/gofsfilesystemlistpathswithencryptioncontext/Test/TestFilesystemListPathsWithEncryptionContextdir1?resource=directory",
      "RequestMethod": "PUT",
      "RequestHeaders": {
        "Accept": "application/json",
        "Accept-Encoding": "gzip",
        "Authorization": "Sanitized",
        "Content-Length": "0",
        "User-Agent": "azsdk-go-azdatalake/v1.1.2 (go1.19.13; Windows_NT)",
        "X-Ms-Date": "Mon, 18 Mar 2024 17:36:58 GMT",
        "x-ms-version": "2023-05-03"
      },
      "RequestBody": null,
      "StatusCode": 201,
      "ResponseHeaders": {
        "Content-Length": "0",
        "Date": "Mon, 18 Mar 2024 17:36:57 GMT",
        "ETag": "\u00220x8DC47720336979B\u0022",
        "Last-Modified": "Mon, 18 Mar 2024 17:36:58 GMT",
        "Server": [
          "Windows-Azure-HDFS/1.0",
          "Microsoft-HTTPAPI/2.0"
        ],
        "x-ms-request-id": "00000000-0000-0000-0000-000000000000",
        "x-ms-request-server-encrypted": "true",
        "x-ms-version": "2023-05-03"
      },
      "ResponseBody": null
    },
    {
      "RequestUri": "https://fakestorage.dfs.core.windows.net/gofsfilesystemlistpathswithencryptioncontext/Test/TestFilesystemListPathsWithEncryptionContextdir2?resource=directory",
      "RequestMethod": "PUT",
      "RequestHeaders": {
        "Accept": "application/json",
        "Accept-Encoding": "gzip",
        "Authorization": "Sanitized",
        "Content-Length": "0",
        "User-Agent": "azsdk-go-azdatalake/v1.1.2 (go1.19.13; Windows_NT)",
        "X-Ms-Date": "Mon, 18 Mar 2024 17:36:58 GMT",
        "x-ms-version": "2023-05-03"
      },
      "RequestBody": null,
      "StatusCode": 201,
      "ResponseHeaders": {
        "Content-Length": "0",
        "Date": "Mon, 18 Mar 2024 17:36:58 GMT",
        "ETag": "\u00220x8DC4772033AA69E\u0022",
        "Last-Modified": "Mon, 18 Mar 2024 17:36:58 GMT",
        "Server": [
          "Windows-Azure-HDFS/1.0",
          "Microsoft-HTTPAPI/2.0"
        ],
        "x-ms-request-id": "00000000-0000-0000-0000-000000000000",
        "x-ms-request-server-encrypted": "true",
        "x-ms-version": "2023-05-03"
      },
      "ResponseBody": null
    },
    {
      "RequestUri": "https://fakestorage.dfs.core.windows.net/gofsfilesystemlistpathswithencryptioncontext?recursive=true\u0026resource=filesystem",
      "RequestMethod": "GET",
      "RequestHeaders": {
        "Accept": "application/json",
        "Accept-Encoding": "gzip",
        "Authorization": "Sanitized",
        "User-Agent": "azsdk-go-azdatalake/v1.1.2 (go1.19.13; Windows_NT)",
        "X-Ms-Date": "Mon, 18 Mar 2024 17:36:58 GMT",
        "x-ms-version": "2023-05-03"
      },
      "RequestBody": null,
      "StatusCode": 200,
      "ResponseHeaders": {
        "Content-Type": "application/json; charset=utf-8",
        "Date": "Mon, 18 Mar 2024 17:36:58 GMT",
        "Server": [
          "Windows-Azure-HDFS/1.0",
          "Microsoft-HTTPAPI/2.0"
        ],
        "Transfer-Encoding": "chunked",
        "Vary": "Origin",
        "x-ms-request-id": "00000000-0000-0000-0000-000000000000",
        "x-ms-version": "2023-05-03"
      },
      "ResponseBody": {
        "paths": [
          {
            "contentLength": "0",
            "creationTime": "133552570184951059",
            "etag": "0x8DC4772032DE65C",
            "expiryTime": "0",
            "group": "$superuser",
            "isDirectory": "true",
            "lastModified": "Mon, 18 Mar 2024 17:36:58 GMT",
            "name": "Test",
            "owner": "$superuser",
            "permissions": "rwxr-x---"
          },
          {
            "contentLength": "0",
            "creationTime": "133552570185521051",
            "etag": "0x8DC47720336979B",
            "expiryTime": "0",
            "group": "$superuser",
            "isDirectory": "true",
            "lastModified": "Mon, 18 Mar 2024 17:36:58 GMT",
            "name": "Test/TestFilesystemListPathsWithEncryptionContextdir1",
            "owner": "$superuser",
            "permissions": "rwxr-x---"
          },
          {
            "contentLength": "0",
            "creationTime": "133552570185787038",
            "etag": "0x8DC4772033AA69E",
            "expiryTime": "0",
            "group": "$superuser",
            "isDirectory": "true",
            "lastModified": "Mon, 18 Mar 2024 17:36:58 GMT",
            "name": "Test/TestFilesystemListPathsWithEncryptionContextdir2",
            "owner": "$superuser",
            "permissions": "rwxr-x---"
          },
          {
            "EncryptionContext": "test_encryption_context",
            "contentLength": "0",
            "creationTime": "133552570185045319",
            "etag": "0x8DC4772032F5547",
            "expiryTime": "0",
            "group": "$superuser",
            "lastModified": "Mon, 18 Mar 2024 17:36:58 GMT",
            "name": "Test/TestFilesystemListPathsWithEncryptionContextfile1",
            "owner": "$superuser",
            "permissions": "rw-r-----"
          },
          {
            "EncryptionContext": "test_encryption_context",
            "contentLength": "0",
            "creationTime": "133552570185324581",
            "etag": "0x8DC477203339825",
            "expiryTime": "0",
            "group": "$superuser",
            "lastModified": "Mon, 18 Mar 2024 17:36:58 GMT",
            "name": "Test/TestFilesystemListPathsWithEncryptionContextfile2",
            "owner": "$superuser",
            "permissions": "rw-r-----"
          }
        ]
      }
    },
    {
      "RequestUri": "https://fakestorage.blob.core.windows.net/gofsfilesystemlistpathswithencryptioncontext?restype=container",
      "RequestMethod": "DELETE",
      "RequestHeaders": {
        "Accept": "application/xml",
        "Accept-Encoding": "gzip",
        "Authorization": "Sanitized",
        "User-Agent": "azsdk-go-azblob/v1.3.1 (go1.19.13; Windows_NT)",
        "X-Ms-Date": "Mon, 18 Mar 2024 17:36:58 GMT",
        "x-ms-version": "2023-11-03"
      },
      "RequestBody": null,
      "StatusCode": 202,
      "ResponseHeaders": {
        "Content-Length": "0",
        "Date": "Mon, 18 Mar 2024 17:36:58 GMT",
        "Server": [
          "Windows-Azure-Blob/1.0",
          "Microsoft-HTTPAPI/2.0"
        ],
        "x-ms-request-id": "00000000-0000-0000-0000-000000000000",
        "x-ms-version": "2023-11-03"
      },
      "ResponseBody": null
    }
  ],
  "Variables": {}
}
