{
  "Entries": [
    {
      "RequestUri": "https://fakestorage.blob.core.windows.net/gofsdeletedirifunmodifiedsincefalse?restype=container",
      "RequestMethod": "PUT",
      "RequestHeaders": {
        "Accept": "application/xml",
        "Accept-Encoding": "gzip",
        "Authorization": "Sanitized",
        "Content-Length": "0",
        "User-Agent": "azsdk-go-azblob/v1.0.0 (go1.19.13; Windows_NT)",
        "X-Ms-Date": "Wed, 20 Dec 2023 05:07:51 GMT",
        "x-ms-version": "2020-10-02"
      },
      "RequestBody": null,
      "StatusCode": 201,
      "ResponseHeaders": {
        "Content-Length": "0",
        "Date": "Wed, 20 Dec 2023 05:07:51 GMT",
        "ETag": "\u00220x8DC01199E7CD60E\u0022",
        "Last-Modified": "Wed, 20 Dec 2023 05:07:52 GMT",
        "Server": [
          "Windows-Azure-Blob/1.0",
          "Microsoft-HTTPAPI/2.0"
        ],
        "x-ms-request-id": "00000000-0000-0000-0000-000000000000",
        "x-ms-version": "2020-10-02"
      },
      "ResponseBody": null
    },
    {
      "RequestUri": "https://fakestorage.dfs.core.windows.net/gofsdeletedirifunmodifiedsincefalse/gotestdirdeletedirifunmodifiedsincefalse?resource=directory",
      "RequestMethod": "PUT",
      "RequestHeaders": {
        "Accept": "application/json",
        "Accept-Encoding": "gzip",
        "Authorization": "Sanitized",
        "Content-Length": "0",
        "User-Agent": "azsdk-go-directory.Client/v1.0.1 (go1.19.13; Windows_NT)",
        "X-Ms-Date": "Wed, 20 Dec 2023 05:07:51 GMT",
        "x-ms-version": "2021-06-08"
      },
      "RequestBody": null,
      "StatusCode": 201,
      "ResponseHeaders": {
        "Content-Length": "0",
        "Date": "Wed, 20 Dec 2023 05:07:52 GMT",
        "ETag": "\u00220x8DC01199E82F039\u0022",
        "Last-Modified": "Wed, 20 Dec 2023 05:07:52 GMT",
        "Server": [
          "Windows-Azure-HDFS/1.0",
          "Microsoft-HTTPAPI/2.0"
        ],
        "x-ms-request-id": "00000000-0000-0000-0000-000000000000",
        "x-ms-request-server-encrypted": "true",
        "x-ms-version": "2021-06-08"
      },
      "ResponseBody": null
    },
    {
      "RequestUri": "https://fakestorage.dfs.core.windows.net/gofsdeletedirifunmodifiedsincefalse/gotestdirdeletedirifunmodifiedsincefalse?recursive=true",
      "RequestMethod": "DELETE",
      "RequestHeaders": {
        "Accept": "application/json",
        "Accept-Encoding": "gzip",
        "Authorization": "Sanitized",
        "If-Unmodified-Since": "Wed, 20 Dec 2023 05:07:42 GMT",
        "User-Agent": "azsdk-go-directory.Client/v1.0.1 (go1.19.13; Windows_NT)",
        "X-Ms-Date": "Wed, 20 Dec 2023 05:07:51 GMT",
        "x-ms-version": "2021-06-08"
      },
      "RequestBody": null,
      "StatusCode": 412,
      "ResponseHeaders": {
        "Content-Length": "200",
        "Content-Type": "application/json; charset=utf-8",
        "Date": "Wed, 20 Dec 2023 05:07:52 GMT",
        "Server": [
          "Windows-Azure-HDFS/1.0",
          "Microsoft-HTTPAPI/2.0"
        ],
        "x-ms-error-code": "ConditionNotMet",
        "x-ms-request-id": "00000000-0000-0000-0000-000000000000",
        "x-ms-version": "2021-06-08"
      },
      "ResponseBody": {
        "error": {
          "code": "ConditionNotMet",
          "message": "The condition specified using HTTP conditional header(s) is not met.\nRequestId:a5c39430-f01f-0067-3402-33ba05000000\nTime:2023-12-20T05:07:52.5565592Z"
        }
      }
    },
    {
      "RequestUri": "https://fakestorage.blob.core.windows.net/gofsdeletedirifunmodifiedsincefalse?restype=container",
      "RequestMethod": "DELETE",
      "RequestHeaders": {
        "Accept": "application/xml",
        "Accept-Encoding": "gzip",
        "Authorization": "Sanitized",
        "User-Agent": "azsdk-go-azblob/v1.0.0 (go1.19.13; Windows_NT)",
        "X-Ms-Date": "Wed, 20 Dec 2023 05:07:51 GMT",
        "x-ms-version": "2020-10-02"
      },
      "RequestBody": null,
      "StatusCode": 202,
      "ResponseHeaders": {
        "Content-Length": "0",
        "Date": "Wed, 20 Dec 2023 05:07:51 GMT",
        "Server": [
          "Windows-Azure-Blob/1.0",
          "Microsoft-HTTPAPI/2.0"
        ],
        "x-ms-request-id": "00000000-0000-0000-0000-000000000000",
        "x-ms-version": "2020-10-02"
      },
      "ResponseBody": null
    }
  ],
  "Variables": {}
}
