{
  "Entries": [
    {
      "RequestUri": "https://fakestorage.blob.core.windows.net/gofsdirsetmetadatawithbasicmetadata?restype=container",
      "RequestMethod": "PUT",
      "RequestHeaders": {
        "Accept": "application/xml",
        "Accept-Encoding": "gzip",
        "Authorization": "Sanitized",
        "Content-Length": "0",
        "User-Agent": "azsdk-go-azblob/v1.3.1 (go1.19.13; Windows_NT)",
        "X-Ms-Date": "Thu, 04 Apr 2024 09:55:40 GMT",
        "x-ms-version": "2023-11-03"
      },
      "RequestBody": null,
      "StatusCode": 201,
      "ResponseHeaders": {
        "Content-Length": "0",
        "Date": "Thu, 04 Apr 2024 09:55:40 GMT",
        "ETag": "\u00220x8DC548D62B1ABF6\u0022",
        "Last-Modified": "Thu, 04 Apr 2024 09:55:40 GMT",
        "Server": [
          "Windows-Azure-Blob/1.0",
          "Microsoft-HTTPAPI/2.0"
        ],
        "x-ms-request-id": "00000000-0000-0000-0000-000000000000",
        "x-ms-version": "2023-11-03"
      },
      "ResponseBody": null
    },
    {
      "RequestUri": "https://fakestorage.dfs.core.windows.net/gofsdirsetmetadatawithbasicmetadata/gotestdirdirsetmetadatawithbasicmetadata?resource=directory",
      "RequestMethod": "PUT",
      "RequestHeaders": {
        "Accept": "application/json",
        "Accept-Encoding": "gzip",
        "Authorization": "Sanitized",
        "Content-Length": "0",
        "User-Agent": "azsdk-go-azdatalake/v1.1.2 (go1.19.13; Windows_NT)",
        "X-Ms-Date": "Thu, 04 Apr 2024 09:55:40 GMT",
        "x-ms-version": "2023-08-03"
      },
      "RequestBody": null,
      "StatusCode": 201,
      "ResponseHeaders": {
        "Content-Length": "0",
        "Date": "Thu, 04 Apr 2024 09:55:39 GMT",
        "ETag": "\u00220x8DC548D62BA53EA\u0022",
        "Last-Modified": "Thu, 04 Apr 2024 09:55:40 GMT",
        "Server": [
          "Windows-Azure-HDFS/1.0",
          "Microsoft-HTTPAPI/2.0"
        ],
        "x-ms-request-id": "00000000-0000-0000-0000-000000000000",
        "x-ms-request-server-encrypted": "true",
        "x-ms-version": "2023-08-03"
      },
      "ResponseBody": null
    },
    {
      "RequestUri": "https://fakestorage.blob.core.windows.net/gofsdirsetmetadatawithbasicmetadata/gotestdirdirsetmetadatawithbasicmetadata?comp=metadata",
      "RequestMethod": "PUT",
      "RequestHeaders": {
        "Accept": "application/xml",
        "Accept-Encoding": "gzip",
        "Authorization": "Sanitized",
        "Content-Length": "0",
        "User-Agent": "azsdk-go-azblob/v1.3.1 (go1.19.13; Windows_NT)",
        "X-Ms-Date": "Thu, 04 Apr 2024 09:55:40 GMT",
        "x-ms-meta-Foo": "bar",
        "x-ms-version": "2023-11-03"
      },
      "RequestBody": null,
      "StatusCode": 200,
      "ResponseHeaders": {
        "Content-Length": "0",
        "Date": "Thu, 04 Apr 2024 09:55:40 GMT",
        "ETag": "\u00220x8DC548D62BDFE24\u0022",
        "Last-Modified": "Thu, 04 Apr 2024 09:55:40 GMT",
        "Server": [
          "Windows-Azure-Blob/1.0",
          "Microsoft-HTTPAPI/2.0"
        ],
        "x-ms-request-id": "00000000-0000-0000-0000-000000000000",
        "x-ms-request-server-encrypted": "true",
        "x-ms-version": "2023-11-03"
      },
      "ResponseBody": null
    },
    {
      "RequestUri": "https://fakestorage.dfs.core.windows.net/gofsdirsetmetadatawithbasicmetadata/gotestdirdirsetmetadatawithbasicmetadata?recursive=true",
      "RequestMethod": "DELETE",
      "RequestHeaders": {
        "Accept": "application/json",
        "Accept-Encoding": "gzip",
        "Authorization": "Sanitized",
        "User-Agent": "azsdk-go-azdatalake/v1.1.2 (go1.19.13; Windows_NT)",
        "X-Ms-Date": "Thu, 04 Apr 2024 09:55:40 GMT",
        "x-ms-version": "2023-08-03"
      },
      "RequestBody": null,
      "StatusCode": 200,
      "ResponseHeaders": {
        "Content-Length": "0",
        "Date": "Thu, 04 Apr 2024 09:55:39 GMT",
        "Server": [
          "Windows-Azure-HDFS/1.0",
          "Microsoft-HTTPAPI/2.0"
        ],
        "x-ms-delete-type-permanent": "true",
        "x-ms-request-id": "00000000-0000-0000-0000-000000000000",
        "x-ms-version": "2023-08-03"
      },
      "ResponseBody": null
    },
    {
      "RequestUri": "https://fakestorage.blob.core.windows.net/gofsdirsetmetadatawithbasicmetadata?restype=container",
      "RequestMethod": "DELETE",
      "RequestHeaders": {
        "Accept": "application/xml",
        "Accept-Encoding": "gzip",
        "Authorization": "Sanitized",
        "User-Agent": "azsdk-go-azblob/v1.3.1 (go1.19.13; Windows_NT)",
        "X-Ms-Date": "Thu, 04 Apr 2024 09:55:40 GMT",
        "x-ms-version": "2023-11-03"
      },
      "RequestBody": null,
      "StatusCode": 202,
      "ResponseHeaders": {
        "Content-Length": "0",
        "Date": "Thu, 04 Apr 2024 09:55:40 GMT",
        "Server": [
          "Windows-Azure-Blob/1.0",
          "Microsoft-HTTPAPI/2.0"
        ],
        "x-ms-request-id": "00000000-0000-0000-0000-000000000000",
        "x-ms-version": "2023-11-03"
      },
      "ResponseBody": null
    }
  ],
  "Variables": {}
}
