{
  "Entries": [
    {
      "RequestUri": "https://fakestorage.blob.core.windows.net/gofsfilesystemlistpathswithmaxresults?restype=container",
      "RequestMethod": "PUT",
      "RequestHeaders": {
        "Accept": "application/xml",
        "Accept-Encoding": "gzip",
        "Authorization": "Sanitized",
        "Content-Length": "0",
        "User-Agent": "azsdk-go-azblob/v1.0.0 (go1.19.13; Windows_NT)",
        "X-Ms-Date": "Wed, 20 Dec 2023 05:09:42 GMT",
        "x-ms-version": "2020-10-02"
      },
      "RequestBody": null,
      "StatusCode": 201,
      "ResponseHeaders": {
        "Content-Length": "0",
        "Date": "Wed, 20 Dec 2023 05:09:42 GMT",
        "ETag": "\u00220x8DC0119E08D5992\u0022",
        "Last-Modified": "Wed, 20 Dec 2023 05:09:43 GMT",
        "Server": [
          "Windows-Azure-Blob/1.0",
          "Microsoft-HTTPAPI/2.0"
        ],
        "x-ms-request-id": "00000000-0000-0000-0000-000000000000",
        "x-ms-version": "2020-10-02"
      },
      "ResponseBody": null
    },
    {
      "RequestUri": "https://fakestorage.dfs.core.windows.net/gofsfilesystemlistpathswithmaxresults/Test/TestFilesystemListPathsWithMaxResultsfile1?resource=file",
      "RequestMethod": "PUT",
      "RequestHeaders": {
        "Accept": "application/json",
        "Accept-Encoding": "gzip",
        "Authorization": "Sanitized",
        "Content-Length": "0",
        "User-Agent": "azsdk-go-filesystem.Client/v1.0.1 (go1.19.13; Windows_NT)",
        "X-Ms-Date": "Wed, 20 Dec 2023 05:09:42 GMT",
        "x-ms-version": "2021-06-08"
      },
      "RequestBody": null,
      "StatusCode": 201,
      "ResponseHeaders": {
        "Content-Length": "0",
        "Date": "Wed, 20 Dec 2023 05:09:42 GMT",
        "ETag": "\u00220x8DC0119E09730FD\u0022",
        "Last-Modified": "Wed, 20 Dec 2023 05:09:43 GMT",
        "Server": [
          "Windows-Azure-HDFS/1.0",
          "Microsoft-HTTPAPI/2.0"
        ],
        "x-ms-request-id": "00000000-0000-0000-0000-000000000000",
        "x-ms-request-server-encrypted": "true",
        "x-ms-version": "2021-06-08"
      },
      "ResponseBody": null
    },
    {
      "RequestUri": "https://fakestorage.dfs.core.windows.net/gofsfilesystemlistpathswithmaxresults/Test/TestFilesystemListPathsWithMaxResultsfile2?resource=file",
      "RequestMethod": "PUT",
      "RequestHeaders": {
        "Accept": "application/json",
        "Accept-Encoding": "gzip",
        "Authorization": "Sanitized",
        "Content-Length": "0",
        "User-Agent": "azsdk-go-filesystem.Client/v1.0.1 (go1.19.13; Windows_NT)",
        "X-Ms-Date": "Wed, 20 Dec 2023 05:09:42 GMT",
        "x-ms-version": "2021-06-08"
      },
      "RequestBody": null,
      "StatusCode": 201,
      "ResponseHeaders": {
        "Content-Length": "0",
        "Date": "Wed, 20 Dec 2023 05:09:42 GMT",
        "ETag": "\u00220x8DC0119E09BF70C\u0022",
        "Last-Modified": "Wed, 20 Dec 2023 05:09:43 GMT",
        "Server": [
          "Windows-Azure-HDFS/1.0",
          "Microsoft-HTTPAPI/2.0"
        ],
        "x-ms-request-id": "00000000-0000-0000-0000-000000000000",
        "x-ms-request-server-encrypted": "true",
        "x-ms-version": "2021-06-08"
      },
      "ResponseBody": null
    },
    {
      "RequestUri": "https://fakestorage.dfs.core.windows.net/gofsfilesystemlistpathswithmaxresults/Test/TestFilesystemListPathsWithMaxResultsdir1?resource=directory",
      "RequestMethod": "PUT",
      "RequestHeaders": {
        "Accept": "application/json",
        "Accept-Encoding": "gzip",
        "Authorization": "Sanitized",
        "Content-Length": "0",
        "User-Agent": "azsdk-go-filesystem.Client/v1.0.1 (go1.19.13; Windows_NT)",
        "X-Ms-Date": "Wed, 20 Dec 2023 05:09:42 GMT",
        "x-ms-version": "2021-06-08"
      },
      "RequestBody": null,
      "StatusCode": 201,
      "ResponseHeaders": {
        "Content-Length": "0",
        "Date": "Wed, 20 Dec 2023 05:09:42 GMT",
        "ETag": "\u00220x8DC0119E0A0FC20\u0022",
        "Last-Modified": "Wed, 20 Dec 2023 05:09:43 GMT",
        "Server": [
          "Windows-Azure-HDFS/1.0",
          "Microsoft-HTTPAPI/2.0"
        ],
        "x-ms-request-id": "00000000-0000-0000-0000-000000000000",
        "x-ms-request-server-encrypted": "true",
        "x-ms-version": "2021-06-08"
      },
      "ResponseBody": null
    },
    {
      "RequestUri": "https://fakestorage.dfs.core.windows.net/gofsfilesystemlistpathswithmaxresults/Test/TestFilesystemListPathsWithMaxResultsdir2?resource=directory",
      "RequestMethod": "PUT",
      "RequestHeaders": {
        "Accept": "application/json",
        "Accept-Encoding": "gzip",
        "Authorization": "Sanitized",
        "Content-Length": "0",
        "User-Agent": "azsdk-go-filesystem.Client/v1.0.1 (go1.19.13; Windows_NT)",
        "X-Ms-Date": "Wed, 20 Dec 2023 05:09:42 GMT",
        "x-ms-version": "2021-06-08"
      },
      "RequestBody": null,
      "StatusCode": 201,
      "ResponseHeaders": {
        "Content-Length": "0",
        "Date": "Wed, 20 Dec 2023 05:09:42 GMT",
        "ETag": "\u00220x8DC0119E0A537EA\u0022",
        "Last-Modified": "Wed, 20 Dec 2023 05:09:43 GMT",
        "Server": [
          "Windows-Azure-HDFS/1.0",
          "Microsoft-HTTPAPI/2.0"
        ],
        "x-ms-request-id": "00000000-0000-0000-0000-000000000000",
        "x-ms-request-server-encrypted": "true",
        "x-ms-version": "2021-06-08"
      },
      "ResponseBody": null
    },
    {
      "RequestUri": "https://fakestorage.dfs.core.windows.net/gofsfilesystemlistpathswithmaxresults?maxResults=2\u0026recursive=true\u0026resource=filesystem",
      "RequestMethod": "GET",
      "RequestHeaders": {
        "Accept": "application/json",
        "Accept-Encoding": "gzip",
        "Authorization": "Sanitized",
        "User-Agent": "azsdk-go-filesystem.Client/v1.0.1 (go1.19.13; Windows_NT)",
        "X-Ms-Date": "Wed, 20 Dec 2023 05:09:42 GMT",
        "x-ms-version": "2021-06-08"
      },
      "RequestBody": null,
      "StatusCode": 200,
      "ResponseHeaders": {
        "Content-Type": "application/json; charset=utf-8",
        "Date": "Wed, 20 Dec 2023 05:09:42 GMT",
        "Server": [
          "Windows-Azure-HDFS/1.0",
          "Microsoft-HTTPAPI/2.0"
        ],
        "Transfer-Encoding": "chunked",
        "Vary": "Origin",
        "x-ms-continuation": "VBaWvor7l93djS8YkgEYjAEvdGFueWFkYXRhbGFrZWFjY291bnQBMDFEQTE2NDQ0QjA2Mzg1Ni9nb2ZzZmlsZXN5c3RlbWxpc3RwYXRoc3dpdGhtYXhyZXN1bHRzATAxREEzMzAyQkUxNkVDQzQvVGVzdC9UZXN0RmlsZXN5c3RlbUxpc3RQYXRoc1dpdGhNYXhSZXN1bHRzZGlyMhYAAAA=",
        "x-ms-request-id": "00000000-0000-0000-0000-000000000000",
        "x-ms-version": "2021-06-08"
      },
      "ResponseBody": {
        "paths": [
          {
            "contentLength": "0",
            "creationTime": "133475225833490685",
            "etag": "0x8DC0119E095CA45",
            "expiryTime": "0",
            "group": "$superuser",
            "isDirectory": "true",
            "lastModified": "Wed, 20 Dec 2023 05:09:43 GMT",
            "name": "Test",
            "owner": "$superuser",
            "permissions": "rwxr-x---"
          },
          {
            "contentLength": "0",
            "creationTime": "133475225834224672",
            "etag": "0x8DC0119E0A0FC20",
            "expiryTime": "0",
            "group": "$superuser",
            "isDirectory": "true",
            "lastModified": "Wed, 20 Dec 2023 05:09:43 GMT",
            "name": "Test/TestFilesystemListPathsWithMaxResultsdir1",
            "owner": "$superuser",
            "permissions": "rwxr-x---"
          }
        ]
      }
    },
    {
      "RequestUri": "https://fakestorage.dfs.core.windows.net/gofsfilesystemlistpathswithmaxresults?continuation=VBaWvor7l93djS8YkgEYjAEvdGFueWFkYXRhbGFrZWFjY291bnQBMDFEQTE2NDQ0QjA2Mzg1Ni9nb2ZzZmlsZXN5c3RlbWxpc3RwYXRoc3dpdGhtYXhyZXN1bHRzATAxREEzMzAyQkUxNkVDQzQvVGVzdC9UZXN0RmlsZXN5c3RlbUxpc3RQYXRoc1dpdGhNYXhSZXN1bHRzZGlyMhYAAAA%3D\u0026maxResults=2\u0026recursive=true\u0026resource=filesystem",
      "RequestMethod": "GET",
      "RequestHeaders": {
        "Accept": "application/json",
        "Accept-Encoding": "gzip",
        "Authorization": "Sanitized",
        "User-Agent": "azsdk-go-filesystem.Client/v1.0.1 (go1.19.13; Windows_NT)",
        "X-Ms-Date": "Wed, 20 Dec 2023 05:09:42 GMT",
        "x-ms-version": "2021-06-08"
      },
      "RequestBody": null,
      "StatusCode": 200,
      "ResponseHeaders": {
        "Content-Type": "application/json; charset=utf-8",
        "Date": "Wed, 20 Dec 2023 05:09:42 GMT",
        "Server": [
          "Windows-Azure-HDFS/1.0",
          "Microsoft-HTTPAPI/2.0"
        ],
        "Transfer-Encoding": "chunked",
        "Vary": "Origin",
        "x-ms-continuation": "VBbP64uB/rzbjTEYkwEYjQEvdGFueWFkYXRhbGFrZWFjY291bnQBMDFEQTE2NDQ0QjA2Mzg1Ni9nb2ZzZmlsZXN5c3RlbWxpc3RwYXRoc3dpdGhtYXhyZXN1bHRzATAxREEzMzAyQkUxNkVDQzQvVGVzdC9UZXN0RmlsZXN5c3RlbUxpc3RQYXRoc1dpdGhNYXhSZXN1bHRzZmlsZTIWAAAA",
        "x-ms-request-id": "00000000-0000-0000-0000-000000000000",
        "x-ms-version": "2021-06-08"
      },
      "ResponseBody": {
        "paths": [
          {
            "contentLength": "0",
            "creationTime": "133475225834502122",
            "etag": "0x8DC0119E0A537EA",
            "expiryTime": "0",
            "group": "$superuser",
            "isDirectory": "true",
            "lastModified": "Wed, 20 Dec 2023 05:09:43 GMT",
            "name": "Test/TestFilesystemListPathsWithMaxResultsdir2",
            "owner": "$superuser",
            "permissions": "rwxr-x---"
          },
          {
            "contentLength": "0",
            "creationTime": "133475225833582845",
            "etag": "0x8DC0119E09730FD",
            "expiryTime": "0",
            "group": "$superuser",
            "lastModified": "Wed, 20 Dec 2023 05:09:43 GMT",
            "name": "Test/TestFilesystemListPathsWithMaxResultsfile1",
            "owner": "$superuser",
            "permissions": "rw-r-----"
          }
        ]
      }
    },
    {
      "RequestUri": "https://fakestorage.dfs.core.windows.net/gofsfilesystemlistpathswithmaxresults?continuation=VBbP64uB%2FrzbjTEYkwEYjQEvdGFueWFkYXRhbGFrZWFjY291bnQBMDFEQTE2NDQ0QjA2Mzg1Ni9nb2ZzZmlsZXN5c3RlbWxpc3RwYXRoc3dpdGhtYXhyZXN1bHRzATAxREEzMzAyQkUxNkVDQzQvVGVzdC9UZXN0RmlsZXN5c3RlbUxpc3RQYXRoc1dpdGhNYXhSZXN1bHRzZmlsZTIWAAAA\u0026maxResults=2\u0026recursive=true\u0026resource=filesystem",
      "RequestMethod": "GET",
      "RequestHeaders": {
        "Accept": "application/json",
        "Accept-Encoding": "gzip",
        "Authorization": "Sanitized",
        "User-Agent": "azsdk-go-filesystem.Client/v1.0.1 (go1.19.13; Windows_NT)",
        "X-Ms-Date": "Wed, 20 Dec 2023 05:09:42 GMT",
        "x-ms-version": "2021-06-08"
      },
      "RequestBody": null,
      "StatusCode": 200,
      "ResponseHeaders": {
        "Content-Type": "application/json; charset=utf-8",
        "Date": "Wed, 20 Dec 2023 05:09:42 GMT",
        "Server": [
          "Windows-Azure-HDFS/1.0",
          "Microsoft-HTTPAPI/2.0"
        ],
        "Transfer-Encoding": "chunked",
        "Vary": "Origin",
        "x-ms-request-id": "00000000-0000-0000-0000-000000000000",
        "x-ms-version": "2021-06-08"
      },
      "ResponseBody": {
        "paths": [
          {
            "contentLength": "0",
            "creationTime": "133475225833895692",
            "etag": "0x8DC0119E09BF70C",
            "expiryTime": "0",
            "group": "$superuser",
            "lastModified": "Wed, 20 Dec 2023 05:09:43 GMT",
            "name": "Test/TestFilesystemListPathsWithMaxResultsfile2",
            "owner": "$superuser",
            "permissions": "rw-r-----"
          }
        ]
      }
    },
    {
      "RequestUri": "https://fakestorage.blob.core.windows.net/gofsfilesystemlistpathswithmaxresults?restype=container",
      "RequestMethod": "DELETE",
      "RequestHeaders": {
        "Accept": "application/xml",
        "Accept-Encoding": "gzip",
        "Authorization": "Sanitized",
        "User-Agent": "azsdk-go-azblob/v1.0.0 (go1.19.13; Windows_NT)",
        "X-Ms-Date": "Wed, 20 Dec 2023 05:09:42 GMT",
        "x-ms-version": "2020-10-02"
      },
      "RequestBody": null,
      "StatusCode": 202,
      "ResponseHeaders": {
        "Content-Length": "0",
        "Date": "Wed, 20 Dec 2023 05:09:42 GMT",
        "Server": [
          "Windows-Azure-Blob/1.0",
          "Microsoft-HTTPAPI/2.0"
        ],
        "x-ms-request-id": "00000000-0000-0000-0000-000000000000",
        "x-ms-version": "2020-10-02"
      },
      "ResponseBody": null
    }
  ],
  "Variables": {}
}
