{
  "Entries": [
    {
      "RequestUri": "https://fakestorage.blob.core.windows.net/gofsrenamefileifmodifiedsincefalse?restype=container",
      "RequestMethod": "PUT",
      "RequestHeaders": {
        "Accept": "application/xml",
        "Accept-Encoding": "gzip",
        "Authorization": "Sanitized",
        "Content-Length": "0",
        "User-Agent": "azsdk-go-azblob/v1.0.0 (go1.19.13; Windows_NT)",
        "X-Ms-Date": "Wed, 20 Dec 2023 04:34:37 GMT",
        "x-ms-version": "2020-10-02"
      },
      "RequestBody": null,
      "StatusCode": 201,
      "ResponseHeaders": {
        "Content-Length": "0",
        "Date": "Wed, 20 Dec 2023 04:34:39 GMT",
        "ETag": "\u00220x8DC0114FA52278D\u0022",
        "Last-Modified": "Wed, 20 Dec 2023 04:34:39 GMT",
        "Server": [
          "Windows-Azure-Blob/1.0",
          "Microsoft-HTTPAPI/2.0"
        ],
        "x-ms-request-id": "00000000-0000-0000-0000-000000000000",
        "x-ms-version": "2020-10-02"
      },
      "ResponseBody": null
    },
    {
      "RequestUri": "https://fakestorage.dfs.core.windows.net/gofsrenamefileifmodifiedsincefalse/gotestfilerenamefileifmodifiedsincefalse?resource=file",
      "RequestMethod": "PUT",
      "RequestHeaders": {
        "Accept": "application/json",
        "Accept-Encoding": "gzip",
        "Authorization": "Sanitized",
        "Content-Length": "0",
        "User-Agent": "azsdk-go-file.Client/v1.0.1 (go1.19.13; Windows_NT)",
        "X-Ms-Date": "Wed, 20 Dec 2023 04:34:37 GMT",
        "x-ms-version": "2021-06-08"
      },
      "RequestBody": null,
      "StatusCode": 201,
      "ResponseHeaders": {
        "Content-Length": "0",
        "Date": "Wed, 20 Dec 2023 04:34:38 GMT",
        "ETag": "\u00220x8DC0114FA5AC62C\u0022",
        "Last-Modified": "Wed, 20 Dec 2023 04:34:39 GMT",
        "Server": [
          "Windows-Azure-HDFS/1.0",
          "Microsoft-HTTPAPI/2.0"
        ],
        "x-ms-request-id": "00000000-0000-0000-0000-000000000000",
        "x-ms-request-server-encrypted": "true",
        "x-ms-version": "2021-06-08"
      },
      "ResponseBody": null
    },
    {
      "RequestUri": "https://fakestorage.dfs.core.windows.net/gofsrenamefileifmodifiedsincefalse/newName?mode=legacy",
      "RequestMethod": "PUT",
      "RequestHeaders": {
        "Accept": "application/json",
        "Accept-Encoding": "gzip",
        "Authorization": "Sanitized",
        "Content-Length": "0",
        "User-Agent": "azsdk-go-file.Client/v1.0.1 (go1.19.13; Windows_NT)",
        "X-Ms-Date": "Wed, 20 Dec 2023 04:34:37 GMT",
        "x-ms-rename-source": "/gofsrenamefileifmodifiedsincefalse/gotestfilerenamefileifmodifiedsincefalse",
        "x-ms-source-if-modified-since": "Wed, 20 Dec 2023 04:34:48 GMT",
        "x-ms-version": "2021-06-08"
      },
      "RequestBody": null,
      "StatusCode": 412,
      "ResponseHeaders": {
        "Content-Length": "213",
        "Content-Type": "application/json; charset=utf-8",
        "Date": "Wed, 20 Dec 2023 04:34:38 GMT",
        "Server": [
          "Windows-Azure-HDFS/1.0",
          "Microsoft-HTTPAPI/2.0"
        ],
        "x-ms-error-code": "SourceConditionNotMet",
        "x-ms-request-id": "00000000-0000-0000-0000-000000000000",
        "x-ms-version": "2021-06-08"
      },
      "ResponseBody": {
        "error": {
          "code": "SourceConditionNotMet",
          "message": "The source condition specified using HTTP conditional header(s) is not met.\nRequestId:4af5b0f8-701f-007d-5cfd-32956a000000\nTime:2023-12-20T04:34:39.1452813Z"
        }
      }
    },
    {
      "RequestUri": "https://fakestorage.blob.core.windows.net/gofsrenamefileifmodifiedsincefalse?restype=container",
      "RequestMethod": "DELETE",
      "RequestHeaders": {
        "Accept": "application/xml",
        "Accept-Encoding": "gzip",
        "Authorization": "Sanitized",
        "User-Agent": "azsdk-go-azblob/v1.0.0 (go1.19.13; Windows_NT)",
        "X-Ms-Date": "Wed, 20 Dec 2023 04:34:38 GMT",
        "x-ms-version": "2020-10-02"
      },
      "RequestBody": null,
      "StatusCode": 202,
      "ResponseHeaders": {
        "Content-Length": "0",
        "Date": "Wed, 20 Dec 2023 04:34:39 GMT",
        "Server": [
          "Windows-Azure-Blob/1.0",
          "Microsoft-HTTPAPI/2.0"
        ],
        "x-ms-request-id": "00000000-0000-0000-0000-000000000000",
        "x-ms-version": "2020-10-02"
      },
      "ResponseBody": null
    }
  ],
  "Variables": {}
}
