{
  "Entries": [
    {
      "RequestUri": "https://fakestorage.blob.core.windows.net/gofsdirsetaccesscontrolrecursivewithmaxresults3?restype=container",
      "RequestMethod": "PUT",
      "RequestHeaders": {
        "Accept": "application/xml",
        "Accept-Encoding": "gzip",
        "Authorization": "Sanitized",
        "Content-Length": "0",
        "User-Agent": "azsdk-go-azblob/v1.0.0 (go1.19; Windows_NT)",
        "X-Ms-Date": "Thu, 03 Aug 2023 19:13:08 GMT",
        "x-ms-version": "2020-10-02"
      },
      "RequestBody": null,
      "StatusCode": 201,
      "ResponseHeaders": {
        "Content-Length": "0",
        "Date": "Thu, 03 Aug 2023 19:13:08 GMT",
        "ETag": "\u00220x8DB9455ACEF1F1D\u0022",
        "Last-Modified": "Thu, 03 Aug 2023 19:13:09 GMT",
        "Server": [
          "Windows-Azure-Blob/1.0",
          "Microsoft-HTTPAPI/2.0"
        ],
        "x-ms-request-id": "00000000-0000-0000-0000-000000000000",
        "x-ms-version": "2020-10-02"
      },
      "ResponseBody": null
    },
    {
      "RequestUri": "https://fakestorage.dfs.core.windows.net/gofsdirsetaccesscontrolrecursivewithmaxresults3/gotestdirdirsetaccesscontrolrecursivewithmaxresults3?resource=directory",
      "RequestMethod": "PUT",
      "RequestHeaders": {
        "Accept": "application/json",
        "Accept-Encoding": "gzip",
        "Authorization": "Sanitized",
        "Content-Length": "0",
        "User-Agent": "azsdk-go-azdatalake/v0.1.0 (go1.19; Windows_NT)",
        "X-Ms-Date": "Thu, 03 Aug 2023 19:13:08 GMT",
        "x-ms-version": "2020-10-02"
      },
      "RequestBody": null,
      "StatusCode": 201,
      "ResponseHeaders": {
        "Content-Length": "0",
        "Date": "Thu, 03 Aug 2023 19:13:09 GMT",
        "ETag": "\u00220x8DB9455ACFB9FAC\u0022",
        "Last-Modified": "Thu, 03 Aug 2023 19:13:09 GMT",
        "Server": [
          "Windows-Azure-HDFS/1.0",
          "Microsoft-HTTPAPI/2.0"
        ],
        "x-ms-request-id": "00000000-0000-0000-0000-000000000000",
        "x-ms-request-server-encrypted": "true",
        "x-ms-version": "2020-10-02"
      },
      "ResponseBody": null
    },
    {
      "RequestUri": "https://fakestorage.dfs.core.windows.net/gofsdirsetaccesscontrolrecursivewithmaxresults3/gotestdirdirsetaccesscontrolrecursivewithmaxresults3?resource=directory",
      "RequestMethod": "PUT",
      "RequestHeaders": {
        "Accept": "application/json",
        "Accept-Encoding": "gzip",
        "Authorization": "Sanitized",
        "Content-Length": "0",
        "User-Agent": "azsdk-go-azdatalake/v0.1.0 (go1.19; Windows_NT)",
        "X-Ms-Date": "Thu, 03 Aug 2023 19:13:08 GMT",
        "x-ms-version": "2020-10-02"
      },
      "RequestBody": null,
      "StatusCode": 201,
      "ResponseHeaders": {
        "Content-Length": "0",
        "Date": "Thu, 03 Aug 2023 19:13:09 GMT",
        "ETag": "\u00220x8DB9455AD04D46B\u0022",
        "Last-Modified": "Thu, 03 Aug 2023 19:13:09 GMT",
        "Server": [
          "Windows-Azure-HDFS/1.0",
          "Microsoft-HTTPAPI/2.0"
        ],
        "x-ms-request-id": "00000000-0000-0000-0000-000000000000",
        "x-ms-request-server-encrypted": "true",
        "x-ms-version": "2020-10-02"
      },
      "ResponseBody": null
    },
    {
      "RequestUri": "https://fakestorage.dfs.core.windows.net/gofsdirsetaccesscontrolrecursivewithmaxresults3/gotestdirdirsetaccesscontrolrecursivewithmaxresults3/gotestfiledirsetaccesscontrolrecursivewithmaxresults3?resource=file",
      "RequestMethod": "PUT",
      "RequestHeaders": {
        "Accept": "application/json",
        "Accept-Encoding": "gzip",
        "Authorization": "Sanitized",
        "Content-Length": "0",
        "User-Agent": "azsdk-go-azdatalake/v0.1.0 (go1.19; Windows_NT)",
        "X-Ms-Date": "Thu, 03 Aug 2023 19:13:08 GMT",
        "x-ms-version": "2020-10-02"
      },
      "RequestBody": null,
      "StatusCode": 201,
      "ResponseHeaders": {
        "Content-Length": "0",
        "Date": "Thu, 03 Aug 2023 19:13:09 GMT",
        "ETag": "\u00220x8DB9455AD10863C\u0022",
        "Last-Modified": "Thu, 03 Aug 2023 19:13:09 GMT",
        "Server": [
          "Windows-Azure-HDFS/1.0",
          "Microsoft-HTTPAPI/2.0"
        ],
        "x-ms-request-id": "00000000-0000-0000-0000-000000000000",
        "x-ms-request-server-encrypted": "true",
        "x-ms-version": "2020-10-02"
      },
      "ResponseBody": null
    },
    {
      "RequestUri": "https://fakestorage.dfs.core.windows.net/gofsdirsetaccesscontrolrecursivewithmaxresults3/gotestdirdirsetaccesscontrolrecursivewithmaxresults3/gotestfiledirsetaccesscontrolrecursivewithmaxresults31?resource=file",
      "RequestMethod": "PUT",
      "RequestHeaders": {
        "Accept": "application/json",
        "Accept-Encoding": "gzip",
        "Authorization": "Sanitized",
        "Content-Length": "0",
        "User-Agent": "azsdk-go-azdatalake/v0.1.0 (go1.19; Windows_NT)",
        "X-Ms-Date": "Thu, 03 Aug 2023 19:13:09 GMT",
        "x-ms-version": "2020-10-02"
      },
      "RequestBody": null,
      "StatusCode": 201,
      "ResponseHeaders": {
        "Content-Length": "0",
        "Date": "Thu, 03 Aug 2023 19:13:10 GMT",
        "ETag": "\u00220x8DB9455AD18D2F7\u0022",
        "Last-Modified": "Thu, 03 Aug 2023 19:13:10 GMT",
        "Server": [
          "Windows-Azure-HDFS/1.0",
          "Microsoft-HTTPAPI/2.0"
        ],
        "x-ms-request-id": "00000000-0000-0000-0000-000000000000",
        "x-ms-request-server-encrypted": "true",
        "x-ms-version": "2020-10-02"
      },
      "ResponseBody": null
    },
    {
      "RequestUri": "https://fakestorage.dfs.core.windows.net/gofsdirsetaccesscontrolrecursivewithmaxresults3/gotestdirdirsetaccesscontrolrecursivewithmaxresults3?action=setAccessControlRecursive\u0026forceFlag=true\u0026maxRecords=1\u0026mode=set",
      "RequestMethod": "PATCH",
      "RequestHeaders": {
        "Accept": "application/json",
        "Accept-Encoding": "gzip",
        "Authorization": "Sanitized",
        "Content-Length": "0",
        "User-Agent": "azsdk-go-azdatalake/v0.1.0 (go1.19; Windows_NT)",
        "x-ms-acl": "user::rwx,group::r-x,other::rwx",
        "X-Ms-Date": "Thu, 03 Aug 2023 19:13:09 GMT",
        "x-ms-version": "2020-10-02"
      },
      "RequestBody": null,
      "StatusCode": 200,
      "ResponseHeaders": {
        "Date": "Thu, 03 Aug 2023 19:13:10 GMT",
        "Server": [
          "Windows-Azure-HDFS/1.0",
          "Microsoft-HTTPAPI/2.0"
        ],
        "Transfer-Encoding": "chunked",
        "x-ms-namespace-enabled": "true",
        "x-ms-request-id": "00000000-0000-0000-0000-000000000000",
        "x-ms-version": "2020-10-02"
      },
      "ResponseBody": "eyJkaXJlY3Rvcmllc1N1Y2Nlc3NmdWwiOjEsImZhaWxlZEVudHJpZXMiOltdLCJmYWlsdXJlQ291bnQiOjAsImZpbGVzU3VjY2Vzc2Z1bCI6Mn0K"
    },
    {
      "RequestUri": "https://fakestorage.dfs.core.windows.net/gofsdirsetaccesscontrolrecursivewithmaxresults3/gotestdirdirsetaccesscontrolrecursivewithmaxresults3?action=getAccessControl",
      "RequestMethod": "HEAD",
      "RequestHeaders": {
        "Accept": "application/json",
        "Authorization": "Sanitized",
        "User-Agent": "azsdk-go-azdatalake/v0.1.0 (go1.19; Windows_NT)",
        "X-Ms-Date": "Thu, 03 Aug 2023 19:13:09 GMT",
        "x-ms-version": "2020-10-02"
      },
      "RequestBody": null,
      "StatusCode": 200,
      "ResponseHeaders": {
        "Date": "Thu, 03 Aug 2023 19:13:10 GMT",
        "ETag": "\u00220x8DB9455AD04D46B\u0022",
        "Last-Modified": "Thu, 03 Aug 2023 19:13:09 GMT",
        "Server": [
          "Windows-Azure-HDFS/1.0",
          "Microsoft-HTTPAPI/2.0"
        ],
        "Vary": "Origin",
        "x-ms-acl": "user::rwx,group::r-x,other::rwx",
        "x-ms-group": "$superuser",
        "x-ms-owner": "$superuser",
        "x-ms-permissions": "rwxr-xrwx",
        "x-ms-request-id": "00000000-0000-0000-0000-000000000000",
        "x-ms-version": "2020-10-02"
      },
      "ResponseBody": null
    },
    {
      "RequestUri": "https://fakestorage.blob.core.windows.net/gofsdirsetaccesscontrolrecursivewithmaxresults3?restype=container",
      "RequestMethod": "DELETE",
      "RequestHeaders": {
        "Accept": "application/xml",
        "Accept-Encoding": "gzip",
        "Authorization": "Sanitized",
        "User-Agent": "azsdk-go-azblob/v1.0.0 (go1.19; Windows_NT)",
        "X-Ms-Date": "Thu, 03 Aug 2023 19:13:09 GMT",
        "x-ms-version": "2020-10-02"
      },
      "RequestBody": null,
      "StatusCode": 202,
      "ResponseHeaders": {
        "Content-Length": "0",
        "Date": "Thu, 03 Aug 2023 19:13:09 GMT",
        "Server": [
          "Windows-Azure-Blob/1.0",
          "Microsoft-HTTPAPI/2.0"
        ],
        "x-ms-request-id": "00000000-0000-0000-0000-000000000000",
        "x-ms-version": "2020-10-02"
      },
      "ResponseBody": null
    }
  ],
  "Variables": {}
}
