{
  "Entries": [
    {
      "RequestUri": "https://fakestorage.blob.core.windows.net/gofsfilesethttpheadersifunmodifiedsincefalse?restype=container",
      "RequestMethod": "PUT",
      "RequestHeaders": {
        "Accept": "application/xml",
        "Accept-Encoding": "gzip",
        "Authorization": "Sanitized",
        "Content-Length": "0",
        "User-Agent": "azsdk-go-azblob/v1.0.0 (go1.19.13; Windows_NT)",
        "X-Ms-Date": "Wed, 20 Dec 2023 07:21:17 GMT",
        "x-ms-version": "2020-10-02"
      },
      "RequestBody": null,
      "StatusCode": 201,
      "ResponseHeaders": {
        "Content-Length": "0",
        "Date": "Wed, 20 Dec 2023 07:21:18 GMT",
        "ETag": "\u00220x8DC012C42C0CBCE\u0022",
        "Last-Modified": "Wed, 20 Dec 2023 07:21:18 GMT",
        "Server": [
          "Windows-Azure-Blob/1.0",
          "Microsoft-HTTPAPI/2.0"
        ],
        "x-ms-request-id": "00000000-0000-0000-0000-000000000000",
        "x-ms-version": "2020-10-02"
      },
      "ResponseBody": null
    },
    {
      "RequestUri": "https://fakestorage.dfs.core.windows.net/gofsfilesethttpheadersifunmodifiedsincefalse/gotestfilefilesethttpheadersifunmodifiedsincefalse?resource=file",
      "RequestMethod": "PUT",
      "RequestHeaders": {
        "Accept": "application/json",
        "Accept-Encoding": "gzip",
        "Authorization": "Sanitized",
        "Content-Length": "0",
        "User-Agent": "azsdk-go-file.Client/v1.0.1 (go1.19.13; Windows_NT)",
        "X-Ms-Date": "Wed, 20 Dec 2023 07:21:17 GMT",
        "x-ms-version": "2021-06-08"
      },
      "RequestBody": null,
      "StatusCode": 201,
      "ResponseHeaders": {
        "Content-Length": "0",
        "Date": "Wed, 20 Dec 2023 07:21:18 GMT",
        "ETag": "\u00220x8DC012C42C95C2D\u0022",
        "Last-Modified": "Wed, 20 Dec 2023 07:21:19 GMT",
        "Server": [
          "Windows-Azure-HDFS/1.0",
          "Microsoft-HTTPAPI/2.0"
        ],
        "x-ms-request-id": "00000000-0000-0000-0000-000000000000",
        "x-ms-request-server-encrypted": "true",
        "x-ms-version": "2021-06-08"
      },
      "ResponseBody": null
    },
    {
      "RequestUri": "https://fakestorage.blob.core.windows.net/gofsfilesethttpheadersifunmodifiedsincefalse/gotestfilefilesethttpheadersifunmodifiedsincefalse?comp=properties",
      "RequestMethod": "PUT",
      "RequestHeaders": {
        "Accept": "application/xml",
        "Accept-Encoding": "gzip",
        "Authorization": "Sanitized",
        "Content-Length": "0",
        "If-Unmodified-Since": "Wed, 20 Dec 2023 07:21:08 GMT",
        "User-Agent": "azsdk-go-azblob/v1.0.0 (go1.19.13; Windows_NT)",
        "x-ms-blob-cache-control": "control",
        "x-ms-blob-content-disposition": "my_disposition",
        "x-ms-blob-content-encoding": "my_encoding",
        "x-ms-blob-content-language": "my_language",
        "x-ms-blob-content-type": "my_type",
        "X-Ms-Date": "Wed, 20 Dec 2023 07:21:17 GMT",
        "x-ms-version": "2020-10-02"
      },
      "RequestBody": null,
      "StatusCode": 412,
      "ResponseHeaders": {
        "Content-Length": "252",
        "Content-Type": "application/xml",
        "Date": "Wed, 20 Dec 2023 07:21:18 GMT",
        "Server": [
          "Windows-Azure-Blob/1.0",
          "Microsoft-HTTPAPI/2.0"
        ],
        "x-ms-error-code": "ConditionNotMet",
        "x-ms-request-id": "00000000-0000-0000-0000-000000000000",
        "x-ms-version": "2020-10-02"
      },
      "ResponseBody": [
        "\uFEFF\u003C?xml version=\u00221.0\u0022 encoding=\u0022utf-8\u0022?\u003E\u003CError\u003E\u003CCode\u003EConditionNotMet\u003C/Code\u003E\u003CMessage\u003EThe condition specified using HTTP conditional header(s) is not met.\n",
        "RequestId:29ae1cab-801e-0063-1015-334f87000000\n",
        "Time:2023-12-20T07:21:19.0757455Z\u003C/Message\u003E\u003C/Error\u003E"
      ]
    },
    {
      "RequestUri": "https://fakestorage.blob.core.windows.net/gofsfilesethttpheadersifunmodifiedsincefalse?restype=container",
      "RequestMethod": "DELETE",
      "RequestHeaders": {
        "Accept": "application/xml",
        "Accept-Encoding": "gzip",
        "Authorization": "Sanitized",
        "User-Agent": "azsdk-go-azblob/v1.0.0 (go1.19.13; Windows_NT)",
        "X-Ms-Date": "Wed, 20 Dec 2023 07:21:17 GMT",
        "x-ms-version": "2020-10-02"
      },
      "RequestBody": null,
      "StatusCode": 202,
      "ResponseHeaders": {
        "Content-Length": "0",
        "Date": "Wed, 20 Dec 2023 07:21:18 GMT",
        "Server": [
          "Windows-Azure-Blob/1.0",
          "Microsoft-HTTPAPI/2.0"
        ],
        "x-ms-request-id": "00000000-0000-0000-0000-000000000000",
        "x-ms-version": "2020-10-02"
      },
      "ResponseBody": null
    }
  ],
  "Variables": {}
}
