{
  "Entries": [
    {
      "RequestUri": "https://fakestorage.blob.core.windows.net/gofsrenamefileifmodifiedsincefalse?restype=container",
      "RequestMethod": "PUT",
      "RequestHeaders": {
        "Accept": "application/xml",
        "Accept-Encoding": "gzip",
        "Authorization": "Sanitized",
        "Content-Length": "0",
        "User-Agent": "azsdk-go-azblob/v1.0.0 (go1.19; Windows_NT)",
        "X-Ms-Date": "Fri, 11 Aug 2023 17:16:14 GMT",
        "x-ms-version": "2020-10-02"
      },
      "RequestBody": null,
      "StatusCode": 201,
      "ResponseHeaders": {
        "Content-Length": "0",
        "Date": "Fri, 11 Aug 2023 17:16:13 GMT",
        "ETag": "\u00220x8DB9A8EAAE09B34\u0022",
        "Last-Modified": "Fri, 11 Aug 2023 17:16:14 GMT",
        "Server": [
          "Windows-Azure-Blob/1.0",
          "Microsoft-HTTPAPI/2.0"
        ],
        "x-ms-request-id": "00000000-0000-0000-0000-000000000000",
        "x-ms-version": "2020-10-02"
      },
      "ResponseBody": null
    },
    {
      "RequestUri": "https://fakestorage.dfs.core.windows.net/gofsrenamefileifmodifiedsincefalse/gotestfilerenamefileifmodifiedsincefalse?resource=file",
      "RequestMethod": "PUT",
      "RequestHeaders": {
        "Accept": "application/json",
        "Accept-Encoding": "gzip",
        "Authorization": "Sanitized",
        "Content-Length": "0",
        "User-Agent": "azsdk-go-azdatalake/v0.1.0 (go1.19; Windows_NT)",
        "X-Ms-Date": "Fri, 11 Aug 2023 17:16:14 GMT",
        "x-ms-version": "2020-10-02"
      },
      "RequestBody": null,
      "StatusCode": 201,
      "ResponseHeaders": {
        "Content-Length": "0",
        "Date": "Fri, 11 Aug 2023 17:16:14 GMT",
        "ETag": "\u00220x8DB9A8EAB140785\u0022",
        "Last-Modified": "Fri, 11 Aug 2023 17:16:14 GMT",
        "Server": [
          "Windows-Azure-HDFS/1.0",
          "Microsoft-HTTPAPI/2.0"
        ],
        "x-ms-request-id": "00000000-0000-0000-0000-000000000000",
        "x-ms-request-server-encrypted": "true",
        "x-ms-version": "2020-10-02"
      },
      "ResponseBody": null
    },
    {
      "RequestUri": "https://fakestorage.dfs.core.windows.net/gofsrenamefileifmodifiedsincefalse/newName?mode=legacy",
      "RequestMethod": "PUT",
      "RequestHeaders": {
        "Accept": "application/json",
        "Accept-Encoding": "gzip",
        "Authorization": "Sanitized",
        "Content-Length": "0",
        "User-Agent": "azsdk-go-azdatalake/v0.1.0 (go1.19; Windows_NT)",
        "X-Ms-Date": "Fri, 11 Aug 2023 17:16:14 GMT",
        "x-ms-rename-source": "/gofsrenamefileifmodifiedsincefalse/gotestfilerenamefileifmodifiedsincefalse",
        "x-ms-source-if-modified-since": "Fri, 11 Aug 2023 17:16:24 GMT",
        "x-ms-version": "2020-10-02"
      },
      "RequestBody": null,
      "StatusCode": 412,
      "ResponseHeaders": {
        "Content-Length": "213",
        "Content-Type": "application/json; charset=utf-8",
        "Date": "Fri, 11 Aug 2023 17:16:14 GMT",
        "Server": [
          "Windows-Azure-HDFS/1.0",
          "Microsoft-HTTPAPI/2.0"
        ],
        "x-ms-error-code": "SourceConditionNotMet",
        "x-ms-request-id": "00000000-0000-0000-0000-000000000000",
        "x-ms-version": "2020-10-02"
      },
      "ResponseBody": {
        "error": {
          "code": "SourceConditionNotMet",
          "message": "The source condition specified using HTTP conditional header(s) is not met.\nRequestId:5ce41dc3-f01f-0015-5677-cc3370000000\nTime:2023-08-11T17:16:14.9979243Z"
        }
      }
    },
    {
      "RequestUri": "https://fakestorage.blob.core.windows.net/gofsrenamefileifmodifiedsincefalse?restype=container",
      "RequestMethod": "DELETE",
      "RequestHeaders": {
        "Accept": "application/xml",
        "Accept-Encoding": "gzip",
        "Authorization": "Sanitized",
        "User-Agent": "azsdk-go-azblob/v1.0.0 (go1.19; Windows_NT)",
        "X-Ms-Date": "Fri, 11 Aug 2023 17:16:14 GMT",
        "x-ms-version": "2020-10-02"
      },
      "RequestBody": null,
      "StatusCode": 202,
      "ResponseHeaders": {
        "Content-Length": "0",
        "Date": "Fri, 11 Aug 2023 17:16:14 GMT",
        "Server": [
          "Windows-Azure-Blob/1.0",
          "Microsoft-HTTPAPI/2.0"
        ],
        "x-ms-request-id": "00000000-0000-0000-0000-000000000000",
        "x-ms-version": "2020-10-02"
      },
      "ResponseBody": null
    }
  ],
  "Variables": {}
}
