{
  "Entries": [
    {
      "RequestUri": "https://fakestorage.blob.core.windows.net/gofsdirsetaccesscontrolrecursivewithmaxresults?restype=container",
      "RequestMethod": "PUT",
      "RequestHeaders": {
        "Accept": "application/xml",
        "Accept-Encoding": "gzip",
        "Authorization": "Sanitized",
        "Content-Length": "0",
        "User-Agent": "azsdk-go-azblob/v1.0.0 (go1.19.13; Windows_NT)",
        "X-Ms-Date": "Tue, 19 Dec 2023 07:37:23 GMT",
        "x-ms-version": "2020-10-02"
      },
      "RequestBody": null,
      "StatusCode": 201,
      "ResponseHeaders": {
        "Content-Length": "0",
        "Date": "Tue, 19 Dec 2023 07:37:23 GMT",
        "ETag": "\u00220x8DC0065574ABF41\u0022",
        "Last-Modified": "Tue, 19 Dec 2023 07:37:23 GMT",
        "Server": [
          "Windows-Azure-Blob/1.0",
          "Microsoft-HTTPAPI/2.0"
        ],
        "x-ms-request-id": "00000000-0000-0000-0000-000000000000",
        "x-ms-version": "2020-10-02"
      },
      "ResponseBody": null
    },
    {
      "RequestUri": "https://fakestorage.dfs.core.windows.net/gofsdirsetaccesscontrolrecursivewithmaxresults/gotestdirdirsetaccesscontrolrecursivewithmaxresults?resource=directory",
      "RequestMethod": "PUT",
      "RequestHeaders": {
        "Accept": "application/json",
        "Accept-Encoding": "gzip",
        "Authorization": "Sanitized",
        "Content-Length": "0",
        "User-Agent": "azsdk-go-azdatalake/v1.0.1 (go1.19.13; Windows_NT)",
        "X-Ms-Date": "Tue, 19 Dec 2023 07:37:23 GMT",
        "x-ms-version": "2020-10-02"
      },
      "RequestBody": null,
      "StatusCode": 201,
      "ResponseHeaders": {
        "Content-Length": "0",
        "Date": "Tue, 19 Dec 2023 07:37:22 GMT",
        "ETag": "\u00220x8DC00655754BB35\u0022",
        "Last-Modified": "Tue, 19 Dec 2023 07:37:23 GMT",
        "Server": [
          "Windows-Azure-HDFS/1.0",
          "Microsoft-HTTPAPI/2.0"
        ],
        "x-ms-request-id": "00000000-0000-0000-0000-000000000000",
        "x-ms-request-server-encrypted": "true",
        "x-ms-version": "2020-10-02"
      },
      "ResponseBody": null
    },
    {
      "RequestUri": "https://fakestorage.dfs.core.windows.net/gofsdirsetaccesscontrolrecursivewithmaxresults/gotestdirdirsetaccesscontrolrecursivewithmaxresults?resource=directory",
      "RequestMethod": "PUT",
      "RequestHeaders": {
        "Accept": "application/json",
        "Accept-Encoding": "gzip",
        "Authorization": "Sanitized",
        "Content-Length": "0",
        "User-Agent": "azsdk-go-azdatalake/v1.0.1 (go1.19.13; Windows_NT)",
        "X-Ms-Date": "Tue, 19 Dec 2023 07:37:23 GMT",
        "x-ms-version": "2020-10-02"
      },
      "RequestBody": null,
      "StatusCode": 201,
      "ResponseHeaders": {
        "Content-Length": "0",
        "Date": "Tue, 19 Dec 2023 07:37:22 GMT",
        "ETag": "\u00220x8DC0065575AC66C\u0022",
        "Last-Modified": "Tue, 19 Dec 2023 07:37:23 GMT",
        "Server": [
          "Windows-Azure-HDFS/1.0",
          "Microsoft-HTTPAPI/2.0"
        ],
        "x-ms-request-id": "00000000-0000-0000-0000-000000000000",
        "x-ms-request-server-encrypted": "true",
        "x-ms-version": "2020-10-02"
      },
      "ResponseBody": null
    },
    {
      "RequestUri": "https://fakestorage.dfs.core.windows.net/gofsdirsetaccesscontrolrecursivewithmaxresults/gotestdirdirsetaccesscontrolrecursivewithmaxresults/gotestfiledirsetaccesscontrolrecursivewithmaxresults?resource=file",
      "RequestMethod": "PUT",
      "RequestHeaders": {
        "Accept": "application/json",
        "Accept-Encoding": "gzip",
        "Authorization": "Sanitized",
        "Content-Length": "0",
        "User-Agent": "azsdk-go-azdatalake/v1.0.1 (go1.19.13; Windows_NT)",
        "X-Ms-Date": "Tue, 19 Dec 2023 07:37:23 GMT",
        "x-ms-version": "2020-10-02"
      },
      "RequestBody": null,
      "StatusCode": 201,
      "ResponseHeaders": {
        "Content-Length": "0",
        "Date": "Tue, 19 Dec 2023 07:37:22 GMT",
        "ETag": "\u00220x8DC00655761F6A9\u0022",
        "Last-Modified": "Tue, 19 Dec 2023 07:37:23 GMT",
        "Server": [
          "Windows-Azure-HDFS/1.0",
          "Microsoft-HTTPAPI/2.0"
        ],
        "x-ms-request-id": "00000000-0000-0000-0000-000000000000",
        "x-ms-request-server-encrypted": "true",
        "x-ms-version": "2020-10-02"
      },
      "ResponseBody": null
    },
    {
      "RequestUri": "https://fakestorage.dfs.core.windows.net/gofsdirsetaccesscontrolrecursivewithmaxresults/gotestdirdirsetaccesscontrolrecursivewithmaxresults/gotestfiledirsetaccesscontrolrecursivewithmaxresults1?resource=file",
      "RequestMethod": "PUT",
      "RequestHeaders": {
        "Accept": "application/json",
        "Accept-Encoding": "gzip",
        "Authorization": "Sanitized",
        "Content-Length": "0",
        "User-Agent": "azsdk-go-azdatalake/v1.0.1 (go1.19.13; Windows_NT)",
        "X-Ms-Date": "Tue, 19 Dec 2023 07:37:23 GMT",
        "x-ms-version": "2020-10-02"
      },
      "RequestBody": null,
      "StatusCode": 201,
      "ResponseHeaders": {
        "Content-Length": "0",
        "Date": "Tue, 19 Dec 2023 07:37:22 GMT",
        "ETag": "\u00220x8DC00655768AED7\u0022",
        "Last-Modified": "Tue, 19 Dec 2023 07:37:23 GMT",
        "Server": [
          "Windows-Azure-HDFS/1.0",
          "Microsoft-HTTPAPI/2.0"
        ],
        "x-ms-request-id": "00000000-0000-0000-0000-000000000000",
        "x-ms-request-server-encrypted": "true",
        "x-ms-version": "2020-10-02"
      },
      "ResponseBody": null
    },
    {
      "RequestUri": "https://fakestorage.dfs.core.windows.net/gofsdirsetaccesscontrolrecursivewithmaxresults/gotestdirdirsetaccesscontrolrecursivewithmaxresults?action=setAccessControlRecursive\u0026forceFlag=true\u0026maxRecords=2\u0026mode=set",
      "RequestMethod": "PATCH",
      "RequestHeaders": {
        "Accept": "application/json",
        "Accept-Encoding": "gzip",
        "Authorization": "Sanitized",
        "Content-Length": "0",
        "User-Agent": "azsdk-go-azdatalake/v1.0.1 (go1.19.13; Windows_NT)",
        "x-ms-acl": "user::rwx,group::r-x,other::rwx",
        "X-Ms-Date": "Tue, 19 Dec 2023 07:37:23 GMT",
        "x-ms-version": "2020-10-02"
      },
      "RequestBody": null,
      "StatusCode": 200,
      "ResponseHeaders": {
        "Date": "Tue, 19 Dec 2023 07:37:22 GMT",
        "Server": [
          "Windows-Azure-HDFS/1.0",
          "Microsoft-HTTPAPI/2.0"
        ],
        "Transfer-Encoding": "chunked",
        "x-ms-continuation": "VBaHntG\u002BypjA5C4Y1gEY0AEvdGFueWFkYXRhbGFrZWFjY291bnQBMDFEQTE2NDQ0QjA2Mzg1Ni9nb2ZzZGlyc2V0YWNjZXNzY29udHJvbHJlY3Vyc2l2ZXdpdGhtYXhyZXN1bHRzATAxREEzMjRFMzRENDM5RkYvZ290ZXN0ZGlyZGlyc2V0YWNjZXNzY29udHJvbHJlY3Vyc2l2ZXdpdGhtYXhyZXN1bHRzL2dvdGVzdGZpbGVkaXJzZXRhY2Nlc3Njb250cm9scmVjdXJzaXZld2l0aG1heHJlc3VsdHMxFgAAAA==",
        "x-ms-namespace-enabled": "true",
        "x-ms-request-id": "00000000-0000-0000-0000-000000000000",
        "x-ms-version": "2020-10-02"
      },
      "ResponseBody": "eyJkaXJlY3Rvcmllc1N1Y2Nlc3NmdWwiOjEsImZhaWxlZEVudHJpZXMiOltdLCJmYWlsdXJlQ291bnQiOjAsImZpbGVzU3VjY2Vzc2Z1bCI6MX0K"
    },
    {
      "RequestUri": "https://fakestorage.dfs.core.windows.net/gofsdirsetaccesscontrolrecursivewithmaxresults/gotestdirdirsetaccesscontrolrecursivewithmaxresults?action=getAccessControl",
      "RequestMethod": "HEAD",
      "RequestHeaders": {
        "Accept": "application/json",
        "Authorization": "Sanitized",
        "User-Agent": "azsdk-go-azdatalake/v1.0.1 (go1.19.13; Windows_NT)",
        "X-Ms-Date": "Tue, 19 Dec 2023 07:37:23 GMT",
        "x-ms-version": "2020-10-02"
      },
      "RequestBody": null,
      "StatusCode": 200,
      "ResponseHeaders": {
        "Date": "Tue, 19 Dec 2023 07:37:22 GMT",
        "ETag": "\u00220x8DC0065575AC66C\u0022",
        "Last-Modified": "Tue, 19 Dec 2023 07:37:23 GMT",
        "Server": [
          "Windows-Azure-HDFS/1.0",
          "Microsoft-HTTPAPI/2.0"
        ],
        "Vary": "Origin",
        "x-ms-acl": "user::rwx,group::r-x,other::rwx",
        "x-ms-group": "$superuser",
        "x-ms-owner": "$superuser",
        "x-ms-permissions": "rwxr-xrwx",
        "x-ms-request-id": "00000000-0000-0000-0000-000000000000",
        "x-ms-version": "2020-10-02"
      },
      "ResponseBody": null
    },
    {
      "RequestUri": "https://fakestorage.blob.core.windows.net/gofsdirsetaccesscontrolrecursivewithmaxresults?restype=container",
      "RequestMethod": "DELETE",
      "RequestHeaders": {
        "Accept": "application/xml",
        "Accept-Encoding": "gzip",
        "Authorization": "Sanitized",
        "User-Agent": "azsdk-go-azblob/v1.0.0 (go1.19.13; Windows_NT)",
        "X-Ms-Date": "Tue, 19 Dec 2023 07:37:23 GMT",
        "x-ms-version": "2020-10-02"
      },
      "RequestBody": null,
      "StatusCode": 202,
      "ResponseHeaders": {
        "Content-Length": "0",
        "Date": "Tue, 19 Dec 2023 07:37:23 GMT",
        "Server": [
          "Windows-Azure-Blob/1.0",
          "Microsoft-HTTPAPI/2.0"
        ],
        "x-ms-request-id": "00000000-0000-0000-0000-000000000000",
        "x-ms-version": "2020-10-02"
      },
      "ResponseBody": null
    }
  ],
  "Variables": {}
}
