{
  "Entries": [
    {
      "RequestUri": "https://fakestorage.blob.core.windows.net/gofsdeletefileifmodifiedsincefalse?restype=container",
      "RequestMethod": "PUT",
      "RequestHeaders": {
        "Accept": "application/xml",
        "Accept-Encoding": "gzip",
        "Authorization": "Sanitized",
        "Content-Length": "0",
        "User-Agent": "azsdk-go-container.Client/v1.3.0-beta.1 (go1.19.13; Windows_NT)",
        "X-Ms-Date": "Wed, 31 Jan 2024 11:45:35 GMT",
        "x-ms-version": "2023-11-03"
      },
      "RequestBody": null,
      "StatusCode": 201,
      "ResponseHeaders": {
        "Content-Length": "0",
        "Date": "Wed, 31 Jan 2024 11:45:34 GMT",
        "ETag": "\u00220x8DC2252232145DA\u0022",
        "Last-Modified": "Wed, 31 Jan 2024 11:45:35 GMT",
        "Server": [
          "Windows-Azure-Blob/1.0",
          "Microsoft-HTTPAPI/2.0"
        ],
        "x-ms-request-id": "00000000-0000-0000-0000-000000000000",
        "x-ms-version": "2023-11-03"
      },
      "ResponseBody": null
    },
    {
      "RequestUri": "https://fakestorage.dfs.core.windows.net/gofsdeletefileifmodifiedsincefalse/gotestfiledeletefileifmodifiedsincefalse?resource=file",
      "RequestMethod": "PUT",
      "RequestHeaders": {
        "Accept": "application/json",
        "Accept-Encoding": "gzip",
        "Authorization": "Sanitized",
        "Content-Length": "0",
        "User-Agent": "azsdk-go-azdatalake/v1.1.0-beta.2 (go1.19.13; Windows_NT)",
        "X-Ms-Date": "Wed, 31 Jan 2024 11:45:35 GMT",
        "x-ms-version": "2021-06-08"
      },
      "RequestBody": null,
      "StatusCode": 201,
      "ResponseHeaders": {
        "Content-Length": "0",
        "Date": "Wed, 31 Jan 2024 11:45:34 GMT",
        "ETag": "\u00220x8DC22522329FAB1\u0022",
        "Last-Modified": "Wed, 31 Jan 2024 11:45:35 GMT",
        "Server": [
          "Windows-Azure-HDFS/1.0",
          "Microsoft-HTTPAPI/2.0"
        ],
        "x-ms-request-id": "00000000-0000-0000-0000-000000000000",
        "x-ms-request-server-encrypted": "true",
        "x-ms-version": "2021-06-08"
      },
      "ResponseBody": null
    },
    {
      "RequestUri": "https://fakestorage.dfs.core.windows.net/gofsdeletefileifmodifiedsincefalse/gotestfiledeletefileifmodifiedsincefalse?recursive=false",
      "RequestMethod": "DELETE",
      "RequestHeaders": {
        "Accept": "application/json",
        "Accept-Encoding": "gzip",
        "Authorization": "Sanitized",
        "If-Modified-Since": "Wed, 31 Jan 2024 11:45:44 GMT",
        "User-Agent": "azsdk-go-azdatalake/v1.1.0-beta.2 (go1.19.13; Windows_NT)",
        "X-Ms-Date": "Wed, 31 Jan 2024 11:45:35 GMT",
        "x-ms-version": "2021-06-08"
      },
      "RequestBody": null,
      "StatusCode": 412,
      "ResponseHeaders": {
        "Content-Length": "200",
        "Content-Type": "application/json; charset=utf-8",
        "Date": "Wed, 31 Jan 2024 11:45:34 GMT",
        "Server": [
          "Windows-Azure-HDFS/1.0",
          "Microsoft-HTTPAPI/2.0"
        ],
        "x-ms-error-code": "ConditionNotMet",
        "x-ms-request-id": "00000000-0000-0000-0000-000000000000",
        "x-ms-version": "2021-06-08"
      },
      "ResponseBody": {
        "error": {
          "code": "ConditionNotMet",
          "message": "The condition specified using HTTP conditional header(s) is not met.\nRequestId:a44bd6ad-e01f-0078-183b-546115000000\nTime:2024-01-31T11:45:35.2940224Z"
        }
      }
    },
    {
      "RequestUri": "https://fakestorage.blob.core.windows.net/gofsdeletefileifmodifiedsincefalse?restype=container",
      "RequestMethod": "DELETE",
      "RequestHeaders": {
        "Accept": "application/xml",
        "Accept-Encoding": "gzip",
        "Authorization": "Sanitized",
        "User-Agent": "azsdk-go-container.Client/v1.3.0-beta.1 (go1.19.13; Windows_NT)",
        "X-Ms-Date": "Wed, 31 Jan 2024 11:45:35 GMT",
        "x-ms-version": "2023-11-03"
      },
      "RequestBody": null,
      "StatusCode": 202,
      "ResponseHeaders": {
        "Content-Length": "0",
        "Date": "Wed, 31 Jan 2024 11:45:34 GMT",
        "Server": [
          "Windows-Azure-Blob/1.0",
          "Microsoft-HTTPAPI/2.0"
        ],
        "x-ms-request-id": "00000000-0000-0000-0000-000000000000",
        "x-ms-version": "2023-11-03"
      },
      "ResponseBody": null
    }
  ],
  "Variables": {}
}
