{
  "Entries": [
    {
      "RequestUri": "https://fakestorage.blob.core.windows.net/gofsdeletedirwithoutleaseid?restype=container",
      "RequestMethod": "PUT",
      "RequestHeaders": {
        "Accept": "application/xml",
        "Accept-Encoding": "gzip",
        "Authorization": "Sanitized",
        "Content-Length": "0",
        "User-Agent": "azsdk-go-service.Client/v1.3.0-beta.1 (go1.19.13; Windows_NT)",
        "X-Ms-Date": "Wed, 31 Jan 2024 11:22:29 GMT",
        "x-ms-version": "2023-11-03"
      },
      "RequestBody": null,
      "StatusCode": 201,
      "ResponseHeaders": {
        "Content-Length": "0",
        "Date": "Wed, 31 Jan 2024 11:22:28 GMT",
        "ETag": "\u00220x8DC224EE91D9146\u0022",
        "Last-Modified": "Wed, 31 Jan 2024 11:22:29 GMT",
        "Server": [
          "Windows-Azure-Blob/1.0",
          "Microsoft-HTTPAPI/2.0"
        ],
        "x-ms-request-id": "00000000-0000-0000-0000-000000000000",
        "x-ms-version": "2023-11-03"
      },
      "ResponseBody": null
    },
    {
      "RequestUri": "https://fakestorage.dfs.core.windows.net/gofsdeletedirwithoutleaseid/gotestdirdeletedirwithoutleaseid?resource=directory",
      "RequestMethod": "PUT",
      "RequestHeaders": {
        "Accept": "application/json",
        "Accept-Encoding": "gzip",
        "Authorization": "Sanitized",
        "Content-Length": "0",
        "User-Agent": "azsdk-go-azdatalake/v1.1.0-beta.2 (go1.19.13; Windows_NT)",
        "X-Ms-Date": "Wed, 31 Jan 2024 11:22:29 GMT",
        "x-ms-version": "2021-06-08"
      },
      "RequestBody": null,
      "StatusCode": 201,
      "ResponseHeaders": {
        "Content-Length": "0",
        "Date": "Wed, 31 Jan 2024 11:22:28 GMT",
        "ETag": "\u00220x8DC224EE9523CF6\u0022",
        "Last-Modified": "Wed, 31 Jan 2024 11:22:29 GMT",
        "Server": [
          "Windows-Azure-HDFS/1.0",
          "Microsoft-HTTPAPI/2.0"
        ],
        "x-ms-request-id": "00000000-0000-0000-0000-000000000000",
        "x-ms-request-server-encrypted": "true",
        "x-ms-version": "2021-06-08"
      },
      "ResponseBody": null
    },
    {
      "RequestUri": "https://fakestorage.blob.core.windows.net/gofsdeletedirwithoutleaseid/gotestdirdeletedirwithoutleaseid?comp=lease",
      "RequestMethod": "PUT",
      "RequestHeaders": {
        "Accept": "application/xml",
        "Accept-Encoding": "gzip",
        "Authorization": "Sanitized",
        "Content-Length": "0",
        "User-Agent": "azsdk-go-service.Client/v1.3.0-beta.1 (go1.19.13; Windows_NT)",
        "X-Ms-Date": "Wed, 31 Jan 2024 11:22:30 GMT",
        "x-ms-lease-action": "acquire",
        "x-ms-lease-duration": "60",
        "x-ms-proposed-lease-id": "c820a799-76d7-4ee2-6e15-546f19325c2c",
        "x-ms-version": "2023-11-03"
      },
      "RequestBody": null,
      "StatusCode": 201,
      "ResponseHeaders": {
        "Content-Length": "0",
        "Date": "Wed, 31 Jan 2024 11:22:29 GMT",
        "ETag": "\u00220x8DC224EE9523CF6\u0022",
        "Last-Modified": "Wed, 31 Jan 2024 11:22:29 GMT",
        "Server": [
          "Windows-Azure-Blob/1.0",
          "Microsoft-HTTPAPI/2.0"
        ],
        "x-ms-lease-id": "c820a799-76d7-4ee2-6e15-546f19325c2c",
        "x-ms-request-id": "00000000-0000-0000-0000-000000000000",
        "x-ms-version": "2023-11-03"
      },
      "ResponseBody": null
    },
    {
      "RequestUri": "https://fakestorage.dfs.core.windows.net/gofsdeletedirwithoutleaseid/gotestdirdeletedirwithoutleaseid?recursive=true",
      "RequestMethod": "DELETE",
      "RequestHeaders": {
        "Accept": "application/json",
        "Accept-Encoding": "gzip",
        "Authorization": "Sanitized",
        "User-Agent": "azsdk-go-azdatalake/v1.1.0-beta.2 (go1.19.13; Windows_NT)",
        "X-Ms-Date": "Wed, 31 Jan 2024 11:22:30 GMT",
        "x-ms-version": "2021-06-08"
      },
      "RequestBody": null,
      "StatusCode": 412,
      "ResponseHeaders": {
        "Content-Length": "219",
        "Content-Type": "application/json; charset=utf-8",
        "Date": "Wed, 31 Jan 2024 11:22:29 GMT",
        "Server": [
          "Windows-Azure-HDFS/1.0",
          "Microsoft-HTTPAPI/2.0"
        ],
        "x-ms-error-code": "LeaseIdMissing",
        "x-ms-request-id": "00000000-0000-0000-0000-000000000000",
        "x-ms-version": "2021-06-08"
      },
      "ResponseBody": {
        "error": {
          "code": "LeaseIdMissing",
          "message": "There is currently a lease on the resource and no lease ID was specified in the request.\nRequestId:4845cb2e-601f-0087-4337-545c8d000000\nTime:2024-01-31T11:22:29.8298215Z"
        }
      }
    },
    {
      "RequestUri": "https://fakestorage.dfs.core.windows.net/gofsdeletedirwithoutleaseid/gotestdirdeletedirwithoutleaseid?recursive=true",
      "RequestMethod": "DELETE",
      "RequestHeaders": {
        "Accept": "application/json",
        "Accept-Encoding": "gzip",
        "Authorization": "Sanitized",
        "User-Agent": "azsdk-go-azdatalake/v1.1.0-beta.2 (go1.19.13; Windows_NT)",
        "X-Ms-Date": "Wed, 31 Jan 2024 11:22:30 GMT",
        "x-ms-lease-id": "c820a799-76d7-4ee2-6e15-546f19325c2c",
        "x-ms-version": "2021-06-08"
      },
      "RequestBody": null,
      "StatusCode": 200,
      "ResponseHeaders": {
        "Content-Length": "0",
        "Date": "Wed, 31 Jan 2024 11:22:29 GMT",
        "Server": [
          "Windows-Azure-HDFS/1.0",
          "Microsoft-HTTPAPI/2.0"
        ],
        "x-ms-delete-type-permanent": "true",
        "x-ms-request-id": "00000000-0000-0000-0000-000000000000",
        "x-ms-version": "2021-06-08"
      },
      "ResponseBody": null
    },
    {
      "RequestUri": "https://fakestorage.blob.core.windows.net/gofsdeletedirwithoutleaseid?restype=container",
      "RequestMethod": "DELETE",
      "RequestHeaders": {
        "Accept": "application/xml",
        "Accept-Encoding": "gzip",
        "Authorization": "Sanitized",
        "User-Agent": "azsdk-go-service.Client/v1.3.0-beta.1 (go1.19.13; Windows_NT)",
        "X-Ms-Date": "Wed, 31 Jan 2024 11:22:30 GMT",
        "x-ms-version": "2023-11-03"
      },
      "RequestBody": null,
      "StatusCode": 202,
      "ResponseHeaders": {
        "Content-Length": "0",
        "Date": "Wed, 31 Jan 2024 11:22:29 GMT",
        "Server": [
          "Windows-Azure-Blob/1.0",
          "Microsoft-HTTPAPI/2.0"
        ],
        "x-ms-request-id": "00000000-0000-0000-0000-000000000000",
        "x-ms-version": "2023-11-03"
      },
      "ResponseBody": null
    }
  ],
  "Variables": {}
}
