{
  "Entries": [
    {
      "RequestUri": "https://fakestorage.blob.core.windows.net/gofsfilegetaccesscontrolifunmodifiedsincefalse?restype=container",
      "RequestMethod": "PUT",
      "RequestHeaders": {
        "Accept": "application/xml",
        "Accept-Encoding": "gzip",
        "Authorization": "Sanitized",
        "Content-Length": "0",
        "User-Agent": "azsdk-go-azblob/v1.0.0 (go1.19.13; Windows_NT)",
        "X-Ms-Date": "Tue, 19 Dec 2023 06:15:58 GMT",
        "x-ms-version": "2020-10-02"
      },
      "RequestBody": null,
      "StatusCode": 201,
      "ResponseHeaders": {
        "Content-Length": "0",
        "Date": "Tue, 19 Dec 2023 06:15:57 GMT",
        "ETag": "\u00220x8DC0059F7B2B821\u0022",
        "Last-Modified": "Tue, 19 Dec 2023 06:15:58 GMT",
        "Server": [
          "Windows-Azure-Blob/1.0",
          "Microsoft-HTTPAPI/2.0"
        ],
        "x-ms-request-id": "00000000-0000-0000-0000-000000000000",
        "x-ms-version": "2020-10-02"
      },
      "ResponseBody": null
    },
    {
      "RequestUri": "https://fakestorage.dfs.core.windows.net/gofsfilegetaccesscontrolifunmodifiedsincefalse/gotestfilefilegetaccesscontrolifunmodifiedsincefalse?resource=file",
      "RequestMethod": "PUT",
      "RequestHeaders": {
        "Accept": "application/json",
        "Accept-Encoding": "gzip",
        "Authorization": "Sanitized",
        "Content-Length": "0",
        "User-Agent": "azsdk-go-azdatalake/v1.0.1 (go1.19.13; Windows_NT)",
        "x-ms-acl": "user::rwx,group::r-x,other::rwx",
        "X-Ms-Date": "Tue, 19 Dec 2023 06:15:58 GMT",
        "x-ms-version": "2020-10-02"
      },
      "RequestBody": null,
      "StatusCode": 201,
      "ResponseHeaders": {
        "Content-Length": "0",
        "Date": "Tue, 19 Dec 2023 06:15:58 GMT",
        "ETag": "\u00220x8DC0059F7BBC588\u0022",
        "Last-Modified": "Tue, 19 Dec 2023 06:15:58 GMT",
        "Server": [
          "Windows-Azure-HDFS/1.0",
          "Microsoft-HTTPAPI/2.0"
        ],
        "x-ms-request-id": "00000000-0000-0000-0000-000000000000",
        "x-ms-request-server-encrypted": "true",
        "x-ms-version": "2020-10-02"
      },
      "ResponseBody": null
    },
    {
      "RequestUri": "https://fakestorage.dfs.core.windows.net/gofsfilegetaccesscontrolifunmodifiedsincefalse/gotestfilefilegetaccesscontrolifunmodifiedsincefalse?action=getAccessControl",
      "RequestMethod": "HEAD",
      "RequestHeaders": {
        "Accept": "application/json",
        "Authorization": "Sanitized",
        "If-Unmodified-Since": "Tue, 19 Dec 2023 06:15:48 GMT",
        "User-Agent": "azsdk-go-azdatalake/v1.0.1 (go1.19.13; Windows_NT)",
        "X-Ms-Date": "Tue, 19 Dec 2023 06:15:58 GMT",
        "x-ms-version": "2020-10-02"
      },
      "RequestBody": null,
      "StatusCode": 412,
      "ResponseHeaders": {
        "Date": "Tue, 19 Dec 2023 06:15:58 GMT",
        "Server": [
          "Windows-Azure-HDFS/1.0",
          "Microsoft-HTTPAPI/2.0"
        ],
        "Vary": "Origin",
        "x-ms-error-code": "ConditionNotMet",
        "x-ms-request-id": "00000000-0000-0000-0000-000000000000",
        "x-ms-version": "2020-10-02"
      },
      "ResponseBody": null
    },
    {
      "RequestUri": "https://fakestorage.blob.core.windows.net/gofsfilegetaccesscontrolifunmodifiedsincefalse?restype=container",
      "RequestMethod": "DELETE",
      "RequestHeaders": {
        "Accept": "application/xml",
        "Accept-Encoding": "gzip",
        "Authorization": "Sanitized",
        "User-Agent": "azsdk-go-azblob/v1.0.0 (go1.19.13; Windows_NT)",
        "X-Ms-Date": "Tue, 19 Dec 2023 06:15:58 GMT",
        "x-ms-version": "2020-10-02"
      },
      "RequestBody": null,
      "StatusCode": 202,
      "ResponseHeaders": {
        "Content-Length": "0",
        "Date": "Tue, 19 Dec 2023 06:15:58 GMT",
        "Server": [
          "Windows-Azure-Blob/1.0",
          "Microsoft-HTTPAPI/2.0"
        ],
        "x-ms-request-id": "00000000-0000-0000-0000-000000000000",
        "x-ms-version": "2020-10-02"
      },
      "ResponseBody": null
    }
  ],
  "Variables": {}
}
