{
  "Entries": [
    {
      "RequestUri": "https://fakestorage.blob.core.windows.net/gofscreatefilewithlease?restype=container",
      "RequestMethod": "PUT",
      "RequestHeaders": {
        "Accept": "application/xml",
        "Accept-Encoding": "gzip",
        "Authorization": "Sanitized",
        "Content-Length": "0",
        "User-Agent": "azsdk-go-azblob/v1.0.0 (go1.19.13; Windows_NT)",
        "X-Ms-Date": "Thu, 21 Dec 2023 10:43:41 GMT",
        "x-ms-version": "2020-10-02"
      },
      "RequestBody": null,
      "StatusCode": 201,
      "ResponseHeaders": {
        "Content-Length": "0",
        "Date": "Thu, 21 Dec 2023 10:43:40 GMT",
        "ETag": "\u00220x8DC0211B2D1A4EE\u0022",
        "Last-Modified": "Thu, 21 Dec 2023 10:43:41 GMT",
        "Server": [
          "Windows-Azure-Blob/1.0",
          "Microsoft-HTTPAPI/2.0"
        ],
        "x-ms-request-id": "00000000-0000-0000-0000-000000000000",
        "x-ms-version": "2020-10-02"
      },
      "ResponseBody": null
    },
    {
      "RequestUri": "https://fakestorage.dfs.core.windows.net/gofscreatefilewithlease/gotestfilecreatefilewithlease?resource=file",
      "RequestMethod": "PUT",
      "RequestHeaders": {
        "Accept": "application/json",
        "Accept-Encoding": "gzip",
        "Authorization": "Sanitized",
        "Content-Length": "0",
        "User-Agent": "azsdk-go-file.Client/v1.0.1 (go1.19.13; Windows_NT)",
        "X-Ms-Date": "Thu, 21 Dec 2023 10:43:41 GMT",
        "x-ms-lease-duration": "15",
        "x-ms-proposed-lease-id": "c820a799-76d7-4ee2-6e15-546f19325c2c",
        "x-ms-version": "2021-06-08"
      },
      "RequestBody": null,
      "StatusCode": 201,
      "ResponseHeaders": {
        "Content-Length": "0",
        "Date": "Thu, 21 Dec 2023 10:43:40 GMT",
        "ETag": "\u00220x8DC0211B2DB6DD4\u0022",
        "Last-Modified": "Thu, 21 Dec 2023 10:43:41 GMT",
        "Server": [
          "Windows-Azure-HDFS/1.0",
          "Microsoft-HTTPAPI/2.0"
        ],
        "x-ms-request-id": "00000000-0000-0000-0000-000000000000",
        "x-ms-request-server-encrypted": "true",
        "x-ms-version": "2021-06-08"
      },
      "ResponseBody": null
    },
    {
      "RequestUri": "https://fakestorage.dfs.core.windows.net/gofscreatefilewithlease/gotestfilecreatefilewithlease?resource=file",
      "RequestMethod": "PUT",
      "RequestHeaders": {
        "Accept": "application/json",
        "Accept-Encoding": "gzip",
        "Authorization": "Sanitized",
        "Content-Length": "0",
        "User-Agent": "azsdk-go-file.Client/v1.0.1 (go1.19.13; Windows_NT)",
        "X-Ms-Date": "Thu, 21 Dec 2023 10:43:41 GMT",
        "x-ms-lease-duration": "15",
        "x-ms-proposed-lease-id": "c820a799-76d7-4ee2-6e15-546f19325c2c",
        "x-ms-version": "2021-06-08"
      },
      "RequestBody": null,
      "StatusCode": 412,
      "ResponseHeaders": {
        "Content-Length": "219",
        "Content-Type": "application/json; charset=utf-8",
        "Date": "Thu, 21 Dec 2023 10:43:40 GMT",
        "Server": [
          "Windows-Azure-HDFS/1.0",
          "Microsoft-HTTPAPI/2.0"
        ],
        "x-ms-error-code": "LeaseIdMissing",
        "x-ms-request-id": "00000000-0000-0000-0000-000000000000",
        "x-ms-version": "2021-06-08"
      },
      "ResponseBody": {
        "error": {
          "code": "LeaseIdMissing",
          "message": "There is currently a lease on the resource and no lease ID was specified in the request.\nRequestId:3894e5a1-b01f-008e-78fa-334603000000\nTime:2023-12-21T10:43:41.8633253Z"
        }
      }
    },
    {
      "RequestUri": "https://fakestorage.dfs.core.windows.net/gofscreatefilewithlease/gotestfilecreatefilewithlease?resource=file",
      "RequestMethod": "PUT",
      "RequestHeaders": {
        "Accept": "application/json",
        "Accept-Encoding": "gzip",
        "Authorization": "Sanitized",
        "Content-Length": "0",
        "User-Agent": "azsdk-go-file.Client/v1.0.1 (go1.19.13; Windows_NT)",
        "X-Ms-Date": "Thu, 21 Dec 2023 10:43:56 GMT",
        "x-ms-lease-duration": "15",
        "x-ms-proposed-lease-id": "c820a799-76d7-4ee2-6e15-546f19325c2c",
        "x-ms-version": "2021-06-08"
      },
      "RequestBody": null,
      "StatusCode": 201,
      "ResponseHeaders": {
        "Content-Length": "0",
        "Date": "Thu, 21 Dec 2023 10:43:55 GMT",
        "ETag": "\u00220x8DC0211BBDB0F4C\u0022",
        "Last-Modified": "Thu, 21 Dec 2023 10:43:56 GMT",
        "Server": [
          "Windows-Azure-HDFS/1.0",
          "Microsoft-HTTPAPI/2.0"
        ],
        "x-ms-request-id": "00000000-0000-0000-0000-000000000000",
        "x-ms-request-server-encrypted": "true",
        "x-ms-version": "2021-06-08"
      },
      "ResponseBody": null
    },
    {
      "RequestUri": "https://fakestorage.blob.core.windows.net/gofscreatefilewithlease?restype=container",
      "RequestMethod": "DELETE",
      "RequestHeaders": {
        "Accept": "application/xml",
        "Accept-Encoding": "gzip",
        "Authorization": "Sanitized",
        "User-Agent": "azsdk-go-azblob/v1.0.0 (go1.19.13; Windows_NT)",
        "X-Ms-Date": "Thu, 21 Dec 2023 10:43:56 GMT",
        "x-ms-version": "2020-10-02"
      },
      "RequestBody": null,
      "StatusCode": 202,
      "ResponseHeaders": {
        "Content-Length": "0",
        "Date": "Thu, 21 Dec 2023 10:43:56 GMT",
        "Server": [
          "Windows-Azure-Blob/1.0",
          "Microsoft-HTTPAPI/2.0"
        ],
        "x-ms-request-id": "00000000-0000-0000-0000-000000000000",
        "x-ms-version": "2020-10-02"
      },
      "ResponseBody": null
    }
  ],
  "Variables": {}
}
