{
  "Entries": [
    {
      "RequestUri": "https://fakestorage.blob.core.windows.net/gofsfilesystemsetpermissionsifunmodifiedsincetrue?restype=container",
      "RequestMethod": "PUT",
      "RequestHeaders": {
        "Accept": "application/xml",
        "Accept-Encoding": "gzip",
        "Authorization": "Sanitized",
        "Content-Length": "0",
        "User-Agent": "azsdk-go-azblob/v1.0.0 (go1.19.13; Windows_NT)",
        "X-Ms-Date": "Wed, 20 Dec 2023 05:09:54 GMT",
        "x-ms-version": "2020-10-02"
      },
      "RequestBody": null,
      "StatusCode": 201,
      "ResponseHeaders": {
        "Content-Length": "0",
        "Date": "Wed, 20 Dec 2023 05:09:55 GMT",
        "ETag": "\u00220x8DC0119E823484A\u0022",
        "Last-Modified": "Wed, 20 Dec 2023 05:09:56 GMT",
        "Server": [
          "Windows-Azure-Blob/1.0",
          "Microsoft-HTTPAPI/2.0"
        ],
        "x-ms-request-id": "00000000-0000-0000-0000-000000000000",
        "x-ms-version": "2020-10-02"
      },
      "ResponseBody": null
    },
    {
      "RequestUri": "https://fakestorage.blob.core.windows.net/gofsfilesystemsetpermissionsifunmodifiedsincetrue?comp=acl\u0026restype=container",
      "RequestMethod": "PUT",
      "RequestHeaders": {
        "Accept": "application/xml",
        "Accept-Encoding": "gzip",
        "Authorization": "Sanitized",
        "Content-Length": "78",
        "Content-Type": "application/xml",
        "If-Unmodified-Since": "Wed, 20 Dec 2023 05:10:05 GMT",
        "User-Agent": "azsdk-go-azblob/v1.0.0 (go1.19.13; Windows_NT)",
        "X-Ms-Date": "Wed, 20 Dec 2023 05:09:54 GMT",
        "x-ms-version": "2020-10-02"
      },
      "RequestBody": [
        "\u003C?xml version=\u00221.0\u0022 encoding=\u0022UTF-8\u0022?\u003E\n",
        "\u003CSignedIdentifiers\u003E\u003C/SignedIdentifiers\u003E"
      ],
      "StatusCode": 200,
      "ResponseHeaders": {
        "Content-Length": "0",
        "Date": "Wed, 20 Dec 2023 05:09:55 GMT",
        "ETag": "\u00220x8DC0119E829A7CB\u0022",
        "Last-Modified": "Wed, 20 Dec 2023 05:09:56 GMT",
        "Server": [
          "Windows-Azure-Blob/1.0",
          "Microsoft-HTTPAPI/2.0"
        ],
        "x-ms-request-id": "00000000-0000-0000-0000-000000000000",
        "x-ms-version": "2020-10-02"
      },
      "ResponseBody": null
    },
    {
      "RequestUri": "https://fakestorage.blob.core.windows.net/gofsfilesystemsetpermissionsifunmodifiedsincetrue?comp=acl\u0026restype=container",
      "RequestMethod": "GET",
      "RequestHeaders": {
        "Accept": "application/xml",
        "Accept-Encoding": "gzip",
        "Authorization": "Sanitized",
        "User-Agent": "azsdk-go-azblob/v1.0.0 (go1.19.13; Windows_NT)",
        "X-Ms-Date": "Wed, 20 Dec 2023 05:09:54 GMT",
        "x-ms-version": "2020-10-02"
      },
      "RequestBody": null,
      "StatusCode": 200,
      "ResponseHeaders": {
        "Content-Type": "application/xml",
        "Date": "Wed, 20 Dec 2023 05:09:55 GMT",
        "ETag": "\u00220x8DC0119E829A7CB\u0022",
        "Last-Modified": "Wed, 20 Dec 2023 05:09:56 GMT",
        "Server": [
          "Windows-Azure-Blob/1.0",
          "Microsoft-HTTPAPI/2.0"
        ],
        "Transfer-Encoding": "chunked",
        "Vary": "Origin",
        "x-ms-request-id": "00000000-0000-0000-0000-000000000000",
        "x-ms-version": "2020-10-02"
      },
      "ResponseBody": "\uFEFF\u003C?xml version=\u00221.0\u0022 encoding=\u0022utf-8\u0022?\u003E\u003CSignedIdentifiers /\u003E"
    },
    {
      "RequestUri": "https://fakestorage.blob.core.windows.net/gofsfilesystemsetpermissionsifunmodifiedsincetrue?restype=container",
      "RequestMethod": "DELETE",
      "RequestHeaders": {
        "Accept": "application/xml",
        "Accept-Encoding": "gzip",
        "Authorization": "Sanitized",
        "User-Agent": "azsdk-go-azblob/v1.0.0 (go1.19.13; Windows_NT)",
        "X-Ms-Date": "Wed, 20 Dec 2023 05:09:54 GMT",
        "x-ms-version": "2020-10-02"
      },
      "RequestBody": null,
      "StatusCode": 202,
      "ResponseHeaders": {
        "Content-Length": "0",
        "Date": "Wed, 20 Dec 2023 05:09:55 GMT",
        "Server": [
          "Windows-Azure-Blob/1.0",
          "Microsoft-HTTPAPI/2.0"
        ],
        "x-ms-request-id": "00000000-0000-0000-0000-000000000000",
        "x-ms-version": "2020-10-02"
      },
      "ResponseBody": null
    }
  ],
  "Variables": {}
}
