{
  "Entries": [
    {
      "RequestUri": "https://myappconfig.azconfig.io/kv/listRevisions75626?api-version=2022-11-01-preview\u0026label=list-revisions-A1879",
      "RequestMethod": "PUT",
      "RequestHeaders": {
        "Accept": "application/vnd.microsoft.appconfig.kv\u002Bjson, application/problem\u002Bjson",
        "Accept-Encoding": "gzip, deflate, br",
        "Accept-Language": "en-US",
        "Authorization": "Sanitized",
        "Connection": "keep-alive",
        "Content-Length": "75",
        "Content-Type": "application/vnd.microsoft.appconfig.kv\u002Bjson",
        "If-None-Match": "*",
        "Origin": "http://localhost:9876",
        "Referer": "http://localhost:9876/",
        "sec-ch-ua": "",
        "sec-ch-ua-mobile": "?0",
        "sec-ch-ua-platform": "\u0022\u0022",
        "Sec-Fetch-Dest": "empty",
        "Sec-Fetch-Mode": "cors",
        "Sec-Fetch-Site": "same-site",
        "User-Agent": "Mozilla/5.0 (X11; Linux x86_64) AppleWebKit/537.36 (KHTML, like Gecko) HeadlessChrome/112.0.5614.0 Safari/537.36",
        "x-ms-client-request-id": "315749cd-1b8a-45d0-9765-dc8624fd8f60",
        "x-ms-content-sha256": "ImAOEwke/5OuDS62RRHDTl7CYh8Vz1YT/Jgb1JenKFk=",
        "x-ms-date": "Thu, 06 Jul 2023 21:45:47 GMT",
        "x-ms-useragent": "azsdk-js-app-configuration/1.4.1 core-rest-pipeline/1.11.0 OS"
      },
      "RequestBody": {
        "key": "listRevisions75626",
        "label": "list-revisions-A1879",
        "value": "fooA1"
      },
      "StatusCode": 200,
      "ResponseHeaders": {
        "Access-Control-Allow-Credentials": "true",
        "Access-Control-Allow-Headers": "DNT, X-CustomHeader, Keep-Alive, User-Agent, X-Requested-With, If-Modified-Since, Cache-Control, Content-Type, Authorization, x-ms-client-request-id, x-ms-useragent, x-ms-content-sha256, x-ms-date, host, Accept, Accept-Datetime, Date, If-Match, If-None-Match, Sync-Token, x-ms-return-client-request-id, ETag, Last-Modified, Link, Memento-Datetime, retry-after-ms, x-ms-request-id, x-ms-client-session-id, x-ms-effective-locale, WWW-Authenticate, traceparent, tracestate",
        "Access-Control-Allow-Methods": "GET, PUT, POST, DELETE, PATCH, OPTIONS",
        "Access-Control-Allow-Origin": "*",
        "Access-Control-Expose-Headers": "DNT, X-CustomHeader, Keep-Alive, User-Agent, X-Requested-With, If-Modified-Since, Cache-Control, Content-Type, Authorization, x-ms-client-request-id, x-ms-useragent, x-ms-content-sha256, x-ms-date, host, Accept, Accept-Datetime, Date, If-Match, If-None-Match, Sync-Token, x-ms-return-client-request-id, ETag, Last-Modified, Link, Memento-Datetime, retry-after-ms, x-ms-request-id, x-ms-client-session-id, x-ms-effective-locale, WWW-Authenticate, traceparent, tracestate",
        "Access-Control-Max-Age": "1728000",
        "Connection": "keep-alive",
        "Content-Type": "application/vnd.microsoft.appconfig.kv\u002Bjson; charset=utf-8",
        "Date": "Thu, 06 Jul 2023 21:45:47 GMT",
        "ETag": "\u0022jBnWKB_iatYgCEyInNCtyibQ2NXMvwS986ABsped7UE\u0022",
        "Last-Modified": "Thu, 06 Jul 2023 21:45:47 GMT",
        "Strict-Transport-Security": "max-age=15724800; includeSubDomains",
        "Sync-Token": "zAJw6V16=Nzo1IzE1Njg1NjE=;sn=1568561",
        "Transfer-Encoding": "chunked",
        "x-ms-correlation-request-id": "057988cb-69a3-43e5-9a97-b0ad11ca282d",
        "x-ms-request-id": "057988cb-69a3-43e5-9a97-b0ad11ca282d",
        "x-ms-resource-group": "rg-harshan",
        "x-ms-subscription-id": "faa080af-c1d8-40ad-9cce-e1a450ca5b57",
        "x-ms-tenant-name": "harshan-azconfig-resource-js"
      },
      "ResponseBody": {
        "etag": "jBnWKB_iatYgCEyInNCtyibQ2NXMvwS986ABsped7UE",
        "key": "listRevisions75626",
        "label": "list-revisions-A1879",
        "content_type": null,
        "value": "fooA1",
        "tags": {},
        "locked": false,
        "last_modified": "2023-07-06T21:45:47\u002B00:00"
      }
    },
    {
      "RequestUri": "https://myappconfig.azconfig.io/kv/listRevisions75626?api-version=2022-11-01-preview\u0026label=list-revisions-A1879",
      "RequestMethod": "PUT",
      "RequestHeaders": {
        "Accept": "application/vnd.microsoft.appconfig.kv\u002Bjson, application/problem\u002Bjson",
        "Accept-Encoding": "gzip, deflate, br",
        "Accept-Language": "en-US",
        "Authorization": "Sanitized",
        "Connection": "keep-alive",
        "Content-Length": "75",
        "Content-Type": "application/vnd.microsoft.appconfig.kv\u002Bjson",
        "Origin": "http://localhost:9876",
        "Referer": "http://localhost:9876/",
        "sec-ch-ua": "",
        "sec-ch-ua-mobile": "?0",
        "sec-ch-ua-platform": "\u0022\u0022",
        "Sec-Fetch-Dest": "empty",
        "Sec-Fetch-Mode": "cors",
        "Sec-Fetch-Site": "same-site",
        "sync-token": "zAJw6V16=Nzo1IzE1Njg1NjE=",
        "User-Agent": "Mozilla/5.0 (X11; Linux x86_64) AppleWebKit/537.36 (KHTML, like Gecko) HeadlessChrome/112.0.5614.0 Safari/537.36",
        "x-ms-client-request-id": "02173482-515a-4eb6-8b6c-17366ca78d2c",
        "x-ms-content-sha256": "QpMg6tGhN/Xzx\u002BV4TMQcrf7DqnGOZOmxX8Vspbxhn\u002BU=",
        "x-ms-date": "Thu, 06 Jul 2023 21:45:48 GMT",
        "x-ms-useragent": "azsdk-js-app-configuration/1.4.1 core-rest-pipeline/1.11.0 OS"
      },
      "RequestBody": {
        "key": "listRevisions75626",
        "label": "list-revisions-A1879",
        "value": "fooA2"
      },
      "StatusCode": 200,
      "ResponseHeaders": {
        "Access-Control-Allow-Credentials": "true",
        "Access-Control-Allow-Headers": "DNT, X-CustomHeader, Keep-Alive, User-Agent, X-Requested-With, If-Modified-Since, Cache-Control, Content-Type, Authorization, x-ms-client-request-id, x-ms-useragent, x-ms-content-sha256, x-ms-date, host, Accept, Accept-Datetime, Date, If-Match, If-None-Match, Sync-Token, x-ms-return-client-request-id, ETag, Last-Modified, Link, Memento-Datetime, retry-after-ms, x-ms-request-id, x-ms-client-session-id, x-ms-effective-locale, WWW-Authenticate, traceparent, tracestate",
        "Access-Control-Allow-Methods": "GET, PUT, POST, DELETE, PATCH, OPTIONS",
        "Access-Control-Allow-Origin": "*",
        "Access-Control-Expose-Headers": "DNT, X-CustomHeader, Keep-Alive, User-Agent, X-Requested-With, If-Modified-Since, Cache-Control, Content-Type, Authorization, x-ms-client-request-id, x-ms-useragent, x-ms-content-sha256, x-ms-date, host, Accept, Accept-Datetime, Date, If-Match, If-None-Match, Sync-Token, x-ms-return-client-request-id, ETag, Last-Modified, Link, Memento-Datetime, retry-after-ms, x-ms-request-id, x-ms-client-session-id, x-ms-effective-locale, WWW-Authenticate, traceparent, tracestate",
        "Access-Control-Max-Age": "1728000",
        "Connection": "keep-alive",
        "Content-Type": "application/vnd.microsoft.appconfig.kv\u002Bjson; charset=utf-8",
        "Date": "Thu, 06 Jul 2023 21:45:48 GMT",
        "ETag": "\u0022gThvKtp4p_VvJJw0boFKYy6pKGT3c_zTHwoWDVwj248\u0022",
        "Last-Modified": "Thu, 06 Jul 2023 21:45:48 GMT",
        "Strict-Transport-Security": "max-age=15724800; includeSubDomains",
        "Sync-Token": "zAJw6V16=Nzo1IzE1Njg1NjI=;sn=1568562",
        "Transfer-Encoding": "chunked",
        "x-ms-correlation-request-id": "0f4c4677-ca24-4327-ae4b-6e70b4958455",
        "x-ms-request-id": "0f4c4677-ca24-4327-ae4b-6e70b4958455",
        "x-ms-resource-group": "rg-harshan",
        "x-ms-subscription-id": "faa080af-c1d8-40ad-9cce-e1a450ca5b57",
        "x-ms-tenant-name": "harshan-azconfig-resource-js"
      },
      "ResponseBody": {
        "etag": "gThvKtp4p_VvJJw0boFKYy6pKGT3c_zTHwoWDVwj248",
        "key": "listRevisions75626",
        "label": "list-revisions-A1879",
        "content_type": null,
        "value": "fooA2",
        "tags": {},
        "locked": false,
        "last_modified": "2023-07-06T21:45:48\u002B00:00"
      }
    },
    {
      "RequestUri": "https://myappconfig.azconfig.io/kv/listRevisions75626?api-version=2022-11-01-preview\u0026label=list-revisions-B4517",
      "RequestMethod": "PUT",
      "RequestHeaders": {
        "Accept": "application/vnd.microsoft.appconfig.kv\u002Bjson, application/problem\u002Bjson",
        "Accept-Encoding": "gzip, deflate, br",
        "Accept-Language": "en-US",
        "Authorization": "Sanitized",
        "Connection": "keep-alive",
        "Content-Length": "75",
        "Content-Type": "application/vnd.microsoft.appconfig.kv\u002Bjson",
        "If-None-Match": "*",
        "Origin": "http://localhost:9876",
        "Referer": "http://localhost:9876/",
        "sec-ch-ua": "",
        "sec-ch-ua-mobile": "?0",
        "sec-ch-ua-platform": "\u0022\u0022",
        "Sec-Fetch-Dest": "empty",
        "Sec-Fetch-Mode": "cors",
        "Sec-Fetch-Site": "same-site",
        "sync-token": "zAJw6V16=Nzo1IzE1Njg1NjI=",
        "User-Agent": "Mozilla/5.0 (X11; Linux x86_64) AppleWebKit/537.36 (KHTML, like Gecko) HeadlessChrome/112.0.5614.0 Safari/537.36",
        "x-ms-client-request-id": "3aa5c721-ac5b-4ef0-8edb-ed41c8d200b9",
        "x-ms-content-sha256": "kCFBS4SNYRDow7y2pIsq8OODVN6IeBIvQSqWqwICncc=",
        "x-ms-date": "Thu, 06 Jul 2023 21:45:48 GMT",
        "x-ms-useragent": "azsdk-js-app-configuration/1.4.1 core-rest-pipeline/1.11.0 OS"
      },
      "RequestBody": {
        "key": "listRevisions75626",
        "label": "list-revisions-B4517",
        "value": "fooB1"
      },
      "StatusCode": 200,
      "ResponseHeaders": {
        "Access-Control-Allow-Credentials": "true",
        "Access-Control-Allow-Headers": "DNT, X-CustomHeader, Keep-Alive, User-Agent, X-Requested-With, If-Modified-Since, Cache-Control, Content-Type, Authorization, x-ms-client-request-id, x-ms-useragent, x-ms-content-sha256, x-ms-date, host, Accept, Accept-Datetime, Date, If-Match, If-None-Match, Sync-Token, x-ms-return-client-request-id, ETag, Last-Modified, Link, Memento-Datetime, retry-after-ms, x-ms-request-id, x-ms-client-session-id, x-ms-effective-locale, WWW-Authenticate, traceparent, tracestate",
        "Access-Control-Allow-Methods": "GET, PUT, POST, DELETE, PATCH, OPTIONS",
        "Access-Control-Allow-Origin": "*",
        "Access-Control-Expose-Headers": "DNT, X-CustomHeader, Keep-Alive, User-Agent, X-Requested-With, If-Modified-Since, Cache-Control, Content-Type, Authorization, x-ms-client-request-id, x-ms-useragent, x-ms-content-sha256, x-ms-date, host, Accept, Accept-Datetime, Date, If-Match, If-None-Match, Sync-Token, x-ms-return-client-request-id, ETag, Last-Modified, Link, Memento-Datetime, retry-after-ms, x-ms-request-id, x-ms-client-session-id, x-ms-effective-locale, WWW-Authenticate, traceparent, tracestate",
        "Access-Control-Max-Age": "1728000",
        "Connection": "keep-alive",
        "Content-Type": "application/vnd.microsoft.appconfig.kv\u002Bjson; charset=utf-8",
        "Date": "Thu, 06 Jul 2023 21:45:48 GMT",
        "ETag": "\u0022Sqea5iOcptujCenjrwV0NriQrARi6MdeDHi-tSlXiAQ\u0022",
        "Last-Modified": "Thu, 06 Jul 2023 21:45:48 GMT",
        "Strict-Transport-Security": "max-age=15724800; includeSubDomains",
        "Sync-Token": "zAJw6V16=Nzo1IzE1Njg1NjQ=;sn=1568564",
        "Transfer-Encoding": "chunked",
        "x-ms-correlation-request-id": "073c618f-4231-4590-9615-4cba34158865",
        "x-ms-request-id": "073c618f-4231-4590-9615-4cba34158865",
        "x-ms-resource-group": "rg-harshan",
        "x-ms-subscription-id": "faa080af-c1d8-40ad-9cce-e1a450ca5b57",
        "x-ms-tenant-name": "harshan-azconfig-resource-js"
      },
      "ResponseBody": {
        "etag": "Sqea5iOcptujCenjrwV0NriQrARi6MdeDHi-tSlXiAQ",
        "key": "listRevisions75626",
        "label": "list-revisions-B4517",
        "content_type": null,
        "value": "fooB1",
        "tags": {},
        "locked": false,
        "last_modified": "2023-07-06T21:45:48\u002B00:00"
      }
    },
    {
      "RequestUri": "https://myappconfig.azconfig.io/kv/listRevisions75626?api-version=2022-11-01-preview\u0026label=list-revisions-B4517",
      "RequestMethod": "PUT",
      "RequestHeaders": {
        "Accept": "application/vnd.microsoft.appconfig.kv\u002Bjson, application/problem\u002Bjson",
        "Accept-Encoding": "gzip, deflate, br",
        "Accept-Language": "en-US",
        "Authorization": "Sanitized",
        "Connection": "keep-alive",
        "Content-Length": "75",
        "Content-Type": "application/vnd.microsoft.appconfig.kv\u002Bjson",
        "Origin": "http://localhost:9876",
        "Referer": "http://localhost:9876/",
        "sec-ch-ua": "",
        "sec-ch-ua-mobile": "?0",
        "sec-ch-ua-platform": "\u0022\u0022",
        "Sec-Fetch-Dest": "empty",
        "Sec-Fetch-Mode": "cors",
        "Sec-Fetch-Site": "same-site",
        "sync-token": "zAJw6V16=Nzo1IzE1Njg1NjQ=",
        "User-Agent": "Mozilla/5.0 (X11; Linux x86_64) AppleWebKit/537.36 (KHTML, like Gecko) HeadlessChrome/112.0.5614.0 Safari/537.36",
        "x-ms-client-request-id": "60ec1f1d-33c4-4731-ad86-647578899e6d",
        "x-ms-content-sha256": "5KE3cSj3RMUwrxv59eRufxJEOQmRazRzr7PTC5Qsskc=",
        "x-ms-date": "Thu, 06 Jul 2023 21:45:48 GMT",
        "x-ms-useragent": "azsdk-js-app-configuration/1.4.1 core-rest-pipeline/1.11.0 OS"
      },
      "RequestBody": {
        "key": "listRevisions75626",
        "label": "list-revisions-B4517",
        "value": "fooB2"
      },
      "StatusCode": 200,
      "ResponseHeaders": {
        "Access-Control-Allow-Credentials": "true",
        "Access-Control-Allow-Headers": "DNT, X-CustomHeader, Keep-Alive, User-Agent, X-Requested-With, If-Modified-Since, Cache-Control, Content-Type, Authorization, x-ms-client-request-id, x-ms-useragent, x-ms-content-sha256, x-ms-date, host, Accept, Accept-Datetime, Date, If-Match, If-None-Match, Sync-Token, x-ms-return-client-request-id, ETag, Last-Modified, Link, Memento-Datetime, retry-after-ms, x-ms-request-id, x-ms-client-session-id, x-ms-effective-locale, WWW-Authenticate, traceparent, tracestate",
        "Access-Control-Allow-Methods": "GET, PUT, POST, DELETE, PATCH, OPTIONS",
        "Access-Control-Allow-Origin": "*",
        "Access-Control-Expose-Headers": "DNT, X-CustomHeader, Keep-Alive, User-Agent, X-Requested-With, If-Modified-Since, Cache-Control, Content-Type, Authorization, x-ms-client-request-id, x-ms-useragent, x-ms-content-sha256, x-ms-date, host, Accept, Accept-Datetime, Date, If-Match, If-None-Match, Sync-Token, x-ms-return-client-request-id, ETag, Last-Modified, Link, Memento-Datetime, retry-after-ms, x-ms-request-id, x-ms-client-session-id, x-ms-effective-locale, WWW-Authenticate, traceparent, tracestate",
        "Access-Control-Max-Age": "1728000",
        "Connection": "keep-alive",
        "Content-Type": "application/vnd.microsoft.appconfig.kv\u002Bjson; charset=utf-8",
        "Date": "Thu, 06 Jul 2023 21:45:48 GMT",
        "ETag": "\u00222Dw-oN3jAPnDjULBsygeem_dj7VBgM4T34x7Z7mxCr8\u0022",
        "Last-Modified": "Thu, 06 Jul 2023 21:45:48 GMT",
        "Strict-Transport-Security": "max-age=15724800; includeSubDomains",
        "Sync-Token": "zAJw6V16=Nzo1IzE1Njg1NjU=;sn=1568565",
        "Transfer-Encoding": "chunked",
        "x-ms-correlation-request-id": "07017791-c1ee-4ad6-b63a-93e14eb3fc68",
        "x-ms-request-id": "07017791-c1ee-4ad6-b63a-93e14eb3fc68",
        "x-ms-resource-group": "rg-harshan",
        "x-ms-subscription-id": "faa080af-c1d8-40ad-9cce-e1a450ca5b57",
        "x-ms-tenant-name": "harshan-azconfig-resource-js"
      },
      "ResponseBody": {
        "etag": "2Dw-oN3jAPnDjULBsygeem_dj7VBgM4T34x7Z7mxCr8",
        "key": "listRevisions75626",
        "label": "list-revisions-B4517",
        "content_type": null,
        "value": "fooB2",
        "tags": {},
        "locked": false,
        "last_modified": "2023-07-06T21:45:48\u002B00:00"
      }
    },
    {
      "RequestUri": "https://myappconfig.azconfig.io/revisions?api-version=2022-11-01-preview\u0026key=listRevisions75626",
      "RequestMethod": "GET",
      "RequestHeaders": {
        "Accept": "application/vnd.microsoft.appconfig.kvset\u002Bjson, application/problem\u002Bjson",
        "accept-datetime": "2023-07-06T21:45:47.000Z",
        "Accept-Encoding": "gzip, deflate, br",
        "Accept-Language": "en-US",
        "Authorization": "Sanitized",
        "Connection": "keep-alive",
        "Origin": "http://localhost:9876",
        "Referer": "http://localhost:9876/",
        "sec-ch-ua": "",
        "sec-ch-ua-mobile": "?0",
        "sec-ch-ua-platform": "\u0022\u0022",
        "Sec-Fetch-Dest": "empty",
        "Sec-Fetch-Mode": "cors",
        "Sec-Fetch-Site": "same-site",
        "sync-token": "zAJw6V16=Nzo1IzE1Njg1NjU=",
        "User-Agent": "Mozilla/5.0 (X11; Linux x86_64) AppleWebKit/537.36 (KHTML, like Gecko) HeadlessChrome/112.0.5614.0 Safari/537.36",
        "x-ms-client-request-id": "5c2e4429-b7b5-45a0-a7bc-3791002db889",
        "x-ms-content-sha256": "47DEQpj8HBSa\u002B/TImW\u002B5JCeuQeRkm5NMpJWZG3hSuFU=",
        "x-ms-date": "Thu, 06 Jul 2023 21:45:48 GMT",
        "x-ms-useragent": "azsdk-js-app-configuration/1.4.1 core-rest-pipeline/1.11.0 OS"
      },
      "RequestBody": null,
      "StatusCode": 200,
      "ResponseHeaders": {
        "Accept-Ranges": "items",
        "Access-Control-Allow-Credentials": "true",
        "Access-Control-Allow-Headers": "DNT, X-CustomHeader, Keep-Alive, User-Agent, X-Requested-With, If-Modified-Since, Cache-Control, Content-Type, Authorization, x-ms-client-request-id, x-ms-useragent, x-ms-content-sha256, x-ms-date, host, Accept, Accept-Datetime, Date, If-Match, If-None-Match, Sync-Token, x-ms-return-client-request-id, ETag, Last-Modified, Link, Memento-Datetime, retry-after-ms, x-ms-request-id, x-ms-client-session-id, x-ms-effective-locale, WWW-Authenticate, traceparent, tracestate",
        "Access-Control-Allow-Methods": "GET, PUT, POST, DELETE, PATCH, OPTIONS",
        "Access-Control-Allow-Origin": "*",
        "Access-Control-Expose-Headers": "DNT, X-CustomHeader, Keep-Alive, User-Agent, X-Requested-With, If-Modified-Since, Cache-Control, Content-Type, Authorization, x-ms-client-request-id, x-ms-useragent, x-ms-content-sha256, x-ms-date, host, Accept, Accept-Datetime, Date, If-Match, If-None-Match, Sync-Token, x-ms-return-client-request-id, ETag, Last-Modified, Link, Memento-Datetime, retry-after-ms, x-ms-request-id, x-ms-client-session-id, x-ms-effective-locale, WWW-Authenticate, traceparent, tracestate",
        "Access-Control-Max-Age": "1728000",
        "Connection": "keep-alive",
        "Content-Type": "application/vnd.microsoft.appconfig.kvset\u002Bjson; charset=utf-8",
        "Date": "Thu, 06 Jul 2023 21:45:48 GMT",
        "Link": "\u003C/revisions?api-version=2022-11-01-preview\u0026key=listRevisions75626\u003E; rel=\u0022original\u0022",
        "Memento-Datetime": "Thu, 06 Jul 2023 21:45:47 GMT",
        "Strict-Transport-Security": "max-age=15724800; includeSubDomains",
        "Sync-Token": "zAJw6V16=Nzo1IzE1Njg1NjY=;sn=1568566",
        "Transfer-Encoding": "chunked",
        "x-ms-correlation-request-id": "82a03485-1258-44f1-9f9b-62fb10503de7",
        "x-ms-request-id": "82a03485-1258-44f1-9f9b-62fb10503de7",
        "x-ms-resource-group": "rg-harshan",
        "x-ms-subscription-id": "faa080af-c1d8-40ad-9cce-e1a450ca5b57",
        "x-ms-tenant-name": "harshan-azconfig-resource-js"
      },
      "ResponseBody": {
        "items": [
          {
            "etag": "jBnWKB_iatYgCEyInNCtyibQ2NXMvwS986ABsped7UE",
            "key": "listRevisions75626",
            "label": "list-revisions-A1879",
            "content_type": null,
            "value": "fooA1",
            "tags": {},
            "locked": false,
            "last_modified": "2023-07-06T21:45:47\u002B00:00"
          }
        ]
      }
    },
    {
      "RequestUri": "https://myappconfig.azconfig.io/revisions?api-version=2022-11-01-preview\u0026key=listRevisions75626",
      "RequestMethod": "GET",
      "RequestHeaders": {
        "Accept": "application/vnd.microsoft.appconfig.kvset\u002Bjson, application/problem\u002Bjson",
        "accept-datetime": "2023-07-06T21:45:47.000Z",
        "Accept-Encoding": "gzip, deflate, br",
        "Accept-Language": "en-US",
        "Authorization": "Sanitized",
        "Connection": "keep-alive",
        "Origin": "http://localhost:9876",
        "Referer": "http://localhost:9876/",
        "sec-ch-ua": "",
        "sec-ch-ua-mobile": "?0",
        "sec-ch-ua-platform": "\u0022\u0022",
        "Sec-Fetch-Dest": "empty",
        "Sec-Fetch-Mode": "cors",
        "Sec-Fetch-Site": "same-site",
        "sync-token": "zAJw6V16=Nzo1IzE1Njg1NjY=",
        "User-Agent": "Mozilla/5.0 (X11; Linux x86_64) AppleWebKit/537.36 (KHTML, like Gecko) HeadlessChrome/112.0.5614.0 Safari/537.36",
        "x-ms-client-request-id": "a46ad475-bd5f-46ca-90b4-599c082c8572",
        "x-ms-content-sha256": "47DEQpj8HBSa\u002B/TImW\u002B5JCeuQeRkm5NMpJWZG3hSuFU=",
        "x-ms-date": "Thu, 06 Jul 2023 21:45:48 GMT",
        "x-ms-useragent": "azsdk-js-app-configuration/1.4.1 core-rest-pipeline/1.11.0 OS"
      },
      "RequestBody": null,
      "StatusCode": 200,
      "ResponseHeaders": {
        "Accept-Ranges": "items",
        "Access-Control-Allow-Credentials": "true",
        "Access-Control-Allow-Headers": "DNT, X-CustomHeader, Keep-Alive, User-Agent, X-Requested-With, If-Modified-Since, Cache-Control, Content-Type, Authorization, x-ms-client-request-id, x-ms-useragent, x-ms-content-sha256, x-ms-date, host, Accept, Accept-Datetime, Date, If-Match, If-None-Match, Sync-Token, x-ms-return-client-request-id, ETag, Last-Modified, Link, Memento-Datetime, retry-after-ms, x-ms-request-id, x-ms-client-session-id, x-ms-effective-locale, WWW-Authenticate, traceparent, tracestate",
        "Access-Control-Allow-Methods": "GET, PUT, POST, DELETE, PATCH, OPTIONS",
        "Access-Control-Allow-Origin": "*",
        "Access-Control-Expose-Headers": "DNT, X-CustomHeader, Keep-Alive, User-Agent, X-Requested-With, If-Modified-Since, Cache-Control, Content-Type, Authorization, x-ms-client-request-id, x-ms-useragent, x-ms-content-sha256, x-ms-date, host, Accept, Accept-Datetime, Date, If-Match, If-None-Match, Sync-Token, x-ms-return-client-request-id, ETag, Last-Modified, Link, Memento-Datetime, retry-after-ms, x-ms-request-id, x-ms-client-session-id, x-ms-effective-locale, WWW-Authenticate, traceparent, tracestate",
        "Access-Control-Max-Age": "1728000",
        "Connection": "keep-alive",
        "Content-Type": "application/vnd.microsoft.appconfig.kvset\u002Bjson; charset=utf-8",
        "Date": "Thu, 06 Jul 2023 21:45:48 GMT",
        "Link": "\u003C/revisions?api-version=2022-11-01-preview\u0026key=listRevisions75626\u003E; rel=\u0022original\u0022",
        "Memento-Datetime": "Thu, 06 Jul 2023 21:45:47 GMT",
        "Strict-Transport-Security": "max-age=15724800; includeSubDomains",
        "Sync-Token": "zAJw6V16=Nzo1IzE1Njg1NjY=;sn=1568566",
        "Transfer-Encoding": "chunked",
        "x-ms-correlation-request-id": "3735fa08-5e01-4b25-9102-e918d3d6d43d",
        "x-ms-request-id": "3735fa08-5e01-4b25-9102-e918d3d6d43d",
        "x-ms-resource-group": "rg-harshan",
        "x-ms-subscription-id": "faa080af-c1d8-40ad-9cce-e1a450ca5b57",
        "x-ms-tenant-name": "harshan-azconfig-resource-js"
      },
      "ResponseBody": {
        "items": [
          {
            "etag": "jBnWKB_iatYgCEyInNCtyibQ2NXMvwS986ABsped7UE",
            "key": "listRevisions75626",
            "label": "list-revisions-A1879",
            "content_type": null,
            "value": "fooA1",
            "tags": {},
            "locked": false,
            "last_modified": "2023-07-06T21:45:47\u002B00:00"
          }
        ]
      }
    }
  ],
  "Variables": {
    "list-revisions-A": "list-revisions-A1879",
    "list-revisions-B": "list-revisions-B4517",
    "listRevisions": "listRevisions75626"
  }
}
