{
  "Entries": [
    {
      "RequestUri": "https://subdomain.search.windows.net/synonymmaps?api-version=2024-05-01-Preview&$select=name",
      "RequestMethod": "GET",
      "RequestHeaders": {
        "Accept": "application/json;odata.metadata=minimal",
        "Accept-Encoding": "gzip,deflate",
        "Authorization": "Sanitized",
        "Connection": "keep-alive",
        "User-Agent": "azsdk-js-search-documents/12.1.0-beta.2 core-rest-pipeline/1.16.1 Node/18.19.1 OS/(x64-Linux-6.5.0-1019-azure)",
        "x-ms-client-request-id": "3fc794a5-0e11-48fa-b778-3d1edecc0858"
      },
      "RequestBody": null,
      "StatusCode": 200,
      "ResponseHeaders": {
        "Content-Encoding": "gzip",
        "Content-Type": "application/json; odata.metadata=minimal; odata.streaming=true; charset=utf-8",
        "Date": "Mon, 13 May 2024 10:43:26 GMT",
        "elapsed-time": "8",
        "OData-Version": "4.0",
        "Preference-Applied": "odata.include-annotations=\"*\"",
        "request-id": "3fc794a5-0e11-48fa-b778-3d1edecc0858",
        "Server": "Microsoft-IIS/10.0",
        "Strict-Transport-Security": [
          "max-age=2592000",
          "max-age=15724800; includeSubDomains"
        ],
        "Transfer-Encoding": "chunked",
        "Vary": "Accept-Encoding"
      },
      "ResponseBody": {
        "@odata.context": "https://subdomain.search.windows.net/$metadata#synonymmaps(name)",
        "value": []
      }
    },
    {
      "RequestUri": "https://subdomain.search.windows.net/synonymmaps?api-version=2024-05-01-Preview",
      "RequestMethod": "POST",
      "RequestHeaders": {
        "Accept": "application/json;odata.metadata=minimal",
        "Accept-Encoding": "gzip,deflate",
        "Authorization": "Sanitized",
        "Connection": "keep-alive",
        "Content-Length": "133",
        "Content-Type": "application/json",
        "User-Agent": "azsdk-js-search-documents/12.1.0-beta.2 core-rest-pipeline/1.16.1 Node/18.19.1 OS/(x64-Linux-6.5.0-1019-azure)",
        "x-ms-client-request-id": "dcb15db0-c5cd-4493-b4fd-118eb97d975f"
      },
      "RequestBody": {
        "name": "my-azure-synonymmap-1",
        "format": "solr",
        "synonyms": "United States, United States of America => USA\nWashington, Wash. => WA"
      },
      "StatusCode": 201,
      "ResponseHeaders": {
        "Content-Type": "application/json; odata.metadata=minimal; odata.streaming=true; charset=utf-8",
        "Date": "Mon, 13 May 2024 10:43:26 GMT",
        "elapsed-time": "23",
        "ETag": "\"0x8DC7339859A8596\"",
        "Location": "https://subdomain.search.windows.net/synonymmaps('my-azure-synonymmap-1')?api-version=2024-05-01-Preview",
        "OData-Version": "4.0",
        "Preference-Applied": "odata.include-annotations=\"*\"",
        "request-id": "dcb15db0-c5cd-4493-b4fd-118eb97d975f",
        "Server": "Microsoft-IIS/10.0",
        "Strict-Transport-Security": [
          "max-age=2592000",
          "max-age=15724800; includeSubDomains"
        ],
        "Transfer-Encoding": "chunked"
      },
      "ResponseBody": {
        "@odata.context": "https://subdomain.search.windows.net/$metadata#synonymmaps/$entity",
        "@odata.etag": "\"0x8DC7339859A8596\"",
        "name": "my-azure-synonymmap-1",
        "format": "solr",
        "synonyms": "United States, United States of America => USA\nWashington, Wash. => WA",
        "encryptionKey": null
      }
    },
    {
      "RequestUri": "https://subdomain.search.windows.net/synonymmaps?api-version=2024-05-01-Preview",
      "RequestMethod": "POST",
      "RequestHeaders": {
        "Accept": "application/json;odata.metadata=minimal",
        "Accept-Encoding": "gzip,deflate",
        "Authorization": "Sanitized",
        "Connection": "keep-alive",
        "Content-Length": "133",
        "Content-Type": "application/json",
        "User-Agent": "azsdk-js-search-documents/12.1.0-beta.2 core-rest-pipeline/1.16.1 Node/18.19.1 OS/(x64-Linux-6.5.0-1019-azure)",
        "x-ms-client-request-id": "a24de802-f38c-4f0f-ba71-ccb49d8f7250"
      },
      "RequestBody": {
        "name": "my-azure-synonymmap-2",
        "format": "solr",
        "synonyms": "United States, United States of America => USA\nWashington, Wash. => WA"
      },
      "StatusCode": 201,
      "ResponseHeaders": {
        "Content-Type": "application/json; odata.metadata=minimal; odata.streaming=true; charset=utf-8",
        "Date": "Mon, 13 May 2024 10:43:26 GMT",
        "elapsed-time": "21",
        "ETag": "\"0x8DC733985A8F44E\"",
        "Location": "https://subdomain.search.windows.net/synonymmaps('my-azure-synonymmap-2')?api-version=2024-05-01-Preview",
        "OData-Version": "4.0",
        "Preference-Applied": "odata.include-annotations=\"*\"",
        "request-id": "a24de802-f38c-4f0f-ba71-ccb49d8f7250",
        "Server": "Microsoft-IIS/10.0",
        "Strict-Transport-Security": [
          "max-age=2592000",
          "max-age=15724800; includeSubDomains"
        ],
        "Transfer-Encoding": "chunked"
      },
      "ResponseBody": {
        "@odata.context": "https://subdomain.search.windows.net/$metadata#synonymmaps/$entity",
        "@odata.etag": "\"0x8DC733985A8F44E\"",
        "name": "my-azure-synonymmap-2",
        "format": "solr",
        "synonyms": "United States, United States of America => USA\nWashington, Wash. => WA",
        "encryptionKey": null
      }
    },
    {
      "RequestUri": "https://subdomain.search.windows.net/indexes?api-version=2024-05-01-Preview",
      "RequestMethod": "POST",
      "RequestHeaders": {
        "Accept": "application/json;odata.metadata=minimal",
        "Accept-Encoding": "gzip,deflate",
        "Authorization": "Sanitized",
        "Connection": "keep-alive",
        "Content-Length": "707",
        "Content-Type": "application/json",
        "User-Agent": "azsdk-js-search-documents/12.1.0-beta.2 core-rest-pipeline/1.16.1 Node/18.19.1 OS/(x64-Linux-6.5.0-1019-azure)",
        "x-ms-client-request-id": "83a23b93-a4fa-4517-8266-ebb06aaa20c9"
      },
      "RequestBody": {
        "name": "hotel-live-test-1044605",
        "fields": [
          {
            "name": "id",
            "type": "Edm.String",
            "key": true,
            "searchable": false,
            "filterable": false,
            "sortable": false,
            "facetable": false
          },
          {
            "name": "awesomenessLevel",
            "type": "Edm.Double",
            "searchable": false,
            "filterable": true,
            "sortable": true,
            "facetable": true
          },
          {
            "name": "description",
            "type": "Edm.String",
            "searchable": true,
            "filterable": false,
            "sortable": false,
            "facetable": false
          },
          {
            "name": "details",
            "type": "Edm.ComplexType",
            "fields": [
              {
                "name": "tags",
                "type": "Collection(Edm.String)",
                "searchable": true,
                "filterable": false,
                "sortable": false,
                "facetable": false
              }
            ]
          },
          {
            "name": "hiddenWeight",
            "type": "Edm.Int32",
            "retrievable": false,
            "searchable": false,
            "filterable": false,
            "sortable": false,
            "facetable": false
          }
        ]
      },
      "StatusCode": 201,
      "ResponseHeaders": {
        "Content-Type": "application/json; odata.metadata=minimal; odata.streaming=true; charset=utf-8",
        "Date": "Mon, 13 May 2024 10:43:27 GMT",
        "elapsed-time": "661",
        "ETag": "\"0x8DC73398616CB44\"",
        "Location": "https://subdomain.search.windows.net/indexes('hotel-live-test-1044605')?api-version=2024-05-01-Preview",
        "OData-Version": "4.0",
        "Preference-Applied": "odata.include-annotations=\"*\"",
        "request-id": "83a23b93-a4fa-4517-8266-ebb06aaa20c9",
        "Server": "Microsoft-IIS/10.0",
        "Strict-Transport-Security": [
          "max-age=2592000",
          "max-age=15724800; includeSubDomains"
        ],
        "Transfer-Encoding": "chunked"
      },
      "ResponseBody": {
        "@odata.context": "https://subdomain.search.windows.net/$metadata#indexes/$entity",
        "@odata.etag": "\"0x8DC73398616CB44\"",
        "name": "hotel-live-test-1044605",
        "defaultScoringProfile": null,
        "fields": [
          {
            "name": "id",
            "type": "Edm.String",
            "searchable": false,
            "filterable": false,
            "retrievable": true,
            "stored": true,
            "sortable": false,
            "facetable": false,
            "key": true,
            "indexAnalyzer": null,
            "searchAnalyzer": null,
            "analyzer": null,
            "normalizer": null,
            "dimensions": null,
            "vectorSearchProfile": null,
            "vectorEncoding": null,
            "synonymMaps": []
          },
          {
            "name": "awesomenessLevel",
            "type": "Edm.Double",
            "searchable": false,
            "filterable": true,
            "retrievable": true,
            "stored": true,
            "sortable": true,
            "facetable": true,
            "key": false,
            "indexAnalyzer": null,
            "searchAnalyzer": null,
            "analyzer": null,
            "normalizer": null,
            "dimensions": null,
            "vectorSearchProfile": null,
            "vectorEncoding": null,
            "synonymMaps": []
          },
          {
            "name": "description",
            "type": "Edm.String",
            "searchable": true,
            "filterable": false,
            "retrievable": true,
            "stored": true,
            "sortable": false,
            "facetable": false,
            "key": false,
            "indexAnalyzer": null,
            "searchAnalyzer": null,
            "analyzer": null,
            "normalizer": null,
            "dimensions": null,
            "vectorSearchProfile": null,
            "vectorEncoding": null,
            "synonymMaps": []
          },
          {
            "name": "details",
            "type": "Edm.ComplexType",
            "fields": [
              {
                "name": "tags",
                "type": "Collection(Edm.String)",
                "searchable": true,
                "filterable": false,
                "retrievable": true,
                "stored": true,
                "sortable": false,
                "facetable": false,
                "key": false,
                "indexAnalyzer": null,
                "searchAnalyzer": null,
                "analyzer": null,
                "normalizer": null,
                "dimensions": null,
                "vectorSearchProfile": null,
                "vectorEncoding": null,
                "synonymMaps": []
              }
            ]
          },
          {
            "name": "hiddenWeight",
            "type": "Edm.Int32",
            "searchable": false,
            "filterable": false,
            "retrievable": false,
            "stored": true,
            "sortable": false,
            "facetable": false,
            "key": false,
            "indexAnalyzer": null,
            "searchAnalyzer": null,
            "analyzer": null,
            "normalizer": null,
            "dimensions": null,
            "vectorSearchProfile": null,
            "vectorEncoding": null,
            "synonymMaps": []
          }
        ],
        "scoringProfiles": [],
        "corsOptions": null,
        "suggesters": [],
        "analyzers": [],
        "normalizers": [],
        "tokenizers": [],
        "tokenFilters": [],
        "charFilters": [],
        "encryptionKey": null,
        "similarity": {
          "@odata.type": "#Microsoft.Azure.Search.BM25Similarity",
          "k1": null,
          "b": null
        },
        "semantic": null,
        "vectorSearch": null
      }
    },
    {
      "RequestUri": "https://subdomain.search.windows.net/indexes('hotel-live-test4')?api-version=2024-05-01-Preview",
      "RequestMethod": "PUT",
      "RequestHeaders": {
        "Accept": "application/json;odata.metadata=minimal",
        "Accept-Encoding": "gzip,deflate",
        "Authorization": "Sanitized",
        "Connection": "keep-alive",
        "Content-Length": "802",
        "Content-Type": "application/json",
        "Prefer": "return=representation",
        "User-Agent": "azsdk-js-search-documents/12.1.0-beta.2 core-rest-pipeline/1.16.1 Node/18.19.1 OS/(x64-Linux-6.5.0-1019-azure)",
        "x-ms-client-request-id": "889e85a0-3733-4429-a7a7-858021968759"
      },
      "RequestBody": {
        "name": "hotel-live-test4",
        "fields": [
          {
            "name": "id",
            "type": "Edm.String",
            "key": true,
            "searchable": false,
            "filterable": false,
            "sortable": false,
            "facetable": false
          },
          {
            "name": "descriptionVector",
            "type": "Collection(Edm.Single)",
            "searchable": true,
            "filterable": false,
            "sortable": false,
            "facetable": false,
            "dimensions": 1536,
            "vectorSearchProfile": "profile"
          }
        ],
        "vectorSearch": {
          "profiles": [
            {
              "name": "profile",
              "algorithm": "algorithm-configuration",
              "vectorizer": "vectorizer"
            }
          ],
          "algorithms": [
            {
              "name": "algorithm-configuration",
              "kind": "hnsw",
              "hnswParameters": {
                "m": 10,
                "efConstruction": 1000,
                "efSearch": 1000,
                "metric": "dotProduct"
              }
            }
          ],
          "vectorizers": [
            {
              "name": "vectorizer",
              "kind": "azureOpenAI",
              "azureOpenAIParameters": {
                "resourceUri": "https://subdomain.openai.azure.com/",
                "deploymentId": "deployment-name",
                "modelName": "text-embedding-ada-002"
              }
            }
          ]
        }
      },
      "StatusCode": 201,
      "ResponseHeaders": {
        "Content-Type": "application/json; odata.metadata=minimal; odata.streaming=true; charset=utf-8",
        "Date": "Mon, 13 May 2024 10:43:32 GMT",
        "elapsed-time": "664",
        "ETag": "\"0x8DC733988E955AF\"",
        "Location": "https://subdomain.search.windows.net/indexes('hotel-live-test4')?api-version=2024-05-01-Preview",
        "OData-Version": "4.0",
        "Preference-Applied": "odata.include-annotations=\"*\"",
        "request-id": "889e85a0-3733-4429-a7a7-858021968759",
        "Server": "Microsoft-IIS/10.0",
        "Strict-Transport-Security": [
          "max-age=2592000",
          "max-age=15724800; includeSubDomains"
        ],
        "Transfer-Encoding": "chunked"
      },
      "ResponseBody": {
        "@odata.context": "https://subdomain.search.windows.net/$metadata#indexes/$entity",
        "@odata.etag": "\"0x8DC733988E955AF\"",
        "name": "hotel-live-test4",
        "defaultScoringProfile": null,
        "fields": [
          {
            "name": "id",
            "type": "Edm.String",
            "searchable": false,
            "filterable": false,
            "retrievable": true,
            "stored": true,
            "sortable": false,
            "facetable": false,
            "key": true,
            "indexAnalyzer": null,
            "searchAnalyzer": null,
            "analyzer": null,
            "normalizer": null,
            "dimensions": null,
            "vectorSearchProfile": null,
            "vectorEncoding": null,
            "synonymMaps": []
          },
          {
            "name": "descriptionVector",
            "type": "Collection(Edm.Single)",
            "searchable": true,
            "filterable": false,
            "retrievable": false,
            "stored": true,
            "sortable": false,
            "facetable": false,
            "key": false,
            "indexAnalyzer": null,
            "searchAnalyzer": null,
            "analyzer": null,
            "normalizer": null,
            "dimensions": 1536,
            "vectorSearchProfile": "profile",
            "vectorEncoding": null,
            "synonymMaps": []
          }
        ],
        "scoringProfiles": [],
        "corsOptions": null,
        "suggesters": [],
        "analyzers": [],
        "normalizers": [],
        "tokenizers": [],
        "tokenFilters": [],
        "charFilters": [],
        "encryptionKey": null,
        "similarity": {
          "@odata.type": "#Microsoft.Azure.Search.BM25Similarity",
          "k1": null,
          "b": null
        },
        "semantic": null,
        "vectorSearch": {
          "algorithms": [
            {
              "name": "algorithm-configuration",
              "kind": "hnsw",
              "hnswParameters": {
                "metric": "dotProduct",
                "m": 10,
                "efConstruction": 1000,
                "efSearch": 1000
              },
              "exhaustiveKnnParameters": null
            }
          ],
          "profiles": [
            {
              "name": "profile",
              "algorithm": "algorithm-configuration",
              "vectorizer": "vectorizer",
              "compression": null
            }
          ],
          "vectorizers": [
            {
              "name": "vectorizer",
              "kind": "azureOpenAI",
              "azureOpenAIParameters": {
                "resourceUri": "https://subdomain.openai.azure.com",
                "deploymentId": "deployment-name",
                "apiKey": null,
                "modelName": "text-embedding-ada-002",
                "authIdentity": null
              },
              "customWebApiParameters": null,
              "aiServicesVisionParameters": null,
              "amlParameters": null
            }
          ],
          "compressions": []
        }
      }
    },
    {
      "RequestUri": "https://subdomain.search.windows.net/indexes('hotel-live-test4')?api-version=2024-05-01-Preview",
      "RequestMethod": "GET",
      "RequestHeaders": {
        "Accept": "application/json;odata.metadata=minimal",
        "Accept-Encoding": "gzip,deflate",
        "Authorization": "Sanitized",
        "Connection": "keep-alive",
        "User-Agent": "azsdk-js-search-documents/12.1.0-beta.2 core-rest-pipeline/1.16.1 Node/18.19.1 OS/(x64-Linux-6.5.0-1019-azure)",
        "x-ms-client-request-id": "b42065ff-67b4-444b-951f-1b7e7750e59f"
      },
      "RequestBody": null,
      "StatusCode": 200,
      "ResponseHeaders": {
        "Content-Encoding": "gzip",
        "Content-Type": "application/json; odata.metadata=minimal; odata.streaming=true; charset=utf-8",
        "Date": "Mon, 13 May 2024 10:43:32 GMT",
        "elapsed-time": "14",
        "ETag": "\"0x8DC733988E955AF\"",
        "OData-Version": "4.0",
        "Preference-Applied": "odata.include-annotations=\"*\"",
        "request-id": "b42065ff-67b4-444b-951f-1b7e7750e59f",
        "Server": "Microsoft-IIS/10.0",
        "Strict-Transport-Security": [
          "max-age=2592000",
          "max-age=15724800; includeSubDomains"
        ],
        "Transfer-Encoding": "chunked",
        "Vary": "Accept-Encoding"
      },
      "ResponseBody": {
        "@odata.context": "https://subdomain.search.windows.net/$metadata#indexes/$entity",
        "@odata.etag": "\"0x8DC733988E955AF\"",
        "name": "hotel-live-test4",
        "defaultScoringProfile": null,
        "fields": [
          {
            "name": "id",
            "type": "Edm.String",
            "searchable": false,
            "filterable": false,
            "retrievable": true,
            "stored": true,
            "sortable": false,
            "facetable": false,
            "key": true,
            "indexAnalyzer": null,
            "searchAnalyzer": null,
            "analyzer": null,
            "normalizer": null,
            "dimensions": null,
            "vectorSearchProfile": null,
            "vectorEncoding": null,
            "synonymMaps": []
          },
          {
            "name": "descriptionVector",
            "type": "Collection(Edm.Single)",
            "searchable": true,
            "filterable": false,
            "retrievable": false,
            "stored": true,
            "sortable": false,
            "facetable": false,
            "key": false,
            "indexAnalyzer": null,
            "searchAnalyzer": null,
            "analyzer": null,
            "normalizer": null,
            "dimensions": 1536,
            "vectorSearchProfile": "profile",
            "vectorEncoding": null,
            "synonymMaps": []
          }
        ],
        "scoringProfiles": [],
        "corsOptions": null,
        "suggesters": [],
        "analyzers": [],
        "normalizers": [],
        "tokenizers": [],
        "tokenFilters": [],
        "charFilters": [],
        "encryptionKey": null,
        "similarity": {
          "@odata.type": "#Microsoft.Azure.Search.BM25Similarity",
          "k1": null,
          "b": null
        },
        "semantic": null,
        "vectorSearch": {
          "algorithms": [
            {
              "name": "algorithm-configuration",
              "kind": "hnsw",
              "hnswParameters": {
                "metric": "dotProduct",
                "m": 10,
                "efConstruction": 1000,
                "efSearch": 1000
              },
              "exhaustiveKnnParameters": null
            }
          ],
          "profiles": [
            {
              "name": "profile",
              "algorithm": "algorithm-configuration",
              "vectorizer": "vectorizer",
              "compression": null
            }
          ],
          "vectorizers": [
            {
              "name": "vectorizer",
              "kind": "azureOpenAI",
              "azureOpenAIParameters": {
                "resourceUri": "https://subdomain.openai.azure.com",
                "deploymentId": "deployment-name",
                "apiKey": "REDACTED",
                "modelName": "text-embedding-ada-002",
                "authIdentity": null
              },
              "customWebApiParameters": null,
              "aiServicesVisionParameters": null,
              "amlParameters": null
            }
          ],
          "compressions": []
        }
      }
    },
    {
      "RequestUri": "https://subdomain.search.windows.net/indexes('hotel-live-test4')?api-version=2024-05-01-Preview",
      "RequestMethod": "DELETE",
      "RequestHeaders": {
        "Accept": "application/json;odata.metadata=minimal",
        "Accept-Encoding": "gzip,deflate",
        "Authorization": "Sanitized",
        "Connection": "keep-alive",
        "User-Agent": "azsdk-js-search-documents/12.1.0-beta.2 core-rest-pipeline/1.16.1 Node/18.19.1 OS/(x64-Linux-6.5.0-1019-azure)",
        "x-ms-client-request-id": "dae17c99-9381-45a2-b922-eca0cfc264c1"
      },
      "RequestBody": null,
      "StatusCode": 204,
      "ResponseHeaders": {
        "Date": "Mon, 13 May 2024 10:43:32 GMT",
        "elapsed-time": "157",
        "Preference-Applied": "odata.include-annotations=\"*\"",
        "request-id": "dae17c99-9381-45a2-b922-eca0cfc264c1",
        "Server": "Microsoft-IIS/10.0",
        "Strict-Transport-Security": [
          "max-age=2592000",
          "max-age=15724800; includeSubDomains"
        ]
      },
      "ResponseBody": null
    },
    {
      "RequestUri": "https://subdomain.search.windows.net/indexes('hotel-live-test-1044605')?api-version=2024-05-01-Preview",
      "RequestMethod": "DELETE",
      "RequestHeaders": {
        "Accept": "application/json;odata.metadata=minimal",
        "Accept-Encoding": "gzip,deflate",
        "Authorization": "Sanitized",
        "Connection": "keep-alive",
        "User-Agent": "azsdk-js-search-documents/12.1.0-beta.2 core-rest-pipeline/1.16.1 Node/18.19.1 OS/(x64-Linux-6.5.0-1019-azure)",
        "x-ms-client-request-id": "1a1e9758-65bf-42e2-8090-8a7064104b81"
      },
      "RequestBody": null,
      "StatusCode": 204,
      "ResponseHeaders": {
        "Date": "Mon, 13 May 2024 10:43:32 GMT",
        "elapsed-time": "307",
        "Preference-Applied": "odata.include-annotations=\"*\"",
        "request-id": "1a1e9758-65bf-42e2-8090-8a7064104b81",
        "Server": "Microsoft-IIS/10.0",
        "Strict-Transport-Security": [
          "max-age=2592000",
          "max-age=15724800; includeSubDomains"
        ]
      },
      "ResponseBody": null
    },
    {
      "RequestUri": "https://subdomain.search.windows.net/synonymmaps('my-azure-synonymmap-1')?api-version=2024-05-01-Preview",
      "RequestMethod": "DELETE",
      "RequestHeaders": {
        "Accept": "application/json;odata.metadata=minimal",
        "Accept-Encoding": "gzip,deflate",
        "Authorization": "Sanitized",
        "Connection": "keep-alive",
        "User-Agent": "azsdk-js-search-documents/12.1.0-beta.2 core-rest-pipeline/1.16.1 Node/18.19.1 OS/(x64-Linux-6.5.0-1019-azure)",
        "x-ms-client-request-id": "b7a40e47-864f-44a5-9a92-02d7d213e0e4"
      },
      "RequestBody": null,
      "StatusCode": 204,
      "ResponseHeaders": {
        "Date": "Mon, 13 May 2024 10:43:37 GMT",
        "elapsed-time": "12",
        "Preference-Applied": "odata.include-annotations=\"*\"",
        "request-id": "b7a40e47-864f-44a5-9a92-02d7d213e0e4",
        "Server": "Microsoft-IIS/10.0",
        "Strict-Transport-Security": [
          "max-age=2592000",
          "max-age=15724800; includeSubDomains"
        ]
      },
      "ResponseBody": null
    },
    {
      "RequestUri": "https://subdomain.search.windows.net/synonymmaps('my-azure-synonymmap-2')?api-version=2024-05-01-Preview",
      "RequestMethod": "DELETE",
      "RequestHeaders": {
        "Accept": "application/json;odata.metadata=minimal",
        "Accept-Encoding": "gzip,deflate",
        "Authorization": "Sanitized",
        "Connection": "keep-alive",
        "User-Agent": "azsdk-js-search-documents/12.1.0-beta.2 core-rest-pipeline/1.16.1 Node/18.19.1 OS/(x64-Linux-6.5.0-1019-azure)",
        "x-ms-client-request-id": "600cdb18-8e6f-4ddd-9332-a2bba3095a57"
      },
      "RequestBody": null,
      "StatusCode": 204,
      "ResponseHeaders": {
        "Date": "Mon, 13 May 2024 10:43:37 GMT",
        "elapsed-time": "11",
        "Preference-Applied": "odata.include-annotations=\"*\"",
        "request-id": "600cdb18-8e6f-4ddd-9332-a2bba3095a57",
        "Server": "Microsoft-IIS/10.0",
        "Strict-Transport-Security": [
          "max-age=2592000",
          "max-age=15724800; includeSubDomains"
        ]
      },
      "ResponseBody": null
    }
  ],
  "Variables": {
    "TEST_INDEX_NAME": "hotel-live-test-1044605"
  }
}
