{
  "Entries": [
    {
      "RequestUri": "https://REDACTED.table.core.windows.net/Tables?se=2023-12-08T17:22:29Z\u0026sig=REDACTED\u0026sp=rwdxylacupitf\u0026spr=https\u0026srt=sco\u0026ss=bqft\u0026sv=2023-08-03",
      "RequestMethod": "POST",
      "RequestHeaders": {
        "Accept": "application/json;odata=fullmetadata",
        "Content-Length": "32",
        "Content-Type": "application/json",
        "User-Agent": "azsdk-cpp-storage-tables/2019-02-02 (Windows 10 Enterprise 6.3 22631 22621.1.amd64fre.ni_release.220506-1250)",
        "x-ms-client-request-id": "d591446f-9d9c-4b13-80bb-baeb59190f89",
        "x-ms-date": "Fri, 08 Dec 2023 16:22:29 GMT",
        "x-ms-version": "2019-02-02"
      },
      "RequestBody": {
        "TableName": "entitydelete0sas"
      },
      "StatusCode": 201,
      "ResponseHeaders": {
        "Cache-Control": "no-cache",
        "Content-Type": "application/json; odata=fullmetadata; streaming=true; charset=utf-8",
        "Date": "Fri, 08 Dec 2023 16:22:12 GMT",
        "Location": "https://REDACTED.table.core.windows.net/Tables(\u0027entitydelete0sas\u0027)",
        "Server": [
          "Windows-Azure-Table/1.0",
          "Microsoft-HTTPAPI/2.0"
        ],
        "Transfer-Encoding": "chunked",
        "X-Content-Type-Options": "nosniff",
        "x-ms-client-request-id": "d591446f-9d9c-4b13-80bb-baeb59190f89",
        "x-ms-request-id": "2732ff3d-b002-0026-7ef2-2905b2000000",
        "x-ms-version": "2019-02-02"
      },
      "ResponseBody": {
        "odata.metadata": "https://REDACTED.table.core.windows.net/$metadata#Tables/@Element",
        "odata.type": "gearamastoreusprim.Tables",
        "odata.id": "https://REDACTED.table.core.windows.net/Tables(\u0027entitydelete0sas\u0027)",
        "odata.editLink": "Tables(\u0027entitydelete0sas\u0027)",
        "TableName": "entitydelete0sas"
      }
    },
    {
      "RequestUri": "https://REDACTED.table.core.windows.net/entitydelete0sas?se=2023-12-08T17:22:29Z\u0026sig=REDACTED\u0026sp=rwdxylacupitf\u0026spr=https\u0026srt=sco\u0026ss=bqft\u0026sv=2023-08-03",
      "RequestMethod": "POST",
      "RequestHeaders": {
        "Accept": "application/json;odata=nometadata",
        "Content-Length": "69",
        "Content-Type": "application/json",
        "prefer": "return-no-content",
        "User-Agent": "azsdk-cpp-storage-tables/2019-02-02 (Windows 10 Enterprise 6.3 22631 22621.1.amd64fre.ni_release.220506-1250)",
        "x-ms-client-request-id": "4ce20ebd-82db-45cf-8078-e360e7bb5d59",
        "x-ms-date": "Fri, 08 Dec 2023 16:22:29 GMT",
        "x-ms-version": "2019-02-02"
      },
      "RequestBody": {
        "Name": "Azure",
        "PartitionKey": "P1",
        "Product": "Tables",
        "RowKey": "R1"
      },
      "StatusCode": 204,
      "ResponseHeaders": {
        "Cache-Control": "no-cache",
        "Content-Length": "0",
        "DataServiceId": "https://REDACTED.table.core.windows.net/entitydelete0sas(PartitionKey=\u0027P1\u0027,RowKey=\u0027R1\u0027)",
        "Date": "Fri, 08 Dec 2023 16:22:12 GMT",
        "ETag": "W/\u0022datetime\u00272023-12-08T16%3A22%3A13.2922127Z\u0027\u0022",
        "Location": "https://REDACTED.table.core.windows.net/entitydelete0sas(PartitionKey=\u0027P1\u0027,RowKey=\u0027R1\u0027)",
        "Preference-Applied": "return-no-content",
        "Server": [
          "Windows-Azure-Table/1.0",
          "Microsoft-HTTPAPI/2.0"
        ],
        "X-Content-Type-Options": "nosniff",
        "x-ms-client-request-id": "4ce20ebd-82db-45cf-8078-e360e7bb5d59",
        "x-ms-request-id": "2732ff4b-b002-0026-0bf2-2905b2000000",
        "x-ms-version": "2019-02-02"
      },
      "ResponseBody": null
    },
    {
      "RequestUri": "https://REDACTED.table.core.windows.net/entitydelete0sas(PartitionKey=\u0027P1\u0027,RowKey=\u0027R1\u0027)?se=2023-12-08T17:22:29Z\u0026sig=REDACTED\u0026sp=rwdxylacupitf\u0026spr=https\u0026srt=sco\u0026ss=bqft\u0026sv=2023-08-03",
      "RequestMethod": "DELETE",
      "RequestHeaders": {
        "Accept": "application/json;odata=nometadata",
        "If-Match": "*",
        "User-Agent": "azsdk-cpp-storage-tables/2019-02-02 (Windows 10 Enterprise 6.3 22631 22621.1.amd64fre.ni_release.220506-1250)",
        "x-ms-client-request-id": "43da8703-822b-4fbf-b237-e841c01f1bcc",
        "x-ms-date": "Fri, 08 Dec 2023 16:22:29 GMT",
        "x-ms-version": "2019-02-02"
      },
      "RequestBody": null,
      "StatusCode": 204,
      "ResponseHeaders": {
        "Cache-Control": "no-cache",
        "Content-Length": "0",
        "Date": "Fri, 08 Dec 2023 16:22:12 GMT",
        "Server": [
          "Windows-Azure-Table/1.0",
          "Microsoft-HTTPAPI/2.0"
        ],
        "X-Content-Type-Options": "nosniff",
        "x-ms-client-request-id": "43da8703-822b-4fbf-b237-e841c01f1bcc",
        "x-ms-request-id": "2732ff64-b002-0026-24f2-2905b2000000",
        "x-ms-version": "2019-02-02"
      },
      "ResponseBody": null
    },
    {
      "RequestUri": "https://REDACTED.table.core.windows.net/entitydelete0sas?se=2023-12-08T17:22:29Z\u0026sig=REDACTED\u0026sp=rwdxylacupitf\u0026spr=https\u0026srt=sco\u0026ss=bqft\u0026sv=2023-08-03",
      "RequestMethod": "POST",
      "RequestHeaders": {
        "Accept": "application/json;odata=nometadata",
        "Content-Length": "90",
        "Content-Type": "application/json",
        "prefer": "return-no-content",
        "User-Agent": "azsdk-cpp-storage-tables/2019-02-02 (Windows 10 Enterprise 6.3 22631 22621.1.amd64fre.ni_release.220506-1250)",
        "x-ms-client-request-id": "f203e14d-6637-44dc-8c1c-4caea0a080ea",
        "x-ms-date": "Fri, 08 Dec 2023 16:22:29 GMT",
        "x-ms-version": "2019-02-02"
      },
      "RequestBody": {
        "Name": "Azure",
        "PartitionKey": "P1",
        "Product": "Tables",
        "Product2": "Tables2",
        "RowKey": "R1"
      },
      "StatusCode": 204,
      "ResponseHeaders": {
        "Cache-Control": "no-cache",
        "Content-Length": "0",
        "DataServiceId": "https://REDACTED.table.core.windows.net/entitydelete0sas(PartitionKey=\u0027P1\u0027,RowKey=\u0027R1\u0027)",
        "Date": "Fri, 08 Dec 2023 16:22:12 GMT",
        "ETag": "W/\u0022datetime\u00272023-12-08T16%3A22%3A13.3957574Z\u0027\u0022",
        "Location": "https://REDACTED.table.core.windows.net/entitydelete0sas(PartitionKey=\u0027P1\u0027,RowKey=\u0027R1\u0027)",
        "Preference-Applied": "return-no-content",
        "Server": [
          "Windows-Azure-Table/1.0",
          "Microsoft-HTTPAPI/2.0"
        ],
        "X-Content-Type-Options": "nosniff",
        "x-ms-client-request-id": "f203e14d-6637-44dc-8c1c-4caea0a080ea",
        "x-ms-request-id": "2732ff7a-b002-0026-3af2-2905b2000000",
        "x-ms-version": "2019-02-02"
      },
      "ResponseBody": null
    },
    {
      "RequestUri": "https://REDACTED.table.core.windows.net/entitydelete0sas(PartitionKey=\u0027P1\u0027,RowKey=\u0027R1\u0027)?se=2023-12-08T17:22:29Z\u0026sig=REDACTED\u0026sp=rwdxylacupitf\u0026spr=https\u0026srt=sco\u0026ss=bqft\u0026sv=2023-08-03",
      "RequestMethod": "DELETE",
      "RequestHeaders": {
        "Accept": "application/json;odata=nometadata",
        "If-Match": "W/\u0022datetime\u00272023-12-08T16%3A22%3A13.3957574Z\u0027\u0022",
        "User-Agent": "azsdk-cpp-storage-tables/2019-02-02 (Windows 10 Enterprise 6.3 22631 22621.1.amd64fre.ni_release.220506-1250)",
        "x-ms-client-request-id": "49571d92-f49c-4553-8784-ead579f831cc",
        "x-ms-date": "Fri, 08 Dec 2023 16:22:29 GMT",
        "x-ms-version": "2019-02-02"
      },
      "RequestBody": null,
      "StatusCode": 204,
      "ResponseHeaders": {
        "Cache-Control": "no-cache",
        "Content-Length": "0",
        "Date": "Fri, 08 Dec 2023 16:22:12 GMT",
        "Server": [
          "Windows-Azure-Table/1.0",
          "Microsoft-HTTPAPI/2.0"
        ],
        "X-Content-Type-Options": "nosniff",
        "x-ms-client-request-id": "49571d92-f49c-4553-8784-ead579f831cc",
        "x-ms-request-id": "2732ff87-b002-0026-47f2-2905b2000000",
        "x-ms-version": "2019-02-02"
      },
      "ResponseBody": null
    },
    {
      "RequestUri": "https://REDACTED.table.core.windows.net/Tables(\u0027entitydelete0sas\u0027)?se=2023-12-08T17:22:29Z\u0026sig=REDACTED\u0026sp=rwdxylacupitf\u0026spr=https\u0026srt=sco\u0026ss=bqft\u0026sv=2023-08-03",
      "RequestMethod": "DELETE",
      "RequestHeaders": {
        "Accept": "application/json;odata=fullmetadata",
        "Content-Type": "application/json",
        "User-Agent": "azsdk-cpp-storage-tables/2019-02-02 (Windows 10 Enterprise 6.3 22631 22621.1.amd64fre.ni_release.220506-1250)",
        "x-ms-client-request-id": "05419a3e-9c31-4485-85c5-f56ce327ddcb",
        "x-ms-date": "Fri, 08 Dec 2023 16:22:29 GMT",
        "x-ms-version": "2019-02-02"
      },
      "RequestBody": null,
      "StatusCode": 204,
      "ResponseHeaders": {
        "Cache-Control": "no-cache",
        "Content-Length": "0",
        "Date": "Fri, 08 Dec 2023 16:22:12 GMT",
        "Server": [
          "Windows-Azure-Table/1.0",
          "Microsoft-HTTPAPI/2.0"
        ],
        "X-Content-Type-Options": "nosniff",
        "x-ms-client-request-id": "05419a3e-9c31-4485-85c5-f56ce327ddcb",
        "x-ms-request-id": "2732ff99-b002-0026-58f2-2905b2000000",
        "x-ms-version": "2019-02-02"
      },
      "ResponseBody": null
    }
  ],
  "Variables": {}
}
