{
  "Entries": [
    {
      "RequestUri": "https://azure_managedhsm.managedhsm.azure.net/keys/CRUDKeyName-encryptsremotelyanddecryptslocally-?api-version=7.4",
      "RequestMethod": "PUT",
      "RequestHeaders": {
        "Accept": "application/json",
        "Accept-Encoding": "gzip,deflate",
        "Connection": "keep-alive",
        "Content-Length": "0",
        "Content-Type": "application/json",
        "User-Agent": "azsdk-js-keyvault-keys/4.7.0-beta.2 azsdk-js-keyvault-keys/4.7.0 core-rest-pipeline/1.10.1 Node/v16.19.0 OS/(x64-Linux-5.10.102.1-microsoft-standard-WSL2)",
        "x-ms-client-request-id": "704cfe5f-bdaf-49d6-9cd7-22dc5efe730d"
      },
      "RequestBody": null,
      "StatusCode": 401,
      "ResponseHeaders": {
        "Cache-Control": "no-cache",
        "Content-Length": "0",
        "Content-Security-Policy": "default-src \u0027self\u0027",
        "Content-Type": "application/json; charset=utf-8",
        "Strict-Transport-Security": "max-age=31536000; includeSubDomains",
        "WWW-Authenticate": "Bearer authorization=\u0022https://login.microsoftonline.com/12345678-1234-1234-1234-123456789012\u0022, resource=\u0022https://managedhsm.azure.net\u0022",
        "X-Content-Type-Options": "nosniff",
        "X-Frame-Options": "SAMEORIGIN",
        "x-ms-request-id": "8b2b8a66-ba0e-11ed-bce6-000d3a883666",
        "x-ms-server-latency": "1"
      },
      "ResponseBody": null
    },
    {
      "RequestUri": "https://azure_managedhsm.managedhsm.azure.net/keys/CRUDKeyName-encryptsremotelyanddecryptslocally-?api-version=7.4",
      "RequestMethod": "PUT",
      "RequestHeaders": {
        "Accept": "application/json",
        "Accept-Encoding": "gzip,deflate",
        "Authorization": "Sanitized",
        "Connection": "keep-alive",
        "Content-Length": "130",
        "Content-Type": "application/json",
        "User-Agent": "azsdk-js-keyvault-keys/4.7.0-beta.2 azsdk-js-keyvault-keys/4.7.0 core-rest-pipeline/1.10.1 Node/v16.19.0 OS/(x64-Linux-5.10.102.1-microsoft-standard-WSL2)",
        "x-ms-client-request-id": "704cfe5f-bdaf-49d6-9cd7-22dc5efe730d"
      },
      "RequestBody": {
        "key": {
          "kty": "oct",
          "key_ops": [
            "encrypt",
            "decrypt",
            "wrapKey",
            "unwrapKey"
          ],
          "k": "AAECAwQFBgcICQoLDA0ODxAREhMUFRYX"
        },
        "attributes": {}
      },
      "StatusCode": 200,
      "ResponseHeaders": {
        "Cache-Control": "no-cache",
        "Content-Length": "380",
        "Content-Security-Policy": "default-src \u0027self\u0027",
        "Content-Type": "application/json; charset=utf-8",
        "Strict-Transport-Security": "max-age=31536000; includeSubDomains",
        "X-Content-Type-Options": "nosniff",
        "X-Frame-Options": "SAMEORIGIN",
        "x-ms-keyvault-network-info": "conn_type=Ipv4;addr=167.220.81.222;act_addr_fam=Ipv4;",
        "x-ms-keyvault-region": "australiacentral",
        "x-ms-request-id": "8ba43272-ba0e-11ed-bce6-000d3a883666",
        "x-ms-server-latency": "286"
      },
      "ResponseBody": {
        "attributes": {
          "created": 1677880715,
          "enabled": true,
          "exportable": false,
          "recoverableDays": 7,
          "recoveryLevel": "CustomizedRecoverable\u002BPurgeable",
          "updated": 1677880715
        },
        "key": {
          "key_ops": [
            "encrypt",
            "decrypt",
            "unwrapKey",
            "wrapKey"
          ],
          "kid": "https://azure_managedhsm.managedhsm.azure.net/keys/CRUDKeyName-encryptsremotelyanddecryptslocally-/6e30d1f633bc41a6b0fb42b832e98615",
          "kty": "oct-HSM"
        }
      }
    },
    {
      "RequestUri": "https://azure_managedhsm.managedhsm.azure.net/keys/CRUDKeyName-encryptsremotelyanddecryptslocally-/6e30d1f633bc41a6b0fb42b832e98615/encrypt?api-version=7.4",
      "RequestMethod": "POST",
      "RequestHeaders": {
        "Accept": "application/json",
        "Accept-Encoding": "gzip,deflate",
        "Connection": "keep-alive",
        "Content-Length": "0",
        "Content-Type": "application/json",
        "User-Agent": "azsdk-js-keyvault-keys/4.7.0-beta.2 azsdk-js-keyvault-keys/4.7.0 core-rest-pipeline/1.10.1 Node/v16.19.0 OS/(x64-Linux-5.10.102.1-microsoft-standard-WSL2)",
        "x-ms-client-request-id": "55174fba-4ad7-4d51-9cff-569e6b332041"
      },
      "RequestBody": null,
      "StatusCode": 401,
      "ResponseHeaders": {
        "Cache-Control": "no-cache",
        "Content-Length": "0",
        "Content-Security-Policy": "default-src \u0027self\u0027",
        "Content-Type": "application/json; charset=utf-8",
        "Strict-Transport-Security": "max-age=31536000; includeSubDomains",
        "WWW-Authenticate": "Bearer authorization=\u0022https://login.microsoftonline.com/12345678-1234-1234-1234-123456789012\u0022, resource=\u0022https://managedhsm.azure.net\u0022",
        "X-Content-Type-Options": "nosniff",
        "X-Frame-Options": "SAMEORIGIN",
        "x-ms-request-id": "8bebd960-ba0e-11ed-bce6-000d3a883666",
        "x-ms-server-latency": "0"
      },
      "ResponseBody": null
    },
    {
      "RequestUri": "https://azure_managedhsm.managedhsm.azure.net/keys/CRUDKeyName-encryptsremotelyanddecryptslocally-/6e30d1f633bc41a6b0fb42b832e98615/encrypt?api-version=7.4",
      "RequestMethod": "POST",
      "RequestHeaders": {
        "Accept": "application/json",
        "Accept-Encoding": "gzip,deflate",
        "Authorization": "Sanitized",
        "Connection": "keep-alive",
        "Content-Length": "112",
        "Content-Type": "application/json",
        "User-Agent": "azsdk-js-keyvault-keys/4.7.0-beta.2 azsdk-js-keyvault-keys/4.7.0 core-rest-pipeline/1.10.1 Node/v16.19.0 OS/(x64-Linux-5.10.102.1-microsoft-standard-WSL2)",
        "x-ms-client-request-id": "55174fba-4ad7-4d51-9cff-569e6b332041"
      },
      "RequestBody": {
        "alg": "A192CBCPAD",
        "value": "ZW5jcnlwdHMgcmVtb3RlbHkgYW5kIGRlY3J5cHRzIGxvY2FsbHk",
        "iv": "AAECAwQFBgcICQoLDA0ODw"
      },
      "StatusCode": 200,
      "ResponseHeaders": {
        "Cache-Control": "no-cache",
        "Content-Length": "265",
        "Content-Security-Policy": "default-src \u0027self\u0027",
        "Content-Type": "application/json; charset=utf-8",
        "Strict-Transport-Security": "max-age=31536000; includeSubDomains",
        "X-Content-Type-Options": "nosniff",
        "X-Frame-Options": "SAMEORIGIN",
        "x-ms-keyvault-network-info": "conn_type=Ipv4;addr=167.220.81.222;act_addr_fam=Ipv4;",
        "x-ms-keyvault-region": "australiacentral",
        "x-ms-request-id": "8c0804f0-ba0e-11ed-bce6-000d3a883666",
        "x-ms-server-latency": "28"
      },
      "ResponseBody": {
        "alg": "A192CBCPAD",
        "iv": "AAECAwQFBgcICQoLDA0ODw",
        "kid": "https://azure_managedhsm.managedhsm.azure.net/keys/CRUDKeyName-encryptsremotelyanddecryptslocally-/6e30d1f633bc41a6b0fb42b832e98615",
        "value": "HmQBtu8fpcaieYS1GxqKhzVdTfTd6WDIhbmRlTc94EYdIOxIJhZiGzk4Ebo80TBy"
      }
    },
    {
      "RequestUri": "https://azure_managedhsm.managedhsm.azure.net/keys/CRUDKeyName-encryptsremotelyanddecryptslocally-?api-version=7.4",
      "RequestMethod": "DELETE",
      "RequestHeaders": {
        "Accept": "application/json",
        "Accept-Encoding": "gzip,deflate",
        "Authorization": "Sanitized",
        "Connection": "keep-alive",
        "User-Agent": "azsdk-js-keyvault-keys/4.7.0-beta.2 azsdk-js-keyvault-keys/4.7.0 core-rest-pipeline/1.10.1 Node/v16.19.0 OS/(x64-Linux-5.10.102.1-microsoft-standard-WSL2)",
        "x-ms-client-request-id": "8873b7e2-0f77-4e54-93e9-f542163109b5"
      },
      "RequestBody": null,
      "StatusCode": 200,
      "ResponseHeaders": {
        "Cache-Control": "no-cache",
        "Content-Length": "558",
        "Content-Security-Policy": "default-src \u0027self\u0027",
        "Content-Type": "application/json; charset=utf-8",
        "Strict-Transport-Security": "max-age=31536000; includeSubDomains",
        "X-Content-Type-Options": "nosniff",
        "X-Frame-Options": "SAMEORIGIN",
        "x-ms-keyvault-network-info": "conn_type=Ipv4;addr=167.220.81.222;act_addr_fam=Ipv4;",
        "x-ms-keyvault-region": "australiacentral",
        "x-ms-request-id": "8c27d118-ba0e-11ed-bce6-000d3a883666",
        "x-ms-server-latency": "162"
      },
      "ResponseBody": {
        "attributes": {
          "created": 1677880715,
          "enabled": true,
          "exportable": false,
          "recoverableDays": 7,
          "recoveryLevel": "CustomizedRecoverable\u002BPurgeable",
          "updated": 1677880715
        },
        "deletedDate": 1677880716,
        "key": {
          "key_ops": [
            "encrypt",
            "decrypt",
            "wrapKey",
            "unwrapKey"
          ],
          "kid": "https://azure_managedhsm.managedhsm.azure.net/keys/CRUDKeyName-encryptsremotelyanddecryptslocally-/6e30d1f633bc41a6b0fb42b832e98615",
          "kty": "oct-HSM"
        },
        "recoveryId": "https://azure_managedhsm.managedhsm.azure.net/deletedkeys/CRUDKeyName-encryptsremotelyanddecryptslocally-",
        "scheduledPurgeDate": 1678485516
      }
    },
    {
      "RequestUri": "https://azure_managedhsm.managedhsm.azure.net/deletedkeys/CRUDKeyName-encryptsremotelyanddecryptslocally-?api-version=7.4",
      "RequestMethod": "GET",
      "RequestHeaders": {
        "Accept": "application/json",
        "Accept-Encoding": "gzip,deflate",
        "Authorization": "Sanitized",
        "Connection": "keep-alive",
        "User-Agent": "azsdk-js-keyvault-keys/4.7.0-beta.2 azsdk-js-keyvault-keys/4.7.0 core-rest-pipeline/1.10.1 Node/v16.19.0 OS/(x64-Linux-5.10.102.1-microsoft-standard-WSL2)",
        "x-ms-client-request-id": "9cfb3e70-7357-49d8-8161-11801f620a92"
      },
      "RequestBody": null,
      "StatusCode": 200,
      "ResponseHeaders": {
        "Cache-Control": "no-cache",
        "Content-Length": "558",
        "Content-Security-Policy": "default-src \u0027self\u0027",
        "Content-Type": "application/json; charset=utf-8",
        "Strict-Transport-Security": "max-age=31536000; includeSubDomains",
        "X-Content-Type-Options": "nosniff",
        "X-Frame-Options": "SAMEORIGIN",
        "x-ms-build-version": "1.0.20230208-1-3e0fbecc-develop",
        "x-ms-keyvault-network-info": "conn_type=Ipv4;addr=167.220.81.222;act_addr_fam=Ipv4;",
        "x-ms-keyvault-region": "australiacentral",
        "x-ms-request-id": "8c5c954c-ba0e-11ed-bce6-000d3a883666",
        "x-ms-server-latency": "26"
      },
      "ResponseBody": {
        "attributes": {
          "created": 1677880715,
          "enabled": true,
          "exportable": false,
          "recoverableDays": 7,
          "recoveryLevel": "CustomizedRecoverable\u002BPurgeable",
          "updated": 1677880715
        },
        "deletedDate": 1677880716,
        "key": {
          "key_ops": [
            "wrapKey",
            "unwrapKey",
            "decrypt",
            "encrypt"
          ],
          "kid": "https://azure_managedhsm.managedhsm.azure.net/keys/CRUDKeyName-encryptsremotelyanddecryptslocally-/6e30d1f633bc41a6b0fb42b832e98615",
          "kty": "oct-HSM"
        },
        "recoveryId": "https://azure_managedhsm.managedhsm.azure.net/deletedkeys/CRUDKeyName-encryptsremotelyanddecryptslocally-",
        "scheduledPurgeDate": 1678485516
      }
    },
    {
      "RequestUri": "https://azure_managedhsm.managedhsm.azure.net/deletedkeys/CRUDKeyName-encryptsremotelyanddecryptslocally-?api-version=7.4",
      "RequestMethod": "DELETE",
      "RequestHeaders": {
        "Accept": "application/json",
        "Accept-Encoding": "gzip,deflate",
        "Authorization": "Sanitized",
        "Connection": "keep-alive",
        "User-Agent": "azsdk-js-keyvault-keys/4.7.0-beta.2 azsdk-js-keyvault-keys/4.7.0 core-rest-pipeline/1.10.1 Node/v16.19.0 OS/(x64-Linux-5.10.102.1-microsoft-standard-WSL2)",
        "x-ms-client-request-id": "7034b14b-a062-40ae-b14a-92769c5079e6"
      },
      "RequestBody": null,
      "StatusCode": 204,
      "ResponseHeaders": {
        "Cache-Control": "no-cache",
        "Content-Length": "0",
        "Content-Security-Policy": "default-src \u0027self\u0027",
        "Content-Type": "application/json; charset=utf-8",
        "Strict-Transport-Security": "max-age=31536000; includeSubDomains",
        "X-Content-Type-Options": "nosniff",
        "X-Frame-Options": "SAMEORIGIN",
        "x-ms-keyvault-network-info": "conn_type=Ipv4;addr=167.220.81.222;act_addr_fam=Ipv4;",
        "x-ms-keyvault-region": "australiacentral",
        "x-ms-request-id": "8c7bcb2e-ba0e-11ed-bce6-000d3a883666",
        "x-ms-server-latency": "95"
      },
      "ResponseBody": null
    }
  ],
  "Variables": {}
}
