{
  "Entries": [
    {
      "RequestUri": "https://fake_app_config.azconfig-test.io/kv/PYTHON_UNIT_test_key_a6af8952-54a6-11e9-b600-2816a84d0309?api-version=2023-11-01&label=test_label1_1d7b2b28-549e-11e9-b51c-2816a84d0309",
      "RequestMethod": "PUT",
      "RequestHeaders": {
        "Accept": "*/*",
        "Accept-Encoding": "gzip, deflate",
        "Connection": "keep-alive",
        "Content-Length": "167",
        "Content-Type": "application/json",
        "If-None-Match": "*",
        "User-Agent": "azsdk-python-appconfiguration/1.7.1 Python/3.12.5 (Windows-11-10.0.22631-SP0)",
        "x-ms-content-sha256": "Sanitized",
        "x-ms-date": "Aug, 22 2024 05:05:22.539170 GMT"
      },
      "RequestBody": {
        "label": "test_label1_1d7b2b28-549e-11e9-b51c-2816a84d0309",
        "value": "test value",
        "content_type": "test content type",
        "tags": {
          "tag1": "value1",
          "tag2": "value2"
        }
      },
      "StatusCode": 200,
      "ResponseHeaders": {
        "Access-Control-Allow-Origin": "*",
        "Connection": "keep-alive",
        "Content-Type": "application/vnd.microsoft.appconfig.kv+json; charset=utf-8",
        "Date": "Thu, 22 Aug 2024 05:05:23 GMT",
        "ETag": "\"-FUpepU-gI2oX0FjQr9VlSoix211mPcU_tHLcc8w4ds\"",
        "Last-Modified": "Thu, 22 Aug 2024 05:05:23 GMT",
        "Strict-Transport-Security": "max-age=31536000; includeSubDomains",
        "Sync-Token": "zAJw6V16=NTo1IzU2NDMyMTA3;sn=56432107",
        "Transfer-Encoding": "chunked",
        "x-ms-correlation-request-id": "753c8312-0446-4dc4-ba6f-50a164063315"
      },
      "ResponseBody": {
        "etag": "-FUpepU-gI2oX0FjQr9VlSoix211mPcU_tHLcc8w4ds",
        "key": "PYTHON_UNIT_test_key_a6af8952-54a6-11e9-b600-2816a84d0309",
        "label": "test_label1_1d7b2b28-549e-11e9-b51c-2816a84d0309",
        "content_type": "test content type",
        "value": "test value",
        "tags": {
          "tag1": "value1",
          "tag2": "value2"
        },
        "locked": false,
        "last_modified": "2024-08-22T05:05:23+00:00"
      }
    },
    {
      "RequestUri": "https://fake_app_config.azconfig-test.io/kv/PYTHON_UNIT_test_key_a6af8952-54a6-11e9-b600-2816a84d0309?api-version=2023-11-01",
      "RequestMethod": "PUT",
      "RequestHeaders": {
        "Accept": "*/*",
        "Accept-Encoding": "gzip, deflate",
        "Connection": "keep-alive",
        "Content-Length": "106",
        "Content-Type": "application/json",
        "If-None-Match": "*",
        "Sync-Token": "zAJw6V16=NTo1IzU2NDMyMTA3",
        "User-Agent": "azsdk-python-appconfiguration/1.7.1 Python/3.12.5 (Windows-11-10.0.22631-SP0)",
        "x-ms-content-sha256": "Sanitized",
        "x-ms-date": "Aug, 22 2024 05:05:23.117446 GMT"
      },
      "RequestBody": {
        "value": "test value",
        "content_type": "test content type",
        "tags": {
          "tag3": "value3",
          "tag4": "value4"
        }
      },
      "StatusCode": 200,
      "ResponseHeaders": {
        "Access-Control-Allow-Origin": "*",
        "Connection": "keep-alive",
        "Content-Type": "application/vnd.microsoft.appconfig.kv+json; charset=utf-8",
        "Date": "Thu, 22 Aug 2024 05:05:23 GMT",
        "ETag": "\"GSprNfGmpU4D6wY79P2f3nFUOQbIVlwKSS_GnJEzgq8\"",
        "Last-Modified": "Thu, 22 Aug 2024 05:05:23 GMT",
        "Strict-Transport-Security": "max-age=31536000; includeSubDomains",
        "Sync-Token": "zAJw6V16=NTo1IzU2NDMyMTA5;sn=56432109",
        "Transfer-Encoding": "chunked",
        "x-ms-correlation-request-id": "890de885-38fd-41c0-954f-657b17fe411f"
      },
      "ResponseBody": {
        "etag": "GSprNfGmpU4D6wY79P2f3nFUOQbIVlwKSS_GnJEzgq8",
        "key": "PYTHON_UNIT_test_key_a6af8952-54a6-11e9-b600-2816a84d0309",
        "label": null,
        "content_type": "test content type",
        "value": "test value",
        "tags": {
          "tag3": "value3",
          "tag4": "value4"
        },
        "locked": false,
        "last_modified": "2024-08-22T05:05:23+00:00"
      }
    },
    {
      "RequestUri": "https://fake_app_config.azconfig-test.io/revisions?api-version=2023-11-01&tags=tag1%3Dvalue1",
      "RequestMethod": "GET",
      "RequestHeaders": {
        "Accept": "*/*",
        "Accept-Encoding": "gzip, deflate",
        "Connection": "keep-alive",
        "Sync-Token": "zAJw6V16=NTo1IzU2NDMyMTA5",
        "User-Agent": "azsdk-python-appconfiguration/1.7.1 Python/3.12.5 (Windows-11-10.0.22631-SP0)",
        "x-ms-content-sha256": "Sanitized",
        "x-ms-date": "Aug, 22 2024 05:05:23.164570 GMT"
      },
      "RequestBody": null,
      "StatusCode": 200,
      "ResponseHeaders": {
        "Accept-Ranges": "items",
        "Access-Control-Allow-Origin": "*",
        "Connection": "keep-alive",
        "Content-Type": "application/vnd.microsoft.appconfig.kvset+json; charset=utf-8",
        "Date": "Thu, 22 Aug 2024 05:05:23 GMT",
        "ETag": "\"WqCBBhXaIGP4gcY_PRIRJawvJOl7ZZ7AOOI7e9Sk1K4\"",
        "Strict-Transport-Security": "max-age=31536000; includeSubDomains",
        "Sync-Token": "zAJw6V16=NTo1IzU2NDMyMTEw;sn=56432110",
        "Transfer-Encoding": "chunked",
        "x-ms-correlation-request-id": "895be547-6d9c-457a-b676-356404f3decb"
      },
      "ResponseBody": {
        "etag": "WqCBBhXaIGP4gcY_PRIRJawvJOl7ZZ7AOOI7e9Sk1K4",
        "items": [
          {
            "etag": "-FUpepU-gI2oX0FjQr9VlSoix211mPcU_tHLcc8w4ds",
            "key": "PYTHON_UNIT_test_key_a6af8952-54a6-11e9-b600-2816a84d0309",
            "label": "test_label1_1d7b2b28-549e-11e9-b51c-2816a84d0309",
            "content_type": "test content type",
            "value": "test value",
            "tags": {
              "tag1": "value1",
              "tag2": "value2"
            },
            "locked": false,
            "last_modified": "2024-08-22T05:05:23+00:00"
          },
          {
            "etag": "GzPwTyQHjjyYhGtruf6mvZ3MZgzxnojfmHkXThTAIVA",
            "key": "PYTHON_UNIT_test_key_a6af8952-54a6-11e9-b600-2816a84d0309",
            "label": "test_label1_1d7b2b28-549e-11e9-b51c-2816a84d0309",
            "content_type": "test content type",
            "value": "test value",
            "tags": {
              "tag1": "value1",
              "tag2": "value2"
            },
            "locked": false,
            "last_modified": "2024-08-22T05:04:39+00:00"
          },
          {
            "etag": "iXzfZ-xNA8XuvaTi07iO6QotdhhHAqhlhmZF_KrsF9c",
            "key": "PYTHON_UNIT_test_key_a6af8952-54a6-11e9-b600-2816a84d0309",
            "label": "test_label1_1d7b2b28-549e-11e9-b51c-2816a84d0309",
            "content_type": "test content type",
            "value": "test value",
            "tags": {
              "tag1": "value1",
              "tag2": "value2"
            },
            "locked": false,
            "last_modified": "2024-08-22T05:04:36+00:00"
          },
          {
            "etag": "NJ3JwXW8eNlbEfQzx8kUKjBGoXf5WgffxbQqClkf1DA",
            "key": "PYTHON_UNIT_test_key_a6af8952-54a6-11e9-b600-2816a84d0309",
            "label": "test_label1_1d7b2b28-549e-11e9-b51c-2816a84d0309",
            "content_type": "test content type",
            "value": "test value",
            "tags": {
              "tag1": "value1",
              "tag2": "value2"
            },
            "locked": false,
            "last_modified": "2024-08-22T04:13:53+00:00"
          },
          {
            "etag": "4jgkUBRYoNt-z_6xw0a6UMOH7_I-gaj_QfzKjcxCpPY",
            "key": "PYTHON_UNIT_test_key_a6af8952-54a6-11e9-b600-2816a84d0309",
            "label": "test_label1_1d7b2b28-549e-11e9-b51c-2816a84d0309",
            "content_type": "test content type",
            "value": "test value",
            "tags": {
              "tag1": "value1",
              "tag2": "value2"
            },
            "locked": false,
            "last_modified": "2024-08-22T04:11:23+00:00"
          },
          {
            "etag": "Q_lUxTfmOGVgvec4WI_b4-9GNNEIl7ubfbGV0Pz387E",
            "key": "PYTHON_UNIT_test_key_a6af8952-54a6-11e9-b600-2816a84d0309",
            "label": "test_label1_1d7b2b28-549e-11e9-b51c-2816a84d0309",
            "content_type": "test content type",
            "value": "test value",
            "tags": {
              "tag1": "value1",
              "tag2": "value2"
            },
            "locked": false,
            "last_modified": "2024-08-22T03:32:40+00:00"
          },
          {
            "etag": "zd7uRU8HG-dZStn69kY7jMgID3YhPyEXkzQZcJbKhiI",
            "key": "PYTHON_UNIT_test_key_a6af8952-54a6-11e9-b600-2816a84d0309",
            "label": "test_label1_1d7b2b28-549e-11e9-b51c-2816a84d0309",
            "content_type": "test content type",
            "value": "test value",
            "tags": {
              "tag1": "value1",
              "tag2": "value2"
            },
            "locked": false,
            "last_modified": "2024-08-22T02:07:05+00:00"
          },
          {
            "etag": "-zr0IJmWJ--HB4GdY_yCmUYf5xTxPfrBFbf9mSTsDaU",
            "key": "PYTHON_UNIT_test_key_a6af8952-54a6-11e9-b600-2816a84d0309",
            "label": "test_label1_1d7b2b28-549e-11e9-b51c-2816a84d0309",
            "content_type": "test content type",
            "value": "test value",
            "tags": {
              "tag1": "value1",
              "tag2": "value2"
            },
            "locked": false,
            "last_modified": "2024-08-22T01:56:16+00:00"
          },
          {
            "etag": "f3ar3eI0HySytMvWo-a0YRhqqaH039rygNiMxPYelsg",
            "key": "PYTHON_UNIT_test_key_a6af8952-54a6-11e9-b600-2816a84d0309",
            "label": "test_label1_1d7b2b28-549e-11e9-b51c-2816a84d0309",
            "content_type": "test content type",
            "value": "test value",
            "tags": {
              "tag1": "value1",
              "tag2": "value2"
            },
            "locked": false,
            "last_modified": "2024-08-22T01:24:21+00:00"
          },
          {
            "etag": "fx6scGoYSZyd_Li_-lemRIIhAWxxPvMuEARFbQNpeCA",
            "key": "PYTHON_UNIT_test_key_a6af8952-54a6-11e9-b600-2816a84d0309",
            "label": "test_label1_1d7b2b28-549e-11e9-b51c-2816a84d0309",
            "content_type": "test content type",
            "value": "test value",
            "tags": {
              "tag1": "value1",
              "tag2": "value2"
            },
            "locked": true,
            "last_modified": "2024-08-22T01:24:21+00:00"
          },
          {
            "etag": "GNqprfxxSQ4-o-0zGOX3VvtAMO7Dm25V7cKNVf2B9uw",
            "key": "PYTHON_UNIT_test_key_a6af8952-54a6-11e9-b600-2816a84d0309",
            "label": "test_label1_1d7b2b28-549e-11e9-b51c-2816a84d0309",
            "content_type": "test content type",
            "value": "test value",
            "tags": {
              "tag1": "value1",
              "tag2": "value2"
            },
            "locked": false,
            "last_modified": "2024-08-22T01:24:21+00:00"
          },
          {
            "etag": "t0GXYeQsD2rntyfsU-9SPn39VrbMDcWymZcCeDHck-k",
            "key": "PYTHON_UNIT_test_key_a6af8952-54a6-11e9-b600-2816a84d0309",
            "label": "test_label1_1d7b2b28-549e-11e9-b51c-2816a84d0309",
            "content_type": "test content type",
            "value": "test value",
            "tags": {
              "tag1": "value1",
              "tag2": "value2"
            },
            "locked": false,
            "last_modified": "2024-08-22T01:24:19+00:00"
          },
          {
            "etag": "8INMmgBxHGIGmuf1_D-WSroJB9mXirt5CZJ-p-10NdE",
            "key": "PYTHON_UNIT_test_key_a6af8952-54a6-11e9-b600-2816a84d0309",
            "label": "test_label1_1d7b2b28-549e-11e9-b51c-2816a84d0309",
            "content_type": "test content type",
            "value": "test value",
            "tags": {
              "tag1": "value1",
              "tag2": "value2"
            },
            "locked": false,
            "last_modified": "2024-08-22T01:24:17+00:00"
          },
          {
            "etag": "thDdhLzwKfj0spaqC0ulmdNBYqPYQ0lDGj4Fs_FzQmE",
            "key": "PYTHON_UNIT_test_key_a6af8952-54a6-11e9-b600-2816a84d0309",
            "label": "test_label1_1d7b2b28-549e-11e9-b51c-2816a84d0309",
            "content_type": "test content type",
            "value": "test value",
            "tags": {
              "tag1": "value1",
              "tag2": "value2"
            },
            "locked": false,
            "last_modified": "2024-08-22T01:24:15+00:00"
          },
          {
            "etag": "ybpPhehK8IhDY4hte0Ekajxun-r9WzT8gghNWHZ0jX4",
            "key": "PYTHON_UNIT_test_key_a6af8952-54a6-11e9-b600-2816a84d0309",
            "label": "test_label1_1d7b2b28-549e-11e9-b51c-2816a84d0309",
            "content_type": "test content type",
            "value": "test value",
            "tags": {
              "tag1": "value1",
              "tag2": "value2"
            },
            "locked": false,
            "last_modified": "2024-08-22T01:24:13+00:00"
          },
          {
            "etag": "J4xJeZNiiGhRxYoHrxlquxQX-ZXsgA6K167NlEJkzVA",
            "key": "PYTHON_UNIT_test_key_a6af8952-54a6-11e9-b600-2816a84d0309",
            "label": "test_label1_1d7b2b28-549e-11e9-b51c-2816a84d0309",
            "content_type": "test content type",
            "value": "test value",
            "tags": {
              "tag1": "value1",
              "tag2": "value2"
            },
            "locked": false,
            "last_modified": "2024-08-22T01:24:12+00:00"
          },
          {
            "etag": "hkGAWUNYeTQtHPaWfiQ5cj3QSp4gv7wu5E9nVi-YErI",
            "key": "PYTHON_UNIT_test_key_a6af8952-54a6-11e9-b600-2816a84d0309",
            "label": "test_label1_1d7b2b28-549e-11e9-b51c-2816a84d0309",
            "content_type": "test content type",
            "value": "test value",
            "tags": {
              "tag1": "value1",
              "tag2": "value2"
            },
            "locked": false,
            "last_modified": "2024-08-22T01:24:10+00:00"
          },
          {
            "etag": "8HjyICRDO2A9Xb0Rg1ECk63IfJr8higGucywNBkcag8",
            "key": "PYTHON_UNIT_test_key_a6af8952-54a6-11e9-b600-2816a84d0309",
            "label": "test_label1_1d7b2b28-549e-11e9-b51c-2816a84d0309",
            "content_type": "test content type",
            "value": "test value",
            "tags": {
              "tag1": "value1",
              "tag2": "value2"
            },
            "locked": false,
            "last_modified": "2024-08-22T01:23:56+00:00"
          },
          {
            "etag": "0_xFRjooE9OMNwXHXhCZyaM2kg1o-hW3Z6iX0Xk_qys",
            "key": "PYTHON_UNIT_test_key_a6af8952-54a6-11e9-b600-2816a84d0309",
            "label": "test_label1_1d7b2b28-549e-11e9-b51c-2816a84d0309",
            "content_type": "test content type",
            "value": "test value",
            "tags": {
              "tag1": "value1",
              "tag2": "value2"
            },
            "locked": false,
            "last_modified": "2024-08-22T01:23:54+00:00"
          },
          {
            "etag": "_qvrxQLUEWUnYetg8RAjC7mRqFzqbNTr1MUBTZas7v4",
            "key": "PYTHON_UNIT_test_key_a6af8952-54a6-11e9-b600-2816a84d0309",
            "label": "test_label1_1d7b2b28-549e-11e9-b51c-2816a84d0309",
            "content_type": "test content type",
            "value": "test value",
            "tags": {
              "tag1": "value1",
              "tag2": "value2"
            },
            "locked": false,
            "last_modified": "2024-08-22T01:23:50+00:00"
          },
          {
            "etag": "KUg2095XKI69x83Cv_HC_C6vWuMrKsBMLJoYUbLS0Lw",
            "key": "PYTHON_UNIT_test_key_a6af8952-54a6-11e9-b600-2816a84d0309",
            "label": "test_label1_1d7b2b28-549e-11e9-b51c-2816a84d0309",
            "content_type": "test content type",
            "value": "test value",
            "tags": {
              "tag1": "value1",
              "tag2": "value2"
            },
            "locked": false,
            "last_modified": "2024-08-22T01:23:48+00:00"
          },
          {
            "etag": "DqEuxovmiXMd-UomEWlkSiHdRjF6jaEPLDnrHXh4vA0",
            "key": "PYTHON_UNIT_test_key_a6af8952-54a6-11e9-b600-2816a84d0309",
            "label": "test_label1_1d7b2b28-549e-11e9-b51c-2816a84d0309",
            "content_type": "test content type",
            "value": "test value",
            "tags": {
              "tag1": "value1",
              "tag2": "value2"
            },
            "locked": false,
            "last_modified": "2024-08-22T01:23:46+00:00"
          },
          {
            "etag": "aAftjoHJi0pPLjQAKzLmyeiWXKVVy5d6CzIiU0InbFE",
            "key": "PYTHON_UNIT_test_key_a6af8952-54a6-11e9-b600-2816a84d0309",
            "label": "test_label1_1d7b2b28-549e-11e9-b51c-2816a84d0309",
            "content_type": "test content type",
            "value": "test value",
            "tags": {
              "tag1": "value1",
              "tag2": "value2"
            },
            "locked": false,
            "last_modified": "2024-08-22T01:23:40+00:00"
          },
          {
            "etag": "QsMnsiti0YbuXadRHfsTgA1GBV8h96HM3kAlAna8iyU",
            "key": "PYTHON_UNIT_test_key_a6af8952-54a6-11e9-b600-2816a84d0309",
            "label": "test_label1_1d7b2b28-549e-11e9-b51c-2816a84d0309",
            "content_type": "test content type",
            "value": "test value",
            "tags": {
              "tag1": "value1",
              "tag2": "value2"
            },
            "locked": false,
            "last_modified": "2024-08-22T01:23:30+00:00"
          },
          {
            "etag": "_Uyd0Q3M4zAGnEFDG2uhzWl8vfyCuXftSF7cndsogbM",
            "key": "PYTHON_UNIT_test_key_a6af8952-54a6-11e9-b600-2816a84d0309",
            "label": "test_label1_1d7b2b28-549e-11e9-b51c-2816a84d0309",
            "content_type": "test content type",
            "value": "test value",
            "tags": {
              "tag1": "value1",
              "tag2": "value2"
            },
            "locked": false,
            "last_modified": "2024-08-22T01:23:26+00:00"
          },
          {
            "etag": "gYNwHBsv_GPcMerN_viESGbZTIBVV3B-LZ1GOWh_qJc",
            "key": "PYTHON_UNIT_test_key_a6af8952-54a6-11e9-b600-2816a84d0309",
            "label": "test_label1_1d7b2b28-549e-11e9-b51c-2816a84d0309",
            "content_type": "test content type",
            "value": "test value",
            "tags": {
              "tag1": "value1",
              "tag2": "value2"
            },
            "locked": false,
            "last_modified": "2024-08-22T01:10:09+00:00"
          },
          {
            "etag": "qL79G8nuIt0a4wONKn7hEk3bPJNV6h3T7V4gtKA2D2k",
            "key": "PYTHON_UNIT_test_key_a6af8952-54a6-11e9-b600-2816a84d0309",
            "label": "test_label1_1d7b2b28-549e-11e9-b51c-2816a84d0309",
            "content_type": "test content type",
            "value": "test value",
            "tags": {
              "tag1": "value1",
              "tag2": "value2"
            },
            "locked": false,
            "last_modified": "2024-08-22T01:10:09+00:00"
          },
          {
            "etag": "XtZu5sQ9Tb1j7AtPdRdxSn8Wy1rjMdQkVT7jjWIyTtc",
            "key": "PYTHON_UNIT_test_key_a6af8952-54a6-11e9-b600-2816a84d0309",
            "label": "test_label1_1d7b2b28-549e-11e9-b51c-2816a84d0309",
            "content_type": "test content type",
            "value": "test value",
            "tags": {
              "tag1": "value1",
              "tag2": "value2"
            },
            "locked": true,
            "last_modified": "2024-08-22T01:10:08+00:00"
          },
          {
            "etag": "Z4cw3jIwb4HGT7YTXCst8EUKxwAEDlDIpXIejFrSoDQ",
            "key": "PYTHON_UNIT_test_key_a6af8952-54a6-11e9-b600-2816a84d0309",
            "label": "test_label1_1d7b2b28-549e-11e9-b51c-2816a84d0309",
            "content_type": "test content type",
            "value": "test value",
            "tags": {
              "tag1": "value1",
              "tag2": "value2"
            },
            "locked": false,
            "last_modified": "2024-08-22T01:09:36+00:00"
          },
          {
            "etag": "DdmusrvVoR9mArBRBOOy-kd_PowLdVjBf92uGmKtK3c",
            "key": "PYTHON_UNIT_test_key_a6af8952-54a6-11e9-b600-2816a84d0309",
            "label": "test_label1_1d7b2b28-549e-11e9-b51c-2816a84d0309",
            "content_type": "test content type",
            "value": "test value",
            "tags": {
              "tag1": "value1",
              "tag2": "value2"
            },
            "locked": false,
            "last_modified": "2024-08-22T01:09:31+00:00"
          }
        ]
      }
    },
    {
      "RequestUri": "https://fake_app_config.azconfig-test.io/kv?api-version=2023-11-01",
      "RequestMethod": "GET",
      "RequestHeaders": {
        "Accept": "*/*",
        "Accept-Encoding": "gzip, deflate",
        "Connection": "keep-alive",
        "Sync-Token": "zAJw6V16=NTo1IzU2NDMyMTEw",
        "User-Agent": "azsdk-python-appconfiguration/1.7.1 Python/3.12.5 (Windows-11-10.0.22631-SP0)",
        "x-ms-content-sha256": "Sanitized",
        "x-ms-date": "Aug, 22 2024 05:05:23.211102 GMT"
      },
      "RequestBody": null,
      "StatusCode": 200,
      "ResponseHeaders": {
        "Access-Control-Allow-Origin": "*",
        "Connection": "keep-alive",
        "Content-Type": "application/vnd.microsoft.appconfig.kvset+json; charset=utf-8",
        "Date": "Thu, 22 Aug 2024 05:05:23 GMT",
        "ETag": "\"DhSfenfjkCJfa45F1x_jVLcaDTJooeyvghQaOQIRMpM\"",
        "Strict-Transport-Security": "max-age=31536000; includeSubDomains",
        "Sync-Token": "zAJw6V16=NTo1IzU2NDMyMTEw;sn=56432110",
        "Transfer-Encoding": "chunked",
        "x-ms-correlation-request-id": "fc15cb83-d425-4b22-b5e8-f1ecb27e8501"
      },
      "ResponseBody": {
        "etag": "DhSfenfjkCJfa45F1x_jVLcaDTJooeyvghQaOQIRMpM",
        "items": [
          {
            "etag": "GSprNfGmpU4D6wY79P2f3nFUOQbIVlwKSS_GnJEzgq8",
            "key": "PYTHON_UNIT_test_key_a6af8952-54a6-11e9-b600-2816a84d0309",
            "label": null,
            "content_type": "test content type",
            "value": "test value",
            "tags": {
              "tag3": "value3",
              "tag4": "value4"
            },
            "locked": false,
            "last_modified": "2024-08-22T05:05:23+00:00"
          },
          {
            "etag": "-FUpepU-gI2oX0FjQr9VlSoix211mPcU_tHLcc8w4ds",
            "key": "PYTHON_UNIT_test_key_a6af8952-54a6-11e9-b600-2816a84d0309",
            "label": "test_label1_1d7b2b28-549e-11e9-b51c-2816a84d0309",
            "content_type": "test content type",
            "value": "test value",
            "tags": {
              "tag1": "value1",
              "tag2": "value2"
            },
            "locked": false,
            "last_modified": "2024-08-22T05:05:23+00:00"
          }
        ]
      }
    },
    {
      "RequestUri": "https://fake_app_config.azconfig-test.io/kv/PYTHON_UNIT_test_key_a6af8952-54a6-11e9-b600-2816a84d0309?api-version=2023-11-01",
      "RequestMethod": "DELETE",
      "RequestHeaders": {
        "Accept": "*/*",
        "Accept-Encoding": "gzip, deflate",
        "Connection": "keep-alive",
        "Content-Length": "0",
        "Sync-Token": "zAJw6V16=NTo1IzU2NDMyMTEw",
        "User-Agent": "azsdk-python-appconfiguration/1.7.1 Python/3.12.5 (Windows-11-10.0.22631-SP0)",
        "x-ms-content-sha256": "Sanitized",
        "x-ms-date": "Aug, 22 2024 05:05:23.242471 GMT"
      },
      "RequestBody": null,
      "StatusCode": 200,
      "ResponseHeaders": {
        "Access-Control-Allow-Origin": "*",
        "Connection": "keep-alive",
        "Content-Type": "application/vnd.microsoft.appconfig.kv+json; charset=utf-8",
        "Date": "Thu, 22 Aug 2024 05:05:23 GMT",
        "ETag": "\"GSprNfGmpU4D6wY79P2f3nFUOQbIVlwKSS_GnJEzgq8\"",
        "Last-Modified": "Thu, 22 Aug 2024 05:05:23 GMT",
        "Strict-Transport-Security": "max-age=31536000; includeSubDomains",
        "Sync-Token": "zAJw6V16=NTo1IzU2NDMyMTEx;sn=56432111",
        "Transfer-Encoding": "chunked",
        "x-ms-correlation-request-id": "524e50a0-5479-44ac-9a9a-109f78e61b09"
      },
      "ResponseBody": {
        "etag": "GSprNfGmpU4D6wY79P2f3nFUOQbIVlwKSS_GnJEzgq8",
        "key": "PYTHON_UNIT_test_key_a6af8952-54a6-11e9-b600-2816a84d0309",
        "label": null,
        "content_type": "test content type",
        "value": "test value",
        "tags": {
          "tag3": "value3",
          "tag4": "value4"
        },
        "locked": false,
        "last_modified": "2024-08-22T05:05:23+00:00"
      }
    },
    {
      "RequestUri": "https://fake_app_config.azconfig-test.io/kv/PYTHON_UNIT_test_key_a6af8952-54a6-11e9-b600-2816a84d0309?api-version=2023-11-01&label=test_label1_1d7b2b28-549e-11e9-b51c-2816a84d0309",
      "RequestMethod": "DELETE",
      "RequestHeaders": {
        "Accept": "*/*",
        "Accept-Encoding": "gzip, deflate",
        "Connection": "keep-alive",
        "Content-Length": "0",
        "Sync-Token": "zAJw6V16=NTo1IzU2NDMyMTEx",
        "User-Agent": "azsdk-python-appconfiguration/1.7.1 Python/3.12.5 (Windows-11-10.0.22631-SP0)",
        "x-ms-content-sha256": "Sanitized",
        "x-ms-date": "Aug, 22 2024 05:05:23.289583 GMT"
      },
      "RequestBody": null,
      "StatusCode": 200,
      "ResponseHeaders": {
        "Access-Control-Allow-Origin": "*",
        "Connection": "keep-alive",
        "Content-Type": "application/vnd.microsoft.appconfig.kv+json; charset=utf-8",
        "Date": "Thu, 22 Aug 2024 05:05:23 GMT",
        "ETag": "\"-FUpepU-gI2oX0FjQr9VlSoix211mPcU_tHLcc8w4ds\"",
        "Last-Modified": "Thu, 22 Aug 2024 05:05:23 GMT",
        "Strict-Transport-Security": "max-age=31536000; includeSubDomains",
        "Sync-Token": "zAJw6V16=NTo1IzU2NDMyMTEy;sn=56432112",
        "Transfer-Encoding": "chunked",
        "x-ms-correlation-request-id": "8b77290e-bdb2-4ecd-8bb4-5df0e762cf58"
      },
      "ResponseBody": {
        "etag": "-FUpepU-gI2oX0FjQr9VlSoix211mPcU_tHLcc8w4ds",
        "key": "PYTHON_UNIT_test_key_a6af8952-54a6-11e9-b600-2816a84d0309",
        "label": "test_label1_1d7b2b28-549e-11e9-b51c-2816a84d0309",
        "content_type": "test content type",
        "value": "test value",
        "tags": {
          "tag1": "value1",
          "tag2": "value2"
        },
        "locked": false,
        "last_modified": "2024-08-22T05:05:23+00:00"
      }
    }
  ],
  "Variables": {}
}
