{
  "Entries": [
    {
      "RequestUri": "https://Sanitized.azconfig.io/kv/PYTHON_UNIT_test_key_a6af8952-54a6-11e9-b600-2816a84d0309?label=test_label1_1d7b2b28-549e-11e9-b51c-2816a84d0309&api-version=2023-11-01",
      "RequestMethod": "PUT",
      "RequestHeaders": {
        "Accept": "application/vnd.microsoft.appconfig.kv+json, application/problem+json",
        "Accept-Encoding": "gzip, deflate",
        "Connection": "keep-alive",
        "Content-Length": "231",
        "Content-Type": "application/json",
        "If-None-Match": "*",
        "User-Agent": "azsdk-python-appconfiguration/unknown Python/3.12.0 (Windows-11-10.0.22631-SP0)",
        "x-ms-content-sha256": "Sanitized",
        "x-ms-date": "Jun, 12 2024 00:01:18.432042 GMT"
      },
      "RequestBody": {
        "key": "PYTHON_UNIT_test_key_a6af8952-54a6-11e9-b600-2816a84d0309",
        "label": "test_label1_1d7b2b28-549e-11e9-b51c-2816a84d0309",
        "content_type": "test content type",
        "value": "test value",
        "tags": {
          "tag1": "tag1",
          "tag2": "tag2"
        }
      },
      "StatusCode": 200,
      "ResponseHeaders": {
        "Access-Control-Allow-Origin": "*",
        "Connection": "keep-alive",
        "Content-Type": "application/vnd.microsoft.appconfig.kv+json; charset=utf-8",
        "Date": "Wed, 12 Jun 2024 00:01:19 GMT",
        "ETag": "\"Vy4cp-hYMgV4hrtV6qnC5nYwmAY_6zcN0ilY_r7-ci0\"",
        "Last-Modified": "Wed, 12 Jun 2024 00:01:19 GMT",
        "Strict-Transport-Security": "max-age=31536000; includeSubDomains",
        "Sync-Token": "zAJw6V16=NToxNSM1NjYxNDQx;sn=5661441",
        "Transfer-Encoding": "chunked",
        "x-ms-correlation-request-id": "be31d439-aecd-4b2f-8c19-ff7d0fd61cfe"
      },
      "ResponseBody": {
        "etag": "Vy4cp-hYMgV4hrtV6qnC5nYwmAY_6zcN0ilY_r7-ci0",
        "key": "PYTHON_UNIT_test_key_a6af8952-54a6-11e9-b600-2816a84d0309",
        "label": "test_label1_1d7b2b28-549e-11e9-b51c-2816a84d0309",
        "content_type": "test content type",
        "value": "test value",
        "tags": {
          "tag1": "tag1",
          "tag2": "tag2"
        },
        "locked": false,
        "last_modified": "2024-06-12T00:01:19+00:00"
      }
    },
    {
      "RequestUri": "https://Sanitized.azconfig.io/kv/PYTHON_UNIT_test_key_a6af8952-54a6-11e9-b600-2816a84d0309?label=test_label1_1d7b2b28-549e-11e9-b51c-2816a84d0309&api-version=2023-11-01",
      "RequestMethod": "GET",
      "RequestHeaders": {
        "Accept": "application/vnd.microsoft.appconfig.kv+json, application/problem+json",
        "Accept-Encoding": "gzip, deflate",
        "Connection": "keep-alive",
        "Sync-Token": "zAJw6V16=NToxNSM1NjYxNDQx",
        "User-Agent": "azsdk-python-appconfiguration/unknown Python/3.12.0 (Windows-11-10.0.22631-SP0)",
        "x-ms-content-sha256": "Sanitized",
        "x-ms-date": "Jun, 12 2024 00:01:19.232259 GMT"
      },
      "RequestBody": null,
      "StatusCode": 200,
      "ResponseHeaders": {
        "Access-Control-Allow-Origin": "*",
        "Connection": "keep-alive",
        "Content-Type": "application/vnd.microsoft.appconfig.kv+json; charset=utf-8",
        "Date": "Wed, 12 Jun 2024 00:01:19 GMT",
        "ETag": "\"Vy4cp-hYMgV4hrtV6qnC5nYwmAY_6zcN0ilY_r7-ci0\"",
        "Last-Modified": "Wed, 12 Jun 2024 00:01:19 GMT",
        "Strict-Transport-Security": "max-age=31536000; includeSubDomains",
        "Sync-Token": "zAJw6V16=NToxNSM1NjYxNDQy;sn=5661442",
        "Transfer-Encoding": "chunked",
        "x-ms-correlation-request-id": "3d3ee2a2-b20f-43ff-a247-b09383d6e8f5"
      },
      "ResponseBody": {
        "etag": "Vy4cp-hYMgV4hrtV6qnC5nYwmAY_6zcN0ilY_r7-ci0",
        "key": "PYTHON_UNIT_test_key_a6af8952-54a6-11e9-b600-2816a84d0309",
        "label": "test_label1_1d7b2b28-549e-11e9-b51c-2816a84d0309",
        "content_type": "test content type",
        "value": "test value",
        "tags": {
          "tag1": "tag1",
          "tag2": "tag2"
        },
        "locked": false,
        "last_modified": "2024-06-12T00:01:19+00:00"
      }
    },
    {
      "RequestUri": "https://Sanitized.azconfig.io/revisions?key=PYTHON_UNIT_test_key_a6af8952-54a6-11e9-b600-2816a84d0309&label=test_label1_1d7b2b28-549e-11e9-b51c-2816a84d0309&api-version=2023-11-01",
      "RequestMethod": "GET",
      "RequestHeaders": {
        "Accept": "application/vnd.microsoft.appconfig.kvset+json, application/problem+json",
        "Accept-Encoding": "gzip, deflate",
        "Connection": "keep-alive",
        "If-Match": "Vy4cp-hYMgV4hrtV6qnC5nYwmAY_6zcN0ilY_r7-ci0",
        "Sync-Token": "zAJw6V16=NToxNSM1NjYxNDQy",
        "User-Agent": "azsdk-python-appconfiguration/unknown Python/3.12.0 (Windows-11-10.0.22631-SP0)",
        "x-ms-content-sha256": "Sanitized",
        "x-ms-date": "Jun, 12 2024 00:01:19.330459 GMT"
      },
      "RequestBody": null,
      "StatusCode": 200,
      "ResponseHeaders": {
        "Accept-Ranges": "items",
        "Access-Control-Allow-Origin": "*",
        "Connection": "keep-alive",
        "Content-Type": "application/vnd.microsoft.appconfig.kvset+json; charset=utf-8",
        "Date": "Wed, 12 Jun 2024 00:01:19 GMT",
        "ETag": "\"1RjsIDio57Vd_L2E1OWVUiBFI4Mj88vM5U0gazmPa3w\"",
        "Strict-Transport-Security": "max-age=31536000; includeSubDomains",
        "Sync-Token": "zAJw6V16=NToxNSM1NjYxNDQy;sn=5661442",
        "Transfer-Encoding": "chunked",
        "x-ms-correlation-request-id": "73b015bf-458c-4164-8ad6-c4c763a39166"
      },
      "ResponseBody": {
        "etag": "1RjsIDio57Vd_L2E1OWVUiBFI4Mj88vM5U0gazmPa3w",
        "items": [
          {
            "etag": "Vy4cp-hYMgV4hrtV6qnC5nYwmAY_6zcN0ilY_r7-ci0",
            "key": "PYTHON_UNIT_test_key_a6af8952-54a6-11e9-b600-2816a84d0309",
            "label": "test_label1_1d7b2b28-549e-11e9-b51c-2816a84d0309",
            "content_type": "test content type",
            "value": "test value",
            "tags": {
              "tag1": "tag1",
              "tag2": "tag2"
            },
            "locked": false,
            "last_modified": "2024-06-12T00:01:19+00:00"
          },
          {
            "etag": "ywbNAaQE67t30Oq058sj9y-ftfBbPoreAyG7GvH5tWo",
            "key": "PYTHON_UNIT_test_key_a6af8952-54a6-11e9-b600-2816a84d0309",
            "label": "test_label1_1d7b2b28-549e-11e9-b51c-2816a84d0309",
            "content_type": "test content type",
            "value": "test value",
            "tags": {
              "tag1": "tag1",
              "tag2": "tag2"
            },
            "locked": false,
            "last_modified": "2024-06-12T00:01:14+00:00"
          },
          {
            "etag": "hjSNwqC-_kBMy01vSo7IBsOB0N2sMbSyaI7LoJhqPNY",
            "key": "PYTHON_UNIT_test_key_a6af8952-54a6-11e9-b600-2816a84d0309",
            "label": "test_label1_1d7b2b28-549e-11e9-b51c-2816a84d0309",
            "content_type": "test content type",
            "value": "test value",
            "tags": {
              "tag1": "tag1",
              "tag2": "tag2"
            },
            "locked": false,
            "last_modified": "2024-06-12T00:01:09+00:00"
          },
          {
            "etag": "I--Sn0RQhHFEyEn-0HNB2gz9XcbgPmJBzDIoHmghO3s",
            "key": "PYTHON_UNIT_test_key_a6af8952-54a6-11e9-b600-2816a84d0309",
            "label": "test_label1_1d7b2b28-549e-11e9-b51c-2816a84d0309",
            "content_type": "test content type",
            "value": "test value",
            "tags": {
              "tag1": "tag1",
              "tag2": "tag2"
            },
            "locked": false,
            "last_modified": "2024-06-12T00:01:04+00:00"
          },
          {
            "etag": "57ZeG_UUo-xI98FUYfxASdBkAKmRpsStjK_xde5tAi4",
            "key": "PYTHON_UNIT_test_key_a6af8952-54a6-11e9-b600-2816a84d0309",
            "label": "test_label1_1d7b2b28-549e-11e9-b51c-2816a84d0309",
            "content_type": "test content type",
            "value": "test value",
            "tags": {
              "tag1": "tag1",
              "tag2": "tag2"
            },
            "locked": false,
            "last_modified": "2024-06-12T00:01:00+00:00"
          },
          {
            "etag": "962Umu2wEO0pQrUCeD66-aQiXnEuZUW83dMlOWUos5E",
            "key": "PYTHON_UNIT_test_key_a6af8952-54a6-11e9-b600-2816a84d0309",
            "label": "test_label1_1d7b2b28-549e-11e9-b51c-2816a84d0309",
            "content_type": "test content type",
            "value": "test value",
            "tags": {
              "tag1": "tag1",
              "tag2": "tag2"
            },
            "locked": false,
            "last_modified": "2024-06-12T00:00:20+00:00"
          },
          {
            "etag": "ZSyad0WjdJ2oK_NLZkVNU6kUFHgR5qoj6V9kAuJb-LA",
            "key": "PYTHON_UNIT_test_key_a6af8952-54a6-11e9-b600-2816a84d0309",
            "label": "test_label1_1d7b2b28-549e-11e9-b51c-2816a84d0309",
            "content_type": "test content type",
            "value": "test value",
            "tags": {
              "tag1": "tag1",
              "tag2": "tag2"
            },
            "locked": false,
            "last_modified": "2024-06-12T00:00:15+00:00"
          },
          {
            "etag": "wn71JIrTLE6LO0kM3iu8pXUR9miiTdwa7MsKtHVLD4k",
            "key": "PYTHON_UNIT_test_key_a6af8952-54a6-11e9-b600-2816a84d0309",
            "label": "test_label1_1d7b2b28-549e-11e9-b51c-2816a84d0309",
            "content_type": "test content type",
            "value": "test value",
            "tags": {
              "tag1": "tag1",
              "tag2": "tag2"
            },
            "locked": false,
            "last_modified": "2024-06-12T00:00:07+00:00"
          },
          {
            "etag": "wDAZaLcgV0W0GUlLi8vZdnSHI788bZCPWU_YDszKXvM",
            "key": "PYTHON_UNIT_test_key_a6af8952-54a6-11e9-b600-2816a84d0309",
            "label": "test_label1_1d7b2b28-549e-11e9-b51c-2816a84d0309",
            "content_type": "test content type",
            "value": "test value",
            "tags": {
              "tag1": "tag1",
              "tag2": "tag2"
            },
            "locked": false,
            "last_modified": "2024-06-12T00:00:02+00:00"
          },
          {
            "etag": "NX0OrHa6WdJtQxByE2vceaxjwowtT-EESzVeHjG4VuY",
            "key": "PYTHON_UNIT_test_key_a6af8952-54a6-11e9-b600-2816a84d0309",
            "label": "test_label1_1d7b2b28-549e-11e9-b51c-2816a84d0309",
            "content_type": "test content type",
            "value": "test value",
            "tags": {
              "tag1": "tag1",
              "tag2": "tag2"
            },
            "locked": false,
            "last_modified": "2024-06-11T23:59:57+00:00"
          },
          {
            "etag": "vdZWc7AexSgZEoxIZD4DLUgVRH_cj72EonRthy_HLUk",
            "key": "PYTHON_UNIT_test_key_a6af8952-54a6-11e9-b600-2816a84d0309",
            "label": "test_label1_1d7b2b28-549e-11e9-b51c-2816a84d0309",
            "content_type": "test content type",
            "value": "test value",
            "tags": {
              "tag1": "tag1",
              "tag2": "tag2"
            },
            "locked": false,
            "last_modified": "2024-06-11T23:59:51+00:00"
          },
          {
            "etag": "0yskwR43pIy1Ec5q3LkG8FyUw7e290vYApp6zW6BJMw",
            "key": "PYTHON_UNIT_test_key_a6af8952-54a6-11e9-b600-2816a84d0309",
            "label": "test_label1_1d7b2b28-549e-11e9-b51c-2816a84d0309",
            "content_type": "test content type",
            "value": "test value",
            "tags": {
              "tag1": "tag1",
              "tag2": "tag2"
            },
            "locked": false,
            "last_modified": "2024-06-11T23:59:39+00:00"
          },
          {
            "etag": "UfTUIP6NvvWk5Mzly8RCJqZfBJ2mUbXNN2oHcWx9gj8",
            "key": "PYTHON_UNIT_test_key_a6af8952-54a6-11e9-b600-2816a84d0309",
            "label": "test_label1_1d7b2b28-549e-11e9-b51c-2816a84d0309",
            "content_type": "test content type",
            "value": "test value",
            "tags": {
              "tag1": "tag1",
              "tag2": "tag2"
            },
            "locked": false,
            "last_modified": "2024-06-11T23:59:29+00:00"
          },
          {
            "etag": "vc9Dl3gTPNz-PunAmr33sj97BvljMatHqHvHCVrqmQo",
            "key": "PYTHON_UNIT_test_key_a6af8952-54a6-11e9-b600-2816a84d0309",
            "label": "test_label1_1d7b2b28-549e-11e9-b51c-2816a84d0309",
            "content_type": "test content type",
            "value": "test value",
            "tags": {
              "tag1": "tag1",
              "tag2": "tag2"
            },
            "locked": false,
            "last_modified": "2024-06-11T23:59:21+00:00"
          },
          {
            "etag": "7h212Xr6oLbAYYC8XK8JzmBvb6JBpJcBymeuDmV_H6Y",
            "key": "PYTHON_UNIT_test_key_a6af8952-54a6-11e9-b600-2816a84d0309",
            "label": "test_label1_1d7b2b28-549e-11e9-b51c-2816a84d0309",
            "content_type": "test content type",
            "value": "test valuea",
            "tags": {
              "a": "b",
              "c": "d"
            },
            "locked": false,
            "last_modified": "2024-06-11T23:59:10+00:00"
          }
        ]
      }
    },
    {
      "RequestUri": "https://Sanitized.azconfig.io/kv/PYTHON_UNIT_test_key_a6af8952-54a6-11e9-b600-2816a84d0309?api-version=2023-11-01",
      "RequestMethod": "DELETE",
      "RequestHeaders": {
        "Accept": "application/vnd.microsoft.appconfig.kv+json, application/problem+json",
        "Accept-Encoding": "gzip, deflate",
        "Connection": "keep-alive",
        "Content-Length": "0",
        "Sync-Token": "zAJw6V16=NToxNSM1NjYxNDQy",
        "User-Agent": "azsdk-python-appconfiguration/unknown Python/3.12.0 (Windows-11-10.0.22631-SP0)",
        "x-ms-content-sha256": "Sanitized",
        "x-ms-date": "Jun, 12 2024 00:01:19.427390 GMT"
      },
      "RequestBody": null,
      "StatusCode": 204,
      "ResponseHeaders": {
        "Access-Control-Allow-Origin": "*",
        "Connection": "keep-alive",
        "Content-Type": "application/vnd.microsoft.appconfig.kv+json; charset=utf-8",
        "Date": "Wed, 12 Jun 2024 00:01:19 GMT",
        "Strict-Transport-Security": "max-age=31536000; includeSubDomains",
        "Sync-Token": "zAJw6V16=NToxNSM1NjYxNDQy;sn=5661442",
        "x-ms-correlation-request-id": "c45064f8-a3c8-49ef-a0fc-1644d7dcc49b"
      },
      "ResponseBody": null
    }
  ],
  "Variables": {}
}
