{
  "Entries": [
    {
      "RequestUri": "https://fake_app_config.azconfig-test.io/kv/PYTHON_UNIT_test_key_a6af8952-54a6-11e9-b600-2816a84d0309?label=test_label2_*,%20%5C1d7b2b28-549e-11e9-b51c-2816a84d0309&api-version=2023-11-01",
      "RequestMethod": "PUT",
      "RequestHeaders": {
        "Accept": "application/vnd.microsoft.appconfig.kv+json, application/problem+json",
        "Accept-Encoding": "gzip, deflate",
        "Content-Length": "169",
        "Content-Type": "application/json",
        "If-None-Match": "*",
        "User-Agent": "azsdk-python-appconfiguration/unknown Python/3.12.0 (Windows-11-10.0.22631-SP0)"
      },
      "RequestBody": {
        "key": "PYTHON_UNIT_test_key_a6af8952-54a6-11e9-b600-2816a84d0309",
        "label": "test_label2_*, \\1d7b2b28-549e-11e9-b51c-2816a84d0309",
        "value": "test value",
        "tags": {}
      },
      "StatusCode": 200,
      "ResponseHeaders": {
        "Access-Control-Allow-Origin": "*",
        "Connection": "keep-alive",
        "Content-Type": "application/vnd.microsoft.appconfig.kv+json; charset=utf-8",
        "Date": "Sat, 15 Jun 2024 02:14:19 GMT",
        "ETag": "\"oyiv7K_oY6hBT0m5X0dgGf686dEr6-NaMeuVXtGa36I\"",
        "Last-Modified": "Sat, 15 Jun 2024 02:14:19 GMT",
        "Strict-Transport-Security": "max-age=31536000; includeSubDomains",
        "Sync-Token": "zAJw6V16=ODoxNSMyNzYwNzk1;sn=2760795",
        "Transfer-Encoding": "chunked",
        "x-ms-correlation-request-id": "08e367c9-abf6-4be8-ae89-6271783d1295"
      },
      "ResponseBody": {
        "etag": "oyiv7K_oY6hBT0m5X0dgGf686dEr6-NaMeuVXtGa36I",
        "key": "PYTHON_UNIT_test_key_a6af8952-54a6-11e9-b600-2816a84d0309",
        "label": "test_label2_*, \\1d7b2b28-549e-11e9-b51c-2816a84d0309",
        "content_type": null,
        "value": "test value",
        "tags": {},
        "locked": false,
        "last_modified": "2024-06-15T02:14:19+00:00"
      }
    },
    {
      "RequestUri": "https://fake_app_config.azconfig-test.io/kv?label=test_label2_%5C*%5C,%20%5C%5C1d7b2b28-549e-11e9-b51c-2816a84d0309&api-version=2023-11-01",
      "RequestMethod": "GET",
      "RequestHeaders": {
        "Accept": "application/vnd.microsoft.appconfig.kvset+json, application/problem+json",
        "Accept-Encoding": "gzip, deflate",
        "Sync-Token": "zAJw6V16=ODoxNSMyNzYwNzk1",
        "User-Agent": "azsdk-python-appconfiguration/unknown Python/3.12.0 (Windows-11-10.0.22631-SP0)"
      },
      "RequestBody": null,
      "StatusCode": 200,
      "ResponseHeaders": {
        "Access-Control-Allow-Origin": "*",
        "Connection": "keep-alive",
        "Content-Type": "application/vnd.microsoft.appconfig.kvset+json; charset=utf-8",
        "Date": "Sat, 15 Jun 2024 02:14:19 GMT",
        "ETag": "\"s7mcBU7sI32WhXAE3ZNoKafX9UWRVDbEMkoBH0JSn98\"",
        "Strict-Transport-Security": "max-age=31536000; includeSubDomains",
        "Sync-Token": "zAJw6V16=ODoxNSMyNzYwNzk2;sn=2760796",
        "Transfer-Encoding": "chunked",
        "x-ms-correlation-request-id": "fb2a4cb9-63bd-466d-8c4c-d59c29207107"
      },
      "ResponseBody": {
        "etag": "s7mcBU7sI32WhXAE3ZNoKafX9UWRVDbEMkoBH0JSn98",
        "items": [
          {
            "etag": "oyiv7K_oY6hBT0m5X0dgGf686dEr6-NaMeuVXtGa36I",
            "key": "PYTHON_UNIT_test_key_a6af8952-54a6-11e9-b600-2816a84d0309",
            "label": "test_label2_*, \\1d7b2b28-549e-11e9-b51c-2816a84d0309",
            "content_type": null,
            "value": "test value",
            "tags": {},
            "locked": false,
            "last_modified": "2024-06-15T02:14:19+00:00"
          }
        ]
      }
    },
    {
      "RequestUri": "https://fake_app_config.azconfig-test.io/kv/PYTHON_UNIT_test_key_a6af8952-54a6-11e9-b600-2816a84d0309?api-version=2023-11-01",
      "RequestMethod": "DELETE",
      "RequestHeaders": {
        "Accept": "application/vnd.microsoft.appconfig.kv+json, application/problem+json",
        "Accept-Encoding": "gzip, deflate",
        "Content-Length": "0",
        "Sync-Token": "zAJw6V16=ODoxNSMyNzYwNzk2",
        "User-Agent": "azsdk-python-appconfiguration/unknown Python/3.12.0 (Windows-11-10.0.22631-SP0)"
      },
      "RequestBody": null,
      "StatusCode": 204,
      "ResponseHeaders": {
        "Access-Control-Allow-Origin": "*",
        "Connection": "keep-alive",
        "Content-Type": "application/vnd.microsoft.appconfig.kv+json; charset=utf-8",
        "Date": "Sat, 15 Jun 2024 02:14:19 GMT",
        "Strict-Transport-Security": "max-age=31536000; includeSubDomains",
        "Sync-Token": "zAJw6V16=ODoxNSMyNzYwNzk2;sn=2760796",
        "x-ms-correlation-request-id": "0b3a95e7-f39b-472b-827a-37e639080c2c"
      },
      "ResponseBody": null
    }
  ],
  "Variables": {}
}
