{
  "Entries": [
    {
      "RequestUri": "https://fake_app_config.azconfig-test.io/kv/PYTHON_UNIT_test_key_a6af8952-54a6-11e9-b600-2816a84d0309?label=test_label1_1d7b2b28-549e-11e9-b51c-2816a84d0309\u0026api-version=2022-11-01-preview",
      "RequestMethod": "PUT",
      "RequestHeaders": {
        "Accept": "application/vnd.microsoft.appconfig.kv\u002Bjson, application/problem\u002Bjson",
        "Accept-Encoding": "gzip, deflate",
        "Connection": "keep-alive",
        "Content-Length": "231",
        "Content-Type": "application/json",
        "If-None-Match": "*",
        "User-Agent": "azsdk-python-appconfiguration/unknown Python/3.11.4 (Windows-10-10.0.22621-SP0)",
        "x-ms-content-sha256": "5b/E4qQlXHTRod\u002Bn\u002Bf\u002BxjK6c/tRVR8uxoC62FjvGJPw=",
        "x-ms-date": "Oct, 27 2023 01:18:09.340378 GMT"
      },
      "RequestBody": {
        "key": "PYTHON_UNIT_test_key_a6af8952-54a6-11e9-b600-2816a84d0309",
        "label": "test_label1_1d7b2b28-549e-11e9-b51c-2816a84d0309",
        "content_type": "test content type",
        "value": "test value",
        "tags": {
          "tag1": "tag1",
          "tag2": "tag2"
        }
      },
      "StatusCode": 412,
      "ResponseHeaders": {
        "Access-Control-Allow-Origin": "*",
        "Connection": "keep-alive",
        "Content-Length": "0",
        "Date": "Fri, 27 Oct 2023 01:18:07 GMT",
        "Strict-Transport-Security": "max-age=15724800; includeSubDomains",
        "Sync-Token": "zAJw6V16=Njo1IzIxMjM1MzM5;sn=21235339",
        "x-ms-correlation-request-id": "64339752-8539-4081-aa18-5ec2794829ac"
      },
      "ResponseBody": null
    },
    {
      "RequestUri": "https://fake_app_config.azconfig-test.io/kv/PYTHON_UNIT_test_key_a6af8952-54a6-11e9-b600-2816a84d0309?api-version=2022-11-01-preview",
      "RequestMethod": "PUT",
      "RequestHeaders": {
        "Accept": "application/vnd.microsoft.appconfig.kv\u002Bjson, application/problem\u002Bjson",
        "Accept-Encoding": "gzip, deflate",
        "Connection": "keep-alive",
        "Content-Length": "170",
        "Content-Type": "application/json",
        "If-None-Match": "*",
        "Sync-Token": "zAJw6V16=Njo1IzIxMjM1MzM5",
        "User-Agent": "azsdk-python-appconfiguration/unknown Python/3.11.4 (Windows-10-10.0.22621-SP0)",
        "x-ms-content-sha256": "4rt07HteiPg5NxofrgzMmlQPTVbo1no7aKxDSI5uUU4=",
        "x-ms-date": "Oct, 27 2023 01:18:09.372362 GMT"
      },
      "RequestBody": {
        "key": "PYTHON_UNIT_test_key_a6af8952-54a6-11e9-b600-2816a84d0309",
        "content_type": "test content type",
        "value": "test value",
        "tags": {
          "tag1": "tag1",
          "tag2": "tag2"
        }
      },
      "StatusCode": 412,
      "ResponseHeaders": {
        "Access-Control-Allow-Origin": "*",
        "Connection": "keep-alive",
        "Content-Length": "0",
        "Date": "Fri, 27 Oct 2023 01:18:07 GMT",
        "Strict-Transport-Security": "max-age=15724800; includeSubDomains",
        "Sync-Token": "zAJw6V16=Njo1IzIxMjM1MzM5;sn=21235339",
        "x-ms-correlation-request-id": "3555bcf2-90b0-4d62-84a1-5016e9cd2b15"
      },
      "ResponseBody": null
    },
    {
      "RequestUri": "https://fake_app_config.azconfig-test.io/snapshots/snapshot6003391a?api-version=2022-11-01-preview",
      "RequestMethod": "PUT",
      "RequestHeaders": {
        "Accept": "application/vnd.microsoft.appconfig.snapshot\u002Bjson, application/problem\u002Bjson",
        "Accept-Encoding": "gzip, deflate",
        "Connection": "keep-alive",
        "Content-Length": "144",
        "Content-Type": "application/json",
        "Sync-Token": "zAJw6V16=Njo1IzIxMjM1MzM5",
        "User-Agent": "azsdk-python-appconfiguration/unknown Python/3.11.4 (Windows-10-10.0.22621-SP0)",
        "x-ms-content-sha256": "ExTHV5ccprj187OJpDeEw644b5k7eArIaPBC5FRiYzM=",
        "x-ms-date": "Oct, 27 2023 01:18:09.404481 GMT"
      },
      "RequestBody": {
        "filters": [
          {
            "key": "PYTHON_UNIT_test_key_a6af8952-54a6-11e9-b600-2816a84d0309",
            "label": "test_label1_1d7b2b28-549e-11e9-b51c-2816a84d0309"
          }
        ]
      },
      "StatusCode": 201,
      "ResponseHeaders": {
        "Access-Control-Allow-Origin": "*",
        "Connection": "keep-alive",
        "Content-Type": "application/vnd.microsoft.appconfig.snapshot\u002Bjson; charset=utf-8",
        "Date": "Fri, 27 Oct 2023 01:18:07 GMT",
        "ETag": "\u0022afyGEK9ggb4niJMmnUWU8oaLkeWW5Ur5SY3AgdoAfRk\u0022",
        "Last-Modified": "Fri, 27 Oct 2023 01:18:07 GMT",
        "Link": "\u003C/kv?snapshot=snapshot6003391a\u0026api-version=2022-11-01-preview\u003E; rel=\u0022items\u0022",
        "Operation-Location": "https://fake_app_config.azconfig-test.io/operations?snapshot=snapshot6003391a\u0026api-version=2022-11-01-preview",
        "Strict-Transport-Security": "max-age=15724800; includeSubDomains",
        "Sync-Token": "zAJw6V16=Njo1IzIxMjM1MzQw;sn=21235340",
        "Transfer-Encoding": "chunked",
        "x-ms-correlation-request-id": "7a20958d-1478-4bee-a394-1494ee697603"
      },
      "ResponseBody": {
        "etag": "afyGEK9ggb4niJMmnUWU8oaLkeWW5Ur5SY3AgdoAfRk",
        "name": "snapshot6003391a",
        "status": "provisioning",
        "filters": [
          {
            "key": "PYTHON_UNIT_test_key_a6af8952-54a6-11e9-b600-2816a84d0309",
            "label": "test_label1_1d7b2b28-549e-11e9-b51c-2816a84d0309"
          }
        ],
        "composition_type": "key",
        "created": "2023-10-27T01:18:07\u002B00:00",
        "size": 0,
        "items_count": 0,
        "tags": {},
        "retention_period": 2592000
      }
    },
    {
      "RequestUri": "https://fake_app_config.azconfig-test.io/operations?snapshot=snapshot6003391a\u0026api-version=2022-11-01-preview",
      "RequestMethod": "GET",
      "RequestHeaders": {
        "Accept": "*/*",
        "Accept-Encoding": "gzip, deflate",
        "Connection": "keep-alive",
        "Sync-Token": "zAJw6V16=Njo1IzIxMjM1MzQw",
        "User-Agent": "azsdk-python-appconfiguration/unknown Python/3.11.4 (Windows-10-10.0.22621-SP0)",
        "x-ms-content-sha256": "47DEQpj8HBSa\u002B/TImW\u002B5JCeuQeRkm5NMpJWZG3hSuFU=",
        "x-ms-date": "Oct, 27 2023 01:18:09.462994 GMT"
      },
      "RequestBody": null,
      "StatusCode": 200,
      "ResponseHeaders": {
        "Access-Control-Allow-Origin": "*",
        "Connection": "keep-alive",
        "Content-Type": "application/json; charset=utf-8",
        "Date": "Fri, 27 Oct 2023 01:18:07 GMT",
        "Retry-After": "10",
        "Strict-Transport-Security": "max-age=15724800; includeSubDomains",
        "Sync-Token": "zAJw6V16=Njo1IzIxMjM1MzQw;sn=21235340",
        "Transfer-Encoding": "chunked",
        "x-ms-correlation-request-id": "ec0af964-e30c-47ee-8f3a-beb04533cb85"
      },
      "ResponseBody": {
        "id": "B4EdD4AxRA7MxMDmEce1GzGYeOWJ6YANaGlaiyTNmTg",
        "status": "Running",
        "error": null
      }
    },
    {
      "RequestUri": "https://fake_app_config.azconfig-test.io/operations?snapshot=snapshot6003391a\u0026api-version=2022-11-01-preview",
      "RequestMethod": "GET",
      "RequestHeaders": {
        "Accept": "*/*",
        "Accept-Encoding": "gzip, deflate",
        "Connection": "keep-alive",
        "Sync-Token": "zAJw6V16=Njo1IzIxMjM1MzQw",
        "User-Agent": "azsdk-python-appconfiguration/unknown Python/3.11.4 (Windows-10-10.0.22621-SP0)",
        "x-ms-content-sha256": "47DEQpj8HBSa\u002B/TImW\u002B5JCeuQeRkm5NMpJWZG3hSuFU=",
        "x-ms-date": "Oct, 27 2023 01:18:19.502174 GMT"
      },
      "RequestBody": null,
      "StatusCode": 200,
      "ResponseHeaders": {
        "Access-Control-Allow-Origin": "*",
        "Connection": "keep-alive",
        "Content-Type": "application/json; charset=utf-8",
        "Date": "Fri, 27 Oct 2023 01:18:18 GMT",
        "Retry-After": "10",
        "Strict-Transport-Security": "max-age=15724800; includeSubDomains",
        "Sync-Token": "zAJw6V16=Njo1IzIxMjM1MzQw;sn=21235340",
        "Transfer-Encoding": "chunked",
        "x-ms-correlation-request-id": "25f94dcb-0a8d-47a4-b355-f3095abc9a3a"
      },
      "ResponseBody": {
        "id": "B4EdD4AxRA7MxMDmEce1GzGYeOWJ6YANaGlaiyTNmTg",
        "status": "Running",
        "error": null
      }
    },
    {
      "RequestUri": "https://fake_app_config.azconfig-test.io/operations?snapshot=snapshot6003391a\u0026api-version=2022-11-01-preview",
      "RequestMethod": "GET",
      "RequestHeaders": {
        "Accept": "*/*",
        "Accept-Encoding": "gzip, deflate",
        "Connection": "keep-alive",
        "Sync-Token": "zAJw6V16=Njo1IzIxMjM1MzQw",
        "User-Agent": "azsdk-python-appconfiguration/unknown Python/3.11.4 (Windows-10-10.0.22621-SP0)",
        "x-ms-content-sha256": "47DEQpj8HBSa\u002B/TImW\u002B5JCeuQeRkm5NMpJWZG3hSuFU=",
        "x-ms-date": "Oct, 27 2023 01:18:29.537872 GMT"
      },
      "RequestBody": null,
      "StatusCode": 200,
      "ResponseHeaders": {
        "Access-Control-Allow-Origin": "*",
        "Connection": "keep-alive",
        "Content-Type": "application/json; charset=utf-8",
        "Date": "Fri, 27 Oct 2023 01:18:28 GMT",
        "Retry-After": "10",
        "Strict-Transport-Security": "max-age=15724800; includeSubDomains",
        "Sync-Token": "zAJw6V16=Njo1IzIxMjM1MzQw;sn=21235340",
        "Transfer-Encoding": "chunked",
        "x-ms-correlation-request-id": "cf406b25-8f58-4294-95ed-739771f039cf"
      },
      "ResponseBody": {
        "id": "B4EdD4AxRA7MxMDmEce1GzGYeOWJ6YANaGlaiyTNmTg",
        "status": "Running",
        "error": null
      }
    },
    {
      "RequestUri": "https://fake_app_config.azconfig-test.io/operations?snapshot=snapshot6003391a\u0026api-version=2022-11-01-preview",
      "RequestMethod": "GET",
      "RequestHeaders": {
        "Accept": "*/*",
        "Accept-Encoding": "gzip, deflate",
        "Connection": "keep-alive",
        "Sync-Token": "zAJw6V16=Njo1IzIxMjM1MzQw",
        "User-Agent": "azsdk-python-appconfiguration/unknown Python/3.11.4 (Windows-10-10.0.22621-SP0)",
        "x-ms-content-sha256": "47DEQpj8HBSa\u002B/TImW\u002B5JCeuQeRkm5NMpJWZG3hSuFU=",
        "x-ms-date": "Oct, 27 2023 01:18:39.574821 GMT"
      },
      "RequestBody": null,
      "StatusCode": 200,
      "ResponseHeaders": {
        "Access-Control-Allow-Origin": "*",
        "Connection": "keep-alive",
        "Content-Type": "application/json; charset=utf-8",
        "Date": "Fri, 27 Oct 2023 01:18:38 GMT",
        "Strict-Transport-Security": "max-age=15724800; includeSubDomains",
        "Sync-Token": "zAJw6V16=Njo1IzIxMjM1MzQx;sn=21235341",
        "Transfer-Encoding": "chunked",
        "x-ms-correlation-request-id": "63fc7ab8-f0bb-44d4-8a7b-f59bed31725d"
      },
      "ResponseBody": {
        "id": "B4EdD4AxRA7MxMDmEce1GzGYeOWJ6YANaGlaiyTNmTg",
        "status": "Succeeded",
        "error": null
      }
    },
    {
      "RequestUri": "https://fake_app_config.azconfig-test.io/snapshots/snapshot6003391a?api-version=2022-11-01-preview",
      "RequestMethod": "GET",
      "RequestHeaders": {
        "Accept": "*/*",
        "Accept-Encoding": "gzip, deflate",
        "Connection": "keep-alive",
        "Sync-Token": "zAJw6V16=Njo1IzIxMjM1MzQx",
        "User-Agent": "azsdk-python-appconfiguration/unknown Python/3.11.4 (Windows-10-10.0.22621-SP0)",
        "x-ms-content-sha256": "47DEQpj8HBSa\u002B/TImW\u002B5JCeuQeRkm5NMpJWZG3hSuFU=",
        "x-ms-date": "Oct, 27 2023 01:18:39.669350 GMT"
      },
      "RequestBody": null,
      "StatusCode": 200,
      "ResponseHeaders": {
        "Access-Control-Allow-Origin": "*",
        "Connection": "keep-alive",
        "Content-Type": "application/vnd.microsoft.appconfig.snapshot\u002Bjson; charset=utf-8",
        "Date": "Fri, 27 Oct 2023 01:18:38 GMT",
        "ETag": "\u0022afyGEK9ggb4niJMmnUWU8oaLkeWW5Ur5SY3AgdoAfRk\u0022",
        "Last-Modified": "Fri, 27 Oct 2023 01:18:07 GMT",
        "Link": "\u003C/kv?snapshot=snapshot6003391a\u0026api-version=2022-11-01-preview\u003E; rel=\u0022items\u0022",
        "Strict-Transport-Security": "max-age=15724800; includeSubDomains",
        "Sync-Token": "zAJw6V16=Njo1IzIxMjM1MzQx;sn=21235341",
        "Transfer-Encoding": "chunked",
        "x-ms-correlation-request-id": "f2982a49-c134-45cb-8429-6a74de5136c5"
      },
      "ResponseBody": {
        "etag": "afyGEK9ggb4niJMmnUWU8oaLkeWW5Ur5SY3AgdoAfRk",
        "name": "snapshot6003391a",
        "status": "ready",
        "filters": [
          {
            "key": "PYTHON_UNIT_test_key_a6af8952-54a6-11e9-b600-2816a84d0309",
            "label": "test_label1_1d7b2b28-549e-11e9-b51c-2816a84d0309"
          }
        ],
        "composition_type": "key",
        "created": "2023-10-27T01:18:07\u002B00:00",
        "size": 1000,
        "items_count": 1,
        "tags": {},
        "retention_period": 2592000
      }
    },
    {
      "RequestUri": "https://fake_app_config.azconfig-test.io/snapshots/snapshot6003391a?api-version=2022-11-01-preview",
      "RequestMethod": "GET",
      "RequestHeaders": {
        "Accept": "application/vnd.microsoft.appconfig.snapshot\u002Bjson, application/problem\u002Bjson",
        "Accept-Encoding": "gzip, deflate",
        "Connection": "keep-alive",
        "Sync-Token": "zAJw6V16=Njo1IzIxMjM1MzQx",
        "User-Agent": "azsdk-python-appconfiguration/unknown Python/3.11.4 (Windows-10-10.0.22621-SP0)",
        "x-ms-content-sha256": "47DEQpj8HBSa\u002B/TImW\u002B5JCeuQeRkm5NMpJWZG3hSuFU=",
        "x-ms-date": "Oct, 27 2023 01:18:39.717390 GMT"
      },
      "RequestBody": null,
      "StatusCode": 200,
      "ResponseHeaders": {
        "Access-Control-Allow-Origin": "*",
        "Connection": "keep-alive",
        "Content-Type": "application/vnd.microsoft.appconfig.snapshot\u002Bjson; charset=utf-8",
        "Date": "Fri, 27 Oct 2023 01:18:38 GMT",
        "ETag": "\u0022afyGEK9ggb4niJMmnUWU8oaLkeWW5Ur5SY3AgdoAfRk\u0022",
        "Last-Modified": "Fri, 27 Oct 2023 01:18:07 GMT",
        "Link": "\u003C/kv?snapshot=snapshot6003391a\u0026api-version=2022-11-01-preview\u003E; rel=\u0022items\u0022",
        "Strict-Transport-Security": "max-age=15724800; includeSubDomains",
        "Sync-Token": "zAJw6V16=Njo1IzIxMjM1MzQx;sn=21235341",
        "Transfer-Encoding": "chunked",
        "x-ms-correlation-request-id": "1d46e704-2127-41b2-9364-dfb91963965b"
      },
      "ResponseBody": {
        "etag": "afyGEK9ggb4niJMmnUWU8oaLkeWW5Ur5SY3AgdoAfRk",
        "name": "snapshot6003391a",
        "status": "ready",
        "filters": [
          {
            "key": "PYTHON_UNIT_test_key_a6af8952-54a6-11e9-b600-2816a84d0309",
            "label": "test_label1_1d7b2b28-549e-11e9-b51c-2816a84d0309"
          }
        ],
        "composition_type": "key",
        "created": "2023-10-27T01:18:07\u002B00:00",
        "size": 1000,
        "items_count": 1,
        "tags": {},
        "retention_period": 2592000
      }
    },
    {
      "RequestUri": "https://fake_app_config.azconfig-test.io/kv?api-version=2022-11-01-preview",
      "RequestMethod": "GET",
      "RequestHeaders": {
        "Accept": "application/vnd.microsoft.appconfig.kvset\u002Bjson, application/problem\u002Bjson",
        "Accept-Encoding": "gzip, deflate",
        "Connection": "keep-alive",
        "Sync-Token": "zAJw6V16=Njo1IzIxMjM1MzQx",
        "User-Agent": "azsdk-python-appconfiguration/unknown Python/3.11.4 (Windows-10-10.0.22621-SP0)",
        "x-ms-content-sha256": "47DEQpj8HBSa\u002B/TImW\u002B5JCeuQeRkm5NMpJWZG3hSuFU=",
        "x-ms-date": "Oct, 27 2023 01:18:39.749549 GMT"
      },
      "RequestBody": null,
      "StatusCode": 200,
      "ResponseHeaders": {
        "Access-Control-Allow-Origin": "*",
        "Connection": "keep-alive",
        "Content-Type": "application/vnd.microsoft.appconfig.kvset\u002Bjson; charset=utf-8",
        "Date": "Fri, 27 Oct 2023 01:18:38 GMT",
        "Strict-Transport-Security": "max-age=15724800; includeSubDomains",
        "Sync-Token": "zAJw6V16=Njo1IzIxMjM1MzQx;sn=21235341",
        "Transfer-Encoding": "chunked",
        "x-ms-correlation-request-id": "f641b038-b44b-4302-92d1-a3c723cfc1f0"
      },
      "ResponseBody": {
        "items": [
          {
            "etag": "vwrMzdd-VqHCxkpyeRVRWxt4KZPAITCW6A74oWfkABA",
            "key": ".appconfig.featureflag/breaking1",
            "label": null,
            "content_type": "application/vnd.microsoft.appconfig.ff\u002Bjson;charset=utf-8",
            "value": "{\u0022id\u0022: \u0022breaking1\u0022, \u0022enabled\u0022: true, \u0022conditions\u0022: {\u0022client_filters\u0022: [{\u0022name\u0022: \u0022Microsoft.TimeWindow\u0022, \u0022parameters\u0022: {\u0022Start\u0022: \u0022bababooey, 31 Mar 2021 25:00:00 GMT\u0022, \u0022End\u0022: \u0022Fri, 02 Apr 2021 04:00:00 GMT\u0022}}]}}",
            "tags": {},
            "locked": false,
            "last_modified": "2023-10-27T01:18:06\u002B00:00"
          },
          {
            "etag": "NeoMDzHIFcAre2zYqfKdYTph1uyakWFsP97EGP4x9p4",
            "key": ".appconfig.featureflag/breaking2",
            "label": null,
            "content_type": "application/vnd.microsoft.appconfig.ff\u002Bjson;charset=utf-8",
            "value": "{\u0022id\u0022: \u0022breaking2\u0022, \u0022enabled\u0022: true, \u0022conditions\u0022: {\u0022client_filters\u0022: [{\u0022name\u0022: \u0022Microsoft.TimeWindow\u0022, \u0022parameters\u0022: {\u0022Start\u0022: \u0022bababooey, 31 Mar 2021 25:00:00 GMT\u0022, \u0022End\u0022: \u0022not even trying to be a date\u0022}}]}}",
            "tags": {},
            "locked": false,
            "last_modified": "2023-10-27T01:18:07\u002B00:00"
          },
          {
            "etag": "VEBAhYOaJRfUOXIufe37GLceOleJVTKiHZCUphG3H7U",
            "key": ".appconfig.featureflag/breaking3",
            "label": null,
            "content_type": "application/vnd.microsoft.appconfig.ff\u002Bjson;charset=utf-8",
            "value": "{\u0022id\u0022: \u0022breaking3\u0022, \u0022enabled\u0022: true, \u0022conditions\u0022: {\u0022client_filters\u0022: [{\u0022name\u0022: \u0022Microsoft.TimeWindow\u0022, \u0022parameters\u0022: {\u0022Start\u0022: \u0022bababooey, 31 Mar 2021 25:00:00 GMT\u0022, \u0022End\u0022: \u0022not even trying to be a date\u0022}}]}}",
            "tags": {},
            "locked": false,
            "last_modified": "2023-10-27T01:18:07\u002B00:00"
          },
          {
            "etag": "dSv12Li0T7aHgFruGm82_Qv9V9xi3VGc5Mh-GthK4Gg",
            "key": ".appconfig.featureflag/breaking4",
            "label": null,
            "content_type": "application/vnd.microsoft.appconfig.ff\u002Bjson;charset=utf-8",
            "value": "{\u0022id\u0022: \u0022breaking4\u0022, \u0022enabled\u0022: true, \u0022conditions\u0022: {\u0022client_filters\u0022: [{\u0022name\u0022: \u0022Microsoft.TimeWindow\u0022, \u0022parameters\u0022: \u0022stringystring\u0022}]}}",
            "tags": {},
            "locked": false,
            "last_modified": "2023-10-27T01:18:07\u002B00:00"
          },
          {
            "etag": "XyQHiLgFD8xbX12A-ji8aLH6kfp2_xRgOT7p1YDpOVk",
            "key": ".appconfig.featureflag/breaking5",
            "label": null,
            "content_type": "application/vnd.microsoft.appconfig.ff\u002Bjson;charset=utf-8",
            "value": "{\u0022id\u0022: \u0022breaking5\u0022, \u0022enabled\u0022: true, \u0022conditions\u0022: {\u0022client_filters\u0022: [{\u0022name\u0022: \u0022Microsoft.Targeting\u0022, \u0022parameters\u0022: {\u0022Audience\u0022: {\u0022Users\u0022: \u0022123\u0022}}}]}}",
            "tags": {},
            "locked": false,
            "last_modified": "2023-10-27T01:18:07\u002B00:00"
          },
          {
            "etag": "N4Ggjiobnhy2NOB8kHuJzSqlNlHQEUB7oInWHrq--2Y",
            "key": ".appconfig.featureflag/breaking6",
            "label": null,
            "content_type": "application/vnd.microsoft.appconfig.ff\u002Bjson;charset=utf-8",
            "value": "{\u0022id\u0022: \u0022breaking6\u0022, \u0022enabled\u0022: true, \u0022conditions\u0022: {\u0022client_filters\u0022: [{\u0022name\u0022: \u0022Microsoft.Targeting\u0022, \u0022parameters\u0022: \u0022invalidformat\u0022}]}}",
            "tags": {},
            "locked": false,
            "last_modified": "2023-10-27T01:18:07\u002B00:00"
          },
          {
            "etag": "lq32wlm1ebYQF8KTd6V-1ZR_yPKywNRHVPb5QZTQFCw",
            "key": ".appconfig.featureflag/breaking7",
            "label": null,
            "content_type": "application/vnd.microsoft.appconfig.ff\u002Bjson;charset=utf-8",
            "value": "{\u0022id\u0022: \u0022breaking7\u0022, \u0022enabled\u0022: true, \u0022conditions\u0022: {\u0022client_filters\u0022: [{\u0022abc\u0022: \u0022def\u0022}]}}",
            "tags": {},
            "locked": false,
            "last_modified": "2023-10-27T01:18:07\u002B00:00"
          },
          {
            "etag": "S6PiOdEecT-5nLeL_SRnr7ICUpqp6XzpF4ADzYlZJIE",
            "key": "PYTHON_UNIT_test_key_a6af8952-54a6-11e9-b600-2816a84d0309",
            "label": null,
            "content_type": "test content type",
            "value": "test value",
            "tags": {
              "tag1": "tag1",
              "tag2": "tag2"
            },
            "locked": false,
            "last_modified": "2023-10-27T01:18:05\u002B00:00"
          },
          {
            "etag": "MFyLc7aRp48PyGpbnz6cTK8YNvOS6iY3L10Mo1TSVA0",
            "key": "PYTHON_UNIT_test_key_a6af8952-54a6-11e9-b600-2816a84d0309",
            "label": "test_label1_1d7b2b28-549e-11e9-b51c-2816a84d0309",
            "content_type": "test content type",
            "value": "test value",
            "tags": {
              "tag1": "tag1",
              "tag2": "tag2"
            },
            "locked": false,
            "last_modified": "2023-10-27T01:18:05\u002B00:00"
          }
        ]
      }
    },
    {
      "RequestUri": "https://fake_app_config.azconfig-test.io/kv/.appconfig.featureflag%2Fbreaking1?api-version=2022-11-01-preview",
      "RequestMethod": "DELETE",
      "RequestHeaders": {
        "Accept": "application/vnd.microsoft.appconfig.kv\u002Bjson, application/problem\u002Bjson",
        "Accept-Encoding": "gzip, deflate",
        "Connection": "keep-alive",
        "Content-Length": "0",
        "Sync-Token": "zAJw6V16=Njo1IzIxMjM1MzQx",
        "User-Agent": "azsdk-python-appconfiguration/unknown Python/3.11.4 (Windows-10-10.0.22621-SP0)",
        "x-ms-content-sha256": "47DEQpj8HBSa\u002B/TImW\u002B5JCeuQeRkm5NMpJWZG3hSuFU=",
        "x-ms-date": "Oct, 27 2023 01:18:39.797071 GMT"
      },
      "RequestBody": null,
      "StatusCode": 200,
      "ResponseHeaders": {
        "Access-Control-Allow-Origin": "*",
        "Connection": "keep-alive",
        "Content-Type": "application/vnd.microsoft.appconfig.kv\u002Bjson; charset=utf-8",
        "Date": "Fri, 27 Oct 2023 01:18:38 GMT",
        "ETag": "\u0022vwrMzdd-VqHCxkpyeRVRWxt4KZPAITCW6A74oWfkABA\u0022",
        "Last-Modified": "Fri, 27 Oct 2023 01:18:06 GMT",
        "Strict-Transport-Security": "max-age=15724800; includeSubDomains",
        "Sync-Token": "zAJw6V16=Njo1IzIxMjM1MzQy;sn=21235342",
        "Transfer-Encoding": "chunked",
        "x-ms-correlation-request-id": "fbb6b657-1dd0-44f2-b320-726d7ea5e591"
      },
      "ResponseBody": {
        "etag": "vwrMzdd-VqHCxkpyeRVRWxt4KZPAITCW6A74oWfkABA",
        "key": ".appconfig.featureflag/breaking1",
        "label": null,
        "content_type": "application/vnd.microsoft.appconfig.ff\u002Bjson;charset=utf-8",
        "value": "{\u0022id\u0022: \u0022breaking1\u0022, \u0022enabled\u0022: true, \u0022conditions\u0022: {\u0022client_filters\u0022: [{\u0022name\u0022: \u0022Microsoft.TimeWindow\u0022, \u0022parameters\u0022: {\u0022Start\u0022: \u0022bababooey, 31 Mar 2021 25:00:00 GMT\u0022, \u0022End\u0022: \u0022Fri, 02 Apr 2021 04:00:00 GMT\u0022}}]}}",
        "tags": {},
        "locked": false,
        "last_modified": "2023-10-27T01:18:06\u002B00:00"
      }
    },
    {
      "RequestUri": "https://fake_app_config.azconfig-test.io/kv/.appconfig.featureflag%2Fbreaking2?api-version=2022-11-01-preview",
      "RequestMethod": "DELETE",
      "RequestHeaders": {
        "Accept": "application/vnd.microsoft.appconfig.kv\u002Bjson, application/problem\u002Bjson",
        "Accept-Encoding": "gzip, deflate",
        "Connection": "keep-alive",
        "Content-Length": "0",
        "Sync-Token": "zAJw6V16=Njo1IzIxMjM1MzQy",
        "User-Agent": "azsdk-python-appconfiguration/unknown Python/3.11.4 (Windows-10-10.0.22621-SP0)",
        "x-ms-content-sha256": "47DEQpj8HBSa\u002B/TImW\u002B5JCeuQeRkm5NMpJWZG3hSuFU=",
        "x-ms-date": "Oct, 27 2023 01:18:39.838017 GMT"
      },
      "RequestBody": null,
      "StatusCode": 200,
      "ResponseHeaders": {
        "Access-Control-Allow-Origin": "*",
        "Connection": "keep-alive",
        "Content-Type": "application/vnd.microsoft.appconfig.kv\u002Bjson; charset=utf-8",
        "Date": "Fri, 27 Oct 2023 01:18:38 GMT",
        "ETag": "\u0022NeoMDzHIFcAre2zYqfKdYTph1uyakWFsP97EGP4x9p4\u0022",
        "Last-Modified": "Fri, 27 Oct 2023 01:18:07 GMT",
        "Strict-Transport-Security": "max-age=15724800; includeSubDomains",
        "Sync-Token": "zAJw6V16=Njo1IzIxMjM1MzQz;sn=21235343",
        "Transfer-Encoding": "chunked",
        "x-ms-correlation-request-id": "a289316f-7c3b-4148-b161-b7f978346858"
      },
      "ResponseBody": {
        "etag": "NeoMDzHIFcAre2zYqfKdYTph1uyakWFsP97EGP4x9p4",
        "key": ".appconfig.featureflag/breaking2",
        "label": null,
        "content_type": "application/vnd.microsoft.appconfig.ff\u002Bjson;charset=utf-8",
        "value": "{\u0022id\u0022: \u0022breaking2\u0022, \u0022enabled\u0022: true, \u0022conditions\u0022: {\u0022client_filters\u0022: [{\u0022name\u0022: \u0022Microsoft.TimeWindow\u0022, \u0022parameters\u0022: {\u0022Start\u0022: \u0022bababooey, 31 Mar 2021 25:00:00 GMT\u0022, \u0022End\u0022: \u0022not even trying to be a date\u0022}}]}}",
        "tags": {},
        "locked": false,
        "last_modified": "2023-10-27T01:18:07\u002B00:00"
      }
    },
    {
      "RequestUri": "https://fake_app_config.azconfig-test.io/kv/.appconfig.featureflag%2Fbreaking3?api-version=2022-11-01-preview",
      "RequestMethod": "DELETE",
      "RequestHeaders": {
        "Accept": "application/vnd.microsoft.appconfig.kv\u002Bjson, application/problem\u002Bjson",
        "Accept-Encoding": "gzip, deflate",
        "Connection": "keep-alive",
        "Content-Length": "0",
        "Sync-Token": "zAJw6V16=Njo1IzIxMjM1MzQz",
        "User-Agent": "azsdk-python-appconfiguration/unknown Python/3.11.4 (Windows-10-10.0.22621-SP0)",
        "x-ms-content-sha256": "47DEQpj8HBSa\u002B/TImW\u002B5JCeuQeRkm5NMpJWZG3hSuFU=",
        "x-ms-date": "Oct, 27 2023 01:18:39.877125 GMT"
      },
      "RequestBody": null,
      "StatusCode": 200,
      "ResponseHeaders": {
        "Access-Control-Allow-Origin": "*",
        "Connection": "keep-alive",
        "Content-Type": "application/vnd.microsoft.appconfig.kv\u002Bjson; charset=utf-8",
        "Date": "Fri, 27 Oct 2023 01:18:38 GMT",
        "ETag": "\u0022VEBAhYOaJRfUOXIufe37GLceOleJVTKiHZCUphG3H7U\u0022",
        "Last-Modified": "Fri, 27 Oct 2023 01:18:07 GMT",
        "Strict-Transport-Security": "max-age=15724800; includeSubDomains",
        "Sync-Token": "zAJw6V16=Njo1IzIxMjM1MzQ0;sn=21235344",
        "Transfer-Encoding": "chunked",
        "x-ms-correlation-request-id": "2b76c35c-e2cd-44f4-8d7e-90b03de1ed9e"
      },
      "ResponseBody": {
        "etag": "VEBAhYOaJRfUOXIufe37GLceOleJVTKiHZCUphG3H7U",
        "key": ".appconfig.featureflag/breaking3",
        "label": null,
        "content_type": "application/vnd.microsoft.appconfig.ff\u002Bjson;charset=utf-8",
        "value": "{\u0022id\u0022: \u0022breaking3\u0022, \u0022enabled\u0022: true, \u0022conditions\u0022: {\u0022client_filters\u0022: [{\u0022name\u0022: \u0022Microsoft.TimeWindow\u0022, \u0022parameters\u0022: {\u0022Start\u0022: \u0022bababooey, 31 Mar 2021 25:00:00 GMT\u0022, \u0022End\u0022: \u0022not even trying to be a date\u0022}}]}}",
        "tags": {},
        "locked": false,
        "last_modified": "2023-10-27T01:18:07\u002B00:00"
      }
    },
    {
      "RequestUri": "https://fake_app_config.azconfig-test.io/kv/.appconfig.featureflag%2Fbreaking4?api-version=2022-11-01-preview",
      "RequestMethod": "DELETE",
      "RequestHeaders": {
        "Accept": "application/vnd.microsoft.appconfig.kv\u002Bjson, application/problem\u002Bjson",
        "Accept-Encoding": "gzip, deflate",
        "Connection": "keep-alive",
        "Content-Length": "0",
        "Sync-Token": "zAJw6V16=Njo1IzIxMjM1MzQ0",
        "User-Agent": "azsdk-python-appconfiguration/unknown Python/3.11.4 (Windows-10-10.0.22621-SP0)",
        "x-ms-content-sha256": "47DEQpj8HBSa\u002B/TImW\u002B5JCeuQeRkm5NMpJWZG3hSuFU=",
        "x-ms-date": "Oct, 27 2023 01:18:39.909262 GMT"
      },
      "RequestBody": null,
      "StatusCode": 200,
      "ResponseHeaders": {
        "Access-Control-Allow-Origin": "*",
        "Connection": "keep-alive",
        "Content-Type": "application/vnd.microsoft.appconfig.kv\u002Bjson; charset=utf-8",
        "Date": "Fri, 27 Oct 2023 01:18:38 GMT",
        "ETag": "\u0022dSv12Li0T7aHgFruGm82_Qv9V9xi3VGc5Mh-GthK4Gg\u0022",
        "Last-Modified": "Fri, 27 Oct 2023 01:18:07 GMT",
        "Strict-Transport-Security": "max-age=15724800; includeSubDomains",
        "Sync-Token": "zAJw6V16=Njo1IzIxMjM1MzQ1;sn=21235345",
        "Transfer-Encoding": "chunked",
        "x-ms-correlation-request-id": "2ff88717-2372-470b-bfb3-2de42eddfa3e"
      },
      "ResponseBody": {
        "etag": "dSv12Li0T7aHgFruGm82_Qv9V9xi3VGc5Mh-GthK4Gg",
        "key": ".appconfig.featureflag/breaking4",
        "label": null,
        "content_type": "application/vnd.microsoft.appconfig.ff\u002Bjson;charset=utf-8",
        "value": "{\u0022id\u0022: \u0022breaking4\u0022, \u0022enabled\u0022: true, \u0022conditions\u0022: {\u0022client_filters\u0022: [{\u0022name\u0022: \u0022Microsoft.TimeWindow\u0022, \u0022parameters\u0022: \u0022stringystring\u0022}]}}",
        "tags": {},
        "locked": false,
        "last_modified": "2023-10-27T01:18:07\u002B00:00"
      }
    },
    {
      "RequestUri": "https://fake_app_config.azconfig-test.io/kv/.appconfig.featureflag%2Fbreaking5?api-version=2022-11-01-preview",
      "RequestMethod": "DELETE",
      "RequestHeaders": {
        "Accept": "application/vnd.microsoft.appconfig.kv\u002Bjson, application/problem\u002Bjson",
        "Accept-Encoding": "gzip, deflate",
        "Connection": "keep-alive",
        "Content-Length": "0",
        "Sync-Token": "zAJw6V16=Njo1IzIxMjM1MzQ1",
        "User-Agent": "azsdk-python-appconfiguration/unknown Python/3.11.4 (Windows-10-10.0.22621-SP0)",
        "x-ms-content-sha256": "47DEQpj8HBSa\u002B/TImW\u002B5JCeuQeRkm5NMpJWZG3hSuFU=",
        "x-ms-date": "Oct, 27 2023 01:18:39.941358 GMT"
      },
      "RequestBody": null,
      "StatusCode": 200,
      "ResponseHeaders": {
        "Access-Control-Allow-Origin": "*",
        "Connection": "keep-alive",
        "Content-Type": "application/vnd.microsoft.appconfig.kv\u002Bjson; charset=utf-8",
        "Date": "Fri, 27 Oct 2023 01:18:38 GMT",
        "ETag": "\u0022XyQHiLgFD8xbX12A-ji8aLH6kfp2_xRgOT7p1YDpOVk\u0022",
        "Last-Modified": "Fri, 27 Oct 2023 01:18:07 GMT",
        "Strict-Transport-Security": "max-age=15724800; includeSubDomains",
        "Sync-Token": "zAJw6V16=Njo1IzIxMjM1MzQ2;sn=21235346",
        "Transfer-Encoding": "chunked",
        "x-ms-correlation-request-id": "e7db713f-de49-4607-a83c-46c19bc8814e"
      },
      "ResponseBody": {
        "etag": "XyQHiLgFD8xbX12A-ji8aLH6kfp2_xRgOT7p1YDpOVk",
        "key": ".appconfig.featureflag/breaking5",
        "label": null,
        "content_type": "application/vnd.microsoft.appconfig.ff\u002Bjson;charset=utf-8",
        "value": "{\u0022id\u0022: \u0022breaking5\u0022, \u0022enabled\u0022: true, \u0022conditions\u0022: {\u0022client_filters\u0022: [{\u0022name\u0022: \u0022Microsoft.Targeting\u0022, \u0022parameters\u0022: {\u0022Audience\u0022: {\u0022Users\u0022: \u0022123\u0022}}}]}}",
        "tags": {},
        "locked": false,
        "last_modified": "2023-10-27T01:18:07\u002B00:00"
      }
    },
    {
      "RequestUri": "https://fake_app_config.azconfig-test.io/kv/.appconfig.featureflag%2Fbreaking6?api-version=2022-11-01-preview",
      "RequestMethod": "DELETE",
      "RequestHeaders": {
        "Accept": "application/vnd.microsoft.appconfig.kv\u002Bjson, application/problem\u002Bjson",
        "Accept-Encoding": "gzip, deflate",
        "Connection": "keep-alive",
        "Content-Length": "0",
        "Sync-Token": "zAJw6V16=Njo1IzIxMjM1MzQ2",
        "User-Agent": "azsdk-python-appconfiguration/unknown Python/3.11.4 (Windows-10-10.0.22621-SP0)",
        "x-ms-content-sha256": "47DEQpj8HBSa\u002B/TImW\u002B5JCeuQeRkm5NMpJWZG3hSuFU=",
        "x-ms-date": "Oct, 27 2023 01:18:39.989200 GMT"
      },
      "RequestBody": null,
      "StatusCode": 200,
      "ResponseHeaders": {
        "Access-Control-Allow-Origin": "*",
        "Connection": "keep-alive",
        "Content-Type": "application/vnd.microsoft.appconfig.kv\u002Bjson; charset=utf-8",
        "Date": "Fri, 27 Oct 2023 01:18:38 GMT",
        "ETag": "\u0022N4Ggjiobnhy2NOB8kHuJzSqlNlHQEUB7oInWHrq--2Y\u0022",
        "Last-Modified": "Fri, 27 Oct 2023 01:18:07 GMT",
        "Strict-Transport-Security": "max-age=15724800; includeSubDomains",
        "Sync-Token": "zAJw6V16=Njo1IzIxMjM1MzQ3;sn=21235347",
        "Transfer-Encoding": "chunked",
        "x-ms-correlation-request-id": "9c1dd973-307b-4c29-a986-000726e3708c"
      },
      "ResponseBody": {
        "etag": "N4Ggjiobnhy2NOB8kHuJzSqlNlHQEUB7oInWHrq--2Y",
        "key": ".appconfig.featureflag/breaking6",
        "label": null,
        "content_type": "application/vnd.microsoft.appconfig.ff\u002Bjson;charset=utf-8",
        "value": "{\u0022id\u0022: \u0022breaking6\u0022, \u0022enabled\u0022: true, \u0022conditions\u0022: {\u0022client_filters\u0022: [{\u0022name\u0022: \u0022Microsoft.Targeting\u0022, \u0022parameters\u0022: \u0022invalidformat\u0022}]}}",
        "tags": {},
        "locked": false,
        "last_modified": "2023-10-27T01:18:07\u002B00:00"
      }
    },
    {
      "RequestUri": "https://fake_app_config.azconfig-test.io/kv/.appconfig.featureflag%2Fbreaking7?api-version=2022-11-01-preview",
      "RequestMethod": "DELETE",
      "RequestHeaders": {
        "Accept": "application/vnd.microsoft.appconfig.kv\u002Bjson, application/problem\u002Bjson",
        "Accept-Encoding": "gzip, deflate",
        "Connection": "keep-alive",
        "Content-Length": "0",
        "Sync-Token": "zAJw6V16=Njo1IzIxMjM1MzQ3",
        "User-Agent": "azsdk-python-appconfiguration/unknown Python/3.11.4 (Windows-10-10.0.22621-SP0)",
        "x-ms-content-sha256": "47DEQpj8HBSa\u002B/TImW\u002B5JCeuQeRkm5NMpJWZG3hSuFU=",
        "x-ms-date": "Oct, 27 2023 01:18:40.025242 GMT"
      },
      "RequestBody": null,
      "StatusCode": 200,
      "ResponseHeaders": {
        "Access-Control-Allow-Origin": "*",
        "Connection": "keep-alive",
        "Content-Type": "application/vnd.microsoft.appconfig.kv\u002Bjson; charset=utf-8",
        "Date": "Fri, 27 Oct 2023 01:18:38 GMT",
        "ETag": "\u0022lq32wlm1ebYQF8KTd6V-1ZR_yPKywNRHVPb5QZTQFCw\u0022",
        "Last-Modified": "Fri, 27 Oct 2023 01:18:07 GMT",
        "Strict-Transport-Security": "max-age=15724800; includeSubDomains",
        "Sync-Token": "zAJw6V16=Njo1IzIxMjM1MzQ4;sn=21235348",
        "Transfer-Encoding": "chunked",
        "x-ms-correlation-request-id": "31c55b35-b92a-4685-8d7c-003d0ea98445"
      },
      "ResponseBody": {
        "etag": "lq32wlm1ebYQF8KTd6V-1ZR_yPKywNRHVPb5QZTQFCw",
        "key": ".appconfig.featureflag/breaking7",
        "label": null,
        "content_type": "application/vnd.microsoft.appconfig.ff\u002Bjson;charset=utf-8",
        "value": "{\u0022id\u0022: \u0022breaking7\u0022, \u0022enabled\u0022: true, \u0022conditions\u0022: {\u0022client_filters\u0022: [{\u0022abc\u0022: \u0022def\u0022}]}}",
        "tags": {},
        "locked": false,
        "last_modified": "2023-10-27T01:18:07\u002B00:00"
      }
    },
    {
      "RequestUri": "https://fake_app_config.azconfig-test.io/kv/PYTHON_UNIT_test_key_a6af8952-54a6-11e9-b600-2816a84d0309?api-version=2022-11-01-preview",
      "RequestMethod": "DELETE",
      "RequestHeaders": {
        "Accept": "application/vnd.microsoft.appconfig.kv\u002Bjson, application/problem\u002Bjson",
        "Accept-Encoding": "gzip, deflate",
        "Connection": "keep-alive",
        "Content-Length": "0",
        "Sync-Token": "zAJw6V16=Njo1IzIxMjM1MzQ4",
        "User-Agent": "azsdk-python-appconfiguration/unknown Python/3.11.4 (Windows-10-10.0.22621-SP0)",
        "x-ms-content-sha256": "47DEQpj8HBSa\u002B/TImW\u002B5JCeuQeRkm5NMpJWZG3hSuFU=",
        "x-ms-date": "Oct, 27 2023 01:18:40.056396 GMT"
      },
      "RequestBody": null,
      "StatusCode": 200,
      "ResponseHeaders": {
        "Access-Control-Allow-Origin": "*",
        "Connection": "keep-alive",
        "Content-Type": "application/vnd.microsoft.appconfig.kv\u002Bjson; charset=utf-8",
        "Date": "Fri, 27 Oct 2023 01:18:38 GMT",
        "ETag": "\u0022S6PiOdEecT-5nLeL_SRnr7ICUpqp6XzpF4ADzYlZJIE\u0022",
        "Last-Modified": "Fri, 27 Oct 2023 01:18:05 GMT",
        "Strict-Transport-Security": "max-age=15724800; includeSubDomains",
        "Sync-Token": "zAJw6V16=Njo1IzIxMjM1MzQ5;sn=21235349",
        "Transfer-Encoding": "chunked",
        "x-ms-correlation-request-id": "c887fcad-8885-493c-b257-1c08107f71b1"
      },
      "ResponseBody": {
        "etag": "S6PiOdEecT-5nLeL_SRnr7ICUpqp6XzpF4ADzYlZJIE",
        "key": "PYTHON_UNIT_test_key_a6af8952-54a6-11e9-b600-2816a84d0309",
        "label": null,
        "content_type": "test content type",
        "value": "test value",
        "tags": {
          "tag1": "tag1",
          "tag2": "tag2"
        },
        "locked": false,
        "last_modified": "2023-10-27T01:18:05\u002B00:00"
      }
    },
    {
      "RequestUri": "https://fake_app_config.azconfig-test.io/kv/PYTHON_UNIT_test_key_a6af8952-54a6-11e9-b600-2816a84d0309?label=test_label1_1d7b2b28-549e-11e9-b51c-2816a84d0309\u0026api-version=2022-11-01-preview",
      "RequestMethod": "DELETE",
      "RequestHeaders": {
        "Accept": "application/vnd.microsoft.appconfig.kv\u002Bjson, application/problem\u002Bjson",
        "Accept-Encoding": "gzip, deflate",
        "Connection": "keep-alive",
        "Content-Length": "0",
        "Sync-Token": "zAJw6V16=Njo1IzIxMjM1MzQ5",
        "User-Agent": "azsdk-python-appconfiguration/unknown Python/3.11.4 (Windows-10-10.0.22621-SP0)",
        "x-ms-content-sha256": "47DEQpj8HBSa\u002B/TImW\u002B5JCeuQeRkm5NMpJWZG3hSuFU=",
        "x-ms-date": "Oct, 27 2023 01:18:40.100560 GMT"
      },
      "RequestBody": null,
      "StatusCode": 200,
      "ResponseHeaders": {
        "Access-Control-Allow-Origin": "*",
        "Connection": "keep-alive",
        "Content-Type": "application/vnd.microsoft.appconfig.kv\u002Bjson; charset=utf-8",
        "Date": "Fri, 27 Oct 2023 01:18:38 GMT",
        "ETag": "\u0022MFyLc7aRp48PyGpbnz6cTK8YNvOS6iY3L10Mo1TSVA0\u0022",
        "Last-Modified": "Fri, 27 Oct 2023 01:18:05 GMT",
        "Strict-Transport-Security": "max-age=15724800; includeSubDomains",
        "Sync-Token": "zAJw6V16=Njo1IzIxMjM1MzUw;sn=21235350",
        "Transfer-Encoding": "chunked",
        "x-ms-correlation-request-id": "be34f7ee-ee15-4481-89b2-131a029258dd"
      },
      "ResponseBody": {
        "etag": "MFyLc7aRp48PyGpbnz6cTK8YNvOS6iY3L10Mo1TSVA0",
        "key": "PYTHON_UNIT_test_key_a6af8952-54a6-11e9-b600-2816a84d0309",
        "label": "test_label1_1d7b2b28-549e-11e9-b51c-2816a84d0309",
        "content_type": "test content type",
        "value": "test value",
        "tags": {
          "tag1": "tag1",
          "tag2": "tag2"
        },
        "locked": false,
        "last_modified": "2023-10-27T01:18:05\u002B00:00"
      }
    }
  ],
  "Variables": {}
}
