{
  "Entries": [
    {
      "RequestUri": "https://login.microsoftonline.com/00000000-0000-0000-0000-000000000000/oauth2/v2.0/token",
      "RequestMethod": "POST",
      "RequestHeaders": {
        "Accept": "*/*",
        "Accept-Encoding": "gzip, deflate",
        "Content-Length": "155",
        "Content-Type": "application/x-www-form-urlencoded",
        "User-Agent": "azsdk-python-identity/1.15.0b3 Python/3.11.4 (Windows-10-10.0.22621-SP0)"
      },
      "RequestBody": "client_id=client-id\u0026client_secret=client-secret\u0026grant_type=client_credentials\u0026scope=https%3A%2F%2Fyallappconfigtests-azconfig-python.azconfig.io%2F.default",
      "StatusCode": 200,
      "ResponseHeaders": {
        "Cache-Control": "no-store, no-cache",
        "Content-Length": "92",
        "Content-Type": "application/json; charset=utf-8",
        "Date": "Fri, 27 Oct 2023 01:20:47 GMT",
        "Expires": "-1",
        "P3P": "CP=\u0022DSP CUR OTPi IND OTRi ONL FIN\u0022",
        "Pragma": "no-cache",
        "Set-Cookie": [
          "fpc=AlXIApsMyFJOlueY8rap46NlsdrxDQAAAEEHzdwOAAAA; expires=Sun, 26-Nov-2023 01:20:47 GMT; path=/; secure; HttpOnly; SameSite=None",
          "x-ms-gateway-slice=estsfd; path=/; secure; samesite=none; httponly"
        ],
        "Strict-Transport-Security": "max-age=31536000; includeSubDomains",
        "X-Content-Type-Options": "nosniff",
        "x-ms-ests-server": "2.1.16571.6 - EUS ProdSlices",
        "X-XSS-Protection": "0"
      },
      "ResponseBody": {
        "token_type": "Bearer",
        "expires_in": 86399,
        "ext_expires_in": 86399,
        "access_token": "Sanitized"
      }
    },
    {
      "RequestUri": "https://fake_app_config.azconfig-test.io/kv/.appconfig.featureflag%2Ftime_window?api-version=2022-11-01-preview",
      "RequestMethod": "PUT",
      "RequestHeaders": {
        "Accept": "application/vnd.microsoft.appconfig.kv\u002Bjson, application/problem\u002Bjson",
        "Accept-Encoding": "gzip, deflate",
        "Content-Length": "377",
        "Content-Type": "application/json",
        "User-Agent": "azsdk-python-appconfiguration/1.5.0b4 Python/3.11.4 (Windows-10-10.0.22621-SP0)"
      },
      "RequestBody": {
        "key": ".appconfig.featureflag/time_window",
        "content_type": "application/vnd.microsoft.appconfig.ff\u002Bjson;charset=utf-8",
        "value": "{\u0022id\u0022: \u0022time_window\u0022, \u0022enabled\u0022: true, \u0022conditions\u0022: {\u0022client_filters\u0022: [{\u0022name\u0022: \u0022Microsoft.TimeWindow\u0022, \u0022parameters\u0022: {\u0022Start\u0022: \u0022Wed, 10 Mar 2021 05:00:00 GMT\u0022, \u0022End\u0022: \u0022Fri, 02 Apr 2021 04:00:00 GMT\u0022}}]}}",
        "tags": {}
      },
      "StatusCode": 200,
      "ResponseHeaders": {
        "Access-Control-Allow-Origin": "*",
        "Connection": "keep-alive",
        "Content-Type": "application/vnd.microsoft.appconfig.kv\u002Bjson; charset=utf-8",
        "Date": "Fri, 27 Oct 2023 01:20:47 GMT",
        "ETag": "\u0022C-GcQ5xcooRvSSSBGRfcxMyAfqb_6IDBQxzU6tao-9Y\u0022",
        "Last-Modified": "Fri, 27 Oct 2023 01:20:47 GMT",
        "Strict-Transport-Security": "max-age=15724800; includeSubDomains",
        "Sync-Token": "zAJw6V16=Njo1IzIxMjM2Mjc0;sn=21236274",
        "Transfer-Encoding": "chunked",
        "x-ms-correlation-request-id": "66274e03-d565-42c1-8707-04093cd344f6"
      },
      "ResponseBody": {
        "etag": "C-GcQ5xcooRvSSSBGRfcxMyAfqb_6IDBQxzU6tao-9Y",
        "key": ".appconfig.featureflag/time_window",
        "label": null,
        "content_type": "application/vnd.microsoft.appconfig.ff\u002Bjson;charset=utf-8",
        "value": "{\u0022id\u0022: \u0022time_window\u0022, \u0022enabled\u0022: true, \u0022conditions\u0022: {\u0022client_filters\u0022: [{\u0022name\u0022: \u0022Microsoft.TimeWindow\u0022, \u0022parameters\u0022: {\u0022Start\u0022: \u0022Wed, 10 Mar 2021 05:00:00 GMT\u0022, \u0022End\u0022: \u0022Fri, 02 Apr 2021 04:00:00 GMT\u0022}}]}}",
        "tags": {},
        "locked": false,
        "last_modified": "2023-10-27T01:20:47\u002B00:00"
      }
    },
    {
      "RequestUri": "https://fake_app_config.azconfig-test.io/kv/.appconfig.featureflag%2Ftime_window?api-version=2022-11-01-preview",
      "RequestMethod": "PUT",
      "RequestHeaders": {
        "Accept": "application/vnd.microsoft.appconfig.kv\u002Bjson, application/problem\u002Bjson",
        "Accept-Encoding": "gzip, deflate",
        "Content-Length": "496",
        "Content-Type": "application/json",
        "Sync-Token": "zAJw6V16=Njo1IzIxMjM2Mjc0",
        "User-Agent": "azsdk-python-appconfiguration/1.5.0b4 Python/3.11.4 (Windows-10-10.0.22621-SP0)"
      },
      "RequestBody": {
        "key": ".appconfig.featureflag/time_window",
        "content_type": "application/vnd.microsoft.appconfig.ff\u002Bjson;charset=utf-8",
        "value": "{\u0022id\u0022: \u0022time_window\u0022, \u0022enabled\u0022: true, \u0022conditions\u0022: {\u0022client_filters\u0022: [{\u0022name\u0022: \u0022Microsoft.TimeWindow\u0022, \u0022parameters\u0022: {\u0022Start\u0022: \u0022Thurs, 11 Mar 2021 05:00:00 GMT\u0022, \u0022End\u0022: \u0022Fri, 02 Apr 2021 04:00:00 GMT\u0022}}]}}",
        "last_modified": "2023-10-27T01:20:47.000Z",
        "tags": {},
        "locked": false,
        "etag": "C-GcQ5xcooRvSSSBGRfcxMyAfqb_6IDBQxzU6tao-9Y"
      },
      "StatusCode": 200,
      "ResponseHeaders": {
        "Access-Control-Allow-Origin": "*",
        "Connection": "keep-alive",
        "Content-Type": "application/vnd.microsoft.appconfig.kv\u002Bjson; charset=utf-8",
        "Date": "Fri, 27 Oct 2023 01:20:47 GMT",
        "ETag": "\u0022KoFoIkJhK09rNL5zxffTUoJRUNpaZEXEtTiXIQVNkTs\u0022",
        "Last-Modified": "Fri, 27 Oct 2023 01:20:47 GMT",
        "Strict-Transport-Security": "max-age=15724800; includeSubDomains",
        "Sync-Token": "zAJw6V16=Njo1IzIxMjM2Mjc2;sn=21236276",
        "Transfer-Encoding": "chunked",
        "x-ms-correlation-request-id": "97f9592f-3a6e-4ba8-9475-932f8601db9b"
      },
      "ResponseBody": {
        "etag": "KoFoIkJhK09rNL5zxffTUoJRUNpaZEXEtTiXIQVNkTs",
        "key": ".appconfig.featureflag/time_window",
        "label": null,
        "content_type": "application/vnd.microsoft.appconfig.ff\u002Bjson;charset=utf-8",
        "value": "{\u0022id\u0022: \u0022time_window\u0022, \u0022enabled\u0022: true, \u0022conditions\u0022: {\u0022client_filters\u0022: [{\u0022name\u0022: \u0022Microsoft.TimeWindow\u0022, \u0022parameters\u0022: {\u0022Start\u0022: \u0022Thurs, 11 Mar 2021 05:00:00 GMT\u0022, \u0022End\u0022: \u0022Fri, 02 Apr 2021 04:00:00 GMT\u0022}}]}}",
        "tags": {},
        "locked": false,
        "last_modified": "2023-10-27T01:20:47\u002B00:00"
      }
    },
    {
      "RequestUri": "https://fake_app_config.azconfig-test.io/kv/.appconfig.featureflag%2Ftime_window?api-version=2022-11-01-preview",
      "RequestMethod": "DELETE",
      "RequestHeaders": {
        "Accept": "application/vnd.microsoft.appconfig.kv\u002Bjson, application/problem\u002Bjson",
        "Accept-Encoding": "gzip, deflate",
        "Content-Length": "0",
        "Sync-Token": "zAJw6V16=Njo1IzIxMjM2Mjc2",
        "User-Agent": "azsdk-python-appconfiguration/1.5.0b4 Python/3.11.4 (Windows-10-10.0.22621-SP0)"
      },
      "RequestBody": null,
      "StatusCode": 200,
      "ResponseHeaders": {
        "Access-Control-Allow-Origin": "*",
        "Connection": "keep-alive",
        "Content-Type": "application/vnd.microsoft.appconfig.kv\u002Bjson; charset=utf-8",
        "Date": "Fri, 27 Oct 2023 01:20:48 GMT",
        "ETag": "\u0022KoFoIkJhK09rNL5zxffTUoJRUNpaZEXEtTiXIQVNkTs\u0022",
        "Last-Modified": "Fri, 27 Oct 2023 01:20:47 GMT",
        "Strict-Transport-Security": "max-age=15724800; includeSubDomains",
        "Sync-Token": "zAJw6V16=Njo1IzIxMjM2Mjc4;sn=21236278",
        "Transfer-Encoding": "chunked",
        "x-ms-correlation-request-id": "3886a11c-9c9c-4a1b-9c84-d4b8e4d931d5"
      },
      "ResponseBody": {
        "etag": "KoFoIkJhK09rNL5zxffTUoJRUNpaZEXEtTiXIQVNkTs",
        "key": ".appconfig.featureflag/time_window",
        "label": null,
        "content_type": "application/vnd.microsoft.appconfig.ff\u002Bjson;charset=utf-8",
        "value": "{\u0022id\u0022: \u0022time_window\u0022, \u0022enabled\u0022: true, \u0022conditions\u0022: {\u0022client_filters\u0022: [{\u0022name\u0022: \u0022Microsoft.TimeWindow\u0022, \u0022parameters\u0022: {\u0022Start\u0022: \u0022Thurs, 11 Mar 2021 05:00:00 GMT\u0022, \u0022End\u0022: \u0022Fri, 02 Apr 2021 04:00:00 GMT\u0022}}]}}",
        "tags": {},
        "locked": false,
        "last_modified": "2023-10-27T01:20:47\u002B00:00"
      }
    }
  ],
  "Variables": {}
}
