{
  "Entries": [
    {
      "RequestUri": "https://Sanitized.azconfig.io/kv/PYTHON_UNIT_test_key_a6af8952-54a6-11e9-b600-2816a84d0309?label=test_label1_1d7b2b28-549e-11e9-b51c-2816a84d0309&api-version=2023-11-01",
      "RequestMethod": "PUT",
      "RequestHeaders": {
        "Accept": "application/vnd.microsoft.appconfig.kv+json, application/problem+json",
        "Accept-Encoding": "gzip, deflate",
        "Connection": "keep-alive",
        "Content-Length": "231",
        "Content-Type": "application/json",
        "If-None-Match": "*",
        "User-Agent": "azsdk-python-appconfiguration/unknown Python/3.12.0 (Windows-11-10.0.22631-SP0)",
        "x-ms-content-sha256": "Sanitized",
        "x-ms-date": "Jun, 12 2024 00:02:54.165348 GMT"
      },
      "RequestBody": {
        "key": "PYTHON_UNIT_test_key_a6af8952-54a6-11e9-b600-2816a84d0309",
        "label": "test_label1_1d7b2b28-549e-11e9-b51c-2816a84d0309",
        "content_type": "test content type",
        "value": "test value",
        "tags": {
          "tag1": "tag1",
          "tag2": "tag2"
        }
      },
      "StatusCode": 200,
      "ResponseHeaders": {
        "Access-Control-Allow-Origin": "*",
        "Connection": "keep-alive",
        "Content-Type": "application/vnd.microsoft.appconfig.kv+json; charset=utf-8",
        "Date": "Wed, 12 Jun 2024 00:02:54 GMT",
        "ETag": "\"GZpHzBkX3Wr--A5cutUqdgb5yNCcQT8BZ5mgujFHQPE\"",
        "Last-Modified": "Wed, 12 Jun 2024 00:02:54 GMT",
        "Strict-Transport-Security": "max-age=31536000; includeSubDomains",
        "Sync-Token": "zAJw6V16=NToxNSM1NjYxNTM3;sn=5661537",
        "Transfer-Encoding": "chunked",
        "x-ms-correlation-request-id": "f4496999-5503-4e6b-9257-b4cb97eb1e13"
      },
      "ResponseBody": {
        "etag": "GZpHzBkX3Wr--A5cutUqdgb5yNCcQT8BZ5mgujFHQPE",
        "key": "PYTHON_UNIT_test_key_a6af8952-54a6-11e9-b600-2816a84d0309",
        "label": "test_label1_1d7b2b28-549e-11e9-b51c-2816a84d0309",
        "content_type": "test content type",
        "value": "test value",
        "tags": {
          "tag1": "tag1",
          "tag2": "tag2"
        },
        "locked": false,
        "last_modified": "2024-06-12T00:02:54+00:00"
      }
    },
    {
      "RequestUri": "https://Sanitized.azconfig.io/kv/PYTHON_UNIT_test_key_a6af8952-54a6-11e9-b600-2816a84d0309?api-version=2023-11-01",
      "RequestMethod": "PUT",
      "RequestHeaders": {
        "Accept": "application/vnd.microsoft.appconfig.kv+json, application/problem+json",
        "Accept-Encoding": "gzip, deflate",
        "Connection": "keep-alive",
        "Content-Length": "170",
        "Content-Type": "application/json",
        "If-None-Match": "*",
        "Sync-Token": "zAJw6V16=NToxNSM1NjYxNTM3",
        "User-Agent": "azsdk-python-appconfiguration/unknown Python/3.12.0 (Windows-11-10.0.22631-SP0)",
        "x-ms-content-sha256": "Sanitized",
        "x-ms-date": "Jun, 12 2024 00:02:54.950890 GMT"
      },
      "RequestBody": {
        "key": "PYTHON_UNIT_test_key_a6af8952-54a6-11e9-b600-2816a84d0309",
        "content_type": "test content type",
        "value": "test value",
        "tags": {
          "tag1": "tag1",
          "tag2": "tag2"
        }
      },
      "StatusCode": 200,
      "ResponseHeaders": {
        "Access-Control-Allow-Origin": "*",
        "Connection": "keep-alive",
        "Content-Type": "application/vnd.microsoft.appconfig.kv+json; charset=utf-8",
        "Date": "Wed, 12 Jun 2024 00:02:55 GMT",
        "ETag": "\"X6m78eudGvUC8djX0fxlMlB_vb6EujxgovdVjT8rgcE\"",
        "Last-Modified": "Wed, 12 Jun 2024 00:02:55 GMT",
        "Strict-Transport-Security": "max-age=31536000; includeSubDomains",
        "Sync-Token": "zAJw6V16=NToxNSM1NjYxNTM5;sn=5661539",
        "Transfer-Encoding": "chunked",
        "x-ms-correlation-request-id": "4d7a139e-fb37-4185-a32a-68826424ea28"
      },
      "ResponseBody": {
        "etag": "X6m78eudGvUC8djX0fxlMlB_vb6EujxgovdVjT8rgcE",
        "key": "PYTHON_UNIT_test_key_a6af8952-54a6-11e9-b600-2816a84d0309",
        "label": null,
        "content_type": "test content type",
        "value": "test value",
        "tags": {
          "tag1": "tag1",
          "tag2": "tag2"
        },
        "locked": false,
        "last_modified": "2024-06-12T00:02:55+00:00"
      }
    },
    {
      "RequestUri": "https://Sanitized.azconfig.io/snapshots/snapshot7ce24047?api-version=2023-11-01",
      "RequestMethod": "PUT",
      "RequestHeaders": {
        "Accept": "application/vnd.microsoft.appconfig.snapshot+json, application/problem+json",
        "Accept-Encoding": "gzip, deflate",
        "Connection": "keep-alive",
        "Content-Length": "144",
        "Content-Type": "application/json",
        "Sync-Token": "zAJw6V16=NToxNSM1NjYxNTM5",
        "User-Agent": "azsdk-python-appconfiguration/unknown Python/3.12.0 (Windows-11-10.0.22631-SP0)",
        "x-ms-content-sha256": "Sanitized",
        "x-ms-date": "Jun, 12 2024 00:02:55.071906 GMT"
      },
      "RequestBody": {
        "filters": [
          {
            "key": "PYTHON_UNIT_test_key_a6af8952-54a6-11e9-b600-2816a84d0309",
            "label": "test_label1_1d7b2b28-549e-11e9-b51c-2816a84d0309"
          }
        ]
      },
      "StatusCode": 201,
      "ResponseHeaders": {
        "Access-Control-Allow-Origin": "*",
        "Connection": "keep-alive",
        "Content-Type": "application/vnd.microsoft.appconfig.snapshot+json; charset=utf-8",
        "Date": "Wed, 12 Jun 2024 00:02:55 GMT",
        "ETag": "\"V-wNGrYBX1rF15Gf2dBLftBwdRdn4KIQyQU-c0Uxmqg\"",
        "Last-Modified": "Wed, 12 Jun 2024 00:02:55 GMT",
        "Link": "</kv?snapshot=snapshot7ce24047&api-version=2023-11-01>; rel=\"items\"",
        "Operation-Location": "https://yallappconfigtests-azconfig-python.azconfig.io/operations?snapshot=snapshot7ce24047&api-version=2023-11-01",
        "Strict-Transport-Security": "max-age=31536000; includeSubDomains",
        "Sync-Token": "zAJw6V16=NToxNSM1NjYxNTQx;sn=5661541",
        "Transfer-Encoding": "chunked",
        "x-ms-correlation-request-id": "a24eb6f8-9a41-45c1-ae97-8fb349dc83ef"
      },
      "ResponseBody": {
        "etag": "V-wNGrYBX1rF15Gf2dBLftBwdRdn4KIQyQU-c0Uxmqg",
        "name": "snapshot7ce24047",
        "status": "provisioning",
        "filters": [
          {
            "key": "PYTHON_UNIT_test_key_a6af8952-54a6-11e9-b600-2816a84d0309",
            "label": "test_label1_1d7b2b28-549e-11e9-b51c-2816a84d0309",
            "tags": []
          }
        ],
        "composition_type": "key",
        "created": "2024-06-12T00:02:55+00:00",
        "size": 0,
        "items_count": 0,
        "tags": {},
        "retention_period": 2592000
      }
    },
    {
      "RequestUri": "https://Sanitized.azconfig.io/operations?snapshot=snapshot7ce24047&api-version=2023-11-01",
      "RequestMethod": "GET",
      "RequestHeaders": {
        "Accept": "*/*",
        "Accept-Encoding": "gzip, deflate",
        "Connection": "keep-alive",
        "Sync-Token": "zAJw6V16=NToxNSM1NjYxNTQx",
        "User-Agent": "azsdk-python-appconfiguration/unknown Python/3.12.0 (Windows-11-10.0.22631-SP0)",
        "x-ms-content-sha256": "Sanitized",
        "x-ms-date": "Jun, 12 2024 00:02:55.179651 GMT"
      },
      "RequestBody": null,
      "StatusCode": 200,
      "ResponseHeaders": {
        "Access-Control-Allow-Origin": "*",
        "Connection": "keep-alive",
        "Content-Type": "application/json; charset=utf-8",
        "Date": "Wed, 12 Jun 2024 00:02:55 GMT",
        "Retry-After": "10",
        "Strict-Transport-Security": "max-age=31536000; includeSubDomains",
        "Sync-Token": "zAJw6V16=NToxNSM1NjYxNTQx;sn=5661541",
        "Transfer-Encoding": "chunked",
        "x-ms-correlation-request-id": "f296723b-e1da-4d98-96aa-f48871b1866c"
      },
      "ResponseBody": {
        "id": "Sanitized",
        "status": "Running",
        "error": null
      }
    },
    {
      "RequestUri": "https://Sanitized.azconfig.io/operations?snapshot=snapshot7ce24047&api-version=2023-11-01",
      "RequestMethod": "GET",
      "RequestHeaders": {
        "Accept": "*/*",
        "Accept-Encoding": "gzip, deflate",
        "Connection": "keep-alive",
        "Sync-Token": "zAJw6V16=NToxNSM1NjYxNTQx",
        "User-Agent": "azsdk-python-appconfiguration/unknown Python/3.12.0 (Windows-11-10.0.22631-SP0)",
        "x-ms-content-sha256": "Sanitized",
        "x-ms-date": "Jun, 12 2024 00:03:05.283777 GMT"
      },
      "RequestBody": null,
      "StatusCode": 200,
      "ResponseHeaders": {
        "Access-Control-Allow-Origin": "*",
        "Connection": "keep-alive",
        "Content-Type": "application/json; charset=utf-8",
        "Date": "Wed, 12 Jun 2024 00:03:05 GMT",
        "Retry-After": "10",
        "Strict-Transport-Security": "max-age=31536000; includeSubDomains",
        "Sync-Token": "zAJw6V16=NToxNSM1NjYxNTQx;sn=5661541",
        "Transfer-Encoding": "chunked",
        "x-ms-correlation-request-id": "8679a10f-2b67-41ff-8d09-94c452809226"
      },
      "ResponseBody": {
        "id": "Sanitized",
        "status": "Running",
        "error": null
      }
    },
    {
      "RequestUri": "https://Sanitized.azconfig.io/operations?snapshot=snapshot7ce24047&api-version=2023-11-01",
      "RequestMethod": "GET",
      "RequestHeaders": {
        "Accept": "*/*",
        "Accept-Encoding": "gzip, deflate",
        "Connection": "keep-alive",
        "Sync-Token": "zAJw6V16=NToxNSM1NjYxNTQx",
        "User-Agent": "azsdk-python-appconfiguration/unknown Python/3.12.0 (Windows-11-10.0.22631-SP0)",
        "x-ms-content-sha256": "Sanitized",
        "x-ms-date": "Jun, 12 2024 00:03:15.376298 GMT"
      },
      "RequestBody": null,
      "StatusCode": 200,
      "ResponseHeaders": {
        "Access-Control-Allow-Origin": "*",
        "Connection": "close",
        "Content-Type": "application/json; charset=utf-8",
        "Date": "Wed, 12 Jun 2024 00:03:15 GMT",
        "Strict-Transport-Security": "max-age=31536000; includeSubDomains",
        "Sync-Token": "zAJw6V16=NToxNSM1NjYxNTQ3;sn=5661547",
        "Transfer-Encoding": "chunked",
        "x-ms-correlation-request-id": "b46b7f3b-a8a9-4e59-9f1b-b4dcea91b906"
      },
      "ResponseBody": {
        "id": "Sanitized",
        "status": "Succeeded",
        "error": null
      }
    },
    {
      "RequestUri": "https://Sanitized.azconfig.io/snapshots/snapshot7ce24047?api-version=2023-11-01",
      "RequestMethod": "GET",
      "RequestHeaders": {
        "Accept": "*/*",
        "Accept-Encoding": "gzip, deflate",
        "Connection": "keep-alive",
        "Sync-Token": "zAJw6V16=NToxNSM1NjYxNTQ3",
        "User-Agent": "azsdk-python-appconfiguration/unknown Python/3.12.0 (Windows-11-10.0.22631-SP0)",
        "x-ms-content-sha256": "Sanitized",
        "x-ms-date": "Jun, 12 2024 00:03:15.718159 GMT"
      },
      "RequestBody": null,
      "StatusCode": 200,
      "ResponseHeaders": {
        "Access-Control-Allow-Origin": "*",
        "Connection": "keep-alive",
        "Content-Type": "application/vnd.microsoft.appconfig.snapshot+json; charset=utf-8",
        "Date": "Wed, 12 Jun 2024 00:03:16 GMT",
        "ETag": "\"V-wNGrYBX1rF15Gf2dBLftBwdRdn4KIQyQU-c0Uxmqg\"",
        "Last-Modified": "Wed, 12 Jun 2024 00:02:55 GMT",
        "Link": "</kv?snapshot=snapshot7ce24047&api-version=2023-11-01>; rel=\"items\"",
        "Strict-Transport-Security": "max-age=31536000; includeSubDomains",
        "Sync-Token": "zAJw6V16=NToxNSM1NjYxNTQ3;sn=5661547",
        "Transfer-Encoding": "chunked",
        "x-ms-correlation-request-id": "75231181-0dfb-4c01-a3d3-21e54294b7e4"
      },
      "ResponseBody": {
        "etag": "V-wNGrYBX1rF15Gf2dBLftBwdRdn4KIQyQU-c0Uxmqg",
        "name": "snapshot7ce24047",
        "status": "ready",
        "filters": [
          {
            "key": "PYTHON_UNIT_test_key_a6af8952-54a6-11e9-b600-2816a84d0309",
            "label": "test_label1_1d7b2b28-549e-11e9-b51c-2816a84d0309",
            "tags": []
          }
        ],
        "composition_type": "key",
        "created": "2024-06-12T00:02:55+00:00",
        "size": 1000,
        "items_count": 1,
        "tags": {},
        "retention_period": 2592000
      }
    },
    {
      "RequestUri": "https://Sanitized.azconfig.io/snapshots/snapshot7ce24047?api-version=2023-11-01",
      "RequestMethod": "PATCH",
      "RequestHeaders": {
        "Accept": "application/vnd.microsoft.appconfig.snapshot+json, application/problem+json",
        "Accept-Encoding": "gzip, deflate",
        "Connection": "keep-alive",
        "Content-Length": "22",
        "Content-Type": "application/json",
        "If-Match": "\"wrong etag\"",
        "Sync-Token": "zAJw6V16=NToxNSM1NjYxNTQ3",
        "User-Agent": "azsdk-python-appconfiguration/unknown Python/3.12.0 (Windows-11-10.0.22631-SP0)",
        "x-ms-content-sha256": "Sanitized",
        "x-ms-date": "Jun, 12 2024 00:03:16.622491 GMT"
      },
      "RequestBody": {
        "status": "archived"
      },
      "StatusCode": 412,
      "ResponseHeaders": {
        "Access-Control-Allow-Origin": "*",
        "Connection": "keep-alive",
        "Content-Length": "0",
        "Date": "Wed, 12 Jun 2024 00:03:16 GMT",
        "Strict-Transport-Security": "max-age=31536000; includeSubDomains",
        "Sync-Token": "zAJw6V16=NToxNSM1NjYxNTQ3;sn=5661547",
        "x-ms-correlation-request-id": "d36db647-0d76-4e12-822b-873f5244ca56"
      },
      "ResponseBody": null
    },
    {
      "RequestUri": "https://Sanitized.azconfig.io/snapshots/snapshot7ce24047?api-version=2023-11-01",
      "RequestMethod": "PATCH",
      "RequestHeaders": {
        "Accept": "application/vnd.microsoft.appconfig.snapshot+json, application/problem+json",
        "Accept-Encoding": "gzip, deflate",
        "Connection": "keep-alive",
        "Content-Length": "22",
        "Content-Type": "application/json",
        "Sync-Token": "zAJw6V16=NToxNSM1NjYxNTQ3",
        "User-Agent": "azsdk-python-appconfiguration/unknown Python/3.12.0 (Windows-11-10.0.22631-SP0)",
        "x-ms-content-sha256": "Sanitized",
        "x-ms-date": "Jun, 12 2024 00:03:16.728910 GMT"
      },
      "RequestBody": {
        "status": "archived"
      },
      "StatusCode": 200,
      "ResponseHeaders": {
        "Access-Control-Allow-Origin": "*",
        "Connection": "keep-alive",
        "Content-Type": "application/vnd.microsoft.appconfig.snapshot+json; charset=utf-8",
        "Date": "Wed, 12 Jun 2024 00:03:16 GMT",
        "ETag": "\"_96qpyjbLgEkBCV5odQK7m_EJlqjdPJyKd2OpnF0Vi8\"",
        "Last-Modified": "Wed, 12 Jun 2024 00:02:55 GMT",
        "Link": "</kv?snapshot=snapshot7ce24047&api-version=2023-11-01>; rel=\"items\"",
        "Strict-Transport-Security": "max-age=31536000; includeSubDomains",
        "Sync-Token": "zAJw6V16=NToxNSM1NjYxNTQ4;sn=5661548",
        "Transfer-Encoding": "chunked",
        "x-ms-correlation-request-id": "0a3c25a6-b83c-4a6e-a97a-e64a61cd6f6f"
      },
      "ResponseBody": {
        "etag": "_96qpyjbLgEkBCV5odQK7m_EJlqjdPJyKd2OpnF0Vi8",
        "name": "snapshot7ce24047",
        "status": "archived",
        "filters": [
          {
            "key": "PYTHON_UNIT_test_key_a6af8952-54a6-11e9-b600-2816a84d0309",
            "label": "test_label1_1d7b2b28-549e-11e9-b51c-2816a84d0309",
            "tags": []
          }
        ],
        "composition_type": "key",
        "created": "2024-06-12T00:02:55+00:00",
        "expires": "2024-07-12T00:03:16.7900829+00:00",
        "size": 1000,
        "items_count": 1,
        "tags": {},
        "retention_period": 2592000
      }
    },
    {
      "RequestUri": "https://Sanitized.azconfig.io/kv?api-version=2023-11-01",
      "RequestMethod": "GET",
      "RequestHeaders": {
        "Accept": "application/vnd.microsoft.appconfig.kvset+json, application/problem+json",
        "Accept-Encoding": "gzip, deflate",
        "Connection": "keep-alive",
        "Sync-Token": "zAJw6V16=NToxNSM1NjYxNTQ4",
        "User-Agent": "azsdk-python-appconfiguration/unknown Python/3.12.0 (Windows-11-10.0.22631-SP0)",
        "x-ms-content-sha256": "Sanitized",
        "x-ms-date": "Jun, 12 2024 00:03:16.851926 GMT"
      },
      "RequestBody": null,
      "StatusCode": 200,
      "ResponseHeaders": {
        "Access-Control-Allow-Origin": "*",
        "Connection": "keep-alive",
        "Content-Type": "application/vnd.microsoft.appconfig.kvset+json; charset=utf-8",
        "Date": "Wed, 12 Jun 2024 00:03:16 GMT",
        "ETag": "\"lP4RRM21OH_prKjjx5HTYlj7lqdi8iPwvScJseB87bw\"",
        "Strict-Transport-Security": "max-age=31536000; includeSubDomains",
        "Sync-Token": "zAJw6V16=NToxNSM1NjYxNTQ4;sn=5661548",
        "Transfer-Encoding": "chunked",
        "x-ms-correlation-request-id": "7681becc-5ab7-45c5-9c08-2f2aefca4e78"
      },
      "ResponseBody": {
        "etag": "lP4RRM21OH_prKjjx5HTYlj7lqdi8iPwvScJseB87bw",
        "items": [
          {
            "etag": "X6m78eudGvUC8djX0fxlMlB_vb6EujxgovdVjT8rgcE",
            "key": "PYTHON_UNIT_test_key_a6af8952-54a6-11e9-b600-2816a84d0309",
            "label": null,
            "content_type": "test content type",
            "value": "test value",
            "tags": {
              "tag1": "tag1",
              "tag2": "tag2"
            },
            "locked": false,
            "last_modified": "2024-06-12T00:02:55+00:00"
          },
          {
            "etag": "GZpHzBkX3Wr--A5cutUqdgb5yNCcQT8BZ5mgujFHQPE",
            "key": "PYTHON_UNIT_test_key_a6af8952-54a6-11e9-b600-2816a84d0309",
            "label": "test_label1_1d7b2b28-549e-11e9-b51c-2816a84d0309",
            "content_type": "test content type",
            "value": "test value",
            "tags": {
              "tag1": "tag1",
              "tag2": "tag2"
            },
            "locked": false,
            "last_modified": "2024-06-12T00:02:54+00:00"
          }
        ]
      }
    },
    {
      "RequestUri": "https://Sanitized.azconfig.io/kv/PYTHON_UNIT_test_key_a6af8952-54a6-11e9-b600-2816a84d0309?api-version=2023-11-01",
      "RequestMethod": "DELETE",
      "RequestHeaders": {
        "Accept": "application/vnd.microsoft.appconfig.kv+json, application/problem+json",
        "Accept-Encoding": "gzip, deflate",
        "Connection": "keep-alive",
        "Content-Length": "0",
        "Sync-Token": "zAJw6V16=NToxNSM1NjYxNTQ4",
        "User-Agent": "azsdk-python-appconfiguration/unknown Python/3.12.0 (Windows-11-10.0.22631-SP0)",
        "x-ms-content-sha256": "Sanitized",
        "x-ms-date": "Jun, 12 2024 00:03:16.952808 GMT"
      },
      "RequestBody": null,
      "StatusCode": 200,
      "ResponseHeaders": {
        "Access-Control-Allow-Origin": "*",
        "Connection": "keep-alive",
        "Content-Type": "application/vnd.microsoft.appconfig.kv+json; charset=utf-8",
        "Date": "Wed, 12 Jun 2024 00:03:17 GMT",
        "ETag": "\"X6m78eudGvUC8djX0fxlMlB_vb6EujxgovdVjT8rgcE\"",
        "Last-Modified": "Wed, 12 Jun 2024 00:02:55 GMT",
        "Strict-Transport-Security": "max-age=31536000; includeSubDomains",
        "Sync-Token": "zAJw6V16=NToxNSM1NjYxNTQ5;sn=5661549",
        "Transfer-Encoding": "chunked",
        "x-ms-correlation-request-id": "d573b7a1-d1b2-4239-905c-e0aa1fa82f86"
      },
      "ResponseBody": {
        "etag": "X6m78eudGvUC8djX0fxlMlB_vb6EujxgovdVjT8rgcE",
        "key": "PYTHON_UNIT_test_key_a6af8952-54a6-11e9-b600-2816a84d0309",
        "label": null,
        "content_type": "test content type",
        "value": "test value",
        "tags": {
          "tag1": "tag1",
          "tag2": "tag2"
        },
        "locked": false,
        "last_modified": "2024-06-12T00:02:55+00:00"
      }
    },
    {
      "RequestUri": "https://Sanitized.azconfig.io/kv/PYTHON_UNIT_test_key_a6af8952-54a6-11e9-b600-2816a84d0309?label=test_label1_1d7b2b28-549e-11e9-b51c-2816a84d0309&api-version=2023-11-01",
      "RequestMethod": "DELETE",
      "RequestHeaders": {
        "Accept": "application/vnd.microsoft.appconfig.kv+json, application/problem+json",
        "Accept-Encoding": "gzip, deflate",
        "Connection": "keep-alive",
        "Content-Length": "0",
        "Sync-Token": "zAJw6V16=NToxNSM1NjYxNTQ5",
        "User-Agent": "azsdk-python-appconfiguration/unknown Python/3.12.0 (Windows-11-10.0.22631-SP0)",
        "x-ms-content-sha256": "Sanitized",
        "x-ms-date": "Jun, 12 2024 00:03:17.055458 GMT"
      },
      "RequestBody": null,
      "StatusCode": 200,
      "ResponseHeaders": {
        "Access-Control-Allow-Origin": "*",
        "Connection": "keep-alive",
        "Content-Type": "application/vnd.microsoft.appconfig.kv+json; charset=utf-8",
        "Date": "Wed, 12 Jun 2024 00:03:17 GMT",
        "ETag": "\"GZpHzBkX3Wr--A5cutUqdgb5yNCcQT8BZ5mgujFHQPE\"",
        "Last-Modified": "Wed, 12 Jun 2024 00:02:54 GMT",
        "Strict-Transport-Security": "max-age=31536000; includeSubDomains",
        "Sync-Token": "zAJw6V16=NToxNSM1NjYxNTUw;sn=5661550",
        "Transfer-Encoding": "chunked",
        "x-ms-correlation-request-id": "4fb81a29-c8f7-4bbc-a58f-02bea263e080"
      },
      "ResponseBody": {
        "etag": "GZpHzBkX3Wr--A5cutUqdgb5yNCcQT8BZ5mgujFHQPE",
        "key": "PYTHON_UNIT_test_key_a6af8952-54a6-11e9-b600-2816a84d0309",
        "label": "test_label1_1d7b2b28-549e-11e9-b51c-2816a84d0309",
        "content_type": "test content type",
        "value": "test value",
        "tags": {
          "tag1": "tag1",
          "tag2": "tag2"
        },
        "locked": false,
        "last_modified": "2024-06-12T00:02:54+00:00"
      }
    }
  ],
  "Variables": {}
}
