{
  "Entries": [
    {
      "RequestUri": "https://fake_app_config.azconfig-test.io/kv/PYTHON_UNIT_test_key_a6af8952-54a6-11e9-b600-2816a84d0309?label=test_label1_1d7b2b28-549e-11e9-b51c-2816a84d0309&api-version=2023-11-01",
      "RequestMethod": "PUT",
      "RequestHeaders": {
        "Accept": "application/vnd.microsoft.appconfig.kv+json, application/problem+json",
        "Accept-Encoding": "gzip, deflate",
        "Content-Length": "235",
        "Content-Type": "application/json",
        "If-None-Match": "*",
        "User-Agent": "azsdk-python-appconfiguration/unknown Python/3.12.0 (Windows-11-10.0.22631-SP0)"
      },
      "RequestBody": {
        "key": "PYTHON_UNIT_test_key_a6af8952-54a6-11e9-b600-2816a84d0309",
        "label": "test_label1_1d7b2b28-549e-11e9-b51c-2816a84d0309",
        "content_type": "test content type",
        "value": "test value",
        "tags": {
          "tag1": "value1",
          "tag2": "value2"
        }
      },
      "StatusCode": 412,
      "ResponseHeaders": {
        "Access-Control-Allow-Origin": "*",
        "Connection": "keep-alive",
        "Content-Length": "0",
        "Date": "Sat, 15 Jun 2024 02:20:58 GMT",
        "Strict-Transport-Security": "max-age=31536000; includeSubDomains",
        "Sync-Token": "zAJw6V16=ODoxNSMyNzYxMTYy;sn=2761162",
        "x-ms-correlation-request-id": "432f9189-3a01-420f-9727-8f0d189a79ed"
      },
      "ResponseBody": null
    },
    {
      "RequestUri": "https://fake_app_config.azconfig-test.io/kv/PYTHON_UNIT_test_key_a6af8952-54a6-11e9-b600-2816a84d0309?api-version=2023-11-01",
      "RequestMethod": "PUT",
      "RequestHeaders": {
        "Accept": "application/vnd.microsoft.appconfig.kv+json, application/problem+json",
        "Accept-Encoding": "gzip, deflate",
        "Content-Length": "174",
        "Content-Type": "application/json",
        "If-None-Match": "*",
        "Sync-Token": "zAJw6V16=ODoxNSMyNzYxMTYy",
        "User-Agent": "azsdk-python-appconfiguration/unknown Python/3.12.0 (Windows-11-10.0.22631-SP0)"
      },
      "RequestBody": {
        "key": "PYTHON_UNIT_test_key_a6af8952-54a6-11e9-b600-2816a84d0309",
        "content_type": "test content type",
        "value": "test value",
        "tags": {
          "tag3": "value3",
          "tag4": "value4"
        }
      },
      "StatusCode": 200,
      "ResponseHeaders": {
        "Access-Control-Allow-Origin": "*",
        "Connection": "keep-alive",
        "Content-Type": "application/vnd.microsoft.appconfig.kv+json; charset=utf-8",
        "Date": "Sat, 15 Jun 2024 02:20:58 GMT",
        "ETag": "\"vni_whEufFfli542LkEDWbeHqIJdCnyu1SRChqK7VlU\"",
        "Last-Modified": "Sat, 15 Jun 2024 02:20:58 GMT",
        "Strict-Transport-Security": "max-age=31536000; includeSubDomains",
        "Sync-Token": "zAJw6V16=ODoxNSMyNzYxMTYz;sn=2761163",
        "Transfer-Encoding": "chunked",
        "x-ms-correlation-request-id": "a0664597-bb57-4ed2-8b7b-375099446f46"
      },
      "ResponseBody": {
        "etag": "vni_whEufFfli542LkEDWbeHqIJdCnyu1SRChqK7VlU",
        "key": "PYTHON_UNIT_test_key_a6af8952-54a6-11e9-b600-2816a84d0309",
        "label": null,
        "content_type": "test content type",
        "value": "test value",
        "tags": {
          "tag3": "value3",
          "tag4": "value4"
        },
        "locked": false,
        "last_modified": "2024-06-15T02:20:58+00:00"
      }
    },
    {
      "RequestUri": "https://fake_app_config.azconfig-test.io/kv/.appconfig.featureflag%2Fcustom?api-version=2023-11-01",
      "RequestMethod": "PUT",
      "RequestHeaders": {
        "Accept": "application/vnd.microsoft.appconfig.kv+json, application/problem+json",
        "Accept-Encoding": "gzip, deflate",
        "Content-Length": "360",
        "Content-Type": "application/json",
        "Sync-Token": "zAJw6V16=ODoxNSMyNzYxMTYz",
        "User-Agent": "azsdk-python-appconfiguration/unknown Python/3.12.0 (Windows-11-10.0.22631-SP0)"
      },
      "RequestBody": {
        "key": ".appconfig.featureflag/custom",
        "content_type": "application/vnd.microsoft.appconfig.ff+json;charset=utf-8",
        "value": "{\"id\": \"custom\", \"enabled\": true, \"conditions\": {\"client_filters\": [{\"name\": \"Microsoft.Percentage\", \"parameters\": {\"Value\": 10, \"User\": \"user1\"}}]}, \"display_name\": null, \"description\": null}",
        "tags": {}
      },
      "StatusCode": 200,
      "ResponseHeaders": {
        "Access-Control-Allow-Origin": "*",
        "Connection": "keep-alive",
        "Content-Type": "application/vnd.microsoft.appconfig.kv+json; charset=utf-8",
        "Date": "Sat, 15 Jun 2024 02:20:58 GMT",
        "ETag": "\"6ZG5AeQCWmewmsz9PH9Wm0w4DUr-YrjMPf6BW1nmKkg\"",
        "Last-Modified": "Sat, 15 Jun 2024 02:20:58 GMT",
        "Strict-Transport-Security": "max-age=31536000; includeSubDomains",
        "Sync-Token": "zAJw6V16=ODoxNSMyNzYxMTY1;sn=2761165",
        "Transfer-Encoding": "chunked",
        "x-ms-correlation-request-id": "53057eb9-3727-4b88-9e4d-7e72b396618b"
      },
      "ResponseBody": {
        "etag": "6ZG5AeQCWmewmsz9PH9Wm0w4DUr-YrjMPf6BW1nmKkg",
        "key": ".appconfig.featureflag/custom",
        "label": null,
        "content_type": "application/vnd.microsoft.appconfig.ff+json;charset=utf-8",
        "value": "{\"id\": \"custom\", \"enabled\": true, \"conditions\": {\"client_filters\": [{\"name\": \"Microsoft.Percentage\", \"parameters\": {\"Value\": 10, \"User\": \"user1\"}}]}, \"display_name\": null, \"description\": null}",
        "tags": {},
        "locked": false,
        "last_modified": "2024-06-15T02:20:58+00:00"
      }
    },
    {
      "RequestUri": "https://fake_app_config.azconfig-test.io/kv/.appconfig.featureflag%2Ftime_window?api-version=2023-11-01",
      "RequestMethod": "PUT",
      "RequestHeaders": {
        "Accept": "application/vnd.microsoft.appconfig.kv+json, application/problem+json",
        "Accept-Encoding": "gzip, deflate",
        "Content-Length": "424",
        "Content-Type": "application/json",
        "Sync-Token": "zAJw6V16=ODoxNSMyNzYxMTY1",
        "User-Agent": "azsdk-python-appconfiguration/unknown Python/3.12.0 (Windows-11-10.0.22631-SP0)"
      },
      "RequestBody": {
        "key": ".appconfig.featureflag/time_window",
        "content_type": "application/vnd.microsoft.appconfig.ff+json;charset=utf-8",
        "value": "{\"id\": \"time_window\", \"enabled\": true, \"conditions\": {\"client_filters\": [{\"name\": \"Microsoft.TimeWindow\", \"parameters\": {\"Start\": \"Wed, 10 Mar 2021 05:00:00 GMT\", \"End\": \"Fri, 02 Apr 2021 04:00:00 GMT\"}}]}, \"display_name\": null, \"description\": null}",
        "tags": {}
      },
      "StatusCode": 200,
      "ResponseHeaders": {
        "Access-Control-Allow-Origin": "*",
        "Connection": "keep-alive",
        "Content-Type": "application/vnd.microsoft.appconfig.kv+json; charset=utf-8",
        "Date": "Sat, 15 Jun 2024 02:20:58 GMT",
        "ETag": "\"eoe0tnsXUTv8gZwcPQQ70i16-YqPUG_0Vl88JdyPxfI\"",
        "Last-Modified": "Sat, 15 Jun 2024 02:20:58 GMT",
        "Strict-Transport-Security": "max-age=31536000; includeSubDomains",
        "Sync-Token": "zAJw6V16=ODoxNSMyNzYxMTY3;sn=2761167",
        "Transfer-Encoding": "chunked",
        "x-ms-correlation-request-id": "6e3cfe5a-bfd5-4b75-92c3-28f2fa771239"
      },
      "ResponseBody": {
        "etag": "eoe0tnsXUTv8gZwcPQQ70i16-YqPUG_0Vl88JdyPxfI",
        "key": ".appconfig.featureflag/time_window",
        "label": null,
        "content_type": "application/vnd.microsoft.appconfig.ff+json;charset=utf-8",
        "value": "{\"id\": \"time_window\", \"enabled\": true, \"conditions\": {\"client_filters\": [{\"name\": \"Microsoft.TimeWindow\", \"parameters\": {\"Start\": \"Wed, 10 Mar 2021 05:00:00 GMT\", \"End\": \"Fri, 02 Apr 2021 04:00:00 GMT\"}}]}, \"display_name\": null, \"description\": null}",
        "tags": {},
        "locked": false,
        "last_modified": "2024-06-15T02:20:58+00:00"
      }
    },
    {
      "RequestUri": "https://fake_app_config.azconfig-test.io/kv/.appconfig.featureflag%2Fnewflag?api-version=2023-11-01",
      "RequestMethod": "PUT",
      "RequestHeaders": {
        "Accept": "application/vnd.microsoft.appconfig.kv+json, application/problem+json",
        "Accept-Encoding": "gzip, deflate",
        "Content-Length": "438",
        "Content-Type": "application/json",
        "Sync-Token": "zAJw6V16=ODoxNSMyNzYxMTY3",
        "User-Agent": "azsdk-python-appconfiguration/unknown Python/3.12.0 (Windows-11-10.0.22631-SP0)"
      },
      "RequestBody": {
        "key": ".appconfig.featureflag/newflag",
        "content_type": "application/vnd.microsoft.appconfig.ff+json;charset=utf-8",
        "value": "{\"id\": \"newflag\", \"enabled\": true, \"conditions\": {\"client_filters\": [{\"name\": \"Microsoft.Targeting\", \"parameters\": {\"Audience\": {\"Users\": [\"abc\", \"def\"], \"Groups\": [\"ghi\", \"jkl\"], \"DefaultRolloutPercentage\": 75}}}]}, \"display_name\": null, \"description\": null}",
        "tags": {}
      },
      "StatusCode": 200,
      "ResponseHeaders": {
        "Access-Control-Allow-Origin": "*",
        "Connection": "keep-alive",
        "Content-Type": "application/vnd.microsoft.appconfig.kv+json; charset=utf-8",
        "Date": "Sat, 15 Jun 2024 02:20:58 GMT",
        "ETag": "\"HKKrR94VeZzwKArWaF6OkcMeQdahVn1rxKm2JNly5z0\"",
        "Last-Modified": "Sat, 15 Jun 2024 02:20:58 GMT",
        "Strict-Transport-Security": "max-age=31536000; includeSubDomains",
        "Sync-Token": "zAJw6V16=ODoxNSMyNzYxMTY5;sn=2761169",
        "Transfer-Encoding": "chunked",
        "x-ms-correlation-request-id": "47452a52-4bf5-4a78-afca-6e37e26504a8"
      },
      "ResponseBody": {
        "etag": "HKKrR94VeZzwKArWaF6OkcMeQdahVn1rxKm2JNly5z0",
        "key": ".appconfig.featureflag/newflag",
        "label": null,
        "content_type": "application/vnd.microsoft.appconfig.ff+json;charset=utf-8",
        "value": "{\"id\": \"newflag\", \"enabled\": true, \"conditions\": {\"client_filters\": [{\"name\": \"Microsoft.Targeting\", \"parameters\": {\"Audience\": {\"Users\": [\"abc\", \"def\"], \"Groups\": [\"ghi\", \"jkl\"], \"DefaultRolloutPercentage\": 75}}}]}, \"display_name\": null, \"description\": null}",
        "tags": {},
        "locked": false,
        "last_modified": "2024-06-15T02:20:58+00:00"
      }
    },
    {
      "RequestUri": "https://fake_app_config.azconfig-test.io/kv/.appconfig.featureflag%2Fnewflag?api-version=2023-11-01",
      "RequestMethod": "DELETE",
      "RequestHeaders": {
        "Accept": "application/vnd.microsoft.appconfig.kv+json, application/problem+json",
        "Accept-Encoding": "gzip, deflate",
        "Content-Length": "0",
        "Sync-Token": "zAJw6V16=ODoxNSMyNzYxMTY5",
        "User-Agent": "azsdk-python-appconfiguration/unknown Python/3.12.0 (Windows-11-10.0.22631-SP0)"
      },
      "RequestBody": null,
      "StatusCode": 200,
      "ResponseHeaders": {
        "Access-Control-Allow-Origin": "*",
        "Connection": "keep-alive",
        "Content-Type": "application/vnd.microsoft.appconfig.kv+json; charset=utf-8",
        "Date": "Sat, 15 Jun 2024 02:20:59 GMT",
        "ETag": "\"HKKrR94VeZzwKArWaF6OkcMeQdahVn1rxKm2JNly5z0\"",
        "Last-Modified": "Sat, 15 Jun 2024 02:20:58 GMT",
        "Strict-Transport-Security": "max-age=31536000; includeSubDomains",
        "Sync-Token": "zAJw6V16=ODoxNSMyNzYxMTcx;sn=2761171",
        "Transfer-Encoding": "chunked",
        "x-ms-correlation-request-id": "929bbd83-dff9-4ba2-8035-a3977cf040c9"
      },
      "ResponseBody": {
        "etag": "HKKrR94VeZzwKArWaF6OkcMeQdahVn1rxKm2JNly5z0",
        "key": ".appconfig.featureflag/newflag",
        "label": null,
        "content_type": "application/vnd.microsoft.appconfig.ff+json;charset=utf-8",
        "value": "{\"id\": \"newflag\", \"enabled\": true, \"conditions\": {\"client_filters\": [{\"name\": \"Microsoft.Targeting\", \"parameters\": {\"Audience\": {\"Users\": [\"abc\", \"def\"], \"Groups\": [\"ghi\", \"jkl\"], \"DefaultRolloutPercentage\": 75}}}]}, \"display_name\": null, \"description\": null}",
        "tags": {},
        "locked": false,
        "last_modified": "2024-06-15T02:20:58+00:00"
      }
    }
  ],
  "Variables": {}
}
