{
  "Entries": [
    {
      "RequestUri": "https://fake_app_config.azconfig-test.io/kv/PYTHON_UNIT_test_key_a6af8952-54a6-11e9-b600-2816a84d0309?label=test_label2_%2A%2C%20%5C1d7b2b28-549e-11e9-b51c-2816a84d0309&api-version=2023-11-01",
      "RequestMethod": "PUT",
      "RequestHeaders": {
        "Accept": "application/vnd.microsoft.appconfig.kv+json, application/problem+json",
        "Accept-Encoding": "gzip, deflate",
        "Connection": "keep-alive",
        "Content-Length": "169",
        "Content-Type": "application/json",
        "If-None-Match": "*",
        "User-Agent": "azsdk-python-appconfiguration/unknown Python/3.12.0 (Windows-11-10.0.22631-SP0)"
      },
      "RequestBody": {
        "key": "PYTHON_UNIT_test_key_a6af8952-54a6-11e9-b600-2816a84d0309",
        "label": "test_label2_*, \\1d7b2b28-549e-11e9-b51c-2816a84d0309",
        "value": "test value",
        "tags": {}
      },
      "StatusCode": 200,
      "ResponseHeaders": {
        "Access-Control-Allow-Origin": "*",
        "Connection": "keep-alive",
        "Content-Type": "application/vnd.microsoft.appconfig.kv+json; charset=utf-8",
        "Date": "Sat, 15 Jun 2024 02:11:12 GMT",
        "ETag": "\"rFBZcrKSlNEsjmQiXVNUmhMbFufjt439P6FTaSoPbSs\"",
        "Last-Modified": "Sat, 15 Jun 2024 02:11:12 GMT",
        "Strict-Transport-Security": "max-age=31536000; includeSubDomains",
        "Sync-Token": "zAJw6V16=ODoxNSMyNzYwMzQ2;sn=2760346",
        "Transfer-Encoding": "chunked",
        "x-ms-correlation-request-id": "d892d059-049c-411a-a170-d6761997a296"
      },
      "ResponseBody": {
        "etag": "rFBZcrKSlNEsjmQiXVNUmhMbFufjt439P6FTaSoPbSs",
        "key": "PYTHON_UNIT_test_key_a6af8952-54a6-11e9-b600-2816a84d0309",
        "label": "test_label2_*, \\1d7b2b28-549e-11e9-b51c-2816a84d0309",
        "content_type": null,
        "value": "test value",
        "tags": {},
        "locked": false,
        "last_modified": "2024-06-15T02:11:12+00:00"
      }
    },
    {
      "RequestUri": "https://fake_app_config.azconfig-test.io/kv?label=test_label2_%5C%2A%5C%2C%20%5C%5C1d7b2b28-549e-11e9-b51c-2816a84d0309&api-version=2023-11-01",
      "RequestMethod": "GET",
      "RequestHeaders": {
        "Accept": "application/vnd.microsoft.appconfig.kvset+json, application/problem+json",
        "Accept-Encoding": "gzip, deflate",
        "Connection": "keep-alive",
        "Sync-Token": "zAJw6V16=ODoxNSMyNzYwMzQ2",
        "User-Agent": "azsdk-python-appconfiguration/unknown Python/3.12.0 (Windows-11-10.0.22631-SP0)"
      },
      "RequestBody": null,
      "StatusCode": 200,
      "ResponseHeaders": {
        "Access-Control-Allow-Origin": "*",
        "Connection": "keep-alive",
        "Content-Type": "application/vnd.microsoft.appconfig.kvset+json; charset=utf-8",
        "Date": "Sat, 15 Jun 2024 02:11:12 GMT",
        "ETag": "\"ov4tyIfMNW0tnz2wNiXkoTSuzzIlTpqYRdafuKo-ulU\"",
        "Strict-Transport-Security": "max-age=31536000; includeSubDomains",
        "Sync-Token": "zAJw6V16=ODoxNSMyNzYwMzQ3;sn=2760347",
        "Transfer-Encoding": "chunked",
        "x-ms-correlation-request-id": "b7af0c41-eb90-492e-814f-e4f7d59c52f0"
      },
      "ResponseBody": {
        "etag": "ov4tyIfMNW0tnz2wNiXkoTSuzzIlTpqYRdafuKo-ulU",
        "items": [
          {
            "etag": "rFBZcrKSlNEsjmQiXVNUmhMbFufjt439P6FTaSoPbSs",
            "key": "PYTHON_UNIT_test_key_a6af8952-54a6-11e9-b600-2816a84d0309",
            "label": "test_label2_*, \\1d7b2b28-549e-11e9-b51c-2816a84d0309",
            "content_type": null,
            "value": "test value",
            "tags": {},
            "locked": false,
            "last_modified": "2024-06-15T02:11:12+00:00"
          }
        ]
      }
    },
    {
      "RequestUri": "https://fake_app_config.azconfig-test.io/kv/PYTHON_UNIT_test_key_a6af8952-54a6-11e9-b600-2816a84d0309?api-version=2023-11-01",
      "RequestMethod": "DELETE",
      "RequestHeaders": {
        "Accept": "application/vnd.microsoft.appconfig.kv+json, application/problem+json",
        "Accept-Encoding": "gzip, deflate",
        "Connection": "keep-alive",
        "Content-Length": "0",
        "Sync-Token": "zAJw6V16=ODoxNSMyNzYwMzQ3",
        "User-Agent": "azsdk-python-appconfiguration/unknown Python/3.12.0 (Windows-11-10.0.22631-SP0)"
      },
      "RequestBody": null,
      "StatusCode": 204,
      "ResponseHeaders": {
        "Access-Control-Allow-Origin": "*",
        "Connection": "keep-alive",
        "Content-Type": "application/vnd.microsoft.appconfig.kv+json; charset=utf-8",
        "Date": "Sat, 15 Jun 2024 02:11:12 GMT",
        "Strict-Transport-Security": "max-age=31536000; includeSubDomains",
        "Sync-Token": "zAJw6V16=ODoxNSMyNzYwMzQ3;sn=2760347",
        "x-ms-correlation-request-id": "31b1ae91-39ab-42c2-93da-4828baf9389b"
      },
      "ResponseBody": null
    }
  ],
  "Variables": {}
}
