{
  "Entries": [
    {
      "RequestUri": "https://fake_app_config.azconfig-test.io/kv/.appconfig.featureflag%2Ftest_feature?api-version=2023-10-01",
      "RequestMethod": "PUT",
      "RequestHeaders": {
        "Accept": "application/vnd.microsoft.appconfig.kv\u002Bjson, application/problem\u002Bjson",
        "Accept-Encoding": "gzip, deflate",
        "Connection": "keep-alive",
        "Content-Length": "235",
        "Content-Type": "application/json",
        "User-Agent": "azsdk-python-appconfiguration/unknown Python/3.11.4 (Windows-10-10.0.22621-SP0)",
        "x-ms-content-sha256": "HRAgPyRmYmNrQDrTzqoOrQXzYO\u002BX1b0cbWsr1WiL1Fc=",
        "x-ms-date": "Nov, 07 2023 20:22:52.499911 GMT"
      },
      "RequestBody": {
        "key": ".appconfig.featureflag/test_feature",
        "content_type": "application/vnd.microsoft.appconfig.ff\u002Bjson;charset=utf-8",
        "value": "{\u0022id\u0022: \u0022test_feature\u0022, \u0022enabled\u0022: true, \u0022conditions\u0022: {\u0022client_filters\u0022: []}}",
        "tags": {}
      },
      "StatusCode": 200,
      "ResponseHeaders": {
        "Access-Control-Allow-Origin": "*",
        "Connection": "keep-alive",
        "Content-Type": "application/vnd.microsoft.appconfig.kv\u002Bjson; charset=utf-8",
        "Date": "Tue, 07 Nov 2023 20:22:50 GMT",
        "ETag": "\u0022JJnxafy38yyqwfIFvaD12Iwwls61oU20c_RbX3dkVHM\u0022",
        "Last-Modified": "Tue, 07 Nov 2023 20:22:50 GMT",
        "Strict-Transport-Security": "max-age=15724800; includeSubDomains",
        "Sync-Token": "zAJw6V16=Njo1IzIxNTg2MTIz;sn=21586123",
        "Transfer-Encoding": "chunked",
        "x-ms-correlation-request-id": "95140e98-f279-441e-a164-94f7281c7237"
      },
      "ResponseBody": {
        "etag": "JJnxafy38yyqwfIFvaD12Iwwls61oU20c_RbX3dkVHM",
        "key": ".appconfig.featureflag/test_feature",
        "label": null,
        "content_type": "application/vnd.microsoft.appconfig.ff\u002Bjson;charset=utf-8",
        "value": "{\u0022id\u0022: \u0022test_feature\u0022, \u0022enabled\u0022: true, \u0022conditions\u0022: {\u0022client_filters\u0022: []}}",
        "tags": {},
        "locked": false,
        "last_modified": "2023-11-07T20:22:50\u002B00:00"
      }
    },
    {
      "RequestUri": "https://fake_app_config.azconfig-test.io/kv/.appconfig.featureflag%2Ftest_feature?api-version=2023-10-01",
      "RequestMethod": "PUT",
      "RequestHeaders": {
        "Accept": "application/vnd.microsoft.appconfig.kv\u002Bjson, application/problem\u002Bjson",
        "Accept-Encoding": "gzip, deflate",
        "Connection": "keep-alive",
        "Content-Length": "353",
        "Content-Type": "application/json",
        "Sync-Token": "zAJw6V16=Njo1IzIxNTg2MTIz",
        "User-Agent": "azsdk-python-appconfiguration/unknown Python/3.11.4 (Windows-10-10.0.22621-SP0)",
        "x-ms-content-sha256": "eX35frl13\u002BynPaulsKdB/lJ341QM5Vh2eK7p/bld6Qo=",
        "x-ms-date": "Nov, 07 2023 20:22:52.546820 GMT"
      },
      "RequestBody": {
        "key": ".appconfig.featureflag/test_feature",
        "content_type": "application/vnd.microsoft.appconfig.ff\u002Bjson;charset=utf-8",
        "value": "{\u0022id\u0022: \u0022test_feature\u0022, \u0022enabled\u0022: false, \u0022conditions\u0022: {\u0022client_filters\u0022: []}}",
        "last_modified": "2023-11-07T20:22:50.000Z",
        "tags": {},
        "locked": false,
        "etag": "JJnxafy38yyqwfIFvaD12Iwwls61oU20c_RbX3dkVHM"
      },
      "StatusCode": 200,
      "ResponseHeaders": {
        "Access-Control-Allow-Origin": "*",
        "Connection": "keep-alive",
        "Content-Type": "application/vnd.microsoft.appconfig.kv\u002Bjson; charset=utf-8",
        "Date": "Tue, 07 Nov 2023 20:22:50 GMT",
        "ETag": "\u0022OgOsqcreNizOeQZRqaOunlYwKdxZa7RjV3SUP-aCnOA\u0022",
        "Last-Modified": "Tue, 07 Nov 2023 20:22:50 GMT",
        "Strict-Transport-Security": "max-age=15724800; includeSubDomains",
        "Sync-Token": "zAJw6V16=Njo1IzIxNTg2MTI0;sn=21586124",
        "Transfer-Encoding": "chunked",
        "x-ms-correlation-request-id": "b586d971-e396-46ec-9e2d-651f71899489"
      },
      "ResponseBody": {
        "etag": "OgOsqcreNizOeQZRqaOunlYwKdxZa7RjV3SUP-aCnOA",
        "key": ".appconfig.featureflag/test_feature",
        "label": null,
        "content_type": "application/vnd.microsoft.appconfig.ff\u002Bjson;charset=utf-8",
        "value": "{\u0022id\u0022: \u0022test_feature\u0022, \u0022enabled\u0022: false, \u0022conditions\u0022: {\u0022client_filters\u0022: []}}",
        "tags": {},
        "locked": false,
        "last_modified": "2023-11-07T20:22:50\u002B00:00"
      }
    },
    {
      "RequestUri": "https://fake_app_config.azconfig-test.io/kv/.appconfig.featureflag%2Ftest_feature?api-version=2023-10-01",
      "RequestMethod": "DELETE",
      "RequestHeaders": {
        "Accept": "application/vnd.microsoft.appconfig.kv\u002Bjson, application/problem\u002Bjson",
        "Accept-Encoding": "gzip, deflate",
        "Connection": "keep-alive",
        "Content-Length": "0",
        "Sync-Token": "zAJw6V16=Njo1IzIxNTg2MTI0",
        "User-Agent": "azsdk-python-appconfiguration/unknown Python/3.11.4 (Windows-10-10.0.22621-SP0)",
        "x-ms-content-sha256": "47DEQpj8HBSa\u002B/TImW\u002B5JCeuQeRkm5NMpJWZG3hSuFU=",
        "x-ms-date": "Nov, 07 2023 20:22:52.578212 GMT"
      },
      "RequestBody": null,
      "StatusCode": 200,
      "ResponseHeaders": {
        "Access-Control-Allow-Origin": "*",
        "Connection": "keep-alive",
        "Content-Type": "application/vnd.microsoft.appconfig.kv\u002Bjson; charset=utf-8",
        "Date": "Tue, 07 Nov 2023 20:22:51 GMT",
        "ETag": "\u0022OgOsqcreNizOeQZRqaOunlYwKdxZa7RjV3SUP-aCnOA\u0022",
        "Last-Modified": "Tue, 07 Nov 2023 20:22:50 GMT",
        "Strict-Transport-Security": "max-age=15724800; includeSubDomains",
        "Sync-Token": "zAJw6V16=Njo1IzIxNTg2MTI2;sn=21586126",
        "Transfer-Encoding": "chunked",
        "x-ms-correlation-request-id": "2afc2ddd-fb36-435d-bb18-11396a8cbc83"
      },
      "ResponseBody": {
        "etag": "OgOsqcreNizOeQZRqaOunlYwKdxZa7RjV3SUP-aCnOA",
        "key": ".appconfig.featureflag/test_feature",
        "label": null,
        "content_type": "application/vnd.microsoft.appconfig.ff\u002Bjson;charset=utf-8",
        "value": "{\u0022id\u0022: \u0022test_feature\u0022, \u0022enabled\u0022: false, \u0022conditions\u0022: {\u0022client_filters\u0022: []}}",
        "tags": {},
        "locked": false,
        "last_modified": "2023-11-07T20:22:50\u002B00:00"
      }
    }
  ],
  "Variables": {}
}
