{
  "Entries": [
    {
      "RequestUri": "https://fake_app_config.azconfig-test.io/kv/PYTHON_UNIT_test_key_a6af8952-54a6-11e9-b600-2816a84d0309?label=test_label1_1d7b2b28-549e-11e9-b51c-2816a84d0309\u0026api-version=2022-11-01-preview",
      "RequestMethod": "PUT",
      "RequestHeaders": {
        "Accept": "application/vnd.microsoft.appconfig.kv\u002Bjson, application/problem\u002Bjson",
        "Accept-Encoding": "gzip, deflate",
        "Connection": "keep-alive",
        "Content-Length": "231",
        "Content-Type": "application/json",
        "If-None-Match": "*",
        "User-Agent": "azsdk-python-appconfiguration/1.4.1 Python/3.11.0 (Windows-10-10.0.22621-SP0)",
        "x-ms-content-sha256": "5b/E4qQlXHTRod\u002Bn\u002Bf\u002BxjK6c/tRVR8uxoC62FjvGJPw=",
        "x-ms-date": "Jul, 01 2023 01:48:36.444850 GMT"
      },
      "RequestBody": {
        "key": "PYTHON_UNIT_test_key_a6af8952-54a6-11e9-b600-2816a84d0309",
        "label": "test_label1_1d7b2b28-549e-11e9-b51c-2816a84d0309",
        "content_type": "test content type",
        "value": "test value",
        "tags": {
          "tag1": "tag1",
          "tag2": "tag2"
        }
      },
      "StatusCode": 200,
      "ResponseHeaders": {
        "Access-Control-Allow-Credentials": "true",
        "Access-Control-Allow-Origin": "*",
        "Access-Control-Expose-Headers": "DNT, X-CustomHeader, Keep-Alive, User-Agent, X-Requested-With, If-Modified-Since, Cache-Control, Content-Type, Authorization, x-ms-client-request-id, x-ms-useragent, x-ms-content-sha256, x-ms-date, host, Accept, Accept-Datetime, Date, If-Match, If-None-Match, Sync-Token, x-ms-return-client-request-id, ETag, Last-Modified, Link, Memento-Datetime, retry-after-ms, x-ms-request-id, x-ms-client-session-id, x-ms-effective-locale, WWW-Authenticate, traceparent, tracestate, Operation-Location, Retry-After",
        "Connection": "keep-alive",
        "Content-Type": "application/vnd.microsoft.appconfig.kv\u002Bjson; charset=utf-8",
        "Date": "Sat, 01 Jul 2023 01:48:36 GMT",
        "ETag": "\u0022zLVgQ3S0BC3NEAP9YelKYydSFQmWRWlN8XrO1mxoNkU\u0022",
        "Last-Modified": "Sat, 01 Jul 2023 01:48:36 GMT",
        "Server": "openresty/1.21.4.1",
        "Strict-Transport-Security": "max-age=15724800; includeSubDomains",
        "Sync-Token": "zAJw6V16=NTo1IzI3NDgxNjcz;sn=27481673",
        "Transfer-Encoding": "chunked",
        "x-ms-correlation-request-id": "c3891d65-49e3-41af-8a7a-f709c9952222"
      },
      "ResponseBody": {
        "etag": "zLVgQ3S0BC3NEAP9YelKYydSFQmWRWlN8XrO1mxoNkU",
        "key": "PYTHON_UNIT_test_key_a6af8952-54a6-11e9-b600-2816a84d0309",
        "label": "test_label1_1d7b2b28-549e-11e9-b51c-2816a84d0309",
        "content_type": "test content type",
        "value": "test value",
        "tags": {
          "tag1": "tag1",
          "tag2": "tag2"
        },
        "locked": false,
        "last_modified": "2023-07-01T01:48:36\u002B00:00"
      }
    },
    {
      "RequestUri": "https://fake_app_config.azconfig-test.io/kv/PYTHON_UNIT_test_key_a6af8952-54a6-11e9-b600-2816a84d0309?api-version=2022-11-01-preview",
      "RequestMethod": "PUT",
      "RequestHeaders": {
        "Accept": "application/vnd.microsoft.appconfig.kv\u002Bjson, application/problem\u002Bjson",
        "Accept-Encoding": "gzip, deflate",
        "Connection": "keep-alive",
        "Content-Length": "170",
        "Content-Type": "application/json",
        "If-None-Match": "*",
        "Sync-Token": "zAJw6V16=NTo1IzI3NDgxNjcz",
        "User-Agent": "azsdk-python-appconfiguration/1.4.1 Python/3.11.0 (Windows-10-10.0.22621-SP0)",
        "x-ms-content-sha256": "4rt07HteiPg5NxofrgzMmlQPTVbo1no7aKxDSI5uUU4=",
        "x-ms-date": "Jul, 01 2023 01:48:36.484404 GMT"
      },
      "RequestBody": {
        "key": "PYTHON_UNIT_test_key_a6af8952-54a6-11e9-b600-2816a84d0309",
        "content_type": "test content type",
        "value": "test value",
        "tags": {
          "tag1": "tag1",
          "tag2": "tag2"
        }
      },
      "StatusCode": 200,
      "ResponseHeaders": {
        "Access-Control-Allow-Credentials": "true",
        "Access-Control-Allow-Origin": "*",
        "Access-Control-Expose-Headers": "DNT, X-CustomHeader, Keep-Alive, User-Agent, X-Requested-With, If-Modified-Since, Cache-Control, Content-Type, Authorization, x-ms-client-request-id, x-ms-useragent, x-ms-content-sha256, x-ms-date, host, Accept, Accept-Datetime, Date, If-Match, If-None-Match, Sync-Token, x-ms-return-client-request-id, ETag, Last-Modified, Link, Memento-Datetime, retry-after-ms, x-ms-request-id, x-ms-client-session-id, x-ms-effective-locale, WWW-Authenticate, traceparent, tracestate, Operation-Location, Retry-After",
        "Connection": "keep-alive",
        "Content-Type": "application/vnd.microsoft.appconfig.kv\u002Bjson; charset=utf-8",
        "Date": "Sat, 01 Jul 2023 01:48:36 GMT",
        "ETag": "\u00226gYWQxwmBMzayPHXddfOWFsm8rqWNNsWTnXNqtke8XY\u0022",
        "Last-Modified": "Sat, 01 Jul 2023 01:48:36 GMT",
        "Server": "openresty/1.21.4.1",
        "Strict-Transport-Security": "max-age=15724800; includeSubDomains",
        "Sync-Token": "zAJw6V16=NTo1IzI3NDgxNjc1;sn=27481675",
        "Transfer-Encoding": "chunked",
        "x-ms-correlation-request-id": "cbcc31b4-917c-4c05-8413-a804da9f8a86"
      },
      "ResponseBody": {
        "etag": "6gYWQxwmBMzayPHXddfOWFsm8rqWNNsWTnXNqtke8XY",
        "key": "PYTHON_UNIT_test_key_a6af8952-54a6-11e9-b600-2816a84d0309",
        "label": null,
        "content_type": "test content type",
        "value": "test value",
        "tags": {
          "tag1": "tag1",
          "tag2": "tag2"
        },
        "locked": false,
        "last_modified": "2023-07-01T01:48:36\u002B00:00"
      }
    },
    {
      "RequestUri": "https://fake_app_config.azconfig-test.io/snapshots?api-version=2022-11-01-preview",
      "RequestMethod": "GET",
      "RequestHeaders": {
        "Accept": "application/vnd.microsoft.appconfig.snapshotset\u002Bjson, application/problem\u002Bjson",
        "Accept-Encoding": "gzip, deflate",
        "Connection": "keep-alive",
        "Sync-Token": "zAJw6V16=NTo1IzI3NDgxNjc1",
        "User-Agent": "azsdk-python-appconfiguration/1.4.1 Python/3.11.0 (Windows-10-10.0.22621-SP0)",
        "x-ms-content-sha256": "47DEQpj8HBSa\u002B/TImW\u002B5JCeuQeRkm5NMpJWZG3hSuFU=",
        "x-ms-date": "Jul, 01 2023 01:48:36.532323 GMT"
      },
      "RequestBody": null,
      "StatusCode": 200,
      "ResponseHeaders": {
        "Access-Control-Allow-Credentials": "true",
        "Access-Control-Allow-Origin": "*",
        "Access-Control-Expose-Headers": "DNT, X-CustomHeader, Keep-Alive, User-Agent, X-Requested-With, If-Modified-Since, Cache-Control, Content-Type, Authorization, x-ms-client-request-id, x-ms-useragent, x-ms-content-sha256, x-ms-date, host, Accept, Accept-Datetime, Date, If-Match, If-None-Match, Sync-Token, x-ms-return-client-request-id, ETag, Last-Modified, Link, Memento-Datetime, retry-after-ms, x-ms-request-id, x-ms-client-session-id, x-ms-effective-locale, WWW-Authenticate, traceparent, tracestate, Operation-Location, Retry-After",
        "Connection": "keep-alive",
        "Content-Type": "application/vnd.microsoft.appconfig.snapshotset\u002Bjson; charset=utf-8",
        "Date": "Sat, 01 Jul 2023 01:48:36 GMT",
        "Server": "openresty/1.21.4.1",
        "Strict-Transport-Security": "max-age=15724800; includeSubDomains",
        "Sync-Token": "zAJw6V16=NTo1IzI3NDgxNjc2;sn=27481676",
        "Transfer-Encoding": "chunked",
        "x-ms-correlation-request-id": "71d63dd0-9f79-4d5c-9ece-a5636b5e6b9f"
      },
      "ResponseBody": {
        "items": [
          {
            "etag": "0Qv9KHEhjJRmdQU-uTRegNuJxVU1xg_Wv5-ygzgtZnQ",
            "name": "snapshot4143c2c",
            "status": "ready",
            "filters": [
              {
                "key": "PYTHON_UNIT_test_key_a6af8952-54a6-11e9-b600-2816a84d0309",
                "label": "test_label1_1d7b2b28-549e-11e9-b51c-2816a84d0309"
              }
            ],
            "composition_type": "key",
            "created": "2023-07-01T01:48:16\u002B00:00",
            "size": 1000,
            "items_count": 1,
            "tags": {},
            "retention_period": 2592000
          },
          {
            "etag": "IU_rZj9bXbEbbR158JXD_DBkTSzX4hDTr4P6_jFKzyc",
            "name": "snapshot6003391a",
            "status": "ready",
            "filters": [
              {
                "key": "PYTHON_UNIT_test_key_a6af8952-54a6-11e9-b600-2816a84d0309",
                "label": "test_label1_1d7b2b28-549e-11e9-b51c-2816a84d0309"
              }
            ],
            "composition_type": "key",
            "created": "2023-07-01T01:47:55\u002B00:00",
            "size": 1000,
            "items_count": 1,
            "tags": {},
            "retention_period": 2592000
          },
          {
            "etag": "BjhBskoFDOasH_TtR-BZ-07cn6Ci0yJPAwXRmIDotTk",
            "name": "snapshotrandom6003391a",
            "status": "ready",
            "filters": [
              {
                "key": "PYTHON_UNIT_test_key_a6af8952-54a6-11e9-b600-2816a84d0309",
                "label": "test_label1_1d7b2b28-549e-11e9-b51c-2816a84d0309"
              }
            ],
            "composition_type": "key",
            "created": "2023-06-30T23:10:07\u002B00:00",
            "size": 1000,
            "items_count": 1,
            "tags": {},
            "retention_period": 2592000
          }
        ]
      }
    },
    {
      "RequestUri": "https://fake_app_config.azconfig-test.io/snapshots/snapshot1289138d5?api-version=2022-11-01-preview",
      "RequestMethod": "PUT",
      "RequestHeaders": {
        "Accept": "application/vnd.microsoft.appconfig.snapshot\u002Bjson, application/problem\u002Bjson",
        "Accept-Encoding": "gzip, deflate",
        "Connection": "keep-alive",
        "Content-Length": "83",
        "Content-Type": "application/json",
        "Sync-Token": "zAJw6V16=NTo1IzI3NDgxNjc2",
        "User-Agent": "azsdk-python-appconfiguration/1.4.1 Python/3.11.0 (Windows-10-10.0.22621-SP0)",
        "x-ms-content-sha256": "ZPnSI\u002BPe9rMsfti8wA0JIWtvjHHDthOpH2wUWulaobw=",
        "x-ms-date": "Jul, 01 2023 01:48:36.699445 GMT"
      },
      "RequestBody": {
        "filters": [
          {
            "key": "PYTHON_UNIT_test_key_a6af8952-54a6-11e9-b600-2816a84d0309"
          }
        ]
      },
      "StatusCode": 201,
      "ResponseHeaders": {
        "Access-Control-Allow-Credentials": "true",
        "Access-Control-Allow-Origin": "*",
        "Access-Control-Expose-Headers": "DNT, X-CustomHeader, Keep-Alive, User-Agent, X-Requested-With, If-Modified-Since, Cache-Control, Content-Type, Authorization, x-ms-client-request-id, x-ms-useragent, x-ms-content-sha256, x-ms-date, host, Accept, Accept-Datetime, Date, If-Match, If-None-Match, Sync-Token, x-ms-return-client-request-id, ETag, Last-Modified, Link, Memento-Datetime, retry-after-ms, x-ms-request-id, x-ms-client-session-id, x-ms-effective-locale, WWW-Authenticate, traceparent, tracestate, Operation-Location, Retry-After",
        "Connection": "keep-alive",
        "Content-Type": "application/vnd.microsoft.appconfig.snapshot\u002Bjson; charset=utf-8",
        "Date": "Sat, 01 Jul 2023 01:48:37 GMT",
        "ETag": "\u0022jEo80Fta4yd6h18aWvKyETj8pD7fsoJ73CLbsmKdmhM\u0022",
        "Last-Modified": "Sat, 01 Jul 2023 01:48:37 GMT",
        "Link": "\u003C/kv?snapshot=snapshot1289138d5\u0026api-version=2022-11-01-preview\u003E; rel=\u0022items\u0022",
        "Operation-Location": "https://fake_app_config.azconfig-test.io/operations?snapshot=snapshot1289138d5\u0026api-version=2022-11-01-preview",
        "Server": "openresty/1.21.4.1",
        "Strict-Transport-Security": "max-age=15724800; includeSubDomains",
        "Sync-Token": "zAJw6V16=NTo1IzI3NDgxNjc3;sn=27481677",
        "Transfer-Encoding": "chunked",
        "x-ms-correlation-request-id": "3c931140-1f48-4c71-a5ef-ff03811e95cc"
      },
      "ResponseBody": {
        "etag": "jEo80Fta4yd6h18aWvKyETj8pD7fsoJ73CLbsmKdmhM",
        "name": "snapshot1289138d5",
        "status": "provisioning",
        "filters": [
          {
            "key": "PYTHON_UNIT_test_key_a6af8952-54a6-11e9-b600-2816a84d0309",
            "label": null
          }
        ],
        "composition_type": "key",
        "created": "2023-07-01T01:48:37\u002B00:00",
        "size": 0,
        "items_count": 0,
        "tags": {},
        "retention_period": 2592000
      }
    },
    {
      "RequestUri": "https://fake_app_config.azconfig-test.io/operations?snapshot=snapshot1289138d5\u0026api-version=2022-11-01-preview",
      "RequestMethod": "GET",
      "RequestHeaders": {
        "Accept": "*/*",
        "Accept-Encoding": "gzip, deflate",
        "Connection": "keep-alive",
        "Sync-Token": "zAJw6V16=NTo1IzI3NDgxNjc3",
        "User-Agent": "azsdk-python-appconfiguration/1.4.1 Python/3.11.0 (Windows-10-10.0.22621-SP0)",
        "x-ms-content-sha256": "47DEQpj8HBSa\u002B/TImW\u002B5JCeuQeRkm5NMpJWZG3hSuFU=",
        "x-ms-date": "Jul, 01 2023 01:48:36.740834 GMT"
      },
      "RequestBody": null,
      "StatusCode": 200,
      "ResponseHeaders": {
        "Access-Control-Allow-Credentials": "true",
        "Access-Control-Allow-Origin": "*",
        "Access-Control-Expose-Headers": "DNT, X-CustomHeader, Keep-Alive, User-Agent, X-Requested-With, If-Modified-Since, Cache-Control, Content-Type, Authorization, x-ms-client-request-id, x-ms-useragent, x-ms-content-sha256, x-ms-date, host, Accept, Accept-Datetime, Date, If-Match, If-None-Match, Sync-Token, x-ms-return-client-request-id, ETag, Last-Modified, Link, Memento-Datetime, retry-after-ms, x-ms-request-id, x-ms-client-session-id, x-ms-effective-locale, WWW-Authenticate, traceparent, tracestate, Operation-Location, Retry-After",
        "Connection": "keep-alive",
        "Content-Encoding": "gzip",
        "Content-Type": "application/json; charset=utf-8",
        "Date": "Sat, 01 Jul 2023 01:48:37 GMT",
        "Retry-After": "10",
        "Server": "openresty/1.21.4.1",
        "Strict-Transport-Security": "max-age=15724800; includeSubDomains",
        "Sync-Token": "zAJw6V16=NTo1IzI3NDgxNjc3;sn=27481677",
        "Transfer-Encoding": "chunked",
        "Vary": "Accept-Encoding",
        "x-ms-correlation-request-id": "31a40e21-3697-43d0-819d-fc3495608780"
      },
      "ResponseBody": {
        "id": "uSjBIt95M8Blxvy29EOC5XPPlUQIxjFo2FYk9W_a35M",
        "status": "Running",
        "error": null
      }
    },
    {
      "RequestUri": "https://fake_app_config.azconfig-test.io/operations?snapshot=snapshot1289138d5\u0026api-version=2022-11-01-preview",
      "RequestMethod": "GET",
      "RequestHeaders": {
        "Accept": "*/*",
        "Accept-Encoding": "gzip, deflate",
        "Connection": "keep-alive",
        "Sync-Token": "zAJw6V16=NTo1IzI3NDgxNjc3",
        "User-Agent": "azsdk-python-appconfiguration/1.4.1 Python/3.11.0 (Windows-10-10.0.22621-SP0)",
        "x-ms-content-sha256": "47DEQpj8HBSa\u002B/TImW\u002B5JCeuQeRkm5NMpJWZG3hSuFU=",
        "x-ms-date": "Jul, 01 2023 01:48:46.778995 GMT"
      },
      "RequestBody": null,
      "StatusCode": 200,
      "ResponseHeaders": {
        "Access-Control-Allow-Credentials": "true",
        "Access-Control-Allow-Origin": "*",
        "Access-Control-Expose-Headers": "DNT, X-CustomHeader, Keep-Alive, User-Agent, X-Requested-With, If-Modified-Since, Cache-Control, Content-Type, Authorization, x-ms-client-request-id, x-ms-useragent, x-ms-content-sha256, x-ms-date, host, Accept, Accept-Datetime, Date, If-Match, If-None-Match, Sync-Token, x-ms-return-client-request-id, ETag, Last-Modified, Link, Memento-Datetime, retry-after-ms, x-ms-request-id, x-ms-client-session-id, x-ms-effective-locale, WWW-Authenticate, traceparent, tracestate, Operation-Location, Retry-After",
        "Connection": "keep-alive",
        "Content-Encoding": "gzip",
        "Content-Type": "application/json; charset=utf-8",
        "Date": "Sat, 01 Jul 2023 01:48:47 GMT",
        "Retry-After": "10",
        "Server": "openresty/1.21.4.1",
        "Strict-Transport-Security": "max-age=15724800; includeSubDomains",
        "Sync-Token": "zAJw6V16=NTo1IzI3NDgxNjc3;sn=27481677",
        "Transfer-Encoding": "chunked",
        "Vary": "Accept-Encoding",
        "x-ms-correlation-request-id": "fa450c35-9449-4791-9fc2-aef2f71ca0cc"
      },
      "ResponseBody": {
        "id": "uSjBIt95M8Blxvy29EOC5XPPlUQIxjFo2FYk9W_a35M",
        "status": "Running",
        "error": null
      }
    },
    {
      "RequestUri": "https://fake_app_config.azconfig-test.io/operations?snapshot=snapshot1289138d5\u0026api-version=2022-11-01-preview",
      "RequestMethod": "GET",
      "RequestHeaders": {
        "Accept": "*/*",
        "Accept-Encoding": "gzip, deflate",
        "Connection": "keep-alive",
        "Sync-Token": "zAJw6V16=NTo1IzI3NDgxNjc3",
        "User-Agent": "azsdk-python-appconfiguration/1.4.1 Python/3.11.0 (Windows-10-10.0.22621-SP0)",
        "x-ms-content-sha256": "47DEQpj8HBSa\u002B/TImW\u002B5JCeuQeRkm5NMpJWZG3hSuFU=",
        "x-ms-date": "Jul, 01 2023 01:48:56.812282 GMT"
      },
      "RequestBody": null,
      "StatusCode": 200,
      "ResponseHeaders": {
        "Access-Control-Allow-Credentials": "true",
        "Access-Control-Allow-Origin": "*",
        "Access-Control-Expose-Headers": "DNT, X-CustomHeader, Keep-Alive, User-Agent, X-Requested-With, If-Modified-Since, Cache-Control, Content-Type, Authorization, x-ms-client-request-id, x-ms-useragent, x-ms-content-sha256, x-ms-date, host, Accept, Accept-Datetime, Date, If-Match, If-None-Match, Sync-Token, x-ms-return-client-request-id, ETag, Last-Modified, Link, Memento-Datetime, retry-after-ms, x-ms-request-id, x-ms-client-session-id, x-ms-effective-locale, WWW-Authenticate, traceparent, tracestate, Operation-Location, Retry-After",
        "Connection": "keep-alive",
        "Content-Encoding": "gzip",
        "Content-Type": "application/json; charset=utf-8",
        "Date": "Sat, 01 Jul 2023 01:48:57 GMT",
        "Retry-After": "10",
        "Server": "openresty/1.21.4.1",
        "Strict-Transport-Security": "max-age=15724800; includeSubDomains",
        "Sync-Token": "zAJw6V16=NTo1IzI3NDgxNjc3;sn=27481677",
        "Transfer-Encoding": "chunked",
        "Vary": "Accept-Encoding",
        "x-ms-correlation-request-id": "4807d354-736a-4e8c-be66-97197325eb5d"
      },
      "ResponseBody": {
        "id": "uSjBIt95M8Blxvy29EOC5XPPlUQIxjFo2FYk9W_a35M",
        "status": "Running",
        "error": null
      }
    },
    {
      "RequestUri": "https://fake_app_config.azconfig-test.io/operations?snapshot=snapshot1289138d5\u0026api-version=2022-11-01-preview",
      "RequestMethod": "GET",
      "RequestHeaders": {
        "Accept": "*/*",
        "Accept-Encoding": "gzip, deflate",
        "Connection": "keep-alive",
        "Sync-Token": "zAJw6V16=NTo1IzI3NDgxNjc3",
        "User-Agent": "azsdk-python-appconfiguration/1.4.1 Python/3.11.0 (Windows-10-10.0.22621-SP0)",
        "x-ms-content-sha256": "47DEQpj8HBSa\u002B/TImW\u002B5JCeuQeRkm5NMpJWZG3hSuFU=",
        "x-ms-date": "Jul, 01 2023 01:49:06.850955 GMT"
      },
      "RequestBody": null,
      "StatusCode": 200,
      "ResponseHeaders": {
        "Access-Control-Allow-Credentials": "true",
        "Access-Control-Allow-Origin": "*",
        "Access-Control-Expose-Headers": "DNT, X-CustomHeader, Keep-Alive, User-Agent, X-Requested-With, If-Modified-Since, Cache-Control, Content-Type, Authorization, x-ms-client-request-id, x-ms-useragent, x-ms-content-sha256, x-ms-date, host, Accept, Accept-Datetime, Date, If-Match, If-None-Match, Sync-Token, x-ms-return-client-request-id, ETag, Last-Modified, Link, Memento-Datetime, retry-after-ms, x-ms-request-id, x-ms-client-session-id, x-ms-effective-locale, WWW-Authenticate, traceparent, tracestate, Operation-Location, Retry-After",
        "Connection": "keep-alive",
        "Content-Encoding": "gzip",
        "Content-Type": "application/json; charset=utf-8",
        "Date": "Sat, 01 Jul 2023 01:49:07 GMT",
        "Server": "openresty/1.21.4.1",
        "Strict-Transport-Security": "max-age=15724800; includeSubDomains",
        "Sync-Token": "zAJw6V16=NTo1IzI3NDgxNjgy;sn=27481682",
        "Transfer-Encoding": "chunked",
        "Vary": "Accept-Encoding",
        "x-ms-correlation-request-id": "019932db-93a7-40ea-b25b-b062e53026a2"
      },
      "ResponseBody": {
        "id": "uSjBIt95M8Blxvy29EOC5XPPlUQIxjFo2FYk9W_a35M",
        "status": "Succeeded",
        "error": null
      }
    },
    {
      "RequestUri": "https://fake_app_config.azconfig-test.io/snapshots/snapshot1289138d5?api-version=2022-11-01-preview",
      "RequestMethod": "GET",
      "RequestHeaders": {
        "Accept": "*/*",
        "Accept-Encoding": "gzip, deflate",
        "Connection": "keep-alive",
        "Sync-Token": "zAJw6V16=NTo1IzI3NDgxNjgy",
        "User-Agent": "azsdk-python-appconfiguration/1.4.1 Python/3.11.0 (Windows-10-10.0.22621-SP0)",
        "x-ms-content-sha256": "47DEQpj8HBSa\u002B/TImW\u002B5JCeuQeRkm5NMpJWZG3hSuFU=",
        "x-ms-date": "Jul, 01 2023 01:49:06.944521 GMT"
      },
      "RequestBody": null,
      "StatusCode": 200,
      "ResponseHeaders": {
        "Access-Control-Allow-Credentials": "true",
        "Access-Control-Allow-Origin": "*",
        "Access-Control-Expose-Headers": "DNT, X-CustomHeader, Keep-Alive, User-Agent, X-Requested-With, If-Modified-Since, Cache-Control, Content-Type, Authorization, x-ms-client-request-id, x-ms-useragent, x-ms-content-sha256, x-ms-date, host, Accept, Accept-Datetime, Date, If-Match, If-None-Match, Sync-Token, x-ms-return-client-request-id, ETag, Last-Modified, Link, Memento-Datetime, retry-after-ms, x-ms-request-id, x-ms-client-session-id, x-ms-effective-locale, WWW-Authenticate, traceparent, tracestate, Operation-Location, Retry-After",
        "Connection": "keep-alive",
        "Content-Type": "application/vnd.microsoft.appconfig.snapshot\u002Bjson; charset=utf-8",
        "Date": "Sat, 01 Jul 2023 01:49:07 GMT",
        "ETag": "\u0022jEo80Fta4yd6h18aWvKyETj8pD7fsoJ73CLbsmKdmhM\u0022",
        "Last-Modified": "Sat, 01 Jul 2023 01:48:37 GMT",
        "Link": "\u003C/kv?snapshot=snapshot1289138d5\u0026api-version=2022-11-01-preview\u003E; rel=\u0022items\u0022",
        "Server": "openresty/1.21.4.1",
        "Strict-Transport-Security": "max-age=15724800; includeSubDomains",
        "Sync-Token": "zAJw6V16=NTo1IzI3NDgxNjgy;sn=27481682",
        "Transfer-Encoding": "chunked",
        "x-ms-correlation-request-id": "2caa81e7-9f6c-4074-aaac-d4809b7bb015"
      },
      "ResponseBody": {
        "etag": "jEo80Fta4yd6h18aWvKyETj8pD7fsoJ73CLbsmKdmhM",
        "name": "snapshot1289138d5",
        "status": "ready",
        "filters": [
          {
            "key": "PYTHON_UNIT_test_key_a6af8952-54a6-11e9-b600-2816a84d0309",
            "label": null
          }
        ],
        "composition_type": "key",
        "created": "2023-07-01T01:48:37\u002B00:00",
        "size": 1000,
        "items_count": 1,
        "tags": {},
        "retention_period": 2592000
      }
    },
    {
      "RequestUri": "https://fake_app_config.azconfig-test.io/snapshots/snapshot2289138d5?api-version=2022-11-01-preview",
      "RequestMethod": "PUT",
      "RequestHeaders": {
        "Accept": "application/vnd.microsoft.appconfig.snapshot\u002Bjson, application/problem\u002Bjson",
        "Accept-Encoding": "gzip, deflate",
        "Connection": "keep-alive",
        "Content-Length": "144",
        "Content-Type": "application/json",
        "Sync-Token": "zAJw6V16=NTo1IzI3NDgxNjgy",
        "User-Agent": "azsdk-python-appconfiguration/1.4.1 Python/3.11.0 (Windows-10-10.0.22621-SP0)",
        "x-ms-content-sha256": "ExTHV5ccprj187OJpDeEw644b5k7eArIaPBC5FRiYzM=",
        "x-ms-date": "Jul, 01 2023 01:49:06.987691 GMT"
      },
      "RequestBody": {
        "filters": [
          {
            "key": "PYTHON_UNIT_test_key_a6af8952-54a6-11e9-b600-2816a84d0309",
            "label": "test_label1_1d7b2b28-549e-11e9-b51c-2816a84d0309"
          }
        ]
      },
      "StatusCode": 201,
      "ResponseHeaders": {
        "Access-Control-Allow-Credentials": "true",
        "Access-Control-Allow-Origin": "*",
        "Access-Control-Expose-Headers": "DNT, X-CustomHeader, Keep-Alive, User-Agent, X-Requested-With, If-Modified-Since, Cache-Control, Content-Type, Authorization, x-ms-client-request-id, x-ms-useragent, x-ms-content-sha256, x-ms-date, host, Accept, Accept-Datetime, Date, If-Match, If-None-Match, Sync-Token, x-ms-return-client-request-id, ETag, Last-Modified, Link, Memento-Datetime, retry-after-ms, x-ms-request-id, x-ms-client-session-id, x-ms-effective-locale, WWW-Authenticate, traceparent, tracestate, Operation-Location, Retry-After",
        "Connection": "keep-alive",
        "Content-Type": "application/vnd.microsoft.appconfig.snapshot\u002Bjson; charset=utf-8",
        "Date": "Sat, 01 Jul 2023 01:49:07 GMT",
        "ETag": "\u00229mQoySiZ2utbXP3q5jRJn1U40YgDQM5rotdvtYb5pOE\u0022",
        "Last-Modified": "Sat, 01 Jul 2023 01:49:07 GMT",
        "Link": "\u003C/kv?snapshot=snapshot2289138d5\u0026api-version=2022-11-01-preview\u003E; rel=\u0022items\u0022",
        "Operation-Location": "https://fake_app_config.azconfig-test.io/operations?snapshot=snapshot2289138d5\u0026api-version=2022-11-01-preview",
        "Server": "openresty/1.21.4.1",
        "Strict-Transport-Security": "max-age=15724800; includeSubDomains",
        "Sync-Token": "zAJw6V16=NTo1IzI3NDgxNjgz;sn=27481683",
        "Transfer-Encoding": "chunked",
        "x-ms-correlation-request-id": "9ddec1d3-8024-4212-9d85-ff2863672a6c"
      },
      "ResponseBody": {
        "etag": "9mQoySiZ2utbXP3q5jRJn1U40YgDQM5rotdvtYb5pOE",
        "name": "snapshot2289138d5",
        "status": "provisioning",
        "filters": [
          {
            "key": "PYTHON_UNIT_test_key_a6af8952-54a6-11e9-b600-2816a84d0309",
            "label": "test_label1_1d7b2b28-549e-11e9-b51c-2816a84d0309"
          }
        ],
        "composition_type": "key",
        "created": "2023-07-01T01:49:07\u002B00:00",
        "size": 0,
        "items_count": 0,
        "tags": {},
        "retention_period": 2592000
      }
    },
    {
      "RequestUri": "https://fake_app_config.azconfig-test.io/operations?snapshot=snapshot2289138d5\u0026api-version=2022-11-01-preview",
      "RequestMethod": "GET",
      "RequestHeaders": {
        "Accept": "*/*",
        "Accept-Encoding": "gzip, deflate",
        "Connection": "keep-alive",
        "Sync-Token": "zAJw6V16=NTo1IzI3NDgxNjgz",
        "User-Agent": "azsdk-python-appconfiguration/1.4.1 Python/3.11.0 (Windows-10-10.0.22621-SP0)",
        "x-ms-content-sha256": "47DEQpj8HBSa\u002B/TImW\u002B5JCeuQeRkm5NMpJWZG3hSuFU=",
        "x-ms-date": "Jul, 01 2023 01:49:07.027912 GMT"
      },
      "RequestBody": null,
      "StatusCode": 200,
      "ResponseHeaders": {
        "Access-Control-Allow-Credentials": "true",
        "Access-Control-Allow-Origin": "*",
        "Access-Control-Expose-Headers": "DNT, X-CustomHeader, Keep-Alive, User-Agent, X-Requested-With, If-Modified-Since, Cache-Control, Content-Type, Authorization, x-ms-client-request-id, x-ms-useragent, x-ms-content-sha256, x-ms-date, host, Accept, Accept-Datetime, Date, If-Match, If-None-Match, Sync-Token, x-ms-return-client-request-id, ETag, Last-Modified, Link, Memento-Datetime, retry-after-ms, x-ms-request-id, x-ms-client-session-id, x-ms-effective-locale, WWW-Authenticate, traceparent, tracestate, Operation-Location, Retry-After",
        "Connection": "keep-alive",
        "Content-Encoding": "gzip",
        "Content-Type": "application/json; charset=utf-8",
        "Date": "Sat, 01 Jul 2023 01:49:07 GMT",
        "Retry-After": "10",
        "Server": "openresty/1.21.4.1",
        "Strict-Transport-Security": "max-age=15724800; includeSubDomains",
        "Sync-Token": "zAJw6V16=NTo1IzI3NDgxNjgz;sn=27481683",
        "Transfer-Encoding": "chunked",
        "Vary": "Accept-Encoding",
        "x-ms-correlation-request-id": "2e8ca854-6321-454a-9957-c4c51eb9f461"
      },
      "ResponseBody": {
        "id": "zGNZFqxJl8EKIq5YuIaY365-cnyZJeRIagatGuRT9_M",
        "status": "Running",
        "error": null
      }
    },
    {
      "RequestUri": "https://fake_app_config.azconfig-test.io/operations?snapshot=snapshot2289138d5\u0026api-version=2022-11-01-preview",
      "RequestMethod": "GET",
      "RequestHeaders": {
        "Accept": "*/*",
        "Accept-Encoding": "gzip, deflate",
        "Connection": "keep-alive",
        "Sync-Token": "zAJw6V16=NTo1IzI3NDgxNjgz",
        "User-Agent": "azsdk-python-appconfiguration/1.4.1 Python/3.11.0 (Windows-10-10.0.22621-SP0)",
        "x-ms-content-sha256": "47DEQpj8HBSa\u002B/TImW\u002B5JCeuQeRkm5NMpJWZG3hSuFU=",
        "x-ms-date": "Jul, 01 2023 01:49:17.058973 GMT"
      },
      "RequestBody": null,
      "StatusCode": 200,
      "ResponseHeaders": {
        "Access-Control-Allow-Credentials": "true",
        "Access-Control-Allow-Origin": "*",
        "Access-Control-Expose-Headers": "DNT, X-CustomHeader, Keep-Alive, User-Agent, X-Requested-With, If-Modified-Since, Cache-Control, Content-Type, Authorization, x-ms-client-request-id, x-ms-useragent, x-ms-content-sha256, x-ms-date, host, Accept, Accept-Datetime, Date, If-Match, If-None-Match, Sync-Token, x-ms-return-client-request-id, ETag, Last-Modified, Link, Memento-Datetime, retry-after-ms, x-ms-request-id, x-ms-client-session-id, x-ms-effective-locale, WWW-Authenticate, traceparent, tracestate, Operation-Location, Retry-After",
        "Connection": "keep-alive",
        "Content-Encoding": "gzip",
        "Content-Type": "application/json; charset=utf-8",
        "Date": "Sat, 01 Jul 2023 01:49:17 GMT",
        "Retry-After": "10",
        "Server": "openresty/1.21.4.1",
        "Strict-Transport-Security": "max-age=15724800; includeSubDomains",
        "Sync-Token": "zAJw6V16=NTo1IzI3NDgxNjg5;sn=27481689",
        "Transfer-Encoding": "chunked",
        "Vary": "Accept-Encoding",
        "x-ms-correlation-request-id": "9d26fc11-aa84-4cae-8c0a-6250ffd911c0"
      },
      "ResponseBody": {
        "id": "zGNZFqxJl8EKIq5YuIaY365-cnyZJeRIagatGuRT9_M",
        "status": "Running",
        "error": null
      }
    },
    {
      "RequestUri": "https://fake_app_config.azconfig-test.io/operations?snapshot=snapshot2289138d5\u0026api-version=2022-11-01-preview",
      "RequestMethod": "GET",
      "RequestHeaders": {
        "Accept": "*/*",
        "Accept-Encoding": "gzip, deflate",
        "Connection": "keep-alive",
        "Sync-Token": "zAJw6V16=NTo1IzI3NDgxNjg5",
        "User-Agent": "azsdk-python-appconfiguration/1.4.1 Python/3.11.0 (Windows-10-10.0.22621-SP0)",
        "x-ms-content-sha256": "47DEQpj8HBSa\u002B/TImW\u002B5JCeuQeRkm5NMpJWZG3hSuFU=",
        "x-ms-date": "Jul, 01 2023 01:49:27.096524 GMT"
      },
      "RequestBody": null,
      "StatusCode": 200,
      "ResponseHeaders": {
        "Access-Control-Allow-Credentials": "true",
        "Access-Control-Allow-Origin": "*",
        "Access-Control-Expose-Headers": "DNT, X-CustomHeader, Keep-Alive, User-Agent, X-Requested-With, If-Modified-Since, Cache-Control, Content-Type, Authorization, x-ms-client-request-id, x-ms-useragent, x-ms-content-sha256, x-ms-date, host, Accept, Accept-Datetime, Date, If-Match, If-None-Match, Sync-Token, x-ms-return-client-request-id, ETag, Last-Modified, Link, Memento-Datetime, retry-after-ms, x-ms-request-id, x-ms-client-session-id, x-ms-effective-locale, WWW-Authenticate, traceparent, tracestate, Operation-Location, Retry-After",
        "Connection": "keep-alive",
        "Content-Encoding": "gzip",
        "Content-Type": "application/json; charset=utf-8",
        "Date": "Sat, 01 Jul 2023 01:49:27 GMT",
        "Retry-After": "10",
        "Server": "openresty/1.21.4.1",
        "Strict-Transport-Security": "max-age=15724800; includeSubDomains",
        "Sync-Token": "zAJw6V16=NTo1IzI3NDgxNjkx;sn=27481691",
        "Transfer-Encoding": "chunked",
        "Vary": "Accept-Encoding",
        "x-ms-correlation-request-id": "dc7669a0-eb3d-4015-b38d-6d76a7156db9"
      },
      "ResponseBody": {
        "id": "zGNZFqxJl8EKIq5YuIaY365-cnyZJeRIagatGuRT9_M",
        "status": "Running",
        "error": null
      }
    },
    {
      "RequestUri": "https://fake_app_config.azconfig-test.io/operations?snapshot=snapshot2289138d5\u0026api-version=2022-11-01-preview",
      "RequestMethod": "GET",
      "RequestHeaders": {
        "Accept": "*/*",
        "Accept-Encoding": "gzip, deflate",
        "Connection": "keep-alive",
        "Sync-Token": "zAJw6V16=NTo1IzI3NDgxNjkx",
        "User-Agent": "azsdk-python-appconfiguration/1.4.1 Python/3.11.0 (Windows-10-10.0.22621-SP0)",
        "x-ms-content-sha256": "47DEQpj8HBSa\u002B/TImW\u002B5JCeuQeRkm5NMpJWZG3hSuFU=",
        "x-ms-date": "Jul, 01 2023 01:49:37.127007 GMT"
      },
      "RequestBody": null,
      "StatusCode": 200,
      "ResponseHeaders": {
        "Access-Control-Allow-Credentials": "true",
        "Access-Control-Allow-Origin": "*",
        "Access-Control-Expose-Headers": "DNT, X-CustomHeader, Keep-Alive, User-Agent, X-Requested-With, If-Modified-Since, Cache-Control, Content-Type, Authorization, x-ms-client-request-id, x-ms-useragent, x-ms-content-sha256, x-ms-date, host, Accept, Accept-Datetime, Date, If-Match, If-None-Match, Sync-Token, x-ms-return-client-request-id, ETag, Last-Modified, Link, Memento-Datetime, retry-after-ms, x-ms-request-id, x-ms-client-session-id, x-ms-effective-locale, WWW-Authenticate, traceparent, tracestate, Operation-Location, Retry-After",
        "Connection": "keep-alive",
        "Content-Encoding": "gzip",
        "Content-Type": "application/json; charset=utf-8",
        "Date": "Sat, 01 Jul 2023 01:49:37 GMT",
        "Server": "openresty/1.21.4.1",
        "Strict-Transport-Security": "max-age=15724800; includeSubDomains",
        "Sync-Token": "zAJw6V16=NTo1IzI3NDgxNzEw;sn=27481710",
        "Transfer-Encoding": "chunked",
        "Vary": "Accept-Encoding",
        "x-ms-correlation-request-id": "3b592069-f4b8-4f37-ba40-a3b282947311"
      },
      "ResponseBody": {
        "id": "zGNZFqxJl8EKIq5YuIaY365-cnyZJeRIagatGuRT9_M",
        "status": "Succeeded",
        "error": null
      }
    },
    {
      "RequestUri": "https://fake_app_config.azconfig-test.io/snapshots/snapshot2289138d5?api-version=2022-11-01-preview",
      "RequestMethod": "GET",
      "RequestHeaders": {
        "Accept": "*/*",
        "Accept-Encoding": "gzip, deflate",
        "Connection": "keep-alive",
        "Sync-Token": "zAJw6V16=NTo1IzI3NDgxNzEw",
        "User-Agent": "azsdk-python-appconfiguration/1.4.1 Python/3.11.0 (Windows-10-10.0.22621-SP0)",
        "x-ms-content-sha256": "47DEQpj8HBSa\u002B/TImW\u002B5JCeuQeRkm5NMpJWZG3hSuFU=",
        "x-ms-date": "Jul, 01 2023 01:49:37.225920 GMT"
      },
      "RequestBody": null,
      "StatusCode": 200,
      "ResponseHeaders": {
        "Access-Control-Allow-Credentials": "true",
        "Access-Control-Allow-Origin": "*",
        "Access-Control-Expose-Headers": "DNT, X-CustomHeader, Keep-Alive, User-Agent, X-Requested-With, If-Modified-Since, Cache-Control, Content-Type, Authorization, x-ms-client-request-id, x-ms-useragent, x-ms-content-sha256, x-ms-date, host, Accept, Accept-Datetime, Date, If-Match, If-None-Match, Sync-Token, x-ms-return-client-request-id, ETag, Last-Modified, Link, Memento-Datetime, retry-after-ms, x-ms-request-id, x-ms-client-session-id, x-ms-effective-locale, WWW-Authenticate, traceparent, tracestate, Operation-Location, Retry-After",
        "Connection": "keep-alive",
        "Content-Type": "application/vnd.microsoft.appconfig.snapshot\u002Bjson; charset=utf-8",
        "Date": "Sat, 01 Jul 2023 01:49:37 GMT",
        "ETag": "\u00229mQoySiZ2utbXP3q5jRJn1U40YgDQM5rotdvtYb5pOE\u0022",
        "Last-Modified": "Sat, 01 Jul 2023 01:49:07 GMT",
        "Link": "\u003C/kv?snapshot=snapshot2289138d5\u0026api-version=2022-11-01-preview\u003E; rel=\u0022items\u0022",
        "Server": "openresty/1.21.4.1",
        "Strict-Transport-Security": "max-age=15724800; includeSubDomains",
        "Sync-Token": "zAJw6V16=NTo1IzI3NDgxNzEw;sn=27481710",
        "Transfer-Encoding": "chunked",
        "x-ms-correlation-request-id": "2395f318-e011-42c5-9d5a-24d65ff2d8fe"
      },
      "ResponseBody": {
        "etag": "9mQoySiZ2utbXP3q5jRJn1U40YgDQM5rotdvtYb5pOE",
        "name": "snapshot2289138d5",
        "status": "ready",
        "filters": [
          {
            "key": "PYTHON_UNIT_test_key_a6af8952-54a6-11e9-b600-2816a84d0309",
            "label": "test_label1_1d7b2b28-549e-11e9-b51c-2816a84d0309"
          }
        ],
        "composition_type": "key",
        "created": "2023-07-01T01:49:07\u002B00:00",
        "size": 1000,
        "items_count": 1,
        "tags": {},
        "retention_period": 2592000
      }
    },
    {
      "RequestUri": "https://fake_app_config.azconfig-test.io/snapshots?api-version=2022-11-01-preview",
      "RequestMethod": "GET",
      "RequestHeaders": {
        "Accept": "application/vnd.microsoft.appconfig.snapshotset\u002Bjson, application/problem\u002Bjson",
        "Accept-Encoding": "gzip, deflate",
        "Connection": "keep-alive",
        "Sync-Token": "zAJw6V16=NTo1IzI3NDgxNzEw",
        "User-Agent": "azsdk-python-appconfiguration/1.4.1 Python/3.11.0 (Windows-10-10.0.22621-SP0)",
        "x-ms-content-sha256": "47DEQpj8HBSa\u002B/TImW\u002B5JCeuQeRkm5NMpJWZG3hSuFU=",
        "x-ms-date": "Jul, 01 2023 01:49:37.271137 GMT"
      },
      "RequestBody": null,
      "StatusCode": 200,
      "ResponseHeaders": {
        "Access-Control-Allow-Credentials": "true",
        "Access-Control-Allow-Origin": "*",
        "Access-Control-Expose-Headers": "DNT, X-CustomHeader, Keep-Alive, User-Agent, X-Requested-With, If-Modified-Since, Cache-Control, Content-Type, Authorization, x-ms-client-request-id, x-ms-useragent, x-ms-content-sha256, x-ms-date, host, Accept, Accept-Datetime, Date, If-Match, If-None-Match, Sync-Token, x-ms-return-client-request-id, ETag, Last-Modified, Link, Memento-Datetime, retry-after-ms, x-ms-request-id, x-ms-client-session-id, x-ms-effective-locale, WWW-Authenticate, traceparent, tracestate, Operation-Location, Retry-After",
        "Connection": "keep-alive",
        "Content-Type": "application/vnd.microsoft.appconfig.snapshotset\u002Bjson; charset=utf-8",
        "Date": "Sat, 01 Jul 2023 01:49:37 GMT",
        "Server": "openresty/1.21.4.1",
        "Strict-Transport-Security": "max-age=15724800; includeSubDomains",
        "Sync-Token": "zAJw6V16=NTo1IzI3NDgxNzEw;sn=27481710",
        "Transfer-Encoding": "chunked",
        "x-ms-correlation-request-id": "f6c1ef8e-b1d2-4ccf-9a35-f03ab1c9f320"
      },
      "ResponseBody": {
        "items": [
          {
            "etag": "jEo80Fta4yd6h18aWvKyETj8pD7fsoJ73CLbsmKdmhM",
            "name": "snapshot1289138d5",
            "status": "ready",
            "filters": [
              {
                "key": "PYTHON_UNIT_test_key_a6af8952-54a6-11e9-b600-2816a84d0309",
                "label": null
              }
            ],
            "composition_type": "key",
            "created": "2023-07-01T01:48:37\u002B00:00",
            "size": 1000,
            "items_count": 1,
            "tags": {},
            "retention_period": 2592000
          },
          {
            "etag": "9mQoySiZ2utbXP3q5jRJn1U40YgDQM5rotdvtYb5pOE",
            "name": "snapshot2289138d5",
            "status": "ready",
            "filters": [
              {
                "key": "PYTHON_UNIT_test_key_a6af8952-54a6-11e9-b600-2816a84d0309",
                "label": "test_label1_1d7b2b28-549e-11e9-b51c-2816a84d0309"
              }
            ],
            "composition_type": "key",
            "created": "2023-07-01T01:49:07\u002B00:00",
            "size": 1000,
            "items_count": 1,
            "tags": {},
            "retention_period": 2592000
          },
          {
            "etag": "0Qv9KHEhjJRmdQU-uTRegNuJxVU1xg_Wv5-ygzgtZnQ",
            "name": "snapshot4143c2c",
            "status": "ready",
            "filters": [
              {
                "key": "PYTHON_UNIT_test_key_a6af8952-54a6-11e9-b600-2816a84d0309",
                "label": "test_label1_1d7b2b28-549e-11e9-b51c-2816a84d0309"
              }
            ],
            "composition_type": "key",
            "created": "2023-07-01T01:48:16\u002B00:00",
            "size": 1000,
            "items_count": 1,
            "tags": {},
            "retention_period": 2592000
          },
          {
            "etag": "IU_rZj9bXbEbbR158JXD_DBkTSzX4hDTr4P6_jFKzyc",
            "name": "snapshot6003391a",
            "status": "ready",
            "filters": [
              {
                "key": "PYTHON_UNIT_test_key_a6af8952-54a6-11e9-b600-2816a84d0309",
                "label": "test_label1_1d7b2b28-549e-11e9-b51c-2816a84d0309"
              }
            ],
            "composition_type": "key",
            "created": "2023-07-01T01:47:55\u002B00:00",
            "size": 1000,
            "items_count": 1,
            "tags": {},
            "retention_period": 2592000
          },
          {
            "etag": "BjhBskoFDOasH_TtR-BZ-07cn6Ci0yJPAwXRmIDotTk",
            "name": "snapshotrandom6003391a",
            "status": "ready",
            "filters": [
              {
                "key": "PYTHON_UNIT_test_key_a6af8952-54a6-11e9-b600-2816a84d0309",
                "label": "test_label1_1d7b2b28-549e-11e9-b51c-2816a84d0309"
              }
            ],
            "composition_type": "key",
            "created": "2023-06-30T23:10:07\u002B00:00",
            "size": 1000,
            "items_count": 1,
            "tags": {},
            "retention_period": 2592000
          }
        ]
      }
    },
    {
      "RequestUri": "https://fake_app_config.azconfig-test.io/kv?api-version=2022-11-01-preview",
      "RequestMethod": "GET",
      "RequestHeaders": {
        "Accept": "application/vnd.microsoft.appconfig.kvset\u002Bjson, application/problem\u002Bjson",
        "Accept-Encoding": "gzip, deflate",
        "Connection": "keep-alive",
        "Sync-Token": "zAJw6V16=NTo1IzI3NDgxNzEw",
        "User-Agent": "azsdk-python-appconfiguration/1.4.1 Python/3.11.0 (Windows-10-10.0.22621-SP0)",
        "x-ms-content-sha256": "47DEQpj8HBSa\u002B/TImW\u002B5JCeuQeRkm5NMpJWZG3hSuFU=",
        "x-ms-date": "Jul, 01 2023 01:49:37.559542 GMT"
      },
      "RequestBody": null,
      "StatusCode": 200,
      "ResponseHeaders": {
        "Access-Control-Allow-Credentials": "true",
        "Access-Control-Allow-Origin": "*",
        "Access-Control-Expose-Headers": "DNT, X-CustomHeader, Keep-Alive, User-Agent, X-Requested-With, If-Modified-Since, Cache-Control, Content-Type, Authorization, x-ms-client-request-id, x-ms-useragent, x-ms-content-sha256, x-ms-date, host, Accept, Accept-Datetime, Date, If-Match, If-None-Match, Sync-Token, x-ms-return-client-request-id, ETag, Last-Modified, Link, Memento-Datetime, retry-after-ms, x-ms-request-id, x-ms-client-session-id, x-ms-effective-locale, WWW-Authenticate, traceparent, tracestate, Operation-Location, Retry-After",
        "Connection": "keep-alive",
        "Content-Type": "application/vnd.microsoft.appconfig.kvset\u002Bjson; charset=utf-8",
        "Date": "Sat, 01 Jul 2023 01:49:37 GMT",
        "Server": "openresty/1.21.4.1",
        "Strict-Transport-Security": "max-age=15724800; includeSubDomains",
        "Sync-Token": "zAJw6V16=NTo1IzI3NDgxNzEw;sn=27481710",
        "Transfer-Encoding": "chunked",
        "x-ms-correlation-request-id": "bad4d26a-5791-4a04-8c17-a282f319bfaa"
      },
      "ResponseBody": {
        "items": [
          {
            "etag": "6gYWQxwmBMzayPHXddfOWFsm8rqWNNsWTnXNqtke8XY",
            "key": "PYTHON_UNIT_test_key_a6af8952-54a6-11e9-b600-2816a84d0309",
            "label": null,
            "content_type": "test content type",
            "value": "test value",
            "tags": {
              "tag1": "tag1",
              "tag2": "tag2"
            },
            "locked": false,
            "last_modified": "2023-07-01T01:48:36\u002B00:00"
          },
          {
            "etag": "zLVgQ3S0BC3NEAP9YelKYydSFQmWRWlN8XrO1mxoNkU",
            "key": "PYTHON_UNIT_test_key_a6af8952-54a6-11e9-b600-2816a84d0309",
            "label": "test_label1_1d7b2b28-549e-11e9-b51c-2816a84d0309",
            "content_type": "test content type",
            "value": "test value",
            "tags": {
              "tag1": "tag1",
              "tag2": "tag2"
            },
            "locked": false,
            "last_modified": "2023-07-01T01:48:36\u002B00:00"
          }
        ]
      }
    },
    {
      "RequestUri": "https://fake_app_config.azconfig-test.io/kv/PYTHON_UNIT_test_key_a6af8952-54a6-11e9-b600-2816a84d0309?api-version=2022-11-01-preview",
      "RequestMethod": "DELETE",
      "RequestHeaders": {
        "Accept": "application/vnd.microsoft.appconfig.kv\u002Bjson, application/problem\u002Bjson",
        "Accept-Encoding": "gzip, deflate",
        "Connection": "keep-alive",
        "Content-Length": "0",
        "Sync-Token": "zAJw6V16=NTo1IzI3NDgxNzEw",
        "User-Agent": "azsdk-python-appconfiguration/1.4.1 Python/3.11.0 (Windows-10-10.0.22621-SP0)",
        "x-ms-content-sha256": "47DEQpj8HBSa\u002B/TImW\u002B5JCeuQeRkm5NMpJWZG3hSuFU=",
        "x-ms-date": "Jul, 01 2023 01:49:37.595203 GMT"
      },
      "RequestBody": null,
      "StatusCode": 200,
      "ResponseHeaders": {
        "Access-Control-Allow-Credentials": "true",
        "Access-Control-Allow-Origin": "*",
        "Access-Control-Expose-Headers": "DNT, X-CustomHeader, Keep-Alive, User-Agent, X-Requested-With, If-Modified-Since, Cache-Control, Content-Type, Authorization, x-ms-client-request-id, x-ms-useragent, x-ms-content-sha256, x-ms-date, host, Accept, Accept-Datetime, Date, If-Match, If-None-Match, Sync-Token, x-ms-return-client-request-id, ETag, Last-Modified, Link, Memento-Datetime, retry-after-ms, x-ms-request-id, x-ms-client-session-id, x-ms-effective-locale, WWW-Authenticate, traceparent, tracestate, Operation-Location, Retry-After",
        "Connection": "keep-alive",
        "Content-Type": "application/vnd.microsoft.appconfig.kv\u002Bjson; charset=utf-8",
        "Date": "Sat, 01 Jul 2023 01:49:37 GMT",
        "ETag": "\u00226gYWQxwmBMzayPHXddfOWFsm8rqWNNsWTnXNqtke8XY\u0022",
        "Last-Modified": "Sat, 01 Jul 2023 01:48:36 GMT",
        "Server": "openresty/1.21.4.1",
        "Strict-Transport-Security": "max-age=15724800; includeSubDomains",
        "Sync-Token": "zAJw6V16=NTo1IzI3NDgxNzEx;sn=27481711",
        "Transfer-Encoding": "chunked",
        "x-ms-correlation-request-id": "51f9eb15-0753-4940-ad38-89eb13cc369a"
      },
      "ResponseBody": {
        "etag": "6gYWQxwmBMzayPHXddfOWFsm8rqWNNsWTnXNqtke8XY",
        "key": "PYTHON_UNIT_test_key_a6af8952-54a6-11e9-b600-2816a84d0309",
        "label": null,
        "content_type": "test content type",
        "value": "test value",
        "tags": {
          "tag1": "tag1",
          "tag2": "tag2"
        },
        "locked": false,
        "last_modified": "2023-07-01T01:48:36\u002B00:00"
      }
    },
    {
      "RequestUri": "https://fake_app_config.azconfig-test.io/kv/PYTHON_UNIT_test_key_a6af8952-54a6-11e9-b600-2816a84d0309?label=test_label1_1d7b2b28-549e-11e9-b51c-2816a84d0309\u0026api-version=2022-11-01-preview",
      "RequestMethod": "DELETE",
      "RequestHeaders": {
        "Accept": "application/vnd.microsoft.appconfig.kv\u002Bjson, application/problem\u002Bjson",
        "Accept-Encoding": "gzip, deflate",
        "Connection": "keep-alive",
        "Content-Length": "0",
        "Sync-Token": "zAJw6V16=NTo1IzI3NDgxNzEx",
        "User-Agent": "azsdk-python-appconfiguration/1.4.1 Python/3.11.0 (Windows-10-10.0.22621-SP0)",
        "x-ms-content-sha256": "47DEQpj8HBSa\u002B/TImW\u002B5JCeuQeRkm5NMpJWZG3hSuFU=",
        "x-ms-date": "Jul, 01 2023 01:49:37.639962 GMT"
      },
      "RequestBody": null,
      "StatusCode": 200,
      "ResponseHeaders": {
        "Access-Control-Allow-Credentials": "true",
        "Access-Control-Allow-Origin": "*",
        "Access-Control-Expose-Headers": "DNT, X-CustomHeader, Keep-Alive, User-Agent, X-Requested-With, If-Modified-Since, Cache-Control, Content-Type, Authorization, x-ms-client-request-id, x-ms-useragent, x-ms-content-sha256, x-ms-date, host, Accept, Accept-Datetime, Date, If-Match, If-None-Match, Sync-Token, x-ms-return-client-request-id, ETag, Last-Modified, Link, Memento-Datetime, retry-after-ms, x-ms-request-id, x-ms-client-session-id, x-ms-effective-locale, WWW-Authenticate, traceparent, tracestate, Operation-Location, Retry-After",
        "Connection": "keep-alive",
        "Content-Type": "application/vnd.microsoft.appconfig.kv\u002Bjson; charset=utf-8",
        "Date": "Sat, 01 Jul 2023 01:49:37 GMT",
        "ETag": "\u0022zLVgQ3S0BC3NEAP9YelKYydSFQmWRWlN8XrO1mxoNkU\u0022",
        "Last-Modified": "Sat, 01 Jul 2023 01:48:36 GMT",
        "Server": "openresty/1.21.4.1",
        "Strict-Transport-Security": "max-age=15724800; includeSubDomains",
        "Sync-Token": "zAJw6V16=NTo1IzI3NDgxNzEy;sn=27481712",
        "Transfer-Encoding": "chunked",
        "x-ms-correlation-request-id": "ecb0022c-afaf-4dfc-991f-5bb18fcf1c66"
      },
      "ResponseBody": {
        "etag": "zLVgQ3S0BC3NEAP9YelKYydSFQmWRWlN8XrO1mxoNkU",
        "key": "PYTHON_UNIT_test_key_a6af8952-54a6-11e9-b600-2816a84d0309",
        "label": "test_label1_1d7b2b28-549e-11e9-b51c-2816a84d0309",
        "content_type": "test content type",
        "value": "test value",
        "tags": {
          "tag1": "tag1",
          "tag2": "tag2"
        },
        "locked": false,
        "last_modified": "2023-07-01T01:48:36\u002B00:00"
      }
    }
  ],
  "Variables": {}
}
