{
  "Entries": [
    {
      "RequestUri": "https://fake_app_config.azconfig-test.io/kv/PYTHON_UNIT_test_key_a6af8952-54a6-11e9-b600-2816a84d0309?api-version=2023-11-01&label=test_label1_1d7b2b28-549e-11e9-b51c-2816a84d0309",
      "RequestMethod": "PUT",
      "RequestHeaders": {
        "Accept": "*/*",
        "Accept-Encoding": "gzip, deflate",
        "Content-Length": "163",
        "Content-Type": "application/json",
        "If-None-Match": "*",
        "User-Agent": "azsdk-python-appconfiguration/1.7.0b1 Python/3.12.5 (Windows-11-10.0.22631-SP0)"
      },
      "RequestBody": {
        "label": "test_label1_1d7b2b28-549e-11e9-b51c-2816a84d0309",
        "value": "test value",
        "content_type": "test content type",
        "tags": {
          "tag1": "tag1",
          "tag2": "tag2"
        }
      },
      "StatusCode": 412,
      "ResponseHeaders": {
        "Access-Control-Allow-Origin": "*",
        "Connection": "keep-alive",
        "Content-Length": "0",
        "Date": "Fri, 09 Aug 2024 23:26:42 GMT",
        "Strict-Transport-Security": "max-age=31536000; includeSubDomains",
        "Sync-Token": "zAJw6V16=Mzo1IzI1NTQyODg2;sn=25542886",
        "x-ms-correlation-request-id": "c2dc97c3-d23e-40eb-946a-51afbdb4bec4"
      },
      "ResponseBody": null
    },
    {
      "RequestUri": "https://fake_app_config.azconfig-test.io/kv/PYTHON_UNIT_test_key_a6af8952-54a6-11e9-b600-2816a84d0309?api-version=2023-11-01",
      "RequestMethod": "PUT",
      "RequestHeaders": {
        "Accept": "*/*",
        "Accept-Encoding": "gzip, deflate",
        "Content-Length": "102",
        "Content-Type": "application/json",
        "If-None-Match": "*",
        "Sync-Token": "zAJw6V16=Mzo1IzI1NTQyODg2",
        "User-Agent": "azsdk-python-appconfiguration/1.7.0b1 Python/3.12.5 (Windows-11-10.0.22631-SP0)"
      },
      "RequestBody": {
        "value": "test value",
        "content_type": "test content type",
        "tags": {
          "tag1": "tag1",
          "tag2": "tag2"
        }
      },
      "StatusCode": 200,
      "ResponseHeaders": {
        "Access-Control-Allow-Origin": "*",
        "Connection": "keep-alive",
        "Content-Type": "application/vnd.microsoft.appconfig.kv+json; charset=utf-8",
        "Date": "Fri, 09 Aug 2024 23:26:42 GMT",
        "ETag": "\"bvxfIig5x_vg4XxOh-kazdJMdC5jTzWMq9XVic39-xs\"",
        "Last-Modified": "Fri, 09 Aug 2024 23:26:42 GMT",
        "Strict-Transport-Security": "max-age=31536000; includeSubDomains",
        "Sync-Token": "zAJw6V16=Mzo1IzI1NTQyODg3;sn=25542887",
        "Transfer-Encoding": "chunked",
        "x-ms-correlation-request-id": "2dd02575-fb5b-4477-865f-f8750819cd98"
      },
      "ResponseBody": {
        "etag": "bvxfIig5x_vg4XxOh-kazdJMdC5jTzWMq9XVic39-xs",
        "key": "PYTHON_UNIT_test_key_a6af8952-54a6-11e9-b600-2816a84d0309",
        "label": null,
        "content_type": "test content type",
        "value": "test value",
        "tags": {
          "tag1": "tag1",
          "tag2": "tag2"
        },
        "locked": false,
        "last_modified": "2024-08-09T23:26:42+00:00"
      }
    },
    {
      "RequestUri": "https://fake_app_config.azconfig-test.io/kv/.appconfig.featureflag%2Fcustom?api-version=2023-11-01",
      "RequestMethod": "PUT",
      "RequestHeaders": {
        "Accept": "*/*",
        "Accept-Encoding": "gzip, deflate",
        "Content-Length": "320",
        "Content-Type": "application/json",
        "Sync-Token": "zAJw6V16=Mzo1IzI1NTQyODg3",
        "User-Agent": "azsdk-python-appconfiguration/1.7.0b1 Python/3.12.5 (Windows-11-10.0.22631-SP0)"
      },
      "RequestBody": {
        "value": "{\"id\": \"custom\", \"enabled\": true, \"conditions\": {\"client_filters\": [{\"name\": \"Microsoft.Percentage\", \"parameters\": {\"Value\": 10, \"User\": \"user1\"}}]}, \"display_name\": null, \"description\": null}",
        "content_type": "application/vnd.microsoft.appconfig.ff+json;charset=utf-8",
        "tags": {}
      },
      "StatusCode": 200,
      "ResponseHeaders": {
        "Access-Control-Allow-Origin": "*",
        "Connection": "keep-alive",
        "Content-Type": "application/vnd.microsoft.appconfig.kv+json; charset=utf-8",
        "Date": "Fri, 09 Aug 2024 23:26:42 GMT",
        "ETag": "\"J6SYRtQBbdNmaB3SWEdn5KBk93mj5yIEAtP-ShRGcNU\"",
        "Last-Modified": "Fri, 09 Aug 2024 23:26:42 GMT",
        "Strict-Transport-Security": "max-age=31536000; includeSubDomains",
        "Sync-Token": "zAJw6V16=Mzo1IzI1NTQyODg5;sn=25542889",
        "Transfer-Encoding": "chunked",
        "x-ms-correlation-request-id": "a37db2bb-dc97-441a-824c-d9f35f5f4977"
      },
      "ResponseBody": {
        "etag": "J6SYRtQBbdNmaB3SWEdn5KBk93mj5yIEAtP-ShRGcNU",
        "key": ".appconfig.featureflag/custom",
        "label": null,
        "content_type": "application/vnd.microsoft.appconfig.ff+json;charset=utf-8",
        "value": "{\"id\": \"custom\", \"enabled\": true, \"conditions\": {\"client_filters\": [{\"name\": \"Microsoft.Percentage\", \"parameters\": {\"Value\": 10, \"User\": \"user1\"}}]}, \"display_name\": null, \"description\": null}",
        "tags": {},
        "locked": false,
        "last_modified": "2024-08-09T23:26:42+00:00"
      }
    },
    {
      "RequestUri": "https://fake_app_config.azconfig-test.io/kv/.appconfig.featureflag%2Ftime_window?api-version=2023-11-01",
      "RequestMethod": "PUT",
      "RequestHeaders": {
        "Accept": "*/*",
        "Accept-Encoding": "gzip, deflate",
        "Content-Length": "379",
        "Content-Type": "application/json",
        "Sync-Token": "zAJw6V16=Mzo1IzI1NTQyODg5",
        "User-Agent": "azsdk-python-appconfiguration/1.7.0b1 Python/3.12.5 (Windows-11-10.0.22631-SP0)"
      },
      "RequestBody": {
        "value": "{\"id\": \"time_window\", \"enabled\": true, \"conditions\": {\"client_filters\": [{\"name\": \"Microsoft.TimeWindow\", \"parameters\": {\"Start\": \"Wed, 10 Mar 2021 05:00:00 GMT\", \"End\": \"Fri, 02 Apr 2021 04:00:00 GMT\"}}]}, \"display_name\": null, \"description\": null}",
        "content_type": "application/vnd.microsoft.appconfig.ff+json;charset=utf-8",
        "tags": {}
      },
      "StatusCode": 200,
      "ResponseHeaders": {
        "Access-Control-Allow-Origin": "*",
        "Connection": "keep-alive",
        "Content-Type": "application/vnd.microsoft.appconfig.kv+json; charset=utf-8",
        "Date": "Fri, 09 Aug 2024 23:26:42 GMT",
        "ETag": "\"bYO95j7I0CqBhYsHTY6RRbzhWiqoh5zd4JNdhnGxbMY\"",
        "Last-Modified": "Fri, 09 Aug 2024 23:26:42 GMT",
        "Strict-Transport-Security": "max-age=31536000; includeSubDomains",
        "Sync-Token": "zAJw6V16=Mzo1IzI1NTQyODkx;sn=25542891",
        "Transfer-Encoding": "chunked",
        "x-ms-correlation-request-id": "c18bed40-825a-4795-96d8-ca87d5ad5820"
      },
      "ResponseBody": {
        "etag": "bYO95j7I0CqBhYsHTY6RRbzhWiqoh5zd4JNdhnGxbMY",
        "key": ".appconfig.featureflag/time_window",
        "label": null,
        "content_type": "application/vnd.microsoft.appconfig.ff+json;charset=utf-8",
        "value": "{\"id\": \"time_window\", \"enabled\": true, \"conditions\": {\"client_filters\": [{\"name\": \"Microsoft.TimeWindow\", \"parameters\": {\"Start\": \"Wed, 10 Mar 2021 05:00:00 GMT\", \"End\": \"Fri, 02 Apr 2021 04:00:00 GMT\"}}]}, \"display_name\": null, \"description\": null}",
        "tags": {},
        "locked": false,
        "last_modified": "2024-08-09T23:26:42+00:00"
      }
    },
    {
      "RequestUri": "https://fake_app_config.azconfig-test.io/kv/.appconfig.featureflag%2Fnewflag?api-version=2023-11-01",
      "RequestMethod": "PUT",
      "RequestHeaders": {
        "Accept": "*/*",
        "Accept-Encoding": "gzip, deflate",
        "Content-Length": "397",
        "Content-Type": "application/json",
        "Sync-Token": "zAJw6V16=Mzo1IzI1NTQyODkx",
        "User-Agent": "azsdk-python-appconfiguration/1.7.0b1 Python/3.12.5 (Windows-11-10.0.22631-SP0)"
      },
      "RequestBody": {
        "value": "{\"id\": \"newflag\", \"enabled\": true, \"conditions\": {\"client_filters\": [{\"name\": \"Microsoft.Targeting\", \"parameters\": {\"Audience\": {\"Users\": [\"abc\", \"def\"], \"Groups\": [\"ghi\", \"jkl\"], \"DefaultRolloutPercentage\": 75}}}]}, \"display_name\": null, \"description\": null}",
        "content_type": "application/vnd.microsoft.appconfig.ff+json;charset=utf-8",
        "tags": {}
      },
      "StatusCode": 200,
      "ResponseHeaders": {
        "Access-Control-Allow-Origin": "*",
        "Connection": "keep-alive",
        "Content-Type": "application/vnd.microsoft.appconfig.kv+json; charset=utf-8",
        "Date": "Fri, 09 Aug 2024 23:26:42 GMT",
        "ETag": "\"UgivHYZbYZjPUd7W0jP9AojnkjbmNkkIQpTQC-Slttw\"",
        "Last-Modified": "Fri, 09 Aug 2024 23:26:42 GMT",
        "Strict-Transport-Security": "max-age=31536000; includeSubDomains",
        "Sync-Token": "zAJw6V16=Mzo1IzI1NTQyODkz;sn=25542893",
        "Transfer-Encoding": "chunked",
        "x-ms-correlation-request-id": "ea49672d-3ce0-43bd-ba3c-87f151318fc6"
      },
      "ResponseBody": {
        "etag": "UgivHYZbYZjPUd7W0jP9AojnkjbmNkkIQpTQC-Slttw",
        "key": ".appconfig.featureflag/newflag",
        "label": null,
        "content_type": "application/vnd.microsoft.appconfig.ff+json;charset=utf-8",
        "value": "{\"id\": \"newflag\", \"enabled\": true, \"conditions\": {\"client_filters\": [{\"name\": \"Microsoft.Targeting\", \"parameters\": {\"Audience\": {\"Users\": [\"abc\", \"def\"], \"Groups\": [\"ghi\", \"jkl\"], \"DefaultRolloutPercentage\": 75}}}]}, \"display_name\": null, \"description\": null}",
        "tags": {},
        "locked": false,
        "last_modified": "2024-08-09T23:26:42+00:00"
      }
    },
    {
      "RequestUri": "https://fake_app_config.azconfig-test.io/kv/.appconfig.featureflag%2Fnewflag?api-version=2023-11-01",
      "RequestMethod": "DELETE",
      "RequestHeaders": {
        "Accept": "*/*",
        "Accept-Encoding": "gzip, deflate",
        "Content-Length": "0",
        "Sync-Token": "zAJw6V16=Mzo1IzI1NTQyODkz",
        "User-Agent": "azsdk-python-appconfiguration/1.7.0b1 Python/3.12.5 (Windows-11-10.0.22631-SP0)"
      },
      "RequestBody": null,
      "StatusCode": 200,
      "ResponseHeaders": {
        "Access-Control-Allow-Origin": "*",
        "Connection": "keep-alive",
        "Content-Type": "application/vnd.microsoft.appconfig.kv+json; charset=utf-8",
        "Date": "Fri, 09 Aug 2024 23:26:43 GMT",
        "ETag": "\"UgivHYZbYZjPUd7W0jP9AojnkjbmNkkIQpTQC-Slttw\"",
        "Last-Modified": "Fri, 09 Aug 2024 23:26:42 GMT",
        "Strict-Transport-Security": "max-age=31536000; includeSubDomains",
        "Sync-Token": "zAJw6V16=Mzo1IzI1NTQyODk1;sn=25542895",
        "Transfer-Encoding": "chunked",
        "x-ms-correlation-request-id": "ca9e6fd9-a793-44ec-a37a-f92ae25028cc"
      },
      "ResponseBody": {
        "etag": "UgivHYZbYZjPUd7W0jP9AojnkjbmNkkIQpTQC-Slttw",
        "key": ".appconfig.featureflag/newflag",
        "label": null,
        "content_type": "application/vnd.microsoft.appconfig.ff+json;charset=utf-8",
        "value": "{\"id\": \"newflag\", \"enabled\": true, \"conditions\": {\"client_filters\": [{\"name\": \"Microsoft.Targeting\", \"parameters\": {\"Audience\": {\"Users\": [\"abc\", \"def\"], \"Groups\": [\"ghi\", \"jkl\"], \"DefaultRolloutPercentage\": 75}}}]}, \"display_name\": null, \"description\": null}",
        "tags": {},
        "locked": false,
        "last_modified": "2024-08-09T23:26:42+00:00"
      }
    }
  ],
  "Variables": {}
}
