{
  "Entries": [
    {
      "RequestUri": "https://fake_app_config.azconfig-test.io/kv/PYTHON_UNIT_test_key_a6af8952-54a6-11e9-b600-2816a84d0309?label=test_label1_1d7b2b28-549e-11e9-b51c-2816a84d0309\u0026api-version=2023-10-01",
      "RequestMethod": "PUT",
      "RequestHeaders": {
        "Accept": "application/vnd.microsoft.appconfig.kv\u002Bjson, application/problem\u002Bjson",
        "Accept-Encoding": "gzip, deflate",
        "Content-Length": "231",
        "Content-Type": "application/json",
        "If-None-Match": "*",
        "User-Agent": "azsdk-python-appconfiguration/unknown Python/3.11.4 (Windows-10-10.0.22621-SP0)",
        "x-ms-content-sha256": "5b/E4qQlXHTRod\u002Bn\u002Bf\u002BxjK6c/tRVR8uxoC62FjvGJPw=",
        "x-ms-date": "Nov, 07 2023 20:26:50.360489 GMT"
      },
      "RequestBody": {
        "key": "PYTHON_UNIT_test_key_a6af8952-54a6-11e9-b600-2816a84d0309",
        "label": "test_label1_1d7b2b28-549e-11e9-b51c-2816a84d0309",
        "content_type": "test content type",
        "value": "test value",
        "tags": {
          "tag1": "tag1",
          "tag2": "tag2"
        }
      },
      "StatusCode": 200,
      "ResponseHeaders": {
        "Access-Control-Allow-Origin": "*",
        "Connection": "keep-alive",
        "Content-Type": "application/vnd.microsoft.appconfig.kv\u002Bjson; charset=utf-8",
        "Date": "Tue, 07 Nov 2023 20:26:48 GMT",
        "ETag": "\u0022PdNlh59w3G2tqjrk0pHfl9_KxRZzExckf3C9qDDxPWk\u0022",
        "Last-Modified": "Tue, 07 Nov 2023 20:26:48 GMT",
        "Strict-Transport-Security": "max-age=15724800; includeSubDomains",
        "Sync-Token": "zAJw6V16=Njo1IzIxNTg3Njc1;sn=21587675",
        "Transfer-Encoding": "chunked",
        "x-ms-correlation-request-id": "2b983ec2-179c-403a-bfcf-c709499ac603"
      },
      "ResponseBody": {
        "etag": "PdNlh59w3G2tqjrk0pHfl9_KxRZzExckf3C9qDDxPWk",
        "key": "PYTHON_UNIT_test_key_a6af8952-54a6-11e9-b600-2816a84d0309",
        "label": "test_label1_1d7b2b28-549e-11e9-b51c-2816a84d0309",
        "content_type": "test content type",
        "value": "test value",
        "tags": {
          "tag1": "tag1",
          "tag2": "tag2"
        },
        "locked": false,
        "last_modified": "2023-11-07T20:26:48\u002B00:00"
      }
    },
    {
      "RequestUri": "https://fake_app_config.azconfig-test.io/kv/PYTHON_UNIT_test_key_a6af8952-54a6-11e9-b600-2816a84d0309?api-version=2023-10-01",
      "RequestMethod": "PUT",
      "RequestHeaders": {
        "Accept": "application/vnd.microsoft.appconfig.kv\u002Bjson, application/problem\u002Bjson",
        "Accept-Encoding": "gzip, deflate",
        "Content-Length": "170",
        "Content-Type": "application/json",
        "If-None-Match": "*",
        "Sync-Token": "zAJw6V16=Njo1IzIxNTg3Njc1",
        "User-Agent": "azsdk-python-appconfiguration/unknown Python/3.11.4 (Windows-10-10.0.22621-SP0)",
        "x-ms-content-sha256": "4rt07HteiPg5NxofrgzMmlQPTVbo1no7aKxDSI5uUU4=",
        "x-ms-date": "Nov, 07 2023 20:26:50.408494 GMT"
      },
      "RequestBody": {
        "key": "PYTHON_UNIT_test_key_a6af8952-54a6-11e9-b600-2816a84d0309",
        "content_type": "test content type",
        "value": "test value",
        "tags": {
          "tag1": "tag1",
          "tag2": "tag2"
        }
      },
      "StatusCode": 200,
      "ResponseHeaders": {
        "Access-Control-Allow-Origin": "*",
        "Connection": "keep-alive",
        "Content-Type": "application/vnd.microsoft.appconfig.kv\u002Bjson; charset=utf-8",
        "Date": "Tue, 07 Nov 2023 20:26:48 GMT",
        "ETag": "\u0022uvU6Eqyi23YkxA6cHbsUDKP0N-IJ-8bPXujZuDZ6Sbc\u0022",
        "Last-Modified": "Tue, 07 Nov 2023 20:26:48 GMT",
        "Strict-Transport-Security": "max-age=15724800; includeSubDomains",
        "Sync-Token": "zAJw6V16=Njo1IzIxNTg3Njc3;sn=21587677",
        "Transfer-Encoding": "chunked",
        "x-ms-correlation-request-id": "274b3a0a-3210-4c00-89fd-7f6026278f57"
      },
      "ResponseBody": {
        "etag": "uvU6Eqyi23YkxA6cHbsUDKP0N-IJ-8bPXujZuDZ6Sbc",
        "key": "PYTHON_UNIT_test_key_a6af8952-54a6-11e9-b600-2816a84d0309",
        "label": null,
        "content_type": "test content type",
        "value": "test value",
        "tags": {
          "tag1": "tag1",
          "tag2": "tag2"
        },
        "locked": false,
        "last_modified": "2023-11-07T20:26:48\u002B00:00"
      }
    },
    {
      "RequestUri": "https://fake_app_config.azconfig-test.io/snapshots/snapshot675844c2?api-version=2023-10-01",
      "RequestMethod": "PUT",
      "RequestHeaders": {
        "Accept": "application/vnd.microsoft.appconfig.snapshot\u002Bjson, application/problem\u002Bjson",
        "Accept-Encoding": "gzip, deflate",
        "Content-Length": "144",
        "Content-Type": "application/json",
        "Sync-Token": "zAJw6V16=Njo1IzIxNTg3Njc3",
        "User-Agent": "azsdk-python-appconfiguration/unknown Python/3.11.4 (Windows-10-10.0.22621-SP0)",
        "x-ms-content-sha256": "ExTHV5ccprj187OJpDeEw644b5k7eArIaPBC5FRiYzM=",
        "x-ms-date": "Nov, 07 2023 20:26:50.453483 GMT"
      },
      "RequestBody": {
        "filters": [
          {
            "key": "PYTHON_UNIT_test_key_a6af8952-54a6-11e9-b600-2816a84d0309",
            "label": "test_label1_1d7b2b28-549e-11e9-b51c-2816a84d0309"
          }
        ]
      },
      "StatusCode": 201,
      "ResponseHeaders": {
        "Access-Control-Allow-Origin": "*",
        "Connection": "keep-alive",
        "Content-Type": "application/vnd.microsoft.appconfig.snapshot\u002Bjson; charset=utf-8",
        "Date": "Tue, 07 Nov 2023 20:26:48 GMT",
        "ETag": "\u0022t8veMYy_KqQhr_aBSiqjgzgPwnJQZGOWySVsaNPeYng\u0022",
        "Last-Modified": "Tue, 07 Nov 2023 20:26:48 GMT",
        "Link": "\u003C/kv?snapshot=snapshot675844c2\u0026api-version=2023-10-01\u003E; rel=\u0022items\u0022",
        "Operation-Location": "https://fake_app_config.azconfig-test.io/operations?snapshot=snapshot675844c2\u0026api-version=2023-10-01",
        "Strict-Transport-Security": "max-age=15724800; includeSubDomains",
        "Sync-Token": "zAJw6V16=Njo1IzIxNTg3Njc5;sn=21587679",
        "Transfer-Encoding": "chunked",
        "x-ms-correlation-request-id": "0c3c27d0-4f6d-40c4-9813-40f94b6a2bcd"
      },
      "ResponseBody": {
        "etag": "t8veMYy_KqQhr_aBSiqjgzgPwnJQZGOWySVsaNPeYng",
        "name": "snapshot675844c2",
        "status": "provisioning",
        "filters": [
          {
            "key": "PYTHON_UNIT_test_key_a6af8952-54a6-11e9-b600-2816a84d0309",
            "label": "test_label1_1d7b2b28-549e-11e9-b51c-2816a84d0309"
          }
        ],
        "composition_type": "key",
        "created": "2023-11-07T20:26:48\u002B00:00",
        "size": 0,
        "items_count": 0,
        "tags": {},
        "retention_period": 2592000
      }
    },
    {
      "RequestUri": "https://fake_app_config.azconfig-test.io/operations?snapshot=snapshot675844c2\u0026api-version=2023-10-01",
      "RequestMethod": "GET",
      "RequestHeaders": {
        "Accept": "*/*",
        "Accept-Encoding": "gzip, deflate",
        "Content-Length": "0",
        "Sync-Token": "zAJw6V16=Njo1IzIxNTg3Njc5",
        "User-Agent": "azsdk-python-appconfiguration/unknown Python/3.11.4 (Windows-10-10.0.22621-SP0)",
        "x-ms-content-sha256": "47DEQpj8HBSa\u002B/TImW\u002B5JCeuQeRkm5NMpJWZG3hSuFU=",
        "x-ms-date": "Nov, 07 2023 20:26:50.488814 GMT"
      },
      "RequestBody": null,
      "StatusCode": 200,
      "ResponseHeaders": {
        "Access-Control-Allow-Origin": "*",
        "Connection": "keep-alive",
        "Content-Type": "application/json; charset=utf-8",
        "Date": "Tue, 07 Nov 2023 20:26:48 GMT",
        "Retry-After": "10",
        "Strict-Transport-Security": "max-age=15724800; includeSubDomains",
        "Sync-Token": "zAJw6V16=Njo1IzIxNTg3Njc5;sn=21587679",
        "Transfer-Encoding": "chunked",
        "x-ms-correlation-request-id": "5e310d6d-e8cf-4423-ba2a-e2c06cde28e4"
      },
      "ResponseBody": {
        "id": "CUtXm25wsAXJ8A3XSrGHbRGQ15TKdTwvDCwpj7pv_YA",
        "status": "Running",
        "error": null
      }
    },
    {
      "RequestUri": "https://fake_app_config.azconfig-test.io/operations?snapshot=snapshot675844c2\u0026api-version=2023-10-01",
      "RequestMethod": "GET",
      "RequestHeaders": {
        "Accept": "*/*",
        "Accept-Encoding": "gzip, deflate",
        "Content-Length": "0",
        "Sync-Token": "zAJw6V16=Njo1IzIxNTg3Njc5",
        "User-Agent": "azsdk-python-appconfiguration/unknown Python/3.11.4 (Windows-10-10.0.22621-SP0)",
        "x-ms-content-sha256": "47DEQpj8HBSa\u002B/TImW\u002B5JCeuQeRkm5NMpJWZG3hSuFU=",
        "x-ms-date": "Nov, 07 2023 20:27:00.541923 GMT"
      },
      "RequestBody": null,
      "StatusCode": 200,
      "ResponseHeaders": {
        "Access-Control-Allow-Origin": "*",
        "Connection": "keep-alive",
        "Content-Type": "application/json; charset=utf-8",
        "Date": "Tue, 07 Nov 2023 20:26:58 GMT",
        "Retry-After": "10",
        "Strict-Transport-Security": "max-age=15724800; includeSubDomains",
        "Sync-Token": "zAJw6V16=Njo1IzIxNTg3Njc5;sn=21587679",
        "Transfer-Encoding": "chunked",
        "x-ms-correlation-request-id": "4484e95d-c853-48ee-9003-f00e5fa40d54"
      },
      "ResponseBody": {
        "id": "CUtXm25wsAXJ8A3XSrGHbRGQ15TKdTwvDCwpj7pv_YA",
        "status": "Running",
        "error": null
      }
    },
    {
      "RequestUri": "https://fake_app_config.azconfig-test.io/operations?snapshot=snapshot675844c2\u0026api-version=2023-10-01",
      "RequestMethod": "GET",
      "RequestHeaders": {
        "Accept": "*/*",
        "Accept-Encoding": "gzip, deflate",
        "Content-Length": "0",
        "Sync-Token": "zAJw6V16=Njo1IzIxNTg3Njc5",
        "User-Agent": "azsdk-python-appconfiguration/unknown Python/3.11.4 (Windows-10-10.0.22621-SP0)",
        "x-ms-content-sha256": "47DEQpj8HBSa\u002B/TImW\u002B5JCeuQeRkm5NMpJWZG3hSuFU=",
        "x-ms-date": "Nov, 07 2023 20:27:10.583196 GMT"
      },
      "RequestBody": null,
      "StatusCode": 200,
      "ResponseHeaders": {
        "Access-Control-Allow-Origin": "*",
        "Connection": "keep-alive",
        "Content-Type": "application/json; charset=utf-8",
        "Date": "Tue, 07 Nov 2023 20:27:09 GMT",
        "Strict-Transport-Security": "max-age=15724800; includeSubDomains",
        "Sync-Token": "zAJw6V16=Njo1IzIxNTg3Njgy;sn=21587682",
        "Transfer-Encoding": "chunked",
        "x-ms-correlation-request-id": "b37eacd7-f21a-4aa2-af8e-e181bd69c5e6"
      },
      "ResponseBody": {
        "id": "CUtXm25wsAXJ8A3XSrGHbRGQ15TKdTwvDCwpj7pv_YA",
        "status": "Succeeded",
        "error": null
      }
    },
    {
      "RequestUri": "https://fake_app_config.azconfig-test.io/snapshots/snapshot675844c2?api-version=2023-10-01",
      "RequestMethod": "GET",
      "RequestHeaders": {
        "Accept": "*/*",
        "Accept-Encoding": "gzip, deflate",
        "Content-Length": "0",
        "Sync-Token": "zAJw6V16=Njo1IzIxNTg3Njgy",
        "User-Agent": "azsdk-python-appconfiguration/unknown Python/3.11.4 (Windows-10-10.0.22621-SP0)",
        "x-ms-content-sha256": "47DEQpj8HBSa\u002B/TImW\u002B5JCeuQeRkm5NMpJWZG3hSuFU=",
        "x-ms-date": "Nov, 07 2023 20:27:10.758255 GMT"
      },
      "RequestBody": null,
      "StatusCode": 200,
      "ResponseHeaders": {
        "Access-Control-Allow-Origin": "*",
        "Connection": "keep-alive",
        "Content-Type": "application/vnd.microsoft.appconfig.snapshot\u002Bjson; charset=utf-8",
        "Date": "Tue, 07 Nov 2023 20:27:09 GMT",
        "ETag": "\u0022t8veMYy_KqQhr_aBSiqjgzgPwnJQZGOWySVsaNPeYng\u0022",
        "Last-Modified": "Tue, 07 Nov 2023 20:26:48 GMT",
        "Link": "\u003C/kv?snapshot=snapshot675844c2\u0026api-version=2023-10-01\u003E; rel=\u0022items\u0022",
        "Strict-Transport-Security": "max-age=15724800; includeSubDomains",
        "Sync-Token": "zAJw6V16=Njo1IzIxNTg3Njgy;sn=21587682",
        "Transfer-Encoding": "chunked",
        "x-ms-correlation-request-id": "0aeba86e-1e09-4c2c-a251-13fccb18e5dc"
      },
      "ResponseBody": {
        "etag": "t8veMYy_KqQhr_aBSiqjgzgPwnJQZGOWySVsaNPeYng",
        "name": "snapshot675844c2",
        "status": "ready",
        "filters": [
          {
            "key": "PYTHON_UNIT_test_key_a6af8952-54a6-11e9-b600-2816a84d0309",
            "label": "test_label1_1d7b2b28-549e-11e9-b51c-2816a84d0309"
          }
        ],
        "composition_type": "key",
        "created": "2023-11-07T20:26:48\u002B00:00",
        "size": 1000,
        "items_count": 1,
        "tags": {},
        "retention_period": 2592000
      }
    },
    {
      "RequestUri": "https://fake_app_config.azconfig-test.io/snapshots/snapshot675844c2?api-version=2023-10-01",
      "RequestMethod": "PATCH",
      "RequestHeaders": {
        "Accept": "application/vnd.microsoft.appconfig.snapshot\u002Bjson, application/problem\u002Bjson",
        "Accept-Encoding": "gzip, deflate",
        "Content-Length": "22",
        "Content-Type": "application/json",
        "If-Match": "\u0022wrong etag\u0022",
        "Sync-Token": "zAJw6V16=Njo1IzIxNTg3Njgy",
        "User-Agent": "azsdk-python-appconfiguration/unknown Python/3.11.4 (Windows-10-10.0.22621-SP0)",
        "x-ms-content-sha256": "3J5BDwMV5Yf6HjPNbDRsIz\u002BRi27tLPhbbGuV\u002B1E6YfM=",
        "x-ms-date": "Nov, 07 2023 20:27:10.806477 GMT"
      },
      "RequestBody": {
        "status": "archived"
      },
      "StatusCode": 412,
      "ResponseHeaders": {
        "Access-Control-Allow-Origin": "*",
        "Connection": "keep-alive",
        "Content-Length": "0",
        "Date": "Tue, 07 Nov 2023 20:27:09 GMT",
        "Strict-Transport-Security": "max-age=15724800; includeSubDomains",
        "Sync-Token": "zAJw6V16=Njo1IzIxNTg3Njgy;sn=21587682",
        "x-ms-correlation-request-id": "4743ab8c-d216-4229-b903-7606f0179c50"
      },
      "ResponseBody": null
    },
    {
      "RequestUri": "https://fake_app_config.azconfig-test.io/snapshots/snapshot675844c2?api-version=2023-10-01",
      "RequestMethod": "PATCH",
      "RequestHeaders": {
        "Accept": "application/vnd.microsoft.appconfig.snapshot\u002Bjson, application/problem\u002Bjson",
        "Accept-Encoding": "gzip, deflate",
        "Content-Length": "22",
        "Content-Type": "application/json",
        "Sync-Token": "zAJw6V16=Njo1IzIxNTg3Njgy",
        "User-Agent": "azsdk-python-appconfiguration/unknown Python/3.11.4 (Windows-10-10.0.22621-SP0)",
        "x-ms-content-sha256": "3J5BDwMV5Yf6HjPNbDRsIz\u002BRi27tLPhbbGuV\u002B1E6YfM=",
        "x-ms-date": "Nov, 07 2023 20:27:10.902829 GMT"
      },
      "RequestBody": {
        "status": "archived"
      },
      "StatusCode": 200,
      "ResponseHeaders": {
        "Access-Control-Allow-Origin": "*",
        "Connection": "keep-alive",
        "Content-Type": "application/vnd.microsoft.appconfig.snapshot\u002Bjson; charset=utf-8",
        "Date": "Tue, 07 Nov 2023 20:27:09 GMT",
        "ETag": "\u0022HvD4t9ATl1Izx0wmAZ48pFP-0jb87p5tZ4c-YqvjXgA\u0022",
        "Last-Modified": "Tue, 07 Nov 2023 20:26:48 GMT",
        "Link": "\u003C/kv?snapshot=snapshot675844c2\u0026api-version=2023-10-01\u003E; rel=\u0022items\u0022",
        "Strict-Transport-Security": "max-age=15724800; includeSubDomains",
        "Sync-Token": "zAJw6V16=Njo1IzIxNTg3Njgz;sn=21587683",
        "Transfer-Encoding": "chunked",
        "x-ms-correlation-request-id": "b8e9da68-2614-42da-bc87-139835d9dda1"
      },
      "ResponseBody": {
        "etag": "HvD4t9ATl1Izx0wmAZ48pFP-0jb87p5tZ4c-YqvjXgA",
        "name": "snapshot675844c2",
        "status": "archived",
        "filters": [
          {
            "key": "PYTHON_UNIT_test_key_a6af8952-54a6-11e9-b600-2816a84d0309",
            "label": "test_label1_1d7b2b28-549e-11e9-b51c-2816a84d0309"
          }
        ],
        "composition_type": "key",
        "created": "2023-11-07T20:26:48\u002B00:00",
        "expires": "2023-12-07T20:27:09.3673989\u002B00:00",
        "size": 1000,
        "items_count": 1,
        "tags": {},
        "retention_period": 2592000
      }
    },
    {
      "RequestUri": "https://fake_app_config.azconfig-test.io/kv?api-version=2023-10-01",
      "RequestMethod": "GET",
      "RequestHeaders": {
        "Accept": "application/vnd.microsoft.appconfig.kvset\u002Bjson, application/problem\u002Bjson",
        "Accept-Encoding": "gzip, deflate",
        "Content-Length": "0",
        "Sync-Token": "zAJw6V16=Njo1IzIxNTg3Njgz",
        "User-Agent": "azsdk-python-appconfiguration/unknown Python/3.11.4 (Windows-10-10.0.22621-SP0)",
        "x-ms-content-sha256": "47DEQpj8HBSa\u002B/TImW\u002B5JCeuQeRkm5NMpJWZG3hSuFU=",
        "x-ms-date": "Nov, 07 2023 20:27:10.998799 GMT"
      },
      "RequestBody": null,
      "StatusCode": 200,
      "ResponseHeaders": {
        "Access-Control-Allow-Origin": "*",
        "Connection": "keep-alive",
        "Content-Type": "application/vnd.microsoft.appconfig.kvset\u002Bjson; charset=utf-8",
        "Date": "Tue, 07 Nov 2023 20:27:09 GMT",
        "ETag": "\u0022jSTpKH49W6nX6DIWBdfPQS3wcyTI2niFSXUnMVu7aVQ\u0022",
        "Strict-Transport-Security": "max-age=15724800; includeSubDomains",
        "Sync-Token": "zAJw6V16=Njo1IzIxNTg3Njgz;sn=21587683",
        "Transfer-Encoding": "chunked",
        "x-ms-correlation-request-id": "d75487c5-2a23-4f62-836c-04e778b92268"
      },
      "ResponseBody": {
        "etag": "jSTpKH49W6nX6DIWBdfPQS3wcyTI2niFSXUnMVu7aVQ",
        "items": [
          {
            "etag": "uvU6Eqyi23YkxA6cHbsUDKP0N-IJ-8bPXujZuDZ6Sbc",
            "key": "PYTHON_UNIT_test_key_a6af8952-54a6-11e9-b600-2816a84d0309",
            "label": null,
            "content_type": "test content type",
            "value": "test value",
            "tags": {
              "tag1": "tag1",
              "tag2": "tag2"
            },
            "locked": false,
            "last_modified": "2023-11-07T20:26:48\u002B00:00"
          },
          {
            "etag": "PdNlh59w3G2tqjrk0pHfl9_KxRZzExckf3C9qDDxPWk",
            "key": "PYTHON_UNIT_test_key_a6af8952-54a6-11e9-b600-2816a84d0309",
            "label": "test_label1_1d7b2b28-549e-11e9-b51c-2816a84d0309",
            "content_type": "test content type",
            "value": "test value",
            "tags": {
              "tag1": "tag1",
              "tag2": "tag2"
            },
            "locked": false,
            "last_modified": "2023-11-07T20:26:48\u002B00:00"
          }
        ]
      }
    },
    {
      "RequestUri": "https://fake_app_config.azconfig-test.io/kv/PYTHON_UNIT_test_key_a6af8952-54a6-11e9-b600-2816a84d0309?api-version=2023-10-01",
      "RequestMethod": "DELETE",
      "RequestHeaders": {
        "Accept": "application/vnd.microsoft.appconfig.kv\u002Bjson, application/problem\u002Bjson",
        "Accept-Encoding": "gzip, deflate",
        "Content-Length": "0",
        "Sync-Token": "zAJw6V16=Njo1IzIxNTg3Njgz",
        "User-Agent": "azsdk-python-appconfiguration/unknown Python/3.11.4 (Windows-10-10.0.22621-SP0)",
        "x-ms-content-sha256": "47DEQpj8HBSa\u002B/TImW\u002B5JCeuQeRkm5NMpJWZG3hSuFU=",
        "x-ms-date": "Nov, 07 2023 20:27:11.030837 GMT"
      },
      "RequestBody": null,
      "StatusCode": 200,
      "ResponseHeaders": {
        "Access-Control-Allow-Origin": "*",
        "Connection": "keep-alive",
        "Content-Type": "application/vnd.microsoft.appconfig.kv\u002Bjson; charset=utf-8",
        "Date": "Tue, 07 Nov 2023 20:27:09 GMT",
        "ETag": "\u0022uvU6Eqyi23YkxA6cHbsUDKP0N-IJ-8bPXujZuDZ6Sbc\u0022",
        "Last-Modified": "Tue, 07 Nov 2023 20:26:48 GMT",
        "Strict-Transport-Security": "max-age=15724800; includeSubDomains",
        "Sync-Token": "zAJw6V16=Njo1IzIxNTg3Njg0;sn=21587684",
        "Transfer-Encoding": "chunked",
        "x-ms-correlation-request-id": "b1458d99-f76b-463e-bca2-3c985951578c"
      },
      "ResponseBody": {
        "etag": "uvU6Eqyi23YkxA6cHbsUDKP0N-IJ-8bPXujZuDZ6Sbc",
        "key": "PYTHON_UNIT_test_key_a6af8952-54a6-11e9-b600-2816a84d0309",
        "label": null,
        "content_type": "test content type",
        "value": "test value",
        "tags": {
          "tag1": "tag1",
          "tag2": "tag2"
        },
        "locked": false,
        "last_modified": "2023-11-07T20:26:48\u002B00:00"
      }
    },
    {
      "RequestUri": "https://fake_app_config.azconfig-test.io/kv/PYTHON_UNIT_test_key_a6af8952-54a6-11e9-b600-2816a84d0309?label=test_label1_1d7b2b28-549e-11e9-b51c-2816a84d0309\u0026api-version=2023-10-01",
      "RequestMethod": "DELETE",
      "RequestHeaders": {
        "Accept": "application/vnd.microsoft.appconfig.kv\u002Bjson, application/problem\u002Bjson",
        "Accept-Encoding": "gzip, deflate",
        "Content-Length": "0",
        "Sync-Token": "zAJw6V16=Njo1IzIxNTg3Njg0",
        "User-Agent": "azsdk-python-appconfiguration/unknown Python/3.11.4 (Windows-10-10.0.22621-SP0)",
        "x-ms-content-sha256": "47DEQpj8HBSa\u002B/TImW\u002B5JCeuQeRkm5NMpJWZG3hSuFU=",
        "x-ms-date": "Nov, 07 2023 20:27:11.078247 GMT"
      },
      "RequestBody": null,
      "StatusCode": 200,
      "ResponseHeaders": {
        "Access-Control-Allow-Origin": "*",
        "Connection": "keep-alive",
        "Content-Type": "application/vnd.microsoft.appconfig.kv\u002Bjson; charset=utf-8",
        "Date": "Tue, 07 Nov 2023 20:27:09 GMT",
        "ETag": "\u0022PdNlh59w3G2tqjrk0pHfl9_KxRZzExckf3C9qDDxPWk\u0022",
        "Last-Modified": "Tue, 07 Nov 2023 20:26:48 GMT",
        "Strict-Transport-Security": "max-age=15724800; includeSubDomains",
        "Sync-Token": "zAJw6V16=Njo1IzIxNTg3Njg1;sn=21587685",
        "Transfer-Encoding": "chunked",
        "x-ms-correlation-request-id": "18753d99-4a35-4794-a3ab-4424d5d4809c"
      },
      "ResponseBody": {
        "etag": "PdNlh59w3G2tqjrk0pHfl9_KxRZzExckf3C9qDDxPWk",
        "key": "PYTHON_UNIT_test_key_a6af8952-54a6-11e9-b600-2816a84d0309",
        "label": "test_label1_1d7b2b28-549e-11e9-b51c-2816a84d0309",
        "content_type": "test content type",
        "value": "test value",
        "tags": {
          "tag1": "tag1",
          "tag2": "tag2"
        },
        "locked": false,
        "last_modified": "2023-11-07T20:26:48\u002B00:00"
      }
    }
  ],
  "Variables": {}
}
