{
  "Entries": [
    {
      "RequestUri": "https://Sanitized.azconfig.io/kv/PYTHON_UNIT_test_key_a6af8952-54a6-11e9-b600-2816a84d0309?label=test_label1_1d7b2b28-549e-11e9-b51c-2816a84d0309&api-version=2023-11-01",
      "RequestMethod": "PUT",
      "RequestHeaders": {
        "Accept": "application/vnd.microsoft.appconfig.kv+json, application/problem+json",
        "Accept-Encoding": "gzip, deflate",
        "Content-Length": "231",
        "Content-Type": "application/json",
        "If-None-Match": "*",
        "User-Agent": "azsdk-python-appconfiguration/unknown Python/3.12.0 (Windows-11-10.0.22631-SP0)",
        "x-ms-content-sha256": "Sanitized",
        "x-ms-date": "Jun, 12 2024 00:33:24.519488 GMT"
      },
      "RequestBody": {
        "key": "PYTHON_UNIT_test_key_a6af8952-54a6-11e9-b600-2816a84d0309",
        "label": "test_label1_1d7b2b28-549e-11e9-b51c-2816a84d0309",
        "content_type": "test content type",
        "value": "test value",
        "tags": {
          "tag1": "tag1",
          "tag2": "tag2"
        }
      },
      "StatusCode": 200,
      "ResponseHeaders": {
        "Access-Control-Allow-Origin": "*",
        "Connection": "keep-alive",
        "Content-Type": "application/vnd.microsoft.appconfig.kv+json; charset=utf-8",
        "Date": "Wed, 12 Jun 2024 00:33:24 GMT",
        "ETag": "\"afHajuNmdQBeQvpdmq2p6oP8l84ZVNrMgDAaLchUlIc\"",
        "Last-Modified": "Wed, 12 Jun 2024 00:33:24 GMT",
        "Strict-Transport-Security": "max-age=31536000; includeSubDomains",
        "Sync-Token": "zAJw6V16=NToxNSM1NjYyMzY4;sn=5662368",
        "Transfer-Encoding": "chunked",
        "x-ms-correlation-request-id": "818e1d34-9add-450d-98e4-5eca058a37f9"
      },
      "ResponseBody": {
        "etag": "afHajuNmdQBeQvpdmq2p6oP8l84ZVNrMgDAaLchUlIc",
        "key": "PYTHON_UNIT_test_key_a6af8952-54a6-11e9-b600-2816a84d0309",
        "label": "test_label1_1d7b2b28-549e-11e9-b51c-2816a84d0309",
        "content_type": "test content type",
        "value": "test value",
        "tags": {
          "tag1": "tag1",
          "tag2": "tag2"
        },
        "locked": false,
        "last_modified": "2024-06-12T00:33:24+00:00"
      }
    },
    {
      "RequestUri": "https://Sanitized.azconfig.io/kv/PYTHON_UNIT_test_key_a6af8952-54a6-11e9-b600-2816a84d0309?api-version=2023-11-01",
      "RequestMethod": "PUT",
      "RequestHeaders": {
        "Accept": "application/vnd.microsoft.appconfig.kv+json, application/problem+json",
        "Accept-Encoding": "gzip, deflate",
        "Content-Length": "170",
        "Content-Type": "application/json",
        "If-None-Match": "*",
        "Sync-Token": "zAJw6V16=NToxNSM1NjYyMzY4",
        "User-Agent": "azsdk-python-appconfiguration/unknown Python/3.12.0 (Windows-11-10.0.22631-SP0)",
        "x-ms-content-sha256": "Sanitized",
        "x-ms-date": "Jun, 12 2024 00:33:24.629172 GMT"
      },
      "RequestBody": {
        "key": "PYTHON_UNIT_test_key_a6af8952-54a6-11e9-b600-2816a84d0309",
        "content_type": "test content type",
        "value": "test value",
        "tags": {
          "tag1": "tag1",
          "tag2": "tag2"
        }
      },
      "StatusCode": 200,
      "ResponseHeaders": {
        "Access-Control-Allow-Origin": "*",
        "Connection": "keep-alive",
        "Content-Type": "application/vnd.microsoft.appconfig.kv+json; charset=utf-8",
        "Date": "Wed, 12 Jun 2024 00:33:24 GMT",
        "ETag": "\"N6hQMd7dab4JBZpq8H8nAeW_XuEUDkLMgBxAnOD7aZc\"",
        "Last-Modified": "Wed, 12 Jun 2024 00:33:24 GMT",
        "Strict-Transport-Security": "max-age=31536000; includeSubDomains",
        "Sync-Token": "zAJw6V16=NToxNSM1NjYyMzcw;sn=5662370",
        "Transfer-Encoding": "chunked",
        "x-ms-correlation-request-id": "325e1fc0-fcb7-4877-b32c-91feca257740"
      },
      "ResponseBody": {
        "etag": "N6hQMd7dab4JBZpq8H8nAeW_XuEUDkLMgBxAnOD7aZc",
        "key": "PYTHON_UNIT_test_key_a6af8952-54a6-11e9-b600-2816a84d0309",
        "label": null,
        "content_type": "test content type",
        "value": "test value",
        "tags": {
          "tag1": "tag1",
          "tag2": "tag2"
        },
        "locked": false,
        "last_modified": "2024-06-12T00:33:24+00:00"
      }
    },
    {
      "RequestUri": "https://Sanitized.azconfig.io/revisions?key=*&label=test_label1_1d7b2b28-549e-11e9-b51c-2816a84d0309&api-version=2023-11-01&$Select=key,content_type",
      "RequestMethod": "GET",
      "RequestHeaders": {
        "Accept": "application/vnd.microsoft.appconfig.kvset+json, application/problem+json",
        "Accept-Encoding": "gzip, deflate",
        "Content-Length": "0",
        "Sync-Token": "zAJw6V16=NToxNSM1NjYyMzcw",
        "User-Agent": "azsdk-python-appconfiguration/unknown Python/3.12.0 (Windows-11-10.0.22631-SP0)",
        "x-ms-content-sha256": "Sanitized",
        "x-ms-date": "Jun, 12 2024 00:33:24.723342 GMT"
      },
      "RequestBody": null,
      "StatusCode": 200,
      "ResponseHeaders": {
        "Accept-Ranges": "items",
        "Access-Control-Allow-Origin": "*",
        "Connection": "keep-alive",
        "Content-Type": "application/vnd.microsoft.appconfig.kvset+json; charset=utf-8",
        "Date": "Wed, 12 Jun 2024 00:33:24 GMT",
        "ETag": "\"08Qqo0Ik1NRRVdCYJ566JKcJj73VZCoq-O8KW8JgjvU\"",
        "Strict-Transport-Security": "max-age=31536000; includeSubDomains",
        "Sync-Token": "zAJw6V16=NToxNSM1NjYyMzcx;sn=5662371",
        "Transfer-Encoding": "chunked",
        "x-ms-correlation-request-id": "2b52be08-86a0-4843-8f1e-8de97d46ea0b"
      },
      "ResponseBody": {
        "etag": "08Qqo0Ik1NRRVdCYJ566JKcJj73VZCoq-O8KW8JgjvU",
        "items": [
          {
            "key": "PYTHON_UNIT_test_key_a6af8952-54a6-11e9-b600-2816a84d0309",
            "content_type": "test content type"
          },
          {
            "key": "PYTHON_UNIT_test_key_a6af8952-54a6-11e9-b600-2816a84d0309",
            "content_type": "test content type"
          },
          {
            "key": "PYTHON_UNIT_test_key_a6af8952-54a6-11e9-b600-2816a84d0309",
            "content_type": "test content type"
          },
          {
            "key": "PYTHON_UNIT_test_key_a6af8952-54a6-11e9-b600-2816a84d0309",
            "content_type": "test content type"
          },
          {
            "key": "PYTHON_UNIT_test_key_a6af8952-54a6-11e9-b600-2816a84d0309",
            "content_type": "test content type"
          },
          {
            "key": "PYTHON_UNIT_test_key_a6af8952-54a6-11e9-b600-2816a84d0309",
            "content_type": "test content type"
          },
          {
            "key": "PYTHON_UNIT_test_key_a6af8952-54a6-11e9-b600-2816a84d0309",
            "content_type": "test content type"
          },
          {
            "key": "PYTHON_UNIT_test_key_a6af8952-54a6-11e9-b600-2816a84d0309",
            "content_type": "test content type"
          },
          {
            "key": "PYTHON_UNIT_test_key_a6af8952-54a6-11e9-b600-2816a84d0309",
            "content_type": "test content type"
          },
          {
            "key": "PYTHON_UNIT_test_key_a6af8952-54a6-11e9-b600-2816a84d0309",
            "content_type": "test content type"
          },
          {
            "key": "PYTHON_UNIT_test_key_a6af8952-54a6-11e9-b600-2816a84d0309",
            "content_type": "test content type"
          },
          {
            "key": "PYTHON_UNIT_test_key_a6af8952-54a6-11e9-b600-2816a84d0309",
            "content_type": "test content type"
          },
          {
            "key": "PYTHON_UNIT_test_key_a6af8952-54a6-11e9-b600-2816a84d0309",
            "content_type": "test content type"
          },
          {
            "key": "PYTHON_UNIT_test_key_a6af8952-54a6-11e9-b600-2816a84d0309",
            "content_type": "test content type"
          },
          {
            "key": "PYTHON_UNIT_test_key_a6af8952-54a6-11e9-b600-2816a84d0309_ADD",
            "content_type": "test content type"
          },
          {
            "key": "PYTHON_UNIT_test_key_a6af8952-54a6-11e9-b600-2816a84d0309",
            "content_type": "test content type"
          },
          {
            "key": "PYTHON_UNIT_test_key_a6af8952-54a6-11e9-b600-2816a84d0309",
            "content_type": "test content type"
          },
          {
            "key": "PYTHON_UNIT_test_key_a6af8952-54a6-11e9-b600-2816a84d0309",
            "content_type": "test content type"
          },
          {
            "key": "PYTHON_UNIT_test_key_a6af8952-54a6-11e9-b600-2816a84d0309",
            "content_type": "test content type"
          },
          {
            "key": "PYTHON_UNIT_test_key_a6af8952-54a6-11e9-b600-2816a84d0309",
            "content_type": "test content type"
          },
          {
            "key": "PYTHON_UNIT_test_key_a6af8952-54a6-11e9-b600-2816a84d0309",
            "content_type": "test content type"
          },
          {
            "key": "PYTHON_UNIT_test_key_a6af8952-54a6-11e9-b600-2816a84d0309",
            "content_type": "test content type"
          },
          {
            "key": "PYTHON_UNIT_test_key_a6af8952-54a6-11e9-b600-2816a84d0309",
            "content_type": "test content type"
          },
          {
            "key": "PYTHON_UNIT_test_key_a6af8952-54a6-11e9-b600-2816a84d0309",
            "content_type": "test content type"
          },
          {
            "key": "PYTHON_UNIT_test_key_a6af8952-54a6-11e9-b600-2816a84d0309",
            "content_type": "test content type"
          },
          {
            "key": "PYTHON_UNIT_test_key_a6af8952-54a6-11e9-b600-2816a84d0309",
            "content_type": "test content type"
          },
          {
            "key": "PYTHON_UNIT_test_key_a6af8952-54a6-11e9-b600-2816a84d0309",
            "content_type": "test content type"
          },
          {
            "key": "PYTHON_UNIT_test_key_a6af8952-54a6-11e9-b600-2816a84d0309",
            "content_type": "test content type"
          },
          {
            "key": "PYTHON_UNIT_test_key_a6af8952-54a6-11e9-b600-2816a84d0309",
            "content_type": "test content type"
          },
          {
            "key": "PYTHON_UNIT_test_key_a6af8952-54a6-11e9-b600-2816a84d0309",
            "content_type": "test content type"
          },
          {
            "key": "PYTHON_UNIT_test_key_a6af8952-54a6-11e9-b600-2816a84d0309",
            "content_type": "test content type"
          },
          {
            "key": "PYTHON_UNIT_test_key_a6af8952-54a6-11e9-b600-2816a84d0309",
            "content_type": "test content type"
          },
          {
            "key": "PYTHON_UNIT_test_key_a6af8952-54a6-11e9-b600-2816a84d0309",
            "content_type": "test content type"
          },
          {
            "key": "PYTHON_UNIT_test_key_a6af8952-54a6-11e9-b600-2816a84d0309",
            "content_type": "test content type"
          },
          {
            "key": "PYTHON_UNIT_test_key_a6af8952-54a6-11e9-b600-2816a84d0309",
            "content_type": "test content type"
          },
          {
            "key": "PYTHON_UNIT_test_key_a6af8952-54a6-11e9-b600-2816a84d0309",
            "content_type": "test content type"
          },
          {
            "key": "PYTHON_UNIT_test_key_a6af8952-54a6-11e9-b600-2816a84d0309",
            "content_type": "test content type"
          },
          {
            "key": "PYTHON_UNIT_test_key_a6af8952-54a6-11e9-b600-2816a84d0309_ADD",
            "content_type": "test content type"
          }
        ]
      }
    },
    {
      "RequestUri": "https://Sanitized.azconfig.io/kv?api-version=2023-11-01",
      "RequestMethod": "GET",
      "RequestHeaders": {
        "Accept": "application/vnd.microsoft.appconfig.kvset+json, application/problem+json",
        "Accept-Encoding": "gzip, deflate",
        "Content-Length": "0",
        "Sync-Token": "zAJw6V16=NToxNSM1NjYyMzcx",
        "User-Agent": "azsdk-python-appconfiguration/unknown Python/3.12.0 (Windows-11-10.0.22631-SP0)",
        "x-ms-content-sha256": "Sanitized",
        "x-ms-date": "Jun, 12 2024 00:33:24.848609 GMT"
      },
      "RequestBody": null,
      "StatusCode": 200,
      "ResponseHeaders": {
        "Access-Control-Allow-Origin": "*",
        "Connection": "keep-alive",
        "Content-Type": "application/vnd.microsoft.appconfig.kvset+json; charset=utf-8",
        "Date": "Wed, 12 Jun 2024 00:33:24 GMT",
        "ETag": "\"73vWZROx7LQaD3CsbFKf3_IpXj3QOakin_KoSP_-iZw\"",
        "Strict-Transport-Security": "max-age=31536000; includeSubDomains",
        "Sync-Token": "zAJw6V16=NToxNSM1NjYyMzcx;sn=5662371",
        "Transfer-Encoding": "chunked",
        "x-ms-correlation-request-id": "af27ac46-722e-47fb-9614-ab6822e8a237"
      },
      "ResponseBody": {
        "etag": "73vWZROx7LQaD3CsbFKf3_IpXj3QOakin_KoSP_-iZw",
        "items": [
          {
            "etag": "N6hQMd7dab4JBZpq8H8nAeW_XuEUDkLMgBxAnOD7aZc",
            "key": "PYTHON_UNIT_test_key_a6af8952-54a6-11e9-b600-2816a84d0309",
            "label": null,
            "content_type": "test content type",
            "value": "test value",
            "tags": {
              "tag1": "tag1",
              "tag2": "tag2"
            },
            "locked": false,
            "last_modified": "2024-06-12T00:33:24+00:00"
          },
          {
            "etag": "afHajuNmdQBeQvpdmq2p6oP8l84ZVNrMgDAaLchUlIc",
            "key": "PYTHON_UNIT_test_key_a6af8952-54a6-11e9-b600-2816a84d0309",
            "label": "test_label1_1d7b2b28-549e-11e9-b51c-2816a84d0309",
            "content_type": "test content type",
            "value": "test value",
            "tags": {
              "tag1": "tag1",
              "tag2": "tag2"
            },
            "locked": false,
            "last_modified": "2024-06-12T00:33:24+00:00"
          }
        ]
      }
    },
    {
      "RequestUri": "https://Sanitized.azconfig.io/kv/PYTHON_UNIT_test_key_a6af8952-54a6-11e9-b600-2816a84d0309?api-version=2023-11-01",
      "RequestMethod": "DELETE",
      "RequestHeaders": {
        "Accept": "application/vnd.microsoft.appconfig.kv+json, application/problem+json",
        "Accept-Encoding": "gzip, deflate",
        "Content-Length": "0",
        "Sync-Token": "zAJw6V16=NToxNSM1NjYyMzcx",
        "User-Agent": "azsdk-python-appconfiguration/unknown Python/3.12.0 (Windows-11-10.0.22631-SP0)",
        "x-ms-content-sha256": "Sanitized",
        "x-ms-date": "Jun, 12 2024 00:33:24.974471 GMT"
      },
      "RequestBody": null,
      "StatusCode": 200,
      "ResponseHeaders": {
        "Access-Control-Allow-Origin": "*",
        "Connection": "keep-alive",
        "Content-Type": "application/vnd.microsoft.appconfig.kv+json; charset=utf-8",
        "Date": "Wed, 12 Jun 2024 00:33:25 GMT",
        "ETag": "\"N6hQMd7dab4JBZpq8H8nAeW_XuEUDkLMgBxAnOD7aZc\"",
        "Last-Modified": "Wed, 12 Jun 2024 00:33:24 GMT",
        "Strict-Transport-Security": "max-age=31536000; includeSubDomains",
        "Sync-Token": "zAJw6V16=NToxNSM1NjYyMzcy;sn=5662372",
        "Transfer-Encoding": "chunked",
        "x-ms-correlation-request-id": "be558451-0c00-47fc-a6f5-c510c6d0f2c0"
      },
      "ResponseBody": {
        "etag": "N6hQMd7dab4JBZpq8H8nAeW_XuEUDkLMgBxAnOD7aZc",
        "key": "PYTHON_UNIT_test_key_a6af8952-54a6-11e9-b600-2816a84d0309",
        "label": null,
        "content_type": "test content type",
        "value": "test value",
        "tags": {
          "tag1": "tag1",
          "tag2": "tag2"
        },
        "locked": false,
        "last_modified": "2024-06-12T00:33:24+00:00"
      }
    },
    {
      "RequestUri": "https://Sanitized.azconfig.io/kv/PYTHON_UNIT_test_key_a6af8952-54a6-11e9-b600-2816a84d0309?label=test_label1_1d7b2b28-549e-11e9-b51c-2816a84d0309&api-version=2023-11-01",
      "RequestMethod": "DELETE",
      "RequestHeaders": {
        "Accept": "application/vnd.microsoft.appconfig.kv+json, application/problem+json",
        "Accept-Encoding": "gzip, deflate",
        "Content-Length": "0",
        "Sync-Token": "zAJw6V16=NToxNSM1NjYyMzcy",
        "User-Agent": "azsdk-python-appconfiguration/unknown Python/3.12.0 (Windows-11-10.0.22631-SP0)",
        "x-ms-content-sha256": "Sanitized",
        "x-ms-date": "Jun, 12 2024 00:33:25.100890 GMT"
      },
      "RequestBody": null,
      "StatusCode": 200,
      "ResponseHeaders": {
        "Access-Control-Allow-Origin": "*",
        "Connection": "keep-alive",
        "Content-Type": "application/vnd.microsoft.appconfig.kv+json; charset=utf-8",
        "Date": "Wed, 12 Jun 2024 00:33:25 GMT",
        "ETag": "\"afHajuNmdQBeQvpdmq2p6oP8l84ZVNrMgDAaLchUlIc\"",
        "Last-Modified": "Wed, 12 Jun 2024 00:33:24 GMT",
        "Strict-Transport-Security": "max-age=31536000; includeSubDomains",
        "Sync-Token": "zAJw6V16=NToxNSM1NjYyMzcz;sn=5662373",
        "Transfer-Encoding": "chunked",
        "x-ms-correlation-request-id": "6b7e970d-740b-41a1-9d9a-db911d6c9794"
      },
      "ResponseBody": {
        "etag": "afHajuNmdQBeQvpdmq2p6oP8l84ZVNrMgDAaLchUlIc",
        "key": "PYTHON_UNIT_test_key_a6af8952-54a6-11e9-b600-2816a84d0309",
        "label": "test_label1_1d7b2b28-549e-11e9-b51c-2816a84d0309",
        "content_type": "test content type",
        "value": "test value",
        "tags": {
          "tag1": "tag1",
          "tag2": "tag2"
        },
        "locked": false,
        "last_modified": "2024-06-12T00:33:24+00:00"
      }
    }
  ],
  "Variables": {}
}
