{
  "Entries": [
    {
      "RequestUri": "https://fake_app_config.azconfig-test.io/kv/PYTHON_UNIT_test_key_a6af8952-54a6-11e9-b600-2816a84d0309?api-version=2023-11-01&label=test_label1_1d7b2b28-549e-11e9-b51c-2816a84d0309",
      "RequestMethod": "PUT",
      "RequestHeaders": {
        "Accept": "*/*",
        "Accept-Encoding": "gzip, deflate",
        "Content-Length": "163",
        "Content-Type": "application/json",
        "If-None-Match": "*",
        "User-Agent": "azsdk-python-appconfiguration/1.7.0b1 Python/3.12.5 (Windows-11-10.0.22631-SP0)"
      },
      "RequestBody": {
        "label": "test_label1_1d7b2b28-549e-11e9-b51c-2816a84d0309",
        "value": "test value",
        "content_type": "test content type",
        "tags": {
          "tag1": "tag1",
          "tag2": "tag2"
        }
      },
      "StatusCode": 412,
      "ResponseHeaders": {
        "Access-Control-Allow-Origin": "*",
        "Connection": "keep-alive",
        "Content-Length": "0",
        "Date": "Fri, 09 Aug 2024 23:26:37 GMT",
        "Strict-Transport-Security": "max-age=31536000; includeSubDomains",
        "Sync-Token": "zAJw6V16=Mzo1IzI1NTQyODgx;sn=25542881",
        "x-ms-correlation-request-id": "5837fa60-2cd9-4110-b8a8-9ba7a93f0c94"
      },
      "ResponseBody": null
    },
    {
      "RequestUri": "https://fake_app_config.azconfig-test.io/kv/PYTHON_UNIT_test_key_a6af8952-54a6-11e9-b600-2816a84d0309?api-version=2023-11-01&label=test_label1_1d7b2b28-549e-11e9-b51c-2816a84d0309",
      "RequestMethod": "GET",
      "RequestHeaders": {
        "Accept": "*/*",
        "Accept-Encoding": "gzip, deflate",
        "Sync-Token": "zAJw6V16=Mzo1IzI1NTQyODgx",
        "User-Agent": "azsdk-python-appconfiguration/1.7.0b1 Python/3.12.5 (Windows-11-10.0.22631-SP0)"
      },
      "RequestBody": null,
      "StatusCode": 200,
      "ResponseHeaders": {
        "Access-Control-Allow-Origin": "*",
        "Connection": "keep-alive",
        "Content-Type": "application/vnd.microsoft.appconfig.kv+json; charset=utf-8",
        "Date": "Fri, 09 Aug 2024 23:26:37 GMT",
        "ETag": "\"iEKmADHUWWAz1hTxrwfgkRJauorxETyNAZlw2Zwf03Y\"",
        "Last-Modified": "Fri, 09 Aug 2024 23:26:34 GMT",
        "Strict-Transport-Security": "max-age=31536000; includeSubDomains",
        "Sync-Token": "zAJw6V16=Mzo1IzI1NTQyODgx;sn=25542881",
        "Transfer-Encoding": "chunked",
        "x-ms-correlation-request-id": "5520c2e0-8a80-4a50-b01d-b03198c79e0c"
      },
      "ResponseBody": {
        "etag": "iEKmADHUWWAz1hTxrwfgkRJauorxETyNAZlw2Zwf03Y",
        "key": "PYTHON_UNIT_test_key_a6af8952-54a6-11e9-b600-2816a84d0309",
        "label": "test_label1_1d7b2b28-549e-11e9-b51c-2816a84d0309",
        "content_type": "test content type",
        "value": "test value",
        "tags": {
          "tag1": "tag1",
          "tag2": "tag2"
        },
        "locked": false,
        "last_modified": "2024-08-09T23:26:34+00:00"
      }
    },
    {
      "RequestUri": "https://fake_app_config.azconfig-test.io/locks/PYTHON_UNIT_test_key_a6af8952-54a6-11e9-b600-2816a84d0309?api-version=2023-11-01&label=test_label1_1d7b2b28-549e-11e9-b51c-2816a84d0309",
      "RequestMethod": "DELETE",
      "RequestHeaders": {
        "Accept": "*/*",
        "Accept-Encoding": "gzip, deflate",
        "Content-Length": "0",
        "If-Match": "\"wrong etag\"",
        "Sync-Token": "zAJw6V16=Mzo1IzI1NTQyODgx",
        "User-Agent": "azsdk-python-appconfiguration/1.7.0b1 Python/3.12.5 (Windows-11-10.0.22631-SP0)"
      },
      "RequestBody": null,
      "StatusCode": 412,
      "ResponseHeaders": {
        "Access-Control-Allow-Origin": "*",
        "Connection": "keep-alive",
        "Content-Length": "0",
        "Date": "Fri, 09 Aug 2024 23:26:37 GMT",
        "Strict-Transport-Security": "max-age=31536000; includeSubDomains",
        "Sync-Token": "zAJw6V16=Mzo1IzI1NTQyODgx;sn=25542881",
        "x-ms-correlation-request-id": "8ca223aa-91f1-478d-a78b-191d2310bf14"
      },
      "ResponseBody": null
    },
    {
      "RequestUri": "https://fake_app_config.azconfig-test.io/kv/test%20value?api-version=2023-11-01",
      "RequestMethod": "DELETE",
      "RequestHeaders": {
        "Accept": "*/*",
        "Accept-Encoding": "gzip, deflate",
        "Content-Length": "0",
        "Sync-Token": "zAJw6V16=Mzo1IzI1NTQyODgx",
        "User-Agent": "azsdk-python-appconfiguration/1.7.0b1 Python/3.12.5 (Windows-11-10.0.22631-SP0)"
      },
      "RequestBody": null,
      "StatusCode": 204,
      "ResponseHeaders": {
        "Access-Control-Allow-Origin": "*",
        "Connection": "keep-alive",
        "Content-Type": "application/vnd.microsoft.appconfig.kv+json; charset=utf-8",
        "Date": "Fri, 09 Aug 2024 23:26:37 GMT",
        "Strict-Transport-Security": "max-age=31536000; includeSubDomains",
        "Sync-Token": "zAJw6V16=Mzo1IzI1NTQyODgx;sn=25542881",
        "x-ms-correlation-request-id": "9dc5b721-680e-4ebc-acf9-0f8076972bd2"
      },
      "ResponseBody": null
    }
  ],
  "Variables": {}
}
