{
  "Entries": [
    {
      "RequestUri": "https://login.microsoftonline.com/00000000-0000-0000-0000-000000000000/oauth2/v2.0/token",
      "RequestMethod": "POST",
      "RequestHeaders": {
        "Accept": "*/*",
        "Accept-Encoding": "gzip, deflate",
        "Content-Length": "248",
        "Content-Type": "application/x-www-form-urlencoded",
        "User-Agent": "azsdk-python-identity/1.14.0b2 Python/3.11.0 (Windows-10-10.0.22621-SP0)"
      },
      "RequestBody": "client_id=client-id\u0026client_secret=client-secret\u0026grant_type=client_credentials\u0026scope=https%3A%2F%2Fyallappconfigtests1-azconfig-net.azconfig.io%2F.default\u0026claims=%7B%22access_token%22%3A\u002B%7B%22xms_cc%22%3A\u002B%7B%22values%22%3A\u002B%5B%22CP1%22%5D%7D%7D%7D",
      "StatusCode": 200,
      "ResponseHeaders": {
        "Cache-Control": "no-store, no-cache",
        "Content-Length": "92",
        "Content-Security-Policy-Report-Only": "script-src \u0027self\u0027 \u0027nonce-6qSzpKgQYaaiHPEo0ss_bw\u0027 \u0027unsafe-eval\u0027 \u0027unsafe-inline\u0027 \u0027report-sample\u0027; object-src \u0027none\u0027; base-uri \u0027self\u0027; report-uri https://csp.microsoft.com/report/ESTS-UX-All",
        "Content-Type": "application/json; charset=utf-8",
        "Date": "Wed, 12 Jul 2023 23:32:09 GMT",
        "Expires": "-1",
        "P3P": "CP=\u0022DSP CUR OTPi IND OTRi ONL FIN\u0022",
        "Pragma": "no-cache",
        "Set-Cookie": [
          "fpc=Aj1mquSKrGtGpPiEx1NerSzJ58n-CAAAAPIuQdwOAAAA; expires=Fri, 11-Aug-2023 23:32:10 GMT; path=/; secure; HttpOnly; SameSite=None",
          "x-ms-gateway-slice=estsfd; path=/; secure; samesite=none; httponly"
        ],
        "Strict-Transport-Security": "max-age=31536000; includeSubDomains",
        "X-Content-Type-Options": "nosniff",
        "x-ms-ests-server": "2.1.15811.5 - WUS2 ProdSlices",
        "X-XSS-Protection": "0"
      },
      "ResponseBody": {
        "token_type": "Bearer",
        "expires_in": 86399,
        "ext_expires_in": 86399,
        "access_token": "Sanitized"
      }
    },
    {
      "RequestUri": "https://fake_app_config.azconfig-test.io/kv/PYTHON_UNIT_test_key_a6af8952-54a6-11e9-b600-2816a84d0309?label=test_label1_1d7b2b28-549e-11e9-b51c-2816a84d0309\u0026api-version=2022-11-01-preview",
      "RequestMethod": "PUT",
      "RequestHeaders": {
        "Accept": "application/vnd.microsoft.appconfig.kv\u002Bjson, application/problem\u002Bjson",
        "Accept-Encoding": "gzip, deflate",
        "Content-Length": "231",
        "Content-Type": "application/json",
        "If-None-Match": "*",
        "User-Agent": "azsdk-python-appconfiguration/1.5.0b1 Python/3.11.0 (Windows-10-10.0.22621-SP0)"
      },
      "RequestBody": {
        "key": "PYTHON_UNIT_test_key_a6af8952-54a6-11e9-b600-2816a84d0309",
        "label": "test_label1_1d7b2b28-549e-11e9-b51c-2816a84d0309",
        "content_type": "test content type",
        "value": "test value",
        "tags": {
          "tag1": "tag1",
          "tag2": "tag2"
        }
      },
      "StatusCode": 200,
      "ResponseHeaders": {
        "Access-Control-Allow-Credentials": "true",
        "Access-Control-Allow-Headers": "DNT, X-CustomHeader, Keep-Alive, User-Agent, X-Requested-With, If-Modified-Since, Cache-Control, Content-Type, Authorization, x-ms-client-request-id, x-ms-useragent, x-ms-content-sha256, x-ms-date, host, Accept, Accept-Datetime, Date, If-Match, If-None-Match, Sync-Token, x-ms-return-client-request-id, ETag, Last-Modified, Link, Memento-Datetime, retry-after-ms, x-ms-request-id, x-ms-client-session-id, x-ms-effective-locale, WWW-Authenticate, traceparent, tracestate",
        "Access-Control-Allow-Methods": "GET, PUT, POST, DELETE, PATCH, OPTIONS",
        "Access-Control-Allow-Origin": "*",
        "Access-Control-Expose-Headers": "DNT, X-CustomHeader, Keep-Alive, User-Agent, X-Requested-With, If-Modified-Since, Cache-Control, Content-Type, Authorization, x-ms-client-request-id, x-ms-useragent, x-ms-content-sha256, x-ms-date, host, Accept, Accept-Datetime, Date, If-Match, If-None-Match, Sync-Token, x-ms-return-client-request-id, ETag, Last-Modified, Link, Memento-Datetime, retry-after-ms, x-ms-request-id, x-ms-client-session-id, x-ms-effective-locale, WWW-Authenticate, traceparent, tracestate",
        "Access-Control-Max-Age": "1728000",
        "Connection": "keep-alive",
        "Content-Type": "application/vnd.microsoft.appconfig.kv\u002Bjson; charset=utf-8",
        "Date": "Wed, 12 Jul 2023 23:32:10 GMT",
        "ETag": "\u0022kJWOi8zkXj1hsbGVMa-VRPHiYYLp2Z-P2VukWLUJyVg\u0022",
        "Last-Modified": "Wed, 12 Jul 2023 23:32:10 GMT",
        "Strict-Transport-Security": "max-age=15724800; includeSubDomains",
        "Sync-Token": "zAJw6V16=Njo1IzE2OTgzMDYw;sn=16983060",
        "Transfer-Encoding": "chunked",
        "x-ms-correlation-request-id": "c3c18d4a-69f1-4fe1-86b4-571970918836",
        "x-ms-resource-group": "rg-yallappconfigtests1",
        "x-ms-subscription-id": "faa080af-c1d8-40ad-9cce-e1a450ca5b57",
        "x-ms-tenant-name": "yallappconfigtests1-azconfig-net"
      },
      "ResponseBody": {
        "etag": "kJWOi8zkXj1hsbGVMa-VRPHiYYLp2Z-P2VukWLUJyVg",
        "key": "PYTHON_UNIT_test_key_a6af8952-54a6-11e9-b600-2816a84d0309",
        "label": "test_label1_1d7b2b28-549e-11e9-b51c-2816a84d0309",
        "content_type": "test content type",
        "value": "test value",
        "tags": {
          "tag1": "tag1",
          "tag2": "tag2"
        },
        "locked": false,
        "last_modified": "2023-07-12T23:32:10\u002B00:00"
      }
    },
    {
      "RequestUri": "https://fake_app_config.azconfig-test.io/kv/PYTHON_UNIT_test_key_a6af8952-54a6-11e9-b600-2816a84d0309?api-version=2022-11-01-preview",
      "RequestMethod": "PUT",
      "RequestHeaders": {
        "Accept": "application/vnd.microsoft.appconfig.kv\u002Bjson, application/problem\u002Bjson",
        "Accept-Encoding": "gzip, deflate",
        "Content-Length": "170",
        "Content-Type": "application/json",
        "If-None-Match": "*",
        "Sync-Token": "zAJw6V16=Njo1IzE2OTgzMDYw",
        "User-Agent": "azsdk-python-appconfiguration/1.5.0b1 Python/3.11.0 (Windows-10-10.0.22621-SP0)"
      },
      "RequestBody": {
        "key": "PYTHON_UNIT_test_key_a6af8952-54a6-11e9-b600-2816a84d0309",
        "content_type": "test content type",
        "value": "test value",
        "tags": {
          "tag1": "tag1",
          "tag2": "tag2"
        }
      },
      "StatusCode": 200,
      "ResponseHeaders": {
        "Access-Control-Allow-Credentials": "true",
        "Access-Control-Allow-Headers": "DNT, X-CustomHeader, Keep-Alive, User-Agent, X-Requested-With, If-Modified-Since, Cache-Control, Content-Type, Authorization, x-ms-client-request-id, x-ms-useragent, x-ms-content-sha256, x-ms-date, host, Accept, Accept-Datetime, Date, If-Match, If-None-Match, Sync-Token, x-ms-return-client-request-id, ETag, Last-Modified, Link, Memento-Datetime, retry-after-ms, x-ms-request-id, x-ms-client-session-id, x-ms-effective-locale, WWW-Authenticate, traceparent, tracestate",
        "Access-Control-Allow-Methods": "GET, PUT, POST, DELETE, PATCH, OPTIONS",
        "Access-Control-Allow-Origin": "*",
        "Access-Control-Expose-Headers": "DNT, X-CustomHeader, Keep-Alive, User-Agent, X-Requested-With, If-Modified-Since, Cache-Control, Content-Type, Authorization, x-ms-client-request-id, x-ms-useragent, x-ms-content-sha256, x-ms-date, host, Accept, Accept-Datetime, Date, If-Match, If-None-Match, Sync-Token, x-ms-return-client-request-id, ETag, Last-Modified, Link, Memento-Datetime, retry-after-ms, x-ms-request-id, x-ms-client-session-id, x-ms-effective-locale, WWW-Authenticate, traceparent, tracestate",
        "Access-Control-Max-Age": "1728000",
        "Connection": "keep-alive",
        "Content-Type": "application/vnd.microsoft.appconfig.kv\u002Bjson; charset=utf-8",
        "Date": "Wed, 12 Jul 2023 23:32:10 GMT",
        "ETag": "\u0022LQk_BcMgIhuWjonHXNvQZOOOZqJO_DJfDR5zjp1nDgo\u0022",
        "Last-Modified": "Wed, 12 Jul 2023 23:32:10 GMT",
        "Strict-Transport-Security": "max-age=15724800; includeSubDomains",
        "Sync-Token": "zAJw6V16=Njo1IzE2OTgzMDYy;sn=16983062",
        "Transfer-Encoding": "chunked",
        "x-ms-correlation-request-id": "935a4027-0b7b-4837-9b81-3fdc7fe42107",
        "x-ms-resource-group": "rg-yallappconfigtests1",
        "x-ms-subscription-id": "faa080af-c1d8-40ad-9cce-e1a450ca5b57",
        "x-ms-tenant-name": "yallappconfigtests1-azconfig-net"
      },
      "ResponseBody": {
        "etag": "LQk_BcMgIhuWjonHXNvQZOOOZqJO_DJfDR5zjp1nDgo",
        "key": "PYTHON_UNIT_test_key_a6af8952-54a6-11e9-b600-2816a84d0309",
        "label": null,
        "content_type": "test content type",
        "value": "test value",
        "tags": {
          "tag1": "tag1",
          "tag2": "tag2"
        },
        "locked": false,
        "last_modified": "2023-07-12T23:32:10\u002B00:00"
      }
    },
    {
      "RequestUri": "https://fake_app_config.azconfig-test.io/kv?key=*\u0026label=test_label1_1d7b2b28-549e-11e9-b51c-2816a84d0309\u0026api-version=2022-11-01-preview\u0026$Select=key,content_type",
      "RequestMethod": "GET",
      "RequestHeaders": {
        "Accept": "application/vnd.microsoft.appconfig.kvset\u002Bjson, application/problem\u002Bjson",
        "Accept-Encoding": "gzip, deflate",
        "Sync-Token": "zAJw6V16=Njo1IzE2OTgzMDYy",
        "User-Agent": "azsdk-python-appconfiguration/1.5.0b1 Python/3.11.0 (Windows-10-10.0.22621-SP0)"
      },
      "RequestBody": null,
      "StatusCode": 200,
      "ResponseHeaders": {
        "Access-Control-Allow-Credentials": "true",
        "Access-Control-Allow-Headers": "DNT, X-CustomHeader, Keep-Alive, User-Agent, X-Requested-With, If-Modified-Since, Cache-Control, Content-Type, Authorization, x-ms-client-request-id, x-ms-useragent, x-ms-content-sha256, x-ms-date, host, Accept, Accept-Datetime, Date, If-Match, If-None-Match, Sync-Token, x-ms-return-client-request-id, ETag, Last-Modified, Link, Memento-Datetime, retry-after-ms, x-ms-request-id, x-ms-client-session-id, x-ms-effective-locale, WWW-Authenticate, traceparent, tracestate",
        "Access-Control-Allow-Methods": "GET, PUT, POST, DELETE, PATCH, OPTIONS",
        "Access-Control-Allow-Origin": "*",
        "Access-Control-Expose-Headers": "DNT, X-CustomHeader, Keep-Alive, User-Agent, X-Requested-With, If-Modified-Since, Cache-Control, Content-Type, Authorization, x-ms-client-request-id, x-ms-useragent, x-ms-content-sha256, x-ms-date, host, Accept, Accept-Datetime, Date, If-Match, If-None-Match, Sync-Token, x-ms-return-client-request-id, ETag, Last-Modified, Link, Memento-Datetime, retry-after-ms, x-ms-request-id, x-ms-client-session-id, x-ms-effective-locale, WWW-Authenticate, traceparent, tracestate",
        "Access-Control-Max-Age": "1728000",
        "Connection": "keep-alive",
        "Content-Type": "application/vnd.microsoft.appconfig.kvset\u002Bjson; charset=utf-8",
        "Date": "Wed, 12 Jul 2023 23:32:10 GMT",
        "Strict-Transport-Security": "max-age=15724800; includeSubDomains",
        "Sync-Token": "zAJw6V16=Njo1IzE2OTgzMDYz;sn=16983063",
        "Transfer-Encoding": "chunked",
        "x-ms-correlation-request-id": "c90435b8-60cc-4d55-936d-fc6d838d57b1",
        "x-ms-resource-group": "rg-yallappconfigtests1",
        "x-ms-subscription-id": "faa080af-c1d8-40ad-9cce-e1a450ca5b57",
        "x-ms-tenant-name": "yallappconfigtests1-azconfig-net"
      },
      "ResponseBody": {
        "items": [
          {
            "key": "PYTHON_UNIT_test_key_a6af8952-54a6-11e9-b600-2816a84d0309",
            "content_type": "test content type"
          }
        ]
      }
    },
    {
      "RequestUri": "https://fake_app_config.azconfig-test.io/kv?api-version=2022-11-01-preview",
      "RequestMethod": "GET",
      "RequestHeaders": {
        "Accept": "application/vnd.microsoft.appconfig.kvset\u002Bjson, application/problem\u002Bjson",
        "Accept-Encoding": "gzip, deflate",
        "Sync-Token": "zAJw6V16=Njo1IzE2OTgzMDYz",
        "User-Agent": "azsdk-python-appconfiguration/1.5.0b1 Python/3.11.0 (Windows-10-10.0.22621-SP0)"
      },
      "RequestBody": null,
      "StatusCode": 200,
      "ResponseHeaders": {
        "Access-Control-Allow-Credentials": "true",
        "Access-Control-Allow-Headers": "DNT, X-CustomHeader, Keep-Alive, User-Agent, X-Requested-With, If-Modified-Since, Cache-Control, Content-Type, Authorization, x-ms-client-request-id, x-ms-useragent, x-ms-content-sha256, x-ms-date, host, Accept, Accept-Datetime, Date, If-Match, If-None-Match, Sync-Token, x-ms-return-client-request-id, ETag, Last-Modified, Link, Memento-Datetime, retry-after-ms, x-ms-request-id, x-ms-client-session-id, x-ms-effective-locale, WWW-Authenticate, traceparent, tracestate",
        "Access-Control-Allow-Methods": "GET, PUT, POST, DELETE, PATCH, OPTIONS",
        "Access-Control-Allow-Origin": "*",
        "Access-Control-Expose-Headers": "DNT, X-CustomHeader, Keep-Alive, User-Agent, X-Requested-With, If-Modified-Since, Cache-Control, Content-Type, Authorization, x-ms-client-request-id, x-ms-useragent, x-ms-content-sha256, x-ms-date, host, Accept, Accept-Datetime, Date, If-Match, If-None-Match, Sync-Token, x-ms-return-client-request-id, ETag, Last-Modified, Link, Memento-Datetime, retry-after-ms, x-ms-request-id, x-ms-client-session-id, x-ms-effective-locale, WWW-Authenticate, traceparent, tracestate",
        "Access-Control-Max-Age": "1728000",
        "Connection": "keep-alive",
        "Content-Type": "application/vnd.microsoft.appconfig.kvset\u002Bjson; charset=utf-8",
        "Date": "Wed, 12 Jul 2023 23:32:10 GMT",
        "Strict-Transport-Security": "max-age=15724800; includeSubDomains",
        "Sync-Token": "zAJw6V16=Njo1IzE2OTgzMDYz;sn=16983063",
        "Transfer-Encoding": "chunked",
        "x-ms-correlation-request-id": "1cb471c9-63f9-4d2d-8ca9-188ce848b49f",
        "x-ms-resource-group": "rg-yallappconfigtests1",
        "x-ms-subscription-id": "faa080af-c1d8-40ad-9cce-e1a450ca5b57",
        "x-ms-tenant-name": "yallappconfigtests1-azconfig-net"
      },
      "ResponseBody": {
        "items": [
          {
            "etag": "LQk_BcMgIhuWjonHXNvQZOOOZqJO_DJfDR5zjp1nDgo",
            "key": "PYTHON_UNIT_test_key_a6af8952-54a6-11e9-b600-2816a84d0309",
            "label": null,
            "content_type": "test content type",
            "value": "test value",
            "tags": {
              "tag1": "tag1",
              "tag2": "tag2"
            },
            "locked": false,
            "last_modified": "2023-07-12T23:32:10\u002B00:00"
          },
          {
            "etag": "kJWOi8zkXj1hsbGVMa-VRPHiYYLp2Z-P2VukWLUJyVg",
            "key": "PYTHON_UNIT_test_key_a6af8952-54a6-11e9-b600-2816a84d0309",
            "label": "test_label1_1d7b2b28-549e-11e9-b51c-2816a84d0309",
            "content_type": "test content type",
            "value": "test value",
            "tags": {
              "tag1": "tag1",
              "tag2": "tag2"
            },
            "locked": false,
            "last_modified": "2023-07-12T23:32:10\u002B00:00"
          }
        ]
      }
    },
    {
      "RequestUri": "https://fake_app_config.azconfig-test.io/kv/PYTHON_UNIT_test_key_a6af8952-54a6-11e9-b600-2816a84d0309?api-version=2022-11-01-preview",
      "RequestMethod": "DELETE",
      "RequestHeaders": {
        "Accept": "application/vnd.microsoft.appconfig.kv\u002Bjson, application/problem\u002Bjson",
        "Accept-Encoding": "gzip, deflate",
        "Content-Length": "0",
        "Sync-Token": "zAJw6V16=Njo1IzE2OTgzMDYz",
        "User-Agent": "azsdk-python-appconfiguration/1.5.0b1 Python/3.11.0 (Windows-10-10.0.22621-SP0)"
      },
      "RequestBody": null,
      "StatusCode": 200,
      "ResponseHeaders": {
        "Access-Control-Allow-Credentials": "true",
        "Access-Control-Allow-Headers": "DNT, X-CustomHeader, Keep-Alive, User-Agent, X-Requested-With, If-Modified-Since, Cache-Control, Content-Type, Authorization, x-ms-client-request-id, x-ms-useragent, x-ms-content-sha256, x-ms-date, host, Accept, Accept-Datetime, Date, If-Match, If-None-Match, Sync-Token, x-ms-return-client-request-id, ETag, Last-Modified, Link, Memento-Datetime, retry-after-ms, x-ms-request-id, x-ms-client-session-id, x-ms-effective-locale, WWW-Authenticate, traceparent, tracestate",
        "Access-Control-Allow-Methods": "GET, PUT, POST, DELETE, PATCH, OPTIONS",
        "Access-Control-Allow-Origin": "*",
        "Access-Control-Expose-Headers": "DNT, X-CustomHeader, Keep-Alive, User-Agent, X-Requested-With, If-Modified-Since, Cache-Control, Content-Type, Authorization, x-ms-client-request-id, x-ms-useragent, x-ms-content-sha256, x-ms-date, host, Accept, Accept-Datetime, Date, If-Match, If-None-Match, Sync-Token, x-ms-return-client-request-id, ETag, Last-Modified, Link, Memento-Datetime, retry-after-ms, x-ms-request-id, x-ms-client-session-id, x-ms-effective-locale, WWW-Authenticate, traceparent, tracestate",
        "Access-Control-Max-Age": "1728000",
        "Connection": "keep-alive",
        "Content-Type": "application/vnd.microsoft.appconfig.kv\u002Bjson; charset=utf-8",
        "Date": "Wed, 12 Jul 2023 23:32:10 GMT",
        "ETag": "\u0022LQk_BcMgIhuWjonHXNvQZOOOZqJO_DJfDR5zjp1nDgo\u0022",
        "Last-Modified": "Wed, 12 Jul 2023 23:32:10 GMT",
        "Strict-Transport-Security": "max-age=15724800; includeSubDomains",
        "Sync-Token": "zAJw6V16=Njo1IzE2OTgzMDY0;sn=16983064",
        "Transfer-Encoding": "chunked",
        "x-ms-correlation-request-id": "086ce7f4-c003-49eb-8dd4-54f0faf35327",
        "x-ms-resource-group": "rg-yallappconfigtests1",
        "x-ms-subscription-id": "faa080af-c1d8-40ad-9cce-e1a450ca5b57",
        "x-ms-tenant-name": "yallappconfigtests1-azconfig-net"
      },
      "ResponseBody": {
        "etag": "LQk_BcMgIhuWjonHXNvQZOOOZqJO_DJfDR5zjp1nDgo",
        "key": "PYTHON_UNIT_test_key_a6af8952-54a6-11e9-b600-2816a84d0309",
        "label": null,
        "content_type": "test content type",
        "value": "test value",
        "tags": {
          "tag1": "tag1",
          "tag2": "tag2"
        },
        "locked": false,
        "last_modified": "2023-07-12T23:32:10\u002B00:00"
      }
    },
    {
      "RequestUri": "https://fake_app_config.azconfig-test.io/kv/PYTHON_UNIT_test_key_a6af8952-54a6-11e9-b600-2816a84d0309?label=test_label1_1d7b2b28-549e-11e9-b51c-2816a84d0309\u0026api-version=2022-11-01-preview",
      "RequestMethod": "DELETE",
      "RequestHeaders": {
        "Accept": "application/vnd.microsoft.appconfig.kv\u002Bjson, application/problem\u002Bjson",
        "Accept-Encoding": "gzip, deflate",
        "Content-Length": "0",
        "Sync-Token": "zAJw6V16=Njo1IzE2OTgzMDY0",
        "User-Agent": "azsdk-python-appconfiguration/1.5.0b1 Python/3.11.0 (Windows-10-10.0.22621-SP0)"
      },
      "RequestBody": null,
      "StatusCode": 200,
      "ResponseHeaders": {
        "Access-Control-Allow-Credentials": "true",
        "Access-Control-Allow-Headers": "DNT, X-CustomHeader, Keep-Alive, User-Agent, X-Requested-With, If-Modified-Since, Cache-Control, Content-Type, Authorization, x-ms-client-request-id, x-ms-useragent, x-ms-content-sha256, x-ms-date, host, Accept, Accept-Datetime, Date, If-Match, If-None-Match, Sync-Token, x-ms-return-client-request-id, ETag, Last-Modified, Link, Memento-Datetime, retry-after-ms, x-ms-request-id, x-ms-client-session-id, x-ms-effective-locale, WWW-Authenticate, traceparent, tracestate",
        "Access-Control-Allow-Methods": "GET, PUT, POST, DELETE, PATCH, OPTIONS",
        "Access-Control-Allow-Origin": "*",
        "Access-Control-Expose-Headers": "DNT, X-CustomHeader, Keep-Alive, User-Agent, X-Requested-With, If-Modified-Since, Cache-Control, Content-Type, Authorization, x-ms-client-request-id, x-ms-useragent, x-ms-content-sha256, x-ms-date, host, Accept, Accept-Datetime, Date, If-Match, If-None-Match, Sync-Token, x-ms-return-client-request-id, ETag, Last-Modified, Link, Memento-Datetime, retry-after-ms, x-ms-request-id, x-ms-client-session-id, x-ms-effective-locale, WWW-Authenticate, traceparent, tracestate",
        "Access-Control-Max-Age": "1728000",
        "Connection": "keep-alive",
        "Content-Type": "application/vnd.microsoft.appconfig.kv\u002Bjson; charset=utf-8",
        "Date": "Wed, 12 Jul 2023 23:32:10 GMT",
        "ETag": "\u0022kJWOi8zkXj1hsbGVMa-VRPHiYYLp2Z-P2VukWLUJyVg\u0022",
        "Last-Modified": "Wed, 12 Jul 2023 23:32:10 GMT",
        "Strict-Transport-Security": "max-age=15724800; includeSubDomains",
        "Sync-Token": "zAJw6V16=Njo1IzE2OTgzMDY1;sn=16983065",
        "Transfer-Encoding": "chunked",
        "x-ms-correlation-request-id": "eb183719-1e98-4286-9e4e-d34ae88b8ba5",
        "x-ms-resource-group": "rg-yallappconfigtests1",
        "x-ms-subscription-id": "faa080af-c1d8-40ad-9cce-e1a450ca5b57",
        "x-ms-tenant-name": "yallappconfigtests1-azconfig-net"
      },
      "ResponseBody": {
        "etag": "kJWOi8zkXj1hsbGVMa-VRPHiYYLp2Z-P2VukWLUJyVg",
        "key": "PYTHON_UNIT_test_key_a6af8952-54a6-11e9-b600-2816a84d0309",
        "label": "test_label1_1d7b2b28-549e-11e9-b51c-2816a84d0309",
        "content_type": "test content type",
        "value": "test value",
        "tags": {
          "tag1": "tag1",
          "tag2": "tag2"
        },
        "locked": false,
        "last_modified": "2023-07-12T23:32:10\u002B00:00"
      }
    }
  ],
  "Variables": {}
}
