{
  "Entries": [
    {
      "RequestUri": "https://fake_app_config.azconfig-test.io/kv/.appconfig.featureflag%2Fnewflag?api-version=2023-10-01",
      "RequestMethod": "PUT",
      "RequestHeaders": {
        "Accept": "application/vnd.microsoft.appconfig.kv\u002Bjson, application/problem\u002Bjson",
        "Accept-Encoding": "gzip, deflate",
        "Connection": "keep-alive",
        "Content-Length": "438",
        "Content-Type": "application/json",
        "User-Agent": "azsdk-python-appconfiguration/unknown Python/3.11.4 (Windows-10-10.0.22621-SP0)",
        "x-ms-content-sha256": "dXknJKxc59FQD1uie2hvYHTbhqVjrsBsKiReGzI14b4=",
        "x-ms-date": "Mar, 20 2024 02:33:00.394727 GMT"
      },
      "RequestBody": {
        "key": ".appconfig.featureflag/newflag",
        "content_type": "application/vnd.microsoft.appconfig.ff\u002Bjson;charset=utf-8",
        "value": "{\u0022id\u0022: \u0022newflag\u0022, \u0022enabled\u0022: true, \u0022conditions\u0022: {\u0022client_filters\u0022: [{\u0022name\u0022: \u0022Microsoft.Targeting\u0022, \u0022parameters\u0022: {\u0022Audience\u0022: {\u0022Users\u0022: [\u0022abc\u0022, \u0022def\u0022], \u0022Groups\u0022: [\u0022ghi\u0022, \u0022jkl\u0022], \u0022DefaultRolloutPercentage\u0022: 75}}}]}, \u0022display_name\u0022: null, \u0022description\u0022: null}",
        "tags": {}
      },
      "StatusCode": 200,
      "ResponseHeaders": {
        "Access-Control-Allow-Origin": "*",
        "Connection": "keep-alive",
        "Content-Type": "application/vnd.microsoft.appconfig.kv\u002Bjson; charset=utf-8",
        "Date": "Wed, 20 Mar 2024 02:33:00 GMT",
        "ETag": "\u00227-3_a0KwSPTwKqv5OaemiVlQ4FdRbiiPGkM5jdf_qIU\u0022",
        "Last-Modified": "Wed, 20 Mar 2024 02:33:00 GMT",
        "Strict-Transport-Security": "max-age=31536000; includeSubDomains",
        "Sync-Token": "zAJw6V16=Njo1IzI2MDI1NDE3;sn=26025417",
        "Transfer-Encoding": "chunked",
        "x-ms-correlation-request-id": "f71e7bcf-0234-459d-84a0-06c5b1b59ab7"
      },
      "ResponseBody": {
        "etag": "7-3_a0KwSPTwKqv5OaemiVlQ4FdRbiiPGkM5jdf_qIU",
        "key": ".appconfig.featureflag/newflag",
        "label": null,
        "content_type": "application/vnd.microsoft.appconfig.ff\u002Bjson;charset=utf-8",
        "value": "{\u0022id\u0022: \u0022newflag\u0022, \u0022enabled\u0022: true, \u0022conditions\u0022: {\u0022client_filters\u0022: [{\u0022name\u0022: \u0022Microsoft.Targeting\u0022, \u0022parameters\u0022: {\u0022Audience\u0022: {\u0022Users\u0022: [\u0022abc\u0022, \u0022def\u0022], \u0022Groups\u0022: [\u0022ghi\u0022, \u0022jkl\u0022], \u0022DefaultRolloutPercentage\u0022: 75}}}]}, \u0022display_name\u0022: null, \u0022description\u0022: null}",
        "tags": {},
        "locked": false,
        "last_modified": "2024-03-20T02:33:00\u002B00:00"
      }
    },
    {
      "RequestUri": "https://fake_app_config.azconfig-test.io/kv/.appconfig.featureflag%2Fnewflag?api-version=2023-10-01",
      "RequestMethod": "PUT",
      "RequestHeaders": {
        "Accept": "application/vnd.microsoft.appconfig.kv\u002Bjson, application/problem\u002Bjson",
        "Accept-Encoding": "gzip, deflate",
        "Connection": "keep-alive",
        "Content-Length": "555",
        "Content-Type": "application/json",
        "Sync-Token": "zAJw6V16=Njo1IzI2MDI1NDE3",
        "User-Agent": "azsdk-python-appconfiguration/unknown Python/3.11.4 (Windows-10-10.0.22621-SP0)",
        "x-ms-content-sha256": "9asoSGoHpr08H\u002BvZ109gt5xF2oedVyCOYOKRmgfArdo=",
        "x-ms-date": "Mar, 20 2024 02:33:00.630778 GMT"
      },
      "RequestBody": {
        "key": ".appconfig.featureflag/newflag",
        "content_type": "application/vnd.microsoft.appconfig.ff\u002Bjson;charset=utf-8",
        "value": "{\u0022id\u0022: \u0022newflag\u0022, \u0022enabled\u0022: true, \u0022conditions\u0022: {\u0022client_filters\u0022: [{\u0022name\u0022: \u0022Microsoft.Targeting\u0022, \u0022parameters\u0022: {\u0022Audience\u0022: {\u0022Users\u0022: [\u0022abc\u0022, \u0022def\u0022], \u0022Groups\u0022: [\u0022ghi\u0022, \u0022jkl\u0022], \u0022DefaultRolloutPercentage\u0022: 80}}}]}, \u0022display_name\u0022: null, \u0022description\u0022: null}",
        "last_modified": "2024-03-20T02:33:00.000Z",
        "tags": {},
        "locked": false,
        "etag": "7-3_a0KwSPTwKqv5OaemiVlQ4FdRbiiPGkM5jdf_qIU"
      },
      "StatusCode": 200,
      "ResponseHeaders": {
        "Access-Control-Allow-Origin": "*",
        "Connection": "keep-alive",
        "Content-Type": "application/vnd.microsoft.appconfig.kv\u002Bjson; charset=utf-8",
        "Date": "Wed, 20 Mar 2024 02:33:00 GMT",
        "ETag": "\u0022dKymH8ZWPZBeEp_pMPWczvn-1ufuMlUPUTVJFAonHiE\u0022",
        "Last-Modified": "Wed, 20 Mar 2024 02:33:00 GMT",
        "Strict-Transport-Security": "max-age=31536000; includeSubDomains",
        "Sync-Token": "zAJw6V16=Njo1IzI2MDI1NDE5;sn=26025419",
        "Transfer-Encoding": "chunked",
        "x-ms-correlation-request-id": "b307a88e-7fc3-4a85-add0-53541c6f2c07"
      },
      "ResponseBody": {
        "etag": "dKymH8ZWPZBeEp_pMPWczvn-1ufuMlUPUTVJFAonHiE",
        "key": ".appconfig.featureflag/newflag",
        "label": null,
        "content_type": "application/vnd.microsoft.appconfig.ff\u002Bjson;charset=utf-8",
        "value": "{\u0022id\u0022: \u0022newflag\u0022, \u0022enabled\u0022: true, \u0022conditions\u0022: {\u0022client_filters\u0022: [{\u0022name\u0022: \u0022Microsoft.Targeting\u0022, \u0022parameters\u0022: {\u0022Audience\u0022: {\u0022Users\u0022: [\u0022abc\u0022, \u0022def\u0022], \u0022Groups\u0022: [\u0022ghi\u0022, \u0022jkl\u0022], \u0022DefaultRolloutPercentage\u0022: 80}}}]}, \u0022display_name\u0022: null, \u0022description\u0022: null}",
        "tags": {},
        "locked": false,
        "last_modified": "2024-03-20T02:33:00\u002B00:00"
      }
    },
    {
      "RequestUri": "https://fake_app_config.azconfig-test.io/kv/.appconfig.featureflag%2Fnewflag?api-version=2023-10-01",
      "RequestMethod": "PUT",
      "RequestHeaders": {
        "Accept": "application/vnd.microsoft.appconfig.kv\u002Bjson, application/problem\u002Bjson",
        "Accept-Encoding": "gzip, deflate",
        "Connection": "keep-alive",
        "Content-Length": "904",
        "Content-Type": "application/json",
        "Sync-Token": "zAJw6V16=Njo1IzI2MDI1NDE5",
        "User-Agent": "azsdk-python-appconfiguration/unknown Python/3.11.4 (Windows-10-10.0.22621-SP0)",
        "x-ms-content-sha256": "8g9pBnCmSyLtH9cUthlXfDrdnilw7wPrVm8HYb2veI4=",
        "x-ms-date": "Mar, 20 2024 02:33:00.678174 GMT"
      },
      "RequestBody": {
        "key": ".appconfig.featureflag/newflag",
        "content_type": "application/vnd.microsoft.appconfig.ff\u002Bjson;charset=utf-8",
        "value": "{\u0022id\u0022: \u0022newflag\u0022, \u0022enabled\u0022: true, \u0022conditions\u0022: {\u0022client_filters\u0022: [{\u0022name\u0022: \u0022Microsoft.Targeting\u0022, \u0022parameters\u0022: {\u0022Audience\u0022: {\u0022Users\u0022: [\u0022abc\u0022, \u0022def\u0022], \u0022Groups\u0022: [\u0022ghi\u0022, \u0022jkl\u0022], \u0022DefaultRolloutPercentage\u0022: 80}}}, {\u0022name\u0022: \u0022Microsoft.Targeting\u0022, \u0022parameters\u0022: {\u0022Audience\u0022: {\u0022Users\u0022: [\u0022abcd\u0022, \u0022defg\u0022], \u0022Groups\u0022: [\u0022ghij\u0022, \u0022jklm\u0022], \u0022DefaultRolloutPercentage\u0022: 50}}}, {\u0022name\u0022: \u0022Microsoft.Targeting\u0022, \u0022parameters\u0022: {\u0022Audience\u0022: {\u0022Users\u0022: [\u0022abcde\u0022, \u0022defgh\u0022], \u0022Groups\u0022: [\u0022ghijk\u0022, \u0022jklmn\u0022], \u0022DefaultRolloutPercentage\u0022: 100}}}]}, \u0022display_name\u0022: null, \u0022description\u0022: null}",
        "last_modified": "2024-03-20T02:33:00.000Z",
        "tags": {},
        "locked": false,
        "etag": "dKymH8ZWPZBeEp_pMPWczvn-1ufuMlUPUTVJFAonHiE"
      },
      "StatusCode": 200,
      "ResponseHeaders": {
        "Access-Control-Allow-Origin": "*",
        "Connection": "keep-alive",
        "Content-Type": "application/vnd.microsoft.appconfig.kv\u002Bjson; charset=utf-8",
        "Date": "Wed, 20 Mar 2024 02:33:00 GMT",
        "ETag": "\u0022idZzuObuS0pJEtSBFM_QskqWjH3-Ay5AzF4P5inByEw\u0022",
        "Last-Modified": "Wed, 20 Mar 2024 02:33:00 GMT",
        "Strict-Transport-Security": "max-age=31536000; includeSubDomains",
        "Sync-Token": "zAJw6V16=Njo1IzI2MDI1NDIx;sn=26025421",
        "Transfer-Encoding": "chunked",
        "x-ms-correlation-request-id": "72b818f4-98fe-4da3-8ed8-dd263267124e"
      },
      "ResponseBody": {
        "etag": "idZzuObuS0pJEtSBFM_QskqWjH3-Ay5AzF4P5inByEw",
        "key": ".appconfig.featureflag/newflag",
        "label": null,
        "content_type": "application/vnd.microsoft.appconfig.ff\u002Bjson;charset=utf-8",
        "value": "{\u0022id\u0022: \u0022newflag\u0022, \u0022enabled\u0022: true, \u0022conditions\u0022: {\u0022client_filters\u0022: [{\u0022name\u0022: \u0022Microsoft.Targeting\u0022, \u0022parameters\u0022: {\u0022Audience\u0022: {\u0022Users\u0022: [\u0022abc\u0022, \u0022def\u0022], \u0022Groups\u0022: [\u0022ghi\u0022, \u0022jkl\u0022], \u0022DefaultRolloutPercentage\u0022: 80}}}, {\u0022name\u0022: \u0022Microsoft.Targeting\u0022, \u0022parameters\u0022: {\u0022Audience\u0022: {\u0022Users\u0022: [\u0022abcd\u0022, \u0022defg\u0022], \u0022Groups\u0022: [\u0022ghij\u0022, \u0022jklm\u0022], \u0022DefaultRolloutPercentage\u0022: 50}}}, {\u0022name\u0022: \u0022Microsoft.Targeting\u0022, \u0022parameters\u0022: {\u0022Audience\u0022: {\u0022Users\u0022: [\u0022abcde\u0022, \u0022defgh\u0022], \u0022Groups\u0022: [\u0022ghijk\u0022, \u0022jklmn\u0022], \u0022DefaultRolloutPercentage\u0022: 100}}}]}, \u0022display_name\u0022: null, \u0022description\u0022: null}",
        "tags": {},
        "locked": false,
        "last_modified": "2024-03-20T02:33:00\u002B00:00"
      }
    },
    {
      "RequestUri": "https://fake_app_config.azconfig-test.io/kv/.appconfig.featureflag%2Fnewflag?api-version=2023-10-01",
      "RequestMethod": "DELETE",
      "RequestHeaders": {
        "Accept": "application/vnd.microsoft.appconfig.kv\u002Bjson, application/problem\u002Bjson",
        "Accept-Encoding": "gzip, deflate",
        "Connection": "keep-alive",
        "Content-Length": "0",
        "Sync-Token": "zAJw6V16=Njo1IzI2MDI1NDIx",
        "User-Agent": "azsdk-python-appconfiguration/unknown Python/3.11.4 (Windows-10-10.0.22621-SP0)",
        "x-ms-content-sha256": "47DEQpj8HBSa\u002B/TImW\u002B5JCeuQeRkm5NMpJWZG3hSuFU=",
        "x-ms-date": "Mar, 20 2024 02:33:00.724831 GMT"
      },
      "RequestBody": null,
      "StatusCode": 200,
      "ResponseHeaders": {
        "Access-Control-Allow-Origin": "*",
        "Connection": "keep-alive",
        "Content-Type": "application/vnd.microsoft.appconfig.kv\u002Bjson; charset=utf-8",
        "Date": "Wed, 20 Mar 2024 02:33:00 GMT",
        "ETag": "\u0022idZzuObuS0pJEtSBFM_QskqWjH3-Ay5AzF4P5inByEw\u0022",
        "Last-Modified": "Wed, 20 Mar 2024 02:33:00 GMT",
        "Strict-Transport-Security": "max-age=31536000; includeSubDomains",
        "Sync-Token": "zAJw6V16=Njo1IzI2MDI1NDIz;sn=26025423",
        "Transfer-Encoding": "chunked",
        "x-ms-correlation-request-id": "82f3050b-736e-4771-ad59-035f568f7006"
      },
      "ResponseBody": {
        "etag": "idZzuObuS0pJEtSBFM_QskqWjH3-Ay5AzF4P5inByEw",
        "key": ".appconfig.featureflag/newflag",
        "label": null,
        "content_type": "application/vnd.microsoft.appconfig.ff\u002Bjson;charset=utf-8",
        "value": "{\u0022id\u0022: \u0022newflag\u0022, \u0022enabled\u0022: true, \u0022conditions\u0022: {\u0022client_filters\u0022: [{\u0022name\u0022: \u0022Microsoft.Targeting\u0022, \u0022parameters\u0022: {\u0022Audience\u0022: {\u0022Users\u0022: [\u0022abc\u0022, \u0022def\u0022], \u0022Groups\u0022: [\u0022ghi\u0022, \u0022jkl\u0022], \u0022DefaultRolloutPercentage\u0022: 80}}}, {\u0022name\u0022: \u0022Microsoft.Targeting\u0022, \u0022parameters\u0022: {\u0022Audience\u0022: {\u0022Users\u0022: [\u0022abcd\u0022, \u0022defg\u0022], \u0022Groups\u0022: [\u0022ghij\u0022, \u0022jklm\u0022], \u0022DefaultRolloutPercentage\u0022: 50}}}, {\u0022name\u0022: \u0022Microsoft.Targeting\u0022, \u0022parameters\u0022: {\u0022Audience\u0022: {\u0022Users\u0022: [\u0022abcde\u0022, \u0022defgh\u0022], \u0022Groups\u0022: [\u0022ghijk\u0022, \u0022jklmn\u0022], \u0022DefaultRolloutPercentage\u0022: 100}}}]}, \u0022display_name\u0022: null, \u0022description\u0022: null}",
        "tags": {},
        "locked": false,
        "last_modified": "2024-03-20T02:33:00\u002B00:00"
      }
    }
  ],
  "Variables": {}
}
