{
  "Entries": [
    {
      "RequestUri": "https://fake_app_config.azconfig-test.io/kv/PYTHON_UNIT_test_key_a6af8952-54a6-11e9-b600-2816a84d0309?api-version=2023-11-01&label=test_label1_1d7b2b28-549e-11e9-b51c-2816a84d0309",
      "RequestMethod": "PUT",
      "RequestHeaders": {
        "Accept": "*/*",
        "Accept-Encoding": "gzip, deflate",
        "Connection": "keep-alive",
        "Content-Length": "163",
        "Content-Type": "application/json",
        "If-None-Match": "*",
        "User-Agent": "azsdk-python-appconfiguration/1.7.0b1 Python/3.12.5 (Windows-11-10.0.22631-SP0)",
        "x-ms-content-sha256": "Sanitized",
        "x-ms-date": "Aug, 09 2024 23:40:10.983170 GMT"
      },
      "RequestBody": {
        "label": "test_label1_1d7b2b28-549e-11e9-b51c-2816a84d0309",
        "value": "test value",
        "content_type": "test content type",
        "tags": {
          "tag1": "tag1",
          "tag2": "tag2"
        }
      },
      "StatusCode": 200,
      "ResponseHeaders": {
        "Access-Control-Allow-Origin": "*",
        "Connection": "keep-alive",
        "Content-Type": "application/vnd.microsoft.appconfig.kv+json; charset=utf-8",
        "Date": "Fri, 09 Aug 2024 23:40:11 GMT",
        "ETag": "\"yG0PgEfqwYQOQdQa_nigqd49dSlFF59hWwlOKQeJrRk\"",
        "Last-Modified": "Fri, 09 Aug 2024 23:40:11 GMT",
        "Strict-Transport-Security": "max-age=31536000; includeSubDomains",
        "Sync-Token": "zAJw6V16=Mzo1IzI1NTQyOTk2;sn=25542996",
        "Transfer-Encoding": "chunked",
        "x-ms-correlation-request-id": "bbaec446-eae3-4de1-9b5c-a1dc32411130"
      },
      "ResponseBody": {
        "etag": "yG0PgEfqwYQOQdQa_nigqd49dSlFF59hWwlOKQeJrRk",
        "key": "PYTHON_UNIT_test_key_a6af8952-54a6-11e9-b600-2816a84d0309",
        "label": "test_label1_1d7b2b28-549e-11e9-b51c-2816a84d0309",
        "content_type": "test content type",
        "value": "test value",
        "tags": {
          "tag1": "tag1",
          "tag2": "tag2"
        },
        "locked": false,
        "last_modified": "2024-08-09T23:40:11+00:00"
      }
    },
    {
      "RequestUri": "https://fake_app_config.azconfig-test.io/kv/PYTHON_UNIT_test_key_a6af8952-54a6-11e9-b600-2816a84d0309?api-version=2023-11-01",
      "RequestMethod": "PUT",
      "RequestHeaders": {
        "Accept": "*/*",
        "Accept-Encoding": "gzip, deflate",
        "Connection": "keep-alive",
        "Content-Length": "102",
        "Content-Type": "application/json",
        "If-None-Match": "*",
        "Sync-Token": "zAJw6V16=Mzo1IzI1NTQyOTk2",
        "User-Agent": "azsdk-python-appconfiguration/1.7.0b1 Python/3.12.5 (Windows-11-10.0.22631-SP0)",
        "x-ms-content-sha256": "Sanitized",
        "x-ms-date": "Aug, 09 2024 23:40:11.373816 GMT"
      },
      "RequestBody": {
        "value": "test value",
        "content_type": "test content type",
        "tags": {
          "tag1": "tag1",
          "tag2": "tag2"
        }
      },
      "StatusCode": 200,
      "ResponseHeaders": {
        "Access-Control-Allow-Origin": "*",
        "Connection": "keep-alive",
        "Content-Type": "application/vnd.microsoft.appconfig.kv+json; charset=utf-8",
        "Date": "Fri, 09 Aug 2024 23:40:11 GMT",
        "ETag": "\"FcelnXmnOdEv-s7Ww71bTLPCGhnPB2zBVhrp5rHeA5c\"",
        "Last-Modified": "Fri, 09 Aug 2024 23:40:11 GMT",
        "Strict-Transport-Security": "max-age=31536000; includeSubDomains",
        "Sync-Token": "zAJw6V16=Mzo1IzI1NTQyOTk4;sn=25542998",
        "Transfer-Encoding": "chunked",
        "x-ms-correlation-request-id": "49615b17-8148-414b-bc2d-820d17d12025"
      },
      "ResponseBody": {
        "etag": "FcelnXmnOdEv-s7Ww71bTLPCGhnPB2zBVhrp5rHeA5c",
        "key": "PYTHON_UNIT_test_key_a6af8952-54a6-11e9-b600-2816a84d0309",
        "label": null,
        "content_type": "test content type",
        "value": "test value",
        "tags": {
          "tag1": "tag1",
          "tag2": "tag2"
        },
        "locked": false,
        "last_modified": "2024-08-09T23:40:11+00:00"
      }
    },
    {
      "RequestUri": "https://fake_app_config.azconfig-test.io/kv?api-version=2023-11-01&key=%2A&label=test_label1_1d7b2b28-549e-11e9-b51c-2816a84d0309&$Select=key,content_type",
      "RequestMethod": "GET",
      "RequestHeaders": {
        "Accept": "*/*",
        "Accept-Encoding": "gzip, deflate",
        "Connection": "keep-alive",
        "Sync-Token": "zAJw6V16=Mzo1IzI1NTQyOTk4",
        "User-Agent": "azsdk-python-appconfiguration/1.7.0b1 Python/3.12.5 (Windows-11-10.0.22631-SP0)",
        "x-ms-content-sha256": "Sanitized",
        "x-ms-date": "Aug, 09 2024 23:40:11.420682 GMT"
      },
      "RequestBody": null,
      "StatusCode": 200,
      "ResponseHeaders": {
        "Access-Control-Allow-Origin": "*",
        "Connection": "keep-alive",
        "Content-Type": "application/vnd.microsoft.appconfig.kvset+json; charset=utf-8",
        "Date": "Fri, 09 Aug 2024 23:40:11 GMT",
        "ETag": "\"yG0gEIpA1GIMCMrxJW6BXeY8hK-KU0ldqX4MJyK8Wsk\"",
        "Strict-Transport-Security": "max-age=31536000; includeSubDomains",
        "Sync-Token": "zAJw6V16=Mzo1IzI1NTQyOTk5;sn=25542999",
        "Transfer-Encoding": "chunked",
        "x-ms-correlation-request-id": "2797834b-8ce3-495d-b5e8-cba5d63b8a93"
      },
      "ResponseBody": {
        "etag": "yG0gEIpA1GIMCMrxJW6BXeY8hK-KU0ldqX4MJyK8Wsk",
        "items": [
          {
            "key": "PYTHON_UNIT_test_key_a6af8952-54a6-11e9-b600-2816a84d0309",
            "content_type": "test content type"
          }
        ]
      }
    },
    {
      "RequestUri": "https://fake_app_config.azconfig-test.io/kv?api-version=2023-11-01",
      "RequestMethod": "GET",
      "RequestHeaders": {
        "Accept": "*/*",
        "Accept-Encoding": "gzip, deflate",
        "Connection": "keep-alive",
        "Sync-Token": "zAJw6V16=Mzo1IzI1NTQyOTk5",
        "User-Agent": "azsdk-python-appconfiguration/1.7.0b1 Python/3.12.5 (Windows-11-10.0.22631-SP0)",
        "x-ms-content-sha256": "Sanitized",
        "x-ms-date": "Aug, 09 2024 23:40:11.451735 GMT"
      },
      "RequestBody": null,
      "StatusCode": 200,
      "ResponseHeaders": {
        "Access-Control-Allow-Origin": "*",
        "Connection": "keep-alive",
        "Content-Type": "application/vnd.microsoft.appconfig.kvset+json; charset=utf-8",
        "Date": "Fri, 09 Aug 2024 23:40:11 GMT",
        "ETag": "\"BjW7bdRDuV-ddpu_N8ST7moV6D9vRcfhZ8OnnR0DaSE\"",
        "Strict-Transport-Security": "max-age=31536000; includeSubDomains",
        "Sync-Token": "zAJw6V16=Mzo1IzI1NTQyOTk5;sn=25542999",
        "Transfer-Encoding": "chunked",
        "x-ms-correlation-request-id": "2d9ede88-6aa4-45ab-bb4e-6a3622fd4f68"
      },
      "ResponseBody": {
        "etag": "BjW7bdRDuV-ddpu_N8ST7moV6D9vRcfhZ8OnnR0DaSE",
        "items": [
          {
            "etag": "FcelnXmnOdEv-s7Ww71bTLPCGhnPB2zBVhrp5rHeA5c",
            "key": "PYTHON_UNIT_test_key_a6af8952-54a6-11e9-b600-2816a84d0309",
            "label": null,
            "content_type": "test content type",
            "value": "test value",
            "tags": {
              "tag1": "tag1",
              "tag2": "tag2"
            },
            "locked": false,
            "last_modified": "2024-08-09T23:40:11+00:00"
          },
          {
            "etag": "yG0PgEfqwYQOQdQa_nigqd49dSlFF59hWwlOKQeJrRk",
            "key": "PYTHON_UNIT_test_key_a6af8952-54a6-11e9-b600-2816a84d0309",
            "label": "test_label1_1d7b2b28-549e-11e9-b51c-2816a84d0309",
            "content_type": "test content type",
            "value": "test value",
            "tags": {
              "tag1": "tag1",
              "tag2": "tag2"
            },
            "locked": false,
            "last_modified": "2024-08-09T23:40:11+00:00"
          }
        ]
      }
    },
    {
      "RequestUri": "https://fake_app_config.azconfig-test.io/kv/PYTHON_UNIT_test_key_a6af8952-54a6-11e9-b600-2816a84d0309?api-version=2023-11-01",
      "RequestMethod": "DELETE",
      "RequestHeaders": {
        "Accept": "*/*",
        "Accept-Encoding": "gzip, deflate",
        "Connection": "keep-alive",
        "Content-Length": "0",
        "Sync-Token": "zAJw6V16=Mzo1IzI1NTQyOTk5",
        "User-Agent": "azsdk-python-appconfiguration/1.7.0b1 Python/3.12.5 (Windows-11-10.0.22631-SP0)",
        "x-ms-content-sha256": "Sanitized",
        "x-ms-date": "Aug, 09 2024 23:40:11.483320 GMT"
      },
      "RequestBody": null,
      "StatusCode": 200,
      "ResponseHeaders": {
        "Access-Control-Allow-Origin": "*",
        "Connection": "keep-alive",
        "Content-Type": "application/vnd.microsoft.appconfig.kv+json; charset=utf-8",
        "Date": "Fri, 09 Aug 2024 23:40:11 GMT",
        "ETag": "\"FcelnXmnOdEv-s7Ww71bTLPCGhnPB2zBVhrp5rHeA5c\"",
        "Last-Modified": "Fri, 09 Aug 2024 23:40:11 GMT",
        "Strict-Transport-Security": "max-age=31536000; includeSubDomains",
        "Sync-Token": "zAJw6V16=Mzo1IzI1NTQzMDAw;sn=25543000",
        "Transfer-Encoding": "chunked",
        "x-ms-correlation-request-id": "40b0cf72-d9e8-4d2a-9558-50af6214b8a5"
      },
      "ResponseBody": {
        "etag": "FcelnXmnOdEv-s7Ww71bTLPCGhnPB2zBVhrp5rHeA5c",
        "key": "PYTHON_UNIT_test_key_a6af8952-54a6-11e9-b600-2816a84d0309",
        "label": null,
        "content_type": "test content type",
        "value": "test value",
        "tags": {
          "tag1": "tag1",
          "tag2": "tag2"
        },
        "locked": false,
        "last_modified": "2024-08-09T23:40:11+00:00"
      }
    },
    {
      "RequestUri": "https://fake_app_config.azconfig-test.io/kv/PYTHON_UNIT_test_key_a6af8952-54a6-11e9-b600-2816a84d0309?api-version=2023-11-01&label=test_label1_1d7b2b28-549e-11e9-b51c-2816a84d0309",
      "RequestMethod": "DELETE",
      "RequestHeaders": {
        "Accept": "*/*",
        "Accept-Encoding": "gzip, deflate",
        "Connection": "keep-alive",
        "Content-Length": "0",
        "Sync-Token": "zAJw6V16=Mzo1IzI1NTQzMDAw",
        "User-Agent": "azsdk-python-appconfiguration/1.7.0b1 Python/3.12.5 (Windows-11-10.0.22631-SP0)",
        "x-ms-content-sha256": "Sanitized",
        "x-ms-date": "Aug, 09 2024 23:40:11.530015 GMT"
      },
      "RequestBody": null,
      "StatusCode": 200,
      "ResponseHeaders": {
        "Access-Control-Allow-Origin": "*",
        "Connection": "keep-alive",
        "Content-Type": "application/vnd.microsoft.appconfig.kv+json; charset=utf-8",
        "Date": "Fri, 09 Aug 2024 23:40:11 GMT",
        "ETag": "\"yG0PgEfqwYQOQdQa_nigqd49dSlFF59hWwlOKQeJrRk\"",
        "Last-Modified": "Fri, 09 Aug 2024 23:40:11 GMT",
        "Strict-Transport-Security": "max-age=31536000; includeSubDomains",
        "Sync-Token": "zAJw6V16=Mzo1IzI1NTQzMDAx;sn=25543001",
        "Transfer-Encoding": "chunked",
        "x-ms-correlation-request-id": "dbfba961-bf4d-4815-9f33-767c4791f5ca"
      },
      "ResponseBody": {
        "etag": "yG0PgEfqwYQOQdQa_nigqd49dSlFF59hWwlOKQeJrRk",
        "key": "PYTHON_UNIT_test_key_a6af8952-54a6-11e9-b600-2816a84d0309",
        "label": "test_label1_1d7b2b28-549e-11e9-b51c-2816a84d0309",
        "content_type": "test content type",
        "value": "test value",
        "tags": {
          "tag1": "tag1",
          "tag2": "tag2"
        },
        "locked": false,
        "last_modified": "2024-08-09T23:40:11+00:00"
      }
    }
  ],
  "Variables": {}
}
