{
  "Entries": [
    {
      "RequestUri": "https://REDACTED/subscriptions/00000000-0000-0000-0000-000000000000/resourcegroups/javacsmrg70428?api-version=2024-03-01",
      "RequestMethod": "PUT",
      "RequestHeaders": {
        "Accept": "application/json",
        "Authorization": "Sanitized",
        "Content-Length": "21",
        "Content-Type": "application/json",
        "Date": "Thu, 11 Jul 2024 05:46:42 GMT",
        "User-Agent": "azsdk-java-com.azure.resourcemanager.resources/2.41.0-beta.1 (17.0.7; Windows 11; 10.0)",
        "x-ms-client-request-id": "Sanitized",
        "x-ms-return-client-request-id": "true"
      },
      "RequestBody": {
        "location": "eastus"
      },
      "StatusCode": 201,
      "ResponseHeaders": {
        "Cache-Control": "no-cache",
        "Content-Length": "225",
        "Content-Type": "application/json; charset=utf-8",
        "Date": "Thu, 11 Jul 2024 05:46:48 GMT",
        "Expires": "-1",
        "Pragma": "no-cache",
        "Strict-Transport-Security": "max-age=31536000; includeSubDomains",
        "X-Cache": "CONFIG_NOCACHE",
        "X-Content-Type-Options": "nosniff",
        "x-ms-correlation-request-id": "331d9886-1add-4b04-af02-53d17ffcf111",
        "x-ms-ratelimit-remaining-subscription-writes": "1199",
        "x-ms-request-id": "Sanitized",
        "x-ms-routing-request-id": "JAPANEAST:20240711T054649Z:331d9886-1add-4b04-af02-53d17ffcf111",
        "X-MSEdge-Ref": "Ref A: BD48FE29ACDB4F53B3FBD88E0AE086FB Ref B: TYO201151006060 Ref C: 2024-07-11T05:46:44Z"
      },
      "ResponseBody": {
        "id": "/subscriptions/00000000-0000-0000-0000-000000000000/resourceGroups/javacsmrg70428",
        "name": "javacsmrg70428",
        "type": "Microsoft.Resources/resourceGroups",
        "location": "eastus",
        "properties": {
          "provisioningState": "Succeeded"
        }
      }
    },
    {
      "RequestUri": "https://REDACTED/subscriptions/00000000-0000-0000-0000-000000000000/resourceGroups/javacsmrg70428/providers/Microsoft.EventHub/namespaces/ns33956d6a?api-version=2024-01-01",
      "RequestMethod": "PUT",
      "RequestHeaders": {
        "Accept": "application/json",
        "Authorization": "Sanitized",
        "Content-Length": "31",
        "Content-Type": "application/json",
        "Date": "Thu, 11 Jul 2024 05:46:48 GMT",
        "User-Agent": "azsdk-java-com.azure.resourcemanager.eventhubs/2.41.0-beta.1 (17.0.7; Windows 11; 10.0)",
        "x-ms-client-request-id": "Sanitized",
        "x-ms-return-client-request-id": "true"
      },
      "RequestBody": {
        "location": "eastus",
        "tags": {}
      },
      "StatusCode": 201,
      "ResponseHeaders": {
        "Cache-Control": "no-cache",
        "Content-Length": "899",
        "Content-Type": "application/json; charset=utf-8",
        "Date": "Thu, 11 Jul 2024 05:46:52 GMT",
        "Expires": "-1",
        "Pragma": "no-cache",
        "Strict-Transport-Security": "max-age=31536000; includeSubDomains",
        "X-Cache": "CONFIG_NOCACHE",
        "X-Content-Type-Options": "nosniff",
        "x-ms-client-request-id": "Sanitized",
        "x-ms-correlation-request-id": "ebccd240-5829-4a14-81c6-b600499f8502",
        "x-ms-messaging-activity-id": "dbbc1770-e26a-4d3d-991f-8394d28439d4",
        "x-ms-messaging-routing-id": "EASTUS|EASTUS|G1|2024-07-11T05:46:53",
        "x-ms-ratelimit-remaining-subscription-resource-requests": "48",
        "x-ms-request-id": "Sanitized",
        "x-ms-routing-request-id": "JAPANEAST:20240711T054653Z:ebccd240-5829-4a14-81c6-b600499f8502",
        "X-MSEdge-Ref": "Ref A: 81C5BD75151547E5A61A945571976A63 Ref B: TYO201151006060 Ref C: 2024-07-11T05:46:49Z"
      },
      "ResponseBody": {
        "id": "/subscriptions/00000000-0000-0000-0000-000000000000/resourceGroups/javacsmrg70428/providers/Microsoft.EventHub/namespaces/ns33956d6a",
        "name": "ns33956d6a",
        "type": "Microsoft.EventHub/Namespaces",
        "location": "eastus",
        "tags": {},
        "properties": {
          "geoDataReplication": {
            "maxReplicationLagDurationInSeconds": 0,
            "locations": [
              {
                "locationName": "eastus",
                "roleType": "Primary",
                "replicaState": "InBuild"
              }
            ]
          },
          "minimumTlsVersion": "1.2",
          "publicNetworkAccess": "Enabled",
          "disableLocalAuth": false,
          "zoneRedundant": false,
          "metricId": "2cd617ea-1866-46b1-90e3-fffb087ebf9b:ns33956d6a",
          "serviceBusEndpoint": "https://ns33956d6a.servicebus.windows.net:443/",
          "isAutoInflateEnabled": false,
          "maximumThroughputUnits": 0,
          "kafkaEnabled": true,
          "provisioningState": "Creating",
          "status": "Creating",
          "createdAt": "2024-07-11T05:46:52.9672611Z",
          "updatedAt": "2024-07-11T05:46:52.9672611Z"
        },
        "sku": {
          "name": "Standard",
          "tier": "Standard",
          "capacity": 1
        }
      }
    },
    {
      "RequestUri": "https://REDACTED/subscriptions/00000000-0000-0000-0000-000000000000/resourceGroups/javacsmrg70428/providers/Microsoft.EventHub/namespaces/ns33956d6a?api-version=2024-01-01",
      "RequestMethod": "GET",
      "RequestHeaders": {
        "Accept": "application/json",
        "Authorization": "Sanitized",
        "Date": "Thu, 11 Jul 2024 05:47:23 GMT",
        "User-Agent": "azsdk-java-com.azure.resourcemanager.eventhubs/2.41.0-beta.1 (17.0.7; Windows 11; 10.0)",
        "x-ms-client-request-id": "Sanitized",
        "x-ms-return-client-request-id": "true"
      },
      "RequestBody": null,
      "StatusCode": 200,
      "ResponseHeaders": {
        "Cache-Control": "no-cache",
        "Content-Length": "899",
        "Content-Type": "application/json; charset=utf-8",
        "Date": "Thu, 11 Jul 2024 05:47:24 GMT",
        "Expires": "-1",
        "Pragma": "no-cache",
        "Strict-Transport-Security": "max-age=31536000; includeSubDomains",
        "X-Cache": "CONFIG_NOCACHE",
        "X-Content-Type-Options": "nosniff",
        "x-ms-client-request-id": "Sanitized",
        "x-ms-correlation-request-id": "0664408e-3163-4c38-bbb9-6012d714182c",
        "x-ms-messaging-activity-id": "91f295ec-db40-4af3-b82a-1f2fe00a0e76",
        "x-ms-messaging-routing-id": "EASTUS|EASTUS|G8|2024-07-11T05:47:24",
        "x-ms-ratelimit-remaining-subscription-reads": "11999",
        "x-ms-request-id": "Sanitized",
        "x-ms-routing-request-id": "JAPANEAST:20240711T054724Z:0664408e-3163-4c38-bbb9-6012d714182c",
        "X-MSEdge-Ref": "Ref A: AA28C234E1814E3299C3E021EB1DC3C4 Ref B: TYO201151006060 Ref C: 2024-07-11T05:47:23Z"
      },
      "ResponseBody": {
        "id": "/subscriptions/00000000-0000-0000-0000-000000000000/resourceGroups/javacsmrg70428/providers/Microsoft.EventHub/namespaces/ns33956d6a",
        "name": "ns33956d6a",
        "type": "Microsoft.EventHub/Namespaces",
        "location": "eastus",
        "tags": {},
        "properties": {
          "geoDataReplication": {
            "maxReplicationLagDurationInSeconds": 0,
            "locations": [
              {
                "locationName": "eastus",
                "roleType": "Primary",
                "replicaState": "InBuild"
              }
            ]
          },
          "minimumTlsVersion": "1.2",
          "publicNetworkAccess": "Enabled",
          "disableLocalAuth": false,
          "zoneRedundant": false,
          "metricId": "2cd617ea-1866-46b1-90e3-fffb087ebf9b:ns33956d6a",
          "serviceBusEndpoint": "https://ns33956d6a.servicebus.windows.net:443/",
          "isAutoInflateEnabled": false,
          "maximumThroughputUnits": 0,
          "kafkaEnabled": true,
          "provisioningState": "Creating",
          "status": "Creating",
          "createdAt": "2024-07-11T05:46:52.9672611Z",
          "updatedAt": "2024-07-11T05:46:52.9672611Z"
        },
        "sku": {
          "name": "Standard",
          "tier": "Standard",
          "capacity": 1
        }
      }
    },
    {
      "RequestUri": "https://REDACTED/subscriptions/00000000-0000-0000-0000-000000000000/resourceGroups/javacsmrg70428/providers/Microsoft.EventHub/namespaces/ns33956d6a?api-version=2024-01-01",
      "RequestMethod": "GET",
      "RequestHeaders": {
        "Accept": "application/json",
        "Authorization": "Sanitized",
        "Date": "Thu, 11 Jul 2024 05:47:54 GMT",
        "User-Agent": "azsdk-java-com.azure.resourcemanager.eventhubs/2.41.0-beta.1 (17.0.7; Windows 11; 10.0)",
        "x-ms-client-request-id": "Sanitized",
        "x-ms-return-client-request-id": "true"
      },
      "RequestBody": null,
      "StatusCode": 200,
      "ResponseHeaders": {
        "Cache-Control": "no-cache",
        "Content-Length": "896",
        "Content-Type": "application/json; charset=utf-8",
        "Date": "Thu, 11 Jul 2024 05:47:55 GMT",
        "Expires": "-1",
        "Pragma": "no-cache",
        "Strict-Transport-Security": "max-age=31536000; includeSubDomains",
        "X-Cache": "CONFIG_NOCACHE",
        "X-Content-Type-Options": "nosniff",
        "x-ms-client-request-id": "Sanitized",
        "x-ms-correlation-request-id": "d35f8dff-5e89-4c5a-ac36-5d679656d2dd",
        "x-ms-messaging-activity-id": "0e84dc4c-3e8a-4bae-846d-239a4850ce38",
        "x-ms-messaging-routing-id": "EASTUS|EASTUS|G3|2024-07-11T05:47:55",
        "x-ms-ratelimit-remaining-subscription-reads": "11997",
        "x-ms-request-id": "Sanitized",
        "x-ms-routing-request-id": "JAPANEAST:20240711T054755Z:d35f8dff-5e89-4c5a-ac36-5d679656d2dd",
        "X-MSEdge-Ref": "Ref A: C9FC36216CD740C4BFD38BFBA3A819A6 Ref B: TYO201151006060 Ref C: 2024-07-11T05:47:54Z"
      },
      "ResponseBody": {
        "id": "/subscriptions/00000000-0000-0000-0000-000000000000/resourceGroups/javacsmrg70428/providers/Microsoft.EventHub/namespaces/ns33956d6a",
        "name": "ns33956d6a",
        "type": "Microsoft.EventHub/Namespaces",
        "location": "eastus",
        "tags": {},
        "properties": {
          "geoDataReplication": {
            "maxReplicationLagDurationInSeconds": 0,
            "locations": [
              {
                "locationName": "eastus",
                "roleType": "Primary",
                "replicaState": "Ready"
              }
            ]
          },
          "minimumTlsVersion": "1.2",
          "publicNetworkAccess": "Enabled",
          "disableLocalAuth": false,
          "zoneRedundant": false,
          "metricId": "2cd617ea-1866-46b1-90e3-fffb087ebf9b:ns33956d6a",
          "serviceBusEndpoint": "https://ns33956d6a.servicebus.windows.net:443/",
          "isAutoInflateEnabled": false,
          "maximumThroughputUnits": 0,
          "kafkaEnabled": true,
          "provisioningState": "Succeeded",
          "status": "Active",
          "createdAt": "2024-07-11T05:46:52.9672611Z",
          "updatedAt": "2024-07-11T05:47:30.1144234Z"
        },
        "sku": {
          "name": "Standard",
          "tier": "Standard",
          "capacity": 1
        }
      }
    },
    {
      "RequestUri": "https://REDACTED/subscriptions/00000000-0000-0000-0000-000000000000/resourceGroups/javacsmrg70428/providers/Microsoft.EventHub/namespaces/ns33956d6a/eventhubs/eh412586f5?api-version=2024-01-01",
      "RequestMethod": "PUT",
      "RequestHeaders": {
        "Accept": "application/json",
        "Authorization": "Sanitized",
        "Content-Length": "17",
        "Content-Type": "application/json",
        "Date": "Thu, 11 Jul 2024 05:47:55 GMT",
        "User-Agent": "azsdk-java-com.azure.resourcemanager.eventhubs/2.41.0-beta.1 (17.0.7; Windows 11; 10.0)",
        "x-ms-client-request-id": "Sanitized",
        "x-ms-return-client-request-id": "true"
      },
      "RequestBody": {
        "properties": {}
      },
      "StatusCode": 200,
      "ResponseHeaders": {
        "Cache-Control": "no-cache",
        "Content-Length": "517",
        "Content-Type": "application/json; charset=utf-8",
        "Date": "Thu, 11 Jul 2024 05:47:58 GMT",
        "Expires": "-1",
        "Pragma": "no-cache",
        "Strict-Transport-Security": "max-age=31536000; includeSubDomains",
        "X-Cache": "CONFIG_NOCACHE",
        "X-Content-Type-Options": "nosniff",
        "x-ms-client-request-id": "Sanitized",
        "x-ms-correlation-request-id": "902b355d-b87a-42e2-8dc6-2e640571ddd5",
        "x-ms-messaging-activity-id": "edd25416-fe6e-4053-acaf-1b0042aacdb3",
        "x-ms-messaging-routing-id": "EASTUS|EASTUS|G11|2024-07-11T05:47:58",
        "x-ms-ratelimit-remaining-subscription-writes": "1198",
        "x-ms-request-id": "Sanitized",
        "x-ms-routing-request-id": "JAPANEAST:20240711T054758Z:902b355d-b87a-42e2-8dc6-2e640571ddd5",
        "X-MSEdge-Ref": "Ref A: 4860437D07954043A5DC4E44C7E8CCBC Ref B: TYO201151006060 Ref C: 2024-07-11T05:47:55Z"
      },
      "ResponseBody": {
        "id": "/subscriptions/00000000-0000-0000-0000-000000000000/resourceGroups/javacsmrg70428/providers/Microsoft.EventHub/namespaces/ns33956d6a/eventhubs/eh412586f5",
        "name": "eh412586f5",
        "type": "Microsoft.EventHub/namespaces/eventhubs",
        "location": "eastus",
        "properties": {
          "retentionDescription": {
            "cleanupPolicy": "Delete",
            "retentionTimeInHours": 168
          },
          "messageRetentionInDays": 7,
          "partitionCount": 4,
          "status": "Active",
          "createdAt": "2024-07-11T05:47:57.927Z",
          "updatedAt": "2024-07-11T05:47:58.22Z",
          "partitionIds": [
            "0",
            "1",
            "2",
            "3"
          ]
        }
      }
    },
    {
      "RequestUri": "https://REDACTED/subscriptions/00000000-0000-0000-0000-000000000000/resourceGroups/javacsmrg70428/providers/Microsoft.EventHub/namespaces/ns33956d6a/eventhubs/eh412586f5/consumergroups/grp1?api-version=2024-01-01",
      "RequestMethod": "PUT",
      "RequestHeaders": {
        "Accept": "application/json",
        "Authorization": "Sanitized",
        "Content-Length": "17",
        "Content-Type": "application/json",
        "Date": "Thu, 11 Jul 2024 05:47:58 GMT",
        "User-Agent": "azsdk-java-com.azure.resourcemanager.eventhubs/2.41.0-beta.1 (17.0.7; Windows 11; 10.0)",
        "x-ms-client-request-id": "Sanitized",
        "x-ms-return-client-request-id": "true"
      },
      "RequestBody": {
        "properties": {}
      },
      "StatusCode": 200,
      "ResponseHeaders": {
        "Cache-Control": "no-cache",
        "Content-Length": "377",
        "Content-Type": "application/json; charset=utf-8",
        "Date": "Thu, 11 Jul 2024 05:48:00 GMT",
        "Expires": "-1",
        "Pragma": "no-cache",
        "Strict-Transport-Security": "max-age=31536000; includeSubDomains",
        "X-Cache": "CONFIG_NOCACHE",
        "X-Content-Type-Options": "nosniff",
        "x-ms-client-request-id": "Sanitized",
        "x-ms-correlation-request-id": "e2ceb825-6b8f-4c37-99c4-f2c38292d699",
        "x-ms-messaging-activity-id": "c18e91ad-563b-4d77-ad54-1952d21d5d4e",
        "x-ms-messaging-routing-id": "EASTUS|EASTUS|G11|2024-07-11T05:48:00",
        "x-ms-ratelimit-remaining-subscription-writes": "1197",
        "x-ms-request-id": "Sanitized",
        "x-ms-routing-request-id": "JAPANEAST:20240711T054800Z:e2ceb825-6b8f-4c37-99c4-f2c38292d699",
        "X-MSEdge-Ref": "Ref A: F370AE8AD72E4D0280D9C26615D56E38 Ref B: TYO201151006060 Ref C: 2024-07-11T05:47:58Z"
      },
      "ResponseBody": {
        "id": "/subscriptions/00000000-0000-0000-0000-000000000000/resourceGroups/javacsmrg70428/providers/Microsoft.EventHub/namespaces/ns33956d6a/eventhubs/eh412586f5/consumergroups/grp1",
        "name": "grp1",
        "type": "Microsoft.EventHub/namespaces/eventhubs/consumergroups",
        "location": "eastus",
        "properties": {
          "createdAt": "2024-07-11T05:48:00.19755Z",
          "updatedAt": "2024-07-11T05:48:00.19755Z"
        }
      }
    },
    {
      "RequestUri": "https://REDACTED/subscriptions/00000000-0000-0000-0000-000000000000/resourceGroups/javacsmrg70428/providers/Microsoft.EventHub/namespaces/ns33956d6a/eventhubs/eh412586f5/consumergroups/grp2?api-version=2024-01-01",
      "RequestMethod": "PUT",
      "RequestHeaders": {
        "Accept": "application/json",
        "Authorization": "Sanitized",
        "Content-Length": "45",
        "Content-Type": "application/json",
        "Date": "Thu, 11 Jul 2024 05:48:00 GMT",
        "User-Agent": "azsdk-java-com.azure.resourcemanager.eventhubs/2.41.0-beta.1 (17.0.7; Windows 11; 10.0)",
        "x-ms-client-request-id": "Sanitized",
        "x-ms-return-client-request-id": "true"
      },
      "RequestBody": {
        "properties": {
          "userMetadata": "metadata111"
        }
      },
      "StatusCode": 200,
      "ResponseHeaders": {
        "Cache-Control": "no-cache",
        "Content-Length": "410",
        "Content-Type": "application/json; charset=utf-8",
        "Date": "Thu, 11 Jul 2024 05:48:02 GMT",
        "Expires": "-1",
        "Pragma": "no-cache",
        "Strict-Transport-Security": "max-age=31536000; includeSubDomains",
        "X-Cache": "CONFIG_NOCACHE",
        "X-Content-Type-Options": "nosniff",
        "x-ms-client-request-id": "Sanitized",
        "x-ms-correlation-request-id": "a4bac75a-24d4-458c-846e-a288b9a79d1d",
        "x-ms-messaging-activity-id": "d1a77fc1-33a7-4cc4-88f5-c9c93d340d7c",
        "x-ms-messaging-routing-id": "EASTUS|EASTUS|G6|2024-07-11T05:48:02",
        "x-ms-ratelimit-remaining-subscription-writes": "1198",
        "x-ms-request-id": "Sanitized",
        "x-ms-routing-request-id": "JAPANEAST:20240711T054802Z:a4bac75a-24d4-458c-846e-a288b9a79d1d",
        "X-MSEdge-Ref": "Ref A: FD7EB072ECDF480C99123AF4EFFFCC8F Ref B: TYO201151006060 Ref C: 2024-07-11T05:48:00Z"
      },
      "ResponseBody": {
        "id": "/subscriptions/00000000-0000-0000-0000-000000000000/resourceGroups/javacsmrg70428/providers/Microsoft.EventHub/namespaces/ns33956d6a/eventhubs/eh412586f5/consumergroups/grp2",
        "name": "grp2",
        "type": "Microsoft.EventHub/namespaces/eventhubs/consumergroups",
        "location": "eastus",
        "properties": {
          "createdAt": "2024-07-11T05:48:02.6692151Z",
          "updatedAt": "2024-07-11T05:48:02.6692151Z",
          "userMetadata": "metadata111"
        }
      }
    },
    {
      "RequestUri": "https://REDACTED/subscriptions/00000000-0000-0000-0000-000000000000/resourceGroups/javacsmrg70428/providers/Microsoft.EventHub/namespaces/ns33956d6a/eventhubs/eh412586f5/consumergroups?api-version=2024-01-01",
      "RequestMethod": "GET",
      "RequestHeaders": {
        "Accept": "application/json",
        "Authorization": "Sanitized",
        "Content-Length": "0",
        "Content-Type": "application/json",
        "Date": "Thu, 11 Jul 2024 05:48:02 GMT",
        "User-Agent": "azsdk-java-com.azure.resourcemanager.eventhubs/2.41.0-beta.1 (17.0.7; Windows 11; 10.0)",
        "x-ms-client-request-id": "Sanitized",
        "x-ms-return-client-request-id": "true"
      },
      "RequestBody": null,
      "StatusCode": 200,
      "ResponseHeaders": {
        "Cache-Control": "no-cache",
        "Content-Length": "1170",
        "Content-Type": "application/json; charset=utf-8",
        "Date": "Thu, 11 Jul 2024 05:48:03 GMT",
        "Expires": "-1",
        "Pragma": "no-cache",
        "Strict-Transport-Security": "max-age=31536000; includeSubDomains",
        "X-Cache": "CONFIG_NOCACHE",
        "X-Content-Type-Options": "nosniff",
        "x-ms-client-request-id": "Sanitized",
        "x-ms-correlation-request-id": "cf759ec3-1523-468b-80cf-5eae8de70bda",
        "x-ms-inline-count": "",
        "x-ms-messaging-activity-id": "152c4e68-efcc-4f0f-8bb2-dbac175914f1",
        "x-ms-messaging-routing-id": "EASTUS|EASTUS|G5|2024-07-11T05:48:03",
        "x-ms-ratelimit-remaining-subscription-reads": "11997",
        "x-ms-request-id": "Sanitized",
        "x-ms-routing-request-id": "JAPANEAST:20240711T054803Z:cf759ec3-1523-468b-80cf-5eae8de70bda",
        "X-MSEdge-Ref": "Ref A: 6ACE56E2EE5E495B90E51BF1BD178C77 Ref B: TYO201151006060 Ref C: 2024-07-11T05:48:02Z"
      },
      "ResponseBody": {
        "value": [
          {
            "id": "/subscriptions/00000000-0000-0000-0000-000000000000/resourceGroups/javacsmrg70428/providers/Microsoft.EventHub/namespaces/ns33956d6a/eventhubs/eh412586f5/consumergroups/$Default",
            "name": "$Default",
            "type": "Microsoft.EventHub/namespaces/eventhubs/consumergroups",
            "location": "eastus",
            "properties": {
              "createdAt": "2024-07-11T05:47:57.958Z",
              "updatedAt": "2024-07-11T05:47:57.958Z"
            }
          },
          {
            "id": "/subscriptions/00000000-0000-0000-0000-000000000000/resourceGroups/javacsmrg70428/providers/Microsoft.EventHub/namespaces/ns33956d6a/eventhubs/eh412586f5/consumergroups/grp1",
            "name": "grp1",
            "type": "Microsoft.EventHub/namespaces/eventhubs/consumergroups",
            "location": "eastus",
            "properties": {
              "createdAt": "2024-07-11T05:48:00.208Z",
              "updatedAt": "2024-07-11T05:48:00.208Z"
            }
          },
          {
            "id": "/subscriptions/00000000-0000-0000-0000-000000000000/resourceGroups/javacsmrg70428/providers/Microsoft.EventHub/namespaces/ns33956d6a/eventhubs/eh412586f5/consumergroups/grp2",
            "name": "grp2",
            "type": "Microsoft.EventHub/namespaces/eventhubs/consumergroups",
            "location": "eastus",
            "properties": {
              "createdAt": "2024-07-11T05:48:02.692Z",
              "updatedAt": "2024-07-11T05:48:02.692Z",
              "userMetadata": "metadata111"
            }
          }
        ]
      }
    },
    {
      "RequestUri": "https://REDACTED/subscriptions/00000000-0000-0000-0000-000000000000/resourceGroups/javacsmrg70428/providers/Microsoft.EventHub/namespaces/ns33956d6a/eventhubs/eh412586f5/consumergroups?api-version=2024-01-01",
      "RequestMethod": "GET",
      "RequestHeaders": {
        "Accept": "application/json",
        "Authorization": "Sanitized",
        "Content-Length": "0",
        "Content-Type": "application/json",
        "Date": "Thu, 11 Jul 2024 05:48:03 GMT",
        "User-Agent": "azsdk-java-com.azure.resourcemanager.eventhubs/2.41.0-beta.1 (17.0.7; Windows 11; 10.0)",
        "x-ms-client-request-id": "Sanitized",
        "x-ms-return-client-request-id": "true"
      },
      "RequestBody": null,
      "StatusCode": 200,
      "ResponseHeaders": {
        "Cache-Control": "no-cache",
        "Content-Length": "1170",
        "Content-Type": "application/json; charset=utf-8",
        "Date": "Thu, 11 Jul 2024 05:48:04 GMT",
        "Expires": "-1",
        "Pragma": "no-cache",
        "Strict-Transport-Security": "max-age=31536000; includeSubDomains",
        "X-Cache": "CONFIG_NOCACHE",
        "X-Content-Type-Options": "nosniff",
        "x-ms-client-request-id": "Sanitized",
        "x-ms-correlation-request-id": "b12bed3a-39fc-485a-afd4-6e10f955f9d0",
        "x-ms-inline-count": "",
        "x-ms-messaging-activity-id": "4ed4a999-7809-451c-9169-c39f10c858f0",
        "x-ms-messaging-routing-id": "EASTUS|EASTUS|G9|2024-07-11T05:48:04",
        "x-ms-ratelimit-remaining-subscription-reads": "11999",
        "x-ms-request-id": "Sanitized",
        "x-ms-routing-request-id": "JAPANEAST:20240711T054804Z:b12bed3a-39fc-485a-afd4-6e10f955f9d0",
        "X-MSEdge-Ref": "Ref A: 5BF03998CDFB45EC81C987E539827718 Ref B: TYO201151006060 Ref C: 2024-07-11T05:48:03Z"
      },
      "ResponseBody": {
        "value": [
          {
            "id": "/subscriptions/00000000-0000-0000-0000-000000000000/resourceGroups/javacsmrg70428/providers/Microsoft.EventHub/namespaces/ns33956d6a/eventhubs/eh412586f5/consumergroups/$Default",
            "name": "$Default",
            "type": "Microsoft.EventHub/namespaces/eventhubs/consumergroups",
            "location": "eastus",
            "properties": {
              "createdAt": "2024-07-11T05:47:57.949Z",
              "updatedAt": "2024-07-11T05:47:57.949Z"
            }
          },
          {
            "id": "/subscriptions/00000000-0000-0000-0000-000000000000/resourceGroups/javacsmrg70428/providers/Microsoft.EventHub/namespaces/ns33956d6a/eventhubs/eh412586f5/consumergroups/grp1",
            "name": "grp1",
            "type": "Microsoft.EventHub/namespaces/eventhubs/consumergroups",
            "location": "eastus",
            "properties": {
              "createdAt": "2024-07-11T05:48:00.199Z",
              "updatedAt": "2024-07-11T05:48:00.199Z"
            }
          },
          {
            "id": "/subscriptions/00000000-0000-0000-0000-000000000000/resourceGroups/javacsmrg70428/providers/Microsoft.EventHub/namespaces/ns33956d6a/eventhubs/eh412586f5/consumergroups/grp2",
            "name": "grp2",
            "type": "Microsoft.EventHub/namespaces/eventhubs/consumergroups",
            "location": "eastus",
            "properties": {
              "createdAt": "2024-07-11T05:48:02.699Z",
              "updatedAt": "2024-07-11T05:48:02.699Z",
              "userMetadata": "metadata111"
            }
          }
        ]
      }
    },
    {
      "RequestUri": "https://REDACTED/subscriptions/00000000-0000-0000-0000-000000000000/resourceGroups/javacsmrg70428/providers/Microsoft.EventHub/namespaces/ns33956d6a/eventhubs/eh412586f5/consumergroups/grp3?api-version=2024-01-01",
      "RequestMethod": "PUT",
      "RequestHeaders": {
        "Accept": "application/json",
        "Authorization": "Sanitized",
        "Content-Length": "45",
        "Content-Type": "application/json",
        "Date": "Thu, 11 Jul 2024 05:48:04 GMT",
        "User-Agent": "azsdk-java-com.azure.resourcemanager.eventhubs/2.41.0-beta.1 (17.0.7; Windows 11; 10.0)",
        "x-ms-client-request-id": "Sanitized",
        "x-ms-return-client-request-id": "true"
      },
      "RequestBody": {
        "properties": {
          "userMetadata": "metadata222"
        }
      },
      "StatusCode": 200,
      "ResponseHeaders": {
        "Cache-Control": "no-cache",
        "Content-Length": "410",
        "Content-Type": "application/json; charset=utf-8",
        "Date": "Thu, 11 Jul 2024 05:48:07 GMT",
        "Expires": "-1",
        "Pragma": "no-cache",
        "Strict-Transport-Security": "max-age=31536000; includeSubDomains",
        "X-Cache": "CONFIG_NOCACHE",
        "X-Content-Type-Options": "nosniff",
        "x-ms-client-request-id": "Sanitized",
        "x-ms-correlation-request-id": "6d912a0c-f301-4da3-a102-b02b26e83cdf",
        "x-ms-messaging-activity-id": "3f5c9840-21a4-49ba-a48a-8bb53d6dba95",
        "x-ms-messaging-routing-id": "EASTUS|EASTUS|G12|2024-07-11T05:48:07",
        "x-ms-ratelimit-remaining-subscription-writes": "1199",
        "x-ms-request-id": "Sanitized",
        "x-ms-routing-request-id": "JAPANEAST:20240711T054807Z:6d912a0c-f301-4da3-a102-b02b26e83cdf",
        "X-MSEdge-Ref": "Ref A: 35D2D5F39D4C4021B3CDC374AFE9F0B9 Ref B: TYO201151006060 Ref C: 2024-07-11T05:48:05Z"
      },
      "ResponseBody": {
        "id": "/subscriptions/00000000-0000-0000-0000-000000000000/resourceGroups/javacsmrg70428/providers/Microsoft.EventHub/namespaces/ns33956d6a/eventhubs/eh412586f5/consumergroups/grp3",
        "name": "grp3",
        "type": "Microsoft.EventHub/namespaces/eventhubs/consumergroups",
        "location": "eastus",
        "properties": {
          "createdAt": "2024-07-11T05:48:07.1382518Z",
          "updatedAt": "2024-07-11T05:48:07.1382518Z",
          "userMetadata": "metadata222"
        }
      }
    },
    {
      "RequestUri": "https://REDACTED/subscriptions/00000000-0000-0000-0000-000000000000/resourceGroups/javacsmrg70428/providers/Microsoft.EventHub/namespaces/ns33956d6a/eventhubs/eh412586f5/consumergroups?api-version=2024-01-01",
      "RequestMethod": "GET",
      "RequestHeaders": {
        "Accept": "application/json",
        "Authorization": "Sanitized",
        "Content-Length": "0",
        "Content-Type": "application/json",
        "Date": "Thu, 11 Jul 2024 05:48:07 GMT",
        "User-Agent": "azsdk-java-com.azure.resourcemanager.eventhubs/2.41.0-beta.1 (17.0.7; Windows 11; 10.0)",
        "x-ms-client-request-id": "Sanitized",
        "x-ms-return-client-request-id": "true"
      },
      "RequestBody": null,
      "StatusCode": 200,
      "ResponseHeaders": {
        "Cache-Control": "no-cache",
        "Content-Length": "1573",
        "Content-Type": "application/json; charset=utf-8",
        "Date": "Thu, 11 Jul 2024 05:48:07 GMT",
        "Expires": "-1",
        "Pragma": "no-cache",
        "Strict-Transport-Security": "max-age=31536000; includeSubDomains",
        "X-Cache": "CONFIG_NOCACHE",
        "X-Content-Type-Options": "nosniff",
        "x-ms-client-request-id": "Sanitized",
        "x-ms-correlation-request-id": "c76c65bf-3395-4f44-95f4-e0505dc21766",
        "x-ms-inline-count": "",
        "x-ms-messaging-activity-id": "8e3a9028-66dc-493a-b3ae-17ff9fb7168e",
        "x-ms-messaging-routing-id": "EASTUS|EASTUS|G12|2024-07-11T05:48:07",
        "x-ms-ratelimit-remaining-subscription-reads": "11999",
        "x-ms-request-id": "Sanitized",
        "x-ms-routing-request-id": "JAPANEAST:20240711T054807Z:c76c65bf-3395-4f44-95f4-e0505dc21766",
        "X-MSEdge-Ref": "Ref A: A3604771CD334F6090D481885FE522CE Ref B: TYO201151006060 Ref C: 2024-07-11T05:48:07Z"
      },
      "ResponseBody": {
        "value": [
          {
            "id": "/subscriptions/00000000-0000-0000-0000-000000000000/resourceGroups/javacsmrg70428/providers/Microsoft.EventHub/namespaces/ns33956d6a/eventhubs/eh412586f5/consumergroups/$Default",
            "name": "$Default",
            "type": "Microsoft.EventHub/namespaces/eventhubs/consumergroups",
            "location": "eastus",
            "properties": {
              "createdAt": "2024-07-11T05:47:57.955Z",
              "updatedAt": "2024-07-11T05:47:57.955Z"
            }
          },
          {
            "id": "/subscriptions/00000000-0000-0000-0000-000000000000/resourceGroups/javacsmrg70428/providers/Microsoft.EventHub/namespaces/ns33956d6a/eventhubs/eh412586f5/consumergroups/grp1",
            "name": "grp1",
            "type": "Microsoft.EventHub/namespaces/eventhubs/consumergroups",
            "location": "eastus",
            "properties": {
              "createdAt": "2024-07-11T05:48:00.205Z",
              "updatedAt": "2024-07-11T05:48:00.205Z"
            }
          },
          {
            "id": "/subscriptions/00000000-0000-0000-0000-000000000000/resourceGroups/javacsmrg70428/providers/Microsoft.EventHub/namespaces/ns33956d6a/eventhubs/eh412586f5/consumergroups/grp2",
            "name": "grp2",
            "type": "Microsoft.EventHub/namespaces/eventhubs/consumergroups",
            "location": "eastus",
            "properties": {
              "createdAt": "2024-07-11T05:48:02.689Z",
              "updatedAt": "2024-07-11T05:48:02.689Z",
              "userMetadata": "metadata111"
            }
          },
          {
            "id": "/subscriptions/00000000-0000-0000-0000-000000000000/resourceGroups/javacsmrg70428/providers/Microsoft.EventHub/namespaces/ns33956d6a/eventhubs/eh412586f5/consumergroups/grp3",
            "name": "grp3",
            "type": "Microsoft.EventHub/namespaces/eventhubs/consumergroups",
            "location": "eastus",
            "properties": {
              "createdAt": "2024-07-11T05:48:07.158Z",
              "updatedAt": "2024-07-11T05:48:07.158Z",
              "userMetadata": "metadata222"
            }
          }
        ]
      }
    },
    {
      "RequestUri": "https://REDACTED/subscriptions/00000000-0000-0000-0000-000000000000/resourcegroups/javacsmrg70428?api-version=2024-03-01",
      "RequestMethod": "DELETE",
      "RequestHeaders": {
        "Accept": "application/json",
        "Authorization": "Sanitized",
        "Content-Length": "0",
        "Content-Type": "application/json",
        "Date": "Thu, 11 Jul 2024 05:48:07 GMT",
        "User-Agent": "azsdk-java-com.azure.resourcemanager.resources/2.41.0-beta.1 (17.0.7; Windows 11; 10.0)",
        "x-ms-client-request-id": "Sanitized",
        "x-ms-return-client-request-id": "true"
      },
      "RequestBody": null,
      "StatusCode": 202,
      "ResponseHeaders": {
        "Cache-Control": "no-cache",
        "Content-Length": "0",
        "Date": "Thu, 11 Jul 2024 05:48:11 GMT",
        "Expires": "-1",
        "Location": "https://REDACTED.azure.com/subscriptions/2cd617ea-1866-46b1-90e3-fffb087ebf9b/operationresults/eyJqb2JJZCI6IlJFU09VUkNFR1JPVVBERUxFVElPTkpPQi1KQVZBQ1NNUkc3MDQyOC1FQVNUVVMiLCJqb2JMb2NhdGlvbiI6ImVhc3R1cyJ9?api-version=2024-03-01&t=638562736916639656&c=MIIHhzCCBm-gAwIBAgITHgTLf2Bo2ctQx42TXQAABMt_YDANBgkqhkiG9w0BAQsFADBEMRMwEQYKCZImiZPyLGQBGRYDR0JMMRMwEQYKCZImiZPyLGQBGRYDQU1FMRgwFgYDVQQDEw9BTUUgSW5mcmEgQ0EgMDYwHhcNMjQwNjI0MTExMDUyWhcNMjUwNjE5MTExMDUyWjBAMT4wPAYDVQQDEzVhc3luY29wZXJhdGlvbnNpZ25pbmdjZXJ0aWZpY2F0ZS5tYW5hZ2VtZW50LmF6dXJlLmNvbTCCASIwDQYJKoZIhvcNAQEBBQADggEPADCCAQoCggEBAJlnrj2pdevN1SIOk4Ymmo6b0y9Je4RZXWejQSMTCH35NFEHss9bBD2CGcY3xU4F2W7onMR_2J9BMUNk3BAub3AoLlqVrcx5dzI0ay_5toyOhu-L1pN7aSQdp7J-LzA-UW_CLp2D_65mjx1ZER-HWOV5QedBCvUwhqtSal8AbzrK5Qth8tntkg5tzjChuGo9vkh1pnXKQyYHQMdulCipi-EK8sPOQpZyiVIRujiHxTJMjdxz4gCG4rAFAK8_jK4UC73mwHm7BAlfbfkkZtxW5sVSGLrYwFPkNIDtNGoINbTjOqTmJR02AYrzu-AeRS1DP-HxtHci9UFjOurKjaUYhTUCAwEAAaOCBHQwggRwMCcGCSsGAQQBgjcVCgQaMBgwCgYIKwYBBQUHAwEwCgYIKwYBBQUHAwIwPQYJKwYBBAGCNxUHBDAwLgYmKwYBBAGCNxUIhpDjDYTVtHiE8Ys-hZvdFs6dEoFggvX2K4Py0SACAWQCAQowggHLBggrBgEFBQcBAQSCAb0wggG5MGMGCCsGAQUFBzAChldodHRwOi8vY3JsLm1pY3Jvc29mdC5jb20vcGtpaW5mcmEvQ2VydHMvQkwyUEtJSU5UQ0EwMi5BTUUuR0JMX0FNRSUyMEluZnJhJTIwQ0ElMjAwNi5jcnQwUwYIKwYBBQUHMAKGR2h0dHA6Ly9jcmwxLmFtZS5nYmwvYWlhL0JMMlBLSUlOVENBMDIuQU1FLkdCTF9BTUUlMjBJbmZyYSUyMENBJTIwMDYuY3J0MFMGCCsGAQUFBzAChkdodHRwOi8vY3JsMi5hbWUuZ2JsL2FpYS9CTDJQS0lJTlRDQTAyLkFNRS5HQkxfQU1FJTIwSW5mcmElMjBDQSUyMDA2LmNydDBTBggrBgEFBQcwAoZHaHR0cDovL2NybDMuYW1lLmdibC9haWEvQkwyUEtJSU5UQ0EwMi5BTUUuR0JMX0FNRSUyMEluZnJhJTIwQ0ElMjAwNi5jcnQwUwYIKwYBBQUHMAKGR2h0dHA6Ly9jcmw0LmFtZS5nYmwvYWlhL0JMMlBLSUlOVENBMDIuQU1FLkdCTF9BTUUlMjBJbmZyYSUyMENBJTIwMDYuY3J0MB0GA1UdDgQWBBTxZpd7aM59MC90B8etCBMRpcVJhTAOBgNVHQ8BAf8EBAMCBaAwggEmBgNVHR8EggEdMIIBGTCCARWgggERoIIBDYY_aHR0cDovL2NybC5taWNyb3NvZnQuY29tL3BraWluZnJhL0NSTC9BTUUlMjBJbmZyYSUyMENBJTIwMDYuY3JshjFodHRwOi8vY3JsMS5hbWUuZ2JsL2NybC9BTUUlMjBJbmZyYSUyMENBJTIwMDYuY3JshjFodHRwOi8vY3JsMi5hbWUuZ2JsL2NybC9BTUUlMjBJbmZyYSUyMENBJTIwMDYuY3JshjFodHRwOi8vY3JsMy5hbWUuZ2JsL2NybC9BTUUlMjBJbmZyYSUyMENBJTIwMDYuY3JshjFodHRwOi8vY3JsNC5hbWUuZ2JsL2NybC9BTUUlMjBJbmZyYSUyMENBJTIwMDYuY3JsMIGdBgNVHSAEgZUwgZIwDAYKKwYBBAGCN3sBATBmBgorBgEEAYI3ewICMFgwVgYIKwYBBQUHAgIwSh5IADMAMwBlADAAMQA5ADIAMQAtADQAZAA2ADQALQA0AGYAOABjAC0AYQAwADUANQAtADUAYgBkAGEAZgBmAGQANQBlADMAMwBkMAwGCisGAQQBgjd7AwEwDAYKKwYBBAGCN3sEATAfBgNVHSMEGDAWgBTxRmjG8cPwKy19i2rhsvm-NfzRQTAdBgNVHSUEFjAUBggrBgEFBQcDAQYIKwYBBQUHAwIwDQYJKoZIhvcNAQELBQADggEBAHAEnYrjKwIEeZD6k6Jnduw9QE83ye3e6yI36Y6jc5gavwpltarWjUevLWA6bzqnIMEbxZot_oo7GgSjb9hcbtTWjf_cW7PWDbQSC5WExVS4rTM5XJOQlXIeguIDWoXNGCzJBnYfUfUEfW8ZdjPKbJ7_7OQo_y-DgeRynB9KRCkpH4wZ1X5EQR-13kZvzXCVNpw1yiAELFyVScpLMqfm5iM9nMEMU7Og9hgeUL4q7EwPPbvn6qRq4ehK7ctlmEItOmMlgtNqT3IRhFnMIIsqnZu7BTfLyXR_8geMDnVJlhUXkb73ZpHNIBaoXmHwLpUQLBwoqG0ME1rP1_9UfVhYmNs&s=C_FGEagCmcO1YeOwYhNp5eo-ekAIwQCcOYtdU7RGIGsQ4NaoIiiOAxUEU6KaQGqY4UT0PDjL7DQyqrEliMiNBiVQCNjmbHgZv0VsOfQ1L6mrgx1ELj0eRHk7hF3KTP5Swc3MbO5uL5uGoeV0DfjKHaJUFJgf74CUETAvkBzm6tGMhF6L-6eI0dnPBoe-gpQuKKoJCIQlnhmIkbUEfotMhmOYL68PWGyOPc57WQFpJteqPxi-kAKtm3CdeNCfW-Z_nlXZcJ6-ICQrUjltgOOMHvy_UWVOE9Gtvm9_6S6lcU1IE7AzXI6-9aBc7kbbncAc0Co8NIlWWgg7mtu0i4Ti1g&h=ROYzO2Qibm_ex4EUJieXMTJoAhYXTEplf5R0FuTWPaU",
        "Pragma": "no-cache",
        "Retry-After": "0",
        "Strict-Transport-Security": "max-age=31536000; includeSubDomains",
        "X-Cache": "CONFIG_NOCACHE",
        "X-Content-Type-Options": "nosniff",
        "x-ms-correlation-request-id": "8d431b7d-101e-4027-847d-65454252c06c",
        "x-ms-ratelimit-remaining-subscription-deletes": "14999",
        "x-ms-request-id": "Sanitized",
        "x-ms-routing-request-id": "JAPANEAST:20240711T054811Z:8d431b7d-101e-4027-847d-65454252c06c",
        "X-MSEdge-Ref": "Ref A: 3D03BC67955449399376E743097A93BE Ref B: TYO201151006060 Ref C: 2024-07-11T05:48:07Z"
      },
      "ResponseBody": null
    },
    {
      "RequestUri": "https://REDACTED/subscriptions/00000000-0000-0000-0000-000000000000/operationresults/eyJqb2JJZCI6IlJFU09VUkNFR1JPVVBERUxFVElPTkpPQi1KQVZBQ1NNUkc3MDQyOC1FQVNUVVMiLCJqb2JMb2NhdGlvbiI6ImVhc3R1cyJ9?api-version=2024-03-01&t=638562736916639656&c=MIIHhzCCBm-gAwIBAgITHgTLf2Bo2ctQx42TXQAABMt_YDANBgkqhkiG9w0BAQsFADBEMRMwEQYKCZImiZPyLGQBGRYDR0JMMRMwEQYKCZImiZPyLGQBGRYDQU1FMRgwFgYDVQQDEw9BTUUgSW5mcmEgQ0EgMDYwHhcNMjQwNjI0MTExMDUyWhcNMjUwNjE5MTExMDUyWjBAMT4wPAYDVQQDEzVhc3luY29wZXJhdGlvbnNpZ25pbmdjZXJ0aWZpY2F0ZS5tYW5hZ2VtZW50LmF6dXJlLmNvbTCCASIwDQYJKoZIhvcNAQEBBQADggEPADCCAQoCggEBAJlnrj2pdevN1SIOk4Ymmo6b0y9Je4RZXWejQSMTCH35NFEHss9bBD2CGcY3xU4F2W7onMR_2J9BMUNk3BAub3AoLlqVrcx5dzI0ay_5toyOhu-L1pN7aSQdp7J-LzA-UW_CLp2D_65mjx1ZER-HWOV5QedBCvUwhqtSal8AbzrK5Qth8tntkg5tzjChuGo9vkh1pnXKQyYHQMdulCipi-EK8sPOQpZyiVIRujiHxTJMjdxz4gCG4rAFAK8_jK4UC73mwHm7BAlfbfkkZtxW5sVSGLrYwFPkNIDtNGoINbTjOqTmJR02AYrzu-AeRS1DP-HxtHci9UFjOurKjaUYhTUCAwEAAaOCBHQwggRwMCcGCSsGAQQBgjcVCgQaMBgwCgYIKwYBBQUHAwEwCgYIKwYBBQUHAwIwPQYJKwYBBAGCNxUHBDAwLgYmKwYBBAGCNxUIhpDjDYTVtHiE8Ys-hZvdFs6dEoFggvX2K4Py0SACAWQCAQowggHLBggrBgEFBQcBAQSCAb0wggG5MGMGCCsGAQUFBzAChldodHRwOi8vY3JsLm1pY3Jvc29mdC5jb20vcGtpaW5mcmEvQ2VydHMvQkwyUEtJSU5UQ0EwMi5BTUUuR0JMX0FNRSUyMEluZnJhJTIwQ0ElMjAwNi5jcnQwUwYIKwYBBQUHMAKGR2h0dHA6Ly9jcmwxLmFtZS5nYmwvYWlhL0JMMlBLSUlOVENBMDIuQU1FLkdCTF9BTUUlMjBJbmZyYSUyMENBJTIwMDYuY3J0MFMGCCsGAQUFBzAChkdodHRwOi8vY3JsMi5hbWUuZ2JsL2FpYS9CTDJQS0lJTlRDQTAyLkFNRS5HQkxfQU1FJTIwSW5mcmElMjBDQSUyMDA2LmNydDBTBggrBgEFBQcwAoZHaHR0cDovL2NybDMuYW1lLmdibC9haWEvQkwyUEtJSU5UQ0EwMi5BTUUuR0JMX0FNRSUyMEluZnJhJTIwQ0ElMjAwNi5jcnQwUwYIKwYBBQUHMAKGR2h0dHA6Ly9jcmw0LmFtZS5nYmwvYWlhL0JMMlBLSUlOVENBMDIuQU1FLkdCTF9BTUUlMjBJbmZyYSUyMENBJTIwMDYuY3J0MB0GA1UdDgQWBBTxZpd7aM59MC90B8etCBMRpcVJhTAOBgNVHQ8BAf8EBAMCBaAwggEmBgNVHR8EggEdMIIBGTCCARWgggERoIIBDYY_aHR0cDovL2NybC5taWNyb3NvZnQuY29tL3BraWluZnJhL0NSTC9BTUUlMjBJbmZyYSUyMENBJTIwMDYuY3JshjFodHRwOi8vY3JsMS5hbWUuZ2JsL2NybC9BTUUlMjBJbmZyYSUyMENBJTIwMDYuY3JshjFodHRwOi8vY3JsMi5hbWUuZ2JsL2NybC9BTUUlMjBJbmZyYSUyMENBJTIwMDYuY3JshjFodHRwOi8vY3JsMy5hbWUuZ2JsL2NybC9BTUUlMjBJbmZyYSUyMENBJTIwMDYuY3JshjFodHRwOi8vY3JsNC5hbWUuZ2JsL2NybC9BTUUlMjBJbmZyYSUyMENBJTIwMDYuY3JsMIGdBgNVHSAEgZUwgZIwDAYKKwYBBAGCN3sBATBmBgorBgEEAYI3ewICMFgwVgYIKwYBBQUHAgIwSh5IADMAMwBlADAAMQA5ADIAMQAtADQAZAA2ADQALQA0AGYAOABjAC0AYQAwADUANQAtADUAYgBkAGEAZgBmAGQANQBlADMAMwBkMAwGCisGAQQBgjd7AwEwDAYKKwYBBAGCN3sEATAfBgNVHSMEGDAWgBTxRmjG8cPwKy19i2rhsvm-NfzRQTAdBgNVHSUEFjAUBggrBgEFBQcDAQYIKwYBBQUHAwIwDQYJKoZIhvcNAQELBQADggEBAHAEnYrjKwIEeZD6k6Jnduw9QE83ye3e6yI36Y6jc5gavwpltarWjUevLWA6bzqnIMEbxZot_oo7GgSjb9hcbtTWjf_cW7PWDbQSC5WExVS4rTM5XJOQlXIeguIDWoXNGCzJBnYfUfUEfW8ZdjPKbJ7_7OQo_y-DgeRynB9KRCkpH4wZ1X5EQR-13kZvzXCVNpw1yiAELFyVScpLMqfm5iM9nMEMU7Og9hgeUL4q7EwPPbvn6qRq4ehK7ctlmEItOmMlgtNqT3IRhFnMIIsqnZu7BTfLyXR_8geMDnVJlhUXkb73ZpHNIBaoXmHwLpUQLBwoqG0ME1rP1_9UfVhYmNs&s=C_FGEagCmcO1YeOwYhNp5eo-ekAIwQCcOYtdU7RGIGsQ4NaoIiiOAxUEU6KaQGqY4UT0PDjL7DQyqrEliMiNBiVQCNjmbHgZv0VsOfQ1L6mrgx1ELj0eRHk7hF3KTP5Swc3MbO5uL5uGoeV0DfjKHaJUFJgf74CUETAvkBzm6tGMhF6L-6eI0dnPBoe-gpQuKKoJCIQlnhmIkbUEfotMhmOYL68PWGyOPc57WQFpJteqPxi-kAKtm3CdeNCfW-Z_nlXZcJ6-ICQrUjltgOOMHvy_UWVOE9Gtvm9_6S6lcU1IE7AzXI6-9aBc7kbbncAc0Co8NIlWWgg7mtu0i4Ti1g&h=ROYzO2Qibm_ex4EUJieXMTJoAhYXTEplf5R0FuTWPaU",
      "RequestMethod": "GET",
      "RequestHeaders": {
        "Accept": "application/json",
        "Authorization": "Sanitized",
        "Date": "Thu, 11 Jul 2024 05:48:26 GMT",
        "User-Agent": "azsdk-java-com.azure.resourcemanager.resources/2.41.0-beta.1 (17.0.7; Windows 11; 10.0)",
        "x-ms-client-request-id": "Sanitized",
        "x-ms-return-client-request-id": "true"
      },
      "RequestBody": null,
      "StatusCode": 202,
      "ResponseHeaders": {
        "Cache-Control": "no-cache",
        "Content-Length": "0",
        "Date": "Thu, 11 Jul 2024 05:48:27 GMT",
        "Expires": "-1",
        "Location": "https://REDACTED.azure.com/subscriptions/2cd617ea-1866-46b1-90e3-fffb087ebf9b/operationresults/eyJqb2JJZCI6IlJFU09VUkNFR1JPVVBERUxFVElPTkpPQi1KQVZBQ1NNUkc3MDQyOC1FQVNUVVMiLCJqb2JMb2NhdGlvbiI6ImVhc3R1cyJ9?api-version=2024-03-01&t=638562737074839345&c=MIIHhzCCBm-gAwIBAgITHgTLf2Bo2ctQx42TXQAABMt_YDANBgkqhkiG9w0BAQsFADBEMRMwEQYKCZImiZPyLGQBGRYDR0JMMRMwEQYKCZImiZPyLGQBGRYDQU1FMRgwFgYDVQQDEw9BTUUgSW5mcmEgQ0EgMDYwHhcNMjQwNjI0MTExMDUyWhcNMjUwNjE5MTExMDUyWjBAMT4wPAYDVQQDEzVhc3luY29wZXJhdGlvbnNpZ25pbmdjZXJ0aWZpY2F0ZS5tYW5hZ2VtZW50LmF6dXJlLmNvbTCCASIwDQYJKoZIhvcNAQEBBQADggEPADCCAQoCggEBAJlnrj2pdevN1SIOk4Ymmo6b0y9Je4RZXWejQSMTCH35NFEHss9bBD2CGcY3xU4F2W7onMR_2J9BMUNk3BAub3AoLlqVrcx5dzI0ay_5toyOhu-L1pN7aSQdp7J-LzA-UW_CLp2D_65mjx1ZER-HWOV5QedBCvUwhqtSal8AbzrK5Qth8tntkg5tzjChuGo9vkh1pnXKQyYHQMdulCipi-EK8sPOQpZyiVIRujiHxTJMjdxz4gCG4rAFAK8_jK4UC73mwHm7BAlfbfkkZtxW5sVSGLrYwFPkNIDtNGoINbTjOqTmJR02AYrzu-AeRS1DP-HxtHci9UFjOurKjaUYhTUCAwEAAaOCBHQwggRwMCcGCSsGAQQBgjcVCgQaMBgwCgYIKwYBBQUHAwEwCgYIKwYBBQUHAwIwPQYJKwYBBAGCNxUHBDAwLgYmKwYBBAGCNxUIhpDjDYTVtHiE8Ys-hZvdFs6dEoFggvX2K4Py0SACAWQCAQowggHLBggrBgEFBQcBAQSCAb0wggG5MGMGCCsGAQUFBzAChldodHRwOi8vY3JsLm1pY3Jvc29mdC5jb20vcGtpaW5mcmEvQ2VydHMvQkwyUEtJSU5UQ0EwMi5BTUUuR0JMX0FNRSUyMEluZnJhJTIwQ0ElMjAwNi5jcnQwUwYIKwYBBQUHMAKGR2h0dHA6Ly9jcmwxLmFtZS5nYmwvYWlhL0JMMlBLSUlOVENBMDIuQU1FLkdCTF9BTUUlMjBJbmZyYSUyMENBJTIwMDYuY3J0MFMGCCsGAQUFBzAChkdodHRwOi8vY3JsMi5hbWUuZ2JsL2FpYS9CTDJQS0lJTlRDQTAyLkFNRS5HQkxfQU1FJTIwSW5mcmElMjBDQSUyMDA2LmNydDBTBggrBgEFBQcwAoZHaHR0cDovL2NybDMuYW1lLmdibC9haWEvQkwyUEtJSU5UQ0EwMi5BTUUuR0JMX0FNRSUyMEluZnJhJTIwQ0ElMjAwNi5jcnQwUwYIKwYBBQUHMAKGR2h0dHA6Ly9jcmw0LmFtZS5nYmwvYWlhL0JMMlBLSUlOVENBMDIuQU1FLkdCTF9BTUUlMjBJbmZyYSUyMENBJTIwMDYuY3J0MB0GA1UdDgQWBBTxZpd7aM59MC90B8etCBMRpcVJhTAOBgNVHQ8BAf8EBAMCBaAwggEmBgNVHR8EggEdMIIBGTCCARWgggERoIIBDYY_aHR0cDovL2NybC5taWNyb3NvZnQuY29tL3BraWluZnJhL0NSTC9BTUUlMjBJbmZyYSUyMENBJTIwMDYuY3JshjFodHRwOi8vY3JsMS5hbWUuZ2JsL2NybC9BTUUlMjBJbmZyYSUyMENBJTIwMDYuY3JshjFodHRwOi8vY3JsMi5hbWUuZ2JsL2NybC9BTUUlMjBJbmZyYSUyMENBJTIwMDYuY3JshjFodHRwOi8vY3JsMy5hbWUuZ2JsL2NybC9BTUUlMjBJbmZyYSUyMENBJTIwMDYuY3JshjFodHRwOi8vY3JsNC5hbWUuZ2JsL2NybC9BTUUlMjBJbmZyYSUyMENBJTIwMDYuY3JsMIGdBgNVHSAEgZUwgZIwDAYKKwYBBAGCN3sBATBmBgorBgEEAYI3ewICMFgwVgYIKwYBBQUHAgIwSh5IADMAMwBlADAAMQA5ADIAMQAtADQAZAA2ADQALQA0AGYAOABjAC0AYQAwADUANQAtADUAYgBkAGEAZgBmAGQANQBlADMAMwBkMAwGCisGAQQBgjd7AwEwDAYKKwYBBAGCN3sEATAfBgNVHSMEGDAWgBTxRmjG8cPwKy19i2rhsvm-NfzRQTAdBgNVHSUEFjAUBggrBgEFBQcDAQYIKwYBBQUHAwIwDQYJKoZIhvcNAQELBQADggEBAHAEnYrjKwIEeZD6k6Jnduw9QE83ye3e6yI36Y6jc5gavwpltarWjUevLWA6bzqnIMEbxZot_oo7GgSjb9hcbtTWjf_cW7PWDbQSC5WExVS4rTM5XJOQlXIeguIDWoXNGCzJBnYfUfUEfW8ZdjPKbJ7_7OQo_y-DgeRynB9KRCkpH4wZ1X5EQR-13kZvzXCVNpw1yiAELFyVScpLMqfm5iM9nMEMU7Og9hgeUL4q7EwPPbvn6qRq4ehK7ctlmEItOmMlgtNqT3IRhFnMIIsqnZu7BTfLyXR_8geMDnVJlhUXkb73ZpHNIBaoXmHwLpUQLBwoqG0ME1rP1_9UfVhYmNs&s=bxHWZ9pp73Naw5W6mJa2jkFVTpYjcI0hUkZG0aI-viTojHGhitFi-PfayaxfGpb_Yg6K9XwXpTjnFg0-bZZdQGVElgD6LyA6DTtghAc4iFtBijgSHtHbP5KELmKf23nYgB3Vx09-pUPBgzzBgY3ucsqI07TzbLO6x7-sixKsO9pxDa38K1ynwJTJzyyHpDY9fx8Lh8E5k7M6_xlhUUtqHsIIDWcE6llAgBifzC1UB-BtPls9MRwutqucjmzbFSS1gfcyr0qhUHL-8_FLnT0Mky-jWQCrTQ5ei30TW4FnDya5iavuuj9K5uy4aEJyriSQGjlRWqFb1J5xDmBsRM2vgQ&h=922-lLBDWcJbrAvlbEdVKZ4MPtdhwLDulWR1gxdCvNI",
        "Pragma": "no-cache",
        "Retry-After": "0",
        "Strict-Transport-Security": "max-age=31536000; includeSubDomains",
        "X-Cache": "CONFIG_NOCACHE",
        "X-Content-Type-Options": "nosniff",
        "x-ms-correlation-request-id": "1d65852b-f3c4-480a-bd99-bb5e84921155",
        "x-ms-ratelimit-remaining-subscription-reads": "11999",
        "x-ms-request-id": "Sanitized",
        "x-ms-routing-request-id": "JAPANEAST:20240711T054827Z:1d65852b-f3c4-480a-bd99-bb5e84921155",
        "X-MSEdge-Ref": "Ref A: 07064DF0432D4934BBC92C028857CB1E Ref B: TYO201151006060 Ref C: 2024-07-11T05:48:26Z"
      },
      "ResponseBody": null
    },
    {
      "RequestUri": "https://REDACTED/subscriptions/00000000-0000-0000-0000-000000000000/operationresults/eyJqb2JJZCI6IlJFU09VUkNFR1JPVVBERUxFVElPTkpPQi1KQVZBQ1NNUkc3MDQyOC1FQVNUVVMiLCJqb2JMb2NhdGlvbiI6ImVhc3R1cyJ9?api-version=2024-03-01&t=638562737074839345&c=MIIHhzCCBm-gAwIBAgITHgTLf2Bo2ctQx42TXQAABMt_YDANBgkqhkiG9w0BAQsFADBEMRMwEQYKCZImiZPyLGQBGRYDR0JMMRMwEQYKCZImiZPyLGQBGRYDQU1FMRgwFgYDVQQDEw9BTUUgSW5mcmEgQ0EgMDYwHhcNMjQwNjI0MTExMDUyWhcNMjUwNjE5MTExMDUyWjBAMT4wPAYDVQQDEzVhc3luY29wZXJhdGlvbnNpZ25pbmdjZXJ0aWZpY2F0ZS5tYW5hZ2VtZW50LmF6dXJlLmNvbTCCASIwDQYJKoZIhvcNAQEBBQADggEPADCCAQoCggEBAJlnrj2pdevN1SIOk4Ymmo6b0y9Je4RZXWejQSMTCH35NFEHss9bBD2CGcY3xU4F2W7onMR_2J9BMUNk3BAub3AoLlqVrcx5dzI0ay_5toyOhu-L1pN7aSQdp7J-LzA-UW_CLp2D_65mjx1ZER-HWOV5QedBCvUwhqtSal8AbzrK5Qth8tntkg5tzjChuGo9vkh1pnXKQyYHQMdulCipi-EK8sPOQpZyiVIRujiHxTJMjdxz4gCG4rAFAK8_jK4UC73mwHm7BAlfbfkkZtxW5sVSGLrYwFPkNIDtNGoINbTjOqTmJR02AYrzu-AeRS1DP-HxtHci9UFjOurKjaUYhTUCAwEAAaOCBHQwggRwMCcGCSsGAQQBgjcVCgQaMBgwCgYIKwYBBQUHAwEwCgYIKwYBBQUHAwIwPQYJKwYBBAGCNxUHBDAwLgYmKwYBBAGCNxUIhpDjDYTVtHiE8Ys-hZvdFs6dEoFggvX2K4Py0SACAWQCAQowggHLBggrBgEFBQcBAQSCAb0wggG5MGMGCCsGAQUFBzAChldodHRwOi8vY3JsLm1pY3Jvc29mdC5jb20vcGtpaW5mcmEvQ2VydHMvQkwyUEtJSU5UQ0EwMi5BTUUuR0JMX0FNRSUyMEluZnJhJTIwQ0ElMjAwNi5jcnQwUwYIKwYBBQUHMAKGR2h0dHA6Ly9jcmwxLmFtZS5nYmwvYWlhL0JMMlBLSUlOVENBMDIuQU1FLkdCTF9BTUUlMjBJbmZyYSUyMENBJTIwMDYuY3J0MFMGCCsGAQUFBzAChkdodHRwOi8vY3JsMi5hbWUuZ2JsL2FpYS9CTDJQS0lJTlRDQTAyLkFNRS5HQkxfQU1FJTIwSW5mcmElMjBDQSUyMDA2LmNydDBTBggrBgEFBQcwAoZHaHR0cDovL2NybDMuYW1lLmdibC9haWEvQkwyUEtJSU5UQ0EwMi5BTUUuR0JMX0FNRSUyMEluZnJhJTIwQ0ElMjAwNi5jcnQwUwYIKwYBBQUHMAKGR2h0dHA6Ly9jcmw0LmFtZS5nYmwvYWlhL0JMMlBLSUlOVENBMDIuQU1FLkdCTF9BTUUlMjBJbmZyYSUyMENBJTIwMDYuY3J0MB0GA1UdDgQWBBTxZpd7aM59MC90B8etCBMRpcVJhTAOBgNVHQ8BAf8EBAMCBaAwggEmBgNVHR8EggEdMIIBGTCCARWgggERoIIBDYY_aHR0cDovL2NybC5taWNyb3NvZnQuY29tL3BraWluZnJhL0NSTC9BTUUlMjBJbmZyYSUyMENBJTIwMDYuY3JshjFodHRwOi8vY3JsMS5hbWUuZ2JsL2NybC9BTUUlMjBJbmZyYSUyMENBJTIwMDYuY3JshjFodHRwOi8vY3JsMi5hbWUuZ2JsL2NybC9BTUUlMjBJbmZyYSUyMENBJTIwMDYuY3JshjFodHRwOi8vY3JsMy5hbWUuZ2JsL2NybC9BTUUlMjBJbmZyYSUyMENBJTIwMDYuY3JshjFodHRwOi8vY3JsNC5hbWUuZ2JsL2NybC9BTUUlMjBJbmZyYSUyMENBJTIwMDYuY3JsMIGdBgNVHSAEgZUwgZIwDAYKKwYBBAGCN3sBATBmBgorBgEEAYI3ewICMFgwVgYIKwYBBQUHAgIwSh5IADMAMwBlADAAMQA5ADIAMQAtADQAZAA2ADQALQA0AGYAOABjAC0AYQAwADUANQAtADUAYgBkAGEAZgBmAGQANQBlADMAMwBkMAwGCisGAQQBgjd7AwEwDAYKKwYBBAGCN3sEATAfBgNVHSMEGDAWgBTxRmjG8cPwKy19i2rhsvm-NfzRQTAdBgNVHSUEFjAUBggrBgEFBQcDAQYIKwYBBQUHAwIwDQYJKoZIhvcNAQELBQADggEBAHAEnYrjKwIEeZD6k6Jnduw9QE83ye3e6yI36Y6jc5gavwpltarWjUevLWA6bzqnIMEbxZot_oo7GgSjb9hcbtTWjf_cW7PWDbQSC5WExVS4rTM5XJOQlXIeguIDWoXNGCzJBnYfUfUEfW8ZdjPKbJ7_7OQo_y-DgeRynB9KRCkpH4wZ1X5EQR-13kZvzXCVNpw1yiAELFyVScpLMqfm5iM9nMEMU7Og9hgeUL4q7EwPPbvn6qRq4ehK7ctlmEItOmMlgtNqT3IRhFnMIIsqnZu7BTfLyXR_8geMDnVJlhUXkb73ZpHNIBaoXmHwLpUQLBwoqG0ME1rP1_9UfVhYmNs&s=bxHWZ9pp73Naw5W6mJa2jkFVTpYjcI0hUkZG0aI-viTojHGhitFi-PfayaxfGpb_Yg6K9XwXpTjnFg0-bZZdQGVElgD6LyA6DTtghAc4iFtBijgSHtHbP5KELmKf23nYgB3Vx09-pUPBgzzBgY3ucsqI07TzbLO6x7-sixKsO9pxDa38K1ynwJTJzyyHpDY9fx8Lh8E5k7M6_xlhUUtqHsIIDWcE6llAgBifzC1UB-BtPls9MRwutqucjmzbFSS1gfcyr0qhUHL-8_FLnT0Mky-jWQCrTQ5ei30TW4FnDya5iavuuj9K5uy4aEJyriSQGjlRWqFb1J5xDmBsRM2vgQ&h=922-lLBDWcJbrAvlbEdVKZ4MPtdhwLDulWR1gxdCvNI",
      "RequestMethod": "GET",
      "RequestHeaders": {
        "Accept": "application/json",
        "Authorization": "Sanitized",
        "Date": "Thu, 11 Jul 2024 05:48:42 GMT",
        "User-Agent": "azsdk-java-com.azure.resourcemanager.resources/2.41.0-beta.1 (17.0.7; Windows 11; 10.0)",
        "x-ms-client-request-id": "Sanitized",
        "x-ms-return-client-request-id": "true"
      },
      "RequestBody": null,
      "StatusCode": 202,
      "ResponseHeaders": {
        "Cache-Control": "no-cache",
        "Content-Length": "0",
        "Date": "Thu, 11 Jul 2024 05:48:42 GMT",
        "Expires": "-1",
        "Location": "https://REDACTED.azure.com/subscriptions/2cd617ea-1866-46b1-90e3-fffb087ebf9b/operationresults/eyJqb2JJZCI6IlJFU09VUkNFR1JPVVBERUxFVElPTkpPQi1KQVZBQ1NNUkc3MDQyOC1FQVNUVVMiLCJqb2JMb2NhdGlvbiI6ImVhc3R1cyJ9?api-version=2024-03-01&t=638562737229215593&c=MIIHhzCCBm-gAwIBAgITHgTLf2Bo2ctQx42TXQAABMt_YDANBgkqhkiG9w0BAQsFADBEMRMwEQYKCZImiZPyLGQBGRYDR0JMMRMwEQYKCZImiZPyLGQBGRYDQU1FMRgwFgYDVQQDEw9BTUUgSW5mcmEgQ0EgMDYwHhcNMjQwNjI0MTExMDUyWhcNMjUwNjE5MTExMDUyWjBAMT4wPAYDVQQDEzVhc3luY29wZXJhdGlvbnNpZ25pbmdjZXJ0aWZpY2F0ZS5tYW5hZ2VtZW50LmF6dXJlLmNvbTCCASIwDQYJKoZIhvcNAQEBBQADggEPADCCAQoCggEBAJlnrj2pdevN1SIOk4Ymmo6b0y9Je4RZXWejQSMTCH35NFEHss9bBD2CGcY3xU4F2W7onMR_2J9BMUNk3BAub3AoLlqVrcx5dzI0ay_5toyOhu-L1pN7aSQdp7J-LzA-UW_CLp2D_65mjx1ZER-HWOV5QedBCvUwhqtSal8AbzrK5Qth8tntkg5tzjChuGo9vkh1pnXKQyYHQMdulCipi-EK8sPOQpZyiVIRujiHxTJMjdxz4gCG4rAFAK8_jK4UC73mwHm7BAlfbfkkZtxW5sVSGLrYwFPkNIDtNGoINbTjOqTmJR02AYrzu-AeRS1DP-HxtHci9UFjOurKjaUYhTUCAwEAAaOCBHQwggRwMCcGCSsGAQQBgjcVCgQaMBgwCgYIKwYBBQUHAwEwCgYIKwYBBQUHAwIwPQYJKwYBBAGCNxUHBDAwLgYmKwYBBAGCNxUIhpDjDYTVtHiE8Ys-hZvdFs6dEoFggvX2K4Py0SACAWQCAQowggHLBggrBgEFBQcBAQSCAb0wggG5MGMGCCsGAQUFBzAChldodHRwOi8vY3JsLm1pY3Jvc29mdC5jb20vcGtpaW5mcmEvQ2VydHMvQkwyUEtJSU5UQ0EwMi5BTUUuR0JMX0FNRSUyMEluZnJhJTIwQ0ElMjAwNi5jcnQwUwYIKwYBBQUHMAKGR2h0dHA6Ly9jcmwxLmFtZS5nYmwvYWlhL0JMMlBLSUlOVENBMDIuQU1FLkdCTF9BTUUlMjBJbmZyYSUyMENBJTIwMDYuY3J0MFMGCCsGAQUFBzAChkdodHRwOi8vY3JsMi5hbWUuZ2JsL2FpYS9CTDJQS0lJTlRDQTAyLkFNRS5HQkxfQU1FJTIwSW5mcmElMjBDQSUyMDA2LmNydDBTBggrBgEFBQcwAoZHaHR0cDovL2NybDMuYW1lLmdibC9haWEvQkwyUEtJSU5UQ0EwMi5BTUUuR0JMX0FNRSUyMEluZnJhJTIwQ0ElMjAwNi5jcnQwUwYIKwYBBQUHMAKGR2h0dHA6Ly9jcmw0LmFtZS5nYmwvYWlhL0JMMlBLSUlOVENBMDIuQU1FLkdCTF9BTUUlMjBJbmZyYSUyMENBJTIwMDYuY3J0MB0GA1UdDgQWBBTxZpd7aM59MC90B8etCBMRpcVJhTAOBgNVHQ8BAf8EBAMCBaAwggEmBgNVHR8EggEdMIIBGTCCARWgggERoIIBDYY_aHR0cDovL2NybC5taWNyb3NvZnQuY29tL3BraWluZnJhL0NSTC9BTUUlMjBJbmZyYSUyMENBJTIwMDYuY3JshjFodHRwOi8vY3JsMS5hbWUuZ2JsL2NybC9BTUUlMjBJbmZyYSUyMENBJTIwMDYuY3JshjFodHRwOi8vY3JsMi5hbWUuZ2JsL2NybC9BTUUlMjBJbmZyYSUyMENBJTIwMDYuY3JshjFodHRwOi8vY3JsMy5hbWUuZ2JsL2NybC9BTUUlMjBJbmZyYSUyMENBJTIwMDYuY3JshjFodHRwOi8vY3JsNC5hbWUuZ2JsL2NybC9BTUUlMjBJbmZyYSUyMENBJTIwMDYuY3JsMIGdBgNVHSAEgZUwgZIwDAYKKwYBBAGCN3sBATBmBgorBgEEAYI3ewICMFgwVgYIKwYBBQUHAgIwSh5IADMAMwBlADAAMQA5ADIAMQAtADQAZAA2ADQALQA0AGYAOABjAC0AYQAwADUANQAtADUAYgBkAGEAZgBmAGQANQBlADMAMwBkMAwGCisGAQQBgjd7AwEwDAYKKwYBBAGCN3sEATAfBgNVHSMEGDAWgBTxRmjG8cPwKy19i2rhsvm-NfzRQTAdBgNVHSUEFjAUBggrBgEFBQcDAQYIKwYBBQUHAwIwDQYJKoZIhvcNAQELBQADggEBAHAEnYrjKwIEeZD6k6Jnduw9QE83ye3e6yI36Y6jc5gavwpltarWjUevLWA6bzqnIMEbxZot_oo7GgSjb9hcbtTWjf_cW7PWDbQSC5WExVS4rTM5XJOQlXIeguIDWoXNGCzJBnYfUfUEfW8ZdjPKbJ7_7OQo_y-DgeRynB9KRCkpH4wZ1X5EQR-13kZvzXCVNpw1yiAELFyVScpLMqfm5iM9nMEMU7Og9hgeUL4q7EwPPbvn6qRq4ehK7ctlmEItOmMlgtNqT3IRhFnMIIsqnZu7BTfLyXR_8geMDnVJlhUXkb73ZpHNIBaoXmHwLpUQLBwoqG0ME1rP1_9UfVhYmNs&s=CiUw8879ksEWO9Yw0kHTsD_xzxNa0i5O-a_k8hmkyYyE02HWTrMTk95Lc0WO5ukosd3BWh212UbniK9x56pXUKRuY_vVKAZ8bdyFwilf9-buTbeJvWy7R1f6QLVE3qR1k6dPUr4-a1E07domx5y6vs7lqWBwFchJgzgt-TDw9oiT19hKN7MK0FNvy92g-KrBD2tbDK2XxK1xYninHptGcmb-agdeI_St_A7SpsGptJN67_4xruDEKCu_siHFEcKNiO_FPx5nKY2DS4MxN31pyBWR57Hxwo0rg_dKBxndY6KDpxOzj0K4h9jgBFaBs_3o4LV75VvpWn0EiNnorHn5ug&h=phNnNpZDFxrmdYA2Xka332EewM6sGmXfsNbpWgTTgjo",
        "Pragma": "no-cache",
        "Retry-After": "0",
        "Strict-Transport-Security": "max-age=31536000; includeSubDomains",
        "X-Cache": "CONFIG_NOCACHE",
        "X-Content-Type-Options": "nosniff",
        "x-ms-correlation-request-id": "3945687c-c257-4532-8fb7-af5e892db89e",
        "x-ms-ratelimit-remaining-subscription-reads": "11998",
        "x-ms-request-id": "Sanitized",
        "x-ms-routing-request-id": "JAPANEAST:20240711T054842Z:3945687c-c257-4532-8fb7-af5e892db89e",
        "X-MSEdge-Ref": "Ref A: 7E848A7F31A94C9FB236A6F6275EF6BC Ref B: TYO201151006060 Ref C: 2024-07-11T05:48:42Z"
      },
      "ResponseBody": null
    },
    {
      "RequestUri": "https://REDACTED/subscriptions/00000000-0000-0000-0000-000000000000/operationresults/eyJqb2JJZCI6IlJFU09VUkNFR1JPVVBERUxFVElPTkpPQi1KQVZBQ1NNUkc3MDQyOC1FQVNUVVMiLCJqb2JMb2NhdGlvbiI6ImVhc3R1cyJ9?api-version=2024-03-01&t=638562737229215593&c=MIIHhzCCBm-gAwIBAgITHgTLf2Bo2ctQx42TXQAABMt_YDANBgkqhkiG9w0BAQsFADBEMRMwEQYKCZImiZPyLGQBGRYDR0JMMRMwEQYKCZImiZPyLGQBGRYDQU1FMRgwFgYDVQQDEw9BTUUgSW5mcmEgQ0EgMDYwHhcNMjQwNjI0MTExMDUyWhcNMjUwNjE5MTExMDUyWjBAMT4wPAYDVQQDEzVhc3luY29wZXJhdGlvbnNpZ25pbmdjZXJ0aWZpY2F0ZS5tYW5hZ2VtZW50LmF6dXJlLmNvbTCCASIwDQYJKoZIhvcNAQEBBQADggEPADCCAQoCggEBAJlnrj2pdevN1SIOk4Ymmo6b0y9Je4RZXWejQSMTCH35NFEHss9bBD2CGcY3xU4F2W7onMR_2J9BMUNk3BAub3AoLlqVrcx5dzI0ay_5toyOhu-L1pN7aSQdp7J-LzA-UW_CLp2D_65mjx1ZER-HWOV5QedBCvUwhqtSal8AbzrK5Qth8tntkg5tzjChuGo9vkh1pnXKQyYHQMdulCipi-EK8sPOQpZyiVIRujiHxTJMjdxz4gCG4rAFAK8_jK4UC73mwHm7BAlfbfkkZtxW5sVSGLrYwFPkNIDtNGoINbTjOqTmJR02AYrzu-AeRS1DP-HxtHci9UFjOurKjaUYhTUCAwEAAaOCBHQwggRwMCcGCSsGAQQBgjcVCgQaMBgwCgYIKwYBBQUHAwEwCgYIKwYBBQUHAwIwPQYJKwYBBAGCNxUHBDAwLgYmKwYBBAGCNxUIhpDjDYTVtHiE8Ys-hZvdFs6dEoFggvX2K4Py0SACAWQCAQowggHLBggrBgEFBQcBAQSCAb0wggG5MGMGCCsGAQUFBzAChldodHRwOi8vY3JsLm1pY3Jvc29mdC5jb20vcGtpaW5mcmEvQ2VydHMvQkwyUEtJSU5UQ0EwMi5BTUUuR0JMX0FNRSUyMEluZnJhJTIwQ0ElMjAwNi5jcnQwUwYIKwYBBQUHMAKGR2h0dHA6Ly9jcmwxLmFtZS5nYmwvYWlhL0JMMlBLSUlOVENBMDIuQU1FLkdCTF9BTUUlMjBJbmZyYSUyMENBJTIwMDYuY3J0MFMGCCsGAQUFBzAChkdodHRwOi8vY3JsMi5hbWUuZ2JsL2FpYS9CTDJQS0lJTlRDQTAyLkFNRS5HQkxfQU1FJTIwSW5mcmElMjBDQSUyMDA2LmNydDBTBggrBgEFBQcwAoZHaHR0cDovL2NybDMuYW1lLmdibC9haWEvQkwyUEtJSU5UQ0EwMi5BTUUuR0JMX0FNRSUyMEluZnJhJTIwQ0ElMjAwNi5jcnQwUwYIKwYBBQUHMAKGR2h0dHA6Ly9jcmw0LmFtZS5nYmwvYWlhL0JMMlBLSUlOVENBMDIuQU1FLkdCTF9BTUUlMjBJbmZyYSUyMENBJTIwMDYuY3J0MB0GA1UdDgQWBBTxZpd7aM59MC90B8etCBMRpcVJhTAOBgNVHQ8BAf8EBAMCBaAwggEmBgNVHR8EggEdMIIBGTCCARWgggERoIIBDYY_aHR0cDovL2NybC5taWNyb3NvZnQuY29tL3BraWluZnJhL0NSTC9BTUUlMjBJbmZyYSUyMENBJTIwMDYuY3JshjFodHRwOi8vY3JsMS5hbWUuZ2JsL2NybC9BTUUlMjBJbmZyYSUyMENBJTIwMDYuY3JshjFodHRwOi8vY3JsMi5hbWUuZ2JsL2NybC9BTUUlMjBJbmZyYSUyMENBJTIwMDYuY3JshjFodHRwOi8vY3JsMy5hbWUuZ2JsL2NybC9BTUUlMjBJbmZyYSUyMENBJTIwMDYuY3JshjFodHRwOi8vY3JsNC5hbWUuZ2JsL2NybC9BTUUlMjBJbmZyYSUyMENBJTIwMDYuY3JsMIGdBgNVHSAEgZUwgZIwDAYKKwYBBAGCN3sBATBmBgorBgEEAYI3ewICMFgwVgYIKwYBBQUHAgIwSh5IADMAMwBlADAAMQA5ADIAMQAtADQAZAA2ADQALQA0AGYAOABjAC0AYQAwADUANQAtADUAYgBkAGEAZgBmAGQANQBlADMAMwBkMAwGCisGAQQBgjd7AwEwDAYKKwYBBAGCN3sEATAfBgNVHSMEGDAWgBTxRmjG8cPwKy19i2rhsvm-NfzRQTAdBgNVHSUEFjAUBggrBgEFBQcDAQYIKwYBBQUHAwIwDQYJKoZIhvcNAQELBQADggEBAHAEnYrjKwIEeZD6k6Jnduw9QE83ye3e6yI36Y6jc5gavwpltarWjUevLWA6bzqnIMEbxZot_oo7GgSjb9hcbtTWjf_cW7PWDbQSC5WExVS4rTM5XJOQlXIeguIDWoXNGCzJBnYfUfUEfW8ZdjPKbJ7_7OQo_y-DgeRynB9KRCkpH4wZ1X5EQR-13kZvzXCVNpw1yiAELFyVScpLMqfm5iM9nMEMU7Og9hgeUL4q7EwPPbvn6qRq4ehK7ctlmEItOmMlgtNqT3IRhFnMIIsqnZu7BTfLyXR_8geMDnVJlhUXkb73ZpHNIBaoXmHwLpUQLBwoqG0ME1rP1_9UfVhYmNs&s=CiUw8879ksEWO9Yw0kHTsD_xzxNa0i5O-a_k8hmkyYyE02HWTrMTk95Lc0WO5ukosd3BWh212UbniK9x56pXUKRuY_vVKAZ8bdyFwilf9-buTbeJvWy7R1f6QLVE3qR1k6dPUr4-a1E07domx5y6vs7lqWBwFchJgzgt-TDw9oiT19hKN7MK0FNvy92g-KrBD2tbDK2XxK1xYninHptGcmb-agdeI_St_A7SpsGptJN67_4xruDEKCu_siHFEcKNiO_FPx5nKY2DS4MxN31pyBWR57Hxwo0rg_dKBxndY6KDpxOzj0K4h9jgBFaBs_3o4LV75VvpWn0EiNnorHn5ug&h=phNnNpZDFxrmdYA2Xka332EewM6sGmXfsNbpWgTTgjo",
      "RequestMethod": "GET",
      "RequestHeaders": {
        "Accept": "application/json",
        "Authorization": "Sanitized",
        "Date": "Thu, 11 Jul 2024 05:48:57 GMT",
        "User-Agent": "azsdk-java-com.azure.resourcemanager.resources/2.41.0-beta.1 (17.0.7; Windows 11; 10.0)",
        "x-ms-client-request-id": "Sanitized",
        "x-ms-return-client-request-id": "true"
      },
      "RequestBody": null,
      "StatusCode": 202,
      "ResponseHeaders": {
        "Cache-Control": "no-cache",
        "Content-Length": "0",
        "Date": "Thu, 11 Jul 2024 05:48:58 GMT",
        "Expires": "-1",
        "Location": "https://REDACTED.azure.com/subscriptions/2cd617ea-1866-46b1-90e3-fffb087ebf9b/operationresults/eyJqb2JJZCI6IlJFU09VUkNFR1JPVVBERUxFVElPTkpPQi1KQVZBQ1NNUkc3MDQyOC1FQVNUVVMiLCJqb2JMb2NhdGlvbiI6ImVhc3R1cyJ9?api-version=2024-03-01&t=638562737388001906&c=MIIHhzCCBm-gAwIBAgITHgTLf2Bo2ctQx42TXQAABMt_YDANBgkqhkiG9w0BAQsFADBEMRMwEQYKCZImiZPyLGQBGRYDR0JMMRMwEQYKCZImiZPyLGQBGRYDQU1FMRgwFgYDVQQDEw9BTUUgSW5mcmEgQ0EgMDYwHhcNMjQwNjI0MTExMDUyWhcNMjUwNjE5MTExMDUyWjBAMT4wPAYDVQQDEzVhc3luY29wZXJhdGlvbnNpZ25pbmdjZXJ0aWZpY2F0ZS5tYW5hZ2VtZW50LmF6dXJlLmNvbTCCASIwDQYJKoZIhvcNAQEBBQADggEPADCCAQoCggEBAJlnrj2pdevN1SIOk4Ymmo6b0y9Je4RZXWejQSMTCH35NFEHss9bBD2CGcY3xU4F2W7onMR_2J9BMUNk3BAub3AoLlqVrcx5dzI0ay_5toyOhu-L1pN7aSQdp7J-LzA-UW_CLp2D_65mjx1ZER-HWOV5QedBCvUwhqtSal8AbzrK5Qth8tntkg5tzjChuGo9vkh1pnXKQyYHQMdulCipi-EK8sPOQpZyiVIRujiHxTJMjdxz4gCG4rAFAK8_jK4UC73mwHm7BAlfbfkkZtxW5sVSGLrYwFPkNIDtNGoINbTjOqTmJR02AYrzu-AeRS1DP-HxtHci9UFjOurKjaUYhTUCAwEAAaOCBHQwggRwMCcGCSsGAQQBgjcVCgQaMBgwCgYIKwYBBQUHAwEwCgYIKwYBBQUHAwIwPQYJKwYBBAGCNxUHBDAwLgYmKwYBBAGCNxUIhpDjDYTVtHiE8Ys-hZvdFs6dEoFggvX2K4Py0SACAWQCAQowggHLBggrBgEFBQcBAQSCAb0wggG5MGMGCCsGAQUFBzAChldodHRwOi8vY3JsLm1pY3Jvc29mdC5jb20vcGtpaW5mcmEvQ2VydHMvQkwyUEtJSU5UQ0EwMi5BTUUuR0JMX0FNRSUyMEluZnJhJTIwQ0ElMjAwNi5jcnQwUwYIKwYBBQUHMAKGR2h0dHA6Ly9jcmwxLmFtZS5nYmwvYWlhL0JMMlBLSUlOVENBMDIuQU1FLkdCTF9BTUUlMjBJbmZyYSUyMENBJTIwMDYuY3J0MFMGCCsGAQUFBzAChkdodHRwOi8vY3JsMi5hbWUuZ2JsL2FpYS9CTDJQS0lJTlRDQTAyLkFNRS5HQkxfQU1FJTIwSW5mcmElMjBDQSUyMDA2LmNydDBTBggrBgEFBQcwAoZHaHR0cDovL2NybDMuYW1lLmdibC9haWEvQkwyUEtJSU5UQ0EwMi5BTUUuR0JMX0FNRSUyMEluZnJhJTIwQ0ElMjAwNi5jcnQwUwYIKwYBBQUHMAKGR2h0dHA6Ly9jcmw0LmFtZS5nYmwvYWlhL0JMMlBLSUlOVENBMDIuQU1FLkdCTF9BTUUlMjBJbmZyYSUyMENBJTIwMDYuY3J0MB0GA1UdDgQWBBTxZpd7aM59MC90B8etCBMRpcVJhTAOBgNVHQ8BAf8EBAMCBaAwggEmBgNVHR8EggEdMIIBGTCCARWgggERoIIBDYY_aHR0cDovL2NybC5taWNyb3NvZnQuY29tL3BraWluZnJhL0NSTC9BTUUlMjBJbmZyYSUyMENBJTIwMDYuY3JshjFodHRwOi8vY3JsMS5hbWUuZ2JsL2NybC9BTUUlMjBJbmZyYSUyMENBJTIwMDYuY3JshjFodHRwOi8vY3JsMi5hbWUuZ2JsL2NybC9BTUUlMjBJbmZyYSUyMENBJTIwMDYuY3JshjFodHRwOi8vY3JsMy5hbWUuZ2JsL2NybC9BTUUlMjBJbmZyYSUyMENBJTIwMDYuY3JshjFodHRwOi8vY3JsNC5hbWUuZ2JsL2NybC9BTUUlMjBJbmZyYSUyMENBJTIwMDYuY3JsMIGdBgNVHSAEgZUwgZIwDAYKKwYBBAGCN3sBATBmBgorBgEEAYI3ewICMFgwVgYIKwYBBQUHAgIwSh5IADMAMwBlADAAMQA5ADIAMQAtADQAZAA2ADQALQA0AGYAOABjAC0AYQAwADUANQAtADUAYgBkAGEAZgBmAGQANQBlADMAMwBkMAwGCisGAQQBgjd7AwEwDAYKKwYBBAGCN3sEATAfBgNVHSMEGDAWgBTxRmjG8cPwKy19i2rhsvm-NfzRQTAdBgNVHSUEFjAUBggrBgEFBQcDAQYIKwYBBQUHAwIwDQYJKoZIhvcNAQELBQADggEBAHAEnYrjKwIEeZD6k6Jnduw9QE83ye3e6yI36Y6jc5gavwpltarWjUevLWA6bzqnIMEbxZot_oo7GgSjb9hcbtTWjf_cW7PWDbQSC5WExVS4rTM5XJOQlXIeguIDWoXNGCzJBnYfUfUEfW8ZdjPKbJ7_7OQo_y-DgeRynB9KRCkpH4wZ1X5EQR-13kZvzXCVNpw1yiAELFyVScpLMqfm5iM9nMEMU7Og9hgeUL4q7EwPPbvn6qRq4ehK7ctlmEItOmMlgtNqT3IRhFnMIIsqnZu7BTfLyXR_8geMDnVJlhUXkb73ZpHNIBaoXmHwLpUQLBwoqG0ME1rP1_9UfVhYmNs&s=KuNQH06qQ7Q9cy0i6ZlieegSQ4HdjvypQj9KKxy4wlQPjeIoNE-32nWY3sWMcjHIFKVA8j2QcZ4NDlOOzZelaNfDQhSczkdR0tnc1P6F54-E2fukAIEBEdpggnP37lrUF7MK2w60qgKhiw85fkVlTzrg21gvEXYc_VFc9RRekLc087Hya7CaAE51AMtTnsaL9eQYC-jOtnZlA0ETUbrwGw-DrbJJ8DamZg5q974VoN2HgIa-Q_G4AKmY9Q-FFSrwSdAguWyHnCDf5Wb00yadwDBIM99qzw8mmahDGHctB6n1MBeM9tIDHxrM2LjUEYpHqFgah-ccKtHuETiZcLv0mw&h=VBxdBsS-3UlCaOBzRmQfcpTgZ4rjPDmPdmPrWjajbA4",
        "Pragma": "no-cache",
        "Retry-After": "0",
        "Strict-Transport-Security": "max-age=31536000; includeSubDomains",
        "X-Cache": "CONFIG_NOCACHE",
        "X-Content-Type-Options": "nosniff",
        "x-ms-correlation-request-id": "f20c6f24-6d35-46e0-982a-0ef84e7cfb87",
        "x-ms-ratelimit-remaining-subscription-reads": "11998",
        "x-ms-request-id": "Sanitized",
        "x-ms-routing-request-id": "JAPANEAST:20240711T054858Z:f20c6f24-6d35-46e0-982a-0ef84e7cfb87",
        "X-MSEdge-Ref": "Ref A: 932BB4F1FE804CB984C8553874E2E3CF Ref B: TYO201151006060 Ref C: 2024-07-11T05:48:58Z"
      },
      "ResponseBody": null
    },
    {
      "RequestUri": "https://REDACTED/subscriptions/00000000-0000-0000-0000-000000000000/operationresults/eyJqb2JJZCI6IlJFU09VUkNFR1JPVVBERUxFVElPTkpPQi1KQVZBQ1NNUkc3MDQyOC1FQVNUVVMiLCJqb2JMb2NhdGlvbiI6ImVhc3R1cyJ9?api-version=2024-03-01&t=638562737388001906&c=MIIHhzCCBm-gAwIBAgITHgTLf2Bo2ctQx42TXQAABMt_YDANBgkqhkiG9w0BAQsFADBEMRMwEQYKCZImiZPyLGQBGRYDR0JMMRMwEQYKCZImiZPyLGQBGRYDQU1FMRgwFgYDVQQDEw9BTUUgSW5mcmEgQ0EgMDYwHhcNMjQwNjI0MTExMDUyWhcNMjUwNjE5MTExMDUyWjBAMT4wPAYDVQQDEzVhc3luY29wZXJhdGlvbnNpZ25pbmdjZXJ0aWZpY2F0ZS5tYW5hZ2VtZW50LmF6dXJlLmNvbTCCASIwDQYJKoZIhvcNAQEBBQADggEPADCCAQoCggEBAJlnrj2pdevN1SIOk4Ymmo6b0y9Je4RZXWejQSMTCH35NFEHss9bBD2CGcY3xU4F2W7onMR_2J9BMUNk3BAub3AoLlqVrcx5dzI0ay_5toyOhu-L1pN7aSQdp7J-LzA-UW_CLp2D_65mjx1ZER-HWOV5QedBCvUwhqtSal8AbzrK5Qth8tntkg5tzjChuGo9vkh1pnXKQyYHQMdulCipi-EK8sPOQpZyiVIRujiHxTJMjdxz4gCG4rAFAK8_jK4UC73mwHm7BAlfbfkkZtxW5sVSGLrYwFPkNIDtNGoINbTjOqTmJR02AYrzu-AeRS1DP-HxtHci9UFjOurKjaUYhTUCAwEAAaOCBHQwggRwMCcGCSsGAQQBgjcVCgQaMBgwCgYIKwYBBQUHAwEwCgYIKwYBBQUHAwIwPQYJKwYBBAGCNxUHBDAwLgYmKwYBBAGCNxUIhpDjDYTVtHiE8Ys-hZvdFs6dEoFggvX2K4Py0SACAWQCAQowggHLBggrBgEFBQcBAQSCAb0wggG5MGMGCCsGAQUFBzAChldodHRwOi8vY3JsLm1pY3Jvc29mdC5jb20vcGtpaW5mcmEvQ2VydHMvQkwyUEtJSU5UQ0EwMi5BTUUuR0JMX0FNRSUyMEluZnJhJTIwQ0ElMjAwNi5jcnQwUwYIKwYBBQUHMAKGR2h0dHA6Ly9jcmwxLmFtZS5nYmwvYWlhL0JMMlBLSUlOVENBMDIuQU1FLkdCTF9BTUUlMjBJbmZyYSUyMENBJTIwMDYuY3J0MFMGCCsGAQUFBzAChkdodHRwOi8vY3JsMi5hbWUuZ2JsL2FpYS9CTDJQS0lJTlRDQTAyLkFNRS5HQkxfQU1FJTIwSW5mcmElMjBDQSUyMDA2LmNydDBTBggrBgEFBQcwAoZHaHR0cDovL2NybDMuYW1lLmdibC9haWEvQkwyUEtJSU5UQ0EwMi5BTUUuR0JMX0FNRSUyMEluZnJhJTIwQ0ElMjAwNi5jcnQwUwYIKwYBBQUHMAKGR2h0dHA6Ly9jcmw0LmFtZS5nYmwvYWlhL0JMMlBLSUlOVENBMDIuQU1FLkdCTF9BTUUlMjBJbmZyYSUyMENBJTIwMDYuY3J0MB0GA1UdDgQWBBTxZpd7aM59MC90B8etCBMRpcVJhTAOBgNVHQ8BAf8EBAMCBaAwggEmBgNVHR8EggEdMIIBGTCCARWgggERoIIBDYY_aHR0cDovL2NybC5taWNyb3NvZnQuY29tL3BraWluZnJhL0NSTC9BTUUlMjBJbmZyYSUyMENBJTIwMDYuY3JshjFodHRwOi8vY3JsMS5hbWUuZ2JsL2NybC9BTUUlMjBJbmZyYSUyMENBJTIwMDYuY3JshjFodHRwOi8vY3JsMi5hbWUuZ2JsL2NybC9BTUUlMjBJbmZyYSUyMENBJTIwMDYuY3JshjFodHRwOi8vY3JsMy5hbWUuZ2JsL2NybC9BTUUlMjBJbmZyYSUyMENBJTIwMDYuY3JshjFodHRwOi8vY3JsNC5hbWUuZ2JsL2NybC9BTUUlMjBJbmZyYSUyMENBJTIwMDYuY3JsMIGdBgNVHSAEgZUwgZIwDAYKKwYBBAGCN3sBATBmBgorBgEEAYI3ewICMFgwVgYIKwYBBQUHAgIwSh5IADMAMwBlADAAMQA5ADIAMQAtADQAZAA2ADQALQA0AGYAOABjAC0AYQAwADUANQAtADUAYgBkAGEAZgBmAGQANQBlADMAMwBkMAwGCisGAQQBgjd7AwEwDAYKKwYBBAGCN3sEATAfBgNVHSMEGDAWgBTxRmjG8cPwKy19i2rhsvm-NfzRQTAdBgNVHSUEFjAUBggrBgEFBQcDAQYIKwYBBQUHAwIwDQYJKoZIhvcNAQELBQADggEBAHAEnYrjKwIEeZD6k6Jnduw9QE83ye3e6yI36Y6jc5gavwpltarWjUevLWA6bzqnIMEbxZot_oo7GgSjb9hcbtTWjf_cW7PWDbQSC5WExVS4rTM5XJOQlXIeguIDWoXNGCzJBnYfUfUEfW8ZdjPKbJ7_7OQo_y-DgeRynB9KRCkpH4wZ1X5EQR-13kZvzXCVNpw1yiAELFyVScpLMqfm5iM9nMEMU7Og9hgeUL4q7EwPPbvn6qRq4ehK7ctlmEItOmMlgtNqT3IRhFnMIIsqnZu7BTfLyXR_8geMDnVJlhUXkb73ZpHNIBaoXmHwLpUQLBwoqG0ME1rP1_9UfVhYmNs&s=KuNQH06qQ7Q9cy0i6ZlieegSQ4HdjvypQj9KKxy4wlQPjeIoNE-32nWY3sWMcjHIFKVA8j2QcZ4NDlOOzZelaNfDQhSczkdR0tnc1P6F54-E2fukAIEBEdpggnP37lrUF7MK2w60qgKhiw85fkVlTzrg21gvEXYc_VFc9RRekLc087Hya7CaAE51AMtTnsaL9eQYC-jOtnZlA0ETUbrwGw-DrbJJ8DamZg5q974VoN2HgIa-Q_G4AKmY9Q-FFSrwSdAguWyHnCDf5Wb00yadwDBIM99qzw8mmahDGHctB6n1MBeM9tIDHxrM2LjUEYpHqFgah-ccKtHuETiZcLv0mw&h=VBxdBsS-3UlCaOBzRmQfcpTgZ4rjPDmPdmPrWjajbA4",
      "RequestMethod": "GET",
      "RequestHeaders": {
        "Accept": "application/json",
        "Authorization": "Sanitized",
        "Date": "Thu, 11 Jul 2024 05:49:13 GMT",
        "User-Agent": "azsdk-java-com.azure.resourcemanager.resources/2.41.0-beta.1 (17.0.7; Windows 11; 10.0)",
        "x-ms-client-request-id": "Sanitized",
        "x-ms-return-client-request-id": "true"
      },
      "RequestBody": null,
      "StatusCode": 202,
      "ResponseHeaders": {
        "Cache-Control": "no-cache",
        "Content-Length": "0",
        "Date": "Thu, 11 Jul 2024 05:49:14 GMT",
        "Expires": "-1",
        "Location": "https://REDACTED.azure.com/subscriptions/2cd617ea-1866-46b1-90e3-fffb087ebf9b/operationresults/eyJqb2JJZCI6IlJFU09VUkNFR1JPVVBERUxFVElPTkpPQi1KQVZBQ1NNUkc3MDQyOC1FQVNUVVMiLCJqb2JMb2NhdGlvbiI6ImVhc3R1cyJ9?api-version=2024-03-01&t=638562737546668404&c=MIIHhzCCBm-gAwIBAgITHgTLf2Bo2ctQx42TXQAABMt_YDANBgkqhkiG9w0BAQsFADBEMRMwEQYKCZImiZPyLGQBGRYDR0JMMRMwEQYKCZImiZPyLGQBGRYDQU1FMRgwFgYDVQQDEw9BTUUgSW5mcmEgQ0EgMDYwHhcNMjQwNjI0MTExMDUyWhcNMjUwNjE5MTExMDUyWjBAMT4wPAYDVQQDEzVhc3luY29wZXJhdGlvbnNpZ25pbmdjZXJ0aWZpY2F0ZS5tYW5hZ2VtZW50LmF6dXJlLmNvbTCCASIwDQYJKoZIhvcNAQEBBQADggEPADCCAQoCggEBAJlnrj2pdevN1SIOk4Ymmo6b0y9Je4RZXWejQSMTCH35NFEHss9bBD2CGcY3xU4F2W7onMR_2J9BMUNk3BAub3AoLlqVrcx5dzI0ay_5toyOhu-L1pN7aSQdp7J-LzA-UW_CLp2D_65mjx1ZER-HWOV5QedBCvUwhqtSal8AbzrK5Qth8tntkg5tzjChuGo9vkh1pnXKQyYHQMdulCipi-EK8sPOQpZyiVIRujiHxTJMjdxz4gCG4rAFAK8_jK4UC73mwHm7BAlfbfkkZtxW5sVSGLrYwFPkNIDtNGoINbTjOqTmJR02AYrzu-AeRS1DP-HxtHci9UFjOurKjaUYhTUCAwEAAaOCBHQwggRwMCcGCSsGAQQBgjcVCgQaMBgwCgYIKwYBBQUHAwEwCgYIKwYBBQUHAwIwPQYJKwYBBAGCNxUHBDAwLgYmKwYBBAGCNxUIhpDjDYTVtHiE8Ys-hZvdFs6dEoFggvX2K4Py0SACAWQCAQowggHLBggrBgEFBQcBAQSCAb0wggG5MGMGCCsGAQUFBzAChldodHRwOi8vY3JsLm1pY3Jvc29mdC5jb20vcGtpaW5mcmEvQ2VydHMvQkwyUEtJSU5UQ0EwMi5BTUUuR0JMX0FNRSUyMEluZnJhJTIwQ0ElMjAwNi5jcnQwUwYIKwYBBQUHMAKGR2h0dHA6Ly9jcmwxLmFtZS5nYmwvYWlhL0JMMlBLSUlOVENBMDIuQU1FLkdCTF9BTUUlMjBJbmZyYSUyMENBJTIwMDYuY3J0MFMGCCsGAQUFBzAChkdodHRwOi8vY3JsMi5hbWUuZ2JsL2FpYS9CTDJQS0lJTlRDQTAyLkFNRS5HQkxfQU1FJTIwSW5mcmElMjBDQSUyMDA2LmNydDBTBggrBgEFBQcwAoZHaHR0cDovL2NybDMuYW1lLmdibC9haWEvQkwyUEtJSU5UQ0EwMi5BTUUuR0JMX0FNRSUyMEluZnJhJTIwQ0ElMjAwNi5jcnQwUwYIKwYBBQUHMAKGR2h0dHA6Ly9jcmw0LmFtZS5nYmwvYWlhL0JMMlBLSUlOVENBMDIuQU1FLkdCTF9BTUUlMjBJbmZyYSUyMENBJTIwMDYuY3J0MB0GA1UdDgQWBBTxZpd7aM59MC90B8etCBMRpcVJhTAOBgNVHQ8BAf8EBAMCBaAwggEmBgNVHR8EggEdMIIBGTCCARWgggERoIIBDYY_aHR0cDovL2NybC5taWNyb3NvZnQuY29tL3BraWluZnJhL0NSTC9BTUUlMjBJbmZyYSUyMENBJTIwMDYuY3JshjFodHRwOi8vY3JsMS5hbWUuZ2JsL2NybC9BTUUlMjBJbmZyYSUyMENBJTIwMDYuY3JshjFodHRwOi8vY3JsMi5hbWUuZ2JsL2NybC9BTUUlMjBJbmZyYSUyMENBJTIwMDYuY3JshjFodHRwOi8vY3JsMy5hbWUuZ2JsL2NybC9BTUUlMjBJbmZyYSUyMENBJTIwMDYuY3JshjFodHRwOi8vY3JsNC5hbWUuZ2JsL2NybC9BTUUlMjBJbmZyYSUyMENBJTIwMDYuY3JsMIGdBgNVHSAEgZUwgZIwDAYKKwYBBAGCN3sBATBmBgorBgEEAYI3ewICMFgwVgYIKwYBBQUHAgIwSh5IADMAMwBlADAAMQA5ADIAMQAtADQAZAA2ADQALQA0AGYAOABjAC0AYQAwADUANQAtADUAYgBkAGEAZgBmAGQANQBlADMAMwBkMAwGCisGAQQBgjd7AwEwDAYKKwYBBAGCN3sEATAfBgNVHSMEGDAWgBTxRmjG8cPwKy19i2rhsvm-NfzRQTAdBgNVHSUEFjAUBggrBgEFBQcDAQYIKwYBBQUHAwIwDQYJKoZIhvcNAQELBQADggEBAHAEnYrjKwIEeZD6k6Jnduw9QE83ye3e6yI36Y6jc5gavwpltarWjUevLWA6bzqnIMEbxZot_oo7GgSjb9hcbtTWjf_cW7PWDbQSC5WExVS4rTM5XJOQlXIeguIDWoXNGCzJBnYfUfUEfW8ZdjPKbJ7_7OQo_y-DgeRynB9KRCkpH4wZ1X5EQR-13kZvzXCVNpw1yiAELFyVScpLMqfm5iM9nMEMU7Og9hgeUL4q7EwPPbvn6qRq4ehK7ctlmEItOmMlgtNqT3IRhFnMIIsqnZu7BTfLyXR_8geMDnVJlhUXkb73ZpHNIBaoXmHwLpUQLBwoqG0ME1rP1_9UfVhYmNs&s=fuLXO-KUoSU5ecUVbfB_0jSmlN_bpt6yOBytwgVeBIaGN19zBJl3FtkAONhM6vCfjHnOhS4hSJz4yYMEH7pMttrmxWimeC1rnOn1bG_qyU1nxbHAgwUcDTa6u7NrO137Fmx-tuK7G9qLQjZabJQqVetm_dG00Fc1VqPKld7eklz0JP6LD_5xh3ol4qWLqNh8lQh2VvX4WdaEzBJEc9lD_B8bdEpKz9840uEMcM_aoWuycbxcVD12zWs27N3BK0luFmjlVb-quFPOxAyZOwzxfviGM1p-WkWxIecVQDkmnt4-FsE2ZNJvI6rjAiNFGkCf-a7gtQ8EgHxnEyJA7vQH2A&h=rxouQ4OS2_EWqpNGmZVdEBzvYMImc7to9Q-BSRcCvSc",
        "Pragma": "no-cache",
        "Retry-After": "0",
        "Strict-Transport-Security": "max-age=31536000; includeSubDomains",
        "X-Cache": "CONFIG_NOCACHE",
        "X-Content-Type-Options": "nosniff",
        "x-ms-correlation-request-id": "9c578e0f-c266-4d4c-8617-c5c3087ed1cf",
        "x-ms-ratelimit-remaining-subscription-reads": "11999",
        "x-ms-request-id": "Sanitized",
        "x-ms-routing-request-id": "JAPANEAST:20240711T054914Z:9c578e0f-c266-4d4c-8617-c5c3087ed1cf",
        "X-MSEdge-Ref": "Ref A: 153F4E3B5F8F47C8BDA3EB1BB78A5FF6 Ref B: TYO201151006060 Ref C: 2024-07-11T05:49:13Z"
      },
      "ResponseBody": null
    },
    {
      "RequestUri": "https://REDACTED/subscriptions/00000000-0000-0000-0000-000000000000/operationresults/eyJqb2JJZCI6IlJFU09VUkNFR1JPVVBERUxFVElPTkpPQi1KQVZBQ1NNUkc3MDQyOC1FQVNUVVMiLCJqb2JMb2NhdGlvbiI6ImVhc3R1cyJ9?api-version=2024-03-01&t=638562737546668404&c=MIIHhzCCBm-gAwIBAgITHgTLf2Bo2ctQx42TXQAABMt_YDANBgkqhkiG9w0BAQsFADBEMRMwEQYKCZImiZPyLGQBGRYDR0JMMRMwEQYKCZImiZPyLGQBGRYDQU1FMRgwFgYDVQQDEw9BTUUgSW5mcmEgQ0EgMDYwHhcNMjQwNjI0MTExMDUyWhcNMjUwNjE5MTExMDUyWjBAMT4wPAYDVQQDEzVhc3luY29wZXJhdGlvbnNpZ25pbmdjZXJ0aWZpY2F0ZS5tYW5hZ2VtZW50LmF6dXJlLmNvbTCCASIwDQYJKoZIhvcNAQEBBQADggEPADCCAQoCggEBAJlnrj2pdevN1SIOk4Ymmo6b0y9Je4RZXWejQSMTCH35NFEHss9bBD2CGcY3xU4F2W7onMR_2J9BMUNk3BAub3AoLlqVrcx5dzI0ay_5toyOhu-L1pN7aSQdp7J-LzA-UW_CLp2D_65mjx1ZER-HWOV5QedBCvUwhqtSal8AbzrK5Qth8tntkg5tzjChuGo9vkh1pnXKQyYHQMdulCipi-EK8sPOQpZyiVIRujiHxTJMjdxz4gCG4rAFAK8_jK4UC73mwHm7BAlfbfkkZtxW5sVSGLrYwFPkNIDtNGoINbTjOqTmJR02AYrzu-AeRS1DP-HxtHci9UFjOurKjaUYhTUCAwEAAaOCBHQwggRwMCcGCSsGAQQBgjcVCgQaMBgwCgYIKwYBBQUHAwEwCgYIKwYBBQUHAwIwPQYJKwYBBAGCNxUHBDAwLgYmKwYBBAGCNxUIhpDjDYTVtHiE8Ys-hZvdFs6dEoFggvX2K4Py0SACAWQCAQowggHLBggrBgEFBQcBAQSCAb0wggG5MGMGCCsGAQUFBzAChldodHRwOi8vY3JsLm1pY3Jvc29mdC5jb20vcGtpaW5mcmEvQ2VydHMvQkwyUEtJSU5UQ0EwMi5BTUUuR0JMX0FNRSUyMEluZnJhJTIwQ0ElMjAwNi5jcnQwUwYIKwYBBQUHMAKGR2h0dHA6Ly9jcmwxLmFtZS5nYmwvYWlhL0JMMlBLSUlOVENBMDIuQU1FLkdCTF9BTUUlMjBJbmZyYSUyMENBJTIwMDYuY3J0MFMGCCsGAQUFBzAChkdodHRwOi8vY3JsMi5hbWUuZ2JsL2FpYS9CTDJQS0lJTlRDQTAyLkFNRS5HQkxfQU1FJTIwSW5mcmElMjBDQSUyMDA2LmNydDBTBggrBgEFBQcwAoZHaHR0cDovL2NybDMuYW1lLmdibC9haWEvQkwyUEtJSU5UQ0EwMi5BTUUuR0JMX0FNRSUyMEluZnJhJTIwQ0ElMjAwNi5jcnQwUwYIKwYBBQUHMAKGR2h0dHA6Ly9jcmw0LmFtZS5nYmwvYWlhL0JMMlBLSUlOVENBMDIuQU1FLkdCTF9BTUUlMjBJbmZyYSUyMENBJTIwMDYuY3J0MB0GA1UdDgQWBBTxZpd7aM59MC90B8etCBMRpcVJhTAOBgNVHQ8BAf8EBAMCBaAwggEmBgNVHR8EggEdMIIBGTCCARWgggERoIIBDYY_aHR0cDovL2NybC5taWNyb3NvZnQuY29tL3BraWluZnJhL0NSTC9BTUUlMjBJbmZyYSUyMENBJTIwMDYuY3JshjFodHRwOi8vY3JsMS5hbWUuZ2JsL2NybC9BTUUlMjBJbmZyYSUyMENBJTIwMDYuY3JshjFodHRwOi8vY3JsMi5hbWUuZ2JsL2NybC9BTUUlMjBJbmZyYSUyMENBJTIwMDYuY3JshjFodHRwOi8vY3JsMy5hbWUuZ2JsL2NybC9BTUUlMjBJbmZyYSUyMENBJTIwMDYuY3JshjFodHRwOi8vY3JsNC5hbWUuZ2JsL2NybC9BTUUlMjBJbmZyYSUyMENBJTIwMDYuY3JsMIGdBgNVHSAEgZUwgZIwDAYKKwYBBAGCN3sBATBmBgorBgEEAYI3ewICMFgwVgYIKwYBBQUHAgIwSh5IADMAMwBlADAAMQA5ADIAMQAtADQAZAA2ADQALQA0AGYAOABjAC0AYQAwADUANQAtADUAYgBkAGEAZgBmAGQANQBlADMAMwBkMAwGCisGAQQBgjd7AwEwDAYKKwYBBAGCN3sEATAfBgNVHSMEGDAWgBTxRmjG8cPwKy19i2rhsvm-NfzRQTAdBgNVHSUEFjAUBggrBgEFBQcDAQYIKwYBBQUHAwIwDQYJKoZIhvcNAQELBQADggEBAHAEnYrjKwIEeZD6k6Jnduw9QE83ye3e6yI36Y6jc5gavwpltarWjUevLWA6bzqnIMEbxZot_oo7GgSjb9hcbtTWjf_cW7PWDbQSC5WExVS4rTM5XJOQlXIeguIDWoXNGCzJBnYfUfUEfW8ZdjPKbJ7_7OQo_y-DgeRynB9KRCkpH4wZ1X5EQR-13kZvzXCVNpw1yiAELFyVScpLMqfm5iM9nMEMU7Og9hgeUL4q7EwPPbvn6qRq4ehK7ctlmEItOmMlgtNqT3IRhFnMIIsqnZu7BTfLyXR_8geMDnVJlhUXkb73ZpHNIBaoXmHwLpUQLBwoqG0ME1rP1_9UfVhYmNs&s=fuLXO-KUoSU5ecUVbfB_0jSmlN_bpt6yOBytwgVeBIaGN19zBJl3FtkAONhM6vCfjHnOhS4hSJz4yYMEH7pMttrmxWimeC1rnOn1bG_qyU1nxbHAgwUcDTa6u7NrO137Fmx-tuK7G9qLQjZabJQqVetm_dG00Fc1VqPKld7eklz0JP6LD_5xh3ol4qWLqNh8lQh2VvX4WdaEzBJEc9lD_B8bdEpKz9840uEMcM_aoWuycbxcVD12zWs27N3BK0luFmjlVb-quFPOxAyZOwzxfviGM1p-WkWxIecVQDkmnt4-FsE2ZNJvI6rjAiNFGkCf-a7gtQ8EgHxnEyJA7vQH2A&h=rxouQ4OS2_EWqpNGmZVdEBzvYMImc7to9Q-BSRcCvSc",
      "RequestMethod": "GET",
      "RequestHeaders": {
        "Accept": "application/json",
        "Authorization": "Sanitized",
        "Date": "Thu, 11 Jul 2024 05:49:29 GMT",
        "User-Agent": "azsdk-java-com.azure.resourcemanager.resources/2.41.0-beta.1 (17.0.7; Windows 11; 10.0)",
        "x-ms-client-request-id": "Sanitized",
        "x-ms-return-client-request-id": "true"
      },
      "RequestBody": null,
      "StatusCode": 202,
      "ResponseHeaders": {
        "Cache-Control": "no-cache",
        "Content-Length": "0",
        "Date": "Thu, 11 Jul 2024 05:49:30 GMT",
        "Expires": "-1",
        "Location": "https://REDACTED.azure.com/subscriptions/2cd617ea-1866-46b1-90e3-fffb087ebf9b/operationresults/eyJqb2JJZCI6IlJFU09VUkNFR1JPVVBERUxFVElPTkpPQi1KQVZBQ1NNUkc3MDQyOC1FQVNUVVMiLCJqb2JMb2NhdGlvbiI6ImVhc3R1cyJ9?api-version=2024-03-01&t=638562737705436728&c=MIIHhzCCBm-gAwIBAgITHgTLf2Bo2ctQx42TXQAABMt_YDANBgkqhkiG9w0BAQsFADBEMRMwEQYKCZImiZPyLGQBGRYDR0JMMRMwEQYKCZImiZPyLGQBGRYDQU1FMRgwFgYDVQQDEw9BTUUgSW5mcmEgQ0EgMDYwHhcNMjQwNjI0MTExMDUyWhcNMjUwNjE5MTExMDUyWjBAMT4wPAYDVQQDEzVhc3luY29wZXJhdGlvbnNpZ25pbmdjZXJ0aWZpY2F0ZS5tYW5hZ2VtZW50LmF6dXJlLmNvbTCCASIwDQYJKoZIhvcNAQEBBQADggEPADCCAQoCggEBAJlnrj2pdevN1SIOk4Ymmo6b0y9Je4RZXWejQSMTCH35NFEHss9bBD2CGcY3xU4F2W7onMR_2J9BMUNk3BAub3AoLlqVrcx5dzI0ay_5toyOhu-L1pN7aSQdp7J-LzA-UW_CLp2D_65mjx1ZER-HWOV5QedBCvUwhqtSal8AbzrK5Qth8tntkg5tzjChuGo9vkh1pnXKQyYHQMdulCipi-EK8sPOQpZyiVIRujiHxTJMjdxz4gCG4rAFAK8_jK4UC73mwHm7BAlfbfkkZtxW5sVSGLrYwFPkNIDtNGoINbTjOqTmJR02AYrzu-AeRS1DP-HxtHci9UFjOurKjaUYhTUCAwEAAaOCBHQwggRwMCcGCSsGAQQBgjcVCgQaMBgwCgYIKwYBBQUHAwEwCgYIKwYBBQUHAwIwPQYJKwYBBAGCNxUHBDAwLgYmKwYBBAGCNxUIhpDjDYTVtHiE8Ys-hZvdFs6dEoFggvX2K4Py0SACAWQCAQowggHLBggrBgEFBQcBAQSCAb0wggG5MGMGCCsGAQUFBzAChldodHRwOi8vY3JsLm1pY3Jvc29mdC5jb20vcGtpaW5mcmEvQ2VydHMvQkwyUEtJSU5UQ0EwMi5BTUUuR0JMX0FNRSUyMEluZnJhJTIwQ0ElMjAwNi5jcnQwUwYIKwYBBQUHMAKGR2h0dHA6Ly9jcmwxLmFtZS5nYmwvYWlhL0JMMlBLSUlOVENBMDIuQU1FLkdCTF9BTUUlMjBJbmZyYSUyMENBJTIwMDYuY3J0MFMGCCsGAQUFBzAChkdodHRwOi8vY3JsMi5hbWUuZ2JsL2FpYS9CTDJQS0lJTlRDQTAyLkFNRS5HQkxfQU1FJTIwSW5mcmElMjBDQSUyMDA2LmNydDBTBggrBgEFBQcwAoZHaHR0cDovL2NybDMuYW1lLmdibC9haWEvQkwyUEtJSU5UQ0EwMi5BTUUuR0JMX0FNRSUyMEluZnJhJTIwQ0ElMjAwNi5jcnQwUwYIKwYBBQUHMAKGR2h0dHA6Ly9jcmw0LmFtZS5nYmwvYWlhL0JMMlBLSUlOVENBMDIuQU1FLkdCTF9BTUUlMjBJbmZyYSUyMENBJTIwMDYuY3J0MB0GA1UdDgQWBBTxZpd7aM59MC90B8etCBMRpcVJhTAOBgNVHQ8BAf8EBAMCBaAwggEmBgNVHR8EggEdMIIBGTCCARWgggERoIIBDYY_aHR0cDovL2NybC5taWNyb3NvZnQuY29tL3BraWluZnJhL0NSTC9BTUUlMjBJbmZyYSUyMENBJTIwMDYuY3JshjFodHRwOi8vY3JsMS5hbWUuZ2JsL2NybC9BTUUlMjBJbmZyYSUyMENBJTIwMDYuY3JshjFodHRwOi8vY3JsMi5hbWUuZ2JsL2NybC9BTUUlMjBJbmZyYSUyMENBJTIwMDYuY3JshjFodHRwOi8vY3JsMy5hbWUuZ2JsL2NybC9BTUUlMjBJbmZyYSUyMENBJTIwMDYuY3JshjFodHRwOi8vY3JsNC5hbWUuZ2JsL2NybC9BTUUlMjBJbmZyYSUyMENBJTIwMDYuY3JsMIGdBgNVHSAEgZUwgZIwDAYKKwYBBAGCN3sBATBmBgorBgEEAYI3ewICMFgwVgYIKwYBBQUHAgIwSh5IADMAMwBlADAAMQA5ADIAMQAtADQAZAA2ADQALQA0AGYAOABjAC0AYQAwADUANQAtADUAYgBkAGEAZgBmAGQANQBlADMAMwBkMAwGCisGAQQBgjd7AwEwDAYKKwYBBAGCN3sEATAfBgNVHSMEGDAWgBTxRmjG8cPwKy19i2rhsvm-NfzRQTAdBgNVHSUEFjAUBggrBgEFBQcDAQYIKwYBBQUHAwIwDQYJKoZIhvcNAQELBQADggEBAHAEnYrjKwIEeZD6k6Jnduw9QE83ye3e6yI36Y6jc5gavwpltarWjUevLWA6bzqnIMEbxZot_oo7GgSjb9hcbtTWjf_cW7PWDbQSC5WExVS4rTM5XJOQlXIeguIDWoXNGCzJBnYfUfUEfW8ZdjPKbJ7_7OQo_y-DgeRynB9KRCkpH4wZ1X5EQR-13kZvzXCVNpw1yiAELFyVScpLMqfm5iM9nMEMU7Og9hgeUL4q7EwPPbvn6qRq4ehK7ctlmEItOmMlgtNqT3IRhFnMIIsqnZu7BTfLyXR_8geMDnVJlhUXkb73ZpHNIBaoXmHwLpUQLBwoqG0ME1rP1_9UfVhYmNs&s=hpFg14WwRb7AnvrSX1uyjeH5VpePU72PfmAmeiqNXmcYKNngY8TD0Ndrzt7e-Neyp6envYPEwHWOy5REutf_FXTHY9Lp9qPGPWwDxKjlX9Y3afvs3BpW_SAt2WJR6lVf3ugL5Dn5h0hmEriFFB0LyvrZU-dagcDTkobeQgzvZMEA-q0C7Xki6JRCYWqMUXSiMLn62LX3sPljfhmZKUcoEVbO6YD9n_tDyXrSgGihc4-gjszSN3tZRygpSUxPIHj9MfaGBojqyGnNqT2Pd1syj-sOduOPCiXvrJx-UiTQ-cjv3fSeT26i57jBKPj23OmnUJkOF606pJWklC0Y6QTToQ&h=4skgvqutzOkL1Vn8kpURVmXVQrt6-a5D9EAk8yjK06w",
        "Pragma": "no-cache",
        "Retry-After": "0",
        "Strict-Transport-Security": "max-age=31536000; includeSubDomains",
        "X-Cache": "CONFIG_NOCACHE",
        "X-Content-Type-Options": "nosniff",
        "x-ms-correlation-request-id": "7f7253b5-52f1-4d5a-a14f-a67b62678c6b",
        "x-ms-ratelimit-remaining-subscription-reads": "11999",
        "x-ms-request-id": "Sanitized",
        "x-ms-routing-request-id": "JAPANEAST:20240711T054930Z:7f7253b5-52f1-4d5a-a14f-a67b62678c6b",
        "X-MSEdge-Ref": "Ref A: ABB855DE1BE540FE81E17C327D5E8B46 Ref B: TYO201151006060 Ref C: 2024-07-11T05:49:29Z"
      },
      "ResponseBody": null
    },
    {
      "RequestUri": "https://REDACTED/subscriptions/00000000-0000-0000-0000-000000000000/operationresults/eyJqb2JJZCI6IlJFU09VUkNFR1JPVVBERUxFVElPTkpPQi1KQVZBQ1NNUkc3MDQyOC1FQVNUVVMiLCJqb2JMb2NhdGlvbiI6ImVhc3R1cyJ9?api-version=2024-03-01&t=638562737705436728&c=MIIHhzCCBm-gAwIBAgITHgTLf2Bo2ctQx42TXQAABMt_YDANBgkqhkiG9w0BAQsFADBEMRMwEQYKCZImiZPyLGQBGRYDR0JMMRMwEQYKCZImiZPyLGQBGRYDQU1FMRgwFgYDVQQDEw9BTUUgSW5mcmEgQ0EgMDYwHhcNMjQwNjI0MTExMDUyWhcNMjUwNjE5MTExMDUyWjBAMT4wPAYDVQQDEzVhc3luY29wZXJhdGlvbnNpZ25pbmdjZXJ0aWZpY2F0ZS5tYW5hZ2VtZW50LmF6dXJlLmNvbTCCASIwDQYJKoZIhvcNAQEBBQADggEPADCCAQoCggEBAJlnrj2pdevN1SIOk4Ymmo6b0y9Je4RZXWejQSMTCH35NFEHss9bBD2CGcY3xU4F2W7onMR_2J9BMUNk3BAub3AoLlqVrcx5dzI0ay_5toyOhu-L1pN7aSQdp7J-LzA-UW_CLp2D_65mjx1ZER-HWOV5QedBCvUwhqtSal8AbzrK5Qth8tntkg5tzjChuGo9vkh1pnXKQyYHQMdulCipi-EK8sPOQpZyiVIRujiHxTJMjdxz4gCG4rAFAK8_jK4UC73mwHm7BAlfbfkkZtxW5sVSGLrYwFPkNIDtNGoINbTjOqTmJR02AYrzu-AeRS1DP-HxtHci9UFjOurKjaUYhTUCAwEAAaOCBHQwggRwMCcGCSsGAQQBgjcVCgQaMBgwCgYIKwYBBQUHAwEwCgYIKwYBBQUHAwIwPQYJKwYBBAGCNxUHBDAwLgYmKwYBBAGCNxUIhpDjDYTVtHiE8Ys-hZvdFs6dEoFggvX2K4Py0SACAWQCAQowggHLBggrBgEFBQcBAQSCAb0wggG5MGMGCCsGAQUFBzAChldodHRwOi8vY3JsLm1pY3Jvc29mdC5jb20vcGtpaW5mcmEvQ2VydHMvQkwyUEtJSU5UQ0EwMi5BTUUuR0JMX0FNRSUyMEluZnJhJTIwQ0ElMjAwNi5jcnQwUwYIKwYBBQUHMAKGR2h0dHA6Ly9jcmwxLmFtZS5nYmwvYWlhL0JMMlBLSUlOVENBMDIuQU1FLkdCTF9BTUUlMjBJbmZyYSUyMENBJTIwMDYuY3J0MFMGCCsGAQUFBzAChkdodHRwOi8vY3JsMi5hbWUuZ2JsL2FpYS9CTDJQS0lJTlRDQTAyLkFNRS5HQkxfQU1FJTIwSW5mcmElMjBDQSUyMDA2LmNydDBTBggrBgEFBQcwAoZHaHR0cDovL2NybDMuYW1lLmdibC9haWEvQkwyUEtJSU5UQ0EwMi5BTUUuR0JMX0FNRSUyMEluZnJhJTIwQ0ElMjAwNi5jcnQwUwYIKwYBBQUHMAKGR2h0dHA6Ly9jcmw0LmFtZS5nYmwvYWlhL0JMMlBLSUlOVENBMDIuQU1FLkdCTF9BTUUlMjBJbmZyYSUyMENBJTIwMDYuY3J0MB0GA1UdDgQWBBTxZpd7aM59MC90B8etCBMRpcVJhTAOBgNVHQ8BAf8EBAMCBaAwggEmBgNVHR8EggEdMIIBGTCCARWgggERoIIBDYY_aHR0cDovL2NybC5taWNyb3NvZnQuY29tL3BraWluZnJhL0NSTC9BTUUlMjBJbmZyYSUyMENBJTIwMDYuY3JshjFodHRwOi8vY3JsMS5hbWUuZ2JsL2NybC9BTUUlMjBJbmZyYSUyMENBJTIwMDYuY3JshjFodHRwOi8vY3JsMi5hbWUuZ2JsL2NybC9BTUUlMjBJbmZyYSUyMENBJTIwMDYuY3JshjFodHRwOi8vY3JsMy5hbWUuZ2JsL2NybC9BTUUlMjBJbmZyYSUyMENBJTIwMDYuY3JshjFodHRwOi8vY3JsNC5hbWUuZ2JsL2NybC9BTUUlMjBJbmZyYSUyMENBJTIwMDYuY3JsMIGdBgNVHSAEgZUwgZIwDAYKKwYBBAGCN3sBATBmBgorBgEEAYI3ewICMFgwVgYIKwYBBQUHAgIwSh5IADMAMwBlADAAMQA5ADIAMQAtADQAZAA2ADQALQA0AGYAOABjAC0AYQAwADUANQAtADUAYgBkAGEAZgBmAGQANQBlADMAMwBkMAwGCisGAQQBgjd7AwEwDAYKKwYBBAGCN3sEATAfBgNVHSMEGDAWgBTxRmjG8cPwKy19i2rhsvm-NfzRQTAdBgNVHSUEFjAUBggrBgEFBQcDAQYIKwYBBQUHAwIwDQYJKoZIhvcNAQELBQADggEBAHAEnYrjKwIEeZD6k6Jnduw9QE83ye3e6yI36Y6jc5gavwpltarWjUevLWA6bzqnIMEbxZot_oo7GgSjb9hcbtTWjf_cW7PWDbQSC5WExVS4rTM5XJOQlXIeguIDWoXNGCzJBnYfUfUEfW8ZdjPKbJ7_7OQo_y-DgeRynB9KRCkpH4wZ1X5EQR-13kZvzXCVNpw1yiAELFyVScpLMqfm5iM9nMEMU7Og9hgeUL4q7EwPPbvn6qRq4ehK7ctlmEItOmMlgtNqT3IRhFnMIIsqnZu7BTfLyXR_8geMDnVJlhUXkb73ZpHNIBaoXmHwLpUQLBwoqG0ME1rP1_9UfVhYmNs&s=hpFg14WwRb7AnvrSX1uyjeH5VpePU72PfmAmeiqNXmcYKNngY8TD0Ndrzt7e-Neyp6envYPEwHWOy5REutf_FXTHY9Lp9qPGPWwDxKjlX9Y3afvs3BpW_SAt2WJR6lVf3ugL5Dn5h0hmEriFFB0LyvrZU-dagcDTkobeQgzvZMEA-q0C7Xki6JRCYWqMUXSiMLn62LX3sPljfhmZKUcoEVbO6YD9n_tDyXrSgGihc4-gjszSN3tZRygpSUxPIHj9MfaGBojqyGnNqT2Pd1syj-sOduOPCiXvrJx-UiTQ-cjv3fSeT26i57jBKPj23OmnUJkOF606pJWklC0Y6QTToQ&h=4skgvqutzOkL1Vn8kpURVmXVQrt6-a5D9EAk8yjK06w",
      "RequestMethod": "GET",
      "RequestHeaders": {
        "Accept": "application/json",
        "Authorization": "Sanitized",
        "Date": "Thu, 11 Jul 2024 05:49:45 GMT",
        "User-Agent": "azsdk-java-com.azure.resourcemanager.resources/2.41.0-beta.1 (17.0.7; Windows 11; 10.0)",
        "x-ms-client-request-id": "Sanitized",
        "x-ms-return-client-request-id": "true"
      },
      "RequestBody": null,
      "StatusCode": 202,
      "ResponseHeaders": {
        "Cache-Control": "no-cache",
        "Content-Length": "0",
        "Date": "Thu, 11 Jul 2024 05:49:46 GMT",
        "Expires": "-1",
        "Location": "https://REDACTED.azure.com/subscriptions/2cd617ea-1866-46b1-90e3-fffb087ebf9b/operationresults/eyJqb2JJZCI6IlJFU09VUkNFR1JPVVBERUxFVElPTkpPQi1KQVZBQ1NNUkc3MDQyOC1FQVNUVVMiLCJqb2JMb2NhdGlvbiI6ImVhc3R1cyJ9?api-version=2024-03-01&t=638562737865644314&c=MIIHhzCCBm-gAwIBAgITHgTLf2Bo2ctQx42TXQAABMt_YDANBgkqhkiG9w0BAQsFADBEMRMwEQYKCZImiZPyLGQBGRYDR0JMMRMwEQYKCZImiZPyLGQBGRYDQU1FMRgwFgYDVQQDEw9BTUUgSW5mcmEgQ0EgMDYwHhcNMjQwNjI0MTExMDUyWhcNMjUwNjE5MTExMDUyWjBAMT4wPAYDVQQDEzVhc3luY29wZXJhdGlvbnNpZ25pbmdjZXJ0aWZpY2F0ZS5tYW5hZ2VtZW50LmF6dXJlLmNvbTCCASIwDQYJKoZIhvcNAQEBBQADggEPADCCAQoCggEBAJlnrj2pdevN1SIOk4Ymmo6b0y9Je4RZXWejQSMTCH35NFEHss9bBD2CGcY3xU4F2W7onMR_2J9BMUNk3BAub3AoLlqVrcx5dzI0ay_5toyOhu-L1pN7aSQdp7J-LzA-UW_CLp2D_65mjx1ZER-HWOV5QedBCvUwhqtSal8AbzrK5Qth8tntkg5tzjChuGo9vkh1pnXKQyYHQMdulCipi-EK8sPOQpZyiVIRujiHxTJMjdxz4gCG4rAFAK8_jK4UC73mwHm7BAlfbfkkZtxW5sVSGLrYwFPkNIDtNGoINbTjOqTmJR02AYrzu-AeRS1DP-HxtHci9UFjOurKjaUYhTUCAwEAAaOCBHQwggRwMCcGCSsGAQQBgjcVCgQaMBgwCgYIKwYBBQUHAwEwCgYIKwYBBQUHAwIwPQYJKwYBBAGCNxUHBDAwLgYmKwYBBAGCNxUIhpDjDYTVtHiE8Ys-hZvdFs6dEoFggvX2K4Py0SACAWQCAQowggHLBggrBgEFBQcBAQSCAb0wggG5MGMGCCsGAQUFBzAChldodHRwOi8vY3JsLm1pY3Jvc29mdC5jb20vcGtpaW5mcmEvQ2VydHMvQkwyUEtJSU5UQ0EwMi5BTUUuR0JMX0FNRSUyMEluZnJhJTIwQ0ElMjAwNi5jcnQwUwYIKwYBBQUHMAKGR2h0dHA6Ly9jcmwxLmFtZS5nYmwvYWlhL0JMMlBLSUlOVENBMDIuQU1FLkdCTF9BTUUlMjBJbmZyYSUyMENBJTIwMDYuY3J0MFMGCCsGAQUFBzAChkdodHRwOi8vY3JsMi5hbWUuZ2JsL2FpYS9CTDJQS0lJTlRDQTAyLkFNRS5HQkxfQU1FJTIwSW5mcmElMjBDQSUyMDA2LmNydDBTBggrBgEFBQcwAoZHaHR0cDovL2NybDMuYW1lLmdibC9haWEvQkwyUEtJSU5UQ0EwMi5BTUUuR0JMX0FNRSUyMEluZnJhJTIwQ0ElMjAwNi5jcnQwUwYIKwYBBQUHMAKGR2h0dHA6Ly9jcmw0LmFtZS5nYmwvYWlhL0JMMlBLSUlOVENBMDIuQU1FLkdCTF9BTUUlMjBJbmZyYSUyMENBJTIwMDYuY3J0MB0GA1UdDgQWBBTxZpd7aM59MC90B8etCBMRpcVJhTAOBgNVHQ8BAf8EBAMCBaAwggEmBgNVHR8EggEdMIIBGTCCARWgggERoIIBDYY_aHR0cDovL2NybC5taWNyb3NvZnQuY29tL3BraWluZnJhL0NSTC9BTUUlMjBJbmZyYSUyMENBJTIwMDYuY3JshjFodHRwOi8vY3JsMS5hbWUuZ2JsL2NybC9BTUUlMjBJbmZyYSUyMENBJTIwMDYuY3JshjFodHRwOi8vY3JsMi5hbWUuZ2JsL2NybC9BTUUlMjBJbmZyYSUyMENBJTIwMDYuY3JshjFodHRwOi8vY3JsMy5hbWUuZ2JsL2NybC9BTUUlMjBJbmZyYSUyMENBJTIwMDYuY3JshjFodHRwOi8vY3JsNC5hbWUuZ2JsL2NybC9BTUUlMjBJbmZyYSUyMENBJTIwMDYuY3JsMIGdBgNVHSAEgZUwgZIwDAYKKwYBBAGCN3sBATBmBgorBgEEAYI3ewICMFgwVgYIKwYBBQUHAgIwSh5IADMAMwBlADAAMQA5ADIAMQAtADQAZAA2ADQALQA0AGYAOABjAC0AYQAwADUANQAtADUAYgBkAGEAZgBmAGQANQBlADMAMwBkMAwGCisGAQQBgjd7AwEwDAYKKwYBBAGCN3sEATAfBgNVHSMEGDAWgBTxRmjG8cPwKy19i2rhsvm-NfzRQTAdBgNVHSUEFjAUBggrBgEFBQcDAQYIKwYBBQUHAwIwDQYJKoZIhvcNAQELBQADggEBAHAEnYrjKwIEeZD6k6Jnduw9QE83ye3e6yI36Y6jc5gavwpltarWjUevLWA6bzqnIMEbxZot_oo7GgSjb9hcbtTWjf_cW7PWDbQSC5WExVS4rTM5XJOQlXIeguIDWoXNGCzJBnYfUfUEfW8ZdjPKbJ7_7OQo_y-DgeRynB9KRCkpH4wZ1X5EQR-13kZvzXCVNpw1yiAELFyVScpLMqfm5iM9nMEMU7Og9hgeUL4q7EwPPbvn6qRq4ehK7ctlmEItOmMlgtNqT3IRhFnMIIsqnZu7BTfLyXR_8geMDnVJlhUXkb73ZpHNIBaoXmHwLpUQLBwoqG0ME1rP1_9UfVhYmNs&s=EqwCBz0_M4spDGPPbtbSuUrnggMLE8N854e9W98sxNUNjQMCpQtQuUGleVm30ad9rX0E49FC63-lCVK0NzXmohBY8pwnltIcjUJEc6CSitFOWyvh4LVWFNicqYPzTRcEsoflZge_Um1iX1jXkKuyU9mLkq20ko4u55S35_Cw7Kkb5Hll0jZZJY-aB92hBNGcJSCZVQ6lhYYqKUxZUqVgoS5j_Meaf5vAFdWAX2GrzQTzibjmU4GH0nqVepl0lr-VATWKbFZpZ07sHjmvHR7mei3vI5qZkT2J0zI9pyHFCKpGJtDXo6SXybgffQYJ7teuM9o5BMRBA6KFY5FqqPH9Zw&h=lBGgJ029FdF_CdJTa74P67gKkzpq5MsEKl7i3B9voII",
        "Pragma": "no-cache",
        "Retry-After": "0",
        "Strict-Transport-Security": "max-age=31536000; includeSubDomains",
        "X-Cache": "CONFIG_NOCACHE",
        "X-Content-Type-Options": "nosniff",
        "x-ms-correlation-request-id": "510c99ab-2d6a-440f-9ad1-476d8753b2eb",
        "x-ms-ratelimit-remaining-subscription-reads": "11998",
        "x-ms-request-id": "Sanitized",
        "x-ms-routing-request-id": "JAPANEAST:20240711T054946Z:510c99ab-2d6a-440f-9ad1-476d8753b2eb",
        "X-MSEdge-Ref": "Ref A: 0DA39810C507449B9C24831FC456BFEC Ref B: TYO201151006060 Ref C: 2024-07-11T05:49:45Z"
      },
      "ResponseBody": null
    },
    {
      "RequestUri": "https://REDACTED/subscriptions/00000000-0000-0000-0000-000000000000/operationresults/eyJqb2JJZCI6IlJFU09VUkNFR1JPVVBERUxFVElPTkpPQi1KQVZBQ1NNUkc3MDQyOC1FQVNUVVMiLCJqb2JMb2NhdGlvbiI6ImVhc3R1cyJ9?api-version=2024-03-01&t=638562737865644314&c=MIIHhzCCBm-gAwIBAgITHgTLf2Bo2ctQx42TXQAABMt_YDANBgkqhkiG9w0BAQsFADBEMRMwEQYKCZImiZPyLGQBGRYDR0JMMRMwEQYKCZImiZPyLGQBGRYDQU1FMRgwFgYDVQQDEw9BTUUgSW5mcmEgQ0EgMDYwHhcNMjQwNjI0MTExMDUyWhcNMjUwNjE5MTExMDUyWjBAMT4wPAYDVQQDEzVhc3luY29wZXJhdGlvbnNpZ25pbmdjZXJ0aWZpY2F0ZS5tYW5hZ2VtZW50LmF6dXJlLmNvbTCCASIwDQYJKoZIhvcNAQEBBQADggEPADCCAQoCggEBAJlnrj2pdevN1SIOk4Ymmo6b0y9Je4RZXWejQSMTCH35NFEHss9bBD2CGcY3xU4F2W7onMR_2J9BMUNk3BAub3AoLlqVrcx5dzI0ay_5toyOhu-L1pN7aSQdp7J-LzA-UW_CLp2D_65mjx1ZER-HWOV5QedBCvUwhqtSal8AbzrK5Qth8tntkg5tzjChuGo9vkh1pnXKQyYHQMdulCipi-EK8sPOQpZyiVIRujiHxTJMjdxz4gCG4rAFAK8_jK4UC73mwHm7BAlfbfkkZtxW5sVSGLrYwFPkNIDtNGoINbTjOqTmJR02AYrzu-AeRS1DP-HxtHci9UFjOurKjaUYhTUCAwEAAaOCBHQwggRwMCcGCSsGAQQBgjcVCgQaMBgwCgYIKwYBBQUHAwEwCgYIKwYBBQUHAwIwPQYJKwYBBAGCNxUHBDAwLgYmKwYBBAGCNxUIhpDjDYTVtHiE8Ys-hZvdFs6dEoFggvX2K4Py0SACAWQCAQowggHLBggrBgEFBQcBAQSCAb0wggG5MGMGCCsGAQUFBzAChldodHRwOi8vY3JsLm1pY3Jvc29mdC5jb20vcGtpaW5mcmEvQ2VydHMvQkwyUEtJSU5UQ0EwMi5BTUUuR0JMX0FNRSUyMEluZnJhJTIwQ0ElMjAwNi5jcnQwUwYIKwYBBQUHMAKGR2h0dHA6Ly9jcmwxLmFtZS5nYmwvYWlhL0JMMlBLSUlOVENBMDIuQU1FLkdCTF9BTUUlMjBJbmZyYSUyMENBJTIwMDYuY3J0MFMGCCsGAQUFBzAChkdodHRwOi8vY3JsMi5hbWUuZ2JsL2FpYS9CTDJQS0lJTlRDQTAyLkFNRS5HQkxfQU1FJTIwSW5mcmElMjBDQSUyMDA2LmNydDBTBggrBgEFBQcwAoZHaHR0cDovL2NybDMuYW1lLmdibC9haWEvQkwyUEtJSU5UQ0EwMi5BTUUuR0JMX0FNRSUyMEluZnJhJTIwQ0ElMjAwNi5jcnQwUwYIKwYBBQUHMAKGR2h0dHA6Ly9jcmw0LmFtZS5nYmwvYWlhL0JMMlBLSUlOVENBMDIuQU1FLkdCTF9BTUUlMjBJbmZyYSUyMENBJTIwMDYuY3J0MB0GA1UdDgQWBBTxZpd7aM59MC90B8etCBMRpcVJhTAOBgNVHQ8BAf8EBAMCBaAwggEmBgNVHR8EggEdMIIBGTCCARWgggERoIIBDYY_aHR0cDovL2NybC5taWNyb3NvZnQuY29tL3BraWluZnJhL0NSTC9BTUUlMjBJbmZyYSUyMENBJTIwMDYuY3JshjFodHRwOi8vY3JsMS5hbWUuZ2JsL2NybC9BTUUlMjBJbmZyYSUyMENBJTIwMDYuY3JshjFodHRwOi8vY3JsMi5hbWUuZ2JsL2NybC9BTUUlMjBJbmZyYSUyMENBJTIwMDYuY3JshjFodHRwOi8vY3JsMy5hbWUuZ2JsL2NybC9BTUUlMjBJbmZyYSUyMENBJTIwMDYuY3JshjFodHRwOi8vY3JsNC5hbWUuZ2JsL2NybC9BTUUlMjBJbmZyYSUyMENBJTIwMDYuY3JsMIGdBgNVHSAEgZUwgZIwDAYKKwYBBAGCN3sBATBmBgorBgEEAYI3ewICMFgwVgYIKwYBBQUHAgIwSh5IADMAMwBlADAAMQA5ADIAMQAtADQAZAA2ADQALQA0AGYAOABjAC0AYQAwADUANQAtADUAYgBkAGEAZgBmAGQANQBlADMAMwBkMAwGCisGAQQBgjd7AwEwDAYKKwYBBAGCN3sEATAfBgNVHSMEGDAWgBTxRmjG8cPwKy19i2rhsvm-NfzRQTAdBgNVHSUEFjAUBggrBgEFBQcDAQYIKwYBBQUHAwIwDQYJKoZIhvcNAQELBQADggEBAHAEnYrjKwIEeZD6k6Jnduw9QE83ye3e6yI36Y6jc5gavwpltarWjUevLWA6bzqnIMEbxZot_oo7GgSjb9hcbtTWjf_cW7PWDbQSC5WExVS4rTM5XJOQlXIeguIDWoXNGCzJBnYfUfUEfW8ZdjPKbJ7_7OQo_y-DgeRynB9KRCkpH4wZ1X5EQR-13kZvzXCVNpw1yiAELFyVScpLMqfm5iM9nMEMU7Og9hgeUL4q7EwPPbvn6qRq4ehK7ctlmEItOmMlgtNqT3IRhFnMIIsqnZu7BTfLyXR_8geMDnVJlhUXkb73ZpHNIBaoXmHwLpUQLBwoqG0ME1rP1_9UfVhYmNs&s=EqwCBz0_M4spDGPPbtbSuUrnggMLE8N854e9W98sxNUNjQMCpQtQuUGleVm30ad9rX0E49FC63-lCVK0NzXmohBY8pwnltIcjUJEc6CSitFOWyvh4LVWFNicqYPzTRcEsoflZge_Um1iX1jXkKuyU9mLkq20ko4u55S35_Cw7Kkb5Hll0jZZJY-aB92hBNGcJSCZVQ6lhYYqKUxZUqVgoS5j_Meaf5vAFdWAX2GrzQTzibjmU4GH0nqVepl0lr-VATWKbFZpZ07sHjmvHR7mei3vI5qZkT2J0zI9pyHFCKpGJtDXo6SXybgffQYJ7teuM9o5BMRBA6KFY5FqqPH9Zw&h=lBGgJ029FdF_CdJTa74P67gKkzpq5MsEKl7i3B9voII",
      "RequestMethod": "GET",
      "RequestHeaders": {
        "Accept": "application/json",
        "Authorization": "Sanitized",
        "Date": "Thu, 11 Jul 2024 05:50:01 GMT",
        "User-Agent": "azsdk-java-com.azure.resourcemanager.resources/2.41.0-beta.1 (17.0.7; Windows 11; 10.0)",
        "x-ms-client-request-id": "Sanitized",
        "x-ms-return-client-request-id": "true"
      },
      "RequestBody": null,
      "StatusCode": 202,
      "ResponseHeaders": {
        "Cache-Control": "no-cache",
        "Content-Length": "0",
        "Date": "Thu, 11 Jul 2024 05:50:02 GMT",
        "Expires": "-1",
        "Location": "https://REDACTED.azure.com/subscriptions/2cd617ea-1866-46b1-90e3-fffb087ebf9b/operationresults/eyJqb2JJZCI6IlJFU09VUkNFR1JPVVBERUxFVElPTkpPQi1KQVZBQ1NNUkc3MDQyOC1FQVNUVVMiLCJqb2JMb2NhdGlvbiI6ImVhc3R1cyJ9?api-version=2024-03-01&t=638562738026092918&c=MIIHhzCCBm-gAwIBAgITHgTLf2Bo2ctQx42TXQAABMt_YDANBgkqhkiG9w0BAQsFADBEMRMwEQYKCZImiZPyLGQBGRYDR0JMMRMwEQYKCZImiZPyLGQBGRYDQU1FMRgwFgYDVQQDEw9BTUUgSW5mcmEgQ0EgMDYwHhcNMjQwNjI0MTExMDUyWhcNMjUwNjE5MTExMDUyWjBAMT4wPAYDVQQDEzVhc3luY29wZXJhdGlvbnNpZ25pbmdjZXJ0aWZpY2F0ZS5tYW5hZ2VtZW50LmF6dXJlLmNvbTCCASIwDQYJKoZIhvcNAQEBBQADggEPADCCAQoCggEBAJlnrj2pdevN1SIOk4Ymmo6b0y9Je4RZXWejQSMTCH35NFEHss9bBD2CGcY3xU4F2W7onMR_2J9BMUNk3BAub3AoLlqVrcx5dzI0ay_5toyOhu-L1pN7aSQdp7J-LzA-UW_CLp2D_65mjx1ZER-HWOV5QedBCvUwhqtSal8AbzrK5Qth8tntkg5tzjChuGo9vkh1pnXKQyYHQMdulCipi-EK8sPOQpZyiVIRujiHxTJMjdxz4gCG4rAFAK8_jK4UC73mwHm7BAlfbfkkZtxW5sVSGLrYwFPkNIDtNGoINbTjOqTmJR02AYrzu-AeRS1DP-HxtHci9UFjOurKjaUYhTUCAwEAAaOCBHQwggRwMCcGCSsGAQQBgjcVCgQaMBgwCgYIKwYBBQUHAwEwCgYIKwYBBQUHAwIwPQYJKwYBBAGCNxUHBDAwLgYmKwYBBAGCNxUIhpDjDYTVtHiE8Ys-hZvdFs6dEoFggvX2K4Py0SACAWQCAQowggHLBggrBgEFBQcBAQSCAb0wggG5MGMGCCsGAQUFBzAChldodHRwOi8vY3JsLm1pY3Jvc29mdC5jb20vcGtpaW5mcmEvQ2VydHMvQkwyUEtJSU5UQ0EwMi5BTUUuR0JMX0FNRSUyMEluZnJhJTIwQ0ElMjAwNi5jcnQwUwYIKwYBBQUHMAKGR2h0dHA6Ly9jcmwxLmFtZS5nYmwvYWlhL0JMMlBLSUlOVENBMDIuQU1FLkdCTF9BTUUlMjBJbmZyYSUyMENBJTIwMDYuY3J0MFMGCCsGAQUFBzAChkdodHRwOi8vY3JsMi5hbWUuZ2JsL2FpYS9CTDJQS0lJTlRDQTAyLkFNRS5HQkxfQU1FJTIwSW5mcmElMjBDQSUyMDA2LmNydDBTBggrBgEFBQcwAoZHaHR0cDovL2NybDMuYW1lLmdibC9haWEvQkwyUEtJSU5UQ0EwMi5BTUUuR0JMX0FNRSUyMEluZnJhJTIwQ0ElMjAwNi5jcnQwUwYIKwYBBQUHMAKGR2h0dHA6Ly9jcmw0LmFtZS5nYmwvYWlhL0JMMlBLSUlOVENBMDIuQU1FLkdCTF9BTUUlMjBJbmZyYSUyMENBJTIwMDYuY3J0MB0GA1UdDgQWBBTxZpd7aM59MC90B8etCBMRpcVJhTAOBgNVHQ8BAf8EBAMCBaAwggEmBgNVHR8EggEdMIIBGTCCARWgggERoIIBDYY_aHR0cDovL2NybC5taWNyb3NvZnQuY29tL3BraWluZnJhL0NSTC9BTUUlMjBJbmZyYSUyMENBJTIwMDYuY3JshjFodHRwOi8vY3JsMS5hbWUuZ2JsL2NybC9BTUUlMjBJbmZyYSUyMENBJTIwMDYuY3JshjFodHRwOi8vY3JsMi5hbWUuZ2JsL2NybC9BTUUlMjBJbmZyYSUyMENBJTIwMDYuY3JshjFodHRwOi8vY3JsMy5hbWUuZ2JsL2NybC9BTUUlMjBJbmZyYSUyMENBJTIwMDYuY3JshjFodHRwOi8vY3JsNC5hbWUuZ2JsL2NybC9BTUUlMjBJbmZyYSUyMENBJTIwMDYuY3JsMIGdBgNVHSAEgZUwgZIwDAYKKwYBBAGCN3sBATBmBgorBgEEAYI3ewICMFgwVgYIKwYBBQUHAgIwSh5IADMAMwBlADAAMQA5ADIAMQAtADQAZAA2ADQALQA0AGYAOABjAC0AYQAwADUANQAtADUAYgBkAGEAZgBmAGQANQBlADMAMwBkMAwGCisGAQQBgjd7AwEwDAYKKwYBBAGCN3sEATAfBgNVHSMEGDAWgBTxRmjG8cPwKy19i2rhsvm-NfzRQTAdBgNVHSUEFjAUBggrBgEFBQcDAQYIKwYBBQUHAwIwDQYJKoZIhvcNAQELBQADggEBAHAEnYrjKwIEeZD6k6Jnduw9QE83ye3e6yI36Y6jc5gavwpltarWjUevLWA6bzqnIMEbxZot_oo7GgSjb9hcbtTWjf_cW7PWDbQSC5WExVS4rTM5XJOQlXIeguIDWoXNGCzJBnYfUfUEfW8ZdjPKbJ7_7OQo_y-DgeRynB9KRCkpH4wZ1X5EQR-13kZvzXCVNpw1yiAELFyVScpLMqfm5iM9nMEMU7Og9hgeUL4q7EwPPbvn6qRq4ehK7ctlmEItOmMlgtNqT3IRhFnMIIsqnZu7BTfLyXR_8geMDnVJlhUXkb73ZpHNIBaoXmHwLpUQLBwoqG0ME1rP1_9UfVhYmNs&s=WWIoiUw9OgfAah17lzZVbonIwLUdyUp1RVUYawOAO4XBQnHxq5KClG54VvKg1wX7XGY8R1M3i38T_HP-HwRWJInyzJwzIGxIacmJrlwvTU4Z0o5rjK_ZbJrwHytwZUoGYsTG6LTWvHywi1GtJh4ulg60j2JcFaS4pGTPnFcySE6DuoxrT-t8Awvyu7k5bAM_9sjcdB8ApI8bzOwW1ZXwnYoFkeIlKLDY_d2Be2cbf-Th1ncuGZ2fc8Dm3tn1GPg4vR0IfSA-fLyJaC4NFu9qVMd5aBjeNQooUiMhALr0s1_oQLF7Z2cZAlhNxM4_IGCu15WlmCXXHTfy2tFyE0lSog&h=YrbipqfhWFOhsYmjfl2EfMGDde0qR1xz2TZt1duzYqw",
        "Pragma": "no-cache",
        "Retry-After": "0",
        "Strict-Transport-Security": "max-age=31536000; includeSubDomains",
        "X-Cache": "CONFIG_NOCACHE",
        "X-Content-Type-Options": "nosniff",
        "x-ms-correlation-request-id": "357df92d-3753-4b6c-983f-241a4c7bb1ec",
        "x-ms-ratelimit-remaining-subscription-reads": "11999",
        "x-ms-request-id": "Sanitized",
        "x-ms-routing-request-id": "JAPANEAST:20240711T055002Z:357df92d-3753-4b6c-983f-241a4c7bb1ec",
        "X-MSEdge-Ref": "Ref A: 535E2A837EF1497199E08BABAAA4BF35 Ref B: TYO201151006060 Ref C: 2024-07-11T05:50:01Z"
      },
      "ResponseBody": null
    },
    {
      "RequestUri": "https://REDACTED/subscriptions/00000000-0000-0000-0000-000000000000/operationresults/eyJqb2JJZCI6IlJFU09VUkNFR1JPVVBERUxFVElPTkpPQi1KQVZBQ1NNUkc3MDQyOC1FQVNUVVMiLCJqb2JMb2NhdGlvbiI6ImVhc3R1cyJ9?api-version=2024-03-01&t=638562738026092918&c=MIIHhzCCBm-gAwIBAgITHgTLf2Bo2ctQx42TXQAABMt_YDANBgkqhkiG9w0BAQsFADBEMRMwEQYKCZImiZPyLGQBGRYDR0JMMRMwEQYKCZImiZPyLGQBGRYDQU1FMRgwFgYDVQQDEw9BTUUgSW5mcmEgQ0EgMDYwHhcNMjQwNjI0MTExMDUyWhcNMjUwNjE5MTExMDUyWjBAMT4wPAYDVQQDEzVhc3luY29wZXJhdGlvbnNpZ25pbmdjZXJ0aWZpY2F0ZS5tYW5hZ2VtZW50LmF6dXJlLmNvbTCCASIwDQYJKoZIhvcNAQEBBQADggEPADCCAQoCggEBAJlnrj2pdevN1SIOk4Ymmo6b0y9Je4RZXWejQSMTCH35NFEHss9bBD2CGcY3xU4F2W7onMR_2J9BMUNk3BAub3AoLlqVrcx5dzI0ay_5toyOhu-L1pN7aSQdp7J-LzA-UW_CLp2D_65mjx1ZER-HWOV5QedBCvUwhqtSal8AbzrK5Qth8tntkg5tzjChuGo9vkh1pnXKQyYHQMdulCipi-EK8sPOQpZyiVIRujiHxTJMjdxz4gCG4rAFAK8_jK4UC73mwHm7BAlfbfkkZtxW5sVSGLrYwFPkNIDtNGoINbTjOqTmJR02AYrzu-AeRS1DP-HxtHci9UFjOurKjaUYhTUCAwEAAaOCBHQwggRwMCcGCSsGAQQBgjcVCgQaMBgwCgYIKwYBBQUHAwEwCgYIKwYBBQUHAwIwPQYJKwYBBAGCNxUHBDAwLgYmKwYBBAGCNxUIhpDjDYTVtHiE8Ys-hZvdFs6dEoFggvX2K4Py0SACAWQCAQowggHLBggrBgEFBQcBAQSCAb0wggG5MGMGCCsGAQUFBzAChldodHRwOi8vY3JsLm1pY3Jvc29mdC5jb20vcGtpaW5mcmEvQ2VydHMvQkwyUEtJSU5UQ0EwMi5BTUUuR0JMX0FNRSUyMEluZnJhJTIwQ0ElMjAwNi5jcnQwUwYIKwYBBQUHMAKGR2h0dHA6Ly9jcmwxLmFtZS5nYmwvYWlhL0JMMlBLSUlOVENBMDIuQU1FLkdCTF9BTUUlMjBJbmZyYSUyMENBJTIwMDYuY3J0MFMGCCsGAQUFBzAChkdodHRwOi8vY3JsMi5hbWUuZ2JsL2FpYS9CTDJQS0lJTlRDQTAyLkFNRS5HQkxfQU1FJTIwSW5mcmElMjBDQSUyMDA2LmNydDBTBggrBgEFBQcwAoZHaHR0cDovL2NybDMuYW1lLmdibC9haWEvQkwyUEtJSU5UQ0EwMi5BTUUuR0JMX0FNRSUyMEluZnJhJTIwQ0ElMjAwNi5jcnQwUwYIKwYBBQUHMAKGR2h0dHA6Ly9jcmw0LmFtZS5nYmwvYWlhL0JMMlBLSUlOVENBMDIuQU1FLkdCTF9BTUUlMjBJbmZyYSUyMENBJTIwMDYuY3J0MB0GA1UdDgQWBBTxZpd7aM59MC90B8etCBMRpcVJhTAOBgNVHQ8BAf8EBAMCBaAwggEmBgNVHR8EggEdMIIBGTCCARWgggERoIIBDYY_aHR0cDovL2NybC5taWNyb3NvZnQuY29tL3BraWluZnJhL0NSTC9BTUUlMjBJbmZyYSUyMENBJTIwMDYuY3JshjFodHRwOi8vY3JsMS5hbWUuZ2JsL2NybC9BTUUlMjBJbmZyYSUyMENBJTIwMDYuY3JshjFodHRwOi8vY3JsMi5hbWUuZ2JsL2NybC9BTUUlMjBJbmZyYSUyMENBJTIwMDYuY3JshjFodHRwOi8vY3JsMy5hbWUuZ2JsL2NybC9BTUUlMjBJbmZyYSUyMENBJTIwMDYuY3JshjFodHRwOi8vY3JsNC5hbWUuZ2JsL2NybC9BTUUlMjBJbmZyYSUyMENBJTIwMDYuY3JsMIGdBgNVHSAEgZUwgZIwDAYKKwYBBAGCN3sBATBmBgorBgEEAYI3ewICMFgwVgYIKwYBBQUHAgIwSh5IADMAMwBlADAAMQA5ADIAMQAtADQAZAA2ADQALQA0AGYAOABjAC0AYQAwADUANQAtADUAYgBkAGEAZgBmAGQANQBlADMAMwBkMAwGCisGAQQBgjd7AwEwDAYKKwYBBAGCN3sEATAfBgNVHSMEGDAWgBTxRmjG8cPwKy19i2rhsvm-NfzRQTAdBgNVHSUEFjAUBggrBgEFBQcDAQYIKwYBBQUHAwIwDQYJKoZIhvcNAQELBQADggEBAHAEnYrjKwIEeZD6k6Jnduw9QE83ye3e6yI36Y6jc5gavwpltarWjUevLWA6bzqnIMEbxZot_oo7GgSjb9hcbtTWjf_cW7PWDbQSC5WExVS4rTM5XJOQlXIeguIDWoXNGCzJBnYfUfUEfW8ZdjPKbJ7_7OQo_y-DgeRynB9KRCkpH4wZ1X5EQR-13kZvzXCVNpw1yiAELFyVScpLMqfm5iM9nMEMU7Og9hgeUL4q7EwPPbvn6qRq4ehK7ctlmEItOmMlgtNqT3IRhFnMIIsqnZu7BTfLyXR_8geMDnVJlhUXkb73ZpHNIBaoXmHwLpUQLBwoqG0ME1rP1_9UfVhYmNs&s=WWIoiUw9OgfAah17lzZVbonIwLUdyUp1RVUYawOAO4XBQnHxq5KClG54VvKg1wX7XGY8R1M3i38T_HP-HwRWJInyzJwzIGxIacmJrlwvTU4Z0o5rjK_ZbJrwHytwZUoGYsTG6LTWvHywi1GtJh4ulg60j2JcFaS4pGTPnFcySE6DuoxrT-t8Awvyu7k5bAM_9sjcdB8ApI8bzOwW1ZXwnYoFkeIlKLDY_d2Be2cbf-Th1ncuGZ2fc8Dm3tn1GPg4vR0IfSA-fLyJaC4NFu9qVMd5aBjeNQooUiMhALr0s1_oQLF7Z2cZAlhNxM4_IGCu15WlmCXXHTfy2tFyE0lSog&h=YrbipqfhWFOhsYmjfl2EfMGDde0qR1xz2TZt1duzYqw",
      "RequestMethod": "GET",
      "RequestHeaders": {
        "Accept": "application/json",
        "Authorization": "Sanitized",
        "Date": "Thu, 11 Jul 2024 05:50:17 GMT",
        "User-Agent": "azsdk-java-com.azure.resourcemanager.resources/2.41.0-beta.1 (17.0.7; Windows 11; 10.0)",
        "x-ms-client-request-id": "Sanitized",
        "x-ms-return-client-request-id": "true"
      },
      "RequestBody": null,
      "StatusCode": 200,
      "ResponseHeaders": {
        "Cache-Control": "no-cache",
        "Content-Length": "0",
        "Date": "Thu, 11 Jul 2024 05:50:18 GMT",
        "Expires": "-1",
        "Pragma": "no-cache",
        "Strict-Transport-Security": "max-age=31536000; includeSubDomains",
        "X-Cache": "CONFIG_NOCACHE",
        "X-Content-Type-Options": "nosniff",
        "x-ms-correlation-request-id": "0b995eea-14d2-4479-be47-1068ae9bbcb4",
        "x-ms-ratelimit-remaining-subscription-reads": "11998",
        "x-ms-request-id": "Sanitized",
        "x-ms-routing-request-id": "JAPANEAST:20240711T055018Z:0b995eea-14d2-4479-be47-1068ae9bbcb4",
        "X-MSEdge-Ref": "Ref A: 216C3F1664194B99B1DA3359B9E58C59 Ref B: TYO201151006060 Ref C: 2024-07-11T05:50:18Z"
      },
      "ResponseBody": null
    }
  ],
  "Variables": {
    "0": "javacsmrg70428",
    "1": "ns33956d6a",
    "2": "eh412586f5"
  }
}
