{
  "Entries": [
    {
      "RequestUri": "https://management.azure.com/subscriptions/69a75bda-882e-44d5-8431-63421204132a?api-version=2022-12-01",
      "RequestMethod": "GET",
      "RequestHeaders": {
        "Accept": "application/json",
        "Authorization": "Sanitized",
        "traceparent": "00-73e0cef8673f2f7e0032c6b2d6f60077-9a20b8de9a31ab30-00",
        "User-Agent": "azsdk-net-ResourceManager/1.7.0 (.NET 7.0.7; Microsoft Windows 10.0.22621)",
        "x-ms-client-request-id": "9620911efcb1ea96d8141382e6790a2b",
        "x-ms-return-client-request-id": "true"
      },
      "RequestBody": null,
      "StatusCode": 200,
      "ResponseHeaders": {
        "Cache-Control": "no-cache",
        "Content-Length": "422",
        "Content-Type": "application/json; charset=utf-8",
        "Date": "Mon, 18 Sep 2023 10:04:59 GMT",
        "Expires": "-1",
        "Pragma": "no-cache",
        "Strict-Transport-Security": "max-age=31536000; includeSubDomains",
        "X-Content-Type-Options": "nosniff",
        "x-ms-correlation-request-id": "bb2edc1b-5694-403c-8f1a-e4876efab751",
        "x-ms-ratelimit-remaining-subscription-reads": "11997",
        "x-ms-request-id": "bb2edc1b-5694-403c-8f1a-e4876efab751",
        "x-ms-routing-request-id": "WESTEUROPE:20230918T100500Z:bb2edc1b-5694-403c-8f1a-e4876efab751"
      },
      "ResponseBody": {
        "id": "/subscriptions/69a75bda-882e-44d5-8431-63421204132a",
        "authorizationSource": "RoleBased",
        "managedByTenants": [],
        "tags": {
          "SkipNRMSNSG": "true"
        },
        "subscriptionId": "69a75bda-882e-44d5-8431-63421204132a",
        "tenantId": "72f988bf-86f1-41af-91ab-2d7cd011db47",
        "displayName": "QATest02-SVL",
        "state": "Enabled",
        "subscriptionPolicies": {
          "locationPlacementId": "Internal_2014-09-01",
          "quotaId": "Internal_2014-09-01",
          "spendingLimit": "Off"
        }
      }
    },
    {
      "RequestUri": "https://management.azure.com/subscriptions/69a75bda-882e-44d5-8431-63421204132a/resourcegroups/testNetAppDotNetSDKRG-5892?api-version=2022-09-01",
      "RequestMethod": "PUT",
      "RequestHeaders": {
        "Accept": "application/json",
        "Authorization": "Sanitized",
        "Content-Length": "63",
        "Content-Type": "application/json",
        "traceparent": "00-12040ca6481752cd9ab88d04c93573a5-fe9048e35974d997-00",
        "User-Agent": "azsdk-net-ResourceManager/1.7.0 (.NET 7.0.7; Microsoft Windows 10.0.22621)",
        "x-ms-client-request-id": "a9fcfa5806a48ada536169064dec442f",
        "x-ms-return-client-request-id": "true"
      },
      "RequestBody": {
        "tags": {
          "test": "env",
          "Owner": "b-aubald"
        },
        "location": "westus2"
      },
      "StatusCode": 201,
      "ResponseHeaders": {
        "Cache-Control": "no-cache",
        "Content-Length": "359",
        "Content-Type": "application/json; charset=utf-8",
        "Date": "Mon, 18 Sep 2023 10:05:00 GMT",
        "Expires": "-1",
        "Pragma": "no-cache",
        "Strict-Transport-Security": "max-age=31536000; includeSubDomains",
        "X-Content-Type-Options": "nosniff",
        "x-ms-correlation-request-id": "d1b35d92-d59e-4aad-985d-07c12e88a3ed",
        "x-ms-ratelimit-remaining-subscription-writes": "1197",
        "x-ms-request-id": "d1b35d92-d59e-4aad-985d-07c12e88a3ed",
        "x-ms-routing-request-id": "WESTEUROPE:20230918T100500Z:d1b35d92-d59e-4aad-985d-07c12e88a3ed"
      },
      "ResponseBody": {
        "id": "/subscriptions/69a75bda-882e-44d5-8431-63421204132a/resourceGroups/testNetAppDotNetSDKRG-5892",
        "name": "testNetAppDotNetSDKRG-5892",
        "type": "Microsoft.Resources/resourceGroups",
        "location": "westus2",
        "tags": {
          "test": "env",
          "Owner": "b-aubald",
          "CreatedOnDate": "2023-09-18T10:05:00.222627Z",
          "SkipNRMSNSG": "true"
        },
        "properties": {
          "provisioningState": "Succeeded"
        }
      }
    },
    {
      "RequestUri": "https://management.azure.com/subscriptions/69a75bda-882e-44d5-8431-63421204132a/providers/Microsoft.NetApp/locations/westus2/quotaLimits?api-version=2023-05-01",
      "RequestMethod": "GET",
      "RequestHeaders": {
        "Accept": "application/json",
        "Authorization": "Sanitized",
        "User-Agent": "azsdk-net-ResourceManager.NetApp/1.4.0-alpha.20230915.1 (.NET 7.0.7; Microsoft Windows 10.0.22621)",
        "x-ms-client-request-id": "5793b304f1fd6e4dc61f645934b5a3d7",
        "x-ms-return-client-request-id": "true"
      },
      "RequestBody": null,
      "StatusCode": 200,
      "ResponseHeaders": {
        "Cache-Control": "no-cache",
        "Content-Length": "2816",
        "Content-Type": "application/json; charset=utf-8",
        "Date": "Mon, 18 Sep 2023 10:05:00 GMT",
        "Expires": "-1",
        "Pragma": "no-cache",
        "Server": "Microsoft-IIS/10.0",
        "Strict-Transport-Security": "max-age=31536000; includeSubDomains",
        "X-Content-Type-Options": "nosniff",
        "x-ms-correlation-request-id": "2872878b-0f22-48e4-a725-0894c8f2759a",
        "x-ms-ratelimit-remaining-subscription-reads": "11996",
        "x-ms-request-id": "ecc52e25-083a-4225-90e8-0eda8d7f53be",
        "x-ms-routing-request-id": "WESTEUROPE:20230918T100500Z:2872878b-0f22-48e4-a725-0894c8f2759a",
        "X-Powered-By": "ASP.NET"
      },
      "ResponseBody": {
        "value": [
          {
            "id": "/subscriptions/69a75bda-882e-44d5-8431-63421204132a/providers/Microsoft.NetApp/locations/westus2/quotaLimits/accountsPerSubscription",
            "name": "westus2/accountsPerSubscription",
            "type": "Microsoft.NetApp/locations/quotaLimits",
            "properties": {
              "current": 20,
              "default": 10
            }
          },
          {
            "id": "/subscriptions/69a75bda-882e-44d5-8431-63421204132a/providers/Microsoft.NetApp/locations/westus2/quotaLimits/maximumSizeOfCapacityPoolPerSubscription",
            "name": "westus2/maximumSizeOfCapacityPoolPerSubscription",
            "type": "Microsoft.NetApp/locations/quotaLimits",
            "properties": {
              "current": 2000,
              "default": 2000
            }
          },
          {
            "id": "/subscriptions/69a75bda-882e-44d5-8431-63421204132a/providers/Microsoft.NetApp/locations/westus2/quotaLimits/poolsPerAccount",
            "name": "westus2/poolsPerAccount",
            "type": "Microsoft.NetApp/locations/quotaLimits",
            "properties": {
              "current": 40,
              "default": 25
            }
          },
          {
            "id": "/subscriptions/69a75bda-882e-44d5-8431-63421204132a/providers/Microsoft.NetApp/locations/westus2/quotaLimits/snapshotsPerVolume",
            "name": "westus2/snapshotsPerVolume",
            "type": "Microsoft.NetApp/locations/quotaLimits",
            "properties": {
              "current": 255,
              "default": 255
            }
          },
          {
            "id": "/subscriptions/69a75bda-882e-44d5-8431-63421204132a/providers/Microsoft.NetApp/locations/westus2/quotaLimits/totalBackupEnabledVolumesPerSubscription",
            "name": "westus2/totalBackupEnabledVolumesPerSubscription",
            "type": "Microsoft.NetApp/locations/quotaLimits",
            "properties": {
              "current": 50,
              "default": 50
            }
          },
          {
            "id": "/subscriptions/69a75bda-882e-44d5-8431-63421204132a/providers/Microsoft.NetApp/locations/westus2/quotaLimits/totalCoolAccessVolumesPerSubscription",
            "name": "westus2/totalCoolAccessVolumesPerSubscription",
            "type": "Microsoft.NetApp/locations/quotaLimits",
            "properties": {
              "current": 10,
              "default": 10
            }
          },
          {
            "id": "/subscriptions/69a75bda-882e-44d5-8431-63421204132a/providers/Microsoft.NetApp/locations/westus2/quotaLimits/totalDPVolumesPerSubscription",
            "name": "westus2/totalDPVolumesPerSubscription",
            "type": "Microsoft.NetApp/locations/quotaLimits",
            "properties": {
              "current": 50,
              "default": 50
            }
          },
          {
            "id": "/subscriptions/69a75bda-882e-44d5-8431-63421204132a/providers/Microsoft.NetApp/locations/westus2/quotaLimits/totalTiBsPerSubscription",
            "name": "westus2/totalTiBsPerSubscription",
            "type": "Microsoft.NetApp/locations/quotaLimits",
            "properties": {
              "current": 100,
              "default": 25
            }
          },
          {
            "id": "/subscriptions/69a75bda-882e-44d5-8431-63421204132a/providers/Microsoft.NetApp/locations/westus2/quotaLimits/totalVolumesPerSubscription",
            "name": "westus2/totalVolumesPerSubscription",
            "type": "Microsoft.NetApp/locations/quotaLimits",
            "properties": {
              "current": 500,
              "default": 500
            }
          },
          {
            "id": "/subscriptions/69a75bda-882e-44d5-8431-63421204132a/providers/Microsoft.NetApp/locations/westus2/quotaLimits/volumesPerPool",
            "name": "westus2/volumesPerPool",
            "type": "Microsoft.NetApp/locations/quotaLimits",
            "properties": {
              "current": 500,
              "default": 500
            }
          }
        ]
      }
    }
  ],
  "Variables": {
    "AZURE_AUTHORITY_HOST": "https://login.microsoftonline.com",
    "RandomSeed": "863228517",
    "RESOURCE_MANAGER_URL": null,
    "SUBSCRIPTION_ID": "69a75bda-882e-44d5-8431-63421204132a"
  }
}