{
  "Entries": [
    {
      "RequestUri": "https://fakeendpoint-secondary.table.cosmos.azure.com/Tables",
      "RequestMethod": "POST",
      "RequestHeaders": {
        "Accept": "application/json;odata=minimalmetadata",
        "Accept-Encoding": "gzip, deflate",
        "Connection": "keep-alive",
        "Content-Length": "32",
        "Content-Type": "application/json;odata=nometadata",
        "DataServiceVersion": "3.0",
        "Date": "Sat, 04 May 2024 01:10:01 GMT",
        "User-Agent": "azsdk-python-data-tables/12.5.1 Python/3.8.10 (Windows-10-10.0.22621-SP0)",
        "x-ms-date": "Sat, 04 May 2024 01:10:01 GMT",
        "x-ms-version": "2019-02-02"
      },
      "RequestBody": {
        "TableName": "mytablef29a3063"
      },
      "StatusCode": 201,
      "ResponseHeaders": {
        "Content-Type": "application/json; odata=minimalmetadata",
        "Date": "Sat, 04 May 2024 01:10:01 GMT",
        "ETag": "W/\"datetime'2024-05-04T01%3A10%3A01.8176007Z'\"",
        "Location": "https://fakeendpoint-secondary.table.cosmos.azure.com/Tables('mytablef29a3063')",
        "Transfer-Encoding": "chunked"
      },
      "ResponseBody": {
        "TableName": "mytablef29a3063",
        "odata.metadata": "https://fakeendpoint-secondary.table.cosmos.azure.com/$metadata#Tables/@Element"
      }
    },
    {
      "RequestUri": "https://fakeendpoint-secondary.table.cosmos.azure.com/mytablef29a3063",
      "RequestMethod": "POST",
      "RequestHeaders": {
        "Accept": "application/json;odata=minimalmetadata",
        "Accept-Encoding": "gzip, deflate",
        "Connection": "keep-alive",
        "Content-Length": "40",
        "Content-Type": "application/json;odata=nometadata",
        "DataServiceVersion": "3.0",
        "Date": "Sat, 04 May 2024 01:10:02 GMT",
        "User-Agent": "azsdk-python-data-tables/12.5.1 Python/3.8.10 (Windows-10-10.0.22621-SP0)",
        "x-ms-date": "Sat, 04 May 2024 01:10:02 GMT",
        "x-ms-version": "2019-02-02"
      },
      "RequestBody": {
        "PartitionKey": "foo",
        "RowKey": "bar"
      },
      "StatusCode": 201,
      "ResponseHeaders": {
        "Content-Type": "application/json; odata=minimalmetadata",
        "Date": "Sat, 04 May 2024 01:10:01 GMT",
        "ETag": "W/\"datetime'2024-05-04T01%3A10%3A02.0683783Z'\"",
        "Location": "https://fakeendpoint-secondary.table.cosmos.azure.com/mytablef29a3063(PartitionKey='foo',RowKey='bar')",
        "Transfer-Encoding": "chunked"
      },
      "ResponseBody": {
        "odata.metadata": "https://fakeendpoint-secondary.table.cosmos.azure.com/mytablef29a3063/$metadata#mytablef29a3063/@Element",
        "odata.etag": "W/\"datetime'2024-05-04T01%3A10%3A02.0683783Z'\"",
        "PartitionKey": "foo",
        "RowKey": "bar",
        "Timestamp": "2024-05-04T01:10:02.0683783Z"
      }
    },
    {
      "RequestUri": "https://fakeendpoint-secondary.table.cosmos.azure.com/mytablef29a3063(PartitionKey='foo',RowKey='bar')",
      "RequestMethod": "POST",
      "RequestHeaders": {
        "Accept": "application/json",
        "Accept-Encoding": "gzip, deflate",
        "Connection": "keep-alive",
        "Content-Length": "40",
        "Content-Type": "application/json",
        "DataServiceVersion": "3.0",
        "Date": "Sat, 04 May 2024 01:10:02 GMT",
        "User-Agent": "azsdk-python-data-tables/12.5.1 Python/3.8.10 (Windows-10-10.0.22621-SP0)",
        "X-HTTP-Method": "MERGE",
        "x-ms-date": "Sat, 04 May 2024 01:10:02 GMT",
        "x-ms-version": "2019-02-02"
      },
      "RequestBody": {
        "PartitionKey": "foo",
        "RowKey": "bar"
      },
      "StatusCode": 204,
      "ResponseHeaders": {
        "Content-Type": "application/json",
        "Date": "Sat, 04 May 2024 01:10:01 GMT",
        "ETag": "W/\"datetime'2024-05-04T01%3A10%3A02.1098503Z'\""
      },
      "ResponseBody": null
    },
    {
      "RequestUri": "https://fakeendpoint-secondary.table.cosmos.azure.com/mytablef29a3063(PartitionKey='foo',RowKey='bar')",
      "RequestMethod": "GET",
      "RequestHeaders": {
        "Accept": "application/json;odata=minimalmetadata",
        "Accept-Encoding": "gzip, deflate",
        "Connection": "keep-alive",
        "DataServiceVersion": "3.0",
        "Date": "Sat, 04 May 2024 01:10:02 GMT",
        "User-Agent": "azsdk-python-data-tables/12.5.1 Python/3.8.10 (Windows-10-10.0.22621-SP0)",
        "x-ms-date": "Sat, 04 May 2024 01:10:02 GMT",
        "x-ms-version": "2019-02-02"
      },
      "RequestBody": null,
      "StatusCode": 200,
      "ResponseHeaders": {
        "Content-Type": "application/json; odata=minimalmetadata",
        "Date": "Sat, 04 May 2024 01:10:01 GMT",
        "ETag": "W/\"datetime'2024-05-04T01%3A10%3A02.1098503Z'\"",
        "Transfer-Encoding": "chunked"
      },
      "ResponseBody": {
        "odata.metadata": "https://fakeendpoint-secondary.table.cosmos.azure.com/mytablef29a3063/$metadata#mytablef29a3063/@Element",
        "odata.etag": "W/\"datetime'2024-05-04T01%3A10%3A02.1098503Z'\"",
        "PartitionKey": "foo",
        "RowKey": "bar",
        "Timestamp": "2024-05-04T01:10:02.1098503Z"
      }
    },
    {
      "RequestUri": "https://fakeendpoint-secondary.table.cosmos.azure.com/mytablef29a3063()",
      "RequestMethod": "GET",
      "RequestHeaders": {
        "Accept": "application/json;odata=minimalmetadata",
        "Accept-Encoding": "gzip, deflate",
        "Connection": "keep-alive",
        "DataServiceVersion": "3.0",
        "Date": "Sat, 04 May 2024 01:10:02 GMT",
        "User-Agent": "azsdk-python-data-tables/12.5.1 Python/3.8.10 (Windows-10-10.0.22621-SP0)",
        "x-ms-date": "Sat, 04 May 2024 01:10:02 GMT",
        "x-ms-version": "2019-02-02"
      },
      "RequestBody": null,
      "StatusCode": 200,
      "ResponseHeaders": {
        "Content-Type": "application/json; odata=minimalmetadata",
        "Date": "Sat, 04 May 2024 01:10:01 GMT",
        "Transfer-Encoding": "chunked"
      },
      "ResponseBody": {
        "value": [
          {
            "odata.etag": "W/\"datetime'2024-05-04T01%3A10%3A02.1098503Z'\"",
            "PartitionKey": "foo",
            "RowKey": "bar",
            "Timestamp": "2024-05-04T01:10:02.1098503Z"
          }
        ],
        "odata.metadata": "https://fakeendpoint-secondary.table.cosmos.azure.com/$metadata#mytablef29a3063"
      }
    },
    {
      "RequestUri": "https://fakeendpoint-secondary.table.cosmos.azure.com/mytablef29a3063(PartitionKey='foo',RowKey='bar')",
      "RequestMethod": "DELETE",
      "RequestHeaders": {
        "Accept": "application/json;odata=minimalmetadata",
        "Accept-Encoding": "gzip, deflate",
        "Connection": "keep-alive",
        "Content-Length": "0",
        "DataServiceVersion": "3.0",
        "Date": "Sat, 04 May 2024 01:10:02 GMT",
        "If-Match": "*",
        "User-Agent": "azsdk-python-data-tables/12.5.1 Python/3.8.10 (Windows-10-10.0.22621-SP0)",
        "x-ms-date": "Sat, 04 May 2024 01:10:02 GMT",
        "x-ms-version": "2019-02-02"
      },
      "RequestBody": null,
      "StatusCode": 204,
      "ResponseHeaders": {
        "Content-Type": "application/json",
        "Date": "Sat, 04 May 2024 01:10:01 GMT"
      },
      "ResponseBody": null
    },
    {
      "RequestUri": "https://fakeendpoint-secondary.table.cosmos.azure.com/Tables('mytablef29a3063')",
      "RequestMethod": "DELETE",
      "RequestHeaders": {
        "Accept": "application/json",
        "Accept-Encoding": "gzip, deflate",
        "Connection": "keep-alive",
        "Content-Length": "0",
        "Date": "Sat, 04 May 2024 01:10:02 GMT",
        "User-Agent": "azsdk-python-data-tables/12.5.1 Python/3.8.10 (Windows-10-10.0.22621-SP0)",
        "x-ms-date": "Sat, 04 May 2024 01:10:02 GMT",
        "x-ms-version": "2019-02-02"
      },
      "RequestBody": null,
      "StatusCode": 204,
      "ResponseHeaders": {
        "Content-Type": "application/json",
        "Date": "Sat, 04 May 2024 01:10:02 GMT"
      },
      "ResponseBody": null
    }
  ],
  "Variables": {}
}
