{
  "Entries": [
    {
      "RequestUri": "https://fakeendpoint.table.cosmos.azure.com/Tables",
      "RequestMethod": "POST",
      "RequestHeaders": {
        "Accept": "application/json;odata=minimalmetadata",
        "Accept-Encoding": "gzip, deflate",
        "Connection": "keep-alive",
        "Content-Length": "32",
        "Content-Type": "application/json;odata=nometadata",
        "DataServiceVersion": "3.0",
        "Date": "Wed, 06 Sep 2023 21:12:25 GMT",
        "User-Agent": "azsdk-python-data-tables/12.4.4 Python/3.11.4 (Windows-10-10.0.22621-SP0)",
        "x-ms-date": "Wed, 06 Sep 2023 21:12:25 GMT",
        "x-ms-version": "2019-02-02"
      },
      "RequestBody": {
        "TableName": "mytable5c3a2d5f"
      },
      "StatusCode": 201,
      "ResponseHeaders": {
        "Content-Type": "application/json; odata=minimalmetadata",
        "Date": "Wed, 06 Sep 2023 21:12:24 GMT",
        "ETag": "W/\u0022datetime\u00272023-09-06T21%3A12%3A24.9588743Z\u0027\u0022",
        "Location": "https://fakeendpoint.table.cosmos.azure.com/Tables(\u0027mytable5c3a2d5f\u0027)",
        "Transfer-Encoding": "chunked"
      },
      "ResponseBody": {
        "TableName": "mytable5c3a2d5f",
        "odata.metadata": "https://fakeendpoint.table.cosmos.azure.com/$metadata#Tables/@Element"
      }
    },
    {
      "RequestUri": "https://fakeendpoint.table.cosmos.azure.com/mytable5c3a2d5f",
      "RequestMethod": "POST",
      "RequestHeaders": {
        "Accept": "application/json;odata=minimalmetadata",
        "Accept-Encoding": "gzip, deflate",
        "Connection": "keep-alive",
        "Content-Length": "116",
        "Content-Type": "application/json;odata=nometadata",
        "DataServiceVersion": "3.0",
        "Date": "Wed, 06 Sep 2023 21:12:36 GMT",
        "User-Agent": "azsdk-python-data-tables/12.4.4 Python/3.11.4 (Windows-10-10.0.22621-SP0)",
        "x-ms-date": "Wed, 06 Sep 2023 21:12:36 GMT",
        "x-ms-version": "2019-02-02"
      },
      "RequestBody": {
        "PartitionKey": "foo",
        "PartitionKey@odata.type": "Edm.String",
        "RowKey": "bar",
        "RowKey@odata.type": "Edm.String"
      },
      "StatusCode": 201,
      "ResponseHeaders": {
        "Content-Type": "application/json; odata=minimalmetadata",
        "Date": "Wed, 06 Sep 2023 21:12:34 GMT",
        "ETag": "W/\u0022datetime\u00272023-09-06T21%3A12%3A35.5149831Z\u0027\u0022",
        "Location": "https://fakeendpoint.table.cosmos.azure.com/mytable5c3a2d5f(PartitionKey=\u0027foo\u0027,RowKey=\u0027bar\u0027)",
        "Transfer-Encoding": "chunked"
      },
      "ResponseBody": {
        "odata.metadata": "https://fakeendpoint.table.cosmos.azure.com/mytable5c3a2d5f/$metadata#mytable5c3a2d5f/@Element",
        "odata.etag": "W/\u0022datetime\u00272023-09-06T21%3A12%3A35.5149831Z\u0027\u0022",
        "PartitionKey": "foo",
        "RowKey": "bar",
        "Timestamp": "2023-09-06T21:12:35.5149831Z"
      }
    },
    {
      "RequestUri": "https://fakeendpoint-secondary.table.cosmos.azure.com/mytable5c3a2d5f(PartitionKey=\u0027foo\u0027,RowKey=\u0027bar\u0027)",
      "RequestMethod": "GET",
      "RequestHeaders": {
        "Accept": "application/json;odata=minimalmetadata",
        "Accept-Encoding": "gzip, deflate",
        "Connection": "keep-alive",
        "DataServiceVersion": "3.0",
        "Date": "Wed, 06 Sep 2023 21:12:46 GMT",
        "User-Agent": "azsdk-python-data-tables/12.4.4 Python/3.11.4 (Windows-10-10.0.22621-SP0)",
        "x-ms-date": "Wed, 06 Sep 2023 21:12:46 GMT",
        "x-ms-version": "2019-02-02"
      },
      "RequestBody": null,
      "StatusCode": 200,
      "ResponseHeaders": {
        "Content-Type": "application/json; odata=minimalmetadata",
        "Date": "Wed, 06 Sep 2023 21:12:45 GMT",
        "ETag": "W/\u0022datetime\u00272023-09-06T21%3A12%3A35.5149831Z\u0027\u0022",
        "Transfer-Encoding": "chunked"
      },
      "ResponseBody": {
        "odata.metadata": "https://fakeendpoint-secondary.table.cosmos.azure.com/mytable5c3a2d5f/$metadata#mytable5c3a2d5f/@Element",
        "odata.etag": "W/\u0022datetime\u00272023-09-06T21%3A12%3A35.5149831Z\u0027\u0022",
        "PartitionKey": "foo",
        "RowKey": "bar",
        "Timestamp": "2023-09-06T21:12:35.5149831Z"
      }
    },
    {
      "RequestUri": "https://fakeendpoint-secondary.table.cosmos.azure.com/mytable5c3a2d5f()",
      "RequestMethod": "GET",
      "RequestHeaders": {
        "Accept": "application/json;odata=minimalmetadata",
        "Accept-Encoding": "gzip, deflate",
        "Connection": "keep-alive",
        "DataServiceVersion": "3.0",
        "Date": "Wed, 06 Sep 2023 21:12:46 GMT",
        "User-Agent": "azsdk-python-data-tables/12.4.4 Python/3.11.4 (Windows-10-10.0.22621-SP0)",
        "x-ms-date": "Wed, 06 Sep 2023 21:12:46 GMT",
        "x-ms-version": "2019-02-02"
      },
      "RequestBody": null,
      "StatusCode": 200,
      "ResponseHeaders": {
        "Content-Type": "application/json; odata=minimalmetadata",
        "Date": "Wed, 06 Sep 2023 21:12:45 GMT",
        "Transfer-Encoding": "chunked"
      },
      "ResponseBody": {
        "value": [
          {
            "odata.etag": "W/\u0022datetime\u00272023-09-06T21%3A12%3A35.5149831Z\u0027\u0022",
            "PartitionKey": "foo",
            "RowKey": "bar",
            "Timestamp": "2023-09-06T21:12:35.5149831Z"
          }
        ],
        "odata.metadata": "https://fakeendpoint-secondary.table.cosmos.azure.com/$metadata#mytable5c3a2d5f"
      }
    },
    {
      "RequestUri": "https://fakeendpoint.table.cosmos.azure.com/Tables(\u0027mytable5c3a2d5f\u0027)",
      "RequestMethod": "DELETE",
      "RequestHeaders": {
        "Accept": "application/json",
        "Accept-Encoding": "gzip, deflate",
        "Connection": "keep-alive",
        "Content-Length": "0",
        "Date": "Wed, 06 Sep 2023 21:12:46 GMT",
        "User-Agent": "azsdk-python-data-tables/12.4.4 Python/3.11.4 (Windows-10-10.0.22621-SP0)",
        "x-ms-date": "Wed, 06 Sep 2023 21:12:46 GMT",
        "x-ms-version": "2019-02-02"
      },
      "RequestBody": null,
      "StatusCode": 204,
      "ResponseHeaders": {
        "Content-Type": "application/json",
        "Date": "Wed, 06 Sep 2023 21:12:46 GMT"
      },
      "ResponseBody": null
    }
  ],
  "Variables": {}
}
