{
  "Entries": [
    {
      "RequestUri": "https://REDACTED.table.cosmos.azure.com/Tables",
      "RequestMethod": "POST",
      "RequestHeaders": {
        "Accept": "application/json;odata=minimalmetadata",
        "Accept-Encoding": "gzip, deflate",
        "Connection": "keep-alive",
        "Content-Length": "32",
        "Content-Type": "application/json;odata=nometadata",
        "DataServiceVersion": "3.0",
        "Date": "Fri, 26 Apr 2024 02:18:14 GMT",
        "User-Agent": "azsdk-python-data-tables/12.5.1 Python/3.11.6 (Linux-5.15.146.1-microsoft-standard-WSL2-x86_64-with-glibc2.35)",
        "x-ms-date": "Fri, 26 Apr 2024 02:18:14 GMT",
        "x-ms-version": "2019-02-02"
      },
      "RequestBody": {
        "TableName": "uttable96e0381e"
      },
      "StatusCode": 201,
      "ResponseHeaders": {
        "Content-Type": "application/json; odata=minimalmetadata",
        "Date": "Fri, 26 Apr 2024 02:18:14 GMT",
        "ETag": "W/\"datetime'2024-04-26T02%3A18%3A14.9714952Z'\"",
        "Location": "https://example.com",
        "Transfer-Encoding": "chunked"
      },
      "ResponseBody": {
        "TableName": "uttable96e0381e",
        "odata.metadata": "https://faketableaccount.table.cosmos.azure.com/$metadata#Tables/@Element"
      }
    },
    {
      "RequestUri": "https://REDACTED.table.cosmos.azure.com/uttable96e0381e",
      "RequestMethod": "POST",
      "RequestHeaders": {
        "Accept": "application/json;odata=minimalmetadata",
        "Accept-Encoding": "gzip, deflate",
        "Connection": "keep-alive",
        "Content-Length": "744",
        "Content-Type": "application/json;odata=nometadata",
        "DataServiceVersion": "3.0",
        "Date": "Fri, 26 Apr 2024 02:18:15 GMT",
        "User-Agent": "azsdk-python-data-tables/12.5.1 Python/3.11.6 (Linux-5.15.146.1-microsoft-standard-WSL2-x86_64-with-glibc2.35)",
        "x-ms-date": "Fri, 26 Apr 2024 02:18:15 GMT",
        "x-ms-version": "2019-02-02"
      },
      "RequestBody": {
        "PartitionKey": "pk96e0381e",
        "PartitionKey@odata.type": "Edm.String",
        "RowKey": "rk96e0381e",
        "RowKey@odata.type": "Edm.String",
        "age": 39,
        "sex": "male",
        "sex@odata.type": "Edm.String",
        "married": true,
        "deceased": false,
        "ratio": 3.1,
        "ratio@odata.type": "Edm.Double",
        "evenratio": 3.0,
        "evenratio@odata.type": "Edm.Double",
        "double": 5,
        "double@odata.type": "Edm.Double",
        "large": 933311100,
        "Birthday": "1973-10-04T00:00:00.000000Z",
        "Birthday@odata.type": "Edm.DateTime",
        "birthday": "1970-10-04T00:00:00.000000Z",
        "birthday@odata.type": "Edm.DateTime",
        "binary": "YmluYXJ5",
        "binary@odata.type": "Edm.Binary",
        "other": 20,
        "other@odata.type": "Edm.Int32",
        "clsid": "c9da6455-213d-42c9-9a79-3e9149a57833",
        "clsid@odata.type": "Edm.Guid"
      },
      "StatusCode": 201,
      "ResponseHeaders": {
        "Content-Type": "application/json; odata=minimalmetadata",
        "Date": "Fri, 26 Apr 2024 02:18:14 GMT",
        "ETag": "W/\"datetime'2024-04-26T02%3A18%3A15.4266632Z'\"",
        "Location": "https://example.com",
        "Transfer-Encoding": "chunked"
      },
      "ResponseBody": {
        "odata.metadata": "https://faketableaccount.table.cosmos.azure.com/uttable96e0381e/$metadata#uttable96e0381e/@Element",
        "odata.etag": "W/\"datetime'2024-04-26T02%3A18%3A15.4266632Z'\"",
        "PartitionKey": "pk96e0381e",
        "RowKey": "rk96e0381e",
        "age": 39,
        "sex": "male",
        "married": true,
        "deceased": false,
        "ratio": 3.1,
        "evenratio": 3.0,
        "double": 5.0,
        "large": 933311100,
        "Birthday@odata.type": "Edm.DateTime",
        "Birthday": "1973-10-04T00:00:00.0000000Z",
        "birthday@odata.type": "Edm.DateTime",
        "birthday": "1970-10-04T00:00:00.0000000Z",
        "binary@odata.type": "Edm.Binary",
        "binary": "YmluYXJ5",
        "other": 20,
        "clsid@odata.type": "Edm.Guid",
        "clsid": "c9da6455-213d-42c9-9a79-3e9149a57833",
        "Timestamp": "2024-04-26T02:18:15.4266632Z"
      }
    },
    {
      "RequestUri": "https://REDACTED.table.cosmos.azure.com/uttable96e0381e(PartitionKey='pk96e0381e',RowKey='rk96e0381e')",
      "RequestMethod": "POST",
      "RequestHeaders": {
        "Accept": "application/json",
        "Accept-Encoding": "gzip, deflate",
        "Connection": "keep-alive",
        "Content-Length": "360",
        "Content-Type": "application/json",
        "DataServiceVersion": "3.0",
        "Date": "Fri, 26 Apr 2024 02:18:15 GMT",
        "User-Agent": "azsdk-python-data-tables/12.5.1 Python/3.11.6 (Linux-5.15.146.1-microsoft-standard-WSL2-x86_64-with-glibc2.35)",
        "X-HTTP-Method": "MERGE",
        "x-ms-date": "Fri, 26 Apr 2024 02:18:15 GMT",
        "x-ms-version": "2019-02-02"
      },
      "RequestBody": {
        "PartitionKey": "pk96e0381e",
        "PartitionKey@odata.type": "Edm.String",
        "RowKey": "rk96e0381e",
        "RowKey@odata.type": "Edm.String",
        "age": "abc",
        "age@odata.type": "Edm.String",
        "sex": "female",
        "sex@odata.type": "Edm.String",
        "sign": "aquarius",
        "sign@odata.type": "Edm.String",
        "birthday": "1991-10-04T00:00:00.000000Z",
        "birthday@odata.type": "Edm.DateTime"
      },
      "StatusCode": 204,
      "ResponseHeaders": {
        "Content-Type": "application/json",
        "Date": "Fri, 26 Apr 2024 02:18:14 GMT",
        "ETag": "W/\"datetime'2024-04-26T02%3A18%3A15.4487816Z'\""
      },
      "ResponseBody": null
    },
    {
      "RequestUri": "https://REDACTED.table.cosmos.azure.com/uttable96e0381e(PartitionKey='pk96e0381e',RowKey='rk96e0381e')",
      "RequestMethod": "GET",
      "RequestHeaders": {
        "Accept": "application/json;odata=minimalmetadata",
        "Accept-Encoding": "gzip, deflate",
        "Connection": "keep-alive",
        "DataServiceVersion": "3.0",
        "Date": "Fri, 26 Apr 2024 02:18:15 GMT",
        "User-Agent": "azsdk-python-data-tables/12.5.1 Python/3.11.6 (Linux-5.15.146.1-microsoft-standard-WSL2-x86_64-with-glibc2.35)",
        "x-ms-date": "Fri, 26 Apr 2024 02:18:15 GMT",
        "x-ms-version": "2019-02-02"
      },
      "RequestBody": null,
      "StatusCode": 200,
      "ResponseHeaders": {
        "Content-Type": "application/json; odata=minimalmetadata",
        "Date": "Fri, 26 Apr 2024 02:18:14 GMT",
        "ETag": "W/\"datetime'2024-04-26T02%3A18%3A15.4487816Z'\"",
        "Transfer-Encoding": "chunked"
      },
      "ResponseBody": {
        "odata.metadata": "https://faketableaccount.table.cosmos.azure.com/uttable96e0381e/$metadata#uttable96e0381e/@Element",
        "odata.etag": "W/\"datetime'2024-04-26T02%3A18%3A15.4487816Z'\"",
        "PartitionKey": "pk96e0381e",
        "RowKey": "rk96e0381e",
        "age": "abc",
        "sex": "female",
        "married": true,
        "deceased": false,
        "ratio": 3.1,
        "evenratio": 3.0,
        "double": 5.0,
        "large": 933311100,
        "Birthday@odata.type": "Edm.DateTime",
        "Birthday": "1973-10-04T00:00:00.0000000Z",
        "birthday@odata.type": "Edm.DateTime",
        "birthday": "1991-10-04T00:00:00.0000000Z",
        "binary@odata.type": "Edm.Binary",
        "binary": "YmluYXJ5",
        "other": 20,
        "clsid@odata.type": "Edm.Guid",
        "clsid": "c9da6455-213d-42c9-9a79-3e9149a57833",
        "sign": "aquarius",
        "Timestamp": "2024-04-26T02:18:15.4487816Z"
      }
    },
    {
      "RequestUri": "https://REDACTED.table.cosmos.azure.com/Tables",
      "RequestMethod": "GET",
      "RequestHeaders": {
        "Accept": "application/json;odata=minimalmetadata",
        "Accept-Encoding": "gzip, deflate",
        "Connection": "keep-alive",
        "DataServiceVersion": "3.0",
        "Date": "Fri, 26 Apr 2024 02:18:15 GMT",
        "User-Agent": "azsdk-python-data-tables/12.5.1 Python/3.11.6 (Linux-5.15.146.1-microsoft-standard-WSL2-x86_64-with-glibc2.35)",
        "x-ms-date": "Fri, 26 Apr 2024 02:18:15 GMT",
        "x-ms-version": "2019-02-02"
      },
      "RequestBody": null,
      "StatusCode": 200,
      "ResponseHeaders": {
        "Content-Type": "application/json; odata=minimalmetadata",
        "Date": "Fri, 26 Apr 2024 02:18:14 GMT",
        "Transfer-Encoding": "chunked"
      },
      "ResponseBody": {
        "value": [
          {
            "TableName": "uttable96e0381e"
          }
        ],
        "odata.metadata": "https://faketableaccount.table.cosmos.azure.com/$metadata#Tables"
      }
    },
    {
      "RequestUri": "https://REDACTED.table.cosmos.azure.com/Tables('uttable96e0381e')",
      "RequestMethod": "DELETE",
      "RequestHeaders": {
        "Accept": "application/json",
        "Accept-Encoding": "gzip, deflate",
        "Connection": "keep-alive",
        "Content-Length": "0",
        "Date": "Fri, 26 Apr 2024 02:18:15 GMT",
        "User-Agent": "azsdk-python-data-tables/12.5.1 Python/3.11.6 (Linux-5.15.146.1-microsoft-standard-WSL2-x86_64-with-glibc2.35)",
        "x-ms-date": "Fri, 26 Apr 2024 02:18:15 GMT",
        "x-ms-version": "2019-02-02"
      },
      "RequestBody": null,
      "StatusCode": 204,
      "ResponseHeaders": {
        "Content-Type": "application/json",
        "Date": "Fri, 26 Apr 2024 02:18:15 GMT"
      },
      "ResponseBody": null
    }
  ],
  "Variables": {}
}
