{
  "Entries": [
    {
      "RequestUri": "https://fakeendpoint.table.core.windows.net/Tables?se=end\u0026sp=rwdlacu\u0026sv=2019-02-02\u0026ss=t\u0026srt=sco\u0026sig=fake_token_value",
      "RequestMethod": "POST",
      "RequestHeaders": {
        "Accept": "application/json;odata=minimalmetadata",
        "Accept-Encoding": "gzip, deflate",
        "Connection": "keep-alive",
        "Content-Length": "32",
        "Content-Type": "application/json;odata=nometadata",
        "DataServiceVersion": "3.0",
        "Date": "Thu, 15 Jun 2023 19:04:28 GMT",
        "User-Agent": "azsdk-python-data-tables/12.4.3 Python/3.11.0 (Windows-10-10.0.22621-SP0)",
        "x-ms-date": "Thu, 15 Jun 2023 19:04:28 GMT",
        "x-ms-version": "2019-02-02"
      },
      "RequestBody": {
        "TableName": "mytableb1ec291a"
      },
      "StatusCode": 201,
      "ResponseHeaders": {
        "Cache-Control": "no-cache",
        "Content-Type": "application/json; odata=minimalmetadata; streaming=true; charset=utf-8",
        "Date": "Thu, 15 Jun 2023 19:04:28 GMT",
        "Location": "https://fakeendpoint.table.core.windows.net/Tables(\u0027mytableb1ec291a\u0027)",
        "Server": [
          "Windows-Azure-Table/1.0",
          "Microsoft-HTTPAPI/2.0"
        ],
        "Transfer-Encoding": "chunked",
        "X-Content-Type-Options": "nosniff",
        "x-ms-version": "2019-02-02"
      },
      "ResponseBody": {
        "odata.metadata": "https://fakeendpoint.table.core.windows.net/$metadata#Tables/@Element",
        "TableName": "mytableb1ec291a"
      }
    },
    {
      "RequestUri": "https://fakeendpoint.table.core.windows.net/Tables?$filter=TableName%20eq%20%27mytableb1ec291a%27\u0026se=end\u0026sp=rwdlacu\u0026sv=2019-02-02\u0026ss=t\u0026srt=sco\u0026sig=fake_token_value",
      "RequestMethod": "GET",
      "RequestHeaders": {
        "Accept": "application/json;odata=minimalmetadata",
        "Accept-Encoding": "gzip, deflate",
        "Connection": "keep-alive",
        "DataServiceVersion": "3.0",
        "Date": "Thu, 15 Jun 2023 19:04:28 GMT",
        "User-Agent": "azsdk-python-data-tables/12.4.3 Python/3.11.0 (Windows-10-10.0.22621-SP0)",
        "x-ms-date": "Thu, 15 Jun 2023 19:04:28 GMT",
        "x-ms-version": "2019-02-02"
      },
      "RequestBody": null,
      "StatusCode": 200,
      "ResponseHeaders": {
        "Cache-Control": "no-cache",
        "Content-Type": "application/json; odata=minimalmetadata; streaming=true; charset=utf-8",
        "Date": "Thu, 15 Jun 2023 19:04:28 GMT",
        "Server": [
          "Windows-Azure-Table/1.0",
          "Microsoft-HTTPAPI/2.0"
        ],
        "Transfer-Encoding": "chunked",
        "X-Content-Type-Options": "nosniff",
        "x-ms-version": "2019-02-02"
      },
      "ResponseBody": {
        "odata.metadata": "https://fakeendpoint.table.core.windows.net/$metadata#Tables",
        "value": [
          {
            "TableName": "mytableb1ec291a"
          }
        ]
      }
    },
    {
      "RequestUri": "https://fakeendpoint.table.core.windows.net/mytableb1ec291a()?$filter=PartitionKey%20eq%20%27dummy-pk%27\u0026se=end\u0026sp=rwdlacu\u0026sv=2019-02-02\u0026ss=t\u0026srt=sco\u0026sig=fake_token_value",
      "RequestMethod": "GET",
      "RequestHeaders": {
        "Accept": "application/json;odata=minimalmetadata",
        "Accept-Encoding": "gzip, deflate",
        "Connection": "keep-alive",
        "DataServiceVersion": "3.0",
        "Date": "Thu, 15 Jun 2023 19:04:28 GMT",
        "User-Agent": "azsdk-python-data-tables/12.4.3 Python/3.11.0 (Windows-10-10.0.22621-SP0)",
        "x-ms-date": "Thu, 15 Jun 2023 19:04:28 GMT",
        "x-ms-version": "2019-02-02"
      },
      "RequestBody": null,
      "StatusCode": 200,
      "ResponseHeaders": {
        "Cache-Control": "no-cache",
        "Content-Type": "application/json; odata=minimalmetadata; streaming=true; charset=utf-8",
        "Date": "Thu, 15 Jun 2023 19:04:28 GMT",
        "Server": [
          "Windows-Azure-Table/1.0",
          "Microsoft-HTTPAPI/2.0"
        ],
        "Transfer-Encoding": "chunked",
        "X-Content-Type-Options": "nosniff",
        "x-ms-version": "2019-02-02"
      },
      "ResponseBody": {
        "odata.metadata": "https://fakeendpoint.table.core.windows.net/$metadata#mytableb1ec291a",
        "value": []
      }
    },
    {
      "RequestUri": "https://fakeendpoint.table.core.windows.net/mytableb1ec291a()?$filter=PartitionKey%20eq%20%27dummy-pk%27\u0026se=end\u0026sp=rwdlacu\u0026sv=2019-02-02\u0026ss=t\u0026srt=sco\u0026sig=fake_token_value",
      "RequestMethod": "GET",
      "RequestHeaders": {
        "Accept": "application/json;odata=minimalmetadata",
        "Accept-Encoding": "gzip, deflate",
        "Connection": "keep-alive",
        "DataServiceVersion": "3.0",
        "Date": "Thu, 15 Jun 2023 19:04:28 GMT",
        "User-Agent": "azsdk-python-data-tables/12.4.3 Python/3.11.0 (Windows-10-10.0.22621-SP0)",
        "x-ms-date": "Thu, 15 Jun 2023 19:04:28 GMT",
        "x-ms-version": "2019-02-02"
      },
      "RequestBody": null,
      "StatusCode": 200,
      "ResponseHeaders": {
        "Cache-Control": "no-cache",
        "Content-Type": "application/json; odata=minimalmetadata; streaming=true; charset=utf-8",
        "Date": "Thu, 15 Jun 2023 19:04:28 GMT",
        "Server": [
          "Windows-Azure-Table/1.0",
          "Microsoft-HTTPAPI/2.0"
        ],
        "Transfer-Encoding": "chunked",
        "X-Content-Type-Options": "nosniff",
        "x-ms-version": "2019-02-02"
      },
      "ResponseBody": {
        "odata.metadata": "https://fakeendpoint.table.core.windows.net/$metadata#mytableb1ec291a",
        "value": []
      }
    },
    {
      "RequestUri": "https://fakeendpoint.table.core.windows.net/mytableb1ec291a()?se=end\u0026sp=rwdlacu\u0026sv=2019-02-02\u0026ss=t\u0026srt=sco\u0026sig=fake_token_value\u0026$filter=PartitionKey%20eq%20%27dummy-pk%27",
      "RequestMethod": "GET",
      "RequestHeaders": {
        "Accept": "application/json;odata=minimalmetadata",
        "Accept-Encoding": "gzip, deflate",
        "Connection": "keep-alive",
        "DataServiceVersion": "3.0",
        "Date": "Thu, 15 Jun 2023 19:04:28 GMT",
        "User-Agent": "azsdk-python-data-tables/12.4.3 Python/3.11.0 (Windows-10-10.0.22621-SP0)",
        "x-ms-date": "Thu, 15 Jun 2023 19:04:28 GMT",
        "x-ms-version": "2019-02-02"
      },
      "RequestBody": null,
      "StatusCode": 200,
      "ResponseHeaders": {
        "Cache-Control": "no-cache",
        "Content-Type": "application/json; odata=minimalmetadata; streaming=true; charset=utf-8",
        "Date": "Thu, 15 Jun 2023 19:04:28 GMT",
        "Server": [
          "Windows-Azure-Table/1.0",
          "Microsoft-HTTPAPI/2.0"
        ],
        "Transfer-Encoding": "chunked",
        "X-Content-Type-Options": "nosniff",
        "x-ms-version": "2019-02-02"
      },
      "ResponseBody": {
        "odata.metadata": "https://fakeendpoint.table.core.windows.net/$metadata#mytableb1ec291a",
        "value": []
      }
    },
    {
      "RequestUri": "https://fakeendpoint.table.core.windows.net/Tables(\u0027mytableb1ec291a\u0027)?se=end\u0026sp=rwdlacu\u0026sv=2019-02-02\u0026ss=t\u0026srt=sco\u0026sig=fake_token_value",
      "RequestMethod": "DELETE",
      "RequestHeaders": {
        "Accept": "application/json",
        "Accept-Encoding": "gzip, deflate",
        "Connection": "keep-alive",
        "Content-Length": "0",
        "Date": "Thu, 15 Jun 2023 19:04:28 GMT",
        "User-Agent": "azsdk-python-data-tables/12.4.3 Python/3.11.0 (Windows-10-10.0.22621-SP0)",
        "x-ms-date": "Thu, 15 Jun 2023 19:04:28 GMT",
        "x-ms-version": "2019-02-02"
      },
      "RequestBody": null,
      "StatusCode": 204,
      "ResponseHeaders": {
        "Cache-Control": "no-cache",
        "Content-Length": "0",
        "Date": "Thu, 15 Jun 2023 19:04:28 GMT",
        "Server": [
          "Windows-Azure-Table/1.0",
          "Microsoft-HTTPAPI/2.0"
        ],
        "X-Content-Type-Options": "nosniff",
        "x-ms-version": "2019-02-02"
      },
      "ResponseBody": null
    }
  ],
  "Variables": {}
}
