{
  "Entries": [
    {
      "RequestUri": "https://Sanitized.table.cosmos.azure.com/Tables",
      "RequestMethod": "POST",
      "RequestHeaders": {
        "Accept": "application/json;odata=minimalmetadata",
        "Accept-Encoding": "gzip, deflate",
        "Content-Length": "32",
        "Content-Type": "application/json;odata=nometadata",
        "DataServiceVersion": "3.0",
        "Date": "Fri, 03 May 2024 22:42:08 GMT",
        "User-Agent": "azsdk-python-data-tables/12.5.1 Python/3.11.6 (Linux-5.15.146.1-microsoft-standard-WSL2-x86_64-with-glibc2.35)",
        "x-ms-date": "Fri, 03 May 2024 22:42:08 GMT",
        "x-ms-version": "2019-02-02"
      },
      "RequestBody": {
        "TableName": "mytablebbac3d13"
      },
      "StatusCode": 201,
      "ResponseHeaders": {
        "Content-Type": "application/json; odata=minimalmetadata",
        "Date": "Fri, 03 May 2024 22:42:07 GMT",
        "ETag": "W/\"datetime'2024-05-03T22%3A42%3A08.6003720Z'\"",
        "Location": "https://example.com",
        "Transfer-Encoding": "chunked"
      },
      "ResponseBody": {
        "TableName": "mytablebbac3d13",
        "odata.metadata": "https://fakecosmosaccount.table.cosmos.azure.com/$metadata#Tables/@Element"
      }
    },
    {
      "RequestUri": "https://Sanitized.table.cosmos.azure.com/Tables?$filter=TableName%20eq%20'mytablebbac3d13'",
      "RequestMethod": "GET",
      "RequestHeaders": {
        "Accept": "application/json;odata=minimalmetadata",
        "Accept-Encoding": "gzip, deflate",
        "DataServiceVersion": "3.0",
        "Date": "Fri, 03 May 2024 22:42:08 GMT",
        "User-Agent": "azsdk-python-data-tables/12.5.1 Python/3.11.6 (Linux-5.15.146.1-microsoft-standard-WSL2-x86_64-with-glibc2.35)",
        "x-ms-date": "Fri, 03 May 2024 22:42:08 GMT",
        "x-ms-version": "2019-02-02"
      },
      "RequestBody": null,
      "StatusCode": 200,
      "ResponseHeaders": {
        "Content-Type": "application/json; odata=minimalmetadata",
        "Date": "Fri, 03 May 2024 22:42:07 GMT",
        "Transfer-Encoding": "chunked"
      },
      "ResponseBody": {
        "value": [
          {
            "TableName": "mytablebbac3d13"
          }
        ],
        "odata.metadata": "https://fakecosmosaccount.table.cosmos.azure.com/$metadata#Tables"
      }
    },
    {
      "RequestUri": "https://Sanitized.table.cosmos.azure.com/mytablebbac3d13()?$filter=PartitionKey%20eq%20'dummy-pk'",
      "RequestMethod": "GET",
      "RequestHeaders": {
        "Accept": "application/json;odata=minimalmetadata",
        "Accept-Encoding": "gzip, deflate",
        "DataServiceVersion": "3.0",
        "Date": "Fri, 03 May 2024 22:42:08 GMT",
        "User-Agent": "azsdk-python-data-tables/12.5.1 Python/3.11.6 (Linux-5.15.146.1-microsoft-standard-WSL2-x86_64-with-glibc2.35)",
        "x-ms-date": "Fri, 03 May 2024 22:42:08 GMT",
        "x-ms-version": "2019-02-02"
      },
      "RequestBody": null,
      "StatusCode": 200,
      "ResponseHeaders": {
        "Content-Type": "application/json; odata=minimalmetadata",
        "Date": "Fri, 03 May 2024 22:42:07 GMT",
        "Transfer-Encoding": "chunked"
      },
      "ResponseBody": {
        "value": [],
        "odata.metadata": "https://fakecosmosaccount.table.cosmos.azure.com/$metadata#mytablebbac3d13"
      }
    },
    {
      "RequestUri": "https://Sanitized.table.cosmos.azure.com/Tables('mytablebbac3d13')",
      "RequestMethod": "DELETE",
      "RequestHeaders": {
        "Accept": "application/json",
        "Accept-Encoding": "gzip, deflate",
        "Content-Length": "0",
        "Date": "Fri, 03 May 2024 22:42:08 GMT",
        "User-Agent": "azsdk-python-data-tables/12.5.1 Python/3.11.6 (Linux-5.15.146.1-microsoft-standard-WSL2-x86_64-with-glibc2.35)",
        "x-ms-date": "Fri, 03 May 2024 22:42:08 GMT",
        "x-ms-version": "2019-02-02"
      },
      "RequestBody": null,
      "StatusCode": 204,
      "ResponseHeaders": {
        "Content-Type": "application/json",
        "Date": "Fri, 03 May 2024 22:42:08 GMT"
      },
      "ResponseBody": null
    }
  ],
  "Variables": {}
}
