{
  "Entries": [
    {
      "RequestUri": "https://Sanitized.table.core.windows.net/Tables",
      "RequestMethod": "POST",
      "RequestHeaders": {
        "Accept": "application/json;odata=minimalmetadata",
        "Accept-Encoding": "gzip, deflate",
        "Content-Length": "32",
        "Content-Type": "application/json;odata=nometadata",
        "DataServiceVersion": "3.0",
        "Date": "Fri, 03 May 2024 22:24:16 GMT",
        "User-Agent": "azsdk-python-data-tables/12.5.1 Python/3.11.6 (Linux-5.15.146.1-microsoft-standard-WSL2-x86_64-with-glibc2.35)",
        "x-ms-date": "Fri, 03 May 2024 22:24:16 GMT",
        "x-ms-version": "2019-02-02"
      },
      "RequestBody": {
        "TableName": "uttablec2bf294d"
      },
      "StatusCode": 201,
      "ResponseHeaders": {
        "Cache-Control": "no-cache",
        "Content-Type": "application/json; odata=minimalmetadata; streaming=true; charset=utf-8",
        "Date": "Fri, 03 May 2024 22:24:15 GMT",
        "Location": "https://example.com",
        "Server": [
          "Windows-Azure-Table/1.0",
          "Microsoft-HTTPAPI/2.0"
        ],
        "Transfer-Encoding": "chunked",
        "X-Content-Type-Options": "nosniff",
        "x-ms-version": "2019-02-02"
      },
      "ResponseBody": {
        "odata.metadata": "https://faketableaccount.table.core.windows.net/$metadata#Tables/@Element",
        "TableName": "uttablec2bf294d"
      }
    },
    {
      "RequestUri": "https://Sanitized.table.core.windows.net/uttablec2bf294d",
      "RequestMethod": "POST",
      "RequestHeaders": {
        "Accept": "application/json;odata=minimalmetadata",
        "Accept-Encoding": "gzip, deflate",
        "Content-Length": "744",
        "Content-Type": "application/json;odata=nometadata",
        "DataServiceVersion": "3.0",
        "Date": "Fri, 03 May 2024 22:24:16 GMT",
        "User-Agent": "azsdk-python-data-tables/12.5.1 Python/3.11.6 (Linux-5.15.146.1-microsoft-standard-WSL2-x86_64-with-glibc2.35)",
        "x-ms-date": "Fri, 03 May 2024 22:24:16 GMT",
        "x-ms-version": "2019-02-02"
      },
      "RequestBody": {
        "PartitionKey": "pkc2bf294d",
        "PartitionKey@odata.type": "Edm.String",
        "RowKey": "rkc2bf294d",
        "RowKey@odata.type": "Edm.String",
        "age": 39,
        "sex": "male",
        "sex@odata.type": "Edm.String",
        "married": true,
        "deceased": false,
        "ratio": 3.1,
        "ratio@odata.type": "Edm.Double",
        "evenratio": 3.0,
        "evenratio@odata.type": "Edm.Double",
        "double": 5,
        "double@odata.type": "Edm.Double",
        "large": 933311100,
        "Birthday": "1973-10-04T00:00:00.000000Z",
        "Birthday@odata.type": "Edm.DateTime",
        "birthday": "1970-10-04T00:00:00.000000Z",
        "birthday@odata.type": "Edm.DateTime",
        "binary": "YmluYXJ5",
        "binary@odata.type": "Edm.Binary",
        "other": 20,
        "other@odata.type": "Edm.Int32",
        "clsid": "c9da6455-213d-42c9-9a79-3e9149a57833",
        "clsid@odata.type": "Edm.Guid"
      },
      "StatusCode": 201,
      "ResponseHeaders": {
        "Cache-Control": "no-cache",
        "Content-Type": "application/json; odata=minimalmetadata; streaming=true; charset=utf-8",
        "Date": "Fri, 03 May 2024 22:24:15 GMT",
        "ETag": "W/\"datetime'2024-05-03T22%3A24%3A16.2073917Z'\"",
        "Location": "https://example.com",
        "Server": [
          "Windows-Azure-Table/1.0",
          "Microsoft-HTTPAPI/2.0"
        ],
        "Transfer-Encoding": "chunked",
        "X-Content-Type-Options": "nosniff",
        "x-ms-version": "2019-02-02"
      },
      "ResponseBody": {
        "odata.metadata": "https://faketableaccount.table.core.windows.net/$metadata#uttablec2bf294d/@Element",
        "odata.etag": "W/\"datetime'2024-05-03T22%3A24%3A16.2073917Z'\"",
        "PartitionKey": "pkc2bf294d",
        "RowKey": "rkc2bf294d",
        "Timestamp": "2024-05-03T22:24:16.2073917Z",
        "age": 39,
        "sex": "male",
        "married": true,
        "deceased": false,
        "ratio": 3.1,
        "evenratio": 3.0,
        "double": 5.0,
        "large": 933311100,
        "Birthday@odata.type": "Edm.DateTime",
        "Birthday": "1973-10-04T00:00:00Z",
        "birthday@odata.type": "Edm.DateTime",
        "birthday": "1970-10-04T00:00:00Z",
        "binary@odata.type": "Edm.Binary",
        "binary": "YmluYXJ5",
        "other": 20,
        "clsid@odata.type": "Edm.Guid",
        "clsid": "c9da6455-213d-42c9-9a79-3e9149a57833"
      }
    },
    {
      "RequestUri": "https://Sanitized.table.core.windows.net/uttablec2bf294d(PartitionKey='pkc2bf294d',RowKey='rkc2bf294d')",
      "RequestMethod": "GET",
      "RequestHeaders": {
        "Accept": "application/json;odata=minimalmetadata",
        "Accept-Encoding": "gzip, deflate",
        "DataServiceVersion": "3.0",
        "Date": "Fri, 03 May 2024 22:24:16 GMT",
        "User-Agent": "azsdk-python-data-tables/12.5.1 Python/3.11.6 (Linux-5.15.146.1-microsoft-standard-WSL2-x86_64-with-glibc2.35)",
        "x-ms-date": "Fri, 03 May 2024 22:24:16 GMT",
        "x-ms-version": "2019-02-02"
      },
      "RequestBody": null,
      "StatusCode": 200,
      "ResponseHeaders": {
        "Cache-Control": "no-cache",
        "Content-Type": "application/json; odata=minimalmetadata; streaming=true; charset=utf-8",
        "Date": "Fri, 03 May 2024 22:24:15 GMT",
        "ETag": "W/\"datetime'2024-05-03T22%3A24%3A16.2073917Z'\"",
        "Server": [
          "Windows-Azure-Table/1.0",
          "Microsoft-HTTPAPI/2.0"
        ],
        "Transfer-Encoding": "chunked",
        "X-Content-Type-Options": "nosniff",
        "x-ms-version": "2019-02-02"
      },
      "ResponseBody": {
        "odata.metadata": "https://faketableaccount.table.core.windows.net/$metadata#uttablec2bf294d/@Element",
        "odata.etag": "W/\"datetime'2024-05-03T22%3A24%3A16.2073917Z'\"",
        "PartitionKey": "pkc2bf294d",
        "RowKey": "rkc2bf294d",
        "Timestamp": "2024-05-03T22:24:16.2073917Z",
        "age": 39,
        "sex": "male",
        "married": true,
        "deceased": false,
        "ratio": 3.1,
        "evenratio": 3.0,
        "double": 5.0,
        "large": 933311100,
        "Birthday@odata.type": "Edm.DateTime",
        "Birthday": "1973-10-04T00:00:00Z",
        "birthday@odata.type": "Edm.DateTime",
        "birthday": "1970-10-04T00:00:00Z",
        "binary@odata.type": "Edm.Binary",
        "binary": "YmluYXJ5",
        "other": 20,
        "clsid@odata.type": "Edm.Guid",
        "clsid": "c9da6455-213d-42c9-9a79-3e9149a57833"
      }
    },
    {
      "RequestUri": "https://Sanitized.table.core.windows.net/Tables",
      "RequestMethod": "GET",
      "RequestHeaders": {
        "Accept": "application/json;odata=minimalmetadata",
        "Accept-Encoding": "gzip, deflate",
        "DataServiceVersion": "3.0",
        "Date": "Fri, 03 May 2024 22:24:16 GMT",
        "User-Agent": "azsdk-python-data-tables/12.5.1 Python/3.11.6 (Linux-5.15.146.1-microsoft-standard-WSL2-x86_64-with-glibc2.35)",
        "x-ms-date": "Fri, 03 May 2024 22:24:16 GMT",
        "x-ms-version": "2019-02-02"
      },
      "RequestBody": null,
      "StatusCode": 200,
      "ResponseHeaders": {
        "Cache-Control": "no-cache",
        "Content-Type": "application/json; odata=minimalmetadata; streaming=true; charset=utf-8",
        "Date": "Fri, 03 May 2024 22:24:15 GMT",
        "Server": [
          "Windows-Azure-Table/1.0",
          "Microsoft-HTTPAPI/2.0"
        ],
        "Transfer-Encoding": "chunked",
        "X-Content-Type-Options": "nosniff",
        "x-ms-version": "2019-02-02"
      },
      "ResponseBody": {
        "odata.metadata": "https://faketableaccount.table.core.windows.net/$metadata#Tables",
        "value": [
          {
            "TableName": "uttablec2bf294d"
          }
        ]
      }
    },
    {
      "RequestUri": "https://Sanitized.table.core.windows.net/Tables('uttablec2bf294d')",
      "RequestMethod": "DELETE",
      "RequestHeaders": {
        "Accept": "application/json",
        "Accept-Encoding": "gzip, deflate",
        "Content-Length": "0",
        "Date": "Fri, 03 May 2024 22:24:16 GMT",
        "User-Agent": "azsdk-python-data-tables/12.5.1 Python/3.11.6 (Linux-5.15.146.1-microsoft-standard-WSL2-x86_64-with-glibc2.35)",
        "x-ms-date": "Fri, 03 May 2024 22:24:16 GMT",
        "x-ms-version": "2019-02-02"
      },
      "RequestBody": null,
      "StatusCode": 204,
      "ResponseHeaders": {
        "Cache-Control": "no-cache",
        "Content-Length": "0",
        "Date": "Fri, 03 May 2024 22:24:15 GMT",
        "Server": [
          "Windows-Azure-Table/1.0",
          "Microsoft-HTTPAPI/2.0"
        ],
        "X-Content-Type-Options": "nosniff",
        "x-ms-version": "2019-02-02"
      },
      "ResponseBody": null
    }
  ],
  "Variables": {}
}
