{
  "Entries": [
    {
      "RequestUri": "https://fakeendpoint.table.cosmos.azure.com/Tables",
      "RequestMethod": "POST",
      "RequestHeaders": {
        "Accept": "application/json;odata=minimalmetadata",
        "Accept-Encoding": "gzip, deflate",
        "Connection": "keep-alive",
        "Content-Length": "34",
        "Content-Type": "application/json;odata=nometadata",
        "DataServiceVersion": "3.0",
        "Date": "Thu, 12 Oct 2023 04:26:52 GMT",
        "User-Agent": "azsdk-python-data-tables/12.4.5 Python/3.11.4 (Windows-10-10.0.22621-SP0)",
        "x-ms-date": "Thu, 12 Oct 2023 04:26:52 GMT",
        "x-ms-version": "2019-02-02"
      },
      "RequestBody": {
        "TableName": "uttable015cb82f2c"
      },
      "StatusCode": 201,
      "ResponseHeaders": {
        "Content-Type": "application/json; odata=minimalmetadata",
        "Date": "Thu, 12 Oct 2023 04:26:51 GMT",
        "ETag": "W/\u0022datetime\u00272023-10-12T04%3A26%3A51.3482759Z\u0027\u0022",
        "Location": "https://fakeendpoint.table.cosmos.azure.com/Tables(\u0027uttable015cb82f2c\u0027)",
        "Transfer-Encoding": "chunked"
      },
      "ResponseBody": {
        "TableName": "uttable015cb82f2c",
        "odata.metadata": "https://fakeendpoint.table.cosmos.azure.com/$metadata#Tables/@Element"
      }
    },
    {
      "RequestUri": "https://fakeendpoint.table.cosmos.azure.com/uttable015cb82f2c",
      "RequestMethod": "POST",
      "RequestHeaders": {
        "Accept": "application/json;odata=minimalmetadata",
        "Accept-Encoding": "gzip, deflate",
        "Connection": "keep-alive",
        "Content-Length": "141",
        "Content-Type": "application/json;odata=nometadata",
        "DataServiceVersion": "3.0",
        "Date": "Thu, 12 Oct 2023 04:26:53 GMT",
        "User-Agent": "azsdk-python-data-tables/12.4.5 Python/3.11.4 (Windows-10-10.0.22621-SP0)",
        "x-ms-date": "Thu, 12 Oct 2023 04:26:53 GMT",
        "x-ms-version": "2019-02-02"
      },
      "RequestBody": {
        "PartitionKey": "PK",
        "PartitionKey@odata.type": "Edm.String",
        "RowKey": "RK",
        "RowKey@odata.type": "Edm.String",
        "Data1": 1,
        "Data2": true
      },
      "StatusCode": 201,
      "ResponseHeaders": {
        "Content-Type": "application/json; odata=minimalmetadata",
        "Date": "Thu, 12 Oct 2023 04:26:51 GMT",
        "ETag": "W/\u0022datetime\u00272023-10-12T04%3A26%3A51.9385095Z\u0027\u0022",
        "Location": "https://fakeendpoint.table.cosmos.azure.com/uttable015cb82f2c(PartitionKey=\u0027PK\u0027,RowKey=\u0027RK\u0027)",
        "Transfer-Encoding": "chunked"
      },
      "ResponseBody": {
        "odata.metadata": "https://fakeendpoint.table.cosmos.azure.com/uttable015cb82f2c/$metadata#uttable015cb82f2c/@Element",
        "odata.etag": "W/\u0022datetime\u00272023-10-12T04%3A26%3A51.9385095Z\u0027\u0022",
        "PartitionKey": "PK",
        "RowKey": "RK",
        "Data1": 1,
        "Data2": true,
        "Timestamp": "2023-10-12T04:26:51.9385095Z"
      }
    },
    {
      "RequestUri": "https://fakeendpoint.table.cosmos.azure.com/uttable015cb82f2c(PartitionKey=\u0027PK\u0027,RowKey=\u0027RK\u0027)",
      "RequestMethod": "GET",
      "RequestHeaders": {
        "Accept": "application/json;odata=minimalmetadata",
        "Accept-Encoding": "gzip, deflate",
        "Connection": "keep-alive",
        "DataServiceVersion": "3.0",
        "Date": "Thu, 12 Oct 2023 04:26:53 GMT",
        "User-Agent": "azsdk-python-data-tables/12.4.5 Python/3.11.4 (Windows-10-10.0.22621-SP0)",
        "x-ms-date": "Thu, 12 Oct 2023 04:26:53 GMT",
        "x-ms-version": "2019-02-02"
      },
      "RequestBody": null,
      "StatusCode": 200,
      "ResponseHeaders": {
        "Content-Type": "application/json; odata=minimalmetadata",
        "Date": "Thu, 12 Oct 2023 04:26:51 GMT",
        "ETag": "W/\u0022datetime\u00272023-10-12T04%3A26%3A51.9385095Z\u0027\u0022",
        "Transfer-Encoding": "chunked"
      },
      "ResponseBody": {
        "odata.metadata": "https://fakeendpoint.table.cosmos.azure.com/uttable015cb82f2c/$metadata#uttable015cb82f2c/@Element",
        "odata.etag": "W/\u0022datetime\u00272023-10-12T04%3A26%3A51.9385095Z\u0027\u0022",
        "PartitionKey": "PK",
        "RowKey": "RK",
        "Data1": 1,
        "Data2": true,
        "Timestamp": "2023-10-12T04:26:51.9385095Z"
      }
    },
    {
      "RequestUri": "https://fakeendpoint.table.cosmos.azure.com/uttable015cb82f2c",
      "RequestMethod": "POST",
      "RequestHeaders": {
        "Accept": "application/json;odata=minimalmetadata",
        "Accept-Encoding": "gzip, deflate",
        "Connection": "keep-alive",
        "Content-Length": "120",
        "Content-Type": "application/json;odata=nometadata",
        "DataServiceVersion": "3.0",
        "Date": "Thu, 12 Oct 2023 04:26:53 GMT",
        "User-Agent": "azsdk-python-data-tables/12.4.5 Python/3.11.4 (Windows-10-10.0.22621-SP0)",
        "x-ms-date": "Thu, 12 Oct 2023 04:26:53 GMT",
        "x-ms-version": "2019-02-02"
      },
      "RequestBody": {
        "PartitionKey": "PK",
        "PartitionKey@odata.type": "Edm.String",
        "RowKey": "RK\u0027@*$!%",
        "RowKey@odata.type": "Edm.String"
      },
      "StatusCode": 201,
      "ResponseHeaders": {
        "Content-Type": "application/json; odata=minimalmetadata",
        "Date": "Thu, 12 Oct 2023 04:26:51 GMT",
        "ETag": "W/\u0022datetime\u00272023-10-12T04%3A26%3A52.0170503Z\u0027\u0022",
        "Location": "https://fakeendpoint.table.cosmos.azure.com/uttable015cb82f2c(PartitionKey=\u0027PK\u0027,RowKey=\u0027RK\u0027\u0027@*$!%2525\u0027)",
        "Transfer-Encoding": "chunked"
      },
      "ResponseBody": {
        "odata.metadata": "https://fakeendpoint.table.cosmos.azure.com/uttable015cb82f2c/$metadata#uttable015cb82f2c/@Element",
        "odata.etag": "W/\u0022datetime\u00272023-10-12T04%3A26%3A52.0170503Z\u0027\u0022",
        "PartitionKey": "PK",
        "RowKey": "RK\u0027@*$!%",
        "Timestamp": "2023-10-12T04:26:52.0170503Z"
      }
    },
    {
      "RequestUri": "https://fakeendpoint.table.cosmos.azure.com/uttable015cb82f2c(PartitionKey=\u0027PK\u0027,RowKey=\u0027RK%27%27%40%2A%24%21%25\u0027)",
      "RequestMethod": "GET",
      "RequestHeaders": {
        "Accept": "application/json;odata=minimalmetadata",
        "Accept-Encoding": "gzip, deflate",
        "Connection": "keep-alive",
        "DataServiceVersion": "3.0",
        "Date": "Thu, 12 Oct 2023 04:26:53 GMT",
        "User-Agent": "azsdk-python-data-tables/12.4.5 Python/3.11.4 (Windows-10-10.0.22621-SP0)",
        "x-ms-date": "Thu, 12 Oct 2023 04:26:53 GMT",
        "x-ms-version": "2019-02-02"
      },
      "RequestBody": null,
      "StatusCode": 200,
      "ResponseHeaders": {
        "Content-Type": "application/json; odata=minimalmetadata",
        "Date": "Thu, 12 Oct 2023 04:26:51 GMT",
        "ETag": "W/\u0022datetime\u00272023-10-12T04%3A26%3A52.0170503Z\u0027\u0022",
        "Transfer-Encoding": "chunked"
      },
      "ResponseBody": {
        "odata.metadata": "https://fakeendpoint.table.cosmos.azure.com/uttable015cb82f2c/$metadata#uttable015cb82f2c/@Element",
        "odata.etag": "W/\u0022datetime\u00272023-10-12T04%3A26%3A52.0170503Z\u0027\u0022",
        "PartitionKey": "PK",
        "RowKey": "RK\u0027@*$!%",
        "Timestamp": "2023-10-12T04:26:52.0170503Z"
      }
    },
    {
      "RequestUri": "https://fakeendpoint.table.cosmos.azure.com/uttable015cb82f2c",
      "RequestMethod": "POST",
      "RequestHeaders": {
        "Accept": "application/json;odata=minimalmetadata",
        "Accept-Encoding": "gzip, deflate",
        "Connection": "keep-alive",
        "Content-Length": "76",
        "Content-Type": "application/json;odata=nometadata",
        "DataServiceVersion": "3.0",
        "Date": "Thu, 12 Oct 2023 04:26:53 GMT",
        "User-Agent": "azsdk-python-data-tables/12.4.5 Python/3.11.4 (Windows-10-10.0.22621-SP0)",
        "x-ms-date": "Thu, 12 Oct 2023 04:26:53 GMT",
        "x-ms-version": "2019-02-02"
      },
      "RequestBody": {
        "PartitionKey": "PK",
        "PartitionKey@odata.type": "Edm.String",
        "RowKey": 1
      },
      "StatusCode": 400,
      "ResponseHeaders": {
        "Content-Type": "application/json; odata=fullmetadata",
        "Date": "Thu, 12 Oct 2023 04:26:51 GMT",
        "Transfer-Encoding": "chunked"
      },
      "ResponseBody": {
        "odata.error": {
          "code": "InvalidInput",
          "message": {
            "lang": "en-us",
            "value": "One of the input values is invalid.\r\nActivityId: d115ca3c-c86b-475f-876f-3060e2858854, documentdb-dotnet-sdk/2.14.0 Host/64-bit MicrosoftWindowsNT/10.0.17763.0\nRequestID:d115ca3c-c86b-475f-876f-3060e2858854\n"
          }
        }
      }
    },
    {
      "RequestUri": "https://fakeendpoint.table.cosmos.azure.com/uttable015cb82f2c",
      "RequestMethod": "POST",
      "RequestHeaders": {
        "Accept": "application/json;odata=minimalmetadata",
        "Accept-Encoding": "gzip, deflate",
        "Connection": "keep-alive",
        "Content-Length": "79",
        "Content-Type": "application/json;odata=nometadata",
        "DataServiceVersion": "3.0",
        "Date": "Thu, 12 Oct 2023 04:26:53 GMT",
        "User-Agent": "azsdk-python-data-tables/12.4.5 Python/3.11.4 (Windows-10-10.0.22621-SP0)",
        "x-ms-date": "Thu, 12 Oct 2023 04:26:53 GMT",
        "x-ms-version": "2019-02-02"
      },
      "RequestBody": {
        "PartitionKey": "PK",
        "PartitionKey@odata.type": "Edm.String",
        "RowKey": true
      },
      "StatusCode": 400,
      "ResponseHeaders": {
        "Content-Type": "application/json; odata=fullmetadata",
        "Date": "Thu, 12 Oct 2023 04:26:51 GMT",
        "Transfer-Encoding": "chunked"
      },
      "ResponseBody": {
        "odata.error": {
          "code": "InvalidInput",
          "message": {
            "lang": "en-us",
            "value": "One of the input values is invalid.\r\nActivityId: 1f8e7e2c-9641-4866-8247-2e61b607bf41, documentdb-dotnet-sdk/2.14.0 Host/64-bit MicrosoftWindowsNT/10.0.17763.0\nRequestID:1f8e7e2c-9641-4866-8247-2e61b607bf41\n"
          }
        }
      }
    },
    {
      "RequestUri": "https://fakeendpoint.table.cosmos.azure.com/uttable015cb82f2c",
      "RequestMethod": "POST",
      "RequestHeaders": {
        "Accept": "application/json;odata=minimalmetadata",
        "Accept-Encoding": "gzip, deflate",
        "Connection": "keep-alive",
        "Content-Length": "114",
        "Content-Type": "application/json;odata=nometadata",
        "DataServiceVersion": "3.0",
        "Date": "Thu, 12 Oct 2023 04:26:53 GMT",
        "User-Agent": "azsdk-python-data-tables/12.4.5 Python/3.11.4 (Windows-10-10.0.22621-SP0)",
        "x-ms-date": "Thu, 12 Oct 2023 04:26:53 GMT",
        "x-ms-version": "2019-02-02"
      },
      "RequestBody": {
        "PartitionKey": "PK",
        "PartitionKey@odata.type": "Edm.String",
        "RowKey": 3.14,
        "RowKey@odata.type": "Edm.Double"
      },
      "StatusCode": 400,
      "ResponseHeaders": {
        "Content-Type": "application/json; odata=fullmetadata",
        "Date": "Thu, 12 Oct 2023 04:26:51 GMT",
        "Transfer-Encoding": "chunked"
      },
      "ResponseBody": {
        "odata.error": {
          "code": "InvalidInput",
          "message": {
            "lang": "en-us",
            "value": "One of the input values is invalid.\r\nActivityId: 6ea044d9-8fd4-4664-b19a-4a4b4aff61dd, documentdb-dotnet-sdk/2.14.0 Host/64-bit MicrosoftWindowsNT/10.0.17763.0\nRequestID:6ea044d9-8fd4-4664-b19a-4a4b4aff61dd\n"
          }
        }
      }
    },
    {
      "RequestUri": "https://fakeendpoint.table.cosmos.azure.com/Tables(\u0027uttable015cb82f2c\u0027)",
      "RequestMethod": "DELETE",
      "RequestHeaders": {
        "Accept": "application/json",
        "Accept-Encoding": "gzip, deflate",
        "Connection": "keep-alive",
        "Content-Length": "0",
        "Date": "Thu, 12 Oct 2023 04:26:53 GMT",
        "User-Agent": "azsdk-python-data-tables/12.4.5 Python/3.11.4 (Windows-10-10.0.22621-SP0)",
        "x-ms-date": "Thu, 12 Oct 2023 04:26:53 GMT",
        "x-ms-version": "2019-02-02"
      },
      "RequestBody": null,
      "StatusCode": 204,
      "ResponseHeaders": {
        "Content-Type": "application/json",
        "Date": "Thu, 12 Oct 2023 04:26:51 GMT"
      },
      "ResponseBody": null
    }
  ],
  "Variables": {}
}
