{
  "Entries": [
    {
      "RequestUri": "https://Sanitized.table.cosmos.azure.com/Tables",
      "RequestMethod": "POST",
      "RequestHeaders": {
        "Accept": "application/json;odata=minimalmetadata",
        "Accept-Encoding": "gzip, deflate",
        "Connection": "keep-alive",
        "Content-Length": "32",
        "Content-Type": "application/json;odata=nometadata",
        "DataServiceVersion": "3.0",
        "Date": "Wed, 20 Nov 2024 01:56:27 GMT",
        "User-Agent": "azsdk-python-data-tables/12.6.0b1 Python/3.12.7 (Windows-11-10.0.22631-SP0)",
        "x-ms-date": "Wed, 20 Nov 2024 01:56:27 GMT",
        "x-ms-version": "2019-02-02"
      },
      "RequestBody": {
        "TableName": "mytable8cde33bc"
      },
      "StatusCode": 201,
      "ResponseHeaders": {
        "Content-Type": "application/json; odata=minimalmetadata",
        "Date": "Wed, 20 Nov 2024 01:56:30 GMT",
        "ETag": "W/\"datetime'2024-11-20T01%3A56%3A30.7283975Z'\"",
        "Location": "https://example.com",
        "Transfer-Encoding": "chunked"
      },
      "ResponseBody": {
        "TableName": "mytable8cde33bc",
        "odata.metadata": "https://fakeendpoint.table.cosmos.azure.com/$metadata#Tables/@Element"
      }
    },
    {
      "RequestUri": "https://Sanitized.table.cosmos.azure.com/mytable8cde33bc()?$filter=PartitionKey%20eq%20%27dummy-pk%27",
      "RequestMethod": "GET",
      "RequestHeaders": {
        "Accept": "application/json;odata=minimalmetadata",
        "Accept-Encoding": "gzip, deflate",
        "Connection": "keep-alive",
        "DataServiceVersion": "3.0",
        "Date": "Wed, 20 Nov 2024 01:56:31 GMT",
        "User-Agent": "azsdk-python-data-tables/12.6.0b1 Python/3.12.7 (Windows-11-10.0.22631-SP0)",
        "x-ms-date": "Wed, 20 Nov 2024 01:56:31 GMT",
        "x-ms-version": "2019-02-02"
      },
      "RequestBody": null,
      "StatusCode": 200,
      "ResponseHeaders": {
        "Content-Type": "application/json; odata=minimalmetadata",
        "Date": "Wed, 20 Nov 2024 01:56:33 GMT",
        "Transfer-Encoding": "chunked"
      },
      "ResponseBody": {
        "value": [],
        "odata.metadata": "https://fakeendpoint.table.cosmos.azure.com/$metadata#mytable8cde33bc"
      }
    },
    {
      "RequestUri": "https://Sanitized.table.cosmos.azure.com/mytable8cde33bc()?$filter=PartitionKey%20eq%20%27dummy-pk%27",
      "RequestMethod": "GET",
      "RequestHeaders": {
        "Accept": "application/json;odata=minimalmetadata",
        "Accept-Encoding": "gzip, deflate",
        "Connection": "keep-alive",
        "DataServiceVersion": "3.0",
        "Date": "Wed, 20 Nov 2024 01:56:33 GMT",
        "User-Agent": "azsdk-python-data-tables/12.6.0b1 Python/3.12.7 (Windows-11-10.0.22631-SP0)",
        "x-ms-date": "Wed, 20 Nov 2024 01:56:33 GMT",
        "x-ms-version": "2019-02-02"
      },
      "RequestBody": null,
      "StatusCode": 200,
      "ResponseHeaders": {
        "Content-Type": "application/json; odata=minimalmetadata",
        "Date": "Wed, 20 Nov 2024 01:56:34 GMT",
        "Transfer-Encoding": "chunked"
      },
      "ResponseBody": {
        "value": [],
        "odata.metadata": "https://fakeendpoint.table.cosmos.azure.com/$metadata#mytable8cde33bc"
      }
    },
    {
      "RequestUri": "https://Sanitized.table.cosmos.azure.com/mytable8cde33bc()?$filter=PartitionKey%20eq%20%27dummy-pk%27",
      "RequestMethod": "GET",
      "RequestHeaders": {
        "Accept": "application/json;odata=minimalmetadata",
        "Accept-Encoding": "gzip, deflate",
        "Connection": "keep-alive",
        "DataServiceVersion": "3.0",
        "Date": "Wed, 20 Nov 2024 01:56:34 GMT",
        "User-Agent": "azsdk-python-data-tables/12.6.0b1 Python/3.12.7 (Windows-11-10.0.22631-SP0)",
        "x-ms-date": "Wed, 20 Nov 2024 01:56:34 GMT",
        "x-ms-version": "2019-02-02"
      },
      "RequestBody": null,
      "StatusCode": 200,
      "ResponseHeaders": {
        "Content-Type": "application/json; odata=minimalmetadata",
        "Date": "Wed, 20 Nov 2024 01:56:36 GMT",
        "Transfer-Encoding": "chunked"
      },
      "ResponseBody": {
        "value": [],
        "odata.metadata": "https://fakeendpoint.table.cosmos.azure.com/$metadata#mytable8cde33bc"
      }
    },
    {
      "RequestUri": "https://Sanitized.table.cosmos.azure.com/Tables('mytable8cde33bc')",
      "RequestMethod": "DELETE",
      "RequestHeaders": {
        "Accept": "application/json",
        "Accept-Encoding": "gzip, deflate",
        "Connection": "keep-alive",
        "Content-Length": "0",
        "Date": "Wed, 20 Nov 2024 01:56:36 GMT",
        "User-Agent": "azsdk-python-data-tables/12.6.0b1 Python/3.12.7 (Windows-11-10.0.22631-SP0)",
        "x-ms-date": "Wed, 20 Nov 2024 01:56:36 GMT",
        "x-ms-version": "2019-02-02"
      },
      "RequestBody": null,
      "StatusCode": 204,
      "ResponseHeaders": {
        "Content-Type": "application/json",
        "Date": "Wed, 20 Nov 2024 01:56:36 GMT"
      },
      "ResponseBody": null
    }
  ],
  "Variables": {}
}
