{
  "Entries": [
    {
      "RequestUri": "https://fakeendpoint.table.cosmos.azure.com/Tables",
      "RequestMethod": "POST",
      "RequestHeaders": {
        "Accept": "application/json;odata=minimalmetadata",
        "Accept-Encoding": "gzip, deflate",
        "Connection": "keep-alive",
        "Content-Length": "34",
        "Content-Type": "application/json;odata=nometadata",
        "DataServiceVersion": "3.0",
        "Date": "Tue, 17 Oct 2023 17:54:03 GMT",
        "User-Agent": "azsdk-python-data-tables/12.4.5 Python/3.11.4 (Windows-10-10.0.22621-SP0)",
        "x-ms-date": "Tue, 17 Oct 2023 17:54:03 GMT",
        "x-ms-version": "2019-02-02"
      },
      "RequestBody": {
        "TableName": "uttable048f582fc7"
      },
      "StatusCode": 201,
      "ResponseHeaders": {
        "Content-Type": "application/json; odata=minimalmetadata",
        "Date": "Tue, 17 Oct 2023 17:54:02 GMT",
        "ETag": "W/\u0022datetime\u00272023-10-17T17%3A54%3A02.6977287Z\u0027\u0022",
        "Location": "https://fakeendpoint.table.cosmos.azure.com/Tables(\u0027uttable048f582fc7\u0027)",
        "Transfer-Encoding": "chunked"
      },
      "ResponseBody": {
        "TableName": "uttable048f582fc7",
        "odata.metadata": "https://fakeendpoint.table.cosmos.azure.com/$metadata#Tables/@Element"
      }
    },
    {
      "RequestUri": "https://fakeendpoint.table.cosmos.azure.com/uttable048f582fc7",
      "RequestMethod": "POST",
      "RequestHeaders": {
        "Accept": "application/json;odata=minimalmetadata",
        "Accept-Encoding": "gzip, deflate",
        "Connection": "keep-alive",
        "Content-Length": "599",
        "Content-Type": "application/json;odata=nometadata",
        "DataServiceVersion": "3.0",
        "Date": "Tue, 17 Oct 2023 17:54:04 GMT",
        "User-Agent": "azsdk-python-data-tables/12.4.5 Python/3.11.4 (Windows-10-10.0.22621-SP0)",
        "x-ms-date": "Tue, 17 Oct 2023 17:54:04 GMT",
        "x-ms-version": "2019-02-02"
      },
      "RequestBody": {
        "PartitionKey": "PK1",
        "PartitionKey@odata.type": "Edm.String",
        "RowKey": "RK1",
        "RowKey@odata.type": "Edm.String",
        "Data1": 12345,
        "Data1@odata.type": "Edm.Int32",
        "Data2": false,
        "Data2@odata.type": "Edm.Boolean",
        "Data3": "dGVzdGRhdGE=",
        "Data3@odata.type": "Edm.Binary",
        "Data4": "2022-04-01T09:30:45.000000Z",
        "Data4@odata.type": "Edm.DateTime",
        "Data5": "a5b9a063-4519-4d81-a6c1-93a91bfab643",
        "Data5@odata.type": "Edm.Guid",
        "Data6": "Foobar",
        "Data6@odata.type": "Edm.String",
        "Data7": 3.14,
        "Data7@odata.type": "Edm.Double",
        "Data8": "1152921504606846976",
        "Data8@odata.type": "Edm.Int64"
      },
      "StatusCode": 201,
      "ResponseHeaders": {
        "Content-Type": "application/json; odata=minimalmetadata",
        "Date": "Tue, 17 Oct 2023 17:54:02 GMT",
        "ETag": "W/\u0022datetime\u00272023-10-17T17%3A54%3A03.4414599Z\u0027\u0022",
        "Location": "https://fakeendpoint.table.cosmos.azure.com/uttable048f582fc7(PartitionKey=\u0027PK1\u0027,RowKey=\u0027RK1\u0027)",
        "Transfer-Encoding": "chunked"
      },
      "ResponseBody": {
        "odata.metadata": "https://fakeendpoint.table.cosmos.azure.com/uttable048f582fc7/$metadata#uttable048f582fc7/@Element",
        "odata.etag": "W/\u0022datetime\u00272023-10-17T17%3A54%3A03.4414599Z\u0027\u0022",
        "PartitionKey": "PK1",
        "RowKey": "RK1",
        "Data1": 12345,
        "Data2": false,
        "Data3@odata.type": "Edm.Binary",
        "Data3": "dGVzdGRhdGE=",
        "Data4@odata.type": "Edm.DateTime",
        "Data4": "2022-04-01T09:30:45.0000000Z",
        "Data5@odata.type": "Edm.Guid",
        "Data5": "a5b9a063-4519-4d81-a6c1-93a91bfab643",
        "Data6": "Foobar",
        "Data7": 3.14,
        "Data8@odata.type": "Edm.Int64",
        "Data8": "1152921504606846976",
        "Timestamp": "2023-10-17T17:54:03.4414599Z"
      }
    },
    {
      "RequestUri": "https://fakeendpoint.table.cosmos.azure.com/uttable048f582fc7(PartitionKey=\u0027PK1\u0027,RowKey=\u0027RK1\u0027)",
      "RequestMethod": "GET",
      "RequestHeaders": {
        "Accept": "application/json;odata=minimalmetadata",
        "Accept-Encoding": "gzip, deflate",
        "Connection": "keep-alive",
        "DataServiceVersion": "3.0",
        "Date": "Tue, 17 Oct 2023 17:54:04 GMT",
        "User-Agent": "azsdk-python-data-tables/12.4.5 Python/3.11.4 (Windows-10-10.0.22621-SP0)",
        "x-ms-date": "Tue, 17 Oct 2023 17:54:04 GMT",
        "x-ms-version": "2019-02-02"
      },
      "RequestBody": null,
      "StatusCode": 200,
      "ResponseHeaders": {
        "Content-Type": "application/json; odata=minimalmetadata",
        "Date": "Tue, 17 Oct 2023 17:54:02 GMT",
        "ETag": "W/\u0022datetime\u00272023-10-17T17%3A54%3A03.4414599Z\u0027\u0022",
        "Transfer-Encoding": "chunked"
      },
      "ResponseBody": {
        "odata.metadata": "https://fakeendpoint.table.cosmos.azure.com/uttable048f582fc7/$metadata#uttable048f582fc7/@Element",
        "odata.etag": "W/\u0022datetime\u00272023-10-17T17%3A54%3A03.4414599Z\u0027\u0022",
        "PartitionKey": "PK1",
        "RowKey": "RK1",
        "Data1": 12345,
        "Data2": false,
        "Data3@odata.type": "Edm.Binary",
        "Data3": "dGVzdGRhdGE=",
        "Data4@odata.type": "Edm.DateTime",
        "Data4": "2022-04-01T09:30:45.0000000Z",
        "Data5@odata.type": "Edm.Guid",
        "Data5": "a5b9a063-4519-4d81-a6c1-93a91bfab643",
        "Data6": "Foobar",
        "Data7": 3.14,
        "Data8@odata.type": "Edm.Int64",
        "Data8": "1152921504606846976",
        "Timestamp": "2023-10-17T17:54:03.4414599Z"
      }
    },
    {
      "RequestUri": "https://fakeendpoint.table.cosmos.azure.com/uttable048f582fc7",
      "RequestMethod": "POST",
      "RequestHeaders": {
        "Accept": "application/json;odata=minimalmetadata",
        "Accept-Encoding": "gzip, deflate",
        "Connection": "keep-alive",
        "Content-Length": "542",
        "Content-Type": "application/json;odata=nometadata",
        "DataServiceVersion": "3.0",
        "Date": "Tue, 17 Oct 2023 17:54:04 GMT",
        "User-Agent": "azsdk-python-data-tables/12.4.5 Python/3.11.4 (Windows-10-10.0.22621-SP0)",
        "x-ms-date": "Tue, 17 Oct 2023 17:54:04 GMT",
        "x-ms-version": "2019-02-02"
      },
      "RequestBody": {
        "PartitionKey": "PK2",
        "PartitionKey@odata.type": "Edm.String",
        "RowKey": "RK2",
        "RowKey@odata.type": "Edm.String",
        "Data1": 12345,
        "Data1@odata.type": "Edm.Int32",
        "Data2": "False",
        "Data2@odata.type": "Edm.Boolean",
        "Data3": "None",
        "Data3@odata.type": "Edm.String",
        "Data4": "2022-04-01T09:30:45.000000Z",
        "Data4@odata.type": "Edm.DateTime",
        "Data5": "9b8fbe91-a1d8-46bb-99b6-09e1a6afd9cf",
        "Data5@odata.type": "Edm.Guid",
        "Data7": "3.14",
        "Data7@odata.type": "Edm.Double",
        "Data8": "9223372036854775807",
        "Data8@odata.type": "Edm.Int64"
      },
      "StatusCode": 201,
      "ResponseHeaders": {
        "Content-Type": "application/json; odata=minimalmetadata",
        "Date": "Tue, 17 Oct 2023 17:54:02 GMT",
        "ETag": "W/\u0022datetime\u00272023-10-17T17%3A54%3A03.5295239Z\u0027\u0022",
        "Location": "https://fakeendpoint.table.cosmos.azure.com/uttable048f582fc7(PartitionKey=\u0027PK2\u0027,RowKey=\u0027RK2\u0027)",
        "Transfer-Encoding": "chunked"
      },
      "ResponseBody": {
        "odata.metadata": "https://fakeendpoint.table.cosmos.azure.com/uttable048f582fc7/$metadata#uttable048f582fc7/@Element",
        "odata.etag": "W/\u0022datetime\u00272023-10-17T17%3A54%3A03.5295239Z\u0027\u0022",
        "PartitionKey": "PK2",
        "RowKey": "RK2",
        "Data1": 12345,
        "Data2": false,
        "Data3": "None",
        "Data4@odata.type": "Edm.DateTime",
        "Data4": "2022-04-01T09:30:45.0000000Z",
        "Data5@odata.type": "Edm.Guid",
        "Data5": "9b8fbe91-a1d8-46bb-99b6-09e1a6afd9cf",
        "Data7": 3.14,
        "Data8@odata.type": "Edm.Int64",
        "Data8": "9223372036854775807",
        "Timestamp": "2023-10-17T17:54:03.5295239Z"
      }
    },
    {
      "RequestUri": "https://fakeendpoint.table.cosmos.azure.com/uttable048f582fc7(PartitionKey=\u0027PK2\u0027,RowKey=\u0027RK2\u0027)",
      "RequestMethod": "GET",
      "RequestHeaders": {
        "Accept": "application/json;odata=minimalmetadata",
        "Accept-Encoding": "gzip, deflate",
        "Connection": "keep-alive",
        "DataServiceVersion": "3.0",
        "Date": "Tue, 17 Oct 2023 17:54:04 GMT",
        "User-Agent": "azsdk-python-data-tables/12.4.5 Python/3.11.4 (Windows-10-10.0.22621-SP0)",
        "x-ms-date": "Tue, 17 Oct 2023 17:54:04 GMT",
        "x-ms-version": "2019-02-02"
      },
      "RequestBody": null,
      "StatusCode": 200,
      "ResponseHeaders": {
        "Content-Type": "application/json; odata=minimalmetadata",
        "Date": "Tue, 17 Oct 2023 17:54:02 GMT",
        "ETag": "W/\u0022datetime\u00272023-10-17T17%3A54%3A03.5295239Z\u0027\u0022",
        "Transfer-Encoding": "chunked"
      },
      "ResponseBody": {
        "odata.metadata": "https://fakeendpoint.table.cosmos.azure.com/uttable048f582fc7/$metadata#uttable048f582fc7/@Element",
        "odata.etag": "W/\u0022datetime\u00272023-10-17T17%3A54%3A03.5295239Z\u0027\u0022",
        "PartitionKey": "PK2",
        "RowKey": "RK2",
        "Data1": 12345,
        "Data2": false,
        "Data3": "None",
        "Data4@odata.type": "Edm.DateTime",
        "Data4": "2022-04-01T09:30:45.0000000Z",
        "Data5@odata.type": "Edm.Guid",
        "Data5": "9b8fbe91-a1d8-46bb-99b6-09e1a6afd9cf",
        "Data7": 3.14,
        "Data8@odata.type": "Edm.Int64",
        "Data8": "9223372036854775807",
        "Timestamp": "2023-10-17T17:54:03.5295239Z"
      }
    },
    {
      "RequestUri": "https://fakeendpoint.table.cosmos.azure.com/Tables(\u0027uttable048f582fc7\u0027)",
      "RequestMethod": "DELETE",
      "RequestHeaders": {
        "Accept": "application/json",
        "Accept-Encoding": "gzip, deflate",
        "Connection": "keep-alive",
        "Content-Length": "0",
        "Date": "Tue, 17 Oct 2023 17:54:04 GMT",
        "User-Agent": "azsdk-python-data-tables/12.4.5 Python/3.11.4 (Windows-10-10.0.22621-SP0)",
        "x-ms-date": "Tue, 17 Oct 2023 17:54:04 GMT",
        "x-ms-version": "2019-02-02"
      },
      "RequestBody": null,
      "StatusCode": 204,
      "ResponseHeaders": {
        "Content-Type": "application/json",
        "Date": "Tue, 17 Oct 2023 17:54:02 GMT"
      },
      "ResponseBody": null
    }
  ],
  "Variables": {
    "uuid": "a5b9a063-4519-4d81-a6c1-93a91bfab643"
  }
}
