{
  "Entries": [
    {
      "RequestUri": "https://fakeendpoint.table.core.windows.net/Tables",
      "RequestMethod": "POST",
      "RequestHeaders": {
        "Accept": "application/json;odata=minimalmetadata",
        "Accept-Encoding": "gzip, deflate",
        "Content-Length": "32",
        "Content-Type": "application/json;odata=nometadata",
        "DataServiceVersion": "3.0",
        "Date": "Tue, 07 May 2024 02:06:08 GMT",
        "User-Agent": "azsdk-python-data-tables/12.5.1 Python/3.12.3 (Windows-11-10.0.22621-SP0)",
        "x-ms-date": "Tue, 07 May 2024 02:06:08 GMT",
        "x-ms-version": "2019-02-02"
      },
      "RequestBody": {
        "TableName": "uttable9f2c300a"
      },
      "StatusCode": 201,
      "ResponseHeaders": {
        "Cache-Control": "no-cache",
        "Content-Type": "application/json; odata=minimalmetadata; streaming=true; charset=utf-8",
        "Date": "Tue, 07 May 2024 02:06:07 GMT",
        "Location": "https://fakeendpoint.table.core.windows.net/Tables('uttable9f2c300a')",
        "Server": [
          "Windows-Azure-Table/1.0",
          "Microsoft-HTTPAPI/2.0"
        ],
        "Transfer-Encoding": "chunked",
        "X-Content-Type-Options": "nosniff",
        "x-ms-version": "2019-02-02"
      },
      "ResponseBody": {
        "odata.metadata": "https://fakeendpoint.table.core.windows.net/$metadata#Tables/@Element",
        "TableName": "uttable9f2c300a"
      }
    },
    {
      "RequestUri": "https://fakeendpoint.table.core.windows.net/uttable9f2c300a(PartitionKey='pk9f2c300a',RowKey='rk9f2c300a')",
      "RequestMethod": "PUT",
      "RequestHeaders": {
        "Accept": "application/json",
        "Accept-Encoding": "gzip, deflate",
        "Content-Length": "187",
        "Content-Type": "application/json",
        "DataServiceVersion": "3.0",
        "Date": "Tue, 07 May 2024 02:06:08 GMT",
        "If-Match": "*",
        "User-Agent": "azsdk-python-data-tables/12.5.1 Python/3.12.3 (Windows-11-10.0.22621-SP0)",
        "x-ms-date": "Tue, 07 May 2024 02:06:08 GMT",
        "x-ms-version": "2019-02-02"
      },
      "RequestBody": {
        "PartitionKey": "pk9f2c300a",
        "RowKey": "rk9f2c300a",
        "age": "abc",
        "sex": "female",
        "sign": "aquarius",
        "birthday@odata.type": "Edm.DateTime",
        "birthday": "1991-10-04T00:00:00.000000Z"
      },
      "StatusCode": 404,
      "ResponseHeaders": {
        "Cache-Control": "no-cache",
        "Content-Type": "application/json; odata=minimalmetadata; streaming=true; charset=utf-8",
        "Date": "Tue, 07 May 2024 02:06:07 GMT",
        "Server": [
          "Windows-Azure-Table/1.0",
          "Microsoft-HTTPAPI/2.0"
        ],
        "Transfer-Encoding": "chunked",
        "X-Content-Type-Options": "nosniff",
        "x-ms-version": "2019-02-02"
      },
      "ResponseBody": {
        "odata.error": {
          "code": "ResourceNotFound",
          "message": {
            "lang": "en-US",
            "value": "The specified resource does not exist.\nRequestId:d1859e50-1002-0032-3423-a024b4000000\nTime:2024-05-07T02:06:08.1756953Z"
          }
        }
      }
    },
    {
      "RequestUri": "https://fakeendpoint.table.core.windows.net/Tables",
      "RequestMethod": "GET",
      "RequestHeaders": {
        "Accept": "application/json;odata=minimalmetadata",
        "Accept-Encoding": "gzip, deflate",
        "DataServiceVersion": "3.0",
        "Date": "Tue, 07 May 2024 02:06:08 GMT",
        "User-Agent": "azsdk-python-data-tables/12.5.1 Python/3.12.3 (Windows-11-10.0.22621-SP0)",
        "x-ms-date": "Tue, 07 May 2024 02:06:08 GMT",
        "x-ms-version": "2019-02-02"
      },
      "RequestBody": null,
      "StatusCode": 200,
      "ResponseHeaders": {
        "Cache-Control": "no-cache",
        "Content-Type": "application/json; odata=minimalmetadata; streaming=true; charset=utf-8",
        "Date": "Tue, 07 May 2024 02:06:07 GMT",
        "Server": [
          "Windows-Azure-Table/1.0",
          "Microsoft-HTTPAPI/2.0"
        ],
        "Transfer-Encoding": "chunked",
        "X-Content-Type-Options": "nosniff",
        "x-ms-version": "2019-02-02"
      },
      "ResponseBody": {
        "odata.metadata": "https://fakeendpoint.table.core.windows.net/$metadata#Tables",
        "value": [
          {
            "TableName": "uttable9f2c300a"
          }
        ]
      }
    },
    {
      "RequestUri": "https://fakeendpoint.table.core.windows.net/Tables('uttable9f2c300a')",
      "RequestMethod": "DELETE",
      "RequestHeaders": {
        "Accept": "application/json",
        "Accept-Encoding": "gzip, deflate",
        "Content-Length": "0",
        "Date": "Tue, 07 May 2024 02:06:08 GMT",
        "User-Agent": "azsdk-python-data-tables/12.5.1 Python/3.12.3 (Windows-11-10.0.22621-SP0)",
        "x-ms-date": "Tue, 07 May 2024 02:06:08 GMT",
        "x-ms-version": "2019-02-02"
      },
      "RequestBody": null,
      "StatusCode": 204,
      "ResponseHeaders": {
        "Cache-Control": "no-cache",
        "Content-Length": "0",
        "Date": "Tue, 07 May 2024 02:06:07 GMT",
        "Server": [
          "Windows-Azure-Table/1.0",
          "Microsoft-HTTPAPI/2.0"
        ],
        "X-Content-Type-Options": "nosniff",
        "x-ms-version": "2019-02-02"
      },
      "ResponseBody": null
    }
  ],
  "Variables": {}
}
