{
  "Entries": [
    {
      "RequestUri": "https://Sanitized.table.cosmos.azure.com/Tables",
      "RequestMethod": "POST",
      "RequestHeaders": {
        "Accept": "application/json;odata=minimalmetadata",
        "Accept-Encoding": "gzip, deflate",
        "Content-Length": "35",
        "Content-Type": "application/json;odata=nometadata",
        "DataServiceVersion": "3.0",
        "Date": "Wed, 20 Nov 2024 02:04:02 GMT",
        "User-Agent": "azsdk-python-data-tables/12.6.0b1 Python/3.12.7 (Windows-11-10.0.22631-SP0)",
        "x-ms-date": "Wed, 20 Nov 2024 02:04:02 GMT",
        "x-ms-version": "2019-02-02"
      },
      "RequestBody": {
        "TableName": "listtable06d14318d"
      },
      "StatusCode": 201,
      "ResponseHeaders": {
        "Content-Type": "application/json; odata=minimalmetadata",
        "Date": "Wed, 20 Nov 2024 02:04:02 GMT",
        "ETag": "W/\"datetime'2024-11-20T02%3A04%3A02.7488263Z'\"",
        "Location": "https://example.com",
        "Transfer-Encoding": "chunked"
      },
      "ResponseBody": {
        "TableName": "listtable06d14318d",
        "odata.metadata": "https://fakeendpoint.table.cosmos.azure.com/$metadata#Tables/@Element"
      }
    },
    {
      "RequestUri": "https://Sanitized.table.cosmos.azure.com/Tables",
      "RequestMethod": "POST",
      "RequestHeaders": {
        "Accept": "application/json;odata=minimalmetadata",
        "Accept-Encoding": "gzip, deflate",
        "Content-Length": "35",
        "Content-Type": "application/json;odata=nometadata",
        "DataServiceVersion": "3.0",
        "Date": "Wed, 20 Nov 2024 02:04:02 GMT",
        "User-Agent": "azsdk-python-data-tables/12.6.0b1 Python/3.12.7 (Windows-11-10.0.22631-SP0)",
        "x-ms-date": "Wed, 20 Nov 2024 02:04:02 GMT",
        "x-ms-version": "2019-02-02"
      },
      "RequestBody": {
        "TableName": "listtable16d14318d"
      },
      "StatusCode": 201,
      "ResponseHeaders": {
        "Content-Type": "application/json; odata=minimalmetadata",
        "Date": "Wed, 20 Nov 2024 02:04:02 GMT",
        "ETag": "W/\"datetime'2024-11-20T02%3A04%3A03.0681095Z'\"",
        "Location": "https://example.com",
        "Transfer-Encoding": "chunked"
      },
      "ResponseBody": {
        "TableName": "listtable16d14318d",
        "odata.metadata": "https://fakeendpoint.table.cosmos.azure.com/$metadata#Tables/@Element"
      }
    },
    {
      "RequestUri": "https://Sanitized.table.cosmos.azure.com/Tables",
      "RequestMethod": "POST",
      "RequestHeaders": {
        "Accept": "application/json;odata=minimalmetadata",
        "Accept-Encoding": "gzip, deflate",
        "Content-Length": "35",
        "Content-Type": "application/json;odata=nometadata",
        "DataServiceVersion": "3.0",
        "Date": "Wed, 20 Nov 2024 02:04:03 GMT",
        "User-Agent": "azsdk-python-data-tables/12.6.0b1 Python/3.12.7 (Windows-11-10.0.22631-SP0)",
        "x-ms-date": "Wed, 20 Nov 2024 02:04:03 GMT",
        "x-ms-version": "2019-02-02"
      },
      "RequestBody": {
        "TableName": "listtable26d14318d"
      },
      "StatusCode": 201,
      "ResponseHeaders": {
        "Content-Type": "application/json; odata=minimalmetadata",
        "Date": "Wed, 20 Nov 2024 02:04:02 GMT",
        "ETag": "W/\"datetime'2024-11-20T02%3A04%3A03.3399815Z'\"",
        "Location": "https://example.com",
        "Transfer-Encoding": "chunked"
      },
      "ResponseBody": {
        "TableName": "listtable26d14318d",
        "odata.metadata": "https://fakeendpoint.table.cosmos.azure.com/$metadata#Tables/@Element"
      }
    },
    {
      "RequestUri": "https://Sanitized.table.cosmos.azure.com/Tables",
      "RequestMethod": "POST",
      "RequestHeaders": {
        "Accept": "application/json;odata=minimalmetadata",
        "Accept-Encoding": "gzip, deflate",
        "Content-Length": "35",
        "Content-Type": "application/json;odata=nometadata",
        "DataServiceVersion": "3.0",
        "Date": "Wed, 20 Nov 2024 02:04:03 GMT",
        "User-Agent": "azsdk-python-data-tables/12.6.0b1 Python/3.12.7 (Windows-11-10.0.22631-SP0)",
        "x-ms-date": "Wed, 20 Nov 2024 02:04:03 GMT",
        "x-ms-version": "2019-02-02"
      },
      "RequestBody": {
        "TableName": "listtable36d14318d"
      },
      "StatusCode": 201,
      "ResponseHeaders": {
        "Content-Type": "application/json; odata=minimalmetadata",
        "Date": "Wed, 20 Nov 2024 02:04:03 GMT",
        "ETag": "W/\"datetime'2024-11-20T02%3A04%3A03.6603911Z'\"",
        "Location": "https://example.com",
        "Transfer-Encoding": "chunked"
      },
      "ResponseBody": {
        "TableName": "listtable36d14318d",
        "odata.metadata": "https://fakeendpoint.table.cosmos.azure.com/$metadata#Tables/@Element"
      }
    },
    {
      "RequestUri": "https://Sanitized.table.cosmos.azure.com/Tables?$top=2",
      "RequestMethod": "GET",
      "RequestHeaders": {
        "Accept": "application/json;odata=minimalmetadata",
        "Accept-Encoding": "gzip, deflate",
        "DataServiceVersion": "3.0",
        "Date": "Wed, 20 Nov 2024 02:04:03 GMT",
        "User-Agent": "azsdk-python-data-tables/12.6.0b1 Python/3.12.7 (Windows-11-10.0.22631-SP0)",
        "x-ms-date": "Wed, 20 Nov 2024 02:04:03 GMT",
        "x-ms-version": "2019-02-02"
      },
      "RequestBody": null,
      "StatusCode": 200,
      "ResponseHeaders": {
        "Content-Type": "application/json; odata=minimalmetadata",
        "Date": "Wed, 20 Nov 2024 02:04:03 GMT",
        "Transfer-Encoding": "chunked",
        "x-ms-continuation-NextTableName": "iN19APBbSxc="
      },
      "ResponseBody": {
        "value": [
          {
            "TableName": "listtable06d14318d"
          },
          {
            "TableName": "listtable26d14318d"
          }
        ],
        "odata.metadata": "https://fakeendpoint.table.cosmos.azure.com/$metadata#Tables"
      }
    },
    {
      "RequestUri": "https://Sanitized.table.cosmos.azure.com/Tables?$top=2&NextTableName=iN19APBbSxc%3D",
      "RequestMethod": "GET",
      "RequestHeaders": {
        "Accept": "application/json;odata=minimalmetadata",
        "Accept-Encoding": "gzip, deflate",
        "DataServiceVersion": "3.0",
        "Date": "Wed, 20 Nov 2024 02:04:03 GMT",
        "User-Agent": "azsdk-python-data-tables/12.6.0b1 Python/3.12.7 (Windows-11-10.0.22631-SP0)",
        "x-ms-date": "Wed, 20 Nov 2024 02:04:03 GMT",
        "x-ms-version": "2019-02-02"
      },
      "RequestBody": null,
      "StatusCode": 200,
      "ResponseHeaders": {
        "Content-Type": "application/json; odata=minimalmetadata",
        "Date": "Wed, 20 Nov 2024 02:04:03 GMT",
        "Transfer-Encoding": "chunked",
        "x-ms-continuation-NextTableName": "iN19AOZVTC8="
      },
      "ResponseBody": {
        "value": [
          {
            "TableName": "listtable1716133cc"
          },
          {
            "TableName": "listtable36d14318d"
          }
        ],
        "odata.metadata": "https://fakeendpoint.table.cosmos.azure.com/$metadata#Tables"
      }
    }
  ],
  "Variables": {}
}
