{
  "Entries": [
    {
      "RequestUri": "https://REDACTED.table.cosmos.azure.com/Tables",
      "RequestMethod": "POST",
      "RequestHeaders": {
        "Accept": "application/json;odata=minimalmetadata",
        "Accept-Encoding": "gzip, deflate",
        "Connection": "keep-alive",
        "Content-Length": "32",
        "Content-Type": "application/json;odata=nometadata",
        "DataServiceVersion": "3.0",
        "Date": "Fri, 26 Apr 2024 02:22:46 GMT",
        "User-Agent": "azsdk-python-data-tables/12.5.1 Python/3.11.6 (Linux-5.15.146.1-microsoft-standard-WSL2-x86_64-with-glibc2.35)",
        "x-ms-date": "Fri, 26 Apr 2024 02:22:46 GMT",
        "x-ms-version": "2019-02-02"
      },
      "RequestBody": {
        "TableName": "uttable6cf731a9"
      },
      "StatusCode": 201,
      "ResponseHeaders": {
        "Content-Type": "application/json; odata=minimalmetadata",
        "Date": "Fri, 26 Apr 2024 02:22:46 GMT",
        "ETag": "W/\"datetime'2024-04-26T02%3A22%3A47.1002120Z'\"",
        "Location": "https://example.com",
        "Transfer-Encoding": "chunked"
      },
      "ResponseBody": {
        "TableName": "uttable6cf731a9",
        "odata.metadata": "https://faketableaccount.table.cosmos.azure.com/$metadata#Tables/@Element"
      }
    },
    {
      "RequestUri": "https://REDACTED.table.cosmos.azure.com/Tables",
      "RequestMethod": "POST",
      "RequestHeaders": {
        "Accept": "application/json;odata=minimalmetadata",
        "Accept-Encoding": "gzip, deflate",
        "Connection": "keep-alive",
        "Content-Length": "35",
        "Content-Type": "application/json;odata=nometadata",
        "DataServiceVersion": "3.0",
        "Date": "Fri, 26 Apr 2024 02:22:47 GMT",
        "User-Agent": "azsdk-python-data-tables/12.5.1 Python/3.11.6 (Linux-5.15.146.1-microsoft-standard-WSL2-x86_64-with-glibc2.35)",
        "x-ms-date": "Fri, 26 Apr 2024 02:22:47 GMT",
        "x-ms-version": "2019-02-02"
      },
      "RequestBody": {
        "TableName": "querytable6cf731a9"
      },
      "StatusCode": 201,
      "ResponseHeaders": {
        "Content-Type": "application/json; odata=minimalmetadata",
        "Date": "Fri, 26 Apr 2024 02:22:47 GMT",
        "ETag": "W/\"datetime'2024-04-26T02%3A22%3A47.5712520Z'\"",
        "Location": "https://example.com",
        "Transfer-Encoding": "chunked"
      },
      "ResponseBody": {
        "TableName": "querytable6cf731a9",
        "odata.metadata": "https://faketableaccount.table.cosmos.azure.com/$metadata#Tables/@Element"
      }
    },
    {
      "RequestUri": "https://REDACTED.table.cosmos.azure.com/querytable6cf731a9",
      "RequestMethod": "POST",
      "RequestHeaders": {
        "Accept": "application/json;odata=minimalmetadata",
        "Accept-Encoding": "gzip, deflate",
        "Connection": "keep-alive",
        "Content-Length": "745",
        "Content-Type": "application/json;odata=nometadata",
        "DataServiceVersion": "3.0",
        "Date": "Fri, 26 Apr 2024 02:22:47 GMT",
        "User-Agent": "azsdk-python-data-tables/12.5.1 Python/3.11.6 (Linux-5.15.146.1-microsoft-standard-WSL2-x86_64-with-glibc2.35)",
        "x-ms-date": "Fri, 26 Apr 2024 02:22:47 GMT",
        "x-ms-version": "2019-02-02"
      },
      "RequestBody": {
        "PartitionKey": "pk6cf731a9",
        "PartitionKey@odata.type": "Edm.String",
        "RowKey": "rk6cf731a91",
        "RowKey@odata.type": "Edm.String",
        "age": 39,
        "sex": "male",
        "sex@odata.type": "Edm.String",
        "married": true,
        "deceased": false,
        "ratio": 3.1,
        "ratio@odata.type": "Edm.Double",
        "evenratio": 3.0,
        "evenratio@odata.type": "Edm.Double",
        "double": 5,
        "double@odata.type": "Edm.Double",
        "large": 933311100,
        "Birthday": "1973-10-04T00:00:00.000000Z",
        "Birthday@odata.type": "Edm.DateTime",
        "birthday": "1970-10-04T00:00:00.000000Z",
        "birthday@odata.type": "Edm.DateTime",
        "binary": "YmluYXJ5",
        "binary@odata.type": "Edm.Binary",
        "other": 20,
        "other@odata.type": "Edm.Int32",
        "clsid": "c9da6455-213d-42c9-9a79-3e9149a57833",
        "clsid@odata.type": "Edm.Guid"
      },
      "StatusCode": 201,
      "ResponseHeaders": {
        "Content-Type": "application/json; odata=minimalmetadata",
        "Date": "Fri, 26 Apr 2024 02:22:47 GMT",
        "ETag": "W/\"datetime'2024-04-26T02%3A22%3A48.0139272Z'\"",
        "Location": "https://example.com",
        "Transfer-Encoding": "chunked"
      },
      "ResponseBody": {
        "odata.metadata": "https://faketableaccount.table.cosmos.azure.com/querytable6cf731a9/$metadata#querytable6cf731a9/@Element",
        "odata.etag": "W/\"datetime'2024-04-26T02%3A22%3A48.0139272Z'\"",
        "PartitionKey": "pk6cf731a9",
        "RowKey": "rk6cf731a91",
        "age": 39,
        "sex": "male",
        "married": true,
        "deceased": false,
        "ratio": 3.1,
        "evenratio": 3.0,
        "double": 5.0,
        "large": 933311100,
        "Birthday@odata.type": "Edm.DateTime",
        "Birthday": "1973-10-04T00:00:00.0000000Z",
        "birthday@odata.type": "Edm.DateTime",
        "birthday": "1970-10-04T00:00:00.0000000Z",
        "binary@odata.type": "Edm.Binary",
        "binary": "YmluYXJ5",
        "other": 20,
        "clsid@odata.type": "Edm.Guid",
        "clsid": "c9da6455-213d-42c9-9a79-3e9149a57833",
        "Timestamp": "2024-04-26T02:22:48.0139272Z"
      }
    },
    {
      "RequestUri": "https://REDACTED.table.cosmos.azure.com/querytable6cf731a9",
      "RequestMethod": "POST",
      "RequestHeaders": {
        "Accept": "application/json;odata=minimalmetadata",
        "Accept-Encoding": "gzip, deflate",
        "Connection": "keep-alive",
        "Content-Length": "746",
        "Content-Type": "application/json;odata=nometadata",
        "DataServiceVersion": "3.0",
        "Date": "Fri, 26 Apr 2024 02:22:47 GMT",
        "User-Agent": "azsdk-python-data-tables/12.5.1 Python/3.11.6 (Linux-5.15.146.1-microsoft-standard-WSL2-x86_64-with-glibc2.35)",
        "x-ms-date": "Fri, 26 Apr 2024 02:22:47 GMT",
        "x-ms-version": "2019-02-02"
      },
      "RequestBody": {
        "PartitionKey": "pk6cf731a9",
        "PartitionKey@odata.type": "Edm.String",
        "RowKey": "rk6cf731a912",
        "RowKey@odata.type": "Edm.String",
        "age": 39,
        "sex": "male",
        "sex@odata.type": "Edm.String",
        "married": true,
        "deceased": false,
        "ratio": 3.1,
        "ratio@odata.type": "Edm.Double",
        "evenratio": 3.0,
        "evenratio@odata.type": "Edm.Double",
        "double": 5,
        "double@odata.type": "Edm.Double",
        "large": 933311100,
        "Birthday": "1973-10-04T00:00:00.000000Z",
        "Birthday@odata.type": "Edm.DateTime",
        "birthday": "1970-10-04T00:00:00.000000Z",
        "birthday@odata.type": "Edm.DateTime",
        "binary": "YmluYXJ5",
        "binary@odata.type": "Edm.Binary",
        "other": 20,
        "other@odata.type": "Edm.Int32",
        "clsid": "c9da6455-213d-42c9-9a79-3e9149a57833",
        "clsid@odata.type": "Edm.Guid"
      },
      "StatusCode": 201,
      "ResponseHeaders": {
        "Content-Type": "application/json; odata=minimalmetadata",
        "Date": "Fri, 26 Apr 2024 02:22:47 GMT",
        "ETag": "W/\"datetime'2024-04-26T02%3A22%3A48.0259080Z'\"",
        "Location": "https://example.com",
        "Transfer-Encoding": "chunked"
      },
      "ResponseBody": {
        "odata.metadata": "https://faketableaccount.table.cosmos.azure.com/querytable6cf731a9/$metadata#querytable6cf731a9/@Element",
        "odata.etag": "W/\"datetime'2024-04-26T02%3A22%3A48.0259080Z'\"",
        "PartitionKey": "pk6cf731a9",
        "RowKey": "rk6cf731a912",
        "age": 39,
        "sex": "male",
        "married": true,
        "deceased": false,
        "ratio": 3.1,
        "evenratio": 3.0,
        "double": 5.0,
        "large": 933311100,
        "Birthday@odata.type": "Edm.DateTime",
        "Birthday": "1973-10-04T00:00:00.0000000Z",
        "birthday@odata.type": "Edm.DateTime",
        "birthday": "1970-10-04T00:00:00.0000000Z",
        "binary@odata.type": "Edm.Binary",
        "binary": "YmluYXJ5",
        "other": 20,
        "clsid@odata.type": "Edm.Guid",
        "clsid": "c9da6455-213d-42c9-9a79-3e9149a57833",
        "Timestamp": "2024-04-26T02:22:48.0259080Z"
      }
    },
    {
      "RequestUri": "https://REDACTED.table.cosmos.azure.com/querytable6cf731a9()",
      "RequestMethod": "GET",
      "RequestHeaders": {
        "Accept": "application/json;odata=fullmetadata",
        "Accept-Encoding": "gzip, deflate",
        "Connection": "keep-alive",
        "DataServiceVersion": "3.0",
        "Date": "Fri, 26 Apr 2024 02:22:47 GMT",
        "User-Agent": "azsdk-python-data-tables/12.5.1 Python/3.11.6 (Linux-5.15.146.1-microsoft-standard-WSL2-x86_64-with-glibc2.35)",
        "x-ms-date": "Fri, 26 Apr 2024 02:22:47 GMT",
        "x-ms-version": "2019-02-02"
      },
      "RequestBody": null,
      "StatusCode": 200,
      "ResponseHeaders": {
        "Content-Type": "application/json; odata=fullmetadata",
        "Date": "Fri, 26 Apr 2024 02:22:47 GMT",
        "Transfer-Encoding": "chunked"
      },
      "ResponseBody": {
        "value": [
          {
            "odata.type": "faketableaccount.querytable6cf731a9",
            "odata.id": "https://faketableaccount.table.cosmos.azure.com/querytable6cf731a9(PartitionKey='pk6cf731a9',RowKey='rk6cf731a91')",
            "odata.editLink": "querytable6cf731a9(PartitionKey='pk6cf731a9',RowKey='rk6cf731a91')",
            "odata.etag": "W/\"datetime'2024-04-26T02%3A22%3A48.0139272Z'\"",
            "PartitionKey": "pk6cf731a9",
            "RowKey": "rk6cf731a91",
            "age": 39,
            "sex": "male",
            "married": true,
            "deceased": false,
            "ratio": 3.1,
            "evenratio": 3.0,
            "double": 5.0,
            "large": 933311100,
            "Birthday@odata.type": "Edm.DateTime",
            "Birthday": "1973-10-04T00:00:00.0000000Z",
            "birthday@odata.type": "Edm.DateTime",
            "birthday": "1970-10-04T00:00:00.0000000Z",
            "binary@odata.type": "Edm.Binary",
            "binary": "YmluYXJ5",
            "other": 20,
            "clsid@odata.type": "Edm.Guid",
            "clsid": "c9da6455-213d-42c9-9a79-3e9149a57833",
            "Timestamp@odata.type": "Edm.DateTime",
            "Timestamp": "2024-04-26T02:22:48.0139272Z"
          },
          {
            "odata.type": "faketableaccount.querytable6cf731a9",
            "odata.id": "https://faketableaccount.table.cosmos.azure.com/querytable6cf731a9(PartitionKey='pk6cf731a9',RowKey='rk6cf731a912')",
            "odata.editLink": "querytable6cf731a9(PartitionKey='pk6cf731a9',RowKey='rk6cf731a912')",
            "odata.etag": "W/\"datetime'2024-04-26T02%3A22%3A48.0259080Z'\"",
            "PartitionKey": "pk6cf731a9",
            "RowKey": "rk6cf731a912",
            "age": 39,
            "sex": "male",
            "married": true,
            "deceased": false,
            "ratio": 3.1,
            "evenratio": 3.0,
            "double": 5.0,
            "large": 933311100,
            "Birthday@odata.type": "Edm.DateTime",
            "Birthday": "1973-10-04T00:00:00.0000000Z",
            "birthday@odata.type": "Edm.DateTime",
            "birthday": "1970-10-04T00:00:00.0000000Z",
            "binary@odata.type": "Edm.Binary",
            "binary": "YmluYXJ5",
            "other": 20,
            "clsid@odata.type": "Edm.Guid",
            "clsid": "c9da6455-213d-42c9-9a79-3e9149a57833",
            "Timestamp@odata.type": "Edm.DateTime",
            "Timestamp": "2024-04-26T02:22:48.0259080Z"
          }
        ],
        "odata.metadata": "https://faketableaccount.table.cosmos.azure.com/$metadata#querytable6cf731a9"
      }
    },
    {
      "RequestUri": "https://REDACTED.table.cosmos.azure.com/Tables",
      "RequestMethod": "GET",
      "RequestHeaders": {
        "Accept": "application/json;odata=minimalmetadata",
        "Accept-Encoding": "gzip, deflate",
        "Connection": "keep-alive",
        "DataServiceVersion": "3.0",
        "Date": "Fri, 26 Apr 2024 02:22:47 GMT",
        "User-Agent": "azsdk-python-data-tables/12.5.1 Python/3.11.6 (Linux-5.15.146.1-microsoft-standard-WSL2-x86_64-with-glibc2.35)",
        "x-ms-date": "Fri, 26 Apr 2024 02:22:47 GMT",
        "x-ms-version": "2019-02-02"
      },
      "RequestBody": null,
      "StatusCode": 200,
      "ResponseHeaders": {
        "Content-Type": "application/json; odata=minimalmetadata",
        "Date": "Fri, 26 Apr 2024 02:22:47 GMT",
        "Transfer-Encoding": "chunked"
      },
      "ResponseBody": {
        "value": [
          {
            "TableName": "querytable6cf731a9"
          },
          {
            "TableName": "uttable6cf731a9"
          }
        ],
        "odata.metadata": "https://faketableaccount.table.cosmos.azure.com/$metadata#Tables"
      }
    },
    {
      "RequestUri": "https://REDACTED.table.cosmos.azure.com/Tables('querytable6cf731a9')",
      "RequestMethod": "DELETE",
      "RequestHeaders": {
        "Accept": "application/json",
        "Accept-Encoding": "gzip, deflate",
        "Connection": "keep-alive",
        "Content-Length": "0",
        "Date": "Fri, 26 Apr 2024 02:22:47 GMT",
        "User-Agent": "azsdk-python-data-tables/12.5.1 Python/3.11.6 (Linux-5.15.146.1-microsoft-standard-WSL2-x86_64-with-glibc2.35)",
        "x-ms-date": "Fri, 26 Apr 2024 02:22:47 GMT",
        "x-ms-version": "2019-02-02"
      },
      "RequestBody": null,
      "StatusCode": 204,
      "ResponseHeaders": {
        "Content-Type": "application/json",
        "Date": "Fri, 26 Apr 2024 02:22:47 GMT"
      },
      "ResponseBody": null
    },
    {
      "RequestUri": "https://REDACTED.table.cosmos.azure.com/Tables('uttable6cf731a9')",
      "RequestMethod": "DELETE",
      "RequestHeaders": {
        "Accept": "application/json",
        "Accept-Encoding": "gzip, deflate",
        "Connection": "keep-alive",
        "Content-Length": "0",
        "Date": "Fri, 26 Apr 2024 02:22:48 GMT",
        "User-Agent": "azsdk-python-data-tables/12.5.1 Python/3.11.6 (Linux-5.15.146.1-microsoft-standard-WSL2-x86_64-with-glibc2.35)",
        "x-ms-date": "Fri, 26 Apr 2024 02:22:48 GMT",
        "x-ms-version": "2019-02-02"
      },
      "RequestBody": null,
      "StatusCode": 204,
      "ResponseHeaders": {
        "Content-Type": "application/json",
        "Date": "Fri, 26 Apr 2024 02:22:47 GMT"
      },
      "ResponseBody": null
    }
  ],
  "Variables": {}
}
