{
  "Entries": [
    {
      "RequestUri": "https://Sanitized.table.core.windows.net/uttable204db73150(PartitionKey='foo',RowKey='2022-04-01T09:30:45.000000Z')",
      "RequestMethod": "DELETE",
      "RequestHeaders": {
        "Accept": "application/json;odata=minimalmetadata",
        "Accept-Encoding": "gzip, deflate",
        "Content-Length": "0",
        "DataServiceVersion": "3.0",
        "Date": "Tue, 26 Nov 2024 16:50:33 GMT",
        "If-Match": "*",
        "User-Agent": "azsdk-python-data-tables/12.6.0b1 Python/3.12.7 (Windows-11-10.0.22631-SP0)",
        "x-ms-date": "Tue, 26 Nov 2024 16:50:33 GMT",
        "x-ms-version": "2019-02-02"
      },
      "RequestBody": null,
      "StatusCode": 404,
      "ResponseHeaders": {
        "Content-Type": "application/json; odata=minimalmetadata; streaming=true; charset=utf-8",
        "Date": "Tue, 26 Nov 2024 16:50:32 GMT",
        "Server": [
          "Windows-Azure-Table/1.0",
          "Microsoft-HTTPAPI/2.0"
        ],
        "Transfer-Encoding": "chunked",
        "X-Content-Type-Options": "nosniff",
        "x-ms-version": "2019-02-02"
      },
      "ResponseBody": {
        "odata.error": {
          "code": "TableNotFound",
          "message": {
            "lang": "en-US",
            "value": "The table specified does not exist.\nRequestId:74d22817-7002-0033-1a23-403685000000\nTime:2024-11-26T16:50:33.3081683Z"
          }
        }
      }
    },
    {
      "RequestUri": "https://Sanitized.table.core.windows.net/uttable204db73150(PartitionKey='foo',RowKey='7116812e-3e73-4f92-a2e3-4f3b737c4d1b')",
      "RequestMethod": "DELETE",
      "RequestHeaders": {
        "Accept": "application/json;odata=minimalmetadata",
        "Accept-Encoding": "gzip, deflate",
        "Content-Length": "0",
        "DataServiceVersion": "3.0",
        "Date": "Tue, 26 Nov 2024 16:50:33 GMT",
        "If-Match": "*",
        "User-Agent": "azsdk-python-data-tables/12.6.0b1 Python/3.12.7 (Windows-11-10.0.22631-SP0)",
        "x-ms-date": "Tue, 26 Nov 2024 16:50:33 GMT",
        "x-ms-version": "2019-02-02"
      },
      "RequestBody": null,
      "StatusCode": 404,
      "ResponseHeaders": {
        "Content-Type": "application/json; odata=minimalmetadata; streaming=true; charset=utf-8",
        "Date": "Tue, 26 Nov 2024 16:50:32 GMT",
        "Server": [
          "Windows-Azure-Table/1.0",
          "Microsoft-HTTPAPI/2.0"
        ],
        "Transfer-Encoding": "chunked",
        "X-Content-Type-Options": "nosniff",
        "x-ms-version": "2019-02-02"
      },
      "ResponseBody": {
        "odata.error": {
          "code": "TableNotFound",
          "message": {
            "lang": "en-US",
            "value": "The table specified does not exist.\nRequestId:74d2281e-7002-0033-1f23-403685000000\nTime:2024-11-26T16:50:33.3371507Z"
          }
        }
      }
    },
    {
      "RequestUri": "https://Sanitized.table.core.windows.net/uttable204db73150(PartitionKey='foo',RowKey='YmluYXJ5ZGF0YQ==')",
      "RequestMethod": "DELETE",
      "RequestHeaders": {
        "Accept": "application/json;odata=minimalmetadata",
        "Accept-Encoding": "gzip, deflate",
        "Content-Length": "0",
        "DataServiceVersion": "3.0",
        "Date": "Tue, 26 Nov 2024 16:50:33 GMT",
        "If-Match": "*",
        "User-Agent": "azsdk-python-data-tables/12.6.0b1 Python/3.12.7 (Windows-11-10.0.22631-SP0)",
        "x-ms-date": "Tue, 26 Nov 2024 16:50:33 GMT",
        "x-ms-version": "2019-02-02"
      },
      "RequestBody": null,
      "StatusCode": 404,
      "ResponseHeaders": {
        "Content-Type": "application/json; odata=minimalmetadata; streaming=true; charset=utf-8",
        "Date": "Tue, 26 Nov 2024 16:50:32 GMT",
        "Server": [
          "Windows-Azure-Table/1.0",
          "Microsoft-HTTPAPI/2.0"
        ],
        "Transfer-Encoding": "chunked",
        "X-Content-Type-Options": "nosniff",
        "x-ms-version": "2019-02-02"
      },
      "ResponseBody": {
        "odata.error": {
          "code": "TableNotFound",
          "message": {
            "lang": "en-US",
            "value": "The table specified does not exist.\nRequestId:74d22821-7002-0033-2123-403685000000\nTime:2024-11-26T16:50:33.3661350Z"
          }
        }
      }
    }
  ],
  "Variables": {
    "uuid": "7116812e-3e73-4f92-a2e3-4f3b737c4d1b"
  }
}
