{
  "Entries": [
    {
      "RequestUri": "https://Sanitized.table.cosmos.azure.com/Tables",
      "RequestMethod": "POST",
      "RequestHeaders": {
        "Accept": "application/json;odata=minimalmetadata",
        "Accept-Encoding": "gzip, deflate",
        "Content-Length": "34",
        "Content-Type": "application/json;odata=nometadata",
        "DataServiceVersion": "3.0",
        "Date": "Tue, 26 Nov 2024 16:54:28 GMT",
        "User-Agent": "azsdk-python-data-tables/12.6.0b1 Python/3.12.7 (Windows-11-10.0.22631-SP0)",
        "x-ms-date": "Tue, 26 Nov 2024 16:54:28 GMT",
        "x-ms-version": "2019-02-02"
      },
      "RequestBody": {
        "TableName": "uttable16c7d73451"
      },
      "StatusCode": 201,
      "ResponseHeaders": {
        "Content-Type": "application/json; odata=minimalmetadata",
        "Date": "Tue, 26 Nov 2024 16:54:29 GMT",
        "ETag": "W/\"datetime'2024-11-26T16%3A54%3A28.9636359Z'\"",
        "Location": "https://example.com",
        "Transfer-Encoding": "chunked"
      },
      "ResponseBody": {
        "TableName": "uttable16c7d73451",
        "odata.metadata": "https://fakeendpoint.table.cosmos.azure.com/$metadata#Tables/@Element"
      }
    },
    {
      "RequestUri": "https://Sanitized.table.cosmos.azure.com/uttable16c7d73451(PartitionKey='PK1',RowKey='RK1')",
      "RequestMethod": "POST",
      "RequestHeaders": {
        "Accept": "application/json",
        "Accept-Encoding": "gzip, deflate",
        "Content-Length": "40",
        "Content-Type": "application/json",
        "DataServiceVersion": "3.0",
        "Date": "Tue, 26 Nov 2024 16:54:29 GMT",
        "User-Agent": "azsdk-python-data-tables/12.6.0b1 Python/3.12.7 (Windows-11-10.0.22631-SP0)",
        "X-HTTP-Method": "MERGE",
        "x-ms-date": "Tue, 26 Nov 2024 16:54:29 GMT",
        "x-ms-version": "2019-02-02"
      },
      "RequestBody": {
        "PartitionKey": "PK1",
        "RowKey": "RK1"
      },
      "StatusCode": 204,
      "ResponseHeaders": {
        "Content-Type": "application/json",
        "Date": "Tue, 26 Nov 2024 16:54:29 GMT",
        "ETag": "W/\"datetime'2024-11-26T16%3A54%3A29.2715527Z'\""
      },
      "ResponseBody": null
    },
    {
      "RequestUri": "https://Sanitized.table.cosmos.azure.com/uttable16c7d73451(PartitionKey='PK1',RowKey='RK1')",
      "RequestMethod": "POST",
      "RequestHeaders": {
        "Accept": "application/json",
        "Accept-Encoding": "gzip, deflate",
        "Content-Length": "523",
        "Content-Type": "application/json",
        "DataServiceVersion": "3.0",
        "Date": "Tue, 26 Nov 2024 16:54:29 GMT",
        "If-Match": "*",
        "User-Agent": "azsdk-python-data-tables/12.6.0b1 Python/3.12.7 (Windows-11-10.0.22631-SP0)",
        "X-HTTP-Method": "MERGE",
        "x-ms-date": "Tue, 26 Nov 2024 16:54:29 GMT",
        "x-ms-version": "2019-02-02"
      },
      "RequestBody": {
        "PartitionKey": "PK1",
        "RowKey": "RK1",
        "Data1@odata.type": "Edm.Int32",
        "Data1": 12345,
        "Data2@odata.type": "Edm.Boolean",
        "Data2": false,
        "Data3@odata.type": "Edm.Binary",
        "Data3": "dGVzdGRhdGE=",
        "Data4@odata.type": "Edm.DateTime",
        "Data4": "2022-04-01T09:30:45.000000Z",
        "Data5@odata.type": "Edm.Guid",
        "Data5": "0aeadb5a-96f0-41d7-9bd8-59ea4a078499",
        "Data6@odata.type": "Edm.String",
        "Data6": "Foobar",
        "Data7@odata.type": "Edm.Double",
        "Data7": 3.14,
        "Data8@odata.type": "Edm.Int64",
        "Data8": "1152921504606846976"
      },
      "StatusCode": 204,
      "ResponseHeaders": {
        "Content-Type": "application/json",
        "Date": "Tue, 26 Nov 2024 16:54:29 GMT",
        "ETag": "W/\"datetime'2024-11-26T16%3A54%3A29.3063687Z'\""
      },
      "ResponseBody": null
    },
    {
      "RequestUri": "https://Sanitized.table.cosmos.azure.com/uttable16c7d73451(PartitionKey='PK1',RowKey='RK1')",
      "RequestMethod": "GET",
      "RequestHeaders": {
        "Accept": "application/json;odata=minimalmetadata",
        "Accept-Encoding": "gzip, deflate",
        "DataServiceVersion": "3.0",
        "Date": "Tue, 26 Nov 2024 16:54:29 GMT",
        "User-Agent": "azsdk-python-data-tables/12.6.0b1 Python/3.12.7 (Windows-11-10.0.22631-SP0)",
        "x-ms-date": "Tue, 26 Nov 2024 16:54:29 GMT",
        "x-ms-version": "2019-02-02"
      },
      "RequestBody": null,
      "StatusCode": 200,
      "ResponseHeaders": {
        "Content-Type": "application/json; odata=minimalmetadata",
        "Date": "Tue, 26 Nov 2024 16:54:29 GMT",
        "ETag": "W/\"datetime'2024-11-26T16%3A54%3A29.3063687Z'\"",
        "Transfer-Encoding": "chunked"
      },
      "ResponseBody": {
        "odata.metadata": "https://fakeendpoint.table.cosmos.azure.com/uttable16c7d73451/$metadata#uttable16c7d73451/@Element",
        "odata.etag": "W/\"datetime'2024-11-26T16%3A54%3A29.3063687Z'\"",
        "PartitionKey": "PK1",
        "RowKey": "RK1",
        "Data1": 12345,
        "Data2": false,
        "Data3@odata.type": "Edm.Binary",
        "Data3": "dGVzdGRhdGE=",
        "Data4@odata.type": "Edm.DateTime",
        "Data4": "2022-04-01T09:30:45.0000000Z",
        "Data5@odata.type": "Edm.Guid",
        "Data5": "0aeadb5a-96f0-41d7-9bd8-59ea4a078499",
        "Data6": "Foobar",
        "Data7": 3.14,
        "Data8@odata.type": "Edm.Int64",
        "Data8": "1152921504606846976",
        "Timestamp": "2024-11-26T16:54:29.3063687Z"
      }
    },
    {
      "RequestUri": "https://Sanitized.table.cosmos.azure.com/uttable16c7d73451(PartitionKey='PK1',RowKey='RK1')",
      "RequestMethod": "PUT",
      "RequestHeaders": {
        "Accept": "application/json",
        "Accept-Encoding": "gzip, deflate",
        "Content-Length": "523",
        "Content-Type": "application/json",
        "DataServiceVersion": "3.0",
        "Date": "Tue, 26 Nov 2024 16:54:29 GMT",
        "If-Match": "*",
        "User-Agent": "azsdk-python-data-tables/12.6.0b1 Python/3.12.7 (Windows-11-10.0.22631-SP0)",
        "x-ms-date": "Tue, 26 Nov 2024 16:54:29 GMT",
        "x-ms-version": "2019-02-02"
      },
      "RequestBody": {
        "PartitionKey": "PK1",
        "RowKey": "RK1",
        "Data1@odata.type": "Edm.Int32",
        "Data1": 12345,
        "Data2@odata.type": "Edm.Boolean",
        "Data2": false,
        "Data3@odata.type": "Edm.Binary",
        "Data3": "dGVzdGRhdGE=",
        "Data4@odata.type": "Edm.DateTime",
        "Data4": "2022-04-01T09:30:45.000000Z",
        "Data5@odata.type": "Edm.Guid",
        "Data5": "0aeadb5a-96f0-41d7-9bd8-59ea4a078499",
        "Data6@odata.type": "Edm.String",
        "Data6": "Foobar",
        "Data7@odata.type": "Edm.Double",
        "Data7": 3.14,
        "Data8@odata.type": "Edm.Int64",
        "Data8": "1152921504606846976"
      },
      "StatusCode": 204,
      "ResponseHeaders": {
        "Content-Type": "application/json",
        "Date": "Tue, 26 Nov 2024 16:54:29 GMT",
        "ETag": "W/\"datetime'2024-11-26T16%3A54%3A29.3745671Z'\""
      },
      "ResponseBody": null
    },
    {
      "RequestUri": "https://Sanitized.table.cosmos.azure.com/uttable16c7d73451(PartitionKey='PK1',RowKey='RK1')",
      "RequestMethod": "GET",
      "RequestHeaders": {
        "Accept": "application/json;odata=minimalmetadata",
        "Accept-Encoding": "gzip, deflate",
        "DataServiceVersion": "3.0",
        "Date": "Tue, 26 Nov 2024 16:54:29 GMT",
        "User-Agent": "azsdk-python-data-tables/12.6.0b1 Python/3.12.7 (Windows-11-10.0.22631-SP0)",
        "x-ms-date": "Tue, 26 Nov 2024 16:54:29 GMT",
        "x-ms-version": "2019-02-02"
      },
      "RequestBody": null,
      "StatusCode": 200,
      "ResponseHeaders": {
        "Content-Type": "application/json; odata=minimalmetadata",
        "Date": "Tue, 26 Nov 2024 16:54:29 GMT",
        "ETag": "W/\"datetime'2024-11-26T16%3A54%3A29.3745671Z'\"",
        "Transfer-Encoding": "chunked"
      },
      "ResponseBody": {
        "odata.metadata": "https://fakeendpoint.table.cosmos.azure.com/uttable16c7d73451/$metadata#uttable16c7d73451/@Element",
        "odata.etag": "W/\"datetime'2024-11-26T16%3A54%3A29.3745671Z'\"",
        "PartitionKey": "PK1",
        "RowKey": "RK1",
        "Data1": 12345,
        "Data2": false,
        "Data3@odata.type": "Edm.Binary",
        "Data3": "dGVzdGRhdGE=",
        "Data4@odata.type": "Edm.DateTime",
        "Data4": "2022-04-01T09:30:45.0000000Z",
        "Data5@odata.type": "Edm.Guid",
        "Data5": "0aeadb5a-96f0-41d7-9bd8-59ea4a078499",
        "Data6": "Foobar",
        "Data7": 3.14,
        "Data8@odata.type": "Edm.Int64",
        "Data8": "1152921504606846976",
        "Timestamp": "2024-11-26T16:54:29.3745671Z"
      }
    },
    {
      "RequestUri": "https://Sanitized.table.cosmos.azure.com/uttable16c7d73451(PartitionKey='PK2',RowKey='RK2')",
      "RequestMethod": "POST",
      "RequestHeaders": {
        "Accept": "application/json",
        "Accept-Encoding": "gzip, deflate",
        "Content-Length": "40",
        "Content-Type": "application/json",
        "DataServiceVersion": "3.0",
        "Date": "Tue, 26 Nov 2024 16:54:29 GMT",
        "User-Agent": "azsdk-python-data-tables/12.6.0b1 Python/3.12.7 (Windows-11-10.0.22631-SP0)",
        "X-HTTP-Method": "MERGE",
        "x-ms-date": "Tue, 26 Nov 2024 16:54:29 GMT",
        "x-ms-version": "2019-02-02"
      },
      "RequestBody": {
        "PartitionKey": "PK2",
        "RowKey": "RK2"
      },
      "StatusCode": 204,
      "ResponseHeaders": {
        "Content-Type": "application/json",
        "Date": "Tue, 26 Nov 2024 16:54:29 GMT",
        "ETag": "W/\"datetime'2024-11-26T16%3A54%3A29.4304775Z'\""
      },
      "ResponseBody": null
    },
    {
      "RequestUri": "https://Sanitized.table.cosmos.azure.com/uttable16c7d73451(PartitionKey='PK2',RowKey='RK2')",
      "RequestMethod": "POST",
      "RequestHeaders": {
        "Accept": "application/json",
        "Accept-Encoding": "gzip, deflate",
        "Content-Length": "514",
        "Content-Type": "application/json",
        "DataServiceVersion": "3.0",
        "Date": "Tue, 26 Nov 2024 16:54:29 GMT",
        "If-Match": "*",
        "User-Agent": "azsdk-python-data-tables/12.6.0b1 Python/3.12.7 (Windows-11-10.0.22631-SP0)",
        "X-HTTP-Method": "MERGE",
        "x-ms-date": "Tue, 26 Nov 2024 16:54:29 GMT",
        "x-ms-version": "2019-02-02"
      },
      "RequestBody": {
        "PartitionKey": "PK2",
        "RowKey": "RK2",
        "Data1@odata.type": "Edm.Int32",
        "Data1": 12345,
        "Data2@odata.type": "Edm.Boolean",
        "Data2": "False",
        "Data3@odata.type": "Edm.String",
        "Data3": null,
        "Data4@odata.type": "Edm.DateTime",
        "Data4": "2022-04-01T09:30:45.000000Z",
        "Data5@odata.type": "Edm.Guid",
        "Data5": "0aeadb5a-96f0-41d7-9bd8-59ea4a078499",
        "Data6@odata.type": "Edm.Boolean",
        "Data6": null,
        "Data7@odata.type": "Edm.Double",
        "Data7": "3.14",
        "Data8@odata.type": "Edm.Int64",
        "Data8": "9223372036854775807"
      },
      "StatusCode": 204,
      "ResponseHeaders": {
        "Content-Type": "application/json",
        "Date": "Tue, 26 Nov 2024 16:54:29 GMT",
        "ETag": "W/\"datetime'2024-11-26T16%3A54%3A29.4610951Z'\""
      },
      "ResponseBody": null
    },
    {
      "RequestUri": "https://Sanitized.table.cosmos.azure.com/uttable16c7d73451(PartitionKey='PK2',RowKey='RK2')",
      "RequestMethod": "GET",
      "RequestHeaders": {
        "Accept": "application/json;odata=minimalmetadata",
        "Accept-Encoding": "gzip, deflate",
        "DataServiceVersion": "3.0",
        "Date": "Tue, 26 Nov 2024 16:54:29 GMT",
        "User-Agent": "azsdk-python-data-tables/12.6.0b1 Python/3.12.7 (Windows-11-10.0.22631-SP0)",
        "x-ms-date": "Tue, 26 Nov 2024 16:54:29 GMT",
        "x-ms-version": "2019-02-02"
      },
      "RequestBody": null,
      "StatusCode": 200,
      "ResponseHeaders": {
        "Content-Type": "application/json; odata=minimalmetadata",
        "Date": "Tue, 26 Nov 2024 16:54:29 GMT",
        "ETag": "W/\"datetime'2024-11-26T16%3A54%3A29.4610951Z'\"",
        "Transfer-Encoding": "chunked"
      },
      "ResponseBody": {
        "odata.metadata": "https://fakeendpoint.table.cosmos.azure.com/uttable16c7d73451/$metadata#uttable16c7d73451/@Element",
        "odata.etag": "W/\"datetime'2024-11-26T16%3A54%3A29.4610951Z'\"",
        "PartitionKey": "PK2",
        "RowKey": "RK2",
        "Data1": 12345,
        "Data2": false,
        "Data4@odata.type": "Edm.DateTime",
        "Data4": "2022-04-01T09:30:45.0000000Z",
        "Data5@odata.type": "Edm.Guid",
        "Data5": "0aeadb5a-96f0-41d7-9bd8-59ea4a078499",
        "Data7": 3.14,
        "Data8@odata.type": "Edm.Int64",
        "Data8": "9223372036854775807",
        "Timestamp": "2024-11-26T16:54:29.4610951Z"
      }
    },
    {
      "RequestUri": "https://Sanitized.table.cosmos.azure.com/uttable16c7d73451(PartitionKey='PK2',RowKey='RK2')",
      "RequestMethod": "PUT",
      "RequestHeaders": {
        "Accept": "application/json",
        "Accept-Encoding": "gzip, deflate",
        "Content-Length": "514",
        "Content-Type": "application/json",
        "DataServiceVersion": "3.0",
        "Date": "Tue, 26 Nov 2024 16:54:29 GMT",
        "If-Match": "*",
        "User-Agent": "azsdk-python-data-tables/12.6.0b1 Python/3.12.7 (Windows-11-10.0.22631-SP0)",
        "x-ms-date": "Tue, 26 Nov 2024 16:54:29 GMT",
        "x-ms-version": "2019-02-02"
      },
      "RequestBody": {
        "PartitionKey": "PK2",
        "RowKey": "RK2",
        "Data1@odata.type": "Edm.Int32",
        "Data1": 12345,
        "Data2@odata.type": "Edm.Boolean",
        "Data2": "False",
        "Data3@odata.type": "Edm.String",
        "Data3": null,
        "Data4@odata.type": "Edm.DateTime",
        "Data4": "2022-04-01T09:30:45.000000Z",
        "Data5@odata.type": "Edm.Guid",
        "Data5": "0aeadb5a-96f0-41d7-9bd8-59ea4a078499",
        "Data6@odata.type": "Edm.Boolean",
        "Data6": null,
        "Data7@odata.type": "Edm.Double",
        "Data7": "3.14",
        "Data8@odata.type": "Edm.Int64",
        "Data8": "9223372036854775807"
      },
      "StatusCode": 204,
      "ResponseHeaders": {
        "Content-Type": "application/json",
        "Date": "Tue, 26 Nov 2024 16:54:29 GMT",
        "ETag": "W/\"datetime'2024-11-26T16%3A54%3A29.5184391Z'\""
      },
      "ResponseBody": null
    },
    {
      "RequestUri": "https://Sanitized.table.cosmos.azure.com/uttable16c7d73451(PartitionKey='PK2',RowKey='RK2')",
      "RequestMethod": "GET",
      "RequestHeaders": {
        "Accept": "application/json;odata=minimalmetadata",
        "Accept-Encoding": "gzip, deflate",
        "DataServiceVersion": "3.0",
        "Date": "Tue, 26 Nov 2024 16:54:29 GMT",
        "User-Agent": "azsdk-python-data-tables/12.6.0b1 Python/3.12.7 (Windows-11-10.0.22631-SP0)",
        "x-ms-date": "Tue, 26 Nov 2024 16:54:29 GMT",
        "x-ms-version": "2019-02-02"
      },
      "RequestBody": null,
      "StatusCode": 200,
      "ResponseHeaders": {
        "Content-Type": "application/json; odata=minimalmetadata",
        "Date": "Tue, 26 Nov 2024 16:54:29 GMT",
        "ETag": "W/\"datetime'2024-11-26T16%3A54%3A29.5184391Z'\"",
        "Transfer-Encoding": "chunked"
      },
      "ResponseBody": {
        "odata.metadata": "https://fakeendpoint.table.cosmos.azure.com/uttable16c7d73451/$metadata#uttable16c7d73451/@Element",
        "odata.etag": "W/\"datetime'2024-11-26T16%3A54%3A29.5184391Z'\"",
        "PartitionKey": "PK2",
        "RowKey": "RK2",
        "Data1": 12345,
        "Data2": false,
        "Data4@odata.type": "Edm.DateTime",
        "Data4": "2022-04-01T09:30:45.0000000Z",
        "Data5@odata.type": "Edm.Guid",
        "Data5": "0aeadb5a-96f0-41d7-9bd8-59ea4a078499",
        "Data7": 3.14,
        "Data8@odata.type": "Edm.Int64",
        "Data8": "9223372036854775807",
        "Timestamp": "2024-11-26T16:54:29.5184391Z"
      }
    },
    {
      "RequestUri": "https://Sanitized.table.cosmos.azure.com/Tables('uttable16c7d73451')",
      "RequestMethod": "DELETE",
      "RequestHeaders": {
        "Accept": "application/json",
        "Accept-Encoding": "gzip, deflate",
        "Content-Length": "0",
        "Date": "Tue, 26 Nov 2024 16:54:29 GMT",
        "User-Agent": "azsdk-python-data-tables/12.6.0b1 Python/3.12.7 (Windows-11-10.0.22631-SP0)",
        "x-ms-date": "Tue, 26 Nov 2024 16:54:29 GMT",
        "x-ms-version": "2019-02-02"
      },
      "RequestBody": null,
      "StatusCode": 204,
      "ResponseHeaders": {
        "Content-Type": "application/json",
        "Date": "Tue, 26 Nov 2024 16:54:29 GMT"
      },
      "ResponseBody": null
    }
  ],
  "Variables": {
    "uuid": "0aeadb5a-96f0-41d7-9bd8-59ea4a078499"
  }
}
