{
  "Entries": [
    {
      "RequestUri": "https://fakeendpoint.table.core.windows.net/Tables",
      "RequestMethod": "POST",
      "RequestHeaders": {
        "Accept": "application/json;odata=minimalmetadata",
        "Accept-Encoding": "gzip, deflate",
        "Connection": "keep-alive",
        "Content-Length": "32",
        "Content-Type": "application/json;odata=nometadata",
        "DataServiceVersion": "3.0",
        "Date": "Wed, 20 Sep 2023 19:43:34 GMT",
        "User-Agent": "azsdk-python-data-tables/12.4.4 Python/3.11.4 (Windows-10-10.0.22621-SP0)",
        "x-ms-date": "Wed, 20 Sep 2023 19:43:34 GMT",
        "x-ms-version": "2019-02-02"
      },
      "RequestBody": {
        "TableName": "mytable6f962b30"
      },
      "StatusCode": 201,
      "ResponseHeaders": {
        "Cache-Control": "no-cache",
        "Content-Type": "application/json; odata=minimalmetadata; streaming=true; charset=utf-8",
        "Date": "Wed, 20 Sep 2023 19:43:33 GMT",
        "Location": "https://fakeendpoint.table.core.windows.net/Tables(\u0027mytable6f962b30\u0027)",
        "Server": [
          "Windows-Azure-Table/1.0",
          "Microsoft-HTTPAPI/2.0"
        ],
        "Transfer-Encoding": "chunked",
        "X-Content-Type-Options": "nosniff",
        "x-ms-version": "2019-02-02"
      },
      "ResponseBody": {
        "odata.metadata": "https://fakeendpoint.table.core.windows.net/$metadata#Tables/@Element",
        "TableName": "mytable6f962b30"
      }
    },
    {
      "RequestUri": "https://fakeendpoint-secondary.table.core.windows.net/mytable6f962b30(PartitionKey=\u0027foo\u0027,RowKey=\u0027bar\u0027)",
      "RequestMethod": "GET",
      "RequestHeaders": {
        "Accept": "application/json;odata=minimalmetadata",
        "Accept-Encoding": "gzip, deflate",
        "Connection": "keep-alive",
        "DataServiceVersion": "3.0",
        "Date": "Wed, 20 Sep 2023 19:43:44 GMT",
        "User-Agent": "azsdk-python-data-tables/12.4.4 Python/3.11.4 (Windows-10-10.0.22621-SP0)",
        "x-ms-date": "Wed, 20 Sep 2023 19:43:44 GMT",
        "x-ms-version": "2019-02-02"
      },
      "RequestBody": null,
      "StatusCode": 404,
      "ResponseHeaders": {
        "Cache-Control": "no-cache",
        "Content-Type": "application/json; odata=minimalmetadata; streaming=true; charset=utf-8",
        "Date": "Wed, 20 Sep 2023 19:43:44 GMT",
        "Server": [
          "Windows-Azure-Table/1.0",
          "Microsoft-HTTPAPI/2.0"
        ],
        "Transfer-Encoding": "chunked",
        "X-Content-Type-Options": "nosniff",
        "x-ms-version": "2019-02-02"
      },
      "ResponseBody": {
        "odata.error": {
          "code": "ResourceNotFound",
          "message": {
            "lang": "en-US",
            "value": "The specified resource does not exist.\nRequestId:63464924-7002-0038-3cfa-ebe244000000\nTime:2023-09-20T19:43:44.5420050Z"
          }
        }
      }
    },
    {
      "RequestUri": "https://fakeendpoint-secondary.table.core.windows.net/mytable6f962b30(PartitionKey=\u0027foo\u0027,RowKey=\u0027bar\u0027)",
      "RequestMethod": "GET",
      "RequestHeaders": {
        "Accept": "application/json;odata=minimalmetadata",
        "Accept-Encoding": "gzip, deflate",
        "Connection": "keep-alive",
        "DataServiceVersion": "3.0",
        "Date": "Wed, 20 Sep 2023 19:43:44 GMT",
        "User-Agent": "azsdk-python-data-tables/12.4.4 Python/3.11.4 (Windows-10-10.0.22621-SP0)",
        "x-ms-date": "Wed, 20 Sep 2023 19:43:44 GMT",
        "x-ms-version": "2019-02-02"
      },
      "RequestBody": null,
      "StatusCode": 404,
      "ResponseHeaders": {
        "Cache-Control": "no-cache",
        "Content-Type": "application/json; odata=minimalmetadata; streaming=true; charset=utf-8",
        "Date": "Wed, 20 Sep 2023 19:43:48 GMT",
        "Server": [
          "Windows-Azure-Table/1.0",
          "Microsoft-HTTPAPI/2.0"
        ],
        "Transfer-Encoding": "chunked",
        "X-Content-Type-Options": "nosniff",
        "x-ms-version": "2019-02-02"
      },
      "ResponseBody": {
        "odata.error": {
          "code": "ResourceNotFound",
          "message": {
            "lang": "en-US",
            "value": "The specified resource does not exist.\nRequestId:63464935-7002-0038-45fa-ebe244000000\nTime:2023-09-20T19:43:49.4222315Z"
          }
        }
      }
    },
    {
      "RequestUri": "https://fakeendpoint-secondary.table.core.windows.net/mytable6f962b30(PartitionKey=\u0027foo\u0027,RowKey=\u0027bar\u0027)",
      "RequestMethod": "GET",
      "RequestHeaders": {
        "Accept": "application/json;odata=minimalmetadata",
        "Accept-Encoding": "gzip, deflate",
        "Connection": "keep-alive",
        "DataServiceVersion": "3.0",
        "Date": "Wed, 20 Sep 2023 19:43:44 GMT",
        "User-Agent": "azsdk-python-data-tables/12.4.4 Python/3.11.4 (Windows-10-10.0.22621-SP0)",
        "x-ms-date": "Wed, 20 Sep 2023 19:43:44 GMT",
        "x-ms-version": "2019-02-02"
      },
      "RequestBody": null,
      "StatusCode": 404,
      "ResponseHeaders": {
        "Cache-Control": "no-cache",
        "Content-Type": "application/json; odata=minimalmetadata; streaming=true; charset=utf-8",
        "Date": "Wed, 20 Sep 2023 19:44:08 GMT",
        "Server": [
          "Windows-Azure-Table/1.0",
          "Microsoft-HTTPAPI/2.0"
        ],
        "Transfer-Encoding": "chunked",
        "X-Content-Type-Options": "nosniff",
        "x-ms-version": "2019-02-02"
      },
      "ResponseBody": {
        "odata.error": {
          "code": "ResourceNotFound",
          "message": {
            "lang": "en-US",
            "value": "The specified resource does not exist.\nRequestId:634649de-7002-0038-26fa-ebe244000000\nTime:2023-09-20T19:44:08.7062714Z"
          }
        }
      }
    },
    {
      "RequestUri": "https://fakeendpoint.table.core.windows.net/mytable6f962b30",
      "RequestMethod": "POST",
      "RequestHeaders": {
        "Accept": "application/json;odata=minimalmetadata",
        "Accept-Encoding": "gzip, deflate",
        "Connection": "keep-alive",
        "Content-Length": "116",
        "Content-Type": "application/json;odata=nometadata",
        "DataServiceVersion": "3.0",
        "Date": "Wed, 20 Sep 2023 19:44:09 GMT",
        "User-Agent": "azsdk-python-data-tables/12.4.4 Python/3.11.4 (Windows-10-10.0.22621-SP0)",
        "x-ms-date": "Wed, 20 Sep 2023 19:44:09 GMT",
        "x-ms-version": "2019-02-02"
      },
      "RequestBody": {
        "PartitionKey": "foo",
        "PartitionKey@odata.type": "Edm.String",
        "RowKey": "bar",
        "RowKey@odata.type": "Edm.String"
      },
      "StatusCode": 201,
      "ResponseHeaders": {
        "Cache-Control": "no-cache",
        "Content-Type": "application/json; odata=minimalmetadata; streaming=true; charset=utf-8",
        "Date": "Wed, 20 Sep 2023 19:44:08 GMT",
        "ETag": "W/\u0022datetime\u00272023-09-20T19%3A44%3A08.8013822Z\u0027\u0022",
        "Location": "https://fakeendpoint.table.core.windows.net/mytable6f962b30(PartitionKey=\u0027foo\u0027,RowKey=\u0027bar\u0027)",
        "Server": [
          "Windows-Azure-Table/1.0",
          "Microsoft-HTTPAPI/2.0"
        ],
        "Transfer-Encoding": "chunked",
        "X-Content-Type-Options": "nosniff",
        "x-ms-version": "2019-02-02"
      },
      "ResponseBody": {
        "odata.metadata": "https://fakeendpoint.table.core.windows.net/$metadata#mytable6f962b30/@Element",
        "odata.etag": "W/\u0022datetime\u00272023-09-20T19%3A44%3A08.8013822Z\u0027\u0022",
        "PartitionKey": "foo",
        "RowKey": "bar",
        "Timestamp": "2023-09-20T19:44:08.8013822Z"
      }
    },
    {
      "RequestUri": "https://fakeendpoint-secondary.table.core.windows.net/mytable6f962b30(PartitionKey=\u0027foo\u0027,RowKey=\u0027bar\u0027)",
      "RequestMethod": "GET",
      "RequestHeaders": {
        "Accept": "application/json;odata=minimalmetadata",
        "Accept-Encoding": "gzip, deflate",
        "Connection": "keep-alive",
        "DataServiceVersion": "3.0",
        "Date": "Wed, 20 Sep 2023 19:44:19 GMT",
        "User-Agent": "azsdk-python-data-tables/12.4.4 Python/3.11.4 (Windows-10-10.0.22621-SP0)",
        "x-ms-date": "Wed, 20 Sep 2023 19:44:19 GMT",
        "x-ms-version": "2019-02-02"
      },
      "RequestBody": null,
      "StatusCode": 404,
      "ResponseHeaders": {
        "Cache-Control": "no-cache",
        "Content-Type": "application/json; odata=minimalmetadata; streaming=true; charset=utf-8",
        "Date": "Wed, 20 Sep 2023 19:44:18 GMT",
        "Server": [
          "Windows-Azure-Table/1.0",
          "Microsoft-HTTPAPI/2.0"
        ],
        "Transfer-Encoding": "chunked",
        "X-Content-Type-Options": "nosniff",
        "x-ms-version": "2019-02-02"
      },
      "ResponseBody": {
        "odata.error": {
          "code": "ResourceNotFound",
          "message": {
            "lang": "en-US",
            "value": "The specified resource does not exist.\nRequestId:63464a19-7002-0038-46fa-ebe244000000\nTime:2023-09-20T19:44:18.9024767Z"
          }
        }
      }
    },
    {
      "RequestUri": "https://fakeendpoint-secondary.table.core.windows.net/mytable6f962b30(PartitionKey=\u0027foo\u0027,RowKey=\u0027bar\u0027)",
      "RequestMethod": "GET",
      "RequestHeaders": {
        "Accept": "application/json;odata=minimalmetadata",
        "Accept-Encoding": "gzip, deflate",
        "Connection": "keep-alive",
        "DataServiceVersion": "3.0",
        "Date": "Wed, 20 Sep 2023 19:44:19 GMT",
        "User-Agent": "azsdk-python-data-tables/12.4.4 Python/3.11.4 (Windows-10-10.0.22621-SP0)",
        "x-ms-date": "Wed, 20 Sep 2023 19:44:19 GMT",
        "x-ms-version": "2019-02-02"
      },
      "RequestBody": null,
      "StatusCode": 200,
      "ResponseHeaders": {
        "Cache-Control": "no-cache",
        "Content-Type": "application/json; odata=minimalmetadata; streaming=true; charset=utf-8",
        "Date": "Wed, 20 Sep 2023 19:44:23 GMT",
        "ETag": "W/\u0022datetime\u00272023-09-20T19%3A44%3A08.8013822Z\u0027\u0022",
        "Server": [
          "Windows-Azure-Table/1.0",
          "Microsoft-HTTPAPI/2.0"
        ],
        "Transfer-Encoding": "chunked",
        "X-Content-Type-Options": "nosniff",
        "x-ms-version": "2019-02-02"
      },
      "ResponseBody": {
        "odata.metadata": "https://fakeendpoint-secondary.table.core.windows.net/$metadata#mytable6f962b30/@Element",
        "odata.etag": "W/\u0022datetime\u00272023-09-20T19%3A44%3A08.8013822Z\u0027\u0022",
        "PartitionKey": "foo",
        "RowKey": "bar",
        "Timestamp": "2023-09-20T19:44:08.8013822Z"
      }
    },
    {
      "RequestUri": "https://fakeendpoint-secondary.table.core.windows.net/mytable6f962b30()",
      "RequestMethod": "GET",
      "RequestHeaders": {
        "Accept": "application/json;odata=minimalmetadata",
        "Accept-Encoding": "gzip, deflate",
        "Connection": "keep-alive",
        "DataServiceVersion": "3.0",
        "Date": "Wed, 20 Sep 2023 19:44:24 GMT",
        "User-Agent": "azsdk-python-data-tables/12.4.4 Python/3.11.4 (Windows-10-10.0.22621-SP0)",
        "x-ms-date": "Wed, 20 Sep 2023 19:44:24 GMT",
        "x-ms-version": "2019-02-02"
      },
      "RequestBody": null,
      "StatusCode": 200,
      "ResponseHeaders": {
        "Cache-Control": "no-cache",
        "Content-Type": "application/json; odata=minimalmetadata; streaming=true; charset=utf-8",
        "Date": "Wed, 20 Sep 2023 19:44:23 GMT",
        "Server": [
          "Windows-Azure-Table/1.0",
          "Microsoft-HTTPAPI/2.0"
        ],
        "Transfer-Encoding": "chunked",
        "X-Content-Type-Options": "nosniff",
        "x-ms-version": "2019-02-02"
      },
      "ResponseBody": {
        "odata.metadata": "https://fakeendpoint-secondary.table.core.windows.net/$metadata#mytable6f962b30",
        "value": [
          {
            "odata.etag": "W/\u0022datetime\u00272023-09-20T19%3A44%3A08.8013822Z\u0027\u0022",
            "PartitionKey": "foo",
            "RowKey": "bar",
            "Timestamp": "2023-09-20T19:44:08.8013822Z"
          }
        ]
      }
    },
    {
      "RequestUri": "https://fakeendpoint.table.core.windows.net/mytable6f962b30(PartitionKey=\u0027foo\u0027,RowKey=\u0027bar\u0027)",
      "RequestMethod": "DELETE",
      "RequestHeaders": {
        "Accept": "application/json;odata=minimalmetadata",
        "Accept-Encoding": "gzip, deflate",
        "Connection": "keep-alive",
        "Content-Length": "0",
        "DataServiceVersion": "3.0",
        "Date": "Wed, 20 Sep 2023 19:44:24 GMT",
        "If-Match": "*",
        "User-Agent": "azsdk-python-data-tables/12.4.4 Python/3.11.4 (Windows-10-10.0.22621-SP0)",
        "x-ms-date": "Wed, 20 Sep 2023 19:44:24 GMT",
        "x-ms-version": "2019-02-02"
      },
      "RequestBody": null,
      "StatusCode": 204,
      "ResponseHeaders": {
        "Cache-Control": "no-cache",
        "Content-Length": "0",
        "Date": "Wed, 20 Sep 2023 19:44:23 GMT",
        "Server": [
          "Windows-Azure-Table/1.0",
          "Microsoft-HTTPAPI/2.0"
        ],
        "X-Content-Type-Options": "nosniff",
        "x-ms-version": "2019-02-02"
      },
      "ResponseBody": null
    },
    {
      "RequestUri": "https://fakeendpoint.table.core.windows.net/Tables(\u0027mytable6f962b30\u0027)",
      "RequestMethod": "DELETE",
      "RequestHeaders": {
        "Accept": "application/json",
        "Accept-Encoding": "gzip, deflate",
        "Connection": "keep-alive",
        "Content-Length": "0",
        "Date": "Wed, 20 Sep 2023 19:44:24 GMT",
        "User-Agent": "azsdk-python-data-tables/12.4.4 Python/3.11.4 (Windows-10-10.0.22621-SP0)",
        "x-ms-date": "Wed, 20 Sep 2023 19:44:24 GMT",
        "x-ms-version": "2019-02-02"
      },
      "RequestBody": null,
      "StatusCode": 204,
      "ResponseHeaders": {
        "Cache-Control": "no-cache",
        "Content-Length": "0",
        "Date": "Wed, 20 Sep 2023 19:44:23 GMT",
        "Server": [
          "Windows-Azure-Table/1.0",
          "Microsoft-HTTPAPI/2.0"
        ],
        "X-Content-Type-Options": "nosniff",
        "x-ms-version": "2019-02-02"
      },
      "ResponseBody": null
    }
  ],
  "Variables": {}
}
