{
  "Entries": [
    {
      "RequestUri": "https://fakeendpoint.table.cosmos.azure.com/Tables",
      "RequestMethod": "POST",
      "RequestHeaders": {
        "Accept": "application/json;odata=minimalmetadata",
        "Accept-Encoding": "gzip, deflate",
        "Content-Length": "34",
        "Content-Type": "application/json;odata=nometadata",
        "DataServiceVersion": "3.0",
        "Date": "Tue, 07 May 2024 01:07:46 GMT",
        "User-Agent": "azsdk-python-data-tables/12.5.1 Python/3.12.3 (Windows-11-10.0.22621-SP0)",
        "x-ms-date": "Tue, 07 May 2024 01:07:46 GMT",
        "x-ms-version": "2019-02-02"
      },
      "RequestBody": {
        "TableName": "uttable08123336e7"
      },
      "StatusCode": 201,
      "ResponseHeaders": {
        "Content-Type": "application/json; odata=minimalmetadata",
        "Date": "Tue, 07 May 2024 01:07:46 GMT",
        "ETag": "W/\"datetime'2024-05-07T01%3A07%3A46.7869191Z'\"",
        "Location": "https://fakeendpoint.table.cosmos.azure.com/Tables('uttable08123336e7')",
        "Transfer-Encoding": "chunked"
      },
      "ResponseBody": {
        "TableName": "uttable08123336e7",
        "odata.metadata": "https://fakeendpoint.table.cosmos.azure.com/$metadata#Tables/@Element"
      }
    },
    {
      "RequestUri": "https://fakeendpoint.table.cosmos.azure.com/uttable08123336e7(PartitionKey='2022-04-01T09:30:45.000000Z',RowKey='c66f5375-541a-4b56-b6e4-2b3471ffa3d5')",
      "RequestMethod": "POST",
      "RequestHeaders": {
        "Accept": "application/json",
        "Accept-Encoding": "gzip, deflate",
        "Content-Length": "187",
        "Content-Type": "application/json",
        "DataServiceVersion": "3.0",
        "Date": "Tue, 07 May 2024 01:07:46 GMT",
        "User-Agent": "azsdk-python-data-tables/12.5.1 Python/3.12.3 (Windows-11-10.0.22621-SP0)",
        "X-HTTP-Method": "MERGE",
        "x-ms-date": "Tue, 07 May 2024 01:07:46 GMT",
        "x-ms-version": "2019-02-02"
      },
      "RequestBody": {
        "PartitionKey@odata.type": "Edm.DateTime",
        "PartitionKey": "2022-04-01T09:30:45.000000Z",
        "RowKey@odata.type": "Edm.Guid",
        "RowKey": "c66f5375-541a-4b56-b6e4-2b3471ffa3d5",
        "Data": true
      },
      "StatusCode": 400,
      "ResponseHeaders": {
        "Content-Type": "application/json; odata=fullmetadata",
        "Date": "Tue, 07 May 2024 01:07:46 GMT",
        "Transfer-Encoding": "chunked"
      },
      "ResponseBody": {
        "odata.error": {
          "code": "InvalidInput",
          "message": {
            "lang": "en-us",
            "value": "One of the input values is invalid.\r\nActivityId: b467afba-9d19-4e23-be0c-7cfb7c5a388c, documentdb-dotnet-sdk/2.14.0 Host/64-bit MicrosoftWindowsNT/10.0.20348.0\nRequestID:b467afba-9d19-4e23-be0c-7cfb7c5a388c\n"
          }
        }
      }
    },
    {
      "RequestUri": "https://fakeendpoint.table.cosmos.azure.com/uttable08123336e7(PartitionKey='2022-04-01T09:30:45.000000Z',RowKey='c66f5375-541a-4b56-b6e4-2b3471ffa3d5')",
      "RequestMethod": "PUT",
      "RequestHeaders": {
        "Accept": "application/json",
        "Accept-Encoding": "gzip, deflate",
        "Content-Length": "187",
        "Content-Type": "application/json",
        "DataServiceVersion": "3.0",
        "Date": "Tue, 07 May 2024 01:07:46 GMT",
        "User-Agent": "azsdk-python-data-tables/12.5.1 Python/3.12.3 (Windows-11-10.0.22621-SP0)",
        "x-ms-date": "Tue, 07 May 2024 01:07:46 GMT",
        "x-ms-version": "2019-02-02"
      },
      "RequestBody": {
        "PartitionKey@odata.type": "Edm.DateTime",
        "PartitionKey": "2022-04-01T09:30:45.000000Z",
        "RowKey@odata.type": "Edm.Guid",
        "RowKey": "c66f5375-541a-4b56-b6e4-2b3471ffa3d5",
        "Data": true
      },
      "StatusCode": 400,
      "ResponseHeaders": {
        "Content-Type": "application/json; odata=fullmetadata",
        "Date": "Tue, 07 May 2024 01:07:46 GMT",
        "Transfer-Encoding": "chunked"
      },
      "ResponseBody": {
        "odata.error": {
          "code": "InvalidInput",
          "message": {
            "lang": "en-us",
            "value": "One of the input values is invalid.\r\nActivityId: 0e220db9-8003-4835-aeb5-90e56b70eed5, documentdb-dotnet-sdk/2.14.0 Host/64-bit MicrosoftWindowsNT/10.0.20348.0\nRequestID:0e220db9-8003-4835-aeb5-90e56b70eed5\n"
          }
        }
      }
    },
    {
      "RequestUri": "https://fakeendpoint.table.cosmos.azure.com/uttable08123336e7(PartitionKey='YmluYXJ5ZGF0YQ==',RowKey='1234')",
      "RequestMethod": "POST",
      "RequestHeaders": {
        "Accept": "application/json",
        "Accept-Encoding": "gzip, deflate",
        "Content-Length": "106",
        "Content-Type": "application/json",
        "DataServiceVersion": "3.0",
        "Date": "Tue, 07 May 2024 01:07:47 GMT",
        "User-Agent": "azsdk-python-data-tables/12.5.1 Python/3.12.3 (Windows-11-10.0.22621-SP0)",
        "X-HTTP-Method": "MERGE",
        "x-ms-date": "Tue, 07 May 2024 01:07:47 GMT",
        "x-ms-version": "2019-02-02"
      },
      "RequestBody": {
        "PartitionKey@odata.type": "Edm.Binary",
        "PartitionKey": "YmluYXJ5ZGF0YQ==",
        "RowKey": "1234",
        "Data": 1
      },
      "StatusCode": 400,
      "ResponseHeaders": {
        "Content-Type": "application/json; odata=fullmetadata",
        "Date": "Tue, 07 May 2024 01:07:46 GMT",
        "Transfer-Encoding": "chunked"
      },
      "ResponseBody": {
        "odata.error": {
          "code": "InvalidInput",
          "message": {
            "lang": "en-us",
            "value": "One of the input values is invalid.\r\nActivityId: bcb9638c-d0cd-4253-879e-97181e9e8b10, documentdb-dotnet-sdk/2.14.0 Host/64-bit MicrosoftWindowsNT/10.0.20348.0\nRequestID:bcb9638c-d0cd-4253-879e-97181e9e8b10\n"
          }
        }
      }
    },
    {
      "RequestUri": "https://fakeendpoint.table.cosmos.azure.com/uttable08123336e7(PartitionKey='YmluYXJ5ZGF0YQ==',RowKey='1234')",
      "RequestMethod": "PUT",
      "RequestHeaders": {
        "Accept": "application/json",
        "Accept-Encoding": "gzip, deflate",
        "Content-Length": "106",
        "Content-Type": "application/json",
        "DataServiceVersion": "3.0",
        "Date": "Tue, 07 May 2024 01:07:47 GMT",
        "User-Agent": "azsdk-python-data-tables/12.5.1 Python/3.12.3 (Windows-11-10.0.22621-SP0)",
        "x-ms-date": "Tue, 07 May 2024 01:07:47 GMT",
        "x-ms-version": "2019-02-02"
      },
      "RequestBody": {
        "PartitionKey@odata.type": "Edm.Binary",
        "PartitionKey": "YmluYXJ5ZGF0YQ==",
        "RowKey": "1234",
        "Data": 1
      },
      "StatusCode": 400,
      "ResponseHeaders": {
        "Content-Type": "application/json; odata=fullmetadata",
        "Date": "Tue, 07 May 2024 01:07:46 GMT",
        "Transfer-Encoding": "chunked"
      },
      "ResponseBody": {
        "odata.error": {
          "code": "InvalidInput",
          "message": {
            "lang": "en-us",
            "value": "One of the input values is invalid.\r\nActivityId: 23a75178-92fc-491f-b0d9-ce624373f914, documentdb-dotnet-sdk/2.14.0 Host/64-bit MicrosoftWindowsNT/10.0.20348.0\nRequestID:23a75178-92fc-491f-b0d9-ce624373f914\n"
          }
        }
      }
    },
    {
      "RequestUri": "https://fakeendpoint.table.cosmos.azure.com/Tables('uttable08123336e7')",
      "RequestMethod": "DELETE",
      "RequestHeaders": {
        "Accept": "application/json",
        "Accept-Encoding": "gzip, deflate",
        "Content-Length": "0",
        "Date": "Tue, 07 May 2024 01:07:47 GMT",
        "User-Agent": "azsdk-python-data-tables/12.5.1 Python/3.12.3 (Windows-11-10.0.22621-SP0)",
        "x-ms-date": "Tue, 07 May 2024 01:07:47 GMT",
        "x-ms-version": "2019-02-02"
      },
      "RequestBody": null,
      "StatusCode": 204,
      "ResponseHeaders": {
        "Content-Type": "application/json",
        "Date": "Tue, 07 May 2024 01:07:46 GMT"
      },
      "ResponseBody": null
    }
  ],
  "Variables": {
    "uuid": "c66f5375-541a-4b56-b6e4-2b3471ffa3d5"
  }
}
