{
  "Entries": [
    {
      "RequestUri": "https://fakeendpoint.table.cosmos.azure.com/Tables",
      "RequestMethod": "POST",
      "RequestHeaders": {
        "Accept": "application/json;odata=minimalmetadata",
        "Accept-Encoding": "gzip, deflate",
        "Connection": "keep-alive",
        "Content-Length": "32",
        "Content-Type": "application/json;odata=nometadata",
        "DataServiceVersion": "3.0",
        "Date": "Fri, 25 Aug 2023 01:32:28 GMT",
        "User-Agent": "azsdk-python-data-tables/12.4.4 Python/3.11.4 (Windows-10-10.0.22621-SP0)",
        "x-ms-date": "Fri, 25 Aug 2023 01:32:28 GMT",
        "x-ms-version": "2019-02-02"
      },
      "RequestBody": {
        "TableName": "mytable22403898"
      },
      "StatusCode": 201,
      "ResponseHeaders": {
        "Content-Type": "application/json; odata=minimalmetadata",
        "Date": "Fri, 25 Aug 2023 01:32:27 GMT",
        "ETag": "W/\u0022datetime\u00272023-08-25T01%3A32%3A28.0563719Z\u0027\u0022",
        "Location": "https://fakeendpoint.table.cosmos.azure.com/Tables(\u0027mytable22403898\u0027)",
        "Transfer-Encoding": "chunked"
      },
      "ResponseBody": {
        "TableName": "mytable22403898",
        "odata.metadata": "https://fakeendpoint.table.cosmos.azure.com/$metadata#Tables/@Element"
      }
    },
    {
      "RequestUri": "https://fakeendpoint.table.cosmos.azure.com/Tables?$filter=TableName%20eq%20%27mytable22403898%27",
      "RequestMethod": "GET",
      "RequestHeaders": {
        "Accept": "application/json;odata=minimalmetadata",
        "Accept-Encoding": "gzip, deflate",
        "Connection": "keep-alive",
        "DataServiceVersion": "3.0",
        "Date": "Fri, 25 Aug 2023 01:32:29 GMT",
        "User-Agent": "azsdk-python-data-tables/12.4.4 Python/3.11.4 (Windows-10-10.0.22621-SP0)",
        "x-ms-date": "Fri, 25 Aug 2023 01:32:29 GMT",
        "x-ms-version": "2019-02-02"
      },
      "RequestBody": null,
      "StatusCode": 200,
      "ResponseHeaders": {
        "Content-Type": "application/json; odata=minimalmetadata",
        "Date": "Fri, 25 Aug 2023 01:32:27 GMT",
        "Transfer-Encoding": "chunked"
      },
      "ResponseBody": {
        "value": [
          {
            "TableName": "mytable22403898"
          }
        ],
        "odata.metadata": "https://fakeendpoint.table.cosmos.azure.com/$metadata#Tables"
      }
    },
    {
      "RequestUri": "https://fakeendpoint.table.cosmos.azure.com/mytable22403898()?$filter=PartitionKey%20eq%20%27dummy-pk%27",
      "RequestMethod": "GET",
      "RequestHeaders": {
        "Accept": "application/json;odata=minimalmetadata",
        "Accept-Encoding": "gzip, deflate",
        "Connection": "keep-alive",
        "DataServiceVersion": "3.0",
        "Date": "Fri, 25 Aug 2023 01:32:29 GMT",
        "User-Agent": "azsdk-python-data-tables/12.4.4 Python/3.11.4 (Windows-10-10.0.22621-SP0)",
        "x-ms-date": "Fri, 25 Aug 2023 01:32:29 GMT",
        "x-ms-version": "2019-02-02"
      },
      "RequestBody": null,
      "StatusCode": 200,
      "ResponseHeaders": {
        "Content-Type": "application/json; odata=minimalmetadata",
        "Date": "Fri, 25 Aug 2023 01:32:28 GMT",
        "Transfer-Encoding": "chunked"
      },
      "ResponseBody": {
        "value": [],
        "odata.metadata": "https://fakeendpoint.table.cosmos.azure.com/$metadata#mytable22403898"
      }
    },
    {
      "RequestUri": "https://fakeendpoint.table.cosmos.azure.com/Tables(\u0027mytable22403898\u0027)",
      "RequestMethod": "DELETE",
      "RequestHeaders": {
        "Accept": "application/json",
        "Accept-Encoding": "gzip, deflate",
        "Connection": "keep-alive",
        "Content-Length": "0",
        "Date": "Fri, 25 Aug 2023 01:32:29 GMT",
        "User-Agent": "azsdk-python-data-tables/12.4.4 Python/3.11.4 (Windows-10-10.0.22621-SP0)",
        "x-ms-date": "Fri, 25 Aug 2023 01:32:29 GMT",
        "x-ms-version": "2019-02-02"
      },
      "RequestBody": null,
      "StatusCode": 204,
      "ResponseHeaders": {
        "Content-Type": "application/json",
        "Date": "Fri, 25 Aug 2023 01:32:28 GMT"
      },
      "ResponseBody": null
    }
  ],
  "Variables": {}
}
