{
  "Entries": [
    {
      "RequestUri": "https://REDACTED.table.core.windows.net/Tables",
      "RequestMethod": "POST",
      "RequestHeaders": {
        "Accept": "application/json;odata=minimalmetadata",
        "Accept-Encoding": "gzip, deflate",
        "Connection": "keep-alive",
        "Content-Length": "32",
        "Content-Type": "application/json;odata=nometadata",
        "DataServiceVersion": "3.0",
        "Date": "Fri, 26 Apr 2024 03:43:22 GMT",
        "User-Agent": "azsdk-python-data-tables/12.5.1 Python/3.11.6 (Linux-5.15.146.1-microsoft-standard-WSL2-x86_64-with-glibc2.35)",
        "x-ms-date": "Fri, 26 Apr 2024 03:43:22 GMT",
        "x-ms-version": "2019-02-02"
      },
      "RequestBody": {
        "TableName": "uttablebe7f2961"
      },
      "StatusCode": 201,
      "ResponseHeaders": {
        "Cache-Control": "no-cache",
        "Content-Type": "application/json; odata=minimalmetadata; streaming=true; charset=utf-8",
        "Date": "Fri, 26 Apr 2024 03:43:21 GMT",
        "Location": "https://example.com",
        "Server": [
          "Windows-Azure-Table/1.0",
          "Microsoft-HTTPAPI/2.0"
        ],
        "Transfer-Encoding": "chunked",
        "X-Content-Type-Options": "nosniff",
        "x-ms-version": "2019-02-02"
      },
      "ResponseBody": {
        "odata.metadata": "https://faketableaccount.table.core.windows.net/$metadata#Tables/@Element",
        "TableName": "uttablebe7f2961"
      }
    },
    {
      "RequestUri": "https://REDACTED.table.core.windows.net/uttablebe7f2961",
      "RequestMethod": "POST",
      "RequestHeaders": {
        "Accept": "application/json;odata=minimalmetadata",
        "Accept-Encoding": "gzip, deflate",
        "Connection": "keep-alive",
        "Content-Length": "233",
        "Content-Type": "application/json;odata=nometadata",
        "DataServiceVersion": "3.0",
        "Date": "Fri, 26 Apr 2024 03:43:22 GMT",
        "User-Agent": "azsdk-python-data-tables/12.5.1 Python/3.11.6 (Linux-5.15.146.1-microsoft-standard-WSL2-x86_64-with-glibc2.35)",
        "x-ms-date": "Fri, 26 Apr 2024 03:43:22 GMT",
        "x-ms-version": "2019-02-02"
      },
      "RequestBody": {
        "PartitionKey": "pkbe7f2961",
        "PartitionKey@odata.type": "Edm.String",
        "RowKey": "rkbe7f2961",
        "RowKey@odata.type": "Edm.String",
        "啊齄丂狛狜": "ꀕ",
        "啊齄丂狛狜@odata.type": "Edm.String"
      },
      "StatusCode": 201,
      "ResponseHeaders": {
        "Cache-Control": "no-cache",
        "Content-Type": "application/json; odata=minimalmetadata; streaming=true; charset=utf-8",
        "Date": "Fri, 26 Apr 2024 03:43:21 GMT",
        "ETag": "W/\"datetime'2024-04-26T03%3A43%3A22.6378895Z'\"",
        "Location": "https://example.com",
        "Server": [
          "Windows-Azure-Table/1.0",
          "Microsoft-HTTPAPI/2.0"
        ],
        "Transfer-Encoding": "chunked",
        "X-Content-Type-Options": "nosniff",
        "x-ms-version": "2019-02-02"
      },
      "ResponseBody": {
        "odata.metadata": "https://faketableaccount.table.core.windows.net/$metadata#uttablebe7f2961/@Element",
        "odata.etag": "W/\"datetime'2024-04-26T03%3A43%3A22.6378895Z'\"",
        "PartitionKey": "pkbe7f2961",
        "RowKey": "rkbe7f2961",
        "Timestamp": "2024-04-26T03:43:22.6378895Z",
        "啊齄丂狛狜": "ꀕ"
      }
    },
    {
      "RequestUri": "https://REDACTED.table.core.windows.net/uttablebe7f2961",
      "RequestMethod": "POST",
      "RequestHeaders": {
        "Accept": "application/json;odata=minimalmetadata",
        "Accept-Encoding": "gzip, deflate",
        "Connection": "keep-alive",
        "Content-Length": "227",
        "Content-Type": "application/json;odata=nometadata",
        "DataServiceVersion": "3.0",
        "Date": "Fri, 26 Apr 2024 03:43:22 GMT",
        "User-Agent": "azsdk-python-data-tables/12.5.1 Python/3.11.6 (Linux-5.15.146.1-microsoft-standard-WSL2-x86_64-with-glibc2.35)",
        "x-ms-date": "Fri, 26 Apr 2024 03:43:22 GMT",
        "x-ms-version": "2019-02-02"
      },
      "RequestBody": {
        "PartitionKey": "pkbe7f2961",
        "PartitionKey@odata.type": "Edm.String",
        "RowKey": "test2",
        "RowKey@odata.type": "Edm.String",
        "啊齄丂狛狜": "hello",
        "啊齄丂狛狜@odata.type": "Edm.String"
      },
      "StatusCode": 201,
      "ResponseHeaders": {
        "Cache-Control": "no-cache",
        "Content-Type": "application/json; odata=minimalmetadata; streaming=true; charset=utf-8",
        "Date": "Fri, 26 Apr 2024 03:43:21 GMT",
        "ETag": "W/\"datetime'2024-04-26T03%3A43%3A22.6478833Z'\"",
        "Location": "https://example.com",
        "Server": [
          "Windows-Azure-Table/1.0",
          "Microsoft-HTTPAPI/2.0"
        ],
        "Transfer-Encoding": "chunked",
        "X-Content-Type-Options": "nosniff",
        "x-ms-version": "2019-02-02"
      },
      "ResponseBody": {
        "odata.metadata": "https://faketableaccount.table.core.windows.net/$metadata#uttablebe7f2961/@Element",
        "odata.etag": "W/\"datetime'2024-04-26T03%3A43%3A22.6478833Z'\"",
        "PartitionKey": "pkbe7f2961",
        "RowKey": "test2",
        "Timestamp": "2024-04-26T03:43:22.6478833Z",
        "啊齄丂狛狜": "hello"
      }
    },
    {
      "RequestUri": "https://REDACTED.table.core.windows.net/uttablebe7f2961()?$filter=PartitionKey%20eq%20%27pkbe7f2961%27",
      "RequestMethod": "GET",
      "RequestHeaders": {
        "Accept": "application/json;odata=minimalmetadata",
        "Accept-Encoding": "gzip, deflate",
        "Connection": "keep-alive",
        "DataServiceVersion": "3.0",
        "Date": "Fri, 26 Apr 2024 03:43:22 GMT",
        "User-Agent": "azsdk-python-data-tables/12.5.1 Python/3.11.6 (Linux-5.15.146.1-microsoft-standard-WSL2-x86_64-with-glibc2.35)",
        "x-ms-date": "Fri, 26 Apr 2024 03:43:22 GMT",
        "x-ms-version": "2019-02-02"
      },
      "RequestBody": null,
      "StatusCode": 200,
      "ResponseHeaders": {
        "Cache-Control": "no-cache",
        "Content-Type": "application/json; odata=minimalmetadata; streaming=true; charset=utf-8",
        "Date": "Fri, 26 Apr 2024 03:43:21 GMT",
        "Server": [
          "Windows-Azure-Table/1.0",
          "Microsoft-HTTPAPI/2.0"
        ],
        "Transfer-Encoding": "chunked",
        "X-Content-Type-Options": "nosniff",
        "x-ms-version": "2019-02-02"
      },
      "ResponseBody": {
        "odata.metadata": "https://faketableaccount.table.core.windows.net/$metadata#uttablebe7f2961",
        "value": [
          {
            "odata.etag": "W/\"datetime'2024-04-26T03%3A43%3A22.6378895Z'\"",
            "PartitionKey": "pkbe7f2961",
            "RowKey": "rkbe7f2961",
            "Timestamp": "2024-04-26T03:43:22.6378895Z",
            "啊齄丂狛狜": "ꀕ"
          },
          {
            "odata.etag": "W/\"datetime'2024-04-26T03%3A43%3A22.6478833Z'\"",
            "PartitionKey": "pkbe7f2961",
            "RowKey": "test2",
            "Timestamp": "2024-04-26T03:43:22.6478833Z",
            "啊齄丂狛狜": "hello"
          }
        ]
      }
    },
    {
      "RequestUri": "https://REDACTED.table.core.windows.net/Tables",
      "RequestMethod": "GET",
      "RequestHeaders": {
        "Accept": "application/json;odata=minimalmetadata",
        "Accept-Encoding": "gzip, deflate",
        "Connection": "keep-alive",
        "DataServiceVersion": "3.0",
        "Date": "Fri, 26 Apr 2024 03:43:22 GMT",
        "User-Agent": "azsdk-python-data-tables/12.5.1 Python/3.11.6 (Linux-5.15.146.1-microsoft-standard-WSL2-x86_64-with-glibc2.35)",
        "x-ms-date": "Fri, 26 Apr 2024 03:43:22 GMT",
        "x-ms-version": "2019-02-02"
      },
      "RequestBody": null,
      "StatusCode": 200,
      "ResponseHeaders": {
        "Cache-Control": "no-cache",
        "Content-Type": "application/json; odata=minimalmetadata; streaming=true; charset=utf-8",
        "Date": "Fri, 26 Apr 2024 03:43:21 GMT",
        "Server": [
          "Windows-Azure-Table/1.0",
          "Microsoft-HTTPAPI/2.0"
        ],
        "Transfer-Encoding": "chunked",
        "X-Content-Type-Options": "nosniff",
        "x-ms-version": "2019-02-02"
      },
      "ResponseBody": {
        "odata.metadata": "https://faketableaccount.table.core.windows.net/$metadata#Tables",
        "value": [
          {
            "TableName": "uttablebe7f2961"
          }
        ]
      }
    },
    {
      "RequestUri": "https://REDACTED.table.core.windows.net/Tables('uttablebe7f2961')",
      "RequestMethod": "DELETE",
      "RequestHeaders": {
        "Accept": "application/json",
        "Accept-Encoding": "gzip, deflate",
        "Connection": "keep-alive",
        "Content-Length": "0",
        "Date": "Fri, 26 Apr 2024 03:43:22 GMT",
        "User-Agent": "azsdk-python-data-tables/12.5.1 Python/3.11.6 (Linux-5.15.146.1-microsoft-standard-WSL2-x86_64-with-glibc2.35)",
        "x-ms-date": "Fri, 26 Apr 2024 03:43:22 GMT",
        "x-ms-version": "2019-02-02"
      },
      "RequestBody": null,
      "StatusCode": 204,
      "ResponseHeaders": {
        "Cache-Control": "no-cache",
        "Content-Length": "0",
        "Date": "Fri, 26 Apr 2024 03:43:21 GMT",
        "Server": [
          "Windows-Azure-Table/1.0",
          "Microsoft-HTTPAPI/2.0"
        ],
        "X-Content-Type-Options": "nosniff",
        "x-ms-version": "2019-02-02"
      },
      "ResponseBody": null
    }
  ],
  "Variables": {}
}
