{
  "Entries": [
    {
      "RequestUri": "https://fakeendpoint.table.cosmos.azure.com/Tables",
      "RequestMethod": "POST",
      "RequestHeaders": {
        "Accept": "application/json;odata=minimalmetadata",
        "Accept-Encoding": "gzip, deflate",
        "Connection": "keep-alive",
        "Content-Length": "34",
        "Content-Type": "application/json;odata=nometadata",
        "DataServiceVersion": "3.0",
        "Date": "Fri, 03 May 2024 01:31:40 GMT",
        "User-Agent": "azsdk-python-data-tables/12.5.1 Python/3.8.10 (Windows-10-10.0.22621-SP0)",
        "x-ms-date": "Fri, 03 May 2024 01:31:40 GMT",
        "x-ms-version": "2019-02-02"
      },
      "RequestBody": {
        "TableName": "uttable0761152f5b"
      },
      "StatusCode": 201,
      "ResponseHeaders": {
        "Content-Type": "application/json; odata=minimalmetadata",
        "Date": "Fri, 03 May 2024 01:31:40 GMT",
        "ETag": "W/\"datetime'2024-05-03T01%3A31%3A41.0404359Z'\"",
        "Location": "https://fakeendpoint.table.cosmos.azure.com/Tables('uttable0761152f5b')",
        "Transfer-Encoding": "chunked"
      },
      "ResponseBody": {
        "TableName": "uttable0761152f5b",
        "odata.metadata": "https://fakeendpoint.table.cosmos.azure.com/$metadata#Tables/@Element"
      }
    },
    {
      "RequestUri": "https://fakeendpoint.table.cosmos.azure.com/uttable0761152f5b(PartitionKey='PK',RowKey='RK')",
      "RequestMethod": "POST",
      "RequestHeaders": {
        "Accept": "application/json",
        "Accept-Encoding": "gzip, deflate",
        "Connection": "keep-alive",
        "Content-Length": "65",
        "Content-Type": "application/json",
        "DataServiceVersion": "3.0",
        "Date": "Fri, 03 May 2024 01:31:40 GMT",
        "User-Agent": "azsdk-python-data-tables/12.5.1 Python/3.8.10 (Windows-10-10.0.22621-SP0)",
        "X-HTTP-Method": "MERGE",
        "x-ms-date": "Fri, 03 May 2024 01:31:40 GMT",
        "x-ms-version": "2019-02-02"
      },
      "RequestBody": {
        "PartitionKey": "PK",
        "RowKey": "RK",
        "Data1": 1,
        "Data2": true
      },
      "StatusCode": 204,
      "ResponseHeaders": {
        "Content-Type": "application/json",
        "Date": "Fri, 03 May 2024 01:31:40 GMT",
        "ETag": "W/\"datetime'2024-05-03T01%3A31%3A41.3357575Z'\""
      },
      "ResponseBody": null
    },
    {
      "RequestUri": "https://fakeendpoint.table.cosmos.azure.com/uttable0761152f5b(PartitionKey='PK',RowKey='RK')",
      "RequestMethod": "GET",
      "RequestHeaders": {
        "Accept": "application/json;odata=minimalmetadata",
        "Accept-Encoding": "gzip, deflate",
        "Connection": "keep-alive",
        "DataServiceVersion": "3.0",
        "Date": "Fri, 03 May 2024 01:31:41 GMT",
        "User-Agent": "azsdk-python-data-tables/12.5.1 Python/3.8.10 (Windows-10-10.0.22621-SP0)",
        "x-ms-date": "Fri, 03 May 2024 01:31:41 GMT",
        "x-ms-version": "2019-02-02"
      },
      "RequestBody": null,
      "StatusCode": 200,
      "ResponseHeaders": {
        "Content-Type": "application/json; odata=minimalmetadata",
        "Date": "Fri, 03 May 2024 01:31:40 GMT",
        "ETag": "W/\"datetime'2024-05-03T01%3A31%3A41.3357575Z'\"",
        "Transfer-Encoding": "chunked"
      },
      "ResponseBody": {
        "odata.metadata": "https://fakeendpoint.table.cosmos.azure.com/uttable0761152f5b/$metadata#uttable0761152f5b/@Element",
        "odata.etag": "W/\"datetime'2024-05-03T01%3A31%3A41.3357575Z'\"",
        "PartitionKey": "PK",
        "RowKey": "RK",
        "Data1": 1,
        "Data2": true,
        "Timestamp": "2024-05-03T01:31:41.3357575Z"
      }
    },
    {
      "RequestUri": "https://fakeendpoint.table.cosmos.azure.com/uttable0761152f5b(PartitionKey='PK',RowKey='RK')",
      "RequestMethod": "PUT",
      "RequestHeaders": {
        "Accept": "application/json",
        "Accept-Encoding": "gzip, deflate",
        "Connection": "keep-alive",
        "Content-Length": "65",
        "Content-Type": "application/json",
        "DataServiceVersion": "3.0",
        "Date": "Fri, 03 May 2024 01:31:41 GMT",
        "User-Agent": "azsdk-python-data-tables/12.5.1 Python/3.8.10 (Windows-10-10.0.22621-SP0)",
        "x-ms-date": "Fri, 03 May 2024 01:31:41 GMT",
        "x-ms-version": "2019-02-02"
      },
      "RequestBody": {
        "PartitionKey": "PK",
        "RowKey": "RK",
        "Data1": 1,
        "Data2": true
      },
      "StatusCode": 204,
      "ResponseHeaders": {
        "Content-Type": "application/json",
        "Date": "Fri, 03 May 2024 01:31:40 GMT",
        "ETag": "W/\"datetime'2024-05-03T01%3A31%3A41.4092807Z'\""
      },
      "ResponseBody": null
    },
    {
      "RequestUri": "https://fakeendpoint.table.cosmos.azure.com/uttable0761152f5b(PartitionKey='PK',RowKey='RK')",
      "RequestMethod": "GET",
      "RequestHeaders": {
        "Accept": "application/json;odata=minimalmetadata",
        "Accept-Encoding": "gzip, deflate",
        "Connection": "keep-alive",
        "DataServiceVersion": "3.0",
        "Date": "Fri, 03 May 2024 01:31:41 GMT",
        "User-Agent": "azsdk-python-data-tables/12.5.1 Python/3.8.10 (Windows-10-10.0.22621-SP0)",
        "x-ms-date": "Fri, 03 May 2024 01:31:41 GMT",
        "x-ms-version": "2019-02-02"
      },
      "RequestBody": null,
      "StatusCode": 200,
      "ResponseHeaders": {
        "Content-Type": "application/json; odata=minimalmetadata",
        "Date": "Fri, 03 May 2024 01:31:40 GMT",
        "ETag": "W/\"datetime'2024-05-03T01%3A31%3A41.4092807Z'\"",
        "Transfer-Encoding": "chunked"
      },
      "ResponseBody": {
        "odata.metadata": "https://fakeendpoint.table.cosmos.azure.com/uttable0761152f5b/$metadata#uttable0761152f5b/@Element",
        "odata.etag": "W/\"datetime'2024-05-03T01%3A31%3A41.4092807Z'\"",
        "PartitionKey": "PK",
        "RowKey": "RK",
        "Data1": 1,
        "Data2": true,
        "Timestamp": "2024-05-03T01:31:41.4092807Z"
      }
    },
    {
      "RequestUri": "https://fakeendpoint.table.cosmos.azure.com/uttable0761152f5b(PartitionKey='PK',RowKey='RK%27%27%40%2A%24%21%25')",
      "RequestMethod": "POST",
      "RequestHeaders": {
        "Accept": "application/json",
        "Accept-Encoding": "gzip, deflate",
        "Connection": "keep-alive",
        "Content-Length": "44",
        "Content-Type": "application/json",
        "DataServiceVersion": "3.0",
        "Date": "Fri, 03 May 2024 01:31:41 GMT",
        "User-Agent": "azsdk-python-data-tables/12.5.1 Python/3.8.10 (Windows-10-10.0.22621-SP0)",
        "X-HTTP-Method": "MERGE",
        "x-ms-date": "Fri, 03 May 2024 01:31:41 GMT",
        "x-ms-version": "2019-02-02"
      },
      "RequestBody": {
        "PartitionKey": "PK",
        "RowKey": "RK'@*$!%"
      },
      "StatusCode": 204,
      "ResponseHeaders": {
        "Content-Type": "application/json",
        "Date": "Fri, 03 May 2024 01:31:40 GMT",
        "ETag": "W/\"datetime'2024-05-03T01%3A31%3A41.4641671Z'\""
      },
      "ResponseBody": null
    },
    {
      "RequestUri": "https://fakeendpoint.table.cosmos.azure.com/uttable0761152f5b(PartitionKey='PK',RowKey='RK%27%27%40%2A%24%21%25')",
      "RequestMethod": "GET",
      "RequestHeaders": {
        "Accept": "application/json;odata=minimalmetadata",
        "Accept-Encoding": "gzip, deflate",
        "Connection": "keep-alive",
        "DataServiceVersion": "3.0",
        "Date": "Fri, 03 May 2024 01:31:41 GMT",
        "User-Agent": "azsdk-python-data-tables/12.5.1 Python/3.8.10 (Windows-10-10.0.22621-SP0)",
        "x-ms-date": "Fri, 03 May 2024 01:31:41 GMT",
        "x-ms-version": "2019-02-02"
      },
      "RequestBody": null,
      "StatusCode": 200,
      "ResponseHeaders": {
        "Content-Type": "application/json; odata=minimalmetadata",
        "Date": "Fri, 03 May 2024 01:31:40 GMT",
        "ETag": "W/\"datetime'2024-05-03T01%3A31%3A41.4641671Z'\"",
        "Transfer-Encoding": "chunked"
      },
      "ResponseBody": {
        "odata.metadata": "https://fakeendpoint.table.cosmos.azure.com/uttable0761152f5b/$metadata#uttable0761152f5b/@Element",
        "odata.etag": "W/\"datetime'2024-05-03T01%3A31%3A41.4641671Z'\"",
        "PartitionKey": "PK",
        "RowKey": "RK'@*$!%",
        "Timestamp": "2024-05-03T01:31:41.4641671Z"
      }
    },
    {
      "RequestUri": "https://fakeendpoint.table.cosmos.azure.com/uttable0761152f5b(PartitionKey='PK',RowKey='RK%27%27%40%2A%24%21%25')",
      "RequestMethod": "PUT",
      "RequestHeaders": {
        "Accept": "application/json",
        "Accept-Encoding": "gzip, deflate",
        "Connection": "keep-alive",
        "Content-Length": "44",
        "Content-Type": "application/json",
        "DataServiceVersion": "3.0",
        "Date": "Fri, 03 May 2024 01:31:41 GMT",
        "User-Agent": "azsdk-python-data-tables/12.5.1 Python/3.8.10 (Windows-10-10.0.22621-SP0)",
        "x-ms-date": "Fri, 03 May 2024 01:31:41 GMT",
        "x-ms-version": "2019-02-02"
      },
      "RequestBody": {
        "PartitionKey": "PK",
        "RowKey": "RK'@*$!%"
      },
      "StatusCode": 204,
      "ResponseHeaders": {
        "Content-Type": "application/json",
        "Date": "Fri, 03 May 2024 01:31:40 GMT",
        "ETag": "W/\"datetime'2024-05-03T01%3A31%3A41.5211015Z'\""
      },
      "ResponseBody": null
    },
    {
      "RequestUri": "https://fakeendpoint.table.cosmos.azure.com/uttable0761152f5b(PartitionKey='PK',RowKey='RK%27%27%40%2A%24%21%25')",
      "RequestMethod": "GET",
      "RequestHeaders": {
        "Accept": "application/json;odata=minimalmetadata",
        "Accept-Encoding": "gzip, deflate",
        "Connection": "keep-alive",
        "DataServiceVersion": "3.0",
        "Date": "Fri, 03 May 2024 01:31:41 GMT",
        "User-Agent": "azsdk-python-data-tables/12.5.1 Python/3.8.10 (Windows-10-10.0.22621-SP0)",
        "x-ms-date": "Fri, 03 May 2024 01:31:41 GMT",
        "x-ms-version": "2019-02-02"
      },
      "RequestBody": null,
      "StatusCode": 200,
      "ResponseHeaders": {
        "Content-Type": "application/json; odata=minimalmetadata",
        "Date": "Fri, 03 May 2024 01:31:40 GMT",
        "ETag": "W/\"datetime'2024-05-03T01%3A31%3A41.5211015Z'\"",
        "Transfer-Encoding": "chunked"
      },
      "ResponseBody": {
        "odata.metadata": "https://fakeendpoint.table.cosmos.azure.com/uttable0761152f5b/$metadata#uttable0761152f5b/@Element",
        "odata.etag": "W/\"datetime'2024-05-03T01%3A31%3A41.5211015Z'\"",
        "PartitionKey": "PK",
        "RowKey": "RK'@*$!%",
        "Timestamp": "2024-05-03T01:31:41.5211015Z"
      }
    },
    {
      "RequestUri": "https://fakeendpoint.table.cosmos.azure.com/Tables('uttable0761152f5b')",
      "RequestMethod": "DELETE",
      "RequestHeaders": {
        "Accept": "application/json",
        "Accept-Encoding": "gzip, deflate",
        "Connection": "keep-alive",
        "Content-Length": "0",
        "Date": "Fri, 03 May 2024 01:31:41 GMT",
        "User-Agent": "azsdk-python-data-tables/12.5.1 Python/3.8.10 (Windows-10-10.0.22621-SP0)",
        "x-ms-date": "Fri, 03 May 2024 01:31:41 GMT",
        "x-ms-version": "2019-02-02"
      },
      "RequestBody": null,
      "StatusCode": 204,
      "ResponseHeaders": {
        "Content-Type": "application/json",
        "Date": "Fri, 03 May 2024 01:31:41 GMT"
      },
      "ResponseBody": null
    }
  ],
  "Variables": {}
}
