{
  "Entries": [
    {
      "RequestUri": "https://fakeendpoint.table.cosmos.azure.com/Tables",
      "RequestMethod": "POST",
      "RequestHeaders": {
        "Accept": "application/json;odata=minimalmetadata",
        "Accept-Encoding": "gzip, deflate",
        "Content-Length": "34",
        "Content-Type": "application/json;odata=nometadata",
        "DataServiceVersion": "3.0",
        "Date": "Tue, 07 May 2024 01:07:54 GMT",
        "User-Agent": "azsdk-python-data-tables/12.5.1 Python/3.12.3 (Windows-11-10.0.22621-SP0)",
        "x-ms-date": "Tue, 07 May 2024 01:07:54 GMT",
        "x-ms-version": "2019-02-02"
      },
      "RequestBody": {
        "TableName": "uttable1728ea32fe"
      },
      "StatusCode": 201,
      "ResponseHeaders": {
        "Content-Type": "application/json; odata=minimalmetadata",
        "Date": "Tue, 07 May 2024 01:07:54 GMT",
        "ETag": "W/\"datetime'2024-05-07T01%3A07%3A54.7461639Z'\"",
        "Location": "https://fakeendpoint.table.cosmos.azure.com/Tables('uttable1728ea32fe')",
        "Transfer-Encoding": "chunked"
      },
      "ResponseBody": {
        "TableName": "uttable1728ea32fe",
        "odata.metadata": "https://fakeendpoint.table.cosmos.azure.com/$metadata#Tables/@Element"
      }
    },
    {
      "RequestUri": "https://fakeendpoint.table.cosmos.azure.com/uttable1728ea32fe(PartitionKey='PK',RowKey='RK')",
      "RequestMethod": "POST",
      "RequestHeaders": {
        "Accept": "application/json",
        "Accept-Encoding": "gzip, deflate",
        "Content-Length": "38",
        "Content-Type": "application/json",
        "DataServiceVersion": "3.0",
        "Date": "Tue, 07 May 2024 01:07:54 GMT",
        "User-Agent": "azsdk-python-data-tables/12.5.1 Python/3.12.3 (Windows-11-10.0.22621-SP0)",
        "X-HTTP-Method": "MERGE",
        "x-ms-date": "Tue, 07 May 2024 01:07:54 GMT",
        "x-ms-version": "2019-02-02"
      },
      "RequestBody": {
        "PartitionKey": "PK",
        "RowKey": "RK"
      },
      "StatusCode": 204,
      "ResponseHeaders": {
        "Content-Type": "application/json",
        "Date": "Tue, 07 May 2024 01:07:54 GMT",
        "ETag": "W/\"datetime'2024-05-07T01%3A07%3A55.0070791Z'\""
      },
      "ResponseBody": null
    },
    {
      "RequestUri": "https://fakeendpoint.table.cosmos.azure.com/uttable1728ea32fe(PartitionKey='PK',RowKey='RK')",
      "RequestMethod": "POST",
      "RequestHeaders": {
        "Accept": "application/json",
        "Accept-Encoding": "gzip, deflate",
        "Content-Length": "823",
        "Content-Type": "application/json",
        "DataServiceVersion": "3.0",
        "Date": "Tue, 07 May 2024 01:07:55 GMT",
        "If-Match": "*",
        "User-Agent": "azsdk-python-data-tables/12.5.1 Python/3.12.3 (Windows-11-10.0.22621-SP0)",
        "X-HTTP-Method": "MERGE",
        "x-ms-date": "Tue, 07 May 2024 01:07:55 GMT",
        "x-ms-version": "2019-02-02"
      },
      "RequestBody": {
        "PartitionKey": "PK",
        "PartitionKey@odata.type": "Edm.String",
        "RowKey": "RK",
        "RowKey@odata.type": "Edm.String",
        "Data1": "12345",
        "Data1@odata.type": "Edm.Int32",
        "Data2": "False",
        "Data2@odata.type": "Edm.Boolean",
        "Data3": "dGVzdGRhdGE=",
        "Data3@odata.type": "Edm.Binary",
        "Data4": "2022-04-01T09:30:45.000000Z",
        "Data4@odata.type": "Edm.DateTime",
        "Data5": "42c5258e-15b2-4224-99f5-e0de69de50da",
        "Data5@odata.type": "Edm.Guid",
        "Data6": "Foobar",
        "Data6@odata.type": "Edm.String",
        "Data7": "3.14",
        "Data7@odata.type": "Edm.Double",
        "Data8": "1152921504606846976",
        "Data8@odata.type": "Edm.Int64",
        "Data9": "dGVzdGRhdGE=",
        "Data9@odata.type": "Edm.Binary",
        "Data10": "2022-04-01T09:30:45.000000Z",
        "Data10@odata.type": "Edm.DateTime",
        "Data11": "42c5258e-15b2-4224-99f5-e0de69de50da",
        "Data11@odata.type": "Edm.Guid"
      },
      "StatusCode": 204,
      "ResponseHeaders": {
        "Content-Type": "application/json",
        "Date": "Tue, 07 May 2024 01:07:54 GMT",
        "ETag": "W/\"datetime'2024-05-07T01%3A07%3A55.0393351Z'\""
      },
      "ResponseBody": null
    },
    {
      "RequestUri": "https://fakeendpoint.table.cosmos.azure.com/uttable1728ea32fe(PartitionKey='PK',RowKey='RK')",
      "RequestMethod": "GET",
      "RequestHeaders": {
        "Accept": "application/json;odata=minimalmetadata",
        "Accept-Encoding": "gzip, deflate",
        "DataServiceVersion": "3.0",
        "Date": "Tue, 07 May 2024 01:07:55 GMT",
        "User-Agent": "azsdk-python-data-tables/12.5.1 Python/3.12.3 (Windows-11-10.0.22621-SP0)",
        "x-ms-date": "Tue, 07 May 2024 01:07:55 GMT",
        "x-ms-version": "2019-02-02"
      },
      "RequestBody": null,
      "StatusCode": 200,
      "ResponseHeaders": {
        "Content-Type": "application/json; odata=minimalmetadata",
        "Date": "Tue, 07 May 2024 01:07:55 GMT",
        "ETag": "W/\"datetime'2024-05-07T01%3A07%3A55.0393351Z'\"",
        "Transfer-Encoding": "chunked"
      },
      "ResponseBody": {
        "odata.metadata": "https://fakeendpoint.table.cosmos.azure.com/uttable1728ea32fe/$metadata#uttable1728ea32fe/@Element",
        "odata.etag": "W/\"datetime'2024-05-07T01%3A07%3A55.0393351Z'\"",
        "PartitionKey": "PK",
        "RowKey": "RK",
        "Data1": 12345,
        "Data2": false,
        "Data3@odata.type": "Edm.Binary",
        "Data3": "dGVzdGRhdGE=",
        "Data4@odata.type": "Edm.DateTime",
        "Data4": "2022-04-01T09:30:45.0000000Z",
        "Data5@odata.type": "Edm.Guid",
        "Data5": "42c5258e-15b2-4224-99f5-e0de69de50da",
        "Data6": "Foobar",
        "Data7": 3.14,
        "Data8@odata.type": "Edm.Int64",
        "Data8": "1152921504606846976",
        "Data9@odata.type": "Edm.Binary",
        "Data9": "dGVzdGRhdGE=",
        "Data10@odata.type": "Edm.DateTime",
        "Data10": "2022-04-01T09:30:45.0000000Z",
        "Data11@odata.type": "Edm.Guid",
        "Data11": "42c5258e-15b2-4224-99f5-e0de69de50da",
        "Timestamp": "2024-05-07T01:07:55.0393351Z"
      }
    },
    {
      "RequestUri": "https://fakeendpoint.table.cosmos.azure.com/uttable1728ea32fe(PartitionKey='PK',RowKey='RK')",
      "RequestMethod": "PUT",
      "RequestHeaders": {
        "Accept": "application/json",
        "Accept-Encoding": "gzip, deflate",
        "Content-Length": "823",
        "Content-Type": "application/json",
        "DataServiceVersion": "3.0",
        "Date": "Tue, 07 May 2024 01:07:55 GMT",
        "If-Match": "*",
        "User-Agent": "azsdk-python-data-tables/12.5.1 Python/3.12.3 (Windows-11-10.0.22621-SP0)",
        "x-ms-date": "Tue, 07 May 2024 01:07:55 GMT",
        "x-ms-version": "2019-02-02"
      },
      "RequestBody": {
        "PartitionKey": "PK",
        "PartitionKey@odata.type": "Edm.String",
        "RowKey": "RK",
        "RowKey@odata.type": "Edm.String",
        "Data1": "12345",
        "Data1@odata.type": "Edm.Int32",
        "Data2": "False",
        "Data2@odata.type": "Edm.Boolean",
        "Data3": "dGVzdGRhdGE=",
        "Data3@odata.type": "Edm.Binary",
        "Data4": "2022-04-01T09:30:45.000000Z",
        "Data4@odata.type": "Edm.DateTime",
        "Data5": "42c5258e-15b2-4224-99f5-e0de69de50da",
        "Data5@odata.type": "Edm.Guid",
        "Data6": "Foobar",
        "Data6@odata.type": "Edm.String",
        "Data7": "3.14",
        "Data7@odata.type": "Edm.Double",
        "Data8": "1152921504606846976",
        "Data8@odata.type": "Edm.Int64",
        "Data9": "dGVzdGRhdGE=",
        "Data9@odata.type": "Edm.Binary",
        "Data10": "2022-04-01T09:30:45.000000Z",
        "Data10@odata.type": "Edm.DateTime",
        "Data11": "42c5258e-15b2-4224-99f5-e0de69de50da",
        "Data11@odata.type": "Edm.Guid"
      },
      "StatusCode": 204,
      "ResponseHeaders": {
        "Content-Type": "application/json",
        "Date": "Tue, 07 May 2024 01:07:55 GMT",
        "ETag": "W/\"datetime'2024-05-07T01%3A07%3A55.1063047Z'\""
      },
      "ResponseBody": null
    },
    {
      "RequestUri": "https://fakeendpoint.table.cosmos.azure.com/uttable1728ea32fe(PartitionKey='PK',RowKey='RK')",
      "RequestMethod": "GET",
      "RequestHeaders": {
        "Accept": "application/json;odata=minimalmetadata",
        "Accept-Encoding": "gzip, deflate",
        "DataServiceVersion": "3.0",
        "Date": "Tue, 07 May 2024 01:07:55 GMT",
        "User-Agent": "azsdk-python-data-tables/12.5.1 Python/3.12.3 (Windows-11-10.0.22621-SP0)",
        "x-ms-date": "Tue, 07 May 2024 01:07:55 GMT",
        "x-ms-version": "2019-02-02"
      },
      "RequestBody": null,
      "StatusCode": 200,
      "ResponseHeaders": {
        "Content-Type": "application/json; odata=minimalmetadata",
        "Date": "Tue, 07 May 2024 01:07:55 GMT",
        "ETag": "W/\"datetime'2024-05-07T01%3A07%3A55.1063047Z'\"",
        "Transfer-Encoding": "chunked"
      },
      "ResponseBody": {
        "odata.metadata": "https://fakeendpoint.table.cosmos.azure.com/uttable1728ea32fe/$metadata#uttable1728ea32fe/@Element",
        "odata.etag": "W/\"datetime'2024-05-07T01%3A07%3A55.1063047Z'\"",
        "PartitionKey": "PK",
        "RowKey": "RK",
        "Data1": 12345,
        "Data2": false,
        "Data3@odata.type": "Edm.Binary",
        "Data3": "dGVzdGRhdGE=",
        "Data4@odata.type": "Edm.DateTime",
        "Data4": "2022-04-01T09:30:45.0000000Z",
        "Data5@odata.type": "Edm.Guid",
        "Data5": "42c5258e-15b2-4224-99f5-e0de69de50da",
        "Data6": "Foobar",
        "Data7": 3.14,
        "Data8@odata.type": "Edm.Int64",
        "Data8": "1152921504606846976",
        "Data9@odata.type": "Edm.Binary",
        "Data9": "dGVzdGRhdGE=",
        "Data10@odata.type": "Edm.DateTime",
        "Data10": "2022-04-01T09:30:45.0000000Z",
        "Data11@odata.type": "Edm.Guid",
        "Data11": "42c5258e-15b2-4224-99f5-e0de69de50da",
        "Timestamp": "2024-05-07T01:07:55.1063047Z"
      }
    },
    {
      "RequestUri": "https://fakeendpoint.table.cosmos.azure.com/Tables('uttable1728ea32fe')",
      "RequestMethod": "DELETE",
      "RequestHeaders": {
        "Accept": "application/json",
        "Accept-Encoding": "gzip, deflate",
        "Content-Length": "0",
        "Date": "Tue, 07 May 2024 01:07:55 GMT",
        "User-Agent": "azsdk-python-data-tables/12.5.1 Python/3.12.3 (Windows-11-10.0.22621-SP0)",
        "x-ms-date": "Tue, 07 May 2024 01:07:55 GMT",
        "x-ms-version": "2019-02-02"
      },
      "RequestBody": null,
      "StatusCode": 204,
      "ResponseHeaders": {
        "Content-Type": "application/json",
        "Date": "Tue, 07 May 2024 01:07:55 GMT"
      },
      "ResponseBody": null
    }
  ],
  "Variables": {
    "uuid": "42c5258e-15b2-4224-99f5-e0de69de50da"
  }
}
