{
  "Entries": [
    {
      "RequestUri": "https://Sanitized.table.cosmos.azure.com/Tables",
      "RequestMethod": "POST",
      "RequestHeaders": {
        "Accept": "application/json;odata=minimalmetadata",
        "Accept-Encoding": "gzip, deflate",
        "Connection": "keep-alive",
        "Content-Length": "34",
        "Content-Type": "application/json;odata=nometadata",
        "DataServiceVersion": "3.0",
        "Date": "Tue, 26 Nov 2024 16:52:11 GMT",
        "User-Agent": "azsdk-python-data-tables/12.6.0b1 Python/3.12.7 (Windows-11-10.0.22631-SP0)",
        "x-ms-date": "Tue, 26 Nov 2024 16:52:11 GMT",
        "x-ms-version": "2019-02-02"
      },
      "RequestBody": {
        "TableName": "uttable155a2433a0"
      },
      "StatusCode": 201,
      "ResponseHeaders": {
        "Content-Type": "application/json; odata=minimalmetadata",
        "Date": "Tue, 26 Nov 2024 16:52:11 GMT",
        "ETag": "W/\"datetime'2024-11-26T16%3A52%3A11.7462023Z'\"",
        "Location": "https://example.com",
        "Transfer-Encoding": "chunked"
      },
      "ResponseBody": {
        "TableName": "uttable155a2433a0",
        "odata.metadata": "https://fakeendpoint.table.cosmos.azure.com/$metadata#Tables/@Element"
      }
    },
    {
      "RequestUri": "https://Sanitized.table.cosmos.azure.com/uttable155a2433a0(PartitionKey='PK',RowKey='RK')",
      "RequestMethod": "POST",
      "RequestHeaders": {
        "Accept": "application/json",
        "Accept-Encoding": "gzip, deflate",
        "Connection": "keep-alive",
        "Content-Length": "38",
        "Content-Type": "application/json",
        "DataServiceVersion": "3.0",
        "Date": "Tue, 26 Nov 2024 16:52:11 GMT",
        "User-Agent": "azsdk-python-data-tables/12.6.0b1 Python/3.12.7 (Windows-11-10.0.22631-SP0)",
        "X-HTTP-Method": "MERGE",
        "x-ms-date": "Tue, 26 Nov 2024 16:52:11 GMT",
        "x-ms-version": "2019-02-02"
      },
      "RequestBody": {
        "PartitionKey": "PK",
        "RowKey": "RK"
      },
      "StatusCode": 204,
      "ResponseHeaders": {
        "Content-Type": "application/json",
        "Date": "Tue, 26 Nov 2024 16:52:11 GMT",
        "ETag": "W/\"datetime'2024-11-26T16%3A52%3A12.0439815Z'\""
      },
      "ResponseBody": null
    },
    {
      "RequestUri": "https://Sanitized.table.cosmos.azure.com/uttable155a2433a0(PartitionKey='PK',RowKey='RK')",
      "RequestMethod": "POST",
      "RequestHeaders": {
        "Accept": "application/json",
        "Accept-Encoding": "gzip, deflate",
        "Connection": "keep-alive",
        "Content-Length": "354",
        "Content-Type": "application/json",
        "DataServiceVersion": "3.0",
        "Date": "Tue, 26 Nov 2024 16:52:12 GMT",
        "If-Match": "*",
        "User-Agent": "azsdk-python-data-tables/12.6.0b1 Python/3.12.7 (Windows-11-10.0.22631-SP0)",
        "X-HTTP-Method": "MERGE",
        "x-ms-date": "Tue, 26 Nov 2024 16:52:12 GMT",
        "x-ms-version": "2019-02-02"
      },
      "RequestBody": {
        "PartitionKey": "PK",
        "RowKey": "RK",
        "Data1": 12345,
        "Data2": false,
        "Data3@odata.type": "Edm.Binary",
        "Data3": "dGVzdGRhdGE=",
        "Data4@odata.type": "Edm.DateTime",
        "Data4": "2022-04-01T09:30:45.000000Z",
        "Data5@odata.type": "Edm.Guid",
        "Data5": "da34c67e-2b85-4483-bf3a-20abc25b9e8a",
        "Data6": "Foobar",
        "Data7@odata.type": "Edm.Double",
        "Data7": 3.14
      },
      "StatusCode": 204,
      "ResponseHeaders": {
        "Content-Type": "application/json",
        "Date": "Tue, 26 Nov 2024 16:52:11 GMT",
        "ETag": "W/\"datetime'2024-11-26T16%3A52%3A12.0814599Z'\""
      },
      "ResponseBody": null
    },
    {
      "RequestUri": "https://Sanitized.table.cosmos.azure.com/uttable155a2433a0(PartitionKey='PK',RowKey='RK')",
      "RequestMethod": "GET",
      "RequestHeaders": {
        "Accept": "application/json;odata=minimalmetadata",
        "Accept-Encoding": "gzip, deflate",
        "Connection": "keep-alive",
        "DataServiceVersion": "3.0",
        "Date": "Tue, 26 Nov 2024 16:52:12 GMT",
        "User-Agent": "azsdk-python-data-tables/12.6.0b1 Python/3.12.7 (Windows-11-10.0.22631-SP0)",
        "x-ms-date": "Tue, 26 Nov 2024 16:52:12 GMT",
        "x-ms-version": "2019-02-02"
      },
      "RequestBody": null,
      "StatusCode": 200,
      "ResponseHeaders": {
        "Content-Type": "application/json; odata=minimalmetadata",
        "Date": "Tue, 26 Nov 2024 16:52:11 GMT",
        "ETag": "W/\"datetime'2024-11-26T16%3A52%3A12.0814599Z'\"",
        "Transfer-Encoding": "chunked"
      },
      "ResponseBody": {
        "odata.metadata": "https://fakeendpoint.table.cosmos.azure.com/uttable155a2433a0/$metadata#uttable155a2433a0/@Element",
        "odata.etag": "W/\"datetime'2024-11-26T16%3A52%3A12.0814599Z'\"",
        "PartitionKey": "PK",
        "RowKey": "RK",
        "Data1": 12345,
        "Data2": false,
        "Data3@odata.type": "Edm.Binary",
        "Data3": "dGVzdGRhdGE=",
        "Data4@odata.type": "Edm.DateTime",
        "Data4": "2022-04-01T09:30:45.0000000Z",
        "Data5@odata.type": "Edm.Guid",
        "Data5": "da34c67e-2b85-4483-bf3a-20abc25b9e8a",
        "Data6": "Foobar",
        "Data7": 3.14,
        "Timestamp": "2024-11-26T16:52:12.0814599Z"
      }
    },
    {
      "RequestUri": "https://Sanitized.table.cosmos.azure.com/uttable155a2433a0(PartitionKey='PK',RowKey='RK')",
      "RequestMethod": "PUT",
      "RequestHeaders": {
        "Accept": "application/json",
        "Accept-Encoding": "gzip, deflate",
        "Connection": "keep-alive",
        "Content-Length": "354",
        "Content-Type": "application/json",
        "DataServiceVersion": "3.0",
        "Date": "Tue, 26 Nov 2024 16:52:12 GMT",
        "If-Match": "*",
        "User-Agent": "azsdk-python-data-tables/12.6.0b1 Python/3.12.7 (Windows-11-10.0.22631-SP0)",
        "x-ms-date": "Tue, 26 Nov 2024 16:52:12 GMT",
        "x-ms-version": "2019-02-02"
      },
      "RequestBody": {
        "PartitionKey": "PK",
        "RowKey": "RK",
        "Data1": 12345,
        "Data2": false,
        "Data3@odata.type": "Edm.Binary",
        "Data3": "dGVzdGRhdGE=",
        "Data4@odata.type": "Edm.DateTime",
        "Data4": "2022-04-01T09:30:45.000000Z",
        "Data5@odata.type": "Edm.Guid",
        "Data5": "da34c67e-2b85-4483-bf3a-20abc25b9e8a",
        "Data6": "Foobar",
        "Data7@odata.type": "Edm.Double",
        "Data7": 3.14
      },
      "StatusCode": 204,
      "ResponseHeaders": {
        "Content-Type": "application/json",
        "Date": "Tue, 26 Nov 2024 16:52:11 GMT",
        "ETag": "W/\"datetime'2024-11-26T16%3A52%3A12.1574407Z'\""
      },
      "ResponseBody": null
    },
    {
      "RequestUri": "https://Sanitized.table.cosmos.azure.com/uttable155a2433a0(PartitionKey='PK',RowKey='RK')",
      "RequestMethod": "GET",
      "RequestHeaders": {
        "Accept": "application/json;odata=minimalmetadata",
        "Accept-Encoding": "gzip, deflate",
        "Connection": "keep-alive",
        "DataServiceVersion": "3.0",
        "Date": "Tue, 26 Nov 2024 16:52:12 GMT",
        "User-Agent": "azsdk-python-data-tables/12.6.0b1 Python/3.12.7 (Windows-11-10.0.22631-SP0)",
        "x-ms-date": "Tue, 26 Nov 2024 16:52:12 GMT",
        "x-ms-version": "2019-02-02"
      },
      "RequestBody": null,
      "StatusCode": 200,
      "ResponseHeaders": {
        "Content-Type": "application/json; odata=minimalmetadata",
        "Date": "Tue, 26 Nov 2024 16:52:11 GMT",
        "ETag": "W/\"datetime'2024-11-26T16%3A52%3A12.1574407Z'\"",
        "Transfer-Encoding": "chunked"
      },
      "ResponseBody": {
        "odata.metadata": "https://fakeendpoint.table.cosmos.azure.com/uttable155a2433a0/$metadata#uttable155a2433a0/@Element",
        "odata.etag": "W/\"datetime'2024-11-26T16%3A52%3A12.1574407Z'\"",
        "PartitionKey": "PK",
        "RowKey": "RK",
        "Data1": 12345,
        "Data2": false,
        "Data3@odata.type": "Edm.Binary",
        "Data3": "dGVzdGRhdGE=",
        "Data4@odata.type": "Edm.DateTime",
        "Data4": "2022-04-01T09:30:45.0000000Z",
        "Data5@odata.type": "Edm.Guid",
        "Data5": "da34c67e-2b85-4483-bf3a-20abc25b9e8a",
        "Data6": "Foobar",
        "Data7": 3.14,
        "Timestamp": "2024-11-26T16:52:12.1574407Z"
      }
    },
    {
      "RequestUri": "https://Sanitized.table.cosmos.azure.com/Tables('uttable155a2433a0')",
      "RequestMethod": "DELETE",
      "RequestHeaders": {
        "Accept": "application/json",
        "Accept-Encoding": "gzip, deflate",
        "Connection": "keep-alive",
        "Content-Length": "0",
        "Date": "Tue, 26 Nov 2024 16:52:12 GMT",
        "User-Agent": "azsdk-python-data-tables/12.6.0b1 Python/3.12.7 (Windows-11-10.0.22631-SP0)",
        "x-ms-date": "Tue, 26 Nov 2024 16:52:12 GMT",
        "x-ms-version": "2019-02-02"
      },
      "RequestBody": null,
      "StatusCode": 204,
      "ResponseHeaders": {
        "Content-Type": "application/json",
        "Date": "Tue, 26 Nov 2024 16:52:11 GMT"
      },
      "ResponseBody": null
    }
  ],
  "Variables": {
    "uuid": "da34c67e-2b85-4483-bf3a-20abc25b9e8a"
  }
}
