{
  "Entries": [
    {
      "RequestUri": "https://fakeendpoint.table.cosmos.azure.com/Tables",
      "RequestMethod": "POST",
      "RequestHeaders": {
        "Accept": "application/json;odata=minimalmetadata",
        "Accept-Encoding": "gzip, deflate",
        "Connection": "keep-alive",
        "Content-Length": "32",
        "Content-Type": "application/json;odata=nometadata",
        "DataServiceVersion": "3.0",
        "Date": "Thu, 02 May 2024 22:46:26 GMT",
        "User-Agent": "azsdk-python-data-tables/12.5.1 Python/3.8.10 (Windows-10-10.0.22621-SP0)",
        "x-ms-date": "Thu, 02 May 2024 22:46:26 GMT",
        "x-ms-version": "2019-02-02"
      },
      "RequestBody": {
        "TableName": "uttable43ad2f3f"
      },
      "StatusCode": 201,
      "ResponseHeaders": {
        "Content-Type": "application/json; odata=minimalmetadata",
        "Date": "Thu, 02 May 2024 22:46:26 GMT",
        "ETag": "W/\"datetime'2024-05-02T22%3A46%3A27.0023687Z'\"",
        "Location": "https://fakeendpoint.table.cosmos.azure.com/Tables('uttable43ad2f3f')",
        "Transfer-Encoding": "chunked"
      },
      "ResponseBody": {
        "TableName": "uttable43ad2f3f",
        "odata.metadata": "https://fakeendpoint.table.cosmos.azure.com/$metadata#Tables/@Element"
      }
    },
    {
      "RequestUri": "https://fakeendpoint.table.cosmos.azure.com/uttable43ad2f3f",
      "RequestMethod": "POST",
      "RequestHeaders": {
        "Accept": "application/json;odata=minimalmetadata",
        "Accept-Encoding": "gzip, deflate",
        "Connection": "keep-alive",
        "Content-Length": "654",
        "Content-Type": "application/json;odata=nometadata",
        "DataServiceVersion": "3.0",
        "Date": "Thu, 02 May 2024 22:46:27 GMT",
        "User-Agent": "azsdk-python-data-tables/12.5.1 Python/3.8.10 (Windows-10-10.0.22621-SP0)",
        "x-ms-date": "Thu, 02 May 2024 22:46:27 GMT",
        "x-ms-version": "2019-02-02"
      },
      "RequestBody": {
        "PartitionKey": "pk43ad2f3f",
        "RowKey": "rk43ad2f3f",
        "age": 39,
        "sex": "male",
        "married": true,
        "deceased": false,
        "optional": null,
        "ratio@odata.type": "Edm.Double",
        "ratio": 3.1,
        "evenratio@odata.type": "Edm.Double",
        "evenratio": 3.0,
        "double@odata.type": "Edm.Double",
        "double": 5,
        "large": 933311100,
        "Birthday@odata.type": "Edm.DateTime",
        "Birthday": "1973-10-04T00:00:00.000000Z",
        "birthday@odata.type": "Edm.DateTime",
        "birthday": "1970-10-04T00:00:00.000000Z",
        "binary@odata.type": "Edm.Binary",
        "binary": "YmluYXJ5",
        "other@odata.type": "Edm.Int32",
        "other": 20,
        "clsid@odata.type": "Edm.Guid",
        "clsid": "c9da6455-213d-42c9-9a79-3e9149a57833"
      },
      "StatusCode": 201,
      "ResponseHeaders": {
        "Content-Type": "application/json; odata=minimalmetadata",
        "Date": "Thu, 02 May 2024 22:46:26 GMT",
        "ETag": "W/\"datetime'2024-05-02T22%3A46%3A27.2436231Z'\"",
        "Location": "https://fakeendpoint.table.cosmos.azure.com/uttable43ad2f3f(PartitionKey='pk43ad2f3f',RowKey='rk43ad2f3f')",
        "Transfer-Encoding": "chunked"
      },
      "ResponseBody": {
        "odata.metadata": "https://fakeendpoint.table.cosmos.azure.com/uttable43ad2f3f/$metadata#uttable43ad2f3f/@Element",
        "odata.etag": "W/\"datetime'2024-05-02T22%3A46%3A27.2436231Z'\"",
        "PartitionKey": "pk43ad2f3f",
        "RowKey": "rk43ad2f3f",
        "age": 39,
        "sex": "male",
        "married": true,
        "deceased": false,
        "ratio": 3.1,
        "evenratio": 3.0,
        "double": 5.0,
        "large": 933311100,
        "Birthday@odata.type": "Edm.DateTime",
        "Birthday": "1973-10-04T00:00:00.0000000Z",
        "birthday@odata.type": "Edm.DateTime",
        "birthday": "1970-10-04T00:00:00.0000000Z",
        "binary@odata.type": "Edm.Binary",
        "binary": "YmluYXJ5",
        "other": 20,
        "clsid@odata.type": "Edm.Guid",
        "clsid": "c9da6455-213d-42c9-9a79-3e9149a57833",
        "Timestamp": "2024-05-02T22:46:27.2436231Z"
      }
    },
    {
      "RequestUri": "https://fakeendpoint.table.cosmos.azure.com/uttable43ad2f3f",
      "RequestMethod": "POST",
      "RequestHeaders": {
        "Accept": "application/json;odata=minimalmetadata",
        "Accept-Encoding": "gzip, deflate",
        "Connection": "keep-alive",
        "Content-Length": "654",
        "Content-Type": "application/json;odata=nometadata",
        "DataServiceVersion": "3.0",
        "Date": "Thu, 02 May 2024 22:46:27 GMT",
        "User-Agent": "azsdk-python-data-tables/12.5.1 Python/3.8.10 (Windows-10-10.0.22621-SP0)",
        "x-ms-date": "Thu, 02 May 2024 22:46:27 GMT",
        "x-ms-version": "2019-02-02"
      },
      "RequestBody": {
        "PartitionKey": "pk43ad2f3f",
        "RowKey": "rk43ad2f3f",
        "age": 39,
        "sex": "male",
        "married": true,
        "deceased": false,
        "optional": null,
        "ratio@odata.type": "Edm.Double",
        "ratio": 3.1,
        "evenratio@odata.type": "Edm.Double",
        "evenratio": 3.0,
        "double@odata.type": "Edm.Double",
        "double": 5,
        "large": 933311100,
        "Birthday@odata.type": "Edm.DateTime",
        "Birthday": "1973-10-04T00:00:00.000000Z",
        "birthday@odata.type": "Edm.DateTime",
        "birthday": "1970-10-04T00:00:00.000000Z",
        "binary@odata.type": "Edm.Binary",
        "binary": "YmluYXJ5",
        "other@odata.type": "Edm.Int32",
        "other": 20,
        "clsid@odata.type": "Edm.Guid",
        "clsid": "c9da6455-213d-42c9-9a79-3e9149a57833"
      },
      "StatusCode": 409,
      "ResponseHeaders": {
        "Content-Type": "application/json; odata=minimalmetadata",
        "Date": "Thu, 02 May 2024 22:46:26 GMT",
        "Transfer-Encoding": "chunked"
      },
      "ResponseBody": {
        "odata.error": {
          "code": "EntityAlreadyExists",
          "message": {
            "lang": "en-us",
            "value": "The specified entity already exists.\nRequestID:1d4ab2ca-62c2-42a4-afe9-f3ce7c9fbe0f\n"
          }
        }
      }
    },
    {
      "RequestUri": "https://fakeendpoint.table.cosmos.azure.com/Tables",
      "RequestMethod": "GET",
      "RequestHeaders": {
        "Accept": "application/json;odata=minimalmetadata",
        "Accept-Encoding": "gzip, deflate",
        "Connection": "keep-alive",
        "DataServiceVersion": "3.0",
        "Date": "Thu, 02 May 2024 22:46:27 GMT",
        "User-Agent": "azsdk-python-data-tables/12.5.1 Python/3.8.10 (Windows-10-10.0.22621-SP0)",
        "x-ms-date": "Thu, 02 May 2024 22:46:27 GMT",
        "x-ms-version": "2019-02-02"
      },
      "RequestBody": null,
      "StatusCode": 200,
      "ResponseHeaders": {
        "Content-Type": "application/json; odata=minimalmetadata",
        "Date": "Thu, 02 May 2024 22:46:26 GMT",
        "Transfer-Encoding": "chunked"
      },
      "ResponseBody": {
        "value": [
          {
            "TableName": "uttable43ad2f3f"
          }
        ],
        "odata.metadata": "https://fakeendpoint.table.cosmos.azure.com/$metadata#Tables"
      }
    },
    {
      "RequestUri": "https://fakeendpoint.table.cosmos.azure.com/Tables('uttable43ad2f3f')",
      "RequestMethod": "DELETE",
      "RequestHeaders": {
        "Accept": "application/json",
        "Accept-Encoding": "gzip, deflate",
        "Connection": "keep-alive",
        "Content-Length": "0",
        "Date": "Thu, 02 May 2024 22:46:27 GMT",
        "User-Agent": "azsdk-python-data-tables/12.5.1 Python/3.8.10 (Windows-10-10.0.22621-SP0)",
        "x-ms-date": "Thu, 02 May 2024 22:46:27 GMT",
        "x-ms-version": "2019-02-02"
      },
      "RequestBody": null,
      "StatusCode": 204,
      "ResponseHeaders": {
        "Content-Type": "application/json",
        "Date": "Thu, 02 May 2024 22:46:26 GMT"
      },
      "ResponseBody": null
    }
  ],
  "Variables": {}
}
