{
  "Entries": [
    {
      "RequestUri": "https://fakeendpoint.table.core.windows.net/Tables",
      "RequestMethod": "POST",
      "RequestHeaders": {
        "Accept": "application/json;odata=minimalmetadata",
        "Accept-Encoding": "gzip, deflate",
        "Connection": "keep-alive",
        "Content-Length": "34",
        "Content-Type": "application/json;odata=nometadata",
        "DataServiceVersion": "3.0",
        "Date": "Tue, 31 Oct 2023 17:46:58 GMT",
        "User-Agent": "azsdk-python-data-tables/12.4.5 Python/3.11.4 (Windows-10-10.0.22621-SP0)",
        "x-ms-date": "Tue, 31 Oct 2023 17:46:58 GMT",
        "x-ms-version": "2019-02-02"
      },
      "RequestBody": {
        "TableName": "uttable042ccc2a60"
      },
      "StatusCode": 201,
      "ResponseHeaders": {
        "Cache-Control": "no-cache",
        "Content-Type": "application/json; odata=minimalmetadata; streaming=true; charset=utf-8",
        "Date": "Tue, 31 Oct 2023 17:46:57 GMT",
        "Location": "https://fakeendpoint.table.core.windows.net/Tables(\u0027uttable042ccc2a60\u0027)",
        "Server": [
          "Windows-Azure-Table/1.0",
          "Microsoft-HTTPAPI/2.0"
        ],
        "Transfer-Encoding": "chunked",
        "X-Content-Type-Options": "nosniff",
        "x-ms-version": "2019-02-02"
      },
      "ResponseBody": {
        "odata.metadata": "https://fakeendpoint.table.core.windows.net/$metadata#Tables/@Element",
        "TableName": "uttable042ccc2a60"
      }
    },
    {
      "RequestUri": "https://fakeendpoint.table.core.windows.net/uttable042ccc2a60",
      "RequestMethod": "POST",
      "RequestHeaders": {
        "Accept": "application/json;odata=minimalmetadata",
        "Accept-Encoding": "gzip, deflate",
        "Connection": "keep-alive",
        "Content-Length": "599",
        "Content-Type": "application/json;odata=nometadata",
        "DataServiceVersion": "3.0",
        "Date": "Tue, 31 Oct 2023 17:46:58 GMT",
        "User-Agent": "azsdk-python-data-tables/12.4.5 Python/3.11.4 (Windows-10-10.0.22621-SP0)",
        "x-ms-date": "Tue, 31 Oct 2023 17:46:58 GMT",
        "x-ms-version": "2019-02-02"
      },
      "RequestBody": {
        "PartitionKey": "PK1",
        "PartitionKey@odata.type": "Edm.String",
        "RowKey": "RK1",
        "RowKey@odata.type": "Edm.String",
        "Data1": 12345,
        "Data1@odata.type": "Edm.Int32",
        "Data2": false,
        "Data2@odata.type": "Edm.Boolean",
        "Data3": "dGVzdGRhdGE=",
        "Data3@odata.type": "Edm.Binary",
        "Data4": "2022-04-01T09:30:45.000000Z",
        "Data4@odata.type": "Edm.DateTime",
        "Data5": "ff8df1e6-a775-412d-b4f6-3759b160576f",
        "Data5@odata.type": "Edm.Guid",
        "Data6": "Foobar",
        "Data6@odata.type": "Edm.String",
        "Data7": 3.14,
        "Data7@odata.type": "Edm.Double",
        "Data8": "1152921504606846976",
        "Data8@odata.type": "Edm.Int64"
      },
      "StatusCode": 201,
      "ResponseHeaders": {
        "Cache-Control": "no-cache",
        "Content-Type": "application/json; odata=minimalmetadata; streaming=true; charset=utf-8",
        "Date": "Tue, 31 Oct 2023 17:46:57 GMT",
        "ETag": "W/\u0022datetime\u00272023-10-31T17%3A46%3A58.0705009Z\u0027\u0022",
        "Location": "https://fakeendpoint.table.core.windows.net/uttable042ccc2a60(PartitionKey=\u0027PK1\u0027,RowKey=\u0027RK1\u0027)",
        "Server": [
          "Windows-Azure-Table/1.0",
          "Microsoft-HTTPAPI/2.0"
        ],
        "Transfer-Encoding": "chunked",
        "X-Content-Type-Options": "nosniff",
        "x-ms-version": "2019-02-02"
      },
      "ResponseBody": {
        "odata.metadata": "https://fakeendpoint.table.core.windows.net/$metadata#uttable042ccc2a60/@Element",
        "odata.etag": "W/\u0022datetime\u00272023-10-31T17%3A46%3A58.0705009Z\u0027\u0022",
        "PartitionKey": "PK1",
        "RowKey": "RK1",
        "Timestamp": "2023-10-31T17:46:58.0705009Z",
        "Data1": 12345,
        "Data2": false,
        "Data3@odata.type": "Edm.Binary",
        "Data3": "dGVzdGRhdGE=",
        "Data4@odata.type": "Edm.DateTime",
        "Data4": "2022-04-01T09:30:45Z",
        "Data5@odata.type": "Edm.Guid",
        "Data5": "ff8df1e6-a775-412d-b4f6-3759b160576f",
        "Data6": "Foobar",
        "Data7": 3.14,
        "Data8@odata.type": "Edm.Int64",
        "Data8": "1152921504606846976"
      }
    },
    {
      "RequestUri": "https://fakeendpoint.table.core.windows.net/uttable042ccc2a60(PartitionKey=\u0027PK1\u0027,RowKey=\u0027RK1\u0027)",
      "RequestMethod": "GET",
      "RequestHeaders": {
        "Accept": "application/json;odata=minimalmetadata",
        "Accept-Encoding": "gzip, deflate",
        "Connection": "keep-alive",
        "DataServiceVersion": "3.0",
        "Date": "Tue, 31 Oct 2023 17:46:58 GMT",
        "User-Agent": "azsdk-python-data-tables/12.4.5 Python/3.11.4 (Windows-10-10.0.22621-SP0)",
        "x-ms-date": "Tue, 31 Oct 2023 17:46:58 GMT",
        "x-ms-version": "2019-02-02"
      },
      "RequestBody": null,
      "StatusCode": 200,
      "ResponseHeaders": {
        "Cache-Control": "no-cache",
        "Content-Type": "application/json; odata=minimalmetadata; streaming=true; charset=utf-8",
        "Date": "Tue, 31 Oct 2023 17:46:57 GMT",
        "ETag": "W/\u0022datetime\u00272023-10-31T17%3A46%3A58.0705009Z\u0027\u0022",
        "Server": [
          "Windows-Azure-Table/1.0",
          "Microsoft-HTTPAPI/2.0"
        ],
        "Transfer-Encoding": "chunked",
        "X-Content-Type-Options": "nosniff",
        "x-ms-version": "2019-02-02"
      },
      "ResponseBody": {
        "odata.metadata": "https://fakeendpoint.table.core.windows.net/$metadata#uttable042ccc2a60/@Element",
        "odata.etag": "W/\u0022datetime\u00272023-10-31T17%3A46%3A58.0705009Z\u0027\u0022",
        "PartitionKey": "PK1",
        "RowKey": "RK1",
        "Timestamp": "2023-10-31T17:46:58.0705009Z",
        "Data1": 12345,
        "Data2": false,
        "Data3@odata.type": "Edm.Binary",
        "Data3": "dGVzdGRhdGE=",
        "Data4@odata.type": "Edm.DateTime",
        "Data4": "2022-04-01T09:30:45Z",
        "Data5@odata.type": "Edm.Guid",
        "Data5": "ff8df1e6-a775-412d-b4f6-3759b160576f",
        "Data6": "Foobar",
        "Data7": 3.14,
        "Data8@odata.type": "Edm.Int64",
        "Data8": "1152921504606846976"
      }
    },
    {
      "RequestUri": "https://fakeendpoint.table.core.windows.net/uttable042ccc2a60",
      "RequestMethod": "POST",
      "RequestHeaders": {
        "Accept": "application/json;odata=minimalmetadata",
        "Accept-Encoding": "gzip, deflate",
        "Connection": "keep-alive",
        "Content-Length": "491",
        "Content-Type": "application/json;odata=nometadata",
        "DataServiceVersion": "3.0",
        "Date": "Tue, 31 Oct 2023 17:46:58 GMT",
        "User-Agent": "azsdk-python-data-tables/12.4.5 Python/3.11.4 (Windows-10-10.0.22621-SP0)",
        "x-ms-date": "Tue, 31 Oct 2023 17:46:58 GMT",
        "x-ms-version": "2019-02-02"
      },
      "RequestBody": {
        "PartitionKey": "PK2",
        "PartitionKey@odata.type": "Edm.String",
        "RowKey": "RK2",
        "RowKey@odata.type": "Edm.String",
        "Data1": 12345,
        "Data1@odata.type": "Edm.Int32",
        "Data2": "False",
        "Data2@odata.type": "Edm.Boolean",
        "Data4": "2022-04-01T09:30:45.000000Z",
        "Data4@odata.type": "Edm.DateTime",
        "Data5": "9b8fbe91-a1d8-46bb-99b6-09e1a6afd9cf",
        "Data5@odata.type": "Edm.Guid",
        "Data7": "3.14",
        "Data7@odata.type": "Edm.Double",
        "Data8": "9223372036854775807",
        "Data8@odata.type": "Edm.Int64"
      },
      "StatusCode": 201,
      "ResponseHeaders": {
        "Cache-Control": "no-cache",
        "Content-Type": "application/json; odata=minimalmetadata; streaming=true; charset=utf-8",
        "Date": "Tue, 31 Oct 2023 17:46:57 GMT",
        "ETag": "W/\u0022datetime\u00272023-10-31T17%3A46%3A58.1304671Z\u0027\u0022",
        "Location": "https://fakeendpoint.table.core.windows.net/uttable042ccc2a60(PartitionKey=\u0027PK2\u0027,RowKey=\u0027RK2\u0027)",
        "Server": [
          "Windows-Azure-Table/1.0",
          "Microsoft-HTTPAPI/2.0"
        ],
        "Transfer-Encoding": "chunked",
        "X-Content-Type-Options": "nosniff",
        "x-ms-version": "2019-02-02"
      },
      "ResponseBody": {
        "odata.metadata": "https://fakeendpoint.table.core.windows.net/$metadata#uttable042ccc2a60/@Element",
        "odata.etag": "W/\u0022datetime\u00272023-10-31T17%3A46%3A58.1304671Z\u0027\u0022",
        "PartitionKey": "PK2",
        "RowKey": "RK2",
        "Timestamp": "2023-10-31T17:46:58.1304671Z",
        "Data1": 12345,
        "Data2": false,
        "Data4@odata.type": "Edm.DateTime",
        "Data4": "2022-04-01T09:30:45Z",
        "Data5@odata.type": "Edm.Guid",
        "Data5": "9b8fbe91-a1d8-46bb-99b6-09e1a6afd9cf",
        "Data7": 3.14,
        "Data8@odata.type": "Edm.Int64",
        "Data8": "9223372036854775807"
      }
    },
    {
      "RequestUri": "https://fakeendpoint.table.core.windows.net/uttable042ccc2a60(PartitionKey=\u0027PK2\u0027,RowKey=\u0027RK2\u0027)",
      "RequestMethod": "GET",
      "RequestHeaders": {
        "Accept": "application/json;odata=minimalmetadata",
        "Accept-Encoding": "gzip, deflate",
        "Connection": "keep-alive",
        "DataServiceVersion": "3.0",
        "Date": "Tue, 31 Oct 2023 17:46:58 GMT",
        "User-Agent": "azsdk-python-data-tables/12.4.5 Python/3.11.4 (Windows-10-10.0.22621-SP0)",
        "x-ms-date": "Tue, 31 Oct 2023 17:46:58 GMT",
        "x-ms-version": "2019-02-02"
      },
      "RequestBody": null,
      "StatusCode": 200,
      "ResponseHeaders": {
        "Cache-Control": "no-cache",
        "Content-Type": "application/json; odata=minimalmetadata; streaming=true; charset=utf-8",
        "Date": "Tue, 31 Oct 2023 17:46:57 GMT",
        "ETag": "W/\u0022datetime\u00272023-10-31T17%3A46%3A58.1304671Z\u0027\u0022",
        "Server": [
          "Windows-Azure-Table/1.0",
          "Microsoft-HTTPAPI/2.0"
        ],
        "Transfer-Encoding": "chunked",
        "X-Content-Type-Options": "nosniff",
        "x-ms-version": "2019-02-02"
      },
      "ResponseBody": {
        "odata.metadata": "https://fakeendpoint.table.core.windows.net/$metadata#uttable042ccc2a60/@Element",
        "odata.etag": "W/\u0022datetime\u00272023-10-31T17%3A46%3A58.1304671Z\u0027\u0022",
        "PartitionKey": "PK2",
        "RowKey": "RK2",
        "Timestamp": "2023-10-31T17:46:58.1304671Z",
        "Data1": 12345,
        "Data2": false,
        "Data4@odata.type": "Edm.DateTime",
        "Data4": "2022-04-01T09:30:45Z",
        "Data5@odata.type": "Edm.Guid",
        "Data5": "9b8fbe91-a1d8-46bb-99b6-09e1a6afd9cf",
        "Data7": 3.14,
        "Data8@odata.type": "Edm.Int64",
        "Data8": "9223372036854775807"
      }
    },
    {
      "RequestUri": "https://fakeendpoint.table.core.windows.net/Tables(\u0027uttable042ccc2a60\u0027)",
      "RequestMethod": "DELETE",
      "RequestHeaders": {
        "Accept": "application/json",
        "Accept-Encoding": "gzip, deflate",
        "Connection": "keep-alive",
        "Content-Length": "0",
        "Date": "Tue, 31 Oct 2023 17:46:58 GMT",
        "User-Agent": "azsdk-python-data-tables/12.4.5 Python/3.11.4 (Windows-10-10.0.22621-SP0)",
        "x-ms-date": "Tue, 31 Oct 2023 17:46:58 GMT",
        "x-ms-version": "2019-02-02"
      },
      "RequestBody": null,
      "StatusCode": 204,
      "ResponseHeaders": {
        "Cache-Control": "no-cache",
        "Content-Length": "0",
        "Date": "Tue, 31 Oct 2023 17:46:57 GMT",
        "Server": [
          "Windows-Azure-Table/1.0",
          "Microsoft-HTTPAPI/2.0"
        ],
        "X-Content-Type-Options": "nosniff",
        "x-ms-version": "2019-02-02"
      },
      "ResponseBody": null
    }
  ],
  "Variables": {
    "uuid": "ff8df1e6-a775-412d-b4f6-3759b160576f"
  }
}
