{
  "Entries": [
    {
      "RequestUri": "https://fakeendpoint.table.core.windows.net/Tables",
      "RequestMethod": "POST",
      "RequestHeaders": {
        "Accept": "application/json;odata=minimalmetadata",
        "Accept-Encoding": "gzip, deflate",
        "Connection": "keep-alive",
        "Content-Length": "34",
        "Content-Type": "application/json;odata=nometadata",
        "DataServiceVersion": "3.0",
        "Date": "Fri, 03 May 2024 01:30:11 GMT",
        "User-Agent": "azsdk-python-data-tables/12.5.1 Python/3.8.10 (Windows-10-10.0.22621-SP0)",
        "x-ms-date": "Fri, 03 May 2024 01:30:11 GMT",
        "x-ms-version": "2019-02-02"
      },
      "RequestBody": {
        "TableName": "uttable06c2c22e09"
      },
      "StatusCode": 201,
      "ResponseHeaders": {
        "Cache-Control": "no-cache",
        "Content-Type": "application/json; odata=minimalmetadata; streaming=true; charset=utf-8",
        "Date": "Fri, 03 May 2024 01:30:11 GMT",
        "Location": "https://fakeendpoint.table.core.windows.net/Tables('uttable06c2c22e09')",
        "Server": [
          "Windows-Azure-Table/1.0",
          "Microsoft-HTTPAPI/2.0"
        ],
        "Transfer-Encoding": "chunked",
        "X-Content-Type-Options": "nosniff",
        "x-ms-version": "2019-02-02"
      },
      "ResponseBody": {
        "odata.metadata": "https://fakeendpoint.table.core.windows.net/$metadata#Tables/@Element",
        "TableName": "uttable06c2c22e09"
      }
    },
    {
      "RequestUri": "https://fakeendpoint.table.core.windows.net/uttable06c2c22e09",
      "RequestMethod": "POST",
      "RequestHeaders": {
        "Accept": "application/json;odata=minimalmetadata",
        "Accept-Encoding": "gzip, deflate",
        "Connection": "keep-alive",
        "Content-Length": "72",
        "Content-Type": "application/json;odata=nometadata",
        "DataServiceVersion": "3.0",
        "Date": "Fri, 03 May 2024 01:30:11 GMT",
        "User-Agent": "azsdk-python-data-tables/12.5.1 Python/3.8.10 (Windows-10-10.0.22621-SP0)",
        "x-ms-date": "Fri, 03 May 2024 01:30:11 GMT",
        "x-ms-version": "2019-02-02"
      },
      "RequestBody": {
        "PartitionKey": "PK",
        "RowKey": "你好",
        "Data": "你好"
      },
      "StatusCode": 201,
      "ResponseHeaders": {
        "Cache-Control": "no-cache",
        "Content-Type": "application/json; odata=minimalmetadata; streaming=true; charset=utf-8",
        "Date": "Fri, 03 May 2024 01:30:11 GMT",
        "ETag": "W/\"datetime'2024-05-03T01%3A30%3A12.2699383Z'\"",
        "Location": "https://fakeendpoint.table.core.windows.net/uttable06c2c22e09(PartitionKey='PK',RowKey='%E4%BD%A0%E5%A5%BD')",
        "Server": [
          "Windows-Azure-Table/1.0",
          "Microsoft-HTTPAPI/2.0"
        ],
        "Transfer-Encoding": "chunked",
        "X-Content-Type-Options": "nosniff",
        "x-ms-version": "2019-02-02"
      },
      "ResponseBody": {
        "odata.metadata": "https://fakeendpoint.table.core.windows.net/$metadata#uttable06c2c22e09/@Element",
        "odata.etag": "W/\"datetime'2024-05-03T01%3A30%3A12.2699383Z'\"",
        "PartitionKey": "PK",
        "RowKey": "你好",
        "Timestamp": "2024-05-03T01:30:12.2699383Z",
        "Data": "你好"
      }
    },
    {
      "RequestUri": "https://fakeendpoint.table.core.windows.net/uttable06c2c22e09(PartitionKey='PK',RowKey='%E4%BD%A0%E5%A5%BD')",
      "RequestMethod": "GET",
      "RequestHeaders": {
        "Accept": "application/json;odata=minimalmetadata",
        "Accept-Encoding": "gzip, deflate",
        "Connection": "keep-alive",
        "DataServiceVersion": "3.0",
        "Date": "Fri, 03 May 2024 01:30:11 GMT",
        "User-Agent": "azsdk-python-data-tables/12.5.1 Python/3.8.10 (Windows-10-10.0.22621-SP0)",
        "x-ms-date": "Fri, 03 May 2024 01:30:11 GMT",
        "x-ms-version": "2019-02-02"
      },
      "RequestBody": null,
      "StatusCode": 200,
      "ResponseHeaders": {
        "Cache-Control": "no-cache",
        "Content-Type": "application/json; odata=minimalmetadata; streaming=true; charset=utf-8",
        "Date": "Fri, 03 May 2024 01:30:11 GMT",
        "ETag": "W/\"datetime'2024-05-03T01%3A30%3A12.2699383Z'\"",
        "Server": [
          "Windows-Azure-Table/1.0",
          "Microsoft-HTTPAPI/2.0"
        ],
        "Transfer-Encoding": "chunked",
        "X-Content-Type-Options": "nosniff",
        "x-ms-version": "2019-02-02"
      },
      "ResponseBody": {
        "odata.metadata": "https://fakeendpoint.table.core.windows.net/$metadata#uttable06c2c22e09/@Element",
        "odata.etag": "W/\"datetime'2024-05-03T01%3A30%3A12.2699383Z'\"",
        "PartitionKey": "PK",
        "RowKey": "你好",
        "Timestamp": "2024-05-03T01:30:12.2699383Z",
        "Data": "你好"
      }
    },
    {
      "RequestUri": "https://fakeendpoint.table.core.windows.net/uttable06c2c22e09",
      "RequestMethod": "POST",
      "RequestHeaders": {
        "Accept": "application/json;odata=minimalmetadata",
        "Accept-Encoding": "gzip, deflate",
        "Connection": "keep-alive",
        "Content-Length": "72",
        "Content-Type": "application/json;odata=nometadata",
        "DataServiceVersion": "3.0",
        "Date": "Fri, 03 May 2024 01:30:11 GMT",
        "User-Agent": "azsdk-python-data-tables/12.5.1 Python/3.8.10 (Windows-10-10.0.22621-SP0)",
        "x-ms-date": "Fri, 03 May 2024 01:30:11 GMT",
        "x-ms-version": "2019-02-02"
      },
      "RequestBody": {
        "PartitionKey": "PK1",
        "RowKey": "RK1",
        "Data": 9223372036854775808000
      },
      "StatusCode": 201,
      "ResponseHeaders": {
        "Cache-Control": "no-cache",
        "Content-Type": "application/json; odata=minimalmetadata; streaming=true; charset=utf-8",
        "Date": "Fri, 03 May 2024 01:30:11 GMT",
        "ETag": "W/\"datetime'2024-05-03T01%3A30%3A12.3306709Z'\"",
        "Location": "https://fakeendpoint.table.core.windows.net/uttable06c2c22e09(PartitionKey='PK1',RowKey='RK1')",
        "Server": [
          "Windows-Azure-Table/1.0",
          "Microsoft-HTTPAPI/2.0"
        ],
        "Transfer-Encoding": "chunked",
        "X-Content-Type-Options": "nosniff",
        "x-ms-version": "2019-02-02"
      },
      "ResponseBody": {
        "odata.metadata": "https://fakeendpoint.table.core.windows.net/$metadata#uttable06c2c22e09/@Element",
        "odata.etag": "W/\"datetime'2024-05-03T01%3A30%3A12.3306709Z'\"",
        "PartitionKey": "PK1",
        "RowKey": "RK1",
        "Timestamp": "2024-05-03T01:30:12.3306709Z",
        "Data": 9.2233720368547758E+21
      }
    },
    {
      "RequestUri": "https://fakeendpoint.table.core.windows.net/uttable06c2c22e09(PartitionKey='PK1',RowKey='RK1')",
      "RequestMethod": "GET",
      "RequestHeaders": {
        "Accept": "application/json;odata=minimalmetadata",
        "Accept-Encoding": "gzip, deflate",
        "Connection": "keep-alive",
        "DataServiceVersion": "3.0",
        "Date": "Fri, 03 May 2024 01:30:12 GMT",
        "User-Agent": "azsdk-python-data-tables/12.5.1 Python/3.8.10 (Windows-10-10.0.22621-SP0)",
        "x-ms-date": "Fri, 03 May 2024 01:30:12 GMT",
        "x-ms-version": "2019-02-02"
      },
      "RequestBody": null,
      "StatusCode": 200,
      "ResponseHeaders": {
        "Cache-Control": "no-cache",
        "Content-Type": "application/json; odata=minimalmetadata; streaming=true; charset=utf-8",
        "Date": "Fri, 03 May 2024 01:30:11 GMT",
        "ETag": "W/\"datetime'2024-05-03T01%3A30%3A12.3306709Z'\"",
        "Server": [
          "Windows-Azure-Table/1.0",
          "Microsoft-HTTPAPI/2.0"
        ],
        "Transfer-Encoding": "chunked",
        "X-Content-Type-Options": "nosniff",
        "x-ms-version": "2019-02-02"
      },
      "ResponseBody": {
        "odata.metadata": "https://fakeendpoint.table.core.windows.net/$metadata#uttable06c2c22e09/@Element",
        "odata.etag": "W/\"datetime'2024-05-03T01%3A30%3A12.3306709Z'\"",
        "PartitionKey": "PK1",
        "RowKey": "RK1",
        "Timestamp": "2024-05-03T01:30:12.3306709Z",
        "Data": 9.2233720368547758E+21
      }
    },
    {
      "RequestUri": "https://fakeendpoint.table.core.windows.net/uttable06c2c22e09",
      "RequestMethod": "POST",
      "RequestHeaders": {
        "Accept": "application/json;odata=minimalmetadata",
        "Accept-Encoding": "gzip, deflate",
        "Connection": "keep-alive",
        "Content-Length": "103",
        "Content-Type": "application/json;odata=nometadata",
        "DataServiceVersion": "3.0",
        "Date": "Fri, 03 May 2024 01:30:12 GMT",
        "User-Agent": "azsdk-python-data-tables/12.5.1 Python/3.8.10 (Windows-10-10.0.22621-SP0)",
        "x-ms-date": "Fri, 03 May 2024 01:30:12 GMT",
        "x-ms-version": "2019-02-02"
      },
      "RequestBody": {
        "PartitionKey": "PK2",
        "RowKey": "RK2",
        "Data@odata.type": "Edm.Int64",
        "Data": "9223372036854775807"
      },
      "StatusCode": 201,
      "ResponseHeaders": {
        "Cache-Control": "no-cache",
        "Content-Type": "application/json; odata=minimalmetadata; streaming=true; charset=utf-8",
        "Date": "Fri, 03 May 2024 01:30:11 GMT",
        "ETag": "W/\"datetime'2024-05-03T01%3A30%3A12.3924008Z'\"",
        "Location": "https://fakeendpoint.table.core.windows.net/uttable06c2c22e09(PartitionKey='PK2',RowKey='RK2')",
        "Server": [
          "Windows-Azure-Table/1.0",
          "Microsoft-HTTPAPI/2.0"
        ],
        "Transfer-Encoding": "chunked",
        "X-Content-Type-Options": "nosniff",
        "x-ms-version": "2019-02-02"
      },
      "ResponseBody": {
        "odata.metadata": "https://fakeendpoint.table.core.windows.net/$metadata#uttable06c2c22e09/@Element",
        "odata.etag": "W/\"datetime'2024-05-03T01%3A30%3A12.3924008Z'\"",
        "PartitionKey": "PK2",
        "RowKey": "RK2",
        "Timestamp": "2024-05-03T01:30:12.3924008Z",
        "Data@odata.type": "Edm.Int64",
        "Data": "9223372036854775807"
      }
    },
    {
      "RequestUri": "https://fakeendpoint.table.core.windows.net/uttable06c2c22e09(PartitionKey='PK2',RowKey='RK2')",
      "RequestMethod": "GET",
      "RequestHeaders": {
        "Accept": "application/json;odata=minimalmetadata",
        "Accept-Encoding": "gzip, deflate",
        "Connection": "keep-alive",
        "DataServiceVersion": "3.0",
        "Date": "Fri, 03 May 2024 01:30:12 GMT",
        "User-Agent": "azsdk-python-data-tables/12.5.1 Python/3.8.10 (Windows-10-10.0.22621-SP0)",
        "x-ms-date": "Fri, 03 May 2024 01:30:12 GMT",
        "x-ms-version": "2019-02-02"
      },
      "RequestBody": null,
      "StatusCode": 200,
      "ResponseHeaders": {
        "Cache-Control": "no-cache",
        "Content-Type": "application/json; odata=minimalmetadata; streaming=true; charset=utf-8",
        "Date": "Fri, 03 May 2024 01:30:11 GMT",
        "ETag": "W/\"datetime'2024-05-03T01%3A30%3A12.3924008Z'\"",
        "Server": [
          "Windows-Azure-Table/1.0",
          "Microsoft-HTTPAPI/2.0"
        ],
        "Transfer-Encoding": "chunked",
        "X-Content-Type-Options": "nosniff",
        "x-ms-version": "2019-02-02"
      },
      "ResponseBody": {
        "odata.metadata": "https://fakeendpoint.table.core.windows.net/$metadata#uttable06c2c22e09/@Element",
        "odata.etag": "W/\"datetime'2024-05-03T01%3A30%3A12.3924008Z'\"",
        "PartitionKey": "PK2",
        "RowKey": "RK2",
        "Timestamp": "2024-05-03T01:30:12.3924008Z",
        "Data@odata.type": "Edm.Int64",
        "Data": "9223372036854775807"
      }
    },
    {
      "RequestUri": "https://fakeendpoint.table.core.windows.net/uttable06c2c22e09",
      "RequestMethod": "POST",
      "RequestHeaders": {
        "Accept": "application/json;odata=minimalmetadata",
        "Accept-Encoding": "gzip, deflate",
        "Connection": "keep-alive",
        "Content-Length": "103",
        "Content-Type": "application/json;odata=nometadata",
        "DataServiceVersion": "3.0",
        "Date": "Fri, 03 May 2024 01:30:12 GMT",
        "User-Agent": "azsdk-python-data-tables/12.5.1 Python/3.8.10 (Windows-10-10.0.22621-SP0)",
        "x-ms-date": "Fri, 03 May 2024 01:30:12 GMT",
        "x-ms-version": "2019-02-02"
      },
      "RequestBody": {
        "PartitionKey": "PK3",
        "RowKey": "RK3",
        "Data@odata.type": "Edm.Int64",
        "Data": "9223372036854775808"
      },
      "StatusCode": 400,
      "ResponseHeaders": {
        "Content-Type": "application/json; odata=minimalmetadata; streaming=true; charset=utf-8",
        "Date": "Fri, 03 May 2024 01:30:11 GMT",
        "Server": [
          "Windows-Azure-Table/1.0",
          "Microsoft-HTTPAPI/2.0"
        ],
        "Transfer-Encoding": "chunked",
        "X-Content-Type-Options": "nosniff",
        "x-ms-version": "2019-02-02"
      },
      "ResponseBody": {
        "odata.error": {
          "code": "InvalidInput",
          "message": {
            "lang": "en-US",
            "value": "An error occurred while processing this request.\nRequestId:e0980262-1002-0048-77f9-9c7537000000\nTime:2024-05-03T01:30:12.4640863Z"
          }
        }
      }
    },
    {
      "RequestUri": "https://fakeendpoint.table.core.windows.net/uttable06c2c22e09",
      "RequestMethod": "POST",
      "RequestHeaders": {
        "Accept": "application/json;odata=minimalmetadata",
        "Accept-Encoding": "gzip, deflate",
        "Connection": "keep-alive",
        "Content-Length": "201",
        "Content-Type": "application/json;odata=nometadata",
        "DataServiceVersion": "3.0",
        "Date": "Fri, 03 May 2024 01:30:12 GMT",
        "User-Agent": "azsdk-python-data-tables/12.5.1 Python/3.8.10 (Windows-10-10.0.22621-SP0)",
        "x-ms-date": "Fri, 03 May 2024 01:30:12 GMT",
        "x-ms-version": "2019-02-02"
      },
      "RequestBody": {
        "PartitionKey": "PK4",
        "RowKey": "RK4",
        "Data1@odata.type": "Edm.Double",
        "Data1": "NaN",
        "Data2@odata.type": "Edm.Double",
        "Data2": "Infinity",
        "Data3@odata.type": "Edm.Double",
        "Data3": "-Infinity"
      },
      "StatusCode": 201,
      "ResponseHeaders": {
        "Cache-Control": "no-cache",
        "Content-Type": "application/json; odata=minimalmetadata; streaming=true; charset=utf-8",
        "Date": "Fri, 03 May 2024 01:30:11 GMT",
        "ETag": "W/\"datetime'2024-05-03T01%3A30%3A12.4939549Z'\"",
        "Location": "https://fakeendpoint.table.core.windows.net/uttable06c2c22e09(PartitionKey='PK4',RowKey='RK4')",
        "Server": [
          "Windows-Azure-Table/1.0",
          "Microsoft-HTTPAPI/2.0"
        ],
        "Transfer-Encoding": "chunked",
        "X-Content-Type-Options": "nosniff",
        "x-ms-version": "2019-02-02"
      },
      "ResponseBody": {
        "odata.metadata": "https://fakeendpoint.table.core.windows.net/$metadata#uttable06c2c22e09/@Element",
        "odata.etag": "W/\"datetime'2024-05-03T01%3A30%3A12.4939549Z'\"",
        "PartitionKey": "PK4",
        "RowKey": "RK4",
        "Timestamp": "2024-05-03T01:30:12.4939549Z",
        "Data1@odata.type": "Edm.Double",
        "Data1": "NaN",
        "Data2@odata.type": "Edm.Double",
        "Data2": "Infinity",
        "Data3@odata.type": "Edm.Double",
        "Data3": "-Infinity"
      }
    },
    {
      "RequestUri": "https://fakeendpoint.table.core.windows.net/uttable06c2c22e09(PartitionKey='PK4',RowKey='RK4')",
      "RequestMethod": "GET",
      "RequestHeaders": {
        "Accept": "application/json;odata=minimalmetadata",
        "Accept-Encoding": "gzip, deflate",
        "Connection": "keep-alive",
        "DataServiceVersion": "3.0",
        "Date": "Fri, 03 May 2024 01:30:12 GMT",
        "User-Agent": "azsdk-python-data-tables/12.5.1 Python/3.8.10 (Windows-10-10.0.22621-SP0)",
        "x-ms-date": "Fri, 03 May 2024 01:30:12 GMT",
        "x-ms-version": "2019-02-02"
      },
      "RequestBody": null,
      "StatusCode": 200,
      "ResponseHeaders": {
        "Cache-Control": "no-cache",
        "Content-Type": "application/json; odata=minimalmetadata; streaming=true; charset=utf-8",
        "Date": "Fri, 03 May 2024 01:30:11 GMT",
        "ETag": "W/\"datetime'2024-05-03T01%3A30%3A12.4939549Z'\"",
        "Server": [
          "Windows-Azure-Table/1.0",
          "Microsoft-HTTPAPI/2.0"
        ],
        "Transfer-Encoding": "chunked",
        "X-Content-Type-Options": "nosniff",
        "x-ms-version": "2019-02-02"
      },
      "ResponseBody": {
        "odata.metadata": "https://fakeendpoint.table.core.windows.net/$metadata#uttable06c2c22e09/@Element",
        "odata.etag": "W/\"datetime'2024-05-03T01%3A30%3A12.4939549Z'\"",
        "PartitionKey": "PK4",
        "RowKey": "RK4",
        "Timestamp": "2024-05-03T01:30:12.4939549Z",
        "Data1@odata.type": "Edm.Double",
        "Data1": "NaN",
        "Data2@odata.type": "Edm.Double",
        "Data2": "Infinity",
        "Data3@odata.type": "Edm.Double",
        "Data3": "-Infinity"
      }
    },
    {
      "RequestUri": "https://fakeendpoint.table.core.windows.net/uttable06c2c22e09",
      "RequestMethod": "POST",
      "RequestHeaders": {
        "Accept": "application/json;odata=minimalmetadata",
        "Accept-Encoding": "gzip, deflate",
        "Connection": "keep-alive",
        "Content-Length": "50",
        "Content-Type": "application/json;odata=nometadata",
        "DataServiceVersion": "3.0",
        "Date": "Fri, 03 May 2024 01:30:12 GMT",
        "User-Agent": "azsdk-python-data-tables/12.5.1 Python/3.8.10 (Windows-10-10.0.22621-SP0)",
        "x-ms-date": "Fri, 03 May 2024 01:30:12 GMT",
        "x-ms-version": "2019-02-02"
      },
      "RequestBody": {
        "PartitionKey": "PK",
        "RowKey": "RK",
        "123": 456
      },
      "StatusCode": 400,
      "ResponseHeaders": {
        "Content-Type": "application/json; odata=minimalmetadata; streaming=true; charset=utf-8",
        "Date": "Fri, 03 May 2024 01:30:11 GMT",
        "Server": [
          "Windows-Azure-Table/1.0",
          "Microsoft-HTTPAPI/2.0"
        ],
        "Transfer-Encoding": "chunked",
        "X-Content-Type-Options": "nosniff",
        "x-ms-version": "2019-02-02"
      },
      "ResponseBody": {
        "odata.error": {
          "code": "PropertyNameInvalid",
          "message": {
            "lang": "en-US",
            "value": "The property name is invalid.\nRequestId:e098026e-1002-0048-03f9-9c7537000000\nTime:2024-05-03T01:30:12.5586720Z"
          }
        }
      }
    },
    {
      "RequestUri": "https://fakeendpoint.table.core.windows.net/uttable06c2c22e09",
      "RequestMethod": "POST",
      "RequestHeaders": {
        "Accept": "application/json;odata=minimalmetadata",
        "Accept-Encoding": "gzip, deflate",
        "Connection": "keep-alive",
        "Content-Length": "54",
        "Content-Type": "application/json;odata=nometadata",
        "DataServiceVersion": "3.0",
        "Date": "Fri, 03 May 2024 01:30:12 GMT",
        "User-Agent": "azsdk-python-data-tables/12.5.1 Python/3.8.10 (Windows-10-10.0.22621-SP0)",
        "x-ms-date": "Fri, 03 May 2024 01:30:12 GMT",
        "x-ms-version": "2019-02-02"
      },
      "RequestBody": {
        "PartitionKey": "PK",
        "RowKey": "One",
        "Data": "Two"
      },
      "StatusCode": 201,
      "ResponseHeaders": {
        "Cache-Control": "no-cache",
        "Content-Type": "application/json; odata=minimalmetadata; streaming=true; charset=utf-8",
        "Date": "Fri, 03 May 2024 01:30:11 GMT",
        "ETag": "W/\"datetime'2024-05-03T01%3A30%3A12.5905312Z'\"",
        "Location": "https://fakeendpoint.table.core.windows.net/uttable06c2c22e09(PartitionKey='PK',RowKey='One')",
        "Server": [
          "Windows-Azure-Table/1.0",
          "Microsoft-HTTPAPI/2.0"
        ],
        "Transfer-Encoding": "chunked",
        "X-Content-Type-Options": "nosniff",
        "x-ms-version": "2019-02-02"
      },
      "ResponseBody": {
        "odata.metadata": "https://fakeendpoint.table.core.windows.net/$metadata#uttable06c2c22e09/@Element",
        "odata.etag": "W/\"datetime'2024-05-03T01%3A30%3A12.5905312Z'\"",
        "PartitionKey": "PK",
        "RowKey": "One",
        "Timestamp": "2024-05-03T01:30:12.5905312Z",
        "Data": "Two"
      }
    },
    {
      "RequestUri": "https://fakeendpoint.table.core.windows.net/uttable06c2c22e09(PartitionKey='PK',RowKey='One')",
      "RequestMethod": "GET",
      "RequestHeaders": {
        "Accept": "application/json;odata=minimalmetadata",
        "Accept-Encoding": "gzip, deflate",
        "Connection": "keep-alive",
        "DataServiceVersion": "3.0",
        "Date": "Fri, 03 May 2024 01:30:12 GMT",
        "User-Agent": "azsdk-python-data-tables/12.5.1 Python/3.8.10 (Windows-10-10.0.22621-SP0)",
        "x-ms-date": "Fri, 03 May 2024 01:30:12 GMT",
        "x-ms-version": "2019-02-02"
      },
      "RequestBody": null,
      "StatusCode": 200,
      "ResponseHeaders": {
        "Cache-Control": "no-cache",
        "Content-Type": "application/json; odata=minimalmetadata; streaming=true; charset=utf-8",
        "Date": "Fri, 03 May 2024 01:30:11 GMT",
        "ETag": "W/\"datetime'2024-05-03T01%3A30%3A12.5905312Z'\"",
        "Server": [
          "Windows-Azure-Table/1.0",
          "Microsoft-HTTPAPI/2.0"
        ],
        "Transfer-Encoding": "chunked",
        "X-Content-Type-Options": "nosniff",
        "x-ms-version": "2019-02-02"
      },
      "ResponseBody": {
        "odata.metadata": "https://fakeendpoint.table.core.windows.net/$metadata#uttable06c2c22e09/@Element",
        "odata.etag": "W/\"datetime'2024-05-03T01%3A30%3A12.5905312Z'\"",
        "PartitionKey": "PK",
        "RowKey": "One",
        "Timestamp": "2024-05-03T01:30:12.5905312Z",
        "Data": "Two"
      }
    },
    {
      "RequestUri": "https://fakeendpoint.table.core.windows.net/uttable06c2c22e09",
      "RequestMethod": "POST",
      "RequestHeaders": {
        "Accept": "application/json;odata=minimalmetadata",
        "Accept-Encoding": "gzip, deflate",
        "Connection": "keep-alive",
        "Content-Length": "54",
        "Content-Type": "application/json;odata=nometadata",
        "DataServiceVersion": "3.0",
        "Date": "Fri, 03 May 2024 01:30:12 GMT",
        "User-Agent": "azsdk-python-data-tables/12.5.1 Python/3.8.10 (Windows-10-10.0.22621-SP0)",
        "x-ms-date": "Fri, 03 May 2024 01:30:12 GMT",
        "x-ms-version": "2019-02-02"
      },
      "RequestBody": {
        "PartitionKey": "PK",
        "RowKey": "Two",
        "Data": "Two"
      },
      "StatusCode": 201,
      "ResponseHeaders": {
        "Cache-Control": "no-cache",
        "Content-Type": "application/json; odata=minimalmetadata; streaming=true; charset=utf-8",
        "Date": "Fri, 03 May 2024 01:30:11 GMT",
        "ETag": "W/\"datetime'2024-05-03T01%3A30%3A12.6482789Z'\"",
        "Location": "https://fakeendpoint.table.core.windows.net/uttable06c2c22e09(PartitionKey='PK',RowKey='Two')",
        "Server": [
          "Windows-Azure-Table/1.0",
          "Microsoft-HTTPAPI/2.0"
        ],
        "Transfer-Encoding": "chunked",
        "X-Content-Type-Options": "nosniff",
        "x-ms-version": "2019-02-02"
      },
      "ResponseBody": {
        "odata.metadata": "https://fakeendpoint.table.core.windows.net/$metadata#uttable06c2c22e09/@Element",
        "odata.etag": "W/\"datetime'2024-05-03T01%3A30%3A12.6482789Z'\"",
        "PartitionKey": "PK",
        "RowKey": "Two",
        "Timestamp": "2024-05-03T01:30:12.6482789Z",
        "Data": "Two"
      }
    },
    {
      "RequestUri": "https://fakeendpoint.table.core.windows.net/uttable06c2c22e09(PartitionKey='PK',RowKey='Two')",
      "RequestMethod": "GET",
      "RequestHeaders": {
        "Accept": "application/json;odata=minimalmetadata",
        "Accept-Encoding": "gzip, deflate",
        "Connection": "keep-alive",
        "DataServiceVersion": "3.0",
        "Date": "Fri, 03 May 2024 01:30:12 GMT",
        "User-Agent": "azsdk-python-data-tables/12.5.1 Python/3.8.10 (Windows-10-10.0.22621-SP0)",
        "x-ms-date": "Fri, 03 May 2024 01:30:12 GMT",
        "x-ms-version": "2019-02-02"
      },
      "RequestBody": null,
      "StatusCode": 200,
      "ResponseHeaders": {
        "Cache-Control": "no-cache",
        "Content-Type": "application/json; odata=minimalmetadata; streaming=true; charset=utf-8",
        "Date": "Fri, 03 May 2024 01:30:11 GMT",
        "ETag": "W/\"datetime'2024-05-03T01%3A30%3A12.6482789Z'\"",
        "Server": [
          "Windows-Azure-Table/1.0",
          "Microsoft-HTTPAPI/2.0"
        ],
        "Transfer-Encoding": "chunked",
        "X-Content-Type-Options": "nosniff",
        "x-ms-version": "2019-02-02"
      },
      "ResponseBody": {
        "odata.metadata": "https://fakeendpoint.table.core.windows.net/$metadata#uttable06c2c22e09/@Element",
        "odata.etag": "W/\"datetime'2024-05-03T01%3A30%3A12.6482789Z'\"",
        "PartitionKey": "PK",
        "RowKey": "Two",
        "Timestamp": "2024-05-03T01:30:12.6482789Z",
        "Data": "Two"
      }
    },
    {
      "RequestUri": "https://fakeendpoint.table.core.windows.net/uttable06c2c22e09",
      "RequestMethod": "POST",
      "RequestHeaders": {
        "Accept": "application/json;odata=minimalmetadata",
        "Accept-Encoding": "gzip, deflate",
        "Connection": "keep-alive",
        "Content-Length": "46",
        "Content-Type": "application/json;odata=nometadata",
        "DataServiceVersion": "3.0",
        "Date": "Fri, 03 May 2024 01:30:12 GMT",
        "User-Agent": "azsdk-python-data-tables/12.5.1 Python/3.8.10 (Windows-10-10.0.22621-SP0)",
        "x-ms-date": "Fri, 03 May 2024 01:30:12 GMT",
        "x-ms-version": "2019-02-02"
      },
      "RequestBody": {
        "PartitionKey": "PK",
        "RowKey": 1,
        "Data": 2
      },
      "StatusCode": 400,
      "ResponseHeaders": {
        "Content-Type": "application/json; odata=minimalmetadata; streaming=true; charset=utf-8",
        "Date": "Fri, 03 May 2024 01:30:11 GMT",
        "Server": [
          "Windows-Azure-Table/1.0",
          "Microsoft-HTTPAPI/2.0"
        ],
        "Transfer-Encoding": "chunked",
        "X-Content-Type-Options": "nosniff",
        "x-ms-version": "2019-02-02"
      },
      "ResponseBody": {
        "odata.error": {
          "code": "InvalidInput",
          "message": {
            "lang": "en-US",
            "value": "One of the request inputs is not valid.\nRequestId:e0980286-1002-0048-1bf9-9c7537000000\nTime:2024-05-03T01:30:12.7070207Z"
          }
        }
      }
    },
    {
      "RequestUri": "https://fakeendpoint.table.core.windows.net/Tables('uttable06c2c22e09')",
      "RequestMethod": "DELETE",
      "RequestHeaders": {
        "Accept": "application/json",
        "Accept-Encoding": "gzip, deflate",
        "Connection": "keep-alive",
        "Content-Length": "0",
        "Date": "Fri, 03 May 2024 01:30:12 GMT",
        "User-Agent": "azsdk-python-data-tables/12.5.1 Python/3.8.10 (Windows-10-10.0.22621-SP0)",
        "x-ms-date": "Fri, 03 May 2024 01:30:12 GMT",
        "x-ms-version": "2019-02-02"
      },
      "RequestBody": null,
      "StatusCode": 204,
      "ResponseHeaders": {
        "Cache-Control": "no-cache",
        "Content-Length": "0",
        "Date": "Fri, 03 May 2024 01:30:11 GMT",
        "Server": [
          "Windows-Azure-Table/1.0",
          "Microsoft-HTTPAPI/2.0"
        ],
        "X-Content-Type-Options": "nosniff",
        "x-ms-version": "2019-02-02"
      },
      "ResponseBody": null
    }
  ],
  "Variables": {}
}
