{
  "Entries": [
    {
      "RequestUri": "https://fakeendpoint.table.core.windows.net/Tables",
      "RequestMethod": "POST",
      "RequestHeaders": {
        "Accept": "application/json;odata=minimalmetadata",
        "Accept-Encoding": "gzip, deflate",
        "Connection": "keep-alive",
        "Content-Length": "32",
        "Content-Type": "application/json;odata=nometadata",
        "DataServiceVersion": "3.0",
        "Date": "Sat, 04 May 2024 00:42:30 GMT",
        "User-Agent": "azsdk-python-data-tables/12.5.1 Python/3.8.10 (Windows-10-10.0.22621-SP0)",
        "x-ms-date": "Sat, 04 May 2024 00:42:30 GMT",
        "x-ms-version": "2019-02-02"
      },
      "RequestBody": {
        "TableName": "uttable12e22a33"
      },
      "StatusCode": 201,
      "ResponseHeaders": {
        "Cache-Control": "no-cache",
        "Content-Type": "application/json; odata=minimalmetadata; streaming=true; charset=utf-8",
        "Date": "Sat, 04 May 2024 00:42:30 GMT",
        "Location": "https://fakeendpoint.table.core.windows.net/Tables('uttable12e22a33')",
        "Server": [
          "Windows-Azure-Table/1.0",
          "Microsoft-HTTPAPI/2.0"
        ],
        "Transfer-Encoding": "chunked",
        "X-Content-Type-Options": "nosniff",
        "x-ms-version": "2019-02-02"
      },
      "ResponseBody": {
        "odata.metadata": "https://fakeendpoint.table.core.windows.net/$metadata#Tables/@Element",
        "TableName": "uttable12e22a33"
      }
    },
    {
      "RequestUri": "https://fakeendpoint.table.core.windows.net/uttable12e22a33",
      "RequestMethod": "POST",
      "RequestHeaders": {
        "Accept": "application/json;odata=minimalmetadata",
        "Accept-Encoding": "gzip, deflate",
        "Connection": "keep-alive",
        "Content-Length": "654",
        "Content-Type": "application/json;odata=nometadata",
        "DataServiceVersion": "3.0",
        "Date": "Sat, 04 May 2024 00:42:30 GMT",
        "User-Agent": "azsdk-python-data-tables/12.5.1 Python/3.8.10 (Windows-10-10.0.22621-SP0)",
        "x-ms-date": "Sat, 04 May 2024 00:42:30 GMT",
        "x-ms-version": "2019-02-02"
      },
      "RequestBody": {
        "PartitionKey": "pk12e22a33",
        "RowKey": "rk12e22a33",
        "age": 39,
        "sex": "male",
        "married": true,
        "deceased": false,
        "optional": null,
        "ratio@odata.type": "Edm.Double",
        "ratio": 3.1,
        "evenratio@odata.type": "Edm.Double",
        "evenratio": 3.0,
        "double@odata.type": "Edm.Double",
        "double": 5,
        "large": 933311100,
        "Birthday@odata.type": "Edm.DateTime",
        "Birthday": "1973-10-04T00:00:00.000000Z",
        "birthday@odata.type": "Edm.DateTime",
        "birthday": "1970-10-04T00:00:00.000000Z",
        "binary@odata.type": "Edm.Binary",
        "binary": "YmluYXJ5",
        "other@odata.type": "Edm.Int32",
        "other": 20,
        "clsid@odata.type": "Edm.Guid",
        "clsid": "c9da6455-213d-42c9-9a79-3e9149a57833"
      },
      "StatusCode": 201,
      "ResponseHeaders": {
        "Cache-Control": "no-cache",
        "Content-Type": "application/json; odata=minimalmetadata; streaming=true; charset=utf-8",
        "Date": "Sat, 04 May 2024 00:42:30 GMT",
        "ETag": "W/\"datetime'2024-05-04T00%3A42%3A30.6591131Z'\"",
        "Location": "https://fakeendpoint.table.core.windows.net/uttable12e22a33(PartitionKey='pk12e22a33',RowKey='rk12e22a33')",
        "Server": [
          "Windows-Azure-Table/1.0",
          "Microsoft-HTTPAPI/2.0"
        ],
        "Transfer-Encoding": "chunked",
        "X-Content-Type-Options": "nosniff",
        "x-ms-version": "2019-02-02"
      },
      "ResponseBody": {
        "odata.metadata": "https://fakeendpoint.table.core.windows.net/$metadata#uttable12e22a33/@Element",
        "odata.etag": "W/\"datetime'2024-05-04T00%3A42%3A30.6591131Z'\"",
        "PartitionKey": "pk12e22a33",
        "RowKey": "rk12e22a33",
        "Timestamp": "2024-05-04T00:42:30.6591131Z",
        "age": 39,
        "sex": "male",
        "married": true,
        "deceased": false,
        "ratio": 3.1,
        "evenratio": 3.0,
        "double": 5.0,
        "large": 933311100,
        "Birthday@odata.type": "Edm.DateTime",
        "Birthday": "1973-10-04T00:00:00Z",
        "birthday@odata.type": "Edm.DateTime",
        "birthday": "1970-10-04T00:00:00Z",
        "binary@odata.type": "Edm.Binary",
        "binary": "YmluYXJ5",
        "other": 20,
        "clsid@odata.type": "Edm.Guid",
        "clsid": "c9da6455-213d-42c9-9a79-3e9149a57833"
      }
    },
    {
      "RequestUri": "https://fakeendpoint.table.core.windows.net/uttable12e22a33(PartitionKey='pk12e22a33',RowKey='rk12e22a33')",
      "RequestMethod": "DELETE",
      "RequestHeaders": {
        "Accept": "application/json;odata=minimalmetadata",
        "Accept-Encoding": "gzip, deflate",
        "Connection": "keep-alive",
        "Content-Length": "0",
        "DataServiceVersion": "3.0",
        "Date": "Sat, 04 May 2024 00:42:30 GMT",
        "If-Match": "*",
        "User-Agent": "azsdk-python-data-tables/12.5.1 Python/3.8.10 (Windows-10-10.0.22621-SP0)",
        "x-ms-date": "Sat, 04 May 2024 00:42:30 GMT",
        "x-ms-version": "2019-02-02"
      },
      "RequestBody": null,
      "StatusCode": 204,
      "ResponseHeaders": {
        "Cache-Control": "no-cache",
        "Content-Length": "0",
        "Date": "Sat, 04 May 2024 00:42:30 GMT",
        "Server": [
          "Windows-Azure-Table/1.0",
          "Microsoft-HTTPAPI/2.0"
        ],
        "X-Content-Type-Options": "nosniff",
        "x-ms-version": "2019-02-02"
      },
      "ResponseBody": null
    },
    {
      "RequestUri": "https://fakeendpoint.table.core.windows.net/uttable12e22a33",
      "RequestMethod": "POST",
      "RequestHeaders": {
        "Accept": "application/json;odata=minimalmetadata",
        "Accept-Encoding": "gzip, deflate",
        "Connection": "keep-alive",
        "Content-Length": "54",
        "Content-Type": "application/json;odata=nometadata",
        "DataServiceVersion": "3.0",
        "Date": "Sat, 04 May 2024 00:42:30 GMT",
        "User-Agent": "azsdk-python-data-tables/12.5.1 Python/3.8.10 (Windows-10-10.0.22621-SP0)",
        "x-ms-date": "Sat, 04 May 2024 00:42:30 GMT",
        "x-ms-version": "2019-02-02"
      },
      "RequestBody": {
        "PartitionKey": "pk2",
        "RowKey": "rk2",
        "Value": 100
      },
      "StatusCode": 201,
      "ResponseHeaders": {
        "Cache-Control": "no-cache",
        "Content-Type": "application/json; odata=minimalmetadata; streaming=true; charset=utf-8",
        "Date": "Sat, 04 May 2024 00:42:30 GMT",
        "ETag": "W/\"datetime'2024-05-04T00%3A42%3A30.7208421Z'\"",
        "Location": "https://fakeendpoint.table.core.windows.net/uttable12e22a33(PartitionKey='pk2',RowKey='rk2')",
        "Server": [
          "Windows-Azure-Table/1.0",
          "Microsoft-HTTPAPI/2.0"
        ],
        "Transfer-Encoding": "chunked",
        "X-Content-Type-Options": "nosniff",
        "x-ms-version": "2019-02-02"
      },
      "ResponseBody": {
        "odata.metadata": "https://fakeendpoint.table.core.windows.net/$metadata#uttable12e22a33/@Element",
        "odata.etag": "W/\"datetime'2024-05-04T00%3A42%3A30.7208421Z'\"",
        "PartitionKey": "pk2",
        "RowKey": "rk2",
        "Timestamp": "2024-05-04T00:42:30.7208421Z",
        "Value": 100
      }
    },
    {
      "RequestUri": "https://fakeendpoint.table.core.windows.net/uttable12e22a33(PartitionKey='pk2',RowKey='rk2')",
      "RequestMethod": "DELETE",
      "RequestHeaders": {
        "Accept": "application/json;odata=minimalmetadata",
        "Accept-Encoding": "gzip, deflate",
        "Connection": "keep-alive",
        "Content-Length": "0",
        "DataServiceVersion": "3.0",
        "Date": "Sat, 04 May 2024 00:42:30 GMT",
        "If-Match": "*",
        "User-Agent": "azsdk-python-data-tables/12.5.1 Python/3.8.10 (Windows-10-10.0.22621-SP0)",
        "x-ms-date": "Sat, 04 May 2024 00:42:30 GMT",
        "x-ms-version": "2019-02-02"
      },
      "RequestBody": null,
      "StatusCode": 204,
      "ResponseHeaders": {
        "Cache-Control": "no-cache",
        "Content-Length": "0",
        "Date": "Sat, 04 May 2024 00:42:30 GMT",
        "Server": [
          "Windows-Azure-Table/1.0",
          "Microsoft-HTTPAPI/2.0"
        ],
        "X-Content-Type-Options": "nosniff",
        "x-ms-version": "2019-02-02"
      },
      "ResponseBody": null
    },
    {
      "RequestUri": "https://fakeendpoint.table.core.windows.net/uttable12e22a33()",
      "RequestMethod": "GET",
      "RequestHeaders": {
        "Accept": "application/json;odata=minimalmetadata",
        "Accept-Encoding": "gzip, deflate",
        "Connection": "keep-alive",
        "DataServiceVersion": "3.0",
        "Date": "Sat, 04 May 2024 00:42:30 GMT",
        "User-Agent": "azsdk-python-data-tables/12.5.1 Python/3.8.10 (Windows-10-10.0.22621-SP0)",
        "x-ms-date": "Sat, 04 May 2024 00:42:30 GMT",
        "x-ms-version": "2019-02-02"
      },
      "RequestBody": null,
      "StatusCode": 200,
      "ResponseHeaders": {
        "Cache-Control": "no-cache",
        "Content-Type": "application/json; odata=minimalmetadata; streaming=true; charset=utf-8",
        "Date": "Sat, 04 May 2024 00:42:30 GMT",
        "Server": [
          "Windows-Azure-Table/1.0",
          "Microsoft-HTTPAPI/2.0"
        ],
        "Transfer-Encoding": "chunked",
        "X-Content-Type-Options": "nosniff",
        "x-ms-version": "2019-02-02"
      },
      "ResponseBody": {
        "odata.metadata": "https://fakeendpoint.table.core.windows.net/$metadata#uttable12e22a33",
        "value": []
      }
    },
    {
      "RequestUri": "https://fakeendpoint.table.core.windows.net/Tables",
      "RequestMethod": "GET",
      "RequestHeaders": {
        "Accept": "application/json;odata=minimalmetadata",
        "Accept-Encoding": "gzip, deflate",
        "Connection": "keep-alive",
        "DataServiceVersion": "3.0",
        "Date": "Sat, 04 May 2024 00:42:30 GMT",
        "User-Agent": "azsdk-python-data-tables/12.5.1 Python/3.8.10 (Windows-10-10.0.22621-SP0)",
        "x-ms-date": "Sat, 04 May 2024 00:42:30 GMT",
        "x-ms-version": "2019-02-02"
      },
      "RequestBody": null,
      "StatusCode": 200,
      "ResponseHeaders": {
        "Cache-Control": "no-cache",
        "Content-Type": "application/json; odata=minimalmetadata; streaming=true; charset=utf-8",
        "Date": "Sat, 04 May 2024 00:42:30 GMT",
        "Server": [
          "Windows-Azure-Table/1.0",
          "Microsoft-HTTPAPI/2.0"
        ],
        "Transfer-Encoding": "chunked",
        "X-Content-Type-Options": "nosniff",
        "x-ms-version": "2019-02-02"
      },
      "ResponseBody": {
        "odata.metadata": "https://fakeendpoint.table.core.windows.net/$metadata#Tables",
        "value": [
          {
            "TableName": "uttable12e22a33"
          }
        ]
      }
    },
    {
      "RequestUri": "https://fakeendpoint.table.core.windows.net/Tables('uttable12e22a33')",
      "RequestMethod": "DELETE",
      "RequestHeaders": {
        "Accept": "application/json",
        "Accept-Encoding": "gzip, deflate",
        "Connection": "keep-alive",
        "Content-Length": "0",
        "Date": "Sat, 04 May 2024 00:42:30 GMT",
        "User-Agent": "azsdk-python-data-tables/12.5.1 Python/3.8.10 (Windows-10-10.0.22621-SP0)",
        "x-ms-date": "Sat, 04 May 2024 00:42:30 GMT",
        "x-ms-version": "2019-02-02"
      },
      "RequestBody": null,
      "StatusCode": 204,
      "ResponseHeaders": {
        "Cache-Control": "no-cache",
        "Content-Length": "0",
        "Date": "Sat, 04 May 2024 00:42:30 GMT",
        "Server": [
          "Windows-Azure-Table/1.0",
          "Microsoft-HTTPAPI/2.0"
        ],
        "X-Content-Type-Options": "nosniff",
        "x-ms-version": "2019-02-02"
      },
      "ResponseBody": null
    }
  ],
  "Variables": {}
}
