{
  "Entries": [
    {
      "RequestUri": "https://endpointhealth-insights/radiology-insights/jobs/jobId-1713174570658?api-version=2024-04-01",
      "RequestMethod": "PUT",
      "RequestHeaders": {
        "Accept": "application/json",
        "Accept-Encoding": "gzip,deflate",
        "Connection": "keep-alive",
        "Content-Length": "1683",
        "Content-Type": "application/json; charset=UTF-8",
        "Ocp-Apim-Subscription-Key": "fake_key",
        "User-Agent": "azsdk-js-health-insights-radiologyinsights-rest/1.0.0-beta.1 core-rest-pipeline/1.15.2 Node/20.11.0 OS/(x64-Windows_NT-10.0.22631)",
        "x-ms-client-request-id": "e61be28e-bad0-4d3c-92f5-e5bb6247d1a2"
      },
      "RequestBody": {
        "jobData": {
          "patients": [
            {
              "id": "Samantha Jones",
              "details": {
                "sex": "female",
                "birthDate": "1959-11-11T19:00:00.000Z",
                "clinicalInfo": [
                  {
                    "resourceType": "Observation",
                    "status": "unknown",
                    "code": {
                      "coding": [
                        {
                          "system": "http://www.nlm.nih.gov/research/umls",
                          "code": "C0018802",
                          "display": "MalignantNeoplasms"
                        }
                      ]
                    },
                    "valueBoolean": true
                  }
                ]
              },
              "encounters": [
                {
                  "id": "encounterid1",
                  "period": {
                    "start": "2021-8-28T00:00:00",
                    "end": "2021-8-28T00:00:00"
                  },
                  "class": "inpatient"
                }
              ],
              "patientDocuments": [
                {
                  "type": "note",
                  "clinicalType": "radiologyReport",
                  "id": "docid1",
                  "language": "en",
                  "authors": [
                    {
                      "id": "authorid1",
                      "fullName": "authorname1"
                    }
                  ],
                  "specialtyType": "radiology",
                  "administrativeMetadata": {
                    "orderedProcedures": [
                      {
                        "code": {
                          "coding": [
                            {
                              "system": "Http://hl7.org/fhir/ValueSet/cpt-all",
                              "code": "111111",
                              "display": "CT ABD/PELVIS"
                            }
                          ]
                        },
                        "description": "CT ABD/PELVIS"
                      }
                    ],
                    "encounterId": "encounterid1"
                  },
                  "content": {
                    "sourceType": "inline",
                    "value": "\n\nThe results were faxed to Julie Carter on July 6 2016 at 3 PM.\n\nThe results were sent via Powerscribe to George Brown, PA.\n\n\t\t"
                  },
                  "createdAt": "2021-05-31T22:00:00.000Z",
                  "orderedProceduresAsCsv": "US PELVIS COMPLETE"
                }
              ]
            }
          ],
          "configuration": {
            "inferenceOptions": {
              "followupRecommendationOptions": {
                "includeRecommendationsWithNoSpecifiedModality": true,
                "includeRecommendationsInReferences": true,
                "provideFocusedSentenceEvidence": true
              },
              "findingOptions": {
                "provideFocusedSentenceEvidence": true
              }
            },
            "inferenceTypes": [
              "finding",
              "ageMismatch",
              "lateralityDiscrepancy",
              "sexMismatch",
              "completeOrderDiscrepancy",
              "limitedOrderDiscrepancy",
              "criticalResult",
              "criticalRecommendation",
              "followupRecommendation",
              "followupCommunication",
              "radiologyProcedure"
            ],
            "locale": "en-US",
            "verbose": false,
            "includeEvidence": true
          }
        }
      },
      "StatusCode": 200,
      "ResponseHeaders": {
        "apim-request-id": "872a65f8-71ab-4d6a-b54d-5567480079ac",
        "Content-Type": "application/json; charset=utf-8",
        "Date": "Mon, 15 Apr 2024 09:49:28 GMT",
        "operation-location": "https://endpointhealth-insights/radiology-insights/jobs/jobId-1713174570658?api-version=2024-04-01",
        "Strict-Transport-Security": "max-age=31536000; includeSubDomains; preload",
        "Transfer-Encoding": "chunked",
        "X-Content-Type-Options": "nosniff",
        "x-envoy-upstream-service-time": "36",
        "x-ms-region": "East US"
      },
      "ResponseBody": {
        "id": "jobId-1713174570658",
        "createdAt": "2024-04-15T09:49:29.2901317Z",
        "expiresAt": "2024-04-16T09:49:29.2901317Z",
        "updatedAt": "2024-04-15T09:49:29.2901317Z",
        "status": "notStarted"
      }
    },
    {
      "RequestUri": "https://endpointhealth-insights/radiology-insights/jobs/jobId-1713174570658?api-version=2024-04-01",
      "RequestMethod": "GET",
      "RequestHeaders": {
        "Accept": "application/json",
        "Accept-Encoding": "gzip,deflate",
        "Connection": "keep-alive",
        "Ocp-Apim-Subscription-Key": "fake_key",
        "User-Agent": "azsdk-js-health-insights-radiologyinsights-rest/1.0.0-beta.1 core-rest-pipeline/1.15.2 Node/20.11.0 OS/(x64-Windows_NT-10.0.22631)",
        "x-ms-client-request-id": "972f3f10-0a7b-4d8f-b437-383e4a6826c6"
      },
      "RequestBody": null,
      "StatusCode": 200,
      "ResponseHeaders": {
        "apim-request-id": "fff1cabe-21fe-4497-9d17-d1c35c991c22",
        "Content-Length": "155",
        "Content-Type": "application/json; charset=utf-8",
        "Date": "Mon, 15 Apr 2024 09:49:28 GMT",
        "Strict-Transport-Security": "max-age=31536000; includeSubDomains; preload",
        "X-Content-Type-Options": "nosniff",
        "x-envoy-upstream-service-time": "8",
        "x-ms-region": "East US"
      },
      "ResponseBody": {
        "id": "jobId-1713174570658",
        "createdAt": "2024-04-15T09:49:29Z",
        "expiresAt": "2024-04-16T09:49:29Z",
        "updatedAt": "2024-04-15T09:49:29Z",
        "status": "notStarted"
      }
    },
    {
      "RequestUri": "https://endpointhealth-insights/radiology-insights/jobs/jobId-1713174570658?api-version=2024-04-01",
      "RequestMethod": "GET",
      "RequestHeaders": {
        "Accept": "application/json",
        "Accept-Encoding": "gzip,deflate",
        "Connection": "keep-alive",
        "Ocp-Apim-Subscription-Key": "fake_key",
        "User-Agent": "azsdk-js-health-insights-radiologyinsights-rest/1.0.0-beta.1 core-rest-pipeline/1.15.2 Node/20.11.0 OS/(x64-Windows_NT-10.0.22631)",
        "x-ms-client-request-id": "8f970f0e-e4b1-4164-ae4e-8aaf8fa31ce4"
      },
      "RequestBody": null,
      "StatusCode": 200,
      "ResponseHeaders": {
        "apim-request-id": "db36eb1f-145a-47e8-a41c-e56c723ebf2e",
        "Content-Length": "152",
        "Content-Type": "application/json; charset=utf-8",
        "Date": "Mon, 15 Apr 2024 09:49:30 GMT",
        "Strict-Transport-Security": "max-age=31536000; includeSubDomains; preload",
        "X-Content-Type-Options": "nosniff",
        "x-envoy-upstream-service-time": "10",
        "x-ms-region": "East US"
      },
      "ResponseBody": {
        "id": "jobId-1713174570658",
        "createdAt": "2024-04-15T09:49:29Z",
        "expiresAt": "2024-04-16T09:49:29Z",
        "updatedAt": "2024-04-15T09:49:29Z",
        "status": "running"
      }
    },
    {
      "RequestUri": "https://endpointhealth-insights/radiology-insights/jobs/jobId-1713174570658?api-version=2024-04-01",
      "RequestMethod": "GET",
      "RequestHeaders": {
        "Accept": "application/json",
        "Accept-Encoding": "gzip,deflate",
        "Connection": "keep-alive",
        "Ocp-Apim-Subscription-Key": "fake_key",
        "User-Agent": "azsdk-js-health-insights-radiologyinsights-rest/1.0.0-beta.1 core-rest-pipeline/1.15.2 Node/20.11.0 OS/(x64-Windows_NT-10.0.22631)",
        "x-ms-client-request-id": "022ad0f9-78ba-456e-8af0-0ed2d166af73"
      },
      "RequestBody": null,
      "StatusCode": 200,
      "ResponseHeaders": {
        "apim-request-id": "1191fe03-b9f1-43f9-9761-c16b48f7ea4b",
        "Content-Length": "3206",
        "Content-Type": "application/json; charset=utf-8",
        "Date": "Mon, 15 Apr 2024 09:49:33 GMT",
        "Strict-Transport-Security": "max-age=31536000; includeSubDomains; preload",
        "X-Content-Type-Options": "nosniff",
        "x-envoy-upstream-service-time": "13",
        "x-ms-region": "East US"
      },
      "ResponseBody": {
        "result": {
          "patientResults": [
            {
              "patientId": "Samantha Jones",
              "inferences": [
                {
                  "kind": "followupCommunication",
                  "dateTime": [
                    "2016-07-06T15:00:00"
                  ],
                  "recipient": [
                    "unknown"
                  ],
                  "wasAcknowledged": false,
                  "extension": [
                    {
                      "extension": [
                        {
                          "url": "reference",
                          "valueReference": {
                            "reference": "docid1"
                          }
                        },
                        {
                          "url": "offset",
                          "valueInteger": 19
                        },
                        {
                          "url": "length",
                          "valueInteger": 5
                        }
                      ],
                      "url": "http://hl7.org/fhir/StructureDefinition/derivation-reference"
                    },
                    {
                      "extension": [
                        {
                          "url": "reference",
                          "valueReference": {
                            "reference": "docid1"
                          }
                        },
                        {
                          "url": "offset",
                          "valueInteger": 28
                        },
                        {
                          "url": "length",
                          "valueInteger": 12
                        }
                      ],
                      "url": "http://hl7.org/fhir/StructureDefinition/derivation-reference"
                    },
                    {
                      "extension": [
                        {
                          "url": "reference",
                          "valueReference": {
                            "reference": "docid1"
                          }
                        },
                        {
                          "url": "offset",
                          "valueInteger": 44
                        },
                        {
                          "url": "length",
                          "valueInteger": 11
                        }
                      ],
                      "url": "http://hl7.org/fhir/StructureDefinition/derivation-reference"
                    },
                    {
                      "extension": [
                        {
                          "url": "reference",
                          "valueReference": {
                            "reference": "docid1"
                          }
                        },
                        {
                          "url": "offset",
                          "valueInteger": 56
                        },
                        {
                          "url": "length",
                          "valueInteger": 2
                        }
                      ],
                      "url": "http://hl7.org/fhir/StructureDefinition/derivation-reference"
                    },
                    {
                      "extension": [
                        {
                          "url": "reference",
                          "valueReference": {
                            "reference": "docid1"
                          }
                        },
                        {
                          "url": "offset",
                          "valueInteger": 59
                        },
                        {
                          "url": "length",
                          "valueInteger": 4
                        }
                      ],
                      "url": "http://hl7.org/fhir/StructureDefinition/derivation-reference"
                    }
                  ]
                },
                {
                  "kind": "followupCommunication",
                  "recipient": [
                    "physicianAssistant"
                  ],
                  "wasAcknowledged": false,
                  "extension": [
                    {
                      "extension": [
                        {
                          "url": "reference",
                          "valueReference": {
                            "reference": "docid1"
                          }
                        },
                        {
                          "url": "offset",
                          "valueInteger": 83
                        },
                        {
                          "url": "length",
                          "valueInteger": 4
                        }
                      ],
                      "url": "http://hl7.org/fhir/StructureDefinition/derivation-reference"
                    },
                    {
                      "extension": [
                        {
                          "url": "reference",
                          "valueReference": {
                            "reference": "docid1"
                          }
                        },
                        {
                          "url": "offset",
                          "valueInteger": 88
                        },
                        {
                          "url": "length",
                          "valueInteger": 3
                        }
                      ],
                      "url": "http://hl7.org/fhir/StructureDefinition/derivation-reference"
                    },
                    {
                      "extension": [
                        {
                          "url": "reference",
                          "valueReference": {
                            "reference": "docid1"
                          }
                        },
                        {
                          "url": "offset",
                          "valueInteger": 92
                        },
                        {
                          "url": "length",
                          "valueInteger": 11
                        }
                      ],
                      "url": "http://hl7.org/fhir/StructureDefinition/derivation-reference"
                    },
                    {
                      "extension": [
                        {
                          "url": "reference",
                          "valueReference": {
                            "reference": "docid1"
                          }
                        },
                        {
                          "url": "offset",
                          "valueInteger": 107
                        },
                        {
                          "url": "length",
                          "valueInteger": 16
                        }
                      ],
                      "url": "http://hl7.org/fhir/StructureDefinition/derivation-reference"
                    }
                  ]
                },
                {
                  "procedureCodes": [
                    {
                      "coding": [
                        {
                          "system": "http://loinc.org",
                          "code": "44115-4",
                          "display": "CT ABDOMEN AND PELVIS"
                        }
                      ]
                    }
                  ],
                  "imagingProcedures": [
                    {
                      "modality": {
                        "coding": [
                          {
                            "system": "http://snomed.info/sct",
                            "code": "77477000",
                            "display": "COMPUTERIZED AXIAL TOMOGRAPHY (PROCEDURE)"
                          }
                        ]
                      },
                      "anatomy": {
                        "coding": [
                          {
                            "system": "http://snomed.info/sct",
                            "code": "113345001",
                            "display": "ABDOMINAL STRUCTURE (BODY STRUCTURE)"
                          }
                        ]
                      }
                    },
                    {
                      "modality": {
                        "coding": [
                          {
                            "system": "http://snomed.info/sct",
                            "code": "77477000",
                            "display": "COMPUTERIZED AXIAL TOMOGRAPHY (PROCEDURE)"
                          }
                        ]
                      },
                      "anatomy": {
                        "coding": [
                          {
                            "system": "http://snomed.info/sct",
                            "code": "12921003",
                            "display": "PELVIC STRUCTURE (BODY STRUCTURE)"
                          }
                        ]
                      }
                    }
                  ],
                  "orderedProcedure": {
                    "code": {
                      "coding": [
                        {
                          "code": "111111"
                        }
                      ]
                    },
                    "description": "CT ABD/PELVIS."
                  },
                  "kind": "radiologyProcedure"
                }
              ]
            }
          ],
          "modelVersion": "2024-01-19-preview"
        },
        "id": "jobId-1713174570658",
        "createdAt": "2024-04-15T09:49:29Z",
        "expiresAt": "2024-04-16T09:49:29Z",
        "updatedAt": "2024-04-15T09:49:31Z",
        "status": "succeeded"
      }
    },
    {
      "RequestUri": "https://endpointhealth-insights/radiology-insights/jobs/jobId-1713174570658?api-version=2024-04-01",
      "RequestMethod": "GET",
      "RequestHeaders": {
        "Accept": "application/json",
        "Accept-Encoding": "gzip,deflate",
        "Connection": "keep-alive",
        "Ocp-Apim-Subscription-Key": "fake_key",
        "User-Agent": "azsdk-js-health-insights-radiologyinsights-rest/1.0.0-beta.1 core-rest-pipeline/1.15.2 Node/20.11.0 OS/(x64-Windows_NT-10.0.22631)",
        "x-ms-client-request-id": "482c47b1-447b-4580-9939-9395b19dabc7"
      },
      "RequestBody": null,
      "StatusCode": 200,
      "ResponseHeaders": {
        "apim-request-id": "4ccba657-c850-4997-9acc-0edefac52410",
        "Content-Length": "3206",
        "Content-Type": "application/json; charset=utf-8",
        "Date": "Mon, 15 Apr 2024 09:49:33 GMT",
        "Strict-Transport-Security": "max-age=31536000; includeSubDomains; preload",
        "X-Content-Type-Options": "nosniff",
        "x-envoy-upstream-service-time": "13",
        "x-ms-region": "East US"
      },
      "ResponseBody": {
        "result": {
          "patientResults": [
            {
              "patientId": "Samantha Jones",
              "inferences": [
                {
                  "kind": "followupCommunication",
                  "dateTime": [
                    "2016-07-06T15:00:00"
                  ],
                  "recipient": [
                    "unknown"
                  ],
                  "wasAcknowledged": false,
                  "extension": [
                    {
                      "extension": [
                        {
                          "url": "reference",
                          "valueReference": {
                            "reference": "docid1"
                          }
                        },
                        {
                          "url": "offset",
                          "valueInteger": 19
                        },
                        {
                          "url": "length",
                          "valueInteger": 5
                        }
                      ],
                      "url": "http://hl7.org/fhir/StructureDefinition/derivation-reference"
                    },
                    {
                      "extension": [
                        {
                          "url": "reference",
                          "valueReference": {
                            "reference": "docid1"
                          }
                        },
                        {
                          "url": "offset",
                          "valueInteger": 28
                        },
                        {
                          "url": "length",
                          "valueInteger": 12
                        }
                      ],
                      "url": "http://hl7.org/fhir/StructureDefinition/derivation-reference"
                    },
                    {
                      "extension": [
                        {
                          "url": "reference",
                          "valueReference": {
                            "reference": "docid1"
                          }
                        },
                        {
                          "url": "offset",
                          "valueInteger": 44
                        },
                        {
                          "url": "length",
                          "valueInteger": 11
                        }
                      ],
                      "url": "http://hl7.org/fhir/StructureDefinition/derivation-reference"
                    },
                    {
                      "extension": [
                        {
                          "url": "reference",
                          "valueReference": {
                            "reference": "docid1"
                          }
                        },
                        {
                          "url": "offset",
                          "valueInteger": 56
                        },
                        {
                          "url": "length",
                          "valueInteger": 2
                        }
                      ],
                      "url": "http://hl7.org/fhir/StructureDefinition/derivation-reference"
                    },
                    {
                      "extension": [
                        {
                          "url": "reference",
                          "valueReference": {
                            "reference": "docid1"
                          }
                        },
                        {
                          "url": "offset",
                          "valueInteger": 59
                        },
                        {
                          "url": "length",
                          "valueInteger": 4
                        }
                      ],
                      "url": "http://hl7.org/fhir/StructureDefinition/derivation-reference"
                    }
                  ]
                },
                {
                  "kind": "followupCommunication",
                  "recipient": [
                    "physicianAssistant"
                  ],
                  "wasAcknowledged": false,
                  "extension": [
                    {
                      "extension": [
                        {
                          "url": "reference",
                          "valueReference": {
                            "reference": "docid1"
                          }
                        },
                        {
                          "url": "offset",
                          "valueInteger": 83
                        },
                        {
                          "url": "length",
                          "valueInteger": 4
                        }
                      ],
                      "url": "http://hl7.org/fhir/StructureDefinition/derivation-reference"
                    },
                    {
                      "extension": [
                        {
                          "url": "reference",
                          "valueReference": {
                            "reference": "docid1"
                          }
                        },
                        {
                          "url": "offset",
                          "valueInteger": 88
                        },
                        {
                          "url": "length",
                          "valueInteger": 3
                        }
                      ],
                      "url": "http://hl7.org/fhir/StructureDefinition/derivation-reference"
                    },
                    {
                      "extension": [
                        {
                          "url": "reference",
                          "valueReference": {
                            "reference": "docid1"
                          }
                        },
                        {
                          "url": "offset",
                          "valueInteger": 92
                        },
                        {
                          "url": "length",
                          "valueInteger": 11
                        }
                      ],
                      "url": "http://hl7.org/fhir/StructureDefinition/derivation-reference"
                    },
                    {
                      "extension": [
                        {
                          "url": "reference",
                          "valueReference": {
                            "reference": "docid1"
                          }
                        },
                        {
                          "url": "offset",
                          "valueInteger": 107
                        },
                        {
                          "url": "length",
                          "valueInteger": 16
                        }
                      ],
                      "url": "http://hl7.org/fhir/StructureDefinition/derivation-reference"
                    }
                  ]
                },
                {
                  "procedureCodes": [
                    {
                      "coding": [
                        {
                          "system": "http://loinc.org",
                          "code": "44115-4",
                          "display": "CT ABDOMEN AND PELVIS"
                        }
                      ]
                    }
                  ],
                  "imagingProcedures": [
                    {
                      "modality": {
                        "coding": [
                          {
                            "system": "http://snomed.info/sct",
                            "code": "77477000",
                            "display": "COMPUTERIZED AXIAL TOMOGRAPHY (PROCEDURE)"
                          }
                        ]
                      },
                      "anatomy": {
                        "coding": [
                          {
                            "system": "http://snomed.info/sct",
                            "code": "113345001",
                            "display": "ABDOMINAL STRUCTURE (BODY STRUCTURE)"
                          }
                        ]
                      }
                    },
                    {
                      "modality": {
                        "coding": [
                          {
                            "system": "http://snomed.info/sct",
                            "code": "77477000",
                            "display": "COMPUTERIZED AXIAL TOMOGRAPHY (PROCEDURE)"
                          }
                        ]
                      },
                      "anatomy": {
                        "coding": [
                          {
                            "system": "http://snomed.info/sct",
                            "code": "12921003",
                            "display": "PELVIC STRUCTURE (BODY STRUCTURE)"
                          }
                        ]
                      }
                    }
                  ],
                  "orderedProcedure": {
                    "code": {
                      "coding": [
                        {
                          "code": "111111"
                        }
                      ]
                    },
                    "description": "CT ABD/PELVIS."
                  },
                  "kind": "radiologyProcedure"
                }
              ]
            }
          ],
          "modelVersion": "2024-01-19-preview"
        },
        "id": "jobId-1713174570658",
        "createdAt": "2024-04-15T09:49:29Z",
        "expiresAt": "2024-04-16T09:49:29Z",
        "updatedAt": "2024-04-15T09:49:31Z",
        "status": "succeeded"
      }
    }
  ],
  "Variables": {}
}
