{
  "Entries": [
    {
      "RequestUri": "https://subdomain.search.windows.net/synonymmaps?api-version=2024-03-01-Preview&$select=name",
      "RequestMethod": "GET",
      "RequestHeaders": {
        "Accept": "application/json;odata.metadata=minimal",
        "Accept-Encoding": "gzip,deflate",
        "Authorization": "Sanitized",
        "Connection": "keep-alive",
        "User-Agent": "azsdk-js-search-documents/12.1.0-beta.1 core-rest-pipeline/1.16.1 Node/18.19.1 OS/(x64-Linux-6.5.0-1018-azure)",
        "x-ms-client-request-id": "e54b5ffd-1c7c-476d-aaaf-69221ac86067"
      },
      "RequestBody": null,
      "StatusCode": 200,
      "ResponseHeaders": {
        "Content-Encoding": "gzip",
        "Content-Type": "application/json; odata.metadata=minimal; odata.streaming=true; charset=utf-8",
        "Date": "Thu, 09 May 2024 22:35:40 GMT",
        "elapsed-time": "7",
        "OData-Version": "4.0",
        "Preference-Applied": "odata.include-annotations=\"*\"",
        "request-id": "e54b5ffd-1c7c-476d-aaaf-69221ac86067",
        "Server": "Microsoft-IIS/10.0",
        "Strict-Transport-Security": [
          "max-age=2592000",
          "max-age=15724800; includeSubDomains"
        ],
        "Transfer-Encoding": "chunked",
        "Vary": "Accept-Encoding"
      },
      "ResponseBody": {
        "@odata.context": "https://subdomain.search.windows.net/$metadata#synonymmaps(name)",
        "value": []
      }
    },
    {
      "RequestUri": "https://subdomain.search.windows.net/synonymmaps?api-version=2024-03-01-Preview",
      "RequestMethod": "POST",
      "RequestHeaders": {
        "Accept": "application/json;odata.metadata=minimal",
        "Accept-Encoding": "gzip,deflate",
        "Authorization": "Sanitized",
        "Connection": "keep-alive",
        "Content-Length": "133",
        "Content-Type": "application/json",
        "User-Agent": "azsdk-js-search-documents/12.1.0-beta.1 core-rest-pipeline/1.16.1 Node/18.19.1 OS/(x64-Linux-6.5.0-1018-azure)",
        "x-ms-client-request-id": "13c37b91-99d1-4638-a99c-6d620687312c"
      },
      "RequestBody": {
        "name": "my-azure-synonymmap-1",
        "format": "solr",
        "synonyms": "United States, United States of America => USA\nWashington, Wash. => WA"
      },
      "StatusCode": 201,
      "ResponseHeaders": {
        "Content-Type": "application/json; odata.metadata=minimal; odata.streaming=true; charset=utf-8",
        "Date": "Thu, 09 May 2024 22:35:40 GMT",
        "elapsed-time": "21",
        "ETag": "\"0x8DC70785B2C7C3A\"",
        "Location": "https://subdomain.search.windows.net/synonymmaps('my-azure-synonymmap-1')?api-version=2024-03-01-Preview",
        "OData-Version": "4.0",
        "Preference-Applied": "odata.include-annotations=\"*\"",
        "request-id": "13c37b91-99d1-4638-a99c-6d620687312c",
        "Server": "Microsoft-IIS/10.0",
        "Strict-Transport-Security": [
          "max-age=2592000",
          "max-age=15724800; includeSubDomains"
        ],
        "Transfer-Encoding": "chunked"
      },
      "ResponseBody": {
        "@odata.context": "https://subdomain.search.windows.net/$metadata#synonymmaps/$entity",
        "@odata.etag": "\"0x8DC70785B2C7C3A\"",
        "name": "my-azure-synonymmap-1",
        "format": "solr",
        "synonyms": "United States, United States of America => USA\nWashington, Wash. => WA",
        "encryptionKey": null
      }
    },
    {
      "RequestUri": "https://subdomain.search.windows.net/synonymmaps?api-version=2024-03-01-Preview",
      "RequestMethod": "POST",
      "RequestHeaders": {
        "Accept": "application/json;odata.metadata=minimal",
        "Accept-Encoding": "gzip,deflate",
        "Authorization": "Sanitized",
        "Connection": "keep-alive",
        "Content-Length": "133",
        "Content-Type": "application/json",
        "User-Agent": "azsdk-js-search-documents/12.1.0-beta.1 core-rest-pipeline/1.16.1 Node/18.19.1 OS/(x64-Linux-6.5.0-1018-azure)",
        "x-ms-client-request-id": "ce3e55be-883e-4db1-be3c-5e754122aad9"
      },
      "RequestBody": {
        "name": "my-azure-synonymmap-2",
        "format": "solr",
        "synonyms": "United States, United States of America => USA\nWashington, Wash. => WA"
      },
      "StatusCode": 201,
      "ResponseHeaders": {
        "Content-Type": "application/json; odata.metadata=minimal; odata.streaming=true; charset=utf-8",
        "Date": "Thu, 09 May 2024 22:35:40 GMT",
        "elapsed-time": "22",
        "ETag": "\"0x8DC70785B3AC407\"",
        "Location": "https://subdomain.search.windows.net/synonymmaps('my-azure-synonymmap-2')?api-version=2024-03-01-Preview",
        "OData-Version": "4.0",
        "Preference-Applied": "odata.include-annotations=\"*\"",
        "request-id": "ce3e55be-883e-4db1-be3c-5e754122aad9",
        "Server": "Microsoft-IIS/10.0",
        "Strict-Transport-Security": [
          "max-age=2592000",
          "max-age=15724800; includeSubDomains"
        ],
        "Transfer-Encoding": "chunked"
      },
      "ResponseBody": {
        "@odata.context": "https://subdomain.search.windows.net/$metadata#synonymmaps/$entity",
        "@odata.etag": "\"0x8DC70785B3AC407\"",
        "name": "my-azure-synonymmap-2",
        "format": "solr",
        "synonyms": "United States, United States of America => USA\nWashington, Wash. => WA",
        "encryptionKey": null
      }
    },
    {
      "RequestUri": "https://subdomain.search.windows.net/indexes?api-version=2024-03-01-Preview",
      "RequestMethod": "POST",
      "RequestHeaders": {
        "Accept": "application/json;odata.metadata=minimal",
        "Accept-Encoding": "gzip,deflate",
        "Authorization": "Sanitized",
        "Connection": "keep-alive",
        "Content-Length": "707",
        "Content-Type": "application/json",
        "User-Agent": "azsdk-js-search-documents/12.1.0-beta.1 core-rest-pipeline/1.16.1 Node/18.19.1 OS/(x64-Linux-6.5.0-1018-azure)",
        "x-ms-client-request-id": "80dded66-562b-418c-9686-fd5e9329250d"
      },
      "RequestBody": {
        "name": "hotel-live-test-1097089",
        "fields": [
          {
            "name": "id",
            "type": "Edm.String",
            "key": true,
            "searchable": false,
            "filterable": false,
            "sortable": false,
            "facetable": false
          },
          {
            "name": "awesomenessLevel",
            "type": "Edm.Double",
            "searchable": false,
            "filterable": true,
            "sortable": true,
            "facetable": true
          },
          {
            "name": "description",
            "type": "Edm.String",
            "searchable": true,
            "filterable": false,
            "sortable": false,
            "facetable": false
          },
          {
            "name": "details",
            "type": "Edm.ComplexType",
            "fields": [
              {
                "name": "tags",
                "type": "Collection(Edm.String)",
                "searchable": true,
                "filterable": false,
                "sortable": false,
                "facetable": false
              }
            ]
          },
          {
            "name": "hiddenWeight",
            "type": "Edm.Int32",
            "retrievable": false,
            "searchable": false,
            "filterable": false,
            "sortable": false,
            "facetable": false
          }
        ]
      },
      "StatusCode": 201,
      "ResponseHeaders": {
        "Content-Type": "application/json; odata.metadata=minimal; odata.streaming=true; charset=utf-8",
        "Date": "Thu, 09 May 2024 22:35:41 GMT",
        "elapsed-time": "635",
        "ETag": "\"0x8DC70785BA40C05\"",
        "Location": "https://subdomain.search.windows.net/indexes('hotel-live-test-1097089')?api-version=2024-03-01-Preview",
        "OData-Version": "4.0",
        "Preference-Applied": "odata.include-annotations=\"*\"",
        "request-id": "80dded66-562b-418c-9686-fd5e9329250d",
        "Server": "Microsoft-IIS/10.0",
        "Strict-Transport-Security": [
          "max-age=2592000",
          "max-age=15724800; includeSubDomains"
        ],
        "Transfer-Encoding": "chunked"
      },
      "ResponseBody": {
        "@odata.context": "https://subdomain.search.windows.net/$metadata#indexes/$entity",
        "@odata.etag": "\"0x8DC70785BA40C05\"",
        "name": "hotel-live-test-1097089",
        "defaultScoringProfile": null,
        "fields": [
          {
            "name": "id",
            "type": "Edm.String",
            "searchable": false,
            "filterable": false,
            "retrievable": true,
            "stored": true,
            "sortable": false,
            "facetable": false,
            "key": true,
            "indexAnalyzer": null,
            "searchAnalyzer": null,
            "analyzer": null,
            "normalizer": null,
            "dimensions": null,
            "vectorSearchProfile": null,
            "synonymMaps": []
          },
          {
            "name": "awesomenessLevel",
            "type": "Edm.Double",
            "searchable": false,
            "filterable": true,
            "retrievable": true,
            "stored": true,
            "sortable": true,
            "facetable": true,
            "key": false,
            "indexAnalyzer": null,
            "searchAnalyzer": null,
            "analyzer": null,
            "normalizer": null,
            "dimensions": null,
            "vectorSearchProfile": null,
            "synonymMaps": []
          },
          {
            "name": "description",
            "type": "Edm.String",
            "searchable": true,
            "filterable": false,
            "retrievable": true,
            "stored": true,
            "sortable": false,
            "facetable": false,
            "key": false,
            "indexAnalyzer": null,
            "searchAnalyzer": null,
            "analyzer": null,
            "normalizer": null,
            "dimensions": null,
            "vectorSearchProfile": null,
            "synonymMaps": []
          },
          {
            "name": "details",
            "type": "Edm.ComplexType",
            "fields": [
              {
                "name": "tags",
                "type": "Collection(Edm.String)",
                "searchable": true,
                "filterable": false,
                "retrievable": true,
                "stored": true,
                "sortable": false,
                "facetable": false,
                "key": false,
                "indexAnalyzer": null,
                "searchAnalyzer": null,
                "analyzer": null,
                "normalizer": null,
                "dimensions": null,
                "vectorSearchProfile": null,
                "synonymMaps": []
              }
            ]
          },
          {
            "name": "hiddenWeight",
            "type": "Edm.Int32",
            "searchable": false,
            "filterable": false,
            "retrievable": false,
            "stored": true,
            "sortable": false,
            "facetable": false,
            "key": false,
            "indexAnalyzer": null,
            "searchAnalyzer": null,
            "analyzer": null,
            "normalizer": null,
            "dimensions": null,
            "vectorSearchProfile": null,
            "synonymMaps": []
          }
        ],
        "scoringProfiles": [],
        "corsOptions": null,
        "suggesters": [],
        "analyzers": [],
        "normalizers": [],
        "tokenizers": [],
        "tokenFilters": [],
        "charFilters": [],
        "encryptionKey": null,
        "similarity": {
          "@odata.type": "#Microsoft.Azure.Search.BM25Similarity",
          "k1": null,
          "b": null
        },
        "semantic": null,
        "vectorSearch": null
      }
    },
    {
      "RequestUri": "https://subdomain.search.windows.net/synonymmaps('garbxyz')?api-version=2024-03-01-Preview",
      "RequestMethod": "GET",
      "RequestHeaders": {
        "Accept": "application/json;odata.metadata=minimal",
        "Accept-Encoding": "gzip,deflate",
        "Authorization": "Sanitized",
        "Connection": "keep-alive",
        "User-Agent": "azsdk-js-search-documents/12.1.0-beta.1 core-rest-pipeline/1.16.1 Node/18.19.1 OS/(x64-Linux-6.5.0-1018-azure)",
        "x-ms-client-request-id": "e8a9946d-6882-4dfb-8dc8-ae2f35334638"
      },
      "RequestBody": null,
      "StatusCode": 404,
      "ResponseHeaders": {
        "Cache-Control": "no-store, no-cache",
        "Content-Language": "en",
        "Content-Length": "106",
        "Content-Type": "application/json; charset=utf-8",
        "Date": "Thu, 09 May 2024 22:35:45 GMT",
        "elapsed-time": "87",
        "Expires": "-1",
        "Pragma": "no-cache",
        "request-id": "e8a9946d-6882-4dfb-8dc8-ae2f35334638",
        "Server": "Microsoft-IIS/10.0",
        "Strict-Transport-Security": "max-age=15724800; includeSubDomains"
      },
      "ResponseBody": {
        "error": {
          "code": "",
          "message": "No synonym map with the name 'garbxyz' was found in service 'subdomain'."
        }
      }
    },
    {
      "RequestUri": "https://subdomain.search.windows.net/indexes('hotel-live-test-1097089')?api-version=2024-03-01-Preview",
      "RequestMethod": "DELETE",
      "RequestHeaders": {
        "Accept": "application/json;odata.metadata=minimal",
        "Accept-Encoding": "gzip,deflate",
        "Authorization": "Sanitized",
        "Connection": "keep-alive",
        "User-Agent": "azsdk-js-search-documents/12.1.0-beta.1 core-rest-pipeline/1.16.1 Node/18.19.1 OS/(x64-Linux-6.5.0-1018-azure)",
        "x-ms-client-request-id": "60af3fa2-2773-43c5-9532-aa5ed911118b"
      },
      "RequestBody": null,
      "StatusCode": 204,
      "ResponseHeaders": {
        "Date": "Thu, 09 May 2024 22:35:45 GMT",
        "elapsed-time": "230",
        "Preference-Applied": "odata.include-annotations=\"*\"",
        "request-id": "60af3fa2-2773-43c5-9532-aa5ed911118b",
        "Server": "Microsoft-IIS/10.0",
        "Strict-Transport-Security": [
          "max-age=2592000",
          "max-age=15724800; includeSubDomains"
        ]
      },
      "ResponseBody": null
    },
    {
      "RequestUri": "https://subdomain.search.windows.net/synonymmaps('my-azure-synonymmap-1')?api-version=2024-03-01-Preview",
      "RequestMethod": "DELETE",
      "RequestHeaders": {
        "Accept": "application/json;odata.metadata=minimal",
        "Accept-Encoding": "gzip,deflate",
        "Authorization": "Sanitized",
        "Connection": "keep-alive",
        "User-Agent": "azsdk-js-search-documents/12.1.0-beta.1 core-rest-pipeline/1.16.1 Node/18.19.1 OS/(x64-Linux-6.5.0-1018-azure)",
        "x-ms-client-request-id": "5d7f34da-883a-4a39-a25f-a5da9bf56346"
      },
      "RequestBody": null,
      "StatusCode": 204,
      "ResponseHeaders": {
        "Date": "Thu, 09 May 2024 22:35:50 GMT",
        "elapsed-time": "13",
        "Preference-Applied": "odata.include-annotations=\"*\"",
        "request-id": "5d7f34da-883a-4a39-a25f-a5da9bf56346",
        "Server": "Microsoft-IIS/10.0",
        "Strict-Transport-Security": [
          "max-age=2592000",
          "max-age=15724800; includeSubDomains"
        ]
      },
      "ResponseBody": null
    },
    {
      "RequestUri": "https://subdomain.search.windows.net/synonymmaps('my-azure-synonymmap-2')?api-version=2024-03-01-Preview",
      "RequestMethod": "DELETE",
      "RequestHeaders": {
        "Accept": "application/json;odata.metadata=minimal",
        "Accept-Encoding": "gzip,deflate",
        "Authorization": "Sanitized",
        "Connection": "keep-alive",
        "User-Agent": "azsdk-js-search-documents/12.1.0-beta.1 core-rest-pipeline/1.16.1 Node/18.19.1 OS/(x64-Linux-6.5.0-1018-azure)",
        "x-ms-client-request-id": "1bfc6423-f7b5-46d3-905e-d3723cfea42c"
      },
      "RequestBody": null,
      "StatusCode": 204,
      "ResponseHeaders": {
        "Date": "Thu, 09 May 2024 22:35:50 GMT",
        "elapsed-time": "12",
        "Preference-Applied": "odata.include-annotations=\"*\"",
        "request-id": "1bfc6423-f7b5-46d3-905e-d3723cfea42c",
        "Server": "Microsoft-IIS/10.0",
        "Strict-Transport-Security": [
          "max-age=2592000",
          "max-age=15724800; includeSubDomains"
        ]
      },
      "ResponseBody": null
    }
  ],
  "Variables": {
    "TEST_INDEX_NAME": "hotel-live-test-1097089"
  }
}
