{
  "Entries": [
    {
      "RequestUri": "https://sanitized.communication.azure.com/identities?api-version=2021-03-07",
      "RequestMethod": "POST",
      "RequestHeaders": {
        "Accept": "application/json",
        "Authorization": "Sanitized",
        "Content-Length": "2",
        "Content-Type": "application/json",
        "traceparent": "00-8fc5fce411356eff8dcdd0456fa15313-b4ccfe24d2923dea-00",
        "User-Agent": "azsdk-net-Communication.Identity/1.3.0-alpha.20230920.1 (.NET 7.0.11; Microsoft Windows 10.0.22621)",
        "x-ms-client-request-id": "3edd5128814db375d40ecadd848bbbc4",
        "x-ms-content-sha256": "Sanitized",
        "x-ms-date": "Thu, 21 Sep 2023 00:41:13 GMT",
        "x-ms-return-client-request-id": "true"
      },
      "RequestBody": {},
      "StatusCode": 201,
      "ResponseHeaders": {
        "api-supported-versions": "2020-07-20-preview2, 2021-02-22-preview1, 2021-03-07, 2021-10-31-preview, 2021-11-01, 2022-06-01, 2022-10-01, 2023-08-01, 2023-10-01",
        "Content-Length": "101",
        "Content-Type": "application/json; charset=utf-8",
        "Date": "Thu, 21 Sep 2023 00:41:13 GMT",
        "MS-CV": "Wt6Yh/99Yki4Kbk/SFDH0A.0",
        "Request-Context": "appId=",
        "Strict-Transport-Security": "max-age=2592000",
        "X-Azure-Ref": "0KpELZQAAAAA\u002BwnazYbbHSaJkTEqXcMf8WVZSMzExMDAwMTE1MDI1AGYwOWE0YzEzLTIxZjEtNDhlYy05Y2Y3LTY2NTQ1Njg0YjY0Mg==",
        "X-Cache": "CONFIG_NOCACHE",
        "x-ms-client-request-id": "3edd5128814db375d40ecadd848bbbc4",
        "X-Processing-Time": "27ms"
      },
      "ResponseBody": {
        "identity": {
          "id": "8:acs:8b1e6004-98fe-4e87-80c1-56087ffec93b_0000001b-5510-b08a-b688-09482200b73f"
        }
      }
    },
    {
      "RequestUri": "https://sanitized.communication.azure.com/identities?api-version=2021-03-07",
      "RequestMethod": "POST",
      "RequestHeaders": {
        "Accept": "application/json",
        "Authorization": "Sanitized",
        "Content-Length": "2",
        "Content-Type": "application/json",
        "traceparent": "00-fe25cd1ce47fe9fbf9bf240e2472f0e5-97bd1a92ee5381ec-00",
        "User-Agent": "azsdk-net-Communication.Identity/1.3.0-alpha.20230920.1 (.NET 7.0.11; Microsoft Windows 10.0.22621)",
        "x-ms-client-request-id": "53501984d98ffd57ae6783e9b9c3553c",
        "x-ms-content-sha256": "Sanitized",
        "x-ms-date": "Thu, 21 Sep 2023 00:41:13 GMT",
        "x-ms-return-client-request-id": "true"
      },
      "RequestBody": {},
      "StatusCode": 201,
      "ResponseHeaders": {
        "api-supported-versions": "2020-07-20-preview2, 2021-02-22-preview1, 2021-03-07, 2021-10-31-preview, 2021-11-01, 2022-06-01, 2022-10-01, 2023-08-01, 2023-10-01",
        "Content-Length": "101",
        "Content-Type": "application/json; charset=utf-8",
        "Date": "Thu, 21 Sep 2023 00:41:13 GMT",
        "MS-CV": "uaZ8/Jk5kEWB9c9OIa624g.0",
        "Request-Context": "appId=",
        "Strict-Transport-Security": "max-age=2592000",
        "X-Azure-Ref": "0KpELZQAAAADYLL6FZwskT44kHKe7Mc8cWVZSMzExMDAwMTE1MDI1AGYwOWE0YzEzLTIxZjEtNDhlYy05Y2Y3LTY2NTQ1Njg0YjY0Mg==",
        "X-Cache": "CONFIG_NOCACHE",
        "x-ms-client-request-id": "53501984d98ffd57ae6783e9b9c3553c",
        "X-Processing-Time": "16ms"
      },
      "ResponseBody": {
        "identity": {
          "id": "8:acs:8b1e6004-98fe-4e87-80c1-56087ffec93b_0000001b-5510-b0b7-b688-09482200b740"
        }
      }
    },
    {
      "RequestUri": "https://sanitized.communication.azure.com/identities?api-version=2021-03-07",
      "RequestMethod": "POST",
      "RequestHeaders": {
        "Accept": "application/json",
        "Authorization": "Sanitized",
        "Content-Length": "2",
        "Content-Type": "application/json",
        "traceparent": "00-e489b3e3a103be5b2192fa338c658c12-ba637fbb7f0eb364-00",
        "User-Agent": "azsdk-net-Communication.Identity/1.3.0-alpha.20230920.1 (.NET 7.0.11; Microsoft Windows 10.0.22621)",
        "x-ms-client-request-id": "6132a147dc55942549779cc3dfaae33c",
        "x-ms-content-sha256": "Sanitized",
        "x-ms-date": "Thu, 21 Sep 2023 00:41:13 GMT",
        "x-ms-return-client-request-id": "true"
      },
      "RequestBody": {},
      "StatusCode": 201,
      "ResponseHeaders": {
        "api-supported-versions": "2020-07-20-preview2, 2021-02-22-preview1, 2021-03-07, 2021-10-31-preview, 2021-11-01, 2022-06-01, 2022-10-01, 2023-08-01, 2023-10-01",
        "Content-Length": "101",
        "Content-Type": "application/json; charset=utf-8",
        "Date": "Thu, 21 Sep 2023 00:41:14 GMT",
        "MS-CV": "xvZ4tOmbOEiHSfpy2dBa0w.0",
        "Request-Context": "appId=",
        "Strict-Transport-Security": "max-age=2592000",
        "X-Azure-Ref": "0KpELZQAAAACitBggNJjhTqRKNVfu4LmpWVZSMzExMDAwMTE1MDI1AGYwOWE0YzEzLTIxZjEtNDhlYy05Y2Y3LTY2NTQ1Njg0YjY0Mg==",
        "X-Cache": "CONFIG_NOCACHE",
        "x-ms-client-request-id": "6132a147dc55942549779cc3dfaae33c",
        "X-Processing-Time": "14ms"
      },
      "ResponseBody": {
        "identity": {
          "id": "8:acs:8b1e6004-98fe-4e87-80c1-56087ffec93b_0000001b-5510-b0e3-b688-09482200b741"
        }
      }
    },
    {
      "RequestUri": "https://sanitized.communication.azure.com/rooms?api-version=2023-10-30-preview",
      "RequestMethod": "POST",
      "RequestHeaders": {
        "Accept": "application/json",
        "Authorization": "Sanitized",
        "Content-Length": "298",
        "Content-Type": "application/json",
        "Repeatability-First-Sent": "Thu, 21 Sep 2023 00:41:14 GMT",
        "Repeatability-Request-ID": "a3e01ab9-0fd3-40b3-a54c-e4bff5b4ad2b",
        "traceparent": "00-b055232f3eb36818aa208febf7a96a89-dd58b11ddfd775df-00",
        "User-Agent": "azsdk-net-Communication.Rooms/1.1.0-alpha.20230920.1 (.NET 7.0.11; Microsoft Windows 10.0.22621)",
        "x-ms-client-request-id": "05deea79a8154e92f9e08fe5fd8bf911",
        "x-ms-content-sha256": "Sanitized",
        "x-ms-date": "Thu, 21 Sep 2023 00:41:14 GMT",
        "x-ms-return-client-request-id": "true"
      },
      "RequestBody": {
        "validFrom": "Sanitized",
        "validUntil": "Sanitized",
        "pstnDialOutEnabled": true,
        "participants": {
          "8:acs:8b1e6004-98fe-4e87-80c1-56087ffec93b_0000001b-5510-b08a-b688-09482200b73f": {
            "role": "Presenter"
          },
          "8:acs:8b1e6004-98fe-4e87-80c1-56087ffec93b_0000001b-5510-b0b7-b688-09482200b740": {
            "role": "Attendee"
          }
        }
      },
      "StatusCode": 201,
      "ResponseHeaders": {
        "api-deprecated-versions": "2021-04-07, 2022-02-01",
        "api-supported-versions": "2023-03-31-preview, 2023-06-14, 2023-10-30-preview",
        "Content-Type": "application/json; charset=utf-8",
        "Date": "Thu, 21 Sep 2023 00:41:14 GMT",
        "Location": "99471085276566003",
        "MS-CV": "vBbmfmyAoEerGzp0MKP7sg.0",
        "Repeatability-Result": "accepted",
        "Request-Context": "appId=",
        "Transfer-Encoding": "chunked",
        "X-Azure-Ref": "0KpELZQAAAAAKXrMYnSGcQ6YkiKr4RaczWVZSMzExMDAwMTE1MDI1AGYwOWE0YzEzLTIxZjEtNDhlYy05Y2Y3LTY2NTQ1Njg0YjY0Mg==",
        "X-Cache": "CONFIG_NOCACHE"
      },
      "ResponseBody": {
        "id": "99471085276566003",
        "createdAt": "2023-09-21T00:41:14.4490767\u002B00:00",
        "validFrom": "2023-09-21T00:41:14.0436696\u002B00:00",
        "validUntil": "2023-09-22T00:41:14.0436696\u002B00:00",
        "pstnDialOutEnabled": true
      }
    },
    {
      "RequestUri": "https://sanitized.communication.azure.com/rooms/Sanitized?api-version=2023-10-30-preview",
      "RequestMethod": "GET",
      "RequestHeaders": {
        "Accept": "application/json",
        "Authorization": "Sanitized",
        "traceparent": "00-ba948db7f9c71f22fb785792763179b2-24a385b247045fb5-00",
        "User-Agent": "azsdk-net-Communication.Rooms/1.1.0-alpha.20230920.1 (.NET 7.0.11; Microsoft Windows 10.0.22621)",
        "x-ms-client-request-id": "e2958db95a59a76ff4bb09183c941d04",
        "x-ms-content-sha256": "Sanitized",
        "x-ms-date": "Thu, 21 Sep 2023 00:41:14 GMT",
        "x-ms-return-client-request-id": "true"
      },
      "RequestBody": null,
      "StatusCode": 200,
      "ResponseHeaders": {
        "api-deprecated-versions": "2021-04-07, 2022-02-01",
        "api-supported-versions": "2023-03-31-preview, 2023-06-14, 2023-10-30-preview",
        "Content-Type": "application/json; charset=utf-8",
        "Date": "Thu, 21 Sep 2023 00:41:14 GMT",
        "MS-CV": "ksb0hJGp8k2u1OEY/As/Mg.0",
        "Request-Context": "appId=",
        "Transfer-Encoding": "chunked",
        "X-Azure-Ref": "0KpELZQAAAABagsveDYMtRIPBH6roDUNZWVZSMzExMDAwMTE1MDI1AGYwOWE0YzEzLTIxZjEtNDhlYy05Y2Y3LTY2NTQ1Njg0YjY0Mg==",
        "X-Cache": "CONFIG_NOCACHE"
      },
      "ResponseBody": {
        "id": "99471085276566003",
        "createdAt": "2023-09-21T00:41:14.4490767\u002B00:00",
        "validFrom": "2023-09-21T00:41:14.0436696\u002B00:00",
        "validUntil": "2023-09-22T00:41:14.0436696\u002B00:00",
        "pstnDialOutEnabled": true
      }
    },
    {
      "RequestUri": "https://sanitized.communication.azure.com/rooms/Sanitized?api-version=2023-10-30-preview",
      "RequestMethod": "PATCH",
      "RequestHeaders": {
        "Accept": "application/json",
        "Authorization": "Sanitized",
        "Content-Length": "77",
        "Content-Type": "application/merge-patch\u002Bjson",
        "traceparent": "00-9b957121de8e3096d13e65d9c031ee12-0f80545a95c462ae-00",
        "User-Agent": "azsdk-net-Communication.Rooms/1.1.0-alpha.20230920.1 (.NET 7.0.11; Microsoft Windows 10.0.22621)",
        "x-ms-client-request-id": "cf70468350e59f270fe367754d3f97be",
        "x-ms-content-sha256": "Sanitized",
        "x-ms-date": "Thu, 21 Sep 2023 00:41:14 GMT",
        "x-ms-return-client-request-id": "true"
      },
      "RequestBody": {
        "validFrom": "Sanitized",
        "validUntil": "Sanitized",
        "pstnDialOutEnabled": false
      },
      "StatusCode": 200,
      "ResponseHeaders": {
        "api-deprecated-versions": "2021-04-07, 2022-02-01",
        "api-supported-versions": "2023-03-31-preview, 2023-06-14, 2023-10-30-preview",
        "Content-Type": "application/json; charset=utf-8",
        "Date": "Thu, 21 Sep 2023 00:41:15 GMT",
        "MS-CV": "tzJm\u002BWx/IUuDYJadJpCTkQ.0",
        "Request-Context": "appId=",
        "Transfer-Encoding": "chunked",
        "X-Azure-Ref": "0KpELZQAAAAAqU/J0OvqzTKKoDZNLR/hPWVZSMzExMDAwMTE1MDI1AGYwOWE0YzEzLTIxZjEtNDhlYy05Y2Y3LTY2NTQ1Njg0YjY0Mg==",
        "X-Cache": "CONFIG_NOCACHE"
      },
      "ResponseBody": {
        "id": "99471085276566003",
        "createdAt": "2023-09-21T00:41:14.4490767\u002B00:00",
        "validFrom": "2023-10-21T00:41:14.0436696\u002B00:00",
        "validUntil": "2023-10-22T00:41:14.0436696\u002B00:00",
        "pstnDialOutEnabled": false
      }
    },
    {
      "RequestUri": "https://sanitized.communication.azure.com/rooms/Sanitized?api-version=2023-10-30-preview",
      "RequestMethod": "DELETE",
      "RequestHeaders": {
        "Accept": "application/json",
        "Authorization": "Sanitized",
        "traceparent": "00-48547201b6be94bb93e671b4abf7b9f7-8d3b48f2d1e6bb33-00",
        "User-Agent": "azsdk-net-Communication.Rooms/1.1.0-alpha.20230920.1 (.NET 7.0.11; Microsoft Windows 10.0.22621)",
        "x-ms-client-request-id": "520a8b7d00151ee37b3611599e791164",
        "x-ms-content-sha256": "Sanitized",
        "x-ms-date": "Thu, 21 Sep 2023 00:41:15 GMT",
        "x-ms-return-client-request-id": "true"
      },
      "RequestBody": null,
      "StatusCode": 204,
      "ResponseHeaders": {
        "api-deprecated-versions": "2021-04-07, 2022-02-01",
        "api-supported-versions": "2023-03-31-preview, 2023-06-14, 2023-10-30-preview",
        "Date": "Thu, 21 Sep 2023 00:41:15 GMT",
        "MS-CV": "rPGytuskbk2enPV86eumug.0",
        "Request-Context": "appId=",
        "X-Azure-Ref": "0K5ELZQAAAACH/4Wh13RVTK\u002BgFyWLwKcEWVZSMzExMDAwMTE1MDI1AGYwOWE0YzEzLTIxZjEtNDhlYy05Y2Y3LTY2NTQ1Njg0YjY0Mg==",
        "X-Cache": "CONFIG_NOCACHE"
      },
      "ResponseBody": null
    },
    {
      "RequestUri": "https://sanitized.communication.azure.com/rooms/Sanitized?api-version=2023-10-30-preview",
      "RequestMethod": "GET",
      "RequestHeaders": {
        "Accept": "application/json",
        "Authorization": "Sanitized",
        "traceparent": "00-669d964e068dfd9f33fd4948b5585ea1-dfd54a259a8f5c9a-00",
        "User-Agent": "azsdk-net-Communication.Rooms/1.1.0-alpha.20230920.1 (.NET 7.0.11; Microsoft Windows 10.0.22621)",
        "x-ms-client-request-id": "b6628bc22a1b682b65f5d375f2f95ab5",
        "x-ms-content-sha256": "Sanitized",
        "x-ms-date": "Thu, 21 Sep 2023 00:41:15 GMT",
        "x-ms-return-client-request-id": "true"
      },
      "RequestBody": null,
      "StatusCode": 404,
      "ResponseHeaders": {
        "api-deprecated-versions": "2021-04-07, 2022-02-01",
        "api-supported-versions": "2023-03-31-preview, 2023-06-14, 2023-10-30-preview",
        "Content-Type": "application/json; charset=utf-8",
        "Date": "Thu, 21 Sep 2023 00:41:15 GMT",
        "MS-CV": "6DU\u002BJ0\u002BfrkqINA\u002B5zfAbyg.0",
        "Request-Context": "appId=",
        "Transfer-Encoding": "chunked",
        "X-Azure-Ref": "0K5ELZQAAAAALQZ86LKR7RKds988tFDYuWVZSMzExMDAwMTE1MDI1AGYwOWE0YzEzLTIxZjEtNDhlYy05Y2Y3LTY2NTQ1Njg0YjY0Mg==",
        "X-Cache": "CONFIG_NOCACHE",
        "x-ms-error-code": "NotFound"
      },
      "ResponseBody": {
        "error": {
          "code": "NotFound",
          "message": "The server cannot find the requested resource."
        }
      }
    }
  ],
  "Variables": {
    "COMMUNICATION_CONNECTION_STRING_ROOMS": "endpoint=https://rooms-ppe-eastus.ppe.communication.azure.net/;accesskey=Kg==",
    "RandomSeed": "1133028811"
  }
}
