{
  "Entries": [
    {
      "RequestUri": "https://sanitized.communication.azure.com/rooms?api-version=2023-10-30-preview",
      "RequestMethod": "POST",
      "RequestHeaders": {
        "Accept": "application/json",
        "Authorization": "Sanitized",
        "Content-Length": "77",
        "Content-Type": "application/json",
        "Repeatability-First-Sent": "Fri, 22 Sep 2023 16:54:00 GMT",
        "Repeatability-Request-ID": "dda99e9f-efb6-4f47-9435-34fe9421a5b8",
        "traceparent": "00-576c09476f51e1a2d0c658d1f7184f65-9fd4d1846d88bb06-00",
        "User-Agent": "azsdk-net-Communication.Rooms/1.1.0-alpha.20230922.1 (.NET 7.0.11; Microsoft Windows 10.0.22621)",
        "x-ms-client-request-id": "1ffa32673601b9194ec1e438f63f0eab",
        "x-ms-content-sha256": "Sanitized",
        "x-ms-date": "Fri, 22 Sep 2023 16:54:00 GMT",
        "x-ms-return-client-request-id": "true"
      },
      "RequestBody": {
        "validFrom": "Sanitized",
        "validUntil": "Sanitized",
        "pstnDialOutEnabled": false
      },
      "StatusCode": 201,
      "ResponseHeaders": {
        "api-deprecated-versions": "2021-04-07, 2022-02-01",
        "api-supported-versions": "2023-03-31-preview, 2023-06-14, 2023-10-30-preview",
        "Connection": "keep-alive",
        "Content-Type": "application/json; charset=utf-8",
        "Date": "Fri, 22 Sep 2023 16:54:00 GMT",
        "Location": "99498342612128841",
        "MS-CV": "7GvNAaUVQE201xQsY5SHqQ.0",
        "Repeatability-Result": "accepted",
        "Request-Context": "appId=",
        "Transfer-Encoding": "chunked",
        "x-azure-ref": "20230922T165400Z-fckmxgbqv10x90xv9zvchk7ke80000000bhg00000001eze2",
        "X-Cache": "CONFIG_NOCACHE"
      },
      "ResponseBody": {
        "id": "99498342612128841",
        "createdAt": "2023-09-22T16:54:00.816463\u002B00:00",
        "validFrom": "2023-09-22T16:54:00.1681189\u002B00:00",
        "validUntil": "2023-09-23T16:54:00.1681189\u002B00:00",
        "pstnDialOutEnabled": false
      }
    },
    {
      "RequestUri": "https://sanitized.communication.azure.com/rooms/Sanitized?api-version=2023-10-30-preview",
      "RequestMethod": "GET",
      "RequestHeaders": {
        "Accept": "application/json",
        "Authorization": "Sanitized",
        "traceparent": "00-55f5779de3119173906180e81bd30b72-af6cdad7301a1a21-00",
        "User-Agent": "azsdk-net-Communication.Rooms/1.1.0-alpha.20230922.1 (.NET 7.0.11; Microsoft Windows 10.0.22621)",
        "x-ms-client-request-id": "0e320c2d4f63809f490c4a01451f0511",
        "x-ms-content-sha256": "Sanitized",
        "x-ms-date": "Fri, 22 Sep 2023 16:54:00 GMT",
        "x-ms-return-client-request-id": "true"
      },
      "RequestBody": null,
      "StatusCode": 200,
      "ResponseHeaders": {
        "api-deprecated-versions": "2021-04-07, 2022-02-01",
        "api-supported-versions": "2023-03-31-preview, 2023-06-14, 2023-10-30-preview",
        "Connection": "keep-alive",
        "Content-Type": "application/json; charset=utf-8",
        "Date": "Fri, 22 Sep 2023 16:54:01 GMT",
        "MS-CV": "zZuMtf7sNkOu8bNUw/KlLg.0",
        "Request-Context": "appId=",
        "Transfer-Encoding": "chunked",
        "x-azure-ref": "20230922T165400Z-fckmxgbqv10x90xv9zvchk7ke80000000bhg00000001ezfs",
        "X-Cache": "CONFIG_NOCACHE"
      },
      "ResponseBody": {
        "id": "99498342612128841",
        "createdAt": "2023-09-22T16:54:00.816463\u002B00:00",
        "validFrom": "2023-09-22T16:54:00.1681189\u002B00:00",
        "validUntil": "2023-09-23T16:54:00.1681189\u002B00:00",
        "pstnDialOutEnabled": false
      }
    },
    {
      "RequestUri": "https://sanitized.communication.azure.com/rooms/Sanitized?api-version=2023-10-30-preview",
      "RequestMethod": "PATCH",
      "RequestHeaders": {
        "Accept": "application/json",
        "Authorization": "Sanitized",
        "Content-Length": "77",
        "Content-Type": "application/merge-patch\u002Bjson",
        "traceparent": "00-cd592806b030f3bd4fe9c97e43988fe6-3aef38cb53ad82b5-00",
        "User-Agent": "azsdk-net-Communication.Rooms/1.1.0-alpha.20230922.1 (.NET 7.0.11; Microsoft Windows 10.0.22621)",
        "x-ms-client-request-id": "44566973b2a3d9e382c61dda126eb3a7",
        "x-ms-content-sha256": "Sanitized",
        "x-ms-date": "Fri, 22 Sep 2023 16:54:00 GMT",
        "x-ms-return-client-request-id": "true"
      },
      "RequestBody": {
        "validFrom": "Sanitized",
        "validUntil": "Sanitized",
        "pstnDialOutEnabled": false
      },
      "StatusCode": 200,
      "ResponseHeaders": {
        "api-deprecated-versions": "2021-04-07, 2022-02-01",
        "api-supported-versions": "2023-03-31-preview, 2023-06-14, 2023-10-30-preview",
        "Connection": "keep-alive",
        "Content-Type": "application/json; charset=utf-8",
        "Date": "Fri, 22 Sep 2023 16:54:01 GMT",
        "MS-CV": "RUDix5QMrUC2xZT/NXyHPw.0",
        "Request-Context": "appId=",
        "Transfer-Encoding": "chunked",
        "x-azure-ref": "20230922T165401Z-fckmxgbqv10x90xv9zvchk7ke80000000bhg00000001ezgq",
        "X-Cache": "CONFIG_NOCACHE"
      },
      "ResponseBody": {
        "id": "99498342612128841",
        "createdAt": "2023-09-22T16:54:00.816463\u002B00:00",
        "validFrom": "2023-10-02T16:54:00.1681189\u002B00:00",
        "validUntil": "2023-10-03T16:54:00.1681189\u002B00:00",
        "pstnDialOutEnabled": false
      }
    },
    {
      "RequestUri": "https://sanitized.communication.azure.com/rooms/Sanitized?api-version=2023-10-30-preview",
      "RequestMethod": "DELETE",
      "RequestHeaders": {
        "Accept": "application/json",
        "Authorization": "Sanitized",
        "traceparent": "00-00c7726c459a01148d3bca03f82e834d-f2554061d4ebc022-00",
        "User-Agent": "azsdk-net-Communication.Rooms/1.1.0-alpha.20230922.1 (.NET 7.0.11; Microsoft Windows 10.0.22621)",
        "x-ms-client-request-id": "e141ee4e08ab17f6937ad6f4ec18742f",
        "x-ms-content-sha256": "Sanitized",
        "x-ms-date": "Fri, 22 Sep 2023 16:54:01 GMT",
        "x-ms-return-client-request-id": "true"
      },
      "RequestBody": null,
      "StatusCode": 204,
      "ResponseHeaders": {
        "api-deprecated-versions": "2021-04-07, 2022-02-01",
        "api-supported-versions": "2023-03-31-preview, 2023-06-14, 2023-10-30-preview",
        "Connection": "keep-alive",
        "Date": "Fri, 22 Sep 2023 16:54:02 GMT",
        "MS-CV": "cJyEPgPP\u002B0yCuqeRZ07dsA.0",
        "Request-Context": "appId=",
        "x-azure-ref": "20230922T165401Z-fckmxgbqv10x90xv9zvchk7ke80000000bhg00000001ezk6",
        "X-Cache": "CONFIG_NOCACHE"
      },
      "ResponseBody": null
    }
  ],
  "Variables": {
    "COMMUNICATION_CONNECTION_STRING_ROOMS": "endpoint=https://rooms-ppe-eastus.ppe.communication.azure.net/;accesskey=Kg==",
    "RandomSeed": "49240440"
  }
}
