{
  "Entries": [
    {
      "RequestUri": "https://sanitized.communication.azure.com/rooms?api-version=2025-03-13",
      "RequestMethod": "POST",
      "RequestHeaders": {
        "Accept": "application/json",
        "Authorization": "Sanitized",
        "Content-Length": "2",
        "Content-Type": "application/json",
        "Repeatability-First-Sent": "Sanitized",
        "Repeatability-Request-ID": "Sanitized",
        "traceparent": "00-97d216576032914b9572429633004596-86772b855f42d993-00",
        "User-Agent": "azsdk-net-Communication.Rooms/1.2.0-alpha.20250304.1 (.NET 8.0.13; Microsoft Windows 10.0.26100)",
        "x-ms-client-request-id": "Sanitized",
        "x-ms-content-sha256": "Sanitized",
        "x-ms-date": "Wed, 05 Mar 2025 13:00:12 GMT",
        "x-ms-return-client-request-id": "true"
      },
      "RequestBody": {},
      "StatusCode": 201,
      "ResponseHeaders": {
        "api-supported-versions": "2023-06-14, 2023-10-30-preview, 2024-04-15, 2025-03-13",
        "Connection": "keep-alive",
        "Content-Type": "application/json; charset=utf-8",
        "Date": "Wed, 05 Mar 2025 13:00:12 GMT",
        "Location": "99434700199608540",
        "MS-CV": "Sanitized",
        "Repeatability-Result": "accepted",
        "Request-Context": "appId=",
        "Strict-Transport-Security": "max-age=31536000;includeSubDomains",
        "Transfer-Encoding": "chunked",
        "x-azure-ref": "Sanitized",
        "X-Cache": "CONFIG_NOCACHE"
      },
      "ResponseBody": {
        "id": "99434700199608540",
        "createdAt": "2025-03-05T13:00:12.0745418+00:00",
        "validFrom": "2025-03-05T13:00:12.0283227+00:00",
        "validUntil": "2025-09-01T13:00:12.0283227+00:00",
        "pstnDialOutEnabled": false
      }
    },
    {
      "RequestUri": "https://sanitized.communication.azure.com/rooms/Sanitized?api-version=2025-03-13",
      "RequestMethod": "DELETE",
      "RequestHeaders": {
        "Accept": "application/json",
        "Authorization": "Sanitized",
        "traceparent": "00-4ec1ae72e7643df05769ab0c64fb79df-7e75635abafb93f4-00",
        "User-Agent": "azsdk-net-Communication.Rooms/1.2.0-alpha.20250304.1 (.NET 8.0.13; Microsoft Windows 10.0.26100)",
        "x-ms-client-request-id": "Sanitized",
        "x-ms-content-sha256": "Sanitized",
        "x-ms-date": "Wed, 05 Mar 2025 13:00:12 GMT",
        "x-ms-return-client-request-id": "true"
      },
      "RequestBody": null,
      "StatusCode": 204,
      "ResponseHeaders": {
        "api-supported-versions": "2023-06-14, 2023-10-30-preview, 2024-04-15, 2025-03-13",
        "Connection": "keep-alive",
        "Date": "Wed, 05 Mar 2025 13:00:12 GMT",
        "MS-CV": "Sanitized",
        "Request-Context": "appId=",
        "Strict-Transport-Security": "max-age=31536000;includeSubDomains",
        "x-azure-ref": "Sanitized",
        "X-Cache": "CONFIG_NOCACHE"
      },
      "ResponseBody": null
    },
    {
      "RequestUri": "https://sanitized.communication.azure.com/rooms/Sanitized?api-version=2025-03-13",
      "RequestMethod": "GET",
      "RequestHeaders": {
        "Accept": "application/json",
        "Authorization": "Sanitized",
        "traceparent": "00-e354f0ba1478e46e5a85e49f2a2a03c9-5aeb58e0d00cfa07-00",
        "User-Agent": "azsdk-net-Communication.Rooms/1.2.0-alpha.20250304.1 (.NET 8.0.13; Microsoft Windows 10.0.26100)",
        "x-ms-client-request-id": "Sanitized",
        "x-ms-content-sha256": "Sanitized",
        "x-ms-date": "Wed, 05 Mar 2025 13:00:13 GMT",
        "x-ms-return-client-request-id": "true"
      },
      "RequestBody": null,
      "StatusCode": 404,
      "ResponseHeaders": {
        "api-supported-versions": "2023-06-14, 2023-10-30-preview, 2024-04-15, 2025-03-13",
        "Connection": "keep-alive",
        "Content-Type": "application/json; charset=utf-8",
        "Date": "Wed, 05 Mar 2025 13:00:12 GMT",
        "MS-CV": "Sanitized",
        "Request-Context": "appId=",
        "Strict-Transport-Security": "max-age=31536000;includeSubDomains",
        "Transfer-Encoding": "chunked",
        "x-azure-ref": "Sanitized",
        "X-Cache": "CONFIG_NOCACHE",
        "x-ms-error-code": "NotFound"
      },
      "ResponseBody": {
        "error": {
          "code": "NotFound",
          "message": "The server cannot find the requested resource."
        }
      }
    }
  ],
  "Variables": {
    "COMMUNICATION_CONNECTION_STRING_ROOMS": "endpoint=https://rooms-ppe-eastus.unitedstates.ppe.communication.azure.net/;accesskey=Kg==",
    "RandomSeed": "1550612431"
  }
}
