{
  "Entries": [
    {
      "RequestUri": "https://sanitized.communication.azure.com/identities?api-version=2023-10-01",
      "RequestMethod": "POST",
      "RequestHeaders": {
        "Accept": "application/json",
        "Authorization": "Sanitized",
        "Content-Length": "2",
        "Content-Type": "application/json",
        "traceparent": "00-4b41a83063ad57abbaea2822a45e66de-27b6a7aab03fc615-00",
        "User-Agent": "azsdk-net-Communication.Identity/1.4.0-alpha.20250304.1 (.NET 8.0.13; Microsoft Windows 10.0.26100)",
        "x-ms-client-request-id": "Sanitized",
        "x-ms-content-sha256": "Sanitized",
        "x-ms-date": "Wed, 05 Mar 2025 13:00:20 GMT",
        "x-ms-return-client-request-id": "true"
      },
      "RequestBody": {},
      "StatusCode": 201,
      "ResponseHeaders": {
        "api-supported-versions": "2020-07-20-preview2, 2021-03-07, 2021-10-31-preview, 2021-11-01, 2022-06-01, 2022-10-01, 2023-10-01, 2025-04-01-preview",
        "Connection": "keep-alive",
        "Content-Length": "101",
        "Content-Type": "application/json; charset=utf-8",
        "Date": "Wed, 05 Mar 2025 13:00:20 GMT",
        "MS-CV": "Sanitized",
        "Request-Context": "appId=",
        "Strict-Transport-Security": "max-age=31536000;includeSubDomains",
        "x-azure-ref": "Sanitized",
        "X-Cache": "CONFIG_NOCACHE",
        "x-ms-client-request-id": "Sanitized",
        "X-Processing-Time": "16ms"
      },
      "ResponseBody": {
        "identity": {
          "id": "8:acs:8b1e6004-98fe-4e87-80c1-56087ffec93b_00000026-0646-2f34-1788-094822006282"
        }
      }
    },
    {
      "RequestUri": "https://sanitized.communication.azure.com/identities?api-version=2023-10-01",
      "RequestMethod": "POST",
      "RequestHeaders": {
        "Accept": "application/json",
        "Authorization": "Sanitized",
        "Content-Length": "2",
        "Content-Type": "application/json",
        "traceparent": "00-f9b043c4ec717f9b65e30b05fae374ba-f635b9f3db5b607b-00",
        "User-Agent": "azsdk-net-Communication.Identity/1.4.0-alpha.20250304.1 (.NET 8.0.13; Microsoft Windows 10.0.26100)",
        "x-ms-client-request-id": "Sanitized",
        "x-ms-content-sha256": "Sanitized",
        "x-ms-date": "Wed, 05 Mar 2025 13:00:20 GMT",
        "x-ms-return-client-request-id": "true"
      },
      "RequestBody": {},
      "StatusCode": 201,
      "ResponseHeaders": {
        "api-supported-versions": "2020-07-20-preview2, 2021-03-07, 2021-10-31-preview, 2021-11-01, 2022-06-01, 2022-10-01, 2023-10-01, 2025-04-01-preview",
        "Connection": "keep-alive",
        "Content-Length": "101",
        "Content-Type": "application/json; charset=utf-8",
        "Date": "Wed, 05 Mar 2025 13:00:20 GMT",
        "MS-CV": "Sanitized",
        "Request-Context": "appId=",
        "Strict-Transport-Security": "max-age=31536000;includeSubDomains",
        "x-azure-ref": "Sanitized",
        "X-Cache": "CONFIG_NOCACHE",
        "x-ms-client-request-id": "Sanitized",
        "X-Processing-Time": "16ms"
      },
      "ResponseBody": {
        "identity": {
          "id": "8:acs:8b1e6004-98fe-4e87-80c1-56087ffec93b_00000026-0646-2f85-1788-094822006283"
        }
      }
    },
    {
      "RequestUri": "https://sanitized.communication.azure.com/identities?api-version=2023-10-01",
      "RequestMethod": "POST",
      "RequestHeaders": {
        "Accept": "application/json",
        "Authorization": "Sanitized",
        "Content-Length": "2",
        "Content-Type": "application/json",
        "traceparent": "00-5390bf28d8801a15e1622a6b6a3d8784-0d4b57d038c4eec6-00",
        "User-Agent": "azsdk-net-Communication.Identity/1.4.0-alpha.20250304.1 (.NET 8.0.13; Microsoft Windows 10.0.26100)",
        "x-ms-client-request-id": "Sanitized",
        "x-ms-content-sha256": "Sanitized",
        "x-ms-date": "Wed, 05 Mar 2025 13:00:20 GMT",
        "x-ms-return-client-request-id": "true"
      },
      "RequestBody": {},
      "StatusCode": 201,
      "ResponseHeaders": {
        "api-supported-versions": "2020-07-20-preview2, 2021-03-07, 2021-10-31-preview, 2021-11-01, 2022-06-01, 2022-10-01, 2023-10-01, 2025-04-01-preview",
        "Connection": "keep-alive",
        "Content-Length": "101",
        "Content-Type": "application/json; charset=utf-8",
        "Date": "Wed, 05 Mar 2025 13:00:20 GMT",
        "MS-CV": "Sanitized",
        "Request-Context": "appId=",
        "Strict-Transport-Security": "max-age=31536000;includeSubDomains",
        "x-azure-ref": "Sanitized",
        "X-Cache": "CONFIG_NOCACHE",
        "x-ms-client-request-id": "Sanitized",
        "X-Processing-Time": "16ms"
      },
      "ResponseBody": {
        "identity": {
          "id": "8:acs:8b1e6004-98fe-4e87-80c1-56087ffec93b_00000026-0646-2fd6-1788-094822006284"
        }
      }
    },
    {
      "RequestUri": "https://sanitized.communication.azure.com/rooms?api-version=2025-03-13",
      "RequestMethod": "POST",
      "RequestHeaders": {
        "Accept": "application/json",
        "Authorization": "Sanitized",
        "Content-Length": "273",
        "Content-Type": "application/json",
        "Repeatability-First-Sent": "Sanitized",
        "Repeatability-Request-ID": "Sanitized",
        "traceparent": "00-43a643e240ec2f6fa9289ebe45179714-757bfc95d22c5b75-00",
        "User-Agent": "azsdk-net-Communication.Rooms/1.2.0-alpha.20250304.1 (.NET 8.0.13; Microsoft Windows 10.0.26100)",
        "x-ms-client-request-id": "Sanitized",
        "x-ms-content-sha256": "Sanitized",
        "x-ms-date": "Wed, 05 Mar 2025 13:00:20 GMT",
        "x-ms-return-client-request-id": "true"
      },
      "RequestBody": {
        "validFrom": "Sanitized",
        "validUntil": "Sanitized",
        "participants": {
          "8:acs:8b1e6004-98fe-4e87-80c1-56087ffec93b_00000026-0646-2f34-1788-094822006282": {
            "role": "Presenter"
          },
          "8:acs:8b1e6004-98fe-4e87-80c1-56087ffec93b_00000026-0646-2f85-1788-094822006283": {
            "role": "Presenter"
          }
        }
      },
      "StatusCode": 201,
      "ResponseHeaders": {
        "api-supported-versions": "2023-06-14, 2023-10-30-preview, 2024-04-15, 2025-03-13",
        "Connection": "keep-alive",
        "Content-Type": "application/json; charset=utf-8",
        "Date": "Wed, 05 Mar 2025 13:00:20 GMT",
        "Location": "99498865496170166",
        "MS-CV": "Sanitized",
        "Repeatability-Result": "accepted",
        "Request-Context": "appId=",
        "Strict-Transport-Security": "max-age=31536000;includeSubDomains",
        "Transfer-Encoding": "chunked",
        "x-azure-ref": "Sanitized",
        "X-Cache": "CONFIG_NOCACHE"
      },
      "ResponseBody": {
        "id": "99498865496170166",
        "createdAt": "2025-03-05T13:00:20.4630426+00:00",
        "validFrom": "2025-03-05T13:00:20.8010185+00:00",
        "validUntil": "2025-03-06T13:00:20.8010185+00:00",
        "pstnDialOutEnabled": false
      }
    },
    {
      "RequestUri": "https://sanitized.communication.azure.com/rooms/Sanitized/participants?api-version=2025-03-13",
      "RequestMethod": "PATCH",
      "RequestHeaders": {
        "Accept": "application/json",
        "Authorization": "Sanitized",
        "Content-Length": "222",
        "Content-Type": "application/merge-patch+json",
        "traceparent": "00-584b18948de90e7d6ffef3ce630fcd6d-6aafc81259b28843-00",
        "User-Agent": "azsdk-net-Communication.Rooms/1.2.0-alpha.20250304.1 (.NET 8.0.13; Microsoft Windows 10.0.26100)",
        "x-ms-client-request-id": "Sanitized",
        "x-ms-content-sha256": "Sanitized",
        "x-ms-date": "Wed, 05 Mar 2025 13:00:21 GMT",
        "x-ms-return-client-request-id": "true"
      },
      "RequestBody": {
        "participants": {
          "8:acs:8b1e6004-98fe-4e87-80c1-56087ffec93b_00000026-0646-2f85-1788-094822006283": {
            "role": "Consumer"
          },
          "8:acs:8b1e6004-98fe-4e87-80c1-56087ffec93b_00000026-0646-2fd6-1788-094822006284": {
            "role": "Attendee"
          }
        }
      },
      "StatusCode": 200,
      "ResponseHeaders": {
        "api-supported-versions": "2023-06-14, 2023-10-30-preview, 2024-04-15, 2025-03-13",
        "Connection": "keep-alive",
        "Content-Type": "application/json; charset=utf-8",
        "Date": "Wed, 05 Mar 2025 13:00:20 GMT",
        "MS-CV": "Sanitized",
        "Request-Context": "appId=",
        "Strict-Transport-Security": "max-age=31536000;includeSubDomains",
        "Transfer-Encoding": "chunked",
        "x-azure-ref": "Sanitized",
        "X-Cache": "CONFIG_NOCACHE"
      },
      "ResponseBody": {}
    },
    {
      "RequestUri": "https://sanitized.communication.azure.com/rooms/Sanitized/participants?api-version=2025-03-13",
      "RequestMethod": "GET",
      "RequestHeaders": {
        "Accept": "application/json",
        "Authorization": "Sanitized",
        "traceparent": "00-804f44804b89d52c33339f3e3ba2cc99-39ef94b331a0bb00-00",
        "User-Agent": "azsdk-net-Communication.Rooms/1.2.0-alpha.20250304.1 (.NET 8.0.13; Microsoft Windows 10.0.26100)",
        "x-ms-client-request-id": "Sanitized",
        "x-ms-content-sha256": "Sanitized",
        "x-ms-date": "Wed, 05 Mar 2025 13:00:21 GMT",
        "x-ms-return-client-request-id": "true"
      },
      "RequestBody": null,
      "StatusCode": 200,
      "ResponseHeaders": {
        "api-supported-versions": "2023-06-14, 2023-10-30-preview, 2024-04-15, 2025-03-13",
        "Connection": "keep-alive",
        "Content-Type": "application/json; charset=utf-8",
        "Date": "Wed, 05 Mar 2025 13:00:21 GMT",
        "MS-CV": "Sanitized",
        "Request-Context": "appId=",
        "Strict-Transport-Security": "max-age=31536000;includeSubDomains",
        "Transfer-Encoding": "chunked",
        "x-azure-ref": "Sanitized",
        "X-Cache": "CONFIG_NOCACHE"
      },
      "ResponseBody": {
        "value": [
          {
            "rawId": "8:acs:8b1e6004-98fe-4e87-80c1-56087ffec93b_00000026-0646-2f34-1788-094822006282",
            "role": "Presenter"
          },
          {
            "rawId": "8:acs:8b1e6004-98fe-4e87-80c1-56087ffec93b_00000026-0646-2f85-1788-094822006283",
            "role": "Consumer"
          },
          {
            "rawId": "8:acs:8b1e6004-98fe-4e87-80c1-56087ffec93b_00000026-0646-2fd6-1788-094822006284",
            "role": "Attendee"
          }
        ]
      }
    },
    {
      "RequestUri": "https://sanitized.communication.azure.com/rooms/Sanitized/participants?api-version=2025-03-13",
      "RequestMethod": "PATCH",
      "RequestHeaders": {
        "Accept": "application/json",
        "Authorization": "Sanitized",
        "Content-Length": "192",
        "Content-Type": "application/merge-patch+json",
        "traceparent": "00-356fa1572473318768e875143cb92c2c-e65b159a530aae8a-00",
        "User-Agent": "azsdk-net-Communication.Rooms/1.2.0-alpha.20250304.1 (.NET 8.0.13; Microsoft Windows 10.0.26100)",
        "x-ms-client-request-id": "Sanitized",
        "x-ms-content-sha256": "Sanitized",
        "x-ms-date": "Wed, 05 Mar 2025 13:00:21 GMT",
        "x-ms-return-client-request-id": "true"
      },
      "RequestBody": {
        "participants": {
          "8:acs:8b1e6004-98fe-4e87-80c1-56087ffec93b_00000026-0646-2f34-1788-094822006282": null,
          "8:acs:8b1e6004-98fe-4e87-80c1-56087ffec93b_00000026-0646-2f85-1788-094822006283": null
        }
      },
      "StatusCode": 200,
      "ResponseHeaders": {
        "api-supported-versions": "2023-06-14, 2023-10-30-preview, 2024-04-15, 2025-03-13",
        "Connection": "keep-alive",
        "Content-Type": "application/json; charset=utf-8",
        "Date": "Wed, 05 Mar 2025 13:00:21 GMT",
        "MS-CV": "Sanitized",
        "Request-Context": "appId=",
        "Strict-Transport-Security": "max-age=31536000;includeSubDomains",
        "Transfer-Encoding": "chunked",
        "x-azure-ref": "Sanitized",
        "X-Cache": "CONFIG_NOCACHE"
      },
      "ResponseBody": {}
    },
    {
      "RequestUri": "https://sanitized.communication.azure.com/rooms/Sanitized/participants?api-version=2025-03-13",
      "RequestMethod": "GET",
      "RequestHeaders": {
        "Accept": "application/json",
        "Authorization": "Sanitized",
        "traceparent": "00-f8f0550c6f9f7e1d28525b7da0cb1cae-1a20683cf05aa6a9-00",
        "User-Agent": "azsdk-net-Communication.Rooms/1.2.0-alpha.20250304.1 (.NET 8.0.13; Microsoft Windows 10.0.26100)",
        "x-ms-client-request-id": "Sanitized",
        "x-ms-content-sha256": "Sanitized",
        "x-ms-date": "Wed, 05 Mar 2025 13:00:21 GMT",
        "x-ms-return-client-request-id": "true"
      },
      "RequestBody": null,
      "StatusCode": 200,
      "ResponseHeaders": {
        "api-supported-versions": "2023-06-14, 2023-10-30-preview, 2024-04-15, 2025-03-13",
        "Connection": "keep-alive",
        "Content-Type": "application/json; charset=utf-8",
        "Date": "Wed, 05 Mar 2025 13:00:21 GMT",
        "MS-CV": "Sanitized",
        "Request-Context": "appId=",
        "Strict-Transport-Security": "max-age=31536000;includeSubDomains",
        "Transfer-Encoding": "chunked",
        "x-azure-ref": "Sanitized",
        "X-Cache": "CONFIG_NOCACHE"
      },
      "ResponseBody": {
        "value": [
          {
            "rawId": "8:acs:8b1e6004-98fe-4e87-80c1-56087ffec93b_00000026-0646-2fd6-1788-094822006284",
            "role": "Attendee"
          }
        ]
      }
    },
    {
      "RequestUri": "https://sanitized.communication.azure.com/rooms/Sanitized?api-version=2025-03-13",
      "RequestMethod": "DELETE",
      "RequestHeaders": {
        "Accept": "application/json",
        "Authorization": "Sanitized",
        "traceparent": "00-74d1bf198012641afb69713cde66741f-67a5f94b1f30735e-00",
        "User-Agent": "azsdk-net-Communication.Rooms/1.2.0-alpha.20250304.1 (.NET 8.0.13; Microsoft Windows 10.0.26100)",
        "x-ms-client-request-id": "Sanitized",
        "x-ms-content-sha256": "Sanitized",
        "x-ms-date": "Wed, 05 Mar 2025 13:00:22 GMT",
        "x-ms-return-client-request-id": "true"
      },
      "RequestBody": null,
      "StatusCode": 204,
      "ResponseHeaders": {
        "api-supported-versions": "2023-06-14, 2023-10-30-preview, 2024-04-15, 2025-03-13",
        "Connection": "keep-alive",
        "Date": "Wed, 05 Mar 2025 13:00:22 GMT",
        "MS-CV": "Sanitized",
        "Request-Context": "appId=",
        "Strict-Transport-Security": "max-age=31536000;includeSubDomains",
        "x-azure-ref": "Sanitized",
        "X-Cache": "CONFIG_NOCACHE"
      },
      "ResponseBody": null
    }
  ],
  "Variables": {
    "COMMUNICATION_CONNECTION_STRING_ROOMS": "endpoint=https://rooms-ppe-eastus.unitedstates.ppe.communication.azure.net/;accesskey=Kg==",
    "RandomSeed": "1661129632"
  }
}
