{
  "Entries": [
    {
      "RequestUri": "https://management.azure.com/subscriptions/00000000-0000-0000-0000-000000000/resourceGroups/00000/providers/Microsoft.MachineLearningServices/workspaces/00000-master/codes/000000000000000000000/versions?api-version=2023-04-01\u0026hash=000000000000000000000000000000000000\u0026hashVersion=202208",
      "RequestMethod": "GET",
      "RequestHeaders": {
        "Accept": "application/json",
        "Accept-Encoding": "gzip, deflate",
        "Connection": "keep-alive",
        "User-Agent": "azure-ai-ml/1.12.0 az00000-python-mgmt-machinelearningservices/0.1.0 Python/3.8.12 (Windows-10-10.0.22621-SP0)"
      },
      "RequestBody": null,
      "StatusCode": 200,
      "ResponseHeaders": {
        "Cache-Control": "no-cache",
        "Content-Encoding": "gzip",
        "Content-Type": "application/json; charset=utf-8",
        "Date": "Tue, 24 Oct 2023 10:58:58 GMT",
        "Expires": "-1",
        "Pragma": "no-cache",
        "request-context": "appId=",
        "Strict-Transport-Security": "max-age=31536000; includeSubDomains",
        "Transfer-Encoding": "chunked",
        "Vary": [
          "Accept-Encoding",
          "Accept-Encoding"
        ],
        "x-aml-cluster": "int-01",
        "X-Content-Type-Options": "nosniff",
        "x-ms-correlation-request-id": "0afd99fa-fada-41dc-ba98-202281f67774",
        "x-ms-ratelimit-remaining-subscription-reads": "11993",
        "x-ms-response-type": "standard",
        "x-ms-routing-request-id": "JAPANEAST:20231024T105858Z:0afd99fa-fada-41dc-ba98-202281f67774",
        "x-request-time": "0.231"
      },
      "ResponseBody": {
        "value": [
          {
            "id": "/subscriptions/00000000-0000-0000-0000-000000000/resourceGroups/00000/providers/Microsoft.MachineLearningServices/workspaces/00000-master/codes/000000000000000000000/versions/1",
            "name": "1",
            "type": "Microsoft.MachineLearningServices/workspaces/codes/versions",
            "properties": {
              "description": null,
              "tags": {},
              "properties": {
                "hash_sha256": "3b94ac6cb29712a56cb97d9765c2dacc29a08b4fcde68a55a600b8abadbcf91e",
                "hash_version": "202208"
              },
              "isArchived": false,
              "isAnonymous": false,
              "codeUri": "https://00000master1484249658.blob.core.windows.net:443/36642194-cc3b-431a-9295-d0cc85a94dc6-13phzxpku3lwqbhfluv969km49/helloworld_components_with_env",
              "provisioningState": "Succeeded"
            },
            "systemData": {
              "createdAt": "2023-10-23T10:25:06.1517998\u002B00:00",
              "createdBy": "Chenyang Zhang",
              "createdByType": "User",
              "lastModifiedAt": "2023-10-23T10:25:06.1517998\u002B00:00",
              "lastModifiedBy": "Chenyang Zhang",
              "lastModifiedByType": "User"
            }
          }
        ]
      }
    },
    {
      "RequestUri": "https://management.azure.com/subscriptions/00000000-0000-0000-0000-000000000/resourceGroups/00000/providers/Microsoft.MachineLearningServices/workspaces/00000-master/codes/000000000000000000000/versions/1?api-version=2023-04-01",
      "RequestMethod": "GET",
      "RequestHeaders": {
        "Accept": "application/json",
        "Accept-Encoding": "gzip, deflate",
        "Connection": "keep-alive",
        "User-Agent": "azure-ai-ml/1.12.0 az00000-python-mgmt-machinelearningservices/0.1.0 Python/3.8.12 (Windows-10-10.0.22621-SP0)"
      },
      "RequestBody": null,
      "StatusCode": 200,
      "ResponseHeaders": {
        "Cache-Control": "no-cache",
        "Content-Encoding": "gzip",
        "Content-Type": "application/json; charset=utf-8",
        "Date": "Tue, 24 Oct 2023 10:58:59 GMT",
        "Expires": "-1",
        "Pragma": "no-cache",
        "request-context": "appId=",
        "Strict-Transport-Security": "max-age=31536000; includeSubDomains",
        "Transfer-Encoding": "chunked",
        "Vary": [
          "Accept-Encoding",
          "Accept-Encoding"
        ],
        "x-aml-cluster": "int-01",
        "X-Content-Type-Options": "nosniff",
        "x-ms-correlation-request-id": "9caed3fc-fd12-4ee8-b17e-8bba4a846879",
        "x-ms-ratelimit-remaining-subscription-reads": "11992",
        "x-ms-response-type": "standard",
        "x-ms-routing-request-id": "JAPANEAST:20231024T105859Z:9caed3fc-fd12-4ee8-b17e-8bba4a846879",
        "x-request-time": "0.075"
      },
      "ResponseBody": {
        "id": "/subscriptions/00000000-0000-0000-0000-000000000/resourceGroups/00000/providers/Microsoft.MachineLearningServices/workspaces/00000-master/codes/000000000000000000000/versions/1",
        "name": "1",
        "type": "Microsoft.MachineLearningServices/workspaces/codes/versions",
        "properties": {
          "description": null,
          "tags": {},
          "properties": {
            "hash_sha256": "0000000000000",
            "hash_version": "0000000000000"
          },
          "isArchived": false,
          "isAnonymous": false,
          "codeUri": "https://00000master1484249658.blob.core.windows.net:443/36642194-cc3b-431a-9295-d0cc85a94dc6-13phzxpku3lwqbhfluv969km49/helloworld_components_with_env",
          "provisioningState": "Succeeded"
        },
        "systemData": {
          "createdAt": "2023-10-23T10:25:06.1517998\u002B00:00",
          "createdBy": "Chenyang Zhang",
          "createdByType": "User",
          "lastModifiedAt": "2023-10-23T10:25:06.1517998\u002B00:00",
          "lastModifiedBy": "Chenyang Zhang",
          "lastModifiedByType": "User"
        }
      }
    },
    {
      "RequestUri": "https://management.azure.com/subscriptions/00000000-0000-0000-0000-000000000/resourceGroups/00000/providers/Microsoft.MachineLearningServices/workspaces/00000-master/components/test_719793680605/versions/1?api-version=2022-10-01",
      "RequestMethod": "PUT",
      "RequestHeaders": {
        "Accept": "application/json",
        "Accept-Encoding": "gzip, deflate",
        "Connection": "keep-alive",
        "Content-Length": "977",
        "Content-Type": "application/json",
        "User-Agent": "azure-ai-ml/1.12.0 az00000-python-mgmt-machinelearningservices/0.1.0 Python/3.8.12 (Windows-10-10.0.22621-SP0)"
      },
      "RequestBody": {
        "properties": {
          "description": "This is the basic command component",
          "properties": {
            "client_component_hash": "f795893f-8f95-3609-e538-189091ee8d90"
          },
          "tags": {
            "tag": "tagvalue",
            "owner": "00000team"
          },
          "isAnonymous": false,
          "isArchived": false,
          "componentSpec": {
            "command": "echo Hello World",
            "code": "azureml:/subscriptions/00000000-0000-0000-0000-000000000/resourceGroups/00000/providers/Microsoft.MachineLearningServices/workspaces/00000-master/codes/000000000000000000000/versions/1",
            "environment": "azureml:AzureML-sklearn-1.0-ubuntu20.04-py38-cpu:33",
            "name": "test_719793680605",
            "description": "This is the basic command component",
            "tags": {
              "tag": "tagvalue",
              "owner": "00000team"
            },
            "version": "1",
            "$schema": "https://azuremlschemas.azureedge.net/development/commandComponent.schema.json",
            "display_name": "CommandComponentBasic",
            "is_deterministic": true,
            "outputs": {
              "component_out_path": {
                "type": "uri_folder"
              }
            },
            "type": "command",
            "_source": "YAML.COMPONENT"
          }
        }
      },
      "StatusCode": 201,
      "ResponseHeaders": {
        "Cache-Control": "no-cache",
        "Content-Length": "1779",
        "Content-Type": "application/json; charset=utf-8",
        "Date": "Tue, 24 Oct 2023 10:59:01 GMT",
        "Expires": "-1",
        "Location": "https://management.azure.com/subscriptions/00000000-0000-0000-0000-000000000/resourceGroups/00000/providers/Microsoft.MachineLearningServices/workspaces/00000-master/components/test_719793680605/versions/1?api-version=2022-10-01",
        "Pragma": "no-cache",
        "request-context": "appId=",
        "Strict-Transport-Security": "max-age=31536000; includeSubDomains",
        "x-aml-cluster": "int-01",
        "X-Content-Type-Options": "nosniff",
        "x-ms-correlation-request-id": "486bcf12-33e1-4413-b647-bda4b0395fdc",
        "x-ms-ratelimit-remaining-subscription-writes": "1191",
        "x-ms-response-type": "standard",
        "x-ms-routing-request-id": "JAPANEAST:20231024T105901Z:486bcf12-33e1-4413-b647-bda4b0395fdc",
        "x-request-time": "0.876"
      },
      "ResponseBody": {
        "id": "/subscriptions/00000000-0000-0000-0000-000000000/resourceGroups/00000/providers/Microsoft.MachineLearningServices/workspaces/00000-master/components/test_719793680605/versions/1",
        "name": "1",
        "type": "Microsoft.MachineLearningServices/workspaces/components/versions",
        "properties": {
          "description": null,
          "tags": {
            "tag": "tagvalue",
            "owner": "00000team"
          },
          "properties": {
            "client_component_hash": "f795893f-8f95-3609-e538-189091ee8d90"
          },
          "isArchived": false,
          "isAnonymous": false,
          "componentSpec": {
            "$schema": "https://azuremlschemas.azureedge.net/development/commandComponent.schema.json",
            "name": "test_719793680605",
            "version": "1",
            "display_name": "CommandComponentBasic",
            "is_deterministic": "True",
            "type": "command",
            "description": "This is the basic command component",
            "tags": {
              "tag": "tagvalue",
              "owner": "00000team"
            },
            "outputs": {
              "component_out_path": {
                "type": "uri_folder"
              }
            },
            "code": "azureml:/subscriptions/00000000-0000-0000-0000-000000000/resourceGroups/00000/providers/Microsoft.MachineLearningServices/workspaces/00000-master/codes/000000000000000000000/versions/1",
            "environment": "azureml://registries/azureml-dev/environments/AzureML-sklearn-1.0-ubuntu20.04-py38-cpu/versions/33",
            "resources": {
              "instance_count": "1"
            },
            "command": "echo Hello World"
          }
        },
        "systemData": {
          "createdAt": "2023-10-24T10:59:01.6632265\u002B00:00",
          "createdBy": "Chenyang Zhang",
          "createdByType": "User",
          "lastModifiedAt": "2023-10-24T10:59:01.7219314\u002B00:00",
          "lastModifiedBy": "Chenyang Zhang",
          "lastModifiedByType": "User"
        }
      }
    },
    {
      "RequestUri": "https://management.azure.com/subscriptions/00000000-0000-0000-0000-000000000/resourceGroups/00000/providers/Microsoft.MachineLearningServices/workspaces/00000-master/codes/test_719793680605/versions?api-version=2023-04-01\u0026hash=000000000000000000000000000000000000\u0026hashVersion=202208",
      "RequestMethod": "GET",
      "RequestHeaders": {
        "Accept": "application/json",
        "Accept-Encoding": "gzip, deflate",
        "Connection": "keep-alive",
        "User-Agent": "azure-ai-ml/1.12.0 az00000-python-mgmt-machinelearningservices/0.1.0 Python/3.8.12 (Windows-10-10.0.22621-SP0)"
      },
      "RequestBody": null,
      "StatusCode": 200,
      "ResponseHeaders": {
        "Cache-Control": "no-cache",
        "Content-Encoding": "gzip",
        "Content-Type": "application/json; charset=utf-8",
        "Date": "Tue, 24 Oct 2023 10:59:02 GMT",
        "Expires": "-1",
        "Pragma": "no-cache",
        "request-context": "appId=",
        "Strict-Transport-Security": "max-age=31536000; includeSubDomains",
        "Transfer-Encoding": "chunked",
        "Vary": "Accept-Encoding",
        "x-aml-cluster": "int-01",
        "X-Content-Type-Options": "nosniff",
        "x-ms-correlation-request-id": "38bb0bf4-dbab-41ea-a6d5-2f75f142895a",
        "x-ms-ratelimit-remaining-subscription-reads": "11991",
        "x-ms-response-type": "standard",
        "x-ms-routing-request-id": "JAPANEAST:20231024T105902Z:38bb0bf4-dbab-41ea-a6d5-2f75f142895a",
        "x-request-time": "0.025"
      },
      "ResponseBody": {
        "value": []
      }
    },
    {
      "RequestUri": "https://management.azure.com/subscriptions/00000000-0000-0000-0000-000000000/resourceGroups/00000/providers/Microsoft.MachineLearningServices/workspaces/00000-master/codes/test_719793680605/versions/1/startPendingUpload?api-version=2023-04-01",
      "RequestMethod": "POST",
      "RequestHeaders": {
        "Accept": "application/json",
        "Accept-Encoding": "gzip, deflate",
        "Connection": "keep-alive",
        "Content-Length": "47",
        "Content-Type": "application/json",
        "User-Agent": "azure-ai-ml/1.12.0 az00000-python-mgmt-machinelearningservices/0.1.0 Python/3.8.12 (Windows-10-10.0.22621-SP0)"
      },
      "RequestBody": {
        "pendingUploadType": "TemporaryBlobReference"
      },
      "StatusCode": 200,
      "ResponseHeaders": {
        "Cache-Control": "no-cache",
        "Content-Encoding": "gzip",
        "Content-Type": "application/json; charset=utf-8",
        "Date": "Tue, 24 Oct 2023 10:59:04 GMT",
        "Expires": "-1",
        "Pragma": "no-cache",
        "request-context": "appId=",
        "Strict-Transport-Security": "max-age=31536000; includeSubDomains",
        "Transfer-Encoding": "chunked",
        "Vary": [
          "Accept-Encoding",
          "Accept-Encoding"
        ],
        "x-aml-cluster": "int-01",
        "X-Content-Type-Options": "nosniff",
        "x-ms-correlation-request-id": "ea7c3358-86b1-48b6-bdf3-6fb0121f7066",
        "x-ms-ratelimit-remaining-subscription-writes": "1190",
        "x-ms-response-type": "standard",
        "x-ms-routing-request-id": "JAPANEAST:20231024T105904Z:ea7c3358-86b1-48b6-bdf3-6fb0121f7066",
        "x-request-time": "1.323"
      },
      "ResponseBody": {
        "blobReferenceForConsumption": {
          "blobUri": "https://00000master1484249658.blob.core.windows.net:443/36642194-cc3b-431a-9295-d0cc85a94dc6-6wkmunh3oldpul7d3pjupsepsf",
          "storageAccountArmId": "/subscriptions/00000000-0000-0000-0000-000000000/resourceGroups/00000/providers/Microsoft.Storage/storageAccounts/00000master1484249658",
          "credential": {
            "credentialType": "SAS",
            "sasUri": "https://00000master1484249658.blob.core.windows.net/36642194-cc3b-431a-9295-d0cc85a94dc6-6wkmunh3oldpul7d3pjupsepsf?skoid=e3f42e2c-d581-4b65-a966-631cfa961328\u0026sktid=72f988bf-86f1-41af-91ab-2d7cd011db47\u0026skt=2023-10-24T10%3A49%3A03Z\u0026ske=2023-10-25T18%3A59%3A03Z\u0026sks=b\u0026skv=2019-07-07\u0026sv=2021-10-04\u0026st=2023-10-24T10%3A49%3A04Z\u0026se=2023-10-24T18%3A59%3A04Z\u0026sr=c\u0026sp=rcwl\u0026sig=000000000000000000000000000000000000"
          }
        },
        "pendingUploadId": "193d199f-8865-4905-a1fb-f86f4769f9e1",
        "pendingUploadType": "None"
      }
    },
    {
      "RequestUri": "https://00000master1484249658.blob.core.windows.net/36642194-cc3b-431a-9295-d0cc85a94dc6-6wkmunh3oldpul7d3pjupsepsf/test_component_update_code0/code.yml?skoid=e3f42e2c-d581-4b65-a966-631cfa961328\u0026sktid=72f988bf-86f1-41af-91ab-2d7cd011db47\u0026skt=2023-10-24T10%3A49%3A03Z\u0026ske=2023-10-25T18%3A59%3A03Z\u0026sks=b\u0026skv=2019-07-07\u0026sv=2021-10-04\u0026st=2023-10-24T10%3A49%3A04Z\u0026se=2023-10-24T18%3A59%3A04Z\u0026sr=c\u0026sp=rcwl\u0026sig=000000000000000000000000000000000000",
      "RequestMethod": "HEAD",
      "RequestHeaders": {
        "Accept": "application/xml",
        "Accept-Encoding": "gzip, deflate",
        "Connection": "keep-alive",
        "User-Agent": "az00000-python-storage-blob/12.16.0 Python/3.8.12 (Windows-10-10.0.22621-SP0)",
        "x-ms-date": "Tue, 24 Oct 2023 10:59:03 GMT",
        "x-ms-version": "2022-11-02"
      },
      "RequestBody": null,
      "StatusCode": 404,
      "ResponseHeaders": {
        "Date": "Tue, 24 Oct 2023 10:59:04 GMT",
        "Server": [
          "Windows-Azure-Blob/1.0",
          "Microsoft-HTTPAPI/2.0"
        ],
        "Transfer-Encoding": "chunked",
        "Vary": "Origin",
        "x-ms-error-code": "BlobNotFound",
        "x-ms-version": "2022-11-02"
      },
      "ResponseBody": null
    },
    {
      "RequestUri": "https://00000master1484249658.blob.core.windows.net/36642194-cc3b-431a-9295-d0cc85a94dc6-6wkmunh3oldpul7d3pjupsepsf/test_component_update_code0/code.yml?skoid=e3f42e2c-d581-4b65-a966-631cfa961328\u0026sktid=72f988bf-86f1-41af-91ab-2d7cd011db47\u0026skt=2023-10-24T10%3A49%3A03Z\u0026ske=2023-10-25T18%3A59%3A03Z\u0026sks=b\u0026skv=2019-07-07\u0026sv=2021-10-04\u0026st=2023-10-24T10%3A49%3A04Z\u0026se=2023-10-24T18%3A59%3A04Z\u0026sr=c\u0026sp=rcwl\u0026sig=000000000000000000000000000000000000",
      "RequestMethod": "PUT",
      "RequestHeaders": {
        "Accept": "application/xml",
        "Accept-Encoding": "gzip, deflate",
        "Connection": "keep-alive",
        "Content-Length": "70",
        "Content-MD5": "VRRgvqESWnxjfs\u002B8re\u002BpCA==",
        "Content-Type": "application/octet-stream",
        "If-None-Match": "*",
        "User-Agent": "az00000-python-storage-blob/12.16.0 Python/3.8.12 (Windows-10-10.0.22621-SP0)",
        "x-ms-blob-type": "BlockBlob",
        "x-ms-date": "Tue, 24 Oct 2023 10:59:04 GMT",
        "x-ms-version": "2022-11-02"
      },
      "RequestBody": "DQogICAgICAgIG5hbWU6IHRlc3RfNzE5NzkzNjgwNjA1DQogICAgICAgIHZlcnNpb246IDENCiAgICAgICAgcGF0aDogLg==",
      "StatusCode": 201,
      "ResponseHeaders": {
        "Content-Length": "0",
        "Content-MD5": "VRRgvqESWnxjfs\u002B8re\u002BpCA==",
        "Date": "Tue, 24 Oct 2023 10:59:04 GMT",
        "ETag": "\u00220x8DBD4803D365991\u0022",
        "Last-Modified": "Tue, 24 Oct 2023 10:59:05 GMT",
        "Server": [
          "Windows-Azure-Blob/1.0",
          "Microsoft-HTTPAPI/2.0"
        ],
        "x-ms-content-crc64": "rawmEz7Y6Ak=",
        "x-ms-request-server-encrypted": "true",
        "x-ms-version": "2022-11-02"
      },
      "ResponseBody": null
    },
    {
      "RequestUri": "https://00000master1484249658.blob.core.windows.net/36642194-cc3b-431a-9295-d0cc85a94dc6-6wkmunh3oldpul7d3pjupsepsf/test_component_update_code0/code.yml?comp=metadata\u0026skoid=e3f42e2c-d581-4b65-a966-631cfa961328\u0026sktid=72f988bf-86f1-41af-91ab-2d7cd011db47\u0026skt=2023-10-24T10%3A49%3A03Z\u0026ske=2023-10-25T18%3A59%3A03Z\u0026sks=b\u0026skv=2019-07-07\u0026sv=2021-10-04\u0026st=2023-10-24T10%3A49%3A04Z\u0026se=2023-10-24T18%3A59%3A04Z\u0026sr=c\u0026sp=rcwl\u0026sig=000000000000000000000000000000000000",
      "RequestMethod": "PUT",
      "RequestHeaders": {
        "Accept": "application/xml",
        "Accept-Encoding": "gzip, deflate",
        "Connection": "keep-alive",
        "Content-Length": "0",
        "User-Agent": "az00000-python-storage-blob/12.16.0 Python/3.8.12 (Windows-10-10.0.22621-SP0)",
        "x-ms-date": "Tue, 24 Oct 2023 10:59:04 GMT",
        "x-ms-meta-name": "test_719793680605",
        "x-ms-meta-upload_status": "completed",
        "x-ms-meta-version": "1",
        "x-ms-version": "2022-11-02"
      },
      "RequestBody": null,
      "StatusCode": 200,
      "ResponseHeaders": {
        "Content-Length": "0",
        "Date": "Tue, 24 Oct 2023 10:59:04 GMT",
        "ETag": "\u00220x8DBD4803D546485\u0022",
        "Last-Modified": "Tue, 24 Oct 2023 10:59:05 GMT",
        "Server": [
          "Windows-Azure-Blob/1.0",
          "Microsoft-HTTPAPI/2.0"
        ],
        "x-ms-request-server-encrypted": "true",
        "x-ms-version": "2022-11-02"
      },
      "ResponseBody": null
    },
    {
      "RequestUri": "https://management.azure.com/subscriptions/00000000-0000-0000-0000-000000000/resourceGroups/00000/providers/Microsoft.MachineLearningServices/workspaces/00000-master/codes/test_719793680605/versions/1?api-version=2023-04-01",
      "RequestMethod": "PUT",
      "RequestHeaders": {
        "Accept": "application/json",
        "Accept-Encoding": "gzip, deflate",
        "Connection": "keep-alive",
        "Content-Length": "291",
        "Content-Type": "application/json",
        "User-Agent": "azure-ai-ml/1.12.0 az00000-python-mgmt-machinelearningservices/0.1.0 Python/3.8.12 (Windows-10-10.0.22621-SP0)"
      },
      "RequestBody": {
        "properties": {
          "properties": {
            "hash_sha256": "0000000000000",
            "hash_version": "0000000000000"
          },
          "isAnonymous": false,
          "isArchived": false,
          "codeUri": "https://00000master1484249658.blob.core.windows.net:443/36642194-cc3b-431a-9295-d0cc85a94dc6-6wkmunh3oldpul7d3pjupsepsf/test_component_update_code0"
        }
      },
      "StatusCode": 201,
      "ResponseHeaders": {
        "Cache-Control": "no-cache",
        "Content-Length": "842",
        "Content-Type": "application/json; charset=utf-8",
        "Date": "Tue, 24 Oct 2023 10:59:06 GMT",
        "Expires": "-1",
        "Location": "https://management.azure.com/subscriptions/00000000-0000-0000-0000-000000000/resourceGroups/00000/providers/Microsoft.MachineLearningServices/workspaces/00000-master/codes/test_719793680605/versions/1?api-version=2023-04-01",
        "Pragma": "no-cache",
        "request-context": "appId=",
        "Strict-Transport-Security": "max-age=31536000; includeSubDomains",
        "x-aml-cluster": "int-01",
        "X-Content-Type-Options": "nosniff",
        "x-ms-correlation-request-id": "12ca0c68-eb0c-4ae7-adf6-859d1595bb49",
        "x-ms-ratelimit-remaining-subscription-writes": "1189",
        "x-ms-response-type": "standard",
        "x-ms-routing-request-id": "JAPANEAST:20231024T105906Z:12ca0c68-eb0c-4ae7-adf6-859d1595bb49",
        "x-request-time": "0.517"
      },
      "ResponseBody": {
        "id": "/subscriptions/00000000-0000-0000-0000-000000000/resourceGroups/00000/providers/Microsoft.MachineLearningServices/workspaces/00000-master/codes/test_719793680605/versions/1",
        "name": "1",
        "type": "Microsoft.MachineLearningServices/workspaces/codes/versions",
        "properties": {
          "description": null,
          "tags": {},
          "properties": {
            "hash_sha256": "0000000000000",
            "hash_version": "0000000000000"
          },
          "isArchived": false,
          "isAnonymous": false,
          "codeUri": "https://00000master1484249658.blob.core.windows.net:443/36642194-cc3b-431a-9295-d0cc85a94dc6-6wkmunh3oldpul7d3pjupsepsf/test_component_update_code0",
          "provisioningState": "Succeeded"
        },
        "systemData": {
          "createdAt": "2023-10-24T10:59:05.9159888\u002B00:00",
          "createdBy": "Chenyang Zhang",
          "createdByType": "User",
          "lastModifiedAt": "2023-10-24T10:59:05.9159888\u002B00:00",
          "lastModifiedBy": "Chenyang Zhang",
          "lastModifiedByType": "User"
        }
      }
    },
    {
      "RequestUri": "https://management.azure.com/subscriptions/00000000-0000-0000-0000-000000000/resourceGroups/00000/providers/Microsoft.MachineLearningServices/workspaces/00000-master/components/test_719793680605/versions/1?api-version=2022-10-01",
      "RequestMethod": "PUT",
      "RequestHeaders": {
        "Accept": "application/json",
        "Accept-Encoding": "gzip, deflate",
        "Connection": "keep-alive",
        "Content-Length": "973",
        "Content-Type": "application/json",
        "User-Agent": "azure-ai-ml/1.12.0 az00000-python-mgmt-machinelearningservices/0.1.0 Python/3.8.12 (Windows-10-10.0.22621-SP0)"
      },
      "RequestBody": {
        "properties": {
          "description": "This is the basic command component",
          "properties": {
            "client_component_hash": "b94fdeee-0143-8845-d283-ac0c00cc48dd"
          },
          "tags": {
            "tag": "tagvalue",
            "owner": "00000team"
          },
          "isAnonymous": false,
          "isArchived": false,
          "componentSpec": {
            "command": "echo Hello World",
            "code": "azureml:/subscriptions/00000000-0000-0000-0000-000000000/resourceGroups/00000/providers/Microsoft.MachineLearningServices/workspaces/00000-master/codes/test_719793680605/versions/1",
            "environment": "azureml:AzureML-sklearn-1.0-ubuntu20.04-py38-cpu:33",
            "name": "test_719793680605",
            "description": "This is the basic command component",
            "tags": {
              "tag": "tagvalue",
              "owner": "00000team"
            },
            "version": "1",
            "$schema": "https://azuremlschemas.azureedge.net/development/commandComponent.schema.json",
            "display_name": "CommandComponentBasic",
            "is_deterministic": true,
            "outputs": {
              "component_out_path": {
                "type": "uri_folder"
              }
            },
            "type": "command",
            "_source": "YAML.COMPONENT"
          }
        }
      },
      "StatusCode": 400,
      "ResponseHeaders": {
        "Cache-Control": "no-cache",
        "Content-Length": "1234",
        "Content-Type": "application/json; charset=utf-8",
        "Date": "Tue, 24 Oct 2023 10:59:08 GMT",
        "Expires": "-1",
        "Pragma": "no-cache",
        "request-context": "appId=",
        "Strict-Transport-Security": "max-age=31536000; includeSubDomains",
        "x-aml-cluster": "int-01",
        "X-Content-Type-Options": "nosniff",
        "x-ms-correlation-request-id": "3d9b9421-9003-461a-b215-7c3d74ea3094",
        "x-ms-ratelimit-remaining-subscription-writes": "1188",
        "x-ms-response-type": "error",
        "x-ms-routing-request-id": "JAPANEAST:20231024T105908Z:3d9b9421-9003-461a-b215-7c3d74ea3094",
        "x-request-time": "1.592"
      },
      "ResponseBody": {
        "error": {
          "code": "UserError",
          "message": "Failed to update component test_719793680605 since field \u0022code\u0022 is immutable, try specifying a new version.",
          "details": [],
          "additionalInfo": [
            {
              "type": "ComponentName",
              "info": {
                "value": "managementfrontend"
              }
            },
            {
              "type": "Correlation",
              "info": {
                "value": {
                  "operation": "49c280b0ed84e4c092e5b430aab4b4d4",
                  "request": "85a414ff3c2f3f28"
                }
              }
            },
            {
              "type": "Environment",
              "info": {
                "value": "int"
              }
            },
            {
              "type": "Location",
              "info": {
                "value": "westus3"
              }
            },
            {
              "type": "Time",
              "info": {
                "value": "2023-10-24T10:59:08.2501731\u002B00:00"
              }
            },
            {
              "type": "InnerError",
              "info": {
                "value": {
                  "code": "BadArgument",
                  "innerError": {
                    "code": "ArgumentInvalid",
                    "innerError": {
                      "code": "UpdateComponentFailed",
                      "innerError": null
                    }
                  }
                }
              }
            }
          ]
        }
      }
    }
  ],
  "Variables": {
    "component_name": "test_719793680605"
  }
}
