{
  "Entries": [
    {
      "RequestUri": "https://Sanitized.azure.com/subscriptions/00000000-0000-0000-0000-000000000/resourceGroups/00000/providers/Microsoft.MachineLearningServices/workspaces/00000/components/test_837882645467?api-version=2024-01-01-preview",
      "RequestMethod": "GET",
      "RequestHeaders": {
        "Accept": "application/json",
        "Accept-Encoding": "gzip, deflate",
        "Connection": "keep-alive",
        "User-Agent": "azure-ai-ml/1.27.0 azsdk-python-mgmt-machinelearningservices/0.1.0 Python/3.10.11 (Windows-10-10.0.26100-SP0)"
      },
      "RequestBody": null,
      "StatusCode": 404,
      "ResponseHeaders": {
        "Cache-Control": "no-cache",
        "Content-Length": "1067",
        "Content-Type": "application/json; charset=utf-8",
        "Date": "Tue, 18 Mar 2025 11:12:18 GMT",
        "Expires": "-1",
        "Pragma": "no-cache",
        "Request-Context": "appId=cid-v1:2d2e8e63-272e-4b3c-8598-4ee570a0e70d",
        "Strict-Transport-Security": "max-age=31536000; includeSubDomains",
        "Vary": "Accept-Encoding",
        "x-aml-cluster": "vienna-westus-01",
        "X-Cache": "CONFIG_NOCACHE",
        "X-Content-Type-Options": "nosniff",
        "x-ms-correlation-request-id": "9c5d5eaa-5747-4124-97f1-177b86bba35c",
        "x-ms-ratelimit-remaining-subscription-global-reads": "16499",
        "x-ms-ratelimit-remaining-subscription-reads": "1099",
        "x-ms-response-type": "error",
        "x-ms-routing-request-id": "SOUTHINDIA:20250318T111218Z:9c5d5eaa-5747-4124-97f1-177b86bba35c",
        "X-MSEdge-Ref": "Ref A: 7D4F25C693AE4943B4DC61EF1779FF9A Ref B: MAA201060516019 Ref C: 2025-03-18T11:12:18Z",
        "x-request-time": "0.068"
      },
      "ResponseBody": {
        "error": {
          "code": "UserError",
          "message": "Not found component test_837882645467.",
          "details": [],
          "additionalInfo": [
            {
              "type": "ComponentName",
              "info": {
                "value": "managementfrontend"
              }
            },
            {
              "type": "Correlation",
              "info": {
                "value": {
                  "operation": "6aa1822fc3c35f86bd843bb6926f9187",
                  "request": "619c27bbbc3bb05b"
                }
              }
            },
            {
              "type": "Environment",
              "info": {
                "value": "westus"
              }
            },
            {
              "type": "Location",
              "info": {
                "value": "westus"
              }
            },
            {
              "type": "Time",
              "info": {
                "value": "2025-03-18T11:12:18.5283597+00:00"
              }
            },
            {
              "type": "InnerError",
              "info": {
                "value": {
                  "code": "NotFound",
                  "innerError": {
                    "code": "ComponentNotFound",
                    "innerError": null
                  }
                }
              }
            }
          ]
        }
      }
    },
    {
      "RequestUri": "https://Sanitized.azure.com/subscriptions/00000000-0000-0000-0000-000000000/resourceGroups/00000/providers/Microsoft.MachineLearningServices/workspaces/00000/components/test_837882645467/versions/1?api-version=2024-01-01-preview",
      "RequestMethod": "PUT",
      "RequestHeaders": {
        "Accept": "application/json",
        "Accept-Encoding": "gzip, deflate",
        "Connection": "keep-alive",
        "Content-Length": "598",
        "Content-Type": "application/json",
        "User-Agent": "azure-ai-ml/1.27.0 azsdk-python-mgmt-machinelearningservices/0.1.0 Python/3.10.11 (Windows-10-10.0.26100-SP0)"
      },
      "RequestBody": {
        "properties": {
          "properties": {
            "client_component_hash": "7f87c27a-f988-2298-c4c3-c505d3670148"
          },
          "tags": {},
          "isAnonymous": false,
          "isArchived": false,
          "componentSpec": {
            "name": "test_837882645467",
            "$schema": "http://azureml/sdk-2-0/DataTransferComponent.json",
            "display_name": "Data Transfer Component merge-files",
            "is_deterministic": true,
            "inputs": {
              "folder1": {
                "type": "uri_folder"
              },
              "folder2": {
                "type": "uri_folder"
              }
            },
            "outputs": {
              "output_folder": {
                "type": "uri_folder"
              }
            },
            "type": "data_transfer",
            "task": "copy_data",
            "data_copy_mode": "merge_with_overwrite",
            "_source": "YAML.COMPONENT"
          }
        }
      },
      "StatusCode": 201,
      "ResponseHeaders": {
        "Cache-Control": "no-cache",
        "Content-Length": "1169",
        "Content-Type": "application/json; charset=utf-8",
        "Date": "Tue, 18 Mar 2025 11:12:19 GMT",
        "Expires": "-1",
        "Location": "https://management.azure.com/subscriptions/00000000-0000-0000-0000-000000000/resourceGroups/00000/providers/Microsoft.MachineLearningServices/workspaces/00000/components/test_837882645467/versions/1?api-version=2024-01-01-preview",
        "Pragma": "no-cache",
        "Request-Context": "appId=cid-v1:2d2e8e63-272e-4b3c-8598-4ee570a0e70d",
        "Strict-Transport-Security": "max-age=31536000; includeSubDomains",
        "x-aml-cluster": "vienna-westus-01",
        "X-Cache": "CONFIG_NOCACHE",
        "X-Content-Type-Options": "nosniff",
        "x-ms-correlation-request-id": "ef5870bc-c5fc-423f-a38c-81f9fcd8d7ff",
        "x-ms-ratelimit-remaining-subscription-global-writes": "11999",
        "x-ms-ratelimit-remaining-subscription-writes": "799",
        "x-ms-response-type": "standard",
        "x-ms-routing-request-id": "SOUTHINDIA:20250318T111220Z:ef5870bc-c5fc-423f-a38c-81f9fcd8d7ff",
        "X-MSEdge-Ref": "Ref A: 41DCE5DB967E43EE82D3340F8372AE89 Ref B: MAA201060516019 Ref C: 2025-03-18T11:12:18Z",
        "x-request-time": "0.487"
      },
      "ResponseBody": {
        "id": "/subscriptions/00000000-0000-0000-0000-000000000/resourceGroups/00000/providers/Microsoft.MachineLearningServices/workspaces/00000/components/test_837882645467/versions/1",
        "name": "1",
        "type": "Microsoft.MachineLearningServices/workspaces/components/versions",
        "properties": {
          "description": null,
          "tags": {},
          "properties": {
            "client_component_hash": "7f87c27a-f988-2298-c4c3-c505d3670148"
          },
          "isArchived": false,
          "isAnonymous": false,
          "autoDeleteSetting": null,
          "componentSpec": {
            "$schema": "http://azureml/sdk-2-0/DataTransferComponent.json",
            "name": "test_837882645467",
            "version": "1",
            "display_name": "Data Transfer Component merge-files",
            "is_deterministic": "True",
            "type": "data_transfer",
            "inputs": {
              "folder1": {
                "type": "uri_folder",
                "optional": "False"
              },
              "folder2": {
                "type": "uri_folder",
                "optional": "False"
              }
            },
            "outputs": {
              "output_folder": {
                "type": "uri_folder"
              }
            },
            "task": "copy_data",
            "data_copy_mode": "merge_with_overwrite"
          },
          "provisioningState": "Succeeded",
          "stage": "Development"
        },
        "systemData": {
          "createdAt": "2025-03-18T11:12:19.6386115+00:00",
          "createdBy": "Sanitized",
          "createdByType": "User",
          "lastModifiedAt": "2025-03-18T11:12:19.6988671+00:00",
          "lastModifiedBy": "Sanitized",
          "lastModifiedByType": "User"
        }
      }
    },
    {
      "RequestUri": "https://Sanitized.azure.com/subscriptions/00000000-0000-0000-0000-000000000/resourceGroups/00000/providers/Microsoft.MachineLearningServices/workspaces/00000/components/test_837882645467/versions/1?api-version=2024-01-01-preview",
      "RequestMethod": "GET",
      "RequestHeaders": {
        "Accept": "application/json",
        "Accept-Encoding": "gzip, deflate",
        "Connection": "keep-alive",
        "User-Agent": "azure-ai-ml/1.27.0 azsdk-python-mgmt-machinelearningservices/0.1.0 Python/3.10.11 (Windows-10-10.0.26100-SP0)"
      },
      "RequestBody": null,
      "StatusCode": 200,
      "ResponseHeaders": {
        "Cache-Control": "no-cache",
        "Content-Length": "1169",
        "Content-Type": "application/json; charset=utf-8",
        "Date": "Tue, 18 Mar 2025 11:12:21 GMT",
        "Expires": "-1",
        "Pragma": "no-cache",
        "Request-Context": "appId=cid-v1:2d2e8e63-272e-4b3c-8598-4ee570a0e70d",
        "Strict-Transport-Security": "max-age=31536000; includeSubDomains",
        "Vary": "Accept-Encoding",
        "x-aml-cluster": "vienna-westus-01",
        "X-Cache": "CONFIG_NOCACHE",
        "X-Content-Type-Options": "nosniff",
        "x-ms-correlation-request-id": "ac423751-48f0-4f90-9e5a-6893ae73027a",
        "x-ms-ratelimit-remaining-subscription-global-reads": "16499",
        "x-ms-ratelimit-remaining-subscription-reads": "1099",
        "x-ms-response-type": "standard",
        "x-ms-routing-request-id": "SOUTHINDIA:20250318T111221Z:ac423751-48f0-4f90-9e5a-6893ae73027a",
        "X-MSEdge-Ref": "Ref A: 6544807E7DA74596ACCEB9B317881206 Ref B: MAA201060516019 Ref C: 2025-03-18T11:12:20Z",
        "x-request-time": "0.162"
      },
      "ResponseBody": {
        "id": "/subscriptions/00000000-0000-0000-0000-000000000/resourceGroups/00000/providers/Microsoft.MachineLearningServices/workspaces/00000/components/test_837882645467/versions/1",
        "name": "1",
        "type": "Microsoft.MachineLearningServices/workspaces/components/versions",
        "properties": {
          "description": null,
          "tags": {},
          "properties": {
            "client_component_hash": "7f87c27a-f988-2298-c4c3-c505d3670148"
          },
          "isArchived": false,
          "isAnonymous": false,
          "autoDeleteSetting": null,
          "componentSpec": {
            "$schema": "http://azureml/sdk-2-0/DataTransferComponent.json",
            "name": "test_837882645467",
            "version": "1",
            "display_name": "Data Transfer Component merge-files",
            "is_deterministic": "True",
            "type": "data_transfer",
            "inputs": {
              "folder1": {
                "type": "uri_folder",
                "optional": "False"
              },
              "folder2": {
                "type": "uri_folder",
                "optional": "False"
              }
            },
            "outputs": {
              "output_folder": {
                "type": "uri_folder"
              }
            },
            "task": "copy_data",
            "data_copy_mode": "merge_with_overwrite"
          },
          "provisioningState": "Succeeded",
          "stage": "Development"
        },
        "systemData": {
          "createdAt": "2025-03-18T11:12:19.6386115+00:00",
          "createdBy": "Sanitized",
          "createdByType": "User",
          "lastModifiedAt": "2025-03-18T11:12:19.6988671+00:00",
          "lastModifiedBy": "Sanitized",
          "lastModifiedByType": "User"
        }
      }
    },
    {
      "RequestUri": "https://Sanitized.azure.com/subscriptions/00000000-0000-0000-0000-000000000/resourceGroups/00000/providers/Microsoft.MachineLearningServices/workspaces/00000/components/test_837882645467/versions/2?api-version=2024-01-01-preview",
      "RequestMethod": "PUT",
      "RequestHeaders": {
        "Accept": "application/json",
        "Accept-Encoding": "gzip, deflate",
        "Connection": "keep-alive",
        "Content-Length": "614",
        "Content-Type": "application/json",
        "User-Agent": "azure-ai-ml/1.27.0 azsdk-python-mgmt-machinelearningservices/0.1.0 Python/3.10.11 (Windows-10-10.0.26100-SP0)"
      },
      "RequestBody": {
        "properties": {
          "properties": {
            "client_component_hash": "7f87c27a-f988-2298-c4c3-c505d3670148"
          },
          "tags": {},
          "isAnonymous": false,
          "isArchived": false,
          "componentSpec": {
            "name": "test_837882645467",
            "version": "2",
            "$schema": "http://azureml/sdk-2-0/DataTransferComponent.json",
            "display_name": "Data Transfer Component merge-files",
            "is_deterministic": true,
            "inputs": {
              "folder1": {
                "type": "uri_folder"
              },
              "folder2": {
                "type": "uri_folder"
              }
            },
            "outputs": {
              "output_folder": {
                "type": "uri_folder"
              }
            },
            "type": "data_transfer",
            "task": "copy_data",
            "data_copy_mode": "merge_with_overwrite",
            "_source": "YAML.COMPONENT"
          }
        }
      },
      "StatusCode": 201,
      "ResponseHeaders": {
        "Cache-Control": "no-cache",
        "Content-Length": "1169",
        "Content-Type": "application/json; charset=utf-8",
        "Date": "Tue, 18 Mar 2025 11:12:23 GMT",
        "Expires": "-1",
        "Location": "https://management.azure.com/subscriptions/00000000-0000-0000-0000-000000000/resourceGroups/00000/providers/Microsoft.MachineLearningServices/workspaces/00000/components/test_837882645467/versions/2?api-version=2024-01-01-preview",
        "Pragma": "no-cache",
        "Request-Context": "appId=cid-v1:2d2e8e63-272e-4b3c-8598-4ee570a0e70d",
        "Strict-Transport-Security": "max-age=31536000; includeSubDomains",
        "x-aml-cluster": "vienna-westus-01",
        "X-Cache": "CONFIG_NOCACHE",
        "X-Content-Type-Options": "nosniff",
        "x-ms-correlation-request-id": "d44653a5-ab8a-4bf0-8db8-00bd85252cac",
        "x-ms-ratelimit-remaining-subscription-global-writes": "11999",
        "x-ms-ratelimit-remaining-subscription-writes": "799",
        "x-ms-response-type": "standard",
        "x-ms-routing-request-id": "SOUTHINDIA:20250318T111224Z:d44653a5-ab8a-4bf0-8db8-00bd85252cac",
        "X-MSEdge-Ref": "Ref A: 42641B06CE1546B99E629B50BCDF5548 Ref B: MAA201060516019 Ref C: 2025-03-18T11:12:21Z",
        "x-request-time": "0.555"
      },
      "ResponseBody": {
        "id": "/subscriptions/00000000-0000-0000-0000-000000000/resourceGroups/00000/providers/Microsoft.MachineLearningServices/workspaces/00000/components/test_837882645467/versions/2",
        "name": "2",
        "type": "Microsoft.MachineLearningServices/workspaces/components/versions",
        "properties": {
          "description": null,
          "tags": {},
          "properties": {
            "client_component_hash": "7f87c27a-f988-2298-c4c3-c505d3670148"
          },
          "isArchived": false,
          "isAnonymous": false,
          "autoDeleteSetting": null,
          "componentSpec": {
            "$schema": "http://azureml/sdk-2-0/DataTransferComponent.json",
            "name": "test_837882645467",
            "version": "2",
            "display_name": "Data Transfer Component merge-files",
            "is_deterministic": "True",
            "type": "data_transfer",
            "inputs": {
              "folder1": {
                "type": "uri_folder",
                "optional": "False"
              },
              "folder2": {
                "type": "uri_folder",
                "optional": "False"
              }
            },
            "outputs": {
              "output_folder": {
                "type": "uri_folder"
              }
            },
            "task": "copy_data",
            "data_copy_mode": "merge_with_overwrite"
          },
          "provisioningState": "Succeeded",
          "stage": "Development"
        },
        "systemData": {
          "createdAt": "2025-03-18T11:12:23.4622415+00:00",
          "createdBy": "Sanitized",
          "createdByType": "User",
          "lastModifiedAt": "2025-03-18T11:12:23.5240767+00:00",
          "lastModifiedBy": "Sanitized",
          "lastModifiedByType": "User"
        }
      }
    }
  ],
  "Variables": {
    "datatransfer_copy_2urifolder": "test_837882645467"
  }
}
