{
  "Entries": [
    {
      "RequestUri": "https://Sanitized.azure.com/subscriptions/00000000-0000-0000-0000-000000000/resourceGroups/00000/providers/Microsoft.MachineLearningServices/workspaces/00000/codes/cc4ae866-e51c-4dc9-a1f9-a92de89d12bf/versions?api-version=2023-04-01&hash=a9b99c65b9e5adea4ac2bf919371e9806c46f4c5d893c572cc283d63b6099dfd&hashVersion=202208",
      "RequestMethod": "GET",
      "RequestHeaders": {
        "Accept": "application/json",
        "Accept-Encoding": "gzip, deflate",
        "Connection": "keep-alive",
        "User-Agent": "azure-ai-ml/1.27.0 azsdk-python-mgmt-machinelearningservices/0.1.0 Python/3.10.11 (Windows-10-10.0.26100-SP0)"
      },
      "RequestBody": null,
      "StatusCode": 200,
      "ResponseHeaders": {
        "Cache-Control": "no-cache",
        "Content-Length": "857",
        "Content-Type": "application/json; charset=utf-8",
        "Date": "Tue, 18 Mar 2025 11:23:23 GMT",
        "Expires": "-1",
        "Pragma": "no-cache",
        "Request-Context": "appId=cid-v1:2d2e8e63-272e-4b3c-8598-4ee570a0e70d",
        "Strict-Transport-Security": "max-age=31536000; includeSubDomains",
        "Vary": "Accept-Encoding",
        "x-aml-cluster": "vienna-westus-01",
        "X-Cache": "CONFIG_NOCACHE",
        "X-Content-Type-Options": "nosniff",
        "x-ms-correlation-request-id": "438128ac-d57d-4899-bd01-c345fa35c95a",
        "x-ms-ratelimit-remaining-subscription-global-reads": "16499",
        "x-ms-ratelimit-remaining-subscription-reads": "1099",
        "x-ms-response-type": "standard",
        "x-ms-routing-request-id": "SOUTHINDIA:20250318T112324Z:438128ac-d57d-4899-bd01-c345fa35c95a",
        "X-MSEdge-Ref": "Ref A: 2D8D4544BCF646AC874BD84BD36B23E1 Ref B: MAA201060516019 Ref C: 2025-03-18T11:23:23Z",
        "x-request-time": "0.048"
      },
      "ResponseBody": {
        "value": [
          {
            "id": "/subscriptions/00000000-0000-0000-0000-000000000/resourceGroups/00000/providers/Microsoft.MachineLearningServices/workspaces/00000/codes/000000000000000000000/versions/1",
            "name": "1",
            "type": "Microsoft.MachineLearningServices/workspaces/codes/versions",
            "properties": {
              "description": null,
              "tags": {},
              "properties": {
                "hash_sha256": "a9b99c65b9e5adea4ac2bf919371e9806c46f4c5d893c572cc283d63b6099dfd",
                "hash_version": "202208"
              },
              "isArchived": false,
              "isAnonymous": false,
              "codeUri": "https://saw5gakqr75l2j2.blob.core.windows.net:443/4830284c-8448-41aa-bcdd-55399c88f511-x79qx7sa3qrt6pzk1iyld42rx2/basic",
              "provisioningState": "Succeeded"
            },
            "systemData": {
              "createdAt": "2025-03-18T11:23:11.8237483+00:00",
              "createdBy": "Sanitized",
              "createdByType": "User",
              "lastModifiedAt": "2025-03-18T11:23:11.8237483+00:00",
              "lastModifiedBy": "Sanitized",
              "lastModifiedByType": "User"
            }
          }
        ]
      }
    },
    {
      "RequestUri": "https://Sanitized.azure.com/subscriptions/00000000-0000-0000-0000-000000000/resourceGroups/00000/providers/Microsoft.MachineLearningServices/workspaces/00000/codes/000000000000000000000/versions/1?api-version=2023-04-01",
      "RequestMethod": "GET",
      "RequestHeaders": {
        "Accept": "application/json",
        "Accept-Encoding": "gzip, deflate",
        "Connection": "keep-alive",
        "User-Agent": "azure-ai-ml/1.27.0 azsdk-python-mgmt-machinelearningservices/0.1.0 Python/3.10.11 (Windows-10-10.0.26100-SP0)"
      },
      "RequestBody": null,
      "StatusCode": 200,
      "ResponseHeaders": {
        "Cache-Control": "no-cache",
        "Content-Length": "801",
        "Content-Type": "application/json; charset=utf-8",
        "Date": "Tue, 18 Mar 2025 11:23:25 GMT",
        "Expires": "-1",
        "Pragma": "no-cache",
        "Request-Context": "appId=cid-v1:2d2e8e63-272e-4b3c-8598-4ee570a0e70d",
        "Strict-Transport-Security": "max-age=31536000; includeSubDomains",
        "Vary": "Accept-Encoding",
        "x-aml-cluster": "vienna-westus-01",
        "X-Cache": "CONFIG_NOCACHE",
        "X-Content-Type-Options": "nosniff",
        "x-ms-correlation-request-id": "edae9013-2ca8-4e94-88d1-45b53f679120",
        "x-ms-ratelimit-remaining-subscription-global-reads": "16499",
        "x-ms-ratelimit-remaining-subscription-reads": "1099",
        "x-ms-response-type": "standard",
        "x-ms-routing-request-id": "SOUTHINDIA:20250318T112325Z:edae9013-2ca8-4e94-88d1-45b53f679120",
        "X-MSEdge-Ref": "Ref A: DBF584AB58FB45599A5D811105BF9399 Ref B: MAA201060516019 Ref C: 2025-03-18T11:23:24Z",
        "x-request-time": "0.047"
      },
      "ResponseBody": {
        "id": "/subscriptions/00000000-0000-0000-0000-000000000/resourceGroups/00000/providers/Microsoft.MachineLearningServices/workspaces/00000/codes/000000000000000000000/versions/1",
        "name": "1",
        "type": "Microsoft.MachineLearningServices/workspaces/codes/versions",
        "properties": {
          "description": null,
          "tags": {},
          "properties": {
            "hash_sha256": "0000000000000",
            "hash_version": "0000000000000"
          },
          "isArchived": false,
          "isAnonymous": false,
          "codeUri": "https://saw5gakqr75l2j2.blob.core.windows.net:443/4830284c-8448-41aa-bcdd-55399c88f511-x79qx7sa3qrt6pzk1iyld42rx2/basic",
          "provisioningState": "Succeeded"
        },
        "systemData": {
          "createdAt": "2025-03-18T11:23:11.8237483+00:00",
          "createdBy": "Sanitized",
          "createdByType": "User",
          "lastModifiedAt": "2025-03-18T11:23:11.8237483+00:00",
          "lastModifiedBy": "Sanitized",
          "lastModifiedByType": "User"
        }
      }
    },
    {
      "RequestUri": "https://Sanitized.azure.com/subscriptions/00000000-0000-0000-0000-000000000/resourceGroups/00000/providers/Microsoft.MachineLearningServices/workspaces/00000/codes/000000000000000000000/versions/1?api-version=2023-04-01",
      "RequestMethod": "GET",
      "RequestHeaders": {
        "Accept": "application/json",
        "Accept-Encoding": "gzip, deflate",
        "Connection": "keep-alive",
        "User-Agent": "azure-ai-ml/1.27.0 azsdk-python-mgmt-machinelearningservices/0.1.0 Python/3.10.11 (Windows-10-10.0.26100-SP0)"
      },
      "RequestBody": null,
      "StatusCode": 200,
      "ResponseHeaders": {
        "Cache-Control": "no-cache",
        "Content-Length": "801",
        "Content-Type": "application/json; charset=utf-8",
        "Date": "Tue, 18 Mar 2025 11:23:26 GMT",
        "Expires": "-1",
        "Pragma": "no-cache",
        "Request-Context": "appId=cid-v1:2d2e8e63-272e-4b3c-8598-4ee570a0e70d",
        "Strict-Transport-Security": "max-age=31536000; includeSubDomains",
        "Vary": "Accept-Encoding",
        "x-aml-cluster": "vienna-westus-01",
        "X-Cache": "CONFIG_NOCACHE",
        "X-Content-Type-Options": "nosniff",
        "x-ms-correlation-request-id": "73fb1e89-919b-4868-b6d9-a2ed6f59fafb",
        "x-ms-ratelimit-remaining-subscription-global-reads": "16499",
        "x-ms-ratelimit-remaining-subscription-reads": "1099",
        "x-ms-response-type": "standard",
        "x-ms-routing-request-id": "SOUTHINDIA:20250318T112326Z:73fb1e89-919b-4868-b6d9-a2ed6f59fafb",
        "X-MSEdge-Ref": "Ref A: 57498DD67EAE485A96725269CCF2AF7B Ref B: MAA201060516019 Ref C: 2025-03-18T11:23:25Z",
        "x-request-time": "0.049"
      },
      "ResponseBody": {
        "id": "/subscriptions/00000000-0000-0000-0000-000000000/resourceGroups/00000/providers/Microsoft.MachineLearningServices/workspaces/00000/codes/000000000000000000000/versions/1",
        "name": "1",
        "type": "Microsoft.MachineLearningServices/workspaces/codes/versions",
        "properties": {
          "description": null,
          "tags": {},
          "properties": {
            "hash_sha256": "0000000000000",
            "hash_version": "0000000000000"
          },
          "isArchived": false,
          "isAnonymous": false,
          "codeUri": "https://saw5gakqr75l2j2.blob.core.windows.net:443/4830284c-8448-41aa-bcdd-55399c88f511-x79qx7sa3qrt6pzk1iyld42rx2/basic",
          "provisioningState": "Succeeded"
        },
        "systemData": {
          "createdAt": "2025-03-18T11:23:11.8237483+00:00",
          "createdBy": "Sanitized",
          "createdByType": "User",
          "lastModifiedAt": "2025-03-18T11:23:11.8237483+00:00",
          "lastModifiedBy": "Sanitized",
          "lastModifiedByType": "User"
        }
      }
    },
    {
      "RequestUri": "https://Sanitized.azure.com/subscriptions/00000000-0000-0000-0000-000000000/resourceGroups/00000/providers/Microsoft.MachineLearningServices/workspaces/00000/components/test_9961997365/versions/1?api-version=2024-01-01-preview",
      "RequestMethod": "PUT",
      "RequestHeaders": {
        "Accept": "application/json",
        "Accept-Encoding": "gzip, deflate",
        "Connection": "keep-alive",
        "Content-Length": "925",
        "Content-Type": "application/json",
        "User-Agent": "azure-ai-ml/1.27.0 azsdk-python-mgmt-machinelearningservices/0.1.0 Python/3.10.11 (Windows-10-10.0.26100-SP0)"
      },
      "RequestBody": {
        "properties": {
          "properties": {
            "client_component_hash": "15b4945d-b741-d836-b0db-cb05e2d9abac"
          },
          "tags": {},
          "isAnonymous": false,
          "isArchived": false,
          "componentSpec": {
            "environment": "azureml:AzureML-sklearn-1.0-ubuntu20.04-py38-cpu:33",
            "is_deterministic": false,
            "environment_variables": {
              "AZURE_OPENAI_API_TYPE": "azure",
              "AZURE_OPENAI_API_VERSION": "2023-03-15-preview",
              "AZURE_OPENAI_API_KEY": "${my_connection.api_key}",
              "AZURE_OPENAI_API_BASE": "${my_connection.api_base}"
            },
            "name": "test_9961997365",
            "version": "1",
            "type": "promptflow_parallel",
            "_source": "YAML.COMPONENT",
            "code": "/subscriptions/00000000-0000-0000-0000-000000000/resourceGroups/00000/providers/Microsoft.MachineLearningServices/workspaces/00000/codes/000000000000000000000/versions/1",
            "flow_definition_uri": "https://saw5gakqr75l2j2.blob.core.windows.net/4830284c-8448-41aa-bcdd-55399c88f511-x79qx7sa3qrt6pzk1iyld42rx2/basic/flow.dag.yaml"
          }
        }
      },
      "StatusCode": 201,
      "ResponseHeaders": {
        "Cache-Control": "no-cache",
        "Content-Length": "2507",
        "Content-Type": "application/json; charset=utf-8",
        "Date": "Tue, 18 Mar 2025 11:23:32 GMT",
        "Expires": "-1",
        "Location": "https://management.azure.com/subscriptions/00000000-0000-0000-0000-000000000/resourceGroups/00000/providers/Microsoft.MachineLearningServices/workspaces/00000/components/test_9961997365/versions/1?api-version=2024-01-01-preview",
        "Pragma": "no-cache",
        "Request-Context": "appId=cid-v1:2d2e8e63-272e-4b3c-8598-4ee570a0e70d",
        "Strict-Transport-Security": "max-age=31536000; includeSubDomains",
        "x-aml-cluster": "vienna-westus-01",
        "X-Cache": "CONFIG_NOCACHE",
        "X-Content-Type-Options": "nosniff",
        "x-ms-correlation-request-id": "78a7afab-0d74-44db-9259-8db5acc4d9d1",
        "x-ms-ratelimit-remaining-subscription-global-writes": "11999",
        "x-ms-ratelimit-remaining-subscription-writes": "799",
        "x-ms-response-type": "standard",
        "x-ms-routing-request-id": "SOUTHINDIA:20250318T112333Z:78a7afab-0d74-44db-9259-8db5acc4d9d1",
        "X-MSEdge-Ref": "Ref A: 19837C4048C341BAB7E06230273A64E4 Ref B: MAA201060516019 Ref C: 2025-03-18T11:23:30Z",
        "x-request-time": "0.772"
      },
      "ResponseBody": {
        "id": "/subscriptions/00000000-0000-0000-0000-000000000/resourceGroups/00000/providers/Microsoft.MachineLearningServices/workspaces/00000/components/test_9961997365/versions/1",
        "name": "1",
        "type": "Microsoft.MachineLearningServices/workspaces/components/versions",
        "properties": {
          "description": null,
          "tags": {},
          "properties": {
            "client_component_hash": "15b4945d-b741-d836-b0db-cb05e2d9abac"
          },
          "isArchived": false,
          "isAnonymous": false,
          "autoDeleteSetting": null,
          "componentSpec": {
            "name": "test_9961997365",
            "version": "1",
            "display_name": "test_9961997365",
            "is_deterministic": "False",
            "type": "parallel",
            "inputs": {
              "data": {
                "type": "uri_folder",
                "optional": "False"
              },
              "run_outputs": {
                "type": "uri_folder",
                "optional": "True"
              },
              "environment_variables.AZURE_OPENAI_API_TYPE": {
                "type": "string",
                "optional": "True",
                "default": "azure"
              },
              "environment_variables.AZURE_OPENAI_API_VERSION": {
                "type": "string",
                "optional": "True",
                "default": "2023-03-15-preview"
              },
              "environment_variables.AZURE_OPENAI_API_KEY": {
                "type": "string",
                "optional": "True",
                "default": "${my_connection.api_key}"
              },
              "environment_variables.AZURE_OPENAI_API_BASE": {
                "type": "string",
                "optional": "True",
                "default": "${my_connection.api_base}"
              },
              "text": {
                "type": "string",
                "optional": "False",
                "default": "Hello World!"
              }
            },
            "outputs": {
              "flow_outputs": {
                "type": "uri_folder"
              },
              "debug_info": {
                "type": "uri_folder"
              }
            },
            "task": {
              "code": "azureml:/subscriptions/00000000-0000-0000-0000-000000000/resourceGroups/00000/providers/Microsoft.MachineLearningServices/workspaces/00000/codes/000000000000000000000/versions/1",
              "environment": "azureml://registries/azureml/environments/AzureML-sklearn-1.0-ubuntu20.04-py38-cpu/versions/33",
              "program_arguments": "--amlbi_pf_enabled True --amlbi_pf_run_mode component --amlbi_mini_batch_rows 1 --amlbi_file_format jsonl $[[--amlbi_pf_run_outputs ${{inputs.run_outputs}}]] --amlbi_pf_debug_info ${{outputs.debug_info}} --amlbi_pf_input_text ${{inputs.text}}",
              "entry_script": "driver/azureml_user/parallel_run/prompt_flow_entry.py",
              "type": "run_function",
              "append_row_to": "${{outputs.flow_outputs}}"
            },
            "input_data": "${{inputs.data}}",
            "error_threshold": "-1",
            "logging_level": "INFO",
            "max_concurrency_per_instance": "1",
            "mini_batch_error_threshold": "0",
            "mini_batch_size": "1",
            "retry_settings": {
              "max_retries": "2",
              "timeout": "600"
            }
          },
          "provisioningState": "Succeeded",
          "stage": "Development"
        },
        "systemData": {
          "createdAt": "2025-03-18T11:23:32.8811527+00:00",
          "createdBy": "Sanitized",
          "createdByType": "User",
          "lastModifiedAt": "2025-03-18T11:23:32.9480438+00:00",
          "lastModifiedBy": "Sanitized",
          "lastModifiedByType": "User"
        }
      }
    }
  ],
  "Variables": {
    "component_name": "test_9961997365"
  }
}
