{
  "Entries": [
    {
      "RequestUri": "https://Sanitized.azure.com/subscriptions/00000000-0000-0000-0000-000000000/resourceGroups/00000/providers/Microsoft.MachineLearningServices/workspaces/00000/environments/CliV2AnonymousEnvironment/versions/0a74cfe91bb6782bea541103b254d8bbcc9b9433e71630b2f781a82050cf1e92?api-version=2023-04-01-preview",
      "RequestMethod": "PUT",
      "RequestHeaders": {
        "Accept": "application/json",
        "Accept-Encoding": "gzip, deflate",
        "Connection": "keep-alive",
        "Content-Length": "302",
        "Content-Type": "application/json",
        "User-Agent": "azure-ai-ml/1.27.0 azsdk-python-mgmt-machinelearningservices/0.1.0 Python/3.10.11 (Windows-10-10.0.26100-SP0)"
      },
      "RequestBody": {
        "properties": {
          "isAnonymous": true,
          "isArchived": false,
          "condaFile": "channels:\n- conda-forge\ndependencies:\n- python=3.6.1\n- pip\n- pip:\n  - nbgitpuller\n  - sphinx-gallery\n  - pandas\n  - matplotlib\nname: example-environment\n",
          "image": "mcr.microsoft.com/azureml/openmpi4.1.0-ubuntu22.04"
        }
      },
      "StatusCode": 201,
      "ResponseHeaders": {
        "Build-ID": "imgbldrun_f1ace17",
        "Cache-Control": "no-cache",
        "Content-Length": "1285",
        "Content-Type": "application/json; charset=utf-8",
        "Date": "Tue, 18 Mar 2025 11:21:20 GMT",
        "Expires": "-1",
        "Location": "https://management.azure.com/subscriptions/00000000-0000-0000-0000-000000000/resourceGroups/00000/providers/Microsoft.MachineLearningServices/workspaces/00000/environments/CliV2AnonymousEnvironment/versions/0a74cfe91bb6782bea541103b254d8bbcc9b9433e71630b2f781a82050cf1e92?api-version=2023-04-01-preview",
        "Pragma": "no-cache",
        "Request-Context": "appId=cid-v1:2d2e8e63-272e-4b3c-8598-4ee570a0e70d",
        "Strict-Transport-Security": "max-age=31536000; includeSubDomains",
        "x-aml-cluster": "vienna-westus-01",
        "X-Cache": "CONFIG_NOCACHE",
        "X-Content-Type-Options": "nosniff",
        "x-ms-correlation-request-id": "0bf2c0c6-dc55-46a7-8d8e-7911f890d31c",
        "x-ms-ratelimit-remaining-subscription-global-writes": "11999",
        "x-ms-ratelimit-remaining-subscription-writes": "799",
        "x-ms-response-type": "standard",
        "x-ms-routing-request-id": "SOUTHINDIA:20250318T112121Z:0bf2c0c6-dc55-46a7-8d8e-7911f890d31c",
        "X-MSEdge-Ref": "Ref A: 1BF2EEDF5D3C4BF08718FB5D8912A333 Ref B: MAA201060516019 Ref C: 2025-03-18T11:21:19Z",
        "x-request-time": "0.383"
      },
      "ResponseBody": {
        "id": "/subscriptions/00000000-0000-0000-0000-000000000/resourceGroups/00000/providers/Microsoft.MachineLearningServices/workspaces/00000/environments/CliV2AnonymousEnvironment/versions/0a74cfe91bb6782bea541103b254d8bbcc9b9433e71630b2f781a82050cf1e92",
        "name": "0a74cfe91bb6782bea541103b254d8bbcc9b9433e71630b2f781a82050cf1e92",
        "type": "Microsoft.MachineLearningServices/workspaces/environments/versions",
        "properties": {
          "description": null,
          "tags": {},
          "properties": {
            "azureml.labels": ""
          },
          "isArchived": false,
          "isAnonymous": true,
          "autoDeleteSetting": null,
          "environmentType": "UserCreated",
          "image": "mcr.microsoft.com/azureml/openmpi4.1.0-ubuntu22.04",
          "condaFile": "{\n  \"channels\": [\n    \"conda-forge\"\n  ],\n  \"dependencies\": [\n    \"python=3.6.1\",\n    \"pip\",\n    {\n      \"pip\": [\n        \"nbgitpuller\",\n        \"sphinx-gallery\",\n        \"pandas\",\n        \"matplotlib\"\n      ]\n    }\n  ],\n  \"name\": \"example-environment\"\n}",
          "osType": "Linux",
          "autoRebuild": "Disabled",
          "provisioningState": "Succeeded",
          "stage": "Logged",
          "intellectualProperty": null
        },
        "systemData": {
          "createdAt": "2025-03-18T11:20:56.4241887+00:00",
          "createdBy": "Sanitized",
          "createdByType": "User",
          "lastModifiedAt": "2025-03-18T11:20:56.4241887+00:00",
          "lastModifiedBy": "Sanitized",
          "lastModifiedByType": "User"
        }
      }
    },
    {
      "RequestUri": "https://Sanitized.azure.com/subscriptions/00000000-0000-0000-0000-000000000/resourceGroups/00000/providers/Microsoft.MachineLearningServices/workspaces/00000/components/test_788769901053/versions/0.0.1?api-version=2024-01-01-preview",
      "RequestMethod": "PUT",
      "RequestHeaders": {
        "Accept": "application/json",
        "Accept-Encoding": "gzip, deflate",
        "Connection": "keep-alive",
        "Content-Length": "1345",
        "Content-Type": "application/json",
        "User-Agent": "azure-ai-ml/1.27.0 azsdk-python-mgmt-machinelearningservices/0.1.0 Python/3.10.11 (Windows-10-10.0.26100-SP0)"
      },
      "RequestBody": {
        "properties": {
          "description": "This is the basic command component",
          "properties": {
            "client_component_hash": "4c917322-c651-c728-004b-7de7d162b327"
          },
          "tags": {
            "tag": "tagvalue",
            "owner": "sdkteam"
          },
          "isAnonymous": false,
          "isArchived": false,
          "componentSpec": {
            "command": "echo Hello World & echo $[[${{inputs.component_in_number}}]] & echo ${{inputs.component_in_path}} & echo ${{outputs.component_out_path}} > ${{outputs.component_out_path}}/component_in_number",
            "environment": "azureml:/subscriptions/00000000-0000-0000-0000-000000000/resourceGroups/00000/providers/Microsoft.MachineLearningServices/workspaces/00000/environments/CliV2AnonymousEnvironment/versions/0a74cfe91bb6782bea541103b254d8bbcc9b9433e71630b2f781a82050cf1e92",
            "name": "test_788769901053",
            "description": "This is the basic command component",
            "tags": {
              "tag": "tagvalue",
              "owner": "sdkteam"
            },
            "version": "0.0.1",
            "$schema": "https://azuremlschemas.azureedge.net/development/commandComponent.schema.json",
            "display_name": "CommandComponentBasic",
            "is_deterministic": true,
            "inputs": {
              "component_in_number": {
                "type": "number",
                "optional": true,
                "default": "10.99",
                "description": "A number"
              },
              "component_in_path": {
                "type": "uri_folder",
                "description": "A path"
              }
            },
            "outputs": {
              "component_out_path": {
                "type": "uri_folder"
              }
            },
            "type": "command",
            "_source": "YAML.COMPONENT"
          }
        }
      },
      "StatusCode": 201,
      "ResponseHeaders": {
        "Cache-Control": "no-cache",
        "Content-Length": "1852",
        "Content-Type": "application/json; charset=utf-8",
        "Date": "Tue, 18 Mar 2025 11:21:26 GMT",
        "Expires": "-1",
        "Location": "https://management.azure.com/subscriptions/00000000-0000-0000-0000-000000000/resourceGroups/00000/providers/Microsoft.MachineLearningServices/workspaces/00000/components/test_788769901053/versions/0.0.1?api-version=2024-01-01-preview",
        "Pragma": "no-cache",
        "Request-Context": "appId=cid-v1:2d2e8e63-272e-4b3c-8598-4ee570a0e70d",
        "Strict-Transport-Security": "max-age=31536000; includeSubDomains",
        "x-aml-cluster": "vienna-westus-02",
        "X-Cache": "CONFIG_NOCACHE",
        "X-Content-Type-Options": "nosniff",
        "x-ms-correlation-request-id": "3091ddc8-24f2-4656-a1e5-63bf1b31901f",
        "x-ms-ratelimit-remaining-subscription-global-writes": "11999",
        "x-ms-ratelimit-remaining-subscription-writes": "799",
        "x-ms-response-type": "standard",
        "x-ms-routing-request-id": "SOUTHINDIA:20250318T112127Z:3091ddc8-24f2-4656-a1e5-63bf1b31901f",
        "X-MSEdge-Ref": "Ref A: 9D0630D099AA43D7899584584954F6C5 Ref B: MAA201060516019 Ref C: 2025-03-18T11:21:24Z",
        "x-request-time": "0.545"
      },
      "ResponseBody": {
        "id": "/subscriptions/00000000-0000-0000-0000-000000000/resourceGroups/00000/providers/Microsoft.MachineLearningServices/workspaces/00000/components/test_788769901053/versions/0.0.1",
        "name": "0.0.1",
        "type": "Microsoft.MachineLearningServices/workspaces/components/versions",
        "properties": {
          "description": null,
          "tags": {
            "tag": "tagvalue",
            "owner": "sdkteam"
          },
          "properties": {
            "client_component_hash": "4c917322-c651-c728-004b-7de7d162b327"
          },
          "isArchived": false,
          "isAnonymous": false,
          "autoDeleteSetting": null,
          "componentSpec": {
            "$schema": "https://azuremlschemas.azureedge.net/development/commandComponent.schema.json",
            "name": "test_788769901053",
            "version": "0.0.1",
            "display_name": "CommandComponentBasic",
            "is_deterministic": "True",
            "type": "command",
            "description": "This is the basic command component",
            "tags": {
              "tag": "tagvalue",
              "owner": "sdkteam"
            },
            "inputs": {
              "component_in_path": {
                "type": "uri_folder",
                "optional": "False",
                "description": "A path"
              },
              "component_in_number": {
                "type": "number",
                "optional": "True",
                "default": "10.99",
                "description": "A number"
              }
            },
            "outputs": {
              "component_out_path": {
                "type": "uri_folder"
              }
            },
            "environment": "azureml:/subscriptions/00000000-0000-0000-0000-000000000/resourceGroups/00000/providers/Microsoft.MachineLearningServices/workspaces/00000/environments/CliV2AnonymousEnvironment/versions/0a74cfe91bb6782bea541103b254d8bbcc9b9433e71630b2f781a82050cf1e92",
            "resources": {
              "instance_count": "1"
            },
            "command": "echo Hello World & echo $[[${{inputs.component_in_number}}]] & echo ${{inputs.component_in_path}} & echo ${{outputs.component_out_path}} > ${{outputs.component_out_path}}/component_in_number"
          },
          "provisioningState": "Succeeded",
          "stage": "Development"
        },
        "systemData": {
          "createdAt": "2025-03-18T11:21:26.55921+00:00",
          "createdBy": "Sanitized",
          "createdByType": "User",
          "lastModifiedAt": "2025-03-18T11:21:26.6303034+00:00",
          "lastModifiedBy": "Sanitized",
          "lastModifiedByType": "User"
        }
      }
    },
    {
      "RequestUri": "https://Sanitized.azure.com/subscriptions/00000000-0000-0000-0000-000000000/resourceGroups/00000/providers/Microsoft.MachineLearningServices/workspaces/00000/components/test_788769901053/versions/0.0.1?api-version=2024-01-01-preview",
      "RequestMethod": "GET",
      "RequestHeaders": {
        "Accept": "application/json",
        "Accept-Encoding": "gzip, deflate",
        "Connection": "keep-alive",
        "User-Agent": "azure-ai-ml/1.27.0 azsdk-python-mgmt-machinelearningservices/0.1.0 Python/3.10.11 (Windows-10-10.0.26100-SP0)"
      },
      "RequestBody": null,
      "StatusCode": 200,
      "ResponseHeaders": {
        "Cache-Control": "no-cache",
        "Content-Length": "1852",
        "Content-Type": "application/json; charset=utf-8",
        "Date": "Tue, 18 Mar 2025 11:21:27 GMT",
        "Expires": "-1",
        "Pragma": "no-cache",
        "Request-Context": "appId=cid-v1:2d2e8e63-272e-4b3c-8598-4ee570a0e70d",
        "Strict-Transport-Security": "max-age=31536000; includeSubDomains",
        "Vary": "Accept-Encoding",
        "x-aml-cluster": "vienna-westus-01",
        "X-Cache": "CONFIG_NOCACHE",
        "X-Content-Type-Options": "nosniff",
        "x-ms-correlation-request-id": "c94c6945-e9a6-457e-9689-782485936e11",
        "x-ms-ratelimit-remaining-subscription-global-reads": "16499",
        "x-ms-ratelimit-remaining-subscription-reads": "1099",
        "x-ms-response-type": "standard",
        "x-ms-routing-request-id": "SOUTHINDIA:20250318T112127Z:c94c6945-e9a6-457e-9689-782485936e11",
        "X-MSEdge-Ref": "Ref A: DB8819558CA048C08FC56456E66A4162 Ref B: MAA201060516019 Ref C: 2025-03-18T11:21:27Z",
        "x-request-time": "0.167"
      },
      "ResponseBody": {
        "id": "/subscriptions/00000000-0000-0000-0000-000000000/resourceGroups/00000/providers/Microsoft.MachineLearningServices/workspaces/00000/components/test_788769901053/versions/0.0.1",
        "name": "0.0.1",
        "type": "Microsoft.MachineLearningServices/workspaces/components/versions",
        "properties": {
          "description": null,
          "tags": {
            "tag": "tagvalue",
            "owner": "sdkteam"
          },
          "properties": {
            "client_component_hash": "4c917322-c651-c728-004b-7de7d162b327"
          },
          "isArchived": false,
          "isAnonymous": false,
          "autoDeleteSetting": null,
          "componentSpec": {
            "$schema": "https://azuremlschemas.azureedge.net/development/commandComponent.schema.json",
            "name": "test_788769901053",
            "version": "0.0.1",
            "display_name": "CommandComponentBasic",
            "is_deterministic": "True",
            "type": "command",
            "description": "This is the basic command component",
            "tags": {
              "tag": "tagvalue",
              "owner": "sdkteam"
            },
            "inputs": {
              "component_in_path": {
                "type": "uri_folder",
                "optional": "False",
                "description": "A path"
              },
              "component_in_number": {
                "type": "number",
                "optional": "True",
                "default": "10.99",
                "description": "A number"
              }
            },
            "outputs": {
              "component_out_path": {
                "type": "uri_folder"
              }
            },
            "environment": "azureml:/subscriptions/00000000-0000-0000-0000-000000000/resourceGroups/00000/providers/Microsoft.MachineLearningServices/workspaces/00000/environments/CliV2AnonymousEnvironment/versions/0a74cfe91bb6782bea541103b254d8bbcc9b9433e71630b2f781a82050cf1e92",
            "resources": {
              "instance_count": "1"
            },
            "command": "echo Hello World & echo $[[${{inputs.component_in_number}}]] & echo ${{inputs.component_in_path}} & echo ${{outputs.component_out_path}} > ${{outputs.component_out_path}}/component_in_number"
          },
          "provisioningState": "Succeeded",
          "stage": "Development"
        },
        "systemData": {
          "createdAt": "2025-03-18T11:21:26.55921+00:00",
          "createdBy": "Sanitized",
          "createdByType": "User",
          "lastModifiedAt": "2025-03-18T11:21:26.6303034+00:00",
          "lastModifiedBy": "Sanitized",
          "lastModifiedByType": "User"
        }
      }
    },
    {
      "RequestUri": "https://Sanitized.azure.com/subscriptions/00000000-0000-0000-0000-000000000/resourceGroups/00000/providers/Microsoft.MachineLearningServices/workspaces/00000/environments/CliV2AnonymousEnvironment/versions/0a74cfe91bb6782bea541103b254d8bbcc9b9433e71630b2f781a82050cf1e92?api-version=2023-04-01-preview",
      "RequestMethod": "GET",
      "RequestHeaders": {
        "Accept": "application/json",
        "Accept-Encoding": "gzip, deflate",
        "Connection": "keep-alive",
        "User-Agent": "azure-ai-ml/1.27.0 azsdk-python-mgmt-machinelearningservices/0.1.0 Python/3.10.11 (Windows-10-10.0.26100-SP0)"
      },
      "RequestBody": null,
      "StatusCode": 200,
      "ResponseHeaders": {
        "Cache-Control": "no-cache",
        "Content-Length": "1285",
        "Content-Type": "application/json; charset=utf-8",
        "Date": "Tue, 18 Mar 2025 11:21:27 GMT",
        "Expires": "-1",
        "Pragma": "no-cache",
        "Request-Context": "appId=cid-v1:2d2e8e63-272e-4b3c-8598-4ee570a0e70d",
        "Strict-Transport-Security": "max-age=31536000; includeSubDomains",
        "Vary": "Accept-Encoding",
        "x-aml-cluster": "vienna-westus-01",
        "X-Cache": "CONFIG_NOCACHE",
        "X-Content-Type-Options": "nosniff",
        "x-ms-correlation-request-id": "7dc62cf5-42b6-4093-9747-9e9ed94477bc",
        "x-ms-ratelimit-remaining-subscription-global-reads": "16498",
        "x-ms-ratelimit-remaining-subscription-reads": "1098",
        "x-ms-response-type": "standard",
        "x-ms-routing-request-id": "SOUTHINDIA:20250318T112128Z:7dc62cf5-42b6-4093-9747-9e9ed94477bc",
        "X-MSEdge-Ref": "Ref A: 0B25564D244A435CA991E2675391B78F Ref B: MAA201060516019 Ref C: 2025-03-18T11:21:28Z",
        "x-request-time": "0.230"
      },
      "ResponseBody": {
        "id": "/subscriptions/00000000-0000-0000-0000-000000000/resourceGroups/00000/providers/Microsoft.MachineLearningServices/workspaces/00000/environments/CliV2AnonymousEnvironment/versions/0a74cfe91bb6782bea541103b254d8bbcc9b9433e71630b2f781a82050cf1e92",
        "name": "0a74cfe91bb6782bea541103b254d8bbcc9b9433e71630b2f781a82050cf1e92",
        "type": "Microsoft.MachineLearningServices/workspaces/environments/versions",
        "properties": {
          "description": null,
          "tags": {},
          "properties": {
            "azureml.labels": ""
          },
          "isArchived": false,
          "isAnonymous": true,
          "autoDeleteSetting": null,
          "environmentType": "UserCreated",
          "image": "mcr.microsoft.com/azureml/openmpi4.1.0-ubuntu22.04",
          "condaFile": "{\n  \"channels\": [\n    \"conda-forge\"\n  ],\n  \"dependencies\": [\n    \"python=3.6.1\",\n    \"pip\",\n    {\n      \"pip\": [\n        \"nbgitpuller\",\n        \"sphinx-gallery\",\n        \"pandas\",\n        \"matplotlib\"\n      ]\n    }\n  ],\n  \"name\": \"example-environment\"\n}",
          "osType": "Linux",
          "autoRebuild": "Disabled",
          "provisioningState": "Succeeded",
          "stage": "Logged",
          "intellectualProperty": null
        },
        "systemData": {
          "createdAt": "2025-03-18T11:20:56.4241887+00:00",
          "createdBy": "Sanitized",
          "createdByType": "User",
          "lastModifiedAt": "2025-03-18T11:20:56.4241887+00:00",
          "lastModifiedBy": "Sanitized",
          "lastModifiedByType": "User"
        }
      }
    },
    {
      "RequestUri": "https://Sanitized.azure.com/subscriptions/00000000-0000-0000-0000-000000000/resourceGroups/00000/providers/Microsoft.MachineLearningServices/workspaces/00000/environments/CliV2AnonymousEnvironment/versions/0a74cfe91bb6782bea541103b254d8bbcc9b9433e71630b2f781a82050cf1e92?api-version=2023-04-01-preview",
      "RequestMethod": "PUT",
      "RequestHeaders": {
        "Accept": "application/json",
        "Accept-Encoding": "gzip, deflate",
        "Connection": "keep-alive",
        "Content-Length": "321",
        "Content-Type": "application/json",
        "User-Agent": "azure-ai-ml/1.27.0 azsdk-python-mgmt-machinelearningservices/0.1.0 Python/3.10.11 (Windows-10-10.0.26100-SP0)"
      },
      "RequestBody": {
        "properties": {
          "isAnonymous": true,
          "isArchived": false,
          "condaFile": "channels:\n- conda-forge\ndependencies:\n- python=3.6.1\n- pip\n- pip:\n  - nbgitpuller\n  - sphinx-gallery\n  - pandas\n  - matplotlib\nname: example-environment\n",
          "image": "mcr.microsoft.com/azureml/openmpi4.1.0-ubuntu22.04",
          "osType": "linux"
        }
      },
      "StatusCode": 201,
      "ResponseHeaders": {
        "Build-ID": "imgbldrun_f1ace17",
        "Cache-Control": "no-cache",
        "Content-Length": "1285",
        "Content-Type": "application/json; charset=utf-8",
        "Date": "Tue, 18 Mar 2025 11:21:29 GMT",
        "Expires": "-1",
        "Location": "https://management.azure.com/subscriptions/00000000-0000-0000-0000-000000000/resourceGroups/00000/providers/Microsoft.MachineLearningServices/workspaces/00000/environments/CliV2AnonymousEnvironment/versions/0a74cfe91bb6782bea541103b254d8bbcc9b9433e71630b2f781a82050cf1e92?api-version=2023-04-01-preview",
        "Pragma": "no-cache",
        "Request-Context": "appId=cid-v1:2d2e8e63-272e-4b3c-8598-4ee570a0e70d",
        "Strict-Transport-Security": "max-age=31536000; includeSubDomains",
        "x-aml-cluster": "vienna-westus-02",
        "X-Cache": "CONFIG_NOCACHE",
        "X-Content-Type-Options": "nosniff",
        "x-ms-correlation-request-id": "c959d756-0e49-40be-a08b-e2d268b205a0",
        "x-ms-ratelimit-remaining-subscription-global-writes": "11999",
        "x-ms-ratelimit-remaining-subscription-writes": "799",
        "x-ms-response-type": "standard",
        "x-ms-routing-request-id": "SOUTHINDIA:20250318T112130Z:c959d756-0e49-40be-a08b-e2d268b205a0",
        "X-MSEdge-Ref": "Ref A: 8A824F68F2AD478CA9C5C11374E168F1 Ref B: MAA201060516019 Ref C: 2025-03-18T11:21:28Z",
        "x-request-time": "0.480"
      },
      "ResponseBody": {
        "id": "/subscriptions/00000000-0000-0000-0000-000000000/resourceGroups/00000/providers/Microsoft.MachineLearningServices/workspaces/00000/environments/CliV2AnonymousEnvironment/versions/0a74cfe91bb6782bea541103b254d8bbcc9b9433e71630b2f781a82050cf1e92",
        "name": "0a74cfe91bb6782bea541103b254d8bbcc9b9433e71630b2f781a82050cf1e92",
        "type": "Microsoft.MachineLearningServices/workspaces/environments/versions",
        "properties": {
          "description": null,
          "tags": {},
          "properties": {
            "azureml.labels": ""
          },
          "isArchived": false,
          "isAnonymous": true,
          "autoDeleteSetting": null,
          "environmentType": "UserCreated",
          "image": "mcr.microsoft.com/azureml/openmpi4.1.0-ubuntu22.04",
          "condaFile": "{\n  \"channels\": [\n    \"conda-forge\"\n  ],\n  \"dependencies\": [\n    \"python=3.6.1\",\n    \"pip\",\n    {\n      \"pip\": [\n        \"nbgitpuller\",\n        \"sphinx-gallery\",\n        \"pandas\",\n        \"matplotlib\"\n      ]\n    }\n  ],\n  \"name\": \"example-environment\"\n}",
          "osType": "Linux",
          "autoRebuild": "Disabled",
          "provisioningState": "Succeeded",
          "stage": "Logged",
          "intellectualProperty": null
        },
        "systemData": {
          "createdAt": "2025-03-18T11:20:56.4241887+00:00",
          "createdBy": "Sanitized",
          "createdByType": "User",
          "lastModifiedAt": "2025-03-18T11:20:56.4241887+00:00",
          "lastModifiedBy": "Sanitized",
          "lastModifiedByType": "User"
        }
      }
    },
    {
      "RequestUri": "https://Sanitized.azure.com/subscriptions/00000000-0000-0000-0000-000000000/resourceGroups/00000/providers/Microsoft.MachineLearningServices/workspaces/00000/components/test_788769901053_recreated/versions/0.0.1?api-version=2024-01-01-preview",
      "RequestMethod": "PUT",
      "RequestHeaders": {
        "Accept": "application/json",
        "Accept-Encoding": "gzip, deflate",
        "Connection": "keep-alive",
        "Content-Length": "1410",
        "Content-Type": "application/json",
        "User-Agent": "azure-ai-ml/1.27.0 azsdk-python-mgmt-machinelearningservices/0.1.0 Python/3.10.11 (Windows-10-10.0.26100-SP0)"
      },
      "RequestBody": {
        "properties": {
          "description": "This is the basic command component",
          "properties": {
            "client_component_hash": "4c6d585b-9c13-f061-3f99-83fd4dc66187"
          },
          "tags": {
            "tag": "tagvalue",
            "owner": "sdkteam"
          },
          "isAnonymous": false,
          "isArchived": false,
          "componentSpec": {
            "command": "echo Hello World & echo $[[${{inputs.component_in_number}}]] & echo ${{inputs.component_in_path}} & echo ${{outputs.component_out_path}} > ${{outputs.component_out_path}}/component_in_number",
            "environment": "azureml:/subscriptions/00000000-0000-0000-0000-000000000/resourceGroups/00000/providers/Microsoft.MachineLearningServices/workspaces/00000/environments/CliV2AnonymousEnvironment/versions/0a74cfe91bb6782bea541103b254d8bbcc9b9433e71630b2f781a82050cf1e92",
            "resources": {
              "instance_count": 1
            },
            "name": "test_788769901053_recreated",
            "description": "This is the basic command component",
            "tags": {
              "tag": "tagvalue",
              "owner": "sdkteam"
            },
            "version": "0.0.1",
            "$schema": "https://azuremlschemas.azureedge.net/development/commandComponent.schema.json",
            "display_name": "CommandComponentBasic",
            "is_deterministic": true,
            "inputs": {
              "component_in_path": {
                "type": "uri_folder",
                "description": "A path",
                "optional": false
              },
              "component_in_number": {
                "type": "number",
                "optional": true,
                "default": "10.99",
                "description": "A number"
              }
            },
            "outputs": {
              "component_out_path": {
                "type": "uri_folder"
              }
            },
            "type": "command",
            "_source": "YAML.COMPONENT"
          }
        }
      },
      "StatusCode": 201,
      "ResponseHeaders": {
        "Cache-Control": "no-cache",
        "Content-Length": "1874",
        "Content-Type": "application/json; charset=utf-8",
        "Date": "Tue, 18 Mar 2025 11:21:32 GMT",
        "Expires": "-1",
        "Location": "https://management.azure.com/subscriptions/00000000-0000-0000-0000-000000000/resourceGroups/00000/providers/Microsoft.MachineLearningServices/workspaces/00000/components/test_788769901053_recreated/versions/0.0.1?api-version=2024-01-01-preview",
        "Pragma": "no-cache",
        "Request-Context": "appId=cid-v1:2d2e8e63-272e-4b3c-8598-4ee570a0e70d",
        "Strict-Transport-Security": "max-age=31536000; includeSubDomains",
        "x-aml-cluster": "vienna-westus-01",
        "X-Cache": "CONFIG_NOCACHE",
        "X-Content-Type-Options": "nosniff",
        "x-ms-correlation-request-id": "9edc1e5d-cb5b-4c28-b573-d4989164a9be",
        "x-ms-ratelimit-remaining-subscription-global-writes": "11999",
        "x-ms-ratelimit-remaining-subscription-writes": "799",
        "x-ms-response-type": "standard",
        "x-ms-routing-request-id": "SOUTHINDIA:20250318T112132Z:9edc1e5d-cb5b-4c28-b573-d4989164a9be",
        "X-MSEdge-Ref": "Ref A: D030604FBCBE4801A836A8916F13C101 Ref B: MAA201060516019 Ref C: 2025-03-18T11:21:31Z",
        "x-request-time": "0.497"
      },
      "ResponseBody": {
        "id": "/subscriptions/00000000-0000-0000-0000-000000000/resourceGroups/00000/providers/Microsoft.MachineLearningServices/workspaces/00000/components/test_788769901053_recreated/versions/0.0.1",
        "name": "0.0.1",
        "type": "Microsoft.MachineLearningServices/workspaces/components/versions",
        "properties": {
          "description": null,
          "tags": {
            "tag": "tagvalue",
            "owner": "sdkteam"
          },
          "properties": {
            "client_component_hash": "4c6d585b-9c13-f061-3f99-83fd4dc66187"
          },
          "isArchived": false,
          "isAnonymous": false,
          "autoDeleteSetting": null,
          "componentSpec": {
            "$schema": "https://azuremlschemas.azureedge.net/development/commandComponent.schema.json",
            "name": "test_788769901053_recreated",
            "version": "0.0.1",
            "display_name": "CommandComponentBasic",
            "is_deterministic": "True",
            "type": "command",
            "description": "This is the basic command component",
            "tags": {
              "tag": "tagvalue",
              "owner": "sdkteam"
            },
            "inputs": {
              "component_in_path": {
                "type": "uri_folder",
                "optional": "False",
                "description": "A path"
              },
              "component_in_number": {
                "type": "number",
                "optional": "True",
                "default": "10.99",
                "description": "A number"
              }
            },
            "outputs": {
              "component_out_path": {
                "type": "uri_folder"
              }
            },
            "environment": "azureml:/subscriptions/00000000-0000-0000-0000-000000000/resourceGroups/00000/providers/Microsoft.MachineLearningServices/workspaces/00000/environments/CliV2AnonymousEnvironment/versions/0a74cfe91bb6782bea541103b254d8bbcc9b9433e71630b2f781a82050cf1e92",
            "resources": {
              "instance_count": "1"
            },
            "command": "echo Hello World & echo $[[${{inputs.component_in_number}}]] & echo ${{inputs.component_in_path}} & echo ${{outputs.component_out_path}} > ${{outputs.component_out_path}}/component_in_number"
          },
          "provisioningState": "Succeeded",
          "stage": "Development"
        },
        "systemData": {
          "createdAt": "2025-03-18T11:21:32.1803179+00:00",
          "createdBy": "Sanitized",
          "createdByType": "User",
          "lastModifiedAt": "2025-03-18T11:21:32.2350537+00:00",
          "lastModifiedBy": "Sanitized",
          "lastModifiedByType": "User"
        }
      }
    }
  ],
  "Variables": {
    "component_name": "test_788769901053"
  }
}
