{
  "Entries": [
    {
      "RequestUri": "https://keyvault_name.vault.azure.net/keys/CRUDKeyName-cangetadeletedkey-/create?api-version=7.4",
      "RequestMethod": "POST",
      "RequestHeaders": {
        "Accept": "application/json",
        "Accept-Encoding": "gzip,deflate",
        "Connection": "keep-alive",
        "Content-Length": "0",
        "Content-Type": "application/json",
        "User-Agent": "azsdk-js-keyvault-keys/4.7.0 azsdk-js-keyvault-keys/4.7.0 core-rest-pipeline/1.10.1 Node/v16.19.0 OS/(x64-Linux-5.10.102.1-microsoft-standard-WSL2)",
        "x-ms-client-request-id": "96e19f8e-ba1b-4b81-bf01-930de5863843"
      },
      "RequestBody": null,
      "StatusCode": 401,
      "ResponseHeaders": {
        "Cache-Control": "no-cache",
        "Content-Length": "97",
        "Content-Type": "application/json; charset=utf-8",
        "Date": "Mon, 06 Mar 2023 19:51:32 GMT",
        "Expires": "-1",
        "Pragma": "no-cache",
        "Strict-Transport-Security": "max-age=31536000;includeSubDomains",
        "WWW-Authenticate": "Bearer authorization=\u0022https://login.windows.net/12345678-1234-1234-1234-123456789012\u0022, resource=\u0022https://vault.azure.net\u0022",
        "X-Content-Type-Options": "nosniff",
        "x-ms-client-request-id": "96e19f8e-ba1b-4b81-bf01-930de5863843",
        "x-ms-keyvault-network-info": "conn_type=Ipv4;addr=167.220.26.92;act_addr_fam=InterNetwork;",
        "x-ms-keyvault-region": "australiacentral",
        "x-ms-keyvault-service-version": "1.9.713.1",
        "x-ms-request-id": "cdecf2a0-d298-412c-bc66-ad72480786e8"
      },
      "ResponseBody": {
        "error": {
          "code": "Unauthorized",
          "message": "AKV10000: Request is missing a Bearer or PoP token."
        }
      }
    },
    {
      "RequestUri": "https://keyvault_name.vault.azure.net/keys/CRUDKeyName-cangetadeletedkey-/create?api-version=7.4",
      "RequestMethod": "POST",
      "RequestHeaders": {
        "Accept": "application/json",
        "Accept-Encoding": "gzip,deflate",
        "Authorization": "Sanitized",
        "Connection": "keep-alive",
        "Content-Length": "13",
        "Content-Type": "application/json",
        "User-Agent": "azsdk-js-keyvault-keys/4.7.0 azsdk-js-keyvault-keys/4.7.0 core-rest-pipeline/1.10.1 Node/v16.19.0 OS/(x64-Linux-5.10.102.1-microsoft-standard-WSL2)",
        "x-ms-client-request-id": "96e19f8e-ba1b-4b81-bf01-930de5863843"
      },
      "RequestBody": {
        "kty": "RSA"
      },
      "StatusCode": 200,
      "ResponseHeaders": {
        "Cache-Control": "no-cache",
        "Content-Length": "727",
        "Content-Type": "application/json; charset=utf-8",
        "Date": "Mon, 06 Mar 2023 19:51:33 GMT",
        "Expires": "-1",
        "Pragma": "no-cache",
        "Strict-Transport-Security": "max-age=31536000;includeSubDomains",
        "X-Content-Type-Options": "nosniff",
        "x-ms-client-request-id": "96e19f8e-ba1b-4b81-bf01-930de5863843",
        "x-ms-keyvault-network-info": "conn_type=Ipv4;addr=167.220.26.92;act_addr_fam=InterNetwork;",
        "x-ms-keyvault-rbac-assignment-id": "71af66dd-182a-52d5-b56d-ce44a6bb6aa1",
        "x-ms-keyvault-rbac-cache": "ra_age=211;da_age=5650;rd_age=5650;brd_age=7475;ra_notif_age=243;dec_lev=1;",
        "x-ms-keyvault-region": "australiacentral",
        "x-ms-keyvault-service-version": "1.9.713.1",
        "x-ms-request-id": "20ed82d3-4cf9-4463-acfa-d47568cddd30"
      },
      "ResponseBody": {
        "key": {
          "kid": "https://keyvault_name.vault.azure.net/keys/CRUDKeyName-cangetadeletedkey-/63770c8d545f4c7d8f454c914be9fcb0",
          "kty": "RSA",
          "key_ops": [
            "encrypt",
            "decrypt",
            "sign",
            "verify",
            "wrapKey",
            "unwrapKey"
          ],
          "n": "yQoVItchPWu9xejcLkC4Ig_ADqTDiga6Mo-eeHBl5ggrquA4oGuTvnaGiTK3MU1S64qJ5b3I5DGGCGFv91tSbMK0nS1kYBEV4F6Mt8L9fY9zG3GLgWxeqAnzSZMGRWMf5dKE1VjoKyh1q8Oe4CcQwmDxCTY5SVqkV8frTvUN7FUnMGaKxplt4-jJ7GxfX2AsmO5jBAPcNjdFRdrHUe5oPiIt_ihbuo7Ia6YdhjhjiANld8q8IOVL60QxhbXcMR35KdwVDRE3QMeWnjLUv5BZToTsgIai2nDBCHuNyJw1XUc-caAV8Gcgt-d3QLFjgyYCZhRD-oiJwQauln6iENvuWQ",
          "e": "AQAB"
        },
        "attributes": {
          "enabled": true,
          "created": 1678132294,
          "updated": 1678132294,
          "recoveryLevel": "CustomizedRecoverable\u002BPurgeable",
          "recoverableDays": 7,
          "exportable": false
        }
      }
    },
    {
      "RequestUri": "https://keyvault_name.vault.azure.net/keys/CRUDKeyName-cangetadeletedkey-?api-version=7.4",
      "RequestMethod": "DELETE",
      "RequestHeaders": {
        "Accept": "application/json",
        "Accept-Encoding": "gzip,deflate",
        "Authorization": "Sanitized",
        "Connection": "keep-alive",
        "User-Agent": "azsdk-js-keyvault-keys/4.7.0 azsdk-js-keyvault-keys/4.7.0 core-rest-pipeline/1.10.1 Node/v16.19.0 OS/(x64-Linux-5.10.102.1-microsoft-standard-WSL2)",
        "x-ms-client-request-id": "80a90de9-e449-422e-b998-dc157ee5e83c"
      },
      "RequestBody": null,
      "StatusCode": 200,
      "ResponseHeaders": {
        "Cache-Control": "no-cache",
        "Content-Length": "880",
        "Content-Type": "application/json; charset=utf-8",
        "Date": "Mon, 06 Mar 2023 19:51:34 GMT",
        "Expires": "-1",
        "Pragma": "no-cache",
        "Strict-Transport-Security": "max-age=31536000;includeSubDomains",
        "X-Content-Type-Options": "nosniff",
        "x-ms-client-request-id": "80a90de9-e449-422e-b998-dc157ee5e83c",
        "x-ms-keyvault-network-info": "conn_type=Ipv4;addr=167.220.26.92;act_addr_fam=InterNetwork;",
        "x-ms-keyvault-rbac-assignment-id": "71af66dd-182a-52d5-b56d-ce44a6bb6aa1",
        "x-ms-keyvault-rbac-cache": "ra_age=212;da_age=5651;rd_age=5651;brd_age=7475;ra_notif_age=243;dec_lev=1;",
        "x-ms-keyvault-region": "australiacentral",
        "x-ms-keyvault-service-version": "1.9.713.1",
        "x-ms-request-id": "efafdb89-6ab3-4147-b660-d0cf342b4b66"
      },
      "ResponseBody": {
        "recoveryId": "https://keyvault_name.vault.azure.net/deletedkeys/CRUDKeyName-cangetadeletedkey-",
        "deletedDate": 1678132294,
        "scheduledPurgeDate": 1678737094,
        "key": {
          "kid": "https://keyvault_name.vault.azure.net/keys/CRUDKeyName-cangetadeletedkey-/63770c8d545f4c7d8f454c914be9fcb0",
          "kty": "RSA",
          "key_ops": [
            "encrypt",
            "decrypt",
            "sign",
            "verify",
            "wrapKey",
            "unwrapKey"
          ],
          "n": "yQoVItchPWu9xejcLkC4Ig_ADqTDiga6Mo-eeHBl5ggrquA4oGuTvnaGiTK3MU1S64qJ5b3I5DGGCGFv91tSbMK0nS1kYBEV4F6Mt8L9fY9zG3GLgWxeqAnzSZMGRWMf5dKE1VjoKyh1q8Oe4CcQwmDxCTY5SVqkV8frTvUN7FUnMGaKxplt4-jJ7GxfX2AsmO5jBAPcNjdFRdrHUe5oPiIt_ihbuo7Ia6YdhjhjiANld8q8IOVL60QxhbXcMR35KdwVDRE3QMeWnjLUv5BZToTsgIai2nDBCHuNyJw1XUc-caAV8Gcgt-d3QLFjgyYCZhRD-oiJwQauln6iENvuWQ",
          "e": "AQAB"
        },
        "attributes": {
          "enabled": true,
          "created": 1678132294,
          "updated": 1678132294,
          "recoveryLevel": "CustomizedRecoverable\u002BPurgeable",
          "recoverableDays": 7,
          "exportable": false
        }
      }
    },
    {
      "RequestUri": "https://keyvault_name.vault.azure.net/deletedkeys/CRUDKeyName-cangetadeletedkey-?api-version=7.4",
      "RequestMethod": "GET",
      "RequestHeaders": {
        "Accept": "application/json",
        "Accept-Encoding": "gzip,deflate",
        "Authorization": "Sanitized",
        "Connection": "keep-alive",
        "User-Agent": "azsdk-js-keyvault-keys/4.7.0 azsdk-js-keyvault-keys/4.7.0 core-rest-pipeline/1.10.1 Node/v16.19.0 OS/(x64-Linux-5.10.102.1-microsoft-standard-WSL2)",
        "x-ms-client-request-id": "3d0c3858-8da8-43f7-b81c-297f175f1457"
      },
      "RequestBody": null,
      "StatusCode": 404,
      "ResponseHeaders": {
        "Cache-Control": "no-cache",
        "Content-Length": "98",
        "Content-Type": "application/json; charset=utf-8",
        "Date": "Mon, 06 Mar 2023 19:51:34 GMT",
        "Expires": "-1",
        "Pragma": "no-cache",
        "Strict-Transport-Security": "max-age=31536000;includeSubDomains",
        "X-Content-Type-Options": "nosniff",
        "x-ms-client-request-id": "3d0c3858-8da8-43f7-b81c-297f175f1457",
        "x-ms-keyvault-network-info": "conn_type=Ipv4;addr=167.220.26.92;act_addr_fam=InterNetwork;",
        "x-ms-keyvault-rbac-assignment-id": "71af66dd-182a-52d5-b56d-ce44a6bb6aa1",
        "x-ms-keyvault-rbac-cache": "ra_age=212;da_age=5651;rd_age=5651;brd_age=7475;ra_notif_age=243;dec_lev=1;",
        "x-ms-keyvault-region": "australiacentral",
        "x-ms-keyvault-service-version": "1.9.713.1",
        "x-ms-request-id": "dfd21e83-df26-43d2-b9ce-88c041a658cb"
      },
      "ResponseBody": {
        "error": {
          "code": "KeyNotFound",
          "message": "Deleted Key not found: CRUDKeyName-cangetadeletedkey-"
        }
      }
    },
    {
      "RequestUri": "https://keyvault_name.vault.azure.net/deletedkeys/CRUDKeyName-cangetadeletedkey-?api-version=7.4",
      "RequestMethod": "GET",
      "RequestHeaders": {
        "Accept": "application/json",
        "Accept-Encoding": "gzip,deflate",
        "Authorization": "Sanitized",
        "Connection": "keep-alive",
        "User-Agent": "azsdk-js-keyvault-keys/4.7.0 azsdk-js-keyvault-keys/4.7.0 core-rest-pipeline/1.10.1 Node/v16.19.0 OS/(x64-Linux-5.10.102.1-microsoft-standard-WSL2)",
        "x-ms-client-request-id": "a14c2bbd-039a-492c-8a75-afaf6546d0fd"
      },
      "RequestBody": null,
      "StatusCode": 404,
      "ResponseHeaders": {
        "Cache-Control": "no-cache",
        "Content-Length": "98",
        "Content-Type": "application/json; charset=utf-8",
        "Date": "Mon, 06 Mar 2023 19:51:34 GMT",
        "Expires": "-1",
        "Pragma": "no-cache",
        "Strict-Transport-Security": "max-age=31536000;includeSubDomains",
        "X-Content-Type-Options": "nosniff",
        "x-ms-client-request-id": "a14c2bbd-039a-492c-8a75-afaf6546d0fd",
        "x-ms-keyvault-network-info": "conn_type=Ipv4;addr=167.220.26.92;act_addr_fam=InterNetwork;",
        "x-ms-keyvault-rbac-assignment-id": "71af66dd-182a-52d5-b56d-ce44a6bb6aa1",
        "x-ms-keyvault-rbac-cache": "ra_age=212;da_age=5651;rd_age=5651;brd_age=7476;ra_notif_age=244;dec_lev=0;",
        "x-ms-keyvault-region": "australiacentral",
        "x-ms-keyvault-service-version": "1.9.713.1",
        "x-ms-request-id": "52ec5b37-041d-474a-bc4b-18cfafcf20e4"
      },
      "ResponseBody": {
        "error": {
          "code": "KeyNotFound",
          "message": "Deleted Key not found: CRUDKeyName-cangetadeletedkey-"
        }
      }
    },
    {
      "RequestUri": "https://keyvault_name.vault.azure.net/deletedkeys/CRUDKeyName-cangetadeletedkey-?api-version=7.4",
      "RequestMethod": "GET",
      "RequestHeaders": {
        "Accept": "application/json",
        "Accept-Encoding": "gzip,deflate",
        "Authorization": "Sanitized",
        "Connection": "keep-alive",
        "User-Agent": "azsdk-js-keyvault-keys/4.7.0 azsdk-js-keyvault-keys/4.7.0 core-rest-pipeline/1.10.1 Node/v16.19.0 OS/(x64-Linux-5.10.102.1-microsoft-standard-WSL2)",
        "x-ms-client-request-id": "a72ac6ca-d78c-433d-bb87-f26c59aeacaf"
      },
      "RequestBody": null,
      "StatusCode": 200,
      "ResponseHeaders": {
        "Cache-Control": "no-cache",
        "Content-Length": "880",
        "Content-Type": "application/json; charset=utf-8",
        "Date": "Mon, 06 Mar 2023 19:51:39 GMT",
        "Expires": "-1",
        "Pragma": "no-cache",
        "Strict-Transport-Security": "max-age=31536000;includeSubDomains",
        "X-Content-Type-Options": "nosniff",
        "x-ms-client-request-id": "a72ac6ca-d78c-433d-bb87-f26c59aeacaf",
        "x-ms-keyvault-network-info": "conn_type=Ipv4;addr=167.220.26.92;act_addr_fam=InterNetwork;",
        "x-ms-keyvault-rbac-assignment-id": "71af66dd-182a-52d5-b56d-ce44a6bb6aa1",
        "x-ms-keyvault-rbac-cache": "ra_age=217;da_age=5656;rd_age=5656;brd_age=7481;ra_notif_age=249;dec_lev=0;",
        "x-ms-keyvault-region": "australiacentral",
        "x-ms-keyvault-service-version": "1.9.713.1",
        "x-ms-request-id": "be2eb15a-e981-4192-87cc-d5dc978aba18"
      },
      "ResponseBody": {
        "recoveryId": "https://keyvault_name.vault.azure.net/deletedkeys/CRUDKeyName-cangetadeletedkey-",
        "deletedDate": 1678132294,
        "scheduledPurgeDate": 1678737094,
        "key": {
          "kid": "https://keyvault_name.vault.azure.net/keys/CRUDKeyName-cangetadeletedkey-/63770c8d545f4c7d8f454c914be9fcb0",
          "kty": "RSA",
          "key_ops": [
            "encrypt",
            "decrypt",
            "sign",
            "verify",
            "wrapKey",
            "unwrapKey"
          ],
          "n": "yQoVItchPWu9xejcLkC4Ig_ADqTDiga6Mo-eeHBl5ggrquA4oGuTvnaGiTK3MU1S64qJ5b3I5DGGCGFv91tSbMK0nS1kYBEV4F6Mt8L9fY9zG3GLgWxeqAnzSZMGRWMf5dKE1VjoKyh1q8Oe4CcQwmDxCTY5SVqkV8frTvUN7FUnMGaKxplt4-jJ7GxfX2AsmO5jBAPcNjdFRdrHUe5oPiIt_ihbuo7Ia6YdhjhjiANld8q8IOVL60QxhbXcMR35KdwVDRE3QMeWnjLUv5BZToTsgIai2nDBCHuNyJw1XUc-caAV8Gcgt-d3QLFjgyYCZhRD-oiJwQauln6iENvuWQ",
          "e": "AQAB"
        },
        "attributes": {
          "enabled": true,
          "created": 1678132294,
          "updated": 1678132294,
          "recoveryLevel": "CustomizedRecoverable\u002BPurgeable",
          "recoverableDays": 7,
          "exportable": false
        }
      }
    },
    {
      "RequestUri": "https://keyvault_name.vault.azure.net/deletedkeys/CRUDKeyName-cangetadeletedkey-?api-version=7.4",
      "RequestMethod": "GET",
      "RequestHeaders": {
        "Accept": "application/json",
        "Accept-Encoding": "gzip,deflate",
        "Authorization": "Sanitized",
        "Connection": "keep-alive",
        "User-Agent": "azsdk-js-keyvault-keys/4.7.0 azsdk-js-keyvault-keys/4.7.0 core-rest-pipeline/1.10.1 Node/v16.19.0 OS/(x64-Linux-5.10.102.1-microsoft-standard-WSL2)",
        "x-ms-client-request-id": "244ad219-c85a-4a02-aaa7-17eebddcb1cf"
      },
      "RequestBody": null,
      "StatusCode": 200,
      "ResponseHeaders": {
        "Cache-Control": "no-cache",
        "Content-Length": "880",
        "Content-Type": "application/json; charset=utf-8",
        "Date": "Mon, 06 Mar 2023 19:51:39 GMT",
        "Expires": "-1",
        "Pragma": "no-cache",
        "Strict-Transport-Security": "max-age=31536000;includeSubDomains",
        "X-Content-Type-Options": "nosniff",
        "x-ms-client-request-id": "244ad219-c85a-4a02-aaa7-17eebddcb1cf",
        "x-ms-keyvault-network-info": "conn_type=Ipv4;addr=167.220.26.92;act_addr_fam=InterNetwork;",
        "x-ms-keyvault-rbac-assignment-id": "71af66dd-182a-52d5-b56d-ce44a6bb6aa1",
        "x-ms-keyvault-rbac-cache": "ra_age=217;da_age=5656;rd_age=5656;brd_age=7481;ra_notif_age=249;dec_lev=0;",
        "x-ms-keyvault-region": "australiacentral",
        "x-ms-keyvault-service-version": "1.9.713.1",
        "x-ms-request-id": "9aef8b9d-0d92-4455-ba53-bf060cbf4ee5"
      },
      "ResponseBody": {
        "recoveryId": "https://keyvault_name.vault.azure.net/deletedkeys/CRUDKeyName-cangetadeletedkey-",
        "deletedDate": 1678132294,
        "scheduledPurgeDate": 1678737094,
        "key": {
          "kid": "https://keyvault_name.vault.azure.net/keys/CRUDKeyName-cangetadeletedkey-/63770c8d545f4c7d8f454c914be9fcb0",
          "kty": "RSA",
          "key_ops": [
            "encrypt",
            "decrypt",
            "sign",
            "verify",
            "wrapKey",
            "unwrapKey"
          ],
          "n": "yQoVItchPWu9xejcLkC4Ig_ADqTDiga6Mo-eeHBl5ggrquA4oGuTvnaGiTK3MU1S64qJ5b3I5DGGCGFv91tSbMK0nS1kYBEV4F6Mt8L9fY9zG3GLgWxeqAnzSZMGRWMf5dKE1VjoKyh1q8Oe4CcQwmDxCTY5SVqkV8frTvUN7FUnMGaKxplt4-jJ7GxfX2AsmO5jBAPcNjdFRdrHUe5oPiIt_ihbuo7Ia6YdhjhjiANld8q8IOVL60QxhbXcMR35KdwVDRE3QMeWnjLUv5BZToTsgIai2nDBCHuNyJw1XUc-caAV8Gcgt-d3QLFjgyYCZhRD-oiJwQauln6iENvuWQ",
          "e": "AQAB"
        },
        "attributes": {
          "enabled": true,
          "created": 1678132294,
          "updated": 1678132294,
          "recoveryLevel": "CustomizedRecoverable\u002BPurgeable",
          "recoverableDays": 7,
          "exportable": false
        }
      }
    },
    {
      "RequestUri": "https://keyvault_name.vault.azure.net/deletedkeys/CRUDKeyName-cangetadeletedkey-?api-version=7.4",
      "RequestMethod": "DELETE",
      "RequestHeaders": {
        "Accept": "application/json",
        "Accept-Encoding": "gzip,deflate",
        "Authorization": "Sanitized",
        "Connection": "keep-alive",
        "User-Agent": "azsdk-js-keyvault-keys/4.7.0 azsdk-js-keyvault-keys/4.7.0 core-rest-pipeline/1.10.1 Node/v16.19.0 OS/(x64-Linux-5.10.102.1-microsoft-standard-WSL2)",
        "x-ms-client-request-id": "bf2852a3-ab1f-436c-8664-a3ad463e6538"
      },
      "RequestBody": null,
      "StatusCode": 204,
      "ResponseHeaders": {
        "Cache-Control": "no-cache",
        "Date": "Mon, 06 Mar 2023 19:51:40 GMT",
        "Expires": "-1",
        "Pragma": "no-cache",
        "Strict-Transport-Security": "max-age=31536000;includeSubDomains",
        "X-Content-Type-Options": "nosniff",
        "x-ms-client-request-id": "bf2852a3-ab1f-436c-8664-a3ad463e6538",
        "x-ms-keyvault-network-info": "conn_type=Ipv4;addr=167.220.26.92;act_addr_fam=InterNetwork;",
        "x-ms-keyvault-rbac-assignment-id": "71af66dd-182a-52d5-b56d-ce44a6bb6aa1",
        "x-ms-keyvault-rbac-cache": "ra_age=218;da_age=5657;rd_age=5657;brd_age=7481;ra_notif_age=249;dec_lev=1;",
        "x-ms-keyvault-region": "australiacentral",
        "x-ms-keyvault-service-version": "1.9.713.1",
        "x-ms-request-id": "15902a82-e9bc-4c14-8b4b-7af75c110930"
      },
      "ResponseBody": null
    }
  ],
  "Variables": {}
}
