{
  "Entries": [
    {
      "RequestUri": "https://keyvault_name.vault.azure.net/keys/CRUDKeyName-cancreateaRSAkeywithsize-/create?api-version=7.6-preview.1",
      "RequestMethod": "POST",
      "RequestHeaders": {
        "Accept": "application/json",
        "Accept-Encoding": "gzip,deflate",
        "Connection": "keep-alive",
        "Content-Length": "0",
        "Content-Type": "application/json",
        "User-Agent": "azsdk-js-keyvault-keys/4.9.0-beta.1 azsdk-js-keyvault-keys/4.9.0-beta.1 core-rest-pipeline/1.16.0 Node/20.12.2 OS/(x64-Linux-5.15.146.1-microsoft-standard-WSL2)",
        "x-ms-client-request-id": "f43b1a87-32f0-4f6d-940c-96fd9a36c0cc"
      },
      "RequestBody": null,
      "StatusCode": 401,
      "ResponseHeaders": {
        "Cache-Control": "no-cache",
        "Content-Length": "97",
        "Content-Type": "application/json; charset=utf-8",
        "Date": "Fri, 03 May 2024 04:18:50 GMT",
        "Expires": "-1",
        "Pragma": "no-cache",
        "Strict-Transport-Security": "max-age=31536000;includeSubDomains",
        "WWW-Authenticate": "Bearer authorization=\"https://login.microsoftonline.com/72f988bf-86f1-41af-91ab-2d7cd011db47\", resource=\"https://vault.azure.net\"",
        "X-Content-Type-Options": "nosniff",
        "x-ms-client-request-id": "f43b1a87-32f0-4f6d-940c-96fd9a36c0cc",
        "x-ms-keyvault-network-info": "conn_type=Ipv4;addr=136.27.55.163;act_addr_fam=InterNetwork;",
        "x-ms-keyvault-region": "australiaeast",
        "x-ms-keyvault-service-version": "1.9.1430.6",
        "x-ms-request-id": "81b1fc2b-a2f1-494d-bbcd-7027bdf7be73"
      },
      "ResponseBody": {
        "error": {
          "code": "Unauthorized",
          "message": "AKV10000: Request is missing a Bearer or PoP token."
        }
      }
    },
    {
      "RequestUri": "https://keyvault_name.vault.azure.net/keys/CRUDKeyName-cancreateaRSAkeywithsize-/create?api-version=7.6-preview.1",
      "RequestMethod": "POST",
      "RequestHeaders": {
        "Accept": "application/json",
        "Accept-Encoding": "gzip,deflate",
        "Authorization": "Sanitized",
        "Connection": "keep-alive",
        "Content-Length": "45",
        "Content-Type": "application/json",
        "User-Agent": "azsdk-js-keyvault-keys/4.9.0-beta.1 azsdk-js-keyvault-keys/4.9.0-beta.1 core-rest-pipeline/1.16.0 Node/20.12.2 OS/(x64-Linux-5.15.146.1-microsoft-standard-WSL2)",
        "x-ms-client-request-id": "f43b1a87-32f0-4f6d-940c-96fd9a36c0cc"
      },
      "RequestBody": {
        "kty": "RSA",
        "key_size": 2048,
        "attributes": {}
      },
      "StatusCode": 200,
      "ResponseHeaders": {
        "Cache-Control": "no-cache",
        "Content-Length": "752",
        "Content-Type": "application/json; charset=utf-8",
        "Date": "Fri, 03 May 2024 04:18:52 GMT",
        "Expires": "-1",
        "Pragma": "no-cache",
        "Strict-Transport-Security": "max-age=31536000;includeSubDomains",
        "X-Content-Type-Options": "nosniff",
        "x-ms-client-request-id": "f43b1a87-32f0-4f6d-940c-96fd9a36c0cc",
        "x-ms-keyvault-network-info": "conn_type=Ipv4;addr=136.27.55.163;act_addr_fam=InterNetwork;",
        "x-ms-keyvault-rbac-assignment-id": "effcde4ed8cf56e2a589b88abe5107bc",
        "x-ms-keyvault-region": "australiaeast",
        "x-ms-keyvault-service-version": "1.9.1430.6",
        "x-ms-request-id": "e49c5456-c685-4c54-895f-d8b7032a4446"
      },
      "ResponseBody": {
        "key": {
          "kid": "https://keyvault_name.vault.azure.net/keys/CRUDKeyName-cancreateaRSAkeywithsize-/e1a81f82e22140d98db64d16ea4fb8fe",
          "kty": "RSA",
          "key_ops": [
            "encrypt",
            "decrypt",
            "sign",
            "verify",
            "wrapKey",
            "unwrapKey"
          ],
          "n": "1EYLwH8pH2yBdkXLoSZR1txkx-UbTMfAapXsX_B4NzftVFceNux4vr2jaEHh4eb4RwQb-m2u3IaNx7opnv887NtreUjp87DJuVkBGiAnzgyUT_oPaTlQA6EFnVaKA07FRnvBCMTC0pSi61c2Uln1Y2rhEENyft6-3ou7TXNrOpFaobj6uQnbTZ1toL6M5hYzPxja2Y-2VBbIwInAwfiAkCc0UGVOpB7x5w3nunVBwrWn5JZvjou1LemoFUI0zyEiSZpNcptSwLRc2Ya3Vlhwklz6rLwmWrgy3hp8iQJN7Qi-tTKQkreEaGI084ci8cL7xUqqa5emECuMNi6o-GsLOQ",
          "e": "AQAB"
        },
        "attributes": {
          "enabled": true,
          "created": 1714709933,
          "updated": 1714709933,
          "recoveryLevel": "CustomizedRecoverable+Purgeable",
          "recoverableDays": 7,
          "exportable": false,
          "hsmPlatform": "0"
        }
      }
    },
    {
      "RequestUri": "https://keyvault_name.vault.azure.net/keys/CRUDKeyName-cancreateaRSAkeywithsize-?api-version=7.6-preview.1",
      "RequestMethod": "DELETE",
      "RequestHeaders": {
        "Accept": "application/json",
        "Accept-Encoding": "gzip,deflate",
        "Authorization": "Sanitized",
        "Connection": "keep-alive",
        "User-Agent": "azsdk-js-keyvault-keys/4.9.0-beta.1 azsdk-js-keyvault-keys/4.9.0-beta.1 core-rest-pipeline/1.16.0 Node/20.12.2 OS/(x64-Linux-5.15.146.1-microsoft-standard-WSL2)",
        "x-ms-client-request-id": "510fec58-9a0a-416d-9d36-58308c0ba8fd"
      },
      "RequestBody": null,
      "StatusCode": 200,
      "ResponseHeaders": {
        "Cache-Control": "no-cache",
        "Content-Length": "912",
        "Content-Type": "application/json; charset=utf-8",
        "Date": "Fri, 03 May 2024 04:18:55 GMT",
        "Expires": "-1",
        "Pragma": "no-cache",
        "Strict-Transport-Security": "max-age=31536000;includeSubDomains",
        "X-Content-Type-Options": "nosniff",
        "x-ms-client-request-id": "510fec58-9a0a-416d-9d36-58308c0ba8fd",
        "x-ms-keyvault-network-info": "conn_type=Ipv4;addr=136.27.55.163;act_addr_fam=InterNetwork;",
        "x-ms-keyvault-rbac-assignment-id": "effcde4ed8cf56e2a589b88abe5107bc",
        "x-ms-keyvault-region": "australiaeast",
        "x-ms-keyvault-service-version": "1.9.1430.6",
        "x-ms-request-id": "5c24acd3-49df-4a30-8216-e7ca660a701b"
      },
      "ResponseBody": {
        "recoveryId": "https://keyvault_name.vault.azure.net/deletedkeys/CRUDKeyName-cancreateaRSAkeywithsize-",
        "deletedDate": 1714709935,
        "scheduledPurgeDate": 1715314735,
        "key": {
          "kid": "https://keyvault_name.vault.azure.net/keys/CRUDKeyName-cancreateaRSAkeywithsize-/e1a81f82e22140d98db64d16ea4fb8fe",
          "kty": "RSA",
          "key_ops": [
            "encrypt",
            "decrypt",
            "sign",
            "verify",
            "wrapKey",
            "unwrapKey"
          ],
          "n": "1EYLwH8pH2yBdkXLoSZR1txkx-UbTMfAapXsX_B4NzftVFceNux4vr2jaEHh4eb4RwQb-m2u3IaNx7opnv887NtreUjp87DJuVkBGiAnzgyUT_oPaTlQA6EFnVaKA07FRnvBCMTC0pSi61c2Uln1Y2rhEENyft6-3ou7TXNrOpFaobj6uQnbTZ1toL6M5hYzPxja2Y-2VBbIwInAwfiAkCc0UGVOpB7x5w3nunVBwrWn5JZvjou1LemoFUI0zyEiSZpNcptSwLRc2Ya3Vlhwklz6rLwmWrgy3hp8iQJN7Qi-tTKQkreEaGI084ci8cL7xUqqa5emECuMNi6o-GsLOQ",
          "e": "AQAB"
        },
        "attributes": {
          "enabled": true,
          "created": 1714709933,
          "updated": 1714709933,
          "recoveryLevel": "CustomizedRecoverable+Purgeable",
          "recoverableDays": 7,
          "exportable": false,
          "hsmPlatform": "0"
        }
      }
    },
    {
      "RequestUri": "https://keyvault_name.vault.azure.net/deletedkeys/CRUDKeyName-cancreateaRSAkeywithsize-?api-version=7.6-preview.1",
      "RequestMethod": "GET",
      "RequestHeaders": {
        "Accept": "application/json",
        "Accept-Encoding": "gzip,deflate",
        "Authorization": "Sanitized",
        "Connection": "keep-alive",
        "User-Agent": "azsdk-js-keyvault-keys/4.9.0-beta.1 azsdk-js-keyvault-keys/4.9.0-beta.1 core-rest-pipeline/1.16.0 Node/20.12.2 OS/(x64-Linux-5.15.146.1-microsoft-standard-WSL2)",
        "x-ms-client-request-id": "2441d861-b8b3-4baa-b279-d6bc7935468f"
      },
      "RequestBody": null,
      "StatusCode": 200,
      "ResponseHeaders": {
        "Cache-Control": "no-cache",
        "Content-Length": "894",
        "Content-Type": "application/json; charset=utf-8",
        "Date": "Fri, 03 May 2024 04:18:55 GMT",
        "Expires": "-1",
        "Pragma": "no-cache",
        "Strict-Transport-Security": "max-age=31536000;includeSubDomains",
        "X-Content-Type-Options": "nosniff",
        "x-ms-client-request-id": "2441d861-b8b3-4baa-b279-d6bc7935468f",
        "x-ms-keyvault-network-info": "conn_type=Ipv4;addr=136.27.55.163;act_addr_fam=InterNetwork;",
        "x-ms-keyvault-rbac-assignment-id": "effcde4ed8cf56e2a589b88abe5107bc",
        "x-ms-keyvault-region": "australiaeast",
        "x-ms-keyvault-service-version": "1.9.1430.6",
        "x-ms-request-id": "6b5d928f-aeee-4db0-8706-daeb88dc9720"
      },
      "ResponseBody": {
        "recoveryId": "https://keyvault_name.vault.azure.net/deletedkeys/CRUDKeyName-cancreateaRSAkeywithsize-",
        "deletedDate": 1714709935,
        "scheduledPurgeDate": 1715314735,
        "key": {
          "kid": "https://keyvault_name.vault.azure.net/keys/CRUDKeyName-cancreateaRSAkeywithsize-/e1a81f82e22140d98db64d16ea4fb8fe",
          "kty": "RSA",
          "key_ops": [
            "encrypt",
            "decrypt",
            "sign",
            "verify",
            "wrapKey",
            "unwrapKey"
          ],
          "n": "1EYLwH8pH2yBdkXLoSZR1txkx-UbTMfAapXsX_B4NzftVFceNux4vr2jaEHh4eb4RwQb-m2u3IaNx7opnv887NtreUjp87DJuVkBGiAnzgyUT_oPaTlQA6EFnVaKA07FRnvBCMTC0pSi61c2Uln1Y2rhEENyft6-3ou7TXNrOpFaobj6uQnbTZ1toL6M5hYzPxja2Y-2VBbIwInAwfiAkCc0UGVOpB7x5w3nunVBwrWn5JZvjou1LemoFUI0zyEiSZpNcptSwLRc2Ya3Vlhwklz6rLwmWrgy3hp8iQJN7Qi-tTKQkreEaGI084ci8cL7xUqqa5emECuMNi6o-GsLOQ",
          "e": "AQAB"
        },
        "attributes": {
          "enabled": true,
          "created": 1714709933,
          "updated": 1714709933,
          "recoveryLevel": "CustomizedRecoverable+Purgeable",
          "recoverableDays": 7,
          "exportable": false
        }
      }
    },
    {
      "RequestUri": "https://keyvault_name.vault.azure.net/deletedkeys/CRUDKeyName-cancreateaRSAkeywithsize-?api-version=7.6-preview.1",
      "RequestMethod": "DELETE",
      "RequestHeaders": {
        "Accept": "application/json",
        "Accept-Encoding": "gzip,deflate",
        "Authorization": "Sanitized",
        "Connection": "keep-alive",
        "User-Agent": "azsdk-js-keyvault-keys/4.9.0-beta.1 azsdk-js-keyvault-keys/4.9.0-beta.1 core-rest-pipeline/1.16.0 Node/20.12.2 OS/(x64-Linux-5.15.146.1-microsoft-standard-WSL2)",
        "x-ms-client-request-id": "93a192b5-0895-40e4-989c-8dbcdee49aed"
      },
      "RequestBody": null,
      "StatusCode": 204,
      "ResponseHeaders": {
        "Cache-Control": "no-cache",
        "Date": "Fri, 03 May 2024 04:18:55 GMT",
        "Expires": "-1",
        "Pragma": "no-cache",
        "Strict-Transport-Security": "max-age=31536000;includeSubDomains",
        "X-Content-Type-Options": "nosniff",
        "x-ms-client-request-id": "93a192b5-0895-40e4-989c-8dbcdee49aed",
        "x-ms-keyvault-network-info": "conn_type=Ipv4;addr=136.27.55.163;act_addr_fam=InterNetwork;",
        "x-ms-keyvault-rbac-assignment-id": "effcde4ed8cf56e2a589b88abe5107bc",
        "x-ms-keyvault-region": "australiaeast",
        "x-ms-keyvault-service-version": "1.9.1430.6",
        "x-ms-request-id": "ad01ad03-1553-4157-8a94-7cde59d9bfd5"
      },
      "ResponseBody": null
    }
  ],
  "Variables": {}
}
