{
  "Entries": [
    {
      "RequestUri": "https://keyvault_name.vault.azure.net/keys/CRUDKeyName-cancreateaRSAkeywithpublicexponent-/create?api-version=7.4",
      "RequestMethod": "POST",
      "RequestHeaders": {
        "Accept": "application/json",
        "Accept-Encoding": "gzip,deflate",
        "Connection": "keep-alive",
        "Content-Length": "0",
        "Content-Type": "application/json",
        "User-Agent": "azsdk-js-keyvault-keys/4.7.3 azsdk-js-keyvault-keys/4.8.0-beta.1 core-rest-pipeline/1.12.0 Node/v20.5.0 OS/(x64-Linux-5.15.90.1-microsoft-standard-WSL2)",
        "x-ms-client-request-id": "eb2fadf3-f356-490f-8e16-20e12459a748"
      },
      "RequestBody": null,
      "StatusCode": 401,
      "ResponseHeaders": {
        "Cache-Control": "no-cache",
        "Content-Length": "97",
        "Content-Type": "application/json; charset=utf-8",
        "Date": "Tue, 29 Aug 2023 23:52:04 GMT",
        "Expires": "-1",
        "Pragma": "no-cache",
        "Strict-Transport-Security": "max-age=31536000;includeSubDomains",
        "WWW-Authenticate": "Bearer authorization=\u0022https://login.microsoftonline.com/12345678-1234-1234-1234-123456789012\u0022, resource=\u0022https://vault.azure.net\u0022",
        "X-Content-Type-Options": "nosniff",
        "x-ms-client-request-id": "eb2fadf3-f356-490f-8e16-20e12459a748",
        "x-ms-keyvault-network-info": "conn_type=Ipv4;addr=131.107.8.61;act_addr_fam=InterNetwork;",
        "x-ms-keyvault-region": "northcentralus",
        "x-ms-keyvault-service-version": "1.9.950.1",
        "x-ms-request-id": "bd1f5cd7-3bc7-463e-b37d-9e6d7c63d892"
      },
      "ResponseBody": {
        "error": {
          "code": "Unauthorized",
          "message": "AKV10000: Request is missing a Bearer or PoP token."
        }
      }
    },
    {
      "RequestUri": "https://keyvault_name.vault.azure.net/keys/CRUDKeyName-cancreateaRSAkeywithpublicexponent-/create?api-version=7.4",
      "RequestMethod": "POST",
      "RequestHeaders": {
        "Accept": "application/json",
        "Accept-Encoding": "gzip,deflate",
        "Authorization": "Sanitized",
        "Connection": "keep-alive",
        "Content-Length": "49",
        "Content-Type": "application/json",
        "User-Agent": "azsdk-js-keyvault-keys/4.7.3 azsdk-js-keyvault-keys/4.8.0-beta.1 core-rest-pipeline/1.12.0 Node/v20.5.0 OS/(x64-Linux-5.15.90.1-microsoft-standard-WSL2)",
        "x-ms-client-request-id": "eb2fadf3-f356-490f-8e16-20e12459a748"
      },
      "RequestBody": {
        "kty": "RSA",
        "public_exponent": 3,
        "attributes": {}
      },
      "StatusCode": 200,
      "ResponseHeaders": {
        "Cache-Control": "no-cache",
        "Content-Length": "744",
        "Content-Type": "application/json; charset=utf-8",
        "Date": "Tue, 29 Aug 2023 23:52:04 GMT",
        "Expires": "-1",
        "Pragma": "no-cache",
        "Strict-Transport-Security": "max-age=31536000;includeSubDomains",
        "X-Content-Type-Options": "nosniff",
        "x-ms-client-request-id": "eb2fadf3-f356-490f-8e16-20e12459a748",
        "x-ms-keyvault-network-info": "conn_type=Ipv4;addr=131.107.8.61;act_addr_fam=InterNetwork;",
        "x-ms-keyvault-rbac-assignment-id": "91779ecb-9756-5960-8eff-50b8b477d31a",
        "x-ms-keyvault-rbac-cache": "ra_age=138;da_age=138;rd_age=138;brd_age=21379;ra_notif_age=2323;dec_lev=1;",
        "x-ms-keyvault-region": "northcentralus",
        "x-ms-keyvault-service-version": "1.9.950.1",
        "x-ms-request-id": "7e5b28f7-48b2-4c3d-a480-3a6a7ca3ae61"
      },
      "ResponseBody": {
        "key": {
          "kid": "https://keyvault_name.vault.azure.net/keys/CRUDKeyName-cancreateaRSAkeywithpublicexponent-/04e9dfa09e114d19bc2b78ce5da58a22",
          "kty": "RSA",
          "key_ops": [
            "encrypt",
            "decrypt",
            "sign",
            "verify",
            "wrapKey",
            "unwrapKey"
          ],
          "n": "l4I8WzICAkviHnyP-vt0jEdVelLj0j01refPKIzKasVxk1LGYy7r53ZU5h3I8J3ks6wXr7G8ZV2fjll9aSOE1dFb9TQsdYx5K66Aipxf7IfI1zd3Nm9rovOAlFDUldNiSzyuMH4qFHj29CmWsc52k4GyiNmW2xkPbGj2GdAPeYF09OO08QKwDB9rKkBMsHaYocUm1g-OGo6s0w_z4kiXUw2n1jaBYiwqq79E8Zp4Ee3wysb2vzHmFO_xmSTFpnHdA5jlQXjTpJdzQ1zjx4NlKOBeOukdG7WcypgIDso6KRKUpgMKQebzmmpUYv5LlUVWcmFYQ0NqU4SbTqVha_j8LQ",
          "e": "AQAB"
        },
        "attributes": {
          "enabled": true,
          "created": 1693353125,
          "updated": 1693353125,
          "recoveryLevel": "CustomizedRecoverable\u002BPurgeable",
          "recoverableDays": 7,
          "exportable": false
        }
      }
    },
    {
      "RequestUri": "https://keyvault_name.vault.azure.net/keys/CRUDKeyName-cancreateaRSAkeywithpublicexponent-?api-version=7.4",
      "RequestMethod": "DELETE",
      "RequestHeaders": {
        "Accept": "application/json",
        "Accept-Encoding": "gzip,deflate",
        "Authorization": "Sanitized",
        "Connection": "keep-alive",
        "User-Agent": "azsdk-js-keyvault-keys/4.7.3 azsdk-js-keyvault-keys/4.8.0-beta.1 core-rest-pipeline/1.12.0 Node/v20.5.0 OS/(x64-Linux-5.15.90.1-microsoft-standard-WSL2)",
        "x-ms-client-request-id": "875f4ff8-258b-483e-9f28-afe10062f20a"
      },
      "RequestBody": null,
      "StatusCode": 200,
      "ResponseHeaders": {
        "Cache-Control": "no-cache",
        "Content-Length": "914",
        "Content-Type": "application/json; charset=utf-8",
        "Date": "Tue, 29 Aug 2023 23:52:04 GMT",
        "Expires": "-1",
        "Pragma": "no-cache",
        "Strict-Transport-Security": "max-age=31536000;includeSubDomains",
        "X-Content-Type-Options": "nosniff",
        "x-ms-client-request-id": "875f4ff8-258b-483e-9f28-afe10062f20a",
        "x-ms-keyvault-network-info": "conn_type=Ipv4;addr=131.107.8.61;act_addr_fam=InterNetwork;",
        "x-ms-keyvault-rbac-assignment-id": "91779ecb-9756-5960-8eff-50b8b477d31a",
        "x-ms-keyvault-rbac-cache": "ra_age=138;da_age=138;rd_age=138;brd_age=21379;ra_notif_age=2323;dec_lev=1;",
        "x-ms-keyvault-region": "northcentralus",
        "x-ms-keyvault-service-version": "1.9.950.1",
        "x-ms-request-id": "64bd0d51-f867-438f-ab3f-2792a17efba2"
      },
      "ResponseBody": {
        "recoveryId": "https://keyvault_name.vault.azure.net/deletedkeys/CRUDKeyName-cancreateaRSAkeywithpublicexponent-",
        "deletedDate": 1693353125,
        "scheduledPurgeDate": 1693957925,
        "key": {
          "kid": "https://keyvault_name.vault.azure.net/keys/CRUDKeyName-cancreateaRSAkeywithpublicexponent-/04e9dfa09e114d19bc2b78ce5da58a22",
          "kty": "RSA",
          "key_ops": [
            "encrypt",
            "decrypt",
            "sign",
            "verify",
            "wrapKey",
            "unwrapKey"
          ],
          "n": "l4I8WzICAkviHnyP-vt0jEdVelLj0j01refPKIzKasVxk1LGYy7r53ZU5h3I8J3ks6wXr7G8ZV2fjll9aSOE1dFb9TQsdYx5K66Aipxf7IfI1zd3Nm9rovOAlFDUldNiSzyuMH4qFHj29CmWsc52k4GyiNmW2xkPbGj2GdAPeYF09OO08QKwDB9rKkBMsHaYocUm1g-OGo6s0w_z4kiXUw2n1jaBYiwqq79E8Zp4Ee3wysb2vzHmFO_xmSTFpnHdA5jlQXjTpJdzQ1zjx4NlKOBeOukdG7WcypgIDso6KRKUpgMKQebzmmpUYv5LlUVWcmFYQ0NqU4SbTqVha_j8LQ",
          "e": "AQAB"
        },
        "attributes": {
          "enabled": true,
          "created": 1693353125,
          "updated": 1693353125,
          "recoveryLevel": "CustomizedRecoverable\u002BPurgeable",
          "recoverableDays": 7,
          "exportable": false
        }
      }
    },
    {
      "RequestUri": "https://keyvault_name.vault.azure.net/deletedkeys/CRUDKeyName-cancreateaRSAkeywithpublicexponent-?api-version=7.4",
      "RequestMethod": "GET",
      "RequestHeaders": {
        "Accept": "application/json",
        "Accept-Encoding": "gzip,deflate",
        "Authorization": "Sanitized",
        "Connection": "keep-alive",
        "User-Agent": "azsdk-js-keyvault-keys/4.7.3 azsdk-js-keyvault-keys/4.8.0-beta.1 core-rest-pipeline/1.12.0 Node/v20.5.0 OS/(x64-Linux-5.15.90.1-microsoft-standard-WSL2)",
        "x-ms-client-request-id": "ae873a1e-eb60-427b-8f6b-e48414ad2762"
      },
      "RequestBody": null,
      "StatusCode": 404,
      "ResponseHeaders": {
        "Cache-Control": "no-cache",
        "Content-Length": "115",
        "Content-Type": "application/json; charset=utf-8",
        "Date": "Tue, 29 Aug 2023 23:52:04 GMT",
        "Expires": "-1",
        "Pragma": "no-cache",
        "Strict-Transport-Security": "max-age=31536000;includeSubDomains",
        "X-Content-Type-Options": "nosniff",
        "x-ms-client-request-id": "ae873a1e-eb60-427b-8f6b-e48414ad2762",
        "x-ms-keyvault-network-info": "conn_type=Ipv4;addr=131.107.8.61;act_addr_fam=InterNetwork;",
        "x-ms-keyvault-rbac-assignment-id": "91779ecb-9756-5960-8eff-50b8b477d31a",
        "x-ms-keyvault-rbac-cache": "ra_age=138;da_age=138;rd_age=138;brd_age=21379;ra_notif_age=2323;dec_lev=1;",
        "x-ms-keyvault-region": "northcentralus",
        "x-ms-keyvault-service-version": "1.9.950.1",
        "x-ms-request-id": "19086fc1-419f-422b-ad29-6ef5207d72b5"
      },
      "ResponseBody": {
        "error": {
          "code": "KeyNotFound",
          "message": "Deleted Key not found: CRUDKeyName-cancreateaRSAkeywithpublicexponent-"
        }
      }
    },
    {
      "RequestUri": "https://keyvault_name.vault.azure.net/deletedkeys/CRUDKeyName-cancreateaRSAkeywithpublicexponent-?api-version=7.4",
      "RequestMethod": "GET",
      "RequestHeaders": {
        "Accept": "application/json",
        "Accept-Encoding": "gzip,deflate",
        "Authorization": "Sanitized",
        "Connection": "keep-alive",
        "User-Agent": "azsdk-js-keyvault-keys/4.7.3 azsdk-js-keyvault-keys/4.8.0-beta.1 core-rest-pipeline/1.12.0 Node/v20.5.0 OS/(x64-Linux-5.15.90.1-microsoft-standard-WSL2)",
        "x-ms-client-request-id": "4e2e3f59-145b-446f-b40f-1b3bde5ebabd"
      },
      "RequestBody": null,
      "StatusCode": 404,
      "ResponseHeaders": {
        "Cache-Control": "no-cache",
        "Content-Length": "115",
        "Content-Type": "application/json; charset=utf-8",
        "Date": "Tue, 29 Aug 2023 23:52:04 GMT",
        "Expires": "-1",
        "Pragma": "no-cache",
        "Strict-Transport-Security": "max-age=31536000;includeSubDomains",
        "X-Content-Type-Options": "nosniff",
        "x-ms-client-request-id": "4e2e3f59-145b-446f-b40f-1b3bde5ebabd",
        "x-ms-keyvault-network-info": "conn_type=Ipv4;addr=131.107.8.61;act_addr_fam=InterNetwork;",
        "x-ms-keyvault-rbac-assignment-id": "91779ecb-9756-5960-8eff-50b8b477d31a",
        "x-ms-keyvault-rbac-cache": "ra_age=138;da_age=138;rd_age=138;brd_age=21379;ra_notif_age=2324;dec_lev=0;",
        "x-ms-keyvault-region": "northcentralus",
        "x-ms-keyvault-service-version": "1.9.950.1",
        "x-ms-request-id": "2dce018d-bb50-4577-b62d-0a56988dd235"
      },
      "ResponseBody": {
        "error": {
          "code": "KeyNotFound",
          "message": "Deleted Key not found: CRUDKeyName-cancreateaRSAkeywithpublicexponent-"
        }
      }
    },
    {
      "RequestUri": "https://keyvault_name.vault.azure.net/deletedkeys/CRUDKeyName-cancreateaRSAkeywithpublicexponent-?api-version=7.4",
      "RequestMethod": "GET",
      "RequestHeaders": {
        "Accept": "application/json",
        "Accept-Encoding": "gzip,deflate",
        "Authorization": "Sanitized",
        "Connection": "keep-alive",
        "User-Agent": "azsdk-js-keyvault-keys/4.7.3 azsdk-js-keyvault-keys/4.8.0-beta.1 core-rest-pipeline/1.12.0 Node/v20.5.0 OS/(x64-Linux-5.15.90.1-microsoft-standard-WSL2)",
        "x-ms-client-request-id": "e7f5616c-67ab-49c7-91fc-5a6b31404506"
      },
      "RequestBody": null,
      "StatusCode": 200,
      "ResponseHeaders": {
        "Cache-Control": "no-cache",
        "Content-Length": "914",
        "Content-Type": "application/json; charset=utf-8",
        "Date": "Tue, 29 Aug 2023 23:52:10 GMT",
        "Expires": "-1",
        "Pragma": "no-cache",
        "Strict-Transport-Security": "max-age=31536000;includeSubDomains",
        "X-Content-Type-Options": "nosniff",
        "x-ms-client-request-id": "e7f5616c-67ab-49c7-91fc-5a6b31404506",
        "x-ms-keyvault-network-info": "conn_type=Ipv4;addr=131.107.8.61;act_addr_fam=InterNetwork;",
        "x-ms-keyvault-rbac-assignment-id": "91779ecb-9756-5960-8eff-50b8b477d31a",
        "x-ms-keyvault-rbac-cache": "ra_age=143;da_age=143;rd_age=143;brd_age=21384;ra_notif_age=2329;dec_lev=0;",
        "x-ms-keyvault-region": "northcentralus",
        "x-ms-keyvault-service-version": "1.9.950.1",
        "x-ms-request-id": "8d07c482-f0cb-4302-b324-83ca216fd08c"
      },
      "ResponseBody": {
        "recoveryId": "https://keyvault_name.vault.azure.net/deletedkeys/CRUDKeyName-cancreateaRSAkeywithpublicexponent-",
        "deletedDate": 1693353125,
        "scheduledPurgeDate": 1693957925,
        "key": {
          "kid": "https://keyvault_name.vault.azure.net/keys/CRUDKeyName-cancreateaRSAkeywithpublicexponent-/04e9dfa09e114d19bc2b78ce5da58a22",
          "kty": "RSA",
          "key_ops": [
            "encrypt",
            "decrypt",
            "sign",
            "verify",
            "wrapKey",
            "unwrapKey"
          ],
          "n": "l4I8WzICAkviHnyP-vt0jEdVelLj0j01refPKIzKasVxk1LGYy7r53ZU5h3I8J3ks6wXr7G8ZV2fjll9aSOE1dFb9TQsdYx5K66Aipxf7IfI1zd3Nm9rovOAlFDUldNiSzyuMH4qFHj29CmWsc52k4GyiNmW2xkPbGj2GdAPeYF09OO08QKwDB9rKkBMsHaYocUm1g-OGo6s0w_z4kiXUw2n1jaBYiwqq79E8Zp4Ee3wysb2vzHmFO_xmSTFpnHdA5jlQXjTpJdzQ1zjx4NlKOBeOukdG7WcypgIDso6KRKUpgMKQebzmmpUYv5LlUVWcmFYQ0NqU4SbTqVha_j8LQ",
          "e": "AQAB"
        },
        "attributes": {
          "enabled": true,
          "created": 1693353125,
          "updated": 1693353125,
          "recoveryLevel": "CustomizedRecoverable\u002BPurgeable",
          "recoverableDays": 7,
          "exportable": false
        }
      }
    },
    {
      "RequestUri": "https://keyvault_name.vault.azure.net/deletedkeys/CRUDKeyName-cancreateaRSAkeywithpublicexponent-?api-version=7.4",
      "RequestMethod": "DELETE",
      "RequestHeaders": {
        "Accept": "application/json",
        "Accept-Encoding": "gzip,deflate",
        "Authorization": "Sanitized",
        "Connection": "keep-alive",
        "User-Agent": "azsdk-js-keyvault-keys/4.7.3 azsdk-js-keyvault-keys/4.8.0-beta.1 core-rest-pipeline/1.12.0 Node/v20.5.0 OS/(x64-Linux-5.15.90.1-microsoft-standard-WSL2)",
        "x-ms-client-request-id": "b20234fd-cc37-4d0f-ae7b-e8738225aa84"
      },
      "RequestBody": null,
      "StatusCode": 204,
      "ResponseHeaders": {
        "Cache-Control": "no-cache",
        "Date": "Tue, 29 Aug 2023 23:52:10 GMT",
        "Expires": "-1",
        "Pragma": "no-cache",
        "Strict-Transport-Security": "max-age=31536000;includeSubDomains",
        "X-Content-Type-Options": "nosniff",
        "x-ms-client-request-id": "b20234fd-cc37-4d0f-ae7b-e8738225aa84",
        "x-ms-keyvault-network-info": "conn_type=Ipv4;addr=131.107.8.61;act_addr_fam=InterNetwork;",
        "x-ms-keyvault-rbac-assignment-id": "91779ecb-9756-5960-8eff-50b8b477d31a",
        "x-ms-keyvault-rbac-cache": "ra_age=143;da_age=143;rd_age=143;brd_age=21384;ra_notif_age=2329;dec_lev=1;",
        "x-ms-keyvault-region": "northcentralus",
        "x-ms-keyvault-service-version": "1.9.950.1",
        "x-ms-request-id": "17977d35-dfbb-49ee-9d09-878657b7b2f8"
      },
      "ResponseBody": null
    }
  ],
  "Variables": {}
}
