{
  "Entries": [
    {
      "RequestUri": "https://Sanitized.azure.com/api/projects/00000/assistants?api-version=2025-05-15-preview",
      "RequestMethod": "POST",
      "RequestHeaders": {
        "Accept": "application/json",
        "Accept-Encoding": "gzip,deflate",
        "Authorization": "Sanitized",
        "Connection": "keep-alive",
        "Content-Length": "202",
        "Content-Type": "application/json",
        "User-Agent": "azsdk-js-client azsdk-js-api azsdk-js-ai-agents/1.0.0-beta.1 core-rest-pipeline/1.20.1 Node/22.10.0 OS/(x64-Windows_NT-10.0.22631)",
        "x-ms-client-request-id": "Sanitized"
      },
      "RequestBody": {
        "model": "gpt-4o",
        "name": "my-agent",
        "instructions": "You are a helpful agent",
        "tools": [
          {
            "type": "function",
            "function": {
              "name": "getCurrentDateTime",
              "description": "Get current date time",
              "parameters": {}
            }
          }
        ]
      },
      "StatusCode": 200,
      "ResponseHeaders": {
        "apim-request-id": "dfd11436-96ed-4b2c-b8dd-ba590621e3b8",
        "azureml-served-by-cluster": "vienna-eastus-01",
        "Content-Encoding": "gzip",
        "Content-Type": "application/json",
        "Date": "Thu, 08 May 2025 23:28:40 GMT",
        "openai-organization": "1fa34553a93e4e53b531c64321ca4ae2",
        "openai-processing-ms": "72",
        "openai-version": "2020-10-01",
        "Request-Context": "appId=cid-v1:2d2e8e63-272e-4b3c-8598-4ee570a0e70d",
        "Strict-Transport-Security": "max-age=31536000; includeSubDomains; preload",
        "Transfer-Encoding": "chunked",
        "Vary": "Accept-Encoding",
        "X-Content-Type-Options": "nosniff",
        "x-ms-middleware-request-id": "edbeaaed-1697-4400-b5f0-3c14b7ffcc97",
        "x-ms-region": "East US",
        "x-ms-response-type": "standard",
        "X-Request-ID": "99328f1ebccca1395652f6baace19d5d",
        "x-request-time": "0.240"
      },
      "ResponseBody": {
        "id": "asst_aM0mJDrFZqT44lZINkc15n1S",
        "object": "assistant",
        "created_at": 1746746920,
        "name": "my-agent",
        "description": null,
        "model": "gpt-4o",
        "instructions": "You are a helpful agent",
        "tools": [
          {
            "type": "function",
            "function": {
              "name": "getCurrentDateTime",
              "description": "Get current date time",
              "parameters": {
                "type": "object",
                "properties": {}
              },
              "strict": false
            }
          }
        ],
        "top_p": 1.0,
        "temperature": 1.0,
        "tool_resources": {},
        "metadata": {},
        "response_format": "auto"
      }
    },
    {
      "RequestUri": "https://Sanitized.azure.com/api/projects/00000/threads?api-version=2025-05-15-preview",
      "RequestMethod": "POST",
      "RequestHeaders": {
        "Accept": "application/json",
        "Accept-Encoding": "gzip,deflate",
        "Authorization": "Sanitized",
        "Connection": "keep-alive",
        "Content-Length": "2",
        "Content-Type": "application/json",
        "User-Agent": "azsdk-js-client azsdk-js-api azsdk-js-ai-agents/1.0.0-beta.1 core-rest-pipeline/1.20.1 Node/22.10.0 OS/(x64-Windows_NT-10.0.22631)",
        "x-ms-client-request-id": "Sanitized"
      },
      "RequestBody": {},
      "StatusCode": 200,
      "ResponseHeaders": {
        "apim-request-id": "f07b426b-c58b-4a9d-96ef-896ce94d2010",
        "azureml-served-by-cluster": "vienna-eastus-01",
        "Content-Length": "137",
        "Content-Type": "application/json",
        "Date": "Thu, 08 May 2025 23:28:40 GMT",
        "openai-organization": "1fa34553a93e4e53b531c64321ca4ae2",
        "openai-processing-ms": "74",
        "openai-version": "2020-10-01",
        "Request-Context": "appId=cid-v1:2d2e8e63-272e-4b3c-8598-4ee570a0e70d",
        "Strict-Transport-Security": "max-age=31536000; includeSubDomains; preload",
        "X-Content-Type-Options": "nosniff",
        "x-ms-middleware-request-id": "0c5cb391-a397-4098-bec5-f3cb5e422139",
        "x-ms-region": "East US",
        "x-ms-response-type": "standard",
        "X-Request-ID": "69f1d75b1330bf47dfd961797671b4ac",
        "x-request-time": "0.195"
      },
      "ResponseBody": {
        "id": "thread_SL1UVxxvboTFPcwFckwiFhIj",
        "object": "thread",
        "created_at": 1746746921,
        "metadata": {},
        "tool_resources": {}
      }
    },
    {
      "RequestUri": "https://Sanitized.azure.com/api/projects/00000/threads/thread_SL1UVxxvboTFPcwFckwiFhIj/messages?api-version=2025-05-15-preview",
      "RequestMethod": "POST",
      "RequestHeaders": {
        "Accept": "application/json",
        "Accept-Encoding": "gzip,deflate",
        "Authorization": "Sanitized",
        "Connection": "keep-alive",
        "Content-Length": "51",
        "Content-Type": "application/json",
        "User-Agent": "azsdk-js-client azsdk-js-api azsdk-js-ai-agents/1.0.0-beta.1 core-rest-pipeline/1.20.1 Node/22.10.0 OS/(x64-Windows_NT-10.0.22631)",
        "x-ms-client-request-id": "Sanitized"
      },
      "RequestBody": {
        "role": "user",
        "content": "Hello, what's the time?"
      },
      "StatusCode": 200,
      "ResponseHeaders": {
        "apim-request-id": "9033ca6d-4a84-470a-afd1-2bda1fd881a8",
        "azureml-served-by-cluster": "vienna-eastus-01",
        "Content-Encoding": "gzip",
        "Content-Type": "application/json",
        "Date": "Thu, 08 May 2025 23:28:40 GMT",
        "openai-organization": "1fa34553a93e4e53b531c64321ca4ae2",
        "openai-processing-ms": "98",
        "openai-version": "2020-10-01",
        "Request-Context": "appId=cid-v1:2d2e8e63-272e-4b3c-8598-4ee570a0e70d",
        "Strict-Transport-Security": "max-age=31536000; includeSubDomains; preload",
        "Transfer-Encoding": "chunked",
        "Vary": "Accept-Encoding",
        "X-Content-Type-Options": "nosniff",
        "x-ms-middleware-request-id": "c01f70db-e18a-478c-9401-82d82d759e7a",
        "x-ms-region": "East US",
        "x-ms-response-type": "standard",
        "X-Request-ID": "d9678dc7f84c2b82746651f42542e6aa",
        "x-request-time": "0.231"
      },
      "ResponseBody": {
        "id": "msg_BCRTHlrQmrbKxYwoMrDDgefG",
        "object": "thread.message",
        "created_at": 1746746921,
        "assistant_id": null,
        "thread_id": "thread_SL1UVxxvboTFPcwFckwiFhIj",
        "run_id": null,
        "role": "user",
        "content": [
          {
            "type": "text",
            "text": {
              "value": "Hello, what's the time?",
              "annotations": []
            }
          }
        ],
        "attachments": [],
        "metadata": {}
      }
    },
    {
      "RequestUri": "https://Sanitized.azure.com/api/projects/00000/threads/thread_SL1UVxxvboTFPcwFckwiFhIj/runs?api-version=2025-05-15-preview",
      "RequestMethod": "POST",
      "RequestHeaders": {
        "Accept": "application/json",
        "Accept-Encoding": "gzip,deflate",
        "Authorization": "Sanitized",
        "Connection": "keep-alive",
        "Content-Length": "48",
        "Content-Type": "application/json",
        "User-Agent": "azsdk-js-client azsdk-js-api azsdk-js-ai-agents/1.0.0-beta.1 core-rest-pipeline/1.20.1 Node/22.10.0 OS/(x64-Windows_NT-10.0.22631)",
        "x-ms-client-request-id": "Sanitized"
      },
      "RequestBody": {
        "assistant_id": "asst_aM0mJDrFZqT44lZINkc15n1S"
      },
      "StatusCode": 200,
      "ResponseHeaders": {
        "apim-request-id": "71cdd91e-5164-4815-a7e0-9ee419a6cd64",
        "azureml-served-by-cluster": "vienna-eastus-01",
        "Content-Encoding": "gzip",
        "Content-Type": "application/json",
        "Date": "Thu, 08 May 2025 23:28:41 GMT",
        "openai-organization": "1fa34553a93e4e53b531c64321ca4ae2",
        "openai-processing-ms": "186",
        "openai-version": "2020-10-01",
        "Request-Context": "appId=cid-v1:2d2e8e63-272e-4b3c-8598-4ee570a0e70d",
        "Strict-Transport-Security": "max-age=31536000; includeSubDomains; preload",
        "Transfer-Encoding": "chunked",
        "Vary": "Accept-Encoding",
        "X-Content-Type-Options": "nosniff",
        "x-ms-middleware-request-id": "7d7a2ea7-b16b-4324-8199-38abdda06232",
        "x-ms-region": "East US",
        "x-ms-response-type": "standard",
        "X-Request-ID": "b3fe5a1b5b20491049777b4fd70a317f",
        "x-request-time": "0.850"
      },
      "ResponseBody": {
        "id": "run_6qLVaRNChinybOK7bKrUiDFn",
        "object": "thread.run",
        "created_at": 1746746922,
        "assistant_id": "asst_aM0mJDrFZqT44lZINkc15n1S",
        "thread_id": "thread_SL1UVxxvboTFPcwFckwiFhIj",
        "status": "queued",
        "started_at": null,
        "expires_at": 1746747522,
        "cancelled_at": null,
        "failed_at": null,
        "completed_at": null,
        "required_action": null,
        "last_error": null,
        "model": "gpt-4o",
        "instructions": "You are a helpful agent",
        "tools": [
          {
            "type": "function",
            "function": {
              "name": "getCurrentDateTime",
              "description": "Get current date time",
              "parameters": {
                "type": "object",
                "properties": {}
              },
              "strict": false
            }
          }
        ],
        "tool_resources": {},
        "metadata": {},
        "temperature": 1.0,
        "top_p": 1.0,
        "max_completion_tokens": null,
        "max_prompt_tokens": null,
        "truncation_strategy": {
          "type": "auto",
          "last_messages": null
        },
        "incomplete_details": null,
        "usage": null,
        "response_format": "auto",
        "tool_choice": "auto",
        "parallel_tool_calls": true
      }
    },
    {
      "RequestUri": "https://Sanitized.azure.com/api/projects/00000/threads/thread_SL1UVxxvboTFPcwFckwiFhIj/runs/run_6qLVaRNChinybOK7bKrUiDFn?api-version=2025-05-15-preview",
      "RequestMethod": "GET",
      "RequestHeaders": {
        "Accept": "application/json",
        "Accept-Encoding": "gzip,deflate",
        "Authorization": "Sanitized",
        "Connection": "keep-alive",
        "User-Agent": "azsdk-js-client azsdk-js-api azsdk-js-ai-agents/1.0.0-beta.1 core-rest-pipeline/1.20.1 Node/22.10.0 OS/(x64-Windows_NT-10.0.22631)",
        "x-ms-client-request-id": "Sanitized"
      },
      "RequestBody": null,
      "StatusCode": 200,
      "ResponseHeaders": {
        "apim-request-id": "f6fcf209-8132-46b2-9d21-546ab8eaff8d",
        "azureml-served-by-cluster": "vienna-eastus-02",
        "Content-Encoding": "gzip",
        "Content-Type": "application/json",
        "Date": "Thu, 08 May 2025 23:28:43 GMT",
        "openai-organization": "1fa34553a93e4e53b531c64321ca4ae2",
        "openai-processing-ms": "154",
        "openai-version": "2020-10-01",
        "Request-Context": "appId=cid-v1:2d2e8e63-272e-4b3c-8598-4ee570a0e70d",
        "Strict-Transport-Security": "max-age=31536000; includeSubDomains; preload",
        "Transfer-Encoding": "chunked",
        "Vary": "Accept-Encoding",
        "X-Content-Type-Options": "nosniff",
        "x-ms-middleware-request-id": "b721c404-3567-47b7-b92b-0145de486d8f",
        "x-ms-region": "East US",
        "x-ms-response-type": "standard",
        "X-Request-ID": "b419d72c14c119b98230e910d34d3d2c",
        "x-request-time": "0.334"
      },
      "ResponseBody": {
        "id": "run_6qLVaRNChinybOK7bKrUiDFn",
        "object": "thread.run",
        "created_at": 1746746922,
        "assistant_id": "asst_aM0mJDrFZqT44lZINkc15n1S",
        "thread_id": "thread_SL1UVxxvboTFPcwFckwiFhIj",
        "status": "requires_action",
        "started_at": 1746746922,
        "expires_at": 1746782922,
        "cancelled_at": null,
        "failed_at": null,
        "completed_at": null,
        "required_action": {
          "type": "submit_tool_outputs",
          "submit_tool_outputs": {
            "tool_calls": [
              {
                "id": "call_SrvphH0xoDyGfbIxc30O9jm3",
                "type": "function",
                "function": {
                  "name": "getCurrentDateTime",
                  "arguments": "{}"
                }
              }
            ]
          }
        },
        "last_error": null,
        "model": "gpt-4o",
        "instructions": "You are a helpful agent",
        "tools": [
          {
            "type": "function",
            "function": {
              "name": "getCurrentDateTime",
              "description": "Get current date time",
              "parameters": {
                "type": "object",
                "properties": {}
              },
              "strict": false
            }
          }
        ],
        "tool_resources": {},
        "metadata": {},
        "temperature": 1.0,
        "top_p": 1.0,
        "max_completion_tokens": null,
        "max_prompt_tokens": null,
        "truncation_strategy": {
          "type": "auto",
          "last_messages": null
        },
        "incomplete_details": null,
        "usage": null,
        "response_format": "auto",
        "tool_choice": "auto",
        "parallel_tool_calls": true
      }
    },
    {
      "RequestUri": "https://Sanitized.azure.com/api/projects/00000/threads/thread_SL1UVxxvboTFPcwFckwiFhIj/runs/run_6qLVaRNChinybOK7bKrUiDFn/submit_tool_outputs?api-version=2025-05-15-preview",
      "RequestMethod": "POST",
      "RequestHeaders": {
        "Accept": "application/json",
        "Accept-Encoding": "gzip,deflate",
        "Authorization": "Sanitized",
        "Connection": "keep-alive",
        "Content-Length": "124",
        "Content-Type": "application/json",
        "User-Agent": "azsdk-js-client azsdk-js-api azsdk-js-ai-agents/1.0.0-beta.1 core-rest-pipeline/1.20.1 Node/22.10.0 OS/(x64-Windows_NT-10.0.22631)",
        "x-ms-client-request-id": "Sanitized"
      },
      "RequestBody": {
        "tool_outputs": [
          {
            "tool_call_id": "call_SrvphH0xoDyGfbIxc30O9jm3",
            "output": "{\"currentDateTime\":\"2024-10-10 12:30:19\"}"
          }
        ]
      },
      "StatusCode": 200,
      "ResponseHeaders": {
        "apim-request-id": "4d2fe49c-307b-4435-a9fa-fd38dd5dfe56",
        "azureml-served-by-cluster": "vienna-eastus-02",
        "Content-Encoding": "gzip",
        "Content-Type": "application/json",
        "Date": "Thu, 08 May 2025 23:28:44 GMT",
        "openai-organization": "1fa34553a93e4e53b531c64321ca4ae2",
        "openai-processing-ms": "170",
        "openai-version": "2020-10-01",
        "Request-Context": "appId=cid-v1:2d2e8e63-272e-4b3c-8598-4ee570a0e70d",
        "Strict-Transport-Security": "max-age=31536000; includeSubDomains; preload",
        "Transfer-Encoding": "chunked",
        "Vary": "Accept-Encoding",
        "X-Content-Type-Options": "nosniff",
        "x-ms-middleware-request-id": "777c4767-596a-4f6c-a73b-94c88f68d8a7",
        "x-ms-region": "East US",
        "x-ms-response-type": "standard",
        "X-Request-ID": "009c1d008e61615531d61bdf53f19ce6",
        "x-request-time": "0.841"
      },
      "ResponseBody": {
        "id": "run_6qLVaRNChinybOK7bKrUiDFn",
        "object": "thread.run",
        "created_at": 1746746922,
        "assistant_id": "asst_aM0mJDrFZqT44lZINkc15n1S",
        "thread_id": "thread_SL1UVxxvboTFPcwFckwiFhIj",
        "status": "queued",
        "started_at": 1746746922,
        "expires_at": 1746782922,
        "cancelled_at": null,
        "failed_at": null,
        "completed_at": null,
        "required_action": null,
        "last_error": null,
        "model": "gpt-4o",
        "instructions": "You are a helpful agent",
        "tools": [
          {
            "type": "function",
            "function": {
              "name": "getCurrentDateTime",
              "description": "Get current date time",
              "parameters": {
                "type": "object",
                "properties": {}
              },
              "strict": false
            }
          }
        ],
        "tool_resources": {},
        "metadata": {},
        "temperature": 1.0,
        "top_p": 1.0,
        "max_completion_tokens": null,
        "max_prompt_tokens": null,
        "truncation_strategy": {
          "type": "auto",
          "last_messages": null
        },
        "incomplete_details": null,
        "usage": null,
        "response_format": "auto",
        "tool_choice": "auto",
        "parallel_tool_calls": true
      }
    },
    {
      "RequestUri": "https://Sanitized.azure.com/api/projects/00000/threads/thread_SL1UVxxvboTFPcwFckwiFhIj/runs/run_6qLVaRNChinybOK7bKrUiDFn?api-version=2025-05-15-preview",
      "RequestMethod": "GET",
      "RequestHeaders": {
        "Accept": "application/json",
        "Accept-Encoding": "gzip,deflate",
        "Authorization": "Sanitized",
        "Connection": "keep-alive",
        "User-Agent": "azsdk-js-client azsdk-js-api azsdk-js-ai-agents/1.0.0-beta.1 core-rest-pipeline/1.20.1 Node/22.10.0 OS/(x64-Windows_NT-10.0.22631)",
        "x-ms-client-request-id": "Sanitized"
      },
      "RequestBody": null,
      "StatusCode": 200,
      "ResponseHeaders": {
        "apim-request-id": "4abacb6c-1780-4242-8e2c-07eb2ea75730",
        "azureml-served-by-cluster": "vienna-eastus-02",
        "Content-Encoding": "gzip",
        "Content-Type": "application/json",
        "Date": "Thu, 08 May 2025 23:28:45 GMT",
        "openai-organization": "1fa34553a93e4e53b531c64321ca4ae2",
        "openai-processing-ms": "45",
        "openai-version": "2020-10-01",
        "Request-Context": "appId=cid-v1:2d2e8e63-272e-4b3c-8598-4ee570a0e70d",
        "Strict-Transport-Security": "max-age=31536000; includeSubDomains; preload",
        "Transfer-Encoding": "chunked",
        "Vary": "Accept-Encoding",
        "X-Content-Type-Options": "nosniff",
        "x-ms-middleware-request-id": "ddac97e4-e3cf-46cf-a5d9-b8cd999078a8",
        "x-ms-region": "East US",
        "x-ms-response-type": "standard",
        "X-Request-ID": "41aa1bc39c927757a6bea52a9661d5f3",
        "x-request-time": "0.174"
      },
      "ResponseBody": {
        "id": "run_6qLVaRNChinybOK7bKrUiDFn",
        "object": "thread.run",
        "created_at": 1746746922,
        "assistant_id": "asst_aM0mJDrFZqT44lZINkc15n1S",
        "thread_id": "thread_SL1UVxxvboTFPcwFckwiFhIj",
        "status": "completed",
        "started_at": 1746746925,
        "expires_at": null,
        "cancelled_at": null,
        "failed_at": null,
        "completed_at": 1746746925,
        "required_action": null,
        "last_error": null,
        "model": "gpt-4o",
        "instructions": "You are a helpful agent",
        "tools": [
          {
            "type": "function",
            "function": {
              "name": "getCurrentDateTime",
              "description": "Get current date time",
              "parameters": {
                "type": "object",
                "properties": {}
              },
              "strict": false
            }
          }
        ],
        "tool_resources": {},
        "metadata": {},
        "temperature": 1.0,
        "top_p": 1.0,
        "max_completion_tokens": null,
        "max_prompt_tokens": null,
        "truncation_strategy": {
          "type": "auto",
          "last_messages": null
        },
        "incomplete_details": null,
        "usage": {
          "prompt_tokens": 617,
          "completion_tokens": 35,
          "total_tokens": 652,
          "prompt_token_details": {
            "cached_tokens": 0
          }
        },
        "response_format": "auto",
        "tool_choice": "auto",
        "parallel_tool_calls": true
      }
    },
    {
      "RequestUri": "https://Sanitized.azure.com/api/projects/00000/threads/thread_SL1UVxxvboTFPcwFckwiFhIj/messages?api-version=2025-05-15-preview",
      "RequestMethod": "GET",
      "RequestHeaders": {
        "Accept": "application/json",
        "Accept-Encoding": "gzip,deflate",
        "Authorization": "Sanitized",
        "Connection": "keep-alive",
        "User-Agent": "azsdk-js-client azsdk-js-api azsdk-js-ai-agents/1.0.0-beta.1 core-rest-pipeline/1.20.1 Node/22.10.0 OS/(x64-Windows_NT-10.0.22631)",
        "x-ms-client-request-id": "Sanitized"
      },
      "RequestBody": null,
      "StatusCode": 200,
      "ResponseHeaders": {
        "apim-request-id": "feba4bf1-99b1-4c43-a02b-62b2a316b6cd",
        "azureml-served-by-cluster": "vienna-eastus-02",
        "Content-Encoding": "gzip",
        "Content-Type": "application/json",
        "Date": "Thu, 08 May 2025 23:28:46 GMT",
        "openai-organization": "1fa34553a93e4e53b531c64321ca4ae2",
        "openai-processing-ms": "84",
        "openai-version": "2020-10-01",
        "Request-Context": "appId=cid-v1:2d2e8e63-272e-4b3c-8598-4ee570a0e70d",
        "Strict-Transport-Security": "max-age=31536000; includeSubDomains; preload",
        "Transfer-Encoding": "chunked",
        "Vary": "Accept-Encoding",
        "X-Content-Type-Options": "nosniff",
        "x-ms-middleware-request-id": "eee97470-76b9-403e-857e-45f938acda4c",
        "x-ms-region": "East US",
        "x-ms-response-type": "standard",
        "X-Request-ID": "addf78d721945a9c753f96c5de28e630",
        "x-request-time": "0.218"
      },
      "ResponseBody": {
        "object": "list",
        "data": [
          {
            "id": "msg_1tEwfuK4XUEYfTvym6aY4D7m",
            "object": "thread.message",
            "created_at": 1746746925,
            "assistant_id": "asst_aM0mJDrFZqT44lZINkc15n1S",
            "thread_id": "thread_SL1UVxxvboTFPcwFckwiFhIj",
            "run_id": "run_6qLVaRNChinybOK7bKrUiDFn",
            "role": "assistant",
            "content": [
              {
                "type": "text",
                "text": {
                  "value": "The current date and time is October 10, 2024, 12:30 PM.",
                  "annotations": []
                }
              }
            ],
            "attachments": [],
            "metadata": {}
          },
          {
            "id": "msg_BCRTHlrQmrbKxYwoMrDDgefG",
            "object": "thread.message",
            "created_at": 1746746921,
            "assistant_id": null,
            "thread_id": "thread_SL1UVxxvboTFPcwFckwiFhIj",
            "run_id": null,
            "role": "user",
            "content": [
              {
                "type": "text",
                "text": {
                  "value": "Hello, what's the time?",
                  "annotations": []
                }
              }
            ],
            "attachments": [],
            "metadata": {}
          }
        ],
        "first_id": "msg_1tEwfuK4XUEYfTvym6aY4D7m",
        "last_id": "msg_BCRTHlrQmrbKxYwoMrDDgefG",
        "has_more": false
      }
    },
    {
      "RequestUri": "https://Sanitized.azure.com/api/projects/00000/assistants/asst_aM0mJDrFZqT44lZINkc15n1S?api-version=2025-05-15-preview",
      "RequestMethod": "DELETE",
      "RequestHeaders": {
        "Accept": "application/json",
        "Accept-Encoding": "gzip,deflate",
        "Authorization": "Sanitized",
        "Connection": "keep-alive",
        "User-Agent": "azsdk-js-client azsdk-js-api azsdk-js-ai-agents/1.0.0-beta.1 core-rest-pipeline/1.20.1 Node/22.10.0 OS/(x64-Windows_NT-10.0.22631)",
        "x-ms-client-request-id": "Sanitized"
      },
      "RequestBody": null,
      "StatusCode": 200,
      "ResponseHeaders": {
        "apim-request-id": "a479e4e4-8159-484a-8347-e77dc51e50a5",
        "azureml-served-by-cluster": "vienna-eastus-02",
        "Content-Length": "95",
        "Content-Type": "application/json",
        "Date": "Thu, 08 May 2025 23:28:46 GMT",
        "openai-organization": "1fa34553a93e4e53b531c64321ca4ae2",
        "openai-processing-ms": "33",
        "openai-version": "2020-10-01",
        "Request-Context": "appId=cid-v1:2d2e8e63-272e-4b3c-8598-4ee570a0e70d",
        "Strict-Transport-Security": "max-age=31536000; includeSubDomains; preload",
        "X-Content-Type-Options": "nosniff",
        "x-ms-middleware-request-id": "d6e16fe8-3ea5-45e2-8a24-f67dd7c0d4b7",
        "x-ms-region": "East US",
        "x-ms-response-type": "standard",
        "X-Request-ID": "578afcbeeb7ed150cd3a0f5aabc17169",
        "x-request-time": "0.163"
      },
      "ResponseBody": {
        "id": "asst_aM0mJDrFZqT44lZINkc15n1S",
        "object": "assistant.deleted",
        "deleted": true
      }
    }
  ],
  "Variables": {}
}
