{
  "Entries": [
    {
      "RequestUri": "https://Sanitized.centraluseuap.devcenter.azure.com/projects/fake-proj/users/me/environments/fake-environment?api-version=2023-04-01",
      "RequestMethod": "PUT",
      "RequestHeaders": {
        "Accept": "application/json",
        "Accept-Encoding": "gzip, deflate",
        "Content-Length": "120",
        "Content-Type": "application/json",
        "User-Agent": "azsdk-python-developer-devcenter/1.0.0 Python/3.12.3 (Windows-11-10.0.22631-SP0)"
      },
      "RequestBody": {
        "environmentType": "fake-environment-type",
        "catalogName": "fake-catalog",
        "environmentDefinitionName": "fake-sandbox"
      },
      "StatusCode": 201,
      "ResponseHeaders": {
        "Access-Control-Allow-Origin": "*",
        "Access-Control-Expose-Headers": "Location,Operation-Location,x-ms-correlation-request-id,x-ms-client-request-id",
        "Access-Control-Max-Age": "86400",
        "Connection": "keep-alive",
        "Content-Length": "243",
        "Content-Type": "application/json; charset=utf-8",
        "Date": "Wed, 15 May 2024 00:05:12 GMT",
        "Location": "https://dddd3333-d3d3-3333-d3d3-dddddd333333-fake-dev-center.location.devcenter.azure.com/projects/fake-proj/operationstatuses/5876a67f-8784-48b8-848c-97eefa9a158d?api-version=2023-04-01&monitor=true",
        "Operation-Location": "https://dddd3333-d3d3-3333-d3d3-dddddd333333-fake-dev-center.location.devcenter.azure.com/projects/fake-proj/operationstatuses/5876a67f-8784-48b8-848c-97eefa9a158d?api-version=2023-04-01",
        "Strict-Transport-Security": "max-age=15724800; includeSubDomains",
        "x-ms-correlation-request-id": "4ebb8982-9d49-4166-898c-6d1fde399843",
        "X-Rate-Limit-Limit": "1m",
        "X-Rate-Limit-Remaining": "297",
        "X-Rate-Limit-Reset": "2024-05-15T00:05:40.9702907Z"
      },
      "ResponseBody": {
        "name": "fake-environment",
        "environmentType": "fake-environment-type",
        "user": "11111111-1111-1111-1111-111111111111",
        "provisioningState": "Creating",
        "catalogName": "fake-catalog",
        "environmentDefinitionName": "fake-sandbox"
      }
    },
    {
      "RequestUri": "https://Sanitized.centraluseuap.devcenter.azure.com/projects/fake-proj/operationstatuses/5876a67f-8784-48b8-848c-97eefa9a158d?api-version=2023-04-01",
      "RequestMethod": "GET",
      "RequestHeaders": {
        "Accept": "*/*",
        "Accept-Encoding": "gzip, deflate",
        "User-Agent": "azsdk-python-developer-devcenter/1.0.0 Python/3.12.3 (Windows-11-10.0.22631-SP0)"
      },
      "RequestBody": null,
      "StatusCode": 200,
      "ResponseHeaders": {
        "Access-Control-Allow-Origin": "*",
        "Access-Control-Expose-Headers": "Location,Operation-Location,x-ms-correlation-request-id,x-ms-client-request-id",
        "Access-Control-Max-Age": "86400",
        "Connection": "keep-alive",
        "Content-Length": "134",
        "Content-Type": "application/json; charset=utf-8",
        "Date": "Wed, 15 May 2024 00:05:12 GMT",
        "Location": "https://dddd3333-d3d3-3333-d3d3-dddddd333333-fake-dev-center.location.devcenter.azure.com/projects/fake-proj/operationstatuses/5876a67f-8784-48b8-848c-97eefa9a158d?api-version=2023-04-01&monitor=true",
        "Operation-Location": "https://dddd3333-d3d3-3333-d3d3-dddddd333333-fake-dev-center.location.devcenter.azure.com/projects/fake-proj/operationstatuses/5876a67f-8784-48b8-848c-97eefa9a158d?api-version=2023-04-01",
        "Retry-After": "30",
        "Strict-Transport-Security": "max-age=15724800; includeSubDomains",
        "x-ms-correlation-request-id": "a509cc22-6198-4291-93cf-977588a0251b",
        "X-Rate-Limit-Limit": "1m",
        "X-Rate-Limit-Remaining": "299",
        "X-Rate-Limit-Reset": "2024-05-15T00:06:12.3787203Z"
      },
      "ResponseBody": {
        "id": "Sanitized",
        "name": "5876a67f-8784-48b8-848c-97eefa9a158d",
        "status": "NotStarted",
        "startTime": "2024-05-15T00:05:12.0744842+00:00"
      }
    },
    {
      "RequestUri": "https://Sanitized.centraluseuap.devcenter.azure.com/projects/fake-proj/operationstatuses/5876a67f-8784-48b8-848c-97eefa9a158d?api-version=2023-04-01",
      "RequestMethod": "GET",
      "RequestHeaders": {
        "Accept": "*/*",
        "Accept-Encoding": "gzip, deflate",
        "User-Agent": "azsdk-python-developer-devcenter/1.0.0 Python/3.12.3 (Windows-11-10.0.22631-SP0)"
      },
      "RequestBody": null,
      "StatusCode": 200,
      "ResponseHeaders": {
        "Access-Control-Allow-Origin": "*",
        "Access-Control-Expose-Headers": "Location,Operation-Location,x-ms-correlation-request-id,x-ms-client-request-id",
        "Access-Control-Max-Age": "86400",
        "Connection": "keep-alive",
        "Content-Length": "131",
        "Content-Type": "application/json; charset=utf-8",
        "Date": "Wed, 15 May 2024 00:05:42 GMT",
        "Location": "https://dddd3333-d3d3-3333-d3d3-dddddd333333-fake-dev-center.location.devcenter.azure.com/projects/fake-proj/operationstatuses/5876a67f-8784-48b8-848c-97eefa9a158d?api-version=2023-04-01&monitor=true",
        "Operation-Location": "https://dddd3333-d3d3-3333-d3d3-dddddd333333-fake-dev-center.location.devcenter.azure.com/projects/fake-proj/operationstatuses/5876a67f-8784-48b8-848c-97eefa9a158d?api-version=2023-04-01",
        "Retry-After": "30",
        "Strict-Transport-Security": "max-age=15724800; includeSubDomains",
        "x-ms-correlation-request-id": "2cb22c6a-c83e-4414-94c1-61894347e4bf",
        "X-Rate-Limit-Limit": "1m",
        "X-Rate-Limit-Remaining": "299",
        "X-Rate-Limit-Reset": "2024-05-15T00:06:42.4882054Z"
      },
      "ResponseBody": {
        "id": "Sanitized",
        "name": "5876a67f-8784-48b8-848c-97eefa9a158d",
        "status": "Running",
        "startTime": "2024-05-15T00:05:12.0744842+00:00"
      }
    },
    {
      "RequestUri": "https://Sanitized.centraluseuap.devcenter.azure.com/projects/fake-proj/operationstatuses/5876a67f-8784-48b8-848c-97eefa9a158d?api-version=2023-04-01",
      "RequestMethod": "GET",
      "RequestHeaders": {
        "Accept": "*/*",
        "Accept-Encoding": "gzip, deflate",
        "User-Agent": "azsdk-python-developer-devcenter/1.0.0 Python/3.12.3 (Windows-11-10.0.22631-SP0)"
      },
      "RequestBody": null,
      "StatusCode": 200,
      "ResponseHeaders": {
        "Access-Control-Allow-Origin": "*",
        "Access-Control-Expose-Headers": "Location,Operation-Location,x-ms-correlation-request-id,x-ms-client-request-id",
        "Access-Control-Max-Age": "86400",
        "Connection": "keep-alive",
        "Content-Length": "131",
        "Content-Type": "application/json; charset=utf-8",
        "Date": "Wed, 15 May 2024 00:06:12 GMT",
        "Location": "https://dddd3333-d3d3-3333-d3d3-dddddd333333-fake-dev-center.location.devcenter.azure.com/projects/fake-proj/operationstatuses/5876a67f-8784-48b8-848c-97eefa9a158d?api-version=2023-04-01&monitor=true",
        "Operation-Location": "https://dddd3333-d3d3-3333-d3d3-dddddd333333-fake-dev-center.location.devcenter.azure.com/projects/fake-proj/operationstatuses/5876a67f-8784-48b8-848c-97eefa9a158d?api-version=2023-04-01",
        "Retry-After": "30",
        "Strict-Transport-Security": "max-age=15724800; includeSubDomains",
        "x-ms-correlation-request-id": "9488afd0-6dc7-48fd-b593-539618a6b10e",
        "X-Rate-Limit-Limit": "1m",
        "X-Rate-Limit-Remaining": "299",
        "X-Rate-Limit-Reset": "2024-05-15T00:07:12.7824349Z"
      },
      "ResponseBody": {
        "id": "Sanitized",
        "name": "5876a67f-8784-48b8-848c-97eefa9a158d",
        "status": "Running",
        "startTime": "2024-05-15T00:05:12.0744842+00:00"
      }
    },
    {
      "RequestUri": "https://Sanitized.centraluseuap.devcenter.azure.com/projects/fake-proj/operationstatuses/5876a67f-8784-48b8-848c-97eefa9a158d?api-version=2023-04-01",
      "RequestMethod": "GET",
      "RequestHeaders": {
        "Accept": "*/*",
        "Accept-Encoding": "gzip, deflate",
        "User-Agent": "azsdk-python-developer-devcenter/1.0.0 Python/3.12.3 (Windows-11-10.0.22631-SP0)"
      },
      "RequestBody": null,
      "StatusCode": 200,
      "ResponseHeaders": {
        "Access-Control-Allow-Origin": "*",
        "Access-Control-Expose-Headers": "Location,Operation-Location,x-ms-correlation-request-id,x-ms-client-request-id",
        "Access-Control-Max-Age": "86400",
        "Connection": "keep-alive",
        "Content-Length": "131",
        "Content-Type": "application/json; charset=utf-8",
        "Date": "Wed, 15 May 2024 00:06:42 GMT",
        "Location": "https://dddd3333-d3d3-3333-d3d3-dddddd333333-fake-dev-center.location.devcenter.azure.com/projects/fake-proj/operationstatuses/5876a67f-8784-48b8-848c-97eefa9a158d?api-version=2023-04-01&monitor=true",
        "Operation-Location": "https://dddd3333-d3d3-3333-d3d3-dddddd333333-fake-dev-center.location.devcenter.azure.com/projects/fake-proj/operationstatuses/5876a67f-8784-48b8-848c-97eefa9a158d?api-version=2023-04-01",
        "Retry-After": "30",
        "Strict-Transport-Security": "max-age=15724800; includeSubDomains",
        "x-ms-correlation-request-id": "e1840a16-39eb-4939-8cc5-ac11f544885b",
        "X-Rate-Limit-Limit": "1m",
        "X-Rate-Limit-Remaining": "299",
        "X-Rate-Limit-Reset": "2024-05-15T00:07:42.9041715Z"
      },
      "ResponseBody": {
        "id": "Sanitized",
        "name": "5876a67f-8784-48b8-848c-97eefa9a158d",
        "status": "Running",
        "startTime": "2024-05-15T00:05:12.0744842+00:00"
      }
    },
    {
      "RequestUri": "https://Sanitized.centraluseuap.devcenter.azure.com/projects/fake-proj/operationstatuses/5876a67f-8784-48b8-848c-97eefa9a158d?api-version=2023-04-01",
      "RequestMethod": "GET",
      "RequestHeaders": {
        "Accept": "*/*",
        "Accept-Encoding": "gzip, deflate",
        "User-Agent": "azsdk-python-developer-devcenter/1.0.0 Python/3.12.3 (Windows-11-10.0.22631-SP0)"
      },
      "RequestBody": null,
      "StatusCode": 200,
      "ResponseHeaders": {
        "Access-Control-Allow-Origin": "*",
        "Access-Control-Expose-Headers": "Location,Operation-Location,x-ms-correlation-request-id,x-ms-client-request-id",
        "Access-Control-Max-Age": "86400",
        "Connection": "keep-alive",
        "Content-Length": "131",
        "Content-Type": "application/json; charset=utf-8",
        "Date": "Wed, 15 May 2024 00:07:13 GMT",
        "Location": "https://dddd3333-d3d3-3333-d3d3-dddddd333333-fake-dev-center.location.devcenter.azure.com/projects/fake-proj/operationstatuses/5876a67f-8784-48b8-848c-97eefa9a158d?api-version=2023-04-01&monitor=true",
        "Operation-Location": "https://dddd3333-d3d3-3333-d3d3-dddddd333333-fake-dev-center.location.devcenter.azure.com/projects/fake-proj/operationstatuses/5876a67f-8784-48b8-848c-97eefa9a158d?api-version=2023-04-01",
        "Retry-After": "30",
        "Strict-Transport-Security": "max-age=15724800; includeSubDomains",
        "x-ms-correlation-request-id": "635edf88-70b0-4756-9876-fe626014568b",
        "X-Rate-Limit-Limit": "1m",
        "X-Rate-Limit-Remaining": "299",
        "X-Rate-Limit-Reset": "2024-05-15T00:08:13.0227849Z"
      },
      "ResponseBody": {
        "id": "Sanitized",
        "name": "5876a67f-8784-48b8-848c-97eefa9a158d",
        "status": "Running",
        "startTime": "2024-05-15T00:05:12.0744842+00:00"
      }
    },
    {
      "RequestUri": "https://Sanitized.centraluseuap.devcenter.azure.com/projects/fake-proj/operationstatuses/5876a67f-8784-48b8-848c-97eefa9a158d?api-version=2023-04-01",
      "RequestMethod": "GET",
      "RequestHeaders": {
        "Accept": "*/*",
        "Accept-Encoding": "gzip, deflate",
        "User-Agent": "azsdk-python-developer-devcenter/1.0.0 Python/3.12.3 (Windows-11-10.0.22631-SP0)"
      },
      "RequestBody": null,
      "StatusCode": 200,
      "ResponseHeaders": {
        "Access-Control-Allow-Origin": "*",
        "Access-Control-Expose-Headers": "Location,Operation-Location,x-ms-correlation-request-id,x-ms-client-request-id",
        "Access-Control-Max-Age": "86400",
        "Connection": "keep-alive",
        "Content-Length": "131",
        "Content-Type": "application/json; charset=utf-8",
        "Date": "Wed, 15 May 2024 00:07:43 GMT",
        "Location": "https://dddd3333-d3d3-3333-d3d3-dddddd333333-fake-dev-center.location.devcenter.azure.com/projects/fake-proj/operationstatuses/5876a67f-8784-48b8-848c-97eefa9a158d?api-version=2023-04-01&monitor=true",
        "Operation-Location": "https://dddd3333-d3d3-3333-d3d3-dddddd333333-fake-dev-center.location.devcenter.azure.com/projects/fake-proj/operationstatuses/5876a67f-8784-48b8-848c-97eefa9a158d?api-version=2023-04-01",
        "Retry-After": "30",
        "Strict-Transport-Security": "max-age=15724800; includeSubDomains",
        "x-ms-correlation-request-id": "7e4a6573-f510-4436-bdfc-91085adc2a96",
        "X-Rate-Limit-Limit": "1m",
        "X-Rate-Limit-Remaining": "299",
        "X-Rate-Limit-Reset": "2024-05-15T00:08:43.1546865Z"
      },
      "ResponseBody": {
        "id": "Sanitized",
        "name": "5876a67f-8784-48b8-848c-97eefa9a158d",
        "status": "Running",
        "startTime": "2024-05-15T00:05:12.0744842+00:00"
      }
    },
    {
      "RequestUri": "https://Sanitized.centraluseuap.devcenter.azure.com/projects/fake-proj/operationstatuses/5876a67f-8784-48b8-848c-97eefa9a158d?api-version=2023-04-01",
      "RequestMethod": "GET",
      "RequestHeaders": {
        "Accept": "*/*",
        "Accept-Encoding": "gzip, deflate",
        "User-Agent": "azsdk-python-developer-devcenter/1.0.0 Python/3.12.3 (Windows-11-10.0.22631-SP0)"
      },
      "RequestBody": null,
      "StatusCode": 200,
      "ResponseHeaders": {
        "Access-Control-Allow-Origin": "*",
        "Access-Control-Expose-Headers": "Location,Operation-Location,x-ms-correlation-request-id,x-ms-client-request-id",
        "Access-Control-Max-Age": "86400",
        "Connection": "keep-alive",
        "Content-Length": "131",
        "Content-Type": "application/json; charset=utf-8",
        "Date": "Wed, 15 May 2024 00:08:13 GMT",
        "Location": "https://dddd3333-d3d3-3333-d3d3-dddddd333333-fake-dev-center.location.devcenter.azure.com/projects/fake-proj/operationstatuses/5876a67f-8784-48b8-848c-97eefa9a158d?api-version=2023-04-01&monitor=true",
        "Operation-Location": "https://dddd3333-d3d3-3333-d3d3-dddddd333333-fake-dev-center.location.devcenter.azure.com/projects/fake-proj/operationstatuses/5876a67f-8784-48b8-848c-97eefa9a158d?api-version=2023-04-01",
        "Retry-After": "30",
        "Strict-Transport-Security": "max-age=15724800; includeSubDomains",
        "x-ms-correlation-request-id": "ad2b7d7a-7fde-4019-b155-c8860010836b",
        "X-Rate-Limit-Limit": "1m",
        "X-Rate-Limit-Remaining": "299",
        "X-Rate-Limit-Reset": "2024-05-15T00:09:13.2769047Z"
      },
      "ResponseBody": {
        "id": "Sanitized",
        "name": "5876a67f-8784-48b8-848c-97eefa9a158d",
        "status": "Running",
        "startTime": "2024-05-15T00:05:12.0744842+00:00"
      }
    },
    {
      "RequestUri": "https://Sanitized.centraluseuap.devcenter.azure.com/projects/fake-proj/operationstatuses/5876a67f-8784-48b8-848c-97eefa9a158d?api-version=2023-04-01",
      "RequestMethod": "GET",
      "RequestHeaders": {
        "Accept": "*/*",
        "Accept-Encoding": "gzip, deflate",
        "User-Agent": "azsdk-python-developer-devcenter/1.0.0 Python/3.12.3 (Windows-11-10.0.22631-SP0)"
      },
      "RequestBody": null,
      "StatusCode": 200,
      "ResponseHeaders": {
        "Access-Control-Allow-Origin": "*",
        "Access-Control-Expose-Headers": "Location,Operation-Location,x-ms-correlation-request-id,x-ms-client-request-id",
        "Access-Control-Max-Age": "86400",
        "Connection": "keep-alive",
        "Content-Length": "131",
        "Content-Type": "application/json; charset=utf-8",
        "Date": "Wed, 15 May 2024 00:08:43 GMT",
        "Location": "https://dddd3333-d3d3-3333-d3d3-dddddd333333-fake-dev-center.location.devcenter.azure.com/projects/fake-proj/operationstatuses/5876a67f-8784-48b8-848c-97eefa9a158d?api-version=2023-04-01&monitor=true",
        "Operation-Location": "https://dddd3333-d3d3-3333-d3d3-dddddd333333-fake-dev-center.location.devcenter.azure.com/projects/fake-proj/operationstatuses/5876a67f-8784-48b8-848c-97eefa9a158d?api-version=2023-04-01",
        "Retry-After": "30",
        "Strict-Transport-Security": "max-age=15724800; includeSubDomains",
        "x-ms-correlation-request-id": "a65ed56e-f31b-43f4-8da2-86331c91a69b",
        "X-Rate-Limit-Limit": "1m",
        "X-Rate-Limit-Remaining": "299",
        "X-Rate-Limit-Reset": "2024-05-15T00:09:43.4267531Z"
      },
      "ResponseBody": {
        "id": "Sanitized",
        "name": "5876a67f-8784-48b8-848c-97eefa9a158d",
        "status": "Running",
        "startTime": "2024-05-15T00:05:12.0744842+00:00"
      }
    },
    {
      "RequestUri": "https://Sanitized.centraluseuap.devcenter.azure.com/projects/fake-proj/operationstatuses/5876a67f-8784-48b8-848c-97eefa9a158d?api-version=2023-04-01",
      "RequestMethod": "GET",
      "RequestHeaders": {
        "Accept": "*/*",
        "Accept-Encoding": "gzip, deflate",
        "User-Agent": "azsdk-python-developer-devcenter/1.0.0 Python/3.12.3 (Windows-11-10.0.22631-SP0)"
      },
      "RequestBody": null,
      "StatusCode": 200,
      "ResponseHeaders": {
        "Access-Control-Allow-Origin": "*",
        "Access-Control-Expose-Headers": "Location,Operation-Location,x-ms-correlation-request-id,x-ms-client-request-id",
        "Access-Control-Max-Age": "86400",
        "Connection": "keep-alive",
        "Content-Encoding": "gzip",
        "Content-Type": "application/json; charset=utf-8",
        "Date": "Wed, 15 May 2024 00:09:13 GMT",
        "Location": "https://dddd3333-d3d3-3333-d3d3-dddddd333333-fake-dev-center.location.devcenter.azure.com/projects/fake-proj/operationstatuses/5876a67f-8784-48b8-848c-97eefa9a158d?api-version=2023-04-01&monitor=true",
        "Operation-Location": "https://dddd3333-d3d3-3333-d3d3-dddddd333333-fake-dev-center.location.devcenter.azure.com/projects/fake-proj/operationstatuses/5876a67f-8784-48b8-848c-97eefa9a158d?api-version=2023-04-01",
        "Retry-After": "30",
        "Strict-Transport-Security": "max-age=15724800; includeSubDomains",
        "Transfer-Encoding": "chunked",
        "x-ms-correlation-request-id": "2fe07952-2454-4898-bf8b-be2381503364",
        "X-Rate-Limit-Limit": "1m",
        "X-Rate-Limit-Remaining": "299",
        "X-Rate-Limit-Reset": "2024-05-15T00:10:13.5606473Z"
      },
      "ResponseBody": {
        "id": "Sanitized",
        "name": "5876a67f-8784-48b8-848c-97eefa9a158d",
        "status": "Succeeded",
        "startTime": "2024-05-15T00:05:12.0744842+00:00",
        "endTime": "2024-05-15T00:09:01.9815705+00:00"
      }
    },
    {
      "RequestUri": "https://Sanitized.centraluseuap.devcenter.azure.com/projects/fake-proj/users/me/environments/fake-environment?api-version=2023-04-01",
      "RequestMethod": "GET",
      "RequestHeaders": {
        "Accept": "*/*",
        "Accept-Encoding": "gzip, deflate",
        "User-Agent": "azsdk-python-developer-devcenter/1.0.0 Python/3.12.3 (Windows-11-10.0.22631-SP0)"
      },
      "RequestBody": null,
      "StatusCode": 200,
      "ResponseHeaders": {
        "Access-Control-Allow-Origin": "*",
        "Access-Control-Expose-Headers": "Location,Operation-Location,x-ms-correlation-request-id,x-ms-client-request-id",
        "Access-Control-Max-Age": "86400",
        "Connection": "keep-alive",
        "Content-Encoding": "gzip",
        "Content-Type": "application/json; charset=utf-8",
        "Date": "Wed, 15 May 2024 00:09:13 GMT",
        "Strict-Transport-Security": "max-age=15724800; includeSubDomains",
        "Transfer-Encoding": "chunked",
        "x-ms-correlation-request-id": "6881d486-969c-402f-b295-73707598e5eb",
        "X-Rate-Limit-Limit": "1m",
        "X-Rate-Limit-Remaining": "299",
        "X-Rate-Limit-Reset": "2024-05-15T00:10:13.9840414Z"
      },
      "ResponseBody": {
        "name": "fake-environment",
        "environmentType": "fake-environment-type",
        "user": "11111111-1111-1111-1111-111111111111",
        "provisioningState": "Succeeded",
        "resourceGroupId": "/subscriptions/62e47139-66d0-4b0b-a000-1e8a412890c1/resourceGroups/fake-proj-fake-environment",
        "catalogName": "fake-catalog",
        "environmentDefinitionName": "fake-sandbox"
      }
    },
    {
      "RequestUri": "https://Sanitized.centraluseuap.devcenter.azure.com/projects/fake-proj/users/me/environments/fake-environment?api-version=2023-04-01",
      "RequestMethod": "GET",
      "RequestHeaders": {
        "Accept": "application/json",
        "Accept-Encoding": "gzip, deflate",
        "User-Agent": "azsdk-python-developer-devcenter/1.0.0 Python/3.12.3 (Windows-11-10.0.22631-SP0)"
      },
      "RequestBody": null,
      "StatusCode": 200,
      "ResponseHeaders": {
        "Access-Control-Allow-Origin": "*",
        "Access-Control-Expose-Headers": "Location,Operation-Location,x-ms-correlation-request-id,x-ms-client-request-id",
        "Access-Control-Max-Age": "86400",
        "Connection": "keep-alive",
        "Content-Encoding": "gzip",
        "Content-Type": "application/json; charset=utf-8",
        "Date": "Wed, 15 May 2024 00:09:14 GMT",
        "Strict-Transport-Security": "max-age=15724800; includeSubDomains",
        "Transfer-Encoding": "chunked",
        "x-ms-correlation-request-id": "395901c0-0a7e-40a9-92bb-0ede59b5e912",
        "X-Rate-Limit-Limit": "1m",
        "X-Rate-Limit-Remaining": "298",
        "X-Rate-Limit-Reset": "2024-05-15T00:09:43.4267531Z"
      },
      "ResponseBody": {
        "name": "fake-environment",
        "environmentType": "fake-environment-type",
        "user": "11111111-1111-1111-1111-111111111111",
        "provisioningState": "Succeeded",
        "resourceGroupId": "/subscriptions/62e47139-66d0-4b0b-a000-1e8a412890c1/resourceGroups/fake-proj-fake-environment",
        "catalogName": "fake-catalog",
        "environmentDefinitionName": "fake-sandbox"
      }
    },
    {
      "RequestUri": "https://Sanitized.centraluseuap.devcenter.azure.com/projects/fake-proj/users/me/environments?api-version=2023-04-01",
      "RequestMethod": "GET",
      "RequestHeaders": {
        "Accept": "application/json",
        "Accept-Encoding": "gzip, deflate",
        "User-Agent": "azsdk-python-developer-devcenter/1.0.0 Python/3.12.3 (Windows-11-10.0.22631-SP0)"
      },
      "RequestBody": null,
      "StatusCode": 200,
      "ResponseHeaders": {
        "Access-Control-Allow-Origin": "*",
        "Access-Control-Expose-Headers": "Location,Operation-Location,x-ms-correlation-request-id,x-ms-client-request-id",
        "Access-Control-Max-Age": "86400",
        "Connection": "keep-alive",
        "Content-Encoding": "gzip",
        "Content-Type": "application/json; charset=utf-8",
        "Date": "Wed, 15 May 2024 00:09:14 GMT",
        "Strict-Transport-Security": "max-age=15724800; includeSubDomains",
        "Transfer-Encoding": "chunked",
        "x-ms-correlation-request-id": "eaa82b64-0396-4e2d-b944-22e11a8da0fe",
        "X-Rate-Limit-Limit": "1m",
        "X-Rate-Limit-Remaining": "298",
        "X-Rate-Limit-Reset": "2024-05-15T00:10:13.5606473Z"
      },
      "ResponseBody": {
        "value": [
          {
            "name": "fake-environment",
            "environmentType": "fake-environment-type",
            "user": "11111111-1111-1111-1111-111111111111",
            "provisioningState": "Succeeded",
            "resourceGroupId": "/subscriptions/62e47139-66d0-4b0b-a000-1e8a412890c1/resourceGroups/fake-proj-fake-environment",
            "catalogName": "fake-catalog",
            "environmentDefinitionName": "fake-sandbox"
          }
        ]
      }
    },
    {
      "RequestUri": "https://Sanitized.centraluseuap.devcenter.azure.com/projects/fake-proj/environments?api-version=2023-04-01",
      "RequestMethod": "GET",
      "RequestHeaders": {
        "Accept": "application/json",
        "Accept-Encoding": "gzip, deflate",
        "User-Agent": "azsdk-python-developer-devcenter/1.0.0 Python/3.12.3 (Windows-11-10.0.22631-SP0)"
      },
      "RequestBody": null,
      "StatusCode": 200,
      "ResponseHeaders": {
        "Access-Control-Allow-Origin": "*",
        "Access-Control-Expose-Headers": "Location,Operation-Location,x-ms-correlation-request-id,x-ms-client-request-id",
        "Access-Control-Max-Age": "86400",
        "Connection": "keep-alive",
        "Content-Encoding": "gzip",
        "Content-Type": "application/json; charset=utf-8",
        "Date": "Wed, 15 May 2024 00:09:14 GMT",
        "Strict-Transport-Security": "max-age=15724800; includeSubDomains",
        "Transfer-Encoding": "chunked",
        "x-ms-correlation-request-id": "1b3e35cd-6a1d-4f31-a723-21e9662de6e0",
        "X-Rate-Limit-Limit": "1m",
        "X-Rate-Limit-Remaining": "298",
        "X-Rate-Limit-Reset": "2024-05-15T00:10:13.9840414Z"
      },
      "ResponseBody": {
        "value": [
          {
            "name": "fake-environment",
            "environmentType": "fake-environment-type",
            "user": "11111111-1111-1111-1111-111111111111",
            "provisioningState": "Succeeded",
            "resourceGroupId": "/subscriptions/62e47139-66d0-4b0b-a000-1e8a412890c1/resourceGroups/fake-proj-fake-environment",
            "catalogName": "fake-catalog",
            "environmentDefinitionName": "fake-sandbox"
          }
        ]
      }
    },
    {
      "RequestUri": "https://Sanitized.centraluseuap.devcenter.azure.com/projects/fake-proj/users/me/environments/fake-environment?api-version=2023-04-01",
      "RequestMethod": "DELETE",
      "RequestHeaders": {
        "Accept": "application/json",
        "Accept-Encoding": "gzip, deflate",
        "Content-Length": "0",
        "User-Agent": "azsdk-python-developer-devcenter/1.0.0 Python/3.12.3 (Windows-11-10.0.22631-SP0)"
      },
      "RequestBody": null,
      "StatusCode": 202,
      "ResponseHeaders": {
        "Access-Control-Allow-Origin": "*",
        "Access-Control-Expose-Headers": "Location,Operation-Location,x-ms-correlation-request-id,x-ms-client-request-id",
        "Access-Control-Max-Age": "86400",
        "Connection": "keep-alive",
        "Content-Length": "194",
        "Content-Type": "application/json; charset=utf-8",
        "Date": "Wed, 15 May 2024 00:09:15 GMT",
        "Location": "https://dddd3333-d3d3-3333-d3d3-dddddd333333-fake-dev-center.location.devcenter.azure.com/projects/fake-proj/operationstatuses/329771d6-4e61-483b-8576-5eb724bc5707?api-version=2023-04-01&monitor=true",
        "Operation-Location": "https://dddd3333-d3d3-3333-d3d3-dddddd333333-fake-dev-center.location.devcenter.azure.com/projects/fake-proj/operationstatuses/329771d6-4e61-483b-8576-5eb724bc5707?api-version=2023-04-01",
        "Strict-Transport-Security": "max-age=15724800; includeSubDomains",
        "x-ms-correlation-request-id": "e342acfc-8fd7-4d77-9f35-d7af3f481b54",
        "X-Rate-Limit-Limit": "1m",
        "X-Rate-Limit-Remaining": "297",
        "X-Rate-Limit-Reset": "2024-05-15T00:09:43.4267531Z"
      },
      "ResponseBody": {
        "id": "Sanitized",
        "name": "329771d6-4e61-483b-8576-5eb724bc5707",
        "status": "NotStarted",
        "resourceId": "/projects/fake-proj/users/11111111-1111-1111-1111-111111111111/environments/fake-environment"
      }
    },
    {
      "RequestUri": "https://Sanitized.centraluseuap.devcenter.azure.com/projects/fake-proj/operationstatuses/329771d6-4e61-483b-8576-5eb724bc5707?api-version=2023-04-01",
      "RequestMethod": "GET",
      "RequestHeaders": {
        "Accept": "*/*",
        "Accept-Encoding": "gzip, deflate",
        "User-Agent": "azsdk-python-developer-devcenter/1.0.0 Python/3.12.3 (Windows-11-10.0.22631-SP0)"
      },
      "RequestBody": null,
      "StatusCode": 200,
      "ResponseHeaders": {
        "Access-Control-Allow-Origin": "*",
        "Access-Control-Expose-Headers": "Location,Operation-Location,x-ms-correlation-request-id,x-ms-client-request-id",
        "Access-Control-Max-Age": "86400",
        "Connection": "keep-alive",
        "Content-Length": "131",
        "Content-Type": "application/json; charset=utf-8",
        "Date": "Wed, 15 May 2024 00:09:15 GMT",
        "Location": "https://dddd3333-d3d3-3333-d3d3-dddddd333333-fake-dev-center.location.devcenter.azure.com/projects/fake-proj/operationstatuses/329771d6-4e61-483b-8576-5eb724bc5707?api-version=2023-04-01&monitor=true",
        "Operation-Location": "https://dddd3333-d3d3-3333-d3d3-dddddd333333-fake-dev-center.location.devcenter.azure.com/projects/fake-proj/operationstatuses/329771d6-4e61-483b-8576-5eb724bc5707?api-version=2023-04-01",
        "Retry-After": "30",
        "Strict-Transport-Security": "max-age=15724800; includeSubDomains",
        "x-ms-correlation-request-id": "f12e25a9-4cea-482e-9014-91daba1765f1",
        "X-Rate-Limit-Limit": "1m",
        "X-Rate-Limit-Remaining": "297",
        "X-Rate-Limit-Reset": "2024-05-15T00:10:13.5606473Z"
      },
      "ResponseBody": {
        "id": "Sanitized",
        "name": "329771d6-4e61-483b-8576-5eb724bc5707",
        "status": "Running",
        "startTime": "2024-05-15T00:09:15.0952471+00:00"
      }
    },
    {
      "RequestUri": "https://Sanitized.centraluseuap.devcenter.azure.com/projects/fake-proj/operationstatuses/329771d6-4e61-483b-8576-5eb724bc5707?api-version=2023-04-01",
      "RequestMethod": "GET",
      "RequestHeaders": {
        "Accept": "*/*",
        "Accept-Encoding": "gzip, deflate",
        "User-Agent": "azsdk-python-developer-devcenter/1.0.0 Python/3.12.3 (Windows-11-10.0.22631-SP0)"
      },
      "RequestBody": null,
      "StatusCode": 200,
      "ResponseHeaders": {
        "Access-Control-Allow-Origin": "*",
        "Access-Control-Expose-Headers": "Location,Operation-Location,x-ms-correlation-request-id,x-ms-client-request-id",
        "Access-Control-Max-Age": "86400",
        "Connection": "keep-alive",
        "Content-Length": "131",
        "Content-Type": "application/json; charset=utf-8",
        "Date": "Wed, 15 May 2024 00:09:45 GMT",
        "Location": "https://dddd3333-d3d3-3333-d3d3-dddddd333333-fake-dev-center.location.devcenter.azure.com/projects/fake-proj/operationstatuses/329771d6-4e61-483b-8576-5eb724bc5707?api-version=2023-04-01&monitor=true",
        "Operation-Location": "https://dddd3333-d3d3-3333-d3d3-dddddd333333-fake-dev-center.location.devcenter.azure.com/projects/fake-proj/operationstatuses/329771d6-4e61-483b-8576-5eb724bc5707?api-version=2023-04-01",
        "Retry-After": "30",
        "Strict-Transport-Security": "max-age=15724800; includeSubDomains",
        "x-ms-correlation-request-id": "17a2225e-4820-4953-a865-3aec7e66b816",
        "X-Rate-Limit-Limit": "1m",
        "X-Rate-Limit-Remaining": "297",
        "X-Rate-Limit-Reset": "2024-05-15T00:10:13.9840414Z"
      },
      "ResponseBody": {
        "id": "Sanitized",
        "name": "329771d6-4e61-483b-8576-5eb724bc5707",
        "status": "Running",
        "startTime": "2024-05-15T00:09:15.0952471+00:00"
      }
    },
    {
      "RequestUri": "https://Sanitized.centraluseuap.devcenter.azure.com/projects/fake-proj/operationstatuses/329771d6-4e61-483b-8576-5eb724bc5707?api-version=2023-04-01",
      "RequestMethod": "GET",
      "RequestHeaders": {
        "Accept": "*/*",
        "Accept-Encoding": "gzip, deflate",
        "User-Agent": "azsdk-python-developer-devcenter/1.0.0 Python/3.12.3 (Windows-11-10.0.22631-SP0)"
      },
      "RequestBody": null,
      "StatusCode": 200,
      "ResponseHeaders": {
        "Access-Control-Allow-Origin": "*",
        "Access-Control-Expose-Headers": "Location,Operation-Location,x-ms-correlation-request-id,x-ms-client-request-id",
        "Access-Control-Max-Age": "86400",
        "Connection": "keep-alive",
        "Content-Length": "131",
        "Content-Type": "application/json; charset=utf-8",
        "Date": "Wed, 15 May 2024 00:10:15 GMT",
        "Location": "https://dddd3333-d3d3-3333-d3d3-dddddd333333-fake-dev-center.location.devcenter.azure.com/projects/fake-proj/operationstatuses/329771d6-4e61-483b-8576-5eb724bc5707?api-version=2023-04-01&monitor=true",
        "Operation-Location": "https://dddd3333-d3d3-3333-d3d3-dddddd333333-fake-dev-center.location.devcenter.azure.com/projects/fake-proj/operationstatuses/329771d6-4e61-483b-8576-5eb724bc5707?api-version=2023-04-01",
        "Retry-After": "30",
        "Strict-Transport-Security": "max-age=15724800; includeSubDomains",
        "x-ms-correlation-request-id": "1c969e02-efb6-4787-bb68-6d330fbda3fe",
        "X-Rate-Limit-Limit": "1m",
        "X-Rate-Limit-Remaining": "299",
        "X-Rate-Limit-Reset": "2024-05-15T00:11:15.5418460Z"
      },
      "ResponseBody": {
        "id": "Sanitized",
        "name": "329771d6-4e61-483b-8576-5eb724bc5707",
        "status": "Running",
        "startTime": "2024-05-15T00:09:15.0952471+00:00"
      }
    },
    {
      "RequestUri": "https://Sanitized.centraluseuap.devcenter.azure.com/projects/fake-proj/operationstatuses/329771d6-4e61-483b-8576-5eb724bc5707?api-version=2023-04-01",
      "RequestMethod": "GET",
      "RequestHeaders": {
        "Accept": "*/*",
        "Accept-Encoding": "gzip, deflate",
        "User-Agent": "azsdk-python-developer-devcenter/1.0.0 Python/3.12.3 (Windows-11-10.0.22631-SP0)"
      },
      "RequestBody": null,
      "StatusCode": 200,
      "ResponseHeaders": {
        "Access-Control-Allow-Origin": "*",
        "Access-Control-Expose-Headers": "Location,Operation-Location,x-ms-correlation-request-id,x-ms-client-request-id",
        "Access-Control-Max-Age": "86400",
        "Connection": "keep-alive",
        "Content-Length": "131",
        "Content-Type": "application/json; charset=utf-8",
        "Date": "Wed, 15 May 2024 00:10:45 GMT",
        "Location": "https://dddd3333-d3d3-3333-d3d3-dddddd333333-fake-dev-center.location.devcenter.azure.com/projects/fake-proj/operationstatuses/329771d6-4e61-483b-8576-5eb724bc5707?api-version=2023-04-01&monitor=true",
        "Operation-Location": "https://dddd3333-d3d3-3333-d3d3-dddddd333333-fake-dev-center.location.devcenter.azure.com/projects/fake-proj/operationstatuses/329771d6-4e61-483b-8576-5eb724bc5707?api-version=2023-04-01",
        "Retry-After": "30",
        "Strict-Transport-Security": "max-age=15724800; includeSubDomains",
        "x-ms-correlation-request-id": "8c0ec64f-7a83-4f79-82c3-8c2e71f8641a",
        "X-Rate-Limit-Limit": "1m",
        "X-Rate-Limit-Remaining": "299",
        "X-Rate-Limit-Reset": "2024-05-15T00:11:45.6686409Z"
      },
      "ResponseBody": {
        "id": "Sanitized",
        "name": "329771d6-4e61-483b-8576-5eb724bc5707",
        "status": "Running",
        "startTime": "2024-05-15T00:09:15.0952471+00:00"
      }
    },
    {
      "RequestUri": "https://Sanitized.centraluseuap.devcenter.azure.com/projects/fake-proj/operationstatuses/329771d6-4e61-483b-8576-5eb724bc5707?api-version=2023-04-01",
      "RequestMethod": "GET",
      "RequestHeaders": {
        "Accept": "*/*",
        "Accept-Encoding": "gzip, deflate",
        "User-Agent": "azsdk-python-developer-devcenter/1.0.0 Python/3.12.3 (Windows-11-10.0.22631-SP0)"
      },
      "RequestBody": null,
      "StatusCode": 200,
      "ResponseHeaders": {
        "Access-Control-Allow-Origin": "*",
        "Access-Control-Expose-Headers": "Location,Operation-Location,x-ms-correlation-request-id,x-ms-client-request-id",
        "Access-Control-Max-Age": "86400",
        "Connection": "keep-alive",
        "Content-Length": "131",
        "Content-Type": "application/json; charset=utf-8",
        "Date": "Wed, 15 May 2024 00:11:15 GMT",
        "Location": "https://dddd3333-d3d3-3333-d3d3-dddddd333333-fake-dev-center.location.devcenter.azure.com/projects/fake-proj/operationstatuses/329771d6-4e61-483b-8576-5eb724bc5707?api-version=2023-04-01&monitor=true",
        "Operation-Location": "https://dddd3333-d3d3-3333-d3d3-dddddd333333-fake-dev-center.location.devcenter.azure.com/projects/fake-proj/operationstatuses/329771d6-4e61-483b-8576-5eb724bc5707?api-version=2023-04-01",
        "Retry-After": "30",
        "Strict-Transport-Security": "max-age=15724800; includeSubDomains",
        "x-ms-correlation-request-id": "63beeb71-1650-441d-922a-ed8a4ce8456f",
        "X-Rate-Limit-Limit": "1m",
        "X-Rate-Limit-Remaining": "299",
        "X-Rate-Limit-Reset": "2024-05-15T00:12:15.8228450Z"
      },
      "ResponseBody": {
        "id": "Sanitized",
        "name": "329771d6-4e61-483b-8576-5eb724bc5707",
        "status": "Running",
        "startTime": "2024-05-15T00:09:15.0952471+00:00"
      }
    },
    {
      "RequestUri": "https://Sanitized.centraluseuap.devcenter.azure.com/projects/fake-proj/operationstatuses/329771d6-4e61-483b-8576-5eb724bc5707?api-version=2023-04-01",
      "RequestMethod": "GET",
      "RequestHeaders": {
        "Accept": "*/*",
        "Accept-Encoding": "gzip, deflate",
        "User-Agent": "azsdk-python-developer-devcenter/1.0.0 Python/3.12.3 (Windows-11-10.0.22631-SP0)"
      },
      "RequestBody": null,
      "StatusCode": 200,
      "ResponseHeaders": {
        "Access-Control-Allow-Origin": "*",
        "Access-Control-Expose-Headers": "Location,Operation-Location,x-ms-correlation-request-id,x-ms-client-request-id",
        "Access-Control-Max-Age": "86400",
        "Connection": "keep-alive",
        "Content-Length": "131",
        "Content-Type": "application/json; charset=utf-8",
        "Date": "Wed, 15 May 2024 00:11:45 GMT",
        "Location": "https://dddd3333-d3d3-3333-d3d3-dddddd333333-fake-dev-center.location.devcenter.azure.com/projects/fake-proj/operationstatuses/329771d6-4e61-483b-8576-5eb724bc5707?api-version=2023-04-01&monitor=true",
        "Operation-Location": "https://dddd3333-d3d3-3333-d3d3-dddddd333333-fake-dev-center.location.devcenter.azure.com/projects/fake-proj/operationstatuses/329771d6-4e61-483b-8576-5eb724bc5707?api-version=2023-04-01",
        "Retry-After": "30",
        "Strict-Transport-Security": "max-age=15724800; includeSubDomains",
        "x-ms-correlation-request-id": "98866335-fe0f-4c3c-a508-017c7826322f",
        "X-Rate-Limit-Limit": "1m",
        "X-Rate-Limit-Remaining": "299",
        "X-Rate-Limit-Reset": "2024-05-15T00:12:45.9577642Z"
      },
      "ResponseBody": {
        "id": "Sanitized",
        "name": "329771d6-4e61-483b-8576-5eb724bc5707",
        "status": "Running",
        "startTime": "2024-05-15T00:09:15.0952471+00:00"
      }
    },
    {
      "RequestUri": "https://Sanitized.centraluseuap.devcenter.azure.com/projects/fake-proj/operationstatuses/329771d6-4e61-483b-8576-5eb724bc5707?api-version=2023-04-01",
      "RequestMethod": "GET",
      "RequestHeaders": {
        "Accept": "*/*",
        "Accept-Encoding": "gzip, deflate",
        "User-Agent": "azsdk-python-developer-devcenter/1.0.0 Python/3.12.3 (Windows-11-10.0.22631-SP0)"
      },
      "RequestBody": null,
      "StatusCode": 200,
      "ResponseHeaders": {
        "Access-Control-Allow-Origin": "*",
        "Access-Control-Expose-Headers": "Location,Operation-Location,x-ms-correlation-request-id,x-ms-client-request-id",
        "Access-Control-Max-Age": "86400",
        "Connection": "keep-alive",
        "Content-Length": "131",
        "Content-Type": "application/json; charset=utf-8",
        "Date": "Wed, 15 May 2024 00:12:16 GMT",
        "Location": "https://dddd3333-d3d3-3333-d3d3-dddddd333333-fake-dev-center.location.devcenter.azure.com/projects/fake-proj/operationstatuses/329771d6-4e61-483b-8576-5eb724bc5707?api-version=2023-04-01&monitor=true",
        "Operation-Location": "https://dddd3333-d3d3-3333-d3d3-dddddd333333-fake-dev-center.location.devcenter.azure.com/projects/fake-proj/operationstatuses/329771d6-4e61-483b-8576-5eb724bc5707?api-version=2023-04-01",
        "Retry-After": "30",
        "Strict-Transport-Security": "max-age=15724800; includeSubDomains",
        "x-ms-correlation-request-id": "690a4130-05ba-4d9c-8019-e3c837f343bc",
        "X-Rate-Limit-Limit": "1m",
        "X-Rate-Limit-Remaining": "299",
        "X-Rate-Limit-Reset": "2024-05-15T00:13:16.3061455Z"
      },
      "ResponseBody": {
        "id": "Sanitized",
        "name": "329771d6-4e61-483b-8576-5eb724bc5707",
        "status": "Running",
        "startTime": "2024-05-15T00:09:15.0952471+00:00"
      }
    },
    {
      "RequestUri": "https://Sanitized.centraluseuap.devcenter.azure.com/projects/fake-proj/operationstatuses/329771d6-4e61-483b-8576-5eb724bc5707?api-version=2023-04-01",
      "RequestMethod": "GET",
      "RequestHeaders": {
        "Accept": "*/*",
        "Accept-Encoding": "gzip, deflate",
        "User-Agent": "azsdk-python-developer-devcenter/1.0.0 Python/3.12.3 (Windows-11-10.0.22631-SP0)"
      },
      "RequestBody": null,
      "StatusCode": 200,
      "ResponseHeaders": {
        "Access-Control-Allow-Origin": "*",
        "Access-Control-Expose-Headers": "Location,Operation-Location,x-ms-correlation-request-id,x-ms-client-request-id",
        "Access-Control-Max-Age": "86400",
        "Connection": "keep-alive",
        "Content-Length": "131",
        "Content-Type": "application/json; charset=utf-8",
        "Date": "Wed, 15 May 2024 00:12:46 GMT",
        "Location": "https://dddd3333-d3d3-3333-d3d3-dddddd333333-fake-dev-center.location.devcenter.azure.com/projects/fake-proj/operationstatuses/329771d6-4e61-483b-8576-5eb724bc5707?api-version=2023-04-01&monitor=true",
        "Operation-Location": "https://dddd3333-d3d3-3333-d3d3-dddddd333333-fake-dev-center.location.devcenter.azure.com/projects/fake-proj/operationstatuses/329771d6-4e61-483b-8576-5eb724bc5707?api-version=2023-04-01",
        "Retry-After": "30",
        "Strict-Transport-Security": "max-age=15724800; includeSubDomains",
        "x-ms-correlation-request-id": "89a2980f-44a6-476b-a361-62fdca53e1a7",
        "X-Rate-Limit-Limit": "1m",
        "X-Rate-Limit-Remaining": "299",
        "X-Rate-Limit-Reset": "2024-05-15T00:13:46.4537142Z"
      },
      "ResponseBody": {
        "id": "Sanitized",
        "name": "329771d6-4e61-483b-8576-5eb724bc5707",
        "status": "Running",
        "startTime": "2024-05-15T00:09:15.0952471+00:00"
      }
    },
    {
      "RequestUri": "https://Sanitized.centraluseuap.devcenter.azure.com/projects/fake-proj/operationstatuses/329771d6-4e61-483b-8576-5eb724bc5707?api-version=2023-04-01",
      "RequestMethod": "GET",
      "RequestHeaders": {
        "Accept": "*/*",
        "Accept-Encoding": "gzip, deflate",
        "User-Agent": "azsdk-python-developer-devcenter/1.0.0 Python/3.12.3 (Windows-11-10.0.22631-SP0)"
      },
      "RequestBody": null,
      "StatusCode": 200,
      "ResponseHeaders": {
        "Access-Control-Allow-Origin": "*",
        "Access-Control-Expose-Headers": "Location,Operation-Location,x-ms-correlation-request-id,x-ms-client-request-id",
        "Access-Control-Max-Age": "86400",
        "Connection": "keep-alive",
        "Content-Encoding": "gzip",
        "Content-Type": "application/json; charset=utf-8",
        "Date": "Wed, 15 May 2024 00:13:16 GMT",
        "Location": "https://dddd3333-d3d3-3333-d3d3-dddddd333333-fake-dev-center.location.devcenter.azure.com/projects/fake-proj/operationstatuses/329771d6-4e61-483b-8576-5eb724bc5707?api-version=2023-04-01&monitor=true",
        "Operation-Location": "https://dddd3333-d3d3-3333-d3d3-dddddd333333-fake-dev-center.location.devcenter.azure.com/projects/fake-proj/operationstatuses/329771d6-4e61-483b-8576-5eb724bc5707?api-version=2023-04-01",
        "Retry-After": "30",
        "Strict-Transport-Security": "max-age=15724800; includeSubDomains",
        "Transfer-Encoding": "chunked",
        "x-ms-correlation-request-id": "c43828af-1c0f-4c9c-9b4f-70b9685976e6",
        "X-Rate-Limit-Limit": "1m",
        "X-Rate-Limit-Remaining": "299",
        "X-Rate-Limit-Reset": "2024-05-15T00:14:16.5812114Z"
      },
      "ResponseBody": {
        "id": "Sanitized",
        "name": "329771d6-4e61-483b-8576-5eb724bc5707",
        "status": "Succeeded",
        "startTime": "2024-05-15T00:09:15.0952471+00:00",
        "endTime": "2024-05-15T00:12:56.2068804+00:00"
      }
    }
  ],
  "Variables": {}
}
