{
  "Entries": [
    {
      "RequestUri": "https://dotnotsdkbatchaccount1.eastus.batch.azure.com/pools?api-version=2024-02-01.19.0",
      "RequestMethod": "GET",
      "RequestHeaders": {
        "Accept": "application/json",
        "Authorization": "Sanitized",
        "client-request-id": "Sanitized",
        "return-client-request-id": "true",
        "traceparent": "00-e43cf6719ec028a6c78c7bd89d18470b-beb927fd65b495c2-00",
        "User-Agent": "azsdk-net-Compute.Batch/1.0.0-alpha.20240606.1 (.NET 7.0.19; Microsoft Windows 10.0.22631)",
        "x-ms-client-request-id": "Sanitized",
        "x-ms-return-client-request-id": "true"
      },
      "RequestBody": null,
      "StatusCode": 200,
      "ResponseHeaders": {
        "client-request-id": "Sanitized",
        "Content-Type": "application/json; odata=minimalmetadata",
        "DataServiceVersion": "3.0",
        "Date": "Thu, 06 Jun 2024 23:09:43 GMT",
        "request-id": "1d214df5-b45f-412c-acf5-1c2a3d4d85a6",
        "Server": "Microsoft-HTTPAPI/2.0",
        "Strict-Transport-Security": "max-age=31536000; includeSubDomains",
        "Transfer-Encoding": "chunked",
        "X-Content-Type-Options": "nosniff"
      },
      "ResponseBody": {
        "odata.metadata": "https://dotnotsdkbatchaccount1.eastus.batch.azure.com/$metadata#pools",
        "value": [
          {
            "id": "pool1",
            "url": "https://dotnotsdkbatchaccount1.eastus.batch.azure.com/pools/pool1",
            "eTag": "0x8DC54FB214AAA2A",
            "lastModified": "2024-04-04T23:01:15.1833642Z",
            "creationTime": "2024-03-29T23:26:40.140628Z",
            "state": "active",
            "stateTransitionTime": "2024-03-29T23:26:40.140628Z",
            "allocationState": "steady",
            "allocationStateTransitionTime": "2024-04-04T23:03:34.1091773Z",
            "vmSize": "standard_d2s_v3",
            "resizeTimeout": "PT15M",
            "currentDedicatedNodes": 0,
            "targetDedicatedNodes": 0,
            "currentLowPriorityNodes": 0,
            "targetLowPriorityNodes": 0,
            "enableAutoScale": false,
            "enableInterNodeCommunication": false,
            "taskSlotsPerNode": 1,
            "taskSchedulingPolicy": {
              "nodeFillType": "Pack"
            },
            "virtualMachineConfiguration": {
              "imageReference": {
                "publisher": "canonical",
                "offer": "0001-com-ubuntu-server-jammy",
                "sku": "22_04-lts",
                "version": "latest"
              },
              "osDisk": {
                "ephemeralOSDiskSettings": {},
                "managedDisk": {
                  "storageAccountType": "premium_lrs"
                },
                "caching": "None"
              },
              "nodeAgentSKUId": "batch.node.ubuntu 22.04",
              "nodePlacementConfiguration": {
                "policy": "Regional"
              }
            },
            "networkConfiguration": {
              "dynamicVNetAssignmentScope": "none",
              "publicIPAddressConfiguration": {
                "provision": "BatchManaged"
              },
              "enableAcceleratedNetworking": false
            },
            "targetNodeCommunicationMode": "default"
          }
        ]
      }
    },
    {
      "RequestUri": "https://dotnotsdkbatchaccount1.eastus.batch.azure.com/pools?api-version=2024-02-01.19.0",
      "RequestMethod": "POST",
      "RequestHeaders": {
        "Accept": "application/json",
        "Authorization": "Sanitized",
        "client-request-id": "Sanitized",
        "Content-Length": "279",
        "Content-Type": "application/json; odata=minimalmetadata",
        "return-client-request-id": "true",
        "traceparent": "00-aa4226bd332afeb093c6aaf1b2137a1d-22defd65b0fdc51c-00",
        "User-Agent": "azsdk-net-Compute.Batch/1.0.0-alpha.20240606.1 (.NET 7.0.19; Microsoft Windows 10.0.22631)",
        "x-ms-client-request-id": "Sanitized",
        "x-ms-return-client-request-id": "true"
      },
      "RequestBody": {
        "id": "Scheduling",
        "vmSize": "STANDARD_D1_v2",
        "virtualMachineConfiguration": {
          "imageReference": {
            "publisher": "MicrosoftWindowsServer",
            "offer": "WindowsServer",
            "sku": "2019-datacenter-smalldisk",
            "version": "latest"
          },
          "nodeAgentSKUId": "batch.node.windows amd64"
        },
        "targetDedicatedNodes": 1
      },
      "StatusCode": 201,
      "ResponseHeaders": {
        "client-request-id": "Sanitized",
        "DataServiceId": "https://dotnotsdkbatchaccount1.eastus.batch.azure.com/pools/Scheduling",
        "DataServiceVersion": "3.0",
        "Date": "Thu, 06 Jun 2024 23:09:44 GMT",
        "ETag": "0x8DC867DC1368944",
        "Last-Modified": "Thu, 06 Jun 2024 23:09:45 GMT",
        "Location": "https://dotnotsdkbatchaccount1.eastus.batch.azure.com/pools/Scheduling",
        "request-id": "36c20d57-54ba-424f-920c-0bb587a30e61",
        "Server": "Microsoft-HTTPAPI/2.0",
        "Strict-Transport-Security": "max-age=31536000; includeSubDomains",
        "Transfer-Encoding": "chunked",
        "X-Content-Type-Options": "nosniff"
      },
      "ResponseBody": null
    },
    {
      "RequestUri": "https://dotnotsdkbatchaccount1.eastus.batch.azure.com/pools/Scheduling?api-version=2024-02-01.19.0",
      "RequestMethod": "GET",
      "RequestHeaders": {
        "Accept": "application/json",
        "Authorization": "Sanitized",
        "client-request-id": "Sanitized",
        "return-client-request-id": "true",
        "traceparent": "00-e75ca7114562149a966dd2dde9f5fe25-c2948ceaf38c0b3c-00",
        "User-Agent": "azsdk-net-Compute.Batch/1.0.0-alpha.20240606.1 (.NET 7.0.19; Microsoft Windows 10.0.22631)",
        "x-ms-client-request-id": "Sanitized",
        "x-ms-return-client-request-id": "true"
      },
      "RequestBody": null,
      "StatusCode": 200,
      "ResponseHeaders": {
        "client-request-id": "Sanitized",
        "Content-Type": "application/json; odata=minimalmetadata",
        "DataServiceVersion": "3.0",
        "Date": "Thu, 06 Jun 2024 23:09:44 GMT",
        "ETag": "0x8DC867DC1368944",
        "Last-Modified": "Thu, 06 Jun 2024 23:09:45 GMT",
        "request-id": "627613ff-b42d-4ca0-a8f4-656f389c80e0",
        "Server": "Microsoft-HTTPAPI/2.0",
        "Strict-Transport-Security": "max-age=31536000; includeSubDomains",
        "Transfer-Encoding": "chunked",
        "X-Content-Type-Options": "nosniff"
      },
      "ResponseBody": {
        "odata.metadata": "https://dotnotsdkbatchaccount1.eastus.batch.azure.com/$metadata#pools/@Element",
        "id": "Scheduling",
        "url": "https://dotnotsdkbatchaccount1.eastus.batch.azure.com/pools/Scheduling",
        "eTag": "0x8DC867DC1368944",
        "lastModified": "2024-06-06T23:09:45.0378564Z",
        "creationTime": "2024-06-06T23:09:45.0378551Z",
        "state": "active",
        "stateTransitionTime": "2024-06-06T23:09:45.0378551Z",
        "allocationState": "resizing",
        "allocationStateTransitionTime": "2024-06-06T23:09:45.0378564Z",
        "vmSize": "standard_d1_v2",
        "resizeTimeout": "PT15M",
        "currentDedicatedNodes": 0,
        "targetDedicatedNodes": 1,
        "currentLowPriorityNodes": 0,
        "targetLowPriorityNodes": 0,
        "enableAutoScale": false,
        "enableInterNodeCommunication": false,
        "certificateReferences": [],
        "taskSlotsPerNode": 1,
        "taskSchedulingPolicy": {
          "nodeFillType": "Spread"
        },
        "virtualMachineConfiguration": {
          "imageReference": {
            "publisher": "MicrosoftWindowsServer",
            "offer": "WindowsServer",
            "sku": "2019-datacenter-smalldisk",
            "version": "latest"
          },
          "nodeAgentSKUId": "batch.node.windows amd64"
        }
      }
    },
    {
      "RequestUri": "https://dotnotsdkbatchaccount1.eastus.batch.azure.com/pools/Scheduling?api-version=2024-02-01.19.0",
      "RequestMethod": "GET",
      "RequestHeaders": {
        "Accept": "application/json",
        "Authorization": "Sanitized",
        "client-request-id": "Sanitized",
        "return-client-request-id": "true",
        "traceparent": "00-748b019233425083d770709afa28ab9e-14b060ec1e8dd508-00",
        "User-Agent": "azsdk-net-Compute.Batch/1.0.0-alpha.20240606.1 (.NET 7.0.19; Microsoft Windows 10.0.22631)",
        "x-ms-client-request-id": "Sanitized",
        "x-ms-return-client-request-id": "true"
      },
      "RequestBody": null,
      "StatusCode": 200,
      "ResponseHeaders": {
        "client-request-id": "Sanitized",
        "Content-Type": "application/json; odata=minimalmetadata",
        "DataServiceVersion": "3.0",
        "Date": "Thu, 06 Jun 2024 23:09:44 GMT",
        "ETag": "0x8DC867DC1368944",
        "Last-Modified": "Thu, 06 Jun 2024 23:09:45 GMT",
        "request-id": "d0ece43b-1725-4d58-a6dd-b48e2b3a78f6",
        "Server": "Microsoft-HTTPAPI/2.0",
        "Strict-Transport-Security": "max-age=31536000; includeSubDomains",
        "Transfer-Encoding": "chunked",
        "X-Content-Type-Options": "nosniff"
      },
      "ResponseBody": {
        "odata.metadata": "https://dotnotsdkbatchaccount1.eastus.batch.azure.com/$metadata#pools/@Element",
        "id": "Scheduling",
        "url": "https://dotnotsdkbatchaccount1.eastus.batch.azure.com/pools/Scheduling",
        "eTag": "0x8DC867DC1368944",
        "lastModified": "2024-06-06T23:09:45.0378564Z",
        "creationTime": "2024-06-06T23:09:45.0378551Z",
        "state": "active",
        "stateTransitionTime": "2024-06-06T23:09:45.0378551Z",
        "allocationState": "resizing",
        "allocationStateTransitionTime": "2024-06-06T23:09:45.0378564Z",
        "vmSize": "standard_d1_v2",
        "resizeTimeout": "PT15M",
        "currentDedicatedNodes": 0,
        "targetDedicatedNodes": 1,
        "currentLowPriorityNodes": 0,
        "targetLowPriorityNodes": 0,
        "enableAutoScale": false,
        "enableInterNodeCommunication": false,
        "certificateReferences": [],
        "taskSlotsPerNode": 1,
        "taskSchedulingPolicy": {
          "nodeFillType": "Spread"
        },
        "virtualMachineConfiguration": {
          "imageReference": {
            "publisher": "MicrosoftWindowsServer",
            "offer": "WindowsServer",
            "sku": "2019-datacenter-smalldisk",
            "version": "latest"
          },
          "nodeAgentSKUId": "batch.node.windows amd64"
        }
      }
    },
    {
      "RequestUri": "https://dotnotsdkbatchaccount1.eastus.batch.azure.com/pools/Scheduling?api-version=2024-02-01.19.0",
      "RequestMethod": "GET",
      "RequestHeaders": {
        "Accept": "application/json",
        "Authorization": "Sanitized",
        "client-request-id": "Sanitized",
        "return-client-request-id": "true",
        "traceparent": "00-277093b1a2e068f193fdd2e720632eb4-2abfd96ac7683663-00",
        "User-Agent": "azsdk-net-Compute.Batch/1.0.0-alpha.20240606.1 (.NET 7.0.19; Microsoft Windows 10.0.22631)",
        "x-ms-client-request-id": "Sanitized",
        "x-ms-return-client-request-id": "true"
      },
      "RequestBody": null,
      "StatusCode": 200,
      "ResponseHeaders": {
        "client-request-id": "Sanitized",
        "Content-Type": "application/json; odata=minimalmetadata",
        "DataServiceVersion": "3.0",
        "Date": "Thu, 06 Jun 2024 23:09:55 GMT",
        "ETag": "0x8DC867DC1368944",
        "Last-Modified": "Thu, 06 Jun 2024 23:09:45 GMT",
        "request-id": "a3ca57b8-e596-41d7-b1bd-8a4486d83658",
        "Server": "Microsoft-HTTPAPI/2.0",
        "Strict-Transport-Security": "max-age=31536000; includeSubDomains",
        "Transfer-Encoding": "chunked",
        "X-Content-Type-Options": "nosniff"
      },
      "ResponseBody": {
        "odata.metadata": "https://dotnotsdkbatchaccount1.eastus.batch.azure.com/$metadata#pools/@Element",
        "id": "Scheduling",
        "url": "https://dotnotsdkbatchaccount1.eastus.batch.azure.com/pools/Scheduling",
        "eTag": "0x8DC867DC1368944",
        "lastModified": "2024-06-06T23:09:45.0378564Z",
        "creationTime": "2024-06-06T23:09:45.0378551Z",
        "state": "active",
        "stateTransitionTime": "2024-06-06T23:09:45.0378551Z",
        "allocationState": "resizing",
        "allocationStateTransitionTime": "2024-06-06T23:09:45.0378564Z",
        "vmSize": "standard_d1_v2",
        "resizeTimeout": "PT15M",
        "currentDedicatedNodes": 0,
        "targetDedicatedNodes": 1,
        "currentLowPriorityNodes": 0,
        "targetLowPriorityNodes": 0,
        "enableAutoScale": false,
        "enableInterNodeCommunication": false,
        "certificateReferences": [],
        "taskSlotsPerNode": 1,
        "taskSchedulingPolicy": {
          "nodeFillType": "Spread"
        },
        "virtualMachineConfiguration": {
          "imageReference": {
            "publisher": "MicrosoftWindowsServer",
            "offer": "WindowsServer",
            "sku": "2019-datacenter-smalldisk",
            "version": "latest"
          },
          "nodeAgentSKUId": "batch.node.windows amd64"
        }
      }
    },
    {
      "RequestUri": "https://dotnotsdkbatchaccount1.eastus.batch.azure.com/pools/Scheduling?api-version=2024-02-01.19.0",
      "RequestMethod": "GET",
      "RequestHeaders": {
        "Accept": "application/json",
        "Authorization": "Sanitized",
        "client-request-id": "Sanitized",
        "return-client-request-id": "true",
        "traceparent": "00-3625e4a1246f1a220f39d772d33af5be-e637858381027498-00",
        "User-Agent": "azsdk-net-Compute.Batch/1.0.0-alpha.20240606.1 (.NET 7.0.19; Microsoft Windows 10.0.22631)",
        "x-ms-client-request-id": "Sanitized",
        "x-ms-return-client-request-id": "true"
      },
      "RequestBody": null,
      "StatusCode": 200,
      "ResponseHeaders": {
        "client-request-id": "Sanitized",
        "Content-Type": "application/json; odata=minimalmetadata",
        "DataServiceVersion": "3.0",
        "Date": "Thu, 06 Jun 2024 23:10:05 GMT",
        "ETag": "0x8DC867DC1368944",
        "Last-Modified": "Thu, 06 Jun 2024 23:09:45 GMT",
        "request-id": "1cb4c8aa-878a-4b24-bff5-9a0c7afbfa0f",
        "Server": "Microsoft-HTTPAPI/2.0",
        "Strict-Transport-Security": "max-age=31536000; includeSubDomains",
        "Transfer-Encoding": "chunked",
        "X-Content-Type-Options": "nosniff"
      },
      "ResponseBody": {
        "odata.metadata": "https://dotnotsdkbatchaccount1.eastus.batch.azure.com/$metadata#pools/@Element",
        "id": "Scheduling",
        "url": "https://dotnotsdkbatchaccount1.eastus.batch.azure.com/pools/Scheduling",
        "eTag": "0x8DC867DC1368944",
        "lastModified": "2024-06-06T23:09:45.0378564Z",
        "creationTime": "2024-06-06T23:09:45.0378551Z",
        "state": "active",
        "stateTransitionTime": "2024-06-06T23:09:45.0378551Z",
        "allocationState": "resizing",
        "allocationStateTransitionTime": "2024-06-06T23:09:45.0378564Z",
        "vmSize": "standard_d1_v2",
        "resizeTimeout": "PT15M",
        "currentDedicatedNodes": 0,
        "targetDedicatedNodes": 1,
        "currentLowPriorityNodes": 0,
        "targetLowPriorityNodes": 0,
        "enableAutoScale": false,
        "enableInterNodeCommunication": false,
        "certificateReferences": [],
        "taskSlotsPerNode": 1,
        "taskSchedulingPolicy": {
          "nodeFillType": "Spread"
        },
        "virtualMachineConfiguration": {
          "imageReference": {
            "publisher": "MicrosoftWindowsServer",
            "offer": "WindowsServer",
            "sku": "2019-datacenter-smalldisk",
            "version": "latest"
          },
          "nodeAgentSKUId": "batch.node.windows amd64"
        }
      }
    },
    {
      "RequestUri": "https://dotnotsdkbatchaccount1.eastus.batch.azure.com/pools/Scheduling?api-version=2024-02-01.19.0",
      "RequestMethod": "GET",
      "RequestHeaders": {
        "Accept": "application/json",
        "Authorization": "Sanitized",
        "client-request-id": "Sanitized",
        "return-client-request-id": "true",
        "traceparent": "00-573e383354e3de5b1c45409bfb02c142-bf7ef6d751c53800-00",
        "User-Agent": "azsdk-net-Compute.Batch/1.0.0-alpha.20240606.1 (.NET 7.0.19; Microsoft Windows 10.0.22631)",
        "x-ms-client-request-id": "Sanitized",
        "x-ms-return-client-request-id": "true"
      },
      "RequestBody": null,
      "StatusCode": 200,
      "ResponseHeaders": {
        "client-request-id": "Sanitized",
        "Content-Type": "application/json; odata=minimalmetadata",
        "DataServiceVersion": "3.0",
        "Date": "Thu, 06 Jun 2024 23:10:15 GMT",
        "ETag": "0x8DC867DC1368944",
        "Last-Modified": "Thu, 06 Jun 2024 23:09:45 GMT",
        "request-id": "077c4c5f-d20b-4e5c-bbb4-0ed512da4668",
        "Server": "Microsoft-HTTPAPI/2.0",
        "Strict-Transport-Security": "max-age=31536000; includeSubDomains",
        "Transfer-Encoding": "chunked",
        "X-Content-Type-Options": "nosniff"
      },
      "ResponseBody": {
        "odata.metadata": "https://dotnotsdkbatchaccount1.eastus.batch.azure.com/$metadata#pools/@Element",
        "id": "Scheduling",
        "url": "https://dotnotsdkbatchaccount1.eastus.batch.azure.com/pools/Scheduling",
        "eTag": "0x8DC867DC1368944",
        "lastModified": "2024-06-06T23:09:45.0378564Z",
        "creationTime": "2024-06-06T23:09:45.0378551Z",
        "state": "active",
        "stateTransitionTime": "2024-06-06T23:09:45.0378551Z",
        "allocationState": "resizing",
        "allocationStateTransitionTime": "2024-06-06T23:09:45.0378564Z",
        "vmSize": "standard_d1_v2",
        "resizeTimeout": "PT15M",
        "currentDedicatedNodes": 0,
        "targetDedicatedNodes": 1,
        "currentLowPriorityNodes": 0,
        "targetLowPriorityNodes": 0,
        "enableAutoScale": false,
        "enableInterNodeCommunication": false,
        "certificateReferences": [],
        "taskSlotsPerNode": 1,
        "taskSchedulingPolicy": {
          "nodeFillType": "Spread"
        },
        "virtualMachineConfiguration": {
          "imageReference": {
            "publisher": "MicrosoftWindowsServer",
            "offer": "WindowsServer",
            "sku": "2019-datacenter-smalldisk",
            "version": "latest"
          },
          "nodeAgentSKUId": "batch.node.windows amd64"
        }
      }
    },
    {
      "RequestUri": "https://dotnotsdkbatchaccount1.eastus.batch.azure.com/pools/Scheduling?api-version=2024-02-01.19.0",
      "RequestMethod": "GET",
      "RequestHeaders": {
        "Accept": "application/json",
        "Authorization": "Sanitized",
        "client-request-id": "Sanitized",
        "return-client-request-id": "true",
        "traceparent": "00-a0d4f8703f8d3a0e6c5a0626bdcb8ee3-0a36437089a8f797-00",
        "User-Agent": "azsdk-net-Compute.Batch/1.0.0-alpha.20240606.1 (.NET 7.0.19; Microsoft Windows 10.0.22631)",
        "x-ms-client-request-id": "Sanitized",
        "x-ms-return-client-request-id": "true"
      },
      "RequestBody": null,
      "StatusCode": 200,
      "ResponseHeaders": {
        "client-request-id": "Sanitized",
        "Content-Type": "application/json; odata=minimalmetadata",
        "DataServiceVersion": "3.0",
        "Date": "Thu, 06 Jun 2024 23:10:25 GMT",
        "ETag": "0x8DC867DC1368944",
        "Last-Modified": "Thu, 06 Jun 2024 23:09:45 GMT",
        "request-id": "2e25c4ea-8c08-40a5-a99a-f252d466e81b",
        "Server": "Microsoft-HTTPAPI/2.0",
        "Strict-Transport-Security": "max-age=31536000; includeSubDomains",
        "Transfer-Encoding": "chunked",
        "X-Content-Type-Options": "nosniff"
      },
      "ResponseBody": {
        "odata.metadata": "https://dotnotsdkbatchaccount1.eastus.batch.azure.com/$metadata#pools/@Element",
        "id": "Scheduling",
        "url": "https://dotnotsdkbatchaccount1.eastus.batch.azure.com/pools/Scheduling",
        "eTag": "0x8DC867DC1368944",
        "lastModified": "2024-06-06T23:09:45.0378564Z",
        "creationTime": "2024-06-06T23:09:45.0378551Z",
        "state": "active",
        "stateTransitionTime": "2024-06-06T23:09:45.0378551Z",
        "allocationState": "resizing",
        "allocationStateTransitionTime": "2024-06-06T23:09:45.0378564Z",
        "vmSize": "standard_d1_v2",
        "resizeTimeout": "PT15M",
        "currentDedicatedNodes": 0,
        "targetDedicatedNodes": 1,
        "currentLowPriorityNodes": 0,
        "targetLowPriorityNodes": 0,
        "enableAutoScale": false,
        "enableInterNodeCommunication": false,
        "certificateReferences": [],
        "taskSlotsPerNode": 1,
        "taskSchedulingPolicy": {
          "nodeFillType": "Spread"
        },
        "virtualMachineConfiguration": {
          "imageReference": {
            "publisher": "MicrosoftWindowsServer",
            "offer": "WindowsServer",
            "sku": "2019-datacenter-smalldisk",
            "version": "latest"
          },
          "nodeAgentSKUId": "batch.node.windows amd64"
        }
      }
    },
    {
      "RequestUri": "https://dotnotsdkbatchaccount1.eastus.batch.azure.com/pools/Scheduling?api-version=2024-02-01.19.0",
      "RequestMethod": "GET",
      "RequestHeaders": {
        "Accept": "application/json",
        "Authorization": "Sanitized",
        "client-request-id": "Sanitized",
        "return-client-request-id": "true",
        "traceparent": "00-db2bfe256d4472b3eccf0456657c8ed6-6f3c504ea5e381c3-00",
        "User-Agent": "azsdk-net-Compute.Batch/1.0.0-alpha.20240606.1 (.NET 7.0.19; Microsoft Windows 10.0.22631)",
        "x-ms-client-request-id": "Sanitized",
        "x-ms-return-client-request-id": "true"
      },
      "RequestBody": null,
      "StatusCode": 200,
      "ResponseHeaders": {
        "client-request-id": "Sanitized",
        "Content-Type": "application/json; odata=minimalmetadata",
        "DataServiceVersion": "3.0",
        "Date": "Thu, 06 Jun 2024 23:10:35 GMT",
        "ETag": "0x8DC867DC1368944",
        "Last-Modified": "Thu, 06 Jun 2024 23:09:45 GMT",
        "request-id": "23c395d5-5936-4ed8-b4b5-80e813ae5cc3",
        "Server": "Microsoft-HTTPAPI/2.0",
        "Strict-Transport-Security": "max-age=31536000; includeSubDomains",
        "Transfer-Encoding": "chunked",
        "X-Content-Type-Options": "nosniff"
      },
      "ResponseBody": {
        "odata.metadata": "https://dotnotsdkbatchaccount1.eastus.batch.azure.com/$metadata#pools/@Element",
        "id": "Scheduling",
        "url": "https://dotnotsdkbatchaccount1.eastus.batch.azure.com/pools/Scheduling",
        "eTag": "0x8DC867DC1368944",
        "lastModified": "2024-06-06T23:09:45.0378564Z",
        "creationTime": "2024-06-06T23:09:45.0378551Z",
        "state": "active",
        "stateTransitionTime": "2024-06-06T23:09:45.0378551Z",
        "allocationState": "resizing",
        "allocationStateTransitionTime": "2024-06-06T23:09:45.0378564Z",
        "vmSize": "standard_d1_v2",
        "resizeTimeout": "PT15M",
        "currentDedicatedNodes": 0,
        "targetDedicatedNodes": 1,
        "currentLowPriorityNodes": 0,
        "targetLowPriorityNodes": 0,
        "enableAutoScale": false,
        "enableInterNodeCommunication": false,
        "certificateReferences": [],
        "taskSlotsPerNode": 1,
        "taskSchedulingPolicy": {
          "nodeFillType": "Spread"
        },
        "virtualMachineConfiguration": {
          "imageReference": {
            "publisher": "MicrosoftWindowsServer",
            "offer": "WindowsServer",
            "sku": "2019-datacenter-smalldisk",
            "version": "latest"
          },
          "nodeAgentSKUId": "batch.node.windows amd64"
        }
      }
    },
    {
      "RequestUri": "https://dotnotsdkbatchaccount1.eastus.batch.azure.com/pools/Scheduling?api-version=2024-02-01.19.0",
      "RequestMethod": "GET",
      "RequestHeaders": {
        "Accept": "application/json",
        "Authorization": "Sanitized",
        "client-request-id": "Sanitized",
        "return-client-request-id": "true",
        "traceparent": "00-6786d4586f5b10ac20e2f8d135dcb000-c2f9698be1b81a70-00",
        "User-Agent": "azsdk-net-Compute.Batch/1.0.0-alpha.20240606.1 (.NET 7.0.19; Microsoft Windows 10.0.22631)",
        "x-ms-client-request-id": "Sanitized",
        "x-ms-return-client-request-id": "true"
      },
      "RequestBody": null,
      "StatusCode": 200,
      "ResponseHeaders": {
        "client-request-id": "Sanitized",
        "Content-Type": "application/json; odata=minimalmetadata",
        "DataServiceVersion": "3.0",
        "Date": "Thu, 06 Jun 2024 23:10:45 GMT",
        "ETag": "0x8DC867DC1368944",
        "Last-Modified": "Thu, 06 Jun 2024 23:09:45 GMT",
        "request-id": "13363757-18a4-45ff-9bf8-776d87cdec89",
        "Server": "Microsoft-HTTPAPI/2.0",
        "Strict-Transport-Security": "max-age=31536000; includeSubDomains",
        "Transfer-Encoding": "chunked",
        "X-Content-Type-Options": "nosniff"
      },
      "ResponseBody": {
        "odata.metadata": "https://dotnotsdkbatchaccount1.eastus.batch.azure.com/$metadata#pools/@Element",
        "id": "Scheduling",
        "url": "https://dotnotsdkbatchaccount1.eastus.batch.azure.com/pools/Scheduling",
        "eTag": "0x8DC867DC1368944",
        "lastModified": "2024-06-06T23:09:45.0378564Z",
        "creationTime": "2024-06-06T23:09:45.0378551Z",
        "state": "active",
        "stateTransitionTime": "2024-06-06T23:09:45.0378551Z",
        "allocationState": "steady",
        "allocationStateTransitionTime": "2024-06-06T23:10:39.3814753Z",
        "vmSize": "standard_d1_v2",
        "resizeTimeout": "PT15M",
        "currentDedicatedNodes": 1,
        "targetDedicatedNodes": 1,
        "currentLowPriorityNodes": 0,
        "targetLowPriorityNodes": 0,
        "enableAutoScale": false,
        "enableInterNodeCommunication": false,
        "certificateReferences": [],
        "taskSlotsPerNode": 1,
        "taskSchedulingPolicy": {
          "nodeFillType": "Spread"
        },
        "virtualMachineConfiguration": {
          "imageReference": {
            "publisher": "MicrosoftWindowsServer",
            "offer": "WindowsServer",
            "sku": "2019-datacenter-smalldisk",
            "version": "latest"
          },
          "nodeAgentSKUId": "batch.node.windows amd64"
        },
        "currentNodeCommunicationMode": "classic"
      }
    },
    {
      "RequestUri": "https://dotnotsdkbatchaccount1.eastus.batch.azure.com/pools/Scheduling/nodes?api-version=2024-02-01.19.0",
      "RequestMethod": "GET",
      "RequestHeaders": {
        "Accept": "application/json",
        "Authorization": "Sanitized",
        "client-request-id": "Sanitized",
        "return-client-request-id": "true",
        "traceparent": "00-d666eff56ab3657572fc397fc63a8a32-ff45e7440696a14e-00",
        "User-Agent": "azsdk-net-Compute.Batch/1.0.0-alpha.20240606.1 (.NET 7.0.19; Microsoft Windows 10.0.22631)",
        "x-ms-client-request-id": "Sanitized",
        "x-ms-return-client-request-id": "true"
      },
      "RequestBody": null,
      "StatusCode": 200,
      "ResponseHeaders": {
        "client-request-id": "Sanitized",
        "Content-Type": "application/json; odata=minimalmetadata",
        "DataServiceVersion": "3.0",
        "Date": "Thu, 06 Jun 2024 23:10:45 GMT",
        "request-id": "2e49c4d4-6066-4db9-869a-f21203eee467",
        "Server": "Microsoft-HTTPAPI/2.0",
        "Strict-Transport-Security": "max-age=31536000; includeSubDomains",
        "Transfer-Encoding": "chunked",
        "X-Content-Type-Options": "nosniff"
      },
      "ResponseBody": {
        "odata.metadata": "https://dotnotsdkbatchaccount1.eastus.batch.azure.com/$metadata#nodes",
        "value": [
          {
            "id": "tvmps_4f6034df48be8f5019c86793f6ecd919d91ea181203398799a628656ac2d7242_d",
            "url": "https://dotnotsdkbatchaccount1.eastus.batch.azure.com/pools/Scheduling/nodes/tvmps_4f6034df48be8f5019c86793f6ecd919d91ea181203398799a628656ac2d7242_d",
            "state": "creating",
            "schedulingState": "enabled",
            "stateTransitionTime": "2024-06-06T23:10:38.5755716Z",
            "allocationTime": "2024-06-06T23:10:38.5755769Z",
            "ipAddress": "10.0.0.4",
            "affinityId": "TVM:tvmps_4f6034df48be8f5019c86793f6ecd919d91ea181203398799a628656ac2d7242_d",
            "vmSize": "standard_d1_v2",
            "totalTasksRun": 0,
            "totalTasksSucceeded": 0,
            "runningTasksCount": 0,
            "runningTaskSlotsCount": 0,
            "isDedicated": true,
            "endpointConfiguration": {
              "inboundEndpoints": [
                {
                  "name": "SSHRule.0",
                  "protocol": "tcp",
                  "publicIPAddress": "48.217.216.37",
                  "publicFQDN": "dnsbf69ae1a-4b7e-4dd2-a841-92bd1e06b257-azurebatch-cloudservice.eastus.cloudapp.azure.com",
                  "frontendPort": 50000,
                  "backendPort": 3389
                }
              ]
            },
            "virtualMachineInfo": {
              "imageReference": {
                "publisher": "MicrosoftWindowsServer",
                "offer": "WindowsServer",
                "sku": "2019-datacenter-smalldisk",
                "version": "latest",
                "exactVersion": "17763.5820.240510"
              }
            }
          }
        ]
      }
    },
    {
      "RequestUri": "https://dotnotsdkbatchaccount1.eastus.batch.azure.com/pools/Scheduling/nodes?api-version=2024-02-01.19.0",
      "RequestMethod": "GET",
      "RequestHeaders": {
        "Accept": "application/json",
        "Authorization": "Sanitized",
        "client-request-id": "Sanitized",
        "return-client-request-id": "true",
        "traceparent": "00-568695224a3f003ade1d08b2c8abb274-9e1c70956507369a-00",
        "User-Agent": "azsdk-net-Compute.Batch/1.0.0-alpha.20240606.1 (.NET 7.0.19; Microsoft Windows 10.0.22631)",
        "x-ms-client-request-id": "Sanitized",
        "x-ms-return-client-request-id": "true"
      },
      "RequestBody": null,
      "StatusCode": 200,
      "ResponseHeaders": {
        "client-request-id": "Sanitized",
        "Content-Type": "application/json; odata=minimalmetadata",
        "DataServiceVersion": "3.0",
        "Date": "Thu, 06 Jun 2024 23:10:55 GMT",
        "request-id": "ceaff937-8a1a-4b52-9a5f-6e0129a7b435",
        "Server": "Microsoft-HTTPAPI/2.0",
        "Strict-Transport-Security": "max-age=31536000; includeSubDomains",
        "Transfer-Encoding": "chunked",
        "X-Content-Type-Options": "nosniff"
      },
      "ResponseBody": {
        "odata.metadata": "https://dotnotsdkbatchaccount1.eastus.batch.azure.com/$metadata#nodes",
        "value": [
          {
            "id": "tvmps_4f6034df48be8f5019c86793f6ecd919d91ea181203398799a628656ac2d7242_d",
            "url": "https://dotnotsdkbatchaccount1.eastus.batch.azure.com/pools/Scheduling/nodes/tvmps_4f6034df48be8f5019c86793f6ecd919d91ea181203398799a628656ac2d7242_d",
            "state": "starting",
            "schedulingState": "enabled",
            "stateTransitionTime": "2024-06-06T23:10:49.3424941Z",
            "allocationTime": "2024-06-06T23:10:38.5755769Z",
            "ipAddress": "10.0.0.4",
            "affinityId": "TVM:tvmps_4f6034df48be8f5019c86793f6ecd919d91ea181203398799a628656ac2d7242_d",
            "vmSize": "standard_d1_v2",
            "totalTasksRun": 0,
            "totalTasksSucceeded": 0,
            "runningTasksCount": 0,
            "runningTaskSlotsCount": 0,
            "isDedicated": true,
            "endpointConfiguration": {
              "inboundEndpoints": [
                {
                  "name": "SSHRule.0",
                  "protocol": "tcp",
                  "publicIPAddress": "48.217.216.37",
                  "publicFQDN": "dnsbf69ae1a-4b7e-4dd2-a841-92bd1e06b257-azurebatch-cloudservice.eastus.cloudapp.azure.com",
                  "frontendPort": 50000,
                  "backendPort": 3389
                }
              ]
            },
            "virtualMachineInfo": {
              "imageReference": {
                "publisher": "MicrosoftWindowsServer",
                "offer": "WindowsServer",
                "sku": "2019-datacenter-smalldisk",
                "version": "latest",
                "exactVersion": "17763.5820.240510"
              }
            }
          }
        ]
      }
    },
    {
      "RequestUri": "https://dotnotsdkbatchaccount1.eastus.batch.azure.com/pools/Scheduling/nodes?api-version=2024-02-01.19.0",
      "RequestMethod": "GET",
      "RequestHeaders": {
        "Accept": "application/json",
        "Authorization": "Sanitized",
        "client-request-id": "Sanitized",
        "return-client-request-id": "true",
        "traceparent": "00-9b87100a378b4010845c659a6ca79953-85917dfb62d3f9be-00",
        "User-Agent": "azsdk-net-Compute.Batch/1.0.0-alpha.20240606.1 (.NET 7.0.19; Microsoft Windows 10.0.22631)",
        "x-ms-client-request-id": "Sanitized",
        "x-ms-return-client-request-id": "true"
      },
      "RequestBody": null,
      "StatusCode": 200,
      "ResponseHeaders": {
        "client-request-id": "Sanitized",
        "Content-Type": "application/json; odata=minimalmetadata",
        "DataServiceVersion": "3.0",
        "Date": "Thu, 06 Jun 2024 23:11:05 GMT",
        "request-id": "3b81a0fc-f9c1-4abb-9792-522e86c016f5",
        "Server": "Microsoft-HTTPAPI/2.0",
        "Strict-Transport-Security": "max-age=31536000; includeSubDomains",
        "Transfer-Encoding": "chunked",
        "X-Content-Type-Options": "nosniff"
      },
      "ResponseBody": {
        "odata.metadata": "https://dotnotsdkbatchaccount1.eastus.batch.azure.com/$metadata#nodes",
        "value": [
          {
            "id": "tvmps_4f6034df48be8f5019c86793f6ecd919d91ea181203398799a628656ac2d7242_d",
            "url": "https://dotnotsdkbatchaccount1.eastus.batch.azure.com/pools/Scheduling/nodes/tvmps_4f6034df48be8f5019c86793f6ecd919d91ea181203398799a628656ac2d7242_d",
            "state": "starting",
            "schedulingState": "enabled",
            "stateTransitionTime": "2024-06-06T23:10:49.3424941Z",
            "allocationTime": "2024-06-06T23:10:38.5755769Z",
            "ipAddress": "10.0.0.4",
            "affinityId": "TVM:tvmps_4f6034df48be8f5019c86793f6ecd919d91ea181203398799a628656ac2d7242_d",
            "vmSize": "standard_d1_v2",
            "totalTasksRun": 0,
            "totalTasksSucceeded": 0,
            "runningTasksCount": 0,
            "runningTaskSlotsCount": 0,
            "isDedicated": true,
            "endpointConfiguration": {
              "inboundEndpoints": [
                {
                  "name": "SSHRule.0",
                  "protocol": "tcp",
                  "publicIPAddress": "48.217.216.37",
                  "publicFQDN": "dnsbf69ae1a-4b7e-4dd2-a841-92bd1e06b257-azurebatch-cloudservice.eastus.cloudapp.azure.com",
                  "frontendPort": 50000,
                  "backendPort": 3389
                }
              ]
            },
            "virtualMachineInfo": {
              "imageReference": {
                "publisher": "MicrosoftWindowsServer",
                "offer": "WindowsServer",
                "sku": "2019-datacenter-smalldisk",
                "version": "latest",
                "exactVersion": "17763.5820.240510"
              }
            }
          }
        ]
      }
    },
    {
      "RequestUri": "https://dotnotsdkbatchaccount1.eastus.batch.azure.com/pools/Scheduling/nodes?api-version=2024-02-01.19.0",
      "RequestMethod": "GET",
      "RequestHeaders": {
        "Accept": "application/json",
        "Authorization": "Sanitized",
        "client-request-id": "Sanitized",
        "return-client-request-id": "true",
        "traceparent": "00-485fdabc9771a774c83d6dfcb4e84bcc-84c495ed56c849b6-00",
        "User-Agent": "azsdk-net-Compute.Batch/1.0.0-alpha.20240606.1 (.NET 7.0.19; Microsoft Windows 10.0.22631)",
        "x-ms-client-request-id": "Sanitized",
        "x-ms-return-client-request-id": "true"
      },
      "RequestBody": null,
      "StatusCode": 200,
      "ResponseHeaders": {
        "client-request-id": "Sanitized",
        "Content-Type": "application/json; odata=minimalmetadata",
        "DataServiceVersion": "3.0",
        "Date": "Thu, 06 Jun 2024 23:11:15 GMT",
        "request-id": "77bd4685-2e6d-4973-a7a2-ec6c1aea568c",
        "Server": "Microsoft-HTTPAPI/2.0",
        "Strict-Transport-Security": "max-age=31536000; includeSubDomains",
        "Transfer-Encoding": "chunked",
        "X-Content-Type-Options": "nosniff"
      },
      "ResponseBody": {
        "odata.metadata": "https://dotnotsdkbatchaccount1.eastus.batch.azure.com/$metadata#nodes",
        "value": [
          {
            "id": "tvmps_4f6034df48be8f5019c86793f6ecd919d91ea181203398799a628656ac2d7242_d",
            "url": "https://dotnotsdkbatchaccount1.eastus.batch.azure.com/pools/Scheduling/nodes/tvmps_4f6034df48be8f5019c86793f6ecd919d91ea181203398799a628656ac2d7242_d",
            "state": "starting",
            "schedulingState": "enabled",
            "stateTransitionTime": "2024-06-06T23:10:49.3424941Z",
            "allocationTime": "2024-06-06T23:10:38.5755769Z",
            "ipAddress": "10.0.0.4",
            "affinityId": "TVM:tvmps_4f6034df48be8f5019c86793f6ecd919d91ea181203398799a628656ac2d7242_d",
            "vmSize": "standard_d1_v2",
            "totalTasksRun": 0,
            "totalTasksSucceeded": 0,
            "runningTasksCount": 0,
            "runningTaskSlotsCount": 0,
            "isDedicated": true,
            "endpointConfiguration": {
              "inboundEndpoints": [
                {
                  "name": "SSHRule.0",
                  "protocol": "tcp",
                  "publicIPAddress": "48.217.216.37",
                  "publicFQDN": "dnsbf69ae1a-4b7e-4dd2-a841-92bd1e06b257-azurebatch-cloudservice.eastus.cloudapp.azure.com",
                  "frontendPort": 50000,
                  "backendPort": 3389
                }
              ]
            },
            "virtualMachineInfo": {
              "imageReference": {
                "publisher": "MicrosoftWindowsServer",
                "offer": "WindowsServer",
                "sku": "2019-datacenter-smalldisk",
                "version": "latest",
                "exactVersion": "17763.5820.240510"
              }
            }
          }
        ]
      }
    },
    {
      "RequestUri": "https://dotnotsdkbatchaccount1.eastus.batch.azure.com/pools/Scheduling/nodes?api-version=2024-02-01.19.0",
      "RequestMethod": "GET",
      "RequestHeaders": {
        "Accept": "application/json",
        "Authorization": "Sanitized",
        "client-request-id": "Sanitized",
        "return-client-request-id": "true",
        "traceparent": "00-917d597853a782e66343ccaa215a4501-99586a6580f19c03-00",
        "User-Agent": "azsdk-net-Compute.Batch/1.0.0-alpha.20240606.1 (.NET 7.0.19; Microsoft Windows 10.0.22631)",
        "x-ms-client-request-id": "Sanitized",
        "x-ms-return-client-request-id": "true"
      },
      "RequestBody": null,
      "StatusCode": 200,
      "ResponseHeaders": {
        "client-request-id": "Sanitized",
        "Content-Type": "application/json; odata=minimalmetadata",
        "DataServiceVersion": "3.0",
        "Date": "Thu, 06 Jun 2024 23:11:25 GMT",
        "request-id": "e4f5f688-93ec-494e-a14a-311e7c863936",
        "Server": "Microsoft-HTTPAPI/2.0",
        "Strict-Transport-Security": "max-age=31536000; includeSubDomains",
        "Transfer-Encoding": "chunked",
        "X-Content-Type-Options": "nosniff"
      },
      "ResponseBody": {
        "odata.metadata": "https://dotnotsdkbatchaccount1.eastus.batch.azure.com/$metadata#nodes",
        "value": [
          {
            "id": "tvmps_4f6034df48be8f5019c86793f6ecd919d91ea181203398799a628656ac2d7242_d",
            "url": "https://dotnotsdkbatchaccount1.eastus.batch.azure.com/pools/Scheduling/nodes/tvmps_4f6034df48be8f5019c86793f6ecd919d91ea181203398799a628656ac2d7242_d",
            "state": "starting",
            "schedulingState": "enabled",
            "stateTransitionTime": "2024-06-06T23:10:49.3424941Z",
            "allocationTime": "2024-06-06T23:10:38.5755769Z",
            "ipAddress": "10.0.0.4",
            "affinityId": "TVM:tvmps_4f6034df48be8f5019c86793f6ecd919d91ea181203398799a628656ac2d7242_d",
            "vmSize": "standard_d1_v2",
            "totalTasksRun": 0,
            "totalTasksSucceeded": 0,
            "runningTasksCount": 0,
            "runningTaskSlotsCount": 0,
            "isDedicated": true,
            "endpointConfiguration": {
              "inboundEndpoints": [
                {
                  "name": "SSHRule.0",
                  "protocol": "tcp",
                  "publicIPAddress": "48.217.216.37",
                  "publicFQDN": "dnsbf69ae1a-4b7e-4dd2-a841-92bd1e06b257-azurebatch-cloudservice.eastus.cloudapp.azure.com",
                  "frontendPort": 50000,
                  "backendPort": 3389
                }
              ]
            },
            "virtualMachineInfo": {
              "imageReference": {
                "publisher": "MicrosoftWindowsServer",
                "offer": "WindowsServer",
                "sku": "2019-datacenter-smalldisk",
                "version": "latest",
                "exactVersion": "17763.5820.240510"
              }
            }
          }
        ]
      }
    },
    {
      "RequestUri": "https://dotnotsdkbatchaccount1.eastus.batch.azure.com/pools/Scheduling/nodes?api-version=2024-02-01.19.0",
      "RequestMethod": "GET",
      "RequestHeaders": {
        "Accept": "application/json",
        "Authorization": "Sanitized",
        "client-request-id": "Sanitized",
        "return-client-request-id": "true",
        "traceparent": "00-d642bd878f007d955257f8c98f6fea92-fff0646f66311b7d-00",
        "User-Agent": "azsdk-net-Compute.Batch/1.0.0-alpha.20240606.1 (.NET 7.0.19; Microsoft Windows 10.0.22631)",
        "x-ms-client-request-id": "Sanitized",
        "x-ms-return-client-request-id": "true"
      },
      "RequestBody": null,
      "StatusCode": 200,
      "ResponseHeaders": {
        "client-request-id": "Sanitized",
        "Content-Type": "application/json; odata=minimalmetadata",
        "DataServiceVersion": "3.0",
        "Date": "Thu, 06 Jun 2024 23:11:36 GMT",
        "request-id": "176e4632-cb61-4331-b694-96d877883f24",
        "Server": "Microsoft-HTTPAPI/2.0",
        "Strict-Transport-Security": "max-age=31536000; includeSubDomains",
        "Transfer-Encoding": "chunked",
        "X-Content-Type-Options": "nosniff"
      },
      "ResponseBody": {
        "odata.metadata": "https://dotnotsdkbatchaccount1.eastus.batch.azure.com/$metadata#nodes",
        "value": [
          {
            "id": "tvmps_4f6034df48be8f5019c86793f6ecd919d91ea181203398799a628656ac2d7242_d",
            "url": "https://dotnotsdkbatchaccount1.eastus.batch.azure.com/pools/Scheduling/nodes/tvmps_4f6034df48be8f5019c86793f6ecd919d91ea181203398799a628656ac2d7242_d",
            "state": "starting",
            "schedulingState": "enabled",
            "stateTransitionTime": "2024-06-06T23:10:49.3424941Z",
            "allocationTime": "2024-06-06T23:10:38.5755769Z",
            "ipAddress": "10.0.0.4",
            "affinityId": "TVM:tvmps_4f6034df48be8f5019c86793f6ecd919d91ea181203398799a628656ac2d7242_d",
            "vmSize": "standard_d1_v2",
            "totalTasksRun": 0,
            "totalTasksSucceeded": 0,
            "runningTasksCount": 0,
            "runningTaskSlotsCount": 0,
            "isDedicated": true,
            "endpointConfiguration": {
              "inboundEndpoints": [
                {
                  "name": "SSHRule.0",
                  "protocol": "tcp",
                  "publicIPAddress": "48.217.216.37",
                  "publicFQDN": "dnsbf69ae1a-4b7e-4dd2-a841-92bd1e06b257-azurebatch-cloudservice.eastus.cloudapp.azure.com",
                  "frontendPort": 50000,
                  "backendPort": 3389
                }
              ]
            },
            "virtualMachineInfo": {
              "imageReference": {
                "publisher": "MicrosoftWindowsServer",
                "offer": "WindowsServer",
                "sku": "2019-datacenter-smalldisk",
                "version": "latest",
                "exactVersion": "17763.5820.240510"
              }
            }
          }
        ]
      }
    },
    {
      "RequestUri": "https://dotnotsdkbatchaccount1.eastus.batch.azure.com/pools/Scheduling/nodes?api-version=2024-02-01.19.0",
      "RequestMethod": "GET",
      "RequestHeaders": {
        "Accept": "application/json",
        "Authorization": "Sanitized",
        "client-request-id": "Sanitized",
        "return-client-request-id": "true",
        "traceparent": "00-65f3fc73701400166dde269d554020ac-0ca56c2b0417f70c-00",
        "User-Agent": "azsdk-net-Compute.Batch/1.0.0-alpha.20240606.1 (.NET 7.0.19; Microsoft Windows 10.0.22631)",
        "x-ms-client-request-id": "Sanitized",
        "x-ms-return-client-request-id": "true"
      },
      "RequestBody": null,
      "StatusCode": 200,
      "ResponseHeaders": {
        "client-request-id": "Sanitized",
        "Content-Type": "application/json; odata=minimalmetadata",
        "DataServiceVersion": "3.0",
        "Date": "Thu, 06 Jun 2024 23:11:46 GMT",
        "request-id": "08a67db7-36bd-40f2-b26c-88c27cd267e5",
        "Server": "Microsoft-HTTPAPI/2.0",
        "Strict-Transport-Security": "max-age=31536000; includeSubDomains",
        "Transfer-Encoding": "chunked",
        "X-Content-Type-Options": "nosniff"
      },
      "ResponseBody": {
        "odata.metadata": "https://dotnotsdkbatchaccount1.eastus.batch.azure.com/$metadata#nodes",
        "value": [
          {
            "id": "tvmps_4f6034df48be8f5019c86793f6ecd919d91ea181203398799a628656ac2d7242_d",
            "url": "https://dotnotsdkbatchaccount1.eastus.batch.azure.com/pools/Scheduling/nodes/tvmps_4f6034df48be8f5019c86793f6ecd919d91ea181203398799a628656ac2d7242_d",
            "state": "starting",
            "schedulingState": "enabled",
            "stateTransitionTime": "2024-06-06T23:10:49.3424941Z",
            "allocationTime": "2024-06-06T23:10:38.5755769Z",
            "ipAddress": "10.0.0.4",
            "affinityId": "TVM:tvmps_4f6034df48be8f5019c86793f6ecd919d91ea181203398799a628656ac2d7242_d",
            "vmSize": "standard_d1_v2",
            "totalTasksRun": 0,
            "totalTasksSucceeded": 0,
            "runningTasksCount": 0,
            "runningTaskSlotsCount": 0,
            "isDedicated": true,
            "endpointConfiguration": {
              "inboundEndpoints": [
                {
                  "name": "SSHRule.0",
                  "protocol": "tcp",
                  "publicIPAddress": "48.217.216.37",
                  "publicFQDN": "dnsbf69ae1a-4b7e-4dd2-a841-92bd1e06b257-azurebatch-cloudservice.eastus.cloudapp.azure.com",
                  "frontendPort": 50000,
                  "backendPort": 3389
                }
              ]
            },
            "virtualMachineInfo": {
              "imageReference": {
                "publisher": "MicrosoftWindowsServer",
                "offer": "WindowsServer",
                "sku": "2019-datacenter-smalldisk",
                "version": "latest",
                "exactVersion": "17763.5820.240510"
              }
            }
          }
        ]
      }
    },
    {
      "RequestUri": "https://dotnotsdkbatchaccount1.eastus.batch.azure.com/pools/Scheduling/nodes?api-version=2024-02-01.19.0",
      "RequestMethod": "GET",
      "RequestHeaders": {
        "Accept": "application/json",
        "Authorization": "Sanitized",
        "client-request-id": "Sanitized",
        "return-client-request-id": "true",
        "traceparent": "00-44226256766ee014ec265dcfd96eb94d-b894c463aa522bc1-00",
        "User-Agent": "azsdk-net-Compute.Batch/1.0.0-alpha.20240606.1 (.NET 7.0.19; Microsoft Windows 10.0.22631)",
        "x-ms-client-request-id": "Sanitized",
        "x-ms-return-client-request-id": "true"
      },
      "RequestBody": null,
      "StatusCode": 200,
      "ResponseHeaders": {
        "client-request-id": "Sanitized",
        "Content-Type": "application/json; odata=minimalmetadata",
        "DataServiceVersion": "3.0",
        "Date": "Thu, 06 Jun 2024 23:11:56 GMT",
        "request-id": "61cdd183-1fb0-421a-a03a-42a7ed461c22",
        "Server": "Microsoft-HTTPAPI/2.0",
        "Strict-Transport-Security": "max-age=31536000; includeSubDomains",
        "Transfer-Encoding": "chunked",
        "X-Content-Type-Options": "nosniff"
      },
      "ResponseBody": {
        "odata.metadata": "https://dotnotsdkbatchaccount1.eastus.batch.azure.com/$metadata#nodes",
        "value": [
          {
            "id": "tvmps_4f6034df48be8f5019c86793f6ecd919d91ea181203398799a628656ac2d7242_d",
            "url": "https://dotnotsdkbatchaccount1.eastus.batch.azure.com/pools/Scheduling/nodes/tvmps_4f6034df48be8f5019c86793f6ecd919d91ea181203398799a628656ac2d7242_d",
            "state": "starting",
            "schedulingState": "enabled",
            "stateTransitionTime": "2024-06-06T23:10:49.3424941Z",
            "allocationTime": "2024-06-06T23:10:38.5755769Z",
            "ipAddress": "10.0.0.4",
            "affinityId": "TVM:tvmps_4f6034df48be8f5019c86793f6ecd919d91ea181203398799a628656ac2d7242_d",
            "vmSize": "standard_d1_v2",
            "totalTasksRun": 0,
            "totalTasksSucceeded": 0,
            "runningTasksCount": 0,
            "runningTaskSlotsCount": 0,
            "isDedicated": true,
            "endpointConfiguration": {
              "inboundEndpoints": [
                {
                  "name": "SSHRule.0",
                  "protocol": "tcp",
                  "publicIPAddress": "48.217.216.37",
                  "publicFQDN": "dnsbf69ae1a-4b7e-4dd2-a841-92bd1e06b257-azurebatch-cloudservice.eastus.cloudapp.azure.com",
                  "frontendPort": 50000,
                  "backendPort": 3389
                }
              ]
            },
            "virtualMachineInfo": {
              "imageReference": {
                "publisher": "MicrosoftWindowsServer",
                "offer": "WindowsServer",
                "sku": "2019-datacenter-smalldisk",
                "version": "latest",
                "exactVersion": "17763.5820.240510"
              }
            }
          }
        ]
      }
    },
    {
      "RequestUri": "https://dotnotsdkbatchaccount1.eastus.batch.azure.com/pools/Scheduling/nodes?api-version=2024-02-01.19.0",
      "RequestMethod": "GET",
      "RequestHeaders": {
        "Accept": "application/json",
        "Authorization": "Sanitized",
        "client-request-id": "Sanitized",
        "return-client-request-id": "true",
        "traceparent": "00-de676a43795ceacd3ac0a0d9ccaebfc0-026199bceac26c1e-00",
        "User-Agent": "azsdk-net-Compute.Batch/1.0.0-alpha.20240606.1 (.NET 7.0.19; Microsoft Windows 10.0.22631)",
        "x-ms-client-request-id": "Sanitized",
        "x-ms-return-client-request-id": "true"
      },
      "RequestBody": null,
      "StatusCode": 200,
      "ResponseHeaders": {
        "client-request-id": "Sanitized",
        "Content-Type": "application/json; odata=minimalmetadata",
        "DataServiceVersion": "3.0",
        "Date": "Thu, 06 Jun 2024 23:12:06 GMT",
        "request-id": "67e2ee11-1dfa-467b-8c41-8f0de8182641",
        "Server": "Microsoft-HTTPAPI/2.0",
        "Strict-Transport-Security": "max-age=31536000; includeSubDomains",
        "Transfer-Encoding": "chunked",
        "X-Content-Type-Options": "nosniff"
      },
      "ResponseBody": {
        "odata.metadata": "https://dotnotsdkbatchaccount1.eastus.batch.azure.com/$metadata#nodes",
        "value": [
          {
            "id": "tvmps_4f6034df48be8f5019c86793f6ecd919d91ea181203398799a628656ac2d7242_d",
            "url": "https://dotnotsdkbatchaccount1.eastus.batch.azure.com/pools/Scheduling/nodes/tvmps_4f6034df48be8f5019c86793f6ecd919d91ea181203398799a628656ac2d7242_d",
            "state": "starting",
            "schedulingState": "enabled",
            "stateTransitionTime": "2024-06-06T23:10:49.3424941Z",
            "allocationTime": "2024-06-06T23:10:38.5755769Z",
            "ipAddress": "10.0.0.4",
            "affinityId": "TVM:tvmps_4f6034df48be8f5019c86793f6ecd919d91ea181203398799a628656ac2d7242_d",
            "vmSize": "standard_d1_v2",
            "totalTasksRun": 0,
            "totalTasksSucceeded": 0,
            "runningTasksCount": 0,
            "runningTaskSlotsCount": 0,
            "isDedicated": true,
            "endpointConfiguration": {
              "inboundEndpoints": [
                {
                  "name": "SSHRule.0",
                  "protocol": "tcp",
                  "publicIPAddress": "48.217.216.37",
                  "publicFQDN": "dnsbf69ae1a-4b7e-4dd2-a841-92bd1e06b257-azurebatch-cloudservice.eastus.cloudapp.azure.com",
                  "frontendPort": 50000,
                  "backendPort": 3389
                }
              ]
            },
            "virtualMachineInfo": {
              "imageReference": {
                "publisher": "MicrosoftWindowsServer",
                "offer": "WindowsServer",
                "sku": "2019-datacenter-smalldisk",
                "version": "latest",
                "exactVersion": "17763.5820.240510"
              }
            }
          }
        ]
      }
    },
    {
      "RequestUri": "https://dotnotsdkbatchaccount1.eastus.batch.azure.com/pools/Scheduling/nodes?api-version=2024-02-01.19.0",
      "RequestMethod": "GET",
      "RequestHeaders": {
        "Accept": "application/json",
        "Authorization": "Sanitized",
        "client-request-id": "Sanitized",
        "return-client-request-id": "true",
        "traceparent": "00-a49c884642ac35d6969a6c2349b20907-39b75ab728191397-00",
        "User-Agent": "azsdk-net-Compute.Batch/1.0.0-alpha.20240606.1 (.NET 7.0.19; Microsoft Windows 10.0.22631)",
        "x-ms-client-request-id": "Sanitized",
        "x-ms-return-client-request-id": "true"
      },
      "RequestBody": null,
      "StatusCode": 200,
      "ResponseHeaders": {
        "client-request-id": "Sanitized",
        "Content-Type": "application/json; odata=minimalmetadata",
        "DataServiceVersion": "3.0",
        "Date": "Thu, 06 Jun 2024 23:12:16 GMT",
        "request-id": "86265319-6b81-4fa4-bca4-da4b2ce84ec8",
        "Server": "Microsoft-HTTPAPI/2.0",
        "Strict-Transport-Security": "max-age=31536000; includeSubDomains",
        "Transfer-Encoding": "chunked",
        "X-Content-Type-Options": "nosniff"
      },
      "ResponseBody": {
        "odata.metadata": "https://dotnotsdkbatchaccount1.eastus.batch.azure.com/$metadata#nodes",
        "value": [
          {
            "id": "tvmps_4f6034df48be8f5019c86793f6ecd919d91ea181203398799a628656ac2d7242_d",
            "url": "https://dotnotsdkbatchaccount1.eastus.batch.azure.com/pools/Scheduling/nodes/tvmps_4f6034df48be8f5019c86793f6ecd919d91ea181203398799a628656ac2d7242_d",
            "state": "starting",
            "schedulingState": "enabled",
            "stateTransitionTime": "2024-06-06T23:10:49.3424941Z",
            "allocationTime": "2024-06-06T23:10:38.5755769Z",
            "ipAddress": "10.0.0.4",
            "affinityId": "TVM:tvmps_4f6034df48be8f5019c86793f6ecd919d91ea181203398799a628656ac2d7242_d",
            "vmSize": "standard_d1_v2",
            "totalTasksRun": 0,
            "totalTasksSucceeded": 0,
            "runningTasksCount": 0,
            "runningTaskSlotsCount": 0,
            "isDedicated": true,
            "endpointConfiguration": {
              "inboundEndpoints": [
                {
                  "name": "SSHRule.0",
                  "protocol": "tcp",
                  "publicIPAddress": "48.217.216.37",
                  "publicFQDN": "dnsbf69ae1a-4b7e-4dd2-a841-92bd1e06b257-azurebatch-cloudservice.eastus.cloudapp.azure.com",
                  "frontendPort": 50000,
                  "backendPort": 3389
                }
              ]
            },
            "virtualMachineInfo": {
              "imageReference": {
                "publisher": "MicrosoftWindowsServer",
                "offer": "WindowsServer",
                "sku": "2019-datacenter-smalldisk",
                "version": "latest",
                "exactVersion": "17763.5820.240510"
              }
            }
          }
        ]
      }
    },
    {
      "RequestUri": "https://dotnotsdkbatchaccount1.eastus.batch.azure.com/pools/Scheduling/nodes?api-version=2024-02-01.19.0",
      "RequestMethod": "GET",
      "RequestHeaders": {
        "Accept": "application/json",
        "Authorization": "Sanitized",
        "client-request-id": "Sanitized",
        "return-client-request-id": "true",
        "traceparent": "00-50c8ab15e2aa5f9e89b49e72bf53b120-978ec06f7d39d206-00",
        "User-Agent": "azsdk-net-Compute.Batch/1.0.0-alpha.20240606.1 (.NET 7.0.19; Microsoft Windows 10.0.22631)",
        "x-ms-client-request-id": "Sanitized",
        "x-ms-return-client-request-id": "true"
      },
      "RequestBody": null,
      "StatusCode": 200,
      "ResponseHeaders": {
        "client-request-id": "Sanitized",
        "Content-Type": "application/json; odata=minimalmetadata",
        "DataServiceVersion": "3.0",
        "Date": "Thu, 06 Jun 2024 23:12:26 GMT",
        "request-id": "bfa24b34-da29-4fa5-90af-201dee033d84",
        "Server": "Microsoft-HTTPAPI/2.0",
        "Strict-Transport-Security": "max-age=31536000; includeSubDomains",
        "Transfer-Encoding": "chunked",
        "X-Content-Type-Options": "nosniff"
      },
      "ResponseBody": {
        "odata.metadata": "https://dotnotsdkbatchaccount1.eastus.batch.azure.com/$metadata#nodes",
        "value": [
          {
            "id": "tvmps_4f6034df48be8f5019c86793f6ecd919d91ea181203398799a628656ac2d7242_d",
            "url": "https://dotnotsdkbatchaccount1.eastus.batch.azure.com/pools/Scheduling/nodes/tvmps_4f6034df48be8f5019c86793f6ecd919d91ea181203398799a628656ac2d7242_d",
            "state": "starting",
            "schedulingState": "enabled",
            "stateTransitionTime": "2024-06-06T23:10:49.3424941Z",
            "allocationTime": "2024-06-06T23:10:38.5755769Z",
            "ipAddress": "10.0.0.4",
            "affinityId": "TVM:tvmps_4f6034df48be8f5019c86793f6ecd919d91ea181203398799a628656ac2d7242_d",
            "vmSize": "standard_d1_v2",
            "totalTasksRun": 0,
            "totalTasksSucceeded": 0,
            "runningTasksCount": 0,
            "runningTaskSlotsCount": 0,
            "isDedicated": true,
            "endpointConfiguration": {
              "inboundEndpoints": [
                {
                  "name": "SSHRule.0",
                  "protocol": "tcp",
                  "publicIPAddress": "48.217.216.37",
                  "publicFQDN": "dnsbf69ae1a-4b7e-4dd2-a841-92bd1e06b257-azurebatch-cloudservice.eastus.cloudapp.azure.com",
                  "frontendPort": 50000,
                  "backendPort": 3389
                }
              ]
            },
            "virtualMachineInfo": {
              "imageReference": {
                "publisher": "MicrosoftWindowsServer",
                "offer": "WindowsServer",
                "sku": "2019-datacenter-smalldisk",
                "version": "latest",
                "exactVersion": "17763.5820.240510"
              }
            }
          }
        ]
      }
    },
    {
      "RequestUri": "https://dotnotsdkbatchaccount1.eastus.batch.azure.com/pools/Scheduling/nodes?api-version=2024-02-01.19.0",
      "RequestMethod": "GET",
      "RequestHeaders": {
        "Accept": "application/json",
        "Authorization": "Sanitized",
        "client-request-id": "Sanitized",
        "return-client-request-id": "true",
        "traceparent": "00-15f0fee3a303ec7e5ad30d8e80d5d8cb-bbc00ec75240bb45-00",
        "User-Agent": "azsdk-net-Compute.Batch/1.0.0-alpha.20240606.1 (.NET 7.0.19; Microsoft Windows 10.0.22631)",
        "x-ms-client-request-id": "Sanitized",
        "x-ms-return-client-request-id": "true"
      },
      "RequestBody": null,
      "StatusCode": 200,
      "ResponseHeaders": {
        "client-request-id": "Sanitized",
        "Content-Type": "application/json; odata=minimalmetadata",
        "DataServiceVersion": "3.0",
        "Date": "Thu, 06 Jun 2024 23:12:37 GMT",
        "request-id": "5f418d91-a79f-438b-b417-e676ffe69a45",
        "Server": "Microsoft-HTTPAPI/2.0",
        "Strict-Transport-Security": "max-age=31536000; includeSubDomains",
        "Transfer-Encoding": "chunked",
        "X-Content-Type-Options": "nosniff"
      },
      "ResponseBody": {
        "odata.metadata": "https://dotnotsdkbatchaccount1.eastus.batch.azure.com/$metadata#nodes",
        "value": [
          {
            "id": "tvmps_4f6034df48be8f5019c86793f6ecd919d91ea181203398799a628656ac2d7242_d",
            "url": "https://dotnotsdkbatchaccount1.eastus.batch.azure.com/pools/Scheduling/nodes/tvmps_4f6034df48be8f5019c86793f6ecd919d91ea181203398799a628656ac2d7242_d",
            "state": "starting",
            "schedulingState": "enabled",
            "stateTransitionTime": "2024-06-06T23:10:49.3424941Z",
            "allocationTime": "2024-06-06T23:10:38.5755769Z",
            "ipAddress": "10.0.0.4",
            "affinityId": "TVM:tvmps_4f6034df48be8f5019c86793f6ecd919d91ea181203398799a628656ac2d7242_d",
            "vmSize": "standard_d1_v2",
            "totalTasksRun": 0,
            "totalTasksSucceeded": 0,
            "runningTasksCount": 0,
            "runningTaskSlotsCount": 0,
            "isDedicated": true,
            "endpointConfiguration": {
              "inboundEndpoints": [
                {
                  "name": "SSHRule.0",
                  "protocol": "tcp",
                  "publicIPAddress": "48.217.216.37",
                  "publicFQDN": "dnsbf69ae1a-4b7e-4dd2-a841-92bd1e06b257-azurebatch-cloudservice.eastus.cloudapp.azure.com",
                  "frontendPort": 50000,
                  "backendPort": 3389
                }
              ]
            },
            "virtualMachineInfo": {
              "imageReference": {
                "publisher": "MicrosoftWindowsServer",
                "offer": "WindowsServer",
                "sku": "2019-datacenter-smalldisk",
                "version": "latest",
                "exactVersion": "17763.5820.240510"
              }
            }
          }
        ]
      }
    },
    {
      "RequestUri": "https://dotnotsdkbatchaccount1.eastus.batch.azure.com/pools/Scheduling/nodes?api-version=2024-02-01.19.0",
      "RequestMethod": "GET",
      "RequestHeaders": {
        "Accept": "application/json",
        "Authorization": "Sanitized",
        "client-request-id": "Sanitized",
        "return-client-request-id": "true",
        "traceparent": "00-111f10aa14a8fa56e34f8bb8a4607d45-ccb1e0b867c9758e-00",
        "User-Agent": "azsdk-net-Compute.Batch/1.0.0-alpha.20240606.1 (.NET 7.0.19; Microsoft Windows 10.0.22631)",
        "x-ms-client-request-id": "Sanitized",
        "x-ms-return-client-request-id": "true"
      },
      "RequestBody": null,
      "StatusCode": 200,
      "ResponseHeaders": {
        "client-request-id": "Sanitized",
        "Content-Type": "application/json; odata=minimalmetadata",
        "DataServiceVersion": "3.0",
        "Date": "Thu, 06 Jun 2024 23:12:47 GMT",
        "request-id": "07b68a21-8e9c-4e88-8c3f-8773a8850a7b",
        "Server": "Microsoft-HTTPAPI/2.0",
        "Strict-Transport-Security": "max-age=31536000; includeSubDomains",
        "Transfer-Encoding": "chunked",
        "X-Content-Type-Options": "nosniff"
      },
      "ResponseBody": {
        "odata.metadata": "https://dotnotsdkbatchaccount1.eastus.batch.azure.com/$metadata#nodes",
        "value": [
          {
            "id": "tvmps_4f6034df48be8f5019c86793f6ecd919d91ea181203398799a628656ac2d7242_d",
            "url": "https://dotnotsdkbatchaccount1.eastus.batch.azure.com/pools/Scheduling/nodes/tvmps_4f6034df48be8f5019c86793f6ecd919d91ea181203398799a628656ac2d7242_d",
            "state": "starting",
            "schedulingState": "enabled",
            "stateTransitionTime": "2024-06-06T23:10:49.3424941Z",
            "allocationTime": "2024-06-06T23:10:38.5755769Z",
            "ipAddress": "10.0.0.4",
            "affinityId": "TVM:tvmps_4f6034df48be8f5019c86793f6ecd919d91ea181203398799a628656ac2d7242_d",
            "vmSize": "standard_d1_v2",
            "totalTasksRun": 0,
            "totalTasksSucceeded": 0,
            "runningTasksCount": 0,
            "runningTaskSlotsCount": 0,
            "isDedicated": true,
            "endpointConfiguration": {
              "inboundEndpoints": [
                {
                  "name": "SSHRule.0",
                  "protocol": "tcp",
                  "publicIPAddress": "48.217.216.37",
                  "publicFQDN": "dnsbf69ae1a-4b7e-4dd2-a841-92bd1e06b257-azurebatch-cloudservice.eastus.cloudapp.azure.com",
                  "frontendPort": 50000,
                  "backendPort": 3389
                }
              ]
            },
            "virtualMachineInfo": {
              "imageReference": {
                "publisher": "MicrosoftWindowsServer",
                "offer": "WindowsServer",
                "sku": "2019-datacenter-smalldisk",
                "version": "latest",
                "exactVersion": "17763.5820.240510"
              }
            }
          }
        ]
      }
    },
    {
      "RequestUri": "https://dotnotsdkbatchaccount1.eastus.batch.azure.com/pools/Scheduling/nodes?api-version=2024-02-01.19.0",
      "RequestMethod": "GET",
      "RequestHeaders": {
        "Accept": "application/json",
        "Authorization": "Sanitized",
        "client-request-id": "Sanitized",
        "return-client-request-id": "true",
        "traceparent": "00-3c5db8f4a1b4fcec514044dceea6abf1-4114ab7a19117717-00",
        "User-Agent": "azsdk-net-Compute.Batch/1.0.0-alpha.20240606.1 (.NET 7.0.19; Microsoft Windows 10.0.22631)",
        "x-ms-client-request-id": "Sanitized",
        "x-ms-return-client-request-id": "true"
      },
      "RequestBody": null,
      "StatusCode": 200,
      "ResponseHeaders": {
        "client-request-id": "Sanitized",
        "Content-Type": "application/json; odata=minimalmetadata",
        "DataServiceVersion": "3.0",
        "Date": "Thu, 06 Jun 2024 23:12:57 GMT",
        "request-id": "97509b02-c5d8-4d85-a55d-8414875184d4",
        "Server": "Microsoft-HTTPAPI/2.0",
        "Strict-Transport-Security": "max-age=31536000; includeSubDomains",
        "Transfer-Encoding": "chunked",
        "X-Content-Type-Options": "nosniff"
      },
      "ResponseBody": {
        "odata.metadata": "https://dotnotsdkbatchaccount1.eastus.batch.azure.com/$metadata#nodes",
        "value": [
          {
            "id": "tvmps_4f6034df48be8f5019c86793f6ecd919d91ea181203398799a628656ac2d7242_d",
            "url": "https://dotnotsdkbatchaccount1.eastus.batch.azure.com/pools/Scheduling/nodes/tvmps_4f6034df48be8f5019c86793f6ecd919d91ea181203398799a628656ac2d7242_d",
            "state": "starting",
            "schedulingState": "enabled",
            "stateTransitionTime": "2024-06-06T23:10:49.3424941Z",
            "allocationTime": "2024-06-06T23:10:38.5755769Z",
            "ipAddress": "10.0.0.4",
            "affinityId": "TVM:tvmps_4f6034df48be8f5019c86793f6ecd919d91ea181203398799a628656ac2d7242_d",
            "vmSize": "standard_d1_v2",
            "totalTasksRun": 0,
            "totalTasksSucceeded": 0,
            "runningTasksCount": 0,
            "runningTaskSlotsCount": 0,
            "isDedicated": true,
            "endpointConfiguration": {
              "inboundEndpoints": [
                {
                  "name": "SSHRule.0",
                  "protocol": "tcp",
                  "publicIPAddress": "48.217.216.37",
                  "publicFQDN": "dnsbf69ae1a-4b7e-4dd2-a841-92bd1e06b257-azurebatch-cloudservice.eastus.cloudapp.azure.com",
                  "frontendPort": 50000,
                  "backendPort": 3389
                }
              ]
            },
            "virtualMachineInfo": {
              "imageReference": {
                "publisher": "MicrosoftWindowsServer",
                "offer": "WindowsServer",
                "sku": "2019-datacenter-smalldisk",
                "version": "latest",
                "exactVersion": "17763.5820.240510"
              }
            }
          }
        ]
      }
    },
    {
      "RequestUri": "https://dotnotsdkbatchaccount1.eastus.batch.azure.com/pools/Scheduling/nodes?api-version=2024-02-01.19.0",
      "RequestMethod": "GET",
      "RequestHeaders": {
        "Accept": "application/json",
        "Authorization": "Sanitized",
        "client-request-id": "Sanitized",
        "return-client-request-id": "true",
        "traceparent": "00-9bbaebfcada943065122579fa528060d-8850eb396cf195ae-00",
        "User-Agent": "azsdk-net-Compute.Batch/1.0.0-alpha.20240606.1 (.NET 7.0.19; Microsoft Windows 10.0.22631)",
        "x-ms-client-request-id": "Sanitized",
        "x-ms-return-client-request-id": "true"
      },
      "RequestBody": null,
      "StatusCode": 200,
      "ResponseHeaders": {
        "client-request-id": "Sanitized",
        "Content-Type": "application/json; odata=minimalmetadata",
        "DataServiceVersion": "3.0",
        "Date": "Thu, 06 Jun 2024 23:13:07 GMT",
        "request-id": "7d2bbb84-0358-4d07-b7c7-a767f576054d",
        "Server": "Microsoft-HTTPAPI/2.0",
        "Strict-Transport-Security": "max-age=31536000; includeSubDomains",
        "Transfer-Encoding": "chunked",
        "X-Content-Type-Options": "nosniff"
      },
      "ResponseBody": {
        "odata.metadata": "https://dotnotsdkbatchaccount1.eastus.batch.azure.com/$metadata#nodes",
        "value": [
          {
            "id": "tvmps_4f6034df48be8f5019c86793f6ecd919d91ea181203398799a628656ac2d7242_d",
            "url": "https://dotnotsdkbatchaccount1.eastus.batch.azure.com/pools/Scheduling/nodes/tvmps_4f6034df48be8f5019c86793f6ecd919d91ea181203398799a628656ac2d7242_d",
            "state": "starting",
            "schedulingState": "enabled",
            "stateTransitionTime": "2024-06-06T23:10:49.3424941Z",
            "allocationTime": "2024-06-06T23:10:38.5755769Z",
            "ipAddress": "10.0.0.4",
            "affinityId": "TVM:tvmps_4f6034df48be8f5019c86793f6ecd919d91ea181203398799a628656ac2d7242_d",
            "vmSize": "standard_d1_v2",
            "totalTasksRun": 0,
            "totalTasksSucceeded": 0,
            "runningTasksCount": 0,
            "runningTaskSlotsCount": 0,
            "isDedicated": true,
            "endpointConfiguration": {
              "inboundEndpoints": [
                {
                  "name": "SSHRule.0",
                  "protocol": "tcp",
                  "publicIPAddress": "48.217.216.37",
                  "publicFQDN": "dnsbf69ae1a-4b7e-4dd2-a841-92bd1e06b257-azurebatch-cloudservice.eastus.cloudapp.azure.com",
                  "frontendPort": 50000,
                  "backendPort": 3389
                }
              ]
            },
            "virtualMachineInfo": {
              "imageReference": {
                "publisher": "MicrosoftWindowsServer",
                "offer": "WindowsServer",
                "sku": "2019-datacenter-smalldisk",
                "version": "latest",
                "exactVersion": "17763.5820.240510"
              }
            }
          }
        ]
      }
    },
    {
      "RequestUri": "https://dotnotsdkbatchaccount1.eastus.batch.azure.com/pools/Scheduling/nodes?api-version=2024-02-01.19.0",
      "RequestMethod": "GET",
      "RequestHeaders": {
        "Accept": "application/json",
        "Authorization": "Sanitized",
        "client-request-id": "Sanitized",
        "return-client-request-id": "true",
        "traceparent": "00-8160295052a5c8f7e4786884207909a7-9f7ec950ac7a93fe-00",
        "User-Agent": "azsdk-net-Compute.Batch/1.0.0-alpha.20240606.1 (.NET 7.0.19; Microsoft Windows 10.0.22631)",
        "x-ms-client-request-id": "Sanitized",
        "x-ms-return-client-request-id": "true"
      },
      "RequestBody": null,
      "StatusCode": 200,
      "ResponseHeaders": {
        "client-request-id": "Sanitized",
        "Content-Type": "application/json; odata=minimalmetadata",
        "DataServiceVersion": "3.0",
        "Date": "Thu, 06 Jun 2024 23:13:17 GMT",
        "request-id": "db6e9412-8533-4ea5-a86a-863e44f0bf11",
        "Server": "Microsoft-HTTPAPI/2.0",
        "Strict-Transport-Security": "max-age=31536000; includeSubDomains",
        "Transfer-Encoding": "chunked",
        "X-Content-Type-Options": "nosniff"
      },
      "ResponseBody": {
        "odata.metadata": "https://dotnotsdkbatchaccount1.eastus.batch.azure.com/$metadata#nodes",
        "value": [
          {
            "id": "tvmps_4f6034df48be8f5019c86793f6ecd919d91ea181203398799a628656ac2d7242_d",
            "url": "https://dotnotsdkbatchaccount1.eastus.batch.azure.com/pools/Scheduling/nodes/tvmps_4f6034df48be8f5019c86793f6ecd919d91ea181203398799a628656ac2d7242_d",
            "state": "starting",
            "schedulingState": "enabled",
            "stateTransitionTime": "2024-06-06T23:10:49.3424941Z",
            "allocationTime": "2024-06-06T23:10:38.5755769Z",
            "ipAddress": "10.0.0.4",
            "affinityId": "TVM:tvmps_4f6034df48be8f5019c86793f6ecd919d91ea181203398799a628656ac2d7242_d",
            "vmSize": "standard_d1_v2",
            "totalTasksRun": 0,
            "totalTasksSucceeded": 0,
            "runningTasksCount": 0,
            "runningTaskSlotsCount": 0,
            "isDedicated": true,
            "endpointConfiguration": {
              "inboundEndpoints": [
                {
                  "name": "SSHRule.0",
                  "protocol": "tcp",
                  "publicIPAddress": "48.217.216.37",
                  "publicFQDN": "dnsbf69ae1a-4b7e-4dd2-a841-92bd1e06b257-azurebatch-cloudservice.eastus.cloudapp.azure.com",
                  "frontendPort": 50000,
                  "backendPort": 3389
                }
              ]
            },
            "virtualMachineInfo": {
              "imageReference": {
                "publisher": "MicrosoftWindowsServer",
                "offer": "WindowsServer",
                "sku": "2019-datacenter-smalldisk",
                "version": "latest",
                "exactVersion": "17763.5820.240510"
              }
            }
          }
        ]
      }
    },
    {
      "RequestUri": "https://dotnotsdkbatchaccount1.eastus.batch.azure.com/pools/Scheduling/nodes?api-version=2024-02-01.19.0",
      "RequestMethod": "GET",
      "RequestHeaders": {
        "Accept": "application/json",
        "Authorization": "Sanitized",
        "client-request-id": "Sanitized",
        "return-client-request-id": "true",
        "traceparent": "00-e4d347701d471320099cfd9689562989-60d2f3f3722968c2-00",
        "User-Agent": "azsdk-net-Compute.Batch/1.0.0-alpha.20240606.1 (.NET 7.0.19; Microsoft Windows 10.0.22631)",
        "x-ms-client-request-id": "Sanitized",
        "x-ms-return-client-request-id": "true"
      },
      "RequestBody": null,
      "StatusCode": 200,
      "ResponseHeaders": {
        "client-request-id": "Sanitized",
        "Content-Type": "application/json; odata=minimalmetadata",
        "DataServiceVersion": "3.0",
        "Date": "Thu, 06 Jun 2024 23:13:27 GMT",
        "request-id": "63313c91-b3cb-48a7-bdbf-342b63232b33",
        "Server": "Microsoft-HTTPAPI/2.0",
        "Strict-Transport-Security": "max-age=31536000; includeSubDomains",
        "Transfer-Encoding": "chunked",
        "X-Content-Type-Options": "nosniff"
      },
      "ResponseBody": {
        "odata.metadata": "https://dotnotsdkbatchaccount1.eastus.batch.azure.com/$metadata#nodes",
        "value": [
          {
            "id": "tvmps_4f6034df48be8f5019c86793f6ecd919d91ea181203398799a628656ac2d7242_d",
            "url": "https://dotnotsdkbatchaccount1.eastus.batch.azure.com/pools/Scheduling/nodes/tvmps_4f6034df48be8f5019c86793f6ecd919d91ea181203398799a628656ac2d7242_d",
            "state": "starting",
            "schedulingState": "enabled",
            "stateTransitionTime": "2024-06-06T23:10:49.3424941Z",
            "allocationTime": "2024-06-06T23:10:38.5755769Z",
            "ipAddress": "10.0.0.4",
            "affinityId": "TVM:tvmps_4f6034df48be8f5019c86793f6ecd919d91ea181203398799a628656ac2d7242_d",
            "vmSize": "standard_d1_v2",
            "totalTasksRun": 0,
            "totalTasksSucceeded": 0,
            "runningTasksCount": 0,
            "runningTaskSlotsCount": 0,
            "isDedicated": true,
            "endpointConfiguration": {
              "inboundEndpoints": [
                {
                  "name": "SSHRule.0",
                  "protocol": "tcp",
                  "publicIPAddress": "48.217.216.37",
                  "publicFQDN": "dnsbf69ae1a-4b7e-4dd2-a841-92bd1e06b257-azurebatch-cloudservice.eastus.cloudapp.azure.com",
                  "frontendPort": 50000,
                  "backendPort": 3389
                }
              ]
            },
            "virtualMachineInfo": {
              "imageReference": {
                "publisher": "MicrosoftWindowsServer",
                "offer": "WindowsServer",
                "sku": "2019-datacenter-smalldisk",
                "version": "latest",
                "exactVersion": "17763.5820.240510"
              }
            }
          }
        ]
      }
    },
    {
      "RequestUri": "https://dotnotsdkbatchaccount1.eastus.batch.azure.com/pools/Scheduling/nodes?api-version=2024-02-01.19.0",
      "RequestMethod": "GET",
      "RequestHeaders": {
        "Accept": "application/json",
        "Authorization": "Sanitized",
        "client-request-id": "Sanitized",
        "return-client-request-id": "true",
        "traceparent": "00-1f4b00bda309a5df9a5dba43b5a4ded7-cb2d0ccead0b971f-00",
        "User-Agent": "azsdk-net-Compute.Batch/1.0.0-alpha.20240606.1 (.NET 7.0.19; Microsoft Windows 10.0.22631)",
        "x-ms-client-request-id": "Sanitized",
        "x-ms-return-client-request-id": "true"
      },
      "RequestBody": null,
      "StatusCode": 200,
      "ResponseHeaders": {
        "client-request-id": "Sanitized",
        "Content-Type": "application/json; odata=minimalmetadata",
        "DataServiceVersion": "3.0",
        "Date": "Thu, 06 Jun 2024 23:13:37 GMT",
        "request-id": "3cddd1e1-4584-45f1-b2d8-a5981764161f",
        "Server": "Microsoft-HTTPAPI/2.0",
        "Strict-Transport-Security": "max-age=31536000; includeSubDomains",
        "Transfer-Encoding": "chunked",
        "X-Content-Type-Options": "nosniff"
      },
      "ResponseBody": {
        "odata.metadata": "https://dotnotsdkbatchaccount1.eastus.batch.azure.com/$metadata#nodes",
        "value": [
          {
            "id": "tvmps_4f6034df48be8f5019c86793f6ecd919d91ea181203398799a628656ac2d7242_d",
            "url": "https://dotnotsdkbatchaccount1.eastus.batch.azure.com/pools/Scheduling/nodes/tvmps_4f6034df48be8f5019c86793f6ecd919d91ea181203398799a628656ac2d7242_d",
            "state": "starting",
            "schedulingState": "enabled",
            "stateTransitionTime": "2024-06-06T23:10:49.3424941Z",
            "allocationTime": "2024-06-06T23:10:38.5755769Z",
            "ipAddress": "10.0.0.4",
            "affinityId": "TVM:tvmps_4f6034df48be8f5019c86793f6ecd919d91ea181203398799a628656ac2d7242_d",
            "vmSize": "standard_d1_v2",
            "totalTasksRun": 0,
            "totalTasksSucceeded": 0,
            "runningTasksCount": 0,
            "runningTaskSlotsCount": 0,
            "isDedicated": true,
            "endpointConfiguration": {
              "inboundEndpoints": [
                {
                  "name": "SSHRule.0",
                  "protocol": "tcp",
                  "publicIPAddress": "48.217.216.37",
                  "publicFQDN": "dnsbf69ae1a-4b7e-4dd2-a841-92bd1e06b257-azurebatch-cloudservice.eastus.cloudapp.azure.com",
                  "frontendPort": 50000,
                  "backendPort": 3389
                }
              ]
            },
            "virtualMachineInfo": {
              "imageReference": {
                "publisher": "MicrosoftWindowsServer",
                "offer": "WindowsServer",
                "sku": "2019-datacenter-smalldisk",
                "version": "latest",
                "exactVersion": "17763.5820.240510"
              }
            }
          }
        ]
      }
    },
    {
      "RequestUri": "https://dotnotsdkbatchaccount1.eastus.batch.azure.com/pools/Scheduling/nodes?api-version=2024-02-01.19.0",
      "RequestMethod": "GET",
      "RequestHeaders": {
        "Accept": "application/json",
        "Authorization": "Sanitized",
        "client-request-id": "Sanitized",
        "return-client-request-id": "true",
        "traceparent": "00-3698b6100d2b5edb21f0a34dfdacf18b-ac7fc4ffbf5e9317-00",
        "User-Agent": "azsdk-net-Compute.Batch/1.0.0-alpha.20240606.1 (.NET 7.0.19; Microsoft Windows 10.0.22631)",
        "x-ms-client-request-id": "Sanitized",
        "x-ms-return-client-request-id": "true"
      },
      "RequestBody": null,
      "StatusCode": 200,
      "ResponseHeaders": {
        "client-request-id": "Sanitized",
        "Content-Type": "application/json; odata=minimalmetadata",
        "DataServiceVersion": "3.0",
        "Date": "Thu, 06 Jun 2024 23:13:47 GMT",
        "request-id": "1c299704-d28f-47e9-b130-ad756003570e",
        "Server": "Microsoft-HTTPAPI/2.0",
        "Strict-Transport-Security": "max-age=31536000; includeSubDomains",
        "Transfer-Encoding": "chunked",
        "X-Content-Type-Options": "nosniff"
      },
      "ResponseBody": {
        "odata.metadata": "https://dotnotsdkbatchaccount1.eastus.batch.azure.com/$metadata#nodes",
        "value": [
          {
            "id": "tvmps_4f6034df48be8f5019c86793f6ecd919d91ea181203398799a628656ac2d7242_d",
            "url": "https://dotnotsdkbatchaccount1.eastus.batch.azure.com/pools/Scheduling/nodes/tvmps_4f6034df48be8f5019c86793f6ecd919d91ea181203398799a628656ac2d7242_d",
            "state": "starting",
            "schedulingState": "enabled",
            "stateTransitionTime": "2024-06-06T23:10:49.3424941Z",
            "allocationTime": "2024-06-06T23:10:38.5755769Z",
            "ipAddress": "10.0.0.4",
            "affinityId": "TVM:tvmps_4f6034df48be8f5019c86793f6ecd919d91ea181203398799a628656ac2d7242_d",
            "vmSize": "standard_d1_v2",
            "totalTasksRun": 0,
            "totalTasksSucceeded": 0,
            "runningTasksCount": 0,
            "runningTaskSlotsCount": 0,
            "isDedicated": true,
            "endpointConfiguration": {
              "inboundEndpoints": [
                {
                  "name": "SSHRule.0",
                  "protocol": "tcp",
                  "publicIPAddress": "48.217.216.37",
                  "publicFQDN": "dnsbf69ae1a-4b7e-4dd2-a841-92bd1e06b257-azurebatch-cloudservice.eastus.cloudapp.azure.com",
                  "frontendPort": 50000,
                  "backendPort": 3389
                }
              ]
            },
            "virtualMachineInfo": {
              "imageReference": {
                "publisher": "MicrosoftWindowsServer",
                "offer": "WindowsServer",
                "sku": "2019-datacenter-smalldisk",
                "version": "latest",
                "exactVersion": "17763.5820.240510"
              }
            }
          }
        ]
      }
    },
    {
      "RequestUri": "https://dotnotsdkbatchaccount1.eastus.batch.azure.com/pools/Scheduling/nodes?api-version=2024-02-01.19.0",
      "RequestMethod": "GET",
      "RequestHeaders": {
        "Accept": "application/json",
        "Authorization": "Sanitized",
        "client-request-id": "Sanitized",
        "return-client-request-id": "true",
        "traceparent": "00-d3a2059ba908324e06990666cd790fc8-64ba6331ad3b6d53-00",
        "User-Agent": "azsdk-net-Compute.Batch/1.0.0-alpha.20240606.1 (.NET 7.0.19; Microsoft Windows 10.0.22631)",
        "x-ms-client-request-id": "Sanitized",
        "x-ms-return-client-request-id": "true"
      },
      "RequestBody": null,
      "StatusCode": 200,
      "ResponseHeaders": {
        "client-request-id": "Sanitized",
        "Content-Type": "application/json; odata=minimalmetadata",
        "DataServiceVersion": "3.0",
        "Date": "Thu, 06 Jun 2024 23:13:58 GMT",
        "request-id": "4a41a81d-cb5e-42b3-8b7a-f79e8c4cc3e1",
        "Server": "Microsoft-HTTPAPI/2.0",
        "Strict-Transport-Security": "max-age=31536000; includeSubDomains",
        "Transfer-Encoding": "chunked",
        "X-Content-Type-Options": "nosniff"
      },
      "ResponseBody": {
        "odata.metadata": "https://dotnotsdkbatchaccount1.eastus.batch.azure.com/$metadata#nodes",
        "value": [
          {
            "id": "tvmps_4f6034df48be8f5019c86793f6ecd919d91ea181203398799a628656ac2d7242_d",
            "url": "https://dotnotsdkbatchaccount1.eastus.batch.azure.com/pools/Scheduling/nodes/tvmps_4f6034df48be8f5019c86793f6ecd919d91ea181203398799a628656ac2d7242_d",
            "state": "starting",
            "schedulingState": "enabled",
            "stateTransitionTime": "2024-06-06T23:10:49.3424941Z",
            "allocationTime": "2024-06-06T23:10:38.5755769Z",
            "ipAddress": "10.0.0.4",
            "affinityId": "TVM:tvmps_4f6034df48be8f5019c86793f6ecd919d91ea181203398799a628656ac2d7242_d",
            "vmSize": "standard_d1_v2",
            "totalTasksRun": 0,
            "totalTasksSucceeded": 0,
            "runningTasksCount": 0,
            "runningTaskSlotsCount": 0,
            "isDedicated": true,
            "endpointConfiguration": {
              "inboundEndpoints": [
                {
                  "name": "SSHRule.0",
                  "protocol": "tcp",
                  "publicIPAddress": "48.217.216.37",
                  "publicFQDN": "dnsbf69ae1a-4b7e-4dd2-a841-92bd1e06b257-azurebatch-cloudservice.eastus.cloudapp.azure.com",
                  "frontendPort": 50000,
                  "backendPort": 3389
                }
              ]
            },
            "virtualMachineInfo": {
              "imageReference": {
                "publisher": "MicrosoftWindowsServer",
                "offer": "WindowsServer",
                "sku": "2019-datacenter-smalldisk",
                "version": "latest",
                "exactVersion": "17763.5820.240510"
              }
            }
          }
        ]
      }
    },
    {
      "RequestUri": "https://dotnotsdkbatchaccount1.eastus.batch.azure.com/pools/Scheduling/nodes?api-version=2024-02-01.19.0",
      "RequestMethod": "GET",
      "RequestHeaders": {
        "Accept": "application/json",
        "Authorization": "Sanitized",
        "client-request-id": "Sanitized",
        "return-client-request-id": "true",
        "traceparent": "00-83bd624cd9de6011b925b36028394cad-3935f7b641f2c73e-00",
        "User-Agent": "azsdk-net-Compute.Batch/1.0.0-alpha.20240606.1 (.NET 7.0.19; Microsoft Windows 10.0.22631)",
        "x-ms-client-request-id": "Sanitized",
        "x-ms-return-client-request-id": "true"
      },
      "RequestBody": null,
      "StatusCode": 200,
      "ResponseHeaders": {
        "client-request-id": "Sanitized",
        "Content-Type": "application/json; odata=minimalmetadata",
        "DataServiceVersion": "3.0",
        "Date": "Thu, 06 Jun 2024 23:14:08 GMT",
        "request-id": "3db37051-25f6-4c00-bb94-2009bc40c99e",
        "Server": "Microsoft-HTTPAPI/2.0",
        "Strict-Transport-Security": "max-age=31536000; includeSubDomains",
        "Transfer-Encoding": "chunked",
        "X-Content-Type-Options": "nosniff"
      },
      "ResponseBody": {
        "odata.metadata": "https://dotnotsdkbatchaccount1.eastus.batch.azure.com/$metadata#nodes",
        "value": [
          {
            "id": "tvmps_4f6034df48be8f5019c86793f6ecd919d91ea181203398799a628656ac2d7242_d",
            "url": "https://dotnotsdkbatchaccount1.eastus.batch.azure.com/pools/Scheduling/nodes/tvmps_4f6034df48be8f5019c86793f6ecd919d91ea181203398799a628656ac2d7242_d",
            "state": "starting",
            "schedulingState": "enabled",
            "stateTransitionTime": "2024-06-06T23:10:49.3424941Z",
            "allocationTime": "2024-06-06T23:10:38.5755769Z",
            "ipAddress": "10.0.0.4",
            "affinityId": "TVM:tvmps_4f6034df48be8f5019c86793f6ecd919d91ea181203398799a628656ac2d7242_d",
            "vmSize": "standard_d1_v2",
            "totalTasksRun": 0,
            "totalTasksSucceeded": 0,
            "runningTasksCount": 0,
            "runningTaskSlotsCount": 0,
            "isDedicated": true,
            "endpointConfiguration": {
              "inboundEndpoints": [
                {
                  "name": "SSHRule.0",
                  "protocol": "tcp",
                  "publicIPAddress": "48.217.216.37",
                  "publicFQDN": "dnsbf69ae1a-4b7e-4dd2-a841-92bd1e06b257-azurebatch-cloudservice.eastus.cloudapp.azure.com",
                  "frontendPort": 50000,
                  "backendPort": 3389
                }
              ]
            },
            "virtualMachineInfo": {
              "imageReference": {
                "publisher": "MicrosoftWindowsServer",
                "offer": "WindowsServer",
                "sku": "2019-datacenter-smalldisk",
                "version": "latest",
                "exactVersion": "17763.5820.240510"
              }
            }
          }
        ]
      }
    },
    {
      "RequestUri": "https://dotnotsdkbatchaccount1.eastus.batch.azure.com/pools/Scheduling/nodes?api-version=2024-02-01.19.0",
      "RequestMethod": "GET",
      "RequestHeaders": {
        "Accept": "application/json",
        "Authorization": "Sanitized",
        "client-request-id": "Sanitized",
        "return-client-request-id": "true",
        "traceparent": "00-c4a5f7e585f1a49432da6c1c3209fa3a-ee5616ffd2a1d979-00",
        "User-Agent": "azsdk-net-Compute.Batch/1.0.0-alpha.20240606.1 (.NET 7.0.19; Microsoft Windows 10.0.22631)",
        "x-ms-client-request-id": "Sanitized",
        "x-ms-return-client-request-id": "true"
      },
      "RequestBody": null,
      "StatusCode": 200,
      "ResponseHeaders": {
        "client-request-id": "Sanitized",
        "Content-Type": "application/json; odata=minimalmetadata",
        "DataServiceVersion": "3.0",
        "Date": "Thu, 06 Jun 2024 23:14:18 GMT",
        "request-id": "bd8fb321-c8bf-462e-a250-f4ba0a9450d9",
        "Server": "Microsoft-HTTPAPI/2.0",
        "Strict-Transport-Security": "max-age=31536000; includeSubDomains",
        "Transfer-Encoding": "chunked",
        "X-Content-Type-Options": "nosniff"
      },
      "ResponseBody": {
        "odata.metadata": "https://dotnotsdkbatchaccount1.eastus.batch.azure.com/$metadata#nodes",
        "value": [
          {
            "id": "tvmps_4f6034df48be8f5019c86793f6ecd919d91ea181203398799a628656ac2d7242_d",
            "url": "https://dotnotsdkbatchaccount1.eastus.batch.azure.com/pools/Scheduling/nodes/tvmps_4f6034df48be8f5019c86793f6ecd919d91ea181203398799a628656ac2d7242_d",
            "state": "starting",
            "schedulingState": "enabled",
            "stateTransitionTime": "2024-06-06T23:10:49.3424941Z",
            "allocationTime": "2024-06-06T23:10:38.5755769Z",
            "ipAddress": "10.0.0.4",
            "affinityId": "TVM:tvmps_4f6034df48be8f5019c86793f6ecd919d91ea181203398799a628656ac2d7242_d",
            "vmSize": "standard_d1_v2",
            "totalTasksRun": 0,
            "totalTasksSucceeded": 0,
            "runningTasksCount": 0,
            "runningTaskSlotsCount": 0,
            "isDedicated": true,
            "endpointConfiguration": {
              "inboundEndpoints": [
                {
                  "name": "SSHRule.0",
                  "protocol": "tcp",
                  "publicIPAddress": "48.217.216.37",
                  "publicFQDN": "dnsbf69ae1a-4b7e-4dd2-a841-92bd1e06b257-azurebatch-cloudservice.eastus.cloudapp.azure.com",
                  "frontendPort": 50000,
                  "backendPort": 3389
                }
              ]
            },
            "virtualMachineInfo": {
              "imageReference": {
                "publisher": "MicrosoftWindowsServer",
                "offer": "WindowsServer",
                "sku": "2019-datacenter-smalldisk",
                "version": "latest",
                "exactVersion": "17763.5820.240510"
              }
            }
          }
        ]
      }
    },
    {
      "RequestUri": "https://dotnotsdkbatchaccount1.eastus.batch.azure.com/pools/Scheduling/nodes?api-version=2024-02-01.19.0",
      "RequestMethod": "GET",
      "RequestHeaders": {
        "Accept": "application/json",
        "Authorization": "Sanitized",
        "client-request-id": "Sanitized",
        "return-client-request-id": "true",
        "traceparent": "00-2af251f2939f3e29289d6e39cd1e1492-fa6ad58cd4e75430-00",
        "User-Agent": "azsdk-net-Compute.Batch/1.0.0-alpha.20240606.1 (.NET 7.0.19; Microsoft Windows 10.0.22631)",
        "x-ms-client-request-id": "Sanitized",
        "x-ms-return-client-request-id": "true"
      },
      "RequestBody": null,
      "StatusCode": 200,
      "ResponseHeaders": {
        "client-request-id": "Sanitized",
        "Content-Type": "application/json; odata=minimalmetadata",
        "DataServiceVersion": "3.0",
        "Date": "Thu, 06 Jun 2024 23:14:28 GMT",
        "request-id": "7c8657fe-d3b3-4bb5-a05e-bc84ce26899f",
        "Server": "Microsoft-HTTPAPI/2.0",
        "Strict-Transport-Security": "max-age=31536000; includeSubDomains",
        "Transfer-Encoding": "chunked",
        "X-Content-Type-Options": "nosniff"
      },
      "ResponseBody": {
        "odata.metadata": "https://dotnotsdkbatchaccount1.eastus.batch.azure.com/$metadata#nodes",
        "value": [
          {
            "id": "tvmps_4f6034df48be8f5019c86793f6ecd919d91ea181203398799a628656ac2d7242_d",
            "url": "https://dotnotsdkbatchaccount1.eastus.batch.azure.com/pools/Scheduling/nodes/tvmps_4f6034df48be8f5019c86793f6ecd919d91ea181203398799a628656ac2d7242_d",
            "state": "starting",
            "schedulingState": "enabled",
            "stateTransitionTime": "2024-06-06T23:10:49.3424941Z",
            "allocationTime": "2024-06-06T23:10:38.5755769Z",
            "ipAddress": "10.0.0.4",
            "affinityId": "TVM:tvmps_4f6034df48be8f5019c86793f6ecd919d91ea181203398799a628656ac2d7242_d",
            "vmSize": "standard_d1_v2",
            "totalTasksRun": 0,
            "totalTasksSucceeded": 0,
            "runningTasksCount": 0,
            "runningTaskSlotsCount": 0,
            "isDedicated": true,
            "endpointConfiguration": {
              "inboundEndpoints": [
                {
                  "name": "SSHRule.0",
                  "protocol": "tcp",
                  "publicIPAddress": "48.217.216.37",
                  "publicFQDN": "dnsbf69ae1a-4b7e-4dd2-a841-92bd1e06b257-azurebatch-cloudservice.eastus.cloudapp.azure.com",
                  "frontendPort": 50000,
                  "backendPort": 3389
                }
              ]
            },
            "virtualMachineInfo": {
              "imageReference": {
                "publisher": "MicrosoftWindowsServer",
                "offer": "WindowsServer",
                "sku": "2019-datacenter-smalldisk",
                "version": "latest",
                "exactVersion": "17763.5820.240510"
              }
            }
          }
        ]
      }
    },
    {
      "RequestUri": "https://dotnotsdkbatchaccount1.eastus.batch.azure.com/pools/Scheduling/nodes?api-version=2024-02-01.19.0",
      "RequestMethod": "GET",
      "RequestHeaders": {
        "Accept": "application/json",
        "Authorization": "Sanitized",
        "client-request-id": "Sanitized",
        "return-client-request-id": "true",
        "traceparent": "00-830a98343b9fb6c540f0fbc6238a9634-b51af1ca5f7658fd-00",
        "User-Agent": "azsdk-net-Compute.Batch/1.0.0-alpha.20240606.1 (.NET 7.0.19; Microsoft Windows 10.0.22631)",
        "x-ms-client-request-id": "Sanitized",
        "x-ms-return-client-request-id": "true"
      },
      "RequestBody": null,
      "StatusCode": 200,
      "ResponseHeaders": {
        "client-request-id": "Sanitized",
        "Content-Type": "application/json; odata=minimalmetadata",
        "DataServiceVersion": "3.0",
        "Date": "Thu, 06 Jun 2024 23:14:38 GMT",
        "request-id": "d633539f-0c09-49f9-8472-348e821bcc1a",
        "Server": "Microsoft-HTTPAPI/2.0",
        "Strict-Transport-Security": "max-age=31536000; includeSubDomains",
        "Transfer-Encoding": "chunked",
        "X-Content-Type-Options": "nosniff"
      },
      "ResponseBody": {
        "odata.metadata": "https://dotnotsdkbatchaccount1.eastus.batch.azure.com/$metadata#nodes",
        "value": [
          {
            "id": "tvmps_4f6034df48be8f5019c86793f6ecd919d91ea181203398799a628656ac2d7242_d",
            "url": "https://dotnotsdkbatchaccount1.eastus.batch.azure.com/pools/Scheduling/nodes/tvmps_4f6034df48be8f5019c86793f6ecd919d91ea181203398799a628656ac2d7242_d",
            "state": "starting",
            "schedulingState": "enabled",
            "stateTransitionTime": "2024-06-06T23:10:49.3424941Z",
            "allocationTime": "2024-06-06T23:10:38.5755769Z",
            "ipAddress": "10.0.0.4",
            "affinityId": "TVM:tvmps_4f6034df48be8f5019c86793f6ecd919d91ea181203398799a628656ac2d7242_d",
            "vmSize": "standard_d1_v2",
            "totalTasksRun": 0,
            "totalTasksSucceeded": 0,
            "runningTasksCount": 0,
            "runningTaskSlotsCount": 0,
            "isDedicated": true,
            "endpointConfiguration": {
              "inboundEndpoints": [
                {
                  "name": "SSHRule.0",
                  "protocol": "tcp",
                  "publicIPAddress": "48.217.216.37",
                  "publicFQDN": "dnsbf69ae1a-4b7e-4dd2-a841-92bd1e06b257-azurebatch-cloudservice.eastus.cloudapp.azure.com",
                  "frontendPort": 50000,
                  "backendPort": 3389
                }
              ]
            },
            "virtualMachineInfo": {
              "imageReference": {
                "publisher": "MicrosoftWindowsServer",
                "offer": "WindowsServer",
                "sku": "2019-datacenter-smalldisk",
                "version": "latest",
                "exactVersion": "17763.5820.240510"
              }
            }
          }
        ]
      }
    },
    {
      "RequestUri": "https://dotnotsdkbatchaccount1.eastus.batch.azure.com/pools/Scheduling/nodes?api-version=2024-02-01.19.0",
      "RequestMethod": "GET",
      "RequestHeaders": {
        "Accept": "application/json",
        "Authorization": "Sanitized",
        "client-request-id": "Sanitized",
        "return-client-request-id": "true",
        "traceparent": "00-a3939275cd5cebb125b0c84d0e89b3b2-a4c1745222854f28-00",
        "User-Agent": "azsdk-net-Compute.Batch/1.0.0-alpha.20240606.1 (.NET 7.0.19; Microsoft Windows 10.0.22631)",
        "x-ms-client-request-id": "Sanitized",
        "x-ms-return-client-request-id": "true"
      },
      "RequestBody": null,
      "StatusCode": 200,
      "ResponseHeaders": {
        "client-request-id": "Sanitized",
        "Content-Type": "application/json; odata=minimalmetadata",
        "DataServiceVersion": "3.0",
        "Date": "Thu, 06 Jun 2024 23:14:48 GMT",
        "request-id": "4f1ec914-8ec5-43a4-a5c3-246804540521",
        "Server": "Microsoft-HTTPAPI/2.0",
        "Strict-Transport-Security": "max-age=31536000; includeSubDomains",
        "Transfer-Encoding": "chunked",
        "X-Content-Type-Options": "nosniff"
      },
      "ResponseBody": {
        "odata.metadata": "https://dotnotsdkbatchaccount1.eastus.batch.azure.com/$metadata#nodes",
        "value": [
          {
            "id": "tvmps_4f6034df48be8f5019c86793f6ecd919d91ea181203398799a628656ac2d7242_d",
            "url": "https://dotnotsdkbatchaccount1.eastus.batch.azure.com/pools/Scheduling/nodes/tvmps_4f6034df48be8f5019c86793f6ecd919d91ea181203398799a628656ac2d7242_d",
            "state": "starting",
            "schedulingState": "enabled",
            "stateTransitionTime": "2024-06-06T23:10:49.3424941Z",
            "allocationTime": "2024-06-06T23:10:38.5755769Z",
            "ipAddress": "10.0.0.4",
            "affinityId": "TVM:tvmps_4f6034df48be8f5019c86793f6ecd919d91ea181203398799a628656ac2d7242_d",
            "vmSize": "standard_d1_v2",
            "totalTasksRun": 0,
            "totalTasksSucceeded": 0,
            "runningTasksCount": 0,
            "runningTaskSlotsCount": 0,
            "isDedicated": true,
            "endpointConfiguration": {
              "inboundEndpoints": [
                {
                  "name": "SSHRule.0",
                  "protocol": "tcp",
                  "publicIPAddress": "48.217.216.37",
                  "publicFQDN": "dnsbf69ae1a-4b7e-4dd2-a841-92bd1e06b257-azurebatch-cloudservice.eastus.cloudapp.azure.com",
                  "frontendPort": 50000,
                  "backendPort": 3389
                }
              ]
            },
            "virtualMachineInfo": {
              "imageReference": {
                "publisher": "MicrosoftWindowsServer",
                "offer": "WindowsServer",
                "sku": "2019-datacenter-smalldisk",
                "version": "latest",
                "exactVersion": "17763.5820.240510"
              }
            }
          }
        ]
      }
    },
    {
      "RequestUri": "https://dotnotsdkbatchaccount1.eastus.batch.azure.com/pools/Scheduling/nodes?api-version=2024-02-01.19.0",
      "RequestMethod": "GET",
      "RequestHeaders": {
        "Accept": "application/json",
        "Authorization": "Sanitized",
        "client-request-id": "Sanitized",
        "return-client-request-id": "true",
        "traceparent": "00-88c6010317253a0936769c54bb42b077-848c24d9d7f07328-00",
        "User-Agent": "azsdk-net-Compute.Batch/1.0.0-alpha.20240606.1 (.NET 7.0.19; Microsoft Windows 10.0.22631)",
        "x-ms-client-request-id": "Sanitized",
        "x-ms-return-client-request-id": "true"
      },
      "RequestBody": null,
      "StatusCode": 200,
      "ResponseHeaders": {
        "client-request-id": "Sanitized",
        "Content-Type": "application/json; odata=minimalmetadata",
        "DataServiceVersion": "3.0",
        "Date": "Thu, 06 Jun 2024 23:14:58 GMT",
        "request-id": "36cfadaf-6fcb-41a1-b36c-90f5645e5583",
        "Server": "Microsoft-HTTPAPI/2.0",
        "Strict-Transport-Security": "max-age=31536000; includeSubDomains",
        "Transfer-Encoding": "chunked",
        "X-Content-Type-Options": "nosniff"
      },
      "ResponseBody": {
        "odata.metadata": "https://dotnotsdkbatchaccount1.eastus.batch.azure.com/$metadata#nodes",
        "value": [
          {
            "id": "tvmps_4f6034df48be8f5019c86793f6ecd919d91ea181203398799a628656ac2d7242_d",
            "url": "https://dotnotsdkbatchaccount1.eastus.batch.azure.com/pools/Scheduling/nodes/tvmps_4f6034df48be8f5019c86793f6ecd919d91ea181203398799a628656ac2d7242_d",
            "state": "starting",
            "schedulingState": "enabled",
            "stateTransitionTime": "2024-06-06T23:10:49.3424941Z",
            "allocationTime": "2024-06-06T23:10:38.5755769Z",
            "ipAddress": "10.0.0.4",
            "affinityId": "TVM:tvmps_4f6034df48be8f5019c86793f6ecd919d91ea181203398799a628656ac2d7242_d",
            "vmSize": "standard_d1_v2",
            "totalTasksRun": 0,
            "totalTasksSucceeded": 0,
            "runningTasksCount": 0,
            "runningTaskSlotsCount": 0,
            "isDedicated": true,
            "endpointConfiguration": {
              "inboundEndpoints": [
                {
                  "name": "SSHRule.0",
                  "protocol": "tcp",
                  "publicIPAddress": "48.217.216.37",
                  "publicFQDN": "dnsbf69ae1a-4b7e-4dd2-a841-92bd1e06b257-azurebatch-cloudservice.eastus.cloudapp.azure.com",
                  "frontendPort": 50000,
                  "backendPort": 3389
                }
              ]
            },
            "virtualMachineInfo": {
              "imageReference": {
                "publisher": "MicrosoftWindowsServer",
                "offer": "WindowsServer",
                "sku": "2019-datacenter-smalldisk",
                "version": "latest",
                "exactVersion": "17763.5820.240510"
              }
            }
          }
        ]
      }
    },
    {
      "RequestUri": "https://dotnotsdkbatchaccount1.eastus.batch.azure.com/pools/Scheduling/nodes?api-version=2024-02-01.19.0",
      "RequestMethod": "GET",
      "RequestHeaders": {
        "Accept": "application/json",
        "Authorization": "Sanitized",
        "client-request-id": "Sanitized",
        "return-client-request-id": "true",
        "traceparent": "00-90a72cff74c3fe0b07d5d26507eab344-ea3d76ee1fc65f1f-00",
        "User-Agent": "azsdk-net-Compute.Batch/1.0.0-alpha.20240606.1 (.NET 7.0.19; Microsoft Windows 10.0.22631)",
        "x-ms-client-request-id": "Sanitized",
        "x-ms-return-client-request-id": "true"
      },
      "RequestBody": null,
      "StatusCode": 200,
      "ResponseHeaders": {
        "client-request-id": "Sanitized",
        "Content-Type": "application/json; odata=minimalmetadata",
        "DataServiceVersion": "3.0",
        "Date": "Thu, 06 Jun 2024 23:15:08 GMT",
        "request-id": "147b7599-9aee-4c0c-9e6d-c0f7701c69f9",
        "Server": "Microsoft-HTTPAPI/2.0",
        "Strict-Transport-Security": "max-age=31536000; includeSubDomains",
        "Transfer-Encoding": "chunked",
        "X-Content-Type-Options": "nosniff"
      },
      "ResponseBody": {
        "odata.metadata": "https://dotnotsdkbatchaccount1.eastus.batch.azure.com/$metadata#nodes",
        "value": [
          {
            "id": "tvmps_4f6034df48be8f5019c86793f6ecd919d91ea181203398799a628656ac2d7242_d",
            "url": "https://dotnotsdkbatchaccount1.eastus.batch.azure.com/pools/Scheduling/nodes/tvmps_4f6034df48be8f5019c86793f6ecd919d91ea181203398799a628656ac2d7242_d",
            "state": "starting",
            "schedulingState": "enabled",
            "stateTransitionTime": "2024-06-06T23:10:49.3424941Z",
            "allocationTime": "2024-06-06T23:10:38.5755769Z",
            "ipAddress": "10.0.0.4",
            "affinityId": "TVM:tvmps_4f6034df48be8f5019c86793f6ecd919d91ea181203398799a628656ac2d7242_d",
            "vmSize": "standard_d1_v2",
            "totalTasksRun": 0,
            "totalTasksSucceeded": 0,
            "runningTasksCount": 0,
            "runningTaskSlotsCount": 0,
            "isDedicated": true,
            "endpointConfiguration": {
              "inboundEndpoints": [
                {
                  "name": "SSHRule.0",
                  "protocol": "tcp",
                  "publicIPAddress": "48.217.216.37",
                  "publicFQDN": "dnsbf69ae1a-4b7e-4dd2-a841-92bd1e06b257-azurebatch-cloudservice.eastus.cloudapp.azure.com",
                  "frontendPort": 50000,
                  "backendPort": 3389
                }
              ]
            },
            "virtualMachineInfo": {
              "imageReference": {
                "publisher": "MicrosoftWindowsServer",
                "offer": "WindowsServer",
                "sku": "2019-datacenter-smalldisk",
                "version": "latest",
                "exactVersion": "17763.5820.240510"
              }
            }
          }
        ]
      }
    },
    {
      "RequestUri": "https://dotnotsdkbatchaccount1.eastus.batch.azure.com/pools/Scheduling/nodes?api-version=2024-02-01.19.0",
      "RequestMethod": "GET",
      "RequestHeaders": {
        "Accept": "application/json",
        "Authorization": "Sanitized",
        "client-request-id": "Sanitized",
        "return-client-request-id": "true",
        "traceparent": "00-351ccfd5df27e1a060df1f9d6fad7a6a-1e87c23b24b0abad-00",
        "User-Agent": "azsdk-net-Compute.Batch/1.0.0-alpha.20240606.1 (.NET 7.0.19; Microsoft Windows 10.0.22631)",
        "x-ms-client-request-id": "Sanitized",
        "x-ms-return-client-request-id": "true"
      },
      "RequestBody": null,
      "StatusCode": 200,
      "ResponseHeaders": {
        "client-request-id": "Sanitized",
        "Content-Type": "application/json; odata=minimalmetadata",
        "DataServiceVersion": "3.0",
        "Date": "Thu, 06 Jun 2024 23:15:18 GMT",
        "request-id": "066c9374-5d18-4c94-b3d2-b30d2d8808e9",
        "Server": "Microsoft-HTTPAPI/2.0",
        "Strict-Transport-Security": "max-age=31536000; includeSubDomains",
        "Transfer-Encoding": "chunked",
        "X-Content-Type-Options": "nosniff"
      },
      "ResponseBody": {
        "odata.metadata": "https://dotnotsdkbatchaccount1.eastus.batch.azure.com/$metadata#nodes",
        "value": [
          {
            "id": "tvmps_4f6034df48be8f5019c86793f6ecd919d91ea181203398799a628656ac2d7242_d",
            "url": "https://dotnotsdkbatchaccount1.eastus.batch.azure.com/pools/Scheduling/nodes/tvmps_4f6034df48be8f5019c86793f6ecd919d91ea181203398799a628656ac2d7242_d",
            "state": "starting",
            "schedulingState": "enabled",
            "stateTransitionTime": "2024-06-06T23:10:49.3424941Z",
            "allocationTime": "2024-06-06T23:10:38.5755769Z",
            "ipAddress": "10.0.0.4",
            "affinityId": "TVM:tvmps_4f6034df48be8f5019c86793f6ecd919d91ea181203398799a628656ac2d7242_d",
            "vmSize": "standard_d1_v2",
            "totalTasksRun": 0,
            "totalTasksSucceeded": 0,
            "runningTasksCount": 0,
            "runningTaskSlotsCount": 0,
            "isDedicated": true,
            "endpointConfiguration": {
              "inboundEndpoints": [
                {
                  "name": "SSHRule.0",
                  "protocol": "tcp",
                  "publicIPAddress": "48.217.216.37",
                  "publicFQDN": "dnsbf69ae1a-4b7e-4dd2-a841-92bd1e06b257-azurebatch-cloudservice.eastus.cloudapp.azure.com",
                  "frontendPort": 50000,
                  "backendPort": 3389
                }
              ]
            },
            "virtualMachineInfo": {
              "imageReference": {
                "publisher": "MicrosoftWindowsServer",
                "offer": "WindowsServer",
                "sku": "2019-datacenter-smalldisk",
                "version": "latest",
                "exactVersion": "17763.5820.240510"
              }
            }
          }
        ]
      }
    },
    {
      "RequestUri": "https://dotnotsdkbatchaccount1.eastus.batch.azure.com/pools/Scheduling/nodes?api-version=2024-02-01.19.0",
      "RequestMethod": "GET",
      "RequestHeaders": {
        "Accept": "application/json",
        "Authorization": "Sanitized",
        "client-request-id": "Sanitized",
        "return-client-request-id": "true",
        "traceparent": "00-d453f2e76eb001d3d2d02b6bff8b204e-a53ec900fd17bda5-00",
        "User-Agent": "azsdk-net-Compute.Batch/1.0.0-alpha.20240606.1 (.NET 7.0.19; Microsoft Windows 10.0.22631)",
        "x-ms-client-request-id": "Sanitized",
        "x-ms-return-client-request-id": "true"
      },
      "RequestBody": null,
      "StatusCode": 200,
      "ResponseHeaders": {
        "client-request-id": "Sanitized",
        "Content-Type": "application/json; odata=minimalmetadata",
        "DataServiceVersion": "3.0",
        "Date": "Thu, 06 Jun 2024 23:15:29 GMT",
        "request-id": "7086f716-1ffc-4ea0-b5b5-2ca1fd31bd2b",
        "Server": "Microsoft-HTTPAPI/2.0",
        "Strict-Transport-Security": "max-age=31536000; includeSubDomains",
        "Transfer-Encoding": "chunked",
        "X-Content-Type-Options": "nosniff"
      },
      "ResponseBody": {
        "odata.metadata": "https://dotnotsdkbatchaccount1.eastus.batch.azure.com/$metadata#nodes",
        "value": [
          {
            "id": "tvmps_4f6034df48be8f5019c86793f6ecd919d91ea181203398799a628656ac2d7242_d",
            "url": "https://dotnotsdkbatchaccount1.eastus.batch.azure.com/pools/Scheduling/nodes/tvmps_4f6034df48be8f5019c86793f6ecd919d91ea181203398799a628656ac2d7242_d",
            "state": "starting",
            "schedulingState": "enabled",
            "stateTransitionTime": "2024-06-06T23:10:49.3424941Z",
            "allocationTime": "2024-06-06T23:10:38.5755769Z",
            "ipAddress": "10.0.0.4",
            "affinityId": "TVM:tvmps_4f6034df48be8f5019c86793f6ecd919d91ea181203398799a628656ac2d7242_d",
            "vmSize": "standard_d1_v2",
            "totalTasksRun": 0,
            "totalTasksSucceeded": 0,
            "runningTasksCount": 0,
            "runningTaskSlotsCount": 0,
            "isDedicated": true,
            "endpointConfiguration": {
              "inboundEndpoints": [
                {
                  "name": "SSHRule.0",
                  "protocol": "tcp",
                  "publicIPAddress": "48.217.216.37",
                  "publicFQDN": "dnsbf69ae1a-4b7e-4dd2-a841-92bd1e06b257-azurebatch-cloudservice.eastus.cloudapp.azure.com",
                  "frontendPort": 50000,
                  "backendPort": 3389
                }
              ]
            },
            "virtualMachineInfo": {
              "imageReference": {
                "publisher": "MicrosoftWindowsServer",
                "offer": "WindowsServer",
                "sku": "2019-datacenter-smalldisk",
                "version": "latest",
                "exactVersion": "17763.5820.240510"
              }
            }
          }
        ]
      }
    },
    {
      "RequestUri": "https://dotnotsdkbatchaccount1.eastus.batch.azure.com/pools/Scheduling/nodes?api-version=2024-02-01.19.0",
      "RequestMethod": "GET",
      "RequestHeaders": {
        "Accept": "application/json",
        "Authorization": "Sanitized",
        "client-request-id": "Sanitized",
        "return-client-request-id": "true",
        "traceparent": "00-6134774977655b91def1f169d8f3ca00-29dd05490b771a5d-00",
        "User-Agent": "azsdk-net-Compute.Batch/1.0.0-alpha.20240606.1 (.NET 7.0.19; Microsoft Windows 10.0.22631)",
        "x-ms-client-request-id": "Sanitized",
        "x-ms-return-client-request-id": "true"
      },
      "RequestBody": null,
      "StatusCode": 200,
      "ResponseHeaders": {
        "client-request-id": "Sanitized",
        "Content-Type": "application/json; odata=minimalmetadata",
        "DataServiceVersion": "3.0",
        "Date": "Thu, 06 Jun 2024 23:15:39 GMT",
        "request-id": "827495c3-261a-4b3c-9df9-71c0df2dd150",
        "Server": "Microsoft-HTTPAPI/2.0",
        "Strict-Transport-Security": "max-age=31536000; includeSubDomains",
        "Transfer-Encoding": "chunked",
        "X-Content-Type-Options": "nosniff"
      },
      "ResponseBody": {
        "odata.metadata": "https://dotnotsdkbatchaccount1.eastus.batch.azure.com/$metadata#nodes",
        "value": [
          {
            "id": "tvmps_4f6034df48be8f5019c86793f6ecd919d91ea181203398799a628656ac2d7242_d",
            "url": "https://dotnotsdkbatchaccount1.eastus.batch.azure.com/pools/Scheduling/nodes/tvmps_4f6034df48be8f5019c86793f6ecd919d91ea181203398799a628656ac2d7242_d",
            "state": "starting",
            "schedulingState": "enabled",
            "stateTransitionTime": "2024-06-06T23:10:49.3424941Z",
            "allocationTime": "2024-06-06T23:10:38.5755769Z",
            "ipAddress": "10.0.0.4",
            "affinityId": "TVM:tvmps_4f6034df48be8f5019c86793f6ecd919d91ea181203398799a628656ac2d7242_d",
            "vmSize": "standard_d1_v2",
            "totalTasksRun": 0,
            "totalTasksSucceeded": 0,
            "runningTasksCount": 0,
            "runningTaskSlotsCount": 0,
            "isDedicated": true,
            "endpointConfiguration": {
              "inboundEndpoints": [
                {
                  "name": "SSHRule.0",
                  "protocol": "tcp",
                  "publicIPAddress": "48.217.216.37",
                  "publicFQDN": "dnsbf69ae1a-4b7e-4dd2-a841-92bd1e06b257-azurebatch-cloudservice.eastus.cloudapp.azure.com",
                  "frontendPort": 50000,
                  "backendPort": 3389
                }
              ]
            },
            "virtualMachineInfo": {
              "imageReference": {
                "publisher": "MicrosoftWindowsServer",
                "offer": "WindowsServer",
                "sku": "2019-datacenter-smalldisk",
                "version": "latest",
                "exactVersion": "17763.5820.240510"
              }
            }
          }
        ]
      }
    },
    {
      "RequestUri": "https://dotnotsdkbatchaccount1.eastus.batch.azure.com/pools/Scheduling/nodes?api-version=2024-02-01.19.0",
      "RequestMethod": "GET",
      "RequestHeaders": {
        "Accept": "application/json",
        "Authorization": "Sanitized",
        "client-request-id": "Sanitized",
        "return-client-request-id": "true",
        "traceparent": "00-8d02c0cce3a5dbf0f5906e4c497c2c81-d7129ec67b1464eb-00",
        "User-Agent": "azsdk-net-Compute.Batch/1.0.0-alpha.20240606.1 (.NET 7.0.19; Microsoft Windows 10.0.22631)",
        "x-ms-client-request-id": "Sanitized",
        "x-ms-return-client-request-id": "true"
      },
      "RequestBody": null,
      "StatusCode": 200,
      "ResponseHeaders": {
        "client-request-id": "Sanitized",
        "Content-Type": "application/json; odata=minimalmetadata",
        "DataServiceVersion": "3.0",
        "Date": "Thu, 06 Jun 2024 23:15:49 GMT",
        "request-id": "a8a48d76-8c10-425b-808d-5036a6eff738",
        "Server": "Microsoft-HTTPAPI/2.0",
        "Strict-Transport-Security": "max-age=31536000; includeSubDomains",
        "Transfer-Encoding": "chunked",
        "X-Content-Type-Options": "nosniff"
      },
      "ResponseBody": {
        "odata.metadata": "https://dotnotsdkbatchaccount1.eastus.batch.azure.com/$metadata#nodes",
        "value": [
          {
            "id": "tvmps_4f6034df48be8f5019c86793f6ecd919d91ea181203398799a628656ac2d7242_d",
            "url": "https://dotnotsdkbatchaccount1.eastus.batch.azure.com/pools/Scheduling/nodes/tvmps_4f6034df48be8f5019c86793f6ecd919d91ea181203398799a628656ac2d7242_d",
            "state": "idle",
            "schedulingState": "enabled",
            "stateTransitionTime": "2024-06-06T23:15:39.938443Z",
            "lastBootTime": "2024-06-06T23:15:31.433353Z",
            "allocationTime": "2024-06-06T23:10:38.5755769Z",
            "ipAddress": "10.0.0.4",
            "affinityId": "TVM:tvmps_4f6034df48be8f5019c86793f6ecd919d91ea181203398799a628656ac2d7242_d",
            "vmSize": "standard_d1_v2",
            "totalTasksRun": 0,
            "totalTasksSucceeded": 0,
            "runningTasksCount": 0,
            "runningTaskSlotsCount": 0,
            "certificateReferences": [],
            "isDedicated": true,
            "endpointConfiguration": {
              "inboundEndpoints": [
                {
                  "name": "SSHRule.0",
                  "protocol": "tcp",
                  "publicIPAddress": "48.217.216.37",
                  "publicFQDN": "dnsbf69ae1a-4b7e-4dd2-a841-92bd1e06b257-azurebatch-cloudservice.eastus.cloudapp.azure.com",
                  "frontendPort": 50000,
                  "backendPort": 3389
                }
              ]
            },
            "nodeAgentInfo": {
              "lastUpdateTime": "2024-06-06T23:15:31.433353Z",
              "version": "1.11.10"
            },
            "virtualMachineInfo": {
              "imageReference": {
                "publisher": "MicrosoftWindowsServer",
                "offer": "WindowsServer",
                "sku": "2019-datacenter-smalldisk",
                "version": "latest",
                "exactVersion": "17763.5820.240510"
              }
            }
          }
        ]
      }
    },
    {
      "RequestUri": "https://dotnotsdkbatchaccount1.eastus.batch.azure.com/pools/Scheduling/nodes?api-version=2024-02-01.19.0",
      "RequestMethod": "GET",
      "RequestHeaders": {
        "Accept": "application/json",
        "Authorization": "Sanitized",
        "client-request-id": "Sanitized",
        "return-client-request-id": "true",
        "traceparent": "00-f5fd434a37e7e4ad0879b6cd50aef30e-4bc76353241cded6-00",
        "User-Agent": "azsdk-net-Compute.Batch/1.0.0-alpha.20240606.1 (.NET 7.0.19; Microsoft Windows 10.0.22631)",
        "x-ms-client-request-id": "Sanitized",
        "x-ms-return-client-request-id": "true"
      },
      "RequestBody": null,
      "StatusCode": 200,
      "ResponseHeaders": {
        "client-request-id": "Sanitized",
        "Content-Type": "application/json; odata=minimalmetadata",
        "DataServiceVersion": "3.0",
        "Date": "Thu, 06 Jun 2024 23:15:49 GMT",
        "request-id": "7df9188c-2922-42bd-b5d3-62ee081c8ef3",
        "Server": "Microsoft-HTTPAPI/2.0",
        "Strict-Transport-Security": "max-age=31536000; includeSubDomains",
        "Transfer-Encoding": "chunked",
        "X-Content-Type-Options": "nosniff"
      },
      "ResponseBody": {
        "odata.metadata": "https://dotnotsdkbatchaccount1.eastus.batch.azure.com/$metadata#nodes",
        "value": [
          {
            "id": "tvmps_4f6034df48be8f5019c86793f6ecd919d91ea181203398799a628656ac2d7242_d",
            "url": "https://dotnotsdkbatchaccount1.eastus.batch.azure.com/pools/Scheduling/nodes/tvmps_4f6034df48be8f5019c86793f6ecd919d91ea181203398799a628656ac2d7242_d",
            "state": "idle",
            "schedulingState": "enabled",
            "stateTransitionTime": "2024-06-06T23:15:39.938443Z",
            "lastBootTime": "2024-06-06T23:15:31.433353Z",
            "allocationTime": "2024-06-06T23:10:38.5755769Z",
            "ipAddress": "10.0.0.4",
            "affinityId": "TVM:tvmps_4f6034df48be8f5019c86793f6ecd919d91ea181203398799a628656ac2d7242_d",
            "vmSize": "standard_d1_v2",
            "totalTasksRun": 0,
            "totalTasksSucceeded": 0,
            "runningTasksCount": 0,
            "runningTaskSlotsCount": 0,
            "certificateReferences": [],
            "isDedicated": true,
            "endpointConfiguration": {
              "inboundEndpoints": [
                {
                  "name": "SSHRule.0",
                  "protocol": "tcp",
                  "publicIPAddress": "48.217.216.37",
                  "publicFQDN": "dnsbf69ae1a-4b7e-4dd2-a841-92bd1e06b257-azurebatch-cloudservice.eastus.cloudapp.azure.com",
                  "frontendPort": 50000,
                  "backendPort": 3389
                }
              ]
            },
            "nodeAgentInfo": {
              "lastUpdateTime": "2024-06-06T23:15:31.433353Z",
              "version": "1.11.10"
            },
            "virtualMachineInfo": {
              "imageReference": {
                "publisher": "MicrosoftWindowsServer",
                "offer": "WindowsServer",
                "sku": "2019-datacenter-smalldisk",
                "version": "latest",
                "exactVersion": "17763.5820.240510"
              }
            }
          }
        ]
      }
    },
    {
      "RequestUri": "https://dotnotsdkbatchaccount1.eastus.batch.azure.com/pools/Scheduling/nodes/tvmps_4f6034df48be8f5019c86793f6ecd919d91ea181203398799a628656ac2d7242_d/disablescheduling?api-version=2024-02-01.19.0",
      "RequestMethod": "POST",
      "RequestHeaders": {
        "Accept": "application/json",
        "Authorization": "Sanitized",
        "client-request-id": "Sanitized",
        "Content-Length": "48",
        "Content-Type": "application/json; odata=minimalmetadata",
        "return-client-request-id": "true",
        "traceparent": "00-ac1b2bb4bad3eb9432f5feb070375daa-2267c066bd4cdd17-00",
        "User-Agent": "azsdk-net-Compute.Batch/1.0.0-alpha.20240606.1 (.NET 7.0.19; Microsoft Windows 10.0.22631)",
        "x-ms-client-request-id": "Sanitized",
        "x-ms-return-client-request-id": "true"
      },
      "RequestBody": {
        "nodeDisableSchedulingOption": "taskcompletion"
      },
      "StatusCode": 200,
      "ResponseHeaders": {
        "client-request-id": "Sanitized",
        "DataServiceId": "https://dotnotsdkbatchaccount1.eastus.batch.azure.com/pools/Scheduling/nodes/tvmps_4f6034df48be8f5019c86793f6ecd919d91ea181203398799a628656ac2d7242_d/disablescheduling",
        "DataServiceVersion": "3.0",
        "Date": "Thu, 06 Jun 2024 23:15:49 GMT",
        "request-id": "6522cb18-a651-40fc-80d4-ec112652d755",
        "Server": "Microsoft-HTTPAPI/2.0",
        "Strict-Transport-Security": "max-age=31536000; includeSubDomains",
        "Transfer-Encoding": "chunked",
        "X-Content-Type-Options": "nosniff"
      },
      "ResponseBody": null
    },
    {
      "RequestUri": "https://dotnotsdkbatchaccount1.eastus.batch.azure.com/pools/Scheduling/nodes/tvmps_4f6034df48be8f5019c86793f6ecd919d91ea181203398799a628656ac2d7242_d/enablescheduling?api-version=2024-02-01.19.0",
      "RequestMethod": "POST",
      "RequestHeaders": {
        "Accept": "application/json",
        "Authorization": "Sanitized",
        "client-request-id": "Sanitized",
        "Content-Length": "0",
        "return-client-request-id": "true",
        "traceparent": "00-e6d01fb371073534cbd5ea565b04780f-ff6969636c115436-00",
        "User-Agent": "azsdk-net-Compute.Batch/1.0.0-alpha.20240606.1 (.NET 7.0.19; Microsoft Windows 10.0.22631)",
        "x-ms-client-request-id": "Sanitized",
        "x-ms-return-client-request-id": "true"
      },
      "RequestBody": null,
      "StatusCode": 200,
      "ResponseHeaders": {
        "client-request-id": "Sanitized",
        "DataServiceId": "https://dotnotsdkbatchaccount1.eastus.batch.azure.com/pools/Scheduling/nodes/tvmps_4f6034df48be8f5019c86793f6ecd919d91ea181203398799a628656ac2d7242_d/enablescheduling",
        "DataServiceVersion": "3.0",
        "Date": "Thu, 06 Jun 2024 23:15:49 GMT",
        "request-id": "afe2149d-8632-4d59-ac55-40633643b11d",
        "Server": "Microsoft-HTTPAPI/2.0",
        "Strict-Transport-Security": "max-age=31536000; includeSubDomains",
        "Transfer-Encoding": "chunked",
        "X-Content-Type-Options": "nosniff"
      },
      "ResponseBody": null
    },
    {
      "RequestUri": "https://dotnotsdkbatchaccount1.eastus.batch.azure.com/pools/Scheduling/nodes/tvmps_4f6034df48be8f5019c86793f6ecd919d91ea181203398799a628656ac2d7242_d/uploadbatchservicelogs?api-version=2024-02-01.19.0",
      "RequestMethod": "POST",
      "RequestHeaders": {
        "Accept": "application/json",
        "Authorization": "Sanitized",
        "client-request-id": "Sanitized",
        "Content-Length": "71",
        "Content-Type": "application/json; odata=minimalmetadata",
        "return-client-request-id": "true",
        "traceparent": "00-5933f53fe1bb02993920cb6f123a4b35-41dd137c6020c53b-00",
        "User-Agent": "azsdk-net-Compute.Batch/1.0.0-alpha.20240606.1 (.NET 7.0.19; Microsoft Windows 10.0.22631)",
        "x-ms-client-request-id": "Sanitized",
        "x-ms-return-client-request-id": "true"
      },
      "RequestBody": {
        "containerUrl": "Sanitized",
        "startTime": "2026-05-01T07:00:00.0000000Z"
      },
      "StatusCode": 200,
      "ResponseHeaders": {
        "client-request-id": "Sanitized",
        "Content-Type": "application/json; odata=minimalmetadata",
        "DataServiceVersion": "3.0",
        "Date": "Thu, 06 Jun 2024 23:15:50 GMT",
        "request-id": "1656caad-107d-45a2-99a0-4feb6f03a94b",
        "Server": "Microsoft-HTTPAPI/2.0",
        "Strict-Transport-Security": "max-age=31536000; includeSubDomains",
        "Transfer-Encoding": "chunked",
        "X-Content-Type-Options": "nosniff"
      },
      "ResponseBody": {
        "odata.metadata": "https://dotnotsdkbatchaccount1.eastus.batch.azure.com/$metadata#Microsoft.Azure.Batch.Protocol.Entities.UploadBatchServiceLogsResult",
        "virtualDirectoryName": "dotnotsdkbatchaccount1-22EDEF010022F224/scheduling/tvmps_4f6034df48be8f5019c86793f6ecd919d91ea181203398799a628656ac2d7242_d/1656caad-107d-45a2-99a0-4feb6f03a94b",
        "numberOfFilesUploaded": 1
      }
    },
    {
      "RequestUri": "https://dotnotsdkbatchaccount1.eastus.batch.azure.com/pools/Scheduling?api-version=2024-02-01.19.0",
      "RequestMethod": "DELETE",
      "RequestHeaders": {
        "Accept": "application/json",
        "Authorization": "Sanitized",
        "client-request-id": "Sanitized",
        "return-client-request-id": "true",
        "traceparent": "00-683509acc1742e75e8af88c05d775b8a-5a5514b3007804a7-00",
        "User-Agent": "azsdk-net-Compute.Batch/1.0.0-alpha.20240606.1 (.NET 7.0.19; Microsoft Windows 10.0.22631)",
        "x-ms-client-request-id": "Sanitized",
        "x-ms-return-client-request-id": "true"
      },
      "RequestBody": null,
      "StatusCode": 202,
      "ResponseHeaders": {
        "client-request-id": "Sanitized",
        "DataServiceVersion": "3.0",
        "Date": "Thu, 06 Jun 2024 23:15:50 GMT",
        "request-id": "5e116f4b-7ec1-421b-83b8-444022298882",
        "Server": "Microsoft-HTTPAPI/2.0",
        "Strict-Transport-Security": "max-age=31536000; includeSubDomains",
        "Transfer-Encoding": "chunked",
        "X-Content-Type-Options": "nosniff"
      },
      "ResponseBody": null
    }
  ],
  "Variables": {
    "AZURE_AUTHORITY_HOST": "https://login.microsoftonline.com",
    "batch_account_uri": "dotnotsdkbatchaccount1.eastus.batch.azure.com",
    "RandomSeed": "433114693"
  }
}
