{
  "Entries": [
    {
      "RequestUri": "https://seanhnscanada.blob.core.windows.net/test-filesystem-afbad50b-410f-9a88-b00d-f3c4a8315c3c?restype=container",
      "RequestMethod": "PUT",
      "RequestHeaders": {
        "Accept": "application/xml",
        "Authorization": "Sanitized",
        "Content-Length": "0",
        "traceparent": "00-62a236955db1badf2ddff40674c4c3aa-30bc193e47dc1d73-00",
        "User-Agent": "azsdk-net-Storage.Files.DataLake/12.19.0-alpha.20240606.1 (.NET 7.0.20; Microsoft Windows 10.0.22631)",
        "x-ms-client-request-id": "Sanitized",
        "x-ms-date": "Thu, 06 Jun 2024 22:43:15 GMT",
        "x-ms-return-client-request-id": "true",
        "x-ms-version": "2024-08-04"
      },
      "RequestBody": null,
      "StatusCode": 201,
      "ResponseHeaders": {
        "Content-Length": "0",
        "Date": "Thu, 06 Jun 2024 22:43:16 GMT",
        "ETag": "\"0x8DC867A0EF1F86F\"",
        "Last-Modified": "Thu, 06 Jun 2024 22:43:17 GMT",
        "Server": [
          "Windows-Azure-Blob/1.0",
          "Microsoft-HTTPAPI/2.0"
        ],
        "x-ms-client-request-id": "Sanitized",
        "x-ms-request-id": "cf913654-201e-0024-1162-b88912000000",
        "x-ms-version": "2024-08-04"
      },
      "ResponseBody": null
    },
    {
      "RequestUri": "https://seanhnscanada.blob.core.windows.net/test-filesystem-afbad50b-410f-9a88-b00d-f3c4a8315c3c?restype=container",
      "RequestMethod": "GET",
      "RequestHeaders": {
        "Accept": "application/xml",
        "Authorization": "Sanitized",
        "traceparent": "00-12541b564011da5e3e8379db16223587-0a7846b803a63621-00",
        "User-Agent": "azsdk-net-Storage.Files.DataLake/12.19.0-alpha.20240606.1 (.NET 7.0.20; Microsoft Windows 10.0.22631)",
        "x-ms-client-request-id": "Sanitized",
        "x-ms-date": "Thu, 06 Jun 2024 22:43:16 GMT",
        "x-ms-return-client-request-id": "true",
        "x-ms-version": "2024-08-04"
      },
      "RequestBody": null,
      "StatusCode": 200,
      "ResponseHeaders": {
        "Content-Length": "0",
        "Date": "Thu, 06 Jun 2024 22:43:16 GMT",
        "ETag": "\"0x8DC867A0EF1F86F\"",
        "Last-Modified": "Thu, 06 Jun 2024 22:43:17 GMT",
        "Server": [
          "Windows-Azure-Blob/1.0",
          "Microsoft-HTTPAPI/2.0"
        ],
        "x-ms-client-request-id": "Sanitized",
        "x-ms-default-encryption-scope": "$account-encryption-key",
        "x-ms-deny-encryption-scope-override": "false",
        "x-ms-has-immutability-policy": "false",
        "x-ms-has-legal-hold": "false",
        "x-ms-immutable-storage-with-versioning-enabled": "false",
        "x-ms-lease-state": "available",
        "x-ms-lease-status": "unlocked",
        "x-ms-request-id": "cf91368d-201e-0024-4562-b88912000000",
        "x-ms-version": "2024-08-04"
      },
      "ResponseBody": null
    },
    {
      "RequestUri": "https://seanhnscanada.blob.core.windows.net/test-filesystem-afbad50b-410f-9a88-b00d-f3c4a8315c3c?sv=Sanitized&ss=b&srt=sco&st=2024-06-06T21%3A43%3A16Z&se=2024-06-06T23%3A43%3A16Z&sp=rwdxylacuptfi&sig=Sanitized&restype=container",
      "RequestMethod": "GET",
      "RequestHeaders": {
        "Accept": "application/xml",
        "traceparent": "00-0a4194f7a3670e461efb43f92292fc3b-75328fe714dd329f-00",
        "User-Agent": "azsdk-net-Storage.Files.DataLake/12.19.0-alpha.20240606.1 (.NET 7.0.20; Microsoft Windows 10.0.22631)",
        "x-ms-client-request-id": "Sanitized",
        "x-ms-return-client-request-id": "true",
        "x-ms-version": "2024-08-04"
      },
      "RequestBody": null,
      "StatusCode": 200,
      "ResponseHeaders": {
        "Content-Length": "0",
        "Date": "Thu, 06 Jun 2024 22:43:16 GMT",
        "ETag": "\"0x8DC867A0EF1F86F\"",
        "Last-Modified": "Thu, 06 Jun 2024 22:43:17 GMT",
        "Server": [
          "Windows-Azure-Blob/1.0",
          "Microsoft-HTTPAPI/2.0"
        ],
        "x-ms-client-request-id": "Sanitized",
        "x-ms-default-encryption-scope": "$account-encryption-key",
        "x-ms-deny-encryption-scope-override": "false",
        "x-ms-has-immutability-policy": "false",
        "x-ms-has-legal-hold": "false",
        "x-ms-immutable-storage-with-versioning-enabled": "false",
        "x-ms-lease-state": "available",
        "x-ms-lease-status": "unlocked",
        "x-ms-request-id": "cf9136d2-201e-0024-0562-b88912000000",
        "x-ms-version": "2024-08-04"
      },
      "ResponseBody": null
    },
    {
      "RequestUri": "https://seanhnscanada.blob.core.windows.net/test-filesystem-afbad50b-410f-9a88-b00d-f3c4a8315c3c?restype=container",
      "RequestMethod": "DELETE",
      "RequestHeaders": {
        "Accept": "application/xml",
        "Authorization": "Sanitized",
        "traceparent": "00-98aa731fccf3de88885eb025d0ddf935-4ff8630667b12232-00",
        "User-Agent": "azsdk-net-Storage.Files.DataLake/12.19.0-alpha.20240606.1 (.NET 7.0.20; Microsoft Windows 10.0.22631)",
        "x-ms-client-request-id": "Sanitized",
        "x-ms-date": "Thu, 06 Jun 2024 22:43:16 GMT",
        "x-ms-return-client-request-id": "true",
        "x-ms-version": "2024-08-04"
      },
      "RequestBody": null,
      "StatusCode": 202,
      "ResponseHeaders": {
        "Content-Length": "0",
        "Date": "Thu, 06 Jun 2024 22:43:16 GMT",
        "Server": [
          "Windows-Azure-Blob/1.0",
          "Microsoft-HTTPAPI/2.0"
        ],
        "x-ms-client-request-id": "Sanitized",
        "x-ms-request-id": "cf9136f9-201e-0024-2a62-b88912000000",
        "x-ms-version": "2024-08-04"
      },
      "ResponseBody": null
    }
  ],
  "Variables": {
    "DateTimeOffsetNow": "2024-06-06T17:43:16.0041234-05:00",
    "RandomSeed": "29536883",
    "Storage_TestConfigHierarchicalNamespace": "NamespaceTenant\nseanhnscanada\nU2FuaXRpemVk\nhttps://seanhnscanada.blob.core.windows.net\nhttps://seanhnscanada.file.core.windows.net\nhttps://seanhnscanada.queue.core.windows.net\nhttps://seanhnscanada.table.core.windows.net\n\n\n\n\nhttps://seanhnscanada-secondary.blob.core.windows.net\nhttps://seanhnscanada-secondary.file.core.windows.net\nhttps://seanhnscanada-secondary.queue.core.windows.net\nhttps://seanhnscanada-secondary.table.core.windows.net\nCloud\nBlobEndpoint=https://seanhnscanada.blob.core.windows.net/;QueueEndpoint=https://seanhnscanada.queue.core.windows.net/;FileEndpoint=https://seanhnscanada.file.core.windows.net/;BlobSecondaryEndpoint=https://seanhnscanada-secondary.blob.core.windows.net/;QueueSecondaryEndpoint=https://seanhnscanada-secondary.queue.core.windows.net/;FileSecondaryEndpoint=https://seanhnscanada-secondary.file.core.windows.net/;AccountName=seanhnscanada;AccountKey=Sanitized\n\nXClient\n"
  }
}
