{
  "Entries": [
    {
      "RequestUri": "https://seanhnscanada.blob.core.windows.net/test-filesystem-14a73385-4e44-cce3-7ac3-5df831eff336?restype=container",
      "RequestMethod": "PUT",
      "RequestHeaders": {
        "Accept": "application/xml",
        "Authorization": "Sanitized",
        "Content-Length": "0",
        "traceparent": "00-d31d19b00439205b9a65296905a20a05-736694ac214ae2ec-00",
        "User-Agent": "azsdk-net-Storage.Files.DataLake/12.19.0-alpha.20240606.1 (.NET 7.0.20; Microsoft Windows 10.0.22631)",
        "x-ms-client-request-id": "Sanitized",
        "x-ms-return-client-request-id": "true",
        "x-ms-version": "2024-08-04"
      },
      "RequestBody": null,
      "StatusCode": 201,
      "ResponseHeaders": {
        "Content-Length": "0",
        "Date": "Thu, 06 Jun 2024 22:44:28 GMT",
        "ETag": "\"0x8DC867A39D4183A\"",
        "Last-Modified": "Thu, 06 Jun 2024 22:44:29 GMT",
        "Server": [
          "Windows-Azure-Blob/1.0",
          "Microsoft-HTTPAPI/2.0"
        ],
        "x-ms-client-request-id": "Sanitized",
        "x-ms-request-id": "cf91ea29-201e-0024-2c63-b88912000000",
        "x-ms-version": "2024-08-04"
      },
      "ResponseBody": null
    },
    {
      "RequestUri": "https://seanhnscanada.dfs.core.windows.net/test-filesystem-14a73385-4e44-cce3-7ac3-5df831eff336/test-directory-6893c33e-7149-3da1-7ea1-0375ac28c450?resource=directory",
      "RequestMethod": "PUT",
      "RequestHeaders": {
        "Accept": "application/json",
        "Authorization": "Sanitized",
        "Content-Length": "0",
        "traceparent": "00-e17be514bb3ef51c73fa7c26163926cc-0ec9754804f1bb73-00",
        "User-Agent": "azsdk-net-Storage.Files.DataLake/12.19.0-alpha.20240606.1 (.NET 7.0.20; Microsoft Windows 10.0.22631)",
        "x-ms-client-request-id": "Sanitized",
        "x-ms-return-client-request-id": "true",
        "x-ms-version": "2024-08-04"
      },
      "RequestBody": null,
      "StatusCode": 201,
      "ResponseHeaders": {
        "Content-Length": "0",
        "Date": "Thu, 06 Jun 2024 22:44:29 GMT",
        "ETag": "\"0x8DC867A39E41018\"",
        "Last-Modified": "Thu, 06 Jun 2024 22:44:29 GMT",
        "Server": [
          "Windows-Azure-HDFS/1.0",
          "Microsoft-HTTPAPI/2.0"
        ],
        "x-ms-client-request-id": "Sanitized",
        "x-ms-request-id": "6513b2d2-301f-005a-5c63-b81955000000",
        "x-ms-request-server-encrypted": "true",
        "x-ms-version": "2024-08-04"
      },
      "ResponseBody": null
    },
    {
      "RequestUri": "https://seanhnscanada.dfs.core.windows.net/test-filesystem-14a73385-4e44-cce3-7ac3-5df831eff336/test-directory-6893c33e-7149-3da1-7ea1-0375ac28c450/test-file-be235044-430f-688d-aa1a-4084cf744412?resource=file",
      "RequestMethod": "PUT",
      "RequestHeaders": {
        "Accept": "application/json",
        "Authorization": "Sanitized",
        "Content-Length": "0",
        "User-Agent": "azsdk-net-Storage.Files.DataLake/12.19.0-alpha.20240606.1 (.NET 7.0.20; Microsoft Windows 10.0.22631)",
        "x-ms-client-request-id": "Sanitized",
        "x-ms-return-client-request-id": "true",
        "x-ms-version": "2024-08-04"
      },
      "RequestBody": null,
      "StatusCode": 201,
      "ResponseHeaders": {
        "Content-Length": "0",
        "Date": "Thu, 06 Jun 2024 22:44:29 GMT",
        "ETag": "\"0x8DC867A39F1804C\"",
        "Last-Modified": "Thu, 06 Jun 2024 22:44:29 GMT",
        "Server": [
          "Windows-Azure-HDFS/1.0",
          "Microsoft-HTTPAPI/2.0"
        ],
        "x-ms-client-request-id": "Sanitized",
        "x-ms-request-id": "6513b2d3-301f-005a-5d63-b81955000000",
        "x-ms-request-server-encrypted": "true",
        "x-ms-version": "2024-08-04"
      },
      "ResponseBody": null
    },
    {
      "RequestUri": "https://seanhnscanada.blob.core.windows.net/?restype=service&comp=userdelegationkey",
      "RequestMethod": "POST",
      "RequestHeaders": {
        "Accept": "application/xml",
        "Authorization": "Sanitized",
        "Content-Length": "59",
        "Content-Type": "application/xml",
        "traceparent": "00-227f629a07ba428fc365d7657b320257-e41c7ec445389bf9-00",
        "User-Agent": "azsdk-net-Storage.Files.DataLake/12.19.0-alpha.20240606.1 (.NET 7.0.20; Microsoft Windows 10.0.22631)",
        "x-ms-client-request-id": "Sanitized",
        "x-ms-return-client-request-id": "true",
        "x-ms-version": "2024-08-04"
      },
      "RequestBody": "\uFEFF<KeyInfo><Expiry>2024-06-06T23:44:28Z</Expiry></KeyInfo>",
      "StatusCode": 200,
      "ResponseHeaders": {
        "Content-Type": "application/xml",
        "Date": "Thu, 06 Jun 2024 22:44:28 GMT",
        "Server": [
          "Windows-Azure-Blob/1.0",
          "Microsoft-HTTPAPI/2.0"
        ],
        "Transfer-Encoding": "chunked",
        "x-ms-client-request-id": "Sanitized",
        "x-ms-request-id": "cf91eacb-201e-0024-4063-b88912000000",
        "x-ms-version": "2024-08-04"
      },
      "ResponseBody": "\uFEFF<?xml version=\"1.0\" encoding=\"utf-8\"?><UserDelegationKey><SignedOid>e610410d-4aa1-4e96-8f70-bc1850bff049</SignedOid><SignedTid>00000000-0000-0000-0000-000000000000</SignedTid><SignedStart>2024-06-06T22:44:29Z</SignedStart><SignedExpiry>2024-06-06T23:44:28Z</SignedExpiry><SignedService>b</SignedService><SignedVersion>2024-08-04</SignedVersion><Value>MA==</Value></UserDelegationKey>"
    },
    {
      "RequestUri": "https://seanhnscanada.dfs.core.windows.net/test-filesystem-14a73385-4e44-cce3-7ac3-5df831eff336?skoid=00000000-0000-0000-0000-000000000000&sktid=00000000-0000-0000-0000-000000000000&skt=2024-06-06T22%3A44%3A29Z&ske=2024-06-06T23%3A44%3A28Z&sks=b&skv=2024-08-04&sv=Sanitized&st=2024-06-06T21%3A44%3A28Z&se=2024-06-06T23%3A44%3A28Z&sr=c&sp=l&scid=4a29557a-7196-c8e3-018c-720b6ed6da5e&sig=Sanitized&resource=filesystem&recursive=false&upn=false",
      "RequestMethod": "GET",
      "RequestHeaders": {
        "Accept": "application/json",
        "User-Agent": "azsdk-net-Storage.Files.DataLake/12.19.0-alpha.20240606.1 (.NET 7.0.20; Microsoft Windows 10.0.22631)",
        "x-ms-client-request-id": "Sanitized",
        "x-ms-return-client-request-id": "true",
        "x-ms-version": "2024-08-04"
      },
      "RequestBody": null,
      "StatusCode": 200,
      "ResponseHeaders": {
        "Content-Type": "application/json; charset=utf-8",
        "Date": "Thu, 06 Jun 2024 22:44:29 GMT",
        "Server": [
          "Windows-Azure-HDFS/1.0",
          "Microsoft-HTTPAPI/2.0"
        ],
        "Transfer-Encoding": "chunked",
        "x-ms-client-request-id": "Sanitized",
        "x-ms-request-id": "6513b2d4-301f-005a-5e63-b81955000000",
        "x-ms-version": "2024-08-04"
      },
      "ResponseBody": {
        "paths": [
          {
            "contentLength": "0",
            "creationTime": "133621874695147544",
            "etag": "0x8DC867A39E41018",
            "expiryTime": "0",
            "group": "e610410d-4aa1-4e96-8f70-bc1850bff049",
            "isDirectory": "true",
            "lastModified": "Thu, 06 Jun 2024 22:44:29 GMT",
            "name": "test-directory-6893c33e-7149-3da1-7ea1-0375ac28c450",
            "owner": "e610410d-4aa1-4e96-8f70-bc1850bff049",
            "permissions": "rwxr-x---"
          }
        ]
      }
    },
    {
      "RequestUri": "https://seanhnscanada.blob.core.windows.net/test-filesystem-14a73385-4e44-cce3-7ac3-5df831eff336?restype=container",
      "RequestMethod": "DELETE",
      "RequestHeaders": {
        "Accept": "application/xml",
        "Authorization": "Sanitized",
        "traceparent": "00-3ae2951d2d72539f07b3e7c521d699f1-6ce34d715e1ed7e2-00",
        "User-Agent": "azsdk-net-Storage.Files.DataLake/12.19.0-alpha.20240606.1 (.NET 7.0.20; Microsoft Windows 10.0.22631)",
        "x-ms-client-request-id": "Sanitized",
        "x-ms-return-client-request-id": "true",
        "x-ms-version": "2024-08-04"
      },
      "RequestBody": null,
      "StatusCode": 202,
      "ResponseHeaders": {
        "Content-Length": "0",
        "Date": "Thu, 06 Jun 2024 22:44:29 GMT",
        "Server": [
          "Windows-Azure-Blob/1.0",
          "Microsoft-HTTPAPI/2.0"
        ],
        "x-ms-client-request-id": "Sanitized",
        "x-ms-request-id": "cf91eb20-201e-0024-0d63-b88912000000",
        "x-ms-version": "2024-08-04"
      },
      "ResponseBody": null
    }
  ],
  "Variables": {
    "DateTimeOffsetNow": "2024-06-06T17:44:28.1299652-05:00",
    "RandomSeed": "1885983399",
    "Storage_TestConfigHierarchicalNamespace": "NamespaceTenant\nseanhnscanada\nU2FuaXRpemVk\nhttps://seanhnscanada.blob.core.windows.net\nhttps://seanhnscanada.file.core.windows.net\nhttps://seanhnscanada.queue.core.windows.net\nhttps://seanhnscanada.table.core.windows.net\n\n\n\n\nhttps://seanhnscanada-secondary.blob.core.windows.net\nhttps://seanhnscanada-secondary.file.core.windows.net\nhttps://seanhnscanada-secondary.queue.core.windows.net\nhttps://seanhnscanada-secondary.table.core.windows.net\nCloud\nBlobEndpoint=https://seanhnscanada.blob.core.windows.net/;QueueEndpoint=https://seanhnscanada.queue.core.windows.net/;FileEndpoint=https://seanhnscanada.file.core.windows.net/;BlobSecondaryEndpoint=https://seanhnscanada-secondary.blob.core.windows.net/;QueueSecondaryEndpoint=https://seanhnscanada-secondary.queue.core.windows.net/;FileSecondaryEndpoint=https://seanhnscanada-secondary.file.core.windows.net/;AccountName=seanhnscanada;AccountKey=Sanitized\n\nXClient\n"
  }
}
