{
  "Entries": [
    {
      "RequestUri": "https://seanhnscanada.blob.core.windows.net/test-filesystem-c2d8d615-2e5a-b7f1-9a36-74526c3dbbcd?restype=container",
      "RequestMethod": "PUT",
      "RequestHeaders": {
        "Accept": "application/xml",
        "Authorization": "Sanitized",
        "Content-Length": "0",
        "traceparent": "00-28fabd003de0c7f9838c68503e7f7037-25e9cfe010c3270f-00",
        "User-Agent": "azsdk-net-Storage.Files.DataLake/12.19.0-alpha.20240606.1 (.NET 7.0.20; Microsoft Windows 10.0.22631)",
        "x-ms-client-request-id": "Sanitized",
        "x-ms-return-client-request-id": "true",
        "x-ms-version": "2024-08-04"
      },
      "RequestBody": null,
      "StatusCode": 201,
      "ResponseHeaders": {
        "Content-Length": "0",
        "Date": "Thu, 06 Jun 2024 22:43:55 GMT",
        "ETag": "\"0x8DC867A25FE37E7\"",
        "Last-Modified": "Thu, 06 Jun 2024 22:43:56 GMT",
        "Server": [
          "Windows-Azure-Blob/1.0",
          "Microsoft-HTTPAPI/2.0"
        ],
        "x-ms-client-request-id": "Sanitized",
        "x-ms-request-id": "cf919631-201e-0024-5b63-b88912000000",
        "x-ms-version": "2024-08-04"
      },
      "ResponseBody": null
    },
    {
      "RequestUri": "https://seanhnscanada.dfs.core.windows.net/test-filesystem-c2d8d615-2e5a-b7f1-9a36-74526c3dbbcd/test-directory-c5b31283-ff4d-3c28-d04d-f2ed633941cc?resource=directory",
      "RequestMethod": "PUT",
      "RequestHeaders": {
        "Accept": "application/json",
        "Authorization": "Sanitized",
        "Content-Length": "0",
        "traceparent": "00-c4642d4d5b5d9080a4bc4c8c0fa3dcd1-47e097a15a724b5e-00",
        "User-Agent": "azsdk-net-Storage.Files.DataLake/12.19.0-alpha.20240606.1 (.NET 7.0.20; Microsoft Windows 10.0.22631)",
        "x-ms-client-request-id": "Sanitized",
        "x-ms-return-client-request-id": "true",
        "x-ms-version": "2024-08-04"
      },
      "RequestBody": null,
      "StatusCode": 201,
      "ResponseHeaders": {
        "Content-Length": "0",
        "Date": "Thu, 06 Jun 2024 22:43:56 GMT",
        "ETag": "\"0x8DC867A260CD61C\"",
        "Last-Modified": "Thu, 06 Jun 2024 22:43:56 GMT",
        "Server": [
          "Windows-Azure-HDFS/1.0",
          "Microsoft-HTTPAPI/2.0"
        ],
        "x-ms-client-request-id": "Sanitized",
        "x-ms-request-id": "f66e2621-101f-0000-0b63-b87fb2000000",
        "x-ms-request-server-encrypted": "true",
        "x-ms-version": "2024-08-04"
      },
      "ResponseBody": null
    },
    {
      "RequestUri": "https://seanhnscanada.dfs.core.windows.net/test-filesystem-c2d8d615-2e5a-b7f1-9a36-74526c3dbbcd/test-directory-c5b31283-ff4d-3c28-d04d-f2ed633941cc/test-file-4223ede3-be6c-0f0d-fbb7-de3106d5659f?resource=file",
      "RequestMethod": "PUT",
      "RequestHeaders": {
        "Accept": "application/json",
        "Authorization": "Sanitized",
        "Content-Length": "0",
        "User-Agent": "azsdk-net-Storage.Files.DataLake/12.19.0-alpha.20240606.1 (.NET 7.0.20; Microsoft Windows 10.0.22631)",
        "x-ms-client-request-id": "Sanitized",
        "x-ms-return-client-request-id": "true",
        "x-ms-version": "2024-08-04"
      },
      "RequestBody": null,
      "StatusCode": 201,
      "ResponseHeaders": {
        "Content-Length": "0",
        "Date": "Thu, 06 Jun 2024 22:43:56 GMT",
        "ETag": "\"0x8DC867A2619D040\"",
        "Last-Modified": "Thu, 06 Jun 2024 22:43:56 GMT",
        "Server": [
          "Windows-Azure-HDFS/1.0",
          "Microsoft-HTTPAPI/2.0"
        ],
        "x-ms-client-request-id": "Sanitized",
        "x-ms-request-id": "f66e2622-101f-0000-0c63-b87fb2000000",
        "x-ms-request-server-encrypted": "true",
        "x-ms-version": "2024-08-04"
      },
      "ResponseBody": null
    },
    {
      "RequestUri": "https://seanhnscanada.blob.core.windows.net/?restype=service&comp=userdelegationkey",
      "RequestMethod": "POST",
      "RequestHeaders": {
        "Accept": "application/xml",
        "Authorization": "Sanitized",
        "Content-Length": "59",
        "Content-Type": "application/xml",
        "traceparent": "00-ea158c44c74c4fd80de5082a9d2c03ac-038bcbc165d7e671-00",
        "User-Agent": "azsdk-net-Storage.Files.DataLake/12.19.0-alpha.20240606.1 (.NET 7.0.20; Microsoft Windows 10.0.22631)",
        "x-ms-client-request-id": "Sanitized",
        "x-ms-return-client-request-id": "true",
        "x-ms-version": "2024-08-04"
      },
      "RequestBody": "\uFEFF<KeyInfo><Expiry>2024-06-06T23:43:54Z</Expiry></KeyInfo>",
      "StatusCode": 200,
      "ResponseHeaders": {
        "Content-Type": "application/xml",
        "Date": "Thu, 06 Jun 2024 22:43:55 GMT",
        "Server": [
          "Windows-Azure-Blob/1.0",
          "Microsoft-HTTPAPI/2.0"
        ],
        "Transfer-Encoding": "chunked",
        "x-ms-client-request-id": "Sanitized",
        "x-ms-request-id": "cf919708-201e-0024-1363-b88912000000",
        "x-ms-version": "2024-08-04"
      },
      "ResponseBody": "\uFEFF<?xml version=\"1.0\" encoding=\"utf-8\"?><UserDelegationKey><SignedOid>e610410d-4aa1-4e96-8f70-bc1850bff049</SignedOid><SignedTid>00000000-0000-0000-0000-000000000000</SignedTid><SignedStart>2024-06-06T22:43:56Z</SignedStart><SignedExpiry>2024-06-06T23:43:54Z</SignedExpiry><SignedService>b</SignedService><SignedVersion>2024-08-04</SignedVersion><Value>MA==</Value></UserDelegationKey>"
    },
    {
      "RequestUri": "https://seanhnscanada.dfs.core.windows.net/test-filesystem-c2d8d615-2e5a-b7f1-9a36-74526c3dbbcd?skoid=00000000-0000-0000-0000-000000000000&sktid=00000000-0000-0000-0000-000000000000&skt=2024-06-06T22%3A43%3A56Z&ske=2024-06-06T23%3A43%3A54Z&sks=b&skv=2024-08-04&sv=Sanitized&st=2024-06-06T21%3A43%3A54Z&se=2024-06-06T23%3A43%3A54Z&sr=d&sp=racwdlmeop&sdd=1&sig=Sanitized&resource=filesystem&directory=test-directory-c5b31283-ff4d-3c28-d04d-f2ed633941cc&recursive=false&upn=false",
      "RequestMethod": "GET",
      "RequestHeaders": {
        "Accept": "application/json",
        "traceparent": "00-65e842b7386ca319aa0bb6b9d103ad33-c4106e52837621d8-00",
        "User-Agent": "azsdk-net-Storage.Files.DataLake/12.19.0-alpha.20240606.1 (.NET 7.0.20; Microsoft Windows 10.0.22631)",
        "x-ms-client-request-id": "Sanitized",
        "x-ms-return-client-request-id": "true",
        "x-ms-version": "2024-08-04"
      },
      "RequestBody": null,
      "StatusCode": 200,
      "ResponseHeaders": {
        "Content-Type": "application/json; charset=utf-8",
        "Date": "Thu, 06 Jun 2024 22:43:56 GMT",
        "Server": [
          "Windows-Azure-HDFS/1.0",
          "Microsoft-HTTPAPI/2.0"
        ],
        "Transfer-Encoding": "chunked",
        "x-ms-client-request-id": "Sanitized",
        "x-ms-request-id": "f66e2625-101f-0000-0f63-b87fb2000000",
        "x-ms-version": "2024-08-04"
      },
      "ResponseBody": {
        "paths": [
          {
            "contentLength": "0",
            "creationTime": "133621874363125824",
            "etag": "0x8DC867A2619D040",
            "expiryTime": "0",
            "group": "e610410d-4aa1-4e96-8f70-bc1850bff049",
            "lastModified": "Thu, 06 Jun 2024 22:43:56 GMT",
            "name": "test-directory-c5b31283-ff4d-3c28-d04d-f2ed633941cc/test-file-4223ede3-be6c-0f0d-fbb7-de3106d5659f",
            "owner": "e610410d-4aa1-4e96-8f70-bc1850bff049",
            "permissions": "rw-r-----"
          }
        ]
      }
    },
    {
      "RequestUri": "https://seanhnscanada.blob.core.windows.net/test-filesystem-c2d8d615-2e5a-b7f1-9a36-74526c3dbbcd?restype=container",
      "RequestMethod": "DELETE",
      "RequestHeaders": {
        "Accept": "application/xml",
        "Authorization": "Sanitized",
        "traceparent": "00-262475610f0fdcb89d9bdb6884a1422a-e7a6a94fac52e1cc-00",
        "User-Agent": "azsdk-net-Storage.Files.DataLake/12.19.0-alpha.20240606.1 (.NET 7.0.20; Microsoft Windows 10.0.22631)",
        "x-ms-client-request-id": "Sanitized",
        "x-ms-return-client-request-id": "true",
        "x-ms-version": "2024-08-04"
      },
      "RequestBody": null,
      "StatusCode": 202,
      "ResponseHeaders": {
        "Content-Length": "0",
        "Date": "Thu, 06 Jun 2024 22:43:55 GMT",
        "Server": [
          "Windows-Azure-Blob/1.0",
          "Microsoft-HTTPAPI/2.0"
        ],
        "x-ms-client-request-id": "Sanitized",
        "x-ms-request-id": "cf91976a-201e-0024-6463-b88912000000",
        "x-ms-version": "2024-08-04"
      },
      "ResponseBody": null
    }
  ],
  "Variables": {
    "DateTimeOffsetNow": "2024-06-06T17:43:54.8494573-05:00",
    "RandomSeed": "3258283",
    "Storage_TestConfigHierarchicalNamespace": "NamespaceTenant\nseanhnscanada\nU2FuaXRpemVk\nhttps://seanhnscanada.blob.core.windows.net\nhttps://seanhnscanada.file.core.windows.net\nhttps://seanhnscanada.queue.core.windows.net\nhttps://seanhnscanada.table.core.windows.net\n\n\n\n\nhttps://seanhnscanada-secondary.blob.core.windows.net\nhttps://seanhnscanada-secondary.file.core.windows.net\nhttps://seanhnscanada-secondary.queue.core.windows.net\nhttps://seanhnscanada-secondary.table.core.windows.net\nCloud\nBlobEndpoint=https://seanhnscanada.blob.core.windows.net/;QueueEndpoint=https://seanhnscanada.queue.core.windows.net/;FileEndpoint=https://seanhnscanada.file.core.windows.net/;BlobSecondaryEndpoint=https://seanhnscanada-secondary.blob.core.windows.net/;QueueSecondaryEndpoint=https://seanhnscanada-secondary.queue.core.windows.net/;FileSecondaryEndpoint=https://seanhnscanada-secondary.file.core.windows.net/;AccountName=seanhnscanada;AccountKey=Sanitized\n\nXClient\n"
  }
}
