{
  "Entries": [
    {
      "RequestUri": "https://REDACTED.vault.azure.net/secrets/SecondCreateTest?api-version=7.5",
      "RequestMethod": "PUT",
      "RequestHeaders": {
        "Authorization": "Sanitized",
        "Content-Length": "48",
        "Content-Type": "application/json",
        "Expect": "100-continue",
        "User-Agent": "azsdk-cpp-keyvault-secrets/4.3.0-beta.2 (Windows 10 Enterprise 6.3 22631 22621.1.amd64fre.ni_release.220506-1250)",
        "x-ms-client-request-id": "Sanitized"
      },
      "RequestBody": {
        "attributes": {
          "tags": {}
        },
        "value": "secretValue"
      },
      "StatusCode": 200,
      "ResponseHeaders": {
        "Cache-Control": "no-cache",
        "Content-Length": "173",
        "Content-Type": "application/json; charset=utf-8",
        "Date": "Tue, 23 Apr 2024 15:50:48 GMT",
        "Expires": "-1",
        "Pragma": "no-cache",
        "Strict-Transport-Security": "max-age=31536000;includeSubDomains",
        "X-Content-Type-Options": "nosniff",
        "x-ms-client-request-id": "Sanitized",
        "x-ms-keyvault-network-info": "conn_type=Ipv4;addr=174.165.214.215;act_addr_fam=InterNetwork;",
        "x-ms-keyvault-region": "westus",
        "x-ms-keyvault-service-version": "1.9.1430.1",
        "x-ms-request-id": "Sanitized"
      },
      "ResponseBody": {
        "value": "secretValue",
        "id": "Sanitized",
        "attributes": {
          "enabled": true,
          "created": 1713887448,
          "updated": 1713887448,
          "recoveryLevel": "Recoverable+Purgeable",
          "recoverableDays": 90
        }
      }
    },
    {
      "RequestUri": "https://REDACTED.vault.azure.net/secrets/SecondCreateTest?api-version=7.5",
      "RequestMethod": "PUT",
      "RequestHeaders": {
        "Authorization": "Sanitized",
        "Content-Length": "49",
        "Content-Type": "application/json",
        "Expect": "100-continue",
        "User-Agent": "azsdk-cpp-keyvault-secrets/4.3.0-beta.2 (Windows 10 Enterprise 6.3 22631 22621.1.amd64fre.ni_release.220506-1250)",
        "x-ms-client-request-id": "Sanitized"
      },
      "RequestBody": {
        "attributes": {
          "tags": {}
        },
        "value": "secretValue2"
      },
      "StatusCode": 200,
      "ResponseHeaders": {
        "Cache-Control": "no-cache",
        "Content-Length": "174",
        "Content-Type": "application/json; charset=utf-8",
        "Date": "Tue, 23 Apr 2024 15:50:48 GMT",
        "Expires": "-1",
        "Pragma": "no-cache",
        "Strict-Transport-Security": "max-age=31536000;includeSubDomains",
        "X-Content-Type-Options": "nosniff",
        "x-ms-client-request-id": "Sanitized",
        "x-ms-keyvault-network-info": "conn_type=Ipv4;addr=174.165.214.215;act_addr_fam=InterNetwork;",
        "x-ms-keyvault-region": "westus",
        "x-ms-keyvault-service-version": "1.9.1430.1",
        "x-ms-request-id": "Sanitized"
      },
      "ResponseBody": {
        "value": "secretValue2",
        "id": "Sanitized",
        "attributes": {
          "enabled": true,
          "created": 1713887448,
          "updated": 1713887448,
          "recoveryLevel": "Recoverable+Purgeable",
          "recoverableDays": 90
        }
      }
    },
    {
      "RequestUri": "https://REDACTED.vault.azure.net/secrets/SecondCreateTest/versions?api-version=7.5",
      "RequestMethod": "GET",
      "RequestHeaders": {
        "Authorization": "Sanitized",
        "Content-Type": "application/json",
        "User-Agent": "azsdk-cpp-keyvault-secrets/4.3.0-beta.2 (Windows 10 Enterprise 6.3 22631 22621.1.amd64fre.ni_release.220506-1250)",
        "x-ms-client-request-id": "Sanitized"
      },
      "RequestBody": null,
      "StatusCode": 200,
      "ResponseHeaders": {
        "Cache-Control": "no-cache",
        "Content-Length": "331",
        "Content-Type": "application/json; charset=utf-8",
        "Date": "Tue, 23 Apr 2024 15:50:48 GMT",
        "Expires": "-1",
        "Pragma": "no-cache",
        "Strict-Transport-Security": "max-age=31536000;includeSubDomains",
        "X-Content-Type-Options": "nosniff",
        "x-ms-client-request-id": "Sanitized",
        "x-ms-keyvault-network-info": "conn_type=Ipv4;addr=174.165.214.215;act_addr_fam=InterNetwork;",
        "x-ms-keyvault-region": "westus",
        "x-ms-keyvault-service-version": "1.9.1430.1",
        "x-ms-request-id": "Sanitized"
      },
      "ResponseBody": {
        "value": [
          {
            "id": "Sanitized",
            "attributes": {
              "enabled": true,
              "created": 1713887448,
              "updated": 1713887448,
              "recoveryLevel": "Recoverable+Purgeable",
              "recoverableDays": 90
            }
          },
          {
            "id": "Sanitized",
            "attributes": {
              "enabled": true,
              "created": 1713887448,
              "updated": 1713887448,
              "recoveryLevel": "Recoverable+Purgeable",
              "recoverableDays": 90
            }
          }
        ],
        "nextLink": null
      }
    },
    {
      "RequestUri": "https://REDACTED.vault.azure.net/secrets/SecondCreateTest?api-version=7.5",
      "RequestMethod": "DELETE",
      "RequestHeaders": {
        "Authorization": "Sanitized",
        "Content-Type": "application/json",
        "User-Agent": "azsdk-cpp-keyvault-secrets/4.3.0-beta.2 (Windows 10 Enterprise 6.3 22631 22621.1.amd64fre.ni_release.220506-1250)",
        "x-ms-client-request-id": "Sanitized"
      },
      "RequestBody": null,
      "StatusCode": 200,
      "ResponseHeaders": {
        "Cache-Control": "no-cache",
        "Content-Length": "297",
        "Content-Type": "application/json; charset=utf-8",
        "Date": "Tue, 23 Apr 2024 15:50:48 GMT",
        "Expires": "-1",
        "Pragma": "no-cache",
        "Strict-Transport-Security": "max-age=31536000;includeSubDomains",
        "X-Content-Type-Options": "nosniff",
        "x-ms-client-request-id": "Sanitized",
        "x-ms-keyvault-network-info": "conn_type=Ipv4;addr=174.165.214.215;act_addr_fam=InterNetwork;",
        "x-ms-keyvault-region": "westus",
        "x-ms-keyvault-service-version": "1.9.1430.1",
        "x-ms-request-id": "Sanitized"
      },
      "ResponseBody": {
        "recoveryId": "https://t74b68ef3acc1f78c.vault.azure.net/deletedsecrets/SecondCreateTest",
        "deletedDate": 1713887448,
        "scheduledPurgeDate": 1721663448,
        "id": "Sanitized",
        "attributes": {
          "enabled": true,
          "created": 1713887448,
          "updated": 1713887448,
          "recoveryLevel": "Recoverable+Purgeable",
          "recoverableDays": 90
        }
      }
    },
    {
      "RequestUri": "https://REDACTED.vault.azure.net/deletedsecrets/SecondCreateTest?api-version=7.5",
      "RequestMethod": "GET",
      "RequestHeaders": {
        "Authorization": "Sanitized",
        "Content-Type": "application/json",
        "User-Agent": "azsdk-cpp-keyvault-secrets/4.3.0-beta.2 (Windows 10 Enterprise 6.3 22631 22621.1.amd64fre.ni_release.220506-1250)",
        "x-ms-client-request-id": "Sanitized"
      },
      "RequestBody": null,
      "StatusCode": 404,
      "ResponseHeaders": {
        "Cache-Control": "no-cache",
        "Content-Length": "90",
        "Content-Type": "application/json; charset=utf-8",
        "Date": "Tue, 23 Apr 2024 15:50:48 GMT",
        "Expires": "-1",
        "Pragma": "no-cache",
        "Strict-Transport-Security": "max-age=31536000;includeSubDomains",
        "X-Content-Type-Options": "nosniff",
        "x-ms-client-request-id": "Sanitized",
        "x-ms-keyvault-network-info": "conn_type=Ipv4;addr=174.165.214.215;act_addr_fam=InterNetwork;",
        "x-ms-keyvault-region": "westus",
        "x-ms-keyvault-service-version": "1.9.1430.1",
        "x-ms-request-id": "Sanitized"
      },
      "ResponseBody": {
        "error": {
          "code": "SecretNotFound",
          "message": "Deleted Secret not found: SecondCreateTest"
        }
      }
    },
    {
      "RequestUri": "https://REDACTED.vault.azure.net/deletedsecrets/SecondCreateTest?api-version=7.5",
      "RequestMethod": "GET",
      "RequestHeaders": {
        "Authorization": "Sanitized",
        "Content-Type": "application/json",
        "User-Agent": "azsdk-cpp-keyvault-secrets/4.3.0-beta.2 (Windows 10 Enterprise 6.3 22631 22621.1.amd64fre.ni_release.220506-1250)",
        "x-ms-client-request-id": "Sanitized"
      },
      "RequestBody": null,
      "StatusCode": 200,
      "ResponseHeaders": {
        "Cache-Control": "no-cache",
        "Content-Length": "297",
        "Content-Type": "application/json; charset=utf-8",
        "Date": "Tue, 23 Apr 2024 15:51:48 GMT",
        "Expires": "-1",
        "Pragma": "no-cache",
        "Strict-Transport-Security": "max-age=31536000;includeSubDomains",
        "X-Content-Type-Options": "nosniff",
        "x-ms-client-request-id": "Sanitized",
        "x-ms-keyvault-network-info": "conn_type=Ipv4;addr=174.165.214.215;act_addr_fam=InterNetwork;",
        "x-ms-keyvault-region": "westus",
        "x-ms-keyvault-service-version": "1.9.1430.1",
        "x-ms-request-id": "Sanitized"
      },
      "ResponseBody": {
        "recoveryId": "https://t74b68ef3acc1f78c.vault.azure.net/deletedsecrets/SecondCreateTest",
        "deletedDate": 1713887448,
        "scheduledPurgeDate": 1721663448,
        "id": "Sanitized",
        "attributes": {
          "enabled": true,
          "created": 1713887448,
          "updated": 1713887448,
          "recoveryLevel": "Recoverable+Purgeable",
          "recoverableDays": 90
        }
      }
    },
    {
      "RequestUri": "https://REDACTED.vault.azure.net/deletedsecrets/SecondCreateTest?api-version=7.5",
      "RequestMethod": "GET",
      "RequestHeaders": {
        "Authorization": "Sanitized",
        "Content-Type": "application/json",
        "User-Agent": "azsdk-cpp-keyvault-secrets/4.3.0-beta.2 (Windows 10 Enterprise 6.3 22631 22621.1.amd64fre.ni_release.220506-1250)",
        "x-ms-client-request-id": "Sanitized"
      },
      "RequestBody": null,
      "StatusCode": 200,
      "ResponseHeaders": {
        "Cache-Control": "no-cache",
        "Content-Length": "297",
        "Content-Type": "application/json; charset=utf-8",
        "Date": "Tue, 23 Apr 2024 15:51:48 GMT",
        "Expires": "-1",
        "Pragma": "no-cache",
        "Strict-Transport-Security": "max-age=31536000;includeSubDomains",
        "X-Content-Type-Options": "nosniff",
        "x-ms-client-request-id": "Sanitized",
        "x-ms-keyvault-network-info": "conn_type=Ipv4;addr=174.165.214.215;act_addr_fam=InterNetwork;",
        "x-ms-keyvault-region": "westus",
        "x-ms-keyvault-service-version": "1.9.1430.1",
        "x-ms-request-id": "Sanitized"
      },
      "ResponseBody": {
        "recoveryId": "https://t74b68ef3acc1f78c.vault.azure.net/deletedsecrets/SecondCreateTest",
        "deletedDate": 1713887448,
        "scheduledPurgeDate": 1721663448,
        "id": "Sanitized",
        "attributes": {
          "enabled": true,
          "created": 1713887448,
          "updated": 1713887448,
          "recoveryLevel": "Recoverable+Purgeable",
          "recoverableDays": 90
        }
      }
    },
    {
      "RequestUri": "https://REDACTED.vault.azure.net/deletedsecrets/SecondCreateTest?api-version=7.5",
      "RequestMethod": "DELETE",
      "RequestHeaders": {
        "Authorization": "Sanitized",
        "Content-Type": "application/json",
        "User-Agent": "azsdk-cpp-keyvault-secrets/4.3.0-beta.2 (Windows 10 Enterprise 6.3 22631 22621.1.amd64fre.ni_release.220506-1250)",
        "x-ms-client-request-id": "Sanitized"
      },
      "RequestBody": null,
      "StatusCode": 204,
      "ResponseHeaders": {
        "Cache-Control": "no-cache",
        "Date": "Tue, 23 Apr 2024 15:51:48 GMT",
        "Expires": "-1",
        "Pragma": "no-cache",
        "Strict-Transport-Security": "max-age=31536000;includeSubDomains",
        "X-Content-Type-Options": "nosniff",
        "x-ms-client-request-id": "Sanitized",
        "x-ms-keyvault-network-info": "conn_type=Ipv4;addr=174.165.214.215;act_addr_fam=InterNetwork;",
        "x-ms-keyvault-region": "westus",
        "x-ms-keyvault-service-version": "1.9.1430.1",
        "x-ms-request-id": "Sanitized"
      },
      "ResponseBody": null
    }
  ],
  "Variables": {}
}
