{
  "Entries": [
    {
      "RequestUri": "https://sanitized.communication.azure.com/sip?api-version=2023-03-01",
      "RequestMethod": "PATCH",
      "RequestHeaders": {
        "Accept": "application/json",
        "Authorization": "Sanitized",
        "Content-Length": "13",
        "Content-Type": "application/merge-patch\u002Bjson",
        "traceparent": "00-450cc2c9dfb20b836634ee5cba29928d-020f47de16e4a23e-00",
        "User-Agent": "azsdk-net-Communication.PhoneNumbers/1.3.0-alpha.20240314.1 (.NET 7.0.17; Microsoft Windows 10.0.22621)",
        "x-ms-client-request-id": "94bba29708ffea667c9fd0623c951060",
        "x-ms-content-sha256": "Sanitized",
        "x-ms-date": "Thu, 14 Mar 2024 20:56:27 GMT",
        "x-ms-return-client-request-id": "true"
      },
      "RequestBody": {
        "routes": []
      },
      "StatusCode": 200,
      "ResponseHeaders": {
        "api-supported-versions": "2023-03-01, 2023-04-01-preview",
        "Content-Length": "25",
        "Content-Type": "application/json; charset=utf-8",
        "Date": "Thu, 14 Mar 2024 20:56:26 GMT",
        "MS-CV": "gdm8sYvOzkGkQiw3LJHmLg.0",
        "Strict-Transport-Security": "max-age=31536000;includeSubDomains",
        "X-Azure-Ref": "0emTzZQAAAACdlC0aDrrOQLoa\u002B8EWRoJHV1NURURHRTA4MjIAOWZjN2I1MTktYThjYy00Zjg5LTkzNWUtYzkxNDhhZTA5ZTgx",
        "X-Cache": "CONFIG_NOCACHE",
        "X-Processing-Time": "133ms"
      },
      "ResponseBody": {
        "trunks": {},
        "routes": []
      }
    },
    {
      "RequestUri": "https://sanitized.communication.azure.com/sip?api-version=2023-03-01",
      "RequestMethod": "GET",
      "RequestHeaders": {
        "Accept": "application/json",
        "Authorization": "Sanitized",
        "traceparent": "00-4922af7d4ed788fbe75ef4008e8f4943-a6ee55b1f5598c91-00",
        "User-Agent": "azsdk-net-Communication.PhoneNumbers/1.3.0-alpha.20240314.1 (.NET 7.0.17; Microsoft Windows 10.0.22621)",
        "x-ms-client-request-id": "563333c017a9f652e055da615d10501d",
        "x-ms-content-sha256": "Sanitized",
        "x-ms-date": "Thu, 14 Mar 2024 20:56:27 GMT",
        "x-ms-return-client-request-id": "true"
      },
      "RequestBody": null,
      "StatusCode": 200,
      "ResponseHeaders": {
        "api-supported-versions": "2023-03-01, 2023-04-01-preview",
        "Content-Length": "25",
        "Content-Type": "application/json; charset=utf-8",
        "Date": "Thu, 14 Mar 2024 20:56:26 GMT",
        "MS-CV": "MhtJORd6Pk\u002BDweOTFLs3uQ.0",
        "Strict-Transport-Security": "max-age=31536000;includeSubDomains",
        "X-Azure-Ref": "0e2TzZQAAAABUP6h6R2mLRIqk6fdDKrAqV1NURURHRTA4MjIAOWZjN2I1MTktYThjYy00Zjg5LTkzNWUtYzkxNDhhZTA5ZTgx",
        "X-Cache": "CONFIG_NOCACHE",
        "X-Processing-Time": "173ms"
      },
      "ResponseBody": {
        "trunks": {},
        "routes": []
      }
    },
    {
      "RequestUri": "https://sanitized.communication.azure.com/sip?api-version=2023-03-01",
      "RequestMethod": "PATCH",
      "RequestHeaders": {
        "Accept": "application/json",
        "Authorization": "Sanitized",
        "Content-Length": "13",
        "Content-Type": "application/merge-patch\u002Bjson",
        "traceparent": "00-ad306d6b785c6334784f90a66fc954f0-ba4a2ccedce9418e-00",
        "User-Agent": "azsdk-net-Communication.PhoneNumbers/1.3.0-alpha.20240314.1 (.NET 7.0.17; Microsoft Windows 10.0.22621)",
        "x-ms-client-request-id": "fb8900457c7ccb30ab0a466aaa8ddfc5",
        "x-ms-content-sha256": "Sanitized",
        "x-ms-date": "Thu, 14 Mar 2024 20:56:28 GMT",
        "x-ms-return-client-request-id": "true"
      },
      "RequestBody": {
        "routes": []
      },
      "StatusCode": 200,
      "ResponseHeaders": {
        "api-supported-versions": "2023-03-01, 2023-04-01-preview",
        "Content-Length": "25",
        "Content-Type": "application/json; charset=utf-8",
        "Date": "Thu, 14 Mar 2024 20:56:26 GMT",
        "MS-CV": "1UwzqrRZ402nQNwQ9DW\u002BSQ.0",
        "Strict-Transport-Security": "max-age=31536000;includeSubDomains",
        "X-Azure-Ref": "0e2TzZQAAAABKyQcshZdNSacSMEedkW8LV1NURURHRTA4MjIAOWZjN2I1MTktYThjYy00Zjg5LTkzNWUtYzkxNDhhZTA5ZTgx",
        "X-Cache": "CONFIG_NOCACHE",
        "X-Processing-Time": "153ms"
      },
      "ResponseBody": {
        "trunks": {},
        "routes": []
      }
    },
    {
      "RequestUri": "https://sanitized.communication.azure.com/sip?api-version=2023-03-01",
      "RequestMethod": "GET",
      "RequestHeaders": {
        "Accept": "application/json",
        "Authorization": "Sanitized",
        "traceparent": "00-4cfc75e67ea7f0e4627e6d9afeffb545-a198745067668090-00",
        "User-Agent": "azsdk-net-Communication.PhoneNumbers/1.3.0-alpha.20240314.1 (.NET 7.0.17; Microsoft Windows 10.0.22621)",
        "x-ms-client-request-id": "3745d8d752547ff450c4b4aa2d058d6c",
        "x-ms-content-sha256": "Sanitized",
        "x-ms-date": "Thu, 14 Mar 2024 20:56:28 GMT",
        "x-ms-return-client-request-id": "true"
      },
      "RequestBody": null,
      "StatusCode": 200,
      "ResponseHeaders": {
        "api-supported-versions": "2023-03-01, 2023-04-01-preview",
        "Content-Length": "25",
        "Content-Type": "application/json; charset=utf-8",
        "Date": "Thu, 14 Mar 2024 20:56:27 GMT",
        "MS-CV": "RP\u002BMVzEfXEam9K6RzrRzlg.0",
        "Strict-Transport-Security": "max-age=31536000;includeSubDomains",
        "X-Azure-Ref": "0e2TzZQAAAAAR1gBBCdsHQbMXK93Qc8goV1NURURHRTA4MjIAOWZjN2I1MTktYThjYy00Zjg5LTkzNWUtYzkxNDhhZTA5ZTgx",
        "X-Cache": "CONFIG_NOCACHE",
        "X-Processing-Time": "125ms"
      },
      "ResponseBody": {
        "trunks": {},
        "routes": []
      }
    },
    {
      "RequestUri": "https://sanitized.communication.azure.com/sip?api-version=2023-03-01",
      "RequestMethod": "PATCH",
      "RequestHeaders": {
        "Accept": "application/json",
        "Authorization": "Sanitized",
        "Content-Length": "13",
        "Content-Type": "application/merge-patch\u002Bjson",
        "traceparent": "00-ed3a3c3595ead14a4c76f128549b1655-b563fc98196f8abd-00",
        "User-Agent": "azsdk-net-Communication.PhoneNumbers/1.3.0-alpha.20240314.1 (.NET 7.0.17; Microsoft Windows 10.0.22621)",
        "x-ms-client-request-id": "3c1cb24f140c43e40368ab9ed0e84b52",
        "x-ms-content-sha256": "Sanitized",
        "x-ms-date": "Thu, 14 Mar 2024 20:56:28 GMT",
        "x-ms-return-client-request-id": "true"
      },
      "RequestBody": {
        "routes": []
      },
      "StatusCode": 200,
      "ResponseHeaders": {
        "api-supported-versions": "2023-03-01, 2023-04-01-preview",
        "Content-Length": "25",
        "Content-Type": "application/json; charset=utf-8",
        "Date": "Thu, 14 Mar 2024 20:56:27 GMT",
        "MS-CV": "\u002BRhrAZYWLkWO1Ce3oJar1Q.0",
        "Strict-Transport-Security": "max-age=31536000;includeSubDomains",
        "X-Azure-Ref": "0e2TzZQAAAABvPzOEjVQ9R5cKyR\u002BjcqrZV1NURURHRTA4MjIAOWZjN2I1MTktYThjYy00Zjg5LTkzNWUtYzkxNDhhZTA5ZTgx",
        "X-Cache": "CONFIG_NOCACHE",
        "X-Processing-Time": "176ms"
      },
      "ResponseBody": {
        "trunks": {},
        "routes": []
      }
    },
    {
      "RequestUri": "https://sanitized.communication.azure.com/sip?api-version=2023-03-01",
      "RequestMethod": "GET",
      "RequestHeaders": {
        "Accept": "application/json",
        "Authorization": "Sanitized",
        "traceparent": "00-fcb550ac368db854334bd0f0ac5b86e1-3a72089e930d1ebb-00",
        "User-Agent": "azsdk-net-Communication.PhoneNumbers/1.3.0-alpha.20240314.1 (.NET 7.0.17; Microsoft Windows 10.0.22621)",
        "x-ms-client-request-id": "8489157519cbf3c80c09abb8c8859da5",
        "x-ms-content-sha256": "Sanitized",
        "x-ms-date": "Thu, 14 Mar 2024 20:56:28 GMT",
        "x-ms-return-client-request-id": "true"
      },
      "RequestBody": null,
      "StatusCode": 200,
      "ResponseHeaders": {
        "api-supported-versions": "2023-03-01, 2023-04-01-preview",
        "Content-Length": "25",
        "Content-Type": "application/json; charset=utf-8",
        "Date": "Thu, 14 Mar 2024 20:56:27 GMT",
        "MS-CV": "vZQ40DLymUCFvmtTLXropQ.0",
        "Strict-Transport-Security": "max-age=31536000;includeSubDomains",
        "X-Azure-Ref": "0e2TzZQAAAAAYGTxRNKLjR76JUGGoDtYuV1NURURHRTA4MjIAOWZjN2I1MTktYThjYy00Zjg5LTkzNWUtYzkxNDhhZTA5ZTgx",
        "X-Cache": "CONFIG_NOCACHE",
        "X-Processing-Time": "122ms"
      },
      "ResponseBody": {
        "trunks": {},
        "routes": []
      }
    }
  ],
  "Variables": {
    "COMMUNICATION_LIVETEST_DYNAMIC_CONNECTION_STRING": "endpoint=https://sanitized.communication.azure.com/;accesskey=Kg==",
    "RandomSeed": "757500625"
  }
}
