{
  "Entries": [
    {
      "RequestUri": "https://sanitized.communication.azure.com/sip?api-version=2023-03-01",
      "RequestMethod": "GET",
      "RequestHeaders": {
        "Accept": "application/json",
        "Authorization": "Sanitized",
        "traceparent": "00-e6a2bf8b092a3fccfb5da5e4f8dcfd91-4ca348d1c5f64465-00",
        "User-Agent": "azsdk-net-Communication.PhoneNumbers/1.3.0-alpha.20240314.1 (.NET 7.0.17; Microsoft Windows 10.0.22621)",
        "x-ms-client-request-id": "373d894d40b36b3cb1db3309ea868f9d",
        "x-ms-content-sha256": "Sanitized",
        "x-ms-date": "Thu, 14 Mar 2024 15:46:37 GMT",
        "x-ms-return-client-request-id": "true"
      },
      "RequestBody": null,
      "StatusCode": 200,
      "ResponseHeaders": {
        "api-supported-versions": "2023-03-01, 2023-04-01-preview",
        "Content-Length": "25",
        "Content-Type": "application/json; charset=utf-8",
        "Date": "Thu, 14 Mar 2024 15:46:37 GMT",
        "MS-CV": "p/ctsdScZE6qKWfi939eDw.0",
        "Strict-Transport-Security": "max-age=31536000;includeSubDomains",
        "X-Azure-Ref": "03RvzZQAAAACzI8MP5DTVRL4epWsYdAlMV1NURURHRTAxMTQAOWZjN2I1MTktYThjYy00Zjg5LTkzNWUtYzkxNDhhZTA5ZTgx",
        "X-Cache": "CONFIG_NOCACHE",
        "X-Processing-Time": "131ms"
      },
      "ResponseBody": {
        "trunks": {},
        "routes": []
      }
    },
    {
      "RequestUri": "https://sanitized.communication.azure.com/sip?api-version=2023-03-01",
      "RequestMethod": "PATCH",
      "RequestHeaders": {
        "Accept": "application/json",
        "Authorization": "Sanitized",
        "Content-Length": "182",
        "Content-Type": "application/merge-patch\u002Bjson",
        "traceparent": "00-e6a2bf8b092a3fccfb5da5e4f8dcfd91-054ee4c6adc1948d-00",
        "User-Agent": "azsdk-net-Communication.PhoneNumbers/1.3.0-alpha.20240314.1 (.NET 7.0.17; Microsoft Windows 10.0.22621)",
        "x-ms-client-request-id": "8f8a4612805ed41797601bd1b20aec9e",
        "x-ms-content-sha256": "Sanitized",
        "x-ms-date": "Thu, 14 Mar 2024 15:46:38 GMT",
        "x-ms-return-client-request-id": "true"
      },
      "RequestBody": {
        "trunks": {
          "sbs1-fd150662-354d-b174-ee17-39c692a52dbc.testdomain.com": {
            "sipSignalingPort": 1122
          },
          "sbs2-fd150662-354d-b174-ee17-39c692a52dbc.testdomain.com": {
            "sipSignalingPort": 1123
          }
        }
      },
      "StatusCode": 200,
      "ResponseHeaders": {
        "api-supported-versions": "2023-03-01, 2023-04-01-preview",
        "Content-Length": "194",
        "Content-Type": "application/json; charset=utf-8",
        "Date": "Thu, 14 Mar 2024 15:46:37 GMT",
        "MS-CV": "mj4x03RWaEO7nJxWF2ZS\u002BA.0",
        "Strict-Transport-Security": "max-age=31536000;includeSubDomains",
        "X-Azure-Ref": "03RvzZQAAAABwq1pCDcvsRpYyiJKfRzLkV1NURURHRTAxMTQAOWZjN2I1MTktYThjYy00Zjg5LTkzNWUtYzkxNDhhZTA5ZTgx",
        "X-Cache": "CONFIG_NOCACHE",
        "X-Processing-Time": "594ms"
      },
      "ResponseBody": {
        "trunks": {
          "sbs1-fd150662-354d-b174-ee17-39c692a52dbc.testdomain.com": {
            "sipSignalingPort": 1122
          },
          "sbs2-fd150662-354d-b174-ee17-39c692a52dbc.testdomain.com": {
            "sipSignalingPort": 1123
          }
        },
        "routes": []
      }
    },
    {
      "RequestUri": "https://sanitized.communication.azure.com/sip?api-version=2023-03-01",
      "RequestMethod": "GET",
      "RequestHeaders": {
        "Accept": "application/json",
        "Authorization": "Sanitized",
        "traceparent": "00-cd641eaa7beda17a33472ba7849dd26e-b464ed18c5b101c8-00",
        "User-Agent": "azsdk-net-Communication.PhoneNumbers/1.3.0-alpha.20240314.1 (.NET 7.0.17; Microsoft Windows 10.0.22621)",
        "x-ms-client-request-id": "4d1b5fd5f90c221ccaa94c71016ac668",
        "x-ms-content-sha256": "Sanitized",
        "x-ms-date": "Thu, 14 Mar 2024 15:46:38 GMT",
        "x-ms-return-client-request-id": "true"
      },
      "RequestBody": null,
      "StatusCode": 200,
      "ResponseHeaders": {
        "api-supported-versions": "2023-03-01, 2023-04-01-preview",
        "Content-Length": "194",
        "Content-Type": "application/json; charset=utf-8",
        "Date": "Thu, 14 Mar 2024 15:46:38 GMT",
        "MS-CV": "YqW19mW1zEC7YlxuYKDP8A.0",
        "Strict-Transport-Security": "max-age=31536000;includeSubDomains",
        "X-Azure-Ref": "03hvzZQAAAAAlS0l9rf5URqBAUodWxFTDV1NURURHRTAxMTQAOWZjN2I1MTktYThjYy00Zjg5LTkzNWUtYzkxNDhhZTA5ZTgx",
        "X-Cache": "CONFIG_NOCACHE",
        "X-Processing-Time": "144ms"
      },
      "ResponseBody": {
        "trunks": {
          "sbs1-fd150662-354d-b174-ee17-39c692a52dbc.testdomain.com": {
            "sipSignalingPort": 1122
          },
          "sbs2-fd150662-354d-b174-ee17-39c692a52dbc.testdomain.com": {
            "sipSignalingPort": 1123
          }
        },
        "routes": []
      }
    },
    {
      "RequestUri": "https://sanitized.communication.azure.com/sip?api-version=2023-03-01",
      "RequestMethod": "PATCH",
      "RequestHeaders": {
        "Accept": "application/json",
        "Authorization": "Sanitized",
        "Content-Length": "140",
        "Content-Type": "application/merge-patch\u002Bjson",
        "traceparent": "00-cd641eaa7beda17a33472ba7849dd26e-c7acd675ae5e36af-00",
        "User-Agent": "azsdk-net-Communication.PhoneNumbers/1.3.0-alpha.20240314.1 (.NET 7.0.17; Microsoft Windows 10.0.22621)",
        "x-ms-client-request-id": "4cb39b879e1bcc5e72699f52246ab8a6",
        "x-ms-content-sha256": "Sanitized",
        "x-ms-date": "Thu, 14 Mar 2024 15:46:39 GMT",
        "x-ms-return-client-request-id": "true"
      },
      "RequestBody": {
        "trunks": {
          "sbs1-fd150662-354d-b174-ee17-39c692a52dbc.testdomain.com": null,
          "sbs2-fd150662-354d-b174-ee17-39c692a52dbc.testdomain.com": null
        }
      },
      "StatusCode": 200,
      "ResponseHeaders": {
        "api-supported-versions": "2023-03-01, 2023-04-01-preview",
        "Content-Length": "25",
        "Content-Type": "application/json; charset=utf-8",
        "Date": "Thu, 14 Mar 2024 15:46:38 GMT",
        "MS-CV": "X94C29BpoE6A/KAkrFNzpQ.0",
        "Strict-Transport-Security": "max-age=31536000;includeSubDomains",
        "X-Azure-Ref": "03hvzZQAAAAB77yKXSXPwS4vznTTzdYfqV1NURURHRTAxMTQAOWZjN2I1MTktYThjYy00Zjg5LTkzNWUtYzkxNDhhZTA5ZTgx",
        "X-Cache": "CONFIG_NOCACHE",
        "X-Processing-Time": "140ms"
      },
      "ResponseBody": {
        "trunks": {},
        "routes": []
      }
    },
    {
      "RequestUri": "https://sanitized.communication.azure.com/sip?api-version=2023-03-01",
      "RequestMethod": "GET",
      "RequestHeaders": {
        "Accept": "application/json",
        "Authorization": "Sanitized",
        "traceparent": "00-05761988f87b5ef9af99d33fa8cec477-7031ed240d6580eb-00",
        "User-Agent": "azsdk-net-Communication.PhoneNumbers/1.3.0-alpha.20240314.1 (.NET 7.0.17; Microsoft Windows 10.0.22621)",
        "x-ms-client-request-id": "8b3494ef426a18902967c4b433a5d22d",
        "x-ms-content-sha256": "Sanitized",
        "x-ms-date": "Thu, 14 Mar 2024 15:46:39 GMT",
        "x-ms-return-client-request-id": "true"
      },
      "RequestBody": null,
      "StatusCode": 200,
      "ResponseHeaders": {
        "api-supported-versions": "2023-03-01, 2023-04-01-preview",
        "Content-Length": "25",
        "Content-Type": "application/json; charset=utf-8",
        "Date": "Thu, 14 Mar 2024 15:46:38 GMT",
        "MS-CV": "EJPg98\u002Bv00Kp0G7F0CrbKA.0",
        "Strict-Transport-Security": "max-age=31536000;includeSubDomains",
        "X-Azure-Ref": "03hvzZQAAAAD0I0N1iBItT7lliqqQAwzhV1NURURHRTAxMTQAOWZjN2I1MTktYThjYy00Zjg5LTkzNWUtYzkxNDhhZTA5ZTgx",
        "X-Cache": "CONFIG_NOCACHE",
        "X-Processing-Time": "108ms"
      },
      "ResponseBody": {
        "trunks": {},
        "routes": []
      }
    },
    {
      "RequestUri": "https://sanitized.communication.azure.com/sip?api-version=2023-03-01",
      "RequestMethod": "PATCH",
      "RequestHeaders": {
        "Accept": "application/json",
        "Authorization": "Sanitized",
        "Content-Length": "13",
        "Content-Type": "application/merge-patch\u002Bjson",
        "traceparent": "00-9b3205c9be1ae5f037e17b7fc4f87945-9bbe543297489c4f-00",
        "User-Agent": "azsdk-net-Communication.PhoneNumbers/1.3.0-alpha.20240314.1 (.NET 7.0.17; Microsoft Windows 10.0.22621)",
        "x-ms-client-request-id": "174ab299a0563683014edaa35ac9fd5f",
        "x-ms-content-sha256": "Sanitized",
        "x-ms-date": "Thu, 14 Mar 2024 15:46:39 GMT",
        "x-ms-return-client-request-id": "true"
      },
      "RequestBody": {
        "routes": []
      },
      "StatusCode": 200,
      "ResponseHeaders": {
        "api-supported-versions": "2023-03-01, 2023-04-01-preview",
        "Content-Length": "25",
        "Content-Type": "application/json; charset=utf-8",
        "Date": "Thu, 14 Mar 2024 15:46:38 GMT",
        "MS-CV": "ngHBQ9VAcEOBlWO5R63Umw.0",
        "Strict-Transport-Security": "max-age=31536000;includeSubDomains",
        "X-Azure-Ref": "03hvzZQAAAAB8yU\u002BZdfgEQ4CvMaTs4qnTV1NURURHRTAxMTQAOWZjN2I1MTktYThjYy00Zjg5LTkzNWUtYzkxNDhhZTA5ZTgx",
        "X-Cache": "CONFIG_NOCACHE",
        "X-Processing-Time": "167ms"
      },
      "ResponseBody": {
        "trunks": {},
        "routes": []
      }
    },
    {
      "RequestUri": "https://sanitized.communication.azure.com/sip?api-version=2023-03-01",
      "RequestMethod": "GET",
      "RequestHeaders": {
        "Accept": "application/json",
        "Authorization": "Sanitized",
        "traceparent": "00-f25f1b0a788e43641a7ef6b5d1a17bce-23134f2be9752489-00",
        "User-Agent": "azsdk-net-Communication.PhoneNumbers/1.3.0-alpha.20240314.1 (.NET 7.0.17; Microsoft Windows 10.0.22621)",
        "x-ms-client-request-id": "6d82a6f03b3544fd0b9b22b3d9a999cd",
        "x-ms-content-sha256": "Sanitized",
        "x-ms-date": "Thu, 14 Mar 2024 15:46:39 GMT",
        "x-ms-return-client-request-id": "true"
      },
      "RequestBody": null,
      "StatusCode": 200,
      "ResponseHeaders": {
        "api-supported-versions": "2023-03-01, 2023-04-01-preview",
        "Content-Length": "25",
        "Content-Type": "application/json; charset=utf-8",
        "Date": "Thu, 14 Mar 2024 15:46:38 GMT",
        "MS-CV": "7FtDVd/VHEij6561E\u002BBpGA.0",
        "Strict-Transport-Security": "max-age=31536000;includeSubDomains",
        "X-Azure-Ref": "03hvzZQAAAACKwy/YxL10R63SKQ5S6YozV1NURURHRTAxMTQAOWZjN2I1MTktYThjYy00Zjg5LTkzNWUtYzkxNDhhZTA5ZTgx",
        "X-Cache": "CONFIG_NOCACHE",
        "X-Processing-Time": "134ms"
      },
      "ResponseBody": {
        "trunks": {},
        "routes": []
      }
    }
  ],
  "Variables": {
    "COMMUNICATION_LIVETEST_DYNAMIC_CONNECTION_STRING": "endpoint=https://sanitized.communication.azure.com/;accesskey=Kg==",
    "RandomSeed": "69987219"
  }
}
