{
  "Entries": [
    {
      "RequestUri": "https://sanitized.communication.azure.com/sip?api-version=2023-03-01",
      "RequestMethod": "GET",
      "RequestHeaders": {
        "Accept": "application/json",
        "Authorization": "Sanitized",
        "traceparent": "00-dcc190f3d647b4cf8fe03fd4c13bb9c2-40a80466fded5a2b-00",
        "User-Agent": "azsdk-net-Communication.PhoneNumbers/1.2.0-alpha.20231108.1 (.NET 7.0.13; Microsoft Windows 10.0.22621)",
        "x-ms-client-request-id": "fa41688ed04202648a778936caf63f18",
        "x-ms-content-sha256": "Sanitized",
        "x-ms-date": "Fri, 10 Nov 2023 12:51:53 GMT",
        "x-ms-return-client-request-id": "true",
        "x-ms-useragent": "acs-test"
      },
      "RequestBody": null,
      "StatusCode": 200,
      "ResponseHeaders": {
        "Accept-Ranges": "bytes",
        "api-supported-versions": "2023-03-01, 2023-04-01-preview",
        "Connection": "keep-alive",
        "Content-Length": "25",
        "Content-Type": "application/json; charset=utf-8",
        "Date": "Fri, 10 Nov 2023 12:51:54 GMT",
        "MS-CV": "hli5eNBCGEyX/53yjho\u002BiQ.0",
        "Strict-Transport-Security": "max-age=2592000",
        "x-azure-ref": "20231110T125153Z-8a6hd2s9pt4bd4amr874044my8000000052g00000000n0ym",
        "X-Cache": "CONFIG_NOCACHE",
        "X-Processing-Time": "178ms"
      },
      "ResponseBody": {
        "trunks": {},
        "routes": []
      }
    },
    {
      "RequestUri": "https://sanitized.communication.azure.com/sip?api-version=2023-03-01",
      "RequestMethod": "PATCH",
      "RequestHeaders": {
        "Accept": "application/json",
        "Authorization": "Sanitized",
        "Content-Length": "182",
        "Content-Type": "application/merge-patch\u002Bjson",
        "traceparent": "00-dcc190f3d647b4cf8fe03fd4c13bb9c2-c1128b0d3cce8673-00",
        "User-Agent": "azsdk-net-Communication.PhoneNumbers/1.2.0-alpha.20231108.1 (.NET 7.0.13; Microsoft Windows 10.0.22621)",
        "x-ms-client-request-id": "ef2683d2b756436c4387b96b5d37352a",
        "x-ms-content-sha256": "Sanitized",
        "x-ms-date": "Fri, 10 Nov 2023 12:51:53 GMT",
        "x-ms-return-client-request-id": "true",
        "x-ms-useragent": "acs-test"
      },
      "RequestBody": {
        "trunks": {
          "sbs1-96b93f0b-b17c-63f5-d1e8-fedb04dad0d2.testdomain.com": {
            "sipSignalingPort": 1122
          },
          "sbs2-96b93f0b-b17c-63f5-d1e8-fedb04dad0d2.testdomain.com": {
            "sipSignalingPort": 1123
          }
        }
      },
      "StatusCode": 200,
      "ResponseHeaders": {
        "Accept-Ranges": "bytes",
        "api-supported-versions": "2023-03-01, 2023-04-01-preview",
        "Connection": "keep-alive",
        "Content-Length": "194",
        "Content-Type": "application/json; charset=utf-8",
        "Date": "Fri, 10 Nov 2023 12:51:55 GMT",
        "MS-CV": "IovyUgmniUOaIFlQrpZSiw.0",
        "Strict-Transport-Security": "max-age=2592000",
        "x-azure-ref": "20231110T125154Z-8a6hd2s9pt4bd4amr874044my8000000052g00000000n113",
        "X-Cache": "CONFIG_NOCACHE",
        "X-Processing-Time": "1047ms"
      },
      "ResponseBody": {
        "trunks": {
          "sbs1-96b93f0b-b17c-63f5-d1e8-fedb04dad0d2.testdomain.com": {
            "sipSignalingPort": 1122
          },
          "sbs2-96b93f0b-b17c-63f5-d1e8-fedb04dad0d2.testdomain.com": {
            "sipSignalingPort": 1123
          }
        },
        "routes": []
      }
    },
    {
      "RequestUri": "https://sanitized.communication.azure.com/sip?api-version=2023-03-01",
      "RequestMethod": "GET",
      "RequestHeaders": {
        "Accept": "application/json",
        "Authorization": "Sanitized",
        "traceparent": "00-7de1ffe61327f1e4cf75de97a0534b9b-0a2bf8d86531a47f-00",
        "User-Agent": "azsdk-net-Communication.PhoneNumbers/1.2.0-alpha.20231108.1 (.NET 7.0.13; Microsoft Windows 10.0.22621)",
        "x-ms-client-request-id": "5a08bd6b787d3aa4dbb60c0428be98da",
        "x-ms-content-sha256": "Sanitized",
        "x-ms-date": "Fri, 10 Nov 2023 12:51:55 GMT",
        "x-ms-return-client-request-id": "true",
        "x-ms-useragent": "acs-test"
      },
      "RequestBody": null,
      "StatusCode": 200,
      "ResponseHeaders": {
        "Accept-Ranges": "bytes",
        "api-supported-versions": "2023-03-01, 2023-04-01-preview",
        "Connection": "keep-alive",
        "Content-Length": "194",
        "Content-Type": "application/json; charset=utf-8",
        "Date": "Fri, 10 Nov 2023 12:51:55 GMT",
        "MS-CV": "uZ2u4sy6Z0OKhBtWy9lUFw.0",
        "Strict-Transport-Security": "max-age=2592000",
        "x-azure-ref": "20231110T125155Z-8a6hd2s9pt4bd4amr874044my8000000052g00000000n1br",
        "X-Cache": "CONFIG_NOCACHE",
        "X-Processing-Time": "200ms"
      },
      "ResponseBody": {
        "trunks": {
          "sbs1-96b93f0b-b17c-63f5-d1e8-fedb04dad0d2.testdomain.com": {
            "sipSignalingPort": 1122
          },
          "sbs2-96b93f0b-b17c-63f5-d1e8-fedb04dad0d2.testdomain.com": {
            "sipSignalingPort": 1123
          }
        },
        "routes": []
      }
    },
    {
      "RequestUri": "https://sanitized.communication.azure.com/sip?api-version=2023-03-01",
      "RequestMethod": "PATCH",
      "RequestHeaders": {
        "Accept": "application/json",
        "Authorization": "Sanitized",
        "Content-Length": "140",
        "Content-Type": "application/merge-patch\u002Bjson",
        "traceparent": "00-7de1ffe61327f1e4cf75de97a0534b9b-94b8c237732ce88a-00",
        "User-Agent": "azsdk-net-Communication.PhoneNumbers/1.2.0-alpha.20231108.1 (.NET 7.0.13; Microsoft Windows 10.0.22621)",
        "x-ms-client-request-id": "8109e5a8e0b3d67cfcfeb6bb17f8a452",
        "x-ms-content-sha256": "Sanitized",
        "x-ms-date": "Fri, 10 Nov 2023 12:51:55 GMT",
        "x-ms-return-client-request-id": "true",
        "x-ms-useragent": "acs-test"
      },
      "RequestBody": {
        "trunks": {
          "sbs1-96b93f0b-b17c-63f5-d1e8-fedb04dad0d2.testdomain.com": null,
          "sbs2-96b93f0b-b17c-63f5-d1e8-fedb04dad0d2.testdomain.com": null
        }
      },
      "StatusCode": 200,
      "ResponseHeaders": {
        "Accept-Ranges": "bytes",
        "api-supported-versions": "2023-03-01, 2023-04-01-preview",
        "Connection": "keep-alive",
        "Content-Length": "25",
        "Content-Type": "application/json; charset=utf-8",
        "Date": "Fri, 10 Nov 2023 12:51:56 GMT",
        "MS-CV": "hI4N0mY1j0yPCuS24NnLAw.0",
        "Strict-Transport-Security": "max-age=2592000",
        "x-azure-ref": "20231110T125155Z-8a6hd2s9pt4bd4amr874044my8000000052g00000000n1ef",
        "X-Cache": "CONFIG_NOCACHE",
        "X-Processing-Time": "372ms"
      },
      "ResponseBody": {
        "trunks": {},
        "routes": []
      }
    },
    {
      "RequestUri": "https://sanitized.communication.azure.com/sip?api-version=2023-03-01",
      "RequestMethod": "GET",
      "RequestHeaders": {
        "Accept": "application/json",
        "Authorization": "Sanitized",
        "traceparent": "00-39caa188fcaa642a310416c673596d2c-2fc34c06f54ea949-00",
        "User-Agent": "azsdk-net-Communication.PhoneNumbers/1.2.0-alpha.20231108.1 (.NET 7.0.13; Microsoft Windows 10.0.22621)",
        "x-ms-client-request-id": "0dcb5f41e5ed599bdfec149fab671a84",
        "x-ms-content-sha256": "Sanitized",
        "x-ms-date": "Fri, 10 Nov 2023 12:51:56 GMT",
        "x-ms-return-client-request-id": "true",
        "x-ms-useragent": "acs-test"
      },
      "RequestBody": null,
      "StatusCode": 200,
      "ResponseHeaders": {
        "Accept-Ranges": "bytes",
        "api-supported-versions": "2023-03-01, 2023-04-01-preview",
        "Connection": "keep-alive",
        "Content-Length": "25",
        "Content-Type": "application/json; charset=utf-8",
        "Date": "Fri, 10 Nov 2023 12:51:56 GMT",
        "MS-CV": "tsU0rZKtkkWERrH8aQwlRQ.0",
        "Strict-Transport-Security": "max-age=2592000",
        "x-azure-ref": "20231110T125156Z-8a6hd2s9pt4bd4amr874044my8000000052g00000000n1md",
        "X-Cache": "CONFIG_NOCACHE",
        "X-Processing-Time": "212ms"
      },
      "ResponseBody": {
        "trunks": {},
        "routes": []
      }
    },
    {
      "RequestUri": "https://sanitized.communication.azure.com/sip?api-version=2023-03-01",
      "RequestMethod": "PATCH",
      "RequestHeaders": {
        "Accept": "application/json",
        "Authorization": "Sanitized",
        "Content-Length": "13",
        "Content-Type": "application/merge-patch\u002Bjson",
        "traceparent": "00-2c88152d7077a025e9993e61b4978881-f2895aaa368c30a6-00",
        "User-Agent": "azsdk-net-Communication.PhoneNumbers/1.2.0-alpha.20231108.1 (.NET 7.0.13; Microsoft Windows 10.0.22621)",
        "x-ms-client-request-id": "77c2deeeb42e8a7640325e7ec1e822e2",
        "x-ms-content-sha256": "Sanitized",
        "x-ms-date": "Fri, 10 Nov 2023 12:51:56 GMT",
        "x-ms-return-client-request-id": "true",
        "x-ms-useragent": "acs-test"
      },
      "RequestBody": {
        "routes": []
      },
      "StatusCode": 200,
      "ResponseHeaders": {
        "Accept-Ranges": "bytes",
        "api-supported-versions": "2023-03-01, 2023-04-01-preview",
        "Connection": "keep-alive",
        "Content-Length": "25",
        "Content-Type": "application/json; charset=utf-8",
        "Date": "Fri, 10 Nov 2023 12:51:57 GMT",
        "MS-CV": "ydXBpo\u002B050qofWE19\u002BYhbA.0",
        "Strict-Transport-Security": "max-age=2592000",
        "x-azure-ref": "20231110T125156Z-8a6hd2s9pt4bd4amr874044my8000000052g00000000n1pv",
        "X-Cache": "CONFIG_NOCACHE",
        "X-Processing-Time": "335ms"
      },
      "ResponseBody": {
        "trunks": {},
        "routes": []
      }
    },
    {
      "RequestUri": "https://sanitized.communication.azure.com/sip?api-version=2023-03-01",
      "RequestMethod": "GET",
      "RequestHeaders": {
        "Accept": "application/json",
        "Authorization": "Sanitized",
        "traceparent": "00-aee50b836feb1d0776a73e56fe7f595a-79e58b186e887934-00",
        "User-Agent": "azsdk-net-Communication.PhoneNumbers/1.2.0-alpha.20231108.1 (.NET 7.0.13; Microsoft Windows 10.0.22621)",
        "x-ms-client-request-id": "c9c3ba128bf2c3ec4aafa1c7ccdc2b94",
        "x-ms-content-sha256": "Sanitized",
        "x-ms-date": "Fri, 10 Nov 2023 12:51:57 GMT",
        "x-ms-return-client-request-id": "true",
        "x-ms-useragent": "acs-test"
      },
      "RequestBody": null,
      "StatusCode": 200,
      "ResponseHeaders": {
        "Accept-Ranges": "bytes",
        "api-supported-versions": "2023-03-01, 2023-04-01-preview",
        "Connection": "keep-alive",
        "Content-Length": "25",
        "Content-Type": "application/json; charset=utf-8",
        "Date": "Fri, 10 Nov 2023 12:51:57 GMT",
        "MS-CV": "YamT\u002B8X060GB\u002Bf3ZzttSWg.0",
        "Strict-Transport-Security": "max-age=2592000",
        "x-azure-ref": "20231110T125157Z-8a6hd2s9pt4bd4amr874044my8000000052g00000000n1sz",
        "X-Cache": "CONFIG_NOCACHE",
        "X-Processing-Time": "209ms"
      },
      "ResponseBody": {
        "trunks": {},
        "routes": []
      }
    }
  ],
  "Variables": {
    "COMMUNICATION_LIVETEST_DYNAMIC_CONNECTION_STRING": "endpoint=https://sanitized.communication.azure.com/;accesskey=Kg==",
    "RandomSeed": "1512720680"
  }
}
