{
  "Entries": [
    {
      "RequestUri": "https://sanitized.communication.azure.com/sip?api-version=2024-11-15-preview",
      "RequestMethod": "GET",
      "RequestHeaders": {
        "Accept": "application/json",
        "Authorization": "Sanitized",
        "traceparent": "00-b8f5be5c175e8918c0b2a67972fb7e25-a6cbd93d95842574-00",
        "User-Agent": "azsdk-net-Communication.PhoneNumbers/1.5.0-alpha.20250708.1 (.NET 9.0.6; Microsoft Windows 10.0.22631)",
        "x-ms-client-request-id": "Sanitized",
        "x-ms-content-sha256": "Sanitized",
        "x-ms-date": "Mon, 07 Jul 2025 22:47:12 GMT",
        "x-ms-return-client-request-id": "true"
      },
      "RequestBody": null,
      "StatusCode": 200,
      "ResponseHeaders": {
        "Accept-Ranges": "bytes",
        "api-supported-versions": "2023-03-01, 2023-04-01-preview, 2024-11-15-preview",
        "Connection": "keep-alive",
        "Content-Length": "71",
        "Content-Type": "application/json; charset=utf-8",
        "Date": "Mon, 07 Jul 2025 22:47:14 GMT",
        "MS-CV": "Sanitized",
        "Request-Context": "appId=",
        "Strict-Transport-Security": "max-age=31536000;includeSubDomains",
        "x-azure-ref": "Sanitized",
        "X-Cache": "CONFIG_NOCACHE",
        "X-Processing-Time": "692ms"
      },
      "ResponseBody": {
        "domains": {
          "testdomain.com": {
            "enabled": true
          }
        },
        "trunks": {},
        "routes": []
      }
    },
    {
      "RequestUri": "https://sanitized.communication.azure.com/sip?api-version=2024-11-15-preview",
      "RequestMethod": "PATCH",
      "RequestHeaders": {
        "Accept": "application/json",
        "Authorization": "Sanitized",
        "Content-Length": "13",
        "Content-Type": "application/merge-patch+json",
        "traceparent": "00-0aac70c0d3fb3bb3667ef77aae6de5b0-87862ba02f165a8d-00",
        "User-Agent": "azsdk-net-Communication.PhoneNumbers/1.5.0-alpha.20250708.1 (.NET 9.0.6; Microsoft Windows 10.0.22631)",
        "x-ms-client-request-id": "Sanitized",
        "x-ms-content-sha256": "Sanitized",
        "x-ms-date": "Mon, 07 Jul 2025 22:47:13 GMT",
        "x-ms-return-client-request-id": "true"
      },
      "RequestBody": {
        "routes": []
      },
      "StatusCode": 200,
      "ResponseHeaders": {
        "Accept-Ranges": "bytes",
        "api-supported-versions": "2023-03-01, 2023-04-01-preview, 2024-11-15-preview",
        "Connection": "keep-alive",
        "Content-Length": "71",
        "Content-Type": "application/json; charset=utf-8",
        "Date": "Mon, 07 Jul 2025 22:47:14 GMT",
        "MS-CV": "Sanitized",
        "Request-Context": "appId=",
        "Strict-Transport-Security": "max-age=31536000;includeSubDomains",
        "x-azure-ref": "Sanitized",
        "X-Cache": "CONFIG_NOCACHE",
        "X-Processing-Time": "545ms"
      },
      "ResponseBody": {
        "domains": {
          "testdomain.com": {
            "enabled": true
          }
        },
        "trunks": {},
        "routes": []
      }
    },
    {
      "RequestUri": "https://sanitized.communication.azure.com/sip?api-version=2024-11-15-preview",
      "RequestMethod": "GET",
      "RequestHeaders": {
        "Accept": "application/json",
        "Authorization": "Sanitized",
        "traceparent": "00-15af91ba37971b91643b68ba392ab0fc-925d96f364b5c0aa-00",
        "User-Agent": "azsdk-net-Communication.PhoneNumbers/1.5.0-alpha.20250708.1 (.NET 9.0.6; Microsoft Windows 10.0.22631)",
        "x-ms-client-request-id": "Sanitized",
        "x-ms-content-sha256": "Sanitized",
        "x-ms-date": "Mon, 07 Jul 2025 22:47:14 GMT",
        "x-ms-return-client-request-id": "true"
      },
      "RequestBody": null,
      "StatusCode": 200,
      "ResponseHeaders": {
        "Accept-Ranges": "bytes",
        "api-supported-versions": "2023-03-01, 2023-04-01-preview, 2024-11-15-preview",
        "Connection": "keep-alive",
        "Content-Length": "71",
        "Content-Type": "application/json; charset=utf-8",
        "Date": "Mon, 07 Jul 2025 22:47:15 GMT",
        "MS-CV": "Sanitized",
        "Request-Context": "appId=",
        "Strict-Transport-Security": "max-age=31536000;includeSubDomains",
        "x-azure-ref": "Sanitized",
        "X-Cache": "CONFIG_NOCACHE",
        "X-Processing-Time": "178ms"
      },
      "ResponseBody": {
        "domains": {
          "testdomain.com": {
            "enabled": true
          }
        },
        "trunks": {},
        "routes": []
      }
    }
  ],
  "Variables": {
    "COMMUNICATION_LIVETEST_DYNAMIC_CONNECTION_STRING": "endpoint=https://sanitized.communication.azure.com/;accesskey=Kg==",
    "RandomSeed": "1461500584"
  }
}
