{
  "Entries": [
    {
      "RequestUri": "https://sanitized.communication.azure.com/sip?api-version=2024-11-15-preview",
      "RequestMethod": "PATCH",
      "RequestHeaders": {
        "Accept": "application/json",
        "Authorization": "Sanitized",
        "Content-Length": "13",
        "Content-Type": "application/merge-patch+json",
        "traceparent": "00-532e9eca06f0d239985a5938b1ccc084-0a30cba2ad3b1c29-00",
        "User-Agent": "azsdk-net-Communication.PhoneNumbers/1.5.0-alpha.20250707.1 (.NET 8.0.17; Microsoft Windows 10.0.22631)",
        "x-ms-client-request-id": "Sanitized",
        "x-ms-content-sha256": "Sanitized",
        "x-ms-date": "Mon, 07 Jul 2025 16:10:54 GMT",
        "x-ms-return-client-request-id": "true"
      },
      "RequestBody": {
        "routes": []
      },
      "StatusCode": 200,
      "ResponseHeaders": {
        "Accept-Ranges": "bytes",
        "api-supported-versions": "2023-03-01, 2023-04-01-preview, 2024-11-15-preview",
        "Connection": "keep-alive",
        "Content-Length": "71",
        "Content-Type": "application/json; charset=utf-8",
        "Date": "Mon, 07 Jul 2025 16:10:55 GMT",
        "MS-CV": "Sanitized",
        "Request-Context": "appId=",
        "Strict-Transport-Security": "max-age=31536000;includeSubDomains",
        "x-azure-ref": "Sanitized",
        "X-Cache": "CONFIG_NOCACHE",
        "X-Processing-Time": "1029ms"
      },
      "ResponseBody": {
        "domains": {
          "testdomain.com": {
            "enabled": true
          }
        },
        "trunks": {},
        "routes": []
      }
    },
    {
      "RequestUri": "https://sanitized.communication.azure.com/sip?api-version=2024-11-15-preview",
      "RequestMethod": "GET",
      "RequestHeaders": {
        "Accept": "application/json",
        "Authorization": "Sanitized",
        "traceparent": "00-95a52f409c8d0a94a93c407fac17d955-495ed9cc1db773c0-00",
        "User-Agent": "azsdk-net-Communication.PhoneNumbers/1.5.0-alpha.20250707.1 (.NET 8.0.17; Microsoft Windows 10.0.22631)",
        "x-ms-client-request-id": "Sanitized",
        "x-ms-content-sha256": "Sanitized",
        "x-ms-date": "Mon, 07 Jul 2025 16:10:55 GMT",
        "x-ms-return-client-request-id": "true"
      },
      "RequestBody": null,
      "StatusCode": 200,
      "ResponseHeaders": {
        "Accept-Ranges": "bytes",
        "api-supported-versions": "2023-03-01, 2023-04-01-preview, 2024-11-15-preview",
        "Connection": "keep-alive",
        "Content-Length": "71",
        "Content-Type": "application/json; charset=utf-8",
        "Date": "Mon, 07 Jul 2025 16:10:55 GMT",
        "MS-CV": "Sanitized",
        "Request-Context": "appId=",
        "Strict-Transport-Security": "max-age=31536000;includeSubDomains",
        "x-azure-ref": "Sanitized",
        "X-Cache": "CONFIG_NOCACHE",
        "X-Processing-Time": "165ms"
      },
      "ResponseBody": {
        "domains": {
          "testdomain.com": {
            "enabled": true
          }
        },
        "trunks": {},
        "routes": []
      }
    },
    {
      "RequestUri": "https://sanitized.communication.azure.com/sip?api-version=2024-11-15-preview",
      "RequestMethod": "PATCH",
      "RequestHeaders": {
        "Accept": "application/json",
        "Authorization": "Sanitized",
        "Content-Length": "47",
        "Content-Type": "application/merge-patch+json",
        "traceparent": "00-95a52f409c8d0a94a93c407fac17d955-4ac561b8743ad54e-00",
        "User-Agent": "azsdk-net-Communication.PhoneNumbers/1.5.0-alpha.20250707.1 (.NET 8.0.17; Microsoft Windows 10.0.22631)",
        "x-ms-client-request-id": "Sanitized",
        "x-ms-content-sha256": "Sanitized",
        "x-ms-date": "Mon, 07 Jul 2025 16:10:55 GMT",
        "x-ms-return-client-request-id": "true"
      },
      "RequestBody": {
        "domains": {
          "testdomain.com": {
            "enabled": true
          }
        }
      },
      "StatusCode": 200,
      "ResponseHeaders": {
        "Accept-Ranges": "bytes",
        "api-supported-versions": "2023-03-01, 2023-04-01-preview, 2024-11-15-preview",
        "Connection": "keep-alive",
        "Content-Length": "71",
        "Content-Type": "application/json; charset=utf-8",
        "Date": "Mon, 07 Jul 2025 16:10:56 GMT",
        "MS-CV": "Sanitized",
        "Request-Context": "appId=",
        "Strict-Transport-Security": "max-age=31536000;includeSubDomains",
        "x-azure-ref": "Sanitized",
        "X-Cache": "CONFIG_NOCACHE",
        "X-Processing-Time": "428ms"
      },
      "ResponseBody": {
        "domains": {
          "testdomain.com": {
            "enabled": true
          }
        },
        "trunks": {},
        "routes": []
      }
    },
    {
      "RequestUri": "https://sanitized.communication.azure.com/sip?api-version=2024-11-15-preview",
      "RequestMethod": "GET",
      "RequestHeaders": {
        "Accept": "application/json",
        "Authorization": "Sanitized",
        "traceparent": "00-d0972fa72496bfef4f36b81f3d66d755-c382e24d538c31e4-00",
        "User-Agent": "azsdk-net-Communication.PhoneNumbers/1.5.0-alpha.20250707.1 (.NET 8.0.17; Microsoft Windows 10.0.22631)",
        "x-ms-client-request-id": "Sanitized",
        "x-ms-content-sha256": "Sanitized",
        "x-ms-date": "Mon, 07 Jul 2025 16:10:56 GMT",
        "x-ms-return-client-request-id": "true"
      },
      "RequestBody": null,
      "StatusCode": 200,
      "ResponseHeaders": {
        "Accept-Ranges": "bytes",
        "api-supported-versions": "2023-03-01, 2023-04-01-preview, 2024-11-15-preview",
        "Connection": "keep-alive",
        "Content-Length": "71",
        "Content-Type": "application/json; charset=utf-8",
        "Date": "Mon, 07 Jul 2025 16:10:56 GMT",
        "MS-CV": "Sanitized",
        "Request-Context": "appId=",
        "Strict-Transport-Security": "max-age=31536000;includeSubDomains",
        "x-azure-ref": "Sanitized",
        "X-Cache": "CONFIG_NOCACHE",
        "X-Processing-Time": "170ms"
      },
      "ResponseBody": {
        "domains": {
          "testdomain.com": {
            "enabled": true
          }
        },
        "trunks": {},
        "routes": []
      }
    },
    {
      "RequestUri": "https://sanitized.communication.azure.com/sip?api-version=2024-11-15-preview",
      "RequestMethod": "PATCH",
      "RequestHeaders": {
        "Accept": "application/json",
        "Authorization": "Sanitized",
        "Content-Length": "300",
        "Content-Type": "application/merge-patch+json",
        "traceparent": "00-d0972fa72496bfef4f36b81f3d66d755-4a2d94726116b93f-00",
        "User-Agent": "azsdk-net-Communication.PhoneNumbers/1.5.0-alpha.20250707.1 (.NET 8.0.17; Microsoft Windows 10.0.22631)",
        "x-ms-client-request-id": "Sanitized",
        "x-ms-content-sha256": "Sanitized",
        "x-ms-date": "Mon, 07 Jul 2025 16:10:56 GMT",
        "x-ms-return-client-request-id": "true"
      },
      "RequestBody": {
        "trunks": {
          "sbs1-123456789.testdomain.com": {
            "sipSignalingPort": 1122,
            "enabled": true,
            "directTransfer": true,
            "privacyHeader": "none",
            "ipAddressVersion": "ipv4"
          },
          "sbs2-123456789.testdomain.com": {
            "sipSignalingPort": 1123,
            "enabled": false,
            "directTransfer": false,
            "privacyHeader": "id",
            "ipAddressVersion": "ipv6"
          }
        }
      },
      "StatusCode": 200,
      "ResponseHeaders": {
        "Accept-Ranges": "bytes",
        "api-supported-versions": "2023-03-01, 2023-04-01-preview, 2024-11-15-preview",
        "Connection": "keep-alive",
        "Content-Length": "358",
        "Content-Type": "application/json; charset=utf-8",
        "Date": "Mon, 07 Jul 2025 16:10:58 GMT",
        "MS-CV": "Sanitized",
        "Request-Context": "appId=",
        "Strict-Transport-Security": "max-age=31536000;includeSubDomains",
        "x-azure-ref": "Sanitized",
        "X-Cache": "CONFIG_NOCACHE",
        "X-Processing-Time": "1614ms"
      },
      "ResponseBody": {
        "domains": {
          "testdomain.com": {
            "enabled": true
          }
        },
        "trunks": {
          "sbs1-123456789.testdomain.com": {
            "sipSignalingPort": 1122,
            "enabled": true,
            "directTransfer": true,
            "privacyHeader": "none",
            "ipAddressVersion": "ipv4"
          },
          "sbs2-123456789.testdomain.com": {
            "sipSignalingPort": 1123,
            "enabled": false,
            "directTransfer": false,
            "privacyHeader": "id",
            "ipAddressVersion": "ipv6"
          }
        },
        "routes": []
      }
    },
    {
      "RequestUri": "https://sanitized.communication.azure.com/sip?api-version=2024-11-15-preview",
      "RequestMethod": "PATCH",
      "RequestHeaders": {
        "Accept": "application/json",
        "Authorization": "Sanitized",
        "Content-Length": "139",
        "Content-Type": "application/merge-patch+json",
        "traceparent": "00-a290ede80662e3cbecee5ccea7ad9b1d-94697691fea461f6-00",
        "User-Agent": "azsdk-net-Communication.PhoneNumbers/1.5.0-alpha.20250707.1 (.NET 8.0.17; Microsoft Windows 10.0.22631)",
        "x-ms-client-request-id": "Sanitized",
        "x-ms-content-sha256": "Sanitized",
        "x-ms-date": "Mon, 07 Jul 2025 16:10:58 GMT",
        "x-ms-return-client-request-id": "true"
      },
      "RequestBody": {
        "routes": [
          {
            "description": "Handle all numbers'",
            "name": "Rule without trunks",
            "numberPattern": "\\+[1-9][0-9]{3,23}",
            "trunks": []
          }
        ]
      },
      "StatusCode": 200,
      "ResponseHeaders": {
        "Accept-Ranges": "bytes",
        "api-supported-versions": "2023-03-01, 2023-04-01-preview, 2024-11-15-preview",
        "Connection": "keep-alive",
        "Content-Length": "498",
        "Content-Type": "application/json; charset=utf-8",
        "Date": "Mon, 07 Jul 2025 16:10:58 GMT",
        "MS-CV": "Sanitized",
        "Request-Context": "appId=",
        "Strict-Transport-Security": "max-age=31536000;includeSubDomains",
        "x-azure-ref": "Sanitized",
        "X-Cache": "CONFIG_NOCACHE",
        "X-Processing-Time": "473ms"
      },
      "ResponseBody": {
        "domains": {
          "testdomain.com": {
            "enabled": true
          }
        },
        "trunks": {
          "sbs1-123456789.testdomain.com": {
            "sipSignalingPort": 1122,
            "enabled": true,
            "directTransfer": true,
            "privacyHeader": "none",
            "ipAddressVersion": "ipv4"
          },
          "sbs2-123456789.testdomain.com": {
            "sipSignalingPort": 1123,
            "enabled": false,
            "directTransfer": false,
            "privacyHeader": "id",
            "ipAddressVersion": "ipv6"
          }
        },
        "routes": [
          {
            "description": "Handle all numbers'",
            "name": "Rule without trunks",
            "numberPattern": "\\+[1-9][0-9]{3,23}",
            "callerIdOverride": null,
            "trunks": []
          }
        ]
      }
    },
    {
      "RequestUri": "https://sanitized.communication.azure.com/sip?api-version=2024-11-15-preview",
      "RequestMethod": "GET",
      "RequestHeaders": {
        "Accept": "application/json",
        "Authorization": "Sanitized",
        "traceparent": "00-51ccd6c016be1739d8949f6df440757c-7ab8708604b29bb1-00",
        "User-Agent": "azsdk-net-Communication.PhoneNumbers/1.5.0-alpha.20250707.1 (.NET 8.0.17; Microsoft Windows 10.0.22631)",
        "x-ms-client-request-id": "Sanitized",
        "x-ms-content-sha256": "Sanitized",
        "x-ms-date": "Mon, 07 Jul 2025 16:10:58 GMT",
        "x-ms-return-client-request-id": "true"
      },
      "RequestBody": null,
      "StatusCode": 200,
      "ResponseHeaders": {
        "Accept-Ranges": "bytes",
        "api-supported-versions": "2023-03-01, 2023-04-01-preview, 2024-11-15-preview",
        "Connection": "keep-alive",
        "Content-Length": "498",
        "Content-Type": "application/json; charset=utf-8",
        "Date": "Mon, 07 Jul 2025 16:10:59 GMT",
        "MS-CV": "Sanitized",
        "Request-Context": "appId=",
        "Strict-Transport-Security": "max-age=31536000;includeSubDomains",
        "x-azure-ref": "Sanitized",
        "X-Cache": "CONFIG_NOCACHE",
        "X-Processing-Time": "173ms"
      },
      "ResponseBody": {
        "domains": {
          "testdomain.com": {
            "enabled": true
          }
        },
        "trunks": {
          "sbs1-123456789.testdomain.com": {
            "sipSignalingPort": 1122,
            "enabled": true,
            "directTransfer": true,
            "privacyHeader": "none",
            "ipAddressVersion": "ipv4"
          },
          "sbs2-123456789.testdomain.com": {
            "sipSignalingPort": 1123,
            "enabled": false,
            "directTransfer": false,
            "privacyHeader": "id",
            "ipAddressVersion": "ipv6"
          }
        },
        "routes": [
          {
            "description": "Handle all numbers'",
            "name": "Rule without trunks",
            "numberPattern": "\\+[1-9][0-9]{3,23}",
            "callerIdOverride": null,
            "trunks": []
          }
        ]
      }
    },
    {
      "RequestUri": "https://sanitized.communication.azure.com/sip?api-version=2024-11-15-preview",
      "RequestMethod": "PATCH",
      "RequestHeaders": {
        "Accept": "application/json",
        "Authorization": "Sanitized",
        "Content-Length": "102",
        "Content-Type": "application/merge-patch+json",
        "traceparent": "00-51ccd6c016be1739d8949f6df440757c-ef8dfac3576d32df-00",
        "User-Agent": "azsdk-net-Communication.PhoneNumbers/1.5.0-alpha.20250707.1 (.NET 8.0.17; Microsoft Windows 10.0.22631)",
        "x-ms-client-request-id": "Sanitized",
        "x-ms-content-sha256": "Sanitized",
        "x-ms-date": "Mon, 07 Jul 2025 16:10:58 GMT",
        "x-ms-return-client-request-id": "true"
      },
      "RequestBody": {
        "domains": {
          "testdomain.com": {
            "enabled": true
          },
          "new-domain123456789.testdomain.com": {
            "enabled": false
          }
        }
      },
      "StatusCode": 200,
      "ResponseHeaders": {
        "Accept-Ranges": "bytes",
        "api-supported-versions": "2023-03-01, 2023-04-01-preview, 2024-11-15-preview",
        "Connection": "keep-alive",
        "Content-Length": "553",
        "Content-Type": "application/json; charset=utf-8",
        "Date": "Mon, 07 Jul 2025 16:10:59 GMT",
        "MS-CV": "Sanitized",
        "Request-Context": "appId=",
        "Strict-Transport-Security": "max-age=31536000;includeSubDomains",
        "x-azure-ref": "Sanitized",
        "X-Cache": "CONFIG_NOCACHE",
        "X-Processing-Time": "435ms"
      },
      "ResponseBody": {
        "domains": {
          "testdomain.com": {
            "enabled": true
          },
          "new-domain123456789.testdomain.com": {
            "enabled": false
          }
        },
        "trunks": {
          "sbs1-123456789.testdomain.com": {
            "sipSignalingPort": 1122,
            "enabled": true,
            "directTransfer": true,
            "privacyHeader": "none",
            "ipAddressVersion": "ipv4"
          },
          "sbs2-123456789.testdomain.com": {
            "sipSignalingPort": 1123,
            "enabled": false,
            "directTransfer": false,
            "privacyHeader": "id",
            "ipAddressVersion": "ipv6"
          }
        },
        "routes": [
          {
            "description": "Handle all numbers'",
            "name": "Rule without trunks",
            "numberPattern": "\\+[1-9][0-9]{3,23}",
            "callerIdOverride": null,
            "trunks": []
          }
        ]
      }
    },
    {
      "RequestUri": "https://sanitized.communication.azure.com/sip?api-version=2024-11-15-preview",
      "RequestMethod": "PATCH",
      "RequestHeaders": {
        "Accept": "application/json",
        "Authorization": "Sanitized",
        "Content-Length": "13",
        "Content-Type": "application/merge-patch+json",
        "traceparent": "00-a7aa28fd74ab084c6d125ddba4537a6f-4e2665b0c7b4f108-00",
        "User-Agent": "azsdk-net-Communication.PhoneNumbers/1.5.0-alpha.20250707.1 (.NET 8.0.17; Microsoft Windows 10.0.22631)",
        "x-ms-client-request-id": "Sanitized",
        "x-ms-content-sha256": "Sanitized",
        "x-ms-date": "Mon, 07 Jul 2025 16:10:59 GMT",
        "x-ms-return-client-request-id": "true"
      },
      "RequestBody": {
        "routes": []
      },
      "StatusCode": 200,
      "ResponseHeaders": {
        "Accept-Ranges": "bytes",
        "api-supported-versions": "2023-03-01, 2023-04-01-preview, 2024-11-15-preview",
        "Connection": "keep-alive",
        "Content-Length": "413",
        "Content-Type": "application/json; charset=utf-8",
        "Date": "Mon, 07 Jul 2025 16:10:59 GMT",
        "MS-CV": "Sanitized",
        "Request-Context": "appId=",
        "Strict-Transport-Security": "max-age=31536000;includeSubDomains",
        "x-azure-ref": "Sanitized",
        "X-Cache": "CONFIG_NOCACHE",
        "X-Processing-Time": "451ms"
      },
      "ResponseBody": {
        "domains": {
          "testdomain.com": {
            "enabled": true
          },
          "new-domain123456789.testdomain.com": {
            "enabled": false
          }
        },
        "trunks": {
          "sbs1-123456789.testdomain.com": {
            "sipSignalingPort": 1122,
            "enabled": true,
            "directTransfer": true,
            "privacyHeader": "none",
            "ipAddressVersion": "ipv4"
          },
          "sbs2-123456789.testdomain.com": {
            "sipSignalingPort": 1123,
            "enabled": false,
            "directTransfer": false,
            "privacyHeader": "id",
            "ipAddressVersion": "ipv6"
          }
        },
        "routes": []
      }
    },
    {
      "RequestUri": "https://sanitized.communication.azure.com/sip?api-version=2024-11-15-preview",
      "RequestMethod": "GET",
      "RequestHeaders": {
        "Accept": "application/json",
        "Authorization": "Sanitized",
        "traceparent": "00-df8c9fa2a86975793a11fc40bf979604-c1924ad5e5af2a69-00",
        "User-Agent": "azsdk-net-Communication.PhoneNumbers/1.5.0-alpha.20250707.1 (.NET 8.0.17; Microsoft Windows 10.0.22631)",
        "x-ms-client-request-id": "Sanitized",
        "x-ms-content-sha256": "Sanitized",
        "x-ms-date": "Mon, 07 Jul 2025 16:10:59 GMT",
        "x-ms-return-client-request-id": "true"
      },
      "RequestBody": null,
      "StatusCode": 200,
      "ResponseHeaders": {
        "Accept-Ranges": "bytes",
        "api-supported-versions": "2023-03-01, 2023-04-01-preview, 2024-11-15-preview",
        "Connection": "keep-alive",
        "Content-Length": "413",
        "Content-Type": "application/json; charset=utf-8",
        "Date": "Mon, 07 Jul 2025 16:11:00 GMT",
        "MS-CV": "Sanitized",
        "Request-Context": "appId=",
        "Strict-Transport-Security": "max-age=31536000;includeSubDomains",
        "x-azure-ref": "Sanitized",
        "X-Cache": "CONFIG_NOCACHE",
        "X-Processing-Time": "179ms"
      },
      "ResponseBody": {
        "domains": {
          "testdomain.com": {
            "enabled": true
          },
          "new-domain123456789.testdomain.com": {
            "enabled": false
          }
        },
        "trunks": {
          "sbs1-123456789.testdomain.com": {
            "sipSignalingPort": 1122,
            "enabled": true,
            "directTransfer": true,
            "privacyHeader": "none",
            "ipAddressVersion": "ipv4"
          },
          "sbs2-123456789.testdomain.com": {
            "sipSignalingPort": 1123,
            "enabled": false,
            "directTransfer": false,
            "privacyHeader": "id",
            "ipAddressVersion": "ipv6"
          }
        },
        "routes": []
      }
    },
    {
      "RequestUri": "https://sanitized.communication.azure.com/sip?api-version=2024-11-15-preview",
      "RequestMethod": "PATCH",
      "RequestHeaders": {
        "Accept": "application/json",
        "Authorization": "Sanitized",
        "Content-Length": "86",
        "Content-Type": "application/merge-patch+json",
        "traceparent": "00-df8c9fa2a86975793a11fc40bf979604-0758446df5221e0a-00",
        "User-Agent": "azsdk-net-Communication.PhoneNumbers/1.5.0-alpha.20250707.1 (.NET 8.0.17; Microsoft Windows 10.0.22631)",
        "x-ms-client-request-id": "Sanitized",
        "x-ms-content-sha256": "Sanitized",
        "x-ms-date": "Mon, 07 Jul 2025 16:11:00 GMT",
        "x-ms-return-client-request-id": "true"
      },
      "RequestBody": {
        "trunks": {
          "sbs1-123456789.testdomain.com": null,
          "sbs2-123456789.testdomain.com": null
        }
      },
      "StatusCode": 200,
      "ResponseHeaders": {
        "Accept-Ranges": "bytes",
        "api-supported-versions": "2023-03-01, 2023-04-01-preview, 2024-11-15-preview",
        "Connection": "keep-alive",
        "Content-Length": "126",
        "Content-Type": "application/json; charset=utf-8",
        "Date": "Mon, 07 Jul 2025 16:11:00 GMT",
        "MS-CV": "Sanitized",
        "Request-Context": "appId=",
        "Strict-Transport-Security": "max-age=31536000;includeSubDomains",
        "x-azure-ref": "Sanitized",
        "X-Cache": "CONFIG_NOCACHE",
        "X-Processing-Time": "478ms"
      },
      "ResponseBody": {
        "domains": {
          "testdomain.com": {
            "enabled": true
          },
          "new-domain123456789.testdomain.com": {
            "enabled": false
          }
        },
        "trunks": {},
        "routes": []
      }
    }
  ],
  "Variables": {
    "COMMUNICATION_LIVETEST_DYNAMIC_CONNECTION_STRING": "endpoint=https://sanitized.communication.azure.com/;accesskey=Kg==",
    "RandomSeed": "53408375"
  }
}
