{
  "Entries": [
    {
      "RequestUri": "https://sanitized.communication.azure.com/sip?api-version=2024-11-15-preview",
      "RequestMethod": "PATCH",
      "RequestHeaders": {
        "Accept": "application/json",
        "Authorization": "Sanitized",
        "Content-Length": "13",
        "Content-Type": "application/merge-patch+json",
        "traceparent": "00-371c9cc3b41a3a9653c738ba9cc5f67a-8872fd2414eb03b1-00",
        "User-Agent": "azsdk-net-Communication.PhoneNumbers/1.4.0-alpha.20250505.1 (.NET 8.0.15; Microsoft Windows 10.0.26100)",
        "x-ms-client-request-id": "Sanitized",
        "x-ms-content-sha256": "Sanitized",
        "x-ms-date": "Mon, 05 May 2025 08:32:42 GMT",
        "x-ms-return-client-request-id": "true"
      },
      "RequestBody": {
        "routes": []
      },
      "StatusCode": 200,
      "ResponseHeaders": {
        "Accept-Ranges": "bytes",
        "api-supported-versions": "2023-03-01, 2023-04-01-preview, 2024-11-15-preview",
        "Connection": "keep-alive",
        "Content-Length": "126",
        "Content-Type": "application/json; charset=utf-8",
        "Date": "Mon, 05 May 2025 08:32:43 GMT",
        "MS-CV": "Sanitized",
        "Request-Context": "appId=",
        "Strict-Transport-Security": "max-age=31536000;includeSubDomains",
        "x-azure-ref": "Sanitized",
        "X-Cache": "CONFIG_NOCACHE",
        "X-Processing-Time": "811ms"
      },
      "ResponseBody": {
        "domains": {
          "testdomain.com": {
            "enabled": true
          },
          "new-domain123456789.testdomain.com": {
            "enabled": false
          }
        },
        "trunks": {},
        "routes": []
      }
    },
    {
      "RequestUri": "https://sanitized.communication.azure.com/sip?api-version=2024-11-15-preview",
      "RequestMethod": "GET",
      "RequestHeaders": {
        "Accept": "application/json",
        "Authorization": "Sanitized",
        "traceparent": "00-afa24010ee610285ef43b4de45e6662c-add90a70b254756f-00",
        "User-Agent": "azsdk-net-Communication.PhoneNumbers/1.4.0-alpha.20250505.1 (.NET 8.0.15; Microsoft Windows 10.0.26100)",
        "x-ms-client-request-id": "Sanitized",
        "x-ms-content-sha256": "Sanitized",
        "x-ms-date": "Mon, 05 May 2025 08:32:43 GMT",
        "x-ms-return-client-request-id": "true"
      },
      "RequestBody": null,
      "StatusCode": 200,
      "ResponseHeaders": {
        "Accept-Ranges": "bytes",
        "api-supported-versions": "2023-03-01, 2023-04-01-preview, 2024-11-15-preview",
        "Connection": "keep-alive",
        "Content-Length": "126",
        "Content-Type": "application/json; charset=utf-8",
        "Date": "Mon, 05 May 2025 08:32:43 GMT",
        "MS-CV": "Sanitized",
        "Request-Context": "appId=",
        "Strict-Transport-Security": "max-age=31536000;includeSubDomains",
        "x-azure-ref": "Sanitized",
        "X-Cache": "CONFIG_NOCACHE",
        "X-Processing-Time": "127ms"
      },
      "ResponseBody": {
        "domains": {
          "testdomain.com": {
            "enabled": true
          },
          "new-domain123456789.testdomain.com": {
            "enabled": false
          }
        },
        "trunks": {},
        "routes": []
      }
    },
    {
      "RequestUri": "https://sanitized.communication.azure.com/sip?api-version=2024-11-15-preview",
      "RequestMethod": "PATCH",
      "RequestHeaders": {
        "Accept": "application/json",
        "Authorization": "Sanitized",
        "Content-Length": "89",
        "Content-Type": "application/merge-patch+json",
        "traceparent": "00-afa24010ee610285ef43b4de45e6662c-ffdf6db48bc190ec-00",
        "User-Agent": "azsdk-net-Communication.PhoneNumbers/1.4.0-alpha.20250505.1 (.NET 8.0.15; Microsoft Windows 10.0.26100)",
        "x-ms-client-request-id": "Sanitized",
        "x-ms-content-sha256": "Sanitized",
        "x-ms-date": "Mon, 05 May 2025 08:32:43 GMT",
        "x-ms-return-client-request-id": "true"
      },
      "RequestBody": {
        "domains": {
          "testdomain.com": {
            "enabled": true
          },
          "new-domain123456789.testdomain.com": null
        }
      },
      "StatusCode": 200,
      "ResponseHeaders": {
        "Accept-Ranges": "bytes",
        "api-supported-versions": "2023-03-01, 2023-04-01-preview, 2024-11-15-preview",
        "Connection": "keep-alive",
        "Content-Length": "71",
        "Content-Type": "application/json; charset=utf-8",
        "Date": "Mon, 05 May 2025 08:32:43 GMT",
        "MS-CV": "Sanitized",
        "Request-Context": "appId=",
        "Strict-Transport-Security": "max-age=31536000;includeSubDomains",
        "x-azure-ref": "Sanitized",
        "X-Cache": "CONFIG_NOCACHE",
        "X-Processing-Time": "405ms"
      },
      "ResponseBody": {
        "domains": {
          "testdomain.com": {
            "enabled": true
          }
        },
        "trunks": {},
        "routes": []
      }
    },
    {
      "RequestUri": "https://sanitized.communication.azure.com/sip?api-version=2024-11-15-preview",
      "RequestMethod": "GET",
      "RequestHeaders": {
        "Accept": "application/json",
        "Authorization": "Sanitized",
        "traceparent": "00-df9288c05d4588c2ecd3e6d90547a336-e5702d50c2c6c798-00",
        "User-Agent": "azsdk-net-Communication.PhoneNumbers/1.4.0-alpha.20250505.1 (.NET 8.0.15; Microsoft Windows 10.0.26100)",
        "x-ms-client-request-id": "Sanitized",
        "x-ms-content-sha256": "Sanitized",
        "x-ms-date": "Mon, 05 May 2025 08:32:43 GMT",
        "x-ms-return-client-request-id": "true"
      },
      "RequestBody": null,
      "StatusCode": 200,
      "ResponseHeaders": {
        "Accept-Ranges": "bytes",
        "api-supported-versions": "2023-03-01, 2023-04-01-preview, 2024-11-15-preview",
        "Connection": "keep-alive",
        "Content-Length": "71",
        "Content-Type": "application/json; charset=utf-8",
        "Date": "Mon, 05 May 2025 08:32:44 GMT",
        "MS-CV": "Sanitized",
        "Request-Context": "appId=",
        "Strict-Transport-Security": "max-age=31536000;includeSubDomains",
        "x-azure-ref": "Sanitized",
        "X-Cache": "CONFIG_NOCACHE",
        "X-Processing-Time": "125ms"
      },
      "ResponseBody": {
        "domains": {
          "testdomain.com": {
            "enabled": true
          }
        },
        "trunks": {},
        "routes": []
      }
    },
    {
      "RequestUri": "https://sanitized.communication.azure.com/sip?api-version=2024-11-15-preview",
      "RequestMethod": "PATCH",
      "RequestHeaders": {
        "Accept": "application/json",
        "Authorization": "Sanitized",
        "Content-Length": "300",
        "Content-Type": "application/merge-patch+json",
        "traceparent": "00-df9288c05d4588c2ecd3e6d90547a336-39e078435f6654f2-00",
        "User-Agent": "azsdk-net-Communication.PhoneNumbers/1.4.0-alpha.20250505.1 (.NET 8.0.15; Microsoft Windows 10.0.26100)",
        "x-ms-client-request-id": "Sanitized",
        "x-ms-content-sha256": "Sanitized",
        "x-ms-date": "Mon, 05 May 2025 08:32:44 GMT",
        "x-ms-return-client-request-id": "true"
      },
      "RequestBody": {
        "trunks": {
          "sbs1-123456789.testdomain.com": {
            "sipSignalingPort": 1122,
            "enabled": true,
            "directTransfer": true,
            "privacyHeader": "none",
            "ipAddressVersion": "ipv4"
          },
          "sbs2-123456789.testdomain.com": {
            "sipSignalingPort": 1123,
            "enabled": false,
            "directTransfer": false,
            "privacyHeader": "id",
            "ipAddressVersion": "ipv6"
          }
        }
      },
      "StatusCode": 200,
      "ResponseHeaders": {
        "Accept-Ranges": "bytes",
        "api-supported-versions": "2023-03-01, 2023-04-01-preview, 2024-11-15-preview",
        "Connection": "keep-alive",
        "Content-Length": "358",
        "Content-Type": "application/json; charset=utf-8",
        "Date": "Mon, 05 May 2025 08:32:45 GMT",
        "MS-CV": "Sanitized",
        "Request-Context": "appId=",
        "Strict-Transport-Security": "max-age=31536000;includeSubDomains",
        "x-azure-ref": "Sanitized",
        "X-Cache": "CONFIG_NOCACHE",
        "X-Processing-Time": "991ms"
      },
      "ResponseBody": {
        "domains": {
          "testdomain.com": {
            "enabled": true
          }
        },
        "trunks": {
          "sbs1-123456789.testdomain.com": {
            "sipSignalingPort": 1122,
            "enabled": true,
            "directTransfer": true,
            "privacyHeader": "none",
            "ipAddressVersion": "ipv4"
          },
          "sbs2-123456789.testdomain.com": {
            "sipSignalingPort": 1123,
            "enabled": false,
            "directTransfer": false,
            "privacyHeader": "id",
            "ipAddressVersion": "ipv6"
          }
        },
        "routes": []
      }
    },
    {
      "RequestUri": "https://sanitized.communication.azure.com/sip?api-version=2024-11-15-preview",
      "RequestMethod": "PATCH",
      "RequestHeaders": {
        "Accept": "application/json",
        "Authorization": "Sanitized",
        "Content-Length": "139",
        "Content-Type": "application/merge-patch+json",
        "traceparent": "00-002c1c26f8b3e87712679fc82719f558-c5fdee8eeab3cf48-00",
        "User-Agent": "azsdk-net-Communication.PhoneNumbers/1.4.0-alpha.20250505.1 (.NET 8.0.15; Microsoft Windows 10.0.26100)",
        "x-ms-client-request-id": "Sanitized",
        "x-ms-content-sha256": "Sanitized",
        "x-ms-date": "Mon, 05 May 2025 08:32:45 GMT",
        "x-ms-return-client-request-id": "true"
      },
      "RequestBody": {
        "routes": [
          {
            "description": "Handle all numbers'",
            "name": "Rule without trunks",
            "numberPattern": "\\+[1-9][0-9]{3,23}",
            "trunks": []
          }
        ]
      },
      "StatusCode": 200,
      "ResponseHeaders": {
        "Accept-Ranges": "bytes",
        "api-supported-versions": "2023-03-01, 2023-04-01-preview, 2024-11-15-preview",
        "Connection": "keep-alive",
        "Content-Length": "498",
        "Content-Type": "application/json; charset=utf-8",
        "Date": "Mon, 05 May 2025 08:32:45 GMT",
        "MS-CV": "Sanitized",
        "Request-Context": "appId=",
        "Strict-Transport-Security": "max-age=31536000;includeSubDomains",
        "x-azure-ref": "Sanitized",
        "X-Cache": "CONFIG_NOCACHE",
        "X-Processing-Time": "436ms"
      },
      "ResponseBody": {
        "domains": {
          "testdomain.com": {
            "enabled": true
          }
        },
        "trunks": {
          "sbs1-123456789.testdomain.com": {
            "sipSignalingPort": 1122,
            "enabled": true,
            "directTransfer": true,
            "privacyHeader": "none",
            "ipAddressVersion": "ipv4"
          },
          "sbs2-123456789.testdomain.com": {
            "sipSignalingPort": 1123,
            "enabled": false,
            "directTransfer": false,
            "privacyHeader": "id",
            "ipAddressVersion": "ipv6"
          }
        },
        "routes": [
          {
            "description": "Handle all numbers'",
            "name": "Rule without trunks",
            "numberPattern": "\\+[1-9][0-9]{3,23}",
            "callerIdOverride": null,
            "trunks": []
          }
        ]
      }
    },
    {
      "RequestUri": "https://sanitized.communication.azure.com/sip?api-version=2024-11-15-preview",
      "RequestMethod": "PATCH",
      "RequestHeaders": {
        "Accept": "application/json",
        "Authorization": "Sanitized",
        "Content-Length": "13",
        "Content-Type": "application/merge-patch+json",
        "traceparent": "00-0dda5d947e5e4b037943f45682ca860c-d4d4ea87673f5577-00",
        "User-Agent": "azsdk-net-Communication.PhoneNumbers/1.4.0-alpha.20250505.1 (.NET 8.0.15; Microsoft Windows 10.0.26100)",
        "x-ms-client-request-id": "Sanitized",
        "x-ms-content-sha256": "Sanitized",
        "x-ms-date": "Mon, 05 May 2025 08:32:45 GMT",
        "x-ms-return-client-request-id": "true"
      },
      "RequestBody": {
        "routes": []
      },
      "StatusCode": 200,
      "ResponseHeaders": {
        "Accept-Ranges": "bytes",
        "api-supported-versions": "2023-03-01, 2023-04-01-preview, 2024-11-15-preview",
        "Connection": "keep-alive",
        "Content-Length": "358",
        "Content-Type": "application/json; charset=utf-8",
        "Date": "Mon, 05 May 2025 08:32:46 GMT",
        "MS-CV": "Sanitized",
        "Request-Context": "appId=",
        "Strict-Transport-Security": "max-age=31536000;includeSubDomains",
        "x-azure-ref": "Sanitized",
        "X-Cache": "CONFIG_NOCACHE",
        "X-Processing-Time": "430ms"
      },
      "ResponseBody": {
        "domains": {
          "testdomain.com": {
            "enabled": true
          }
        },
        "trunks": {
          "sbs1-123456789.testdomain.com": {
            "sipSignalingPort": 1122,
            "enabled": true,
            "directTransfer": true,
            "privacyHeader": "none",
            "ipAddressVersion": "ipv4"
          },
          "sbs2-123456789.testdomain.com": {
            "sipSignalingPort": 1123,
            "enabled": false,
            "directTransfer": false,
            "privacyHeader": "id",
            "ipAddressVersion": "ipv6"
          }
        },
        "routes": []
      }
    },
    {
      "RequestUri": "https://sanitized.communication.azure.com/sip?api-version=2024-11-15-preview",
      "RequestMethod": "GET",
      "RequestHeaders": {
        "Accept": "application/json",
        "Authorization": "Sanitized",
        "traceparent": "00-6c59a2ec05e946f33952ba14e08b7f06-7e6ebac12977ccf5-00",
        "User-Agent": "azsdk-net-Communication.PhoneNumbers/1.4.0-alpha.20250505.1 (.NET 8.0.15; Microsoft Windows 10.0.26100)",
        "x-ms-client-request-id": "Sanitized",
        "x-ms-content-sha256": "Sanitized",
        "x-ms-date": "Mon, 05 May 2025 08:32:46 GMT",
        "x-ms-return-client-request-id": "true"
      },
      "RequestBody": null,
      "StatusCode": 200,
      "ResponseHeaders": {
        "Accept-Ranges": "bytes",
        "api-supported-versions": "2023-03-01, 2023-04-01-preview, 2024-11-15-preview",
        "Connection": "keep-alive",
        "Content-Length": "358",
        "Content-Type": "application/json; charset=utf-8",
        "Date": "Mon, 05 May 2025 08:32:46 GMT",
        "MS-CV": "Sanitized",
        "Request-Context": "appId=",
        "Strict-Transport-Security": "max-age=31536000;includeSubDomains",
        "x-azure-ref": "Sanitized",
        "X-Cache": "CONFIG_NOCACHE",
        "X-Processing-Time": "115ms"
      },
      "ResponseBody": {
        "domains": {
          "testdomain.com": {
            "enabled": true
          }
        },
        "trunks": {
          "sbs1-123456789.testdomain.com": {
            "sipSignalingPort": 1122,
            "enabled": true,
            "directTransfer": true,
            "privacyHeader": "none",
            "ipAddressVersion": "ipv4"
          },
          "sbs2-123456789.testdomain.com": {
            "sipSignalingPort": 1123,
            "enabled": false,
            "directTransfer": false,
            "privacyHeader": "id",
            "ipAddressVersion": "ipv6"
          }
        },
        "routes": []
      }
    },
    {
      "RequestUri": "https://sanitized.communication.azure.com/sip?api-version=2024-11-15-preview",
      "RequestMethod": "PATCH",
      "RequestHeaders": {
        "Accept": "application/json",
        "Authorization": "Sanitized",
        "Content-Length": "230",
        "Content-Type": "application/merge-patch+json",
        "traceparent": "00-6c59a2ec05e946f33952ba14e08b7f06-68137fabebb374c5-00",
        "User-Agent": "azsdk-net-Communication.PhoneNumbers/1.4.0-alpha.20250505.1 (.NET 8.0.15; Microsoft Windows 10.0.26100)",
        "x-ms-client-request-id": "Sanitized",
        "x-ms-content-sha256": "Sanitized",
        "x-ms-date": "Mon, 05 May 2025 08:32:46 GMT",
        "x-ms-return-client-request-id": "true"
      },
      "RequestBody": {
        "trunks": {
          "newsbs-123456789.testdomain.com": {
            "sipSignalingPort": 3333,
            "enabled": true,
            "directTransfer": true,
            "privacyHeader": "id",
            "ipAddressVersion": "ipv6"
          },
          "sbs1-123456789.testdomain.com": null,
          "sbs2-123456789.testdomain.com": null
        }
      },
      "StatusCode": 200,
      "ResponseHeaders": {
        "Accept-Ranges": "bytes",
        "api-supported-versions": "2023-03-01, 2023-04-01-preview, 2024-11-15-preview",
        "Connection": "keep-alive",
        "Content-Length": "214",
        "Content-Type": "application/json; charset=utf-8",
        "Date": "Mon, 05 May 2025 08:32:47 GMT",
        "MS-CV": "Sanitized",
        "Request-Context": "appId=",
        "Strict-Transport-Security": "max-age=31536000;includeSubDomains",
        "x-azure-ref": "Sanitized",
        "X-Cache": "CONFIG_NOCACHE",
        "X-Processing-Time": "833ms"
      },
      "ResponseBody": {
        "domains": {
          "testdomain.com": {
            "enabled": true
          }
        },
        "trunks": {
          "newsbs-123456789.testdomain.com": {
            "sipSignalingPort": 3333,
            "enabled": true,
            "directTransfer": true,
            "privacyHeader": "id",
            "ipAddressVersion": "ipv6"
          }
        },
        "routes": []
      }
    },
    {
      "RequestUri": "https://sanitized.communication.azure.com/sip?api-version=2024-11-15-preview&expand=trunks%2Fhealth",
      "RequestMethod": "GET",
      "RequestHeaders": {
        "Accept": "application/json",
        "Authorization": "Sanitized",
        "traceparent": "00-787ee85181663ba4e05d8b1402154f65-0c43a7d7a555fc05-00",
        "User-Agent": "azsdk-net-Communication.PhoneNumbers/1.4.0-alpha.20250505.1 (.NET 8.0.15; Microsoft Windows 10.0.26100)",
        "x-ms-client-request-id": "Sanitized",
        "x-ms-content-sha256": "Sanitized",
        "x-ms-date": "Mon, 05 May 2025 08:32:47 GMT",
        "x-ms-return-client-request-id": "true"
      },
      "RequestBody": null,
      "StatusCode": 200,
      "ResponseHeaders": {
        "Accept-Ranges": "bytes",
        "api-supported-versions": "2023-03-01, 2023-04-01-preview, 2024-11-15-preview",
        "Connection": "keep-alive",
        "Content-Length": "311",
        "Content-Type": "application/json; charset=utf-8",
        "Date": "Mon, 05 May 2025 08:32:47 GMT",
        "MS-CV": "Sanitized",
        "Request-Context": "appId=",
        "Strict-Transport-Security": "max-age=31536000;includeSubDomains",
        "x-azure-ref": "Sanitized",
        "X-Cache": "CONFIG_NOCACHE",
        "X-Processing-Time": "648ms"
      },
      "ResponseBody": {
        "domains": {
          "testdomain.com": {
            "enabled": true
          }
        },
        "trunks": {
          "newsbs-123456789.testdomain.com": {
            "sipSignalingPort": 3333,
            "enabled": true,
            "health": {
              "tls": {
                "status": "unknown"
              },
              "ping": {
                "status": "unknown"
              },
              "overall": {
                "status": "unknown"
              }
            },
            "directTransfer": true,
            "privacyHeader": "id",
            "ipAddressVersion": "ipv6"
          }
        },
        "routes": []
      }
    },
    {
      "RequestUri": "https://sanitized.communication.azure.com/sip?api-version=2024-11-15-preview",
      "RequestMethod": "PATCH",
      "RequestHeaders": {
        "Accept": "application/json",
        "Authorization": "Sanitized",
        "Content-Length": "13",
        "Content-Type": "application/merge-patch+json",
        "traceparent": "00-ce46c8e783280184e156966fe6366978-e558b8dc04191fd8-00",
        "User-Agent": "azsdk-net-Communication.PhoneNumbers/1.4.0-alpha.20250505.1 (.NET 8.0.15; Microsoft Windows 10.0.26100)",
        "x-ms-client-request-id": "Sanitized",
        "x-ms-content-sha256": "Sanitized",
        "x-ms-date": "Mon, 05 May 2025 08:32:47 GMT",
        "x-ms-return-client-request-id": "true"
      },
      "RequestBody": {
        "routes": []
      },
      "StatusCode": 200,
      "ResponseHeaders": {
        "Accept-Ranges": "bytes",
        "api-supported-versions": "2023-03-01, 2023-04-01-preview, 2024-11-15-preview",
        "Connection": "keep-alive",
        "Content-Length": "214",
        "Content-Type": "application/json; charset=utf-8",
        "Date": "Mon, 05 May 2025 08:32:48 GMT",
        "MS-CV": "Sanitized",
        "Request-Context": "appId=",
        "Strict-Transport-Security": "max-age=31536000;includeSubDomains",
        "x-azure-ref": "Sanitized",
        "X-Cache": "CONFIG_NOCACHE",
        "X-Processing-Time": "413ms"
      },
      "ResponseBody": {
        "domains": {
          "testdomain.com": {
            "enabled": true
          }
        },
        "trunks": {
          "newsbs-123456789.testdomain.com": {
            "sipSignalingPort": 3333,
            "enabled": true,
            "directTransfer": true,
            "privacyHeader": "id",
            "ipAddressVersion": "ipv6"
          }
        },
        "routes": []
      }
    },
    {
      "RequestUri": "https://sanitized.communication.azure.com/sip?api-version=2024-11-15-preview",
      "RequestMethod": "GET",
      "RequestHeaders": {
        "Accept": "application/json",
        "Authorization": "Sanitized",
        "traceparent": "00-b0c3befc5398be660b8b28995fa5d6d9-f93949c422bd6833-00",
        "User-Agent": "azsdk-net-Communication.PhoneNumbers/1.4.0-alpha.20250505.1 (.NET 8.0.15; Microsoft Windows 10.0.26100)",
        "x-ms-client-request-id": "Sanitized",
        "x-ms-content-sha256": "Sanitized",
        "x-ms-date": "Mon, 05 May 2025 08:32:48 GMT",
        "x-ms-return-client-request-id": "true"
      },
      "RequestBody": null,
      "StatusCode": 200,
      "ResponseHeaders": {
        "Accept-Ranges": "bytes",
        "api-supported-versions": "2023-03-01, 2023-04-01-preview, 2024-11-15-preview",
        "Connection": "keep-alive",
        "Content-Length": "214",
        "Content-Type": "application/json; charset=utf-8",
        "Date": "Mon, 05 May 2025 08:32:48 GMT",
        "MS-CV": "Sanitized",
        "Request-Context": "appId=",
        "Strict-Transport-Security": "max-age=31536000;includeSubDomains",
        "x-azure-ref": "Sanitized",
        "X-Cache": "CONFIG_NOCACHE",
        "X-Processing-Time": "102ms"
      },
      "ResponseBody": {
        "domains": {
          "testdomain.com": {
            "enabled": true
          }
        },
        "trunks": {
          "newsbs-123456789.testdomain.com": {
            "sipSignalingPort": 3333,
            "enabled": true,
            "directTransfer": true,
            "privacyHeader": "id",
            "ipAddressVersion": "ipv6"
          }
        },
        "routes": []
      }
    },
    {
      "RequestUri": "https://sanitized.communication.azure.com/sip?api-version=2024-11-15-preview",
      "RequestMethod": "PATCH",
      "RequestHeaders": {
        "Accept": "application/json",
        "Authorization": "Sanitized",
        "Content-Length": "51",
        "Content-Type": "application/merge-patch+json",
        "traceparent": "00-b0c3befc5398be660b8b28995fa5d6d9-30760eeab46043af-00",
        "User-Agent": "azsdk-net-Communication.PhoneNumbers/1.4.0-alpha.20250505.1 (.NET 8.0.15; Microsoft Windows 10.0.26100)",
        "x-ms-client-request-id": "Sanitized",
        "x-ms-content-sha256": "Sanitized",
        "x-ms-date": "Mon, 05 May 2025 08:32:48 GMT",
        "x-ms-return-client-request-id": "true"
      },
      "RequestBody": {
        "trunks": {
          "newsbs-123456789.testdomain.com": null
        }
      },
      "StatusCode": 200,
      "ResponseHeaders": {
        "Accept-Ranges": "bytes",
        "api-supported-versions": "2023-03-01, 2023-04-01-preview, 2024-11-15-preview",
        "Connection": "keep-alive",
        "Content-Length": "71",
        "Content-Type": "application/json; charset=utf-8",
        "Date": "Mon, 05 May 2025 08:32:48 GMT",
        "MS-CV": "Sanitized",
        "Request-Context": "appId=",
        "Strict-Transport-Security": "max-age=31536000;includeSubDomains",
        "x-azure-ref": "Sanitized",
        "X-Cache": "CONFIG_NOCACHE",
        "X-Processing-Time": "447ms"
      },
      "ResponseBody": {
        "domains": {
          "testdomain.com": {
            "enabled": true
          }
        },
        "trunks": {},
        "routes": []
      }
    }
  ],
  "Variables": {
    "COMMUNICATION_LIVETEST_DYNAMIC_CONNECTION_STRING": "endpoint=https://sanitized.communication.azure.com/;accesskey=Kg==",
    "RandomSeed": "949386415"
  }
}
