{
  "Entries": [
    {
      "RequestUri": "https://sanitized.communication.azure.com/identities?api-version=2023-10-01",
      "RequestMethod": "POST",
      "RequestHeaders": {
        "Accept": "application/json",
        "Authorization": "Sanitized",
        "Content-Length": "2",
        "Content-Type": "application/json",
        "User-Agent": "azsdk-net-Communication.Identity/1.3.0-alpha.20231018.1 (.NET 7.0.12; Microsoft Windows 10.0.22621)",
        "x-ms-client-request-id": "89049f387abf7476959b000c33d0f127",
        "x-ms-content-sha256": "Sanitized",
        "x-ms-date": "Wed, 18 Oct 2023 08:40:50 GMT",
        "x-ms-return-client-request-id": "true"
      },
      "RequestBody": {},
      "StatusCode": 201,
      "ResponseHeaders": {
        "api-supported-versions": "2020-07-20-preview2, 2021-02-22-preview1, 2021-03-07, 2021-10-31-preview, 2021-11-01, 2022-06-01, 2022-10-01, 2023-10-01",
        "Content-Length": "31",
        "Content-Type": "application/json; charset=utf-8",
        "Date": "Wed, 18 Oct 2023 08:40:48 GMT",
        "MS-CV": "hfvLrMwD8kSF3V9OizoTAQ.0",
        "Request-Context": "appId=",
        "Strict-Transport-Security": "max-age=2592000",
        "X-Azure-Ref": "0EZovZQAAAABARH2aQ/emSq3QiLEI7NNfU1RPRURHRTEzMTIAZjA5YTRjMTMtMjFmMS00OGVjLTljZjctNjY1NDU2ODRiNjQy",
        "X-Cache": "CONFIG_NOCACHE",
        "x-ms-client-request-id": "89049f387abf7476959b000c33d0f127",
        "X-Processing-Time": "14ms"
      },
      "ResponseBody": {
        "identity": {
          "id": "Sanitized"
        }
      }
    },
    {
      "RequestUri": "https://sanitized.communication.azure.com/identities/Sanitized/:issueAccessToken?api-version=2023-10-01",
      "RequestMethod": "POST",
      "RequestHeaders": {
        "Accept": "application/json",
        "Authorization": "Sanitized",
        "Content-Length": "41",
        "Content-Type": "application/json",
        "User-Agent": "azsdk-net-Communication.Identity/1.3.0-alpha.20231018.1 (.NET 7.0.12; Microsoft Windows 10.0.22621)",
        "x-ms-client-request-id": "c5a295deb87b1b7b8a6c1d1a9b015d08",
        "x-ms-content-sha256": "Sanitized",
        "x-ms-date": "Wed, 18 Oct 2023 08:40:50 GMT",
        "x-ms-return-client-request-id": "true"
      },
      "RequestBody": {
        "scopes": [
          "chat"
        ],
        "expiresInMinutes": 60
      },
      "StatusCode": 200,
      "ResponseHeaders": {
        "api-supported-versions": "2020-07-20-preview2, 2021-02-22-preview1, 2021-03-07, 2021-10-31-preview, 2021-11-01, 2022-06-01, 2022-10-01, 2023-10-01",
        "Content-Length": "69",
        "Content-Type": "application/json; charset=utf-8",
        "Date": "Wed, 18 Oct 2023 08:40:49 GMT",
        "MS-CV": "Ki893R8oG0\u002B6gZRN\u002BIo91Q.0",
        "Request-Context": "appId=",
        "Strict-Transport-Security": "max-age=2592000",
        "X-Azure-Ref": "0EZovZQAAAADzCTc73OCWR6O\u002B9uC32ZERU1RPRURHRTEzMTIAZjA5YTRjMTMtMjFmMS00OGVjLTljZjctNjY1NDU2ODRiNjQy",
        "X-Cache": "CONFIG_NOCACHE",
        "x-ms-client-request-id": "c5a295deb87b1b7b8a6c1d1a9b015d08",
        "X-Processing-Time": "22ms"
      },
      "ResponseBody": {
        "token": "Sanitized",
        "expiresOn": "2023-10-18T09:40:49.9775829\u002B00:00"
      }
    },
    {
      "RequestUri": "https://sanitized.communication.azure.com/identities/Sanitized/:revokeAccessTokens?api-version=2023-10-01",
      "RequestMethod": "POST",
      "RequestHeaders": {
        "Accept": "application/json",
        "Authorization": "Sanitized",
        "Content-Length": "0",
        "User-Agent": "azsdk-net-Communication.Identity/1.3.0-alpha.20231018.1 (.NET 7.0.12; Microsoft Windows 10.0.22621)",
        "x-ms-client-request-id": "f1db44f00c9c812b544bff14e00c5696",
        "x-ms-content-sha256": "Sanitized",
        "x-ms-date": "Wed, 18 Oct 2023 08:40:50 GMT",
        "x-ms-return-client-request-id": "true"
      },
      "RequestBody": null,
      "StatusCode": 204,
      "ResponseHeaders": {
        "api-supported-versions": "2020-07-20-preview2, 2021-02-22-preview1, 2021-03-07, 2021-10-31-preview, 2021-11-01, 2022-06-01, 2022-10-01, 2023-10-01",
        "Date": "Wed, 18 Oct 2023 08:40:49 GMT",
        "MS-CV": "tmvsSQ2KcUaOamplW/1crg.0",
        "Request-Context": "appId=",
        "Strict-Transport-Security": "max-age=2592000",
        "X-Azure-Ref": "0EpovZQAAAACJP2k4GzjRSZt67c5IUgCnU1RPRURHRTEzMTIAZjA5YTRjMTMtMjFmMS00OGVjLTljZjctNjY1NDU2ODRiNjQy",
        "X-Cache": "CONFIG_NOCACHE",
        "x-ms-client-request-id": "f1db44f00c9c812b544bff14e00c5696",
        "X-Processing-Time": "187ms"
      },
      "ResponseBody": null
    },
    {
      "RequestUri": "https://sanitized.communication.azure.com/identities/Sanitized?api-version=2023-10-01",
      "RequestMethod": "DELETE",
      "RequestHeaders": {
        "Accept": "application/json",
        "Authorization": "Sanitized",
        "User-Agent": "azsdk-net-Communication.Identity/1.3.0-alpha.20231018.1 (.NET 7.0.12; Microsoft Windows 10.0.22621)",
        "x-ms-client-request-id": "629d6fb1652e7f2723e8ff535c5bd893",
        "x-ms-content-sha256": "Sanitized",
        "x-ms-date": "Wed, 18 Oct 2023 08:40:51 GMT",
        "x-ms-return-client-request-id": "true"
      },
      "RequestBody": null,
      "StatusCode": 204,
      "ResponseHeaders": {
        "api-supported-versions": "2020-07-20-preview2, 2021-02-22-preview1, 2021-03-07, 2021-10-31-preview, 2021-11-01, 2022-06-01, 2022-10-01, 2023-10-01",
        "Date": "Wed, 18 Oct 2023 08:40:50 GMT",
        "MS-CV": "B\u002BAFiphK/kyg4S2bK2OmEA.0",
        "Request-Context": "appId=",
        "Strict-Transport-Security": "max-age=2592000",
        "X-Azure-Ref": "0EpovZQAAAADBQbdIrP91TZWjReBOSAzzU1RPRURHRTEzMTIAZjA5YTRjMTMtMjFmMS00OGVjLTljZjctNjY1NDU2ODRiNjQy",
        "X-Cache": "CONFIG_NOCACHE",
        "x-ms-client-request-id": "629d6fb1652e7f2723e8ff535c5bd893",
        "X-Processing-Time": "377ms"
      },
      "ResponseBody": null
    }
  ],
  "Variables": {
    "COMMUNICATION_LIVETEST_DYNAMIC_CONNECTION_STRING": "endpoint=https://sanitized.communication.azure.com/;accesskey=Kg==",
    "RandomSeed": "646894703"
  }
}
