{
  "Entries": [
    {
      "RequestUri": "https://fakestorage.file.core.windows.net/gosfilegetrangelistsupportrename?restype=share",
      "RequestMethod": "PUT",
      "RequestHeaders": {
        "Accept": "application/xml",
        "Accept-Encoding": "gzip",
        "Authorization": "Sanitized",
        "Content-Length": "0",
        "User-Agent": "azsdk-go-azfile/v1.2.3 (go1.19.13; Windows_NT)",
        "X-Ms-Date": "Mon, 10 Jun 2024 06:42:19 GMT",
        "x-ms-version": "2024-05-04"
      },
      "RequestBody": null,
      "StatusCode": 201,
      "ResponseHeaders": {
        "Content-Length": "0",
        "Date": "Mon, 10 Jun 2024 06:42:19 GMT",
        "ETag": "\"0x8DC89187A5786C6\"",
        "Last-Modified": "Mon, 10 Jun 2024 06:42:20 GMT",
        "Server": [
          "Windows-Azure-File/1.0",
          "Microsoft-HTTPAPI/2.0"
        ],
        "x-ms-request-id": "00000000-0000-0000-0000-000000000000",
        "x-ms-version": "2024-05-04"
      },
      "ResponseBody": null
    },
    {
      "RequestUri": "https://fakestorage.file.core.windows.net/gosfilegetrangelistsupportrename/gotestfilefilegetrangelistsupportrename",
      "RequestMethod": "PUT",
      "RequestHeaders": {
        "Accept": "application/xml",
        "Accept-Encoding": "gzip",
        "Authorization": "Sanitized",
        "Content-Length": "0",
        "User-Agent": "azsdk-go-azfile/v1.2.3 (go1.19.13; Windows_NT)",
        "x-ms-content-length": "512",
        "X-Ms-Date": "Mon, 10 Jun 2024 06:42:21 GMT",
        "x-ms-file-attributes": "None",
        "x-ms-file-creation-time": "now",
        "x-ms-file-last-write-time": "now",
        "x-ms-file-permission": "inherit",
        "x-ms-type": "file",
        "x-ms-version": "2024-05-04"
      },
      "RequestBody": null,
      "StatusCode": 201,
      "ResponseHeaders": {
        "Content-Length": "0",
        "Date": "Mon, 10 Jun 2024 06:42:20 GMT",
        "ETag": "\"0x8DC89187A8908AA\"",
        "Last-Modified": "Mon, 10 Jun 2024 06:42:20 GMT",
        "Server": [
          "Windows-Azure-File/1.0",
          "Microsoft-HTTPAPI/2.0"
        ],
        "x-ms-file-attributes": "Archive",
        "x-ms-file-change-time": "2024-06-10T06:42:20.7789226Z",
        "x-ms-file-creation-time": "2024-06-10T06:42:20.7789226Z",
        "x-ms-file-id": "13835128424026341376",
        "x-ms-file-last-write-time": "2024-06-10T06:42:20.7789226Z",
        "x-ms-file-parent-id": "0",
        "x-ms-file-permission-key": "11408242485704529668*3959456104892465034",
        "x-ms-request-id": "00000000-0000-0000-0000-000000000000",
        "x-ms-request-server-encrypted": "true",
        "x-ms-version": "2024-05-04"
      },
      "ResponseBody": null
    },
    {
      "RequestUri": "https://fakestorage.file.core.windows.net/gosfilegetrangelistsupportrename/gotestfilefilegetrangelistsupportrename?comp=range",
      "RequestMethod": "PUT",
      "RequestHeaders": {
        "Accept": "application/xml",
        "Accept-Encoding": "gzip",
        "Authorization": "Sanitized",
        "Content-Length": "512",
        "Content-Type": "application/octet-stream",
        "User-Agent": "azsdk-go-azfile/v1.2.3 (go1.19.13; Windows_NT)",
        "X-Ms-Date": "Mon, 10 Jun 2024 06:42:21 GMT",
        "x-ms-range": "bytes=0-511",
        "x-ms-version": "2024-05-04",
        "x-ms-write": "update"
      },
      "RequestBody": "MlNEZ1pqNlJrS1l6SnB1MDRzd2VRZWs0dVdITzhuZFBuWWxaMHRuRlM2MWhqbkZaNUlrdklHR1k0NGVLQUJvdjJTRGdaajZSa0tZekpwdTA0c3dlUWVrNHVXSE84bmRQbllsWjB0bkZTNjFoam5GWjVJa3ZJR0dZNDRlS0FCb3YyU0RnWmo2UmtLWXpKcHUwNHN3ZVFlazR1V0hPOG5kUG5ZbFowdG5GUzYxaGpuRlo1SWt2SUdHWTQ0ZUtBQm92MlNEZ1pqNlJrS1l6SnB1MDRzd2VRZWs0dVdITzhuZFBuWWxaMHRuRlM2MWhqbkZaNUlrdklHR1k0NGVLQUJvdjJTRGdaajZSa0tZekpwdTA0c3dlUWVrNHVXSE84bmRQbllsWjB0bkZTNjFoam5GWjVJa3ZJR0dZNDRlS0FCb3YyU0RnWmo2UmtLWXpKcHUwNHN3ZVFlazR1V0hPOG5kUG5ZbFowdG5GUzYxaGpuRlo1SWt2SUdHWTQ0ZUtBQm92MlNEZ1pqNlJrS1l6SnB1MDRzd2VRZWs0dVdITzhuZFBuWWxaMHRuRlM2MWhqbkZaNUlrdklHR1k0NGVLQUJvdjJTRGdaajZSa0tZekpwdTA0c3dlUWVrNHVXSE84bmRQbllsWjB0bkZTNjFoam5GWjVJa3ZJR0dZNDRlS0FCb3Y=",
      "StatusCode": 201,
      "ResponseHeaders": {
        "Content-Length": "0",
        "Content-MD5": "BVlChgMQUnS6DpIOE6eziA==",
        "Date": "Mon, 10 Jun 2024 06:42:20 GMT",
        "ETag": "\"0x8DC89187AB4C98E\"",
        "Last-Modified": "Mon, 10 Jun 2024 06:42:21 GMT",
        "Server": [
          "Windows-Azure-File/1.0",
          "Microsoft-HTTPAPI/2.0"
        ],
        "x-ms-file-last-write-time": "2024-06-10T06:42:21.0656654Z",
        "x-ms-request-id": "00000000-0000-0000-0000-000000000000",
        "x-ms-request-server-encrypted": "true",
        "x-ms-version": "2024-05-04"
      },
      "ResponseBody": null
    },
    {
      "RequestUri": "https://fakestorage.file.core.windows.net/gosfilegetrangelistsupportrename?comp=snapshot&restype=share",
      "RequestMethod": "PUT",
      "RequestHeaders": {
        "Accept": "application/xml",
        "Accept-Encoding": "gzip",
        "Authorization": "Sanitized",
        "Content-Length": "0",
        "User-Agent": "azsdk-go-azfile/v1.2.3 (go1.19.13; Windows_NT)",
        "X-Ms-Date": "Mon, 10 Jun 2024 06:42:21 GMT",
        "x-ms-version": "2024-05-04"
      },
      "RequestBody": null,
      "StatusCode": 201,
      "ResponseHeaders": {
        "Content-Length": "0",
        "Date": "Mon, 10 Jun 2024 06:42:20 GMT",
        "ETag": "\"0x8DC89187A5786C6\"",
        "Last-Modified": "Mon, 10 Jun 2024 06:42:20 GMT",
        "Server": [
          "Windows-Azure-File/1.0",
          "Microsoft-HTTPAPI/2.0"
        ],
        "x-ms-request-id": "00000000-0000-0000-0000-000000000000",
        "x-ms-snapshot": "2024-06-10T06:42:21.0000000Z",
        "x-ms-version": "2024-05-04"
      },
      "ResponseBody": null
    },
    {
      "RequestUri": "https://fakestorage.file.core.windows.net/gosfilegetrangelistsupportrename/gotestfilefilegetrangelistsupportrename?comp=range",
      "RequestMethod": "PUT",
      "RequestHeaders": {
        "Accept": "application/xml",
        "Accept-Encoding": "gzip",
        "Authorization": "Sanitized",
        "Content-Length": "512",
        "Content-Type": "application/octet-stream",
        "User-Agent": "azsdk-go-azfile/v1.2.3 (go1.19.13; Windows_NT)",
        "X-Ms-Date": "Mon, 10 Jun 2024 06:42:21 GMT",
        "x-ms-range": "bytes=0-511",
        "x-ms-version": "2024-05-04",
        "x-ms-write": "update"
      },
      "RequestBody": "MlNEZ1pqNlJrS1l6SnB1MDRzd2VRZWs0dVdITzhuZFBuWWxaMHRuRlM2MWhqbkZaNUlrdklHR1k0NGVLQUJvdjJTRGdaajZSa0tZekpwdTA0c3dlUWVrNHVXSE84bmRQbllsWjB0bkZTNjFoam5GWjVJa3ZJR0dZNDRlS0FCb3YyU0RnWmo2UmtLWXpKcHUwNHN3ZVFlazR1V0hPOG5kUG5ZbFowdG5GUzYxaGpuRlo1SWt2SUdHWTQ0ZUtBQm92MlNEZ1pqNlJrS1l6SnB1MDRzd2VRZWs0dVdITzhuZFBuWWxaMHRuRlM2MWhqbkZaNUlrdklHR1k0NGVLQUJvdjJTRGdaajZSa0tZekpwdTA0c3dlUWVrNHVXSE84bmRQbllsWjB0bkZTNjFoam5GWjVJa3ZJR0dZNDRlS0FCb3YyU0RnWmo2UmtLWXpKcHUwNHN3ZVFlazR1V0hPOG5kUG5ZbFowdG5GUzYxaGpuRlo1SWt2SUdHWTQ0ZUtBQm92MlNEZ1pqNlJrS1l6SnB1MDRzd2VRZWs0dVdITzhuZFBuWWxaMHRuRlM2MWhqbkZaNUlrdklHR1k0NGVLQUJvdjJTRGdaajZSa0tZekpwdTA0c3dlUWVrNHVXSE84bmRQbllsWjB0bkZTNjFoam5GWjVJa3ZJR0dZNDRlS0FCb3Y=",
      "StatusCode": 201,
      "ResponseHeaders": {
        "Content-Length": "0",
        "Content-MD5": "BVlChgMQUnS6DpIOE6eziA==",
        "Date": "Mon, 10 Jun 2024 06:42:20 GMT",
        "ETag": "\"0x8DC89187B119C8A\"",
        "Last-Modified": "Mon, 10 Jun 2024 06:42:21 GMT",
        "Server": [
          "Windows-Azure-File/1.0",
          "Microsoft-HTTPAPI/2.0"
        ],
        "x-ms-file-last-write-time": "2024-06-10T06:42:21.6739978Z",
        "x-ms-request-id": "00000000-0000-0000-0000-000000000000",
        "x-ms-request-server-encrypted": "true",
        "x-ms-version": "2024-05-04"
      },
      "ResponseBody": null
    },
    {
      "RequestUri": "https://fakestorage.file.core.windows.net/gosfilegetrangelistsupportrename/file2?comp=rename",
      "RequestMethod": "PUT",
      "RequestHeaders": {
        "Accept": "application/xml",
        "Accept-Encoding": "gzip",
        "Authorization": "Sanitized",
        "Content-Length": "0",
        "User-Agent": "azsdk-go-azfile/v1.2.3 (go1.19.13; Windows_NT)",
        "X-Ms-Date": "Mon, 10 Jun 2024 06:42:22 GMT",
        "x-ms-file-rename-source": "Sanitized",
        "x-ms-version": "2024-05-04"
      },
      "RequestBody": null,
      "StatusCode": 200,
      "ResponseHeaders": {
        "Content-Length": "0",
        "Date": "Mon, 10 Jun 2024 06:42:21 GMT",
        "ETag": "\"0x8DC89187B3C7417\"",
        "Last-Modified": "Mon, 10 Jun 2024 06:42:21 GMT",
        "Server": [
          "Windows-Azure-File/1.0",
          "Microsoft-HTTPAPI/2.0"
        ],
        "x-ms-file-attributes": "Archive",
        "x-ms-file-change-time": "2024-06-10T06:42:21.9547671Z",
        "x-ms-file-creation-time": "2024-06-10T06:42:20.7789226Z",
        "x-ms-file-id": "13835128424026341376",
        "x-ms-file-last-write-time": "2024-06-10T06:42:21.6739978Z",
        "x-ms-file-parent-id": "0",
        "x-ms-file-permission-key": "11408242485704529668*3959456104892465034",
        "x-ms-request-id": "00000000-0000-0000-0000-000000000000",
        "x-ms-request-server-encrypted": "true",
        "x-ms-version": "2024-05-04"
      },
      "ResponseBody": null
    },
    {
      "RequestUri": "https://fakestorage.file.core.windows.net/gosfilegetrangelistsupportrename?comp=snapshot&restype=share",
      "RequestMethod": "PUT",
      "RequestHeaders": {
        "Accept": "application/xml",
        "Accept-Encoding": "gzip",
        "Authorization": "Sanitized",
        "Content-Length": "0",
        "User-Agent": "azsdk-go-azfile/v1.2.3 (go1.19.13; Windows_NT)",
        "X-Ms-Date": "Mon, 10 Jun 2024 06:42:22 GMT",
        "x-ms-version": "2024-05-04"
      },
      "RequestBody": null,
      "StatusCode": 201,
      "ResponseHeaders": {
        "Content-Length": "0",
        "Date": "Mon, 10 Jun 2024 06:42:21 GMT",
        "ETag": "\"0x8DC89187A5786C6\"",
        "Last-Modified": "Mon, 10 Jun 2024 06:42:20 GMT",
        "Server": [
          "Windows-Azure-File/1.0",
          "Microsoft-HTTPAPI/2.0"
        ],
        "x-ms-request-id": "00000000-0000-0000-0000-000000000000",
        "x-ms-snapshot": "2024-06-10T06:42:22.0000000Z",
        "x-ms-version": "2024-05-04"
      },
      "ResponseBody": null
    },
    {
      "RequestUri": "https://fakestorage.file.core.windows.net/gosfilegetrangelistsupportrename/file2?comp=rangelist&prevsharesnapshot=2024-06-10T06%3A42%3A21.0000000Z&sharesnapshot=2024-06-10T06%3A42%3A22.0000000Z",
      "RequestMethod": "GET",
      "RequestHeaders": {
        "Accept": "application/xml",
        "Accept-Encoding": "gzip",
        "Authorization": "Sanitized",
        "User-Agent": "azsdk-go-azfile/v1.2.3 (go1.19.13; Windows_NT)",
        "X-Ms-Date": "Mon, 10 Jun 2024 06:42:22 GMT",
        "x-ms-file-support-rename": "false",
        "x-ms-version": "2024-05-04"
      },
      "RequestBody": null,
      "StatusCode": 409,
      "ResponseHeaders": {
        "Content-Length": "229",
        "Content-Type": "application/xml",
        "Date": "Mon, 10 Jun 2024 06:42:21 GMT",
        "Server": [
          "Windows-Azure-File/1.0",
          "Microsoft-HTTPAPI/2.0"
        ],
        "Vary": "Origin",
        "x-ms-error-code": "PreviousSnapshotNotFound",
        "x-ms-request-id": "00000000-0000-0000-0000-000000000000",
        "x-ms-version": "2024-05-04"
      },
      "ResponseBody": [
        "\uFEFF<?xml version=\"1.0\" encoding=\"utf-8\"?><Error><Code>PreviousSnapshotNotFound</Code><Message>The previous snapshot was not found.\n",
        "RequestId:fcfa0e5f-101a-00b2-2c01-bbe1c7000000\n",
        "Time:2024-06-10T06:42:22.5671856Z</Message></Error>"
      ]
    },
    {
      "RequestUri": "https://fakestorage.file.core.windows.net/gosfilegetrangelistsupportrename/file2?comp=rangelist&prevsharesnapshot=2024-06-10T06%3A42%3A21.0000000Z&sharesnapshot=2024-06-10T06%3A42%3A22.0000000Z",
      "RequestMethod": "GET",
      "RequestHeaders": {
        "Accept": "application/xml",
        "Accept-Encoding": "gzip",
        "Authorization": "Sanitized",
        "User-Agent": "azsdk-go-azfile/v1.2.3 (go1.19.13; Windows_NT)",
        "X-Ms-Date": "Mon, 10 Jun 2024 06:42:23 GMT",
        "x-ms-version": "2024-05-04"
      },
      "RequestBody": null,
      "StatusCode": 409,
      "ResponseHeaders": {
        "Content-Length": "229",
        "Content-Type": "application/xml",
        "Date": "Mon, 10 Jun 2024 06:42:22 GMT",
        "Server": [
          "Windows-Azure-File/1.0",
          "Microsoft-HTTPAPI/2.0"
        ],
        "Vary": "Origin",
        "x-ms-error-code": "PreviousSnapshotNotFound",
        "x-ms-request-id": "00000000-0000-0000-0000-000000000000",
        "x-ms-version": "2024-05-04"
      },
      "ResponseBody": [
        "\uFEFF<?xml version=\"1.0\" encoding=\"utf-8\"?><Error><Code>PreviousSnapshotNotFound</Code><Message>The previous snapshot was not found.\n",
        "RequestId:fcfa0e65-101a-00b2-2d01-bbe1c7000000\n",
        "Time:2024-06-10T06:42:22.8479520Z</Message></Error>"
      ]
    },
    {
      "RequestUri": "https://fakestorage.file.core.windows.net/gosfilegetrangelistsupportrename/file2?comp=rangelist&prevsharesnapshot=2024-06-10T06%3A42%3A21.0000000Z&sharesnapshot=2024-06-10T06%3A42%3A22.0000000Z",
      "RequestMethod": "GET",
      "RequestHeaders": {
        "Accept": "application/xml",
        "Accept-Encoding": "gzip",
        "Authorization": "Sanitized",
        "User-Agent": "azsdk-go-azfile/v1.2.3 (go1.19.13; Windows_NT)",
        "X-Ms-Date": "Mon, 10 Jun 2024 06:42:23 GMT",
        "x-ms-file-support-rename": "true",
        "x-ms-version": "2024-05-04"
      },
      "RequestBody": null,
      "StatusCode": 200,
      "ResponseHeaders": {
        "Content-Type": "application/xml",
        "Date": "Mon, 10 Jun 2024 06:42:22 GMT",
        "ETag": "\"0x8DC89187B3C7417\"",
        "Last-Modified": "Mon, 10 Jun 2024 06:42:21 GMT",
        "Server": [
          "Windows-Azure-File/1.0",
          "Microsoft-HTTPAPI/2.0"
        ],
        "Transfer-Encoding": "chunked",
        "Vary": "Origin",
        "x-ms-content-length": "512",
        "x-ms-request-id": "00000000-0000-0000-0000-000000000000",
        "x-ms-version": "2024-05-04"
      },
      "ResponseBody": "\uFEFF<?xml version=\"1.0\" encoding=\"utf-8\"?><Ranges><Range><Start>0</Start><End>511</End></Range></Ranges>"
    },
    {
      "RequestUri": "https://fakestorage.file.core.windows.net/gosfilegetrangelistsupportrename?restype=share",
      "RequestMethod": "DELETE",
      "RequestHeaders": {
        "Accept": "application/xml",
        "Accept-Encoding": "gzip",
        "Authorization": "Sanitized",
        "User-Agent": "azsdk-go-azfile/v1.2.3 (go1.19.13; Windows_NT)",
        "X-Ms-Date": "Mon, 10 Jun 2024 06:42:23 GMT",
        "x-ms-delete-snapshots": "include",
        "x-ms-version": "2024-05-04"
      },
      "RequestBody": null,
      "StatusCode": 202,
      "ResponseHeaders": {
        "Content-Length": "0",
        "Date": "Mon, 10 Jun 2024 06:42:22 GMT",
        "Server": [
          "Windows-Azure-File/1.0",
          "Microsoft-HTTPAPI/2.0"
        ],
        "x-ms-request-id": "00000000-0000-0000-0000-000000000000",
        "x-ms-version": "2024-05-04"
      },
      "ResponseBody": null
    }
  ],
  "Variables": {}
}
