{
  "Entries": [
    {
      "RequestUri": "https://fakestorage.file.core.windows.net/gosdirectorycreatewithtrailingslash?restype=share",
      "RequestMethod": "PUT",
      "RequestHeaders": {
        "Accept": "application/xml",
        "Accept-Encoding": "gzip",
        "Authorization": "Sanitized",
        "Content-Length": "0",
        "User-Agent": "azsdk-go-azfile/v1.1.1 (go1.21.1; Windows_NT)",
        "X-Ms-Date": "Tue, 07 Nov 2023 09:45:48 GMT",
        "x-ms-version": "2022-11-02"
      },
      "RequestBody": null,
      "StatusCode": 201,
      "ResponseHeaders": {
        "Content-Length": "0",
        "Date": "Tue, 07 Nov 2023 09:45:46 GMT",
        "ETag": "\u00220x8DBDF7651C3631B\u0022",
        "Last-Modified": "Tue, 07 Nov 2023 09:45:47 GMT",
        "Server": [
          "Windows-Azure-File/1.0",
          "Microsoft-HTTPAPI/2.0"
        ],
        "x-ms-request-id": "00000000-0000-0000-0000-000000000000",
        "x-ms-version": "2022-11-02"
      },
      "ResponseBody": null
    },
    {
      "RequestUri": "https://fakestorage.file.core.windows.net/gosdirectorycreatewithtrailingslash/godirdirectorycreatewithtrailingslash?restype=directory",
      "RequestMethod": "PUT",
      "RequestHeaders": {
        "Accept": "application/xml",
        "Accept-Encoding": "gzip",
        "Authorization": "Sanitized",
        "Content-Length": "0",
        "User-Agent": "azsdk-go-azfile/v1.1.1 (go1.21.1; Windows_NT)",
        "X-Ms-Date": "Tue, 07 Nov 2023 09:45:48 GMT",
        "x-ms-file-attributes": "Directory",
        "x-ms-file-creation-time": "now",
        "x-ms-file-last-write-time": "now",
        "x-ms-file-permission": "inherit",
        "x-ms-version": "2022-11-02"
      },
      "RequestBody": null,
      "StatusCode": 201,
      "ResponseHeaders": {
        "Content-Length": "0",
        "Date": "Tue, 07 Nov 2023 09:45:46 GMT",
        "ETag": "\u00220x8DBDF7651EABE6A\u0022",
        "Last-Modified": "Tue, 07 Nov 2023 09:45:47 GMT",
        "Server": [
          "Windows-Azure-File/1.0",
          "Microsoft-HTTPAPI/2.0"
        ],
        "x-ms-file-attributes": "Directory",
        "x-ms-file-change-time": "2023-11-07T09:45:47.6530794Z",
        "x-ms-file-creation-time": "2023-11-07T09:45:47.6530794Z",
        "x-ms-file-id": "13835128424026341376",
        "x-ms-file-last-write-time": "2023-11-07T09:45:47.6530794Z",
        "x-ms-file-parent-id": "0",
        "x-ms-file-permission-key": "6785225114448717827*3959456104892465034",
        "x-ms-request-id": "00000000-0000-0000-0000-000000000000",
        "x-ms-request-server-encrypted": "true",
        "x-ms-version": "2022-11-02"
      },
      "ResponseBody": null
    },
    {
      "RequestUri": "https://fakestorage.file.core.windows.net/gosdirectorycreatewithtrailingslash/godirdirectorycreatewithtrailingslash/subdir?restype=directory",
      "RequestMethod": "PUT",
      "RequestHeaders": {
        "Accept": "application/xml",
        "Accept-Encoding": "gzip",
        "Authorization": "Sanitized",
        "Content-Length": "0",
        "User-Agent": "azsdk-go-azfile/v1.1.1 (go1.21.1; Windows_NT)",
        "X-Ms-Date": "Tue, 07 Nov 2023 09:45:48 GMT",
        "x-ms-file-attributes": "Directory",
        "x-ms-file-creation-time": "now",
        "x-ms-file-last-write-time": "now",
        "x-ms-file-permission": "inherit",
        "x-ms-version": "2022-11-02"
      },
      "RequestBody": null,
      "StatusCode": 201,
      "ResponseHeaders": {
        "Content-Length": "0",
        "Date": "Tue, 07 Nov 2023 09:45:47 GMT",
        "ETag": "\u00220x8DBDF765211071B\u0022",
        "Last-Modified": "Tue, 07 Nov 2023 09:45:47 GMT",
        "Server": [
          "Windows-Azure-File/1.0",
          "Microsoft-HTTPAPI/2.0"
        ],
        "x-ms-file-attributes": "Directory",
        "x-ms-file-change-time": "2023-11-07T09:45:47.9039771Z",
        "x-ms-file-creation-time": "2023-11-07T09:45:47.9039771Z",
        "x-ms-file-id": "11529285414812647424",
        "x-ms-file-last-write-time": "2023-11-07T09:45:47.9039771Z",
        "x-ms-file-parent-id": "13835128424026341376",
        "x-ms-file-permission-key": "6785225114448717827*3959456104892465034",
        "x-ms-request-id": "00000000-0000-0000-0000-000000000000",
        "x-ms-request-server-encrypted": "true",
        "x-ms-version": "2022-11-02"
      },
      "ResponseBody": null
    },
    {
      "RequestUri": "https://fakestorage.file.core.windows.net/gosdirectorycreatewithtrailingslash?restype=share",
      "RequestMethod": "DELETE",
      "RequestHeaders": {
        "Accept": "application/xml",
        "Accept-Encoding": "gzip",
        "Authorization": "Sanitized",
        "User-Agent": "azsdk-go-azfile/v1.1.1 (go1.21.1; Windows_NT)",
        "X-Ms-Date": "Tue, 07 Nov 2023 09:45:48 GMT",
        "x-ms-version": "2022-11-02"
      },
      "RequestBody": null,
      "StatusCode": 202,
      "ResponseHeaders": {
        "Content-Length": "0",
        "Date": "Tue, 07 Nov 2023 09:45:47 GMT",
        "Server": [
          "Windows-Azure-File/1.0",
          "Microsoft-HTTPAPI/2.0"
        ],
        "x-ms-request-id": "00000000-0000-0000-0000-000000000000",
        "x-ms-version": "2022-11-02"
      },
      "ResponseBody": null
    }
  ],
  "Variables": {}
}
