{
  "Entries": [
    {
      "RequestUri": "https://fakestorage.file.core.windows.net/gosdirectoryrenamedefault?restype=share",
      "RequestMethod": "PUT",
      "RequestHeaders": {
        "Accept": "application/xml",
        "Accept-Encoding": "gzip",
        "Authorization": "Sanitized",
        "Content-Length": "0",
        "User-Agent": "azsdk-go-azfile/v1.2.3 (go1.19.13; Windows_NT)",
        "X-Ms-Date": "Mon, 20 May 2024 06:24:46 GMT",
        "x-ms-version": "2023-11-03"
      },
      "RequestBody": null,
      "StatusCode": 201,
      "ResponseHeaders": {
        "Content-Length": "0",
        "Date": "Mon, 20 May 2024 06:24:45 GMT",
        "ETag": "\"0x8DC78958B78D86E\"",
        "Last-Modified": "Mon, 20 May 2024 06:24:46 GMT",
        "Server": [
          "Windows-Azure-File/1.0",
          "Microsoft-HTTPAPI/2.0"
        ],
        "x-ms-request-id": "00000000-0000-0000-0000-000000000000",
        "x-ms-version": "2023-11-03"
      },
      "ResponseBody": null
    },
    {
      "RequestUri": "https://fakestorage.file.core.windows.net/gosdirectoryrenamedefault/godirdirectoryrenamedefault?restype=directory",
      "RequestMethod": "PUT",
      "RequestHeaders": {
        "Accept": "application/xml",
        "Accept-Encoding": "gzip",
        "Authorization": "Sanitized",
        "Content-Length": "0",
        "User-Agent": "azsdk-go-azfile/v1.2.3 (go1.19.13; Windows_NT)",
        "X-Ms-Date": "Mon, 20 May 2024 06:24:46 GMT",
        "x-ms-file-attributes": "Directory",
        "x-ms-file-creation-time": "now",
        "x-ms-file-last-write-time": "now",
        "x-ms-file-permission": "inherit",
        "x-ms-version": "2023-11-03"
      },
      "RequestBody": null,
      "StatusCode": 201,
      "ResponseHeaders": {
        "Content-Length": "0",
        "Date": "Mon, 20 May 2024 06:24:45 GMT",
        "ETag": "\"0x8DC78958B9F4B4C\"",
        "Last-Modified": "Mon, 20 May 2024 06:24:46 GMT",
        "Server": [
          "Windows-Azure-File/1.0",
          "Microsoft-HTTPAPI/2.0"
        ],
        "x-ms-file-attributes": "Directory",
        "x-ms-file-change-time": "2024-05-20T06:24:46.7700556Z",
        "x-ms-file-creation-time": "2024-05-20T06:24:46.7700556Z",
        "x-ms-file-id": "13835128424026341376",
        "x-ms-file-last-write-time": "2024-05-20T06:24:46.7700556Z",
        "x-ms-file-parent-id": "0",
        "x-ms-file-permission-key": "6785225114448717827*3959456104892465034",
        "x-ms-request-id": "00000000-0000-0000-0000-000000000000",
        "x-ms-request-server-encrypted": "true",
        "x-ms-version": "2023-11-03"
      },
      "ResponseBody": null
    },
    {
      "RequestUri": "https://fakestorage.file.core.windows.net/gosdirectoryrenamedefault/godirdirectoryrenamedefault/gotestfiledirectoryrenamedefault",
      "RequestMethod": "PUT",
      "RequestHeaders": {
        "Accept": "application/xml",
        "Accept-Encoding": "gzip",
        "Authorization": "Sanitized",
        "Content-Length": "0",
        "User-Agent": "azsdk-go-azfile/v1.2.3 (go1.19.13; Windows_NT)",
        "x-ms-content-length": "2048",
        "X-Ms-Date": "Mon, 20 May 2024 06:24:47 GMT",
        "x-ms-file-attributes": "None",
        "x-ms-file-creation-time": "now",
        "x-ms-file-last-write-time": "now",
        "x-ms-file-permission": "inherit",
        "x-ms-type": "file",
        "x-ms-version": "2023-11-03"
      },
      "RequestBody": null,
      "StatusCode": 201,
      "ResponseHeaders": {
        "Content-Length": "0",
        "Date": "Mon, 20 May 2024 06:24:46 GMT",
        "ETag": "\"0x8DC78958BC56D12\"",
        "Last-Modified": "Mon, 20 May 2024 06:24:47 GMT",
        "Server": [
          "Windows-Azure-File/1.0",
          "Microsoft-HTTPAPI/2.0"
        ],
        "x-ms-file-attributes": "Archive",
        "x-ms-file-change-time": "2024-05-20T06:24:47.0199570Z",
        "x-ms-file-creation-time": "2024-05-20T06:24:47.0199570Z",
        "x-ms-file-id": "11529285414812647424",
        "x-ms-file-last-write-time": "2024-05-20T06:24:47.0199570Z",
        "x-ms-file-parent-id": "13835128424026341376",
        "x-ms-file-permission-key": "11408242485704529668*3959456104892465034",
        "x-ms-request-id": "00000000-0000-0000-0000-000000000000",
        "x-ms-request-server-encrypted": "true",
        "x-ms-version": "2023-11-03"
      },
      "ResponseBody": null
    },
    {
      "RequestUri": "https://fakestorage.file.core.windows.net/gosdirectoryrenamedefault/newDirName?comp=rename&restype=directory",
      "RequestMethod": "PUT",
      "RequestHeaders": {
        "Accept": "application/xml",
        "Accept-Encoding": "gzip",
        "Authorization": "Sanitized",
        "Content-Length": "0",
        "User-Agent": "azsdk-go-azfile/v1.2.3 (go1.19.13; Windows_NT)",
        "X-Ms-Date": "Mon, 20 May 2024 06:24:47 GMT",
        "x-ms-file-rename-source": "Sanitized",
        "x-ms-version": "2023-11-03"
      },
      "RequestBody": null,
      "StatusCode": 200,
      "ResponseHeaders": {
        "Content-Length": "0",
        "Date": "Mon, 20 May 2024 06:24:46 GMT",
        "ETag": "\"0x8DC78958BEBDCB0\"",
        "Last-Modified": "Mon, 20 May 2024 06:24:47 GMT",
        "Server": [
          "Windows-Azure-File/1.0",
          "Microsoft-HTTPAPI/2.0"
        ],
        "x-ms-file-attributes": "Directory",
        "x-ms-file-change-time": "2024-05-20T06:24:47.2718512Z",
        "x-ms-file-creation-time": "2024-05-20T06:24:46.7700556Z",
        "x-ms-file-id": "13835128424026341376",
        "x-ms-file-last-write-time": "2024-05-20T06:24:46.7700556Z",
        "x-ms-file-parent-id": "0",
        "x-ms-file-permission-key": "6785225114448717827*3959456104892465034",
        "x-ms-request-id": "00000000-0000-0000-0000-000000000000",
        "x-ms-request-server-encrypted": "true",
        "x-ms-version": "2023-11-03"
      },
      "ResponseBody": null
    },
    {
      "RequestUri": "https://fakestorage.file.core.windows.net/gosdirectoryrenamedefault/godirdirectoryrenamedefault?restype=directory",
      "RequestMethod": "GET",
      "RequestHeaders": {
        "Accept": "application/xml",
        "Accept-Encoding": "gzip",
        "Authorization": "Sanitized",
        "User-Agent": "azsdk-go-azfile/v1.2.3 (go1.19.13; Windows_NT)",
        "X-Ms-Date": "Mon, 20 May 2024 06:24:47 GMT",
        "x-ms-version": "2023-11-03"
      },
      "RequestBody": null,
      "StatusCode": 404,
      "ResponseHeaders": {
        "Content-Length": "223",
        "Content-Type": "application/xml",
        "Date": "Mon, 20 May 2024 06:24:46 GMT",
        "Server": [
          "Windows-Azure-File/1.0",
          "Microsoft-HTTPAPI/2.0"
        ],
        "Vary": "Origin",
        "x-ms-error-code": "ResourceNotFound",
        "x-ms-request-id": "00000000-0000-0000-0000-000000000000",
        "x-ms-version": "2023-11-03"
      },
      "ResponseBody": [
        "\uFEFF<?xml version=\"1.0\" encoding=\"utf-8\"?><Error><Code>ResourceNotFound</Code><Message>The specified resource does not exist.\n",
        "RequestId:84d2b420-f01a-005e-5c7e-aaf556000000\n",
        "Time:2024-05-20T06:24:47.5186861Z</Message></Error>"
      ]
    },
    {
      "RequestUri": "https://fakestorage.file.core.windows.net/gosdirectoryrenamedefault/godirdirectoryrenamedefault/gotestfiledirectoryrenamedefault",
      "RequestMethod": "HEAD",
      "RequestHeaders": {
        "Accept": "application/xml",
        "Authorization": "Sanitized",
        "User-Agent": "azsdk-go-azfile/v1.2.3 (go1.19.13; Windows_NT)",
        "X-Ms-Date": "Mon, 20 May 2024 06:24:47 GMT",
        "x-ms-version": "2023-11-03"
      },
      "RequestBody": null,
      "StatusCode": 404,
      "ResponseHeaders": {
        "Date": "Mon, 20 May 2024 06:24:46 GMT",
        "Server": [
          "Windows-Azure-File/1.0",
          "Microsoft-HTTPAPI/2.0"
        ],
        "Transfer-Encoding": "chunked",
        "Vary": "Origin",
        "x-ms-error-code": "ParentNotFound",
        "x-ms-request-id": "00000000-0000-0000-0000-000000000000",
        "x-ms-version": "2023-11-03"
      },
      "ResponseBody": null
    },
    {
      "RequestUri": "https://fakestorage.file.core.windows.net/gosdirectoryrenamedefault?restype=share",
      "RequestMethod": "DELETE",
      "RequestHeaders": {
        "Accept": "application/xml",
        "Accept-Encoding": "gzip",
        "Authorization": "Sanitized",
        "User-Agent": "azsdk-go-azfile/v1.2.3 (go1.19.13; Windows_NT)",
        "X-Ms-Date": "Mon, 20 May 2024 06:24:48 GMT",
        "x-ms-version": "2023-11-03"
      },
      "RequestBody": null,
      "StatusCode": 202,
      "ResponseHeaders": {
        "Content-Length": "0",
        "Date": "Mon, 20 May 2024 06:24:47 GMT",
        "Server": [
          "Windows-Azure-File/1.0",
          "Microsoft-HTTPAPI/2.0"
        ],
        "x-ms-request-id": "00000000-0000-0000-0000-000000000000",
        "x-ms-version": "2023-11-03"
      },
      "ResponseBody": null
    }
  ],
  "Variables": {}
}
