{
  "Entries": [
    {
      "RequestUri": "https://fakestorage.file.core.windows.net/gosfilerenamesrcdestlease?restype=share",
      "RequestMethod": "PUT",
      "RequestHeaders": {
        "Accept": "application/xml",
        "Accept-Encoding": "gzip",
        "Authorization": "Sanitized",
        "Content-Length": "0",
        "User-Agent": "azsdk-go-azfile/v1.0.1 (go1.18.5; Windows_NT)",
        "X-Ms-Date": "Fri, 04 Aug 2023 09:31:44 GMT",
        "x-ms-version": "2022-11-02"
      },
      "RequestBody": null,
      "StatusCode": 201,
      "ResponseHeaders": {
        "Content-Length": "0",
        "Date": "Fri, 04 Aug 2023 09:31:45 GMT",
        "ETag": "\u00220x8DB94CD9F131DF6\u0022",
        "Last-Modified": "Fri, 04 Aug 2023 09:31:46 GMT",
        "Server": [
          "Windows-Azure-File/1.0",
          "Microsoft-HTTPAPI/2.0"
        ],
        "x-ms-request-id": "00000000-0000-0000-0000-000000000000",
        "x-ms-version": "2022-11-02"
      },
      "ResponseBody": null
    },
    {
      "RequestUri": "https://fakestorage.file.core.windows.net/gosfilerenamesrcdestlease/file1",
      "RequestMethod": "PUT",
      "RequestHeaders": {
        "Accept": "application/xml",
        "Accept-Encoding": "gzip",
        "Authorization": "Sanitized",
        "Content-Length": "0",
        "User-Agent": "azsdk-go-azfile/v1.0.1 (go1.18.5; Windows_NT)",
        "x-ms-content-length": "2048",
        "X-Ms-Date": "Fri, 04 Aug 2023 09:31:45 GMT",
        "x-ms-type": "file",
        "x-ms-version": "2022-11-02"
      },
      "RequestBody": null,
      "StatusCode": 201,
      "ResponseHeaders": {
        "Content-Length": "0",
        "Date": "Fri, 04 Aug 2023 09:31:45 GMT",
        "ETag": "\u00220x8DB94CD9F44E46E\u0022",
        "Last-Modified": "Fri, 04 Aug 2023 09:31:46 GMT",
        "Server": [
          "Windows-Azure-File/1.0",
          "Microsoft-HTTPAPI/2.0"
        ],
        "x-ms-file-attributes": "Archive",
        "x-ms-file-change-time": "2023-08-04T09:31:46.4355950Z",
        "x-ms-file-creation-time": "2023-08-04T09:31:46.4355950Z",
        "x-ms-file-id": "13835128424026341376",
        "x-ms-file-last-write-time": "2023-08-04T09:31:46.4355950Z",
        "x-ms-file-parent-id": "0",
        "x-ms-file-permission-key": "11440559603526778118*3919785451690939784",
        "x-ms-request-id": "00000000-0000-0000-0000-000000000000",
        "x-ms-request-server-encrypted": "true",
        "x-ms-version": "2022-11-02"
      },
      "ResponseBody": null
    },
    {
      "RequestUri": "https://fakestorage.file.core.windows.net/gosfilerenamesrcdestlease/file2",
      "RequestMethod": "PUT",
      "RequestHeaders": {
        "Accept": "application/xml",
        "Accept-Encoding": "gzip",
        "Authorization": "Sanitized",
        "Content-Length": "0",
        "User-Agent": "azsdk-go-azfile/v1.0.1 (go1.18.5; Windows_NT)",
        "x-ms-content-length": "2048",
        "X-Ms-Date": "Fri, 04 Aug 2023 09:31:45 GMT",
        "x-ms-type": "file",
        "x-ms-version": "2022-11-02"
      },
      "RequestBody": null,
      "StatusCode": 201,
      "ResponseHeaders": {
        "Content-Length": "0",
        "Date": "Fri, 04 Aug 2023 09:31:46 GMT",
        "ETag": "\u00220x8DB94CD9F7478CB\u0022",
        "Last-Modified": "Fri, 04 Aug 2023 09:31:46 GMT",
        "Server": [
          "Windows-Azure-File/1.0",
          "Microsoft-HTTPAPI/2.0"
        ],
        "x-ms-file-attributes": "Archive",
        "x-ms-file-change-time": "2023-08-04T09:31:46.7474123Z",
        "x-ms-file-creation-time": "2023-08-04T09:31:46.7474123Z",
        "x-ms-file-id": "11529285414812647424",
        "x-ms-file-last-write-time": "2023-08-04T09:31:46.7474123Z",
        "x-ms-file-parent-id": "0",
        "x-ms-file-permission-key": "11440559603526778118*3919785451690939784",
        "x-ms-request-id": "00000000-0000-0000-0000-000000000000",
        "x-ms-request-server-encrypted": "true",
        "x-ms-version": "2022-11-02"
      },
      "ResponseBody": null
    },
    {
      "RequestUri": "https://fakestorage.file.core.windows.net/gosfilerenamesrcdestlease/file1?comp=lease",
      "RequestMethod": "PUT",
      "RequestHeaders": {
        "Accept": "application/xml",
        "Accept-Encoding": "gzip",
        "Authorization": "Sanitized",
        "Content-Length": "0",
        "User-Agent": "azsdk-go-azfile/v1.0.1 (go1.18.5; Windows_NT)",
        "X-Ms-Date": "Fri, 04 Aug 2023 09:31:45 GMT",
        "x-ms-lease-action": "acquire",
        "x-ms-lease-duration": "-1",
        "x-ms-proposed-lease-id": "c820a799-76d7-4ee2-6e15-546f19325c2c",
        "x-ms-version": "2022-11-02"
      },
      "RequestBody": null,
      "StatusCode": 201,
      "ResponseHeaders": {
        "Date": "Fri, 04 Aug 2023 09:31:46 GMT",
        "ETag": "\u00220x8DB94CD9F44E46E\u0022",
        "Last-Modified": "Fri, 04 Aug 2023 09:31:46 GMT",
        "Server": [
          "Windows-Azure-File/1.0",
          "Microsoft-HTTPAPI/2.0"
        ],
        "Transfer-Encoding": "chunked",
        "x-ms-lease-id": "c820a799-76d7-4ee2-6e15-546f19325c2c",
        "x-ms-request-id": "00000000-0000-0000-0000-000000000000",
        "x-ms-version": "2022-11-02"
      },
      "ResponseBody": null
    },
    {
      "RequestUri": "https://fakestorage.file.core.windows.net/gosfilerenamesrcdestlease/file2?comp=lease",
      "RequestMethod": "PUT",
      "RequestHeaders": {
        "Accept": "application/xml",
        "Accept-Encoding": "gzip",
        "Authorization": "Sanitized",
        "Content-Length": "0",
        "User-Agent": "azsdk-go-azfile/v1.0.1 (go1.18.5; Windows_NT)",
        "X-Ms-Date": "Fri, 04 Aug 2023 09:31:46 GMT",
        "x-ms-lease-action": "acquire",
        "x-ms-lease-duration": "-1",
        "x-ms-proposed-lease-id": "326cc5e1-746e-4af8-4811-a50e6629a8ca",
        "x-ms-version": "2022-11-02"
      },
      "RequestBody": null,
      "StatusCode": 201,
      "ResponseHeaders": {
        "Date": "Fri, 04 Aug 2023 09:31:46 GMT",
        "ETag": "\u00220x8DB94CD9F7478CB\u0022",
        "Last-Modified": "Fri, 04 Aug 2023 09:31:46 GMT",
        "Server": [
          "Windows-Azure-File/1.0",
          "Microsoft-HTTPAPI/2.0"
        ],
        "Transfer-Encoding": "chunked",
        "x-ms-lease-id": "326cc5e1-746e-4af8-4811-a50e6629a8ca",
        "x-ms-request-id": "00000000-0000-0000-0000-000000000000",
        "x-ms-version": "2022-11-02"
      },
      "ResponseBody": null
    },
    {
      "RequestUri": "https://fakestorage.file.core.windows.net/gosfilerenamesrcdestlease/file2?comp=rename",
      "RequestMethod": "PUT",
      "RequestHeaders": {
        "Accept": "application/xml",
        "Accept-Encoding": "gzip",
        "Authorization": "Sanitized",
        "Content-Length": "0",
        "User-Agent": "azsdk-go-azfile/v1.0.1 (go1.18.5; Windows_NT)",
        "X-Ms-Date": "Fri, 04 Aug 2023 09:31:46 GMT",
        "x-ms-file-rename-replace-if-exists": "true",
        "x-ms-file-rename-source": "https://fakestorage.file.core.windows.net/gosfilerenamesrcdestlease/file1",
        "x-ms-version": "2022-11-02"
      },
      "RequestBody": null,
      "StatusCode": 412,
      "ResponseHeaders": {
        "Content-Length": "267",
        "Content-Type": "application/xml",
        "Date": "Fri, 04 Aug 2023 09:31:47 GMT",
        "Server": [
          "Windows-Azure-File/1.0",
          "Microsoft-HTTPAPI/2.0"
        ],
        "x-ms-error-code": "LeaseIdMissing",
        "x-ms-request-id": "00000000-0000-0000-0000-000000000000",
        "x-ms-version": "2022-11-02"
      },
      "ResponseBody": [
        "\uFEFF\u003C?xml version=\u00221.0\u0022 encoding=\u0022utf-8\u0022?\u003E\u003CError\u003E\u003CCode\u003ELeaseIdMissing\u003C/Code\u003E\u003CMessage\u003EThere is currently a lease on the file and no lease ID was specified in the request.\n",
        "RequestId:1acfd883-d01a-0026-3cb6-c68df7000000\n",
        "Time:2023-08-04T09:31:47.7044875Z\u003C/Message\u003E\u003C/Error\u003E"
      ]
    },
    {
      "RequestUri": "https://fakestorage.file.core.windows.net/gosfilerenamesrcdestlease/file2?comp=rename",
      "RequestMethod": "PUT",
      "RequestHeaders": {
        "Accept": "application/xml",
        "Accept-Encoding": "gzip",
        "Authorization": "Sanitized",
        "Content-Length": "0",
        "User-Agent": "azsdk-go-azfile/v1.0.1 (go1.18.5; Windows_NT)",
        "X-Ms-Date": "Fri, 04 Aug 2023 09:31:46 GMT",
        "x-ms-destination-lease-id": "326cc5e1-746e-4af8-4811-a50e6629a8ca",
        "x-ms-file-rename-replace-if-exists": "true",
        "x-ms-file-rename-source": "https://fakestorage.file.core.windows.net/gosfilerenamesrcdestlease/file1",
        "x-ms-source-lease-id": "c820a799-76d7-4ee2-6e15-546f19325c2c",
        "x-ms-version": "2022-11-02"
      },
      "RequestBody": null,
      "StatusCode": 200,
      "ResponseHeaders": {
        "Content-Length": "0",
        "Date": "Fri, 04 Aug 2023 09:31:47 GMT",
        "ETag": "\u00220x8DB94CDA037AB49\u0022",
        "Last-Modified": "Fri, 04 Aug 2023 09:31:48 GMT",
        "Server": [
          "Windows-Azure-File/1.0",
          "Microsoft-HTTPAPI/2.0"
        ],
        "x-ms-file-attributes": "Archive",
        "x-ms-file-change-time": "2023-08-04T09:31:48.0266569Z",
        "x-ms-file-creation-time": "2023-08-04T09:31:46.4355950Z",
        "x-ms-file-id": "13835128424026341376",
        "x-ms-file-last-write-time": "2023-08-04T09:31:46.4355950Z",
        "x-ms-file-parent-id": "0",
        "x-ms-file-permission-key": "11440559603526778118*3919785451690939784",
        "x-ms-request-id": "00000000-0000-0000-0000-000000000000",
        "x-ms-request-server-encrypted": "true",
        "x-ms-version": "2022-11-02"
      },
      "ResponseBody": null
    },
    {
      "RequestUri": "https://fakestorage.file.core.windows.net/gosfilerenamesrcdestlease/file1",
      "RequestMethod": "HEAD",
      "RequestHeaders": {
        "Accept": "application/xml",
        "Authorization": "Sanitized",
        "User-Agent": "azsdk-go-azfile/v1.0.1 (go1.18.5; Windows_NT)",
        "X-Ms-Date": "Fri, 04 Aug 2023 09:31:47 GMT",
        "x-ms-version": "2022-11-02"
      },
      "RequestBody": null,
      "StatusCode": 404,
      "ResponseHeaders": {
        "Date": "Fri, 04 Aug 2023 09:31:47 GMT",
        "Server": [
          "Windows-Azure-File/1.0",
          "Microsoft-HTTPAPI/2.0"
        ],
        "Transfer-Encoding": "chunked",
        "Vary": "Origin",
        "x-ms-error-code": "ResourceNotFound",
        "x-ms-request-id": "00000000-0000-0000-0000-000000000000",
        "x-ms-version": "2022-11-02"
      },
      "ResponseBody": null
    },
    {
      "RequestUri": "https://fakestorage.file.core.windows.net/gosfilerenamesrcdestlease/file2",
      "RequestMethod": "HEAD",
      "RequestHeaders": {
        "Accept": "application/xml",
        "Authorization": "Sanitized",
        "User-Agent": "azsdk-go-azfile/v1.0.1 (go1.18.5; Windows_NT)",
        "X-Ms-Date": "Fri, 04 Aug 2023 09:31:47 GMT",
        "x-ms-version": "2022-11-02"
      },
      "RequestBody": null,
      "StatusCode": 200,
      "ResponseHeaders": {
        "Content-Length": "2048",
        "Content-Type": "application/octet-stream",
        "Date": "Fri, 04 Aug 2023 09:31:48 GMT",
        "ETag": "\u00220x8DB94CDA037AB49\u0022",
        "Last-Modified": "Fri, 04 Aug 2023 09:31:48 GMT",
        "Server": [
          "Windows-Azure-File/1.0",
          "Microsoft-HTTPAPI/2.0"
        ],
        "Vary": "Origin",
        "x-ms-file-attributes": "Archive",
        "x-ms-file-change-time": "2023-08-04T09:31:48.0266569Z",
        "x-ms-file-creation-time": "2023-08-04T09:31:46.4355950Z",
        "x-ms-file-id": "13835128424026341376",
        "x-ms-file-last-write-time": "2023-08-04T09:31:46.4355950Z",
        "x-ms-file-parent-id": "0",
        "x-ms-file-permission-key": "11440559603526778118*3919785451690939784",
        "x-ms-lease-duration": "infinite",
        "x-ms-lease-state": "leased",
        "x-ms-lease-status": "locked",
        "x-ms-request-id": "00000000-0000-0000-0000-000000000000",
        "x-ms-server-encrypted": "true",
        "x-ms-type": "File",
        "x-ms-version": "2022-11-02"
      },
      "ResponseBody": null
    },
    {
      "RequestUri": "https://fakestorage.file.core.windows.net/gosfilerenamesrcdestlease?restype=share",
      "RequestMethod": "DELETE",
      "RequestHeaders": {
        "Accept": "application/xml",
        "Accept-Encoding": "gzip",
        "Authorization": "Sanitized",
        "User-Agent": "azsdk-go-azfile/v1.0.1 (go1.18.5; Windows_NT)",
        "X-Ms-Date": "Fri, 04 Aug 2023 09:31:47 GMT",
        "x-ms-version": "2022-11-02"
      },
      "RequestBody": null,
      "StatusCode": 202,
      "ResponseHeaders": {
        "Content-Length": "0",
        "Date": "Fri, 04 Aug 2023 09:31:48 GMT",
        "Server": [
          "Windows-Azure-File/1.0",
          "Microsoft-HTTPAPI/2.0"
        ],
        "x-ms-request-id": "00000000-0000-0000-0000-000000000000",
        "x-ms-version": "2022-11-02"
      },
      "ResponseBody": null
    }
  ],
  "Variables": {}
}
