{
  "Entries": [
    {
      "RequestUri": "https://fakestorage.file.core.windows.net/gosdirectorylistusingoauth?restype=share",
      "RequestMethod": "PUT",
      "RequestHeaders": {
        "Accept": "application/xml",
        "Accept-Encoding": "gzip",
        "Authorization": "Sanitized",
        "Content-Length": "0",
        "User-Agent": "azsdk-go-azfile/v1.1.0 (go1.21.1; Windows_NT)",
        "X-Ms-Date": "Fri, 20 Oct 2023 05:09:22 GMT",
        "x-ms-version": "2022-11-02"
      },
      "RequestBody": null,
      "StatusCode": 201,
      "ResponseHeaders": {
        "Content-Length": "0",
        "Date": "Fri, 20 Oct 2023 05:09:22 GMT",
        "ETag": "\u00220x8DBD12AB8F729B3\u0022",
        "Last-Modified": "Fri, 20 Oct 2023 05:09:22 GMT",
        "Server": [
          "Windows-Azure-File/1.0",
          "Microsoft-HTTPAPI/2.0"
        ],
        "x-ms-request-id": "00000000-0000-0000-0000-000000000000",
        "x-ms-version": "2022-11-02"
      },
      "ResponseBody": null
    },
    {
      "RequestUri": "https://fakestorage.file.core.windows.net/gosdirectorylistusingoauth/godirdirectorylistusingoauth?restype=directory",
      "RequestMethod": "PUT",
      "RequestHeaders": {
        "Accept": "application/xml",
        "Accept-Encoding": "gzip",
        "Authorization": "Sanitized",
        "Content-Length": "0",
        "User-Agent": "azsdk-go-azfile/v1.1.0 (go1.21.1; Windows_NT)",
        "x-ms-file-attributes": "Directory",
        "x-ms-file-creation-time": "now",
        "x-ms-file-last-write-time": "now",
        "x-ms-file-permission": "inherit",
        "x-ms-file-request-intent": "backup",
        "x-ms-version": "2022-11-02"
      },
      "RequestBody": null,
      "StatusCode": 201,
      "ResponseHeaders": {
        "Content-Length": "0",
        "Date": "Fri, 20 Oct 2023 05:09:23 GMT",
        "ETag": "\u00220x8DBD12AB9600D31\u0022",
        "Last-Modified": "Fri, 20 Oct 2023 05:09:23 GMT",
        "Server": [
          "Windows-Azure-File/1.0",
          "Microsoft-HTTPAPI/2.0"
        ],
        "x-ms-file-attributes": "Directory",
        "x-ms-file-change-time": "2023-10-20T05:09:23.1968561Z",
        "x-ms-file-creation-time": "2023-10-20T05:09:23.1968561Z",
        "x-ms-file-id": "13835128424026341376",
        "x-ms-file-last-write-time": "2023-10-20T05:09:23.1968561Z",
        "x-ms-file-parent-id": "0",
        "x-ms-file-permission-key": "6785225114448717827*3959456104892465034",
        "x-ms-request-id": "00000000-0000-0000-0000-000000000000",
        "x-ms-request-server-encrypted": "true",
        "x-ms-version": "2022-11-02"
      },
      "ResponseBody": null
    },
    {
      "RequestUri": "https://fakestorage.file.core.windows.net/gosdirectorylistusingoauth/godirdirectorylistusingoauth/godirdirectorylistusingoauth0?restype=directory",
      "RequestMethod": "PUT",
      "RequestHeaders": {
        "Accept": "application/xml",
        "Accept-Encoding": "gzip",
        "Authorization": "Sanitized",
        "Content-Length": "0",
        "User-Agent": "azsdk-go-azfile/v1.1.0 (go1.21.1; Windows_NT)",
        "x-ms-file-attributes": "Directory",
        "x-ms-file-creation-time": "now",
        "x-ms-file-last-write-time": "now",
        "x-ms-file-permission": "inherit",
        "x-ms-file-request-intent": "backup",
        "x-ms-version": "2022-11-02"
      },
      "RequestBody": null,
      "StatusCode": 201,
      "ResponseHeaders": {
        "Content-Length": "0",
        "Date": "Fri, 20 Oct 2023 05:09:23 GMT",
        "ETag": "\u00220x8DBD12AB98372F3\u0022",
        "Last-Modified": "Fri, 20 Oct 2023 05:09:23 GMT",
        "Server": [
          "Windows-Azure-File/1.0",
          "Microsoft-HTTPAPI/2.0"
        ],
        "x-ms-file-attributes": "Directory",
        "x-ms-file-change-time": "2023-10-20T05:09:23.4288371Z",
        "x-ms-file-creation-time": "2023-10-20T05:09:23.4288371Z",
        "x-ms-file-id": "11529285414812647424",
        "x-ms-file-last-write-time": "2023-10-20T05:09:23.4288371Z",
        "x-ms-file-parent-id": "13835128424026341376",
        "x-ms-file-permission-key": "6785225114448717827*3959456104892465034",
        "x-ms-request-id": "00000000-0000-0000-0000-000000000000",
        "x-ms-request-server-encrypted": "true",
        "x-ms-version": "2022-11-02"
      },
      "ResponseBody": null
    },
    {
      "RequestUri": "https://fakestorage.file.core.windows.net/gosdirectorylistusingoauth/godirdirectorylistusingoauth/godirdirectorylistusingoauth1?restype=directory",
      "RequestMethod": "PUT",
      "RequestHeaders": {
        "Accept": "application/xml",
        "Accept-Encoding": "gzip",
        "Authorization": "Sanitized",
        "Content-Length": "0",
        "User-Agent": "azsdk-go-azfile/v1.1.0 (go1.21.1; Windows_NT)",
        "x-ms-file-attributes": "Directory",
        "x-ms-file-creation-time": "now",
        "x-ms-file-last-write-time": "now",
        "x-ms-file-permission": "inherit",
        "x-ms-file-request-intent": "backup",
        "x-ms-version": "2022-11-02"
      },
      "RequestBody": null,
      "StatusCode": 201,
      "ResponseHeaders": {
        "Content-Length": "0",
        "Date": "Fri, 20 Oct 2023 05:09:23 GMT",
        "ETag": "\u00220x8DBD12AB9A6B1DE\u0022",
        "Last-Modified": "Fri, 20 Oct 2023 05:09:23 GMT",
        "Server": [
          "Windows-Azure-File/1.0",
          "Microsoft-HTTPAPI/2.0"
        ],
        "x-ms-file-attributes": "Directory",
        "x-ms-file-change-time": "2023-10-20T05:09:23.6598238Z",
        "x-ms-file-creation-time": "2023-10-20T05:09:23.6598238Z",
        "x-ms-file-id": "16140971433240035328",
        "x-ms-file-last-write-time": "2023-10-20T05:09:23.6598238Z",
        "x-ms-file-parent-id": "13835128424026341376",
        "x-ms-file-permission-key": "6785225114448717827*3959456104892465034",
        "x-ms-request-id": "00000000-0000-0000-0000-000000000000",
        "x-ms-request-server-encrypted": "true",
        "x-ms-version": "2022-11-02"
      },
      "ResponseBody": null
    },
    {
      "RequestUri": "https://fakestorage.file.core.windows.net/gosdirectorylistusingoauth/godirdirectorylistusingoauth/godirdirectorylistusingoauth2?restype=directory",
      "RequestMethod": "PUT",
      "RequestHeaders": {
        "Accept": "application/xml",
        "Accept-Encoding": "gzip",
        "Authorization": "Sanitized",
        "Content-Length": "0",
        "User-Agent": "azsdk-go-azfile/v1.1.0 (go1.21.1; Windows_NT)",
        "x-ms-file-attributes": "Directory",
        "x-ms-file-creation-time": "now",
        "x-ms-file-last-write-time": "now",
        "x-ms-file-permission": "inherit",
        "x-ms-file-request-intent": "backup",
        "x-ms-version": "2022-11-02"
      },
      "RequestBody": null,
      "StatusCode": 201,
      "ResponseHeaders": {
        "Content-Length": "0",
        "Date": "Fri, 20 Oct 2023 05:09:23 GMT",
        "ETag": "\u00220x8DBD12AB9CB27DE\u0022",
        "Last-Modified": "Fri, 20 Oct 2023 05:09:23 GMT",
        "Server": [
          "Windows-Azure-File/1.0",
          "Microsoft-HTTPAPI/2.0"
        ],
        "x-ms-file-attributes": "Directory",
        "x-ms-file-change-time": "2023-10-20T05:09:23.8987742Z",
        "x-ms-file-creation-time": "2023-10-20T05:09:23.8987742Z",
        "x-ms-file-id": "10376363910205800448",
        "x-ms-file-last-write-time": "2023-10-20T05:09:23.8987742Z",
        "x-ms-file-parent-id": "13835128424026341376",
        "x-ms-file-permission-key": "6785225114448717827*3959456104892465034",
        "x-ms-request-id": "00000000-0000-0000-0000-000000000000",
        "x-ms-request-server-encrypted": "true",
        "x-ms-version": "2022-11-02"
      },
      "ResponseBody": null
    },
    {
      "RequestUri": "https://fakestorage.file.core.windows.net/gosdirectorylistusingoauth/godirdirectorylistusingoauth/godirdirectorylistusingoauth3?restype=directory",
      "RequestMethod": "PUT",
      "RequestHeaders": {
        "Accept": "application/xml",
        "Accept-Encoding": "gzip",
        "Authorization": "Sanitized",
        "Content-Length": "0",
        "User-Agent": "azsdk-go-azfile/v1.1.0 (go1.21.1; Windows_NT)",
        "x-ms-file-attributes": "Directory",
        "x-ms-file-creation-time": "now",
        "x-ms-file-last-write-time": "now",
        "x-ms-file-permission": "inherit",
        "x-ms-file-request-intent": "backup",
        "x-ms-version": "2022-11-02"
      },
      "RequestBody": null,
      "StatusCode": 201,
      "ResponseHeaders": {
        "Content-Length": "0",
        "Date": "Fri, 20 Oct 2023 05:09:24 GMT",
        "ETag": "\u00220x8DBD12AB9EE8DA8\u0022",
        "Last-Modified": "Fri, 20 Oct 2023 05:09:24 GMT",
        "Server": [
          "Windows-Azure-File/1.0",
          "Microsoft-HTTPAPI/2.0"
        ],
        "x-ms-file-attributes": "Directory",
        "x-ms-file-change-time": "2023-10-20T05:09:24.1307560Z",
        "x-ms-file-creation-time": "2023-10-20T05:09:24.1307560Z",
        "x-ms-file-id": "14988049928633188352",
        "x-ms-file-last-write-time": "2023-10-20T05:09:24.1307560Z",
        "x-ms-file-parent-id": "13835128424026341376",
        "x-ms-file-permission-key": "6785225114448717827*3959456104892465034",
        "x-ms-request-id": "00000000-0000-0000-0000-000000000000",
        "x-ms-request-server-encrypted": "true",
        "x-ms-version": "2022-11-02"
      },
      "ResponseBody": null
    },
    {
      "RequestUri": "https://fakestorage.file.core.windows.net/gosdirectorylistusingoauth/godirdirectorylistusingoauth/godirdirectorylistusingoauth4?restype=directory",
      "RequestMethod": "PUT",
      "RequestHeaders": {
        "Accept": "application/xml",
        "Accept-Encoding": "gzip",
        "Authorization": "Sanitized",
        "Content-Length": "0",
        "User-Agent": "azsdk-go-azfile/v1.1.0 (go1.21.1; Windows_NT)",
        "x-ms-file-attributes": "Directory",
        "x-ms-file-creation-time": "now",
        "x-ms-file-last-write-time": "now",
        "x-ms-file-permission": "inherit",
        "x-ms-file-request-intent": "backup",
        "x-ms-version": "2022-11-02"
      },
      "RequestBody": null,
      "StatusCode": 201,
      "ResponseHeaders": {
        "Content-Length": "0",
        "Date": "Fri, 20 Oct 2023 05:09:24 GMT",
        "ETag": "\u00220x8DBD12ABA139F42\u0022",
        "Last-Modified": "Fri, 20 Oct 2023 05:09:24 GMT",
        "Server": [
          "Windows-Azure-File/1.0",
          "Microsoft-HTTPAPI/2.0"
        ],
        "x-ms-file-attributes": "Directory",
        "x-ms-file-change-time": "2023-10-20T05:09:24.3736898Z",
        "x-ms-file-creation-time": "2023-10-20T05:09:24.3736898Z",
        "x-ms-file-id": "12682206919419494400",
        "x-ms-file-last-write-time": "2023-10-20T05:09:24.3736898Z",
        "x-ms-file-parent-id": "13835128424026341376",
        "x-ms-file-permission-key": "6785225114448717827*3959456104892465034",
        "x-ms-request-id": "00000000-0000-0000-0000-000000000000",
        "x-ms-request-server-encrypted": "true",
        "x-ms-version": "2022-11-02"
      },
      "ResponseBody": null
    },
    {
      "RequestUri": "https://fakestorage.file.core.windows.net/gosdirectorylistusingoauth/godirdirectorylistusingoauth/godirdirectorylistusingoauth5?restype=directory",
      "RequestMethod": "PUT",
      "RequestHeaders": {
        "Accept": "application/xml",
        "Accept-Encoding": "gzip",
        "Authorization": "Sanitized",
        "Content-Length": "0",
        "User-Agent": "azsdk-go-azfile/v1.1.0 (go1.21.1; Windows_NT)",
        "x-ms-file-attributes": "Directory",
        "x-ms-file-creation-time": "now",
        "x-ms-file-last-write-time": "now",
        "x-ms-file-permission": "inherit",
        "x-ms-file-request-intent": "backup",
        "x-ms-version": "2022-11-02"
      },
      "RequestBody": null,
      "StatusCode": 201,
      "ResponseHeaders": {
        "Content-Length": "0",
        "Date": "Fri, 20 Oct 2023 05:09:24 GMT",
        "ETag": "\u00220x8DBD12ABA370511\u0022",
        "Last-Modified": "Fri, 20 Oct 2023 05:09:24 GMT",
        "Server": [
          "Windows-Azure-File/1.0",
          "Microsoft-HTTPAPI/2.0"
        ],
        "x-ms-file-attributes": "Directory",
        "x-ms-file-change-time": "2023-10-20T05:09:24.6056721Z",
        "x-ms-file-creation-time": "2023-10-20T05:09:24.6056721Z",
        "x-ms-file-id": "17293892937846882304",
        "x-ms-file-last-write-time": "2023-10-20T05:09:24.6056721Z",
        "x-ms-file-parent-id": "13835128424026341376",
        "x-ms-file-permission-key": "6785225114448717827*3959456104892465034",
        "x-ms-request-id": "00000000-0000-0000-0000-000000000000",
        "x-ms-request-server-encrypted": "true",
        "x-ms-version": "2022-11-02"
      },
      "ResponseBody": null
    },
    {
      "RequestUri": "https://fakestorage.file.core.windows.net/gosdirectorylistusingoauth/godirdirectorylistusingoauth/godirdirectorylistusingoauth6?restype=directory",
      "RequestMethod": "PUT",
      "RequestHeaders": {
        "Accept": "application/xml",
        "Accept-Encoding": "gzip",
        "Authorization": "Sanitized",
        "Content-Length": "0",
        "User-Agent": "azsdk-go-azfile/v1.1.0 (go1.21.1; Windows_NT)",
        "x-ms-file-attributes": "Directory",
        "x-ms-file-creation-time": "now",
        "x-ms-file-last-write-time": "now",
        "x-ms-file-permission": "inherit",
        "x-ms-file-request-intent": "backup",
        "x-ms-version": "2022-11-02"
      },
      "RequestBody": null,
      "StatusCode": 201,
      "ResponseHeaders": {
        "Content-Length": "0",
        "Date": "Fri, 20 Oct 2023 05:09:24 GMT",
        "ETag": "\u00220x8DBD12ABA5A6AD3\u0022",
        "Last-Modified": "Fri, 20 Oct 2023 05:09:24 GMT",
        "Server": [
          "Windows-Azure-File/1.0",
          "Microsoft-HTTPAPI/2.0"
        ],
        "x-ms-file-attributes": "Directory",
        "x-ms-file-change-time": "2023-10-20T05:09:24.8376531Z",
        "x-ms-file-creation-time": "2023-10-20T05:09:24.8376531Z",
        "x-ms-file-id": "9799903157902376960",
        "x-ms-file-last-write-time": "2023-10-20T05:09:24.8376531Z",
        "x-ms-file-parent-id": "13835128424026341376",
        "x-ms-file-permission-key": "6785225114448717827*3959456104892465034",
        "x-ms-request-id": "00000000-0000-0000-0000-000000000000",
        "x-ms-request-server-encrypted": "true",
        "x-ms-version": "2022-11-02"
      },
      "ResponseBody": null
    },
    {
      "RequestUri": "https://fakestorage.file.core.windows.net/gosdirectorylistusingoauth/godirdirectorylistusingoauth/godirdirectorylistusingoauth7?restype=directory",
      "RequestMethod": "PUT",
      "RequestHeaders": {
        "Accept": "application/xml",
        "Accept-Encoding": "gzip",
        "Authorization": "Sanitized",
        "Content-Length": "0",
        "User-Agent": "azsdk-go-azfile/v1.1.0 (go1.21.1; Windows_NT)",
        "x-ms-file-attributes": "Directory",
        "x-ms-file-creation-time": "now",
        "x-ms-file-last-write-time": "now",
        "x-ms-file-permission": "inherit",
        "x-ms-file-request-intent": "backup",
        "x-ms-version": "2022-11-02"
      },
      "RequestBody": null,
      "StatusCode": 201,
      "ResponseHeaders": {
        "Content-Length": "0",
        "Date": "Fri, 20 Oct 2023 05:09:25 GMT",
        "ETag": "\u00220x8DBD12ABA7EB9F9\u0022",
        "Last-Modified": "Fri, 20 Oct 2023 05:09:25 GMT",
        "Server": [
          "Windows-Azure-File/1.0",
          "Microsoft-HTTPAPI/2.0"
        ],
        "x-ms-file-attributes": "Directory",
        "x-ms-file-change-time": "2023-10-20T05:09:25.0756089Z",
        "x-ms-file-creation-time": "2023-10-20T05:09:25.0756089Z",
        "x-ms-file-id": "14411589176329764864",
        "x-ms-file-last-write-time": "2023-10-20T05:09:25.0756089Z",
        "x-ms-file-parent-id": "13835128424026341376",
        "x-ms-file-permission-key": "6785225114448717827*3959456104892465034",
        "x-ms-request-id": "00000000-0000-0000-0000-000000000000",
        "x-ms-request-server-encrypted": "true",
        "x-ms-version": "2022-11-02"
      },
      "ResponseBody": null
    },
    {
      "RequestUri": "https://fakestorage.file.core.windows.net/gosdirectorylistusingoauth/godirdirectorylistusingoauth/godirdirectorylistusingoauth8?restype=directory",
      "RequestMethod": "PUT",
      "RequestHeaders": {
        "Accept": "application/xml",
        "Accept-Encoding": "gzip",
        "Authorization": "Sanitized",
        "Content-Length": "0",
        "User-Agent": "azsdk-go-azfile/v1.1.0 (go1.21.1; Windows_NT)",
        "x-ms-file-attributes": "Directory",
        "x-ms-file-creation-time": "now",
        "x-ms-file-last-write-time": "now",
        "x-ms-file-permission": "inherit",
        "x-ms-file-request-intent": "backup",
        "x-ms-version": "2022-11-02"
      },
      "RequestBody": null,
      "StatusCode": 201,
      "ResponseHeaders": {
        "Content-Length": "0",
        "Date": "Fri, 20 Oct 2023 05:09:25 GMT",
        "ETag": "\u00220x8DBD12ABAA26D90\u0022",
        "Last-Modified": "Fri, 20 Oct 2023 05:09:25 GMT",
        "Server": [
          "Windows-Azure-File/1.0",
          "Microsoft-HTTPAPI/2.0"
        ],
        "x-ms-file-attributes": "Directory",
        "x-ms-file-change-time": "2023-10-20T05:09:25.3095824Z",
        "x-ms-file-creation-time": "2023-10-20T05:09:25.3095824Z",
        "x-ms-file-id": "12105746167116070912",
        "x-ms-file-last-write-time": "2023-10-20T05:09:25.3095824Z",
        "x-ms-file-parent-id": "13835128424026341376",
        "x-ms-file-permission-key": "6785225114448717827*3959456104892465034",
        "x-ms-request-id": "00000000-0000-0000-0000-000000000000",
        "x-ms-request-server-encrypted": "true",
        "x-ms-version": "2022-11-02"
      },
      "ResponseBody": null
    },
    {
      "RequestUri": "https://fakestorage.file.core.windows.net/gosdirectorylistusingoauth/godirdirectorylistusingoauth/godirdirectorylistusingoauth9?restype=directory",
      "RequestMethod": "PUT",
      "RequestHeaders": {
        "Accept": "application/xml",
        "Accept-Encoding": "gzip",
        "Authorization": "Sanitized",
        "Content-Length": "0",
        "User-Agent": "azsdk-go-azfile/v1.1.0 (go1.21.1; Windows_NT)",
        "x-ms-file-attributes": "Directory",
        "x-ms-file-creation-time": "now",
        "x-ms-file-last-write-time": "now",
        "x-ms-file-permission": "inherit",
        "x-ms-file-request-intent": "backup",
        "x-ms-version": "2022-11-02"
      },
      "RequestBody": null,
      "StatusCode": 201,
      "ResponseHeaders": {
        "Content-Length": "0",
        "Date": "Fri, 20 Oct 2023 05:09:25 GMT",
        "ETag": "\u00220x8DBD12ABAC5D363\u0022",
        "Last-Modified": "Fri, 20 Oct 2023 05:09:25 GMT",
        "Server": [
          "Windows-Azure-File/1.0",
          "Microsoft-HTTPAPI/2.0"
        ],
        "x-ms-file-attributes": "Directory",
        "x-ms-file-change-time": "2023-10-20T05:09:25.5415651Z",
        "x-ms-file-creation-time": "2023-10-20T05:09:25.5415651Z",
        "x-ms-file-id": "16717432185543458816",
        "x-ms-file-last-write-time": "2023-10-20T05:09:25.5415651Z",
        "x-ms-file-parent-id": "13835128424026341376",
        "x-ms-file-permission-key": "6785225114448717827*3959456104892465034",
        "x-ms-request-id": "00000000-0000-0000-0000-000000000000",
        "x-ms-request-server-encrypted": "true",
        "x-ms-version": "2022-11-02"
      },
      "ResponseBody": null
    },
    {
      "RequestUri": "https://fakestorage.file.core.windows.net/gosdirectorylistusingoauth/godirdirectorylistusingoauth/gotestfiledirectorylistusingoauth0",
      "RequestMethod": "PUT",
      "RequestHeaders": {
        "Accept": "application/xml",
        "Accept-Encoding": "gzip",
        "Authorization": "Sanitized",
        "Content-Length": "0",
        "User-Agent": "azsdk-go-azfile/v1.1.0 (go1.21.1; Windows_NT)",
        "x-ms-content-length": "2048",
        "x-ms-file-attributes": "None",
        "x-ms-file-creation-time": "now",
        "x-ms-file-last-write-time": "now",
        "x-ms-file-permission": "inherit",
        "x-ms-file-request-intent": "backup",
        "x-ms-type": "file",
        "x-ms-version": "2022-11-02"
      },
      "RequestBody": null,
      "StatusCode": 201,
      "ResponseHeaders": {
        "Content-Length": "0",
        "Date": "Fri, 20 Oct 2023 05:09:25 GMT",
        "ETag": "\u00220x8DBD12ABAE9391C\u0022",
        "Last-Modified": "Fri, 20 Oct 2023 05:09:25 GMT",
        "Server": [
          "Windows-Azure-File/1.0",
          "Microsoft-HTTPAPI/2.0"
        ],
        "x-ms-file-attributes": "Archive",
        "x-ms-file-change-time": "2023-10-20T05:09:25.7735452Z",
        "x-ms-file-creation-time": "2023-10-20T05:09:25.7735452Z",
        "x-ms-file-id": "10952824662509223936",
        "x-ms-file-last-write-time": "2023-10-20T05:09:25.7735452Z",
        "x-ms-file-parent-id": "13835128424026341376",
        "x-ms-file-permission-key": "11408242485704529668*3959456104892465034",
        "x-ms-request-id": "00000000-0000-0000-0000-000000000000",
        "x-ms-request-server-encrypted": "true",
        "x-ms-version": "2022-11-02"
      },
      "ResponseBody": null
    },
    {
      "RequestUri": "https://fakestorage.file.core.windows.net/gosdirectorylistusingoauth/godirdirectorylistusingoauth/gotestfiledirectorylistusingoauth1",
      "RequestMethod": "PUT",
      "RequestHeaders": {
        "Accept": "application/xml",
        "Accept-Encoding": "gzip",
        "Authorization": "Sanitized",
        "Content-Length": "0",
        "User-Agent": "azsdk-go-azfile/v1.1.0 (go1.21.1; Windows_NT)",
        "x-ms-content-length": "2048",
        "x-ms-file-attributes": "None",
        "x-ms-file-creation-time": "now",
        "x-ms-file-last-write-time": "now",
        "x-ms-file-permission": "inherit",
        "x-ms-file-request-intent": "backup",
        "x-ms-type": "file",
        "x-ms-version": "2022-11-02"
      },
      "RequestBody": null,
      "StatusCode": 201,
      "ResponseHeaders": {
        "Content-Length": "0",
        "Date": "Fri, 20 Oct 2023 05:09:25 GMT",
        "ETag": "\u00220x8DBD12ABB0C7801\u0022",
        "Last-Modified": "Fri, 20 Oct 2023 05:09:26 GMT",
        "Server": [
          "Windows-Azure-File/1.0",
          "Microsoft-HTTPAPI/2.0"
        ],
        "x-ms-file-attributes": "Archive",
        "x-ms-file-change-time": "2023-10-20T05:09:26.0045313Z",
        "x-ms-file-creation-time": "2023-10-20T05:09:26.0045313Z",
        "x-ms-file-id": "15564510680936611840",
        "x-ms-file-last-write-time": "2023-10-20T05:09:26.0045313Z",
        "x-ms-file-parent-id": "13835128424026341376",
        "x-ms-file-permission-key": "11408242485704529668*3959456104892465034",
        "x-ms-request-id": "00000000-0000-0000-0000-000000000000",
        "x-ms-request-server-encrypted": "true",
        "x-ms-version": "2022-11-02"
      },
      "ResponseBody": null
    },
    {
      "RequestUri": "https://fakestorage.file.core.windows.net/gosdirectorylistusingoauth/godirdirectorylistusingoauth/gotestfiledirectorylistusingoauth2",
      "RequestMethod": "PUT",
      "RequestHeaders": {
        "Accept": "application/xml",
        "Accept-Encoding": "gzip",
        "Authorization": "Sanitized",
        "Content-Length": "0",
        "User-Agent": "azsdk-go-azfile/v1.1.0 (go1.21.1; Windows_NT)",
        "x-ms-content-length": "2048",
        "x-ms-file-attributes": "None",
        "x-ms-file-creation-time": "now",
        "x-ms-file-last-write-time": "now",
        "x-ms-file-permission": "inherit",
        "x-ms-file-request-intent": "backup",
        "x-ms-type": "file",
        "x-ms-version": "2022-11-02"
      },
      "RequestBody": null,
      "StatusCode": 201,
      "ResponseHeaders": {
        "Content-Length": "0",
        "Date": "Fri, 20 Oct 2023 05:09:26 GMT",
        "ETag": "\u00220x8DBD12ABB2FB6F3\u0022",
        "Last-Modified": "Fri, 20 Oct 2023 05:09:26 GMT",
        "Server": [
          "Windows-Azure-File/1.0",
          "Microsoft-HTTPAPI/2.0"
        ],
        "x-ms-file-attributes": "Archive",
        "x-ms-file-change-time": "2023-10-20T05:09:26.2355187Z",
        "x-ms-file-creation-time": "2023-10-20T05:09:26.2355187Z",
        "x-ms-file-id": "13258667671722917888",
        "x-ms-file-last-write-time": "2023-10-20T05:09:26.2355187Z",
        "x-ms-file-parent-id": "13835128424026341376",
        "x-ms-file-permission-key": "11408242485704529668*3959456104892465034",
        "x-ms-request-id": "00000000-0000-0000-0000-000000000000",
        "x-ms-request-server-encrypted": "true",
        "x-ms-version": "2022-11-02"
      },
      "ResponseBody": null
    },
    {
      "RequestUri": "https://fakestorage.file.core.windows.net/gosdirectorylistusingoauth/godirdirectorylistusingoauth/gotestfiledirectorylistusingoauth3",
      "RequestMethod": "PUT",
      "RequestHeaders": {
        "Accept": "application/xml",
        "Accept-Encoding": "gzip",
        "Authorization": "Sanitized",
        "Content-Length": "0",
        "User-Agent": "azsdk-go-azfile/v1.1.0 (go1.21.1; Windows_NT)",
        "x-ms-content-length": "2048",
        "x-ms-file-attributes": "None",
        "x-ms-file-creation-time": "now",
        "x-ms-file-last-write-time": "now",
        "x-ms-file-permission": "inherit",
        "x-ms-file-request-intent": "backup",
        "x-ms-type": "file",
        "x-ms-version": "2022-11-02"
      },
      "RequestBody": null,
      "StatusCode": 201,
      "ResponseHeaders": {
        "Content-Length": "0",
        "Date": "Fri, 20 Oct 2023 05:09:26 GMT",
        "ETag": "\u00220x8DBD12ABB542CF1\u0022",
        "Last-Modified": "Fri, 20 Oct 2023 05:09:26 GMT",
        "Server": [
          "Windows-Azure-File/1.0",
          "Microsoft-HTTPAPI/2.0"
        ],
        "x-ms-file-attributes": "Archive",
        "x-ms-file-change-time": "2023-10-20T05:09:26.4744689Z",
        "x-ms-file-creation-time": "2023-10-20T05:09:26.4744689Z",
        "x-ms-file-id": "17870353690150305792",
        "x-ms-file-last-write-time": "2023-10-20T05:09:26.4744689Z",
        "x-ms-file-parent-id": "13835128424026341376",
        "x-ms-file-permission-key": "11408242485704529668*3959456104892465034",
        "x-ms-request-id": "00000000-0000-0000-0000-000000000000",
        "x-ms-request-server-encrypted": "true",
        "x-ms-version": "2022-11-02"
      },
      "ResponseBody": null
    },
    {
      "RequestUri": "https://fakestorage.file.core.windows.net/gosdirectorylistusingoauth/godirdirectorylistusingoauth/gotestfiledirectorylistusingoauth4",
      "RequestMethod": "PUT",
      "RequestHeaders": {
        "Accept": "application/xml",
        "Accept-Encoding": "gzip",
        "Authorization": "Sanitized",
        "Content-Length": "0",
        "User-Agent": "azsdk-go-azfile/v1.1.0 (go1.21.1; Windows_NT)",
        "x-ms-content-length": "2048",
        "x-ms-file-attributes": "None",
        "x-ms-file-creation-time": "now",
        "x-ms-file-last-write-time": "now",
        "x-ms-file-permission": "inherit",
        "x-ms-file-request-intent": "backup",
        "x-ms-type": "file",
        "x-ms-version": "2022-11-02"
      },
      "RequestBody": null,
      "StatusCode": 201,
      "ResponseHeaders": {
        "Content-Length": "0",
        "Date": "Fri, 20 Oct 2023 05:09:26 GMT",
        "ETag": "\u00220x8DBD12ABB77B99A\u0022",
        "Last-Modified": "Fri, 20 Oct 2023 05:09:26 GMT",
        "Server": [
          "Windows-Azure-File/1.0",
          "Microsoft-HTTPAPI/2.0"
        ],
        "x-ms-file-attributes": "Archive",
        "x-ms-file-change-time": "2023-10-20T05:09:26.7074458Z",
        "x-ms-file-creation-time": "2023-10-20T05:09:26.7074458Z",
        "x-ms-file-id": "9511672781750665216",
        "x-ms-file-last-write-time": "2023-10-20T05:09:26.7074458Z",
        "x-ms-file-parent-id": "13835128424026341376",
        "x-ms-file-permission-key": "11408242485704529668*3959456104892465034",
        "x-ms-request-id": "00000000-0000-0000-0000-000000000000",
        "x-ms-request-server-encrypted": "true",
        "x-ms-version": "2022-11-02"
      },
      "ResponseBody": null
    },
    {
      "RequestUri": "https://fakestorage.file.core.windows.net/gosdirectorylistusingoauth/godirdirectorylistusingoauth?comp=list\u0026restype=directory",
      "RequestMethod": "GET",
      "RequestHeaders": {
        "Accept": "application/xml",
        "Accept-Encoding": "gzip",
        "Authorization": "Sanitized",
        "User-Agent": "azsdk-go-azfile/v1.1.0 (go1.21.1; Windows_NT)",
        "x-ms-file-request-intent": "backup",
        "x-ms-version": "2022-11-02"
      },
      "RequestBody": null,
      "StatusCode": 200,
      "ResponseHeaders": {
        "Content-Type": "application/xml",
        "Date": "Fri, 20 Oct 2023 05:09:26 GMT",
        "Server": [
          "Windows-Azure-File/1.0",
          "Microsoft-HTTPAPI/2.0"
        ],
        "Transfer-Encoding": "chunked",
        "Vary": "Origin",
        "x-ms-request-id": "00000000-0000-0000-0000-000000000000",
        "x-ms-version": "2022-11-02"
      },
      "ResponseBody": "\uFEFF\u003C?xml version=\u00221.0\u0022 encoding=\u0022utf-8\u0022?\u003E\u003CEnumerationResults ServiceEndpoint=\u0022https://teststorageaccounttanya.file.core.windows.net/\u0022 ShareName=\u0022gosdirectorylistusingoauth\u0022 DirectoryPath=\u0022godirdirectorylistusingoauth\u0022\u003E\u003CDirectoryId\u003E13835128424026341376\u003C/DirectoryId\u003E\u003CEntries\u003E\u003CDirectory\u003E\u003CName\u003Egodirdirectorylistusingoauth0\u003C/Name\u003E\u003CFileId\u003E11529285414812647424\u003C/FileId\u003E\u003CProperties /\u003E\u003C/Directory\u003E\u003CDirectory\u003E\u003CName\u003Egodirdirectorylistusingoauth1\u003C/Name\u003E\u003CFileId\u003E16140971433240035328\u003C/FileId\u003E\u003CProperties /\u003E\u003C/Directory\u003E\u003CDirectory\u003E\u003CName\u003Egodirdirectorylistusingoauth2\u003C/Name\u003E\u003CFileId\u003E10376363910205800448\u003C/FileId\u003E\u003CProperties /\u003E\u003C/Directory\u003E\u003CDirectory\u003E\u003CName\u003Egodirdirectorylistusingoauth3\u003C/Name\u003E\u003CFileId\u003E14988049928633188352\u003C/FileId\u003E\u003CProperties /\u003E\u003C/Directory\u003E\u003CDirectory\u003E\u003CName\u003Egodirdirectorylistusingoauth4\u003C/Name\u003E\u003CFileId\u003E12682206919419494400\u003C/FileId\u003E\u003CProperties /\u003E\u003C/Directory\u003E\u003CDirectory\u003E\u003CName\u003Egodirdirectorylistusingoauth5\u003C/Name\u003E\u003CFileId\u003E17293892937846882304\u003C/FileId\u003E\u003CProperties /\u003E\u003C/Directory\u003E\u003CDirectory\u003E\u003CName\u003Egodirdirectorylistusingoauth6\u003C/Name\u003E\u003CFileId\u003E9799903157902376960\u003C/FileId\u003E\u003CProperties /\u003E\u003C/Directory\u003E\u003CDirectory\u003E\u003CName\u003Egodirdirectorylistusingoauth7\u003C/Name\u003E\u003CFileId\u003E14411589176329764864\u003C/FileId\u003E\u003CProperties /\u003E\u003C/Directory\u003E\u003CDirectory\u003E\u003CName\u003Egodirdirectorylistusingoauth8\u003C/Name\u003E\u003CFileId\u003E12105746167116070912\u003C/FileId\u003E\u003CProperties /\u003E\u003C/Directory\u003E\u003CDirectory\u003E\u003CName\u003Egodirdirectorylistusingoauth9\u003C/Name\u003E\u003CFileId\u003E16717432185543458816\u003C/FileId\u003E\u003CProperties /\u003E\u003C/Directory\u003E\u003CFile\u003E\u003CName\u003Egotestfiledirectorylistusingoauth0\u003C/Name\u003E\u003CFileId\u003E10952824662509223936\u003C/FileId\u003E\u003CProperties\u003E\u003CContent-Length\u003E2048\u003C/Content-Length\u003E\u003C/Properties\u003E\u003C/File\u003E\u003CFile\u003E\u003CName\u003Egotestfiledirectorylistusingoauth1\u003C/Name\u003E\u003CFileId\u003E15564510680936611840\u003C/FileId\u003E\u003CProperties\u003E\u003CContent-Length\u003E2048\u003C/Content-Length\u003E\u003C/Properties\u003E\u003C/File\u003E\u003CFile\u003E\u003CName\u003Egotestfiledirectorylistusingoauth2\u003C/Name\u003E\u003CFileId\u003E13258667671722917888\u003C/FileId\u003E\u003CProperties\u003E\u003CContent-Length\u003E2048\u003C/Content-Length\u003E\u003C/Properties\u003E\u003C/File\u003E\u003CFile\u003E\u003CName\u003Egotestfiledirectorylistusingoauth3\u003C/Name\u003E\u003CFileId\u003E17870353690150305792\u003C/FileId\u003E\u003CProperties\u003E\u003CContent-Length\u003E2048\u003C/Content-Length\u003E\u003C/Properties\u003E\u003C/File\u003E\u003CFile\u003E\u003CName\u003Egotestfiledirectorylistusingoauth4\u003C/Name\u003E\u003CFileId\u003E9511672781750665216\u003C/FileId\u003E\u003CProperties\u003E\u003CContent-Length\u003E2048\u003C/Content-Length\u003E\u003C/Properties\u003E\u003C/File\u003E\u003C/Entries\u003E\u003CNextMarker /\u003E\u003C/EnumerationResults\u003E"
    },
    {
      "RequestUri": "https://fakestorage.file.core.windows.net/gosdirectorylistusingoauth?restype=share",
      "RequestMethod": "DELETE",
      "RequestHeaders": {
        "Accept": "application/xml",
        "Accept-Encoding": "gzip",
        "Authorization": "Sanitized",
        "User-Agent": "azsdk-go-azfile/v1.1.0 (go1.21.1; Windows_NT)",
        "X-Ms-Date": "Fri, 20 Oct 2023 05:09:27 GMT",
        "x-ms-version": "2022-11-02"
      },
      "RequestBody": null,
      "StatusCode": 202,
      "ResponseHeaders": {
        "Content-Length": "0",
        "Date": "Fri, 20 Oct 2023 05:09:27 GMT",
        "Server": [
          "Windows-Azure-File/1.0",
          "Microsoft-HTTPAPI/2.0"
        ],
        "x-ms-request-id": "00000000-0000-0000-0000-000000000000",
        "x-ms-version": "2022-11-02"
      },
      "ResponseBody": null
    }
  ],
  "Variables": {}
}
