{
  "Entries": [
    {
      "RequestUri": "https://fakestorage.file.core.windows.net/gosfilestartcopysetarchiveattributefalse?restype=share",
      "RequestMethod": "PUT",
      "RequestHeaders": {
        "Accept": "application/xml",
        "Accept-Encoding": "gzip",
        "Authorization": "Sanitized",
        "Content-Length": "0",
        "User-Agent": "azsdk-go-azfile/v1.0.1 (go1.18.5; Windows_NT)",
        "X-Ms-Date": "Fri, 04 Aug 2023 09:32:45 GMT",
        "x-ms-version": "2022-11-02"
      },
      "RequestBody": null,
      "StatusCode": 201,
      "ResponseHeaders": {
        "Content-Length": "0",
        "Date": "Fri, 04 Aug 2023 09:32:46 GMT",
        "ETag": "\u00220x8DB94CDC363502F\u0022",
        "Last-Modified": "Fri, 04 Aug 2023 09:32:47 GMT",
        "Server": [
          "Windows-Azure-File/1.0",
          "Microsoft-HTTPAPI/2.0"
        ],
        "x-ms-request-id": "00000000-0000-0000-0000-000000000000",
        "x-ms-version": "2022-11-02"
      },
      "ResponseBody": null
    },
    {
      "RequestUri": "https://fakestorage.file.core.windows.net/gosfilestartcopysetarchiveattributefalse/srcgotestfilefilestartcopysetarchiveattributefalse",
      "RequestMethod": "PUT",
      "RequestHeaders": {
        "Accept": "application/xml",
        "Accept-Encoding": "gzip",
        "Authorization": "Sanitized",
        "Content-Length": "0",
        "User-Agent": "azsdk-go-azfile/v1.0.1 (go1.18.5; Windows_NT)",
        "x-ms-content-length": "0",
        "X-Ms-Date": "Fri, 04 Aug 2023 09:32:46 GMT",
        "x-ms-file-attributes": "ReadOnly|Hidden",
        "x-ms-type": "file",
        "x-ms-version": "2022-11-02"
      },
      "RequestBody": null,
      "StatusCode": 201,
      "ResponseHeaders": {
        "Content-Length": "0",
        "Date": "Fri, 04 Aug 2023 09:32:46 GMT",
        "ETag": "\u00220x8DB94CDC3957A1B\u0022",
        "Last-Modified": "Fri, 04 Aug 2023 09:32:47 GMT",
        "Server": [
          "Windows-Azure-File/1.0",
          "Microsoft-HTTPAPI/2.0"
        ],
        "x-ms-file-attributes": "ReadOnly | Hidden | Archive",
        "x-ms-file-change-time": "2023-08-04T09:32:47.3616923Z",
        "x-ms-file-creation-time": "2023-08-04T09:32:47.3616923Z",
        "x-ms-file-id": "13835128424026341376",
        "x-ms-file-last-write-time": "2023-08-04T09:32:47.3616923Z",
        "x-ms-file-parent-id": "0",
        "x-ms-file-permission-key": "11440559603526778118*3919785451690939784",
        "x-ms-request-id": "00000000-0000-0000-0000-000000000000",
        "x-ms-request-server-encrypted": "true",
        "x-ms-version": "2022-11-02"
      },
      "ResponseBody": null
    },
    {
      "RequestUri": "https://fakestorage.file.core.windows.net/gosfilestartcopysetarchiveattributefalse/dstgotestfilefilestartcopysetarchiveattributefalse",
      "RequestMethod": "PUT",
      "RequestHeaders": {
        "Accept": "application/xml",
        "Accept-Encoding": "gzip",
        "Authorization": "Sanitized",
        "Content-Length": "0",
        "User-Agent": "azsdk-go-azfile/v1.0.1 (go1.18.5; Windows_NT)",
        "x-ms-copy-source": "https://fakestorage.file.core.windows.net/gosfilestartcopysetarchiveattributefalse/srcgotestfilefilestartcopysetarchiveattributefalse",
        "X-Ms-Date": "Fri, 04 Aug 2023 09:32:46 GMT",
        "x-ms-file-attributes": "ReadOnly|System",
        "x-ms-file-copy-set-archive": "false",
        "x-ms-version": "2022-11-02"
      },
      "RequestBody": null,
      "StatusCode": 202,
      "ResponseHeaders": {
        "Content-Length": "0",
        "Date": "Fri, 04 Aug 2023 09:32:47 GMT",
        "ETag": "\u00220x8DB94CDC3C8DE6C\u0022",
        "Last-Modified": "Fri, 04 Aug 2023 09:32:47 GMT",
        "Server": [
          "Windows-Azure-File/1.0",
          "Microsoft-HTTPAPI/2.0"
        ],
        "x-ms-copy-id": "da3aa52a-cbd2-433b-9459-6326a5d351e2",
        "x-ms-copy-status": "success",
        "x-ms-request-id": "00000000-0000-0000-0000-000000000000",
        "x-ms-version": "2022-11-02"
      },
      "ResponseBody": null
    },
    {
      "RequestUri": "https://fakestorage.file.core.windows.net/gosfilestartcopysetarchiveattributefalse/dstgotestfilefilestartcopysetarchiveattributefalse",
      "RequestMethod": "HEAD",
      "RequestHeaders": {
        "Accept": "application/xml",
        "Authorization": "Sanitized",
        "User-Agent": "azsdk-go-azfile/v1.0.1 (go1.18.5; Windows_NT)",
        "X-Ms-Date": "Fri, 04 Aug 2023 09:32:50 GMT",
        "x-ms-version": "2022-11-02"
      },
      "RequestBody": null,
      "StatusCode": 200,
      "ResponseHeaders": {
        "Content-Length": "0",
        "Content-Type": "application/octet-stream",
        "Date": "Fri, 04 Aug 2023 09:32:51 GMT",
        "ETag": "\u00220x8DB94CDC3C8DE6C\u0022",
        "Last-Modified": "Fri, 04 Aug 2023 09:32:47 GMT",
        "Server": [
          "Windows-Azure-File/1.0",
          "Microsoft-HTTPAPI/2.0"
        ],
        "Vary": "Origin",
        "x-ms-copy-completion-time": "Fri, 04 Aug 2023 09:32:47 GMT",
        "x-ms-copy-id": "da3aa52a-cbd2-433b-9459-6326a5d351e2",
        "x-ms-copy-progress": "0/0",
        "x-ms-copy-source": "https://fakestorage.file.core.windows.net/gosfilestartcopysetarchiveattributefalse/srcgotestfilefilestartcopysetarchiveattributefalse",
        "x-ms-copy-status": "success",
        "x-ms-file-attributes": "ReadOnly | System",
        "x-ms-file-change-time": "2023-08-04T09:32:47.6984940Z",
        "x-ms-file-creation-time": "2023-08-04T09:32:47.6984940Z",
        "x-ms-file-id": "11529285414812647424",
        "x-ms-file-last-write-time": "2023-08-04T09:32:47.6984940Z",
        "x-ms-file-parent-id": "0",
        "x-ms-file-permission-key": "11440559603526778118*3919785451690939784",
        "x-ms-lease-state": "available",
        "x-ms-lease-status": "unlocked",
        "x-ms-request-id": "00000000-0000-0000-0000-000000000000",
        "x-ms-server-encrypted": "true",
        "x-ms-type": "File",
        "x-ms-version": "2022-11-02"
      },
      "ResponseBody": null
    },
    {
      "RequestUri": "https://fakestorage.file.core.windows.net/gosfilestartcopysetarchiveattributefalse?restype=share",
      "RequestMethod": "DELETE",
      "RequestHeaders": {
        "Accept": "application/xml",
        "Accept-Encoding": "gzip",
        "Authorization": "Sanitized",
        "User-Agent": "azsdk-go-azfile/v1.0.1 (go1.18.5; Windows_NT)",
        "X-Ms-Date": "Fri, 04 Aug 2023 09:32:51 GMT",
        "x-ms-version": "2022-11-02"
      },
      "RequestBody": null,
      "StatusCode": 202,
      "ResponseHeaders": {
        "Content-Length": "0",
        "Date": "Fri, 04 Aug 2023 09:32:51 GMT",
        "Server": [
          "Windows-Azure-File/1.0",
          "Microsoft-HTTPAPI/2.0"
        ],
        "x-ms-request-id": "00000000-0000-0000-0000-000000000000",
        "x-ms-version": "2022-11-02"
      },
      "ResponseBody": null
    }
  ],
  "Variables": {}
}
