{
  "Entries": [
    {
      "RequestUri": "https://fakestorage.file.core.windows.net/gosfilestartcopymetadatanil?restype=share",
      "RequestMethod": "PUT",
      "RequestHeaders": {
        "Accept": "application/xml",
        "Accept-Encoding": "gzip",
        "Authorization": "Sanitized",
        "Content-Length": "0",
        "User-Agent": "azsdk-go-azfile/v1.1.1 (go1.21.1; Windows_NT)",
        "X-Ms-Date": "Tue, 07 Nov 2023 07:08:22 GMT",
        "x-ms-version": "2022-11-02"
      },
      "RequestBody": null,
      "StatusCode": 201,
      "ResponseHeaders": {
        "Content-Length": "0",
        "Date": "Tue, 07 Nov 2023 07:08:20 GMT",
        "ETag": "\u00220x8DBDF605398DE9E\u0022",
        "Last-Modified": "Tue, 07 Nov 2023 07:08:21 GMT",
        "Server": [
          "Windows-Azure-File/1.0",
          "Microsoft-HTTPAPI/2.0"
        ],
        "x-ms-request-id": "00000000-0000-0000-0000-000000000000",
        "x-ms-version": "2022-11-02"
      },
      "ResponseBody": null
    },
    {
      "RequestUri": "https://fakestorage.file.core.windows.net/gosfilestartcopymetadatanil/srcgotestfilefilestartcopymetadatanil",
      "RequestMethod": "PUT",
      "RequestHeaders": {
        "Accept": "application/xml",
        "Accept-Encoding": "gzip",
        "Authorization": "Sanitized",
        "Content-Length": "0",
        "User-Agent": "azsdk-go-azfile/v1.1.1 (go1.21.1; Windows_NT)",
        "x-ms-content-length": "0",
        "X-Ms-Date": "Tue, 07 Nov 2023 07:08:22 GMT",
        "x-ms-file-attributes": "None",
        "x-ms-file-creation-time": "now",
        "x-ms-file-last-write-time": "now",
        "x-ms-file-permission": "inherit",
        "x-ms-type": "file",
        "x-ms-version": "2022-11-02"
      },
      "RequestBody": null,
      "StatusCode": 201,
      "ResponseHeaders": {
        "Content-Length": "0",
        "Date": "Tue, 07 Nov 2023 07:08:20 GMT",
        "ETag": "\u00220x8DBDF6053BFC55D\u0022",
        "Last-Modified": "Tue, 07 Nov 2023 07:08:21 GMT",
        "Server": [
          "Windows-Azure-File/1.0",
          "Microsoft-HTTPAPI/2.0"
        ],
        "x-ms-file-attributes": "Archive",
        "x-ms-file-change-time": "2023-11-07T07:08:21.7988445Z",
        "x-ms-file-creation-time": "2023-11-07T07:08:21.7988445Z",
        "x-ms-file-id": "13835128424026341376",
        "x-ms-file-last-write-time": "2023-11-07T07:08:21.7988445Z",
        "x-ms-file-parent-id": "0",
        "x-ms-file-permission-key": "11408242485704529668*3959456104892465034",
        "x-ms-request-id": "00000000-0000-0000-0000-000000000000",
        "x-ms-request-server-encrypted": "true",
        "x-ms-version": "2022-11-02"
      },
      "ResponseBody": null
    },
    {
      "RequestUri": "https://fakestorage.file.core.windows.net/gosfilestartcopymetadatanil/dstgotestfilefilestartcopymetadatanil",
      "RequestMethod": "PUT",
      "RequestHeaders": {
        "Accept": "application/xml",
        "Accept-Encoding": "gzip",
        "Authorization": "Sanitized",
        "Content-Length": "0",
        "User-Agent": "azsdk-go-azfile/v1.1.1 (go1.21.1; Windows_NT)",
        "x-ms-content-length": "0",
        "X-Ms-Date": "Tue, 07 Nov 2023 07:08:22 GMT",
        "x-ms-file-attributes": "None",
        "x-ms-file-creation-time": "now",
        "x-ms-file-last-write-time": "now",
        "x-ms-file-permission": "inherit",
        "x-ms-meta-Bar": "Barvalue",
        "x-ms-meta-Foo": "Foovalue",
        "x-ms-type": "file",
        "x-ms-version": "2022-11-02"
      },
      "RequestBody": null,
      "StatusCode": 201,
      "ResponseHeaders": {
        "Content-Length": "0",
        "Date": "Tue, 07 Nov 2023 07:08:21 GMT",
        "ETag": "\u00220x8DBDF6053E54BA4\u0022",
        "Last-Modified": "Tue, 07 Nov 2023 07:08:22 GMT",
        "Server": [
          "Windows-Azure-File/1.0",
          "Microsoft-HTTPAPI/2.0"
        ],
        "x-ms-file-attributes": "Archive",
        "x-ms-file-change-time": "2023-11-07T07:08:22.0447652Z",
        "x-ms-file-creation-time": "2023-11-07T07:08:22.0447652Z",
        "x-ms-file-id": "11529285414812647424",
        "x-ms-file-last-write-time": "2023-11-07T07:08:22.0447652Z",
        "x-ms-file-parent-id": "0",
        "x-ms-file-permission-key": "11408242485704529668*3959456104892465034",
        "x-ms-request-id": "00000000-0000-0000-0000-000000000000",
        "x-ms-request-server-encrypted": "true",
        "x-ms-version": "2022-11-02"
      },
      "ResponseBody": null
    },
    {
      "RequestUri": "https://fakestorage.file.core.windows.net/gosfilestartcopymetadatanil/dstgotestfilefilestartcopymetadatanil",
      "RequestMethod": "HEAD",
      "RequestHeaders": {
        "Accept": "application/xml",
        "Authorization": "Sanitized",
        "User-Agent": "azsdk-go-azfile/v1.1.1 (go1.21.1; Windows_NT)",
        "X-Ms-Date": "Tue, 07 Nov 2023 07:08:23 GMT",
        "x-ms-version": "2022-11-02"
      },
      "RequestBody": null,
      "StatusCode": 200,
      "ResponseHeaders": {
        "Content-Length": "0",
        "Content-Type": "application/octet-stream",
        "Date": "Tue, 07 Nov 2023 07:08:21 GMT",
        "ETag": "\u00220x8DBDF6053E54BA4\u0022",
        "Last-Modified": "Tue, 07 Nov 2023 07:08:22 GMT",
        "Server": [
          "Windows-Azure-File/1.0",
          "Microsoft-HTTPAPI/2.0"
        ],
        "Vary": "Origin",
        "x-ms-file-attributes": "Archive",
        "x-ms-file-change-time": "2023-11-07T07:08:22.0447652Z",
        "x-ms-file-creation-time": "2023-11-07T07:08:22.0447652Z",
        "x-ms-file-id": "11529285414812647424",
        "x-ms-file-last-write-time": "2023-11-07T07:08:22.0447652Z",
        "x-ms-file-parent-id": "0",
        "x-ms-file-permission-key": "11408242485704529668*3959456104892465034",
        "x-ms-lease-state": "available",
        "x-ms-lease-status": "unlocked",
        "x-ms-meta-Bar": "Barvalue",
        "x-ms-meta-Foo": "Foovalue",
        "x-ms-request-id": "00000000-0000-0000-0000-000000000000",
        "x-ms-server-encrypted": "true",
        "x-ms-type": "File",
        "x-ms-version": "2022-11-02"
      },
      "ResponseBody": null
    },
    {
      "RequestUri": "https://fakestorage.file.core.windows.net/gosfilestartcopymetadatanil/dstgotestfilefilestartcopymetadatanil",
      "RequestMethod": "PUT",
      "RequestHeaders": {
        "Accept": "application/xml",
        "Accept-Encoding": "gzip",
        "Authorization": "Sanitized",
        "Content-Length": "0",
        "User-Agent": "azsdk-go-azfile/v1.1.1 (go1.21.1; Windows_NT)",
        "x-ms-copy-source": "https://fakestorage.file.core.windows.net/gosfilestartcopymetadatanil/srcgotestfilefilestartcopymetadatanil",
        "X-Ms-Date": "Tue, 07 Nov 2023 07:08:23 GMT",
        "x-ms-version": "2022-11-02"
      },
      "RequestBody": null,
      "StatusCode": 202,
      "ResponseHeaders": {
        "Content-Length": "0",
        "Date": "Tue, 07 Nov 2023 07:08:21 GMT",
        "ETag": "\u00220x8DBDF60543A37FE\u0022",
        "Last-Modified": "Tue, 07 Nov 2023 07:08:22 GMT",
        "Server": [
          "Windows-Azure-File/1.0",
          "Microsoft-HTTPAPI/2.0"
        ],
        "x-ms-copy-id": "11298d87-94a3-46c7-bb16-0ba87b268d05",
        "x-ms-copy-status": "success",
        "x-ms-request-id": "00000000-0000-0000-0000-000000000000",
        "x-ms-version": "2022-11-02"
      },
      "ResponseBody": null
    },
    {
      "RequestUri": "https://fakestorage.file.core.windows.net/gosfilestartcopymetadatanil/dstgotestfilefilestartcopymetadatanil",
      "RequestMethod": "HEAD",
      "RequestHeaders": {
        "Accept": "application/xml",
        "Authorization": "Sanitized",
        "User-Agent": "azsdk-go-azfile/v1.1.1 (go1.21.1; Windows_NT)",
        "X-Ms-Date": "Tue, 07 Nov 2023 07:08:27 GMT",
        "x-ms-version": "2022-11-02"
      },
      "RequestBody": null,
      "StatusCode": 200,
      "ResponseHeaders": {
        "Content-Length": "0",
        "Content-Type": "application/octet-stream",
        "Date": "Tue, 07 Nov 2023 07:08:26 GMT",
        "ETag": "\u00220x8DBDF60543A37FE\u0022",
        "Last-Modified": "Tue, 07 Nov 2023 07:08:22 GMT",
        "Server": [
          "Windows-Azure-File/1.0",
          "Microsoft-HTTPAPI/2.0"
        ],
        "Vary": "Origin",
        "x-ms-copy-completion-time": "Tue, 07 Nov 2023 07:08:22 GMT",
        "x-ms-copy-id": "11298d87-94a3-46c7-bb16-0ba87b268d05",
        "x-ms-copy-progress": "0/0",
        "x-ms-copy-source": "https://fakestorage.file.core.windows.net/gosfilestartcopymetadatanil/srcgotestfilefilestartcopymetadatanil",
        "x-ms-copy-status": "success",
        "x-ms-file-attributes": "Archive",
        "x-ms-file-change-time": "2023-11-07T07:08:22.6013182Z",
        "x-ms-file-creation-time": "2023-11-07T07:08:22.6013182Z",
        "x-ms-file-id": "11529285414812647424",
        "x-ms-file-last-write-time": "2023-11-07T07:08:22.6013182Z",
        "x-ms-file-parent-id": "0",
        "x-ms-file-permission-key": "11408242485704529668*3959456104892465034",
        "x-ms-lease-state": "available",
        "x-ms-lease-status": "unlocked",
        "x-ms-request-id": "00000000-0000-0000-0000-000000000000",
        "x-ms-server-encrypted": "true",
        "x-ms-type": "File",
        "x-ms-version": "2022-11-02"
      },
      "ResponseBody": null
    },
    {
      "RequestUri": "https://fakestorage.file.core.windows.net/gosfilestartcopymetadatanil?restype=share",
      "RequestMethod": "DELETE",
      "RequestHeaders": {
        "Accept": "application/xml",
        "Accept-Encoding": "gzip",
        "Authorization": "Sanitized",
        "User-Agent": "azsdk-go-azfile/v1.1.1 (go1.21.1; Windows_NT)",
        "X-Ms-Date": "Tue, 07 Nov 2023 07:08:28 GMT",
        "x-ms-version": "2022-11-02"
      },
      "RequestBody": null,
      "StatusCode": 202,
      "ResponseHeaders": {
        "Content-Length": "0",
        "Date": "Tue, 07 Nov 2023 07:08:26 GMT",
        "Server": [
          "Windows-Azure-File/1.0",
          "Microsoft-HTTPAPI/2.0"
        ],
        "x-ms-request-id": "00000000-0000-0000-0000-000000000000",
        "x-ms-version": "2022-11-02"
      },
      "ResponseBody": null
    }
  ],
  "Variables": {}
}
