{
  "Entries": [
    {
      "RequestUri": "https://fakestorage.file.core.windows.net/gosfilestartcopydifferentproperties?restype=share",
      "RequestMethod": "PUT",
      "RequestHeaders": {
        "Accept": "application/xml",
        "Accept-Encoding": "gzip",
        "Authorization": "Sanitized",
        "Content-Length": "0",
        "User-Agent": "azsdk-go-azfile/v1.5.0-beta.2 (go1.23.2; Windows_NT)",
        "X-Ms-Date": "Thu, 06 Feb 2025 15:35:49 GMT",
        "x-ms-version": "2025-05-05"
      },
      "RequestBody": null,
      "StatusCode": 201,
      "ResponseHeaders": {
        "Content-Length": "0",
        "Date": "Thu, 06 Feb 2025 15:35:51 GMT",
        "ETag": "\"0x8DD46C3F05F8BF7\"",
        "Last-Modified": "Thu, 06 Feb 2025 15:35:52 GMT",
        "Server": [
          "Windows-Azure-File/1.0",
          "Microsoft-HTTPAPI/2.0"
        ],
        "x-ms-request-id": "00000000-0000-0000-0000-000000000000",
        "x-ms-version": "2025-05-05"
      },
      "ResponseBody": null
    },
    {
      "RequestUri": "https://fakestorage.file.core.windows.net/gosfilestartcopydifferentproperties/srcgotestfilefilestartcopydifferentproperties",
      "RequestMethod": "PUT",
      "RequestHeaders": {
        "Accept": "application/xml",
        "Accept-Encoding": "gzip",
        "Authorization": "Sanitized",
        "Content-Length": "0",
        "User-Agent": "azsdk-go-azfile/v1.5.0-beta.2 (go1.23.2; Windows_NT)",
        "x-ms-content-length": "0",
        "X-Ms-Date": "Thu, 06 Feb 2025 15:35:49 GMT",
        "x-ms-file-attributes": "System",
        "x-ms-file-change-time": "2023-03-31T20:03:00.0000000Z",
        "x-ms-file-creation-time": "2023-03-31T20:01:00.0000000Z",
        "x-ms-file-last-write-time": "2023-03-31T20:02:00.0000000Z",
        "x-ms-type": "file",
        "x-ms-version": "2025-05-05"
      },
      "RequestBody": null,
      "StatusCode": 201,
      "ResponseHeaders": {
        "Content-Length": "0",
        "Date": "Thu, 06 Feb 2025 15:35:51 GMT",
        "ETag": "\"0x8DD46C3F073CB03\"",
        "Last-Modified": "Thu, 06 Feb 2025 15:35:52 GMT",
        "Server": [
          "Windows-Azure-File/1.0",
          "Microsoft-HTTPAPI/2.0"
        ],
        "x-ms-file-attributes": "System | Archive",
        "x-ms-file-change-time": "2023-03-31T20:03:00.0000000Z",
        "x-ms-file-creation-time": "2023-03-31T20:01:00.0000000Z",
        "x-ms-file-id": "13835128424026341376",
        "x-ms-file-last-write-time": "2023-03-31T20:02:00.0000000Z",
        "x-ms-file-parent-id": "0",
        "x-ms-file-permission-key": "15054659525319803940*8668318031993023658",
        "x-ms-request-id": "00000000-0000-0000-0000-000000000000",
        "x-ms-request-server-encrypted": "true",
        "x-ms-version": "2025-05-05"
      },
      "ResponseBody": null
    },
    {
      "RequestUri": "https://fakestorage.file.core.windows.net/gosfilestartcopydifferentproperties/dstgotestfilefilestartcopydifferentproperties",
      "RequestMethod": "PUT",
      "RequestHeaders": {
        "Accept": "application/xml",
        "Accept-Encoding": "gzip",
        "Authorization": "Sanitized",
        "Content-Length": "0",
        "User-Agent": "azsdk-go-azfile/v1.5.0-beta.2 (go1.23.2; Windows_NT)",
        "x-ms-copy-source": "Sanitized",
        "X-Ms-Date": "Thu, 06 Feb 2025 15:35:49 GMT",
        "x-ms-file-attributes": "ReadOnly",
        "x-ms-file-change-time": "2023-03-31T20:07:00.0000000Z",
        "x-ms-file-creation-time": "2023-03-31T20:05:00.0000000Z",
        "x-ms-file-last-write-time": "2023-03-31T20:06:00.0000000Z",
        "x-ms-version": "2025-05-05"
      },
      "RequestBody": null,
      "StatusCode": 202,
      "ResponseHeaders": {
        "Content-Length": "0",
        "Date": "Thu, 06 Feb 2025 15:35:51 GMT",
        "ETag": "\"0x8DD46C3F08B9556\"",
        "Last-Modified": "Thu, 06 Feb 2025 15:35:52 GMT",
        "Server": [
          "Windows-Azure-File/1.0",
          "Microsoft-HTTPAPI/2.0"
        ],
        "x-ms-copy-id": "9ca9d365-35e1-4141-89e5-ed8508df1873",
        "x-ms-copy-status": "success",
        "x-ms-request-id": "00000000-0000-0000-0000-000000000000",
        "x-ms-version": "2025-05-05"
      },
      "ResponseBody": null
    },
    {
      "RequestUri": "https://fakestorage.file.core.windows.net/gosfilestartcopydifferentproperties/dstgotestfilefilestartcopydifferentproperties",
      "RequestMethod": "HEAD",
      "RequestHeaders": {
        "Accept": "application/xml",
        "Authorization": "Sanitized",
        "User-Agent": "azsdk-go-azfile/v1.5.0-beta.2 (go1.23.2; Windows_NT)",
        "X-Ms-Date": "Thu, 06 Feb 2025 15:35:54 GMT",
        "x-ms-version": "2025-05-05"
      },
      "RequestBody": null,
      "StatusCode": 200,
      "ResponseHeaders": {
        "Content-Length": "0",
        "Content-Type": "application/octet-stream",
        "Date": "Thu, 06 Feb 2025 15:35:55 GMT",
        "ETag": "\"0x8DD46C3F08B9556\"",
        "Last-Modified": "Thu, 06 Feb 2025 15:35:52 GMT",
        "Server": [
          "Windows-Azure-File/1.0",
          "Microsoft-HTTPAPI/2.0"
        ],
        "x-ms-copy-completion-time": "Thu, 06 Feb 2025 15:35:52 GMT",
        "x-ms-copy-id": "9ca9d365-35e1-4141-89e5-ed8508df1873",
        "x-ms-copy-progress": "0/0",
        "x-ms-copy-source": "Sanitized",
        "x-ms-copy-status": "success",
        "x-ms-file-attributes": "ReadOnly | Archive",
        "x-ms-file-change-time": "2023-03-31T20:07:00.0000000Z",
        "x-ms-file-creation-time": "2023-03-31T20:05:00.0000000Z",
        "x-ms-file-id": "11529285414812647424",
        "x-ms-file-last-write-time": "2023-03-31T20:06:00.0000000Z",
        "x-ms-file-parent-id": "0",
        "x-ms-file-permission-key": "15054659525319803940*8668318031993023658",
        "x-ms-lease-state": "available",
        "x-ms-lease-status": "unlocked",
        "x-ms-request-id": "00000000-0000-0000-0000-000000000000",
        "x-ms-server-encrypted": "true",
        "x-ms-type": "File",
        "x-ms-version": "2025-05-05"
      },
      "ResponseBody": null
    },
    {
      "RequestUri": "https://fakestorage.file.core.windows.net/gosfilestartcopydifferentproperties?restype=share",
      "RequestMethod": "DELETE",
      "RequestHeaders": {
        "Accept": "application/xml",
        "Accept-Encoding": "gzip",
        "Authorization": "Sanitized",
        "User-Agent": "azsdk-go-azfile/v1.5.0-beta.2 (go1.23.2; Windows_NT)",
        "X-Ms-Date": "Thu, 06 Feb 2025 15:35:54 GMT",
        "x-ms-version": "2025-05-05"
      },
      "RequestBody": null,
      "StatusCode": 202,
      "ResponseHeaders": {
        "Content-Length": "0",
        "Date": "Thu, 06 Feb 2025 15:35:56 GMT",
        "Server": [
          "Windows-Azure-File/1.0",
          "Microsoft-HTTPAPI/2.0"
        ],
        "x-ms-request-id": "00000000-0000-0000-0000-000000000000",
        "x-ms-version": "2025-05-05"
      },
      "ResponseBody": null
    }
  ],
  "Variables": {}
}
