{
  "Entries": [
    {
      "RequestUri": "https://fakestorage.file.core.windows.net/gosshareoauthnegative?restype=share",
      "RequestMethod": "PUT",
      "RequestHeaders": {
        "Accept": "application/xml",
        "Accept-Encoding": "gzip",
        "Authorization": "Sanitized",
        "Content-Length": "0",
        "User-Agent": "azsdk-go-azfile/v1.1.1 (go1.21.1; Windows_NT)",
        "x-ms-version": "2022-11-02"
      },
      "RequestBody": null,
      "StatusCode": 409,
      "ResponseHeaders": {
        "Content-Length": "352",
        "Content-Type": "application/xml",
        "Date": "Tue, 07 Nov 2023 07:16:02 GMT",
        "Server": "Microsoft-HTTPAPI/2.0",
        "x-ms-error-code": "FileOAuthManagementApiRestrictedToSrp",
        "x-ms-request-id": "00000000-0000-0000-0000-000000000000"
      },
      "ResponseBody": [
        "\uFEFF\u003C?xml version=\u00221.0\u0022 encoding=\u0022utf-8\u0022?\u003E\u003CError\u003E\u003CCode\u003EFileOAuthManagementApiRestrictedToSrp\u003C/Code\u003E\u003CMessage\u003EThis API does not support bearer tokens. For OAuth, use the Storage Resource Provider APIs instead. Learn more: https://aka.ms/azurefiles/restapi.\n",
        "RequestId:8426618a-201a-00e4-164a-111028000000\n",
        "Time:2023-11-07T07:16:02.8721867Z\u003C/Message\u003E\u003C/Error\u003E"
      ]
    },
    {
      "RequestUri": "https://fakestorage.file.core.windows.net/gosshareoauthnegative?restype=share",
      "RequestMethod": "GET",
      "RequestHeaders": {
        "Accept": "application/xml",
        "Accept-Encoding": "gzip",
        "Authorization": "Sanitized",
        "User-Agent": "azsdk-go-azfile/v1.1.1 (go1.21.1; Windows_NT)",
        "x-ms-version": "2022-11-02"
      },
      "RequestBody": null,
      "StatusCode": 409,
      "ResponseHeaders": {
        "Content-Length": "352",
        "Content-Type": "application/xml",
        "Date": "Tue, 07 Nov 2023 07:16:02 GMT",
        "Server": "Microsoft-HTTPAPI/2.0",
        "Vary": "Origin",
        "x-ms-error-code": "FileOAuthManagementApiRestrictedToSrp",
        "x-ms-request-id": "00000000-0000-0000-0000-000000000000"
      },
      "ResponseBody": [
        "\uFEFF\u003C?xml version=\u00221.0\u0022 encoding=\u0022utf-8\u0022?\u003E\u003CError\u003E\u003CCode\u003EFileOAuthManagementApiRestrictedToSrp\u003C/Code\u003E\u003CMessage\u003EThis API does not support bearer tokens. For OAuth, use the Storage Resource Provider APIs instead. Learn more: https://aka.ms/azurefiles/restapi.\n",
        "RequestId:8426618f-201a-00e4-194a-111028000000\n",
        "Time:2023-11-07T07:16:03.1071539Z\u003C/Message\u003E\u003C/Error\u003E"
      ]
    },
    {
      "RequestUri": "https://fakestorage.file.core.windows.net/gosshareoauthnegative?comp=properties\u0026restype=share",
      "RequestMethod": "PUT",
      "RequestHeaders": {
        "Accept": "application/xml",
        "Accept-Encoding": "gzip",
        "Authorization": "Sanitized",
        "Content-Length": "0",
        "User-Agent": "azsdk-go-azfile/v1.1.1 (go1.21.1; Windows_NT)",
        "x-ms-version": "2022-11-02"
      },
      "RequestBody": null,
      "StatusCode": 409,
      "ResponseHeaders": {
        "Content-Length": "352",
        "Content-Type": "application/xml",
        "Date": "Tue, 07 Nov 2023 07:16:02 GMT",
        "Server": "Microsoft-HTTPAPI/2.0",
        "x-ms-error-code": "FileOAuthManagementApiRestrictedToSrp",
        "x-ms-request-id": "00000000-0000-0000-0000-000000000000"
      },
      "ResponseBody": [
        "\uFEFF\u003C?xml version=\u00221.0\u0022 encoding=\u0022utf-8\u0022?\u003E\u003CError\u003E\u003CCode\u003EFileOAuthManagementApiRestrictedToSrp\u003C/Code\u003E\u003CMessage\u003EThis API does not support bearer tokens. For OAuth, use the Storage Resource Provider APIs instead. Learn more: https://aka.ms/azurefiles/restapi.\n",
        "RequestId:84266191-201a-00e4-1b4a-111028000000\n",
        "Time:2023-11-07T07:16:03.3540698Z\u003C/Message\u003E\u003C/Error\u003E"
      ]
    },
    {
      "RequestUri": "https://fakestorage.file.core.windows.net/gosshareoauthnegative?restype=share",
      "RequestMethod": "DELETE",
      "RequestHeaders": {
        "Accept": "application/xml",
        "Accept-Encoding": "gzip",
        "Authorization": "Sanitized",
        "User-Agent": "azsdk-go-azfile/v1.1.1 (go1.21.1; Windows_NT)",
        "x-ms-version": "2022-11-02"
      },
      "RequestBody": null,
      "StatusCode": 409,
      "ResponseHeaders": {
        "Content-Length": "352",
        "Content-Type": "application/xml",
        "Date": "Tue, 07 Nov 2023 07:16:03 GMT",
        "Server": "Microsoft-HTTPAPI/2.0",
        "x-ms-error-code": "FileOAuthManagementApiRestrictedToSrp",
        "x-ms-request-id": "00000000-0000-0000-0000-000000000000"
      },
      "ResponseBody": [
        "\uFEFF\u003C?xml version=\u00221.0\u0022 encoding=\u0022utf-8\u0022?\u003E\u003CError\u003E\u003CCode\u003EFileOAuthManagementApiRestrictedToSrp\u003C/Code\u003E\u003CMessage\u003EThis API does not support bearer tokens. For OAuth, use the Storage Resource Provider APIs instead. Learn more: https://aka.ms/azurefiles/restapi.\n",
        "RequestId:84266193-201a-00e4-1d4a-111028000000\n",
        "Time:2023-11-07T07:16:03.5880430Z\u003C/Message\u003E\u003C/Error\u003E"
      ]
    }
  ],
  "Variables": {}
}
