{
  "Entries": [
    {
      "RequestUri": "https://fakestorage.file.core.windows.net/gosdirectorysetpropertiesusingoauth?restype=share",
      "RequestMethod": "PUT",
      "RequestHeaders": {
        "Accept": "application/xml",
        "Accept-Encoding": "gzip",
        "Authorization": "Sanitized",
        "Content-Length": "0",
        "User-Agent": "azsdk-go-azfile/v0.1.1 (go1.18.5; Windows_NT)",
        "X-Ms-Date": "Fri, 30 Jun 2023 05:45:25 GMT",
        "x-ms-version": "2022-11-02"
      },
      "RequestBody": null,
      "StatusCode": 201,
      "ResponseHeaders": {
        "Content-Length": "0",
        "Date": "Fri, 30 Jun 2023 05:45:24 GMT",
        "ETag": "\u00220x8DB792D340C2E6A\u0022",
        "Last-Modified": "Fri, 30 Jun 2023 05:45:25 GMT",
        "Server": [
          "Windows-Azure-File/1.0",
          "Microsoft-HTTPAPI/2.0"
        ],
        "x-ms-request-id": "00000000-0000-0000-0000-000000000000",
        "x-ms-version": "2022-11-02"
      },
      "ResponseBody": null
    },
    {
      "RequestUri": "https://fakestorage.file.core.windows.net/gosdirectorysetpropertiesusingoauth/godirdirectorysetpropertiesusingoauth?restype=directory",
      "RequestMethod": "PUT",
      "RequestHeaders": {
        "Accept": "application/xml",
        "Accept-Encoding": "gzip",
        "Authorization": "Sanitized",
        "Content-Length": "0",
        "User-Agent": "azsdk-go-azfile/v0.1.1 (go1.18.5; Windows_NT)",
        "x-ms-file-attributes": "Directory",
        "x-ms-file-request-intent": "backup",
        "x-ms-version": "2022-11-02"
      },
      "RequestBody": null,
      "StatusCode": 201,
      "ResponseHeaders": {
        "Content-Length": "0",
        "Date": "Fri, 30 Jun 2023 05:45:25 GMT",
        "ETag": "\u00220x8DB792D347ACCDF\u0022",
        "Last-Modified": "Fri, 30 Jun 2023 05:45:26 GMT",
        "Server": [
          "Windows-Azure-File/1.0",
          "Microsoft-HTTPAPI/2.0"
        ],
        "x-ms-file-attributes": "Directory",
        "x-ms-file-change-time": "2023-06-30T05:45:26.4009439Z",
        "x-ms-file-creation-time": "2023-06-30T05:45:26.4009439Z",
        "x-ms-file-id": "13835128424026341376",
        "x-ms-file-last-write-time": "2023-06-30T05:45:26.4009439Z",
        "x-ms-file-parent-id": "0",
        "x-ms-file-permission-key": "6827111833067045377*3919785451690939784",
        "x-ms-request-id": "00000000-0000-0000-0000-000000000000",
        "x-ms-request-server-encrypted": "true",
        "x-ms-version": "2022-11-02"
      },
      "ResponseBody": null
    },
    {
      "RequestUri": "https://fakestorage.file.core.windows.net/gosdirectorysetpropertiesusingoauth/godirdirectorysetpropertiesusingoauth?comp=properties\u0026restype=directory",
      "RequestMethod": "PUT",
      "RequestHeaders": {
        "Accept": "application/xml",
        "Accept-Encoding": "gzip",
        "Authorization": "Sanitized",
        "Content-Length": "0",
        "User-Agent": "azsdk-go-azfile/v0.1.1 (go1.18.5; Windows_NT)",
        "x-ms-file-attributes": "ReadOnly|System|Directory",
        "x-ms-file-creation-time": "2023-03-31T21:05:00.0000000Z",
        "x-ms-file-last-write-time": "2023-03-31T21:10:00.0000000Z",
        "x-ms-file-permission": "O:S-1-5-32-548G:S-1-5-21-397955417-626881126-188441444-512D:(A;;RPWPCCDCLCSWRCWDWOGA;;;S-1-0-0)",
        "x-ms-file-request-intent": "backup",
        "x-ms-version": "2022-11-02"
      },
      "RequestBody": null,
      "StatusCode": 200,
      "ResponseHeaders": {
        "Content-Length": "0",
        "Date": "Fri, 30 Jun 2023 05:45:25 GMT",
        "ETag": "\u00220x8DB792D34A4BD0E\u0022",
        "Last-Modified": "Fri, 30 Jun 2023 05:45:26 GMT",
        "Server": [
          "Windows-Azure-File/1.0",
          "Microsoft-HTTPAPI/2.0"
        ],
        "x-ms-file-attributes": "ReadOnly | System | Directory",
        "x-ms-file-change-time": "2023-06-30T05:45:26.6757902Z",
        "x-ms-file-creation-time": "2023-03-31T21:05:00.0000000Z",
        "x-ms-file-id": "13835128424026341376",
        "x-ms-file-last-write-time": "2023-03-31T21:10:00.0000000Z",
        "x-ms-file-parent-id": "0",
        "x-ms-file-permission-key": "14171041599808219125*3919785451690939784",
        "x-ms-request-id": "00000000-0000-0000-0000-000000000000",
        "x-ms-request-server-encrypted": "true",
        "x-ms-version": "2022-11-02"
      },
      "ResponseBody": null
    },
    {
      "RequestUri": "https://fakestorage.file.core.windows.net/gosdirectorysetpropertiesusingoauth/godirdirectorysetpropertiesusingoauth?restype=directory",
      "RequestMethod": "GET",
      "RequestHeaders": {
        "Accept": "application/xml",
        "Accept-Encoding": "gzip",
        "Authorization": "Sanitized",
        "User-Agent": "azsdk-go-azfile/v0.1.1 (go1.18.5; Windows_NT)",
        "x-ms-file-request-intent": "backup",
        "x-ms-version": "2022-11-02"
      },
      "RequestBody": null,
      "StatusCode": 200,
      "ResponseHeaders": {
        "Content-Length": "0",
        "Date": "Fri, 30 Jun 2023 05:45:26 GMT",
        "ETag": "\u00220x8DB792D34A4BD0E\u0022",
        "Last-Modified": "Fri, 30 Jun 2023 05:45:26 GMT",
        "Server": [
          "Windows-Azure-File/1.0",
          "Microsoft-HTTPAPI/2.0"
        ],
        "Vary": "Origin",
        "x-ms-file-attributes": "ReadOnly | System | Directory",
        "x-ms-file-change-time": "2023-06-30T05:45:26.6757902Z",
        "x-ms-file-creation-time": "2023-03-31T21:05:00.0000000Z",
        "x-ms-file-id": "13835128424026341376",
        "x-ms-file-last-write-time": "2023-03-31T21:10:00.0000000Z",
        "x-ms-file-parent-id": "0",
        "x-ms-file-permission-key": "14171041599808219125*3919785451690939784",
        "x-ms-request-id": "00000000-0000-0000-0000-000000000000",
        "x-ms-server-encrypted": "true",
        "x-ms-version": "2022-11-02"
      },
      "ResponseBody": null
    },
    {
      "RequestUri": "https://fakestorage.file.core.windows.net/gosdirectorysetpropertiesusingoauth?restype=share",
      "RequestMethod": "DELETE",
      "RequestHeaders": {
        "Accept": "application/xml",
        "Accept-Encoding": "gzip",
        "Authorization": "Sanitized",
        "User-Agent": "azsdk-go-azfile/v0.1.1 (go1.18.5; Windows_NT)",
        "X-Ms-Date": "Fri, 30 Jun 2023 05:45:26 GMT",
        "x-ms-version": "2022-11-02"
      },
      "RequestBody": null,
      "StatusCode": 202,
      "ResponseHeaders": {
        "Content-Length": "0",
        "Date": "Fri, 30 Jun 2023 05:45:26 GMT",
        "Server": [
          "Windows-Azure-File/1.0",
          "Microsoft-HTTPAPI/2.0"
        ],
        "x-ms-request-id": "00000000-0000-0000-0000-000000000000",
        "x-ms-version": "2022-11-02"
      },
      "ResponseBody": null
    }
  ],
  "Variables": {}
}
