{
  "Entries": [
    {
      "RequestUri": "https://fakestorage.file.core.windows.net/gosnegativefilestartcopyoverridemode?restype=share",
      "RequestMethod": "PUT",
      "RequestHeaders": {
        "Accept": "application/xml",
        "Accept-Encoding": "gzip",
        "Authorization": "Sanitized",
        "Content-Length": "0",
        "User-Agent": "azsdk-go-azfile/v1.1.0 (go1.21.1; Windows_NT)",
        "X-Ms-Date": "Wed, 25 Oct 2023 09:23:39 GMT",
        "x-ms-version": "2022-11-02"
      },
      "RequestBody": null,
      "StatusCode": 201,
      "ResponseHeaders": {
        "Content-Length": "0",
        "Date": "Wed, 25 Oct 2023 09:23:36 GMT",
        "ETag": "\u00220x8DBD53C11C871A1\u0022",
        "Last-Modified": "Wed, 25 Oct 2023 09:23:37 GMT",
        "Server": [
          "Windows-Azure-File/1.0",
          "Microsoft-HTTPAPI/2.0"
        ],
        "x-ms-request-id": "00000000-0000-0000-0000-000000000000",
        "x-ms-version": "2022-11-02"
      },
      "ResponseBody": null
    },
    {
      "RequestUri": "https://fakestorage.file.core.windows.net/gosnegativefilestartcopyoverridemode/srcgotestfilenegativefilestartcopyoverridemode",
      "RequestMethod": "PUT",
      "RequestHeaders": {
        "Accept": "application/xml",
        "Accept-Encoding": "gzip",
        "Authorization": "Sanitized",
        "Content-Length": "0",
        "User-Agent": "azsdk-go-azfile/v1.1.0 (go1.21.1; Windows_NT)",
        "x-ms-content-length": "0",
        "X-Ms-Date": "Wed, 25 Oct 2023 09:23:39 GMT",
        "x-ms-file-attributes": "None",
        "x-ms-file-creation-time": "now",
        "x-ms-file-last-write-time": "now",
        "x-ms-file-permission": "inherit",
        "x-ms-type": "file",
        "x-ms-version": "2022-11-02"
      },
      "RequestBody": null,
      "StatusCode": 201,
      "ResponseHeaders": {
        "Content-Length": "0",
        "Date": "Wed, 25 Oct 2023 09:23:37 GMT",
        "ETag": "\u00220x8DBD53C11FB81B3\u0022",
        "Last-Modified": "Wed, 25 Oct 2023 09:23:37 GMT",
        "Server": [
          "Windows-Azure-File/1.0",
          "Microsoft-HTTPAPI/2.0"
        ],
        "x-ms-file-attributes": "Archive",
        "x-ms-file-change-time": "2023-10-25T09:23:37.9506611Z",
        "x-ms-file-creation-time": "2023-10-25T09:23:37.9506611Z",
        "x-ms-file-id": "13835128424026341376",
        "x-ms-file-last-write-time": "2023-10-25T09:23:37.9506611Z",
        "x-ms-file-parent-id": "0",
        "x-ms-file-permission-key": "11408242485704529668*3959456104892465034",
        "x-ms-request-id": "00000000-0000-0000-0000-000000000000",
        "x-ms-request-server-encrypted": "true",
        "x-ms-version": "2022-11-02"
      },
      "ResponseBody": null
    },
    {
      "RequestUri": "https://fakestorage.file.core.windows.net/gosnegativefilestartcopyoverridemode/dstgotestfilenegativefilestartcopyoverridemode",
      "RequestMethod": "PUT",
      "RequestHeaders": {
        "Accept": "application/xml",
        "Accept-Encoding": "gzip",
        "Authorization": "Sanitized",
        "Content-Length": "0",
        "User-Agent": "azsdk-go-azfile/v1.1.0 (go1.21.1; Windows_NT)",
        "x-ms-copy-source": "https://fakestorage.file.core.windows.net/gosnegativefilestartcopyoverridemode/srcgotestfilenegativefilestartcopyoverridemode",
        "X-Ms-Date": "Wed, 25 Oct 2023 09:23:40 GMT",
        "x-ms-file-permission-copy-mode": "override",
        "x-ms-version": "2022-11-02"
      },
      "RequestBody": null,
      "StatusCode": 400,
      "ResponseHeaders": {
        "Content-Length": "301",
        "Content-Type": "application/xml",
        "Date": "Wed, 25 Oct 2023 09:23:37 GMT",
        "Server": [
          "Windows-Azure-File/1.0",
          "Microsoft-HTTPAPI/2.0"
        ],
        "x-ms-error-code": "MissingRequiredHeader",
        "x-ms-request-id": "00000000-0000-0000-0000-000000000000",
        "x-ms-version": "2022-11-02"
      },
      "ResponseBody": [
        "\uFEFF\u003C?xml version=\u00221.0\u0022 encoding=\u0022utf-8\u0022?\u003E\u003CError\u003E\u003CCode\u003EMissingRequiredHeader\u003C/Code\u003E\u003CMessage\u003EAn HTTP header that\u0027s mandatory for this request is not specified.\n",
        "RequestId:c5277c89-501a-00c1-3f24-07b954000000\n",
        "Time:2023-10-25T09:23:38.2462475Z\u003C/Message\u003E\u003CHeaderName\u003Ex-ms-file-permission\u003C/HeaderName\u003E\u003C/Error\u003E"
      ]
    },
    {
      "RequestUri": "https://fakestorage.file.core.windows.net/gosnegativefilestartcopyoverridemode?restype=share",
      "RequestMethod": "DELETE",
      "RequestHeaders": {
        "Accept": "application/xml",
        "Accept-Encoding": "gzip",
        "Authorization": "Sanitized",
        "User-Agent": "azsdk-go-azfile/v1.1.0 (go1.21.1; Windows_NT)",
        "X-Ms-Date": "Wed, 25 Oct 2023 09:23:40 GMT",
        "x-ms-version": "2022-11-02"
      },
      "RequestBody": null,
      "StatusCode": 202,
      "ResponseHeaders": {
        "Content-Length": "0",
        "Date": "Wed, 25 Oct 2023 09:23:37 GMT",
        "Server": [
          "Windows-Azure-File/1.0",
          "Microsoft-HTTPAPI/2.0"
        ],
        "x-ms-request-id": "00000000-0000-0000-0000-000000000000",
        "x-ms-version": "2022-11-02"
      },
      "ResponseBody": null
    }
  ],
  "Variables": {}
}
