{
  "Entries": [
    {
      "RequestUri": "https://fakestorage.file.core.windows.net/gosfileuploadrangenonexistentfile?restype=share",
      "RequestMethod": "PUT",
      "RequestHeaders": {
        "Accept": "application/xml",
        "Accept-Encoding": "gzip",
        "Authorization": "Sanitized",
        "Content-Length": "0",
        "User-Agent": "azsdk-go-azfile/v1.5.0-beta.2 (go1.23.2; Windows_NT)",
        "X-Ms-Date": "Thu, 06 Feb 2025 15:37:08 GMT",
        "x-ms-version": "2025-05-05"
      },
      "RequestBody": null,
      "StatusCode": 201,
      "ResponseHeaders": {
        "Content-Length": "0",
        "Date": "Thu, 06 Feb 2025 15:37:09 GMT",
        "ETag": "\"0x8DD46C41F16BC03\"",
        "Last-Modified": "Thu, 06 Feb 2025 15:37:10 GMT",
        "Server": [
          "Windows-Azure-File/1.0",
          "Microsoft-HTTPAPI/2.0"
        ],
        "x-ms-request-id": "00000000-0000-0000-0000-000000000000",
        "x-ms-version": "2025-05-05"
      },
      "ResponseBody": null
    },
    {
      "RequestUri": "https://fakestorage.file.core.windows.net/gosfileuploadrangenonexistentfile/gotestfilefileuploadrangenonexistentfile?comp=range",
      "RequestMethod": "PUT",
      "RequestHeaders": {
        "Accept": "application/xml",
        "Accept-Encoding": "gzip",
        "Authorization": "Sanitized",
        "Content-Length": "12",
        "Content-Type": "application/octet-stream",
        "User-Agent": "azsdk-go-azfile/v1.5.0-beta.2 (go1.23.2; Windows_NT)",
        "X-Ms-Date": "Thu, 06 Feb 2025 15:37:08 GMT",
        "x-ms-range": "bytes=0-11",
        "x-ms-version": "2025-05-05",
        "x-ms-write": "update"
      },
      "RequestBody": "MlNEZ1pqNlJrS1l6",
      "StatusCode": 404,
      "ResponseHeaders": {
        "Content-Length": "223",
        "Content-Type": "application/xml",
        "Date": "Thu, 06 Feb 2025 15:37:09 GMT",
        "Server": [
          "Windows-Azure-File/1.0",
          "Microsoft-HTTPAPI/2.0"
        ],
        "x-ms-error-code": "ResourceNotFound",
        "x-ms-request-id": "00000000-0000-0000-0000-000000000000",
        "x-ms-version": "2025-05-05"
      },
      "ResponseBody": [
        "\uFEFF<?xml version=\"1.0\" encoding=\"utf-8\"?><Error><Code>ResourceNotFound</Code><Message>The specified resource does not exist.\n",
        "RequestId:8cfbdea8-801a-0005-7cac-78fddd000000\n",
        "Time:2025-02-06T15:37:10.6929105Z</Message></Error>"
      ]
    },
    {
      "RequestUri": "https://fakestorage.file.core.windows.net/gosfileuploadrangenonexistentfile?restype=share",
      "RequestMethod": "DELETE",
      "RequestHeaders": {
        "Accept": "application/xml",
        "Accept-Encoding": "gzip",
        "Authorization": "Sanitized",
        "User-Agent": "azsdk-go-azfile/v1.5.0-beta.2 (go1.23.2; Windows_NT)",
        "X-Ms-Date": "Thu, 06 Feb 2025 15:37:08 GMT",
        "x-ms-version": "2025-05-05"
      },
      "RequestBody": null,
      "StatusCode": 202,
      "ResponseHeaders": {
        "Content-Length": "0",
        "Date": "Thu, 06 Feb 2025 15:37:10 GMT",
        "Server": [
          "Windows-Azure-File/1.0",
          "Microsoft-HTTPAPI/2.0"
        ],
        "x-ms-request-id": "00000000-0000-0000-0000-000000000000",
        "x-ms-version": "2025-05-05"
      },
      "ResponseBody": null
    }
  ],
  "Variables": {}
}
