{
  "Entries": [
    {
      "RequestUri": "https://fakestorage.file.core.windows.net/gosdirlistfilesanddirssnapshot?restype=share",
      "RequestMethod": "PUT",
      "RequestHeaders": {
        "Accept": "application/xml",
        "Accept-Encoding": "gzip",
        "Authorization": "Sanitized",
        "Content-Length": "0",
        "User-Agent": "azsdk-go-azfile/v1.2.3 (go1.19.13; Windows_NT)",
        "X-Ms-Date": "Fri, 17 May 2024 04:57:13 GMT",
        "x-ms-version": "2023-11-03"
      },
      "RequestBody": null,
      "StatusCode": 201,
      "ResponseHeaders": {
        "Content-Length": "0",
        "Date": "Fri, 17 May 2024 04:57:13 GMT",
        "ETag": "\"0x8DC762DD1C8A005\"",
        "Last-Modified": "Fri, 17 May 2024 04:57:14 GMT",
        "Server": [
          "Windows-Azure-File/1.0",
          "Microsoft-HTTPAPI/2.0"
        ],
        "x-ms-request-id": "00000000-0000-0000-0000-000000000000",
        "x-ms-version": "2023-11-03"
      },
      "ResponseBody": null
    },
    {
      "RequestUri": "https://fakestorage.file.core.windows.net/gosdirlistfilesanddirssnapshot/godirdirlistfilesanddirssnapshot0?restype=directory",
      "RequestMethod": "PUT",
      "RequestHeaders": {
        "Accept": "application/xml",
        "Accept-Encoding": "gzip",
        "Authorization": "Sanitized",
        "Content-Length": "0",
        "User-Agent": "azsdk-go-azfile/v1.2.3 (go1.19.13; Windows_NT)",
        "X-Ms-Date": "Fri, 17 May 2024 04:57:13 GMT",
        "x-ms-file-attributes": "Directory",
        "x-ms-file-creation-time": "now",
        "x-ms-file-last-write-time": "now",
        "x-ms-file-permission": "inherit",
        "x-ms-version": "2023-11-03"
      },
      "RequestBody": null,
      "StatusCode": 201,
      "ResponseHeaders": {
        "Content-Length": "0",
        "Date": "Fri, 17 May 2024 04:57:13 GMT",
        "ETag": "\"0x8DC762DD1F1A0C8\"",
        "Last-Modified": "Fri, 17 May 2024 04:57:14 GMT",
        "Server": [
          "Windows-Azure-File/1.0",
          "Microsoft-HTTPAPI/2.0"
        ],
        "x-ms-file-attributes": "Directory",
        "x-ms-file-change-time": "2024-05-17T04:57:14.7647176Z",
        "x-ms-file-creation-time": "2024-05-17T04:57:14.7647176Z",
        "x-ms-file-id": "13835128424026341376",
        "x-ms-file-last-write-time": "2024-05-17T04:57:14.7647176Z",
        "x-ms-file-parent-id": "0",
        "x-ms-file-permission-key": "6785225114448717827*3959456104892465034",
        "x-ms-request-id": "00000000-0000-0000-0000-000000000000",
        "x-ms-request-server-encrypted": "true",
        "x-ms-version": "2023-11-03"
      },
      "ResponseBody": null
    },
    {
      "RequestUri": "https://fakestorage.file.core.windows.net/gosdirlistfilesanddirssnapshot/godirdirlistfilesanddirssnapshot1?restype=directory",
      "RequestMethod": "PUT",
      "RequestHeaders": {
        "Accept": "application/xml",
        "Accept-Encoding": "gzip",
        "Authorization": "Sanitized",
        "Content-Length": "0",
        "User-Agent": "azsdk-go-azfile/v1.2.3 (go1.19.13; Windows_NT)",
        "X-Ms-Date": "Fri, 17 May 2024 04:57:13 GMT",
        "x-ms-file-attributes": "Directory",
        "x-ms-file-creation-time": "now",
        "x-ms-file-last-write-time": "now",
        "x-ms-file-permission": "inherit",
        "x-ms-version": "2023-11-03"
      },
      "RequestBody": null,
      "StatusCode": 201,
      "ResponseHeaders": {
        "Content-Length": "0",
        "Date": "Fri, 17 May 2024 04:57:14 GMT",
        "ETag": "\"0x8DC762DD215C900\"",
        "Last-Modified": "Fri, 17 May 2024 04:57:15 GMT",
        "Server": [
          "Windows-Azure-File/1.0",
          "Microsoft-HTTPAPI/2.0"
        ],
        "x-ms-file-attributes": "Directory",
        "x-ms-file-change-time": "2024-05-17T04:57:15.0016768Z",
        "x-ms-file-creation-time": "2024-05-17T04:57:15.0016768Z",
        "x-ms-file-id": "11529285414812647424",
        "x-ms-file-last-write-time": "2024-05-17T04:57:15.0016768Z",
        "x-ms-file-parent-id": "0",
        "x-ms-file-permission-key": "6785225114448717827*3959456104892465034",
        "x-ms-request-id": "00000000-0000-0000-0000-000000000000",
        "x-ms-request-server-encrypted": "true",
        "x-ms-version": "2023-11-03"
      },
      "ResponseBody": null
    },
    {
      "RequestUri": "https://fakestorage.file.core.windows.net/gosdirlistfilesanddirssnapshot/godirdirlistfilesanddirssnapshot2?restype=directory",
      "RequestMethod": "PUT",
      "RequestHeaders": {
        "Accept": "application/xml",
        "Accept-Encoding": "gzip",
        "Authorization": "Sanitized",
        "Content-Length": "0",
        "User-Agent": "azsdk-go-azfile/v1.2.3 (go1.19.13; Windows_NT)",
        "X-Ms-Date": "Fri, 17 May 2024 04:57:13 GMT",
        "x-ms-file-attributes": "Directory",
        "x-ms-file-creation-time": "now",
        "x-ms-file-last-write-time": "now",
        "x-ms-file-permission": "inherit",
        "x-ms-version": "2023-11-03"
      },
      "RequestBody": null,
      "StatusCode": 201,
      "ResponseHeaders": {
        "Content-Length": "0",
        "Date": "Fri, 17 May 2024 04:57:14 GMT",
        "ETag": "\"0x8DC762DD239F133\"",
        "Last-Modified": "Fri, 17 May 2024 04:57:15 GMT",
        "Server": [
          "Windows-Azure-File/1.0",
          "Microsoft-HTTPAPI/2.0"
        ],
        "x-ms-file-attributes": "Directory",
        "x-ms-file-change-time": "2024-05-17T04:57:15.2386355Z",
        "x-ms-file-creation-time": "2024-05-17T04:57:15.2386355Z",
        "x-ms-file-id": "16140971433240035328",
        "x-ms-file-last-write-time": "2024-05-17T04:57:15.2386355Z",
        "x-ms-file-parent-id": "0",
        "x-ms-file-permission-key": "6785225114448717827*3959456104892465034",
        "x-ms-request-id": "00000000-0000-0000-0000-000000000000",
        "x-ms-request-server-encrypted": "true",
        "x-ms-version": "2023-11-03"
      },
      "ResponseBody": null
    },
    {
      "RequestUri": "https://fakestorage.file.core.windows.net/gosdirlistfilesanddirssnapshot/godirdirlistfilesanddirssnapshot3?restype=directory",
      "RequestMethod": "PUT",
      "RequestHeaders": {
        "Accept": "application/xml",
        "Accept-Encoding": "gzip",
        "Authorization": "Sanitized",
        "Content-Length": "0",
        "User-Agent": "azsdk-go-azfile/v1.2.3 (go1.19.13; Windows_NT)",
        "X-Ms-Date": "Fri, 17 May 2024 04:57:13 GMT",
        "x-ms-file-attributes": "Directory",
        "x-ms-file-creation-time": "now",
        "x-ms-file-last-write-time": "now",
        "x-ms-file-permission": "inherit",
        "x-ms-version": "2023-11-03"
      },
      "RequestBody": null,
      "StatusCode": 201,
      "ResponseHeaders": {
        "Content-Length": "0",
        "Date": "Fri, 17 May 2024 04:57:14 GMT",
        "ETag": "\"0x8DC762DD25DA4BE\"",
        "Last-Modified": "Fri, 17 May 2024 04:57:15 GMT",
        "Server": [
          "Windows-Azure-File/1.0",
          "Microsoft-HTTPAPI/2.0"
        ],
        "x-ms-file-attributes": "Directory",
        "x-ms-file-change-time": "2024-05-17T04:57:15.4726078Z",
        "x-ms-file-creation-time": "2024-05-17T04:57:15.4726078Z",
        "x-ms-file-id": "10376363910205800448",
        "x-ms-file-last-write-time": "2024-05-17T04:57:15.4726078Z",
        "x-ms-file-parent-id": "0",
        "x-ms-file-permission-key": "6785225114448717827*3959456104892465034",
        "x-ms-request-id": "00000000-0000-0000-0000-000000000000",
        "x-ms-request-server-encrypted": "true",
        "x-ms-version": "2023-11-03"
      },
      "ResponseBody": null
    },
    {
      "RequestUri": "https://fakestorage.file.core.windows.net/gosdirlistfilesanddirssnapshot/godirdirlistfilesanddirssnapshot4?restype=directory",
      "RequestMethod": "PUT",
      "RequestHeaders": {
        "Accept": "application/xml",
        "Accept-Encoding": "gzip",
        "Authorization": "Sanitized",
        "Content-Length": "0",
        "User-Agent": "azsdk-go-azfile/v1.2.3 (go1.19.13; Windows_NT)",
        "X-Ms-Date": "Fri, 17 May 2024 04:57:14 GMT",
        "x-ms-file-attributes": "Directory",
        "x-ms-file-creation-time": "now",
        "x-ms-file-last-write-time": "now",
        "x-ms-file-permission": "inherit",
        "x-ms-version": "2023-11-03"
      },
      "RequestBody": null,
      "StatusCode": 201,
      "ResponseHeaders": {
        "Content-Length": "0",
        "Date": "Fri, 17 May 2024 04:57:14 GMT",
        "ETag": "\"0x8DC762DD281F3D7\"",
        "Last-Modified": "Fri, 17 May 2024 04:57:15 GMT",
        "Server": [
          "Windows-Azure-File/1.0",
          "Microsoft-HTTPAPI/2.0"
        ],
        "x-ms-file-attributes": "Directory",
        "x-ms-file-change-time": "2024-05-17T04:57:15.7105623Z",
        "x-ms-file-creation-time": "2024-05-17T04:57:15.7105623Z",
        "x-ms-file-id": "14988049928633188352",
        "x-ms-file-last-write-time": "2024-05-17T04:57:15.7105623Z",
        "x-ms-file-parent-id": "0",
        "x-ms-file-permission-key": "6785225114448717827*3959456104892465034",
        "x-ms-request-id": "00000000-0000-0000-0000-000000000000",
        "x-ms-request-server-encrypted": "true",
        "x-ms-version": "2023-11-03"
      },
      "ResponseBody": null
    },
    {
      "RequestUri": "https://fakestorage.file.core.windows.net/gosdirlistfilesanddirssnapshot/godirdirlistfilesanddirssnapshot5?restype=directory",
      "RequestMethod": "PUT",
      "RequestHeaders": {
        "Accept": "application/xml",
        "Accept-Encoding": "gzip",
        "Authorization": "Sanitized",
        "Content-Length": "0",
        "User-Agent": "azsdk-go-azfile/v1.2.3 (go1.19.13; Windows_NT)",
        "X-Ms-Date": "Fri, 17 May 2024 04:57:14 GMT",
        "x-ms-file-attributes": "Directory",
        "x-ms-file-creation-time": "now",
        "x-ms-file-last-write-time": "now",
        "x-ms-file-permission": "inherit",
        "x-ms-version": "2023-11-03"
      },
      "RequestBody": null,
      "StatusCode": 201,
      "ResponseHeaders": {
        "Content-Length": "0",
        "Date": "Fri, 17 May 2024 04:57:15 GMT",
        "ETag": "\"0x8DC762DD2A5CE46\"",
        "Last-Modified": "Fri, 17 May 2024 04:57:15 GMT",
        "Server": [
          "Windows-Azure-File/1.0",
          "Microsoft-HTTPAPI/2.0"
        ],
        "x-ms-file-attributes": "Directory",
        "x-ms-file-change-time": "2024-05-17T04:57:15.9455302Z",
        "x-ms-file-creation-time": "2024-05-17T04:57:15.9455302Z",
        "x-ms-file-id": "12682206919419494400",
        "x-ms-file-last-write-time": "2024-05-17T04:57:15.9455302Z",
        "x-ms-file-parent-id": "0",
        "x-ms-file-permission-key": "6785225114448717827*3959456104892465034",
        "x-ms-request-id": "00000000-0000-0000-0000-000000000000",
        "x-ms-request-server-encrypted": "true",
        "x-ms-version": "2023-11-03"
      },
      "ResponseBody": null
    },
    {
      "RequestUri": "https://fakestorage.file.core.windows.net/gosdirlistfilesanddirssnapshot/godirdirlistfilesanddirssnapshot6?restype=directory",
      "RequestMethod": "PUT",
      "RequestHeaders": {
        "Accept": "application/xml",
        "Accept-Encoding": "gzip",
        "Authorization": "Sanitized",
        "Content-Length": "0",
        "User-Agent": "azsdk-go-azfile/v1.2.3 (go1.19.13; Windows_NT)",
        "X-Ms-Date": "Fri, 17 May 2024 04:57:14 GMT",
        "x-ms-file-attributes": "Directory",
        "x-ms-file-creation-time": "now",
        "x-ms-file-last-write-time": "now",
        "x-ms-file-permission": "inherit",
        "x-ms-version": "2023-11-03"
      },
      "RequestBody": null,
      "StatusCode": 201,
      "ResponseHeaders": {
        "Content-Length": "0",
        "Date": "Fri, 17 May 2024 04:57:15 GMT",
        "ETag": "\"0x8DC762DD2C9CF9A\"",
        "Last-Modified": "Fri, 17 May 2024 04:57:16 GMT",
        "Server": [
          "Windows-Azure-File/1.0",
          "Microsoft-HTTPAPI/2.0"
        ],
        "x-ms-file-attributes": "Directory",
        "x-ms-file-change-time": "2024-05-17T04:57:16.1814938Z",
        "x-ms-file-creation-time": "2024-05-17T04:57:16.1814938Z",
        "x-ms-file-id": "17293892937846882304",
        "x-ms-file-last-write-time": "2024-05-17T04:57:16.1814938Z",
        "x-ms-file-parent-id": "0",
        "x-ms-file-permission-key": "6785225114448717827*3959456104892465034",
        "x-ms-request-id": "00000000-0000-0000-0000-000000000000",
        "x-ms-request-server-encrypted": "true",
        "x-ms-version": "2023-11-03"
      },
      "ResponseBody": null
    },
    {
      "RequestUri": "https://fakestorage.file.core.windows.net/gosdirlistfilesanddirssnapshot/godirdirlistfilesanddirssnapshot7?restype=directory",
      "RequestMethod": "PUT",
      "RequestHeaders": {
        "Accept": "application/xml",
        "Accept-Encoding": "gzip",
        "Authorization": "Sanitized",
        "Content-Length": "0",
        "User-Agent": "azsdk-go-azfile/v1.2.3 (go1.19.13; Windows_NT)",
        "X-Ms-Date": "Fri, 17 May 2024 04:57:14 GMT",
        "x-ms-file-attributes": "Directory",
        "x-ms-file-creation-time": "now",
        "x-ms-file-last-write-time": "now",
        "x-ms-file-permission": "inherit",
        "x-ms-version": "2023-11-03"
      },
      "RequestBody": null,
      "StatusCode": 201,
      "ResponseHeaders": {
        "Content-Length": "0",
        "Date": "Fri, 17 May 2024 04:57:15 GMT",
        "ETag": "\"0x8DC762DD2EDAA11\"",
        "Last-Modified": "Fri, 17 May 2024 04:57:16 GMT",
        "Server": [
          "Windows-Azure-File/1.0",
          "Microsoft-HTTPAPI/2.0"
        ],
        "x-ms-file-attributes": "Directory",
        "x-ms-file-change-time": "2024-05-17T04:57:16.4164625Z",
        "x-ms-file-creation-time": "2024-05-17T04:57:16.4164625Z",
        "x-ms-file-id": "9799903157902376960",
        "x-ms-file-last-write-time": "2024-05-17T04:57:16.4164625Z",
        "x-ms-file-parent-id": "0",
        "x-ms-file-permission-key": "6785225114448717827*3959456104892465034",
        "x-ms-request-id": "00000000-0000-0000-0000-000000000000",
        "x-ms-request-server-encrypted": "true",
        "x-ms-version": "2023-11-03"
      },
      "ResponseBody": null
    },
    {
      "RequestUri": "https://fakestorage.file.core.windows.net/gosdirlistfilesanddirssnapshot/godirdirlistfilesanddirssnapshot8?restype=directory",
      "RequestMethod": "PUT",
      "RequestHeaders": {
        "Accept": "application/xml",
        "Accept-Encoding": "gzip",
        "Authorization": "Sanitized",
        "Content-Length": "0",
        "User-Agent": "azsdk-go-azfile/v1.2.3 (go1.19.13; Windows_NT)",
        "X-Ms-Date": "Fri, 17 May 2024 04:57:15 GMT",
        "x-ms-file-attributes": "Directory",
        "x-ms-file-creation-time": "now",
        "x-ms-file-last-write-time": "now",
        "x-ms-file-permission": "inherit",
        "x-ms-version": "2023-11-03"
      },
      "RequestBody": null,
      "StatusCode": 201,
      "ResponseHeaders": {
        "Content-Length": "0",
        "Date": "Fri, 17 May 2024 04:57:15 GMT",
        "ETag": "\"0x8DC762DD311ABA7\"",
        "Last-Modified": "Fri, 17 May 2024 04:57:16 GMT",
        "Server": [
          "Windows-Azure-File/1.0",
          "Microsoft-HTTPAPI/2.0"
        ],
        "x-ms-file-attributes": "Directory",
        "x-ms-file-change-time": "2024-05-17T04:57:16.6524327Z",
        "x-ms-file-creation-time": "2024-05-17T04:57:16.6524327Z",
        "x-ms-file-id": "14411589176329764864",
        "x-ms-file-last-write-time": "2024-05-17T04:57:16.6524327Z",
        "x-ms-file-parent-id": "0",
        "x-ms-file-permission-key": "6785225114448717827*3959456104892465034",
        "x-ms-request-id": "00000000-0000-0000-0000-000000000000",
        "x-ms-request-server-encrypted": "true",
        "x-ms-version": "2023-11-03"
      },
      "ResponseBody": null
    },
    {
      "RequestUri": "https://fakestorage.file.core.windows.net/gosdirlistfilesanddirssnapshot/godirdirlistfilesanddirssnapshot9?restype=directory",
      "RequestMethod": "PUT",
      "RequestHeaders": {
        "Accept": "application/xml",
        "Accept-Encoding": "gzip",
        "Authorization": "Sanitized",
        "Content-Length": "0",
        "User-Agent": "azsdk-go-azfile/v1.2.3 (go1.19.13; Windows_NT)",
        "X-Ms-Date": "Fri, 17 May 2024 04:57:15 GMT",
        "x-ms-file-attributes": "Directory",
        "x-ms-file-creation-time": "now",
        "x-ms-file-last-write-time": "now",
        "x-ms-file-permission": "inherit",
        "x-ms-version": "2023-11-03"
      },
      "RequestBody": null,
      "StatusCode": 201,
      "ResponseHeaders": {
        "Content-Length": "0",
        "Date": "Fri, 17 May 2024 04:57:16 GMT",
        "ETag": "\"0x8DC762DD336215D\"",
        "Last-Modified": "Fri, 17 May 2024 04:57:16 GMT",
        "Server": [
          "Windows-Azure-File/1.0",
          "Microsoft-HTTPAPI/2.0"
        ],
        "x-ms-file-attributes": "Directory",
        "x-ms-file-change-time": "2024-05-17T04:57:16.8913757Z",
        "x-ms-file-creation-time": "2024-05-17T04:57:16.8913757Z",
        "x-ms-file-id": "12105746167116070912",
        "x-ms-file-last-write-time": "2024-05-17T04:57:16.8913757Z",
        "x-ms-file-parent-id": "0",
        "x-ms-file-permission-key": "6785225114448717827*3959456104892465034",
        "x-ms-request-id": "00000000-0000-0000-0000-000000000000",
        "x-ms-request-server-encrypted": "true",
        "x-ms-version": "2023-11-03"
      },
      "ResponseBody": null
    },
    {
      "RequestUri": "https://fakestorage.file.core.windows.net/gosdirlistfilesanddirssnapshot/gotestfiledirlistfilesanddirssnapshot0",
      "RequestMethod": "PUT",
      "RequestHeaders": {
        "Accept": "application/xml",
        "Accept-Encoding": "gzip",
        "Authorization": "Sanitized",
        "Content-Length": "0",
        "User-Agent": "azsdk-go-azfile/v1.2.3 (go1.19.13; Windows_NT)",
        "x-ms-content-length": "2048",
        "X-Ms-Date": "Fri, 17 May 2024 04:57:15 GMT",
        "x-ms-file-attributes": "None",
        "x-ms-file-creation-time": "now",
        "x-ms-file-last-write-time": "now",
        "x-ms-file-permission": "inherit",
        "x-ms-type": "file",
        "x-ms-version": "2023-11-03"
      },
      "RequestBody": null,
      "StatusCode": 201,
      "ResponseHeaders": {
        "Content-Length": "0",
        "Date": "Fri, 17 May 2024 04:57:16 GMT",
        "ETag": "\"0x8DC762DD35A4993\"",
        "Last-Modified": "Fri, 17 May 2024 04:57:17 GMT",
        "Server": [
          "Windows-Azure-File/1.0",
          "Microsoft-HTTPAPI/2.0"
        ],
        "x-ms-file-attributes": "Archive",
        "x-ms-file-change-time": "2024-05-17T04:57:17.1283347Z",
        "x-ms-file-creation-time": "2024-05-17T04:57:17.1283347Z",
        "x-ms-file-id": "16717432185543458816",
        "x-ms-file-last-write-time": "2024-05-17T04:57:17.1283347Z",
        "x-ms-file-parent-id": "0",
        "x-ms-file-permission-key": "11408242485704529668*3959456104892465034",
        "x-ms-request-id": "00000000-0000-0000-0000-000000000000",
        "x-ms-request-server-encrypted": "true",
        "x-ms-version": "2023-11-03"
      },
      "ResponseBody": null
    },
    {
      "RequestUri": "https://fakestorage.file.core.windows.net/gosdirlistfilesanddirssnapshot/gotestfiledirlistfilesanddirssnapshot1",
      "RequestMethod": "PUT",
      "RequestHeaders": {
        "Accept": "application/xml",
        "Accept-Encoding": "gzip",
        "Authorization": "Sanitized",
        "Content-Length": "0",
        "User-Agent": "azsdk-go-azfile/v1.2.3 (go1.19.13; Windows_NT)",
        "x-ms-content-length": "2048",
        "X-Ms-Date": "Fri, 17 May 2024 04:57:15 GMT",
        "x-ms-file-attributes": "None",
        "x-ms-file-creation-time": "now",
        "x-ms-file-last-write-time": "now",
        "x-ms-file-permission": "inherit",
        "x-ms-type": "file",
        "x-ms-version": "2023-11-03"
      },
      "RequestBody": null,
      "StatusCode": 201,
      "ResponseHeaders": {
        "Content-Length": "0",
        "Date": "Fri, 17 May 2024 04:57:16 GMT",
        "ETag": "\"0x8DC762DD37F0D5A\"",
        "Last-Modified": "Fri, 17 May 2024 04:57:17 GMT",
        "Server": [
          "Windows-Azure-File/1.0",
          "Microsoft-HTTPAPI/2.0"
        ],
        "x-ms-file-attributes": "Archive",
        "x-ms-file-change-time": "2024-05-17T04:57:17.3692762Z",
        "x-ms-file-creation-time": "2024-05-17T04:57:17.3692762Z",
        "x-ms-file-id": "10952824662509223936",
        "x-ms-file-last-write-time": "2024-05-17T04:57:17.3692762Z",
        "x-ms-file-parent-id": "0",
        "x-ms-file-permission-key": "11408242485704529668*3959456104892465034",
        "x-ms-request-id": "00000000-0000-0000-0000-000000000000",
        "x-ms-request-server-encrypted": "true",
        "x-ms-version": "2023-11-03"
      },
      "ResponseBody": null
    },
    {
      "RequestUri": "https://fakestorage.file.core.windows.net/gosdirlistfilesanddirssnapshot/gotestfiledirlistfilesanddirssnapshot2",
      "RequestMethod": "PUT",
      "RequestHeaders": {
        "Accept": "application/xml",
        "Accept-Encoding": "gzip",
        "Authorization": "Sanitized",
        "Content-Length": "0",
        "User-Agent": "azsdk-go-azfile/v1.2.3 (go1.19.13; Windows_NT)",
        "x-ms-content-length": "2048",
        "X-Ms-Date": "Fri, 17 May 2024 04:57:16 GMT",
        "x-ms-file-attributes": "None",
        "x-ms-file-creation-time": "now",
        "x-ms-file-last-write-time": "now",
        "x-ms-file-permission": "inherit",
        "x-ms-type": "file",
        "x-ms-version": "2023-11-03"
      },
      "RequestBody": null,
      "StatusCode": 201,
      "ResponseHeaders": {
        "Content-Length": "0",
        "Date": "Fri, 17 May 2024 04:57:16 GMT",
        "ETag": "\"0x8DC762DD3A35C7A\"",
        "Last-Modified": "Fri, 17 May 2024 04:57:17 GMT",
        "Server": [
          "Windows-Azure-File/1.0",
          "Microsoft-HTTPAPI/2.0"
        ],
        "x-ms-file-attributes": "Archive",
        "x-ms-file-change-time": "2024-05-17T04:57:17.6072314Z",
        "x-ms-file-creation-time": "2024-05-17T04:57:17.6072314Z",
        "x-ms-file-id": "15564510680936611840",
        "x-ms-file-last-write-time": "2024-05-17T04:57:17.6072314Z",
        "x-ms-file-parent-id": "0",
        "x-ms-file-permission-key": "11408242485704529668*3959456104892465034",
        "x-ms-request-id": "00000000-0000-0000-0000-000000000000",
        "x-ms-request-server-encrypted": "true",
        "x-ms-version": "2023-11-03"
      },
      "ResponseBody": null
    },
    {
      "RequestUri": "https://fakestorage.file.core.windows.net/gosdirlistfilesanddirssnapshot/gotestfiledirlistfilesanddirssnapshot3",
      "RequestMethod": "PUT",
      "RequestHeaders": {
        "Accept": "application/xml",
        "Accept-Encoding": "gzip",
        "Authorization": "Sanitized",
        "Content-Length": "0",
        "User-Agent": "azsdk-go-azfile/v1.2.3 (go1.19.13; Windows_NT)",
        "x-ms-content-length": "2048",
        "X-Ms-Date": "Fri, 17 May 2024 04:57:16 GMT",
        "x-ms-file-attributes": "None",
        "x-ms-file-creation-time": "now",
        "x-ms-file-last-write-time": "now",
        "x-ms-file-permission": "inherit",
        "x-ms-type": "file",
        "x-ms-version": "2023-11-03"
      },
      "RequestBody": null,
      "StatusCode": 201,
      "ResponseHeaders": {
        "Content-Length": "0",
        "Date": "Fri, 17 May 2024 04:57:17 GMT",
        "ETag": "\"0x8DC762DD3C75DC7\"",
        "Last-Modified": "Fri, 17 May 2024 04:57:17 GMT",
        "Server": [
          "Windows-Azure-File/1.0",
          "Microsoft-HTTPAPI/2.0"
        ],
        "x-ms-file-attributes": "Archive",
        "x-ms-file-change-time": "2024-05-17T04:57:17.8431943Z",
        "x-ms-file-creation-time": "2024-05-17T04:57:17.8431943Z",
        "x-ms-file-id": "13258667671722917888",
        "x-ms-file-last-write-time": "2024-05-17T04:57:17.8431943Z",
        "x-ms-file-parent-id": "0",
        "x-ms-file-permission-key": "11408242485704529668*3959456104892465034",
        "x-ms-request-id": "00000000-0000-0000-0000-000000000000",
        "x-ms-request-server-encrypted": "true",
        "x-ms-version": "2023-11-03"
      },
      "ResponseBody": null
    },
    {
      "RequestUri": "https://fakestorage.file.core.windows.net/gosdirlistfilesanddirssnapshot/gotestfiledirlistfilesanddirssnapshot4",
      "RequestMethod": "PUT",
      "RequestHeaders": {
        "Accept": "application/xml",
        "Accept-Encoding": "gzip",
        "Authorization": "Sanitized",
        "Content-Length": "0",
        "User-Agent": "azsdk-go-azfile/v1.2.3 (go1.19.13; Windows_NT)",
        "x-ms-content-length": "2048",
        "X-Ms-Date": "Fri, 17 May 2024 04:57:16 GMT",
        "x-ms-file-attributes": "None",
        "x-ms-file-creation-time": "now",
        "x-ms-file-last-write-time": "now",
        "x-ms-file-permission": "inherit",
        "x-ms-type": "file",
        "x-ms-version": "2023-11-03"
      },
      "RequestBody": null,
      "StatusCode": 201,
      "ResponseHeaders": {
        "Content-Length": "0",
        "Date": "Fri, 17 May 2024 04:57:17 GMT",
        "ETag": "\"0x8DC762DD3EAC389\"",
        "Last-Modified": "Fri, 17 May 2024 04:57:18 GMT",
        "Server": [
          "Windows-Azure-File/1.0",
          "Microsoft-HTTPAPI/2.0"
        ],
        "x-ms-file-attributes": "Archive",
        "x-ms-file-change-time": "2024-05-17T04:57:18.0751753Z",
        "x-ms-file-creation-time": "2024-05-17T04:57:18.0751753Z",
        "x-ms-file-id": "17870353690150305792",
        "x-ms-file-last-write-time": "2024-05-17T04:57:18.0751753Z",
        "x-ms-file-parent-id": "0",
        "x-ms-file-permission-key": "11408242485704529668*3959456104892465034",
        "x-ms-request-id": "00000000-0000-0000-0000-000000000000",
        "x-ms-request-server-encrypted": "true",
        "x-ms-version": "2023-11-03"
      },
      "ResponseBody": null
    },
    {
      "RequestUri": "https://fakestorage.file.core.windows.net/gosdirlistfilesanddirssnapshot?comp=snapshot&restype=share",
      "RequestMethod": "PUT",
      "RequestHeaders": {
        "Accept": "application/xml",
        "Accept-Encoding": "gzip",
        "Authorization": "Sanitized",
        "Content-Length": "0",
        "User-Agent": "azsdk-go-azfile/v1.2.3 (go1.19.13; Windows_NT)",
        "X-Ms-Date": "Fri, 17 May 2024 04:57:16 GMT",
        "x-ms-version": "2023-11-03"
      },
      "RequestBody": null,
      "StatusCode": 201,
      "ResponseHeaders": {
        "Content-Length": "0",
        "Date": "Fri, 17 May 2024 04:57:17 GMT",
        "ETag": "\"0x8DC762DD1C8A005\"",
        "Last-Modified": "Fri, 17 May 2024 04:57:14 GMT",
        "Server": [
          "Windows-Azure-File/1.0",
          "Microsoft-HTTPAPI/2.0"
        ],
        "x-ms-request-id": "00000000-0000-0000-0000-000000000000",
        "x-ms-snapshot": "2024-05-17T04:57:18.0000000Z",
        "x-ms-version": "2023-11-03"
      },
      "ResponseBody": null
    },
    {
      "RequestUri": "https://fakestorage.file.core.windows.net/gosdirlistfilesanddirssnapshot?restype=directory&sharesnapshot=2024-05-17T04%3A57%3A18.0000000Z",
      "RequestMethod": "GET",
      "RequestHeaders": {
        "Accept": "application/xml",
        "Accept-Encoding": "gzip",
        "Authorization": "Sanitized",
        "User-Agent": "azsdk-go-azfile/v1.2.3 (go1.19.13; Windows_NT)",
        "X-Ms-Date": "Fri, 17 May 2024 04:57:17 GMT",
        "x-ms-version": "2023-11-03"
      },
      "RequestBody": null,
      "StatusCode": 200,
      "ResponseHeaders": {
        "Content-Length": "0",
        "Date": "Fri, 17 May 2024 04:57:17 GMT",
        "ETag": "\"0x8DC762DD43A5EC8\"",
        "Last-Modified": "Fri, 17 May 2024 04:57:18 GMT",
        "Server": [
          "Windows-Azure-File/1.0",
          "Microsoft-HTTPAPI/2.0"
        ],
        "Vary": "Origin",
        "x-ms-file-attributes": "Directory",
        "x-ms-file-change-time": "2024-05-17T04:57:18.5968840Z",
        "x-ms-file-creation-time": "2024-05-17T04:57:18.5968840Z",
        "x-ms-file-id": "0",
        "x-ms-file-last-write-time": "2024-05-17T04:57:18.5968840Z",
        "x-ms-file-parent-id": "0",
        "x-ms-request-id": "00000000-0000-0000-0000-000000000000",
        "x-ms-server-encrypted": "false",
        "x-ms-version": "2023-11-03"
      },
      "ResponseBody": null
    },
    {
      "RequestUri": "https://fakestorage.file.core.windows.net/gosdirlistfilesanddirssnapshot?comp=list&restype=directory&sharesnapshot=2024-05-17T04%3A57%3A18.0000000Z",
      "RequestMethod": "GET",
      "RequestHeaders": {
        "Accept": "application/xml",
        "Accept-Encoding": "gzip",
        "Authorization": "Sanitized",
        "User-Agent": "azsdk-go-azfile/v1.2.3 (go1.19.13; Windows_NT)",
        "X-Ms-Date": "Fri, 17 May 2024 04:57:17 GMT",
        "x-ms-version": "2023-11-03"
      },
      "RequestBody": null,
      "StatusCode": 200,
      "ResponseHeaders": {
        "Content-Type": "application/xml",
        "Date": "Fri, 17 May 2024 04:57:18 GMT",
        "Server": [
          "Windows-Azure-File/1.0",
          "Microsoft-HTTPAPI/2.0"
        ],
        "Transfer-Encoding": "chunked",
        "Vary": "Origin",
        "x-ms-request-id": "00000000-0000-0000-0000-000000000000",
        "x-ms-version": "2023-11-03"
      },
      "ResponseBody": "\uFEFF<?xml version=\"1.0\" encoding=\"utf-8\"?><EnumerationResults ServiceEndpoint=\"https://teststorageaccounttanya.file.core.windows.net/\" ShareName=\"gosdirlistfilesanddirssnapshot\" ShareSnapshot=\"2024-05-17T04:57:18.0000000Z\" DirectoryPath=\"\"><DirectoryId>0</DirectoryId><Entries><Directory><Name>godirdirlistfilesanddirssnapshot0</Name><FileId>13835128424026341376</FileId><Properties /></Directory><Directory><Name>godirdirlistfilesanddirssnapshot1</Name><FileId>11529285414812647424</FileId><Properties /></Directory><Directory><Name>godirdirlistfilesanddirssnapshot2</Name><FileId>16140971433240035328</FileId><Properties /></Directory><Directory><Name>godirdirlistfilesanddirssnapshot3</Name><FileId>10376363910205800448</FileId><Properties /></Directory><Directory><Name>godirdirlistfilesanddirssnapshot4</Name><FileId>14988049928633188352</FileId><Properties /></Directory><Directory><Name>godirdirlistfilesanddirssnapshot5</Name><FileId>12682206919419494400</FileId><Properties /></Directory><Directory><Name>godirdirlistfilesanddirssnapshot6</Name><FileId>17293892937846882304</FileId><Properties /></Directory><Directory><Name>godirdirlistfilesanddirssnapshot7</Name><FileId>9799903157902376960</FileId><Properties /></Directory><Directory><Name>godirdirlistfilesanddirssnapshot8</Name><FileId>14411589176329764864</FileId><Properties /></Directory><Directory><Name>godirdirlistfilesanddirssnapshot9</Name><FileId>12105746167116070912</FileId><Properties /></Directory><File><Name>gotestfiledirlistfilesanddirssnapshot0</Name><FileId>16717432185543458816</FileId><Properties><Content-Length>2048</Content-Length></Properties></File><File><Name>gotestfiledirlistfilesanddirssnapshot1</Name><FileId>10952824662509223936</FileId><Properties><Content-Length>2048</Content-Length></Properties></File><File><Name>gotestfiledirlistfilesanddirssnapshot2</Name><FileId>15564510680936611840</FileId><Properties><Content-Length>2048</Content-Length></Properties></File><File><Name>gotestfiledirlistfilesanddirssnapshot3</Name><FileId>13258667671722917888</FileId><Properties><Content-Length>2048</Content-Length></Properties></File><File><Name>gotestfiledirlistfilesanddirssnapshot4</Name><FileId>17870353690150305792</FileId><Properties><Content-Length>2048</Content-Length></Properties></File></Entries><NextMarker /></EnumerationResults>"
    },
    {
      "RequestUri": "https://fakestorage.file.core.windows.net/gosdirlistfilesanddirssnapshot?restype=share",
      "RequestMethod": "DELETE",
      "RequestHeaders": {
        "Accept": "application/xml",
        "Accept-Encoding": "gzip",
        "Authorization": "Sanitized",
        "User-Agent": "azsdk-go-azfile/v1.2.3 (go1.19.13; Windows_NT)",
        "X-Ms-Date": "Fri, 17 May 2024 04:57:17 GMT",
        "x-ms-delete-snapshots": "include",
        "x-ms-version": "2023-11-03"
      },
      "RequestBody": null,
      "StatusCode": 202,
      "ResponseHeaders": {
        "Content-Length": "0",
        "Date": "Fri, 17 May 2024 04:57:18 GMT",
        "Server": [
          "Windows-Azure-File/1.0",
          "Microsoft-HTTPAPI/2.0"
        ],
        "x-ms-request-id": "00000000-0000-0000-0000-000000000000",
        "x-ms-version": "2023-11-03"
      },
      "ResponseBody": null
    }
  ],
  "Variables": {}
}
