{
  "Entries": [
    {
      "RequestUri": "https://fakestorage.file.core.windows.net/gosdirectorylisttrailingdot?restype=share",
      "RequestMethod": "PUT",
      "RequestHeaders": {
        "Accept": "application/xml",
        "Accept-Encoding": "gzip",
        "Authorization": "Sanitized",
        "Content-Length": "0",
        "User-Agent": "azsdk-go-azfile/v1.5.0-beta.2 (go1.23.2; Windows_NT)",
        "X-Ms-Date": "Mon, 10 Feb 2025 07:36:38 GMT",
        "x-ms-version": "2025-05-05"
      },
      "RequestBody": null,
      "StatusCode": 201,
      "ResponseHeaders": {
        "Content-Length": "0",
        "Date": "Mon, 10 Feb 2025 07:36:39 GMT",
        "ETag": "\"0x8DD49A5A7EADA2C\"",
        "Last-Modified": "Mon, 10 Feb 2025 07:36:39 GMT",
        "Server": [
          "Windows-Azure-File/1.0",
          "Microsoft-HTTPAPI/2.0"
        ],
        "x-ms-request-id": "00000000-0000-0000-0000-000000000000",
        "x-ms-version": "2025-05-05"
      },
      "ResponseBody": null
    },
    {
      "RequestUri": "https://fakestorage.file.core.windows.net/gosdirectorylisttrailingdot/godirdirectorylisttrailingdot.?restype=directory",
      "RequestMethod": "PUT",
      "RequestHeaders": {
        "Accept": "application/xml",
        "Accept-Encoding": "gzip",
        "Authorization": "Sanitized",
        "Content-Length": "0",
        "User-Agent": "azsdk-go-azfile/v1.5.0-beta.2 (go1.23.2; Windows_NT)",
        "x-ms-allow-trailing-dot": "true",
        "X-Ms-Date": "Mon, 10 Feb 2025 07:36:38 GMT",
        "x-ms-version": "2025-05-05"
      },
      "RequestBody": null,
      "StatusCode": 201,
      "ResponseHeaders": {
        "Content-Length": "0",
        "Date": "Mon, 10 Feb 2025 07:36:39 GMT",
        "ETag": "\"0x8DD49A5A7FDBF0A\"",
        "Last-Modified": "Mon, 10 Feb 2025 07:36:39 GMT",
        "Server": [
          "Windows-Azure-File/1.0",
          "Microsoft-HTTPAPI/2.0"
        ],
        "x-ms-file-attributes": "Directory",
        "x-ms-file-change-time": "2025-02-10T07:36:39.3334538Z",
        "x-ms-file-creation-time": "2025-02-10T07:36:39.3334538Z",
        "x-ms-file-id": "13835128424026341376",
        "x-ms-file-last-write-time": "2025-02-10T07:36:39.3334538Z",
        "x-ms-file-parent-id": "0",
        "x-ms-file-permission-key": "1195471784683846435*8668318031993023658",
        "x-ms-request-id": "00000000-0000-0000-0000-000000000000",
        "x-ms-request-server-encrypted": "true",
        "x-ms-version": "2025-05-05"
      },
      "ResponseBody": null
    },
    {
      "RequestUri": "https://fakestorage.file.core.windows.net/gosdirectorylisttrailingdot/godirdirectorylisttrailingdot./dir%200..?restype=directory",
      "RequestMethod": "PUT",
      "RequestHeaders": {
        "Accept": "application/xml",
        "Accept-Encoding": "gzip",
        "Authorization": "Sanitized",
        "Content-Length": "0",
        "User-Agent": "azsdk-go-azfile/v1.5.0-beta.2 (go1.23.2; Windows_NT)",
        "x-ms-allow-trailing-dot": "true",
        "X-Ms-Date": "Mon, 10 Feb 2025 07:36:38 GMT",
        "x-ms-version": "2025-05-05"
      },
      "RequestBody": null,
      "StatusCode": 201,
      "ResponseHeaders": {
        "Content-Length": "0",
        "Date": "Mon, 10 Feb 2025 07:36:39 GMT",
        "ETag": "\"0x8DD49A5A80FBDCA\"",
        "Last-Modified": "Mon, 10 Feb 2025 07:36:39 GMT",
        "Server": [
          "Windows-Azure-File/1.0",
          "Microsoft-HTTPAPI/2.0"
        ],
        "x-ms-file-attributes": "Directory",
        "x-ms-file-change-time": "2025-02-10T07:36:39.4513866Z",
        "x-ms-file-creation-time": "2025-02-10T07:36:39.4513866Z",
        "x-ms-file-id": "11529285414812647424",
        "x-ms-file-last-write-time": "2025-02-10T07:36:39.4513866Z",
        "x-ms-file-parent-id": "13835128424026341376",
        "x-ms-file-permission-key": "1195471784683846435*8668318031993023658",
        "x-ms-request-id": "00000000-0000-0000-0000-000000000000",
        "x-ms-request-server-encrypted": "true",
        "x-ms-version": "2025-05-05"
      },
      "ResponseBody": null
    },
    {
      "RequestUri": "https://fakestorage.file.core.windows.net/gosdirectorylisttrailingdot/godirdirectorylisttrailingdot./dir%201?restype=directory",
      "RequestMethod": "PUT",
      "RequestHeaders": {
        "Accept": "application/xml",
        "Accept-Encoding": "gzip",
        "Authorization": "Sanitized",
        "Content-Length": "0",
        "User-Agent": "azsdk-go-azfile/v1.5.0-beta.2 (go1.23.2; Windows_NT)",
        "x-ms-allow-trailing-dot": "true",
        "X-Ms-Date": "Mon, 10 Feb 2025 07:36:38 GMT",
        "x-ms-version": "2025-05-05"
      },
      "RequestBody": null,
      "StatusCode": 201,
      "ResponseHeaders": {
        "Content-Length": "0",
        "Date": "Mon, 10 Feb 2025 07:36:39 GMT",
        "ETag": "\"0x8DD49A5A8216E71\"",
        "Last-Modified": "Mon, 10 Feb 2025 07:36:39 GMT",
        "Server": [
          "Windows-Azure-File/1.0",
          "Microsoft-HTTPAPI/2.0"
        ],
        "x-ms-file-attributes": "Directory",
        "x-ms-file-change-time": "2025-02-10T07:36:39.5673201Z",
        "x-ms-file-creation-time": "2025-02-10T07:36:39.5673201Z",
        "x-ms-file-id": "16140971433240035328",
        "x-ms-file-last-write-time": "2025-02-10T07:36:39.5673201Z",
        "x-ms-file-parent-id": "13835128424026341376",
        "x-ms-file-permission-key": "1195471784683846435*8668318031993023658",
        "x-ms-request-id": "00000000-0000-0000-0000-000000000000",
        "x-ms-request-server-encrypted": "true",
        "x-ms-version": "2025-05-05"
      },
      "ResponseBody": null
    },
    {
      "RequestUri": "https://fakestorage.file.core.windows.net/gosdirectorylisttrailingdot/godirdirectorylisttrailingdot./dir%202..?restype=directory",
      "RequestMethod": "PUT",
      "RequestHeaders": {
        "Accept": "application/xml",
        "Accept-Encoding": "gzip",
        "Authorization": "Sanitized",
        "Content-Length": "0",
        "User-Agent": "azsdk-go-azfile/v1.5.0-beta.2 (go1.23.2; Windows_NT)",
        "x-ms-allow-trailing-dot": "true",
        "X-Ms-Date": "Mon, 10 Feb 2025 07:36:38 GMT",
        "x-ms-version": "2025-05-05"
      },
      "RequestBody": null,
      "StatusCode": 201,
      "ResponseHeaders": {
        "Content-Length": "0",
        "Date": "Mon, 10 Feb 2025 07:36:39 GMT",
        "ETag": "\"0x8DD49A5A8336D26\"",
        "Last-Modified": "Mon, 10 Feb 2025 07:36:39 GMT",
        "Server": [
          "Windows-Azure-File/1.0",
          "Microsoft-HTTPAPI/2.0"
        ],
        "x-ms-file-attributes": "Directory",
        "x-ms-file-change-time": "2025-02-10T07:36:39.6852518Z",
        "x-ms-file-creation-time": "2025-02-10T07:36:39.6852518Z",
        "x-ms-file-id": "10376363910205800448",
        "x-ms-file-last-write-time": "2025-02-10T07:36:39.6852518Z",
        "x-ms-file-parent-id": "13835128424026341376",
        "x-ms-file-permission-key": "1195471784683846435*8668318031993023658",
        "x-ms-request-id": "00000000-0000-0000-0000-000000000000",
        "x-ms-request-server-encrypted": "true",
        "x-ms-version": "2025-05-05"
      },
      "ResponseBody": null
    },
    {
      "RequestUri": "https://fakestorage.file.core.windows.net/gosdirectorylisttrailingdot/godirdirectorylisttrailingdot./dir%203?restype=directory",
      "RequestMethod": "PUT",
      "RequestHeaders": {
        "Accept": "application/xml",
        "Accept-Encoding": "gzip",
        "Authorization": "Sanitized",
        "Content-Length": "0",
        "User-Agent": "azsdk-go-azfile/v1.5.0-beta.2 (go1.23.2; Windows_NT)",
        "x-ms-allow-trailing-dot": "true",
        "X-Ms-Date": "Mon, 10 Feb 2025 07:36:38 GMT",
        "x-ms-version": "2025-05-05"
      },
      "RequestBody": null,
      "StatusCode": 201,
      "ResponseHeaders": {
        "Content-Length": "0",
        "Date": "Mon, 10 Feb 2025 07:36:39 GMT",
        "ETag": "\"0x8DD49A5A845B9F5\"",
        "Last-Modified": "Mon, 10 Feb 2025 07:36:39 GMT",
        "Server": [
          "Windows-Azure-File/1.0",
          "Microsoft-HTTPAPI/2.0"
        ],
        "x-ms-file-attributes": "Directory",
        "x-ms-file-change-time": "2025-02-10T07:36:39.8051829Z",
        "x-ms-file-creation-time": "2025-02-10T07:36:39.8051829Z",
        "x-ms-file-id": "14988049928633188352",
        "x-ms-file-last-write-time": "2025-02-10T07:36:39.8051829Z",
        "x-ms-file-parent-id": "13835128424026341376",
        "x-ms-file-permission-key": "1195471784683846435*8668318031993023658",
        "x-ms-request-id": "00000000-0000-0000-0000-000000000000",
        "x-ms-request-server-encrypted": "true",
        "x-ms-version": "2025-05-05"
      },
      "ResponseBody": null
    },
    {
      "RequestUri": "https://fakestorage.file.core.windows.net/gosdirectorylisttrailingdot/godirdirectorylisttrailingdot./dir%204..?restype=directory",
      "RequestMethod": "PUT",
      "RequestHeaders": {
        "Accept": "application/xml",
        "Accept-Encoding": "gzip",
        "Authorization": "Sanitized",
        "Content-Length": "0",
        "User-Agent": "azsdk-go-azfile/v1.5.0-beta.2 (go1.23.2; Windows_NT)",
        "x-ms-allow-trailing-dot": "true",
        "X-Ms-Date": "Mon, 10 Feb 2025 07:36:38 GMT",
        "x-ms-version": "2025-05-05"
      },
      "RequestBody": null,
      "StatusCode": 201,
      "ResponseHeaders": {
        "Content-Length": "0",
        "Date": "Mon, 10 Feb 2025 07:36:39 GMT",
        "ETag": "\"0x8DD49A5A85806C9\"",
        "Last-Modified": "Mon, 10 Feb 2025 07:36:39 GMT",
        "Server": [
          "Windows-Azure-File/1.0",
          "Microsoft-HTTPAPI/2.0"
        ],
        "x-ms-file-attributes": "Directory",
        "x-ms-file-change-time": "2025-02-10T07:36:39.9251145Z",
        "x-ms-file-creation-time": "2025-02-10T07:36:39.9251145Z",
        "x-ms-file-id": "12682206919419494400",
        "x-ms-file-last-write-time": "2025-02-10T07:36:39.9251145Z",
        "x-ms-file-parent-id": "13835128424026341376",
        "x-ms-file-permission-key": "1195471784683846435*8668318031993023658",
        "x-ms-request-id": "00000000-0000-0000-0000-000000000000",
        "x-ms-request-server-encrypted": "true",
        "x-ms-version": "2025-05-05"
      },
      "ResponseBody": null
    },
    {
      "RequestUri": "https://fakestorage.file.core.windows.net/gosdirectorylisttrailingdot/godirdirectorylisttrailingdot./dir%205?restype=directory",
      "RequestMethod": "PUT",
      "RequestHeaders": {
        "Accept": "application/xml",
        "Accept-Encoding": "gzip",
        "Authorization": "Sanitized",
        "Content-Length": "0",
        "User-Agent": "azsdk-go-azfile/v1.5.0-beta.2 (go1.23.2; Windows_NT)",
        "x-ms-allow-trailing-dot": "true",
        "X-Ms-Date": "Mon, 10 Feb 2025 07:36:38 GMT",
        "x-ms-version": "2025-05-05"
      },
      "RequestBody": null,
      "StatusCode": 201,
      "ResponseHeaders": {
        "Content-Length": "0",
        "Date": "Mon, 10 Feb 2025 07:36:39 GMT",
        "ETag": "\"0x8DD49A5A86A2C88\"",
        "Last-Modified": "Mon, 10 Feb 2025 07:36:40 GMT",
        "Server": [
          "Windows-Azure-File/1.0",
          "Microsoft-HTTPAPI/2.0"
        ],
        "x-ms-file-attributes": "Directory",
        "x-ms-file-change-time": "2025-02-10T07:36:40.0440456Z",
        "x-ms-file-creation-time": "2025-02-10T07:36:40.0440456Z",
        "x-ms-file-id": "17293892937846882304",
        "x-ms-file-last-write-time": "2025-02-10T07:36:40.0440456Z",
        "x-ms-file-parent-id": "13835128424026341376",
        "x-ms-file-permission-key": "1195471784683846435*8668318031993023658",
        "x-ms-request-id": "00000000-0000-0000-0000-000000000000",
        "x-ms-request-server-encrypted": "true",
        "x-ms-version": "2025-05-05"
      },
      "ResponseBody": null
    },
    {
      "RequestUri": "https://fakestorage.file.core.windows.net/gosdirectorylisttrailingdot/godirdirectorylisttrailingdot./dir%206..?restype=directory",
      "RequestMethod": "PUT",
      "RequestHeaders": {
        "Accept": "application/xml",
        "Accept-Encoding": "gzip",
        "Authorization": "Sanitized",
        "Content-Length": "0",
        "User-Agent": "azsdk-go-azfile/v1.5.0-beta.2 (go1.23.2; Windows_NT)",
        "x-ms-allow-trailing-dot": "true",
        "X-Ms-Date": "Mon, 10 Feb 2025 07:36:39 GMT",
        "x-ms-version": "2025-05-05"
      },
      "RequestBody": null,
      "StatusCode": 201,
      "ResponseHeaders": {
        "Content-Length": "0",
        "Date": "Mon, 10 Feb 2025 07:36:40 GMT",
        "ETag": "\"0x8DD49A5A87C0439\"",
        "Last-Modified": "Mon, 10 Feb 2025 07:36:40 GMT",
        "Server": [
          "Windows-Azure-File/1.0",
          "Microsoft-HTTPAPI/2.0"
        ],
        "x-ms-file-attributes": "Directory",
        "x-ms-file-change-time": "2025-02-10T07:36:40.1609785Z",
        "x-ms-file-creation-time": "2025-02-10T07:36:40.1609785Z",
        "x-ms-file-id": "9799903157902376960",
        "x-ms-file-last-write-time": "2025-02-10T07:36:40.1609785Z",
        "x-ms-file-parent-id": "13835128424026341376",
        "x-ms-file-permission-key": "1195471784683846435*8668318031993023658",
        "x-ms-request-id": "00000000-0000-0000-0000-000000000000",
        "x-ms-request-server-encrypted": "true",
        "x-ms-version": "2025-05-05"
      },
      "ResponseBody": null
    },
    {
      "RequestUri": "https://fakestorage.file.core.windows.net/gosdirectorylisttrailingdot/godirdirectorylisttrailingdot./dir%207?restype=directory",
      "RequestMethod": "PUT",
      "RequestHeaders": {
        "Accept": "application/xml",
        "Accept-Encoding": "gzip",
        "Authorization": "Sanitized",
        "Content-Length": "0",
        "User-Agent": "azsdk-go-azfile/v1.5.0-beta.2 (go1.23.2; Windows_NT)",
        "x-ms-allow-trailing-dot": "true",
        "X-Ms-Date": "Mon, 10 Feb 2025 07:36:39 GMT",
        "x-ms-version": "2025-05-05"
      },
      "RequestBody": null,
      "StatusCode": 201,
      "ResponseHeaders": {
        "Content-Length": "0",
        "Date": "Mon, 10 Feb 2025 07:36:40 GMT",
        "ETag": "\"0x8DD49A5A88E510A\"",
        "Last-Modified": "Mon, 10 Feb 2025 07:36:40 GMT",
        "Server": [
          "Windows-Azure-File/1.0",
          "Microsoft-HTTPAPI/2.0"
        ],
        "x-ms-file-attributes": "Directory",
        "x-ms-file-change-time": "2025-02-10T07:36:40.2809098Z",
        "x-ms-file-creation-time": "2025-02-10T07:36:40.2809098Z",
        "x-ms-file-id": "14411589176329764864",
        "x-ms-file-last-write-time": "2025-02-10T07:36:40.2809098Z",
        "x-ms-file-parent-id": "13835128424026341376",
        "x-ms-file-permission-key": "1195471784683846435*8668318031993023658",
        "x-ms-request-id": "00000000-0000-0000-0000-000000000000",
        "x-ms-request-server-encrypted": "true",
        "x-ms-version": "2025-05-05"
      },
      "ResponseBody": null
    },
    {
      "RequestUri": "https://fakestorage.file.core.windows.net/gosdirectorylisttrailingdot/godirdirectorylisttrailingdot./dir%208..?restype=directory",
      "RequestMethod": "PUT",
      "RequestHeaders": {
        "Accept": "application/xml",
        "Accept-Encoding": "gzip",
        "Authorization": "Sanitized",
        "Content-Length": "0",
        "User-Agent": "azsdk-go-azfile/v1.5.0-beta.2 (go1.23.2; Windows_NT)",
        "x-ms-allow-trailing-dot": "true",
        "X-Ms-Date": "Mon, 10 Feb 2025 07:36:39 GMT",
        "x-ms-version": "2025-05-05"
      },
      "RequestBody": null,
      "StatusCode": 201,
      "ResponseHeaders": {
        "Content-Length": "0",
        "Date": "Mon, 10 Feb 2025 07:36:40 GMT",
        "ETag": "\"0x8DD49A5A8A09DD1\"",
        "Last-Modified": "Mon, 10 Feb 2025 07:36:40 GMT",
        "Server": [
          "Windows-Azure-File/1.0",
          "Microsoft-HTTPAPI/2.0"
        ],
        "x-ms-file-attributes": "Directory",
        "x-ms-file-change-time": "2025-02-10T07:36:40.4008401Z",
        "x-ms-file-creation-time": "2025-02-10T07:36:40.4008401Z",
        "x-ms-file-id": "12105746167116070912",
        "x-ms-file-last-write-time": "2025-02-10T07:36:40.4008401Z",
        "x-ms-file-parent-id": "13835128424026341376",
        "x-ms-file-permission-key": "1195471784683846435*8668318031993023658",
        "x-ms-request-id": "00000000-0000-0000-0000-000000000000",
        "x-ms-request-server-encrypted": "true",
        "x-ms-version": "2025-05-05"
      },
      "ResponseBody": null
    },
    {
      "RequestUri": "https://fakestorage.file.core.windows.net/gosdirectorylisttrailingdot/godirdirectorylisttrailingdot./dir%209?restype=directory",
      "RequestMethod": "PUT",
      "RequestHeaders": {
        "Accept": "application/xml",
        "Accept-Encoding": "gzip",
        "Authorization": "Sanitized",
        "Content-Length": "0",
        "User-Agent": "azsdk-go-azfile/v1.5.0-beta.2 (go1.23.2; Windows_NT)",
        "x-ms-allow-trailing-dot": "true",
        "X-Ms-Date": "Mon, 10 Feb 2025 07:36:39 GMT",
        "x-ms-version": "2025-05-05"
      },
      "RequestBody": null,
      "StatusCode": 201,
      "ResponseHeaders": {
        "Content-Length": "0",
        "Date": "Mon, 10 Feb 2025 07:36:40 GMT",
        "ETag": "\"0x8DD49A5A8B2C39A\"",
        "Last-Modified": "Mon, 10 Feb 2025 07:36:40 GMT",
        "Server": [
          "Windows-Azure-File/1.0",
          "Microsoft-HTTPAPI/2.0"
        ],
        "x-ms-file-attributes": "Directory",
        "x-ms-file-change-time": "2025-02-10T07:36:40.5197722Z",
        "x-ms-file-creation-time": "2025-02-10T07:36:40.5197722Z",
        "x-ms-file-id": "16717432185543458816",
        "x-ms-file-last-write-time": "2025-02-10T07:36:40.5197722Z",
        "x-ms-file-parent-id": "13835128424026341376",
        "x-ms-file-permission-key": "1195471784683846435*8668318031993023658",
        "x-ms-request-id": "00000000-0000-0000-0000-000000000000",
        "x-ms-request-server-encrypted": "true",
        "x-ms-version": "2025-05-05"
      },
      "ResponseBody": null
    },
    {
      "RequestUri": "https://fakestorage.file.core.windows.net/gosdirectorylisttrailingdot/godirdirectorylisttrailingdot./file%200..",
      "RequestMethod": "PUT",
      "RequestHeaders": {
        "Accept": "application/xml",
        "Accept-Encoding": "gzip",
        "Authorization": "Sanitized",
        "Content-Length": "0",
        "User-Agent": "azsdk-go-azfile/v1.5.0-beta.2 (go1.23.2; Windows_NT)",
        "x-ms-allow-trailing-dot": "true",
        "x-ms-content-length": "2048",
        "X-Ms-Date": "Mon, 10 Feb 2025 07:36:39 GMT",
        "x-ms-type": "file",
        "x-ms-version": "2025-05-05"
      },
      "RequestBody": null,
      "StatusCode": 201,
      "ResponseHeaders": {
        "Content-Length": "0",
        "Date": "Mon, 10 Feb 2025 07:36:40 GMT",
        "ETag": "\"0x8DD49A5A8C55E83\"",
        "Last-Modified": "Mon, 10 Feb 2025 07:36:40 GMT",
        "Server": [
          "Windows-Azure-File/1.0",
          "Microsoft-HTTPAPI/2.0"
        ],
        "x-ms-file-attributes": "Archive",
        "x-ms-file-change-time": "2025-02-10T07:36:40.6417027Z",
        "x-ms-file-creation-time": "2025-02-10T07:36:40.6417027Z",
        "x-ms-file-id": "10952824662509223936",
        "x-ms-file-last-write-time": "2025-02-10T07:36:40.6417027Z",
        "x-ms-file-parent-id": "13835128424026341376",
        "x-ms-file-permission-key": "15054659525319803940*8668318031993023658",
        "x-ms-request-id": "00000000-0000-0000-0000-000000000000",
        "x-ms-request-server-encrypted": "true",
        "x-ms-version": "2025-05-05"
      },
      "ResponseBody": null
    },
    {
      "RequestUri": "https://fakestorage.file.core.windows.net/gosdirectorylisttrailingdot/godirdirectorylisttrailingdot./file%201",
      "RequestMethod": "PUT",
      "RequestHeaders": {
        "Accept": "application/xml",
        "Accept-Encoding": "gzip",
        "Authorization": "Sanitized",
        "Content-Length": "0",
        "User-Agent": "azsdk-go-azfile/v1.5.0-beta.2 (go1.23.2; Windows_NT)",
        "x-ms-allow-trailing-dot": "true",
        "x-ms-content-length": "2048",
        "X-Ms-Date": "Mon, 10 Feb 2025 07:36:39 GMT",
        "x-ms-type": "file",
        "x-ms-version": "2025-05-05"
      },
      "RequestBody": null,
      "StatusCode": 201,
      "ResponseHeaders": {
        "Content-Length": "0",
        "Date": "Mon, 10 Feb 2025 07:36:40 GMT",
        "ETag": "\"0x8DD49A5A8D86E80\"",
        "Last-Modified": "Mon, 10 Feb 2025 07:36:40 GMT",
        "Server": [
          "Windows-Azure-File/1.0",
          "Microsoft-HTTPAPI/2.0"
        ],
        "x-ms-file-attributes": "Archive",
        "x-ms-file-change-time": "2025-02-10T07:36:40.7666304Z",
        "x-ms-file-creation-time": "2025-02-10T07:36:40.7666304Z",
        "x-ms-file-id": "15564510680936611840",
        "x-ms-file-last-write-time": "2025-02-10T07:36:40.7666304Z",
        "x-ms-file-parent-id": "13835128424026341376",
        "x-ms-file-permission-key": "15054659525319803940*8668318031993023658",
        "x-ms-request-id": "00000000-0000-0000-0000-000000000000",
        "x-ms-request-server-encrypted": "true",
        "x-ms-version": "2025-05-05"
      },
      "ResponseBody": null
    },
    {
      "RequestUri": "https://fakestorage.file.core.windows.net/gosdirectorylisttrailingdot/godirdirectorylisttrailingdot./file%202..",
      "RequestMethod": "PUT",
      "RequestHeaders": {
        "Accept": "application/xml",
        "Accept-Encoding": "gzip",
        "Authorization": "Sanitized",
        "Content-Length": "0",
        "User-Agent": "azsdk-go-azfile/v1.5.0-beta.2 (go1.23.2; Windows_NT)",
        "x-ms-allow-trailing-dot": "true",
        "x-ms-content-length": "2048",
        "X-Ms-Date": "Mon, 10 Feb 2025 07:36:39 GMT",
        "x-ms-type": "file",
        "x-ms-version": "2025-05-05"
      },
      "RequestBody": null,
      "StatusCode": 201,
      "ResponseHeaders": {
        "Content-Length": "0",
        "Date": "Mon, 10 Feb 2025 07:36:40 GMT",
        "ETag": "\"0x8DD49A5A8EB095E\"",
        "Last-Modified": "Mon, 10 Feb 2025 07:36:40 GMT",
        "Server": [
          "Windows-Azure-File/1.0",
          "Microsoft-HTTPAPI/2.0"
        ],
        "x-ms-file-attributes": "Archive",
        "x-ms-file-change-time": "2025-02-10T07:36:40.8885598Z",
        "x-ms-file-creation-time": "2025-02-10T07:36:40.8885598Z",
        "x-ms-file-id": "13258667671722917888",
        "x-ms-file-last-write-time": "2025-02-10T07:36:40.8885598Z",
        "x-ms-file-parent-id": "13835128424026341376",
        "x-ms-file-permission-key": "15054659525319803940*8668318031993023658",
        "x-ms-request-id": "00000000-0000-0000-0000-000000000000",
        "x-ms-request-server-encrypted": "true",
        "x-ms-version": "2025-05-05"
      },
      "ResponseBody": null
    },
    {
      "RequestUri": "https://fakestorage.file.core.windows.net/gosdirectorylisttrailingdot/godirdirectorylisttrailingdot./file%203",
      "RequestMethod": "PUT",
      "RequestHeaders": {
        "Accept": "application/xml",
        "Accept-Encoding": "gzip",
        "Authorization": "Sanitized",
        "Content-Length": "0",
        "User-Agent": "azsdk-go-azfile/v1.5.0-beta.2 (go1.23.2; Windows_NT)",
        "x-ms-allow-trailing-dot": "true",
        "x-ms-content-length": "2048",
        "X-Ms-Date": "Mon, 10 Feb 2025 07:36:39 GMT",
        "x-ms-type": "file",
        "x-ms-version": "2025-05-05"
      },
      "RequestBody": null,
      "StatusCode": 201,
      "ResponseHeaders": {
        "Content-Length": "0",
        "Date": "Mon, 10 Feb 2025 07:36:40 GMT",
        "ETag": "\"0x8DD49A5A8FD7D41\"",
        "Last-Modified": "Mon, 10 Feb 2025 07:36:41 GMT",
        "Server": [
          "Windows-Azure-File/1.0",
          "Microsoft-HTTPAPI/2.0"
        ],
        "x-ms-file-attributes": "Archive",
        "x-ms-file-change-time": "2025-02-10T07:36:41.0094913Z",
        "x-ms-file-creation-time": "2025-02-10T07:36:41.0094913Z",
        "x-ms-file-id": "17870353690150305792",
        "x-ms-file-last-write-time": "2025-02-10T07:36:41.0094913Z",
        "x-ms-file-parent-id": "13835128424026341376",
        "x-ms-file-permission-key": "15054659525319803940*8668318031993023658",
        "x-ms-request-id": "00000000-0000-0000-0000-000000000000",
        "x-ms-request-server-encrypted": "true",
        "x-ms-version": "2025-05-05"
      },
      "ResponseBody": null
    },
    {
      "RequestUri": "https://fakestorage.file.core.windows.net/gosdirectorylisttrailingdot/godirdirectorylisttrailingdot./file%204..",
      "RequestMethod": "PUT",
      "RequestHeaders": {
        "Accept": "application/xml",
        "Accept-Encoding": "gzip",
        "Authorization": "Sanitized",
        "Content-Length": "0",
        "User-Agent": "azsdk-go-azfile/v1.5.0-beta.2 (go1.23.2; Windows_NT)",
        "x-ms-allow-trailing-dot": "true",
        "x-ms-content-length": "2048",
        "X-Ms-Date": "Mon, 10 Feb 2025 07:36:40 GMT",
        "x-ms-type": "file",
        "x-ms-version": "2025-05-05"
      },
      "RequestBody": null,
      "StatusCode": 201,
      "ResponseHeaders": {
        "Content-Length": "0",
        "Date": "Mon, 10 Feb 2025 07:36:41 GMT",
        "ETag": "\"0x8DD49A5A90FA302\"",
        "Last-Modified": "Mon, 10 Feb 2025 07:36:41 GMT",
        "Server": [
          "Windows-Azure-File/1.0",
          "Microsoft-HTTPAPI/2.0"
        ],
        "x-ms-file-attributes": "Archive",
        "x-ms-file-change-time": "2025-02-10T07:36:41.1284226Z",
        "x-ms-file-creation-time": "2025-02-10T07:36:41.1284226Z",
        "x-ms-file-id": "9511672781750665216",
        "x-ms-file-last-write-time": "2025-02-10T07:36:41.1284226Z",
        "x-ms-file-parent-id": "13835128424026341376",
        "x-ms-file-permission-key": "15054659525319803940*8668318031993023658",
        "x-ms-request-id": "00000000-0000-0000-0000-000000000000",
        "x-ms-request-server-encrypted": "true",
        "x-ms-version": "2025-05-05"
      },
      "ResponseBody": null
    },
    {
      "RequestUri": "https://fakestorage.file.core.windows.net/gosdirectorylisttrailingdot/godirdirectorylisttrailingdot.?comp=list&restype=directory",
      "RequestMethod": "GET",
      "RequestHeaders": {
        "Accept": "application/xml",
        "Accept-Encoding": "gzip",
        "Authorization": "Sanitized",
        "User-Agent": "azsdk-go-azfile/v1.5.0-beta.2 (go1.23.2; Windows_NT)",
        "x-ms-allow-trailing-dot": "true",
        "X-Ms-Date": "Mon, 10 Feb 2025 07:36:40 GMT",
        "x-ms-version": "2025-05-05"
      },
      "RequestBody": null,
      "StatusCode": 200,
      "ResponseHeaders": {
        "Content-Type": "application/xml",
        "Date": "Mon, 10 Feb 2025 07:36:41 GMT",
        "Server": [
          "Windows-Azure-File/1.0",
          "Microsoft-HTTPAPI/2.0"
        ],
        "Transfer-Encoding": "chunked",
        "x-ms-request-id": "00000000-0000-0000-0000-000000000000",
        "x-ms-version": "2025-05-05"
      },
      "ResponseBody": "\uFEFF<?xml version=\"1.0\" encoding=\"utf-8\"?><EnumerationResults ServiceEndpoint=\"https://tanyastoragegosdk.file.core.windows.net/\" ShareName=\"gosdirectorylisttrailingdot\" DirectoryPath=\"godirdirectorylisttrailingdot.\"><DirectoryId>13835128424026341376</DirectoryId><Entries><Directory><Name>dir 0..</Name><FileId>11529285414812647424</FileId><Properties /></Directory><Directory><Name>dir 1</Name><FileId>16140971433240035328</FileId><Properties /></Directory><Directory><Name>dir 2..</Name><FileId>10376363910205800448</FileId><Properties /></Directory><Directory><Name>dir 3</Name><FileId>14988049928633188352</FileId><Properties /></Directory><Directory><Name>dir 4..</Name><FileId>12682206919419494400</FileId><Properties /></Directory><Directory><Name>dir 5</Name><FileId>17293892937846882304</FileId><Properties /></Directory><Directory><Name>dir 6..</Name><FileId>9799903157902376960</FileId><Properties /></Directory><Directory><Name>dir 7</Name><FileId>14411589176329764864</FileId><Properties /></Directory><Directory><Name>dir 8..</Name><FileId>12105746167116070912</FileId><Properties /></Directory><Directory><Name>dir 9</Name><FileId>16717432185543458816</FileId><Properties /></Directory><File><Name>file 0..</Name><FileId>10952824662509223936</FileId><Properties><Content-Length>2048</Content-Length></Properties></File><File><Name>file 1</Name><FileId>15564510680936611840</FileId><Properties><Content-Length>2048</Content-Length></Properties></File><File><Name>file 2..</Name><FileId>13258667671722917888</FileId><Properties><Content-Length>2048</Content-Length></Properties></File><File><Name>file 3</Name><FileId>17870353690150305792</FileId><Properties><Content-Length>2048</Content-Length></Properties></File><File><Name>file 4..</Name><FileId>9511672781750665216</FileId><Properties><Content-Length>2048</Content-Length></Properties></File></Entries><NextMarker /></EnumerationResults>"
    },
    {
      "RequestUri": "https://fakestorage.file.core.windows.net/gosdirectorylisttrailingdot?restype=share",
      "RequestMethod": "DELETE",
      "RequestHeaders": {
        "Accept": "application/xml",
        "Accept-Encoding": "gzip",
        "Authorization": "Sanitized",
        "User-Agent": "azsdk-go-azfile/v1.5.0-beta.2 (go1.23.2; Windows_NT)",
        "X-Ms-Date": "Mon, 10 Feb 2025 07:36:40 GMT",
        "x-ms-version": "2025-05-05"
      },
      "RequestBody": null,
      "StatusCode": 202,
      "ResponseHeaders": {
        "Content-Length": "0",
        "Date": "Mon, 10 Feb 2025 07:36:41 GMT",
        "Server": [
          "Windows-Azure-File/1.0",
          "Microsoft-HTTPAPI/2.0"
        ],
        "x-ms-request-id": "00000000-0000-0000-0000-000000000000",
        "x-ms-version": "2025-05-05"
      },
      "ResponseBody": null
    }
  ],
  "Variables": {}
}
