{
  "Entries": [
    {
      "RequestUri": "https://fakestorage.file.core.windows.net/goscreatefilenfs?restype=share",
      "RequestMethod": "PUT",
      "RequestHeaders": {
        "Accept": "application/xml",
        "Accept-Encoding": "gzip",
        "Authorization": "Sanitized",
        "Content-Length": "0",
        "User-Agent": "azsdk-go-azfile/v1.5.0-beta.2 (go1.23.2; Windows_NT)",
        "X-Ms-Date": "Thu, 06 Feb 2025 15:34:23 GMT",
        "x-ms-enabled-protocols": "NFS",
        "x-ms-version": "2025-05-05"
      },
      "RequestBody": null,
      "StatusCode": 201,
      "ResponseHeaders": {
        "Content-Length": "0",
        "Date": "Thu, 06 Feb 2025 15:34:26 GMT",
        "ETag": "\"0x8DD46C3BD8F97FE\"",
        "Last-Modified": "Thu, 06 Feb 2025 15:34:26 GMT",
        "Server": [
          "Windows-Azure-File/1.0",
          "Microsoft-HTTPAPI/2.0"
        ],
        "x-ms-request-id": "00000000-0000-0000-0000-000000000000",
        "x-ms-version": "2025-05-05"
      },
      "ResponseBody": null
    },
    {
      "RequestUri": "https://fakestorage.file.core.windows.net/goscreatefilenfs/gotestfilecreatefilenfs",
      "RequestMethod": "PUT",
      "RequestHeaders": {
        "Accept": "application/xml",
        "Accept-Encoding": "gzip",
        "Authorization": "Sanitized",
        "Content-Length": "0",
        "User-Agent": "azsdk-go-azfile/v1.5.0-beta.2 (go1.23.2; Windows_NT)",
        "x-ms-content-length": "1024",
        "X-Ms-Date": "Thu, 06 Feb 2025 15:34:24 GMT",
        "x-ms-group": "123",
        "x-ms-mode": "7777",
        "x-ms-owner": "345",
        "x-ms-type": "file",
        "x-ms-version": "2025-05-05"
      },
      "RequestBody": null,
      "StatusCode": 201,
      "ResponseHeaders": {
        "Content-Length": "0",
        "Date": "Thu, 06 Feb 2025 15:34:26 GMT",
        "ETag": "\"0x8DD46C3BDCD595F\"",
        "Last-Modified": "Thu, 06 Feb 2025 15:34:27 GMT",
        "Server": [
          "Windows-Azure-File/1.0",
          "Microsoft-HTTPAPI/2.0"
        ],
        "x-ms-file-change-time": "2025-02-06T15:34:27.3397087Z",
        "x-ms-file-creation-time": "2025-02-06T15:34:27.3397087Z",
        "x-ms-file-file-type": "Regular",
        "x-ms-file-id": "13835128424026341376",
        "x-ms-file-last-write-time": "2025-02-06T15:34:27.3397087Z",
        "x-ms-file-parent-id": "1",
        "x-ms-group": "123",
        "x-ms-mode": "7777",
        "x-ms-owner": "345",
        "x-ms-request-id": "00000000-0000-0000-0000-000000000000",
        "x-ms-request-server-encrypted": "true",
        "x-ms-version": "2025-05-05"
      },
      "ResponseBody": null
    },
    {
      "RequestUri": "https://fakestorage.file.core.windows.net/goscreatefilenfs?restype=share",
      "RequestMethod": "DELETE",
      "RequestHeaders": {
        "Accept": "application/xml",
        "Accept-Encoding": "gzip",
        "Authorization": "Sanitized",
        "User-Agent": "azsdk-go-azfile/v1.5.0-beta.2 (go1.23.2; Windows_NT)",
        "X-Ms-Date": "Thu, 06 Feb 2025 15:34:25 GMT",
        "x-ms-version": "2025-05-05"
      },
      "RequestBody": null,
      "StatusCode": 202,
      "ResponseHeaders": {
        "Content-Length": "0",
        "Date": "Thu, 06 Feb 2025 15:34:27 GMT",
        "Server": [
          "Windows-Azure-File/1.0",
          "Microsoft-HTTPAPI/2.0"
        ],
        "x-ms-request-id": "00000000-0000-0000-0000-000000000000",
        "x-ms-version": "2025-05-05"
      },
      "ResponseBody": null
    }
  ],
  "Variables": {}
}
