{
  "Entries": [
    {
      "RequestUri": "https://fakestorage.file.core.windows.net/gosfilesetmetadatanil?restype=share",
      "RequestMethod": "PUT",
      "RequestHeaders": {
        "Accept": "application/xml",
        "Accept-Encoding": "gzip",
        "Authorization": "Sanitized",
        "Content-Length": "0",
        "User-Agent": "azsdk-go-azfile/v1.2.3 (go1.19.13; Windows_NT)",
        "X-Ms-Date": "Mon, 20 May 2024 06:20:50 GMT",
        "x-ms-version": "2023-11-03"
      },
      "RequestBody": null,
      "StatusCode": 201,
      "ResponseHeaders": {
        "Content-Length": "0",
        "Date": "Mon, 20 May 2024 06:20:50 GMT",
        "ETag": "\"0x8DC7894FECC876B\"",
        "Last-Modified": "Mon, 20 May 2024 06:20:50 GMT",
        "Server": [
          "Windows-Azure-File/1.0",
          "Microsoft-HTTPAPI/2.0"
        ],
        "x-ms-request-id": "00000000-0000-0000-0000-000000000000",
        "x-ms-version": "2023-11-03"
      },
      "ResponseBody": null
    },
    {
      "RequestUri": "https://fakestorage.file.core.windows.net/gosfilesetmetadatanil/gotestfilefilesetmetadatanil",
      "RequestMethod": "PUT",
      "RequestHeaders": {
        "Accept": "application/xml",
        "Accept-Encoding": "gzip",
        "Authorization": "Sanitized",
        "Content-Length": "0",
        "User-Agent": "azsdk-go-azfile/v1.2.3 (go1.19.13; Windows_NT)",
        "x-ms-content-length": "0",
        "X-Ms-Date": "Mon, 20 May 2024 06:20:50 GMT",
        "x-ms-file-attributes": "None",
        "x-ms-file-creation-time": "now",
        "x-ms-file-last-write-time": "now",
        "x-ms-file-permission": "inherit",
        "x-ms-type": "file",
        "x-ms-version": "2023-11-03"
      },
      "RequestBody": null,
      "StatusCode": 201,
      "ResponseHeaders": {
        "Content-Length": "0",
        "Date": "Mon, 20 May 2024 06:20:50 GMT",
        "ETag": "\"0x8DC7894FEF32988\"",
        "Last-Modified": "Mon, 20 May 2024 06:20:50 GMT",
        "Server": [
          "Windows-Azure-File/1.0",
          "Microsoft-HTTPAPI/2.0"
        ],
        "x-ms-file-attributes": "Archive",
        "x-ms-file-change-time": "2024-05-20T06:20:50.7609480Z",
        "x-ms-file-creation-time": "2024-05-20T06:20:50.7609480Z",
        "x-ms-file-id": "13835128424026341376",
        "x-ms-file-last-write-time": "2024-05-20T06:20:50.7609480Z",
        "x-ms-file-parent-id": "0",
        "x-ms-file-permission-key": "11408242485704529668*3959456104892465034",
        "x-ms-request-id": "00000000-0000-0000-0000-000000000000",
        "x-ms-request-server-encrypted": "true",
        "x-ms-version": "2023-11-03"
      },
      "ResponseBody": null
    },
    {
      "RequestUri": "https://fakestorage.file.core.windows.net/gosfilesetmetadatanil/gotestfilefilesetmetadatanil?comp=metadata",
      "RequestMethod": "PUT",
      "RequestHeaders": {
        "Accept": "application/xml",
        "Accept-Encoding": "gzip",
        "Authorization": "Sanitized",
        "Content-Length": "0",
        "User-Agent": "azsdk-go-azfile/v1.2.3 (go1.19.13; Windows_NT)",
        "X-Ms-Date": "Mon, 20 May 2024 06:20:51 GMT",
        "x-ms-meta-Not": "nil",
        "x-ms-version": "2023-11-03"
      },
      "RequestBody": null,
      "StatusCode": 200,
      "ResponseHeaders": {
        "Content-Length": "0",
        "Date": "Mon, 20 May 2024 06:20:50 GMT",
        "ETag": "\"0x8DC7894FF18D6A9\"",
        "Last-Modified": "Mon, 20 May 2024 06:20:51 GMT",
        "Server": [
          "Windows-Azure-File/1.0",
          "Microsoft-HTTPAPI/2.0"
        ],
        "x-ms-request-id": "00000000-0000-0000-0000-000000000000",
        "x-ms-request-server-encrypted": "true",
        "x-ms-version": "2023-11-03"
      },
      "ResponseBody": null
    },
    {
      "RequestUri": "https://fakestorage.file.core.windows.net/gosfilesetmetadatanil/gotestfilefilesetmetadatanil",
      "RequestMethod": "HEAD",
      "RequestHeaders": {
        "Accept": "application/xml",
        "Authorization": "Sanitized",
        "User-Agent": "azsdk-go-azfile/v1.2.3 (go1.19.13; Windows_NT)",
        "X-Ms-Date": "Mon, 20 May 2024 06:20:51 GMT",
        "x-ms-version": "2023-11-03"
      },
      "RequestBody": null,
      "StatusCode": 200,
      "ResponseHeaders": {
        "Content-Length": "0",
        "Content-Type": "application/octet-stream",
        "Date": "Mon, 20 May 2024 06:20:50 GMT",
        "ETag": "\"0x8DC7894FF18D6A9\"",
        "Last-Modified": "Mon, 20 May 2024 06:20:51 GMT",
        "Server": [
          "Windows-Azure-File/1.0",
          "Microsoft-HTTPAPI/2.0"
        ],
        "Vary": "Origin",
        "x-ms-file-attributes": "Archive",
        "x-ms-file-change-time": "2024-05-20T06:20:51.0078633Z",
        "x-ms-file-creation-time": "2024-05-20T06:20:50.7609480Z",
        "x-ms-file-id": "13835128424026341376",
        "x-ms-file-last-write-time": "2024-05-20T06:20:50.7609480Z",
        "x-ms-file-parent-id": "0",
        "x-ms-file-permission-key": "11408242485704529668*3959456104892465034",
        "x-ms-lease-state": "available",
        "x-ms-lease-status": "unlocked",
        "x-ms-meta-Not": "nil",
        "x-ms-request-id": "00000000-0000-0000-0000-000000000000",
        "x-ms-server-encrypted": "true",
        "x-ms-type": "File",
        "x-ms-version": "2023-11-03"
      },
      "ResponseBody": null
    },
    {
      "RequestUri": "https://fakestorage.file.core.windows.net/gosfilesetmetadatanil/gotestfilefilesetmetadatanil?comp=metadata",
      "RequestMethod": "PUT",
      "RequestHeaders": {
        "Accept": "application/xml",
        "Accept-Encoding": "gzip",
        "Authorization": "Sanitized",
        "Content-Length": "0",
        "User-Agent": "azsdk-go-azfile/v1.2.3 (go1.19.13; Windows_NT)",
        "X-Ms-Date": "Mon, 20 May 2024 06:20:51 GMT",
        "x-ms-version": "2023-11-03"
      },
      "RequestBody": null,
      "StatusCode": 200,
      "ResponseHeaders": {
        "Content-Length": "0",
        "Date": "Mon, 20 May 2024 06:20:51 GMT",
        "ETag": "\"0x8DC7894FF639554\"",
        "Last-Modified": "Mon, 20 May 2024 06:20:51 GMT",
        "Server": [
          "Windows-Azure-File/1.0",
          "Microsoft-HTTPAPI/2.0"
        ],
        "x-ms-request-id": "00000000-0000-0000-0000-000000000000",
        "x-ms-request-server-encrypted": "true",
        "x-ms-version": "2023-11-03"
      },
      "ResponseBody": null
    },
    {
      "RequestUri": "https://fakestorage.file.core.windows.net/gosfilesetmetadatanil/gotestfilefilesetmetadatanil",
      "RequestMethod": "HEAD",
      "RequestHeaders": {
        "Accept": "application/xml",
        "Authorization": "Sanitized",
        "User-Agent": "azsdk-go-azfile/v1.2.3 (go1.19.13; Windows_NT)",
        "X-Ms-Date": "Mon, 20 May 2024 06:20:51 GMT",
        "x-ms-version": "2023-11-03"
      },
      "RequestBody": null,
      "StatusCode": 200,
      "ResponseHeaders": {
        "Content-Length": "0",
        "Content-Type": "application/octet-stream",
        "Date": "Mon, 20 May 2024 06:20:51 GMT",
        "ETag": "\"0x8DC7894FF639554\"",
        "Last-Modified": "Mon, 20 May 2024 06:20:51 GMT",
        "Server": [
          "Windows-Azure-File/1.0",
          "Microsoft-HTTPAPI/2.0"
        ],
        "Vary": "Origin",
        "x-ms-file-attributes": "Archive",
        "x-ms-file-change-time": "2024-05-20T06:20:51.4977108Z",
        "x-ms-file-creation-time": "2024-05-20T06:20:50.7609480Z",
        "x-ms-file-id": "13835128424026341376",
        "x-ms-file-last-write-time": "2024-05-20T06:20:50.7609480Z",
        "x-ms-file-parent-id": "0",
        "x-ms-file-permission-key": "11408242485704529668*3959456104892465034",
        "x-ms-lease-state": "available",
        "x-ms-lease-status": "unlocked",
        "x-ms-request-id": "00000000-0000-0000-0000-000000000000",
        "x-ms-server-encrypted": "false",
        "x-ms-type": "File",
        "x-ms-version": "2023-11-03"
      },
      "ResponseBody": null
    },
    {
      "RequestUri": "https://fakestorage.file.core.windows.net/gosfilesetmetadatanil?restype=share",
      "RequestMethod": "DELETE",
      "RequestHeaders": {
        "Accept": "application/xml",
        "Accept-Encoding": "gzip",
        "Authorization": "Sanitized",
        "User-Agent": "azsdk-go-azfile/v1.2.3 (go1.19.13; Windows_NT)",
        "X-Ms-Date": "Mon, 20 May 2024 06:20:52 GMT",
        "x-ms-version": "2023-11-03"
      },
      "RequestBody": null,
      "StatusCode": 202,
      "ResponseHeaders": {
        "Content-Length": "0",
        "Date": "Mon, 20 May 2024 06:20:51 GMT",
        "Server": [
          "Windows-Azure-File/1.0",
          "Microsoft-HTTPAPI/2.0"
        ],
        "x-ms-request-id": "00000000-0000-0000-0000-000000000000",
        "x-ms-version": "2023-11-03"
      },
      "ResponseBody": null
    }
  ],
  "Variables": {}
}
