{
  "Entries": [
    {
      "RequestUri": "https://fakestorage.file.core.windows.net/gosdirlistfilesanddirsmaxresultsnegative?restype=share",
      "RequestMethod": "PUT",
      "RequestHeaders": {
        "Accept": "application/xml",
        "Accept-Encoding": "gzip",
        "Authorization": "Sanitized",
        "Content-Length": "0",
        "User-Agent": "azsdk-go-azfile/v0.1.0 (go1.18.5; Windows_NT)",
        "X-Ms-Date": "Tue, 25 Apr 2023 12:57:41 GMT",
        "x-ms-version": "2020-10-02"
      },
      "RequestBody": null,
      "StatusCode": 201,
      "ResponseHeaders": {
        "Content-Length": "0",
        "Date": "Tue, 25 Apr 2023 12:57:42 GMT",
        "ETag": "\u00220x8DB458CA875E4FF\u0022",
        "Last-Modified": "Tue, 25 Apr 2023 12:57:42 GMT",
        "Server": [
          "Windows-Azure-File/1.0",
          "Microsoft-HTTPAPI/2.0"
        ],
        "x-ms-request-id": "00000000-0000-0000-0000-000000000000",
        "x-ms-version": "2020-10-02"
      },
      "ResponseBody": null
    },
    {
      "RequestUri": "https://fakestorage.file.core.windows.net/gosdirlistfilesanddirsmaxresultsnegative/godirdirlistfilesanddirsmaxresultsnegative0?restype=directory",
      "RequestMethod": "PUT",
      "RequestHeaders": {
        "Accept": "application/xml",
        "Accept-Encoding": "gzip",
        "Authorization": "Sanitized",
        "Content-Length": "0",
        "User-Agent": "azsdk-go-azfile/v0.1.0 (go1.18.5; Windows_NT)",
        "X-Ms-Date": "Tue, 25 Apr 2023 12:57:42 GMT",
        "x-ms-file-attributes": "Directory",
        "x-ms-file-creation-time": "now",
        "x-ms-file-last-write-time": "now",
        "x-ms-file-permission": "inherit",
        "x-ms-version": "2020-10-02"
      },
      "RequestBody": null,
      "StatusCode": 201,
      "ResponseHeaders": {
        "Content-Length": "0",
        "Date": "Tue, 25 Apr 2023 12:57:42 GMT",
        "ETag": "\u00220x8DB458CA89C0D3E\u0022",
        "Last-Modified": "Tue, 25 Apr 2023 12:57:42 GMT",
        "Server": [
          "Windows-Azure-File/1.0",
          "Microsoft-HTTPAPI/2.0"
        ],
        "x-ms-file-attributes": "Directory",
        "x-ms-file-change-time": "2023-04-25T12:57:42.9594430Z",
        "x-ms-file-creation-time": "2023-04-25T12:57:42.9594430Z",
        "x-ms-file-id": "13835128424026341376",
        "x-ms-file-last-write-time": "2023-04-25T12:57:42.9594430Z",
        "x-ms-file-parent-id": "0",
        "x-ms-file-permission-key": "6827111833067045377*3919785451690939784",
        "x-ms-request-id": "00000000-0000-0000-0000-000000000000",
        "x-ms-request-server-encrypted": "true",
        "x-ms-version": "2020-10-02"
      },
      "ResponseBody": null
    },
    {
      "RequestUri": "https://fakestorage.file.core.windows.net/gosdirlistfilesanddirsmaxresultsnegative/godirdirlistfilesanddirsmaxresultsnegative1?restype=directory",
      "RequestMethod": "PUT",
      "RequestHeaders": {
        "Accept": "application/xml",
        "Accept-Encoding": "gzip",
        "Authorization": "Sanitized",
        "Content-Length": "0",
        "User-Agent": "azsdk-go-azfile/v0.1.0 (go1.18.5; Windows_NT)",
        "X-Ms-Date": "Tue, 25 Apr 2023 12:57:42 GMT",
        "x-ms-file-attributes": "Directory",
        "x-ms-file-creation-time": "now",
        "x-ms-file-last-write-time": "now",
        "x-ms-file-permission": "inherit",
        "x-ms-version": "2020-10-02"
      },
      "RequestBody": null,
      "StatusCode": 201,
      "ResponseHeaders": {
        "Content-Length": "0",
        "Date": "Tue, 25 Apr 2023 12:57:43 GMT",
        "ETag": "\u00220x8DB458CA8C0F4F6\u0022",
        "Last-Modified": "Tue, 25 Apr 2023 12:57:43 GMT",
        "Server": [
          "Windows-Azure-File/1.0",
          "Microsoft-HTTPAPI/2.0"
        ],
        "x-ms-file-attributes": "Directory",
        "x-ms-file-change-time": "2023-04-25T12:57:43.2013046Z",
        "x-ms-file-creation-time": "2023-04-25T12:57:43.2013046Z",
        "x-ms-file-id": "11529285414812647424",
        "x-ms-file-last-write-time": "2023-04-25T12:57:43.2013046Z",
        "x-ms-file-parent-id": "0",
        "x-ms-file-permission-key": "6827111833067045377*3919785451690939784",
        "x-ms-request-id": "00000000-0000-0000-0000-000000000000",
        "x-ms-request-server-encrypted": "true",
        "x-ms-version": "2020-10-02"
      },
      "ResponseBody": null
    },
    {
      "RequestUri": "https://fakestorage.file.core.windows.net/gosdirlistfilesanddirsmaxresultsnegative/gotestfiledirlistfilesanddirsmaxresultsnegative0",
      "RequestMethod": "PUT",
      "RequestHeaders": {
        "Accept": "application/xml",
        "Accept-Encoding": "gzip",
        "Authorization": "Sanitized",
        "Content-Length": "0",
        "User-Agent": "azsdk-go-azfile/v0.1.0 (go1.18.5; Windows_NT)",
        "x-ms-content-length": "2048",
        "X-Ms-Date": "Tue, 25 Apr 2023 12:57:42 GMT",
        "x-ms-file-attributes": "None",
        "x-ms-file-creation-time": "now",
        "x-ms-file-last-write-time": "now",
        "x-ms-file-permission": "inherit",
        "x-ms-type": "file",
        "x-ms-version": "2020-10-02"
      },
      "RequestBody": null,
      "StatusCode": 201,
      "ResponseHeaders": {
        "Content-Length": "0",
        "Date": "Tue, 25 Apr 2023 12:57:43 GMT",
        "ETag": "\u00220x8DB458CA8E678DA\u0022",
        "Last-Modified": "Tue, 25 Apr 2023 12:57:43 GMT",
        "Server": [
          "Windows-Azure-File/1.0",
          "Microsoft-HTTPAPI/2.0"
        ],
        "x-ms-file-attributes": "Archive",
        "x-ms-file-change-time": "2023-04-25T12:57:43.4471642Z",
        "x-ms-file-creation-time": "2023-04-25T12:57:43.4471642Z",
        "x-ms-file-id": "16140971433240035328",
        "x-ms-file-last-write-time": "2023-04-25T12:57:43.4471642Z",
        "x-ms-file-parent-id": "0",
        "x-ms-file-permission-key": "11440559603526778118*3919785451690939784",
        "x-ms-request-id": "00000000-0000-0000-0000-000000000000",
        "x-ms-request-server-encrypted": "true",
        "x-ms-version": "2020-10-02"
      },
      "ResponseBody": null
    },
    {
      "RequestUri": "https://fakestorage.file.core.windows.net/gosdirlistfilesanddirsmaxresultsnegative/gotestfiledirlistfilesanddirsmaxresultsnegative1",
      "RequestMethod": "PUT",
      "RequestHeaders": {
        "Accept": "application/xml",
        "Accept-Encoding": "gzip",
        "Authorization": "Sanitized",
        "Content-Length": "0",
        "User-Agent": "azsdk-go-azfile/v0.1.0 (go1.18.5; Windows_NT)",
        "x-ms-content-length": "2048",
        "X-Ms-Date": "Tue, 25 Apr 2023 12:57:42 GMT",
        "x-ms-file-attributes": "None",
        "x-ms-file-creation-time": "now",
        "x-ms-file-last-write-time": "now",
        "x-ms-file-permission": "inherit",
        "x-ms-type": "file",
        "x-ms-version": "2020-10-02"
      },
      "RequestBody": null,
      "StatusCode": 201,
      "ResponseHeaders": {
        "Content-Length": "0",
        "Date": "Tue, 25 Apr 2023 12:57:43 GMT",
        "ETag": "\u00220x8DB458CA90B127E\u0022",
        "Last-Modified": "Tue, 25 Apr 2023 12:57:43 GMT",
        "Server": [
          "Windows-Azure-File/1.0",
          "Microsoft-HTTPAPI/2.0"
        ],
        "x-ms-file-attributes": "Archive",
        "x-ms-file-change-time": "2023-04-25T12:57:43.6870270Z",
        "x-ms-file-creation-time": "2023-04-25T12:57:43.6870270Z",
        "x-ms-file-id": "10376363910205800448",
        "x-ms-file-last-write-time": "2023-04-25T12:57:43.6870270Z",
        "x-ms-file-parent-id": "0",
        "x-ms-file-permission-key": "11440559603526778118*3919785451690939784",
        "x-ms-request-id": "00000000-0000-0000-0000-000000000000",
        "x-ms-request-server-encrypted": "true",
        "x-ms-version": "2020-10-02"
      },
      "ResponseBody": null
    },
    {
      "RequestUri": "https://fakestorage.file.core.windows.net/gosdirlistfilesanddirsmaxresultsnegative?comp=list\u0026maxresults=-1\u0026restype=directory",
      "RequestMethod": "GET",
      "RequestHeaders": {
        "Accept": "application/xml",
        "Accept-Encoding": "gzip",
        "Authorization": "Sanitized",
        "User-Agent": "azsdk-go-azfile/v0.1.0 (go1.18.5; Windows_NT)",
        "X-Ms-Date": "Tue, 25 Apr 2023 12:57:43 GMT",
        "x-ms-version": "2020-10-02"
      },
      "RequestBody": null,
      "StatusCode": 400,
      "ResponseHeaders": {
        "Content-Length": "461",
        "Content-Type": "application/xml",
        "Date": "Tue, 25 Apr 2023 12:57:43 GMT",
        "Server": [
          "Windows-Azure-File/1.0",
          "Microsoft-HTTPAPI/2.0"
        ],
        "Vary": "Origin",
        "x-ms-error-code": "OutOfRangeQueryParameterValue",
        "x-ms-request-id": "00000000-0000-0000-0000-000000000000",
        "x-ms-version": "2020-10-02"
      },
      "ResponseBody": [
        "\uFEFF\u003C?xml version=\u00221.0\u0022 encoding=\u0022utf-8\u0022?\u003E\u003CError\u003E\u003CCode\u003EOutOfRangeQueryParameterValue\u003C/Code\u003E\u003CMessage\u003EOne of the query parameters specified in the request URI is outside the permissible range.\n",
        "RequestId:74fca8f5-e01a-005f-2675-7771d3000000\n",
        "Time:2023-04-25T12:57:43.9276839Z\u003C/Message\u003E\u003CQueryParameterName\u003Emaxresults\u003C/QueryParameterName\u003E\u003CQueryParameterValue\u003E-1\u003C/QueryParameterValue\u003E\u003CMinimumAllowed\u003E1\u003C/MinimumAllowed\u003E\u003CMaximumAllowed\u003E2147483647\u003C/MaximumAllowed\u003E\u003C/Error\u003E"
      ]
    },
    {
      "RequestUri": "https://fakestorage.file.core.windows.net/gosdirlistfilesanddirsmaxresultsnegative?restype=share",
      "RequestMethod": "DELETE",
      "RequestHeaders": {
        "Accept": "application/xml",
        "Accept-Encoding": "gzip",
        "Authorization": "Sanitized",
        "User-Agent": "azsdk-go-azfile/v0.1.0 (go1.18.5; Windows_NT)",
        "X-Ms-Date": "Tue, 25 Apr 2023 12:57:43 GMT",
        "x-ms-version": "2020-10-02"
      },
      "RequestBody": null,
      "StatusCode": 202,
      "ResponseHeaders": {
        "Content-Length": "0",
        "Date": "Tue, 25 Apr 2023 12:57:44 GMT",
        "Server": [
          "Windows-Azure-File/1.0",
          "Microsoft-HTTPAPI/2.0"
        ],
        "x-ms-request-id": "00000000-0000-0000-0000-000000000000",
        "x-ms-version": "2020-10-02"
      },
      "ResponseBody": null
    }
  ],
  "Variables": {}
}
