{
  "Entries": [
    {
      "RequestUri": "https://fakestorage.file.core.windows.net/gosdirlistfilesanddirsmaxresultsnegative?restype=share",
      "RequestMethod": "PUT",
      "RequestHeaders": {
        "Accept": "application/xml",
        "Accept-Encoding": "gzip",
        "Authorization": "Sanitized",
        "Content-Length": "0",
        "User-Agent": "azsdk-go-azfile/v1.2.3 (go1.19.13; Windows_NT)",
        "X-Ms-Date": "Mon, 20 May 2024 06:23:53 GMT",
        "x-ms-version": "2023-11-03"
      },
      "RequestBody": null,
      "StatusCode": 201,
      "ResponseHeaders": {
        "Content-Length": "0",
        "Date": "Mon, 20 May 2024 06:23:52 GMT",
        "ETag": "\"0x8DC78956B9EC945\"",
        "Last-Modified": "Mon, 20 May 2024 06:23:53 GMT",
        "Server": [
          "Windows-Azure-File/1.0",
          "Microsoft-HTTPAPI/2.0"
        ],
        "x-ms-request-id": "00000000-0000-0000-0000-000000000000",
        "x-ms-version": "2023-11-03"
      },
      "ResponseBody": null
    },
    {
      "RequestUri": "https://fakestorage.file.core.windows.net/gosdirlistfilesanddirsmaxresultsnegative/godirdirlistfilesanddirsmaxresultsnegative0?restype=directory",
      "RequestMethod": "PUT",
      "RequestHeaders": {
        "Accept": "application/xml",
        "Accept-Encoding": "gzip",
        "Authorization": "Sanitized",
        "Content-Length": "0",
        "User-Agent": "azsdk-go-azfile/v1.2.3 (go1.19.13; Windows_NT)",
        "X-Ms-Date": "Mon, 20 May 2024 06:23:53 GMT",
        "x-ms-file-attributes": "Directory",
        "x-ms-file-creation-time": "now",
        "x-ms-file-last-write-time": "now",
        "x-ms-file-permission": "inherit",
        "x-ms-version": "2023-11-03"
      },
      "RequestBody": null,
      "StatusCode": 201,
      "ResponseHeaders": {
        "Content-Length": "0",
        "Date": "Mon, 20 May 2024 06:23:52 GMT",
        "ETag": "\"0x8DC78956BC71775\"",
        "Last-Modified": "Mon, 20 May 2024 06:23:53 GMT",
        "Server": [
          "Windows-Azure-File/1.0",
          "Microsoft-HTTPAPI/2.0"
        ],
        "x-ms-file-attributes": "Directory",
        "x-ms-file-change-time": "2024-05-20T06:23:53.3437813Z",
        "x-ms-file-creation-time": "2024-05-20T06:23:53.3437813Z",
        "x-ms-file-id": "13835128424026341376",
        "x-ms-file-last-write-time": "2024-05-20T06:23:53.3437813Z",
        "x-ms-file-parent-id": "0",
        "x-ms-file-permission-key": "6785225114448717827*3959456104892465034",
        "x-ms-request-id": "00000000-0000-0000-0000-000000000000",
        "x-ms-request-server-encrypted": "true",
        "x-ms-version": "2023-11-03"
      },
      "ResponseBody": null
    },
    {
      "RequestUri": "https://fakestorage.file.core.windows.net/gosdirlistfilesanddirsmaxresultsnegative/godirdirlistfilesanddirsmaxresultsnegative1?restype=directory",
      "RequestMethod": "PUT",
      "RequestHeaders": {
        "Accept": "application/xml",
        "Accept-Encoding": "gzip",
        "Authorization": "Sanitized",
        "Content-Length": "0",
        "User-Agent": "azsdk-go-azfile/v1.2.3 (go1.19.13; Windows_NT)",
        "X-Ms-Date": "Mon, 20 May 2024 06:23:53 GMT",
        "x-ms-file-attributes": "Directory",
        "x-ms-file-creation-time": "now",
        "x-ms-file-last-write-time": "now",
        "x-ms-file-permission": "inherit",
        "x-ms-version": "2023-11-03"
      },
      "RequestBody": null,
      "StatusCode": 201,
      "ResponseHeaders": {
        "Content-Length": "0",
        "Date": "Mon, 20 May 2024 06:23:52 GMT",
        "ETag": "\"0x8DC78956BECEB77\"",
        "Last-Modified": "Mon, 20 May 2024 06:23:53 GMT",
        "Server": [
          "Windows-Azure-File/1.0",
          "Microsoft-HTTPAPI/2.0"
        ],
        "x-ms-file-attributes": "Directory",
        "x-ms-file-change-time": "2024-05-20T06:23:53.5916919Z",
        "x-ms-file-creation-time": "2024-05-20T06:23:53.5916919Z",
        "x-ms-file-id": "11529285414812647424",
        "x-ms-file-last-write-time": "2024-05-20T06:23:53.5916919Z",
        "x-ms-file-parent-id": "0",
        "x-ms-file-permission-key": "6785225114448717827*3959456104892465034",
        "x-ms-request-id": "00000000-0000-0000-0000-000000000000",
        "x-ms-request-server-encrypted": "true",
        "x-ms-version": "2023-11-03"
      },
      "ResponseBody": null
    },
    {
      "RequestUri": "https://fakestorage.file.core.windows.net/gosdirlistfilesanddirsmaxresultsnegative/gotestfiledirlistfilesanddirsmaxresultsnegative0",
      "RequestMethod": "PUT",
      "RequestHeaders": {
        "Accept": "application/xml",
        "Accept-Encoding": "gzip",
        "Authorization": "Sanitized",
        "Content-Length": "0",
        "User-Agent": "azsdk-go-azfile/v1.2.3 (go1.19.13; Windows_NT)",
        "x-ms-content-length": "2048",
        "X-Ms-Date": "Mon, 20 May 2024 06:23:54 GMT",
        "x-ms-file-attributes": "None",
        "x-ms-file-creation-time": "now",
        "x-ms-file-last-write-time": "now",
        "x-ms-file-permission": "inherit",
        "x-ms-type": "file",
        "x-ms-version": "2023-11-03"
      },
      "RequestBody": null,
      "StatusCode": 201,
      "ResponseHeaders": {
        "Content-Length": "0",
        "Date": "Mon, 20 May 2024 06:23:52 GMT",
        "ETag": "\"0x8DC78956C1271B1\"",
        "Last-Modified": "Mon, 20 May 2024 06:23:53 GMT",
        "Server": [
          "Windows-Azure-File/1.0",
          "Microsoft-HTTPAPI/2.0"
        ],
        "x-ms-file-attributes": "Archive",
        "x-ms-file-change-time": "2024-05-20T06:23:53.8376113Z",
        "x-ms-file-creation-time": "2024-05-20T06:23:53.8376113Z",
        "x-ms-file-id": "16140971433240035328",
        "x-ms-file-last-write-time": "2024-05-20T06:23:53.8376113Z",
        "x-ms-file-parent-id": "0",
        "x-ms-file-permission-key": "11408242485704529668*3959456104892465034",
        "x-ms-request-id": "00000000-0000-0000-0000-000000000000",
        "x-ms-request-server-encrypted": "true",
        "x-ms-version": "2023-11-03"
      },
      "ResponseBody": null
    },
    {
      "RequestUri": "https://fakestorage.file.core.windows.net/gosdirlistfilesanddirsmaxresultsnegative/gotestfiledirlistfilesanddirsmaxresultsnegative1",
      "RequestMethod": "PUT",
      "RequestHeaders": {
        "Accept": "application/xml",
        "Accept-Encoding": "gzip",
        "Authorization": "Sanitized",
        "Content-Length": "0",
        "User-Agent": "azsdk-go-azfile/v1.2.3 (go1.19.13; Windows_NT)",
        "x-ms-content-length": "2048",
        "X-Ms-Date": "Mon, 20 May 2024 06:23:54 GMT",
        "x-ms-file-attributes": "None",
        "x-ms-file-creation-time": "now",
        "x-ms-file-last-write-time": "now",
        "x-ms-file-permission": "inherit",
        "x-ms-type": "file",
        "x-ms-version": "2023-11-03"
      },
      "RequestBody": null,
      "StatusCode": 201,
      "ResponseHeaders": {
        "Content-Length": "0",
        "Date": "Mon, 20 May 2024 06:23:53 GMT",
        "ETag": "\"0x8DC78956C38BA65\"",
        "Last-Modified": "Mon, 20 May 2024 06:23:54 GMT",
        "Server": [
          "Windows-Azure-File/1.0",
          "Microsoft-HTTPAPI/2.0"
        ],
        "x-ms-file-attributes": "Archive",
        "x-ms-file-change-time": "2024-05-20T06:23:54.0885093Z",
        "x-ms-file-creation-time": "2024-05-20T06:23:54.0885093Z",
        "x-ms-file-id": "10376363910205800448",
        "x-ms-file-last-write-time": "2024-05-20T06:23:54.0885093Z",
        "x-ms-file-parent-id": "0",
        "x-ms-file-permission-key": "11408242485704529668*3959456104892465034",
        "x-ms-request-id": "00000000-0000-0000-0000-000000000000",
        "x-ms-request-server-encrypted": "true",
        "x-ms-version": "2023-11-03"
      },
      "ResponseBody": null
    },
    {
      "RequestUri": "https://fakestorage.file.core.windows.net/gosdirlistfilesanddirsmaxresultsnegative?comp=list&maxresults=-1&restype=directory",
      "RequestMethod": "GET",
      "RequestHeaders": {
        "Accept": "application/xml",
        "Accept-Encoding": "gzip",
        "Authorization": "Sanitized",
        "User-Agent": "azsdk-go-azfile/v1.2.3 (go1.19.13; Windows_NT)",
        "X-Ms-Date": "Mon, 20 May 2024 06:23:54 GMT",
        "x-ms-version": "2023-11-03"
      },
      "RequestBody": null,
      "StatusCode": 400,
      "ResponseHeaders": {
        "Content-Length": "461",
        "Content-Type": "application/xml",
        "Date": "Mon, 20 May 2024 06:23:53 GMT",
        "Server": [
          "Windows-Azure-File/1.0",
          "Microsoft-HTTPAPI/2.0"
        ],
        "Vary": "Origin",
        "x-ms-error-code": "OutOfRangeQueryParameterValue",
        "x-ms-request-id": "00000000-0000-0000-0000-000000000000",
        "x-ms-version": "2023-11-03"
      },
      "ResponseBody": [
        "\uFEFF<?xml version=\"1.0\" encoding=\"utf-8\"?><Error><Code>OutOfRangeQueryParameterValue</Code><Message>One of the query parameters specified in the request URI is outside the permissible range.\n",
        "RequestId:84d2b253-f01a-005e-3b7e-aaf556000000\n",
        "Time:2024-05-20T06:23:54.3371165Z</Message><QueryParameterName>maxresults</QueryParameterName><QueryParameterValue>-1</QueryParameterValue><MinimumAllowed>1</MinimumAllowed><MaximumAllowed>2147483647</MaximumAllowed></Error>"
      ]
    },
    {
      "RequestUri": "https://fakestorage.file.core.windows.net/gosdirlistfilesanddirsmaxresultsnegative?restype=share",
      "RequestMethod": "DELETE",
      "RequestHeaders": {
        "Accept": "application/xml",
        "Accept-Encoding": "gzip",
        "Authorization": "Sanitized",
        "User-Agent": "azsdk-go-azfile/v1.2.3 (go1.19.13; Windows_NT)",
        "X-Ms-Date": "Mon, 20 May 2024 06:23:54 GMT",
        "x-ms-version": "2023-11-03"
      },
      "RequestBody": null,
      "StatusCode": 202,
      "ResponseHeaders": {
        "Content-Length": "0",
        "Date": "Mon, 20 May 2024 06:23:53 GMT",
        "Server": [
          "Windows-Azure-File/1.0",
          "Microsoft-HTTPAPI/2.0"
        ],
        "x-ms-request-id": "00000000-0000-0000-0000-000000000000",
        "x-ms-version": "2023-11-03"
      },
      "ResponseBody": null
    }
  ],
  "Variables": {}
}
