{
  "Entries": [
    {
      "RequestUri": "https://fakestorage.file.core.windows.net/gosfilecreatenondefaultmetadatanonempty?restype=share",
      "RequestMethod": "PUT",
      "RequestHeaders": {
        "Accept": "application/xml",
        "Accept-Encoding": "gzip",
        "Authorization": "Sanitized",
        "Content-Length": "0",
        "User-Agent": "azsdk-go-azfile/v1.5.0-beta.2 (go1.23.2; Windows_NT)",
        "X-Ms-Date": "Thu, 06 Feb 2025 15:34:50 GMT",
        "x-ms-version": "2025-05-05"
      },
      "RequestBody": null,
      "StatusCode": 201,
      "ResponseHeaders": {
        "Content-Length": "0",
        "Date": "Thu, 06 Feb 2025 15:34:51 GMT",
        "ETag": "\"0x8DD46C3CCD13D97\"",
        "Last-Modified": "Thu, 06 Feb 2025 15:34:52 GMT",
        "Server": [
          "Windows-Azure-File/1.0",
          "Microsoft-HTTPAPI/2.0"
        ],
        "x-ms-request-id": "00000000-0000-0000-0000-000000000000",
        "x-ms-version": "2025-05-05"
      },
      "ResponseBody": null
    },
    {
      "RequestUri": "https://fakestorage.file.core.windows.net/gosfilecreatenondefaultmetadatanonempty/gotestfilefilecreatenondefaultmetadatanonempty",
      "RequestMethod": "PUT",
      "RequestHeaders": {
        "Accept": "application/xml",
        "Accept-Encoding": "gzip",
        "Authorization": "Sanitized",
        "Content-Length": "0",
        "User-Agent": "azsdk-go-azfile/v1.5.0-beta.2 (go1.23.2; Windows_NT)",
        "x-ms-content-length": "1024",
        "X-Ms-Date": "Thu, 06 Feb 2025 15:34:50 GMT",
        "x-ms-meta-bar": "barvalue",
        "x-ms-meta-foo": "foovalue",
        "x-ms-type": "file",
        "x-ms-version": "2025-05-05"
      },
      "RequestBody": null,
      "StatusCode": 201,
      "ResponseHeaders": {
        "Content-Length": "0",
        "Date": "Thu, 06 Feb 2025 15:34:51 GMT",
        "ETag": "\"0x8DD46C3CCE576C2\"",
        "Last-Modified": "Thu, 06 Feb 2025 15:34:52 GMT",
        "Server": [
          "Windows-Azure-File/1.0",
          "Microsoft-HTTPAPI/2.0"
        ],
        "x-ms-file-attributes": "Archive",
        "x-ms-file-change-time": "2025-02-06T15:34:52.6635714Z",
        "x-ms-file-creation-time": "2025-02-06T15:34:52.6635714Z",
        "x-ms-file-id": "13835128424026341376",
        "x-ms-file-last-write-time": "2025-02-06T15:34:52.6635714Z",
        "x-ms-file-parent-id": "0",
        "x-ms-file-permission-key": "15054659525319803940*8668318031993023658",
        "x-ms-request-id": "00000000-0000-0000-0000-000000000000",
        "x-ms-request-server-encrypted": "true",
        "x-ms-version": "2025-05-05"
      },
      "ResponseBody": null
    },
    {
      "RequestUri": "https://fakestorage.file.core.windows.net/gosfilecreatenondefaultmetadatanonempty/gotestfilefilecreatenondefaultmetadatanonempty",
      "RequestMethod": "HEAD",
      "RequestHeaders": {
        "Accept": "application/xml",
        "Authorization": "Sanitized",
        "User-Agent": "azsdk-go-azfile/v1.5.0-beta.2 (go1.23.2; Windows_NT)",
        "X-Ms-Date": "Thu, 06 Feb 2025 15:34:50 GMT",
        "x-ms-version": "2025-05-05"
      },
      "RequestBody": null,
      "StatusCode": 200,
      "ResponseHeaders": {
        "Content-Length": "1024",
        "Content-Type": "application/octet-stream",
        "Date": "Thu, 06 Feb 2025 15:34:52 GMT",
        "ETag": "\"0x8DD46C3CCE576C2\"",
        "Last-Modified": "Thu, 06 Feb 2025 15:34:52 GMT",
        "Server": [
          "Windows-Azure-File/1.0",
          "Microsoft-HTTPAPI/2.0"
        ],
        "x-ms-file-attributes": "Archive",
        "x-ms-file-change-time": "2025-02-06T15:34:52.6635714Z",
        "x-ms-file-creation-time": "2025-02-06T15:34:52.6635714Z",
        "x-ms-file-id": "13835128424026341376",
        "x-ms-file-last-write-time": "2025-02-06T15:34:52.6635714Z",
        "x-ms-file-parent-id": "0",
        "x-ms-file-permission-key": "15054659525319803940*8668318031993023658",
        "x-ms-lease-state": "available",
        "x-ms-lease-status": "unlocked",
        "x-ms-meta-bar": "barvalue",
        "x-ms-meta-foo": "foovalue",
        "x-ms-request-id": "00000000-0000-0000-0000-000000000000",
        "x-ms-server-encrypted": "true",
        "x-ms-type": "File",
        "x-ms-version": "2025-05-05"
      },
      "ResponseBody": null
    },
    {
      "RequestUri": "https://fakestorage.file.core.windows.net/gosfilecreatenondefaultmetadatanonempty?restype=share",
      "RequestMethod": "DELETE",
      "RequestHeaders": {
        "Accept": "application/xml",
        "Accept-Encoding": "gzip",
        "Authorization": "Sanitized",
        "User-Agent": "azsdk-go-azfile/v1.5.0-beta.2 (go1.23.2; Windows_NT)",
        "X-Ms-Date": "Thu, 06 Feb 2025 15:34:50 GMT",
        "x-ms-version": "2025-05-05"
      },
      "RequestBody": null,
      "StatusCode": 202,
      "ResponseHeaders": {
        "Content-Length": "0",
        "Date": "Thu, 06 Feb 2025 15:34:52 GMT",
        "Server": [
          "Windows-Azure-File/1.0",
          "Microsoft-HTTPAPI/2.0"
        ],
        "x-ms-request-id": "00000000-0000-0000-0000-000000000000",
        "x-ms-version": "2025-05-05"
      },
      "ResponseBody": null
    }
  ],
  "Variables": {}
}
