{
  "Entries": [
    {
      "RequestUri": "https://camaiaor-localtests.cognitiveservices.azure.com/formrecognizer/v2.1/custom/models",
      "RequestMethod": "POST",
      "RequestHeaders": {
        "Accept": "application/json",
        "Authorization": "Sanitized",
        "Content-Length": "42",
        "Content-Type": "application/json",
        "traceparent": "00-a2aebf98ef286a27d85d2ad7596b15ce-dfb8f61ee5c57140-00",
        "User-Agent": "azsdk-net-AI.FormRecognizer/4.2.0-alpha.20241007.1 (.NET 8.0.8; Microsoft Windows 10.0.26100)",
        "x-ms-client-request-id": "Sanitized",
        "x-ms-return-client-request-id": "true"
      },
      "RequestBody": {
        "source": "Sanitized",
        "useLabelFile": true
      },
      "StatusCode": 201,
      "ResponseHeaders": {
        "apim-request-id": "20997efe-3af9-4a6d-ba21-95bc05ecb992",
        "azure-deprecating": "API version 2.1 will retire on 2027-09-30. (https://aka.ms/Azure-Docuement-Intelligence-V2-retirement)",
        "Content-Length": "0",
        "Date": "Mon, 07 Oct 2024 22:08:29 GMT",
        "Location": "https://camaiaor-localtests.cognitiveservices.azure.com/formrecognizer/v2.1/custom/models/3d085a68-c076-4924-b837-98890a5d4e62",
        "Strict-Transport-Security": "max-age=31536000; includeSubDomains; preload",
        "X-Content-Type-Options": "nosniff",
        "x-envoy-upstream-service-time": "489",
        "x-ms-region": "East US"
      },
      "ResponseBody": null
    },
    {
      "RequestUri": "https://camaiaor-localtests.cognitiveservices.azure.com/formrecognizer/v2.1/custom/models/3d085a68-c076-4924-b837-98890a5d4e62?includeKeys=true",
      "RequestMethod": "GET",
      "RequestHeaders": {
        "Accept": "application/json",
        "Authorization": "Sanitized",
        "User-Agent": "azsdk-net-AI.FormRecognizer/4.2.0-alpha.20241007.1 (.NET 8.0.8; Microsoft Windows 10.0.26100)",
        "x-ms-client-request-id": "Sanitized",
        "x-ms-return-client-request-id": "true"
      },
      "RequestBody": null,
      "StatusCode": 200,
      "ResponseHeaders": {
        "apim-request-id": "0767842a-e8a2-40ff-96f6-bbd77185d004",
        "azure-deprecating": "API version 2.1 will retire on 2027-09-30. (https://aka.ms/Azure-Docuement-Intelligence-V2-retirement)",
        "Content-Length": "170",
        "Content-Type": "application/json; charset=utf-8",
        "Date": "Mon, 07 Oct 2024 22:08:29 GMT",
        "Strict-Transport-Security": "max-age=31536000; includeSubDomains; preload",
        "X-Content-Type-Options": "nosniff",
        "x-envoy-upstream-service-time": "34",
        "x-ms-region": "East US"
      },
      "ResponseBody": {
        "modelInfo": {
          "modelId": "3d085a68-c076-4924-b837-98890a5d4e62",
          "status": "creating",
          "createdDateTime": "2024-10-07T22:08:29Z",
          "lastUpdatedDateTime": "2024-10-07T22:08:29Z"
        }
      }
    },
    {
      "RequestUri": "https://camaiaor-localtests.cognitiveservices.azure.com/formrecognizer/v2.1/custom/models/3d085a68-c076-4924-b837-98890a5d4e62?includeKeys=true",
      "RequestMethod": "GET",
      "RequestHeaders": {
        "Accept": "application/json",
        "Authorization": "Sanitized",
        "User-Agent": "azsdk-net-AI.FormRecognizer/4.2.0-alpha.20241007.1 (.NET 8.0.8; Microsoft Windows 10.0.26100)",
        "x-ms-client-request-id": "Sanitized",
        "x-ms-return-client-request-id": "true"
      },
      "RequestBody": null,
      "StatusCode": 200,
      "ResponseHeaders": {
        "apim-request-id": "6de56080-f572-4c2a-af82-6116903f88eb",
        "azure-deprecating": "API version 2.1 will retire on 2027-09-30. (https://aka.ms/Azure-Docuement-Intelligence-V2-retirement)",
        "Content-Length": "170",
        "Content-Type": "application/json; charset=utf-8",
        "Date": "Mon, 07 Oct 2024 22:08:30 GMT",
        "Strict-Transport-Security": "max-age=31536000; includeSubDomains; preload",
        "X-Content-Type-Options": "nosniff",
        "x-envoy-upstream-service-time": "31",
        "x-ms-region": "East US"
      },
      "ResponseBody": {
        "modelInfo": {
          "modelId": "3d085a68-c076-4924-b837-98890a5d4e62",
          "status": "creating",
          "createdDateTime": "2024-10-07T22:08:29Z",
          "lastUpdatedDateTime": "2024-10-07T22:08:29Z"
        }
      }
    },
    {
      "RequestUri": "https://camaiaor-localtests.cognitiveservices.azure.com/formrecognizer/v2.1/custom/models/3d085a68-c076-4924-b837-98890a5d4e62?includeKeys=true",
      "RequestMethod": "GET",
      "RequestHeaders": {
        "Accept": "application/json",
        "Authorization": "Sanitized",
        "User-Agent": "azsdk-net-AI.FormRecognizer/4.2.0-alpha.20241007.1 (.NET 8.0.8; Microsoft Windows 10.0.26100)",
        "x-ms-client-request-id": "Sanitized",
        "x-ms-return-client-request-id": "true"
      },
      "RequestBody": null,
      "StatusCode": 200,
      "ResponseHeaders": {
        "apim-request-id": "2d687f91-528b-4833-b9d7-e7d91835af65",
        "azure-deprecating": "API version 2.1 will retire on 2027-09-30. (https://aka.ms/Azure-Docuement-Intelligence-V2-retirement)",
        "Content-Length": "170",
        "Content-Type": "application/json; charset=utf-8",
        "Date": "Mon, 07 Oct 2024 22:08:32 GMT",
        "Strict-Transport-Security": "max-age=31536000; includeSubDomains; preload",
        "X-Content-Type-Options": "nosniff",
        "x-envoy-upstream-service-time": "159",
        "x-ms-region": "East US"
      },
      "ResponseBody": {
        "modelInfo": {
          "modelId": "3d085a68-c076-4924-b837-98890a5d4e62",
          "status": "creating",
          "createdDateTime": "2024-10-07T22:08:29Z",
          "lastUpdatedDateTime": "2024-10-07T22:08:29Z"
        }
      }
    },
    {
      "RequestUri": "https://camaiaor-localtests.cognitiveservices.azure.com/formrecognizer/v2.1/custom/models/3d085a68-c076-4924-b837-98890a5d4e62?includeKeys=true",
      "RequestMethod": "GET",
      "RequestHeaders": {
        "Accept": "application/json",
        "Authorization": "Sanitized",
        "User-Agent": "azsdk-net-AI.FormRecognizer/4.2.0-alpha.20241007.1 (.NET 8.0.8; Microsoft Windows 10.0.26100)",
        "x-ms-client-request-id": "Sanitized",
        "x-ms-return-client-request-id": "true"
      },
      "RequestBody": null,
      "StatusCode": 200,
      "ResponseHeaders": {
        "apim-request-id": "14b777b4-464d-49f8-82aa-49f2e526c54a",
        "azure-deprecating": "API version 2.1 will retire on 2027-09-30. (https://aka.ms/Azure-Docuement-Intelligence-V2-retirement)",
        "Content-Length": "1242",
        "Content-Type": "application/json; charset=utf-8",
        "Date": "Mon, 07 Oct 2024 22:08:33 GMT",
        "Strict-Transport-Security": "max-age=31536000; includeSubDomains; preload",
        "X-Content-Type-Options": "nosniff",
        "x-envoy-upstream-service-time": "31",
        "x-ms-region": "East US"
      },
      "ResponseBody": {
        "modelInfo": {
          "modelId": "3d085a68-c076-4924-b837-98890a5d4e62",
          "attributes": {
            "isComposed": false
          },
          "status": "ready",
          "createdDateTime": "2024-10-07T22:08:29Z",
          "lastUpdatedDateTime": "2024-10-07T22:08:32Z"
        },
        "trainResult": {
          "averageModelAccuracy": 0.96,
          "trainingDocuments": [
            {
              "documentName": "Form_1.jpg",
              "pages": 1,
              "status": "succeeded"
            },
            {
              "documentName": "Form_2.jpg",
              "pages": 1,
              "status": "succeeded"
            },
            {
              "documentName": "Form_3.jpg",
              "pages": 1,
              "status": "succeeded"
            },
            {
              "documentName": "Form_4.jpg",
              "pages": 1,
              "status": "succeeded"
            },
            {
              "documentName": "Form_5.jpg",
              "pages": 1,
              "status": "succeeded"
            }
          ],
          "fields": [
            {
              "fieldName": "CompanyAddress",
              "accuracy": 0.8
            },
            {
              "fieldName": "CompanyName",
              "accuracy": 0.995
            },
            {
              "fieldName": "CompanyPhoneNumber",
              "accuracy": 0.995
            },
            {
              "fieldName": "DatedAs",
              "accuracy": 0.995
            },
            {
              "fieldName": "Email",
              "accuracy": 0.8
            },
            {
              "fieldName": "Merchant",
              "accuracy": 0.995
            },
            {
              "fieldName": "PhoneNumber",
              "accuracy": 0.995
            },
            {
              "fieldName": "PurchaseOrderNumber",
              "accuracy": 0.995
            },
            {
              "fieldName": "Quantity",
              "accuracy": 0.995
            },
            {
              "fieldName": "Signature",
              "accuracy": 0.8
            },
            {
              "fieldName": "Subtotal",
              "accuracy": 0.995
            },
            {
              "fieldName": "Tax",
              "accuracy": 0.995
            },
            {
              "fieldName": "Total",
              "accuracy": 0.995
            },
            {
              "fieldName": "VendorName",
              "accuracy": 0.995
            },
            {
              "fieldName": "Website",
              "accuracy": 0.995
            }
          ],
          "errors": []
        }
      }
    },
    {
      "RequestUri": "https://camaiaor-localtests.cognitiveservices.azure.com/formrecognizer/v2.1/custom/models/3d085a68-c076-4924-b837-98890a5d4e62?includeKeys=true",
      "RequestMethod": "GET",
      "RequestHeaders": {
        "Accept": "application/json",
        "Authorization": "Sanitized",
        "traceparent": "00-86237d02744bba9f6d3bd79d8aa18c5c-e6a8cb4175274cc5-00",
        "User-Agent": "azsdk-net-AI.FormRecognizer/4.2.0-alpha.20241007.1 (.NET 8.0.8; Microsoft Windows 10.0.26100)",
        "x-ms-client-request-id": "Sanitized",
        "x-ms-return-client-request-id": "true"
      },
      "RequestBody": null,
      "StatusCode": 200,
      "ResponseHeaders": {
        "apim-request-id": "82aea547-0e81-4308-95bf-73fa5632d527",
        "azure-deprecating": "API version 2.1 will retire on 2027-09-30. (https://aka.ms/Azure-Docuement-Intelligence-V2-retirement)",
        "Content-Length": "1242",
        "Content-Type": "application/json; charset=utf-8",
        "Date": "Mon, 07 Oct 2024 22:08:33 GMT",
        "Strict-Transport-Security": "max-age=31536000; includeSubDomains; preload",
        "X-Content-Type-Options": "nosniff",
        "x-envoy-upstream-service-time": "31",
        "x-ms-region": "East US"
      },
      "ResponseBody": {
        "modelInfo": {
          "modelId": "3d085a68-c076-4924-b837-98890a5d4e62",
          "attributes": {
            "isComposed": false
          },
          "status": "ready",
          "createdDateTime": "2024-10-07T22:08:29Z",
          "lastUpdatedDateTime": "2024-10-07T22:08:32Z"
        },
        "trainResult": {
          "averageModelAccuracy": 0.96,
          "trainingDocuments": [
            {
              "documentName": "Form_1.jpg",
              "pages": 1,
              "status": "succeeded"
            },
            {
              "documentName": "Form_2.jpg",
              "pages": 1,
              "status": "succeeded"
            },
            {
              "documentName": "Form_3.jpg",
              "pages": 1,
              "status": "succeeded"
            },
            {
              "documentName": "Form_4.jpg",
              "pages": 1,
              "status": "succeeded"
            },
            {
              "documentName": "Form_5.jpg",
              "pages": 1,
              "status": "succeeded"
            }
          ],
          "fields": [
            {
              "fieldName": "CompanyAddress",
              "accuracy": 0.8
            },
            {
              "fieldName": "CompanyName",
              "accuracy": 0.995
            },
            {
              "fieldName": "CompanyPhoneNumber",
              "accuracy": 0.995
            },
            {
              "fieldName": "DatedAs",
              "accuracy": 0.995
            },
            {
              "fieldName": "Email",
              "accuracy": 0.8
            },
            {
              "fieldName": "Merchant",
              "accuracy": 0.995
            },
            {
              "fieldName": "PhoneNumber",
              "accuracy": 0.995
            },
            {
              "fieldName": "PurchaseOrderNumber",
              "accuracy": 0.995
            },
            {
              "fieldName": "Quantity",
              "accuracy": 0.995
            },
            {
              "fieldName": "Signature",
              "accuracy": 0.8
            },
            {
              "fieldName": "Subtotal",
              "accuracy": 0.995
            },
            {
              "fieldName": "Tax",
              "accuracy": 0.995
            },
            {
              "fieldName": "Total",
              "accuracy": 0.995
            },
            {
              "fieldName": "VendorName",
              "accuracy": 0.995
            },
            {
              "fieldName": "Website",
              "accuracy": 0.995
            }
          ],
          "errors": []
        }
      }
    },
    {
      "RequestUri": "https://camaiaor-localtests.cognitiveservices.azure.com/formrecognizer/v2.1/custom/models?op=full",
      "RequestMethod": "GET",
      "RequestHeaders": {
        "Accept": "application/json",
        "Authorization": "Sanitized",
        "traceparent": "00-b2dfaf99ecb676200682e63304234861-0aa9b647abd0447e-00",
        "User-Agent": "azsdk-net-AI.FormRecognizer/4.2.0-alpha.20241007.1 (.NET 8.0.8; Microsoft Windows 10.0.26100)",
        "x-ms-client-request-id": "Sanitized",
        "x-ms-return-client-request-id": "true"
      },
      "RequestBody": null,
      "StatusCode": 200,
      "ResponseHeaders": {
        "apim-request-id": "609e6d8b-1a44-49b0-a48d-a5da052d819d",
        "azure-deprecating": "API version 2.1 will retire on 2027-09-30. (https://aka.ms/Azure-Docuement-Intelligence-V2-retirement)",
        "Content-Length": "1630",
        "Content-Type": "application/json; charset=utf-8",
        "Date": "Mon, 07 Oct 2024 22:08:33 GMT",
        "Strict-Transport-Security": "max-age=31536000; includeSubDomains; preload",
        "X-Content-Type-Options": "nosniff",
        "x-envoy-upstream-service-time": "150",
        "x-ms-region": "East US"
      },
      "ResponseBody": {
        "modelList": [
          {
            "modelId": "3d085a68-c076-4924-b837-98890a5d4e62",
            "attributes": {
              "isComposed": false
            },
            "status": "ready",
            "createdDateTime": "2024-10-07T22:08:29Z",
            "lastUpdatedDateTime": "2024-10-07T22:08:32Z"
          },
          {
            "modelId": "4bb6cff9-c9f6-40e2-ad52-e422d7b324ff",
            "status": "creating",
            "createdDateTime": "2024-10-07T20:59:14Z",
            "lastUpdatedDateTime": "2024-10-07T20:59:14Z"
          },
          {
            "modelId": "6028fc44-3bcf-4bbb-a3e6-0016a1af489d",
            "status": "creating",
            "createdDateTime": "2024-10-07T22:06:37Z",
            "lastUpdatedDateTime": "2024-10-07T22:06:37Z"
          },
          {
            "modelId": "a8da8ff0-ff42-487c-8a5c-a408653d5b72",
            "status": "creating",
            "createdDateTime": "2024-10-07T20:59:56Z",
            "lastUpdatedDateTime": "2024-10-07T20:59:56Z"
          },
          {
            "modelId": "b2ad36cb-3684-4a9d-af9b-e02a5ccc3665",
            "status": "creating",
            "createdDateTime": "2024-10-07T22:01:35Z",
            "lastUpdatedDateTime": "2024-10-07T22:01:35Z"
          },
          {
            "modelId": "b74f4ae3-c644-4ffb-a86b-c1c240924de9",
            "status": "creating",
            "createdDateTime": "2024-10-07T22:07:30Z",
            "lastUpdatedDateTime": "2024-10-07T22:07:30Z"
          },
          {
            "modelId": "de78317a-de64-4146-8e18-da017ac43e67",
            "status": "creating",
            "createdDateTime": "2024-10-07T20:59:57Z",
            "lastUpdatedDateTime": "2024-10-07T20:59:57Z"
          },
          {
            "modelId": "e3ffef8b-9620-48b1-baa1-5ab74bb0220a",
            "status": "creating",
            "createdDateTime": "2024-10-07T22:03:55Z",
            "lastUpdatedDateTime": "2024-10-07T22:03:55Z"
          },
          {
            "modelId": "ef3d99cb-0f01-4384-babf-4c5a3105ff7f",
            "status": "creating",
            "createdDateTime": "2024-10-07T21:44:36Z",
            "lastUpdatedDateTime": "2024-10-07T21:44:36Z"
          },
          {
            "modelId": "f7e02181-bf15-480a-a1ec-eaabfa201056",
            "status": "creating",
            "createdDateTime": "2024-10-07T20:59:15Z",
            "lastUpdatedDateTime": "2024-10-07T20:59:15Z"
          }
        ],
        "nextLink": ""
      }
    },
    {
      "RequestUri": "https://camaiaor-localtests.cognitiveservices.azure.com/formrecognizer/v2.1/custom/models?op=summary",
      "RequestMethod": "GET",
      "RequestHeaders": {
        "Accept": "application/json",
        "Authorization": "Sanitized",
        "traceparent": "00-be14b310a4062710f3e14d68650f3543-4b3df492f620f56f-00",
        "User-Agent": "azsdk-net-AI.FormRecognizer/4.2.0-alpha.20241007.1 (.NET 8.0.8; Microsoft Windows 10.0.26100)",
        "x-ms-client-request-id": "Sanitized",
        "x-ms-return-client-request-id": "true"
      },
      "RequestBody": null,
      "StatusCode": 200,
      "ResponseHeaders": {
        "apim-request-id": "742b6c5e-15c9-4c0a-bfcd-495daa26f7be",
        "azure-deprecating": "API version 2.1 will retire on 2027-09-30. (https://aka.ms/Azure-Docuement-Intelligence-V2-retirement)",
        "Content-Length": "83",
        "Content-Type": "application/json; charset=utf-8",
        "Date": "Mon, 07 Oct 2024 22:08:33 GMT",
        "Strict-Transport-Security": "max-age=31536000; includeSubDomains; preload",
        "X-Content-Type-Options": "nosniff",
        "x-envoy-upstream-service-time": "31",
        "x-ms-region": "East US"
      },
      "ResponseBody": {
        "summary": {
          "count": 30,
          "limit": 20000,
          "lastUpdatedDateTime": "2024-10-07T22:08:33Z"
        }
      }
    },
    {
      "RequestUri": "https://camaiaor-localtests.cognitiveservices.azure.com/formrecognizer/v2.1/custom/models/3d085a68-c076-4924-b837-98890a5d4e62",
      "RequestMethod": "DELETE",
      "RequestHeaders": {
        "Accept": "application/json",
        "Authorization": "Sanitized",
        "traceparent": "00-a5ff7968339526ce0e3865870a72a7c0-9095a48fda3ea2b4-00",
        "User-Agent": "azsdk-net-AI.FormRecognizer/4.2.0-alpha.20241007.1 (.NET 8.0.8; Microsoft Windows 10.0.26100)",
        "x-ms-client-request-id": "Sanitized",
        "x-ms-return-client-request-id": "true"
      },
      "RequestBody": null,
      "StatusCode": 204,
      "ResponseHeaders": {
        "apim-request-id": "5b890cdb-8bbc-4a99-a644-721734267cad",
        "azure-deprecating": "API version 2.1 will retire on 2027-09-30. (https://aka.ms/Azure-Docuement-Intelligence-V2-retirement)",
        "Content-Length": "0",
        "Date": "Mon, 07 Oct 2024 22:08:33 GMT",
        "Strict-Transport-Security": "max-age=31536000; includeSubDomains; preload",
        "X-Content-Type-Options": "nosniff",
        "x-envoy-upstream-service-time": "50",
        "x-ms-region": "East US"
      },
      "ResponseBody": null
    },
    {
      "RequestUri": "https://camaiaor-localtests.cognitiveservices.azure.com/formrecognizer/v2.1/custom/models/3d085a68-c076-4924-b837-98890a5d4e62?includeKeys=true",
      "RequestMethod": "GET",
      "RequestHeaders": {
        "Accept": "application/json",
        "Authorization": "Sanitized",
        "traceparent": "00-ae82c6e882730359ee0074ae8895a284-36cd92f6f79a13bd-00",
        "User-Agent": "azsdk-net-AI.FormRecognizer/4.2.0-alpha.20241007.1 (.NET 8.0.8; Microsoft Windows 10.0.26100)",
        "x-ms-client-request-id": "Sanitized",
        "x-ms-return-client-request-id": "true"
      },
      "RequestBody": null,
      "StatusCode": 404,
      "ResponseHeaders": {
        "apim-request-id": "fb8572a9-27df-4a95-8ab3-353b1c3a429e",
        "azure-deprecating": "API version 2.1 will retire on 2027-09-30. (https://aka.ms/Azure-Docuement-Intelligence-V2-retirement)",
        "Content-Length": "101",
        "Content-Type": "application/json; charset=utf-8",
        "Date": "Mon, 07 Oct 2024 22:08:34 GMT",
        "Strict-Transport-Security": "max-age=31536000; includeSubDomains; preload",
        "X-Content-Type-Options": "nosniff",
        "x-envoy-upstream-service-time": "22",
        "x-ms-region": "East US"
      },
      "ResponseBody": {
        "error": {
          "code": "1022",
          "message": "Model with 'id=3d085a68-c076-4924-b837-98890a5d4e62' not found."
        }
      }
    }
  ],
  "Variables": {
    "ENDPOINT": "https://camaiaor-localtests.cognitiveservices.azure.com/",
    "RandomSeed": "1769104284",
    "SINGLEPAGE_BLOB_CONTAINER_SAS_URL_V2": "https://sanitized.blob.core.windows.net"
  }
}
