{
  "Entries": [
    {
      "RequestUri": "https://amandapreprod.blob.core.windows.net/test-container-7d13bb1e-7c84-b70b-4cef-76aff2ddd568?restype=container",
      "RequestMethod": "PUT",
      "RequestHeaders": {
        "Accept": "application/xml",
        "Authorization": "Sanitized",
        "Content-Length": "0",
        "traceparent": "00-a15fd0d261064d8fd97b48ae4c7c8e81-ce347fad018c775c-00",
        "User-Agent": "azsdk-net-Storage.Blobs/12.23.0-alpha.20241111.1 (.NET 6.0.35; Microsoft Windows 10.0.22635)",
        "x-ms-client-request-id": "Sanitized",
        "x-ms-date": "Mon, 11 Nov 2024 21:49:24 GMT",
        "x-ms-return-client-request-id": "true",
        "x-ms-version": "2025-01-05"
      },
      "RequestBody": null,
      "StatusCode": 201,
      "ResponseHeaders": {
        "Content-Length": "0",
        "Date": "Mon, 11 Nov 2024 21:49:26 GMT",
        "ETag": "\"0x8DD029AB6E5DD35\"",
        "Last-Modified": "Mon, 11 Nov 2024 21:49:27 GMT",
        "Server": [
          "Windows-Azure-Blob/1.0",
          "Microsoft-HTTPAPI/2.0"
        ],
        "x-ms-client-request-id": "Sanitized",
        "x-ms-request-id": "75a61071-401e-004b-5183-345ce7000000",
        "x-ms-version": "2025-01-05"
      },
      "ResponseBody": null
    },
    {
      "RequestUri": "https://amandapreprod.file.core.windows.net/test-share-293c55d2-ce77-fb4f-5743-52674c05a4fa?restype=share",
      "RequestMethod": "PUT",
      "RequestHeaders": {
        "Accept": "application/xml",
        "Authorization": "Sanitized",
        "Content-Length": "0",
        "traceparent": "00-a03622066e39877badc0270837529292-dd2a89e92a68944d-00",
        "User-Agent": "azsdk-net-Storage.Files.Shares/12.21.0-alpha.20241111.1 (.NET 6.0.35; Microsoft Windows 10.0.22635)",
        "x-ms-client-request-id": "Sanitized",
        "x-ms-date": "Mon, 11 Nov 2024 21:49:24 GMT",
        "x-ms-return-client-request-id": "true",
        "x-ms-version": "2025-01-05"
      },
      "RequestBody": null,
      "StatusCode": 201,
      "ResponseHeaders": {
        "Content-Length": "0",
        "Date": "Mon, 11 Nov 2024 21:49:26 GMT",
        "ETag": "\"0x8DD029AB6EFD067\"",
        "Last-Modified": "Mon, 11 Nov 2024 21:49:27 GMT",
        "Server": [
          "Windows-Azure-File/1.0",
          "Microsoft-HTTPAPI/2.0"
        ],
        "x-ms-client-request-id": "Sanitized",
        "x-ms-request-id": "1bb2718b-601a-004c-2f83-343084000000",
        "x-ms-version": "2025-01-05"
      },
      "ResponseBody": null
    },
    {
      "RequestUri": "https://amandapreprod.blob.core.windows.net/test-container-7d13bb1e-7c84-b70b-4cef-76aff2ddd568/sourceFolder/folder0/test-file-a8cd3b0b-86c5-2a6a-3d19-9a5adc6e0e23",
      "RequestMethod": "PUT",
      "RequestHeaders": {
        "Accept": "application/xml",
        "Authorization": "Sanitized",
        "Content-Length": "0",
        "If-None-Match": "*",
        "traceparent": "00-1c8e178762240317d5f25bbb68a14e1a-314c83cda1f9279f-00",
        "User-Agent": "azsdk-net-Storage.Blobs/12.23.0-alpha.20241111.1 (.NET 6.0.35; Microsoft Windows 10.0.22635)",
        "x-ms-blob-cache-control": "no-cache",
        "x-ms-blob-content-disposition": "inline",
        "x-ms-blob-content-language": "en-US",
        "x-ms-blob-content-length": "0",
        "x-ms-blob-content-type": "text/plain",
        "x-ms-blob-type": "PageBlob",
        "x-ms-client-request-id": "Sanitized",
        "x-ms-date": "Mon, 11 Nov 2024 21:49:24 GMT",
        "x-ms-meta-Capital": "letter",
        "x-ms-meta-foo": "bar",
        "x-ms-meta-meta": "data",
        "x-ms-meta-UPPER": "case",
        "x-ms-return-client-request-id": "true",
        "x-ms-version": "2025-01-05"
      },
      "RequestBody": null,
      "StatusCode": 201,
      "ResponseHeaders": {
        "Content-Length": "0",
        "Date": "Mon, 11 Nov 2024 21:49:26 GMT",
        "ETag": "\"0x8DD029AB6F85C41\"",
        "Last-Modified": "Mon, 11 Nov 2024 21:49:27 GMT",
        "Server": [
          "Windows-Azure-Blob/1.0",
          "Microsoft-HTTPAPI/2.0"
        ],
        "x-ms-client-request-id": "Sanitized",
        "x-ms-request-id": "75a610ac-401e-004b-0a83-345ce7000000",
        "x-ms-request-server-encrypted": "true",
        "x-ms-version": "2025-01-05"
      },
      "ResponseBody": null
    },
    {
      "RequestUri": "https://amandapreprod.file.core.windows.net/test-share-293c55d2-ce77-fb4f-5743-52674c05a4fa/destFolder?restype=directory",
      "RequestMethod": "PUT",
      "RequestHeaders": {
        "Accept": "application/xml",
        "Authorization": "Sanitized",
        "Content-Length": "0",
        "traceparent": "00-fa459b5c23d326f79655b27b45cf1a65-d8bcc0e02a53422b-00",
        "User-Agent": "azsdk-net-Storage.Files.Shares/12.21.0-alpha.20241111.1 (.NET 6.0.35; Microsoft Windows 10.0.22635)",
        "x-ms-client-request-id": "Sanitized",
        "x-ms-date": "Mon, 11 Nov 2024 21:49:24 GMT",
        "x-ms-file-attributes": "None",
        "x-ms-file-creation-time": "Now",
        "x-ms-file-last-write-time": "Now",
        "x-ms-file-permission": "Inherit",
        "x-ms-return-client-request-id": "true",
        "x-ms-version": "2025-01-05"
      },
      "RequestBody": null,
      "StatusCode": 201,
      "ResponseHeaders": {
        "Content-Length": "0",
        "Date": "Mon, 11 Nov 2024 21:49:27 GMT",
        "ETag": "\"0x8DD029AB7022861\"",
        "Last-Modified": "Mon, 11 Nov 2024 21:49:27 GMT",
        "Server": [
          "Windows-Azure-File/1.0",
          "Microsoft-HTTPAPI/2.0"
        ],
        "x-ms-client-request-id": "Sanitized",
        "x-ms-file-attributes": "Directory",
        "x-ms-file-change-time": "2024-11-11T21:49:27.5069537Z",
        "x-ms-file-creation-time": "2024-11-11T21:49:27.5069537Z",
        "x-ms-file-id": "13835128424026341376",
        "x-ms-file-last-write-time": "2024-11-11T21:49:27.5069537Z",
        "x-ms-file-parent-id": "0",
        "x-ms-file-permission-key": "8016861625448480706*547956186189310027",
        "x-ms-request-id": "1bb2718e-601a-004c-3183-343084000000",
        "x-ms-request-server-encrypted": "true",
        "x-ms-version": "2025-01-05"
      },
      "ResponseBody": null
    },
    {
      "RequestUri": "https://amandapreprod.blob.core.windows.net/test-container-7d13bb1e-7c84-b70b-4cef-76aff2ddd568?restype=container&comp=list&prefix=sourceFolder%2F&include=Metadata",
      "RequestMethod": "GET",
      "RequestHeaders": {
        "Accept": "application/xml",
        "Authorization": "Sanitized",
        "User-Agent": "azsdk-net-Storage.Blobs/12.23.0-alpha.20241111.1 (.NET 6.0.35; Microsoft Windows 10.0.22635)",
        "x-ms-client-request-id": "Sanitized",
        "x-ms-date": "Mon, 11 Nov 2024 21:49:24 GMT",
        "x-ms-return-client-request-id": "true",
        "x-ms-version": "2025-01-05"
      },
      "RequestBody": null,
      "StatusCode": 200,
      "ResponseHeaders": {
        "Content-Type": "application/xml",
        "Date": "Mon, 11 Nov 2024 21:49:27 GMT",
        "Server": [
          "Windows-Azure-Blob/1.0",
          "Microsoft-HTTPAPI/2.0"
        ],
        "Transfer-Encoding": "chunked",
        "x-ms-client-request-id": "Sanitized",
        "x-ms-request-id": "75a610e7-401e-004b-4083-345ce7000000",
        "x-ms-version": "2025-01-05"
      },
      "ResponseBody": "\uFEFF<?xml version=\"1.0\" encoding=\"utf-8\"?><EnumerationResults ServiceEndpoint=\"https://amandapreprod.blob.core.windows.net/\" ContainerName=\"test-container-7d13bb1e-7c84-b70b-4cef-76aff2ddd568\"><Prefix>sourceFolder/</Prefix><Blobs><Blob><Name>sourceFolder/folder0/test-file-a8cd3b0b-86c5-2a6a-3d19-9a5adc6e0e23</Name><Properties><Creation-Time>Mon, 11 Nov 2024 21:49:27 GMT</Creation-Time><Last-Modified>Mon, 11 Nov 2024 21:49:27 GMT</Last-Modified><Etag>0x8DD029AB6F85C41</Etag><Content-Length>0</Content-Length><Content-Type>text/plain</Content-Type><Content-Encoding /><Content-Language>en-US</Content-Language><Content-CRC64 /><Content-MD5 /><Cache-Control>no-cache</Cache-Control><Content-Disposition>inline</Content-Disposition><x-ms-blob-sequence-number>0</x-ms-blob-sequence-number><BlobType>PageBlob</BlobType><LeaseStatus>unlocked</LeaseStatus><LeaseState>available</LeaseState><ServerEncrypted>true</ServerEncrypted></Properties><Metadata><foo>bar</foo><meta>data</meta><Capital>letter</Capital><UPPER>case</UPPER></Metadata><OrMetadata /></Blob></Blobs><NextMarker /></EnumerationResults>"
    },
    {
      "RequestUri": "https://amandapreprod.file.core.windows.net/test-share-293c55d2-ce77-fb4f-5743-52674c05a4fa/destFolder/folder0?sv=Sanitized&se=2024-11-12T21%3A49%3A24Z&sr=s&sp=rcwdl&sig=Sanitized&restype=directory",
      "RequestMethod": "PUT",
      "RequestHeaders": {
        "Accept": "application/xml",
        "Content-Length": "0",
        "traceparent": "00-0a70136ba0a5b160878e5fc75691f6eb-20b0ff2bd3d67292-00",
        "User-Agent": "azsdk-net-Storage.Files.Shares/12.21.0-alpha.20241111.1 (.NET 6.0.35; Microsoft Windows 10.0.22635)",
        "x-ms-client-request-id": "Sanitized",
        "x-ms-file-attributes": "None",
        "x-ms-file-creation-time": "Now",
        "x-ms-file-last-write-time": "Now",
        "x-ms-file-permission": "Inherit",
        "x-ms-return-client-request-id": "true",
        "x-ms-version": "2025-01-05"
      },
      "RequestBody": null,
      "StatusCode": 201,
      "ResponseHeaders": {
        "Content-Length": "0",
        "Date": "Mon, 11 Nov 2024 21:49:27 GMT",
        "ETag": "\"0x8DD029AB7165CFB\"",
        "Last-Modified": "Mon, 11 Nov 2024 21:49:27 GMT",
        "Server": [
          "Windows-Azure-File/1.0",
          "Microsoft-HTTPAPI/2.0"
        ],
        "x-ms-client-request-id": "Sanitized",
        "x-ms-file-attributes": "Directory",
        "x-ms-file-change-time": "2024-11-11T21:49:27.6393723Z",
        "x-ms-file-creation-time": "2024-11-11T21:49:27.6393723Z",
        "x-ms-file-id": "11529285414812647424",
        "x-ms-file-last-write-time": "2024-11-11T21:49:27.6393723Z",
        "x-ms-file-parent-id": "13835128424026341376",
        "x-ms-file-permission-key": "8016861625448480706*547956186189310027",
        "x-ms-request-id": "1bb27190-601a-004c-3283-343084000000",
        "x-ms-request-server-encrypted": "true",
        "x-ms-version": "2025-01-05"
      },
      "ResponseBody": null
    },
    {
      "RequestUri": "https://amandapreprod.file.core.windows.net/test-share-293c55d2-ce77-fb4f-5743-52674c05a4fa/destFolder/folder0/test-file-a8cd3b0b-86c5-2a6a-3d19-9a5adc6e0e23?sv=Sanitized&se=2024-11-12T21%3A49%3A24Z&sr=s&sp=rcwdl&sig=Sanitized",
      "RequestMethod": "HEAD",
      "RequestHeaders": {
        "Accept": "application/xml",
        "traceparent": "00-9bb3eec83c2ad59aafc5b56b3edcb3b6-f44b9d67cbc2b878-00",
        "User-Agent": "azsdk-net-Storage.Files.Shares/12.21.0-alpha.20241111.1 (.NET 6.0.35; Microsoft Windows 10.0.22635)",
        "x-ms-client-request-id": "Sanitized",
        "x-ms-return-client-request-id": "true",
        "x-ms-version": "2025-01-05"
      },
      "RequestBody": null,
      "StatusCode": 404,
      "ResponseHeaders": {
        "Date": "Mon, 11 Nov 2024 21:49:27 GMT",
        "Server": [
          "Windows-Azure-File/1.0",
          "Microsoft-HTTPAPI/2.0"
        ],
        "Transfer-Encoding": "chunked",
        "x-ms-client-request-id": "Sanitized",
        "x-ms-error-code": "ResourceNotFound",
        "x-ms-request-id": "1bb27191-601a-004c-3383-343084000000",
        "x-ms-version": "2025-01-05"
      },
      "ResponseBody": null
    },
    {
      "RequestUri": "https://amandapreprod.file.core.windows.net/test-share-293c55d2-ce77-fb4f-5743-52674c05a4fa/destFolder/folder0/test-file-a8cd3b0b-86c5-2a6a-3d19-9a5adc6e0e23?sv=Sanitized&se=2024-11-12T21%3A49%3A24Z&sr=s&sp=rcwdl&sig=Sanitized",
      "RequestMethod": "PUT",
      "RequestHeaders": {
        "Accept": "application/xml",
        "Content-Length": "0",
        "traceparent": "00-750b472b0ba71ee3a02ca7804450b0cd-5e670546e8781ad1-00",
        "User-Agent": "azsdk-net-Storage.Files.Shares/12.21.0-alpha.20241111.1 (.NET 6.0.35; Microsoft Windows 10.0.22635)",
        "x-ms-cache-control": "no-cache",
        "x-ms-client-request-id": "Sanitized",
        "x-ms-content-disposition": "inline",
        "x-ms-content-encoding": "",
        "x-ms-content-language": "en-US",
        "x-ms-content-length": "0",
        "x-ms-content-type": "text/plain",
        "x-ms-file-attributes": "None",
        "x-ms-file-creation-time": "2024-11-11T21:49:27.0000000Z",
        "x-ms-file-last-write-time": "Now",
        "x-ms-file-permission": "Inherit",
        "x-ms-meta-Capital": "letter",
        "x-ms-meta-foo": "bar",
        "x-ms-meta-meta": "data",
        "x-ms-meta-UPPER": "case",
        "x-ms-return-client-request-id": "true",
        "x-ms-type": "file",
        "x-ms-version": "2025-01-05"
      },
      "RequestBody": null,
      "StatusCode": 201,
      "ResponseHeaders": {
        "Content-Length": "0",
        "Date": "Mon, 11 Nov 2024 21:49:27 GMT",
        "ETag": "\"0x8DD029AB729F601\"",
        "Last-Modified": "Mon, 11 Nov 2024 21:49:27 GMT",
        "Server": [
          "Windows-Azure-File/1.0",
          "Microsoft-HTTPAPI/2.0"
        ],
        "x-ms-client-request-id": "Sanitized",
        "x-ms-file-attributes": "Archive",
        "x-ms-file-change-time": "2024-11-11T21:49:27.7678081Z",
        "x-ms-file-creation-time": "2024-11-11T21:49:27.0000000Z",
        "x-ms-file-id": "16140971433240035328",
        "x-ms-file-last-write-time": "2024-11-11T21:49:27.7678081Z",
        "x-ms-file-parent-id": "11529285414812647424",
        "x-ms-file-permission-key": "12626496306092130501*547956186189310027",
        "x-ms-request-id": "1bb27192-601a-004c-3483-343084000000",
        "x-ms-request-server-encrypted": "true",
        "x-ms-version": "2025-01-05"
      },
      "ResponseBody": null
    },
    {
      "RequestUri": "https://amandapreprod.blob.core.windows.net/test-container-7d13bb1e-7c84-b70b-4cef-76aff2ddd568?restype=container&comp=list&prefix=sourceFolder",
      "RequestMethod": "GET",
      "RequestHeaders": {
        "Accept": "application/xml",
        "Authorization": "Sanitized",
        "traceparent": "00-ca7a6861665a01ead9262a0582455804-5df460970afe16f1-00",
        "User-Agent": "azsdk-net-Storage.Blobs/12.23.0-alpha.20241111.1 (.NET 6.0.35; Microsoft Windows 10.0.22635)",
        "x-ms-client-request-id": "Sanitized",
        "x-ms-date": "Mon, 11 Nov 2024 21:49:25 GMT",
        "x-ms-return-client-request-id": "true",
        "x-ms-version": "2025-01-05"
      },
      "RequestBody": null,
      "StatusCode": 200,
      "ResponseHeaders": {
        "Content-Type": "application/xml",
        "Date": "Mon, 11 Nov 2024 21:49:27 GMT",
        "Server": [
          "Windows-Azure-Blob/1.0",
          "Microsoft-HTTPAPI/2.0"
        ],
        "Transfer-Encoding": "chunked",
        "x-ms-client-request-id": "Sanitized",
        "x-ms-request-id": "75a61194-401e-004b-6883-345ce7000000",
        "x-ms-version": "2025-01-05"
      },
      "ResponseBody": "\uFEFF<?xml version=\"1.0\" encoding=\"utf-8\"?><EnumerationResults ServiceEndpoint=\"https://amandapreprod.blob.core.windows.net/\" ContainerName=\"test-container-7d13bb1e-7c84-b70b-4cef-76aff2ddd568\"><Prefix>sourceFolder</Prefix><Blobs><Blob><Name>sourceFolder/folder0/test-file-a8cd3b0b-86c5-2a6a-3d19-9a5adc6e0e23</Name><Properties><Creation-Time>Mon, 11 Nov 2024 21:49:27 GMT</Creation-Time><Last-Modified>Mon, 11 Nov 2024 21:49:27 GMT</Last-Modified><Etag>0x8DD029AB6F85C41</Etag><Content-Length>0</Content-Length><Content-Type>text/plain</Content-Type><Content-Encoding /><Content-Language>en-US</Content-Language><Content-CRC64 /><Content-MD5 /><Cache-Control>no-cache</Cache-Control><Content-Disposition>inline</Content-Disposition><x-ms-blob-sequence-number>0</x-ms-blob-sequence-number><BlobType>PageBlob</BlobType><LeaseStatus>unlocked</LeaseStatus><LeaseState>available</LeaseState><ServerEncrypted>true</ServerEncrypted></Properties><OrMetadata /></Blob></Blobs><NextMarker /></EnumerationResults>"
    },
    {
      "RequestUri": "https://amandapreprod.file.core.windows.net/test-share-293c55d2-ce77-fb4f-5743-52674c05a4fa/destFolder?restype=directory&comp=list",
      "RequestMethod": "GET",
      "RequestHeaders": {
        "Accept": "application/xml",
        "Authorization": "Sanitized",
        "User-Agent": "azsdk-net-Storage.Files.Shares/12.21.0-alpha.20241111.1 (.NET 6.0.35; Microsoft Windows 10.0.22635)",
        "x-ms-client-request-id": "Sanitized",
        "x-ms-date": "Mon, 11 Nov 2024 21:49:25 GMT",
        "x-ms-return-client-request-id": "true",
        "x-ms-version": "2025-01-05"
      },
      "RequestBody": null,
      "StatusCode": 200,
      "ResponseHeaders": {
        "Content-Type": "application/xml",
        "Date": "Mon, 11 Nov 2024 21:49:27 GMT",
        "Server": [
          "Windows-Azure-File/1.0",
          "Microsoft-HTTPAPI/2.0"
        ],
        "Transfer-Encoding": "chunked",
        "x-ms-client-request-id": "Sanitized",
        "x-ms-request-id": "1bb27195-601a-004c-3783-343084000000",
        "x-ms-version": "2025-01-05"
      },
      "ResponseBody": "\uFEFF<?xml version=\"1.0\" encoding=\"utf-8\"?><EnumerationResults ServiceEndpoint=\"https://amandapreprod.file.core.windows.net/\" ShareName=\"test-share-293c55d2-ce77-fb4f-5743-52674c05a4fa\" DirectoryPath=\"destFolder\"><DirectoryId>13835128424026341376</DirectoryId><Entries><Directory><Name>folder0</Name><FileId>11529285414812647424</FileId><Properties /></Directory></Entries><NextMarker /></EnumerationResults>"
    },
    {
      "RequestUri": "https://amandapreprod.file.core.windows.net/test-share-293c55d2-ce77-fb4f-5743-52674c05a4fa/destFolder/folder0?restype=directory&comp=list",
      "RequestMethod": "GET",
      "RequestHeaders": {
        "Accept": "application/xml",
        "Authorization": "Sanitized",
        "User-Agent": "azsdk-net-Storage.Files.Shares/12.21.0-alpha.20241111.1 (.NET 6.0.35; Microsoft Windows 10.0.22635)",
        "x-ms-client-request-id": "Sanitized",
        "x-ms-date": "Mon, 11 Nov 2024 21:49:25 GMT",
        "x-ms-return-client-request-id": "true",
        "x-ms-version": "2025-01-05"
      },
      "RequestBody": null,
      "StatusCode": 200,
      "ResponseHeaders": {
        "Content-Type": "application/xml",
        "Date": "Mon, 11 Nov 2024 21:49:27 GMT",
        "Server": [
          "Windows-Azure-File/1.0",
          "Microsoft-HTTPAPI/2.0"
        ],
        "Transfer-Encoding": "chunked",
        "x-ms-client-request-id": "Sanitized",
        "x-ms-request-id": "1bb27196-601a-004c-3883-343084000000",
        "x-ms-version": "2025-01-05"
      },
      "ResponseBody": "\uFEFF<?xml version=\"1.0\" encoding=\"utf-8\"?><EnumerationResults ServiceEndpoint=\"https://amandapreprod.file.core.windows.net/\" ShareName=\"test-share-293c55d2-ce77-fb4f-5743-52674c05a4fa\" DirectoryPath=\"destFolder/folder0\"><DirectoryId>11529285414812647424</DirectoryId><Entries><File><Name>test-file-a8cd3b0b-86c5-2a6a-3d19-9a5adc6e0e23</Name><FileId>16140971433240035328</FileId><Properties><Content-Length>0</Content-Length></Properties></File></Entries><NextMarker /></EnumerationResults>"
    },
    {
      "RequestUri": "https://amandapreprod.blob.core.windows.net/test-container-7d13bb1e-7c84-b70b-4cef-76aff2ddd568/sourceFolder/folder0/test-file-a8cd3b0b-86c5-2a6a-3d19-9a5adc6e0e23",
      "RequestMethod": "HEAD",
      "RequestHeaders": {
        "Accept": "application/xml",
        "Authorization": "Sanitized",
        "traceparent": "00-fa1fb47310c1848a4b419956e0f2c265-d91116156072ee67-00",
        "User-Agent": "azsdk-net-Storage.Blobs/12.23.0-alpha.20241111.1 (.NET 6.0.35; Microsoft Windows 10.0.22635)",
        "x-ms-client-request-id": "Sanitized",
        "x-ms-date": "Mon, 11 Nov 2024 21:49:25 GMT",
        "x-ms-return-client-request-id": "true",
        "x-ms-version": "2025-01-05"
      },
      "RequestBody": null,
      "StatusCode": 200,
      "ResponseHeaders": {
        "Accept-Ranges": "bytes",
        "Cache-Control": "no-cache",
        "Content-Disposition": "inline",
        "Content-Language": "en-US",
        "Content-Length": "0",
        "Content-Type": "text/plain",
        "Date": "Mon, 11 Nov 2024 21:49:27 GMT",
        "ETag": "\"0x8DD029AB6F85C41\"",
        "Last-Modified": "Mon, 11 Nov 2024 21:49:27 GMT",
        "Server": [
          "Windows-Azure-Blob/1.0",
          "Microsoft-HTTPAPI/2.0"
        ],
        "x-ms-blob-sequence-number": "0",
        "x-ms-blob-type": "PageBlob",
        "x-ms-client-request-id": "Sanitized",
        "x-ms-creation-time": "Mon, 11 Nov 2024 21:49:27 GMT",
        "x-ms-lease-state": "available",
        "x-ms-lease-status": "unlocked",
        "x-ms-meta-Capital": "letter",
        "x-ms-meta-foo": "bar",
        "x-ms-meta-meta": "data",
        "x-ms-meta-UPPER": "case",
        "x-ms-request-id": "75a611f1-401e-004b-3983-345ce7000000",
        "x-ms-server-encrypted": "true",
        "x-ms-version": "2025-01-05"
      },
      "ResponseBody": null
    },
    {
      "RequestUri": "https://amandapreprod.file.core.windows.net/test-share-293c55d2-ce77-fb4f-5743-52674c05a4fa/destFolder/folder0/test-file-a8cd3b0b-86c5-2a6a-3d19-9a5adc6e0e23",
      "RequestMethod": "HEAD",
      "RequestHeaders": {
        "Accept": "application/xml",
        "Authorization": "Sanitized",
        "traceparent": "00-1f6188a201c37166e3d37c4f4313fc23-d9b679ffb55fe060-00",
        "User-Agent": "azsdk-net-Storage.Files.Shares/12.21.0-alpha.20241111.1 (.NET 6.0.35; Microsoft Windows 10.0.22635)",
        "x-ms-client-request-id": "Sanitized",
        "x-ms-date": "Mon, 11 Nov 2024 21:49:25 GMT",
        "x-ms-return-client-request-id": "true",
        "x-ms-version": "2025-01-05"
      },
      "RequestBody": null,
      "StatusCode": 200,
      "ResponseHeaders": {
        "Cache-Control": "no-cache",
        "Content-Disposition": "inline",
        "Content-Language": "en-US",
        "Content-Length": "0",
        "Content-Type": "text/plain",
        "Date": "Mon, 11 Nov 2024 21:49:27 GMT",
        "ETag": "\"0x8DD029AB729F601\"",
        "Last-Modified": "Mon, 11 Nov 2024 21:49:27 GMT",
        "Server": [
          "Windows-Azure-File/1.0",
          "Microsoft-HTTPAPI/2.0"
        ],
        "x-ms-client-request-id": "Sanitized",
        "x-ms-file-attributes": "Archive",
        "x-ms-file-change-time": "2024-11-11T21:49:27.7678081Z",
        "x-ms-file-creation-time": "2024-11-11T21:49:27.0000000Z",
        "x-ms-file-id": "16140971433240035328",
        "x-ms-file-last-write-time": "2024-11-11T21:49:27.7678081Z",
        "x-ms-file-parent-id": "11529285414812647424",
        "x-ms-file-permission-key": "12626496306092130501*547956186189310027",
        "x-ms-lease-state": "available",
        "x-ms-lease-status": "unlocked",
        "x-ms-meta-Capital": "letter",
        "x-ms-meta-foo": "bar",
        "x-ms-meta-meta": "data",
        "x-ms-meta-UPPER": "case",
        "x-ms-request-id": "1bb27199-601a-004c-3b83-343084000000",
        "x-ms-server-encrypted": "true",
        "x-ms-type": "File",
        "x-ms-version": "2025-01-05"
      },
      "ResponseBody": null
    },
    {
      "RequestUri": "https://amandapreprod.blob.core.windows.net/test-container-7d13bb1e-7c84-b70b-4cef-76aff2ddd568/sourceFolder/folder0/test-file-a8cd3b0b-86c5-2a6a-3d19-9a5adc6e0e23",
      "RequestMethod": "HEAD",
      "RequestHeaders": {
        "Accept": "application/xml",
        "Authorization": "Sanitized",
        "traceparent": "00-c065fd9f3854572b7dd1c064cc85d957-9a7936dd186608dc-00",
        "User-Agent": "azsdk-net-Storage.Blobs/12.23.0-alpha.20241111.1 (.NET 6.0.35; Microsoft Windows 10.0.22635)",
        "x-ms-client-request-id": "Sanitized",
        "x-ms-date": "Mon, 11 Nov 2024 21:49:25 GMT",
        "x-ms-return-client-request-id": "true",
        "x-ms-version": "2025-01-05"
      },
      "RequestBody": null,
      "StatusCode": 200,
      "ResponseHeaders": {
        "Accept-Ranges": "bytes",
        "Cache-Control": "no-cache",
        "Content-Disposition": "inline",
        "Content-Language": "en-US",
        "Content-Length": "0",
        "Content-Type": "text/plain",
        "Date": "Mon, 11 Nov 2024 21:49:27 GMT",
        "ETag": "\"0x8DD029AB6F85C41\"",
        "Last-Modified": "Mon, 11 Nov 2024 21:49:27 GMT",
        "Server": [
          "Windows-Azure-Blob/1.0",
          "Microsoft-HTTPAPI/2.0"
        ],
        "x-ms-blob-sequence-number": "0",
        "x-ms-blob-type": "PageBlob",
        "x-ms-client-request-id": "Sanitized",
        "x-ms-creation-time": "Mon, 11 Nov 2024 21:49:27 GMT",
        "x-ms-lease-state": "available",
        "x-ms-lease-status": "unlocked",
        "x-ms-meta-Capital": "letter",
        "x-ms-meta-foo": "bar",
        "x-ms-meta-meta": "data",
        "x-ms-meta-UPPER": "case",
        "x-ms-request-id": "75a6122f-401e-004b-6c83-345ce7000000",
        "x-ms-server-encrypted": "true",
        "x-ms-version": "2025-01-05"
      },
      "ResponseBody": null
    },
    {
      "RequestUri": "https://amandapreprod.file.core.windows.net/test-share-293c55d2-ce77-fb4f-5743-52674c05a4fa/destFolder/folder0/test-file-a8cd3b0b-86c5-2a6a-3d19-9a5adc6e0e23",
      "RequestMethod": "HEAD",
      "RequestHeaders": {
        "Accept": "application/xml",
        "Authorization": "Sanitized",
        "traceparent": "00-5cf4432088448e36ff900aa6cbc5439d-ab8aec475fe734d5-00",
        "User-Agent": "azsdk-net-Storage.Files.Shares/12.21.0-alpha.20241111.1 (.NET 6.0.35; Microsoft Windows 10.0.22635)",
        "x-ms-client-request-id": "Sanitized",
        "x-ms-date": "Mon, 11 Nov 2024 21:49:25 GMT",
        "x-ms-return-client-request-id": "true",
        "x-ms-version": "2025-01-05"
      },
      "RequestBody": null,
      "StatusCode": 200,
      "ResponseHeaders": {
        "Cache-Control": "no-cache",
        "Content-Disposition": "inline",
        "Content-Language": "en-US",
        "Content-Length": "0",
        "Content-Type": "text/plain",
        "Date": "Mon, 11 Nov 2024 21:49:27 GMT",
        "ETag": "\"0x8DD029AB729F601\"",
        "Last-Modified": "Mon, 11 Nov 2024 21:49:27 GMT",
        "Server": [
          "Windows-Azure-File/1.0",
          "Microsoft-HTTPAPI/2.0"
        ],
        "x-ms-client-request-id": "Sanitized",
        "x-ms-file-attributes": "Archive",
        "x-ms-file-change-time": "2024-11-11T21:49:27.7678081Z",
        "x-ms-file-creation-time": "2024-11-11T21:49:27.0000000Z",
        "x-ms-file-id": "16140971433240035328",
        "x-ms-file-last-write-time": "2024-11-11T21:49:27.7678081Z",
        "x-ms-file-parent-id": "11529285414812647424",
        "x-ms-file-permission-key": "12626496306092130501*547956186189310027",
        "x-ms-lease-state": "available",
        "x-ms-lease-status": "unlocked",
        "x-ms-meta-Capital": "letter",
        "x-ms-meta-foo": "bar",
        "x-ms-meta-meta": "data",
        "x-ms-meta-UPPER": "case",
        "x-ms-request-id": "1bb2719b-601a-004c-3d83-343084000000",
        "x-ms-server-encrypted": "true",
        "x-ms-type": "File",
        "x-ms-version": "2025-01-05"
      },
      "ResponseBody": null
    },
    {
      "RequestUri": "https://amandapreprod.file.core.windows.net/test-share-293c55d2-ce77-fb4f-5743-52674c05a4fa?restype=share",
      "RequestMethod": "DELETE",
      "RequestHeaders": {
        "Accept": "application/xml",
        "Authorization": "Sanitized",
        "traceparent": "00-1a6a02a85b6e01cc7b5b2227ac253b3f-d8170d851f67ae9d-00",
        "User-Agent": "azsdk-net-Storage.Files.Shares/12.21.0-alpha.20241111.1 (.NET 6.0.35; Microsoft Windows 10.0.22635)",
        "x-ms-client-request-id": "Sanitized",
        "x-ms-date": "Mon, 11 Nov 2024 21:49:25 GMT",
        "x-ms-delete-snapshots": "include",
        "x-ms-return-client-request-id": "true",
        "x-ms-version": "2025-01-05"
      },
      "RequestBody": null,
      "StatusCode": 202,
      "ResponseHeaders": {
        "Content-Length": "0",
        "Date": "Mon, 11 Nov 2024 21:49:27 GMT",
        "Server": [
          "Windows-Azure-File/1.0",
          "Microsoft-HTTPAPI/2.0"
        ],
        "x-ms-client-request-id": "Sanitized",
        "x-ms-request-id": "1bb2719c-601a-004c-3e83-343084000000",
        "x-ms-version": "2025-01-05"
      },
      "ResponseBody": null
    },
    {
      "RequestUri": "https://amandapreprod.blob.core.windows.net/test-container-7d13bb1e-7c84-b70b-4cef-76aff2ddd568?restype=container",
      "RequestMethod": "DELETE",
      "RequestHeaders": {
        "Accept": "application/xml",
        "Authorization": "Sanitized",
        "traceparent": "00-5bc8fa67d4558d660e503eb2e7103003-7b937dff8429b107-00",
        "User-Agent": "azsdk-net-Storage.Blobs/12.23.0-alpha.20241111.1 (.NET 6.0.35; Microsoft Windows 10.0.22635)",
        "x-ms-client-request-id": "Sanitized",
        "x-ms-date": "Mon, 11 Nov 2024 21:49:25 GMT",
        "x-ms-return-client-request-id": "true",
        "x-ms-version": "2025-01-05"
      },
      "RequestBody": null,
      "StatusCode": 202,
      "ResponseHeaders": {
        "Content-Length": "0",
        "Date": "Mon, 11 Nov 2024 21:49:27 GMT",
        "Server": [
          "Windows-Azure-Blob/1.0",
          "Microsoft-HTTPAPI/2.0"
        ],
        "x-ms-client-request-id": "Sanitized",
        "x-ms-request-id": "75a61286-401e-004b-3f83-345ce7000000",
        "x-ms-version": "2025-01-05"
      },
      "ResponseBody": null
    }
  ],
  "Variables": {
    "DateTimeOffsetNow": "2024-11-11T13:49:24.8610879-08:00",
    "RandomSeed": "1180959722",
    "Storage_TestConfigDefault": "ProductionTenant\namandapreprod\nU2FuaXRpemVk\nhttps://amandapreprod.blob.core.windows.net\nhttps://amandapreprod.file.core.windows.net\nhttps://amandapreprod.queue.core.windows.net\nhttps://amandapreprod.table.core.windows.net\n\n\n\n\nhttps://amandapreprod-secondary.blob.core.windows.net\nhttps://amandapreprod-secondary.file.core.windows.net\nhttps://amandapreprod-secondary.queue.core.windows.net\nhttps://amandapreprod-secondary.table.core.windows.net\nCloud\nBlobEndpoint=https://amandapreprod.blob.core.windows.net/;QueueEndpoint=https://amandapreprod.queue.core.windows.net/;FileEndpoint=https://amandapreprod.file.core.windows.net/;BlobSecondaryEndpoint=https://amandapreprod-secondary.blob.core.windows.net/;QueueSecondaryEndpoint=https://amandapreprod-secondary.queue.core.windows.net/;FileSecondaryEndpoint=https://amandapreprod-secondary.file.core.windows.net/;AccountName=amandapreprod;AccountKey=Sanitized\nencryptionScope\n\n"
  }
}
