{
  "Entries": [
    {
      "RequestUri": "https://amandapreprod.blob.core.windows.net/test-container-16141ed6-8076-b63d-742e-dff80e87a08c?restype=container",
      "RequestMethod": "PUT",
      "RequestHeaders": {
        "Accept": "application/xml",
        "Authorization": "Sanitized",
        "Content-Length": "0",
        "traceparent": "00-9afddeac463bf90ea973ff92f2ef2ede-d3ce469b9598a61e-00",
        "User-Agent": "azsdk-net-Storage.Blobs/12.24.0-alpha.20241210.1 (.NET 6.0.36; Microsoft Windows 10.0.22635)",
        "x-ms-client-request-id": "Sanitized",
        "x-ms-date": "Tue, 10 Dec 2024 19:02:00 GMT",
        "x-ms-return-client-request-id": "true",
        "x-ms-version": "2025-05-05"
      },
      "RequestBody": null,
      "StatusCode": 201,
      "ResponseHeaders": {
        "Content-Length": "0",
        "Date": "Tue, 10 Dec 2024 19:02:00 GMT",
        "ETag": "\"0x8DD194D20A5FA30\"",
        "Last-Modified": "Tue, 10 Dec 2024 19:02:00 GMT",
        "Server": [
          "Windows-Azure-Blob/1.0",
          "Microsoft-HTTPAPI/2.0"
        ],
        "x-ms-client-request-id": "Sanitized",
        "x-ms-request-id": "6148a7b2-001e-0007-2e35-4bccd7000000",
        "x-ms-version": "2025-05-05"
      },
      "ResponseBody": null
    },
    {
      "RequestUri": "https://amandapreprod.file.core.windows.net/test-share-8003215b-417b-14f9-6d01-380d67c3e2c4?restype=share",
      "RequestMethod": "PUT",
      "RequestHeaders": {
        "Accept": "application/xml",
        "Authorization": "Sanitized",
        "Content-Length": "0",
        "traceparent": "00-d3e55fded5f3ba21508c077e16013923-09a329ab26302db9-00",
        "User-Agent": "azsdk-net-Storage.Files.Shares/12.22.0-alpha.20241210.1 (.NET 6.0.36; Microsoft Windows 10.0.22635)",
        "x-ms-client-request-id": "Sanitized",
        "x-ms-date": "Tue, 10 Dec 2024 19:02:01 GMT",
        "x-ms-return-client-request-id": "true",
        "x-ms-version": "2025-05-05"
      },
      "RequestBody": null,
      "StatusCode": 201,
      "ResponseHeaders": {
        "Content-Length": "0",
        "Date": "Tue, 10 Dec 2024 19:02:00 GMT",
        "ETag": "\"0x8DD194D20B072B0\"",
        "Last-Modified": "Tue, 10 Dec 2024 19:02:00 GMT",
        "Server": [
          "Windows-Azure-File/1.0",
          "Microsoft-HTTPAPI/2.0"
        ],
        "x-ms-client-request-id": "Sanitized",
        "x-ms-request-id": "267667a9-001a-0017-6735-4b09bf000000",
        "x-ms-version": "2025-05-05"
      },
      "ResponseBody": null
    },
    {
      "RequestUri": "https://amandapreprod.blob.core.windows.net/test-container-16141ed6-8076-b63d-742e-dff80e87a08c/sourceFolder/folder0/test-file-27796dec-bcda-3885-e116-5ad05796858f",
      "RequestMethod": "PUT",
      "RequestHeaders": {
        "Accept": "application/xml",
        "Authorization": "Sanitized",
        "Content-Length": "0",
        "If-None-Match": "*",
        "traceparent": "00-87081a09381ba5a1808c10ff1900ca35-eb6c6e79fe021e35-00",
        "User-Agent": "azsdk-net-Storage.Blobs/12.24.0-alpha.20241210.1 (.NET 6.0.36; Microsoft Windows 10.0.22635)",
        "x-ms-blob-cache-control": "no-cache",
        "x-ms-blob-content-disposition": "inline",
        "x-ms-blob-content-language": "en-US",
        "x-ms-blob-content-length": "0",
        "x-ms-blob-content-type": "text/plain",
        "x-ms-blob-type": "PageBlob",
        "x-ms-client-request-id": "Sanitized",
        "x-ms-date": "Tue, 10 Dec 2024 19:02:01 GMT",
        "x-ms-meta-Capital": "letter",
        "x-ms-meta-foo": "bar",
        "x-ms-meta-meta": "data",
        "x-ms-meta-UPPER": "case",
        "x-ms-return-client-request-id": "true",
        "x-ms-version": "2025-05-05"
      },
      "RequestBody": null,
      "StatusCode": 201,
      "ResponseHeaders": {
        "Content-Length": "0",
        "Date": "Tue, 10 Dec 2024 19:02:00 GMT",
        "ETag": "\"0x8DD194D20BA2D52\"",
        "Last-Modified": "Tue, 10 Dec 2024 19:02:00 GMT",
        "Server": [
          "Windows-Azure-Blob/1.0",
          "Microsoft-HTTPAPI/2.0"
        ],
        "x-ms-client-request-id": "Sanitized",
        "x-ms-request-id": "6148a805-001e-0007-7b35-4bccd7000000",
        "x-ms-request-server-encrypted": "true",
        "x-ms-version": "2025-05-05"
      },
      "ResponseBody": null
    },
    {
      "RequestUri": "https://amandapreprod.blob.core.windows.net/test-container-16141ed6-8076-b63d-742e-dff80e87a08c/sourceFolder/folder0/folder1/test-file-ea7d7f08-4460-bc24-5376-1fa28f2f24eb",
      "RequestMethod": "PUT",
      "RequestHeaders": {
        "Accept": "application/xml",
        "Authorization": "Sanitized",
        "Content-Length": "0",
        "If-None-Match": "*",
        "traceparent": "00-51cf201c6f75d20e7ebd0fa571f8950c-77353bb5502a8ae4-00",
        "User-Agent": "azsdk-net-Storage.Blobs/12.24.0-alpha.20241210.1 (.NET 6.0.36; Microsoft Windows 10.0.22635)",
        "x-ms-blob-cache-control": "no-cache",
        "x-ms-blob-content-disposition": "inline",
        "x-ms-blob-content-language": "en-US",
        "x-ms-blob-content-length": "0",
        "x-ms-blob-content-type": "text/plain",
        "x-ms-blob-type": "PageBlob",
        "x-ms-client-request-id": "Sanitized",
        "x-ms-date": "Tue, 10 Dec 2024 19:02:01 GMT",
        "x-ms-meta-Capital": "letter",
        "x-ms-meta-foo": "bar",
        "x-ms-meta-meta": "data",
        "x-ms-meta-UPPER": "case",
        "x-ms-return-client-request-id": "true",
        "x-ms-version": "2025-05-05"
      },
      "RequestBody": null,
      "StatusCode": 201,
      "ResponseHeaders": {
        "Content-Length": "0",
        "Date": "Tue, 10 Dec 2024 19:02:00 GMT",
        "ETag": "\"0x8DD194D20C371B4\"",
        "Last-Modified": "Tue, 10 Dec 2024 19:02:00 GMT",
        "Server": [
          "Windows-Azure-Blob/1.0",
          "Microsoft-HTTPAPI/2.0"
        ],
        "x-ms-client-request-id": "Sanitized",
        "x-ms-request-id": "6148a831-001e-0007-2735-4bccd7000000",
        "x-ms-request-server-encrypted": "true",
        "x-ms-version": "2025-05-05"
      },
      "ResponseBody": null
    },
    {
      "RequestUri": "https://amandapreprod.file.core.windows.net/test-share-8003215b-417b-14f9-6d01-380d67c3e2c4/destFolder?restype=directory",
      "RequestMethod": "PUT",
      "RequestHeaders": {
        "Accept": "application/xml",
        "Authorization": "Sanitized",
        "Content-Length": "0",
        "traceparent": "00-880537ccebceaa99d83d1598ca324f8e-73de2093e2ef33c9-00",
        "User-Agent": "azsdk-net-Storage.Files.Shares/12.22.0-alpha.20241210.1 (.NET 6.0.36; Microsoft Windows 10.0.22635)",
        "x-ms-client-request-id": "Sanitized",
        "x-ms-date": "Tue, 10 Dec 2024 19:02:01 GMT",
        "x-ms-return-client-request-id": "true",
        "x-ms-version": "2025-05-05"
      },
      "RequestBody": null,
      "StatusCode": 201,
      "ResponseHeaders": {
        "Content-Length": "0",
        "Date": "Tue, 10 Dec 2024 19:02:00 GMT",
        "ETag": "\"0x8DD194D20CD081C\"",
        "Last-Modified": "Tue, 10 Dec 2024 19:02:00 GMT",
        "Server": [
          "Windows-Azure-File/1.0",
          "Microsoft-HTTPAPI/2.0"
        ],
        "x-ms-client-request-id": "Sanitized",
        "x-ms-file-attributes": "Directory",
        "x-ms-file-change-time": "2024-12-10T19:02:00.9962524Z",
        "x-ms-file-creation-time": "2024-12-10T19:02:00.9962524Z",
        "x-ms-file-id": "13835128424026341376",
        "x-ms-file-last-write-time": "2024-12-10T19:02:00.9962524Z",
        "x-ms-file-parent-id": "0",
        "x-ms-file-permission-key": "8016861625448480706*547956186189310027",
        "x-ms-request-id": "267667ab-001a-0017-6835-4b09bf000000",
        "x-ms-request-server-encrypted": "true",
        "x-ms-version": "2025-05-05"
      },
      "ResponseBody": null
    },
    {
      "RequestUri": "https://amandapreprod.blob.core.windows.net/test-container-16141ed6-8076-b63d-742e-dff80e87a08c?restype=container&comp=list&prefix=sourceFolder%2F&include=Metadata",
      "RequestMethod": "GET",
      "RequestHeaders": {
        "Accept": "application/xml",
        "Authorization": "Sanitized",
        "User-Agent": "azsdk-net-Storage.Blobs/12.24.0-alpha.20241210.1 (.NET 6.0.36; Microsoft Windows 10.0.22635)",
        "x-ms-client-request-id": "Sanitized",
        "x-ms-date": "Tue, 10 Dec 2024 19:02:01 GMT",
        "x-ms-return-client-request-id": "true",
        "x-ms-version": "2025-05-05"
      },
      "RequestBody": null,
      "StatusCode": 200,
      "ResponseHeaders": {
        "Content-Type": "application/xml",
        "Date": "Tue, 10 Dec 2024 19:02:00 GMT",
        "Server": [
          "Windows-Azure-Blob/1.0",
          "Microsoft-HTTPAPI/2.0"
        ],
        "Transfer-Encoding": "chunked",
        "x-ms-client-request-id": "Sanitized",
        "x-ms-request-id": "6148a885-001e-0007-7135-4bccd7000000",
        "x-ms-version": "2025-05-05"
      },
      "ResponseBody": "\uFEFF<?xml version=\"1.0\" encoding=\"utf-8\"?><EnumerationResults ServiceEndpoint=\"https://amandapreprod.blob.core.windows.net/\" ContainerName=\"test-container-16141ed6-8076-b63d-742e-dff80e87a08c\"><Prefix>sourceFolder/</Prefix><Blobs><Blob><Name>sourceFolder/folder0/folder1/test-file-ea7d7f08-4460-bc24-5376-1fa28f2f24eb</Name><Properties><Creation-Time>Tue, 10 Dec 2024 19:02:00 GMT</Creation-Time><Last-Modified>Tue, 10 Dec 2024 19:02:00 GMT</Last-Modified><Etag>0x8DD194D20C371B4</Etag><Content-Length>0</Content-Length><Content-Type>text/plain</Content-Type><Content-Encoding /><Content-Language>en-US</Content-Language><Content-CRC64 /><Content-MD5 /><Cache-Control>no-cache</Cache-Control><Content-Disposition>inline</Content-Disposition><x-ms-blob-sequence-number>0</x-ms-blob-sequence-number><BlobType>PageBlob</BlobType><LeaseStatus>unlocked</LeaseStatus><LeaseState>available</LeaseState><ServerEncrypted>true</ServerEncrypted></Properties><Metadata><foo>bar</foo><meta>data</meta><Capital>letter</Capital><UPPER>case</UPPER></Metadata><OrMetadata /></Blob><Blob><Name>sourceFolder/folder0/test-file-27796dec-bcda-3885-e116-5ad05796858f</Name><Properties><Creation-Time>Tue, 10 Dec 2024 19:02:00 GMT</Creation-Time><Last-Modified>Tue, 10 Dec 2024 19:02:00 GMT</Last-Modified><Etag>0x8DD194D20BA2D52</Etag><Content-Length>0</Content-Length><Content-Type>text/plain</Content-Type><Content-Encoding /><Content-Language>en-US</Content-Language><Content-CRC64 /><Content-MD5 /><Cache-Control>no-cache</Cache-Control><Content-Disposition>inline</Content-Disposition><x-ms-blob-sequence-number>0</x-ms-blob-sequence-number><BlobType>PageBlob</BlobType><LeaseStatus>unlocked</LeaseStatus><LeaseState>available</LeaseState><ServerEncrypted>true</ServerEncrypted></Properties><Metadata><foo>bar</foo><meta>data</meta><Capital>letter</Capital><UPPER>case</UPPER></Metadata><OrMetadata /></Blob></Blobs><NextMarker /></EnumerationResults>"
    },
    {
      "RequestUri": "https://amandapreprod.file.core.windows.net/test-share-8003215b-417b-14f9-6d01-380d67c3e2c4/destFolder/folder0?sv=Sanitized&se=2024-12-11T19%3A02%3A01Z&sr=s&sp=rcwdl&sig=Sanitized&restype=directory",
      "RequestMethod": "PUT",
      "RequestHeaders": {
        "Accept": "application/xml",
        "Content-Length": "0",
        "traceparent": "00-879bf2245e8d255d461bec24cf3b11b3-5e52c075ad084b96-00",
        "User-Agent": "azsdk-net-Storage.Files.Shares/12.22.0-alpha.20241210.1 (.NET 6.0.36; Microsoft Windows 10.0.22635)",
        "x-ms-client-request-id": "Sanitized",
        "x-ms-return-client-request-id": "true",
        "x-ms-version": "2025-05-05"
      },
      "RequestBody": null,
      "StatusCode": 201,
      "ResponseHeaders": {
        "Content-Length": "0",
        "Date": "Tue, 10 Dec 2024 19:02:00 GMT",
        "ETag": "\"0x8DD194D20E4469F\"",
        "Last-Modified": "Tue, 10 Dec 2024 19:02:01 GMT",
        "Server": [
          "Windows-Azure-File/1.0",
          "Microsoft-HTTPAPI/2.0"
        ],
        "x-ms-client-request-id": "Sanitized",
        "x-ms-file-attributes": "Directory",
        "x-ms-file-change-time": "2024-12-10T19:02:01.1485855Z",
        "x-ms-file-creation-time": "2024-12-10T19:02:01.1485855Z",
        "x-ms-file-id": "11529285414812647424",
        "x-ms-file-last-write-time": "2024-12-10T19:02:01.1485855Z",
        "x-ms-file-parent-id": "13835128424026341376",
        "x-ms-file-permission-key": "8016861625448480706*547956186189310027",
        "x-ms-request-id": "267667ac-001a-0017-6935-4b09bf000000",
        "x-ms-request-server-encrypted": "true",
        "x-ms-version": "2025-05-05"
      },
      "ResponseBody": null
    },
    {
      "RequestUri": "https://amandapreprod.file.core.windows.net/test-share-8003215b-417b-14f9-6d01-380d67c3e2c4/destFolder/folder0/folder1?sv=Sanitized&se=2024-12-11T19%3A02%3A01Z&sr=s&sp=rcwdl&sig=Sanitized&restype=directory",
      "RequestMethod": "PUT",
      "RequestHeaders": {
        "Accept": "application/xml",
        "Content-Length": "0",
        "traceparent": "00-995876c21d4ee240b08bf0769e5cf6bf-c462ad63d4c11add-00",
        "User-Agent": "azsdk-net-Storage.Files.Shares/12.22.0-alpha.20241210.1 (.NET 6.0.36; Microsoft Windows 10.0.22635)",
        "x-ms-client-request-id": "Sanitized",
        "x-ms-return-client-request-id": "true",
        "x-ms-version": "2025-05-05"
      },
      "RequestBody": null,
      "StatusCode": 201,
      "ResponseHeaders": {
        "Content-Length": "0",
        "Date": "Tue, 10 Dec 2024 19:02:01 GMT",
        "ETag": "\"0x8DD194D20ED8B03\"",
        "Last-Modified": "Tue, 10 Dec 2024 19:02:01 GMT",
        "Server": [
          "Windows-Azure-File/1.0",
          "Microsoft-HTTPAPI/2.0"
        ],
        "x-ms-client-request-id": "Sanitized",
        "x-ms-file-attributes": "Directory",
        "x-ms-file-change-time": "2024-12-10T19:02:01.2093187Z",
        "x-ms-file-creation-time": "2024-12-10T19:02:01.2093187Z",
        "x-ms-file-id": "16140971433240035328",
        "x-ms-file-last-write-time": "2024-12-10T19:02:01.2093187Z",
        "x-ms-file-parent-id": "11529285414812647424",
        "x-ms-file-permission-key": "8016861625448480706*547956186189310027",
        "x-ms-request-id": "267667ad-001a-0017-6a35-4b09bf000000",
        "x-ms-request-server-encrypted": "true",
        "x-ms-version": "2025-05-05"
      },
      "ResponseBody": null
    },
    {
      "RequestUri": "https://amandapreprod.file.core.windows.net/test-share-8003215b-417b-14f9-6d01-380d67c3e2c4/destFolder/folder0/folder1/test-file-ea7d7f08-4460-bc24-5376-1fa28f2f24eb?sv=Sanitized&se=2024-12-11T19%3A02%3A01Z&sr=s&sp=rcwdl&sig=Sanitized",
      "RequestMethod": "HEAD",
      "RequestHeaders": {
        "Accept": "application/xml",
        "traceparent": "00-ffb2c6fe66745267c54ac707b6b4a5a8-22853cee14d950d9-00",
        "User-Agent": "azsdk-net-Storage.Files.Shares/12.22.0-alpha.20241210.1 (.NET 6.0.36; Microsoft Windows 10.0.22635)",
        "x-ms-client-request-id": "Sanitized",
        "x-ms-return-client-request-id": "true",
        "x-ms-version": "2025-05-05"
      },
      "RequestBody": null,
      "StatusCode": 404,
      "ResponseHeaders": {
        "Date": "Tue, 10 Dec 2024 19:02:01 GMT",
        "Server": [
          "Windows-Azure-File/1.0",
          "Microsoft-HTTPAPI/2.0"
        ],
        "Transfer-Encoding": "chunked",
        "x-ms-client-request-id": "Sanitized",
        "x-ms-error-code": "ResourceNotFound",
        "x-ms-request-id": "267667ae-001a-0017-6b35-4b09bf000000",
        "x-ms-version": "2025-05-05"
      },
      "ResponseBody": null
    },
    {
      "RequestUri": "https://amandapreprod.file.core.windows.net/test-share-8003215b-417b-14f9-6d01-380d67c3e2c4/destFolder/folder0/test-file-27796dec-bcda-3885-e116-5ad05796858f?sv=Sanitized&se=2024-12-11T19%3A02%3A01Z&sr=s&sp=rcwdl&sig=Sanitized",
      "RequestMethod": "HEAD",
      "RequestHeaders": {
        "Accept": "application/xml",
        "traceparent": "00-39e70e00d94f09120ab20b98539229e2-287aea8f62d87fec-00",
        "User-Agent": "azsdk-net-Storage.Files.Shares/12.22.0-alpha.20241210.1 (.NET 6.0.36; Microsoft Windows 10.0.22635)",
        "x-ms-client-request-id": "Sanitized",
        "x-ms-return-client-request-id": "true",
        "x-ms-version": "2025-05-05"
      },
      "RequestBody": null,
      "StatusCode": 404,
      "ResponseHeaders": {
        "Date": "Tue, 10 Dec 2024 19:02:00 GMT",
        "Server": [
          "Windows-Azure-File/1.0",
          "Microsoft-HTTPAPI/2.0"
        ],
        "Transfer-Encoding": "chunked",
        "x-ms-client-request-id": "Sanitized",
        "x-ms-error-code": "ResourceNotFound",
        "x-ms-request-id": "376299fd-401a-0006-1035-4b930b000000",
        "x-ms-version": "2025-05-05"
      },
      "ResponseBody": null
    },
    {
      "RequestUri": "https://amandapreprod.file.core.windows.net/test-share-8003215b-417b-14f9-6d01-380d67c3e2c4/destFolder/folder0/folder1/test-file-ea7d7f08-4460-bc24-5376-1fa28f2f24eb?sv=Sanitized&se=2024-12-11T19%3A02%3A01Z&sr=s&sp=rcwdl&sig=Sanitized",
      "RequestMethod": "PUT",
      "RequestHeaders": {
        "Accept": "application/xml",
        "Content-Length": "0",
        "traceparent": "00-cb4ea643d2e87d34fd46f3c5013d90f0-fcd2790aaf93d24e-00",
        "User-Agent": "azsdk-net-Storage.Files.Shares/12.22.0-alpha.20241210.1 (.NET 6.0.36; Microsoft Windows 10.0.22635)",
        "x-ms-cache-control": "no-cache",
        "x-ms-client-request-id": "Sanitized",
        "x-ms-content-disposition": "inline",
        "x-ms-content-encoding": "",
        "x-ms-content-language": "en-US",
        "x-ms-content-length": "0",
        "x-ms-content-type": "text/plain",
        "x-ms-file-creation-time": "2024-12-10T19:02:00.0000000Z",
        "x-ms-meta-Capital": "letter",
        "x-ms-meta-foo": "bar",
        "x-ms-meta-meta": "data",
        "x-ms-meta-UPPER": "case",
        "x-ms-return-client-request-id": "true",
        "x-ms-type": "file",
        "x-ms-version": "2025-05-05"
      },
      "RequestBody": null,
      "StatusCode": 201,
      "ResponseHeaders": {
        "Content-Length": "0",
        "Date": "Tue, 10 Dec 2024 19:02:01 GMT",
        "ETag": "\"0x8DD194D2103925F\"",
        "Last-Modified": "Tue, 10 Dec 2024 19:02:01 GMT",
        "Server": [
          "Windows-Azure-File/1.0",
          "Microsoft-HTTPAPI/2.0"
        ],
        "x-ms-client-request-id": "Sanitized",
        "x-ms-file-attributes": "Archive",
        "x-ms-file-change-time": "2024-12-10T19:02:01.3536863Z",
        "x-ms-file-creation-time": "2024-12-10T19:02:00.0000000Z",
        "x-ms-file-id": "10376363910205800448",
        "x-ms-file-last-write-time": "2024-12-10T19:02:01.3536863Z",
        "x-ms-file-parent-id": "16140971433240035328",
        "x-ms-file-permission-key": "12626496306092130501*547956186189310027",
        "x-ms-request-id": "267667af-001a-0017-6c35-4b09bf000000",
        "x-ms-request-server-encrypted": "true",
        "x-ms-version": "2025-05-05"
      },
      "ResponseBody": null
    },
    {
      "RequestUri": "https://amandapreprod.file.core.windows.net/test-share-8003215b-417b-14f9-6d01-380d67c3e2c4/destFolder/folder0/test-file-27796dec-bcda-3885-e116-5ad05796858f?sv=Sanitized&se=2024-12-11T19%3A02%3A01Z&sr=s&sp=rcwdl&sig=Sanitized",
      "RequestMethod": "PUT",
      "RequestHeaders": {
        "Accept": "application/xml",
        "Content-Length": "0",
        "traceparent": "00-4ea1fd97aa92bb605b577c8a1ecac54d-a49904422d79e584-00",
        "User-Agent": "azsdk-net-Storage.Files.Shares/12.22.0-alpha.20241210.1 (.NET 6.0.36; Microsoft Windows 10.0.22635)",
        "x-ms-cache-control": "no-cache",
        "x-ms-client-request-id": "Sanitized",
        "x-ms-content-disposition": "inline",
        "x-ms-content-encoding": "",
        "x-ms-content-language": "en-US",
        "x-ms-content-length": "0",
        "x-ms-content-type": "text/plain",
        "x-ms-file-creation-time": "2024-12-10T19:02:00.0000000Z",
        "x-ms-meta-Capital": "letter",
        "x-ms-meta-foo": "bar",
        "x-ms-meta-meta": "data",
        "x-ms-meta-UPPER": "case",
        "x-ms-return-client-request-id": "true",
        "x-ms-type": "file",
        "x-ms-version": "2025-05-05"
      },
      "RequestBody": null,
      "StatusCode": 201,
      "ResponseHeaders": {
        "Content-Length": "0",
        "Date": "Tue, 10 Dec 2024 19:02:00 GMT",
        "ETag": "\"0x8DD194D2103B943\"",
        "Last-Modified": "Tue, 10 Dec 2024 19:02:01 GMT",
        "Server": [
          "Windows-Azure-File/1.0",
          "Microsoft-HTTPAPI/2.0"
        ],
        "x-ms-client-request-id": "Sanitized",
        "x-ms-file-attributes": "Archive",
        "x-ms-file-change-time": "2024-12-10T19:02:01.3546819Z",
        "x-ms-file-creation-time": "2024-12-10T19:02:00.0000000Z",
        "x-ms-file-id": "13835093239654252544",
        "x-ms-file-last-write-time": "2024-12-10T19:02:01.3546819Z",
        "x-ms-file-parent-id": "11529285414812647424",
        "x-ms-file-permission-key": "12626496306092130501*547956186189310027",
        "x-ms-request-id": "376299ff-401a-0006-1135-4b930b000000",
        "x-ms-request-server-encrypted": "true",
        "x-ms-version": "2025-05-05"
      },
      "ResponseBody": null
    },
    {
      "RequestUri": "https://amandapreprod.blob.core.windows.net/test-container-16141ed6-8076-b63d-742e-dff80e87a08c?restype=container&comp=list&prefix=sourceFolder",
      "RequestMethod": "GET",
      "RequestHeaders": {
        "Accept": "application/xml",
        "Authorization": "Sanitized",
        "traceparent": "00-69a09a914b2e2645b957d3eea598c8c0-624264d96b5d15ef-00",
        "User-Agent": "azsdk-net-Storage.Blobs/12.24.0-alpha.20241210.1 (.NET 6.0.36; Microsoft Windows 10.0.22635)",
        "x-ms-client-request-id": "Sanitized",
        "x-ms-date": "Tue, 10 Dec 2024 19:02:01 GMT",
        "x-ms-return-client-request-id": "true",
        "x-ms-version": "2025-05-05"
      },
      "RequestBody": null,
      "StatusCode": 200,
      "ResponseHeaders": {
        "Content-Type": "application/xml",
        "Date": "Tue, 10 Dec 2024 19:02:00 GMT",
        "Server": [
          "Windows-Azure-Blob/1.0",
          "Microsoft-HTTPAPI/2.0"
        ],
        "Transfer-Encoding": "chunked",
        "x-ms-client-request-id": "Sanitized",
        "x-ms-request-id": "6148a979-001e-0007-5a35-4bccd7000000",
        "x-ms-version": "2025-05-05"
      },
      "ResponseBody": "\uFEFF<?xml version=\"1.0\" encoding=\"utf-8\"?><EnumerationResults ServiceEndpoint=\"https://amandapreprod.blob.core.windows.net/\" ContainerName=\"test-container-16141ed6-8076-b63d-742e-dff80e87a08c\"><Prefix>sourceFolder</Prefix><Blobs><Blob><Name>sourceFolder/folder0/folder1/test-file-ea7d7f08-4460-bc24-5376-1fa28f2f24eb</Name><Properties><Creation-Time>Tue, 10 Dec 2024 19:02:00 GMT</Creation-Time><Last-Modified>Tue, 10 Dec 2024 19:02:00 GMT</Last-Modified><Etag>0x8DD194D20C371B4</Etag><Content-Length>0</Content-Length><Content-Type>text/plain</Content-Type><Content-Encoding /><Content-Language>en-US</Content-Language><Content-CRC64 /><Content-MD5 /><Cache-Control>no-cache</Cache-Control><Content-Disposition>inline</Content-Disposition><x-ms-blob-sequence-number>0</x-ms-blob-sequence-number><BlobType>PageBlob</BlobType><LeaseStatus>unlocked</LeaseStatus><LeaseState>available</LeaseState><ServerEncrypted>true</ServerEncrypted></Properties><OrMetadata /></Blob><Blob><Name>sourceFolder/folder0/test-file-27796dec-bcda-3885-e116-5ad05796858f</Name><Properties><Creation-Time>Tue, 10 Dec 2024 19:02:00 GMT</Creation-Time><Last-Modified>Tue, 10 Dec 2024 19:02:00 GMT</Last-Modified><Etag>0x8DD194D20BA2D52</Etag><Content-Length>0</Content-Length><Content-Type>text/plain</Content-Type><Content-Encoding /><Content-Language>en-US</Content-Language><Content-CRC64 /><Content-MD5 /><Cache-Control>no-cache</Cache-Control><Content-Disposition>inline</Content-Disposition><x-ms-blob-sequence-number>0</x-ms-blob-sequence-number><BlobType>PageBlob</BlobType><LeaseStatus>unlocked</LeaseStatus><LeaseState>available</LeaseState><ServerEncrypted>true</ServerEncrypted></Properties><OrMetadata /></Blob></Blobs><NextMarker /></EnumerationResults>"
    },
    {
      "RequestUri": "https://amandapreprod.file.core.windows.net/test-share-8003215b-417b-14f9-6d01-380d67c3e2c4/destFolder?restype=directory&comp=list",
      "RequestMethod": "GET",
      "RequestHeaders": {
        "Accept": "application/xml",
        "Authorization": "Sanitized",
        "User-Agent": "azsdk-net-Storage.Files.Shares/12.22.0-alpha.20241210.1 (.NET 6.0.36; Microsoft Windows 10.0.22635)",
        "x-ms-client-request-id": "Sanitized",
        "x-ms-date": "Tue, 10 Dec 2024 19:02:01 GMT",
        "x-ms-return-client-request-id": "true",
        "x-ms-version": "2025-05-05"
      },
      "RequestBody": null,
      "StatusCode": 200,
      "ResponseHeaders": {
        "Content-Type": "application/xml",
        "Date": "Tue, 10 Dec 2024 19:02:00 GMT",
        "Server": [
          "Windows-Azure-File/1.0",
          "Microsoft-HTTPAPI/2.0"
        ],
        "Transfer-Encoding": "chunked",
        "x-ms-client-request-id": "Sanitized",
        "x-ms-request-id": "37629a00-401a-0006-1235-4b930b000000",
        "x-ms-version": "2025-05-05"
      },
      "ResponseBody": "\uFEFF<?xml version=\"1.0\" encoding=\"utf-8\"?><EnumerationResults ServiceEndpoint=\"https://amandapreprod.file.core.windows.net/\" ShareName=\"test-share-8003215b-417b-14f9-6d01-380d67c3e2c4\" DirectoryPath=\"destFolder\"><DirectoryId>13835128424026341376</DirectoryId><Entries><Directory><Name>folder0</Name><FileId>11529285414812647424</FileId><Properties /></Directory></Entries><NextMarker /></EnumerationResults>"
    },
    {
      "RequestUri": "https://amandapreprod.file.core.windows.net/test-share-8003215b-417b-14f9-6d01-380d67c3e2c4/destFolder/folder0?restype=directory&comp=list",
      "RequestMethod": "GET",
      "RequestHeaders": {
        "Accept": "application/xml",
        "Authorization": "Sanitized",
        "User-Agent": "azsdk-net-Storage.Files.Shares/12.22.0-alpha.20241210.1 (.NET 6.0.36; Microsoft Windows 10.0.22635)",
        "x-ms-client-request-id": "Sanitized",
        "x-ms-date": "Tue, 10 Dec 2024 19:02:01 GMT",
        "x-ms-return-client-request-id": "true",
        "x-ms-version": "2025-05-05"
      },
      "RequestBody": null,
      "StatusCode": 200,
      "ResponseHeaders": {
        "Content-Type": "application/xml",
        "Date": "Tue, 10 Dec 2024 19:02:00 GMT",
        "Server": [
          "Windows-Azure-File/1.0",
          "Microsoft-HTTPAPI/2.0"
        ],
        "Transfer-Encoding": "chunked",
        "x-ms-client-request-id": "Sanitized",
        "x-ms-request-id": "37629a01-401a-0006-1335-4b930b000000",
        "x-ms-version": "2025-05-05"
      },
      "ResponseBody": "\uFEFF<?xml version=\"1.0\" encoding=\"utf-8\"?><EnumerationResults ServiceEndpoint=\"https://amandapreprod.file.core.windows.net/\" ShareName=\"test-share-8003215b-417b-14f9-6d01-380d67c3e2c4\" DirectoryPath=\"destFolder/folder0\"><DirectoryId>11529285414812647424</DirectoryId><Entries><Directory><Name>folder1</Name><FileId>16140971433240035328</FileId><Properties /></Directory><File><Name>test-file-27796dec-bcda-3885-e116-5ad05796858f</Name><FileId>13835093239654252544</FileId><Properties><Content-Length>0</Content-Length></Properties></File></Entries><NextMarker /></EnumerationResults>"
    },
    {
      "RequestUri": "https://amandapreprod.file.core.windows.net/test-share-8003215b-417b-14f9-6d01-380d67c3e2c4/destFolder/folder0/folder1?restype=directory&comp=list",
      "RequestMethod": "GET",
      "RequestHeaders": {
        "Accept": "application/xml",
        "Authorization": "Sanitized",
        "User-Agent": "azsdk-net-Storage.Files.Shares/12.22.0-alpha.20241210.1 (.NET 6.0.36; Microsoft Windows 10.0.22635)",
        "x-ms-client-request-id": "Sanitized",
        "x-ms-date": "Tue, 10 Dec 2024 19:02:01 GMT",
        "x-ms-return-client-request-id": "true",
        "x-ms-version": "2025-05-05"
      },
      "RequestBody": null,
      "StatusCode": 200,
      "ResponseHeaders": {
        "Content-Type": "application/xml",
        "Date": "Tue, 10 Dec 2024 19:02:00 GMT",
        "Server": [
          "Windows-Azure-File/1.0",
          "Microsoft-HTTPAPI/2.0"
        ],
        "Transfer-Encoding": "chunked",
        "x-ms-client-request-id": "Sanitized",
        "x-ms-request-id": "37629a02-401a-0006-1435-4b930b000000",
        "x-ms-version": "2025-05-05"
      },
      "ResponseBody": "\uFEFF<?xml version=\"1.0\" encoding=\"utf-8\"?><EnumerationResults ServiceEndpoint=\"https://amandapreprod.file.core.windows.net/\" ShareName=\"test-share-8003215b-417b-14f9-6d01-380d67c3e2c4\" DirectoryPath=\"destFolder/folder0/folder1\"><DirectoryId>16140971433240035328</DirectoryId><Entries><File><Name>test-file-ea7d7f08-4460-bc24-5376-1fa28f2f24eb</Name><FileId>10376363910205800448</FileId><Properties><Content-Length>0</Content-Length></Properties></File></Entries><NextMarker /></EnumerationResults>"
    },
    {
      "RequestUri": "https://amandapreprod.blob.core.windows.net/test-container-16141ed6-8076-b63d-742e-dff80e87a08c/sourceFolder/folder0/folder1/test-file-ea7d7f08-4460-bc24-5376-1fa28f2f24eb",
      "RequestMethod": "HEAD",
      "RequestHeaders": {
        "Accept": "application/xml",
        "Authorization": "Sanitized",
        "traceparent": "00-879b7f3234f21f14a9a713c1b3f6889d-2decddb7ed43733a-00",
        "User-Agent": "azsdk-net-Storage.Blobs/12.24.0-alpha.20241210.1 (.NET 6.0.36; Microsoft Windows 10.0.22635)",
        "x-ms-client-request-id": "Sanitized",
        "x-ms-date": "Tue, 10 Dec 2024 19:02:02 GMT",
        "x-ms-return-client-request-id": "true",
        "x-ms-version": "2025-05-05"
      },
      "RequestBody": null,
      "StatusCode": 200,
      "ResponseHeaders": {
        "Accept-Ranges": "bytes",
        "Cache-Control": "no-cache",
        "Content-Disposition": "inline",
        "Content-Language": "en-US",
        "Content-Length": "0",
        "Content-Type": "text/plain",
        "Date": "Tue, 10 Dec 2024 19:02:01 GMT",
        "ETag": "\"0x8DD194D20C371B4\"",
        "Last-Modified": "Tue, 10 Dec 2024 19:02:00 GMT",
        "Server": [
          "Windows-Azure-Blob/1.0",
          "Microsoft-HTTPAPI/2.0"
        ],
        "x-ms-blob-sequence-number": "0",
        "x-ms-blob-type": "PageBlob",
        "x-ms-client-request-id": "Sanitized",
        "x-ms-creation-time": "Tue, 10 Dec 2024 19:02:00 GMT",
        "x-ms-lease-state": "available",
        "x-ms-lease-status": "unlocked",
        "x-ms-meta-Capital": "letter",
        "x-ms-meta-foo": "bar",
        "x-ms-meta-meta": "data",
        "x-ms-meta-UPPER": "case",
        "x-ms-request-id": "6148aa18-001e-0007-7635-4bccd7000000",
        "x-ms-server-encrypted": "true",
        "x-ms-version": "2025-05-05"
      },
      "ResponseBody": null
    },
    {
      "RequestUri": "https://amandapreprod.file.core.windows.net/test-share-8003215b-417b-14f9-6d01-380d67c3e2c4/destFolder/folder0/folder1/test-file-ea7d7f08-4460-bc24-5376-1fa28f2f24eb",
      "RequestMethod": "HEAD",
      "RequestHeaders": {
        "Accept": "application/xml",
        "Authorization": "Sanitized",
        "traceparent": "00-ee332a6a62f8ad083d93f104d673fbcc-5a6f02caf017986b-00",
        "User-Agent": "azsdk-net-Storage.Files.Shares/12.22.0-alpha.20241210.1 (.NET 6.0.36; Microsoft Windows 10.0.22635)",
        "x-ms-client-request-id": "Sanitized",
        "x-ms-date": "Tue, 10 Dec 2024 19:02:02 GMT",
        "x-ms-return-client-request-id": "true",
        "x-ms-version": "2025-05-05"
      },
      "RequestBody": null,
      "StatusCode": 200,
      "ResponseHeaders": {
        "Cache-Control": "no-cache",
        "Content-Disposition": "inline",
        "Content-Language": "en-US",
        "Content-Length": "0",
        "Content-Type": "text/plain",
        "Date": "Tue, 10 Dec 2024 19:02:00 GMT",
        "ETag": "\"0x8DD194D2103925F\"",
        "Last-Modified": "Tue, 10 Dec 2024 19:02:01 GMT",
        "Server": [
          "Windows-Azure-File/1.0",
          "Microsoft-HTTPAPI/2.0"
        ],
        "x-ms-client-request-id": "Sanitized",
        "x-ms-file-attributes": "Archive",
        "x-ms-file-change-time": "2024-12-10T19:02:01.3536863Z",
        "x-ms-file-creation-time": "2024-12-10T19:02:00.0000000Z",
        "x-ms-file-id": "10376363910205800448",
        "x-ms-file-last-write-time": "2024-12-10T19:02:01.3536863Z",
        "x-ms-file-parent-id": "16140971433240035328",
        "x-ms-file-permission-key": "12626496306092130501*547956186189310027",
        "x-ms-lease-state": "available",
        "x-ms-lease-status": "unlocked",
        "x-ms-meta-Capital": "letter",
        "x-ms-meta-foo": "bar",
        "x-ms-meta-meta": "data",
        "x-ms-meta-UPPER": "case",
        "x-ms-request-id": "37629a03-401a-0006-1535-4b930b000000",
        "x-ms-server-encrypted": "true",
        "x-ms-type": "File",
        "x-ms-version": "2025-05-05"
      },
      "ResponseBody": null
    },
    {
      "RequestUri": "https://amandapreprod.blob.core.windows.net/test-container-16141ed6-8076-b63d-742e-dff80e87a08c/sourceFolder/folder0/folder1/test-file-ea7d7f08-4460-bc24-5376-1fa28f2f24eb",
      "RequestMethod": "HEAD",
      "RequestHeaders": {
        "Accept": "application/xml",
        "Authorization": "Sanitized",
        "traceparent": "00-6bff1a3eb3e7122ce0d0ba0f01d9ffd3-c91534cb2908f7a7-00",
        "User-Agent": "azsdk-net-Storage.Blobs/12.24.0-alpha.20241210.1 (.NET 6.0.36; Microsoft Windows 10.0.22635)",
        "x-ms-client-request-id": "Sanitized",
        "x-ms-date": "Tue, 10 Dec 2024 19:02:02 GMT",
        "x-ms-return-client-request-id": "true",
        "x-ms-version": "2025-05-05"
      },
      "RequestBody": null,
      "StatusCode": 200,
      "ResponseHeaders": {
        "Accept-Ranges": "bytes",
        "Cache-Control": "no-cache",
        "Content-Disposition": "inline",
        "Content-Language": "en-US",
        "Content-Length": "0",
        "Content-Type": "text/plain",
        "Date": "Tue, 10 Dec 2024 19:02:01 GMT",
        "ETag": "\"0x8DD194D20C371B4\"",
        "Last-Modified": "Tue, 10 Dec 2024 19:02:00 GMT",
        "Server": [
          "Windows-Azure-Blob/1.0",
          "Microsoft-HTTPAPI/2.0"
        ],
        "x-ms-blob-sequence-number": "0",
        "x-ms-blob-type": "PageBlob",
        "x-ms-client-request-id": "Sanitized",
        "x-ms-creation-time": "Tue, 10 Dec 2024 19:02:00 GMT",
        "x-ms-lease-state": "available",
        "x-ms-lease-status": "unlocked",
        "x-ms-meta-Capital": "letter",
        "x-ms-meta-foo": "bar",
        "x-ms-meta-meta": "data",
        "x-ms-meta-UPPER": "case",
        "x-ms-request-id": "6148aa59-001e-0007-3535-4bccd7000000",
        "x-ms-server-encrypted": "true",
        "x-ms-version": "2025-05-05"
      },
      "ResponseBody": null
    },
    {
      "RequestUri": "https://amandapreprod.file.core.windows.net/test-share-8003215b-417b-14f9-6d01-380d67c3e2c4/destFolder/folder0/folder1/test-file-ea7d7f08-4460-bc24-5376-1fa28f2f24eb",
      "RequestMethod": "HEAD",
      "RequestHeaders": {
        "Accept": "application/xml",
        "Authorization": "Sanitized",
        "traceparent": "00-fea9886c3196a979bd46ac4fe9d76a6d-389df7c439a303c9-00",
        "User-Agent": "azsdk-net-Storage.Files.Shares/12.22.0-alpha.20241210.1 (.NET 6.0.36; Microsoft Windows 10.0.22635)",
        "x-ms-client-request-id": "Sanitized",
        "x-ms-date": "Tue, 10 Dec 2024 19:02:02 GMT",
        "x-ms-return-client-request-id": "true",
        "x-ms-version": "2025-05-05"
      },
      "RequestBody": null,
      "StatusCode": 200,
      "ResponseHeaders": {
        "Cache-Control": "no-cache",
        "Content-Disposition": "inline",
        "Content-Language": "en-US",
        "Content-Length": "0",
        "Content-Type": "text/plain",
        "Date": "Tue, 10 Dec 2024 19:02:01 GMT",
        "ETag": "\"0x8DD194D2103925F\"",
        "Last-Modified": "Tue, 10 Dec 2024 19:02:01 GMT",
        "Server": [
          "Windows-Azure-File/1.0",
          "Microsoft-HTTPAPI/2.0"
        ],
        "x-ms-client-request-id": "Sanitized",
        "x-ms-file-attributes": "Archive",
        "x-ms-file-change-time": "2024-12-10T19:02:01.3536863Z",
        "x-ms-file-creation-time": "2024-12-10T19:02:00.0000000Z",
        "x-ms-file-id": "10376363910205800448",
        "x-ms-file-last-write-time": "2024-12-10T19:02:01.3536863Z",
        "x-ms-file-parent-id": "16140971433240035328",
        "x-ms-file-permission-key": "12626496306092130501*547956186189310027",
        "x-ms-lease-state": "available",
        "x-ms-lease-status": "unlocked",
        "x-ms-meta-Capital": "letter",
        "x-ms-meta-foo": "bar",
        "x-ms-meta-meta": "data",
        "x-ms-meta-UPPER": "case",
        "x-ms-request-id": "37629a04-401a-0006-1635-4b930b000000",
        "x-ms-server-encrypted": "true",
        "x-ms-type": "File",
        "x-ms-version": "2025-05-05"
      },
      "ResponseBody": null
    },
    {
      "RequestUri": "https://amandapreprod.blob.core.windows.net/test-container-16141ed6-8076-b63d-742e-dff80e87a08c/sourceFolder/folder0/test-file-27796dec-bcda-3885-e116-5ad05796858f",
      "RequestMethod": "HEAD",
      "RequestHeaders": {
        "Accept": "application/xml",
        "Authorization": "Sanitized",
        "traceparent": "00-60b9c7987308051da2cc28908b492f9f-95076b78be820100-00",
        "User-Agent": "azsdk-net-Storage.Blobs/12.24.0-alpha.20241210.1 (.NET 6.0.36; Microsoft Windows 10.0.22635)",
        "x-ms-client-request-id": "Sanitized",
        "x-ms-date": "Tue, 10 Dec 2024 19:02:02 GMT",
        "x-ms-return-client-request-id": "true",
        "x-ms-version": "2025-05-05"
      },
      "RequestBody": null,
      "StatusCode": 200,
      "ResponseHeaders": {
        "Accept-Ranges": "bytes",
        "Cache-Control": "no-cache",
        "Content-Disposition": "inline",
        "Content-Language": "en-US",
        "Content-Length": "0",
        "Content-Type": "text/plain",
        "Date": "Tue, 10 Dec 2024 19:02:01 GMT",
        "ETag": "\"0x8DD194D20BA2D52\"",
        "Last-Modified": "Tue, 10 Dec 2024 19:02:00 GMT",
        "Server": [
          "Windows-Azure-Blob/1.0",
          "Microsoft-HTTPAPI/2.0"
        ],
        "x-ms-blob-sequence-number": "0",
        "x-ms-blob-type": "PageBlob",
        "x-ms-client-request-id": "Sanitized",
        "x-ms-creation-time": "Tue, 10 Dec 2024 19:02:00 GMT",
        "x-ms-lease-state": "available",
        "x-ms-lease-status": "unlocked",
        "x-ms-meta-Capital": "letter",
        "x-ms-meta-foo": "bar",
        "x-ms-meta-meta": "data",
        "x-ms-meta-UPPER": "case",
        "x-ms-request-id": "6148aabb-001e-0007-1635-4bccd7000000",
        "x-ms-server-encrypted": "true",
        "x-ms-version": "2025-05-05"
      },
      "ResponseBody": null
    },
    {
      "RequestUri": "https://amandapreprod.file.core.windows.net/test-share-8003215b-417b-14f9-6d01-380d67c3e2c4/destFolder/folder0/test-file-27796dec-bcda-3885-e116-5ad05796858f",
      "RequestMethod": "HEAD",
      "RequestHeaders": {
        "Accept": "application/xml",
        "Authorization": "Sanitized",
        "traceparent": "00-5fda5c7a5797ea27bdd14491bc65e788-c5b4cc38f58bba55-00",
        "User-Agent": "azsdk-net-Storage.Files.Shares/12.22.0-alpha.20241210.1 (.NET 6.0.36; Microsoft Windows 10.0.22635)",
        "x-ms-client-request-id": "Sanitized",
        "x-ms-date": "Tue, 10 Dec 2024 19:02:02 GMT",
        "x-ms-return-client-request-id": "true",
        "x-ms-version": "2025-05-05"
      },
      "RequestBody": null,
      "StatusCode": 200,
      "ResponseHeaders": {
        "Cache-Control": "no-cache",
        "Content-Disposition": "inline",
        "Content-Language": "en-US",
        "Content-Length": "0",
        "Content-Type": "text/plain",
        "Date": "Tue, 10 Dec 2024 19:02:01 GMT",
        "ETag": "\"0x8DD194D2103B943\"",
        "Last-Modified": "Tue, 10 Dec 2024 19:02:01 GMT",
        "Server": [
          "Windows-Azure-File/1.0",
          "Microsoft-HTTPAPI/2.0"
        ],
        "x-ms-client-request-id": "Sanitized",
        "x-ms-file-attributes": "Archive",
        "x-ms-file-change-time": "2024-12-10T19:02:01.3546819Z",
        "x-ms-file-creation-time": "2024-12-10T19:02:00.0000000Z",
        "x-ms-file-id": "13835093239654252544",
        "x-ms-file-last-write-time": "2024-12-10T19:02:01.3546819Z",
        "x-ms-file-parent-id": "11529285414812647424",
        "x-ms-file-permission-key": "12626496306092130501*547956186189310027",
        "x-ms-lease-state": "available",
        "x-ms-lease-status": "unlocked",
        "x-ms-meta-Capital": "letter",
        "x-ms-meta-foo": "bar",
        "x-ms-meta-meta": "data",
        "x-ms-meta-UPPER": "case",
        "x-ms-request-id": "37629a05-401a-0006-1735-4b930b000000",
        "x-ms-server-encrypted": "true",
        "x-ms-type": "File",
        "x-ms-version": "2025-05-05"
      },
      "ResponseBody": null
    },
    {
      "RequestUri": "https://amandapreprod.blob.core.windows.net/test-container-16141ed6-8076-b63d-742e-dff80e87a08c/sourceFolder/folder0/test-file-27796dec-bcda-3885-e116-5ad05796858f",
      "RequestMethod": "HEAD",
      "RequestHeaders": {
        "Accept": "application/xml",
        "Authorization": "Sanitized",
        "traceparent": "00-b063a5b6535d4efc2d1177f9acc69ce8-6ed6b3924a4b37be-00",
        "User-Agent": "azsdk-net-Storage.Blobs/12.24.0-alpha.20241210.1 (.NET 6.0.36; Microsoft Windows 10.0.22635)",
        "x-ms-client-request-id": "Sanitized",
        "x-ms-date": "Tue, 10 Dec 2024 19:02:02 GMT",
        "x-ms-return-client-request-id": "true",
        "x-ms-version": "2025-05-05"
      },
      "RequestBody": null,
      "StatusCode": 200,
      "ResponseHeaders": {
        "Accept-Ranges": "bytes",
        "Cache-Control": "no-cache",
        "Content-Disposition": "inline",
        "Content-Language": "en-US",
        "Content-Length": "0",
        "Content-Type": "text/plain",
        "Date": "Tue, 10 Dec 2024 19:02:01 GMT",
        "ETag": "\"0x8DD194D20BA2D52\"",
        "Last-Modified": "Tue, 10 Dec 2024 19:02:00 GMT",
        "Server": [
          "Windows-Azure-Blob/1.0",
          "Microsoft-HTTPAPI/2.0"
        ],
        "x-ms-blob-sequence-number": "0",
        "x-ms-blob-type": "PageBlob",
        "x-ms-client-request-id": "Sanitized",
        "x-ms-creation-time": "Tue, 10 Dec 2024 19:02:00 GMT",
        "x-ms-lease-state": "available",
        "x-ms-lease-status": "unlocked",
        "x-ms-meta-Capital": "letter",
        "x-ms-meta-foo": "bar",
        "x-ms-meta-meta": "data",
        "x-ms-meta-UPPER": "case",
        "x-ms-request-id": "6148ab84-001e-0007-5635-4bccd7000000",
        "x-ms-server-encrypted": "true",
        "x-ms-version": "2025-05-05"
      },
      "ResponseBody": null
    },
    {
      "RequestUri": "https://amandapreprod.file.core.windows.net/test-share-8003215b-417b-14f9-6d01-380d67c3e2c4/destFolder/folder0/test-file-27796dec-bcda-3885-e116-5ad05796858f",
      "RequestMethod": "HEAD",
      "RequestHeaders": {
        "Accept": "application/xml",
        "Authorization": "Sanitized",
        "traceparent": "00-b7963629b2b500b320be851b497189e4-e5609ab4b9a072dd-00",
        "User-Agent": "azsdk-net-Storage.Files.Shares/12.22.0-alpha.20241210.1 (.NET 6.0.36; Microsoft Windows 10.0.22635)",
        "x-ms-client-request-id": "Sanitized",
        "x-ms-date": "Tue, 10 Dec 2024 19:02:02 GMT",
        "x-ms-return-client-request-id": "true",
        "x-ms-version": "2025-05-05"
      },
      "RequestBody": null,
      "StatusCode": 200,
      "ResponseHeaders": {
        "Cache-Control": "no-cache",
        "Content-Disposition": "inline",
        "Content-Language": "en-US",
        "Content-Length": "0",
        "Content-Type": "text/plain",
        "Date": "Tue, 10 Dec 2024 19:02:01 GMT",
        "ETag": "\"0x8DD194D2103B943\"",
        "Last-Modified": "Tue, 10 Dec 2024 19:02:01 GMT",
        "Server": [
          "Windows-Azure-File/1.0",
          "Microsoft-HTTPAPI/2.0"
        ],
        "x-ms-client-request-id": "Sanitized",
        "x-ms-file-attributes": "Archive",
        "x-ms-file-change-time": "2024-12-10T19:02:01.3546819Z",
        "x-ms-file-creation-time": "2024-12-10T19:02:00.0000000Z",
        "x-ms-file-id": "13835093239654252544",
        "x-ms-file-last-write-time": "2024-12-10T19:02:01.3546819Z",
        "x-ms-file-parent-id": "11529285414812647424",
        "x-ms-file-permission-key": "12626496306092130501*547956186189310027",
        "x-ms-lease-state": "available",
        "x-ms-lease-status": "unlocked",
        "x-ms-meta-Capital": "letter",
        "x-ms-meta-foo": "bar",
        "x-ms-meta-meta": "data",
        "x-ms-meta-UPPER": "case",
        "x-ms-request-id": "37629a07-401a-0006-1835-4b930b000000",
        "x-ms-server-encrypted": "true",
        "x-ms-type": "File",
        "x-ms-version": "2025-05-05"
      },
      "ResponseBody": null
    },
    {
      "RequestUri": "https://amandapreprod.file.core.windows.net/test-share-8003215b-417b-14f9-6d01-380d67c3e2c4?restype=share",
      "RequestMethod": "DELETE",
      "RequestHeaders": {
        "Accept": "application/xml",
        "Authorization": "Sanitized",
        "traceparent": "00-07bf745d6059a7588e40bd68d398797a-0a38a392afbec7bb-00",
        "User-Agent": "azsdk-net-Storage.Files.Shares/12.22.0-alpha.20241210.1 (.NET 6.0.36; Microsoft Windows 10.0.22635)",
        "x-ms-client-request-id": "Sanitized",
        "x-ms-date": "Tue, 10 Dec 2024 19:02:02 GMT",
        "x-ms-delete-snapshots": "include",
        "x-ms-return-client-request-id": "true",
        "x-ms-version": "2025-05-05"
      },
      "RequestBody": null,
      "StatusCode": 202,
      "ResponseHeaders": {
        "Content-Length": "0",
        "Date": "Tue, 10 Dec 2024 19:02:01 GMT",
        "Server": [
          "Windows-Azure-File/1.0",
          "Microsoft-HTTPAPI/2.0"
        ],
        "x-ms-client-request-id": "Sanitized",
        "x-ms-request-id": "37629a08-401a-0006-1935-4b930b000000",
        "x-ms-version": "2025-05-05"
      },
      "ResponseBody": null
    },
    {
      "RequestUri": "https://amandapreprod.blob.core.windows.net/test-container-16141ed6-8076-b63d-742e-dff80e87a08c?restype=container",
      "RequestMethod": "DELETE",
      "RequestHeaders": {
        "Accept": "application/xml",
        "Authorization": "Sanitized",
        "traceparent": "00-29ed475788603934f393830cd923f9be-bdca22509839a34b-00",
        "User-Agent": "azsdk-net-Storage.Blobs/12.24.0-alpha.20241210.1 (.NET 6.0.36; Microsoft Windows 10.0.22635)",
        "x-ms-client-request-id": "Sanitized",
        "x-ms-date": "Tue, 10 Dec 2024 19:02:02 GMT",
        "x-ms-return-client-request-id": "true",
        "x-ms-version": "2025-05-05"
      },
      "RequestBody": null,
      "StatusCode": 202,
      "ResponseHeaders": {
        "Content-Length": "0",
        "Date": "Tue, 10 Dec 2024 19:02:01 GMT",
        "Server": [
          "Windows-Azure-Blob/1.0",
          "Microsoft-HTTPAPI/2.0"
        ],
        "x-ms-client-request-id": "Sanitized",
        "x-ms-request-id": "6148ac13-001e-0007-5e35-4bccd7000000",
        "x-ms-version": "2025-05-05"
      },
      "ResponseBody": null
    }
  ],
  "Variables": {
    "DateTimeOffsetNow": "2024-12-10T11:02:01.3209482-08:00",
    "RandomSeed": "899047778",
    "Storage_TestConfigDefault": "ProductionTenant\namandapreprod\nU2FuaXRpemVk\nhttps://amandapreprod.blob.core.windows.net\nhttps://amandapreprod.file.core.windows.net\nhttps://amandapreprod.queue.core.windows.net\nhttps://amandapreprod.table.core.windows.net\n\n\n\n\nhttps://amandapreprod-secondary.blob.core.windows.net\nhttps://amandapreprod-secondary.file.core.windows.net\nhttps://amandapreprod-secondary.queue.core.windows.net\nhttps://amandapreprod-secondary.table.core.windows.net\nCloud\nBlobEndpoint=https://amandapreprod.blob.core.windows.net/;QueueEndpoint=https://amandapreprod.queue.core.windows.net/;FileEndpoint=https://amandapreprod.file.core.windows.net/;BlobSecondaryEndpoint=https://amandapreprod-secondary.blob.core.windows.net/;QueueSecondaryEndpoint=https://amandapreprod-secondary.queue.core.windows.net/;FileSecondaryEndpoint=https://amandapreprod-secondary.file.core.windows.net/;AccountName=amandapreprod;AccountKey=Sanitized\nencryptionScope\n\n"
  }
}
