{
  "Entries": [
    {
      "RequestUri": "https://management.azure.com/subscriptions/db94d92c-f9c4-4768-ae4b-83d50cea378d?api-version=2022-12-01",
      "RequestMethod": "GET",
      "RequestHeaders": {
        "Accept": "application/json",
        "Authorization": "Sanitized",
        "traceparent": "00-9be04db8e542f429cc82ad23ed94a9b5-8db596b4c4f9bdaa-00",
        "User-Agent": "azsdk-net-ResourceManager/1.13.1 (.NET Framework 4.8.9300.0; Microsoft Windows 10.0.26100 )",
        "x-ms-client-request-id": "Sanitized",
        "x-ms-return-client-request-id": "true"
      },
      "RequestBody": null,
      "StatusCode": 200,
      "ResponseHeaders": {
        "Cache-Control": "no-cache",
        "Content-Length": "425",
        "Content-Type": "application/json; charset=utf-8",
        "Date": "Wed, 02 Jul 2025 22:22:30 GMT",
        "Expires": "-1",
        "Pragma": "no-cache",
        "Strict-Transport-Security": "max-age=31536000; includeSubDomains",
        "X-Cache": "CONFIG_NOCACHE",
        "X-Content-Type-Options": "nosniff",
        "x-ms-correlation-request-id": "9c30df61-9427-4c07-a6a9-535ef78ee2f8",
        "x-ms-ratelimit-remaining-subscription-global-reads": "16499",
        "x-ms-ratelimit-remaining-subscription-reads": "1099",
        "x-ms-request-id": "9c30df61-9427-4c07-a6a9-535ef78ee2f8",
        "x-ms-routing-request-id": "EASTUS:20250702T222230Z:9c30df61-9427-4c07-a6a9-535ef78ee2f8",
        "X-MSEdge-Ref": "Ref A: 2730F82DA1444DC8BFA24546E2E9304E Ref B: BN1AA2051013031 Ref C: 2025-07-02T22:22:30Z"
      },
      "ResponseBody": {
        "id": "/subscriptions/db94d92c-f9c4-4768-ae4b-83d50cea378d",
        "authorizationSource": "RoleBased",
        "managedByTenants": [],
        "subscriptionId": "db94d92c-f9c4-4768-ae4b-83d50cea378d",
        "tenantId": "00000000-0000-0000-0000-000000000000",
        "displayName": "PBS Team Testing Subscription - S360 sbharath",
        "state": "Enabled",
        "subscriptionPolicies": {
          "locationPlacementId": "Internal_2014-09-01",
          "quotaId": "Internal_2014-09-01",
          "spendingLimit": "Off"
        }
      }
    },
    {
      "RequestUri": "https://management.azure.com/subscriptions/db94d92c-f9c4-4768-ae4b-83d50cea378d/resourceGroups/avs-dotnet-test/providers/Microsoft.AVS/privateClouds/avs-dotnet-test-9318/workloadNetworks/default/vmGroups/03335585-9574-4d44-a001-818ca9a9c282?api-version=2024-09-01",
      "RequestMethod": "GET",
      "RequestHeaders": {
        "Accept": "application/json",
        "Authorization": "Sanitized",
        "traceparent": "00-5da28cb93843f748d51bdc7418983a9f-ba03182de1d69780-00",
        "User-Agent": "azsdk-net-ResourceManager.Avs/1.5.0-alpha.20250702.1 (.NET Framework 4.8.9300.0; Microsoft Windows 10.0.26100 )",
        "x-ms-client-request-id": "Sanitized",
        "x-ms-return-client-request-id": "true"
      },
      "RequestBody": null,
      "StatusCode": 200,
      "ResponseHeaders": {
        "Cache-Control": "no-cache",
        "Content-Length": "463",
        "Content-Type": "application/json; charset=utf-8",
        "Date": "Wed, 02 Jul 2025 22:22:30 GMT",
        "Expires": "-1",
        "Pragma": "no-cache",
        "Strict-Transport-Security": "max-age=31536000; includeSubDomains",
        "X-Cache": "CONFIG_NOCACHE",
        "X-Content-Type-Options": "nosniff",
        "x-ms-client-request-id": "Sanitized",
        "x-ms-correlation-request-id": "d206ee02-5b36-4ac1-82e1-fcbd0e5ef36c",
        "x-ms-operation-identifier": "tenantId=72f988bf-86f1-41af-91ab-2d7cd011db47,objectId=c60760db-19cd-4fed-84d2-018790cc0b6d/eastus2/13efc163-be49-46e5-8bce-c65b151e97a3",
        "x-ms-ratelimit-remaining-subscription-global-reads": "16499",
        "x-ms-ratelimit-remaining-subscription-reads": "1099",
        "x-ms-request-id": "2e282854-5390-4a46-b116-41decdfc5ed1",
        "x-ms-routing-request-id": "EASTUS2:20250702T222230Z:d206ee02-5b36-4ac1-82e1-fcbd0e5ef36c",
        "X-MSEdge-Ref": "Ref A: D044B862E02F431EAD4B51064F1901CE Ref B: BN1AA2051013031 Ref C: 2025-07-02T22:22:30Z"
      },
      "ResponseBody": {
        "id": "/subscriptions/db94d92c-f9c4-4768-ae4b-83d50cea378d/resourceGroups/avs-dotnet-test/providers/Microsoft.AVS/privateClouds/avs-dotnet-test-9318/workloadNetworks/default/vmGroups/03335585-9574-4d44-a001-818ca9a9c282",
        "name": "03335585-9574-4d44-a001-818ca9a9c282",
        "properties": {
          "displayName": "ServiceInsertion_NSGroup",
          "members": [],
          "provisioningState": "Succeeded",
          "revision": 0,
          "status": "SUCCESS"
        },
        "type": "Microsoft.AVS/privateClouds/workloadNetworks/vmGroups"
      }
    },
    {
      "RequestUri": "https://management.azure.com/subscriptions/db94d92c-f9c4-4768-ae4b-83d50cea378d/resourceGroups/avs-dotnet-test/providers/Microsoft.AVS/privateClouds/avs-dotnet-test-9318/workloadNetworks/default/vmGroups/wn1?api-version=2024-09-01",
      "RequestMethod": "GET",
      "RequestHeaders": {
        "Accept": "application/json",
        "Authorization": "Sanitized",
        "traceparent": "00-c2d27bf83424181be9cc7ee454c8ce1f-b7a6f44e838fc62c-00",
        "User-Agent": "azsdk-net-ResourceManager.Avs/1.5.0-alpha.20250702.1 (.NET Framework 4.8.9300.0; Microsoft Windows 10.0.26100 )",
        "x-ms-client-request-id": "Sanitized",
        "x-ms-return-client-request-id": "true"
      },
      "RequestBody": null,
      "StatusCode": 404,
      "ResponseHeaders": {
        "Cache-Control": "no-cache",
        "Content-Length": "157",
        "Content-Type": "application/json; charset=utf-8",
        "Date": "Wed, 02 Jul 2025 22:22:30 GMT",
        "Expires": "-1",
        "Pragma": "no-cache",
        "Strict-Transport-Security": "max-age=31536000; includeSubDomains",
        "X-Cache": "CONFIG_NOCACHE",
        "X-Content-Type-Options": "nosniff",
        "x-ms-client-request-id": "Sanitized",
        "x-ms-correlation-request-id": "2924a7cb-12aa-4d45-9072-a05a92961b30",
        "x-ms-operation-identifier": "tenantId=72f988bf-86f1-41af-91ab-2d7cd011db47,objectId=c60760db-19cd-4fed-84d2-018790cc0b6d/eastus/f20c185a-5b41-4054-8c7f-cc98ad07a340",
        "x-ms-ratelimit-remaining-subscription-global-reads": "16499",
        "x-ms-ratelimit-remaining-subscription-reads": "1099",
        "x-ms-request-id": "c5112736-ee3e-478a-8c21-31bf4107e994",
        "x-ms-routing-request-id": "EASTUS:20250702T222230Z:2924a7cb-12aa-4d45-9072-a05a92961b30",
        "X-MSEdge-Ref": "Ref A: 5B990EA368384381BCBE7EAC728A9CAE Ref B: BN1AA2051013031 Ref C: 2025-07-02T22:22:30Z"
      },
      "ResponseBody": {
        "error": {
          "code": "NotFound",
          "message": "The Resource 'Microsoft.AVS/avs-dotnet-test-9318/default/wn1' under resource group 'avs-dotnet-test' was not found."
        }
      }
    }
  ],
  "Variables": {
    "RandomSeed": "2146250967",
    "RESOURCE_MANAGER_URL": null,
    "SUBSCRIPTION_ID": "db94d92c-f9c4-4768-ae4b-83d50cea378d"
  }
}
