{
  "Entries": [
    {
      "RequestUri": "https://jalauzonnettest.blob.core.windows.net/test-container-d1911067-538c-ce3e-cffa-ed0d16014ea6?restype=container",
      "RequestMethod": "PUT",
      "RequestHeaders": {
        "Accept": "application/xml",
        "Authorization": "Sanitized",
        "Content-Length": "0",
        "traceparent": "00-c68b8bfc844cb8ccc0b42860f95ebe47-b122ba3512a276de-00",
        "User-Agent": "azsdk-net-Storage.Blobs/12.23.0-alpha.20241018.1 (.NET 8.0.10; Microsoft Windows 10.0.22631)",
        "x-ms-client-request-id": "Sanitized",
        "x-ms-date": "Fri, 18 Oct 2024 19:26:11 GMT",
        "x-ms-return-client-request-id": "true",
        "x-ms-version": "2025-01-05"
      },
      "RequestBody": null,
      "StatusCode": 201,
      "ResponseHeaders": {
        "Content-Length": "0",
        "Date": "Fri, 18 Oct 2024 19:26:11 GMT",
        "ETag": "\"0x8DCEFAAB998A8EE\"",
        "Last-Modified": "Fri, 18 Oct 2024 19:26:11 GMT",
        "Server": [
          "Windows-Azure-Blob/1.0",
          "Microsoft-HTTPAPI/2.0"
        ],
        "x-ms-client-request-id": "Sanitized",
        "x-ms-request-id": "03ae59ba-301e-0086-5693-21167b000000",
        "x-ms-version": "2025-01-05"
      },
      "ResponseBody": null
    },
    {
      "RequestUri": "https://jalauzonnettest.blob.core.windows.net/test-container-84b43935-05c7-1a92-b25e-da7702b96b50?restype=container",
      "RequestMethod": "PUT",
      "RequestHeaders": {
        "Accept": "application/xml",
        "Authorization": "Sanitized",
        "Content-Length": "0",
        "traceparent": "00-37d52a17f09e1ba9e64a6ca35fd4c343-3914492d4d6b317f-00",
        "User-Agent": "azsdk-net-Storage.Blobs/12.23.0-alpha.20241018.1 (.NET 8.0.10; Microsoft Windows 10.0.22631)",
        "x-ms-client-request-id": "Sanitized",
        "x-ms-date": "Fri, 18 Oct 2024 19:26:11 GMT",
        "x-ms-return-client-request-id": "true",
        "x-ms-version": "2025-01-05"
      },
      "RequestBody": null,
      "StatusCode": 201,
      "ResponseHeaders": {
        "Content-Length": "0",
        "Date": "Fri, 18 Oct 2024 19:26:11 GMT",
        "ETag": "\"0x8DCEFAAB9A097DE\"",
        "Last-Modified": "Fri, 18 Oct 2024 19:26:11 GMT",
        "Server": [
          "Windows-Azure-Blob/1.0",
          "Microsoft-HTTPAPI/2.0"
        ],
        "x-ms-client-request-id": "Sanitized",
        "x-ms-request-id": "03ae59bf-301e-0086-5893-21167b000000",
        "x-ms-version": "2025-01-05"
      },
      "ResponseBody": null
    },
    {
      "RequestUri": "https://jalauzonnettest.blob.core.windows.net/test-container-d1911067-538c-ce3e-cffa-ed0d16014ea6/sourceFolder/test-file-595f13fc-7496-bc07-9170-9f3b4dd33109?sv=Sanitized&se=2024-10-19T19%3A26%3A11Z&sr=c&sp=racwdxltfi&sig=Sanitized",
      "RequestMethod": "PUT",
      "RequestHeaders": {
        "Accept": "application/xml",
        "Content-Length": "0",
        "If-None-Match": "*",
        "User-Agent": "azsdk-net-Storage.Blobs/12.23.0-alpha.20241018.1 (.NET 8.0.10; Microsoft Windows 10.0.22631)",
        "x-ms-blob-cache-control": "no-cache",
        "x-ms-blob-content-disposition": "inline",
        "x-ms-blob-content-language": "en-US",
        "x-ms-blob-content-length": "0",
        "x-ms-blob-content-type": "text/plain",
        "x-ms-blob-type": "PageBlob",
        "x-ms-client-request-id": "Sanitized",
        "x-ms-meta-Capital": "letter",
        "x-ms-meta-foo": "bar",
        "x-ms-meta-meta": "data",
        "x-ms-meta-UPPER": "case",
        "x-ms-return-client-request-id": "true",
        "x-ms-version": "2025-01-05"
      },
      "RequestBody": null,
      "StatusCode": 201,
      "ResponseHeaders": {
        "Content-Length": "0",
        "Date": "Fri, 18 Oct 2024 19:26:11 GMT",
        "ETag": "\"0x8DCEFAAB9A8872A\"",
        "Last-Modified": "Fri, 18 Oct 2024 19:26:11 GMT",
        "Server": [
          "Windows-Azure-Blob/1.0",
          "Microsoft-HTTPAPI/2.0"
        ],
        "x-ms-client-request-id": "Sanitized",
        "x-ms-request-id": "03ae59c5-301e-0086-5b93-21167b000000",
        "x-ms-request-server-encrypted": "true",
        "x-ms-version": "2025-01-05",
        "x-ms-version-id": "2024-10-18T19:26:11.8076202Z"
      },
      "ResponseBody": null
    },
    {
      "RequestUri": "https://jalauzonnettest.blob.core.windows.net/test-container-d1911067-538c-ce3e-cffa-ed0d16014ea6/sourceFolder/test-file-b7e8a844-4369-3584-5755-9d165609f309?sv=Sanitized&se=2024-10-19T19%3A26%3A11Z&sr=c&sp=racwdxltfi&sig=Sanitized",
      "RequestMethod": "PUT",
      "RequestHeaders": {
        "Accept": "application/xml",
        "Content-Length": "0",
        "If-None-Match": "*",
        "User-Agent": "azsdk-net-Storage.Blobs/12.23.0-alpha.20241018.1 (.NET 8.0.10; Microsoft Windows 10.0.22631)",
        "x-ms-blob-cache-control": "no-cache",
        "x-ms-blob-content-disposition": "inline",
        "x-ms-blob-content-language": "en-US",
        "x-ms-blob-content-length": "0",
        "x-ms-blob-content-type": "text/plain",
        "x-ms-blob-type": "PageBlob",
        "x-ms-client-request-id": "Sanitized",
        "x-ms-meta-Capital": "letter",
        "x-ms-meta-foo": "bar",
        "x-ms-meta-meta": "data",
        "x-ms-meta-UPPER": "case",
        "x-ms-return-client-request-id": "true",
        "x-ms-version": "2025-01-05"
      },
      "RequestBody": null,
      "StatusCode": 201,
      "ResponseHeaders": {
        "Content-Length": "0",
        "Date": "Fri, 18 Oct 2024 19:26:11 GMT",
        "ETag": "\"0x8DCEFAAB9AF63FB\"",
        "Last-Modified": "Fri, 18 Oct 2024 19:26:11 GMT",
        "Server": [
          "Windows-Azure-Blob/1.0",
          "Microsoft-HTTPAPI/2.0"
        ],
        "x-ms-client-request-id": "Sanitized",
        "x-ms-request-id": "03ae59d0-301e-0086-6493-21167b000000",
        "x-ms-request-server-encrypted": "true",
        "x-ms-version": "2025-01-05",
        "x-ms-version-id": "2024-10-18T19:26:11.8525947Z"
      },
      "ResponseBody": null
    },
    {
      "RequestUri": "https://jalauzonnettest.blob.core.windows.net/test-container-d1911067-538c-ce3e-cffa-ed0d16014ea6/sourceFolder/bar/test-file-ebde0f2d-51ce-598f-57d6-992784630e65?sv=Sanitized&se=2024-10-19T19%3A26%3A11Z&sr=c&sp=racwdxltfi&sig=Sanitized",
      "RequestMethod": "PUT",
      "RequestHeaders": {
        "Accept": "application/xml",
        "Content-Length": "0",
        "If-None-Match": "*",
        "User-Agent": "azsdk-net-Storage.Blobs/12.23.0-alpha.20241018.1 (.NET 8.0.10; Microsoft Windows 10.0.22631)",
        "x-ms-blob-cache-control": "no-cache",
        "x-ms-blob-content-disposition": "inline",
        "x-ms-blob-content-language": "en-US",
        "x-ms-blob-content-length": "0",
        "x-ms-blob-content-type": "text/plain",
        "x-ms-blob-type": "PageBlob",
        "x-ms-client-request-id": "Sanitized",
        "x-ms-meta-Capital": "letter",
        "x-ms-meta-foo": "bar",
        "x-ms-meta-meta": "data",
        "x-ms-meta-UPPER": "case",
        "x-ms-return-client-request-id": "true",
        "x-ms-version": "2025-01-05"
      },
      "RequestBody": null,
      "StatusCode": 201,
      "ResponseHeaders": {
        "Content-Length": "0",
        "Date": "Fri, 18 Oct 2024 19:26:11 GMT",
        "ETag": "\"0x8DCEFAAB9B72B0B\"",
        "Last-Modified": "Fri, 18 Oct 2024 19:26:11 GMT",
        "Server": [
          "Windows-Azure-Blob/1.0",
          "Microsoft-HTTPAPI/2.0"
        ],
        "x-ms-client-request-id": "Sanitized",
        "x-ms-request-id": "03ae59d1-301e-0086-6593-21167b000000",
        "x-ms-request-server-encrypted": "true",
        "x-ms-version": "2025-01-05",
        "x-ms-version-id": "2024-10-18T19:26:11.9035659Z"
      },
      "ResponseBody": null
    },
    {
      "RequestUri": "https://jalauzonnettest.blob.core.windows.net/test-container-d1911067-538c-ce3e-cffa-ed0d16014ea6/sourceFolder/pik/test-file-e9a8e0f9-6ce3-06c1-36ac-6957f08741b4?sv=Sanitized&se=2024-10-19T19%3A26%3A11Z&sr=c&sp=racwdxltfi&sig=Sanitized",
      "RequestMethod": "PUT",
      "RequestHeaders": {
        "Accept": "application/xml",
        "Content-Length": "0",
        "If-None-Match": "*",
        "User-Agent": "azsdk-net-Storage.Blobs/12.23.0-alpha.20241018.1 (.NET 8.0.10; Microsoft Windows 10.0.22631)",
        "x-ms-blob-cache-control": "no-cache",
        "x-ms-blob-content-disposition": "inline",
        "x-ms-blob-content-language": "en-US",
        "x-ms-blob-content-length": "0",
        "x-ms-blob-content-type": "text/plain",
        "x-ms-blob-type": "PageBlob",
        "x-ms-client-request-id": "Sanitized",
        "x-ms-meta-Capital": "letter",
        "x-ms-meta-foo": "bar",
        "x-ms-meta-meta": "data",
        "x-ms-meta-UPPER": "case",
        "x-ms-return-client-request-id": "true",
        "x-ms-version": "2025-01-05"
      },
      "RequestBody": null,
      "StatusCode": 201,
      "ResponseHeaders": {
        "Content-Length": "0",
        "Date": "Fri, 18 Oct 2024 19:26:11 GMT",
        "ETag": "\"0x8DCEFAAB9BE07DB\"",
        "Last-Modified": "Fri, 18 Oct 2024 19:26:11 GMT",
        "Server": [
          "Windows-Azure-Blob/1.0",
          "Microsoft-HTTPAPI/2.0"
        ],
        "x-ms-client-request-id": "Sanitized",
        "x-ms-request-id": "03ae59d3-301e-0086-6793-21167b000000",
        "x-ms-request-server-encrypted": "true",
        "x-ms-version": "2025-01-05",
        "x-ms-version-id": "2024-10-18T19:26:11.9485403Z"
      },
      "ResponseBody": null
    },
    {
      "RequestUri": "https://jalauzonnettest.blob.core.windows.net/test-container-d1911067-538c-ce3e-cffa-ed0d16014ea6?sv=Sanitized&se=2024-10-19T19%3A26%3A11Z&sr=c&sp=racwdxltfi&sig=Sanitized&restype=container&comp=list&prefix=sourceFolder%2F&include=Metadata",
      "RequestMethod": "GET",
      "RequestHeaders": {
        "Accept": "application/xml",
        "User-Agent": "azsdk-net-Storage.Blobs/12.23.0-alpha.20241018.1 (.NET 8.0.10; Microsoft Windows 10.0.22631)",
        "x-ms-client-request-id": "Sanitized",
        "x-ms-return-client-request-id": "true",
        "x-ms-version": "2025-01-05"
      },
      "RequestBody": null,
      "StatusCode": 200,
      "ResponseHeaders": {
        "Content-Type": "application/xml",
        "Date": "Fri, 18 Oct 2024 19:26:11 GMT",
        "Server": [
          "Windows-Azure-Blob/1.0",
          "Microsoft-HTTPAPI/2.0"
        ],
        "Transfer-Encoding": "chunked",
        "x-ms-client-request-id": "Sanitized",
        "x-ms-request-id": "03ae59d4-301e-0086-6893-21167b000000",
        "x-ms-version": "2025-01-05"
      },
      "ResponseBody": "\uFEFF<?xml version=\"1.0\" encoding=\"utf-8\"?><EnumerationResults ServiceEndpoint=\"https://jalauzonnettest.blob.core.windows.net/\" ContainerName=\"test-container-d1911067-538c-ce3e-cffa-ed0d16014ea6\"><Prefix>sourceFolder/</Prefix><Blobs><Blob><Name>sourceFolder/bar/test-file-ebde0f2d-51ce-598f-57d6-992784630e65</Name><VersionId>2024-10-18T19:26:11.9035659Z</VersionId><IsCurrentVersion>true</IsCurrentVersion><Properties><Creation-Time>Fri, 18 Oct 2024 19:26:11 GMT</Creation-Time><Last-Modified>Fri, 18 Oct 2024 19:26:11 GMT</Last-Modified><Etag>0x8DCEFAAB9B72B0B</Etag><Content-Length>0</Content-Length><Content-Type>text/plain</Content-Type><Content-Encoding /><Content-Language>en-US</Content-Language><Content-CRC64 /><Content-MD5 /><Cache-Control>no-cache</Cache-Control><Content-Disposition>inline</Content-Disposition><x-ms-blob-sequence-number>0</x-ms-blob-sequence-number><BlobType>PageBlob</BlobType><LeaseStatus>unlocked</LeaseStatus><LeaseState>available</LeaseState><ServerEncrypted>true</ServerEncrypted></Properties><Metadata><foo>bar</foo><meta>data</meta><Capital>letter</Capital><UPPER>case</UPPER></Metadata><OrMetadata /></Blob><Blob><Name>sourceFolder/pik/test-file-e9a8e0f9-6ce3-06c1-36ac-6957f08741b4</Name><VersionId>2024-10-18T19:26:11.9485403Z</VersionId><IsCurrentVersion>true</IsCurrentVersion><Properties><Creation-Time>Fri, 18 Oct 2024 19:26:11 GMT</Creation-Time><Last-Modified>Fri, 18 Oct 2024 19:26:11 GMT</Last-Modified><Etag>0x8DCEFAAB9BE07DB</Etag><Content-Length>0</Content-Length><Content-Type>text/plain</Content-Type><Content-Encoding /><Content-Language>en-US</Content-Language><Content-CRC64 /><Content-MD5 /><Cache-Control>no-cache</Cache-Control><Content-Disposition>inline</Content-Disposition><x-ms-blob-sequence-number>0</x-ms-blob-sequence-number><BlobType>PageBlob</BlobType><LeaseStatus>unlocked</LeaseStatus><LeaseState>available</LeaseState><ServerEncrypted>true</ServerEncrypted></Properties><Metadata><foo>bar</foo><meta>data</meta><Capital>letter</Capital><UPPER>case</UPPER></Metadata><OrMetadata /></Blob><Blob><Name>sourceFolder/test-file-595f13fc-7496-bc07-9170-9f3b4dd33109</Name><VersionId>2024-10-18T19:26:11.8076202Z</VersionId><IsCurrentVersion>true</IsCurrentVersion><Properties><Creation-Time>Fri, 18 Oct 2024 19:26:11 GMT</Creation-Time><Last-Modified>Fri, 18 Oct 2024 19:26:11 GMT</Last-Modified><Etag>0x8DCEFAAB9A8872A</Etag><Content-Length>0</Content-Length><Content-Type>text/plain</Content-Type><Content-Encoding /><Content-Language>en-US</Content-Language><Content-CRC64 /><Content-MD5 /><Cache-Control>no-cache</Cache-Control><Content-Disposition>inline</Content-Disposition><x-ms-blob-sequence-number>0</x-ms-blob-sequence-number><BlobType>PageBlob</BlobType><LeaseStatus>unlocked</LeaseStatus><LeaseState>available</LeaseState><ServerEncrypted>true</ServerEncrypted></Properties><Metadata><foo>bar</foo><meta>data</meta><Capital>letter</Capital><UPPER>case</UPPER></Metadata><OrMetadata /></Blob><Blob><Name>sourceFolder/test-file-b7e8a844-4369-3584-5755-9d165609f309</Name><VersionId>2024-10-18T19:26:11.8525947Z</VersionId><IsCurrentVersion>true</IsCurrentVersion><Properties><Creation-Time>Fri, 18 Oct 2024 19:26:11 GMT</Creation-Time><Last-Modified>Fri, 18 Oct 2024 19:26:11 GMT</Last-Modified><Etag>0x8DCEFAAB9AF63FB</Etag><Content-Length>0</Content-Length><Content-Type>text/plain</Content-Type><Content-Encoding /><Content-Language>en-US</Content-Language><Content-CRC64 /><Content-MD5 /><Cache-Control>no-cache</Cache-Control><Content-Disposition>inline</Content-Disposition><x-ms-blob-sequence-number>0</x-ms-blob-sequence-number><BlobType>PageBlob</BlobType><LeaseStatus>unlocked</LeaseStatus><LeaseState>available</LeaseState><ServerEncrypted>true</ServerEncrypted></Properties><Metadata><foo>bar</foo><meta>data</meta><Capital>letter</Capital><UPPER>case</UPPER></Metadata><OrMetadata /></Blob></Blobs><NextMarker /></EnumerationResults>"
    },
    {
      "RequestUri": "https://jalauzonnettest.blob.core.windows.net/test-container-84b43935-05c7-1a92-b25e-da7702b96b50/destFolder/test-file-b7e8a844-4369-3584-5755-9d165609f309",
      "RequestMethod": "PUT",
      "RequestHeaders": {
        "Accept": "application/xml",
        "Authorization": "Sanitized",
        "Content-Length": "0",
        "If-None-Match": "*",
        "traceparent": "00-e9531a002d1b053b4df8a39b002e3d7f-a0694ed1dec1b684-00",
        "User-Agent": "azsdk-net-Storage.Blobs/12.23.0-alpha.20241018.1 (.NET 8.0.10; Microsoft Windows 10.0.22631)",
        "x-ms-blob-content-encoding": "",
        "x-ms-blob-type": "AppendBlob",
        "x-ms-client-request-id": "Sanitized",
        "x-ms-date": "Fri, 18 Oct 2024 19:26:12 GMT",
        "x-ms-return-client-request-id": "true",
        "x-ms-version": "2025-01-05"
      },
      "RequestBody": null,
      "StatusCode": 201,
      "ResponseHeaders": {
        "Content-Length": "0",
        "Date": "Fri, 18 Oct 2024 19:26:11 GMT",
        "ETag": "\"0x8DCEFAAB9D2EC62\"",
        "Last-Modified": "Fri, 18 Oct 2024 19:26:12 GMT",
        "Server": [
          "Windows-Azure-Blob/1.0",
          "Microsoft-HTTPAPI/2.0"
        ],
        "x-ms-client-request-id": "Sanitized",
        "x-ms-request-id": "73d7f170-901e-0019-4293-215a79000000",
        "x-ms-request-server-encrypted": "true",
        "x-ms-version": "2025-01-05",
        "x-ms-version-id": "2024-10-18T19:26:12.0854626Z"
      },
      "ResponseBody": null
    },
    {
      "RequestUri": "https://jalauzonnettest.blob.core.windows.net/test-container-84b43935-05c7-1a92-b25e-da7702b96b50/destFolder/pik/test-file-e9a8e0f9-6ce3-06c1-36ac-6957f08741b4",
      "RequestMethod": "PUT",
      "RequestHeaders": {
        "Accept": "application/xml",
        "Authorization": "Sanitized",
        "Content-Length": "0",
        "If-None-Match": "*",
        "traceparent": "00-40c8d6d18290fef5cec791bf23d7ec21-5a6e4939bb0e8dc3-00",
        "User-Agent": "azsdk-net-Storage.Blobs/12.23.0-alpha.20241018.1 (.NET 8.0.10; Microsoft Windows 10.0.22631)",
        "x-ms-blob-content-encoding": "",
        "x-ms-blob-type": "AppendBlob",
        "x-ms-client-request-id": "Sanitized",
        "x-ms-date": "Fri, 18 Oct 2024 19:26:12 GMT",
        "x-ms-return-client-request-id": "true",
        "x-ms-version": "2025-01-05"
      },
      "RequestBody": null,
      "StatusCode": 201,
      "ResponseHeaders": {
        "Content-Length": "0",
        "Date": "Fri, 18 Oct 2024 19:26:11 GMT",
        "ETag": "\"0x8DCEFAAB9D2C55A\"",
        "Last-Modified": "Fri, 18 Oct 2024 19:26:12 GMT",
        "Server": [
          "Windows-Azure-Blob/1.0",
          "Microsoft-HTTPAPI/2.0"
        ],
        "x-ms-client-request-id": "Sanitized",
        "x-ms-request-id": "82184071-701e-0001-4b93-21851e000000",
        "x-ms-request-server-encrypted": "true",
        "x-ms-version": "2025-01-05",
        "x-ms-version-id": "2024-10-18T19:26:12.0844634Z"
      },
      "ResponseBody": null
    },
    {
      "RequestUri": "https://jalauzonnettest.blob.core.windows.net/test-container-84b43935-05c7-1a92-b25e-da7702b96b50/destFolder/test-file-595f13fc-7496-bc07-9170-9f3b4dd33109",
      "RequestMethod": "PUT",
      "RequestHeaders": {
        "Accept": "application/xml",
        "Authorization": "Sanitized",
        "Content-Length": "0",
        "If-None-Match": "*",
        "traceparent": "00-dc8866d60360184af161624d861319c8-7d97bdd70f399090-00",
        "User-Agent": "azsdk-net-Storage.Blobs/12.23.0-alpha.20241018.1 (.NET 8.0.10; Microsoft Windows 10.0.22631)",
        "x-ms-blob-content-encoding": "",
        "x-ms-blob-type": "AppendBlob",
        "x-ms-client-request-id": "Sanitized",
        "x-ms-date": "Fri, 18 Oct 2024 19:26:12 GMT",
        "x-ms-return-client-request-id": "true",
        "x-ms-version": "2025-01-05"
      },
      "RequestBody": null,
      "StatusCode": 201,
      "ResponseHeaders": {
        "Content-Length": "0",
        "Date": "Fri, 18 Oct 2024 19:26:11 GMT",
        "ETag": "\"0x8DCEFAAB9D2EC62\"",
        "Last-Modified": "Fri, 18 Oct 2024 19:26:12 GMT",
        "Server": [
          "Windows-Azure-Blob/1.0",
          "Microsoft-HTTPAPI/2.0"
        ],
        "x-ms-client-request-id": "Sanitized",
        "x-ms-request-id": "5b98ad8b-101e-005a-6c93-21bc25000000",
        "x-ms-request-server-encrypted": "true",
        "x-ms-version": "2025-01-05",
        "x-ms-version-id": "2024-10-18T19:26:12.0854626Z"
      },
      "ResponseBody": null
    },
    {
      "RequestUri": "https://jalauzonnettest.blob.core.windows.net/test-container-84b43935-05c7-1a92-b25e-da7702b96b50/destFolder/bar/test-file-ebde0f2d-51ce-598f-57d6-992784630e65",
      "RequestMethod": "PUT",
      "RequestHeaders": {
        "Accept": "application/xml",
        "Authorization": "Sanitized",
        "Content-Length": "0",
        "If-None-Match": "*",
        "traceparent": "00-a42a525a49a1cc656e4bc06663f8d935-33993bbc05db9ba5-00",
        "User-Agent": "azsdk-net-Storage.Blobs/12.23.0-alpha.20241018.1 (.NET 8.0.10; Microsoft Windows 10.0.22631)",
        "x-ms-blob-content-encoding": "",
        "x-ms-blob-type": "AppendBlob",
        "x-ms-client-request-id": "Sanitized",
        "x-ms-date": "Fri, 18 Oct 2024 19:26:12 GMT",
        "x-ms-return-client-request-id": "true",
        "x-ms-version": "2025-01-05"
      },
      "RequestBody": null,
      "StatusCode": 201,
      "ResponseHeaders": {
        "Content-Length": "0",
        "Date": "Fri, 18 Oct 2024 19:26:11 GMT",
        "ETag": "\"0x8DCEFAAB9D20225\"",
        "Last-Modified": "Fri, 18 Oct 2024 19:26:12 GMT",
        "Server": [
          "Windows-Azure-Blob/1.0",
          "Microsoft-HTTPAPI/2.0"
        ],
        "x-ms-client-request-id": "Sanitized",
        "x-ms-request-id": "03ae59db-301e-0086-6f93-21167b000000",
        "x-ms-request-server-encrypted": "true",
        "x-ms-version": "2025-01-05",
        "x-ms-version-id": "2024-10-18T19:26:12.0794661Z"
      },
      "ResponseBody": null
    },
    {
      "RequestUri": "https://jalauzonnettest.blob.core.windows.net/test-container-d1911067-538c-ce3e-cffa-ed0d16014ea6?sv=Sanitized&se=2024-10-19T19%3A26%3A11Z&sr=c&sp=racwdxltfi&sig=Sanitized&restype=container&comp=list&prefix=sourceFolder",
      "RequestMethod": "GET",
      "RequestHeaders": {
        "Accept": "application/xml",
        "User-Agent": "azsdk-net-Storage.Blobs/12.23.0-alpha.20241018.1 (.NET 8.0.10; Microsoft Windows 10.0.22631)",
        "x-ms-client-request-id": "Sanitized",
        "x-ms-return-client-request-id": "true",
        "x-ms-version": "2025-01-05"
      },
      "RequestBody": null,
      "StatusCode": 200,
      "ResponseHeaders": {
        "Content-Type": "application/xml",
        "Date": "Fri, 18 Oct 2024 19:26:11 GMT",
        "Server": [
          "Windows-Azure-Blob/1.0",
          "Microsoft-HTTPAPI/2.0"
        ],
        "Transfer-Encoding": "chunked",
        "x-ms-client-request-id": "Sanitized",
        "x-ms-request-id": "03ae59e7-301e-0086-7993-21167b000000",
        "x-ms-version": "2025-01-05"
      },
      "ResponseBody": "\uFEFF<?xml version=\"1.0\" encoding=\"utf-8\"?><EnumerationResults ServiceEndpoint=\"https://jalauzonnettest.blob.core.windows.net/\" ContainerName=\"test-container-d1911067-538c-ce3e-cffa-ed0d16014ea6\"><Prefix>sourceFolder</Prefix><Blobs><Blob><Name>sourceFolder/bar/test-file-ebde0f2d-51ce-598f-57d6-992784630e65</Name><VersionId>2024-10-18T19:26:11.9035659Z</VersionId><IsCurrentVersion>true</IsCurrentVersion><Properties><Creation-Time>Fri, 18 Oct 2024 19:26:11 GMT</Creation-Time><Last-Modified>Fri, 18 Oct 2024 19:26:11 GMT</Last-Modified><Etag>0x8DCEFAAB9B72B0B</Etag><Content-Length>0</Content-Length><Content-Type>text/plain</Content-Type><Content-Encoding /><Content-Language>en-US</Content-Language><Content-CRC64 /><Content-MD5 /><Cache-Control>no-cache</Cache-Control><Content-Disposition>inline</Content-Disposition><x-ms-blob-sequence-number>0</x-ms-blob-sequence-number><BlobType>PageBlob</BlobType><LeaseStatus>unlocked</LeaseStatus><LeaseState>available</LeaseState><ServerEncrypted>true</ServerEncrypted></Properties><OrMetadata /></Blob><Blob><Name>sourceFolder/pik/test-file-e9a8e0f9-6ce3-06c1-36ac-6957f08741b4</Name><VersionId>2024-10-18T19:26:11.9485403Z</VersionId><IsCurrentVersion>true</IsCurrentVersion><Properties><Creation-Time>Fri, 18 Oct 2024 19:26:11 GMT</Creation-Time><Last-Modified>Fri, 18 Oct 2024 19:26:11 GMT</Last-Modified><Etag>0x8DCEFAAB9BE07DB</Etag><Content-Length>0</Content-Length><Content-Type>text/plain</Content-Type><Content-Encoding /><Content-Language>en-US</Content-Language><Content-CRC64 /><Content-MD5 /><Cache-Control>no-cache</Cache-Control><Content-Disposition>inline</Content-Disposition><x-ms-blob-sequence-number>0</x-ms-blob-sequence-number><BlobType>PageBlob</BlobType><LeaseStatus>unlocked</LeaseStatus><LeaseState>available</LeaseState><ServerEncrypted>true</ServerEncrypted></Properties><OrMetadata /></Blob><Blob><Name>sourceFolder/test-file-595f13fc-7496-bc07-9170-9f3b4dd33109</Name><VersionId>2024-10-18T19:26:11.8076202Z</VersionId><IsCurrentVersion>true</IsCurrentVersion><Properties><Creation-Time>Fri, 18 Oct 2024 19:26:11 GMT</Creation-Time><Last-Modified>Fri, 18 Oct 2024 19:26:11 GMT</Last-Modified><Etag>0x8DCEFAAB9A8872A</Etag><Content-Length>0</Content-Length><Content-Type>text/plain</Content-Type><Content-Encoding /><Content-Language>en-US</Content-Language><Content-CRC64 /><Content-MD5 /><Cache-Control>no-cache</Cache-Control><Content-Disposition>inline</Content-Disposition><x-ms-blob-sequence-number>0</x-ms-blob-sequence-number><BlobType>PageBlob</BlobType><LeaseStatus>unlocked</LeaseStatus><LeaseState>available</LeaseState><ServerEncrypted>true</ServerEncrypted></Properties><OrMetadata /></Blob><Blob><Name>sourceFolder/test-file-b7e8a844-4369-3584-5755-9d165609f309</Name><VersionId>2024-10-18T19:26:11.8525947Z</VersionId><IsCurrentVersion>true</IsCurrentVersion><Properties><Creation-Time>Fri, 18 Oct 2024 19:26:11 GMT</Creation-Time><Last-Modified>Fri, 18 Oct 2024 19:26:11 GMT</Last-Modified><Etag>0x8DCEFAAB9AF63FB</Etag><Content-Length>0</Content-Length><Content-Type>text/plain</Content-Type><Content-Encoding /><Content-Language>en-US</Content-Language><Content-CRC64 /><Content-MD5 /><Cache-Control>no-cache</Cache-Control><Content-Disposition>inline</Content-Disposition><x-ms-blob-sequence-number>0</x-ms-blob-sequence-number><BlobType>PageBlob</BlobType><LeaseStatus>unlocked</LeaseStatus><LeaseState>available</LeaseState><ServerEncrypted>true</ServerEncrypted></Properties><OrMetadata /></Blob></Blobs><NextMarker /></EnumerationResults>"
    },
    {
      "RequestUri": "https://jalauzonnettest.blob.core.windows.net/test-container-84b43935-05c7-1a92-b25e-da7702b96b50?restype=container&comp=list&prefix=destFolder",
      "RequestMethod": "GET",
      "RequestHeaders": {
        "Accept": "application/xml",
        "Authorization": "Sanitized",
        "traceparent": "00-dc242bd36089585caaf5e9222327118b-edf8d728a4d71ccf-00",
        "User-Agent": "azsdk-net-Storage.Blobs/12.23.0-alpha.20241018.1 (.NET 8.0.10; Microsoft Windows 10.0.22631)",
        "x-ms-client-request-id": "Sanitized",
        "x-ms-date": "Fri, 18 Oct 2024 19:26:12 GMT",
        "x-ms-return-client-request-id": "true",
        "x-ms-version": "2025-01-05"
      },
      "RequestBody": null,
      "StatusCode": 200,
      "ResponseHeaders": {
        "Content-Type": "application/xml",
        "Date": "Fri, 18 Oct 2024 19:26:11 GMT",
        "Server": [
          "Windows-Azure-Blob/1.0",
          "Microsoft-HTTPAPI/2.0"
        ],
        "Transfer-Encoding": "chunked",
        "x-ms-client-request-id": "Sanitized",
        "x-ms-request-id": "03ae59ea-301e-0086-7c93-21167b000000",
        "x-ms-version": "2025-01-05"
      },
      "ResponseBody": "\uFEFF<?xml version=\"1.0\" encoding=\"utf-8\"?><EnumerationResults ServiceEndpoint=\"https://jalauzonnettest.blob.core.windows.net/\" ContainerName=\"test-container-84b43935-05c7-1a92-b25e-da7702b96b50\"><Prefix>destFolder</Prefix><Blobs><Blob><Name>destFolder/bar/test-file-ebde0f2d-51ce-598f-57d6-992784630e65</Name><VersionId>2024-10-18T19:26:12.0794661Z</VersionId><IsCurrentVersion>true</IsCurrentVersion><Properties><Creation-Time>Fri, 18 Oct 2024 19:26:12 GMT</Creation-Time><Last-Modified>Fri, 18 Oct 2024 19:26:12 GMT</Last-Modified><Etag>0x8DCEFAAB9D20225</Etag><Content-Length>0</Content-Length><Content-Type>application/octet-stream</Content-Type><Content-Encoding /><Content-Language /><Content-CRC64 /><Content-MD5 /><Cache-Control /><Content-Disposition /><BlobType>AppendBlob</BlobType><LeaseStatus>unlocked</LeaseStatus><LeaseState>available</LeaseState><ServerEncrypted>true</ServerEncrypted></Properties><OrMetadata /></Blob><Blob><Name>destFolder/pik/test-file-e9a8e0f9-6ce3-06c1-36ac-6957f08741b4</Name><VersionId>2024-10-18T19:26:12.0844634Z</VersionId><IsCurrentVersion>true</IsCurrentVersion><Properties><Creation-Time>Fri, 18 Oct 2024 19:26:12 GMT</Creation-Time><Last-Modified>Fri, 18 Oct 2024 19:26:12 GMT</Last-Modified><Etag>0x8DCEFAAB9D2C55A</Etag><Content-Length>0</Content-Length><Content-Type>application/octet-stream</Content-Type><Content-Encoding /><Content-Language /><Content-CRC64 /><Content-MD5 /><Cache-Control /><Content-Disposition /><BlobType>AppendBlob</BlobType><LeaseStatus>unlocked</LeaseStatus><LeaseState>available</LeaseState><ServerEncrypted>true</ServerEncrypted></Properties><OrMetadata /></Blob><Blob><Name>destFolder/test-file-595f13fc-7496-bc07-9170-9f3b4dd33109</Name><VersionId>2024-10-18T19:26:12.0854626Z</VersionId><IsCurrentVersion>true</IsCurrentVersion><Properties><Creation-Time>Fri, 18 Oct 2024 19:26:12 GMT</Creation-Time><Last-Modified>Fri, 18 Oct 2024 19:26:12 GMT</Last-Modified><Etag>0x8DCEFAAB9D2EC62</Etag><Content-Length>0</Content-Length><Content-Type>application/octet-stream</Content-Type><Content-Encoding /><Content-Language /><Content-CRC64 /><Content-MD5 /><Cache-Control /><Content-Disposition /><BlobType>AppendBlob</BlobType><LeaseStatus>unlocked</LeaseStatus><LeaseState>available</LeaseState><ServerEncrypted>true</ServerEncrypted></Properties><OrMetadata /></Blob><Blob><Name>destFolder/test-file-b7e8a844-4369-3584-5755-9d165609f309</Name><VersionId>2024-10-18T19:26:12.0854626Z</VersionId><IsCurrentVersion>true</IsCurrentVersion><Properties><Creation-Time>Fri, 18 Oct 2024 19:26:12 GMT</Creation-Time><Last-Modified>Fri, 18 Oct 2024 19:26:12 GMT</Last-Modified><Etag>0x8DCEFAAB9D2EC62</Etag><Content-Length>0</Content-Length><Content-Type>application/octet-stream</Content-Type><Content-Encoding /><Content-Language /><Content-CRC64 /><Content-MD5 /><Cache-Control /><Content-Disposition /><BlobType>AppendBlob</BlobType><LeaseStatus>unlocked</LeaseStatus><LeaseState>available</LeaseState><ServerEncrypted>true</ServerEncrypted></Properties><OrMetadata /></Blob></Blobs><NextMarker /></EnumerationResults>"
    },
    {
      "RequestUri": "https://jalauzonnettest.blob.core.windows.net/test-container-d1911067-538c-ce3e-cffa-ed0d16014ea6/sourceFolder/bar/test-file-ebde0f2d-51ce-598f-57d6-992784630e65?sv=Sanitized&se=2024-10-19T19%3A26%3A11Z&sr=c&sp=racwdxltfi&sig=Sanitized",
      "RequestMethod": "HEAD",
      "RequestHeaders": {
        "Accept": "application/xml",
        "User-Agent": "azsdk-net-Storage.Blobs/12.23.0-alpha.20241018.1 (.NET 8.0.10; Microsoft Windows 10.0.22631)",
        "x-ms-client-request-id": "Sanitized",
        "x-ms-return-client-request-id": "true",
        "x-ms-version": "2025-01-05"
      },
      "RequestBody": null,
      "StatusCode": 200,
      "ResponseHeaders": {
        "Accept-Ranges": "bytes",
        "Cache-Control": "no-cache",
        "Content-Disposition": "inline",
        "Content-Language": "en-US",
        "Content-Length": "0",
        "Content-Type": "text/plain",
        "Date": "Fri, 18 Oct 2024 19:26:11 GMT",
        "ETag": "\"0x8DCEFAAB9B72B0B\"",
        "Last-Modified": "Fri, 18 Oct 2024 19:26:11 GMT",
        "Server": [
          "Windows-Azure-Blob/1.0",
          "Microsoft-HTTPAPI/2.0"
        ],
        "x-ms-blob-sequence-number": "0",
        "x-ms-blob-type": "PageBlob",
        "x-ms-client-request-id": "Sanitized",
        "x-ms-creation-time": "Fri, 18 Oct 2024 19:26:11 GMT",
        "x-ms-is-current-version": "true",
        "x-ms-lease-state": "available",
        "x-ms-lease-status": "unlocked",
        "x-ms-meta-Capital": "letter",
        "x-ms-meta-foo": "bar",
        "x-ms-meta-meta": "data",
        "x-ms-meta-UPPER": "case",
        "x-ms-request-id": "03ae59ef-301e-0086-7f93-21167b000000",
        "x-ms-server-encrypted": "true",
        "x-ms-version": "2025-01-05",
        "x-ms-version-id": "2024-10-18T19:26:11.9035659Z"
      },
      "ResponseBody": null
    },
    {
      "RequestUri": "https://jalauzonnettest.blob.core.windows.net/test-container-84b43935-05c7-1a92-b25e-da7702b96b50/destFolder/bar/test-file-ebde0f2d-51ce-598f-57d6-992784630e65",
      "RequestMethod": "HEAD",
      "RequestHeaders": {
        "Accept": "application/xml",
        "Authorization": "Sanitized",
        "traceparent": "00-6b1f7d9710a1099b6a074debc02811ce-2fb6515709e64f42-00",
        "User-Agent": "azsdk-net-Storage.Blobs/12.23.0-alpha.20241018.1 (.NET 8.0.10; Microsoft Windows 10.0.22631)",
        "x-ms-client-request-id": "Sanitized",
        "x-ms-date": "Fri, 18 Oct 2024 19:26:12 GMT",
        "x-ms-return-client-request-id": "true",
        "x-ms-version": "2025-01-05"
      },
      "RequestBody": null,
      "StatusCode": 200,
      "ResponseHeaders": {
        "Accept-Ranges": "bytes",
        "Content-Length": "0",
        "Content-Type": "application/octet-stream",
        "Date": "Fri, 18 Oct 2024 19:26:12 GMT",
        "ETag": "\"0x8DCEFAAB9D20225\"",
        "Last-Modified": "Fri, 18 Oct 2024 19:26:12 GMT",
        "Server": [
          "Windows-Azure-Blob/1.0",
          "Microsoft-HTTPAPI/2.0"
        ],
        "x-ms-blob-committed-block-count": "0",
        "x-ms-blob-type": "AppendBlob",
        "x-ms-client-request-id": "Sanitized",
        "x-ms-creation-time": "Fri, 18 Oct 2024 19:26:12 GMT",
        "x-ms-is-current-version": "true",
        "x-ms-lease-state": "available",
        "x-ms-lease-status": "unlocked",
        "x-ms-request-id": "03ae59f0-301e-0086-8093-21167b000000",
        "x-ms-server-encrypted": "true",
        "x-ms-version": "2025-01-05",
        "x-ms-version-id": "2024-10-18T19:26:12.0794661Z"
      },
      "ResponseBody": null
    },
    {
      "RequestUri": "https://jalauzonnettest.blob.core.windows.net/test-container-84b43935-05c7-1a92-b25e-da7702b96b50/destFolder/bar/test-file-ebde0f2d-51ce-598f-57d6-992784630e65",
      "RequestMethod": "HEAD",
      "RequestHeaders": {
        "Accept": "application/xml",
        "Authorization": "Sanitized",
        "traceparent": "00-6d087ce79321e77e86e6d92da7384f36-bd6a4e7bbf4cacd8-00",
        "User-Agent": "azsdk-net-Storage.Blobs/12.23.0-alpha.20241018.1 (.NET 8.0.10; Microsoft Windows 10.0.22631)",
        "x-ms-client-request-id": "Sanitized",
        "x-ms-date": "Fri, 18 Oct 2024 19:26:12 GMT",
        "x-ms-return-client-request-id": "true",
        "x-ms-version": "2025-01-05"
      },
      "RequestBody": null,
      "StatusCode": 200,
      "ResponseHeaders": {
        "Accept-Ranges": "bytes",
        "Content-Length": "0",
        "Content-Type": "application/octet-stream",
        "Date": "Fri, 18 Oct 2024 19:26:12 GMT",
        "ETag": "\"0x8DCEFAAB9D20225\"",
        "Last-Modified": "Fri, 18 Oct 2024 19:26:12 GMT",
        "Server": [
          "Windows-Azure-Blob/1.0",
          "Microsoft-HTTPAPI/2.0"
        ],
        "x-ms-blob-committed-block-count": "0",
        "x-ms-blob-type": "AppendBlob",
        "x-ms-client-request-id": "Sanitized",
        "x-ms-creation-time": "Fri, 18 Oct 2024 19:26:12 GMT",
        "x-ms-is-current-version": "true",
        "x-ms-lease-state": "available",
        "x-ms-lease-status": "unlocked",
        "x-ms-request-id": "03ae59f4-301e-0086-0493-21167b000000",
        "x-ms-server-encrypted": "true",
        "x-ms-version": "2025-01-05",
        "x-ms-version-id": "2024-10-18T19:26:12.0794661Z"
      },
      "ResponseBody": null
    },
    {
      "RequestUri": "https://jalauzonnettest.blob.core.windows.net/test-container-84b43935-05c7-1a92-b25e-da7702b96b50/destFolder/bar/test-file-ebde0f2d-51ce-598f-57d6-992784630e65?comp=tags",
      "RequestMethod": "GET",
      "RequestHeaders": {
        "Accept": "application/xml",
        "Authorization": "Sanitized",
        "traceparent": "00-d0b9dd753bfad11004e13dd8953ed4cc-f5c348ad8b4b0d21-00",
        "User-Agent": "azsdk-net-Storage.Blobs/12.23.0-alpha.20241018.1 (.NET 8.0.10; Microsoft Windows 10.0.22631)",
        "x-ms-client-request-id": "Sanitized",
        "x-ms-date": "Fri, 18 Oct 2024 19:26:12 GMT",
        "x-ms-return-client-request-id": "true",
        "x-ms-version": "2025-01-05"
      },
      "RequestBody": null,
      "StatusCode": 200,
      "ResponseHeaders": {
        "Content-Length": "64",
        "Content-Type": "application/xml",
        "Date": "Fri, 18 Oct 2024 19:26:12 GMT",
        "Server": [
          "Windows-Azure-Blob/1.0",
          "Microsoft-HTTPAPI/2.0"
        ],
        "x-ms-client-request-id": "Sanitized",
        "x-ms-request-id": "03ae59f7-301e-0086-0693-21167b000000",
        "x-ms-version": "2025-01-05"
      },
      "ResponseBody": [
        "\uFEFF<?xml version=\"1.0\" encoding=\"utf-8\"?>\n",
        "<Tags><TagSet/></Tags>"
      ]
    },
    {
      "RequestUri": "https://jalauzonnettest.blob.core.windows.net/test-container-d1911067-538c-ce3e-cffa-ed0d16014ea6/sourceFolder/pik/test-file-e9a8e0f9-6ce3-06c1-36ac-6957f08741b4?sv=Sanitized&se=2024-10-19T19%3A26%3A11Z&sr=c&sp=racwdxltfi&sig=Sanitized",
      "RequestMethod": "HEAD",
      "RequestHeaders": {
        "Accept": "application/xml",
        "User-Agent": "azsdk-net-Storage.Blobs/12.23.0-alpha.20241018.1 (.NET 8.0.10; Microsoft Windows 10.0.22631)",
        "x-ms-client-request-id": "Sanitized",
        "x-ms-return-client-request-id": "true",
        "x-ms-version": "2025-01-05"
      },
      "RequestBody": null,
      "StatusCode": 200,
      "ResponseHeaders": {
        "Accept-Ranges": "bytes",
        "Cache-Control": "no-cache",
        "Content-Disposition": "inline",
        "Content-Language": "en-US",
        "Content-Length": "0",
        "Content-Type": "text/plain",
        "Date": "Fri, 18 Oct 2024 19:26:12 GMT",
        "ETag": "\"0x8DCEFAAB9BE07DB\"",
        "Last-Modified": "Fri, 18 Oct 2024 19:26:11 GMT",
        "Server": [
          "Windows-Azure-Blob/1.0",
          "Microsoft-HTTPAPI/2.0"
        ],
        "x-ms-blob-sequence-number": "0",
        "x-ms-blob-type": "PageBlob",
        "x-ms-client-request-id": "Sanitized",
        "x-ms-creation-time": "Fri, 18 Oct 2024 19:26:11 GMT",
        "x-ms-is-current-version": "true",
        "x-ms-lease-state": "available",
        "x-ms-lease-status": "unlocked",
        "x-ms-meta-Capital": "letter",
        "x-ms-meta-foo": "bar",
        "x-ms-meta-meta": "data",
        "x-ms-meta-UPPER": "case",
        "x-ms-request-id": "03ae59fb-301e-0086-0993-21167b000000",
        "x-ms-server-encrypted": "true",
        "x-ms-version": "2025-01-05",
        "x-ms-version-id": "2024-10-18T19:26:11.9485403Z"
      },
      "ResponseBody": null
    },
    {
      "RequestUri": "https://jalauzonnettest.blob.core.windows.net/test-container-84b43935-05c7-1a92-b25e-da7702b96b50/destFolder/pik/test-file-e9a8e0f9-6ce3-06c1-36ac-6957f08741b4",
      "RequestMethod": "HEAD",
      "RequestHeaders": {
        "Accept": "application/xml",
        "Authorization": "Sanitized",
        "traceparent": "00-3b78acd6fb3f8c342285d559318b46ba-b80671ed8a877812-00",
        "User-Agent": "azsdk-net-Storage.Blobs/12.23.0-alpha.20241018.1 (.NET 8.0.10; Microsoft Windows 10.0.22631)",
        "x-ms-client-request-id": "Sanitized",
        "x-ms-date": "Fri, 18 Oct 2024 19:26:12 GMT",
        "x-ms-return-client-request-id": "true",
        "x-ms-version": "2025-01-05"
      },
      "RequestBody": null,
      "StatusCode": 200,
      "ResponseHeaders": {
        "Accept-Ranges": "bytes",
        "Content-Length": "0",
        "Content-Type": "application/octet-stream",
        "Date": "Fri, 18 Oct 2024 19:26:12 GMT",
        "ETag": "\"0x8DCEFAAB9D2C55A\"",
        "Last-Modified": "Fri, 18 Oct 2024 19:26:12 GMT",
        "Server": [
          "Windows-Azure-Blob/1.0",
          "Microsoft-HTTPAPI/2.0"
        ],
        "x-ms-blob-committed-block-count": "0",
        "x-ms-blob-type": "AppendBlob",
        "x-ms-client-request-id": "Sanitized",
        "x-ms-creation-time": "Fri, 18 Oct 2024 19:26:12 GMT",
        "x-ms-is-current-version": "true",
        "x-ms-lease-state": "available",
        "x-ms-lease-status": "unlocked",
        "x-ms-request-id": "03ae59fd-301e-0086-0b93-21167b000000",
        "x-ms-server-encrypted": "true",
        "x-ms-version": "2025-01-05",
        "x-ms-version-id": "2024-10-18T19:26:12.0844634Z"
      },
      "ResponseBody": null
    },
    {
      "RequestUri": "https://jalauzonnettest.blob.core.windows.net/test-container-84b43935-05c7-1a92-b25e-da7702b96b50/destFolder/pik/test-file-e9a8e0f9-6ce3-06c1-36ac-6957f08741b4",
      "RequestMethod": "HEAD",
      "RequestHeaders": {
        "Accept": "application/xml",
        "Authorization": "Sanitized",
        "traceparent": "00-9512c0b87dd38931dd4f9db9a3e4224f-044cf0fd42c5de63-00",
        "User-Agent": "azsdk-net-Storage.Blobs/12.23.0-alpha.20241018.1 (.NET 8.0.10; Microsoft Windows 10.0.22631)",
        "x-ms-client-request-id": "Sanitized",
        "x-ms-date": "Fri, 18 Oct 2024 19:26:12 GMT",
        "x-ms-return-client-request-id": "true",
        "x-ms-version": "2025-01-05"
      },
      "RequestBody": null,
      "StatusCode": 200,
      "ResponseHeaders": {
        "Accept-Ranges": "bytes",
        "Content-Length": "0",
        "Content-Type": "application/octet-stream",
        "Date": "Fri, 18 Oct 2024 19:26:12 GMT",
        "ETag": "\"0x8DCEFAAB9D2C55A\"",
        "Last-Modified": "Fri, 18 Oct 2024 19:26:12 GMT",
        "Server": [
          "Windows-Azure-Blob/1.0",
          "Microsoft-HTTPAPI/2.0"
        ],
        "x-ms-blob-committed-block-count": "0",
        "x-ms-blob-type": "AppendBlob",
        "x-ms-client-request-id": "Sanitized",
        "x-ms-creation-time": "Fri, 18 Oct 2024 19:26:12 GMT",
        "x-ms-is-current-version": "true",
        "x-ms-lease-state": "available",
        "x-ms-lease-status": "unlocked",
        "x-ms-request-id": "03ae5a00-301e-0086-0e93-21167b000000",
        "x-ms-server-encrypted": "true",
        "x-ms-version": "2025-01-05",
        "x-ms-version-id": "2024-10-18T19:26:12.0844634Z"
      },
      "ResponseBody": null
    },
    {
      "RequestUri": "https://jalauzonnettest.blob.core.windows.net/test-container-84b43935-05c7-1a92-b25e-da7702b96b50/destFolder/pik/test-file-e9a8e0f9-6ce3-06c1-36ac-6957f08741b4?comp=tags",
      "RequestMethod": "GET",
      "RequestHeaders": {
        "Accept": "application/xml",
        "Authorization": "Sanitized",
        "traceparent": "00-ac0c0f5205af00368cfa47d273ef267f-831a30595a398757-00",
        "User-Agent": "azsdk-net-Storage.Blobs/12.23.0-alpha.20241018.1 (.NET 8.0.10; Microsoft Windows 10.0.22631)",
        "x-ms-client-request-id": "Sanitized",
        "x-ms-date": "Fri, 18 Oct 2024 19:26:12 GMT",
        "x-ms-return-client-request-id": "true",
        "x-ms-version": "2025-01-05"
      },
      "RequestBody": null,
      "StatusCode": 200,
      "ResponseHeaders": {
        "Content-Length": "64",
        "Content-Type": "application/xml",
        "Date": "Fri, 18 Oct 2024 19:26:12 GMT",
        "Server": [
          "Windows-Azure-Blob/1.0",
          "Microsoft-HTTPAPI/2.0"
        ],
        "x-ms-client-request-id": "Sanitized",
        "x-ms-request-id": "03ae5a03-301e-0086-1093-21167b000000",
        "x-ms-version": "2025-01-05"
      },
      "ResponseBody": [
        "\uFEFF<?xml version=\"1.0\" encoding=\"utf-8\"?>\n",
        "<Tags><TagSet/></Tags>"
      ]
    },
    {
      "RequestUri": "https://jalauzonnettest.blob.core.windows.net/test-container-d1911067-538c-ce3e-cffa-ed0d16014ea6/sourceFolder/test-file-595f13fc-7496-bc07-9170-9f3b4dd33109?sv=Sanitized&se=2024-10-19T19%3A26%3A11Z&sr=c&sp=racwdxltfi&sig=Sanitized",
      "RequestMethod": "HEAD",
      "RequestHeaders": {
        "Accept": "application/xml",
        "User-Agent": "azsdk-net-Storage.Blobs/12.23.0-alpha.20241018.1 (.NET 8.0.10; Microsoft Windows 10.0.22631)",
        "x-ms-client-request-id": "Sanitized",
        "x-ms-return-client-request-id": "true",
        "x-ms-version": "2025-01-05"
      },
      "RequestBody": null,
      "StatusCode": 200,
      "ResponseHeaders": {
        "Accept-Ranges": "bytes",
        "Cache-Control": "no-cache",
        "Content-Disposition": "inline",
        "Content-Language": "en-US",
        "Content-Length": "0",
        "Content-Type": "text/plain",
        "Date": "Fri, 18 Oct 2024 19:26:12 GMT",
        "ETag": "\"0x8DCEFAAB9A8872A\"",
        "Last-Modified": "Fri, 18 Oct 2024 19:26:11 GMT",
        "Server": [
          "Windows-Azure-Blob/1.0",
          "Microsoft-HTTPAPI/2.0"
        ],
        "x-ms-blob-sequence-number": "0",
        "x-ms-blob-type": "PageBlob",
        "x-ms-client-request-id": "Sanitized",
        "x-ms-creation-time": "Fri, 18 Oct 2024 19:26:11 GMT",
        "x-ms-is-current-version": "true",
        "x-ms-lease-state": "available",
        "x-ms-lease-status": "unlocked",
        "x-ms-meta-Capital": "letter",
        "x-ms-meta-foo": "bar",
        "x-ms-meta-meta": "data",
        "x-ms-meta-UPPER": "case",
        "x-ms-request-id": "03ae5a06-301e-0086-1293-21167b000000",
        "x-ms-server-encrypted": "true",
        "x-ms-version": "2025-01-05",
        "x-ms-version-id": "2024-10-18T19:26:11.8076202Z"
      },
      "ResponseBody": null
    },
    {
      "RequestUri": "https://jalauzonnettest.blob.core.windows.net/test-container-84b43935-05c7-1a92-b25e-da7702b96b50/destFolder/test-file-595f13fc-7496-bc07-9170-9f3b4dd33109",
      "RequestMethod": "HEAD",
      "RequestHeaders": {
        "Accept": "application/xml",
        "Authorization": "Sanitized",
        "traceparent": "00-2a8083daacc6cb850dc058b09797c119-66cf13a8d72a6a27-00",
        "User-Agent": "azsdk-net-Storage.Blobs/12.23.0-alpha.20241018.1 (.NET 8.0.10; Microsoft Windows 10.0.22631)",
        "x-ms-client-request-id": "Sanitized",
        "x-ms-date": "Fri, 18 Oct 2024 19:26:12 GMT",
        "x-ms-return-client-request-id": "true",
        "x-ms-version": "2025-01-05"
      },
      "RequestBody": null,
      "StatusCode": 200,
      "ResponseHeaders": {
        "Accept-Ranges": "bytes",
        "Content-Length": "0",
        "Content-Type": "application/octet-stream",
        "Date": "Fri, 18 Oct 2024 19:26:12 GMT",
        "ETag": "\"0x8DCEFAAB9D2EC62\"",
        "Last-Modified": "Fri, 18 Oct 2024 19:26:12 GMT",
        "Server": [
          "Windows-Azure-Blob/1.0",
          "Microsoft-HTTPAPI/2.0"
        ],
        "x-ms-blob-committed-block-count": "0",
        "x-ms-blob-type": "AppendBlob",
        "x-ms-client-request-id": "Sanitized",
        "x-ms-creation-time": "Fri, 18 Oct 2024 19:26:12 GMT",
        "x-ms-is-current-version": "true",
        "x-ms-lease-state": "available",
        "x-ms-lease-status": "unlocked",
        "x-ms-request-id": "03ae5a08-301e-0086-1493-21167b000000",
        "x-ms-server-encrypted": "true",
        "x-ms-version": "2025-01-05",
        "x-ms-version-id": "2024-10-18T19:26:12.0854626Z"
      },
      "ResponseBody": null
    },
    {
      "RequestUri": "https://jalauzonnettest.blob.core.windows.net/test-container-84b43935-05c7-1a92-b25e-da7702b96b50/destFolder/test-file-595f13fc-7496-bc07-9170-9f3b4dd33109",
      "RequestMethod": "HEAD",
      "RequestHeaders": {
        "Accept": "application/xml",
        "Authorization": "Sanitized",
        "traceparent": "00-3fe0c0e3603761c1bbccce762ca4d35f-5357eace44d2fb13-00",
        "User-Agent": "azsdk-net-Storage.Blobs/12.23.0-alpha.20241018.1 (.NET 8.0.10; Microsoft Windows 10.0.22631)",
        "x-ms-client-request-id": "Sanitized",
        "x-ms-date": "Fri, 18 Oct 2024 19:26:12 GMT",
        "x-ms-return-client-request-id": "true",
        "x-ms-version": "2025-01-05"
      },
      "RequestBody": null,
      "StatusCode": 200,
      "ResponseHeaders": {
        "Accept-Ranges": "bytes",
        "Content-Length": "0",
        "Content-Type": "application/octet-stream",
        "Date": "Fri, 18 Oct 2024 19:26:12 GMT",
        "ETag": "\"0x8DCEFAAB9D2EC62\"",
        "Last-Modified": "Fri, 18 Oct 2024 19:26:12 GMT",
        "Server": [
          "Windows-Azure-Blob/1.0",
          "Microsoft-HTTPAPI/2.0"
        ],
        "x-ms-blob-committed-block-count": "0",
        "x-ms-blob-type": "AppendBlob",
        "x-ms-client-request-id": "Sanitized",
        "x-ms-creation-time": "Fri, 18 Oct 2024 19:26:12 GMT",
        "x-ms-is-current-version": "true",
        "x-ms-lease-state": "available",
        "x-ms-lease-status": "unlocked",
        "x-ms-request-id": "03ae5a0a-301e-0086-1693-21167b000000",
        "x-ms-server-encrypted": "true",
        "x-ms-version": "2025-01-05",
        "x-ms-version-id": "2024-10-18T19:26:12.0854626Z"
      },
      "ResponseBody": null
    },
    {
      "RequestUri": "https://jalauzonnettest.blob.core.windows.net/test-container-84b43935-05c7-1a92-b25e-da7702b96b50/destFolder/test-file-595f13fc-7496-bc07-9170-9f3b4dd33109?comp=tags",
      "RequestMethod": "GET",
      "RequestHeaders": {
        "Accept": "application/xml",
        "Authorization": "Sanitized",
        "traceparent": "00-2cad824ba33f4954b4fd36a9945d33fd-6267f704f1d7a2b1-00",
        "User-Agent": "azsdk-net-Storage.Blobs/12.23.0-alpha.20241018.1 (.NET 8.0.10; Microsoft Windows 10.0.22631)",
        "x-ms-client-request-id": "Sanitized",
        "x-ms-date": "Fri, 18 Oct 2024 19:26:12 GMT",
        "x-ms-return-client-request-id": "true",
        "x-ms-version": "2025-01-05"
      },
      "RequestBody": null,
      "StatusCode": 200,
      "ResponseHeaders": {
        "Content-Length": "64",
        "Content-Type": "application/xml",
        "Date": "Fri, 18 Oct 2024 19:26:12 GMT",
        "Server": [
          "Windows-Azure-Blob/1.0",
          "Microsoft-HTTPAPI/2.0"
        ],
        "x-ms-client-request-id": "Sanitized",
        "x-ms-request-id": "03ae5a0b-301e-0086-1793-21167b000000",
        "x-ms-version": "2025-01-05"
      },
      "ResponseBody": [
        "\uFEFF<?xml version=\"1.0\" encoding=\"utf-8\"?>\n",
        "<Tags><TagSet/></Tags>"
      ]
    },
    {
      "RequestUri": "https://jalauzonnettest.blob.core.windows.net/test-container-d1911067-538c-ce3e-cffa-ed0d16014ea6/sourceFolder/test-file-b7e8a844-4369-3584-5755-9d165609f309?sv=Sanitized&se=2024-10-19T19%3A26%3A11Z&sr=c&sp=racwdxltfi&sig=Sanitized",
      "RequestMethod": "HEAD",
      "RequestHeaders": {
        "Accept": "application/xml",
        "User-Agent": "azsdk-net-Storage.Blobs/12.23.0-alpha.20241018.1 (.NET 8.0.10; Microsoft Windows 10.0.22631)",
        "x-ms-client-request-id": "Sanitized",
        "x-ms-return-client-request-id": "true",
        "x-ms-version": "2025-01-05"
      },
      "RequestBody": null,
      "StatusCode": 200,
      "ResponseHeaders": {
        "Accept-Ranges": "bytes",
        "Cache-Control": "no-cache",
        "Content-Disposition": "inline",
        "Content-Language": "en-US",
        "Content-Length": "0",
        "Content-Type": "text/plain",
        "Date": "Fri, 18 Oct 2024 19:26:12 GMT",
        "ETag": "\"0x8DCEFAAB9AF63FB\"",
        "Last-Modified": "Fri, 18 Oct 2024 19:26:11 GMT",
        "Server": [
          "Windows-Azure-Blob/1.0",
          "Microsoft-HTTPAPI/2.0"
        ],
        "x-ms-blob-sequence-number": "0",
        "x-ms-blob-type": "PageBlob",
        "x-ms-client-request-id": "Sanitized",
        "x-ms-creation-time": "Fri, 18 Oct 2024 19:26:11 GMT",
        "x-ms-is-current-version": "true",
        "x-ms-lease-state": "available",
        "x-ms-lease-status": "unlocked",
        "x-ms-meta-Capital": "letter",
        "x-ms-meta-foo": "bar",
        "x-ms-meta-meta": "data",
        "x-ms-meta-UPPER": "case",
        "x-ms-request-id": "03ae5a0c-301e-0086-1893-21167b000000",
        "x-ms-server-encrypted": "true",
        "x-ms-version": "2025-01-05",
        "x-ms-version-id": "2024-10-18T19:26:11.8525947Z"
      },
      "ResponseBody": null
    },
    {
      "RequestUri": "https://jalauzonnettest.blob.core.windows.net/test-container-84b43935-05c7-1a92-b25e-da7702b96b50/destFolder/test-file-b7e8a844-4369-3584-5755-9d165609f309",
      "RequestMethod": "HEAD",
      "RequestHeaders": {
        "Accept": "application/xml",
        "Authorization": "Sanitized",
        "traceparent": "00-f47785e2b3f4f3d0eefc4e00385a2263-ec0b9400fba7163e-00",
        "User-Agent": "azsdk-net-Storage.Blobs/12.23.0-alpha.20241018.1 (.NET 8.0.10; Microsoft Windows 10.0.22631)",
        "x-ms-client-request-id": "Sanitized",
        "x-ms-date": "Fri, 18 Oct 2024 19:26:12 GMT",
        "x-ms-return-client-request-id": "true",
        "x-ms-version": "2025-01-05"
      },
      "RequestBody": null,
      "StatusCode": 200,
      "ResponseHeaders": {
        "Accept-Ranges": "bytes",
        "Content-Length": "0",
        "Content-Type": "application/octet-stream",
        "Date": "Fri, 18 Oct 2024 19:26:12 GMT",
        "ETag": "\"0x8DCEFAAB9D2EC62\"",
        "Last-Modified": "Fri, 18 Oct 2024 19:26:12 GMT",
        "Server": [
          "Windows-Azure-Blob/1.0",
          "Microsoft-HTTPAPI/2.0"
        ],
        "x-ms-blob-committed-block-count": "0",
        "x-ms-blob-type": "AppendBlob",
        "x-ms-client-request-id": "Sanitized",
        "x-ms-creation-time": "Fri, 18 Oct 2024 19:26:12 GMT",
        "x-ms-is-current-version": "true",
        "x-ms-lease-state": "available",
        "x-ms-lease-status": "unlocked",
        "x-ms-request-id": "03ae5a0d-301e-0086-1993-21167b000000",
        "x-ms-server-encrypted": "true",
        "x-ms-version": "2025-01-05",
        "x-ms-version-id": "2024-10-18T19:26:12.0854626Z"
      },
      "ResponseBody": null
    },
    {
      "RequestUri": "https://jalauzonnettest.blob.core.windows.net/test-container-84b43935-05c7-1a92-b25e-da7702b96b50/destFolder/test-file-b7e8a844-4369-3584-5755-9d165609f309",
      "RequestMethod": "HEAD",
      "RequestHeaders": {
        "Accept": "application/xml",
        "Authorization": "Sanitized",
        "traceparent": "00-6dc98e391bb2d139a2affb7867998629-bf1baad5252d73f7-00",
        "User-Agent": "azsdk-net-Storage.Blobs/12.23.0-alpha.20241018.1 (.NET 8.0.10; Microsoft Windows 10.0.22631)",
        "x-ms-client-request-id": "Sanitized",
        "x-ms-date": "Fri, 18 Oct 2024 19:26:12 GMT",
        "x-ms-return-client-request-id": "true",
        "x-ms-version": "2025-01-05"
      },
      "RequestBody": null,
      "StatusCode": 200,
      "ResponseHeaders": {
        "Accept-Ranges": "bytes",
        "Content-Length": "0",
        "Content-Type": "application/octet-stream",
        "Date": "Fri, 18 Oct 2024 19:26:12 GMT",
        "ETag": "\"0x8DCEFAAB9D2EC62\"",
        "Last-Modified": "Fri, 18 Oct 2024 19:26:12 GMT",
        "Server": [
          "Windows-Azure-Blob/1.0",
          "Microsoft-HTTPAPI/2.0"
        ],
        "x-ms-blob-committed-block-count": "0",
        "x-ms-blob-type": "AppendBlob",
        "x-ms-client-request-id": "Sanitized",
        "x-ms-creation-time": "Fri, 18 Oct 2024 19:26:12 GMT",
        "x-ms-is-current-version": "true",
        "x-ms-lease-state": "available",
        "x-ms-lease-status": "unlocked",
        "x-ms-request-id": "03ae5a0e-301e-0086-1a93-21167b000000",
        "x-ms-server-encrypted": "true",
        "x-ms-version": "2025-01-05",
        "x-ms-version-id": "2024-10-18T19:26:12.0854626Z"
      },
      "ResponseBody": null
    },
    {
      "RequestUri": "https://jalauzonnettest.blob.core.windows.net/test-container-84b43935-05c7-1a92-b25e-da7702b96b50/destFolder/test-file-b7e8a844-4369-3584-5755-9d165609f309?comp=tags",
      "RequestMethod": "GET",
      "RequestHeaders": {
        "Accept": "application/xml",
        "Authorization": "Sanitized",
        "traceparent": "00-cf8189428af52c250543bd0d5db73c10-dad98390fc6c7ebb-00",
        "User-Agent": "azsdk-net-Storage.Blobs/12.23.0-alpha.20241018.1 (.NET 8.0.10; Microsoft Windows 10.0.22631)",
        "x-ms-client-request-id": "Sanitized",
        "x-ms-date": "Fri, 18 Oct 2024 19:26:13 GMT",
        "x-ms-return-client-request-id": "true",
        "x-ms-version": "2025-01-05"
      },
      "RequestBody": null,
      "StatusCode": 200,
      "ResponseHeaders": {
        "Content-Length": "64",
        "Content-Type": "application/xml",
        "Date": "Fri, 18 Oct 2024 19:26:12 GMT",
        "Server": [
          "Windows-Azure-Blob/1.0",
          "Microsoft-HTTPAPI/2.0"
        ],
        "x-ms-client-request-id": "Sanitized",
        "x-ms-request-id": "03ae5a18-301e-0086-2393-21167b000000",
        "x-ms-version": "2025-01-05"
      },
      "ResponseBody": [
        "\uFEFF<?xml version=\"1.0\" encoding=\"utf-8\"?>\n",
        "<Tags><TagSet/></Tags>"
      ]
    },
    {
      "RequestUri": "https://jalauzonnettest.blob.core.windows.net/test-container-84b43935-05c7-1a92-b25e-da7702b96b50?restype=container",
      "RequestMethod": "DELETE",
      "RequestHeaders": {
        "Accept": "application/xml",
        "Authorization": "Sanitized",
        "traceparent": "00-c80f21f67fb71e7d09266472f774ba27-01a6e37003a1af82-00",
        "User-Agent": "azsdk-net-Storage.Blobs/12.23.0-alpha.20241018.1 (.NET 8.0.10; Microsoft Windows 10.0.22631)",
        "x-ms-client-request-id": "Sanitized",
        "x-ms-date": "Fri, 18 Oct 2024 19:26:13 GMT",
        "x-ms-return-client-request-id": "true",
        "x-ms-version": "2025-01-05"
      },
      "RequestBody": null,
      "StatusCode": 202,
      "ResponseHeaders": {
        "Content-Length": "0",
        "Date": "Fri, 18 Oct 2024 19:26:12 GMT",
        "Server": [
          "Windows-Azure-Blob/1.0",
          "Microsoft-HTTPAPI/2.0"
        ],
        "x-ms-client-request-id": "Sanitized",
        "x-ms-request-id": "03ae5a1b-301e-0086-2693-21167b000000",
        "x-ms-version": "2025-01-05"
      },
      "ResponseBody": null
    },
    {
      "RequestUri": "https://jalauzonnettest.blob.core.windows.net/test-container-d1911067-538c-ce3e-cffa-ed0d16014ea6?sv=Sanitized&se=2024-10-19T19%3A26%3A11Z&sr=c&sp=racwdxltfi&sig=Sanitized&restype=container",
      "RequestMethod": "DELETE",
      "RequestHeaders": {
        "Accept": "application/xml",
        "User-Agent": "azsdk-net-Storage.Blobs/12.23.0-alpha.20241018.1 (.NET 8.0.10; Microsoft Windows 10.0.22631)",
        "x-ms-client-request-id": "Sanitized",
        "x-ms-return-client-request-id": "true",
        "x-ms-version": "2025-01-05"
      },
      "RequestBody": null,
      "StatusCode": 403,
      "ResponseHeaders": {
        "Content-Length": "246",
        "Content-Type": "application/xml",
        "Date": "Fri, 18 Oct 2024 19:26:12 GMT",
        "Server": [
          "Windows-Azure-Blob/1.0",
          "Microsoft-HTTPAPI/2.0"
        ],
        "x-ms-client-request-id": "Sanitized",
        "x-ms-error-code": "AuthorizationFailure",
        "x-ms-request-id": "03ae5a1f-301e-0086-2993-21167b000000",
        "x-ms-version": "2025-01-05"
      },
      "ResponseBody": [
        "\uFEFF<?xml version=\"1.0\" encoding=\"utf-8\"?><Error><Code>AuthorizationFailure</Code><Message>This request is not authorized to perform this operation.\n",
        "RequestId:03ae5a1f-301e-0086-2993-21167b000000\n",
        "Time:2024-10-18T19:26:13.1108972Z</Message></Error>"
      ]
    }
  ],
  "Variables": {
    "DateTimeOffsetNow": "2024-10-18T12:26:11.7270245-07:00",
    "RandomSeed": "1637059347",
    "Storage_TestConfigDefault": "ProductionTenant\njalauzonnettest\nU2FuaXRpemVk\nhttps://jalauzonnettest.blob.core.windows.net\nhttps://jalauzonnettest.file.core.windows.net\nhttps://jalauzonnettest.queue.core.windows.net\nhttps://jalauzonnettest.table.core.windows.net\n\n\n\n\nhttps://jalauzonnettest-secondary.blob.core.windows.net\nhttps://jalauzonnettest-secondary.file.core.windows.net\nhttps://jalauzonnettest-secondary.queue.core.windows.net\nhttps://jalauzonnettest-secondary.table.core.windows.net\nCloud\nBlobEndpoint=https://jalauzonnettest.blob.core.windows.net/;QueueEndpoint=https://jalauzonnettest.queue.core.windows.net/;FileEndpoint=https://jalauzonnettest.file.core.windows.net/;BlobSecondaryEndpoint=https://jalauzonnettest-secondary.blob.core.windows.net/;QueueSecondaryEndpoint=https://jalauzonnettest-secondary.queue.core.windows.net/;FileSecondaryEndpoint=https://jalauzonnettest-secondary.file.core.windows.net/;AccountName=jalauzonnettest;AccountKey=Sanitized\ntestscope1\n\n"
  }
}
