{
  "Entries": [
    {
      "RequestUri": "https://sanitized.comminication.azure.com/routing/distributionPolicies/F041E0FDFB42816D4646D007BF12D6A70D81F203C6CFA1CD46?api-version=2023-11-01",
      "RequestMethod": "PATCH",
      "RequestHeaders": {
        "Accept": "application/json",
        "Authorization": "Sanitized",
        "Content-Length": "145",
        "Content-Type": "application/merge-patch\u002Bjson",
        "traceparent": "00-ce1fc3e1058bb582c68ba55555441b32-5d0f226ddd9440fc-00",
        "User-Agent": "azsdk-net-Communication.JobRouter/1.1.0-alpha.20240208.1 (.NET 7.0.15; Microsoft Windows 10.0.23585)",
        "x-ms-client-request-id": "a0a4c97c53313749cf56c51a9cca057b",
        "x-ms-content-sha256": "Sanitized",
        "x-ms-date": "Thu, 08 Feb 2024 19:06:19 GMT",
        "x-ms-return-client-request-id": "true"
      },
      "RequestBody": {
        "name": "Simple-Queue-Distribution",
        "offerExpiresAfterSeconds": 600,
        "mode": {
          "minConcurrentOffers": 1,
          "maxConcurrentOffers": 1,
          "kind": "longestIdle"
        }
      },
      "StatusCode": 201,
      "ResponseHeaders": {
        "api-supported-versions": "2021-04-07-preview1, 2022-07-18-preview, 2023-08-25-preview, 2023-11-01",
        "Connection": "keep-alive",
        "Content-Type": "application/json; charset=utf-8",
        "Date": "Thu, 08 Feb 2024 19:06:19 GMT",
        "ETag": "\u00220200ac81-0000-0700-0000-65c5262b0000\u0022",
        "Last-Modified": "Thu, 08 Feb 2024 19:06:19 GMT",
        "Request-Context": "appId=",
        "trace-id": "ce1fc3e1-058b-b582-c68b-a55555441b32",
        "Transfer-Encoding": "chunked",
        "x-azure-ref": "20240208T190619Z-t038zgkskx5md2h08rsthbhnhc00000000ug000000003mkr",
        "X-Cache": "CONFIG_NOCACHE"
      },
      "ResponseBody": {
        "id": "F041E0FDFB42816D4646D007BF12D6A70D81F203C6CFA1CD46",
        "name": "Simple-Queue-Distribution",
        "offerExpiresAfterSeconds": 600,
        "mode": {
          "kind": "longestIdle",
          "minConcurrentOffers": 1,
          "maxConcurrentOffers": 1,
          "bypassSelectors": false
        },
        "etag": "\u00220200ac81-0000-0700-0000-65c5262b0000\u0022"
      }
    },
    {
      "RequestUri": "https://sanitized.comminication.azure.com/routing/queues/10946DBA0D9A3528532AF1790636B34AC5F60EE5E590D433E2?api-version=2023-11-01",
      "RequestMethod": "PATCH",
      "RequestHeaders": {
        "Accept": "application/json",
        "Authorization": "Sanitized",
        "Content-Length": "299",
        "Content-Type": "application/merge-patch\u002Bjson",
        "traceparent": "00-1950d973647d943c878b3645c34068c4-7a408c7c7ed3ffd0-00",
        "User-Agent": "azsdk-net-Communication.JobRouter/1.1.0-alpha.20240208.1 (.NET 7.0.15; Microsoft Windows 10.0.23585)",
        "x-ms-client-request-id": "1a4e2b7b9d0d19a10373ca399a5381c2",
        "x-ms-content-sha256": "Sanitized",
        "x-ms-date": "Thu, 08 Feb 2024 19:06:20 GMT",
        "x-ms-return-client-request-id": "true"
      },
      "RequestBody": {
        "name": "test",
        "distributionPolicyId": "F041E0FDFB42816D4646D007BF12D6A70D81F203C6CFA1CD46",
        "labels": {
          "Region": "10946DBA0D9A3528532AF1790636B34AC5F60EE5E590D433E2NA",
          "Language": "10946DBA0D9A3528532AF1790636B34AC5F60EE5E590D433E2EN",
          "Product": "10946DBA0D9A3528532AF1790636B34AC5F60EE5E590D433E2O365"
        }
      },
      "StatusCode": 201,
      "ResponseHeaders": {
        "api-supported-versions": "2021-04-07-preview1, 2022-07-18-preview, 2023-08-25-preview, 2023-11-01",
        "Connection": "keep-alive",
        "Content-Type": "application/json; charset=utf-8",
        "Date": "Thu, 08 Feb 2024 19:06:19 GMT",
        "ETag": "\u0022ae006bb1-0000-0700-0000-65c5262b0000\u0022",
        "Last-Modified": "Thu, 08 Feb 2024 19:06:19 GMT",
        "Request-Context": "appId=",
        "trace-id": "1950d973-647d-943c-878b-3645c34068c4",
        "Transfer-Encoding": "chunked",
        "x-azure-ref": "20240208T190619Z-t038zgkskx5md2h08rsthbhnhc00000000ug000000003mmm",
        "X-Cache": "CONFIG_NOCACHE"
      },
      "ResponseBody": {
        "id": "10946DBA0D9A3528532AF1790636B34AC5F60EE5E590D433E2",
        "name": "test",
        "distributionPolicyId": "F041E0FDFB42816D4646D007BF12D6A70D81F203C6CFA1CD46",
        "labels": {
          "Region": "10946DBA0D9A3528532AF1790636B34AC5F60EE5E590D433E2NA",
          "Language": "10946DBA0D9A3528532AF1790636B34AC5F60EE5E590D433E2EN",
          "Product": "10946DBA0D9A3528532AF1790636B34AC5F60EE5E590D433E2O365",
          "Id": "10946DBA0D9A3528532AF1790636B34AC5F60EE5E590D433E2"
        },
        "etag": "\u0022ae006bb1-0000-0700-0000-65c5262b0000\u0022"
      }
    },
    {
      "RequestUri": "https://sanitized.comminication.azure.com/routing/queues/2A44C72DED6969889794FD0EEC0A326219289DA7B4771B1097?api-version=2023-11-01",
      "RequestMethod": "PATCH",
      "RequestHeaders": {
        "Accept": "application/json",
        "Authorization": "Sanitized",
        "Content-Length": "91",
        "Content-Type": "application/merge-patch\u002Bjson",
        "traceparent": "00-3308d7413dd6c70d3d525209570c769c-7aa9b0edbe3b9c80-00",
        "User-Agent": "azsdk-net-Communication.JobRouter/1.1.0-alpha.20240208.1 (.NET 7.0.15; Microsoft Windows 10.0.23585)",
        "x-ms-client-request-id": "9b366dbcb2dcb078e5215f647e33c8a1",
        "x-ms-content-sha256": "Sanitized",
        "x-ms-date": "Thu, 08 Feb 2024 19:06:20 GMT",
        "x-ms-return-client-request-id": "true"
      },
      "RequestBody": {
        "name": "test",
        "distributionPolicyId": "F041E0FDFB42816D4646D007BF12D6A70D81F203C6CFA1CD46"
      },
      "StatusCode": 201,
      "ResponseHeaders": {
        "api-supported-versions": "2021-04-07-preview1, 2022-07-18-preview, 2023-08-25-preview, 2023-11-01",
        "Connection": "keep-alive",
        "Content-Type": "application/json; charset=utf-8",
        "Date": "Thu, 08 Feb 2024 19:06:19 GMT",
        "ETag": "\u0022ae006fb1-0000-0700-0000-65c5262b0000\u0022",
        "Last-Modified": "Thu, 08 Feb 2024 19:06:19 GMT",
        "Request-Context": "appId=",
        "trace-id": "3308d741-3dd6-c70d-3d52-5209570c769c",
        "Transfer-Encoding": "chunked",
        "x-azure-ref": "20240208T190619Z-t038zgkskx5md2h08rsthbhnhc00000000ug000000003mn7",
        "X-Cache": "CONFIG_NOCACHE"
      },
      "ResponseBody": {
        "id": "2A44C72DED6969889794FD0EEC0A326219289DA7B4771B1097",
        "name": "test",
        "distributionPolicyId": "F041E0FDFB42816D4646D007BF12D6A70D81F203C6CFA1CD46",
        "labels": {
          "Id": "2A44C72DED6969889794FD0EEC0A326219289DA7B4771B1097"
        },
        "etag": "\u0022ae006fb1-0000-0700-0000-65c5262b0000\u0022"
      }
    },
    {
      "RequestUri": "https://sanitized.comminication.azure.com/routing/classificationPolicies/F419F6625A5465CFFA233B9043FB87D9BB726E7747F577ED12?api-version=2023-11-01",
      "RequestMethod": "PATCH",
      "RequestHeaders": {
        "Accept": "application/json",
        "Authorization": "Sanitized",
        "Content-Length": "422",
        "Content-Type": "application/merge-patch\u002Bjson",
        "traceparent": "00-af9ceb8771e23fcef28abb0dcaedc1eb-1d73d4e798083cd6-00",
        "User-Agent": "azsdk-net-Communication.JobRouter/1.1.0-alpha.20240208.1 (.NET 7.0.15; Microsoft Windows 10.0.23585)",
        "x-ms-client-request-id": "26c1907f47ccde25288a9dbd88109d7b",
        "x-ms-content-sha256": "Sanitized",
        "x-ms-date": "Thu, 08 Feb 2024 19:06:20 GMT",
        "x-ms-return-client-request-id": "true"
      },
      "RequestBody": {
        "fallbackQueueId": "2A44C72DED6969889794FD0EEC0A326219289DA7B4771B1097",
        "queueSelectorAttachments": [
          {
            "key": "Region",
            "labelOperator": "equal",
            "kind": "passThrough"
          },
          {
            "key": "Language",
            "labelOperator": "equal",
            "kind": "passThrough"
          },
          {
            "key": "Product",
            "labelOperator": "equal",
            "kind": "passThrough"
          },
          {
            "queueSelector": {
              "key": "Id",
              "labelOperator": "equal",
              "value": "10946DBA0D9A3528532AF1790636B34AC5F60EE5E590D433E2"
            },
            "kind": "static"
          }
        ]
      },
      "StatusCode": 201,
      "ResponseHeaders": {
        "api-supported-versions": "2021-04-07-preview1, 2022-07-18-preview, 2023-08-25-preview, 2023-11-01",
        "Connection": "keep-alive",
        "Content-Type": "application/json; charset=utf-8",
        "Date": "Thu, 08 Feb 2024 19:06:19 GMT",
        "ETag": "\u00226a0027e6-0000-0700-0000-65c5262b0000\u0022",
        "Last-Modified": "Thu, 08 Feb 2024 19:06:19 GMT",
        "Request-Context": "appId=",
        "trace-id": "af9ceb87-71e2-3fce-f28a-bb0dcaedc1eb",
        "Transfer-Encoding": "chunked",
        "x-azure-ref": "20240208T190619Z-t038zgkskx5md2h08rsthbhnhc00000000ug000000003mnw",
        "X-Cache": "CONFIG_NOCACHE"
      },
      "ResponseBody": {
        "id": "F419F6625A5465CFFA233B9043FB87D9BB726E7747F577ED12",
        "fallbackQueueId": "2A44C72DED6969889794FD0EEC0A326219289DA7B4771B1097",
        "queueSelectorAttachments": [
          {
            "kind": "passThrough",
            "key": "Region",
            "labelOperator": "equal"
          },
          {
            "kind": "passThrough",
            "key": "Language",
            "labelOperator": "equal"
          },
          {
            "kind": "passThrough",
            "key": "Product",
            "labelOperator": "equal"
          },
          {
            "kind": "static",
            "queueSelector": {
              "key": "Id",
              "labelOperator": "equal",
              "value": "10946DBA0D9A3528532AF1790636B34AC5F60EE5E590D433E2"
            }
          }
        ],
        "workerSelectorAttachments": [],
        "etag": "\u00226a0027e6-0000-0700-0000-65c5262b0000\u0022"
      }
    },
    {
      "RequestUri": "https://sanitized.comminication.azure.com/routing/jobs/A93D8F7091ED01FF36527179B22D89D0165AEE695B5C1D55E4?api-version=2023-11-01",
      "RequestMethod": "PATCH",
      "RequestHeaders": {
        "Accept": "application/json",
        "Authorization": "Sanitized",
        "Content-Length": "352",
        "Content-Type": "application/merge-patch\u002Bjson",
        "traceparent": "00-c8258735808042e7099e832beb564ebe-0f0a7de61a3cbd24-00",
        "User-Agent": "azsdk-net-Communication.JobRouter/1.1.0-alpha.20240208.1 (.NET 7.0.15; Microsoft Windows 10.0.23585)",
        "x-ms-client-request-id": "2f5d02d46994c89eb29d35ec3e3c9ad0",
        "x-ms-content-sha256": "Sanitized",
        "x-ms-date": "Thu, 08 Feb 2024 19:06:20 GMT",
        "x-ms-return-client-request-id": "true"
      },
      "RequestBody": {
        "channelId": "A93D8F7091ED01FF36527179B22D89D0165AEE695B5C1D55E4",
        "classificationPolicyId": "F419F6625A5465CFFA233B9043FB87D9BB726E7747F577ED12",
        "labels": {
          "Product": "10946DBA0D9A3528532AF1790636B34AC5F60EE5E590D433E2O365",
          "Region": "10946DBA0D9A3528532AF1790636B34AC5F60EE5E590D433E2NA",
          "Language": "10946DBA0D9A3528532AF1790636B34AC5F60EE5E590D433E2EN"
        }
      },
      "StatusCode": 201,
      "ResponseHeaders": {
        "api-supported-versions": "2021-04-07-preview1, 2022-07-18-preview, 2023-08-25-preview, 2023-11-01",
        "Connection": "keep-alive",
        "Content-Type": "application/json; charset=utf-8",
        "Date": "Thu, 08 Feb 2024 19:06:19 GMT",
        "ETag": "\u002200000000-0000-0000-a568-b408d928dc08\u0022",
        "Last-Modified": "Thu, 08 Feb 2024 19:06:19 GMT",
        "Request-Context": "appId=",
        "trace-id": "c8258735-8080-42e7-099e-832beb564ebe",
        "Transfer-Encoding": "chunked",
        "x-azure-ref": "20240208T190619Z-t038zgkskx5md2h08rsthbhnhc00000000ug000000003mpb",
        "X-Cache": "CONFIG_NOCACHE"
      },
      "ResponseBody": {
        "id": "A93D8F7091ED01FF36527179B22D89D0165AEE695B5C1D55E4",
        "status": "pendingClassification",
        "channelId": "A93D8F7091ED01FF36527179B22D89D0165AEE695B5C1D55E4",
        "classificationPolicyId": "F419F6625A5465CFFA233B9043FB87D9BB726E7747F577ED12",
        "priority": 1,
        "requestedWorkerSelectors": [],
        "attachedWorkerSelectors": [],
        "labels": {
          "Product": "10946DBA0D9A3528532AF1790636B34AC5F60EE5E590D433E2O365",
          "Region": "10946DBA0D9A3528532AF1790636B34AC5F60EE5E590D433E2NA",
          "Language": "10946DBA0D9A3528532AF1790636B34AC5F60EE5E590D433E2EN"
        },
        "assignments": {},
        "tags": {},
        "notes": [],
        "matchingMode": {
          "kind": "queueAndMatch"
        },
        "etag": "\u002200000000-0000-0000-a568-b408d928dc08\u0022"
      }
    },
    {
      "RequestUri": "https://sanitized.comminication.azure.com/routing/jobs/A93D8F7091ED01FF36527179B22D89D0165AEE695B5C1D55E4?api-version=2023-11-01",
      "RequestMethod": "GET",
      "RequestHeaders": {
        "Accept": "application/json",
        "Authorization": "Sanitized",
        "traceparent": "00-c1c7982c9368fc759f218e9129bf9169-f035ff2358be3e67-00",
        "User-Agent": "azsdk-net-Communication.JobRouter/1.1.0-alpha.20240208.1 (.NET 7.0.15; Microsoft Windows 10.0.23585)",
        "x-ms-client-request-id": "09ba29aa5b9175f64857735114bb28d4",
        "x-ms-content-sha256": "Sanitized",
        "x-ms-date": "Thu, 08 Feb 2024 19:06:20 GMT",
        "x-ms-return-client-request-id": "true"
      },
      "RequestBody": null,
      "StatusCode": 200,
      "ResponseHeaders": {
        "api-supported-versions": "2021-04-07-preview1, 2022-07-18-preview, 2023-08-25-preview, 2023-11-01",
        "Connection": "keep-alive",
        "Content-Type": "application/json; charset=utf-8",
        "Date": "Thu, 08 Feb 2024 19:06:20 GMT",
        "ETag": "\u002200000000-0000-0000-a568-b408d928dc08\u0022",
        "Last-Modified": "Thu, 08 Feb 2024 19:06:19 GMT",
        "Request-Context": "appId=",
        "trace-id": "c1c7982c-9368-fc75-9f21-8e9129bf9169",
        "Transfer-Encoding": "chunked",
        "x-azure-ref": "20240208T190619Z-t038zgkskx5md2h08rsthbhnhc00000000ug000000003mpx",
        "X-Cache": "CONFIG_NOCACHE"
      },
      "ResponseBody": {
        "id": "A93D8F7091ED01FF36527179B22D89D0165AEE695B5C1D55E4",
        "status": "pendingClassification",
        "channelId": "A93D8F7091ED01FF36527179B22D89D0165AEE695B5C1D55E4",
        "classificationPolicyId": "F419F6625A5465CFFA233B9043FB87D9BB726E7747F577ED12",
        "priority": 1,
        "requestedWorkerSelectors": [],
        "attachedWorkerSelectors": [],
        "labels": {
          "Product": "10946DBA0D9A3528532AF1790636B34AC5F60EE5E590D433E2O365",
          "Region": "10946DBA0D9A3528532AF1790636B34AC5F60EE5E590D433E2NA",
          "Language": "10946DBA0D9A3528532AF1790636B34AC5F60EE5E590D433E2EN"
        },
        "assignments": {},
        "tags": {},
        "notes": [],
        "matchingMode": {
          "kind": "queueAndMatch"
        },
        "etag": "\u002200000000-0000-0000-a568-b408d928dc08\u0022"
      }
    },
    {
      "RequestUri": "https://sanitized.comminication.azure.com/routing/jobs/A93D8F7091ED01FF36527179B22D89D0165AEE695B5C1D55E4?api-version=2023-11-01",
      "RequestMethod": "GET",
      "RequestHeaders": {
        "Accept": "application/json",
        "Authorization": "Sanitized",
        "traceparent": "00-a9252eb36a32245ddc54f55fef96ad3f-8d109cbe028b4398-00",
        "User-Agent": "azsdk-net-Communication.JobRouter/1.1.0-alpha.20240208.1 (.NET 7.0.15; Microsoft Windows 10.0.23585)",
        "x-ms-client-request-id": "7b90e38499d5150cf2f8742e1239a0eb",
        "x-ms-content-sha256": "Sanitized",
        "x-ms-date": "Thu, 08 Feb 2024 19:06:21 GMT",
        "x-ms-return-client-request-id": "true"
      },
      "RequestBody": null,
      "StatusCode": 200,
      "ResponseHeaders": {
        "api-supported-versions": "2021-04-07-preview1, 2022-07-18-preview, 2023-08-25-preview, 2023-11-01",
        "Connection": "keep-alive",
        "Content-Type": "application/json; charset=utf-8",
        "Date": "Thu, 08 Feb 2024 19:06:21 GMT",
        "ETag": "\u002200000002-0000-0000-32bc-6c09d928dc08\u0022",
        "Last-Modified": "Thu, 08 Feb 2024 19:06:21 GMT",
        "Request-Context": "appId=",
        "trace-id": "a9252eb3-6a32-245d-dc54-f55fef96ad3f",
        "Transfer-Encoding": "chunked",
        "x-azure-ref": "20240208T190621Z-t038zgkskx5md2h08rsthbhnhc00000000ug000000003mts",
        "X-Cache": "CONFIG_NOCACHE"
      },
      "ResponseBody": {
        "id": "A93D8F7091ED01FF36527179B22D89D0165AEE695B5C1D55E4",
        "status": "queued",
        "enqueuedAt": "2024-02-08T19:06:21.090309\u002B00:00",
        "channelId": "A93D8F7091ED01FF36527179B22D89D0165AEE695B5C1D55E4",
        "classificationPolicyId": "F419F6625A5465CFFA233B9043FB87D9BB726E7747F577ED12",
        "queueId": "10946DBA0D9A3528532AF1790636B34AC5F60EE5E590D433E2",
        "priority": 1,
        "requestedWorkerSelectors": [],
        "attachedWorkerSelectors": [],
        "labels": {
          "Product": "10946DBA0D9A3528532AF1790636B34AC5F60EE5E590D433E2O365",
          "Region": "10946DBA0D9A3528532AF1790636B34AC5F60EE5E590D433E2NA",
          "Language": "10946DBA0D9A3528532AF1790636B34AC5F60EE5E590D433E2EN"
        },
        "assignments": {},
        "tags": {},
        "notes": [],
        "matchingMode": {
          "kind": "queueAndMatch"
        },
        "etag": "\u002200000002-0000-0000-32bc-6c09d928dc08\u0022"
      }
    }
  ],
  "Variables": {
    "COMMUNICATION_LIVETEST_DYNAMIC_CONNECTION_STRING": "endpoint=https://sanitized.communication.azure.com/;accesskey=Kg==",
    "id-prefix": "sdk-uHfeqGQoPk6b8Xky4kJHzw-",
    "RandomSeed": "1884860779"
  }
}
