{
  "Entries": [
    {
      "RequestUri": "https://sanitized.comminication.azure.com/routing/distributionPolicies/D9E5B6CB4177B2E89EC46DEA6D3CBC040F253F9DA824651B16?api-version=2023-11-01",
      "RequestMethod": "PATCH",
      "RequestHeaders": {
        "Accept": "application/json",
        "Authorization": "Sanitized",
        "Content-Length": "155",
        "Content-Type": "application/merge-patch\u002Bjson",
        "traceparent": "00-7ba48e1f7a53f719df3488309d05dd99-c86e34cf88a90f31-00",
        "User-Agent": "azsdk-net-Communication.JobRouter/1.0.0-alpha.20231113.1 (.NET 7.0.13; Microsoft Windows 10.0.22621)",
        "x-ms-client-request-id": "ad351aaa9c0ce4663ed048d0ba3542be",
        "x-ms-content-sha256": "Sanitized",
        "x-ms-date": "Mon, 13 Nov 2023 17:46:16 GMT",
        "x-ms-return-client-request-id": "true"
      },
      "RequestBody": {
        "name": "Simple-Queue-Distribution",
        "offerExpiresAfterSeconds": 600,
        "mode": {
          "kind": "longestIdle",
          "minConcurrentOffers": 1,
          "maxConcurrentOffers": 1
        },
        "etag": ""
      },
      "StatusCode": 201,
      "ResponseHeaders": {
        "api-supported-versions": "2021-04-07-preview1, 2022-07-18-preview, 2023-08-25-preview, 2023-11-01",
        "Connection": "keep-alive",
        "Content-Type": "application/json; charset=utf-8",
        "Date": "Mon, 13 Nov 2023 17:46:15 GMT",
        "ETag": "\u0022a400ae9d-0000-0700-0000-655260e70000\u0022",
        "Last-Modified": "Mon, 13 Nov 2023 17:46:15 GMT",
        "Request-Context": "appId=",
        "trace-id": "7ba48e1f-7a53-f719-df34-88309d05dd99",
        "Transfer-Encoding": "chunked",
        "x-azure-ref": "20231113T174614Z-d09fgbz5sh0epcc9np5th278yc000000019g00000001wgry",
        "X-Cache": "CONFIG_NOCACHE"
      },
      "ResponseBody": {
        "id": "D9E5B6CB4177B2E89EC46DEA6D3CBC040F253F9DA824651B16",
        "name": "Simple-Queue-Distribution",
        "offerExpiresAfterSeconds": 600,
        "mode": {
          "kind": "longestIdle",
          "minConcurrentOffers": 1,
          "maxConcurrentOffers": 1,
          "bypassSelectors": false
        },
        "etag": "\u0022a400ae9d-0000-0700-0000-655260e70000\u0022"
      }
    },
    {
      "RequestUri": "https://sanitized.comminication.azure.com/routing/queues/D9E5B6CB4177B2E89EC46DEA6D3CBC040F253F9DA824651B161?api-version=2023-11-01",
      "RequestMethod": "PATCH",
      "RequestHeaders": {
        "Accept": "application/json",
        "Authorization": "Sanitized",
        "Content-Length": "377",
        "Content-Type": "application/merge-patch\u002Bjson",
        "traceparent": "00-d29fb12a70c6e4936ea466752b87806f-500c47ccaba8a073-00",
        "User-Agent": "azsdk-net-Communication.JobRouter/1.0.0-alpha.20231113.1 (.NET 7.0.13; Microsoft Windows 10.0.22621)",
        "x-ms-client-request-id": "d791dcae65b4dfbb302b949a38d6d5ec",
        "x-ms-content-sha256": "Sanitized",
        "x-ms-date": "Mon, 13 Nov 2023 17:46:16 GMT",
        "x-ms-return-client-request-id": "true"
      },
      "RequestBody": {
        "name": "test",
        "distributionPolicyId": "D9E5B6CB4177B2E89EC46DEA6D3CBC040F253F9DA824651B16",
        "labels": {
          "Region": "D9E5B6CB4177B2E89EC46DEA6D3CBC040F253F9DA824651B16NA",
          "Language": "D9E5B6CB4177B2E89EC46DEA6D3CBC040F253F9DA824651B16en",
          "Product": "D9E5B6CB4177B2E89EC46DEA6D3CBC040F253F9DA824651B16O365",
          "UniquePrefix": "D9E5B6CB4177B2E89EC46DEA6D3CBC040F253F9DA824651B16"
        },
        "etag": ""
      },
      "StatusCode": 201,
      "ResponseHeaders": {
        "api-supported-versions": "2021-04-07-preview1, 2022-07-18-preview, 2023-08-25-preview, 2023-11-01",
        "Connection": "keep-alive",
        "Content-Type": "application/json; charset=utf-8",
        "Date": "Mon, 13 Nov 2023 17:46:15 GMT",
        "ETag": "\u00225902f870-0000-0700-0000-655260e70000\u0022",
        "Last-Modified": "Mon, 13 Nov 2023 17:46:15 GMT",
        "Request-Context": "appId=",
        "trace-id": "d29fb12a-70c6-e493-6ea4-66752b87806f",
        "Transfer-Encoding": "chunked",
        "x-azure-ref": "20231113T174615Z-d09fgbz5sh0epcc9np5th278yc000000019g00000001wgt0",
        "X-Cache": "CONFIG_NOCACHE"
      },
      "ResponseBody": {
        "id": "D9E5B6CB4177B2E89EC46DEA6D3CBC040F253F9DA824651B161",
        "name": "test",
        "distributionPolicyId": "D9E5B6CB4177B2E89EC46DEA6D3CBC040F253F9DA824651B16",
        "labels": {
          "Region": "D9E5B6CB4177B2E89EC46DEA6D3CBC040F253F9DA824651B16NA",
          "Language": "D9E5B6CB4177B2E89EC46DEA6D3CBC040F253F9DA824651B16en",
          "Product": "D9E5B6CB4177B2E89EC46DEA6D3CBC040F253F9DA824651B16O365",
          "UniquePrefix": "D9E5B6CB4177B2E89EC46DEA6D3CBC040F253F9DA824651B16",
          "Id": "D9E5B6CB4177B2E89EC46DEA6D3CBC040F253F9DA824651B161"
        },
        "etag": "\u00225902f870-0000-0700-0000-655260e70000\u0022"
      }
    },
    {
      "RequestUri": "https://sanitized.comminication.azure.com/routing/queues/D9E5B6CB4177B2E89EC46DEA6D3CBC040F253F9DA824651B162?api-version=2023-11-01",
      "RequestMethod": "PATCH",
      "RequestHeaders": {
        "Accept": "application/json",
        "Authorization": "Sanitized",
        "Content-Length": "377",
        "Content-Type": "application/merge-patch\u002Bjson",
        "traceparent": "00-c466a1b778a2b470489edfe4fa1631b2-58a7194492d0c1de-00",
        "User-Agent": "azsdk-net-Communication.JobRouter/1.0.0-alpha.20231113.1 (.NET 7.0.13; Microsoft Windows 10.0.22621)",
        "x-ms-client-request-id": "f38e80527ece9210d8a5a23896cd938d",
        "x-ms-content-sha256": "Sanitized",
        "x-ms-date": "Mon, 13 Nov 2023 17:46:16 GMT",
        "x-ms-return-client-request-id": "true"
      },
      "RequestBody": {
        "name": "test",
        "distributionPolicyId": "D9E5B6CB4177B2E89EC46DEA6D3CBC040F253F9DA824651B16",
        "labels": {
          "Region": "D9E5B6CB4177B2E89EC46DEA6D3CBC040F253F9DA824651B16NA",
          "Language": "D9E5B6CB4177B2E89EC46DEA6D3CBC040F253F9DA824651B16fr",
          "Product": "D9E5B6CB4177B2E89EC46DEA6D3CBC040F253F9DA824651B16O365",
          "UniquePrefix": "D9E5B6CB4177B2E89EC46DEA6D3CBC040F253F9DA824651B16"
        },
        "etag": ""
      },
      "StatusCode": 201,
      "ResponseHeaders": {
        "api-supported-versions": "2021-04-07-preview1, 2022-07-18-preview, 2023-08-25-preview, 2023-11-01",
        "Connection": "keep-alive",
        "Content-Type": "application/json; charset=utf-8",
        "Date": "Mon, 13 Nov 2023 17:46:15 GMT",
        "ETag": "\u00225902fa70-0000-0700-0000-655260e70000\u0022",
        "Last-Modified": "Mon, 13 Nov 2023 17:46:15 GMT",
        "Request-Context": "appId=",
        "trace-id": "c466a1b7-78a2-b470-489e-dfe4fa1631b2",
        "Transfer-Encoding": "chunked",
        "x-azure-ref": "20231113T174615Z-d09fgbz5sh0epcc9np5th278yc000000019g00000001wgtt",
        "X-Cache": "CONFIG_NOCACHE"
      },
      "ResponseBody": {
        "id": "D9E5B6CB4177B2E89EC46DEA6D3CBC040F253F9DA824651B162",
        "name": "test",
        "distributionPolicyId": "D9E5B6CB4177B2E89EC46DEA6D3CBC040F253F9DA824651B16",
        "labels": {
          "Region": "D9E5B6CB4177B2E89EC46DEA6D3CBC040F253F9DA824651B16NA",
          "Language": "D9E5B6CB4177B2E89EC46DEA6D3CBC040F253F9DA824651B16fr",
          "Product": "D9E5B6CB4177B2E89EC46DEA6D3CBC040F253F9DA824651B16O365",
          "UniquePrefix": "D9E5B6CB4177B2E89EC46DEA6D3CBC040F253F9DA824651B16",
          "Id": "D9E5B6CB4177B2E89EC46DEA6D3CBC040F253F9DA824651B162"
        },
        "etag": "\u00225902fa70-0000-0700-0000-655260e70000\u0022"
      }
    },
    {
      "RequestUri": "https://sanitized.comminication.azure.com/routing/queues/0A6C416BE285C072532D41D7252E423682E15819F488337B6F?api-version=2023-11-01",
      "RequestMethod": "PATCH",
      "RequestHeaders": {
        "Accept": "application/json",
        "Authorization": "Sanitized",
        "Content-Length": "101",
        "Content-Type": "application/merge-patch\u002Bjson",
        "traceparent": "00-8b37f2b55fef3b0873699dffdaceacca-23f101a8620bfe75-00",
        "User-Agent": "azsdk-net-Communication.JobRouter/1.0.0-alpha.20231113.1 (.NET 7.0.13; Microsoft Windows 10.0.22621)",
        "x-ms-client-request-id": "090c44c62dc545fa5f567ce007ccac67",
        "x-ms-content-sha256": "Sanitized",
        "x-ms-date": "Mon, 13 Nov 2023 17:46:16 GMT",
        "x-ms-return-client-request-id": "true"
      },
      "RequestBody": {
        "name": "test",
        "distributionPolicyId": "D9E5B6CB4177B2E89EC46DEA6D3CBC040F253F9DA824651B16",
        "etag": ""
      },
      "StatusCode": 201,
      "ResponseHeaders": {
        "api-supported-versions": "2021-04-07-preview1, 2022-07-18-preview, 2023-08-25-preview, 2023-11-01",
        "Connection": "keep-alive",
        "Content-Type": "application/json; charset=utf-8",
        "Date": "Mon, 13 Nov 2023 17:46:15 GMT",
        "ETag": "\u00225902fc70-0000-0700-0000-655260e70000\u0022",
        "Last-Modified": "Mon, 13 Nov 2023 17:46:15 GMT",
        "Request-Context": "appId=",
        "trace-id": "8b37f2b5-5fef-3b08-7369-9dffdaceacca",
        "Transfer-Encoding": "chunked",
        "x-azure-ref": "20231113T174615Z-d09fgbz5sh0epcc9np5th278yc000000019g00000001wgva",
        "X-Cache": "CONFIG_NOCACHE"
      },
      "ResponseBody": {
        "id": "0A6C416BE285C072532D41D7252E423682E15819F488337B6F",
        "name": "test",
        "distributionPolicyId": "D9E5B6CB4177B2E89EC46DEA6D3CBC040F253F9DA824651B16",
        "labels": {
          "Id": "0A6C416BE285C072532D41D7252E423682E15819F488337B6F"
        },
        "etag": "\u00225902fc70-0000-0700-0000-655260e70000\u0022"
      }
    },
    {
      "RequestUri": "https://sanitized.comminication.azure.com/routing/classificationPolicies/DE46D1864797D50D795078A0F25681309172E7C175E6DD6949?api-version=2023-11-01",
      "RequestMethod": "PATCH",
      "RequestHeaders": {
        "Accept": "application/json",
        "Authorization": "Sanitized",
        "Content-Length": "1000",
        "Content-Type": "application/merge-patch\u002Bjson",
        "traceparent": "00-5e3da2dc6b795ff5a7a52f012e6f19d8-74d27660e5f334e5-00",
        "User-Agent": "azsdk-net-Communication.JobRouter/1.0.0-alpha.20231113.1 (.NET 7.0.13; Microsoft Windows 10.0.22621)",
        "x-ms-client-request-id": "3a7d5bfb4ea630efccfeff0fc3834862",
        "x-ms-content-sha256": "Sanitized",
        "x-ms-date": "Mon, 13 Nov 2023 17:46:17 GMT",
        "x-ms-return-client-request-id": "true"
      },
      "RequestBody": {
        "fallbackQueueId": "0A6C416BE285C072532D41D7252E423682E15819F488337B6F",
        "queueSelectorAttachments": [
          {
            "key": "Region",
            "labelOperator": "equal",
            "kind": "passThrough"
          },
          {
            "key": "Product",
            "labelOperator": "equal",
            "kind": "passThrough"
          },
          {
            "condition": {
              "language": "powerFx",
              "expression": "If(job.Lang = \u0022D9E5B6CB4177B2E89EC46DEA6D3CBC040F253F9DA824651B16EN\u0022, true, false)",
              "kind": "expression"
            },
            "queueSelectors": [
              {
                "key": "Language",
                "labelOperator": "equal",
                "value": "D9E5B6CB4177B2E89EC46DEA6D3CBC040F253F9DA824651B16en"
              }
            ],
            "kind": "conditional"
          },
          {
            "condition": {
              "language": "powerFx",
              "expression": "If(job.Lang = \u0022D9E5B6CB4177B2E89EC46DEA6D3CBC040F253F9DA824651B16FR\u0022, true, false)",
              "kind": "expression"
            },
            "queueSelectors": [
              {
                "key": "Language",
                "labelOperator": "equal",
                "value": "D9E5B6CB4177B2E89EC46DEA6D3CBC040F253F9DA824651B16fr"
              }
            ],
            "kind": "conditional"
          },
          {
            "queueSelector": {
              "key": "UniquePrefix",
              "labelOperator": "equal",
              "value": "D9E5B6CB4177B2E89EC46DEA6D3CBC040F253F9DA824651B16"
            },
            "kind": "static"
          }
        ],
        "etag": ""
      },
      "StatusCode": 201,
      "ResponseHeaders": {
        "api-supported-versions": "2021-04-07-preview1, 2022-07-18-preview, 2023-08-25-preview, 2023-11-01",
        "Connection": "keep-alive",
        "Content-Type": "application/json; charset=utf-8",
        "Date": "Mon, 13 Nov 2023 17:46:16 GMT",
        "ETag": "\u002210006d3c-0000-0700-0000-655260e70000\u0022",
        "Last-Modified": "Mon, 13 Nov 2023 17:46:15 GMT",
        "Request-Context": "appId=",
        "trace-id": "5e3da2dc-6b79-5ff5-a7a5-2f012e6f19d8",
        "Transfer-Encoding": "chunked",
        "x-azure-ref": "20231113T174615Z-d09fgbz5sh0epcc9np5th278yc000000019g00000001wgxn",
        "X-Cache": "CONFIG_NOCACHE"
      },
      "ResponseBody": {
        "id": "DE46D1864797D50D795078A0F25681309172E7C175E6DD6949",
        "fallbackQueueId": "0A6C416BE285C072532D41D7252E423682E15819F488337B6F",
        "queueSelectorAttachments": [
          {
            "kind": "passThrough",
            "key": "Region",
            "labelOperator": "equal"
          },
          {
            "kind": "passThrough",
            "key": "Product",
            "labelOperator": "equal"
          },
          {
            "kind": "conditional",
            "condition": {
              "kind": "expression",
              "language": "powerFx",
              "expression": "If(job.Lang = \u0022D9E5B6CB4177B2E89EC46DEA6D3CBC040F253F9DA824651B16EN\u0022, true, false)"
            },
            "queueSelectors": [
              {
                "key": "Language",
                "labelOperator": "equal",
                "value": "D9E5B6CB4177B2E89EC46DEA6D3CBC040F253F9DA824651B16en"
              }
            ]
          },
          {
            "kind": "conditional",
            "condition": {
              "kind": "expression",
              "language": "powerFx",
              "expression": "If(job.Lang = \u0022D9E5B6CB4177B2E89EC46DEA6D3CBC040F253F9DA824651B16FR\u0022, true, false)"
            },
            "queueSelectors": [
              {
                "key": "Language",
                "labelOperator": "equal",
                "value": "D9E5B6CB4177B2E89EC46DEA6D3CBC040F253F9DA824651B16fr"
              }
            ]
          },
          {
            "kind": "static",
            "queueSelector": {
              "key": "UniquePrefix",
              "labelOperator": "equal",
              "value": "D9E5B6CB4177B2E89EC46DEA6D3CBC040F253F9DA824651B16"
            }
          }
        ],
        "workerSelectorAttachments": [],
        "etag": "\u002210006d3c-0000-0700-0000-655260e70000\u0022"
      }
    },
    {
      "RequestUri": "https://sanitized.comminication.azure.com/routing/jobs/792B335FA33915687FD60E8D7C773A1E44392F7F720F57E4B0?api-version=2023-11-01",
      "RequestMethod": "PATCH",
      "RequestHeaders": {
        "Accept": "application/json",
        "Authorization": "Sanitized",
        "Content-Length": "358",
        "Content-Type": "application/merge-patch\u002Bjson",
        "traceparent": "00-0d92d485932f4d16612898c3a471b12d-38f23e27ebdd4b18-00",
        "User-Agent": "azsdk-net-Communication.JobRouter/1.0.0-alpha.20231113.1 (.NET 7.0.13; Microsoft Windows 10.0.22621)",
        "x-ms-client-request-id": "f3d30798cbca242786489478012f8a0c",
        "x-ms-content-sha256": "Sanitized",
        "x-ms-date": "Mon, 13 Nov 2023 17:46:17 GMT",
        "x-ms-return-client-request-id": "true"
      },
      "RequestBody": {
        "channelId": "A16268B1977066D8BF9E03A3C6CC5E4792B9D2BD8B6D317025",
        "classificationPolicyId": "DE46D1864797D50D795078A0F25681309172E7C175E6DD6949",
        "labels": {
          "Product": "D9E5B6CB4177B2E89EC46DEA6D3CBC040F253F9DA824651B16O365",
          "Region": "D9E5B6CB4177B2E89EC46DEA6D3CBC040F253F9DA824651B16NA",
          "Lang": "D9E5B6CB4177B2E89EC46DEA6D3CBC040F253F9DA824651B16EN"
        },
        "etag": ""
      },
      "StatusCode": 201,
      "ResponseHeaders": {
        "api-supported-versions": "2021-04-07-preview1, 2022-07-18-preview, 2023-08-25-preview, 2023-11-01",
        "Connection": "keep-alive",
        "Content-Type": "application/json; charset=utf-8",
        "Date": "Mon, 13 Nov 2023 17:46:16 GMT",
        "ETag": "\u002200000000-0000-0000-4c2b-846f70e4db08\u0022",
        "Last-Modified": "Mon, 13 Nov 2023 17:46:16 GMT",
        "Request-Context": "appId=",
        "trace-id": "0d92d485-932f-4d16-6128-98c3a471b12d",
        "Transfer-Encoding": "chunked",
        "x-azure-ref": "20231113T174616Z-d09fgbz5sh0epcc9np5th278yc000000019g00000001wgzt",
        "X-Cache": "CONFIG_NOCACHE"
      },
      "ResponseBody": {
        "id": "792B335FA33915687FD60E8D7C773A1E44392F7F720F57E4B0",
        "status": "pendingClassification",
        "channelId": "A16268B1977066D8BF9E03A3C6CC5E4792B9D2BD8B6D317025",
        "classificationPolicyId": "DE46D1864797D50D795078A0F25681309172E7C175E6DD6949",
        "priority": 1,
        "requestedWorkerSelectors": [],
        "attachedWorkerSelectors": [],
        "labels": {
          "Product": "D9E5B6CB4177B2E89EC46DEA6D3CBC040F253F9DA824651B16O365",
          "Region": "D9E5B6CB4177B2E89EC46DEA6D3CBC040F253F9DA824651B16NA",
          "Lang": "D9E5B6CB4177B2E89EC46DEA6D3CBC040F253F9DA824651B16EN"
        },
        "assignments": {},
        "tags": {},
        "notes": [],
        "matchingMode": {
          "kind": "queueAndMatch"
        },
        "etag": "\u002200000000-0000-0000-4c2b-846f70e4db08\u0022"
      }
    },
    {
      "RequestUri": "https://sanitized.comminication.azure.com/routing/jobs/792B335FA33915687FD60E8D7C773A1E44392F7F720F57E4B0?api-version=2023-11-01",
      "RequestMethod": "GET",
      "RequestHeaders": {
        "Accept": "application/json",
        "Authorization": "Sanitized",
        "traceparent": "00-8fe13be47cbe9fd217cb051b8eb10902-909c70ff471137db-00",
        "User-Agent": "azsdk-net-Communication.JobRouter/1.0.0-alpha.20231113.1 (.NET 7.0.13; Microsoft Windows 10.0.22621)",
        "x-ms-client-request-id": "3a3c3af8594f77e655dc3dc62eeb82db",
        "x-ms-content-sha256": "Sanitized",
        "x-ms-date": "Mon, 13 Nov 2023 17:46:17 GMT",
        "x-ms-return-client-request-id": "true"
      },
      "RequestBody": null,
      "StatusCode": 200,
      "ResponseHeaders": {
        "api-supported-versions": "2021-04-07-preview1, 2022-07-18-preview, 2023-08-25-preview, 2023-11-01",
        "Connection": "keep-alive",
        "Content-Type": "application/json; charset=utf-8",
        "Date": "Mon, 13 Nov 2023 17:46:16 GMT",
        "ETag": "\u002200000000-0000-0000-4c2b-846f70e4db08\u0022",
        "Last-Modified": "Mon, 13 Nov 2023 17:46:16 GMT",
        "Request-Context": "appId=",
        "trace-id": "8fe13be4-7cbe-9fd2-17cb-051b8eb10902",
        "Transfer-Encoding": "chunked",
        "x-azure-ref": "20231113T174616Z-d09fgbz5sh0epcc9np5th278yc000000019g00000001wh1e",
        "X-Cache": "CONFIG_NOCACHE"
      },
      "ResponseBody": {
        "id": "792B335FA33915687FD60E8D7C773A1E44392F7F720F57E4B0",
        "status": "pendingClassification",
        "channelId": "A16268B1977066D8BF9E03A3C6CC5E4792B9D2BD8B6D317025",
        "classificationPolicyId": "DE46D1864797D50D795078A0F25681309172E7C175E6DD6949",
        "priority": 1,
        "requestedWorkerSelectors": [],
        "attachedWorkerSelectors": [],
        "labels": {
          "Product": "D9E5B6CB4177B2E89EC46DEA6D3CBC040F253F9DA824651B16O365",
          "Region": "D9E5B6CB4177B2E89EC46DEA6D3CBC040F253F9DA824651B16NA",
          "Lang": "D9E5B6CB4177B2E89EC46DEA6D3CBC040F253F9DA824651B16EN"
        },
        "assignments": {},
        "tags": {},
        "notes": [],
        "matchingMode": {
          "kind": "queueAndMatch"
        },
        "etag": "\u002200000000-0000-0000-4c2b-846f70e4db08\u0022"
      }
    },
    {
      "RequestUri": "https://sanitized.comminication.azure.com/routing/jobs/792B335FA33915687FD60E8D7C773A1E44392F7F720F57E4B0?api-version=2023-11-01",
      "RequestMethod": "GET",
      "RequestHeaders": {
        "Accept": "application/json",
        "Authorization": "Sanitized",
        "traceparent": "00-2c5cd6bb4f7791c4daf37d75c1f735f5-f3339cc28d66c5a5-00",
        "User-Agent": "azsdk-net-Communication.JobRouter/1.0.0-alpha.20231113.1 (.NET 7.0.13; Microsoft Windows 10.0.22621)",
        "x-ms-client-request-id": "0048190db8f82f9d3459b35dba772e9c",
        "x-ms-content-sha256": "Sanitized",
        "x-ms-date": "Mon, 13 Nov 2023 17:46:18 GMT",
        "x-ms-return-client-request-id": "true"
      },
      "RequestBody": null,
      "StatusCode": 200,
      "ResponseHeaders": {
        "api-supported-versions": "2021-04-07-preview1, 2022-07-18-preview, 2023-08-25-preview, 2023-11-01",
        "Connection": "keep-alive",
        "Content-Type": "application/json; charset=utf-8",
        "Date": "Mon, 13 Nov 2023 17:46:17 GMT",
        "ETag": "\u002200000000-0000-0000-4c2b-846f70e4db08\u0022",
        "Last-Modified": "Mon, 13 Nov 2023 17:46:16 GMT",
        "Request-Context": "appId=",
        "trace-id": "2c5cd6bb-4f77-91c4-daf3-7d75c1f735f5",
        "Transfer-Encoding": "chunked",
        "x-azure-ref": "20231113T174617Z-d09fgbz5sh0epcc9np5th278yc000000019g00000001wha6",
        "X-Cache": "CONFIG_NOCACHE"
      },
      "ResponseBody": {
        "id": "792B335FA33915687FD60E8D7C773A1E44392F7F720F57E4B0",
        "status": "pendingClassification",
        "channelId": "A16268B1977066D8BF9E03A3C6CC5E4792B9D2BD8B6D317025",
        "classificationPolicyId": "DE46D1864797D50D795078A0F25681309172E7C175E6DD6949",
        "priority": 1,
        "requestedWorkerSelectors": [],
        "attachedWorkerSelectors": [],
        "labels": {
          "Product": "D9E5B6CB4177B2E89EC46DEA6D3CBC040F253F9DA824651B16O365",
          "Region": "D9E5B6CB4177B2E89EC46DEA6D3CBC040F253F9DA824651B16NA",
          "Lang": "D9E5B6CB4177B2E89EC46DEA6D3CBC040F253F9DA824651B16EN"
        },
        "assignments": {},
        "tags": {},
        "notes": [],
        "matchingMode": {
          "kind": "queueAndMatch"
        },
        "etag": "\u002200000000-0000-0000-4c2b-846f70e4db08\u0022"
      }
    },
    {
      "RequestUri": "https://sanitized.comminication.azure.com/routing/jobs/792B335FA33915687FD60E8D7C773A1E44392F7F720F57E4B0?api-version=2023-11-01",
      "RequestMethod": "GET",
      "RequestHeaders": {
        "Accept": "application/json",
        "Authorization": "Sanitized",
        "traceparent": "00-dbf1d8d462afea4e3a5239ddf4f4536b-27c40518e337c8de-00",
        "User-Agent": "azsdk-net-Communication.JobRouter/1.0.0-alpha.20231113.1 (.NET 7.0.13; Microsoft Windows 10.0.22621)",
        "x-ms-client-request-id": "8816f2730d463f12215b9eed8e60f69b",
        "x-ms-content-sha256": "Sanitized",
        "x-ms-date": "Mon, 13 Nov 2023 17:46:19 GMT",
        "x-ms-return-client-request-id": "true"
      },
      "RequestBody": null,
      "StatusCode": 200,
      "ResponseHeaders": {
        "api-supported-versions": "2021-04-07-preview1, 2022-07-18-preview, 2023-08-25-preview, 2023-11-01",
        "Connection": "keep-alive",
        "Content-Type": "application/json; charset=utf-8",
        "Date": "Mon, 13 Nov 2023 17:46:18 GMT",
        "ETag": "\u002200000001-0000-0000-403e-db7070e4db08\u0022",
        "Last-Modified": "Mon, 13 Nov 2023 17:46:18 GMT",
        "Request-Context": "appId=",
        "trace-id": "dbf1d8d4-62af-ea4e-3a52-39ddf4f4536b",
        "Transfer-Encoding": "chunked",
        "x-azure-ref": "20231113T174618Z-d09fgbz5sh0epcc9np5th278yc000000019g00000001whk7",
        "X-Cache": "CONFIG_NOCACHE"
      },
      "ResponseBody": {
        "id": "792B335FA33915687FD60E8D7C773A1E44392F7F720F57E4B0",
        "status": "waitingForActivation",
        "channelId": "A16268B1977066D8BF9E03A3C6CC5E4792B9D2BD8B6D317025",
        "classificationPolicyId": "DE46D1864797D50D795078A0F25681309172E7C175E6DD6949",
        "queueId": "D9E5B6CB4177B2E89EC46DEA6D3CBC040F253F9DA824651B161",
        "priority": 1,
        "requestedWorkerSelectors": [],
        "attachedWorkerSelectors": [],
        "labels": {
          "Product": "D9E5B6CB4177B2E89EC46DEA6D3CBC040F253F9DA824651B16O365",
          "Region": "D9E5B6CB4177B2E89EC46DEA6D3CBC040F253F9DA824651B16NA",
          "Lang": "D9E5B6CB4177B2E89EC46DEA6D3CBC040F253F9DA824651B16EN"
        },
        "assignments": {},
        "tags": {},
        "notes": [],
        "matchingMode": {
          "kind": "queueAndMatch"
        },
        "etag": "\u002200000001-0000-0000-403e-db7070e4db08\u0022"
      }
    },
    {
      "RequestUri": "https://sanitized.comminication.azure.com/routing/jobs/792B335FA33915687FD60E8D7C773A1E44392F7F720F57E4B0?api-version=2023-11-01",
      "RequestMethod": "GET",
      "RequestHeaders": {
        "Accept": "application/json",
        "Authorization": "Sanitized",
        "traceparent": "00-a41c716acf7af09a5be074b7962806ca-6da8712fce92b118-00",
        "User-Agent": "azsdk-net-Communication.JobRouter/1.0.0-alpha.20231113.1 (.NET 7.0.13; Microsoft Windows 10.0.22621)",
        "x-ms-client-request-id": "e76ab8c68ae73f149d0d06f6a588bddd",
        "x-ms-content-sha256": "Sanitized",
        "x-ms-date": "Mon, 13 Nov 2023 17:46:20 GMT",
        "x-ms-return-client-request-id": "true"
      },
      "RequestBody": null,
      "StatusCode": 200,
      "ResponseHeaders": {
        "api-supported-versions": "2021-04-07-preview1, 2022-07-18-preview, 2023-08-25-preview, 2023-11-01",
        "Connection": "keep-alive",
        "Content-Type": "application/json; charset=utf-8",
        "Date": "Mon, 13 Nov 2023 17:46:19 GMT",
        "ETag": "\u002200000002-0000-0000-2117-f57070e4db08\u0022",
        "Last-Modified": "Mon, 13 Nov 2023 17:46:18 GMT",
        "Request-Context": "appId=",
        "trace-id": "a41c716a-cf7a-f09a-5be0-74b7962806ca",
        "Transfer-Encoding": "chunked",
        "x-azure-ref": "20231113T174619Z-d09fgbz5sh0epcc9np5th278yc000000019g00000001whu4",
        "X-Cache": "CONFIG_NOCACHE"
      },
      "ResponseBody": {
        "id": "792B335FA33915687FD60E8D7C773A1E44392F7F720F57E4B0",
        "status": "queued",
        "enqueuedAt": "2023-11-13T17:46:18.5637665\u002B00:00",
        "channelId": "A16268B1977066D8BF9E03A3C6CC5E4792B9D2BD8B6D317025",
        "classificationPolicyId": "DE46D1864797D50D795078A0F25681309172E7C175E6DD6949",
        "queueId": "D9E5B6CB4177B2E89EC46DEA6D3CBC040F253F9DA824651B161",
        "priority": 1,
        "requestedWorkerSelectors": [],
        "attachedWorkerSelectors": [],
        "labels": {
          "Product": "D9E5B6CB4177B2E89EC46DEA6D3CBC040F253F9DA824651B16O365",
          "Region": "D9E5B6CB4177B2E89EC46DEA6D3CBC040F253F9DA824651B16NA",
          "Lang": "D9E5B6CB4177B2E89EC46DEA6D3CBC040F253F9DA824651B16EN"
        },
        "assignments": {},
        "tags": {},
        "notes": [],
        "matchingMode": {
          "kind": "queueAndMatch"
        },
        "etag": "\u002200000002-0000-0000-2117-f57070e4db08\u0022"
      }
    },
    {
      "RequestUri": "https://sanitized.comminication.azure.com/routing/jobs/D6A8D2ECBA248371281410355FC318B44652788BFAAD29492A?api-version=2023-11-01",
      "RequestMethod": "PATCH",
      "RequestHeaders": {
        "Accept": "application/json",
        "Authorization": "Sanitized",
        "Content-Length": "358",
        "Content-Type": "application/merge-patch\u002Bjson",
        "traceparent": "00-f58f5bf33c1982531448977d360afecd-c3159a3ff46dae9f-00",
        "User-Agent": "azsdk-net-Communication.JobRouter/1.0.0-alpha.20231113.1 (.NET 7.0.13; Microsoft Windows 10.0.22621)",
        "x-ms-client-request-id": "3b52a0adfad400950708df9c1aafa1d3",
        "x-ms-content-sha256": "Sanitized",
        "x-ms-date": "Mon, 13 Nov 2023 17:46:21 GMT",
        "x-ms-return-client-request-id": "true"
      },
      "RequestBody": {
        "channelId": "A16268B1977066D8BF9E03A3C6CC5E4792B9D2BD8B6D317025",
        "classificationPolicyId": "DE46D1864797D50D795078A0F25681309172E7C175E6DD6949",
        "labels": {
          "Product": "D9E5B6CB4177B2E89EC46DEA6D3CBC040F253F9DA824651B16O365",
          "Region": "D9E5B6CB4177B2E89EC46DEA6D3CBC040F253F9DA824651B16NA",
          "Lang": "D9E5B6CB4177B2E89EC46DEA6D3CBC040F253F9DA824651B16FR"
        },
        "etag": ""
      },
      "StatusCode": 201,
      "ResponseHeaders": {
        "api-supported-versions": "2021-04-07-preview1, 2022-07-18-preview, 2023-08-25-preview, 2023-11-01",
        "Connection": "keep-alive",
        "Content-Type": "application/json; charset=utf-8",
        "Date": "Mon, 13 Nov 2023 17:46:19 GMT",
        "ETag": "\u002200000000-0000-0000-5939-ae7170e4db08\u0022",
        "Last-Modified": "Mon, 13 Nov 2023 17:46:19 GMT",
        "Request-Context": "appId=",
        "trace-id": "f58f5bf3-3c19-8253-1448-977d360afecd",
        "Transfer-Encoding": "chunked",
        "x-azure-ref": "20231113T174619Z-d09fgbz5sh0epcc9np5th278yc000000019g00000001whun",
        "X-Cache": "CONFIG_NOCACHE"
      },
      "ResponseBody": {
        "id": "D6A8D2ECBA248371281410355FC318B44652788BFAAD29492A",
        "status": "pendingClassification",
        "channelId": "A16268B1977066D8BF9E03A3C6CC5E4792B9D2BD8B6D317025",
        "classificationPolicyId": "DE46D1864797D50D795078A0F25681309172E7C175E6DD6949",
        "priority": 1,
        "requestedWorkerSelectors": [],
        "attachedWorkerSelectors": [],
        "labels": {
          "Product": "D9E5B6CB4177B2E89EC46DEA6D3CBC040F253F9DA824651B16O365",
          "Region": "D9E5B6CB4177B2E89EC46DEA6D3CBC040F253F9DA824651B16NA",
          "Lang": "D9E5B6CB4177B2E89EC46DEA6D3CBC040F253F9DA824651B16FR"
        },
        "assignments": {},
        "tags": {},
        "notes": [],
        "matchingMode": {
          "kind": "queueAndMatch"
        },
        "etag": "\u002200000000-0000-0000-5939-ae7170e4db08\u0022"
      }
    },
    {
      "RequestUri": "https://sanitized.comminication.azure.com/routing/jobs/D6A8D2ECBA248371281410355FC318B44652788BFAAD29492A?api-version=2023-11-01",
      "RequestMethod": "GET",
      "RequestHeaders": {
        "Accept": "application/json",
        "Authorization": "Sanitized",
        "traceparent": "00-9b8196769ab0f1b65e66bb2e8d8436da-56354ef8779a20c9-00",
        "User-Agent": "azsdk-net-Communication.JobRouter/1.0.0-alpha.20231113.1 (.NET 7.0.13; Microsoft Windows 10.0.22621)",
        "x-ms-client-request-id": "01971862460ce9b4ded6ea39071b9998",
        "x-ms-content-sha256": "Sanitized",
        "x-ms-date": "Mon, 13 Nov 2023 17:46:21 GMT",
        "x-ms-return-client-request-id": "true"
      },
      "RequestBody": null,
      "StatusCode": 200,
      "ResponseHeaders": {
        "api-supported-versions": "2021-04-07-preview1, 2022-07-18-preview, 2023-08-25-preview, 2023-11-01",
        "Connection": "keep-alive",
        "Content-Type": "application/json; charset=utf-8",
        "Date": "Mon, 13 Nov 2023 17:46:20 GMT",
        "ETag": "\u002200000000-0000-0000-5939-ae7170e4db08\u0022",
        "Last-Modified": "Mon, 13 Nov 2023 17:46:19 GMT",
        "Request-Context": "appId=",
        "trace-id": "9b819676-9ab0-f1b6-5e66-bb2e8d8436da",
        "Transfer-Encoding": "chunked",
        "x-azure-ref": "20231113T174619Z-d09fgbz5sh0epcc9np5th278yc000000019g00000001whwh",
        "X-Cache": "CONFIG_NOCACHE"
      },
      "ResponseBody": {
        "id": "D6A8D2ECBA248371281410355FC318B44652788BFAAD29492A",
        "status": "pendingClassification",
        "channelId": "A16268B1977066D8BF9E03A3C6CC5E4792B9D2BD8B6D317025",
        "classificationPolicyId": "DE46D1864797D50D795078A0F25681309172E7C175E6DD6949",
        "priority": 1,
        "requestedWorkerSelectors": [],
        "attachedWorkerSelectors": [],
        "labels": {
          "Product": "D9E5B6CB4177B2E89EC46DEA6D3CBC040F253F9DA824651B16O365",
          "Region": "D9E5B6CB4177B2E89EC46DEA6D3CBC040F253F9DA824651B16NA",
          "Lang": "D9E5B6CB4177B2E89EC46DEA6D3CBC040F253F9DA824651B16FR"
        },
        "assignments": {},
        "tags": {},
        "notes": [],
        "matchingMode": {
          "kind": "queueAndMatch"
        },
        "etag": "\u002200000000-0000-0000-5939-ae7170e4db08\u0022"
      }
    },
    {
      "RequestUri": "https://sanitized.comminication.azure.com/routing/jobs/D6A8D2ECBA248371281410355FC318B44652788BFAAD29492A?api-version=2023-11-01",
      "RequestMethod": "GET",
      "RequestHeaders": {
        "Accept": "application/json",
        "Authorization": "Sanitized",
        "traceparent": "00-bbb0d88d7f2983cec32984ff2e3aa40d-9c81909c73eca2a9-00",
        "User-Agent": "azsdk-net-Communication.JobRouter/1.0.0-alpha.20231113.1 (.NET 7.0.13; Microsoft Windows 10.0.22621)",
        "x-ms-client-request-id": "ed3fc09eba0eccc62369e0deab7725ed",
        "x-ms-content-sha256": "Sanitized",
        "x-ms-date": "Mon, 13 Nov 2023 17:46:22 GMT",
        "x-ms-return-client-request-id": "true"
      },
      "RequestBody": null,
      "StatusCode": 200,
      "ResponseHeaders": {
        "api-supported-versions": "2021-04-07-preview1, 2022-07-18-preview, 2023-08-25-preview, 2023-11-01",
        "Connection": "keep-alive",
        "Content-Type": "application/json; charset=utf-8",
        "Date": "Mon, 13 Nov 2023 17:46:21 GMT",
        "ETag": "\u002200000000-0000-0000-5939-ae7170e4db08\u0022",
        "Last-Modified": "Mon, 13 Nov 2023 17:46:19 GMT",
        "Request-Context": "appId=",
        "trace-id": "bbb0d88d-7f29-83ce-c329-84ff2e3aa40d",
        "Transfer-Encoding": "chunked",
        "x-azure-ref": "20231113T174621Z-d09fgbz5sh0epcc9np5th278yc000000019g00000001wk6c",
        "X-Cache": "CONFIG_NOCACHE"
      },
      "ResponseBody": {
        "id": "D6A8D2ECBA248371281410355FC318B44652788BFAAD29492A",
        "status": "pendingClassification",
        "channelId": "A16268B1977066D8BF9E03A3C6CC5E4792B9D2BD8B6D317025",
        "classificationPolicyId": "DE46D1864797D50D795078A0F25681309172E7C175E6DD6949",
        "priority": 1,
        "requestedWorkerSelectors": [],
        "attachedWorkerSelectors": [],
        "labels": {
          "Product": "D9E5B6CB4177B2E89EC46DEA6D3CBC040F253F9DA824651B16O365",
          "Region": "D9E5B6CB4177B2E89EC46DEA6D3CBC040F253F9DA824651B16NA",
          "Lang": "D9E5B6CB4177B2E89EC46DEA6D3CBC040F253F9DA824651B16FR"
        },
        "assignments": {},
        "tags": {},
        "notes": [],
        "matchingMode": {
          "kind": "queueAndMatch"
        },
        "etag": "\u002200000000-0000-0000-5939-ae7170e4db08\u0022"
      }
    },
    {
      "RequestUri": "https://sanitized.comminication.azure.com/routing/jobs/D6A8D2ECBA248371281410355FC318B44652788BFAAD29492A?api-version=2023-11-01",
      "RequestMethod": "GET",
      "RequestHeaders": {
        "Accept": "application/json",
        "Authorization": "Sanitized",
        "traceparent": "00-4761ce1649f9df5d1ffe9fbd3e7d3412-c1b261238b4ad9b4-00",
        "User-Agent": "azsdk-net-Communication.JobRouter/1.0.0-alpha.20231113.1 (.NET 7.0.13; Microsoft Windows 10.0.22621)",
        "x-ms-client-request-id": "8c94326bbcf167d0eb685dfd0f5bf9eb",
        "x-ms-content-sha256": "Sanitized",
        "x-ms-date": "Mon, 13 Nov 2023 17:46:23 GMT",
        "x-ms-return-client-request-id": "true"
      },
      "RequestBody": null,
      "StatusCode": 200,
      "ResponseHeaders": {
        "api-supported-versions": "2021-04-07-preview1, 2022-07-18-preview, 2023-08-25-preview, 2023-11-01",
        "Connection": "keep-alive",
        "Content-Type": "application/json; charset=utf-8",
        "Date": "Mon, 13 Nov 2023 17:46:22 GMT",
        "ETag": "\u002200000002-0000-0000-6868-107370e4db08\u0022",
        "Last-Modified": "Mon, 13 Nov 2023 17:46:22 GMT",
        "Request-Context": "appId=",
        "trace-id": "4761ce16-49f9-df5d-1ffe-9fbd3e7d3412",
        "Transfer-Encoding": "chunked",
        "x-azure-ref": "20231113T174622Z-d09fgbz5sh0epcc9np5th278yc000000019g00000001wke7",
        "X-Cache": "CONFIG_NOCACHE"
      },
      "ResponseBody": {
        "id": "D6A8D2ECBA248371281410355FC318B44652788BFAAD29492A",
        "status": "queued",
        "enqueuedAt": "2023-11-13T17:46:22.0982376\u002B00:00",
        "channelId": "A16268B1977066D8BF9E03A3C6CC5E4792B9D2BD8B6D317025",
        "classificationPolicyId": "DE46D1864797D50D795078A0F25681309172E7C175E6DD6949",
        "queueId": "D9E5B6CB4177B2E89EC46DEA6D3CBC040F253F9DA824651B162",
        "priority": 1,
        "requestedWorkerSelectors": [],
        "attachedWorkerSelectors": [],
        "labels": {
          "Product": "D9E5B6CB4177B2E89EC46DEA6D3CBC040F253F9DA824651B16O365",
          "Region": "D9E5B6CB4177B2E89EC46DEA6D3CBC040F253F9DA824651B16NA",
          "Lang": "D9E5B6CB4177B2E89EC46DEA6D3CBC040F253F9DA824651B16FR"
        },
        "assignments": {},
        "tags": {},
        "notes": [],
        "matchingMode": {
          "kind": "queueAndMatch"
        },
        "etag": "\u002200000002-0000-0000-6868-107370e4db08\u0022"
      }
    }
  ],
  "Variables": {
    "COMMUNICATION_LIVETEST_DYNAMIC_CONNECTION_STRING": "endpoint=https://sanitized.communication.azure.com/;accesskey=Kg==",
    "id-prefix": "sdk-44EAgMyCUkWz5twsJoNHhw-",
    "RandomSeed": "1689522866"
  }
}
