{
  "Entries": [
    {
      "RequestUri": "https://camaiaor-localtests.cognitiveservices.azure.com/documentintelligence/documentModels/prebuilt-receipt:analyze?api-version=2024-07-31-preview",
      "RequestMethod": "POST",
      "RequestHeaders": {
        "Accept": "application/json",
        "Content-Length": "25",
        "Content-Type": "application/json",
        "Ocp-Apim-Subscription-Key": "Sanitized",
        "traceparent": "00-3b6e898376864c33054496a8152b99ac-1e875fc1ec81dff5-00",
        "User-Agent": "azsdk-net-AI.DocumentIntelligence/1.0.0-alpha.20240806.1 (.NET 7.0.20; Microsoft Windows 10.0.22631)",
        "x-ms-client-request-id": "Sanitized",
        "x-ms-return-client-request-id": "true"
      },
      "RequestBody": {
        "urlSource": "Sanitized"
      },
      "StatusCode": 202,
      "ResponseHeaders": {
        "apim-request-id": "9945d56f-4651-49a6-9dd9-c3c3e140fa77",
        "Content-Length": "0",
        "Date": "Wed, 07 Aug 2024 19:29:08 GMT",
        "Operation-Location": "https://camaiaor-localtests.cognitiveservices.azure.com/documentintelligence/documentModels/prebuilt-receipt/analyzeResults/9945d56f-4651-49a6-9dd9-c3c3e140fa77?api-version=2024-07-31-preview",
        "Strict-Transport-Security": "max-age=31536000; includeSubDomains; preload",
        "X-Content-Type-Options": "nosniff",
        "x-envoy-upstream-service-time": "166",
        "x-ms-region": "East US"
      },
      "ResponseBody": null
    },
    {
      "RequestUri": "https://camaiaor-localtests.cognitiveservices.azure.com/documentintelligence/documentModels/prebuilt-receipt/analyzeResults/9945d56f-4651-49a6-9dd9-c3c3e140fa77?api-version=2024-07-31-preview",
      "RequestMethod": "GET",
      "RequestHeaders": {
        "Ocp-Apim-Subscription-Key": "Sanitized",
        "traceparent": "00-3b6e898376864c33054496a8152b99ac-11c45088052c8763-00",
        "User-Agent": "azsdk-net-AI.DocumentIntelligence/1.0.0-alpha.20240806.1 (.NET 7.0.20; Microsoft Windows 10.0.22631)",
        "x-ms-client-request-id": "Sanitized",
        "x-ms-return-client-request-id": "true"
      },
      "RequestBody": null,
      "StatusCode": 200,
      "ResponseHeaders": {
        "apim-request-id": "8c5039db-ec0d-46be-82a4-380d1fce539d",
        "Content-Length": "106",
        "Content-Type": "application/json; charset=utf-8",
        "Date": "Wed, 07 Aug 2024 19:29:08 GMT",
        "Retry-After": "1",
        "Strict-Transport-Security": "max-age=31536000; includeSubDomains; preload",
        "X-Content-Type-Options": "nosniff",
        "x-envoy-upstream-service-time": "20",
        "x-ms-region": "East US"
      },
      "ResponseBody": {
        "status": "running",
        "createdDateTime": "2024-08-07T19:29:08Z",
        "lastUpdatedDateTime": "2024-08-07T19:29:08Z"
      }
    },
    {
      "RequestUri": "https://camaiaor-localtests.cognitiveservices.azure.com/documentintelligence/documentModels/prebuilt-receipt/analyzeResults/9945d56f-4651-49a6-9dd9-c3c3e140fa77?api-version=2024-07-31-preview",
      "RequestMethod": "GET",
      "RequestHeaders": {
        "Ocp-Apim-Subscription-Key": "Sanitized",
        "traceparent": "00-3b6e898376864c33054496a8152b99ac-617a52461e306866-00",
        "User-Agent": "azsdk-net-AI.DocumentIntelligence/1.0.0-alpha.20240806.1 (.NET 7.0.20; Microsoft Windows 10.0.22631)",
        "x-ms-client-request-id": "Sanitized",
        "x-ms-return-client-request-id": "true"
      },
      "RequestBody": null,
      "StatusCode": 200,
      "ResponseHeaders": {
        "apim-request-id": "fccd41ea-00cd-49c1-accd-35cc557d25da",
        "Content-Length": "416",
        "Content-Type": "application/json; charset=utf-8",
        "Date": "Wed, 07 Aug 2024 19:29:10 GMT",
        "Strict-Transport-Security": "max-age=31536000; includeSubDomains; preload",
        "X-Content-Type-Options": "nosniff",
        "x-envoy-upstream-service-time": "32",
        "x-ms-region": "East US"
      },
      "ResponseBody": {
        "status": "succeeded",
        "createdDateTime": "2024-08-07T19:29:08Z",
        "lastUpdatedDateTime": "2024-08-07T19:29:09Z",
        "analyzeResult": {
          "apiVersion": "2024-07-31-preview",
          "modelId": "prebuilt-receipt",
          "stringIndexType": "textElements",
          "content": "",
          "pages": [
            {
              "pageNumber": 1,
              "angle": 0,
              "width": 8.5,
              "height": 11,
              "unit": "inch",
              "words": [],
              "lines": [],
              "spans": [
                {
                  "offset": 0,
                  "length": 0
                }
              ]
            }
          ],
          "styles": [],
          "documents": [],
          "contentFormat": "text"
        }
      }
    }
  ],
  "Variables": {
    "API_KEY": "Sanitized",
    "ENDPOINT": "https://camaiaor-localtests.cognitiveservices.azure.com/",
    "RandomSeed": "1315480336"
  }
}
