{
  "Entries": [
    {
      "RequestUri": "https://t729561e092ecf3cbprim.table.core.windows.net/Tables?$format=application%2Fjson%3Bodata%3Dminimalmetadata",
      "RequestMethod": "POST",
      "RequestHeaders": {
        "Accept": "application/json;odata=minimalmetadata",
        "Authorization": "Sanitized",
        "Content-Length": "33",
        "Content-Type": "application/json;odata=nometadata",
        "DataServiceVersion": "3.0",
        "traceparent": "00-a20e2ac744cd1af6804ca6c8eb59d41b-c6d83a549b7fef14-00",
        "User-Agent": "azsdk-net-Data.Tables/12.9.0-alpha.20240422.1 (.NET 7.0.18; Microsoft Windows 10.0.22631)",
        "x-ms-client-request-id": "abc59ddee7d9a3ebb4347f50964f87d4",
        "x-ms-date": "Mon, 22 Apr 2024 17:16:35 GMT",
        "x-ms-return-client-request-id": "true",
        "x-ms-version": "2020-12-06"
      },
      "RequestBody": {
        "TableName": "testtable022dl6w4"
      },
      "StatusCode": 201,
      "ResponseHeaders": {
        "Cache-Control": "no-cache",
        "Content-Type": "application/json; odata=minimalmetadata; streaming=true; charset=utf-8",
        "Date": "Mon, 22 Apr 2024 17:16:34 GMT",
        "Location": "https://t729561e092ecf3cbprim.table.core.windows.net/Tables('testtable022dl6w4')",
        "Server": [
          "Windows-Azure-Table/1.0",
          "Microsoft-HTTPAPI/2.0"
        ],
        "Transfer-Encoding": "chunked",
        "X-Content-Type-Options": "nosniff",
        "x-ms-client-request-id": "abc59ddee7d9a3ebb4347f50964f87d4",
        "x-ms-request-id": "8942c8e8-c002-005e-75d8-947490000000",
        "x-ms-version": "2020-12-06"
      },
      "ResponseBody": {
        "odata.metadata": "https://t729561e092ecf3cbprim.table.core.windows.net/$metadata#Tables/@Element",
        "TableName": "testtable022dl6w4"
      }
    },
    {
      "RequestUri": "https://t729561e092ecf3cbprim.table.core.windows.net/testtable022dl6w4?$format=application%2Fjson%3Bodata%3Dminimalmetadata",
      "RequestMethod": "POST",
      "RequestHeaders": {
        "Accept": "application/json;odata=minimalmetadata",
        "Authorization": "Sanitized",
        "Content-Length": "1710",
        "Content-Type": "application/json;odata=nometadata",
        "DataServiceVersion": "3.0",
        "Prefer": "return-no-content",
        "traceparent": "00-4d830f7672e990ca9efdfd7f85fde4b4-f9835aa2abc526ea-00",
        "User-Agent": "azsdk-net-Data.Tables/12.9.0-alpha.20240422.1 (.NET 7.0.18; Microsoft Windows 10.0.22631)",
        "x-ms-client-request-id": "c1c730e88666348235371544423a8468",
        "x-ms-date": "Mon, 22 Apr 2024 17:16:35 GMT",
        "x-ms-return-client-request-id": "true",
        "x-ms-version": "2020-12-06"
      },
      "RequestBody": {
        "DateTimeOffsetNull": null,
        "DateTimeOffsetN": "2020-01-01T01:02:00.0000000Z",
        "DateTimeOffsetN@odata.type": "Edm.DateTime",
        "DateTimeOffset": "2020-01-01T01:02:00.0000000Z",
        "DateTimeOffset@odata.type": "Edm.DateTime",
        "DateTimeNull": null,
        "DateTimeN": "2020-01-01T01:02:00.0000000Z",
        "DateTimeN@odata.type": "Edm.DateTime",
        "DateTime": "2020-01-01T01:02:00.0000000Z",
        "DateTime@odata.type": "Edm.DateTime",
        "DateTimeAsString": "2020-01-01T01:02:00.0000000Z",
        "BoolNull": null,
        "BoolN": false,
        "Bool": false,
        "BoolPrimitiveNull": null,
        "BoolPrimitiveN": false,
        "BoolPrimitive": false,
        "Binary": "AQL/AQ==",
        "Binary@odata.type": "Edm.Binary",
        "BinaryNull": null,
        "BinaryPrimitive": "AQL/AQ==",
        "BinaryPrimitive@odata.type": "Edm.Binary",
        "DoublePrimitiveNull": null,
        "DoublePrimitiveN": 1.5,
        "DoublePrimitiveN@odata.type": "Edm.Double",
        "DoublePrimitive": 1.5,
        "DoublePrimitive@odata.type": "Edm.Double",
        "DoubleNull": null,
        "DoubleN": 1.5,
        "DoubleN@odata.type": "Edm.Double",
        "Double": 1.5,
        "Double@odata.type": "Edm.Double",
        "DoubleInteger": 1,
        "DoubleInteger@odata.type": "Edm.Double",
        "SomeNewName": "0001",
        "DataMemberImplictNameProperty": "0001",
        "GuidNull": null,
        "GuidN": "0d391d16-97f1-4b9a-be68-4cc871f90001",
        "GuidN@odata.type": "Edm.Guid",
        "Guid": "0d391d16-97f1-4b9a-be68-4cc871f90001",
        "Guid@odata.type": "Edm.Guid",
        "IntegerPrimitiveNull": null,
        "IntegerPrimitiveN": 1,
        "IntegerPrimitive": 1,
        "Int32Null": null,
        "Int32N": 1,
        "Int32": 1,
        "LongPrimitiveNull": null,
        "LongPrimitiveN": "2147483648",
        "LongPrimitiveN@odata.type": "Edm.Int64",
        "LongPrimitive": "2147483648",
        "LongPrimitive@odata.type": "Edm.Int64",
        "Int64Null": null,
        "Int64N": "123456789012",
        "Int64N@odata.type": "Edm.Int64",
        "Int64": "2147483648",
        "Int64@odata.type": "Edm.Int64",
        "String": "0001",
        "PartitionKey": "somPartition",
        "RowKey": "0001"
      },
      "StatusCode": 204,
      "ResponseHeaders": {
        "Cache-Control": "no-cache",
        "Content-Length": "0",
        "DataServiceId": "https://t729561e092ecf3cbprim.table.core.windows.net/testtable022dl6w4(PartitionKey='somPartition',RowKey='0001')",
        "Date": "Mon, 22 Apr 2024 17:16:34 GMT",
        "ETag": "W/\"datetime'2024-04-22T17%3A16%3A35.3324216Z'\"",
        "Location": "https://t729561e092ecf3cbprim.table.core.windows.net/testtable022dl6w4(PartitionKey='somPartition',RowKey='0001')",
        "Preference-Applied": "return-no-content",
        "Server": [
          "Windows-Azure-Table/1.0",
          "Microsoft-HTTPAPI/2.0"
        ],
        "X-Content-Type-Options": "nosniff",
        "x-ms-client-request-id": "c1c730e88666348235371544423a8468",
        "x-ms-request-id": "8942c906-c002-005e-11d8-947490000000",
        "x-ms-version": "2020-12-06"
      },
      "ResponseBody": null
    },
    {
      "RequestUri": "https://t729561e092ecf3cbprim.table.core.windows.net/testtable022dl6w4?$format=application%2Fjson%3Bodata%3Dminimalmetadata",
      "RequestMethod": "POST",
      "RequestHeaders": {
        "Accept": "application/json;odata=minimalmetadata",
        "Authorization": "Sanitized",
        "Content-Length": "1708",
        "Content-Type": "application/json;odata=nometadata",
        "DataServiceVersion": "3.0",
        "Prefer": "return-no-content",
        "traceparent": "00-b1c23f98e7d252363764bcf73f88a9b8-9ba55dfea474241e-00",
        "User-Agent": "azsdk-net-Data.Tables/12.9.0-alpha.20240422.1 (.NET 7.0.18; Microsoft Windows 10.0.22631)",
        "x-ms-client-request-id": "64465a31182bb5cc0f70bad18f356f1a",
        "x-ms-date": "Mon, 22 Apr 2024 17:16:35 GMT",
        "x-ms-return-client-request-id": "true",
        "x-ms-version": "2020-12-06"
      },
      "RequestBody": {
        "DateTimeOffsetNull": null,
        "DateTimeOffsetN": "2020-01-01T01:03:00.0000000Z",
        "DateTimeOffsetN@odata.type": "Edm.DateTime",
        "DateTimeOffset": "2020-01-01T01:03:00.0000000Z",
        "DateTimeOffset@odata.type": "Edm.DateTime",
        "DateTimeNull": null,
        "DateTimeN": "2020-01-01T01:03:00.0000000Z",
        "DateTimeN@odata.type": "Edm.DateTime",
        "DateTime": "2020-01-01T01:03:00.0000000Z",
        "DateTime@odata.type": "Edm.DateTime",
        "DateTimeAsString": "2020-01-01T01:03:00.0000000Z",
        "BoolNull": null,
        "BoolN": false,
        "Bool": true,
        "BoolPrimitiveNull": null,
        "BoolPrimitiveN": false,
        "BoolPrimitive": true,
        "Binary": "AQL/Ag==",
        "Binary@odata.type": "Edm.Binary",
        "BinaryNull": null,
        "BinaryPrimitive": "AQL/Ag==",
        "BinaryPrimitive@odata.type": "Edm.Binary",
        "DoublePrimitiveNull": null,
        "DoublePrimitiveN": 2.5,
        "DoublePrimitiveN@odata.type": "Edm.Double",
        "DoublePrimitive": 2.5,
        "DoublePrimitive@odata.type": "Edm.Double",
        "DoubleNull": null,
        "DoubleN": 2.5,
        "DoubleN@odata.type": "Edm.Double",
        "Double": 2.5,
        "Double@odata.type": "Edm.Double",
        "DoubleInteger": 2,
        "DoubleInteger@odata.type": "Edm.Double",
        "SomeNewName": "0002",
        "DataMemberImplictNameProperty": "0002",
        "GuidNull": null,
        "GuidN": "0d391d16-97f1-4b9a-be68-4cc871f90002",
        "GuidN@odata.type": "Edm.Guid",
        "Guid": "0d391d16-97f1-4b9a-be68-4cc871f90002",
        "Guid@odata.type": "Edm.Guid",
        "IntegerPrimitiveNull": null,
        "IntegerPrimitiveN": 2,
        "IntegerPrimitive": 2,
        "Int32Null": null,
        "Int32N": 2,
        "Int32": 2,
        "LongPrimitiveNull": null,
        "LongPrimitiveN": "2147483649",
        "LongPrimitiveN@odata.type": "Edm.Int64",
        "LongPrimitive": "2147483649",
        "LongPrimitive@odata.type": "Edm.Int64",
        "Int64Null": null,
        "Int64N": "123456789012",
        "Int64N@odata.type": "Edm.Int64",
        "Int64": "2147483649",
        "Int64@odata.type": "Edm.Int64",
        "String": "0002",
        "PartitionKey": "somPartition",
        "RowKey": "0002"
      },
      "StatusCode": 204,
      "ResponseHeaders": {
        "Cache-Control": "no-cache",
        "Content-Length": "0",
        "DataServiceId": "https://t729561e092ecf3cbprim.table.core.windows.net/testtable022dl6w4(PartitionKey='somPartition',RowKey='0002')",
        "Date": "Mon, 22 Apr 2024 17:16:34 GMT",
        "ETag": "W/\"datetime'2024-04-22T17%3A16%3A35.3802123Z'\"",
        "Location": "https://t729561e092ecf3cbprim.table.core.windows.net/testtable022dl6w4(PartitionKey='somPartition',RowKey='0002')",
        "Preference-Applied": "return-no-content",
        "Server": [
          "Windows-Azure-Table/1.0",
          "Microsoft-HTTPAPI/2.0"
        ],
        "X-Content-Type-Options": "nosniff",
        "x-ms-client-request-id": "64465a31182bb5cc0f70bad18f356f1a",
        "x-ms-request-id": "8942c913-c002-005e-1ed8-947490000000",
        "x-ms-version": "2020-12-06"
      },
      "ResponseBody": null
    },
    {
      "RequestUri": "https://t729561e092ecf3cbprim.table.core.windows.net/testtable022dl6w4()?$format=application%2Fjson%3Bodata%3Dminimalmetadata&$filter=%28PartitionKey%20eq%20%27somPartition%27%29%20and%20%28RowKey%20eq%20%270002%27%29",
      "RequestMethod": "GET",
      "RequestHeaders": {
        "Accept": "application/json;odata=minimalmetadata",
        "Authorization": "Sanitized",
        "DataServiceVersion": "3.0",
        "traceparent": "00-793e7dc5889b4e04e52a4191a9721f12-47184ef551a23424-00",
        "User-Agent": "azsdk-net-Data.Tables/12.9.0-alpha.20240422.1 (.NET 7.0.18; Microsoft Windows 10.0.22631)",
        "x-ms-client-request-id": "85df7d59c46758671b9076a1d2a6607a",
        "x-ms-date": "Mon, 22 Apr 2024 17:16:35 GMT",
        "x-ms-return-client-request-id": "true",
        "x-ms-version": "2020-12-06"
      },
      "RequestBody": null,
      "StatusCode": 200,
      "ResponseHeaders": {
        "Cache-Control": "no-cache",
        "Content-Type": "application/json; odata=minimalmetadata; streaming=true; charset=utf-8",
        "Date": "Mon, 22 Apr 2024 17:16:34 GMT",
        "Server": [
          "Windows-Azure-Table/1.0",
          "Microsoft-HTTPAPI/2.0"
        ],
        "Transfer-Encoding": "chunked",
        "X-Content-Type-Options": "nosniff",
        "x-ms-client-request-id": "85df7d59c46758671b9076a1d2a6607a",
        "x-ms-request-id": "8942c91d-c002-005e-28d8-947490000000",
        "x-ms-version": "2020-12-06"
      },
      "ResponseBody": {
        "odata.metadata": "https://t729561e092ecf3cbprim.table.core.windows.net/$metadata#testtable022dl6w4",
        "value": [
          {
            "odata.etag": "W/\"datetime'2024-04-22T17%3A16%3A35.3802123Z'\"",
            "PartitionKey": "somPartition",
            "RowKey": "0002",
            "Timestamp": "2024-04-22T17:16:35.3802123Z",
            "DateTimeOffsetN@odata.type": "Edm.DateTime",
            "DateTimeOffsetN": "2020-01-01T01:03:00Z",
            "DateTimeOffset@odata.type": "Edm.DateTime",
            "DateTimeOffset": "2020-01-01T01:03:00Z",
            "DateTimeN@odata.type": "Edm.DateTime",
            "DateTimeN": "2020-01-01T01:03:00Z",
            "DateTime@odata.type": "Edm.DateTime",
            "DateTime": "2020-01-01T01:03:00Z",
            "DateTimeAsString": "2020-01-01T01:03:00.0000000Z",
            "BoolN": false,
            "Bool": true,
            "BoolPrimitiveN": false,
            "BoolPrimitive": true,
            "Binary@odata.type": "Edm.Binary",
            "Binary": "AQL/Ag==",
            "BinaryPrimitive@odata.type": "Edm.Binary",
            "BinaryPrimitive": "AQL/Ag==",
            "DoublePrimitiveN": 2.5,
            "DoublePrimitive": 2.5,
            "DoubleN": 2.5,
            "Double": 2.5,
            "DoubleInteger": 2.0,
            "SomeNewName": "0002",
            "DataMemberImplictNameProperty": "0002",
            "GuidN@odata.type": "Edm.Guid",
            "GuidN": "0d391d16-97f1-4b9a-be68-4cc871f90002",
            "Guid@odata.type": "Edm.Guid",
            "Guid": "0d391d16-97f1-4b9a-be68-4cc871f90002",
            "IntegerPrimitiveN": 2,
            "IntegerPrimitive": 2,
            "Int32N": 2,
            "Int32": 2,
            "LongPrimitiveN@odata.type": "Edm.Int64",
            "LongPrimitiveN": "2147483649",
            "LongPrimitive@odata.type": "Edm.Int64",
            "LongPrimitive": "2147483649",
            "Int64N@odata.type": "Edm.Int64",
            "Int64N": "123456789012",
            "Int64@odata.type": "Edm.Int64",
            "Int64": "2147483649",
            "String": "0002"
          }
        ]
      }
    },
    {
      "RequestUri": "https://t729561e092ecf3cbprim.table.core.windows.net/Tables('testtable022dl6w4')",
      "RequestMethod": "DELETE",
      "RequestHeaders": {
        "Accept": "application/json",
        "Authorization": "Sanitized",
        "traceparent": "00-b1a8bdc7ed07f9a768f8e30eef937688-f1bbd4f50fb974ea-00",
        "User-Agent": "azsdk-net-Data.Tables/12.9.0-alpha.20240422.1 (.NET 7.0.18; Microsoft Windows 10.0.22631)",
        "x-ms-client-request-id": "3c1e17af2308cfa86411b1f5ccb0a5ff",
        "x-ms-date": "Mon, 22 Apr 2024 17:16:35 GMT",
        "x-ms-return-client-request-id": "true",
        "x-ms-version": "2020-12-06"
      },
      "RequestBody": null,
      "StatusCode": 204,
      "ResponseHeaders": {
        "Cache-Control": "no-cache",
        "Content-Length": "0",
        "Date": "Mon, 22 Apr 2024 17:16:34 GMT",
        "Server": [
          "Windows-Azure-Table/1.0",
          "Microsoft-HTTPAPI/2.0"
        ],
        "X-Content-Type-Options": "nosniff",
        "x-ms-client-request-id": "3c1e17af2308cfa86411b1f5ccb0a5ff",
        "x-ms-request-id": "8942c92c-c002-005e-36d8-947490000000",
        "x-ms-version": "2020-12-06"
      },
      "ResponseBody": null
    }
  ],
  "Variables": {
    "RandomSeed": "211974177",
    "STORAGE_ENDPOINT_SUFFIX": "core.windows.net",
    "TABLES_PRIMARY_STORAGE_ACCOUNT_KEY": "Kg==",
    "TABLES_STORAGE_ACCOUNT_NAME": "t729561e092ecf3cbprim"
  }
}
