{
  "Entries": [
    {
      "RequestUri": "https://t729561e092ecf3cbprim.table.core.windows.net/Tables?$format=application%2Fjson%3Bodata%3Dminimalmetadata",
      "RequestMethod": "POST",
      "RequestHeaders": {
        "Accept": "application/json;odata=minimalmetadata",
        "Authorization": "Sanitized",
        "Content-Length": "33",
        "Content-Type": "application/json;odata=nometadata",
        "DataServiceVersion": "3.0",
        "traceparent": "00-ea063e6b45e13f31808efe0aa08efc05-7853da6d416406be-00",
        "User-Agent": "azsdk-net-Data.Tables/12.9.0-alpha.20240422.1 (.NET 7.0.18; Microsoft Windows 10.0.22631)",
        "x-ms-client-request-id": "dee33f85ad1c1b30f012952df2e23722",
        "x-ms-date": "Mon, 22 Apr 2024 17:18:05 GMT",
        "x-ms-return-client-request-id": "true",
        "x-ms-version": "2020-12-06"
      },
      "RequestBody": {
        "TableName": "testtablem41h8kbq"
      },
      "StatusCode": 201,
      "ResponseHeaders": {
        "Cache-Control": "no-cache",
        "Content-Type": "application/json; odata=minimalmetadata; streaming=true; charset=utf-8",
        "Date": "Mon, 22 Apr 2024 17:18:05 GMT",
        "Location": "https://t729561e092ecf3cbprim.table.core.windows.net/Tables('testtablem41h8kbq')",
        "Server": [
          "Windows-Azure-Table/1.0",
          "Microsoft-HTTPAPI/2.0"
        ],
        "Transfer-Encoding": "chunked",
        "X-Content-Type-Options": "nosniff",
        "x-ms-client-request-id": "dee33f85ad1c1b30f012952df2e23722",
        "x-ms-request-id": "8943347a-c002-005e-6bd9-947490000000",
        "x-ms-version": "2020-12-06"
      },
      "ResponseBody": {
        "odata.metadata": "https://t729561e092ecf3cbprim.table.core.windows.net/$metadata#Tables/@Element",
        "TableName": "testtablem41h8kbq"
      }
    },
    {
      "RequestUri": "https://t729561e092ecf3cbprim.table.core.windows.net/testtablem41h8kbq?$format=application%2Fjson%3Bodata%3Dminimalmetadata",
      "RequestMethod": "POST",
      "RequestHeaders": {
        "Accept": "application/json;odata=minimalmetadata",
        "Authorization": "Sanitized",
        "Content-Length": "1710",
        "Content-Type": "application/json;odata=nometadata",
        "DataServiceVersion": "3.0",
        "Prefer": "return-no-content",
        "traceparent": "00-fd9ac0abe16d1a2f9f8d8c06666d3156-c32d177f9f416754-00",
        "User-Agent": "azsdk-net-Data.Tables/12.9.0-alpha.20240422.1 (.NET 7.0.18; Microsoft Windows 10.0.22631)",
        "x-ms-client-request-id": "c7729f39a4f64d8d7fe08fd9033641b4",
        "x-ms-date": "Mon, 22 Apr 2024 17:18:06 GMT",
        "x-ms-return-client-request-id": "true",
        "x-ms-version": "2020-12-06"
      },
      "RequestBody": {
        "DateTimeOffsetNull": null,
        "DateTimeOffsetN": "2020-01-01T01:02:00.0000000Z",
        "DateTimeOffsetN@odata.type": "Edm.DateTime",
        "DateTimeOffset": "2020-01-01T01:02:00.0000000Z",
        "DateTimeOffset@odata.type": "Edm.DateTime",
        "DateTimeNull": null,
        "DateTimeN": "2020-01-01T01:02:00.0000000Z",
        "DateTimeN@odata.type": "Edm.DateTime",
        "DateTime": "2020-01-01T01:02:00.0000000Z",
        "DateTime@odata.type": "Edm.DateTime",
        "DateTimeAsString": "2020-01-01T01:02:00.0000000Z",
        "BoolNull": null,
        "BoolN": false,
        "Bool": false,
        "BoolPrimitiveNull": null,
        "BoolPrimitiveN": false,
        "BoolPrimitive": false,
        "Binary": "AQL/AQ==",
        "Binary@odata.type": "Edm.Binary",
        "BinaryNull": null,
        "BinaryPrimitive": "AQL/AQ==",
        "BinaryPrimitive@odata.type": "Edm.Binary",
        "DoublePrimitiveNull": null,
        "DoublePrimitiveN": 1.5,
        "DoublePrimitiveN@odata.type": "Edm.Double",
        "DoublePrimitive": 1.5,
        "DoublePrimitive@odata.type": "Edm.Double",
        "DoubleNull": null,
        "DoubleN": 1.5,
        "DoubleN@odata.type": "Edm.Double",
        "Double": 1.5,
        "Double@odata.type": "Edm.Double",
        "DoubleInteger": 1,
        "DoubleInteger@odata.type": "Edm.Double",
        "SomeNewName": "0001",
        "DataMemberImplictNameProperty": "0001",
        "GuidNull": null,
        "GuidN": "0d391d16-97f1-4b9a-be68-4cc871f90001",
        "GuidN@odata.type": "Edm.Guid",
        "Guid": "0d391d16-97f1-4b9a-be68-4cc871f90001",
        "Guid@odata.type": "Edm.Guid",
        "IntegerPrimitiveNull": null,
        "IntegerPrimitiveN": 1,
        "IntegerPrimitive": 1,
        "Int32Null": null,
        "Int32N": 1,
        "Int32": 1,
        "LongPrimitiveNull": null,
        "LongPrimitiveN": "2147483648",
        "LongPrimitiveN@odata.type": "Edm.Int64",
        "LongPrimitive": "2147483648",
        "LongPrimitive@odata.type": "Edm.Int64",
        "Int64Null": null,
        "Int64N": "123456789012",
        "Int64N@odata.type": "Edm.Int64",
        "Int64": "2147483648",
        "Int64@odata.type": "Edm.Int64",
        "String": "0001",
        "PartitionKey": "somPartition",
        "RowKey": "0001"
      },
      "StatusCode": 204,
      "ResponseHeaders": {
        "Cache-Control": "no-cache",
        "Content-Length": "0",
        "DataServiceId": "https://t729561e092ecf3cbprim.table.core.windows.net/testtablem41h8kbq(PartitionKey='somPartition',RowKey='0001')",
        "Date": "Mon, 22 Apr 2024 17:18:05 GMT",
        "ETag": "W/\"datetime'2024-04-22T17%3A18%3A05.7425707Z'\"",
        "Location": "https://t729561e092ecf3cbprim.table.core.windows.net/testtablem41h8kbq(PartitionKey='somPartition',RowKey='0001')",
        "Preference-Applied": "return-no-content",
        "Server": [
          "Windows-Azure-Table/1.0",
          "Microsoft-HTTPAPI/2.0"
        ],
        "X-Content-Type-Options": "nosniff",
        "x-ms-client-request-id": "c7729f39a4f64d8d7fe08fd9033641b4",
        "x-ms-request-id": "8943348d-c002-005e-7dd9-947490000000",
        "x-ms-version": "2020-12-06"
      },
      "ResponseBody": null
    },
    {
      "RequestUri": "https://t729561e092ecf3cbprim.table.core.windows.net/testtablem41h8kbq?$format=application%2Fjson%3Bodata%3Dminimalmetadata",
      "RequestMethod": "POST",
      "RequestHeaders": {
        "Accept": "application/json;odata=minimalmetadata",
        "Authorization": "Sanitized",
        "Content-Length": "1708",
        "Content-Type": "application/json;odata=nometadata",
        "DataServiceVersion": "3.0",
        "Prefer": "return-no-content",
        "traceparent": "00-5921d3f1552a641f961099bb3be212bf-c207cb5ef1846248-00",
        "User-Agent": "azsdk-net-Data.Tables/12.9.0-alpha.20240422.1 (.NET 7.0.18; Microsoft Windows 10.0.22631)",
        "x-ms-client-request-id": "b96bea91e930dd627b00894dcecb5698",
        "x-ms-date": "Mon, 22 Apr 2024 17:18:06 GMT",
        "x-ms-return-client-request-id": "true",
        "x-ms-version": "2020-12-06"
      },
      "RequestBody": {
        "DateTimeOffsetNull": null,
        "DateTimeOffsetN": "2020-01-01T01:03:00.0000000Z",
        "DateTimeOffsetN@odata.type": "Edm.DateTime",
        "DateTimeOffset": "2020-01-01T01:03:00.0000000Z",
        "DateTimeOffset@odata.type": "Edm.DateTime",
        "DateTimeNull": null,
        "DateTimeN": "2020-01-01T01:03:00.0000000Z",
        "DateTimeN@odata.type": "Edm.DateTime",
        "DateTime": "2020-01-01T01:03:00.0000000Z",
        "DateTime@odata.type": "Edm.DateTime",
        "DateTimeAsString": "2020-01-01T01:03:00.0000000Z",
        "BoolNull": null,
        "BoolN": false,
        "Bool": true,
        "BoolPrimitiveNull": null,
        "BoolPrimitiveN": false,
        "BoolPrimitive": true,
        "Binary": "AQL/Ag==",
        "Binary@odata.type": "Edm.Binary",
        "BinaryNull": null,
        "BinaryPrimitive": "AQL/Ag==",
        "BinaryPrimitive@odata.type": "Edm.Binary",
        "DoublePrimitiveNull": null,
        "DoublePrimitiveN": 2.5,
        "DoublePrimitiveN@odata.type": "Edm.Double",
        "DoublePrimitive": 2.5,
        "DoublePrimitive@odata.type": "Edm.Double",
        "DoubleNull": null,
        "DoubleN": 2.5,
        "DoubleN@odata.type": "Edm.Double",
        "Double": 2.5,
        "Double@odata.type": "Edm.Double",
        "DoubleInteger": 2,
        "DoubleInteger@odata.type": "Edm.Double",
        "SomeNewName": "0002",
        "DataMemberImplictNameProperty": "0002",
        "GuidNull": null,
        "GuidN": "0d391d16-97f1-4b9a-be68-4cc871f90002",
        "GuidN@odata.type": "Edm.Guid",
        "Guid": "0d391d16-97f1-4b9a-be68-4cc871f90002",
        "Guid@odata.type": "Edm.Guid",
        "IntegerPrimitiveNull": null,
        "IntegerPrimitiveN": 2,
        "IntegerPrimitive": 2,
        "Int32Null": null,
        "Int32N": 2,
        "Int32": 2,
        "LongPrimitiveNull": null,
        "LongPrimitiveN": "2147483649",
        "LongPrimitiveN@odata.type": "Edm.Int64",
        "LongPrimitive": "2147483649",
        "LongPrimitive@odata.type": "Edm.Int64",
        "Int64Null": null,
        "Int64N": "123456789012",
        "Int64N@odata.type": "Edm.Int64",
        "Int64": "2147483649",
        "Int64@odata.type": "Edm.Int64",
        "String": "0002",
        "PartitionKey": "somPartition",
        "RowKey": "0002"
      },
      "StatusCode": 204,
      "ResponseHeaders": {
        "Cache-Control": "no-cache",
        "Content-Length": "0",
        "DataServiceId": "https://t729561e092ecf3cbprim.table.core.windows.net/testtablem41h8kbq(PartitionKey='somPartition',RowKey='0002')",
        "Date": "Mon, 22 Apr 2024 17:18:05 GMT",
        "ETag": "W/\"datetime'2024-04-22T17%3A18%3A05.7903613Z'\"",
        "Location": "https://t729561e092ecf3cbprim.table.core.windows.net/testtablem41h8kbq(PartitionKey='somPartition',RowKey='0002')",
        "Preference-Applied": "return-no-content",
        "Server": [
          "Windows-Azure-Table/1.0",
          "Microsoft-HTTPAPI/2.0"
        ],
        "X-Content-Type-Options": "nosniff",
        "x-ms-client-request-id": "b96bea91e930dd627b00894dcecb5698",
        "x-ms-request-id": "89433498-c002-005e-08d9-947490000000",
        "x-ms-version": "2020-12-06"
      },
      "ResponseBody": null
    },
    {
      "RequestUri": "https://t729561e092ecf3cbprim.table.core.windows.net/testtablem41h8kbq?$format=application%2Fjson%3Bodata%3Dminimalmetadata",
      "RequestMethod": "POST",
      "RequestHeaders": {
        "Accept": "application/json;odata=minimalmetadata",
        "Authorization": "Sanitized",
        "Content-Length": "1710",
        "Content-Type": "application/json;odata=nometadata",
        "DataServiceVersion": "3.0",
        "Prefer": "return-no-content",
        "traceparent": "00-e4f9931c58fc237821e238a47aa67de4-4352860e0def9bc0-00",
        "User-Agent": "azsdk-net-Data.Tables/12.9.0-alpha.20240422.1 (.NET 7.0.18; Microsoft Windows 10.0.22631)",
        "x-ms-client-request-id": "3540cc9fec5fe155b2965e3c1e5718ba",
        "x-ms-date": "Mon, 22 Apr 2024 17:18:06 GMT",
        "x-ms-return-client-request-id": "true",
        "x-ms-version": "2020-12-06"
      },
      "RequestBody": {
        "DateTimeOffsetNull": null,
        "DateTimeOffsetN": "2020-01-01T01:04:00.0000000Z",
        "DateTimeOffsetN@odata.type": "Edm.DateTime",
        "DateTimeOffset": "2020-01-01T01:04:00.0000000Z",
        "DateTimeOffset@odata.type": "Edm.DateTime",
        "DateTimeNull": null,
        "DateTimeN": "2020-01-01T01:04:00.0000000Z",
        "DateTimeN@odata.type": "Edm.DateTime",
        "DateTime": "2020-01-01T01:04:00.0000000Z",
        "DateTime@odata.type": "Edm.DateTime",
        "DateTimeAsString": "2020-01-01T01:04:00.0000000Z",
        "BoolNull": null,
        "BoolN": false,
        "Bool": false,
        "BoolPrimitiveNull": null,
        "BoolPrimitiveN": false,
        "BoolPrimitive": false,
        "Binary": "AQL/Aw==",
        "Binary@odata.type": "Edm.Binary",
        "BinaryNull": null,
        "BinaryPrimitive": "AQL/Aw==",
        "BinaryPrimitive@odata.type": "Edm.Binary",
        "DoublePrimitiveNull": null,
        "DoublePrimitiveN": 3.5,
        "DoublePrimitiveN@odata.type": "Edm.Double",
        "DoublePrimitive": 3.5,
        "DoublePrimitive@odata.type": "Edm.Double",
        "DoubleNull": null,
        "DoubleN": 3.5,
        "DoubleN@odata.type": "Edm.Double",
        "Double": 3.5,
        "Double@odata.type": "Edm.Double",
        "DoubleInteger": 3,
        "DoubleInteger@odata.type": "Edm.Double",
        "SomeNewName": "0003",
        "DataMemberImplictNameProperty": "0003",
        "GuidNull": null,
        "GuidN": "0d391d16-97f1-4b9a-be68-4cc871f90003",
        "GuidN@odata.type": "Edm.Guid",
        "Guid": "0d391d16-97f1-4b9a-be68-4cc871f90003",
        "Guid@odata.type": "Edm.Guid",
        "IntegerPrimitiveNull": null,
        "IntegerPrimitiveN": 3,
        "IntegerPrimitive": 3,
        "Int32Null": null,
        "Int32N": 3,
        "Int32": 3,
        "LongPrimitiveNull": null,
        "LongPrimitiveN": "2147483650",
        "LongPrimitiveN@odata.type": "Edm.Int64",
        "LongPrimitive": "2147483650",
        "LongPrimitive@odata.type": "Edm.Int64",
        "Int64Null": null,
        "Int64N": "123456789012",
        "Int64N@odata.type": "Edm.Int64",
        "Int64": "2147483650",
        "Int64@odata.type": "Edm.Int64",
        "String": "0003",
        "PartitionKey": "somPartition",
        "RowKey": "0003"
      },
      "StatusCode": 204,
      "ResponseHeaders": {
        "Cache-Control": "no-cache",
        "Content-Length": "0",
        "DataServiceId": "https://t729561e092ecf3cbprim.table.core.windows.net/testtablem41h8kbq(PartitionKey='somPartition',RowKey='0003')",
        "Date": "Mon, 22 Apr 2024 17:18:05 GMT",
        "ETag": "W/\"datetime'2024-04-22T17%3A18%3A05.8381512Z'\"",
        "Location": "https://t729561e092ecf3cbprim.table.core.windows.net/testtablem41h8kbq(PartitionKey='somPartition',RowKey='0003')",
        "Preference-Applied": "return-no-content",
        "Server": [
          "Windows-Azure-Table/1.0",
          "Microsoft-HTTPAPI/2.0"
        ],
        "X-Content-Type-Options": "nosniff",
        "x-ms-client-request-id": "3540cc9fec5fe155b2965e3c1e5718ba",
        "x-ms-request-id": "894334a3-c002-005e-10d9-947490000000",
        "x-ms-version": "2020-12-06"
      },
      "ResponseBody": null
    },
    {
      "RequestUri": "https://t729561e092ecf3cbprim.table.core.windows.net/testtablem41h8kbq?$format=application%2Fjson%3Bodata%3Dminimalmetadata",
      "RequestMethod": "POST",
      "RequestHeaders": {
        "Accept": "application/json;odata=minimalmetadata",
        "Authorization": "Sanitized",
        "Content-Length": "1708",
        "Content-Type": "application/json;odata=nometadata",
        "DataServiceVersion": "3.0",
        "Prefer": "return-no-content",
        "traceparent": "00-d8a0966ee0eef7757f1358e785913ba0-f4e1ccde57b04e33-00",
        "User-Agent": "azsdk-net-Data.Tables/12.9.0-alpha.20240422.1 (.NET 7.0.18; Microsoft Windows 10.0.22631)",
        "x-ms-client-request-id": "079ce0d17e774ff23c954bf61b407eb3",
        "x-ms-date": "Mon, 22 Apr 2024 17:18:06 GMT",
        "x-ms-return-client-request-id": "true",
        "x-ms-version": "2020-12-06"
      },
      "RequestBody": {
        "DateTimeOffsetNull": null,
        "DateTimeOffsetN": "2020-01-01T01:05:00.0000000Z",
        "DateTimeOffsetN@odata.type": "Edm.DateTime",
        "DateTimeOffset": "2020-01-01T01:05:00.0000000Z",
        "DateTimeOffset@odata.type": "Edm.DateTime",
        "DateTimeNull": null,
        "DateTimeN": "2020-01-01T01:05:00.0000000Z",
        "DateTimeN@odata.type": "Edm.DateTime",
        "DateTime": "2020-01-01T01:05:00.0000000Z",
        "DateTime@odata.type": "Edm.DateTime",
        "DateTimeAsString": "2020-01-01T01:05:00.0000000Z",
        "BoolNull": null,
        "BoolN": false,
        "Bool": true,
        "BoolPrimitiveNull": null,
        "BoolPrimitiveN": false,
        "BoolPrimitive": true,
        "Binary": "AQL/BA==",
        "Binary@odata.type": "Edm.Binary",
        "BinaryNull": null,
        "BinaryPrimitive": "AQL/BA==",
        "BinaryPrimitive@odata.type": "Edm.Binary",
        "DoublePrimitiveNull": null,
        "DoublePrimitiveN": 4.5,
        "DoublePrimitiveN@odata.type": "Edm.Double",
        "DoublePrimitive": 4.5,
        "DoublePrimitive@odata.type": "Edm.Double",
        "DoubleNull": null,
        "DoubleN": 4.5,
        "DoubleN@odata.type": "Edm.Double",
        "Double": 4.5,
        "Double@odata.type": "Edm.Double",
        "DoubleInteger": 4,
        "DoubleInteger@odata.type": "Edm.Double",
        "SomeNewName": "0004",
        "DataMemberImplictNameProperty": "0004",
        "GuidNull": null,
        "GuidN": "0d391d16-97f1-4b9a-be68-4cc871f90004",
        "GuidN@odata.type": "Edm.Guid",
        "Guid": "0d391d16-97f1-4b9a-be68-4cc871f90004",
        "Guid@odata.type": "Edm.Guid",
        "IntegerPrimitiveNull": null,
        "IntegerPrimitiveN": 4,
        "IntegerPrimitive": 4,
        "Int32Null": null,
        "Int32N": 4,
        "Int32": 4,
        "LongPrimitiveNull": null,
        "LongPrimitiveN": "2147483651",
        "LongPrimitiveN@odata.type": "Edm.Int64",
        "LongPrimitive": "2147483651",
        "LongPrimitive@odata.type": "Edm.Int64",
        "Int64Null": null,
        "Int64N": "123456789012",
        "Int64N@odata.type": "Edm.Int64",
        "Int64": "2147483651",
        "Int64@odata.type": "Edm.Int64",
        "String": "0004",
        "PartitionKey": "somPartition",
        "RowKey": "0004"
      },
      "StatusCode": 204,
      "ResponseHeaders": {
        "Cache-Control": "no-cache",
        "Content-Length": "0",
        "DataServiceId": "https://t729561e092ecf3cbprim.table.core.windows.net/testtablem41h8kbq(PartitionKey='somPartition',RowKey='0004')",
        "Date": "Mon, 22 Apr 2024 17:18:05 GMT",
        "ETag": "W/\"datetime'2024-04-22T17%3A18%3A05.8829553Z'\"",
        "Location": "https://t729561e092ecf3cbprim.table.core.windows.net/testtablem41h8kbq(PartitionKey='somPartition',RowKey='0004')",
        "Preference-Applied": "return-no-content",
        "Server": [
          "Windows-Azure-Table/1.0",
          "Microsoft-HTTPAPI/2.0"
        ],
        "X-Content-Type-Options": "nosniff",
        "x-ms-client-request-id": "079ce0d17e774ff23c954bf61b407eb3",
        "x-ms-request-id": "894334ac-c002-005e-19d9-947490000000",
        "x-ms-version": "2020-12-06"
      },
      "ResponseBody": null
    },
    {
      "RequestUri": "https://t729561e092ecf3cbprim.table.core.windows.net/testtablem41h8kbq()?$format=application%2Fjson%3Bodata%3Dminimalmetadata&$filter=String%20ge%20%270003%27",
      "RequestMethod": "GET",
      "RequestHeaders": {
        "Accept": "application/json;odata=minimalmetadata",
        "Authorization": "Sanitized",
        "DataServiceVersion": "3.0",
        "traceparent": "00-c504c74ba236b29f46f1a7ac7f2c5cbe-aecbbec821474913-00",
        "User-Agent": "azsdk-net-Data.Tables/12.9.0-alpha.20240422.1 (.NET 7.0.18; Microsoft Windows 10.0.22631)",
        "x-ms-client-request-id": "3639f68a0cf6a454948907998a26bf24",
        "x-ms-date": "Mon, 22 Apr 2024 17:18:06 GMT",
        "x-ms-return-client-request-id": "true",
        "x-ms-version": "2020-12-06"
      },
      "RequestBody": null,
      "StatusCode": 200,
      "ResponseHeaders": {
        "Cache-Control": "no-cache",
        "Content-Type": "application/json; odata=minimalmetadata; streaming=true; charset=utf-8",
        "Date": "Mon, 22 Apr 2024 17:18:05 GMT",
        "Server": [
          "Windows-Azure-Table/1.0",
          "Microsoft-HTTPAPI/2.0"
        ],
        "Transfer-Encoding": "chunked",
        "X-Content-Type-Options": "nosniff",
        "x-ms-client-request-id": "3639f68a0cf6a454948907998a26bf24",
        "x-ms-request-id": "894334b8-c002-005e-25d9-947490000000",
        "x-ms-version": "2020-12-06"
      },
      "ResponseBody": {
        "odata.metadata": "https://t729561e092ecf3cbprim.table.core.windows.net/$metadata#testtablem41h8kbq",
        "value": [
          {
            "odata.etag": "W/\"datetime'2024-04-22T17%3A18%3A05.8381512Z'\"",
            "PartitionKey": "somPartition",
            "RowKey": "0003",
            "Timestamp": "2024-04-22T17:18:05.8381512Z",
            "DateTimeOffsetN@odata.type": "Edm.DateTime",
            "DateTimeOffsetN": "2020-01-01T01:04:00Z",
            "DateTimeOffset@odata.type": "Edm.DateTime",
            "DateTimeOffset": "2020-01-01T01:04:00Z",
            "DateTimeN@odata.type": "Edm.DateTime",
            "DateTimeN": "2020-01-01T01:04:00Z",
            "DateTime@odata.type": "Edm.DateTime",
            "DateTime": "2020-01-01T01:04:00Z",
            "DateTimeAsString": "2020-01-01T01:04:00.0000000Z",
            "BoolN": false,
            "Bool": false,
            "BoolPrimitiveN": false,
            "BoolPrimitive": false,
            "Binary@odata.type": "Edm.Binary",
            "Binary": "AQL/Aw==",
            "BinaryPrimitive@odata.type": "Edm.Binary",
            "BinaryPrimitive": "AQL/Aw==",
            "DoublePrimitiveN": 3.5,
            "DoublePrimitive": 3.5,
            "DoubleN": 3.5,
            "Double": 3.5,
            "DoubleInteger": 3.0,
            "SomeNewName": "0003",
            "DataMemberImplictNameProperty": "0003",
            "GuidN@odata.type": "Edm.Guid",
            "GuidN": "0d391d16-97f1-4b9a-be68-4cc871f90003",
            "Guid@odata.type": "Edm.Guid",
            "Guid": "0d391d16-97f1-4b9a-be68-4cc871f90003",
            "IntegerPrimitiveN": 3,
            "IntegerPrimitive": 3,
            "Int32N": 3,
            "Int32": 3,
            "LongPrimitiveN@odata.type": "Edm.Int64",
            "LongPrimitiveN": "2147483650",
            "LongPrimitive@odata.type": "Edm.Int64",
            "LongPrimitive": "2147483650",
            "Int64N@odata.type": "Edm.Int64",
            "Int64N": "123456789012",
            "Int64@odata.type": "Edm.Int64",
            "Int64": "2147483650",
            "String": "0003"
          },
          {
            "odata.etag": "W/\"datetime'2024-04-22T17%3A18%3A05.8829553Z'\"",
            "PartitionKey": "somPartition",
            "RowKey": "0004",
            "Timestamp": "2024-04-22T17:18:05.8829553Z",
            "DateTimeOffsetN@odata.type": "Edm.DateTime",
            "DateTimeOffsetN": "2020-01-01T01:05:00Z",
            "DateTimeOffset@odata.type": "Edm.DateTime",
            "DateTimeOffset": "2020-01-01T01:05:00Z",
            "DateTimeN@odata.type": "Edm.DateTime",
            "DateTimeN": "2020-01-01T01:05:00Z",
            "DateTime@odata.type": "Edm.DateTime",
            "DateTime": "2020-01-01T01:05:00Z",
            "DateTimeAsString": "2020-01-01T01:05:00.0000000Z",
            "BoolN": false,
            "Bool": true,
            "BoolPrimitiveN": false,
            "BoolPrimitive": true,
            "Binary@odata.type": "Edm.Binary",
            "Binary": "AQL/BA==",
            "BinaryPrimitive@odata.type": "Edm.Binary",
            "BinaryPrimitive": "AQL/BA==",
            "DoublePrimitiveN": 4.5,
            "DoublePrimitive": 4.5,
            "DoubleN": 4.5,
            "Double": 4.5,
            "DoubleInteger": 4.0,
            "SomeNewName": "0004",
            "DataMemberImplictNameProperty": "0004",
            "GuidN@odata.type": "Edm.Guid",
            "GuidN": "0d391d16-97f1-4b9a-be68-4cc871f90004",
            "Guid@odata.type": "Edm.Guid",
            "Guid": "0d391d16-97f1-4b9a-be68-4cc871f90004",
            "IntegerPrimitiveN": 4,
            "IntegerPrimitive": 4,
            "Int32N": 4,
            "Int32": 4,
            "LongPrimitiveN@odata.type": "Edm.Int64",
            "LongPrimitiveN": "2147483651",
            "LongPrimitive@odata.type": "Edm.Int64",
            "LongPrimitive": "2147483651",
            "Int64N@odata.type": "Edm.Int64",
            "Int64N": "123456789012",
            "Int64@odata.type": "Edm.Int64",
            "Int64": "2147483651",
            "String": "0004"
          }
        ]
      }
    },
    {
      "RequestUri": "https://t729561e092ecf3cbprim.table.core.windows.net/testtablem41h8kbq()?$format=application%2Fjson%3Bodata%3Dminimalmetadata&$filter=Guid%20eq%20guid%270d391d16-97f1-4b9a-be68-4cc871f90003%27",
      "RequestMethod": "GET",
      "RequestHeaders": {
        "Accept": "application/json;odata=minimalmetadata",
        "Authorization": "Sanitized",
        "DataServiceVersion": "3.0",
        "traceparent": "00-1b4c06afa50ec89138327bb5cf4af6b6-983b3a2621418e5f-00",
        "User-Agent": "azsdk-net-Data.Tables/12.9.0-alpha.20240422.1 (.NET 7.0.18; Microsoft Windows 10.0.22631)",
        "x-ms-client-request-id": "ed7bcfe84e2f2021daf0f8caa15fc671",
        "x-ms-date": "Mon, 22 Apr 2024 17:18:06 GMT",
        "x-ms-return-client-request-id": "true",
        "x-ms-version": "2020-12-06"
      },
      "RequestBody": null,
      "StatusCode": 200,
      "ResponseHeaders": {
        "Cache-Control": "no-cache",
        "Content-Type": "application/json; odata=minimalmetadata; streaming=true; charset=utf-8",
        "Date": "Mon, 22 Apr 2024 17:18:05 GMT",
        "Server": [
          "Windows-Azure-Table/1.0",
          "Microsoft-HTTPAPI/2.0"
        ],
        "Transfer-Encoding": "chunked",
        "X-Content-Type-Options": "nosniff",
        "x-ms-client-request-id": "ed7bcfe84e2f2021daf0f8caa15fc671",
        "x-ms-request-id": "894334cc-c002-005e-39d9-947490000000",
        "x-ms-version": "2020-12-06"
      },
      "ResponseBody": {
        "odata.metadata": "https://t729561e092ecf3cbprim.table.core.windows.net/$metadata#testtablem41h8kbq",
        "value": [
          {
            "odata.etag": "W/\"datetime'2024-04-22T17%3A18%3A05.8381512Z'\"",
            "PartitionKey": "somPartition",
            "RowKey": "0003",
            "Timestamp": "2024-04-22T17:18:05.8381512Z",
            "DateTimeOffsetN@odata.type": "Edm.DateTime",
            "DateTimeOffsetN": "2020-01-01T01:04:00Z",
            "DateTimeOffset@odata.type": "Edm.DateTime",
            "DateTimeOffset": "2020-01-01T01:04:00Z",
            "DateTimeN@odata.type": "Edm.DateTime",
            "DateTimeN": "2020-01-01T01:04:00Z",
            "DateTime@odata.type": "Edm.DateTime",
            "DateTime": "2020-01-01T01:04:00Z",
            "DateTimeAsString": "2020-01-01T01:04:00.0000000Z",
            "BoolN": false,
            "Bool": false,
            "BoolPrimitiveN": false,
            "BoolPrimitive": false,
            "Binary@odata.type": "Edm.Binary",
            "Binary": "AQL/Aw==",
            "BinaryPrimitive@odata.type": "Edm.Binary",
            "BinaryPrimitive": "AQL/Aw==",
            "DoublePrimitiveN": 3.5,
            "DoublePrimitive": 3.5,
            "DoubleN": 3.5,
            "Double": 3.5,
            "DoubleInteger": 3.0,
            "SomeNewName": "0003",
            "DataMemberImplictNameProperty": "0003",
            "GuidN@odata.type": "Edm.Guid",
            "GuidN": "0d391d16-97f1-4b9a-be68-4cc871f90003",
            "Guid@odata.type": "Edm.Guid",
            "Guid": "0d391d16-97f1-4b9a-be68-4cc871f90003",
            "IntegerPrimitiveN": 3,
            "IntegerPrimitive": 3,
            "Int32N": 3,
            "Int32": 3,
            "LongPrimitiveN@odata.type": "Edm.Int64",
            "LongPrimitiveN": "2147483650",
            "LongPrimitive@odata.type": "Edm.Int64",
            "LongPrimitive": "2147483650",
            "Int64N@odata.type": "Edm.Int64",
            "Int64N": "123456789012",
            "Int64@odata.type": "Edm.Int64",
            "Int64": "2147483650",
            "String": "0003"
          }
        ]
      }
    },
    {
      "RequestUri": "https://t729561e092ecf3cbprim.table.core.windows.net/testtablem41h8kbq()?$format=application%2Fjson%3Bodata%3Dminimalmetadata&$filter=Int64%20ge%202147483650L",
      "RequestMethod": "GET",
      "RequestHeaders": {
        "Accept": "application/json;odata=minimalmetadata",
        "Authorization": "Sanitized",
        "DataServiceVersion": "3.0",
        "traceparent": "00-01c6be114978638a0c7ea022b8d807a2-3bdfff9490318b09-00",
        "User-Agent": "azsdk-net-Data.Tables/12.9.0-alpha.20240422.1 (.NET 7.0.18; Microsoft Windows 10.0.22631)",
        "x-ms-client-request-id": "27b1aa17e11dc5c38bf773ed7758c515",
        "x-ms-date": "Mon, 22 Apr 2024 17:18:06 GMT",
        "x-ms-return-client-request-id": "true",
        "x-ms-version": "2020-12-06"
      },
      "RequestBody": null,
      "StatusCode": 200,
      "ResponseHeaders": {
        "Cache-Control": "no-cache",
        "Content-Type": "application/json; odata=minimalmetadata; streaming=true; charset=utf-8",
        "Date": "Mon, 22 Apr 2024 17:18:05 GMT",
        "Server": [
          "Windows-Azure-Table/1.0",
          "Microsoft-HTTPAPI/2.0"
        ],
        "Transfer-Encoding": "chunked",
        "X-Content-Type-Options": "nosniff",
        "x-ms-client-request-id": "27b1aa17e11dc5c38bf773ed7758c515",
        "x-ms-request-id": "894334d8-c002-005e-45d9-947490000000",
        "x-ms-version": "2020-12-06"
      },
      "ResponseBody": {
        "odata.metadata": "https://t729561e092ecf3cbprim.table.core.windows.net/$metadata#testtablem41h8kbq",
        "value": [
          {
            "odata.etag": "W/\"datetime'2024-04-22T17%3A18%3A05.8381512Z'\"",
            "PartitionKey": "somPartition",
            "RowKey": "0003",
            "Timestamp": "2024-04-22T17:18:05.8381512Z",
            "DateTimeOffsetN@odata.type": "Edm.DateTime",
            "DateTimeOffsetN": "2020-01-01T01:04:00Z",
            "DateTimeOffset@odata.type": "Edm.DateTime",
            "DateTimeOffset": "2020-01-01T01:04:00Z",
            "DateTimeN@odata.type": "Edm.DateTime",
            "DateTimeN": "2020-01-01T01:04:00Z",
            "DateTime@odata.type": "Edm.DateTime",
            "DateTime": "2020-01-01T01:04:00Z",
            "DateTimeAsString": "2020-01-01T01:04:00.0000000Z",
            "BoolN": false,
            "Bool": false,
            "BoolPrimitiveN": false,
            "BoolPrimitive": false,
            "Binary@odata.type": "Edm.Binary",
            "Binary": "AQL/Aw==",
            "BinaryPrimitive@odata.type": "Edm.Binary",
            "BinaryPrimitive": "AQL/Aw==",
            "DoublePrimitiveN": 3.5,
            "DoublePrimitive": 3.5,
            "DoubleN": 3.5,
            "Double": 3.5,
            "DoubleInteger": 3.0,
            "SomeNewName": "0003",
            "DataMemberImplictNameProperty": "0003",
            "GuidN@odata.type": "Edm.Guid",
            "GuidN": "0d391d16-97f1-4b9a-be68-4cc871f90003",
            "Guid@odata.type": "Edm.Guid",
            "Guid": "0d391d16-97f1-4b9a-be68-4cc871f90003",
            "IntegerPrimitiveN": 3,
            "IntegerPrimitive": 3,
            "Int32N": 3,
            "Int32": 3,
            "LongPrimitiveN@odata.type": "Edm.Int64",
            "LongPrimitiveN": "2147483650",
            "LongPrimitive@odata.type": "Edm.Int64",
            "LongPrimitive": "2147483650",
            "Int64N@odata.type": "Edm.Int64",
            "Int64N": "123456789012",
            "Int64@odata.type": "Edm.Int64",
            "Int64": "2147483650",
            "String": "0003"
          },
          {
            "odata.etag": "W/\"datetime'2024-04-22T17%3A18%3A05.8829553Z'\"",
            "PartitionKey": "somPartition",
            "RowKey": "0004",
            "Timestamp": "2024-04-22T17:18:05.8829553Z",
            "DateTimeOffsetN@odata.type": "Edm.DateTime",
            "DateTimeOffsetN": "2020-01-01T01:05:00Z",
            "DateTimeOffset@odata.type": "Edm.DateTime",
            "DateTimeOffset": "2020-01-01T01:05:00Z",
            "DateTimeN@odata.type": "Edm.DateTime",
            "DateTimeN": "2020-01-01T01:05:00Z",
            "DateTime@odata.type": "Edm.DateTime",
            "DateTime": "2020-01-01T01:05:00Z",
            "DateTimeAsString": "2020-01-01T01:05:00.0000000Z",
            "BoolN": false,
            "Bool": true,
            "BoolPrimitiveN": false,
            "BoolPrimitive": true,
            "Binary@odata.type": "Edm.Binary",
            "Binary": "AQL/BA==",
            "BinaryPrimitive@odata.type": "Edm.Binary",
            "BinaryPrimitive": "AQL/BA==",
            "DoublePrimitiveN": 4.5,
            "DoublePrimitive": 4.5,
            "DoubleN": 4.5,
            "Double": 4.5,
            "DoubleInteger": 4.0,
            "SomeNewName": "0004",
            "DataMemberImplictNameProperty": "0004",
            "GuidN@odata.type": "Edm.Guid",
            "GuidN": "0d391d16-97f1-4b9a-be68-4cc871f90004",
            "Guid@odata.type": "Edm.Guid",
            "Guid": "0d391d16-97f1-4b9a-be68-4cc871f90004",
            "IntegerPrimitiveN": 4,
            "IntegerPrimitive": 4,
            "Int32N": 4,
            "Int32": 4,
            "LongPrimitiveN@odata.type": "Edm.Int64",
            "LongPrimitiveN": "2147483651",
            "LongPrimitive@odata.type": "Edm.Int64",
            "LongPrimitive": "2147483651",
            "Int64N@odata.type": "Edm.Int64",
            "Int64N": "123456789012",
            "Int64@odata.type": "Edm.Int64",
            "Int64": "2147483651",
            "String": "0004"
          }
        ]
      }
    },
    {
      "RequestUri": "https://t729561e092ecf3cbprim.table.core.windows.net/testtablem41h8kbq()?$format=application%2Fjson%3Bodata%3Dminimalmetadata&$filter=LongPrimitive%20ge%202147483650L",
      "RequestMethod": "GET",
      "RequestHeaders": {
        "Accept": "application/json;odata=minimalmetadata",
        "Authorization": "Sanitized",
        "DataServiceVersion": "3.0",
        "traceparent": "00-315a5eba05894a12d19a3b8137944558-9bf6463799a9aa7d-00",
        "User-Agent": "azsdk-net-Data.Tables/12.9.0-alpha.20240422.1 (.NET 7.0.18; Microsoft Windows 10.0.22631)",
        "x-ms-client-request-id": "4c0e27d590c43c84d5185c05138a0335",
        "x-ms-date": "Mon, 22 Apr 2024 17:18:06 GMT",
        "x-ms-return-client-request-id": "true",
        "x-ms-version": "2020-12-06"
      },
      "RequestBody": null,
      "StatusCode": 200,
      "ResponseHeaders": {
        "Cache-Control": "no-cache",
        "Content-Type": "application/json; odata=minimalmetadata; streaming=true; charset=utf-8",
        "Date": "Mon, 22 Apr 2024 17:18:05 GMT",
        "Server": [
          "Windows-Azure-Table/1.0",
          "Microsoft-HTTPAPI/2.0"
        ],
        "Transfer-Encoding": "chunked",
        "X-Content-Type-Options": "nosniff",
        "x-ms-client-request-id": "4c0e27d590c43c84d5185c05138a0335",
        "x-ms-request-id": "894334f2-c002-005e-5ed9-947490000000",
        "x-ms-version": "2020-12-06"
      },
      "ResponseBody": {
        "odata.metadata": "https://t729561e092ecf3cbprim.table.core.windows.net/$metadata#testtablem41h8kbq",
        "value": [
          {
            "odata.etag": "W/\"datetime'2024-04-22T17%3A18%3A05.8381512Z'\"",
            "PartitionKey": "somPartition",
            "RowKey": "0003",
            "Timestamp": "2024-04-22T17:18:05.8381512Z",
            "DateTimeOffsetN@odata.type": "Edm.DateTime",
            "DateTimeOffsetN": "2020-01-01T01:04:00Z",
            "DateTimeOffset@odata.type": "Edm.DateTime",
            "DateTimeOffset": "2020-01-01T01:04:00Z",
            "DateTimeN@odata.type": "Edm.DateTime",
            "DateTimeN": "2020-01-01T01:04:00Z",
            "DateTime@odata.type": "Edm.DateTime",
            "DateTime": "2020-01-01T01:04:00Z",
            "DateTimeAsString": "2020-01-01T01:04:00.0000000Z",
            "BoolN": false,
            "Bool": false,
            "BoolPrimitiveN": false,
            "BoolPrimitive": false,
            "Binary@odata.type": "Edm.Binary",
            "Binary": "AQL/Aw==",
            "BinaryPrimitive@odata.type": "Edm.Binary",
            "BinaryPrimitive": "AQL/Aw==",
            "DoublePrimitiveN": 3.5,
            "DoublePrimitive": 3.5,
            "DoubleN": 3.5,
            "Double": 3.5,
            "DoubleInteger": 3.0,
            "SomeNewName": "0003",
            "DataMemberImplictNameProperty": "0003",
            "GuidN@odata.type": "Edm.Guid",
            "GuidN": "0d391d16-97f1-4b9a-be68-4cc871f90003",
            "Guid@odata.type": "Edm.Guid",
            "Guid": "0d391d16-97f1-4b9a-be68-4cc871f90003",
            "IntegerPrimitiveN": 3,
            "IntegerPrimitive": 3,
            "Int32N": 3,
            "Int32": 3,
            "LongPrimitiveN@odata.type": "Edm.Int64",
            "LongPrimitiveN": "2147483650",
            "LongPrimitive@odata.type": "Edm.Int64",
            "LongPrimitive": "2147483650",
            "Int64N@odata.type": "Edm.Int64",
            "Int64N": "123456789012",
            "Int64@odata.type": "Edm.Int64",
            "Int64": "2147483650",
            "String": "0003"
          },
          {
            "odata.etag": "W/\"datetime'2024-04-22T17%3A18%3A05.8829553Z'\"",
            "PartitionKey": "somPartition",
            "RowKey": "0004",
            "Timestamp": "2024-04-22T17:18:05.8829553Z",
            "DateTimeOffsetN@odata.type": "Edm.DateTime",
            "DateTimeOffsetN": "2020-01-01T01:05:00Z",
            "DateTimeOffset@odata.type": "Edm.DateTime",
            "DateTimeOffset": "2020-01-01T01:05:00Z",
            "DateTimeN@odata.type": "Edm.DateTime",
            "DateTimeN": "2020-01-01T01:05:00Z",
            "DateTime@odata.type": "Edm.DateTime",
            "DateTime": "2020-01-01T01:05:00Z",
            "DateTimeAsString": "2020-01-01T01:05:00.0000000Z",
            "BoolN": false,
            "Bool": true,
            "BoolPrimitiveN": false,
            "BoolPrimitive": true,
            "Binary@odata.type": "Edm.Binary",
            "Binary": "AQL/BA==",
            "BinaryPrimitive@odata.type": "Edm.Binary",
            "BinaryPrimitive": "AQL/BA==",
            "DoublePrimitiveN": 4.5,
            "DoublePrimitive": 4.5,
            "DoubleN": 4.5,
            "Double": 4.5,
            "DoubleInteger": 4.0,
            "SomeNewName": "0004",
            "DataMemberImplictNameProperty": "0004",
            "GuidN@odata.type": "Edm.Guid",
            "GuidN": "0d391d16-97f1-4b9a-be68-4cc871f90004",
            "Guid@odata.type": "Edm.Guid",
            "Guid": "0d391d16-97f1-4b9a-be68-4cc871f90004",
            "IntegerPrimitiveN": 4,
            "IntegerPrimitive": 4,
            "Int32N": 4,
            "Int32": 4,
            "LongPrimitiveN@odata.type": "Edm.Int64",
            "LongPrimitiveN": "2147483651",
            "LongPrimitive@odata.type": "Edm.Int64",
            "LongPrimitive": "2147483651",
            "Int64N@odata.type": "Edm.Int64",
            "Int64N": "123456789012",
            "Int64@odata.type": "Edm.Int64",
            "Int64": "2147483651",
            "String": "0004"
          }
        ]
      }
    },
    {
      "RequestUri": "https://t729561e092ecf3cbprim.table.core.windows.net/testtablem41h8kbq()?$format=application%2Fjson%3Bodata%3Dminimalmetadata&$filter=LongPrimitiveN%20ge%202147483650L",
      "RequestMethod": "GET",
      "RequestHeaders": {
        "Accept": "application/json;odata=minimalmetadata",
        "Authorization": "Sanitized",
        "DataServiceVersion": "3.0",
        "traceparent": "00-0185042a53c4a3948536edb07e4dfe94-a496b1b45537d7be-00",
        "User-Agent": "azsdk-net-Data.Tables/12.9.0-alpha.20240422.1 (.NET 7.0.18; Microsoft Windows 10.0.22631)",
        "x-ms-client-request-id": "df8195c3977506060bb66237db34a982",
        "x-ms-date": "Mon, 22 Apr 2024 17:18:06 GMT",
        "x-ms-return-client-request-id": "true",
        "x-ms-version": "2020-12-06"
      },
      "RequestBody": null,
      "StatusCode": 200,
      "ResponseHeaders": {
        "Cache-Control": "no-cache",
        "Content-Type": "application/json; odata=minimalmetadata; streaming=true; charset=utf-8",
        "Date": "Mon, 22 Apr 2024 17:18:05 GMT",
        "Server": [
          "Windows-Azure-Table/1.0",
          "Microsoft-HTTPAPI/2.0"
        ],
        "Transfer-Encoding": "chunked",
        "X-Content-Type-Options": "nosniff",
        "x-ms-client-request-id": "df8195c3977506060bb66237db34a982",
        "x-ms-request-id": "89433509-c002-005e-75d9-947490000000",
        "x-ms-version": "2020-12-06"
      },
      "ResponseBody": {
        "odata.metadata": "https://t729561e092ecf3cbprim.table.core.windows.net/$metadata#testtablem41h8kbq",
        "value": [
          {
            "odata.etag": "W/\"datetime'2024-04-22T17%3A18%3A05.8381512Z'\"",
            "PartitionKey": "somPartition",
            "RowKey": "0003",
            "Timestamp": "2024-04-22T17:18:05.8381512Z",
            "DateTimeOffsetN@odata.type": "Edm.DateTime",
            "DateTimeOffsetN": "2020-01-01T01:04:00Z",
            "DateTimeOffset@odata.type": "Edm.DateTime",
            "DateTimeOffset": "2020-01-01T01:04:00Z",
            "DateTimeN@odata.type": "Edm.DateTime",
            "DateTimeN": "2020-01-01T01:04:00Z",
            "DateTime@odata.type": "Edm.DateTime",
            "DateTime": "2020-01-01T01:04:00Z",
            "DateTimeAsString": "2020-01-01T01:04:00.0000000Z",
            "BoolN": false,
            "Bool": false,
            "BoolPrimitiveN": false,
            "BoolPrimitive": false,
            "Binary@odata.type": "Edm.Binary",
            "Binary": "AQL/Aw==",
            "BinaryPrimitive@odata.type": "Edm.Binary",
            "BinaryPrimitive": "AQL/Aw==",
            "DoublePrimitiveN": 3.5,
            "DoublePrimitive": 3.5,
            "DoubleN": 3.5,
            "Double": 3.5,
            "DoubleInteger": 3.0,
            "SomeNewName": "0003",
            "DataMemberImplictNameProperty": "0003",
            "GuidN@odata.type": "Edm.Guid",
            "GuidN": "0d391d16-97f1-4b9a-be68-4cc871f90003",
            "Guid@odata.type": "Edm.Guid",
            "Guid": "0d391d16-97f1-4b9a-be68-4cc871f90003",
            "IntegerPrimitiveN": 3,
            "IntegerPrimitive": 3,
            "Int32N": 3,
            "Int32": 3,
            "LongPrimitiveN@odata.type": "Edm.Int64",
            "LongPrimitiveN": "2147483650",
            "LongPrimitive@odata.type": "Edm.Int64",
            "LongPrimitive": "2147483650",
            "Int64N@odata.type": "Edm.Int64",
            "Int64N": "123456789012",
            "Int64@odata.type": "Edm.Int64",
            "Int64": "2147483650",
            "String": "0003"
          },
          {
            "odata.etag": "W/\"datetime'2024-04-22T17%3A18%3A05.8829553Z'\"",
            "PartitionKey": "somPartition",
            "RowKey": "0004",
            "Timestamp": "2024-04-22T17:18:05.8829553Z",
            "DateTimeOffsetN@odata.type": "Edm.DateTime",
            "DateTimeOffsetN": "2020-01-01T01:05:00Z",
            "DateTimeOffset@odata.type": "Edm.DateTime",
            "DateTimeOffset": "2020-01-01T01:05:00Z",
            "DateTimeN@odata.type": "Edm.DateTime",
            "DateTimeN": "2020-01-01T01:05:00Z",
            "DateTime@odata.type": "Edm.DateTime",
            "DateTime": "2020-01-01T01:05:00Z",
            "DateTimeAsString": "2020-01-01T01:05:00.0000000Z",
            "BoolN": false,
            "Bool": true,
            "BoolPrimitiveN": false,
            "BoolPrimitive": true,
            "Binary@odata.type": "Edm.Binary",
            "Binary": "AQL/BA==",
            "BinaryPrimitive@odata.type": "Edm.Binary",
            "BinaryPrimitive": "AQL/BA==",
            "DoublePrimitiveN": 4.5,
            "DoublePrimitive": 4.5,
            "DoubleN": 4.5,
            "Double": 4.5,
            "DoubleInteger": 4.0,
            "SomeNewName": "0004",
            "DataMemberImplictNameProperty": "0004",
            "GuidN@odata.type": "Edm.Guid",
            "GuidN": "0d391d16-97f1-4b9a-be68-4cc871f90004",
            "Guid@odata.type": "Edm.Guid",
            "Guid": "0d391d16-97f1-4b9a-be68-4cc871f90004",
            "IntegerPrimitiveN": 4,
            "IntegerPrimitive": 4,
            "Int32N": 4,
            "Int32": 4,
            "LongPrimitiveN@odata.type": "Edm.Int64",
            "LongPrimitiveN": "2147483651",
            "LongPrimitive@odata.type": "Edm.Int64",
            "LongPrimitive": "2147483651",
            "Int64N@odata.type": "Edm.Int64",
            "Int64N": "123456789012",
            "Int64@odata.type": "Edm.Int64",
            "Int64": "2147483651",
            "String": "0004"
          }
        ]
      }
    },
    {
      "RequestUri": "https://t729561e092ecf3cbprim.table.core.windows.net/testtablem41h8kbq()?$format=application%2Fjson%3Bodata%3Dminimalmetadata&$filter=Double%20ge%203.5",
      "RequestMethod": "GET",
      "RequestHeaders": {
        "Accept": "application/json;odata=minimalmetadata",
        "Authorization": "Sanitized",
        "DataServiceVersion": "3.0",
        "traceparent": "00-85a84eafa6a7e4359d6b10d52aa24c01-fcee41b7a8d66849-00",
        "User-Agent": "azsdk-net-Data.Tables/12.9.0-alpha.20240422.1 (.NET 7.0.18; Microsoft Windows 10.0.22631)",
        "x-ms-client-request-id": "79f4e22b7a5087ac2574520485bdb101",
        "x-ms-date": "Mon, 22 Apr 2024 17:18:06 GMT",
        "x-ms-return-client-request-id": "true",
        "x-ms-version": "2020-12-06"
      },
      "RequestBody": null,
      "StatusCode": 200,
      "ResponseHeaders": {
        "Cache-Control": "no-cache",
        "Content-Type": "application/json; odata=minimalmetadata; streaming=true; charset=utf-8",
        "Date": "Mon, 22 Apr 2024 17:18:05 GMT",
        "Server": [
          "Windows-Azure-Table/1.0",
          "Microsoft-HTTPAPI/2.0"
        ],
        "Transfer-Encoding": "chunked",
        "X-Content-Type-Options": "nosniff",
        "x-ms-client-request-id": "79f4e22b7a5087ac2574520485bdb101",
        "x-ms-request-id": "8943351a-c002-005e-06d9-947490000000",
        "x-ms-version": "2020-12-06"
      },
      "ResponseBody": {
        "odata.metadata": "https://t729561e092ecf3cbprim.table.core.windows.net/$metadata#testtablem41h8kbq",
        "value": [
          {
            "odata.etag": "W/\"datetime'2024-04-22T17%3A18%3A05.8381512Z'\"",
            "PartitionKey": "somPartition",
            "RowKey": "0003",
            "Timestamp": "2024-04-22T17:18:05.8381512Z",
            "DateTimeOffsetN@odata.type": "Edm.DateTime",
            "DateTimeOffsetN": "2020-01-01T01:04:00Z",
            "DateTimeOffset@odata.type": "Edm.DateTime",
            "DateTimeOffset": "2020-01-01T01:04:00Z",
            "DateTimeN@odata.type": "Edm.DateTime",
            "DateTimeN": "2020-01-01T01:04:00Z",
            "DateTime@odata.type": "Edm.DateTime",
            "DateTime": "2020-01-01T01:04:00Z",
            "DateTimeAsString": "2020-01-01T01:04:00.0000000Z",
            "BoolN": false,
            "Bool": false,
            "BoolPrimitiveN": false,
            "BoolPrimitive": false,
            "Binary@odata.type": "Edm.Binary",
            "Binary": "AQL/Aw==",
            "BinaryPrimitive@odata.type": "Edm.Binary",
            "BinaryPrimitive": "AQL/Aw==",
            "DoublePrimitiveN": 3.5,
            "DoublePrimitive": 3.5,
            "DoubleN": 3.5,
            "Double": 3.5,
            "DoubleInteger": 3.0,
            "SomeNewName": "0003",
            "DataMemberImplictNameProperty": "0003",
            "GuidN@odata.type": "Edm.Guid",
            "GuidN": "0d391d16-97f1-4b9a-be68-4cc871f90003",
            "Guid@odata.type": "Edm.Guid",
            "Guid": "0d391d16-97f1-4b9a-be68-4cc871f90003",
            "IntegerPrimitiveN": 3,
            "IntegerPrimitive": 3,
            "Int32N": 3,
            "Int32": 3,
            "LongPrimitiveN@odata.type": "Edm.Int64",
            "LongPrimitiveN": "2147483650",
            "LongPrimitive@odata.type": "Edm.Int64",
            "LongPrimitive": "2147483650",
            "Int64N@odata.type": "Edm.Int64",
            "Int64N": "123456789012",
            "Int64@odata.type": "Edm.Int64",
            "Int64": "2147483650",
            "String": "0003"
          },
          {
            "odata.etag": "W/\"datetime'2024-04-22T17%3A18%3A05.8829553Z'\"",
            "PartitionKey": "somPartition",
            "RowKey": "0004",
            "Timestamp": "2024-04-22T17:18:05.8829553Z",
            "DateTimeOffsetN@odata.type": "Edm.DateTime",
            "DateTimeOffsetN": "2020-01-01T01:05:00Z",
            "DateTimeOffset@odata.type": "Edm.DateTime",
            "DateTimeOffset": "2020-01-01T01:05:00Z",
            "DateTimeN@odata.type": "Edm.DateTime",
            "DateTimeN": "2020-01-01T01:05:00Z",
            "DateTime@odata.type": "Edm.DateTime",
            "DateTime": "2020-01-01T01:05:00Z",
            "DateTimeAsString": "2020-01-01T01:05:00.0000000Z",
            "BoolN": false,
            "Bool": true,
            "BoolPrimitiveN": false,
            "BoolPrimitive": true,
            "Binary@odata.type": "Edm.Binary",
            "Binary": "AQL/BA==",
            "BinaryPrimitive@odata.type": "Edm.Binary",
            "BinaryPrimitive": "AQL/BA==",
            "DoublePrimitiveN": 4.5,
            "DoublePrimitive": 4.5,
            "DoubleN": 4.5,
            "Double": 4.5,
            "DoubleInteger": 4.0,
            "SomeNewName": "0004",
            "DataMemberImplictNameProperty": "0004",
            "GuidN@odata.type": "Edm.Guid",
            "GuidN": "0d391d16-97f1-4b9a-be68-4cc871f90004",
            "Guid@odata.type": "Edm.Guid",
            "Guid": "0d391d16-97f1-4b9a-be68-4cc871f90004",
            "IntegerPrimitiveN": 4,
            "IntegerPrimitive": 4,
            "Int32N": 4,
            "Int32": 4,
            "LongPrimitiveN@odata.type": "Edm.Int64",
            "LongPrimitiveN": "2147483651",
            "LongPrimitive@odata.type": "Edm.Int64",
            "LongPrimitive": "2147483651",
            "Int64N@odata.type": "Edm.Int64",
            "Int64N": "123456789012",
            "Int64@odata.type": "Edm.Int64",
            "Int64": "2147483651",
            "String": "0004"
          }
        ]
      }
    },
    {
      "RequestUri": "https://t729561e092ecf3cbprim.table.core.windows.net/testtablem41h8kbq()?$format=application%2Fjson%3Bodata%3Dminimalmetadata&$filter=DoublePrimitive%20ge%203.5",
      "RequestMethod": "GET",
      "RequestHeaders": {
        "Accept": "application/json;odata=minimalmetadata",
        "Authorization": "Sanitized",
        "DataServiceVersion": "3.0",
        "traceparent": "00-2615f60fa8eb0270b6ef750bd5f976a1-4e58cf6c46af05a2-00",
        "User-Agent": "azsdk-net-Data.Tables/12.9.0-alpha.20240422.1 (.NET 7.0.18; Microsoft Windows 10.0.22631)",
        "x-ms-client-request-id": "e1293df4e5d63da02007400e2e4d61a0",
        "x-ms-date": "Mon, 22 Apr 2024 17:18:06 GMT",
        "x-ms-return-client-request-id": "true",
        "x-ms-version": "2020-12-06"
      },
      "RequestBody": null,
      "StatusCode": 200,
      "ResponseHeaders": {
        "Cache-Control": "no-cache",
        "Content-Type": "application/json; odata=minimalmetadata; streaming=true; charset=utf-8",
        "Date": "Mon, 22 Apr 2024 17:18:05 GMT",
        "Server": [
          "Windows-Azure-Table/1.0",
          "Microsoft-HTTPAPI/2.0"
        ],
        "Transfer-Encoding": "chunked",
        "X-Content-Type-Options": "nosniff",
        "x-ms-client-request-id": "e1293df4e5d63da02007400e2e4d61a0",
        "x-ms-request-id": "89433538-c002-005e-21d9-947490000000",
        "x-ms-version": "2020-12-06"
      },
      "ResponseBody": {
        "odata.metadata": "https://t729561e092ecf3cbprim.table.core.windows.net/$metadata#testtablem41h8kbq",
        "value": [
          {
            "odata.etag": "W/\"datetime'2024-04-22T17%3A18%3A05.8381512Z'\"",
            "PartitionKey": "somPartition",
            "RowKey": "0003",
            "Timestamp": "2024-04-22T17:18:05.8381512Z",
            "DateTimeOffsetN@odata.type": "Edm.DateTime",
            "DateTimeOffsetN": "2020-01-01T01:04:00Z",
            "DateTimeOffset@odata.type": "Edm.DateTime",
            "DateTimeOffset": "2020-01-01T01:04:00Z",
            "DateTimeN@odata.type": "Edm.DateTime",
            "DateTimeN": "2020-01-01T01:04:00Z",
            "DateTime@odata.type": "Edm.DateTime",
            "DateTime": "2020-01-01T01:04:00Z",
            "DateTimeAsString": "2020-01-01T01:04:00.0000000Z",
            "BoolN": false,
            "Bool": false,
            "BoolPrimitiveN": false,
            "BoolPrimitive": false,
            "Binary@odata.type": "Edm.Binary",
            "Binary": "AQL/Aw==",
            "BinaryPrimitive@odata.type": "Edm.Binary",
            "BinaryPrimitive": "AQL/Aw==",
            "DoublePrimitiveN": 3.5,
            "DoublePrimitive": 3.5,
            "DoubleN": 3.5,
            "Double": 3.5,
            "DoubleInteger": 3.0,
            "SomeNewName": "0003",
            "DataMemberImplictNameProperty": "0003",
            "GuidN@odata.type": "Edm.Guid",
            "GuidN": "0d391d16-97f1-4b9a-be68-4cc871f90003",
            "Guid@odata.type": "Edm.Guid",
            "Guid": "0d391d16-97f1-4b9a-be68-4cc871f90003",
            "IntegerPrimitiveN": 3,
            "IntegerPrimitive": 3,
            "Int32N": 3,
            "Int32": 3,
            "LongPrimitiveN@odata.type": "Edm.Int64",
            "LongPrimitiveN": "2147483650",
            "LongPrimitive@odata.type": "Edm.Int64",
            "LongPrimitive": "2147483650",
            "Int64N@odata.type": "Edm.Int64",
            "Int64N": "123456789012",
            "Int64@odata.type": "Edm.Int64",
            "Int64": "2147483650",
            "String": "0003"
          },
          {
            "odata.etag": "W/\"datetime'2024-04-22T17%3A18%3A05.8829553Z'\"",
            "PartitionKey": "somPartition",
            "RowKey": "0004",
            "Timestamp": "2024-04-22T17:18:05.8829553Z",
            "DateTimeOffsetN@odata.type": "Edm.DateTime",
            "DateTimeOffsetN": "2020-01-01T01:05:00Z",
            "DateTimeOffset@odata.type": "Edm.DateTime",
            "DateTimeOffset": "2020-01-01T01:05:00Z",
            "DateTimeN@odata.type": "Edm.DateTime",
            "DateTimeN": "2020-01-01T01:05:00Z",
            "DateTime@odata.type": "Edm.DateTime",
            "DateTime": "2020-01-01T01:05:00Z",
            "DateTimeAsString": "2020-01-01T01:05:00.0000000Z",
            "BoolN": false,
            "Bool": true,
            "BoolPrimitiveN": false,
            "BoolPrimitive": true,
            "Binary@odata.type": "Edm.Binary",
            "Binary": "AQL/BA==",
            "BinaryPrimitive@odata.type": "Edm.Binary",
            "BinaryPrimitive": "AQL/BA==",
            "DoublePrimitiveN": 4.5,
            "DoublePrimitive": 4.5,
            "DoubleN": 4.5,
            "Double": 4.5,
            "DoubleInteger": 4.0,
            "SomeNewName": "0004",
            "DataMemberImplictNameProperty": "0004",
            "GuidN@odata.type": "Edm.Guid",
            "GuidN": "0d391d16-97f1-4b9a-be68-4cc871f90004",
            "Guid@odata.type": "Edm.Guid",
            "Guid": "0d391d16-97f1-4b9a-be68-4cc871f90004",
            "IntegerPrimitiveN": 4,
            "IntegerPrimitive": 4,
            "Int32N": 4,
            "Int32": 4,
            "LongPrimitiveN@odata.type": "Edm.Int64",
            "LongPrimitiveN": "2147483651",
            "LongPrimitive@odata.type": "Edm.Int64",
            "LongPrimitive": "2147483651",
            "Int64N@odata.type": "Edm.Int64",
            "Int64N": "123456789012",
            "Int64@odata.type": "Edm.Int64",
            "Int64": "2147483651",
            "String": "0004"
          }
        ]
      }
    },
    {
      "RequestUri": "https://t729561e092ecf3cbprim.table.core.windows.net/testtablem41h8kbq()?$format=application%2Fjson%3Bodata%3Dminimalmetadata&$filter=Int32%20ge%203",
      "RequestMethod": "GET",
      "RequestHeaders": {
        "Accept": "application/json;odata=minimalmetadata",
        "Authorization": "Sanitized",
        "DataServiceVersion": "3.0",
        "traceparent": "00-f801212ef0b2f0e903a50d36ae290668-5b75a7884a446b0f-00",
        "User-Agent": "azsdk-net-Data.Tables/12.9.0-alpha.20240422.1 (.NET 7.0.18; Microsoft Windows 10.0.22631)",
        "x-ms-client-request-id": "31dad96f899549e4e9fab9004502814d",
        "x-ms-date": "Mon, 22 Apr 2024 17:18:06 GMT",
        "x-ms-return-client-request-id": "true",
        "x-ms-version": "2020-12-06"
      },
      "RequestBody": null,
      "StatusCode": 200,
      "ResponseHeaders": {
        "Cache-Control": "no-cache",
        "Content-Type": "application/json; odata=minimalmetadata; streaming=true; charset=utf-8",
        "Date": "Mon, 22 Apr 2024 17:18:05 GMT",
        "Server": [
          "Windows-Azure-Table/1.0",
          "Microsoft-HTTPAPI/2.0"
        ],
        "Transfer-Encoding": "chunked",
        "X-Content-Type-Options": "nosniff",
        "x-ms-client-request-id": "31dad96f899549e4e9fab9004502814d",
        "x-ms-request-id": "89433559-c002-005e-42d9-947490000000",
        "x-ms-version": "2020-12-06"
      },
      "ResponseBody": {
        "odata.metadata": "https://t729561e092ecf3cbprim.table.core.windows.net/$metadata#testtablem41h8kbq",
        "value": [
          {
            "odata.etag": "W/\"datetime'2024-04-22T17%3A18%3A05.8381512Z'\"",
            "PartitionKey": "somPartition",
            "RowKey": "0003",
            "Timestamp": "2024-04-22T17:18:05.8381512Z",
            "DateTimeOffsetN@odata.type": "Edm.DateTime",
            "DateTimeOffsetN": "2020-01-01T01:04:00Z",
            "DateTimeOffset@odata.type": "Edm.DateTime",
            "DateTimeOffset": "2020-01-01T01:04:00Z",
            "DateTimeN@odata.type": "Edm.DateTime",
            "DateTimeN": "2020-01-01T01:04:00Z",
            "DateTime@odata.type": "Edm.DateTime",
            "DateTime": "2020-01-01T01:04:00Z",
            "DateTimeAsString": "2020-01-01T01:04:00.0000000Z",
            "BoolN": false,
            "Bool": false,
            "BoolPrimitiveN": false,
            "BoolPrimitive": false,
            "Binary@odata.type": "Edm.Binary",
            "Binary": "AQL/Aw==",
            "BinaryPrimitive@odata.type": "Edm.Binary",
            "BinaryPrimitive": "AQL/Aw==",
            "DoublePrimitiveN": 3.5,
            "DoublePrimitive": 3.5,
            "DoubleN": 3.5,
            "Double": 3.5,
            "DoubleInteger": 3.0,
            "SomeNewName": "0003",
            "DataMemberImplictNameProperty": "0003",
            "GuidN@odata.type": "Edm.Guid",
            "GuidN": "0d391d16-97f1-4b9a-be68-4cc871f90003",
            "Guid@odata.type": "Edm.Guid",
            "Guid": "0d391d16-97f1-4b9a-be68-4cc871f90003",
            "IntegerPrimitiveN": 3,
            "IntegerPrimitive": 3,
            "Int32N": 3,
            "Int32": 3,
            "LongPrimitiveN@odata.type": "Edm.Int64",
            "LongPrimitiveN": "2147483650",
            "LongPrimitive@odata.type": "Edm.Int64",
            "LongPrimitive": "2147483650",
            "Int64N@odata.type": "Edm.Int64",
            "Int64N": "123456789012",
            "Int64@odata.type": "Edm.Int64",
            "Int64": "2147483650",
            "String": "0003"
          },
          {
            "odata.etag": "W/\"datetime'2024-04-22T17%3A18%3A05.8829553Z'\"",
            "PartitionKey": "somPartition",
            "RowKey": "0004",
            "Timestamp": "2024-04-22T17:18:05.8829553Z",
            "DateTimeOffsetN@odata.type": "Edm.DateTime",
            "DateTimeOffsetN": "2020-01-01T01:05:00Z",
            "DateTimeOffset@odata.type": "Edm.DateTime",
            "DateTimeOffset": "2020-01-01T01:05:00Z",
            "DateTimeN@odata.type": "Edm.DateTime",
            "DateTimeN": "2020-01-01T01:05:00Z",
            "DateTime@odata.type": "Edm.DateTime",
            "DateTime": "2020-01-01T01:05:00Z",
            "DateTimeAsString": "2020-01-01T01:05:00.0000000Z",
            "BoolN": false,
            "Bool": true,
            "BoolPrimitiveN": false,
            "BoolPrimitive": true,
            "Binary@odata.type": "Edm.Binary",
            "Binary": "AQL/BA==",
            "BinaryPrimitive@odata.type": "Edm.Binary",
            "BinaryPrimitive": "AQL/BA==",
            "DoublePrimitiveN": 4.5,
            "DoublePrimitive": 4.5,
            "DoubleN": 4.5,
            "Double": 4.5,
            "DoubleInteger": 4.0,
            "SomeNewName": "0004",
            "DataMemberImplictNameProperty": "0004",
            "GuidN@odata.type": "Edm.Guid",
            "GuidN": "0d391d16-97f1-4b9a-be68-4cc871f90004",
            "Guid@odata.type": "Edm.Guid",
            "Guid": "0d391d16-97f1-4b9a-be68-4cc871f90004",
            "IntegerPrimitiveN": 4,
            "IntegerPrimitive": 4,
            "Int32N": 4,
            "Int32": 4,
            "LongPrimitiveN@odata.type": "Edm.Int64",
            "LongPrimitiveN": "2147483651",
            "LongPrimitive@odata.type": "Edm.Int64",
            "LongPrimitive": "2147483651",
            "Int64N@odata.type": "Edm.Int64",
            "Int64N": "123456789012",
            "Int64@odata.type": "Edm.Int64",
            "Int64": "2147483651",
            "String": "0004"
          }
        ]
      }
    },
    {
      "RequestUri": "https://t729561e092ecf3cbprim.table.core.windows.net/testtablem41h8kbq()?$format=application%2Fjson%3Bodata%3Dminimalmetadata&$filter=Int32N%20ge%203",
      "RequestMethod": "GET",
      "RequestHeaders": {
        "Accept": "application/json;odata=minimalmetadata",
        "Authorization": "Sanitized",
        "DataServiceVersion": "3.0",
        "traceparent": "00-bb69b15a9f7208719343b2dce4219327-3fd36e8d34166516-00",
        "User-Agent": "azsdk-net-Data.Tables/12.9.0-alpha.20240422.1 (.NET 7.0.18; Microsoft Windows 10.0.22631)",
        "x-ms-client-request-id": "9d426105c80b46ab41b65948399e58d8",
        "x-ms-date": "Mon, 22 Apr 2024 17:18:06 GMT",
        "x-ms-return-client-request-id": "true",
        "x-ms-version": "2020-12-06"
      },
      "RequestBody": null,
      "StatusCode": 200,
      "ResponseHeaders": {
        "Cache-Control": "no-cache",
        "Content-Type": "application/json; odata=minimalmetadata; streaming=true; charset=utf-8",
        "Date": "Mon, 22 Apr 2024 17:18:06 GMT",
        "Server": [
          "Windows-Azure-Table/1.0",
          "Microsoft-HTTPAPI/2.0"
        ],
        "Transfer-Encoding": "chunked",
        "X-Content-Type-Options": "nosniff",
        "x-ms-client-request-id": "9d426105c80b46ab41b65948399e58d8",
        "x-ms-request-id": "8943356c-c002-005e-53d9-947490000000",
        "x-ms-version": "2020-12-06"
      },
      "ResponseBody": {
        "odata.metadata": "https://t729561e092ecf3cbprim.table.core.windows.net/$metadata#testtablem41h8kbq",
        "value": [
          {
            "odata.etag": "W/\"datetime'2024-04-22T17%3A18%3A05.8381512Z'\"",
            "PartitionKey": "somPartition",
            "RowKey": "0003",
            "Timestamp": "2024-04-22T17:18:05.8381512Z",
            "DateTimeOffsetN@odata.type": "Edm.DateTime",
            "DateTimeOffsetN": "2020-01-01T01:04:00Z",
            "DateTimeOffset@odata.type": "Edm.DateTime",
            "DateTimeOffset": "2020-01-01T01:04:00Z",
            "DateTimeN@odata.type": "Edm.DateTime",
            "DateTimeN": "2020-01-01T01:04:00Z",
            "DateTime@odata.type": "Edm.DateTime",
            "DateTime": "2020-01-01T01:04:00Z",
            "DateTimeAsString": "2020-01-01T01:04:00.0000000Z",
            "BoolN": false,
            "Bool": false,
            "BoolPrimitiveN": false,
            "BoolPrimitive": false,
            "Binary@odata.type": "Edm.Binary",
            "Binary": "AQL/Aw==",
            "BinaryPrimitive@odata.type": "Edm.Binary",
            "BinaryPrimitive": "AQL/Aw==",
            "DoublePrimitiveN": 3.5,
            "DoublePrimitive": 3.5,
            "DoubleN": 3.5,
            "Double": 3.5,
            "DoubleInteger": 3.0,
            "SomeNewName": "0003",
            "DataMemberImplictNameProperty": "0003",
            "GuidN@odata.type": "Edm.Guid",
            "GuidN": "0d391d16-97f1-4b9a-be68-4cc871f90003",
            "Guid@odata.type": "Edm.Guid",
            "Guid": "0d391d16-97f1-4b9a-be68-4cc871f90003",
            "IntegerPrimitiveN": 3,
            "IntegerPrimitive": 3,
            "Int32N": 3,
            "Int32": 3,
            "LongPrimitiveN@odata.type": "Edm.Int64",
            "LongPrimitiveN": "2147483650",
            "LongPrimitive@odata.type": "Edm.Int64",
            "LongPrimitive": "2147483650",
            "Int64N@odata.type": "Edm.Int64",
            "Int64N": "123456789012",
            "Int64@odata.type": "Edm.Int64",
            "Int64": "2147483650",
            "String": "0003"
          },
          {
            "odata.etag": "W/\"datetime'2024-04-22T17%3A18%3A05.8829553Z'\"",
            "PartitionKey": "somPartition",
            "RowKey": "0004",
            "Timestamp": "2024-04-22T17:18:05.8829553Z",
            "DateTimeOffsetN@odata.type": "Edm.DateTime",
            "DateTimeOffsetN": "2020-01-01T01:05:00Z",
            "DateTimeOffset@odata.type": "Edm.DateTime",
            "DateTimeOffset": "2020-01-01T01:05:00Z",
            "DateTimeN@odata.type": "Edm.DateTime",
            "DateTimeN": "2020-01-01T01:05:00Z",
            "DateTime@odata.type": "Edm.DateTime",
            "DateTime": "2020-01-01T01:05:00Z",
            "DateTimeAsString": "2020-01-01T01:05:00.0000000Z",
            "BoolN": false,
            "Bool": true,
            "BoolPrimitiveN": false,
            "BoolPrimitive": true,
            "Binary@odata.type": "Edm.Binary",
            "Binary": "AQL/BA==",
            "BinaryPrimitive@odata.type": "Edm.Binary",
            "BinaryPrimitive": "AQL/BA==",
            "DoublePrimitiveN": 4.5,
            "DoublePrimitive": 4.5,
            "DoubleN": 4.5,
            "Double": 4.5,
            "DoubleInteger": 4.0,
            "SomeNewName": "0004",
            "DataMemberImplictNameProperty": "0004",
            "GuidN@odata.type": "Edm.Guid",
            "GuidN": "0d391d16-97f1-4b9a-be68-4cc871f90004",
            "Guid@odata.type": "Edm.Guid",
            "Guid": "0d391d16-97f1-4b9a-be68-4cc871f90004",
            "IntegerPrimitiveN": 4,
            "IntegerPrimitive": 4,
            "Int32N": 4,
            "Int32": 4,
            "LongPrimitiveN@odata.type": "Edm.Int64",
            "LongPrimitiveN": "2147483651",
            "LongPrimitive@odata.type": "Edm.Int64",
            "LongPrimitive": "2147483651",
            "Int64N@odata.type": "Edm.Int64",
            "Int64N": "123456789012",
            "Int64@odata.type": "Edm.Int64",
            "Int64": "2147483651",
            "String": "0004"
          }
        ]
      }
    },
    {
      "RequestUri": "https://t729561e092ecf3cbprim.table.core.windows.net/testtablem41h8kbq()?$format=application%2Fjson%3Bodata%3Dminimalmetadata&$filter=DateTimeOffset%20ge%20datetime%272020-01-01T01%3A04%3A00Z%27",
      "RequestMethod": "GET",
      "RequestHeaders": {
        "Accept": "application/json;odata=minimalmetadata",
        "Authorization": "Sanitized",
        "DataServiceVersion": "3.0",
        "traceparent": "00-baff466daf26de843d68d6ecbc5daa59-d947e4f049294ce6-00",
        "User-Agent": "azsdk-net-Data.Tables/12.9.0-alpha.20240422.1 (.NET 7.0.18; Microsoft Windows 10.0.22631)",
        "x-ms-client-request-id": "ab95b2137fe36a6b58dff8db2b9ff81e",
        "x-ms-date": "Mon, 22 Apr 2024 17:18:06 GMT",
        "x-ms-return-client-request-id": "true",
        "x-ms-version": "2020-12-06"
      },
      "RequestBody": null,
      "StatusCode": 200,
      "ResponseHeaders": {
        "Cache-Control": "no-cache",
        "Content-Type": "application/json; odata=minimalmetadata; streaming=true; charset=utf-8",
        "Date": "Mon, 22 Apr 2024 17:18:06 GMT",
        "Server": [
          "Windows-Azure-Table/1.0",
          "Microsoft-HTTPAPI/2.0"
        ],
        "Transfer-Encoding": "chunked",
        "X-Content-Type-Options": "nosniff",
        "x-ms-client-request-id": "ab95b2137fe36a6b58dff8db2b9ff81e",
        "x-ms-request-id": "8943358b-c002-005e-71d9-947490000000",
        "x-ms-version": "2020-12-06"
      },
      "ResponseBody": {
        "odata.metadata": "https://t729561e092ecf3cbprim.table.core.windows.net/$metadata#testtablem41h8kbq",
        "value": [
          {
            "odata.etag": "W/\"datetime'2024-04-22T17%3A18%3A05.8381512Z'\"",
            "PartitionKey": "somPartition",
            "RowKey": "0003",
            "Timestamp": "2024-04-22T17:18:05.8381512Z",
            "DateTimeOffsetN@odata.type": "Edm.DateTime",
            "DateTimeOffsetN": "2020-01-01T01:04:00Z",
            "DateTimeOffset@odata.type": "Edm.DateTime",
            "DateTimeOffset": "2020-01-01T01:04:00Z",
            "DateTimeN@odata.type": "Edm.DateTime",
            "DateTimeN": "2020-01-01T01:04:00Z",
            "DateTime@odata.type": "Edm.DateTime",
            "DateTime": "2020-01-01T01:04:00Z",
            "DateTimeAsString": "2020-01-01T01:04:00.0000000Z",
            "BoolN": false,
            "Bool": false,
            "BoolPrimitiveN": false,
            "BoolPrimitive": false,
            "Binary@odata.type": "Edm.Binary",
            "Binary": "AQL/Aw==",
            "BinaryPrimitive@odata.type": "Edm.Binary",
            "BinaryPrimitive": "AQL/Aw==",
            "DoublePrimitiveN": 3.5,
            "DoublePrimitive": 3.5,
            "DoubleN": 3.5,
            "Double": 3.5,
            "DoubleInteger": 3.0,
            "SomeNewName": "0003",
            "DataMemberImplictNameProperty": "0003",
            "GuidN@odata.type": "Edm.Guid",
            "GuidN": "0d391d16-97f1-4b9a-be68-4cc871f90003",
            "Guid@odata.type": "Edm.Guid",
            "Guid": "0d391d16-97f1-4b9a-be68-4cc871f90003",
            "IntegerPrimitiveN": 3,
            "IntegerPrimitive": 3,
            "Int32N": 3,
            "Int32": 3,
            "LongPrimitiveN@odata.type": "Edm.Int64",
            "LongPrimitiveN": "2147483650",
            "LongPrimitive@odata.type": "Edm.Int64",
            "LongPrimitive": "2147483650",
            "Int64N@odata.type": "Edm.Int64",
            "Int64N": "123456789012",
            "Int64@odata.type": "Edm.Int64",
            "Int64": "2147483650",
            "String": "0003"
          },
          {
            "odata.etag": "W/\"datetime'2024-04-22T17%3A18%3A05.8829553Z'\"",
            "PartitionKey": "somPartition",
            "RowKey": "0004",
            "Timestamp": "2024-04-22T17:18:05.8829553Z",
            "DateTimeOffsetN@odata.type": "Edm.DateTime",
            "DateTimeOffsetN": "2020-01-01T01:05:00Z",
            "DateTimeOffset@odata.type": "Edm.DateTime",
            "DateTimeOffset": "2020-01-01T01:05:00Z",
            "DateTimeN@odata.type": "Edm.DateTime",
            "DateTimeN": "2020-01-01T01:05:00Z",
            "DateTime@odata.type": "Edm.DateTime",
            "DateTime": "2020-01-01T01:05:00Z",
            "DateTimeAsString": "2020-01-01T01:05:00.0000000Z",
            "BoolN": false,
            "Bool": true,
            "BoolPrimitiveN": false,
            "BoolPrimitive": true,
            "Binary@odata.type": "Edm.Binary",
            "Binary": "AQL/BA==",
            "BinaryPrimitive@odata.type": "Edm.Binary",
            "BinaryPrimitive": "AQL/BA==",
            "DoublePrimitiveN": 4.5,
            "DoublePrimitive": 4.5,
            "DoubleN": 4.5,
            "Double": 4.5,
            "DoubleInteger": 4.0,
            "SomeNewName": "0004",
            "DataMemberImplictNameProperty": "0004",
            "GuidN@odata.type": "Edm.Guid",
            "GuidN": "0d391d16-97f1-4b9a-be68-4cc871f90004",
            "Guid@odata.type": "Edm.Guid",
            "Guid": "0d391d16-97f1-4b9a-be68-4cc871f90004",
            "IntegerPrimitiveN": 4,
            "IntegerPrimitive": 4,
            "Int32N": 4,
            "Int32": 4,
            "LongPrimitiveN@odata.type": "Edm.Int64",
            "LongPrimitiveN": "2147483651",
            "LongPrimitive@odata.type": "Edm.Int64",
            "LongPrimitive": "2147483651",
            "Int64N@odata.type": "Edm.Int64",
            "Int64N": "123456789012",
            "Int64@odata.type": "Edm.Int64",
            "Int64": "2147483651",
            "String": "0004"
          }
        ]
      }
    },
    {
      "RequestUri": "https://t729561e092ecf3cbprim.table.core.windows.net/testtablem41h8kbq()?$format=application%2Fjson%3Bodata%3Dminimalmetadata&$filter=DateTimeOffset%20lt%20datetime%272020-01-01T01%3A04%3A00Z%27",
      "RequestMethod": "GET",
      "RequestHeaders": {
        "Accept": "application/json;odata=minimalmetadata",
        "Authorization": "Sanitized",
        "DataServiceVersion": "3.0",
        "traceparent": "00-30580183e478f1b6cde9f420913c3de2-66a0880800762289-00",
        "User-Agent": "azsdk-net-Data.Tables/12.9.0-alpha.20240422.1 (.NET 7.0.18; Microsoft Windows 10.0.22631)",
        "x-ms-client-request-id": "cd09f386c30ba6942e94f0de309c104a",
        "x-ms-date": "Mon, 22 Apr 2024 17:18:07 GMT",
        "x-ms-return-client-request-id": "true",
        "x-ms-version": "2020-12-06"
      },
      "RequestBody": null,
      "StatusCode": 200,
      "ResponseHeaders": {
        "Cache-Control": "no-cache",
        "Content-Type": "application/json; odata=minimalmetadata; streaming=true; charset=utf-8",
        "Date": "Mon, 22 Apr 2024 17:18:06 GMT",
        "Server": [
          "Windows-Azure-Table/1.0",
          "Microsoft-HTTPAPI/2.0"
        ],
        "Transfer-Encoding": "chunked",
        "X-Content-Type-Options": "nosniff",
        "x-ms-client-request-id": "cd09f386c30ba6942e94f0de309c104a",
        "x-ms-request-id": "894335a6-c002-005e-0bd9-947490000000",
        "x-ms-version": "2020-12-06"
      },
      "ResponseBody": {
        "odata.metadata": "https://t729561e092ecf3cbprim.table.core.windows.net/$metadata#testtablem41h8kbq",
        "value": [
          {
            "odata.etag": "W/\"datetime'2024-04-22T17%3A18%3A05.7425707Z'\"",
            "PartitionKey": "somPartition",
            "RowKey": "0001",
            "Timestamp": "2024-04-22T17:18:05.7425707Z",
            "DateTimeOffsetN@odata.type": "Edm.DateTime",
            "DateTimeOffsetN": "2020-01-01T01:02:00Z",
            "DateTimeOffset@odata.type": "Edm.DateTime",
            "DateTimeOffset": "2020-01-01T01:02:00Z",
            "DateTimeN@odata.type": "Edm.DateTime",
            "DateTimeN": "2020-01-01T01:02:00Z",
            "DateTime@odata.type": "Edm.DateTime",
            "DateTime": "2020-01-01T01:02:00Z",
            "DateTimeAsString": "2020-01-01T01:02:00.0000000Z",
            "BoolN": false,
            "Bool": false,
            "BoolPrimitiveN": false,
            "BoolPrimitive": false,
            "Binary@odata.type": "Edm.Binary",
            "Binary": "AQL/AQ==",
            "BinaryPrimitive@odata.type": "Edm.Binary",
            "BinaryPrimitive": "AQL/AQ==",
            "DoublePrimitiveN": 1.5,
            "DoublePrimitive": 1.5,
            "DoubleN": 1.5,
            "Double": 1.5,
            "DoubleInteger": 1.0,
            "SomeNewName": "0001",
            "DataMemberImplictNameProperty": "0001",
            "GuidN@odata.type": "Edm.Guid",
            "GuidN": "0d391d16-97f1-4b9a-be68-4cc871f90001",
            "Guid@odata.type": "Edm.Guid",
            "Guid": "0d391d16-97f1-4b9a-be68-4cc871f90001",
            "IntegerPrimitiveN": 1,
            "IntegerPrimitive": 1,
            "Int32N": 1,
            "Int32": 1,
            "LongPrimitiveN@odata.type": "Edm.Int64",
            "LongPrimitiveN": "2147483648",
            "LongPrimitive@odata.type": "Edm.Int64",
            "LongPrimitive": "2147483648",
            "Int64N@odata.type": "Edm.Int64",
            "Int64N": "123456789012",
            "Int64@odata.type": "Edm.Int64",
            "Int64": "2147483648",
            "String": "0001"
          },
          {
            "odata.etag": "W/\"datetime'2024-04-22T17%3A18%3A05.7903613Z'\"",
            "PartitionKey": "somPartition",
            "RowKey": "0002",
            "Timestamp": "2024-04-22T17:18:05.7903613Z",
            "DateTimeOffsetN@odata.type": "Edm.DateTime",
            "DateTimeOffsetN": "2020-01-01T01:03:00Z",
            "DateTimeOffset@odata.type": "Edm.DateTime",
            "DateTimeOffset": "2020-01-01T01:03:00Z",
            "DateTimeN@odata.type": "Edm.DateTime",
            "DateTimeN": "2020-01-01T01:03:00Z",
            "DateTime@odata.type": "Edm.DateTime",
            "DateTime": "2020-01-01T01:03:00Z",
            "DateTimeAsString": "2020-01-01T01:03:00.0000000Z",
            "BoolN": false,
            "Bool": true,
            "BoolPrimitiveN": false,
            "BoolPrimitive": true,
            "Binary@odata.type": "Edm.Binary",
            "Binary": "AQL/Ag==",
            "BinaryPrimitive@odata.type": "Edm.Binary",
            "BinaryPrimitive": "AQL/Ag==",
            "DoublePrimitiveN": 2.5,
            "DoublePrimitive": 2.5,
            "DoubleN": 2.5,
            "Double": 2.5,
            "DoubleInteger": 2.0,
            "SomeNewName": "0002",
            "DataMemberImplictNameProperty": "0002",
            "GuidN@odata.type": "Edm.Guid",
            "GuidN": "0d391d16-97f1-4b9a-be68-4cc871f90002",
            "Guid@odata.type": "Edm.Guid",
            "Guid": "0d391d16-97f1-4b9a-be68-4cc871f90002",
            "IntegerPrimitiveN": 2,
            "IntegerPrimitive": 2,
            "Int32N": 2,
            "Int32": 2,
            "LongPrimitiveN@odata.type": "Edm.Int64",
            "LongPrimitiveN": "2147483649",
            "LongPrimitive@odata.type": "Edm.Int64",
            "LongPrimitive": "2147483649",
            "Int64N@odata.type": "Edm.Int64",
            "Int64N": "123456789012",
            "Int64@odata.type": "Edm.Int64",
            "Int64": "2147483649",
            "String": "0002"
          }
        ]
      }
    },
    {
      "RequestUri": "https://t729561e092ecf3cbprim.table.core.windows.net/testtablem41h8kbq()?$format=application%2Fjson%3Bodata%3Dminimalmetadata&$filter=Bool%20eq%20false",
      "RequestMethod": "GET",
      "RequestHeaders": {
        "Accept": "application/json;odata=minimalmetadata",
        "Authorization": "Sanitized",
        "DataServiceVersion": "3.0",
        "traceparent": "00-4df21acc78004b40704684ce02b7991f-fb8669bc26e341cd-00",
        "User-Agent": "azsdk-net-Data.Tables/12.9.0-alpha.20240422.1 (.NET 7.0.18; Microsoft Windows 10.0.22631)",
        "x-ms-client-request-id": "93ece1a2d56c856af5d8442bd0cf1ba1",
        "x-ms-date": "Mon, 22 Apr 2024 17:18:07 GMT",
        "x-ms-return-client-request-id": "true",
        "x-ms-version": "2020-12-06"
      },
      "RequestBody": null,
      "StatusCode": 200,
      "ResponseHeaders": {
        "Cache-Control": "no-cache",
        "Content-Type": "application/json; odata=minimalmetadata; streaming=true; charset=utf-8",
        "Date": "Mon, 22 Apr 2024 17:18:06 GMT",
        "Server": [
          "Windows-Azure-Table/1.0",
          "Microsoft-HTTPAPI/2.0"
        ],
        "Transfer-Encoding": "chunked",
        "X-Content-Type-Options": "nosniff",
        "x-ms-client-request-id": "93ece1a2d56c856af5d8442bd0cf1ba1",
        "x-ms-request-id": "894335c3-c002-005e-27d9-947490000000",
        "x-ms-version": "2020-12-06"
      },
      "ResponseBody": {
        "odata.metadata": "https://t729561e092ecf3cbprim.table.core.windows.net/$metadata#testtablem41h8kbq",
        "value": [
          {
            "odata.etag": "W/\"datetime'2024-04-22T17%3A18%3A05.7425707Z'\"",
            "PartitionKey": "somPartition",
            "RowKey": "0001",
            "Timestamp": "2024-04-22T17:18:05.7425707Z",
            "DateTimeOffsetN@odata.type": "Edm.DateTime",
            "DateTimeOffsetN": "2020-01-01T01:02:00Z",
            "DateTimeOffset@odata.type": "Edm.DateTime",
            "DateTimeOffset": "2020-01-01T01:02:00Z",
            "DateTimeN@odata.type": "Edm.DateTime",
            "DateTimeN": "2020-01-01T01:02:00Z",
            "DateTime@odata.type": "Edm.DateTime",
            "DateTime": "2020-01-01T01:02:00Z",
            "DateTimeAsString": "2020-01-01T01:02:00.0000000Z",
            "BoolN": false,
            "Bool": false,
            "BoolPrimitiveN": false,
            "BoolPrimitive": false,
            "Binary@odata.type": "Edm.Binary",
            "Binary": "AQL/AQ==",
            "BinaryPrimitive@odata.type": "Edm.Binary",
            "BinaryPrimitive": "AQL/AQ==",
            "DoublePrimitiveN": 1.5,
            "DoublePrimitive": 1.5,
            "DoubleN": 1.5,
            "Double": 1.5,
            "DoubleInteger": 1.0,
            "SomeNewName": "0001",
            "DataMemberImplictNameProperty": "0001",
            "GuidN@odata.type": "Edm.Guid",
            "GuidN": "0d391d16-97f1-4b9a-be68-4cc871f90001",
            "Guid@odata.type": "Edm.Guid",
            "Guid": "0d391d16-97f1-4b9a-be68-4cc871f90001",
            "IntegerPrimitiveN": 1,
            "IntegerPrimitive": 1,
            "Int32N": 1,
            "Int32": 1,
            "LongPrimitiveN@odata.type": "Edm.Int64",
            "LongPrimitiveN": "2147483648",
            "LongPrimitive@odata.type": "Edm.Int64",
            "LongPrimitive": "2147483648",
            "Int64N@odata.type": "Edm.Int64",
            "Int64N": "123456789012",
            "Int64@odata.type": "Edm.Int64",
            "Int64": "2147483648",
            "String": "0001"
          },
          {
            "odata.etag": "W/\"datetime'2024-04-22T17%3A18%3A05.8381512Z'\"",
            "PartitionKey": "somPartition",
            "RowKey": "0003",
            "Timestamp": "2024-04-22T17:18:05.8381512Z",
            "DateTimeOffsetN@odata.type": "Edm.DateTime",
            "DateTimeOffsetN": "2020-01-01T01:04:00Z",
            "DateTimeOffset@odata.type": "Edm.DateTime",
            "DateTimeOffset": "2020-01-01T01:04:00Z",
            "DateTimeN@odata.type": "Edm.DateTime",
            "DateTimeN": "2020-01-01T01:04:00Z",
            "DateTime@odata.type": "Edm.DateTime",
            "DateTime": "2020-01-01T01:04:00Z",
            "DateTimeAsString": "2020-01-01T01:04:00.0000000Z",
            "BoolN": false,
            "Bool": false,
            "BoolPrimitiveN": false,
            "BoolPrimitive": false,
            "Binary@odata.type": "Edm.Binary",
            "Binary": "AQL/Aw==",
            "BinaryPrimitive@odata.type": "Edm.Binary",
            "BinaryPrimitive": "AQL/Aw==",
            "DoublePrimitiveN": 3.5,
            "DoublePrimitive": 3.5,
            "DoubleN": 3.5,
            "Double": 3.5,
            "DoubleInteger": 3.0,
            "SomeNewName": "0003",
            "DataMemberImplictNameProperty": "0003",
            "GuidN@odata.type": "Edm.Guid",
            "GuidN": "0d391d16-97f1-4b9a-be68-4cc871f90003",
            "Guid@odata.type": "Edm.Guid",
            "Guid": "0d391d16-97f1-4b9a-be68-4cc871f90003",
            "IntegerPrimitiveN": 3,
            "IntegerPrimitive": 3,
            "Int32N": 3,
            "Int32": 3,
            "LongPrimitiveN@odata.type": "Edm.Int64",
            "LongPrimitiveN": "2147483650",
            "LongPrimitive@odata.type": "Edm.Int64",
            "LongPrimitive": "2147483650",
            "Int64N@odata.type": "Edm.Int64",
            "Int64N": "123456789012",
            "Int64@odata.type": "Edm.Int64",
            "Int64": "2147483650",
            "String": "0003"
          }
        ]
      }
    },
    {
      "RequestUri": "https://t729561e092ecf3cbprim.table.core.windows.net/testtablem41h8kbq()?$format=application%2Fjson%3Bodata%3Dminimalmetadata&$filter=BoolPrimitive%20eq%20false",
      "RequestMethod": "GET",
      "RequestHeaders": {
        "Accept": "application/json;odata=minimalmetadata",
        "Authorization": "Sanitized",
        "DataServiceVersion": "3.0",
        "traceparent": "00-50472cd787df2901abc74af65c5ba65e-2700cff111d9261d-00",
        "User-Agent": "azsdk-net-Data.Tables/12.9.0-alpha.20240422.1 (.NET 7.0.18; Microsoft Windows 10.0.22631)",
        "x-ms-client-request-id": "46c23abe8b954fcd1dee7d4e8f8c39bc",
        "x-ms-date": "Mon, 22 Apr 2024 17:18:07 GMT",
        "x-ms-return-client-request-id": "true",
        "x-ms-version": "2020-12-06"
      },
      "RequestBody": null,
      "StatusCode": 200,
      "ResponseHeaders": {
        "Cache-Control": "no-cache",
        "Content-Type": "application/json; odata=minimalmetadata; streaming=true; charset=utf-8",
        "Date": "Mon, 22 Apr 2024 17:18:06 GMT",
        "Server": [
          "Windows-Azure-Table/1.0",
          "Microsoft-HTTPAPI/2.0"
        ],
        "Transfer-Encoding": "chunked",
        "X-Content-Type-Options": "nosniff",
        "x-ms-client-request-id": "46c23abe8b954fcd1dee7d4e8f8c39bc",
        "x-ms-request-id": "894335e1-c002-005e-44d9-947490000000",
        "x-ms-version": "2020-12-06"
      },
      "ResponseBody": {
        "odata.metadata": "https://t729561e092ecf3cbprim.table.core.windows.net/$metadata#testtablem41h8kbq",
        "value": [
          {
            "odata.etag": "W/\"datetime'2024-04-22T17%3A18%3A05.7425707Z'\"",
            "PartitionKey": "somPartition",
            "RowKey": "0001",
            "Timestamp": "2024-04-22T17:18:05.7425707Z",
            "DateTimeOffsetN@odata.type": "Edm.DateTime",
            "DateTimeOffsetN": "2020-01-01T01:02:00Z",
            "DateTimeOffset@odata.type": "Edm.DateTime",
            "DateTimeOffset": "2020-01-01T01:02:00Z",
            "DateTimeN@odata.type": "Edm.DateTime",
            "DateTimeN": "2020-01-01T01:02:00Z",
            "DateTime@odata.type": "Edm.DateTime",
            "DateTime": "2020-01-01T01:02:00Z",
            "DateTimeAsString": "2020-01-01T01:02:00.0000000Z",
            "BoolN": false,
            "Bool": false,
            "BoolPrimitiveN": false,
            "BoolPrimitive": false,
            "Binary@odata.type": "Edm.Binary",
            "Binary": "AQL/AQ==",
            "BinaryPrimitive@odata.type": "Edm.Binary",
            "BinaryPrimitive": "AQL/AQ==",
            "DoublePrimitiveN": 1.5,
            "DoublePrimitive": 1.5,
            "DoubleN": 1.5,
            "Double": 1.5,
            "DoubleInteger": 1.0,
            "SomeNewName": "0001",
            "DataMemberImplictNameProperty": "0001",
            "GuidN@odata.type": "Edm.Guid",
            "GuidN": "0d391d16-97f1-4b9a-be68-4cc871f90001",
            "Guid@odata.type": "Edm.Guid",
            "Guid": "0d391d16-97f1-4b9a-be68-4cc871f90001",
            "IntegerPrimitiveN": 1,
            "IntegerPrimitive": 1,
            "Int32N": 1,
            "Int32": 1,
            "LongPrimitiveN@odata.type": "Edm.Int64",
            "LongPrimitiveN": "2147483648",
            "LongPrimitive@odata.type": "Edm.Int64",
            "LongPrimitive": "2147483648",
            "Int64N@odata.type": "Edm.Int64",
            "Int64N": "123456789012",
            "Int64@odata.type": "Edm.Int64",
            "Int64": "2147483648",
            "String": "0001"
          },
          {
            "odata.etag": "W/\"datetime'2024-04-22T17%3A18%3A05.8381512Z'\"",
            "PartitionKey": "somPartition",
            "RowKey": "0003",
            "Timestamp": "2024-04-22T17:18:05.8381512Z",
            "DateTimeOffsetN@odata.type": "Edm.DateTime",
            "DateTimeOffsetN": "2020-01-01T01:04:00Z",
            "DateTimeOffset@odata.type": "Edm.DateTime",
            "DateTimeOffset": "2020-01-01T01:04:00Z",
            "DateTimeN@odata.type": "Edm.DateTime",
            "DateTimeN": "2020-01-01T01:04:00Z",
            "DateTime@odata.type": "Edm.DateTime",
            "DateTime": "2020-01-01T01:04:00Z",
            "DateTimeAsString": "2020-01-01T01:04:00.0000000Z",
            "BoolN": false,
            "Bool": false,
            "BoolPrimitiveN": false,
            "BoolPrimitive": false,
            "Binary@odata.type": "Edm.Binary",
            "Binary": "AQL/Aw==",
            "BinaryPrimitive@odata.type": "Edm.Binary",
            "BinaryPrimitive": "AQL/Aw==",
            "DoublePrimitiveN": 3.5,
            "DoublePrimitive": 3.5,
            "DoubleN": 3.5,
            "Double": 3.5,
            "DoubleInteger": 3.0,
            "SomeNewName": "0003",
            "DataMemberImplictNameProperty": "0003",
            "GuidN@odata.type": "Edm.Guid",
            "GuidN": "0d391d16-97f1-4b9a-be68-4cc871f90003",
            "Guid@odata.type": "Edm.Guid",
            "Guid": "0d391d16-97f1-4b9a-be68-4cc871f90003",
            "IntegerPrimitiveN": 3,
            "IntegerPrimitive": 3,
            "Int32N": 3,
            "Int32": 3,
            "LongPrimitiveN@odata.type": "Edm.Int64",
            "LongPrimitiveN": "2147483650",
            "LongPrimitive@odata.type": "Edm.Int64",
            "LongPrimitive": "2147483650",
            "Int64N@odata.type": "Edm.Int64",
            "Int64N": "123456789012",
            "Int64@odata.type": "Edm.Int64",
            "Int64": "2147483650",
            "String": "0003"
          }
        ]
      }
    },
    {
      "RequestUri": "https://t729561e092ecf3cbprim.table.core.windows.net/testtablem41h8kbq()?$format=application%2Fjson%3Bodata%3Dminimalmetadata&$filter=Binary%20eq%20X%270102FF03%27",
      "RequestMethod": "GET",
      "RequestHeaders": {
        "Accept": "application/json;odata=minimalmetadata",
        "Authorization": "Sanitized",
        "DataServiceVersion": "3.0",
        "traceparent": "00-854a15e52211a8202e44824639a9fe0b-cb5efcb2d9d8dabc-00",
        "User-Agent": "azsdk-net-Data.Tables/12.9.0-alpha.20240422.1 (.NET 7.0.18; Microsoft Windows 10.0.22631)",
        "x-ms-client-request-id": "4939adcf65b2b0b18883d7327f69d65e",
        "x-ms-date": "Mon, 22 Apr 2024 17:18:07 GMT",
        "x-ms-return-client-request-id": "true",
        "x-ms-version": "2020-12-06"
      },
      "RequestBody": null,
      "StatusCode": 200,
      "ResponseHeaders": {
        "Cache-Control": "no-cache",
        "Content-Type": "application/json; odata=minimalmetadata; streaming=true; charset=utf-8",
        "Date": "Mon, 22 Apr 2024 17:18:06 GMT",
        "Server": [
          "Windows-Azure-Table/1.0",
          "Microsoft-HTTPAPI/2.0"
        ],
        "Transfer-Encoding": "chunked",
        "X-Content-Type-Options": "nosniff",
        "x-ms-client-request-id": "4939adcf65b2b0b18883d7327f69d65e",
        "x-ms-request-id": "894335fa-c002-005e-5cd9-947490000000",
        "x-ms-version": "2020-12-06"
      },
      "ResponseBody": {
        "odata.metadata": "https://t729561e092ecf3cbprim.table.core.windows.net/$metadata#testtablem41h8kbq",
        "value": [
          {
            "odata.etag": "W/\"datetime'2024-04-22T17%3A18%3A05.8381512Z'\"",
            "PartitionKey": "somPartition",
            "RowKey": "0003",
            "Timestamp": "2024-04-22T17:18:05.8381512Z",
            "DateTimeOffsetN@odata.type": "Edm.DateTime",
            "DateTimeOffsetN": "2020-01-01T01:04:00Z",
            "DateTimeOffset@odata.type": "Edm.DateTime",
            "DateTimeOffset": "2020-01-01T01:04:00Z",
            "DateTimeN@odata.type": "Edm.DateTime",
            "DateTimeN": "2020-01-01T01:04:00Z",
            "DateTime@odata.type": "Edm.DateTime",
            "DateTime": "2020-01-01T01:04:00Z",
            "DateTimeAsString": "2020-01-01T01:04:00.0000000Z",
            "BoolN": false,
            "Bool": false,
            "BoolPrimitiveN": false,
            "BoolPrimitive": false,
            "Binary@odata.type": "Edm.Binary",
            "Binary": "AQL/Aw==",
            "BinaryPrimitive@odata.type": "Edm.Binary",
            "BinaryPrimitive": "AQL/Aw==",
            "DoublePrimitiveN": 3.5,
            "DoublePrimitive": 3.5,
            "DoubleN": 3.5,
            "Double": 3.5,
            "DoubleInteger": 3.0,
            "SomeNewName": "0003",
            "DataMemberImplictNameProperty": "0003",
            "GuidN@odata.type": "Edm.Guid",
            "GuidN": "0d391d16-97f1-4b9a-be68-4cc871f90003",
            "Guid@odata.type": "Edm.Guid",
            "Guid": "0d391d16-97f1-4b9a-be68-4cc871f90003",
            "IntegerPrimitiveN": 3,
            "IntegerPrimitive": 3,
            "Int32N": 3,
            "Int32": 3,
            "LongPrimitiveN@odata.type": "Edm.Int64",
            "LongPrimitiveN": "2147483650",
            "LongPrimitive@odata.type": "Edm.Int64",
            "LongPrimitive": "2147483650",
            "Int64N@odata.type": "Edm.Int64",
            "Int64N": "123456789012",
            "Int64@odata.type": "Edm.Int64",
            "Int64": "2147483650",
            "String": "0003"
          }
        ]
      }
    },
    {
      "RequestUri": "https://t729561e092ecf3cbprim.table.core.windows.net/testtablem41h8kbq()?$format=application%2Fjson%3Bodata%3Dminimalmetadata&$filter=BinaryPrimitive%20eq%20X%270102FF03%27",
      "RequestMethod": "GET",
      "RequestHeaders": {
        "Accept": "application/json;odata=minimalmetadata",
        "Authorization": "Sanitized",
        "DataServiceVersion": "3.0",
        "traceparent": "00-cfff4e4e4b877fd2d66e2d488564c099-170137215afc155a-00",
        "User-Agent": "azsdk-net-Data.Tables/12.9.0-alpha.20240422.1 (.NET 7.0.18; Microsoft Windows 10.0.22631)",
        "x-ms-client-request-id": "f5204e79cada16b5149d767d581bf668",
        "x-ms-date": "Mon, 22 Apr 2024 17:18:07 GMT",
        "x-ms-return-client-request-id": "true",
        "x-ms-version": "2020-12-06"
      },
      "RequestBody": null,
      "StatusCode": 200,
      "ResponseHeaders": {
        "Cache-Control": "no-cache",
        "Content-Type": "application/json; odata=minimalmetadata; streaming=true; charset=utf-8",
        "Date": "Mon, 22 Apr 2024 17:18:06 GMT",
        "Server": [
          "Windows-Azure-Table/1.0",
          "Microsoft-HTTPAPI/2.0"
        ],
        "Transfer-Encoding": "chunked",
        "X-Content-Type-Options": "nosniff",
        "x-ms-client-request-id": "f5204e79cada16b5149d767d581bf668",
        "x-ms-request-id": "8943360e-c002-005e-6ed9-947490000000",
        "x-ms-version": "2020-12-06"
      },
      "ResponseBody": {
        "odata.metadata": "https://t729561e092ecf3cbprim.table.core.windows.net/$metadata#testtablem41h8kbq",
        "value": [
          {
            "odata.etag": "W/\"datetime'2024-04-22T17%3A18%3A05.8381512Z'\"",
            "PartitionKey": "somPartition",
            "RowKey": "0003",
            "Timestamp": "2024-04-22T17:18:05.8381512Z",
            "DateTimeOffsetN@odata.type": "Edm.DateTime",
            "DateTimeOffsetN": "2020-01-01T01:04:00Z",
            "DateTimeOffset@odata.type": "Edm.DateTime",
            "DateTimeOffset": "2020-01-01T01:04:00Z",
            "DateTimeN@odata.type": "Edm.DateTime",
            "DateTimeN": "2020-01-01T01:04:00Z",
            "DateTime@odata.type": "Edm.DateTime",
            "DateTime": "2020-01-01T01:04:00Z",
            "DateTimeAsString": "2020-01-01T01:04:00.0000000Z",
            "BoolN": false,
            "Bool": false,
            "BoolPrimitiveN": false,
            "BoolPrimitive": false,
            "Binary@odata.type": "Edm.Binary",
            "Binary": "AQL/Aw==",
            "BinaryPrimitive@odata.type": "Edm.Binary",
            "BinaryPrimitive": "AQL/Aw==",
            "DoublePrimitiveN": 3.5,
            "DoublePrimitive": 3.5,
            "DoubleN": 3.5,
            "Double": 3.5,
            "DoubleInteger": 3.0,
            "SomeNewName": "0003",
            "DataMemberImplictNameProperty": "0003",
            "GuidN@odata.type": "Edm.Guid",
            "GuidN": "0d391d16-97f1-4b9a-be68-4cc871f90003",
            "Guid@odata.type": "Edm.Guid",
            "Guid": "0d391d16-97f1-4b9a-be68-4cc871f90003",
            "IntegerPrimitiveN": 3,
            "IntegerPrimitive": 3,
            "Int32N": 3,
            "Int32": 3,
            "LongPrimitiveN@odata.type": "Edm.Int64",
            "LongPrimitiveN": "2147483650",
            "LongPrimitive@odata.type": "Edm.Int64",
            "LongPrimitive": "2147483650",
            "Int64N@odata.type": "Edm.Int64",
            "Int64N": "123456789012",
            "Int64@odata.type": "Edm.Int64",
            "Int64": "2147483650",
            "String": "0003"
          }
        ]
      }
    },
    {
      "RequestUri": "https://t729561e092ecf3cbprim.table.core.windows.net/testtablem41h8kbq()?$format=application%2Fjson%3Bodata%3Dminimalmetadata&$filter=%28%28%28%28%28%28%28PartitionKey%20eq%20%27somPartition%27%29%20and%20%28String%20ge%20%270003%27%29%29%20and%20%28Int64%20ge%202147483650L%29%29%20and%20%28LongPrimitive%20ge%202147483650L%29%29%20and%20%28LongPrimitiveN%20ge%202147483650L%29%29%20and%20%28Int32%20ge%203%29%29%20and%20%28Int32N%20ge%203%29%29%20and%20%28DateTimeOffset%20ge%20datetime%272020-01-01T01%3A04%3A00Z%27%29",
      "RequestMethod": "GET",
      "RequestHeaders": {
        "Accept": "application/json;odata=minimalmetadata",
        "Authorization": "Sanitized",
        "DataServiceVersion": "3.0",
        "traceparent": "00-d6a95f582836e417c252ca9640f9e75b-a3372fb1b8b9035c-00",
        "User-Agent": "azsdk-net-Data.Tables/12.9.0-alpha.20240422.1 (.NET 7.0.18; Microsoft Windows 10.0.22631)",
        "x-ms-client-request-id": "235c889ed19659ef8811bd12b49ad0b3",
        "x-ms-date": "Mon, 22 Apr 2024 17:18:07 GMT",
        "x-ms-return-client-request-id": "true",
        "x-ms-version": "2020-12-06"
      },
      "RequestBody": null,
      "StatusCode": 200,
      "ResponseHeaders": {
        "Cache-Control": "no-cache",
        "Content-Type": "application/json; odata=minimalmetadata; streaming=true; charset=utf-8",
        "Date": "Mon, 22 Apr 2024 17:18:06 GMT",
        "Server": [
          "Windows-Azure-Table/1.0",
          "Microsoft-HTTPAPI/2.0"
        ],
        "Transfer-Encoding": "chunked",
        "X-Content-Type-Options": "nosniff",
        "x-ms-client-request-id": "235c889ed19659ef8811bd12b49ad0b3",
        "x-ms-request-id": "89433619-c002-005e-79d9-947490000000",
        "x-ms-version": "2020-12-06"
      },
      "ResponseBody": {
        "odata.metadata": "https://t729561e092ecf3cbprim.table.core.windows.net/$metadata#testtablem41h8kbq",
        "value": [
          {
            "odata.etag": "W/\"datetime'2024-04-22T17%3A18%3A05.8381512Z'\"",
            "PartitionKey": "somPartition",
            "RowKey": "0003",
            "Timestamp": "2024-04-22T17:18:05.8381512Z",
            "DateTimeOffsetN@odata.type": "Edm.DateTime",
            "DateTimeOffsetN": "2020-01-01T01:04:00Z",
            "DateTimeOffset@odata.type": "Edm.DateTime",
            "DateTimeOffset": "2020-01-01T01:04:00Z",
            "DateTimeN@odata.type": "Edm.DateTime",
            "DateTimeN": "2020-01-01T01:04:00Z",
            "DateTime@odata.type": "Edm.DateTime",
            "DateTime": "2020-01-01T01:04:00Z",
            "DateTimeAsString": "2020-01-01T01:04:00.0000000Z",
            "BoolN": false,
            "Bool": false,
            "BoolPrimitiveN": false,
            "BoolPrimitive": false,
            "Binary@odata.type": "Edm.Binary",
            "Binary": "AQL/Aw==",
            "BinaryPrimitive@odata.type": "Edm.Binary",
            "BinaryPrimitive": "AQL/Aw==",
            "DoublePrimitiveN": 3.5,
            "DoublePrimitive": 3.5,
            "DoubleN": 3.5,
            "Double": 3.5,
            "DoubleInteger": 3.0,
            "SomeNewName": "0003",
            "DataMemberImplictNameProperty": "0003",
            "GuidN@odata.type": "Edm.Guid",
            "GuidN": "0d391d16-97f1-4b9a-be68-4cc871f90003",
            "Guid@odata.type": "Edm.Guid",
            "Guid": "0d391d16-97f1-4b9a-be68-4cc871f90003",
            "IntegerPrimitiveN": 3,
            "IntegerPrimitive": 3,
            "Int32N": 3,
            "Int32": 3,
            "LongPrimitiveN@odata.type": "Edm.Int64",
            "LongPrimitiveN": "2147483650",
            "LongPrimitive@odata.type": "Edm.Int64",
            "LongPrimitive": "2147483650",
            "Int64N@odata.type": "Edm.Int64",
            "Int64N": "123456789012",
            "Int64@odata.type": "Edm.Int64",
            "Int64": "2147483650",
            "String": "0003"
          },
          {
            "odata.etag": "W/\"datetime'2024-04-22T17%3A18%3A05.8829553Z'\"",
            "PartitionKey": "somPartition",
            "RowKey": "0004",
            "Timestamp": "2024-04-22T17:18:05.8829553Z",
            "DateTimeOffsetN@odata.type": "Edm.DateTime",
            "DateTimeOffsetN": "2020-01-01T01:05:00Z",
            "DateTimeOffset@odata.type": "Edm.DateTime",
            "DateTimeOffset": "2020-01-01T01:05:00Z",
            "DateTimeN@odata.type": "Edm.DateTime",
            "DateTimeN": "2020-01-01T01:05:00Z",
            "DateTime@odata.type": "Edm.DateTime",
            "DateTime": "2020-01-01T01:05:00Z",
            "DateTimeAsString": "2020-01-01T01:05:00.0000000Z",
            "BoolN": false,
            "Bool": true,
            "BoolPrimitiveN": false,
            "BoolPrimitive": true,
            "Binary@odata.type": "Edm.Binary",
            "Binary": "AQL/BA==",
            "BinaryPrimitive@odata.type": "Edm.Binary",
            "BinaryPrimitive": "AQL/BA==",
            "DoublePrimitiveN": 4.5,
            "DoublePrimitive": 4.5,
            "DoubleN": 4.5,
            "Double": 4.5,
            "DoubleInteger": 4.0,
            "SomeNewName": "0004",
            "DataMemberImplictNameProperty": "0004",
            "GuidN@odata.type": "Edm.Guid",
            "GuidN": "0d391d16-97f1-4b9a-be68-4cc871f90004",
            "Guid@odata.type": "Edm.Guid",
            "Guid": "0d391d16-97f1-4b9a-be68-4cc871f90004",
            "IntegerPrimitiveN": 4,
            "IntegerPrimitive": 4,
            "Int32N": 4,
            "Int32": 4,
            "LongPrimitiveN@odata.type": "Edm.Int64",
            "LongPrimitiveN": "2147483651",
            "LongPrimitive@odata.type": "Edm.Int64",
            "LongPrimitive": "2147483651",
            "Int64N@odata.type": "Edm.Int64",
            "Int64N": "123456789012",
            "Int64@odata.type": "Edm.Int64",
            "Int64": "2147483651",
            "String": "0004"
          }
        ]
      }
    },
    {
      "RequestUri": "https://t729561e092ecf3cbprim.table.core.windows.net/Tables('testtablem41h8kbq')",
      "RequestMethod": "DELETE",
      "RequestHeaders": {
        "Accept": "application/json",
        "Authorization": "Sanitized",
        "traceparent": "00-a77067801b1a469feae47899487dc663-20c8d1957456ade4-00",
        "User-Agent": "azsdk-net-Data.Tables/12.9.0-alpha.20240422.1 (.NET 7.0.18; Microsoft Windows 10.0.22631)",
        "x-ms-client-request-id": "41d51e18446c04e2f7233415ee34576c",
        "x-ms-date": "Mon, 22 Apr 2024 17:18:07 GMT",
        "x-ms-return-client-request-id": "true",
        "x-ms-version": "2020-12-06"
      },
      "RequestBody": null,
      "StatusCode": 204,
      "ResponseHeaders": {
        "Cache-Control": "no-cache",
        "Content-Length": "0",
        "Date": "Mon, 22 Apr 2024 17:18:06 GMT",
        "Server": [
          "Windows-Azure-Table/1.0",
          "Microsoft-HTTPAPI/2.0"
        ],
        "X-Content-Type-Options": "nosniff",
        "x-ms-client-request-id": "41d51e18446c04e2f7233415ee34576c",
        "x-ms-request-id": "89433633-c002-005e-0fd9-947490000000",
        "x-ms-version": "2020-12-06"
      },
      "ResponseBody": null
    }
  ],
  "Variables": {
    "RandomSeed": "1626663168",
    "STORAGE_ENDPOINT_SUFFIX": "core.windows.net",
    "TABLES_PRIMARY_STORAGE_ACCOUNT_KEY": "Kg==",
    "TABLES_STORAGE_ACCOUNT_NAME": "t729561e092ecf3cbprim"
  }
}
