{
  "Entries": [
    {
      "RequestUri": "https://Sanitized.api.wcus.digitaltwins.azure.net/models/dtmi%3Asamples%3ADTTestBuilding%3B1?api-version=2023-10-31",
      "RequestMethod": "DELETE",
      "RequestHeaders": {
        "Accept": "application/json",
        "Accept-Encoding": "gzip, deflate, br, zstd",
        "Authorization": "Sanitized",
        "Connection": "keep-alive",
        "Referer": "http://localhost:63315/",
        "sec-ch-ua": "\"Chromium\";v=\"136\", \"HeadlessChrome\";v=\"136\", \"Not.A/Brand\";v=\"99\"",
        "sec-ch-ua-mobile": "?0",
        "sec-ch-ua-platform": "\"Windows\"",
        "Sec-Fetch-Dest": "empty",
        "Sec-Fetch-Mode": "cors",
        "Sec-Fetch-Site": "same-site",
        "User-Agent": "Mozilla/5.0 (Windows NT 10.0; Win64; x64) AppleWebKit/537.36 (KHTML, like Gecko) HeadlessChrome/136.0.7103.25 Safari/537.36",
        "x-ms-client-request-id": "Sanitized",
        "x-ms-useragent": "azsdk-js-digital-twins-core/2.0.0 core-rest-pipeline/1.20.1 Chromium/136 OS/x86-Windows-19.0.0"
      },
      "RequestBody": null,
      "StatusCode": 404,
      "ResponseHeaders": {
        "Content-Length": "214",
        "Content-Type": "application/json; charset=utf-8",
        "Date": "Tue, 20 May 2025 16:07:08 GMT",
        "mise-correlation-id": "5f1bff8f-9481-4e9d-b6f9-fcd55c60e5c7",
        "Strict-Transport-Security": "max-age=2592000",
        "traceresponse": "00-b85bb992458b85612ec0dde459ed3db0-9d7f5f60fe8f6a8d-01",
        "x-ms-error-code": "ModelNotFound"
      },
      "ResponseBody": {
        "error": {
          "code": "ModelNotFound",
          "message": "There is no Model(s) available that matches the provided id(s) dtmi:samples:DTTestBuilding;1. Check that the Model ID provided is valid by doing a Model_List API call."
        }
      }
    },
    {
      "RequestUri": "https://Sanitized.api.wcus.digitaltwins.azure.net/models?api-version=2023-10-31",
      "RequestMethod": "POST",
      "RequestHeaders": {
        "Accept": "application/json",
        "Accept-Encoding": "gzip, deflate, br, zstd",
        "Authorization": "Sanitized",
        "Connection": "keep-alive",
        "Content-Length": "248",
        "Content-Type": "application/json",
        "Referer": "http://localhost:63315/",
        "sec-ch-ua": "\"Chromium\";v=\"136\", \"HeadlessChrome\";v=\"136\", \"Not.A/Brand\";v=\"99\"",
        "sec-ch-ua-mobile": "?0",
        "sec-ch-ua-platform": "\"Windows\"",
        "Sec-Fetch-Dest": "empty",
        "Sec-Fetch-Mode": "cors",
        "Sec-Fetch-Site": "same-site",
        "User-Agent": "Mozilla/5.0 (Windows NT 10.0; Win64; x64) AppleWebKit/537.36 (KHTML, like Gecko) HeadlessChrome/136.0.7103.25 Safari/537.36",
        "x-ms-client-request-id": "Sanitized",
        "x-ms-useragent": "azsdk-js-digital-twins-core/2.0.0 core-rest-pipeline/1.20.1 Chromium/136 OS/x86-Windows-19.0.0"
      },
      "RequestBody": "[{\"@id\":\"dtmi:samples:DTTestBuilding;1\",\"@type\":\"Interface\",\"@context\":\"dtmi:dtdl:context;2\",\"displayName\":\"Building\",\"contents\":[{\"@type\":\"Property\",\"name\":\"Sanitized\",\"schema\":\"double\"},{\"@type\":\"Property\",\"name\":\"Sanitized\",\"schema\":\"string\"}]}]",
      "StatusCode": 201,
      "ResponseHeaders": {
        "Content-Length": "161",
        "Content-Type": "application/json; charset=utf-8",
        "Date": "Tue, 20 May 2025 16:07:08 GMT",
        "mise-correlation-id": "0f475cc8-6d34-4597-8588-f35d02304b74",
        "Strict-Transport-Security": "max-age=2592000",
        "traceresponse": "00-f9cf5b8fe3fff2a6e68591bae6fecea5-e31aded28afe779c-01"
      },
      "ResponseBody": "[{\"id\":\"dtmi:samples:DTTestBuilding;1\",\"description\":{},\"displayName\":{\"en\":\"Building\"},\"decommissioned\":false,\"uploadTime\":\"2025-05-20T16:07:08.7884609+00:00\"}]"
    },
    {
      "RequestUri": "https://Sanitized.api.wcus.digitaltwins.azure.net/query?api-version=2023-10-31",
      "RequestMethod": "POST",
      "RequestHeaders": {
        "Accept": "application/json",
        "Accept-Encoding": "gzip, deflate, br, zstd",
        "Authorization": "Sanitized",
        "Connection": "keep-alive",
        "Content-Length": "38",
        "Content-Type": "application/json",
        "Referer": "http://localhost:63315/",
        "sec-ch-ua": "\"Chromium\";v=\"136\", \"HeadlessChrome\";v=\"136\", \"Not.A/Brand\";v=\"99\"",
        "sec-ch-ua-mobile": "?0",
        "sec-ch-ua-platform": "\"Windows\"",
        "Sec-Fetch-Dest": "empty",
        "Sec-Fetch-Mode": "cors",
        "Sec-Fetch-Site": "same-site",
        "User-Agent": "Mozilla/5.0 (Windows NT 10.0; Win64; x64) AppleWebKit/537.36 (KHTML, like Gecko) HeadlessChrome/136.0.7103.25 Safari/537.36",
        "x-ms-client-request-id": "Sanitized",
        "x-ms-useragent": "azsdk-js-digital-twins-core/2.0.0 core-rest-pipeline/1.20.1 Chromium/136 OS/x86-Windows-19.0.0"
      },
      "RequestBody": {
        "query": "SELECT * FROM digitaltwins"
      },
      "StatusCode": 200,
      "ResponseHeaders": {
        "Content-Type": "application/json; charset=utf-8",
        "Date": "Tue, 20 May 2025 16:07:08 GMT",
        "mise-correlation-id": "8a48ee80-9b25-4c3e-8088-ddee239dbc49",
        "query-charge": "2.8",
        "Strict-Transport-Security": "max-age=2592000",
        "traceresponse": "00-ee2a732cacd7ecf04f21d039da2ab3bb-f92b19a484a9ffa6-01",
        "Transfer-Encoding": "chunked"
      },
      "ResponseBody": {
        "value": [],
        "continuationToken": null
      }
    },
    {
      "RequestUri": "https://Sanitized.api.wcus.digitaltwins.azure.net/query?api-version=2023-10-31",
      "RequestMethod": "POST",
      "RequestHeaders": {
        "Accept": "application/json",
        "Accept-Encoding": "gzip, deflate, br, zstd",
        "Authorization": "Sanitized",
        "Connection": "keep-alive",
        "Content-Length": "15",
        "Content-Type": "application/json",
        "Referer": "http://localhost:63315/",
        "sec-ch-ua": "\"Chromium\";v=\"136\", \"HeadlessChrome\";v=\"136\", \"Not.A/Brand\";v=\"99\"",
        "sec-ch-ua-mobile": "?0",
        "sec-ch-ua-platform": "\"Windows\"",
        "Sec-Fetch-Dest": "empty",
        "Sec-Fetch-Mode": "cors",
        "Sec-Fetch-Site": "same-site",
        "User-Agent": "Mozilla/5.0 (Windows NT 10.0; Win64; x64) AppleWebKit/537.36 (KHTML, like Gecko) HeadlessChrome/136.0.7103.25 Safari/537.36",
        "x-ms-client-request-id": "Sanitized",
        "x-ms-useragent": "azsdk-js-digital-twins-core/2.0.0 core-rest-pipeline/1.20.1 Chromium/136 OS/x86-Windows-19.0.0"
      },
      "RequestBody": {
        "query": "foo"
      },
      "StatusCode": 400,
      "ResponseHeaders": {
        "Content-Type": "application/json; charset=utf-8",
        "Date": "Tue, 20 May 2025 16:07:08 GMT",
        "mise-correlation-id": "94968fd7-9b35-4669-ae28-0cd9967d696f",
        "Strict-Transport-Security": "max-age=2592000",
        "traceresponse": "00-568099492dfe546d204282b3336aafdb-bd44b19e6413e906-01",
        "Transfer-Encoding": "chunked",
        "x-ms-error-code": "SqlQueryError"
      },
      "ResponseBody": {
        "error": {
          "code": "SqlQueryError",
          "message": "SQL query parse failed: SQL Parser Error, Line=1, Position=0, Message=missing SELECT at 'foo' See samples in https://aka.ms/adtv2query for the correct syntax."
        }
      }
    },
    {
      "RequestUri": "https://Sanitized.api.wcus.digitaltwins.azure.net/digitaltwins/create-simple-digitaltwin-380?api-version=2023-10-31",
      "RequestMethod": "DELETE",
      "RequestHeaders": {
        "Accept": "application/json",
        "Accept-Encoding": "gzip, deflate, br, zstd",
        "Authorization": "Sanitized",
        "Connection": "keep-alive",
        "Referer": "http://localhost:63315/",
        "sec-ch-ua": "\"Chromium\";v=\"136\", \"HeadlessChrome\";v=\"136\", \"Not.A/Brand\";v=\"99\"",
        "sec-ch-ua-mobile": "?0",
        "sec-ch-ua-platform": "\"Windows\"",
        "Sec-Fetch-Dest": "empty",
        "Sec-Fetch-Mode": "cors",
        "Sec-Fetch-Site": "same-site",
        "User-Agent": "Mozilla/5.0 (Windows NT 10.0; Win64; x64) AppleWebKit/537.36 (KHTML, like Gecko) HeadlessChrome/136.0.7103.25 Safari/537.36",
        "x-ms-client-request-id": "Sanitized",
        "x-ms-useragent": "azsdk-js-digital-twins-core/2.0.0 core-rest-pipeline/1.20.1 Chromium/136 OS/x86-Windows-19.0.0"
      },
      "RequestBody": null,
      "StatusCode": 404,
      "ResponseHeaders": {
        "Content-Length": "283",
        "Content-Type": "application/json; charset=utf-8",
        "Date": "Tue, 20 May 2025 16:07:08 GMT",
        "mise-correlation-id": "9497600f-2080-4c21-b653-c02e1cb9abb9",
        "Strict-Transport-Security": "max-age=2592000",
        "traceresponse": "00-a1a2bfe43073909f43c56edc2d78ac72-e703e8a937e831c0-01",
        "x-ms-error-code": "DigitalTwinNotFound"
      },
      "ResponseBody": {
        "error": {
          "code": "DigitalTwinNotFound",
          "message": "There is no digital twin instance that exists with the ID create-simple-digitaltwin-380. Please verify that the twin id is valid and ensure that the twin is not deleted. See section on querying the twins https://aka.ms/adtv2query."
        }
      }
    },
    {
      "RequestUri": "https://Sanitized.api.wcus.digitaltwins.azure.net/models/dtmi%3Asamples%3ADTTestBuilding%3B1?api-version=2023-10-31",
      "RequestMethod": "DELETE",
      "RequestHeaders": {
        "Accept": "application/json",
        "Accept-Encoding": "gzip, deflate, br, zstd",
        "Authorization": "Sanitized",
        "Connection": "keep-alive",
        "Referer": "http://localhost:63315/",
        "sec-ch-ua": "\"Chromium\";v=\"136\", \"HeadlessChrome\";v=\"136\", \"Not.A/Brand\";v=\"99\"",
        "sec-ch-ua-mobile": "?0",
        "sec-ch-ua-platform": "\"Windows\"",
        "Sec-Fetch-Dest": "empty",
        "Sec-Fetch-Mode": "cors",
        "Sec-Fetch-Site": "same-site",
        "User-Agent": "Mozilla/5.0 (Windows NT 10.0; Win64; x64) AppleWebKit/537.36 (KHTML, like Gecko) HeadlessChrome/136.0.7103.25 Safari/537.36",
        "x-ms-client-request-id": "Sanitized",
        "x-ms-useragent": "azsdk-js-digital-twins-core/2.0.0 core-rest-pipeline/1.20.1 Chromium/136 OS/x86-Windows-19.0.0"
      },
      "RequestBody": null,
      "StatusCode": 204,
      "ResponseHeaders": {
        "Content-Length": "0",
        "Date": "Tue, 20 May 2025 16:07:08 GMT",
        "mise-correlation-id": "a1fc2a34-5730-4a90-bef5-59bebdbf85ec",
        "Strict-Transport-Security": "max-age=2592000",
        "traceresponse": "00-8ac0e863be36d93c7769919771753a4e-5af50c03cdd60fae-01"
      },
      "ResponseBody": null
    }
  ],
  "Variables": {
    "digitalTwin": "create-simple-digitaltwin-380"
  }
}
