{
  "Entries": [
    {
      "RequestUri": "https://Sanitized.api.eus2.digitaltwins.azure.net/models/dtmi%3Asamples%3ADTTestBuilding%3B1?api-version=2023-10-31",
      "RequestMethod": "DELETE",
      "RequestHeaders": {
        "Accept": "application/json",
        "Accept-Encoding": "gzip, deflate, br, zstd",
        "Authorization": "Sanitized",
        "Connection": "keep-alive",
        "Referer": "http://localhost:63315/",
        "sec-ch-ua": "\"Chromium\";v=\"136\", \"HeadlessChrome\";v=\"136\", \"Not.A/Brand\";v=\"99\"",
        "sec-ch-ua-mobile": "?0",
        "sec-ch-ua-platform": "\"Windows\"",
        "Sec-Fetch-Dest": "empty",
        "Sec-Fetch-Mode": "cors",
        "Sec-Fetch-Site": "same-site",
        "User-Agent": "Mozilla/5.0 (Windows NT 10.0; Win64; x64) AppleWebKit/537.36 (KHTML, like Gecko) HeadlessChrome/136.0.7103.25 Safari/537.36",
        "x-ms-client-request-id": "Sanitized",
        "x-ms-useragent": "azsdk-js-digital-twins-core/2.0.0 core-rest-pipeline/1.20.1 Chromium/136 OS/x86-Windows-19.0.0"
      },
      "RequestBody": null,
      "StatusCode": 404,
      "ResponseHeaders": {
        "Content-Length": "214",
        "Content-Type": "application/json; charset=utf-8",
        "Date": "Thu, 08 May 2025 06:25:38 GMT",
        "mise-correlation-id": "7a388a14-aff0-4170-bbec-c3b52c47d83b",
        "Strict-Transport-Security": "max-age=2592000",
        "traceresponse": "00-0d8076ffcafee806e4909d5751ca637d-56de1bfb0506b39f-01",
        "x-ms-error-code": "ModelNotFound"
      },
      "ResponseBody": {
        "error": {
          "code": "ModelNotFound",
          "message": "There is no Model(s) available that matches the provided id(s) dtmi:samples:DTTestBuilding;1. Check that the Model ID provided is valid by doing a Model_List API call."
        }
      }
    },
    {
      "RequestUri": "https://Sanitized.api.eus2.digitaltwins.azure.net/models?api-version=2023-10-31",
      "RequestMethod": "POST",
      "RequestHeaders": {
        "Accept": "application/json",
        "Accept-Encoding": "gzip, deflate, br, zstd",
        "Authorization": "Sanitized",
        "Connection": "keep-alive",
        "Content-Length": "248",
        "Content-Type": "application/json",
        "Referer": "http://localhost:63315/",
        "sec-ch-ua": "\"Chromium\";v=\"136\", \"HeadlessChrome\";v=\"136\", \"Not.A/Brand\";v=\"99\"",
        "sec-ch-ua-mobile": "?0",
        "sec-ch-ua-platform": "\"Windows\"",
        "Sec-Fetch-Dest": "empty",
        "Sec-Fetch-Mode": "cors",
        "Sec-Fetch-Site": "same-site",
        "User-Agent": "Mozilla/5.0 (Windows NT 10.0; Win64; x64) AppleWebKit/537.36 (KHTML, like Gecko) HeadlessChrome/136.0.7103.25 Safari/537.36",
        "x-ms-client-request-id": "Sanitized",
        "x-ms-useragent": "azsdk-js-digital-twins-core/2.0.0 core-rest-pipeline/1.20.1 Chromium/136 OS/x86-Windows-19.0.0"
      },
      "RequestBody": "[{\"@id\":\"dtmi:samples:DTTestBuilding;1\",\"@type\":\"Interface\",\"@context\":\"dtmi:dtdl:context;2\",\"displayName\":\"Building\",\"contents\":[{\"@type\":\"Property\",\"name\":\"Sanitized\",\"schema\":\"double\"},{\"@type\":\"Property\",\"name\":\"Sanitized\",\"schema\":\"string\"}]}]",
      "StatusCode": 201,
      "ResponseHeaders": {
        "Content-Length": "161",
        "Content-Type": "application/json; charset=utf-8",
        "Date": "Thu, 08 May 2025 06:25:38 GMT",
        "mise-correlation-id": "85c7f000-ed37-4400-aa31-d23ad0fb0b49",
        "Strict-Transport-Security": "max-age=2592000",
        "traceresponse": "00-2ca0125fc34c68a23755d931ed38de1c-45f160e65d8023f1-01"
      },
      "ResponseBody": "[{\"id\":\"dtmi:samples:DTTestBuilding;1\",\"description\":{},\"displayName\":{\"en\":\"Building\"},\"decommissioned\":false,\"uploadTime\":\"2025-05-08T06:25:39.2908498+00:00\"}]"
    },
    {
      "RequestUri": "https://Sanitized.api.eus2.digitaltwins.azure.net/digitaltwins/create-simple-digitaltwin-217?api-version=2023-10-31",
      "RequestMethod": "DELETE",
      "RequestHeaders": {
        "Accept": "application/json",
        "Accept-Encoding": "gzip, deflate, br, zstd",
        "Authorization": "Sanitized",
        "Connection": "keep-alive",
        "Referer": "http://localhost:63315/",
        "sec-ch-ua": "\"Chromium\";v=\"136\", \"HeadlessChrome\";v=\"136\", \"Not.A/Brand\";v=\"99\"",
        "sec-ch-ua-mobile": "?0",
        "sec-ch-ua-platform": "\"Windows\"",
        "Sec-Fetch-Dest": "empty",
        "Sec-Fetch-Mode": "cors",
        "Sec-Fetch-Site": "same-site",
        "User-Agent": "Mozilla/5.0 (Windows NT 10.0; Win64; x64) AppleWebKit/537.36 (KHTML, like Gecko) HeadlessChrome/136.0.7103.25 Safari/537.36",
        "x-ms-client-request-id": "Sanitized",
        "x-ms-useragent": "azsdk-js-digital-twins-core/2.0.0 core-rest-pipeline/1.20.1 Chromium/136 OS/x86-Windows-19.0.0"
      },
      "RequestBody": null,
      "StatusCode": 404,
      "ResponseHeaders": {
        "Content-Length": "283",
        "Content-Type": "application/json; charset=utf-8",
        "Date": "Thu, 08 May 2025 06:25:38 GMT",
        "mise-correlation-id": "415aa398-51f6-4dfb-89c3-25542ae22975",
        "Strict-Transport-Security": "max-age=2592000",
        "traceresponse": "00-f795b063c6be0a9706477568ba7f4861-105c3b6f6753cc19-01",
        "x-ms-error-code": "DigitalTwinNotFound"
      },
      "ResponseBody": {
        "error": {
          "code": "DigitalTwinNotFound",
          "message": "There is no digital twin instance that exists with the ID create-simple-digitaltwin-217. Please verify that the twin id is valid and ensure that the twin is not deleted. See section on querying the twins https://aka.ms/adtv2query."
        }
      }
    },
    {
      "RequestUri": "https://Sanitized.api.eus2.digitaltwins.azure.net/digitaltwins/create-simple-digitaltwin-217?api-version=2023-10-31",
      "RequestMethod": "PUT",
      "RequestHeaders": {
        "Accept": "application/json",
        "Accept-Encoding": "gzip, deflate, br, zstd",
        "Authorization": "Sanitized",
        "Connection": "keep-alive",
        "Content-Length": "80",
        "Content-Type": "application/json",
        "Referer": "http://localhost:63315/",
        "sec-ch-ua": "\"Chromium\";v=\"136\", \"HeadlessChrome\";v=\"136\", \"Not.A/Brand\";v=\"99\"",
        "sec-ch-ua-mobile": "?0",
        "sec-ch-ua-platform": "\"Windows\"",
        "Sec-Fetch-Dest": "empty",
        "Sec-Fetch-Mode": "cors",
        "Sec-Fetch-Site": "same-site",
        "User-Agent": "Mozilla/5.0 (Windows NT 10.0; Win64; x64) AppleWebKit/537.36 (KHTML, like Gecko) HeadlessChrome/136.0.7103.25 Safari/537.36",
        "x-ms-client-request-id": "Sanitized",
        "x-ms-useragent": "azsdk-js-digital-twins-core/2.0.0 core-rest-pipeline/1.20.1 Chromium/136 OS/x86-Windows-19.0.0"
      },
      "RequestBody": {
        "$metadata": {
          "$model": "dtmi:samples:DTTestBuilding;1"
        },
        "AverageTemperature": 68
      },
      "StatusCode": 200,
      "ResponseHeaders": {
        "Content-Length": "293",
        "Content-Type": "application/json; charset=utf-8",
        "Date": "Thu, 08 May 2025 06:25:39 GMT",
        "ETag": "W/\"65b39c5a-4d34-4208-bb86-4cf85eed9948\"",
        "mise-correlation-id": "c2ffa0a6-293d-48f7-b186-0c23199ccf2e",
        "Strict-Transport-Security": "max-age=2592000",
        "traceresponse": "00-49dd8255df66f7ecede615638c13a122-9cadf7826386b2bd-01"
      },
      "ResponseBody": {
        "$dtId": "create-simple-digitaltwin-217",
        "$etag": "W/\"65b39c5a-4d34-4208-bb86-4cf85eed9948\"",
        "AverageTemperature": 68,
        "$metadata": {
          "$model": "dtmi:samples:DTTestBuilding;1",
          "$lastUpdateTime": "2025-05-08T06:25:39.6171691Z",
          "AverageTemperature": {
            "lastUpdateTime": "2025-05-08T06:25:39.6171691Z"
          }
        }
      }
    },
    {
      "RequestUri": "https://Sanitized.api.eus2.digitaltwins.azure.net/digitaltwins/create-simple-digitaltwin-217?api-version=2023-10-31",
      "RequestMethod": "PATCH",
      "RequestHeaders": {
        "Accept": "application/json",
        "Accept-Encoding": "gzip, deflate, br, zstd",
        "Authorization": "Sanitized",
        "Connection": "keep-alive",
        "Content-Length": "55",
        "Content-Type": "application/json-patch+json",
        "Referer": "http://localhost:63315/",
        "sec-ch-ua": "\"Chromium\";v=\"136\", \"HeadlessChrome\";v=\"136\", \"Not.A/Brand\";v=\"99\"",
        "sec-ch-ua-mobile": "?0",
        "sec-ch-ua-platform": "\"Windows\"",
        "Sec-Fetch-Dest": "empty",
        "Sec-Fetch-Mode": "cors",
        "Sec-Fetch-Site": "same-site",
        "User-Agent": "Mozilla/5.0 (Windows NT 10.0; Win64; x64) AppleWebKit/537.36 (KHTML, like Gecko) HeadlessChrome/136.0.7103.25 Safari/537.36",
        "x-ms-client-request-id": "Sanitized",
        "x-ms-useragent": "azsdk-js-digital-twins-core/2.0.0 core-rest-pipeline/1.20.1 Chromium/136 OS/x86-Windows-19.0.0"
      },
      "RequestBody": "[{\"op\":\"move\",\"path\":\"/AverageTemperature\",\"value\":42}]",
      "StatusCode": 400,
      "ResponseHeaders": {
        "Content-Length": "196",
        "Content-Type": "application/json; charset=utf-8",
        "Date": "Thu, 08 May 2025 06:25:39 GMT",
        "mise-correlation-id": "9eae9ea6-b648-4255-906b-7581d979b2f3",
        "Strict-Transport-Security": "max-age=2592000",
        "traceresponse": "00-7e47cda0c61ea4fb6fe5b759822a0bfb-a8c82209e0eb77fc-01",
        "x-ms-error-code": "JsonPatchInvalid"
      },
      "ResponseBody": {
        "error": {
          "code": "JsonPatchInvalid",
          "message": "Unsupported operation type move. Please provide a valid patch document. See section on update apis in the documentation https://aka.ms/adtv2twins."
        }
      }
    },
    {
      "RequestUri": "https://Sanitized.api.eus2.digitaltwins.azure.net/digitaltwins/create-simple-digitaltwin-217?api-version=2023-10-31",
      "RequestMethod": "DELETE",
      "RequestHeaders": {
        "Accept": "application/json",
        "Accept-Encoding": "gzip, deflate, br, zstd",
        "Authorization": "Sanitized",
        "Connection": "keep-alive",
        "Referer": "http://localhost:63315/",
        "sec-ch-ua": "\"Chromium\";v=\"136\", \"HeadlessChrome\";v=\"136\", \"Not.A/Brand\";v=\"99\"",
        "sec-ch-ua-mobile": "?0",
        "sec-ch-ua-platform": "\"Windows\"",
        "Sec-Fetch-Dest": "empty",
        "Sec-Fetch-Mode": "cors",
        "Sec-Fetch-Site": "same-site",
        "User-Agent": "Mozilla/5.0 (Windows NT 10.0; Win64; x64) AppleWebKit/537.36 (KHTML, like Gecko) HeadlessChrome/136.0.7103.25 Safari/537.36",
        "x-ms-client-request-id": "Sanitized",
        "x-ms-useragent": "azsdk-js-digital-twins-core/2.0.0 core-rest-pipeline/1.20.1 Chromium/136 OS/x86-Windows-19.0.0"
      },
      "RequestBody": null,
      "StatusCode": 204,
      "ResponseHeaders": {
        "Content-Length": "0",
        "Date": "Thu, 08 May 2025 06:25:39 GMT",
        "mise-correlation-id": "1f943787-e162-4d8e-aaae-22f1cfe945d5",
        "Strict-Transport-Security": "max-age=2592000",
        "traceresponse": "00-2ba8c008592473dbc34e71c81fc62215-15616d2a7c92038a-01"
      },
      "ResponseBody": null
    },
    {
      "RequestUri": "https://Sanitized.api.eus2.digitaltwins.azure.net/models/dtmi%3Asamples%3ADTTestBuilding%3B1?api-version=2023-10-31",
      "RequestMethod": "DELETE",
      "RequestHeaders": {
        "Accept": "application/json",
        "Accept-Encoding": "gzip, deflate, br, zstd",
        "Authorization": "Sanitized",
        "Connection": "keep-alive",
        "Referer": "http://localhost:63315/",
        "sec-ch-ua": "\"Chromium\";v=\"136\", \"HeadlessChrome\";v=\"136\", \"Not.A/Brand\";v=\"99\"",
        "sec-ch-ua-mobile": "?0",
        "sec-ch-ua-platform": "\"Windows\"",
        "Sec-Fetch-Dest": "empty",
        "Sec-Fetch-Mode": "cors",
        "Sec-Fetch-Site": "same-site",
        "User-Agent": "Mozilla/5.0 (Windows NT 10.0; Win64; x64) AppleWebKit/537.36 (KHTML, like Gecko) HeadlessChrome/136.0.7103.25 Safari/537.36",
        "x-ms-client-request-id": "Sanitized",
        "x-ms-useragent": "azsdk-js-digital-twins-core/2.0.0 core-rest-pipeline/1.20.1 Chromium/136 OS/x86-Windows-19.0.0"
      },
      "RequestBody": null,
      "StatusCode": 204,
      "ResponseHeaders": {
        "Content-Length": "0",
        "Date": "Thu, 08 May 2025 06:25:39 GMT",
        "mise-correlation-id": "ad022ad5-0c26-4ca0-86d6-5f1c866766f0",
        "Strict-Transport-Security": "max-age=2592000",
        "traceresponse": "00-da20599bc39189dfc53bf4cbebbf7c50-7d982feaf83ca18e-01"
      },
      "ResponseBody": null
    }
  ],
  "Variables": {
    "digitalTwin": "create-simple-digitaltwin-217"
  }
}
