{
  "Entries": [
    {
      "RequestUri": "https://Sanitized.api.wcus.digitaltwins.azure.net/models/dtmi%3Asamples%3ADTTestBuilding%3B1?api-version=2023-10-31",
      "RequestMethod": "DELETE",
      "RequestHeaders": {
        "Accept": "application/json",
        "Accept-Encoding": "gzip, deflate, br, zstd",
        "Authorization": "Sanitized",
        "Connection": "keep-alive",
        "Referer": "http://localhost:63315/",
        "sec-ch-ua": "\"Chromium\";v=\"136\", \"HeadlessChrome\";v=\"136\", \"Not.A/Brand\";v=\"99\"",
        "sec-ch-ua-mobile": "?0",
        "sec-ch-ua-platform": "\"Windows\"",
        "Sec-Fetch-Dest": "empty",
        "Sec-Fetch-Mode": "cors",
        "Sec-Fetch-Site": "same-site",
        "User-Agent": "Mozilla/5.0 (Windows NT 10.0; Win64; x64) AppleWebKit/537.36 (KHTML, like Gecko) HeadlessChrome/136.0.7103.25 Safari/537.36",
        "x-ms-client-request-id": "Sanitized",
        "x-ms-useragent": "azsdk-js-digital-twins-core/2.0.1 core-rest-pipeline/1.20.1 Chromium/136 OS/x86-Windows-19.0.0"
      },
      "RequestBody": null,
      "StatusCode": 404,
      "ResponseHeaders": {
        "Content-Length": "214",
        "Content-Type": "application/json; charset=utf-8",
        "Date": "Tue, 13 May 2025 18:19:12 GMT",
        "mise-correlation-id": "1a4a4c4e-c5b0-4c28-b268-bba5037fc1e0",
        "Strict-Transport-Security": "max-age=2592000",
        "traceresponse": "00-cb0fe381d3cb590bd259d03258afad4e-1ef0c17ad2dc7c87-01",
        "x-ms-error-code": "ModelNotFound"
      },
      "ResponseBody": {
        "error": {
          "code": "ModelNotFound",
          "message": "There is no Model(s) available that matches the provided id(s) dtmi:samples:DTTestBuilding;1. Check that the Model ID provided is valid by doing a Model_List API call."
        }
      }
    },
    {
      "RequestUri": "https://Sanitized.api.wcus.digitaltwins.azure.net/models?api-version=2023-10-31",
      "RequestMethod": "POST",
      "RequestHeaders": {
        "Accept": "application/json",
        "Accept-Encoding": "gzip, deflate, br, zstd",
        "Authorization": "Sanitized",
        "Connection": "keep-alive",
        "Content-Length": "248",
        "Content-Type": "application/json",
        "Referer": "http://localhost:63315/",
        "sec-ch-ua": "\"Chromium\";v=\"136\", \"HeadlessChrome\";v=\"136\", \"Not.A/Brand\";v=\"99\"",
        "sec-ch-ua-mobile": "?0",
        "sec-ch-ua-platform": "\"Windows\"",
        "Sec-Fetch-Dest": "empty",
        "Sec-Fetch-Mode": "cors",
        "Sec-Fetch-Site": "same-site",
        "User-Agent": "Mozilla/5.0 (Windows NT 10.0; Win64; x64) AppleWebKit/537.36 (KHTML, like Gecko) HeadlessChrome/136.0.7103.25 Safari/537.36",
        "x-ms-client-request-id": "Sanitized",
        "x-ms-useragent": "azsdk-js-digital-twins-core/2.0.1 core-rest-pipeline/1.20.1 Chromium/136 OS/x86-Windows-19.0.0"
      },
      "RequestBody": "[{\"@id\":\"dtmi:samples:DTTestBuilding;1\",\"@type\":\"Interface\",\"@context\":\"dtmi:dtdl:context;2\",\"displayName\":\"Building\",\"contents\":[{\"@type\":\"Property\",\"name\":\"Sanitized\",\"schema\":\"double\"},{\"@type\":\"Property\",\"name\":\"Sanitized\",\"schema\":\"string\"}]}]",
      "StatusCode": 201,
      "ResponseHeaders": {
        "Content-Length": "161",
        "Content-Type": "application/json; charset=utf-8",
        "Date": "Tue, 13 May 2025 18:19:12 GMT",
        "mise-correlation-id": "acf998e9-be92-4ba2-8889-904ba55bb53d",
        "Strict-Transport-Security": "max-age=2592000",
        "traceresponse": "00-9794b906740e7d5b6ec19d1112741caf-a204e52b2a66edde-01"
      },
      "ResponseBody": "[{\"id\":\"dtmi:samples:DTTestBuilding;1\",\"description\":{},\"displayName\":{\"en\":\"Building\"},\"decommissioned\":false,\"uploadTime\":\"2025-05-13T18:19:13.1120449+00:00\"}]"
    },
    {
      "RequestUri": "https://Sanitized.api.wcus.digitaltwins.azure.net/digitaltwins/create-simple-digitaltwin-512?api-version=2023-10-31",
      "RequestMethod": "DELETE",
      "RequestHeaders": {
        "Accept": "application/json",
        "Accept-Encoding": "gzip, deflate, br, zstd",
        "Authorization": "Sanitized",
        "Connection": "keep-alive",
        "Referer": "http://localhost:63315/",
        "sec-ch-ua": "\"Chromium\";v=\"136\", \"HeadlessChrome\";v=\"136\", \"Not.A/Brand\";v=\"99\"",
        "sec-ch-ua-mobile": "?0",
        "sec-ch-ua-platform": "\"Windows\"",
        "Sec-Fetch-Dest": "empty",
        "Sec-Fetch-Mode": "cors",
        "Sec-Fetch-Site": "same-site",
        "User-Agent": "Mozilla/5.0 (Windows NT 10.0; Win64; x64) AppleWebKit/537.36 (KHTML, like Gecko) HeadlessChrome/136.0.7103.25 Safari/537.36",
        "x-ms-client-request-id": "Sanitized",
        "x-ms-useragent": "azsdk-js-digital-twins-core/2.0.1 core-rest-pipeline/1.20.1 Chromium/136 OS/x86-Windows-19.0.0"
      },
      "RequestBody": null,
      "StatusCode": 404,
      "ResponseHeaders": {
        "Content-Length": "283",
        "Content-Type": "application/json; charset=utf-8",
        "Date": "Tue, 13 May 2025 18:19:12 GMT",
        "mise-correlation-id": "6b545d19-6674-4261-a287-0fb212cdee53",
        "Strict-Transport-Security": "max-age=2592000",
        "traceresponse": "00-ee31a7d0ffd2c5fef7b2463745b00cdf-f4e52bcf2d419746-01",
        "x-ms-error-code": "DigitalTwinNotFound"
      },
      "ResponseBody": {
        "error": {
          "code": "DigitalTwinNotFound",
          "message": "There is no digital twin instance that exists with the ID create-simple-digitaltwin-512. Please verify that the twin id is valid and ensure that the twin is not deleted. See section on querying the twins https://aka.ms/adtv2query."
        }
      }
    },
    {
      "RequestUri": "https://Sanitized.api.wcus.digitaltwins.azure.net/digitaltwins/create-simple-digitaltwin-512?api-version=2023-10-31",
      "RequestMethod": "PUT",
      "RequestHeaders": {
        "Accept": "application/json",
        "Accept-Encoding": "gzip, deflate, br, zstd",
        "Authorization": "Sanitized",
        "Connection": "keep-alive",
        "Content-Length": "80",
        "Content-Type": "application/json",
        "Referer": "http://localhost:63315/",
        "sec-ch-ua": "\"Chromium\";v=\"136\", \"HeadlessChrome\";v=\"136\", \"Not.A/Brand\";v=\"99\"",
        "sec-ch-ua-mobile": "?0",
        "sec-ch-ua-platform": "\"Windows\"",
        "Sec-Fetch-Dest": "empty",
        "Sec-Fetch-Mode": "cors",
        "Sec-Fetch-Site": "same-site",
        "User-Agent": "Mozilla/5.0 (Windows NT 10.0; Win64; x64) AppleWebKit/537.36 (KHTML, like Gecko) HeadlessChrome/136.0.7103.25 Safari/537.36",
        "x-ms-client-request-id": "Sanitized",
        "x-ms-useragent": "azsdk-js-digital-twins-core/2.0.1 core-rest-pipeline/1.20.1 Chromium/136 OS/x86-Windows-19.0.0"
      },
      "RequestBody": {
        "$metadata": {
          "$model": "dtmi:samples:DTTestBuilding;1"
        },
        "AverageTemperature": 68
      },
      "StatusCode": 200,
      "ResponseHeaders": {
        "Content-Length": "293",
        "Content-Type": "application/json; charset=utf-8",
        "Date": "Tue, 13 May 2025 18:19:12 GMT",
        "ETag": "W/\"55d8e340-2c13-4015-9acf-f398b36025c4\"",
        "mise-correlation-id": "e7ba24ac-2dec-4606-b3a5-daf87422092c",
        "Strict-Transport-Security": "max-age=2592000",
        "traceresponse": "00-3143556bee443410eb8f3d620a49389c-9f22b4dac6540242-01"
      },
      "ResponseBody": {
        "$dtId": "create-simple-digitaltwin-512",
        "$etag": "W/\"55d8e340-2c13-4015-9acf-f398b36025c4\"",
        "AverageTemperature": 68,
        "$metadata": {
          "$model": "dtmi:samples:DTTestBuilding;1",
          "$lastUpdateTime": "2025-05-13T18:19:13.2265864Z",
          "AverageTemperature": {
            "lastUpdateTime": "2025-05-13T18:19:13.2265864Z"
          }
        }
      }
    },
    {
      "RequestUri": "https://Sanitized.api.wcus.digitaltwins.azure.net/digitaltwins/create-simple-digitaltwin-512?api-version=2023-10-31",
      "RequestMethod": "PATCH",
      "RequestHeaders": {
        "Accept": "application/json",
        "Accept-Encoding": "gzip, deflate, br, zstd",
        "Authorization": "Sanitized",
        "Connection": "keep-alive",
        "Content-Length": "55",
        "Content-Type": "application/json-patch+json",
        "Referer": "http://localhost:63315/",
        "sec-ch-ua": "\"Chromium\";v=\"136\", \"HeadlessChrome\";v=\"136\", \"Not.A/Brand\";v=\"99\"",
        "sec-ch-ua-mobile": "?0",
        "sec-ch-ua-platform": "\"Windows\"",
        "Sec-Fetch-Dest": "empty",
        "Sec-Fetch-Mode": "cors",
        "Sec-Fetch-Site": "same-site",
        "User-Agent": "Mozilla/5.0 (Windows NT 10.0; Win64; x64) AppleWebKit/537.36 (KHTML, like Gecko) HeadlessChrome/136.0.7103.25 Safari/537.36",
        "x-ms-client-request-id": "Sanitized",
        "x-ms-useragent": "azsdk-js-digital-twins-core/2.0.1 core-rest-pipeline/1.20.1 Chromium/136 OS/x86-Windows-19.0.0"
      },
      "RequestBody": "[{\"op\":\"move\",\"path\":\"/AverageTemperature\",\"value\":42}]",
      "StatusCode": 400,
      "ResponseHeaders": {
        "Content-Length": "196",
        "Content-Type": "application/json; charset=utf-8",
        "Date": "Tue, 13 May 2025 18:19:12 GMT",
        "mise-correlation-id": "a1bfbc28-ba37-47cc-902e-f8cc3e08dc56",
        "Strict-Transport-Security": "max-age=2592000",
        "traceresponse": "00-d4b6ac6cb2d10cf9ac391a62de71f16e-c78be6f0c17a7292-01",
        "x-ms-error-code": "JsonPatchInvalid"
      },
      "ResponseBody": {
        "error": {
          "code": "JsonPatchInvalid",
          "message": "Unsupported operation type move. Please provide a valid patch document. See section on update apis in the documentation https://aka.ms/adtv2twins."
        }
      }
    },
    {
      "RequestUri": "https://Sanitized.api.wcus.digitaltwins.azure.net/digitaltwins/create-simple-digitaltwin-512?api-version=2023-10-31",
      "RequestMethod": "DELETE",
      "RequestHeaders": {
        "Accept": "application/json",
        "Accept-Encoding": "gzip, deflate, br, zstd",
        "Authorization": "Sanitized",
        "Connection": "keep-alive",
        "Referer": "http://localhost:63315/",
        "sec-ch-ua": "\"Chromium\";v=\"136\", \"HeadlessChrome\";v=\"136\", \"Not.A/Brand\";v=\"99\"",
        "sec-ch-ua-mobile": "?0",
        "sec-ch-ua-platform": "\"Windows\"",
        "Sec-Fetch-Dest": "empty",
        "Sec-Fetch-Mode": "cors",
        "Sec-Fetch-Site": "same-site",
        "User-Agent": "Mozilla/5.0 (Windows NT 10.0; Win64; x64) AppleWebKit/537.36 (KHTML, like Gecko) HeadlessChrome/136.0.7103.25 Safari/537.36",
        "x-ms-client-request-id": "Sanitized",
        "x-ms-useragent": "azsdk-js-digital-twins-core/2.0.1 core-rest-pipeline/1.20.1 Chromium/136 OS/x86-Windows-19.0.0"
      },
      "RequestBody": null,
      "StatusCode": 204,
      "ResponseHeaders": {
        "Content-Length": "0",
        "Date": "Tue, 13 May 2025 18:19:12 GMT",
        "mise-correlation-id": "7b41f692-f4bd-4195-ade0-c263e2e4e78c",
        "Strict-Transport-Security": "max-age=2592000",
        "traceresponse": "00-5312faa4a82e0dd0a78d38217022805e-159d1cbdda989664-01"
      },
      "ResponseBody": null
    },
    {
      "RequestUri": "https://Sanitized.api.wcus.digitaltwins.azure.net/models/dtmi%3Asamples%3ADTTestBuilding%3B1?api-version=2023-10-31",
      "RequestMethod": "DELETE",
      "RequestHeaders": {
        "Accept": "application/json",
        "Accept-Encoding": "gzip, deflate, br, zstd",
        "Authorization": "Sanitized",
        "Connection": "keep-alive",
        "Referer": "http://localhost:63315/",
        "sec-ch-ua": "\"Chromium\";v=\"136\", \"HeadlessChrome\";v=\"136\", \"Not.A/Brand\";v=\"99\"",
        "sec-ch-ua-mobile": "?0",
        "sec-ch-ua-platform": "\"Windows\"",
        "Sec-Fetch-Dest": "empty",
        "Sec-Fetch-Mode": "cors",
        "Sec-Fetch-Site": "same-site",
        "User-Agent": "Mozilla/5.0 (Windows NT 10.0; Win64; x64) AppleWebKit/537.36 (KHTML, like Gecko) HeadlessChrome/136.0.7103.25 Safari/537.36",
        "x-ms-client-request-id": "Sanitized",
        "x-ms-useragent": "azsdk-js-digital-twins-core/2.0.1 core-rest-pipeline/1.20.1 Chromium/136 OS/x86-Windows-19.0.0"
      },
      "RequestBody": null,
      "StatusCode": 204,
      "ResponseHeaders": {
        "Content-Length": "0",
        "Date": "Tue, 13 May 2025 18:19:12 GMT",
        "mise-correlation-id": "5129745e-cbd1-4ad4-b226-a2a26c15b0f6",
        "Strict-Transport-Security": "max-age=2592000",
        "traceresponse": "00-76370dd23163cd9278fadb21e52959e4-53ace023d0aafed3-01"
      },
      "ResponseBody": null
    }
  ],
  "Variables": {
    "digitalTwin": "create-simple-digitaltwin-512"
  }
}
