{
  "Entries": [
    {
      "RequestUri": "https://Sanitized.api.eus2.digitaltwins.azure.net/models/dtmi%3Asamples%3ADTTestBuilding%3B1?api-version=2023-10-31",
      "RequestMethod": "DELETE",
      "RequestHeaders": {
        "Accept": "application/json",
        "Accept-Encoding": "gzip, deflate, br, zstd",
        "Authorization": "Sanitized",
        "Connection": "keep-alive",
        "Referer": "http://localhost:63315/",
        "sec-ch-ua": "\"Chromium\";v=\"136\", \"HeadlessChrome\";v=\"136\", \"Not.A/Brand\";v=\"99\"",
        "sec-ch-ua-mobile": "?0",
        "sec-ch-ua-platform": "\"Windows\"",
        "Sec-Fetch-Dest": "empty",
        "Sec-Fetch-Mode": "cors",
        "Sec-Fetch-Site": "same-site",
        "User-Agent": "Mozilla/5.0 (Windows NT 10.0; Win64; x64) AppleWebKit/537.36 (KHTML, like Gecko) HeadlessChrome/136.0.7103.25 Safari/537.36",
        "x-ms-client-request-id": "Sanitized",
        "x-ms-useragent": "azsdk-js-digital-twins-core/2.0.0 core-rest-pipeline/1.20.0 Chromium/136 OS/x86-Windows-19.0.0"
      },
      "RequestBody": null,
      "StatusCode": 404,
      "ResponseHeaders": {
        "Content-Length": "214",
        "Content-Type": "application/json; charset=utf-8",
        "Date": "Wed, 07 May 2025 05:56:12 GMT",
        "mise-correlation-id": "0d5efbd5-a589-4304-9be9-89f96334dc1c",
        "Strict-Transport-Security": "max-age=2592000",
        "traceresponse": "00-12567f13c2e3aaaacd1745dfd4ae7127-def1614f50b6f824-01",
        "x-ms-error-code": "ModelNotFound"
      },
      "ResponseBody": {
        "error": {
          "code": "ModelNotFound",
          "message": "There is no Model(s) available that matches the provided id(s) dtmi:samples:DTTestBuilding;1. Check that the Model ID provided is valid by doing a Model_List API call."
        }
      }
    },
    {
      "RequestUri": "https://Sanitized.api.eus2.digitaltwins.azure.net/models?api-version=2023-10-31",
      "RequestMethod": "POST",
      "RequestHeaders": {
        "Accept": "application/json",
        "Accept-Encoding": "gzip, deflate, br, zstd",
        "Authorization": "Sanitized",
        "Connection": "keep-alive",
        "Content-Length": "248",
        "Content-Type": "application/json",
        "Referer": "http://localhost:63315/",
        "sec-ch-ua": "\"Chromium\";v=\"136\", \"HeadlessChrome\";v=\"136\", \"Not.A/Brand\";v=\"99\"",
        "sec-ch-ua-mobile": "?0",
        "sec-ch-ua-platform": "\"Windows\"",
        "Sec-Fetch-Dest": "empty",
        "Sec-Fetch-Mode": "cors",
        "Sec-Fetch-Site": "same-site",
        "User-Agent": "Mozilla/5.0 (Windows NT 10.0; Win64; x64) AppleWebKit/537.36 (KHTML, like Gecko) HeadlessChrome/136.0.7103.25 Safari/537.36",
        "x-ms-client-request-id": "Sanitized",
        "x-ms-useragent": "azsdk-js-digital-twins-core/2.0.0 core-rest-pipeline/1.20.0 Chromium/136 OS/x86-Windows-19.0.0"
      },
      "RequestBody": "[{\"@id\":\"dtmi:samples:DTTestBuilding;1\",\"@type\":\"Interface\",\"@context\":\"dtmi:dtdl:context;2\",\"displayName\":\"Building\",\"contents\":[{\"@type\":\"Property\",\"name\":\"Sanitized\",\"schema\":\"double\"},{\"@type\":\"Property\",\"name\":\"Sanitized\",\"schema\":\"string\"}]}]",
      "StatusCode": 201,
      "ResponseHeaders": {
        "Content-Length": "161",
        "Content-Type": "application/json; charset=utf-8",
        "Date": "Wed, 07 May 2025 05:56:13 GMT",
        "mise-correlation-id": "e1875dc3-e3ae-4101-8726-04c0b19c5c11",
        "Strict-Transport-Security": "max-age=2592000",
        "traceresponse": "00-a965ac2b5c6cc565e27606a84405881a-2d84cb295c476794-01"
      },
      "ResponseBody": "[{\"id\":\"dtmi:samples:DTTestBuilding;1\",\"description\":{},\"displayName\":{\"en\":\"Building\"},\"decommissioned\":false,\"uploadTime\":\"2025-05-07T05:56:13.8691931+00:00\"}]"
    },
    {
      "RequestUri": "https://Sanitized.api.eus2.digitaltwins.azure.net/digitaltwins/create-simple-digitaltwin-653?api-version=2023-10-31",
      "RequestMethod": "DELETE",
      "RequestHeaders": {
        "Accept": "application/json",
        "Accept-Encoding": "gzip, deflate, br, zstd",
        "Authorization": "Sanitized",
        "Connection": "keep-alive",
        "Referer": "http://localhost:63315/",
        "sec-ch-ua": "\"Chromium\";v=\"136\", \"HeadlessChrome\";v=\"136\", \"Not.A/Brand\";v=\"99\"",
        "sec-ch-ua-mobile": "?0",
        "sec-ch-ua-platform": "\"Windows\"",
        "Sec-Fetch-Dest": "empty",
        "Sec-Fetch-Mode": "cors",
        "Sec-Fetch-Site": "same-site",
        "User-Agent": "Mozilla/5.0 (Windows NT 10.0; Win64; x64) AppleWebKit/537.36 (KHTML, like Gecko) HeadlessChrome/136.0.7103.25 Safari/537.36",
        "x-ms-client-request-id": "Sanitized",
        "x-ms-useragent": "azsdk-js-digital-twins-core/2.0.0 core-rest-pipeline/1.20.0 Chromium/136 OS/x86-Windows-19.0.0"
      },
      "RequestBody": null,
      "StatusCode": 404,
      "ResponseHeaders": {
        "Content-Length": "283",
        "Content-Type": "application/json; charset=utf-8",
        "Date": "Wed, 07 May 2025 05:56:13 GMT",
        "mise-correlation-id": "836b756d-9976-4379-a776-3625c96d4226",
        "Strict-Transport-Security": "max-age=2592000",
        "traceresponse": "00-4fc3ba64e139f1018fc30659e26fe3cd-4773e10b669ec60c-01",
        "x-ms-error-code": "DigitalTwinNotFound"
      },
      "ResponseBody": {
        "error": {
          "code": "DigitalTwinNotFound",
          "message": "There is no digital twin instance that exists with the ID create-simple-digitaltwin-653. Please verify that the twin id is valid and ensure that the twin is not deleted. See section on querying the twins https://aka.ms/adtv2query."
        }
      }
    },
    {
      "RequestUri": "https://Sanitized.api.eus2.digitaltwins.azure.net/digitaltwins/create-simple-digitaltwin-653?api-version=2023-10-31",
      "RequestMethod": "PUT",
      "RequestHeaders": {
        "Accept": "application/json",
        "Accept-Encoding": "gzip, deflate, br, zstd",
        "Authorization": "Sanitized",
        "Connection": "keep-alive",
        "Content-Length": "108",
        "Content-Type": "application/json",
        "Referer": "http://localhost:63315/",
        "sec-ch-ua": "\"Chromium\";v=\"136\", \"HeadlessChrome\";v=\"136\", \"Not.A/Brand\";v=\"99\"",
        "sec-ch-ua-mobile": "?0",
        "sec-ch-ua-platform": "\"Windows\"",
        "Sec-Fetch-Dest": "empty",
        "Sec-Fetch-Mode": "cors",
        "Sec-Fetch-Site": "same-site",
        "User-Agent": "Mozilla/5.0 (Windows NT 10.0; Win64; x64) AppleWebKit/537.36 (KHTML, like Gecko) HeadlessChrome/136.0.7103.25 Safari/537.36",
        "x-ms-client-request-id": "Sanitized",
        "x-ms-useragent": "azsdk-js-digital-twins-core/2.0.0 core-rest-pipeline/1.20.0 Chromium/136 OS/x86-Windows-19.0.0"
      },
      "RequestBody": {
        "$metadata": {
          "$model": "dtmi:samples:DTTestBuilding;1"
        },
        "AverageTemperature": 68,
        "TemperatureUnit": "Celsius"
      },
      "StatusCode": 200,
      "ResponseHeaders": {
        "Content-Length": "389",
        "Content-Type": "application/json; charset=utf-8",
        "Date": "Wed, 07 May 2025 05:56:13 GMT",
        "ETag": "W/\"b21b2d11-975e-414e-8902-e8059e97262e\"",
        "mise-correlation-id": "a7b378fa-ce42-4923-8c6a-07375a2500ab",
        "Strict-Transport-Security": "max-age=2592000",
        "traceresponse": "00-45e678bdd8859e28e206551c6b9e61ac-981d91d87cfc34e7-01"
      },
      "ResponseBody": {
        "$dtId": "create-simple-digitaltwin-653",
        "$etag": "W/\"b21b2d11-975e-414e-8902-e8059e97262e\"",
        "AverageTemperature": 68,
        "TemperatureUnit": "Celsius",
        "$metadata": {
          "$model": "dtmi:samples:DTTestBuilding;1",
          "$lastUpdateTime": "2025-05-07T05:56:14.1239506Z",
          "AverageTemperature": {
            "lastUpdateTime": "2025-05-07T05:56:14.1239506Z"
          },
          "TemperatureUnit": {
            "lastUpdateTime": "2025-05-07T05:56:14.1239506Z"
          }
        }
      }
    },
    {
      "RequestUri": "https://Sanitized.api.eus2.digitaltwins.azure.net/digitaltwins/create-simple-digitaltwin-653?api-version=2023-10-31",
      "RequestMethod": "PUT",
      "RequestHeaders": {
        "Accept": "application/json",
        "Accept-Encoding": "gzip, deflate, br, zstd",
        "Authorization": "Sanitized",
        "Connection": "keep-alive",
        "Content-Length": "108",
        "Content-Type": "application/json",
        "Referer": "http://localhost:63315/",
        "sec-ch-ua": "\"Chromium\";v=\"136\", \"HeadlessChrome\";v=\"136\", \"Not.A/Brand\";v=\"99\"",
        "sec-ch-ua-mobile": "?0",
        "sec-ch-ua-platform": "\"Windows\"",
        "Sec-Fetch-Dest": "empty",
        "Sec-Fetch-Mode": "cors",
        "Sec-Fetch-Site": "same-site",
        "User-Agent": "Mozilla/5.0 (Windows NT 10.0; Win64; x64) AppleWebKit/537.36 (KHTML, like Gecko) HeadlessChrome/136.0.7103.25 Safari/537.36",
        "x-ms-client-request-id": "Sanitized",
        "x-ms-useragent": "azsdk-js-digital-twins-core/2.0.0 core-rest-pipeline/1.20.0 Chromium/136 OS/x86-Windows-19.0.0"
      },
      "RequestBody": {
        "$metadata": {
          "$model": "dtmi:samples:DTTestBuilding;1"
        },
        "AverageTemperature": 69,
        "TemperatureUnit": "Celsius"
      },
      "StatusCode": 200,
      "ResponseHeaders": {
        "Content-Length": "389",
        "Content-Type": "application/json; charset=utf-8",
        "Date": "Wed, 07 May 2025 05:56:13 GMT",
        "ETag": "W/\"6fa08ccf-e6e3-4eb5-a51e-92ce790e41f5\"",
        "mise-correlation-id": "63ee5049-99de-4b8e-affe-41c2364fe9f6",
        "Strict-Transport-Security": "max-age=2592000",
        "traceresponse": "00-7273d5316d13655242dea966185174dd-b2166caf1ccb0d13-01"
      },
      "ResponseBody": {
        "$dtId": "create-simple-digitaltwin-653",
        "$etag": "W/\"6fa08ccf-e6e3-4eb5-a51e-92ce790e41f5\"",
        "AverageTemperature": 69,
        "TemperatureUnit": "Celsius",
        "$metadata": {
          "$model": "dtmi:samples:DTTestBuilding;1",
          "$lastUpdateTime": "2025-05-07T05:56:14.2317279Z",
          "AverageTemperature": {
            "lastUpdateTime": "2025-05-07T05:56:14.2317279Z"
          },
          "TemperatureUnit": {
            "lastUpdateTime": "2025-05-07T05:56:14.2317279Z"
          }
        }
      }
    },
    {
      "RequestUri": "https://Sanitized.api.eus2.digitaltwins.azure.net/digitaltwins/create-simple-digitaltwin-653?api-version=2023-10-31",
      "RequestMethod": "DELETE",
      "RequestHeaders": {
        "Accept": "application/json",
        "Accept-Encoding": "gzip, deflate, br, zstd",
        "Authorization": "Sanitized",
        "Connection": "keep-alive",
        "Referer": "http://localhost:63315/",
        "sec-ch-ua": "\"Chromium\";v=\"136\", \"HeadlessChrome\";v=\"136\", \"Not.A/Brand\";v=\"99\"",
        "sec-ch-ua-mobile": "?0",
        "sec-ch-ua-platform": "\"Windows\"",
        "Sec-Fetch-Dest": "empty",
        "Sec-Fetch-Mode": "cors",
        "Sec-Fetch-Site": "same-site",
        "User-Agent": "Mozilla/5.0 (Windows NT 10.0; Win64; x64) AppleWebKit/537.36 (KHTML, like Gecko) HeadlessChrome/136.0.7103.25 Safari/537.36",
        "x-ms-client-request-id": "Sanitized",
        "x-ms-useragent": "azsdk-js-digital-twins-core/2.0.0 core-rest-pipeline/1.20.0 Chromium/136 OS/x86-Windows-19.0.0"
      },
      "RequestBody": null,
      "StatusCode": 204,
      "ResponseHeaders": {
        "Content-Length": "0",
        "Date": "Wed, 07 May 2025 05:56:13 GMT",
        "mise-correlation-id": "0deeeac7-892e-4306-88e8-d9c82ba041af",
        "Strict-Transport-Security": "max-age=2592000",
        "traceresponse": "00-057865cf31243be8851a6919b5103ce0-63d4f8509081f976-01"
      },
      "ResponseBody": null
    },
    {
      "RequestUri": "https://Sanitized.api.eus2.digitaltwins.azure.net/models/dtmi%3Asamples%3ADTTestBuilding%3B1?api-version=2023-10-31",
      "RequestMethod": "DELETE",
      "RequestHeaders": {
        "Accept": "application/json",
        "Accept-Encoding": "gzip, deflate, br, zstd",
        "Authorization": "Sanitized",
        "Connection": "keep-alive",
        "Referer": "http://localhost:63315/",
        "sec-ch-ua": "\"Chromium\";v=\"136\", \"HeadlessChrome\";v=\"136\", \"Not.A/Brand\";v=\"99\"",
        "sec-ch-ua-mobile": "?0",
        "sec-ch-ua-platform": "\"Windows\"",
        "Sec-Fetch-Dest": "empty",
        "Sec-Fetch-Mode": "cors",
        "Sec-Fetch-Site": "same-site",
        "User-Agent": "Mozilla/5.0 (Windows NT 10.0; Win64; x64) AppleWebKit/537.36 (KHTML, like Gecko) HeadlessChrome/136.0.7103.25 Safari/537.36",
        "x-ms-client-request-id": "Sanitized",
        "x-ms-useragent": "azsdk-js-digital-twins-core/2.0.0 core-rest-pipeline/1.20.0 Chromium/136 OS/x86-Windows-19.0.0"
      },
      "RequestBody": null,
      "StatusCode": 204,
      "ResponseHeaders": {
        "Content-Length": "0",
        "Date": "Wed, 07 May 2025 05:56:13 GMT",
        "mise-correlation-id": "5a5c6733-dd4b-4dfe-99ea-1be5df547b2a",
        "Strict-Transport-Security": "max-age=2592000",
        "traceresponse": "00-5acdf56f96f3bc49948e3f9bcc59a9e2-ead0d33bc05ea170-01"
      },
      "ResponseBody": null
    }
  ],
  "Variables": {
    "digitalTwin": "create-simple-digitaltwin-653"
  }
}
