{
  "Entries": [
    {
      "RequestUri": "https://camaiaor-formrec-eastus.cognitiveservices.azure.com/formrecognizer/documentModels:build?api-version=2023-02-28-preview",
      "RequestMethod": "POST",
      "RequestHeaders": {
        "Accept": "application/json",
        "Content-Length": "124",
        "Content-Type": "application/json",
        "Ocp-Apim-Subscription-Key": "Sanitized",
        "traceparent": "00-abf36742bf11568c84c7e4ab6adc0bee-1caad45a378ae626-00",
        "User-Agent": "azsdk-net-AI.FormRecognizer/4.1.0-alpha.20230329.1 (.NET 6.0.15; Microsoft Windows 10.0.22621)",
        "x-ms-client-request-id": "e9ad1e180523e7949aa1eea6eedf4829",
        "x-ms-return-client-request-id": "true"
      },
      "RequestBody": {
        "modelId": "1364665473",
        "buildMode": "template",
        "azureBlobSource": {
          "containerUrl": "https://sanitized.blob.core.windows.net"
        }
      },
      "StatusCode": 202,
      "ResponseHeaders": {
        "apim-request-id": "2e88145c-0cfa-4574-ac52-c55d40f26e2d",
        "Content-Length": "0",
        "Date": "Thu, 30 Mar 2023 02:45:46 GMT",
        "operation-location": "https://camaiaor-formrec-eastus.cognitiveservices.azure.com/formrecognizer/operations/31486223655_2e88145c-0cfa-4574-ac52-c55d40f26e2d?api-version=2023-02-28-preview",
        "Strict-Transport-Security": "max-age=31536000; includeSubDomains; preload",
        "X-Content-Type-Options": "nosniff",
        "x-envoy-upstream-service-time": "1878",
        "x-ms-region": "East US"
      },
      "ResponseBody": null
    },
    {
      "RequestUri": "https://camaiaor-formrec-eastus.cognitiveservices.azure.com/formrecognizer/operations/31486223655_2e88145c-0cfa-4574-ac52-c55d40f26e2d?api-version=2023-02-28-preview",
      "RequestMethod": "GET",
      "RequestHeaders": {
        "Accept": "application/json",
        "Ocp-Apim-Subscription-Key": "Sanitized",
        "User-Agent": "azsdk-net-AI.FormRecognizer/4.1.0-alpha.20230329.1 (.NET 6.0.15; Microsoft Windows 10.0.22621)",
        "x-ms-client-request-id": "e5a76e1fc2e7f37807e8e2bda48bdc99",
        "x-ms-return-client-request-id": "true"
      },
      "RequestBody": null,
      "StatusCode": 200,
      "ResponseHeaders": {
        "apim-request-id": "cb19ee41-5a03-48c7-a066-95e1034d1065",
        "Content-Type": "application/json; charset=utf-8",
        "Date": "Thu, 30 Mar 2023 02:45:46 GMT",
        "Strict-Transport-Security": "max-age=31536000; includeSubDomains; preload",
        "Transfer-Encoding": "chunked",
        "X-Content-Type-Options": "nosniff",
        "x-envoy-upstream-service-time": "19",
        "x-ms-region": "East US"
      },
      "ResponseBody": {
        "operationId": "31486223655_2e88145c-0cfa-4574-ac52-c55d40f26e2d",
        "kind": "documentModelBuild",
        "status": "running",
        "createdDateTime": "2023-03-30T02:45:45Z",
        "lastUpdatedDateTime": "2023-03-30T02:45:47Z",
        "resourceLocation": "https://camaiaor-formrec-eastus.cognitiveservices.azure.com/formrecognizer/documentModels/1364665473?api-version=2023-02-28-preview"
      }
    },
    {
      "RequestUri": "https://camaiaor-formrec-eastus.cognitiveservices.azure.com/formrecognizer/operations/31486223655_2e88145c-0cfa-4574-ac52-c55d40f26e2d?api-version=2023-02-28-preview",
      "RequestMethod": "GET",
      "RequestHeaders": {
        "Accept": "application/json",
        "Ocp-Apim-Subscription-Key": "Sanitized",
        "User-Agent": "azsdk-net-AI.FormRecognizer/4.1.0-alpha.20230329.1 (.NET 6.0.15; Microsoft Windows 10.0.22621)",
        "x-ms-client-request-id": "1aebd8837f187bdd899ad946a5666664",
        "x-ms-return-client-request-id": "true"
      },
      "RequestBody": null,
      "StatusCode": 200,
      "ResponseHeaders": {
        "apim-request-id": "6a08da31-022e-40b9-9b16-be51740b7e8a",
        "Content-Type": "application/json; charset=utf-8",
        "Date": "Thu, 30 Mar 2023 02:45:47 GMT",
        "Strict-Transport-Security": "max-age=31536000; includeSubDomains; preload",
        "Transfer-Encoding": "chunked",
        "X-Content-Type-Options": "nosniff",
        "x-envoy-upstream-service-time": "15",
        "x-ms-region": "East US"
      },
      "ResponseBody": {
        "operationId": "31486223655_2e88145c-0cfa-4574-ac52-c55d40f26e2d",
        "kind": "documentModelBuild",
        "status": "running",
        "createdDateTime": "2023-03-30T02:45:45Z",
        "lastUpdatedDateTime": "2023-03-30T02:45:47Z",
        "resourceLocation": "https://camaiaor-formrec-eastus.cognitiveservices.azure.com/formrecognizer/documentModels/1364665473?api-version=2023-02-28-preview"
      }
    },
    {
      "RequestUri": "https://camaiaor-formrec-eastus.cognitiveservices.azure.com/formrecognizer/operations/31486223655_2e88145c-0cfa-4574-ac52-c55d40f26e2d?api-version=2023-02-28-preview",
      "RequestMethod": "GET",
      "RequestHeaders": {
        "Accept": "application/json",
        "Ocp-Apim-Subscription-Key": "Sanitized",
        "User-Agent": "azsdk-net-AI.FormRecognizer/4.1.0-alpha.20230329.1 (.NET 6.0.15; Microsoft Windows 10.0.22621)",
        "x-ms-client-request-id": "daf3212ad8a75599a5b9e23a22d7420e",
        "x-ms-return-client-request-id": "true"
      },
      "RequestBody": null,
      "StatusCode": 200,
      "ResponseHeaders": {
        "apim-request-id": "5eccf06e-54dc-40c1-8bfb-8f89aee7bb81",
        "Content-Type": "application/json; charset=utf-8",
        "Date": "Thu, 30 Mar 2023 02:45:49 GMT",
        "Strict-Transport-Security": "max-age=31536000; includeSubDomains; preload",
        "Transfer-Encoding": "chunked",
        "X-Content-Type-Options": "nosniff",
        "x-envoy-upstream-service-time": "21",
        "x-ms-region": "East US"
      },
      "ResponseBody": {
        "operationId": "31486223655_2e88145c-0cfa-4574-ac52-c55d40f26e2d",
        "kind": "documentModelBuild",
        "status": "succeeded",
        "createdDateTime": "2023-03-30T02:45:45Z",
        "lastUpdatedDateTime": "2023-03-30T02:45:49Z",
        "resourceLocation": "https://camaiaor-formrec-eastus.cognitiveservices.azure.com/formrecognizer/documentModels/1364665473?api-version=2023-02-28-preview",
        "percentCompleted": 100,
        "result": {
          "docTypes": {
            "1364665473": {
              "fieldSchema": {
                "Merchant": {
                  "type": "string"
                },
                "PhoneNumber": {
                  "type": "string"
                },
                "Website": {
                  "type": "string"
                },
                "Email": {
                  "type": "string"
                },
                "PurchaseOrderNumber": {
                  "type": "string"
                },
                "DatedAs": {
                  "type": "string"
                },
                "VendorName": {
                  "type": "string"
                },
                "CompanyName": {
                  "type": "string"
                },
                "CompanyAddress": {
                  "type": "string"
                },
                "CompanyPhoneNumber": {
                  "type": "string"
                },
                "Subtotal": {
                  "type": "string"
                },
                "Tax": {
                  "type": "string"
                },
                "Total": {
                  "type": "string"
                },
                "Signature": {
                  "type": "string"
                },
                "Quantity": {
                  "type": "number"
                },
                "FullSignature": {
                  "type": "signature"
                }
              },
              "buildMode": "template",
              "fieldConfidence": {
                "CompanyAddress": 0.8,
                "CompanyName": 0.995,
                "CompanyPhoneNumber": 0.995,
                "DatedAs": 0.995,
                "Email": 0.8,
                "FullSignature": 0.6,
                "Merchant": 0.995,
                "PhoneNumber": 0.995,
                "PurchaseOrderNumber": 0.995,
                "Quantity": 0.995,
                "Signature": 0.995,
                "Subtotal": 0.995,
                "Tax": 0.995,
                "Total": 0.995,
                "VendorName": 0.995,
                "Website": 0.995
              }
            }
          },
          "modelId": "1364665473",
          "createdDateTime": "2023-03-30T02:45:49Z",
          "expirationDateTime": "2025-03-29T02:45:49Z",
          "apiVersion": "2023-02-28-preview"
        }
      }
    }
  ],
  "Variables": {
    "FORM_RECOGNIZER_API_KEY": "Sanitized",
    "FORM_RECOGNIZER_BLOB_CONTAINER_SAS_URL": "https://sanitized.blob.core.windows.net",
    "FORM_RECOGNIZER_ENDPOINT": "https://camaiaor-formrec-eastus.cognitiveservices.azure.com/",
    "RandomSeed": "1353956054"
  }
}
