{
  "Entries": [
    {
      "RequestUri": "https://management.azure.com/subscriptions/e37510d7-33b6-4676-886f-ee75bcc01871?api-version=2021-01-01",
      "RequestMethod": "GET",
      "RequestHeaders": {
        "Accept": "application/json",
        "Authorization": "Sanitized",
        "traceparent": "00-ea9c098d56acd0ff06148253c7a5e3be-6b357c91b2da6b59-00",
        "User-Agent": "azsdk-net-ResourceManager/1.6.0 (.NET 7.0.9; Microsoft Windows 10.0.22621)",
        "x-ms-client-request-id": "db2d34c3d6b231ce598fb8a1f1b3db23",
        "x-ms-return-client-request-id": "true"
      },
      "RequestBody": null,
      "StatusCode": 200,
      "ResponseHeaders": {
        "Cache-Control": "no-cache",
        "Content-Length": "456",
        "Content-Type": "application/json; charset=utf-8",
        "Date": "Sun, 23 Jul 2023 21:59:17 GMT",
        "Expires": "-1",
        "Pragma": "no-cache",
        "Strict-Transport-Security": "max-age=31536000; includeSubDomains",
        "X-Content-Type-Options": "nosniff",
        "x-ms-correlation-request-id": "2a4f15e7-fbcd-44de-ad17-0e1745b6f80f",
        "x-ms-ratelimit-remaining-subscription-reads": "11964",
        "x-ms-request-id": "2a4f15e7-fbcd-44de-ad17-0e1745b6f80f",
        "x-ms-routing-request-id": "CANADACENTRAL:20230723T215917Z:2a4f15e7-fbcd-44de-ad17-0e1745b6f80f"
      },
      "ResponseBody": {
        "id": "/subscriptions/e37510d7-33b6-4676-886f-ee75bcc01871",
        "authorizationSource": "RoleBased",
        "managedByTenants": [],
        "tags": {
          "SkipGreenTeamLinuxSSHAuthForSub": "1020642667"
        },
        "subscriptionId": "e37510d7-33b6-4676-886f-ee75bcc01871",
        "tenantId": "72f988bf-86f1-41af-91ab-2d7cd011db47",
        "displayName": "CPlat SDK/PowerShell",
        "state": "Enabled",
        "subscriptionPolicies": {
          "locationPlacementId": "Internal_2014-09-01",
          "quotaId": "Internal_2014-09-01",
          "spendingLimit": "Off"
        }
      }
    },
    {
      "RequestUri": "https://management.azure.com/subscriptions/e37510d7-33b6-4676-886f-ee75bcc01871/resourcegroups/testRG-9845?api-version=2022-09-01",
      "RequestMethod": "PUT",
      "RequestHeaders": {
        "Accept": "application/json",
        "Authorization": "Sanitized",
        "Content-Length": "43",
        "Content-Type": "application/json",
        "traceparent": "00-059f5ee553a80be522ba4f3a3c7faf80-8b8051611c067643-00",
        "User-Agent": "azsdk-net-ResourceManager/1.6.0 (.NET 7.0.9; Microsoft Windows 10.0.22621)",
        "x-ms-client-request-id": "212192bdadb6176140327420be965abb",
        "x-ms-return-client-request-id": "true"
      },
      "RequestBody": {
        "tags": {
          "test": "env"
        },
        "location": "westus2"
      },
      "StatusCode": 201,
      "ResponseHeaders": {
        "Cache-Control": "no-cache",
        "Content-Length": "241",
        "Content-Type": "application/json; charset=utf-8",
        "Date": "Sun, 23 Jul 2023 21:59:17 GMT",
        "Expires": "-1",
        "Pragma": "no-cache",
        "Strict-Transport-Security": "max-age=31536000; includeSubDomains",
        "X-Content-Type-Options": "nosniff",
        "x-ms-correlation-request-id": "f5ae46f0-ddce-4ef2-91b9-4f6431f1e71b",
        "x-ms-ratelimit-remaining-subscription-writes": "1185",
        "x-ms-request-id": "f5ae46f0-ddce-4ef2-91b9-4f6431f1e71b",
        "x-ms-routing-request-id": "CANADACENTRAL:20230723T215917Z:f5ae46f0-ddce-4ef2-91b9-4f6431f1e71b"
      },
      "ResponseBody": {
        "id": "/subscriptions/e37510d7-33b6-4676-886f-ee75bcc01871/resourceGroups/testRG-9845",
        "name": "testRG-9845",
        "type": "Microsoft.Resources/resourceGroups",
        "location": "westus2",
        "tags": {
          "test": "env"
        },
        "properties": {
          "provisioningState": "Succeeded"
        }
      }
    },
    {
      "RequestUri": "https://management.azure.com/subscriptions/e37510d7-33b6-4676-886f-ee75bcc01871/resourceGroups/testRG-9845/providers/Microsoft.Compute/diskAccesses/testDA3919?api-version=2023-01-02",
      "RequestMethod": "PUT",
      "RequestHeaders": {
        "Accept": "application/json",
        "Authorization": "Sanitized",
        "Content-Length": "47",
        "Content-Type": "application/json",
        "traceparent": "00-cc62e7e81b002c099920995a34e4b89c-ce845125ca815bd7-00",
        "User-Agent": "azsdk-net-ResourceManager.Compute/1.2.0-alpha.20230723.1 (.NET 7.0.9; Microsoft Windows 10.0.22621)",
        "x-ms-client-request-id": "528be4710d7ec0311fc58d6fe0261e92",
        "x-ms-return-client-request-id": "true"
      },
      "RequestBody": {
        "location": "westus2",
        "properties": {}
      },
      "StatusCode": 202,
      "ResponseHeaders": {
        "Azure-AsyncOperation": "https://management.azure.com/subscriptions/e37510d7-33b6-4676-886f-ee75bcc01871/providers/Microsoft.Compute/locations/westus2/DiskOperations/0c396afa-d6e5-4ac1-8958-4ec326ba9102?p=d3255131-e7b3-4a83-8960-a836a057d1f8&api-version=2023-01-02",
        "Cache-Control": "no-cache",
        "Content-Length": "277",
        "Content-Type": "application/json; charset=utf-8",
        "Date": "Sun, 23 Jul 2023 21:59:18 GMT",
        "Expires": "-1",
        "Location": "https://management.azure.com/subscriptions/e37510d7-33b6-4676-886f-ee75bcc01871/providers/Microsoft.Compute/locations/westus2/DiskOperations/0c396afa-d6e5-4ac1-8958-4ec326ba9102?p=d3255131-e7b3-4a83-8960-a836a057d1f8&monitor=true&api-version=2023-01-02",
        "Pragma": "no-cache",
        "Server": [
          "Microsoft-HTTPAPI/2.0",
          "Microsoft-HTTPAPI/2.0"
        ],
        "Strict-Transport-Security": "max-age=31536000; includeSubDomains",
        "X-Content-Type-Options": "nosniff",
        "x-ms-client-request-id": "528be4710d7ec0311fc58d6fe0261e92",
        "x-ms-correlation-request-id": "42c44958-e3b0-4ad9-9e5b-84c35f3a30c3",
        "x-ms-ratelimit-remaining-subscription-writes": "1184",
        "x-ms-request-id": "0c396afa-d6e5-4ac1-8958-4ec326ba9102",
        "x-ms-routing-request-id": "CANADACENTRAL:20230723T215918Z:42c44958-e3b0-4ad9-9e5b-84c35f3a30c3",
        "x-ms-served-by": "d3255131-e7b3-4a83-8960-a836a057d1f8_133217605628169237"
      },
      "ResponseBody": {
        "name": "testDA3919",
        "id": "/subscriptions/e37510d7-33b6-4676-886f-ee75bcc01871/resourceGroups/testRG-9845/providers/Microsoft.Compute/diskAccesses/testDA3919",
        "type": "Microsoft.Compute/diskAccesses",
        "location": "westus2",
        "properties": {}
      }
    },
    {
      "RequestUri": "https://management.azure.com/subscriptions/e37510d7-33b6-4676-886f-ee75bcc01871/providers/Microsoft.Compute/locations/westus2/DiskOperations/0c396afa-d6e5-4ac1-8958-4ec326ba9102?p=d3255131-e7b3-4a83-8960-a836a057d1f8&api-version=2023-01-02",
      "RequestMethod": "GET",
      "RequestHeaders": {
        "Authorization": "Sanitized",
        "traceparent": "00-cc62e7e81b002c099920995a34e4b89c-0a7eb2f5e459c0d0-00",
        "User-Agent": "azsdk-net-ResourceManager/1.6.0 (.NET 7.0.9; Microsoft Windows 10.0.22621)",
        "x-ms-client-request-id": "f64185e62698843ef06197e7d3a75f0b",
        "x-ms-return-client-request-id": "true"
      },
      "RequestBody": null,
      "StatusCode": 200,
      "ResponseHeaders": {
        "Cache-Control": "no-cache",
        "Content-Length": "134",
        "Content-Type": "application/json; charset=utf-8",
        "Date": "Sun, 23 Jul 2023 21:59:18 GMT",
        "Expires": "-1",
        "Pragma": "no-cache",
        "Server": [
          "Microsoft-HTTPAPI/2.0",
          "Microsoft-HTTPAPI/2.0"
        ],
        "Strict-Transport-Security": "max-age=31536000; includeSubDomains",
        "X-Content-Type-Options": "nosniff",
        "x-ms-client-request-id": "f64185e62698843ef06197e7d3a75f0b",
        "x-ms-correlation-request-id": "8981a8cb-f7b4-412b-822c-aeb18cb43fda",
        "x-ms-ratelimit-remaining-resource": "Microsoft.Compute/GetOperation3Min;49980,Microsoft.Compute/GetOperation30Min;399980",
        "x-ms-ratelimit-remaining-subscription-reads": "11963",
        "x-ms-request-id": "257436ca-4d31-44c8-9be4-6828b40b17cd",
        "x-ms-routing-request-id": "CANADACENTRAL:20230723T215918Z:8981a8cb-f7b4-412b-822c-aeb18cb43fda",
        "x-ms-served-by": "d3255131-e7b3-4a83-8960-a836a057d1f8_133217605628169237"
      },
      "ResponseBody": {
        "startTime": "2023-07-24T05:59:17.9735914+08:00",
        "status": "InProgress",
        "name": "0c396afa-d6e5-4ac1-8958-4ec326ba9102"
      }
    },
    {
      "RequestUri": "https://management.azure.com/subscriptions/e37510d7-33b6-4676-886f-ee75bcc01871/providers/Microsoft.Compute/locations/westus2/DiskOperations/0c396afa-d6e5-4ac1-8958-4ec326ba9102?p=d3255131-e7b3-4a83-8960-a836a057d1f8&api-version=2023-01-02",
      "RequestMethod": "GET",
      "RequestHeaders": {
        "Authorization": "Sanitized",
        "traceparent": "00-cc62e7e81b002c099920995a34e4b89c-89d654fdc5f33ff5-00",
        "User-Agent": "azsdk-net-ResourceManager/1.6.0 (.NET 7.0.9; Microsoft Windows 10.0.22621)",
        "x-ms-client-request-id": "df6b8d55e9df65775dbf8e0c69d7af84",
        "x-ms-return-client-request-id": "true"
      },
      "RequestBody": null,
      "StatusCode": 200,
      "ResponseHeaders": {
        "Cache-Control": "no-cache",
        "Content-Length": "601",
        "Content-Type": "application/json; charset=utf-8",
        "Date": "Sun, 23 Jul 2023 21:59:19 GMT",
        "Expires": "-1",
        "Pragma": "no-cache",
        "Server": [
          "Microsoft-HTTPAPI/2.0",
          "Microsoft-HTTPAPI/2.0"
        ],
        "Strict-Transport-Security": "max-age=31536000; includeSubDomains",
        "X-Content-Type-Options": "nosniff",
        "x-ms-client-request-id": "df6b8d55e9df65775dbf8e0c69d7af84",
        "x-ms-correlation-request-id": "b2c84047-571f-4e90-9a51-ba8709d8d2a8",
        "x-ms-ratelimit-remaining-resource": "Microsoft.Compute/GetOperation3Min;49979,Microsoft.Compute/GetOperation30Min;399979",
        "x-ms-ratelimit-remaining-subscription-reads": "11962",
        "x-ms-request-id": "3b592d98-feaf-4e77-b2e9-52044c0a3983",
        "x-ms-routing-request-id": "CANADACENTRAL:20230723T215919Z:b2c84047-571f-4e90-9a51-ba8709d8d2a8",
        "x-ms-served-by": "d3255131-e7b3-4a83-8960-a836a057d1f8_133217605628169237"
      },
      "ResponseBody": {
        "startTime": "2023-07-24T05:59:17.9735914+08:00",
        "endTime": "2023-07-24T05:59:18.6454508+08:00",
        "status": "Succeeded",
        "properties": {
          "output": {
            "name": "testDA3919",
            "id": "/subscriptions/e37510d7-33b6-4676-886f-ee75bcc01871/resourceGroups/testRG-9845/providers/Microsoft.Compute/diskAccesses/testDA3919",
            "type": "Microsoft.Compute/diskAccesses",
            "location": "westus2",
            "tags": {},
            "properties": {
              "provisioningState": "Succeeded",
              "timeCreated": "2023-07-24T05:59:17.9735914+08:00"
            }
          }
        },
        "name": "0c396afa-d6e5-4ac1-8958-4ec326ba9102"
      }
    },
    {
      "RequestUri": "https://management.azure.com/subscriptions/e37510d7-33b6-4676-886f-ee75bcc01871/resourceGroups/testRG-9845/providers/Microsoft.Compute/diskAccesses/testDA3919?api-version=2023-01-02",
      "RequestMethod": "GET",
      "RequestHeaders": {
        "Authorization": "Sanitized",
        "traceparent": "00-cc62e7e81b002c099920995a34e4b89c-3d9565513b61d827-00",
        "User-Agent": "azsdk-net-ResourceManager/1.6.0 (.NET 7.0.9; Microsoft Windows 10.0.22621)",
        "x-ms-client-request-id": "5a882fcd27e42cfa78f7e192759ff81c",
        "x-ms-return-client-request-id": "true"
      },
      "RequestBody": null,
      "StatusCode": 200,
      "ResponseHeaders": {
        "Cache-Control": "no-cache",
        "Content-Length": "376",
        "Content-Type": "application/json; charset=utf-8",
        "Date": "Sun, 23 Jul 2023 21:59:19 GMT",
        "Expires": "-1",
        "Pragma": "no-cache",
        "Server": [
          "Microsoft-HTTPAPI/2.0",
          "Microsoft-HTTPAPI/2.0"
        ],
        "Strict-Transport-Security": "max-age=31536000; includeSubDomains",
        "X-Content-Type-Options": "nosniff",
        "x-ms-client-request-id": "5a882fcd27e42cfa78f7e192759ff81c",
        "x-ms-correlation-request-id": "3d559eef-013b-485e-a189-ae71ed13815f",
        "x-ms-ratelimit-remaining-subscription-reads": "11961",
        "x-ms-request-id": "0f6073f0-54f3-4b92-96ec-3c895323aa3c",
        "x-ms-routing-request-id": "CANADACENTRAL:20230723T215919Z:3d559eef-013b-485e-a189-ae71ed13815f",
        "x-ms-served-by": "d3255131-e7b3-4a83-8960-a836a057d1f8_133217605628169237"
      },
      "ResponseBody": {
        "name": "testDA3919",
        "id": "/subscriptions/e37510d7-33b6-4676-886f-ee75bcc01871/resourceGroups/testRG-9845/providers/Microsoft.Compute/diskAccesses/testDA3919",
        "type": "Microsoft.Compute/diskAccesses",
        "location": "westus2",
        "properties": {
          "provisioningState": "Succeeded",
          "timeCreated": "2023-07-24T05:59:17.9735914+08:00"
        }
      }
    },
    {
      "RequestUri": "https://management.azure.com/subscriptions/e37510d7-33b6-4676-886f-ee75bcc01871/resourceGroups/testRG-9845/providers/Microsoft.Compute/diskAccesses/testDA3919?api-version=2023-01-02",
      "RequestMethod": "GET",
      "RequestHeaders": {
        "Accept": "application/json",
        "Authorization": "Sanitized",
        "traceparent": "00-beb763a00e2e2e0fd535545be5929c7b-c2b3eba9b9234923-00",
        "User-Agent": "azsdk-net-ResourceManager.Compute/1.2.0-alpha.20230723.1 (.NET 7.0.9; Microsoft Windows 10.0.22621)",
        "x-ms-client-request-id": "84049912182efc7e0edc99d898311b18",
        "x-ms-return-client-request-id": "true"
      },
      "RequestBody": null,
      "StatusCode": 200,
      "ResponseHeaders": {
        "Cache-Control": "no-cache",
        "Content-Length": "376",
        "Content-Type": "application/json; charset=utf-8",
        "Date": "Sun, 23 Jul 2023 21:59:19 GMT",
        "Expires": "-1",
        "Pragma": "no-cache",
        "Server": [
          "Microsoft-HTTPAPI/2.0",
          "Microsoft-HTTPAPI/2.0"
        ],
        "Strict-Transport-Security": "max-age=31536000; includeSubDomains",
        "X-Content-Type-Options": "nosniff",
        "x-ms-client-request-id": "84049912182efc7e0edc99d898311b18",
        "x-ms-correlation-request-id": "e2f1af21-5a9f-4f50-b187-00ded40909f5",
        "x-ms-ratelimit-remaining-subscription-reads": "11960",
        "x-ms-request-id": "8cb8e181-704c-436c-b788-8f25a497c90a",
        "x-ms-routing-request-id": "CANADACENTRAL:20230723T215919Z:e2f1af21-5a9f-4f50-b187-00ded40909f5",
        "x-ms-served-by": "d3255131-e7b3-4a83-8960-a836a057d1f8_133217605628169237"
      },
      "ResponseBody": {
        "name": "testDA3919",
        "id": "/subscriptions/e37510d7-33b6-4676-886f-ee75bcc01871/resourceGroups/testRG-9845/providers/Microsoft.Compute/diskAccesses/testDA3919",
        "type": "Microsoft.Compute/diskAccesses",
        "location": "westus2",
        "properties": {
          "provisioningState": "Succeeded",
          "timeCreated": "2023-07-24T05:59:17.9735914+08:00"
        }
      }
    },
    {
      "RequestUri": "https://management.azure.com/subscriptions/e37510d7-33b6-4676-886f-ee75bcc01871/resourceGroups/testRG-9845/providers/Microsoft.Compute/diskAccesses/testDA39191?api-version=2023-01-02",
      "RequestMethod": "GET",
      "RequestHeaders": {
        "Accept": "application/json",
        "Authorization": "Sanitized",
        "traceparent": "00-9646d1ba63ec3f26685c353133e605d2-aa4a0047e9da3ac4-00",
        "User-Agent": "azsdk-net-ResourceManager.Compute/1.2.0-alpha.20230723.1 (.NET 7.0.9; Microsoft Windows 10.0.22621)",
        "x-ms-client-request-id": "a31a12b2041e2e26923f67e808e5efbd",
        "x-ms-return-client-request-id": "true"
      },
      "RequestBody": null,
      "StatusCode": 404,
      "ResponseHeaders": {
        "Cache-Control": "no-cache",
        "Content-Length": "225",
        "Content-Type": "application/json; charset=utf-8",
        "Date": "Sun, 23 Jul 2023 21:59:19 GMT",
        "Expires": "-1",
        "Pragma": "no-cache",
        "Strict-Transport-Security": "max-age=31536000; includeSubDomains",
        "X-Content-Type-Options": "nosniff",
        "x-ms-correlation-request-id": "6fd78f48-77a8-4516-8006-d11bc11f38fd",
        "x-ms-failure-cause": "gateway",
        "x-ms-request-id": "6fd78f48-77a8-4516-8006-d11bc11f38fd",
        "x-ms-routing-request-id": "CANADACENTRAL:20230723T215919Z:6fd78f48-77a8-4516-8006-d11bc11f38fd"
      },
      "ResponseBody": {
        "error": {
          "code": "ResourceNotFound",
          "message": "The Resource 'Microsoft.Compute/diskAccesses/testDA39191' under resource group 'testRG-9845' was not found. For more details please go to https://aka.ms/ARMResourceNotFoundFix"
        }
      }
    }
  ],
  "Variables": {
    "AZURE_AUTHORITY_HOST": "https://login.microsoftonline.com",
    "RandomSeed": "1523470144",
    "RESOURCE_MANAGER_URL": null,
    "SUBSCRIPTION_ID": "e37510d7-33b6-4676-886f-ee75bcc01871"
  }
}