{
  "Entries": [
    {
      "RequestUri": "https://myappconfig.azconfig.io/kv/etags346?api-version=2023-10-01",
      "RequestMethod": "PUT",
      "RequestHeaders": {
        "Accept": "application/vnd.microsoft.appconfig.kv\u002Bjson, application/problem\u002Bjson",
        "Accept-Encoding": "gzip, deflate, br",
        "Accept-Language": "en-US",
        "Authorization": "Sanitized",
        "Connection": "keep-alive",
        "Content-Length": "39",
        "Content-Type": "application/vnd.microsoft.appconfig.kv\u002Bjson",
        "If-None-Match": "*",
        "Origin": "http://localhost:9876",
        "Referer": "http://localhost:9876/",
        "sec-ch-ua": "",
        "sec-ch-ua-mobile": "?0",
        "sec-ch-ua-platform": "\u0022\u0022",
        "Sec-Fetch-Dest": "empty",
        "Sec-Fetch-Mode": "cors",
        "Sec-Fetch-Site": "same-site",
        "User-Agent": "Mozilla/5.0 (X11; Linux x86_64) AppleWebKit/537.36 (KHTML, like Gecko) HeadlessChrome/112.0.5614.0 Safari/537.36",
        "x-ms-client-request-id": "2bb94278-3878-4f01-b511-922f885d5e3d",
        "x-ms-content-sha256": "vslSdTmyYEpsr3EQDBfya9\u002B5WcOgfbVwGyG0Jy05KXM=",
        "x-ms-date": "Fri, 03 Nov 2023 16:56:07 GMT",
        "x-ms-useragent": "azsdk-js-app-configuration/1.5.0 core-rest-pipeline/1.12.3 OS"
      },
      "RequestBody": {
        "key": "etags346",
        "value": "some value"
      },
      "StatusCode": 200,
      "ResponseHeaders": {
        "Access-Control-Allow-Credentials": "true",
        "Access-Control-Allow-Origin": "*",
        "Access-Control-Expose-Headers": "Keep-Alive, Cache-Control, Content-Type, x-ms-client-request-id, Date, Sync-Token, x-ms-correlation-request-id, ETag, Last-Modified, Link, Memento-Datetime, retry-after-ms, x-ms-request-id, WWW-Authenticate, Operation-Location, Retry-After",
        "Connection": "keep-alive",
        "Content-Type": "application/vnd.microsoft.appconfig.kv\u002Bjson; charset=utf-8",
        "Date": "Fri, 03 Nov 2023 16:56:07 GMT",
        "ETag": "\u0022EOAvlZHYYadANWRj7tPdIBPFgE-J_3FZsjqVM1p4CmM\u0022",
        "Last-Modified": "Fri, 03 Nov 2023 16:56:07 GMT",
        "Strict-Transport-Security": "max-age=15724800; includeSubDomains",
        "Sync-Token": "zAJw6V16=NjoxNSM1MzM4MTA0;sn=5338104",
        "Transfer-Encoding": "chunked",
        "x-ms-correlation-request-id": "c65ce24b-b542-4ddf-aab2-dfe15809fb82",
        "x-ms-request-id": "c65ce24b-b542-4ddf-aab2-dfe15809fb82"
      },
      "ResponseBody": {
        "etag": "EOAvlZHYYadANWRj7tPdIBPFgE-J_3FZsjqVM1p4CmM",
        "key": "etags346",
        "label": null,
        "content_type": null,
        "value": "some value",
        "tags": {},
        "locked": false,
        "last_modified": "2023-11-03T16:56:07\u002B00:00"
      }
    },
    {
      "RequestUri": "https://myappconfig.azconfig.io/kv/etags346?api-version=2023-10-01",
      "RequestMethod": "GET",
      "RequestHeaders": {
        "Accept": "application/vnd.microsoft.appconfig.kv\u002Bjson, application/problem\u002Bjson",
        "Accept-Encoding": "gzip, deflate, br",
        "Accept-Language": "en-US",
        "Authorization": "Sanitized",
        "Connection": "keep-alive",
        "Origin": "http://localhost:9876",
        "Referer": "http://localhost:9876/",
        "sec-ch-ua": "",
        "sec-ch-ua-mobile": "?0",
        "sec-ch-ua-platform": "\u0022\u0022",
        "Sec-Fetch-Dest": "empty",
        "Sec-Fetch-Mode": "cors",
        "Sec-Fetch-Site": "same-site",
        "sync-token": "zAJw6V16=NjoxNSM1MzM4MTA0",
        "User-Agent": "Mozilla/5.0 (X11; Linux x86_64) AppleWebKit/537.36 (KHTML, like Gecko) HeadlessChrome/112.0.5614.0 Safari/537.36",
        "x-ms-client-request-id": "01bde9f5-ace0-42fe-a617-c91ae6b1eb4d",
        "x-ms-content-sha256": "47DEQpj8HBSa\u002B/TImW\u002B5JCeuQeRkm5NMpJWZG3hSuFU=",
        "x-ms-date": "Fri, 03 Nov 2023 16:56:07 GMT",
        "x-ms-useragent": "azsdk-js-app-configuration/1.5.0 core-rest-pipeline/1.12.3 OS"
      },
      "RequestBody": null,
      "StatusCode": 200,
      "ResponseHeaders": {
        "Access-Control-Allow-Credentials": "true",
        "Access-Control-Allow-Origin": "*",
        "Access-Control-Expose-Headers": "Keep-Alive, Cache-Control, Content-Type, x-ms-client-request-id, Date, Sync-Token, x-ms-correlation-request-id, ETag, Last-Modified, Link, Memento-Datetime, retry-after-ms, x-ms-request-id, WWW-Authenticate, Operation-Location, Retry-After",
        "Connection": "keep-alive",
        "Content-Type": "application/vnd.microsoft.appconfig.kv\u002Bjson; charset=utf-8",
        "Date": "Fri, 03 Nov 2023 16:56:07 GMT",
        "ETag": "\u0022EOAvlZHYYadANWRj7tPdIBPFgE-J_3FZsjqVM1p4CmM\u0022",
        "Last-Modified": "Fri, 03 Nov 2023 16:56:07 GMT",
        "Strict-Transport-Security": "max-age=15724800; includeSubDomains",
        "Sync-Token": "zAJw6V16=NjoxNSM1MzM4MTA0;sn=5338104",
        "Transfer-Encoding": "chunked",
        "x-ms-correlation-request-id": "7ee0fd55-30af-4ae3-80e1-9159573be684",
        "x-ms-request-id": "7ee0fd55-30af-4ae3-80e1-9159573be684"
      },
      "ResponseBody": {
        "etag": "EOAvlZHYYadANWRj7tPdIBPFgE-J_3FZsjqVM1p4CmM",
        "key": "etags346",
        "label": null,
        "content_type": null,
        "value": "some value",
        "tags": {},
        "locked": false,
        "last_modified": "2023-11-03T16:56:07\u002B00:00"
      }
    },
    {
      "RequestUri": "https://myappconfig.azconfig.io/locks/etags346?api-version=2023-10-01",
      "RequestMethod": "PUT",
      "RequestHeaders": {
        "Accept": "application/vnd.microsoft.appconfig.kv\u002Bjson, application/problem\u002Bjson",
        "Accept-Encoding": "gzip, deflate, br",
        "Accept-Language": "en-US",
        "Authorization": "Sanitized",
        "Connection": "keep-alive",
        "Content-Length": "0",
        "If-Match": "\u0022bogus\u0022",
        "Origin": "http://localhost:9876",
        "Referer": "http://localhost:9876/",
        "sec-ch-ua": "",
        "sec-ch-ua-mobile": "?0",
        "sec-ch-ua-platform": "\u0022\u0022",
        "Sec-Fetch-Dest": "empty",
        "Sec-Fetch-Mode": "cors",
        "Sec-Fetch-Site": "same-site",
        "sync-token": "zAJw6V16=NjoxNSM1MzM4MTA0",
        "User-Agent": "Mozilla/5.0 (X11; Linux x86_64) AppleWebKit/537.36 (KHTML, like Gecko) HeadlessChrome/112.0.5614.0 Safari/537.36",
        "x-ms-client-request-id": "098b6461-776e-4013-bf76-e68d6bd191be",
        "x-ms-content-sha256": "47DEQpj8HBSa\u002B/TImW\u002B5JCeuQeRkm5NMpJWZG3hSuFU=",
        "x-ms-date": "Fri, 03 Nov 2023 16:56:07 GMT",
        "x-ms-useragent": "azsdk-js-app-configuration/1.5.0 core-rest-pipeline/1.12.3 OS"
      },
      "RequestBody": null,
      "StatusCode": 412,
      "ResponseHeaders": {
        "Access-Control-Allow-Credentials": "true",
        "Access-Control-Allow-Origin": "*",
        "Access-Control-Expose-Headers": "Keep-Alive, Cache-Control, Content-Type, x-ms-client-request-id, Date, Sync-Token, x-ms-correlation-request-id, ETag, Last-Modified, Link, Memento-Datetime, retry-after-ms, x-ms-request-id, WWW-Authenticate, Operation-Location, Retry-After",
        "Connection": "keep-alive",
        "Content-Length": "0",
        "Date": "Fri, 03 Nov 2023 16:56:07 GMT",
        "Strict-Transport-Security": "max-age=15724800; includeSubDomains",
        "Sync-Token": "zAJw6V16=NjoxNSM1MzM4MTA0;sn=5338104",
        "x-ms-correlation-request-id": "6f95fd9d-b560-4150-9ed7-bc032ed2f333",
        "x-ms-request-id": "6f95fd9d-b560-4150-9ed7-bc032ed2f333"
      },
      "ResponseBody": null
    },
    {
      "RequestUri": "https://myappconfig.azconfig.io/kv/etags346?api-version=2023-10-01",
      "RequestMethod": "GET",
      "RequestHeaders": {
        "Accept": "application/vnd.microsoft.appconfig.kv\u002Bjson, application/problem\u002Bjson",
        "Accept-Encoding": "gzip, deflate, br",
        "Accept-Language": "en-US",
        "Authorization": "Sanitized",
        "Connection": "keep-alive",
        "Origin": "http://localhost:9876",
        "Referer": "http://localhost:9876/",
        "sec-ch-ua": "",
        "sec-ch-ua-mobile": "?0",
        "sec-ch-ua-platform": "\u0022\u0022",
        "Sec-Fetch-Dest": "empty",
        "Sec-Fetch-Mode": "cors",
        "Sec-Fetch-Site": "same-site",
        "sync-token": "zAJw6V16=NjoxNSM1MzM4MTA0",
        "User-Agent": "Mozilla/5.0 (X11; Linux x86_64) AppleWebKit/537.36 (KHTML, like Gecko) HeadlessChrome/112.0.5614.0 Safari/537.36",
        "x-ms-client-request-id": "e755c642-ed4d-4ae7-8a32-df1be02b5fa0",
        "x-ms-content-sha256": "47DEQpj8HBSa\u002B/TImW\u002B5JCeuQeRkm5NMpJWZG3hSuFU=",
        "x-ms-date": "Fri, 03 Nov 2023 16:56:07 GMT",
        "x-ms-useragent": "azsdk-js-app-configuration/1.5.0 core-rest-pipeline/1.12.3 OS"
      },
      "RequestBody": null,
      "StatusCode": 200,
      "ResponseHeaders": {
        "Access-Control-Allow-Credentials": "true",
        "Access-Control-Allow-Origin": "*",
        "Access-Control-Expose-Headers": "Keep-Alive, Cache-Control, Content-Type, x-ms-client-request-id, Date, Sync-Token, x-ms-correlation-request-id, ETag, Last-Modified, Link, Memento-Datetime, retry-after-ms, x-ms-request-id, WWW-Authenticate, Operation-Location, Retry-After",
        "Connection": "keep-alive",
        "Content-Type": "application/vnd.microsoft.appconfig.kv\u002Bjson; charset=utf-8",
        "Date": "Fri, 03 Nov 2023 16:56:08 GMT",
        "ETag": "\u0022EOAvlZHYYadANWRj7tPdIBPFgE-J_3FZsjqVM1p4CmM\u0022",
        "Last-Modified": "Fri, 03 Nov 2023 16:56:07 GMT",
        "Strict-Transport-Security": "max-age=15724800; includeSubDomains",
        "Sync-Token": "zAJw6V16=NjoxNSM1MzM4MTA0;sn=5338104",
        "Transfer-Encoding": "chunked",
        "x-ms-correlation-request-id": "cbdc640d-9822-474e-846a-47e2238e7104",
        "x-ms-request-id": "cbdc640d-9822-474e-846a-47e2238e7104"
      },
      "ResponseBody": {
        "etag": "EOAvlZHYYadANWRj7tPdIBPFgE-J_3FZsjqVM1p4CmM",
        "key": "etags346",
        "label": null,
        "content_type": null,
        "value": "some value",
        "tags": {},
        "locked": false,
        "last_modified": "2023-11-03T16:56:07\u002B00:00"
      }
    },
    {
      "RequestUri": "https://myappconfig.azconfig.io/locks/etags346?api-version=2023-10-01",
      "RequestMethod": "PUT",
      "RequestHeaders": {
        "Accept": "application/vnd.microsoft.appconfig.kv\u002Bjson, application/problem\u002Bjson",
        "Accept-Encoding": "gzip, deflate, br",
        "Accept-Language": "en-US",
        "Authorization": "Sanitized",
        "Connection": "keep-alive",
        "Content-Length": "0",
        "If-Match": "\u0022EOAvlZHYYadANWRj7tPdIBPFgE-J_3FZsjqVM1p4CmM\u0022",
        "Origin": "http://localhost:9876",
        "Referer": "http://localhost:9876/",
        "sec-ch-ua": "",
        "sec-ch-ua-mobile": "?0",
        "sec-ch-ua-platform": "\u0022\u0022",
        "Sec-Fetch-Dest": "empty",
        "Sec-Fetch-Mode": "cors",
        "Sec-Fetch-Site": "same-site",
        "sync-token": "zAJw6V16=NjoxNSM1MzM4MTA0",
        "User-Agent": "Mozilla/5.0 (X11; Linux x86_64) AppleWebKit/537.36 (KHTML, like Gecko) HeadlessChrome/112.0.5614.0 Safari/537.36",
        "x-ms-client-request-id": "7e1a6d1b-fa19-4d57-bc83-e5d2f43ff77b",
        "x-ms-content-sha256": "47DEQpj8HBSa\u002B/TImW\u002B5JCeuQeRkm5NMpJWZG3hSuFU=",
        "x-ms-date": "Fri, 03 Nov 2023 16:56:08 GMT",
        "x-ms-useragent": "azsdk-js-app-configuration/1.5.0 core-rest-pipeline/1.12.3 OS"
      },
      "RequestBody": null,
      "StatusCode": 200,
      "ResponseHeaders": {
        "Access-Control-Allow-Credentials": "true",
        "Access-Control-Allow-Origin": "*",
        "Access-Control-Expose-Headers": "Keep-Alive, Cache-Control, Content-Type, x-ms-client-request-id, Date, Sync-Token, x-ms-correlation-request-id, ETag, Last-Modified, Link, Memento-Datetime, retry-after-ms, x-ms-request-id, WWW-Authenticate, Operation-Location, Retry-After",
        "Connection": "keep-alive",
        "Content-Type": "application/vnd.microsoft.appconfig.kv\u002Bjson; charset=utf-8",
        "Date": "Fri, 03 Nov 2023 16:56:08 GMT",
        "ETag": "\u0022FTGvOpPAbxEGu4Mz4HUPEyVrytHALBHXkmt45VdY84k\u0022",
        "Last-Modified": "Fri, 03 Nov 2023 16:56:08 GMT",
        "Strict-Transport-Security": "max-age=15724800; includeSubDomains",
        "Sync-Token": "zAJw6V16=NjoxNSM1MzM4MTA1;sn=5338105",
        "Transfer-Encoding": "chunked",
        "x-ms-correlation-request-id": "e5ea6606-c064-4075-977e-105e0af5a48b",
        "x-ms-request-id": "e5ea6606-c064-4075-977e-105e0af5a48b"
      },
      "ResponseBody": {
        "etag": "FTGvOpPAbxEGu4Mz4HUPEyVrytHALBHXkmt45VdY84k",
        "key": "etags346",
        "label": null,
        "content_type": null,
        "value": "some value",
        "tags": {},
        "locked": true,
        "last_modified": "2023-11-03T16:56:08\u002B00:00"
      }
    },
    {
      "RequestUri": "https://myappconfig.azconfig.io/kv/etags346?api-version=2023-10-01",
      "RequestMethod": "GET",
      "RequestHeaders": {
        "Accept": "application/vnd.microsoft.appconfig.kv\u002Bjson, application/problem\u002Bjson",
        "Accept-Encoding": "gzip, deflate, br",
        "Accept-Language": "en-US",
        "Authorization": "Sanitized",
        "Connection": "keep-alive",
        "Origin": "http://localhost:9876",
        "Referer": "http://localhost:9876/",
        "sec-ch-ua": "",
        "sec-ch-ua-mobile": "?0",
        "sec-ch-ua-platform": "\u0022\u0022",
        "Sec-Fetch-Dest": "empty",
        "Sec-Fetch-Mode": "cors",
        "Sec-Fetch-Site": "same-site",
        "sync-token": "zAJw6V16=NjoxNSM1MzM4MTA1",
        "User-Agent": "Mozilla/5.0 (X11; Linux x86_64) AppleWebKit/537.36 (KHTML, like Gecko) HeadlessChrome/112.0.5614.0 Safari/537.36",
        "x-ms-client-request-id": "c45d9157-05ef-4b4e-b0b7-a63ecb163894",
        "x-ms-content-sha256": "47DEQpj8HBSa\u002B/TImW\u002B5JCeuQeRkm5NMpJWZG3hSuFU=",
        "x-ms-date": "Fri, 03 Nov 2023 16:56:08 GMT",
        "x-ms-useragent": "azsdk-js-app-configuration/1.5.0 core-rest-pipeline/1.12.3 OS"
      },
      "RequestBody": null,
      "StatusCode": 200,
      "ResponseHeaders": {
        "Access-Control-Allow-Credentials": "true",
        "Access-Control-Allow-Origin": "*",
        "Access-Control-Expose-Headers": "Keep-Alive, Cache-Control, Content-Type, x-ms-client-request-id, Date, Sync-Token, x-ms-correlation-request-id, ETag, Last-Modified, Link, Memento-Datetime, retry-after-ms, x-ms-request-id, WWW-Authenticate, Operation-Location, Retry-After",
        "Connection": "keep-alive",
        "Content-Type": "application/vnd.microsoft.appconfig.kv\u002Bjson; charset=utf-8",
        "Date": "Fri, 03 Nov 2023 16:56:08 GMT",
        "ETag": "\u0022FTGvOpPAbxEGu4Mz4HUPEyVrytHALBHXkmt45VdY84k\u0022",
        "Last-Modified": "Fri, 03 Nov 2023 16:56:08 GMT",
        "Strict-Transport-Security": "max-age=15724800; includeSubDomains",
        "Sync-Token": "zAJw6V16=NjoxNSM1MzM4MTA2;sn=5338106",
        "Transfer-Encoding": "chunked",
        "x-ms-correlation-request-id": "ee65e329-9417-410a-b6e9-21e3f8a17c5d",
        "x-ms-request-id": "ee65e329-9417-410a-b6e9-21e3f8a17c5d"
      },
      "ResponseBody": {
        "etag": "FTGvOpPAbxEGu4Mz4HUPEyVrytHALBHXkmt45VdY84k",
        "key": "etags346",
        "label": null,
        "content_type": null,
        "value": "some value",
        "tags": {},
        "locked": true,
        "last_modified": "2023-11-03T16:56:08\u002B00:00"
      }
    },
    {
      "RequestUri": "https://myappconfig.azconfig.io/locks/etags346?api-version=2023-10-01",
      "RequestMethod": "DELETE",
      "RequestHeaders": {
        "Accept": "application/vnd.microsoft.appconfig.kv\u002Bjson, application/problem\u002Bjson",
        "Accept-Encoding": "gzip, deflate, br",
        "Accept-Language": "en-US",
        "Authorization": "Sanitized",
        "Connection": "keep-alive",
        "If-Match": "\u0022bogus\u0022",
        "Origin": "http://localhost:9876",
        "Referer": "http://localhost:9876/",
        "sec-ch-ua": "",
        "sec-ch-ua-mobile": "?0",
        "sec-ch-ua-platform": "\u0022\u0022",
        "Sec-Fetch-Dest": "empty",
        "Sec-Fetch-Mode": "cors",
        "Sec-Fetch-Site": "same-site",
        "sync-token": "zAJw6V16=NjoxNSM1MzM4MTA2",
        "User-Agent": "Mozilla/5.0 (X11; Linux x86_64) AppleWebKit/537.36 (KHTML, like Gecko) HeadlessChrome/112.0.5614.0 Safari/537.36",
        "x-ms-client-request-id": "8908bc8c-85dc-4349-9ad8-ffe7a4d9ef1c",
        "x-ms-content-sha256": "47DEQpj8HBSa\u002B/TImW\u002B5JCeuQeRkm5NMpJWZG3hSuFU=",
        "x-ms-date": "Fri, 03 Nov 2023 16:56:08 GMT",
        "x-ms-useragent": "azsdk-js-app-configuration/1.5.0 core-rest-pipeline/1.12.3 OS"
      },
      "RequestBody": null,
      "StatusCode": 412,
      "ResponseHeaders": {
        "Access-Control-Allow-Credentials": "true",
        "Access-Control-Allow-Origin": "*",
        "Access-Control-Expose-Headers": "Keep-Alive, Cache-Control, Content-Type, x-ms-client-request-id, Date, Sync-Token, x-ms-correlation-request-id, ETag, Last-Modified, Link, Memento-Datetime, retry-after-ms, x-ms-request-id, WWW-Authenticate, Operation-Location, Retry-After",
        "Connection": "keep-alive",
        "Content-Length": "0",
        "Date": "Fri, 03 Nov 2023 16:56:08 GMT",
        "Strict-Transport-Security": "max-age=15724800; includeSubDomains",
        "Sync-Token": "zAJw6V16=NjoxNSM1MzM4MTA2;sn=5338106",
        "x-ms-correlation-request-id": "ee71fcb1-abb0-4c4d-b9c3-0fe7eb4c9cdc",
        "x-ms-request-id": "ee71fcb1-abb0-4c4d-b9c3-0fe7eb4c9cdc"
      },
      "ResponseBody": null
    },
    {
      "RequestUri": "https://myappconfig.azconfig.io/kv/etags346?api-version=2023-10-01",
      "RequestMethod": "GET",
      "RequestHeaders": {
        "Accept": "application/vnd.microsoft.appconfig.kv\u002Bjson, application/problem\u002Bjson",
        "Accept-Encoding": "gzip, deflate, br",
        "Accept-Language": "en-US",
        "Authorization": "Sanitized",
        "Connection": "keep-alive",
        "Origin": "http://localhost:9876",
        "Referer": "http://localhost:9876/",
        "sec-ch-ua": "",
        "sec-ch-ua-mobile": "?0",
        "sec-ch-ua-platform": "\u0022\u0022",
        "Sec-Fetch-Dest": "empty",
        "Sec-Fetch-Mode": "cors",
        "Sec-Fetch-Site": "same-site",
        "sync-token": "zAJw6V16=NjoxNSM1MzM4MTA2",
        "User-Agent": "Mozilla/5.0 (X11; Linux x86_64) AppleWebKit/537.36 (KHTML, like Gecko) HeadlessChrome/112.0.5614.0 Safari/537.36",
        "x-ms-client-request-id": "d891e28c-eba3-4be0-9a79-aed110f2a9ab",
        "x-ms-content-sha256": "47DEQpj8HBSa\u002B/TImW\u002B5JCeuQeRkm5NMpJWZG3hSuFU=",
        "x-ms-date": "Fri, 03 Nov 2023 16:56:08 GMT",
        "x-ms-useragent": "azsdk-js-app-configuration/1.5.0 core-rest-pipeline/1.12.3 OS"
      },
      "RequestBody": null,
      "StatusCode": 200,
      "ResponseHeaders": {
        "Access-Control-Allow-Credentials": "true",
        "Access-Control-Allow-Origin": "*",
        "Access-Control-Expose-Headers": "Keep-Alive, Cache-Control, Content-Type, x-ms-client-request-id, Date, Sync-Token, x-ms-correlation-request-id, ETag, Last-Modified, Link, Memento-Datetime, retry-after-ms, x-ms-request-id, WWW-Authenticate, Operation-Location, Retry-After",
        "Connection": "keep-alive",
        "Content-Type": "application/vnd.microsoft.appconfig.kv\u002Bjson; charset=utf-8",
        "Date": "Fri, 03 Nov 2023 16:56:08 GMT",
        "ETag": "\u0022FTGvOpPAbxEGu4Mz4HUPEyVrytHALBHXkmt45VdY84k\u0022",
        "Last-Modified": "Fri, 03 Nov 2023 16:56:08 GMT",
        "Strict-Transport-Security": "max-age=15724800; includeSubDomains",
        "Sync-Token": "zAJw6V16=NjoxNSM1MzM4MTA2;sn=5338106",
        "Transfer-Encoding": "chunked",
        "x-ms-correlation-request-id": "e65619d8-9ab7-400b-9a99-1b79f0626b1b",
        "x-ms-request-id": "e65619d8-9ab7-400b-9a99-1b79f0626b1b"
      },
      "ResponseBody": {
        "etag": "FTGvOpPAbxEGu4Mz4HUPEyVrytHALBHXkmt45VdY84k",
        "key": "etags346",
        "label": null,
        "content_type": null,
        "value": "some value",
        "tags": {},
        "locked": true,
        "last_modified": "2023-11-03T16:56:08\u002B00:00"
      }
    },
    {
      "RequestUri": "https://myappconfig.azconfig.io/locks/etags346?api-version=2023-10-01",
      "RequestMethod": "DELETE",
      "RequestHeaders": {
        "Accept": "application/vnd.microsoft.appconfig.kv\u002Bjson, application/problem\u002Bjson",
        "Accept-Encoding": "gzip, deflate, br",
        "Accept-Language": "en-US",
        "Authorization": "Sanitized",
        "Connection": "keep-alive",
        "If-Match": "\u0022FTGvOpPAbxEGu4Mz4HUPEyVrytHALBHXkmt45VdY84k\u0022",
        "Origin": "http://localhost:9876",
        "Referer": "http://localhost:9876/",
        "sec-ch-ua": "",
        "sec-ch-ua-mobile": "?0",
        "sec-ch-ua-platform": "\u0022\u0022",
        "Sec-Fetch-Dest": "empty",
        "Sec-Fetch-Mode": "cors",
        "Sec-Fetch-Site": "same-site",
        "sync-token": "zAJw6V16=NjoxNSM1MzM4MTA2",
        "User-Agent": "Mozilla/5.0 (X11; Linux x86_64) AppleWebKit/537.36 (KHTML, like Gecko) HeadlessChrome/112.0.5614.0 Safari/537.36",
        "x-ms-client-request-id": "39350341-7f02-41e1-9969-1abc50bd0bd8",
        "x-ms-content-sha256": "47DEQpj8HBSa\u002B/TImW\u002B5JCeuQeRkm5NMpJWZG3hSuFU=",
        "x-ms-date": "Fri, 03 Nov 2023 16:56:08 GMT",
        "x-ms-useragent": "azsdk-js-app-configuration/1.5.0 core-rest-pipeline/1.12.3 OS"
      },
      "RequestBody": null,
      "StatusCode": 200,
      "ResponseHeaders": {
        "Access-Control-Allow-Credentials": "true",
        "Access-Control-Allow-Origin": "*",
        "Access-Control-Expose-Headers": "Keep-Alive, Cache-Control, Content-Type, x-ms-client-request-id, Date, Sync-Token, x-ms-correlation-request-id, ETag, Last-Modified, Link, Memento-Datetime, retry-after-ms, x-ms-request-id, WWW-Authenticate, Operation-Location, Retry-After",
        "Connection": "keep-alive",
        "Content-Type": "application/vnd.microsoft.appconfig.kv\u002Bjson; charset=utf-8",
        "Date": "Fri, 03 Nov 2023 16:56:08 GMT",
        "ETag": "\u00226i00vYf7mnYRn26r0A2cel5Gvp1UBRUuCQcgsriNMPw\u0022",
        "Last-Modified": "Fri, 03 Nov 2023 16:56:08 GMT",
        "Strict-Transport-Security": "max-age=15724800; includeSubDomains",
        "Sync-Token": "zAJw6V16=NjoxNSM1MzM4MTA3;sn=5338107",
        "Transfer-Encoding": "chunked",
        "x-ms-correlation-request-id": "a4719144-9eda-48eb-80fa-e8ee5627e480",
        "x-ms-request-id": "a4719144-9eda-48eb-80fa-e8ee5627e480"
      },
      "ResponseBody": {
        "etag": "6i00vYf7mnYRn26r0A2cel5Gvp1UBRUuCQcgsriNMPw",
        "key": "etags346",
        "label": null,
        "content_type": null,
        "value": "some value",
        "tags": {},
        "locked": false,
        "last_modified": "2023-11-03T16:56:08\u002B00:00"
      }
    },
    {
      "RequestUri": "https://myappconfig.azconfig.io/kv/etags346?api-version=2023-10-01",
      "RequestMethod": "GET",
      "RequestHeaders": {
        "Accept": "application/vnd.microsoft.appconfig.kv\u002Bjson, application/problem\u002Bjson",
        "Accept-Encoding": "gzip, deflate, br",
        "Accept-Language": "en-US",
        "Authorization": "Sanitized",
        "Connection": "keep-alive",
        "Origin": "http://localhost:9876",
        "Referer": "http://localhost:9876/",
        "sec-ch-ua": "",
        "sec-ch-ua-mobile": "?0",
        "sec-ch-ua-platform": "\u0022\u0022",
        "Sec-Fetch-Dest": "empty",
        "Sec-Fetch-Mode": "cors",
        "Sec-Fetch-Site": "same-site",
        "sync-token": "zAJw6V16=NjoxNSM1MzM4MTA3",
        "User-Agent": "Mozilla/5.0 (X11; Linux x86_64) AppleWebKit/537.36 (KHTML, like Gecko) HeadlessChrome/112.0.5614.0 Safari/537.36",
        "x-ms-client-request-id": "7211880e-f50e-4f2f-8dc3-36bddea8bfad",
        "x-ms-content-sha256": "47DEQpj8HBSa\u002B/TImW\u002B5JCeuQeRkm5NMpJWZG3hSuFU=",
        "x-ms-date": "Fri, 03 Nov 2023 16:56:08 GMT",
        "x-ms-useragent": "azsdk-js-app-configuration/1.5.0 core-rest-pipeline/1.12.3 OS"
      },
      "RequestBody": null,
      "StatusCode": 200,
      "ResponseHeaders": {
        "Access-Control-Allow-Credentials": "true",
        "Access-Control-Allow-Origin": "*",
        "Access-Control-Expose-Headers": "Keep-Alive, Cache-Control, Content-Type, x-ms-client-request-id, Date, Sync-Token, x-ms-correlation-request-id, ETag, Last-Modified, Link, Memento-Datetime, retry-after-ms, x-ms-request-id, WWW-Authenticate, Operation-Location, Retry-After",
        "Connection": "keep-alive",
        "Content-Type": "application/vnd.microsoft.appconfig.kv\u002Bjson; charset=utf-8",
        "Date": "Fri, 03 Nov 2023 16:56:08 GMT",
        "ETag": "\u00226i00vYf7mnYRn26r0A2cel5Gvp1UBRUuCQcgsriNMPw\u0022",
        "Last-Modified": "Fri, 03 Nov 2023 16:56:08 GMT",
        "Strict-Transport-Security": "max-age=15724800; includeSubDomains",
        "Sync-Token": "zAJw6V16=NjoxNSM1MzM4MTA4;sn=5338108",
        "Transfer-Encoding": "chunked",
        "x-ms-correlation-request-id": "e29baf6e-2405-49d7-be49-1b789895fdcd",
        "x-ms-request-id": "e29baf6e-2405-49d7-be49-1b789895fdcd"
      },
      "ResponseBody": {
        "etag": "6i00vYf7mnYRn26r0A2cel5Gvp1UBRUuCQcgsriNMPw",
        "key": "etags346",
        "label": null,
        "content_type": null,
        "value": "some value",
        "tags": {},
        "locked": false,
        "last_modified": "2023-11-03T16:56:08\u002B00:00"
      }
    },
    {
      "RequestUri": "https://myappconfig.azconfig.io/kv?api-version=2023-10-01\u0026key=etags346",
      "RequestMethod": "GET",
      "RequestHeaders": {
        "Accept": "application/vnd.microsoft.appconfig.kvset\u002Bjson, application/problem\u002Bjson",
        "Accept-Encoding": "gzip, deflate, br",
        "Accept-Language": "en-US",
        "Authorization": "Sanitized",
        "Connection": "keep-alive",
        "Origin": "http://localhost:9876",
        "Referer": "http://localhost:9876/",
        "sec-ch-ua": "",
        "sec-ch-ua-mobile": "?0",
        "sec-ch-ua-platform": "\u0022\u0022",
        "Sec-Fetch-Dest": "empty",
        "Sec-Fetch-Mode": "cors",
        "Sec-Fetch-Site": "same-site",
        "sync-token": "zAJw6V16=NjoxNSM1MzM4MTA4",
        "User-Agent": "Mozilla/5.0 (X11; Linux x86_64) AppleWebKit/537.36 (KHTML, like Gecko) HeadlessChrome/112.0.5614.0 Safari/537.36",
        "x-ms-client-request-id": "a2ab7146-6137-46ef-9078-90dc98728d3f",
        "x-ms-content-sha256": "47DEQpj8HBSa\u002B/TImW\u002B5JCeuQeRkm5NMpJWZG3hSuFU=",
        "x-ms-date": "Fri, 03 Nov 2023 16:56:08 GMT",
        "x-ms-useragent": "azsdk-js-app-configuration/1.5.0 core-rest-pipeline/1.12.3 OS"
      },
      "RequestBody": null,
      "StatusCode": 200,
      "ResponseHeaders": {
        "Access-Control-Allow-Credentials": "true",
        "Access-Control-Allow-Origin": "*",
        "Access-Control-Expose-Headers": "Keep-Alive, Cache-Control, Content-Type, x-ms-client-request-id, Date, Sync-Token, x-ms-correlation-request-id, ETag, Last-Modified, Link, Memento-Datetime, retry-after-ms, x-ms-request-id, WWW-Authenticate, Operation-Location, Retry-After",
        "Connection": "keep-alive",
        "Content-Type": "application/vnd.microsoft.appconfig.kvset\u002Bjson; charset=utf-8",
        "Date": "Fri, 03 Nov 2023 16:56:08 GMT",
        "ETag": "\u00226GoUs5XiHPUA_UWItxQvBp6Vi6snIhnsx5cLwjVHmp8\u0022",
        "Strict-Transport-Security": "max-age=15724800; includeSubDomains",
        "Sync-Token": "zAJw6V16=NjoxNSM1MzM4MTA4;sn=5338108",
        "Transfer-Encoding": "chunked",
        "x-ms-correlation-request-id": "fe83f3f2-bf6d-4af6-9b9f-47183b7f3de5",
        "x-ms-request-id": "fe83f3f2-bf6d-4af6-9b9f-47183b7f3de5"
      },
      "ResponseBody": {
        "etag": "6GoUs5XiHPUA_UWItxQvBp6Vi6snIhnsx5cLwjVHmp8",
        "items": [
          {
            "etag": "6i00vYf7mnYRn26r0A2cel5Gvp1UBRUuCQcgsriNMPw",
            "key": "etags346",
            "label": null,
            "content_type": null,
            "value": "some value",
            "tags": {},
            "locked": false,
            "last_modified": "2023-11-03T16:56:08\u002B00:00"
          }
        ]
      }
    },
    {
      "RequestUri": "https://myappconfig.azconfig.io/kv/etags346?api-version=2023-10-01",
      "RequestMethod": "DELETE",
      "RequestHeaders": {
        "Accept": "application/vnd.microsoft.appconfig.kv\u002Bjson, application/problem\u002Bjson",
        "Accept-Encoding": "gzip, deflate, br",
        "Accept-Language": "en-US",
        "Authorization": "Sanitized",
        "Connection": "keep-alive",
        "Origin": "http://localhost:9876",
        "Referer": "http://localhost:9876/",
        "sec-ch-ua": "",
        "sec-ch-ua-mobile": "?0",
        "sec-ch-ua-platform": "\u0022\u0022",
        "Sec-Fetch-Dest": "empty",
        "Sec-Fetch-Mode": "cors",
        "Sec-Fetch-Site": "same-site",
        "sync-token": "zAJw6V16=NjoxNSM1MzM4MTA4",
        "User-Agent": "Mozilla/5.0 (X11; Linux x86_64) AppleWebKit/537.36 (KHTML, like Gecko) HeadlessChrome/112.0.5614.0 Safari/537.36",
        "x-ms-client-request-id": "2e0ae0c1-2fe5-4e37-9205-d2b4968e927e",
        "x-ms-content-sha256": "47DEQpj8HBSa\u002B/TImW\u002B5JCeuQeRkm5NMpJWZG3hSuFU=",
        "x-ms-date": "Fri, 03 Nov 2023 16:56:08 GMT",
        "x-ms-useragent": "azsdk-js-app-configuration/1.5.0 core-rest-pipeline/1.12.3 OS"
      },
      "RequestBody": null,
      "StatusCode": 200,
      "ResponseHeaders": {
        "Access-Control-Allow-Credentials": "true",
        "Access-Control-Allow-Origin": "*",
        "Access-Control-Expose-Headers": "Keep-Alive, Cache-Control, Content-Type, x-ms-client-request-id, Date, Sync-Token, x-ms-correlation-request-id, ETag, Last-Modified, Link, Memento-Datetime, retry-after-ms, x-ms-request-id, WWW-Authenticate, Operation-Location, Retry-After",
        "Connection": "keep-alive",
        "Content-Type": "application/vnd.microsoft.appconfig.kv\u002Bjson; charset=utf-8",
        "Date": "Fri, 03 Nov 2023 16:56:08 GMT",
        "ETag": "\u00226i00vYf7mnYRn26r0A2cel5Gvp1UBRUuCQcgsriNMPw\u0022",
        "Last-Modified": "Fri, 03 Nov 2023 16:56:08 GMT",
        "Strict-Transport-Security": "max-age=15724800; includeSubDomains",
        "Sync-Token": "zAJw6V16=NjoxNSM1MzM4MTA5;sn=5338109",
        "Transfer-Encoding": "chunked",
        "x-ms-correlation-request-id": "2ec6fe4b-f585-4ef7-8e96-6aa2e60e7839",
        "x-ms-request-id": "2ec6fe4b-f585-4ef7-8e96-6aa2e60e7839"
      },
      "ResponseBody": {
        "etag": "6i00vYf7mnYRn26r0A2cel5Gvp1UBRUuCQcgsriNMPw",
        "key": "etags346",
        "label": null,
        "content_type": null,
        "value": "some value",
        "tags": {},
        "locked": false,
        "last_modified": "2023-11-03T16:56:08\u002B00:00"
      }
    }
  ],
  "Variables": {
    "etags": "etags346"
  }
}
