{
  "Entries": [
    {
      "RequestUri": "https://fakevault.local/secrets/listsecrets02663316706?api-version=7.4",
      "RequestMethod": "PUT",
      "RequestHeaders": {
        "Accept": "application/json",
        "Accept-Encoding": "gzip",
        "Content-Length": "0",
        "User-Agent": "azsdk-go-azsecrets/v0.14.0 (go1.19.3; linux)"
      },
      "RequestBody": null,
      "StatusCode": 401,
      "ResponseHeaders": {
        "Cache-Control": "no-cache",
        "Content-Length": "97",
        "Content-Type": "application/json; charset=utf-8",
        "Date": "Mon, 05 Jun 2023 17:27:17 GMT",
        "Expires": "-1",
        "Pragma": "no-cache",
        "Strict-Transport-Security": "max-age=31536000;includeSubDomains",
        "WWW-Authenticate": "Bearer authorization=\u0022https://login.microsoftonline.com/72f988bf-86f1-41af-91ab-2d7cd011db47\u0022, resource=\u0022https://local\u0022",
        "X-Content-Type-Options": "nosniff",
        "x-ms-keyvault-network-info": "conn_type=Ipv4;addr=131.107.174.179;act_addr_fam=InterNetwork;",
        "x-ms-keyvault-region": "westus",
        "x-ms-keyvault-service-version": "1.9.830.1",
        "x-ms-request-id": "cda94c51-a51e-46c6-b0df-7d8b51f19482"
      },
      "ResponseBody": {
        "error": {
          "code": "Unauthorized",
          "message": "AKV10000: Request is missing a Bearer or PoP token."
        }
      }
    },
    {
      "RequestUri": "https://fakevault.local/secrets/listsecrets02663316706?api-version=7.4",
      "RequestMethod": "PUT",
      "RequestHeaders": {
        "Accept": "application/json",
        "Accept-Encoding": "gzip",
        "Authorization": "Sanitized",
        "Content-Length": "28",
        "Content-Type": "application/json",
        "User-Agent": "azsdk-go-azsecrets/v0.14.0 (go1.19.3; linux)"
      },
      "RequestBody": {
        "value": "value02663316706"
      },
      "StatusCode": 200,
      "ResponseHeaders": {
        "Cache-Control": "no-cache",
        "Content-Length": "265",
        "Content-Type": "application/json; charset=utf-8",
        "Date": "Mon, 05 Jun 2023 17:27:19 GMT",
        "Expires": "-1",
        "Pragma": "no-cache",
        "Strict-Transport-Security": "max-age=31536000;includeSubDomains",
        "X-Content-Type-Options": "nosniff",
        "x-ms-keyvault-network-info": "conn_type=Ipv4;addr=131.107.174.179;act_addr_fam=InterNetwork;",
        "x-ms-keyvault-region": "westus",
        "x-ms-keyvault-service-version": "1.9.830.1",
        "x-ms-request-id": "58aec8a2-5aaa-4f0b-88b1-2914337c0048"
      },
      "ResponseBody": {
        "value": "value02663316706",
        "id": "https://fakevault.local/secrets/listsecrets02663316706/d8de1ac449564cec973cf51d79401907",
        "attributes": {
          "enabled": true,
          "created": 1685986039,
          "updated": 1685986039,
          "recoveryLevel": "CustomizedRecoverable\u002BPurgeable",
          "recoverableDays": 7
        }
      }
    },
    {
      "RequestUri": "https://fakevault.local/secrets/listsecrets12663316706?api-version=7.4",
      "RequestMethod": "PUT",
      "RequestHeaders": {
        "Accept": "application/json",
        "Accept-Encoding": "gzip",
        "Authorization": "Sanitized",
        "Content-Length": "28",
        "Content-Type": "application/json",
        "User-Agent": "azsdk-go-azsecrets/v0.14.0 (go1.19.3; linux)"
      },
      "RequestBody": {
        "value": "value12663316706"
      },
      "StatusCode": 200,
      "ResponseHeaders": {
        "Cache-Control": "no-cache",
        "Content-Length": "265",
        "Content-Type": "application/json; charset=utf-8",
        "Date": "Mon, 05 Jun 2023 17:27:19 GMT",
        "Expires": "-1",
        "Pragma": "no-cache",
        "Strict-Transport-Security": "max-age=31536000;includeSubDomains",
        "X-Content-Type-Options": "nosniff",
        "x-ms-keyvault-network-info": "conn_type=Ipv4;addr=131.107.174.179;act_addr_fam=InterNetwork;",
        "x-ms-keyvault-region": "westus",
        "x-ms-keyvault-service-version": "1.9.830.1",
        "x-ms-request-id": "b45372f2-0ba5-475c-89df-0c6a82e55bce"
      },
      "ResponseBody": {
        "value": "value12663316706",
        "id": "https://fakevault.local/secrets/listsecrets12663316706/b9945d786cd7461da917f6201184a2c8",
        "attributes": {
          "enabled": true,
          "created": 1685986039,
          "updated": 1685986039,
          "recoveryLevel": "CustomizedRecoverable\u002BPurgeable",
          "recoverableDays": 7
        }
      }
    },
    {
      "RequestUri": "https://fakevault.local/secrets/listsecrets22663316706?api-version=7.4",
      "RequestMethod": "PUT",
      "RequestHeaders": {
        "Accept": "application/json",
        "Accept-Encoding": "gzip",
        "Authorization": "Sanitized",
        "Content-Length": "28",
        "Content-Type": "application/json",
        "User-Agent": "azsdk-go-azsecrets/v0.14.0 (go1.19.3; linux)"
      },
      "RequestBody": {
        "value": "value22663316706"
      },
      "StatusCode": 200,
      "ResponseHeaders": {
        "Cache-Control": "no-cache",
        "Content-Length": "265",
        "Content-Type": "application/json; charset=utf-8",
        "Date": "Mon, 05 Jun 2023 17:27:19 GMT",
        "Expires": "-1",
        "Pragma": "no-cache",
        "Strict-Transport-Security": "max-age=31536000;includeSubDomains",
        "X-Content-Type-Options": "nosniff",
        "x-ms-keyvault-network-info": "conn_type=Ipv4;addr=131.107.174.179;act_addr_fam=InterNetwork;",
        "x-ms-keyvault-region": "westus",
        "x-ms-keyvault-service-version": "1.9.830.1",
        "x-ms-request-id": "ada0078a-2102-4b07-b518-c17c9b212863"
      },
      "ResponseBody": {
        "value": "value22663316706",
        "id": "https://fakevault.local/secrets/listsecrets22663316706/9d706fe589054da48871e42ea034a7ea",
        "attributes": {
          "enabled": true,
          "created": 1685986039,
          "updated": 1685986039,
          "recoveryLevel": "CustomizedRecoverable\u002BPurgeable",
          "recoverableDays": 7
        }
      }
    },
    {
      "RequestUri": "https://fakevault.local/secrets/listsecrets32663316706?api-version=7.4",
      "RequestMethod": "PUT",
      "RequestHeaders": {
        "Accept": "application/json",
        "Accept-Encoding": "gzip",
        "Authorization": "Sanitized",
        "Content-Length": "28",
        "Content-Type": "application/json",
        "User-Agent": "azsdk-go-azsecrets/v0.14.0 (go1.19.3; linux)"
      },
      "RequestBody": {
        "value": "value32663316706"
      },
      "StatusCode": 200,
      "ResponseHeaders": {
        "Cache-Control": "no-cache",
        "Content-Length": "265",
        "Content-Type": "application/json; charset=utf-8",
        "Date": "Mon, 05 Jun 2023 17:27:19 GMT",
        "Expires": "-1",
        "Pragma": "no-cache",
        "Strict-Transport-Security": "max-age=31536000;includeSubDomains",
        "X-Content-Type-Options": "nosniff",
        "x-ms-keyvault-network-info": "conn_type=Ipv4;addr=131.107.174.179;act_addr_fam=InterNetwork;",
        "x-ms-keyvault-region": "westus",
        "x-ms-keyvault-service-version": "1.9.830.1",
        "x-ms-request-id": "c98d9634-d4a4-458e-a96e-054b4717ec76"
      },
      "ResponseBody": {
        "value": "value32663316706",
        "id": "https://fakevault.local/secrets/listsecrets32663316706/e7abc312def14fa58a824f6694114138",
        "attributes": {
          "enabled": true,
          "created": 1685986039,
          "updated": 1685986039,
          "recoveryLevel": "CustomizedRecoverable\u002BPurgeable",
          "recoverableDays": 7
        }
      }
    },
    {
      "RequestUri": "https://fakevault.local/secrets?api-version=7.4",
      "RequestMethod": "GET",
      "RequestHeaders": {
        "Accept": "application/json",
        "Accept-Encoding": "gzip",
        "Authorization": "Sanitized",
        "User-Agent": "azsdk-go-azsecrets/v0.14.0 (go1.19.3; linux)"
      },
      "RequestBody": null,
      "StatusCode": 200,
      "ResponseHeaders": {
        "Cache-Control": "no-cache",
        "Content-Length": "851",
        "Content-Type": "application/json; charset=utf-8",
        "Date": "Mon, 05 Jun 2023 17:27:19 GMT",
        "Expires": "-1",
        "Pragma": "no-cache",
        "Strict-Transport-Security": "max-age=31536000;includeSubDomains",
        "X-Content-Type-Options": "nosniff",
        "x-ms-keyvault-network-info": "conn_type=Ipv4;addr=131.107.174.179;act_addr_fam=InterNetwork;",
        "x-ms-keyvault-region": "westus",
        "x-ms-keyvault-service-version": "1.9.830.1",
        "x-ms-request-id": "bd209e33-76f5-43c2-8d1c-2ec4bd1edf40"
      },
      "ResponseBody": {
        "value": [
          {
            "id": "https://fakevault.local/secrets/listsecrets02663316706",
            "attributes": {
              "enabled": true,
              "created": 1685986039,
              "updated": 1685986039,
              "recoveryLevel": "CustomizedRecoverable\u002BPurgeable",
              "recoverableDays": 7
            }
          },
          {
            "id": "https://fakevault.local/secrets/listsecrets12663316706",
            "attributes": {
              "enabled": true,
              "created": 1685986039,
              "updated": 1685986039,
              "recoveryLevel": "CustomizedRecoverable\u002BPurgeable",
              "recoverableDays": 7
            }
          },
          {
            "id": "https://fakevault.local/secrets/listsecrets22663316706",
            "attributes": {
              "enabled": true,
              "created": 1685986039,
              "updated": 1685986039,
              "recoveryLevel": "CustomizedRecoverable\u002BPurgeable",
              "recoverableDays": 7
            }
          },
          {
            "id": "https://fakevault.local/secrets/listsecrets32663316706",
            "attributes": {
              "enabled": true,
              "created": 1685986039,
              "updated": 1685986039,
              "recoveryLevel": "CustomizedRecoverable\u002BPurgeable",
              "recoverableDays": 7
            }
          }
        ],
        "nextLink": null
      }
    },
    {
      "RequestUri": "https://fakevault.local/secrets/listsecrets32663316706?api-version=7.4",
      "RequestMethod": "DELETE",
      "RequestHeaders": {
        "Accept": "application/json",
        "Accept-Encoding": "gzip",
        "Authorization": "Sanitized",
        "User-Agent": "azsdk-go-azsecrets/v0.14.0 (go1.19.3; linux)"
      },
      "RequestBody": null,
      "StatusCode": 200,
      "ResponseHeaders": {
        "Cache-Control": "no-cache",
        "Content-Length": "372",
        "Content-Type": "application/json; charset=utf-8",
        "Date": "Mon, 05 Jun 2023 17:27:20 GMT",
        "Expires": "-1",
        "Pragma": "no-cache",
        "Strict-Transport-Security": "max-age=31536000;includeSubDomains",
        "X-Content-Type-Options": "nosniff",
        "x-ms-keyvault-network-info": "conn_type=Ipv4;addr=131.107.174.179;act_addr_fam=InterNetwork;",
        "x-ms-keyvault-region": "westus",
        "x-ms-keyvault-service-version": "1.9.830.1",
        "x-ms-request-id": "20c40996-96aa-4d2d-b723-ff2151e38a72"
      },
      "ResponseBody": {
        "recoveryId": "https://fakevault.local/deletedsecrets/listsecrets32663316706",
        "deletedDate": 1685986039,
        "scheduledPurgeDate": 1686590839,
        "id": "https://fakevault.local/secrets/listsecrets32663316706/e7abc312def14fa58a824f6694114138",
        "attributes": {
          "enabled": true,
          "created": 1685986039,
          "updated": 1685986039,
          "recoveryLevel": "CustomizedRecoverable\u002BPurgeable",
          "recoverableDays": 7
        }
      }
    },
    {
      "RequestUri": "https://fakevault.local/secrets/listsecrets22663316706?api-version=7.4",
      "RequestMethod": "DELETE",
      "RequestHeaders": {
        "Accept": "application/json",
        "Accept-Encoding": "gzip",
        "Authorization": "Sanitized",
        "User-Agent": "azsdk-go-azsecrets/v0.14.0 (go1.19.3; linux)"
      },
      "RequestBody": null,
      "StatusCode": 200,
      "ResponseHeaders": {
        "Cache-Control": "no-cache",
        "Content-Length": "372",
        "Content-Type": "application/json; charset=utf-8",
        "Date": "Mon, 05 Jun 2023 17:27:20 GMT",
        "Expires": "-1",
        "Pragma": "no-cache",
        "Strict-Transport-Security": "max-age=31536000;includeSubDomains",
        "X-Content-Type-Options": "nosniff",
        "x-ms-keyvault-network-info": "conn_type=Ipv4;addr=131.107.174.179;act_addr_fam=InterNetwork;",
        "x-ms-keyvault-region": "westus",
        "x-ms-keyvault-service-version": "1.9.830.1",
        "x-ms-request-id": "9f50d865-b174-4b70-a48c-ee9c1f2a3bd2"
      },
      "ResponseBody": {
        "recoveryId": "https://fakevault.local/deletedsecrets/listsecrets22663316706",
        "deletedDate": 1685986040,
        "scheduledPurgeDate": 1686590840,
        "id": "https://fakevault.local/secrets/listsecrets22663316706/9d706fe589054da48871e42ea034a7ea",
        "attributes": {
          "enabled": true,
          "created": 1685986039,
          "updated": 1685986039,
          "recoveryLevel": "CustomizedRecoverable\u002BPurgeable",
          "recoverableDays": 7
        }
      }
    },
    {
      "RequestUri": "https://fakevault.local/secrets/listsecrets12663316706?api-version=7.4",
      "RequestMethod": "DELETE",
      "RequestHeaders": {
        "Accept": "application/json",
        "Accept-Encoding": "gzip",
        "Authorization": "Sanitized",
        "User-Agent": "azsdk-go-azsecrets/v0.14.0 (go1.19.3; linux)"
      },
      "RequestBody": null,
      "StatusCode": 200,
      "ResponseHeaders": {
        "Cache-Control": "no-cache",
        "Content-Length": "372",
        "Content-Type": "application/json; charset=utf-8",
        "Date": "Mon, 05 Jun 2023 17:27:20 GMT",
        "Expires": "-1",
        "Pragma": "no-cache",
        "Strict-Transport-Security": "max-age=31536000;includeSubDomains",
        "X-Content-Type-Options": "nosniff",
        "x-ms-keyvault-network-info": "conn_type=Ipv4;addr=131.107.174.179;act_addr_fam=InterNetwork;",
        "x-ms-keyvault-region": "westus",
        "x-ms-keyvault-service-version": "1.9.830.1",
        "x-ms-request-id": "ba96396e-e55d-422c-8d35-7affa61cd3e1"
      },
      "ResponseBody": {
        "recoveryId": "https://fakevault.local/deletedsecrets/listsecrets12663316706",
        "deletedDate": 1685986040,
        "scheduledPurgeDate": 1686590840,
        "id": "https://fakevault.local/secrets/listsecrets12663316706/b9945d786cd7461da917f6201184a2c8",
        "attributes": {
          "enabled": true,
          "created": 1685986039,
          "updated": 1685986039,
          "recoveryLevel": "CustomizedRecoverable\u002BPurgeable",
          "recoverableDays": 7
        }
      }
    },
    {
      "RequestUri": "https://fakevault.local/secrets/listsecrets02663316706?api-version=7.4",
      "RequestMethod": "DELETE",
      "RequestHeaders": {
        "Accept": "application/json",
        "Accept-Encoding": "gzip",
        "Authorization": "Sanitized",
        "User-Agent": "azsdk-go-azsecrets/v0.14.0 (go1.19.3; linux)"
      },
      "RequestBody": null,
      "StatusCode": 200,
      "ResponseHeaders": {
        "Cache-Control": "no-cache",
        "Content-Length": "372",
        "Content-Type": "application/json; charset=utf-8",
        "Date": "Mon, 05 Jun 2023 17:27:20 GMT",
        "Expires": "-1",
        "Pragma": "no-cache",
        "Strict-Transport-Security": "max-age=31536000;includeSubDomains",
        "X-Content-Type-Options": "nosniff",
        "x-ms-keyvault-network-info": "conn_type=Ipv4;addr=131.107.174.179;act_addr_fam=InterNetwork;",
        "x-ms-keyvault-region": "westus",
        "x-ms-keyvault-service-version": "1.9.830.1",
        "x-ms-request-id": "5448c80f-b71c-4a9d-98c9-5838b172109c"
      },
      "ResponseBody": {
        "recoveryId": "https://fakevault.local/deletedsecrets/listsecrets02663316706",
        "deletedDate": 1685986040,
        "scheduledPurgeDate": 1686590840,
        "id": "https://fakevault.local/secrets/listsecrets02663316706/d8de1ac449564cec973cf51d79401907",
        "attributes": {
          "enabled": true,
          "created": 1685986039,
          "updated": 1685986039,
          "recoveryLevel": "CustomizedRecoverable\u002BPurgeable",
          "recoverableDays": 7
        }
      }
    }
  ],
  "Variables": {}
}
