{
  "Entries": [
    {
      "RequestUri": "https://Sanitized.vault.azure.net/secrets/listsecrets02663316706?api-version=7.5",
      "RequestMethod": "PUT",
      "RequestHeaders": {
        "Accept": "application/json",
        "Accept-Encoding": "gzip",
        "Content-Length": "0",
        "User-Agent": "azsdk-go-azsecrets/v1.1.1 (go1.19.3; linux)"
      },
      "RequestBody": null,
      "StatusCode": 401,
      "ResponseHeaders": {
        "Cache-Control": "no-cache",
        "Content-Length": "97",
        "Content-Type": "application/json; charset=utf-8",
        "Date": "Tue, 28 May 2024 22:10:19 GMT",
        "Expires": "-1",
        "Pragma": "no-cache",
        "Strict-Transport-Security": "max-age=31536000;includeSubDomains",
        "WWW-Authenticate": "Bearer authorization=\"https://login.microsoftonline.com/72f988bf-86f1-41af-91ab-2d7cd011db47\", resource=\"https://vault.azure.net\"",
        "X-Content-Type-Options": "nosniff",
        "x-ms-keyvault-network-info": "conn_type=Ipv4;addr=47.198.4.137;act_addr_fam=InterNetwork;",
        "x-ms-keyvault-region": "australiaeast",
        "x-ms-keyvault-service-version": "1.9.1504.1",
        "x-ms-request-id": "Sanitized"
      },
      "ResponseBody": {
        "error": {
          "code": "Unauthorized",
          "message": "AKV10000: Request is missing a Bearer or PoP token."
        }
      }
    },
    {
      "RequestUri": "https://Sanitized.vault.azure.net/secrets/listsecrets02663316706?api-version=7.5",
      "RequestMethod": "PUT",
      "RequestHeaders": {
        "Accept": "application/json",
        "Accept-Encoding": "gzip",
        "Authorization": "Sanitized",
        "Content-Length": "28",
        "Content-Type": "application/json",
        "User-Agent": "azsdk-go-azsecrets/v1.1.1 (go1.19.3; linux)"
      },
      "RequestBody": {
        "value": "value02663316706"
      },
      "StatusCode": 200,
      "ResponseHeaders": {
        "Cache-Control": "no-cache",
        "Content-Length": "187",
        "Content-Type": "application/json; charset=utf-8",
        "Date": "Tue, 28 May 2024 22:10:22 GMT",
        "Expires": "-1",
        "Pragma": "no-cache",
        "Strict-Transport-Security": "max-age=31536000;includeSubDomains",
        "X-Content-Type-Options": "nosniff",
        "x-ms-keyvault-network-info": "conn_type=Ipv4;addr=47.198.4.137;act_addr_fam=InterNetwork;",
        "x-ms-keyvault-rbac-assignment-id": "f3048f1b4a8f53e4b9b21fe93bb45c12",
        "x-ms-keyvault-region": "australiaeast",
        "x-ms-keyvault-service-version": "1.9.1504.1",
        "x-ms-request-id": "Sanitized"
      },
      "ResponseBody": {
        "value": "value02663316706",
        "id": "Sanitized",
        "attributes": {
          "enabled": true,
          "created": 1716934222,
          "updated": 1716934222,
          "recoveryLevel": "CustomizedRecoverable+Purgeable",
          "recoverableDays": 7
        }
      }
    },
    {
      "RequestUri": "https://Sanitized.vault.azure.net/secrets/listsecrets12663316706?api-version=7.5",
      "RequestMethod": "PUT",
      "RequestHeaders": {
        "Accept": "application/json",
        "Accept-Encoding": "gzip",
        "Authorization": "Sanitized",
        "Content-Length": "28",
        "Content-Type": "application/json",
        "User-Agent": "azsdk-go-azsecrets/v1.1.1 (go1.19.3; linux)"
      },
      "RequestBody": {
        "value": "value12663316706"
      },
      "StatusCode": 200,
      "ResponseHeaders": {
        "Cache-Control": "no-cache",
        "Content-Length": "187",
        "Content-Type": "application/json; charset=utf-8",
        "Date": "Tue, 28 May 2024 22:10:22 GMT",
        "Expires": "-1",
        "Pragma": "no-cache",
        "Strict-Transport-Security": "max-age=31536000;includeSubDomains",
        "X-Content-Type-Options": "nosniff",
        "x-ms-keyvault-network-info": "conn_type=Ipv4;addr=47.198.4.137;act_addr_fam=InterNetwork;",
        "x-ms-keyvault-rbac-assignment-id": "f3048f1b4a8f53e4b9b21fe93bb45c12",
        "x-ms-keyvault-region": "australiaeast",
        "x-ms-keyvault-service-version": "1.9.1504.1",
        "x-ms-request-id": "Sanitized"
      },
      "ResponseBody": {
        "value": "value12663316706",
        "id": "Sanitized",
        "attributes": {
          "enabled": true,
          "created": 1716934223,
          "updated": 1716934223,
          "recoveryLevel": "CustomizedRecoverable+Purgeable",
          "recoverableDays": 7
        }
      }
    },
    {
      "RequestUri": "https://Sanitized.vault.azure.net/secrets/listsecrets22663316706?api-version=7.5",
      "RequestMethod": "PUT",
      "RequestHeaders": {
        "Accept": "application/json",
        "Accept-Encoding": "gzip",
        "Authorization": "Sanitized",
        "Content-Length": "28",
        "Content-Type": "application/json",
        "User-Agent": "azsdk-go-azsecrets/v1.1.1 (go1.19.3; linux)"
      },
      "RequestBody": {
        "value": "value22663316706"
      },
      "StatusCode": 200,
      "ResponseHeaders": {
        "Cache-Control": "no-cache",
        "Content-Length": "187",
        "Content-Type": "application/json; charset=utf-8",
        "Date": "Tue, 28 May 2024 22:10:22 GMT",
        "Expires": "-1",
        "Pragma": "no-cache",
        "Strict-Transport-Security": "max-age=31536000;includeSubDomains",
        "X-Content-Type-Options": "nosniff",
        "x-ms-keyvault-network-info": "conn_type=Ipv4;addr=47.198.4.137;act_addr_fam=InterNetwork;",
        "x-ms-keyvault-rbac-assignment-id": "f3048f1b4a8f53e4b9b21fe93bb45c12",
        "x-ms-keyvault-region": "australiaeast",
        "x-ms-keyvault-service-version": "1.9.1504.1",
        "x-ms-request-id": "Sanitized"
      },
      "ResponseBody": {
        "value": "value22663316706",
        "id": "Sanitized",
        "attributes": {
          "enabled": true,
          "created": 1716934223,
          "updated": 1716934223,
          "recoveryLevel": "CustomizedRecoverable+Purgeable",
          "recoverableDays": 7
        }
      }
    },
    {
      "RequestUri": "https://Sanitized.vault.azure.net/secrets/listsecrets32663316706?api-version=7.5",
      "RequestMethod": "PUT",
      "RequestHeaders": {
        "Accept": "application/json",
        "Accept-Encoding": "gzip",
        "Authorization": "Sanitized",
        "Content-Length": "28",
        "Content-Type": "application/json",
        "User-Agent": "azsdk-go-azsecrets/v1.1.1 (go1.19.3; linux)"
      },
      "RequestBody": {
        "value": "value32663316706"
      },
      "StatusCode": 200,
      "ResponseHeaders": {
        "Cache-Control": "no-cache",
        "Content-Length": "187",
        "Content-Type": "application/json; charset=utf-8",
        "Date": "Tue, 28 May 2024 22:10:23 GMT",
        "Expires": "-1",
        "Pragma": "no-cache",
        "Strict-Transport-Security": "max-age=31536000;includeSubDomains",
        "X-Content-Type-Options": "nosniff",
        "x-ms-keyvault-network-info": "conn_type=Ipv4;addr=47.198.4.137;act_addr_fam=InterNetwork;",
        "x-ms-keyvault-rbac-assignment-id": "f3048f1b4a8f53e4b9b21fe93bb45c12",
        "x-ms-keyvault-region": "australiaeast",
        "x-ms-keyvault-service-version": "1.9.1504.1",
        "x-ms-request-id": "Sanitized"
      },
      "ResponseBody": {
        "value": "value32663316706",
        "id": "Sanitized",
        "attributes": {
          "enabled": true,
          "created": 1716934223,
          "updated": 1716934223,
          "recoveryLevel": "CustomizedRecoverable+Purgeable",
          "recoverableDays": 7
        }
      }
    },
    {
      "RequestUri": "https://Sanitized.vault.azure.net/secrets?api-version=7.5",
      "RequestMethod": "GET",
      "RequestHeaders": {
        "Accept": "application/json",
        "Accept-Encoding": "gzip",
        "Authorization": "Sanitized",
        "User-Agent": "azsdk-go-azsecrets/v1.1.1 (go1.19.3; linux)"
      },
      "RequestBody": null,
      "StatusCode": 200,
      "ResponseHeaders": {
        "Cache-Control": "no-cache",
        "Content-Length": "919",
        "Content-Type": "application/json; charset=utf-8",
        "Date": "Tue, 28 May 2024 22:10:23 GMT",
        "Expires": "-1",
        "Pragma": "no-cache",
        "Strict-Transport-Security": "max-age=31536000;includeSubDomains",
        "X-Content-Type-Options": "nosniff",
        "x-ms-keyvault-network-info": "conn_type=Ipv4;addr=47.198.4.137;act_addr_fam=InterNetwork;",
        "x-ms-keyvault-rbac-assignment-id": "f3048f1b4a8f53e4b9b21fe93bb45c12",
        "x-ms-keyvault-region": "australiaeast",
        "x-ms-keyvault-service-version": "1.9.1504.1",
        "x-ms-request-id": "Sanitized"
      },
      "ResponseBody": {
        "value": [
          {
            "contentType": "application/x-pkcs12",
            "id": "Sanitized",
            "managed": true,
            "attributes": {
              "enabled": false,
              "nbf": 1716920680,
              "exp": 1748457280,
              "created": 1716921280,
              "updated": 1716921280,
              "recoveryLevel": "CustomizedRecoverable+Purgeable",
              "recoverableDays": 7
            }
          },
          {
            "id": "Sanitized",
            "attributes": {
              "enabled": true,
              "created": 1716934222,
              "updated": 1716934222,
              "recoveryLevel": "CustomizedRecoverable+Purgeable",
              "recoverableDays": 7
            }
          },
          {
            "id": "Sanitized",
            "attributes": {
              "enabled": true,
              "created": 1716934223,
              "updated": 1716934223,
              "recoveryLevel": "CustomizedRecoverable+Purgeable",
              "recoverableDays": 7
            }
          },
          {
            "id": "Sanitized",
            "attributes": {
              "enabled": true,
              "created": 1716934223,
              "updated": 1716934223,
              "recoveryLevel": "CustomizedRecoverable+Purgeable",
              "recoverableDays": 7
            }
          },
          {
            "id": "Sanitized",
            "attributes": {
              "enabled": true,
              "created": 1716934223,
              "updated": 1716934223,
              "recoveryLevel": "CustomizedRecoverable+Purgeable",
              "recoverableDays": 7
            }
          }
        ],
        "nextLink": null
      }
    },
    {
      "RequestUri": "https://Sanitized.vault.azure.net/secrets/listsecrets32663316706?api-version=7.5",
      "RequestMethod": "DELETE",
      "RequestHeaders": {
        "Accept": "application/json",
        "Accept-Encoding": "gzip",
        "Authorization": "Sanitized",
        "User-Agent": "azsdk-go-azsecrets/v1.1.1 (go1.19.3; linux)"
      },
      "RequestBody": null,
      "StatusCode": 200,
      "ResponseHeaders": {
        "Cache-Control": "no-cache",
        "Content-Length": "299",
        "Content-Type": "application/json; charset=utf-8",
        "Date": "Tue, 28 May 2024 22:10:24 GMT",
        "Expires": "-1",
        "Pragma": "no-cache",
        "Strict-Transport-Security": "max-age=31536000;includeSubDomains",
        "X-Content-Type-Options": "nosniff",
        "x-ms-keyvault-network-info": "conn_type=Ipv4;addr=47.198.4.137;act_addr_fam=InterNetwork;",
        "x-ms-keyvault-rbac-assignment-id": "f3048f1b4a8f53e4b9b21fe93bb45c12",
        "x-ms-keyvault-region": "australiaeast",
        "x-ms-keyvault-service-version": "1.9.1504.1",
        "x-ms-request-id": "Sanitized"
      },
      "ResponseBody": {
        "recoveryId": "https://test.vault.azure.net/deletedsecrets/listsecrets32663316706",
        "deletedDate": 1716934224,
        "scheduledPurgeDate": 1717539024,
        "id": "Sanitized",
        "attributes": {
          "enabled": true,
          "created": 1716934223,
          "updated": 1716934223,
          "recoveryLevel": "CustomizedRecoverable+Purgeable",
          "recoverableDays": 7
        }
      }
    },
    {
      "RequestUri": "https://Sanitized.vault.azure.net/secrets/listsecrets22663316706?api-version=7.5",
      "RequestMethod": "DELETE",
      "RequestHeaders": {
        "Accept": "application/json",
        "Accept-Encoding": "gzip",
        "Authorization": "Sanitized",
        "User-Agent": "azsdk-go-azsecrets/v1.1.1 (go1.19.3; linux)"
      },
      "RequestBody": null,
      "StatusCode": 200,
      "ResponseHeaders": {
        "Cache-Control": "no-cache",
        "Content-Length": "299",
        "Content-Type": "application/json; charset=utf-8",
        "Date": "Tue, 28 May 2024 22:10:24 GMT",
        "Expires": "-1",
        "Pragma": "no-cache",
        "Strict-Transport-Security": "max-age=31536000;includeSubDomains",
        "X-Content-Type-Options": "nosniff",
        "x-ms-keyvault-network-info": "conn_type=Ipv4;addr=47.198.4.137;act_addr_fam=InterNetwork;",
        "x-ms-keyvault-rbac-assignment-id": "f3048f1b4a8f53e4b9b21fe93bb45c12",
        "x-ms-keyvault-region": "australiaeast",
        "x-ms-keyvault-service-version": "1.9.1504.1",
        "x-ms-request-id": "Sanitized"
      },
      "ResponseBody": {
        "recoveryId": "https://test.vault.azure.net/deletedsecrets/listsecrets22663316706",
        "deletedDate": 1716934225,
        "scheduledPurgeDate": 1717539025,
        "id": "Sanitized",
        "attributes": {
          "enabled": true,
          "created": 1716934223,
          "updated": 1716934223,
          "recoveryLevel": "CustomizedRecoverable+Purgeable",
          "recoverableDays": 7
        }
      }
    },
    {
      "RequestUri": "https://Sanitized.vault.azure.net/secrets/listsecrets12663316706?api-version=7.5",
      "RequestMethod": "DELETE",
      "RequestHeaders": {
        "Accept": "application/json",
        "Accept-Encoding": "gzip",
        "Authorization": "Sanitized",
        "User-Agent": "azsdk-go-azsecrets/v1.1.1 (go1.19.3; linux)"
      },
      "RequestBody": null,
      "StatusCode": 200,
      "ResponseHeaders": {
        "Cache-Control": "no-cache",
        "Content-Length": "299",
        "Content-Type": "application/json; charset=utf-8",
        "Date": "Tue, 28 May 2024 22:10:25 GMT",
        "Expires": "-1",
        "Pragma": "no-cache",
        "Strict-Transport-Security": "max-age=31536000;includeSubDomains",
        "X-Content-Type-Options": "nosniff",
        "x-ms-keyvault-network-info": "conn_type=Ipv4;addr=47.198.4.137;act_addr_fam=InterNetwork;",
        "x-ms-keyvault-rbac-assignment-id": "f3048f1b4a8f53e4b9b21fe93bb45c12",
        "x-ms-keyvault-region": "australiaeast",
        "x-ms-keyvault-service-version": "1.9.1504.1",
        "x-ms-request-id": "Sanitized"
      },
      "ResponseBody": {
        "recoveryId": "https://test.vault.azure.net/deletedsecrets/listsecrets12663316706",
        "deletedDate": 1716934225,
        "scheduledPurgeDate": 1717539025,
        "id": "Sanitized",
        "attributes": {
          "enabled": true,
          "created": 1716934223,
          "updated": 1716934223,
          "recoveryLevel": "CustomizedRecoverable+Purgeable",
          "recoverableDays": 7
        }
      }
    },
    {
      "RequestUri": "https://Sanitized.vault.azure.net/secrets/listsecrets02663316706?api-version=7.5",
      "RequestMethod": "DELETE",
      "RequestHeaders": {
        "Accept": "application/json",
        "Accept-Encoding": "gzip",
        "Authorization": "Sanitized",
        "User-Agent": "azsdk-go-azsecrets/v1.1.1 (go1.19.3; linux)"
      },
      "RequestBody": null,
      "StatusCode": 200,
      "ResponseHeaders": {
        "Cache-Control": "no-cache",
        "Content-Length": "299",
        "Content-Type": "application/json; charset=utf-8",
        "Date": "Tue, 28 May 2024 22:10:25 GMT",
        "Expires": "-1",
        "Pragma": "no-cache",
        "Strict-Transport-Security": "max-age=31536000;includeSubDomains",
        "X-Content-Type-Options": "nosniff",
        "x-ms-keyvault-network-info": "conn_type=Ipv4;addr=47.198.4.137;act_addr_fam=InterNetwork;",
        "x-ms-keyvault-rbac-assignment-id": "f3048f1b4a8f53e4b9b21fe93bb45c12",
        "x-ms-keyvault-region": "australiaeast",
        "x-ms-keyvault-service-version": "1.9.1504.1",
        "x-ms-request-id": "Sanitized"
      },
      "ResponseBody": {
        "recoveryId": "https://test.vault.azure.net/deletedsecrets/listsecrets02663316706",
        "deletedDate": 1716934226,
        "scheduledPurgeDate": 1717539026,
        "id": "Sanitized",
        "attributes": {
          "enabled": true,
          "created": 1716934222,
          "updated": 1716934222,
          "recoveryLevel": "CustomizedRecoverable+Purgeable",
          "recoverableDays": 7
        }
      }
    }
  ],
  "Variables": {}
}
