{
  "Entries": [
    {
      "RequestUri": "https://fakevault.local/secrets/secret13245351623?api-version=7.5",
      "RequestMethod": "PUT",
      "RequestHeaders": {
        "Accept": "application/json",
        "Accept-Encoding": "gzip",
        "Content-Length": "0",
        "User-Agent": "azsdk-go-azsecrets/v1.1.0-beta.2 (go1.19.3; linux)"
      },
      "RequestBody": null,
      "StatusCode": 401,
      "ResponseHeaders": {
        "Cache-Control": "no-cache",
        "Content-Length": "97",
        "Content-Type": "application/json; charset=utf-8",
        "Date": "Mon, 12 Feb 2024 23:19:56 GMT",
        "Expires": "-1",
        "Pragma": "no-cache",
        "Strict-Transport-Security": "max-age=31536000;includeSubDomains",
        "WWW-Authenticate": "Bearer authorization=\u0022https://login.microsoftonline.com/72f988bf-86f1-41af-91ab-2d7cd011db47\u0022, resource=\u0022https://local\u0022",
        "X-Content-Type-Options": "nosniff",
        "x-ms-keyvault-network-info": "conn_type=Ipv4;addr=131.107.147.195;act_addr_fam=InterNetwork;",
        "x-ms-keyvault-region": "australiaeast",
        "x-ms-keyvault-service-version": "1.9.1272.1",
        "x-ms-request-id": "cd6efe7a-e464-4d8d-ad36-a5f2f5f6e6a0"
      },
      "ResponseBody": {
        "error": {
          "code": "Unauthorized",
          "message": "AKV10000: Request is missing a Bearer or PoP token."
        }
      }
    },
    {
      "RequestUri": "https://fakevault.local/secrets/secret13245351623?api-version=7.5",
      "RequestMethod": "PUT",
      "RequestHeaders": {
        "Accept": "application/json",
        "Accept-Encoding": "gzip",
        "Authorization": "Sanitized",
        "Content-Length": "28",
        "Content-Type": "application/json",
        "User-Agent": "azsdk-go-azsecrets/v1.1.0-beta.2 (go1.19.3; linux)"
      },
      "RequestBody": {
        "value": "value13245351623"
      },
      "StatusCode": 200,
      "ResponseHeaders": {
        "Cache-Control": "no-cache",
        "Content-Length": "260",
        "Content-Type": "application/json; charset=utf-8",
        "Date": "Mon, 12 Feb 2024 23:19:56 GMT",
        "Expires": "-1",
        "Pragma": "no-cache",
        "Strict-Transport-Security": "max-age=31536000;includeSubDomains",
        "X-Content-Type-Options": "nosniff",
        "x-ms-keyvault-network-info": "conn_type=Ipv4;addr=131.107.147.195;act_addr_fam=InterNetwork;",
        "x-ms-keyvault-rbac-assignment-id": "6cb6a447799e5018806d57cd42584128",
        "x-ms-keyvault-region": "australiaeast",
        "x-ms-keyvault-service-version": "1.9.1272.1",
        "x-ms-request-id": "67adcd4a-1613-4dd7-aff3-b87149a09e42"
      },
      "ResponseBody": {
        "value": "value13245351623",
        "id": "https://fakevault.local/secrets/secret13245351623/c2d9bf1ad58c453bbf73eb41b6edea40",
        "attributes": {
          "enabled": true,
          "created": 1707779997,
          "updated": 1707779997,
          "recoveryLevel": "CustomizedRecoverable\u002BPurgeable",
          "recoverableDays": 7
        }
      }
    },
    {
      "RequestUri": "https://fakevault.local/secrets/secret13245351623?api-version=7.5",
      "RequestMethod": "DELETE",
      "RequestHeaders": {
        "Accept": "application/json",
        "Accept-Encoding": "gzip",
        "Authorization": "Sanitized",
        "User-Agent": "azsdk-go-azsecrets/v1.1.0-beta.2 (go1.19.3; linux)"
      },
      "RequestBody": null,
      "StatusCode": 200,
      "ResponseHeaders": {
        "Cache-Control": "no-cache",
        "Content-Length": "362",
        "Content-Type": "application/json; charset=utf-8",
        "Date": "Mon, 12 Feb 2024 23:19:57 GMT",
        "Expires": "-1",
        "Pragma": "no-cache",
        "Strict-Transport-Security": "max-age=31536000;includeSubDomains",
        "X-Content-Type-Options": "nosniff",
        "x-ms-keyvault-network-info": "conn_type=Ipv4;addr=131.107.147.195;act_addr_fam=InterNetwork;",
        "x-ms-keyvault-rbac-assignment-id": "6cb6a447799e5018806d57cd42584128",
        "x-ms-keyvault-region": "australiaeast",
        "x-ms-keyvault-service-version": "1.9.1272.1",
        "x-ms-request-id": "f66c5d16-4a82-4154-a5af-eb32e751c647"
      },
      "ResponseBody": {
        "recoveryId": "https://fakevault.local/deletedsecrets/secret13245351623",
        "deletedDate": 1707779997,
        "scheduledPurgeDate": 1708384797,
        "id": "https://fakevault.local/secrets/secret13245351623/c2d9bf1ad58c453bbf73eb41b6edea40",
        "attributes": {
          "enabled": true,
          "created": 1707779997,
          "updated": 1707779997,
          "recoveryLevel": "CustomizedRecoverable\u002BPurgeable",
          "recoverableDays": 7
        }
      }
    },
    {
      "RequestUri": "https://fakevault.local/secrets/secret23245351623?api-version=7.5",
      "RequestMethod": "PUT",
      "RequestHeaders": {
        "Accept": "application/json",
        "Accept-Encoding": "gzip",
        "Authorization": "Sanitized",
        "Content-Length": "28",
        "Content-Type": "application/json",
        "User-Agent": "azsdk-go-azsecrets/v1.1.0-beta.2 (go1.19.3; linux)"
      },
      "RequestBody": {
        "value": "value23245351623"
      },
      "StatusCode": 200,
      "ResponseHeaders": {
        "Cache-Control": "no-cache",
        "Content-Length": "260",
        "Content-Type": "application/json; charset=utf-8",
        "Date": "Mon, 12 Feb 2024 23:19:57 GMT",
        "Expires": "-1",
        "Pragma": "no-cache",
        "Strict-Transport-Security": "max-age=31536000;includeSubDomains",
        "X-Content-Type-Options": "nosniff",
        "x-ms-keyvault-network-info": "conn_type=Ipv4;addr=131.107.147.195;act_addr_fam=InterNetwork;",
        "x-ms-keyvault-rbac-assignment-id": "6cb6a447799e5018806d57cd42584128",
        "x-ms-keyvault-region": "australiaeast",
        "x-ms-keyvault-service-version": "1.9.1272.1",
        "x-ms-request-id": "84cc7a28-ec1f-4bd5-9f4b-2fb0c1cf6c33"
      },
      "ResponseBody": {
        "value": "value23245351623",
        "id": "https://fakevault.local/secrets/secret23245351623/0a6b81583d4b4b199fb425123c8c6180",
        "attributes": {
          "enabled": true,
          "created": 1707779997,
          "updated": 1707779997,
          "recoveryLevel": "CustomizedRecoverable\u002BPurgeable",
          "recoverableDays": 7
        }
      }
    },
    {
      "RequestUri": "https://fakevault.local/secrets/secret23245351623?api-version=7.5",
      "RequestMethod": "DELETE",
      "RequestHeaders": {
        "Accept": "application/json",
        "Accept-Encoding": "gzip",
        "Authorization": "Sanitized",
        "User-Agent": "azsdk-go-azsecrets/v1.1.0-beta.2 (go1.19.3; linux)"
      },
      "RequestBody": null,
      "StatusCode": 200,
      "ResponseHeaders": {
        "Cache-Control": "no-cache",
        "Content-Length": "362",
        "Content-Type": "application/json; charset=utf-8",
        "Date": "Mon, 12 Feb 2024 23:19:57 GMT",
        "Expires": "-1",
        "Pragma": "no-cache",
        "Strict-Transport-Security": "max-age=31536000;includeSubDomains",
        "X-Content-Type-Options": "nosniff",
        "x-ms-keyvault-network-info": "conn_type=Ipv4;addr=131.107.147.195;act_addr_fam=InterNetwork;",
        "x-ms-keyvault-rbac-assignment-id": "6cb6a447799e5018806d57cd42584128",
        "x-ms-keyvault-region": "australiaeast",
        "x-ms-keyvault-service-version": "1.9.1272.1",
        "x-ms-request-id": "df268e39-440c-4574-85d9-c6846560423e"
      },
      "ResponseBody": {
        "recoveryId": "https://fakevault.local/deletedsecrets/secret23245351623",
        "deletedDate": 1707779998,
        "scheduledPurgeDate": 1708384798,
        "id": "https://fakevault.local/secrets/secret23245351623/0a6b81583d4b4b199fb425123c8c6180",
        "attributes": {
          "enabled": true,
          "created": 1707779997,
          "updated": 1707779997,
          "recoveryLevel": "CustomizedRecoverable\u002BPurgeable",
          "recoverableDays": 7
        }
      }
    },
    {
      "RequestUri": "https://fakevault.local/deletedsecrets/secret13245351623?api-version=7.5",
      "RequestMethod": "GET",
      "RequestHeaders": {
        "Accept": "application/json",
        "Accept-Encoding": "gzip",
        "Authorization": "Sanitized",
        "User-Agent": "azsdk-go-azsecrets/v1.1.0-beta.2 (go1.19.3; linux)"
      },
      "RequestBody": null,
      "StatusCode": 200,
      "ResponseHeaders": {
        "Cache-Control": "no-cache",
        "Content-Length": "362",
        "Content-Type": "application/json; charset=utf-8",
        "Date": "Mon, 12 Feb 2024 23:19:57 GMT",
        "Expires": "-1",
        "Pragma": "no-cache",
        "Strict-Transport-Security": "max-age=31536000;includeSubDomains",
        "X-Content-Type-Options": "nosniff",
        "x-ms-keyvault-network-info": "conn_type=Ipv4;addr=131.107.147.195;act_addr_fam=InterNetwork;",
        "x-ms-keyvault-rbac-assignment-id": "6cb6a447799e5018806d57cd42584128",
        "x-ms-keyvault-region": "australiaeast",
        "x-ms-keyvault-service-version": "1.9.1272.1",
        "x-ms-request-id": "0c5d6876-b5e2-4654-af67-a1254f0f921f"
      },
      "ResponseBody": {
        "recoveryId": "https://fakevault.local/deletedsecrets/secret13245351623",
        "deletedDate": 1707779997,
        "scheduledPurgeDate": 1708384797,
        "id": "https://fakevault.local/secrets/secret13245351623/c2d9bf1ad58c453bbf73eb41b6edea40",
        "attributes": {
          "enabled": true,
          "created": 1707779997,
          "updated": 1707779997,
          "recoveryLevel": "CustomizedRecoverable\u002BPurgeable",
          "recoverableDays": 7
        }
      }
    },
    {
      "RequestUri": "https://fakevault.local/deletedsecrets/secret23245351623?api-version=7.5",
      "RequestMethod": "GET",
      "RequestHeaders": {
        "Accept": "application/json",
        "Accept-Encoding": "gzip",
        "Authorization": "Sanitized",
        "User-Agent": "azsdk-go-azsecrets/v1.1.0-beta.2 (go1.19.3; linux)"
      },
      "RequestBody": null,
      "StatusCode": 404,
      "ResponseHeaders": {
        "Cache-Control": "no-cache",
        "Content-Length": "91",
        "Content-Type": "application/json; charset=utf-8",
        "Date": "Mon, 12 Feb 2024 23:19:57 GMT",
        "Expires": "-1",
        "Pragma": "no-cache",
        "Strict-Transport-Security": "max-age=31536000;includeSubDomains",
        "X-Content-Type-Options": "nosniff",
        "x-ms-keyvault-network-info": "conn_type=Ipv4;addr=131.107.147.195;act_addr_fam=InterNetwork;",
        "x-ms-keyvault-rbac-assignment-id": "6cb6a447799e5018806d57cd42584128",
        "x-ms-keyvault-region": "australiaeast",
        "x-ms-keyvault-service-version": "1.9.1272.1",
        "x-ms-request-id": "a61231c6-bc90-4f70-81ef-398d6a22a8fc"
      },
      "ResponseBody": {
        "error": {
          "code": "SecretNotFound",
          "message": "Deleted Secret not found: secret23245351623"
        }
      }
    },
    {
      "RequestUri": "https://fakevault.local/deletedsecrets/secret23245351623?api-version=7.5",
      "RequestMethod": "GET",
      "RequestHeaders": {
        "Accept": "application/json",
        "Accept-Encoding": "gzip",
        "Authorization": "Sanitized",
        "User-Agent": "azsdk-go-azsecrets/v1.1.0-beta.2 (go1.19.3; linux)"
      },
      "RequestBody": null,
      "StatusCode": 200,
      "ResponseHeaders": {
        "Cache-Control": "no-cache",
        "Content-Length": "362",
        "Content-Type": "application/json; charset=utf-8",
        "Date": "Mon, 12 Feb 2024 23:20:07 GMT",
        "Expires": "-1",
        "Pragma": "no-cache",
        "Strict-Transport-Security": "max-age=31536000;includeSubDomains",
        "X-Content-Type-Options": "nosniff",
        "x-ms-keyvault-network-info": "conn_type=Ipv4;addr=131.107.147.195;act_addr_fam=InterNetwork;",
        "x-ms-keyvault-rbac-assignment-id": "6cb6a447799e5018806d57cd42584128",
        "x-ms-keyvault-region": "australiaeast",
        "x-ms-keyvault-service-version": "1.9.1272.1",
        "x-ms-request-id": "e08a8d6a-1a94-4e16-a3db-d2962cd27b88"
      },
      "ResponseBody": {
        "recoveryId": "https://fakevault.local/deletedsecrets/secret23245351623",
        "deletedDate": 1707779998,
        "scheduledPurgeDate": 1708384798,
        "id": "https://fakevault.local/secrets/secret23245351623/0a6b81583d4b4b199fb425123c8c6180",
        "attributes": {
          "enabled": true,
          "created": 1707779997,
          "updated": 1707779997,
          "recoveryLevel": "CustomizedRecoverable\u002BPurgeable",
          "recoverableDays": 7
        }
      }
    },
    {
      "RequestUri": "https://fakevault.local/deletedsecrets?api-version=7.5",
      "RequestMethod": "GET",
      "RequestHeaders": {
        "Accept": "application/json",
        "Accept-Encoding": "gzip",
        "Authorization": "Sanitized",
        "User-Agent": "azsdk-go-azsecrets/v1.1.0-beta.2 (go1.19.3; linux)"
      },
      "RequestBody": null,
      "StatusCode": 200,
      "ResponseHeaders": {
        "Cache-Control": "no-cache",
        "Content-Length": "1035",
        "Content-Type": "application/json; charset=utf-8",
        "Date": "Mon, 12 Feb 2024 23:20:07 GMT",
        "Expires": "-1",
        "Pragma": "no-cache",
        "Strict-Transport-Security": "max-age=31536000;includeSubDomains",
        "X-Content-Type-Options": "nosniff",
        "x-ms-keyvault-network-info": "conn_type=Ipv4;addr=131.107.147.195;act_addr_fam=InterNetwork;",
        "x-ms-keyvault-rbac-assignment-id": "6cb6a447799e5018806d57cd42584128",
        "x-ms-keyvault-region": "australiaeast",
        "x-ms-keyvault-service-version": "1.9.1272.1",
        "x-ms-request-id": "bb278136-57f2-4685-9868-67d11bd5efac"
      },
      "ResponseBody": {
        "value": [
          {
            "recoveryId": "https://fakevault.local/deletedsecrets/secret13245351623",
            "deletedDate": 1707779997,
            "scheduledPurgeDate": 1708384797,
            "id": "https://fakevault.local/secrets/secret13245351623",
            "attributes": {
              "enabled": true,
              "created": 1707779997,
              "updated": 1707779997,
              "recoveryLevel": "CustomizedRecoverable\u002BPurgeable",
              "recoverableDays": 7
            }
          },
          {
            "recoveryId": "https://fakevault.local/deletedsecrets/secret23245351623",
            "deletedDate": 1707779998,
            "scheduledPurgeDate": 1708384798,
            "id": "https://fakevault.local/secrets/secret23245351623",
            "attributes": {
              "enabled": true,
              "created": 1707779997,
              "updated": 1707779997,
              "recoveryLevel": "CustomizedRecoverable\u002BPurgeable",
              "recoverableDays": 7
            }
          },
          {
            "recoveryId": "https://fakevault.local/deletedsecrets/testbackupsecret1387819847",
            "deletedDate": 1707779985,
            "scheduledPurgeDate": 1708384785,
            "id": "https://fakevault.local/secrets/testbackupsecret1387819847",
            "attributes": {
              "enabled": true,
              "created": 1707779965,
              "updated": 1707779965,
              "recoveryLevel": "CustomizedRecoverable\u002BPurgeable",
              "recoverableDays": 7
            }
          }
        ],
        "nextLink": null
      }
    },
    {
      "RequestUri": "https://fakevault.local/deletedsecrets/secret13245351623?api-version=7.5",
      "RequestMethod": "DELETE",
      "RequestHeaders": {
        "Accept": "application/json",
        "Accept-Encoding": "gzip",
        "Authorization": "Sanitized",
        "User-Agent": "azsdk-go-azsecrets/v1.1.0-beta.2 (go1.19.3; linux)"
      },
      "RequestBody": null,
      "StatusCode": 204,
      "ResponseHeaders": {
        "Cache-Control": "no-cache",
        "Date": "Mon, 12 Feb 2024 23:20:07 GMT",
        "Expires": "-1",
        "Pragma": "no-cache",
        "Strict-Transport-Security": "max-age=31536000;includeSubDomains",
        "X-Content-Type-Options": "nosniff",
        "x-ms-keyvault-network-info": "conn_type=Ipv4;addr=131.107.147.195;act_addr_fam=InterNetwork;",
        "x-ms-keyvault-rbac-assignment-id": "6cb6a447799e5018806d57cd42584128",
        "x-ms-keyvault-region": "australiaeast",
        "x-ms-keyvault-service-version": "1.9.1272.1",
        "x-ms-request-id": "380b1222-a660-46dd-a098-9cc16695ae88"
      },
      "ResponseBody": null
    },
    {
      "RequestUri": "https://fakevault.local/deletedsecrets/secret23245351623?api-version=7.5",
      "RequestMethod": "DELETE",
      "RequestHeaders": {
        "Accept": "application/json",
        "Accept-Encoding": "gzip",
        "Authorization": "Sanitized",
        "User-Agent": "azsdk-go-azsecrets/v1.1.0-beta.2 (go1.19.3; linux)"
      },
      "RequestBody": null,
      "StatusCode": 204,
      "ResponseHeaders": {
        "Cache-Control": "no-cache",
        "Date": "Mon, 12 Feb 2024 23:20:07 GMT",
        "Expires": "-1",
        "Pragma": "no-cache",
        "Strict-Transport-Security": "max-age=31536000;includeSubDomains",
        "X-Content-Type-Options": "nosniff",
        "x-ms-keyvault-network-info": "conn_type=Ipv4;addr=131.107.147.195;act_addr_fam=InterNetwork;",
        "x-ms-keyvault-rbac-assignment-id": "6cb6a447799e5018806d57cd42584128",
        "x-ms-keyvault-region": "australiaeast",
        "x-ms-keyvault-service-version": "1.9.1272.1",
        "x-ms-request-id": "6aba9e32-6a6f-47bb-a9f2-9c8fab98ebce"
      },
      "ResponseBody": null
    }
  ],
  "Variables": {}
}
