{
  "Entries": [
    {
      "RequestUri": "https://smtest20240108.blob.preprod.core.windows.net/test-container-7e53d0cc-a3dd-9abe-f1bb-967a2f0b1950?restype=container",
      "RequestMethod": "PUT",
      "RequestHeaders": {
        "Accept": "application/xml",
        "Authorization": "Sanitized",
        "Content-Length": "0",
        "traceparent": "00-38c7283c4c3ec4ccbfbe09fb8e6262ab-bbe6aa6a6c6c25b3-00",
        "User-Agent": "azsdk-net-Storage.Blobs/12.23.0-alpha.20240924.1 (.NET 8.0.8; Microsoft Windows 10.0.22631)",
        "x-ms-client-request-id": "Sanitized",
        "x-ms-date": "Tue, 24 Sep 2024 21:09:11 GMT",
        "x-ms-return-client-request-id": "true",
        "x-ms-version": "2025-01-05"
      },
      "RequestBody": null,
      "StatusCode": 201,
      "ResponseHeaders": {
        "Content-Length": "0",
        "Date": "Tue, 24 Sep 2024 21:09:11 GMT",
        "ETag": "\"0x8DCDCDD237D7279\"",
        "Last-Modified": "Tue, 24 Sep 2024 21:09:12 GMT",
        "x-ms-client-request-id": "Sanitized",
        "x-ms-request-id": "161f5dac-d01e-0003-58c6-0ec85f000000",
        "x-ms-version": "2025-01-05"
      },
      "ResponseBody": null
    },
    {
      "RequestUri": "https://smtest20240108.blob.preprod.core.windows.net/test-container-7e53d0cc-a3dd-9abe-f1bb-967a2f0b1950/test-blob-58b79555-13bc-fce8-7807-371926ca35a5",
      "RequestMethod": "PUT",
      "RequestHeaders": {
        "Accept": "application/xml",
        "Authorization": "Sanitized",
        "Content-Length": "0",
        "Content-Type": "application/octet-stream",
        "traceparent": "00-a90b7e88e5c331e681763dc1fd082ad3-7c662eba7063a755-00",
        "User-Agent": "azsdk-net-Storage.Blobs/12.23.0-alpha.20240924.1 (.NET 8.0.8; Microsoft Windows 10.0.22631)",
        "x-ms-blob-type": "BlockBlob",
        "x-ms-client-request-id": "Sanitized",
        "x-ms-date": "Tue, 24 Sep 2024 21:09:12 GMT",
        "x-ms-return-client-request-id": "true",
        "x-ms-version": "2025-01-05"
      },
      "RequestBody": null,
      "StatusCode": 201,
      "ResponseHeaders": {
        "Content-Length": "0",
        "Content-MD5": "1B2M2Y8AsgTpgAmY7PhCfg==",
        "Date": "Tue, 24 Sep 2024 21:09:11 GMT",
        "ETag": "\"0x8DCDCDD238C8868\"",
        "Last-Modified": "Tue, 24 Sep 2024 21:09:12 GMT",
        "x-ms-client-request-id": "Sanitized",
        "x-ms-content-crc64": "AAAAAAAAAAA=",
        "x-ms-request-id": "161f5dae-d01e-0003-59c6-0ec85f000000",
        "x-ms-request-server-encrypted": "true",
        "x-ms-version": "2025-01-05"
      },
      "ResponseBody": null
    },
    {
      "RequestUri": "https://smtest20240108.blob.preprod.core.windows.net/test-container-7e53d0cc-a3dd-9abe-f1bb-967a2f0b1950/test-blob-58b79555-13bc-fce8-7807-371926ca35a5?comp=block&blockid=yAAAAAAAAAAAAAAAAAAAAAAAAAAAAAAAAAAAAAAAAAAAAAAAAAAAAAAAAAAAAAAA",
      "RequestMethod": "PUT",
      "RequestHeaders": {
        "Accept": "application/xml",
        "Authorization": "Sanitized",
        "Content-Length": "239",
        "Content-Type": "application/octet-stream",
        "User-Agent": "azsdk-net-Storage.Blobs/12.23.0-alpha.20240924.1 (.NET 8.0.8; Microsoft Windows 10.0.22631)",
        "x-ms-client-request-id": "Sanitized",
        "x-ms-date": "Tue, 24 Sep 2024 21:09:12 GMT",
        "x-ms-return-client-request-id": "true",
        "x-ms-structured-body": "XSM/1.0; properties=crc64",
        "x-ms-structured-content-length": "200",
        "x-ms-version": "2025-01-05"
      },
      "RequestBody": "Ae8AAAAAAAAAAQABAAEAyAAAAAAAAAB4ElLm+Tv8Ob8F5JZC5GyFIHnJxfjfvMnh33WeLtBofhRsYRsZtCN0bdh7jq+lVoXJ3yBsUmz8mVaIBRrFXgvunWWC1YNRbGxVVFcfYy0ZPInw1U+w/CyocMjFkK8Irw/NjPFKI4ABd3KzFv0U3DUobsiR1Im8PqA42mS7jNu9TaVIUtc8zxkI7l3c/OUvk5OSnCHmd9qGEU5QEUkbRuuW9slXzIpd65+vieUr30G7CUbRKO+61tXKwkCJ7L3Q7KhxRgUc18cJNM0Bw2a2qzUmzQHDZrarNSY=",
      "StatusCode": 201,
      "ResponseHeaders": {
        "Content-Length": "0",
        "Date": "Tue, 24 Sep 2024 21:09:11 GMT",
        "x-ms-client-request-id": "Sanitized",
        "x-ms-content-crc64": "zQHDZrarNSY=",
        "x-ms-request-id": "161f5daf-d01e-0003-5ac6-0ec85f000000",
        "x-ms-request-server-encrypted": "true",
        "x-ms-structured-body": "XSM/1.0; properties=crc64",
        "x-ms-version": "2025-01-05"
      },
      "ResponseBody": null
    },
    {
      "RequestUri": "https://smtest20240108.blob.preprod.core.windows.net/test-container-7e53d0cc-a3dd-9abe-f1bb-967a2f0b1950/test-blob-58b79555-13bc-fce8-7807-371926ca35a5?comp=block&blockid=kAEAAAAAAAAAAAAAAAAAAAAAAAAAAAAAAAAAAAAAAAAAAAAAAAAAAAAAAAAAAAAA",
      "RequestMethod": "PUT",
      "RequestHeaders": {
        "Accept": "application/xml",
        "Authorization": "Sanitized",
        "Content-Length": "239",
        "Content-Type": "application/octet-stream",
        "User-Agent": "azsdk-net-Storage.Blobs/12.23.0-alpha.20240924.1 (.NET 8.0.8; Microsoft Windows 10.0.22631)",
        "x-ms-client-request-id": "Sanitized",
        "x-ms-date": "Tue, 24 Sep 2024 21:09:12 GMT",
        "x-ms-return-client-request-id": "true",
        "x-ms-structured-body": "XSM/1.0; properties=crc64",
        "x-ms-structured-content-length": "200",
        "x-ms-version": "2025-01-05"
      },
      "RequestBody": "Ae8AAAAAAAAAAQABAAEAyAAAAAAAAACwgjbu9FoxDJUHAkod+9wf840JSdT/4d+cPbmZO54yf8fzPzeg59VoDnxWts2iinZp5ilJvcBgsKBXUbegmND21YKDKbykfwu4oTpXqSsR+rNDL1V16MEHk46WSJUex3asX+BLHmC5xWYdkRyFCAd1RlcDXGl6ge3Be5YuDjZ2mtnEq0lLxttSiWrvV1ekgYuGIQI9GmsMMd7yiaLKi7cvp/ZDwV2+Kn98sNP/iymWHPoLp+wzOIBut3lqWDw4iP2zv7BgYcAtyP4nuDYd5s4g/ie4Nh3mziA=",
      "StatusCode": 201,
      "ResponseHeaders": {
        "Content-Length": "0",
        "Date": "Tue, 24 Sep 2024 21:09:11 GMT",
        "x-ms-client-request-id": "Sanitized",
        "x-ms-content-crc64": "/ie4Nh3mziA=",
        "x-ms-request-id": "161f5db0-d01e-0003-5bc6-0ec85f000000",
        "x-ms-request-server-encrypted": "true",
        "x-ms-structured-body": "XSM/1.0; properties=crc64",
        "x-ms-version": "2025-01-05"
      },
      "ResponseBody": null
    },
    {
      "RequestUri": "https://smtest20240108.blob.preprod.core.windows.net/test-container-7e53d0cc-a3dd-9abe-f1bb-967a2f0b1950/test-blob-58b79555-13bc-fce8-7807-371926ca35a5?comp=block&blockid=WAIAAAAAAAAAAAAAAAAAAAAAAAAAAAAAAAAAAAAAAAAAAAAAAAAAAAAAAAAAAAAA",
      "RequestMethod": "PUT",
      "RequestHeaders": {
        "Accept": "application/xml",
        "Authorization": "Sanitized",
        "Content-Length": "239",
        "Content-Type": "application/octet-stream",
        "User-Agent": "azsdk-net-Storage.Blobs/12.23.0-alpha.20240924.1 (.NET 8.0.8; Microsoft Windows 10.0.22631)",
        "x-ms-client-request-id": "Sanitized",
        "x-ms-date": "Tue, 24 Sep 2024 21:09:12 GMT",
        "x-ms-return-client-request-id": "true",
        "x-ms-structured-body": "XSM/1.0; properties=crc64",
        "x-ms-structured-content-length": "200",
        "x-ms-version": "2025-01-05"
      },
      "RequestBody": "Ae8AAAAAAAAAAQABAAEAyAAAAAAAAAD2g8Fplw2ltFxtqL7kyvxudtUJ41PSQkMo1UzMeDW6Od3f9rB2Ftaq1Lb7z4/JGejDQumMt0p0JEB9QcLB2Tsmsm/hBNNL91//Xg+d1nO0XrtjCDZLLoKTatJw+dUT6fp61Bwg6BQVd0qKjFg7103MyeMHXtAE2oPsTpoB2/6J63UUIgJWk3WmTpHswaEqWJKEoy/yDIoqdfmZNJp6E5xMAKDiJrVKdjVtYBA/GBniwvYHfDfOl9/q6qwIvV/bLDr0oMEBRzHdOhqR0Wg8W5/HGpHRaDxbn8c=",
      "StatusCode": 201,
      "ResponseHeaders": {
        "Content-Length": "0",
        "Date": "Tue, 24 Sep 2024 21:09:11 GMT",
        "x-ms-client-request-id": "Sanitized",
        "x-ms-content-crc64": "GpHRaDxbn8c=",
        "x-ms-request-id": "161f5db1-d01e-0003-5cc6-0ec85f000000",
        "x-ms-request-server-encrypted": "true",
        "x-ms-structured-body": "XSM/1.0; properties=crc64",
        "x-ms-version": "2025-01-05"
      },
      "ResponseBody": null
    },
    {
      "RequestUri": "https://smtest20240108.blob.preprod.core.windows.net/test-container-7e53d0cc-a3dd-9abe-f1bb-967a2f0b1950/test-blob-58b79555-13bc-fce8-7807-371926ca35a5?comp=block&blockid=IAMAAAAAAAAAAAAAAAAAAAAAAAAAAAAAAAAAAAAAAAAAAAAAAAAAAAAAAAAAAAAA",
      "RequestMethod": "PUT",
      "RequestHeaders": {
        "Accept": "application/xml",
        "Authorization": "Sanitized",
        "Content-Length": "239",
        "Content-Type": "application/octet-stream",
        "User-Agent": "azsdk-net-Storage.Blobs/12.23.0-alpha.20240924.1 (.NET 8.0.8; Microsoft Windows 10.0.22631)",
        "x-ms-client-request-id": "Sanitized",
        "x-ms-date": "Tue, 24 Sep 2024 21:09:12 GMT",
        "x-ms-return-client-request-id": "true",
        "x-ms-structured-body": "XSM/1.0; properties=crc64",
        "x-ms-structured-content-length": "200",
        "x-ms-version": "2025-01-05"
      },
      "RequestBody": "Ae8AAAAAAAAAAQABAAEAyAAAAAAAAAAt+YSseupd4LZxpHOWZH1owfc8CEK41pI01Up4WOF7xClCCdQSM3D/TygG7ja4o48iWD9P9dT3dSPxd6Wg5IjV9t9JU1uoVY2HPLkZsehcezG6Vv+hK89VSpSxIbvKXmugMPdWb080eQKxyLga3sM7lfxz5Y6INMoQ8wnG9zTSvN1OeIHwBQvhhdz872MXOmzRdYu/VnncF/wtRntGboLO3wvazGVCS5Dwkl+xjEVn+bmd9YGpEmZkcWGFw76PmxdZLg9XPG4Gjgy3hvBBzykvDLeG8EHPKS8=",
      "StatusCode": 201,
      "ResponseHeaders": {
        "Content-Length": "0",
        "Date": "Tue, 24 Sep 2024 21:09:11 GMT",
        "x-ms-client-request-id": "Sanitized",
        "x-ms-content-crc64": "DLeG8EHPKS8=",
        "x-ms-request-id": "161f5db2-d01e-0003-5dc6-0ec85f000000",
        "x-ms-request-server-encrypted": "true",
        "x-ms-structured-body": "XSM/1.0; properties=crc64",
        "x-ms-version": "2025-01-05"
      },
      "ResponseBody": null
    },
    {
      "RequestUri": "https://smtest20240108.blob.preprod.core.windows.net/test-container-7e53d0cc-a3dd-9abe-f1bb-967a2f0b1950/test-blob-58b79555-13bc-fce8-7807-371926ca35a5?comp=block&blockid=6AMAAAAAAAAAAAAAAAAAAAAAAAAAAAAAAAAAAAAAAAAAAAAAAAAAAAAAAAAAAAAA",
      "RequestMethod": "PUT",
      "RequestHeaders": {
        "Accept": "application/xml",
        "Authorization": "Sanitized",
        "Content-Length": "239",
        "Content-Type": "application/octet-stream",
        "User-Agent": "azsdk-net-Storage.Blobs/12.23.0-alpha.20240924.1 (.NET 8.0.8; Microsoft Windows 10.0.22631)",
        "x-ms-client-request-id": "Sanitized",
        "x-ms-date": "Tue, 24 Sep 2024 21:09:12 GMT",
        "x-ms-return-client-request-id": "true",
        "x-ms-structured-body": "XSM/1.0; properties=crc64",
        "x-ms-structured-content-length": "200",
        "x-ms-version": "2025-01-05"
      },
      "RequestBody": "Ae8AAAAAAAAAAQABAAEAyAAAAAAAAAAq+s7EGSuLtsVNwql5ACTNpXVaBL2I0mD2SFdeNRC8S5ZmVq9EoUtG1c79cc3xnlkJQrLHEwLRoihuzdHTLYG1kHcTEql1iAMqFC7vimCTBar+VPNd9TeUlbSH1tN6c6hNSOBV3ouvk7munP/T4RjH2sgn1NiOV5s/fn317rIwsKCFokF/PSYeT8A5rlg4wLObv/sKUp7Qv/FFFV8OuaUGfuxeTj/XR5yhCIUXVKhCB77JWS63JV0BteNPOijHD5UbMjBs2nJzxFXRwoUaaLzFVdHChRpovMU=",
      "StatusCode": 201,
      "ResponseHeaders": {
        "Content-Length": "0",
        "Date": "Tue, 24 Sep 2024 21:09:11 GMT",
        "x-ms-client-request-id": "Sanitized",
        "x-ms-content-crc64": "VdHChRpovMU=",
        "x-ms-request-id": "161f5db3-d01e-0003-5ec6-0ec85f000000",
        "x-ms-request-server-encrypted": "true",
        "x-ms-structured-body": "XSM/1.0; properties=crc64",
        "x-ms-version": "2025-01-05"
      },
      "ResponseBody": null
    },
    {
      "RequestUri": "https://smtest20240108.blob.preprod.core.windows.net/test-container-7e53d0cc-a3dd-9abe-f1bb-967a2f0b1950/test-blob-58b79555-13bc-fce8-7807-371926ca35a5?comp=block&blockid=AAQAAAAAAAAAAAAAAAAAAAAAAAAAAAAAAAAAAAAAAAAAAAAAAAAAAAAAAAAAAAAA",
      "RequestMethod": "PUT",
      "RequestHeaders": {
        "Accept": "application/xml",
        "Authorization": "Sanitized",
        "Content-Length": "63",
        "Content-Type": "application/octet-stream",
        "User-Agent": "azsdk-net-Storage.Blobs/12.23.0-alpha.20240924.1 (.NET 8.0.8; Microsoft Windows 10.0.22631)",
        "x-ms-client-request-id": "Sanitized",
        "x-ms-date": "Tue, 24 Sep 2024 21:09:12 GMT",
        "x-ms-return-client-request-id": "true",
        "x-ms-structured-body": "XSM/1.0; properties=crc64",
        "x-ms-structured-content-length": "24",
        "x-ms-version": "2025-01-05"
      },
      "RequestBody": "AT8AAAAAAAAAAQABAAEAGAAAAAAAAAB3XmlKGbhqSAIOoUVgdk9Zj1yYXIcNdNrnI/MB9/SWWecj8wH39JZZ",
      "StatusCode": 201,
      "ResponseHeaders": {
        "Content-Length": "0",
        "Date": "Tue, 24 Sep 2024 21:09:12 GMT",
        "x-ms-client-request-id": "Sanitized",
        "x-ms-content-crc64": "5yPzAff0llk=",
        "x-ms-request-id": "161f5db4-d01e-0003-5fc6-0ec85f000000",
        "x-ms-request-server-encrypted": "true",
        "x-ms-structured-body": "XSM/1.0; properties=crc64",
        "x-ms-version": "2025-01-05"
      },
      "ResponseBody": null
    },
    {
      "RequestUri": "https://smtest20240108.blob.preprod.core.windows.net/test-container-7e53d0cc-a3dd-9abe-f1bb-967a2f0b1950/test-blob-58b79555-13bc-fce8-7807-371926ca35a5?comp=blocklist",
      "RequestMethod": "PUT",
      "RequestHeaders": {
        "Accept": "application/xml",
        "Authorization": "Sanitized",
        "Content-Length": "512",
        "Content-Type": "application/xml",
        "If-Match": "\"0x8DCDCDD238C8868\"",
        "User-Agent": "azsdk-net-Storage.Blobs/12.23.0-alpha.20240924.1 (.NET 8.0.8; Microsoft Windows 10.0.22631)",
        "x-ms-client-request-id": "Sanitized",
        "x-ms-date": "Tue, 24 Sep 2024 21:09:12 GMT",
        "x-ms-return-client-request-id": "true",
        "x-ms-version": "2025-01-05"
      },
      "RequestBody": "\uFEFF<BlockList><Latest>yAAAAAAAAAAAAAAAAAAAAAAAAAAAAAAAAAAAAAAAAAAAAAAAAAAAAAAAAAAAAAAA</Latest><Latest>kAEAAAAAAAAAAAAAAAAAAAAAAAAAAAAAAAAAAAAAAAAAAAAAAAAAAAAAAAAAAAAA</Latest><Latest>WAIAAAAAAAAAAAAAAAAAAAAAAAAAAAAAAAAAAAAAAAAAAAAAAAAAAAAAAAAAAAAA</Latest><Latest>IAMAAAAAAAAAAAAAAAAAAAAAAAAAAAAAAAAAAAAAAAAAAAAAAAAAAAAAAAAAAAAA</Latest><Latest>6AMAAAAAAAAAAAAAAAAAAAAAAAAAAAAAAAAAAAAAAAAAAAAAAAAAAAAAAAAAAAAA</Latest><Latest>AAQAAAAAAAAAAAAAAAAAAAAAAAAAAAAAAAAAAAAAAAAAAAAAAAAAAAAAAAAAAAAA</Latest></BlockList>",
      "StatusCode": 201,
      "ResponseHeaders": {
        "Content-Length": "0",
        "Date": "Tue, 24 Sep 2024 21:09:12 GMT",
        "ETag": "\"0x8DCDCDD23E863C5\"",
        "Last-Modified": "Tue, 24 Sep 2024 21:09:12 GMT",
        "x-ms-client-request-id": "Sanitized",
        "x-ms-content-crc64": "8YdXVk6iuj8=",
        "x-ms-request-id": "161f5db5-d01e-0003-60c6-0ec85f000000",
        "x-ms-request-server-encrypted": "true",
        "x-ms-version": "2025-01-05"
      },
      "ResponseBody": null
    },
    {
      "RequestUri": "https://smtest20240108.blob.preprod.core.windows.net/test-container-7e53d0cc-a3dd-9abe-f1bb-967a2f0b1950?restype=container",
      "RequestMethod": "DELETE",
      "RequestHeaders": {
        "Accept": "application/xml",
        "Authorization": "Sanitized",
        "traceparent": "00-f723b08fd23c3c229f0b6f596c84643d-d2de492b01d69661-00",
        "User-Agent": "azsdk-net-Storage.Blobs/12.23.0-alpha.20240924.1 (.NET 8.0.8; Microsoft Windows 10.0.22631)",
        "x-ms-client-request-id": "Sanitized",
        "x-ms-date": "Tue, 24 Sep 2024 21:09:12 GMT",
        "x-ms-return-client-request-id": "true",
        "x-ms-version": "2025-01-05"
      },
      "RequestBody": null,
      "StatusCode": 202,
      "ResponseHeaders": {
        "Content-Length": "0",
        "Date": "Tue, 24 Sep 2024 21:09:12 GMT",
        "x-ms-client-request-id": "Sanitized",
        "x-ms-request-id": "161f5db6-d01e-0003-61c6-0ec85f000000",
        "x-ms-version": "2025-01-05"
      },
      "ResponseBody": null
    }
  ],
  "Variables": {
    "RandomSeed": "1163146554",
    "Storage_TestConfigDefault": "ProductionTenant\nsmtest20240108\nU2FuaXRpemVk\nhttps://smtest20240108.blob.preprod.core.windows.net\nhttps://smtest20240108.file.preprod.core.windows.net\nhttps://smtest20240108.queue.preprod.core.windows.net\nhttps://smtest20240108.table.preprod.core.windows.net\n\n\n\n\nhttps://smtest20240108-secondary.blob.preprod.core.windows.net\nhttps://smtest20240108-secondary.file.preprod.core.windows.net\nhttps://smtest20240108-secondary.queue.preprod.core.windows.net\nhttps://smtest20240108-secondary.table.preprod.core.windows.net\nCloud\nBlobEndpoint=https://smtest20240108.blob.preprod.core.windows.net/;QueueEndpoint=https://smtest20240108.queue.preprod.core.windows.net/;FileEndpoint=https://smtest20240108.file.preprod.core.windows.net/;BlobSecondaryEndpoint=https://smtest20240108-secondary.blob.preprod.core.windows.net/;QueueSecondaryEndpoint=https://smtest20240108-secondary.queue.preprod.core.windows.net/;FileSecondaryEndpoint=https://smtest20240108-secondary.file.preprod.core.windows.net/;AccountName=smtest20240108;AccountKey=Sanitized\nseanscope1\nkupplaks-rg\n560efead-282d-42a4-8f12-1b37d2a4e785"
  }
}
