{
  "Entries": [
    {
      "RequestUri": "https://fakeendpoint.cognitiveservices.azure.com//face/v1.1-preview.1/detectLivenessWithVerify/singleModal/sessions",
      "RequestMethod": "POST",
      "RequestHeaders": {
        "Accept": "application/json",
        "Accept-Encoding": "gzip, deflate",
        "Content-Length": "99",
        "Content-Type": "application/json",
        "User-Agent": "azsdk-python-ai-vision-face/1.0.0b1 Python/3.8.10 (Linux-5.10.102.1-microsoft-standard-WSL2-x86_64-with-glibc2.29)"
      },
      "RequestBody": {
        "livenessOperationMode": "Passive",
        "deviceCorrelationId": "ffce8a52-14a9-44d1-a91f-82a3576bef3a"
      },
      "StatusCode": 200,
      "ResponseHeaders": {
        "apim-request-id": "a1117e49-5473-481a-ad9e-78e0beb80103",
        "Content-Length": "80",
        "Content-Type": "application/json; charset=utf-8",
        "CSP-Billing-Usage": "CognitiveServices.Face.Transaction=1",
        "Date": "Mon, 06 May 2024 10:45:03 GMT",
        "Strict-Transport-Security": "max-age=31536000; includeSubDomains; preload",
        "X-Content-Type-Options": "nosniff",
        "x-envoy-upstream-service-time": "63",
        "x-ms-region": "East US"
      },
      "ResponseBody": {
        "sessionId": "4f084813-b916-4f96-91a9-148e65186589",
        "authToken": "fakeauthtoken"
      }
    },
    {
      "RequestUri": "https://fakeendpoint.cognitiveservices.azure.com//face/v1.1-preview.1/detectLivenessWithVerify/singleModal/sessions",
      "RequestMethod": "POST",
      "RequestHeaders": {
        "Accept": "application/json",
        "Accept-Encoding": "gzip, deflate",
        "Content-Length": "99",
        "Content-Type": "application/json",
        "User-Agent": "azsdk-python-ai-vision-face/1.0.0b1 Python/3.8.10 (Linux-5.10.102.1-microsoft-standard-WSL2-x86_64-with-glibc2.29)"
      },
      "RequestBody": {
        "livenessOperationMode": "Passive",
        "deviceCorrelationId": "53051b3d-5950-4380-a240-91e5fe3f81fb"
      },
      "StatusCode": 200,
      "ResponseHeaders": {
        "apim-request-id": "25afb287-23e5-45c5-93cb-a0ac286e12f2",
        "Content-Length": "80",
        "Content-Type": "application/json; charset=utf-8",
        "CSP-Billing-Usage": "CognitiveServices.Face.Transaction=1",
        "Date": "Mon, 06 May 2024 10:45:03 GMT",
        "Strict-Transport-Security": "max-age=31536000; includeSubDomains; preload",
        "X-Content-Type-Options": "nosniff",
        "x-envoy-upstream-service-time": "38",
        "x-ms-region": "East US"
      },
      "ResponseBody": {
        "sessionId": "c1a9ffe4-2aa3-4461-bd0d-3d3754de6f9b",
        "authToken": "fakeauthtoken"
      }
    },
    {
      "RequestUri": "https://fakeendpoint.cognitiveservices.azure.com//face/v1.1-preview.1/detectLivenessWithVerify/singleModal/sessions",
      "RequestMethod": "GET",
      "RequestHeaders": {
        "Accept": "application/json",
        "Accept-Encoding": "gzip, deflate",
        "User-Agent": "azsdk-python-ai-vision-face/1.0.0b1 Python/3.8.10 (Linux-5.10.102.1-microsoft-standard-WSL2-x86_64-with-glibc2.29)"
      },
      "RequestBody": null,
      "StatusCode": 200,
      "ResponseHeaders": {
        "apim-request-id": "a333a6a1-ac53-4423-b9b6-e05726b4ccc3",
        "Content-Length": "439",
        "Content-Type": "application/json; charset=utf-8",
        "CSP-Billing-Usage": "CognitiveServices.Face.Transaction=1",
        "Date": "Mon, 06 May 2024 10:45:03 GMT",
        "Strict-Transport-Security": "max-age=31536000; includeSubDomains; preload",
        "X-Content-Type-Options": "nosniff",
        "x-envoy-upstream-service-time": "16",
        "x-ms-region": "East US"
      },
      "ResponseBody": "[{\"id\":\"4f084813-b916-4f96-91a9-148e65186589\",\"createdDateTime\":\"2024-05-06T10:45:04.2260536+00:00\",\"authTokenTimeToLiveInSeconds\":600,\"deviceCorrelationId\":\"ffce8a52-14a9-44d1-a91f-82a3576bef3a\",\"sessionExpired\":false},{\"id\":\"c1a9ffe4-2aa3-4461-bd0d-3d3754de6f9b\",\"createdDateTime\":\"2024-05-06T10:45:04.4740748+00:00\",\"authTokenTimeToLiveInSeconds\":600,\"deviceCorrelationId\":\"53051b3d-5950-4380-a240-91e5fe3f81fb\",\"sessionExpired\":false}]"
    },
    {
      "RequestUri": "https://fakeendpoint.cognitiveservices.azure.com//face/v1.1-preview.1/detectLivenessWithVerify/singleModal/sessions/4f084813-b916-4f96-91a9-148e65186589",
      "RequestMethod": "DELETE",
      "RequestHeaders": {
        "Accept": "application/json",
        "Accept-Encoding": "gzip, deflate",
        "Content-Length": "0",
        "User-Agent": "azsdk-python-ai-vision-face/1.0.0b1 Python/3.8.10 (Linux-5.10.102.1-microsoft-standard-WSL2-x86_64-with-glibc2.29)"
      },
      "RequestBody": null,
      "StatusCode": 200,
      "ResponseHeaders": {
        "apim-request-id": "7cb95323-35ed-4c76-946b-4f2f9e182b65",
        "Content-Length": "0",
        "CSP-Billing-Usage": "CognitiveServices.Face.Transaction=1",
        "Date": "Mon, 06 May 2024 10:45:03 GMT",
        "Strict-Transport-Security": "max-age=31536000; includeSubDomains; preload",
        "X-Content-Type-Options": "nosniff",
        "x-envoy-upstream-service-time": "13",
        "x-ms-region": "East US"
      },
      "ResponseBody": null
    },
    {
      "RequestUri": "https://fakeendpoint.cognitiveservices.azure.com//face/v1.1-preview.1/detectLivenessWithVerify/singleModal/sessions/c1a9ffe4-2aa3-4461-bd0d-3d3754de6f9b",
      "RequestMethod": "DELETE",
      "RequestHeaders": {
        "Accept": "application/json",
        "Accept-Encoding": "gzip, deflate",
        "Content-Length": "0",
        "User-Agent": "azsdk-python-ai-vision-face/1.0.0b1 Python/3.8.10 (Linux-5.10.102.1-microsoft-standard-WSL2-x86_64-with-glibc2.29)"
      },
      "RequestBody": null,
      "StatusCode": 200,
      "ResponseHeaders": {
        "apim-request-id": "0d735e50-9bec-4d77-9a87-af9b1ef66cea",
        "Content-Length": "0",
        "CSP-Billing-Usage": "CognitiveServices.Face.Transaction=1",
        "Date": "Mon, 06 May 2024 10:45:04 GMT",
        "Strict-Transport-Security": "max-age=31536000; includeSubDomains; preload",
        "X-Content-Type-Options": "nosniff",
        "x-envoy-upstream-service-time": "11",
        "x-ms-region": "East US"
      },
      "ResponseBody": null
    }
  ],
  "Variables": {
    "deviceCorrelationId1": "ffce8a52-14a9-44d1-a91f-82a3576bef3a",
    "deviceCorrelationId2": "53051b3d-5950-4380-a240-91e5fe3f81fb"
  }
}
