{
  "Entries": [
    {
      "RequestUri": "https://Sanitized.cognitiveservices.azure.com/face/v1.1-preview.1/detectLiveness/singleModal/sessions",
      "RequestMethod": "POST",
      "RequestHeaders": {
        "Accept": "application/json",
        "Accept-Encoding": "gzip, deflate",
        "Connection": "keep-alive",
        "Content-Length": "99",
        "Content-Type": "application/json",
        "User-Agent": "azsdk-python-ai-vision-face/1.0.0b1 Python/3.8.10 (Linux-5.10.102.1-microsoft-standard-WSL2-x86_64-with-glibc2.29)"
      },
      "RequestBody": {
        "livenessOperationMode": "Passive",
        "deviceCorrelationId": "dd507ee2-3e79-48d8-89e1-af4480a8e8b9"
      },
      "StatusCode": 200,
      "ResponseHeaders": {
        "apim-request-id": "611ba8c5-d237-4353-bacd-23cd25f219ba",
        "Content-Length": "80",
        "Content-Type": "application/json; charset=utf-8",
        "CSP-Billing-Usage": "CognitiveServices.Face.Transaction=1",
        "Date": "Thu, 23 May 2024 07:04:21 GMT",
        "Strict-Transport-Security": "max-age=31536000; includeSubDomains; preload",
        "X-Content-Type-Options": "nosniff",
        "x-envoy-upstream-service-time": "96",
        "x-ms-region": "East US"
      },
      "ResponseBody": {
        "sessionId": "21ca4bfd-1bf5-4a87-91dd-651b54f540d1",
        "authToken": "fakeauthtoken"
      }
    },
    {
      "RequestUri": "https://Sanitized.cognitiveservices.azure.com/face/v1.1-preview.1/detectLiveness/singleModal/sessions",
      "RequestMethod": "POST",
      "RequestHeaders": {
        "Accept": "application/json",
        "Accept-Encoding": "gzip, deflate",
        "Connection": "keep-alive",
        "Content-Length": "99",
        "Content-Type": "application/json",
        "User-Agent": "azsdk-python-ai-vision-face/1.0.0b1 Python/3.8.10 (Linux-5.10.102.1-microsoft-standard-WSL2-x86_64-with-glibc2.29)"
      },
      "RequestBody": {
        "livenessOperationMode": "Passive",
        "deviceCorrelationId": "1f0f81d8-adcf-4b00-ae5d-aee7cc23a2ab"
      },
      "StatusCode": 200,
      "ResponseHeaders": {
        "apim-request-id": "c50aefa7-9017-4a6f-b0eb-0a35d6e3a9ba",
        "Content-Length": "80",
        "Content-Type": "application/json; charset=utf-8",
        "CSP-Billing-Usage": "CognitiveServices.Face.Transaction=1",
        "Date": "Thu, 23 May 2024 07:04:22 GMT",
        "Strict-Transport-Security": "max-age=31536000; includeSubDomains; preload",
        "X-Content-Type-Options": "nosniff",
        "x-envoy-upstream-service-time": "83",
        "x-ms-region": "East US"
      },
      "ResponseBody": {
        "sessionId": "c4905877-1aee-4a17-947d-13be9ec95038",
        "authToken": "fakeauthtoken"
      }
    },
    {
      "RequestUri": "https://Sanitized.cognitiveservices.azure.com/face/v1.1-preview.1/detectLiveness/singleModal/sessions",
      "RequestMethod": "GET",
      "RequestHeaders": {
        "Accept": "application/json",
        "Accept-Encoding": "gzip, deflate",
        "Connection": "keep-alive",
        "User-Agent": "azsdk-python-ai-vision-face/1.0.0b1 Python/3.8.10 (Linux-5.10.102.1-microsoft-standard-WSL2-x86_64-with-glibc2.29)"
      },
      "RequestBody": null,
      "StatusCode": 200,
      "ResponseHeaders": {
        "apim-request-id": "ffb2b77c-f223-4f5f-a825-2002aca51e15",
        "Content-Length": "384",
        "Content-Type": "application/json; charset=utf-8",
        "CSP-Billing-Usage": "CognitiveServices.Face.Transaction=1",
        "Date": "Thu, 23 May 2024 07:04:22 GMT",
        "Strict-Transport-Security": "max-age=31536000; includeSubDomains; preload",
        "X-Content-Type-Options": "nosniff",
        "x-envoy-upstream-service-time": "30",
        "x-ms-region": "East US"
      },
      "ResponseBody": "[{\"id\":\"Sanitized\",\"createdDateTime\":\"2024-05-23T07:04:22.199691+00:00\",\"authTokenTimeToLiveInSeconds\":600,\"deviceCorrelationId\":\"dd507ee2-3e79-48d8-89e1-af4480a8e8b9\",\"sessionExpired\":false},{\"id\":\"Sanitized\",\"createdDateTime\":\"2024-05-23T07:04:22.4886309+00:00\",\"authTokenTimeToLiveInSeconds\":600,\"deviceCorrelationId\":\"1f0f81d8-adcf-4b00-ae5d-aee7cc23a2ab\",\"sessionExpired\":false}]"
    },
    {
      "RequestUri": "https://Sanitized.cognitiveservices.azure.com/face/v1.1-preview.1/detectLiveness/singleModal/sessions/21ca4bfd-1bf5-4a87-91dd-651b54f540d1",
      "RequestMethod": "DELETE",
      "RequestHeaders": {
        "Accept": "application/json",
        "Accept-Encoding": "gzip, deflate",
        "Connection": "keep-alive",
        "Content-Length": "0",
        "User-Agent": "azsdk-python-ai-vision-face/1.0.0b1 Python/3.8.10 (Linux-5.10.102.1-microsoft-standard-WSL2-x86_64-with-glibc2.29)"
      },
      "RequestBody": null,
      "StatusCode": 200,
      "ResponseHeaders": {
        "apim-request-id": "86ee90a6-ea7e-4926-9d4b-4d95cbbcd1d4",
        "Content-Length": "0",
        "CSP-Billing-Usage": "CognitiveServices.Face.Transaction=1",
        "Date": "Thu, 23 May 2024 07:04:22 GMT",
        "Strict-Transport-Security": "max-age=31536000; includeSubDomains; preload",
        "X-Content-Type-Options": "nosniff",
        "x-envoy-upstream-service-time": "12",
        "x-ms-region": "East US"
      },
      "ResponseBody": null
    },
    {
      "RequestUri": "https://Sanitized.cognitiveservices.azure.com/face/v1.1-preview.1/detectLiveness/singleModal/sessions/c4905877-1aee-4a17-947d-13be9ec95038",
      "RequestMethod": "DELETE",
      "RequestHeaders": {
        "Accept": "application/json",
        "Accept-Encoding": "gzip, deflate",
        "Connection": "keep-alive",
        "Content-Length": "0",
        "User-Agent": "azsdk-python-ai-vision-face/1.0.0b1 Python/3.8.10 (Linux-5.10.102.1-microsoft-standard-WSL2-x86_64-with-glibc2.29)"
      },
      "RequestBody": null,
      "StatusCode": 200,
      "ResponseHeaders": {
        "apim-request-id": "b3ae8560-1659-490d-9993-eddd1ceff020",
        "Content-Length": "0",
        "CSP-Billing-Usage": "CognitiveServices.Face.Transaction=1",
        "Date": "Thu, 23 May 2024 07:04:22 GMT",
        "Strict-Transport-Security": "max-age=31536000; includeSubDomains; preload",
        "X-Content-Type-Options": "nosniff",
        "x-envoy-upstream-service-time": "17",
        "x-ms-region": "East US"
      },
      "ResponseBody": null
    }
  ],
  "Variables": {
    "deviceCorrelationId1": "dd507ee2-3e79-48d8-89e1-af4480a8e8b9",
    "deviceCorrelationId2": "1f0f81d8-adcf-4b00-ae5d-aee7cc23a2ab"
  }
}
