{
  "Entries": [
    {
      "RequestUri": "https://fakeHost.api.wus2.digitaltwins.azure.net/models/dtmi%3Aexample%3AWard%3B121456255?includeModelDefinition=true\u0026api-version=2023-06-30",
      "RequestMethod": "GET",
      "RequestHeaders": {
        "Accept": "application/json",
        "Authorization": "Sanitized",
        "traceparent": "00-6f4f0325c6f885b821a7e0825bfcb56c-ab5bf64c6f55ec6f-00",
        "User-Agent": "azsdk-net-DigitalTwins.Core/1.5.0-alpha.20230802.1 (.NET 6.0.20; Microsoft Windows 10.0.22621)",
        "x-ms-client-request-id": "a2df252f7ba21eff17ed8385a22be24c",
        "x-ms-return-client-request-id": "true"
      },
      "RequestBody": null,
      "StatusCode": 404,
      "ResponseHeaders": {
        "Content-Length": "212",
        "Content-Type": "application/json; charset=utf-8",
        "Date": "Wed, 02 Aug 2023 17:58:02 GMT",
        "mise-correlation-id": "3b750faf-9835-4828-ade9-4853849fd973",
        "Strict-Transport-Security": "max-age=2592000",
        "traceresponse": "00-6f4f0325c6f885b821a7e0825bfcb56c-00198fadc7eb6bd6-01",
        "x-ms-error-code": "ModelNotFound"
      },
      "ResponseBody": {
        "error": {
          "code": "ModelNotFound",
          "message": "There is no Model(s) available that matches the provided id(s) dtmi:example:Ward;121456255. Check that the Model ID provided is valid by doing a Model_List API call."
        }
      }
    },
    {
      "RequestUri": "https://fakeHost.api.wus2.digitaltwins.azure.net/models?api-version=2023-06-30",
      "RequestMethod": "POST",
      "RequestHeaders": {
        "Accept": "application/json",
        "Authorization": "Sanitized",
        "Content-Length": "567",
        "Content-Type": "application/json",
        "traceparent": "00-af2ba36798d478db8b2f1075f4655f79-7250f24017a62f38-00",
        "User-Agent": "azsdk-net-DigitalTwins.Core/1.5.0-alpha.20230802.1 (.NET 6.0.20; Microsoft Windows 10.0.22621)",
        "x-ms-client-request-id": "44f4b4b89b8782a2cc57193866770b02",
        "x-ms-return-client-request-id": "true"
      },
      "RequestBody": "[{    \u0022@id\u0022: \u0022dtmi:example:Ward;121456255\u0022,    \u0022@type\u0022: \u0022Interface\u0022,    \u0022displayName\u0022: \u0022Ward\u0022,    \u0022description\u0022: \u0022A separate partition in a building, made of rooms and hallways.\u0022,    \u0022contents\u0022: [        {            \u0022@type\u0022: \u0022Property\u0022,            \u0022name\u0022: \u0022VisitorCount\u0022,            \u0022schema\u0022: \u0022double\u0022        },        {            \u0022@type\u0022: \u0022Property\u0022,            \u0022name\u0022: \u0022HandWashPercentage\u0022,            \u0022schema\u0022: \u0022double\u0022        },        {            \u0022@type\u0022: \u0022Relationship\u0022,            \u0022name\u0022: \u0022managedRooms\u0022        }    ],    \u0022@context\u0022: \u0022dtmi:dtdl:context;2\u0022}]",
      "StatusCode": 201,
      "ResponseHeaders": {
        "Content-Length": "225",
        "Content-Type": "application/json; charset=utf-8",
        "Date": "Wed, 02 Aug 2023 17:58:02 GMT",
        "mise-correlation-id": "c62f7eb0-48c4-49df-8384-37d57ffa799e",
        "Strict-Transport-Security": "max-age=2592000",
        "traceresponse": "00-af2ba36798d478db8b2f1075f4655f79-18fe9d2810090e88-01"
      },
      "ResponseBody": "[{\u0022id\u0022:\u0022dtmi:example:Ward;121456255\u0022,\u0022description\u0022:{\u0022en\u0022:\u0022A separate partition in a building, made of rooms and hallways.\u0022},\u0022displayName\u0022:{\u0022en\u0022:\u0022Ward\u0022},\u0022decommissioned\u0022:false,\u0022uploadTime\u0022:\u00222023-08-02T17:58:02.9449494\u002B00:00\u0022}]"
    },
    {
      "RequestUri": "https://fakeHost.api.wus2.digitaltwins.azure.net/models?includeModelDefinition=false\u0026api-version=2023-06-30",
      "RequestMethod": "GET",
      "RequestHeaders": {
        "Accept": "application/json",
        "Authorization": "Sanitized",
        "traceparent": "00-b38b856d7b7935578fc5c21f0eb89770-70024c7e8b0c063b-00",
        "User-Agent": "azsdk-net-DigitalTwins.Core/1.5.0-alpha.20230802.1 (.NET 6.0.20; Microsoft Windows 10.0.22621)",
        "x-ms-client-request-id": "89c4dbf73edd0e1813c0c25eea152fbe",
        "x-ms-return-client-request-id": "true"
      },
      "RequestBody": null,
      "StatusCode": 200,
      "ResponseHeaders": {
        "Content-Length": "6306",
        "Content-Type": "application/json; charset=utf-8",
        "Date": "Wed, 02 Aug 2023 17:58:02 GMT",
        "mise-correlation-id": "20750bdc-486b-4ed3-86d2-422f142868a5",
        "Strict-Transport-Security": "max-age=2592000",
        "traceresponse": "00-b38b856d7b7935578fc5c21f0eb89770-b78e88f09bc01af2-01"
      },
      "ResponseBody": {
        "value": [
          {
            "id": "dtmi:example:room;180719651",
            "description": {
              "en": "An enclosure inside a building."
            },
            "displayName": {
              "en": "Room"
            },
            "decommissioned": false,
            "uploadTime": "2023-07-20T16:56:11.0624733\u002B00:00"
          },
          {
            "id": "dtmi:example:room;151014275",
            "description": {
              "en": "An enclosure inside a building."
            },
            "displayName": {
              "en": "Room"
            },
            "decommissioned": false,
            "uploadTime": "2023-07-20T16:56:11.2279247\u002B00:00"
          },
          {
            "id": "dtmi:example:Ward;192203971",
            "description": {
              "en": "A separate partition in a building, made of rooms and hallways."
            },
            "displayName": {
              "en": "Ward"
            },
            "decommissioned": false,
            "uploadTime": "2023-07-20T16:56:26.1533024\u002B00:00"
          },
          {
            "id": "dtmi:example:Ward;113285811",
            "description": {
              "en": "A separate partition in a building, made of rooms and hallways."
            },
            "displayName": {
              "en": "Ward"
            },
            "decommissioned": false,
            "uploadTime": "2023-07-20T16:56:26.2570769\u002B00:00"
          },
          {
            "id": "dtmi:example:Ward;136940038",
            "description": {
              "en": "A separate partition in a building, made of rooms and hallways."
            },
            "displayName": {
              "en": "Ward"
            },
            "decommissioned": false,
            "uploadTime": "2023-07-20T16:56:29.4141361\u002B00:00"
          },
          {
            "id": "dtmi:example:Ward;119587588",
            "description": {
              "en": "A separate partition in a building, made of rooms and hallways."
            },
            "displayName": {
              "en": "Ward"
            },
            "decommissioned": false,
            "uploadTime": "2023-07-20T16:56:29.9924909\u002B00:00"
          },
          {
            "id": "dtmi:example:room;121067353",
            "description": {
              "en": "An enclosure inside a building."
            },
            "displayName": {
              "en": "Room"
            },
            "decommissioned": false,
            "uploadTime": "2023-07-20T18:47:25.3201553\u002B00:00"
          },
          {
            "id": "dtmi:example:room;114854850",
            "description": {
              "en": "An enclosure inside a building."
            },
            "displayName": {
              "en": "Room"
            },
            "decommissioned": false,
            "uploadTime": "2023-07-20T18:47:25.4508859\u002B00:00"
          },
          {
            "id": "dtmi:example:Ward;120421594",
            "description": {
              "en": "A separate partition in a building, made of rooms and hallways."
            },
            "displayName": {
              "en": "Ward"
            },
            "decommissioned": false,
            "uploadTime": "2023-07-20T18:47:39.3176\u002B00:00"
          },
          {
            "id": "dtmi:example:Ward;119295625",
            "description": {
              "en": "A separate partition in a building, made of rooms and hallways."
            },
            "displayName": {
              "en": "Ward"
            },
            "decommissioned": false,
            "uploadTime": "2023-07-20T18:47:39.9195535\u002B00:00"
          },
          {
            "id": "dtmi:example:Ward;114260452",
            "description": {
              "en": "A separate partition in a building, made of rooms and hallways."
            },
            "displayName": {
              "en": "Ward"
            },
            "decommissioned": false,
            "uploadTime": "2023-07-20T18:47:42.4968713\u002B00:00"
          },
          {
            "id": "dtmi:example:Ward;115532858",
            "description": {
              "en": "A separate partition in a building, made of rooms and hallways."
            },
            "displayName": {
              "en": "Ward"
            },
            "decommissioned": false,
            "uploadTime": "2023-07-20T18:47:43.3051977\u002B00:00"
          },
          {
            "id": "dtmi:example:room;140236201",
            "description": {
              "en": "An enclosure inside a building."
            },
            "displayName": {
              "en": "Room"
            },
            "decommissioned": false,
            "uploadTime": "2023-07-20T18:54:18.0923481\u002B00:00"
          },
          {
            "id": "dtmi:example:room;112001096",
            "description": {
              "en": "An enclosure inside a building."
            },
            "displayName": {
              "en": "Room"
            },
            "decommissioned": false,
            "uploadTime": "2023-07-20T18:54:18.1066203\u002B00:00"
          },
          {
            "id": "dtmi:example:Ward;172150796",
            "description": {
              "en": "A separate partition in a building, made of rooms and hallways."
            },
            "displayName": {
              "en": "Ward"
            },
            "decommissioned": false,
            "uploadTime": "2023-07-20T18:54:32.2937206\u002B00:00"
          },
          {
            "id": "dtmi:example:Ward;162879972",
            "description": {
              "en": "A separate partition in a building, made of rooms and hallways."
            },
            "displayName": {
              "en": "Ward"
            },
            "decommissioned": false,
            "uploadTime": "2023-07-20T18:54:32.8223278\u002B00:00"
          },
          {
            "id": "dtmi:example:Ward;113838746",
            "description": {
              "en": "A separate partition in a building, made of rooms and hallways."
            },
            "displayName": {
              "en": "Ward"
            },
            "decommissioned": false,
            "uploadTime": "2023-07-20T18:54:35.5407259\u002B00:00"
          },
          {
            "id": "dtmi:example:Ward;197428292",
            "description": {
              "en": "A separate partition in a building, made of rooms and hallways."
            },
            "displayName": {
              "en": "Ward"
            },
            "decommissioned": false,
            "uploadTime": "2023-07-20T18:54:35.9191561\u002B00:00"
          },
          {
            "id": "dtmi:com:microsoft:azure:iot:model0;1",
            "description": {
              "en": "This is the description of model"
            },
            "displayName": {
              "en": "This is the display name"
            },
            "decommissioned": false,
            "uploadTime": "2023-07-20T18:55:12.9815135\u002B00:00"
          },
          {
            "id": "dtmi:com:microsoft:azure:iot:model1;1",
            "description": {
              "en": "This is the description of model"
            },
            "displayName": {
              "en": "This is the display name"
            },
            "decommissioned": false,
            "uploadTime": "2023-07-20T18:55:12.9815507\u002B00:00"
          },
          {
            "id": "dtmi:example:room;110196595",
            "description": {
              "en": "An enclosure inside a building."
            },
            "displayName": {
              "en": "Room"
            },
            "decommissioned": false,
            "uploadTime": "2023-08-02T17:57:48.4101165\u002B00:00"
          },
          {
            "id": "dtmi:example:room;119563191",
            "description": {
              "en": "An enclosure inside a building."
            },
            "displayName": {
              "en": "Room"
            },
            "decommissioned": false,
            "uploadTime": "2023-08-02T17:57:48.5643544\u002B00:00"
          },
          {
            "id": "dtmi:example:floor;18058283",
            "description": {
              "en": "A building story."
            },
            "displayName": {
              "en": "Floor"
            },
            "decommissioned": false,
            "uploadTime": "2023-08-02T17:58:01.5203042\u002B00:00"
          },
          {
            "id": "dtmi:example:room;142406304",
            "description": {
              "en": "An enclosure inside a building."
            },
            "displayName": {
              "en": "Room"
            },
            "decommissioned": false,
            "uploadTime": "2023-08-02T17:58:01.5203354\u002B00:00"
          },
          {
            "id": "dtmi:example:hvac;115670902",
            "description": {
              "en": "A heating, ventilation, and air conditioning unit."
            },
            "displayName": {
              "en": "HVAC"
            },
            "decommissioned": false,
            "uploadTime": "2023-08-02T17:58:01.5203528\u002B00:00"
          },
          {
            "id": "dtmi:example:floor;16029521",
            "description": {
              "en": "A building story."
            },
            "displayName": {
              "en": "Floor"
            },
            "decommissioned": false,
            "uploadTime": "2023-08-02T17:58:01.5262119\u002B00:00"
          },
          {
            "id": "dtmi:example:room;122458674",
            "description": {
              "en": "An enclosure inside a building."
            },
            "displayName": {
              "en": "Room"
            },
            "decommissioned": false,
            "uploadTime": "2023-08-02T17:58:01.5262365\u002B00:00"
          },
          {
            "id": "dtmi:example:hvac;143917464",
            "description": {
              "en": "A heating, ventilation, and air conditioning unit."
            },
            "displayName": {
              "en": "HVAC"
            },
            "decommissioned": false,
            "uploadTime": "2023-08-02T17:58:01.5262555\u002B00:00"
          },
          {
            "id": "dtmi:example:Ward;114071200",
            "description": {
              "en": "A separate partition in a building, made of rooms and hallways."
            },
            "displayName": {
              "en": "Ward"
            },
            "decommissioned": false,
            "uploadTime": "2023-08-02T17:58:02.5201391\u002B00:00"
          },
          {
            "id": "dtmi:example:Ward;121456255",
            "description": {
              "en": "A separate partition in a building, made of rooms and hallways."
            },
            "displayName": {
              "en": "Ward"
            },
            "decommissioned": false,
            "uploadTime": "2023-08-02T17:58:02.9449494\u002B00:00"
          }
        ],
        "nextLink": null
      }
    },
    {
      "RequestUri": "https://fakeHost.api.wus2.digitaltwins.azure.net/models/dtmi%3Aexample%3AWard%3B121456255?includeModelDefinition=true\u0026api-version=2023-06-30",
      "RequestMethod": "GET",
      "RequestHeaders": {
        "Accept": "application/json",
        "Authorization": "Sanitized",
        "traceparent": "00-0be5ff28bd741100c5ca8a81e2b452aa-e502827df140b338-00",
        "User-Agent": "azsdk-net-DigitalTwins.Core/1.5.0-alpha.20230802.1 (.NET 6.0.20; Microsoft Windows 10.0.22621)",
        "x-ms-client-request-id": "0d62aaf5a2e09466825dd54a62c7b79f",
        "x-ms-return-client-request-id": "true"
      },
      "RequestBody": null,
      "StatusCode": 200,
      "ResponseHeaders": {
        "Content-Length": "611",
        "Content-Type": "application/json; charset=utf-8",
        "Date": "Wed, 02 Aug 2023 17:58:02 GMT",
        "mise-correlation-id": "beac82ca-ecb6-4d3e-b210-2ec08de21b07",
        "Strict-Transport-Security": "max-age=2592000",
        "traceresponse": "00-0be5ff28bd741100c5ca8a81e2b452aa-8c46a30e1ef41071-01"
      },
      "ResponseBody": {
        "id": "dtmi:example:Ward;121456255",
        "description": {
          "en": "A separate partition in a building, made of rooms and hallways."
        },
        "displayName": {
          "en": "Ward"
        },
        "decommissioned": false,
        "uploadTime": "2023-08-02T17:58:02.9449494\u002B00:00",
        "model": {
          "@id": "dtmi:example:Ward;121456255",
          "@type": "Interface",
          "displayName": "Ward",
          "description": "A separate partition in a building, made of rooms and hallways.",
          "contents": [
            {
              "@type": "Property",
              "name": "VisitorCount",
              "schema": "double"
            },
            {
              "@type": "Property",
              "name": "HandWashPercentage",
              "schema": "double"
            },
            {
              "@type": "Relationship",
              "name": "managedRooms"
            }
          ],
          "@context": "dtmi:dtdl:context;2"
        }
      }
    }
  ],
  "Variables": {
    "AZURE_AUTHORITY_HOST": null,
    "DIGITALTWINS_URL": "https://fakeHost.api.wus2.digitaltwins.azure.net",
    "RandomSeed": "154036650"
  }
}
