{
  "Entries": [
    {
      "RequestUri": "https://azs-net-shrejasearchservice.search.windows.net/datasources?api-version=2024-03-01-Preview",
      "RequestMethod": "POST",
      "RequestHeaders": {
        "Accept": "application/json; odata.metadata=minimal",
        "api-key": "Sanitized",
        "Content-Length": "117",
        "Content-Type": "application/json",
        "traceparent": "00-78488a3227563a89f3f6dbbcd85fecc8-24865640c8f1e9fc-00",
        "User-Agent": "azsdk-net-Search.Documents/11.6.0-alpha.20240226.1 (.NET 7.0.15; Microsoft Windows 10.0.22631)",
        "x-ms-client-request-id": "b4a7cb5f360a566616cf20d02d8bcbd0",
        "x-ms-return-client-request-id": "true"
      },
      "RequestBody": {
        "name": "entukpjr",
        "type": "azureblob",
        "credentials": {
          "connectionString": "Sanitized"
        },
        "container": {
          "name": "ipengmej"
        }
      },
      "StatusCode": 201,
      "ResponseHeaders": {
        "client-request-id": "b4a7cb5f-360a-5666-16cf-20d02d8bcbd0",
        "Content-Type": "application/json; odata.metadata=minimal; odata.streaming=true; charset=utf-8",
        "Date": "Tue, 27 Feb 2024 08:37:25 GMT",
        "elapsed-time": "55",
        "ETag": "\u00220x8DC376F5392A815\u0022",
        "Location": "https://azs-net-shrejasearchservice.search.windows.net/datasources(\u0027entukpjr\u0027)?api-version=2024-03-01-Preview",
        "OData-Version": "4.0",
        "Preference-Applied": "odata.include-annotations=\u0022*\u0022",
        "request-id": "b4a7cb5f-360a-5666-16cf-20d02d8bcbd0",
        "Server": "Microsoft-IIS/10.0",
        "Strict-Transport-Security": [
          "max-age=2592000",
          "max-age=15724800; includeSubDomains"
        ],
        "Transfer-Encoding": "chunked",
        "x-ms-client-request-id": "b4a7cb5f-360a-5666-16cf-20d02d8bcbd0"
      },
      "ResponseBody": {
        "@odata.context": "https://azs-net-shrejasearchservice.search.windows.net/$metadata#datasources/$entity",
        "@odata.etag": "\u00220x8DC376F5392A815\u0022",
        "name": "entukpjr",
        "description": null,
        "type": "azureblob",
        "subtype": null,
        "credentials": {
          "connectionString": null
        },
        "container": {
          "name": "ipengmej",
          "query": null
        },
        "dataChangeDetectionPolicy": null,
        "dataDeletionDetectionPolicy": null,
        "encryptionKey": null,
        "identity": null
      }
    },
    {
      "RequestUri": "https://azs-net-shrejasearchservice.search.windows.net/datasources(\u0027entukpjr\u0027)?api-version=2024-03-01-Preview",
      "RequestMethod": "PUT",
      "RequestHeaders": {
        "Accept": "application/json; odata.metadata=minimal",
        "api-key": "Sanitized",
        "Content-Length": "191",
        "Content-Type": "application/json",
        "If-Match": "\u00220x8DC376F5392A815\u0022",
        "Prefer": "return=representation",
        "traceparent": "00-b7dcacd9f5113e047163b0ba3297d326-5ace69623c2f907d-00",
        "User-Agent": "azsdk-net-Search.Documents/11.6.0-alpha.20240226.1 (.NET 7.0.15; Microsoft Windows 10.0.22631)",
        "x-ms-client-request-id": "d76c4a348f62347c511401f4de4241e2",
        "x-ms-return-client-request-id": "true"
      },
      "RequestBody": {
        "name": "entukpjr",
        "description": "Updated description",
        "type": "azureblob",
        "credentials": {
          "connectionString": "Sanitized"
        },
        "container": {
          "name": "ipengmej"
        },
        "@odata.etag": "\u00220x8DC376F5392A815\u0022"
      },
      "StatusCode": 200,
      "ResponseHeaders": {
        "client-request-id": "d76c4a34-8f62-347c-5114-01f4de4241e2",
        "Content-Type": "application/json; odata.metadata=minimal; odata.streaming=true; charset=utf-8",
        "Date": "Tue, 27 Feb 2024 08:37:25 GMT",
        "elapsed-time": "34",
        "ETag": "\u00220x8DC376F53A02D65\u0022",
        "OData-Version": "4.0",
        "Preference-Applied": "odata.include-annotations=\u0022*\u0022",
        "request-id": "d76c4a34-8f62-347c-5114-01f4de4241e2",
        "Server": "Microsoft-IIS/10.0",
        "Strict-Transport-Security": [
          "max-age=2592000",
          "max-age=15724800; includeSubDomains"
        ],
        "Transfer-Encoding": "chunked",
        "x-ms-client-request-id": "d76c4a34-8f62-347c-5114-01f4de4241e2"
      },
      "ResponseBody": {
        "@odata.context": "https://azs-net-shrejasearchservice.search.windows.net/$metadata#datasources/$entity",
        "@odata.etag": "\u00220x8DC376F53A02D65\u0022",
        "name": "entukpjr",
        "description": "Updated description",
        "type": "azureblob",
        "subtype": null,
        "credentials": {
          "connectionString": null
        },
        "container": {
          "name": "ipengmej",
          "query": null
        },
        "dataChangeDetectionPolicy": null,
        "dataDeletionDetectionPolicy": null,
        "encryptionKey": null,
        "identity": null
      }
    },
    {
      "RequestUri": "https://azs-net-shrejasearchservice.search.windows.net/datasources(\u0027entukpjr\u0027)?api-version=2024-03-01-Preview",
      "RequestMethod": "GET",
      "RequestHeaders": {
        "Accept": "application/json; odata.metadata=minimal",
        "api-key": "Sanitized",
        "traceparent": "00-425bf686dff0a4772d54d300cc475d6b-73c5dc360a1f4ef0-00",
        "User-Agent": "azsdk-net-Search.Documents/11.6.0-alpha.20240226.1 (.NET 7.0.15; Microsoft Windows 10.0.22631)",
        "x-ms-client-request-id": "b25dfa84525c2359df241c92f747c739",
        "x-ms-return-client-request-id": "true"
      },
      "RequestBody": null,
      "StatusCode": 200,
      "ResponseHeaders": {
        "client-request-id": "b25dfa84-525c-2359-df24-1c92f747c739",
        "Content-Type": "application/json; odata.metadata=minimal; odata.streaming=true; charset=utf-8",
        "Date": "Tue, 27 Feb 2024 08:37:25 GMT",
        "elapsed-time": "7",
        "ETag": "\u00220x8DC376F53A02D65\u0022",
        "OData-Version": "4.0",
        "Preference-Applied": "odata.include-annotations=\u0022*\u0022",
        "request-id": "b25dfa84-525c-2359-df24-1c92f747c739",
        "Server": "Microsoft-IIS/10.0",
        "Strict-Transport-Security": [
          "max-age=2592000",
          "max-age=15724800; includeSubDomains"
        ],
        "Transfer-Encoding": "chunked",
        "x-ms-client-request-id": "b25dfa84-525c-2359-df24-1c92f747c739"
      },
      "ResponseBody": {
        "@odata.context": "https://azs-net-shrejasearchservice.search.windows.net/$metadata#datasources/$entity",
        "@odata.etag": "\u00220x8DC376F53A02D65\u0022",
        "name": "entukpjr",
        "description": "Updated description",
        "type": "azureblob",
        "subtype": null,
        "credentials": {
          "connectionString": null
        },
        "container": {
          "name": "ipengmej",
          "query": null
        },
        "dataChangeDetectionPolicy": null,
        "dataDeletionDetectionPolicy": null,
        "encryptionKey": null,
        "identity": null
      }
    },
    {
      "RequestUri": "https://azs-net-shrejasearchservice.search.windows.net/datasources(\u0027entukpjr\u0027)?api-version=2024-03-01-Preview",
      "RequestMethod": "DELETE",
      "RequestHeaders": {
        "Accept": "application/json; odata.metadata=minimal",
        "api-key": "Sanitized",
        "If-Match": "\u00220x8DC376F53A02D65\u0022",
        "traceparent": "00-9bae5e36f13f7b11a730e3758f4ebf24-0e392b074b14a3ae-00",
        "User-Agent": "azsdk-net-Search.Documents/11.6.0-alpha.20240226.1 (.NET 7.0.15; Microsoft Windows 10.0.22631)",
        "x-ms-client-request-id": "cd60fc4b951cd0bc4e7263f6357278d3",
        "x-ms-return-client-request-id": "true"
      },
      "RequestBody": null,
      "StatusCode": 204,
      "ResponseHeaders": {
        "client-request-id": "cd60fc4b-951c-d0bc-4e72-63f6357278d3",
        "Date": "Tue, 27 Feb 2024 08:37:25 GMT",
        "elapsed-time": "16",
        "Preference-Applied": "odata.include-annotations=\u0022*\u0022",
        "request-id": "cd60fc4b-951c-d0bc-4e72-63f6357278d3",
        "Server": "Microsoft-IIS/10.0",
        "Strict-Transport-Security": [
          "max-age=2592000",
          "max-age=15724800; includeSubDomains"
        ],
        "x-ms-client-request-id": "cd60fc4b-951c-d0bc-4e72-63f6357278d3"
      },
      "ResponseBody": null
    },
    {
      "RequestUri": "https://azs-net-shrejasearchservice.search.windows.net/datasources?$select=name\u0026api-version=2024-03-01-Preview",
      "RequestMethod": "GET",
      "RequestHeaders": {
        "Accept": "application/json; odata.metadata=minimal",
        "api-key": "Sanitized",
        "traceparent": "00-84f72e3ede002afbba7a6c0dc5459f51-81af8ca411cbe0ba-00",
        "User-Agent": "azsdk-net-Search.Documents/11.6.0-alpha.20240226.1 (.NET 7.0.15; Microsoft Windows 10.0.22631)",
        "x-ms-client-request-id": "324b3e8d192ee274f149f73e72ea3d09",
        "x-ms-return-client-request-id": "true"
      },
      "RequestBody": null,
      "StatusCode": 200,
      "ResponseHeaders": {
        "client-request-id": "324b3e8d-192e-e274-f149-f73e72ea3d09",
        "Content-Type": "application/json; odata.metadata=minimal; odata.streaming=true; charset=utf-8",
        "Date": "Tue, 27 Feb 2024 08:37:25 GMT",
        "elapsed-time": "11",
        "OData-Version": "4.0",
        "Preference-Applied": "odata.include-annotations=\u0022*\u0022",
        "request-id": "324b3e8d-192e-e274-f149-f73e72ea3d09",
        "Server": "Microsoft-IIS/10.0",
        "Strict-Transport-Security": [
          "max-age=2592000",
          "max-age=15724800; includeSubDomains"
        ],
        "Transfer-Encoding": "chunked",
        "x-ms-client-request-id": "324b3e8d-192e-e274-f149-f73e72ea3d09"
      },
      "ResponseBody": {
        "@odata.context": "https://azs-net-shrejasearchservice.search.windows.net/$metadata#datasources(name)",
        "value": [
          {
            "name": "airhuxpq"
          },
          {
            "name": "btoheiyg"
          },
          {
            "name": "bvhyicvi"
          },
          {
            "name": "crfvkmnf"
          },
          {
            "name": "deajhkxw"
          },
          {
            "name": "dymcytij"
          },
          {
            "name": "enipxkws"
          },
          {
            "name": "eojaxlhc"
          },
          {
            "name": "gweanxcc"
          },
          {
            "name": "hkrdkvgo"
          },
          {
            "name": "hsgxfhmt"
          },
          {
            "name": "kfjxpwkv"
          },
          {
            "name": "kokdkjbr"
          },
          {
            "name": "lxydtvtg"
          },
          {
            "name": "mjdvneny"
          },
          {
            "name": "mvcvnvdp"
          },
          {
            "name": "nmqpswoc"
          },
          {
            "name": "ooytndwy"
          },
          {
            "name": "osjsouwk"
          },
          {
            "name": "pharnhxt"
          },
          {
            "name": "pvwbdxhw"
          },
          {
            "name": "qcbkoxxe"
          },
          {
            "name": "qopmsprf"
          },
          {
            "name": "qqawpdul"
          },
          {
            "name": "qvljkdon"
          },
          {
            "name": "sfsxtcua"
          },
          {
            "name": "ujdpwdqk"
          },
          {
            "name": "wkptbkve"
          },
          {
            "name": "wpgiwfys"
          },
          {
            "name": "wtucvdtn"
          },
          {
            "name": "xqguejpd"
          },
          {
            "name": "yfhxieoe"
          },
          {
            "name": "yhrrsxtv"
          },
          {
            "name": "ytytxbhp"
          }
        ]
      }
    },
    {
      "RequestUri": "https://azs-net-shrejasearchservice.search.windows.net/indexes(\u0027owufmkgc\u0027)?api-version=2024-03-01-Preview",
      "RequestMethod": "DELETE",
      "RequestHeaders": {
        "Accept": "application/json; odata.metadata=minimal",
        "api-key": "Sanitized",
        "traceparent": "00-3e1c44b5b63e364683f0e93d78f078d5-296b364e5b82eebb-00",
        "User-Agent": "azsdk-net-Search.Documents/11.6.0-alpha.20240226.1 (.NET 7.0.15; Microsoft Windows 10.0.22631)",
        "x-ms-client-request-id": "e2a8c84c73e2efc53e8d63e9ef63ee6d",
        "x-ms-return-client-request-id": "true"
      },
      "RequestBody": null,
      "StatusCode": 204,
      "ResponseHeaders": {
        "client-request-id": "e2a8c84c-73e2-efc5-3e8d-63e9ef63ee6d",
        "Date": "Tue, 27 Feb 2024 08:37:26 GMT",
        "elapsed-time": "144",
        "Preference-Applied": "odata.include-annotations=\u0022*\u0022",
        "request-id": "e2a8c84c-73e2-efc5-3e8d-63e9ef63ee6d",
        "Server": "Microsoft-IIS/10.0",
        "Strict-Transport-Security": [
          "max-age=2592000",
          "max-age=15724800; includeSubDomains"
        ],
        "x-ms-client-request-id": "e2a8c84c-73e2-efc5-3e8d-63e9ef63ee6d"
      },
      "ResponseBody": null
    }
  ],
  "Variables": {
    "BlobContainerName": "ipengmej",
    "RandomSeed": "1760762173",
    "SearchIndexName": "owufmkgc",
    "SEARCH_ADMIN_API_KEY": "Sanitized",
    "SEARCH_ENDPOINT_SUFFIX": "search.windows.net",
    "SEARCH_SERVICE_NAME": "azs-net-shrejasearchservice",
    "SEARCH_STORAGE_KEY": "Sanitized",
    "SEARCH_STORAGE_NAME": "shrejasearchservicestg",
    "STORAGE_ENDPOINT_SUFFIX": "core.windows.net"
  }
}
