{
  "Entries": [
    {
      "RequestUri": "https://seancanaryfilepremium.file.core.windows.net/test-share-761882fa-d402-9e48-e5ba-e336dfe223f4?restype=share",
      "RequestMethod": "PUT",
      "RequestHeaders": {
        "Accept": "application/xml",
        "Authorization": "Sanitized",
        "Content-Length": "0",
        "traceparent": "00-36be09d15d1f527ec59bfdfe22c856c1-03b9726d1f34591c-00",
        "User-Agent": "azsdk-net-Storage.Files.Shares/12.21.0-alpha.20241016.1 (.NET 8.0.10; Microsoft Windows 10.0.26100)",
        "x-ms-client-request-id": "Sanitized",
        "x-ms-date": "Wed, 16 Oct 2024 19:55:39 GMT",
        "x-ms-enabled-protocols": "NFS",
        "x-ms-return-client-request-id": "true",
        "x-ms-version": "2025-05-05"
      },
      "RequestBody": null,
      "StatusCode": 201,
      "ResponseHeaders": {
        "Content-Length": "0",
        "Date": "Wed, 16 Oct 2024 19:55:39 GMT",
        "ETag": "\"0x8DCEE1C82CA0E48\"",
        "Last-Modified": "Wed, 16 Oct 2024 19:55:40 GMT",
        "Server": [
          "Windows-Azure-File/1.0",
          "Microsoft-HTTPAPI/2.0"
        ],
        "x-ms-client-request-id": "Sanitized",
        "x-ms-request-id": "6c168f54-701a-005f-6505-208270000000",
        "x-ms-version": "2025-05-05"
      },
      "ResponseBody": null
    },
    {
      "RequestUri": "https://seancanaryfilepremium.file.core.windows.net/test-share-761882fa-d402-9e48-e5ba-e336dfe223f4/test-directory-cc34f465-771d-9d88-44c0-42a13627d083?restype=directory",
      "RequestMethod": "PUT",
      "RequestHeaders": {
        "Accept": "application/xml",
        "Authorization": "Sanitized",
        "Content-Length": "0",
        "traceparent": "00-62cdbbc122cb0e42634738203a9fda65-e033db31d84870bd-00",
        "User-Agent": "azsdk-net-Storage.Files.Shares/12.21.0-alpha.20241016.1 (.NET 8.0.10; Microsoft Windows 10.0.26100)",
        "x-ms-client-request-id": "Sanitized",
        "x-ms-date": "Wed, 16 Oct 2024 19:55:39 GMT",
        "x-ms-return-client-request-id": "true",
        "x-ms-version": "2025-05-05"
      },
      "RequestBody": null,
      "StatusCode": 201,
      "ResponseHeaders": {
        "Content-Length": "0",
        "Date": "Wed, 16 Oct 2024 19:55:40 GMT",
        "ETag": "\"0x8DCEE1C82D2C0D8\"",
        "Last-Modified": "Wed, 16 Oct 2024 19:55:40 GMT",
        "Server": [
          "Windows-Azure-File/1.0",
          "Microsoft-HTTPAPI/2.0"
        ],
        "x-ms-client-request-id": "Sanitized",
        "x-ms-file-change-time": "2024-10-16T19:55:40.1112792Z",
        "x-ms-file-creation-time": "2024-10-16T19:55:40.1112792Z",
        "x-ms-file-file-type": "Directory",
        "x-ms-file-id": "13835128424026341376",
        "x-ms-file-last-write-time": "2024-10-16T19:55:40.1112792Z",
        "x-ms-file-parent-id": "1",
        "x-ms-group": "0",
        "x-ms-mode": "0755",
        "x-ms-owner": "0",
        "x-ms-request-id": "6c168f56-701a-005f-6605-208270000000",
        "x-ms-request-server-encrypted": "true",
        "x-ms-version": "2025-05-05"
      },
      "ResponseBody": null
    },
    {
      "RequestUri": "https://seancanaryfilepremium.file.core.windows.net/test-share-761882fa-d402-9e48-e5ba-e336dfe223f4/test-directory-cc34f465-771d-9d88-44c0-42a13627d083/test-file-a93f0a65-179b-567f-75c2-f0d56de1ce9c",
      "RequestMethod": "PUT",
      "RequestHeaders": {
        "Accept": "application/xml",
        "Authorization": "Sanitized",
        "Content-Length": "0",
        "traceparent": "00-468ca75b2422048f01adfd6677085d74-425c80a5dc3cc389-00",
        "User-Agent": "azsdk-net-Storage.Files.Shares/12.21.0-alpha.20241016.1 (.NET 8.0.10; Microsoft Windows 10.0.26100)",
        "x-ms-client-request-id": "Sanitized",
        "x-ms-content-length": "1024",
        "x-ms-date": "Wed, 16 Oct 2024 19:55:40 GMT",
        "x-ms-return-client-request-id": "true",
        "x-ms-type": "file",
        "x-ms-version": "2025-05-05"
      },
      "RequestBody": null,
      "StatusCode": 201,
      "ResponseHeaders": {
        "Content-Length": "0",
        "Date": "Wed, 16 Oct 2024 19:55:40 GMT",
        "ETag": "\"0x8DCEE1C82D9C4C1\"",
        "Last-Modified": "Wed, 16 Oct 2024 19:55:40 GMT",
        "Server": [
          "Windows-Azure-File/1.0",
          "Microsoft-HTTPAPI/2.0"
        ],
        "x-ms-client-request-id": "Sanitized",
        "x-ms-file-change-time": "2024-10-16T19:55:40.1572545Z",
        "x-ms-file-creation-time": "2024-10-16T19:55:40.1572545Z",
        "x-ms-file-file-type": "Regular",
        "x-ms-file-id": "11529285414812647424",
        "x-ms-file-last-write-time": "2024-10-16T19:55:40.1572545Z",
        "x-ms-file-parent-id": "13835128424026341376",
        "x-ms-group": "0",
        "x-ms-mode": "0664",
        "x-ms-owner": "0",
        "x-ms-request-id": "6c168f57-701a-005f-6705-208270000000",
        "x-ms-request-server-encrypted": "true",
        "x-ms-version": "2025-05-05"
      },
      "ResponseBody": null
    },
    {
      "RequestUri": "https://seancanaryfilepremium.file.core.windows.net/test-share-761882fa-d402-9e48-e5ba-e336dfe223f4?comp=lease&restype=share",
      "RequestMethod": "PUT",
      "RequestHeaders": {
        "Accept": "application/xml",
        "Authorization": "Sanitized",
        "Content-Length": "0",
        "traceparent": "00-38ccc5d83c778a5833063bde48ac989b-4dc4e5941240afc2-00",
        "User-Agent": "azsdk-net-Storage.Files.Shares/12.21.0-alpha.20241016.1 (.NET 8.0.10; Microsoft Windows 10.0.26100)",
        "x-ms-client-request-id": "Sanitized",
        "x-ms-date": "Wed, 16 Oct 2024 19:55:40 GMT",
        "x-ms-lease-action": "acquire",
        "x-ms-lease-duration": "-1",
        "x-ms-proposed-lease-id": "ba04338b-8e19-6f4e-b57d-2f9598ef18ac",
        "x-ms-return-client-request-id": "true",
        "x-ms-version": "2025-05-05"
      },
      "RequestBody": null,
      "StatusCode": 201,
      "ResponseHeaders": {
        "Content-Length": "0",
        "Date": "Wed, 16 Oct 2024 19:55:40 GMT",
        "ETag": "\"0x8DCEE1C82CA0E48\"",
        "Last-Modified": "Wed, 16 Oct 2024 19:55:40 GMT",
        "Server": [
          "Windows-Azure-File/1.0",
          "Microsoft-HTTPAPI/2.0"
        ],
        "x-ms-client-request-id": "Sanitized",
        "x-ms-lease-id": "ba04338b-8e19-6f4e-b57d-2f9598ef18ac",
        "x-ms-request-id": "6c168f58-701a-005f-6805-208270000000",
        "x-ms-version": "2025-05-05"
      },
      "ResponseBody": null
    },
    {
      "RequestUri": "https://seancanaryfilepremium.file.core.windows.net/test-share-761882fa-d402-9e48-e5ba-e336dfe223f4/test-directory-cc34f465-771d-9d88-44c0-42a13627d083/test-file-b452b84b-d035-826a-ffb8-471b4246ddca?restype=hardlink",
      "RequestMethod": "PUT",
      "RequestHeaders": {
        "Accept": "application/xml",
        "Authorization": "Sanitized",
        "Content-Length": "0",
        "traceparent": "00-d5ed1c44e648010a1a8c1f8dc841a25b-98cbe20a0228e97c-00",
        "User-Agent": "azsdk-net-Storage.Files.Shares/12.21.0-alpha.20241016.1 (.NET 8.0.10; Microsoft Windows 10.0.26100)",
        "x-ms-client-request-id": "Sanitized",
        "x-ms-date": "Wed, 16 Oct 2024 19:55:40 GMT",
        "x-ms-file-target-file": "test-directory-cc34f465-771d-9d88-44c0-42a13627d083/test-file-a93f0a65-179b-567f-75c2-f0d56de1ce9c",
        "x-ms-lease-id": "ba04338b-8e19-6f4e-b57d-2f9598ef18ac",
        "x-ms-return-client-request-id": "true",
        "x-ms-type": "file",
        "x-ms-version": "2025-05-05"
      },
      "RequestBody": null,
      "StatusCode": 201,
      "ResponseHeaders": {
        "Content-Length": "0",
        "Date": "Wed, 16 Oct 2024 19:55:40 GMT",
        "ETag": "\"0x8DCEE1C82E6E257\"",
        "Last-Modified": "Wed, 16 Oct 2024 19:55:40 GMT",
        "Server": [
          "Windows-Azure-File/1.0",
          "Microsoft-HTTPAPI/2.0"
        ],
        "x-ms-client-request-id": "Sanitized",
        "x-ms-file-change-time": "2024-10-16T19:55:40.2432087Z",
        "x-ms-file-creation-time": "2024-10-16T19:55:40.1572545Z",
        "x-ms-file-file-type": "Regular",
        "x-ms-file-id": "11529285414812647424",
        "x-ms-file-last-write-time": "2024-10-16T19:55:40.1572545Z",
        "x-ms-file-parent-id": "13835128424026341376",
        "x-ms-group": "0",
        "x-ms-link-count": "2",
        "x-ms-mode": "0664",
        "x-ms-owner": "0",
        "x-ms-request-id": "6c168f59-701a-005f-6905-208270000000",
        "x-ms-request-server-encrypted": "false",
        "x-ms-version": "2025-05-05"
      },
      "ResponseBody": null
    },
    {
      "RequestUri": "https://seancanaryfilepremium.file.core.windows.net/test-share-761882fa-d402-9e48-e5ba-e336dfe223f4?comp=lease&restype=share",
      "RequestMethod": "PUT",
      "RequestHeaders": {
        "Accept": "application/xml",
        "Authorization": "Sanitized",
        "Content-Length": "0",
        "traceparent": "00-392fae090013c7683a40ecdfd29432ae-4d61fa3954b4dc2f-00",
        "User-Agent": "azsdk-net-Storage.Files.Shares/12.21.0-alpha.20241016.1 (.NET 8.0.10; Microsoft Windows 10.0.26100)",
        "x-ms-client-request-id": "Sanitized",
        "x-ms-date": "Wed, 16 Oct 2024 19:55:40 GMT",
        "x-ms-lease-action": "release",
        "x-ms-lease-id": "ba04338b-8e19-6f4e-b57d-2f9598ef18ac",
        "x-ms-return-client-request-id": "true",
        "x-ms-version": "2025-05-05"
      },
      "RequestBody": null,
      "StatusCode": 200,
      "ResponseHeaders": {
        "Content-Length": "0",
        "Date": "Wed, 16 Oct 2024 19:55:40 GMT",
        "ETag": "\"0x8DCEE1C82CA0E48\"",
        "Last-Modified": "Wed, 16 Oct 2024 19:55:40 GMT",
        "Server": [
          "Windows-Azure-File/1.0",
          "Microsoft-HTTPAPI/2.0"
        ],
        "x-ms-client-request-id": "Sanitized",
        "x-ms-lease-time": "0",
        "x-ms-request-id": "6c168f5a-701a-005f-6a05-208270000000",
        "x-ms-version": "2025-05-05"
      },
      "ResponseBody": null
    },
    {
      "RequestUri": "https://seancanaryfilepremium.file.core.windows.net/test-share-761882fa-d402-9e48-e5ba-e336dfe223f4?restype=share",
      "RequestMethod": "DELETE",
      "RequestHeaders": {
        "Accept": "application/xml",
        "Authorization": "Sanitized",
        "traceparent": "00-a18c75959d3c9f71862e2e0133298c5e-98cc025dff3dc5fb-00",
        "User-Agent": "azsdk-net-Storage.Files.Shares/12.21.0-alpha.20241016.1 (.NET 8.0.10; Microsoft Windows 10.0.26100)",
        "x-ms-client-request-id": "Sanitized",
        "x-ms-date": "Wed, 16 Oct 2024 19:55:40 GMT",
        "x-ms-delete-snapshots": "include",
        "x-ms-return-client-request-id": "true",
        "x-ms-version": "2025-05-05"
      },
      "RequestBody": null,
      "StatusCode": 202,
      "ResponseHeaders": {
        "Content-Length": "0",
        "Date": "Wed, 16 Oct 2024 19:55:40 GMT",
        "Server": [
          "Windows-Azure-File/1.0",
          "Microsoft-HTTPAPI/2.0"
        ],
        "x-ms-client-request-id": "Sanitized",
        "x-ms-request-id": "6c168f5b-701a-005f-6b05-208270000000",
        "x-ms-version": "2025-05-05"
      },
      "ResponseBody": null
    }
  ],
  "Variables": {
    "RandomSeed": "1397205823",
    "Storage_TestConfigPremiumFile": "PremiumFileTenant\nseancanaryfilepremium\nU2FuaXRpemVk\nhttps://seancanaryfilepremium.blob.core.windows.net\nhttps://seancanaryfilepremium.file.core.windows.net\nhttps://seancanaryfilepremium.queue.core.windows.net\nhttps://seancanaryfilepremium.table.core.windows.net\n\n\n\n\nhttps://seancanaryfilepremium-secondary.blob.core.windows.net\nhttps://seancanaryfilepremium-secondary.file.core.windows.net\nhttps://seancanaryfilepremium-secondary.queue.core.windows.net\nhttps://seancanaryfilepremium-secondary.table.core.windows.net\nCloud\nBlobEndpoint=https://seancanaryfilepremium.blob.core.windows.net/;QueueEndpoint=https://seancanaryfilepremium.queue.core.windows.net/;FileEndpoint=https://seancanaryfilepremium.file.core.windows.net/;BlobSecondaryEndpoint=https://seancanaryfilepremium-secondary.blob.core.windows.net/;QueueSecondaryEndpoint=https://seancanaryfilepremium-secondary.queue.core.windows.net/;FileSecondaryEndpoint=https://seancanaryfilepremium-secondary.file.core.windows.net/;AccountName=seancanaryfilepremium;AccountKey=Sanitized\n\n\n"
  }
}
