{
  "Entries": [
    {
      "RequestUri": "https://seanmcccanary3.file.core.windows.net/test-share-dbb5209e-dbd8-9970-6b50-fdd30687daaa?restype=share",
      "RequestMethod": "PUT",
      "RequestHeaders": {
        "Accept": "application/xml",
        "Authorization": "Sanitized",
        "Content-Length": "0",
        "traceparent": "00-7817af0134c13624c29b11402aba2f25-e8d6293fd0a009c1-00",
        "User-Agent": "azsdk-net-Storage.Files.Shares/12.24.0-alpha.20250624.1 (.NET 8.0.17; Microsoft Windows 10.0.26100)",
        "x-ms-client-request-id": "Sanitized",
        "x-ms-date": "Tue, 24 Jun 2025 16:14:34 GMT",
        "x-ms-return-client-request-id": "true",
        "x-ms-version": "2026-02-06"
      },
      "RequestBody": null,
      "StatusCode": 201,
      "ResponseHeaders": {
        "Content-Length": "0",
        "Date": "Tue, 24 Jun 2025 16:14:31 GMT",
        "ETag": "\"0x8DDB33A33FF6B3C\"",
        "Last-Modified": "Tue, 24 Jun 2025 16:14:31 GMT",
        "Server": [
          "Windows-Azure-File/1.0",
          "Microsoft-HTTPAPI/2.0"
        ],
        "x-ms-client-request-id": "Sanitized",
        "x-ms-request-id": "a9d3c982-001a-0028-0e23-e5c11c000000",
        "x-ms-version": "2026-02-06"
      },
      "ResponseBody": null
    },
    {
      "RequestUri": "https://seanmcccanary3.file.core.windows.net/test-share-dbb5209e-dbd8-9970-6b50-fdd30687daaa/test-file-74612277-aed9-32ca-b863-c8409dcfc77d",
      "RequestMethod": "PUT",
      "RequestHeaders": {
        "Accept": "application/xml",
        "Authorization": "Sanitized",
        "Content-Length": "1838",
        "Content-Type": "application/xml",
        "traceparent": "00-12e89792faa953455260938deca4b7e6-e6830008458c817c-00",
        "User-Agent": "azsdk-net-Storage.Files.Shares/12.24.0-alpha.20250624.1 (.NET 8.0.17; Microsoft Windows 10.0.26100)",
        "x-ms-client-request-id": "Sanitized",
        "x-ms-content-length": "1024",
        "x-ms-date": "Tue, 24 Jun 2025 16:14:35 GMT",
        "x-ms-return-client-request-id": "true",
        "x-ms-type": "file",
        "x-ms-version": "2026-02-06"
      },
      "RequestBody": [
        "�z����-\u0005p��Ku�\u000B&9)��)����3�F�\u0004V�?'}�=�d4oi\u0012��B��\u001Ac�\u0017���� 9�5�lF�5��b��JW�?����Չg��ͱ�U��\u0004�/N���\u0018=\f*.�h\u0004͘Βd���_\\\u001B˖\u0018�~3����\u001A\t�A�wh�[�7�\u0000\u0018��*\u0011q\u0004���15�E��/�r1���P�\u001A)�\u0001j��\u0018ߕqԭ��J\u0018�\u0010�w#W�+��zN��r��G \u001B�f�K�e��[I�bgv\u0002@\u001F�\u0006�\u0000ղ�o�V��P�<�/(�s<��^.�n�\u0017�\u0012�2cUA�\u001A\u0019���\u001D\u000FL�\u000B���7Mk��\u0011H.�\u0005D�W�C���a�\u001A\u0014\u000F�`s�\u0012���&c��{e�C�eH\u0014oփ:ˇ�\u001E2��\">�'���\u001C*@i��3\u007FJgl\u001D\u0003���t��9����qɌ��=��]I\u001E�\u0005\u0005�\u0006L=S�\u0014��VC\u0014Y�e��=��_*��W)nx�k�'n�M2�M�����5B��W?���:D�e_R�*C�\fy�\u001C��X2!C��.�Eq�xD\u00178\u0000���)#��Dgo���k�%8T�\r",
        "�s<�\u0015\u0004\u001F�m�,c\f��/|lp_��4�7���?�\u0019+{?�X\u0014\u001E�����������荭��\b��\u0016D\t\n",
        "-�\u00127��I�gM�y4�p�H42��\u0007�}Ө��6\b�ܞ̔q[\u0014 h\u001ET��4s�]/9�\u0010�o�\uE1B9���\u001F1D#��\u0016\u0016�H3\u0013�|-l�I`�+��;s\u0005.!��XB��#U\u0096ܟG1��\r",
        "�}��p\\ꖖ4\t��g�p\u0013���\"|\n",
        "\u0016㲃S�W\f�v�;�$\t1�X\u0011h�L\u0012�u��\u001DI�+�vrj��ؖ�?'h9�,PK\tu�x\u0011\u0014\u001B�ѳ\u000E�\u000B9��J\f�1�\u000Bt#�^(���_HY�\u0013�\u07B3�bV�,\t��\u0005d��g\u001F��\u0000����U��T�P\u007F&�\u0004�2b�\u001A�kXԷ#b^���9�\u0015�!�'v\u0001�4�\u0004�&�u�X_\u0005Cv\u001E�d����\u000E��\u0016�\u0011\u001B�\u000B��a��T8�D�ݑl����>�\u001B,�\u000E/%+\u001F���Z��T\u0019j\u0015t�\u000F�i�\u0005�}\u001C\t \u0000\u001A�&}�>�2��4��v�A�\u0017\u008Bn�_�r�)\t��\u000F\u0016e��|v@uڟ��S��z\u000Erj�\u0004F���}y\n",
        "\u001A\u0014���|\u001DLM�\u0016ʑ��싒\f�|I\u001B�\u001A�\n",
        "��\u000F\u001B��6Z��5\u0012\u05FD�,K\\�\u0019c_�\u0006\u0005p����*��qM{>�"
      ],
      "StatusCode": 201,
      "ResponseHeaders": {
        "Content-Length": "0",
        "Content-MD5": "o3O/dpvnKdDVRd1Ek43xmA==",
        "Date": "Tue, 24 Jun 2025 16:14:31 GMT",
        "ETag": "\"0x8DDB33A34197216\"",
        "Last-Modified": "Tue, 24 Jun 2025 16:14:32 GMT",
        "Server": [
          "Windows-Azure-File/1.0",
          "Microsoft-HTTPAPI/2.0"
        ],
        "x-ms-client-request-id": "Sanitized",
        "x-ms-file-attributes": "Archive",
        "x-ms-file-change-time": "2025-06-24T16:14:32.0036374Z",
        "x-ms-file-creation-time": "2025-06-24T16:14:32.0036374Z",
        "x-ms-file-id": "13835128424026341376",
        "x-ms-file-last-write-time": "2025-06-24T16:14:32.0036374Z",
        "x-ms-file-parent-id": "0",
        "x-ms-file-permission-key": "4010187179898695473*11459378189709739967",
        "x-ms-request-id": "a9d3c985-001a-0028-0f23-e5c11c000000",
        "x-ms-request-server-encrypted": "true",
        "x-ms-version": "2026-02-06"
      },
      "ResponseBody": null
    },
    {
      "RequestUri": "https://seanmcccanary3.file.core.windows.net/test-share-dbb5209e-dbd8-9970-6b50-fdd30687daaa/test-file-74612277-aed9-32ca-b863-c8409dcfc77d",
      "RequestMethod": "GET",
      "RequestHeaders": {
        "Accept": "application/xml",
        "Authorization": "Sanitized",
        "traceparent": "00-90365736af2ba157c4161bc739d3bca7-0fe71e4a2b5d9784-00",
        "User-Agent": "azsdk-net-Storage.Files.Shares/12.24.0-alpha.20250624.1 (.NET 8.0.17; Microsoft Windows 10.0.26100)",
        "x-ms-client-request-id": "Sanitized",
        "x-ms-date": "Tue, 24 Jun 2025 16:14:35 GMT",
        "x-ms-return-client-request-id": "true",
        "x-ms-version": "2026-02-06"
      },
      "RequestBody": null,
      "StatusCode": 200,
      "ResponseHeaders": {
        "Accept-Ranges": "bytes",
        "Content-Length": "1838",
        "Content-Type": "application/xml",
        "Date": "Tue, 24 Jun 2025 16:14:31 GMT",
        "ETag": "\"0x8DDB33A34197216\"",
        "Last-Modified": "Tue, 24 Jun 2025 16:14:32 GMT",
        "Server": [
          "Windows-Azure-File/1.0",
          "Microsoft-HTTPAPI/2.0"
        ],
        "x-ms-client-request-id": "Sanitized",
        "x-ms-file-attributes": "Archive",
        "x-ms-file-change-time": "2025-06-24T16:14:32.0036374Z",
        "x-ms-file-creation-time": "2025-06-24T16:14:32.0036374Z",
        "x-ms-file-id": "13835128424026341376",
        "x-ms-file-last-write-time": "2025-06-24T16:14:32.0036374Z",
        "x-ms-file-parent-id": "0",
        "x-ms-file-permission-key": "4010187179898695473*11459378189709739967",
        "x-ms-lease-state": "available",
        "x-ms-lease-status": "unlocked",
        "x-ms-request-id": "a9d3c986-001a-0028-1023-e5c11c000000",
        "x-ms-server-encrypted": "true",
        "x-ms-type": "File",
        "x-ms-version": "2026-02-06"
      },
      "ResponseBody": [
        "�z����-\u0005p��Ku�\u000B&9)��)����3�F�\u0004V�?'}�=�d4oi\u0012��B��\u001Ac�\u0017���� 9�5�lF�5��b��JW�?����Չg��ͱ�U��\u0004�/N���\u0018=\f*.�h\u0004͘Βd���_\\\u001B˖\u0018�~3����\u001A\t�A�wh�[�7�\u0000\u0018��*\u0011q\u0004���15�E��/�r1���P�\u001A)�\u0001j��\u0018ߕqԭ��J\u0018�\u0010�w#W�+��zN��r��G \u001B�f�K�e��[I�bgv\u0002@\u001F�\u0006�\u0000ղ�o�V��P�<�/(�s<��^.�n�\u0017�\u0012�2cUA�\u001A\u0019���\u001D\u000FL�\u000B���7Mk��\u0011H.�\u0005D�W�C���a�\u001A\u0014\u000F�`s�\u0012���&c��{e�C�eH\u0014oփ:ˇ�\u001E2��\">�'���\u001C*@i��3\u007FJgl\u001D\u0003���t��9����qɌ��=��]I\u001E�\u0005\u0005�\u0006L=S�\u0014��VC\u0014Y�e��=��_*��W)nx�k�'n�M2�M�����5B��W?���:D�e_R�*C�\fy�\u001C��X2!C��.�Eq�xD\u00178\u0000���)#��Dgo���k�%8T�\r",
        "�s<�\u0015\u0004\u001F�m�,c\f��/|lp_��4�7���?�\u0019+{?�X\u0014\u001E�����������荭��\b��\u0016D\t\n",
        "-�\u00127��I�gM�y4�p�H42��\u0007�}Ө��6\b�ܞ̔q[\u0014 h\u001ET��4s�]/9�\u0010�o�\uE1B9���\u001F1D#��\u0016\u0016�H3\u0013�|-l�I`�+��;s\u0005.!��XB��#U\u0096ܟG1��\r",
        "�}��p\\ꖖ4\t��g�p\u0013���\"|\n",
        "\u0016㲃S�W\f�v�;�$\t1�X\u0011h�L\u0012�u��\u001DI�+�vrj��ؖ�?'h9�,PK\tu�x\u0011\u0014\u001B�ѳ\u000E�\u000B9��J\f�1�\u000Bt#�^(���_HY�\u0013�\u07B3�bV�,\t��\u0005d��g\u001F��\u0000����U��T�P\u007F&�\u0004�2b�\u001A�kXԷ#b^���9�\u0015�!�'v\u0001�4�\u0004�&�u�X_\u0005Cv\u001E�d����\u000E��\u0016�\u0011\u001B�\u000B��a��T8�D�ݑl����>�\u001B,�\u000E/%+\u001F���Z��T\u0019j\u0015t�\u000F�i�\u0005�}\u001C\t \u0000\u001A�&}�>�2��4��v�A�\u0017\u008Bn�_�r�)\t��\u000F\u0016e��|v@uڟ��S��z\u000Erj�\u0004F���}y\n",
        "\u001A\u0014���|\u001DLM�\u0016ʑ��싒\f�|I\u001B�\u001A�\n",
        "��\u000F\u001B��6Z��5\u0012\u05FD�,K\\�\u0019c_�\u0006\u0005p����*��qM{>�"
      ]
    },
    {
      "RequestUri": "https://seanmcccanary3.file.core.windows.net/test-share-dbb5209e-dbd8-9970-6b50-fdd30687daaa?restype=share",
      "RequestMethod": "DELETE",
      "RequestHeaders": {
        "Accept": "application/xml",
        "Authorization": "Sanitized",
        "traceparent": "00-a5e98ca98b1d266c1236affe0a81067e-e721f12239521877-00",
        "User-Agent": "azsdk-net-Storage.Files.Shares/12.24.0-alpha.20250624.1 (.NET 8.0.17; Microsoft Windows 10.0.26100)",
        "x-ms-client-request-id": "Sanitized",
        "x-ms-date": "Tue, 24 Jun 2025 16:14:35 GMT",
        "x-ms-delete-snapshots": "include",
        "x-ms-return-client-request-id": "true",
        "x-ms-version": "2026-02-06"
      },
      "RequestBody": null,
      "StatusCode": 202,
      "ResponseHeaders": {
        "Content-Length": "0",
        "Date": "Tue, 24 Jun 2025 16:14:32 GMT",
        "Server": [
          "Windows-Azure-File/1.0",
          "Microsoft-HTTPAPI/2.0"
        ],
        "x-ms-client-request-id": "Sanitized",
        "x-ms-request-id": "a9d3c987-001a-0028-1123-e5c11c000000",
        "x-ms-version": "2026-02-06"
      },
      "ResponseBody": null
    }
  ],
  "Variables": {
    "RandomSeed": "1138688763",
    "Storage_TestConfigDefault": "ProductionTenant\nseanmcccanary3\nU2FuaXRpemVk\nhttps://seanmcccanary3.blob.core.windows.net\nhttps://seanmcccanary3.file.core.windows.net\nhttps://seanmcccanary3.queue.core.windows.net\nhttps://seanmcccanary3.table.core.windows.net\n\n\n\n\nhttps://seanmcccanary3-secondary.blob.core.windows.net\nhttps://seanmcccanary3-secondary.file.core.windows.net\nhttps://seanmcccanary3-secondary.queue.core.windows.net\nhttps://seanmcccanary3-secondary.table.core.windows.net\nCloud\nBlobEndpoint=https://seanmcccanary3.blob.core.windows.net/;QueueEndpoint=https://seanmcccanary3.queue.core.windows.net/;FileEndpoint=https://seanmcccanary3.file.core.windows.net/;BlobSecondaryEndpoint=https://seanmcccanary3-secondary.blob.core.windows.net/;QueueSecondaryEndpoint=https://seanmcccanary3-secondary.queue.core.windows.net/;FileSecondaryEndpoint=https://seanmcccanary3-secondary.file.core.windows.net/;AccountName=seanmcccanary3;AccountKey=U2FuaXRpemVk\nEncryptionScope\n\n"
  }
}
