{
  "Entries": [
    {
      "RequestUri": "https://seanmcccanary3.file.core.windows.net/test-share-afadf0e7-f9c1-ade8-b473-af30b3014bab?restype=share",
      "RequestMethod": "PUT",
      "RequestHeaders": {
        "Accept": "application/xml",
        "Authorization": "Sanitized",
        "Content-Length": "0",
        "traceparent": "00-7fe606c9e0f8dd1f4046932c94f669ed-714c6229018d8906-00",
        "User-Agent": "azsdk-net-Storage.Files.Shares/12.21.0-alpha.20241016.1 (.NET 8.0.10; Microsoft Windows 10.0.26100)",
        "x-ms-client-request-id": "Sanitized",
        "x-ms-date": "Wed, 16 Oct 2024 19:22:09 GMT",
        "x-ms-return-client-request-id": "true",
        "x-ms-version": "2025-05-05"
      },
      "RequestBody": null,
      "StatusCode": 201,
      "ResponseHeaders": {
        "Content-Length": "0",
        "Date": "Wed, 16 Oct 2024 19:22:09 GMT",
        "ETag": "\"0x8DCEE17D460C919\"",
        "Last-Modified": "Wed, 16 Oct 2024 19:22:09 GMT",
        "Server": [
          "Windows-Azure-File/1.0",
          "Microsoft-HTTPAPI/2.0"
        ],
        "x-ms-client-request-id": "Sanitized",
        "x-ms-request-id": "ddee9259-801a-0015-6600-20cd71000000",
        "x-ms-version": "2025-05-05"
      },
      "ResponseBody": null
    },
    {
      "RequestUri": "https://seanmcccanary3.file.core.windows.net/test-share-afadf0e7-f9c1-ade8-b473-af30b3014bab/test-directory-03e0c2c3-34b4-ba59-5e7f-6b4e4b9f1283?restype=directory",
      "RequestMethod": "PUT",
      "RequestHeaders": {
        "Accept": "application/xml",
        "Authorization": "Sanitized",
        "Content-Length": "0",
        "traceparent": "00-9c4da08ff875f5bbcc6346d0fd27c678-717f40769d27afb3-00",
        "User-Agent": "azsdk-net-Storage.Files.Shares/12.21.0-alpha.20241016.1 (.NET 8.0.10; Microsoft Windows 10.0.26100)",
        "x-ms-client-request-id": "Sanitized",
        "x-ms-date": "Wed, 16 Oct 2024 19:22:09 GMT",
        "x-ms-return-client-request-id": "true",
        "x-ms-version": "2025-05-05"
      },
      "RequestBody": null,
      "StatusCode": 201,
      "ResponseHeaders": {
        "Content-Length": "0",
        "Date": "Wed, 16 Oct 2024 19:22:09 GMT",
        "ETag": "\"0x8DCEE17D46959F2\"",
        "Last-Modified": "Wed, 16 Oct 2024 19:22:09 GMT",
        "Server": [
          "Windows-Azure-File/1.0",
          "Microsoft-HTTPAPI/2.0"
        ],
        "x-ms-client-request-id": "Sanitized",
        "x-ms-file-attributes": "Directory",
        "x-ms-file-change-time": "2024-10-16T19:22:09.5100402Z",
        "x-ms-file-creation-time": "2024-10-16T19:22:09.5100402Z",
        "x-ms-file-id": "13835128424026341376",
        "x-ms-file-last-write-time": "2024-10-16T19:22:09.5100402Z",
        "x-ms-file-parent-id": "0",
        "x-ms-file-permission-key": "17860367565182308406*11459378189709739967",
        "x-ms-request-id": "ddee925c-801a-0015-6800-20cd71000000",
        "x-ms-request-server-encrypted": "true",
        "x-ms-version": "2025-05-05"
      },
      "ResponseBody": null
    },
    {
      "RequestUri": "https://seanmcccanary3.file.core.windows.net/test-share-afadf0e7-f9c1-ade8-b473-af30b3014bab/test-directory-03e0c2c3-34b4-ba59-5e7f-6b4e4b9f1283/test-file-ae6b64fa-1594-180f-755a-82abcf58760f",
      "RequestMethod": "PUT",
      "RequestHeaders": {
        "Accept": "application/xml",
        "Authorization": "Sanitized",
        "Content-Length": "0",
        "traceparent": "00-e9396cc2561ecab0a060ffd817047228-aab2e955e5136d65-00",
        "User-Agent": "azsdk-net-Storage.Files.Shares/12.21.0-alpha.20241016.1 (.NET 8.0.10; Microsoft Windows 10.0.26100)",
        "x-ms-client-request-id": "Sanitized",
        "x-ms-content-length": "1048576",
        "x-ms-date": "Wed, 16 Oct 2024 19:22:09 GMT",
        "x-ms-return-client-request-id": "true",
        "x-ms-type": "file",
        "x-ms-version": "2025-05-05"
      },
      "RequestBody": null,
      "StatusCode": 201,
      "ResponseHeaders": {
        "Content-Length": "0",
        "Date": "Wed, 16 Oct 2024 19:22:09 GMT",
        "ETag": "\"0x8DCEE17D46FC1A1\"",
        "Last-Modified": "Wed, 16 Oct 2024 19:22:09 GMT",
        "Server": [
          "Windows-Azure-File/1.0",
          "Microsoft-HTTPAPI/2.0"
        ],
        "x-ms-client-request-id": "Sanitized",
        "x-ms-file-attributes": "Archive",
        "x-ms-file-change-time": "2024-10-16T19:22:09.5520161Z",
        "x-ms-file-creation-time": "2024-10-16T19:22:09.5520161Z",
        "x-ms-file-id": "11529285414812647424",
        "x-ms-file-last-write-time": "2024-10-16T19:22:09.5520161Z",
        "x-ms-file-parent-id": "13835128424026341376",
        "x-ms-file-permission-key": "4010187179898695473*11459378189709739967",
        "x-ms-request-id": "ddee925d-801a-0015-6900-20cd71000000",
        "x-ms-request-server-encrypted": "true",
        "x-ms-version": "2025-05-05"
      },
      "ResponseBody": null
    },
    {
      "RequestUri": "https://seanmcccanary3.file.core.windows.net/test-share-afadf0e7-f9c1-ade8-b473-af30b3014bab/test-directory-03e0c2c3-34b4-ba59-5e7f-6b4e4b9f1283/test-file-ae6b64fa-1594-180f-755a-82abcf58760f?comp=forceclosehandles",
      "RequestMethod": "PUT",
      "RequestHeaders": {
        "Accept": "application/xml",
        "Authorization": "Sanitized",
        "Content-Length": "0",
        "traceparent": "00-b8c256cc9ea8248cb275af260ee875e8-7245b2a47e1631a8-00",
        "User-Agent": "azsdk-net-Storage.Files.Shares/12.21.0-alpha.20241016.1 (.NET 8.0.10; Microsoft Windows 10.0.26100)",
        "x-ms-client-request-id": "Sanitized",
        "x-ms-date": "Wed, 16 Oct 2024 19:22:09 GMT",
        "x-ms-handle-id": "*",
        "x-ms-return-client-request-id": "true",
        "x-ms-version": "2025-05-05"
      },
      "RequestBody": null,
      "StatusCode": 200,
      "ResponseHeaders": {
        "Content-Length": "0",
        "Date": "Wed, 16 Oct 2024 19:22:09 GMT",
        "Server": [
          "Windows-Azure-File/1.0",
          "Microsoft-HTTPAPI/2.0"
        ],
        "x-ms-client-request-id": "Sanitized",
        "x-ms-number-of-handles-closed": "0",
        "x-ms-number-of-handles-failed": "0",
        "x-ms-request-id": "ddee925f-801a-0015-6a00-20cd71000000",
        "x-ms-version": "2025-05-05"
      },
      "ResponseBody": null
    },
    {
      "RequestUri": "https://seanmcccanary3.file.core.windows.net/test-share-afadf0e7-f9c1-ade8-b473-af30b3014bab?restype=share",
      "RequestMethod": "DELETE",
      "RequestHeaders": {
        "Accept": "application/xml",
        "Authorization": "Sanitized",
        "traceparent": "00-e47cafa33d94206490d637ad8d573fcd-36d1fffd878bdece-00",
        "User-Agent": "azsdk-net-Storage.Files.Shares/12.21.0-alpha.20241016.1 (.NET 8.0.10; Microsoft Windows 10.0.26100)",
        "x-ms-client-request-id": "Sanitized",
        "x-ms-date": "Wed, 16 Oct 2024 19:22:09 GMT",
        "x-ms-delete-snapshots": "include",
        "x-ms-return-client-request-id": "true",
        "x-ms-version": "2025-05-05"
      },
      "RequestBody": null,
      "StatusCode": 202,
      "ResponseHeaders": {
        "Content-Length": "0",
        "Date": "Wed, 16 Oct 2024 19:22:09 GMT",
        "Server": [
          "Windows-Azure-File/1.0",
          "Microsoft-HTTPAPI/2.0"
        ],
        "x-ms-client-request-id": "Sanitized",
        "x-ms-request-id": "ddee9260-801a-0015-6b00-20cd71000000",
        "x-ms-version": "2025-05-05"
      },
      "ResponseBody": null
    }
  ],
  "Variables": {
    "RandomSeed": "51698753",
    "Storage_TestConfigDefault": "ProductionTenant\nseanmcccanary3\nU2FuaXRpemVk\nhttps://seanmcccanary3.blob.core.windows.net\nhttps://seanmcccanary3.file.core.windows.net\nhttps://seanmcccanary3.queue.core.windows.net\nhttps://seanmcccanary3.table.core.windows.net\n\n\n\n\nhttps://seanmcccanary3-secondary.blob.core.windows.net\nhttps://seanmcccanary3-secondary.file.core.windows.net\nhttps://seanmcccanary3-secondary.queue.core.windows.net\nhttps://seanmcccanary3-secondary.table.core.windows.net\nCloud\nBlobEndpoint=https://seanmcccanary3.blob.core.windows.net/;QueueEndpoint=https://seanmcccanary3.queue.core.windows.net/;FileEndpoint=https://seanmcccanary3.file.core.windows.net/;BlobSecondaryEndpoint=https://seanmcccanary3-secondary.blob.core.windows.net/;QueueSecondaryEndpoint=https://seanmcccanary3-secondary.queue.core.windows.net/;FileSecondaryEndpoint=https://seanmcccanary3-secondary.file.core.windows.net/;AccountName=seanmcccanary3;AccountKey=Sanitized\nseanscope1\n\n"
  }
}
