{
  "Entries": [
    {
      "RequestUri": "https://seanmcccanary3.file.core.windows.net/test-share-5b3dc67d-62ce-4c8b-55cc-a5ee2301fa59?restype=share",
      "RequestMethod": "PUT",
      "RequestHeaders": {
        "Accept": "application/xml",
        "Authorization": "Sanitized",
        "Content-Length": "0",
        "traceparent": "00-6410a53a4474d1b346e5396ab4e5c45f-8e18f48b58e4a193-00",
        "User-Agent": "azsdk-net-Storage.Files.Shares/12.21.0-alpha.20241016.1 (.NET 8.0.10; Microsoft Windows 10.0.26100)",
        "x-ms-client-request-id": "Sanitized",
        "x-ms-date": "Wed, 16 Oct 2024 19:26:02 GMT",
        "x-ms-return-client-request-id": "true",
        "x-ms-version": "2025-05-05"
      },
      "RequestBody": null,
      "StatusCode": 201,
      "ResponseHeaders": {
        "Content-Length": "0",
        "Date": "Wed, 16 Oct 2024 19:26:02 GMT",
        "ETag": "\"0x8DCEE185F945ADC\"",
        "Last-Modified": "Wed, 16 Oct 2024 19:26:02 GMT",
        "Server": [
          "Windows-Azure-File/1.0",
          "Microsoft-HTTPAPI/2.0"
        ],
        "x-ms-client-request-id": "Sanitized",
        "x-ms-request-id": "ddeea52e-801a-0015-5701-20cd71000000",
        "x-ms-version": "2025-05-05"
      },
      "ResponseBody": null
    },
    {
      "RequestUri": "https://seanmcccanary3.file.core.windows.net/test-share-5b3dc67d-62ce-4c8b-55cc-a5ee2301fa59/test-directory-80b002a5-f86b-45ec-5872-eca867a1f553?restype=directory",
      "RequestMethod": "PUT",
      "RequestHeaders": {
        "Accept": "application/xml",
        "Authorization": "Sanitized",
        "Content-Length": "0",
        "traceparent": "00-dc5e87db94abb38bf202430824e85eab-2c18de56c3c82486-00",
        "User-Agent": "azsdk-net-Storage.Files.Shares/12.21.0-alpha.20241016.1 (.NET 8.0.10; Microsoft Windows 10.0.26100)",
        "x-ms-client-request-id": "Sanitized",
        "x-ms-date": "Wed, 16 Oct 2024 19:26:02 GMT",
        "x-ms-return-client-request-id": "true",
        "x-ms-version": "2025-05-05"
      },
      "RequestBody": null,
      "StatusCode": 201,
      "ResponseHeaders": {
        "Content-Length": "0",
        "Date": "Wed, 16 Oct 2024 19:26:02 GMT",
        "ETag": "\"0x8DCEE185F9D266C\"",
        "Last-Modified": "Wed, 16 Oct 2024 19:26:03 GMT",
        "Server": [
          "Windows-Azure-File/1.0",
          "Microsoft-HTTPAPI/2.0"
        ],
        "x-ms-client-request-id": "Sanitized",
        "x-ms-file-attributes": "Directory",
        "x-ms-file-change-time": "2024-10-16T19:26:03.0528108Z",
        "x-ms-file-creation-time": "2024-10-16T19:26:03.0528108Z",
        "x-ms-file-id": "13835128424026341376",
        "x-ms-file-last-write-time": "2024-10-16T19:26:03.0528108Z",
        "x-ms-file-parent-id": "0",
        "x-ms-file-permission-key": "17860367565182308406*11459378189709739967",
        "x-ms-request-id": "ddeea530-801a-0015-5801-20cd71000000",
        "x-ms-request-server-encrypted": "true",
        "x-ms-version": "2025-05-05"
      },
      "ResponseBody": null
    },
    {
      "RequestUri": "https://seanmcccanary3.file.core.windows.net/test-share-5b3dc67d-62ce-4c8b-55cc-a5ee2301fa59/test-directory-80b002a5-f86b-45ec-5872-eca867a1f553/test-directory-ce20f32c-e82d-8c18-e577-a83a4fc85429?comp=listhandles",
      "RequestMethod": "GET",
      "RequestHeaders": {
        "Accept": "application/xml",
        "Authorization": "Sanitized",
        "User-Agent": "azsdk-net-Storage.Files.Shares/12.21.0-alpha.20241016.1 (.NET 8.0.10; Microsoft Windows 10.0.26100)",
        "x-ms-client-request-id": "Sanitized",
        "x-ms-date": "Wed, 16 Oct 2024 19:26:02 GMT",
        "x-ms-return-client-request-id": "true",
        "x-ms-version": "2025-05-05"
      },
      "RequestBody": null,
      "StatusCode": 404,
      "ResponseHeaders": {
        "Content-Length": "223",
        "Content-Type": "application/xml",
        "Date": "Wed, 16 Oct 2024 19:26:02 GMT",
        "Server": [
          "Windows-Azure-File/1.0",
          "Microsoft-HTTPAPI/2.0"
        ],
        "x-ms-client-request-id": "Sanitized",
        "x-ms-error-code": "ResourceNotFound",
        "x-ms-request-id": "ddeea531-801a-0015-5901-20cd71000000",
        "x-ms-version": "2025-05-05"
      },
      "ResponseBody": [
        "\uFEFF<?xml version=\"1.0\" encoding=\"utf-8\"?><Error><Code>ResourceNotFound</Code><Message>The specified resource does not exist.\n",
        "RequestId:ddeea531-801a-0015-5901-20cd71000000\n",
        "Time:2024-10-16T19:26:03.0916089Z</Message></Error>"
      ]
    },
    {
      "RequestUri": "https://seanmcccanary3.file.core.windows.net/test-share-5b3dc67d-62ce-4c8b-55cc-a5ee2301fa59?restype=share",
      "RequestMethod": "DELETE",
      "RequestHeaders": {
        "Accept": "application/xml",
        "Authorization": "Sanitized",
        "traceparent": "00-bee2c3de78e7e1da99a9a2b917a940d5-48d8a62a5361b9d4-00",
        "User-Agent": "azsdk-net-Storage.Files.Shares/12.21.0-alpha.20241016.1 (.NET 8.0.10; Microsoft Windows 10.0.26100)",
        "x-ms-client-request-id": "Sanitized",
        "x-ms-date": "Wed, 16 Oct 2024 19:26:02 GMT",
        "x-ms-delete-snapshots": "include",
        "x-ms-return-client-request-id": "true",
        "x-ms-version": "2025-05-05"
      },
      "RequestBody": null,
      "StatusCode": 202,
      "ResponseHeaders": {
        "Content-Length": "0",
        "Date": "Wed, 16 Oct 2024 19:26:02 GMT",
        "Server": [
          "Windows-Azure-File/1.0",
          "Microsoft-HTTPAPI/2.0"
        ],
        "x-ms-client-request-id": "Sanitized",
        "x-ms-request-id": "ddeea532-801a-0015-5a01-20cd71000000",
        "x-ms-version": "2025-05-05"
      },
      "ResponseBody": null
    }
  ],
  "Variables": {
    "RandomSeed": "590717300",
    "Storage_TestConfigDefault": "ProductionTenant\nseanmcccanary3\nU2FuaXRpemVk\nhttps://seanmcccanary3.blob.core.windows.net\nhttps://seanmcccanary3.file.core.windows.net\nhttps://seanmcccanary3.queue.core.windows.net\nhttps://seanmcccanary3.table.core.windows.net\n\n\n\n\nhttps://seanmcccanary3-secondary.blob.core.windows.net\nhttps://seanmcccanary3-secondary.file.core.windows.net\nhttps://seanmcccanary3-secondary.queue.core.windows.net\nhttps://seanmcccanary3-secondary.table.core.windows.net\nCloud\nBlobEndpoint=https://seanmcccanary3.blob.core.windows.net/;QueueEndpoint=https://seanmcccanary3.queue.core.windows.net/;FileEndpoint=https://seanmcccanary3.file.core.windows.net/;BlobSecondaryEndpoint=https://seanmcccanary3-secondary.blob.core.windows.net/;QueueSecondaryEndpoint=https://seanmcccanary3-secondary.queue.core.windows.net/;FileSecondaryEndpoint=https://seanmcccanary3-secondary.file.core.windows.net/;AccountName=seanmcccanary3;AccountKey=Sanitized\nseanscope1\n\n"
  }
}
