{
  "Entries": [
    {
      "RequestUri": "https://seancanary.file.core.windows.net/test-share-82e53826-1482-7fbe-3ea2-e2f524b06e2e?restype=share",
      "RequestMethod": "PUT",
      "RequestHeaders": {
        "Accept": "application/xml",
        "Authorization": "Sanitized",
        "Content-Length": "0",
        "traceparent": "00-f924858f51d6700254b9e2687ce48b2f-3c39ffe064fb873c-00",
        "User-Agent": "azsdk-net-Storage.Files.Shares/12.19.0-alpha.20240606.1 (.NET 7.0.20; Microsoft Windows 10.0.22631)",
        "x-ms-client-request-id": "Sanitized",
        "x-ms-date": "Thu, 06 Jun 2024 22:10:48 GMT",
        "x-ms-return-client-request-id": "true",
        "x-ms-version": "2024-08-04"
      },
      "RequestBody": null,
      "StatusCode": 201,
      "ResponseHeaders": {
        "Content-Length": "0",
        "Date": "Thu, 06 Jun 2024 22:10:50 GMT",
        "ETag": "\"0x8DC86758632C9D4\"",
        "Last-Modified": "Thu, 06 Jun 2024 22:10:50 GMT",
        "Server": [
          "Windows-Azure-File/1.0",
          "Microsoft-HTTPAPI/2.0"
        ],
        "x-ms-client-request-id": "Sanitized",
        "x-ms-request-id": "da1ff497-c01a-0009-305e-b8b3f2000000",
        "x-ms-version": "2024-08-04"
      },
      "ResponseBody": null
    },
    {
      "RequestUri": "https://seancanary.file.core.windows.net/test-share-82e53826-1482-7fbe-3ea2-e2f524b06e2e/test-directory-b4a59e77-5925-3558-f1a0-c8ea92275dce?restype=directory",
      "RequestMethod": "PUT",
      "RequestHeaders": {
        "Accept": "application/xml",
        "Authorization": "Sanitized",
        "Content-Length": "0",
        "traceparent": "00-31c50087775823a4ce890055dc02fe68-a1de020821617a00-00",
        "User-Agent": "azsdk-net-Storage.Files.Shares/12.19.0-alpha.20240606.1 (.NET 7.0.20; Microsoft Windows 10.0.22631)",
        "x-ms-client-request-id": "Sanitized",
        "x-ms-date": "Thu, 06 Jun 2024 22:10:48 GMT",
        "x-ms-file-attributes": "None",
        "x-ms-file-creation-time": "Now",
        "x-ms-file-last-write-time": "Now",
        "x-ms-file-permission": "Inherit",
        "x-ms-return-client-request-id": "true",
        "x-ms-version": "2024-08-04"
      },
      "RequestBody": null,
      "StatusCode": 201,
      "ResponseHeaders": {
        "Content-Length": "0",
        "Date": "Thu, 06 Jun 2024 22:10:50 GMT",
        "ETag": "\"0x8DC867586434F01\"",
        "Last-Modified": "Thu, 06 Jun 2024 22:10:50 GMT",
        "Server": [
          "Windows-Azure-File/1.0",
          "Microsoft-HTTPAPI/2.0"
        ],
        "x-ms-client-request-id": "Sanitized",
        "x-ms-file-attributes": "Directory",
        "x-ms-file-change-time": "2024-06-06T22:10:50.1621505Z",
        "x-ms-file-creation-time": "2024-06-06T22:10:50.1621505Z",
        "x-ms-file-id": "13835128424026341376",
        "x-ms-file-last-write-time": "2024-06-06T22:10:50.1621505Z",
        "x-ms-file-parent-id": "0",
        "x-ms-file-permission-key": "3341290327828196975*5081612660206631398",
        "x-ms-request-id": "da1ff49a-c01a-0009-315e-b8b3f2000000",
        "x-ms-request-server-encrypted": "true",
        "x-ms-version": "2024-08-04"
      },
      "ResponseBody": null
    },
    {
      "RequestUri": "https://seancanary.file.core.windows.net/test-share-82e53826-1482-7fbe-3ea2-e2f524b06e2e/test-directory-b4a59e77-5925-3558-f1a0-c8ea92275dce/test-file-c17c253d-2290-9834-bee0-d90d724638db",
      "RequestMethod": "PUT",
      "RequestHeaders": {
        "Accept": "application/xml",
        "Authorization": "Sanitized",
        "Content-Length": "0",
        "traceparent": "00-1b87645dcc501f2e94688c563322cd06-fca85ac24d97d21b-00",
        "User-Agent": "azsdk-net-Storage.Files.Shares/12.19.0-alpha.20240606.1 (.NET 7.0.20; Microsoft Windows 10.0.22631)",
        "x-ms-client-request-id": "Sanitized",
        "x-ms-content-length": "1024",
        "x-ms-date": "Thu, 06 Jun 2024 22:10:48 GMT",
        "x-ms-file-attributes": "None",
        "x-ms-file-creation-time": "Now",
        "x-ms-file-last-write-time": "Now",
        "x-ms-file-permission": "Inherit",
        "x-ms-return-client-request-id": "true",
        "x-ms-type": "file",
        "x-ms-version": "2024-08-04"
      },
      "RequestBody": null,
      "StatusCode": 201,
      "ResponseHeaders": {
        "Content-Length": "0",
        "Date": "Thu, 06 Jun 2024 22:10:50 GMT",
        "ETag": "\"0x8DC867586515798\"",
        "Last-Modified": "Thu, 06 Jun 2024 22:10:50 GMT",
        "Server": [
          "Windows-Azure-File/1.0",
          "Microsoft-HTTPAPI/2.0"
        ],
        "x-ms-client-request-id": "Sanitized",
        "x-ms-file-attributes": "Archive",
        "x-ms-file-change-time": "2024-06-06T22:10:50.2541208Z",
        "x-ms-file-creation-time": "2024-06-06T22:10:50.2541208Z",
        "x-ms-file-id": "11529285414812647424",
        "x-ms-file-last-write-time": "2024-06-06T22:10:50.2541208Z",
        "x-ms-file-parent-id": "13835128424026341376",
        "x-ms-file-permission-key": "17160240204029858152*5081612660206631398",
        "x-ms-request-id": "da1ff49b-c01a-0009-325e-b8b3f2000000",
        "x-ms-request-server-encrypted": "true",
        "x-ms-version": "2024-08-04"
      },
      "ResponseBody": null
    },
    {
      "RequestUri": "https://seancanary.file.core.windows.net/test-share-82e53826-1482-7fbe-3ea2-e2f524b06e2e?restype=share&comp=filepermission",
      "RequestMethod": "PUT",
      "RequestHeaders": {
        "Accept": "application/xml",
        "Authorization": "Sanitized",
        "Content-Length": "206",
        "Content-Type": "application/json",
        "traceparent": "00-5e7b7a93de4068e31c1372ef79c5b230-adb8eb59f63a61ef-00",
        "User-Agent": "azsdk-net-Storage.Files.Shares/12.19.0-alpha.20240606.1 (.NET 7.0.20; Microsoft Windows 10.0.22631)",
        "x-ms-client-request-id": "Sanitized",
        "x-ms-date": "Thu, 06 Jun 2024 22:10:48 GMT",
        "x-ms-return-client-request-id": "true",
        "x-ms-version": "2024-08-04"
      },
      "RequestBody": {
        "permission": "O:S-1-5-21-2127521184-1604012920-1887927527-21560751G:S-1-5-21-2127521184-1604012920-1887927527-513D:AI(A;;FA;;;SY)(A;;FA;;;BA)(A;;0x1200a9;;;S-1-5-21-397955417-626881126-188441444-3053964)"
      },
      "StatusCode": 201,
      "ResponseHeaders": {
        "Date": "Thu, 06 Jun 2024 22:10:50 GMT",
        "Server": [
          "Windows-Azure-File/1.0",
          "Microsoft-HTTPAPI/2.0"
        ],
        "Transfer-Encoding": "chunked",
        "x-ms-client-request-id": "Sanitized",
        "x-ms-file-permission-key": "16231623300506987543*5081612660206631398",
        "x-ms-request-id": "da1ff49c-c01a-0009-335e-b8b3f2000000",
        "x-ms-version": "2024-08-04"
      },
      "ResponseBody": null
    },
    {
      "RequestUri": "https://seancanary.file.core.windows.net/test-share-82e53826-1482-7fbe-3ea2-e2f524b06e2e/test-directory-b4a59e77-5925-3558-f1a0-c8ea92275dce/test-file-c7bfc152-f82b-62ab-2100-dc4addcd5689?comp=rename",
      "RequestMethod": "PUT",
      "RequestHeaders": {
        "Accept": "application/xml",
        "Authorization": "Sanitized",
        "Content-Length": "0",
        "traceparent": "00-dd1e0f9f4db0fc15c9045a0183c3ad92-60b323f0054c3ca1-00",
        "User-Agent": "azsdk-net-Storage.Files.Shares/12.19.0-alpha.20240606.1 (.NET 7.0.20; Microsoft Windows 10.0.22631)",
        "x-ms-client-request-id": "Sanitized",
        "x-ms-date": "Thu, 06 Jun 2024 22:10:48 GMT",
        "x-ms-file-attributes": "ReadOnly|Archive",
        "x-ms-file-change-time": "2010-08-26T05:15:21.0600000Z",
        "x-ms-file-creation-time": "2019-08-15T05:15:25.0600000Z",
        "x-ms-file-last-write-time": "2019-08-26T05:15:25.0600000Z",
        "x-ms-file-permission-key": "16231623300506987543*5081612660206631398",
        "x-ms-file-rename-source": "https://seancanary.file.core.windows.net/test-share-82e53826-1482-7fbe-3ea2-e2f524b06e2e/test-directory-b4a59e77-5925-3558-f1a0-c8ea92275dce/test-file-c17c253d-2290-9834-bee0-d90d724638db",
        "x-ms-return-client-request-id": "true",
        "x-ms-version": "2024-08-04"
      },
      "RequestBody": null,
      "StatusCode": 200,
      "ResponseHeaders": {
        "Content-Length": "0",
        "Date": "Thu, 06 Jun 2024 22:10:50 GMT",
        "ETag": "\"0x8DC867586A0343B\"",
        "Last-Modified": "Thu, 06 Jun 2024 22:10:50 GMT",
        "Server": [
          "Windows-Azure-File/1.0",
          "Microsoft-HTTPAPI/2.0"
        ],
        "x-ms-client-request-id": "Sanitized",
        "x-ms-file-attributes": "ReadOnly | Archive",
        "x-ms-file-change-time": "2010-08-26T05:15:21.0600000Z",
        "x-ms-file-creation-time": "2019-08-15T05:15:25.0600000Z",
        "x-ms-file-id": "11529285414812647424",
        "x-ms-file-last-write-time": "2019-08-26T05:15:25.0600000Z",
        "x-ms-file-parent-id": "13835128424026341376",
        "x-ms-file-permission-key": "16231623300506987543*5081612660206631398",
        "x-ms-request-id": "da1ff4a0-c01a-0009-365e-b8b3f2000000",
        "x-ms-request-server-encrypted": "true",
        "x-ms-version": "2024-08-04"
      },
      "ResponseBody": null
    },
    {
      "RequestUri": "https://seancanary.file.core.windows.net/test-share-82e53826-1482-7fbe-3ea2-e2f524b06e2e/test-directory-b4a59e77-5925-3558-f1a0-c8ea92275dce/test-file-c7bfc152-f82b-62ab-2100-dc4addcd5689",
      "RequestMethod": "HEAD",
      "RequestHeaders": {
        "Accept": "application/xml",
        "Authorization": "Sanitized",
        "User-Agent": "azsdk-net-Storage.Files.Shares/12.19.0-alpha.20240606.1 (.NET 7.0.20; Microsoft Windows 10.0.22631)",
        "x-ms-client-request-id": "Sanitized",
        "x-ms-date": "Thu, 06 Jun 2024 22:10:49 GMT",
        "x-ms-return-client-request-id": "true",
        "x-ms-version": "2024-08-04"
      },
      "RequestBody": null,
      "StatusCode": 200,
      "ResponseHeaders": {
        "Content-Length": "1024",
        "Content-Type": "application/octet-stream",
        "Date": "Thu, 06 Jun 2024 22:10:50 GMT",
        "ETag": "\"0x8DC867586A0343B\"",
        "Last-Modified": "Thu, 06 Jun 2024 22:10:50 GMT",
        "Server": [
          "Windows-Azure-File/1.0",
          "Microsoft-HTTPAPI/2.0"
        ],
        "x-ms-client-request-id": "Sanitized",
        "x-ms-file-attributes": "ReadOnly | Archive",
        "x-ms-file-change-time": "2010-08-26T05:15:21.0600000Z",
        "x-ms-file-creation-time": "2019-08-15T05:15:25.0600000Z",
        "x-ms-file-id": "11529285414812647424",
        "x-ms-file-last-write-time": "2019-08-26T05:15:25.0600000Z",
        "x-ms-file-parent-id": "13835128424026341376",
        "x-ms-file-permission-key": "16231623300506987543*5081612660206631398",
        "x-ms-lease-state": "available",
        "x-ms-lease-status": "unlocked",
        "x-ms-request-id": "da1ff4a1-c01a-0009-375e-b8b3f2000000",
        "x-ms-server-encrypted": "true",
        "x-ms-type": "File",
        "x-ms-version": "2024-08-04"
      },
      "ResponseBody": null
    },
    {
      "RequestUri": "https://seancanary.file.core.windows.net/test-share-82e53826-1482-7fbe-3ea2-e2f524b06e2e?restype=share",
      "RequestMethod": "DELETE",
      "RequestHeaders": {
        "Accept": "application/xml",
        "Authorization": "Sanitized",
        "traceparent": "00-f5d07a6a2aa025c3e03cb7b10baadb24-330c6ffb49f54e16-00",
        "User-Agent": "azsdk-net-Storage.Files.Shares/12.19.0-alpha.20240606.1 (.NET 7.0.20; Microsoft Windows 10.0.22631)",
        "x-ms-client-request-id": "Sanitized",
        "x-ms-date": "Thu, 06 Jun 2024 22:10:49 GMT",
        "x-ms-delete-snapshots": "include",
        "x-ms-return-client-request-id": "true",
        "x-ms-version": "2024-08-04"
      },
      "RequestBody": null,
      "StatusCode": 202,
      "ResponseHeaders": {
        "Content-Length": "0",
        "Date": "Thu, 06 Jun 2024 22:10:50 GMT",
        "Server": [
          "Windows-Azure-File/1.0",
          "Microsoft-HTTPAPI/2.0"
        ],
        "x-ms-client-request-id": "Sanitized",
        "x-ms-request-id": "da1ff4a2-c01a-0009-385e-b8b3f2000000",
        "x-ms-version": "2024-08-04"
      },
      "ResponseBody": null
    }
  ],
  "Variables": {
    "RandomSeed": "2050440473",
    "Storage_TestConfigDefault": "ProductionTenant\nseancanary\nU2FuaXRpemVk\nhttps://seancanary.blob.core.windows.net\nhttps://seancanary.file.core.windows.net\nhttps://seancanary.queue.core.windows.net\nhttps://seancanary.table.core.windows.net\n\n\n\n\nhttps://seancanary-secondary.blob.core.windows.net\nhttps://seancanary-secondary.file.core.windows.net\nhttps://seancanary-secondary.queue.core.windows.net\nhttps://seancanary-secondary.table.core.windows.net\nCloud\nBlobEndpoint=https://seancanary.blob.core.windows.net/;QueueEndpoint=https://seancanary.queue.core.windows.net/;FileEndpoint=https://seancanary.file.core.windows.net/;BlobSecondaryEndpoint=https://seancanary-secondary.blob.core.windows.net/;QueueSecondaryEndpoint=https://seancanary-secondary.queue.core.windows.net/;FileSecondaryEndpoint=https://seancanary-secondary.file.core.windows.net/;AccountName=seancanary;AccountKey=Sanitized\nseanscope1\n\n"
  }
}
