{
  "Entries": [
    {
      "RequestUri": "https://seanmcccanary3.file.core.windows.net/test-share-ff3b3d31-d28c-815c-607d-26f6e5c5d0f6?restype=share",
      "RequestMethod": "PUT",
      "RequestHeaders": {
        "Accept": "application/xml",
        "Authorization": "Sanitized",
        "Content-Length": "0",
        "traceparent": "00-9cddf7f84e7aca09841a8dd19bf132a5-7d0aad8e8b7cf41f-00",
        "User-Agent": "azsdk-net-Storage.Files.Shares/12.21.0-alpha.20241016.1 (.NET 8.0.10; Microsoft Windows 10.0.26100)",
        "x-ms-client-request-id": "Sanitized",
        "x-ms-date": "Wed, 16 Oct 2024 19:24:16 GMT",
        "x-ms-return-client-request-id": "true",
        "x-ms-version": "2025-05-05"
      },
      "RequestBody": null,
      "StatusCode": 201,
      "ResponseHeaders": {
        "Content-Length": "0",
        "Date": "Wed, 16 Oct 2024 19:24:16 GMT",
        "ETag": "\"0x8DCEE1820162E00\"",
        "Last-Modified": "Wed, 16 Oct 2024 19:24:16 GMT",
        "Server": [
          "Windows-Azure-File/1.0",
          "Microsoft-HTTPAPI/2.0"
        ],
        "x-ms-client-request-id": "Sanitized",
        "x-ms-request-id": "ddee9ad3-801a-0015-5a00-20cd71000000",
        "x-ms-version": "2025-05-05"
      },
      "ResponseBody": null
    },
    {
      "RequestUri": "https://seanmcccanary3.file.core.windows.net/test-share-ff3b3d31-d28c-815c-607d-26f6e5c5d0f6/test-directory-d5ebd5b5-8a18-e953-04f2-3da3f1e72aa3?restype=directory",
      "RequestMethod": "PUT",
      "RequestHeaders": {
        "Accept": "application/xml",
        "Authorization": "Sanitized",
        "Content-Length": "0",
        "traceparent": "00-eb143f6f179966c6822673f45209484c-3ba75f3b698bc14f-00",
        "User-Agent": "azsdk-net-Storage.Files.Shares/12.21.0-alpha.20241016.1 (.NET 8.0.10; Microsoft Windows 10.0.26100)",
        "x-ms-client-request-id": "Sanitized",
        "x-ms-date": "Wed, 16 Oct 2024 19:24:16 GMT",
        "x-ms-return-client-request-id": "true",
        "x-ms-version": "2025-05-05"
      },
      "RequestBody": null,
      "StatusCode": 201,
      "ResponseHeaders": {
        "Content-Length": "0",
        "Date": "Wed, 16 Oct 2024 19:24:16 GMT",
        "ETag": "\"0x8DCEE18201EE7F2\"",
        "Last-Modified": "Wed, 16 Oct 2024 19:24:16 GMT",
        "Server": [
          "Windows-Azure-File/1.0",
          "Microsoft-HTTPAPI/2.0"
        ],
        "x-ms-client-request-id": "Sanitized",
        "x-ms-file-attributes": "Directory",
        "x-ms-file-change-time": "2024-10-16T19:24:16.5289970Z",
        "x-ms-file-creation-time": "2024-10-16T19:24:16.5289970Z",
        "x-ms-file-id": "13835128424026341376",
        "x-ms-file-last-write-time": "2024-10-16T19:24:16.5289970Z",
        "x-ms-file-parent-id": "0",
        "x-ms-file-permission-key": "17860367565182308406*11459378189709739967",
        "x-ms-request-id": "ddee9ad5-801a-0015-5b00-20cd71000000",
        "x-ms-request-server-encrypted": "true",
        "x-ms-version": "2025-05-05"
      },
      "ResponseBody": null
    },
    {
      "RequestUri": "https://seanmcccanary3.file.core.windows.net/test-share-ff3b3d31-d28c-815c-607d-26f6e5c5d0f6/test-directory-d5ebd5b5-8a18-e953-04f2-3da3f1e72aa3/test-file-79f85018-17d4-5dd5-ac55-58a400489558",
      "RequestMethod": "PUT",
      "RequestHeaders": {
        "Accept": "application/xml",
        "Authorization": "Sanitized",
        "Content-Length": "0",
        "traceparent": "00-4e4c36898b2cc3d35f736d927001943a-590d10201b405359-00",
        "User-Agent": "azsdk-net-Storage.Files.Shares/12.21.0-alpha.20241016.1 (.NET 8.0.10; Microsoft Windows 10.0.26100)",
        "x-ms-client-request-id": "Sanitized",
        "x-ms-content-length": "1048576",
        "x-ms-date": "Wed, 16 Oct 2024 19:24:16 GMT",
        "x-ms-return-client-request-id": "true",
        "x-ms-type": "file",
        "x-ms-version": "2025-05-05"
      },
      "RequestBody": null,
      "StatusCode": 201,
      "ResponseHeaders": {
        "Content-Length": "0",
        "Date": "Wed, 16 Oct 2024 19:24:16 GMT",
        "ETag": "\"0x8DCEE182024DA7F\"",
        "Last-Modified": "Wed, 16 Oct 2024 19:24:16 GMT",
        "Server": [
          "Windows-Azure-File/1.0",
          "Microsoft-HTTPAPI/2.0"
        ],
        "x-ms-client-request-id": "Sanitized",
        "x-ms-file-attributes": "Archive",
        "x-ms-file-change-time": "2024-10-16T19:24:16.5679743Z",
        "x-ms-file-creation-time": "2024-10-16T19:24:16.5679743Z",
        "x-ms-file-id": "11529285414812647424",
        "x-ms-file-last-write-time": "2024-10-16T19:24:16.5679743Z",
        "x-ms-file-parent-id": "13835128424026341376",
        "x-ms-file-permission-key": "4010187179898695473*11459378189709739967",
        "x-ms-request-id": "ddee9ad6-801a-0015-5c00-20cd71000000",
        "x-ms-request-server-encrypted": "true",
        "x-ms-version": "2025-05-05"
      },
      "ResponseBody": null
    },
    {
      "RequestUri": "https://seanmcccanary3.file.core.windows.net/test-share-8e031b81-091a-709a-7e79-1eb86327795e?restype=share",
      "RequestMethod": "PUT",
      "RequestHeaders": {
        "Accept": "application/xml",
        "Authorization": "Sanitized",
        "Content-Length": "0",
        "traceparent": "00-057fc0d47b63fe1228d30d17eb308c59-b850b69fcb9481a2-00",
        "User-Agent": "azsdk-net-Storage.Files.Shares/12.21.0-alpha.20241016.1 (.NET 8.0.10; Microsoft Windows 10.0.26100)",
        "x-ms-client-request-id": "Sanitized",
        "x-ms-date": "Wed, 16 Oct 2024 19:24:16 GMT",
        "x-ms-return-client-request-id": "true",
        "x-ms-version": "2025-05-05"
      },
      "RequestBody": null,
      "StatusCode": 201,
      "ResponseHeaders": {
        "Content-Length": "0",
        "Date": "Wed, 16 Oct 2024 19:24:16 GMT",
        "ETag": "\"0x8DCEE18202D364F\"",
        "Last-Modified": "Wed, 16 Oct 2024 19:24:16 GMT",
        "Server": [
          "Windows-Azure-File/1.0",
          "Microsoft-HTTPAPI/2.0"
        ],
        "x-ms-client-request-id": "Sanitized",
        "x-ms-request-id": "ddee9ad7-801a-0015-5d00-20cd71000000",
        "x-ms-version": "2025-05-05"
      },
      "ResponseBody": null
    },
    {
      "RequestUri": "https://seanmcccanary3.file.core.windows.net/test-share-8e031b81-091a-709a-7e79-1eb86327795e/test-directory-501976e8-6ecf-ef50-77cd-cebbcfd59d28?restype=directory",
      "RequestMethod": "PUT",
      "RequestHeaders": {
        "Accept": "application/xml",
        "Authorization": "Sanitized",
        "Content-Length": "0",
        "traceparent": "00-dd8a1ab3c89fa6cddc6b8c048510f9c0-9d9fd5205d78ec0a-00",
        "User-Agent": "azsdk-net-Storage.Files.Shares/12.21.0-alpha.20241016.1 (.NET 8.0.10; Microsoft Windows 10.0.26100)",
        "x-ms-client-request-id": "Sanitized",
        "x-ms-date": "Wed, 16 Oct 2024 19:24:16 GMT",
        "x-ms-return-client-request-id": "true",
        "x-ms-version": "2025-05-05"
      },
      "RequestBody": null,
      "StatusCode": 201,
      "ResponseHeaders": {
        "Content-Length": "0",
        "Date": "Wed, 16 Oct 2024 19:24:16 GMT",
        "ETag": "\"0x8DCEE182035C7F5\"",
        "Last-Modified": "Wed, 16 Oct 2024 19:24:16 GMT",
        "Server": [
          "Windows-Azure-File/1.0",
          "Microsoft-HTTPAPI/2.0"
        ],
        "x-ms-client-request-id": "Sanitized",
        "x-ms-file-attributes": "Directory",
        "x-ms-file-change-time": "2024-10-16T19:24:16.6789109Z",
        "x-ms-file-creation-time": "2024-10-16T19:24:16.6789109Z",
        "x-ms-file-id": "13835128424026341376",
        "x-ms-file-last-write-time": "2024-10-16T19:24:16.6789109Z",
        "x-ms-file-parent-id": "0",
        "x-ms-file-permission-key": "17860367565182308406*11459378189709739967",
        "x-ms-request-id": "ddee9ad9-801a-0015-5e00-20cd71000000",
        "x-ms-request-server-encrypted": "true",
        "x-ms-version": "2025-05-05"
      },
      "ResponseBody": null
    },
    {
      "RequestUri": "https://seanmcccanary3.file.core.windows.net/test-share-8e031b81-091a-709a-7e79-1eb86327795e/test-directory-501976e8-6ecf-ef50-77cd-cebbcfd59d28/test-file-0a835be4-5e58-364d-621a-b8a0637ce10c",
      "RequestMethod": "PUT",
      "RequestHeaders": {
        "Accept": "application/xml",
        "Authorization": "Sanitized",
        "Content-Length": "0",
        "traceparent": "00-84a565b96be30def4c0700621cadfb9d-95fab2334c61b84f-00",
        "User-Agent": "azsdk-net-Storage.Files.Shares/12.21.0-alpha.20241016.1 (.NET 8.0.10; Microsoft Windows 10.0.26100)",
        "x-ms-client-request-id": "Sanitized",
        "x-ms-content-length": "1048576",
        "x-ms-date": "Wed, 16 Oct 2024 19:24:16 GMT",
        "x-ms-return-client-request-id": "true",
        "x-ms-type": "file",
        "x-ms-version": "2025-05-05"
      },
      "RequestBody": null,
      "StatusCode": 201,
      "ResponseHeaders": {
        "Content-Length": "0",
        "Date": "Wed, 16 Oct 2024 19:24:16 GMT",
        "ETag": "\"0x8DCEE18203BBA83\"",
        "Last-Modified": "Wed, 16 Oct 2024 19:24:16 GMT",
        "Server": [
          "Windows-Azure-File/1.0",
          "Microsoft-HTTPAPI/2.0"
        ],
        "x-ms-client-request-id": "Sanitized",
        "x-ms-file-attributes": "Archive",
        "x-ms-file-change-time": "2024-10-16T19:24:16.7178883Z",
        "x-ms-file-creation-time": "2024-10-16T19:24:16.7178883Z",
        "x-ms-file-id": "11529285414812647424",
        "x-ms-file-last-write-time": "2024-10-16T19:24:16.7178883Z",
        "x-ms-file-parent-id": "13835128424026341376",
        "x-ms-file-permission-key": "4010187179898695473*11459378189709739967",
        "x-ms-request-id": "ddee9ada-801a-0015-5f00-20cd71000000",
        "x-ms-request-server-encrypted": "true",
        "x-ms-version": "2025-05-05"
      },
      "ResponseBody": null
    },
    {
      "RequestUri": "https://seanmcccanary3.file.core.windows.net/test-share-ff3b3d31-d28c-815c-607d-26f6e5c5d0f6/test-directory-d5ebd5b5-8a18-e953-04f2-3da3f1e72aa3/test-file-79f85018-17d4-5dd5-ac55-58a400489558?comp=range",
      "RequestMethod": "PUT",
      "RequestHeaders": {
        "Accept": "application/xml",
        "Authorization": "Sanitized",
        "Content-Length": "1024",
        "Content-Type": "application/octet-stream",
        "traceparent": "00-01af818a175e4d6cdee1ef77ee04234e-d802b9894fe4bf69-00",
        "User-Agent": "azsdk-net-Storage.Files.Shares/12.21.0-alpha.20241016.1 (.NET 8.0.10; Microsoft Windows 10.0.26100)",
        "x-ms-client-request-id": "Sanitized",
        "x-ms-date": "Wed, 16 Oct 2024 19:24:16 GMT",
        "x-ms-range": "bytes=0-1023",
        "x-ms-return-client-request-id": "true",
        "x-ms-version": "2025-05-05",
        "x-ms-write": "update"
      },
      "RequestBody": "W0Rh6gYIX6NvQGgbxo7Vy7I2V7CNLiV04cM6UkfJiGybV2MdNX56QFNMQ6U+roYV0C1vhN7ysywe7QlDzQ1bpbj7gG8ruJY0vBdcQet/NTI9JYEZWgOOqKM2/kd0N3JG8J3tQi4W6RiXOsjHlXFBnrjWBaiLQUq0bdfL9LlPv4SkFlFNkvIEJjtpgh87xhMy9WCOnTHKu65SONRWS/VfSHpDIn4g8wvF0t9sIb8qeafDmf9YwCJT2Vui+lodrdtGCjqk+KOUEQFUycpRXZnvJ78tk7L2BodY70gjfvixpyUEJheFhoADL4f9BPdXAXzCs9Kb8BopTwOyTAhbcZMIoyGlTTeBaqE+KmMq+AKQAe7MYcslFrcL29YU0jl3qL3z9GHVsrREQUgxXMa2/lYBIkoajg/I441qmXFgbJdnxoKlNgShu086iCCC9LnwVd2AE7DvXRmuKxHTaxlC5NSxyZZEEMdSX2f74AbvRu7UeUOU4FnneGlo9wvyzVA296NL0SsirEUVLbNJ9HwTvuUj//HVrQN7yVAs2xi8X5IWxOhipHXCscz+f7KlnoTtVDkmz81eYEqf0Afa9tEtWc0hMi+TsBpwYE4k1y5R1SvMP4bflZDEuGSewtNt6Lv70CXkhGtUWaMetm9+OYkbTvrcDbZKTsM9XHnL9O5GAneTKQYIbFG/d+XjwN8hRn7agnTYkdoEsYJipyjyiWW117P36xCDE+KpHJXRZ43jHBb68HF6bnGcj3iDpcQoze6ALegsKVtuVm+RLnRFM0r1fosR95jzO2lCWlyYAG0dgE+nUDmlt/K7i5kC6D/8V1stjSc5F9VVjPF+6c/+1lYCc60lnuIQUMeZVmv+8VMqRgMAanJG5Gl5UcRHJs4jvLRD/3SR1rl5HD1foMBqV5ueVKPM/mzku49Dq0wdyCn5dZq2u/HemG9Jhk005kSpD/opqdErV71IXkPlTitsW1QUZiols5upv7wzgngfsNVLmZxS9B9Yzh7dbl2t+UpE3Sr5IH8ZhFtef+kV99RFKa1umbSOGWc0vJgLSEU++8Zy76RNJZBVMRVB9HQ2QtZKmESvP1+WtcTDxGPnDjsVH4Qioggw9wMdGGieTSXy/nnBwbAAj7xm3DngimEsbiLZK9TwE5/OGaBBkSb292ee0MbqJUyLFJDIvMbPT2yi8KpGxCJQAurZ86cPv/2Vb+TRQbmaQkjVThZDKFfZ/8o0n6B7sDNFTs7cEDKlfFWSMkzh/Q2yB65icHYLDNmT//Td2h9cGb6xi/PrvTEWMNHBsPUK9wG8gZfyGUC8OkH0SRE9x6E1NhmNMHEax0p9Sz+kSlzkiAjzIFiIav9+9FGy9nQg2Ggwiw==",
      "StatusCode": 201,
      "ResponseHeaders": {
        "Content-Length": "0",
        "Content-MD5": "DzbsCayJMQK1zpQnEgjORg==",
        "Date": "Wed, 16 Oct 2024 19:24:16 GMT",
        "ETag": "\"0x8DCEE182045CB2D\"",
        "Last-Modified": "Wed, 16 Oct 2024 19:24:16 GMT",
        "Server": [
          "Windows-Azure-File/1.0",
          "Microsoft-HTTPAPI/2.0"
        ],
        "x-ms-client-request-id": "Sanitized",
        "x-ms-file-last-write-time": "2024-10-16T19:24:16.7838509Z",
        "x-ms-request-id": "ddee9adb-801a-0015-6000-20cd71000000",
        "x-ms-request-server-encrypted": "true",
        "x-ms-version": "2025-05-05"
      },
      "ResponseBody": null
    },
    {
      "RequestUri": "https://seanmcccanary3.file.core.windows.net/test-share-ff3b3d31-d28c-815c-607d-26f6e5c5d0f6/test-directory-d5ebd5b5-8a18-e953-04f2-3da3f1e72aa3/test-file-79f85018-17d4-5dd5-ac55-58a400489558",
      "RequestMethod": "PUT",
      "RequestHeaders": {
        "Accept": "application/xml",
        "Authorization": "Sanitized",
        "Content-Length": "0",
        "traceparent": "00-f353fede5ad1fd47d3b67a5ee0429565-e228b9f63f71d3c8-00",
        "User-Agent": "azsdk-net-Storage.Files.Shares/12.21.0-alpha.20241016.1 (.NET 8.0.10; Microsoft Windows 10.0.26100)",
        "x-ms-client-request-id": "Sanitized",
        "x-ms-copy-source": "https://seanmcccanary3.file.core.windows.net/test-share-ff3b3d31-d28c-815c-607d-26f6e5c5d0f6/test-directory-d5ebd5b5-8a18-e953-04f2-3da3f1e72aa3/test-file-79f85018-17d4-5dd5-ac55-58a400489558",
        "x-ms-date": "Wed, 16 Oct 2024 19:24:16 GMT",
        "x-ms-file-permission": "AQAUhGwAAACIAAAAAAAAABQAAAACAFgAAwAAAAAAFAD/AR8AAQEAAAAAAAUSAAAAAAAYAP8BHwABAgAAAAAABSAAAAAgAgAAAAAkAKkAEgABBQAAAAAABRUAAABZUbgXZnJdJWRjOwuMmS4AAQUAAAAAAAUVAAAAoGXPfnhLm1/nfIdwr/1IAQEFAAAAAAAFFQAAAKBlz354S5tf53yHcAECAAA=",
        "x-ms-file-permission-copy-mode": "override",
        "x-ms-file-permission-format": "Binary",
        "x-ms-return-client-request-id": "true",
        "x-ms-version": "2025-05-05"
      },
      "RequestBody": null,
      "StatusCode": 202,
      "ResponseHeaders": {
        "Content-Length": "0",
        "Date": "Wed, 16 Oct 2024 19:24:16 GMT",
        "ETag": "\"0x8DCEE1820613E62\"",
        "Last-Modified": "Wed, 16 Oct 2024 19:24:16 GMT",
        "Server": [
          "Windows-Azure-File/1.0",
          "Microsoft-HTTPAPI/2.0"
        ],
        "x-ms-client-request-id": "Sanitized",
        "x-ms-copy-id": "3f96bf2f-ac8b-405e-8d1d-5221de1f8ac2",
        "x-ms-copy-status": "success",
        "x-ms-request-id": "ddee9adc-801a-0015-6100-20cd71000000",
        "x-ms-version": "2025-05-05"
      },
      "ResponseBody": null
    },
    {
      "RequestUri": "https://seanmcccanary3.file.core.windows.net/test-share-8e031b81-091a-709a-7e79-1eb86327795e?restype=share",
      "RequestMethod": "DELETE",
      "RequestHeaders": {
        "Accept": "application/xml",
        "Authorization": "Sanitized",
        "traceparent": "00-7e901a85077950173e9b2c588ffd9236-e2ec06c9cc9b8f01-00",
        "User-Agent": "azsdk-net-Storage.Files.Shares/12.21.0-alpha.20241016.1 (.NET 8.0.10; Microsoft Windows 10.0.26100)",
        "x-ms-client-request-id": "Sanitized",
        "x-ms-date": "Wed, 16 Oct 2024 19:24:16 GMT",
        "x-ms-delete-snapshots": "include",
        "x-ms-return-client-request-id": "true",
        "x-ms-version": "2025-05-05"
      },
      "RequestBody": null,
      "StatusCode": 202,
      "ResponseHeaders": {
        "Content-Length": "0",
        "Date": "Wed, 16 Oct 2024 19:24:16 GMT",
        "Server": [
          "Windows-Azure-File/1.0",
          "Microsoft-HTTPAPI/2.0"
        ],
        "x-ms-client-request-id": "Sanitized",
        "x-ms-request-id": "ddee9add-801a-0015-6200-20cd71000000",
        "x-ms-version": "2025-05-05"
      },
      "ResponseBody": null
    },
    {
      "RequestUri": "https://seanmcccanary3.file.core.windows.net/test-share-ff3b3d31-d28c-815c-607d-26f6e5c5d0f6?restype=share",
      "RequestMethod": "DELETE",
      "RequestHeaders": {
        "Accept": "application/xml",
        "Authorization": "Sanitized",
        "traceparent": "00-6279e0a5c0575c779eee17827229c868-3aef2aecd1f74b53-00",
        "User-Agent": "azsdk-net-Storage.Files.Shares/12.21.0-alpha.20241016.1 (.NET 8.0.10; Microsoft Windows 10.0.26100)",
        "x-ms-client-request-id": "Sanitized",
        "x-ms-date": "Wed, 16 Oct 2024 19:24:16 GMT",
        "x-ms-delete-snapshots": "include",
        "x-ms-return-client-request-id": "true",
        "x-ms-version": "2025-05-05"
      },
      "RequestBody": null,
      "StatusCode": 202,
      "ResponseHeaders": {
        "Content-Length": "0",
        "Date": "Wed, 16 Oct 2024 19:24:16 GMT",
        "Server": [
          "Windows-Azure-File/1.0",
          "Microsoft-HTTPAPI/2.0"
        ],
        "x-ms-client-request-id": "Sanitized",
        "x-ms-request-id": "ddee9ade-801a-0015-6300-20cd71000000",
        "x-ms-version": "2025-05-05"
      },
      "ResponseBody": null
    }
  ],
  "Variables": {
    "RandomSeed": "930798693",
    "Storage_TestConfigDefault": "ProductionTenant\nseanmcccanary3\nU2FuaXRpemVk\nhttps://seanmcccanary3.blob.core.windows.net\nhttps://seanmcccanary3.file.core.windows.net\nhttps://seanmcccanary3.queue.core.windows.net\nhttps://seanmcccanary3.table.core.windows.net\n\n\n\n\nhttps://seanmcccanary3-secondary.blob.core.windows.net\nhttps://seanmcccanary3-secondary.file.core.windows.net\nhttps://seanmcccanary3-secondary.queue.core.windows.net\nhttps://seanmcccanary3-secondary.table.core.windows.net\nCloud\nBlobEndpoint=https://seanmcccanary3.blob.core.windows.net/;QueueEndpoint=https://seanmcccanary3.queue.core.windows.net/;FileEndpoint=https://seanmcccanary3.file.core.windows.net/;BlobSecondaryEndpoint=https://seanmcccanary3-secondary.blob.core.windows.net/;QueueSecondaryEndpoint=https://seanmcccanary3-secondary.queue.core.windows.net/;FileSecondaryEndpoint=https://seanmcccanary3-secondary.file.core.windows.net/;AccountName=seanmcccanary3;AccountKey=Sanitized\nseanscope1\n\n"
  }
}
