{
  "Entries": [
    {
      "RequestUri": "https://seancanary.file.core.windows.net/test-share-7cf13136-07b0-3477-b31a-56474ae67efc?restype=share",
      "RequestMethod": "PUT",
      "RequestHeaders": {
        "Accept": "application/xml",
        "Authorization": "Sanitized",
        "Content-Length": "0",
        "traceparent": "00-b86777938b048ac3a3967b2602a93ec4-6acd8815320767e4-00",
        "User-Agent": "azsdk-net-Storage.Files.Shares/12.19.0-alpha.20240606.1 (.NET 7.0.20; Microsoft Windows 10.0.22631)",
        "x-ms-client-request-id": "Sanitized",
        "x-ms-date": "Thu, 06 Jun 2024 22:16:57 GMT",
        "x-ms-return-client-request-id": "true",
        "x-ms-version": "2024-08-04"
      },
      "RequestBody": null,
      "StatusCode": 201,
      "ResponseHeaders": {
        "Content-Length": "0",
        "Date": "Thu, 06 Jun 2024 22:16:58 GMT",
        "ETag": "\"0x8DC8676624787B8\"",
        "Last-Modified": "Thu, 06 Jun 2024 22:16:59 GMT",
        "Server": [
          "Windows-Azure-File/1.0",
          "Microsoft-HTTPAPI/2.0"
        ],
        "x-ms-client-request-id": "Sanitized",
        "x-ms-request-id": "da200177-c01a-0009-3a5f-b8b3f2000000",
        "x-ms-version": "2024-08-04"
      },
      "ResponseBody": null
    },
    {
      "RequestUri": "https://seancanary.file.core.windows.net/test-share-7cf13136-07b0-3477-b31a-56474ae67efc/test-directory-25cb51a0-2d4b-45ee-5509-e9990c09021c?restype=directory",
      "RequestMethod": "PUT",
      "RequestHeaders": {
        "Accept": "application/xml",
        "Authorization": "Sanitized",
        "Content-Length": "0",
        "traceparent": "00-0e113b0e606a58caeff28c94eca32eaa-e0427c6e5b55caed-00",
        "User-Agent": "azsdk-net-Storage.Files.Shares/12.19.0-alpha.20240606.1 (.NET 7.0.20; Microsoft Windows 10.0.22631)",
        "x-ms-client-request-id": "Sanitized",
        "x-ms-date": "Thu, 06 Jun 2024 22:16:57 GMT",
        "x-ms-file-attributes": "None",
        "x-ms-file-creation-time": "Now",
        "x-ms-file-last-write-time": "Now",
        "x-ms-file-permission": "Inherit",
        "x-ms-return-client-request-id": "true",
        "x-ms-version": "2024-08-04"
      },
      "RequestBody": null,
      "StatusCode": 201,
      "ResponseHeaders": {
        "Content-Length": "0",
        "Date": "Thu, 06 Jun 2024 22:16:58 GMT",
        "ETag": "\"0x8DC86766256DD1F\"",
        "Last-Modified": "Thu, 06 Jun 2024 22:16:59 GMT",
        "Server": [
          "Windows-Azure-File/1.0",
          "Microsoft-HTTPAPI/2.0"
        ],
        "x-ms-client-request-id": "Sanitized",
        "x-ms-file-attributes": "Directory",
        "x-ms-file-change-time": "2024-06-06T22:16:59.3890591Z",
        "x-ms-file-creation-time": "2024-06-06T22:16:59.3890591Z",
        "x-ms-file-id": "13835128424026341376",
        "x-ms-file-last-write-time": "2024-06-06T22:16:59.3890591Z",
        "x-ms-file-parent-id": "0",
        "x-ms-file-permission-key": "3341290327828196975*5081612660206631398",
        "x-ms-request-id": "da200179-c01a-0009-3b5f-b8b3f2000000",
        "x-ms-request-server-encrypted": "true",
        "x-ms-version": "2024-08-04"
      },
      "ResponseBody": null
    },
    {
      "RequestUri": "https://seancanary.file.core.windows.net/test-share-7cf13136-07b0-3477-b31a-56474ae67efc/test-directory-25cb51a0-2d4b-45ee-5509-e9990c09021c/test-file-625742d6-981f-baef-6d03-d542a960b4b4",
      "RequestMethod": "PUT",
      "RequestHeaders": {
        "Accept": "application/xml",
        "Authorization": "Sanitized",
        "Content-Length": "0",
        "traceparent": "00-e822317ac6d30fdb824068797aff2596-52ab6d54def6db83-00",
        "User-Agent": "azsdk-net-Storage.Files.Shares/12.19.0-alpha.20240606.1 (.NET 7.0.20; Microsoft Windows 10.0.22631)",
        "x-ms-client-request-id": "Sanitized",
        "x-ms-content-length": "1048576",
        "x-ms-date": "Thu, 06 Jun 2024 22:16:57 GMT",
        "x-ms-file-attributes": "None",
        "x-ms-file-creation-time": "Now",
        "x-ms-file-last-write-time": "Now",
        "x-ms-file-permission": "Inherit",
        "x-ms-return-client-request-id": "true",
        "x-ms-type": "file",
        "x-ms-version": "2024-08-04"
      },
      "RequestBody": null,
      "StatusCode": 201,
      "ResponseHeaders": {
        "Content-Length": "0",
        "Date": "Thu, 06 Jun 2024 22:16:58 GMT",
        "ETag": "\"0x8DC867662631117\"",
        "Last-Modified": "Thu, 06 Jun 2024 22:16:59 GMT",
        "Server": [
          "Windows-Azure-File/1.0",
          "Microsoft-HTTPAPI/2.0"
        ],
        "x-ms-client-request-id": "Sanitized",
        "x-ms-file-attributes": "Archive",
        "x-ms-file-change-time": "2024-06-06T22:16:59.4690327Z",
        "x-ms-file-creation-time": "2024-06-06T22:16:59.4690327Z",
        "x-ms-file-id": "11529285414812647424",
        "x-ms-file-last-write-time": "2024-06-06T22:16:59.4690327Z",
        "x-ms-file-parent-id": "13835128424026341376",
        "x-ms-file-permission-key": "17160240204029858152*5081612660206631398",
        "x-ms-request-id": "da20017a-c01a-0009-3c5f-b8b3f2000000",
        "x-ms-request-server-encrypted": "true",
        "x-ms-version": "2024-08-04"
      },
      "ResponseBody": null
    },
    {
      "RequestUri": "https://seancanary.file.core.windows.net/test-share-d5ee8e21-748c-b4e3-f082-35dd77f91697?restype=share",
      "RequestMethod": "PUT",
      "RequestHeaders": {
        "Accept": "application/xml",
        "Authorization": "Sanitized",
        "Content-Length": "0",
        "traceparent": "00-f04bc1011effc203671bd771e0908ebf-7b02ad6c895b9d78-00",
        "User-Agent": "azsdk-net-Storage.Files.Shares/12.19.0-alpha.20240606.1 (.NET 7.0.20; Microsoft Windows 10.0.22631)",
        "x-ms-client-request-id": "Sanitized",
        "x-ms-date": "Thu, 06 Jun 2024 22:16:58 GMT",
        "x-ms-return-client-request-id": "true",
        "x-ms-version": "2024-08-04"
      },
      "RequestBody": null,
      "StatusCode": 201,
      "ResponseHeaders": {
        "Content-Length": "0",
        "Date": "Thu, 06 Jun 2024 22:16:58 GMT",
        "ETag": "\"0x8DC86766277946E\"",
        "Last-Modified": "Thu, 06 Jun 2024 22:16:59 GMT",
        "Server": [
          "Windows-Azure-File/1.0",
          "Microsoft-HTTPAPI/2.0"
        ],
        "x-ms-client-request-id": "Sanitized",
        "x-ms-request-id": "da20017b-c01a-0009-3d5f-b8b3f2000000",
        "x-ms-version": "2024-08-04"
      },
      "ResponseBody": null
    },
    {
      "RequestUri": "https://seancanary.file.core.windows.net/test-share-d5ee8e21-748c-b4e3-f082-35dd77f91697/test-directory-cf91dbfc-7cb2-bc13-2355-56dbf8bb0565?restype=directory",
      "RequestMethod": "PUT",
      "RequestHeaders": {
        "Accept": "application/xml",
        "Authorization": "Sanitized",
        "Content-Length": "0",
        "traceparent": "00-3ba8ce89ee97e24a086a306bb5bd8984-dd410097f02f20bd-00",
        "User-Agent": "azsdk-net-Storage.Files.Shares/12.19.0-alpha.20240606.1 (.NET 7.0.20; Microsoft Windows 10.0.22631)",
        "x-ms-client-request-id": "Sanitized",
        "x-ms-date": "Thu, 06 Jun 2024 22:16:58 GMT",
        "x-ms-file-attributes": "None",
        "x-ms-file-creation-time": "Now",
        "x-ms-file-last-write-time": "Now",
        "x-ms-file-permission": "Inherit",
        "x-ms-return-client-request-id": "true",
        "x-ms-version": "2024-08-04"
      },
      "RequestBody": null,
      "StatusCode": 201,
      "ResponseHeaders": {
        "Content-Length": "0",
        "Date": "Thu, 06 Jun 2024 22:16:59 GMT",
        "ETag": "\"0x8DC8676629344CF\"",
        "Last-Modified": "Thu, 06 Jun 2024 22:16:59 GMT",
        "Server": [
          "Windows-Azure-File/1.0",
          "Microsoft-HTTPAPI/2.0"
        ],
        "x-ms-client-request-id": "Sanitized",
        "x-ms-file-attributes": "Directory",
        "x-ms-file-change-time": "2024-06-06T22:16:59.7849295Z",
        "x-ms-file-creation-time": "2024-06-06T22:16:59.7849295Z",
        "x-ms-file-id": "13835128424026341376",
        "x-ms-file-last-write-time": "2024-06-06T22:16:59.7849295Z",
        "x-ms-file-parent-id": "0",
        "x-ms-file-permission-key": "3341290327828196975*5081612660206631398",
        "x-ms-request-id": "da20017f-c01a-0009-405f-b8b3f2000000",
        "x-ms-request-server-encrypted": "true",
        "x-ms-version": "2024-08-04"
      },
      "ResponseBody": null
    },
    {
      "RequestUri": "https://seancanary.file.core.windows.net/test-share-d5ee8e21-748c-b4e3-f082-35dd77f91697/test-directory-cf91dbfc-7cb2-bc13-2355-56dbf8bb0565/test-file-1bddf9fc-1b6a-fa30-2c53-408cb66cb67f",
      "RequestMethod": "PUT",
      "RequestHeaders": {
        "Accept": "application/xml",
        "Authorization": "Sanitized",
        "Content-Length": "0",
        "traceparent": "00-d4fb89b17e3854c31827ef18e9b8a08d-12ee654790927cf2-00",
        "User-Agent": "azsdk-net-Storage.Files.Shares/12.19.0-alpha.20240606.1 (.NET 7.0.20; Microsoft Windows 10.0.22631)",
        "x-ms-client-request-id": "Sanitized",
        "x-ms-content-length": "1048576",
        "x-ms-date": "Thu, 06 Jun 2024 22:16:58 GMT",
        "x-ms-file-attributes": "None",
        "x-ms-file-creation-time": "Now",
        "x-ms-file-last-write-time": "Now",
        "x-ms-file-permission": "Inherit",
        "x-ms-return-client-request-id": "true",
        "x-ms-type": "file",
        "x-ms-version": "2024-08-04"
      },
      "RequestBody": null,
      "StatusCode": 201,
      "ResponseHeaders": {
        "Content-Length": "0",
        "Date": "Thu, 06 Jun 2024 22:16:59 GMT",
        "ETag": "\"0x8DC867662A9D829\"",
        "Last-Modified": "Thu, 06 Jun 2024 22:16:59 GMT",
        "Server": [
          "Windows-Azure-File/1.0",
          "Microsoft-HTTPAPI/2.0"
        ],
        "x-ms-client-request-id": "Sanitized",
        "x-ms-file-attributes": "Archive",
        "x-ms-file-change-time": "2024-06-06T22:16:59.9328809Z",
        "x-ms-file-creation-time": "2024-06-06T22:16:59.9328809Z",
        "x-ms-file-id": "11529285414812647424",
        "x-ms-file-last-write-time": "2024-06-06T22:16:59.9328809Z",
        "x-ms-file-parent-id": "13835128424026341376",
        "x-ms-file-permission-key": "17160240204029858152*5081612660206631398",
        "x-ms-request-id": "da200180-c01a-0009-415f-b8b3f2000000",
        "x-ms-request-server-encrypted": "true",
        "x-ms-version": "2024-08-04"
      },
      "ResponseBody": null
    },
    {
      "RequestUri": "https://seancanary.file.core.windows.net/test-share-7cf13136-07b0-3477-b31a-56474ae67efc/test-directory-25cb51a0-2d4b-45ee-5509-e9990c09021c/test-file-625742d6-981f-baef-6d03-d542a960b4b4?comp=range",
      "RequestMethod": "PUT",
      "RequestHeaders": {
        "Accept": "application/xml",
        "Authorization": "Sanitized",
        "Content-Length": "1024",
        "Content-Type": "application/octet-stream",
        "traceparent": "00-a095d5eee24d6251f00e64e2ba11af9c-1cf8484beb7f8d35-00",
        "User-Agent": "azsdk-net-Storage.Files.Shares/12.19.0-alpha.20240606.1 (.NET 7.0.20; Microsoft Windows 10.0.22631)",
        "x-ms-client-request-id": "Sanitized",
        "x-ms-date": "Thu, 06 Jun 2024 22:16:58 GMT",
        "x-ms-range": "bytes=0-1023",
        "x-ms-return-client-request-id": "true",
        "x-ms-version": "2024-08-04",
        "x-ms-write": "update"
      },
      "RequestBody": "YXGDAqaINMuNvjMQVSPpDre0wrXBq7jhUfXeX4rGlSYM46yfmZnmQczffQf4PA/RR5jt1f+XIba4obGwqtVAxykNA3J2SXUezoHo4i2x6RXmDRfx2L8mdcH25vfoNZb3nrbe6zidWv4jzwd+rj6IB7ibypy9Tu5p5o2wgGJ9Npjq8EN20v7cSLMYzgm4qMeDbd8/TGv5Ok/IdASr7dqcpZlulL37EjS6v4LppYDlsT3GLRKDPukt8Lb0rl75MVrYfChvSRQJh1uqhIzpD5TP48LG5MDHGGevQaMHB2TWwY4nEShXdWgpvaW32LlcROAhJMqbMk2aEWPBwAdwAYD21MP+wf5sd21anSYbEECtUv3D5eKZOo5BjADElbVgubskwAP2XoLhtaxdQZUmfwAjFG0KrBueXZo0vTT+p+G4+uNq9k88tvR64jA1PPn5Gg3/oYFIVQyfhmNpwaFN4g3KpEaxu4ix5l14j8rraCChO6Im/wZgcKTXynDr0/RTLf8japiyR1+FTbokz8ZCtB1Cx4b+JuIGajOi2vAXxRNoJGLKx/2I7/NDobJLO6DelBZTqQtuVAYcHABkD21uboenvKpjd+0fudiTu4Uwuy+Sw0XaxBwH+s9crqv9JN+G1DMqo3/1eh0oM+8z2pmA62DQ0Uwnk6lqoMLbB8lBIpX5DedSBhevnEkosZEt1B8228JKLFKTXkCJvwO9GnNU5xFZOc2yLuVJITQC/uIYPcyipCsG9/VCZq6myEYU8oHV1Mp/1JpRhK3dAAsdkF9ecYI3GnZHTe8bFtMeC2WeNS6yLSoXmGgxUSB+KfbpJNVPSFfE3NgLjofaY73GM3hHPsvda2M1RtgZBchVyCP5MvH+z8MO2lhVp5+jPTSrax2oN+sqDLlyGQJ/qtcPtcVj4DHLyGO0OGNyiMPEkgijbpqrrZE4ziU3i7XBjzCBRfHZP1wD36K58/6Ht4P2rof52zs9ZAc0KhILkz2t86kz8ULR6lKsoI738bqSsRahQdwuyLP0Q+DppRVK90xlDP9UU8ZBJMQ0TDutRXNNonj7alFgfyv2Pq1h50U8YqlBkeW6PV1QYB0Y+Xt3R/5tnAKcTo36BIzUXhQY3zx+9+qSa7ONk2Qaqgk0SIWwfvev9EtCoBMcR41Y5d9JOIHgmQKQ5dtK3wmegqODxrwHJN8daOvwPFfWdiQmNa2F0XKIU66DH5kcZRRCpB1wmIHQUMH/LM+V712qum+3I6pbGbAw+3IOhAVGAALWrpg6Zt6iVuTshaWi8mNR2GUpZUJq5optP5wOwsy8uSvNv0HFcFORFMzFb5MLjgkOvaufHJu/bMgNzCZBk5QYL8x51TMii2gRmFF2pA==",
      "StatusCode": 201,
      "ResponseHeaders": {
        "Content-Length": "0",
        "Content-MD5": "DlYnnyafH97QVQL2KAsDYQ==",
        "Date": "Thu, 06 Jun 2024 22:16:59 GMT",
        "ETag": "\"0x8DC867662C04478\"",
        "Last-Modified": "Thu, 06 Jun 2024 22:17:00 GMT",
        "Server": [
          "Windows-Azure-File/1.0",
          "Microsoft-HTTPAPI/2.0"
        ],
        "x-ms-client-request-id": "Sanitized",
        "x-ms-file-last-write-time": "2024-06-06T22:17:00.0798328Z",
        "x-ms-request-id": "da200181-c01a-0009-425f-b8b3f2000000",
        "x-ms-request-server-encrypted": "true",
        "x-ms-version": "2024-08-04"
      },
      "ResponseBody": null
    },
    {
      "RequestUri": "https://seancanary.file.core.windows.net/test-share-7cf13136-07b0-3477-b31a-56474ae67efc?restype=share&comp=filepermission",
      "RequestMethod": "PUT",
      "RequestHeaders": {
        "Accept": "application/xml",
        "Authorization": "Sanitized",
        "Content-Length": "206",
        "Content-Type": "application/json",
        "traceparent": "00-0793c10875baab7b9f91c052457a45fa-e6e3a0e9c9d26d70-00",
        "User-Agent": "azsdk-net-Storage.Files.Shares/12.19.0-alpha.20240606.1 (.NET 7.0.20; Microsoft Windows 10.0.22631)",
        "x-ms-client-request-id": "Sanitized",
        "x-ms-date": "Thu, 06 Jun 2024 22:16:58 GMT",
        "x-ms-return-client-request-id": "true",
        "x-ms-version": "2024-08-04"
      },
      "RequestBody": {
        "permission": "O:S-1-5-21-2127521184-1604012920-1887927527-21560751G:S-1-5-21-2127521184-1604012920-1887927527-513D:AI(A;;FA;;;SY)(A;;FA;;;BA)(A;;0x1200a9;;;S-1-5-21-397955417-626881126-188441444-3053964)"
      },
      "StatusCode": 201,
      "ResponseHeaders": {
        "Date": "Thu, 06 Jun 2024 22:16:59 GMT",
        "Server": [
          "Windows-Azure-File/1.0",
          "Microsoft-HTTPAPI/2.0"
        ],
        "Transfer-Encoding": "chunked",
        "x-ms-client-request-id": "Sanitized",
        "x-ms-file-permission-key": "16231623300506987543*5081612660206631398",
        "x-ms-request-id": "da200182-c01a-0009-435f-b8b3f2000000",
        "x-ms-version": "2024-08-04"
      },
      "ResponseBody": null
    },
    {
      "RequestUri": "https://seancanary.file.core.windows.net/test-share-7cf13136-07b0-3477-b31a-56474ae67efc/test-directory-25cb51a0-2d4b-45ee-5509-e9990c09021c/test-file-625742d6-981f-baef-6d03-d542a960b4b4",
      "RequestMethod": "PUT",
      "RequestHeaders": {
        "Accept": "application/xml",
        "Authorization": "Sanitized",
        "Content-Length": "0",
        "traceparent": "00-3baddb25e11b9118567191133154e482-134c8c30e3bbd391-00",
        "User-Agent": "azsdk-net-Storage.Files.Shares/12.19.0-alpha.20240606.1 (.NET 7.0.20; Microsoft Windows 10.0.22631)",
        "x-ms-client-request-id": "Sanitized",
        "x-ms-copy-source": "https://seancanary.file.core.windows.net/test-share-7cf13136-07b0-3477-b31a-56474ae67efc/test-directory-25cb51a0-2d4b-45ee-5509-e9990c09021c/test-file-625742d6-981f-baef-6d03-d542a960b4b4",
        "x-ms-date": "Thu, 06 Jun 2024 22:16:58 GMT",
        "x-ms-file-attributes": "ReadOnly|Archive",
        "x-ms-file-creation-time": "2019-08-15T05:15:25.0600000Z",
        "x-ms-file-last-write-time": "2019-08-26T05:15:25.0600000Z",
        "x-ms-file-permission-copy-mode": "override",
        "x-ms-file-permission-key": "16231623300506987543*5081612660206631398",
        "x-ms-return-client-request-id": "true",
        "x-ms-version": "2024-08-04"
      },
      "RequestBody": null,
      "StatusCode": 202,
      "ResponseHeaders": {
        "Content-Length": "0",
        "Date": "Thu, 06 Jun 2024 22:16:59 GMT",
        "ETag": "\"0x8DC867663111CDA\"",
        "Last-Modified": "Thu, 06 Jun 2024 22:17:00 GMT",
        "Server": [
          "Windows-Azure-File/1.0",
          "Microsoft-HTTPAPI/2.0"
        ],
        "x-ms-client-request-id": "Sanitized",
        "x-ms-copy-id": "61c744cb-e106-48d6-b197-0f8b53ec323f",
        "x-ms-copy-status": "success",
        "x-ms-request-id": "da200184-c01a-0009-445f-b8b3f2000000",
        "x-ms-version": "2024-08-04"
      },
      "ResponseBody": null
    },
    {
      "RequestUri": "https://seancanary.file.core.windows.net/test-share-7cf13136-07b0-3477-b31a-56474ae67efc/test-directory-25cb51a0-2d4b-45ee-5509-e9990c09021c/test-file-625742d6-981f-baef-6d03-d542a960b4b4",
      "RequestMethod": "HEAD",
      "RequestHeaders": {
        "Accept": "application/xml",
        "Authorization": "Sanitized",
        "traceparent": "00-5287f8e9c1ee62762ce57fd6314df997-6610adad1b0bf3e1-00",
        "User-Agent": "azsdk-net-Storage.Files.Shares/12.19.0-alpha.20240606.1 (.NET 7.0.20; Microsoft Windows 10.0.22631)",
        "x-ms-client-request-id": "Sanitized",
        "x-ms-date": "Thu, 06 Jun 2024 22:16:59 GMT",
        "x-ms-return-client-request-id": "true",
        "x-ms-version": "2024-08-04"
      },
      "RequestBody": null,
      "StatusCode": 200,
      "ResponseHeaders": {
        "Content-Length": "1048576",
        "Content-Type": "application/octet-stream",
        "Date": "Thu, 06 Jun 2024 22:16:59 GMT",
        "ETag": "\"0x8DC867663111CDA\"",
        "Last-Modified": "Thu, 06 Jun 2024 22:17:00 GMT",
        "Server": [
          "Windows-Azure-File/1.0",
          "Microsoft-HTTPAPI/2.0"
        ],
        "x-ms-client-request-id": "Sanitized",
        "x-ms-copy-completion-time": "Thu, 06 Jun 2024 22:17:00 GMT",
        "x-ms-copy-id": "61c744cb-e106-48d6-b197-0f8b53ec323f",
        "x-ms-copy-progress": "1048576/1048576",
        "x-ms-copy-source": "https://seancanary.file.core.windows.net/test-share-7cf13136-07b0-3477-b31a-56474ae67efc/test-directory-25cb51a0-2d4b-45ee-5509-e9990c09021c/test-file-625742d6-981f-baef-6d03-d542a960b4b4",
        "x-ms-copy-status": "success",
        "x-ms-file-attributes": "ReadOnly | Archive",
        "x-ms-file-change-time": "2024-06-06T22:17:00.6096602Z",
        "x-ms-file-creation-time": "2019-08-15T05:15:25.0600000Z",
        "x-ms-file-id": "11529285414812647424",
        "x-ms-file-last-write-time": "2019-08-26T05:15:25.0600000Z",
        "x-ms-file-parent-id": "13835128424026341376",
        "x-ms-file-permission-key": "11864766636389444947*5081612660206631398",
        "x-ms-lease-state": "available",
        "x-ms-lease-status": "unlocked",
        "x-ms-request-id": "da200186-c01a-0009-455f-b8b3f2000000",
        "x-ms-server-encrypted": "true",
        "x-ms-type": "File",
        "x-ms-version": "2024-08-04"
      },
      "ResponseBody": null
    },
    {
      "RequestUri": "https://seancanary.file.core.windows.net/test-share-d5ee8e21-748c-b4e3-f082-35dd77f91697?restype=share",
      "RequestMethod": "DELETE",
      "RequestHeaders": {
        "Accept": "application/xml",
        "Authorization": "Sanitized",
        "traceparent": "00-1a9d77cfa6efefd39012e4bd0d7eab35-bcb46ee6c1685307-00",
        "User-Agent": "azsdk-net-Storage.Files.Shares/12.19.0-alpha.20240606.1 (.NET 7.0.20; Microsoft Windows 10.0.22631)",
        "x-ms-client-request-id": "Sanitized",
        "x-ms-date": "Thu, 06 Jun 2024 22:16:59 GMT",
        "x-ms-delete-snapshots": "include",
        "x-ms-return-client-request-id": "true",
        "x-ms-version": "2024-08-04"
      },
      "RequestBody": null,
      "StatusCode": 202,
      "ResponseHeaders": {
        "Content-Length": "0",
        "Date": "Thu, 06 Jun 2024 22:17:00 GMT",
        "Server": [
          "Windows-Azure-File/1.0",
          "Microsoft-HTTPAPI/2.0"
        ],
        "x-ms-client-request-id": "Sanitized",
        "x-ms-request-id": "da200187-c01a-0009-465f-b8b3f2000000",
        "x-ms-version": "2024-08-04"
      },
      "ResponseBody": null
    },
    {
      "RequestUri": "https://seancanary.file.core.windows.net/test-share-7cf13136-07b0-3477-b31a-56474ae67efc?restype=share",
      "RequestMethod": "DELETE",
      "RequestHeaders": {
        "Accept": "application/xml",
        "Authorization": "Sanitized",
        "traceparent": "00-70f6a6200674dd018edfe6b2b355ae24-c80e15ecf4da89b0-00",
        "User-Agent": "azsdk-net-Storage.Files.Shares/12.19.0-alpha.20240606.1 (.NET 7.0.20; Microsoft Windows 10.0.22631)",
        "x-ms-client-request-id": "Sanitized",
        "x-ms-date": "Thu, 06 Jun 2024 22:16:59 GMT",
        "x-ms-delete-snapshots": "include",
        "x-ms-return-client-request-id": "true",
        "x-ms-version": "2024-08-04"
      },
      "RequestBody": null,
      "StatusCode": 202,
      "ResponseHeaders": {
        "Content-Length": "0",
        "Date": "Thu, 06 Jun 2024 22:17:00 GMT",
        "Server": [
          "Windows-Azure-File/1.0",
          "Microsoft-HTTPAPI/2.0"
        ],
        "x-ms-client-request-id": "Sanitized",
        "x-ms-request-id": "da200188-c01a-0009-475f-b8b3f2000000",
        "x-ms-version": "2024-08-04"
      },
      "ResponseBody": null
    }
  ],
  "Variables": {
    "RandomSeed": "1590038531",
    "Storage_TestConfigDefault": "ProductionTenant\nseancanary\nU2FuaXRpemVk\nhttps://seancanary.blob.core.windows.net\nhttps://seancanary.file.core.windows.net\nhttps://seancanary.queue.core.windows.net\nhttps://seancanary.table.core.windows.net\n\n\n\n\nhttps://seancanary-secondary.blob.core.windows.net\nhttps://seancanary-secondary.file.core.windows.net\nhttps://seancanary-secondary.queue.core.windows.net\nhttps://seancanary-secondary.table.core.windows.net\nCloud\nBlobEndpoint=https://seancanary.blob.core.windows.net/;QueueEndpoint=https://seancanary.queue.core.windows.net/;FileEndpoint=https://seancanary.file.core.windows.net/;BlobSecondaryEndpoint=https://seancanary-secondary.blob.core.windows.net/;QueueSecondaryEndpoint=https://seancanary-secondary.queue.core.windows.net/;FileSecondaryEndpoint=https://seancanary-secondary.file.core.windows.net/;AccountName=seancanary;AccountKey=Sanitized\nseanscope1\n\n"
  }
}
