{
  "Entries": [
    {
      "RequestUri": "https://Sanitized.table.core.windows.net/Tables",
      "RequestMethod": "POST",
      "RequestHeaders": {
        "Accept": "application/json;odata=minimalmetadata",
        "Accept-Encoding": "gzip",
        "Authorization": "Sanitized",
        "Content-Length": "33",
        "Content-Type": "application/json",
        "DataServiceVersion": "3.0",
        "User-Agent": "azsdk-go-aztables/v1.2.1 (go1.23.2; linux)",
        "x-ms-version": "2019-02-02"
      },
      "RequestBody": {
        "TableName": "tableName59966946"
      },
      "StatusCode": 201,
      "ResponseHeaders": {
        "Cache-Control": "no-cache",
        "Content-Type": "application/json; odata=minimalmetadata; streaming=true; charset=utf-8",
        "Date": "Wed, 16 Oct 2024 23:02:55 GMT",
        "Location": "https://example.com",
        "Server": [
          "Windows-Azure-Table/1.0",
          "Microsoft-HTTPAPI/2.0"
        ],
        "Transfer-Encoding": "chunked",
        "X-Content-Type-Options": "nosniff",
        "x-ms-request-id": "Sanitized",
        "x-ms-version": "2019-02-02"
      },
      "ResponseBody": {
        "odata.metadata": "https://Sanitized.table.core.windows.net/$metadata#Tables/@Element",
        "TableName": "tableName59966946"
      }
    },
    {
      "RequestUri": "https://Sanitized.table.core.windows.net/tableName59966946",
      "RequestMethod": "POST",
      "RequestHeaders": {
        "Accept": "application/json;odata=minimalmetadata",
        "Accept-Encoding": "gzip",
        "Authorization": "Sanitized",
        "Content-Length": "51",
        "Content-Type": "application/json",
        "DataServiceVersion": "3.0",
        "User-Agent": "azsdk-go-aztables/v1.2.1 (go1.23.2; linux)",
        "x-ms-version": "2019-02-02"
      },
      "RequestBody": {
        "PartitionKey": "contToken",
        "RowKey": "0",
        "Value": 1
      },
      "StatusCode": 201,
      "ResponseHeaders": {
        "Cache-Control": "no-cache",
        "Content-Type": "application/json; odata=minimalmetadata; streaming=true; charset=utf-8",
        "Date": "Wed, 16 Oct 2024 23:02:55 GMT",
        "ETag": "W/\"datetime'2024-10-16T23%3A02%3A56.3051238Z'\"",
        "Location": "https://example.com",
        "Server": [
          "Windows-Azure-Table/1.0",
          "Microsoft-HTTPAPI/2.0"
        ],
        "Transfer-Encoding": "chunked",
        "X-Content-Type-Options": "nosniff",
        "x-ms-request-id": "Sanitized",
        "x-ms-version": "2019-02-02"
      },
      "ResponseBody": {
        "odata.metadata": "https://Sanitized.table.core.windows.net/$metadata#tableName59966946/@Element",
        "odata.etag": "W/\"datetime'2024-10-16T23%3A02%3A56.3051238Z'\"",
        "PartitionKey": "contToken",
        "RowKey": "0",
        "Timestamp": "2024-10-16T23:02:56.3051238Z",
        "Value": 1
      }
    },
    {
      "RequestUri": "https://Sanitized.table.core.windows.net/tableName59966946",
      "RequestMethod": "POST",
      "RequestHeaders": {
        "Accept": "application/json;odata=minimalmetadata",
        "Accept-Encoding": "gzip",
        "Authorization": "Sanitized",
        "Content-Length": "51",
        "Content-Type": "application/json",
        "DataServiceVersion": "3.0",
        "User-Agent": "azsdk-go-aztables/v1.2.1 (go1.23.2; linux)",
        "x-ms-version": "2019-02-02"
      },
      "RequestBody": {
        "PartitionKey": "contToken",
        "RowKey": "1",
        "Value": 2
      },
      "StatusCode": 201,
      "ResponseHeaders": {
        "Cache-Control": "no-cache",
        "Content-Type": "application/json; odata=minimalmetadata; streaming=true; charset=utf-8",
        "Date": "Wed, 16 Oct 2024 23:02:55 GMT",
        "ETag": "W/\"datetime'2024-10-16T23%3A02%3A56.3489311Z'\"",
        "Location": "https://example.com",
        "Server": [
          "Windows-Azure-Table/1.0",
          "Microsoft-HTTPAPI/2.0"
        ],
        "Transfer-Encoding": "chunked",
        "X-Content-Type-Options": "nosniff",
        "x-ms-request-id": "Sanitized",
        "x-ms-version": "2019-02-02"
      },
      "ResponseBody": {
        "odata.metadata": "https://Sanitized.table.core.windows.net/$metadata#tableName59966946/@Element",
        "odata.etag": "W/\"datetime'2024-10-16T23%3A02%3A56.3489311Z'\"",
        "PartitionKey": "contToken",
        "RowKey": "1",
        "Timestamp": "2024-10-16T23:02:56.3489311Z",
        "Value": 2
      }
    },
    {
      "RequestUri": "https://Sanitized.table.core.windows.net/tableName59966946",
      "RequestMethod": "POST",
      "RequestHeaders": {
        "Accept": "application/json;odata=minimalmetadata",
        "Accept-Encoding": "gzip",
        "Authorization": "Sanitized",
        "Content-Length": "51",
        "Content-Type": "application/json",
        "DataServiceVersion": "3.0",
        "User-Agent": "azsdk-go-aztables/v1.2.1 (go1.23.2; linux)",
        "x-ms-version": "2019-02-02"
      },
      "RequestBody": {
        "PartitionKey": "contToken",
        "RowKey": "2",
        "Value": 3
      },
      "StatusCode": 201,
      "ResponseHeaders": {
        "Cache-Control": "no-cache",
        "Content-Type": "application/json; odata=minimalmetadata; streaming=true; charset=utf-8",
        "Date": "Wed, 16 Oct 2024 23:02:55 GMT",
        "ETag": "W/\"datetime'2024-10-16T23%3A02%3A56.4056808Z'\"",
        "Location": "https://example.com",
        "Server": [
          "Windows-Azure-Table/1.0",
          "Microsoft-HTTPAPI/2.0"
        ],
        "Transfer-Encoding": "chunked",
        "X-Content-Type-Options": "nosniff",
        "x-ms-request-id": "Sanitized",
        "x-ms-version": "2019-02-02"
      },
      "ResponseBody": {
        "odata.metadata": "https://Sanitized.table.core.windows.net/$metadata#tableName59966946/@Element",
        "odata.etag": "W/\"datetime'2024-10-16T23%3A02%3A56.4056808Z'\"",
        "PartitionKey": "contToken",
        "RowKey": "2",
        "Timestamp": "2024-10-16T23:02:56.4056808Z",
        "Value": 3
      }
    },
    {
      "RequestUri": "https://Sanitized.table.core.windows.net/tableName59966946",
      "RequestMethod": "POST",
      "RequestHeaders": {
        "Accept": "application/json;odata=minimalmetadata",
        "Accept-Encoding": "gzip",
        "Authorization": "Sanitized",
        "Content-Length": "51",
        "Content-Type": "application/json",
        "DataServiceVersion": "3.0",
        "User-Agent": "azsdk-go-aztables/v1.2.1 (go1.23.2; linux)",
        "x-ms-version": "2019-02-02"
      },
      "RequestBody": {
        "PartitionKey": "contToken",
        "RowKey": "3",
        "Value": 4
      },
      "StatusCode": 201,
      "ResponseHeaders": {
        "Cache-Control": "no-cache",
        "Content-Type": "application/json; odata=minimalmetadata; streaming=true; charset=utf-8",
        "Date": "Wed, 16 Oct 2024 23:02:56 GMT",
        "ETag": "W/\"datetime'2024-10-16T23%3A02%3A56.4554619Z'\"",
        "Location": "https://example.com",
        "Server": [
          "Windows-Azure-Table/1.0",
          "Microsoft-HTTPAPI/2.0"
        ],
        "Transfer-Encoding": "chunked",
        "X-Content-Type-Options": "nosniff",
        "x-ms-request-id": "Sanitized",
        "x-ms-version": "2019-02-02"
      },
      "ResponseBody": {
        "odata.metadata": "https://Sanitized.table.core.windows.net/$metadata#tableName59966946/@Element",
        "odata.etag": "W/\"datetime'2024-10-16T23%3A02%3A56.4554619Z'\"",
        "PartitionKey": "contToken",
        "RowKey": "3",
        "Timestamp": "2024-10-16T23:02:56.4554619Z",
        "Value": 4
      }
    },
    {
      "RequestUri": "https://Sanitized.table.core.windows.net/tableName59966946",
      "RequestMethod": "POST",
      "RequestHeaders": {
        "Accept": "application/json;odata=minimalmetadata",
        "Accept-Encoding": "gzip",
        "Authorization": "Sanitized",
        "Content-Length": "51",
        "Content-Type": "application/json",
        "DataServiceVersion": "3.0",
        "User-Agent": "azsdk-go-aztables/v1.2.1 (go1.23.2; linux)",
        "x-ms-version": "2019-02-02"
      },
      "RequestBody": {
        "PartitionKey": "contToken",
        "RowKey": "4",
        "Value": 5
      },
      "StatusCode": 201,
      "ResponseHeaders": {
        "Cache-Control": "no-cache",
        "Content-Type": "application/json; odata=minimalmetadata; streaming=true; charset=utf-8",
        "Date": "Wed, 16 Oct 2024 23:02:56 GMT",
        "ETag": "W/\"datetime'2024-10-16T23%3A02%3A56.504248Z'\"",
        "Location": "https://example.com",
        "Server": [
          "Windows-Azure-Table/1.0",
          "Microsoft-HTTPAPI/2.0"
        ],
        "Transfer-Encoding": "chunked",
        "X-Content-Type-Options": "nosniff",
        "x-ms-request-id": "Sanitized",
        "x-ms-version": "2019-02-02"
      },
      "ResponseBody": {
        "odata.metadata": "https://Sanitized.table.core.windows.net/$metadata#tableName59966946/@Element",
        "odata.etag": "W/\"datetime'2024-10-16T23%3A02%3A56.504248Z'\"",
        "PartitionKey": "contToken",
        "RowKey": "4",
        "Timestamp": "2024-10-16T23:02:56.504248Z",
        "Value": 5
      }
    },
    {
      "RequestUri": "https://Sanitized.table.core.windows.net/tableName59966946",
      "RequestMethod": "POST",
      "RequestHeaders": {
        "Accept": "application/json;odata=minimalmetadata",
        "Accept-Encoding": "gzip",
        "Authorization": "Sanitized",
        "Content-Length": "51",
        "Content-Type": "application/json",
        "DataServiceVersion": "3.0",
        "User-Agent": "azsdk-go-aztables/v1.2.1 (go1.23.2; linux)",
        "x-ms-version": "2019-02-02"
      },
      "RequestBody": {
        "PartitionKey": "contToken",
        "RowKey": "5",
        "Value": 6
      },
      "StatusCode": 201,
      "ResponseHeaders": {
        "Cache-Control": "no-cache",
        "Content-Type": "application/json; odata=minimalmetadata; streaming=true; charset=utf-8",
        "Date": "Wed, 16 Oct 2024 23:02:56 GMT",
        "ETag": "W/\"datetime'2024-10-16T23%3A02%3A56.5480558Z'\"",
        "Location": "https://example.com",
        "Server": [
          "Windows-Azure-Table/1.0",
          "Microsoft-HTTPAPI/2.0"
        ],
        "Transfer-Encoding": "chunked",
        "X-Content-Type-Options": "nosniff",
        "x-ms-request-id": "Sanitized",
        "x-ms-version": "2019-02-02"
      },
      "ResponseBody": {
        "odata.metadata": "https://Sanitized.table.core.windows.net/$metadata#tableName59966946/@Element",
        "odata.etag": "W/\"datetime'2024-10-16T23%3A02%3A56.5480558Z'\"",
        "PartitionKey": "contToken",
        "RowKey": "5",
        "Timestamp": "2024-10-16T23:02:56.5480558Z",
        "Value": 6
      }
    },
    {
      "RequestUri": "https://Sanitized.table.core.windows.net/tableName59966946",
      "RequestMethod": "POST",
      "RequestHeaders": {
        "Accept": "application/json;odata=minimalmetadata",
        "Accept-Encoding": "gzip",
        "Authorization": "Sanitized",
        "Content-Length": "51",
        "Content-Type": "application/json",
        "DataServiceVersion": "3.0",
        "User-Agent": "azsdk-go-aztables/v1.2.1 (go1.23.2; linux)",
        "x-ms-version": "2019-02-02"
      },
      "RequestBody": {
        "PartitionKey": "contToken",
        "RowKey": "6",
        "Value": 7
      },
      "StatusCode": 201,
      "ResponseHeaders": {
        "Cache-Control": "no-cache",
        "Content-Type": "application/json; odata=minimalmetadata; streaming=true; charset=utf-8",
        "Date": "Wed, 16 Oct 2024 23:02:56 GMT",
        "ETag": "W/\"datetime'2024-10-16T23%3A02%3A56.5908676Z'\"",
        "Location": "https://example.com",
        "Server": [
          "Windows-Azure-Table/1.0",
          "Microsoft-HTTPAPI/2.0"
        ],
        "Transfer-Encoding": "chunked",
        "X-Content-Type-Options": "nosniff",
        "x-ms-request-id": "Sanitized",
        "x-ms-version": "2019-02-02"
      },
      "ResponseBody": {
        "odata.metadata": "https://Sanitized.table.core.windows.net/$metadata#tableName59966946/@Element",
        "odata.etag": "W/\"datetime'2024-10-16T23%3A02%3A56.5908676Z'\"",
        "PartitionKey": "contToken",
        "RowKey": "6",
        "Timestamp": "2024-10-16T23:02:56.5908676Z",
        "Value": 7
      }
    },
    {
      "RequestUri": "https://Sanitized.table.core.windows.net/tableName59966946",
      "RequestMethod": "POST",
      "RequestHeaders": {
        "Accept": "application/json;odata=minimalmetadata",
        "Accept-Encoding": "gzip",
        "Authorization": "Sanitized",
        "Content-Length": "51",
        "Content-Type": "application/json",
        "DataServiceVersion": "3.0",
        "User-Agent": "azsdk-go-aztables/v1.2.1 (go1.23.2; linux)",
        "x-ms-version": "2019-02-02"
      },
      "RequestBody": {
        "PartitionKey": "contToken",
        "RowKey": "7",
        "Value": 8
      },
      "StatusCode": 201,
      "ResponseHeaders": {
        "Cache-Control": "no-cache",
        "Content-Type": "application/json; odata=minimalmetadata; streaming=true; charset=utf-8",
        "Date": "Wed, 16 Oct 2024 23:02:56 GMT",
        "ETag": "W/\"datetime'2024-10-16T23%3A02%3A56.6356709Z'\"",
        "Location": "https://example.com",
        "Server": [
          "Windows-Azure-Table/1.0",
          "Microsoft-HTTPAPI/2.0"
        ],
        "Transfer-Encoding": "chunked",
        "X-Content-Type-Options": "nosniff",
        "x-ms-request-id": "Sanitized",
        "x-ms-version": "2019-02-02"
      },
      "ResponseBody": {
        "odata.metadata": "https://Sanitized.table.core.windows.net/$metadata#tableName59966946/@Element",
        "odata.etag": "W/\"datetime'2024-10-16T23%3A02%3A56.6356709Z'\"",
        "PartitionKey": "contToken",
        "RowKey": "7",
        "Timestamp": "2024-10-16T23:02:56.6356709Z",
        "Value": 8
      }
    },
    {
      "RequestUri": "https://Sanitized.table.core.windows.net/tableName59966946",
      "RequestMethod": "POST",
      "RequestHeaders": {
        "Accept": "application/json;odata=minimalmetadata",
        "Accept-Encoding": "gzip",
        "Authorization": "Sanitized",
        "Content-Length": "51",
        "Content-Type": "application/json",
        "DataServiceVersion": "3.0",
        "User-Agent": "azsdk-go-aztables/v1.2.1 (go1.23.2; linux)",
        "x-ms-version": "2019-02-02"
      },
      "RequestBody": {
        "PartitionKey": "contToken",
        "RowKey": "8",
        "Value": 9
      },
      "StatusCode": 201,
      "ResponseHeaders": {
        "Cache-Control": "no-cache",
        "Content-Type": "application/json; odata=minimalmetadata; streaming=true; charset=utf-8",
        "Date": "Wed, 16 Oct 2024 23:02:56 GMT",
        "ETag": "W/\"datetime'2024-10-16T23%3A02%3A56.6914261Z'\"",
        "Location": "https://example.com",
        "Server": [
          "Windows-Azure-Table/1.0",
          "Microsoft-HTTPAPI/2.0"
        ],
        "Transfer-Encoding": "chunked",
        "X-Content-Type-Options": "nosniff",
        "x-ms-request-id": "Sanitized",
        "x-ms-version": "2019-02-02"
      },
      "ResponseBody": {
        "odata.metadata": "https://Sanitized.table.core.windows.net/$metadata#tableName59966946/@Element",
        "odata.etag": "W/\"datetime'2024-10-16T23%3A02%3A56.6914261Z'\"",
        "PartitionKey": "contToken",
        "RowKey": "8",
        "Timestamp": "2024-10-16T23:02:56.6914261Z",
        "Value": 9
      }
    },
    {
      "RequestUri": "https://Sanitized.table.core.windows.net/tableName59966946",
      "RequestMethod": "POST",
      "RequestHeaders": {
        "Accept": "application/json;odata=minimalmetadata",
        "Accept-Encoding": "gzip",
        "Authorization": "Sanitized",
        "Content-Length": "52",
        "Content-Type": "application/json",
        "DataServiceVersion": "3.0",
        "User-Agent": "azsdk-go-aztables/v1.2.1 (go1.23.2; linux)",
        "x-ms-version": "2019-02-02"
      },
      "RequestBody": {
        "PartitionKey": "contToken",
        "RowKey": "9",
        "Value": 10
      },
      "StatusCode": 201,
      "ResponseHeaders": {
        "Cache-Control": "no-cache",
        "Content-Type": "application/json; odata=minimalmetadata; streaming=true; charset=utf-8",
        "Date": "Wed, 16 Oct 2024 23:02:56 GMT",
        "ETag": "W/\"datetime'2024-10-16T23%3A02%3A56.7362287Z'\"",
        "Location": "https://example.com",
        "Server": [
          "Windows-Azure-Table/1.0",
          "Microsoft-HTTPAPI/2.0"
        ],
        "Transfer-Encoding": "chunked",
        "X-Content-Type-Options": "nosniff",
        "x-ms-request-id": "Sanitized",
        "x-ms-version": "2019-02-02"
      },
      "ResponseBody": {
        "odata.metadata": "https://Sanitized.table.core.windows.net/$metadata#tableName59966946/@Element",
        "odata.etag": "W/\"datetime'2024-10-16T23%3A02%3A56.7362287Z'\"",
        "PartitionKey": "contToken",
        "RowKey": "9",
        "Timestamp": "2024-10-16T23:02:56.7362287Z",
        "Value": 10
      }
    },
    {
      "RequestUri": "https://Sanitized.table.core.windows.net/tableName59966946()?%24filter=Value+le+5&%24top=1",
      "RequestMethod": "GET",
      "RequestHeaders": {
        "Accept": "application/json;odata=minimalmetadata",
        "Accept-Encoding": "gzip",
        "Authorization": "Sanitized",
        "DataServiceVersion": "3.0",
        "User-Agent": "azsdk-go-aztables/v1.2.1 (go1.23.2; linux)",
        "x-ms-version": "2019-02-02"
      },
      "RequestBody": null,
      "StatusCode": 200,
      "ResponseHeaders": {
        "Cache-Control": "no-cache",
        "Content-Type": "application/json; odata=minimalmetadata; streaming=true; charset=utf-8",
        "Date": "Wed, 16 Oct 2024 23:02:56 GMT",
        "Server": [
          "Windows-Azure-Table/1.0",
          "Microsoft-HTTPAPI/2.0"
        ],
        "Transfer-Encoding": "chunked",
        "Vary": "Origin",
        "X-Content-Type-Options": "nosniff",
        "x-ms-continuation-NextPartitionKey": "1!12!Y29udFRva2Vu",
        "x-ms-continuation-NextRowKey": "1!4!MQ--",
        "x-ms-request-id": "Sanitized",
        "x-ms-version": "2019-02-02"
      },
      "ResponseBody": {
        "odata.metadata": "https://Sanitized.table.core.windows.net/$metadata#tableName59966946",
        "value": [
          {
            "odata.etag": "W/\"datetime'2024-10-16T23%3A02%3A56.3051238Z'\"",
            "PartitionKey": "contToken",
            "RowKey": "0",
            "Timestamp": "2024-10-16T23:02:56.3051238Z",
            "Value": 1
          }
        ]
      }
    },
    {
      "RequestUri": "https://Sanitized.table.core.windows.net/tableName59966946()?%24filter=Value+le+5&NextPartitionKey=1%2112%21Y29udFRva2Vu&NextRowKey=1%214%21MQ--",
      "RequestMethod": "GET",
      "RequestHeaders": {
        "Accept": "application/json;odata=minimalmetadata",
        "Accept-Encoding": "gzip",
        "Authorization": "Sanitized",
        "DataServiceVersion": "3.0",
        "User-Agent": "azsdk-go-aztables/v1.2.1 (go1.23.2; linux)",
        "x-ms-version": "2019-02-02"
      },
      "RequestBody": null,
      "StatusCode": 200,
      "ResponseHeaders": {
        "Cache-Control": "no-cache",
        "Content-Type": "application/json; odata=minimalmetadata; streaming=true; charset=utf-8",
        "Date": "Wed, 16 Oct 2024 23:02:56 GMT",
        "Server": [
          "Windows-Azure-Table/1.0",
          "Microsoft-HTTPAPI/2.0"
        ],
        "Transfer-Encoding": "chunked",
        "Vary": "Origin",
        "X-Content-Type-Options": "nosniff",
        "x-ms-request-id": "Sanitized",
        "x-ms-version": "2019-02-02"
      },
      "ResponseBody": {
        "odata.metadata": "https://Sanitized.table.core.windows.net/$metadata#tableName59966946",
        "value": [
          {
            "odata.etag": "W/\"datetime'2024-10-16T23%3A02%3A56.3489311Z'\"",
            "PartitionKey": "contToken",
            "RowKey": "1",
            "Timestamp": "2024-10-16T23:02:56.3489311Z",
            "Value": 2
          },
          {
            "odata.etag": "W/\"datetime'2024-10-16T23%3A02%3A56.4056808Z'\"",
            "PartitionKey": "contToken",
            "RowKey": "2",
            "Timestamp": "2024-10-16T23:02:56.4056808Z",
            "Value": 3
          },
          {
            "odata.etag": "W/\"datetime'2024-10-16T23%3A02%3A56.4554619Z'\"",
            "PartitionKey": "contToken",
            "RowKey": "3",
            "Timestamp": "2024-10-16T23:02:56.4554619Z",
            "Value": 4
          },
          {
            "odata.etag": "W/\"datetime'2024-10-16T23%3A02%3A56.504248Z'\"",
            "PartitionKey": "contToken",
            "RowKey": "4",
            "Timestamp": "2024-10-16T23:02:56.504248Z",
            "Value": 5
          }
        ]
      }
    },
    {
      "RequestUri": "https://Sanitized.table.core.windows.net/Tables('tableName59966946')",
      "RequestMethod": "DELETE",
      "RequestHeaders": {
        "Accept": "application/json",
        "Accept-Encoding": "gzip",
        "Authorization": "Sanitized",
        "User-Agent": "azsdk-go-aztables/v1.2.1 (go1.23.2; linux)",
        "x-ms-version": "2019-02-02"
      },
      "RequestBody": null,
      "StatusCode": 204,
      "ResponseHeaders": {
        "Cache-Control": "no-cache",
        "Content-Length": "0",
        "Date": "Wed, 16 Oct 2024 23:02:56 GMT",
        "Server": [
          "Windows-Azure-Table/1.0",
          "Microsoft-HTTPAPI/2.0"
        ],
        "X-Content-Type-Options": "nosniff",
        "x-ms-request-id": "Sanitized",
        "x-ms-version": "2019-02-02"
      },
      "ResponseBody": null
    }
  ],
  "Variables": {}
}
