{
  "Entries": [
    {
      "RequestUri": "https://Sanitized.azure.com/api/projects/project/vector_stores?api-version=2025-05-15-preview",
      "RequestMethod": "POST",
      "RequestHeaders": {
        "Accept": "application/json",
        "Accept-Encoding": "gzip,deflate",
        "Authorization": "Sanitized",
        "Connection": "keep-alive",
        "Content-Length": "2",
        "Content-Type": "application/json",
        "User-Agent": "azsdk-js-client azsdk-js-api azsdk-js-ai-agents/1.0.0-beta.1 core-rest-pipeline/1.20.1 Node/22.10.0 OS/(x64-Windows_NT-10.0.22631)",
        "x-ms-client-request-id": "Sanitized"
      },
      "RequestBody": {},
      "StatusCode": 200,
      "ResponseHeaders": {
        "apim-request-id": "8df2f71e-6583-48fc-98ec-1c762b86f50c",
        "azureml-served-by-cluster": "vienna-eastus-01",
        "Content-Encoding": "gzip",
        "Content-Type": "application/json",
        "Date": "Thu, 08 May 2025 00:18:09 GMT",
        "openai-organization": "1fa34553a93e4e53b531c64321ca4ae2",
        "openai-processing-ms": "40",
        "openai-version": "2020-10-01",
        "Request-Context": "appId=cid-v1:2d2e8e63-272e-4b3c-8598-4ee570a0e70d",
        "Strict-Transport-Security": "max-age=31536000; includeSubDomains; preload",
        "Transfer-Encoding": "chunked",
        "Vary": "Accept-Encoding",
        "X-Content-Type-Options": "nosniff",
        "x-ms-middleware-request-id": "4879cce5-7d50-4486-aff2-e0dcf0454988",
        "x-ms-region": "East US",
        "x-ms-response-type": "standard",
        "X-Request-ID": "d33bd735612e320a46b07e093b29914d",
        "x-request-time": "0.182"
      },
      "ResponseBody": {
        "id": "vs_mxukG9H32g5rKrAgxuX15rqu",
        "object": "vector_store",
        "name": null,
        "status": "completed",
        "usage_bytes": 0,
        "created_at": 1746663490,
        "file_counts": {
          "in_progress": 0,
          "completed": 0,
          "failed": 0,
          "cancelled": 0,
          "total": 0
        },
        "metadata": {},
        "expires_after": null,
        "expires_at": null,
        "last_active_at": 1746663490
      }
    },
    {
      "RequestUri": "https://Sanitized.azure.com/api/projects/project/vector_stores/vs_mxukG9H32g5rKrAgxuX15rqu?api-version=2025-05-15-preview",
      "RequestMethod": "GET",
      "RequestHeaders": {
        "Accept": "application/json",
        "Accept-Encoding": "gzip,deflate",
        "Authorization": "Sanitized",
        "Connection": "keep-alive",
        "User-Agent": "azsdk-js-client azsdk-js-api azsdk-js-ai-agents/1.0.0-beta.1 core-rest-pipeline/1.20.1 Node/22.10.0 OS/(x64-Windows_NT-10.0.22631)",
        "x-ms-client-request-id": "Sanitized"
      },
      "RequestBody": null,
      "StatusCode": 200,
      "ResponseHeaders": {
        "apim-request-id": "a78af37a-99cc-43ab-bbb7-5b40cfcd11d3",
        "azureml-served-by-cluster": "vienna-eastus-01",
        "Content-Encoding": "gzip",
        "Content-Type": "application/json",
        "Date": "Thu, 08 May 2025 00:18:10 GMT",
        "openai-organization": "1fa34553a93e4e53b531c64321ca4ae2",
        "openai-processing-ms": "78",
        "openai-version": "2020-10-01",
        "Request-Context": "appId=cid-v1:2d2e8e63-272e-4b3c-8598-4ee570a0e70d",
        "Strict-Transport-Security": "max-age=31536000; includeSubDomains; preload",
        "Transfer-Encoding": "chunked",
        "Vary": "Accept-Encoding",
        "X-Content-Type-Options": "nosniff",
        "x-ms-middleware-request-id": "955a20bd-6a78-4275-a125-acec547cf87d",
        "x-ms-region": "East US",
        "x-ms-response-type": "standard",
        "X-Request-ID": "cda5dbdfc9bd674ec0ec0a1dc81043c7",
        "x-request-time": "0.211"
      },
      "ResponseBody": {
        "id": "vs_mxukG9H32g5rKrAgxuX15rqu",
        "object": "vector_store",
        "name": null,
        "status": "completed",
        "usage_bytes": 0,
        "created_at": 1746663490,
        "file_counts": {
          "in_progress": 0,
          "completed": 0,
          "failed": 0,
          "cancelled": 0,
          "total": 0
        },
        "metadata": {},
        "expires_after": null,
        "expires_at": null,
        "last_active_at": 1746663490
      }
    },
    {
      "RequestUri": "https://Sanitized.azure.com/api/projects/project/vector_stores/vs_mxukG9H32g5rKrAgxuX15rqu?api-version=2025-05-15-preview",
      "RequestMethod": "DELETE",
      "RequestHeaders": {
        "Accept": "application/json",
        "Accept-Encoding": "gzip,deflate",
        "Authorization": "Sanitized",
        "Connection": "keep-alive",
        "User-Agent": "azsdk-js-client azsdk-js-api azsdk-js-ai-agents/1.0.0-beta.1 core-rest-pipeline/1.20.1 Node/22.10.0 OS/(x64-Windows_NT-10.0.22631)",
        "x-ms-client-request-id": "Sanitized"
      },
      "RequestBody": null,
      "StatusCode": 200,
      "ResponseHeaders": {
        "apim-request-id": "edd9c63c-3e0d-414f-b31d-b1dd69a0cda6",
        "azureml-served-by-cluster": "vienna-eastus-01",
        "Content-Length": "96",
        "Content-Type": "application/json",
        "Date": "Thu, 08 May 2025 00:18:10 GMT",
        "openai-organization": "1fa34553a93e4e53b531c64321ca4ae2",
        "openai-processing-ms": "626",
        "openai-version": "2020-10-01",
        "Request-Context": "appId=cid-v1:2d2e8e63-272e-4b3c-8598-4ee570a0e70d",
        "Strict-Transport-Security": "max-age=31536000; includeSubDomains; preload",
        "X-Content-Type-Options": "nosniff",
        "x-ms-middleware-request-id": "dc4dc728-2b14-4ddc-a906-a7f18b8d9877",
        "x-ms-region": "East US",
        "x-ms-response-type": "standard",
        "X-Request-ID": "a521781d4a72e74728cf67d0bcf66f5c",
        "x-request-time": "0.722"
      },
      "ResponseBody": {
        "id": "vs_mxukG9H32g5rKrAgxuX15rqu",
        "object": "vector_store.deleted",
        "deleted": true
      }
    }
  ],
  "Variables": {}
}
