{
  "Entries": [
    {
      "RequestUri": "https://Sanitized.azure.com/api/projects/project/vector_stores?api-version=2025-05-15-preview",
      "RequestMethod": "POST",
      "RequestHeaders": {
        "Accept": "application/json",
        "Accept-Encoding": "gzip,deflate",
        "Authorization": "Sanitized",
        "Connection": "keep-alive",
        "Content-Length": "2",
        "Content-Type": "application/json",
        "User-Agent": "azsdk-js-client azsdk-js-api azsdk-js-ai-agents/1.0.0-beta.1 core-rest-pipeline/1.20.0 Node/22.10.0 OS/(x64-Windows_NT-10.0.22631)",
        "x-ms-client-request-id": "Sanitized"
      },
      "RequestBody": {},
      "StatusCode": 200,
      "ResponseHeaders": {
        "apim-request-id": "e3750636-82ef-45f3-aa22-462c1ac5b598",
        "azureml-served-by-cluster": "vienna-eastus-01",
        "Content-Encoding": "gzip",
        "Content-Type": "application/json",
        "Date": "Wed, 07 May 2025 05:31:37 GMT",
        "openai-organization": "1fa34553a93e4e53b531c64321ca4ae2",
        "openai-processing-ms": "107",
        "openai-version": "2020-10-01",
        "Request-Context": "appId=cid-v1:2d2e8e63-272e-4b3c-8598-4ee570a0e70d",
        "Strict-Transport-Security": "max-age=31536000; includeSubDomains; preload",
        "Transfer-Encoding": "chunked",
        "Vary": "Accept-Encoding",
        "X-Content-Type-Options": "nosniff",
        "x-ms-middleware-request-id": "6be8d1ea-cfa3-4823-8a0a-a78d6059fe8b",
        "x-ms-region": "East US",
        "x-ms-response-type": "standard",
        "X-Request-ID": "e967e7dcaf95c5a2bb9bffef05eedb40",
        "x-request-time": "0.243"
      },
      "ResponseBody": {
        "id": "vs_wbf7T3SooEVTgZDZvhXoUgjQ",
        "object": "vector_store",
        "name": null,
        "status": "completed",
        "usage_bytes": 0,
        "created_at": 1746595897,
        "file_counts": {
          "in_progress": 0,
          "completed": 0,
          "failed": 0,
          "cancelled": 0,
          "total": 0
        },
        "metadata": {},
        "expires_after": null,
        "expires_at": null,
        "last_active_at": 1746595897
      }
    },
    {
      "RequestUri": "https://Sanitized.azure.com/api/projects/project/vector_stores/vs_wbf7T3SooEVTgZDZvhXoUgjQ?api-version=2025-05-15-preview",
      "RequestMethod": "POST",
      "RequestHeaders": {
        "Accept": "application/json",
        "Accept-Encoding": "gzip,deflate",
        "Authorization": "Sanitized",
        "Connection": "keep-alive",
        "Content-Length": "18",
        "Content-Type": "application/json",
        "User-Agent": "azsdk-js-client azsdk-js-api azsdk-js-ai-agents/1.0.0-beta.1 core-rest-pipeline/1.20.0 Node/22.10.0 OS/(x64-Windows_NT-10.0.22631)",
        "x-ms-client-request-id": "Sanitized"
      },
      "RequestBody": {
        "name": "updated"
      },
      "StatusCode": 200,
      "ResponseHeaders": {
        "apim-request-id": "1a4273fe-e515-40e1-8e78-7cf7886de335",
        "azureml-served-by-cluster": "vienna-eastus-01",
        "Content-Encoding": "gzip",
        "Content-Type": "application/json",
        "Date": "Wed, 07 May 2025 05:31:37 GMT",
        "openai-organization": "1fa34553a93e4e53b531c64321ca4ae2",
        "openai-processing-ms": "119",
        "openai-version": "2020-10-01",
        "Request-Context": "appId=cid-v1:2d2e8e63-272e-4b3c-8598-4ee570a0e70d",
        "Strict-Transport-Security": "max-age=31536000; includeSubDomains; preload",
        "Transfer-Encoding": "chunked",
        "Vary": "Accept-Encoding",
        "X-Content-Type-Options": "nosniff",
        "x-ms-middleware-request-id": "5fb21a34-f872-4e4a-9f82-4636bc57383b",
        "x-ms-region": "East US",
        "x-ms-response-type": "standard",
        "X-Request-ID": "d1d62dbb1bf1b62e72e9e56b2c2536be",
        "x-request-time": "0.285"
      },
      "ResponseBody": {
        "id": "vs_wbf7T3SooEVTgZDZvhXoUgjQ",
        "object": "vector_store",
        "name": "updated",
        "status": "completed",
        "usage_bytes": 0,
        "created_at": 1746595897,
        "file_counts": {
          "in_progress": 0,
          "completed": 0,
          "failed": 0,
          "cancelled": 0,
          "total": 0
        },
        "metadata": {},
        "expires_after": null,
        "expires_at": null,
        "last_active_at": 1746595897
      }
    },
    {
      "RequestUri": "https://Sanitized.azure.com/api/projects/project/vector_stores/vs_wbf7T3SooEVTgZDZvhXoUgjQ?api-version=2025-05-15-preview",
      "RequestMethod": "DELETE",
      "RequestHeaders": {
        "Accept": "application/json",
        "Accept-Encoding": "gzip,deflate",
        "Authorization": "Sanitized",
        "Connection": "keep-alive",
        "User-Agent": "azsdk-js-client azsdk-js-api azsdk-js-ai-agents/1.0.0-beta.1 core-rest-pipeline/1.20.0 Node/22.10.0 OS/(x64-Windows_NT-10.0.22631)",
        "x-ms-client-request-id": "Sanitized"
      },
      "RequestBody": null,
      "StatusCode": 200,
      "ResponseHeaders": {
        "apim-request-id": "ff41de90-a6ee-4f7b-aa54-f73bdf595c9a",
        "azureml-served-by-cluster": "vienna-eastus-01",
        "Content-Length": "96",
        "Content-Type": "application/json",
        "Date": "Wed, 07 May 2025 05:31:38 GMT",
        "openai-organization": "1fa34553a93e4e53b531c64321ca4ae2",
        "openai-processing-ms": "579",
        "openai-version": "2020-10-01",
        "Request-Context": "appId=cid-v1:2d2e8e63-272e-4b3c-8598-4ee570a0e70d",
        "Strict-Transport-Security": "max-age=31536000; includeSubDomains; preload",
        "X-Content-Type-Options": "nosniff",
        "x-ms-middleware-request-id": "8045864a-c3db-4290-819b-3c1586d9ea70",
        "x-ms-region": "East US",
        "x-ms-response-type": "standard",
        "X-Request-ID": "b53c920510132c450c7185c2962d8c45",
        "x-request-time": "0.709"
      },
      "ResponseBody": {
        "id": "vs_wbf7T3SooEVTgZDZvhXoUgjQ",
        "object": "vector_store.deleted",
        "deleted": true
      }
    }
  ],
  "Variables": {}
}
