{
  "Entries": [
    {
      "RequestUri": "https://fakestorageaccount.blob.core.windows.net/container169744640372800284?restype=container",
      "RequestMethod": "PUT",
      "RequestHeaders": {
        "Accept": "application/xml",
        "Authorization": "Sanitized",
        "Connection": "keep-alive",
        "Content-Length": "0",
        "User-Agent": "azsdk-js-azure-storage-blob/12.20.0 core-rest-pipeline/1.12.2 Node/v18.16.0 OS/(x64-Windows_NT-10.0.22621)",
        "x-ms-client-request-id": "4130dbc4-e3a1-4f0b-84fb-fbdcb2234ec5",
        "x-ms-date": "Mon, 16 Oct 2023 08:53:23 GMT",
        "x-ms-version": "2023-08-03"
      },
      "RequestBody": null,
      "StatusCode": 201,
      "ResponseHeaders": {
        "Content-Length": "0",
        "Date": "Mon, 16 Oct 2023 08:53:23 GMT",
        "ETag": "\u00220x8DBCE255B504876\u0022",
        "Last-Modified": "Mon, 16 Oct 2023 08:53:24 GMT",
        "Server": [
          "Windows-Azure-Blob/1.0",
          "Microsoft-HTTPAPI/2.0"
        ],
        "x-ms-client-request-id": "4130dbc4-e3a1-4f0b-84fb-fbdcb2234ec5",
        "x-ms-request-id": "a35a7b97-401e-006e-5f0e-00c60e000000",
        "x-ms-version": "2023-08-03"
      },
      "ResponseBody": null
    },
    {
      "RequestUri": "https://fakestorageaccount.blob.core.windows.net/container169744640372800284/srcblob/%252%2B%252F169744640388002641",
      "RequestMethod": "PUT",
      "RequestHeaders": {
        "Accept": "application/xml",
        "Authorization": "Sanitized",
        "Connection": "keep-alive",
        "Content-Length": "11",
        "Content-Type": "application/octet-stream",
        "User-Agent": "azsdk-js-azure-storage-blob/12.20.0 core-rest-pipeline/1.12.2 Node/v18.16.0 OS/(x64-Windows_NT-10.0.22621)",
        "x-ms-blob-cache-control": "blobCacheControl",
        "x-ms-blob-content-disposition": "blobContentDisposition",
        "x-ms-blob-content-encoding": "blobContentEncoding",
        "x-ms-blob-content-language": "blobContentLanguage",
        "x-ms-blob-content-type": "blobContentType",
        "x-ms-blob-type": "BlockBlob",
        "x-ms-client-request-id": "8996d755-6807-4019-88e4-411d2c88edd2",
        "x-ms-date": "Mon, 16 Oct 2023 08:53:23 GMT",
        "x-ms-version": "2023-08-03"
      },
      "RequestBody": "SGVsbG8gV29ybGQ=",
      "StatusCode": 201,
      "ResponseHeaders": {
        "Content-Length": "0",
        "Content-MD5": "sQqNsWTgdUEFt6mb5y4/5Q==",
        "Date": "Mon, 16 Oct 2023 08:53:23 GMT",
        "ETag": "\u00220x8DBCE255B6339D4\u0022",
        "Last-Modified": "Mon, 16 Oct 2023 08:53:24 GMT",
        "Server": [
          "Windows-Azure-Blob/1.0",
          "Microsoft-HTTPAPI/2.0"
        ],
        "x-ms-client-request-id": "8996d755-6807-4019-88e4-411d2c88edd2",
        "x-ms-content-crc64": "YeJLfssylmU=",
        "x-ms-request-id": "a35a7c30-401e-006e-690e-00c60e000000",
        "x-ms-request-server-encrypted": "true",
        "x-ms-version": "2023-08-03",
        "x-ms-version-id": "2023-10-16T08:53:24.5398484Z"
      },
      "ResponseBody": null
    },
    {
      "RequestUri": "https://fakestorageaccount.blob.core.windows.net/container169744640372800284/blockblob169744640387906566",
      "RequestMethod": "PUT",
      "RequestHeaders": {
        "Accept": "application/xml",
        "Authorization": "Sanitized",
        "Connection": "keep-alive",
        "Content-Length": "0",
        "User-Agent": "azsdk-js-azure-storage-blob/12.20.0 core-rest-pipeline/1.12.2 Node/v18.16.0 OS/(x64-Windows_NT-10.0.22621)",
        "x-ms-blob-type": "BlockBlob",
        "x-ms-client-request-id": "336844a3-084c-4f15-9656-5fb4c55fcf4c",
        "x-ms-version": "2023-08-03"
      },
      "RequestBody": null,
      "StatusCode": 201,
      "ResponseHeaders": {
        "Content-Length": "0",
        "Date": "Mon, 16 Oct 2023 08:53:24 GMT",
        "ETag": "\u00220x8DBCE255BC289E1\u0022",
        "Last-Modified": "Mon, 16 Oct 2023 08:53:25 GMT",
        "Server": [
          "Windows-Azure-Blob/1.0",
          "Microsoft-HTTPAPI/2.0"
        ],
        "x-ms-client-request-id": "336844a3-084c-4f15-9656-5fb4c55fcf4c",
        "x-ms-content-crc64": "YeJLfssylmU=",
        "x-ms-request-id": "a35a7e0d-401e-006e-280e-00c60e000000",
        "x-ms-request-server-encrypted": "true",
        "x-ms-version": "2023-08-03",
        "x-ms-version-id": "2023-10-16T08:53:25.1644897Z"
      },
      "ResponseBody": null
    },
    {
      "RequestUri": "https://fakestorageaccount.blob.core.windows.net/container169744640372800284/blockblob169744640387906566",
      "RequestMethod": "GET",
      "RequestHeaders": {
        "Accept": "application/xml",
        "Authorization": "Sanitized",
        "Connection": "keep-alive",
        "User-Agent": "azsdk-js-azure-storage-blob/12.20.0 core-rest-pipeline/1.12.2 Node/v18.16.0 OS/(x64-Windows_NT-10.0.22621)",
        "x-ms-client-request-id": "526ee2fb-dde7-4be0-be9b-639c9a3b832e",
        "x-ms-date": "Mon, 16 Oct 2023 08:53:24 GMT",
        "x-ms-version": "2023-08-03"
      },
      "RequestBody": null,
      "StatusCode": 200,
      "ResponseHeaders": {
        "Accept-Ranges": "bytes",
        "Access-Control-Allow-Origin": "*",
        "Access-Control-Expose-Headers": "x-ms-request-id,x-ms-client-request-id,Server,x-ms-version,x-ms-version-id,x-ms-is-current-version,Content-Type,Content-Encoding,Content-Language,Cache-Control,Last-Modified,ETag,x-ms-creation-time,Content-MD5,x-ms-lease-status,x-ms-lease-state,x-ms-blob-type,Content-Disposition,x-ms-server-encrypted,Accept-Ranges,Content-Length,Date,Transfer-Encoding",
        "Cache-Control": "blobCacheControl",
        "Content-Disposition": "blobContentDisposition",
        "Content-Encoding": "blobContentEncoding",
        "Content-Language": "blobContentLanguage",
        "Content-Length": "11",
        "Content-MD5": "sQqNsWTgdUEFt6mb5y4/5Q==",
        "Content-Type": "blobContentType",
        "Date": "Mon, 16 Oct 2023 08:53:24 GMT",
        "ETag": "\u00220x8DBCE255BC289E1\u0022",
        "Last-Modified": "Mon, 16 Oct 2023 08:53:25 GMT",
        "Server": [
          "Windows-Azure-Blob/1.0",
          "Microsoft-HTTPAPI/2.0"
        ],
        "x-ms-blob-type": "BlockBlob",
        "x-ms-client-request-id": "526ee2fb-dde7-4be0-be9b-639c9a3b832e",
        "x-ms-creation-time": "Mon, 16 Oct 2023 08:53:25 GMT",
        "x-ms-is-current-version": "true",
        "x-ms-lease-state": "available",
        "x-ms-lease-status": "unlocked",
        "x-ms-request-id": "a35a7ebf-401e-006e-500e-00c60e000000",
        "x-ms-server-encrypted": "true",
        "x-ms-version": "2023-08-03",
        "x-ms-version-id": "2023-10-16T08:53:25.1644897Z"
      },
      "ResponseBody": "SGVsbG8gV29ybGQ="
    },
    {
      "RequestUri": "https://fakestorageaccount.blob.core.windows.net/container169744640372800284?restype=container",
      "RequestMethod": "DELETE",
      "RequestHeaders": {
        "Accept": "application/xml",
        "Authorization": "Sanitized",
        "Connection": "keep-alive",
        "User-Agent": "azsdk-js-azure-storage-blob/12.20.0 core-rest-pipeline/1.12.2 Node/v18.16.0 OS/(x64-Windows_NT-10.0.22621)",
        "x-ms-client-request-id": "5729e110-1b7f-4dce-816b-5f0a6eb02a0c",
        "x-ms-date": "Mon, 16 Oct 2023 08:53:24 GMT",
        "x-ms-version": "2023-08-03"
      },
      "RequestBody": null,
      "StatusCode": 202,
      "ResponseHeaders": {
        "Content-Length": "0",
        "Date": "Mon, 16 Oct 2023 08:53:24 GMT",
        "Server": [
          "Windows-Azure-Blob/1.0",
          "Microsoft-HTTPAPI/2.0"
        ],
        "x-ms-client-request-id": "5729e110-1b7f-4dce-816b-5f0a6eb02a0c",
        "x-ms-request-id": "a35a7f05-401e-006e-0e0e-00c60e000000",
        "x-ms-version": "2023-08-03"
      },
      "ResponseBody": null
    }
  ],
  "Variables": {
    "blockblob": "blockblob169744640387906566",
    "container": "container169744640372800284",
    "expiry": "2023-10-16T08:53:24.024Z",
    "srcblob/%2\u002B%2F": "srcblob/%2\u002B%2F169744640388002641"
  }
}
