{
  "Entries": [
    {
      "RequestUri": "https://amandapreprod.file.core.windows.net/test-share-a35319e4-e1c2-ceaa-a3a5-ef879045ba5c?restype=share",
      "RequestMethod": "PUT",
      "RequestHeaders": {
        "Accept": "application/xml",
        "Authorization": "Sanitized",
        "Content-Length": "0",
        "traceparent": "00-ac60706fe38c9e9dee7911afc2404e79-9738dc31e1853037-00",
        "User-Agent": "azsdk-net-Storage.Files.Shares/12.22.0-alpha.20250306.1 (.NET 8.0.13; Microsoft Windows 10.0.22635)",
        "x-ms-client-request-id": "Sanitized",
        "x-ms-date": "Fri, 07 Mar 2025 01:19:50 GMT",
        "x-ms-return-client-request-id": "true",
        "x-ms-version": "2025-05-05"
      },
      "RequestBody": null,
      "StatusCode": 201,
      "ResponseHeaders": {
        "Content-Length": "0",
        "Date": "Fri, 07 Mar 2025 01:19:50 GMT",
        "ETag": "\"0x8DD5D162851762C\"",
        "Last-Modified": "Fri, 07 Mar 2025 01:19:50 GMT",
        "Server": [
          "Windows-Azure-File/1.0",
          "Microsoft-HTTPAPI/2.0"
        ],
        "x-ms-client-request-id": "Sanitized",
        "x-ms-request-id": "05cfbbcd-e01a-0052-5bff-8edc5c000000",
        "x-ms-version": "2025-05-05"
      },
      "ResponseBody": null
    },
    {
      "RequestUri": "https://amandapreprod.blob.core.windows.net/test-container-300a1c0c-a7ec-1aea-4b87-3c200859c74a?restype=container",
      "RequestMethod": "PUT",
      "RequestHeaders": {
        "Accept": "application/xml",
        "Authorization": "Sanitized",
        "Content-Length": "0",
        "traceparent": "00-f8a2d703eaa17305f0e16f2b7defbf24-e0ab2c84f4fbbf61-00",
        "User-Agent": "azsdk-net-Storage.Blobs/12.24.0-alpha.20250306.1 (.NET 8.0.13; Microsoft Windows 10.0.22635)",
        "x-ms-client-request-id": "Sanitized",
        "x-ms-date": "Fri, 07 Mar 2025 01:19:50 GMT",
        "x-ms-return-client-request-id": "true",
        "x-ms-version": "2025-05-05"
      },
      "RequestBody": null,
      "StatusCode": 201,
      "ResponseHeaders": {
        "Content-Length": "0",
        "Date": "Fri, 07 Mar 2025 01:19:50 GMT",
        "ETag": "\"0x8DD5D16285BD7F7\"",
        "Last-Modified": "Fri, 07 Mar 2025 01:19:50 GMT",
        "Server": [
          "Windows-Azure-Blob/1.0",
          "Microsoft-HTTPAPI/2.0"
        ],
        "x-ms-client-request-id": "Sanitized",
        "x-ms-request-id": "f73f6a22-601e-002e-2cff-8ef2a3000000",
        "x-ms-version": "2025-05-05"
      },
      "ResponseBody": null
    },
    {
      "RequestUri": "https://amandapreprod.file.core.windows.net/test-share-a35319e4-e1c2-ceaa-a3a5-ef879045ba5c/test-blob-848f44f3-e93c-ec4b-ad7e-40d7fbfcdf8e",
      "RequestMethod": "PUT",
      "RequestHeaders": {
        "Accept": "application/xml",
        "Authorization": "Sanitized",
        "Content-Length": "0",
        "traceparent": "00-cb0a1ca970788a7bade79f68a6eb68dc-53db84075c6dcca3-00",
        "User-Agent": "azsdk-net-Storage.Files.Shares/12.22.0-alpha.20250306.1 (.NET 8.0.13; Microsoft Windows 10.0.22635)",
        "x-ms-cache-control": "no-cache",
        "x-ms-client-request-id": "Sanitized",
        "x-ms-content-disposition": "inline",
        "x-ms-content-language": "en-US",
        "x-ms-content-length": "512",
        "x-ms-date": "Fri, 07 Mar 2025 01:19:50 GMT",
        "x-ms-file-attributes": "None",
        "x-ms-file-change-time": "2024-04-01T13:30:03.0000000Z",
        "x-ms-file-creation-time": "2024-04-01T09:05:55.0000000Z",
        "x-ms-file-last-write-time": "2024-04-01T12:16:06.0000000Z",
        "x-ms-meta-Capital": "letter",
        "x-ms-meta-foo": "bar",
        "x-ms-meta-meta": "data",
        "x-ms-meta-UPPER": "case",
        "x-ms-return-client-request-id": "true",
        "x-ms-type": "file",
        "x-ms-version": "2025-05-05"
      },
      "RequestBody": null,
      "StatusCode": 201,
      "ResponseHeaders": {
        "Content-Length": "0",
        "Date": "Fri, 07 Mar 2025 01:19:50 GMT",
        "ETag": "\"0x8DD5D162865351A\"",
        "Last-Modified": "Fri, 07 Mar 2025 01:19:50 GMT",
        "Server": [
          "Windows-Azure-File/1.0",
          "Microsoft-HTTPAPI/2.0"
        ],
        "x-ms-client-request-id": "Sanitized",
        "x-ms-file-attributes": "Archive",
        "x-ms-file-change-time": "2024-04-01T13:30:03.0000000Z",
        "x-ms-file-creation-time": "2024-04-01T09:05:55.0000000Z",
        "x-ms-file-id": "13835128424026341376",
        "x-ms-file-last-write-time": "2024-04-01T12:16:06.0000000Z",
        "x-ms-file-parent-id": "0",
        "x-ms-file-permission-key": "12626496306092130501*547956186189310027",
        "x-ms-request-id": "05cfbbd0-e01a-0052-5cff-8edc5c000000",
        "x-ms-request-server-encrypted": "true",
        "x-ms-version": "2025-05-05"
      },
      "ResponseBody": null
    },
    {
      "RequestUri": "https://amandapreprod.file.core.windows.net/test-share-a35319e4-e1c2-ceaa-a3a5-ef879045ba5c/test-blob-848f44f3-e93c-ec4b-ad7e-40d7fbfcdf8e?sv=Sanitized&se=2025-03-08T01%3A19%3A50Z&sr=f&sp=rcwd&sig=Sanitized",
      "RequestMethod": "HEAD",
      "RequestHeaders": {
        "Accept": "application/xml",
        "traceparent": "00-fefadd11c7cd409a7ff44884f7cea73e-4d4677367f922b04-00",
        "User-Agent": "azsdk-net-Storage.Files.Shares/12.22.0-alpha.20250306.1 (.NET 8.0.13; Microsoft Windows 10.0.22635)",
        "x-ms-client-request-id": "Sanitized",
        "x-ms-return-client-request-id": "true",
        "x-ms-version": "2025-05-05"
      },
      "RequestBody": null,
      "StatusCode": 200,
      "ResponseHeaders": {
        "Cache-Control": "no-cache",
        "Content-Disposition": "inline",
        "Content-Language": "en-US",
        "Content-Length": "512",
        "Content-Type": "application/octet-stream",
        "Date": "Fri, 07 Mar 2025 01:19:50 GMT",
        "ETag": "\"0x8DD5D162865351A\"",
        "Last-Modified": "Fri, 07 Mar 2025 01:19:50 GMT",
        "Server": [
          "Windows-Azure-File/1.0",
          "Microsoft-HTTPAPI/2.0"
        ],
        "x-ms-client-request-id": "Sanitized",
        "x-ms-file-attributes": "Archive",
        "x-ms-file-change-time": "2024-04-01T13:30:03.0000000Z",
        "x-ms-file-creation-time": "2024-04-01T09:05:55.0000000Z",
        "x-ms-file-id": "13835128424026341376",
        "x-ms-file-last-write-time": "2024-04-01T12:16:06.0000000Z",
        "x-ms-file-parent-id": "0",
        "x-ms-file-permission-key": "12626496306092130501*547956186189310027",
        "x-ms-lease-state": "available",
        "x-ms-lease-status": "unlocked",
        "x-ms-meta-Capital": "letter",
        "x-ms-meta-foo": "bar",
        "x-ms-meta-meta": "data",
        "x-ms-meta-UPPER": "case",
        "x-ms-request-id": "05cfbbd2-e01a-0052-5dff-8edc5c000000",
        "x-ms-server-encrypted": "true",
        "x-ms-type": "File",
        "x-ms-version": "2025-05-05"
      },
      "ResponseBody": null
    },
    {
      "RequestUri": "https://amandapreprod.file.core.windows.net/test-share-a35319e4-e1c2-ceaa-a3a5-ef879045ba5c/test-blob-848f44f3-e93c-ec4b-ad7e-40d7fbfcdf8e?sv=Sanitized&se=2025-03-08T01%3A19%3A50Z&sr=f&sp=rcwd&sig=Sanitized",
      "RequestMethod": "HEAD",
      "RequestHeaders": {
        "Accept": "application/xml",
        "traceparent": "00-07b6660d746c2a21d68daeb5a84b9835-0850871cf5d51292-00",
        "User-Agent": "azsdk-net-Storage.Files.Shares/12.22.0-alpha.20250306.1 (.NET 8.0.13; Microsoft Windows 10.0.22635)",
        "x-ms-client-request-id": "Sanitized",
        "x-ms-return-client-request-id": "true",
        "x-ms-version": "2025-05-05"
      },
      "RequestBody": null,
      "StatusCode": 200,
      "ResponseHeaders": {
        "Cache-Control": "no-cache",
        "Content-Disposition": "inline",
        "Content-Language": "en-US",
        "Content-Length": "512",
        "Content-Type": "application/octet-stream",
        "Date": "Fri, 07 Mar 2025 01:19:50 GMT",
        "ETag": "\"0x8DD5D162865351A\"",
        "Last-Modified": "Fri, 07 Mar 2025 01:19:50 GMT",
        "Server": [
          "Windows-Azure-File/1.0",
          "Microsoft-HTTPAPI/2.0"
        ],
        "x-ms-client-request-id": "Sanitized",
        "x-ms-file-attributes": "Archive",
        "x-ms-file-change-time": "2024-04-01T13:30:03.0000000Z",
        "x-ms-file-creation-time": "2024-04-01T09:05:55.0000000Z",
        "x-ms-file-id": "13835128424026341376",
        "x-ms-file-last-write-time": "2024-04-01T12:16:06.0000000Z",
        "x-ms-file-parent-id": "0",
        "x-ms-file-permission-key": "12626496306092130501*547956186189310027",
        "x-ms-lease-state": "available",
        "x-ms-lease-status": "unlocked",
        "x-ms-meta-Capital": "letter",
        "x-ms-meta-foo": "bar",
        "x-ms-meta-meta": "data",
        "x-ms-meta-UPPER": "case",
        "x-ms-request-id": "05cfbbd3-e01a-0052-5eff-8edc5c000000",
        "x-ms-server-encrypted": "true",
        "x-ms-type": "File",
        "x-ms-version": "2025-05-05"
      },
      "ResponseBody": null
    },
    {
      "RequestUri": "https://amandapreprod.blob.core.windows.net/test-container-300a1c0c-a7ec-1aea-4b87-3c200859c74a/test-blob-67a4a424-dc14-8efb-c746-d1add20885d5?sv=Sanitized&se=2025-03-08T01%3A19%3A50Z&sr=b&sp=racwdxyltmei&sig=Sanitized",
      "RequestMethod": "PUT",
      "RequestHeaders": {
        "Accept": "application/xml",
        "Content-Length": "0",
        "If-None-Match": "*",
        "traceparent": "00-ecaff17e0f9702fff4b96041846d94eb-38fe6e14e475ca64-00",
        "User-Agent": "azsdk-net-Storage.Blobs/12.24.0-alpha.20250306.1 (.NET 8.0.13; Microsoft Windows 10.0.22635)",
        "x-ms-blob-cache-control": "no-cache",
        "x-ms-blob-content-disposition": "inline",
        "x-ms-blob-content-language": "en-US",
        "x-ms-blob-content-length": "512",
        "x-ms-blob-content-type": "application/octet-stream",
        "x-ms-blob-type": "PageBlob",
        "x-ms-client-request-id": "Sanitized",
        "x-ms-meta-Capital": "letter",
        "x-ms-meta-foo": "bar",
        "x-ms-meta-meta": "data",
        "x-ms-meta-UPPER": "case",
        "x-ms-return-client-request-id": "true",
        "x-ms-version": "2025-05-05"
      },
      "RequestBody": null,
      "StatusCode": 201,
      "ResponseHeaders": {
        "Content-Length": "0",
        "Date": "Fri, 07 Mar 2025 01:19:50 GMT",
        "ETag": "\"0x8DD5D1628859FE6\"",
        "Last-Modified": "Fri, 07 Mar 2025 01:19:50 GMT",
        "Server": [
          "Windows-Azure-Blob/1.0",
          "Microsoft-HTTPAPI/2.0"
        ],
        "x-ms-client-request-id": "Sanitized",
        "x-ms-request-id": "f73f6a67-601e-002e-6dff-8ef2a3000000",
        "x-ms-request-server-encrypted": "true",
        "x-ms-version": "2025-05-05"
      },
      "ResponseBody": null
    },
    {
      "RequestUri": "https://amandapreprod.blob.core.windows.net/test-container-300a1c0c-a7ec-1aea-4b87-3c200859c74a/test-blob-67a4a424-dc14-8efb-c746-d1add20885d5?sv=Sanitized&se=2025-03-08T01%3A19%3A50Z&sr=b&sp=racwdxyltmei&sig=Sanitized&comp=page",
      "RequestMethod": "PUT",
      "RequestHeaders": {
        "Accept": "application/xml",
        "Content-Length": "0",
        "If-None-Match": "*",
        "traceparent": "00-4fc1c98e3c5bcf91e09f77bdb5fe5ff9-30b294b8223dce85-00",
        "User-Agent": "azsdk-net-Storage.Blobs/12.24.0-alpha.20250306.1 (.NET 8.0.13; Microsoft Windows 10.0.22635)",
        "x-ms-client-request-id": "Sanitized",
        "x-ms-copy-source": "https://amandapreprod.file.core.windows.net/test-share-a35319e4-e1c2-ceaa-a3a5-ef879045ba5c/test-blob-848f44f3-e93c-ec4b-ad7e-40d7fbfcdf8e?sv=sanitized-value&se=2025-03-08T01%3A19%3A50Z&sr=f&sp=rcwd&sig=Sanitized",
        "x-ms-page-write": "update",
        "x-ms-range": "bytes=0-511",
        "x-ms-return-client-request-id": "true",
        "x-ms-source-range": "bytes=0-511",
        "x-ms-version": "2025-05-05"
      },
      "RequestBody": null,
      "StatusCode": 201,
      "ResponseHeaders": {
        "Content-Length": "0",
        "Date": "Fri, 07 Mar 2025 01:19:50 GMT",
        "ETag": "\"0x8DD5D16288F3217\"",
        "Last-Modified": "Fri, 07 Mar 2025 01:19:50 GMT",
        "Server": [
          "Windows-Azure-Blob/1.0",
          "Microsoft-HTTPAPI/2.0"
        ],
        "x-ms-blob-sequence-number": "0",
        "x-ms-client-request-id": "Sanitized",
        "x-ms-content-crc64": "6YKnaCgO5h0=",
        "x-ms-request-id": "f73f6a7e-601e-002e-02ff-8ef2a3000000",
        "x-ms-request-server-encrypted": "true",
        "x-ms-version": "2025-05-05"
      },
      "ResponseBody": null
    },
    {
      "RequestUri": "https://amandapreprod.file.core.windows.net/test-share-a35319e4-e1c2-ceaa-a3a5-ef879045ba5c/test-blob-848f44f3-e93c-ec4b-ad7e-40d7fbfcdf8e?sv=Sanitized&se=2025-03-08T01%3A19%3A50Z&sr=f&sp=rcwd&sig=Sanitized",
      "RequestMethod": "HEAD",
      "RequestHeaders": {
        "Accept": "application/xml",
        "traceparent": "00-dec0275aea34616e725689faa9bef286-fe60db3bcb15a895-00",
        "User-Agent": "azsdk-net-Storage.Files.Shares/12.22.0-alpha.20250306.1 (.NET 8.0.13; Microsoft Windows 10.0.22635)",
        "x-ms-client-request-id": "Sanitized",
        "x-ms-return-client-request-id": "true",
        "x-ms-version": "2025-05-05"
      },
      "RequestBody": null,
      "StatusCode": 200,
      "ResponseHeaders": {
        "Cache-Control": "no-cache",
        "Content-Disposition": "inline",
        "Content-Language": "en-US",
        "Content-Length": "512",
        "Content-Type": "application/octet-stream",
        "Date": "Fri, 07 Mar 2025 01:19:50 GMT",
        "ETag": "\"0x8DD5D162865351A\"",
        "Last-Modified": "Fri, 07 Mar 2025 01:19:50 GMT",
        "Server": [
          "Windows-Azure-File/1.0",
          "Microsoft-HTTPAPI/2.0"
        ],
        "x-ms-client-request-id": "Sanitized",
        "x-ms-file-attributes": "Archive",
        "x-ms-file-change-time": "2024-04-01T13:30:03.0000000Z",
        "x-ms-file-creation-time": "2024-04-01T09:05:55.0000000Z",
        "x-ms-file-id": "13835128424026341376",
        "x-ms-file-last-write-time": "2024-04-01T12:16:06.0000000Z",
        "x-ms-file-parent-id": "0",
        "x-ms-file-permission-key": "12626496306092130501*547956186189310027",
        "x-ms-lease-state": "available",
        "x-ms-lease-status": "unlocked",
        "x-ms-meta-Capital": "letter",
        "x-ms-meta-foo": "bar",
        "x-ms-meta-meta": "data",
        "x-ms-meta-UPPER": "case",
        "x-ms-request-id": "05cfbbd4-e01a-0052-5fff-8edc5c000000",
        "x-ms-server-encrypted": "true",
        "x-ms-type": "File",
        "x-ms-version": "2025-05-05"
      },
      "ResponseBody": null
    },
    {
      "RequestUri": "https://amandapreprod.blob.core.windows.net/test-container-300a1c0c-a7ec-1aea-4b87-3c200859c74a/test-blob-67a4a424-dc14-8efb-c746-d1add20885d5?sv=Sanitized&se=2025-03-08T01%3A19%3A50Z&sr=b&sp=racwdxyltmei&sig=Sanitized",
      "RequestMethod": "HEAD",
      "RequestHeaders": {
        "Accept": "application/xml",
        "traceparent": "00-dbf4bd61d9be22b6c1f074eb04684d88-1f8461b744fa6ed8-00",
        "User-Agent": "azsdk-net-Storage.Blobs/12.24.0-alpha.20250306.1 (.NET 8.0.13; Microsoft Windows 10.0.22635)",
        "x-ms-client-request-id": "Sanitized",
        "x-ms-return-client-request-id": "true",
        "x-ms-version": "2025-05-05"
      },
      "RequestBody": null,
      "StatusCode": 200,
      "ResponseHeaders": {
        "Accept-Ranges": "bytes",
        "Cache-Control": "no-cache",
        "Content-Disposition": "inline",
        "Content-Language": "en-US",
        "Content-Length": "512",
        "Content-Type": "application/octet-stream",
        "Date": "Fri, 07 Mar 2025 01:19:50 GMT",
        "ETag": "\"0x8DD5D16288F3217\"",
        "Last-Modified": "Fri, 07 Mar 2025 01:19:50 GMT",
        "Server": [
          "Windows-Azure-Blob/1.0",
          "Microsoft-HTTPAPI/2.0"
        ],
        "x-ms-blob-sequence-number": "0",
        "x-ms-blob-type": "PageBlob",
        "x-ms-client-request-id": "Sanitized",
        "x-ms-creation-time": "Fri, 07 Mar 2025 01:19:50 GMT",
        "x-ms-lease-state": "available",
        "x-ms-lease-status": "unlocked",
        "x-ms-meta-Capital": "letter",
        "x-ms-meta-foo": "bar",
        "x-ms-meta-meta": "data",
        "x-ms-meta-UPPER": "case",
        "x-ms-request-id": "f73f6acd-601e-002e-45ff-8ef2a3000000",
        "x-ms-server-encrypted": "true",
        "x-ms-version": "2025-05-05"
      },
      "ResponseBody": null
    },
    {
      "RequestUri": "https://amandapreprod.file.core.windows.net/test-share-a35319e4-e1c2-ceaa-a3a5-ef879045ba5c/test-blob-848f44f3-e93c-ec4b-ad7e-40d7fbfcdf8e?sv=Sanitized&se=2025-03-08T01%3A19%3A50Z&sr=f&sp=rcwd&sig=Sanitized",
      "RequestMethod": "GET",
      "RequestHeaders": {
        "Accept": "application/xml",
        "User-Agent": "azsdk-net-Storage.Files.Shares/12.22.0-alpha.20250306.1 (.NET 8.0.13; Microsoft Windows 10.0.22635)",
        "x-ms-client-request-id": "Sanitized",
        "x-ms-range": "bytes=0-511",
        "x-ms-return-client-request-id": "true",
        "x-ms-version": "2025-05-05"
      },
      "RequestBody": null,
      "StatusCode": 206,
      "ResponseHeaders": {
        "Accept-Ranges": "bytes",
        "Cache-Control": "no-cache",
        "Content-Disposition": "inline",
        "Content-Language": "en-US",
        "Content-Length": "512",
        "Content-Range": "bytes 0-511/512",
        "Content-Type": "application/octet-stream",
        "Date": "Fri, 07 Mar 2025 01:19:50 GMT",
        "ETag": "\"0x8DD5D162865351A\"",
        "Last-Modified": "Fri, 07 Mar 2025 01:19:50 GMT",
        "Server": [
          "Windows-Azure-File/1.0",
          "Microsoft-HTTPAPI/2.0"
        ],
        "x-ms-client-request-id": "Sanitized",
        "x-ms-file-attributes": "Archive",
        "x-ms-file-change-time": "2024-04-01T13:30:03.0000000Z",
        "x-ms-file-creation-time": "2024-04-01T09:05:55.0000000Z",
        "x-ms-file-id": "13835128424026341376",
        "x-ms-file-last-write-time": "2024-04-01T12:16:06.0000000Z",
        "x-ms-file-parent-id": "0",
        "x-ms-file-permission-key": "12626496306092130501*547956186189310027",
        "x-ms-lease-state": "available",
        "x-ms-lease-status": "unlocked",
        "x-ms-meta-Capital": "letter",
        "x-ms-meta-foo": "bar",
        "x-ms-meta-meta": "data",
        "x-ms-meta-UPPER": "case",
        "x-ms-request-id": "05cfbbd5-e01a-0052-60ff-8edc5c000000",
        "x-ms-server-encrypted": "true",
        "x-ms-type": "File",
        "x-ms-version": "2025-05-05"
      },
      "ResponseBody": "AAAAAAAAAAAAAAAAAAAAAAAAAAAAAAAAAAAAAAAAAAAAAAAAAAAAAAAAAAAAAAAAAAAAAAAAAAAAAAAAAAAAAAAAAAAAAAAAAAAAAAAAAAAAAAAAAAAAAAAAAAAAAAAAAAAAAAAAAAAAAAAAAAAAAAAAAAAAAAAAAAAAAAAAAAAAAAAAAAAAAAAAAAAAAAAAAAAAAAAAAAAAAAAAAAAAAAAAAAAAAAAAAAAAAAAAAAAAAAAAAAAAAAAAAAAAAAAAAAAAAAAAAAAAAAAAAAAAAAAAAAAAAAAAAAAAAAAAAAAAAAAAAAAAAAAAAAAAAAAAAAAAAAAAAAAAAAAAAAAAAAAAAAAAAAAAAAAAAAAAAAAAAAAAAAAAAAAAAAAAAAAAAAAAAAAAAAAAAAAAAAAAAAAAAAAAAAAAAAAAAAAAAAAAAAAAAAAAAAAAAAAAAAAAAAAAAAAAAAAAAAAAAAAAAAAAAAAAAAAAAAAAAAAAAAAAAAAAAAAAAAAAAAAAAAAAAAAAAAAAAAAAAAAAAAAAAAAAAAAAAAAAAAAAAAAAAAAAAAAAAAAAAAAAAAAAAAAAAAAAAAAAAAAAAAAAAAAAAAAAAAAAAAAAAAAAAAAAAAAAAAAAAAAAAAAAAAAAAAAAAAAAAAAAAAAAAAAAAAAAAAAAAAAAAAAAAAAAAAAAAAA="
    },
    {
      "RequestUri": "https://amandapreprod.blob.core.windows.net/test-container-300a1c0c-a7ec-1aea-4b87-3c200859c74a/test-blob-67a4a424-dc14-8efb-c746-d1add20885d5?sv=Sanitized&se=2025-03-08T01%3A19%3A50Z&sr=b&sp=racwdxyltmei&sig=Sanitized",
      "RequestMethod": "GET",
      "RequestHeaders": {
        "Accept": "application/xml",
        "If-Match": "\"0x8DD5D16288F3217\"",
        "User-Agent": "azsdk-net-Storage.Blobs/12.24.0-alpha.20250306.1 (.NET 8.0.13; Microsoft Windows 10.0.22635)",
        "x-ms-client-request-id": "Sanitized",
        "x-ms-range": "bytes=0-511",
        "x-ms-return-client-request-id": "true",
        "x-ms-version": "2025-05-05"
      },
      "RequestBody": null,
      "StatusCode": 206,
      "ResponseHeaders": {
        "Accept-Ranges": "bytes",
        "Cache-Control": "no-cache",
        "Content-Disposition": "inline",
        "Content-Language": "en-US",
        "Content-Length": "512",
        "Content-Range": "bytes 0-511/512",
        "Content-Type": "application/octet-stream",
        "Date": "Fri, 07 Mar 2025 01:19:51 GMT",
        "ETag": "\"0x8DD5D16288F3217\"",
        "Last-Modified": "Fri, 07 Mar 2025 01:19:50 GMT",
        "Server": [
          "Windows-Azure-Blob/1.0",
          "Microsoft-HTTPAPI/2.0"
        ],
        "x-ms-blob-sequence-number": "0",
        "x-ms-blob-type": "PageBlob",
        "x-ms-client-request-id": "Sanitized",
        "x-ms-creation-time": "Fri, 07 Mar 2025 01:19:50 GMT",
        "x-ms-lease-state": "available",
        "x-ms-lease-status": "unlocked",
        "x-ms-meta-Capital": "letter",
        "x-ms-meta-foo": "bar",
        "x-ms-meta-meta": "data",
        "x-ms-meta-UPPER": "case",
        "x-ms-request-id": "f73f6af3-601e-002e-69ff-8ef2a3000000",
        "x-ms-server-encrypted": "true",
        "x-ms-version": "2025-05-05"
      },
      "ResponseBody": "AAAAAAAAAAAAAAAAAAAAAAAAAAAAAAAAAAAAAAAAAAAAAAAAAAAAAAAAAAAAAAAAAAAAAAAAAAAAAAAAAAAAAAAAAAAAAAAAAAAAAAAAAAAAAAAAAAAAAAAAAAAAAAAAAAAAAAAAAAAAAAAAAAAAAAAAAAAAAAAAAAAAAAAAAAAAAAAAAAAAAAAAAAAAAAAAAAAAAAAAAAAAAAAAAAAAAAAAAAAAAAAAAAAAAAAAAAAAAAAAAAAAAAAAAAAAAAAAAAAAAAAAAAAAAAAAAAAAAAAAAAAAAAAAAAAAAAAAAAAAAAAAAAAAAAAAAAAAAAAAAAAAAAAAAAAAAAAAAAAAAAAAAAAAAAAAAAAAAAAAAAAAAAAAAAAAAAAAAAAAAAAAAAAAAAAAAAAAAAAAAAAAAAAAAAAAAAAAAAAAAAAAAAAAAAAAAAAAAAAAAAAAAAAAAAAAAAAAAAAAAAAAAAAAAAAAAAAAAAAAAAAAAAAAAAAAAAAAAAAAAAAAAAAAAAAAAAAAAAAAAAAAAAAAAAAAAAAAAAAAAAAAAAAAAAAAAAAAAAAAAAAAAAAAAAAAAAAAAAAAAAAAAAAAAAAAAAAAAAAAAAAAAAAAAAAAAAAAAAAAAAAAAAAAAAAAAAAAAAAAAAAAAAAAAAAAAAAAAAAAAAAAAAAAAAAAAAAAAAAAAAA="
    },
    {
      "RequestUri": "https://amandapreprod.blob.core.windows.net/test-container-300a1c0c-a7ec-1aea-4b87-3c200859c74a?restype=container",
      "RequestMethod": "DELETE",
      "RequestHeaders": {
        "Accept": "application/xml",
        "Authorization": "Sanitized",
        "traceparent": "00-02a316241a511e8a74101216c43f9ee6-84a266fe362dca91-00",
        "User-Agent": "azsdk-net-Storage.Blobs/12.24.0-alpha.20250306.1 (.NET 8.0.13; Microsoft Windows 10.0.22635)",
        "x-ms-client-request-id": "Sanitized",
        "x-ms-date": "Fri, 07 Mar 2025 01:19:51 GMT",
        "x-ms-return-client-request-id": "true",
        "x-ms-version": "2025-05-05"
      },
      "RequestBody": null,
      "StatusCode": 202,
      "ResponseHeaders": {
        "Content-Length": "0",
        "Date": "Fri, 07 Mar 2025 01:19:51 GMT",
        "Server": [
          "Windows-Azure-Blob/1.0",
          "Microsoft-HTTPAPI/2.0"
        ],
        "x-ms-client-request-id": "Sanitized",
        "x-ms-request-id": "f73f6b02-601e-002e-78ff-8ef2a3000000",
        "x-ms-version": "2025-05-05"
      },
      "ResponseBody": null
    },
    {
      "RequestUri": "https://amandapreprod.file.core.windows.net/test-share-a35319e4-e1c2-ceaa-a3a5-ef879045ba5c?restype=share",
      "RequestMethod": "DELETE",
      "RequestHeaders": {
        "Accept": "application/xml",
        "Authorization": "Sanitized",
        "traceparent": "00-74aeca30216e1c60b893c60e57d034da-a757e7028e170c06-00",
        "User-Agent": "azsdk-net-Storage.Files.Shares/12.22.0-alpha.20250306.1 (.NET 8.0.13; Microsoft Windows 10.0.22635)",
        "x-ms-client-request-id": "Sanitized",
        "x-ms-date": "Fri, 07 Mar 2025 01:19:51 GMT",
        "x-ms-delete-snapshots": "include",
        "x-ms-return-client-request-id": "true",
        "x-ms-version": "2025-05-05"
      },
      "RequestBody": null,
      "StatusCode": 202,
      "ResponseHeaders": {
        "Content-Length": "0",
        "Date": "Fri, 07 Mar 2025 01:19:51 GMT",
        "Server": [
          "Windows-Azure-File/1.0",
          "Microsoft-HTTPAPI/2.0"
        ],
        "x-ms-client-request-id": "Sanitized",
        "x-ms-request-id": "05cfbbd6-e01a-0052-61ff-8edc5c000000",
        "x-ms-version": "2025-05-05"
      },
      "ResponseBody": null
    }
  ],
  "Variables": {
    "DateTimeOffsetNow": "2025-03-06T17:19:50.5346416-08:00",
    "RandomSeed": "1141431200",
    "Storage_TestConfigDefault": "ProductionTenant\namandapreprod\nU2FuaXRpemVk\nhttps://amandapreprod.blob.core.windows.net\nhttps://amandapreprod.file.core.windows.net\nhttps://amandapreprod.queue.core.windows.net\nhttps://amandapreprod.table.core.windows.net\n\n\n\n\nhttps://amandapreprod-secondary.blob.core.windows.net\nhttps://amandapreprod-secondary.file.core.windows.net\nhttps://amandapreprod-secondary.queue.core.windows.net\nhttps://amandapreprod-secondary.table.core.windows.net\nCloud\nBlobEndpoint=https://amandapreprod.blob.core.windows.net/;QueueEndpoint=https://amandapreprod.queue.core.windows.net/;FileEndpoint=https://amandapreprod.file.core.windows.net/;BlobSecondaryEndpoint=https://amandapreprod-secondary.blob.core.windows.net/;QueueSecondaryEndpoint=https://amandapreprod-secondary.queue.core.windows.net/;FileSecondaryEndpoint=https://amandapreprod-secondary.file.core.windows.net/;AccountName=amandapreprod;AccountKey=U2FuaXRpemVk\nencryptionScope\n\n"
  }
}
