{
  "Entries": [
    {
      "RequestUri": "https://management.azure.com/subscriptions/2cac2a14-ba6b-46a6-bce8-2d9781a41ba2/resourceGroups/NotificationHubRG-7651/providers/Microsoft.NotificationHubs/namespaces/azNotificationHubNamespace1993/notificationHubs/azNotificationHub9929?api-version=2023-10-01-preview",
      "RequestMethod": "GET",
      "RequestHeaders": {
        "Accept": "application/json",
        "Authorization": "Sanitized",
        "traceparent": "00-3fd6c035865fb9f9e20566db58bdb1f3-93971a6e40bcae17-00",
        "User-Agent": "azsdk-net-ResourceManager.NotificationHubs/1.2.0-alpha.20240524.1 (.NET Framework 4.8.9181.0; Microsoft Windows 10.0.23279 )",
        "x-ms-client-request-id": "c2050a78c6335da76f82003947a7cb54",
        "x-ms-return-client-request-id": "true"
      },
      "RequestBody": null,
      "StatusCode": 200,
      "ResponseHeaders": {
        "api-supported-versions": "2014-09-01, 2016-03-01, 2017-04-01, 2020-01-01-preview, 2023-01-01-preview, 2023-09-01, 2023-10-01-preview",
        "Cache-Control": "no-cache",
        "Content-Length": "460",
        "Content-Type": "application/json; charset=utf-8",
        "Date": "Fri, 24 May 2024 23:48:59 GMT",
        "Expires": "-1",
        "Pragma": "no-cache",
        "Strict-Transport-Security": "max-age=31536000; includeSubDomains",
        "TrackingId": "d705a9cf-6567-4ca0-b416-2a20ef4c0989",
        "X-Cache": "CONFIG_NOCACHE",
        "X-Content-Type-Options": "nosniff",
        "x-ms-client-request-id": "c2050a78c6335da76f82003947a7cb54",
        "x-ms-correlation-request-id": "c78fd451-c54f-4ed4-935b-75bcd8add5d0",
        "x-ms-ratelimit-remaining-subscription-reads": "11995",
        "x-ms-request-id": "c78fd451-c54f-4ed4-935b-75bcd8add5d0",
        "x-ms-routing-request-id": "NORTHCENTRALUS:20240524T234859Z:c78fd451-c54f-4ed4-935b-75bcd8add5d0",
        "X-MSEdge-Ref": "Ref A: 325D8DBACB4F41588B1422909BD5867F Ref B: CH1AA2020610031 Ref C: 2024-05-24T23:48:59Z"
      },
      "ResponseBody": {
        "properties": {
          "name": "azNotificationHub9929",
          "registrationTtl": "10675199.02:48:05.4775807",
          "dailyMaxActiveDevices": 0
        },
        "location": "East US",
        "tags": {},
        "id": "/subscriptions/2cac2a14-ba6b-46a6-bce8-2d9781a41ba2/resourceGroups/NotificationHubRG-7651/providers/Microsoft.NotificationHubs/namespaces/azNotificationHubNamespace1993/notificationHubs/azNotificationHub9929",
        "name": "azNotificationHub9929",
        "type": "Microsoft.NotificationHubs/namespaces/notificationHubs"
      }
    },
    {
      "RequestUri": "https://management.azure.com/subscriptions/2cac2a14-ba6b-46a6-bce8-2d9781a41ba2/resourceGroups/NotificationHubRG-7651/providers/Microsoft.NotificationHubs/namespaces/azNotificationHubNamespace1993/notificationHubs/azNotificationHub9929/authorizationRules/CustomPolicy4493?api-version=2023-10-01-preview",
      "RequestMethod": "PUT",
      "RequestHeaders": {
        "Accept": "application/json",
        "Authorization": "Sanitized",
        "Content-Length": "82",
        "Content-Type": "application/json",
        "traceparent": "00-35afd21aa1485b003470803c8a321245-9c5d40c0efb66741-00",
        "User-Agent": "azsdk-net-ResourceManager.NotificationHubs/1.2.0-alpha.20240524.1 (.NET Framework 4.8.9181.0; Microsoft Windows 10.0.23279 )",
        "x-ms-client-request-id": "4291864250855290b6c2e35e17d7ee7a",
        "x-ms-return-client-request-id": "true"
      },
      "RequestBody": {
        "tags": {},
        "location": "eastus",
        "properties": {
          "rights": [
            "Send",
            "Listen",
            "Manage"
          ]
        }
      },
      "StatusCode": 200,
      "ResponseHeaders": {
        "api-supported-versions": "2014-09-01, 2016-03-01, 2017-04-01, 2020-01-01-preview, 2023-01-01-preview, 2023-09-01, 2023-10-01-preview",
        "Cache-Control": "no-cache",
        "Content-Length": "513",
        "Content-Type": "application/json; charset=utf-8",
        "Date": "Fri, 24 May 2024 23:48:59 GMT",
        "Expires": "-1",
        "Pragma": "no-cache",
        "Strict-Transport-Security": "max-age=31536000; includeSubDomains",
        "TrackingId": "7558f0ee-69c1-4d1a-a8c5-3a46c4e5c8b5",
        "X-Cache": "CONFIG_NOCACHE",
        "X-Content-Type-Options": "nosniff",
        "x-ms-client-request-id": "4291864250855290b6c2e35e17d7ee7a",
        "x-ms-correlation-request-id": "6e15a9d0-8c93-4817-817b-96eebd5cacca",
        "x-ms-ratelimit-remaining-subscription-writes": "1199",
        "x-ms-request-id": "6e15a9d0-8c93-4817-817b-96eebd5cacca",
        "x-ms-routing-request-id": "NORTHCENTRALUS:20240524T234900Z:6e15a9d0-8c93-4817-817b-96eebd5cacca",
        "X-MSEdge-Ref": "Ref A: 6B142FEA20A04FD9AFC7D1EED4DA666D Ref B: CH1AA2020610031 Ref C: 2024-05-24T23:48:59Z"
      },
      "ResponseBody": {
        "properties": {
          "rights": [
            "Manage",
            "Listen",
            "Send"
          ],
          "modifiedTime": "2024-05-24T23:49:00.1484873\u002B00:00",
          "createdTime": "2024-05-24T23:49:00.1484873\u002B00:00"
        },
        "id": "/subscriptions/2cac2a14-ba6b-46a6-bce8-2d9781a41ba2/resourceGroups/NotificationHubRG-7651/providers/Microsoft.NotificationHubs/namespaces/azNotificationHubNamespace1993/notificationHubs/azNotificationHub9929/authorizationRules/CustomPolicy4493",
        "name": "CustomPolicy4493",
        "type": "Microsoft.NotificationHubs/namespaces/notificationHubs/authorizationRules"
      }
    },
    {
      "RequestUri": "https://management.azure.com/subscriptions/2cac2a14-ba6b-46a6-bce8-2d9781a41ba2/resourceGroups/NotificationHubRG-7651/providers/Microsoft.NotificationHubs/namespaces/azNotificationHubNamespace1993/notificationHubs/azNotificationHub9929/authorizationRules/CustomPolicy4493?api-version=2023-10-01-preview",
      "RequestMethod": "GET",
      "RequestHeaders": {
        "Accept": "application/json",
        "Authorization": "Sanitized",
        "traceparent": "00-df2582407c59766a25775f9073980bea-a72a16934fa99928-00",
        "User-Agent": "azsdk-net-ResourceManager.NotificationHubs/1.2.0-alpha.20240524.1 (.NET Framework 4.8.9181.0; Microsoft Windows 10.0.23279 )",
        "x-ms-client-request-id": "dc798d7cec08569982f14a183b9ace03",
        "x-ms-return-client-request-id": "true"
      },
      "RequestBody": null,
      "StatusCode": 200,
      "ResponseHeaders": {
        "api-supported-versions": "2014-09-01, 2016-03-01, 2017-04-01, 2020-01-01-preview, 2023-01-01-preview, 2023-09-01, 2023-10-01-preview",
        "Cache-Control": "no-cache",
        "Content-Length": "513",
        "Content-Type": "application/json; charset=utf-8",
        "Date": "Fri, 24 May 2024 23:49:00 GMT",
        "Expires": "-1",
        "Pragma": "no-cache",
        "Strict-Transport-Security": "max-age=31536000; includeSubDomains",
        "TrackingId": "a6ee8c5d-de8c-4f4b-9a3e-7ae08597e59f",
        "X-Cache": "CONFIG_NOCACHE",
        "X-Content-Type-Options": "nosniff",
        "x-ms-client-request-id": "dc798d7cec08569982f14a183b9ace03",
        "x-ms-correlation-request-id": "77180467-9ac1-4f61-bae2-5d4186267766",
        "x-ms-ratelimit-remaining-subscription-reads": "11996",
        "x-ms-request-id": "77180467-9ac1-4f61-bae2-5d4186267766",
        "x-ms-routing-request-id": "NORTHCENTRALUS:20240524T234900Z:77180467-9ac1-4f61-bae2-5d4186267766",
        "X-MSEdge-Ref": "Ref A: DC5F9FE386EA4AD49CA7EB5EBB66C026 Ref B: CH1AA2020610031 Ref C: 2024-05-24T23:49:00Z"
      },
      "ResponseBody": {
        "properties": {
          "rights": [
            "Manage",
            "Listen",
            "Send"
          ],
          "modifiedTime": "2024-05-24T23:49:00.1484873\u002B00:00",
          "createdTime": "2024-05-24T23:49:00.1484873\u002B00:00"
        },
        "id": "/subscriptions/2cac2a14-ba6b-46a6-bce8-2d9781a41ba2/resourceGroups/NotificationHubRG-7651/providers/Microsoft.NotificationHubs/namespaces/azNotificationHubNamespace1993/notificationHubs/azNotificationHub9929/authorizationRules/CustomPolicy4493",
        "name": "CustomPolicy4493",
        "type": "Microsoft.NotificationHubs/namespaces/notificationHubs/authorizationRules"
      }
    }
  ],
  "Variables": {
    "AZURE_AUTHORITY_HOST": "https://login.microsoftonline.com",
    "CLIENT_ID": "52e51775-1124-4468-82ef-6d407d7c0a85",
    "RandomSeed": "1114855955",
    "RESOURCE_MANAGER_URL": null,
    "SUBSCRIPTION_ID": "2cac2a14-ba6b-46a6-bce8-2d9781a41ba2",
    "TENANT_ID": "72f988bf-86f1-41af-91ab-2d7cd011db47"
  }
}
