{
  "Entries": [
    {
      "RequestUri": "https://fakesdaccount.file.core.windows.net/share169472074867909827?restype=share",
      "RequestMethod": "PUT",
      "RequestHeaders": {
        "Accept": "application/xml",
        "Accept-Encoding": "gzip, deflate, br",
        "Accept-Language": "en-US",
        "Connection": "keep-alive",
        "Content-Length": "0",
        "Origin": "http://localhost:9876",
        "Referer": "http://localhost:9876/",
        "sec-ch-ua": "",
        "sec-ch-ua-mobile": "?0",
        "sec-ch-ua-platform": "\u0022\u0022",
        "Sec-Fetch-Dest": "empty",
        "Sec-Fetch-Mode": "cors",
        "Sec-Fetch-Site": "same-site",
        "User-Agent": "Mozilla/5.0 (Windows NT 10.0; Win64; x64) AppleWebKit/537.36 (KHTML, like Gecko) HeadlessChrome/112.0.5614.0 Safari/537.36",
        "x-ms-client-request-id": "c5eda102-468d-4ce4-b42d-530a58bb7e3e",
        "x-ms-useragent": "azsdk-js-azure-storage-blob/12.20.0 core-rest-pipeline/1.12.2 OS",
        "x-ms-version": "2023-01-03"
      },
      "RequestBody": null,
      "StatusCode": 201,
      "ResponseHeaders": {
        "Content-Length": "0",
        "Date": "Thu, 14 Sep 2023 19:45:49 GMT",
        "ETag": "\u00220x8DBB55B3277BB8E\u0022",
        "Last-Modified": "Thu, 14 Sep 2023 19:45:49 GMT",
        "Server": [
          "Windows-Azure-File/1.0",
          "Microsoft-HTTPAPI/2.0"
        ],
        "x-ms-client-request-id": "c5eda102-468d-4ce4-b42d-530a58bb7e3e",
        "x-ms-request-id": "cff49c45-401a-000c-2544-e70429000000",
        "x-ms-version": "2023-01-03"
      },
      "ResponseBody": null
    },
    {
      "RequestUri": "https://fakesdaccount.file.core.windows.net/share169472074867909827/dir169472074879202286....?restype=directory",
      "RequestMethod": "PUT",
      "RequestHeaders": {
        "Accept": "application/xml",
        "Accept-Encoding": "gzip, deflate, br",
        "Accept-Language": "en-US",
        "Connection": "keep-alive",
        "Content-Length": "0",
        "Origin": "http://localhost:9876",
        "Referer": "http://localhost:9876/",
        "sec-ch-ua": "",
        "sec-ch-ua-mobile": "?0",
        "sec-ch-ua-platform": "\u0022\u0022",
        "Sec-Fetch-Dest": "empty",
        "Sec-Fetch-Mode": "cors",
        "Sec-Fetch-Site": "same-site",
        "User-Agent": "Mozilla/5.0 (Windows NT 10.0; Win64; x64) AppleWebKit/537.36 (KHTML, like Gecko) HeadlessChrome/112.0.5614.0 Safari/537.36",
        "x-ms-allow-trailing-dot": "true",
        "x-ms-client-request-id": "efdd430a-ff74-41f5-b740-5035bebc9dc2",
        "x-ms-file-attributes": "Directory",
        "x-ms-file-creation-time": "now",
        "x-ms-file-last-write-time": "now",
        "x-ms-file-permission": "inherit",
        "x-ms-useragent": "azsdk-js-azure-storage-blob/12.20.0 core-rest-pipeline/1.12.2 OS",
        "x-ms-version": "2023-01-03"
      },
      "RequestBody": null,
      "StatusCode": 201,
      "ResponseHeaders": {
        "Content-Length": "0",
        "Date": "Thu, 14 Sep 2023 19:45:49 GMT",
        "ETag": "\u00220x8DBB55B3289D061\u0022",
        "Last-Modified": "Thu, 14 Sep 2023 19:45:49 GMT",
        "Server": [
          "Windows-Azure-File/1.0",
          "Microsoft-HTTPAPI/2.0"
        ],
        "x-ms-client-request-id": "efdd430a-ff74-41f5-b740-5035bebc9dc2",
        "x-ms-file-attributes": "Directory",
        "x-ms-file-change-time": "2023-09-14T19:45:49.7601121Z",
        "x-ms-file-creation-time": "2023-09-14T19:45:49.7601121Z",
        "x-ms-file-id": "13835128424026341376",
        "x-ms-file-last-write-time": "2023-09-14T19:45:49.7601121Z",
        "x-ms-file-parent-id": "0",
        "x-ms-file-permission-key": "9255856626508002348*16764736045797335973",
        "x-ms-request-id": "cff49c47-401a-000c-2644-e70429000000",
        "x-ms-request-server-encrypted": "true",
        "x-ms-version": "2023-01-03"
      },
      "ResponseBody": null
    },
    {
      "RequestUri": "https://fakesdaccount.file.core.windows.net/share169472074867909827/dir169472074879202286..../share169472074867909827....?",
      "RequestMethod": "PUT",
      "RequestHeaders": {
        "Accept": "application/xml",
        "Accept-Encoding": "gzip, deflate, br",
        "Accept-Language": "en-US",
        "Connection": "keep-alive",
        "Content-Length": "0",
        "Origin": "http://localhost:9876",
        "Referer": "http://localhost:9876/",
        "sec-ch-ua": "",
        "sec-ch-ua-mobile": "?0",
        "sec-ch-ua-platform": "\u0022\u0022",
        "Sec-Fetch-Dest": "empty",
        "Sec-Fetch-Mode": "cors",
        "Sec-Fetch-Site": "same-site",
        "User-Agent": "Mozilla/5.0 (Windows NT 10.0; Win64; x64) AppleWebKit/537.36 (KHTML, like Gecko) HeadlessChrome/112.0.5614.0 Safari/537.36",
        "x-ms-allow-trailing-dot": "true",
        "x-ms-client-request-id": "90db3cf1-fb84-4ab9-8443-36bc58c63d45",
        "x-ms-content-length": "11",
        "x-ms-file-attributes": "None",
        "x-ms-file-creation-time": "now",
        "x-ms-file-last-write-time": "now",
        "x-ms-file-permission": "inherit",
        "x-ms-type": "file",
        "x-ms-useragent": "azsdk-js-azure-storage-blob/12.20.0 core-rest-pipeline/1.12.2 OS",
        "x-ms-version": "2023-01-03"
      },
      "RequestBody": null,
      "StatusCode": 201,
      "ResponseHeaders": {
        "Content-Length": "0",
        "Date": "Thu, 14 Sep 2023 19:45:49 GMT",
        "ETag": "\u00220x8DBB55B329B0BF1\u0022",
        "Last-Modified": "Thu, 14 Sep 2023 19:45:49 GMT",
        "Server": [
          "Windows-Azure-File/1.0",
          "Microsoft-HTTPAPI/2.0"
        ],
        "x-ms-client-request-id": "90db3cf1-fb84-4ab9-8443-36bc58c63d45",
        "x-ms-file-attributes": "Archive",
        "x-ms-file-change-time": "2023-09-14T19:45:49.8730481Z",
        "x-ms-file-creation-time": "2023-09-14T19:45:49.8730481Z",
        "x-ms-file-id": "11529285414812647424",
        "x-ms-file-last-write-time": "2023-09-14T19:45:49.8730481Z",
        "x-ms-file-parent-id": "13835128424026341376",
        "x-ms-file-permission-key": "4614121289425226539*16764736045797335973",
        "x-ms-request-id": "cff49c48-401a-000c-2744-e70429000000",
        "x-ms-request-server-encrypted": "true",
        "x-ms-version": "2023-01-03"
      },
      "ResponseBody": null
    },
    {
      "RequestUri": "https://fakesdaccount.file.core.windows.net/share169472074867909827/dir169472074879202286..../share169472074867909827....?",
      "RequestMethod": "DELETE",
      "RequestHeaders": {
        "Accept": "application/xml",
        "Accept-Encoding": "gzip, deflate, br",
        "Accept-Language": "en-US",
        "Connection": "keep-alive",
        "Origin": "http://localhost:9876",
        "Referer": "http://localhost:9876/",
        "sec-ch-ua": "",
        "sec-ch-ua-mobile": "?0",
        "sec-ch-ua-platform": "\u0022\u0022",
        "Sec-Fetch-Dest": "empty",
        "Sec-Fetch-Mode": "cors",
        "Sec-Fetch-Site": "same-site",
        "User-Agent": "Mozilla/5.0 (Windows NT 10.0; Win64; x64) AppleWebKit/537.36 (KHTML, like Gecko) HeadlessChrome/112.0.5614.0 Safari/537.36",
        "x-ms-allow-trailing-dot": "true",
        "x-ms-client-request-id": "8e5a6794-0c25-4dae-9af6-8475208ff3b2",
        "x-ms-useragent": "azsdk-js-azure-storage-blob/12.20.0 core-rest-pipeline/1.12.2 OS",
        "x-ms-version": "2023-01-03"
      },
      "RequestBody": null,
      "StatusCode": 202,
      "ResponseHeaders": {
        "Content-Length": "0",
        "Date": "Thu, 14 Sep 2023 19:45:49 GMT",
        "Server": [
          "Windows-Azure-File/1.0",
          "Microsoft-HTTPAPI/2.0"
        ],
        "x-ms-client-request-id": "8e5a6794-0c25-4dae-9af6-8475208ff3b2",
        "x-ms-request-id": "cff49c49-401a-000c-2844-e70429000000",
        "x-ms-version": "2023-01-03"
      },
      "ResponseBody": null
    },
    {
      "RequestUri": "https://fakesdaccount.file.core.windows.net/share169472074867909827?restype=share",
      "RequestMethod": "DELETE",
      "RequestHeaders": {
        "Accept": "application/xml",
        "Accept-Encoding": "gzip, deflate, br",
        "Accept-Language": "en-US",
        "Connection": "keep-alive",
        "Origin": "http://localhost:9876",
        "Referer": "http://localhost:9876/",
        "sec-ch-ua": "",
        "sec-ch-ua-mobile": "?0",
        "sec-ch-ua-platform": "\u0022\u0022",
        "Sec-Fetch-Dest": "empty",
        "Sec-Fetch-Mode": "cors",
        "Sec-Fetch-Site": "same-site",
        "User-Agent": "Mozilla/5.0 (Windows NT 10.0; Win64; x64) AppleWebKit/537.36 (KHTML, like Gecko) HeadlessChrome/112.0.5614.0 Safari/537.36",
        "x-ms-client-request-id": "583fe1ce-8297-4c21-b190-abe6d93dbde1",
        "x-ms-delete-snapshots": "include",
        "x-ms-useragent": "azsdk-js-azure-storage-blob/12.20.0 core-rest-pipeline/1.12.2 OS",
        "x-ms-version": "2023-01-03"
      },
      "RequestBody": null,
      "StatusCode": 202,
      "ResponseHeaders": {
        "Content-Length": "0",
        "Date": "Thu, 14 Sep 2023 19:45:50 GMT",
        "Server": [
          "Windows-Azure-File/1.0",
          "Microsoft-HTTPAPI/2.0"
        ],
        "x-ms-client-request-id": "583fe1ce-8297-4c21-b190-abe6d93dbde1",
        "x-ms-request-id": "cff49c4a-401a-000c-2944-e70429000000",
        "x-ms-version": "2023-01-03"
      },
      "ResponseBody": null
    }
  ],
  "Variables": {
    "dir": "dir169472074879202286",
    "file": "share169472074867909827"
  }
}
