{
  "Entries": [
    {
      "RequestUri": "https://Sanitized.api.azureml.ms/agents/v1.0/subscriptions/azure_subscription_id/resourceGroups/resource_group/providers/Microsoft.MachineLearningServices/workspaces/project/assistants?api-version=2024-07-01-preview",
      "RequestMethod": "POST",
      "RequestHeaders": {
        "Accept": "application/json",
        "Accept-Encoding": "gzip,deflate",
        "Authorization": "Sanitized",
        "Connection": "keep-alive",
        "Content-Length": "76",
        "Content-Type": "application/json; charset=UTF-8",
        "User-Agent": "azsdk-js-ai-projects-rest/1.0.0-beta.1 core-rest-pipeline/1.17.1 Node/18.20.4 OS/(x64-Windows_NT-10.0.22631)",
        "x-ms-client-request-id": "Sanitized"
      },
      "RequestBody": {
        "name": "Sanitized",
        "instructions": "You are helpful agent",
        "model": "gpt-4o"
      },
      "StatusCode": 200,
      "ResponseHeaders": {
        "apim-request-id": "119af347-4a17-4360-b5b2-f3ea89cb96f0",
        "Connection": "keep-alive",
        "Content-Encoding": "gzip",
        "Content-Type": "application/json",
        "Date": "Mon, 18 Nov 2024 18:39:36 GMT",
        "request-context": "appId=cid-v1:17d65b70-e9ce-4ed5-9347-1f660ec782e9",
        "Strict-Transport-Security": "max-age=31536000; includeSubDomains; preload",
        "Transfer-Encoding": "chunked",
        "Vary": "Accept-Encoding",
        "x-aml-cluster": "vienna-eastus2euap-01",
        "X-Content-Type-Options": "nosniff",
        "x-ms-client-request-id": "Sanitized",
        "x-ms-middleware-request-id": "119af347-4a17-4360-b5b2-f3ea89cb96f0",
        "x-ms-region": "West US 2",
        "x-ms-response-type": "standard",
        "X-Request-ID": "2c18f18125684f395e8ba36512325739",
        "x-request-time": "1.003"
      },
      "ResponseBody": {
        "id": "Sanitized",
        "object": "assistant",
        "created_at": 1731955176,
        "name": "Sanitized",
        "description": null,
        "model": "gpt-4o",
        "instructions": "You are helpful agent",
        "tools": [],
        "top_p": 1.0,
        "temperature": 1.0,
        "tool_resources": {},
        "metadata": {},
        "response_format": "auto"
      }
    },
    {
      "RequestUri": "https://Sanitized.api.azureml.ms/agents/v1.0/subscriptions/azure_subscription_id/resourceGroups/resource_group/providers/Microsoft.MachineLearningServices/workspaces/project/threads?api-version=2024-07-01-preview",
      "RequestMethod": "POST",
      "RequestHeaders": {
        "Accept": "application/json",
        "Accept-Encoding": "gzip,deflate",
        "Authorization": "Sanitized",
        "Connection": "keep-alive",
        "Content-Length": "2",
        "Content-Type": "application/json; charset=UTF-8",
        "User-Agent": "azsdk-js-ai-projects-rest/1.0.0-beta.1 core-rest-pipeline/1.17.1 Node/18.20.4 OS/(x64-Windows_NT-10.0.22631)",
        "x-ms-client-request-id": "Sanitized"
      },
      "RequestBody": {},
      "StatusCode": 200,
      "ResponseHeaders": {
        "apim-request-id": "542dba16-26a4-4b3a-86b7-b84b649ff3e3",
        "Connection": "keep-alive",
        "Content-Length": "94",
        "Content-Type": "application/json",
        "Date": "Mon, 18 Nov 2024 18:39:37 GMT",
        "request-context": "appId=cid-v1:17d65b70-e9ce-4ed5-9347-1f660ec782e9",
        "Strict-Transport-Security": "max-age=31536000; includeSubDomains; preload",
        "x-aml-cluster": "vienna-eastus2euap-01",
        "X-Content-Type-Options": "nosniff",
        "x-ms-client-request-id": "Sanitized",
        "x-ms-middleware-request-id": "7a468e0f-e002-447b-8123-d924fca48019",
        "x-ms-region": "West US 2",
        "x-ms-response-type": "standard",
        "X-Request-ID": "4f128de40ce34f3a0aaf38f501ccfed3",
        "x-request-time": "0.215"
      },
      "ResponseBody": {
        "id": "Sanitized",
        "object": "thread",
        "created_at": 1731955177,
        "metadata": {},
        "tool_resources": {}
      }
    },
    {
      "RequestUri": "https://Sanitized.api.azureml.ms/agents/v1.0/subscriptions/azure_subscription_id/resourceGroups/resource_group/providers/Microsoft.MachineLearningServices/workspaces/project/threads/thread_KW0FOTVmvMsJ0EsQSgfSa8M0/runs?api-version=2024-07-01-preview",
      "RequestMethod": "POST",
      "RequestHeaders": {
        "Accept": "application/json",
        "Accept-Encoding": "gzip,deflate",
        "Authorization": "Sanitized",
        "Connection": "keep-alive",
        "Content-Length": "48",
        "Content-Type": "application/json; charset=UTF-8",
        "User-Agent": "azsdk-js-ai-projects-rest/1.0.0-beta.1 core-rest-pipeline/1.17.1 Node/18.20.4 OS/(x64-Windows_NT-10.0.22631)",
        "x-ms-client-request-id": "Sanitized"
      },
      "RequestBody": {
        "assistant_id": "asst_YtnF9DMSaxfPqQNHmm7hP2gG"
      },
      "StatusCode": 200,
      "ResponseHeaders": {
        "apim-request-id": "35eb5556-4b41-4d5b-82f2-b356d6fdcbe7",
        "Connection": "keep-alive",
        "Content-Encoding": "gzip",
        "Content-Type": "application/json",
        "Date": "Mon, 18 Nov 2024 18:39:38 GMT",
        "request-context": "appId=cid-v1:17d65b70-e9ce-4ed5-9347-1f660ec782e9",
        "Strict-Transport-Security": "max-age=31536000; includeSubDomains; preload",
        "Transfer-Encoding": "chunked",
        "Vary": "Accept-Encoding",
        "x-aml-cluster": "vienna-eastus2euap-01",
        "X-Content-Type-Options": "nosniff",
        "x-ms-client-request-id": "Sanitized",
        "x-ms-middleware-request-id": "e6c6e556-300b-4aaf-a73d-bf86322ff423",
        "x-ms-region": "West US 2",
        "x-ms-response-type": "standard",
        "X-Request-ID": "f560e55d4b5bb229cdb381cf673c7b39",
        "x-request-time": "1.572"
      },
      "ResponseBody": {
        "id": "Sanitized",
        "object": "thread.run",
        "created_at": 1731955178,
        "assistant_id": "asst_YtnF9DMSaxfPqQNHmm7hP2gG",
        "thread_id": "thread_KW0FOTVmvMsJ0EsQSgfSa8M0",
        "status": "queued",
        "started_at": null,
        "expires_at": 1731955778,
        "cancelled_at": null,
        "failed_at": null,
        "completed_at": null,
        "required_action": null,
        "last_error": null,
        "model": "gpt-4o",
        "instructions": "You are helpful agent",
        "tools": [],
        "tool_resources": {},
        "metadata": {},
        "temperature": 1.0,
        "top_p": 1.0,
        "max_completion_tokens": null,
        "max_prompt_tokens": null,
        "truncation_strategy": {
          "type": "auto",
          "last_messages": null
        },
        "incomplete_details": null,
        "usage": null,
        "response_format": "auto",
        "tool_choice": "auto",
        "parallel_tool_calls": true
      }
    },
    {
      "RequestUri": "https://Sanitized.api.azureml.ms/agents/v1.0/subscriptions/azure_subscription_id/resourceGroups/resource_group/providers/Microsoft.MachineLearningServices/workspaces/project/assistants/asst_YtnF9DMSaxfPqQNHmm7hP2gG?api-version=2024-07-01-preview",
      "RequestMethod": "DELETE",
      "RequestHeaders": {
        "Accept": "application/json",
        "Accept-Encoding": "gzip,deflate",
        "Authorization": "Sanitized",
        "Connection": "keep-alive",
        "User-Agent": "azsdk-js-ai-projects-rest/1.0.0-beta.1 core-rest-pipeline/1.17.1 Node/18.20.4 OS/(x64-Windows_NT-10.0.22631)",
        "x-ms-client-request-id": "Sanitized"
      },
      "RequestBody": null,
      "StatusCode": 200,
      "ResponseHeaders": {
        "apim-request-id": "f8ac010c-15c2-452b-b096-debce3320d93",
        "Connection": "keep-alive",
        "Content-Length": "62",
        "Content-Type": "application/json",
        "Date": "Mon, 18 Nov 2024 18:39:39 GMT",
        "request-context": "appId=cid-v1:17d65b70-e9ce-4ed5-9347-1f660ec782e9",
        "Strict-Transport-Security": "max-age=31536000; includeSubDomains; preload",
        "x-aml-cluster": "vienna-eastus2euap-01",
        "X-Content-Type-Options": "nosniff",
        "x-ms-client-request-id": "Sanitized",
        "x-ms-middleware-request-id": "0d0c046a-0920-4dcf-a68e-8d84fa0fcb38",
        "x-ms-region": "West US 2",
        "x-ms-response-type": "standard",
        "X-Request-ID": "dc8bdb7c89ca9b5785bf9e122891e819",
        "x-request-time": "0.235"
      },
      "ResponseBody": {
        "id": "Sanitized",
        "object": "assistant.deleted",
        "deleted": true
      }
    },
    {
      "RequestUri": "https://Sanitized.api.azureml.ms/agents/v1.0/subscriptions/azure_subscription_id/resourceGroups/resource_group/providers/Microsoft.MachineLearningServices/workspaces/project/threads/thread_KW0FOTVmvMsJ0EsQSgfSa8M0?api-version=2024-07-01-preview",
      "RequestMethod": "DELETE",
      "RequestHeaders": {
        "Accept": "application/json",
        "Accept-Encoding": "gzip,deflate",
        "Authorization": "Sanitized",
        "Connection": "keep-alive",
        "User-Agent": "azsdk-js-ai-projects-rest/1.0.0-beta.1 core-rest-pipeline/1.17.1 Node/18.20.4 OS/(x64-Windows_NT-10.0.22631)",
        "x-ms-client-request-id": "Sanitized"
      },
      "RequestBody": null,
      "StatusCode": 200,
      "ResponseHeaders": {
        "apim-request-id": "89ee17a0-a5d8-4aef-80c2-a0e7cb3fa7c5",
        "Connection": "keep-alive",
        "Content-Length": "59",
        "Content-Type": "application/json",
        "Date": "Mon, 18 Nov 2024 18:39:39 GMT",
        "request-context": "appId=cid-v1:17d65b70-e9ce-4ed5-9347-1f660ec782e9",
        "Strict-Transport-Security": "max-age=31536000; includeSubDomains; preload",
        "x-aml-cluster": "vienna-eastus2euap-01",
        "X-Content-Type-Options": "nosniff",
        "x-ms-client-request-id": "Sanitized",
        "x-ms-middleware-request-id": "32178a41-7f24-4487-9a7f-501b6e6417ed",
        "x-ms-region": "West US 2",
        "x-ms-response-type": "standard",
        "X-Request-ID": "634eeb3727d825682d7f3575099f8652",
        "x-request-time": "0.234"
      },
      "ResponseBody": {
        "id": "Sanitized",
        "object": "thread.deleted",
        "deleted": true
      }
    }
  ],
  "Variables": {}
}
