{
  "Entries": [
    {
      "RequestUri": "https://endpoint/routing/distributionPolicies/test-d-policy-recorded-jobs?api-version=2024-01-18-preview",
      "RequestMethod": "PATCH",
      "RequestHeaders": {
        "Accept": "application/json",
        "Accept-Encoding": "gzip, deflate, br",
        "Authorization": "Sanitized",
        "Connection": "keep-alive",
        "Content-Length": "156",
        "Content-Type": "application/merge-patch\u002Bjson",
        "Referer": "http://localhost:9876/",
        "sec-ch-ua": "\u0022Chromium\u0022;v=\u0022122\u0022, \u0022Not(A:Brand\u0022;v=\u002224\u0022, \u0022HeadlessChrome\u0022;v=\u0022122\u0022",
        "sec-ch-ua-mobile": "?0",
        "sec-ch-ua-platform": "\u0022Windows\u0022",
        "Sec-Fetch-Dest": "empty",
        "Sec-Fetch-Mode": "cors",
        "Sec-Fetch-Site": "same-site",
        "User-Agent": "Mozilla/5.0 (Windows NT 10.0; Win64; x64) AppleWebKit/537.36 (KHTML, like Gecko) HeadlessChrome/122.0.6261.69 Safari/537.36",
        "x-ms-client-request-id": "936a4870-79b2-40a1-b7a9-59a5f920b55b",
        "x-ms-content-sha256": "xG1T22SpOFlCH4u\u002BZ1hH\u002BYh9ErqiPS\u002B0sXvekVfomxM=",
        "x-ms-date": "Wed, 06 Mar 2024 00:18:58 GMT",
        "x-ms-useragent": "azsdk-js-communication-job-router-rest/1.0.0-beta.1 core-rest-pipeline/1.14.1 OS/Windows"
      },
      "RequestBody": {
        "name": "test-d-policy",
        "offerExpiresAfterSeconds": 60,
        "mode": {
          "kind": "longestIdle",
          "minConcurrentOffers": 1,
          "maxConcurrentOffers": 5,
          "bypassSelectors": false
        }
      },
      "StatusCode": 200,
      "ResponseHeaders": {
        "api-supported-versions": "2021-04-07-preview1, 2022-07-18-preview, 2023-08-25-preview, 2023-11-01, 2024-01-18-preview",
        "Connection": "keep-alive",
        "Content-Type": "application/json; charset=utf-8",
        "Date": "Wed, 06 Mar 2024 00:18:59 GMT",
        "ETag": "\u002202004529-0000-0700-0000-65e7b3670000\u0022",
        "Last-Modified": "Wed, 06 Mar 2024 00:05:59 GMT",
        "Request-Context": "appId=",
        "Strict-Transport-Security": "max-age=31536000;includeSubDomains",
        "trace-id": "56aa91ce-5022-811a-2f5a-244823145443",
        "Transfer-Encoding": "chunked",
        "x-azure-ref": "20240306T001859Z-0x7tzx3ngt5w5b06dr96mddt7800000004v0000000007qa1",
        "X-Cache": "CONFIG_NOCACHE"
      },
      "ResponseBody": {
        "id": "test-d-policy-recorded-jobs",
        "name": "test-d-policy",
        "offerExpiresAfterSeconds": 60,
        "mode": {
          "kind": "longestIdle",
          "minConcurrentOffers": 1,
          "maxConcurrentOffers": 5,
          "bypassSelectors": false
        },
        "etag": "\u002202004529-0000-0700-0000-65e7b3670000\u0022"
      }
    },
    {
      "RequestUri": "https://endpoint/routing/exceptionPolicies/test-e-policy-recorded-jobs?api-version=2024-01-18-preview",
      "RequestMethod": "PATCH",
      "RequestHeaders": {
        "Accept": "application/json",
        "Accept-Encoding": "gzip, deflate, br",
        "Authorization": "Sanitized",
        "Connection": "keep-alive",
        "Content-Length": "200",
        "Content-Type": "application/merge-patch\u002Bjson",
        "Referer": "http://localhost:9876/",
        "sec-ch-ua": "\u0022Chromium\u0022;v=\u0022122\u0022, \u0022Not(A:Brand\u0022;v=\u002224\u0022, \u0022HeadlessChrome\u0022;v=\u0022122\u0022",
        "sec-ch-ua-mobile": "?0",
        "sec-ch-ua-platform": "\u0022Windows\u0022",
        "Sec-Fetch-Dest": "empty",
        "Sec-Fetch-Mode": "cors",
        "Sec-Fetch-Site": "same-site",
        "User-Agent": "Mozilla/5.0 (Windows NT 10.0; Win64; x64) AppleWebKit/537.36 (KHTML, like Gecko) HeadlessChrome/122.0.6261.69 Safari/537.36",
        "x-ms-client-request-id": "d5c70594-96e4-4ed9-8d1b-c6a9ad54d907",
        "x-ms-content-sha256": "A5ySZT3yD7WO66GsYhBfJY0Z6v1CuU2HTd2a\u002BAaoTPE=",
        "x-ms-date": "Wed, 06 Mar 2024 00:18:58 GMT",
        "x-ms-useragent": "azsdk-js-communication-job-router-rest/1.0.0-beta.1 core-rest-pipeline/1.14.1 OS/Windows"
      },
      "RequestBody": {
        "name": "test-e-policy",
        "exceptionRules": [
          {
            "id": "MaxWaitTimeExceededCancel",
            "actions": [
              {
                "kind": "cancel",
                "note": "wait time exceeded; cancelling"
              }
            ],
            "trigger": {
              "kind": "waitTime",
              "thresholdSeconds": 10
            }
          }
        ]
      },
      "StatusCode": 200,
      "ResponseHeaders": {
        "api-supported-versions": "2021-04-07-preview1, 2022-07-18-preview, 2023-08-25-preview, 2023-11-01, 2024-01-18-preview",
        "Connection": "keep-alive",
        "Content-Type": "application/json; charset=utf-8",
        "Date": "Wed, 06 Mar 2024 00:18:59 GMT",
        "ETag": "\u002202004f31-0000-0700-0000-65e7b6730000\u0022",
        "Last-Modified": "Wed, 06 Mar 2024 00:18:59 GMT",
        "Request-Context": "appId=",
        "Strict-Transport-Security": "max-age=31536000;includeSubDomains",
        "trace-id": "8558b874-d83f-fbb4-1985-568afedd4861",
        "Transfer-Encoding": "chunked",
        "x-azure-ref": "20240306T001859Z-0x7tzx3ngt5w5b06dr96mddt7800000004v0000000007qa3",
        "X-Cache": "CONFIG_NOCACHE"
      },
      "ResponseBody": {
        "id": "test-e-policy-recorded-jobs",
        "name": "test-e-policy",
        "exceptionRules": [
          {
            "id": "MaxWaitTimeExceededCancel",
            "trigger": {
              "kind": "waitTime",
              "thresholdSeconds": 10
            },
            "actions": [
              {
                "kind": "cancel",
                "note": "wait time exceeded; cancelling",
                "id": "b1722d5a-3489-492c-8d68-3078592dd412"
              }
            ]
          }
        ],
        "etag": "\u002202004f31-0000-0700-0000-65e7b6730000\u0022"
      }
    },
    {
      "RequestUri": "https://endpoint/routing/queues/test-a-queue-recorded-jobs?api-version=2024-01-18-preview",
      "RequestMethod": "PATCH",
      "RequestHeaders": {
        "Accept": "application/json",
        "Accept-Encoding": "gzip, deflate, br",
        "Authorization": "Sanitized",
        "Connection": "keep-alive",
        "Content-Length": "172",
        "Content-Type": "application/merge-patch\u002Bjson",
        "Referer": "http://localhost:9876/",
        "sec-ch-ua": "\u0022Chromium\u0022;v=\u0022122\u0022, \u0022Not(A:Brand\u0022;v=\u002224\u0022, \u0022HeadlessChrome\u0022;v=\u0022122\u0022",
        "sec-ch-ua-mobile": "?0",
        "sec-ch-ua-platform": "\u0022Windows\u0022",
        "Sec-Fetch-Dest": "empty",
        "Sec-Fetch-Mode": "cors",
        "Sec-Fetch-Site": "same-site",
        "User-Agent": "Mozilla/5.0 (Windows NT 10.0; Win64; x64) AppleWebKit/537.36 (KHTML, like Gecko) HeadlessChrome/122.0.6261.69 Safari/537.36",
        "x-ms-client-request-id": "822873a5-2cc0-4956-b182-9f1b7bc7ce44",
        "x-ms-content-sha256": "1FbWDlkYNs0PHIE8\u002BMhyPKGHh\u002BKztZc0cZwoX8Hhj8c=",
        "x-ms-date": "Wed, 06 Mar 2024 00:18:59 GMT",
        "x-ms-useragent": "azsdk-js-communication-job-router-rest/1.0.0-beta.1 core-rest-pipeline/1.14.1 OS/Windows"
      },
      "RequestBody": {
        "id": "test-a-queue-recorded-jobs",
        "name": "test-a-queue",
        "exceptionPolicyId": "test-e-policy-recorded-jobs",
        "distributionPolicyId": "test-d-policy-recorded-jobs",
        "labels": {}
      },
      "StatusCode": 200,
      "ResponseHeaders": {
        "api-supported-versions": "2021-04-07-preview1, 2022-07-18-preview, 2023-08-25-preview, 2023-11-01, 2024-01-18-preview",
        "Connection": "keep-alive",
        "Content-Type": "application/json; charset=utf-8",
        "Date": "Wed, 06 Mar 2024 00:18:59 GMT",
        "ETag": "\u002200007d06-0000-0700-0000-65e7b66e0000\u0022",
        "Last-Modified": "Wed, 06 Mar 2024 00:18:54 GMT",
        "Request-Context": "appId=",
        "Strict-Transport-Security": "max-age=31536000;includeSubDomains",
        "trace-id": "cf8bc952-5186-8227-2f7d-4ddb382dc062",
        "Transfer-Encoding": "chunked",
        "x-azure-ref": "20240306T001859Z-0x7tzx3ngt5w5b06dr96mddt7800000004v0000000007qaa",
        "X-Cache": "CONFIG_NOCACHE"
      },
      "ResponseBody": {
        "id": "test-a-queue-recorded-jobs",
        "name": "test-a-queue",
        "distributionPolicyId": "test-d-policy-recorded-jobs",
        "labels": {
          "Id": "test-a-queue-recorded-jobs"
        },
        "exceptionPolicyId": "test-e-policy-recorded-jobs",
        "etag": "\u002200007d06-0000-0700-0000-65e7b66e0000\u0022"
      }
    },
    {
      "RequestUri": "https://endpoint/routing/classificationPolicies/test-c-policy-recorded-jobs?api-version=2024-01-18-preview",
      "RequestMethod": "PATCH",
      "RequestHeaders": {
        "Accept": "application/json",
        "Accept-Encoding": "gzip, deflate, br",
        "Authorization": "Sanitized",
        "Connection": "keep-alive",
        "Content-Length": "71",
        "Content-Type": "application/merge-patch\u002Bjson",
        "Referer": "http://localhost:9876/",
        "sec-ch-ua": "\u0022Chromium\u0022;v=\u0022122\u0022, \u0022Not(A:Brand\u0022;v=\u002224\u0022, \u0022HeadlessChrome\u0022;v=\u0022122\u0022",
        "sec-ch-ua-mobile": "?0",
        "sec-ch-ua-platform": "\u0022Windows\u0022",
        "Sec-Fetch-Dest": "empty",
        "Sec-Fetch-Mode": "cors",
        "Sec-Fetch-Site": "same-site",
        "User-Agent": "Mozilla/5.0 (Windows NT 10.0; Win64; x64) AppleWebKit/537.36 (KHTML, like Gecko) HeadlessChrome/122.0.6261.69 Safari/537.36",
        "x-ms-client-request-id": "5d259914-444e-4022-86d3-04f0db25664a",
        "x-ms-content-sha256": "OVJbBw7XtqDPGeuYZG8B54E7KeiWUptKurazKpEeB9E=",
        "x-ms-date": "Wed, 06 Mar 2024 00:18:59 GMT",
        "x-ms-useragent": "azsdk-js-communication-job-router-rest/1.0.0-beta.1 core-rest-pipeline/1.14.1 OS/Windows"
      },
      "RequestBody": {
        "name": "test-c-policy",
        "fallbackQueueId": "test-a-queue-recorded-jobs"
      },
      "StatusCode": 200,
      "ResponseHeaders": {
        "api-supported-versions": "2021-04-07-preview1, 2022-07-18-preview, 2023-08-25-preview, 2023-11-01, 2024-01-18-preview",
        "Connection": "keep-alive",
        "Content-Type": "application/json; charset=utf-8",
        "Date": "Wed, 06 Mar 2024 00:18:59 GMT",
        "ETag": "\u0022000089b9-0000-0700-0000-65e7b66f0000\u0022",
        "Last-Modified": "Wed, 06 Mar 2024 00:18:55 GMT",
        "Request-Context": "appId=",
        "Strict-Transport-Security": "max-age=31536000;includeSubDomains",
        "trace-id": "0196bce1-b0e8-2449-b4e3-15aa4a04d8a4",
        "Transfer-Encoding": "chunked",
        "x-azure-ref": "20240306T001859Z-0x7tzx3ngt5w5b06dr96mddt7800000004v0000000007qad",
        "X-Cache": "CONFIG_NOCACHE"
      },
      "ResponseBody": {
        "id": "test-c-policy-recorded-jobs",
        "name": "test-c-policy",
        "fallbackQueueId": "test-a-queue-recorded-jobs",
        "queueSelectorAttachments": [],
        "workerSelectorAttachments": [],
        "etag": "\u0022000089b9-0000-0700-0000-65e7b66f0000\u0022"
      }
    },
    {
      "RequestUri": "https://endpoint/routing/jobs/test-job-recorded-jobs:cancel?api-version=2024-01-18-preview",
      "RequestMethod": "POST",
      "RequestHeaders": {
        "Accept": "application/json",
        "Accept-Encoding": "gzip, deflate, br",
        "Authorization": "Sanitized",
        "Connection": "keep-alive",
        "Content-Length": "0",
        "Referer": "http://localhost:9876/",
        "sec-ch-ua": "\u0022Chromium\u0022;v=\u0022122\u0022, \u0022Not(A:Brand\u0022;v=\u002224\u0022, \u0022HeadlessChrome\u0022;v=\u0022122\u0022",
        "sec-ch-ua-mobile": "?0",
        "sec-ch-ua-platform": "\u0022Windows\u0022",
        "Sec-Fetch-Dest": "empty",
        "Sec-Fetch-Mode": "cors",
        "Sec-Fetch-Site": "same-site",
        "User-Agent": "Mozilla/5.0 (Windows NT 10.0; Win64; x64) AppleWebKit/537.36 (KHTML, like Gecko) HeadlessChrome/122.0.6261.69 Safari/537.36",
        "x-ms-client-request-id": "10f6c13c-bc1c-49b5-ae7f-e5601db9e983",
        "x-ms-content-sha256": "47DEQpj8HBSa\u002B/TImW\u002B5JCeuQeRkm5NMpJWZG3hSuFU=",
        "x-ms-date": "Wed, 06 Mar 2024 00:18:59 GMT",
        "x-ms-useragent": "azsdk-js-communication-job-router-rest/1.0.0-beta.1 core-rest-pipeline/1.14.1 OS/Windows"
      },
      "RequestBody": null,
      "StatusCode": 200,
      "ResponseHeaders": {
        "api-supported-versions": "2021-04-07-preview1, 2022-07-18-preview, 2023-08-25-preview, 2023-11-01, 2024-01-18-preview",
        "Connection": "keep-alive",
        "Content-Type": "application/json; charset=utf-8",
        "Date": "Wed, 06 Mar 2024 00:18:59 GMT",
        "Request-Context": "appId=",
        "Strict-Transport-Security": "max-age=31536000;includeSubDomains",
        "trace-id": "444e294d-81bb-3dcf-bb4c-67b9b760f06c",
        "Transfer-Encoding": "chunked",
        "x-azure-ref": "20240306T001859Z-0x7tzx3ngt5w5b06dr96mddt7800000004v0000000007qaf",
        "X-Cache": "CONFIG_NOCACHE"
      },
      "ResponseBody": {}
    },
    {
      "RequestUri": "https://endpoint/routing/classificationPolicies/test-c-policy-recorded-jobs?api-version=2024-01-18-preview",
      "RequestMethod": "DELETE",
      "RequestHeaders": {
        "Accept": "application/json",
        "Accept-Encoding": "gzip, deflate, br",
        "Authorization": "Sanitized",
        "Connection": "keep-alive",
        "Referer": "http://localhost:9876/",
        "sec-ch-ua": "\u0022Chromium\u0022;v=\u0022122\u0022, \u0022Not(A:Brand\u0022;v=\u002224\u0022, \u0022HeadlessChrome\u0022;v=\u0022122\u0022",
        "sec-ch-ua-mobile": "?0",
        "sec-ch-ua-platform": "\u0022Windows\u0022",
        "Sec-Fetch-Dest": "empty",
        "Sec-Fetch-Mode": "cors",
        "Sec-Fetch-Site": "same-site",
        "User-Agent": "Mozilla/5.0 (Windows NT 10.0; Win64; x64) AppleWebKit/537.36 (KHTML, like Gecko) HeadlessChrome/122.0.6261.69 Safari/537.36",
        "x-ms-client-request-id": "05c4cd8b-a9d0-4a1f-970d-6f7595105b72",
        "x-ms-content-sha256": "47DEQpj8HBSa\u002B/TImW\u002B5JCeuQeRkm5NMpJWZG3hSuFU=",
        "x-ms-date": "Wed, 06 Mar 2024 00:18:59 GMT",
        "x-ms-useragent": "azsdk-js-communication-job-router-rest/1.0.0-beta.1 core-rest-pipeline/1.14.1 OS/Windows"
      },
      "RequestBody": null,
      "StatusCode": 204,
      "ResponseHeaders": {
        "api-supported-versions": "2021-04-07-preview1, 2022-07-18-preview, 2023-08-25-preview, 2023-11-01, 2024-01-18-preview",
        "Connection": "keep-alive",
        "Date": "Wed, 06 Mar 2024 00:18:59 GMT",
        "Request-Context": "appId=",
        "Strict-Transport-Security": "max-age=31536000;includeSubDomains",
        "trace-id": "906eef77-3458-47db-ab9e-6ed287a42af7",
        "x-azure-ref": "20240306T001859Z-0x7tzx3ngt5w5b06dr96mddt7800000004v0000000007qan",
        "X-Cache": "CONFIG_NOCACHE"
      },
      "ResponseBody": null
    },
    {
      "RequestUri": "https://endpoint/routing/distributionPolicies/test-d-policy-recorded-jobs?api-version=2024-01-18-preview",
      "RequestMethod": "DELETE",
      "RequestHeaders": {
        "Accept": "application/json",
        "Accept-Encoding": "gzip, deflate, br",
        "Authorization": "Sanitized",
        "Connection": "keep-alive",
        "Referer": "http://localhost:9876/",
        "sec-ch-ua": "\u0022Chromium\u0022;v=\u0022122\u0022, \u0022Not(A:Brand\u0022;v=\u002224\u0022, \u0022HeadlessChrome\u0022;v=\u0022122\u0022",
        "sec-ch-ua-mobile": "?0",
        "sec-ch-ua-platform": "\u0022Windows\u0022",
        "Sec-Fetch-Dest": "empty",
        "Sec-Fetch-Mode": "cors",
        "Sec-Fetch-Site": "same-site",
        "User-Agent": "Mozilla/5.0 (Windows NT 10.0; Win64; x64) AppleWebKit/537.36 (KHTML, like Gecko) HeadlessChrome/122.0.6261.69 Safari/537.36",
        "x-ms-client-request-id": "b1ceda34-d05d-4ab8-b51d-a9368aef9611",
        "x-ms-content-sha256": "47DEQpj8HBSa\u002B/TImW\u002B5JCeuQeRkm5NMpJWZG3hSuFU=",
        "x-ms-date": "Wed, 06 Mar 2024 00:18:59 GMT",
        "x-ms-useragent": "azsdk-js-communication-job-router-rest/1.0.0-beta.1 core-rest-pipeline/1.14.1 OS/Windows"
      },
      "RequestBody": null,
      "StatusCode": 400,
      "ResponseHeaders": {
        "api-supported-versions": "2021-04-07-preview1, 2022-07-18-preview, 2023-08-25-preview, 2023-11-01, 2024-01-18-preview",
        "Connection": "keep-alive",
        "Content-Type": "application/json; charset=utf-8",
        "Date": "Wed, 06 Mar 2024 00:18:59 GMT",
        "Request-Context": "appId=",
        "Strict-Transport-Security": "max-age=31536000;includeSubDomains",
        "trace-id": "9a1675ec-9bd8-3ba1-b959-0127795c7dd4",
        "Transfer-Encoding": "chunked",
        "x-azure-ref": "20240306T001859Z-0x7tzx3ngt5w5b06dr96mddt7800000004v0000000007qas",
        "X-Cache": "CONFIG_NOCACHE"
      },
      "ResponseBody": {
        "communicationError": {
          "code": "BadRequest",
          "message": "One or more validation errors occurred.",
          "target": "/routing/distributionPolicies/test-d-policy-recorded-jobs",
          "details": [
            {
              "code": "QueueExistsWithDistributionPolicy",
              "message": "There is a queue with this distribution policy"
            }
          ]
        }
      }
    },
    {
      "RequestUri": "https://endpoint/routing/exceptionPolicies/test-e-policy-recorded-jobs?api-version=2024-01-18-preview",
      "RequestMethod": "DELETE",
      "RequestHeaders": {
        "Accept": "application/json",
        "Accept-Encoding": "gzip, deflate, br",
        "Authorization": "Sanitized",
        "Connection": "keep-alive",
        "Referer": "http://localhost:9876/",
        "sec-ch-ua": "\u0022Chromium\u0022;v=\u0022122\u0022, \u0022Not(A:Brand\u0022;v=\u002224\u0022, \u0022HeadlessChrome\u0022;v=\u0022122\u0022",
        "sec-ch-ua-mobile": "?0",
        "sec-ch-ua-platform": "\u0022Windows\u0022",
        "Sec-Fetch-Dest": "empty",
        "Sec-Fetch-Mode": "cors",
        "Sec-Fetch-Site": "same-site",
        "User-Agent": "Mozilla/5.0 (Windows NT 10.0; Win64; x64) AppleWebKit/537.36 (KHTML, like Gecko) HeadlessChrome/122.0.6261.69 Safari/537.36",
        "x-ms-client-request-id": "b59b8bda-9e51-4d2d-9513-097dde394843",
        "x-ms-content-sha256": "47DEQpj8HBSa\u002B/TImW\u002B5JCeuQeRkm5NMpJWZG3hSuFU=",
        "x-ms-date": "Wed, 06 Mar 2024 00:18:59 GMT",
        "x-ms-useragent": "azsdk-js-communication-job-router-rest/1.0.0-beta.1 core-rest-pipeline/1.14.1 OS/Windows"
      },
      "RequestBody": null,
      "StatusCode": 400,
      "ResponseHeaders": {
        "api-supported-versions": "2021-04-07-preview1, 2022-07-18-preview, 2023-08-25-preview, 2023-11-01, 2024-01-18-preview",
        "Connection": "keep-alive",
        "Content-Type": "application/json; charset=utf-8",
        "Date": "Wed, 06 Mar 2024 00:18:59 GMT",
        "Request-Context": "appId=",
        "Strict-Transport-Security": "max-age=31536000;includeSubDomains",
        "trace-id": "943203fd-29f2-5904-a5c9-e7d760d1389a",
        "Transfer-Encoding": "chunked",
        "x-azure-ref": "20240306T001859Z-0x7tzx3ngt5w5b06dr96mddt7800000004v0000000007qav",
        "X-Cache": "CONFIG_NOCACHE"
      },
      "ResponseBody": {
        "communicationError": {
          "code": "BadRequest",
          "message": "One or more validation errors occurred.",
          "target": "/routing/exceptionPolicies/test-e-policy-recorded-jobs",
          "details": [
            {
              "code": "QueueExistsWithExceptionPolicy",
              "message": "There is a queue with this exception policy"
            }
          ]
        }
      }
    },
    {
      "RequestUri": "https://endpoint/routing/queues/test-a-queue-recorded-jobs?api-version=2024-01-18-preview",
      "RequestMethod": "DELETE",
      "RequestHeaders": {
        "Accept": "application/json",
        "Accept-Encoding": "gzip, deflate, br",
        "Authorization": "Sanitized",
        "Connection": "keep-alive",
        "Referer": "http://localhost:9876/",
        "sec-ch-ua": "\u0022Chromium\u0022;v=\u0022122\u0022, \u0022Not(A:Brand\u0022;v=\u002224\u0022, \u0022HeadlessChrome\u0022;v=\u0022122\u0022",
        "sec-ch-ua-mobile": "?0",
        "sec-ch-ua-platform": "\u0022Windows\u0022",
        "Sec-Fetch-Dest": "empty",
        "Sec-Fetch-Mode": "cors",
        "Sec-Fetch-Site": "same-site",
        "User-Agent": "Mozilla/5.0 (Windows NT 10.0; Win64; x64) AppleWebKit/537.36 (KHTML, like Gecko) HeadlessChrome/122.0.6261.69 Safari/537.36",
        "x-ms-client-request-id": "2105347a-0fe3-417b-8b60-15f16e7abe17",
        "x-ms-content-sha256": "47DEQpj8HBSa\u002B/TImW\u002B5JCeuQeRkm5NMpJWZG3hSuFU=",
        "x-ms-date": "Wed, 06 Mar 2024 00:18:59 GMT",
        "x-ms-useragent": "azsdk-js-communication-job-router-rest/1.0.0-beta.1 core-rest-pipeline/1.14.1 OS/Windows"
      },
      "RequestBody": null,
      "StatusCode": 204,
      "ResponseHeaders": {
        "api-supported-versions": "2021-04-07-preview1, 2022-07-18-preview, 2023-08-25-preview, 2023-11-01, 2024-01-18-preview",
        "Connection": "keep-alive",
        "Date": "Wed, 06 Mar 2024 00:18:59 GMT",
        "Request-Context": "appId=",
        "Strict-Transport-Security": "max-age=31536000;includeSubDomains",
        "trace-id": "304d3f6b-92d0-66fa-e7e5-2177fea3e8a5",
        "x-azure-ref": "20240306T001859Z-0x7tzx3ngt5w5b06dr96mddt7800000004v0000000007qax",
        "X-Cache": "CONFIG_NOCACHE"
      },
      "ResponseBody": null
    }
  ],
  "Variables": {}
}
