{
  "Entries": [
    {
      "RequestUri": "https://tcac7e9c41ef52cechsm.managedhsm.azure.net/keys/464485753/create?api-version=7.5-preview.1",
      "RequestMethod": "POST",
      "RequestHeaders": {
        "Accept": "application/json",
        "Content-Length": "0",
        "traceparent": "00-d6b4a51c6e7a346f8733e52c14145782-0db2d4db26995499-00",
        "User-Agent": "azsdk-net-Security.KeyVault.Keys/4.6.0-alpha.20230825.1 (.NET 7.0.10; Microsoft Windows 10.0.22621)",
        "x-ms-client-request-id": "f621f590b60d745c1587879f180056c5",
        "x-ms-return-client-request-id": "true"
      },
      "RequestBody": null,
      "StatusCode": 401,
      "ResponseHeaders": {
        "Cache-Control": "no-cache",
        "Content-Length": "0",
        "Content-Security-Policy": "default-src \u0027self\u0027",
        "Content-Type": "application/json; charset=utf-8",
        "Strict-Transport-Security": "max-age=31536000; includeSubDomains",
        "WWW-Authenticate": "Bearer authorization=\u0022https://login.microsoftonline.com/72f988bf-86f1-41af-91ab-2d7cd011db47\u0022, resource=\u0022https://managedhsm.azure.net\u0022",
        "X-Content-Type-Options": "nosniff",
        "X-Frame-Options": "SAMEORIGIN",
        "x-ms-request-id": "4f3c5fb4-439b-11ee-9a8f-6045bd6e6f36",
        "x-ms-server-latency": "1"
      },
      "ResponseBody": null
    },
    {
      "RequestUri": "https://tcac7e9c41ef52cechsm.managedhsm.azure.net/keys/464485753/create?api-version=7.5-preview.1",
      "RequestMethod": "POST",
      "RequestHeaders": {
        "Accept": "application/json",
        "Authorization": "Sanitized",
        "Content-Length": "29",
        "Content-Type": "application/json",
        "traceparent": "00-d6b4a51c6e7a346f8733e52c14145782-0db2d4db26995499-00",
        "User-Agent": "azsdk-net-Security.KeyVault.Keys/4.6.0-alpha.20230825.1 (.NET 7.0.10; Microsoft Windows 10.0.22621)",
        "x-ms-client-request-id": "f621f590b60d745c1587879f180056c5",
        "x-ms-return-client-request-id": "true"
      },
      "RequestBody": {
        "kty": "RSA",
        "key_size": 2048
      },
      "StatusCode": 200,
      "ResponseHeaders": {
        "Cache-Control": "no-cache",
        "Content-Length": "722",
        "Content-Security-Policy": "default-src \u0027self\u0027",
        "Content-Type": "application/json; charset=utf-8",
        "Strict-Transport-Security": "max-age=31536000; includeSubDomains",
        "X-Content-Type-Options": "nosniff",
        "X-Frame-Options": "SAMEORIGIN",
        "x-ms-keyvault-network-info": "conn_type=Ipv4;addr=24.16.18.89;act_addr_fam=Ipv4;",
        "x-ms-keyvault-region": "francecentral",
        "x-ms-request-id": "4f838af6-439b-11ee-9a8f-6045bd6e6f36",
        "x-ms-server-latency": "141"
      },
      "ResponseBody": {
        "attributes": {
          "created": 1693004482,
          "enabled": true,
          "exportable": false,
          "recoverableDays": 7,
          "recoveryLevel": "CustomizedRecoverable\u002BPurgeable",
          "updated": 1693004482
        },
        "key": {
          "e": "AQAB",
          "key_ops": [
            "wrapKey",
            "decrypt",
            "encrypt",
            "unwrapKey",
            "sign",
            "verify"
          ],
          "kid": "https://tcac7e9c41ef52cechsm.managedhsm.azure.net/keys/464485753/4c4fb7b5539540e0b04713f4fd96575f",
          "kty": "RSA-HSM",
          "n": "tecX6svB6FtUSWtbfHt0x6IhtephKxlxPS9NhOC7-IsdwftoQ4mL9ooTBRDjQbUGkYgexFHrWSED6_HBz2TgwJxV8PdiFgO35SfnZghHpBpw2zjY_OdkfieKc9M4ipYSl21ITma8xvOdBqmuWYVYL5Q_KEqILD74QJae08W86iGE0OPDnObliygOKO7wCvYp3xVyIlBiD7S8JTJrSkklR1xrGaJo86p8I_qKp9wysc53js3IKB5TM7Aym641sANYb_SFKGRghCjeyaXTpzIUecTx1l5XmZ9O0zWQ5v8vsJKT-Goyf2k6YMZ4AVC-XW0mcXuHnucVMuR-Lvzy6grgVQ"
        }
      }
    },
    {
      "RequestUri": "https://tcac7e9c41ef52cechsm.managedhsm.azure.net/keys/464485753/?api-version=7.5-preview.1",
      "RequestMethod": "GET",
      "RequestHeaders": {
        "Accept": "application/json",
        "Authorization": "Sanitized",
        "traceparent": "00-61fc2aed4c9a0a7cab5a047defd7a4d8-d9178a0faeb2f294-00",
        "User-Agent": "azsdk-net-Security.KeyVault.Keys/4.6.0-alpha.20230825.1 (.NET 7.0.10; Microsoft Windows 10.0.22621)",
        "x-ms-client-request-id": "de1c19760f0a57d4838ea8b56df77e7c",
        "x-ms-return-client-request-id": "true"
      },
      "RequestBody": null,
      "StatusCode": 200,
      "ResponseHeaders": {
        "Cache-Control": "no-cache",
        "Content-Length": "722",
        "Content-Security-Policy": "default-src \u0027self\u0027",
        "Content-Type": "application/json; charset=utf-8",
        "Strict-Transport-Security": "max-age=31536000; includeSubDomains",
        "X-Content-Type-Options": "nosniff",
        "X-Frame-Options": "SAMEORIGIN",
        "x-ms-build-version": "1.0.20230713-3-40221b92-1.0.20230706-3-4bcefe4d-develop",
        "x-ms-keyvault-network-info": "conn_type=Ipv4;addr=24.16.18.89;act_addr_fam=Ipv4;",
        "x-ms-keyvault-region": "francecentral",
        "x-ms-request-id": "4fb4a762-439b-11ee-9a8f-6045bd6e6f36",
        "x-ms-server-latency": "8"
      },
      "ResponseBody": {
        "attributes": {
          "created": 1693004482,
          "enabled": true,
          "exportable": false,
          "recoverableDays": 7,
          "recoveryLevel": "CustomizedRecoverable\u002BPurgeable",
          "updated": 1693004482
        },
        "key": {
          "e": "AQAB",
          "key_ops": [
            "verify",
            "sign",
            "unwrapKey",
            "decrypt",
            "encrypt",
            "wrapKey"
          ],
          "kid": "https://tcac7e9c41ef52cechsm.managedhsm.azure.net/keys/464485753/4c4fb7b5539540e0b04713f4fd96575f",
          "kty": "RSA-HSM",
          "n": "tecX6svB6FtUSWtbfHt0x6IhtephKxlxPS9NhOC7-IsdwftoQ4mL9ooTBRDjQbUGkYgexFHrWSED6_HBz2TgwJxV8PdiFgO35SfnZghHpBpw2zjY_OdkfieKc9M4ipYSl21ITma8xvOdBqmuWYVYL5Q_KEqILD74QJae08W86iGE0OPDnObliygOKO7wCvYp3xVyIlBiD7S8JTJrSkklR1xrGaJo86p8I_qKp9wysc53js3IKB5TM7Aym641sANYb_SFKGRghCjeyaXTpzIUecTx1l5XmZ9O0zWQ5v8vsJKT-Goyf2k6YMZ4AVC-XW0mcXuHnucVMuR-Lvzy6grgVQ"
        }
      }
    }
  ],
  "Variables": {
    "AZURE_AUTHORITY_HOST": "https://login.microsoftonline.com",
    "AZURE_MANAGEDHSM_URL": "https://tcac7e9c41ef52cechsm.managedhsm.azure.net/",
    "RandomSeed": "976691243"
  }
}
