{
  "Entries": [
    {
      "RequestUri": "https://tcac7e9c41ef52cechsm.managedhsm.azure.net/keys/987352679/create?api-version=7.5",
      "RequestMethod": "POST",
      "RequestHeaders": {
        "Accept": "application/json",
        "Content-Length": "0",
        "traceparent": "00-2ee6ee96fdc092933f3dc7c3bc7469ae-561cfd01b5b7352c-00",
        "User-Agent": "azsdk-net-Security.KeyVault.Keys/4.6.0-alpha.20240209.1 (.NET 7.0.15; Microsoft Windows 10.0.22631)",
        "x-ms-client-request-id": "6cfc1f469754a3f0871709b69273d196",
        "x-ms-return-client-request-id": "true"
      },
      "RequestBody": null,
      "StatusCode": 401,
      "ResponseHeaders": {
        "Cache-Control": "no-cache",
        "Content-Length": "0",
        "Content-Security-Policy": "default-src \u0027self\u0027",
        "Content-Type": "application/json; charset=utf-8",
        "Strict-Transport-Security": "max-age=31536000; includeSubDomains",
        "WWW-Authenticate": "Bearer authorization=\u0022https://login.microsoftonline.com/72f988bf-86f1-41af-91ab-2d7cd011db47\u0022, resource=\u0022https://managedhsm.azure.net\u0022",
        "X-Content-Type-Options": "nosniff",
        "X-Frame-Options": "SAMEORIGIN",
        "x-ms-request-id": "e5f541bc-c7cd-11ee-9c06-0022483a2d18",
        "x-ms-server-latency": "0"
      },
      "ResponseBody": null
    },
    {
      "RequestUri": "https://tcac7e9c41ef52cechsm.managedhsm.azure.net/keys/987352679/create?api-version=7.5",
      "RequestMethod": "POST",
      "RequestHeaders": {
        "Accept": "application/json",
        "Authorization": "Sanitized",
        "Content-Length": "98",
        "Content-Type": "application/json",
        "traceparent": "00-2ee6ee96fdc092933f3dc7c3bc7469ae-561cfd01b5b7352c-00",
        "User-Agent": "azsdk-net-Security.KeyVault.Keys/4.6.0-alpha.20240209.1 (.NET 7.0.15; Microsoft Windows 10.0.22631)",
        "x-ms-client-request-id": "6cfc1f469754a3f0871709b69273d196",
        "x-ms-return-client-request-id": "true"
      },
      "RequestBody": {
        "kty": "EC",
        "attributes": {
          "enabled": false,
          "nbf": 1564536012,
          "exp": 1567128012
        },
        "key_ops": [
          "verify"
        ]
      },
      "StatusCode": 200,
      "ResponseHeaders": {
        "Cache-Control": "no-cache",
        "Content-Length": "461",
        "Content-Security-Policy": "default-src \u0027self\u0027",
        "Content-Type": "application/json; charset=utf-8",
        "Strict-Transport-Security": "max-age=31536000; includeSubDomains",
        "X-Content-Type-Options": "nosniff",
        "X-Frame-Options": "SAMEORIGIN",
        "x-ms-keyvault-network-info": "conn_type=Ipv4;addr=24.16.18.89;act_addr_fam=Ipv4;",
        "x-ms-keyvault-region": "francecentral",
        "x-ms-request-id": "e62233b6-c7cd-11ee-9c06-0022483a2d18",
        "x-ms-server-latency": "191"
      },
      "ResponseBody": {
        "attributes": {
          "created": 1707539763,
          "enabled": false,
          "exp": 1567128012,
          "exportable": false,
          "nbf": 1564536012,
          "recoverableDays": 7,
          "recoveryLevel": "CustomizedRecoverable\u002BPurgeable",
          "updated": 1707539763
        },
        "key": {
          "crv": "P-256",
          "key_ops": [
            "verify"
          ],
          "kid": "https://tcac7e9c41ef52cechsm.managedhsm.azure.net/keys/987352679/c789b6de7ecf0a0fa3c4b3718dea9c8c",
          "kty": "EC-HSM",
          "x": "ac_ZRxJ0gdxasaFSYk1iqPhIJpcHvfQCzXPEbNy8E8Q",
          "y": "f4DtOVdzyg1m3gToXBSwRxckuGTX4blYAatdc3xpuoY"
        }
      }
    },
    {
      "RequestUri": "https://tcac7e9c41ef52cechsm.managedhsm.azure.net/keys/987352679/?api-version=7.5",
      "RequestMethod": "GET",
      "RequestHeaders": {
        "Accept": "application/json",
        "Authorization": "Sanitized",
        "traceparent": "00-40f5943ffe6bf10712089ac779d6e1aa-2c7ea4ac0240955a-00",
        "User-Agent": "azsdk-net-Security.KeyVault.Keys/4.6.0-alpha.20240209.1 (.NET 7.0.15; Microsoft Windows 10.0.22631)",
        "x-ms-client-request-id": "8cd5f1e8841c194d79d7fc2d9442da8d",
        "x-ms-return-client-request-id": "true"
      },
      "RequestBody": null,
      "StatusCode": 200,
      "ResponseHeaders": {
        "Cache-Control": "no-cache",
        "Content-Length": "461",
        "Content-Security-Policy": "default-src \u0027self\u0027",
        "Content-Type": "application/json; charset=utf-8",
        "Strict-Transport-Security": "max-age=31536000; includeSubDomains",
        "X-Content-Type-Options": "nosniff",
        "X-Frame-Options": "SAMEORIGIN",
        "x-ms-build-version": "1.0.20240118-4-86344c01-develop",
        "x-ms-keyvault-network-info": "conn_type=Ipv4;addr=24.16.18.89;act_addr_fam=Ipv4;",
        "x-ms-keyvault-region": "francecentral",
        "x-ms-request-id": "e65a3b58-c7cd-11ee-9c06-0022483a2d18",
        "x-ms-server-latency": "5"
      },
      "ResponseBody": {
        "attributes": {
          "created": 1707539763,
          "enabled": false,
          "exp": 1567128012,
          "exportable": false,
          "nbf": 1564536012,
          "recoverableDays": 7,
          "recoveryLevel": "CustomizedRecoverable\u002BPurgeable",
          "updated": 1707539763
        },
        "key": {
          "crv": "P-256",
          "key_ops": [
            "verify"
          ],
          "kid": "https://tcac7e9c41ef52cechsm.managedhsm.azure.net/keys/987352679/c789b6de7ecf0a0fa3c4b3718dea9c8c",
          "kty": "EC-HSM",
          "x": "ac_ZRxJ0gdxasaFSYk1iqPhIJpcHvfQCzXPEbNy8E8Q",
          "y": "f4DtOVdzyg1m3gToXBSwRxckuGTX4blYAatdc3xpuoY"
        }
      }
    }
  ],
  "Variables": {
    "AZURE_MANAGEDHSM_URL": "https://tcac7e9c41ef52cechsm.managedhsm.azure.net/",
    "RandomSeed": "514413093"
  }
}
