{
  "Entries": [
    {
      "RequestUri": "https://rgjoncardekvv76hsm.managedhsm.azure.net/keys/561730438/create?api-version=7.6",
      "RequestMethod": "POST",
      "RequestHeaders": {
        "Accept": "application/json",
        "Content-Length": "0",
        "traceparent": "00-97adaaa88165678b622e0f84b819c9ca-ba3ac41c76b96bc9-00",
        "User-Agent": "azsdk-net-Security.KeyVault.Keys/4.8.0-alpha.20250624.1 (.NET 9.0.6; Microsoft Windows 10.0.26100)",
        "x-ms-client-request-id": "Sanitized",
        "x-ms-return-client-request-id": "true"
      },
      "RequestBody": null,
      "StatusCode": 401,
      "ResponseHeaders": {
        "Cache-Control": "no-cache",
        "Content-Length": "0",
        "Content-Security-Policy": "default-src 'self'",
        "Content-Type": "application/json; charset=utf-8",
        "Strict-Transport-Security": "max-age=31536000; includeSubDomains",
        "WWW-Authenticate": "Bearer authorization=\"https://login.microsoftonline.com/70a036f6-8e4d-4615-bad6-149c02e7720d\", resource=\"https://managedhsm.azure.net\"",
        "X-Content-Type-Options": "nosniff",
        "X-Frame-Options": "SAMEORIGIN",
        "x-ms-request-id": "06acba50-50f0-11f0-8b65-00224840ca9d",
        "x-ms-server-latency": "0"
      },
      "ResponseBody": null
    },
    {
      "RequestUri": "https://rgjoncardekvv76hsm.managedhsm.azure.net/keys/561730438/create?api-version=7.6",
      "RequestMethod": "POST",
      "RequestHeaders": {
        "Accept": "application/json",
        "Authorization": "Sanitized",
        "Content-Length": "16",
        "Content-Type": "application/json",
        "traceparent": "00-97adaaa88165678b622e0f84b819c9ca-ba3ac41c76b96bc9-00",
        "User-Agent": "azsdk-net-Security.KeyVault.Keys/4.8.0-alpha.20250624.1 (.NET 9.0.6; Microsoft Windows 10.0.26100)",
        "x-ms-client-request-id": "Sanitized",
        "x-ms-return-client-request-id": "true"
      },
      "RequestBody": {
        "kty": "EC-HSM"
      },
      "StatusCode": 200,
      "ResponseHeaders": {
        "Cache-Control": "no-cache",
        "Content-Length": "443",
        "Content-Security-Policy": "default-src 'self'",
        "Content-Type": "application/json; charset=utf-8",
        "Strict-Transport-Security": "max-age=31536000; includeSubDomains",
        "X-Content-Type-Options": "nosniff",
        "X-Frame-Options": "SAMEORIGIN",
        "x-ms-keyvault-network-info": "conn_type=Ipv4;addr=50.175.105.250;act_addr_fam=Ipv4;",
        "x-ms-keyvault-region": "uksouth",
        "x-ms-request-id": "0ac7b964-50f0-11f0-8b65-00224840ca9d",
        "x-ms-server-latency": "130"
      },
      "ResponseBody": {
        "attributes": {
          "created": 1750765235,
          "enabled": true,
          "exportable": false,
          "recoverableDays": 7,
          "recoveryLevel": "CustomizedRecoverable+Purgeable",
          "updated": 1750765235
        },
        "key": {
          "crv": "P-256",
          "key_ops": [
            "verify",
            "deriveKey",
            "sign"
          ],
          "kid": "https://rgjoncardekvv76hsm.managedhsm.azure.net/keys/561730438/5e5a4f7b955604b5842e272b2db0c597",
          "kty": "EC-HSM",
          "x": "9-TD7gg6CvqXtS_jH4_HVPttEbYr9rbR0wpzpGRzrp8",
          "y": "_phg7AMTXYUi9xB3yYB-M-tMZ9ET41ViBvb7idfNs-w"
        }
      }
    },
    {
      "RequestUri": "https://rgjoncardekvv76hsm.managedhsm.azure.net/keys/561730438?api-version=7.6",
      "RequestMethod": "DELETE",
      "RequestHeaders": {
        "Accept": "application/json",
        "Authorization": "Sanitized",
        "traceparent": "00-6391d74ee707153954f23dfdfae7001c-175e434c02f42d38-00",
        "User-Agent": "azsdk-net-Security.KeyVault.Keys/4.8.0-alpha.20250624.1 (.NET 9.0.6; Microsoft Windows 10.0.26100)",
        "x-ms-client-request-id": "Sanitized",
        "x-ms-return-client-request-id": "true"
      },
      "RequestBody": null,
      "StatusCode": 200,
      "ResponseHeaders": {
        "Cache-Control": "no-cache",
        "Content-Length": "585",
        "Content-Security-Policy": "default-src 'self'",
        "Content-Type": "application/json; charset=utf-8",
        "Strict-Transport-Security": "max-age=31536000; includeSubDomains",
        "X-Content-Type-Options": "nosniff",
        "X-Frame-Options": "SAMEORIGIN",
        "x-ms-keyvault-network-info": "conn_type=Ipv4;addr=50.175.105.250;act_addr_fam=Ipv4;",
        "x-ms-keyvault-region": "uksouth",
        "x-ms-request-id": "0af1f6d4-50f0-11f0-8b65-00224840ca9d",
        "x-ms-server-latency": "24"
      },
      "ResponseBody": {
        "attributes": {
          "created": 1750765235,
          "enabled": true,
          "exportable": false,
          "recoverableDays": 7,
          "recoveryLevel": "CustomizedRecoverable+Purgeable",
          "updated": 1750765235
        },
        "deletedDate": 1750765235,
        "key": {
          "crv": "P-256",
          "key_ops": [
            "deriveKey",
            "verify",
            "sign"
          ],
          "kid": "https://rgjoncardekvv76hsm.managedhsm.azure.net/keys/561730438/5e5a4f7b955604b5842e272b2db0c597",
          "kty": "EC-HSM",
          "x": "9-TD7gg6CvqXtS_jH4_HVPttEbYr9rbR0wpzpGRzrp8",
          "y": "_phg7AMTXYUi9xB3yYB-M-tMZ9ET41ViBvb7idfNs-w"
        },
        "recoveryId": "https://rgjoncardekvv76hsm.managedhsm.azure.net/deletedkeys/561730438",
        "scheduledPurgeDate": 1751370035
      }
    },
    {
      "RequestUri": "https://rgjoncardekvv76hsm.managedhsm.azure.net/deletedkeys/561730438?api-version=7.6",
      "RequestMethod": "GET",
      "RequestHeaders": {
        "Accept": "application/json",
        "Authorization": "Sanitized",
        "User-Agent": "azsdk-net-Security.KeyVault.Keys/4.8.0-alpha.20250624.1 (.NET 9.0.6; Microsoft Windows 10.0.26100)",
        "x-ms-client-request-id": "Sanitized",
        "x-ms-return-client-request-id": "true"
      },
      "RequestBody": null,
      "StatusCode": 200,
      "ResponseHeaders": {
        "Cache-Control": "no-cache",
        "Content-Length": "585",
        "Content-Security-Policy": "default-src 'self'",
        "Content-Type": "application/json; charset=utf-8",
        "Strict-Transport-Security": "max-age=31536000; includeSubDomains",
        "X-Content-Type-Options": "nosniff",
        "X-Frame-Options": "SAMEORIGIN",
        "x-ms-build-version": "1.0.20250601-1-938c6570-develop",
        "x-ms-keyvault-network-info": "conn_type=Ipv4;addr=50.175.105.250;act_addr_fam=Ipv4;",
        "x-ms-keyvault-region": "uksouth",
        "x-ms-request-id": "0b0c3eb8-50f0-11f0-8b65-00224840ca9d",
        "x-ms-server-latency": "4"
      },
      "ResponseBody": {
        "attributes": {
          "created": 1750765235,
          "enabled": true,
          "exportable": false,
          "recoverableDays": 7,
          "recoveryLevel": "CustomizedRecoverable+Purgeable",
          "updated": 1750765235
        },
        "deletedDate": 1750765235,
        "key": {
          "crv": "P-256",
          "key_ops": [
            "sign",
            "deriveKey",
            "verify"
          ],
          "kid": "https://rgjoncardekvv76hsm.managedhsm.azure.net/keys/561730438/5e5a4f7b955604b5842e272b2db0c597",
          "kty": "EC-HSM",
          "x": "9-TD7gg6CvqXtS_jH4_HVPttEbYr9rbR0wpzpGRzrp8",
          "y": "_phg7AMTXYUi9xB3yYB-M-tMZ9ET41ViBvb7idfNs-w"
        },
        "recoveryId": "https://rgjoncardekvv76hsm.managedhsm.azure.net/deletedkeys/561730438",
        "scheduledPurgeDate": 1751370035
      }
    },
    {
      "RequestUri": "https://rgjoncardekvv76hsm.managedhsm.azure.net/keys/561730438/?api-version=7.6",
      "RequestMethod": "GET",
      "RequestHeaders": {
        "Accept": "application/json",
        "Authorization": "Sanitized",
        "traceparent": "00-d38b5770229e63931047fe5fa2c67e27-f9acf8c6f9f1b245-00",
        "User-Agent": "azsdk-net-Security.KeyVault.Keys/4.8.0-alpha.20250624.1 (.NET 9.0.6; Microsoft Windows 10.0.26100)",
        "x-ms-client-request-id": "Sanitized",
        "x-ms-return-client-request-id": "true"
      },
      "RequestBody": null,
      "StatusCode": 404,
      "ResponseHeaders": {
        "Cache-Control": "no-cache",
        "Content-Length": "174",
        "Content-Security-Policy": "default-src 'self'",
        "Content-Type": "application/json; charset=utf-8",
        "Strict-Transport-Security": "max-age=31536000; includeSubDomains",
        "X-Content-Type-Options": "nosniff",
        "X-Frame-Options": "SAMEORIGIN",
        "x-ms-build-version": "1.0.20250601-1-938c6570-develop",
        "x-ms-request-id": "0b239aae-50f0-11f0-8b65-00224840ca9d",
        "x-ms-server-latency": "3"
      },
      "ResponseBody": {
        "error": {
          "code": "KeyNotFound",
          "message": "Key not found: https://rgjoncardekvv76hsm.managedhsm.azure.net/keys/561730438 (Activity ID: 0b239aae-50f0-11f0-8b65-00224840ca9d)"
        }
      }
    }
  ],
  "Variables": {
    "AZURE_MANAGEDHSM_URL": "https://rgjoncardekvv76hsm.managedhsm.azure.net/",
    "RandomSeed": "1542319998"
  }
}
