{
  "Entries": [
    {
      "RequestUri": "https://rgjoncardekvv76hsm.managedhsm.azure.net/keys/810237776/create?api-version=7.6",
      "RequestMethod": "POST",
      "RequestHeaders": {
        "Accept": "application/json",
        "Content-Length": "0",
        "traceparent": "00-66a7197986f2aa8af4cc29383c7a942d-11374c0c96fd0da4-00",
        "User-Agent": "azsdk-net-Security.KeyVault.Keys/4.8.0-alpha.20250624.1 (.NET 9.0.6; Microsoft Windows 10.0.26100)",
        "x-ms-client-request-id": "Sanitized",
        "x-ms-return-client-request-id": "true"
      },
      "RequestBody": null,
      "StatusCode": 401,
      "ResponseHeaders": {
        "Cache-Control": "no-cache",
        "Content-Length": "0",
        "Content-Security-Policy": "default-src 'self'",
        "Content-Type": "application/json; charset=utf-8",
        "Strict-Transport-Security": "max-age=31536000; includeSubDomains",
        "WWW-Authenticate": "Bearer authorization=\"https://login.microsoftonline.com/70a036f6-8e4d-4615-bad6-149c02e7720d\", resource=\"https://managedhsm.azure.net\"",
        "X-Content-Type-Options": "nosniff",
        "X-Frame-Options": "SAMEORIGIN",
        "x-ms-request-id": "1a68c300-50ef-11f0-8b65-00224840ca9d",
        "x-ms-server-latency": "0"
      },
      "ResponseBody": null
    },
    {
      "RequestUri": "https://rgjoncardekvv76hsm.managedhsm.azure.net/keys/810237776/create?api-version=7.6",
      "RequestMethod": "POST",
      "RequestHeaders": {
        "Accept": "application/json",
        "Authorization": "Sanitized",
        "Content-Length": "17",
        "Content-Type": "application/json",
        "traceparent": "00-66a7197986f2aa8af4cc29383c7a942d-11374c0c96fd0da4-00",
        "User-Agent": "azsdk-net-Security.KeyVault.Keys/4.8.0-alpha.20250624.1 (.NET 9.0.6; Microsoft Windows 10.0.26100)",
        "x-ms-client-request-id": "Sanitized",
        "x-ms-return-client-request-id": "true"
      },
      "RequestBody": {
        "kty": "RSA-HSM"
      },
      "StatusCode": 200,
      "ResponseHeaders": {
        "Cache-Control": "no-cache",
        "Content-Length": "720",
        "Content-Security-Policy": "default-src 'self'",
        "Content-Type": "application/json; charset=utf-8",
        "Strict-Transport-Security": "max-age=31536000; includeSubDomains",
        "X-Content-Type-Options": "nosniff",
        "X-Frame-Options": "SAMEORIGIN",
        "x-ms-keyvault-network-info": "conn_type=Ipv4;addr=50.175.105.250;act_addr_fam=Ipv4;",
        "x-ms-keyvault-region": "uksouth",
        "x-ms-request-id": "1e2d882c-50ef-11f0-8b65-00224840ca9d",
        "x-ms-server-latency": "86"
      },
      "ResponseBody": {
        "attributes": {
          "created": 1750764838,
          "enabled": true,
          "exportable": false,
          "recoverableDays": 7,
          "recoveryLevel": "CustomizedRecoverable+Purgeable",
          "updated": 1750764838
        },
        "key": {
          "e": "AQAB",
          "key_ops": [
            "wrapKey",
            "decrypt",
            "encrypt",
            "unwrapKey",
            "sign",
            "verify"
          ],
          "kid": "https://rgjoncardekvv76hsm.managedhsm.azure.net/keys/810237776/045138b395d102ea19e8983f0b067652",
          "kty": "RSA-HSM",
          "n": "jESnRWedUkN05pVvKn0HBWWUB6DrW55myy-9HFGUcKITrJqnjSr19JzRQ8tYA2dLR7B2z76zwGoTpmyIhZAOLf1YKbQO8CImSCmDf1cjt36jY_44aG6Zu6lKCyA1Y2FTUXng8BBSxMSs1_4chyG7U3VSS4KWhSEkOPF66v7JrwzmAZQGMwnb6JPTySLCAn6bF85l34gTY7OdfdChRk0npbMtq2q-GxtBSlLPbCDAZZOaCWR19PnMYvEVZdixc1hrC59NfgSdHennBBWYpXyS__TgRXxxXK_P5weXWPIcryGsSH7Pj8FGPo6m6ZdpWyIul2MDi2GD2d6LNnMKCuboxw"
        }
      }
    },
    {
      "RequestUri": "https://rgjoncardekvv76hsm.managedhsm.azure.net/keys/810237776?api-version=7.6",
      "RequestMethod": "DELETE",
      "RequestHeaders": {
        "Accept": "application/json",
        "Authorization": "Sanitized",
        "traceparent": "00-0746699c9d193fc2193e50d71e0741ba-20d0f62003c2aa39-00",
        "User-Agent": "azsdk-net-Security.KeyVault.Keys/4.8.0-alpha.20250624.1 (.NET 9.0.6; Microsoft Windows 10.0.26100)",
        "x-ms-client-request-id": "Sanitized",
        "x-ms-return-client-request-id": "true"
      },
      "RequestBody": null,
      "StatusCode": 200,
      "ResponseHeaders": {
        "Cache-Control": "no-cache",
        "Content-Length": "862",
        "Content-Security-Policy": "default-src 'self'",
        "Content-Type": "application/json; charset=utf-8",
        "Strict-Transport-Security": "max-age=31536000; includeSubDomains",
        "X-Content-Type-Options": "nosniff",
        "X-Frame-Options": "SAMEORIGIN",
        "x-ms-keyvault-network-info": "conn_type=Ipv4;addr=50.175.105.250;act_addr_fam=Ipv4;",
        "x-ms-keyvault-region": "uksouth",
        "x-ms-request-id": "1e50edbc-50ef-11f0-8b65-00224840ca9d",
        "x-ms-server-latency": "24"
      },
      "ResponseBody": {
        "attributes": {
          "created": 1750764838,
          "enabled": true,
          "exportable": false,
          "recoverableDays": 7,
          "recoveryLevel": "CustomizedRecoverable+Purgeable",
          "updated": 1750764838
        },
        "deletedDate": 1750764838,
        "key": {
          "e": "AQAB",
          "key_ops": [
            "wrapKey",
            "encrypt",
            "decrypt",
            "unwrapKey",
            "sign",
            "verify"
          ],
          "kid": "https://rgjoncardekvv76hsm.managedhsm.azure.net/keys/810237776/045138b395d102ea19e8983f0b067652",
          "kty": "RSA-HSM",
          "n": "jESnRWedUkN05pVvKn0HBWWUB6DrW55myy-9HFGUcKITrJqnjSr19JzRQ8tYA2dLR7B2z76zwGoTpmyIhZAOLf1YKbQO8CImSCmDf1cjt36jY_44aG6Zu6lKCyA1Y2FTUXng8BBSxMSs1_4chyG7U3VSS4KWhSEkOPF66v7JrwzmAZQGMwnb6JPTySLCAn6bF85l34gTY7OdfdChRk0npbMtq2q-GxtBSlLPbCDAZZOaCWR19PnMYvEVZdixc1hrC59NfgSdHennBBWYpXyS__TgRXxxXK_P5weXWPIcryGsSH7Pj8FGPo6m6ZdpWyIul2MDi2GD2d6LNnMKCuboxw"
        },
        "recoveryId": "https://rgjoncardekvv76hsm.managedhsm.azure.net/deletedkeys/810237776",
        "scheduledPurgeDate": 1751369638
      }
    },
    {
      "RequestUri": "https://rgjoncardekvv76hsm.managedhsm.azure.net/deletedkeys/810237776?api-version=7.6",
      "RequestMethod": "GET",
      "RequestHeaders": {
        "Accept": "application/json",
        "Authorization": "Sanitized",
        "User-Agent": "azsdk-net-Security.KeyVault.Keys/4.8.0-alpha.20250624.1 (.NET 9.0.6; Microsoft Windows 10.0.26100)",
        "x-ms-client-request-id": "Sanitized",
        "x-ms-return-client-request-id": "true"
      },
      "RequestBody": null,
      "StatusCode": 200,
      "ResponseHeaders": {
        "Cache-Control": "no-cache",
        "Content-Length": "862",
        "Content-Security-Policy": "default-src 'self'",
        "Content-Type": "application/json; charset=utf-8",
        "Strict-Transport-Security": "max-age=31536000; includeSubDomains",
        "X-Content-Type-Options": "nosniff",
        "X-Frame-Options": "SAMEORIGIN",
        "x-ms-build-version": "1.0.20250601-1-938c6570-develop",
        "x-ms-keyvault-network-info": "conn_type=Ipv4;addr=50.175.105.250;act_addr_fam=Ipv4;",
        "x-ms-keyvault-region": "uksouth",
        "x-ms-request-id": "1e6b379e-50ef-11f0-8b65-00224840ca9d",
        "x-ms-server-latency": "4"
      },
      "ResponseBody": {
        "attributes": {
          "created": 1750764838,
          "enabled": true,
          "exportable": false,
          "recoverableDays": 7,
          "recoveryLevel": "CustomizedRecoverable+Purgeable",
          "updated": 1750764838
        },
        "deletedDate": 1750764838,
        "key": {
          "e": "AQAB",
          "key_ops": [
            "verify",
            "sign",
            "unwrapKey",
            "encrypt",
            "decrypt",
            "wrapKey"
          ],
          "kid": "https://rgjoncardekvv76hsm.managedhsm.azure.net/keys/810237776/045138b395d102ea19e8983f0b067652",
          "kty": "RSA-HSM",
          "n": "jESnRWedUkN05pVvKn0HBWWUB6DrW55myy-9HFGUcKITrJqnjSr19JzRQ8tYA2dLR7B2z76zwGoTpmyIhZAOLf1YKbQO8CImSCmDf1cjt36jY_44aG6Zu6lKCyA1Y2FTUXng8BBSxMSs1_4chyG7U3VSS4KWhSEkOPF66v7JrwzmAZQGMwnb6JPTySLCAn6bF85l34gTY7OdfdChRk0npbMtq2q-GxtBSlLPbCDAZZOaCWR19PnMYvEVZdixc1hrC59NfgSdHennBBWYpXyS__TgRXxxXK_P5weXWPIcryGsSH7Pj8FGPo6m6ZdpWyIul2MDi2GD2d6LNnMKCuboxw"
        },
        "recoveryId": "https://rgjoncardekvv76hsm.managedhsm.azure.net/deletedkeys/810237776",
        "scheduledPurgeDate": 1751369638
      }
    },
    {
      "RequestUri": "https://rgjoncardekvv76hsm.managedhsm.azure.net/deletedkeys/810237776?api-version=7.6",
      "RequestMethod": "GET",
      "RequestHeaders": {
        "Accept": "application/json",
        "Authorization": "Sanitized",
        "traceparent": "00-d681532060a9b198794a1c22b15bede6-42051cdffc5bda67-00",
        "User-Agent": "azsdk-net-Security.KeyVault.Keys/4.8.0-alpha.20250624.1 (.NET 9.0.6; Microsoft Windows 10.0.26100)",
        "x-ms-client-request-id": "Sanitized",
        "x-ms-return-client-request-id": "true"
      },
      "RequestBody": null,
      "StatusCode": 200,
      "ResponseHeaders": {
        "Cache-Control": "no-cache",
        "Content-Length": "862",
        "Content-Security-Policy": "default-src 'self'",
        "Content-Type": "application/json; charset=utf-8",
        "Strict-Transport-Security": "max-age=31536000; includeSubDomains",
        "X-Content-Type-Options": "nosniff",
        "X-Frame-Options": "SAMEORIGIN",
        "x-ms-build-version": "1.0.20250601-1-938c6570-develop",
        "x-ms-keyvault-network-info": "conn_type=Ipv4;addr=50.175.105.250;act_addr_fam=Ipv4;",
        "x-ms-keyvault-region": "uksouth",
        "x-ms-request-id": "1e9afe52-50ef-11f0-8b65-00224840ca9d",
        "x-ms-server-latency": "5"
      },
      "ResponseBody": {
        "attributes": {
          "created": 1750764838,
          "enabled": true,
          "exportable": false,
          "recoverableDays": 7,
          "recoveryLevel": "CustomizedRecoverable+Purgeable",
          "updated": 1750764838
        },
        "deletedDate": 1750764838,
        "key": {
          "e": "AQAB",
          "key_ops": [
            "verify",
            "sign",
            "unwrapKey",
            "encrypt",
            "decrypt",
            "wrapKey"
          ],
          "kid": "https://rgjoncardekvv76hsm.managedhsm.azure.net/keys/810237776/045138b395d102ea19e8983f0b067652",
          "kty": "RSA-HSM",
          "n": "jESnRWedUkN05pVvKn0HBWWUB6DrW55myy-9HFGUcKITrJqnjSr19JzRQ8tYA2dLR7B2z76zwGoTpmyIhZAOLf1YKbQO8CImSCmDf1cjt36jY_44aG6Zu6lKCyA1Y2FTUXng8BBSxMSs1_4chyG7U3VSS4KWhSEkOPF66v7JrwzmAZQGMwnb6JPTySLCAn6bF85l34gTY7OdfdChRk0npbMtq2q-GxtBSlLPbCDAZZOaCWR19PnMYvEVZdixc1hrC59NfgSdHennBBWYpXyS__TgRXxxXK_P5weXWPIcryGsSH7Pj8FGPo6m6ZdpWyIul2MDi2GD2d6LNnMKCuboxw"
        },
        "recoveryId": "https://rgjoncardekvv76hsm.managedhsm.azure.net/deletedkeys/810237776",
        "scheduledPurgeDate": 1751369638
      }
    }
  ],
  "Variables": {
    "AZURE_MANAGEDHSM_URL": "https://rgjoncardekvv76hsm.managedhsm.azure.net/",
    "RandomSeed": "535780237"
  }
}
