{
  "Entries": [
    {
      "RequestUri": "https://rgjoncardekv318hsm.managedhsm.azure.net/keys/32391384/create?api-version=7.6-preview.2",
      "RequestMethod": "POST",
      "RequestHeaders": {
        "Accept": "application/json",
        "Content-Length": "0",
        "traceparent": "00-b3965f65f8d48d27016c8028760044b8-7173276b6b3b7c3e-00",
        "User-Agent": "azsdk-net-Security.KeyVault.Keys/4.8.0-alpha.20250324.1 (.NET Framework 4.8.9290.0; Microsoft Windows 10.0.26100 )",
        "x-ms-client-request-id": "Sanitized",
        "x-ms-return-client-request-id": "true"
      },
      "RequestBody": null,
      "StatusCode": 401,
      "ResponseHeaders": {
        "Cache-Control": "no-cache",
        "Content-Length": "0",
        "Content-Security-Policy": "default-src 'self'",
        "Content-Type": "application/json; charset=utf-8",
        "Strict-Transport-Security": "max-age=31536000; includeSubDomains",
        "WWW-Authenticate": "Bearer authorization=\"https://login.microsoftonline.com/70a036f6-8e4d-4615-bad6-149c02e7720d\", resource=\"https://managedhsm.azure.net\"",
        "X-Content-Type-Options": "nosniff",
        "X-Frame-Options": "SAMEORIGIN",
        "x-ms-request-id": "678de168-09b1-11f0-934e-6045bd1168cb",
        "x-ms-server-latency": "1"
      },
      "ResponseBody": null
    },
    {
      "RequestUri": "https://rgjoncardekv318hsm.managedhsm.azure.net/keys/32391384/create?api-version=7.6-preview.2",
      "RequestMethod": "POST",
      "RequestHeaders": {
        "Accept": "application/json",
        "Authorization": "Sanitized",
        "Content-Length": "16",
        "Content-Type": "application/json",
        "traceparent": "00-b3965f65f8d48d27016c8028760044b8-7173276b6b3b7c3e-00",
        "User-Agent": "azsdk-net-Security.KeyVault.Keys/4.8.0-alpha.20250324.1 (.NET Framework 4.8.9290.0; Microsoft Windows 10.0.26100 )",
        "x-ms-client-request-id": "Sanitized",
        "x-ms-return-client-request-id": "true"
      },
      "RequestBody": {
        "kty": "EC-HSM"
      },
      "StatusCode": 200,
      "ResponseHeaders": {
        "Cache-Control": "no-cache",
        "Content-Length": "442",
        "Content-Security-Policy": "default-src 'self'",
        "Content-Type": "application/json; charset=utf-8",
        "Strict-Transport-Security": "max-age=31536000; includeSubDomains",
        "X-Content-Type-Options": "nosniff",
        "X-Frame-Options": "SAMEORIGIN",
        "x-ms-keyvault-network-info": "conn_type=Ipv4;addr=131.107.174.206;act_addr_fam=Ipv4;",
        "x-ms-keyvault-region": "uksouth",
        "x-ms-request-id": "6ba18b24-09b1-11f0-934e-6045bd1168cb",
        "x-ms-server-latency": "137"
      },
      "ResponseBody": {
        "attributes": {
          "created": 1742931806,
          "enabled": true,
          "exportable": false,
          "recoverableDays": 7,
          "recoveryLevel": "CustomizedRecoverable+Purgeable",
          "updated": 1742931806
        },
        "key": {
          "crv": "P-256",
          "key_ops": [
            "verify",
            "deriveKey",
            "sign"
          ],
          "kid": "https://rgjoncardekv318hsm.managedhsm.azure.net/keys/32391384/6eb38904bbb24b0cb727ae7ed916fd5b",
          "kty": "EC-HSM",
          "x": "USMAHle5ltmTQeKlvAJccPYcfpdtxHeAv4N6lLvZ7YI",
          "y": "dNHiHxqEwtGx1w5YJK1Yb00Yr615nydwE0QycLK4xss"
        }
      }
    },
    {
      "RequestUri": "https://rgjoncardekv318hsm.managedhsm.azure.net/keys/32391384/?api-version=7.6-preview.2",
      "RequestMethod": "GET",
      "RequestHeaders": {
        "Accept": "application/json",
        "Authorization": "Sanitized",
        "traceparent": "00-c4e327a738f5792c5b99a974bdbf2854-0ce5d05d7194fad9-00",
        "User-Agent": "azsdk-net-Security.KeyVault.Keys/4.8.0-alpha.20250324.1 (.NET Framework 4.8.9290.0; Microsoft Windows 10.0.26100 )",
        "x-ms-client-request-id": "Sanitized",
        "x-ms-return-client-request-id": "true"
      },
      "RequestBody": null,
      "StatusCode": 200,
      "ResponseHeaders": {
        "Cache-Control": "no-cache",
        "Content-Length": "442",
        "Content-Security-Policy": "default-src 'self'",
        "Content-Type": "application/json; charset=utf-8",
        "Strict-Transport-Security": "max-age=31536000; includeSubDomains",
        "X-Content-Type-Options": "nosniff",
        "X-Frame-Options": "SAMEORIGIN",
        "x-ms-build-version": "1.0.20250221-1-e4accbbe-develop",
        "x-ms-keyvault-network-info": "conn_type=Ipv4;addr=131.107.174.206;act_addr_fam=Ipv4;",
        "x-ms-keyvault-region": "uksouth",
        "x-ms-request-id": "6bcd9dae-09b1-11f0-934e-6045bd1168cb",
        "x-ms-server-latency": "8"
      },
      "ResponseBody": {
        "attributes": {
          "created": 1742931806,
          "enabled": true,
          "exportable": false,
          "recoverableDays": 7,
          "recoveryLevel": "CustomizedRecoverable+Purgeable",
          "updated": 1742931806
        },
        "key": {
          "crv": "P-256",
          "key_ops": [
            "sign",
            "verify",
            "deriveKey"
          ],
          "kid": "https://rgjoncardekv318hsm.managedhsm.azure.net/keys/32391384/6eb38904bbb24b0cb727ae7ed916fd5b",
          "kty": "EC-HSM",
          "x": "USMAHle5ltmTQeKlvAJccPYcfpdtxHeAv4N6lLvZ7YI",
          "y": "dNHiHxqEwtGx1w5YJK1Yb00Yr615nydwE0QycLK4xss"
        }
      }
    }
  ],
  "Variables": {
    "AZURE_MANAGEDHSM_URL": "https://rgjoncardekv318hsm.managedhsm.azure.net/",
    "RandomSeed": "189857665"
  }
}
