{
  "Entries": [
    {
      "RequestUri": "https://rgjoncardekv318hsm.managedhsm.azure.net/keys/13589931210/create?api-version=7.6-preview.2",
      "RequestMethod": "POST",
      "RequestHeaders": {
        "Accept": "application/json",
        "Content-Length": "0",
        "traceparent": "00-2f6b5f18ee65c65f5789d50bf354e36f-71d57bcf9ad648ac-00",
        "User-Agent": "azsdk-net-Security.KeyVault.Keys/4.8.0-alpha.20250324.1 (.NET Framework 4.8.9290.0; Microsoft Windows 10.0.26100 )",
        "x-ms-client-request-id": "Sanitized",
        "x-ms-return-client-request-id": "true"
      },
      "RequestBody": null,
      "StatusCode": 401,
      "ResponseHeaders": {
        "Cache-Control": "no-cache",
        "Content-Length": "0",
        "Content-Security-Policy": "default-src 'self'",
        "Content-Type": "application/json; charset=utf-8",
        "Strict-Transport-Security": "max-age=31536000; includeSubDomains",
        "WWW-Authenticate": "Bearer authorization=\"https://login.microsoftonline.com/70a036f6-8e4d-4615-bad6-149c02e7720d\", resource=\"https://managedhsm.azure.net\"",
        "X-Content-Type-Options": "nosniff",
        "X-Frame-Options": "SAMEORIGIN",
        "x-ms-request-id": "7e665136-09b1-11f0-8bb0-6045bd108925",
        "x-ms-server-latency": "0"
      },
      "ResponseBody": null
    },
    {
      "RequestUri": "https://rgjoncardekv318hsm.managedhsm.azure.net/keys/13589931210/create?api-version=7.6-preview.2",
      "RequestMethod": "POST",
      "RequestHeaders": {
        "Accept": "application/json",
        "Authorization": "Sanitized",
        "Content-Length": "12",
        "Content-Type": "application/json",
        "traceparent": "00-2f6b5f18ee65c65f5789d50bf354e36f-71d57bcf9ad648ac-00",
        "User-Agent": "azsdk-net-Security.KeyVault.Keys/4.8.0-alpha.20250324.1 (.NET Framework 4.8.9290.0; Microsoft Windows 10.0.26100 )",
        "x-ms-client-request-id": "Sanitized",
        "x-ms-return-client-request-id": "true"
      },
      "RequestBody": {
        "kty": "EC"
      },
      "StatusCode": 200,
      "ResponseHeaders": {
        "Cache-Control": "no-cache",
        "Content-Length": "445",
        "Content-Security-Policy": "default-src 'self'",
        "Content-Type": "application/json; charset=utf-8",
        "Strict-Transport-Security": "max-age=31536000; includeSubDomains",
        "X-Content-Type-Options": "nosniff",
        "X-Frame-Options": "SAMEORIGIN",
        "x-ms-keyvault-network-info": "conn_type=Ipv4;addr=131.107.174.206;act_addr_fam=Ipv4;",
        "x-ms-keyvault-region": "uksouth",
        "x-ms-request-id": "82be9e1e-09b1-11f0-8bb0-6045bd108925",
        "x-ms-server-latency": "103"
      },
      "ResponseBody": {
        "attributes": {
          "created": 1742931845,
          "enabled": true,
          "exportable": false,
          "recoverableDays": 7,
          "recoveryLevel": "CustomizedRecoverable+Purgeable",
          "updated": 1742931845
        },
        "key": {
          "crv": "P-256",
          "key_ops": [
            "verify",
            "deriveKey",
            "sign"
          ],
          "kid": "https://rgjoncardekv318hsm.managedhsm.azure.net/keys/13589931210/7fbbf53fb38e0cf901db5c2b6db4d1f7",
          "kty": "EC-HSM",
          "x": "Ny0ONmROQUW387_tabjhvWkKFZETkZdeEKl96LML0Ww",
          "y": "OeRkF95xrjqsl_z_wakH0qQO_9b5P2xEdmKWLZseknE"
        }
      }
    },
    {
      "RequestUri": "https://rgjoncardekv318hsm.managedhsm.azure.net/keys/13589931211/create?api-version=7.6-preview.2",
      "RequestMethod": "POST",
      "RequestHeaders": {
        "Accept": "application/json",
        "Authorization": "Sanitized",
        "Content-Length": "12",
        "Content-Type": "application/json",
        "traceparent": "00-e82726cea310f805373a40940fa4daed-809be3bf075d519f-00",
        "User-Agent": "azsdk-net-Security.KeyVault.Keys/4.8.0-alpha.20250324.1 (.NET Framework 4.8.9290.0; Microsoft Windows 10.0.26100 )",
        "x-ms-client-request-id": "Sanitized",
        "x-ms-return-client-request-id": "true"
      },
      "RequestBody": {
        "kty": "EC"
      },
      "StatusCode": 200,
      "ResponseHeaders": {
        "Cache-Control": "no-cache",
        "Content-Length": "445",
        "Content-Security-Policy": "default-src 'self'",
        "Content-Type": "application/json; charset=utf-8",
        "Strict-Transport-Security": "max-age=31536000; includeSubDomains",
        "X-Content-Type-Options": "nosniff",
        "X-Frame-Options": "SAMEORIGIN",
        "x-ms-keyvault-network-info": "conn_type=Ipv4;addr=131.107.174.206;act_addr_fam=Ipv4;",
        "x-ms-keyvault-region": "uksouth",
        "x-ms-request-id": "82e53c54-09b1-11f0-8bb0-6045bd108925",
        "x-ms-server-latency": "106"
      },
      "ResponseBody": {
        "attributes": {
          "created": 1742931845,
          "enabled": true,
          "exportable": false,
          "recoverableDays": 7,
          "recoveryLevel": "CustomizedRecoverable+Purgeable",
          "updated": 1742931845
        },
        "key": {
          "crv": "P-256",
          "key_ops": [
            "verify",
            "deriveKey",
            "sign"
          ],
          "kid": "https://rgjoncardekv318hsm.managedhsm.azure.net/keys/13589931211/c27357f1be4d0f4e0e4f073e285ed322",
          "kty": "EC-HSM",
          "x": "q8UyvE--IsRXkOQiSXt4OTqJRVr1WovHoyD1xjm770Y",
          "y": "FdNhy79905PUKona8CwXVuRe7R4tBoM_x9EX17QbiBc"
        }
      }
    },
    {
      "RequestUri": "https://rgjoncardekv318hsm.managedhsm.azure.net/keys/?api-version=7.6-preview.2",
      "RequestMethod": "GET",
      "RequestHeaders": {
        "Accept": "application/json",
        "Authorization": "Sanitized",
        "traceparent": "00-290333c9e21a50ae8ef789c818733462-8f6526b62f2458ec-00",
        "User-Agent": "azsdk-net-Security.KeyVault.Keys/4.8.0-alpha.20250324.1 (.NET Framework 4.8.9290.0; Microsoft Windows 10.0.26100 )",
        "x-ms-client-request-id": "Sanitized",
        "x-ms-return-client-request-id": "true"
      },
      "RequestBody": null,
      "StatusCode": 200,
      "ResponseHeaders": {
        "Cache-Control": "no-cache",
        "Content-Length": "2460",
        "Content-Security-Policy": "default-src 'self'",
        "Content-Type": "application/json; charset=utf-8",
        "Strict-Transport-Security": "max-age=31536000; includeSubDomains",
        "X-Content-Type-Options": "nosniff",
        "X-Frame-Options": "SAMEORIGIN",
        "x-ms-build-version": "1.0.20250221-1-e4accbbe-develop",
        "x-ms-keyvault-network-info": "conn_type=Ipv4;addr=131.107.174.206;act_addr_fam=Ipv4;",
        "x-ms-keyvault-region": "uksouth",
        "x-ms-request-id": "830c6770-09b1-11f0-8bb0-6045bd108925",
        "x-ms-server-latency": "9"
      },
      "ResponseBody": {
        "nextLink": "https://rgjoncardekv318hsm.managedhsm.azure.net/keys/?maxresults=25&$skiptoken=Sanitized",
        "value": [
          {
            "attributes": {
              "created": 1742367375,
              "enabled": true,
              "exportable": false,
              "recoverableDays": 7,
              "recoveryLevel": "CustomizedRecoverable+Purgeable",
              "updated": 1742367375
            },
            "kid": "https://rgjoncardekv318hsm.managedhsm.azure.net/keys/1824939505"
          },
          {
            "attributes": {
              "created": 1742367541,
              "enabled": true,
              "exportable": false,
              "recoverableDays": 7,
              "recoveryLevel": "CustomizedRecoverable+Purgeable",
              "updated": 1742367541
            },
            "kid": "https://rgjoncardekv318hsm.managedhsm.azure.net/keys/1095540314"
          },
          {
            "attributes": {
              "created": 1742854918,
              "enabled": true,
              "exportable": false,
              "recoverableDays": 7,
              "recoveryLevel": "CustomizedRecoverable+Purgeable",
              "updated": 1742854918
            },
            "kid": "https://rgjoncardekv318hsm.managedhsm.azure.net/keys/547499206"
          },
          {
            "attributes": {
              "created": 1742854956,
              "enabled": true,
              "exportable": false,
              "recoverableDays": 7,
              "recoveryLevel": "CustomizedRecoverable+Purgeable",
              "updated": 1742854956
            },
            "kid": "https://rgjoncardekv318hsm.managedhsm.azure.net/keys/52422982"
          },
          {
            "attributes": {
              "created": 1742855058,
              "enabled": true,
              "exportable": false,
              "recoverableDays": 7,
              "recoveryLevel": "CustomizedRecoverable+Purgeable",
              "updated": 1742855058
            },
            "kid": "https://rgjoncardekv318hsm.managedhsm.azure.net/keys/1280406844"
          },
          {
            "attributes": {
              "created": 1742855115,
              "enabled": true,
              "exportable": false,
              "recoverableDays": 7,
              "recoveryLevel": "CustomizedRecoverable+Purgeable",
              "updated": 1742855115
            },
            "kid": "https://rgjoncardekv318hsm.managedhsm.azure.net/keys/1959345713"
          },
          {
            "attributes": {
              "created": 1742855699,
              "enabled": true,
              "exportable": false,
              "recoverableDays": 7,
              "recoveryLevel": "CustomizedRecoverable+Purgeable",
              "updated": 1742855699
            },
            "kid": "https://rgjoncardekv318hsm.managedhsm.azure.net/keys/1293313850"
          },
          {
            "attributes": {
              "created": 1742855882,
              "enabled": true,
              "exportable": false,
              "recoverableDays": 7,
              "recoveryLevel": "CustomizedRecoverable+Purgeable",
              "updated": 1742855882
            },
            "kid": "https://rgjoncardekv318hsm.managedhsm.azure.net/keys/2024215927"
          },
          {
            "attributes": {
              "created": 1742855964,
              "enabled": true,
              "exportable": false,
              "recoverableDays": 7,
              "recoveryLevel": "CustomizedRecoverable+Purgeable",
              "updated": 1742855964
            },
            "kid": "https://rgjoncardekv318hsm.managedhsm.azure.net/keys/1547524807"
          },
          {
            "attributes": {
              "created": 1742856157,
              "enabled": true,
              "exportable": false,
              "recoverableDays": 7,
              "recoveryLevel": "CustomizedRecoverable+Purgeable",
              "updated": 1742856157
            },
            "kid": "https://rgjoncardekv318hsm.managedhsm.azure.net/keys/1675455026"
          }
        ]
      }
    },
    {
      "RequestUri": "https://rgjoncardekv318hsm.managedhsm.azure.net/keys/?maxresults=25&$skiptoken=Sanitized",
      "RequestMethod": "GET",
      "RequestHeaders": {
        "Accept": "application/json",
        "Authorization": "Sanitized",
        "traceparent": "00-f8f4452f05d73e0234958d30a3e1574f-afab1c8fae91d405-00",
        "User-Agent": "azsdk-net-Security.KeyVault.Keys/4.8.0-alpha.20250324.1 (.NET Framework 4.8.9290.0; Microsoft Windows 10.0.26100 )",
        "x-ms-client-request-id": "Sanitized",
        "x-ms-return-client-request-id": "true"
      },
      "RequestBody": null,
      "StatusCode": 200,
      "ResponseHeaders": {
        "Cache-Control": "no-cache",
        "Content-Length": "2459",
        "Content-Security-Policy": "default-src 'self'",
        "Content-Type": "application/json; charset=utf-8",
        "Strict-Transport-Security": "max-age=31536000; includeSubDomains",
        "X-Content-Type-Options": "nosniff",
        "X-Frame-Options": "SAMEORIGIN",
        "x-ms-build-version": "1.0.20250221-1-e4accbbe-develop",
        "x-ms-keyvault-network-info": "conn_type=Ipv4;addr=131.107.174.206;act_addr_fam=Ipv4;",
        "x-ms-keyvault-region": "uksouth",
        "x-ms-request-id": "8324ab14-09b1-11f0-8bb0-6045bd108925",
        "x-ms-server-latency": "10"
      },
      "ResponseBody": {
        "nextLink": "https://rgjoncardekv318hsm.managedhsm.azure.net/keys/?maxresults=25&$skiptoken=Sanitized",
        "value": [
          {
            "attributes": {
              "created": 1742856164,
              "enabled": true,
              "exportable": false,
              "recoverableDays": 7,
              "recoveryLevel": "CustomizedRecoverable+Purgeable",
              "updated": 1742856164
            },
            "kid": "https://rgjoncardekv318hsm.managedhsm.azure.net/keys/273777758"
          },
          {
            "attributes": {
              "created": 1742856193,
              "enabled": true,
              "exportable": false,
              "recoverableDays": 7,
              "recoveryLevel": "CustomizedRecoverable+Purgeable",
              "updated": 1742856193
            },
            "kid": "https://rgjoncardekv318hsm.managedhsm.azure.net/keys/1328657656"
          },
          {
            "attributes": {
              "created": 1742856382,
              "enabled": true,
              "exportable": false,
              "recoverableDays": 7,
              "recoveryLevel": "CustomizedRecoverable+Purgeable",
              "updated": 1742856382
            },
            "kid": "https://rgjoncardekv318hsm.managedhsm.azure.net/keys/467767801"
          },
          {
            "attributes": {
              "created": 1742856527,
              "enabled": true,
              "exportable": false,
              "recoverableDays": 7,
              "recoveryLevel": "CustomizedRecoverable+Purgeable",
              "updated": 1742856527
            },
            "kid": "https://rgjoncardekv318hsm.managedhsm.azure.net/keys/1635941763"
          },
          {
            "attributes": {
              "created": 1742856612,
              "enabled": true,
              "exportable": false,
              "recoverableDays": 7,
              "recoveryLevel": "CustomizedRecoverable+Purgeable",
              "updated": 1742856612
            },
            "kid": "https://rgjoncardekv318hsm.managedhsm.azure.net/keys/2089626192"
          },
          {
            "attributes": {
              "created": 1742856661,
              "enabled": true,
              "exportable": false,
              "recoverableDays": 7,
              "recoveryLevel": "CustomizedRecoverable+Purgeable",
              "updated": 1742856661
            },
            "kid": "https://rgjoncardekv318hsm.managedhsm.azure.net/keys/1584416635"
          },
          {
            "attributes": {
              "created": 1742856668,
              "enabled": true,
              "exportable": false,
              "recoverableDays": 7,
              "recoveryLevel": "CustomizedRecoverable+Purgeable",
              "updated": 1742856668
            },
            "kid": "https://rgjoncardekv318hsm.managedhsm.azure.net/keys/796051384"
          },
          {
            "attributes": {
              "created": 1742856725,
              "enabled": true,
              "exportable": false,
              "recoverableDays": 7,
              "recoveryLevel": "CustomizedRecoverable+Purgeable",
              "updated": 1742856725
            },
            "kid": "https://rgjoncardekv318hsm.managedhsm.azure.net/keys/141758324"
          },
          {
            "attributes": {
              "created": 1742856732,
              "enabled": true,
              "exportable": false,
              "recoverableDays": 7,
              "recoveryLevel": "CustomizedRecoverable+Purgeable",
              "updated": 1742856732
            },
            "kid": "https://rgjoncardekv318hsm.managedhsm.azure.net/keys/991274332"
          },
          {
            "attributes": {
              "created": 1742931845,
              "enabled": true,
              "exportable": false,
              "recoverableDays": 7,
              "recoveryLevel": "CustomizedRecoverable+Purgeable",
              "updated": 1742931845
            },
            "kid": "https://rgjoncardekv318hsm.managedhsm.azure.net/keys/13589931210"
          }
        ]
      }
    },
    {
      "RequestUri": "https://rgjoncardekv318hsm.managedhsm.azure.net/keys/?maxresults=25&$skiptoken=Sanitized",
      "RequestMethod": "GET",
      "RequestHeaders": {
        "Accept": "application/json",
        "Authorization": "Sanitized",
        "traceparent": "00-4860b830041b753b3a0080d5724fd209-ddb57de5d2075d0f-00",
        "User-Agent": "azsdk-net-Security.KeyVault.Keys/4.8.0-alpha.20250324.1 (.NET Framework 4.8.9290.0; Microsoft Windows 10.0.26100 )",
        "x-ms-client-request-id": "Sanitized",
        "x-ms-return-client-request-id": "true"
      },
      "RequestBody": null,
      "StatusCode": 200,
      "ResponseHeaders": {
        "Cache-Control": "no-cache",
        "Content-Length": "247",
        "Content-Security-Policy": "default-src 'self'",
        "Content-Type": "application/json; charset=utf-8",
        "Strict-Transport-Security": "max-age=31536000; includeSubDomains",
        "X-Content-Type-Options": "nosniff",
        "X-Frame-Options": "SAMEORIGIN",
        "x-ms-build-version": "1.0.20250221-1-e4accbbe-develop",
        "x-ms-keyvault-network-info": "conn_type=Ipv4;addr=131.107.174.206;act_addr_fam=Ipv4;",
        "x-ms-keyvault-region": "uksouth",
        "x-ms-request-id": "833d04d4-09b1-11f0-8bb0-6045bd108925",
        "x-ms-server-latency": "3"
      },
      "ResponseBody": {
        "value": [
          {
            "attributes": {
              "created": 1742931845,
              "enabled": true,
              "exportable": false,
              "recoverableDays": 7,
              "recoveryLevel": "CustomizedRecoverable+Purgeable",
              "updated": 1742931845
            },
            "kid": "https://rgjoncardekv318hsm.managedhsm.azure.net/keys/13589931211"
          }
        ]
      }
    }
  ],
  "Variables": {
    "AZURE_MANAGEDHSM_URL": "https://rgjoncardekv318hsm.managedhsm.azure.net/",
    "RandomSeed": "1301056416"
  }
}
