{
  "Entries": [
    {
      "RequestUri": "https://fakesdaccount.file.core.windows.net/share169471996874703936?restype=share",
      "RequestMethod": "PUT",
      "RequestHeaders": {
        "Accept": "application/xml",
        "Authorization": "Sanitized",
        "Connection": "keep-alive",
        "Content-Length": "0",
        "User-Agent": "azsdk-js-azure-storage-blob/12.20.0 core-rest-pipeline/1.12.2 Node/v18.16.0 OS/(x64-Windows_NT-10.0.22621)",
        "x-ms-client-request-id": "dddd4657-cda5-4504-b86a-10d1af2f934e",
        "x-ms-date": "Thu, 14 Sep 2023 19:32:48 GMT",
        "x-ms-version": "2023-01-03"
      },
      "RequestBody": null,
      "StatusCode": 201,
      "ResponseHeaders": {
        "Content-Length": "0",
        "Date": "Thu, 14 Sep 2023 19:32:49 GMT",
        "ETag": "\u00220x8DBB55961985C9B\u0022",
        "Last-Modified": "Thu, 14 Sep 2023 19:32:49 GMT",
        "Server": [
          "Windows-Azure-File/1.0",
          "Microsoft-HTTPAPI/2.0"
        ],
        "x-ms-client-request-id": "dddd4657-cda5-4504-b86a-10d1af2f934e",
        "x-ms-request-id": "e07eb6f1-501a-0010-5c42-e75649000000",
        "x-ms-version": "2023-01-03"
      },
      "ResponseBody": null
    },
    {
      "RequestUri": "https://fakesdaccount.file.core.windows.net/share169471996874703936/dir169471996885500172?restype=directory",
      "RequestMethod": "PUT",
      "RequestHeaders": {
        "Accept": "application/xml",
        "Authorization": "Sanitized",
        "Connection": "keep-alive",
        "Content-Length": "0",
        "User-Agent": "azsdk-js-azure-storage-blob/12.20.0 core-rest-pipeline/1.12.2 Node/v18.16.0 OS/(x64-Windows_NT-10.0.22621)",
        "x-ms-client-request-id": "915a1cf2-b242-4665-af14-b47ddfb45aa0",
        "x-ms-date": "Thu, 14 Sep 2023 19:32:48 GMT",
        "x-ms-file-attributes": "Directory",
        "x-ms-file-creation-time": "now",
        "x-ms-file-last-write-time": "now",
        "x-ms-file-permission": "inherit",
        "x-ms-version": "2023-01-03"
      },
      "RequestBody": null,
      "StatusCode": 201,
      "ResponseHeaders": {
        "Content-Length": "0",
        "Date": "Thu, 14 Sep 2023 19:32:49 GMT",
        "ETag": "\u00220x8DBB55961A9450C\u0022",
        "Last-Modified": "Thu, 14 Sep 2023 19:32:49 GMT",
        "Server": [
          "Windows-Azure-File/1.0",
          "Microsoft-HTTPAPI/2.0"
        ],
        "x-ms-client-request-id": "915a1cf2-b242-4665-af14-b47ddfb45aa0",
        "x-ms-file-attributes": "Directory",
        "x-ms-file-change-time": "2023-09-14T19:32:49.8257164Z",
        "x-ms-file-creation-time": "2023-09-14T19:32:49.8257164Z",
        "x-ms-file-id": "13835128424026341376",
        "x-ms-file-last-write-time": "2023-09-14T19:32:49.8257164Z",
        "x-ms-file-parent-id": "0",
        "x-ms-file-permission-key": "9255856626508002348*16764736045797335973",
        "x-ms-request-id": "e07eb6f3-501a-0010-5d42-e75649000000",
        "x-ms-request-server-encrypted": "true",
        "x-ms-version": "2023-01-03"
      },
      "ResponseBody": null
    },
    {
      "RequestUri": "https://fakesdaccount.file.core.windows.net/share169471996874703936/pre1694719968965169471996896502091dir0169471996896508056?restype=directory",
      "RequestMethod": "PUT",
      "RequestHeaders": {
        "Accept": "application/xml",
        "Authorization": "Sanitized",
        "Connection": "keep-alive",
        "Content-Length": "0",
        "User-Agent": "azsdk-js-azure-storage-blob/12.20.0 core-rest-pipeline/1.12.2 Node/v18.16.0 OS/(x64-Windows_NT-10.0.22621)",
        "x-ms-client-request-id": "b6ff0bf5-34af-466f-9832-0e5461cac3a1",
        "x-ms-date": "Thu, 14 Sep 2023 19:32:48 GMT",
        "x-ms-file-attributes": "Directory",
        "x-ms-file-creation-time": "now",
        "x-ms-file-last-write-time": "now",
        "x-ms-file-permission": "inherit",
        "x-ms-version": "2023-01-03"
      },
      "RequestBody": null,
      "StatusCode": 201,
      "ResponseHeaders": {
        "Content-Length": "0",
        "Date": "Thu, 14 Sep 2023 19:32:49 GMT",
        "ETag": "\u00220x8DBB55961B9BD62\u0022",
        "Last-Modified": "Thu, 14 Sep 2023 19:32:49 GMT",
        "Server": [
          "Windows-Azure-File/1.0",
          "Microsoft-HTTPAPI/2.0"
        ],
        "x-ms-client-request-id": "b6ff0bf5-34af-466f-9832-0e5461cac3a1",
        "x-ms-file-attributes": "Directory",
        "x-ms-file-change-time": "2023-09-14T19:32:49.9336546Z",
        "x-ms-file-creation-time": "2023-09-14T19:32:49.9336546Z",
        "x-ms-file-id": "11529285414812647424",
        "x-ms-file-last-write-time": "2023-09-14T19:32:49.9336546Z",
        "x-ms-file-parent-id": "0",
        "x-ms-file-permission-key": "9255856626508002348*16764736045797335973",
        "x-ms-request-id": "e07eb6f4-501a-0010-5e42-e75649000000",
        "x-ms-request-server-encrypted": "true",
        "x-ms-version": "2023-01-03"
      },
      "ResponseBody": null
    },
    {
      "RequestUri": "https://fakesdaccount.file.core.windows.net/share169471996874703936/pre1694719968965169471996896502091dir1169471996907208691?restype=directory",
      "RequestMethod": "PUT",
      "RequestHeaders": {
        "Accept": "application/xml",
        "Authorization": "Sanitized",
        "Connection": "keep-alive",
        "Content-Length": "0",
        "User-Agent": "azsdk-js-azure-storage-blob/12.20.0 core-rest-pipeline/1.12.2 Node/v18.16.0 OS/(x64-Windows_NT-10.0.22621)",
        "x-ms-client-request-id": "8e39db28-cc0c-4b42-8a49-986991fc4292",
        "x-ms-date": "Thu, 14 Sep 2023 19:32:49 GMT",
        "x-ms-file-attributes": "Directory",
        "x-ms-file-creation-time": "now",
        "x-ms-file-last-write-time": "now",
        "x-ms-file-permission": "inherit",
        "x-ms-version": "2023-01-03"
      },
      "RequestBody": null,
      "StatusCode": 201,
      "ResponseHeaders": {
        "Content-Length": "0",
        "Date": "Thu, 14 Sep 2023 19:32:49 GMT",
        "ETag": "\u00220x8DBB55961CA0EBC\u0022",
        "Last-Modified": "Thu, 14 Sep 2023 19:32:50 GMT",
        "Server": [
          "Windows-Azure-File/1.0",
          "Microsoft-HTTPAPI/2.0"
        ],
        "x-ms-client-request-id": "8e39db28-cc0c-4b42-8a49-986991fc4292",
        "x-ms-file-attributes": "Directory",
        "x-ms-file-change-time": "2023-09-14T19:32:50.0405948Z",
        "x-ms-file-creation-time": "2023-09-14T19:32:50.0405948Z",
        "x-ms-file-id": "16140971433240035328",
        "x-ms-file-last-write-time": "2023-09-14T19:32:50.0405948Z",
        "x-ms-file-parent-id": "0",
        "x-ms-file-permission-key": "9255856626508002348*16764736045797335973",
        "x-ms-request-id": "e07eb6f5-501a-0010-5f42-e75649000000",
        "x-ms-request-server-encrypted": "true",
        "x-ms-version": "2023-01-03"
      },
      "ResponseBody": null
    },
    {
      "RequestUri": "https://fakesdaccount.file.core.windows.net/share169471996874703936/pre1694719968965169471996896502091dir2169471996917903303?restype=directory",
      "RequestMethod": "PUT",
      "RequestHeaders": {
        "Accept": "application/xml",
        "Authorization": "Sanitized",
        "Connection": "keep-alive",
        "Content-Length": "0",
        "User-Agent": "azsdk-js-azure-storage-blob/12.20.0 core-rest-pipeline/1.12.2 Node/v18.16.0 OS/(x64-Windows_NT-10.0.22621)",
        "x-ms-client-request-id": "bf24a9c4-15a4-4dd6-bf46-6a8ce89607d1",
        "x-ms-date": "Thu, 14 Sep 2023 19:32:49 GMT",
        "x-ms-file-attributes": "Directory",
        "x-ms-file-creation-time": "now",
        "x-ms-file-last-write-time": "now",
        "x-ms-file-permission": "inherit",
        "x-ms-version": "2023-01-03"
      },
      "RequestBody": null,
      "StatusCode": 201,
      "ResponseHeaders": {
        "Content-Length": "0",
        "Date": "Thu, 14 Sep 2023 19:32:49 GMT",
        "ETag": "\u00220x8DBB55961DA6007\u0022",
        "Last-Modified": "Thu, 14 Sep 2023 19:32:50 GMT",
        "Server": [
          "Windows-Azure-File/1.0",
          "Microsoft-HTTPAPI/2.0"
        ],
        "x-ms-client-request-id": "bf24a9c4-15a4-4dd6-bf46-6a8ce89607d1",
        "x-ms-file-attributes": "Directory",
        "x-ms-file-change-time": "2023-09-14T19:32:50.1475335Z",
        "x-ms-file-creation-time": "2023-09-14T19:32:50.1475335Z",
        "x-ms-file-id": "10376363910205800448",
        "x-ms-file-last-write-time": "2023-09-14T19:32:50.1475335Z",
        "x-ms-file-parent-id": "0",
        "x-ms-file-permission-key": "9255856626508002348*16764736045797335973",
        "x-ms-request-id": "e07eb6f6-501a-0010-6042-e75649000000",
        "x-ms-request-server-encrypted": "true",
        "x-ms-version": "2023-01-03"
      },
      "ResponseBody": null
    },
    {
      "RequestUri": "https://fakesdaccount.file.core.windows.net/share169471996874703936/pre1694719968965169471996896502091file0169471996928609911",
      "RequestMethod": "PUT",
      "RequestHeaders": {
        "Accept": "application/xml",
        "Authorization": "Sanitized",
        "Connection": "keep-alive",
        "Content-Length": "0",
        "User-Agent": "azsdk-js-azure-storage-blob/12.20.0 core-rest-pipeline/1.12.2 Node/v18.16.0 OS/(x64-Windows_NT-10.0.22621)",
        "x-ms-client-request-id": "db9cf2ef-7df1-45af-bdf1-5c508d777491",
        "x-ms-content-length": "1024",
        "x-ms-date": "Thu, 14 Sep 2023 19:32:49 GMT",
        "x-ms-file-attributes": "None",
        "x-ms-file-creation-time": "now",
        "x-ms-file-last-write-time": "now",
        "x-ms-file-permission": "inherit",
        "x-ms-type": "file",
        "x-ms-version": "2023-01-03"
      },
      "RequestBody": null,
      "StatusCode": 201,
      "ResponseHeaders": {
        "Content-Length": "0",
        "Date": "Thu, 14 Sep 2023 19:32:49 GMT",
        "ETag": "\u00220x8DBB55961EAB153\u0022",
        "Last-Modified": "Thu, 14 Sep 2023 19:32:50 GMT",
        "Server": [
          "Windows-Azure-File/1.0",
          "Microsoft-HTTPAPI/2.0"
        ],
        "x-ms-client-request-id": "db9cf2ef-7df1-45af-bdf1-5c508d777491",
        "x-ms-file-attributes": "Archive",
        "x-ms-file-change-time": "2023-09-14T19:32:50.2544723Z",
        "x-ms-file-creation-time": "2023-09-14T19:32:50.2544723Z",
        "x-ms-file-id": "14988049928633188352",
        "x-ms-file-last-write-time": "2023-09-14T19:32:50.2544723Z",
        "x-ms-file-parent-id": "0",
        "x-ms-file-permission-key": "4614121289425226539*16764736045797335973",
        "x-ms-request-id": "e07eb6f7-501a-0010-6142-e75649000000",
        "x-ms-request-server-encrypted": "true",
        "x-ms-version": "2023-01-03"
      },
      "ResponseBody": null
    },
    {
      "RequestUri": "https://fakesdaccount.file.core.windows.net/share169471996874703936/pre1694719968965169471996896502091file1169471996939309493",
      "RequestMethod": "PUT",
      "RequestHeaders": {
        "Accept": "application/xml",
        "Authorization": "Sanitized",
        "Connection": "keep-alive",
        "Content-Length": "0",
        "User-Agent": "azsdk-js-azure-storage-blob/12.20.0 core-rest-pipeline/1.12.2 Node/v18.16.0 OS/(x64-Windows_NT-10.0.22621)",
        "x-ms-client-request-id": "4b42cb0d-9907-4688-a30b-c765a03de687",
        "x-ms-content-length": "1024",
        "x-ms-date": "Thu, 14 Sep 2023 19:32:49 GMT",
        "x-ms-file-attributes": "None",
        "x-ms-file-creation-time": "now",
        "x-ms-file-last-write-time": "now",
        "x-ms-file-permission": "inherit",
        "x-ms-type": "file",
        "x-ms-version": "2023-01-03"
      },
      "RequestBody": null,
      "StatusCode": 201,
      "ResponseHeaders": {
        "Content-Length": "0",
        "Date": "Thu, 14 Sep 2023 19:32:49 GMT",
        "ETag": "\u00220x8DBB55961FB02A4\u0022",
        "Last-Modified": "Thu, 14 Sep 2023 19:32:50 GMT",
        "Server": [
          "Windows-Azure-File/1.0",
          "Microsoft-HTTPAPI/2.0"
        ],
        "x-ms-client-request-id": "4b42cb0d-9907-4688-a30b-c765a03de687",
        "x-ms-file-attributes": "Archive",
        "x-ms-file-change-time": "2023-09-14T19:32:50.3614116Z",
        "x-ms-file-creation-time": "2023-09-14T19:32:50.3614116Z",
        "x-ms-file-id": "12682206919419494400",
        "x-ms-file-last-write-time": "2023-09-14T19:32:50.3614116Z",
        "x-ms-file-parent-id": "0",
        "x-ms-file-permission-key": "4614121289425226539*16764736045797335973",
        "x-ms-request-id": "e07eb6f8-501a-0010-6242-e75649000000",
        "x-ms-request-server-encrypted": "true",
        "x-ms-version": "2023-01-03"
      },
      "ResponseBody": null
    },
    {
      "RequestUri": "https://fakesdaccount.file.core.windows.net/share169471996874703936/pre1694719968965169471996896502091file2169471996949908583",
      "RequestMethod": "PUT",
      "RequestHeaders": {
        "Accept": "application/xml",
        "Authorization": "Sanitized",
        "Connection": "keep-alive",
        "Content-Length": "0",
        "User-Agent": "azsdk-js-azure-storage-blob/12.20.0 core-rest-pipeline/1.12.2 Node/v18.16.0 OS/(x64-Windows_NT-10.0.22621)",
        "x-ms-client-request-id": "e8121b86-2b77-4bba-9c5e-dbd56de92a66",
        "x-ms-content-length": "1024",
        "x-ms-date": "Thu, 14 Sep 2023 19:32:49 GMT",
        "x-ms-file-attributes": "None",
        "x-ms-file-creation-time": "now",
        "x-ms-file-last-write-time": "now",
        "x-ms-file-permission": "inherit",
        "x-ms-type": "file",
        "x-ms-version": "2023-01-03"
      },
      "RequestBody": null,
      "StatusCode": 201,
      "ResponseHeaders": {
        "Content-Length": "0",
        "Date": "Thu, 14 Sep 2023 19:32:49 GMT",
        "ETag": "\u00220x8DBB559620B2CE4\u0022",
        "Last-Modified": "Thu, 14 Sep 2023 19:32:50 GMT",
        "Server": [
          "Windows-Azure-File/1.0",
          "Microsoft-HTTPAPI/2.0"
        ],
        "x-ms-client-request-id": "e8121b86-2b77-4bba-9c5e-dbd56de92a66",
        "x-ms-file-attributes": "Archive",
        "x-ms-file-change-time": "2023-09-14T19:32:50.4673508Z",
        "x-ms-file-creation-time": "2023-09-14T19:32:50.4673508Z",
        "x-ms-file-id": "17293892937846882304",
        "x-ms-file-last-write-time": "2023-09-14T19:32:50.4673508Z",
        "x-ms-file-parent-id": "0",
        "x-ms-file-permission-key": "4614121289425226539*16764736045797335973",
        "x-ms-request-id": "e07eb6fe-501a-0010-6642-e75649000000",
        "x-ms-request-server-encrypted": "true",
        "x-ms-version": "2023-01-03"
      },
      "ResponseBody": null
    },
    {
      "RequestUri": "https://fakesdaccount.file.core.windows.net/share169471996874703936/?comp=list\u0026prefix=pre1694719968965169471996896502091\u0026restype=directory",
      "RequestMethod": "GET",
      "RequestHeaders": {
        "Accept": "application/xml",
        "Authorization": "Sanitized",
        "Connection": "keep-alive",
        "User-Agent": "azsdk-js-azure-storage-blob/12.20.0 core-rest-pipeline/1.12.2 Node/v18.16.0 OS/(x64-Windows_NT-10.0.22621)",
        "x-ms-client-request-id": "18e4c8bd-5d28-492c-ae4a-2fdf9bef6ef8",
        "x-ms-date": "Thu, 14 Sep 2023 19:32:49 GMT",
        "x-ms-version": "2023-01-03"
      },
      "RequestBody": null,
      "StatusCode": 200,
      "ResponseHeaders": {
        "Content-Type": "application/xml",
        "Date": "Thu, 14 Sep 2023 19:32:50 GMT",
        "Server": [
          "Windows-Azure-File/1.0",
          "Microsoft-HTTPAPI/2.0"
        ],
        "Transfer-Encoding": "chunked",
        "Vary": "Origin",
        "x-ms-client-request-id": "18e4c8bd-5d28-492c-ae4a-2fdf9bef6ef8",
        "x-ms-request-id": "e07eb6ff-501a-0010-6742-e75649000000",
        "x-ms-version": "2023-01-03"
      },
      "ResponseBody": "\uFEFF\u003C?xml version=\u00221.0\u0022 encoding=\u0022utf-8\u0022?\u003E\u003CEnumerationResults ServiceEndpoint=\u0022https://fakesdaccount.file.core.windows.net/\u0022 ShareName=\u0022share169471996874703936\u0022 DirectoryPath=\u0022\u0022\u003E\u003CPrefix\u003Epre1694719968965169471996896502091\u003C/Prefix\u003E\u003CDirectoryId\u003E0\u003C/DirectoryId\u003E\u003CEntries\u003E\u003CDirectory\u003E\u003CName\u003Epre1694719968965169471996896502091dir0169471996896508056\u003C/Name\u003E\u003CFileId\u003E11529285414812647424\u003C/FileId\u003E\u003CProperties /\u003E\u003C/Directory\u003E\u003CDirectory\u003E\u003CName\u003Epre1694719968965169471996896502091dir1169471996907208691\u003C/Name\u003E\u003CFileId\u003E16140971433240035328\u003C/FileId\u003E\u003CProperties /\u003E\u003C/Directory\u003E\u003CDirectory\u003E\u003CName\u003Epre1694719968965169471996896502091dir2169471996917903303\u003C/Name\u003E\u003CFileId\u003E10376363910205800448\u003C/FileId\u003E\u003CProperties /\u003E\u003C/Directory\u003E\u003CFile\u003E\u003CName\u003Epre1694719968965169471996896502091file0169471996928609911\u003C/Name\u003E\u003CFileId\u003E14988049928633188352\u003C/FileId\u003E\u003CProperties\u003E\u003CContent-Length\u003E1024\u003C/Content-Length\u003E\u003C/Properties\u003E\u003C/File\u003E\u003CFile\u003E\u003CName\u003Epre1694719968965169471996896502091file1169471996939309493\u003C/Name\u003E\u003CFileId\u003E12682206919419494400\u003C/FileId\u003E\u003CProperties\u003E\u003CContent-Length\u003E1024\u003C/Content-Length\u003E\u003C/Properties\u003E\u003C/File\u003E\u003CFile\u003E\u003CName\u003Epre1694719968965169471996896502091file2169471996949908583\u003C/Name\u003E\u003CFileId\u003E17293892937846882304\u003C/FileId\u003E\u003CProperties\u003E\u003CContent-Length\u003E1024\u003C/Content-Length\u003E\u003C/Properties\u003E\u003C/File\u003E\u003C/Entries\u003E\u003CNextMarker /\u003E\u003C/EnumerationResults\u003E"
    },
    {
      "RequestUri": "https://fakesdaccount.file.core.windows.net/share169471996874703936/pre1694719968965169471996896502091file0169471996928609911",
      "RequestMethod": "DELETE",
      "RequestHeaders": {
        "Accept": "application/xml",
        "Authorization": "Sanitized",
        "Connection": "keep-alive",
        "User-Agent": "azsdk-js-azure-storage-blob/12.20.0 core-rest-pipeline/1.12.2 Node/v18.16.0 OS/(x64-Windows_NT-10.0.22621)",
        "x-ms-client-request-id": "2b5651ff-6e9d-416d-b79e-569067ce05ff",
        "x-ms-date": "Thu, 14 Sep 2023 19:32:49 GMT",
        "x-ms-version": "2023-01-03"
      },
      "RequestBody": null,
      "StatusCode": 202,
      "ResponseHeaders": {
        "Content-Length": "0",
        "Date": "Thu, 14 Sep 2023 19:32:50 GMT",
        "Server": [
          "Windows-Azure-File/1.0",
          "Microsoft-HTTPAPI/2.0"
        ],
        "x-ms-client-request-id": "2b5651ff-6e9d-416d-b79e-569067ce05ff",
        "x-ms-request-id": "e07eb700-501a-0010-6842-e75649000000",
        "x-ms-version": "2023-01-03"
      },
      "ResponseBody": null
    },
    {
      "RequestUri": "https://fakesdaccount.file.core.windows.net/share169471996874703936/pre1694719968965169471996896502091file1169471996939309493",
      "RequestMethod": "DELETE",
      "RequestHeaders": {
        "Accept": "application/xml",
        "Authorization": "Sanitized",
        "Connection": "keep-alive",
        "User-Agent": "azsdk-js-azure-storage-blob/12.20.0 core-rest-pipeline/1.12.2 Node/v18.16.0 OS/(x64-Windows_NT-10.0.22621)",
        "x-ms-client-request-id": "91698979-d022-4e93-8e2c-e115ad01fb3e",
        "x-ms-date": "Thu, 14 Sep 2023 19:32:49 GMT",
        "x-ms-version": "2023-01-03"
      },
      "RequestBody": null,
      "StatusCode": 202,
      "ResponseHeaders": {
        "Content-Length": "0",
        "Date": "Thu, 14 Sep 2023 19:32:50 GMT",
        "Server": [
          "Windows-Azure-File/1.0",
          "Microsoft-HTTPAPI/2.0"
        ],
        "x-ms-client-request-id": "91698979-d022-4e93-8e2c-e115ad01fb3e",
        "x-ms-request-id": "e07eb701-501a-0010-6942-e75649000000",
        "x-ms-version": "2023-01-03"
      },
      "ResponseBody": null
    },
    {
      "RequestUri": "https://fakesdaccount.file.core.windows.net/share169471996874703936/pre1694719968965169471996896502091file2169471996949908583",
      "RequestMethod": "DELETE",
      "RequestHeaders": {
        "Accept": "application/xml",
        "Authorization": "Sanitized",
        "Connection": "keep-alive",
        "User-Agent": "azsdk-js-azure-storage-blob/12.20.0 core-rest-pipeline/1.12.2 Node/v18.16.0 OS/(x64-Windows_NT-10.0.22621)",
        "x-ms-client-request-id": "0ddc7a66-cd5e-4aa7-93b4-7a97d477a77d",
        "x-ms-date": "Thu, 14 Sep 2023 19:32:49 GMT",
        "x-ms-version": "2023-01-03"
      },
      "RequestBody": null,
      "StatusCode": 202,
      "ResponseHeaders": {
        "Content-Length": "0",
        "Date": "Thu, 14 Sep 2023 19:32:50 GMT",
        "Server": [
          "Windows-Azure-File/1.0",
          "Microsoft-HTTPAPI/2.0"
        ],
        "x-ms-client-request-id": "0ddc7a66-cd5e-4aa7-93b4-7a97d477a77d",
        "x-ms-request-id": "e07eb702-501a-0010-6a42-e75649000000",
        "x-ms-version": "2023-01-03"
      },
      "ResponseBody": null
    },
    {
      "RequestUri": "https://fakesdaccount.file.core.windows.net/share169471996874703936/pre1694719968965169471996896502091dir0169471996896508056?restype=directory",
      "RequestMethod": "DELETE",
      "RequestHeaders": {
        "Accept": "application/xml",
        "Authorization": "Sanitized",
        "Connection": "keep-alive",
        "User-Agent": "azsdk-js-azure-storage-blob/12.20.0 core-rest-pipeline/1.12.2 Node/v18.16.0 OS/(x64-Windows_NT-10.0.22621)",
        "x-ms-client-request-id": "d7ea8420-bb5a-4986-8420-6c9a6352320e",
        "x-ms-date": "Thu, 14 Sep 2023 19:32:50 GMT",
        "x-ms-version": "2023-01-03"
      },
      "RequestBody": null,
      "StatusCode": 202,
      "ResponseHeaders": {
        "Content-Length": "0",
        "Date": "Thu, 14 Sep 2023 19:32:50 GMT",
        "Server": [
          "Windows-Azure-File/1.0",
          "Microsoft-HTTPAPI/2.0"
        ],
        "x-ms-client-request-id": "d7ea8420-bb5a-4986-8420-6c9a6352320e",
        "x-ms-request-id": "e07eb703-501a-0010-6b42-e75649000000",
        "x-ms-version": "2023-01-03"
      },
      "ResponseBody": null
    },
    {
      "RequestUri": "https://fakesdaccount.file.core.windows.net/share169471996874703936/pre1694719968965169471996896502091dir1169471996907208691?restype=directory",
      "RequestMethod": "DELETE",
      "RequestHeaders": {
        "Accept": "application/xml",
        "Authorization": "Sanitized",
        "Connection": "keep-alive",
        "User-Agent": "azsdk-js-azure-storage-blob/12.20.0 core-rest-pipeline/1.12.2 Node/v18.16.0 OS/(x64-Windows_NT-10.0.22621)",
        "x-ms-client-request-id": "43339fb2-e293-4654-9c17-3f71e0b43e84",
        "x-ms-date": "Thu, 14 Sep 2023 19:32:50 GMT",
        "x-ms-version": "2023-01-03"
      },
      "RequestBody": null,
      "StatusCode": 202,
      "ResponseHeaders": {
        "Content-Length": "0",
        "Date": "Thu, 14 Sep 2023 19:32:50 GMT",
        "Server": [
          "Windows-Azure-File/1.0",
          "Microsoft-HTTPAPI/2.0"
        ],
        "x-ms-client-request-id": "43339fb2-e293-4654-9c17-3f71e0b43e84",
        "x-ms-request-id": "e07eb704-501a-0010-6c42-e75649000000",
        "x-ms-version": "2023-01-03"
      },
      "ResponseBody": null
    },
    {
      "RequestUri": "https://fakesdaccount.file.core.windows.net/share169471996874703936/pre1694719968965169471996896502091dir2169471996917903303?restype=directory",
      "RequestMethod": "DELETE",
      "RequestHeaders": {
        "Accept": "application/xml",
        "Authorization": "Sanitized",
        "Connection": "keep-alive",
        "User-Agent": "azsdk-js-azure-storage-blob/12.20.0 core-rest-pipeline/1.12.2 Node/v18.16.0 OS/(x64-Windows_NT-10.0.22621)",
        "x-ms-client-request-id": "1dbf0cad-9f5a-4118-8a1e-a7045bc0d5e6",
        "x-ms-date": "Thu, 14 Sep 2023 19:32:50 GMT",
        "x-ms-version": "2023-01-03"
      },
      "RequestBody": null,
      "StatusCode": 202,
      "ResponseHeaders": {
        "Content-Length": "0",
        "Date": "Thu, 14 Sep 2023 19:32:50 GMT",
        "Server": [
          "Windows-Azure-File/1.0",
          "Microsoft-HTTPAPI/2.0"
        ],
        "x-ms-client-request-id": "1dbf0cad-9f5a-4118-8a1e-a7045bc0d5e6",
        "x-ms-request-id": "e07eb705-501a-0010-6d42-e75649000000",
        "x-ms-version": "2023-01-03"
      },
      "ResponseBody": null
    },
    {
      "RequestUri": "https://fakesdaccount.file.core.windows.net/share169471996874703936?restype=share",
      "RequestMethod": "DELETE",
      "RequestHeaders": {
        "Accept": "application/xml",
        "Authorization": "Sanitized",
        "Connection": "keep-alive",
        "User-Agent": "azsdk-js-azure-storage-blob/12.20.0 core-rest-pipeline/1.12.2 Node/v18.16.0 OS/(x64-Windows_NT-10.0.22621)",
        "x-ms-client-request-id": "0d58200d-e5ae-40fc-9b12-3665f1142191",
        "x-ms-date": "Thu, 14 Sep 2023 19:32:50 GMT",
        "x-ms-version": "2023-01-03"
      },
      "RequestBody": null,
      "StatusCode": 202,
      "ResponseHeaders": {
        "Content-Length": "0",
        "Date": "Thu, 14 Sep 2023 19:32:50 GMT",
        "Server": [
          "Windows-Azure-File/1.0",
          "Microsoft-HTTPAPI/2.0"
        ],
        "x-ms-client-request-id": "0d58200d-e5ae-40fc-9b12-3665f1142191",
        "x-ms-request-id": "e07eb706-501a-0010-6e42-e75649000000",
        "x-ms-version": "2023-01-03"
      },
      "ResponseBody": null
    }
  ],
  "Variables": {
    "dir": "dir169471996885500172",
    "now": "2023-09-14T19:32:48.965Z",
    "pre1694719968965": "pre1694719968965169471996896502091",
    "pre1694719968965169471996896502091dir0": "pre1694719968965169471996896502091dir0169471996896508056",
    "pre1694719968965169471996896502091dir1": "pre1694719968965169471996896502091dir1169471996907208691",
    "pre1694719968965169471996896502091dir2": "pre1694719968965169471996896502091dir2169471996917903303",
    "pre1694719968965169471996896502091file0": "pre1694719968965169471996896502091file0169471996928609911",
    "pre1694719968965169471996896502091file1": "pre1694719968965169471996896502091file1169471996939309493",
    "pre1694719968965169471996896502091file2": "pre1694719968965169471996896502091file2169471996949908583",
    "share": "share169471996874703936"
  }
}
