{
  "Entries": [
    {
      "RequestUri": "https://fakestorageaccount.file.core.windows.net/share171438181642401258?restype=share",
      "RequestMethod": "PUT",
      "RequestHeaders": {
        "Accept": "application/xml",
        "Authorization": "Sanitized",
        "Connection": "keep-alive",
        "Content-Length": "0",
        "User-Agent": "azsdk-js-azure-storage-blob/12.23.0-beta.2 core-rest-pipeline/1.15.3 Node/18.19.0 OS/(x64-Windows_NT-10.0.22631)",
        "x-ms-client-request-id": "50495367-70e5-43a0-b3fe-b914287ff6eb",
        "x-ms-date": "Mon, 29 Apr 2024 09:10:16 GMT",
        "x-ms-version": "2023-11-03"
      },
      "RequestBody": null,
      "StatusCode": 201,
      "ResponseHeaders": {
        "Content-Length": "0",
        "Date": "Mon, 29 Apr 2024 09:10:16 GMT",
        "ETag": "\"0x8DC682C2FCB791A\"",
        "Last-Modified": "Mon, 29 Apr 2024 09:10:16 GMT",
        "Server": [
          "Windows-Azure-File/1.0",
          "Microsoft-HTTPAPI/2.0"
        ],
        "x-ms-client-request-id": "50495367-70e5-43a0-b3fe-b914287ff6eb",
        "x-ms-request-id": "72acc11f-701a-0007-5d15-9aff42000000",
        "x-ms-version": "2023-11-03"
      },
      "ResponseBody": null
    },
    {
      "RequestUri": "https://fakestorageaccount.file.core.windows.net/share171438181642401258/dir171438181653707836?restype=directory",
      "RequestMethod": "PUT",
      "RequestHeaders": {
        "Accept": "application/xml",
        "Authorization": "Sanitized",
        "Connection": "keep-alive",
        "Content-Length": "0",
        "User-Agent": "azsdk-js-azure-storage-blob/12.23.0-beta.2 core-rest-pipeline/1.15.3 Node/18.19.0 OS/(x64-Windows_NT-10.0.22631)",
        "x-ms-client-request-id": "7f84e09a-db94-496d-a345-3ca66ffdf9b5",
        "x-ms-date": "Mon, 29 Apr 2024 09:10:16 GMT",
        "x-ms-file-attributes": "Directory",
        "x-ms-file-creation-time": "now",
        "x-ms-file-last-write-time": "now",
        "x-ms-file-permission": "inherit",
        "x-ms-version": "2023-11-03"
      },
      "RequestBody": null,
      "StatusCode": 201,
      "ResponseHeaders": {
        "Content-Length": "0",
        "Date": "Mon, 29 Apr 2024 09:10:16 GMT",
        "ETag": "\"0x8DC682C2FDD5B6B\"",
        "Last-Modified": "Mon, 29 Apr 2024 09:10:17 GMT",
        "Server": [
          "Windows-Azure-File/1.0",
          "Microsoft-HTTPAPI/2.0"
        ],
        "x-ms-client-request-id": "7f84e09a-db94-496d-a345-3ca66ffdf9b5",
        "x-ms-file-attributes": "Directory",
        "x-ms-file-change-time": "2024-04-29T09:10:17.0653547Z",
        "x-ms-file-creation-time": "2024-04-29T09:10:17.0653547Z",
        "x-ms-file-id": "13835128424026341376",
        "x-ms-file-last-write-time": "2024-04-29T09:10:17.0653547Z",
        "x-ms-file-parent-id": "0",
        "x-ms-file-permission-key": "9255856626508002348*16764736045797335973",
        "x-ms-request-id": "72acc121-701a-0007-5e15-9aff42000000",
        "x-ms-request-server-encrypted": "true",
        "x-ms-version": "2023-11-03"
      },
      "ResponseBody": null
    },
    {
      "RequestUri": "https://fakestorageaccount.file.core.windows.net/share171438181642401258/dir171438181653707836?comp=properties&restype=directory",
      "RequestMethod": "PUT",
      "RequestHeaders": {
        "Accept": "application/xml",
        "Authorization": "Sanitized",
        "Connection": "keep-alive",
        "Content-Length": "0",
        "User-Agent": "azsdk-js-azure-storage-blob/12.23.0-beta.2 core-rest-pipeline/1.15.3 Node/18.19.0 OS/(x64-Windows_NT-10.0.22631)",
        "x-ms-client-request-id": "639e309c-a247-4783-94cd-59804fab5180",
        "x-ms-date": "Mon, 29 Apr 2024 09:10:16 GMT",
        "x-ms-file-attributes": "preserve",
        "x-ms-file-creation-time": "preserve",
        "x-ms-file-last-write-time": "preserve",
        "x-ms-file-permission": "preserve",
        "x-ms-version": "2023-11-03"
      },
      "RequestBody": null,
      "StatusCode": 200,
      "ResponseHeaders": {
        "Content-Length": "0",
        "Date": "Mon, 29 Apr 2024 09:10:16 GMT",
        "ETag": "\"0x8DC682C2FEE96FB\"",
        "Last-Modified": "Mon, 29 Apr 2024 09:10:17 GMT",
        "Server": [
          "Windows-Azure-File/1.0",
          "Microsoft-HTTPAPI/2.0"
        ],
        "x-ms-client-request-id": "639e309c-a247-4783-94cd-59804fab5180",
        "x-ms-file-attributes": "Directory",
        "x-ms-file-change-time": "2024-04-29T09:10:17.1782907Z",
        "x-ms-file-creation-time": "2024-04-29T09:10:17.0653547Z",
        "x-ms-file-id": "13835128424026341376",
        "x-ms-file-last-write-time": "2024-04-29T09:10:17.0653547Z",
        "x-ms-file-parent-id": "0",
        "x-ms-file-permission-key": "9255856626508002348*16764736045797335973",
        "x-ms-request-id": "72acc122-701a-0007-5f15-9aff42000000",
        "x-ms-request-server-encrypted": "true",
        "x-ms-version": "2023-11-03"
      },
      "ResponseBody": null
    },
    {
      "RequestUri": "https://fakestorageaccount.file.core.windows.net/share171438181642401258/dir171438181653707836?restype=directory",
      "RequestMethod": "GET",
      "RequestHeaders": {
        "Accept": "application/xml",
        "Authorization": "Sanitized",
        "Connection": "keep-alive",
        "User-Agent": "azsdk-js-azure-storage-blob/12.23.0-beta.2 core-rest-pipeline/1.15.3 Node/18.19.0 OS/(x64-Windows_NT-10.0.22631)",
        "x-ms-client-request-id": "ad777a54-c6e3-4613-8964-9287cb96afab",
        "x-ms-date": "Mon, 29 Apr 2024 09:10:16 GMT",
        "x-ms-version": "2023-11-03"
      },
      "RequestBody": null,
      "StatusCode": 200,
      "ResponseHeaders": {
        "Access-Control-Allow-Origin": "*",
        "Access-Control-Expose-Headers": "x-ms-request-id,x-ms-client-request-id,Server,x-ms-version,Last-Modified,ETag,x-ms-server-encrypted,x-ms-file-change-time,x-ms-file-last-write-time,x-ms-file-creation-time,x-ms-file-id,x-ms-file-parent-id,x-ms-file-permission-key,x-ms-file-attributes,Content-Length,Date,Transfer-Encoding",
        "Content-Length": "0",
        "Date": "Mon, 29 Apr 2024 09:10:16 GMT",
        "ETag": "\"0x8DC682C2FEE96FB\"",
        "Last-Modified": "Mon, 29 Apr 2024 09:10:17 GMT",
        "Server": [
          "Windows-Azure-File/1.0",
          "Microsoft-HTTPAPI/2.0"
        ],
        "x-ms-client-request-id": "ad777a54-c6e3-4613-8964-9287cb96afab",
        "x-ms-file-attributes": "Directory",
        "x-ms-file-change-time": "2024-04-29T09:10:17.1782907Z",
        "x-ms-file-creation-time": "2024-04-29T09:10:17.0653547Z",
        "x-ms-file-id": "13835128424026341376",
        "x-ms-file-last-write-time": "2024-04-29T09:10:17.0653547Z",
        "x-ms-file-parent-id": "0",
        "x-ms-file-permission-key": "9255856626508002348*16764736045797335973",
        "x-ms-request-id": "72acc123-701a-0007-6015-9aff42000000",
        "x-ms-server-encrypted": "true",
        "x-ms-version": "2023-11-03"
      },
      "ResponseBody": null
    },
    {
      "RequestUri": "https://fakestorageaccount.file.core.windows.net/share171438181642401258?restype=share",
      "RequestMethod": "DELETE",
      "RequestHeaders": {
        "Accept": "application/xml",
        "Authorization": "Sanitized",
        "Connection": "keep-alive",
        "User-Agent": "azsdk-js-azure-storage-blob/12.23.0-beta.2 core-rest-pipeline/1.15.3 Node/18.19.0 OS/(x64-Windows_NT-10.0.22631)",
        "x-ms-client-request-id": "2616193d-4584-4360-9ac1-bf122eef3527",
        "x-ms-date": "Mon, 29 Apr 2024 09:10:16 GMT",
        "x-ms-version": "2023-11-03"
      },
      "RequestBody": null,
      "StatusCode": 202,
      "ResponseHeaders": {
        "Content-Length": "0",
        "Date": "Mon, 29 Apr 2024 09:10:17 GMT",
        "Server": [
          "Windows-Azure-File/1.0",
          "Microsoft-HTTPAPI/2.0"
        ],
        "x-ms-client-request-id": "2616193d-4584-4360-9ac1-bf122eef3527",
        "x-ms-request-id": "72acc124-701a-0007-6115-9aff42000000",
        "x-ms-version": "2023-11-03"
      },
      "ResponseBody": null
    }
  ],
  "Variables": {
    "dir": "dir171438181653707836",
    "share": "share171438181642401258"
  }
}
