{
  "Entries": [
    {
      "RequestUri": "https://fakestorageaccount.file.core.windows.net/share171438184329609483?restype=share",
      "RequestMethod": "PUT",
      "RequestHeaders": {
        "Accept": "application/xml",
        "Authorization": "Sanitized",
        "Connection": "keep-alive",
        "Content-Length": "0",
        "User-Agent": "azsdk-js-azure-storage-blob/12.23.0-beta.2 core-rest-pipeline/1.15.3 Node/18.19.0 OS/(x64-Windows_NT-10.0.22631)",
        "x-ms-client-request-id": "49a83426-da92-4e1e-b967-efa56e9d294e",
        "x-ms-date": "Mon, 29 Apr 2024 09:10:43 GMT",
        "x-ms-version": "2023-11-03"
      },
      "RequestBody": null,
      "StatusCode": 201,
      "ResponseHeaders": {
        "Content-Length": "0",
        "Date": "Mon, 29 Apr 2024 09:10:43 GMT",
        "ETag": "\"0x8DC682C3FCF4841\"",
        "Last-Modified": "Mon, 29 Apr 2024 09:10:43 GMT",
        "Server": [
          "Windows-Azure-File/1.0",
          "Microsoft-HTTPAPI/2.0"
        ],
        "x-ms-client-request-id": "49a83426-da92-4e1e-b967-efa56e9d294e",
        "x-ms-request-id": "886d06f3-d01a-0043-3215-9a757d000000",
        "x-ms-version": "2023-11-03"
      },
      "ResponseBody": null
    },
    {
      "RequestUri": "https://fakestorageaccount.file.core.windows.net/share171438184329609483/dir171438184340505798?restype=directory",
      "RequestMethod": "PUT",
      "RequestHeaders": {
        "Accept": "application/xml",
        "Authorization": "Sanitized",
        "Connection": "keep-alive",
        "Content-Length": "0",
        "User-Agent": "azsdk-js-azure-storage-blob/12.23.0-beta.2 core-rest-pipeline/1.15.3 Node/18.19.0 OS/(x64-Windows_NT-10.0.22631)",
        "x-ms-client-request-id": "1c3018c3-da3d-427a-988b-72632652cbb7",
        "x-ms-date": "Mon, 29 Apr 2024 09:10:43 GMT",
        "x-ms-file-attributes": "Directory",
        "x-ms-file-creation-time": "now",
        "x-ms-file-last-write-time": "now",
        "x-ms-file-permission": "inherit",
        "x-ms-version": "2023-11-03"
      },
      "RequestBody": null,
      "StatusCode": 201,
      "ResponseHeaders": {
        "Content-Length": "0",
        "Date": "Mon, 29 Apr 2024 09:10:43 GMT",
        "ETag": "\"0x8DC682C3FE0725C\"",
        "Last-Modified": "Mon, 29 Apr 2024 09:10:43 GMT",
        "Server": [
          "Windows-Azure-File/1.0",
          "Microsoft-HTTPAPI/2.0"
        ],
        "x-ms-client-request-id": "1c3018c3-da3d-427a-988b-72632652cbb7",
        "x-ms-file-attributes": "Directory",
        "x-ms-file-change-time": "2024-04-29T09:10:43.9291484Z",
        "x-ms-file-creation-time": "2024-04-29T09:10:43.9291484Z",
        "x-ms-file-id": "13835128424026341376",
        "x-ms-file-last-write-time": "2024-04-29T09:10:43.9291484Z",
        "x-ms-file-parent-id": "0",
        "x-ms-file-permission-key": "9255856626508002348*16764736045797335973",
        "x-ms-request-id": "886d06f5-d01a-0043-3315-9a757d000000",
        "x-ms-request-server-encrypted": "true",
        "x-ms-version": "2023-11-03"
      },
      "ResponseBody": null
    },
    {
      "RequestUri": "https://fakestorageaccount.file.core.windows.net/share171438184329609483/destdir171438184351903568?restype=directory&comp=rename",
      "RequestMethod": "PUT",
      "RequestHeaders": {
        "Accept": "application/xml",
        "Authorization": "Sanitized",
        "Connection": "keep-alive",
        "Content-Length": "0",
        "User-Agent": "azsdk-js-azure-storage-blob/12.23.0-beta.2 core-rest-pipeline/1.15.3 Node/18.19.0 OS/(x64-Windows_NT-10.0.22631)",
        "x-ms-client-request-id": "a0ca8ceb-394b-48b0-b6bd-cc24176a4e09",
        "x-ms-date": "Mon, 29 Apr 2024 09:10:43 GMT",
        "x-ms-meta-key1": "vala",
        "x-ms-meta-key2": "valb",
        "x-ms-version": "2023-11-03"
      },
      "RequestBody": null,
      "StatusCode": 200,
      "ResponseHeaders": {
        "Content-Length": "0",
        "Date": "Mon, 29 Apr 2024 09:10:43 GMT",
        "ETag": "\"0x8DC682C3FF15FD9\"",
        "Last-Modified": "Mon, 29 Apr 2024 09:10:44 GMT",
        "Server": [
          "Windows-Azure-File/1.0",
          "Microsoft-HTTPAPI/2.0"
        ],
        "x-ms-client-request-id": "a0ca8ceb-394b-48b0-b6bd-cc24176a4e09",
        "x-ms-file-attributes": "Directory",
        "x-ms-file-change-time": "2024-04-29T09:10:44.0400857Z",
        "x-ms-file-creation-time": "2024-04-29T09:10:43.9291484Z",
        "x-ms-file-id": "13835128424026341376",
        "x-ms-file-last-write-time": "2024-04-29T09:10:43.9291484Z",
        "x-ms-file-parent-id": "0",
        "x-ms-file-permission-key": "9255856626508002348*16764736045797335973",
        "x-ms-request-id": "886d06f6-d01a-0043-3415-9a757d000000",
        "x-ms-request-server-encrypted": "true",
        "x-ms-version": "2023-11-03"
      },
      "ResponseBody": null
    },
    {
      "RequestUri": "https://fakestorageaccount.file.core.windows.net/share171438184329609483/destdir171438184351903568?restype=directory",
      "RequestMethod": "GET",
      "RequestHeaders": {
        "Accept": "application/xml",
        "Authorization": "Sanitized",
        "Connection": "keep-alive",
        "User-Agent": "azsdk-js-azure-storage-blob/12.23.0-beta.2 core-rest-pipeline/1.15.3 Node/18.19.0 OS/(x64-Windows_NT-10.0.22631)",
        "x-ms-client-request-id": "3ca9fbab-49cf-4bde-8284-76d41a4fe013",
        "x-ms-date": "Mon, 29 Apr 2024 09:10:43 GMT",
        "x-ms-version": "2023-11-03"
      },
      "RequestBody": null,
      "StatusCode": 200,
      "ResponseHeaders": {
        "Access-Control-Allow-Origin": "*",
        "Access-Control-Expose-Headers": "x-ms-request-id,x-ms-client-request-id,Server,x-ms-version,Last-Modified,ETag,x-ms-server-encrypted,x-ms-meta-key1,x-ms-meta-key2,x-ms-file-change-time,x-ms-file-last-write-time,x-ms-file-creation-time,x-ms-file-id,x-ms-file-parent-id,x-ms-file-permission-key,x-ms-file-attributes,Content-Length,Date,Transfer-Encoding",
        "Content-Length": "0",
        "Date": "Mon, 29 Apr 2024 09:10:43 GMT",
        "ETag": "\"0x8DC682C3FF15FD9\"",
        "Last-Modified": "Mon, 29 Apr 2024 09:10:44 GMT",
        "Server": [
          "Windows-Azure-File/1.0",
          "Microsoft-HTTPAPI/2.0"
        ],
        "x-ms-client-request-id": "3ca9fbab-49cf-4bde-8284-76d41a4fe013",
        "x-ms-file-attributes": "Directory",
        "x-ms-file-change-time": "2024-04-29T09:10:44.0400857Z",
        "x-ms-file-creation-time": "2024-04-29T09:10:43.9291484Z",
        "x-ms-file-id": "13835128424026341376",
        "x-ms-file-last-write-time": "2024-04-29T09:10:43.9291484Z",
        "x-ms-file-parent-id": "0",
        "x-ms-file-permission-key": "9255856626508002348*16764736045797335973",
        "x-ms-meta-key1": "vala",
        "x-ms-meta-key2": "valb",
        "x-ms-request-id": "886d06f7-d01a-0043-3515-9a757d000000",
        "x-ms-server-encrypted": "true",
        "x-ms-version": "2023-11-03"
      },
      "ResponseBody": null
    },
    {
      "RequestUri": "https://fakestorageaccount.file.core.windows.net/share171438184329609483/dir171438184340505798?restype=directory",
      "RequestMethod": "GET",
      "RequestHeaders": {
        "Accept": "application/xml",
        "Authorization": "Sanitized",
        "Connection": "keep-alive",
        "User-Agent": "azsdk-js-azure-storage-blob/12.23.0-beta.2 core-rest-pipeline/1.15.3 Node/18.19.0 OS/(x64-Windows_NT-10.0.22631)",
        "x-ms-client-request-id": "58cc70fb-5d14-44c1-9d26-33399e0c5f92",
        "x-ms-date": "Mon, 29 Apr 2024 09:10:43 GMT",
        "x-ms-version": "2023-11-03"
      },
      "RequestBody": null,
      "StatusCode": 404,
      "ResponseHeaders": {
        "Access-Control-Allow-Origin": "*",
        "Access-Control-Expose-Headers": "x-ms-request-id,x-ms-client-request-id,Server,x-ms-version,x-ms-error-code,Content-Length,Date,Transfer-Encoding",
        "Content-Length": "223",
        "Content-Type": "application/xml",
        "Date": "Mon, 29 Apr 2024 09:10:43 GMT",
        "Server": [
          "Windows-Azure-File/1.0",
          "Microsoft-HTTPAPI/2.0"
        ],
        "x-ms-client-request-id": "58cc70fb-5d14-44c1-9d26-33399e0c5f92",
        "x-ms-error-code": "ResourceNotFound",
        "x-ms-request-id": "886d06f8-d01a-0043-3615-9a757d000000",
        "x-ms-version": "2023-11-03"
      },
      "ResponseBody": [
        "\uFEFF<?xml version=\"1.0\" encoding=\"utf-8\"?><Error><Code>ResourceNotFound</Code><Message>The specified resource does not exist.\n",
        "RequestId:886d06f8-d01a-0043-3615-9a757d000000\n",
        "Time:2024-04-29T09:10:44.2524092Z</Message></Error>"
      ]
    },
    {
      "RequestUri": "https://fakestorageaccount.file.core.windows.net/share171438184329609483?restype=share",
      "RequestMethod": "DELETE",
      "RequestHeaders": {
        "Accept": "application/xml",
        "Authorization": "Sanitized",
        "Connection": "keep-alive",
        "User-Agent": "azsdk-js-azure-storage-blob/12.23.0-beta.2 core-rest-pipeline/1.15.3 Node/18.19.0 OS/(x64-Windows_NT-10.0.22631)",
        "x-ms-client-request-id": "2bc5a306-c79c-4379-9454-38eb1f0055a3",
        "x-ms-date": "Mon, 29 Apr 2024 09:10:43 GMT",
        "x-ms-version": "2023-11-03"
      },
      "RequestBody": null,
      "StatusCode": 202,
      "ResponseHeaders": {
        "Content-Length": "0",
        "Date": "Mon, 29 Apr 2024 09:10:43 GMT",
        "Server": [
          "Windows-Azure-File/1.0",
          "Microsoft-HTTPAPI/2.0"
        ],
        "x-ms-client-request-id": "2bc5a306-c79c-4379-9454-38eb1f0055a3",
        "x-ms-request-id": "886d06fa-d01a-0043-3815-9a757d000000",
        "x-ms-version": "2023-11-03"
      },
      "ResponseBody": null
    }
  ],
  "Variables": {
    "destdir": "destdir171438184351903568",
    "dir": "dir171438184340505798",
    "share": "share171438184329609483"
  }
}
