{
  "Entries": [
    {
      "RequestUri": "https://fakestorageaccount.file.core.windows.net/share168980246677101789?restype=share",
      "RequestMethod": "PUT",
      "RequestHeaders": {
        "Accept": "application/xml",
        "Authorization": "Sanitized",
        "Connection": "keep-alive",
        "Content-Length": "0",
        "User-Agent": "azsdk-js-azure-storage-blob/12.20.0 core-rest-pipeline/1.11.1 Node/v18.16.0 OS/(x64-Linux-6.2.10-arch1-1)",
        "x-ms-client-request-id": "708b45e4-7384-45f2-b9aa-806ff11243fe",
        "x-ms-date": "Wed, 19 Jul 2023 21:34:26 GMT",
        "x-ms-version": "2022-11-02"
      },
      "RequestBody": null,
      "StatusCode": 201,
      "ResponseHeaders": {
        "Content-Length": "0",
        "Date": "Wed, 19 Jul 2023 21:31:34 GMT",
        "ETag": "\u00220x8DB889F86A7F962\u0022",
        "Last-Modified": "Wed, 19 Jul 2023 21:31:34 GMT",
        "Server": [
          "Windows-Azure-File/1.0",
          "Microsoft-HTTPAPI/2.0"
        ],
        "x-ms-client-request-id": "708b45e4-7384-45f2-b9aa-806ff11243fe",
        "x-ms-request-id": "54593977-401a-0011-2088-ba6254000000",
        "x-ms-version": "2022-11-02"
      },
      "ResponseBody": null
    },
    {
      "RequestUri": "https://fakestorageaccount.file.core.windows.net/share168980246677101789/dir168980246686008276?restype=directory",
      "RequestMethod": "PUT",
      "RequestHeaders": {
        "Accept": "application/xml",
        "Authorization": "Sanitized",
        "Connection": "keep-alive",
        "Content-Length": "0",
        "User-Agent": "azsdk-js-azure-storage-blob/12.20.0 core-rest-pipeline/1.11.1 Node/v18.16.0 OS/(x64-Linux-6.2.10-arch1-1)",
        "x-ms-client-request-id": "a3c15fb0-9d06-40a8-b09f-4dbcece46737",
        "x-ms-date": "Wed, 19 Jul 2023 21:34:26 GMT",
        "x-ms-file-attributes": "Directory",
        "x-ms-file-creation-time": "now",
        "x-ms-file-last-write-time": "now",
        "x-ms-file-permission": "inherit",
        "x-ms-version": "2022-11-02"
      },
      "RequestBody": null,
      "StatusCode": 201,
      "ResponseHeaders": {
        "Content-Length": "0",
        "Date": "Wed, 19 Jul 2023 21:31:34 GMT",
        "ETag": "\u00220x8DB889F86B5CEF5\u0022",
        "Last-Modified": "Wed, 19 Jul 2023 21:31:34 GMT",
        "Server": [
          "Windows-Azure-File/1.0",
          "Microsoft-HTTPAPI/2.0"
        ],
        "x-ms-client-request-id": "a3c15fb0-9d06-40a8-b09f-4dbcece46737",
        "x-ms-file-attributes": "Directory",
        "x-ms-file-change-time": "2023-07-19T21:31:34.4296693Z",
        "x-ms-file-creation-time": "2023-07-19T21:31:34.4296693Z",
        "x-ms-file-id": "13835128424026341376",
        "x-ms-file-last-write-time": "2023-07-19T21:31:34.4296693Z",
        "x-ms-file-parent-id": "0",
        "x-ms-file-permission-key": "8614286176118771184*2258328373640403577",
        "x-ms-request-id": "5459397c-401a-0011-2488-ba6254000000",
        "x-ms-request-server-encrypted": "true",
        "x-ms-version": "2022-11-02"
      },
      "ResponseBody": null
    },
    {
      "RequestUri": "https://fakestorageaccount.file.core.windows.net/share168980246677101789/dir168980246686008276/dir0168980246694908916?restype=directory",
      "RequestMethod": "PUT",
      "RequestHeaders": {
        "Accept": "application/xml",
        "Authorization": "Sanitized",
        "Connection": "keep-alive",
        "Content-Length": "0",
        "User-Agent": "azsdk-js-azure-storage-blob/12.20.0 core-rest-pipeline/1.11.1 Node/v18.16.0 OS/(x64-Linux-6.2.10-arch1-1)",
        "x-ms-client-request-id": "41a509c8-afca-4f47-a3cf-6ce5b42a9b3a",
        "x-ms-date": "Wed, 19 Jul 2023 21:34:26 GMT",
        "x-ms-file-attributes": "Directory",
        "x-ms-file-creation-time": "now",
        "x-ms-file-last-write-time": "now",
        "x-ms-file-permission": "inherit",
        "x-ms-version": "2022-11-02"
      },
      "RequestBody": null,
      "StatusCode": 201,
      "ResponseHeaders": {
        "Content-Length": "0",
        "Date": "Wed, 19 Jul 2023 21:31:34 GMT",
        "ETag": "\u00220x8DB889F86C2DFA5\u0022",
        "Last-Modified": "Wed, 19 Jul 2023 21:31:34 GMT",
        "Server": [
          "Windows-Azure-File/1.0",
          "Microsoft-HTTPAPI/2.0"
        ],
        "x-ms-client-request-id": "41a509c8-afca-4f47-a3cf-6ce5b42a9b3a",
        "x-ms-file-attributes": "Directory",
        "x-ms-file-change-time": "2023-07-19T21:31:34.5152933Z",
        "x-ms-file-creation-time": "2023-07-19T21:31:34.5152933Z",
        "x-ms-file-id": "11529285414812647424",
        "x-ms-file-last-write-time": "2023-07-19T21:31:34.5152933Z",
        "x-ms-file-parent-id": "13835128424026341376",
        "x-ms-file-permission-key": "8614286176118771184*2258328373640403577",
        "x-ms-request-id": "5459397d-401a-0011-2588-ba6254000000",
        "x-ms-request-server-encrypted": "true",
        "x-ms-version": "2022-11-02"
      },
      "ResponseBody": null
    },
    {
      "RequestUri": "https://fakestorageaccount.file.core.windows.net/share168980246677101789/dir168980246686008276/dir1168980246703409289?restype=directory",
      "RequestMethod": "PUT",
      "RequestHeaders": {
        "Accept": "application/xml",
        "Authorization": "Sanitized",
        "Connection": "keep-alive",
        "Content-Length": "0",
        "User-Agent": "azsdk-js-azure-storage-blob/12.20.0 core-rest-pipeline/1.11.1 Node/v18.16.0 OS/(x64-Linux-6.2.10-arch1-1)",
        "x-ms-client-request-id": "fdd1fba0-4858-4554-9c2b-fb31e7d1de95",
        "x-ms-date": "Wed, 19 Jul 2023 21:34:27 GMT",
        "x-ms-file-attributes": "Directory",
        "x-ms-file-creation-time": "now",
        "x-ms-file-last-write-time": "now",
        "x-ms-file-permission": "inherit",
        "x-ms-version": "2022-11-02"
      },
      "RequestBody": null,
      "StatusCode": 201,
      "ResponseHeaders": {
        "Content-Length": "0",
        "Date": "Wed, 19 Jul 2023 21:31:34 GMT",
        "ETag": "\u00220x8DB889F86D1008C\u0022",
        "Last-Modified": "Wed, 19 Jul 2023 21:31:34 GMT",
        "Server": [
          "Windows-Azure-File/1.0",
          "Microsoft-HTTPAPI/2.0"
        ],
        "x-ms-client-request-id": "fdd1fba0-4858-4554-9c2b-fb31e7d1de95",
        "x-ms-file-attributes": "Directory",
        "x-ms-file-change-time": "2023-07-19T21:31:34.6078860Z",
        "x-ms-file-creation-time": "2023-07-19T21:31:34.6078860Z",
        "x-ms-file-id": "16140971433240035328",
        "x-ms-file-last-write-time": "2023-07-19T21:31:34.6078860Z",
        "x-ms-file-parent-id": "13835128424026341376",
        "x-ms-file-permission-key": "8614286176118771184*2258328373640403577",
        "x-ms-request-id": "54593983-401a-0011-2988-ba6254000000",
        "x-ms-request-server-encrypted": "true",
        "x-ms-version": "2022-11-02"
      },
      "ResponseBody": null
    },
    {
      "RequestUri": "https://fakestorageaccount.file.core.windows.net/share168980246677101789/dir168980246686008276/dir2168980246712708333?restype=directory",
      "RequestMethod": "PUT",
      "RequestHeaders": {
        "Accept": "application/xml",
        "Authorization": "Sanitized",
        "Connection": "keep-alive",
        "Content-Length": "0",
        "User-Agent": "azsdk-js-azure-storage-blob/12.20.0 core-rest-pipeline/1.11.1 Node/v18.16.0 OS/(x64-Linux-6.2.10-arch1-1)",
        "x-ms-client-request-id": "e13c112d-aea9-43b6-9c62-1266f8bb6dda",
        "x-ms-date": "Wed, 19 Jul 2023 21:34:27 GMT",
        "x-ms-file-attributes": "Directory",
        "x-ms-file-creation-time": "now",
        "x-ms-file-last-write-time": "now",
        "x-ms-file-permission": "inherit",
        "x-ms-version": "2022-11-02"
      },
      "RequestBody": null,
      "StatusCode": 201,
      "ResponseHeaders": {
        "Content-Length": "0",
        "Date": "Wed, 19 Jul 2023 21:31:34 GMT",
        "ETag": "\u00220x8DB889F86DDEA52\u0022",
        "Last-Modified": "Wed, 19 Jul 2023 21:31:34 GMT",
        "Server": [
          "Windows-Azure-File/1.0",
          "Microsoft-HTTPAPI/2.0"
        ],
        "x-ms-client-request-id": "e13c112d-aea9-43b6-9c62-1266f8bb6dda",
        "x-ms-file-attributes": "Directory",
        "x-ms-file-change-time": "2023-07-19T21:31:34.6925138Z",
        "x-ms-file-creation-time": "2023-07-19T21:31:34.6925138Z",
        "x-ms-file-id": "10376363910205800448",
        "x-ms-file-last-write-time": "2023-07-19T21:31:34.6925138Z",
        "x-ms-file-parent-id": "13835128424026341376",
        "x-ms-file-permission-key": "8614286176118771184*2258328373640403577",
        "x-ms-request-id": "54593987-401a-0011-2d88-ba6254000000",
        "x-ms-request-server-encrypted": "true",
        "x-ms-version": "2022-11-02"
      },
      "ResponseBody": null
    },
    {
      "RequestUri": "https://fakestorageaccount.file.core.windows.net/share168980246677101789/dir168980246686008276/file0168980246721105023",
      "RequestMethod": "PUT",
      "RequestHeaders": {
        "Accept": "application/xml",
        "Authorization": "Sanitized",
        "Connection": "keep-alive",
        "Content-Length": "0",
        "User-Agent": "azsdk-js-azure-storage-blob/12.20.0 core-rest-pipeline/1.11.1 Node/v18.16.0 OS/(x64-Linux-6.2.10-arch1-1)",
        "x-ms-client-request-id": "82e3782e-814c-4b40-971a-67ad78ef8796",
        "x-ms-content-length": "1024",
        "x-ms-date": "Wed, 19 Jul 2023 21:34:27 GMT",
        "x-ms-file-attributes": "None",
        "x-ms-file-creation-time": "now",
        "x-ms-file-last-write-time": "now",
        "x-ms-file-permission": "inherit",
        "x-ms-type": "file",
        "x-ms-version": "2022-11-02"
      },
      "RequestBody": null,
      "StatusCode": 201,
      "ResponseHeaders": {
        "Content-Length": "0",
        "Date": "Wed, 19 Jul 2023 21:31:34 GMT",
        "ETag": "\u00220x8DB889F86EAFAFC\u0022",
        "Last-Modified": "Wed, 19 Jul 2023 21:31:34 GMT",
        "Server": [
          "Windows-Azure-File/1.0",
          "Microsoft-HTTPAPI/2.0"
        ],
        "x-ms-client-request-id": "82e3782e-814c-4b40-971a-67ad78ef8796",
        "x-ms-file-attributes": "Archive",
        "x-ms-file-change-time": "2023-07-19T21:31:34.7781372Z",
        "x-ms-file-creation-time": "2023-07-19T21:31:34.7781372Z",
        "x-ms-file-id": "14988049928633188352",
        "x-ms-file-last-write-time": "2023-07-19T21:31:34.7781372Z",
        "x-ms-file-parent-id": "13835128424026341376",
        "x-ms-file-permission-key": "13256303658861622007*2258328373640403577",
        "x-ms-request-id": "5459398b-401a-0011-3188-ba6254000000",
        "x-ms-request-server-encrypted": "true",
        "x-ms-version": "2022-11-02"
      },
      "ResponseBody": null
    },
    {
      "RequestUri": "https://fakestorageaccount.file.core.windows.net/share168980246677101789/dir168980246686008276/file1168980246729709171",
      "RequestMethod": "PUT",
      "RequestHeaders": {
        "Accept": "application/xml",
        "Authorization": "Sanitized",
        "Connection": "keep-alive",
        "Content-Length": "0",
        "User-Agent": "azsdk-js-azure-storage-blob/12.20.0 core-rest-pipeline/1.11.1 Node/v18.16.0 OS/(x64-Linux-6.2.10-arch1-1)",
        "x-ms-client-request-id": "56d34074-62e6-4659-ad8f-23ac12d32114",
        "x-ms-content-length": "1024",
        "x-ms-date": "Wed, 19 Jul 2023 21:34:27 GMT",
        "x-ms-file-attributes": "None",
        "x-ms-file-creation-time": "now",
        "x-ms-file-last-write-time": "now",
        "x-ms-file-permission": "inherit",
        "x-ms-type": "file",
        "x-ms-version": "2022-11-02"
      },
      "RequestBody": null,
      "StatusCode": 201,
      "ResponseHeaders": {
        "Content-Length": "0",
        "Date": "Wed, 19 Jul 2023 21:31:34 GMT",
        "ETag": "\u00220x8DB889F86FEBAE7\u0022",
        "Last-Modified": "Wed, 19 Jul 2023 21:31:34 GMT",
        "Server": [
          "Windows-Azure-File/1.0",
          "Microsoft-HTTPAPI/2.0"
        ],
        "x-ms-client-request-id": "56d34074-62e6-4659-ad8f-23ac12d32114",
        "x-ms-file-attributes": "Archive",
        "x-ms-file-change-time": "2023-07-19T21:31:34.9075687Z",
        "x-ms-file-creation-time": "2023-07-19T21:31:34.9075687Z",
        "x-ms-file-id": "12682206919419494400",
        "x-ms-file-last-write-time": "2023-07-19T21:31:34.9075687Z",
        "x-ms-file-parent-id": "13835128424026341376",
        "x-ms-file-permission-key": "13256303658861622007*2258328373640403577",
        "x-ms-request-id": "54593990-401a-0011-3588-ba6254000000",
        "x-ms-request-server-encrypted": "true",
        "x-ms-version": "2022-11-02"
      },
      "ResponseBody": null
    },
    {
      "RequestUri": "https://fakestorageaccount.file.core.windows.net/share168980246677101789/dir168980246686008276/file2168980246742602523",
      "RequestMethod": "PUT",
      "RequestHeaders": {
        "Accept": "application/xml",
        "Authorization": "Sanitized",
        "Connection": "keep-alive",
        "Content-Length": "0",
        "User-Agent": "azsdk-js-azure-storage-blob/12.20.0 core-rest-pipeline/1.11.1 Node/v18.16.0 OS/(x64-Linux-6.2.10-arch1-1)",
        "x-ms-client-request-id": "6df935f4-7cca-4b67-935c-6aca1ce94877",
        "x-ms-content-length": "1024",
        "x-ms-date": "Wed, 19 Jul 2023 21:34:27 GMT",
        "x-ms-file-attributes": "None",
        "x-ms-file-creation-time": "now",
        "x-ms-file-last-write-time": "now",
        "x-ms-file-permission": "inherit",
        "x-ms-type": "file",
        "x-ms-version": "2022-11-02"
      },
      "RequestBody": null,
      "StatusCode": 201,
      "ResponseHeaders": {
        "Content-Length": "0",
        "Date": "Wed, 19 Jul 2023 21:31:34 GMT",
        "ETag": "\u00220x8DB889F870B7DD0\u0022",
        "Last-Modified": "Wed, 19 Jul 2023 21:31:34 GMT",
        "Server": [
          "Windows-Azure-File/1.0",
          "Microsoft-HTTPAPI/2.0"
        ],
        "x-ms-client-request-id": "6df935f4-7cca-4b67-935c-6aca1ce94877",
        "x-ms-file-attributes": "Archive",
        "x-ms-file-change-time": "2023-07-19T21:31:34.9912016Z",
        "x-ms-file-creation-time": "2023-07-19T21:31:34.9912016Z",
        "x-ms-file-id": "17293892937846882304",
        "x-ms-file-last-write-time": "2023-07-19T21:31:34.9912016Z",
        "x-ms-file-parent-id": "13835128424026341376",
        "x-ms-file-permission-key": "13256303658861622007*2258328373640403577",
        "x-ms-request-id": "54593992-401a-0011-3688-ba6254000000",
        "x-ms-request-server-encrypted": "true",
        "x-ms-version": "2022-11-02"
      },
      "ResponseBody": null
    },
    {
      "RequestUri": "https://fakestorageaccount.file.core.windows.net/share168980246677101789/dir168980246686008276?comp=list\u0026restype=directory\u0026include=Timestamps,Etag,Attributes,PermissionKey",
      "RequestMethod": "GET",
      "RequestHeaders": {
        "Accept": "application/xml",
        "Authorization": "Sanitized",
        "Connection": "keep-alive",
        "User-Agent": "azsdk-js-azure-storage-blob/12.20.0 core-rest-pipeline/1.11.1 Node/v18.16.0 OS/(x64-Linux-6.2.10-arch1-1)",
        "x-ms-client-request-id": "1005c99b-964c-4fb5-bae6-30b6b169e155",
        "x-ms-date": "Wed, 19 Jul 2023 21:34:27 GMT",
        "x-ms-file-extended-info": "true",
        "x-ms-version": "2022-11-02"
      },
      "RequestBody": null,
      "StatusCode": 200,
      "ResponseHeaders": {
        "Access-Control-Allow-Origin": "*",
        "Access-Control-Expose-Headers": "x-ms-request-id,x-ms-client-request-id,Server,x-ms-version,Content-Type,Content-Length,Date,Transfer-Encoding",
        "Content-Type": "application/xml",
        "Date": "Wed, 19 Jul 2023 21:31:34 GMT",
        "Server": [
          "Windows-Azure-File/1.0",
          "Microsoft-HTTPAPI/2.0"
        ],
        "Transfer-Encoding": "chunked",
        "x-ms-client-request-id": "1005c99b-964c-4fb5-bae6-30b6b169e155",
        "x-ms-request-id": "54593993-401a-0011-3788-ba6254000000",
        "x-ms-version": "2022-11-02"
      },
      "ResponseBody": "\uFEFF\u003C?xml version=\u00221.0\u0022 encoding=\u0022utf-8\u0022?\u003E\u003CEnumerationResults ServiceEndpoint=\u0022https://fakestorageaccount.file.core.windows.net/\u0022 ShareName=\u0022share168980246677101789\u0022 DirectoryPath=\u0022dir168980246686008276\u0022\u003E\u003CDirectoryId\u003E13835128424026341376\u003C/DirectoryId\u003E\u003CEntries\u003E\u003CDirectory\u003E\u003CName\u003Edir0168980246694908916\u003C/Name\u003E\u003CFileId\u003E11529285414812647424\u003C/FileId\u003E\u003CProperties\u003E\u003CCreationTime\u003E2023-07-19T21:31:34.5152933Z\u003C/CreationTime\u003E\u003CLastAccessTime\u003E2023-07-19T21:31:34.5152933Z\u003C/LastAccessTime\u003E\u003CLastWriteTime\u003E2023-07-19T21:31:34.5152933Z\u003C/LastWriteTime\u003E\u003CChangeTime\u003E2023-07-19T21:31:34.5152933Z\u003C/ChangeTime\u003E\u003CLast-Modified\u003EWed, 19 Jul 2023 21:31:34 GMT\u003C/Last-Modified\u003E\u003CEtag\u003E\u00220x8DB889F86C2DFA5\u0022\u003C/Etag\u003E\u003C/Properties\u003E\u003CAttributes\u003EDirectory\u003C/Attributes\u003E\u003CPermissionKey\u003E8614286176118771184*2258328373640403577\u003C/PermissionKey\u003E\u003C/Directory\u003E\u003CDirectory\u003E\u003CName\u003Edir1168980246703409289\u003C/Name\u003E\u003CFileId\u003E16140971433240035328\u003C/FileId\u003E\u003CProperties\u003E\u003CCreationTime\u003E2023-07-19T21:31:34.6078860Z\u003C/CreationTime\u003E\u003CLastAccessTime\u003E2023-07-19T21:31:34.6078860Z\u003C/LastAccessTime\u003E\u003CLastWriteTime\u003E2023-07-19T21:31:34.6078860Z\u003C/LastWriteTime\u003E\u003CChangeTime\u003E2023-07-19T21:31:34.6078860Z\u003C/ChangeTime\u003E\u003CLast-Modified\u003EWed, 19 Jul 2023 21:31:34 GMT\u003C/Last-Modified\u003E\u003CEtag\u003E\u00220x8DB889F86D1008C\u0022\u003C/Etag\u003E\u003C/Properties\u003E\u003CAttributes\u003EDirectory\u003C/Attributes\u003E\u003CPermissionKey\u003E8614286176118771184*2258328373640403577\u003C/PermissionKey\u003E\u003C/Directory\u003E\u003CDirectory\u003E\u003CName\u003Edir2168980246712708333\u003C/Name\u003E\u003CFileId\u003E10376363910205800448\u003C/FileId\u003E\u003CProperties\u003E\u003CCreationTime\u003E2023-07-19T21:31:34.6925138Z\u003C/CreationTime\u003E\u003CLastAccessTime\u003E2023-07-19T21:31:34.6925138Z\u003C/LastAccessTime\u003E\u003CLastWriteTime\u003E2023-07-19T21:31:34.6925138Z\u003C/LastWriteTime\u003E\u003CChangeTime\u003E2023-07-19T21:31:34.6925138Z\u003C/ChangeTime\u003E\u003CLast-Modified\u003EWed, 19 Jul 2023 21:31:34 GMT\u003C/Last-Modified\u003E\u003CEtag\u003E\u00220x8DB889F86DDEA52\u0022\u003C/Etag\u003E\u003C/Properties\u003E\u003CAttributes\u003EDirectory\u003C/Attributes\u003E\u003CPermissionKey\u003E8614286176118771184*2258328373640403577\u003C/PermissionKey\u003E\u003C/Directory\u003E\u003CFile\u003E\u003CName\u003Efile0168980246721105023\u003C/Name\u003E\u003CFileId\u003E14988049928633188352\u003C/FileId\u003E\u003CProperties\u003E\u003CContent-Length\u003E1024\u003C/Content-Length\u003E\u003CCreationTime\u003E2023-07-19T21:31:34.7781372Z\u003C/CreationTime\u003E\u003CLastAccessTime\u003E2023-07-19T21:31:34.7781372Z\u003C/LastAccessTime\u003E\u003CLastWriteTime\u003E2023-07-19T21:31:34.7781372Z\u003C/LastWriteTime\u003E\u003CChangeTime\u003E2023-07-19T21:31:34.7781372Z\u003C/ChangeTime\u003E\u003CLast-Modified\u003EWed, 19 Jul 2023 21:31:34 GMT\u003C/Last-Modified\u003E\u003CEtag\u003E\u00220x8DB889F86EAFAFC\u0022\u003C/Etag\u003E\u003C/Properties\u003E\u003CAttributes\u003EArchive\u003C/Attributes\u003E\u003CPermissionKey\u003E13256303658861622007*2258328373640403577\u003C/PermissionKey\u003E\u003C/File\u003E\u003CFile\u003E\u003CName\u003Efile1168980246729709171\u003C/Name\u003E\u003CFileId\u003E12682206919419494400\u003C/FileId\u003E\u003CProperties\u003E\u003CContent-Length\u003E1024\u003C/Content-Length\u003E\u003CCreationTime\u003E2023-07-19T21:31:34.9075687Z\u003C/CreationTime\u003E\u003CLastAccessTime\u003E2023-07-19T21:31:34.9075687Z\u003C/LastAccessTime\u003E\u003CLastWriteTime\u003E2023-07-19T21:31:34.9075687Z\u003C/LastWriteTime\u003E\u003CChangeTime\u003E2023-07-19T21:31:34.9075687Z\u003C/ChangeTime\u003E\u003CLast-Modified\u003EWed, 19 Jul 2023 21:31:34 GMT\u003C/Last-Modified\u003E\u003CEtag\u003E\u00220x8DB889F86FEBAE7\u0022\u003C/Etag\u003E\u003C/Properties\u003E\u003CAttributes\u003EArchive\u003C/Attributes\u003E\u003CPermissionKey\u003E13256303658861622007*2258328373640403577\u003C/PermissionKey\u003E\u003C/File\u003E\u003CFile\u003E\u003CName\u003Efile2168980246742602523\u003C/Name\u003E\u003CFileId\u003E17293892937846882304\u003C/FileId\u003E\u003CProperties\u003E\u003CContent-Length\u003E1024\u003C/Content-Length\u003E\u003CCreationTime\u003E2023-07-19T21:31:34.9912016Z\u003C/CreationTime\u003E\u003CLastAccessTime\u003E2023-07-19T21:31:34.9912016Z\u003C/LastAccessTime\u003E\u003CLastWriteTime\u003E2023-07-19T21:31:34.9912016Z\u003C/LastWriteTime\u003E\u003CChangeTime\u003E2023-07-19T21:31:34.9912016Z\u003C/ChangeTime\u003E\u003CLast-Modified\u003EWed, 19 Jul 2023 21:31:34 GMT\u003C/Last-Modified\u003E\u003CEtag\u003E\u00220x8DB889F870B7DD0\u0022\u003C/Etag\u003E\u003C/Properties\u003E\u003CAttributes\u003EArchive\u003C/Attributes\u003E\u003CPermissionKey\u003E13256303658861622007*2258328373640403577\u003C/PermissionKey\u003E\u003C/File\u003E\u003C/Entries\u003E\u003CNextMarker /\u003E\u003C/EnumerationResults\u003E"
    },
    {
      "RequestUri": "https://fakestorageaccount.file.core.windows.net/share168980246677101789/dir168980246686008276/file0168980246721105023",
      "RequestMethod": "DELETE",
      "RequestHeaders": {
        "Accept": "application/xml",
        "Authorization": "Sanitized",
        "Connection": "keep-alive",
        "User-Agent": "azsdk-js-azure-storage-blob/12.20.0 core-rest-pipeline/1.11.1 Node/v18.16.0 OS/(x64-Linux-6.2.10-arch1-1)",
        "x-ms-client-request-id": "1e85bf6c-425c-407c-9789-3e40f324d08d",
        "x-ms-date": "Wed, 19 Jul 2023 21:34:27 GMT",
        "x-ms-version": "2022-11-02"
      },
      "RequestBody": null,
      "StatusCode": 202,
      "ResponseHeaders": {
        "Content-Length": "0",
        "Date": "Wed, 19 Jul 2023 21:31:34 GMT",
        "Server": [
          "Windows-Azure-File/1.0",
          "Microsoft-HTTPAPI/2.0"
        ],
        "x-ms-client-request-id": "1e85bf6c-425c-407c-9789-3e40f324d08d",
        "x-ms-request-id": "54593994-401a-0011-3888-ba6254000000",
        "x-ms-version": "2022-11-02"
      },
      "ResponseBody": null
    },
    {
      "RequestUri": "https://fakestorageaccount.file.core.windows.net/share168980246677101789/dir168980246686008276/file1168980246729709171",
      "RequestMethod": "DELETE",
      "RequestHeaders": {
        "Accept": "application/xml",
        "Authorization": "Sanitized",
        "Connection": "keep-alive",
        "User-Agent": "azsdk-js-azure-storage-blob/12.20.0 core-rest-pipeline/1.11.1 Node/v18.16.0 OS/(x64-Linux-6.2.10-arch1-1)",
        "x-ms-client-request-id": "eadc9452-5257-4930-a394-6d4daa652b63",
        "x-ms-date": "Wed, 19 Jul 2023 21:34:27 GMT",
        "x-ms-version": "2022-11-02"
      },
      "RequestBody": null,
      "StatusCode": 202,
      "ResponseHeaders": {
        "Content-Length": "0",
        "Date": "Wed, 19 Jul 2023 21:31:35 GMT",
        "Server": [
          "Windows-Azure-File/1.0",
          "Microsoft-HTTPAPI/2.0"
        ],
        "x-ms-client-request-id": "eadc9452-5257-4930-a394-6d4daa652b63",
        "x-ms-request-id": "54593995-401a-0011-3988-ba6254000000",
        "x-ms-version": "2022-11-02"
      },
      "ResponseBody": null
    },
    {
      "RequestUri": "https://fakestorageaccount.file.core.windows.net/share168980246677101789/dir168980246686008276/file2168980246742602523",
      "RequestMethod": "DELETE",
      "RequestHeaders": {
        "Accept": "application/xml",
        "Authorization": "Sanitized",
        "Connection": "keep-alive",
        "User-Agent": "azsdk-js-azure-storage-blob/12.20.0 core-rest-pipeline/1.11.1 Node/v18.16.0 OS/(x64-Linux-6.2.10-arch1-1)",
        "x-ms-client-request-id": "5f16f3e2-cf64-4702-99f0-31a466e761c4",
        "x-ms-date": "Wed, 19 Jul 2023 21:34:27 GMT",
        "x-ms-version": "2022-11-02"
      },
      "RequestBody": null,
      "StatusCode": 202,
      "ResponseHeaders": {
        "Content-Length": "0",
        "Date": "Wed, 19 Jul 2023 21:31:35 GMT",
        "Server": [
          "Windows-Azure-File/1.0",
          "Microsoft-HTTPAPI/2.0"
        ],
        "x-ms-client-request-id": "5f16f3e2-cf64-4702-99f0-31a466e761c4",
        "x-ms-request-id": "54593996-401a-0011-3a88-ba6254000000",
        "x-ms-version": "2022-11-02"
      },
      "ResponseBody": null
    },
    {
      "RequestUri": "https://fakestorageaccount.file.core.windows.net/share168980246677101789/dir168980246686008276/dir0168980246694908916?restype=directory",
      "RequestMethod": "DELETE",
      "RequestHeaders": {
        "Accept": "application/xml",
        "Authorization": "Sanitized",
        "Connection": "keep-alive",
        "User-Agent": "azsdk-js-azure-storage-blob/12.20.0 core-rest-pipeline/1.11.1 Node/v18.16.0 OS/(x64-Linux-6.2.10-arch1-1)",
        "x-ms-client-request-id": "c1ff2fa5-c0a7-4274-96d5-35fbdee956f1",
        "x-ms-date": "Wed, 19 Jul 2023 21:34:27 GMT",
        "x-ms-version": "2022-11-02"
      },
      "RequestBody": null,
      "StatusCode": 202,
      "ResponseHeaders": {
        "Content-Length": "0",
        "Date": "Wed, 19 Jul 2023 21:31:35 GMT",
        "Server": [
          "Windows-Azure-File/1.0",
          "Microsoft-HTTPAPI/2.0"
        ],
        "x-ms-client-request-id": "c1ff2fa5-c0a7-4274-96d5-35fbdee956f1",
        "x-ms-request-id": "54593997-401a-0011-3b88-ba6254000000",
        "x-ms-version": "2022-11-02"
      },
      "ResponseBody": null
    },
    {
      "RequestUri": "https://fakestorageaccount.file.core.windows.net/share168980246677101789/dir168980246686008276/dir1168980246703409289?restype=directory",
      "RequestMethod": "DELETE",
      "RequestHeaders": {
        "Accept": "application/xml",
        "Authorization": "Sanitized",
        "Connection": "keep-alive",
        "User-Agent": "azsdk-js-azure-storage-blob/12.20.0 core-rest-pipeline/1.11.1 Node/v18.16.0 OS/(x64-Linux-6.2.10-arch1-1)",
        "x-ms-client-request-id": "c8513127-2264-4103-9ab9-8d16df58595e",
        "x-ms-date": "Wed, 19 Jul 2023 21:34:28 GMT",
        "x-ms-version": "2022-11-02"
      },
      "RequestBody": null,
      "StatusCode": 202,
      "ResponseHeaders": {
        "Content-Length": "0",
        "Date": "Wed, 19 Jul 2023 21:31:35 GMT",
        "Server": [
          "Windows-Azure-File/1.0",
          "Microsoft-HTTPAPI/2.0"
        ],
        "x-ms-client-request-id": "c8513127-2264-4103-9ab9-8d16df58595e",
        "x-ms-request-id": "5459399a-401a-0011-3e88-ba6254000000",
        "x-ms-version": "2022-11-02"
      },
      "ResponseBody": null
    },
    {
      "RequestUri": "https://fakestorageaccount.file.core.windows.net/share168980246677101789/dir168980246686008276/dir2168980246712708333?restype=directory",
      "RequestMethod": "DELETE",
      "RequestHeaders": {
        "Accept": "application/xml",
        "Authorization": "Sanitized",
        "Connection": "keep-alive",
        "User-Agent": "azsdk-js-azure-storage-blob/12.20.0 core-rest-pipeline/1.11.1 Node/v18.16.0 OS/(x64-Linux-6.2.10-arch1-1)",
        "x-ms-client-request-id": "8b217276-d90f-435d-b10a-a4bbf00d96f9",
        "x-ms-date": "Wed, 19 Jul 2023 21:34:28 GMT",
        "x-ms-version": "2022-11-02"
      },
      "RequestBody": null,
      "StatusCode": 202,
      "ResponseHeaders": {
        "Content-Length": "0",
        "Date": "Wed, 19 Jul 2023 21:31:35 GMT",
        "Server": [
          "Windows-Azure-File/1.0",
          "Microsoft-HTTPAPI/2.0"
        ],
        "x-ms-client-request-id": "8b217276-d90f-435d-b10a-a4bbf00d96f9",
        "x-ms-request-id": "5459399b-401a-0011-3f88-ba6254000000",
        "x-ms-version": "2022-11-02"
      },
      "ResponseBody": null
    },
    {
      "RequestUri": "https://fakestorageaccount.file.core.windows.net/share168980246677101789?restype=share",
      "RequestMethod": "DELETE",
      "RequestHeaders": {
        "Accept": "application/xml",
        "Authorization": "Sanitized",
        "Connection": "keep-alive",
        "User-Agent": "azsdk-js-azure-storage-blob/12.20.0 core-rest-pipeline/1.11.1 Node/v18.16.0 OS/(x64-Linux-6.2.10-arch1-1)",
        "x-ms-client-request-id": "62c50a59-c582-4f38-866b-41689a48f425",
        "x-ms-date": "Wed, 19 Jul 2023 21:34:28 GMT",
        "x-ms-version": "2022-11-02"
      },
      "RequestBody": null,
      "StatusCode": 202,
      "ResponseHeaders": {
        "Content-Length": "0",
        "Date": "Wed, 19 Jul 2023 21:31:35 GMT",
        "Server": [
          "Windows-Azure-File/1.0",
          "Microsoft-HTTPAPI/2.0"
        ],
        "x-ms-client-request-id": "62c50a59-c582-4f38-866b-41689a48f425",
        "x-ms-request-id": "5459399c-401a-0011-4088-ba6254000000",
        "x-ms-version": "2022-11-02"
      },
      "ResponseBody": null
    }
  ],
  "Variables": {
    "dir": "dir168980246686008276",
    "dir0": "dir0168980246694908916",
    "dir1": "dir1168980246703409289",
    "dir2": "dir2168980246712708333",
    "file0": "file0168980246721105023",
    "file1": "file1168980246729709171",
    "file2": "file2168980246742602523",
    "share": "share168980246677101789"
  }
}
