{
  "Entries": [
    {
      "RequestUri": "https://fakestorageaccount.file.core.windows.net/share171438181221608909?restype=share",
      "RequestMethod": "PUT",
      "RequestHeaders": {
        "Accept": "application/xml",
        "Authorization": "Sanitized",
        "Connection": "keep-alive",
        "Content-Length": "0",
        "User-Agent": "azsdk-js-azure-storage-blob/12.23.0-beta.2 core-rest-pipeline/1.15.3 Node/18.19.0 OS/(x64-Windows_NT-10.0.22631)",
        "x-ms-client-request-id": "b191f340-5491-4ef2-8310-b6627d1318cc",
        "x-ms-date": "Mon, 29 Apr 2024 09:10:12 GMT",
        "x-ms-version": "2023-11-03"
      },
      "RequestBody": null,
      "StatusCode": 201,
      "ResponseHeaders": {
        "Content-Length": "0",
        "Date": "Mon, 29 Apr 2024 09:10:12 GMT",
        "ETag": "\"0x8DC682C2D49727E\"",
        "Last-Modified": "Mon, 29 Apr 2024 09:10:12 GMT",
        "Server": [
          "Windows-Azure-File/1.0",
          "Microsoft-HTTPAPI/2.0"
        ],
        "x-ms-client-request-id": "b191f340-5491-4ef2-8310-b6627d1318cc",
        "x-ms-request-id": "72acc0d0-701a-0007-1d15-9aff42000000",
        "x-ms-version": "2023-11-03"
      },
      "ResponseBody": null
    },
    {
      "RequestUri": "https://fakestorageaccount.file.core.windows.net/share171438181221608909/dir171438181232902634?restype=directory",
      "RequestMethod": "PUT",
      "RequestHeaders": {
        "Accept": "application/xml",
        "Authorization": "Sanitized",
        "Connection": "keep-alive",
        "Content-Length": "0",
        "User-Agent": "azsdk-js-azure-storage-blob/12.23.0-beta.2 core-rest-pipeline/1.15.3 Node/18.19.0 OS/(x64-Windows_NT-10.0.22631)",
        "x-ms-client-request-id": "365a7d99-9781-4974-9751-f2192de77a6c",
        "x-ms-date": "Mon, 29 Apr 2024 09:10:12 GMT",
        "x-ms-file-attributes": "Directory",
        "x-ms-file-creation-time": "now",
        "x-ms-file-last-write-time": "now",
        "x-ms-file-permission": "inherit",
        "x-ms-version": "2023-11-03"
      },
      "RequestBody": null,
      "StatusCode": 201,
      "ResponseHeaders": {
        "Content-Length": "0",
        "Date": "Mon, 29 Apr 2024 09:10:12 GMT",
        "ETag": "\"0x8DC682C2D5B5349\"",
        "Last-Modified": "Mon, 29 Apr 2024 09:10:12 GMT",
        "Server": [
          "Windows-Azure-File/1.0",
          "Microsoft-HTTPAPI/2.0"
        ],
        "x-ms-client-request-id": "365a7d99-9781-4974-9751-f2192de77a6c",
        "x-ms-file-attributes": "Directory",
        "x-ms-file-change-time": "2024-04-29T09:10:12.8577353Z",
        "x-ms-file-creation-time": "2024-04-29T09:10:12.8577353Z",
        "x-ms-file-id": "13835128424026341376",
        "x-ms-file-last-write-time": "2024-04-29T09:10:12.8577353Z",
        "x-ms-file-parent-id": "0",
        "x-ms-file-permission-key": "9255856626508002348*16764736045797335973",
        "x-ms-request-id": "72acc0d3-701a-0007-1f15-9aff42000000",
        "x-ms-request-server-encrypted": "true",
        "x-ms-version": "2023-11-03"
      },
      "ResponseBody": null
    },
    {
      "RequestUri": "https://fakestorageaccount.file.core.windows.net/share171438181221608909/dir171438181232902634171438181244603951?restype=directory",
      "RequestMethod": "PUT",
      "RequestHeaders": {
        "Accept": "application/xml",
        "Authorization": "Sanitized",
        "Connection": "keep-alive",
        "Content-Length": "0",
        "User-Agent": "azsdk-js-azure-storage-blob/12.23.0-beta.2 core-rest-pipeline/1.15.3 Node/18.19.0 OS/(x64-Windows_NT-10.0.22631)",
        "x-ms-client-request-id": "098cd9ab-6bc2-48f2-811e-5b22262c745c",
        "x-ms-date": "Mon, 29 Apr 2024 09:10:12 GMT",
        "x-ms-file-attributes": "ReadOnly|Hidden|System|Directory|Archive|Offline|NotContentIndexed|NoScrubData",
        "x-ms-file-change-time": "2024-04-29T09:10:12.4470000Z",
        "x-ms-file-creation-time": "2024-04-29T09:10:12.4470000Z",
        "x-ms-file-last-write-time": "2024-04-29T09:10:12.4470000Z",
        "x-ms-file-permission-key": "9255856626508002348*16764736045797335973",
        "x-ms-meta-key": "value",
        "x-ms-version": "2023-11-03"
      },
      "RequestBody": null,
      "StatusCode": 201,
      "ResponseHeaders": {
        "Content-Length": "0",
        "Date": "Mon, 29 Apr 2024 09:10:12 GMT",
        "ETag": "\"0x8DC682C2D6D03FF\"",
        "Last-Modified": "Mon, 29 Apr 2024 09:10:12 GMT",
        "Server": [
          "Windows-Azure-File/1.0",
          "Microsoft-HTTPAPI/2.0"
        ],
        "x-ms-client-request-id": "098cd9ab-6bc2-48f2-811e-5b22262c745c",
        "x-ms-file-attributes": "ReadOnly | Hidden | System | Directory | Archive | Offline | NotContentIndexed | NoScrubData",
        "x-ms-file-change-time": "2024-04-29T09:10:12.4470000Z",
        "x-ms-file-creation-time": "2024-04-29T09:10:12.4470000Z",
        "x-ms-file-id": "11529285414812647424",
        "x-ms-file-last-write-time": "2024-04-29T09:10:12.4470000Z",
        "x-ms-file-parent-id": "0",
        "x-ms-file-permission-key": "9255856626508002348*16764736045797335973",
        "x-ms-request-id": "72acc0d5-701a-0007-2115-9aff42000000",
        "x-ms-request-server-encrypted": "true",
        "x-ms-version": "2023-11-03"
      },
      "ResponseBody": null
    },
    {
      "RequestUri": "https://fakestorageaccount.file.core.windows.net/share171438181221608909/dir171438181232902634171438181244603951?restype=directory",
      "RequestMethod": "GET",
      "RequestHeaders": {
        "Accept": "application/xml",
        "Authorization": "Sanitized",
        "Connection": "keep-alive",
        "User-Agent": "azsdk-js-azure-storage-blob/12.23.0-beta.2 core-rest-pipeline/1.15.3 Node/18.19.0 OS/(x64-Windows_NT-10.0.22631)",
        "x-ms-client-request-id": "403385e7-6ce3-48ae-afca-f95b893206be",
        "x-ms-date": "Mon, 29 Apr 2024 09:10:12 GMT",
        "x-ms-version": "2023-11-03"
      },
      "RequestBody": null,
      "StatusCode": 200,
      "ResponseHeaders": {
        "Access-Control-Allow-Origin": "*",
        "Access-Control-Expose-Headers": "x-ms-request-id,x-ms-client-request-id,Server,x-ms-version,Last-Modified,ETag,x-ms-server-encrypted,x-ms-meta-key,x-ms-file-change-time,x-ms-file-last-write-time,x-ms-file-creation-time,x-ms-file-id,x-ms-file-parent-id,x-ms-file-permission-key,x-ms-file-attributes,Content-Length,Date,Transfer-Encoding",
        "Content-Length": "0",
        "Date": "Mon, 29 Apr 2024 09:10:12 GMT",
        "ETag": "\"0x8DC682C2D6D03FF\"",
        "Last-Modified": "Mon, 29 Apr 2024 09:10:12 GMT",
        "Server": [
          "Windows-Azure-File/1.0",
          "Microsoft-HTTPAPI/2.0"
        ],
        "x-ms-client-request-id": "403385e7-6ce3-48ae-afca-f95b893206be",
        "x-ms-file-attributes": "ReadOnly | Hidden | System | Directory | Archive | Offline | NotContentIndexed | NoScrubData",
        "x-ms-file-change-time": "2024-04-29T09:10:12.4470000Z",
        "x-ms-file-creation-time": "2024-04-29T09:10:12.4470000Z",
        "x-ms-file-id": "11529285414812647424",
        "x-ms-file-last-write-time": "2024-04-29T09:10:12.4470000Z",
        "x-ms-file-parent-id": "0",
        "x-ms-file-permission-key": "9255856626508002348*16764736045797335973",
        "x-ms-meta-key": "value",
        "x-ms-request-id": "72acc0d6-701a-0007-2215-9aff42000000",
        "x-ms-server-encrypted": "true",
        "x-ms-version": "2023-11-03"
      },
      "ResponseBody": null
    },
    {
      "RequestUri": "https://fakestorageaccount.file.core.windows.net/share171438181221608909?restype=share",
      "RequestMethod": "DELETE",
      "RequestHeaders": {
        "Accept": "application/xml",
        "Authorization": "Sanitized",
        "Connection": "keep-alive",
        "User-Agent": "azsdk-js-azure-storage-blob/12.23.0-beta.2 core-rest-pipeline/1.15.3 Node/18.19.0 OS/(x64-Windows_NT-10.0.22631)",
        "x-ms-client-request-id": "922263eb-ba1e-4f27-ae2b-5c9d5a1c4661",
        "x-ms-date": "Mon, 29 Apr 2024 09:10:12 GMT",
        "x-ms-version": "2023-11-03"
      },
      "RequestBody": null,
      "StatusCode": 202,
      "ResponseHeaders": {
        "Content-Length": "0",
        "Date": "Mon, 29 Apr 2024 09:10:12 GMT",
        "Server": [
          "Windows-Azure-File/1.0",
          "Microsoft-HTTPAPI/2.0"
        ],
        "x-ms-client-request-id": "922263eb-ba1e-4f27-ae2b-5c9d5a1c4661",
        "x-ms-request-id": "72acc0d7-701a-0007-2315-9aff42000000",
        "x-ms-version": "2023-11-03"
      },
      "ResponseBody": null
    }
  ],
  "Variables": {
    "dir": "dir171438181232902634",
    "dir171438181232902634": "dir171438181232902634171438181244603951",
    "now": "2024-04-29T09:10:12.447Z",
    "share": "share171438181221608909"
  }
}
