{
  "Entries": [
    {
      "RequestUri": "https://fakestorageaccount.file.core.windows.net/share169830075371802961?restype=share",
      "RequestMethod": "PUT",
      "RequestHeaders": {
        "Accept": "application/xml",
        "Authorization": "Sanitized",
        "Connection": "keep-alive",
        "Content-Length": "0",
        "User-Agent": "azsdk-js-azure-storage-blob/12.20.0 core-rest-pipeline/1.12.2 Node/v18.16.0 OS/(x64-Windows_NT-10.0.22621)",
        "x-ms-client-request-id": "0b4e2447-f88d-4524-99bf-03858c7f47c6",
        "x-ms-date": "Thu, 26 Oct 2023 06:12:33 GMT",
        "x-ms-version": "2023-01-03"
      },
      "RequestBody": null,
      "StatusCode": 201,
      "ResponseHeaders": {
        "Content-Length": "0",
        "Date": "Thu, 26 Oct 2023 06:12:34 GMT",
        "ETag": "\u00220x8DBD5EA8BBB3D42\u0022",
        "Last-Modified": "Thu, 26 Oct 2023 06:12:34 GMT",
        "Server": [
          "Windows-Azure-File/1.0",
          "Microsoft-HTTPAPI/2.0"
        ],
        "x-ms-client-request-id": "0b4e2447-f88d-4524-99bf-03858c7f47c6",
        "x-ms-request-id": "52ccee19-901a-0042-44d3-072aa1000000",
        "x-ms-version": "2023-01-03"
      },
      "ResponseBody": null
    },
    {
      "RequestUri": "https://fakestorageaccount.file.core.windows.net/share169830075371802961/dir169830075382602109?restype=directory",
      "RequestMethod": "PUT",
      "RequestHeaders": {
        "Accept": "application/xml",
        "Authorization": "Sanitized",
        "Connection": "keep-alive",
        "Content-Length": "0",
        "User-Agent": "azsdk-js-azure-storage-blob/12.20.0 core-rest-pipeline/1.12.2 Node/v18.16.0 OS/(x64-Windows_NT-10.0.22621)",
        "x-ms-client-request-id": "5dccde51-9a96-4be5-8c0f-ba173becae4a",
        "x-ms-date": "Thu, 26 Oct 2023 06:12:33 GMT",
        "x-ms-file-attributes": "Directory",
        "x-ms-file-creation-time": "now",
        "x-ms-file-last-write-time": "now",
        "x-ms-file-permission": "inherit",
        "x-ms-version": "2023-01-03"
      },
      "RequestBody": null,
      "StatusCode": 201,
      "ResponseHeaders": {
        "Content-Length": "0",
        "Date": "Thu, 26 Oct 2023 06:12:34 GMT",
        "ETag": "\u00220x8DBD5EA8BCD6D8D\u0022",
        "Last-Modified": "Thu, 26 Oct 2023 06:12:34 GMT",
        "Server": [
          "Windows-Azure-File/1.0",
          "Microsoft-HTTPAPI/2.0"
        ],
        "x-ms-client-request-id": "5dccde51-9a96-4be5-8c0f-ba173becae4a",
        "x-ms-file-attributes": "Directory",
        "x-ms-file-change-time": "2023-10-26T06:12:34.7616653Z",
        "x-ms-file-creation-time": "2023-10-26T06:12:34.7616653Z",
        "x-ms-file-id": "13835128424026341376",
        "x-ms-file-last-write-time": "2023-10-26T06:12:34.7616653Z",
        "x-ms-file-parent-id": "0",
        "x-ms-file-permission-key": "9255856626508002348*16764736045797335973",
        "x-ms-request-id": "52ccee1b-901a-0042-45d3-072aa1000000",
        "x-ms-request-server-encrypted": "true",
        "x-ms-version": "2023-01-03"
      },
      "ResponseBody": null
    },
    {
      "RequestUri": "https://fakestorageaccount.file.core.windows.net/share169830075371802961/dir169830075382602109/dir1169830075394701509?restype=directory",
      "RequestMethod": "PUT",
      "RequestHeaders": {
        "Accept": "application/xml",
        "Authorization": "Sanitized",
        "Connection": "keep-alive",
        "Content-Length": "0",
        "User-Agent": "azsdk-js-azure-storage-blob/12.20.0 core-rest-pipeline/1.12.2 Node/v18.16.0 OS/(x64-Windows_NT-10.0.22621)",
        "x-ms-client-request-id": "cd06bcba-f52a-4b93-98ec-0ec61d52d56e",
        "x-ms-date": "Thu, 26 Oct 2023 06:12:33 GMT",
        "x-ms-file-attributes": "Directory",
        "x-ms-file-creation-time": "now",
        "x-ms-file-last-write-time": "now",
        "x-ms-file-permission": "inherit",
        "x-ms-version": "2023-01-03"
      },
      "RequestBody": null,
      "StatusCode": 201,
      "ResponseHeaders": {
        "Content-Length": "0",
        "Date": "Thu, 26 Oct 2023 06:12:34 GMT",
        "ETag": "\u00220x8DBD5EA8BE0CB96\u0022",
        "Last-Modified": "Thu, 26 Oct 2023 06:12:34 GMT",
        "Server": [
          "Windows-Azure-File/1.0",
          "Microsoft-HTTPAPI/2.0"
        ],
        "x-ms-client-request-id": "cd06bcba-f52a-4b93-98ec-0ec61d52d56e",
        "x-ms-file-attributes": "Directory",
        "x-ms-file-change-time": "2023-10-26T06:12:34.8885910Z",
        "x-ms-file-creation-time": "2023-10-26T06:12:34.8885910Z",
        "x-ms-file-id": "11529285414812647424",
        "x-ms-file-last-write-time": "2023-10-26T06:12:34.8885910Z",
        "x-ms-file-parent-id": "13835128424026341376",
        "x-ms-file-permission-key": "9255856626508002348*16764736045797335973",
        "x-ms-request-id": "52ccee1f-901a-0042-46d3-072aa1000000",
        "x-ms-request-server-encrypted": "true",
        "x-ms-version": "2023-01-03"
      },
      "ResponseBody": null
    },
    {
      "RequestUri": "https://fakestorageaccount.file.core.windows.net/share169830075371802961/dir169830075382602109/dir1169830075394701509/dir2169830075394708390?restype=directory",
      "RequestMethod": "PUT",
      "RequestHeaders": {
        "Accept": "application/xml",
        "Authorization": "Sanitized",
        "Connection": "keep-alive",
        "Content-Length": "0",
        "User-Agent": "azsdk-js-azure-storage-blob/12.20.0 core-rest-pipeline/1.12.2 Node/v18.16.0 OS/(x64-Windows_NT-10.0.22621)",
        "x-ms-client-request-id": "33806063-1898-4985-8375-ade543390302",
        "x-ms-date": "Thu, 26 Oct 2023 06:12:34 GMT",
        "x-ms-file-attributes": "Directory",
        "x-ms-file-creation-time": "now",
        "x-ms-file-last-write-time": "now",
        "x-ms-file-permission": "inherit",
        "x-ms-version": "2023-01-03"
      },
      "RequestBody": null,
      "StatusCode": 201,
      "ResponseHeaders": {
        "Content-Length": "0",
        "Date": "Thu, 26 Oct 2023 06:12:34 GMT",
        "ETag": "\u00220x8DBD5EA8BF16AEC\u0022",
        "Last-Modified": "Thu, 26 Oct 2023 06:12:34 GMT",
        "Server": [
          "Windows-Azure-File/1.0",
          "Microsoft-HTTPAPI/2.0"
        ],
        "x-ms-client-request-id": "33806063-1898-4985-8375-ade543390302",
        "x-ms-file-attributes": "Directory",
        "x-ms-file-change-time": "2023-10-26T06:12:34.9975276Z",
        "x-ms-file-creation-time": "2023-10-26T06:12:34.9975276Z",
        "x-ms-file-id": "16140971433240035328",
        "x-ms-file-last-write-time": "2023-10-26T06:12:34.9975276Z",
        "x-ms-file-parent-id": "11529285414812647424",
        "x-ms-file-permission-key": "9255856626508002348*16764736045797335973",
        "x-ms-request-id": "52ccee37-901a-0042-47d3-072aa1000000",
        "x-ms-request-server-encrypted": "true",
        "x-ms-version": "2023-01-03"
      },
      "ResponseBody": null
    },
    {
      "RequestUri": "https://fakestorageaccount.file.core.windows.net/share169830075371802961/dir169830075382602109/dir1169830075394701509/dir2169830075394708390?restype=directory",
      "RequestMethod": "GET",
      "RequestHeaders": {
        "Accept": "application/xml",
        "Authorization": "Sanitized",
        "Connection": "keep-alive",
        "User-Agent": "azsdk-js-azure-storage-blob/12.20.0 core-rest-pipeline/1.12.2 Node/v18.16.0 OS/(x64-Windows_NT-10.0.22621)",
        "x-ms-client-request-id": "54594b1d-2915-4273-94d0-1edfc70ccc51",
        "x-ms-date": "Thu, 26 Oct 2023 06:12:34 GMT",
        "x-ms-version": "2023-01-03"
      },
      "RequestBody": null,
      "StatusCode": 200,
      "ResponseHeaders": {
        "Content-Length": "0",
        "Date": "Thu, 26 Oct 2023 06:12:34 GMT",
        "ETag": "\u00220x8DBD5EA8BF16AEC\u0022",
        "Last-Modified": "Thu, 26 Oct 2023 06:12:34 GMT",
        "Server": [
          "Windows-Azure-File/1.0",
          "Microsoft-HTTPAPI/2.0"
        ],
        "Vary": "Origin",
        "x-ms-client-request-id": "54594b1d-2915-4273-94d0-1edfc70ccc51",
        "x-ms-file-attributes": "Directory",
        "x-ms-file-change-time": "2023-10-26T06:12:34.9975276Z",
        "x-ms-file-creation-time": "2023-10-26T06:12:34.9975276Z",
        "x-ms-file-id": "16140971433240035328",
        "x-ms-file-last-write-time": "2023-10-26T06:12:34.9975276Z",
        "x-ms-file-parent-id": "11529285414812647424",
        "x-ms-file-permission-key": "9255856626508002348*16764736045797335973",
        "x-ms-request-id": "52ccee38-901a-0042-48d3-072aa1000000",
        "x-ms-server-encrypted": "true",
        "x-ms-version": "2023-01-03"
      },
      "ResponseBody": null
    },
    {
      "RequestUri": "https://fakestorageaccount.file.core.windows.net/share169830075371802961?restype=share",
      "RequestMethod": "DELETE",
      "RequestHeaders": {
        "Accept": "application/xml",
        "Authorization": "Sanitized",
        "Connection": "keep-alive",
        "User-Agent": "azsdk-js-azure-storage-blob/12.20.0 core-rest-pipeline/1.12.2 Node/v18.16.0 OS/(x64-Windows_NT-10.0.22621)",
        "x-ms-client-request-id": "adf461da-f172-4642-9417-42c40246feda",
        "x-ms-date": "Thu, 26 Oct 2023 06:12:34 GMT",
        "x-ms-version": "2023-01-03"
      },
      "RequestBody": null,
      "StatusCode": 202,
      "ResponseHeaders": {
        "Content-Length": "0",
        "Date": "Thu, 26 Oct 2023 06:12:34 GMT",
        "Server": [
          "Windows-Azure-File/1.0",
          "Microsoft-HTTPAPI/2.0"
        ],
        "x-ms-client-request-id": "adf461da-f172-4642-9417-42c40246feda",
        "x-ms-request-id": "52ccee39-901a-0042-49d3-072aa1000000",
        "x-ms-version": "2023-01-03"
      },
      "ResponseBody": null
    }
  ],
  "Variables": {
    "dir": "dir169830075382602109",
    "dir1": "dir1169830075394701509",
    "dir2": "dir2169830075394708390",
    "share": "share169830075371802961"
  }
}
