{
  "Entries": [
    {
      "RequestUri": "https://REDACTED/topics/testtopic1:publish?api-version=2023-10-01-preview",
      "RequestMethod": "POST",
      "RequestHeaders": {
        "Accept": "application/json",
        "Authorization": "Sanitized",
        "Content-Length": "297",
        "Content-Type": "application/cloudevents\u002Bjson; charset=utf-8",
        "Date": "Fri, 17 Nov 2023 02:44:05 GMT",
        "User-Agent": "azsdk-java-azure-messaging-eventgrid/4.21.0-beta.1 (17.0.7; Windows 11; 10.0)",
        "x-ms-client-request-id": "c8009414-e0b7-462b-a9aa-71088f46c406"
      },
      "RequestBody": {
        "id": "873fd3b5-3945-436e-bb1b-7e8dc9bb1081",
        "source": "/microsoft/testEvent",
        "data": {
          "Field2": "Value2",
          "Field3": "Value3",
          "Field1": "Value1"
        },
        "type": "Microsoft.MockPublisher.TestEvent",
        "time": "2023-11-17T02:44:05.316193500Z",
        "specversion": "1.0",
        "datacontenttype": "application/json",
        "subject": "Test"
      },
      "StatusCode": 200,
      "ResponseHeaders": {
        "Content-Length": "2",
        "Content-Type": "application/json",
        "Date": "Fri, 17 Nov 2023 02:44:05 GMT"
      },
      "ResponseBody": {}
    },
    {
      "RequestUri": "https://REDACTED/topics/testtopic1/eventsubscriptions/testsubscription1:receive?api-version=2023-10-01-preview\u0026maxEvents=1\u0026maxWaitTime=10",
      "RequestMethod": "POST",
      "RequestHeaders": {
        "Accept": "application/json",
        "Authorization": "Sanitized",
        "Content-Length": "0",
        "Date": "Fri, 17 Nov 2023 02:44:05 GMT",
        "User-Agent": "azsdk-java-azure-messaging-eventgrid/4.21.0-beta.1 (17.0.7; Windows 11; 10.0)",
        "x-ms-client-request-id": "90d072db-076e-4693-92aa-87532fc27255"
      },
      "RequestBody": null,
      "StatusCode": 200,
      "ResponseHeaders": {
        "Content-Length": "450",
        "Content-Type": "application/json; charset=utf-8",
        "Date": "Fri, 17 Nov 2023 02:44:05 GMT"
      },
      "ResponseBody": {
        "value": [
          {
            "brokerProperties": {
              "lockToken": "CiYKJEQwMEVGNjIzLTI5NzMtNEU2My1BOEU0LTNEMzZFQ0YxRENENhISChAWJCBQnv5OgqvaGPEmnRUw",
              "deliveryCount": 1
            },
            "event": {
              "specversion": "1.0",
              "source": "/microsoft/testEvent",
              "subject": "Test",
              "id": "bb6187b8-d2ec-4fbb-9abf-06fdfa67fa1b",
              "time": "2023-11-17T02:13:35.408702Z",
              "datacontenttype": "application/json",
              "type": "Microsoft.MockPublisher.TestEvent",
              "data": {
                "Field1": "Value1",
                "Field2": "Value2",
                "Field3": "Value3"
              }
            }
          }
        ]
      }
    },
    {
      "RequestUri": "https://REDACTED/topics/testtopic1/eventsubscriptions/testsubscription1:renewLock?api-version=2023-10-01-preview",
      "RequestMethod": "POST",
      "RequestHeaders": {
        "Accept": "application/json",
        "Authorization": "Sanitized",
        "Content-Length": "99",
        "Content-Type": "application/json",
        "Date": "Fri, 17 Nov 2023 02:44:05 GMT",
        "User-Agent": "azsdk-java-azure-messaging-eventgrid/4.21.0-beta.1 (17.0.7; Windows 11; 10.0)",
        "x-ms-client-request-id": "81a5c366-19c7-422b-830c-66be8baae244"
      },
      "RequestBody": {
        "lockTokens": [
          "CiYKJEQwMEVGNjIzLTI5NzMtNEU2My1BOEU0LTNEMzZFQ0YxRENENhISChAWJCBQnv5OgqvaGPEmnRUw"
        ]
      },
      "StatusCode": 200,
      "ResponseHeaders": {
        "Content-Length": "130",
        "Content-Type": "application/json",
        "Date": "Fri, 17 Nov 2023 02:44:05 GMT"
      },
      "ResponseBody": {
        "succeededLockTokens": [
          "CiYKJEQwMEVGNjIzLTI5NzMtNEU2My1BOEU0LTNEMzZFQ0YxRENENhISChAWJCBQnv5OgqvaGPEmnRUw"
        ],
        "failedLockTokens": []
      }
    }
  ],
  "Variables": {
    "0": "2023-11-17T02:44:05.316193500Z",
    "1": "873fd3b5-3945-436e-bb1b-7e8dc9bb1081"
  }
}
