{
  "Entries": [
    {
      "RequestUri": "http://169.254.169.254/metadata/identity/oauth2/token?api-version=2018-02-01\u0026resource=https://communication.azure.com/",
      "RequestMethod": "GET",
      "RequestHeaders": {
        "Accept": "*/*",
        "Accept-Encoding": "gzip, deflate",
        "User-Agent": "azsdk-python-identity/1.15.1 Python/3.11.4 (Windows-10-10.0.22631-SP0)"
      },
      "RequestBody": null,
      "StatusCode": 400,
      "ResponseHeaders": {
        "Content-Length": "88",
        "Content-Type": "application/json; charset=utf-8",
        "Date": "sanitized",
        "Server": "IMDS/150.870.65.1125"
      },
      "ResponseBody": {
        "error": "invalid_request",
        "error_description": "Required metadata header not specified"
      }
    },
    {
      "RequestUri": "http://169.254.169.254/metadata/identity/oauth2/token?api-version=2018-02-01\u0026resource=https://communication.azure.com/",
      "RequestMethod": "GET",
      "RequestHeaders": {
        "Accept": "*/*",
        "Accept-Encoding": "gzip, deflate",
        "Metadata": "true",
        "User-Agent": "azsdk-python-identity/1.15.1 Python/3.11.4 (Windows-10-10.0.22631-SP0)"
      },
      "RequestBody": null,
      "StatusCode": 400,
      "ResponseHeaders": {
        "Content-Length": "68",
        "Content-Type": "application/json; charset=utf-8",
        "Date": "sanitized",
        "Server": "IMDS/150.870.65.1125"
      },
      "ResponseBody": {
        "error": "invalid_request",
        "error_description": "Identity not found"
      }
    },
    {
      "RequestUri": "https://sanitized.communication.azure.com/availablePhoneNumbers/countries/US/offerings?skip=0\u0026maxPageSize=100\u0026api-version=2023-10-01-preview",
      "RequestMethod": "GET",
      "RequestHeaders": {
        "Accept": "application/json",
        "Accept-Encoding": "gzip, deflate",
        "User-Agent": "azsdk-python-communication-phonenumbers/1.1.1 Python/3.11.4 (Windows-10-10.0.22631-SP0)"
      },
      "RequestBody": null,
      "StatusCode": 200,
      "ResponseHeaders": {
        "Accept-Ranges": "bytes",
        "api-supported-versions": "2021-03-07, 2022-12-01, 2022-12-02-preview2, 2023-05-01-preview, 2023-10-01-preview, 2024-01-31-preview, 2024-03-01",
        "Cache-Control": "max-age=21600, private, stale-while-revalidate=86400",
        "Connection": "keep-alive",
        "Content-Length": "659",
        "Content-Type": "application/json; charset=utf-8",
        "Date": "sanitized",
        "MS-CV": "sanitized",
        "Strict-Transport-Security": "max-age=2592000",
        "x-azure-ref": "sanitized",
        "X-Cache": "CONFIG_NOCACHE",
        "X-Processing-Time": "624ms"
      },
      "ResponseBody": {
        "phoneNumberOfferings": [
          {
            "phoneNumberType": "geographic",
            "assignmentType": "person",
            "availableCapabilities": {
              "calling": "inbound\u002Boutbound",
              "sms": "none"
            },
            "cost": {
              "amount": 1.0,
              "currencyCode": "USD",
              "billingFrequency": "monthly"
            }
          },
          {
            "phoneNumberType": "geographic",
            "assignmentType": "application",
            "availableCapabilities": {
              "calling": "inbound\u002Boutbound",
              "sms": "none"
            },
            "cost": {
              "amount": 1.0,
              "currencyCode": "USD",
              "billingFrequency": "monthly"
            }
          },
          {
            "phoneNumberType": "tollFree",
            "assignmentType": "application",
            "availableCapabilities": {
              "calling": "inbound\u002Boutbound",
              "sms": "inbound\u002Boutbound"
            },
            "cost": {
              "amount": 2.0,
              "currencyCode": "USD",
              "billingFrequency": "monthly"
            }
          }
        ],
        "nextLink": null
      }
    }
  ],
  "Variables": {}
}
