{
  "Entries": [
    {
      "RequestUri": "http://169.254.169.254/metadata/identity/oauth2/token?api-version=2018-02-01\u0026resource=https://communication.azure.com/",
      "RequestMethod": "GET",
      "RequestHeaders": {
        "Accept": "*/*",
        "Accept-Encoding": "gzip, deflate",
        "User-Agent": "azsdk-python-identity/1.15.1 Python/3.11.4 (Windows-10-10.0.22631-SP0)"
      },
      "RequestBody": null,
      "StatusCode": 400,
      "ResponseHeaders": {
        "Content-Length": "88",
        "Content-Type": "application/json; charset=utf-8",
        "Date": "sanitized",
        "Server": "IMDS/150.870.65.1125"
      },
      "ResponseBody": {
        "error": "invalid_request",
        "error_description": "Required metadata header not specified"
      }
    },
    {
      "RequestUri": "http://169.254.169.254/metadata/identity/oauth2/token?api-version=2018-02-01\u0026resource=https://communication.azure.com/",
      "RequestMethod": "GET",
      "RequestHeaders": {
        "Accept": "*/*",
        "Accept-Encoding": "gzip, deflate",
        "Metadata": "true",
        "User-Agent": "azsdk-python-identity/1.15.1 Python/3.11.4 (Windows-10-10.0.22631-SP0)"
      },
      "RequestBody": null,
      "StatusCode": 400,
      "ResponseHeaders": {
        "Content-Length": "68",
        "Content-Type": "application/json; charset=utf-8",
        "Date": "sanitized",
        "Server": "IMDS/150.870.65.1125"
      },
      "ResponseBody": {
        "error": "invalid_request",
        "error_description": "Identity not found"
      }
    },
    {
      "RequestUri": "https://sanitized.communication.azure.com/availablePhoneNumbers/countries/US/:search?api-version=2023-10-01-preview",
      "RequestMethod": "POST",
      "RequestHeaders": {
        "Accept": "application/json",
        "Accept-Encoding": "gzip, deflate",
        "Content-Length": "119",
        "Content-Type": "application/json",
        "User-Agent": "azsdk-python-communication-phonenumbers/1.1.1 Python/3.11.4 (Windows-10-10.0.22631-SP0)"
      },
      "RequestBody": {
        "phoneNumberType": "tollFree",
        "assignmentType": "application",
        "capabilities": {
          "calling": "inbound",
          "sms": "none"
        }
      },
      "StatusCode": 202,
      "ResponseHeaders": {
        "Access-Control-Expose-Headers": "Location,Operation-Location,operation-id,search-id",
        "api-supported-versions": "2021-03-07, 2022-01-11-preview2, 2022-06-01-preview, 2022-12-01, 2022-12-02-preview2, 2023-05-01-preview, 2023-10-01-preview, 2024-01-31-preview, 2024-03-01",
        "Connection": "keep-alive",
        "Content-Length": "0",
        "Date": "sanitized",
        "Location": "/availablePhoneNumbers/searchResults/dc750762-0f6c-4192-a8e9-8f35eb1690bb?api-version=2023-10-01-preview",
        "MS-CV": "sanitized",
        "operation-id": "search_dc750762-0f6c-4192-a8e9-8f35eb1690bb",
        "Operation-Location": "/phoneNumbers/operations/search_dc750762-0f6c-4192-a8e9-8f35eb1690bb?api-version=2023-10-01-preview",
        "search-id": "dc750762-0f6c-4192-a8e9-8f35eb1690bb",
        "Strict-Transport-Security": "max-age=2592000",
        "x-azure-ref": "sanitized",
        "X-Cache": "CONFIG_NOCACHE",
        "X-Processing-Time": "1004ms"
      },
      "ResponseBody": null
    },
    {
      "RequestUri": "https://sanitized.communication.azure.com/phoneNumbers/operations/search_dc750762-0f6c-4192-a8e9-8f35eb1690bb?api-version=2023-10-01-preview",
      "RequestMethod": "GET",
      "RequestHeaders": {
        "Accept": "*/*",
        "Accept-Encoding": "gzip, deflate",
        "User-Agent": "azsdk-python-communication-phonenumbers/1.1.1 Python/3.11.4 (Windows-10-10.0.22631-SP0)"
      },
      "RequestBody": null,
      "StatusCode": 200,
      "ResponseHeaders": {
        "Access-Control-Expose-Headers": "Location",
        "api-supported-versions": "2021-03-07, 2022-01-11-preview2, 2022-06-01-preview, 2022-11-15-preview, 2022-12-01, 2022-12-02-preview2, 2023-05-01-preview, 2023-10-01-preview, 2024-01-31-preview, 2024-03-01",
        "Connection": "keep-alive",
        "Content-Type": "application/json; charset=utf-8",
        "Date": "sanitized",
        "Location": "/availablePhoneNumbers/searchResults/dc750762-0f6c-4192-a8e9-8f35eb1690bb?api-version=2023-10-01-preview",
        "MS-CV": "sanitized",
        "Strict-Transport-Security": "max-age=2592000",
        "Transfer-Encoding": "chunked",
        "x-azure-ref": "sanitized",
        "X-Cache": "CONFIG_NOCACHE",
        "X-Processing-Time": "288ms"
      },
      "ResponseBody": {
        "operationType": "search",
        "status": "notStarted",
        "resourceLocation": "/availablePhoneNumbers/searchResults/dc750762-0f6c-4192-a8e9-8f35eb1690bb?api-version=2023-10-01-preview",
        "createdDateTime": "2024-01-08T22:00:45.31356\u002B00:00",
        "id": "sanitized",
        "lastActionDateTime": "0001-01-01T00:00:00\u002B00:00"
      }
    },
    {
      "RequestUri": "https://sanitized.communication.azure.com/phoneNumbers/operations/search_dc750762-0f6c-4192-a8e9-8f35eb1690bb?api-version=2023-10-01-preview",
      "RequestMethod": "GET",
      "RequestHeaders": {
        "Accept": "*/*",
        "Accept-Encoding": "gzip, deflate",
        "User-Agent": "azsdk-python-communication-phonenumbers/1.1.1 Python/3.11.4 (Windows-10-10.0.22631-SP0)"
      },
      "RequestBody": null,
      "StatusCode": 200,
      "ResponseHeaders": {
        "Access-Control-Expose-Headers": "Location",
        "api-supported-versions": "2021-03-07, 2022-01-11-preview2, 2022-06-01-preview, 2022-11-15-preview, 2022-12-01, 2022-12-02-preview2, 2023-05-01-preview, 2023-10-01-preview, 2024-01-31-preview, 2024-03-01",
        "Connection": "keep-alive",
        "Content-Type": "application/json; charset=utf-8",
        "Date": "sanitized",
        "Location": "/availablePhoneNumbers/searchResults/dc750762-0f6c-4192-a8e9-8f35eb1690bb?api-version=2023-10-01-preview",
        "MS-CV": "sanitized",
        "Strict-Transport-Security": "max-age=2592000",
        "Transfer-Encoding": "chunked",
        "x-azure-ref": "sanitized",
        "X-Cache": "CONFIG_NOCACHE",
        "X-Processing-Time": "296ms"
      },
      "ResponseBody": {
        "operationType": "search",
        "status": "succeeded",
        "resourceLocation": "/availablePhoneNumbers/searchResults/dc750762-0f6c-4192-a8e9-8f35eb1690bb?api-version=2023-10-01-preview",
        "createdDateTime": "2024-01-08T22:00:45.31356\u002B00:00",
        "id": "sanitized",
        "lastActionDateTime": "0001-01-01T00:00:00\u002B00:00"
      }
    },
    {
      "RequestUri": "https://sanitized.communication.azure.com/availablePhoneNumbers/searchResults/dc750762-0f6c-4192-a8e9-8f35eb1690bb?api-version=2023-10-01-preview",
      "RequestMethod": "GET",
      "RequestHeaders": {
        "Accept": "*/*",
        "Accept-Encoding": "gzip, deflate",
        "User-Agent": "azsdk-python-communication-phonenumbers/1.1.1 Python/3.11.4 (Windows-10-10.0.22631-SP0)"
      },
      "RequestBody": null,
      "StatusCode": 200,
      "ResponseHeaders": {
        "Accept-Ranges": "bytes",
        "api-supported-versions": "2021-03-07, 2022-01-11-preview2, 2022-06-01-preview, 2022-12-01, 2022-12-02-preview2, 2023-05-01-preview, 2023-10-01-preview, 2024-01-31-preview, 2024-03-01",
        "Connection": "keep-alive",
        "Content-Length": "335",
        "Content-Type": "application/json; charset=utf-8",
        "Date": "sanitized",
        "MS-CV": "sanitized",
        "Strict-Transport-Security": "max-age=2592000",
        "x-azure-ref": "sanitized",
        "X-Cache": "CONFIG_NOCACHE",
        "X-Processing-Time": "529ms"
      },
      "ResponseBody": {
        "searchId": "dc750762-0f6c-4192-a8e9-8f35eb1690bb",
        "phoneNumbers": [
          "\u002Bsanitized"
        ],
        "phoneNumberType": "tollFree",
        "assignmentType": "application",
        "capabilities": {
          "calling": "inbound",
          "sms": "none"
        },
        "cost": {
          "amount": 2.0,
          "currencyCode": "USD",
          "billingFrequency": "monthly"
        },
        "searchExpiresBy": "2024-01-08T22:16:46.4492554\u002B00:00",
        "error": "NoError"
      }
    },
    {
      "RequestUri": "https://sanitized.communication.azure.com/availablePhoneNumbers/:purchase?api-version=2023-10-01-preview",
      "RequestMethod": "POST",
      "RequestHeaders": {
        "Accept": "application/json",
        "Accept-Encoding": "gzip, deflate",
        "Content-Length": "87",
        "Content-Type": "application/json",
        "User-Agent": "azsdk-python-communication-phonenumbers/1.1.1 Python/3.11.4 (Windows-10-10.0.22631-SP0)"
      },
      "RequestBody": {
        "searchId": "dc750762-0f6c-4192-a8e9-8f35eb1690bb",
        "consentToNotResellNumbers": true
      },
      "StatusCode": 202,
      "ResponseHeaders": {
        "Access-Control-Expose-Headers": "Operation-Location,operation-id,purchase-id",
        "api-supported-versions": "2021-03-07, 2022-01-11-preview2, 2022-06-01-preview, 2022-12-01, 2022-12-02-preview2, 2023-05-01-preview, 2023-10-01-preview, 2024-01-31-preview, 2024-03-01",
        "Connection": "keep-alive",
        "Content-Length": "0",
        "Date": "sanitized",
        "MS-CV": "sanitized",
        "operation-id": "purchase_dc750762-0f6c-4192-a8e9-8f35eb1690bb",
        "Operation-Location": "/phoneNumbers/operations/purchase_dc750762-0f6c-4192-a8e9-8f35eb1690bb?api-version=2023-10-01-preview",
        "purchase-id": "dc750762-0f6c-4192-a8e9-8f35eb1690bb",
        "Strict-Transport-Security": "max-age=2592000",
        "x-azure-ref": "sanitized",
        "X-Cache": "CONFIG_NOCACHE",
        "X-Processing-Time": "1231ms"
      },
      "ResponseBody": null
    },
    {
      "RequestUri": "https://sanitized.communication.azure.com/phoneNumbers/operations/purchase_dc750762-0f6c-4192-a8e9-8f35eb1690bb?api-version=2023-10-01-preview",
      "RequestMethod": "GET",
      "RequestHeaders": {
        "Accept": "*/*",
        "Accept-Encoding": "gzip, deflate",
        "User-Agent": "azsdk-python-communication-phonenumbers/1.1.1 Python/3.11.4 (Windows-10-10.0.22631-SP0)"
      },
      "RequestBody": null,
      "StatusCode": 200,
      "ResponseHeaders": {
        "api-supported-versions": "2021-03-07, 2022-01-11-preview2, 2022-06-01-preview, 2022-11-15-preview, 2022-12-01, 2022-12-02-preview2, 2023-05-01-preview, 2023-10-01-preview, 2024-01-31-preview, 2024-03-01",
        "Connection": "keep-alive",
        "Content-Type": "application/json; charset=utf-8",
        "Date": "sanitized",
        "MS-CV": "sanitized",
        "Strict-Transport-Security": "max-age=2592000",
        "Transfer-Encoding": "chunked",
        "x-azure-ref": "sanitized",
        "X-Cache": "CONFIG_NOCACHE",
        "X-Processing-Time": "362ms"
      },
      "ResponseBody": {
        "operationType": "purchase",
        "status": "running",
        "resourceLocation": null,
        "createdDateTime": "2024-01-08T22:00:45.31356\u002B00:00",
        "id": "sanitized",
        "lastActionDateTime": "0001-01-01T00:00:00\u002B00:00"
      }
    },
    {
      "RequestUri": "https://sanitized.communication.azure.com/phoneNumbers/operations/purchase_dc750762-0f6c-4192-a8e9-8f35eb1690bb?api-version=2023-10-01-preview",
      "RequestMethod": "GET",
      "RequestHeaders": {
        "Accept": "*/*",
        "Accept-Encoding": "gzip, deflate",
        "User-Agent": "azsdk-python-communication-phonenumbers/1.1.1 Python/3.11.4 (Windows-10-10.0.22631-SP0)"
      },
      "RequestBody": null,
      "StatusCode": 200,
      "ResponseHeaders": {
        "api-supported-versions": "2021-03-07, 2022-01-11-preview2, 2022-06-01-preview, 2022-11-15-preview, 2022-12-01, 2022-12-02-preview2, 2023-05-01-preview, 2023-10-01-preview, 2024-01-31-preview, 2024-03-01",
        "Connection": "keep-alive",
        "Content-Type": "application/json; charset=utf-8",
        "Date": "sanitized",
        "MS-CV": "sanitized",
        "Strict-Transport-Security": "max-age=2592000",
        "Transfer-Encoding": "chunked",
        "x-azure-ref": "sanitized",
        "X-Cache": "CONFIG_NOCACHE",
        "X-Processing-Time": "294ms"
      },
      "ResponseBody": {
        "operationType": "purchase",
        "status": "notStarted",
        "resourceLocation": null,
        "createdDateTime": "2024-01-08T22:00:45.31356\u002B00:00",
        "id": "sanitized",
        "lastActionDateTime": "0001-01-01T00:00:00\u002B00:00"
      }
    },
    {
      "RequestUri": "https://sanitized.communication.azure.com/phoneNumbers/operations/purchase_dc750762-0f6c-4192-a8e9-8f35eb1690bb?api-version=2023-10-01-preview",
      "RequestMethod": "GET",
      "RequestHeaders": {
        "Accept": "*/*",
        "Accept-Encoding": "gzip, deflate",
        "User-Agent": "azsdk-python-communication-phonenumbers/1.1.1 Python/3.11.4 (Windows-10-10.0.22631-SP0)"
      },
      "RequestBody": null,
      "StatusCode": 200,
      "ResponseHeaders": {
        "api-supported-versions": "2021-03-07, 2022-01-11-preview2, 2022-06-01-preview, 2022-11-15-preview, 2022-12-01, 2022-12-02-preview2, 2023-05-01-preview, 2023-10-01-preview, 2024-01-31-preview, 2024-03-01",
        "Connection": "keep-alive",
        "Content-Type": "application/json; charset=utf-8",
        "Date": "sanitized",
        "MS-CV": "sanitized",
        "Strict-Transport-Security": "max-age=2592000",
        "Transfer-Encoding": "chunked",
        "x-azure-ref": "sanitized",
        "X-Cache": "CONFIG_NOCACHE",
        "X-Processing-Time": "314ms"
      },
      "ResponseBody": {
        "operationType": "purchase",
        "status": "succeeded",
        "resourceLocation": null,
        "createdDateTime": "2024-01-08T22:00:45.31356\u002B00:00",
        "id": "sanitized",
        "lastActionDateTime": "0001-01-01T00:00:00\u002B00:00"
      }
    },
    {
      "RequestUri": "https://sanitized.communication.azure.com/phoneNumbers/sanitized?api-version=2023-10-01-preview",
      "RequestMethod": "DELETE",
      "RequestHeaders": {
        "Accept": "application/json",
        "Accept-Encoding": "gzip, deflate",
        "Content-Length": "0",
        "User-Agent": "azsdk-python-communication-phonenumbers/1.1.1 Python/3.11.4 (Windows-10-10.0.22631-SP0)"
      },
      "RequestBody": null,
      "StatusCode": 202,
      "ResponseHeaders": {
        "Access-Control-Expose-Headers": "Operation-Location,operation-id,release-id",
        "api-supported-versions": "2021-03-07, 2022-01-11-preview2, 2022-06-01-preview, 2022-12-01, 2022-12-02-preview2, 2023-05-01-preview, 2023-10-01-preview, 2024-01-31-preview, 2024-03-01",
        "Connection": "keep-alive",
        "Content-Length": "0",
        "Date": "sanitized",
        "MS-CV": "sanitized",
        "operation-id": "release_e1dabbe8-faac-4ce3-940d-545169809b78",
        "Operation-Location": "/phoneNumbers/operations/release_e1dabbe8-faac-4ce3-940d-545169809b78?api-version=2023-10-01-preview",
        "release-id": "e1dabbe8-faac-4ce3-940d-545169809b78",
        "Strict-Transport-Security": "max-age=2592000",
        "x-azure-ref": "sanitized",
        "X-Cache": "CONFIG_NOCACHE",
        "X-Processing-Time": "1742ms"
      },
      "ResponseBody": null
    },
    {
      "RequestUri": "https://sanitized.communication.azure.com/phoneNumbers/operations/release_e1dabbe8-faac-4ce3-940d-545169809b78?api-version=2023-10-01-preview",
      "RequestMethod": "GET",
      "RequestHeaders": {
        "Accept": "*/*",
        "Accept-Encoding": "gzip, deflate",
        "User-Agent": "azsdk-python-communication-phonenumbers/1.1.1 Python/3.11.4 (Windows-10-10.0.22631-SP0)"
      },
      "RequestBody": null,
      "StatusCode": 200,
      "ResponseHeaders": {
        "api-supported-versions": "2021-03-07, 2022-01-11-preview2, 2022-06-01-preview, 2022-11-15-preview, 2022-12-01, 2022-12-02-preview2, 2023-05-01-preview, 2023-10-01-preview, 2024-01-31-preview, 2024-03-01",
        "Connection": "keep-alive",
        "Content-Type": "application/json; charset=utf-8",
        "Date": "sanitized",
        "MS-CV": "sanitized",
        "Strict-Transport-Security": "max-age=2592000",
        "Transfer-Encoding": "chunked",
        "x-azure-ref": "sanitized",
        "X-Cache": "CONFIG_NOCACHE",
        "X-Processing-Time": "235ms"
      },
      "ResponseBody": {
        "operationType": "releasePhoneNumber",
        "status": "notStarted",
        "resourceLocation": null,
        "createdDateTime": "2024-01-08T22:00:56.3076617\u002B00:00",
        "id": "sanitized",
        "lastActionDateTime": "0001-01-01T00:00:00\u002B00:00"
      }
    },
    {
      "RequestUri": "https://sanitized.communication.azure.com/phoneNumbers/operations/release_e1dabbe8-faac-4ce3-940d-545169809b78?api-version=2023-10-01-preview",
      "RequestMethod": "GET",
      "RequestHeaders": {
        "Accept": "*/*",
        "Accept-Encoding": "gzip, deflate",
        "User-Agent": "azsdk-python-communication-phonenumbers/1.1.1 Python/3.11.4 (Windows-10-10.0.22631-SP0)"
      },
      "RequestBody": null,
      "StatusCode": 200,
      "ResponseHeaders": {
        "api-supported-versions": "2021-03-07, 2022-01-11-preview2, 2022-06-01-preview, 2022-11-15-preview, 2022-12-01, 2022-12-02-preview2, 2023-05-01-preview, 2023-10-01-preview, 2024-01-31-preview, 2024-03-01",
        "Connection": "keep-alive",
        "Content-Type": "application/json; charset=utf-8",
        "Date": "sanitized",
        "MS-CV": "sanitized",
        "Strict-Transport-Security": "max-age=2592000",
        "Transfer-Encoding": "chunked",
        "x-azure-ref": "sanitized",
        "X-Cache": "CONFIG_NOCACHE",
        "X-Processing-Time": "450ms"
      },
      "ResponseBody": {
        "operationType": "releasePhoneNumber",
        "status": "running",
        "resourceLocation": null,
        "createdDateTime": "2024-01-08T22:00:56.3076617\u002B00:00",
        "id": "sanitized",
        "lastActionDateTime": "0001-01-01T00:00:00\u002B00:00"
      }
    },
    {
      "RequestUri": "https://sanitized.communication.azure.com/phoneNumbers/operations/release_e1dabbe8-faac-4ce3-940d-545169809b78?api-version=2023-10-01-preview",
      "RequestMethod": "GET",
      "RequestHeaders": {
        "Accept": "*/*",
        "Accept-Encoding": "gzip, deflate",
        "User-Agent": "azsdk-python-communication-phonenumbers/1.1.1 Python/3.11.4 (Windows-10-10.0.22631-SP0)"
      },
      "RequestBody": null,
      "StatusCode": 200,
      "ResponseHeaders": {
        "api-supported-versions": "2021-03-07, 2022-01-11-preview2, 2022-06-01-preview, 2022-11-15-preview, 2022-12-01, 2022-12-02-preview2, 2023-05-01-preview, 2023-10-01-preview, 2024-01-31-preview, 2024-03-01",
        "Connection": "keep-alive",
        "Content-Type": "application/json; charset=utf-8",
        "Date": "sanitized",
        "MS-CV": "sanitized",
        "Strict-Transport-Security": "max-age=2592000",
        "Transfer-Encoding": "chunked",
        "x-azure-ref": "sanitized",
        "X-Cache": "CONFIG_NOCACHE",
        "X-Processing-Time": "339ms"
      },
      "ResponseBody": {
        "operationType": "releasePhoneNumber",
        "status": "succeeded",
        "resourceLocation": null,
        "createdDateTime": "2024-01-08T22:00:56.3076617\u002B00:00",
        "id": "sanitized",
        "lastActionDateTime": "0001-01-01T00:00:00\u002B00:00"
      }
    }
  ],
  "Variables": {}
}
