{
  "Entries": [
    {
      "RequestUri": "https://sanitized.communication.azure.com/phoneNumbers/sanitized?api-version=2025-06-01",
      "RequestMethod": "GET",
      "RequestHeaders": {
        "Accept": "application/json",
        "Accept-Encoding": "gzip, deflate",
        "Content-Length": "0",
        "User-Agent": "azsdk-python-communication-phonenumbers/1.4.0b1 Python/3.11.9 (Windows-10-10.0.26100-SP0)",
        "x-ms-content-sha256": "sanitized",
        "x-ms-date": "sanitized",
        "x-ms-return-client-request-id": "true"
      },
      "RequestBody": null,
      "StatusCode": 200,
      "ResponseHeaders": {
        "Accept-Ranges": "bytes",
        "api-supported-versions": "2021-03-07, 2022-01-11-preview2, 2022-06-01-preview, 2022-12-01, 2022-12-02-preview2, 2023-04-30-preview, 2023-05-01-preview, 2023-10-01-preview, 2024-03-01-preview, 2024-04-30-preview, 2024-05-01-preview, 2024-08-31-preview, 2025-02-11, 2025-04-01-preview, 2025-04-01, 2025-04-15-preview, 2025-06-01",
        "Connection": "keep-alive",
        "Content-Length": "300",
        "Content-Type": "application/json; charset=utf-8",
        "Date": "sanitized",
        "MS-CV": "sanitized",
        "Request-Context": "appId=",
        "Strict-Transport-Security": "max-age=31536000; includeSubDomains",
        "x-azure-ref": "sanitized",
        "X-Cache": "CONFIG_NOCACHE",
        "X-Processing-Time": "710ms"
      },
      "ResponseBody": {
        "id": "sanitized",
        "phoneNumber": "sanitized",
        "countryCode": "US",
        "phoneNumberType": "tollFree",
        "capabilities": {
          "calling": "inbound",
          "sms": "outbound"
        },
        "assignmentType": "application",
        "purchaseDate": "2025-02-07T18:17:19.5320954+00:00",
        "cost": {
          "amount": 2.0,
          "currencyCode": "USD",
          "billingFrequency": "monthly"
        }
      }
    },
    {
      "RequestUri": "https://sanitized.communication.azure.com/phoneNumbers/sanitized/capabilities?api-version=2025-06-01",
      "RequestMethod": "PATCH",
      "RequestHeaders": {
        "Accept": "application/json",
        "Accept-Encoding": "gzip, deflate",
        "Content-Length": "50",
        "Content-Type": "application/merge-patch+json",
        "User-Agent": "azsdk-python-communication-phonenumbers/1.4.0b1 Python/3.11.9 (Windows-10-10.0.26100-SP0)",
        "x-ms-content-sha256": "sanitized",
        "x-ms-date": "sanitized",
        "x-ms-return-client-request-id": "true"
      },
      "RequestBody": {
        "calling": "outbound",
        "sms": "inbound+outbound"
      },
      "StatusCode": 202,
      "ResponseHeaders": {
        "Access-Control-Expose-Headers": "Operation-Location,Location,operation-id,capabilities-id",
        "api-supported-versions": "2021-03-07, 2022-01-11-preview2, 2022-06-01-preview, 2022-12-01, 2022-12-02-preview2, 2023-04-30-preview, 2023-05-01-preview, 2023-10-01-preview, 2024-03-01-preview, 2024-04-30-preview, 2024-05-01-preview, 2024-08-31-preview, 2025-02-11, 2025-04-01-preview, 2025-04-01, 2025-04-15-preview, 2025-06-01",
        "capabilities-id": "64fef9b6-3b57-46db-930a-69a14af99b2f",
        "Connection": "keep-alive",
        "Content-Length": "63",
        "Content-Type": "application/json; charset=utf-8",
        "Date": "sanitized",
        "Location": "/phoneNumbers/sanitized?api-version=2025-06-01",
        "MS-CV": "sanitized",
        "operation-id": "capabilities_64fef9b6-3b57-46db-930a-69a14af99b2f",
        "Operation-Location": "/phoneNumbers/operations/capabilities_64fef9b6-3b57-46db-930a-69a14af99b2f?api-version=2025-06-01",
        "Request-Context": "appId=",
        "Strict-Transport-Security": "max-age=31536000; includeSubDomains",
        "x-azure-ref": "sanitized",
        "X-Cache": "CONFIG_NOCACHE",
        "X-Processing-Time": "2568ms"
      },
      "ResponseBody": {
        "capabilitiesUpdateId": "64fef9b6-3b57-46db-930a-69a14af99b2f"
      }
    },
    {
      "RequestUri": "https://sanitized.communication.azure.com/phoneNumbers/operations/capabilities_64fef9b6-3b57-46db-930a-69a14af99b2f?api-version=2025-06-01",
      "RequestMethod": "GET",
      "RequestHeaders": {
        "Accept": "*/*",
        "Accept-Encoding": "gzip, deflate",
        "Content-Length": "0",
        "User-Agent": "azsdk-python-communication-phonenumbers/1.4.0b1 Python/3.11.9 (Windows-10-10.0.26100-SP0)",
        "x-ms-content-sha256": "sanitized",
        "x-ms-date": "sanitized",
        "x-ms-return-client-request-id": "true"
      },
      "RequestBody": null,
      "StatusCode": 200,
      "ResponseHeaders": {
        "Access-Control-Expose-Headers": "Location",
        "api-supported-versions": "2021-03-07, 2022-01-11-preview2, 2022-06-01-preview, 2022-11-15-preview, 2022-12-01, 2022-12-02-preview2, 2023-04-30-preview, 2023-05-01-preview, 2023-10-01-preview, 2023-10-01-preview2, 2024-03-01-preview, 2024-04-30-preview, 2024-05-01-preview, 2024-08-31-preview, 2025-02-11, 2025-04-01-preview, 2025-04-01, 2025-04-15-preview, 2025-06-01",
        "Connection": "keep-alive",
        "Content-Type": "application/json; charset=utf-8",
        "Date": "sanitized",
        "Location": "/phoneNumbers/sanitized?api-version=2025-06-01",
        "MS-CV": "sanitized",
        "Request-Context": "appId=",
        "Strict-Transport-Security": "max-age=31536000; includeSubDomains",
        "Transfer-Encoding": "chunked",
        "x-azure-ref": "sanitized",
        "X-Cache": "CONFIG_NOCACHE",
        "X-Processing-Time": "470ms"
      },
      "ResponseBody": {
        "operationType": "updatePhoneNumberCapabilities",
        "status": "notStarted",
        "resourceLocation": "Sanitized",
        "createdDateTime": "2025-06-18T22:19:23.5100371+00:00",
        "id": "capabilities_64fef9b6-3b57-46db-930a-69a14af99b2f",
        "lastActionDateTime": "0001-01-01T00:00:00+00:00"
      }
    },
    {
      "RequestUri": "https://sanitized.communication.azure.com/phoneNumbers/operations/capabilities_64fef9b6-3b57-46db-930a-69a14af99b2f?api-version=2025-06-01",
      "RequestMethod": "GET",
      "RequestHeaders": {
        "Accept": "*/*",
        "Accept-Encoding": "gzip, deflate",
        "Content-Length": "0",
        "User-Agent": "azsdk-python-communication-phonenumbers/1.4.0b1 Python/3.11.9 (Windows-10-10.0.26100-SP0)",
        "x-ms-content-sha256": "sanitized",
        "x-ms-date": "sanitized",
        "x-ms-return-client-request-id": "true"
      },
      "RequestBody": null,
      "StatusCode": 200,
      "ResponseHeaders": {
        "Access-Control-Expose-Headers": "Location",
        "api-supported-versions": "2021-03-07, 2022-01-11-preview2, 2022-06-01-preview, 2022-11-15-preview, 2022-12-01, 2022-12-02-preview2, 2023-04-30-preview, 2023-05-01-preview, 2023-10-01-preview, 2023-10-01-preview2, 2024-03-01-preview, 2024-04-30-preview, 2024-05-01-preview, 2024-08-31-preview, 2025-02-11, 2025-04-01-preview, 2025-04-01, 2025-04-15-preview, 2025-06-01",
        "Connection": "keep-alive",
        "Content-Type": "application/json; charset=utf-8",
        "Date": "sanitized",
        "Location": "/phoneNumbers/sanitized?api-version=2025-06-01",
        "MS-CV": "sanitized",
        "Request-Context": "appId=",
        "Strict-Transport-Security": "max-age=31536000; includeSubDomains",
        "Transfer-Encoding": "chunked",
        "x-azure-ref": "sanitized",
        "X-Cache": "CONFIG_NOCACHE",
        "X-Processing-Time": "437ms"
      },
      "ResponseBody": {
        "operationType": "updatePhoneNumberCapabilities",
        "status": "running",
        "resourceLocation": "Sanitized",
        "createdDateTime": "2025-06-18T22:19:23.5100371+00:00",
        "id": "capabilities_64fef9b6-3b57-46db-930a-69a14af99b2f",
        "lastActionDateTime": "0001-01-01T00:00:00+00:00"
      }
    },
    {
      "RequestUri": "https://sanitized.communication.azure.com/phoneNumbers/operations/capabilities_64fef9b6-3b57-46db-930a-69a14af99b2f?api-version=2025-06-01",
      "RequestMethod": "GET",
      "RequestHeaders": {
        "Accept": "*/*",
        "Accept-Encoding": "gzip, deflate",
        "Content-Length": "0",
        "User-Agent": "azsdk-python-communication-phonenumbers/1.4.0b1 Python/3.11.9 (Windows-10-10.0.26100-SP0)",
        "x-ms-content-sha256": "sanitized",
        "x-ms-date": "sanitized",
        "x-ms-return-client-request-id": "true"
      },
      "RequestBody": null,
      "StatusCode": 200,
      "ResponseHeaders": {
        "Access-Control-Expose-Headers": "Location",
        "api-supported-versions": "2021-03-07, 2022-01-11-preview2, 2022-06-01-preview, 2022-11-15-preview, 2022-12-01, 2022-12-02-preview2, 2023-04-30-preview, 2023-05-01-preview, 2023-10-01-preview, 2023-10-01-preview2, 2024-03-01-preview, 2024-04-30-preview, 2024-05-01-preview, 2024-08-31-preview, 2025-02-11, 2025-04-01-preview, 2025-04-01, 2025-04-15-preview, 2025-06-01",
        "Connection": "keep-alive",
        "Content-Type": "application/json; charset=utf-8",
        "Date": "sanitized",
        "Location": "/phoneNumbers/sanitized?api-version=2025-06-01",
        "MS-CV": "sanitized",
        "Request-Context": "appId=",
        "Strict-Transport-Security": "max-age=31536000; includeSubDomains",
        "Transfer-Encoding": "chunked",
        "x-azure-ref": "sanitized",
        "X-Cache": "CONFIG_NOCACHE",
        "X-Processing-Time": "478ms"
      },
      "ResponseBody": {
        "operationType": "updatePhoneNumberCapabilities",
        "status": "failed",
        "resourceLocation": "Sanitized",
        "createdDateTime": "2025-04-08T21:34:21.7988831+00:00",
        "id": "capabilities_0e8a5153-aa99-4706-8e4b-f74fc738456f",
        "lastActionDateTime": "0001-01-01T00:00:00+00:00"
      }
    },
    {
      "RequestUri": "https://sanitized.communication.azure.com/phoneNumbers/operations/capabilities_0e8a5153-aa99-4706-8e4b-f74fc738456f?api-version=2025-06-01",
      "RequestMethod": "GET",
      "RequestHeaders": {
        "Accept": "*/*",
        "Accept-Encoding": "gzip, deflate",
        "Content-Length": "0",
        "User-Agent": "azsdk-python-communication-phonenumbers/1.2.0 Python/3.13.2 (Windows-11-10.0.26100-SP0)",
        "x-ms-content-sha256": "sanitized",
        "x-ms-date": "sanitized",
        "x-ms-return-client-request-id": "true"
      },
      "RequestBody": null,
      "StatusCode": 200,
      "ResponseHeaders": {
        "Access-Control-Expose-Headers": "Location",
        "api-supported-versions": "2021-03-07, 2022-01-11-preview2, 2022-06-01-preview, 2022-11-15-preview, 2022-12-01, 2022-12-02-preview2, 2023-04-30-preview, 2023-05-01-preview, 2023-10-01-preview, 2023-10-01-preview2, 2024-03-01-preview, 2024-04-30-preview, 2024-05-01-preview, 2024-08-31-preview, 2025-02-11, 2025-04-01-preview, 2025-04-01, 2025-04-15-preview",
        "Connection": "keep-alive",
        "Content-Type": "application/json; charset=utf-8",
        "Date": "sanitized",
        "Location": "/phoneNumbers/sanitized?api-version=2025-06-01",
        "MS-CV": "sanitized",
        "Request-Context": "appId=",
        "Strict-Transport-Security": "max-age=31536000; includeSubDomains",
        "Transfer-Encoding": "chunked",
        "x-azure-ref": "sanitized",
        "X-Cache": "CONFIG_NOCACHE",
        "X-Processing-Time": "485ms"
      },
      "ResponseBody": {
        "operationType": "updatePhoneNumberCapabilities",
        "status": "succeeded",
        "resourceLocation": "Sanitized",
        "createdDateTime": "2025-04-08T21:34:21.7988831+00:00",
        "id": "capabilities_0e8a5153-aa99-4706-8e4b-f74fc738456f",
        "lastActionDateTime": "0001-01-01T00:00:00+00:00"
      }
    },
    {
      "RequestUri": "https://sanitized.communication.azure.com/phoneNumbers/sanitized?api-version=2025-06-01",
      "RequestMethod": "GET",
      "RequestHeaders": {
        "Accept": "*/*",
        "Accept-Encoding": "gzip, deflate",
        "Content-Length": "0",
        "User-Agent": "azsdk-python-communication-phonenumbers/1.2.0 Python/3.13.2 (Windows-11-10.0.26100-SP0)",
        "x-ms-content-sha256": "sanitized",
        "x-ms-date": "sanitized",
        "x-ms-return-client-request-id": "true"
      },
      "RequestBody": null,
      "StatusCode": 200,
      "ResponseHeaders": {
        "Accept-Ranges": "bytes",
        "api-supported-versions": "2021-03-07, 2022-01-11-preview2, 2022-06-01-preview, 2022-12-01, 2022-12-02-preview2, 2023-04-30-preview, 2023-05-01-preview, 2023-10-01-preview, 2024-03-01-preview, 2024-04-30-preview, 2024-05-01-preview, 2024-08-31-preview, 2025-02-11, 2025-04-01-preview, 2025-04-01, 2025-04-15-preview, 2025-06-01",
        "Connection": "keep-alive",
        "Content-Length": "300",
        "Content-Type": "application/json; charset=utf-8",
        "Date": "sanitized",
        "MS-CV": "sanitized",
        "Request-Context": "appId=",
        "Strict-Transport-Security": "max-age=31536000; includeSubDomains",
        "x-azure-ref": "sanitized",
        "X-Cache": "CONFIG_NOCACHE",
        "X-Processing-Time": "908ms"
      },
      "ResponseBody": {
        "id": "sanitized",
        "phoneNumber": "sanitized",
        "countryCode": "US",
        "phoneNumberType": "tollFree",
        "capabilities": {
          "calling": "inbound",
          "sms": "outbound"
        },
        "assignmentType": "application",
        "purchaseDate": "2025-02-07T18:17:19.5320954+00:00",
        "cost": {
          "amount": 2.0,
          "currencyCode": "USD",
          "billingFrequency": "monthly"
        }
      }
    }
  ],
  "Variables": {}
}
