{
  "Entries": [
    {
      "RequestUri": "https://Sanitized.eastus2.batch.azure.com/pools?api-version=2024-07-01.20.0",
      "RequestMethod": "POST",
      "RequestHeaders": {
        "Accept": "application/json",
        "Accept-Encoding": "gzip, deflate",
        "client-request-id": "Sanitized",
        "Content-Length": "564",
        "Content-Type": "application/json; odata=minimalmetadata",
        "User-Agent": "azsdk-python-batch/15.0.0b2 Python/3.10.11 (macOS-15.3.1-arm64-arm-64bit)"
      },
      "RequestBody": {
        "id": "batch_network_914a2670",
        "targetDedicatedNodes": 1,
        "vmSize": "standard_d2_v2",
        "virtualMachineConfiguration": {
          "nodeAgentSKUId": "batch.node.ubuntu 18.04",
          "imageReference": {
            "publisher": "Canonical",
            "offer": "UbuntuServer",
            "sku": "18.04-LTS"
          }
        },
        "networkConfiguration": {
          "endpointConfiguration": {
            "inboundNATPools": [
              {
                "name": "TestEndpointConfig",
                "protocol": "udp",
                "backendPort": 64444,
                "frontendPortRangeStart": 60000,
                "frontendPortRangeEnd": 61000,
                "networkSecurityGroupRules": [
                  {
                    "priority": 150,
                    "access": "allow",
                    "sourceAddressPrefix": "*"
                  }
                ]
              }
            ]
          }
        }
      },
      "StatusCode": 201,
      "ResponseHeaders": {
        "DataServiceId": "https://batch.eastus2.batch.azure.com/pools/batch_network_914a2670",
        "DataServiceVersion": "3.0",
        "Date": "Wed, 19 Mar 2025 18:39:10 GMT",
        "ETag": "0x8DD671556BFEEAB",
        "Last-Modified": "Wed, 19 Mar 2025 18:39:10 GMT",
        "Location": "https://example.com",
        "request-id": "14de4967-7e8c-4910-bf22-b21ed2ea9f16",
        "Server": "Microsoft-HTTPAPI/2.0",
        "Strict-Transport-Security": "max-age=31536000; includeSubDomains",
        "Transfer-Encoding": "chunked",
        "X-Content-Type-Options": "nosniff"
      },
      "ResponseBody": null
    },
    {
      "RequestUri": "https://Sanitized.eastus2.batch.azure.com/pools/batch_network_914a2670?api-version=2024-07-01.20.0",
      "RequestMethod": "GET",
      "RequestHeaders": {
        "Accept": "application/json",
        "Accept-Encoding": "gzip, deflate",
        "client-request-id": "Sanitized",
        "User-Agent": "azsdk-python-batch/15.0.0b2 Python/3.10.11 (macOS-15.3.1-arm64-arm-64bit)"
      },
      "RequestBody": null,
      "StatusCode": 200,
      "ResponseHeaders": {
        "Content-Type": "application/json; odata=minimalmetadata",
        "DataServiceVersion": "3.0",
        "Date": "Wed, 19 Mar 2025 18:39:10 GMT",
        "ETag": "0x8DD671556BFEEAB",
        "Last-Modified": "Wed, 19 Mar 2025 18:39:10 GMT",
        "request-id": "734bbf48-05f5-44dc-981c-17f333dd1bc7",
        "Server": "Microsoft-HTTPAPI/2.0",
        "Strict-Transport-Security": "max-age=31536000; includeSubDomains",
        "Transfer-Encoding": "chunked",
        "X-Content-Type-Options": "nosniff"
      },
      "ResponseBody": {
        "odata.metadata": "https://batch.eastus2.batch.azure.com/$metadata#pools/@Element",
        "id": "batch_network_914a2670",
        "url": "https://batch.eastus2.batch.azure.com/pools/batch_network_914a2670",
        "eTag": "0x8DD671556BFEEAB",
        "lastModified": "2025-03-19T18:39:10.3871659Z",
        "creationTime": "2025-03-19T18:39:10.3871643Z",
        "state": "active",
        "stateTransitionTime": "2025-03-19T18:39:10.3871643Z",
        "allocationState": "resizing",
        "allocationStateTransitionTime": "2025-03-19T18:39:10.3871659Z",
        "vmSize": "standard_d2_v2",
        "resizeTimeout": "PT15M",
        "currentDedicatedNodes": 0,
        "targetDedicatedNodes": 1,
        "currentLowPriorityNodes": 0,
        "targetLowPriorityNodes": 0,
        "enableAutoScale": false,
        "enableInterNodeCommunication": false,
        "certificateReferences": [],
        "taskSlotsPerNode": 1,
        "taskSchedulingPolicy": {
          "nodeFillType": "Spread"
        },
        "virtualMachineConfiguration": {
          "imageReference": {
            "publisher": "Canonical",
            "offer": "UbuntuServer",
            "sku": "18.04-LTS",
            "version": "latest"
          },
          "nodeAgentSKUId": "batch.node.ubuntu 18.04"
        },
        "networkConfiguration": {
          "dynamicVNetAssignmentScope": "none",
          "endpointConfiguration": {
            "inboundNATPools": [
              {
                "name": "TestEndpointConfig",
                "protocol": "udp",
                "backendPort": 64444,
                "frontendPortRangeStart": 60000,
                "frontendPortRangeEnd": 61000,
                "networkSecurityGroupRules": [
                  {
                    "priority": 150,
                    "access": "allow",
                    "sourceAddressPrefix": "*",
                    "sourcePortRanges": [
                      "*"
                    ]
                  }
                ]
              }
            ]
          },
          "enableAcceleratedNetworking": false
        }
      }
    },
    {
      "RequestUri": "https://Sanitized.eastus2.batch.azure.com/pools/batch_network_914a2670?api-version=2024-07-01.20.0",
      "RequestMethod": "GET",
      "RequestHeaders": {
        "Accept": "application/json",
        "Accept-Encoding": "gzip, deflate",
        "client-request-id": "Sanitized",
        "User-Agent": "azsdk-python-batch/15.0.0b2 Python/3.10.11 (macOS-15.3.1-arm64-arm-64bit)"
      },
      "RequestBody": null,
      "StatusCode": 200,
      "ResponseHeaders": {
        "Content-Type": "application/json; odata=minimalmetadata",
        "DataServiceVersion": "3.0",
        "Date": "Wed, 19 Mar 2025 18:39:19 GMT",
        "ETag": "0x8DD671556BFEEAB",
        "Last-Modified": "Wed, 19 Mar 2025 18:39:10 GMT",
        "request-id": "a3948726-d508-41e3-b6a5-9775fe318436",
        "Server": "Microsoft-HTTPAPI/2.0",
        "Strict-Transport-Security": "max-age=31536000; includeSubDomains",
        "Transfer-Encoding": "chunked",
        "X-Content-Type-Options": "nosniff"
      },
      "ResponseBody": {
        "odata.metadata": "https://batch.eastus2.batch.azure.com/$metadata#pools/@Element",
        "id": "batch_network_914a2670",
        "url": "https://batch.eastus2.batch.azure.com/pools/batch_network_914a2670",
        "eTag": "0x8DD671556BFEEAB",
        "lastModified": "2025-03-19T18:39:10.3871659Z",
        "creationTime": "2025-03-19T18:39:10.3871643Z",
        "state": "active",
        "stateTransitionTime": "2025-03-19T18:39:10.3871643Z",
        "allocationState": "resizing",
        "allocationStateTransitionTime": "2025-03-19T18:39:10.3871659Z",
        "vmSize": "standard_d2_v2",
        "resizeTimeout": "PT15M",
        "currentDedicatedNodes": 0,
        "targetDedicatedNodes": 1,
        "currentLowPriorityNodes": 0,
        "targetLowPriorityNodes": 0,
        "enableAutoScale": false,
        "enableInterNodeCommunication": false,
        "certificateReferences": [],
        "taskSlotsPerNode": 1,
        "taskSchedulingPolicy": {
          "nodeFillType": "Spread"
        },
        "virtualMachineConfiguration": {
          "imageReference": {
            "publisher": "Canonical",
            "offer": "UbuntuServer",
            "sku": "18.04-LTS",
            "version": "latest"
          },
          "nodeAgentSKUId": "batch.node.ubuntu 18.04"
        },
        "networkConfiguration": {
          "dynamicVNetAssignmentScope": "none",
          "endpointConfiguration": {
            "inboundNATPools": [
              {
                "name": "TestEndpointConfig",
                "protocol": "udp",
                "backendPort": 64444,
                "frontendPortRangeStart": 60000,
                "frontendPortRangeEnd": 61000,
                "networkSecurityGroupRules": [
                  {
                    "priority": 150,
                    "access": "allow",
                    "sourceAddressPrefix": "*",
                    "sourcePortRanges": [
                      "*"
                    ]
                  }
                ]
              }
            ]
          },
          "enableAcceleratedNetworking": false
        }
      }
    },
    {
      "RequestUri": "https://Sanitized.eastus2.batch.azure.com/pools/batch_network_914a2670?api-version=2024-07-01.20.0",
      "RequestMethod": "GET",
      "RequestHeaders": {
        "Accept": "application/json",
        "Accept-Encoding": "gzip, deflate",
        "client-request-id": "Sanitized",
        "User-Agent": "azsdk-python-batch/15.0.0b2 Python/3.10.11 (macOS-15.3.1-arm64-arm-64bit)"
      },
      "RequestBody": null,
      "StatusCode": 200,
      "ResponseHeaders": {
        "Content-Type": "application/json; odata=minimalmetadata",
        "DataServiceVersion": "3.0",
        "Date": "Wed, 19 Mar 2025 18:39:30 GMT",
        "ETag": "0x8DD671556BFEEAB",
        "Last-Modified": "Wed, 19 Mar 2025 18:39:10 GMT",
        "request-id": "9fc02a3b-1f8f-4353-88d3-17a9d1276714",
        "Server": "Microsoft-HTTPAPI/2.0",
        "Strict-Transport-Security": "max-age=31536000; includeSubDomains",
        "Transfer-Encoding": "chunked",
        "X-Content-Type-Options": "nosniff"
      },
      "ResponseBody": {
        "odata.metadata": "https://batch.eastus2.batch.azure.com/$metadata#pools/@Element",
        "id": "batch_network_914a2670",
        "url": "https://batch.eastus2.batch.azure.com/pools/batch_network_914a2670",
        "eTag": "0x8DD671556BFEEAB",
        "lastModified": "2025-03-19T18:39:10.3871659Z",
        "creationTime": "2025-03-19T18:39:10.3871643Z",
        "state": "active",
        "stateTransitionTime": "2025-03-19T18:39:10.3871643Z",
        "allocationState": "resizing",
        "allocationStateTransitionTime": "2025-03-19T18:39:10.3871659Z",
        "vmSize": "standard_d2_v2",
        "resizeTimeout": "PT15M",
        "currentDedicatedNodes": 0,
        "targetDedicatedNodes": 1,
        "currentLowPriorityNodes": 0,
        "targetLowPriorityNodes": 0,
        "enableAutoScale": false,
        "enableInterNodeCommunication": false,
        "certificateReferences": [],
        "taskSlotsPerNode": 1,
        "taskSchedulingPolicy": {
          "nodeFillType": "Spread"
        },
        "virtualMachineConfiguration": {
          "imageReference": {
            "publisher": "Canonical",
            "offer": "UbuntuServer",
            "sku": "18.04-LTS",
            "version": "latest"
          },
          "nodeAgentSKUId": "batch.node.ubuntu 18.04"
        },
        "networkConfiguration": {
          "dynamicVNetAssignmentScope": "none",
          "endpointConfiguration": {
            "inboundNATPools": [
              {
                "name": "TestEndpointConfig",
                "protocol": "udp",
                "backendPort": 64444,
                "frontendPortRangeStart": 60000,
                "frontendPortRangeEnd": 61000,
                "networkSecurityGroupRules": [
                  {
                    "priority": 150,
                    "access": "allow",
                    "sourceAddressPrefix": "*",
                    "sourcePortRanges": [
                      "*"
                    ]
                  }
                ]
              }
            ]
          },
          "enableAcceleratedNetworking": false
        }
      }
    },
    {
      "RequestUri": "https://Sanitized.eastus2.batch.azure.com/pools/batch_network_914a2670?api-version=2024-07-01.20.0",
      "RequestMethod": "GET",
      "RequestHeaders": {
        "Accept": "application/json",
        "Accept-Encoding": "gzip, deflate",
        "client-request-id": "Sanitized",
        "User-Agent": "azsdk-python-batch/15.0.0b2 Python/3.10.11 (macOS-15.3.1-arm64-arm-64bit)"
      },
      "RequestBody": null,
      "StatusCode": 200,
      "ResponseHeaders": {
        "Content-Type": "application/json; odata=minimalmetadata",
        "DataServiceVersion": "3.0",
        "Date": "Wed, 19 Mar 2025 18:39:40 GMT",
        "ETag": "0x8DD671556BFEEAB",
        "Last-Modified": "Wed, 19 Mar 2025 18:39:10 GMT",
        "request-id": "ba978266-a937-4ca6-884b-5f2a1f88cf9f",
        "Server": "Microsoft-HTTPAPI/2.0",
        "Strict-Transport-Security": "max-age=31536000; includeSubDomains",
        "Transfer-Encoding": "chunked",
        "X-Content-Type-Options": "nosniff"
      },
      "ResponseBody": {
        "odata.metadata": "https://batch.eastus2.batch.azure.com/$metadata#pools/@Element",
        "id": "batch_network_914a2670",
        "url": "https://batch.eastus2.batch.azure.com/pools/batch_network_914a2670",
        "eTag": "0x8DD671556BFEEAB",
        "lastModified": "2025-03-19T18:39:10.3871659Z",
        "creationTime": "2025-03-19T18:39:10.3871643Z",
        "state": "active",
        "stateTransitionTime": "2025-03-19T18:39:10.3871643Z",
        "allocationState": "resizing",
        "allocationStateTransitionTime": "2025-03-19T18:39:10.3871659Z",
        "vmSize": "standard_d2_v2",
        "resizeTimeout": "PT15M",
        "currentDedicatedNodes": 0,
        "targetDedicatedNodes": 1,
        "currentLowPriorityNodes": 0,
        "targetLowPriorityNodes": 0,
        "enableAutoScale": false,
        "enableInterNodeCommunication": false,
        "certificateReferences": [],
        "taskSlotsPerNode": 1,
        "taskSchedulingPolicy": {
          "nodeFillType": "Spread"
        },
        "virtualMachineConfiguration": {
          "imageReference": {
            "publisher": "Canonical",
            "offer": "UbuntuServer",
            "sku": "18.04-LTS",
            "version": "latest"
          },
          "nodeAgentSKUId": "batch.node.ubuntu 18.04"
        },
        "networkConfiguration": {
          "dynamicVNetAssignmentScope": "none",
          "endpointConfiguration": {
            "inboundNATPools": [
              {
                "name": "TestEndpointConfig",
                "protocol": "udp",
                "backendPort": 64444,
                "frontendPortRangeStart": 60000,
                "frontendPortRangeEnd": 61000,
                "networkSecurityGroupRules": [
                  {
                    "priority": 150,
                    "access": "allow",
                    "sourceAddressPrefix": "*",
                    "sourcePortRanges": [
                      "*"
                    ]
                  }
                ]
              }
            ]
          },
          "enableAcceleratedNetworking": false
        }
      }
    },
    {
      "RequestUri": "https://Sanitized.eastus2.batch.azure.com/pools/batch_network_914a2670?api-version=2024-07-01.20.0",
      "RequestMethod": "GET",
      "RequestHeaders": {
        "Accept": "application/json",
        "Accept-Encoding": "gzip, deflate",
        "client-request-id": "Sanitized",
        "User-Agent": "azsdk-python-batch/15.0.0b2 Python/3.10.11 (macOS-15.3.1-arm64-arm-64bit)"
      },
      "RequestBody": null,
      "StatusCode": 200,
      "ResponseHeaders": {
        "Content-Type": "application/json; odata=minimalmetadata",
        "DataServiceVersion": "3.0",
        "Date": "Wed, 19 Mar 2025 18:39:50 GMT",
        "ETag": "0x8DD671556BFEEAB",
        "Last-Modified": "Wed, 19 Mar 2025 18:39:10 GMT",
        "request-id": "e00b1aa2-7d76-4d10-8f15-f9061d0ca04b",
        "Server": "Microsoft-HTTPAPI/2.0",
        "Strict-Transport-Security": "max-age=31536000; includeSubDomains",
        "Transfer-Encoding": "chunked",
        "X-Content-Type-Options": "nosniff"
      },
      "ResponseBody": {
        "odata.metadata": "https://batch.eastus2.batch.azure.com/$metadata#pools/@Element",
        "id": "batch_network_914a2670",
        "url": "https://batch.eastus2.batch.azure.com/pools/batch_network_914a2670",
        "eTag": "0x8DD671556BFEEAB",
        "lastModified": "2025-03-19T18:39:10.3871659Z",
        "creationTime": "2025-03-19T18:39:10.3871643Z",
        "state": "active",
        "stateTransitionTime": "2025-03-19T18:39:10.3871643Z",
        "allocationState": "resizing",
        "allocationStateTransitionTime": "2025-03-19T18:39:10.3871659Z",
        "vmSize": "standard_d2_v2",
        "resizeTimeout": "PT15M",
        "currentDedicatedNodes": 0,
        "targetDedicatedNodes": 1,
        "currentLowPriorityNodes": 0,
        "targetLowPriorityNodes": 0,
        "enableAutoScale": false,
        "enableInterNodeCommunication": false,
        "certificateReferences": [],
        "taskSlotsPerNode": 1,
        "taskSchedulingPolicy": {
          "nodeFillType": "Spread"
        },
        "virtualMachineConfiguration": {
          "imageReference": {
            "publisher": "Canonical",
            "offer": "UbuntuServer",
            "sku": "18.04-LTS",
            "version": "latest"
          },
          "nodeAgentSKUId": "batch.node.ubuntu 18.04"
        },
        "networkConfiguration": {
          "dynamicVNetAssignmentScope": "none",
          "endpointConfiguration": {
            "inboundNATPools": [
              {
                "name": "TestEndpointConfig",
                "protocol": "udp",
                "backendPort": 64444,
                "frontendPortRangeStart": 60000,
                "frontendPortRangeEnd": 61000,
                "networkSecurityGroupRules": [
                  {
                    "priority": 150,
                    "access": "allow",
                    "sourceAddressPrefix": "*",
                    "sourcePortRanges": [
                      "*"
                    ]
                  }
                ]
              }
            ]
          },
          "enableAcceleratedNetworking": false
        }
      }
    },
    {
      "RequestUri": "https://Sanitized.eastus2.batch.azure.com/pools/batch_network_914a2670?api-version=2024-07-01.20.0",
      "RequestMethod": "GET",
      "RequestHeaders": {
        "Accept": "application/json",
        "Accept-Encoding": "gzip, deflate",
        "client-request-id": "Sanitized",
        "User-Agent": "azsdk-python-batch/15.0.0b2 Python/3.10.11 (macOS-15.3.1-arm64-arm-64bit)"
      },
      "RequestBody": null,
      "StatusCode": 200,
      "ResponseHeaders": {
        "Content-Type": "application/json; odata=minimalmetadata",
        "DataServiceVersion": "3.0",
        "Date": "Wed, 19 Mar 2025 18:40:00 GMT",
        "ETag": "0x8DD671556BFEEAB",
        "Last-Modified": "Wed, 19 Mar 2025 18:39:10 GMT",
        "request-id": "aea290f6-a443-4530-bc6f-27c1aded9e3e",
        "Server": "Microsoft-HTTPAPI/2.0",
        "Strict-Transport-Security": "max-age=31536000; includeSubDomains",
        "Transfer-Encoding": "chunked",
        "X-Content-Type-Options": "nosniff"
      },
      "ResponseBody": {
        "odata.metadata": "https://batch.eastus2.batch.azure.com/$metadata#pools/@Element",
        "id": "batch_network_914a2670",
        "url": "https://batch.eastus2.batch.azure.com/pools/batch_network_914a2670",
        "eTag": "0x8DD671556BFEEAB",
        "lastModified": "2025-03-19T18:39:10.3871659Z",
        "creationTime": "2025-03-19T18:39:10.3871643Z",
        "state": "active",
        "stateTransitionTime": "2025-03-19T18:39:10.3871643Z",
        "allocationState": "steady",
        "allocationStateTransitionTime": "2025-03-19T18:39:53.0781566Z",
        "vmSize": "standard_d2_v2",
        "resizeTimeout": "PT15M",
        "currentDedicatedNodes": 1,
        "targetDedicatedNodes": 1,
        "currentLowPriorityNodes": 0,
        "targetLowPriorityNodes": 0,
        "enableAutoScale": false,
        "enableInterNodeCommunication": false,
        "certificateReferences": [],
        "taskSlotsPerNode": 1,
        "taskSchedulingPolicy": {
          "nodeFillType": "Spread"
        },
        "virtualMachineConfiguration": {
          "imageReference": {
            "publisher": "Canonical",
            "offer": "UbuntuServer",
            "sku": "18.04-LTS",
            "version": "latest"
          },
          "nodeAgentSKUId": "batch.node.ubuntu 18.04"
        },
        "networkConfiguration": {
          "dynamicVNetAssignmentScope": "none",
          "endpointConfiguration": {
            "inboundNATPools": [
              {
                "name": "TestEndpointConfig",
                "protocol": "udp",
                "backendPort": 64444,
                "frontendPortRangeStart": 60000,
                "frontendPortRangeEnd": 61000,
                "networkSecurityGroupRules": [
                  {
                    "priority": 150,
                    "access": "allow",
                    "sourceAddressPrefix": "*",
                    "sourcePortRanges": [
                      "*"
                    ]
                  }
                ]
              }
            ]
          },
          "enableAcceleratedNetworking": false
        },
        "currentNodeCommunicationMode": "classic"
      }
    },
    {
      "RequestUri": "https://Sanitized.eastus2.batch.azure.com/pools/batch_network_914a2670/nodes?api-version=2024-07-01.20.0",
      "RequestMethod": "GET",
      "RequestHeaders": {
        "Accept": "application/json",
        "Accept-Encoding": "gzip, deflate",
        "client-request-id": "Sanitized",
        "User-Agent": "azsdk-python-batch/15.0.0b2 Python/3.10.11 (macOS-15.3.1-arm64-arm-64bit)"
      },
      "RequestBody": null,
      "StatusCode": 200,
      "ResponseHeaders": {
        "Content-Type": "application/json; odata=minimalmetadata",
        "DataServiceVersion": "3.0",
        "Date": "Wed, 19 Mar 2025 18:40:00 GMT",
        "request-id": "c2db85c4-cbd7-4a81-a516-545a8c7b0624",
        "Server": "Microsoft-HTTPAPI/2.0",
        "Strict-Transport-Security": "max-age=31536000; includeSubDomains",
        "Transfer-Encoding": "chunked",
        "X-Content-Type-Options": "nosniff"
      },
      "ResponseBody": {
        "odata.metadata": "https://batch.eastus2.batch.azure.com/$metadata#nodes",
        "value": [
          {
            "id": "tvmps_35ac1645a9c8d298ed0ee24cd82194ecab0b7f0a3775d56c53ae20c0f7184dd3_d",
            "url": "https://batch.eastus2.batch.azure.com/pools/batch_network_914a2670/nodes/tvmps_35ac1645a9c8d298ed0ee24cd82194ecab0b7f0a3775d56c53ae20c0f7184dd3_d",
            "state": "creating",
            "schedulingState": "enabled",
            "stateTransitionTime": "2025-03-19T18:39:52.2306196Z",
            "allocationTime": "2025-03-19T18:39:52.2306266Z",
            "ipAddress": "10.0.0.4",
            "affinityId": "TVM:tvmps_35ac1645a9c8d298ed0ee24cd82194ecab0b7f0a3775d56c53ae20c0f7184dd3_d",
            "vmSize": "standard_d2_v2",
            "totalTasksRun": 0,
            "totalTasksSucceeded": 0,
            "runningTasksCount": 0,
            "runningTaskSlotsCount": 0,
            "isDedicated": true,
            "endpointConfiguration": {
              "inboundEndpoints": [
                {
                  "name": "TestEndpointConfig.0",
                  "protocol": "udp",
                  "publicIPAddress": "52.252.23.74",
                  "publicFQDN": "dns6dca3ae6-2891-47ed-a8a6-989dea45be3e-azurebatch-cloudservice.eastus2.cloudapp.azure.com",
                  "frontendPort": 60000,
                  "backendPort": 64444
                }
              ]
            },
            "virtualMachineInfo": {
              "imageReference": {
                "publisher": "Canonical",
                "offer": "UbuntuServer",
                "sku": "18.04-LTS",
                "version": "latest",
                "exactVersion": "latest"
              }
            }
          }
        ]
      }
    }
  ],
  "Variables": {}
}
