{
  "Entries": [
    {
      "RequestUri": "https://javatextanalyticstestresources.cognitiveservices.azure.com/language/analyze-text/jobs?api-version=2023-04-01",
      "RequestMethod": "POST",
      "RequestHeaders": {
        "Accept": "application/json",
        "Content-Length": "442",
        "Content-Type": "application/json",
        "Ocp-Apim-Subscription-Key": "Sanitized",
        "traceparent": "00-bce8efdd26133eb7aaf54381699106ca-69dddf61c978ba33-00",
        "User-Agent": "azsdk-net-AI.TextAnalytics/5.3.0-alpha.20230612.1 (.NET 7.0.5; Microsoft Windows 10.0.22621)",
        "x-ms-client-request-id": "f420464a1aec56acc54822752728ca06",
        "x-ms-return-client-request-id": "true"
      },
      "RequestBody": {
        "analysisInput": {
          "documents": [
            {
              "id": "0",
              "text": "A recent report by the Government Accountability Office found a dramatic increase in oil.",
              "language": "en"
            },
            {
              "id": "1",
              "text": "Capital Call #20 for Berkshire Multifamily.",
              "language": "en"
            }
          ]
        },
        "tasks": [
          {
            "parameters": {
              "stringIndexType": "Utf16CodeUnit",
              "projectName": "88ee0f78-fbca-444d-98e2-7c4c8631e494",
              "deploymentName": "88ee0f78-fbca-444d-98e2-7c4c8631e494"
            },
            "kind": "CustomEntityRecognition"
          }
        ]
      },
      "StatusCode": 202,
      "ResponseHeaders": {
        "apim-request-id": "b4f6c8b3-4e8e-4e60-adbf-afcb3aa375bf",
        "Content-Length": "0",
        "Date": "Tue, 13 Jun 2023 06:47:09 GMT",
        "operation-location": "https://javatextanalyticstestresources.cognitiveservices.azure.com/language/analyze-text/jobs/3365a8b0-9682-4838-8b2b-b96ae0a6f6b8?api-version=2023-04-01",
        "Strict-Transport-Security": "max-age=31536000; includeSubDomains; preload",
        "X-Content-Type-Options": "nosniff",
        "x-envoy-upstream-service-time": "341",
        "x-ms-region": "West US 2"
      },
      "ResponseBody": null
    },
    {
      "RequestUri": "https://javatextanalyticstestresources.cognitiveservices.azure.com/language/analyze-text/jobs/3365a8b0-9682-4838-8b2b-b96ae0a6f6b8?api-version=2023-04-01",
      "RequestMethod": "GET",
      "RequestHeaders": {
        "Accept": "application/json",
        "Ocp-Apim-Subscription-Key": "Sanitized",
        "User-Agent": "azsdk-net-AI.TextAnalytics/5.3.0-alpha.20230612.1 (.NET 7.0.5; Microsoft Windows 10.0.22621)",
        "x-ms-client-request-id": "ed6f27fed4f845aedb442a4163330635",
        "x-ms-return-client-request-id": "true"
      },
      "RequestBody": null,
      "StatusCode": 200,
      "ResponseHeaders": {
        "apim-request-id": "3ccf6805-9bd2-41fd-bfd7-63c3827c2acc",
        "Content-Length": "280",
        "Content-Type": "application/json; charset=utf-8",
        "Date": "Tue, 13 Jun 2023 06:47:09 GMT",
        "Strict-Transport-Security": "max-age=31536000; includeSubDomains; preload",
        "X-Content-Type-Options": "nosniff",
        "x-envoy-upstream-service-time": "6",
        "x-ms-region": "West US 2"
      },
      "ResponseBody": {
        "jobId": "3365a8b0-9682-4838-8b2b-b96ae0a6f6b8",
        "lastUpdatedDateTime": "2023-06-13T06:47:10Z",
        "createdDateTime": "2023-06-13T06:47:09Z",
        "expirationDateTime": "2023-06-14T06:47:09Z",
        "status": "running",
        "errors": [],
        "tasks": {
          "completed": 0,
          "failed": 0,
          "inProgress": 1,
          "total": 1,
          "items": []
        }
      }
    },
    {
      "RequestUri": "https://javatextanalyticstestresources.cognitiveservices.azure.com/language/analyze-text/jobs/3365a8b0-9682-4838-8b2b-b96ae0a6f6b8?api-version=2023-04-01",
      "RequestMethod": "GET",
      "RequestHeaders": {
        "Accept": "application/json",
        "Ocp-Apim-Subscription-Key": "Sanitized",
        "User-Agent": "azsdk-net-AI.TextAnalytics/5.3.0-alpha.20230612.1 (.NET 7.0.5; Microsoft Windows 10.0.22621)",
        "x-ms-client-request-id": "0dca72a91e59f8f8bb7e32fc825a969d",
        "x-ms-return-client-request-id": "true"
      },
      "RequestBody": null,
      "StatusCode": 200,
      "ResponseHeaders": {
        "apim-request-id": "7909eb0d-8f6f-4f32-8fd1-a17c3e35caff",
        "Content-Length": "1280",
        "Content-Type": "application/json; charset=utf-8",
        "Date": "Tue, 13 Jun 2023 06:47:10 GMT",
        "Strict-Transport-Security": "max-age=31536000; includeSubDomains; preload",
        "X-Content-Type-Options": "nosniff",
        "x-envoy-upstream-service-time": "53",
        "x-ms-region": "West US 2"
      },
      "ResponseBody": {
        "jobId": "3365a8b0-9682-4838-8b2b-b96ae0a6f6b8",
        "lastUpdatedDateTime": "2023-06-13T06:47:10Z",
        "createdDateTime": "2023-06-13T06:47:09Z",
        "expirationDateTime": "2023-06-14T06:47:09Z",
        "status": "succeeded",
        "errors": [],
        "tasks": {
          "completed": 1,
          "failed": 0,
          "inProgress": 0,
          "total": 1,
          "items": [
            {
              "kind": "CustomEntityRecognitionLROResults",
              "lastUpdateDateTime": "2023-06-13T06:47:10.2397987Z",
              "status": "succeeded",
              "results": {
                "documents": [
                  {
                    "id": "0",
                    "entities": [
                      {
                        "text": "recent",
                        "category": "object_select",
                        "offset": 2,
                        "length": 6,
                        "confidenceScore": 0.08
                      },
                      {
                        "text": "Government",
                        "category": "restaurant_name",
                        "offset": 23,
                        "length": 10,
                        "confidenceScore": 0.05
                      },
                      {
                        "text": "Accountability",
                        "category": "geographic_poi",
                        "offset": 34,
                        "length": 14,
                        "confidenceScore": 0.07
                      },
                      {
                        "text": "Office",
                        "category": "restaurant_name",
                        "offset": 49,
                        "length": 6,
                        "confidenceScore": 0.11
                      },
                      {
                        "text": "dramatic",
                        "category": "sort",
                        "offset": 64,
                        "length": 8,
                        "confidenceScore": 0.03
                      },
                      {
                        "text": "oil",
                        "category": "music_item",
                        "offset": 85,
                        "length": 3,
                        "confidenceScore": 0.06
                      }
                    ],
                    "warnings": []
                  },
                  {
                    "id": "1",
                    "entities": [
                      {
                        "text": "Berkshire Multifamily",
                        "category": "location_name",
                        "offset": 21,
                        "length": 21,
                        "confidenceScore": 0.46
                      }
                    ],
                    "warnings": []
                  }
                ],
                "errors": [],
                "projectName": "88ee0f78-fbca-444d-98e2-7c4c8631e494",
                "deploymentName": "88ee0f78-fbca-444d-98e2-7c4c8631e494"
              }
            }
          ]
        }
      }
    }
  ],
  "Variables": {
    "AZURE_AUTHORITY_HOST": null,
    "RandomSeed": "535650250",
    "TEXTANALYTICS_CUSTOM_ENTITIES_DEPLOYMENT_NAME": "88ee0f78-fbca-444d-98e2-7c4c8631e494",
    "TEXTANALYTICS_CUSTOM_ENTITIES_PROJECT_NAME": "88ee0f78-fbca-444d-98e2-7c4c8631e494",
    "TEXTANALYTICS_STATIC_API_KEY": "Sanitized",
    "TEXTANALYTICS_STATIC_ENDPOINT": "https://javatextanalyticstestresources.cognitiveservices.azure.com"
  }
}
