{
  "Entries": [
    {
      "RequestUri": "https://javatextanalyticstestresources.cognitiveservices.azure.com/language/analyze-text/jobs?api-version=2023-04-01",
      "RequestMethod": "POST",
      "RequestHeaders": {
        "Accept": "application/json",
        "Content-Length": "404",
        "Content-Type": "application/json",
        "Ocp-Apim-Subscription-Key": "Sanitized",
        "traceparent": "00-c98470c0aec3760e2cfbf854ec6544f6-75c6f660b4fce13a-00",
        "User-Agent": "azsdk-net-AI.TextAnalytics/5.3.0-alpha.20230601.1 (.NET 7.0.5; Microsoft Windows 10.0.22621)",
        "x-ms-client-request-id": "a6881eda0fdaed442d579405a9be166e",
        "x-ms-return-client-request-id": "true"
      },
      "RequestBody": {
        "analysisInput": {
          "documents": [
            {
              "id": "0",
              "text": "Microsoft was founded by Bill Gates and Paul Allen.",
              "language": "en"
            },
            {
              "id": "1",
              "text": "",
              "language": "en"
            },
            {
              "id": "2",
              "text": "My cat might need to see a veterinarian.",
              "language": "en"
            }
          ]
        },
        "tasks": [
          {
            "parameters": {
              "projectName": "88ee0f78-fbca-444d-98e2-7c4c8631e494",
              "deploymentName": "88ee0f78-fbca-444d-98e2-7c4c8631e494"
            },
            "kind": "CustomEntityRecognition"
          }
        ]
      },
      "StatusCode": 202,
      "ResponseHeaders": {
        "apim-request-id": "51db5961-bf41-4b94-ad5e-703a0feaee5b",
        "Content-Length": "0",
        "Date": "Fri, 02 Jun 2023 04:04:29 GMT",
        "operation-location": "https://javatextanalyticstestresources.cognitiveservices.azure.com/language/analyze-text/jobs/ee3b429a-685f-43f8-bcf3-445f0ef17ebb?api-version=2023-04-01",
        "Strict-Transport-Security": "max-age=31536000; includeSubDomains; preload",
        "X-Content-Type-Options": "nosniff",
        "x-envoy-upstream-service-time": "455",
        "x-ms-region": "West US 2"
      },
      "ResponseBody": null
    },
    {
      "RequestUri": "https://javatextanalyticstestresources.cognitiveservices.azure.com/language/analyze-text/jobs/ee3b429a-685f-43f8-bcf3-445f0ef17ebb?api-version=2023-04-01",
      "RequestMethod": "GET",
      "RequestHeaders": {
        "Accept": "application/json",
        "Ocp-Apim-Subscription-Key": "Sanitized",
        "User-Agent": "azsdk-net-AI.TextAnalytics/5.3.0-alpha.20230601.1 (.NET 7.0.5; Microsoft Windows 10.0.22621)",
        "x-ms-client-request-id": "57dd4951f76fd63ca7123351af3687ff",
        "x-ms-return-client-request-id": "true"
      },
      "RequestBody": null,
      "StatusCode": 200,
      "ResponseHeaders": {
        "apim-request-id": "5607ee6e-f956-4b82-937e-8cd90a692fb4",
        "Content-Length": "283",
        "Content-Type": "application/json; charset=utf-8",
        "Date": "Fri, 02 Jun 2023 04:04:29 GMT",
        "Strict-Transport-Security": "max-age=31536000; includeSubDomains; preload",
        "X-Content-Type-Options": "nosniff",
        "x-envoy-upstream-service-time": "8",
        "x-ms-region": "West US 2"
      },
      "ResponseBody": {
        "jobId": "ee3b429a-685f-43f8-bcf3-445f0ef17ebb",
        "lastUpdatedDateTime": "2023-06-02T04:04:29Z",
        "createdDateTime": "2023-06-02T04:04:29Z",
        "expirationDateTime": "2023-06-03T04:04:29Z",
        "status": "notStarted",
        "errors": [],
        "tasks": {
          "completed": 0,
          "failed": 0,
          "inProgress": 1,
          "total": 1,
          "items": []
        }
      }
    },
    {
      "RequestUri": "https://javatextanalyticstestresources.cognitiveservices.azure.com/language/analyze-text/jobs/ee3b429a-685f-43f8-bcf3-445f0ef17ebb?api-version=2023-04-01",
      "RequestMethod": "GET",
      "RequestHeaders": {
        "Accept": "application/json",
        "Ocp-Apim-Subscription-Key": "Sanitized",
        "User-Agent": "azsdk-net-AI.TextAnalytics/5.3.0-alpha.20230601.1 (.NET 7.0.5; Microsoft Windows 10.0.22621)",
        "x-ms-client-request-id": "fe0351500af3c7b3b6b3b8e403464f39",
        "x-ms-return-client-request-id": "true"
      },
      "RequestBody": null,
      "StatusCode": 200,
      "ResponseHeaders": {
        "apim-request-id": "106b28bb-78c6-4268-8799-c86ae1286a7e",
        "Content-Length": "1329",
        "Content-Type": "application/json; charset=utf-8",
        "Date": "Fri, 02 Jun 2023 04:04:39 GMT",
        "Strict-Transport-Security": "max-age=31536000; includeSubDomains; preload",
        "X-Content-Type-Options": "nosniff",
        "x-envoy-upstream-service-time": "84",
        "x-ms-region": "West US 2"
      },
      "ResponseBody": {
        "jobId": "ee3b429a-685f-43f8-bcf3-445f0ef17ebb",
        "lastUpdatedDateTime": "2023-06-02T04:04:30Z",
        "createdDateTime": "2023-06-02T04:04:29Z",
        "expirationDateTime": "2023-06-03T04:04:29Z",
        "status": "succeeded",
        "errors": [],
        "tasks": {
          "completed": 1,
          "failed": 0,
          "inProgress": 0,
          "total": 1,
          "items": [
            {
              "kind": "CustomEntityRecognitionLROResults",
              "lastUpdateDateTime": "2023-06-02T04:04:30.4402184Z",
              "status": "succeeded",
              "results": {
                "documents": [
                  {
                    "id": "0",
                    "entities": [
                      {
                        "text": "Microsoft",
                        "category": "service",
                        "offset": 0,
                        "length": 9,
                        "confidenceScore": 0.07
                      },
                      {
                        "text": "Bill Gates",
                        "category": "artist",
                        "offset": 25,
                        "length": 10,
                        "confidenceScore": 0.58
                      },
                      {
                        "text": "and",
                        "category": "party_size_description",
                        "offset": 36,
                        "length": 3,
                        "confidenceScore": 0.32
                      },
                      {
                        "text": "Paul Allen",
                        "category": "artist",
                        "offset": 40,
                        "length": 10,
                        "confidenceScore": 0.78
                      }
                    ],
                    "warnings": []
                  },
                  {
                    "id": "2",
                    "entities": [
                      {
                        "text": "cat",
                        "category": "current_location",
                        "offset": 3,
                        "length": 3,
                        "confidenceScore": 0.05
                      },
                      {
                        "text": "veterinarian",
                        "category": "facility",
                        "offset": 27,
                        "length": 12,
                        "confidenceScore": 0.06
                      }
                    ],
                    "warnings": []
                  }
                ],
                "errors": [
                  {
                    "id": "1",
                    "error": {
                      "code": "InvalidArgument",
                      "message": "Invalid Document in request.",
                      "innererror": {
                        "code": "InvalidDocument",
                        "message": "Document text is empty."
                      }
                    }
                  }
                ],
                "projectName": "88ee0f78-fbca-444d-98e2-7c4c8631e494",
                "deploymentName": "88ee0f78-fbca-444d-98e2-7c4c8631e494"
              }
            }
          ]
        }
      }
    }
  ],
  "Variables": {
    "AZURE_AUTHORITY_HOST": null,
    "RandomSeed": "1700736601",
    "TEXTANALYTICS_CUSTOM_ENTITIES_DEPLOYMENT_NAME": "88ee0f78-fbca-444d-98e2-7c4c8631e494",
    "TEXTANALYTICS_CUSTOM_ENTITIES_PROJECT_NAME": "88ee0f78-fbca-444d-98e2-7c4c8631e494",
    "TEXTANALYTICS_STATIC_API_KEY": "Sanitized",
    "TEXTANALYTICS_STATIC_ENDPOINT": "https://javatextanalyticstestresources.cognitiveservices.azure.com"
  }
}
