{
  "Entries": [
    {
      "RequestUri": "https://dotnotsdkbatchaccount1.eastus.batch.azure.com/pools?api-version=2024-02-01.19.0",
      "RequestMethod": "GET",
      "RequestHeaders": {
        "Accept": "application/json",
        "Authorization": "Sanitized",
        "client-request-id": "1bed347b-f566-e5b9-8645-bc1ec7810b00",
        "return-client-request-id": "true",
        "traceparent": "00-f92e5d4a646cc5d7b249155f5975e92a-d01cb3f825de4d4a-00",
        "User-Agent": "azsdk-net-Compute.Batch/1.0.0-alpha.20240415.1 (.NET 7.0.18; Microsoft Windows 10.0.22631)",
        "x-ms-client-request-id": "1bed347b-f566-e5b9-8645-bc1ec7810b00",
        "x-ms-return-client-request-id": "true"
      },
      "RequestBody": null,
      "StatusCode": 200,
      "ResponseHeaders": {
        "client-request-id": "1bed347b-f566-e5b9-8645-bc1ec7810b00",
        "Content-Type": "application/json; odata=minimalmetadata",
        "DataServiceVersion": "3.0",
        "Date": "Tue, 16 Apr 2024 22:54:51 GMT",
        "request-id": "a5fcf4bc-b9eb-463b-8620-f7bccf425242",
        "Server": "Microsoft-HTTPAPI/2.0",
        "Strict-Transport-Security": "max-age=31536000; includeSubDomains",
        "Transfer-Encoding": "chunked",
        "X-Content-Type-Options": "nosniff"
      },
      "ResponseBody": {
        "odata.metadata": "https://dotnotsdkbatchaccount1.eastus.batch.azure.com/$metadata#pools",
        "value": [
          {
            "id": "pool1",
            "url": "https://dotnotsdkbatchaccount1.eastus.batch.azure.com/pools/pool1",
            "eTag": "0x8DC54FB214AAA2A",
            "lastModified": "2024-04-04T23:01:15.1833642Z",
            "creationTime": "2024-03-29T23:26:40.140628Z",
            "state": "active",
            "stateTransitionTime": "2024-03-29T23:26:40.140628Z",
            "allocationState": "steady",
            "allocationStateTransitionTime": "2024-04-04T23:03:34.1091773Z",
            "vmSize": "standard_d2s_v3",
            "resizeTimeout": "PT15M",
            "currentDedicatedNodes": 0,
            "targetDedicatedNodes": 0,
            "currentLowPriorityNodes": 0,
            "targetLowPriorityNodes": 0,
            "enableAutoScale": false,
            "enableInterNodeCommunication": false,
            "taskSlotsPerNode": 1,
            "taskSchedulingPolicy": {
              "nodeFillType": "Pack"
            },
            "virtualMachineConfiguration": {
              "imageReference": {
                "publisher": "canonical",
                "offer": "0001-com-ubuntu-server-jammy",
                "sku": "22_04-lts",
                "version": "latest"
              },
              "osDisk": {
                "ephemeralOSDiskSettings": {},
                "managedDisk": {
                  "storageAccountType": "premium_lrs"
                },
                "caching": "None"
              },
              "nodeAgentSKUId": "batch.node.ubuntu 22.04",
              "nodePlacementConfiguration": {
                "policy": "Regional"
              }
            },
            "networkConfiguration": {
              "dynamicVNetAssignmentScope": "none",
              "publicIPAddressConfiguration": {
                "provision": "BatchManaged"
              },
              "enableAcceleratedNetworking": false
            },
            "targetNodeCommunicationMode": "default"
          }
        ]
      }
    },
    {
      "RequestUri": "https://dotnotsdkbatchaccount1.eastus.batch.azure.com/pools?api-version=2024-02-01.19.0",
      "RequestMethod": "POST",
      "RequestHeaders": {
        "Accept": "application/json",
        "Authorization": "Sanitized",
        "client-request-id": "dd16426a-950e-e89b-ab2c-f90bc2164766",
        "Content-Length": "294",
        "Content-Type": "application/json; odata=minimalmetadata",
        "return-client-request-id": "true",
        "traceparent": "00-09ef810762958c85df2e7c3a629b37ea-24cc60c5529f9a15-00",
        "User-Agent": "azsdk-net-Compute.Batch/1.0.0-alpha.20240415.1 (.NET 7.0.18; Microsoft Windows 10.0.22631)",
        "x-ms-client-request-id": "dd16426a-950e-e89b-ab2c-f90bc2164766",
        "x-ms-return-client-request-id": "true"
      },
      "RequestBody": {
        "id": "wiboris-GetPoolNodeCounts",
        "vmSize": "STANDARD_D1_v2",
        "virtualMachineConfiguration": {
          "imageReference": {
            "publisher": "MicrosoftWindowsServer",
            "offer": "WindowsServer",
            "sku": "2019-datacenter-smalldisk",
            "version": "latest"
          },
          "nodeAgentSKUId": "batch.node.windows amd64"
        },
        "targetDedicatedNodes": 1
      },
      "StatusCode": 201,
      "ResponseHeaders": {
        "client-request-id": "dd16426a-950e-e89b-ab2c-f90bc2164766",
        "DataServiceId": "https://dotnotsdkbatchaccount1.eastus.batch.azure.com/pools/wiboris-GetPoolNodeCounts",
        "DataServiceVersion": "3.0",
        "Date": "Tue, 16 Apr 2024 22:54:52 GMT",
        "ETag": "0x8DC5E683A5EFF1F",
        "Last-Modified": "Tue, 16 Apr 2024 22:54:52 GMT",
        "Location": "https://dotnotsdkbatchaccount1.eastus.batch.azure.com/pools/wiboris-GetPoolNodeCounts",
        "request-id": "a6c9d7ca-e0ec-4c51-b2a5-95d783911028",
        "Server": "Microsoft-HTTPAPI/2.0",
        "Strict-Transport-Security": "max-age=31536000; includeSubDomains",
        "Transfer-Encoding": "chunked",
        "X-Content-Type-Options": "nosniff"
      },
      "ResponseBody": null
    },
    {
      "RequestUri": "https://dotnotsdkbatchaccount1.eastus.batch.azure.com/pools/wiboris-GetPoolNodeCounts?api-version=2024-02-01.19.0",
      "RequestMethod": "GET",
      "RequestHeaders": {
        "Accept": "application/json",
        "Authorization": "Sanitized",
        "client-request-id": "42181e3d-71ed-ab1e-c850-6cc4ebc6c74b",
        "return-client-request-id": "true",
        "traceparent": "00-4f929b8450cbb3226b32693d994ffcd7-b17c043e80d9e54a-00",
        "User-Agent": "azsdk-net-Compute.Batch/1.0.0-alpha.20240415.1 (.NET 7.0.18; Microsoft Windows 10.0.22631)",
        "x-ms-client-request-id": "42181e3d-71ed-ab1e-c850-6cc4ebc6c74b",
        "x-ms-return-client-request-id": "true"
      },
      "RequestBody": null,
      "StatusCode": 200,
      "ResponseHeaders": {
        "client-request-id": "42181e3d-71ed-ab1e-c850-6cc4ebc6c74b",
        "Content-Type": "application/json; odata=minimalmetadata",
        "DataServiceVersion": "3.0",
        "Date": "Tue, 16 Apr 2024 22:54:52 GMT",
        "ETag": "0x8DC5E683A5EFF1F",
        "Last-Modified": "Tue, 16 Apr 2024 22:54:52 GMT",
        "request-id": "a785b0e7-75da-45c0-a018-a53743be9b4f",
        "Server": "Microsoft-HTTPAPI/2.0",
        "Strict-Transport-Security": "max-age=31536000; includeSubDomains",
        "Transfer-Encoding": "chunked",
        "X-Content-Type-Options": "nosniff"
      },
      "ResponseBody": {
        "odata.metadata": "https://dotnotsdkbatchaccount1.eastus.batch.azure.com/$metadata#pools/@Element",
        "id": "wiboris-GetPoolNodeCounts",
        "url": "https://dotnotsdkbatchaccount1.eastus.batch.azure.com/pools/wiboris-GetPoolNodeCounts",
        "eTag": "0x8DC5E683A5EFF1F",
        "lastModified": "2024-04-16T22:54:52.8681759Z",
        "creationTime": "2024-04-16T22:54:52.8681747Z",
        "state": "active",
        "stateTransitionTime": "2024-04-16T22:54:52.8681747Z",
        "allocationState": "resizing",
        "allocationStateTransitionTime": "2024-04-16T22:54:52.868176Z",
        "vmSize": "standard_d1_v2",
        "resizeTimeout": "PT15M",
        "currentDedicatedNodes": 0,
        "targetDedicatedNodes": 1,
        "currentLowPriorityNodes": 0,
        "targetLowPriorityNodes": 0,
        "enableAutoScale": false,
        "enableInterNodeCommunication": false,
        "taskSlotsPerNode": 1,
        "taskSchedulingPolicy": {
          "nodeFillType": "Spread"
        },
        "virtualMachineConfiguration": {
          "imageReference": {
            "publisher": "MicrosoftWindowsServer",
            "offer": "WindowsServer",
            "sku": "2019-datacenter-smalldisk",
            "version": "latest"
          },
          "nodeAgentSKUId": "batch.node.windows amd64"
        }
      }
    },
    {
      "RequestUri": "https://dotnotsdkbatchaccount1.eastus.batch.azure.com/pools/wiboris-GetPoolNodeCounts?api-version=2024-02-01.19.0",
      "RequestMethod": "GET",
      "RequestHeaders": {
        "Accept": "application/json",
        "Authorization": "Sanitized",
        "client-request-id": "0832d856-dde3-e663-9905-6f3afcae236f",
        "return-client-request-id": "true",
        "traceparent": "00-d279825f4b4e37bd76f5f2b7d11f14ea-4b49661bfa2f7f76-00",
        "User-Agent": "azsdk-net-Compute.Batch/1.0.0-alpha.20240415.1 (.NET 7.0.18; Microsoft Windows 10.0.22631)",
        "x-ms-client-request-id": "0832d856-dde3-e663-9905-6f3afcae236f",
        "x-ms-return-client-request-id": "true"
      },
      "RequestBody": null,
      "StatusCode": 200,
      "ResponseHeaders": {
        "client-request-id": "0832d856-dde3-e663-9905-6f3afcae236f",
        "Content-Type": "application/json; odata=minimalmetadata",
        "DataServiceVersion": "3.0",
        "Date": "Tue, 16 Apr 2024 22:54:52 GMT",
        "ETag": "0x8DC5E683A5EFF1F",
        "Last-Modified": "Tue, 16 Apr 2024 22:54:52 GMT",
        "request-id": "42ee74ed-785d-486f-aeb8-049d7ced4520",
        "Server": "Microsoft-HTTPAPI/2.0",
        "Strict-Transport-Security": "max-age=31536000; includeSubDomains",
        "Transfer-Encoding": "chunked",
        "X-Content-Type-Options": "nosniff"
      },
      "ResponseBody": {
        "odata.metadata": "https://dotnotsdkbatchaccount1.eastus.batch.azure.com/$metadata#pools/@Element",
        "id": "wiboris-GetPoolNodeCounts",
        "url": "https://dotnotsdkbatchaccount1.eastus.batch.azure.com/pools/wiboris-GetPoolNodeCounts",
        "eTag": "0x8DC5E683A5EFF1F",
        "lastModified": "2024-04-16T22:54:52.8681759Z",
        "creationTime": "2024-04-16T22:54:52.8681747Z",
        "state": "active",
        "stateTransitionTime": "2024-04-16T22:54:52.8681747Z",
        "allocationState": "resizing",
        "allocationStateTransitionTime": "2024-04-16T22:54:52.868176Z",
        "vmSize": "standard_d1_v2",
        "resizeTimeout": "PT15M",
        "currentDedicatedNodes": 0,
        "targetDedicatedNodes": 1,
        "currentLowPriorityNodes": 0,
        "targetLowPriorityNodes": 0,
        "enableAutoScale": false,
        "enableInterNodeCommunication": false,
        "taskSlotsPerNode": 1,
        "taskSchedulingPolicy": {
          "nodeFillType": "Spread"
        },
        "virtualMachineConfiguration": {
          "imageReference": {
            "publisher": "MicrosoftWindowsServer",
            "offer": "WindowsServer",
            "sku": "2019-datacenter-smalldisk",
            "version": "latest"
          },
          "nodeAgentSKUId": "batch.node.windows amd64"
        }
      }
    },
    {
      "RequestUri": "https://dotnotsdkbatchaccount1.eastus.batch.azure.com/pools/wiboris-GetPoolNodeCounts?api-version=2024-02-01.19.0",
      "RequestMethod": "GET",
      "RequestHeaders": {
        "Accept": "application/json",
        "Authorization": "Sanitized",
        "client-request-id": "a8e056fd-c968-f912-246b-15be29d6fce5",
        "return-client-request-id": "true",
        "traceparent": "00-bf4cf920288e49b96c666ffb43e895a6-43387190583b5e79-00",
        "User-Agent": "azsdk-net-Compute.Batch/1.0.0-alpha.20240415.1 (.NET 7.0.18; Microsoft Windows 10.0.22631)",
        "x-ms-client-request-id": "a8e056fd-c968-f912-246b-15be29d6fce5",
        "x-ms-return-client-request-id": "true"
      },
      "RequestBody": null,
      "StatusCode": 200,
      "ResponseHeaders": {
        "client-request-id": "a8e056fd-c968-f912-246b-15be29d6fce5",
        "Content-Type": "application/json; odata=minimalmetadata",
        "DataServiceVersion": "3.0",
        "Date": "Tue, 16 Apr 2024 22:55:02 GMT",
        "ETag": "0x8DC5E683A5EFF1F",
        "Last-Modified": "Tue, 16 Apr 2024 22:54:52 GMT",
        "request-id": "2ba4eb47-0296-497f-991c-35f6a17dc31d",
        "Server": "Microsoft-HTTPAPI/2.0",
        "Strict-Transport-Security": "max-age=31536000; includeSubDomains",
        "Transfer-Encoding": "chunked",
        "X-Content-Type-Options": "nosniff"
      },
      "ResponseBody": {
        "odata.metadata": "https://dotnotsdkbatchaccount1.eastus.batch.azure.com/$metadata#pools/@Element",
        "id": "wiboris-GetPoolNodeCounts",
        "url": "https://dotnotsdkbatchaccount1.eastus.batch.azure.com/pools/wiboris-GetPoolNodeCounts",
        "eTag": "0x8DC5E683A5EFF1F",
        "lastModified": "2024-04-16T22:54:52.8681759Z",
        "creationTime": "2024-04-16T22:54:52.8681747Z",
        "state": "active",
        "stateTransitionTime": "2024-04-16T22:54:52.8681747Z",
        "allocationState": "resizing",
        "allocationStateTransitionTime": "2024-04-16T22:54:52.868176Z",
        "vmSize": "standard_d1_v2",
        "resizeTimeout": "PT15M",
        "currentDedicatedNodes": 0,
        "targetDedicatedNodes": 1,
        "currentLowPriorityNodes": 0,
        "targetLowPriorityNodes": 0,
        "enableAutoScale": false,
        "enableInterNodeCommunication": false,
        "taskSlotsPerNode": 1,
        "taskSchedulingPolicy": {
          "nodeFillType": "Spread"
        },
        "virtualMachineConfiguration": {
          "imageReference": {
            "publisher": "MicrosoftWindowsServer",
            "offer": "WindowsServer",
            "sku": "2019-datacenter-smalldisk",
            "version": "latest"
          },
          "nodeAgentSKUId": "batch.node.windows amd64"
        }
      }
    },
    {
      "RequestUri": "https://dotnotsdkbatchaccount1.eastus.batch.azure.com/pools/wiboris-GetPoolNodeCounts?api-version=2024-02-01.19.0",
      "RequestMethod": "GET",
      "RequestHeaders": {
        "Accept": "application/json",
        "Authorization": "Sanitized",
        "client-request-id": "eab5ae64-3fe4-6083-bb32-a8e801e3af19",
        "return-client-request-id": "true",
        "traceparent": "00-d4030115d4fb9636b9b4f7e2a563a391-b2f6a0b292368acd-00",
        "User-Agent": "azsdk-net-Compute.Batch/1.0.0-alpha.20240415.1 (.NET 7.0.18; Microsoft Windows 10.0.22631)",
        "x-ms-client-request-id": "eab5ae64-3fe4-6083-bb32-a8e801e3af19",
        "x-ms-return-client-request-id": "true"
      },
      "RequestBody": null,
      "StatusCode": 200,
      "ResponseHeaders": {
        "client-request-id": "eab5ae64-3fe4-6083-bb32-a8e801e3af19",
        "Content-Type": "application/json; odata=minimalmetadata",
        "DataServiceVersion": "3.0",
        "Date": "Tue, 16 Apr 2024 22:55:12 GMT",
        "ETag": "0x8DC5E683A5EFF1F",
        "Last-Modified": "Tue, 16 Apr 2024 22:54:52 GMT",
        "request-id": "c44a2f78-4736-4fff-b63e-2e58c0c3139e",
        "Server": "Microsoft-HTTPAPI/2.0",
        "Strict-Transport-Security": "max-age=31536000; includeSubDomains",
        "Transfer-Encoding": "chunked",
        "X-Content-Type-Options": "nosniff"
      },
      "ResponseBody": {
        "odata.metadata": "https://dotnotsdkbatchaccount1.eastus.batch.azure.com/$metadata#pools/@Element",
        "id": "wiboris-GetPoolNodeCounts",
        "url": "https://dotnotsdkbatchaccount1.eastus.batch.azure.com/pools/wiboris-GetPoolNodeCounts",
        "eTag": "0x8DC5E683A5EFF1F",
        "lastModified": "2024-04-16T22:54:52.8681759Z",
        "creationTime": "2024-04-16T22:54:52.8681747Z",
        "state": "active",
        "stateTransitionTime": "2024-04-16T22:54:52.8681747Z",
        "allocationState": "resizing",
        "allocationStateTransitionTime": "2024-04-16T22:54:52.868176Z",
        "vmSize": "standard_d1_v2",
        "resizeTimeout": "PT15M",
        "currentDedicatedNodes": 0,
        "targetDedicatedNodes": 1,
        "currentLowPriorityNodes": 0,
        "targetLowPriorityNodes": 0,
        "enableAutoScale": false,
        "enableInterNodeCommunication": false,
        "taskSlotsPerNode": 1,
        "taskSchedulingPolicy": {
          "nodeFillType": "Spread"
        },
        "virtualMachineConfiguration": {
          "imageReference": {
            "publisher": "MicrosoftWindowsServer",
            "offer": "WindowsServer",
            "sku": "2019-datacenter-smalldisk",
            "version": "latest"
          },
          "nodeAgentSKUId": "batch.node.windows amd64"
        }
      }
    },
    {
      "RequestUri": "https://dotnotsdkbatchaccount1.eastus.batch.azure.com/pools/wiboris-GetPoolNodeCounts?api-version=2024-02-01.19.0",
      "RequestMethod": "GET",
      "RequestHeaders": {
        "Accept": "application/json",
        "Authorization": "Sanitized",
        "client-request-id": "95c6fc2d-1ee5-8ce2-c639-e377c8a5bdc2",
        "return-client-request-id": "true",
        "traceparent": "00-183426af06e9d628600006cba4930026-87e3f741eab6d01a-00",
        "User-Agent": "azsdk-net-Compute.Batch/1.0.0-alpha.20240415.1 (.NET 7.0.18; Microsoft Windows 10.0.22631)",
        "x-ms-client-request-id": "95c6fc2d-1ee5-8ce2-c639-e377c8a5bdc2",
        "x-ms-return-client-request-id": "true"
      },
      "RequestBody": null,
      "StatusCode": 200,
      "ResponseHeaders": {
        "client-request-id": "95c6fc2d-1ee5-8ce2-c639-e377c8a5bdc2",
        "Content-Type": "application/json; odata=minimalmetadata",
        "DataServiceVersion": "3.0",
        "Date": "Tue, 16 Apr 2024 22:55:22 GMT",
        "ETag": "0x8DC5E683A5EFF1F",
        "Last-Modified": "Tue, 16 Apr 2024 22:54:52 GMT",
        "request-id": "f5186f9b-e149-46fb-a545-8ef2034a2277",
        "Server": "Microsoft-HTTPAPI/2.0",
        "Strict-Transport-Security": "max-age=31536000; includeSubDomains",
        "Transfer-Encoding": "chunked",
        "X-Content-Type-Options": "nosniff"
      },
      "ResponseBody": {
        "odata.metadata": "https://dotnotsdkbatchaccount1.eastus.batch.azure.com/$metadata#pools/@Element",
        "id": "wiboris-GetPoolNodeCounts",
        "url": "https://dotnotsdkbatchaccount1.eastus.batch.azure.com/pools/wiboris-GetPoolNodeCounts",
        "eTag": "0x8DC5E683A5EFF1F",
        "lastModified": "2024-04-16T22:54:52.8681759Z",
        "creationTime": "2024-04-16T22:54:52.8681747Z",
        "state": "active",
        "stateTransitionTime": "2024-04-16T22:54:52.8681747Z",
        "allocationState": "resizing",
        "allocationStateTransitionTime": "2024-04-16T22:54:52.868176Z",
        "vmSize": "standard_d1_v2",
        "resizeTimeout": "PT15M",
        "currentDedicatedNodes": 0,
        "targetDedicatedNodes": 1,
        "currentLowPriorityNodes": 0,
        "targetLowPriorityNodes": 0,
        "enableAutoScale": false,
        "enableInterNodeCommunication": false,
        "taskSlotsPerNode": 1,
        "taskSchedulingPolicy": {
          "nodeFillType": "Spread"
        },
        "virtualMachineConfiguration": {
          "imageReference": {
            "publisher": "MicrosoftWindowsServer",
            "offer": "WindowsServer",
            "sku": "2019-datacenter-smalldisk",
            "version": "latest"
          },
          "nodeAgentSKUId": "batch.node.windows amd64"
        }
      }
    },
    {
      "RequestUri": "https://dotnotsdkbatchaccount1.eastus.batch.azure.com/pools/wiboris-GetPoolNodeCounts?api-version=2024-02-01.19.0",
      "RequestMethod": "GET",
      "RequestHeaders": {
        "Accept": "application/json",
        "Authorization": "Sanitized",
        "client-request-id": "4dd68a09-38f9-be8a-d27f-ed36202af740",
        "return-client-request-id": "true",
        "traceparent": "00-b8e91a79c42721369b48cf4cf8fab0c0-e85ac1cfb5cb35c4-00",
        "User-Agent": "azsdk-net-Compute.Batch/1.0.0-alpha.20240415.1 (.NET 7.0.18; Microsoft Windows 10.0.22631)",
        "x-ms-client-request-id": "4dd68a09-38f9-be8a-d27f-ed36202af740",
        "x-ms-return-client-request-id": "true"
      },
      "RequestBody": null,
      "StatusCode": 200,
      "ResponseHeaders": {
        "client-request-id": "4dd68a09-38f9-be8a-d27f-ed36202af740",
        "Content-Type": "application/json; odata=minimalmetadata",
        "DataServiceVersion": "3.0",
        "Date": "Tue, 16 Apr 2024 22:55:32 GMT",
        "ETag": "0x8DC5E683A5EFF1F",
        "Last-Modified": "Tue, 16 Apr 2024 22:54:52 GMT",
        "request-id": "d4390cc1-8727-4c58-b580-a2e7a52c3b69",
        "Server": "Microsoft-HTTPAPI/2.0",
        "Strict-Transport-Security": "max-age=31536000; includeSubDomains",
        "Transfer-Encoding": "chunked",
        "X-Content-Type-Options": "nosniff"
      },
      "ResponseBody": {
        "odata.metadata": "https://dotnotsdkbatchaccount1.eastus.batch.azure.com/$metadata#pools/@Element",
        "id": "wiboris-GetPoolNodeCounts",
        "url": "https://dotnotsdkbatchaccount1.eastus.batch.azure.com/pools/wiboris-GetPoolNodeCounts",
        "eTag": "0x8DC5E683A5EFF1F",
        "lastModified": "2024-04-16T22:54:52.8681759Z",
        "creationTime": "2024-04-16T22:54:52.8681747Z",
        "state": "active",
        "stateTransitionTime": "2024-04-16T22:54:52.8681747Z",
        "allocationState": "resizing",
        "allocationStateTransitionTime": "2024-04-16T22:54:52.868176Z",
        "vmSize": "standard_d1_v2",
        "resizeTimeout": "PT15M",
        "currentDedicatedNodes": 0,
        "targetDedicatedNodes": 1,
        "currentLowPriorityNodes": 0,
        "targetLowPriorityNodes": 0,
        "enableAutoScale": false,
        "enableInterNodeCommunication": false,
        "taskSlotsPerNode": 1,
        "taskSchedulingPolicy": {
          "nodeFillType": "Spread"
        },
        "virtualMachineConfiguration": {
          "imageReference": {
            "publisher": "MicrosoftWindowsServer",
            "offer": "WindowsServer",
            "sku": "2019-datacenter-smalldisk",
            "version": "latest"
          },
          "nodeAgentSKUId": "batch.node.windows amd64"
        }
      }
    },
    {
      "RequestUri": "https://dotnotsdkbatchaccount1.eastus.batch.azure.com/pools/wiboris-GetPoolNodeCounts?api-version=2024-02-01.19.0",
      "RequestMethod": "GET",
      "RequestHeaders": {
        "Accept": "application/json",
        "Authorization": "Sanitized",
        "client-request-id": "2c90fbbc-660f-45ff-cc28-24ab5b0b9816",
        "return-client-request-id": "true",
        "traceparent": "00-bd55cc275148dc47c5f7f40e153cafe4-4e7e473df5db691b-00",
        "User-Agent": "azsdk-net-Compute.Batch/1.0.0-alpha.20240415.1 (.NET 7.0.18; Microsoft Windows 10.0.22631)",
        "x-ms-client-request-id": "2c90fbbc-660f-45ff-cc28-24ab5b0b9816",
        "x-ms-return-client-request-id": "true"
      },
      "RequestBody": null,
      "StatusCode": 200,
      "ResponseHeaders": {
        "client-request-id": "2c90fbbc-660f-45ff-cc28-24ab5b0b9816",
        "Content-Type": "application/json; odata=minimalmetadata",
        "DataServiceVersion": "3.0",
        "Date": "Tue, 16 Apr 2024 22:55:42 GMT",
        "ETag": "0x8DC5E683A5EFF1F",
        "Last-Modified": "Tue, 16 Apr 2024 22:54:52 GMT",
        "request-id": "0c51d636-f94b-4672-9a37-03d5710aff64",
        "Server": "Microsoft-HTTPAPI/2.0",
        "Strict-Transport-Security": "max-age=31536000; includeSubDomains",
        "Transfer-Encoding": "chunked",
        "X-Content-Type-Options": "nosniff"
      },
      "ResponseBody": {
        "odata.metadata": "https://dotnotsdkbatchaccount1.eastus.batch.azure.com/$metadata#pools/@Element",
        "id": "wiboris-GetPoolNodeCounts",
        "url": "https://dotnotsdkbatchaccount1.eastus.batch.azure.com/pools/wiboris-GetPoolNodeCounts",
        "eTag": "0x8DC5E683A5EFF1F",
        "lastModified": "2024-04-16T22:54:52.8681759Z",
        "creationTime": "2024-04-16T22:54:52.8681747Z",
        "state": "active",
        "stateTransitionTime": "2024-04-16T22:54:52.8681747Z",
        "allocationState": "resizing",
        "allocationStateTransitionTime": "2024-04-16T22:54:52.868176Z",
        "vmSize": "standard_d1_v2",
        "resizeTimeout": "PT15M",
        "currentDedicatedNodes": 0,
        "targetDedicatedNodes": 1,
        "currentLowPriorityNodes": 0,
        "targetLowPriorityNodes": 0,
        "enableAutoScale": false,
        "enableInterNodeCommunication": false,
        "taskSlotsPerNode": 1,
        "taskSchedulingPolicy": {
          "nodeFillType": "Spread"
        },
        "virtualMachineConfiguration": {
          "imageReference": {
            "publisher": "MicrosoftWindowsServer",
            "offer": "WindowsServer",
            "sku": "2019-datacenter-smalldisk",
            "version": "latest"
          },
          "nodeAgentSKUId": "batch.node.windows amd64"
        }
      }
    },
    {
      "RequestUri": "https://dotnotsdkbatchaccount1.eastus.batch.azure.com/pools/wiboris-GetPoolNodeCounts?api-version=2024-02-01.19.0",
      "RequestMethod": "GET",
      "RequestHeaders": {
        "Accept": "application/json",
        "Authorization": "Sanitized",
        "client-request-id": "77dfe675-610d-f420-7108-c36631ac6c9b",
        "return-client-request-id": "true",
        "traceparent": "00-43f790b83162741d276061563f1091b6-5c1074f70af54ea1-00",
        "User-Agent": "azsdk-net-Compute.Batch/1.0.0-alpha.20240415.1 (.NET 7.0.18; Microsoft Windows 10.0.22631)",
        "x-ms-client-request-id": "77dfe675-610d-f420-7108-c36631ac6c9b",
        "x-ms-return-client-request-id": "true"
      },
      "RequestBody": null,
      "StatusCode": 200,
      "ResponseHeaders": {
        "client-request-id": "77dfe675-610d-f420-7108-c36631ac6c9b",
        "Content-Type": "application/json; odata=minimalmetadata",
        "DataServiceVersion": "3.0",
        "Date": "Tue, 16 Apr 2024 22:55:53 GMT",
        "ETag": "0x8DC5E683A5EFF1F",
        "Last-Modified": "Tue, 16 Apr 2024 22:54:52 GMT",
        "request-id": "51df2f90-2795-4216-86e1-e4f85ad37f49",
        "Server": "Microsoft-HTTPAPI/2.0",
        "Strict-Transport-Security": "max-age=31536000; includeSubDomains",
        "Transfer-Encoding": "chunked",
        "X-Content-Type-Options": "nosniff"
      },
      "ResponseBody": {
        "odata.metadata": "https://dotnotsdkbatchaccount1.eastus.batch.azure.com/$metadata#pools/@Element",
        "id": "wiboris-GetPoolNodeCounts",
        "url": "https://dotnotsdkbatchaccount1.eastus.batch.azure.com/pools/wiboris-GetPoolNodeCounts",
        "eTag": "0x8DC5E683A5EFF1F",
        "lastModified": "2024-04-16T22:54:52.8681759Z",
        "creationTime": "2024-04-16T22:54:52.8681747Z",
        "state": "active",
        "stateTransitionTime": "2024-04-16T22:54:52.8681747Z",
        "allocationState": "resizing",
        "allocationStateTransitionTime": "2024-04-16T22:54:52.868176Z",
        "vmSize": "standard_d1_v2",
        "resizeTimeout": "PT15M",
        "currentDedicatedNodes": 0,
        "targetDedicatedNodes": 1,
        "currentLowPriorityNodes": 0,
        "targetLowPriorityNodes": 0,
        "enableAutoScale": false,
        "enableInterNodeCommunication": false,
        "taskSlotsPerNode": 1,
        "taskSchedulingPolicy": {
          "nodeFillType": "Spread"
        },
        "virtualMachineConfiguration": {
          "imageReference": {
            "publisher": "MicrosoftWindowsServer",
            "offer": "WindowsServer",
            "sku": "2019-datacenter-smalldisk",
            "version": "latest"
          },
          "nodeAgentSKUId": "batch.node.windows amd64"
        }
      }
    },
    {
      "RequestUri": "https://dotnotsdkbatchaccount1.eastus.batch.azure.com/pools/wiboris-GetPoolNodeCounts?api-version=2024-02-01.19.0",
      "RequestMethod": "GET",
      "RequestHeaders": {
        "Accept": "application/json",
        "Authorization": "Sanitized",
        "client-request-id": "ccbba241-9014-a2b2-8b90-81d114df62c6",
        "return-client-request-id": "true",
        "traceparent": "00-fe1bbd4eef54e13b1f1d637f6c7645fa-3015063f1a671e62-00",
        "User-Agent": "azsdk-net-Compute.Batch/1.0.0-alpha.20240415.1 (.NET 7.0.18; Microsoft Windows 10.0.22631)",
        "x-ms-client-request-id": "ccbba241-9014-a2b2-8b90-81d114df62c6",
        "x-ms-return-client-request-id": "true"
      },
      "RequestBody": null,
      "StatusCode": 200,
      "ResponseHeaders": {
        "client-request-id": "ccbba241-9014-a2b2-8b90-81d114df62c6",
        "Content-Type": "application/json; odata=minimalmetadata",
        "DataServiceVersion": "3.0",
        "Date": "Tue, 16 Apr 2024 22:56:03 GMT",
        "ETag": "0x8DC5E683A5EFF1F",
        "Last-Modified": "Tue, 16 Apr 2024 22:54:52 GMT",
        "request-id": "ecd0045f-84d3-429a-bd73-de000212d061",
        "Server": "Microsoft-HTTPAPI/2.0",
        "Strict-Transport-Security": "max-age=31536000; includeSubDomains",
        "Transfer-Encoding": "chunked",
        "X-Content-Type-Options": "nosniff"
      },
      "ResponseBody": {
        "odata.metadata": "https://dotnotsdkbatchaccount1.eastus.batch.azure.com/$metadata#pools/@Element",
        "id": "wiboris-GetPoolNodeCounts",
        "url": "https://dotnotsdkbatchaccount1.eastus.batch.azure.com/pools/wiboris-GetPoolNodeCounts",
        "eTag": "0x8DC5E683A5EFF1F",
        "lastModified": "2024-04-16T22:54:52.8681759Z",
        "creationTime": "2024-04-16T22:54:52.8681747Z",
        "state": "active",
        "stateTransitionTime": "2024-04-16T22:54:52.8681747Z",
        "allocationState": "resizing",
        "allocationStateTransitionTime": "2024-04-16T22:54:52.868176Z",
        "vmSize": "standard_d1_v2",
        "resizeTimeout": "PT15M",
        "currentDedicatedNodes": 0,
        "targetDedicatedNodes": 1,
        "currentLowPriorityNodes": 0,
        "targetLowPriorityNodes": 0,
        "enableAutoScale": false,
        "enableInterNodeCommunication": false,
        "taskSlotsPerNode": 1,
        "taskSchedulingPolicy": {
          "nodeFillType": "Spread"
        },
        "virtualMachineConfiguration": {
          "imageReference": {
            "publisher": "MicrosoftWindowsServer",
            "offer": "WindowsServer",
            "sku": "2019-datacenter-smalldisk",
            "version": "latest"
          },
          "nodeAgentSKUId": "batch.node.windows amd64"
        }
      }
    },
    {
      "RequestUri": "https://dotnotsdkbatchaccount1.eastus.batch.azure.com/pools/wiboris-GetPoolNodeCounts?api-version=2024-02-01.19.0",
      "RequestMethod": "GET",
      "RequestHeaders": {
        "Accept": "application/json",
        "Authorization": "Sanitized",
        "client-request-id": "3ac1d6e7-804b-5a32-db9c-ba07a399131f",
        "return-client-request-id": "true",
        "traceparent": "00-99ad831d72beafe79a9cb47617914d79-986677da6188e2c1-00",
        "User-Agent": "azsdk-net-Compute.Batch/1.0.0-alpha.20240415.1 (.NET 7.0.18; Microsoft Windows 10.0.22631)",
        "x-ms-client-request-id": "3ac1d6e7-804b-5a32-db9c-ba07a399131f",
        "x-ms-return-client-request-id": "true"
      },
      "RequestBody": null,
      "StatusCode": 200,
      "ResponseHeaders": {
        "client-request-id": "3ac1d6e7-804b-5a32-db9c-ba07a399131f",
        "Content-Type": "application/json; odata=minimalmetadata",
        "DataServiceVersion": "3.0",
        "Date": "Tue, 16 Apr 2024 22:56:13 GMT",
        "ETag": "0x8DC5E683A5EFF1F",
        "Last-Modified": "Tue, 16 Apr 2024 22:54:52 GMT",
        "request-id": "83dbb486-83e3-4278-9e11-03697967b265",
        "Server": "Microsoft-HTTPAPI/2.0",
        "Strict-Transport-Security": "max-age=31536000; includeSubDomains",
        "Transfer-Encoding": "chunked",
        "X-Content-Type-Options": "nosniff"
      },
      "ResponseBody": {
        "odata.metadata": "https://dotnotsdkbatchaccount1.eastus.batch.azure.com/$metadata#pools/@Element",
        "id": "wiboris-GetPoolNodeCounts",
        "url": "https://dotnotsdkbatchaccount1.eastus.batch.azure.com/pools/wiboris-GetPoolNodeCounts",
        "eTag": "0x8DC5E683A5EFF1F",
        "lastModified": "2024-04-16T22:54:52.8681759Z",
        "creationTime": "2024-04-16T22:54:52.8681747Z",
        "state": "active",
        "stateTransitionTime": "2024-04-16T22:54:52.8681747Z",
        "allocationState": "resizing",
        "allocationStateTransitionTime": "2024-04-16T22:54:52.868176Z",
        "vmSize": "standard_d1_v2",
        "resizeTimeout": "PT15M",
        "currentDedicatedNodes": 0,
        "targetDedicatedNodes": 1,
        "currentLowPriorityNodes": 0,
        "targetLowPriorityNodes": 0,
        "enableAutoScale": false,
        "enableInterNodeCommunication": false,
        "taskSlotsPerNode": 1,
        "taskSchedulingPolicy": {
          "nodeFillType": "Spread"
        },
        "virtualMachineConfiguration": {
          "imageReference": {
            "publisher": "MicrosoftWindowsServer",
            "offer": "WindowsServer",
            "sku": "2019-datacenter-smalldisk",
            "version": "latest"
          },
          "nodeAgentSKUId": "batch.node.windows amd64"
        }
      }
    },
    {
      "RequestUri": "https://dotnotsdkbatchaccount1.eastus.batch.azure.com/pools/wiboris-GetPoolNodeCounts?api-version=2024-02-01.19.0",
      "RequestMethod": "GET",
      "RequestHeaders": {
        "Accept": "application/json",
        "Authorization": "Sanitized",
        "client-request-id": "b86988bb-cb50-e401-333c-eb7ce04edf92",
        "return-client-request-id": "true",
        "traceparent": "00-49a7f981e30870da58d92ca82c08979f-93e3ef8a699cb4cd-00",
        "User-Agent": "azsdk-net-Compute.Batch/1.0.0-alpha.20240415.1 (.NET 7.0.18; Microsoft Windows 10.0.22631)",
        "x-ms-client-request-id": "b86988bb-cb50-e401-333c-eb7ce04edf92",
        "x-ms-return-client-request-id": "true"
      },
      "RequestBody": null,
      "StatusCode": 200,
      "ResponseHeaders": {
        "client-request-id": "b86988bb-cb50-e401-333c-eb7ce04edf92",
        "Content-Type": "application/json; odata=minimalmetadata",
        "DataServiceVersion": "3.0",
        "Date": "Tue, 16 Apr 2024 22:56:23 GMT",
        "ETag": "0x8DC5E683A5EFF1F",
        "Last-Modified": "Tue, 16 Apr 2024 22:54:52 GMT",
        "request-id": "3b23888a-6959-45a0-a357-be5ea599e337",
        "Server": "Microsoft-HTTPAPI/2.0",
        "Strict-Transport-Security": "max-age=31536000; includeSubDomains",
        "Transfer-Encoding": "chunked",
        "X-Content-Type-Options": "nosniff"
      },
      "ResponseBody": {
        "odata.metadata": "https://dotnotsdkbatchaccount1.eastus.batch.azure.com/$metadata#pools/@Element",
        "id": "wiboris-GetPoolNodeCounts",
        "url": "https://dotnotsdkbatchaccount1.eastus.batch.azure.com/pools/wiboris-GetPoolNodeCounts",
        "eTag": "0x8DC5E683A5EFF1F",
        "lastModified": "2024-04-16T22:54:52.8681759Z",
        "creationTime": "2024-04-16T22:54:52.8681747Z",
        "state": "active",
        "stateTransitionTime": "2024-04-16T22:54:52.8681747Z",
        "allocationState": "resizing",
        "allocationStateTransitionTime": "2024-04-16T22:54:52.868176Z",
        "vmSize": "standard_d1_v2",
        "resizeTimeout": "PT15M",
        "currentDedicatedNodes": 0,
        "targetDedicatedNodes": 1,
        "currentLowPriorityNodes": 0,
        "targetLowPriorityNodes": 0,
        "enableAutoScale": false,
        "enableInterNodeCommunication": false,
        "taskSlotsPerNode": 1,
        "taskSchedulingPolicy": {
          "nodeFillType": "Spread"
        },
        "virtualMachineConfiguration": {
          "imageReference": {
            "publisher": "MicrosoftWindowsServer",
            "offer": "WindowsServer",
            "sku": "2019-datacenter-smalldisk",
            "version": "latest"
          },
          "nodeAgentSKUId": "batch.node.windows amd64"
        }
      }
    },
    {
      "RequestUri": "https://dotnotsdkbatchaccount1.eastus.batch.azure.com/pools/wiboris-GetPoolNodeCounts?api-version=2024-02-01.19.0",
      "RequestMethod": "GET",
      "RequestHeaders": {
        "Accept": "application/json",
        "Authorization": "Sanitized",
        "client-request-id": "5a7ffca5-32ea-c150-6f60-f178d6abfff1",
        "return-client-request-id": "true",
        "traceparent": "00-de7e7d10cde9aa79f620b0a663389f84-1ee7f70ea6c1b1c5-00",
        "User-Agent": "azsdk-net-Compute.Batch/1.0.0-alpha.20240415.1 (.NET 7.0.18; Microsoft Windows 10.0.22631)",
        "x-ms-client-request-id": "5a7ffca5-32ea-c150-6f60-f178d6abfff1",
        "x-ms-return-client-request-id": "true"
      },
      "RequestBody": null,
      "StatusCode": 200,
      "ResponseHeaders": {
        "client-request-id": "5a7ffca5-32ea-c150-6f60-f178d6abfff1",
        "Content-Type": "application/json; odata=minimalmetadata",
        "DataServiceVersion": "3.0",
        "Date": "Tue, 16 Apr 2024 22:56:33 GMT",
        "ETag": "0x8DC5E683A5EFF1F",
        "Last-Modified": "Tue, 16 Apr 2024 22:54:52 GMT",
        "request-id": "68d94dc1-8645-4fa1-8fda-d53896cc2001",
        "Server": "Microsoft-HTTPAPI/2.0",
        "Strict-Transport-Security": "max-age=31536000; includeSubDomains",
        "Transfer-Encoding": "chunked",
        "X-Content-Type-Options": "nosniff"
      },
      "ResponseBody": {
        "odata.metadata": "https://dotnotsdkbatchaccount1.eastus.batch.azure.com/$metadata#pools/@Element",
        "id": "wiboris-GetPoolNodeCounts",
        "url": "https://dotnotsdkbatchaccount1.eastus.batch.azure.com/pools/wiboris-GetPoolNodeCounts",
        "eTag": "0x8DC5E683A5EFF1F",
        "lastModified": "2024-04-16T22:54:52.8681759Z",
        "creationTime": "2024-04-16T22:54:52.8681747Z",
        "state": "active",
        "stateTransitionTime": "2024-04-16T22:54:52.8681747Z",
        "allocationState": "resizing",
        "allocationStateTransitionTime": "2024-04-16T22:54:52.868176Z",
        "vmSize": "standard_d1_v2",
        "resizeTimeout": "PT15M",
        "currentDedicatedNodes": 0,
        "targetDedicatedNodes": 1,
        "currentLowPriorityNodes": 0,
        "targetLowPriorityNodes": 0,
        "enableAutoScale": false,
        "enableInterNodeCommunication": false,
        "taskSlotsPerNode": 1,
        "taskSchedulingPolicy": {
          "nodeFillType": "Spread"
        },
        "virtualMachineConfiguration": {
          "imageReference": {
            "publisher": "MicrosoftWindowsServer",
            "offer": "WindowsServer",
            "sku": "2019-datacenter-smalldisk",
            "version": "latest"
          },
          "nodeAgentSKUId": "batch.node.windows amd64"
        }
      }
    },
    {
      "RequestUri": "https://dotnotsdkbatchaccount1.eastus.batch.azure.com/pools/wiboris-GetPoolNodeCounts?api-version=2024-02-01.19.0",
      "RequestMethod": "GET",
      "RequestHeaders": {
        "Accept": "application/json",
        "Authorization": "Sanitized",
        "client-request-id": "8c15617d-a976-1b76-d5dc-060e94b67a8c",
        "return-client-request-id": "true",
        "traceparent": "00-c4155a929b90b37c09cece15c41fcfb4-543a6b031183e465-00",
        "User-Agent": "azsdk-net-Compute.Batch/1.0.0-alpha.20240415.1 (.NET 7.0.18; Microsoft Windows 10.0.22631)",
        "x-ms-client-request-id": "8c15617d-a976-1b76-d5dc-060e94b67a8c",
        "x-ms-return-client-request-id": "true"
      },
      "RequestBody": null,
      "StatusCode": 200,
      "ResponseHeaders": {
        "client-request-id": "8c15617d-a976-1b76-d5dc-060e94b67a8c",
        "Content-Type": "application/json; odata=minimalmetadata",
        "DataServiceVersion": "3.0",
        "Date": "Tue, 16 Apr 2024 22:56:44 GMT",
        "ETag": "0x8DC5E683A5EFF1F",
        "Last-Modified": "Tue, 16 Apr 2024 22:54:52 GMT",
        "request-id": "ec4249a4-5661-41f3-a3d9-e4b822147d28",
        "Server": "Microsoft-HTTPAPI/2.0",
        "Strict-Transport-Security": "max-age=31536000; includeSubDomains",
        "Transfer-Encoding": "chunked",
        "X-Content-Type-Options": "nosniff"
      },
      "ResponseBody": {
        "odata.metadata": "https://dotnotsdkbatchaccount1.eastus.batch.azure.com/$metadata#pools/@Element",
        "id": "wiboris-GetPoolNodeCounts",
        "url": "https://dotnotsdkbatchaccount1.eastus.batch.azure.com/pools/wiboris-GetPoolNodeCounts",
        "eTag": "0x8DC5E683A5EFF1F",
        "lastModified": "2024-04-16T22:54:52.8681759Z",
        "creationTime": "2024-04-16T22:54:52.8681747Z",
        "state": "active",
        "stateTransitionTime": "2024-04-16T22:54:52.8681747Z",
        "allocationState": "resizing",
        "allocationStateTransitionTime": "2024-04-16T22:54:52.868176Z",
        "vmSize": "standard_d1_v2",
        "resizeTimeout": "PT15M",
        "currentDedicatedNodes": 0,
        "targetDedicatedNodes": 1,
        "currentLowPriorityNodes": 0,
        "targetLowPriorityNodes": 0,
        "enableAutoScale": false,
        "enableInterNodeCommunication": false,
        "taskSlotsPerNode": 1,
        "taskSchedulingPolicy": {
          "nodeFillType": "Spread"
        },
        "virtualMachineConfiguration": {
          "imageReference": {
            "publisher": "MicrosoftWindowsServer",
            "offer": "WindowsServer",
            "sku": "2019-datacenter-smalldisk",
            "version": "latest"
          },
          "nodeAgentSKUId": "batch.node.windows amd64"
        }
      }
    },
    {
      "RequestUri": "https://dotnotsdkbatchaccount1.eastus.batch.azure.com/pools/wiboris-GetPoolNodeCounts?api-version=2024-02-01.19.0",
      "RequestMethod": "GET",
      "RequestHeaders": {
        "Accept": "application/json",
        "Authorization": "Sanitized",
        "client-request-id": "a76128bc-b91a-8935-37a8-49f0da890e88",
        "return-client-request-id": "true",
        "traceparent": "00-22a680a81e5419c9ef5471c19b65996e-479c3663da0e1bfe-00",
        "User-Agent": "azsdk-net-Compute.Batch/1.0.0-alpha.20240415.1 (.NET 7.0.18; Microsoft Windows 10.0.22631)",
        "x-ms-client-request-id": "a76128bc-b91a-8935-37a8-49f0da890e88",
        "x-ms-return-client-request-id": "true"
      },
      "RequestBody": null,
      "StatusCode": 200,
      "ResponseHeaders": {
        "client-request-id": "a76128bc-b91a-8935-37a8-49f0da890e88",
        "Content-Type": "application/json; odata=minimalmetadata",
        "DataServiceVersion": "3.0",
        "Date": "Tue, 16 Apr 2024 22:56:54 GMT",
        "ETag": "0x8DC5E683A5EFF1F",
        "Last-Modified": "Tue, 16 Apr 2024 22:54:52 GMT",
        "request-id": "69599316-39b0-4456-b501-b78ef3c24a05",
        "Server": "Microsoft-HTTPAPI/2.0",
        "Strict-Transport-Security": "max-age=31536000; includeSubDomains",
        "Transfer-Encoding": "chunked",
        "X-Content-Type-Options": "nosniff"
      },
      "ResponseBody": {
        "odata.metadata": "https://dotnotsdkbatchaccount1.eastus.batch.azure.com/$metadata#pools/@Element",
        "id": "wiboris-GetPoolNodeCounts",
        "url": "https://dotnotsdkbatchaccount1.eastus.batch.azure.com/pools/wiboris-GetPoolNodeCounts",
        "eTag": "0x8DC5E683A5EFF1F",
        "lastModified": "2024-04-16T22:54:52.8681759Z",
        "creationTime": "2024-04-16T22:54:52.8681747Z",
        "state": "active",
        "stateTransitionTime": "2024-04-16T22:54:52.8681747Z",
        "allocationState": "steady",
        "allocationStateTransitionTime": "2024-04-16T22:56:51.9744381Z",
        "vmSize": "standard_d1_v2",
        "resizeTimeout": "PT15M",
        "currentDedicatedNodes": 1,
        "targetDedicatedNodes": 1,
        "currentLowPriorityNodes": 0,
        "targetLowPriorityNodes": 0,
        "enableAutoScale": false,
        "enableInterNodeCommunication": false,
        "taskSlotsPerNode": 1,
        "taskSchedulingPolicy": {
          "nodeFillType": "Spread"
        },
        "virtualMachineConfiguration": {
          "imageReference": {
            "publisher": "MicrosoftWindowsServer",
            "offer": "WindowsServer",
            "sku": "2019-datacenter-smalldisk",
            "version": "latest"
          },
          "nodeAgentSKUId": "batch.node.windows amd64"
        },
        "currentNodeCommunicationMode": "classic"
      }
    },
    {
      "RequestUri": "https://dotnotsdkbatchaccount1.eastus.batch.azure.com/pools/wiboris-GetPoolNodeCounts/nodes?api-version=2024-02-01.19.0",
      "RequestMethod": "GET",
      "RequestHeaders": {
        "Accept": "application/json",
        "Authorization": "Sanitized",
        "client-request-id": "7efff93d-5339-fc1b-8563-850e2b422cb9",
        "return-client-request-id": "true",
        "traceparent": "00-8b1b729db59d4a36f0148772f66ff9b0-5dd7208adb279fc0-00",
        "User-Agent": "azsdk-net-Compute.Batch/1.0.0-alpha.20240415.1 (.NET 7.0.18; Microsoft Windows 10.0.22631)",
        "x-ms-client-request-id": "7efff93d-5339-fc1b-8563-850e2b422cb9",
        "x-ms-return-client-request-id": "true"
      },
      "RequestBody": null,
      "StatusCode": 200,
      "ResponseHeaders": {
        "client-request-id": "7efff93d-5339-fc1b-8563-850e2b422cb9",
        "Content-Type": "application/json; odata=minimalmetadata",
        "DataServiceVersion": "3.0",
        "Date": "Tue, 16 Apr 2024 22:56:54 GMT",
        "request-id": "b4b3cfd6-63c5-46ab-a1de-1274d3070271",
        "Server": "Microsoft-HTTPAPI/2.0",
        "Strict-Transport-Security": "max-age=31536000; includeSubDomains",
        "Transfer-Encoding": "chunked",
        "X-Content-Type-Options": "nosniff"
      },
      "ResponseBody": {
        "odata.metadata": "https://dotnotsdkbatchaccount1.eastus.batch.azure.com/$metadata#nodes",
        "value": [
          {
            "id": "tvmps_e90c1976b7eb15940217b839cb00bd0d21c5ecc749dd87bfb4f1394243ce76c3_d",
            "url": "https://dotnotsdkbatchaccount1.eastus.batch.azure.com/pools/wiboris-GetPoolNodeCounts/nodes/tvmps_e90c1976b7eb15940217b839cb00bd0d21c5ecc749dd87bfb4f1394243ce76c3_d",
            "state": "creating",
            "schedulingState": "enabled",
            "stateTransitionTime": "2024-04-16T22:56:51.4894537Z",
            "allocationTime": "2024-04-16T22:56:51.4894618Z",
            "ipAddress": "10.0.0.4",
            "affinityId": "TVM:tvmps_e90c1976b7eb15940217b839cb00bd0d21c5ecc749dd87bfb4f1394243ce76c3_d",
            "vmSize": "standard_d1_v2",
            "totalTasksRun": 0,
            "totalTasksSucceeded": 0,
            "runningTasksCount": 0,
            "runningTaskSlotsCount": 0,
            "isDedicated": true,
            "endpointConfiguration": {
              "inboundEndpoints": [
                {
                  "name": "SSHRule.0",
                  "protocol": "tcp",
                  "publicIPAddress": "57.151.28.148",
                  "publicFQDN": "dnsa68c8942-61e6-42b2-98da-56c49aa66244-azurebatch-cloudservice.eastus.cloudapp.azure.com",
                  "frontendPort": 50000,
                  "backendPort": 3389
                }
              ]
            },
            "virtualMachineInfo": {
              "imageReference": {
                "publisher": "MicrosoftWindowsServer",
                "offer": "WindowsServer",
                "sku": "2019-datacenter-smalldisk",
                "version": "latest",
                "exactVersion": "17763.5696.240406"
              }
            }
          }
        ]
      }
    },
    {
      "RequestUri": "https://dotnotsdkbatchaccount1.eastus.batch.azure.com/pools/wiboris-GetPoolNodeCounts/nodes?api-version=2024-02-01.19.0",
      "RequestMethod": "GET",
      "RequestHeaders": {
        "Accept": "application/json",
        "Authorization": "Sanitized",
        "client-request-id": "adbb64e5-5749-c4d7-2c8c-55cd6086404b",
        "return-client-request-id": "true",
        "traceparent": "00-b66bd79ed9177a17586f8d7fb2d0af7a-3d28bad3537f0dcd-00",
        "User-Agent": "azsdk-net-Compute.Batch/1.0.0-alpha.20240415.1 (.NET 7.0.18; Microsoft Windows 10.0.22631)",
        "x-ms-client-request-id": "adbb64e5-5749-c4d7-2c8c-55cd6086404b",
        "x-ms-return-client-request-id": "true"
      },
      "RequestBody": null,
      "StatusCode": 200,
      "ResponseHeaders": {
        "client-request-id": "adbb64e5-5749-c4d7-2c8c-55cd6086404b",
        "Content-Type": "application/json; odata=minimalmetadata",
        "DataServiceVersion": "3.0",
        "Date": "Tue, 16 Apr 2024 22:57:04 GMT",
        "request-id": "a4e71331-5f89-446c-81a1-2b62cf070ac4",
        "Server": "Microsoft-HTTPAPI/2.0",
        "Strict-Transport-Security": "max-age=31536000; includeSubDomains",
        "Transfer-Encoding": "chunked",
        "X-Content-Type-Options": "nosniff"
      },
      "ResponseBody": {
        "odata.metadata": "https://dotnotsdkbatchaccount1.eastus.batch.azure.com/$metadata#nodes",
        "value": [
          {
            "id": "tvmps_e90c1976b7eb15940217b839cb00bd0d21c5ecc749dd87bfb4f1394243ce76c3_d",
            "url": "https://dotnotsdkbatchaccount1.eastus.batch.azure.com/pools/wiboris-GetPoolNodeCounts/nodes/tvmps_e90c1976b7eb15940217b839cb00bd0d21c5ecc749dd87bfb4f1394243ce76c3_d",
            "state": "starting",
            "schedulingState": "enabled",
            "stateTransitionTime": "2024-04-16T22:57:01.9402673Z",
            "allocationTime": "2024-04-16T22:56:51.4894618Z",
            "ipAddress": "10.0.0.4",
            "affinityId": "TVM:tvmps_e90c1976b7eb15940217b839cb00bd0d21c5ecc749dd87bfb4f1394243ce76c3_d",
            "vmSize": "standard_d1_v2",
            "totalTasksRun": 0,
            "totalTasksSucceeded": 0,
            "runningTasksCount": 0,
            "runningTaskSlotsCount": 0,
            "isDedicated": true,
            "endpointConfiguration": {
              "inboundEndpoints": [
                {
                  "name": "SSHRule.0",
                  "protocol": "tcp",
                  "publicIPAddress": "57.151.28.148",
                  "publicFQDN": "dnsa68c8942-61e6-42b2-98da-56c49aa66244-azurebatch-cloudservice.eastus.cloudapp.azure.com",
                  "frontendPort": 50000,
                  "backendPort": 3389
                }
              ]
            },
            "virtualMachineInfo": {
              "imageReference": {
                "publisher": "MicrosoftWindowsServer",
                "offer": "WindowsServer",
                "sku": "2019-datacenter-smalldisk",
                "version": "latest",
                "exactVersion": "17763.5696.240406"
              }
            }
          }
        ]
      }
    },
    {
      "RequestUri": "https://dotnotsdkbatchaccount1.eastus.batch.azure.com/pools/wiboris-GetPoolNodeCounts/nodes?api-version=2024-02-01.19.0",
      "RequestMethod": "GET",
      "RequestHeaders": {
        "Accept": "application/json",
        "Authorization": "Sanitized",
        "client-request-id": "9ad17ece-fcb6-6953-0c65-21b633265ef4",
        "return-client-request-id": "true",
        "traceparent": "00-a6b8d68e6f8def9aadbe166b39c81063-6824291c9da6c0b7-00",
        "User-Agent": "azsdk-net-Compute.Batch/1.0.0-alpha.20240415.1 (.NET 7.0.18; Microsoft Windows 10.0.22631)",
        "x-ms-client-request-id": "9ad17ece-fcb6-6953-0c65-21b633265ef4",
        "x-ms-return-client-request-id": "true"
      },
      "RequestBody": null,
      "StatusCode": 200,
      "ResponseHeaders": {
        "client-request-id": "9ad17ece-fcb6-6953-0c65-21b633265ef4",
        "Content-Type": "application/json; odata=minimalmetadata",
        "DataServiceVersion": "3.0",
        "Date": "Tue, 16 Apr 2024 22:57:13 GMT",
        "request-id": "6271a9f3-f801-454d-9ad8-d690f06be6e6",
        "Server": "Microsoft-HTTPAPI/2.0",
        "Strict-Transport-Security": "max-age=31536000; includeSubDomains",
        "Transfer-Encoding": "chunked",
        "X-Content-Type-Options": "nosniff"
      },
      "ResponseBody": {
        "odata.metadata": "https://dotnotsdkbatchaccount1.eastus.batch.azure.com/$metadata#nodes",
        "value": [
          {
            "id": "tvmps_e90c1976b7eb15940217b839cb00bd0d21c5ecc749dd87bfb4f1394243ce76c3_d",
            "url": "https://dotnotsdkbatchaccount1.eastus.batch.azure.com/pools/wiboris-GetPoolNodeCounts/nodes/tvmps_e90c1976b7eb15940217b839cb00bd0d21c5ecc749dd87bfb4f1394243ce76c3_d",
            "state": "starting",
            "schedulingState": "enabled",
            "stateTransitionTime": "2024-04-16T22:57:01.9402673Z",
            "allocationTime": "2024-04-16T22:56:51.4894618Z",
            "ipAddress": "10.0.0.4",
            "affinityId": "TVM:tvmps_e90c1976b7eb15940217b839cb00bd0d21c5ecc749dd87bfb4f1394243ce76c3_d",
            "vmSize": "standard_d1_v2",
            "totalTasksRun": 0,
            "totalTasksSucceeded": 0,
            "runningTasksCount": 0,
            "runningTaskSlotsCount": 0,
            "isDedicated": true,
            "endpointConfiguration": {
              "inboundEndpoints": [
                {
                  "name": "SSHRule.0",
                  "protocol": "tcp",
                  "publicIPAddress": "57.151.28.148",
                  "publicFQDN": "dnsa68c8942-61e6-42b2-98da-56c49aa66244-azurebatch-cloudservice.eastus.cloudapp.azure.com",
                  "frontendPort": 50000,
                  "backendPort": 3389
                }
              ]
            },
            "virtualMachineInfo": {
              "imageReference": {
                "publisher": "MicrosoftWindowsServer",
                "offer": "WindowsServer",
                "sku": "2019-datacenter-smalldisk",
                "version": "latest",
                "exactVersion": "17763.5696.240406"
              }
            }
          }
        ]
      }
    },
    {
      "RequestUri": "https://dotnotsdkbatchaccount1.eastus.batch.azure.com/pools/wiboris-GetPoolNodeCounts/nodes?api-version=2024-02-01.19.0",
      "RequestMethod": "GET",
      "RequestHeaders": {
        "Accept": "application/json",
        "Authorization": "Sanitized",
        "client-request-id": "760a8f7b-60cd-e53e-223b-51acfd4d9bff",
        "return-client-request-id": "true",
        "traceparent": "00-818cdfe92add90ea77d7f7d69f11ed4f-ce6f9c5c25e1620c-00",
        "User-Agent": "azsdk-net-Compute.Batch/1.0.0-alpha.20240415.1 (.NET 7.0.18; Microsoft Windows 10.0.22631)",
        "x-ms-client-request-id": "760a8f7b-60cd-e53e-223b-51acfd4d9bff",
        "x-ms-return-client-request-id": "true"
      },
      "RequestBody": null,
      "StatusCode": 200,
      "ResponseHeaders": {
        "client-request-id": "760a8f7b-60cd-e53e-223b-51acfd4d9bff",
        "Content-Type": "application/json; odata=minimalmetadata",
        "DataServiceVersion": "3.0",
        "Date": "Tue, 16 Apr 2024 22:57:23 GMT",
        "request-id": "84e720b3-a239-4d4d-b0c4-63c7b176b943",
        "Server": "Microsoft-HTTPAPI/2.0",
        "Strict-Transport-Security": "max-age=31536000; includeSubDomains",
        "Transfer-Encoding": "chunked",
        "X-Content-Type-Options": "nosniff"
      },
      "ResponseBody": {
        "odata.metadata": "https://dotnotsdkbatchaccount1.eastus.batch.azure.com/$metadata#nodes",
        "value": [
          {
            "id": "tvmps_e90c1976b7eb15940217b839cb00bd0d21c5ecc749dd87bfb4f1394243ce76c3_d",
            "url": "https://dotnotsdkbatchaccount1.eastus.batch.azure.com/pools/wiboris-GetPoolNodeCounts/nodes/tvmps_e90c1976b7eb15940217b839cb00bd0d21c5ecc749dd87bfb4f1394243ce76c3_d",
            "state": "starting",
            "schedulingState": "enabled",
            "stateTransitionTime": "2024-04-16T22:57:01.9402673Z",
            "allocationTime": "2024-04-16T22:56:51.4894618Z",
            "ipAddress": "10.0.0.4",
            "affinityId": "TVM:tvmps_e90c1976b7eb15940217b839cb00bd0d21c5ecc749dd87bfb4f1394243ce76c3_d",
            "vmSize": "standard_d1_v2",
            "totalTasksRun": 0,
            "totalTasksSucceeded": 0,
            "runningTasksCount": 0,
            "runningTaskSlotsCount": 0,
            "isDedicated": true,
            "endpointConfiguration": {
              "inboundEndpoints": [
                {
                  "name": "SSHRule.0",
                  "protocol": "tcp",
                  "publicIPAddress": "57.151.28.148",
                  "publicFQDN": "dnsa68c8942-61e6-42b2-98da-56c49aa66244-azurebatch-cloudservice.eastus.cloudapp.azure.com",
                  "frontendPort": 50000,
                  "backendPort": 3389
                }
              ]
            },
            "virtualMachineInfo": {
              "imageReference": {
                "publisher": "MicrosoftWindowsServer",
                "offer": "WindowsServer",
                "sku": "2019-datacenter-smalldisk",
                "version": "latest",
                "exactVersion": "17763.5696.240406"
              }
            }
          }
        ]
      }
    },
    {
      "RequestUri": "https://dotnotsdkbatchaccount1.eastus.batch.azure.com/pools/wiboris-GetPoolNodeCounts/nodes?api-version=2024-02-01.19.0",
      "RequestMethod": "GET",
      "RequestHeaders": {
        "Accept": "application/json",
        "Authorization": "Sanitized",
        "client-request-id": "ad3f3923-9171-e903-1152-a0e436219005",
        "return-client-request-id": "true",
        "traceparent": "00-8f9a6fab3a0fcdf83a1c3cc79981ec83-b2ee3877dd3d10b7-00",
        "User-Agent": "azsdk-net-Compute.Batch/1.0.0-alpha.20240415.1 (.NET 7.0.18; Microsoft Windows 10.0.22631)",
        "x-ms-client-request-id": "ad3f3923-9171-e903-1152-a0e436219005",
        "x-ms-return-client-request-id": "true"
      },
      "RequestBody": null,
      "StatusCode": 200,
      "ResponseHeaders": {
        "client-request-id": "ad3f3923-9171-e903-1152-a0e436219005",
        "Content-Type": "application/json; odata=minimalmetadata",
        "DataServiceVersion": "3.0",
        "Date": "Tue, 16 Apr 2024 22:57:33 GMT",
        "request-id": "bdb479ba-aefe-4510-b4be-85804db31c7a",
        "Server": "Microsoft-HTTPAPI/2.0",
        "Strict-Transport-Security": "max-age=31536000; includeSubDomains",
        "Transfer-Encoding": "chunked",
        "X-Content-Type-Options": "nosniff"
      },
      "ResponseBody": {
        "odata.metadata": "https://dotnotsdkbatchaccount1.eastus.batch.azure.com/$metadata#nodes",
        "value": [
          {
            "id": "tvmps_e90c1976b7eb15940217b839cb00bd0d21c5ecc749dd87bfb4f1394243ce76c3_d",
            "url": "https://dotnotsdkbatchaccount1.eastus.batch.azure.com/pools/wiboris-GetPoolNodeCounts/nodes/tvmps_e90c1976b7eb15940217b839cb00bd0d21c5ecc749dd87bfb4f1394243ce76c3_d",
            "state": "starting",
            "schedulingState": "enabled",
            "stateTransitionTime": "2024-04-16T22:57:01.9402673Z",
            "allocationTime": "2024-04-16T22:56:51.4894618Z",
            "ipAddress": "10.0.0.4",
            "affinityId": "TVM:tvmps_e90c1976b7eb15940217b839cb00bd0d21c5ecc749dd87bfb4f1394243ce76c3_d",
            "vmSize": "standard_d1_v2",
            "totalTasksRun": 0,
            "totalTasksSucceeded": 0,
            "runningTasksCount": 0,
            "runningTaskSlotsCount": 0,
            "isDedicated": true,
            "endpointConfiguration": {
              "inboundEndpoints": [
                {
                  "name": "SSHRule.0",
                  "protocol": "tcp",
                  "publicIPAddress": "57.151.28.148",
                  "publicFQDN": "dnsa68c8942-61e6-42b2-98da-56c49aa66244-azurebatch-cloudservice.eastus.cloudapp.azure.com",
                  "frontendPort": 50000,
                  "backendPort": 3389
                }
              ]
            },
            "virtualMachineInfo": {
              "imageReference": {
                "publisher": "MicrosoftWindowsServer",
                "offer": "WindowsServer",
                "sku": "2019-datacenter-smalldisk",
                "version": "latest",
                "exactVersion": "17763.5696.240406"
              }
            }
          }
        ]
      }
    },
    {
      "RequestUri": "https://dotnotsdkbatchaccount1.eastus.batch.azure.com/pools/wiboris-GetPoolNodeCounts/nodes?api-version=2024-02-01.19.0",
      "RequestMethod": "GET",
      "RequestHeaders": {
        "Accept": "application/json",
        "Authorization": "Sanitized",
        "client-request-id": "d152602e-ca7b-6d7d-3feb-787aaaa66bbe",
        "return-client-request-id": "true",
        "traceparent": "00-375075da71445a2b807e9f056cd4a163-fafae2125d38970f-00",
        "User-Agent": "azsdk-net-Compute.Batch/1.0.0-alpha.20240415.1 (.NET 7.0.18; Microsoft Windows 10.0.22631)",
        "x-ms-client-request-id": "d152602e-ca7b-6d7d-3feb-787aaaa66bbe",
        "x-ms-return-client-request-id": "true"
      },
      "RequestBody": null,
      "StatusCode": 200,
      "ResponseHeaders": {
        "client-request-id": "d152602e-ca7b-6d7d-3feb-787aaaa66bbe",
        "Content-Type": "application/json; odata=minimalmetadata",
        "DataServiceVersion": "3.0",
        "Date": "Tue, 16 Apr 2024 22:57:43 GMT",
        "request-id": "6f39f347-939d-4e15-88fa-33d3052bc36c",
        "Server": "Microsoft-HTTPAPI/2.0",
        "Strict-Transport-Security": "max-age=31536000; includeSubDomains",
        "Transfer-Encoding": "chunked",
        "X-Content-Type-Options": "nosniff"
      },
      "ResponseBody": {
        "odata.metadata": "https://dotnotsdkbatchaccount1.eastus.batch.azure.com/$metadata#nodes",
        "value": [
          {
            "id": "tvmps_e90c1976b7eb15940217b839cb00bd0d21c5ecc749dd87bfb4f1394243ce76c3_d",
            "url": "https://dotnotsdkbatchaccount1.eastus.batch.azure.com/pools/wiboris-GetPoolNodeCounts/nodes/tvmps_e90c1976b7eb15940217b839cb00bd0d21c5ecc749dd87bfb4f1394243ce76c3_d",
            "state": "starting",
            "schedulingState": "enabled",
            "stateTransitionTime": "2024-04-16T22:57:01.9402673Z",
            "allocationTime": "2024-04-16T22:56:51.4894618Z",
            "ipAddress": "10.0.0.4",
            "affinityId": "TVM:tvmps_e90c1976b7eb15940217b839cb00bd0d21c5ecc749dd87bfb4f1394243ce76c3_d",
            "vmSize": "standard_d1_v2",
            "totalTasksRun": 0,
            "totalTasksSucceeded": 0,
            "runningTasksCount": 0,
            "runningTaskSlotsCount": 0,
            "isDedicated": true,
            "endpointConfiguration": {
              "inboundEndpoints": [
                {
                  "name": "SSHRule.0",
                  "protocol": "tcp",
                  "publicIPAddress": "57.151.28.148",
                  "publicFQDN": "dnsa68c8942-61e6-42b2-98da-56c49aa66244-azurebatch-cloudservice.eastus.cloudapp.azure.com",
                  "frontendPort": 50000,
                  "backendPort": 3389
                }
              ]
            },
            "virtualMachineInfo": {
              "imageReference": {
                "publisher": "MicrosoftWindowsServer",
                "offer": "WindowsServer",
                "sku": "2019-datacenter-smalldisk",
                "version": "latest",
                "exactVersion": "17763.5696.240406"
              }
            }
          }
        ]
      }
    },
    {
      "RequestUri": "https://dotnotsdkbatchaccount1.eastus.batch.azure.com/pools/wiboris-GetPoolNodeCounts/nodes?api-version=2024-02-01.19.0",
      "RequestMethod": "GET",
      "RequestHeaders": {
        "Accept": "application/json",
        "Authorization": "Sanitized",
        "client-request-id": "f99221c9-b0e7-ea83-8b21-657bbf5aaf00",
        "return-client-request-id": "true",
        "traceparent": "00-d05f583a014b554e8dea5d0531bcc787-53f39977f0a11054-00",
        "User-Agent": "azsdk-net-Compute.Batch/1.0.0-alpha.20240415.1 (.NET 7.0.18; Microsoft Windows 10.0.22631)",
        "x-ms-client-request-id": "f99221c9-b0e7-ea83-8b21-657bbf5aaf00",
        "x-ms-return-client-request-id": "true"
      },
      "RequestBody": null,
      "StatusCode": 200,
      "ResponseHeaders": {
        "client-request-id": "f99221c9-b0e7-ea83-8b21-657bbf5aaf00",
        "Content-Type": "application/json; odata=minimalmetadata",
        "DataServiceVersion": "3.0",
        "Date": "Tue, 16 Apr 2024 22:57:54 GMT",
        "request-id": "0f0785e3-d0a2-4a78-a3c6-17bba9914824",
        "Server": "Microsoft-HTTPAPI/2.0",
        "Strict-Transport-Security": "max-age=31536000; includeSubDomains",
        "Transfer-Encoding": "chunked",
        "X-Content-Type-Options": "nosniff"
      },
      "ResponseBody": {
        "odata.metadata": "https://dotnotsdkbatchaccount1.eastus.batch.azure.com/$metadata#nodes",
        "value": [
          {
            "id": "tvmps_e90c1976b7eb15940217b839cb00bd0d21c5ecc749dd87bfb4f1394243ce76c3_d",
            "url": "https://dotnotsdkbatchaccount1.eastus.batch.azure.com/pools/wiboris-GetPoolNodeCounts/nodes/tvmps_e90c1976b7eb15940217b839cb00bd0d21c5ecc749dd87bfb4f1394243ce76c3_d",
            "state": "starting",
            "schedulingState": "enabled",
            "stateTransitionTime": "2024-04-16T22:57:01.9402673Z",
            "allocationTime": "2024-04-16T22:56:51.4894618Z",
            "ipAddress": "10.0.0.4",
            "affinityId": "TVM:tvmps_e90c1976b7eb15940217b839cb00bd0d21c5ecc749dd87bfb4f1394243ce76c3_d",
            "vmSize": "standard_d1_v2",
            "totalTasksRun": 0,
            "totalTasksSucceeded": 0,
            "runningTasksCount": 0,
            "runningTaskSlotsCount": 0,
            "isDedicated": true,
            "endpointConfiguration": {
              "inboundEndpoints": [
                {
                  "name": "SSHRule.0",
                  "protocol": "tcp",
                  "publicIPAddress": "57.151.28.148",
                  "publicFQDN": "dnsa68c8942-61e6-42b2-98da-56c49aa66244-azurebatch-cloudservice.eastus.cloudapp.azure.com",
                  "frontendPort": 50000,
                  "backendPort": 3389
                }
              ]
            },
            "virtualMachineInfo": {
              "imageReference": {
                "publisher": "MicrosoftWindowsServer",
                "offer": "WindowsServer",
                "sku": "2019-datacenter-smalldisk",
                "version": "latest",
                "exactVersion": "17763.5696.240406"
              }
            }
          }
        ]
      }
    },
    {
      "RequestUri": "https://dotnotsdkbatchaccount1.eastus.batch.azure.com/pools/wiboris-GetPoolNodeCounts/nodes?api-version=2024-02-01.19.0",
      "RequestMethod": "GET",
      "RequestHeaders": {
        "Accept": "application/json",
        "Authorization": "Sanitized",
        "client-request-id": "9d7e4cab-cafb-5984-bcd2-6e8519893e6a",
        "return-client-request-id": "true",
        "traceparent": "00-bc92906e992e60b64fc6dab73f4e19d1-61b643451a75a456-00",
        "User-Agent": "azsdk-net-Compute.Batch/1.0.0-alpha.20240415.1 (.NET 7.0.18; Microsoft Windows 10.0.22631)",
        "x-ms-client-request-id": "9d7e4cab-cafb-5984-bcd2-6e8519893e6a",
        "x-ms-return-client-request-id": "true"
      },
      "RequestBody": null,
      "StatusCode": 200,
      "ResponseHeaders": {
        "client-request-id": "9d7e4cab-cafb-5984-bcd2-6e8519893e6a",
        "Content-Type": "application/json; odata=minimalmetadata",
        "DataServiceVersion": "3.0",
        "Date": "Tue, 16 Apr 2024 22:58:04 GMT",
        "request-id": "77d4f16e-90b8-47f5-a852-ffd265f83b92",
        "Server": "Microsoft-HTTPAPI/2.0",
        "Strict-Transport-Security": "max-age=31536000; includeSubDomains",
        "Transfer-Encoding": "chunked",
        "X-Content-Type-Options": "nosniff"
      },
      "ResponseBody": {
        "odata.metadata": "https://dotnotsdkbatchaccount1.eastus.batch.azure.com/$metadata#nodes",
        "value": [
          {
            "id": "tvmps_e90c1976b7eb15940217b839cb00bd0d21c5ecc749dd87bfb4f1394243ce76c3_d",
            "url": "https://dotnotsdkbatchaccount1.eastus.batch.azure.com/pools/wiboris-GetPoolNodeCounts/nodes/tvmps_e90c1976b7eb15940217b839cb00bd0d21c5ecc749dd87bfb4f1394243ce76c3_d",
            "state": "starting",
            "schedulingState": "enabled",
            "stateTransitionTime": "2024-04-16T22:57:01.9402673Z",
            "allocationTime": "2024-04-16T22:56:51.4894618Z",
            "ipAddress": "10.0.0.4",
            "affinityId": "TVM:tvmps_e90c1976b7eb15940217b839cb00bd0d21c5ecc749dd87bfb4f1394243ce76c3_d",
            "vmSize": "standard_d1_v2",
            "totalTasksRun": 0,
            "totalTasksSucceeded": 0,
            "runningTasksCount": 0,
            "runningTaskSlotsCount": 0,
            "isDedicated": true,
            "endpointConfiguration": {
              "inboundEndpoints": [
                {
                  "name": "SSHRule.0",
                  "protocol": "tcp",
                  "publicIPAddress": "57.151.28.148",
                  "publicFQDN": "dnsa68c8942-61e6-42b2-98da-56c49aa66244-azurebatch-cloudservice.eastus.cloudapp.azure.com",
                  "frontendPort": 50000,
                  "backendPort": 3389
                }
              ]
            },
            "virtualMachineInfo": {
              "imageReference": {
                "publisher": "MicrosoftWindowsServer",
                "offer": "WindowsServer",
                "sku": "2019-datacenter-smalldisk",
                "version": "latest",
                "exactVersion": "17763.5696.240406"
              }
            }
          }
        ]
      }
    },
    {
      "RequestUri": "https://dotnotsdkbatchaccount1.eastus.batch.azure.com/pools/wiboris-GetPoolNodeCounts/nodes?api-version=2024-02-01.19.0",
      "RequestMethod": "GET",
      "RequestHeaders": {
        "Accept": "application/json",
        "Authorization": "Sanitized",
        "client-request-id": "141ae1e7-968f-7d1e-dc67-45596502ade4",
        "return-client-request-id": "true",
        "traceparent": "00-3ea17c0be46d834803d2014dbf3d0e06-414db0685344f133-00",
        "User-Agent": "azsdk-net-Compute.Batch/1.0.0-alpha.20240415.1 (.NET 7.0.18; Microsoft Windows 10.0.22631)",
        "x-ms-client-request-id": "141ae1e7-968f-7d1e-dc67-45596502ade4",
        "x-ms-return-client-request-id": "true"
      },
      "RequestBody": null,
      "StatusCode": 200,
      "ResponseHeaders": {
        "client-request-id": "141ae1e7-968f-7d1e-dc67-45596502ade4",
        "Content-Type": "application/json; odata=minimalmetadata",
        "DataServiceVersion": "3.0",
        "Date": "Tue, 16 Apr 2024 22:58:14 GMT",
        "request-id": "380acc99-8d63-4592-a26f-75aaa9a40b87",
        "Server": "Microsoft-HTTPAPI/2.0",
        "Strict-Transport-Security": "max-age=31536000; includeSubDomains",
        "Transfer-Encoding": "chunked",
        "X-Content-Type-Options": "nosniff"
      },
      "ResponseBody": {
        "odata.metadata": "https://dotnotsdkbatchaccount1.eastus.batch.azure.com/$metadata#nodes",
        "value": [
          {
            "id": "tvmps_e90c1976b7eb15940217b839cb00bd0d21c5ecc749dd87bfb4f1394243ce76c3_d",
            "url": "https://dotnotsdkbatchaccount1.eastus.batch.azure.com/pools/wiboris-GetPoolNodeCounts/nodes/tvmps_e90c1976b7eb15940217b839cb00bd0d21c5ecc749dd87bfb4f1394243ce76c3_d",
            "state": "starting",
            "schedulingState": "enabled",
            "stateTransitionTime": "2024-04-16T22:57:01.9402673Z",
            "allocationTime": "2024-04-16T22:56:51.4894618Z",
            "ipAddress": "10.0.0.4",
            "affinityId": "TVM:tvmps_e90c1976b7eb15940217b839cb00bd0d21c5ecc749dd87bfb4f1394243ce76c3_d",
            "vmSize": "standard_d1_v2",
            "totalTasksRun": 0,
            "totalTasksSucceeded": 0,
            "runningTasksCount": 0,
            "runningTaskSlotsCount": 0,
            "isDedicated": true,
            "endpointConfiguration": {
              "inboundEndpoints": [
                {
                  "name": "SSHRule.0",
                  "protocol": "tcp",
                  "publicIPAddress": "57.151.28.148",
                  "publicFQDN": "dnsa68c8942-61e6-42b2-98da-56c49aa66244-azurebatch-cloudservice.eastus.cloudapp.azure.com",
                  "frontendPort": 50000,
                  "backendPort": 3389
                }
              ]
            },
            "virtualMachineInfo": {
              "imageReference": {
                "publisher": "MicrosoftWindowsServer",
                "offer": "WindowsServer",
                "sku": "2019-datacenter-smalldisk",
                "version": "latest",
                "exactVersion": "17763.5696.240406"
              }
            }
          }
        ]
      }
    },
    {
      "RequestUri": "https://dotnotsdkbatchaccount1.eastus.batch.azure.com/pools/wiboris-GetPoolNodeCounts/nodes?api-version=2024-02-01.19.0",
      "RequestMethod": "GET",
      "RequestHeaders": {
        "Accept": "application/json",
        "Authorization": "Sanitized",
        "client-request-id": "5ecf783c-cd27-fec3-9d39-3d1542fed002",
        "return-client-request-id": "true",
        "traceparent": "00-a6cee054e575d674d5e22c0e005baca4-2d5776023bac4589-00",
        "User-Agent": "azsdk-net-Compute.Batch/1.0.0-alpha.20240415.1 (.NET 7.0.18; Microsoft Windows 10.0.22631)",
        "x-ms-client-request-id": "5ecf783c-cd27-fec3-9d39-3d1542fed002",
        "x-ms-return-client-request-id": "true"
      },
      "RequestBody": null,
      "StatusCode": 200,
      "ResponseHeaders": {
        "client-request-id": "5ecf783c-cd27-fec3-9d39-3d1542fed002",
        "Content-Type": "application/json; odata=minimalmetadata",
        "DataServiceVersion": "3.0",
        "Date": "Tue, 16 Apr 2024 22:58:24 GMT",
        "request-id": "90b9cfc5-ab54-48d6-89ee-f17b90fcf710",
        "Server": "Microsoft-HTTPAPI/2.0",
        "Strict-Transport-Security": "max-age=31536000; includeSubDomains",
        "Transfer-Encoding": "chunked",
        "X-Content-Type-Options": "nosniff"
      },
      "ResponseBody": {
        "odata.metadata": "https://dotnotsdkbatchaccount1.eastus.batch.azure.com/$metadata#nodes",
        "value": [
          {
            "id": "tvmps_e90c1976b7eb15940217b839cb00bd0d21c5ecc749dd87bfb4f1394243ce76c3_d",
            "url": "https://dotnotsdkbatchaccount1.eastus.batch.azure.com/pools/wiboris-GetPoolNodeCounts/nodes/tvmps_e90c1976b7eb15940217b839cb00bd0d21c5ecc749dd87bfb4f1394243ce76c3_d",
            "state": "starting",
            "schedulingState": "enabled",
            "stateTransitionTime": "2024-04-16T22:57:01.9402673Z",
            "allocationTime": "2024-04-16T22:56:51.4894618Z",
            "ipAddress": "10.0.0.4",
            "affinityId": "TVM:tvmps_e90c1976b7eb15940217b839cb00bd0d21c5ecc749dd87bfb4f1394243ce76c3_d",
            "vmSize": "standard_d1_v2",
            "totalTasksRun": 0,
            "totalTasksSucceeded": 0,
            "runningTasksCount": 0,
            "runningTaskSlotsCount": 0,
            "isDedicated": true,
            "endpointConfiguration": {
              "inboundEndpoints": [
                {
                  "name": "SSHRule.0",
                  "protocol": "tcp",
                  "publicIPAddress": "57.151.28.148",
                  "publicFQDN": "dnsa68c8942-61e6-42b2-98da-56c49aa66244-azurebatch-cloudservice.eastus.cloudapp.azure.com",
                  "frontendPort": 50000,
                  "backendPort": 3389
                }
              ]
            },
            "virtualMachineInfo": {
              "imageReference": {
                "publisher": "MicrosoftWindowsServer",
                "offer": "WindowsServer",
                "sku": "2019-datacenter-smalldisk",
                "version": "latest",
                "exactVersion": "17763.5696.240406"
              }
            }
          }
        ]
      }
    },
    {
      "RequestUri": "https://dotnotsdkbatchaccount1.eastus.batch.azure.com/pools/wiboris-GetPoolNodeCounts/nodes?api-version=2024-02-01.19.0",
      "RequestMethod": "GET",
      "RequestHeaders": {
        "Accept": "application/json",
        "Authorization": "Sanitized",
        "client-request-id": "dd93fae2-9b3f-1571-2d01-c093842af3b9",
        "return-client-request-id": "true",
        "traceparent": "00-e7259cedf0288554f0bbb17fc3c790fb-4c6fbfc30449063c-00",
        "User-Agent": "azsdk-net-Compute.Batch/1.0.0-alpha.20240415.1 (.NET 7.0.18; Microsoft Windows 10.0.22631)",
        "x-ms-client-request-id": "dd93fae2-9b3f-1571-2d01-c093842af3b9",
        "x-ms-return-client-request-id": "true"
      },
      "RequestBody": null,
      "StatusCode": 200,
      "ResponseHeaders": {
        "client-request-id": "dd93fae2-9b3f-1571-2d01-c093842af3b9",
        "Content-Type": "application/json; odata=minimalmetadata",
        "DataServiceVersion": "3.0",
        "Date": "Tue, 16 Apr 2024 22:58:34 GMT",
        "request-id": "7a4eff01-b420-4ecb-8b37-5201fc3bb4c1",
        "Server": "Microsoft-HTTPAPI/2.0",
        "Strict-Transport-Security": "max-age=31536000; includeSubDomains",
        "Transfer-Encoding": "chunked",
        "X-Content-Type-Options": "nosniff"
      },
      "ResponseBody": {
        "odata.metadata": "https://dotnotsdkbatchaccount1.eastus.batch.azure.com/$metadata#nodes",
        "value": [
          {
            "id": "tvmps_e90c1976b7eb15940217b839cb00bd0d21c5ecc749dd87bfb4f1394243ce76c3_d",
            "url": "https://dotnotsdkbatchaccount1.eastus.batch.azure.com/pools/wiboris-GetPoolNodeCounts/nodes/tvmps_e90c1976b7eb15940217b839cb00bd0d21c5ecc749dd87bfb4f1394243ce76c3_d",
            "state": "starting",
            "schedulingState": "enabled",
            "stateTransitionTime": "2024-04-16T22:57:01.9402673Z",
            "allocationTime": "2024-04-16T22:56:51.4894618Z",
            "ipAddress": "10.0.0.4",
            "affinityId": "TVM:tvmps_e90c1976b7eb15940217b839cb00bd0d21c5ecc749dd87bfb4f1394243ce76c3_d",
            "vmSize": "standard_d1_v2",
            "totalTasksRun": 0,
            "totalTasksSucceeded": 0,
            "runningTasksCount": 0,
            "runningTaskSlotsCount": 0,
            "isDedicated": true,
            "endpointConfiguration": {
              "inboundEndpoints": [
                {
                  "name": "SSHRule.0",
                  "protocol": "tcp",
                  "publicIPAddress": "57.151.28.148",
                  "publicFQDN": "dnsa68c8942-61e6-42b2-98da-56c49aa66244-azurebatch-cloudservice.eastus.cloudapp.azure.com",
                  "frontendPort": 50000,
                  "backendPort": 3389
                }
              ]
            },
            "virtualMachineInfo": {
              "imageReference": {
                "publisher": "MicrosoftWindowsServer",
                "offer": "WindowsServer",
                "sku": "2019-datacenter-smalldisk",
                "version": "latest",
                "exactVersion": "17763.5696.240406"
              }
            }
          }
        ]
      }
    },
    {
      "RequestUri": "https://dotnotsdkbatchaccount1.eastus.batch.azure.com/pools/wiboris-GetPoolNodeCounts/nodes?api-version=2024-02-01.19.0",
      "RequestMethod": "GET",
      "RequestHeaders": {
        "Accept": "application/json",
        "Authorization": "Sanitized",
        "client-request-id": "a0488924-e0b9-1942-1e1c-765558093bde",
        "return-client-request-id": "true",
        "traceparent": "00-961aa119298f32dafd7d6016e583c348-442b2bb86281807a-00",
        "User-Agent": "azsdk-net-Compute.Batch/1.0.0-alpha.20240415.1 (.NET 7.0.18; Microsoft Windows 10.0.22631)",
        "x-ms-client-request-id": "a0488924-e0b9-1942-1e1c-765558093bde",
        "x-ms-return-client-request-id": "true"
      },
      "RequestBody": null,
      "StatusCode": 200,
      "ResponseHeaders": {
        "client-request-id": "a0488924-e0b9-1942-1e1c-765558093bde",
        "Content-Type": "application/json; odata=minimalmetadata",
        "DataServiceVersion": "3.0",
        "Date": "Tue, 16 Apr 2024 22:58:44 GMT",
        "request-id": "7adbfc79-435c-46a5-a07c-841806df305c",
        "Server": "Microsoft-HTTPAPI/2.0",
        "Strict-Transport-Security": "max-age=31536000; includeSubDomains",
        "Transfer-Encoding": "chunked",
        "X-Content-Type-Options": "nosniff"
      },
      "ResponseBody": {
        "odata.metadata": "https://dotnotsdkbatchaccount1.eastus.batch.azure.com/$metadata#nodes",
        "value": [
          {
            "id": "tvmps_e90c1976b7eb15940217b839cb00bd0d21c5ecc749dd87bfb4f1394243ce76c3_d",
            "url": "https://dotnotsdkbatchaccount1.eastus.batch.azure.com/pools/wiboris-GetPoolNodeCounts/nodes/tvmps_e90c1976b7eb15940217b839cb00bd0d21c5ecc749dd87bfb4f1394243ce76c3_d",
            "state": "starting",
            "schedulingState": "enabled",
            "stateTransitionTime": "2024-04-16T22:57:01.9402673Z",
            "allocationTime": "2024-04-16T22:56:51.4894618Z",
            "ipAddress": "10.0.0.4",
            "affinityId": "TVM:tvmps_e90c1976b7eb15940217b839cb00bd0d21c5ecc749dd87bfb4f1394243ce76c3_d",
            "vmSize": "standard_d1_v2",
            "totalTasksRun": 0,
            "totalTasksSucceeded": 0,
            "runningTasksCount": 0,
            "runningTaskSlotsCount": 0,
            "isDedicated": true,
            "endpointConfiguration": {
              "inboundEndpoints": [
                {
                  "name": "SSHRule.0",
                  "protocol": "tcp",
                  "publicIPAddress": "57.151.28.148",
                  "publicFQDN": "dnsa68c8942-61e6-42b2-98da-56c49aa66244-azurebatch-cloudservice.eastus.cloudapp.azure.com",
                  "frontendPort": 50000,
                  "backendPort": 3389
                }
              ]
            },
            "virtualMachineInfo": {
              "imageReference": {
                "publisher": "MicrosoftWindowsServer",
                "offer": "WindowsServer",
                "sku": "2019-datacenter-smalldisk",
                "version": "latest",
                "exactVersion": "17763.5696.240406"
              }
            }
          }
        ]
      }
    },
    {
      "RequestUri": "https://dotnotsdkbatchaccount1.eastus.batch.azure.com/pools/wiboris-GetPoolNodeCounts/nodes?api-version=2024-02-01.19.0",
      "RequestMethod": "GET",
      "RequestHeaders": {
        "Accept": "application/json",
        "Authorization": "Sanitized",
        "client-request-id": "6a774397-cf6e-a1a4-06ba-30260d2f7a72",
        "return-client-request-id": "true",
        "traceparent": "00-13f7c56097454e891e6c4d76caf91212-4427c781ca1e12c5-00",
        "User-Agent": "azsdk-net-Compute.Batch/1.0.0-alpha.20240415.1 (.NET 7.0.18; Microsoft Windows 10.0.22631)",
        "x-ms-client-request-id": "6a774397-cf6e-a1a4-06ba-30260d2f7a72",
        "x-ms-return-client-request-id": "true"
      },
      "RequestBody": null,
      "StatusCode": 200,
      "ResponseHeaders": {
        "client-request-id": "6a774397-cf6e-a1a4-06ba-30260d2f7a72",
        "Content-Type": "application/json; odata=minimalmetadata",
        "DataServiceVersion": "3.0",
        "Date": "Tue, 16 Apr 2024 22:58:55 GMT",
        "request-id": "5c81529c-f420-473c-8cfb-ac6494dcd684",
        "Server": "Microsoft-HTTPAPI/2.0",
        "Strict-Transport-Security": "max-age=31536000; includeSubDomains",
        "Transfer-Encoding": "chunked",
        "X-Content-Type-Options": "nosniff"
      },
      "ResponseBody": {
        "odata.metadata": "https://dotnotsdkbatchaccount1.eastus.batch.azure.com/$metadata#nodes",
        "value": [
          {
            "id": "tvmps_e90c1976b7eb15940217b839cb00bd0d21c5ecc749dd87bfb4f1394243ce76c3_d",
            "url": "https://dotnotsdkbatchaccount1.eastus.batch.azure.com/pools/wiboris-GetPoolNodeCounts/nodes/tvmps_e90c1976b7eb15940217b839cb00bd0d21c5ecc749dd87bfb4f1394243ce76c3_d",
            "state": "starting",
            "schedulingState": "enabled",
            "stateTransitionTime": "2024-04-16T22:57:01.9402673Z",
            "allocationTime": "2024-04-16T22:56:51.4894618Z",
            "ipAddress": "10.0.0.4",
            "affinityId": "TVM:tvmps_e90c1976b7eb15940217b839cb00bd0d21c5ecc749dd87bfb4f1394243ce76c3_d",
            "vmSize": "standard_d1_v2",
            "totalTasksRun": 0,
            "totalTasksSucceeded": 0,
            "runningTasksCount": 0,
            "runningTaskSlotsCount": 0,
            "isDedicated": true,
            "endpointConfiguration": {
              "inboundEndpoints": [
                {
                  "name": "SSHRule.0",
                  "protocol": "tcp",
                  "publicIPAddress": "57.151.28.148",
                  "publicFQDN": "dnsa68c8942-61e6-42b2-98da-56c49aa66244-azurebatch-cloudservice.eastus.cloudapp.azure.com",
                  "frontendPort": 50000,
                  "backendPort": 3389
                }
              ]
            },
            "virtualMachineInfo": {
              "imageReference": {
                "publisher": "MicrosoftWindowsServer",
                "offer": "WindowsServer",
                "sku": "2019-datacenter-smalldisk",
                "version": "latest",
                "exactVersion": "17763.5696.240406"
              }
            }
          }
        ]
      }
    },
    {
      "RequestUri": "https://dotnotsdkbatchaccount1.eastus.batch.azure.com/pools/wiboris-GetPoolNodeCounts/nodes?api-version=2024-02-01.19.0",
      "RequestMethod": "GET",
      "RequestHeaders": {
        "Accept": "application/json",
        "Authorization": "Sanitized",
        "client-request-id": "b8f08445-2fb5-0148-b77a-bf23241bbc24",
        "return-client-request-id": "true",
        "traceparent": "00-0595b60c966876636d5a6f81e771fc97-06e0b518251f12aa-00",
        "User-Agent": "azsdk-net-Compute.Batch/1.0.0-alpha.20240415.1 (.NET 7.0.18; Microsoft Windows 10.0.22631)",
        "x-ms-client-request-id": "b8f08445-2fb5-0148-b77a-bf23241bbc24",
        "x-ms-return-client-request-id": "true"
      },
      "RequestBody": null,
      "StatusCode": 200,
      "ResponseHeaders": {
        "client-request-id": "b8f08445-2fb5-0148-b77a-bf23241bbc24",
        "Content-Type": "application/json; odata=minimalmetadata",
        "DataServiceVersion": "3.0",
        "Date": "Tue, 16 Apr 2024 22:59:05 GMT",
        "request-id": "1d9a5461-4856-4b54-8b4f-2e69b8ccc3fd",
        "Server": "Microsoft-HTTPAPI/2.0",
        "Strict-Transport-Security": "max-age=31536000; includeSubDomains",
        "Transfer-Encoding": "chunked",
        "X-Content-Type-Options": "nosniff"
      },
      "ResponseBody": {
        "odata.metadata": "https://dotnotsdkbatchaccount1.eastus.batch.azure.com/$metadata#nodes",
        "value": [
          {
            "id": "tvmps_e90c1976b7eb15940217b839cb00bd0d21c5ecc749dd87bfb4f1394243ce76c3_d",
            "url": "https://dotnotsdkbatchaccount1.eastus.batch.azure.com/pools/wiboris-GetPoolNodeCounts/nodes/tvmps_e90c1976b7eb15940217b839cb00bd0d21c5ecc749dd87bfb4f1394243ce76c3_d",
            "state": "starting",
            "schedulingState": "enabled",
            "stateTransitionTime": "2024-04-16T22:57:01.9402673Z",
            "allocationTime": "2024-04-16T22:56:51.4894618Z",
            "ipAddress": "10.0.0.4",
            "affinityId": "TVM:tvmps_e90c1976b7eb15940217b839cb00bd0d21c5ecc749dd87bfb4f1394243ce76c3_d",
            "vmSize": "standard_d1_v2",
            "totalTasksRun": 0,
            "totalTasksSucceeded": 0,
            "runningTasksCount": 0,
            "runningTaskSlotsCount": 0,
            "isDedicated": true,
            "endpointConfiguration": {
              "inboundEndpoints": [
                {
                  "name": "SSHRule.0",
                  "protocol": "tcp",
                  "publicIPAddress": "57.151.28.148",
                  "publicFQDN": "dnsa68c8942-61e6-42b2-98da-56c49aa66244-azurebatch-cloudservice.eastus.cloudapp.azure.com",
                  "frontendPort": 50000,
                  "backendPort": 3389
                }
              ]
            },
            "virtualMachineInfo": {
              "imageReference": {
                "publisher": "MicrosoftWindowsServer",
                "offer": "WindowsServer",
                "sku": "2019-datacenter-smalldisk",
                "version": "latest",
                "exactVersion": "17763.5696.240406"
              }
            }
          }
        ]
      }
    },
    {
      "RequestUri": "https://dotnotsdkbatchaccount1.eastus.batch.azure.com/pools/wiboris-GetPoolNodeCounts/nodes?api-version=2024-02-01.19.0",
      "RequestMethod": "GET",
      "RequestHeaders": {
        "Accept": "application/json",
        "Authorization": "Sanitized",
        "client-request-id": "41fce2c6-89b3-544a-e4a7-9affb01c0cef",
        "return-client-request-id": "true",
        "traceparent": "00-53a628f11c1bb96a564038160fb1ffd6-df237d00a957e88c-00",
        "User-Agent": "azsdk-net-Compute.Batch/1.0.0-alpha.20240415.1 (.NET 7.0.18; Microsoft Windows 10.0.22631)",
        "x-ms-client-request-id": "41fce2c6-89b3-544a-e4a7-9affb01c0cef",
        "x-ms-return-client-request-id": "true"
      },
      "RequestBody": null,
      "StatusCode": 200,
      "ResponseHeaders": {
        "client-request-id": "41fce2c6-89b3-544a-e4a7-9affb01c0cef",
        "Content-Type": "application/json; odata=minimalmetadata",
        "DataServiceVersion": "3.0",
        "Date": "Tue, 16 Apr 2024 22:59:15 GMT",
        "request-id": "1f56fe8e-4a4a-44ae-a286-20f56fb1e3ca",
        "Server": "Microsoft-HTTPAPI/2.0",
        "Strict-Transport-Security": "max-age=31536000; includeSubDomains",
        "Transfer-Encoding": "chunked",
        "X-Content-Type-Options": "nosniff"
      },
      "ResponseBody": {
        "odata.metadata": "https://dotnotsdkbatchaccount1.eastus.batch.azure.com/$metadata#nodes",
        "value": [
          {
            "id": "tvmps_e90c1976b7eb15940217b839cb00bd0d21c5ecc749dd87bfb4f1394243ce76c3_d",
            "url": "https://dotnotsdkbatchaccount1.eastus.batch.azure.com/pools/wiboris-GetPoolNodeCounts/nodes/tvmps_e90c1976b7eb15940217b839cb00bd0d21c5ecc749dd87bfb4f1394243ce76c3_d",
            "state": "idle",
            "schedulingState": "enabled",
            "stateTransitionTime": "2024-04-16T22:59:15.807965Z",
            "lastBootTime": "2024-04-16T22:59:08.34904Z",
            "allocationTime": "2024-04-16T22:56:51.4894618Z",
            "ipAddress": "10.0.0.4",
            "affinityId": "TVM:tvmps_e90c1976b7eb15940217b839cb00bd0d21c5ecc749dd87bfb4f1394243ce76c3_d",
            "vmSize": "standard_d1_v2",
            "totalTasksRun": 0,
            "totalTasksSucceeded": 0,
            "runningTasksCount": 0,
            "runningTaskSlotsCount": 0,
            "certificateReferences": [],
            "isDedicated": true,
            "endpointConfiguration": {
              "inboundEndpoints": [
                {
                  "name": "SSHRule.0",
                  "protocol": "tcp",
                  "publicIPAddress": "57.151.28.148",
                  "publicFQDN": "dnsa68c8942-61e6-42b2-98da-56c49aa66244-azurebatch-cloudservice.eastus.cloudapp.azure.com",
                  "frontendPort": 50000,
                  "backendPort": 3389
                }
              ]
            },
            "nodeAgentInfo": {
              "lastUpdateTime": "2024-04-16T22:59:08.34904Z",
              "version": "1.11.10"
            },
            "virtualMachineInfo": {
              "imageReference": {
                "publisher": "MicrosoftWindowsServer",
                "offer": "WindowsServer",
                "sku": "2019-datacenter-smalldisk",
                "version": "latest",
                "exactVersion": "17763.5696.240406"
              }
            }
          }
        ]
      }
    },
    {
      "RequestUri": "https://dotnotsdkbatchaccount1.eastus.batch.azure.com/nodecounts?api-version=2024-02-01.19.0",
      "RequestMethod": "GET",
      "RequestHeaders": {
        "Accept": "application/json",
        "Authorization": "Sanitized",
        "client-request-id": "d41004a1-8218-6729-fa75-b2f410817deb",
        "return-client-request-id": "true",
        "traceparent": "00-8d387184520054f869e3b01a15ff9bfa-b86abaf4a04c1652-00",
        "User-Agent": "azsdk-net-Compute.Batch/1.0.0-alpha.20240415.1 (.NET 7.0.18; Microsoft Windows 10.0.22631)",
        "x-ms-client-request-id": "d41004a1-8218-6729-fa75-b2f410817deb",
        "x-ms-return-client-request-id": "true"
      },
      "RequestBody": null,
      "StatusCode": 200,
      "ResponseHeaders": {
        "client-request-id": "d41004a1-8218-6729-fa75-b2f410817deb",
        "Content-Type": "application/json; odata=minimalmetadata",
        "DataServiceVersion": "3.0",
        "Date": "Tue, 16 Apr 2024 22:59:15 GMT",
        "request-id": "2ad0e142-29b6-4e8d-99f9-10a09cbfe578",
        "Server": "Microsoft-HTTPAPI/2.0",
        "Strict-Transport-Security": "max-age=31536000; includeSubDomains",
        "Transfer-Encoding": "chunked",
        "X-Content-Type-Options": "nosniff"
      },
      "ResponseBody": {
        "odata.metadata": "https://dotnotsdkbatchaccount1.eastus.batch.azure.com/$metadata#poolnodecounts",
        "value": [
          {
            "poolId": "pool1",
            "dedicated": {
              "creating": 0,
              "idle": 0,
              "leavingPool": 0,
              "offline": 0,
              "preempted": 0,
              "rebooting": 0,
              "reimaging": 0,
              "running": 0,
              "starting": 0,
              "startTaskFailed": 0,
              "unusable": 0,
              "unknown": 0,
              "upgradingOS": 0,
              "waitingForStartTask": 0,
              "total": 0
            },
            "lowPriority": {
              "creating": 0,
              "idle": 0,
              "leavingPool": 0,
              "offline": 0,
              "preempted": 0,
              "rebooting": 0,
              "reimaging": 0,
              "running": 0,
              "starting": 0,
              "startTaskFailed": 0,
              "unusable": 0,
              "unknown": 0,
              "upgradingOS": 0,
              "waitingForStartTask": 0,
              "total": 0
            }
          },
          {
            "poolId": "wiboris-GetPoolNodeCounts",
            "dedicated": {
              "creating": 0,
              "idle": 1,
              "leavingPool": 0,
              "offline": 0,
              "preempted": 0,
              "rebooting": 0,
              "reimaging": 0,
              "running": 0,
              "starting": 0,
              "startTaskFailed": 0,
              "unusable": 0,
              "unknown": 0,
              "upgradingOS": 0,
              "waitingForStartTask": 0,
              "total": 1
            },
            "lowPriority": {
              "creating": 0,
              "idle": 0,
              "leavingPool": 0,
              "offline": 0,
              "preempted": 0,
              "rebooting": 0,
              "reimaging": 0,
              "running": 0,
              "starting": 0,
              "startTaskFailed": 0,
              "unusable": 0,
              "unknown": 0,
              "upgradingOS": 0,
              "waitingForStartTask": 0,
              "total": 0
            }
          }
        ]
      }
    },
    {
      "RequestUri": "https://dotnotsdkbatchaccount1.eastus.batch.azure.com/pools/wiboris-GetPoolNodeCounts?api-version=2024-02-01.19.0",
      "RequestMethod": "DELETE",
      "RequestHeaders": {
        "Accept": "application/json",
        "Authorization": "Sanitized",
        "client-request-id": "2a5f0bfd-3832-bcbf-3a9c-d30e9548519b",
        "return-client-request-id": "true",
        "traceparent": "00-f0b9e4a8d3849b9ae80f879881c865e1-eef03b2c2c1719be-00",
        "User-Agent": "azsdk-net-Compute.Batch/1.0.0-alpha.20240415.1 (.NET 7.0.18; Microsoft Windows 10.0.22631)",
        "x-ms-client-request-id": "2a5f0bfd-3832-bcbf-3a9c-d30e9548519b",
        "x-ms-return-client-request-id": "true"
      },
      "RequestBody": null,
      "StatusCode": 202,
      "ResponseHeaders": {
        "client-request-id": "2a5f0bfd-3832-bcbf-3a9c-d30e9548519b",
        "DataServiceVersion": "3.0",
        "Date": "Tue, 16 Apr 2024 22:59:15 GMT",
        "request-id": "64f0a295-4437-4bb1-a9db-b346c3285d93",
        "Server": "Microsoft-HTTPAPI/2.0",
        "Strict-Transport-Security": "max-age=31536000; includeSubDomains",
        "Transfer-Encoding": "chunked",
        "X-Content-Type-Options": "nosniff"
      },
      "ResponseBody": null
    }
  ],
  "Variables": {
    "AZURE_AUTHORITY_HOST": "https://login.microsoftonline.com",
    "batch_account_uri": "dotnotsdkbatchaccount1.eastus.batch.azure.com",
    "RandomSeed": "394115921"
  }
}
