{
  "Entries": [
    {
      "RequestUri": "https://dotnotsdkbatchaccount1.eastus.batch.azure.com/pools?api-version=2024-02-01.19.0",
      "RequestMethod": "GET",
      "RequestHeaders": {
        "Accept": "application/json",
        "Authorization": "Sanitized",
        "client-request-id": "a52c1b63-68c5-8d6a-bfa8-b00a4a81a6b0",
        "return-client-request-id": "true",
        "User-Agent": "azsdk-net-Compute.Batch/1.0.0-alpha.20240417.1 (.NET 7.0.18; Microsoft Windows 10.0.22631)",
        "x-ms-client-request-id": "a52c1b63-68c5-8d6a-bfa8-b00a4a81a6b0",
        "x-ms-return-client-request-id": "true"
      },
      "RequestBody": null,
      "StatusCode": 200,
      "ResponseHeaders": {
        "client-request-id": "a52c1b63-68c5-8d6a-bfa8-b00a4a81a6b0",
        "Content-Type": "application/json; odata=minimalmetadata",
        "DataServiceVersion": "3.0",
        "Date": "Wed, 17 Apr 2024 23:22:08 GMT",
        "request-id": "1f776bb4-a0ac-4395-8806-e160c8e6ece7",
        "Server": "Microsoft-HTTPAPI/2.0",
        "Strict-Transport-Security": "max-age=31536000; includeSubDomains",
        "Transfer-Encoding": "chunked",
        "X-Content-Type-Options": "nosniff"
      },
      "ResponseBody": {
        "odata.metadata": "https://dotnotsdkbatchaccount1.eastus.batch.azure.com/$metadata#pools",
        "value": [
          {
            "id": "pool1",
            "url": "https://dotnotsdkbatchaccount1.eastus.batch.azure.com/pools/pool1",
            "eTag": "0x8DC54FB214AAA2A",
            "lastModified": "2024-04-04T23:01:15.1833642Z",
            "creationTime": "2024-03-29T23:26:40.140628Z",
            "state": "active",
            "stateTransitionTime": "2024-03-29T23:26:40.140628Z",
            "allocationState": "steady",
            "allocationStateTransitionTime": "2024-04-04T23:03:34.1091773Z",
            "vmSize": "standard_d2s_v3",
            "resizeTimeout": "PT15M",
            "currentDedicatedNodes": 0,
            "targetDedicatedNodes": 0,
            "currentLowPriorityNodes": 0,
            "targetLowPriorityNodes": 0,
            "enableAutoScale": false,
            "enableInterNodeCommunication": false,
            "taskSlotsPerNode": 1,
            "taskSchedulingPolicy": {
              "nodeFillType": "Pack"
            },
            "virtualMachineConfiguration": {
              "imageReference": {
                "publisher": "canonical",
                "offer": "0001-com-ubuntu-server-jammy",
                "sku": "22_04-lts",
                "version": "latest"
              },
              "osDisk": {
                "ephemeralOSDiskSettings": {},
                "managedDisk": {
                  "storageAccountType": "premium_lrs"
                },
                "caching": "None"
              },
              "nodeAgentSKUId": "batch.node.ubuntu 22.04",
              "nodePlacementConfiguration": {
                "policy": "Regional"
              }
            },
            "networkConfiguration": {
              "dynamicVNetAssignmentScope": "none",
              "publicIPAddressConfiguration": {
                "provision": "BatchManaged"
              },
              "enableAcceleratedNetworking": false
            },
            "targetNodeCommunicationMode": "default"
          }
        ]
      }
    },
    {
      "RequestUri": "https://dotnotsdkbatchaccount1.eastus.batch.azure.com/pools?api-version=2024-02-01.19.0",
      "RequestMethod": "POST",
      "RequestHeaders": {
        "Accept": "application/json",
        "Authorization": "Sanitized",
        "client-request-id": "bc2fc7d5-9dd9-579f-0982-cf957ccbc965",
        "Content-Length": "287",
        "Content-Type": "application/json; odata=minimalmetadata",
        "return-client-request-id": "true",
        "traceparent": "00-0ca15efbffdba2a03c1ef5d820646945-1091b510bf538142-00",
        "User-Agent": "azsdk-net-Compute.Batch/1.0.0-alpha.20240417.1 (.NET 7.0.18; Microsoft Windows 10.0.22631)",
        "x-ms-client-request-id": "bc2fc7d5-9dd9-579f-0982-cf957ccbc965",
        "x-ms-return-client-request-id": "true"
      },
      "RequestBody": {
        "id": "wiboris-PoolExists",
        "vmSize": "STANDARD_D1_v2",
        "virtualMachineConfiguration": {
          "imageReference": {
            "publisher": "MicrosoftWindowsServer",
            "offer": "WindowsServer",
            "sku": "2019-datacenter-smalldisk",
            "version": "latest"
          },
          "nodeAgentSKUId": "batch.node.windows amd64"
        },
        "targetDedicatedNodes": 0
      },
      "StatusCode": 201,
      "ResponseHeaders": {
        "client-request-id": "bc2fc7d5-9dd9-579f-0982-cf957ccbc965",
        "DataServiceId": "https://dotnotsdkbatchaccount1.eastus.batch.azure.com/pools/wiboris-PoolExists",
        "DataServiceVersion": "3.0",
        "Date": "Wed, 17 Apr 2024 23:22:08 GMT",
        "ETag": "0x8DC5F35345D25BD",
        "Last-Modified": "Wed, 17 Apr 2024 23:22:09 GMT",
        "Location": "https://dotnotsdkbatchaccount1.eastus.batch.azure.com/pools/wiboris-PoolExists",
        "request-id": "98686eef-10c3-488e-bb62-c6d65a50372e",
        "Server": "Microsoft-HTTPAPI/2.0",
        "Strict-Transport-Security": "max-age=31536000; includeSubDomains",
        "Transfer-Encoding": "chunked",
        "X-Content-Type-Options": "nosniff"
      },
      "ResponseBody": null
    },
    {
      "RequestUri": "https://dotnotsdkbatchaccount1.eastus.batch.azure.com/pools/wiboris-PoolExists?api-version=2024-02-01.19.0",
      "RequestMethod": "GET",
      "RequestHeaders": {
        "Accept": "application/json",
        "Authorization": "Sanitized",
        "client-request-id": "c557f5d0-8009-6a30-2987-8b570bb6477b",
        "return-client-request-id": "true",
        "traceparent": "00-3326e2180d3e75c4acbff0b2e9c1d23f-b174cf7c120fc125-00",
        "User-Agent": "azsdk-net-Compute.Batch/1.0.0-alpha.20240417.1 (.NET 7.0.18; Microsoft Windows 10.0.22631)",
        "x-ms-client-request-id": "c557f5d0-8009-6a30-2987-8b570bb6477b",
        "x-ms-return-client-request-id": "true"
      },
      "RequestBody": null,
      "StatusCode": 200,
      "ResponseHeaders": {
        "client-request-id": "c557f5d0-8009-6a30-2987-8b570bb6477b",
        "Content-Type": "application/json; odata=minimalmetadata",
        "DataServiceVersion": "3.0",
        "Date": "Wed, 17 Apr 2024 23:22:08 GMT",
        "ETag": "0x8DC5F35345D25BD",
        "Last-Modified": "Wed, 17 Apr 2024 23:22:09 GMT",
        "request-id": "3b8b2203-74a2-42fe-b31e-85792369d814",
        "Server": "Microsoft-HTTPAPI/2.0",
        "Strict-Transport-Security": "max-age=31536000; includeSubDomains",
        "Transfer-Encoding": "chunked",
        "X-Content-Type-Options": "nosniff"
      },
      "ResponseBody": {
        "odata.metadata": "https://dotnotsdkbatchaccount1.eastus.batch.azure.com/$metadata#pools/@Element",
        "id": "wiboris-PoolExists",
        "url": "https://dotnotsdkbatchaccount1.eastus.batch.azure.com/pools/wiboris-PoolExists",
        "eTag": "0x8DC5F35345D25BD",
        "lastModified": "2024-04-17T23:22:09.6192957Z",
        "creationTime": "2024-04-17T23:22:09.6192946Z",
        "state": "active",
        "stateTransitionTime": "2024-04-17T23:22:09.6192946Z",
        "allocationState": "resizing",
        "allocationStateTransitionTime": "2024-04-17T23:22:09.6192957Z",
        "vmSize": "standard_d1_v2",
        "resizeTimeout": "PT15M",
        "currentDedicatedNodes": 0,
        "targetDedicatedNodes": 0,
        "currentLowPriorityNodes": 0,
        "targetLowPriorityNodes": 0,
        "enableAutoScale": false,
        "enableInterNodeCommunication": false,
        "taskSlotsPerNode": 1,
        "taskSchedulingPolicy": {
          "nodeFillType": "Spread"
        },
        "virtualMachineConfiguration": {
          "imageReference": {
            "publisher": "MicrosoftWindowsServer",
            "offer": "WindowsServer",
            "sku": "2019-datacenter-smalldisk",
            "version": "latest"
          },
          "nodeAgentSKUId": "batch.node.windows amd64"
        }
      }
    },
    {
      "RequestUri": "https://dotnotsdkbatchaccount1.eastus.batch.azure.com/pools/wiboris-PoolExists?api-version=2024-02-01.19.0",
      "RequestMethod": "GET",
      "RequestHeaders": {
        "Accept": "application/json",
        "Authorization": "Sanitized",
        "client-request-id": "3bfe57b9-41d3-c576-7bd4-9b4399d410f3",
        "return-client-request-id": "true",
        "traceparent": "00-86d8d000ecc754fb47372ae103009b3c-c0ea6a1b65bc5761-00",
        "User-Agent": "azsdk-net-Compute.Batch/1.0.0-alpha.20240417.1 (.NET 7.0.18; Microsoft Windows 10.0.22631)",
        "x-ms-client-request-id": "3bfe57b9-41d3-c576-7bd4-9b4399d410f3",
        "x-ms-return-client-request-id": "true"
      },
      "RequestBody": null,
      "StatusCode": 200,
      "ResponseHeaders": {
        "client-request-id": "3bfe57b9-41d3-c576-7bd4-9b4399d410f3",
        "Content-Type": "application/json; odata=minimalmetadata",
        "DataServiceVersion": "3.0",
        "Date": "Wed, 17 Apr 2024 23:22:09 GMT",
        "ETag": "0x8DC5F35345D25BD",
        "Last-Modified": "Wed, 17 Apr 2024 23:22:09 GMT",
        "request-id": "78e789ab-6bbc-43ef-8894-091677e7620a",
        "Server": "Microsoft-HTTPAPI/2.0",
        "Strict-Transport-Security": "max-age=31536000; includeSubDomains",
        "Transfer-Encoding": "chunked",
        "X-Content-Type-Options": "nosniff"
      },
      "ResponseBody": {
        "odata.metadata": "https://dotnotsdkbatchaccount1.eastus.batch.azure.com/$metadata#pools/@Element",
        "id": "wiboris-PoolExists",
        "url": "https://dotnotsdkbatchaccount1.eastus.batch.azure.com/pools/wiboris-PoolExists",
        "eTag": "0x8DC5F35345D25BD",
        "lastModified": "2024-04-17T23:22:09.6192957Z",
        "creationTime": "2024-04-17T23:22:09.6192946Z",
        "state": "active",
        "stateTransitionTime": "2024-04-17T23:22:09.6192946Z",
        "allocationState": "resizing",
        "allocationStateTransitionTime": "2024-04-17T23:22:09.6192957Z",
        "vmSize": "standard_d1_v2",
        "resizeTimeout": "PT15M",
        "currentDedicatedNodes": 0,
        "targetDedicatedNodes": 0,
        "currentLowPriorityNodes": 0,
        "targetLowPriorityNodes": 0,
        "enableAutoScale": false,
        "enableInterNodeCommunication": false,
        "taskSlotsPerNode": 1,
        "taskSchedulingPolicy": {
          "nodeFillType": "Spread"
        },
        "virtualMachineConfiguration": {
          "imageReference": {
            "publisher": "MicrosoftWindowsServer",
            "offer": "WindowsServer",
            "sku": "2019-datacenter-smalldisk",
            "version": "latest"
          },
          "nodeAgentSKUId": "batch.node.windows amd64"
        }
      }
    },
    {
      "RequestUri": "https://dotnotsdkbatchaccount1.eastus.batch.azure.com/pools/wiboris-PoolExists?api-version=2024-02-01.19.0",
      "RequestMethod": "GET",
      "RequestHeaders": {
        "Accept": "application/json",
        "Authorization": "Sanitized",
        "client-request-id": "543a4bdf-e02a-55a7-97c5-935111474c52",
        "return-client-request-id": "true",
        "traceparent": "00-71813ba9cd715efb70c3c693d2575638-fa58a20a6c5a3e01-00",
        "User-Agent": "azsdk-net-Compute.Batch/1.0.0-alpha.20240417.1 (.NET 7.0.18; Microsoft Windows 10.0.22631)",
        "x-ms-client-request-id": "543a4bdf-e02a-55a7-97c5-935111474c52",
        "x-ms-return-client-request-id": "true"
      },
      "RequestBody": null,
      "StatusCode": 200,
      "ResponseHeaders": {
        "client-request-id": "543a4bdf-e02a-55a7-97c5-935111474c52",
        "Content-Type": "application/json; odata=minimalmetadata",
        "DataServiceVersion": "3.0",
        "Date": "Wed, 17 Apr 2024 23:22:18 GMT",
        "ETag": "0x8DC5F35345D25BD",
        "Last-Modified": "Wed, 17 Apr 2024 23:22:09 GMT",
        "request-id": "db6753cc-9d4d-4c99-8688-2834cb919269",
        "Server": "Microsoft-HTTPAPI/2.0",
        "Strict-Transport-Security": "max-age=31536000; includeSubDomains",
        "Transfer-Encoding": "chunked",
        "X-Content-Type-Options": "nosniff"
      },
      "ResponseBody": {
        "odata.metadata": "https://dotnotsdkbatchaccount1.eastus.batch.azure.com/$metadata#pools/@Element",
        "id": "wiboris-PoolExists",
        "url": "https://dotnotsdkbatchaccount1.eastus.batch.azure.com/pools/wiboris-PoolExists",
        "eTag": "0x8DC5F35345D25BD",
        "lastModified": "2024-04-17T23:22:09.6192957Z",
        "creationTime": "2024-04-17T23:22:09.6192946Z",
        "state": "active",
        "stateTransitionTime": "2024-04-17T23:22:09.6192946Z",
        "allocationState": "steady",
        "allocationStateTransitionTime": "2024-04-17T23:22:10.850902Z",
        "vmSize": "standard_d1_v2",
        "resizeTimeout": "PT15M",
        "currentDedicatedNodes": 0,
        "targetDedicatedNodes": 0,
        "currentLowPriorityNodes": 0,
        "targetLowPriorityNodes": 0,
        "enableAutoScale": false,
        "enableInterNodeCommunication": false,
        "taskSlotsPerNode": 1,
        "taskSchedulingPolicy": {
          "nodeFillType": "Spread"
        },
        "virtualMachineConfiguration": {
          "imageReference": {
            "publisher": "MicrosoftWindowsServer",
            "offer": "WindowsServer",
            "sku": "2019-datacenter-smalldisk",
            "version": "latest"
          },
          "nodeAgentSKUId": "batch.node.windows amd64"
        }
      }
    },
    {
      "RequestUri": "https://dotnotsdkbatchaccount1.eastus.batch.azure.com/pools/wiboris-PoolExists/nodes?api-version=2024-02-01.19.0",
      "RequestMethod": "GET",
      "RequestHeaders": {
        "Accept": "application/json",
        "Authorization": "Sanitized",
        "client-request-id": "25dc533a-8dcd-8e92-7f91-4934e4ecd054",
        "return-client-request-id": "true",
        "User-Agent": "azsdk-net-Compute.Batch/1.0.0-alpha.20240417.1 (.NET 7.0.18; Microsoft Windows 10.0.22631)",
        "x-ms-client-request-id": "25dc533a-8dcd-8e92-7f91-4934e4ecd054",
        "x-ms-return-client-request-id": "true"
      },
      "RequestBody": null,
      "StatusCode": 200,
      "ResponseHeaders": {
        "client-request-id": "25dc533a-8dcd-8e92-7f91-4934e4ecd054",
        "Content-Type": "application/json; odata=minimalmetadata",
        "DataServiceVersion": "3.0",
        "Date": "Wed, 17 Apr 2024 23:22:19 GMT",
        "request-id": "252862a4-f7e2-4cee-a94e-407fafff5ce1",
        "Server": "Microsoft-HTTPAPI/2.0",
        "Strict-Transport-Security": "max-age=31536000; includeSubDomains",
        "Transfer-Encoding": "chunked",
        "X-Content-Type-Options": "nosniff"
      },
      "ResponseBody": {
        "odata.metadata": "https://dotnotsdkbatchaccount1.eastus.batch.azure.com/$metadata#nodes",
        "value": []
      }
    },
    {
      "RequestUri": "https://dotnotsdkbatchaccount1.eastus.batch.azure.com/pools/wiboris-PoolExists?api-version=2024-02-01.19.0",
      "RequestMethod": "HEAD",
      "RequestHeaders": {
        "Accept": "application/json",
        "Authorization": "Sanitized",
        "client-request-id": "c0779777-f27c-d851-afa9-a40dae24b433",
        "return-client-request-id": "true",
        "traceparent": "00-88d2a7a4789722d6c1022f762d9c38e0-ab1dafe7186c8d45-00",
        "User-Agent": "azsdk-net-Compute.Batch/1.0.0-alpha.20240417.1 (.NET 7.0.18; Microsoft Windows 10.0.22631)",
        "x-ms-client-request-id": "c0779777-f27c-d851-afa9-a40dae24b433",
        "x-ms-return-client-request-id": "true"
      },
      "RequestBody": null,
      "StatusCode": 200,
      "ResponseHeaders": {
        "client-request-id": "c0779777-f27c-d851-afa9-a40dae24b433",
        "DataServiceVersion": "3.0",
        "Date": "Wed, 17 Apr 2024 23:22:19 GMT",
        "ETag": "0x8DC5F35345D25BD",
        "Last-Modified": "Wed, 17 Apr 2024 23:22:09 GMT",
        "request-id": "ec55d126-d9c1-4527-952d-f3d5bd2e19f6",
        "Server": "Microsoft-HTTPAPI/2.0",
        "Strict-Transport-Security": "max-age=31536000; includeSubDomains",
        "Transfer-Encoding": "chunked",
        "X-Content-Type-Options": "nosniff"
      },
      "ResponseBody": null
    },
    {
      "RequestUri": "https://dotnotsdkbatchaccount1.eastus.batch.azure.com/pools/fakepool?api-version=2024-02-01.19.0",
      "RequestMethod": "HEAD",
      "RequestHeaders": {
        "Accept": "application/json",
        "Authorization": "Sanitized",
        "client-request-id": "45084988-ebf8-5126-b9ab-d598977270aa",
        "return-client-request-id": "true",
        "traceparent": "00-deac1072b1a7d5f69ed49d3ce5bbc301-430015ea5ed0ca95-00",
        "User-Agent": "azsdk-net-Compute.Batch/1.0.0-alpha.20240417.1 (.NET 7.0.18; Microsoft Windows 10.0.22631)",
        "x-ms-client-request-id": "45084988-ebf8-5126-b9ab-d598977270aa",
        "x-ms-return-client-request-id": "true"
      },
      "RequestBody": null,
      "StatusCode": 404,
      "ResponseHeaders": {
        "client-request-id": "45084988-ebf8-5126-b9ab-d598977270aa",
        "DataServiceVersion": "3.0",
        "Date": "Wed, 17 Apr 2024 23:22:19 GMT",
        "request-id": "7e1e177e-6796-4d58-83ad-bebe685d7b7f",
        "Server": "Microsoft-HTTPAPI/2.0",
        "Strict-Transport-Security": "max-age=31536000; includeSubDomains",
        "Transfer-Encoding": "chunked",
        "X-Content-Type-Options": "nosniff"
      },
      "ResponseBody": null
    },
    {
      "RequestUri": "https://dotnotsdkbatchaccount1.eastus.batch.azure.com/pools/wiboris-PoolExists?api-version=2024-02-01.19.0",
      "RequestMethod": "DELETE",
      "RequestHeaders": {
        "Accept": "application/json",
        "Authorization": "Sanitized",
        "client-request-id": "79da3ef4-8ccf-48d6-0203-7523e984df5a",
        "return-client-request-id": "true",
        "traceparent": "00-488a22d81f55900a8683f39a4f458b00-32a8315448692178-00",
        "User-Agent": "azsdk-net-Compute.Batch/1.0.0-alpha.20240417.1 (.NET 7.0.18; Microsoft Windows 10.0.22631)",
        "x-ms-client-request-id": "79da3ef4-8ccf-48d6-0203-7523e984df5a",
        "x-ms-return-client-request-id": "true"
      },
      "RequestBody": null,
      "StatusCode": 202,
      "ResponseHeaders": {
        "client-request-id": "79da3ef4-8ccf-48d6-0203-7523e984df5a",
        "DataServiceVersion": "3.0",
        "Date": "Wed, 17 Apr 2024 23:22:19 GMT",
        "request-id": "70883807-3a37-4a93-8541-dbedb3a6dd9c",
        "Server": "Microsoft-HTTPAPI/2.0",
        "Strict-Transport-Security": "max-age=31536000; includeSubDomains",
        "Transfer-Encoding": "chunked",
        "X-Content-Type-Options": "nosniff"
      },
      "ResponseBody": null
    }
  ],
  "Variables": {
    "AZURE_AUTHORITY_HOST": "https://login.microsoftonline.com",
    "batch_account_uri": "dotnotsdkbatchaccount1.eastus.batch.azure.com",
    "RandomSeed": "1642594909"
  }
}
