{
  "Entries": [
    {
      "RequestUri": "https://management.azure.com/subscriptions/00000000-0000-0000-0000-000000000/resourceGroups/00000/providers/Microsoft.MachineLearningServices/workspaces/00000-ws/connections/e2etest_wps_conn_test_489267309559?api-version=2023-06-01-preview",
      "RequestMethod": "PUT",
      "RequestHeaders": {
        "Accept": "application/json",
        "Accept-Encoding": "gzip, deflate",
        "Connection": "keep-alive",
        "Content-Length": "206",
        "Content-Type": "application/json",
        "User-Agent": "azure-ai-ml/1.12.0 azsdk-python-mgmt-machinelearningservices/0.1.0 Python/3.10.2 (Linux-5.10.102.1-microsoft-standard-WSL2-x86_64-with-glibc2.31)"
      },
      "RequestBody": {
        "properties": {
          "authType": "ApiKey",
          "category": "AzureOpenAi",
          "metadata": {
            "hello": "world",
            "ApiVersion": "some_version",
            "ApiType": "some_type"
          },
          "target": "dummy",
          "credentials": {
            "key": "dGhpcyBpcyBmYWtlIGtleQ=="
          }
        }
      },
      "StatusCode": 200,
      "ResponseHeaders": {
        "Cache-Control": "no-cache",
        "Content-Encoding": "gzip",
        "Content-Type": "application/json; charset=utf-8",
        "Date": "Tue, 24 Oct 2023 01:47:42 GMT",
        "Expires": "-1",
        "Pragma": "no-cache",
        "Request-Context": "appId=cid-v1:2d2e8e63-272e-4b3c-8598-4ee570a0e70d",
        "Strict-Transport-Security": "max-age=31536000; includeSubDomains",
        "Transfer-Encoding": "chunked",
        "Vary": [
          "Accept-Encoding",
          "Accept-Encoding"
        ],
        "x-aml-cluster": "vienna-eastus2-01",
        "X-Content-Type-Options": "nosniff",
        "x-ms-correlation-request-id": "22248237-d24f-42bc-8013-077451544892",
        "x-ms-ratelimit-remaining-subscription-writes": "1187",
        "x-ms-response-type": "standard",
        "x-ms-routing-request-id": "CANADACENTRAL:20231024T014743Z:22248237-d24f-42bc-8013-077451544892",
        "x-request-time": "0.285"
      },
      "ResponseBody": {
        "tags": null,
        "location": null,
        "id": "/subscriptions/00000000-0000-0000-0000-000000000/resourceGroups/00000/providers/Microsoft.MachineLearningServices/workspaces/00000-ws/connections/e2etest_wps_conn_test_489267309559",
        "name": "e2etest_wps_conn_test_489267309559",
        "type": "Microsoft.MachineLearningServices/workspaces/connections",
        "properties": {
          "authType": "ApiKey",
          "credentials": null,
          "group": "AzureAI",
          "category": "AzureOpenAI",
          "expiryTime": null,
          "target": "dummy",
          "createdByWorkspaceArmId": "/subscriptions/00000000-0000-0000-0000-000000000/resourceGroups/00000/providers/Microsoft.MachineLearningServices/workspaces/00000-ws",
          "isSharedToAll": false,
          "sharedUserList": [],
          "metadata": {
            "hello": "world",
            "ApiVersion": "some_version",
            "ApiType": "some_type"
          }
        },
        "systemData": {
          "createdAt": "2023-10-24T01:47:42.7757386Z",
          "createdBy": "milesholland@microsoft.com",
          "createdByType": "User",
          "lastModifiedAt": "2023-10-24T01:47:42.7757386Z",
          "lastModifiedBy": "milesholland@microsoft.com",
          "lastModifiedByType": "User"
        }
      }
    },
    {
      "RequestUri": "https://management.azure.com/subscriptions/00000000-0000-0000-0000-000000000/resourceGroups/00000/providers/Microsoft.MachineLearningServices/workspaces/00000-ws/connections/e2etest_wps_conn_test_489267309559?api-version=2023-06-01-preview",
      "RequestMethod": "DELETE",
      "RequestHeaders": {
        "Accept": "application/json",
        "Accept-Encoding": "gzip, deflate",
        "Connection": "keep-alive",
        "Content-Length": "0",
        "User-Agent": "azure-ai-ml/1.12.0 azsdk-python-mgmt-machinelearningservices/0.1.0 Python/3.10.2 (Linux-5.10.102.1-microsoft-standard-WSL2-x86_64-with-glibc2.31)"
      },
      "RequestBody": null,
      "StatusCode": 200,
      "ResponseHeaders": {
        "Cache-Control": "no-cache",
        "Content-Length": "0",
        "Date": "Tue, 24 Oct 2023 01:47:42 GMT",
        "Expires": "-1",
        "Pragma": "no-cache",
        "Request-Context": "appId=cid-v1:2d2e8e63-272e-4b3c-8598-4ee570a0e70d",
        "Strict-Transport-Security": "max-age=31536000; includeSubDomains",
        "x-aml-cluster": "vienna-eastus2-01",
        "X-Content-Type-Options": "nosniff",
        "x-ms-correlation-request-id": "fa7f4d7a-919e-4db2-bb6a-23a403e4673c",
        "x-ms-ratelimit-remaining-subscription-deletes": "14993",
        "x-ms-response-type": "standard",
        "x-ms-routing-request-id": "CANADACENTRAL:20231024T014743Z:fa7f4d7a-919e-4db2-bb6a-23a403e4673c",
        "x-request-time": "0.159"
      },
      "ResponseBody": null
    },
    {
      "RequestUri": "https://management.azure.com/subscriptions/00000000-0000-0000-0000-000000000/resourceGroups/00000/providers/Microsoft.MachineLearningServices/workspaces/00000-ws/connections/e2etest_wps_conn_test_489267309559?api-version=2023-06-01-preview",
      "RequestMethod": "GET",
      "RequestHeaders": {
        "Accept": "application/json",
        "Accept-Encoding": "gzip, deflate",
        "Connection": "keep-alive",
        "User-Agent": "azure-ai-ml/1.12.0 azsdk-python-mgmt-machinelearningservices/0.1.0 Python/3.10.2 (Linux-5.10.102.1-microsoft-standard-WSL2-x86_64-with-glibc2.31)"
      },
      "RequestBody": null,
      "StatusCode": 404,
      "ResponseHeaders": {
        "Cache-Control": "no-cache",
        "Content-Length": "710",
        "Content-Type": "application/json; charset=utf-8",
        "Date": "Tue, 24 Oct 2023 01:47:43 GMT",
        "Expires": "-1",
        "Pragma": "no-cache",
        "Request-Context": "appId=cid-v1:2d2e8e63-272e-4b3c-8598-4ee570a0e70d",
        "Strict-Transport-Security": "max-age=31536000; includeSubDomains",
        "Vary": "Accept-Encoding",
        "x-aml-cluster": "vienna-eastus2-01",
        "X-Content-Type-Options": "nosniff",
        "x-ms-correlation-request-id": "a66212a1-b1da-46eb-9d6e-286bb56b053f",
        "x-ms-ratelimit-remaining-subscription-reads": "11981",
        "x-ms-response-type": "error",
        "x-ms-routing-request-id": "CANADACENTRAL:20231024T014743Z:a66212a1-b1da-46eb-9d6e-286bb56b053f",
        "x-request-time": "0.041"
      },
      "ResponseBody": {
        "error": {
          "code": "UserError",
          "severity": null,
          "message": "Connection e2etest_wps_conn_test_489267309559 can\u0027t be found in this workspace",
          "messageFormat": null,
          "messageParameters": null,
          "referenceCode": null,
          "detailsUri": null,
          "target": null,
          "details": [],
          "innerError": {
            "code": "NotFoundError",
            "innerError": null
          },
          "debugInfo": null,
          "additionalInfo": null
        },
        "correlation": {
          "operation": "a663fb5f2ad0fa857ec421fc44e4362d",
          "request": "6b35eea741e0fece"
        },
        "environment": "eastus2",
        "location": "eastus2",
        "time": "2023-10-24T01:47:43.5998643\u002B00:00",
        "componentName": "account-rp",
        "statusCode": 404
      }
    },
    {
      "RequestUri": "https://management.azure.com/subscriptions/00000000-0000-0000-0000-000000000/resourceGroups/00000/providers/Microsoft.MachineLearningServices/workspaces/00000-ws/connections?category=S3\u0026api-version=2023-06-01-preview",
      "RequestMethod": "GET",
      "RequestHeaders": {
        "Accept": "application/json",
        "Accept-Encoding": "gzip, deflate",
        "Connection": "keep-alive",
        "User-Agent": "azure-ai-ml/1.12.0 azsdk-python-mgmt-machinelearningservices/0.1.0 Python/3.10.2 (Linux-5.10.102.1-microsoft-standard-WSL2-x86_64-with-glibc2.31)"
      },
      "RequestBody": null,
      "StatusCode": 200,
      "ResponseHeaders": {
        "Cache-Control": "no-cache",
        "Content-Encoding": "gzip",
        "Content-Type": "application/json; charset=utf-8",
        "Date": "Tue, 24 Oct 2023 01:47:43 GMT",
        "Expires": "-1",
        "Pragma": "no-cache",
        "Request-Context": "appId=cid-v1:2d2e8e63-272e-4b3c-8598-4ee570a0e70d",
        "Strict-Transport-Security": "max-age=31536000; includeSubDomains",
        "Transfer-Encoding": "chunked",
        "Vary": "Accept-Encoding",
        "x-aml-cluster": "vienna-eastus2-01",
        "X-Content-Type-Options": "nosniff",
        "x-ms-correlation-request-id": "09ae2859-d1ea-438d-8d2e-3df6d3d28b3d",
        "x-ms-ratelimit-remaining-subscription-reads": "11980",
        "x-ms-response-type": "standard",
        "x-ms-routing-request-id": "CANADACENTRAL:20231024T014743Z:09ae2859-d1ea-438d-8d2e-3df6d3d28b3d",
        "x-request-time": "0.025"
      },
      "ResponseBody": {
        "value": []
      }
    }
  ],
  "Variables": {
    "wps_connection_name": "test_489267309559"
  }
}
