{
  "Entries": [
    {
      "RequestUri": "https://management.azure.com/subscriptions/00000000-0000-0000-0000-000000000/resourceGroups/00000/providers/Microsoft.MachineLearningServices/workspaces/00000/connections/e2etest_wps_conn_test_205882116252?api-version=2023-06-01-preview",
      "RequestMethod": "PUT",
      "RequestHeaders": {
        "Accept": "application/json",
        "Accept-Encoding": "gzip, deflate",
        "Connection": "keep-alive",
        "Content-Length": "163",
        "Content-Type": "application/json",
        "User-Agent": "azure-ai-ml/1.12.0 azsdk-python-mgmt-machinelearningservices/0.1.0 Python/3.10.2 (Linux-5.10.102.1-microsoft-standard-WSL2-x86_64-with-glibc2.31)"
      },
      "RequestBody": {
        "properties": {
          "authType": "AccessKey",
          "category": "S3",
          "metadata": {},
          "target": "dummy",
          "credentials": {
            "accessKeyId": "dummy",
            "secretAccessKey": "dummy"
          }
        }
      },
      "StatusCode": 200,
      "ResponseHeaders": {
        "Cache-Control": "no-cache",
        "Content-Encoding": "gzip",
        "Content-Type": "application/json; charset=utf-8",
        "Date": "Fri, 03 Nov 2023 18:18:02 GMT",
        "Expires": "-1",
        "Pragma": "no-cache",
        "Request-Context": "appId=cid-v1:2d2e8e63-272e-4b3c-8598-4ee570a0e70d",
        "Strict-Transport-Security": "max-age=31536000; includeSubDomains",
        "Transfer-Encoding": "chunked",
        "Vary": [
          "Accept-Encoding",
          "Accept-Encoding"
        ],
        "x-aml-cluster": "vienna-eastus-01",
        "X-Content-Type-Options": "nosniff",
        "x-ms-correlation-request-id": "fad640f4-4c3b-456c-8725-bbf8ea56756b",
        "x-ms-ratelimit-remaining-subscription-writes": "1189",
        "x-ms-response-type": "standard",
        "x-ms-routing-request-id": "CANADACENTRAL:20231103T181802Z:fad640f4-4c3b-456c-8725-bbf8ea56756b",
        "x-request-time": "0.206"
      },
      "ResponseBody": {
        "tags": null,
        "location": null,
        "id": "/subscriptions/00000000-0000-0000-0000-000000000/resourceGroups/00000/providers/Microsoft.MachineLearningServices/workspaces/00000/connections/e2etest_wps_conn_test_205882116252",
        "name": "e2etest_wps_conn_test_205882116252",
        "type": "Microsoft.MachineLearningServices/workspaces/connections",
        "properties": {
          "authType": "AccessKey",
          "credentials": null,
          "group": "File",
          "category": "S3",
          "expiryTime": null,
          "target": "dummy",
          "createdByWorkspaceArmId": "/subscriptions/00000000-0000-0000-0000-000000000/resourceGroups/00000/providers/Microsoft.MachineLearningServices/workspaces/00000",
          "isSharedToAll": false,
          "sharedUserList": [],
          "metadata": {}
        },
        "systemData": {
          "createdAt": "2023-11-03T18:18:02.1777198Z",
          "createdBy": "milesholland@microsoft.com",
          "createdByType": "User",
          "lastModifiedAt": "2023-11-03T18:18:02.1777198Z",
          "lastModifiedBy": "milesholland@microsoft.com",
          "lastModifiedByType": "User"
        }
      }
    },
    {
      "RequestUri": "https://management.azure.com/subscriptions/00000000-0000-0000-0000-000000000/resourceGroups/00000/providers/Microsoft.MachineLearningServices/workspaces/00000/connections/e2etest_wps_conn_test_205882116252?api-version=2023-06-01-preview",
      "RequestMethod": "PUT",
      "RequestHeaders": {
        "Accept": "application/json",
        "Accept-Encoding": "gzip, deflate",
        "Connection": "keep-alive",
        "Content-Length": "163",
        "Content-Type": "application/json",
        "User-Agent": "azure-ai-ml/1.12.0 azsdk-python-mgmt-machinelearningservices/0.1.0 Python/3.10.2 (Linux-5.10.102.1-microsoft-standard-WSL2-x86_64-with-glibc2.31)"
      },
      "RequestBody": {
        "properties": {
          "authType": "AccessKey",
          "category": "S3",
          "metadata": {},
          "target": "dummy",
          "credentials": {
            "accessKeyId": "dummy",
            "secretAccessKey": "dummy"
          }
        }
      },
      "StatusCode": 200,
      "ResponseHeaders": {
        "Cache-Control": "no-cache",
        "Content-Encoding": "gzip",
        "Content-Type": "application/json; charset=utf-8",
        "Date": "Fri, 03 Nov 2023 18:18:02 GMT",
        "Expires": "-1",
        "Pragma": "no-cache",
        "Request-Context": "appId=cid-v1:2d2e8e63-272e-4b3c-8598-4ee570a0e70d",
        "Strict-Transport-Security": "max-age=31536000; includeSubDomains",
        "Transfer-Encoding": "chunked",
        "Vary": [
          "Accept-Encoding",
          "Accept-Encoding"
        ],
        "x-aml-cluster": "vienna-eastus-01",
        "X-Content-Type-Options": "nosniff",
        "x-ms-correlation-request-id": "29c8e1b3-b9e0-4db7-9bba-8f9d7ab445bd",
        "x-ms-ratelimit-remaining-subscription-writes": "1188",
        "x-ms-response-type": "standard",
        "x-ms-routing-request-id": "CANADACENTRAL:20231103T181802Z:29c8e1b3-b9e0-4db7-9bba-8f9d7ab445bd",
        "x-request-time": "0.268"
      },
      "ResponseBody": {
        "tags": null,
        "location": null,
        "id": "/subscriptions/00000000-0000-0000-0000-000000000/resourceGroups/00000/providers/Microsoft.MachineLearningServices/workspaces/00000/connections/e2etest_wps_conn_test_205882116252",
        "name": "e2etest_wps_conn_test_205882116252",
        "type": "Microsoft.MachineLearningServices/workspaces/connections",
        "properties": {
          "authType": "AccessKey",
          "credentials": null,
          "group": "File",
          "category": "S3",
          "expiryTime": null,
          "target": "dummy",
          "createdByWorkspaceArmId": "/subscriptions/00000000-0000-0000-0000-000000000/resourceGroups/00000/providers/Microsoft.MachineLearningServices/workspaces/00000",
          "isSharedToAll": false,
          "sharedUserList": [],
          "metadata": {}
        },
        "systemData": {
          "createdAt": "2023-11-03T18:18:02.6152229Z",
          "createdBy": "milesholland@microsoft.com",
          "createdByType": "User",
          "lastModifiedAt": "2023-11-03T18:18:02.6152229Z",
          "lastModifiedBy": "milesholland@microsoft.com",
          "lastModifiedByType": "User"
        }
      }
    },
    {
      "RequestUri": "https://management.azure.com/subscriptions/00000000-0000-0000-0000-000000000/resourceGroups/00000/providers/Microsoft.MachineLearningServices/workspaces/00000/connections/e2etest_wps_conn_test_205882116252?api-version=2023-06-01-preview",
      "RequestMethod": "GET",
      "RequestHeaders": {
        "Accept": "application/json",
        "Accept-Encoding": "gzip, deflate",
        "Connection": "keep-alive",
        "User-Agent": "azure-ai-ml/1.12.0 azsdk-python-mgmt-machinelearningservices/0.1.0 Python/3.10.2 (Linux-5.10.102.1-microsoft-standard-WSL2-x86_64-with-glibc2.31)"
      },
      "RequestBody": null,
      "StatusCode": 200,
      "ResponseHeaders": {
        "Cache-Control": "no-cache",
        "Content-Encoding": "gzip",
        "Content-Type": "application/json; charset=utf-8",
        "Date": "Fri, 03 Nov 2023 18:18:02 GMT",
        "Expires": "-1",
        "Pragma": "no-cache",
        "Request-Context": "appId=cid-v1:2d2e8e63-272e-4b3c-8598-4ee570a0e70d",
        "Strict-Transport-Security": "max-age=31536000; includeSubDomains",
        "Transfer-Encoding": "chunked",
        "Vary": [
          "Accept-Encoding",
          "Accept-Encoding"
        ],
        "x-aml-cluster": "vienna-eastus-01",
        "X-Content-Type-Options": "nosniff",
        "x-ms-correlation-request-id": "a9dba0ff-17f0-4126-87b3-510407285a5b",
        "x-ms-ratelimit-remaining-subscription-reads": "11984",
        "x-ms-response-type": "standard",
        "x-ms-routing-request-id": "CANADACENTRAL:20231103T181803Z:a9dba0ff-17f0-4126-87b3-510407285a5b",
        "x-request-time": "0.041"
      },
      "ResponseBody": {
        "tags": null,
        "location": null,
        "id": "/subscriptions/00000000-0000-0000-0000-000000000/resourceGroups/00000/providers/Microsoft.MachineLearningServices/workspaces/00000/connections/e2etest_wps_conn_test_205882116252",
        "name": "e2etest_wps_conn_test_205882116252",
        "type": "Microsoft.MachineLearningServices/workspaces/connections",
        "properties": {
          "authType": "AccessKey",
          "credentials": null,
          "group": "File",
          "category": "S3",
          "expiryTime": null,
          "target": "dummy",
          "createdByWorkspaceArmId": "/subscriptions/00000000-0000-0000-0000-000000000/resourceGroups/00000/providers/Microsoft.MachineLearningServices/workspaces/00000",
          "isSharedToAll": false,
          "sharedUserList": [],
          "metadata": {}
        },
        "systemData": {
          "createdAt": "2023-11-03T18:18:02.6152229Z",
          "createdBy": "milesholland@microsoft.com",
          "createdByType": "User",
          "lastModifiedAt": "2023-11-03T18:18:02.6152229Z",
          "lastModifiedBy": "milesholland@microsoft.com",
          "lastModifiedByType": "User"
        }
      }
    },
    {
      "RequestUri": "https://management.azure.com/subscriptions/00000000-0000-0000-0000-000000000/resourceGroups/00000/providers/Microsoft.MachineLearningServices/workspaces/00000/connections/e2etest_wps_conn_test_205882116252?api-version=2023-06-01-preview",
      "RequestMethod": "DELETE",
      "RequestHeaders": {
        "Accept": "application/json",
        "Accept-Encoding": "gzip, deflate",
        "Connection": "keep-alive",
        "Content-Length": "0",
        "User-Agent": "azure-ai-ml/1.12.0 azsdk-python-mgmt-machinelearningservices/0.1.0 Python/3.10.2 (Linux-5.10.102.1-microsoft-standard-WSL2-x86_64-with-glibc2.31)"
      },
      "RequestBody": null,
      "StatusCode": 200,
      "ResponseHeaders": {
        "Cache-Control": "no-cache",
        "Content-Length": "0",
        "Date": "Fri, 03 Nov 2023 18:18:03 GMT",
        "Expires": "-1",
        "Pragma": "no-cache",
        "Request-Context": "appId=cid-v1:2d2e8e63-272e-4b3c-8598-4ee570a0e70d",
        "Strict-Transport-Security": "max-age=31536000; includeSubDomains",
        "x-aml-cluster": "vienna-eastus-01",
        "X-Content-Type-Options": "nosniff",
        "x-ms-correlation-request-id": "b4b6286e-29a8-44b3-bdf6-c26849989140",
        "x-ms-ratelimit-remaining-subscription-deletes": "14994",
        "x-ms-response-type": "standard",
        "x-ms-routing-request-id": "CANADACENTRAL:20231103T181803Z:b4b6286e-29a8-44b3-bdf6-c26849989140",
        "x-request-time": "0.452"
      },
      "ResponseBody": null
    },
    {
      "RequestUri": "https://management.azure.com/subscriptions/00000000-0000-0000-0000-000000000/resourceGroups/00000/providers/Microsoft.MachineLearningServices/workspaces/00000/connections/e2etest_wps_conn_test_205882116252?api-version=2023-06-01-preview",
      "RequestMethod": "GET",
      "RequestHeaders": {
        "Accept": "application/json",
        "Accept-Encoding": "gzip, deflate",
        "Connection": "keep-alive",
        "User-Agent": "azure-ai-ml/1.12.0 azsdk-python-mgmt-machinelearningservices/0.1.0 Python/3.10.2 (Linux-5.10.102.1-microsoft-standard-WSL2-x86_64-with-glibc2.31)"
      },
      "RequestBody": null,
      "StatusCode": 404,
      "ResponseHeaders": {
        "Cache-Control": "no-cache",
        "Content-Length": "708",
        "Content-Type": "application/json; charset=utf-8",
        "Date": "Fri, 03 Nov 2023 18:18:03 GMT",
        "Expires": "-1",
        "Pragma": "no-cache",
        "Request-Context": "appId=cid-v1:2d2e8e63-272e-4b3c-8598-4ee570a0e70d",
        "Strict-Transport-Security": "max-age=31536000; includeSubDomains",
        "Vary": "Accept-Encoding",
        "x-aml-cluster": "vienna-eastus-01",
        "X-Content-Type-Options": "nosniff",
        "x-ms-correlation-request-id": "8a151a62-92ab-4411-9adc-db38c755bbb7",
        "x-ms-ratelimit-remaining-subscription-reads": "11983",
        "x-ms-response-type": "error",
        "x-ms-routing-request-id": "CANADACENTRAL:20231103T181803Z:8a151a62-92ab-4411-9adc-db38c755bbb7",
        "x-request-time": "0.093"
      },
      "ResponseBody": {
        "error": {
          "code": "UserError",
          "severity": null,
          "message": "Connection e2etest_wps_conn_test_205882116252 can\u0027t be found in this workspace",
          "messageFormat": null,
          "messageParameters": null,
          "referenceCode": null,
          "detailsUri": null,
          "target": null,
          "details": [],
          "innerError": {
            "code": "NotFoundError",
            "innerError": null
          },
          "debugInfo": null,
          "additionalInfo": null
        },
        "correlation": {
          "operation": "216b3761d256844469e23240c2971a6f",
          "request": "d8991083f6b3e1dd"
        },
        "environment": "eastus",
        "location": "eastus",
        "time": "2023-11-03T18:18:03.9115521\u002B00:00",
        "componentName": "account-rp",
        "statusCode": 404
      }
    },
    {
      "RequestUri": "https://management.azure.com/subscriptions/00000000-0000-0000-0000-000000000/resourceGroups/00000/providers/Microsoft.MachineLearningServices/workspaces/00000/connections?category=S3\u0026api-version=2023-06-01-preview",
      "RequestMethod": "GET",
      "RequestHeaders": {
        "Accept": "application/json",
        "Accept-Encoding": "gzip, deflate",
        "Connection": "keep-alive",
        "User-Agent": "azure-ai-ml/1.12.0 azsdk-python-mgmt-machinelearningservices/0.1.0 Python/3.10.2 (Linux-5.10.102.1-microsoft-standard-WSL2-x86_64-with-glibc2.31)"
      },
      "RequestBody": null,
      "StatusCode": 200,
      "ResponseHeaders": {
        "Cache-Control": "no-cache",
        "Content-Encoding": "gzip",
        "Content-Type": "application/json; charset=utf-8",
        "Date": "Fri, 03 Nov 2023 18:18:03 GMT",
        "Expires": "-1",
        "Pragma": "no-cache",
        "Request-Context": "appId=cid-v1:2d2e8e63-272e-4b3c-8598-4ee570a0e70d",
        "Strict-Transport-Security": "max-age=31536000; includeSubDomains",
        "Transfer-Encoding": "chunked",
        "Vary": "Accept-Encoding",
        "x-aml-cluster": "vienna-eastus-01",
        "X-Content-Type-Options": "nosniff",
        "x-ms-correlation-request-id": "8aeabacb-af12-4744-bd6b-c3e2214c088d",
        "x-ms-ratelimit-remaining-subscription-reads": "11982",
        "x-ms-response-type": "standard",
        "x-ms-routing-request-id": "CANADACENTRAL:20231103T181804Z:8aeabacb-af12-4744-bd6b-c3e2214c088d",
        "x-request-time": "0.028"
      },
      "ResponseBody": {
        "value": []
      }
    }
  ],
  "Variables": {
    "wps_connection_name": "test_205882116252"
  }
}
