{
  "Entries": [
    {
      "RequestUri": "https://management.azure.com/subscriptions/00000000-0000-0000-0000-000000000/resourceGroups/00000/providers/Microsoft.MachineLearningServices/workspaces/00000/connections/e2etest_wps_conn_test_477310248616?api-version=2023-08-01-preview",
      "RequestMethod": "PUT",
      "RequestHeaders": {
        "Accept": "application/json",
        "Accept-Encoding": "gzip, deflate",
        "Connection": "keep-alive",
        "Content-Length": "237",
        "Content-Type": "application/json",
        "User-Agent": "azure-ai-ml/1.16.0 azsdk-python-mgmt-machinelearningservices/0.1.0 Python/3.10.2 (Linux-5.15.146.1-microsoft-standard-WSL2-x86_64-with-glibc2.31)"
      },
      "RequestBody": {
        "properties": {
          "authType": "ManagedIdentity",
          "category": "ContainerRegistry",
          "isSharedToAll": true,
          "metadata": {},
          "target": "https://test-feed.com",
          "credentials": {
            "resourceId": "resource_id",
            "clientId": "00000000-0000-0000-0000-000000000000"
          }
        }
      },
      "StatusCode": 200,
      "ResponseHeaders": {
        "Cache-Control": "no-cache",
        "Content-Length": "945",
        "Content-Type": "application/json; charset=utf-8",
        "Date": "Thu, 25 Apr 2024 17:50:25 GMT",
        "Expires": "-1",
        "Pragma": "no-cache",
        "Request-Context": "appId=cid-v1:2d2e8e63-272e-4b3c-8598-4ee570a0e70d",
        "Strict-Transport-Security": "max-age=31536000; includeSubDomains",
        "Vary": "Accept-Encoding",
        "x-aml-cluster": "vienna-eastus-01",
        "X-Cache": "CONFIG_NOCACHE",
        "X-Content-Type-Options": "nosniff",
        "x-ms-correlation-request-id": "4d28554a-465c-4bae-83ec-e905247883bf",
        "x-ms-ratelimit-remaining-subscription-writes": "1199",
        "x-ms-response-type": "standard",
        "x-ms-routing-request-id": "EASTUS2:20240425T175026Z:4d28554a-465c-4bae-83ec-e905247883bf",
        "X-MSEdge-Ref": "Ref A: 07377973E7834DC88A04295E6BE9D848 Ref B: MNZ221060608009 Ref C: 2024-04-25T17:50:26Z",
        "x-request-time": "0.201"
      },
      "ResponseBody": {
        "tags": null,
        "location": null,
        "id": "/subscriptions/00000000-0000-0000-0000-000000000/resourceGroups/00000/providers/Microsoft.MachineLearningServices/workspaces/00000/connections/e2etest_wps_conn_test_477310248616",
        "name": "e2etest_wps_conn_test_477310248616",
        "type": "Microsoft.MachineLearningServices/workspaces/connections",
        "properties": {
          "authType": "ManagedIdentity",
          "credentials": null,
          "group": "Azure",
          "category": "ContainerRegistry",
          "expiryTime": null,
          "target": "https://test-feed.com",
          "createdByWorkspaceArmId": "/subscriptions/00000000-0000-0000-0000-000000000/resourceGroups/00000/providers/Microsoft.MachineLearningServices/workspaces/00000",
          "useWorkspaceManagedIdentity": false,
          "isSharedToAll": true,
          "sharedUserList": [],
          "metadata": {}
        },
        "systemData": {
          "createdAt": "2024-04-25T17:50:26.3779915Z",
          "createdBy": "Sanitized",
          "createdByType": "User",
          "lastModifiedAt": "2024-04-25T17:50:26.3779915Z",
          "lastModifiedBy": "Sanitized",
          "lastModifiedByType": "User"
        }
      }
    },
    {
      "RequestUri": "https://management.azure.com/subscriptions/00000000-0000-0000-0000-000000000/resourceGroups/00000/providers/Microsoft.MachineLearningServices/workspaces/00000/connections/e2etest_wps_conn_test_477310248616?api-version=2023-08-01-preview",
      "RequestMethod": "PUT",
      "RequestHeaders": {
        "Accept": "application/json",
        "Accept-Encoding": "gzip, deflate",
        "Connection": "keep-alive",
        "Content-Length": "244",
        "Content-Type": "application/json",
        "User-Agent": "azure-ai-ml/1.16.0 azsdk-python-mgmt-machinelearningservices/0.1.0 Python/3.10.2 (Linux-5.15.146.1-microsoft-standard-WSL2-x86_64-with-glibc2.31)"
      },
      "RequestBody": {
        "properties": {
          "authType": "ManagedIdentity",
          "category": "ContainerRegistry",
          "isSharedToAll": true,
          "metadata": {},
          "target": "https://test-feed.com",
          "credentials": {
            "resourceId": "dummpy_resource_id",
            "clientId": "00000000-0000-0000-0000-000000000000"
          }
        }
      },
      "StatusCode": 200,
      "ResponseHeaders": {
        "Cache-Control": "no-cache",
        "Content-Length": "945",
        "Content-Type": "application/json; charset=utf-8",
        "Date": "Thu, 25 Apr 2024 17:50:26 GMT",
        "Expires": "-1",
        "Pragma": "no-cache",
        "Request-Context": "appId=cid-v1:2d2e8e63-272e-4b3c-8598-4ee570a0e70d",
        "Strict-Transport-Security": "max-age=31536000; includeSubDomains",
        "Vary": "Accept-Encoding",
        "x-aml-cluster": "vienna-eastus-02",
        "X-Cache": "CONFIG_NOCACHE",
        "X-Content-Type-Options": "nosniff",
        "x-ms-correlation-request-id": "317c9f9c-176e-47ff-a9a8-ece94c68db78",
        "x-ms-ratelimit-remaining-subscription-writes": "1199",
        "x-ms-response-type": "standard",
        "x-ms-routing-request-id": "EASTUS2:20240425T175027Z:317c9f9c-176e-47ff-a9a8-ece94c68db78",
        "X-MSEdge-Ref": "Ref A: 80684369C9EC4E968755B9B46846DD57 Ref B: MNZ221060608009 Ref C: 2024-04-25T17:50:26Z",
        "x-request-time": "0.186"
      },
      "ResponseBody": {
        "tags": null,
        "location": null,
        "id": "/subscriptions/00000000-0000-0000-0000-000000000/resourceGroups/00000/providers/Microsoft.MachineLearningServices/workspaces/00000/connections/e2etest_wps_conn_test_477310248616",
        "name": "e2etest_wps_conn_test_477310248616",
        "type": "Microsoft.MachineLearningServices/workspaces/connections",
        "properties": {
          "authType": "ManagedIdentity",
          "credentials": null,
          "group": "Azure",
          "category": "ContainerRegistry",
          "expiryTime": null,
          "target": "https://test-feed.com",
          "createdByWorkspaceArmId": "/subscriptions/00000000-0000-0000-0000-000000000/resourceGroups/00000/providers/Microsoft.MachineLearningServices/workspaces/00000",
          "useWorkspaceManagedIdentity": false,
          "isSharedToAll": true,
          "sharedUserList": [],
          "metadata": {}
        },
        "systemData": {
          "createdAt": "2024-04-25T17:50:26.8172019Z",
          "createdBy": "Sanitized",
          "createdByType": "User",
          "lastModifiedAt": "2024-04-25T17:50:26.8172019Z",
          "lastModifiedBy": "Sanitized",
          "lastModifiedByType": "User"
        }
      }
    },
    {
      "RequestUri": "https://management.azure.com/subscriptions/00000000-0000-0000-0000-000000000/resourceGroups/00000/providers/Microsoft.MachineLearningServices/workspaces/00000/connections/e2etest_wps_conn_test_477310248616?api-version=2023-08-01-preview",
      "RequestMethod": "GET",
      "RequestHeaders": {
        "Accept": "application/json",
        "Accept-Encoding": "gzip, deflate",
        "Connection": "keep-alive",
        "User-Agent": "azure-ai-ml/1.16.0 azsdk-python-mgmt-machinelearningservices/0.1.0 Python/3.10.2 (Linux-5.15.146.1-microsoft-standard-WSL2-x86_64-with-glibc2.31)"
      },
      "RequestBody": null,
      "StatusCode": 200,
      "ResponseHeaders": {
        "Cache-Control": "no-cache",
        "Content-Length": "945",
        "Content-Type": "application/json; charset=utf-8",
        "Date": "Thu, 25 Apr 2024 17:50:26 GMT",
        "Expires": "-1",
        "Pragma": "no-cache",
        "Request-Context": "appId=cid-v1:2d2e8e63-272e-4b3c-8598-4ee570a0e70d",
        "Strict-Transport-Security": "max-age=31536000; includeSubDomains",
        "Vary": "Accept-Encoding",
        "x-aml-cluster": "vienna-eastus-02",
        "X-Cache": "CONFIG_NOCACHE",
        "X-Content-Type-Options": "nosniff",
        "x-ms-correlation-request-id": "e6e98cb2-b05f-4032-947a-3349b18d1932",
        "x-ms-ratelimit-remaining-subscription-reads": "11999",
        "x-ms-response-type": "standard",
        "x-ms-routing-request-id": "EASTUS2:20240425T175027Z:e6e98cb2-b05f-4032-947a-3349b18d1932",
        "X-MSEdge-Ref": "Ref A: D5AA69CEBA374B1D87F2324055911C75 Ref B: MNZ221060608009 Ref C: 2024-04-25T17:50:27Z",
        "x-request-time": "0.044"
      },
      "ResponseBody": {
        "tags": null,
        "location": null,
        "id": "/subscriptions/00000000-0000-0000-0000-000000000/resourceGroups/00000/providers/Microsoft.MachineLearningServices/workspaces/00000/connections/e2etest_wps_conn_test_477310248616",
        "name": "e2etest_wps_conn_test_477310248616",
        "type": "Microsoft.MachineLearningServices/workspaces/connections",
        "properties": {
          "authType": "ManagedIdentity",
          "credentials": null,
          "group": "Azure",
          "category": "ContainerRegistry",
          "expiryTime": null,
          "target": "https://test-feed.com",
          "createdByWorkspaceArmId": "/subscriptions/00000000-0000-0000-0000-000000000/resourceGroups/00000/providers/Microsoft.MachineLearningServices/workspaces/00000",
          "useWorkspaceManagedIdentity": false,
          "isSharedToAll": true,
          "sharedUserList": [],
          "metadata": {}
        },
        "systemData": {
          "createdAt": "2024-04-25T17:50:26.8172019Z",
          "createdBy": "Sanitized",
          "createdByType": "User",
          "lastModifiedAt": "2024-04-25T17:50:26.8172019Z",
          "lastModifiedBy": "Sanitized",
          "lastModifiedByType": "User"
        }
      }
    },
    {
      "RequestUri": "https://management.azure.com/subscriptions/00000000-0000-0000-0000-000000000/resourceGroups/00000/providers/Microsoft.MachineLearningServices/workspaces/00000/connections/e2etest_wps_conn_test_477310248616?api-version=2023-08-01-preview",
      "RequestMethod": "DELETE",
      "RequestHeaders": {
        "Accept": "application/json",
        "Accept-Encoding": "gzip, deflate",
        "Connection": "keep-alive",
        "Content-Length": "0",
        "User-Agent": "azure-ai-ml/1.16.0 azsdk-python-mgmt-machinelearningservices/0.1.0 Python/3.10.2 (Linux-5.15.146.1-microsoft-standard-WSL2-x86_64-with-glibc2.31)"
      },
      "RequestBody": null,
      "StatusCode": 200,
      "ResponseHeaders": {
        "Cache-Control": "no-cache",
        "Content-Length": "0",
        "Date": "Thu, 25 Apr 2024 17:50:26 GMT",
        "Expires": "-1",
        "Pragma": "no-cache",
        "Request-Context": "appId=cid-v1:2d2e8e63-272e-4b3c-8598-4ee570a0e70d",
        "Strict-Transport-Security": "max-age=31536000; includeSubDomains",
        "x-aml-cluster": "vienna-eastus-02",
        "X-Cache": "CONFIG_NOCACHE",
        "X-Content-Type-Options": "nosniff",
        "x-ms-correlation-request-id": "97fc7402-6d35-4a79-8116-140ec6a2c32d",
        "x-ms-ratelimit-remaining-subscription-deletes": "14999",
        "x-ms-response-type": "standard",
        "x-ms-routing-request-id": "EASTUS2:20240425T175027Z:97fc7402-6d35-4a79-8116-140ec6a2c32d",
        "X-MSEdge-Ref": "Ref A: 9699E2FE92574ACAA81246C959F803C9 Ref B: MNZ221060608009 Ref C: 2024-04-25T17:50:27Z",
        "x-request-time": "0.207"
      },
      "ResponseBody": null
    },
    {
      "RequestUri": "https://management.azure.com/subscriptions/00000000-0000-0000-0000-000000000/resourceGroups/00000/providers/Microsoft.MachineLearningServices/workspaces/00000/connections/e2etest_wps_conn_test_477310248616?api-version=2023-08-01-preview",
      "RequestMethod": "GET",
      "RequestHeaders": {
        "Accept": "application/json",
        "Accept-Encoding": "gzip, deflate",
        "Connection": "keep-alive",
        "User-Agent": "azure-ai-ml/1.16.0 azsdk-python-mgmt-machinelearningservices/0.1.0 Python/3.10.2 (Linux-5.15.146.1-microsoft-standard-WSL2-x86_64-with-glibc2.31)"
      },
      "RequestBody": null,
      "StatusCode": 404,
      "ResponseHeaders": {
        "Cache-Control": "no-cache",
        "Content-Length": "707",
        "Content-Type": "application/json; charset=utf-8",
        "Date": "Thu, 25 Apr 2024 17:50:26 GMT",
        "Expires": "-1",
        "Pragma": "no-cache",
        "Request-Context": "appId=cid-v1:2d2e8e63-272e-4b3c-8598-4ee570a0e70d",
        "Strict-Transport-Security": "max-age=31536000; includeSubDomains",
        "Vary": "Accept-Encoding",
        "x-aml-cluster": "vienna-eastus-02",
        "X-Cache": "CONFIG_NOCACHE",
        "X-Content-Type-Options": "nosniff",
        "x-ms-correlation-request-id": "18672fd7-cabd-4ea4-b006-680a86079779",
        "x-ms-ratelimit-remaining-subscription-reads": "11999",
        "x-ms-response-type": "error",
        "x-ms-routing-request-id": "EASTUS2:20240425T175027Z:18672fd7-cabd-4ea4-b006-680a86079779",
        "X-MSEdge-Ref": "Ref A: 6FFBC904C0544A74B28334DBB4899BF3 Ref B: MNZ221060608009 Ref C: 2024-04-25T17:50:27Z",
        "x-request-time": "0.043"
      },
      "ResponseBody": {
        "error": {
          "code": "UserError",
          "severity": null,
          "message": "Connection e2etest_wps_conn_test_477310248616 can't be found in this workspace",
          "messageFormat": null,
          "messageParameters": null,
          "referenceCode": null,
          "detailsUri": null,
          "target": null,
          "details": [],
          "innerError": {
            "code": "NotFoundError",
            "innerError": null
          },
          "debugInfo": null,
          "additionalInfo": null
        },
        "correlation": {
          "operation": "ebed6e28f857f6cbb7d1627da5abe4af",
          "request": "7a01eb832fb6fc37"
        },
        "environment": "eastus",
        "location": "eastus",
        "time": "2024-04-25T17:50:27.701272+00:00",
        "componentName": "account-rp",
        "statusCode": 404
      }
    }
  ],
  "Variables": {
    "wps_connection_name": "test_477310248616"
  }
}
