{
  "Entries": [
    {
      "RequestUri": "https://management.azure.com/subscriptions/00000000-0000-0000-0000-000000000/resourceGroups/00000/providers/Microsoft.MachineLearningServices/workspaces/00000/connections/e2etest_wps_conn_test_490337955109?api-version=2023-08-01-preview",
      "RequestMethod": "PUT",
      "RequestHeaders": {
        "Accept": "application/json",
        "Accept-Encoding": "gzip, deflate",
        "Connection": "keep-alive",
        "Content-Length": "196",
        "Content-Type": "application/json",
        "User-Agent": "azure-ai-ml/1.16.0 azsdk-python-mgmt-machinelearningservices/0.1.0 Python/3.10.2 (Linux-5.15.146.1-microsoft-standard-WSL2-x86_64-with-glibc2.31)"
      },
      "RequestBody": {
        "properties": {
          "authType": "ApiKey",
          "category": "CognitiveService",
          "isSharedToAll": true,
          "metadata": {
            "Kind": "content_safety"
          },
          "target": "my_endpoint",
          "credentials": {
            "key": "dGhpcyBpcyBmYWtlIGtleQ=="
          }
        }
      },
      "StatusCode": 200,
      "ResponseHeaders": {
        "Cache-Control": "no-cache",
        "Content-Length": "1228",
        "Content-Type": "application/json; charset=utf-8",
        "Date": "Mon, 22 Apr 2024 06:48:49 GMT",
        "Expires": "-1",
        "Pragma": "no-cache",
        "Request-Context": "appId=cid-v1:2d2e8e63-272e-4b3c-8598-4ee570a0e70d",
        "Strict-Transport-Security": "max-age=31536000; includeSubDomains",
        "Vary": "Accept-Encoding",
        "x-aml-cluster": "vienna-eastus-01",
        "X-Cache": "CONFIG_NOCACHE",
        "X-Content-Type-Options": "nosniff",
        "x-ms-correlation-request-id": "32e97e24-e8da-421d-aa57-bd26a2d8e289",
        "x-ms-ratelimit-remaining-subscription-writes": "1199",
        "x-ms-response-type": "standard",
        "x-ms-routing-request-id": "EASTUS:20240422T064850Z:32e97e24-e8da-421d-aa57-bd26a2d8e289",
        "X-MSEdge-Ref": "Ref A: 8DEA12FADFC749B394DA9753EA1AC65A Ref B: MNZ221060619031 Ref C: 2024-04-22T06:48:49Z",
        "x-request-time": "0.404"
      },
      "ResponseBody": {
        "tags": null,
        "location": null,
        "id": "/subscriptions/00000000-0000-0000-0000-000000000/resourceGroups/00000/providers/Microsoft.MachineLearningServices/workspaces/00000/connections/e2etest_wps_conn_test_490337955109",
        "name": "e2etest_wps_conn_test_490337955109",
        "type": "Microsoft.MachineLearningServices/workspaces/connections",
        "properties": {
          "authType": "ApiKey",
          "credentials": null,
          "group": "AzureAI",
          "category": "CognitiveService",
          "expiryTime": null,
          "target": "my_endpoint",
          "createdByWorkspaceArmId": "/subscriptions/00000000-0000-0000-0000-000000000/resourceGroups/00000/providers/Microsoft.MachineLearningServices/workspaces/00000",
          "useWorkspaceManagedIdentity": false,
          "isSharedToAll": true,
          "sharedUserList": [],
          "metadata": {
            "Kind": "content_safety",
            "ApiVersion": "2023-07-01-preview",
            "DeploymentApiVersion": "2023-10-01-preview"
          }
        },
        "systemData": {
          "createdAt": "2024-04-22T06:48:49.9058495Z",
          "createdBy": "milesholland@microsoft.com",
          "createdByType": "User",
          "lastModifiedAt": "2024-04-22T06:48:49.9058495Z",
          "lastModifiedBy": "milesholland@microsoft.com",
          "lastModifiedByType": "User"
        }
      }
    },
    {
      "RequestUri": "https://management.azure.com/subscriptions/00000000-0000-0000-0000-000000000/resourceGroups/00000/providers/Microsoft.MachineLearningServices/workspaces/00000/connections/e2etest_wps_conn_test_490337955109/listsecrets?api-version=2023-08-01-preview",
      "RequestMethod": "POST",
      "RequestHeaders": {
        "Accept": "application/json",
        "Accept-Encoding": "gzip, deflate",
        "Connection": "keep-alive",
        "Content-Length": "0",
        "User-Agent": "azure-ai-ml/1.16.0 azsdk-python-mgmt-machinelearningservices/0.1.0 Python/3.10.2 (Linux-5.15.146.1-microsoft-standard-WSL2-x86_64-with-glibc2.31)"
      },
      "RequestBody": null,
      "StatusCode": 200,
      "ResponseHeaders": {
        "Cache-Control": "no-cache",
        "Content-Length": "1092",
        "Content-Type": "application/json; charset=utf-8",
        "Date": "Mon, 22 Apr 2024 06:48:49 GMT",
        "Expires": "-1",
        "Pragma": "no-cache",
        "Request-Context": "appId=cid-v1:2d2e8e63-272e-4b3c-8598-4ee570a0e70d",
        "Strict-Transport-Security": "max-age=31536000; includeSubDomains",
        "Vary": "Accept-Encoding",
        "x-aml-cluster": "vienna-eastus-01",
        "X-Cache": "CONFIG_NOCACHE",
        "X-Content-Type-Options": "nosniff",
        "x-ms-correlation-request-id": "fefeb85b-291a-4ab6-a2ec-e94f442900e6",
        "x-ms-ratelimit-remaining-subscription-writes": "1199",
        "x-ms-response-type": "standard",
        "x-ms-routing-request-id": "EASTUS2:20240422T064850Z:fefeb85b-291a-4ab6-a2ec-e94f442900e6",
        "X-MSEdge-Ref": "Ref A: 94832B43968240ECAF769F8C49900517 Ref B: MNZ221060619031 Ref C: 2024-04-22T06:48:50Z",
        "x-request-time": "0.078"
      },
      "ResponseBody": {
        "tags": null,
        "location": null,
        "id": "/subscriptions/00000000-0000-0000-0000-000000000/resourceGroups/00000/providers/Microsoft.MachineLearningServices/workspaces/00000/connections/e2etest_wps_conn_test_490337955109",
        "name": "e2etest_wps_conn_test_490337955109",
        "type": "Microsoft.MachineLearningServices/workspaces/connections",
        "properties": {
          "authType": "ApiKey",
          "credentials": {
            "key": "dGhpcyBpcyBmYWtlIGtleQ=="
          },
          "group": "AzureAI",
          "category": "CognitiveService",
          "expiryTime": null,
          "target": "my_endpoint",
          "createdByWorkspaceArmId": "/subscriptions/00000000-0000-0000-0000-000000000/resourceGroups/00000/providers/Microsoft.MachineLearningServices/workspaces/00000",
          "useWorkspaceManagedIdentity": false,
          "isSharedToAll": true,
          "sharedUserList": [],
          "metadata": {
            "Kind": "content_safety",
            "ApiVersion": "2023-07-01-preview",
            "DeploymentApiVersion": "2023-10-01-preview"
          }
        },
        "systemData": {
          "createdAt": "2024-04-22T06:48:49.9058495Z",
          "createdBy": "milesholland@microsoft.com",
          "createdByType": "User",
          "lastModifiedAt": "2024-04-22T06:48:49.9058495Z",
          "lastModifiedBy": "milesholland@microsoft.com",
          "lastModifiedByType": "User"
        }
      }
    },
    {
      "RequestUri": "https://management.azure.com/subscriptions/00000000-0000-0000-0000-000000000/resourceGroups/00000/providers/Microsoft.MachineLearningServices/workspaces/00000/connections/e2etest_wps_conn_test_490337955109?api-version=2023-08-01-preview",
      "RequestMethod": "DELETE",
      "RequestHeaders": {
        "Accept": "application/json",
        "Accept-Encoding": "gzip, deflate",
        "Connection": "keep-alive",
        "Content-Length": "0",
        "User-Agent": "azure-ai-ml/1.16.0 azsdk-python-mgmt-machinelearningservices/0.1.0 Python/3.10.2 (Linux-5.15.146.1-microsoft-standard-WSL2-x86_64-with-glibc2.31)"
      },
      "RequestBody": null,
      "StatusCode": 200,
      "ResponseHeaders": {
        "Cache-Control": "no-cache",
        "Content-Length": "0",
        "Date": "Mon, 22 Apr 2024 06:48:50 GMT",
        "Expires": "-1",
        "Pragma": "no-cache",
        "Request-Context": "appId=cid-v1:2d2e8e63-272e-4b3c-8598-4ee570a0e70d",
        "Strict-Transport-Security": "max-age=31536000; includeSubDomains",
        "x-aml-cluster": "vienna-eastus-01",
        "X-Cache": "CONFIG_NOCACHE",
        "X-Content-Type-Options": "nosniff",
        "x-ms-correlation-request-id": "e969b8e4-103d-4693-adaa-50b7ff2b5d90",
        "x-ms-ratelimit-remaining-subscription-deletes": "14999",
        "x-ms-response-type": "standard",
        "x-ms-routing-request-id": "EASTUS:20240422T064850Z:e969b8e4-103d-4693-adaa-50b7ff2b5d90",
        "X-MSEdge-Ref": "Ref A: 68D3E10C71794F12AC00D9FE6A4DAB88 Ref B: MNZ221060619031 Ref C: 2024-04-22T06:48:50Z",
        "x-request-time": "0.293"
      },
      "ResponseBody": null
    },
    {
      "RequestUri": "https://management.azure.com/subscriptions/00000000-0000-0000-0000-000000000/resourceGroups/00000/providers/Microsoft.MachineLearningServices/workspaces/00000/connections/e2etest_wps_conn_test_490337955109?api-version=2023-08-01-preview",
      "RequestMethod": "GET",
      "RequestHeaders": {
        "Accept": "application/json",
        "Accept-Encoding": "gzip, deflate",
        "Connection": "keep-alive",
        "User-Agent": "azure-ai-ml/1.16.0 azsdk-python-mgmt-machinelearningservices/0.1.0 Python/3.10.2 (Linux-5.15.146.1-microsoft-standard-WSL2-x86_64-with-glibc2.31)"
      },
      "RequestBody": null,
      "StatusCode": 404,
      "ResponseHeaders": {
        "Cache-Control": "no-cache",
        "Content-Length": "708",
        "Content-Type": "application/json; charset=utf-8",
        "Date": "Mon, 22 Apr 2024 06:48:50 GMT",
        "Expires": "-1",
        "Pragma": "no-cache",
        "Request-Context": "appId=cid-v1:2d2e8e63-272e-4b3c-8598-4ee570a0e70d",
        "Strict-Transport-Security": "max-age=31536000; includeSubDomains",
        "Vary": "Accept-Encoding",
        "x-aml-cluster": "vienna-eastus-02",
        "X-Cache": "CONFIG_NOCACHE",
        "X-Content-Type-Options": "nosniff",
        "x-ms-correlation-request-id": "5d636a98-3065-435a-a41c-46d5acdbdb9f",
        "x-ms-ratelimit-remaining-subscription-reads": "11989",
        "x-ms-response-type": "error",
        "x-ms-routing-request-id": "EASTUS2:20240422T064851Z:5d636a98-3065-435a-a41c-46d5acdbdb9f",
        "X-MSEdge-Ref": "Ref A: 3C101221D15A452C93CCF330E850CFBE Ref B: MNZ221060619031 Ref C: 2024-04-22T06:48:51Z",
        "x-request-time": "0.044"
      },
      "ResponseBody": {
        "error": {
          "code": "UserError",
          "severity": null,
          "message": "Connection e2etest_wps_conn_test_490337955109 can't be found in this workspace",
          "messageFormat": null,
          "messageParameters": null,
          "referenceCode": null,
          "detailsUri": null,
          "target": null,
          "details": [],
          "innerError": {
            "code": "NotFoundError",
            "innerError": null
          },
          "debugInfo": null,
          "additionalInfo": null
        },
        "correlation": {
          "operation": "f4404468bcb8d708d14b74045a41cc28",
          "request": "1f22888f9284a7ed"
        },
        "environment": "eastus",
        "location": "eastus",
        "time": "2024-04-22T06:48:51.1088775+00:00",
        "componentName": "account-rp",
        "statusCode": 404
      }
    },
    {
      "RequestUri": "https://management.azure.com/subscriptions/00000000-0000-0000-0000-000000000/resourceGroups/00000/providers/Microsoft.MachineLearningServices/workspaces/00000/connections/e2etest_wps_conn_test_611960232148?api-version=2023-08-01-preview",
      "RequestMethod": "PUT",
      "RequestHeaders": {
        "Accept": "application/json",
        "Accept-Encoding": "gzip, deflate",
        "Connection": "keep-alive",
        "Content-Length": "155",
        "Content-Type": "application/json",
        "User-Agent": "azure-ai-ml/1.16.0 azsdk-python-mgmt-machinelearningservices/0.1.0 Python/3.10.2 (Linux-5.15.146.1-microsoft-standard-WSL2-x86_64-with-glibc2.31)"
      },
      "RequestBody": {
        "properties": {
          "authType": "AAD",
          "category": "CognitiveService",
          "isSharedToAll": true,
          "metadata": {
            "Kind": "content_safety"
          },
          "target": "my_endpoint"
        }
      },
      "StatusCode": 200,
      "ResponseHeaders": {
        "Cache-Control": "no-cache",
        "Content-Length": "1200",
        "Content-Type": "application/json; charset=utf-8",
        "Date": "Mon, 22 Apr 2024 06:48:50 GMT",
        "Expires": "-1",
        "Pragma": "no-cache",
        "Request-Context": "appId=cid-v1:2d2e8e63-272e-4b3c-8598-4ee570a0e70d",
        "Strict-Transport-Security": "max-age=31536000; includeSubDomains",
        "Vary": "Accept-Encoding",
        "x-aml-cluster": "vienna-eastus-02",
        "X-Cache": "CONFIG_NOCACHE",
        "X-Content-Type-Options": "nosniff",
        "x-ms-correlation-request-id": "b42e16ac-baf6-4752-9a43-5f030b634ab5",
        "x-ms-ratelimit-remaining-subscription-writes": "1199",
        "x-ms-response-type": "standard",
        "x-ms-routing-request-id": "EASTUS2:20240422T064851Z:b42e16ac-baf6-4752-9a43-5f030b634ab5",
        "X-MSEdge-Ref": "Ref A: DC850A8507134AC1BDD7CEF243E24A7D Ref B: MNZ221060619031 Ref C: 2024-04-22T06:48:51Z",
        "x-request-time": "0.061"
      },
      "ResponseBody": {
        "tags": null,
        "location": null,
        "id": "/subscriptions/00000000-0000-0000-0000-000000000/resourceGroups/00000/providers/Microsoft.MachineLearningServices/workspaces/00000/connections/e2etest_wps_conn_test_611960232148",
        "name": "e2etest_wps_conn_test_611960232148",
        "type": "Microsoft.MachineLearningServices/workspaces/connections",
        "properties": {
          "authType": "AAD",
          "group": "AzureAI",
          "category": "CognitiveService",
          "expiryTime": null,
          "target": "my_endpoint",
          "createdByWorkspaceArmId": "/subscriptions/00000000-0000-0000-0000-000000000/resourceGroups/00000/providers/Microsoft.MachineLearningServices/workspaces/00000",
          "useWorkspaceManagedIdentity": false,
          "isSharedToAll": true,
          "sharedUserList": [],
          "metadata": {
            "Kind": "content_safety",
            "ApiVersion": "2023-07-01-preview",
            "DeploymentApiVersion": "2023-10-01-preview"
          }
        },
        "systemData": {
          "createdAt": "2024-04-22T06:48:51.2982768Z",
          "createdBy": "milesholland@microsoft.com",
          "createdByType": "User",
          "lastModifiedAt": "2024-04-22T06:48:51.2982768Z",
          "lastModifiedBy": "milesholland@microsoft.com",
          "lastModifiedByType": "User"
        }
      }
    },
    {
      "RequestUri": "https://management.azure.com/subscriptions/00000000-0000-0000-0000-000000000/resourceGroups/00000/providers/Microsoft.MachineLearningServices/workspaces/00000/connections/e2etest_wps_conn_test_611960232148?api-version=2023-08-01-preview",
      "RequestMethod": "DELETE",
      "RequestHeaders": {
        "Accept": "application/json",
        "Accept-Encoding": "gzip, deflate",
        "Connection": "keep-alive",
        "Content-Length": "0",
        "User-Agent": "azure-ai-ml/1.16.0 azsdk-python-mgmt-machinelearningservices/0.1.0 Python/3.10.2 (Linux-5.15.146.1-microsoft-standard-WSL2-x86_64-with-glibc2.31)"
      },
      "RequestBody": null,
      "StatusCode": 200,
      "ResponseHeaders": {
        "Cache-Control": "no-cache",
        "Content-Length": "0",
        "Date": "Mon, 22 Apr 2024 06:48:51 GMT",
        "Expires": "-1",
        "Pragma": "no-cache",
        "Request-Context": "appId=cid-v1:2d2e8e63-272e-4b3c-8598-4ee570a0e70d",
        "Strict-Transport-Security": "max-age=31536000; includeSubDomains",
        "x-aml-cluster": "vienna-eastus-01",
        "X-Cache": "CONFIG_NOCACHE",
        "X-Content-Type-Options": "nosniff",
        "x-ms-correlation-request-id": "f53cdaff-7981-41d9-b73d-784d090a9308",
        "x-ms-ratelimit-remaining-subscription-deletes": "14999",
        "x-ms-response-type": "standard",
        "x-ms-routing-request-id": "EASTUS:20240422T064851Z:f53cdaff-7981-41d9-b73d-784d090a9308",
        "X-MSEdge-Ref": "Ref A: 4B251174694A4B51AEEF4AA1E1791E01 Ref B: MNZ221060619031 Ref C: 2024-04-22T06:48:51Z",
        "x-request-time": "0.103"
      },
      "ResponseBody": null
    },
    {
      "RequestUri": "https://management.azure.com/subscriptions/00000000-0000-0000-0000-000000000/resourceGroups/00000/providers/Microsoft.MachineLearningServices/workspaces/00000/connections/e2etest_wps_conn_test_611960232148?api-version=2023-08-01-preview",
      "RequestMethod": "GET",
      "RequestHeaders": {
        "Accept": "application/json",
        "Accept-Encoding": "gzip, deflate",
        "Connection": "keep-alive",
        "User-Agent": "azure-ai-ml/1.16.0 azsdk-python-mgmt-machinelearningservices/0.1.0 Python/3.10.2 (Linux-5.15.146.1-microsoft-standard-WSL2-x86_64-with-glibc2.31)"
      },
      "RequestBody": null,
      "StatusCode": 404,
      "ResponseHeaders": {
        "Cache-Control": "no-cache",
        "Content-Length": "708",
        "Content-Type": "application/json; charset=utf-8",
        "Date": "Mon, 22 Apr 2024 06:48:51 GMT",
        "Expires": "-1",
        "Pragma": "no-cache",
        "Request-Context": "appId=cid-v1:2d2e8e63-272e-4b3c-8598-4ee570a0e70d",
        "Strict-Transport-Security": "max-age=31536000; includeSubDomains",
        "Vary": "Accept-Encoding",
        "x-aml-cluster": "vienna-eastus-01",
        "X-Cache": "CONFIG_NOCACHE",
        "X-Content-Type-Options": "nosniff",
        "x-ms-correlation-request-id": "c6d034fa-9ad5-4af7-86cb-f9e6d1b0d214",
        "x-ms-ratelimit-remaining-subscription-reads": "11999",
        "x-ms-response-type": "error",
        "x-ms-routing-request-id": "EASTUS2:20240422T064851Z:c6d034fa-9ad5-4af7-86cb-f9e6d1b0d214",
        "X-MSEdge-Ref": "Ref A: 9EE4C9313EAC448A8137D8ABBB6537C6 Ref B: MNZ221060619031 Ref C: 2024-04-22T06:48:51Z",
        "x-request-time": "0.046"
      },
      "ResponseBody": {
        "error": {
          "code": "UserError",
          "severity": null,
          "message": "Connection e2etest_wps_conn_test_611960232148 can't be found in this workspace",
          "messageFormat": null,
          "messageParameters": null,
          "referenceCode": null,
          "detailsUri": null,
          "target": null,
          "details": [],
          "innerError": {
            "code": "NotFoundError",
            "innerError": null
          },
          "debugInfo": null,
          "additionalInfo": null
        },
        "correlation": {
          "operation": "25cff5c02306e2f4bc2bfe6b79030cd5",
          "request": "31cd68c8648b8f7a"
        },
        "environment": "eastus",
        "location": "eastus",
        "time": "2024-04-22T06:48:51.8233819+00:00",
        "componentName": "account-rp",
        "statusCode": 404
      }
    }
  ],
  "Variables": {
    "wps_conn_name1": "test_490337955109",
    "wps_conn_name2": "test_611960232148"
  }
}
