{
  "Entries": [
    {
      "RequestUri": "https://management.azure.com/subscriptions/00000000-0000-0000-0000-000000000/resourceGroups/00000/providers/Microsoft.MachineLearningServices/workspaces/00000/connections/e2etest_wps_conn_test_831429302784?api-version=2023-08-01-preview",
      "RequestMethod": "PUT",
      "RequestHeaders": {
        "Accept": "application/json",
        "Accept-Encoding": "gzip, deflate",
        "Connection": "keep-alive",
        "Content-Length": "178",
        "Content-Type": "application/json",
        "User-Agent": "azure-ai-ml/1.12.0 azsdk-python-mgmt-machinelearningservices/0.1.0 Python/3.10.2 (Linux-5.10.102.1-microsoft-standard-WSL2-x86_64-with-glibc2.31)"
      },
      "RequestBody": {
        "properties": {
          "authType": "ApiKey",
          "category": "CustomKeys",
          "isSharedToAll": true,
          "metadata": {
            "one": "two"
          },
          "target": "my_endpoint",
          "credentials": {
            "key": "dGhpcyBpcyBmYWtlIGtleQ=="
          }
        }
      },
      "StatusCode": 200,
      "ResponseHeaders": {
        "Cache-Control": "no-cache",
        "Content-Encoding": "gzip",
        "Content-Type": "application/json; charset=utf-8",
        "Date": "Tue, 12 Dec 2023 02:28:08 GMT",
        "Expires": "-1",
        "Pragma": "no-cache",
        "Request-Context": "appId=cid-v1:2d2e8e63-272e-4b3c-8598-4ee570a0e70d",
        "Strict-Transport-Security": "max-age=31536000; includeSubDomains",
        "Transfer-Encoding": "chunked",
        "Vary": [
          "Accept-Encoding",
          "Accept-Encoding"
        ],
        "x-aml-cluster": "vienna-eastus-02",
        "X-Content-Type-Options": "nosniff",
        "x-ms-correlation-request-id": "9e328cb5-5b4a-47b2-80d1-05a17c1fa641",
        "x-ms-ratelimit-remaining-subscription-writes": "1184",
        "x-ms-response-type": "standard",
        "x-ms-routing-request-id": "CANADACENTRAL:20231212T022808Z:9e328cb5-5b4a-47b2-80d1-05a17c1fa641",
        "x-request-time": "0.253"
      },
      "ResponseBody": {
        "tags": null,
        "location": null,
        "id": "/subscriptions/00000000-0000-0000-0000-000000000/resourceGroups/00000/providers/Microsoft.MachineLearningServices/workspaces/00000/connections/e2etest_wps_conn_test_831429302784",
        "name": "e2etest_wps_conn_test_831429302784",
        "type": "Microsoft.MachineLearningServices/workspaces/connections",
        "properties": {
          "authType": "ApiKey",
          "credentials": null,
          "group": "AzureAI",
          "category": "CustomKeys",
          "expiryTime": null,
          "target": "my_endpoint",
          "createdByWorkspaceArmId": "/subscriptions/00000000-0000-0000-0000-000000000/resourceGroups/00000/providers/Microsoft.MachineLearningServices/workspaces/00000",
          "isSharedToAll": true,
          "sharedUserList": [],
          "metadata": {
            "one": "two"
          }
        },
        "systemData": {
          "createdAt": "2023-12-12T02:28:08.1945959Z",
          "createdBy": "milesholland@microsoft.com",
          "createdByType": "User",
          "lastModifiedAt": "2023-12-12T02:28:08.1945959Z",
          "lastModifiedBy": "milesholland@microsoft.com",
          "lastModifiedByType": "User"
        }
      }
    },
    {
      "RequestUri": "https://management.azure.com/subscriptions/00000000-0000-0000-0000-000000000/resourceGroups/00000/providers/Microsoft.MachineLearningServices/workspaces/00000/connections/e2etest_wps_conn_test_831429302784?api-version=2023-08-01-preview",
      "RequestMethod": "DELETE",
      "RequestHeaders": {
        "Accept": "application/json",
        "Accept-Encoding": "gzip, deflate",
        "Connection": "keep-alive",
        "Content-Length": "0",
        "User-Agent": "azure-ai-ml/1.12.0 azsdk-python-mgmt-machinelearningservices/0.1.0 Python/3.10.2 (Linux-5.10.102.1-microsoft-standard-WSL2-x86_64-with-glibc2.31)"
      },
      "RequestBody": null,
      "StatusCode": 200,
      "ResponseHeaders": {
        "Cache-Control": "no-cache",
        "Content-Length": "0",
        "Date": "Tue, 12 Dec 2023 02:28:08 GMT",
        "Expires": "-1",
        "Pragma": "no-cache",
        "Request-Context": "appId=cid-v1:2d2e8e63-272e-4b3c-8598-4ee570a0e70d",
        "Strict-Transport-Security": "max-age=31536000; includeSubDomains",
        "x-aml-cluster": "vienna-eastus-02",
        "X-Content-Type-Options": "nosniff",
        "x-ms-correlation-request-id": "af363cfb-1efb-4ad6-beb5-073a862b1f38",
        "x-ms-ratelimit-remaining-subscription-deletes": "14990",
        "x-ms-response-type": "standard",
        "x-ms-routing-request-id": "CANADACENTRAL:20231212T022808Z:af363cfb-1efb-4ad6-beb5-073a862b1f38",
        "x-request-time": "0.224"
      },
      "ResponseBody": null
    },
    {
      "RequestUri": "https://management.azure.com/subscriptions/00000000-0000-0000-0000-000000000/resourceGroups/00000/providers/Microsoft.MachineLearningServices/workspaces/00000/connections/e2etest_wps_conn_test_831429302784?api-version=2023-08-01-preview",
      "RequestMethod": "GET",
      "RequestHeaders": {
        "Accept": "application/json",
        "Accept-Encoding": "gzip, deflate",
        "Connection": "keep-alive",
        "User-Agent": "azure-ai-ml/1.12.0 azsdk-python-mgmt-machinelearningservices/0.1.0 Python/3.10.2 (Linux-5.10.102.1-microsoft-standard-WSL2-x86_64-with-glibc2.31)"
      },
      "RequestBody": null,
      "StatusCode": 404,
      "ResponseHeaders": {
        "Cache-Control": "no-cache",
        "Content-Length": "707",
        "Content-Type": "application/json; charset=utf-8",
        "Date": "Tue, 12 Dec 2023 02:28:08 GMT",
        "Expires": "-1",
        "Pragma": "no-cache",
        "Request-Context": "appId=cid-v1:2d2e8e63-272e-4b3c-8598-4ee570a0e70d",
        "Strict-Transport-Security": "max-age=31536000; includeSubDomains",
        "Vary": "Accept-Encoding",
        "x-aml-cluster": "vienna-eastus-02",
        "X-Content-Type-Options": "nosniff",
        "x-ms-correlation-request-id": "cfcbcca1-2039-4626-bde6-0b2006a41494",
        "x-ms-ratelimit-remaining-subscription-reads": "11984",
        "x-ms-response-type": "error",
        "x-ms-routing-request-id": "CANADACENTRAL:20231212T022809Z:cfcbcca1-2039-4626-bde6-0b2006a41494",
        "x-request-time": "0.085"
      },
      "ResponseBody": {
        "error": {
          "code": "UserError",
          "severity": null,
          "message": "Connection e2etest_wps_conn_test_831429302784 can\u0027t be found in this workspace",
          "messageFormat": null,
          "messageParameters": null,
          "referenceCode": null,
          "detailsUri": null,
          "target": null,
          "details": [],
          "innerError": {
            "code": "NotFoundError",
            "innerError": null
          },
          "debugInfo": null,
          "additionalInfo": null
        },
        "correlation": {
          "operation": "88d3856f9f4bf92908b0c3a9625cce51",
          "request": "81f912912b7b34e5"
        },
        "environment": "eastus",
        "location": "eastus",
        "time": "2023-12-12T02:28:09.118553\u002B00:00",
        "componentName": "account-rp",
        "statusCode": 404
      }
    }
  ],
  "Variables": {
    "wps_connection_name": "test_831429302784"
  }
}
