{
  "Entries": [
    {
      "RequestUri": "https://management.azure.com/subscriptions/00000000-0000-0000-0000-000000000/resourceGroups/00000/providers/Microsoft.MachineLearningServices/workspaces/00000/connections/e2etest_wps_conn_test_522378195412?api-version=2023-08-01-preview",
      "RequestMethod": "PUT",
      "RequestHeaders": {
        "Accept": "application/json",
        "Accept-Encoding": "gzip, deflate",
        "Connection": "keep-alive",
        "Content-Length": "214",
        "Content-Type": "application/json",
        "User-Agent": "azure-ai-ml/1.16.0 azsdk-python-mgmt-machinelearningservices/0.1.0 Python/3.10.2 (Linux-5.15.146.1-microsoft-standard-WSL2-x86_64-with-glibc2.31)"
      },
      "RequestBody": {
        "properties": {
          "authType": "ApiKey",
          "category": "AzureOpenAi",
          "isSharedToAll": true,
          "metadata": {
            "hello": "world",
            "ApiVersion": "1.0",
            "ApiType": "Azure"
          },
          "target": "dummy",
          "credentials": {
            "key": "dGhpcyBpcyBmYWtlIGtleQ=="
          }
        }
      },
      "StatusCode": 200,
      "ResponseHeaders": {
        "Cache-Control": "no-cache",
        "Content-Length": "1220",
        "Content-Type": "application/json; charset=utf-8",
        "Date": "Mon, 22 Apr 2024 06:48:16 GMT",
        "Expires": "-1",
        "Pragma": "no-cache",
        "Request-Context": "appId=cid-v1:2d2e8e63-272e-4b3c-8598-4ee570a0e70d",
        "Strict-Transport-Security": "max-age=31536000; includeSubDomains",
        "Vary": "Accept-Encoding",
        "x-aml-cluster": "vienna-eastus-02",
        "X-Cache": "CONFIG_NOCACHE",
        "X-Content-Type-Options": "nosniff",
        "x-ms-correlation-request-id": "51419d82-048e-45b0-b2de-949609eed27a",
        "x-ms-ratelimit-remaining-subscription-writes": "1199",
        "x-ms-response-type": "standard",
        "x-ms-routing-request-id": "EASTUS:20240422T064817Z:51419d82-048e-45b0-b2de-949609eed27a",
        "X-MSEdge-Ref": "Ref A: 47E8891C2474446B92AFAB8515201C2D Ref B: MNZ221060619031 Ref C: 2024-04-22T06:48:17Z",
        "x-request-time": "0.205"
      },
      "ResponseBody": {
        "tags": null,
        "location": null,
        "id": "/subscriptions/00000000-0000-0000-0000-000000000/resourceGroups/00000/providers/Microsoft.MachineLearningServices/workspaces/00000/connections/e2etest_wps_conn_test_522378195412",
        "name": "e2etest_wps_conn_test_522378195412",
        "type": "Microsoft.MachineLearningServices/workspaces/connections",
        "properties": {
          "authType": "ApiKey",
          "credentials": null,
          "group": "AzureAI",
          "category": "AzureOpenAI",
          "expiryTime": null,
          "target": "dummy",
          "createdByWorkspaceArmId": "/subscriptions/00000000-0000-0000-0000-000000000/resourceGroups/00000/providers/Microsoft.MachineLearningServices/workspaces/00000",
          "useWorkspaceManagedIdentity": false,
          "isSharedToAll": true,
          "sharedUserList": [],
          "metadata": {
            "hello": "world",
            "ApiVersion": "1.0",
            "ApiType": "Azure",
            "DeploymentApiVersion": "2023-10-01-preview"
          }
        },
        "systemData": {
          "createdAt": "2024-04-22T06:48:17.1541125Z",
          "createdBy": "milesholland@microsoft.com",
          "createdByType": "User",
          "lastModifiedAt": "2024-04-22T06:48:17.1541125Z",
          "lastModifiedBy": "milesholland@microsoft.com",
          "lastModifiedByType": "User"
        }
      }
    },
    {
      "RequestUri": "https://management.azure.com/subscriptions/00000000-0000-0000-0000-000000000/resourceGroups/00000/providers/Microsoft.MachineLearningServices/workspaces/00000/connections/e2etest_wps_conn_test_522378195412/listsecrets?api-version=2023-08-01-preview",
      "RequestMethod": "POST",
      "RequestHeaders": {
        "Accept": "application/json",
        "Accept-Encoding": "gzip, deflate",
        "Connection": "keep-alive",
        "Content-Length": "0",
        "User-Agent": "azure-ai-ml/1.16.0 azsdk-python-mgmt-machinelearningservices/0.1.0 Python/3.10.2 (Linux-5.15.146.1-microsoft-standard-WSL2-x86_64-with-glibc2.31)"
      },
      "RequestBody": null,
      "StatusCode": 200,
      "ResponseHeaders": {
        "Cache-Control": "no-cache",
        "Content-Length": "1076",
        "Content-Type": "application/json; charset=utf-8",
        "Date": "Mon, 22 Apr 2024 06:48:17 GMT",
        "Expires": "-1",
        "Pragma": "no-cache",
        "Request-Context": "appId=cid-v1:2d2e8e63-272e-4b3c-8598-4ee570a0e70d",
        "Strict-Transport-Security": "max-age=31536000; includeSubDomains",
        "Vary": "Accept-Encoding",
        "x-aml-cluster": "vienna-eastus-02",
        "X-Cache": "CONFIG_NOCACHE",
        "X-Content-Type-Options": "nosniff",
        "x-ms-correlation-request-id": "6ae881c5-cbfe-492b-91e3-37f45db51d37",
        "x-ms-ratelimit-remaining-subscription-writes": "1199",
        "x-ms-response-type": "standard",
        "x-ms-routing-request-id": "EASTUS2:20240422T064817Z:6ae881c5-cbfe-492b-91e3-37f45db51d37",
        "X-MSEdge-Ref": "Ref A: F45AE00F05B34A9DBAD13E502A6CF8E4 Ref B: MNZ221060619031 Ref C: 2024-04-22T06:48:17Z",
        "x-request-time": "0.060"
      },
      "ResponseBody": {
        "tags": null,
        "location": null,
        "id": "/subscriptions/00000000-0000-0000-0000-000000000/resourceGroups/00000/providers/Microsoft.MachineLearningServices/workspaces/00000/connections/e2etest_wps_conn_test_522378195412",
        "name": "e2etest_wps_conn_test_522378195412",
        "type": "Microsoft.MachineLearningServices/workspaces/connections",
        "properties": {
          "authType": "ApiKey",
          "credentials": {
            "key": "dGhpcyBpcyBmYWtlIGtleQ=="
          },
          "group": "AzureAI",
          "category": "AzureOpenAI",
          "expiryTime": null,
          "target": "dummy",
          "createdByWorkspaceArmId": "/subscriptions/00000000-0000-0000-0000-000000000/resourceGroups/00000/providers/Microsoft.MachineLearningServices/workspaces/00000",
          "useWorkspaceManagedIdentity": false,
          "isSharedToAll": true,
          "sharedUserList": [],
          "metadata": {
            "hello": "world",
            "ApiVersion": "1.0",
            "ApiType": "Azure",
            "DeploymentApiVersion": "2023-10-01-preview"
          }
        },
        "systemData": {
          "createdAt": "2024-04-22T06:48:17.1541125Z",
          "createdBy": "milesholland@microsoft.com",
          "createdByType": "User",
          "lastModifiedAt": "2024-04-22T06:48:17.1541125Z",
          "lastModifiedBy": "milesholland@microsoft.com",
          "lastModifiedByType": "User"
        }
      }
    },
    {
      "RequestUri": "https://management.azure.com/subscriptions/00000000-0000-0000-0000-000000000/resourceGroups/00000/providers/Microsoft.MachineLearningServices/workspaces/00000/connections/e2etest_wps_conn_test_522378195412?api-version=2023-08-01-preview",
      "RequestMethod": "PUT",
      "RequestHeaders": {
        "Accept": "application/json",
        "Accept-Encoding": "gzip, deflate",
        "Connection": "keep-alive",
        "Content-Length": "214",
        "Content-Type": "application/json",
        "User-Agent": "azure-ai-ml/1.16.0 azsdk-python-mgmt-machinelearningservices/0.1.0 Python/3.10.2 (Linux-5.15.146.1-microsoft-standard-WSL2-x86_64-with-glibc2.31)"
      },
      "RequestBody": {
        "properties": {
          "authType": "ApiKey",
          "category": "AzureOpenAi",
          "isSharedToAll": true,
          "metadata": {
            "hello": "world",
            "ApiVersion": "1.0",
            "ApiType": "Azure"
          },
          "target": "dummy",
          "credentials": {
            "key": "dGhpcyBpcyBmYWtlIGtleQ=="
          }
        }
      },
      "StatusCode": 200,
      "ResponseHeaders": {
        "Cache-Control": "no-cache",
        "Content-Length": "1220",
        "Content-Type": "application/json; charset=utf-8",
        "Date": "Mon, 22 Apr 2024 06:48:17 GMT",
        "Expires": "-1",
        "Pragma": "no-cache",
        "Request-Context": "appId=cid-v1:2d2e8e63-272e-4b3c-8598-4ee570a0e70d",
        "Strict-Transport-Security": "max-age=31536000; includeSubDomains",
        "Vary": "Accept-Encoding",
        "x-aml-cluster": "vienna-eastus-01",
        "X-Cache": "CONFIG_NOCACHE",
        "X-Content-Type-Options": "nosniff",
        "x-ms-correlation-request-id": "b594aa13-3a7b-4e27-850e-f17496ca0557",
        "x-ms-ratelimit-remaining-subscription-writes": "1199",
        "x-ms-response-type": "standard",
        "x-ms-routing-request-id": "EASTUS:20240422T064817Z:b594aa13-3a7b-4e27-850e-f17496ca0557",
        "X-MSEdge-Ref": "Ref A: E3F3892F809140B09DB90EBFBF60EDBF Ref B: MNZ221060619031 Ref C: 2024-04-22T06:48:17Z",
        "x-request-time": "0.175"
      },
      "ResponseBody": {
        "tags": null,
        "location": null,
        "id": "/subscriptions/00000000-0000-0000-0000-000000000/resourceGroups/00000/providers/Microsoft.MachineLearningServices/workspaces/00000/connections/e2etest_wps_conn_test_522378195412",
        "name": "e2etest_wps_conn_test_522378195412",
        "type": "Microsoft.MachineLearningServices/workspaces/connections",
        "properties": {
          "authType": "ApiKey",
          "credentials": null,
          "group": "AzureAI",
          "category": "AzureOpenAI",
          "expiryTime": null,
          "target": "dummy",
          "createdByWorkspaceArmId": "/subscriptions/00000000-0000-0000-0000-000000000/resourceGroups/00000/providers/Microsoft.MachineLearningServices/workspaces/00000",
          "useWorkspaceManagedIdentity": false,
          "isSharedToAll": true,
          "sharedUserList": [],
          "metadata": {
            "hello": "world",
            "ApiVersion": "1.0",
            "ApiType": "Azure",
            "DeploymentApiVersion": "2023-10-01-preview"
          }
        },
        "systemData": {
          "createdAt": "2024-04-22T06:48:17.7322149Z",
          "createdBy": "milesholland@microsoft.com",
          "createdByType": "User",
          "lastModifiedAt": "2024-04-22T06:48:17.7322149Z",
          "lastModifiedBy": "milesholland@microsoft.com",
          "lastModifiedByType": "User"
        }
      }
    },
    {
      "RequestUri": "https://management.azure.com/subscriptions/00000000-0000-0000-0000-000000000/resourceGroups/00000/providers/Microsoft.MachineLearningServices/workspaces/00000/connections/e2etest_wps_conn_test_522378195412?api-version=2023-08-01-preview",
      "RequestMethod": "GET",
      "RequestHeaders": {
        "Accept": "application/json",
        "Accept-Encoding": "gzip, deflate",
        "Connection": "keep-alive",
        "User-Agent": "azure-ai-ml/1.16.0 azsdk-python-mgmt-machinelearningservices/0.1.0 Python/3.10.2 (Linux-5.15.146.1-microsoft-standard-WSL2-x86_64-with-glibc2.31)"
      },
      "RequestBody": null,
      "StatusCode": 200,
      "ResponseHeaders": {
        "Cache-Control": "no-cache",
        "Content-Length": "1220",
        "Content-Type": "application/json; charset=utf-8",
        "Date": "Mon, 22 Apr 2024 06:48:17 GMT",
        "Expires": "-1",
        "Pragma": "no-cache",
        "Request-Context": "appId=cid-v1:2d2e8e63-272e-4b3c-8598-4ee570a0e70d",
        "Strict-Transport-Security": "max-age=31536000; includeSubDomains",
        "Vary": "Accept-Encoding",
        "x-aml-cluster": "vienna-eastus-01",
        "X-Cache": "CONFIG_NOCACHE",
        "X-Content-Type-Options": "nosniff",
        "x-ms-correlation-request-id": "d9933c25-8b39-4785-a810-e1be8a896cf1",
        "x-ms-ratelimit-remaining-subscription-reads": "11992",
        "x-ms-response-type": "standard",
        "x-ms-routing-request-id": "EASTUS:20240422T064818Z:d9933c25-8b39-4785-a810-e1be8a896cf1",
        "X-MSEdge-Ref": "Ref A: 6E5F0AE232514643923B46AE786BFB32 Ref B: MNZ221060619031 Ref C: 2024-04-22T06:48:18Z",
        "x-request-time": "0.050"
      },
      "ResponseBody": {
        "tags": null,
        "location": null,
        "id": "/subscriptions/00000000-0000-0000-0000-000000000/resourceGroups/00000/providers/Microsoft.MachineLearningServices/workspaces/00000/connections/e2etest_wps_conn_test_522378195412",
        "name": "e2etest_wps_conn_test_522378195412",
        "type": "Microsoft.MachineLearningServices/workspaces/connections",
        "properties": {
          "authType": "ApiKey",
          "credentials": null,
          "group": "AzureAI",
          "category": "AzureOpenAI",
          "expiryTime": null,
          "target": "dummy",
          "createdByWorkspaceArmId": "/subscriptions/00000000-0000-0000-0000-000000000/resourceGroups/00000/providers/Microsoft.MachineLearningServices/workspaces/00000",
          "useWorkspaceManagedIdentity": false,
          "isSharedToAll": true,
          "sharedUserList": [],
          "metadata": {
            "hello": "world",
            "ApiVersion": "1.0",
            "ApiType": "Azure",
            "DeploymentApiVersion": "2023-10-01-preview"
          }
        },
        "systemData": {
          "createdAt": "2024-04-22T06:48:17.7322149Z",
          "createdBy": "milesholland@microsoft.com",
          "createdByType": "User",
          "lastModifiedAt": "2024-04-22T06:48:17.7322149Z",
          "lastModifiedBy": "milesholland@microsoft.com",
          "lastModifiedByType": "User"
        }
      }
    },
    {
      "RequestUri": "https://management.azure.com/subscriptions/00000000-0000-0000-0000-000000000/resourceGroups/00000/providers/Microsoft.MachineLearningServices/workspaces/00000/connections/e2etest_wps_conn_test_522378195412/listsecrets?api-version=2023-08-01-preview",
      "RequestMethod": "POST",
      "RequestHeaders": {
        "Accept": "application/json",
        "Accept-Encoding": "gzip, deflate",
        "Connection": "keep-alive",
        "Content-Length": "0",
        "User-Agent": "azure-ai-ml/1.16.0 azsdk-python-mgmt-machinelearningservices/0.1.0 Python/3.10.2 (Linux-5.15.146.1-microsoft-standard-WSL2-x86_64-with-glibc2.31)"
      },
      "RequestBody": null,
      "StatusCode": 200,
      "ResponseHeaders": {
        "Cache-Control": "no-cache",
        "Content-Length": "1076",
        "Content-Type": "application/json; charset=utf-8",
        "Date": "Mon, 22 Apr 2024 06:48:17 GMT",
        "Expires": "-1",
        "Pragma": "no-cache",
        "Request-Context": "appId=cid-v1:2d2e8e63-272e-4b3c-8598-4ee570a0e70d",
        "Strict-Transport-Security": "max-age=31536000; includeSubDomains",
        "Vary": "Accept-Encoding",
        "x-aml-cluster": "vienna-eastus-01",
        "X-Cache": "CONFIG_NOCACHE",
        "X-Content-Type-Options": "nosniff",
        "x-ms-correlation-request-id": "944b3c09-52f7-4bc0-b845-3752d4bba711",
        "x-ms-ratelimit-remaining-subscription-writes": "1199",
        "x-ms-response-type": "standard",
        "x-ms-routing-request-id": "EASTUS:20240422T064818Z:944b3c09-52f7-4bc0-b845-3752d4bba711",
        "X-MSEdge-Ref": "Ref A: 7BA76D54D47F4E4FBD0E1C68F684E5EA Ref B: MNZ221060619031 Ref C: 2024-04-22T06:48:18Z",
        "x-request-time": "0.076"
      },
      "ResponseBody": {
        "tags": null,
        "location": null,
        "id": "/subscriptions/00000000-0000-0000-0000-000000000/resourceGroups/00000/providers/Microsoft.MachineLearningServices/workspaces/00000/connections/e2etest_wps_conn_test_522378195412",
        "name": "e2etest_wps_conn_test_522378195412",
        "type": "Microsoft.MachineLearningServices/workspaces/connections",
        "properties": {
          "authType": "ApiKey",
          "credentials": {
            "key": "dGhpcyBpcyBmYWtlIGtleQ=="
          },
          "group": "AzureAI",
          "category": "AzureOpenAI",
          "expiryTime": null,
          "target": "dummy",
          "createdByWorkspaceArmId": "/subscriptions/00000000-0000-0000-0000-000000000/resourceGroups/00000/providers/Microsoft.MachineLearningServices/workspaces/00000",
          "useWorkspaceManagedIdentity": false,
          "isSharedToAll": true,
          "sharedUserList": [],
          "metadata": {
            "hello": "world",
            "ApiVersion": "1.0",
            "ApiType": "Azure",
            "DeploymentApiVersion": "2023-10-01-preview"
          }
        },
        "systemData": {
          "createdAt": "2024-04-22T06:48:17.7322149Z",
          "createdBy": "milesholland@microsoft.com",
          "createdByType": "User",
          "lastModifiedAt": "2024-04-22T06:48:17.7322149Z",
          "lastModifiedBy": "milesholland@microsoft.com",
          "lastModifiedByType": "User"
        }
      }
    },
    {
      "RequestUri": "https://management.azure.com/subscriptions/00000000-0000-0000-0000-000000000/resourceGroups/00000/providers/Microsoft.MachineLearningServices/workspaces/00000/connections/e2etest_wps_conn_test_522378195412?api-version=2023-08-01-preview",
      "RequestMethod": "GET",
      "RequestHeaders": {
        "Accept": "application/json",
        "Accept-Encoding": "gzip, deflate",
        "Connection": "keep-alive",
        "User-Agent": "azure-ai-ml/1.16.0 azsdk-python-mgmt-machinelearningservices/0.1.0 Python/3.10.2 (Linux-5.15.146.1-microsoft-standard-WSL2-x86_64-with-glibc2.31)"
      },
      "RequestBody": null,
      "StatusCode": 200,
      "ResponseHeaders": {
        "Cache-Control": "no-cache",
        "Content-Length": "1220",
        "Content-Type": "application/json; charset=utf-8",
        "Date": "Mon, 22 Apr 2024 06:48:18 GMT",
        "Expires": "-1",
        "Pragma": "no-cache",
        "Request-Context": "appId=cid-v1:2d2e8e63-272e-4b3c-8598-4ee570a0e70d",
        "Strict-Transport-Security": "max-age=31536000; includeSubDomains",
        "Vary": "Accept-Encoding",
        "x-aml-cluster": "vienna-eastus-02",
        "X-Cache": "CONFIG_NOCACHE",
        "X-Content-Type-Options": "nosniff",
        "x-ms-correlation-request-id": "b85e3065-c872-41e8-9356-2ccb9ab5a625",
        "x-ms-ratelimit-remaining-subscription-reads": "11998",
        "x-ms-response-type": "standard",
        "x-ms-routing-request-id": "EASTUS2:20240422T064818Z:b85e3065-c872-41e8-9356-2ccb9ab5a625",
        "X-MSEdge-Ref": "Ref A: 4A01725746124119ADF6F16854E46C0F Ref B: MNZ221060619031 Ref C: 2024-04-22T06:48:18Z",
        "x-request-time": "0.033"
      },
      "ResponseBody": {
        "tags": null,
        "location": null,
        "id": "/subscriptions/00000000-0000-0000-0000-000000000/resourceGroups/00000/providers/Microsoft.MachineLearningServices/workspaces/00000/connections/e2etest_wps_conn_test_522378195412",
        "name": "e2etest_wps_conn_test_522378195412",
        "type": "Microsoft.MachineLearningServices/workspaces/connections",
        "properties": {
          "authType": "ApiKey",
          "credentials": null,
          "group": "AzureAI",
          "category": "AzureOpenAI",
          "expiryTime": null,
          "target": "dummy",
          "createdByWorkspaceArmId": "/subscriptions/00000000-0000-0000-0000-000000000/resourceGroups/00000/providers/Microsoft.MachineLearningServices/workspaces/00000",
          "useWorkspaceManagedIdentity": false,
          "isSharedToAll": true,
          "sharedUserList": [],
          "metadata": {
            "hello": "world",
            "ApiVersion": "1.0",
            "ApiType": "Azure",
            "DeploymentApiVersion": "2023-10-01-preview"
          }
        },
        "systemData": {
          "createdAt": "2024-04-22T06:48:17.7322149Z",
          "createdBy": "milesholland@microsoft.com",
          "createdByType": "User",
          "lastModifiedAt": "2024-04-22T06:48:17.7322149Z",
          "lastModifiedBy": "milesholland@microsoft.com",
          "lastModifiedByType": "User"
        }
      }
    },
    {
      "RequestUri": "https://management.azure.com/subscriptions/00000000-0000-0000-0000-000000000/resourceGroups/00000/providers/Microsoft.MachineLearningServices/workspaces/00000/connections?api-version=2023-08-01-preview",
      "RequestMethod": "GET",
      "RequestHeaders": {
        "Accept": "application/json",
        "Accept-Encoding": "gzip, deflate",
        "Connection": "keep-alive",
        "User-Agent": "azure-ai-ml/1.16.0 azsdk-python-mgmt-machinelearningservices/0.1.0 Python/3.10.2 (Linux-5.15.146.1-microsoft-standard-WSL2-x86_64-with-glibc2.31)"
      },
      "RequestBody": null,
      "StatusCode": 200,
      "ResponseHeaders": {
        "Cache-Control": "no-cache",
        "Content-Length": "30088",
        "Content-Type": "application/json; charset=utf-8",
        "Date": "Mon, 22 Apr 2024 06:48:18 GMT",
        "Expires": "-1",
        "Pragma": "no-cache",
        "Request-Context": "appId=cid-v1:2d2e8e63-272e-4b3c-8598-4ee570a0e70d",
        "Strict-Transport-Security": "max-age=31536000; includeSubDomains",
        "Vary": "Accept-Encoding",
        "x-aml-cluster": "vienna-eastus-02",
        "X-Cache": "CONFIG_NOCACHE",
        "X-Content-Type-Options": "nosniff",
        "x-ms-correlation-request-id": "d8f1b88d-4f50-4fcc-87df-402bf005692b",
        "x-ms-ratelimit-remaining-subscription-reads": "11998",
        "x-ms-response-type": "standard",
        "x-ms-routing-request-id": "EASTUS:20240422T064818Z:d8f1b88d-4f50-4fcc-87df-402bf005692b",
        "X-MSEdge-Ref": "Ref A: ED0546620FD44338B8C55E8FA3C765EE Ref B: MNZ221060619031 Ref C: 2024-04-22T06:48:18Z",
        "x-request-time": "0.033"
      },
      "ResponseBody": {
        "value": [
          {
            "tags": null,
            "location": null,
            "id": "/subscriptions/00000000-0000-0000-0000-000000000/resourceGroups/00000/providers/Microsoft.MachineLearningServices/workspaces/00000/connections/e2etest_wps_conn_test_896755738440",
            "name": "e2etest_wps_conn_test_896755738440",
            "type": "Microsoft.MachineLearningServices/workspaces/connections",
            "properties": {
              "authType": "ApiKey",
              "credentials": null,
              "group": "AzureAI",
              "category": "AzureOpenAI",
              "expiryTime": null,
              "target": "dummy",
              "createdByWorkspaceArmId": "/subscriptions/00000000-0000-0000-0000-000000000/resourceGroups/00000/providers/Microsoft.MachineLearningServices/workspaces/00000",
              "useWorkspaceManagedIdentity": false,
              "isSharedToAll": false,
              "sharedUserList": [],
              "metadata": {
                "hello": "world",
                "ApiVersion": "some_version",
                "ApiType": "Azure",
                "DeploymentApiVersion": "2023-10-01-preview"
              }
            },
            "systemData": {
              "createdAt": "2023-10-30T16:39:47.923711Z",
              "createdBy": "milesholland@microsoft.com",
              "createdByType": "User",
              "lastModifiedAt": "2023-10-30T16:39:47.923711Z",
              "lastModifiedBy": "milesholland@microsoft.com",
              "lastModifiedByType": "User"
            }
          },
          {
            "tags": null,
            "location": null,
            "id": "/subscriptions/00000000-0000-0000-0000-000000000/resourceGroups/00000/providers/Microsoft.MachineLearningServices/workspaces/00000/connections/e2etest_wps_conn_test_46975908831",
            "name": "e2etest_wps_conn_test_46975908831",
            "type": "Microsoft.MachineLearningServices/workspaces/connections",
            "properties": {
              "authType": "ApiKey",
              "credentials": null,
              "group": "AzureAI",
              "category": "AzureOpenAI",
              "expiryTime": null,
              "target": "dummy",
              "createdByWorkspaceArmId": "/subscriptions/00000000-0000-0000-0000-000000000/resourceGroups/00000/providers/Microsoft.MachineLearningServices/workspaces/00000",
              "useWorkspaceManagedIdentity": false,
              "isSharedToAll": false,
              "sharedUserList": [],
              "metadata": {
                "hello": "world",
                "ApiType": "Azure",
                "ApiVersion": "2023-07-01-preview",
                "DeploymentApiVersion": "2023-10-01-preview"
              }
            },
            "systemData": {
              "createdAt": "2023-11-03T15:01:56.13861Z",
              "createdBy": "milesholland@microsoft.com",
              "createdByType": "User",
              "lastModifiedAt": "2023-11-03T15:01:56.13861Z",
              "lastModifiedBy": "milesholland@microsoft.com",
              "lastModifiedByType": "User"
            }
          },
          {
            "tags": null,
            "location": null,
            "id": "/subscriptions/00000000-0000-0000-0000-000000000/resourceGroups/00000/providers/Microsoft.MachineLearningServices/workspaces/00000/connections/sharedHubConn",
            "name": "sharedHubConn",
            "type": "Microsoft.MachineLearningServices/workspaces/connections",
            "properties": {
              "authType": "ApiKey",
              "credentials": null,
              "group": "AzureAI",
              "category": "CustomKeys",
              "expiryTime": null,
              "target": "notReal",
              "createdByWorkspaceArmId": "/subscriptions/00000000-0000-0000-0000-000000000/resourceGroups/00000/providers/Microsoft.MachineLearningServices/workspaces/00000",
              "useWorkspaceManagedIdentity": false,
              "isSharedToAll": true,
              "sharedUserList": [],
              "metadata": {}
            },
            "systemData": {
              "createdAt": "2023-12-05T03:44:14.466372Z",
              "createdBy": "milesholland@microsoft.com",
              "createdByType": "User",
              "lastModifiedAt": "2023-12-05T03:44:14.466372Z",
              "lastModifiedBy": "milesholland@microsoft.com",
              "lastModifiedByType": "User"
            }
          },
          {
            "tags": null,
            "location": null,
            "id": "/subscriptions/00000000-0000-0000-0000-000000000/resourceGroups/00000/providers/Microsoft.MachineLearningServices/workspaces/00000/connections/closedHubConn",
            "name": "closedHubConn",
            "type": "Microsoft.MachineLearningServices/workspaces/connections",
            "properties": {
              "authType": "ApiKey",
              "credentials": null,
              "group": "AzureAI",
              "category": "CustomKeys",
              "expiryTime": null,
              "target": "notReal",
              "createdByWorkspaceArmId": "/subscriptions/00000000-0000-0000-0000-000000000/resourceGroups/00000/providers/Microsoft.MachineLearningServices/workspaces/00000",
              "useWorkspaceManagedIdentity": false,
              "isSharedToAll": false,
              "sharedUserList": [],
              "metadata": {}
            },
            "systemData": {
              "createdAt": "2023-12-05T03:44:15.1611302Z",
              "createdBy": "milesholland@microsoft.com",
              "createdByType": "User",
              "lastModifiedAt": "2023-12-05T03:44:15.1611302Z",
              "lastModifiedBy": "milesholland@microsoft.com",
              "lastModifiedByType": "User"
            }
          },
          {
            "tags": null,
            "location": null,
            "id": "/subscriptions/00000000-0000-0000-0000-000000000/resourceGroups/00000/providers/Microsoft.MachineLearningServices/workspaces/00000/connections/sharedLeanConn",
            "name": "sharedLeanConn",
            "type": "Microsoft.MachineLearningServices/workspaces/connections",
            "properties": {
              "authType": "ApiKey",
              "credentials": null,
              "group": "AzureAI",
              "category": "CustomKeys",
              "expiryTime": null,
              "target": "notReal",
              "createdByWorkspaceArmId": "/subscriptions/00000000-0000-0000-0000-000000000/resourceGroups/00000/providers/Microsoft.MachineLearningServices/workspaces/00000",
              "useWorkspaceManagedIdentity": false,
              "isSharedToAll": true,
              "sharedUserList": [],
              "metadata": {}
            },
            "systemData": {
              "createdAt": "2023-12-05T03:44:15.7420377Z",
              "createdBy": "milesholland@microsoft.com",
              "createdByType": "User",
              "lastModifiedAt": "2023-12-05T03:44:15.7420377Z",
              "lastModifiedBy": "milesholland@microsoft.com",
              "lastModifiedByType": "User"
            }
          },
          {
            "tags": null,
            "location": null,
            "id": "/subscriptions/00000000-0000-0000-0000-000000000/resourceGroups/00000/providers/Microsoft.MachineLearningServices/workspaces/00000/connections/closedLeanConn",
            "name": "closedLeanConn",
            "type": "Microsoft.MachineLearningServices/workspaces/connections",
            "properties": {
              "authType": "ApiKey",
              "credentials": null,
              "group": "AzureAI",
              "category": "CustomKeys",
              "expiryTime": null,
              "target": "notReal",
              "createdByWorkspaceArmId": "/subscriptions/00000000-0000-0000-0000-000000000/resourceGroups/00000/providers/Microsoft.MachineLearningServices/workspaces/00000",
              "useWorkspaceManagedIdentity": false,
              "isSharedToAll": false,
              "sharedUserList": [],
              "metadata": {}
            },
            "systemData": {
              "createdAt": "2023-12-05T03:44:16.1887496Z",
              "createdBy": "milesholland@microsoft.com",
              "createdByType": "User",
              "lastModifiedAt": "2023-12-05T03:44:16.1887496Z",
              "lastModifiedBy": "milesholland@microsoft.com",
              "lastModifiedByType": "User"
            }
          },
          {
            "tags": null,
            "location": null,
            "id": "/subscriptions/00000000-0000-0000-0000-000000000/resourceGroups/00000/providers/Microsoft.MachineLearningServices/workspaces/00000/connections/e2etest_wps_conn_test_784372880306",
            "name": "e2etest_wps_conn_test_784372880306",
            "type": "Microsoft.MachineLearningServices/workspaces/connections",
            "properties": {
              "authType": "PAT",
              "credentials": null,
              "group": "ServicesAndApps",
              "category": "PythonFeed",
              "expiryTime": null,
              "target": "https://test-feed.com",
              "createdByWorkspaceArmId": "/subscriptions/00000000-0000-0000-0000-000000000/resourceGroups/00000/providers/Microsoft.MachineLearningServices/workspaces/00000",
              "useWorkspaceManagedIdentity": false,
              "isSharedToAll": true,
              "sharedUserList": [],
              "metadata": {}
            },
            "systemData": {
              "createdAt": "2023-12-05T03:55:22.5083282Z",
              "createdBy": "milesholland@microsoft.com",
              "createdByType": "User",
              "lastModifiedAt": "2023-12-05T03:55:22.5083282Z",
              "lastModifiedBy": "milesholland@microsoft.com",
              "lastModifiedByType": "User"
            }
          },
          {
            "tags": null,
            "location": null,
            "id": "/subscriptions/00000000-0000-0000-0000-000000000/resourceGroups/00000/providers/Microsoft.MachineLearningServices/workspaces/00000/connections/e2etest_wps_conn_test_312719737130",
            "name": "e2etest_wps_conn_test_312719737130",
            "type": "Microsoft.MachineLearningServices/workspaces/connections",
            "properties": {
              "authType": "PAT",
              "credentials": null,
              "group": "ServicesAndApps",
              "category": "PythonFeed",
              "expiryTime": null,
              "target": "https://test-feed.com",
              "createdByWorkspaceArmId": "/subscriptions/00000000-0000-0000-0000-000000000/resourceGroups/00000/providers/Microsoft.MachineLearningServices/workspaces/00000",
              "useWorkspaceManagedIdentity": false,
              "isSharedToAll": true,
              "sharedUserList": [],
              "metadata": {}
            },
            "systemData": {
              "createdAt": "2023-12-11T23:05:29.2803106Z",
              "createdBy": "milesholland@microsoft.com",
              "createdByType": "User",
              "lastModifiedAt": "2023-12-11T23:05:29.2803106Z",
              "lastModifiedBy": "milesholland@microsoft.com",
              "lastModifiedByType": "User"
            }
          },
          {
            "tags": null,
            "location": null,
            "id": "/subscriptions/00000000-0000-0000-0000-000000000/resourceGroups/00000/providers/Microsoft.MachineLearningServices/workspaces/00000/connections/e2etest_wps_conn_test_896560488031",
            "name": "e2etest_wps_conn_test_896560488031",
            "type": "Microsoft.MachineLearningServices/workspaces/connections",
            "properties": {
              "authType": "PAT",
              "credentials": null,
              "group": "ServicesAndApps",
              "category": "Git",
              "expiryTime": null,
              "target": "https://test-git-feed.com",
              "createdByWorkspaceArmId": "/subscriptions/00000000-0000-0000-0000-000000000/resourceGroups/00000/providers/Microsoft.MachineLearningServices/workspaces/00000",
              "useWorkspaceManagedIdentity": false,
              "isSharedToAll": true,
              "sharedUserList": [],
              "metadata": {}
            },
            "systemData": {
              "createdAt": "2023-12-11T23:05:32.6084759Z",
              "createdBy": "milesholland@microsoft.com",
              "createdByType": "User",
              "lastModifiedAt": "2023-12-11T23:05:32.6084759Z",
              "lastModifiedBy": "milesholland@microsoft.com",
              "lastModifiedByType": "User"
            }
          },
          {
            "tags": null,
            "location": null,
            "id": "/subscriptions/00000000-0000-0000-0000-000000000/resourceGroups/00000/providers/Microsoft.MachineLearningServices/workspaces/00000/connections/e2etest_wps_conn_test_574901467158",
            "name": "e2etest_wps_conn_test_574901467158",
            "type": "Microsoft.MachineLearningServices/workspaces/connections",
            "properties": {
              "authType": "ManagedIdentity",
              "credentials": null,
              "group": "Azure",
              "category": "ContainerRegistry",
              "expiryTime": null,
              "target": "https://test-feed.com",
              "createdByWorkspaceArmId": "/subscriptions/00000000-0000-0000-0000-000000000/resourceGroups/00000/providers/Microsoft.MachineLearningServices/workspaces/00000",
              "useWorkspaceManagedIdentity": false,
              "isSharedToAll": true,
              "sharedUserList": [],
              "metadata": {}
            },
            "systemData": {
              "createdAt": "2023-12-11T23:05:35.1397531Z",
              "createdBy": "milesholland@microsoft.com",
              "createdByType": "User",
              "lastModifiedAt": "2023-12-11T23:05:35.1397531Z",
              "lastModifiedBy": "milesholland@microsoft.com",
              "lastModifiedByType": "User"
            }
          },
          {
            "tags": null,
            "location": null,
            "id": "/subscriptions/00000000-0000-0000-0000-000000000/resourceGroups/00000/providers/Microsoft.MachineLearningServices/workspaces/00000/connections/e2etest_wps_conn_test_749452560810",
            "name": "e2etest_wps_conn_test_749452560810",
            "type": "Microsoft.MachineLearningServices/workspaces/connections",
            "properties": {
              "authType": "UsernamePassword",
              "credentials": null,
              "group": "ServicesAndApps",
              "category": "Git",
              "expiryTime": null,
              "target": "https://test-git-feed.com",
              "createdByWorkspaceArmId": "/subscriptions/00000000-0000-0000-0000-000000000/resourceGroups/00000/providers/Microsoft.MachineLearningServices/workspaces/00000",
              "useWorkspaceManagedIdentity": false,
              "isSharedToAll": true,
              "sharedUserList": [],
              "metadata": {}
            },
            "systemData": {
              "createdAt": "2023-12-11T23:05:37.4366533Z",
              "createdBy": "milesholland@microsoft.com",
              "createdByType": "User",
              "lastModifiedAt": "2023-12-11T23:05:37.4366533Z",
              "lastModifiedBy": "milesholland@microsoft.com",
              "lastModifiedByType": "User"
            }
          },
          {
            "tags": null,
            "location": null,
            "id": "/subscriptions/00000000-0000-0000-0000-000000000/resourceGroups/00000/providers/Microsoft.MachineLearningServices/workspaces/00000/connections/e2etest_wps_conn_test_559562380938",
            "name": "e2etest_wps_conn_test_559562380938",
            "type": "Microsoft.MachineLearningServices/workspaces/connections",
            "properties": {
              "authType": "UsernamePassword",
              "credentials": null,
              "group": "Database",
              "category": "Snowflake",
              "expiryTime": null,
              "target": "dummy",
              "createdByWorkspaceArmId": "/subscriptions/00000000-0000-0000-0000-000000000/resourceGroups/00000/providers/Microsoft.MachineLearningServices/workspaces/00000",
              "useWorkspaceManagedIdentity": false,
              "isSharedToAll": true,
              "sharedUserList": [],
              "metadata": {}
            },
            "systemData": {
              "createdAt": "2023-12-11T23:05:39.9835566Z",
              "createdBy": "milesholland@microsoft.com",
              "createdByType": "User",
              "lastModifiedAt": "2023-12-11T23:05:39.9835566Z",
              "lastModifiedBy": "milesholland@microsoft.com",
              "lastModifiedByType": "User"
            }
          },
          {
            "tags": null,
            "location": null,
            "id": "/subscriptions/00000000-0000-0000-0000-000000000/resourceGroups/00000/providers/Microsoft.MachineLearningServices/workspaces/00000/connections/e2etest_wps_conn_test_859803829682",
            "name": "e2etest_wps_conn_test_859803829682",
            "type": "Microsoft.MachineLearningServices/workspaces/connections",
            "properties": {
              "authType": "AccessKey",
              "credentials": null,
              "group": "File",
              "category": "S3",
              "expiryTime": null,
              "target": "dummy",
              "createdByWorkspaceArmId": "/subscriptions/00000000-0000-0000-0000-000000000/resourceGroups/00000/providers/Microsoft.MachineLearningServices/workspaces/00000",
              "useWorkspaceManagedIdentity": false,
              "isSharedToAll": true,
              "sharedUserList": [],
              "metadata": {}
            },
            "systemData": {
              "createdAt": "2023-12-11T23:05:42.3273448Z",
              "createdBy": "milesholland@microsoft.com",
              "createdByType": "User",
              "lastModifiedAt": "2023-12-11T23:05:42.3273448Z",
              "lastModifiedBy": "milesholland@microsoft.com",
              "lastModifiedByType": "User"
            }
          },
          {
            "tags": null,
            "location": null,
            "id": "/subscriptions/00000000-0000-0000-0000-000000000/resourceGroups/00000/providers/Microsoft.MachineLearningServices/workspaces/00000/connections/e2etest_wps_conn_test_39448663953",
            "name": "e2etest_wps_conn_test_39448663953",
            "type": "Microsoft.MachineLearningServices/workspaces/connections",
            "properties": {
              "authType": "ApiKey",
              "credentials": null,
              "group": "AzureAI",
              "category": "AzureOpenAI",
              "expiryTime": null,
              "target": "dummy",
              "createdByWorkspaceArmId": "/subscriptions/00000000-0000-0000-0000-000000000/resourceGroups/00000/providers/Microsoft.MachineLearningServices/workspaces/00000",
              "useWorkspaceManagedIdentity": false,
              "isSharedToAll": true,
              "sharedUserList": [],
              "metadata": {
                "hello": "world",
                "ApiVersion": null,
                "ApiType": "Azure",
                "DeploymentApiVersion": "2023-10-01-preview"
              }
            },
            "systemData": {
              "createdAt": "2023-12-11T23:05:45.0304869Z",
              "createdBy": "milesholland@microsoft.com",
              "createdByType": "User",
              "lastModifiedAt": "2023-12-11T23:05:45.0304869Z",
              "lastModifiedBy": "milesholland@microsoft.com",
              "lastModifiedByType": "User"
            }
          },
          {
            "tags": null,
            "location": null,
            "id": "/subscriptions/00000000-0000-0000-0000-000000000/resourceGroups/00000/providers/Microsoft.MachineLearningServices/workspaces/00000/connections/e2etest_wps_conn_test_302767354136",
            "name": "e2etest_wps_conn_test_302767354136",
            "type": "Microsoft.MachineLearningServices/workspaces/connections",
            "properties": {
              "authType": "ApiKey",
              "credentials": null,
              "group": "AzureAI",
              "category": "CognitiveSearch",
              "expiryTime": null,
              "target": "a_base",
              "createdByWorkspaceArmId": "/subscriptions/00000000-0000-0000-0000-000000000/resourceGroups/00000/providers/Microsoft.MachineLearningServices/workspaces/00000",
              "useWorkspaceManagedIdentity": false,
              "isSharedToAll": true,
              "sharedUserList": [],
              "metadata": {
                "ApiVersion": "dummy",
                "DeploymentApiVersion": "2023-11-01"
              }
            },
            "systemData": {
              "createdAt": "2023-12-11T23:05:48.2023971Z",
              "createdBy": "milesholland@microsoft.com",
              "createdByType": "User",
              "lastModifiedAt": "2023-12-11T23:05:48.2023971Z",
              "lastModifiedBy": "milesholland@microsoft.com",
              "lastModifiedByType": "User"
            }
          },
          {
            "tags": null,
            "location": null,
            "id": "/subscriptions/00000000-0000-0000-0000-000000000/resourceGroups/00000/providers/Microsoft.MachineLearningServices/workspaces/00000/connections/e2etest_wps_conn_test_398511198930",
            "name": "e2etest_wps_conn_test_398511198930",
            "type": "Microsoft.MachineLearningServices/workspaces/connections",
            "properties": {
              "authType": "ApiKey",
              "credentials": null,
              "group": "AzureAI",
              "category": "CognitiveService",
              "expiryTime": null,
              "target": "my_endpoint",
              "createdByWorkspaceArmId": "/subscriptions/00000000-0000-0000-0000-000000000/resourceGroups/00000/providers/Microsoft.MachineLearningServices/workspaces/00000",
              "useWorkspaceManagedIdentity": false,
              "isSharedToAll": true,
              "sharedUserList": [],
              "metadata": {
                "one": "two",
                "ApiVersion": "dummy",
                "Kind": "some_kind",
                "DeploymentApiVersion": "2023-10-01-preview"
              }
            },
            "systemData": {
              "createdAt": "2023-12-11T23:05:50.608674Z",
              "createdBy": "milesholland@microsoft.com",
              "createdByType": "User",
              "lastModifiedAt": "2023-12-11T23:05:50.608674Z",
              "lastModifiedBy": "milesholland@microsoft.com",
              "lastModifiedByType": "User"
            }
          },
          {
            "tags": null,
            "location": null,
            "id": "/subscriptions/00000000-0000-0000-0000-000000000/resourceGroups/00000/providers/Microsoft.MachineLearningServices/workspaces/00000/connections/e2etest_wps_conn_test_575214867510",
            "name": "e2etest_wps_conn_test_575214867510",
            "type": "Microsoft.MachineLearningServices/workspaces/connections",
            "properties": {
              "authType": "ApiKey",
              "credentials": null,
              "group": "AzureAI",
              "category": "CustomKeys",
              "expiryTime": null,
              "target": "my_endpoint",
              "createdByWorkspaceArmId": "/subscriptions/00000000-0000-0000-0000-000000000/resourceGroups/00000/providers/Microsoft.MachineLearningServices/workspaces/00000",
              "useWorkspaceManagedIdentity": false,
              "isSharedToAll": true,
              "sharedUserList": [],
              "metadata": {
                "one": "two"
              }
            },
            "systemData": {
              "createdAt": "2023-12-11T23:05:53.1399562Z",
              "createdBy": "milesholland@microsoft.com",
              "createdByType": "User",
              "lastModifiedAt": "2023-12-11T23:05:53.1399562Z",
              "lastModifiedBy": "milesholland@microsoft.com",
              "lastModifiedByType": "User"
            }
          },
          {
            "tags": null,
            "location": null,
            "id": "/subscriptions/00000000-0000-0000-0000-000000000/resourceGroups/00000/providers/Microsoft.MachineLearningServices/workspaces/00000/connections/e2etest_wps_conn_test_260060892379",
            "name": "e2etest_wps_conn_test_260060892379",
            "type": "Microsoft.MachineLearningServices/workspaces/connections",
            "properties": {
              "authType": "ApiKey",
              "credentials": null,
              "group": "AzureAI",
              "category": "CustomKeys",
              "expiryTime": null,
              "target": "my_endpoint",
              "createdByWorkspaceArmId": "/subscriptions/00000000-0000-0000-0000-000000000/resourceGroups/00000/providers/Microsoft.MachineLearningServices/workspaces/00000",
              "useWorkspaceManagedIdentity": false,
              "isSharedToAll": true,
              "sharedUserList": [],
              "metadata": {
                "one": "two"
              }
            },
            "systemData": {
              "createdAt": "2023-12-11T23:07:29.5628108Z",
              "createdBy": "milesholland@microsoft.com",
              "createdByType": "User",
              "lastModifiedAt": "2023-12-11T23:07:29.5628108Z",
              "lastModifiedBy": "milesholland@microsoft.com",
              "lastModifiedByType": "User"
            }
          },
          {
            "tags": null,
            "location": null,
            "id": "/subscriptions/00000000-0000-0000-0000-000000000/resourceGroups/00000/providers/Microsoft.MachineLearningServices/workspaces/00000/connections/e2etest_wps_conn_test_144789034833",
            "name": "e2etest_wps_conn_test_144789034833",
            "type": "Microsoft.MachineLearningServices/workspaces/connections",
            "properties": {
              "authType": "ApiKey",
              "credentials": null,
              "group": "AzureAI",
              "category": "CustomKeys",
              "expiryTime": null,
              "target": "my_endpoint",
              "createdByWorkspaceArmId": "/subscriptions/00000000-0000-0000-0000-000000000/resourceGroups/00000/providers/Microsoft.MachineLearningServices/workspaces/00000",
              "useWorkspaceManagedIdentity": false,
              "isSharedToAll": true,
              "sharedUserList": [],
              "metadata": {
                "one": "two"
              }
            },
            "systemData": {
              "createdAt": "2023-12-11T23:10:23.3523423Z",
              "createdBy": "milesholland@microsoft.com",
              "createdByType": "User",
              "lastModifiedAt": "2023-12-11T23:10:23.3523423Z",
              "lastModifiedBy": "milesholland@microsoft.com",
              "lastModifiedByType": "User"
            }
          },
          {
            "tags": null,
            "location": null,
            "id": "/subscriptions/00000000-0000-0000-0000-000000000/resourceGroups/00000/providers/Microsoft.MachineLearningServices/workspaces/00000/connections/e2etest_wps_conn_test_416585930352",
            "name": "e2etest_wps_conn_test_416585930352",
            "type": "Microsoft.MachineLearningServices/workspaces/connections",
            "properties": {
              "authType": "AccessKey",
              "credentials": null,
              "group": "File",
              "category": "S3",
              "expiryTime": null,
              "target": "dummy",
              "createdByWorkspaceArmId": "/subscriptions/00000000-0000-0000-0000-000000000/resourceGroups/00000/providers/Microsoft.MachineLearningServices/workspaces/00000",
              "useWorkspaceManagedIdentity": false,
              "isSharedToAll": true,
              "sharedUserList": [],
              "metadata": {}
            },
            "systemData": {
              "createdAt": "2024-02-07T19:59:49.1225035Z",
              "createdBy": "milesholland@microsoft.com",
              "createdByType": "User",
              "lastModifiedAt": "2024-02-07T19:59:49.1225035Z",
              "lastModifiedBy": "milesholland@microsoft.com",
              "lastModifiedByType": "User"
            }
          },
          {
            "tags": null,
            "location": null,
            "id": "/subscriptions/00000000-0000-0000-0000-000000000/resourceGroups/00000/providers/Microsoft.MachineLearningServices/workspaces/00000/connections/e2etest_wps_conn_test_754399481597",
            "name": "e2etest_wps_conn_test_754399481597",
            "type": "Microsoft.MachineLearningServices/workspaces/connections",
            "properties": {
              "authType": "ApiKey",
              "credentials": null,
              "group": "AzureAI",
              "category": "AzureOpenAI",
              "expiryTime": null,
              "target": "dummy",
              "createdByWorkspaceArmId": "/subscriptions/00000000-0000-0000-0000-000000000/resourceGroups/00000/providers/Microsoft.MachineLearningServices/workspaces/00000",
              "useWorkspaceManagedIdentity": false,
              "isSharedToAll": true,
              "sharedUserList": [],
              "metadata": {
                "hello": "world",
                "ApiVersion": "1.0",
                "ApiType": "Azure",
                "DeploymentApiVersion": "2023-10-01-preview"
              }
            },
            "systemData": {
              "createdAt": "2024-04-22T01:07:32.1732395Z",
              "createdBy": "milesholland@microsoft.com",
              "createdByType": "User",
              "lastModifiedAt": "2024-04-22T01:07:32.1732395Z",
              "lastModifiedBy": "milesholland@microsoft.com",
              "lastModifiedByType": "User"
            }
          },
          {
            "tags": null,
            "location": null,
            "id": "/subscriptions/00000000-0000-0000-0000-000000000/resourceGroups/00000/providers/Microsoft.MachineLearningServices/workspaces/00000/connections/e2etest_wps_conn_test_545824126405",
            "name": "e2etest_wps_conn_test_545824126405",
            "type": "Microsoft.MachineLearningServices/workspaces/connections",
            "properties": {
              "authType": "ApiKey",
              "credentials": null,
              "group": "AzureAI",
              "category": "CognitiveSearch",
              "expiryTime": null,
              "target": "this_is_a_target",
              "createdByWorkspaceArmId": "/subscriptions/00000000-0000-0000-0000-000000000/resourceGroups/00000/providers/Microsoft.MachineLearningServices/workspaces/00000",
              "useWorkspaceManagedIdentity": false,
              "isSharedToAll": true,
              "sharedUserList": [],
              "metadata": {
                "ApiVersion": "2023-07-01-preview",
                "DeploymentApiVersion": "2023-11-01"
              }
            },
            "systemData": {
              "createdAt": "2024-04-22T01:07:38.013178Z",
              "createdBy": "milesholland@microsoft.com",
              "createdByType": "User",
              "lastModifiedAt": "2024-04-22T01:07:38.013178Z",
              "lastModifiedBy": "milesholland@microsoft.com",
              "lastModifiedByType": "User"
            }
          },
          {
            "tags": null,
            "location": null,
            "id": "/subscriptions/00000000-0000-0000-0000-000000000/resourceGroups/00000/providers/Microsoft.MachineLearningServices/workspaces/00000/connections/e2etest_wps_conn_test_706033906021",
            "name": "e2etest_wps_conn_test_706033906021",
            "type": "Microsoft.MachineLearningServices/workspaces/connections",
            "properties": {
              "authType": "ApiKey",
              "credentials": null,
              "group": "AzureAI",
              "category": "CustomKeys",
              "expiryTime": null,
              "target": "my_endpoint",
              "createdByWorkspaceArmId": "/subscriptions/00000000-0000-0000-0000-000000000/resourceGroups/00000/providers/Microsoft.MachineLearningServices/workspaces/00000",
              "useWorkspaceManagedIdentity": false,
              "isSharedToAll": true,
              "sharedUserList": [],
              "metadata": {
                "one": "two"
              }
            },
            "systemData": {
              "createdAt": "2024-04-22T01:17:18.2333042Z",
              "createdBy": "milesholland@microsoft.com",
              "createdByType": "User",
              "lastModifiedAt": "2024-04-22T01:17:18.2333042Z",
              "lastModifiedBy": "milesholland@microsoft.com",
              "lastModifiedByType": "User"
            }
          },
          {
            "tags": null,
            "location": null,
            "id": "/subscriptions/00000000-0000-0000-0000-000000000/resourceGroups/00000/providers/Microsoft.MachineLearningServices/workspaces/00000/connections/e2etest_wps_conn_test_522378195412",
            "name": "e2etest_wps_conn_test_522378195412",
            "type": "Microsoft.MachineLearningServices/workspaces/connections",
            "properties": {
              "authType": "ApiKey",
              "credentials": null,
              "group": "AzureAI",
              "category": "AzureOpenAI",
              "expiryTime": null,
              "target": "dummy",
              "createdByWorkspaceArmId": "/subscriptions/00000000-0000-0000-0000-000000000/resourceGroups/00000/providers/Microsoft.MachineLearningServices/workspaces/00000",
              "useWorkspaceManagedIdentity": false,
              "isSharedToAll": true,
              "sharedUserList": [],
              "metadata": {
                "hello": "world",
                "ApiVersion": "1.0",
                "ApiType": "Azure",
                "DeploymentApiVersion": "2023-10-01-preview"
              }
            },
            "systemData": {
              "createdAt": "2024-04-22T06:48:17.7322149Z",
              "createdBy": "milesholland@microsoft.com",
              "createdByType": "User",
              "lastModifiedAt": "2024-04-22T06:48:17.7322149Z",
              "lastModifiedBy": "milesholland@microsoft.com",
              "lastModifiedByType": "User"
            }
          }
        ]
      }
    },
    {
      "RequestUri": "https://management.azure.com/subscriptions/00000000-0000-0000-0000-000000000/resourceGroups/00000/providers/Microsoft.MachineLearningServices/workspaces/00000/connections/e2etest_wps_conn_test_896755738440/listsecrets?api-version=2023-08-01-preview",
      "RequestMethod": "POST",
      "RequestHeaders": {
        "Accept": "application/json",
        "Accept-Encoding": "gzip, deflate",
        "Connection": "keep-alive",
        "Content-Length": "0",
        "User-Agent": "azure-ai-ml/1.16.0 azsdk-python-mgmt-machinelearningservices/0.1.0 Python/3.10.2 (Linux-5.15.146.1-microsoft-standard-WSL2-x86_64-with-glibc2.31)"
      },
      "RequestBody": null,
      "StatusCode": 200,
      "ResponseHeaders": {
        "Cache-Control": "no-cache",
        "Content-Length": "1084",
        "Content-Type": "application/json; charset=utf-8",
        "Date": "Mon, 22 Apr 2024 06:48:18 GMT",
        "Expires": "-1",
        "Pragma": "no-cache",
        "Request-Context": "appId=cid-v1:2d2e8e63-272e-4b3c-8598-4ee570a0e70d",
        "Strict-Transport-Security": "max-age=31536000; includeSubDomains",
        "Vary": "Accept-Encoding",
        "x-aml-cluster": "vienna-eastus-01",
        "X-Cache": "CONFIG_NOCACHE",
        "X-Content-Type-Options": "nosniff",
        "x-ms-correlation-request-id": "8461624c-aa9f-475f-962f-80323b75c8f1",
        "x-ms-ratelimit-remaining-subscription-writes": "1199",
        "x-ms-response-type": "standard",
        "x-ms-routing-request-id": "EASTUS:20240422T064818Z:8461624c-aa9f-475f-962f-80323b75c8f1",
        "X-MSEdge-Ref": "Ref A: 959D6B92FECC4431AAC8004A1E6DCB5F Ref B: MNZ221060619031 Ref C: 2024-04-22T06:48:18Z",
        "x-request-time": "0.111"
      },
      "ResponseBody": {
        "tags": null,
        "location": null,
        "id": "/subscriptions/00000000-0000-0000-0000-000000000/resourceGroups/00000/providers/Microsoft.MachineLearningServices/workspaces/00000/connections/e2etest_wps_conn_test_896755738440",
        "name": "e2etest_wps_conn_test_896755738440",
        "type": "Microsoft.MachineLearningServices/workspaces/connections",
        "properties": {
          "authType": "ApiKey",
          "credentials": {
            "key": "dGhpcyBpcyBmYWtlIGtleQ=="
          },
          "group": "AzureAI",
          "category": "AzureOpenAI",
          "expiryTime": null,
          "target": "dummy",
          "createdByWorkspaceArmId": "/subscriptions/00000000-0000-0000-0000-000000000/resourceGroups/00000/providers/Microsoft.MachineLearningServices/workspaces/00000",
          "useWorkspaceManagedIdentity": false,
          "isSharedToAll": false,
          "sharedUserList": [],
          "metadata": {
            "hello": "world",
            "ApiVersion": "some_version",
            "ApiType": "Azure",
            "DeploymentApiVersion": "2023-10-01-preview"
          }
        },
        "systemData": {
          "createdAt": "2023-10-30T16:39:47.923711Z",
          "createdBy": "milesholland@microsoft.com",
          "createdByType": "User",
          "lastModifiedAt": "2023-10-30T16:39:47.923711Z",
          "lastModifiedBy": "milesholland@microsoft.com",
          "lastModifiedByType": "User"
        }
      }
    },
    {
      "RequestUri": "https://management.azure.com/subscriptions/00000000-0000-0000-0000-000000000/resourceGroups/00000/providers/Microsoft.MachineLearningServices/workspaces/00000/connections/e2etest_wps_conn_test_46975908831/listsecrets?api-version=2023-08-01-preview",
      "RequestMethod": "POST",
      "RequestHeaders": {
        "Accept": "application/json",
        "Accept-Encoding": "gzip, deflate",
        "Connection": "keep-alive",
        "Content-Length": "0",
        "User-Agent": "azure-ai-ml/1.16.0 azsdk-python-mgmt-machinelearningservices/0.1.0 Python/3.10.2 (Linux-5.15.146.1-microsoft-standard-WSL2-x86_64-with-glibc2.31)"
      },
      "RequestBody": null,
      "StatusCode": 200,
      "ResponseHeaders": {
        "Cache-Control": "no-cache",
        "Content-Length": "1086",
        "Content-Type": "application/json; charset=utf-8",
        "Date": "Mon, 22 Apr 2024 06:48:18 GMT",
        "Expires": "-1",
        "Pragma": "no-cache",
        "Request-Context": "appId=cid-v1:2d2e8e63-272e-4b3c-8598-4ee570a0e70d",
        "Strict-Transport-Security": "max-age=31536000; includeSubDomains",
        "Vary": "Accept-Encoding",
        "x-aml-cluster": "vienna-eastus-02",
        "X-Cache": "CONFIG_NOCACHE",
        "X-Content-Type-Options": "nosniff",
        "x-ms-correlation-request-id": "e0539fc1-b817-489f-9e94-4bebd209d939",
        "x-ms-ratelimit-remaining-subscription-writes": "1199",
        "x-ms-response-type": "standard",
        "x-ms-routing-request-id": "EASTUS2:20240422T064819Z:e0539fc1-b817-489f-9e94-4bebd209d939",
        "X-MSEdge-Ref": "Ref A: 435EC72B9DBA4979BB3E38C4E8187A03 Ref B: MNZ221060619031 Ref C: 2024-04-22T06:48:18Z",
        "x-request-time": "0.110"
      },
      "ResponseBody": {
        "tags": null,
        "location": null,
        "id": "/subscriptions/00000000-0000-0000-0000-000000000/resourceGroups/00000/providers/Microsoft.MachineLearningServices/workspaces/00000/connections/e2etest_wps_conn_test_46975908831",
        "name": "e2etest_wps_conn_test_46975908831",
        "type": "Microsoft.MachineLearningServices/workspaces/connections",
        "properties": {
          "authType": "ApiKey",
          "credentials": {
            "key": "dGhpcyBpcyBmYWtlIGtleQ=="
          },
          "group": "AzureAI",
          "category": "AzureOpenAI",
          "expiryTime": null,
          "target": "dummy",
          "createdByWorkspaceArmId": "/subscriptions/00000000-0000-0000-0000-000000000/resourceGroups/00000/providers/Microsoft.MachineLearningServices/workspaces/00000",
          "useWorkspaceManagedIdentity": false,
          "isSharedToAll": false,
          "sharedUserList": [],
          "metadata": {
            "hello": "world",
            "ApiType": "Azure",
            "ApiVersion": "2023-07-01-preview",
            "DeploymentApiVersion": "2023-10-01-preview"
          }
        },
        "systemData": {
          "createdAt": "2023-11-03T15:01:56.13861Z",
          "createdBy": "milesholland@microsoft.com",
          "createdByType": "User",
          "lastModifiedAt": "2023-11-03T15:01:56.13861Z",
          "lastModifiedBy": "milesholland@microsoft.com",
          "lastModifiedByType": "User"
        }
      }
    },
    {
      "RequestUri": "https://management.azure.com/subscriptions/00000000-0000-0000-0000-000000000/resourceGroups/00000/providers/Microsoft.MachineLearningServices/workspaces/00000/connections/sharedHubConn/listsecrets?api-version=2023-08-01-preview",
      "RequestMethod": "POST",
      "RequestHeaders": {
        "Accept": "application/json",
        "Accept-Encoding": "gzip, deflate",
        "Connection": "keep-alive",
        "Content-Length": "0",
        "User-Agent": "azure-ai-ml/1.16.0 azsdk-python-mgmt-machinelearningservices/0.1.0 Python/3.10.2 (Linux-5.15.146.1-microsoft-standard-WSL2-x86_64-with-glibc2.31)"
      },
      "RequestBody": null,
      "StatusCode": 200,
      "ResponseHeaders": {
        "Cache-Control": "no-cache",
        "Content-Length": "937",
        "Content-Type": "application/json; charset=utf-8",
        "Date": "Mon, 22 Apr 2024 06:48:18 GMT",
        "Expires": "-1",
        "Pragma": "no-cache",
        "Request-Context": "appId=cid-v1:2d2e8e63-272e-4b3c-8598-4ee570a0e70d",
        "Strict-Transport-Security": "max-age=31536000; includeSubDomains",
        "Vary": "Accept-Encoding",
        "x-aml-cluster": "vienna-eastus-02",
        "X-Cache": "CONFIG_NOCACHE",
        "X-Content-Type-Options": "nosniff",
        "x-ms-correlation-request-id": "bbb9af90-efac-4070-8870-12397713caa7",
        "x-ms-ratelimit-remaining-subscription-writes": "1199",
        "x-ms-response-type": "standard",
        "x-ms-routing-request-id": "EASTUS:20240422T064819Z:bbb9af90-efac-4070-8870-12397713caa7",
        "X-MSEdge-Ref": "Ref A: E34A620BA11E400AA4F1774EDBCA316F Ref B: MNZ221060619031 Ref C: 2024-04-22T06:48:19Z",
        "x-request-time": "0.067"
      },
      "ResponseBody": {
        "tags": null,
        "location": null,
        "id": "/subscriptions/00000000-0000-0000-0000-000000000/resourceGroups/00000/providers/Microsoft.MachineLearningServices/workspaces/00000/connections/sharedHubConn",
        "name": "sharedHubConn",
        "type": "Microsoft.MachineLearningServices/workspaces/connections",
        "properties": {
          "authType": "ApiKey",
          "credentials": {
            "key": "dGhpcyBpcyBmYWtlIGtleQ=="
          },
          "group": "AzureAI",
          "category": "CustomKeys",
          "expiryTime": null,
          "target": "notReal",
          "createdByWorkspaceArmId": "/subscriptions/00000000-0000-0000-0000-000000000/resourceGroups/00000/providers/Microsoft.MachineLearningServices/workspaces/00000",
          "useWorkspaceManagedIdentity": false,
          "isSharedToAll": true,
          "sharedUserList": [],
          "metadata": {}
        },
        "systemData": {
          "createdAt": "2023-12-05T03:44:14.466372Z",
          "createdBy": "milesholland@microsoft.com",
          "createdByType": "User",
          "lastModifiedAt": "2023-12-05T03:44:14.466372Z",
          "lastModifiedBy": "milesholland@microsoft.com",
          "lastModifiedByType": "User"
        }
      }
    },
    {
      "RequestUri": "https://management.azure.com/subscriptions/00000000-0000-0000-0000-000000000/resourceGroups/00000/providers/Microsoft.MachineLearningServices/workspaces/00000/connections/closedHubConn/listsecrets?api-version=2023-08-01-preview",
      "RequestMethod": "POST",
      "RequestHeaders": {
        "Accept": "application/json",
        "Accept-Encoding": "gzip, deflate",
        "Connection": "keep-alive",
        "Content-Length": "0",
        "User-Agent": "azure-ai-ml/1.16.0 azsdk-python-mgmt-machinelearningservices/0.1.0 Python/3.10.2 (Linux-5.15.146.1-microsoft-standard-WSL2-x86_64-with-glibc2.31)"
      },
      "RequestBody": null,
      "StatusCode": 200,
      "ResponseHeaders": {
        "Cache-Control": "no-cache",
        "Content-Length": "940",
        "Content-Type": "application/json; charset=utf-8",
        "Date": "Mon, 22 Apr 2024 06:48:19 GMT",
        "Expires": "-1",
        "Pragma": "no-cache",
        "Request-Context": "appId=cid-v1:2d2e8e63-272e-4b3c-8598-4ee570a0e70d",
        "Strict-Transport-Security": "max-age=31536000; includeSubDomains",
        "Vary": "Accept-Encoding",
        "x-aml-cluster": "vienna-eastus-01",
        "X-Cache": "CONFIG_NOCACHE",
        "X-Content-Type-Options": "nosniff",
        "x-ms-correlation-request-id": "a26be261-5517-4ee8-9d1c-f81f8e8981ae",
        "x-ms-ratelimit-remaining-subscription-writes": "1199",
        "x-ms-response-type": "standard",
        "x-ms-routing-request-id": "EASTUS:20240422T064819Z:a26be261-5517-4ee8-9d1c-f81f8e8981ae",
        "X-MSEdge-Ref": "Ref A: 582D8CC341174A6B931655929237B69C Ref B: MNZ221060619031 Ref C: 2024-04-22T06:48:19Z",
        "x-request-time": "0.111"
      },
      "ResponseBody": {
        "tags": null,
        "location": null,
        "id": "/subscriptions/00000000-0000-0000-0000-000000000/resourceGroups/00000/providers/Microsoft.MachineLearningServices/workspaces/00000/connections/closedHubConn",
        "name": "closedHubConn",
        "type": "Microsoft.MachineLearningServices/workspaces/connections",
        "properties": {
          "authType": "ApiKey",
          "credentials": {
            "key": "dGhpcyBpcyBmYWtlIGtleQ=="
          },
          "group": "AzureAI",
          "category": "CustomKeys",
          "expiryTime": null,
          "target": "notReal",
          "createdByWorkspaceArmId": "/subscriptions/00000000-0000-0000-0000-000000000/resourceGroups/00000/providers/Microsoft.MachineLearningServices/workspaces/00000",
          "useWorkspaceManagedIdentity": false,
          "isSharedToAll": false,
          "sharedUserList": [],
          "metadata": {}
        },
        "systemData": {
          "createdAt": "2023-12-05T03:44:15.1611302Z",
          "createdBy": "milesholland@microsoft.com",
          "createdByType": "User",
          "lastModifiedAt": "2023-12-05T03:44:15.1611302Z",
          "lastModifiedBy": "milesholland@microsoft.com",
          "lastModifiedByType": "User"
        }
      }
    },
    {
      "RequestUri": "https://management.azure.com/subscriptions/00000000-0000-0000-0000-000000000/resourceGroups/00000/providers/Microsoft.MachineLearningServices/workspaces/00000/connections/sharedLeanConn/listsecrets?api-version=2023-08-01-preview",
      "RequestMethod": "POST",
      "RequestHeaders": {
        "Accept": "application/json",
        "Accept-Encoding": "gzip, deflate",
        "Connection": "keep-alive",
        "Content-Length": "0",
        "User-Agent": "azure-ai-ml/1.16.0 azsdk-python-mgmt-machinelearningservices/0.1.0 Python/3.10.2 (Linux-5.15.146.1-microsoft-standard-WSL2-x86_64-with-glibc2.31)"
      },
      "RequestBody": null,
      "StatusCode": 200,
      "ResponseHeaders": {
        "Cache-Control": "no-cache",
        "Content-Length": "941",
        "Content-Type": "application/json; charset=utf-8",
        "Date": "Mon, 22 Apr 2024 06:48:19 GMT",
        "Expires": "-1",
        "Pragma": "no-cache",
        "Request-Context": "appId=cid-v1:2d2e8e63-272e-4b3c-8598-4ee570a0e70d",
        "Strict-Transport-Security": "max-age=31536000; includeSubDomains",
        "Vary": "Accept-Encoding",
        "x-aml-cluster": "vienna-eastus-02",
        "X-Cache": "CONFIG_NOCACHE",
        "X-Content-Type-Options": "nosniff",
        "x-ms-correlation-request-id": "f8c6817f-c586-4481-b7a6-5f7ed1598bc1",
        "x-ms-ratelimit-remaining-subscription-writes": "1199",
        "x-ms-response-type": "standard",
        "x-ms-routing-request-id": "EASTUS2:20240422T064819Z:f8c6817f-c586-4481-b7a6-5f7ed1598bc1",
        "X-MSEdge-Ref": "Ref A: 9F6B20646BB3411080CE64A363754983 Ref B: MNZ221060619031 Ref C: 2024-04-22T06:48:19Z",
        "x-request-time": "0.087"
      },
      "ResponseBody": {
        "tags": null,
        "location": null,
        "id": "/subscriptions/00000000-0000-0000-0000-000000000/resourceGroups/00000/providers/Microsoft.MachineLearningServices/workspaces/00000/connections/sharedLeanConn",
        "name": "sharedLeanConn",
        "type": "Microsoft.MachineLearningServices/workspaces/connections",
        "properties": {
          "authType": "ApiKey",
          "credentials": {
            "key": "dGhpcyBpcyBmYWtlIGtleQ=="
          },
          "group": "AzureAI",
          "category": "CustomKeys",
          "expiryTime": null,
          "target": "notReal",
          "createdByWorkspaceArmId": "/subscriptions/00000000-0000-0000-0000-000000000/resourceGroups/00000/providers/Microsoft.MachineLearningServices/workspaces/00000",
          "useWorkspaceManagedIdentity": false,
          "isSharedToAll": true,
          "sharedUserList": [],
          "metadata": {}
        },
        "systemData": {
          "createdAt": "2023-12-05T03:44:15.7420377Z",
          "createdBy": "milesholland@microsoft.com",
          "createdByType": "User",
          "lastModifiedAt": "2023-12-05T03:44:15.7420377Z",
          "lastModifiedBy": "milesholland@microsoft.com",
          "lastModifiedByType": "User"
        }
      }
    },
    {
      "RequestUri": "https://management.azure.com/subscriptions/00000000-0000-0000-0000-000000000/resourceGroups/00000/providers/Microsoft.MachineLearningServices/workspaces/00000/connections/closedLeanConn/listsecrets?api-version=2023-08-01-preview",
      "RequestMethod": "POST",
      "RequestHeaders": {
        "Accept": "application/json",
        "Accept-Encoding": "gzip, deflate",
        "Connection": "keep-alive",
        "Content-Length": "0",
        "User-Agent": "azure-ai-ml/1.16.0 azsdk-python-mgmt-machinelearningservices/0.1.0 Python/3.10.2 (Linux-5.15.146.1-microsoft-standard-WSL2-x86_64-with-glibc2.31)"
      },
      "RequestBody": null,
      "StatusCode": 200,
      "ResponseHeaders": {
        "Cache-Control": "no-cache",
        "Content-Length": "942",
        "Content-Type": "application/json; charset=utf-8",
        "Date": "Mon, 22 Apr 2024 06:48:19 GMT",
        "Expires": "-1",
        "Pragma": "no-cache",
        "Request-Context": "appId=cid-v1:2d2e8e63-272e-4b3c-8598-4ee570a0e70d",
        "Strict-Transport-Security": "max-age=31536000; includeSubDomains",
        "Vary": "Accept-Encoding",
        "x-aml-cluster": "vienna-eastus-01",
        "X-Cache": "CONFIG_NOCACHE",
        "X-Content-Type-Options": "nosniff",
        "x-ms-correlation-request-id": "3204f14a-9af9-42fd-af24-e8c9078b3215",
        "x-ms-ratelimit-remaining-subscription-writes": "1199",
        "x-ms-response-type": "standard",
        "x-ms-routing-request-id": "EASTUS2:20240422T064820Z:3204f14a-9af9-42fd-af24-e8c9078b3215",
        "X-MSEdge-Ref": "Ref A: 7F1A5B34F1484C3CB27D6EA4E922FA50 Ref B: MNZ221060619031 Ref C: 2024-04-22T06:48:19Z",
        "x-request-time": "0.096"
      },
      "ResponseBody": {
        "tags": null,
        "location": null,
        "id": "/subscriptions/00000000-0000-0000-0000-000000000/resourceGroups/00000/providers/Microsoft.MachineLearningServices/workspaces/00000/connections/closedLeanConn",
        "name": "closedLeanConn",
        "type": "Microsoft.MachineLearningServices/workspaces/connections",
        "properties": {
          "authType": "ApiKey",
          "credentials": {
            "key": "dGhpcyBpcyBmYWtlIGtleQ=="
          },
          "group": "AzureAI",
          "category": "CustomKeys",
          "expiryTime": null,
          "target": "notReal",
          "createdByWorkspaceArmId": "/subscriptions/00000000-0000-0000-0000-000000000/resourceGroups/00000/providers/Microsoft.MachineLearningServices/workspaces/00000",
          "useWorkspaceManagedIdentity": false,
          "isSharedToAll": false,
          "sharedUserList": [],
          "metadata": {}
        },
        "systemData": {
          "createdAt": "2023-12-05T03:44:16.1887496Z",
          "createdBy": "milesholland@microsoft.com",
          "createdByType": "User",
          "lastModifiedAt": "2023-12-05T03:44:16.1887496Z",
          "lastModifiedBy": "milesholland@microsoft.com",
          "lastModifiedByType": "User"
        }
      }
    },
    {
      "RequestUri": "https://management.azure.com/subscriptions/00000000-0000-0000-0000-000000000/resourceGroups/00000/providers/Microsoft.MachineLearningServices/workspaces/00000/connections/e2etest_wps_conn_test_39448663953/listsecrets?api-version=2023-08-01-preview",
      "RequestMethod": "POST",
      "RequestHeaders": {
        "Accept": "application/json",
        "Accept-Encoding": "gzip, deflate",
        "Connection": "keep-alive",
        "Content-Length": "0",
        "User-Agent": "azure-ai-ml/1.16.0 azsdk-python-mgmt-machinelearningservices/0.1.0 Python/3.10.2 (Linux-5.15.146.1-microsoft-standard-WSL2-x86_64-with-glibc2.31)"
      },
      "RequestBody": null,
      "StatusCode": 200,
      "ResponseHeaders": {
        "Cache-Control": "no-cache",
        "Content-Length": "1073",
        "Content-Type": "application/json; charset=utf-8",
        "Date": "Mon, 22 Apr 2024 06:48:19 GMT",
        "Expires": "-1",
        "Pragma": "no-cache",
        "Request-Context": "appId=cid-v1:2d2e8e63-272e-4b3c-8598-4ee570a0e70d",
        "Strict-Transport-Security": "max-age=31536000; includeSubDomains",
        "Vary": "Accept-Encoding",
        "x-aml-cluster": "vienna-eastus-01",
        "X-Cache": "CONFIG_NOCACHE",
        "X-Content-Type-Options": "nosniff",
        "x-ms-correlation-request-id": "e1188ccf-e781-4f94-b4d2-43ed40ba0f3e",
        "x-ms-ratelimit-remaining-subscription-writes": "1199",
        "x-ms-response-type": "standard",
        "x-ms-routing-request-id": "EASTUS:20240422T064820Z:e1188ccf-e781-4f94-b4d2-43ed40ba0f3e",
        "X-MSEdge-Ref": "Ref A: 26588CC4E3CB4767A64A23DB1F88F7B2 Ref B: MNZ221060619031 Ref C: 2024-04-22T06:48:20Z",
        "x-request-time": "0.075"
      },
      "ResponseBody": {
        "tags": null,
        "location": null,
        "id": "/subscriptions/00000000-0000-0000-0000-000000000/resourceGroups/00000/providers/Microsoft.MachineLearningServices/workspaces/00000/connections/e2etest_wps_conn_test_39448663953",
        "name": "e2etest_wps_conn_test_39448663953",
        "type": "Microsoft.MachineLearningServices/workspaces/connections",
        "properties": {
          "authType": "ApiKey",
          "credentials": {
            "key": "dGhpcyBpcyBmYWtlIGtleQ=="
          },
          "group": "AzureAI",
          "category": "AzureOpenAI",
          "expiryTime": null,
          "target": "dummy",
          "createdByWorkspaceArmId": "/subscriptions/00000000-0000-0000-0000-000000000/resourceGroups/00000/providers/Microsoft.MachineLearningServices/workspaces/00000",
          "useWorkspaceManagedIdentity": false,
          "isSharedToAll": true,
          "sharedUserList": [],
          "metadata": {
            "hello": "world",
            "ApiVersion": null,
            "ApiType": "Azure",
            "DeploymentApiVersion": "2023-10-01-preview"
          }
        },
        "systemData": {
          "createdAt": "2023-12-11T23:05:45.0304869Z",
          "createdBy": "milesholland@microsoft.com",
          "createdByType": "User",
          "lastModifiedAt": "2023-12-11T23:05:45.0304869Z",
          "lastModifiedBy": "milesholland@microsoft.com",
          "lastModifiedByType": "User"
        }
      }
    },
    {
      "RequestUri": "https://management.azure.com/subscriptions/00000000-0000-0000-0000-000000000/resourceGroups/00000/providers/Microsoft.MachineLearningServices/workspaces/00000/connections/e2etest_wps_conn_test_302767354136/listsecrets?api-version=2023-08-01-preview",
      "RequestMethod": "POST",
      "RequestHeaders": {
        "Accept": "application/json",
        "Accept-Encoding": "gzip, deflate",
        "Connection": "keep-alive",
        "Content-Length": "0",
        "User-Agent": "azure-ai-ml/1.16.0 azsdk-python-mgmt-machinelearningservices/0.1.0 Python/3.10.2 (Linux-5.15.146.1-microsoft-standard-WSL2-x86_64-with-glibc2.31)"
      },
      "RequestBody": null,
      "StatusCode": 200,
      "ResponseHeaders": {
        "Cache-Control": "no-cache",
        "Content-Length": "1041",
        "Content-Type": "application/json; charset=utf-8",
        "Date": "Mon, 22 Apr 2024 06:48:20 GMT",
        "Expires": "-1",
        "Pragma": "no-cache",
        "Request-Context": "appId=cid-v1:2d2e8e63-272e-4b3c-8598-4ee570a0e70d",
        "Strict-Transport-Security": "max-age=31536000; includeSubDomains",
        "Vary": "Accept-Encoding",
        "x-aml-cluster": "vienna-eastus-01",
        "X-Cache": "CONFIG_NOCACHE",
        "X-Content-Type-Options": "nosniff",
        "x-ms-correlation-request-id": "801c9133-cddb-4453-b4b2-cc11fbbd1372",
        "x-ms-ratelimit-remaining-subscription-writes": "1199",
        "x-ms-response-type": "standard",
        "x-ms-routing-request-id": "EASTUS2:20240422T064820Z:801c9133-cddb-4453-b4b2-cc11fbbd1372",
        "X-MSEdge-Ref": "Ref A: 97686A1EA1324A2C8FA5C857BB18FE51 Ref B: MNZ221060619031 Ref C: 2024-04-22T06:48:20Z",
        "x-request-time": "0.123"
      },
      "ResponseBody": {
        "tags": null,
        "location": null,
        "id": "/subscriptions/00000000-0000-0000-0000-000000000/resourceGroups/00000/providers/Microsoft.MachineLearningServices/workspaces/00000/connections/e2etest_wps_conn_test_302767354136",
        "name": "e2etest_wps_conn_test_302767354136",
        "type": "Microsoft.MachineLearningServices/workspaces/connections",
        "properties": {
          "authType": "ApiKey",
          "credentials": {
            "key": "dGhpcyBpcyBmYWtlIGtleQ=="
          },
          "group": "AzureAI",
          "category": "CognitiveSearch",
          "expiryTime": null,
          "target": "a_base",
          "createdByWorkspaceArmId": "/subscriptions/00000000-0000-0000-0000-000000000/resourceGroups/00000/providers/Microsoft.MachineLearningServices/workspaces/00000",
          "useWorkspaceManagedIdentity": false,
          "isSharedToAll": true,
          "sharedUserList": [],
          "metadata": {
            "ApiVersion": "dummy",
            "DeploymentApiVersion": "2023-11-01"
          }
        },
        "systemData": {
          "createdAt": "2023-12-11T23:05:48.2023971Z",
          "createdBy": "milesholland@microsoft.com",
          "createdByType": "User",
          "lastModifiedAt": "2023-12-11T23:05:48.2023971Z",
          "lastModifiedBy": "milesholland@microsoft.com",
          "lastModifiedByType": "User"
        }
      }
    },
    {
      "RequestUri": "https://management.azure.com/subscriptions/00000000-0000-0000-0000-000000000/resourceGroups/00000/providers/Microsoft.MachineLearningServices/workspaces/00000/connections/e2etest_wps_conn_test_398511198930/listsecrets?api-version=2023-08-01-preview",
      "RequestMethod": "POST",
      "RequestHeaders": {
        "Accept": "application/json",
        "Accept-Encoding": "gzip, deflate",
        "Connection": "keep-alive",
        "Content-Length": "0",
        "User-Agent": "azure-ai-ml/1.16.0 azsdk-python-mgmt-machinelearningservices/0.1.0 Python/3.10.2 (Linux-5.15.146.1-microsoft-standard-WSL2-x86_64-with-glibc2.31)"
      },
      "RequestBody": null,
      "StatusCode": 200,
      "ResponseHeaders": {
        "Cache-Control": "no-cache",
        "Content-Length": "1084",
        "Content-Type": "application/json; charset=utf-8",
        "Date": "Mon, 22 Apr 2024 06:48:20 GMT",
        "Expires": "-1",
        "Pragma": "no-cache",
        "Request-Context": "appId=cid-v1:2d2e8e63-272e-4b3c-8598-4ee570a0e70d",
        "Strict-Transport-Security": "max-age=31536000; includeSubDomains",
        "Vary": "Accept-Encoding",
        "x-aml-cluster": "vienna-eastus-01",
        "X-Cache": "CONFIG_NOCACHE",
        "X-Content-Type-Options": "nosniff",
        "x-ms-correlation-request-id": "a3736298-7dae-436b-804b-6f595126bf38",
        "x-ms-ratelimit-remaining-subscription-writes": "1199",
        "x-ms-response-type": "standard",
        "x-ms-routing-request-id": "EASTUS2:20240422T064820Z:a3736298-7dae-436b-804b-6f595126bf38",
        "X-MSEdge-Ref": "Ref A: 89C130FE8E3742B8B72C542BB2D129A0 Ref B: MNZ221060619031 Ref C: 2024-04-22T06:48:20Z",
        "x-request-time": "0.129"
      },
      "ResponseBody": {
        "tags": null,
        "location": null,
        "id": "/subscriptions/00000000-0000-0000-0000-000000000/resourceGroups/00000/providers/Microsoft.MachineLearningServices/workspaces/00000/connections/e2etest_wps_conn_test_398511198930",
        "name": "e2etest_wps_conn_test_398511198930",
        "type": "Microsoft.MachineLearningServices/workspaces/connections",
        "properties": {
          "authType": "ApiKey",
          "credentials": {
            "key": "dGhpcyBpcyBmYWtlIGtleQ=="
          },
          "group": "AzureAI",
          "category": "CognitiveService",
          "expiryTime": null,
          "target": "my_endpoint",
          "createdByWorkspaceArmId": "/subscriptions/00000000-0000-0000-0000-000000000/resourceGroups/00000/providers/Microsoft.MachineLearningServices/workspaces/00000",
          "useWorkspaceManagedIdentity": false,
          "isSharedToAll": true,
          "sharedUserList": [],
          "metadata": {
            "one": "two",
            "ApiVersion": "dummy",
            "Kind": "some_kind",
            "DeploymentApiVersion": "2023-10-01-preview"
          }
        },
        "systemData": {
          "createdAt": "2023-12-11T23:05:50.608674Z",
          "createdBy": "milesholland@microsoft.com",
          "createdByType": "User",
          "lastModifiedAt": "2023-12-11T23:05:50.608674Z",
          "lastModifiedBy": "milesholland@microsoft.com",
          "lastModifiedByType": "User"
        }
      }
    },
    {
      "RequestUri": "https://management.azure.com/subscriptions/00000000-0000-0000-0000-000000000/resourceGroups/00000/providers/Microsoft.MachineLearningServices/workspaces/00000/connections/e2etest_wps_conn_test_575214867510/listsecrets?api-version=2023-08-01-preview",
      "RequestMethod": "POST",
      "RequestHeaders": {
        "Accept": "application/json",
        "Accept-Encoding": "gzip, deflate",
        "Connection": "keep-alive",
        "Content-Length": "0",
        "User-Agent": "azure-ai-ml/1.16.0 azsdk-python-mgmt-machinelearningservices/0.1.0 Python/3.10.2 (Linux-5.15.146.1-microsoft-standard-WSL2-x86_64-with-glibc2.31)"
      },
      "RequestBody": null,
      "StatusCode": 200,
      "ResponseHeaders": {
        "Cache-Control": "no-cache",
        "Content-Length": "996",
        "Content-Type": "application/json; charset=utf-8",
        "Date": "Mon, 22 Apr 2024 06:48:20 GMT",
        "Expires": "-1",
        "Pragma": "no-cache",
        "Request-Context": "appId=cid-v1:2d2e8e63-272e-4b3c-8598-4ee570a0e70d",
        "Strict-Transport-Security": "max-age=31536000; includeSubDomains",
        "Vary": "Accept-Encoding",
        "x-aml-cluster": "vienna-eastus-02",
        "X-Cache": "CONFIG_NOCACHE",
        "X-Content-Type-Options": "nosniff",
        "x-ms-correlation-request-id": "cad39070-9b9b-48d3-89c3-f3b5c9bf6011",
        "x-ms-ratelimit-remaining-subscription-writes": "1199",
        "x-ms-response-type": "standard",
        "x-ms-routing-request-id": "EASTUS:20240422T064821Z:cad39070-9b9b-48d3-89c3-f3b5c9bf6011",
        "X-MSEdge-Ref": "Ref A: 1FC4A8B7F6E34AAA9635B3D7F43DE80A Ref B: MNZ221060619031 Ref C: 2024-04-22T06:48:20Z",
        "x-request-time": "0.073"
      },
      "ResponseBody": {
        "tags": null,
        "location": null,
        "id": "/subscriptions/00000000-0000-0000-0000-000000000/resourceGroups/00000/providers/Microsoft.MachineLearningServices/workspaces/00000/connections/e2etest_wps_conn_test_575214867510",
        "name": "e2etest_wps_conn_test_575214867510",
        "type": "Microsoft.MachineLearningServices/workspaces/connections",
        "properties": {
          "authType": "ApiKey",
          "credentials": {
            "key": "dGhpcyBpcyBmYWtlIGtleQ=="
          },
          "group": "AzureAI",
          "category": "CustomKeys",
          "expiryTime": null,
          "target": "my_endpoint",
          "createdByWorkspaceArmId": "/subscriptions/00000000-0000-0000-0000-000000000/resourceGroups/00000/providers/Microsoft.MachineLearningServices/workspaces/00000",
          "useWorkspaceManagedIdentity": false,
          "isSharedToAll": true,
          "sharedUserList": [],
          "metadata": {
            "one": "two"
          }
        },
        "systemData": {
          "createdAt": "2023-12-11T23:05:53.1399562Z",
          "createdBy": "milesholland@microsoft.com",
          "createdByType": "User",
          "lastModifiedAt": "2023-12-11T23:05:53.1399562Z",
          "lastModifiedBy": "milesholland@microsoft.com",
          "lastModifiedByType": "User"
        }
      }
    },
    {
      "RequestUri": "https://management.azure.com/subscriptions/00000000-0000-0000-0000-000000000/resourceGroups/00000/providers/Microsoft.MachineLearningServices/workspaces/00000/connections/e2etest_wps_conn_test_260060892379/listsecrets?api-version=2023-08-01-preview",
      "RequestMethod": "POST",
      "RequestHeaders": {
        "Accept": "application/json",
        "Accept-Encoding": "gzip, deflate",
        "Connection": "keep-alive",
        "Content-Length": "0",
        "User-Agent": "azure-ai-ml/1.16.0 azsdk-python-mgmt-machinelearningservices/0.1.0 Python/3.10.2 (Linux-5.15.146.1-microsoft-standard-WSL2-x86_64-with-glibc2.31)"
      },
      "RequestBody": null,
      "StatusCode": 200,
      "ResponseHeaders": {
        "Cache-Control": "no-cache",
        "Content-Length": "996",
        "Content-Type": "application/json; charset=utf-8",
        "Date": "Mon, 22 Apr 2024 06:48:20 GMT",
        "Expires": "-1",
        "Pragma": "no-cache",
        "Request-Context": "appId=cid-v1:2d2e8e63-272e-4b3c-8598-4ee570a0e70d",
        "Strict-Transport-Security": "max-age=31536000; includeSubDomains",
        "Vary": "Accept-Encoding",
        "x-aml-cluster": "vienna-eastus-02",
        "X-Cache": "CONFIG_NOCACHE",
        "X-Content-Type-Options": "nosniff",
        "x-ms-correlation-request-id": "992ffb26-96f6-42db-b8ef-617520c5f915",
        "x-ms-ratelimit-remaining-subscription-writes": "1199",
        "x-ms-response-type": "standard",
        "x-ms-routing-request-id": "EASTUS:20240422T064821Z:992ffb26-96f6-42db-b8ef-617520c5f915",
        "X-MSEdge-Ref": "Ref A: BDC05BBF33224DC7AC1A37429A5F9EDD Ref B: MNZ221060619031 Ref C: 2024-04-22T06:48:21Z",
        "x-request-time": "0.070"
      },
      "ResponseBody": {
        "tags": null,
        "location": null,
        "id": "/subscriptions/00000000-0000-0000-0000-000000000/resourceGroups/00000/providers/Microsoft.MachineLearningServices/workspaces/00000/connections/e2etest_wps_conn_test_260060892379",
        "name": "e2etest_wps_conn_test_260060892379",
        "type": "Microsoft.MachineLearningServices/workspaces/connections",
        "properties": {
          "authType": "ApiKey",
          "credentials": {
            "key": "dGhpcyBpcyBmYWtlIGtleQ=="
          },
          "group": "AzureAI",
          "category": "CustomKeys",
          "expiryTime": null,
          "target": "my_endpoint",
          "createdByWorkspaceArmId": "/subscriptions/00000000-0000-0000-0000-000000000/resourceGroups/00000/providers/Microsoft.MachineLearningServices/workspaces/00000",
          "useWorkspaceManagedIdentity": false,
          "isSharedToAll": true,
          "sharedUserList": [],
          "metadata": {
            "one": "two"
          }
        },
        "systemData": {
          "createdAt": "2023-12-11T23:07:29.5628108Z",
          "createdBy": "milesholland@microsoft.com",
          "createdByType": "User",
          "lastModifiedAt": "2023-12-11T23:07:29.5628108Z",
          "lastModifiedBy": "milesholland@microsoft.com",
          "lastModifiedByType": "User"
        }
      }
    },
    {
      "RequestUri": "https://management.azure.com/subscriptions/00000000-0000-0000-0000-000000000/resourceGroups/00000/providers/Microsoft.MachineLearningServices/workspaces/00000/connections/e2etest_wps_conn_test_144789034833/listsecrets?api-version=2023-08-01-preview",
      "RequestMethod": "POST",
      "RequestHeaders": {
        "Accept": "application/json",
        "Accept-Encoding": "gzip, deflate",
        "Connection": "keep-alive",
        "Content-Length": "0",
        "User-Agent": "azure-ai-ml/1.16.0 azsdk-python-mgmt-machinelearningservices/0.1.0 Python/3.10.2 (Linux-5.15.146.1-microsoft-standard-WSL2-x86_64-with-glibc2.31)"
      },
      "RequestBody": null,
      "StatusCode": 200,
      "ResponseHeaders": {
        "Cache-Control": "no-cache",
        "Content-Length": "996",
        "Content-Type": "application/json; charset=utf-8",
        "Date": "Mon, 22 Apr 2024 06:48:21 GMT",
        "Expires": "-1",
        "Pragma": "no-cache",
        "Request-Context": "appId=cid-v1:2d2e8e63-272e-4b3c-8598-4ee570a0e70d",
        "Strict-Transport-Security": "max-age=31536000; includeSubDomains",
        "Vary": "Accept-Encoding",
        "x-aml-cluster": "vienna-eastus-02",
        "X-Cache": "CONFIG_NOCACHE",
        "X-Content-Type-Options": "nosniff",
        "x-ms-correlation-request-id": "4608f54c-9386-4125-9efc-c8b89112c65a",
        "x-ms-ratelimit-remaining-subscription-writes": "1199",
        "x-ms-response-type": "standard",
        "x-ms-routing-request-id": "EASTUS2:20240422T064821Z:4608f54c-9386-4125-9efc-c8b89112c65a",
        "X-MSEdge-Ref": "Ref A: 21498F2C1E1243149D89E348AFEC002D Ref B: MNZ221060619031 Ref C: 2024-04-22T06:48:21Z",
        "x-request-time": "0.081"
      },
      "ResponseBody": {
        "tags": null,
        "location": null,
        "id": "/subscriptions/00000000-0000-0000-0000-000000000/resourceGroups/00000/providers/Microsoft.MachineLearningServices/workspaces/00000/connections/e2etest_wps_conn_test_144789034833",
        "name": "e2etest_wps_conn_test_144789034833",
        "type": "Microsoft.MachineLearningServices/workspaces/connections",
        "properties": {
          "authType": "ApiKey",
          "credentials": {
            "key": "dGhpcyBpcyBmYWtlIGtleQ=="
          },
          "group": "AzureAI",
          "category": "CustomKeys",
          "expiryTime": null,
          "target": "my_endpoint",
          "createdByWorkspaceArmId": "/subscriptions/00000000-0000-0000-0000-000000000/resourceGroups/00000/providers/Microsoft.MachineLearningServices/workspaces/00000",
          "useWorkspaceManagedIdentity": false,
          "isSharedToAll": true,
          "sharedUserList": [],
          "metadata": {
            "one": "two"
          }
        },
        "systemData": {
          "createdAt": "2023-12-11T23:10:23.3523423Z",
          "createdBy": "milesholland@microsoft.com",
          "createdByType": "User",
          "lastModifiedAt": "2023-12-11T23:10:23.3523423Z",
          "lastModifiedBy": "milesholland@microsoft.com",
          "lastModifiedByType": "User"
        }
      }
    },
    {
      "RequestUri": "https://management.azure.com/subscriptions/00000000-0000-0000-0000-000000000/resourceGroups/00000/providers/Microsoft.MachineLearningServices/workspaces/00000/connections/e2etest_wps_conn_test_754399481597/listsecrets?api-version=2023-08-01-preview",
      "RequestMethod": "POST",
      "RequestHeaders": {
        "Accept": "application/json",
        "Accept-Encoding": "gzip, deflate",
        "Connection": "keep-alive",
        "Content-Length": "0",
        "User-Agent": "azure-ai-ml/1.16.0 azsdk-python-mgmt-machinelearningservices/0.1.0 Python/3.10.2 (Linux-5.15.146.1-microsoft-standard-WSL2-x86_64-with-glibc2.31)"
      },
      "RequestBody": null,
      "StatusCode": 200,
      "ResponseHeaders": {
        "Cache-Control": "no-cache",
        "Content-Length": "1076",
        "Content-Type": "application/json; charset=utf-8",
        "Date": "Mon, 22 Apr 2024 06:48:21 GMT",
        "Expires": "-1",
        "Pragma": "no-cache",
        "Request-Context": "appId=cid-v1:2d2e8e63-272e-4b3c-8598-4ee570a0e70d",
        "Strict-Transport-Security": "max-age=31536000; includeSubDomains",
        "Vary": "Accept-Encoding",
        "x-aml-cluster": "vienna-eastus-01",
        "X-Cache": "CONFIG_NOCACHE",
        "X-Content-Type-Options": "nosniff",
        "x-ms-correlation-request-id": "2455ae8a-38a3-4f6f-ab6a-42d37b1e59e9",
        "x-ms-ratelimit-remaining-subscription-writes": "1199",
        "x-ms-response-type": "standard",
        "x-ms-routing-request-id": "EASTUS2:20240422T064821Z:2455ae8a-38a3-4f6f-ab6a-42d37b1e59e9",
        "X-MSEdge-Ref": "Ref A: 428E8D0E0BF44E88A9358504864036CA Ref B: MNZ221060619031 Ref C: 2024-04-22T06:48:21Z",
        "x-request-time": "0.085"
      },
      "ResponseBody": {
        "tags": null,
        "location": null,
        "id": "/subscriptions/00000000-0000-0000-0000-000000000/resourceGroups/00000/providers/Microsoft.MachineLearningServices/workspaces/00000/connections/e2etest_wps_conn_test_754399481597",
        "name": "e2etest_wps_conn_test_754399481597",
        "type": "Microsoft.MachineLearningServices/workspaces/connections",
        "properties": {
          "authType": "ApiKey",
          "credentials": {
            "key": "dGhpcyBpcyBmYWtlIGtleQ=="
          },
          "group": "AzureAI",
          "category": "AzureOpenAI",
          "expiryTime": null,
          "target": "dummy",
          "createdByWorkspaceArmId": "/subscriptions/00000000-0000-0000-0000-000000000/resourceGroups/00000/providers/Microsoft.MachineLearningServices/workspaces/00000",
          "useWorkspaceManagedIdentity": false,
          "isSharedToAll": true,
          "sharedUserList": [],
          "metadata": {
            "hello": "world",
            "ApiVersion": "1.0",
            "ApiType": "Azure",
            "DeploymentApiVersion": "2023-10-01-preview"
          }
        },
        "systemData": {
          "createdAt": "2024-04-22T01:07:32.1732395Z",
          "createdBy": "milesholland@microsoft.com",
          "createdByType": "User",
          "lastModifiedAt": "2024-04-22T01:07:32.1732395Z",
          "lastModifiedBy": "milesholland@microsoft.com",
          "lastModifiedByType": "User"
        }
      }
    },
    {
      "RequestUri": "https://management.azure.com/subscriptions/00000000-0000-0000-0000-000000000/resourceGroups/00000/providers/Microsoft.MachineLearningServices/workspaces/00000/connections/e2etest_wps_conn_test_545824126405/listsecrets?api-version=2023-08-01-preview",
      "RequestMethod": "POST",
      "RequestHeaders": {
        "Accept": "application/json",
        "Accept-Encoding": "gzip, deflate",
        "Connection": "keep-alive",
        "Content-Length": "0",
        "User-Agent": "azure-ai-ml/1.16.0 azsdk-python-mgmt-machinelearningservices/0.1.0 Python/3.10.2 (Linux-5.15.146.1-microsoft-standard-WSL2-x86_64-with-glibc2.31)"
      },
      "RequestBody": null,
      "StatusCode": 200,
      "ResponseHeaders": {
        "Cache-Control": "no-cache",
        "Content-Length": "1062",
        "Content-Type": "application/json; charset=utf-8",
        "Date": "Mon, 22 Apr 2024 06:48:21 GMT",
        "Expires": "-1",
        "Pragma": "no-cache",
        "Request-Context": "appId=cid-v1:2d2e8e63-272e-4b3c-8598-4ee570a0e70d",
        "Strict-Transport-Security": "max-age=31536000; includeSubDomains",
        "Vary": "Accept-Encoding",
        "x-aml-cluster": "vienna-eastus-01",
        "X-Cache": "CONFIG_NOCACHE",
        "X-Content-Type-Options": "nosniff",
        "x-ms-correlation-request-id": "9cc5d3bb-18aa-4aa0-8f47-29754b41212d",
        "x-ms-ratelimit-remaining-subscription-writes": "1199",
        "x-ms-response-type": "standard",
        "x-ms-routing-request-id": "EASTUS2:20240422T064822Z:9cc5d3bb-18aa-4aa0-8f47-29754b41212d",
        "X-MSEdge-Ref": "Ref A: C8F47304A8E14937AFB6A195EAC65D83 Ref B: MNZ221060619031 Ref C: 2024-04-22T06:48:21Z",
        "x-request-time": "0.082"
      },
      "ResponseBody": {
        "tags": null,
        "location": null,
        "id": "/subscriptions/00000000-0000-0000-0000-000000000/resourceGroups/00000/providers/Microsoft.MachineLearningServices/workspaces/00000/connections/e2etest_wps_conn_test_545824126405",
        "name": "e2etest_wps_conn_test_545824126405",
        "type": "Microsoft.MachineLearningServices/workspaces/connections",
        "properties": {
          "authType": "ApiKey",
          "credentials": {
            "key": "dGhpcyBpcyBmYWtlIGtleQ=="
          },
          "group": "AzureAI",
          "category": "CognitiveSearch",
          "expiryTime": null,
          "target": "this_is_a_target",
          "createdByWorkspaceArmId": "/subscriptions/00000000-0000-0000-0000-000000000/resourceGroups/00000/providers/Microsoft.MachineLearningServices/workspaces/00000",
          "useWorkspaceManagedIdentity": false,
          "isSharedToAll": true,
          "sharedUserList": [],
          "metadata": {
            "ApiVersion": "2023-07-01-preview",
            "DeploymentApiVersion": "2023-11-01"
          }
        },
        "systemData": {
          "createdAt": "2024-04-22T01:07:38.013178Z",
          "createdBy": "milesholland@microsoft.com",
          "createdByType": "User",
          "lastModifiedAt": "2024-04-22T01:07:38.013178Z",
          "lastModifiedBy": "milesholland@microsoft.com",
          "lastModifiedByType": "User"
        }
      }
    },
    {
      "RequestUri": "https://management.azure.com/subscriptions/00000000-0000-0000-0000-000000000/resourceGroups/00000/providers/Microsoft.MachineLearningServices/workspaces/00000/connections/e2etest_wps_conn_test_706033906021/listsecrets?api-version=2023-08-01-preview",
      "RequestMethod": "POST",
      "RequestHeaders": {
        "Accept": "application/json",
        "Accept-Encoding": "gzip, deflate",
        "Connection": "keep-alive",
        "Content-Length": "0",
        "User-Agent": "azure-ai-ml/1.16.0 azsdk-python-mgmt-machinelearningservices/0.1.0 Python/3.10.2 (Linux-5.15.146.1-microsoft-standard-WSL2-x86_64-with-glibc2.31)"
      },
      "RequestBody": null,
      "StatusCode": 200,
      "ResponseHeaders": {
        "Cache-Control": "no-cache",
        "Content-Length": "996",
        "Content-Type": "application/json; charset=utf-8",
        "Date": "Mon, 22 Apr 2024 06:48:21 GMT",
        "Expires": "-1",
        "Pragma": "no-cache",
        "Request-Context": "appId=cid-v1:2d2e8e63-272e-4b3c-8598-4ee570a0e70d",
        "Strict-Transport-Security": "max-age=31536000; includeSubDomains",
        "Vary": "Accept-Encoding",
        "x-aml-cluster": "vienna-eastus-02",
        "X-Cache": "CONFIG_NOCACHE",
        "X-Content-Type-Options": "nosniff",
        "x-ms-correlation-request-id": "8d9a2cab-c0b0-4044-be31-7fa5b0ef2d14",
        "x-ms-ratelimit-remaining-subscription-writes": "1199",
        "x-ms-response-type": "standard",
        "x-ms-routing-request-id": "EASTUS2:20240422T064822Z:8d9a2cab-c0b0-4044-be31-7fa5b0ef2d14",
        "X-MSEdge-Ref": "Ref A: 6143587A3A4F493D8A417A4F27E804B0 Ref B: MNZ221060619031 Ref C: 2024-04-22T06:48:22Z",
        "x-request-time": "0.076"
      },
      "ResponseBody": {
        "tags": null,
        "location": null,
        "id": "/subscriptions/00000000-0000-0000-0000-000000000/resourceGroups/00000/providers/Microsoft.MachineLearningServices/workspaces/00000/connections/e2etest_wps_conn_test_706033906021",
        "name": "e2etest_wps_conn_test_706033906021",
        "type": "Microsoft.MachineLearningServices/workspaces/connections",
        "properties": {
          "authType": "ApiKey",
          "credentials": {
            "key": "dGhpcyBpcyBmYWtlIGtleQ=="
          },
          "group": "AzureAI",
          "category": "CustomKeys",
          "expiryTime": null,
          "target": "my_endpoint",
          "createdByWorkspaceArmId": "/subscriptions/00000000-0000-0000-0000-000000000/resourceGroups/00000/providers/Microsoft.MachineLearningServices/workspaces/00000",
          "useWorkspaceManagedIdentity": false,
          "isSharedToAll": true,
          "sharedUserList": [],
          "metadata": {
            "one": "two"
          }
        },
        "systemData": {
          "createdAt": "2024-04-22T01:17:18.2333042Z",
          "createdBy": "milesholland@microsoft.com",
          "createdByType": "User",
          "lastModifiedAt": "2024-04-22T01:17:18.2333042Z",
          "lastModifiedBy": "milesholland@microsoft.com",
          "lastModifiedByType": "User"
        }
      }
    },
    {
      "RequestUri": "https://management.azure.com/subscriptions/00000000-0000-0000-0000-000000000/resourceGroups/00000/providers/Microsoft.MachineLearningServices/workspaces/00000/connections/e2etest_wps_conn_test_522378195412/listsecrets?api-version=2023-08-01-preview",
      "RequestMethod": "POST",
      "RequestHeaders": {
        "Accept": "application/json",
        "Accept-Encoding": "gzip, deflate",
        "Connection": "keep-alive",
        "Content-Length": "0",
        "User-Agent": "azure-ai-ml/1.16.0 azsdk-python-mgmt-machinelearningservices/0.1.0 Python/3.10.2 (Linux-5.15.146.1-microsoft-standard-WSL2-x86_64-with-glibc2.31)"
      },
      "RequestBody": null,
      "StatusCode": 200,
      "ResponseHeaders": {
        "Cache-Control": "no-cache",
        "Content-Length": "1076",
        "Content-Type": "application/json; charset=utf-8",
        "Date": "Mon, 22 Apr 2024 06:48:22 GMT",
        "Expires": "-1",
        "Pragma": "no-cache",
        "Request-Context": "appId=cid-v1:2d2e8e63-272e-4b3c-8598-4ee570a0e70d",
        "Strict-Transport-Security": "max-age=31536000; includeSubDomains",
        "Vary": "Accept-Encoding",
        "x-aml-cluster": "vienna-eastus-02",
        "X-Cache": "CONFIG_NOCACHE",
        "X-Content-Type-Options": "nosniff",
        "x-ms-correlation-request-id": "1159135d-9cbe-4728-911e-0e3954fd77fc",
        "x-ms-ratelimit-remaining-subscription-writes": "1199",
        "x-ms-response-type": "standard",
        "x-ms-routing-request-id": "EASTUS:20240422T064822Z:1159135d-9cbe-4728-911e-0e3954fd77fc",
        "X-MSEdge-Ref": "Ref A: DBA267CC2D24432A80335FEC7F1C8A9B Ref B: MNZ221060619031 Ref C: 2024-04-22T06:48:22Z",
        "x-request-time": "0.079"
      },
      "ResponseBody": {
        "tags": null,
        "location": null,
        "id": "/subscriptions/00000000-0000-0000-0000-000000000/resourceGroups/00000/providers/Microsoft.MachineLearningServices/workspaces/00000/connections/e2etest_wps_conn_test_522378195412",
        "name": "e2etest_wps_conn_test_522378195412",
        "type": "Microsoft.MachineLearningServices/workspaces/connections",
        "properties": {
          "authType": "ApiKey",
          "credentials": {
            "key": "dGhpcyBpcyBmYWtlIGtleQ=="
          },
          "group": "AzureAI",
          "category": "AzureOpenAI",
          "expiryTime": null,
          "target": "dummy",
          "createdByWorkspaceArmId": "/subscriptions/00000000-0000-0000-0000-000000000/resourceGroups/00000/providers/Microsoft.MachineLearningServices/workspaces/00000",
          "useWorkspaceManagedIdentity": false,
          "isSharedToAll": true,
          "sharedUserList": [],
          "metadata": {
            "hello": "world",
            "ApiVersion": "1.0",
            "ApiType": "Azure",
            "DeploymentApiVersion": "2023-10-01-preview"
          }
        },
        "systemData": {
          "createdAt": "2024-04-22T06:48:17.7322149Z",
          "createdBy": "milesholland@microsoft.com",
          "createdByType": "User",
          "lastModifiedAt": "2024-04-22T06:48:17.7322149Z",
          "lastModifiedBy": "milesholland@microsoft.com",
          "lastModifiedByType": "User"
        }
      }
    },
    {
      "RequestUri": "https://management.azure.com/subscriptions/00000000-0000-0000-0000-000000000/resourceGroups/00000/providers/Microsoft.MachineLearningServices/workspaces/00000/connections?api-version=2023-08-01-preview",
      "RequestMethod": "GET",
      "RequestHeaders": {
        "Accept": "application/json",
        "Accept-Encoding": "gzip, deflate",
        "Connection": "keep-alive",
        "User-Agent": "azure-ai-ml/1.16.0 azsdk-python-mgmt-machinelearningservices/0.1.0 Python/3.10.2 (Linux-5.15.146.1-microsoft-standard-WSL2-x86_64-with-glibc2.31)"
      },
      "RequestBody": null,
      "StatusCode": 200,
      "ResponseHeaders": {
        "Cache-Control": "no-cache",
        "Content-Length": "30088",
        "Content-Type": "application/json; charset=utf-8",
        "Date": "Mon, 22 Apr 2024 06:48:22 GMT",
        "Expires": "-1",
        "Pragma": "no-cache",
        "Request-Context": "appId=cid-v1:2d2e8e63-272e-4b3c-8598-4ee570a0e70d",
        "Strict-Transport-Security": "max-age=31536000; includeSubDomains",
        "Vary": "Accept-Encoding",
        "x-aml-cluster": "vienna-eastus-01",
        "X-Cache": "CONFIG_NOCACHE",
        "X-Content-Type-Options": "nosniff",
        "x-ms-correlation-request-id": "7b7cb136-f312-4e93-afd2-2a8f0dd3b0dc",
        "x-ms-ratelimit-remaining-subscription-reads": "11979",
        "x-ms-response-type": "standard",
        "x-ms-routing-request-id": "EASTUS2:20240422T064822Z:7b7cb136-f312-4e93-afd2-2a8f0dd3b0dc",
        "X-MSEdge-Ref": "Ref A: C056E5B99E1C4F639AC2B58D067C4333 Ref B: MNZ221060619031 Ref C: 2024-04-22T06:48:22Z",
        "x-request-time": "0.045"
      },
      "ResponseBody": {
        "value": [
          {
            "tags": null,
            "location": null,
            "id": "/subscriptions/00000000-0000-0000-0000-000000000/resourceGroups/00000/providers/Microsoft.MachineLearningServices/workspaces/00000/connections/e2etest_wps_conn_test_896755738440",
            "name": "e2etest_wps_conn_test_896755738440",
            "type": "Microsoft.MachineLearningServices/workspaces/connections",
            "properties": {
              "authType": "ApiKey",
              "credentials": null,
              "group": "AzureAI",
              "category": "AzureOpenAI",
              "expiryTime": null,
              "target": "dummy",
              "createdByWorkspaceArmId": "/subscriptions/00000000-0000-0000-0000-000000000/resourceGroups/00000/providers/Microsoft.MachineLearningServices/workspaces/00000",
              "useWorkspaceManagedIdentity": false,
              "isSharedToAll": false,
              "sharedUserList": [],
              "metadata": {
                "hello": "world",
                "ApiVersion": "some_version",
                "ApiType": "Azure",
                "DeploymentApiVersion": "2023-10-01-preview"
              }
            },
            "systemData": {
              "createdAt": "2023-10-30T16:39:47.923711Z",
              "createdBy": "milesholland@microsoft.com",
              "createdByType": "User",
              "lastModifiedAt": "2023-10-30T16:39:47.923711Z",
              "lastModifiedBy": "milesholland@microsoft.com",
              "lastModifiedByType": "User"
            }
          },
          {
            "tags": null,
            "location": null,
            "id": "/subscriptions/00000000-0000-0000-0000-000000000/resourceGroups/00000/providers/Microsoft.MachineLearningServices/workspaces/00000/connections/e2etest_wps_conn_test_46975908831",
            "name": "e2etest_wps_conn_test_46975908831",
            "type": "Microsoft.MachineLearningServices/workspaces/connections",
            "properties": {
              "authType": "ApiKey",
              "credentials": null,
              "group": "AzureAI",
              "category": "AzureOpenAI",
              "expiryTime": null,
              "target": "dummy",
              "createdByWorkspaceArmId": "/subscriptions/00000000-0000-0000-0000-000000000/resourceGroups/00000/providers/Microsoft.MachineLearningServices/workspaces/00000",
              "useWorkspaceManagedIdentity": false,
              "isSharedToAll": false,
              "sharedUserList": [],
              "metadata": {
                "hello": "world",
                "ApiType": "Azure",
                "ApiVersion": "2023-07-01-preview",
                "DeploymentApiVersion": "2023-10-01-preview"
              }
            },
            "systemData": {
              "createdAt": "2023-11-03T15:01:56.13861Z",
              "createdBy": "milesholland@microsoft.com",
              "createdByType": "User",
              "lastModifiedAt": "2023-11-03T15:01:56.13861Z",
              "lastModifiedBy": "milesholland@microsoft.com",
              "lastModifiedByType": "User"
            }
          },
          {
            "tags": null,
            "location": null,
            "id": "/subscriptions/00000000-0000-0000-0000-000000000/resourceGroups/00000/providers/Microsoft.MachineLearningServices/workspaces/00000/connections/sharedHubConn",
            "name": "sharedHubConn",
            "type": "Microsoft.MachineLearningServices/workspaces/connections",
            "properties": {
              "authType": "ApiKey",
              "credentials": null,
              "group": "AzureAI",
              "category": "CustomKeys",
              "expiryTime": null,
              "target": "notReal",
              "createdByWorkspaceArmId": "/subscriptions/00000000-0000-0000-0000-000000000/resourceGroups/00000/providers/Microsoft.MachineLearningServices/workspaces/00000",
              "useWorkspaceManagedIdentity": false,
              "isSharedToAll": true,
              "sharedUserList": [],
              "metadata": {}
            },
            "systemData": {
              "createdAt": "2023-12-05T03:44:14.466372Z",
              "createdBy": "milesholland@microsoft.com",
              "createdByType": "User",
              "lastModifiedAt": "2023-12-05T03:44:14.466372Z",
              "lastModifiedBy": "milesholland@microsoft.com",
              "lastModifiedByType": "User"
            }
          },
          {
            "tags": null,
            "location": null,
            "id": "/subscriptions/00000000-0000-0000-0000-000000000/resourceGroups/00000/providers/Microsoft.MachineLearningServices/workspaces/00000/connections/closedHubConn",
            "name": "closedHubConn",
            "type": "Microsoft.MachineLearningServices/workspaces/connections",
            "properties": {
              "authType": "ApiKey",
              "credentials": null,
              "group": "AzureAI",
              "category": "CustomKeys",
              "expiryTime": null,
              "target": "notReal",
              "createdByWorkspaceArmId": "/subscriptions/00000000-0000-0000-0000-000000000/resourceGroups/00000/providers/Microsoft.MachineLearningServices/workspaces/00000",
              "useWorkspaceManagedIdentity": false,
              "isSharedToAll": false,
              "sharedUserList": [],
              "metadata": {}
            },
            "systemData": {
              "createdAt": "2023-12-05T03:44:15.1611302Z",
              "createdBy": "milesholland@microsoft.com",
              "createdByType": "User",
              "lastModifiedAt": "2023-12-05T03:44:15.1611302Z",
              "lastModifiedBy": "milesholland@microsoft.com",
              "lastModifiedByType": "User"
            }
          },
          {
            "tags": null,
            "location": null,
            "id": "/subscriptions/00000000-0000-0000-0000-000000000/resourceGroups/00000/providers/Microsoft.MachineLearningServices/workspaces/00000/connections/sharedLeanConn",
            "name": "sharedLeanConn",
            "type": "Microsoft.MachineLearningServices/workspaces/connections",
            "properties": {
              "authType": "ApiKey",
              "credentials": null,
              "group": "AzureAI",
              "category": "CustomKeys",
              "expiryTime": null,
              "target": "notReal",
              "createdByWorkspaceArmId": "/subscriptions/00000000-0000-0000-0000-000000000/resourceGroups/00000/providers/Microsoft.MachineLearningServices/workspaces/00000",
              "useWorkspaceManagedIdentity": false,
              "isSharedToAll": true,
              "sharedUserList": [],
              "metadata": {}
            },
            "systemData": {
              "createdAt": "2023-12-05T03:44:15.7420377Z",
              "createdBy": "milesholland@microsoft.com",
              "createdByType": "User",
              "lastModifiedAt": "2023-12-05T03:44:15.7420377Z",
              "lastModifiedBy": "milesholland@microsoft.com",
              "lastModifiedByType": "User"
            }
          },
          {
            "tags": null,
            "location": null,
            "id": "/subscriptions/00000000-0000-0000-0000-000000000/resourceGroups/00000/providers/Microsoft.MachineLearningServices/workspaces/00000/connections/closedLeanConn",
            "name": "closedLeanConn",
            "type": "Microsoft.MachineLearningServices/workspaces/connections",
            "properties": {
              "authType": "ApiKey",
              "credentials": null,
              "group": "AzureAI",
              "category": "CustomKeys",
              "expiryTime": null,
              "target": "notReal",
              "createdByWorkspaceArmId": "/subscriptions/00000000-0000-0000-0000-000000000/resourceGroups/00000/providers/Microsoft.MachineLearningServices/workspaces/00000",
              "useWorkspaceManagedIdentity": false,
              "isSharedToAll": false,
              "sharedUserList": [],
              "metadata": {}
            },
            "systemData": {
              "createdAt": "2023-12-05T03:44:16.1887496Z",
              "createdBy": "milesholland@microsoft.com",
              "createdByType": "User",
              "lastModifiedAt": "2023-12-05T03:44:16.1887496Z",
              "lastModifiedBy": "milesholland@microsoft.com",
              "lastModifiedByType": "User"
            }
          },
          {
            "tags": null,
            "location": null,
            "id": "/subscriptions/00000000-0000-0000-0000-000000000/resourceGroups/00000/providers/Microsoft.MachineLearningServices/workspaces/00000/connections/e2etest_wps_conn_test_784372880306",
            "name": "e2etest_wps_conn_test_784372880306",
            "type": "Microsoft.MachineLearningServices/workspaces/connections",
            "properties": {
              "authType": "PAT",
              "credentials": null,
              "group": "ServicesAndApps",
              "category": "PythonFeed",
              "expiryTime": null,
              "target": "https://test-feed.com",
              "createdByWorkspaceArmId": "/subscriptions/00000000-0000-0000-0000-000000000/resourceGroups/00000/providers/Microsoft.MachineLearningServices/workspaces/00000",
              "useWorkspaceManagedIdentity": false,
              "isSharedToAll": true,
              "sharedUserList": [],
              "metadata": {}
            },
            "systemData": {
              "createdAt": "2023-12-05T03:55:22.5083282Z",
              "createdBy": "milesholland@microsoft.com",
              "createdByType": "User",
              "lastModifiedAt": "2023-12-05T03:55:22.5083282Z",
              "lastModifiedBy": "milesholland@microsoft.com",
              "lastModifiedByType": "User"
            }
          },
          {
            "tags": null,
            "location": null,
            "id": "/subscriptions/00000000-0000-0000-0000-000000000/resourceGroups/00000/providers/Microsoft.MachineLearningServices/workspaces/00000/connections/e2etest_wps_conn_test_312719737130",
            "name": "e2etest_wps_conn_test_312719737130",
            "type": "Microsoft.MachineLearningServices/workspaces/connections",
            "properties": {
              "authType": "PAT",
              "credentials": null,
              "group": "ServicesAndApps",
              "category": "PythonFeed",
              "expiryTime": null,
              "target": "https://test-feed.com",
              "createdByWorkspaceArmId": "/subscriptions/00000000-0000-0000-0000-000000000/resourceGroups/00000/providers/Microsoft.MachineLearningServices/workspaces/00000",
              "useWorkspaceManagedIdentity": false,
              "isSharedToAll": true,
              "sharedUserList": [],
              "metadata": {}
            },
            "systemData": {
              "createdAt": "2023-12-11T23:05:29.2803106Z",
              "createdBy": "milesholland@microsoft.com",
              "createdByType": "User",
              "lastModifiedAt": "2023-12-11T23:05:29.2803106Z",
              "lastModifiedBy": "milesholland@microsoft.com",
              "lastModifiedByType": "User"
            }
          },
          {
            "tags": null,
            "location": null,
            "id": "/subscriptions/00000000-0000-0000-0000-000000000/resourceGroups/00000/providers/Microsoft.MachineLearningServices/workspaces/00000/connections/e2etest_wps_conn_test_896560488031",
            "name": "e2etest_wps_conn_test_896560488031",
            "type": "Microsoft.MachineLearningServices/workspaces/connections",
            "properties": {
              "authType": "PAT",
              "credentials": null,
              "group": "ServicesAndApps",
              "category": "Git",
              "expiryTime": null,
              "target": "https://test-git-feed.com",
              "createdByWorkspaceArmId": "/subscriptions/00000000-0000-0000-0000-000000000/resourceGroups/00000/providers/Microsoft.MachineLearningServices/workspaces/00000",
              "useWorkspaceManagedIdentity": false,
              "isSharedToAll": true,
              "sharedUserList": [],
              "metadata": {}
            },
            "systemData": {
              "createdAt": "2023-12-11T23:05:32.6084759Z",
              "createdBy": "milesholland@microsoft.com",
              "createdByType": "User",
              "lastModifiedAt": "2023-12-11T23:05:32.6084759Z",
              "lastModifiedBy": "milesholland@microsoft.com",
              "lastModifiedByType": "User"
            }
          },
          {
            "tags": null,
            "location": null,
            "id": "/subscriptions/00000000-0000-0000-0000-000000000/resourceGroups/00000/providers/Microsoft.MachineLearningServices/workspaces/00000/connections/e2etest_wps_conn_test_574901467158",
            "name": "e2etest_wps_conn_test_574901467158",
            "type": "Microsoft.MachineLearningServices/workspaces/connections",
            "properties": {
              "authType": "ManagedIdentity",
              "credentials": null,
              "group": "Azure",
              "category": "ContainerRegistry",
              "expiryTime": null,
              "target": "https://test-feed.com",
              "createdByWorkspaceArmId": "/subscriptions/00000000-0000-0000-0000-000000000/resourceGroups/00000/providers/Microsoft.MachineLearningServices/workspaces/00000",
              "useWorkspaceManagedIdentity": false,
              "isSharedToAll": true,
              "sharedUserList": [],
              "metadata": {}
            },
            "systemData": {
              "createdAt": "2023-12-11T23:05:35.1397531Z",
              "createdBy": "milesholland@microsoft.com",
              "createdByType": "User",
              "lastModifiedAt": "2023-12-11T23:05:35.1397531Z",
              "lastModifiedBy": "milesholland@microsoft.com",
              "lastModifiedByType": "User"
            }
          },
          {
            "tags": null,
            "location": null,
            "id": "/subscriptions/00000000-0000-0000-0000-000000000/resourceGroups/00000/providers/Microsoft.MachineLearningServices/workspaces/00000/connections/e2etest_wps_conn_test_749452560810",
            "name": "e2etest_wps_conn_test_749452560810",
            "type": "Microsoft.MachineLearningServices/workspaces/connections",
            "properties": {
              "authType": "UsernamePassword",
              "credentials": null,
              "group": "ServicesAndApps",
              "category": "Git",
              "expiryTime": null,
              "target": "https://test-git-feed.com",
              "createdByWorkspaceArmId": "/subscriptions/00000000-0000-0000-0000-000000000/resourceGroups/00000/providers/Microsoft.MachineLearningServices/workspaces/00000",
              "useWorkspaceManagedIdentity": false,
              "isSharedToAll": true,
              "sharedUserList": [],
              "metadata": {}
            },
            "systemData": {
              "createdAt": "2023-12-11T23:05:37.4366533Z",
              "createdBy": "milesholland@microsoft.com",
              "createdByType": "User",
              "lastModifiedAt": "2023-12-11T23:05:37.4366533Z",
              "lastModifiedBy": "milesholland@microsoft.com",
              "lastModifiedByType": "User"
            }
          },
          {
            "tags": null,
            "location": null,
            "id": "/subscriptions/00000000-0000-0000-0000-000000000/resourceGroups/00000/providers/Microsoft.MachineLearningServices/workspaces/00000/connections/e2etest_wps_conn_test_559562380938",
            "name": "e2etest_wps_conn_test_559562380938",
            "type": "Microsoft.MachineLearningServices/workspaces/connections",
            "properties": {
              "authType": "UsernamePassword",
              "credentials": null,
              "group": "Database",
              "category": "Snowflake",
              "expiryTime": null,
              "target": "dummy",
              "createdByWorkspaceArmId": "/subscriptions/00000000-0000-0000-0000-000000000/resourceGroups/00000/providers/Microsoft.MachineLearningServices/workspaces/00000",
              "useWorkspaceManagedIdentity": false,
              "isSharedToAll": true,
              "sharedUserList": [],
              "metadata": {}
            },
            "systemData": {
              "createdAt": "2023-12-11T23:05:39.9835566Z",
              "createdBy": "milesholland@microsoft.com",
              "createdByType": "User",
              "lastModifiedAt": "2023-12-11T23:05:39.9835566Z",
              "lastModifiedBy": "milesholland@microsoft.com",
              "lastModifiedByType": "User"
            }
          },
          {
            "tags": null,
            "location": null,
            "id": "/subscriptions/00000000-0000-0000-0000-000000000/resourceGroups/00000/providers/Microsoft.MachineLearningServices/workspaces/00000/connections/e2etest_wps_conn_test_859803829682",
            "name": "e2etest_wps_conn_test_859803829682",
            "type": "Microsoft.MachineLearningServices/workspaces/connections",
            "properties": {
              "authType": "AccessKey",
              "credentials": null,
              "group": "File",
              "category": "S3",
              "expiryTime": null,
              "target": "dummy",
              "createdByWorkspaceArmId": "/subscriptions/00000000-0000-0000-0000-000000000/resourceGroups/00000/providers/Microsoft.MachineLearningServices/workspaces/00000",
              "useWorkspaceManagedIdentity": false,
              "isSharedToAll": true,
              "sharedUserList": [],
              "metadata": {}
            },
            "systemData": {
              "createdAt": "2023-12-11T23:05:42.3273448Z",
              "createdBy": "milesholland@microsoft.com",
              "createdByType": "User",
              "lastModifiedAt": "2023-12-11T23:05:42.3273448Z",
              "lastModifiedBy": "milesholland@microsoft.com",
              "lastModifiedByType": "User"
            }
          },
          {
            "tags": null,
            "location": null,
            "id": "/subscriptions/00000000-0000-0000-0000-000000000/resourceGroups/00000/providers/Microsoft.MachineLearningServices/workspaces/00000/connections/e2etest_wps_conn_test_39448663953",
            "name": "e2etest_wps_conn_test_39448663953",
            "type": "Microsoft.MachineLearningServices/workspaces/connections",
            "properties": {
              "authType": "ApiKey",
              "credentials": null,
              "group": "AzureAI",
              "category": "AzureOpenAI",
              "expiryTime": null,
              "target": "dummy",
              "createdByWorkspaceArmId": "/subscriptions/00000000-0000-0000-0000-000000000/resourceGroups/00000/providers/Microsoft.MachineLearningServices/workspaces/00000",
              "useWorkspaceManagedIdentity": false,
              "isSharedToAll": true,
              "sharedUserList": [],
              "metadata": {
                "hello": "world",
                "ApiVersion": null,
                "ApiType": "Azure",
                "DeploymentApiVersion": "2023-10-01-preview"
              }
            },
            "systemData": {
              "createdAt": "2023-12-11T23:05:45.0304869Z",
              "createdBy": "milesholland@microsoft.com",
              "createdByType": "User",
              "lastModifiedAt": "2023-12-11T23:05:45.0304869Z",
              "lastModifiedBy": "milesholland@microsoft.com",
              "lastModifiedByType": "User"
            }
          },
          {
            "tags": null,
            "location": null,
            "id": "/subscriptions/00000000-0000-0000-0000-000000000/resourceGroups/00000/providers/Microsoft.MachineLearningServices/workspaces/00000/connections/e2etest_wps_conn_test_302767354136",
            "name": "e2etest_wps_conn_test_302767354136",
            "type": "Microsoft.MachineLearningServices/workspaces/connections",
            "properties": {
              "authType": "ApiKey",
              "credentials": null,
              "group": "AzureAI",
              "category": "CognitiveSearch",
              "expiryTime": null,
              "target": "a_base",
              "createdByWorkspaceArmId": "/subscriptions/00000000-0000-0000-0000-000000000/resourceGroups/00000/providers/Microsoft.MachineLearningServices/workspaces/00000",
              "useWorkspaceManagedIdentity": false,
              "isSharedToAll": true,
              "sharedUserList": [],
              "metadata": {
                "ApiVersion": "dummy",
                "DeploymentApiVersion": "2023-11-01"
              }
            },
            "systemData": {
              "createdAt": "2023-12-11T23:05:48.2023971Z",
              "createdBy": "milesholland@microsoft.com",
              "createdByType": "User",
              "lastModifiedAt": "2023-12-11T23:05:48.2023971Z",
              "lastModifiedBy": "milesholland@microsoft.com",
              "lastModifiedByType": "User"
            }
          },
          {
            "tags": null,
            "location": null,
            "id": "/subscriptions/00000000-0000-0000-0000-000000000/resourceGroups/00000/providers/Microsoft.MachineLearningServices/workspaces/00000/connections/e2etest_wps_conn_test_398511198930",
            "name": "e2etest_wps_conn_test_398511198930",
            "type": "Microsoft.MachineLearningServices/workspaces/connections",
            "properties": {
              "authType": "ApiKey",
              "credentials": null,
              "group": "AzureAI",
              "category": "CognitiveService",
              "expiryTime": null,
              "target": "my_endpoint",
              "createdByWorkspaceArmId": "/subscriptions/00000000-0000-0000-0000-000000000/resourceGroups/00000/providers/Microsoft.MachineLearningServices/workspaces/00000",
              "useWorkspaceManagedIdentity": false,
              "isSharedToAll": true,
              "sharedUserList": [],
              "metadata": {
                "one": "two",
                "ApiVersion": "dummy",
                "Kind": "some_kind",
                "DeploymentApiVersion": "2023-10-01-preview"
              }
            },
            "systemData": {
              "createdAt": "2023-12-11T23:05:50.608674Z",
              "createdBy": "milesholland@microsoft.com",
              "createdByType": "User",
              "lastModifiedAt": "2023-12-11T23:05:50.608674Z",
              "lastModifiedBy": "milesholland@microsoft.com",
              "lastModifiedByType": "User"
            }
          },
          {
            "tags": null,
            "location": null,
            "id": "/subscriptions/00000000-0000-0000-0000-000000000/resourceGroups/00000/providers/Microsoft.MachineLearningServices/workspaces/00000/connections/e2etest_wps_conn_test_575214867510",
            "name": "e2etest_wps_conn_test_575214867510",
            "type": "Microsoft.MachineLearningServices/workspaces/connections",
            "properties": {
              "authType": "ApiKey",
              "credentials": null,
              "group": "AzureAI",
              "category": "CustomKeys",
              "expiryTime": null,
              "target": "my_endpoint",
              "createdByWorkspaceArmId": "/subscriptions/00000000-0000-0000-0000-000000000/resourceGroups/00000/providers/Microsoft.MachineLearningServices/workspaces/00000",
              "useWorkspaceManagedIdentity": false,
              "isSharedToAll": true,
              "sharedUserList": [],
              "metadata": {
                "one": "two"
              }
            },
            "systemData": {
              "createdAt": "2023-12-11T23:05:53.1399562Z",
              "createdBy": "milesholland@microsoft.com",
              "createdByType": "User",
              "lastModifiedAt": "2023-12-11T23:05:53.1399562Z",
              "lastModifiedBy": "milesholland@microsoft.com",
              "lastModifiedByType": "User"
            }
          },
          {
            "tags": null,
            "location": null,
            "id": "/subscriptions/00000000-0000-0000-0000-000000000/resourceGroups/00000/providers/Microsoft.MachineLearningServices/workspaces/00000/connections/e2etest_wps_conn_test_260060892379",
            "name": "e2etest_wps_conn_test_260060892379",
            "type": "Microsoft.MachineLearningServices/workspaces/connections",
            "properties": {
              "authType": "ApiKey",
              "credentials": null,
              "group": "AzureAI",
              "category": "CustomKeys",
              "expiryTime": null,
              "target": "my_endpoint",
              "createdByWorkspaceArmId": "/subscriptions/00000000-0000-0000-0000-000000000/resourceGroups/00000/providers/Microsoft.MachineLearningServices/workspaces/00000",
              "useWorkspaceManagedIdentity": false,
              "isSharedToAll": true,
              "sharedUserList": [],
              "metadata": {
                "one": "two"
              }
            },
            "systemData": {
              "createdAt": "2023-12-11T23:07:29.5628108Z",
              "createdBy": "milesholland@microsoft.com",
              "createdByType": "User",
              "lastModifiedAt": "2023-12-11T23:07:29.5628108Z",
              "lastModifiedBy": "milesholland@microsoft.com",
              "lastModifiedByType": "User"
            }
          },
          {
            "tags": null,
            "location": null,
            "id": "/subscriptions/00000000-0000-0000-0000-000000000/resourceGroups/00000/providers/Microsoft.MachineLearningServices/workspaces/00000/connections/e2etest_wps_conn_test_144789034833",
            "name": "e2etest_wps_conn_test_144789034833",
            "type": "Microsoft.MachineLearningServices/workspaces/connections",
            "properties": {
              "authType": "ApiKey",
              "credentials": null,
              "group": "AzureAI",
              "category": "CustomKeys",
              "expiryTime": null,
              "target": "my_endpoint",
              "createdByWorkspaceArmId": "/subscriptions/00000000-0000-0000-0000-000000000/resourceGroups/00000/providers/Microsoft.MachineLearningServices/workspaces/00000",
              "useWorkspaceManagedIdentity": false,
              "isSharedToAll": true,
              "sharedUserList": [],
              "metadata": {
                "one": "two"
              }
            },
            "systemData": {
              "createdAt": "2023-12-11T23:10:23.3523423Z",
              "createdBy": "milesholland@microsoft.com",
              "createdByType": "User",
              "lastModifiedAt": "2023-12-11T23:10:23.3523423Z",
              "lastModifiedBy": "milesholland@microsoft.com",
              "lastModifiedByType": "User"
            }
          },
          {
            "tags": null,
            "location": null,
            "id": "/subscriptions/00000000-0000-0000-0000-000000000/resourceGroups/00000/providers/Microsoft.MachineLearningServices/workspaces/00000/connections/e2etest_wps_conn_test_416585930352",
            "name": "e2etest_wps_conn_test_416585930352",
            "type": "Microsoft.MachineLearningServices/workspaces/connections",
            "properties": {
              "authType": "AccessKey",
              "credentials": null,
              "group": "File",
              "category": "S3",
              "expiryTime": null,
              "target": "dummy",
              "createdByWorkspaceArmId": "/subscriptions/00000000-0000-0000-0000-000000000/resourceGroups/00000/providers/Microsoft.MachineLearningServices/workspaces/00000",
              "useWorkspaceManagedIdentity": false,
              "isSharedToAll": true,
              "sharedUserList": [],
              "metadata": {}
            },
            "systemData": {
              "createdAt": "2024-02-07T19:59:49.1225035Z",
              "createdBy": "milesholland@microsoft.com",
              "createdByType": "User",
              "lastModifiedAt": "2024-02-07T19:59:49.1225035Z",
              "lastModifiedBy": "milesholland@microsoft.com",
              "lastModifiedByType": "User"
            }
          },
          {
            "tags": null,
            "location": null,
            "id": "/subscriptions/00000000-0000-0000-0000-000000000/resourceGroups/00000/providers/Microsoft.MachineLearningServices/workspaces/00000/connections/e2etest_wps_conn_test_754399481597",
            "name": "e2etest_wps_conn_test_754399481597",
            "type": "Microsoft.MachineLearningServices/workspaces/connections",
            "properties": {
              "authType": "ApiKey",
              "credentials": null,
              "group": "AzureAI",
              "category": "AzureOpenAI",
              "expiryTime": null,
              "target": "dummy",
              "createdByWorkspaceArmId": "/subscriptions/00000000-0000-0000-0000-000000000/resourceGroups/00000/providers/Microsoft.MachineLearningServices/workspaces/00000",
              "useWorkspaceManagedIdentity": false,
              "isSharedToAll": true,
              "sharedUserList": [],
              "metadata": {
                "hello": "world",
                "ApiVersion": "1.0",
                "ApiType": "Azure",
                "DeploymentApiVersion": "2023-10-01-preview"
              }
            },
            "systemData": {
              "createdAt": "2024-04-22T01:07:32.1732395Z",
              "createdBy": "milesholland@microsoft.com",
              "createdByType": "User",
              "lastModifiedAt": "2024-04-22T01:07:32.1732395Z",
              "lastModifiedBy": "milesholland@microsoft.com",
              "lastModifiedByType": "User"
            }
          },
          {
            "tags": null,
            "location": null,
            "id": "/subscriptions/00000000-0000-0000-0000-000000000/resourceGroups/00000/providers/Microsoft.MachineLearningServices/workspaces/00000/connections/e2etest_wps_conn_test_545824126405",
            "name": "e2etest_wps_conn_test_545824126405",
            "type": "Microsoft.MachineLearningServices/workspaces/connections",
            "properties": {
              "authType": "ApiKey",
              "credentials": null,
              "group": "AzureAI",
              "category": "CognitiveSearch",
              "expiryTime": null,
              "target": "this_is_a_target",
              "createdByWorkspaceArmId": "/subscriptions/00000000-0000-0000-0000-000000000/resourceGroups/00000/providers/Microsoft.MachineLearningServices/workspaces/00000",
              "useWorkspaceManagedIdentity": false,
              "isSharedToAll": true,
              "sharedUserList": [],
              "metadata": {
                "ApiVersion": "2023-07-01-preview",
                "DeploymentApiVersion": "2023-11-01"
              }
            },
            "systemData": {
              "createdAt": "2024-04-22T01:07:38.013178Z",
              "createdBy": "milesholland@microsoft.com",
              "createdByType": "User",
              "lastModifiedAt": "2024-04-22T01:07:38.013178Z",
              "lastModifiedBy": "milesholland@microsoft.com",
              "lastModifiedByType": "User"
            }
          },
          {
            "tags": null,
            "location": null,
            "id": "/subscriptions/00000000-0000-0000-0000-000000000/resourceGroups/00000/providers/Microsoft.MachineLearningServices/workspaces/00000/connections/e2etest_wps_conn_test_706033906021",
            "name": "e2etest_wps_conn_test_706033906021",
            "type": "Microsoft.MachineLearningServices/workspaces/connections",
            "properties": {
              "authType": "ApiKey",
              "credentials": null,
              "group": "AzureAI",
              "category": "CustomKeys",
              "expiryTime": null,
              "target": "my_endpoint",
              "createdByWorkspaceArmId": "/subscriptions/00000000-0000-0000-0000-000000000/resourceGroups/00000/providers/Microsoft.MachineLearningServices/workspaces/00000",
              "useWorkspaceManagedIdentity": false,
              "isSharedToAll": true,
              "sharedUserList": [],
              "metadata": {
                "one": "two"
              }
            },
            "systemData": {
              "createdAt": "2024-04-22T01:17:18.2333042Z",
              "createdBy": "milesholland@microsoft.com",
              "createdByType": "User",
              "lastModifiedAt": "2024-04-22T01:17:18.2333042Z",
              "lastModifiedBy": "milesholland@microsoft.com",
              "lastModifiedByType": "User"
            }
          },
          {
            "tags": null,
            "location": null,
            "id": "/subscriptions/00000000-0000-0000-0000-000000000/resourceGroups/00000/providers/Microsoft.MachineLearningServices/workspaces/00000/connections/e2etest_wps_conn_test_522378195412",
            "name": "e2etest_wps_conn_test_522378195412",
            "type": "Microsoft.MachineLearningServices/workspaces/connections",
            "properties": {
              "authType": "ApiKey",
              "credentials": null,
              "group": "AzureAI",
              "category": "AzureOpenAI",
              "expiryTime": null,
              "target": "dummy",
              "createdByWorkspaceArmId": "/subscriptions/00000000-0000-0000-0000-000000000/resourceGroups/00000/providers/Microsoft.MachineLearningServices/workspaces/00000",
              "useWorkspaceManagedIdentity": false,
              "isSharedToAll": true,
              "sharedUserList": [],
              "metadata": {
                "hello": "world",
                "ApiVersion": "1.0",
                "ApiType": "Azure",
                "DeploymentApiVersion": "2023-10-01-preview"
              }
            },
            "systemData": {
              "createdAt": "2024-04-22T06:48:17.7322149Z",
              "createdBy": "milesholland@microsoft.com",
              "createdByType": "User",
              "lastModifiedAt": "2024-04-22T06:48:17.7322149Z",
              "lastModifiedBy": "milesholland@microsoft.com",
              "lastModifiedByType": "User"
            }
          }
        ]
      }
    },
    {
      "RequestUri": "https://management.azure.com/subscriptions/00000000-0000-0000-0000-000000000/resourceGroups/00000/providers/Microsoft.MachineLearningServices/workspaces/00000/connections/e2etest_wps_conn_test_522378195412?api-version=2023-08-01-preview",
      "RequestMethod": "DELETE",
      "RequestHeaders": {
        "Accept": "application/json",
        "Accept-Encoding": "gzip, deflate",
        "Connection": "keep-alive",
        "Content-Length": "0",
        "User-Agent": "azure-ai-ml/1.16.0 azsdk-python-mgmt-machinelearningservices/0.1.0 Python/3.10.2 (Linux-5.15.146.1-microsoft-standard-WSL2-x86_64-with-glibc2.31)"
      },
      "RequestBody": null,
      "StatusCode": 200,
      "ResponseHeaders": {
        "Cache-Control": "no-cache",
        "Content-Length": "0",
        "Date": "Mon, 22 Apr 2024 06:48:22 GMT",
        "Expires": "-1",
        "Pragma": "no-cache",
        "Request-Context": "appId=cid-v1:2d2e8e63-272e-4b3c-8598-4ee570a0e70d",
        "Strict-Transport-Security": "max-age=31536000; includeSubDomains",
        "x-aml-cluster": "vienna-eastus-01",
        "X-Cache": "CONFIG_NOCACHE",
        "X-Content-Type-Options": "nosniff",
        "x-ms-correlation-request-id": "9b878ffc-043f-46ee-8566-786086a0d61f",
        "x-ms-ratelimit-remaining-subscription-deletes": "14999",
        "x-ms-response-type": "standard",
        "x-ms-routing-request-id": "EASTUS:20240422T064823Z:9b878ffc-043f-46ee-8566-786086a0d61f",
        "X-MSEdge-Ref": "Ref A: 8D4F04C03F8F4C928EE5E8BEAE5C1BCF Ref B: MNZ221060619031 Ref C: 2024-04-22T06:48:22Z",
        "x-request-time": "0.174"
      },
      "ResponseBody": null
    },
    {
      "RequestUri": "https://management.azure.com/subscriptions/00000000-0000-0000-0000-000000000/resourceGroups/00000/providers/Microsoft.MachineLearningServices/workspaces/00000/connections/e2etest_wps_conn_test_522378195412?api-version=2023-08-01-preview",
      "RequestMethod": "GET",
      "RequestHeaders": {
        "Accept": "application/json",
        "Accept-Encoding": "gzip, deflate",
        "Connection": "keep-alive",
        "User-Agent": "azure-ai-ml/1.16.0 azsdk-python-mgmt-machinelearningservices/0.1.0 Python/3.10.2 (Linux-5.15.146.1-microsoft-standard-WSL2-x86_64-with-glibc2.31)"
      },
      "RequestBody": null,
      "StatusCode": 404,
      "ResponseHeaders": {
        "Cache-Control": "no-cache",
        "Content-Length": "708",
        "Content-Type": "application/json; charset=utf-8",
        "Date": "Mon, 22 Apr 2024 06:48:22 GMT",
        "Expires": "-1",
        "Pragma": "no-cache",
        "Request-Context": "appId=cid-v1:2d2e8e63-272e-4b3c-8598-4ee570a0e70d",
        "Strict-Transport-Security": "max-age=31536000; includeSubDomains",
        "Vary": "Accept-Encoding",
        "x-aml-cluster": "vienna-eastus-01",
        "X-Cache": "CONFIG_NOCACHE",
        "X-Content-Type-Options": "nosniff",
        "x-ms-correlation-request-id": "a27362fe-7748-4eff-9b5a-4d8941f15aec",
        "x-ms-ratelimit-remaining-subscription-reads": "11999",
        "x-ms-response-type": "error",
        "x-ms-routing-request-id": "EASTUS2:20240422T064823Z:a27362fe-7748-4eff-9b5a-4d8941f15aec",
        "X-MSEdge-Ref": "Ref A: 5BFBB955AA8C46E193486832B10B52C3 Ref B: MNZ221060619031 Ref C: 2024-04-22T06:48:23Z",
        "x-request-time": "0.054"
      },
      "ResponseBody": {
        "error": {
          "code": "UserError",
          "severity": null,
          "message": "Connection e2etest_wps_conn_test_522378195412 can't be found in this workspace",
          "messageFormat": null,
          "messageParameters": null,
          "referenceCode": null,
          "detailsUri": null,
          "target": null,
          "details": [],
          "innerError": {
            "code": "NotFoundError",
            "innerError": null
          },
          "debugInfo": null,
          "additionalInfo": null
        },
        "correlation": {
          "operation": "a638962ad64ee559d868883f2b98ff3b",
          "request": "184a06f54cfbbe89"
        },
        "environment": "eastus",
        "location": "eastus",
        "time": "2024-04-22T06:48:23.2792879+00:00",
        "componentName": "account-rp",
        "statusCode": 404
      }
    }
  ],
  "Variables": {
    "wps_connection_name": "test_522378195412"
  }
}
