{
  "Entries": [
    {
      "RequestUri": "https://endpoint/language/analyze-text/jobs?api-version=2023-04-01",
      "RequestMethod": "POST",
      "RequestHeaders": {
        "Accept": "application/json",
        "Accept-Encoding": "gzip, deflate, br, zstd",
        "Connection": "keep-alive",
        "Content-Length": "504",
        "Content-Type": "application/json",
        "ocp-apim-subscription-key": "Sanitized",
        "Referer": "http://localhost:63315/",
        "sec-ch-ua": "\"Chromium\";v=\"134\", \"Not:A-Brand\";v=\"24\", \"HeadlessChrome\";v=\"134\"",
        "sec-ch-ua-mobile": "?0",
        "sec-ch-ua-platform": "\"Linux\"",
        "Sec-Fetch-Dest": "empty",
        "Sec-Fetch-Mode": "cors",
        "Sec-Fetch-Site": "same-site",
        "User-Agent": "Mozilla/5.0 (X11; Linux x86_64) AppleWebKit/537.36 (KHTML, like Gecko) HeadlessChrome/134.0.6998.35 Safari/537.36",
        "x-ms-client-request-id": "Sanitized",
        "x-ms-useragent": "azsdk-js-ai-language-text/1.1.0 core-rest-pipeline/1.19.2 Chromium/134 OS/x86-Linux-5.15.167"
      },
      "RequestBody": {
        "analysisInput": {
          "documents": [
            {
              "id": "0",
              "text": "A recent report by the Government Accountability Office (GAO) found that the dramatic increase in oil and natural gas development on federal lands over the past six years has stretched the staff of the BLM to a point that it has been unable to meet its environmental protection responsibilities.",
              "language": "en"
            }
          ]
        },
        "tasks": [
          {
            "kind": "CustomSingleLabelClassification",
            "parameters": {
              "projectName": "Sanitized",
              "deploymentName": "Sanitized"
            }
          }
        ]
      },
      "StatusCode": 202,
      "ResponseHeaders": {
        "apim-request-id": "640c6828-4c01-43dd-af67-7839497d455d",
        "azure-deprecating": "Training config used by Deployment name Sanitized and project name Sanitized used in CustomSingleLabelClassification will retire on 2024-04-25. (https://aka.ms/text-analytics-deprecated-model-versions);Model used by Deployment name Sanitized and project name Sanitized used in CustomSingleLabelClassification will retire on 2025-04-25. (https://aka.ms/text-analytics-deprecated-model-versions)",
        "Content-Length": "0",
        "Date": "Tue, 25 Mar 2025 23:54:11 GMT",
        "operation-location": "https://endpointlanguage/analyze-text/jobs/86287f4f-8a10-4e7d-a4ee-b2e29013b414?api-version=2023-04-01",
        "Strict-Transport-Security": "max-age=31536000; includeSubDomains; preload",
        "X-Content-Type-Options": "nosniff",
        "x-envoy-upstream-service-time": "275",
        "x-ms-region": "West US 2"
      },
      "ResponseBody": null
    },
    {
      "RequestUri": "https://endpointlanguage/analyze-text/jobs/86287f4f-8a10-4e7d-a4ee-b2e29013b414?api-version=2023-04-01",
      "RequestMethod": "GET",
      "RequestHeaders": {
        "Accept": "application/json",
        "Accept-Encoding": "gzip, deflate, br, zstd",
        "Connection": "keep-alive",
        "ocp-apim-subscription-key": "Sanitized",
        "Referer": "http://localhost:63315/",
        "sec-ch-ua": "\"Chromium\";v=\"134\", \"Not:A-Brand\";v=\"24\", \"HeadlessChrome\";v=\"134\"",
        "sec-ch-ua-mobile": "?0",
        "sec-ch-ua-platform": "\"Linux\"",
        "Sec-Fetch-Dest": "empty",
        "Sec-Fetch-Mode": "cors",
        "Sec-Fetch-Site": "same-site",
        "User-Agent": "Mozilla/5.0 (X11; Linux x86_64) AppleWebKit/537.36 (KHTML, like Gecko) HeadlessChrome/134.0.6998.35 Safari/537.36",
        "x-ms-client-request-id": "Sanitized",
        "x-ms-useragent": "azsdk-js-ai-language-text/1.1.0 core-rest-pipeline/1.19.2 Chromium/134 OS/x86-Linux-5.15.167"
      },
      "RequestBody": null,
      "StatusCode": 200,
      "ResponseHeaders": {
        "apim-request-id": "d5b78518-98e6-4e8c-926e-9f561ad9c08c",
        "Content-Length": "283",
        "Content-Type": "application/json; charset=utf-8",
        "Date": "Tue, 25 Mar 2025 23:54:11 GMT",
        "Strict-Transport-Security": "max-age=31536000; includeSubDomains; preload",
        "X-Content-Type-Options": "nosniff",
        "x-envoy-upstream-service-time": "7",
        "x-ms-region": "West US 2"
      },
      "ResponseBody": {
        "jobId": "86287f4f-8a10-4e7d-a4ee-b2e29013b414",
        "lastUpdatedDateTime": "2025-03-25T23:54:12Z",
        "createdDateTime": "2025-03-25T23:54:11Z",
        "expirationDateTime": "2025-03-26T23:54:11Z",
        "status": "notStarted",
        "errors": [],
        "tasks": {
          "completed": 0,
          "failed": 0,
          "inProgress": 1,
          "total": 1,
          "items": []
        }
      }
    },
    {
      "RequestUri": "https://endpointlanguage/analyze-text/jobs/86287f4f-8a10-4e7d-a4ee-b2e29013b414?api-version=2023-04-01",
      "RequestMethod": "GET",
      "RequestHeaders": {
        "Accept": "application/json",
        "Accept-Encoding": "gzip, deflate, br, zstd",
        "Connection": "keep-alive",
        "ocp-apim-subscription-key": "Sanitized",
        "Referer": "http://localhost:63315/",
        "sec-ch-ua": "\"Chromium\";v=\"134\", \"Not:A-Brand\";v=\"24\", \"HeadlessChrome\";v=\"134\"",
        "sec-ch-ua-mobile": "?0",
        "sec-ch-ua-platform": "\"Linux\"",
        "Sec-Fetch-Dest": "empty",
        "Sec-Fetch-Mode": "cors",
        "Sec-Fetch-Site": "same-site",
        "User-Agent": "Mozilla/5.0 (X11; Linux x86_64) AppleWebKit/537.36 (KHTML, like Gecko) HeadlessChrome/134.0.6998.35 Safari/537.36",
        "x-ms-client-request-id": "Sanitized",
        "x-ms-useragent": "azsdk-js-ai-language-text/1.1.0 core-rest-pipeline/1.19.2 Chromium/134 OS/x86-Linux-5.15.167"
      },
      "RequestBody": null,
      "StatusCode": 200,
      "ResponseHeaders": {
        "apim-request-id": "b3846964-164c-4cd2-a7c9-b1ebe673542b",
        "Content-Length": "283",
        "Content-Type": "application/json; charset=utf-8",
        "Date": "Tue, 25 Mar 2025 23:54:11 GMT",
        "Strict-Transport-Security": "max-age=31536000; includeSubDomains; preload",
        "X-Content-Type-Options": "nosniff",
        "x-envoy-upstream-service-time": "6",
        "x-ms-region": "West US 2"
      },
      "ResponseBody": {
        "jobId": "86287f4f-8a10-4e7d-a4ee-b2e29013b414",
        "lastUpdatedDateTime": "2025-03-25T23:54:12Z",
        "createdDateTime": "2025-03-25T23:54:11Z",
        "expirationDateTime": "2025-03-26T23:54:11Z",
        "status": "notStarted",
        "errors": [],
        "tasks": {
          "completed": 0,
          "failed": 0,
          "inProgress": 1,
          "total": 1,
          "items": []
        }
      }
    },
    {
      "RequestUri": "https://endpointlanguage/analyze-text/jobs/86287f4f-8a10-4e7d-a4ee-b2e29013b414?api-version=2023-04-01",
      "RequestMethod": "GET",
      "RequestHeaders": {
        "Accept": "application/json",
        "Accept-Encoding": "gzip, deflate, br, zstd",
        "Connection": "keep-alive",
        "ocp-apim-subscription-key": "Sanitized",
        "Referer": "http://localhost:63315/",
        "sec-ch-ua": "\"Chromium\";v=\"134\", \"Not:A-Brand\";v=\"24\", \"HeadlessChrome\";v=\"134\"",
        "sec-ch-ua-mobile": "?0",
        "sec-ch-ua-platform": "\"Linux\"",
        "Sec-Fetch-Dest": "empty",
        "Sec-Fetch-Mode": "cors",
        "Sec-Fetch-Site": "same-site",
        "User-Agent": "Mozilla/5.0 (X11; Linux x86_64) AppleWebKit/537.36 (KHTML, like Gecko) HeadlessChrome/134.0.6998.35 Safari/537.36",
        "x-ms-client-request-id": "Sanitized",
        "x-ms-useragent": "azsdk-js-ai-language-text/1.1.0 core-rest-pipeline/1.19.2 Chromium/134 OS/x86-Linux-5.15.167"
      },
      "RequestBody": null,
      "StatusCode": 200,
      "ResponseHeaders": {
        "apim-request-id": "80afdf94-7500-4751-ae73-dec2dd92bf2c",
        "Content-Length": "283",
        "Content-Type": "application/json; charset=utf-8",
        "Date": "Tue, 25 Mar 2025 23:54:11 GMT",
        "Strict-Transport-Security": "max-age=31536000; includeSubDomains; preload",
        "X-Content-Type-Options": "nosniff",
        "x-envoy-upstream-service-time": "6",
        "x-ms-region": "West US 2"
      },
      "ResponseBody": {
        "jobId": "86287f4f-8a10-4e7d-a4ee-b2e29013b414",
        "lastUpdatedDateTime": "2025-03-25T23:54:12Z",
        "createdDateTime": "2025-03-25T23:54:11Z",
        "expirationDateTime": "2025-03-26T23:54:11Z",
        "status": "notStarted",
        "errors": [],
        "tasks": {
          "completed": 0,
          "failed": 0,
          "inProgress": 1,
          "total": 1,
          "items": []
        }
      }
    },
    {
      "RequestUri": "https://endpointlanguage/analyze-text/jobs/86287f4f-8a10-4e7d-a4ee-b2e29013b414?api-version=2023-04-01",
      "RequestMethod": "GET",
      "RequestHeaders": {
        "Accept": "application/json",
        "Accept-Encoding": "gzip, deflate, br, zstd",
        "Connection": "keep-alive",
        "ocp-apim-subscription-key": "Sanitized",
        "Referer": "http://localhost:63315/",
        "sec-ch-ua": "\"Chromium\";v=\"134\", \"Not:A-Brand\";v=\"24\", \"HeadlessChrome\";v=\"134\"",
        "sec-ch-ua-mobile": "?0",
        "sec-ch-ua-platform": "\"Linux\"",
        "Sec-Fetch-Dest": "empty",
        "Sec-Fetch-Mode": "cors",
        "Sec-Fetch-Site": "same-site",
        "User-Agent": "Mozilla/5.0 (X11; Linux x86_64) AppleWebKit/537.36 (KHTML, like Gecko) HeadlessChrome/134.0.6998.35 Safari/537.36",
        "x-ms-client-request-id": "Sanitized",
        "x-ms-useragent": "azsdk-js-ai-language-text/1.1.0 core-rest-pipeline/1.19.2 Chromium/134 OS/x86-Linux-5.15.167"
      },
      "RequestBody": null,
      "StatusCode": 200,
      "ResponseHeaders": {
        "apim-request-id": "a41de10d-a4cc-4691-866b-0cdba7b3819a",
        "Content-Length": "283",
        "Content-Type": "application/json; charset=utf-8",
        "Date": "Tue, 25 Mar 2025 23:54:11 GMT",
        "Strict-Transport-Security": "max-age=31536000; includeSubDomains; preload",
        "X-Content-Type-Options": "nosniff",
        "x-envoy-upstream-service-time": "7",
        "x-ms-region": "West US 2"
      },
      "ResponseBody": {
        "jobId": "86287f4f-8a10-4e7d-a4ee-b2e29013b414",
        "lastUpdatedDateTime": "2025-03-25T23:54:12Z",
        "createdDateTime": "2025-03-25T23:54:11Z",
        "expirationDateTime": "2025-03-26T23:54:11Z",
        "status": "notStarted",
        "errors": [],
        "tasks": {
          "completed": 0,
          "failed": 0,
          "inProgress": 1,
          "total": 1,
          "items": []
        }
      }
    },
    {
      "RequestUri": "https://endpointlanguage/analyze-text/jobs/86287f4f-8a10-4e7d-a4ee-b2e29013b414?api-version=2023-04-01",
      "RequestMethod": "GET",
      "RequestHeaders": {
        "Accept": "application/json",
        "Accept-Encoding": "gzip, deflate, br, zstd",
        "Connection": "keep-alive",
        "ocp-apim-subscription-key": "Sanitized",
        "Referer": "http://localhost:63315/",
        "sec-ch-ua": "\"Chromium\";v=\"134\", \"Not:A-Brand\";v=\"24\", \"HeadlessChrome\";v=\"134\"",
        "sec-ch-ua-mobile": "?0",
        "sec-ch-ua-platform": "\"Linux\"",
        "Sec-Fetch-Dest": "empty",
        "Sec-Fetch-Mode": "cors",
        "Sec-Fetch-Site": "same-site",
        "User-Agent": "Mozilla/5.0 (X11; Linux x86_64) AppleWebKit/537.36 (KHTML, like Gecko) HeadlessChrome/134.0.6998.35 Safari/537.36",
        "x-ms-client-request-id": "Sanitized",
        "x-ms-useragent": "azsdk-js-ai-language-text/1.1.0 core-rest-pipeline/1.19.2 Chromium/134 OS/x86-Linux-5.15.167"
      },
      "RequestBody": null,
      "StatusCode": 200,
      "ResponseHeaders": {
        "apim-request-id": "65ec4028-3377-483f-bdff-f4ba26802071",
        "Content-Length": "283",
        "Content-Type": "application/json; charset=utf-8",
        "Date": "Tue, 25 Mar 2025 23:54:11 GMT",
        "Strict-Transport-Security": "max-age=31536000; includeSubDomains; preload",
        "X-Content-Type-Options": "nosniff",
        "x-envoy-upstream-service-time": "7",
        "x-ms-region": "West US 2"
      },
      "ResponseBody": {
        "jobId": "86287f4f-8a10-4e7d-a4ee-b2e29013b414",
        "lastUpdatedDateTime": "2025-03-25T23:54:12Z",
        "createdDateTime": "2025-03-25T23:54:11Z",
        "expirationDateTime": "2025-03-26T23:54:11Z",
        "status": "notStarted",
        "errors": [],
        "tasks": {
          "completed": 0,
          "failed": 0,
          "inProgress": 1,
          "total": 1,
          "items": []
        }
      }
    },
    {
      "RequestUri": "https://endpointlanguage/analyze-text/jobs/86287f4f-8a10-4e7d-a4ee-b2e29013b414?api-version=2023-04-01",
      "RequestMethod": "GET",
      "RequestHeaders": {
        "Accept": "application/json",
        "Accept-Encoding": "gzip, deflate, br, zstd",
        "Connection": "keep-alive",
        "ocp-apim-subscription-key": "Sanitized",
        "Referer": "http://localhost:63315/",
        "sec-ch-ua": "\"Chromium\";v=\"134\", \"Not:A-Brand\";v=\"24\", \"HeadlessChrome\";v=\"134\"",
        "sec-ch-ua-mobile": "?0",
        "sec-ch-ua-platform": "\"Linux\"",
        "Sec-Fetch-Dest": "empty",
        "Sec-Fetch-Mode": "cors",
        "Sec-Fetch-Site": "same-site",
        "User-Agent": "Mozilla/5.0 (X11; Linux x86_64) AppleWebKit/537.36 (KHTML, like Gecko) HeadlessChrome/134.0.6998.35 Safari/537.36",
        "x-ms-client-request-id": "Sanitized",
        "x-ms-useragent": "azsdk-js-ai-language-text/1.1.0 core-rest-pipeline/1.19.2 Chromium/134 OS/x86-Linux-5.15.167"
      },
      "RequestBody": null,
      "StatusCode": 200,
      "ResponseHeaders": {
        "apim-request-id": "e06f63f2-3a0b-47d2-905b-d894d8ee157b",
        "Content-Length": "283",
        "Content-Type": "application/json; charset=utf-8",
        "Date": "Tue, 25 Mar 2025 23:54:11 GMT",
        "Strict-Transport-Security": "max-age=31536000; includeSubDomains; preload",
        "X-Content-Type-Options": "nosniff",
        "x-envoy-upstream-service-time": "6",
        "x-ms-region": "West US 2"
      },
      "ResponseBody": {
        "jobId": "86287f4f-8a10-4e7d-a4ee-b2e29013b414",
        "lastUpdatedDateTime": "2025-03-25T23:54:12Z",
        "createdDateTime": "2025-03-25T23:54:11Z",
        "expirationDateTime": "2025-03-26T23:54:11Z",
        "status": "notStarted",
        "errors": [],
        "tasks": {
          "completed": 0,
          "failed": 0,
          "inProgress": 1,
          "total": 1,
          "items": []
        }
      }
    },
    {
      "RequestUri": "https://endpointlanguage/analyze-text/jobs/86287f4f-8a10-4e7d-a4ee-b2e29013b414?api-version=2023-04-01",
      "RequestMethod": "GET",
      "RequestHeaders": {
        "Accept": "application/json",
        "Accept-Encoding": "gzip, deflate, br, zstd",
        "Connection": "keep-alive",
        "ocp-apim-subscription-key": "Sanitized",
        "Referer": "http://localhost:63315/",
        "sec-ch-ua": "\"Chromium\";v=\"134\", \"Not:A-Brand\";v=\"24\", \"HeadlessChrome\";v=\"134\"",
        "sec-ch-ua-mobile": "?0",
        "sec-ch-ua-platform": "\"Linux\"",
        "Sec-Fetch-Dest": "empty",
        "Sec-Fetch-Mode": "cors",
        "Sec-Fetch-Site": "same-site",
        "User-Agent": "Mozilla/5.0 (X11; Linux x86_64) AppleWebKit/537.36 (KHTML, like Gecko) HeadlessChrome/134.0.6998.35 Safari/537.36",
        "x-ms-client-request-id": "Sanitized",
        "x-ms-useragent": "azsdk-js-ai-language-text/1.1.0 core-rest-pipeline/1.19.2 Chromium/134 OS/x86-Linux-5.15.167"
      },
      "RequestBody": null,
      "StatusCode": 200,
      "ResponseHeaders": {
        "apim-request-id": "cac564e5-2ea5-405d-a04b-99779a81a007",
        "Content-Length": "283",
        "Content-Type": "application/json; charset=utf-8",
        "Date": "Tue, 25 Mar 2025 23:54:11 GMT",
        "Strict-Transport-Security": "max-age=31536000; includeSubDomains; preload",
        "X-Content-Type-Options": "nosniff",
        "x-envoy-upstream-service-time": "6",
        "x-ms-region": "West US 2"
      },
      "ResponseBody": {
        "jobId": "86287f4f-8a10-4e7d-a4ee-b2e29013b414",
        "lastUpdatedDateTime": "2025-03-25T23:54:12Z",
        "createdDateTime": "2025-03-25T23:54:11Z",
        "expirationDateTime": "2025-03-26T23:54:11Z",
        "status": "notStarted",
        "errors": [],
        "tasks": {
          "completed": 0,
          "failed": 0,
          "inProgress": 1,
          "total": 1,
          "items": []
        }
      }
    },
    {
      "RequestUri": "https://endpointlanguage/analyze-text/jobs/86287f4f-8a10-4e7d-a4ee-b2e29013b414?api-version=2023-04-01",
      "RequestMethod": "GET",
      "RequestHeaders": {
        "Accept": "application/json",
        "Accept-Encoding": "gzip, deflate, br, zstd",
        "Connection": "keep-alive",
        "ocp-apim-subscription-key": "Sanitized",
        "Referer": "http://localhost:63315/",
        "sec-ch-ua": "\"Chromium\";v=\"134\", \"Not:A-Brand\";v=\"24\", \"HeadlessChrome\";v=\"134\"",
        "sec-ch-ua-mobile": "?0",
        "sec-ch-ua-platform": "\"Linux\"",
        "Sec-Fetch-Dest": "empty",
        "Sec-Fetch-Mode": "cors",
        "Sec-Fetch-Site": "same-site",
        "User-Agent": "Mozilla/5.0 (X11; Linux x86_64) AppleWebKit/537.36 (KHTML, like Gecko) HeadlessChrome/134.0.6998.35 Safari/537.36",
        "x-ms-client-request-id": "Sanitized",
        "x-ms-useragent": "azsdk-js-ai-language-text/1.1.0 core-rest-pipeline/1.19.2 Chromium/134 OS/x86-Linux-5.15.167"
      },
      "RequestBody": null,
      "StatusCode": 200,
      "ResponseHeaders": {
        "apim-request-id": "722116e9-50c5-4455-ab14-0ca4b91255f9",
        "Content-Length": "283",
        "Content-Type": "application/json; charset=utf-8",
        "Date": "Tue, 25 Mar 2025 23:54:11 GMT",
        "Strict-Transport-Security": "max-age=31536000; includeSubDomains; preload",
        "X-Content-Type-Options": "nosniff",
        "x-envoy-upstream-service-time": "7",
        "x-ms-region": "West US 2"
      },
      "ResponseBody": {
        "jobId": "86287f4f-8a10-4e7d-a4ee-b2e29013b414",
        "lastUpdatedDateTime": "2025-03-25T23:54:12Z",
        "createdDateTime": "2025-03-25T23:54:11Z",
        "expirationDateTime": "2025-03-26T23:54:11Z",
        "status": "notStarted",
        "errors": [],
        "tasks": {
          "completed": 0,
          "failed": 0,
          "inProgress": 1,
          "total": 1,
          "items": []
        }
      }
    },
    {
      "RequestUri": "https://endpointlanguage/analyze-text/jobs/86287f4f-8a10-4e7d-a4ee-b2e29013b414?api-version=2023-04-01",
      "RequestMethod": "GET",
      "RequestHeaders": {
        "Accept": "application/json",
        "Accept-Encoding": "gzip, deflate, br, zstd",
        "Connection": "keep-alive",
        "ocp-apim-subscription-key": "Sanitized",
        "Referer": "http://localhost:63315/",
        "sec-ch-ua": "\"Chromium\";v=\"134\", \"Not:A-Brand\";v=\"24\", \"HeadlessChrome\";v=\"134\"",
        "sec-ch-ua-mobile": "?0",
        "sec-ch-ua-platform": "\"Linux\"",
        "Sec-Fetch-Dest": "empty",
        "Sec-Fetch-Mode": "cors",
        "Sec-Fetch-Site": "same-site",
        "User-Agent": "Mozilla/5.0 (X11; Linux x86_64) AppleWebKit/537.36 (KHTML, like Gecko) HeadlessChrome/134.0.6998.35 Safari/537.36",
        "x-ms-client-request-id": "Sanitized",
        "x-ms-useragent": "azsdk-js-ai-language-text/1.1.0 core-rest-pipeline/1.19.2 Chromium/134 OS/x86-Linux-5.15.167"
      },
      "RequestBody": null,
      "StatusCode": 200,
      "ResponseHeaders": {
        "apim-request-id": "a26c503c-23ee-44a3-876d-9fe2f8657bc2",
        "Content-Length": "283",
        "Content-Type": "application/json; charset=utf-8",
        "Date": "Tue, 25 Mar 2025 23:54:11 GMT",
        "Strict-Transport-Security": "max-age=31536000; includeSubDomains; preload",
        "X-Content-Type-Options": "nosniff",
        "x-envoy-upstream-service-time": "6",
        "x-ms-region": "West US 2"
      },
      "ResponseBody": {
        "jobId": "86287f4f-8a10-4e7d-a4ee-b2e29013b414",
        "lastUpdatedDateTime": "2025-03-25T23:54:12Z",
        "createdDateTime": "2025-03-25T23:54:11Z",
        "expirationDateTime": "2025-03-26T23:54:11Z",
        "status": "notStarted",
        "errors": [],
        "tasks": {
          "completed": 0,
          "failed": 0,
          "inProgress": 1,
          "total": 1,
          "items": []
        }
      }
    },
    {
      "RequestUri": "https://endpointlanguage/analyze-text/jobs/86287f4f-8a10-4e7d-a4ee-b2e29013b414?api-version=2023-04-01",
      "RequestMethod": "GET",
      "RequestHeaders": {
        "Accept": "application/json",
        "Accept-Encoding": "gzip, deflate, br, zstd",
        "Connection": "keep-alive",
        "ocp-apim-subscription-key": "Sanitized",
        "Referer": "http://localhost:63315/",
        "sec-ch-ua": "\"Chromium\";v=\"134\", \"Not:A-Brand\";v=\"24\", \"HeadlessChrome\";v=\"134\"",
        "sec-ch-ua-mobile": "?0",
        "sec-ch-ua-platform": "\"Linux\"",
        "Sec-Fetch-Dest": "empty",
        "Sec-Fetch-Mode": "cors",
        "Sec-Fetch-Site": "same-site",
        "User-Agent": "Mozilla/5.0 (X11; Linux x86_64) AppleWebKit/537.36 (KHTML, like Gecko) HeadlessChrome/134.0.6998.35 Safari/537.36",
        "x-ms-client-request-id": "Sanitized",
        "x-ms-useragent": "azsdk-js-ai-language-text/1.1.0 core-rest-pipeline/1.19.2 Chromium/134 OS/x86-Linux-5.15.167"
      },
      "RequestBody": null,
      "StatusCode": 200,
      "ResponseHeaders": {
        "apim-request-id": "1d3dc536-29f9-4ba1-ba9a-b7efa87196a5",
        "Content-Length": "283",
        "Content-Type": "application/json; charset=utf-8",
        "Date": "Tue, 25 Mar 2025 23:54:11 GMT",
        "Strict-Transport-Security": "max-age=31536000; includeSubDomains; preload",
        "X-Content-Type-Options": "nosniff",
        "x-envoy-upstream-service-time": "6",
        "x-ms-region": "West US 2"
      },
      "ResponseBody": {
        "jobId": "86287f4f-8a10-4e7d-a4ee-b2e29013b414",
        "lastUpdatedDateTime": "2025-03-25T23:54:12Z",
        "createdDateTime": "2025-03-25T23:54:11Z",
        "expirationDateTime": "2025-03-26T23:54:11Z",
        "status": "notStarted",
        "errors": [],
        "tasks": {
          "completed": 0,
          "failed": 0,
          "inProgress": 1,
          "total": 1,
          "items": []
        }
      }
    },
    {
      "RequestUri": "https://endpointlanguage/analyze-text/jobs/86287f4f-8a10-4e7d-a4ee-b2e29013b414?api-version=2023-04-01",
      "RequestMethod": "GET",
      "RequestHeaders": {
        "Accept": "application/json",
        "Accept-Encoding": "gzip, deflate, br, zstd",
        "Connection": "keep-alive",
        "ocp-apim-subscription-key": "Sanitized",
        "Referer": "http://localhost:63315/",
        "sec-ch-ua": "\"Chromium\";v=\"134\", \"Not:A-Brand\";v=\"24\", \"HeadlessChrome\";v=\"134\"",
        "sec-ch-ua-mobile": "?0",
        "sec-ch-ua-platform": "\"Linux\"",
        "Sec-Fetch-Dest": "empty",
        "Sec-Fetch-Mode": "cors",
        "Sec-Fetch-Site": "same-site",
        "User-Agent": "Mozilla/5.0 (X11; Linux x86_64) AppleWebKit/537.36 (KHTML, like Gecko) HeadlessChrome/134.0.6998.35 Safari/537.36",
        "x-ms-client-request-id": "Sanitized",
        "x-ms-useragent": "azsdk-js-ai-language-text/1.1.0 core-rest-pipeline/1.19.2 Chromium/134 OS/x86-Linux-5.15.167"
      },
      "RequestBody": null,
      "StatusCode": 200,
      "ResponseHeaders": {
        "apim-request-id": "ddd49c90-0569-4573-b0f6-a8e573648e25",
        "Content-Length": "283",
        "Content-Type": "application/json; charset=utf-8",
        "Date": "Tue, 25 Mar 2025 23:54:11 GMT",
        "Strict-Transport-Security": "max-age=31536000; includeSubDomains; preload",
        "X-Content-Type-Options": "nosniff",
        "x-envoy-upstream-service-time": "6",
        "x-ms-region": "West US 2"
      },
      "ResponseBody": {
        "jobId": "86287f4f-8a10-4e7d-a4ee-b2e29013b414",
        "lastUpdatedDateTime": "2025-03-25T23:54:12Z",
        "createdDateTime": "2025-03-25T23:54:11Z",
        "expirationDateTime": "2025-03-26T23:54:11Z",
        "status": "notStarted",
        "errors": [],
        "tasks": {
          "completed": 0,
          "failed": 0,
          "inProgress": 1,
          "total": 1,
          "items": []
        }
      }
    },
    {
      "RequestUri": "https://endpointlanguage/analyze-text/jobs/86287f4f-8a10-4e7d-a4ee-b2e29013b414?api-version=2023-04-01",
      "RequestMethod": "GET",
      "RequestHeaders": {
        "Accept": "application/json",
        "Accept-Encoding": "gzip, deflate, br, zstd",
        "Connection": "keep-alive",
        "ocp-apim-subscription-key": "Sanitized",
        "Referer": "http://localhost:63315/",
        "sec-ch-ua": "\"Chromium\";v=\"134\", \"Not:A-Brand\";v=\"24\", \"HeadlessChrome\";v=\"134\"",
        "sec-ch-ua-mobile": "?0",
        "sec-ch-ua-platform": "\"Linux\"",
        "Sec-Fetch-Dest": "empty",
        "Sec-Fetch-Mode": "cors",
        "Sec-Fetch-Site": "same-site",
        "User-Agent": "Mozilla/5.0 (X11; Linux x86_64) AppleWebKit/537.36 (KHTML, like Gecko) HeadlessChrome/134.0.6998.35 Safari/537.36",
        "x-ms-client-request-id": "Sanitized",
        "x-ms-useragent": "azsdk-js-ai-language-text/1.1.0 core-rest-pipeline/1.19.2 Chromium/134 OS/x86-Linux-5.15.167"
      },
      "RequestBody": null,
      "StatusCode": 200,
      "ResponseHeaders": {
        "apim-request-id": "36ec1859-c4c6-4b65-a1d8-9972b9ec270e",
        "Content-Length": "283",
        "Content-Type": "application/json; charset=utf-8",
        "Date": "Tue, 25 Mar 2025 23:54:11 GMT",
        "Strict-Transport-Security": "max-age=31536000; includeSubDomains; preload",
        "X-Content-Type-Options": "nosniff",
        "x-envoy-upstream-service-time": "7",
        "x-ms-region": "West US 2"
      },
      "ResponseBody": {
        "jobId": "86287f4f-8a10-4e7d-a4ee-b2e29013b414",
        "lastUpdatedDateTime": "2025-03-25T23:54:12Z",
        "createdDateTime": "2025-03-25T23:54:11Z",
        "expirationDateTime": "2025-03-26T23:54:11Z",
        "status": "notStarted",
        "errors": [],
        "tasks": {
          "completed": 0,
          "failed": 0,
          "inProgress": 1,
          "total": 1,
          "items": []
        }
      }
    },
    {
      "RequestUri": "https://endpointlanguage/analyze-text/jobs/86287f4f-8a10-4e7d-a4ee-b2e29013b414?api-version=2023-04-01",
      "RequestMethod": "GET",
      "RequestHeaders": {
        "Accept": "application/json",
        "Accept-Encoding": "gzip, deflate, br, zstd",
        "Connection": "keep-alive",
        "ocp-apim-subscription-key": "Sanitized",
        "Referer": "http://localhost:63315/",
        "sec-ch-ua": "\"Chromium\";v=\"134\", \"Not:A-Brand\";v=\"24\", \"HeadlessChrome\";v=\"134\"",
        "sec-ch-ua-mobile": "?0",
        "sec-ch-ua-platform": "\"Linux\"",
        "Sec-Fetch-Dest": "empty",
        "Sec-Fetch-Mode": "cors",
        "Sec-Fetch-Site": "same-site",
        "User-Agent": "Mozilla/5.0 (X11; Linux x86_64) AppleWebKit/537.36 (KHTML, like Gecko) HeadlessChrome/134.0.6998.35 Safari/537.36",
        "x-ms-client-request-id": "Sanitized",
        "x-ms-useragent": "azsdk-js-ai-language-text/1.1.0 core-rest-pipeline/1.19.2 Chromium/134 OS/x86-Linux-5.15.167"
      },
      "RequestBody": null,
      "StatusCode": 200,
      "ResponseHeaders": {
        "apim-request-id": "5c3c2e78-d432-4b3d-b042-f27e244d0801",
        "Content-Length": "283",
        "Content-Type": "application/json; charset=utf-8",
        "Date": "Tue, 25 Mar 2025 23:54:11 GMT",
        "Strict-Transport-Security": "max-age=31536000; includeSubDomains; preload",
        "X-Content-Type-Options": "nosniff",
        "x-envoy-upstream-service-time": "6",
        "x-ms-region": "West US 2"
      },
      "ResponseBody": {
        "jobId": "86287f4f-8a10-4e7d-a4ee-b2e29013b414",
        "lastUpdatedDateTime": "2025-03-25T23:54:12Z",
        "createdDateTime": "2025-03-25T23:54:11Z",
        "expirationDateTime": "2025-03-26T23:54:11Z",
        "status": "notStarted",
        "errors": [],
        "tasks": {
          "completed": 0,
          "failed": 0,
          "inProgress": 1,
          "total": 1,
          "items": []
        }
      }
    },
    {
      "RequestUri": "https://endpointlanguage/analyze-text/jobs/86287f4f-8a10-4e7d-a4ee-b2e29013b414?api-version=2023-04-01",
      "RequestMethod": "GET",
      "RequestHeaders": {
        "Accept": "application/json",
        "Accept-Encoding": "gzip, deflate, br, zstd",
        "Connection": "keep-alive",
        "ocp-apim-subscription-key": "Sanitized",
        "Referer": "http://localhost:63315/",
        "sec-ch-ua": "\"Chromium\";v=\"134\", \"Not:A-Brand\";v=\"24\", \"HeadlessChrome\";v=\"134\"",
        "sec-ch-ua-mobile": "?0",
        "sec-ch-ua-platform": "\"Linux\"",
        "Sec-Fetch-Dest": "empty",
        "Sec-Fetch-Mode": "cors",
        "Sec-Fetch-Site": "same-site",
        "User-Agent": "Mozilla/5.0 (X11; Linux x86_64) AppleWebKit/537.36 (KHTML, like Gecko) HeadlessChrome/134.0.6998.35 Safari/537.36",
        "x-ms-client-request-id": "Sanitized",
        "x-ms-useragent": "azsdk-js-ai-language-text/1.1.0 core-rest-pipeline/1.19.2 Chromium/134 OS/x86-Linux-5.15.167"
      },
      "RequestBody": null,
      "StatusCode": 200,
      "ResponseHeaders": {
        "apim-request-id": "68222f11-485e-4094-9e38-86d7b49c6a01",
        "Content-Length": "283",
        "Content-Type": "application/json; charset=utf-8",
        "Date": "Tue, 25 Mar 2025 23:54:12 GMT",
        "Strict-Transport-Security": "max-age=31536000; includeSubDomains; preload",
        "X-Content-Type-Options": "nosniff",
        "x-envoy-upstream-service-time": "7",
        "x-ms-region": "West US 2"
      },
      "ResponseBody": {
        "jobId": "86287f4f-8a10-4e7d-a4ee-b2e29013b414",
        "lastUpdatedDateTime": "2025-03-25T23:54:12Z",
        "createdDateTime": "2025-03-25T23:54:11Z",
        "expirationDateTime": "2025-03-26T23:54:11Z",
        "status": "notStarted",
        "errors": [],
        "tasks": {
          "completed": 0,
          "failed": 0,
          "inProgress": 1,
          "total": 1,
          "items": []
        }
      }
    },
    {
      "RequestUri": "https://endpointlanguage/analyze-text/jobs/86287f4f-8a10-4e7d-a4ee-b2e29013b414?api-version=2023-04-01",
      "RequestMethod": "GET",
      "RequestHeaders": {
        "Accept": "application/json",
        "Accept-Encoding": "gzip, deflate, br, zstd",
        "Connection": "keep-alive",
        "ocp-apim-subscription-key": "Sanitized",
        "Referer": "http://localhost:63315/",
        "sec-ch-ua": "\"Chromium\";v=\"134\", \"Not:A-Brand\";v=\"24\", \"HeadlessChrome\";v=\"134\"",
        "sec-ch-ua-mobile": "?0",
        "sec-ch-ua-platform": "\"Linux\"",
        "Sec-Fetch-Dest": "empty",
        "Sec-Fetch-Mode": "cors",
        "Sec-Fetch-Site": "same-site",
        "User-Agent": "Mozilla/5.0 (X11; Linux x86_64) AppleWebKit/537.36 (KHTML, like Gecko) HeadlessChrome/134.0.6998.35 Safari/537.36",
        "x-ms-client-request-id": "Sanitized",
        "x-ms-useragent": "azsdk-js-ai-language-text/1.1.0 core-rest-pipeline/1.19.2 Chromium/134 OS/x86-Linux-5.15.167"
      },
      "RequestBody": null,
      "StatusCode": 200,
      "ResponseHeaders": {
        "apim-request-id": "b0685aa2-363a-4b96-b89a-896229e5e8e8",
        "Content-Length": "283",
        "Content-Type": "application/json; charset=utf-8",
        "Date": "Tue, 25 Mar 2025 23:54:12 GMT",
        "Strict-Transport-Security": "max-age=31536000; includeSubDomains; preload",
        "X-Content-Type-Options": "nosniff",
        "x-envoy-upstream-service-time": "7",
        "x-ms-region": "West US 2"
      },
      "ResponseBody": {
        "jobId": "86287f4f-8a10-4e7d-a4ee-b2e29013b414",
        "lastUpdatedDateTime": "2025-03-25T23:54:12Z",
        "createdDateTime": "2025-03-25T23:54:11Z",
        "expirationDateTime": "2025-03-26T23:54:11Z",
        "status": "notStarted",
        "errors": [],
        "tasks": {
          "completed": 0,
          "failed": 0,
          "inProgress": 1,
          "total": 1,
          "items": []
        }
      }
    },
    {
      "RequestUri": "https://endpointlanguage/analyze-text/jobs/86287f4f-8a10-4e7d-a4ee-b2e29013b414?api-version=2023-04-01",
      "RequestMethod": "GET",
      "RequestHeaders": {
        "Accept": "application/json",
        "Accept-Encoding": "gzip, deflate, br, zstd",
        "Connection": "keep-alive",
        "ocp-apim-subscription-key": "Sanitized",
        "Referer": "http://localhost:63315/",
        "sec-ch-ua": "\"Chromium\";v=\"134\", \"Not:A-Brand\";v=\"24\", \"HeadlessChrome\";v=\"134\"",
        "sec-ch-ua-mobile": "?0",
        "sec-ch-ua-platform": "\"Linux\"",
        "Sec-Fetch-Dest": "empty",
        "Sec-Fetch-Mode": "cors",
        "Sec-Fetch-Site": "same-site",
        "User-Agent": "Mozilla/5.0 (X11; Linux x86_64) AppleWebKit/537.36 (KHTML, like Gecko) HeadlessChrome/134.0.6998.35 Safari/537.36",
        "x-ms-client-request-id": "Sanitized",
        "x-ms-useragent": "azsdk-js-ai-language-text/1.1.0 core-rest-pipeline/1.19.2 Chromium/134 OS/x86-Linux-5.15.167"
      },
      "RequestBody": null,
      "StatusCode": 200,
      "ResponseHeaders": {
        "apim-request-id": "3334fc0e-d081-4137-beae-a990d4d3ac22",
        "Content-Length": "283",
        "Content-Type": "application/json; charset=utf-8",
        "Date": "Tue, 25 Mar 2025 23:54:12 GMT",
        "Strict-Transport-Security": "max-age=31536000; includeSubDomains; preload",
        "X-Content-Type-Options": "nosniff",
        "x-envoy-upstream-service-time": "7",
        "x-ms-region": "West US 2"
      },
      "ResponseBody": {
        "jobId": "86287f4f-8a10-4e7d-a4ee-b2e29013b414",
        "lastUpdatedDateTime": "2025-03-25T23:54:12Z",
        "createdDateTime": "2025-03-25T23:54:11Z",
        "expirationDateTime": "2025-03-26T23:54:11Z",
        "status": "notStarted",
        "errors": [],
        "tasks": {
          "completed": 0,
          "failed": 0,
          "inProgress": 1,
          "total": 1,
          "items": []
        }
      }
    },
    {
      "RequestUri": "https://endpointlanguage/analyze-text/jobs/86287f4f-8a10-4e7d-a4ee-b2e29013b414?api-version=2023-04-01",
      "RequestMethod": "GET",
      "RequestHeaders": {
        "Accept": "application/json",
        "Accept-Encoding": "gzip, deflate, br, zstd",
        "Connection": "keep-alive",
        "ocp-apim-subscription-key": "Sanitized",
        "Referer": "http://localhost:63315/",
        "sec-ch-ua": "\"Chromium\";v=\"134\", \"Not:A-Brand\";v=\"24\", \"HeadlessChrome\";v=\"134\"",
        "sec-ch-ua-mobile": "?0",
        "sec-ch-ua-platform": "\"Linux\"",
        "Sec-Fetch-Dest": "empty",
        "Sec-Fetch-Mode": "cors",
        "Sec-Fetch-Site": "same-site",
        "User-Agent": "Mozilla/5.0 (X11; Linux x86_64) AppleWebKit/537.36 (KHTML, like Gecko) HeadlessChrome/134.0.6998.35 Safari/537.36",
        "x-ms-client-request-id": "Sanitized",
        "x-ms-useragent": "azsdk-js-ai-language-text/1.1.0 core-rest-pipeline/1.19.2 Chromium/134 OS/x86-Linux-5.15.167"
      },
      "RequestBody": null,
      "StatusCode": 200,
      "ResponseHeaders": {
        "apim-request-id": "98c72ff5-d183-4ab4-9f9b-7424ba923f13",
        "Content-Length": "283",
        "Content-Type": "application/json; charset=utf-8",
        "Date": "Tue, 25 Mar 2025 23:54:12 GMT",
        "Strict-Transport-Security": "max-age=31536000; includeSubDomains; preload",
        "X-Content-Type-Options": "nosniff",
        "x-envoy-upstream-service-time": "6",
        "x-ms-region": "West US 2"
      },
      "ResponseBody": {
        "jobId": "86287f4f-8a10-4e7d-a4ee-b2e29013b414",
        "lastUpdatedDateTime": "2025-03-25T23:54:12Z",
        "createdDateTime": "2025-03-25T23:54:11Z",
        "expirationDateTime": "2025-03-26T23:54:11Z",
        "status": "notStarted",
        "errors": [],
        "tasks": {
          "completed": 0,
          "failed": 0,
          "inProgress": 1,
          "total": 1,
          "items": []
        }
      }
    },
    {
      "RequestUri": "https://endpointlanguage/analyze-text/jobs/86287f4f-8a10-4e7d-a4ee-b2e29013b414?api-version=2023-04-01",
      "RequestMethod": "GET",
      "RequestHeaders": {
        "Accept": "application/json",
        "Accept-Encoding": "gzip, deflate, br, zstd",
        "Connection": "keep-alive",
        "ocp-apim-subscription-key": "Sanitized",
        "Referer": "http://localhost:63315/",
        "sec-ch-ua": "\"Chromium\";v=\"134\", \"Not:A-Brand\";v=\"24\", \"HeadlessChrome\";v=\"134\"",
        "sec-ch-ua-mobile": "?0",
        "sec-ch-ua-platform": "\"Linux\"",
        "Sec-Fetch-Dest": "empty",
        "Sec-Fetch-Mode": "cors",
        "Sec-Fetch-Site": "same-site",
        "User-Agent": "Mozilla/5.0 (X11; Linux x86_64) AppleWebKit/537.36 (KHTML, like Gecko) HeadlessChrome/134.0.6998.35 Safari/537.36",
        "x-ms-client-request-id": "Sanitized",
        "x-ms-useragent": "azsdk-js-ai-language-text/1.1.0 core-rest-pipeline/1.19.2 Chromium/134 OS/x86-Linux-5.15.167"
      },
      "RequestBody": null,
      "StatusCode": 200,
      "ResponseHeaders": {
        "apim-request-id": "dcf1c6df-66c3-4c96-99b2-7427f3413225",
        "Content-Length": "283",
        "Content-Type": "application/json; charset=utf-8",
        "Date": "Tue, 25 Mar 2025 23:54:12 GMT",
        "Strict-Transport-Security": "max-age=31536000; includeSubDomains; preload",
        "X-Content-Type-Options": "nosniff",
        "x-envoy-upstream-service-time": "6",
        "x-ms-region": "West US 2"
      },
      "ResponseBody": {
        "jobId": "86287f4f-8a10-4e7d-a4ee-b2e29013b414",
        "lastUpdatedDateTime": "2025-03-25T23:54:12Z",
        "createdDateTime": "2025-03-25T23:54:11Z",
        "expirationDateTime": "2025-03-26T23:54:11Z",
        "status": "notStarted",
        "errors": [],
        "tasks": {
          "completed": 0,
          "failed": 0,
          "inProgress": 1,
          "total": 1,
          "items": []
        }
      }
    },
    {
      "RequestUri": "https://endpointlanguage/analyze-text/jobs/86287f4f-8a10-4e7d-a4ee-b2e29013b414?api-version=2023-04-01",
      "RequestMethod": "GET",
      "RequestHeaders": {
        "Accept": "application/json",
        "Accept-Encoding": "gzip, deflate, br, zstd",
        "Connection": "keep-alive",
        "ocp-apim-subscription-key": "Sanitized",
        "Referer": "http://localhost:63315/",
        "sec-ch-ua": "\"Chromium\";v=\"134\", \"Not:A-Brand\";v=\"24\", \"HeadlessChrome\";v=\"134\"",
        "sec-ch-ua-mobile": "?0",
        "sec-ch-ua-platform": "\"Linux\"",
        "Sec-Fetch-Dest": "empty",
        "Sec-Fetch-Mode": "cors",
        "Sec-Fetch-Site": "same-site",
        "User-Agent": "Mozilla/5.0 (X11; Linux x86_64) AppleWebKit/537.36 (KHTML, like Gecko) HeadlessChrome/134.0.6998.35 Safari/537.36",
        "x-ms-client-request-id": "Sanitized",
        "x-ms-useragent": "azsdk-js-ai-language-text/1.1.0 core-rest-pipeline/1.19.2 Chromium/134 OS/x86-Linux-5.15.167"
      },
      "RequestBody": null,
      "StatusCode": 200,
      "ResponseHeaders": {
        "apim-request-id": "45f304ca-7018-4212-8818-c52f323c3e64",
        "Content-Length": "283",
        "Content-Type": "application/json; charset=utf-8",
        "Date": "Tue, 25 Mar 2025 23:54:12 GMT",
        "Strict-Transport-Security": "max-age=31536000; includeSubDomains; preload",
        "X-Content-Type-Options": "nosniff",
        "x-envoy-upstream-service-time": "6",
        "x-ms-region": "West US 2"
      },
      "ResponseBody": {
        "jobId": "86287f4f-8a10-4e7d-a4ee-b2e29013b414",
        "lastUpdatedDateTime": "2025-03-25T23:54:12Z",
        "createdDateTime": "2025-03-25T23:54:11Z",
        "expirationDateTime": "2025-03-26T23:54:11Z",
        "status": "notStarted",
        "errors": [],
        "tasks": {
          "completed": 0,
          "failed": 0,
          "inProgress": 1,
          "total": 1,
          "items": []
        }
      }
    },
    {
      "RequestUri": "https://endpointlanguage/analyze-text/jobs/86287f4f-8a10-4e7d-a4ee-b2e29013b414?api-version=2023-04-01",
      "RequestMethod": "GET",
      "RequestHeaders": {
        "Accept": "application/json",
        "Accept-Encoding": "gzip, deflate, br, zstd",
        "Connection": "keep-alive",
        "ocp-apim-subscription-key": "Sanitized",
        "Referer": "http://localhost:63315/",
        "sec-ch-ua": "\"Chromium\";v=\"134\", \"Not:A-Brand\";v=\"24\", \"HeadlessChrome\";v=\"134\"",
        "sec-ch-ua-mobile": "?0",
        "sec-ch-ua-platform": "\"Linux\"",
        "Sec-Fetch-Dest": "empty",
        "Sec-Fetch-Mode": "cors",
        "Sec-Fetch-Site": "same-site",
        "User-Agent": "Mozilla/5.0 (X11; Linux x86_64) AppleWebKit/537.36 (KHTML, like Gecko) HeadlessChrome/134.0.6998.35 Safari/537.36",
        "x-ms-client-request-id": "Sanitized",
        "x-ms-useragent": "azsdk-js-ai-language-text/1.1.0 core-rest-pipeline/1.19.2 Chromium/134 OS/x86-Linux-5.15.167"
      },
      "RequestBody": null,
      "StatusCode": 200,
      "ResponseHeaders": {
        "apim-request-id": "174de95f-7feb-4ec0-892c-e844d65fd50f",
        "Content-Length": "283",
        "Content-Type": "application/json; charset=utf-8",
        "Date": "Tue, 25 Mar 2025 23:54:12 GMT",
        "Strict-Transport-Security": "max-age=31536000; includeSubDomains; preload",
        "X-Content-Type-Options": "nosniff",
        "x-envoy-upstream-service-time": "7",
        "x-ms-region": "West US 2"
      },
      "ResponseBody": {
        "jobId": "86287f4f-8a10-4e7d-a4ee-b2e29013b414",
        "lastUpdatedDateTime": "2025-03-25T23:54:12Z",
        "createdDateTime": "2025-03-25T23:54:11Z",
        "expirationDateTime": "2025-03-26T23:54:11Z",
        "status": "notStarted",
        "errors": [],
        "tasks": {
          "completed": 0,
          "failed": 0,
          "inProgress": 1,
          "total": 1,
          "items": []
        }
      }
    },
    {
      "RequestUri": "https://endpointlanguage/analyze-text/jobs/86287f4f-8a10-4e7d-a4ee-b2e29013b414?api-version=2023-04-01",
      "RequestMethod": "GET",
      "RequestHeaders": {
        "Accept": "application/json",
        "Accept-Encoding": "gzip, deflate, br, zstd",
        "Connection": "keep-alive",
        "ocp-apim-subscription-key": "Sanitized",
        "Referer": "http://localhost:63315/",
        "sec-ch-ua": "\"Chromium\";v=\"134\", \"Not:A-Brand\";v=\"24\", \"HeadlessChrome\";v=\"134\"",
        "sec-ch-ua-mobile": "?0",
        "sec-ch-ua-platform": "\"Linux\"",
        "Sec-Fetch-Dest": "empty",
        "Sec-Fetch-Mode": "cors",
        "Sec-Fetch-Site": "same-site",
        "User-Agent": "Mozilla/5.0 (X11; Linux x86_64) AppleWebKit/537.36 (KHTML, like Gecko) HeadlessChrome/134.0.6998.35 Safari/537.36",
        "x-ms-client-request-id": "Sanitized",
        "x-ms-useragent": "azsdk-js-ai-language-text/1.1.0 core-rest-pipeline/1.19.2 Chromium/134 OS/x86-Linux-5.15.167"
      },
      "RequestBody": null,
      "StatusCode": 200,
      "ResponseHeaders": {
        "apim-request-id": "4d181a6b-b3d0-42a2-9e74-d0d3ca563959",
        "Content-Length": "283",
        "Content-Type": "application/json; charset=utf-8",
        "Date": "Tue, 25 Mar 2025 23:54:12 GMT",
        "Strict-Transport-Security": "max-age=31536000; includeSubDomains; preload",
        "X-Content-Type-Options": "nosniff",
        "x-envoy-upstream-service-time": "7",
        "x-ms-region": "West US 2"
      },
      "ResponseBody": {
        "jobId": "86287f4f-8a10-4e7d-a4ee-b2e29013b414",
        "lastUpdatedDateTime": "2025-03-25T23:54:12Z",
        "createdDateTime": "2025-03-25T23:54:11Z",
        "expirationDateTime": "2025-03-26T23:54:11Z",
        "status": "notStarted",
        "errors": [],
        "tasks": {
          "completed": 0,
          "failed": 0,
          "inProgress": 1,
          "total": 1,
          "items": []
        }
      }
    },
    {
      "RequestUri": "https://endpointlanguage/analyze-text/jobs/86287f4f-8a10-4e7d-a4ee-b2e29013b414?api-version=2023-04-01",
      "RequestMethod": "GET",
      "RequestHeaders": {
        "Accept": "application/json",
        "Accept-Encoding": "gzip, deflate, br, zstd",
        "Connection": "keep-alive",
        "ocp-apim-subscription-key": "Sanitized",
        "Referer": "http://localhost:63315/",
        "sec-ch-ua": "\"Chromium\";v=\"134\", \"Not:A-Brand\";v=\"24\", \"HeadlessChrome\";v=\"134\"",
        "sec-ch-ua-mobile": "?0",
        "sec-ch-ua-platform": "\"Linux\"",
        "Sec-Fetch-Dest": "empty",
        "Sec-Fetch-Mode": "cors",
        "Sec-Fetch-Site": "same-site",
        "User-Agent": "Mozilla/5.0 (X11; Linux x86_64) AppleWebKit/537.36 (KHTML, like Gecko) HeadlessChrome/134.0.6998.35 Safari/537.36",
        "x-ms-client-request-id": "Sanitized",
        "x-ms-useragent": "azsdk-js-ai-language-text/1.1.0 core-rest-pipeline/1.19.2 Chromium/134 OS/x86-Linux-5.15.167"
      },
      "RequestBody": null,
      "StatusCode": 200,
      "ResponseHeaders": {
        "apim-request-id": "7b498810-6d92-467f-9ca0-fc3671177566",
        "Content-Length": "283",
        "Content-Type": "application/json; charset=utf-8",
        "Date": "Tue, 25 Mar 2025 23:54:12 GMT",
        "Strict-Transport-Security": "max-age=31536000; includeSubDomains; preload",
        "X-Content-Type-Options": "nosniff",
        "x-envoy-upstream-service-time": "7",
        "x-ms-region": "West US 2"
      },
      "ResponseBody": {
        "jobId": "86287f4f-8a10-4e7d-a4ee-b2e29013b414",
        "lastUpdatedDateTime": "2025-03-25T23:54:12Z",
        "createdDateTime": "2025-03-25T23:54:11Z",
        "expirationDateTime": "2025-03-26T23:54:11Z",
        "status": "notStarted",
        "errors": [],
        "tasks": {
          "completed": 0,
          "failed": 0,
          "inProgress": 1,
          "total": 1,
          "items": []
        }
      }
    },
    {
      "RequestUri": "https://endpointlanguage/analyze-text/jobs/86287f4f-8a10-4e7d-a4ee-b2e29013b414?api-version=2023-04-01",
      "RequestMethod": "GET",
      "RequestHeaders": {
        "Accept": "application/json",
        "Accept-Encoding": "gzip, deflate, br, zstd",
        "Connection": "keep-alive",
        "ocp-apim-subscription-key": "Sanitized",
        "Referer": "http://localhost:63315/",
        "sec-ch-ua": "\"Chromium\";v=\"134\", \"Not:A-Brand\";v=\"24\", \"HeadlessChrome\";v=\"134\"",
        "sec-ch-ua-mobile": "?0",
        "sec-ch-ua-platform": "\"Linux\"",
        "Sec-Fetch-Dest": "empty",
        "Sec-Fetch-Mode": "cors",
        "Sec-Fetch-Site": "same-site",
        "User-Agent": "Mozilla/5.0 (X11; Linux x86_64) AppleWebKit/537.36 (KHTML, like Gecko) HeadlessChrome/134.0.6998.35 Safari/537.36",
        "x-ms-client-request-id": "Sanitized",
        "x-ms-useragent": "azsdk-js-ai-language-text/1.1.0 core-rest-pipeline/1.19.2 Chromium/134 OS/x86-Linux-5.15.167"
      },
      "RequestBody": null,
      "StatusCode": 200,
      "ResponseHeaders": {
        "apim-request-id": "0af415ec-813f-4cb8-988b-6623c947d2e1",
        "Content-Length": "283",
        "Content-Type": "application/json; charset=utf-8",
        "Date": "Tue, 25 Mar 2025 23:54:12 GMT",
        "Strict-Transport-Security": "max-age=31536000; includeSubDomains; preload",
        "X-Content-Type-Options": "nosniff",
        "x-envoy-upstream-service-time": "6",
        "x-ms-region": "West US 2"
      },
      "ResponseBody": {
        "jobId": "86287f4f-8a10-4e7d-a4ee-b2e29013b414",
        "lastUpdatedDateTime": "2025-03-25T23:54:12Z",
        "createdDateTime": "2025-03-25T23:54:11Z",
        "expirationDateTime": "2025-03-26T23:54:11Z",
        "status": "notStarted",
        "errors": [],
        "tasks": {
          "completed": 0,
          "failed": 0,
          "inProgress": 1,
          "total": 1,
          "items": []
        }
      }
    },
    {
      "RequestUri": "https://endpointlanguage/analyze-text/jobs/86287f4f-8a10-4e7d-a4ee-b2e29013b414?api-version=2023-04-01",
      "RequestMethod": "GET",
      "RequestHeaders": {
        "Accept": "application/json",
        "Accept-Encoding": "gzip, deflate, br, zstd",
        "Connection": "keep-alive",
        "ocp-apim-subscription-key": "Sanitized",
        "Referer": "http://localhost:63315/",
        "sec-ch-ua": "\"Chromium\";v=\"134\", \"Not:A-Brand\";v=\"24\", \"HeadlessChrome\";v=\"134\"",
        "sec-ch-ua-mobile": "?0",
        "sec-ch-ua-platform": "\"Linux\"",
        "Sec-Fetch-Dest": "empty",
        "Sec-Fetch-Mode": "cors",
        "Sec-Fetch-Site": "same-site",
        "User-Agent": "Mozilla/5.0 (X11; Linux x86_64) AppleWebKit/537.36 (KHTML, like Gecko) HeadlessChrome/134.0.6998.35 Safari/537.36",
        "x-ms-client-request-id": "Sanitized",
        "x-ms-useragent": "azsdk-js-ai-language-text/1.1.0 core-rest-pipeline/1.19.2 Chromium/134 OS/x86-Linux-5.15.167"
      },
      "RequestBody": null,
      "StatusCode": 200,
      "ResponseHeaders": {
        "apim-request-id": "e41ee52a-c3b6-4d67-bf65-fd26d649331b",
        "Content-Length": "283",
        "Content-Type": "application/json; charset=utf-8",
        "Date": "Tue, 25 Mar 2025 23:54:12 GMT",
        "Strict-Transport-Security": "max-age=31536000; includeSubDomains; preload",
        "X-Content-Type-Options": "nosniff",
        "x-envoy-upstream-service-time": "6",
        "x-ms-region": "West US 2"
      },
      "ResponseBody": {
        "jobId": "86287f4f-8a10-4e7d-a4ee-b2e29013b414",
        "lastUpdatedDateTime": "2025-03-25T23:54:12Z",
        "createdDateTime": "2025-03-25T23:54:11Z",
        "expirationDateTime": "2025-03-26T23:54:11Z",
        "status": "notStarted",
        "errors": [],
        "tasks": {
          "completed": 0,
          "failed": 0,
          "inProgress": 1,
          "total": 1,
          "items": []
        }
      }
    },
    {
      "RequestUri": "https://endpointlanguage/analyze-text/jobs/86287f4f-8a10-4e7d-a4ee-b2e29013b414?api-version=2023-04-01",
      "RequestMethod": "GET",
      "RequestHeaders": {
        "Accept": "application/json",
        "Accept-Encoding": "gzip, deflate, br, zstd",
        "Connection": "keep-alive",
        "ocp-apim-subscription-key": "Sanitized",
        "Referer": "http://localhost:63315/",
        "sec-ch-ua": "\"Chromium\";v=\"134\", \"Not:A-Brand\";v=\"24\", \"HeadlessChrome\";v=\"134\"",
        "sec-ch-ua-mobile": "?0",
        "sec-ch-ua-platform": "\"Linux\"",
        "Sec-Fetch-Dest": "empty",
        "Sec-Fetch-Mode": "cors",
        "Sec-Fetch-Site": "same-site",
        "User-Agent": "Mozilla/5.0 (X11; Linux x86_64) AppleWebKit/537.36 (KHTML, like Gecko) HeadlessChrome/134.0.6998.35 Safari/537.36",
        "x-ms-client-request-id": "Sanitized",
        "x-ms-useragent": "azsdk-js-ai-language-text/1.1.0 core-rest-pipeline/1.19.2 Chromium/134 OS/x86-Linux-5.15.167"
      },
      "RequestBody": null,
      "StatusCode": 200,
      "ResponseHeaders": {
        "apim-request-id": "cc300b20-87a6-4946-a5bb-19feda12f214",
        "Content-Length": "283",
        "Content-Type": "application/json; charset=utf-8",
        "Date": "Tue, 25 Mar 2025 23:54:12 GMT",
        "Strict-Transport-Security": "max-age=31536000; includeSubDomains; preload",
        "X-Content-Type-Options": "nosniff",
        "x-envoy-upstream-service-time": "6",
        "x-ms-region": "West US 2"
      },
      "ResponseBody": {
        "jobId": "86287f4f-8a10-4e7d-a4ee-b2e29013b414",
        "lastUpdatedDateTime": "2025-03-25T23:54:12Z",
        "createdDateTime": "2025-03-25T23:54:11Z",
        "expirationDateTime": "2025-03-26T23:54:11Z",
        "status": "notStarted",
        "errors": [],
        "tasks": {
          "completed": 0,
          "failed": 0,
          "inProgress": 1,
          "total": 1,
          "items": []
        }
      }
    },
    {
      "RequestUri": "https://endpointlanguage/analyze-text/jobs/86287f4f-8a10-4e7d-a4ee-b2e29013b414?api-version=2023-04-01",
      "RequestMethod": "GET",
      "RequestHeaders": {
        "Accept": "application/json",
        "Accept-Encoding": "gzip, deflate, br, zstd",
        "Connection": "keep-alive",
        "ocp-apim-subscription-key": "Sanitized",
        "Referer": "http://localhost:63315/",
        "sec-ch-ua": "\"Chromium\";v=\"134\", \"Not:A-Brand\";v=\"24\", \"HeadlessChrome\";v=\"134\"",
        "sec-ch-ua-mobile": "?0",
        "sec-ch-ua-platform": "\"Linux\"",
        "Sec-Fetch-Dest": "empty",
        "Sec-Fetch-Mode": "cors",
        "Sec-Fetch-Site": "same-site",
        "User-Agent": "Mozilla/5.0 (X11; Linux x86_64) AppleWebKit/537.36 (KHTML, like Gecko) HeadlessChrome/134.0.6998.35 Safari/537.36",
        "x-ms-client-request-id": "Sanitized",
        "x-ms-useragent": "azsdk-js-ai-language-text/1.1.0 core-rest-pipeline/1.19.2 Chromium/134 OS/x86-Linux-5.15.167"
      },
      "RequestBody": null,
      "StatusCode": 200,
      "ResponseHeaders": {
        "apim-request-id": "f0d261a3-4900-41a2-adf9-5974b55142f9",
        "Content-Length": "283",
        "Content-Type": "application/json; charset=utf-8",
        "Date": "Tue, 25 Mar 2025 23:54:12 GMT",
        "Strict-Transport-Security": "max-age=31536000; includeSubDomains; preload",
        "X-Content-Type-Options": "nosniff",
        "x-envoy-upstream-service-time": "6",
        "x-ms-region": "West US 2"
      },
      "ResponseBody": {
        "jobId": "86287f4f-8a10-4e7d-a4ee-b2e29013b414",
        "lastUpdatedDateTime": "2025-03-25T23:54:12Z",
        "createdDateTime": "2025-03-25T23:54:11Z",
        "expirationDateTime": "2025-03-26T23:54:11Z",
        "status": "notStarted",
        "errors": [],
        "tasks": {
          "completed": 0,
          "failed": 0,
          "inProgress": 1,
          "total": 1,
          "items": []
        }
      }
    },
    {
      "RequestUri": "https://endpointlanguage/analyze-text/jobs/86287f4f-8a10-4e7d-a4ee-b2e29013b414?api-version=2023-04-01",
      "RequestMethod": "GET",
      "RequestHeaders": {
        "Accept": "application/json",
        "Accept-Encoding": "gzip, deflate, br, zstd",
        "Connection": "keep-alive",
        "ocp-apim-subscription-key": "Sanitized",
        "Referer": "http://localhost:63315/",
        "sec-ch-ua": "\"Chromium\";v=\"134\", \"Not:A-Brand\";v=\"24\", \"HeadlessChrome\";v=\"134\"",
        "sec-ch-ua-mobile": "?0",
        "sec-ch-ua-platform": "\"Linux\"",
        "Sec-Fetch-Dest": "empty",
        "Sec-Fetch-Mode": "cors",
        "Sec-Fetch-Site": "same-site",
        "User-Agent": "Mozilla/5.0 (X11; Linux x86_64) AppleWebKit/537.36 (KHTML, like Gecko) HeadlessChrome/134.0.6998.35 Safari/537.36",
        "x-ms-client-request-id": "Sanitized",
        "x-ms-useragent": "azsdk-js-ai-language-text/1.1.0 core-rest-pipeline/1.19.2 Chromium/134 OS/x86-Linux-5.15.167"
      },
      "RequestBody": null,
      "StatusCode": 200,
      "ResponseHeaders": {
        "apim-request-id": "4773dad5-6b89-47b0-b3d7-13517e7c1279",
        "Content-Length": "283",
        "Content-Type": "application/json; charset=utf-8",
        "Date": "Tue, 25 Mar 2025 23:54:12 GMT",
        "Strict-Transport-Security": "max-age=31536000; includeSubDomains; preload",
        "X-Content-Type-Options": "nosniff",
        "x-envoy-upstream-service-time": "5",
        "x-ms-region": "West US 2"
      },
      "ResponseBody": {
        "jobId": "86287f4f-8a10-4e7d-a4ee-b2e29013b414",
        "lastUpdatedDateTime": "2025-03-25T23:54:12Z",
        "createdDateTime": "2025-03-25T23:54:11Z",
        "expirationDateTime": "2025-03-26T23:54:11Z",
        "status": "notStarted",
        "errors": [],
        "tasks": {
          "completed": 0,
          "failed": 0,
          "inProgress": 1,
          "total": 1,
          "items": []
        }
      }
    },
    {
      "RequestUri": "https://endpointlanguage/analyze-text/jobs/86287f4f-8a10-4e7d-a4ee-b2e29013b414?api-version=2023-04-01",
      "RequestMethod": "GET",
      "RequestHeaders": {
        "Accept": "application/json",
        "Accept-Encoding": "gzip, deflate, br, zstd",
        "Connection": "keep-alive",
        "ocp-apim-subscription-key": "Sanitized",
        "Referer": "http://localhost:63315/",
        "sec-ch-ua": "\"Chromium\";v=\"134\", \"Not:A-Brand\";v=\"24\", \"HeadlessChrome\";v=\"134\"",
        "sec-ch-ua-mobile": "?0",
        "sec-ch-ua-platform": "\"Linux\"",
        "Sec-Fetch-Dest": "empty",
        "Sec-Fetch-Mode": "cors",
        "Sec-Fetch-Site": "same-site",
        "User-Agent": "Mozilla/5.0 (X11; Linux x86_64) AppleWebKit/537.36 (KHTML, like Gecko) HeadlessChrome/134.0.6998.35 Safari/537.36",
        "x-ms-client-request-id": "Sanitized",
        "x-ms-useragent": "azsdk-js-ai-language-text/1.1.0 core-rest-pipeline/1.19.2 Chromium/134 OS/x86-Linux-5.15.167"
      },
      "RequestBody": null,
      "StatusCode": 200,
      "ResponseHeaders": {
        "apim-request-id": "78026bb3-8650-441d-be56-55311c26553e",
        "Content-Length": "283",
        "Content-Type": "application/json; charset=utf-8",
        "Date": "Tue, 25 Mar 2025 23:54:12 GMT",
        "Strict-Transport-Security": "max-age=31536000; includeSubDomains; preload",
        "X-Content-Type-Options": "nosniff",
        "x-envoy-upstream-service-time": "6",
        "x-ms-region": "West US 2"
      },
      "ResponseBody": {
        "jobId": "86287f4f-8a10-4e7d-a4ee-b2e29013b414",
        "lastUpdatedDateTime": "2025-03-25T23:54:12Z",
        "createdDateTime": "2025-03-25T23:54:11Z",
        "expirationDateTime": "2025-03-26T23:54:11Z",
        "status": "notStarted",
        "errors": [],
        "tasks": {
          "completed": 0,
          "failed": 0,
          "inProgress": 1,
          "total": 1,
          "items": []
        }
      }
    },
    {
      "RequestUri": "https://endpointlanguage/analyze-text/jobs/86287f4f-8a10-4e7d-a4ee-b2e29013b414?api-version=2023-04-01",
      "RequestMethod": "GET",
      "RequestHeaders": {
        "Accept": "application/json",
        "Accept-Encoding": "gzip, deflate, br, zstd",
        "Connection": "keep-alive",
        "ocp-apim-subscription-key": "Sanitized",
        "Referer": "http://localhost:63315/",
        "sec-ch-ua": "\"Chromium\";v=\"134\", \"Not:A-Brand\";v=\"24\", \"HeadlessChrome\";v=\"134\"",
        "sec-ch-ua-mobile": "?0",
        "sec-ch-ua-platform": "\"Linux\"",
        "Sec-Fetch-Dest": "empty",
        "Sec-Fetch-Mode": "cors",
        "Sec-Fetch-Site": "same-site",
        "User-Agent": "Mozilla/5.0 (X11; Linux x86_64) AppleWebKit/537.36 (KHTML, like Gecko) HeadlessChrome/134.0.6998.35 Safari/537.36",
        "x-ms-client-request-id": "Sanitized",
        "x-ms-useragent": "azsdk-js-ai-language-text/1.1.0 core-rest-pipeline/1.19.2 Chromium/134 OS/x86-Linux-5.15.167"
      },
      "RequestBody": null,
      "StatusCode": 200,
      "ResponseHeaders": {
        "apim-request-id": "bd7971c2-dcf6-4b50-8f75-935d4a509616",
        "Content-Length": "283",
        "Content-Type": "application/json; charset=utf-8",
        "Date": "Tue, 25 Mar 2025 23:54:12 GMT",
        "Strict-Transport-Security": "max-age=31536000; includeSubDomains; preload",
        "X-Content-Type-Options": "nosniff",
        "x-envoy-upstream-service-time": "6",
        "x-ms-region": "West US 2"
      },
      "ResponseBody": {
        "jobId": "86287f4f-8a10-4e7d-a4ee-b2e29013b414",
        "lastUpdatedDateTime": "2025-03-25T23:54:12Z",
        "createdDateTime": "2025-03-25T23:54:11Z",
        "expirationDateTime": "2025-03-26T23:54:11Z",
        "status": "notStarted",
        "errors": [],
        "tasks": {
          "completed": 0,
          "failed": 0,
          "inProgress": 1,
          "total": 1,
          "items": []
        }
      }
    },
    {
      "RequestUri": "https://endpointlanguage/analyze-text/jobs/86287f4f-8a10-4e7d-a4ee-b2e29013b414?api-version=2023-04-01",
      "RequestMethod": "GET",
      "RequestHeaders": {
        "Accept": "application/json",
        "Accept-Encoding": "gzip, deflate, br, zstd",
        "Connection": "keep-alive",
        "ocp-apim-subscription-key": "Sanitized",
        "Referer": "http://localhost:63315/",
        "sec-ch-ua": "\"Chromium\";v=\"134\", \"Not:A-Brand\";v=\"24\", \"HeadlessChrome\";v=\"134\"",
        "sec-ch-ua-mobile": "?0",
        "sec-ch-ua-platform": "\"Linux\"",
        "Sec-Fetch-Dest": "empty",
        "Sec-Fetch-Mode": "cors",
        "Sec-Fetch-Site": "same-site",
        "User-Agent": "Mozilla/5.0 (X11; Linux x86_64) AppleWebKit/537.36 (KHTML, like Gecko) HeadlessChrome/134.0.6998.35 Safari/537.36",
        "x-ms-client-request-id": "Sanitized",
        "x-ms-useragent": "azsdk-js-ai-language-text/1.1.0 core-rest-pipeline/1.19.2 Chromium/134 OS/x86-Linux-5.15.167"
      },
      "RequestBody": null,
      "StatusCode": 200,
      "ResponseHeaders": {
        "apim-request-id": "023d56a4-3317-4e81-b5cb-10be6047604e",
        "Content-Length": "283",
        "Content-Type": "application/json; charset=utf-8",
        "Date": "Tue, 25 Mar 2025 23:54:13 GMT",
        "Strict-Transport-Security": "max-age=31536000; includeSubDomains; preload",
        "X-Content-Type-Options": "nosniff",
        "x-envoy-upstream-service-time": "7",
        "x-ms-region": "West US 2"
      },
      "ResponseBody": {
        "jobId": "86287f4f-8a10-4e7d-a4ee-b2e29013b414",
        "lastUpdatedDateTime": "2025-03-25T23:54:12Z",
        "createdDateTime": "2025-03-25T23:54:11Z",
        "expirationDateTime": "2025-03-26T23:54:11Z",
        "status": "notStarted",
        "errors": [],
        "tasks": {
          "completed": 0,
          "failed": 0,
          "inProgress": 1,
          "total": 1,
          "items": []
        }
      }
    },
    {
      "RequestUri": "https://endpointlanguage/analyze-text/jobs/86287f4f-8a10-4e7d-a4ee-b2e29013b414?api-version=2023-04-01",
      "RequestMethod": "GET",
      "RequestHeaders": {
        "Accept": "application/json",
        "Accept-Encoding": "gzip, deflate, br, zstd",
        "Connection": "keep-alive",
        "ocp-apim-subscription-key": "Sanitized",
        "Referer": "http://localhost:63315/",
        "sec-ch-ua": "\"Chromium\";v=\"134\", \"Not:A-Brand\";v=\"24\", \"HeadlessChrome\";v=\"134\"",
        "sec-ch-ua-mobile": "?0",
        "sec-ch-ua-platform": "\"Linux\"",
        "Sec-Fetch-Dest": "empty",
        "Sec-Fetch-Mode": "cors",
        "Sec-Fetch-Site": "same-site",
        "User-Agent": "Mozilla/5.0 (X11; Linux x86_64) AppleWebKit/537.36 (KHTML, like Gecko) HeadlessChrome/134.0.6998.35 Safari/537.36",
        "x-ms-client-request-id": "Sanitized",
        "x-ms-useragent": "azsdk-js-ai-language-text/1.1.0 core-rest-pipeline/1.19.2 Chromium/134 OS/x86-Linux-5.15.167"
      },
      "RequestBody": null,
      "StatusCode": 200,
      "ResponseHeaders": {
        "apim-request-id": "12334e5b-9538-4faa-90bc-391b5f1a0f6f",
        "Content-Length": "283",
        "Content-Type": "application/json; charset=utf-8",
        "Date": "Tue, 25 Mar 2025 23:54:13 GMT",
        "Strict-Transport-Security": "max-age=31536000; includeSubDomains; preload",
        "X-Content-Type-Options": "nosniff",
        "x-envoy-upstream-service-time": "6",
        "x-ms-region": "West US 2"
      },
      "ResponseBody": {
        "jobId": "86287f4f-8a10-4e7d-a4ee-b2e29013b414",
        "lastUpdatedDateTime": "2025-03-25T23:54:12Z",
        "createdDateTime": "2025-03-25T23:54:11Z",
        "expirationDateTime": "2025-03-26T23:54:11Z",
        "status": "notStarted",
        "errors": [],
        "tasks": {
          "completed": 0,
          "failed": 0,
          "inProgress": 1,
          "total": 1,
          "items": []
        }
      }
    },
    {
      "RequestUri": "https://endpointlanguage/analyze-text/jobs/86287f4f-8a10-4e7d-a4ee-b2e29013b414?api-version=2023-04-01",
      "RequestMethod": "GET",
      "RequestHeaders": {
        "Accept": "application/json",
        "Accept-Encoding": "gzip, deflate, br, zstd",
        "Connection": "keep-alive",
        "ocp-apim-subscription-key": "Sanitized",
        "Referer": "http://localhost:63315/",
        "sec-ch-ua": "\"Chromium\";v=\"134\", \"Not:A-Brand\";v=\"24\", \"HeadlessChrome\";v=\"134\"",
        "sec-ch-ua-mobile": "?0",
        "sec-ch-ua-platform": "\"Linux\"",
        "Sec-Fetch-Dest": "empty",
        "Sec-Fetch-Mode": "cors",
        "Sec-Fetch-Site": "same-site",
        "User-Agent": "Mozilla/5.0 (X11; Linux x86_64) AppleWebKit/537.36 (KHTML, like Gecko) HeadlessChrome/134.0.6998.35 Safari/537.36",
        "x-ms-client-request-id": "Sanitized",
        "x-ms-useragent": "azsdk-js-ai-language-text/1.1.0 core-rest-pipeline/1.19.2 Chromium/134 OS/x86-Linux-5.15.167"
      },
      "RequestBody": null,
      "StatusCode": 200,
      "ResponseHeaders": {
        "apim-request-id": "6351e85c-acc8-47c4-bcf7-9053bdd9b57b",
        "Content-Length": "283",
        "Content-Type": "application/json; charset=utf-8",
        "Date": "Tue, 25 Mar 2025 23:54:13 GMT",
        "Strict-Transport-Security": "max-age=31536000; includeSubDomains; preload",
        "X-Content-Type-Options": "nosniff",
        "x-envoy-upstream-service-time": "8",
        "x-ms-region": "West US 2"
      },
      "ResponseBody": {
        "jobId": "86287f4f-8a10-4e7d-a4ee-b2e29013b414",
        "lastUpdatedDateTime": "2025-03-25T23:54:12Z",
        "createdDateTime": "2025-03-25T23:54:11Z",
        "expirationDateTime": "2025-03-26T23:54:11Z",
        "status": "notStarted",
        "errors": [],
        "tasks": {
          "completed": 0,
          "failed": 0,
          "inProgress": 1,
          "total": 1,
          "items": []
        }
      }
    },
    {
      "RequestUri": "https://endpointlanguage/analyze-text/jobs/86287f4f-8a10-4e7d-a4ee-b2e29013b414?api-version=2023-04-01",
      "RequestMethod": "GET",
      "RequestHeaders": {
        "Accept": "application/json",
        "Accept-Encoding": "gzip, deflate, br, zstd",
        "Connection": "keep-alive",
        "ocp-apim-subscription-key": "Sanitized",
        "Referer": "http://localhost:63315/",
        "sec-ch-ua": "\"Chromium\";v=\"134\", \"Not:A-Brand\";v=\"24\", \"HeadlessChrome\";v=\"134\"",
        "sec-ch-ua-mobile": "?0",
        "sec-ch-ua-platform": "\"Linux\"",
        "Sec-Fetch-Dest": "empty",
        "Sec-Fetch-Mode": "cors",
        "Sec-Fetch-Site": "same-site",
        "User-Agent": "Mozilla/5.0 (X11; Linux x86_64) AppleWebKit/537.36 (KHTML, like Gecko) HeadlessChrome/134.0.6998.35 Safari/537.36",
        "x-ms-client-request-id": "Sanitized",
        "x-ms-useragent": "azsdk-js-ai-language-text/1.1.0 core-rest-pipeline/1.19.2 Chromium/134 OS/x86-Linux-5.15.167"
      },
      "RequestBody": null,
      "StatusCode": 200,
      "ResponseHeaders": {
        "apim-request-id": "a0ddae26-1696-4411-9492-227611599728",
        "Content-Length": "283",
        "Content-Type": "application/json; charset=utf-8",
        "Date": "Tue, 25 Mar 2025 23:54:13 GMT",
        "Strict-Transport-Security": "max-age=31536000; includeSubDomains; preload",
        "X-Content-Type-Options": "nosniff",
        "x-envoy-upstream-service-time": "6",
        "x-ms-region": "West US 2"
      },
      "ResponseBody": {
        "jobId": "86287f4f-8a10-4e7d-a4ee-b2e29013b414",
        "lastUpdatedDateTime": "2025-03-25T23:54:12Z",
        "createdDateTime": "2025-03-25T23:54:11Z",
        "expirationDateTime": "2025-03-26T23:54:11Z",
        "status": "notStarted",
        "errors": [],
        "tasks": {
          "completed": 0,
          "failed": 0,
          "inProgress": 1,
          "total": 1,
          "items": []
        }
      }
    },
    {
      "RequestUri": "https://endpointlanguage/analyze-text/jobs/86287f4f-8a10-4e7d-a4ee-b2e29013b414?api-version=2023-04-01",
      "RequestMethod": "GET",
      "RequestHeaders": {
        "Accept": "application/json",
        "Accept-Encoding": "gzip, deflate, br, zstd",
        "Connection": "keep-alive",
        "ocp-apim-subscription-key": "Sanitized",
        "Referer": "http://localhost:63315/",
        "sec-ch-ua": "\"Chromium\";v=\"134\", \"Not:A-Brand\";v=\"24\", \"HeadlessChrome\";v=\"134\"",
        "sec-ch-ua-mobile": "?0",
        "sec-ch-ua-platform": "\"Linux\"",
        "Sec-Fetch-Dest": "empty",
        "Sec-Fetch-Mode": "cors",
        "Sec-Fetch-Site": "same-site",
        "User-Agent": "Mozilla/5.0 (X11; Linux x86_64) AppleWebKit/537.36 (KHTML, like Gecko) HeadlessChrome/134.0.6998.35 Safari/537.36",
        "x-ms-client-request-id": "Sanitized",
        "x-ms-useragent": "azsdk-js-ai-language-text/1.1.0 core-rest-pipeline/1.19.2 Chromium/134 OS/x86-Linux-5.15.167"
      },
      "RequestBody": null,
      "StatusCode": 200,
      "ResponseHeaders": {
        "apim-request-id": "5edf69eb-07d4-4acb-bdd3-6f68ead70ee6",
        "Content-Length": "280",
        "Content-Type": "application/json; charset=utf-8",
        "Date": "Tue, 25 Mar 2025 23:54:12 GMT",
        "Strict-Transport-Security": "max-age=31536000; includeSubDomains; preload",
        "X-Content-Type-Options": "nosniff",
        "x-envoy-upstream-service-time": "7",
        "x-ms-region": "West US 2"
      },
      "ResponseBody": {
        "jobId": "86287f4f-8a10-4e7d-a4ee-b2e29013b414",
        "lastUpdatedDateTime": "2025-03-25T23:54:13Z",
        "createdDateTime": "2025-03-25T23:54:11Z",
        "expirationDateTime": "2025-03-26T23:54:11Z",
        "status": "running",
        "errors": [],
        "tasks": {
          "completed": 0,
          "failed": 0,
          "inProgress": 1,
          "total": 1,
          "items": []
        }
      }
    },
    {
      "RequestUri": "https://endpointlanguage/analyze-text/jobs/86287f4f-8a10-4e7d-a4ee-b2e29013b414?api-version=2023-04-01",
      "RequestMethod": "GET",
      "RequestHeaders": {
        "Accept": "application/json",
        "Accept-Encoding": "gzip, deflate, br, zstd",
        "Connection": "keep-alive",
        "ocp-apim-subscription-key": "Sanitized",
        "Referer": "http://localhost:63315/",
        "sec-ch-ua": "\"Chromium\";v=\"134\", \"Not:A-Brand\";v=\"24\", \"HeadlessChrome\";v=\"134\"",
        "sec-ch-ua-mobile": "?0",
        "sec-ch-ua-platform": "\"Linux\"",
        "Sec-Fetch-Dest": "empty",
        "Sec-Fetch-Mode": "cors",
        "Sec-Fetch-Site": "same-site",
        "User-Agent": "Mozilla/5.0 (X11; Linux x86_64) AppleWebKit/537.36 (KHTML, like Gecko) HeadlessChrome/134.0.6998.35 Safari/537.36",
        "x-ms-client-request-id": "Sanitized",
        "x-ms-useragent": "azsdk-js-ai-language-text/1.1.0 core-rest-pipeline/1.19.2 Chromium/134 OS/x86-Linux-5.15.167"
      },
      "RequestBody": null,
      "StatusCode": 200,
      "ResponseHeaders": {
        "apim-request-id": "8b7c9e49-c694-4da9-980e-ede1c950bcbb",
        "Content-Length": "280",
        "Content-Type": "application/json; charset=utf-8",
        "Date": "Tue, 25 Mar 2025 23:54:12 GMT",
        "Strict-Transport-Security": "max-age=31536000; includeSubDomains; preload",
        "X-Content-Type-Options": "nosniff",
        "x-envoy-upstream-service-time": "5",
        "x-ms-region": "West US 2"
      },
      "ResponseBody": {
        "jobId": "86287f4f-8a10-4e7d-a4ee-b2e29013b414",
        "lastUpdatedDateTime": "2025-03-25T23:54:13Z",
        "createdDateTime": "2025-03-25T23:54:11Z",
        "expirationDateTime": "2025-03-26T23:54:11Z",
        "status": "running",
        "errors": [],
        "tasks": {
          "completed": 0,
          "failed": 0,
          "inProgress": 1,
          "total": 1,
          "items": []
        }
      }
    },
    {
      "RequestUri": "https://endpointlanguage/analyze-text/jobs/86287f4f-8a10-4e7d-a4ee-b2e29013b414?api-version=2023-04-01",
      "RequestMethod": "GET",
      "RequestHeaders": {
        "Accept": "application/json",
        "Accept-Encoding": "gzip, deflate, br, zstd",
        "Connection": "keep-alive",
        "ocp-apim-subscription-key": "Sanitized",
        "Referer": "http://localhost:63315/",
        "sec-ch-ua": "\"Chromium\";v=\"134\", \"Not:A-Brand\";v=\"24\", \"HeadlessChrome\";v=\"134\"",
        "sec-ch-ua-mobile": "?0",
        "sec-ch-ua-platform": "\"Linux\"",
        "Sec-Fetch-Dest": "empty",
        "Sec-Fetch-Mode": "cors",
        "Sec-Fetch-Site": "same-site",
        "User-Agent": "Mozilla/5.0 (X11; Linux x86_64) AppleWebKit/537.36 (KHTML, like Gecko) HeadlessChrome/134.0.6998.35 Safari/537.36",
        "x-ms-client-request-id": "Sanitized",
        "x-ms-useragent": "azsdk-js-ai-language-text/1.1.0 core-rest-pipeline/1.19.2 Chromium/134 OS/x86-Linux-5.15.167"
      },
      "RequestBody": null,
      "StatusCode": 200,
      "ResponseHeaders": {
        "apim-request-id": "58e56607-a36e-4df4-9fbf-bc16c5614f95",
        "Content-Length": "280",
        "Content-Type": "application/json; charset=utf-8",
        "Date": "Tue, 25 Mar 2025 23:54:13 GMT",
        "Strict-Transport-Security": "max-age=31536000; includeSubDomains; preload",
        "X-Content-Type-Options": "nosniff",
        "x-envoy-upstream-service-time": "6",
        "x-ms-region": "West US 2"
      },
      "ResponseBody": {
        "jobId": "86287f4f-8a10-4e7d-a4ee-b2e29013b414",
        "lastUpdatedDateTime": "2025-03-25T23:54:13Z",
        "createdDateTime": "2025-03-25T23:54:11Z",
        "expirationDateTime": "2025-03-26T23:54:11Z",
        "status": "running",
        "errors": [],
        "tasks": {
          "completed": 0,
          "failed": 0,
          "inProgress": 1,
          "total": 1,
          "items": []
        }
      }
    },
    {
      "RequestUri": "https://endpointlanguage/analyze-text/jobs/86287f4f-8a10-4e7d-a4ee-b2e29013b414?api-version=2023-04-01",
      "RequestMethod": "GET",
      "RequestHeaders": {
        "Accept": "application/json",
        "Accept-Encoding": "gzip, deflate, br, zstd",
        "Connection": "keep-alive",
        "ocp-apim-subscription-key": "Sanitized",
        "Referer": "http://localhost:63315/",
        "sec-ch-ua": "\"Chromium\";v=\"134\", \"Not:A-Brand\";v=\"24\", \"HeadlessChrome\";v=\"134\"",
        "sec-ch-ua-mobile": "?0",
        "sec-ch-ua-platform": "\"Linux\"",
        "Sec-Fetch-Dest": "empty",
        "Sec-Fetch-Mode": "cors",
        "Sec-Fetch-Site": "same-site",
        "User-Agent": "Mozilla/5.0 (X11; Linux x86_64) AppleWebKit/537.36 (KHTML, like Gecko) HeadlessChrome/134.0.6998.35 Safari/537.36",
        "x-ms-client-request-id": "Sanitized",
        "x-ms-useragent": "azsdk-js-ai-language-text/1.1.0 core-rest-pipeline/1.19.2 Chromium/134 OS/x86-Linux-5.15.167"
      },
      "RequestBody": null,
      "StatusCode": 200,
      "ResponseHeaders": {
        "apim-request-id": "59c460aa-3e67-46ca-8329-47ce6423aab6",
        "Content-Length": "280",
        "Content-Type": "application/json; charset=utf-8",
        "Date": "Tue, 25 Mar 2025 23:54:13 GMT",
        "Strict-Transport-Security": "max-age=31536000; includeSubDomains; preload",
        "X-Content-Type-Options": "nosniff",
        "x-envoy-upstream-service-time": "6",
        "x-ms-region": "West US 2"
      },
      "ResponseBody": {
        "jobId": "86287f4f-8a10-4e7d-a4ee-b2e29013b414",
        "lastUpdatedDateTime": "2025-03-25T23:54:13Z",
        "createdDateTime": "2025-03-25T23:54:11Z",
        "expirationDateTime": "2025-03-26T23:54:11Z",
        "status": "running",
        "errors": [],
        "tasks": {
          "completed": 0,
          "failed": 0,
          "inProgress": 1,
          "total": 1,
          "items": []
        }
      }
    },
    {
      "RequestUri": "https://endpointlanguage/analyze-text/jobs/86287f4f-8a10-4e7d-a4ee-b2e29013b414?api-version=2023-04-01",
      "RequestMethod": "GET",
      "RequestHeaders": {
        "Accept": "application/json",
        "Accept-Encoding": "gzip, deflate, br, zstd",
        "Connection": "keep-alive",
        "ocp-apim-subscription-key": "Sanitized",
        "Referer": "http://localhost:63315/",
        "sec-ch-ua": "\"Chromium\";v=\"134\", \"Not:A-Brand\";v=\"24\", \"HeadlessChrome\";v=\"134\"",
        "sec-ch-ua-mobile": "?0",
        "sec-ch-ua-platform": "\"Linux\"",
        "Sec-Fetch-Dest": "empty",
        "Sec-Fetch-Mode": "cors",
        "Sec-Fetch-Site": "same-site",
        "User-Agent": "Mozilla/5.0 (X11; Linux x86_64) AppleWebKit/537.36 (KHTML, like Gecko) HeadlessChrome/134.0.6998.35 Safari/537.36",
        "x-ms-client-request-id": "Sanitized",
        "x-ms-useragent": "azsdk-js-ai-language-text/1.1.0 core-rest-pipeline/1.19.2 Chromium/134 OS/x86-Linux-5.15.167"
      },
      "RequestBody": null,
      "StatusCode": 200,
      "ResponseHeaders": {
        "apim-request-id": "027d8cc0-0692-4ff9-9e92-13123cdbd2cd",
        "Content-Length": "280",
        "Content-Type": "application/json; charset=utf-8",
        "Date": "Tue, 25 Mar 2025 23:54:13 GMT",
        "Strict-Transport-Security": "max-age=31536000; includeSubDomains; preload",
        "X-Content-Type-Options": "nosniff",
        "x-envoy-upstream-service-time": "6",
        "x-ms-region": "West US 2"
      },
      "ResponseBody": {
        "jobId": "86287f4f-8a10-4e7d-a4ee-b2e29013b414",
        "lastUpdatedDateTime": "2025-03-25T23:54:13Z",
        "createdDateTime": "2025-03-25T23:54:11Z",
        "expirationDateTime": "2025-03-26T23:54:11Z",
        "status": "running",
        "errors": [],
        "tasks": {
          "completed": 0,
          "failed": 0,
          "inProgress": 1,
          "total": 1,
          "items": []
        }
      }
    },
    {
      "RequestUri": "https://endpointlanguage/analyze-text/jobs/86287f4f-8a10-4e7d-a4ee-b2e29013b414?api-version=2023-04-01",
      "RequestMethod": "GET",
      "RequestHeaders": {
        "Accept": "application/json",
        "Accept-Encoding": "gzip, deflate, br, zstd",
        "Connection": "keep-alive",
        "ocp-apim-subscription-key": "Sanitized",
        "Referer": "http://localhost:63315/",
        "sec-ch-ua": "\"Chromium\";v=\"134\", \"Not:A-Brand\";v=\"24\", \"HeadlessChrome\";v=\"134\"",
        "sec-ch-ua-mobile": "?0",
        "sec-ch-ua-platform": "\"Linux\"",
        "Sec-Fetch-Dest": "empty",
        "Sec-Fetch-Mode": "cors",
        "Sec-Fetch-Site": "same-site",
        "User-Agent": "Mozilla/5.0 (X11; Linux x86_64) AppleWebKit/537.36 (KHTML, like Gecko) HeadlessChrome/134.0.6998.35 Safari/537.36",
        "x-ms-client-request-id": "Sanitized",
        "x-ms-useragent": "azsdk-js-ai-language-text/1.1.0 core-rest-pipeline/1.19.2 Chromium/134 OS/x86-Linux-5.15.167"
      },
      "RequestBody": null,
      "StatusCode": 200,
      "ResponseHeaders": {
        "apim-request-id": "b7673ed1-4c38-49c6-b819-b21e7d0403ed",
        "Content-Length": "280",
        "Content-Type": "application/json; charset=utf-8",
        "Date": "Tue, 25 Mar 2025 23:54:13 GMT",
        "Strict-Transport-Security": "max-age=31536000; includeSubDomains; preload",
        "X-Content-Type-Options": "nosniff",
        "x-envoy-upstream-service-time": "7",
        "x-ms-region": "West US 2"
      },
      "ResponseBody": {
        "jobId": "86287f4f-8a10-4e7d-a4ee-b2e29013b414",
        "lastUpdatedDateTime": "2025-03-25T23:54:13Z",
        "createdDateTime": "2025-03-25T23:54:11Z",
        "expirationDateTime": "2025-03-26T23:54:11Z",
        "status": "running",
        "errors": [],
        "tasks": {
          "completed": 0,
          "failed": 0,
          "inProgress": 1,
          "total": 1,
          "items": []
        }
      }
    },
    {
      "RequestUri": "https://endpointlanguage/analyze-text/jobs/86287f4f-8a10-4e7d-a4ee-b2e29013b414?api-version=2023-04-01",
      "RequestMethod": "GET",
      "RequestHeaders": {
        "Accept": "application/json",
        "Accept-Encoding": "gzip, deflate, br, zstd",
        "Connection": "keep-alive",
        "ocp-apim-subscription-key": "Sanitized",
        "Referer": "http://localhost:63315/",
        "sec-ch-ua": "\"Chromium\";v=\"134\", \"Not:A-Brand\";v=\"24\", \"HeadlessChrome\";v=\"134\"",
        "sec-ch-ua-mobile": "?0",
        "sec-ch-ua-platform": "\"Linux\"",
        "Sec-Fetch-Dest": "empty",
        "Sec-Fetch-Mode": "cors",
        "Sec-Fetch-Site": "same-site",
        "User-Agent": "Mozilla/5.0 (X11; Linux x86_64) AppleWebKit/537.36 (KHTML, like Gecko) HeadlessChrome/134.0.6998.35 Safari/537.36",
        "x-ms-client-request-id": "Sanitized",
        "x-ms-useragent": "azsdk-js-ai-language-text/1.1.0 core-rest-pipeline/1.19.2 Chromium/134 OS/x86-Linux-5.15.167"
      },
      "RequestBody": null,
      "StatusCode": 200,
      "ResponseHeaders": {
        "apim-request-id": "e3ed0431-b203-420d-b8d7-e2d42c0443b2",
        "Content-Length": "280",
        "Content-Type": "application/json; charset=utf-8",
        "Date": "Tue, 25 Mar 2025 23:54:13 GMT",
        "Strict-Transport-Security": "max-age=31536000; includeSubDomains; preload",
        "X-Content-Type-Options": "nosniff",
        "x-envoy-upstream-service-time": "6",
        "x-ms-region": "West US 2"
      },
      "ResponseBody": {
        "jobId": "86287f4f-8a10-4e7d-a4ee-b2e29013b414",
        "lastUpdatedDateTime": "2025-03-25T23:54:13Z",
        "createdDateTime": "2025-03-25T23:54:11Z",
        "expirationDateTime": "2025-03-26T23:54:11Z",
        "status": "running",
        "errors": [],
        "tasks": {
          "completed": 0,
          "failed": 0,
          "inProgress": 1,
          "total": 1,
          "items": []
        }
      }
    },
    {
      "RequestUri": "https://endpointlanguage/analyze-text/jobs/86287f4f-8a10-4e7d-a4ee-b2e29013b414?api-version=2023-04-01",
      "RequestMethod": "GET",
      "RequestHeaders": {
        "Accept": "application/json",
        "Accept-Encoding": "gzip, deflate, br, zstd",
        "Connection": "keep-alive",
        "ocp-apim-subscription-key": "Sanitized",
        "Referer": "http://localhost:63315/",
        "sec-ch-ua": "\"Chromium\";v=\"134\", \"Not:A-Brand\";v=\"24\", \"HeadlessChrome\";v=\"134\"",
        "sec-ch-ua-mobile": "?0",
        "sec-ch-ua-platform": "\"Linux\"",
        "Sec-Fetch-Dest": "empty",
        "Sec-Fetch-Mode": "cors",
        "Sec-Fetch-Site": "same-site",
        "User-Agent": "Mozilla/5.0 (X11; Linux x86_64) AppleWebKit/537.36 (KHTML, like Gecko) HeadlessChrome/134.0.6998.35 Safari/537.36",
        "x-ms-client-request-id": "Sanitized",
        "x-ms-useragent": "azsdk-js-ai-language-text/1.1.0 core-rest-pipeline/1.19.2 Chromium/134 OS/x86-Linux-5.15.167"
      },
      "RequestBody": null,
      "StatusCode": 200,
      "ResponseHeaders": {
        "apim-request-id": "8ad59804-108a-4198-9fb7-a71cddceb0fb",
        "Content-Length": "280",
        "Content-Type": "application/json; charset=utf-8",
        "Date": "Tue, 25 Mar 2025 23:54:13 GMT",
        "Strict-Transport-Security": "max-age=31536000; includeSubDomains; preload",
        "X-Content-Type-Options": "nosniff",
        "x-envoy-upstream-service-time": "5",
        "x-ms-region": "West US 2"
      },
      "ResponseBody": {
        "jobId": "86287f4f-8a10-4e7d-a4ee-b2e29013b414",
        "lastUpdatedDateTime": "2025-03-25T23:54:13Z",
        "createdDateTime": "2025-03-25T23:54:11Z",
        "expirationDateTime": "2025-03-26T23:54:11Z",
        "status": "running",
        "errors": [],
        "tasks": {
          "completed": 0,
          "failed": 0,
          "inProgress": 1,
          "total": 1,
          "items": []
        }
      }
    },
    {
      "RequestUri": "https://endpointlanguage/analyze-text/jobs/86287f4f-8a10-4e7d-a4ee-b2e29013b414?api-version=2023-04-01",
      "RequestMethod": "GET",
      "RequestHeaders": {
        "Accept": "application/json",
        "Accept-Encoding": "gzip, deflate, br, zstd",
        "Connection": "keep-alive",
        "ocp-apim-subscription-key": "Sanitized",
        "Referer": "http://localhost:63315/",
        "sec-ch-ua": "\"Chromium\";v=\"134\", \"Not:A-Brand\";v=\"24\", \"HeadlessChrome\";v=\"134\"",
        "sec-ch-ua-mobile": "?0",
        "sec-ch-ua-platform": "\"Linux\"",
        "Sec-Fetch-Dest": "empty",
        "Sec-Fetch-Mode": "cors",
        "Sec-Fetch-Site": "same-site",
        "User-Agent": "Mozilla/5.0 (X11; Linux x86_64) AppleWebKit/537.36 (KHTML, like Gecko) HeadlessChrome/134.0.6998.35 Safari/537.36",
        "x-ms-client-request-id": "Sanitized",
        "x-ms-useragent": "azsdk-js-ai-language-text/1.1.0 core-rest-pipeline/1.19.2 Chromium/134 OS/x86-Linux-5.15.167"
      },
      "RequestBody": null,
      "StatusCode": 200,
      "ResponseHeaders": {
        "apim-request-id": "5f50af84-9f1b-4d89-b922-358a995d2c07",
        "Content-Length": "280",
        "Content-Type": "application/json; charset=utf-8",
        "Date": "Tue, 25 Mar 2025 23:54:13 GMT",
        "Strict-Transport-Security": "max-age=31536000; includeSubDomains; preload",
        "X-Content-Type-Options": "nosniff",
        "x-envoy-upstream-service-time": "6",
        "x-ms-region": "West US 2"
      },
      "ResponseBody": {
        "jobId": "86287f4f-8a10-4e7d-a4ee-b2e29013b414",
        "lastUpdatedDateTime": "2025-03-25T23:54:13Z",
        "createdDateTime": "2025-03-25T23:54:11Z",
        "expirationDateTime": "2025-03-26T23:54:11Z",
        "status": "running",
        "errors": [],
        "tasks": {
          "completed": 0,
          "failed": 0,
          "inProgress": 1,
          "total": 1,
          "items": []
        }
      }
    },
    {
      "RequestUri": "https://endpointlanguage/analyze-text/jobs/86287f4f-8a10-4e7d-a4ee-b2e29013b414?api-version=2023-04-01",
      "RequestMethod": "GET",
      "RequestHeaders": {
        "Accept": "application/json",
        "Accept-Encoding": "gzip, deflate, br, zstd",
        "Connection": "keep-alive",
        "ocp-apim-subscription-key": "Sanitized",
        "Referer": "http://localhost:63315/",
        "sec-ch-ua": "\"Chromium\";v=\"134\", \"Not:A-Brand\";v=\"24\", \"HeadlessChrome\";v=\"134\"",
        "sec-ch-ua-mobile": "?0",
        "sec-ch-ua-platform": "\"Linux\"",
        "Sec-Fetch-Dest": "empty",
        "Sec-Fetch-Mode": "cors",
        "Sec-Fetch-Site": "same-site",
        "User-Agent": "Mozilla/5.0 (X11; Linux x86_64) AppleWebKit/537.36 (KHTML, like Gecko) HeadlessChrome/134.0.6998.35 Safari/537.36",
        "x-ms-client-request-id": "Sanitized",
        "x-ms-useragent": "azsdk-js-ai-language-text/1.1.0 core-rest-pipeline/1.19.2 Chromium/134 OS/x86-Linux-5.15.167"
      },
      "RequestBody": null,
      "StatusCode": 200,
      "ResponseHeaders": {
        "apim-request-id": "5cb44944-2039-4993-9c1e-fded38e63ec8",
        "Content-Length": "280",
        "Content-Type": "application/json; charset=utf-8",
        "Date": "Tue, 25 Mar 2025 23:54:13 GMT",
        "Strict-Transport-Security": "max-age=31536000; includeSubDomains; preload",
        "X-Content-Type-Options": "nosniff",
        "x-envoy-upstream-service-time": "5",
        "x-ms-region": "West US 2"
      },
      "ResponseBody": {
        "jobId": "86287f4f-8a10-4e7d-a4ee-b2e29013b414",
        "lastUpdatedDateTime": "2025-03-25T23:54:13Z",
        "createdDateTime": "2025-03-25T23:54:11Z",
        "expirationDateTime": "2025-03-26T23:54:11Z",
        "status": "running",
        "errors": [],
        "tasks": {
          "completed": 0,
          "failed": 0,
          "inProgress": 1,
          "total": 1,
          "items": []
        }
      }
    },
    {
      "RequestUri": "https://endpointlanguage/analyze-text/jobs/86287f4f-8a10-4e7d-a4ee-b2e29013b414?api-version=2023-04-01",
      "RequestMethod": "GET",
      "RequestHeaders": {
        "Accept": "application/json",
        "Accept-Encoding": "gzip, deflate, br, zstd",
        "Connection": "keep-alive",
        "ocp-apim-subscription-key": "Sanitized",
        "Referer": "http://localhost:63315/",
        "sec-ch-ua": "\"Chromium\";v=\"134\", \"Not:A-Brand\";v=\"24\", \"HeadlessChrome\";v=\"134\"",
        "sec-ch-ua-mobile": "?0",
        "sec-ch-ua-platform": "\"Linux\"",
        "Sec-Fetch-Dest": "empty",
        "Sec-Fetch-Mode": "cors",
        "Sec-Fetch-Site": "same-site",
        "User-Agent": "Mozilla/5.0 (X11; Linux x86_64) AppleWebKit/537.36 (KHTML, like Gecko) HeadlessChrome/134.0.6998.35 Safari/537.36",
        "x-ms-client-request-id": "Sanitized",
        "x-ms-useragent": "azsdk-js-ai-language-text/1.1.0 core-rest-pipeline/1.19.2 Chromium/134 OS/x86-Linux-5.15.167"
      },
      "RequestBody": null,
      "StatusCode": 200,
      "ResponseHeaders": {
        "apim-request-id": "1ccfb007-f634-4b38-bc51-cf29723e064c",
        "Content-Length": "280",
        "Content-Type": "application/json; charset=utf-8",
        "Date": "Tue, 25 Mar 2025 23:54:13 GMT",
        "Strict-Transport-Security": "max-age=31536000; includeSubDomains; preload",
        "X-Content-Type-Options": "nosniff",
        "x-envoy-upstream-service-time": "6",
        "x-ms-region": "West US 2"
      },
      "ResponseBody": {
        "jobId": "86287f4f-8a10-4e7d-a4ee-b2e29013b414",
        "lastUpdatedDateTime": "2025-03-25T23:54:13Z",
        "createdDateTime": "2025-03-25T23:54:11Z",
        "expirationDateTime": "2025-03-26T23:54:11Z",
        "status": "running",
        "errors": [],
        "tasks": {
          "completed": 0,
          "failed": 0,
          "inProgress": 1,
          "total": 1,
          "items": []
        }
      }
    },
    {
      "RequestUri": "https://endpointlanguage/analyze-text/jobs/86287f4f-8a10-4e7d-a4ee-b2e29013b414?api-version=2023-04-01",
      "RequestMethod": "GET",
      "RequestHeaders": {
        "Accept": "application/json",
        "Accept-Encoding": "gzip, deflate, br, zstd",
        "Connection": "keep-alive",
        "ocp-apim-subscription-key": "Sanitized",
        "Referer": "http://localhost:63315/",
        "sec-ch-ua": "\"Chromium\";v=\"134\", \"Not:A-Brand\";v=\"24\", \"HeadlessChrome\";v=\"134\"",
        "sec-ch-ua-mobile": "?0",
        "sec-ch-ua-platform": "\"Linux\"",
        "Sec-Fetch-Dest": "empty",
        "Sec-Fetch-Mode": "cors",
        "Sec-Fetch-Site": "same-site",
        "User-Agent": "Mozilla/5.0 (X11; Linux x86_64) AppleWebKit/537.36 (KHTML, like Gecko) HeadlessChrome/134.0.6998.35 Safari/537.36",
        "x-ms-client-request-id": "Sanitized",
        "x-ms-useragent": "azsdk-js-ai-language-text/1.1.0 core-rest-pipeline/1.19.2 Chromium/134 OS/x86-Linux-5.15.167"
      },
      "RequestBody": null,
      "StatusCode": 200,
      "ResponseHeaders": {
        "apim-request-id": "42ce0996-b94c-45d6-8915-8dd80d9f027e",
        "Content-Length": "280",
        "Content-Type": "application/json; charset=utf-8",
        "Date": "Tue, 25 Mar 2025 23:54:13 GMT",
        "Strict-Transport-Security": "max-age=31536000; includeSubDomains; preload",
        "X-Content-Type-Options": "nosniff",
        "x-envoy-upstream-service-time": "7",
        "x-ms-region": "West US 2"
      },
      "ResponseBody": {
        "jobId": "86287f4f-8a10-4e7d-a4ee-b2e29013b414",
        "lastUpdatedDateTime": "2025-03-25T23:54:13Z",
        "createdDateTime": "2025-03-25T23:54:11Z",
        "expirationDateTime": "2025-03-26T23:54:11Z",
        "status": "running",
        "errors": [],
        "tasks": {
          "completed": 0,
          "failed": 0,
          "inProgress": 1,
          "total": 1,
          "items": []
        }
      }
    },
    {
      "RequestUri": "https://endpointlanguage/analyze-text/jobs/86287f4f-8a10-4e7d-a4ee-b2e29013b414?api-version=2023-04-01",
      "RequestMethod": "GET",
      "RequestHeaders": {
        "Accept": "application/json",
        "Accept-Encoding": "gzip, deflate, br, zstd",
        "Connection": "keep-alive",
        "ocp-apim-subscription-key": "Sanitized",
        "Referer": "http://localhost:63315/",
        "sec-ch-ua": "\"Chromium\";v=\"134\", \"Not:A-Brand\";v=\"24\", \"HeadlessChrome\";v=\"134\"",
        "sec-ch-ua-mobile": "?0",
        "sec-ch-ua-platform": "\"Linux\"",
        "Sec-Fetch-Dest": "empty",
        "Sec-Fetch-Mode": "cors",
        "Sec-Fetch-Site": "same-site",
        "User-Agent": "Mozilla/5.0 (X11; Linux x86_64) AppleWebKit/537.36 (KHTML, like Gecko) HeadlessChrome/134.0.6998.35 Safari/537.36",
        "x-ms-client-request-id": "Sanitized",
        "x-ms-useragent": "azsdk-js-ai-language-text/1.1.0 core-rest-pipeline/1.19.2 Chromium/134 OS/x86-Linux-5.15.167"
      },
      "RequestBody": null,
      "StatusCode": 200,
      "ResponseHeaders": {
        "apim-request-id": "7842e46b-7eac-496a-8ad6-d50f3344a6dd",
        "Content-Length": "280",
        "Content-Type": "application/json; charset=utf-8",
        "Date": "Tue, 25 Mar 2025 23:54:13 GMT",
        "Strict-Transport-Security": "max-age=31536000; includeSubDomains; preload",
        "X-Content-Type-Options": "nosniff",
        "x-envoy-upstream-service-time": "7",
        "x-ms-region": "West US 2"
      },
      "ResponseBody": {
        "jobId": "86287f4f-8a10-4e7d-a4ee-b2e29013b414",
        "lastUpdatedDateTime": "2025-03-25T23:54:13Z",
        "createdDateTime": "2025-03-25T23:54:11Z",
        "expirationDateTime": "2025-03-26T23:54:11Z",
        "status": "running",
        "errors": [],
        "tasks": {
          "completed": 0,
          "failed": 0,
          "inProgress": 1,
          "total": 1,
          "items": []
        }
      }
    },
    {
      "RequestUri": "https://endpointlanguage/analyze-text/jobs/86287f4f-8a10-4e7d-a4ee-b2e29013b414?api-version=2023-04-01",
      "RequestMethod": "GET",
      "RequestHeaders": {
        "Accept": "application/json",
        "Accept-Encoding": "gzip, deflate, br, zstd",
        "Connection": "keep-alive",
        "ocp-apim-subscription-key": "Sanitized",
        "Referer": "http://localhost:63315/",
        "sec-ch-ua": "\"Chromium\";v=\"134\", \"Not:A-Brand\";v=\"24\", \"HeadlessChrome\";v=\"134\"",
        "sec-ch-ua-mobile": "?0",
        "sec-ch-ua-platform": "\"Linux\"",
        "Sec-Fetch-Dest": "empty",
        "Sec-Fetch-Mode": "cors",
        "Sec-Fetch-Site": "same-site",
        "User-Agent": "Mozilla/5.0 (X11; Linux x86_64) AppleWebKit/537.36 (KHTML, like Gecko) HeadlessChrome/134.0.6998.35 Safari/537.36",
        "x-ms-client-request-id": "Sanitized",
        "x-ms-useragent": "azsdk-js-ai-language-text/1.1.0 core-rest-pipeline/1.19.2 Chromium/134 OS/x86-Linux-5.15.167"
      },
      "RequestBody": null,
      "StatusCode": 200,
      "ResponseHeaders": {
        "apim-request-id": "f572956b-185e-49b6-82bb-a9b8692b71c7",
        "Content-Length": "280",
        "Content-Type": "application/json; charset=utf-8",
        "Date": "Tue, 25 Mar 2025 23:54:13 GMT",
        "Strict-Transport-Security": "max-age=31536000; includeSubDomains; preload",
        "X-Content-Type-Options": "nosniff",
        "x-envoy-upstream-service-time": "6",
        "x-ms-region": "West US 2"
      },
      "ResponseBody": {
        "jobId": "86287f4f-8a10-4e7d-a4ee-b2e29013b414",
        "lastUpdatedDateTime": "2025-03-25T23:54:13Z",
        "createdDateTime": "2025-03-25T23:54:11Z",
        "expirationDateTime": "2025-03-26T23:54:11Z",
        "status": "running",
        "errors": [],
        "tasks": {
          "completed": 0,
          "failed": 0,
          "inProgress": 1,
          "total": 1,
          "items": []
        }
      }
    },
    {
      "RequestUri": "https://endpointlanguage/analyze-text/jobs/86287f4f-8a10-4e7d-a4ee-b2e29013b414?api-version=2023-04-01",
      "RequestMethod": "GET",
      "RequestHeaders": {
        "Accept": "application/json",
        "Accept-Encoding": "gzip, deflate, br, zstd",
        "Connection": "keep-alive",
        "ocp-apim-subscription-key": "Sanitized",
        "Referer": "http://localhost:63315/",
        "sec-ch-ua": "\"Chromium\";v=\"134\", \"Not:A-Brand\";v=\"24\", \"HeadlessChrome\";v=\"134\"",
        "sec-ch-ua-mobile": "?0",
        "sec-ch-ua-platform": "\"Linux\"",
        "Sec-Fetch-Dest": "empty",
        "Sec-Fetch-Mode": "cors",
        "Sec-Fetch-Site": "same-site",
        "User-Agent": "Mozilla/5.0 (X11; Linux x86_64) AppleWebKit/537.36 (KHTML, like Gecko) HeadlessChrome/134.0.6998.35 Safari/537.36",
        "x-ms-client-request-id": "Sanitized",
        "x-ms-useragent": "azsdk-js-ai-language-text/1.1.0 core-rest-pipeline/1.19.2 Chromium/134 OS/x86-Linux-5.15.167"
      },
      "RequestBody": null,
      "StatusCode": 200,
      "ResponseHeaders": {
        "apim-request-id": "5f7540a3-3a26-4aa8-bae8-204c8fb82f21",
        "Content-Length": "280",
        "Content-Type": "application/json; charset=utf-8",
        "Date": "Tue, 25 Mar 2025 23:54:13 GMT",
        "Strict-Transport-Security": "max-age=31536000; includeSubDomains; preload",
        "X-Content-Type-Options": "nosniff",
        "x-envoy-upstream-service-time": "7",
        "x-ms-region": "West US 2"
      },
      "ResponseBody": {
        "jobId": "86287f4f-8a10-4e7d-a4ee-b2e29013b414",
        "lastUpdatedDateTime": "2025-03-25T23:54:13Z",
        "createdDateTime": "2025-03-25T23:54:11Z",
        "expirationDateTime": "2025-03-26T23:54:11Z",
        "status": "running",
        "errors": [],
        "tasks": {
          "completed": 0,
          "failed": 0,
          "inProgress": 1,
          "total": 1,
          "items": []
        }
      }
    },
    {
      "RequestUri": "https://endpointlanguage/analyze-text/jobs/86287f4f-8a10-4e7d-a4ee-b2e29013b414?api-version=2023-04-01",
      "RequestMethod": "GET",
      "RequestHeaders": {
        "Accept": "application/json",
        "Accept-Encoding": "gzip, deflate, br, zstd",
        "Connection": "keep-alive",
        "ocp-apim-subscription-key": "Sanitized",
        "Referer": "http://localhost:63315/",
        "sec-ch-ua": "\"Chromium\";v=\"134\", \"Not:A-Brand\";v=\"24\", \"HeadlessChrome\";v=\"134\"",
        "sec-ch-ua-mobile": "?0",
        "sec-ch-ua-platform": "\"Linux\"",
        "Sec-Fetch-Dest": "empty",
        "Sec-Fetch-Mode": "cors",
        "Sec-Fetch-Site": "same-site",
        "User-Agent": "Mozilla/5.0 (X11; Linux x86_64) AppleWebKit/537.36 (KHTML, like Gecko) HeadlessChrome/134.0.6998.35 Safari/537.36",
        "x-ms-client-request-id": "Sanitized",
        "x-ms-useragent": "azsdk-js-ai-language-text/1.1.0 core-rest-pipeline/1.19.2 Chromium/134 OS/x86-Linux-5.15.167"
      },
      "RequestBody": null,
      "StatusCode": 200,
      "ResponseHeaders": {
        "apim-request-id": "b78b7086-9669-4089-9c78-9ff02f7f4a49",
        "Content-Length": "280",
        "Content-Type": "application/json; charset=utf-8",
        "Date": "Tue, 25 Mar 2025 23:54:13 GMT",
        "Strict-Transport-Security": "max-age=31536000; includeSubDomains; preload",
        "X-Content-Type-Options": "nosniff",
        "x-envoy-upstream-service-time": "6",
        "x-ms-region": "West US 2"
      },
      "ResponseBody": {
        "jobId": "86287f4f-8a10-4e7d-a4ee-b2e29013b414",
        "lastUpdatedDateTime": "2025-03-25T23:54:13Z",
        "createdDateTime": "2025-03-25T23:54:11Z",
        "expirationDateTime": "2025-03-26T23:54:11Z",
        "status": "running",
        "errors": [],
        "tasks": {
          "completed": 0,
          "failed": 0,
          "inProgress": 1,
          "total": 1,
          "items": []
        }
      }
    },
    {
      "RequestUri": "https://endpointlanguage/analyze-text/jobs/86287f4f-8a10-4e7d-a4ee-b2e29013b414?api-version=2023-04-01",
      "RequestMethod": "GET",
      "RequestHeaders": {
        "Accept": "application/json",
        "Accept-Encoding": "gzip, deflate, br, zstd",
        "Connection": "keep-alive",
        "ocp-apim-subscription-key": "Sanitized",
        "Referer": "http://localhost:63315/",
        "sec-ch-ua": "\"Chromium\";v=\"134\", \"Not:A-Brand\";v=\"24\", \"HeadlessChrome\";v=\"134\"",
        "sec-ch-ua-mobile": "?0",
        "sec-ch-ua-platform": "\"Linux\"",
        "Sec-Fetch-Dest": "empty",
        "Sec-Fetch-Mode": "cors",
        "Sec-Fetch-Site": "same-site",
        "User-Agent": "Mozilla/5.0 (X11; Linux x86_64) AppleWebKit/537.36 (KHTML, like Gecko) HeadlessChrome/134.0.6998.35 Safari/537.36",
        "x-ms-client-request-id": "Sanitized",
        "x-ms-useragent": "azsdk-js-ai-language-text/1.1.0 core-rest-pipeline/1.19.2 Chromium/134 OS/x86-Linux-5.15.167"
      },
      "RequestBody": null,
      "StatusCode": 200,
      "ResponseHeaders": {
        "apim-request-id": "dedffe68-a3ac-4bfa-ae47-98c922ee5ffe",
        "Content-Length": "280",
        "Content-Type": "application/json; charset=utf-8",
        "Date": "Tue, 25 Mar 2025 23:54:13 GMT",
        "Strict-Transport-Security": "max-age=31536000; includeSubDomains; preload",
        "X-Content-Type-Options": "nosniff",
        "x-envoy-upstream-service-time": "7",
        "x-ms-region": "West US 2"
      },
      "ResponseBody": {
        "jobId": "86287f4f-8a10-4e7d-a4ee-b2e29013b414",
        "lastUpdatedDateTime": "2025-03-25T23:54:13Z",
        "createdDateTime": "2025-03-25T23:54:11Z",
        "expirationDateTime": "2025-03-26T23:54:11Z",
        "status": "running",
        "errors": [],
        "tasks": {
          "completed": 0,
          "failed": 0,
          "inProgress": 1,
          "total": 1,
          "items": []
        }
      }
    },
    {
      "RequestUri": "https://endpointlanguage/analyze-text/jobs/86287f4f-8a10-4e7d-a4ee-b2e29013b414?api-version=2023-04-01",
      "RequestMethod": "GET",
      "RequestHeaders": {
        "Accept": "application/json",
        "Accept-Encoding": "gzip, deflate, br, zstd",
        "Connection": "keep-alive",
        "ocp-apim-subscription-key": "Sanitized",
        "Referer": "http://localhost:63315/",
        "sec-ch-ua": "\"Chromium\";v=\"134\", \"Not:A-Brand\";v=\"24\", \"HeadlessChrome\";v=\"134\"",
        "sec-ch-ua-mobile": "?0",
        "sec-ch-ua-platform": "\"Linux\"",
        "Sec-Fetch-Dest": "empty",
        "Sec-Fetch-Mode": "cors",
        "Sec-Fetch-Site": "same-site",
        "User-Agent": "Mozilla/5.0 (X11; Linux x86_64) AppleWebKit/537.36 (KHTML, like Gecko) HeadlessChrome/134.0.6998.35 Safari/537.36",
        "x-ms-client-request-id": "Sanitized",
        "x-ms-useragent": "azsdk-js-ai-language-text/1.1.0 core-rest-pipeline/1.19.2 Chromium/134 OS/x86-Linux-5.15.167"
      },
      "RequestBody": null,
      "StatusCode": 200,
      "ResponseHeaders": {
        "apim-request-id": "f840cb6e-6a12-420d-aba5-a27ffdf9454f",
        "Content-Length": "280",
        "Content-Type": "application/json; charset=utf-8",
        "Date": "Tue, 25 Mar 2025 23:54:13 GMT",
        "Strict-Transport-Security": "max-age=31536000; includeSubDomains; preload",
        "X-Content-Type-Options": "nosniff",
        "x-envoy-upstream-service-time": "6",
        "x-ms-region": "West US 2"
      },
      "ResponseBody": {
        "jobId": "86287f4f-8a10-4e7d-a4ee-b2e29013b414",
        "lastUpdatedDateTime": "2025-03-25T23:54:13Z",
        "createdDateTime": "2025-03-25T23:54:11Z",
        "expirationDateTime": "2025-03-26T23:54:11Z",
        "status": "running",
        "errors": [],
        "tasks": {
          "completed": 0,
          "failed": 0,
          "inProgress": 1,
          "total": 1,
          "items": []
        }
      }
    },
    {
      "RequestUri": "https://endpointlanguage/analyze-text/jobs/86287f4f-8a10-4e7d-a4ee-b2e29013b414?api-version=2023-04-01",
      "RequestMethod": "GET",
      "RequestHeaders": {
        "Accept": "application/json",
        "Accept-Encoding": "gzip, deflate, br, zstd",
        "Connection": "keep-alive",
        "ocp-apim-subscription-key": "Sanitized",
        "Referer": "http://localhost:63315/",
        "sec-ch-ua": "\"Chromium\";v=\"134\", \"Not:A-Brand\";v=\"24\", \"HeadlessChrome\";v=\"134\"",
        "sec-ch-ua-mobile": "?0",
        "sec-ch-ua-platform": "\"Linux\"",
        "Sec-Fetch-Dest": "empty",
        "Sec-Fetch-Mode": "cors",
        "Sec-Fetch-Site": "same-site",
        "User-Agent": "Mozilla/5.0 (X11; Linux x86_64) AppleWebKit/537.36 (KHTML, like Gecko) HeadlessChrome/134.0.6998.35 Safari/537.36",
        "x-ms-client-request-id": "Sanitized",
        "x-ms-useragent": "azsdk-js-ai-language-text/1.1.0 core-rest-pipeline/1.19.2 Chromium/134 OS/x86-Linux-5.15.167"
      },
      "RequestBody": null,
      "StatusCode": 200,
      "ResponseHeaders": {
        "apim-request-id": "4b53d2a8-ea45-4b6b-907a-f8279363dc2a",
        "Content-Length": "280",
        "Content-Type": "application/json; charset=utf-8",
        "Date": "Tue, 25 Mar 2025 23:54:13 GMT",
        "Strict-Transport-Security": "max-age=31536000; includeSubDomains; preload",
        "X-Content-Type-Options": "nosniff",
        "x-envoy-upstream-service-time": "6",
        "x-ms-region": "West US 2"
      },
      "ResponseBody": {
        "jobId": "86287f4f-8a10-4e7d-a4ee-b2e29013b414",
        "lastUpdatedDateTime": "2025-03-25T23:54:13Z",
        "createdDateTime": "2025-03-25T23:54:11Z",
        "expirationDateTime": "2025-03-26T23:54:11Z",
        "status": "running",
        "errors": [],
        "tasks": {
          "completed": 0,
          "failed": 0,
          "inProgress": 1,
          "total": 1,
          "items": []
        }
      }
    },
    {
      "RequestUri": "https://endpointlanguage/analyze-text/jobs/86287f4f-8a10-4e7d-a4ee-b2e29013b414?api-version=2023-04-01",
      "RequestMethod": "GET",
      "RequestHeaders": {
        "Accept": "application/json",
        "Accept-Encoding": "gzip, deflate, br, zstd",
        "Connection": "keep-alive",
        "ocp-apim-subscription-key": "Sanitized",
        "Referer": "http://localhost:63315/",
        "sec-ch-ua": "\"Chromium\";v=\"134\", \"Not:A-Brand\";v=\"24\", \"HeadlessChrome\";v=\"134\"",
        "sec-ch-ua-mobile": "?0",
        "sec-ch-ua-platform": "\"Linux\"",
        "Sec-Fetch-Dest": "empty",
        "Sec-Fetch-Mode": "cors",
        "Sec-Fetch-Site": "same-site",
        "User-Agent": "Mozilla/5.0 (X11; Linux x86_64) AppleWebKit/537.36 (KHTML, like Gecko) HeadlessChrome/134.0.6998.35 Safari/537.36",
        "x-ms-client-request-id": "Sanitized",
        "x-ms-useragent": "azsdk-js-ai-language-text/1.1.0 core-rest-pipeline/1.19.2 Chromium/134 OS/x86-Linux-5.15.167"
      },
      "RequestBody": null,
      "StatusCode": 200,
      "ResponseHeaders": {
        "apim-request-id": "57b8816a-3e3f-4a9a-8b6a-457047fef8b3",
        "Content-Length": "280",
        "Content-Type": "application/json; charset=utf-8",
        "Date": "Tue, 25 Mar 2025 23:54:13 GMT",
        "Strict-Transport-Security": "max-age=31536000; includeSubDomains; preload",
        "X-Content-Type-Options": "nosniff",
        "x-envoy-upstream-service-time": "6",
        "x-ms-region": "West US 2"
      },
      "ResponseBody": {
        "jobId": "86287f4f-8a10-4e7d-a4ee-b2e29013b414",
        "lastUpdatedDateTime": "2025-03-25T23:54:13Z",
        "createdDateTime": "2025-03-25T23:54:11Z",
        "expirationDateTime": "2025-03-26T23:54:11Z",
        "status": "running",
        "errors": [],
        "tasks": {
          "completed": 0,
          "failed": 0,
          "inProgress": 1,
          "total": 1,
          "items": []
        }
      }
    },
    {
      "RequestUri": "https://endpointlanguage/analyze-text/jobs/86287f4f-8a10-4e7d-a4ee-b2e29013b414?api-version=2023-04-01",
      "RequestMethod": "GET",
      "RequestHeaders": {
        "Accept": "application/json",
        "Accept-Encoding": "gzip, deflate, br, zstd",
        "Connection": "keep-alive",
        "ocp-apim-subscription-key": "Sanitized",
        "Referer": "http://localhost:63315/",
        "sec-ch-ua": "\"Chromium\";v=\"134\", \"Not:A-Brand\";v=\"24\", \"HeadlessChrome\";v=\"134\"",
        "sec-ch-ua-mobile": "?0",
        "sec-ch-ua-platform": "\"Linux\"",
        "Sec-Fetch-Dest": "empty",
        "Sec-Fetch-Mode": "cors",
        "Sec-Fetch-Site": "same-site",
        "User-Agent": "Mozilla/5.0 (X11; Linux x86_64) AppleWebKit/537.36 (KHTML, like Gecko) HeadlessChrome/134.0.6998.35 Safari/537.36",
        "x-ms-client-request-id": "Sanitized",
        "x-ms-useragent": "azsdk-js-ai-language-text/1.1.0 core-rest-pipeline/1.19.2 Chromium/134 OS/x86-Linux-5.15.167"
      },
      "RequestBody": null,
      "StatusCode": 200,
      "ResponseHeaders": {
        "apim-request-id": "4c9140ca-bad2-4e13-8ffe-64bc4caca952",
        "Content-Length": "280",
        "Content-Type": "application/json; charset=utf-8",
        "Date": "Tue, 25 Mar 2025 23:54:13 GMT",
        "Strict-Transport-Security": "max-age=31536000; includeSubDomains; preload",
        "X-Content-Type-Options": "nosniff",
        "x-envoy-upstream-service-time": "6",
        "x-ms-region": "West US 2"
      },
      "ResponseBody": {
        "jobId": "86287f4f-8a10-4e7d-a4ee-b2e29013b414",
        "lastUpdatedDateTime": "2025-03-25T23:54:13Z",
        "createdDateTime": "2025-03-25T23:54:11Z",
        "expirationDateTime": "2025-03-26T23:54:11Z",
        "status": "running",
        "errors": [],
        "tasks": {
          "completed": 0,
          "failed": 0,
          "inProgress": 1,
          "total": 1,
          "items": []
        }
      }
    },
    {
      "RequestUri": "https://endpointlanguage/analyze-text/jobs/86287f4f-8a10-4e7d-a4ee-b2e29013b414?api-version=2023-04-01",
      "RequestMethod": "GET",
      "RequestHeaders": {
        "Accept": "application/json",
        "Accept-Encoding": "gzip, deflate, br, zstd",
        "Connection": "keep-alive",
        "ocp-apim-subscription-key": "Sanitized",
        "Referer": "http://localhost:63315/",
        "sec-ch-ua": "\"Chromium\";v=\"134\", \"Not:A-Brand\";v=\"24\", \"HeadlessChrome\";v=\"134\"",
        "sec-ch-ua-mobile": "?0",
        "sec-ch-ua-platform": "\"Linux\"",
        "Sec-Fetch-Dest": "empty",
        "Sec-Fetch-Mode": "cors",
        "Sec-Fetch-Site": "same-site",
        "User-Agent": "Mozilla/5.0 (X11; Linux x86_64) AppleWebKit/537.36 (KHTML, like Gecko) HeadlessChrome/134.0.6998.35 Safari/537.36",
        "x-ms-client-request-id": "Sanitized",
        "x-ms-useragent": "azsdk-js-ai-language-text/1.1.0 core-rest-pipeline/1.19.2 Chromium/134 OS/x86-Linux-5.15.167"
      },
      "RequestBody": null,
      "StatusCode": 200,
      "ResponseHeaders": {
        "apim-request-id": "b73e09c0-660d-471c-a9a9-6e33d3adc32b",
        "Content-Length": "280",
        "Content-Type": "application/json; charset=utf-8",
        "Date": "Tue, 25 Mar 2025 23:54:13 GMT",
        "Strict-Transport-Security": "max-age=31536000; includeSubDomains; preload",
        "X-Content-Type-Options": "nosniff",
        "x-envoy-upstream-service-time": "6",
        "x-ms-region": "West US 2"
      },
      "ResponseBody": {
        "jobId": "86287f4f-8a10-4e7d-a4ee-b2e29013b414",
        "lastUpdatedDateTime": "2025-03-25T23:54:13Z",
        "createdDateTime": "2025-03-25T23:54:11Z",
        "expirationDateTime": "2025-03-26T23:54:11Z",
        "status": "running",
        "errors": [],
        "tasks": {
          "completed": 0,
          "failed": 0,
          "inProgress": 1,
          "total": 1,
          "items": []
        }
      }
    },
    {
      "RequestUri": "https://endpointlanguage/analyze-text/jobs/86287f4f-8a10-4e7d-a4ee-b2e29013b414?api-version=2023-04-01",
      "RequestMethod": "GET",
      "RequestHeaders": {
        "Accept": "application/json",
        "Accept-Encoding": "gzip, deflate, br, zstd",
        "Connection": "keep-alive",
        "ocp-apim-subscription-key": "Sanitized",
        "Referer": "http://localhost:63315/",
        "sec-ch-ua": "\"Chromium\";v=\"134\", \"Not:A-Brand\";v=\"24\", \"HeadlessChrome\";v=\"134\"",
        "sec-ch-ua-mobile": "?0",
        "sec-ch-ua-platform": "\"Linux\"",
        "Sec-Fetch-Dest": "empty",
        "Sec-Fetch-Mode": "cors",
        "Sec-Fetch-Site": "same-site",
        "User-Agent": "Mozilla/5.0 (X11; Linux x86_64) AppleWebKit/537.36 (KHTML, like Gecko) HeadlessChrome/134.0.6998.35 Safari/537.36",
        "x-ms-client-request-id": "Sanitized",
        "x-ms-useragent": "azsdk-js-ai-language-text/1.1.0 core-rest-pipeline/1.19.2 Chromium/134 OS/x86-Linux-5.15.167"
      },
      "RequestBody": null,
      "StatusCode": 200,
      "ResponseHeaders": {
        "apim-request-id": "fbecfe89-0965-4a3b-85ce-394631f91996",
        "Content-Length": "280",
        "Content-Type": "application/json; charset=utf-8",
        "Date": "Tue, 25 Mar 2025 23:54:14 GMT",
        "Strict-Transport-Security": "max-age=31536000; includeSubDomains; preload",
        "X-Content-Type-Options": "nosniff",
        "x-envoy-upstream-service-time": "6",
        "x-ms-region": "West US 2"
      },
      "ResponseBody": {
        "jobId": "86287f4f-8a10-4e7d-a4ee-b2e29013b414",
        "lastUpdatedDateTime": "2025-03-25T23:54:13Z",
        "createdDateTime": "2025-03-25T23:54:11Z",
        "expirationDateTime": "2025-03-26T23:54:11Z",
        "status": "running",
        "errors": [],
        "tasks": {
          "completed": 0,
          "failed": 0,
          "inProgress": 1,
          "total": 1,
          "items": []
        }
      }
    },
    {
      "RequestUri": "https://endpointlanguage/analyze-text/jobs/86287f4f-8a10-4e7d-a4ee-b2e29013b414?api-version=2023-04-01",
      "RequestMethod": "GET",
      "RequestHeaders": {
        "Accept": "application/json",
        "Accept-Encoding": "gzip, deflate, br, zstd",
        "Connection": "keep-alive",
        "ocp-apim-subscription-key": "Sanitized",
        "Referer": "http://localhost:63315/",
        "sec-ch-ua": "\"Chromium\";v=\"134\", \"Not:A-Brand\";v=\"24\", \"HeadlessChrome\";v=\"134\"",
        "sec-ch-ua-mobile": "?0",
        "sec-ch-ua-platform": "\"Linux\"",
        "Sec-Fetch-Dest": "empty",
        "Sec-Fetch-Mode": "cors",
        "Sec-Fetch-Site": "same-site",
        "User-Agent": "Mozilla/5.0 (X11; Linux x86_64) AppleWebKit/537.36 (KHTML, like Gecko) HeadlessChrome/134.0.6998.35 Safari/537.36",
        "x-ms-client-request-id": "Sanitized",
        "x-ms-useragent": "azsdk-js-ai-language-text/1.1.0 core-rest-pipeline/1.19.2 Chromium/134 OS/x86-Linux-5.15.167"
      },
      "RequestBody": null,
      "StatusCode": 200,
      "ResponseHeaders": {
        "apim-request-id": "561e43b1-9eef-4052-a801-9f0c5dff01bf",
        "Content-Length": "280",
        "Content-Type": "application/json; charset=utf-8",
        "Date": "Tue, 25 Mar 2025 23:54:14 GMT",
        "Strict-Transport-Security": "max-age=31536000; includeSubDomains; preload",
        "X-Content-Type-Options": "nosniff",
        "x-envoy-upstream-service-time": "6",
        "x-ms-region": "West US 2"
      },
      "ResponseBody": {
        "jobId": "86287f4f-8a10-4e7d-a4ee-b2e29013b414",
        "lastUpdatedDateTime": "2025-03-25T23:54:13Z",
        "createdDateTime": "2025-03-25T23:54:11Z",
        "expirationDateTime": "2025-03-26T23:54:11Z",
        "status": "running",
        "errors": [],
        "tasks": {
          "completed": 0,
          "failed": 0,
          "inProgress": 1,
          "total": 1,
          "items": []
        }
      }
    },
    {
      "RequestUri": "https://endpointlanguage/analyze-text/jobs/86287f4f-8a10-4e7d-a4ee-b2e29013b414?api-version=2023-04-01",
      "RequestMethod": "GET",
      "RequestHeaders": {
        "Accept": "application/json",
        "Accept-Encoding": "gzip, deflate, br, zstd",
        "Connection": "keep-alive",
        "ocp-apim-subscription-key": "Sanitized",
        "Referer": "http://localhost:63315/",
        "sec-ch-ua": "\"Chromium\";v=\"134\", \"Not:A-Brand\";v=\"24\", \"HeadlessChrome\";v=\"134\"",
        "sec-ch-ua-mobile": "?0",
        "sec-ch-ua-platform": "\"Linux\"",
        "Sec-Fetch-Dest": "empty",
        "Sec-Fetch-Mode": "cors",
        "Sec-Fetch-Site": "same-site",
        "User-Agent": "Mozilla/5.0 (X11; Linux x86_64) AppleWebKit/537.36 (KHTML, like Gecko) HeadlessChrome/134.0.6998.35 Safari/537.36",
        "x-ms-client-request-id": "Sanitized",
        "x-ms-useragent": "azsdk-js-ai-language-text/1.1.0 core-rest-pipeline/1.19.2 Chromium/134 OS/x86-Linux-5.15.167"
      },
      "RequestBody": null,
      "StatusCode": 200,
      "ResponseHeaders": {
        "apim-request-id": "cc12b9a9-6029-4f50-95ec-bfe346a26d9d",
        "Content-Length": "280",
        "Content-Type": "application/json; charset=utf-8",
        "Date": "Tue, 25 Mar 2025 23:54:14 GMT",
        "Strict-Transport-Security": "max-age=31536000; includeSubDomains; preload",
        "X-Content-Type-Options": "nosniff",
        "x-envoy-upstream-service-time": "6",
        "x-ms-region": "West US 2"
      },
      "ResponseBody": {
        "jobId": "86287f4f-8a10-4e7d-a4ee-b2e29013b414",
        "lastUpdatedDateTime": "2025-03-25T23:54:14Z",
        "createdDateTime": "2025-03-25T23:54:11Z",
        "expirationDateTime": "2025-03-26T23:54:11Z",
        "status": "running",
        "errors": [],
        "tasks": {
          "completed": 0,
          "failed": 0,
          "inProgress": 1,
          "total": 1,
          "items": []
        }
      }
    },
    {
      "RequestUri": "https://endpointlanguage/analyze-text/jobs/86287f4f-8a10-4e7d-a4ee-b2e29013b414?api-version=2023-04-01",
      "RequestMethod": "GET",
      "RequestHeaders": {
        "Accept": "application/json",
        "Accept-Encoding": "gzip, deflate, br, zstd",
        "Connection": "keep-alive",
        "ocp-apim-subscription-key": "Sanitized",
        "Referer": "http://localhost:63315/",
        "sec-ch-ua": "\"Chromium\";v=\"134\", \"Not:A-Brand\";v=\"24\", \"HeadlessChrome\";v=\"134\"",
        "sec-ch-ua-mobile": "?0",
        "sec-ch-ua-platform": "\"Linux\"",
        "Sec-Fetch-Dest": "empty",
        "Sec-Fetch-Mode": "cors",
        "Sec-Fetch-Site": "same-site",
        "User-Agent": "Mozilla/5.0 (X11; Linux x86_64) AppleWebKit/537.36 (KHTML, like Gecko) HeadlessChrome/134.0.6998.35 Safari/537.36",
        "x-ms-client-request-id": "Sanitized",
        "x-ms-useragent": "azsdk-js-ai-language-text/1.1.0 core-rest-pipeline/1.19.2 Chromium/134 OS/x86-Linux-5.15.167"
      },
      "RequestBody": null,
      "StatusCode": 200,
      "ResponseHeaders": {
        "apim-request-id": "ce78273a-1dd1-4f5f-ae55-0631043fa7f0",
        "Content-Length": "607",
        "Content-Type": "application/json; charset=utf-8",
        "Date": "Tue, 25 Mar 2025 23:54:14 GMT",
        "Strict-Transport-Security": "max-age=31536000; includeSubDomains; preload",
        "X-Content-Type-Options": "nosniff",
        "x-envoy-upstream-service-time": "17",
        "x-ms-region": "West US 2"
      },
      "ResponseBody": {
        "jobId": "86287f4f-8a10-4e7d-a4ee-b2e29013b414",
        "lastUpdatedDateTime": "2025-03-25T23:54:14Z",
        "createdDateTime": "2025-03-25T23:54:11Z",
        "expirationDateTime": "2025-03-26T23:54:11Z",
        "status": "succeeded",
        "errors": [],
        "tasks": {
          "completed": 1,
          "failed": 0,
          "inProgress": 0,
          "total": 1,
          "items": [
            {
              "kind": "CustomSingleLabelClassificationLROResults",
              "lastUpdateDateTime": "2025-03-25T23:54:14.6503438Z",
              "status": "succeeded",
              "results": {
                "documents": [
                  {
                    "id": "0",
                    "class": [
                      {
                        "category": "Civil_engineering",
                        "confidenceScore": 0.17
                      }
                    ],
                    "warnings": []
                  }
                ],
                "errors": [],
                "projectName": "Sanitized",
                "deploymentName": "Sanitized"
              }
            }
          ]
        }
      }
    },
    {
      "RequestUri": "https://endpointlanguage/analyze-text/jobs/86287f4f-8a10-4e7d-a4ee-b2e29013b414?api-version=2023-04-01",
      "RequestMethod": "GET",
      "RequestHeaders": {
        "Accept": "application/json",
        "Accept-Encoding": "gzip, deflate, br, zstd",
        "Connection": "keep-alive",
        "ocp-apim-subscription-key": "Sanitized",
        "Referer": "http://localhost:63315/",
        "sec-ch-ua": "\"Chromium\";v=\"134\", \"Not:A-Brand\";v=\"24\", \"HeadlessChrome\";v=\"134\"",
        "sec-ch-ua-mobile": "?0",
        "sec-ch-ua-platform": "\"Linux\"",
        "Sec-Fetch-Dest": "empty",
        "Sec-Fetch-Mode": "cors",
        "Sec-Fetch-Site": "same-site",
        "User-Agent": "Mozilla/5.0 (X11; Linux x86_64) AppleWebKit/537.36 (KHTML, like Gecko) HeadlessChrome/134.0.6998.35 Safari/537.36",
        "x-ms-client-request-id": "Sanitized",
        "x-ms-useragent": "azsdk-js-ai-language-text/1.1.0 core-rest-pipeline/1.19.2 Chromium/134 OS/x86-Linux-5.15.167"
      },
      "RequestBody": null,
      "StatusCode": 200,
      "ResponseHeaders": {
        "apim-request-id": "b2f6e0a0-02ca-4ccc-bbdf-a69247a504ed",
        "Content-Length": "607",
        "Content-Type": "application/json; charset=utf-8",
        "Date": "Tue, 25 Mar 2025 23:54:14 GMT",
        "Strict-Transport-Security": "max-age=31536000; includeSubDomains; preload",
        "X-Content-Type-Options": "nosniff",
        "x-envoy-upstream-service-time": "14",
        "x-ms-region": "West US 2"
      },
      "ResponseBody": {
        "jobId": "86287f4f-8a10-4e7d-a4ee-b2e29013b414",
        "lastUpdatedDateTime": "2025-03-25T23:54:14Z",
        "createdDateTime": "2025-03-25T23:54:11Z",
        "expirationDateTime": "2025-03-26T23:54:11Z",
        "status": "succeeded",
        "errors": [],
        "tasks": {
          "completed": 1,
          "failed": 0,
          "inProgress": 0,
          "total": 1,
          "items": [
            {
              "kind": "CustomSingleLabelClassificationLROResults",
              "lastUpdateDateTime": "2025-03-25T23:54:14.6503438Z",
              "status": "succeeded",
              "results": {
                "documents": [
                  {
                    "id": "0",
                    "class": [
                      {
                        "category": "Civil_engineering",
                        "confidenceScore": 0.17
                      }
                    ],
                    "warnings": []
                  }
                ],
                "errors": [],
                "projectName": "Sanitized",
                "deploymentName": "Sanitized"
              }
            }
          ]
        }
      }
    }
  ],
  "Variables": {}
}
