{
  "Entries": [
    {
      "RequestUri": "https://ambertestcanary.cognitiveservices.azure.com/language/analyze-conversations/jobs?api-version=2025-05-15-preview",
      "RequestMethod": "POST",
      "RequestHeaders": {
        "Accept": "application/json",
        "Content-Length": "508",
        "Content-Type": "application/json",
        "Ocp-Apim-Subscription-Key": "Sanitized",
        "traceparent": "00-b647b099dd5cf203e7ad670c4103c663-c711986a0e09c895-00",
        "User-Agent": "azsdk-net-AI.Language.Conversations/2.0.0-alpha.20250515.1 (.NET 9.0.5; Microsoft Windows 10.0.26100)",
        "x-ms-client-request-id": "Sanitized",
        "x-ms-return-client-request-id": "true"
      },
      "RequestBody": {
        "analysisInput": {
          "conversations": [
            {
              "id": "1",
              "language": "en",
              "modality": "text",
              "conversationItems": [
                {
                  "id": "1",
                  "participantId": "Agent_1",
                  "text": "Can you provide your name?"
                },
                {
                  "id": "2",
                  "participantId": "Customer_1",
                  "text": "Hi, my name is John Doe."
                },
                {
                  "id": "3",
                  "participantId": "Agent_1",
                  "text": "Thank you John, that has been updated in our system."
                }
              ]
            }
          ]
        },
        "tasks": [
          {
            "taskName": "Conversation PII with Entity Mask Policy",
            "kind": "ConversationalPIITask",
            "parameters": {
              "redactionPolicy": {
                "policyKind": "entityMask"
              }
            }
          }
        ]
      },
      "StatusCode": 202,
      "ResponseHeaders": {
        "apim-request-id": "c30d26f8-7a43-4974-b42a-a7ae8c55cc4e",
        "Content-Length": "0",
        "Date": "Thu, 15 May 2025 18:18:39 GMT",
        "operation-location": "https://ambertestcanary.cognitiveservices.azure.com/language/analyze-conversations/jobs/f906461b-b9d0-4b7c-a61b-1e973acc6e41?api-version=2025-05-15-preview",
        "Server": "istio-envoy",
        "Strict-Transport-Security": "max-age=31536000; includeSubDomains; preload",
        "X-Content-Type-Options": "nosniff",
        "x-envoy-upstream-service-time": "164",
        "x-ms-region": "Central US EUAP"
      },
      "ResponseBody": null
    },
    {
      "RequestUri": "https://ambertestcanary.cognitiveservices.azure.com/language/analyze-conversations/jobs/f906461b-b9d0-4b7c-a61b-1e973acc6e41?api-version=2025-05-15-preview",
      "RequestMethod": "GET",
      "RequestHeaders": {
        "Ocp-Apim-Subscription-Key": "Sanitized",
        "traceparent": "00-b647b099dd5cf203e7ad670c4103c663-2711ba089f4e8182-00",
        "User-Agent": "azsdk-net-AI.Language.Conversations/2.0.0-alpha.20250515.1 (.NET 9.0.5; Microsoft Windows 10.0.26100)",
        "x-ms-client-request-id": "Sanitized",
        "x-ms-return-client-request-id": "true"
      },
      "RequestBody": null,
      "StatusCode": 200,
      "ResponseHeaders": {
        "apim-request-id": "3beda7be-2dc1-4cd9-a612-7da426bc44a8",
        "Content-Length": "283",
        "Content-Type": "application/json; charset=utf-8",
        "Date": "Thu, 15 May 2025 18:18:39 GMT",
        "Server": "istio-envoy",
        "Strict-Transport-Security": "max-age=31536000; includeSubDomains; preload",
        "X-Content-Type-Options": "nosniff",
        "x-envoy-upstream-service-time": "7",
        "x-ms-region": "Central US EUAP"
      },
      "ResponseBody": {
        "jobId": "f906461b-b9d0-4b7c-a61b-1e973acc6e41",
        "lastUpdatedDateTime": "2025-05-15T18:18:40Z",
        "createdDateTime": "2025-05-15T18:18:40Z",
        "expirationDateTime": "2025-05-16T18:18:40Z",
        "status": "notStarted",
        "errors": [],
        "tasks": {
          "completed": 0,
          "failed": 0,
          "inProgress": 1,
          "total": 1,
          "items": []
        }
      }
    },
    {
      "RequestUri": "https://ambertestcanary.cognitiveservices.azure.com/language/analyze-conversations/jobs/f906461b-b9d0-4b7c-a61b-1e973acc6e41?api-version=2025-05-15-preview",
      "RequestMethod": "GET",
      "RequestHeaders": {
        "Ocp-Apim-Subscription-Key": "Sanitized",
        "traceparent": "00-b647b099dd5cf203e7ad670c4103c663-7a8ce10028fbe0f2-00",
        "User-Agent": "azsdk-net-AI.Language.Conversations/2.0.0-alpha.20250515.1 (.NET 9.0.5; Microsoft Windows 10.0.26100)",
        "x-ms-client-request-id": "Sanitized",
        "x-ms-return-client-request-id": "true"
      },
      "RequestBody": null,
      "StatusCode": 200,
      "ResponseHeaders": {
        "apim-request-id": "49be9d21-b996-437f-8893-bf6a7b74dde1",
        "Content-Length": "283",
        "Content-Type": "application/json; charset=utf-8",
        "Date": "Thu, 15 May 2025 18:18:41 GMT",
        "Server": "istio-envoy",
        "Strict-Transport-Security": "max-age=31536000; includeSubDomains; preload",
        "X-Content-Type-Options": "nosniff",
        "x-envoy-upstream-service-time": "8",
        "x-ms-region": "Central US EUAP"
      },
      "ResponseBody": {
        "jobId": "f906461b-b9d0-4b7c-a61b-1e973acc6e41",
        "lastUpdatedDateTime": "2025-05-15T18:18:40Z",
        "createdDateTime": "2025-05-15T18:18:40Z",
        "expirationDateTime": "2025-05-16T18:18:40Z",
        "status": "notStarted",
        "errors": [],
        "tasks": {
          "completed": 0,
          "failed": 0,
          "inProgress": 1,
          "total": 1,
          "items": []
        }
      }
    },
    {
      "RequestUri": "https://ambertestcanary.cognitiveservices.azure.com/language/analyze-conversations/jobs/f906461b-b9d0-4b7c-a61b-1e973acc6e41?api-version=2025-05-15-preview",
      "RequestMethod": "GET",
      "RequestHeaders": {
        "Ocp-Apim-Subscription-Key": "Sanitized",
        "traceparent": "00-b647b099dd5cf203e7ad670c4103c663-3ff4c48329c5a07d-00",
        "User-Agent": "azsdk-net-AI.Language.Conversations/2.0.0-alpha.20250515.1 (.NET 9.0.5; Microsoft Windows 10.0.26100)",
        "x-ms-client-request-id": "Sanitized",
        "x-ms-return-client-request-id": "true"
      },
      "RequestBody": null,
      "StatusCode": 200,
      "ResponseHeaders": {
        "apim-request-id": "d2b40c9f-2780-4287-9030-c0af586e7d8c",
        "Content-Length": "1106",
        "Content-Type": "application/json; charset=utf-8",
        "Date": "Thu, 15 May 2025 18:18:42 GMT",
        "Server": "istio-envoy",
        "Strict-Transport-Security": "max-age=31536000; includeSubDomains; preload",
        "X-Content-Type-Options": "nosniff",
        "x-envoy-upstream-service-time": "18",
        "x-ms-region": "Central US EUAP"
      },
      "ResponseBody": {
        "jobId": "f906461b-b9d0-4b7c-a61b-1e973acc6e41",
        "lastUpdatedDateTime": "2025-05-15T18:18:42Z",
        "createdDateTime": "2025-05-15T18:18:40Z",
        "expirationDateTime": "2025-05-16T18:18:40Z",
        "status": "succeeded",
        "errors": [],
        "tasks": {
          "completed": 1,
          "failed": 0,
          "inProgress": 0,
          "total": 1,
          "items": [
            {
              "kind": "conversationalPIIResults",
              "taskName": "Conversation PII with Entity Mask Policy",
              "lastUpdateDateTime": "2025-05-15T18:18:42.1108124Z",
              "status": "succeeded",
              "results": {
                "conversations": [
                  {
                    "id": "1",
                    "conversationItems": [
                      {
                        "id": "1",
                        "redactedContent": {
                          "text": "Can you provide your name?"
                        },
                        "entities": []
                      },
                      {
                        "id": "2",
                        "redactedContent": {
                          "text": "Hi, my name is [PERSON-1]."
                        },
                        "entities": [
                          {
                            "text": "John Doe",
                            "category": "Person",
                            "offset": 15,
                            "length": 8,
                            "mask": "[PERSON-1]",
                            "maskOffset": 15,
                            "maskLength": 10,
                            "confidenceScore": 0.89
                          }
                        ]
                      },
                      {
                        "id": "3",
                        "redactedContent": {
                          "text": "Thank you [PERSON-2], that has been updated in our system."
                        },
                        "entities": [
                          {
                            "text": "John",
                            "category": "Person",
                            "offset": 10,
                            "length": 4,
                            "mask": "[PERSON-2]",
                            "maskOffset": 10,
                            "maskLength": 10,
                            "confidenceScore": 0.95
                          }
                        ]
                      }
                    ],
                    "warnings": []
                  }
                ],
                "errors": [],
                "modelVersion": "2025-02-01"
              }
            }
          ]
        }
      }
    }
  ],
  "Variables": {
    "CONVERSATIONS_ENDPOINT": "https://ambertestcanary.cognitiveservices.azure.com/",
    "CONVERSATIONS_KEY": "Sanitized",
    "RandomSeed": "435776939"
  }
}
