{
  "Entries": [
    {
      "RequestUri": "https://bidishac-scus.cognitiveservices.azure.com/language/analyze-conversations/jobs?api-version=2025-05-15-preview",
      "RequestMethod": "POST",
      "RequestHeaders": {
        "Content-Length": "645",
        "Content-Type": "application/json",
        "Ocp-Apim-Subscription-Key": "Sanitized",
        "traceparent": "00-1568a53d6aec2616622e23f72d23ef48-f9e4b20af4732d8c-00",
        "User-Agent": "azsdk-net-AI.Language.Conversations/2.0.0-alpha.20250509.1 (.NET 9.0.4; Microsoft Windows 10.0.26100)",
        "x-ms-client-request-id": "Sanitized",
        "x-ms-return-client-request-id": "true"
      },
      "RequestBody": {
        "analysisInput": {
          "conversations": [
            {
              "id": "1",
              "language": "en",
              "modality": "text",
              "conversationItems": [
                {
                  "id": "1",
                  "participantId": "Agent",
                  "text": "Hello, how can I help you?"
                },
                {
                  "id": "2",
                  "participantId": "Customer",
                  "text": "How to upgrade Office? I am getting error messages the whole day."
                },
                {
                  "id": "3",
                  "participantId": "Agent",
                  "text": "Press the upgrade button please. Then sign in and follow the instructions."
                }
              ]
            }
          ]
        },
        "tasks": [
          {
            "taskName": "Issue task",
            "kind": "ConversationalSummarizationTask",
            "parameters": {
              "summaryAspects": [
                "issue"
              ]
            }
          },
          {
            "taskName": "Resolution task",
            "kind": "ConversationalSummarizationTask",
            "parameters": {
              "summaryAspects": [
                "resolution"
              ]
            }
          }
        ]
      },
      "StatusCode": 202,
      "ResponseHeaders": {
        "apim-request-id": "a144dbca-40e5-43a9-80cd-9b530db57fef",
        "Content-Length": "0",
        "Date": "Fri, 09 May 2025 18:28:45 GMT",
        "operation-location": "https://bidishac-scus.cognitiveservices.azure.com/language/analyze-conversations/jobs/199892c5-ad27-49f2-9a0a-a657c48dcd91?api-version=2025-05-15-preview",
        "Strict-Transport-Security": "max-age=31536000; includeSubDomains; preload",
        "X-Content-Type-Options": "nosniff",
        "x-envoy-upstream-service-time": "344",
        "x-ms-region": "South Central US"
      },
      "ResponseBody": null
    },
    {
      "RequestUri": "https://bidishac-scus.cognitiveservices.azure.com/language/analyze-conversations/jobs/199892c5-ad27-49f2-9a0a-a657c48dcd91?api-version=2025-05-15-preview",
      "RequestMethod": "GET",
      "RequestHeaders": {
        "Ocp-Apim-Subscription-Key": "Sanitized",
        "traceparent": "00-1568a53d6aec2616622e23f72d23ef48-27b52045b18207e0-00",
        "User-Agent": "azsdk-net-AI.Language.Conversations/2.0.0-alpha.20250509.1 (.NET 9.0.4; Microsoft Windows 10.0.26100)",
        "x-ms-client-request-id": "Sanitized",
        "x-ms-return-client-request-id": "true"
      },
      "RequestBody": null,
      "StatusCode": 200,
      "ResponseHeaders": {
        "apim-request-id": "5dac02fa-0a92-4ef2-816b-ba1841bccb6c",
        "Content-Length": "283",
        "Content-Type": "application/json; charset=utf-8",
        "Date": "Fri, 09 May 2025 18:28:45 GMT",
        "Strict-Transport-Security": "max-age=31536000; includeSubDomains; preload",
        "X-Content-Type-Options": "nosniff",
        "x-envoy-upstream-service-time": "9",
        "x-ms-region": "South Central US"
      },
      "ResponseBody": {
        "jobId": "199892c5-ad27-49f2-9a0a-a657c48dcd91",
        "lastUpdatedDateTime": "2025-05-09T18:28:45Z",
        "createdDateTime": "2025-05-09T18:28:45Z",
        "expirationDateTime": "2025-05-10T18:28:45Z",
        "status": "notStarted",
        "errors": [],
        "tasks": {
          "completed": 0,
          "failed": 0,
          "inProgress": 2,
          "total": 2,
          "items": []
        }
      }
    },
    {
      "RequestUri": "https://bidishac-scus.cognitiveservices.azure.com/language/analyze-conversations/jobs/199892c5-ad27-49f2-9a0a-a657c48dcd91?api-version=2025-05-15-preview",
      "RequestMethod": "GET",
      "RequestHeaders": {
        "Ocp-Apim-Subscription-Key": "Sanitized",
        "traceparent": "00-1568a53d6aec2616622e23f72d23ef48-0f81d15e85eb813e-00",
        "User-Agent": "azsdk-net-AI.Language.Conversations/2.0.0-alpha.20250509.1 (.NET 9.0.4; Microsoft Windows 10.0.26100)",
        "x-ms-client-request-id": "Sanitized",
        "x-ms-return-client-request-id": "true"
      },
      "RequestBody": null,
      "StatusCode": 200,
      "ResponseHeaders": {
        "apim-request-id": "32feccdb-1d6f-43b3-b183-ae58bcbef05a",
        "Content-Length": "280",
        "Content-Type": "application/json; charset=utf-8",
        "Date": "Fri, 09 May 2025 18:28:46 GMT",
        "Strict-Transport-Security": "max-age=31536000; includeSubDomains; preload",
        "X-Content-Type-Options": "nosniff",
        "x-envoy-upstream-service-time": "7",
        "x-ms-region": "South Central US"
      },
      "ResponseBody": {
        "jobId": "199892c5-ad27-49f2-9a0a-a657c48dcd91",
        "lastUpdatedDateTime": "2025-05-09T18:28:46Z",
        "createdDateTime": "2025-05-09T18:28:45Z",
        "expirationDateTime": "2025-05-10T18:28:45Z",
        "status": "running",
        "errors": [],
        "tasks": {
          "completed": 0,
          "failed": 0,
          "inProgress": 2,
          "total": 2,
          "items": []
        }
      }
    },
    {
      "RequestUri": "https://bidishac-scus.cognitiveservices.azure.com/language/analyze-conversations/jobs/199892c5-ad27-49f2-9a0a-a657c48dcd91?api-version=2025-05-15-preview",
      "RequestMethod": "GET",
      "RequestHeaders": {
        "Ocp-Apim-Subscription-Key": "Sanitized",
        "traceparent": "00-1568a53d6aec2616622e23f72d23ef48-5bb766ea463b4a71-00",
        "User-Agent": "azsdk-net-AI.Language.Conversations/2.0.0-alpha.20250509.1 (.NET 9.0.4; Microsoft Windows 10.0.26100)",
        "x-ms-client-request-id": "Sanitized",
        "x-ms-return-client-request-id": "true"
      },
      "RequestBody": null,
      "StatusCode": 200,
      "ResponseHeaders": {
        "apim-request-id": "81427b9b-2706-4b32-9848-97058be4fd28",
        "Content-Length": "1000",
        "Content-Type": "application/json; charset=utf-8",
        "Date": "Fri, 09 May 2025 18:28:47 GMT",
        "Strict-Transport-Security": "max-age=31536000; includeSubDomains; preload",
        "X-Content-Type-Options": "nosniff",
        "x-envoy-upstream-service-time": "477",
        "x-ms-region": "South Central US"
      },
      "ResponseBody": {
        "jobId": "199892c5-ad27-49f2-9a0a-a657c48dcd91",
        "lastUpdatedDateTime": "2025-05-09T18:28:47Z",
        "createdDateTime": "2025-05-09T18:28:45Z",
        "expirationDateTime": "2025-05-10T18:28:45Z",
        "status": "succeeded",
        "errors": [],
        "tasks": {
          "completed": 2,
          "failed": 0,
          "inProgress": 0,
          "total": 2,
          "items": [
            {
              "kind": "conversationalSummarizationResults",
              "taskName": "Issue task",
              "lastUpdateDateTime": "2025-05-09T18:28:47.4123813Z",
              "status": "succeeded",
              "results": {
                "conversations": [
                  {
                    "summaries": [
                      {
                        "aspect": "issue",
                        "text": "Customer is experiencing error messages while upgrading Office."
                      }
                    ],
                    "id": "1",
                    "warnings": []
                  }
                ],
                "errors": [],
                "modelVersion": "latest"
              }
            },
            {
              "kind": "conversationalSummarizationResults",
              "taskName": "Resolution task",
              "lastUpdateDateTime": "2025-05-09T18:28:47.4691197Z",
              "status": "succeeded",
              "results": {
                "conversations": [
                  {
                    "summaries": [
                      {
                        "aspect": "resolution",
                        "text": "Agent instructed customer to press the upgrade button, sign in, and follow the instructions."
                      }
                    ],
                    "id": "1",
                    "warnings": []
                  }
                ],
                "errors": [],
                "modelVersion": "latest"
              }
            }
          ]
        }
      }
    }
  ],
  "Variables": {
    "CONVERSATIONS_ENDPOINT": "https://bidishac-scus.cognitiveservices.azure.com/",
    "CONVERSATIONS_KEY": "Sanitized",
    "RandomSeed": "768573940"
  }
}