{
  "Entries": [
    {
      "RequestUri": "https://seanhnscanada.blob.core.windows.net/test-filesystem-9b17dfab-133e-fabe-735f-04117a7b6a11?restype=container",
      "RequestMethod": "PUT",
      "RequestHeaders": {
        "Accept": "application/xml",
        "Authorization": "Sanitized",
        "Content-Length": "0",
        "traceparent": "00-1ea181f451457d6b0c923b521b88d6f9-d503ee41725312d8-00",
        "User-Agent": "azsdk-net-Storage.Files.DataLake/12.16.0-alpha.20230929.1 (.NET 6.0.22; Microsoft Windows 10.0.22621)",
        "x-ms-blob-public-access": "container",
        "x-ms-client-request-id": "37538667-c813-daea-e7fa-416e009bba57",
        "x-ms-date": "Fri, 29 Sep 2023 16:45:40 GMT",
        "x-ms-return-client-request-id": "true",
        "x-ms-version": "2023-08-03"
      },
      "RequestBody": null,
      "StatusCode": 201,
      "ResponseHeaders": {
        "Content-Length": "0",
        "Date": "Fri, 29 Sep 2023 16:45:39 GMT",
        "ETag": "\u00220x8DBC10B83F5E17A\u0022",
        "Last-Modified": "Fri, 29 Sep 2023 16:45:40 GMT",
        "Server": [
          "Windows-Azure-Blob/1.0",
          "Microsoft-HTTPAPI/2.0"
        ],
        "x-ms-client-request-id": "37538667-c813-daea-e7fa-416e009bba57",
        "x-ms-request-id": "790c30fc-701e-0039-23f4-f284ae000000",
        "x-ms-version": "2023-08-03"
      },
      "ResponseBody": null
    },
    {
      "RequestUri": "https://seanhnscanada.dfs.core.windows.net/test-filesystem-9b17dfab-133e-fabe-735f-04117a7b6a11/test-directory-55641067-9911-b3b0-70dd-05699a9758f8?resource=directory",
      "RequestMethod": "PUT",
      "RequestHeaders": {
        "Accept": "application/json",
        "Authorization": "Sanitized",
        "Content-Length": "0",
        "traceparent": "00-50340e0a7a0cd5f2feef69da51c00891-8a2394cc8ae1753f-00",
        "User-Agent": "azsdk-net-Storage.Files.DataLake/12.16.0-alpha.20230929.1 (.NET 6.0.22; Microsoft Windows 10.0.22621)",
        "x-ms-client-request-id": "90bf211a-c415-cd7e-d6a0-c636c2804050",
        "x-ms-date": "Fri, 29 Sep 2023 16:45:40 GMT",
        "x-ms-return-client-request-id": "true",
        "x-ms-version": "2023-08-03"
      },
      "RequestBody": null,
      "StatusCode": 201,
      "ResponseHeaders": {
        "Content-Length": "0",
        "Date": "Fri, 29 Sep 2023 16:45:40 GMT",
        "ETag": "\u00220x8DBC10B84029CDA\u0022",
        "Last-Modified": "Fri, 29 Sep 2023 16:45:40 GMT",
        "Server": [
          "Windows-Azure-HDFS/1.0",
          "Microsoft-HTTPAPI/2.0"
        ],
        "x-ms-client-request-id": "90bf211a-c415-cd7e-d6a0-c636c2804050",
        "x-ms-request-id": "3fb618b2-901f-006c-17f4-f29425000000",
        "x-ms-request-server-encrypted": "true",
        "x-ms-version": "2023-08-03"
      },
      "ResponseBody": null
    },
    {
      "RequestUri": "https://seanhnscanada.dfs.core.windows.net/test-filesystem-9b17dfab-133e-fabe-735f-04117a7b6a11/test-directory-55641067-9911-b3b0-70dd-05699a9758f8/test-file-8b2948a1-c6f1-342f-12f3-02b501cafc70?resource=file\u0026blobtype=appendblob",
      "RequestMethod": "PUT",
      "RequestHeaders": {
        "Accept": "application/json",
        "Authorization": "Sanitized",
        "Content-Length": "0",
        "traceparent": "00-af3d2d50d652720e5263b4474b85962b-029095e4cab4674d-00",
        "User-Agent": "azsdk-net-Storage.Files.DataLake/12.16.0-alpha.20230929.1 (.NET 6.0.22; Microsoft Windows 10.0.22621)",
        "x-ms-client-request-id": "6e44481b-aed6-5409-f18a-7e22c2c9cc0c",
        "x-ms-date": "Fri, 29 Sep 2023 16:45:40 GMT",
        "x-ms-return-client-request-id": "true",
        "x-ms-version": "2023-08-03"
      },
      "RequestBody": null,
      "StatusCode": 201,
      "ResponseHeaders": {
        "Content-Length": "0",
        "Date": "Fri, 29 Sep 2023 16:45:40 GMT",
        "ETag": "\u00220x8DBC10B840C65D0\u0022",
        "Last-Modified": "Fri, 29 Sep 2023 16:45:40 GMT",
        "Server": [
          "Windows-Azure-HDFS/1.0",
          "Microsoft-HTTPAPI/2.0"
        ],
        "x-ms-client-request-id": "6e44481b-aed6-5409-f18a-7e22c2c9cc0c",
        "x-ms-request-id": "3fb618c0-901f-006c-25f4-f29425000000",
        "x-ms-request-server-encrypted": "true",
        "x-ms-version": "2023-08-03"
      },
      "ResponseBody": null
    },
    {
      "RequestUri": "https://seanhnscanada.blob.core.windows.net/test-filesystem-9b17dfab-133e-fabe-735f-04117a7b6a11?restype=container",
      "RequestMethod": "DELETE",
      "RequestHeaders": {
        "Accept": "application/xml",
        "Authorization": "Sanitized",
        "traceparent": "00-4c3aca7f842f2e8a891108f8abba7df3-9072eff74b157f31-00",
        "User-Agent": "azsdk-net-Storage.Files.DataLake/12.16.0-alpha.20230929.1 (.NET 6.0.22; Microsoft Windows 10.0.22621)",
        "x-ms-client-request-id": "b89a2f45-8d85-f39a-02fa-874d49c0be2d",
        "x-ms-date": "Fri, 29 Sep 2023 16:45:40 GMT",
        "x-ms-return-client-request-id": "true",
        "x-ms-version": "2023-08-03"
      },
      "RequestBody": null,
      "StatusCode": 202,
      "ResponseHeaders": {
        "Content-Length": "0",
        "Date": "Fri, 29 Sep 2023 16:45:39 GMT",
        "Server": [
          "Windows-Azure-Blob/1.0",
          "Microsoft-HTTPAPI/2.0"
        ],
        "x-ms-client-request-id": "b89a2f45-8d85-f39a-02fa-874d49c0be2d",
        "x-ms-request-id": "790c31bd-701e-0039-55f4-f284ae000000",
        "x-ms-version": "2023-08-03"
      },
      "ResponseBody": null
    }
  ],
  "Variables": {
    "RandomSeed": "1470206500",
    "Storage_TestConfigHierarchicalNamespace": "NamespaceTenant\nseanhnscanada\nU2FuaXRpemVk\nhttps://seanhnscanada.blob.core.windows.net\nhttps://seanhnscanada.file.core.windows.net\nhttps://seanhnscanada.queue.core.windows.net\nhttps://seanhnscanada.table.core.windows.net\n\n\n\n\nhttps://seanhnscanada-secondary.blob.core.windows.net\nhttps://seanhnscanada-secondary.file.core.windows.net\nhttps://seanhnscanada-secondary.queue.core.windows.net\nhttps://seanhnscanada-secondary.table.core.windows.net\ne31670c5-d1a6-4b74-8c15-2d2393f3eb4f\nSanitized\n72f988bf-86f1-41af-91ab-2d7cd011db47\nhttps://login.microsoftonline.com/\nCloud\nBlobEndpoint=https://seanhnscanada.blob.core.windows.net/;QueueEndpoint=https://seanhnscanada.queue.core.windows.net/;FileEndpoint=https://seanhnscanada.file.core.windows.net/;BlobSecondaryEndpoint=https://seanhnscanada-secondary.blob.core.windows.net/;QueueSecondaryEndpoint=https://seanhnscanada-secondary.queue.core.windows.net/;FileSecondaryEndpoint=https://seanhnscanada-secondary.file.core.windows.net/;AccountName=seanhnscanada;AccountKey=Sanitized\n\nXClient\n"
  }
}
