{
  "Entries": [
    {
      "RequestUri": "https://seanhnscanada.blob.core.windows.net/test-filesystem-f5db58ee-498c-6b9e-1bb8-3d22e383e291?restype=container",
      "RequestMethod": "PUT",
      "RequestHeaders": {
        "Accept": "application/xml",
        "Authorization": "Sanitized",
        "Content-Length": "0",
        "traceparent": "00-36fd0c61c61ca8ebe95cbd10a0a4de97-0fb2c36945d6d73a-00",
        "User-Agent": "azsdk-net-Storage.Files.DataLake/12.22.0-alpha.20241218.1 (.NET 8.0.11; Microsoft Windows 10.0.26100)",
        "x-ms-client-request-id": "Sanitized",
        "x-ms-date": "Wed, 18 Dec 2024 20:16:39 GMT",
        "x-ms-return-client-request-id": "true",
        "x-ms-version": "2025-05-05"
      },
      "RequestBody": null,
      "StatusCode": 201,
      "ResponseHeaders": {
        "Content-Length": "0",
        "Date": "Wed, 18 Dec 2024 20:16:41 GMT",
        "ETag": "\"0x8DD1FA0E2F04714\"",
        "Last-Modified": "Wed, 18 Dec 2024 20:16:41 GMT",
        "Server": [
          "Windows-Azure-Blob/1.0",
          "Microsoft-HTTPAPI/2.0"
        ],
        "x-ms-client-request-id": "Sanitized",
        "x-ms-request-id": "ac4292bb-801e-0012-2f89-510462000000",
        "x-ms-version": "2025-05-05"
      },
      "ResponseBody": null
    },
    {
      "RequestUri": "https://seanhnscanada.dfs.core.windows.net/test-filesystem-f5db58ee-498c-6b9e-1bb8-3d22e383e291/test-directory-4fc489d0-abe5-7f34-9e5a-dfaec56c5d4d?resource=directory",
      "RequestMethod": "PUT",
      "RequestHeaders": {
        "Accept": "application/json",
        "Authorization": "Sanitized",
        "Content-Length": "0",
        "traceparent": "00-decfa952a99e355ee1c1c34a10c85088-f4140f604d77231c-00",
        "User-Agent": "azsdk-net-Storage.Files.DataLake/12.22.0-alpha.20241218.1 (.NET 8.0.11; Microsoft Windows 10.0.26100)",
        "x-ms-client-request-id": "Sanitized",
        "x-ms-date": "Wed, 18 Dec 2024 20:16:39 GMT",
        "x-ms-return-client-request-id": "true",
        "x-ms-version": "2025-05-05"
      },
      "RequestBody": null,
      "StatusCode": 201,
      "ResponseHeaders": {
        "Content-Length": "0",
        "Date": "Wed, 18 Dec 2024 20:16:41 GMT",
        "ETag": "\"0x8DD1FA0E2FC14E0\"",
        "Last-Modified": "Wed, 18 Dec 2024 20:16:41 GMT",
        "Server": [
          "Windows-Azure-HDFS/1.0",
          "Microsoft-HTTPAPI/2.0"
        ],
        "x-ms-client-request-id": "Sanitized",
        "x-ms-request-id": "7087c003-701f-0074-3789-514b42000000",
        "x-ms-request-server-encrypted": "true",
        "x-ms-version": "2025-05-05"
      },
      "ResponseBody": null
    },
    {
      "RequestUri": "https://seanhnscanada.dfs.core.windows.net/test-filesystem-f5db58ee-498c-6b9e-1bb8-3d22e383e291/test-directory-4fc489d0-abe5-7f34-9e5a-dfaec56c5d4d/test-file-8682f870-4153-4ddd-5a03-3144963c5564?resource=file&blobtype=appendblob",
      "RequestMethod": "PUT",
      "RequestHeaders": {
        "Accept": "application/json",
        "Authorization": "Sanitized",
        "Content-Length": "0",
        "traceparent": "00-93d481662d8bd48668fcce92fe7d25da-51c4581bfbf71ebd-00",
        "User-Agent": "azsdk-net-Storage.Files.DataLake/12.22.0-alpha.20241218.1 (.NET 8.0.11; Microsoft Windows 10.0.26100)",
        "x-ms-client-request-id": "Sanitized",
        "x-ms-date": "Wed, 18 Dec 2024 20:16:39 GMT",
        "x-ms-group": "cb3cb9a3-d809-9142-31c1-a752c0263dea",
        "x-ms-return-client-request-id": "true",
        "x-ms-version": "2025-05-05"
      },
      "RequestBody": null,
      "StatusCode": 201,
      "ResponseHeaders": {
        "Content-Length": "0",
        "Date": "Wed, 18 Dec 2024 20:16:41 GMT",
        "ETag": "\"0x8DD1FA0E304D588\"",
        "Last-Modified": "Wed, 18 Dec 2024 20:16:42 GMT",
        "Server": [
          "Windows-Azure-HDFS/1.0",
          "Microsoft-HTTPAPI/2.0"
        ],
        "x-ms-client-request-id": "Sanitized",
        "x-ms-request-id": "7087c00e-701f-0074-4289-514b42000000",
        "x-ms-request-server-encrypted": "true",
        "x-ms-version": "2025-05-05"
      },
      "ResponseBody": null
    },
    {
      "RequestUri": "https://seanhnscanada.dfs.core.windows.net/test-filesystem-f5db58ee-498c-6b9e-1bb8-3d22e383e291/test-directory-4fc489d0-abe5-7f34-9e5a-dfaec56c5d4d/test-file-8682f870-4153-4ddd-5a03-3144963c5564?action=getAccessControl",
      "RequestMethod": "HEAD",
      "RequestHeaders": {
        "Accept": "application/json",
        "Authorization": "Sanitized",
        "traceparent": "00-18b1ad1a27b0dbb5b4d588052eaff2f3-ec22777c1972b64f-00",
        "User-Agent": "azsdk-net-Storage.Files.DataLake/12.22.0-alpha.20241218.1 (.NET 8.0.11; Microsoft Windows 10.0.26100)",
        "x-ms-client-request-id": "Sanitized",
        "x-ms-date": "Wed, 18 Dec 2024 20:16:39 GMT",
        "x-ms-return-client-request-id": "true",
        "x-ms-version": "2025-05-05"
      },
      "RequestBody": null,
      "StatusCode": 200,
      "ResponseHeaders": {
        "Date": "Wed, 18 Dec 2024 20:16:41 GMT",
        "ETag": "\"0x8DD1FA0E304D588\"",
        "Last-Modified": "Wed, 18 Dec 2024 20:16:42 GMT",
        "Server": [
          "Windows-Azure-HDFS/1.0",
          "Microsoft-HTTPAPI/2.0"
        ],
        "x-ms-acl": "user::rw-,group::r--,other::---",
        "x-ms-client-request-id": "Sanitized",
        "x-ms-group": "cb3cb9a3-d809-9142-31c1-a752c0263dea",
        "x-ms-owner": "$superuser",
        "x-ms-permissions": "rw-r-----",
        "x-ms-request-id": "7087c01a-701f-0074-4d89-514b42000000",
        "x-ms-version": "2025-05-05"
      },
      "ResponseBody": null
    },
    {
      "RequestUri": "https://seanhnscanada.blob.core.windows.net/test-filesystem-f5db58ee-498c-6b9e-1bb8-3d22e383e291?restype=container",
      "RequestMethod": "DELETE",
      "RequestHeaders": {
        "Accept": "application/xml",
        "Authorization": "Sanitized",
        "traceparent": "00-904d6777f4bf16953bf0e9fc9470bc56-3c4695f676469976-00",
        "User-Agent": "azsdk-net-Storage.Files.DataLake/12.22.0-alpha.20241218.1 (.NET 8.0.11; Microsoft Windows 10.0.26100)",
        "x-ms-client-request-id": "Sanitized",
        "x-ms-date": "Wed, 18 Dec 2024 20:16:39 GMT",
        "x-ms-return-client-request-id": "true",
        "x-ms-version": "2025-05-05"
      },
      "RequestBody": null,
      "StatusCode": 202,
      "ResponseHeaders": {
        "Content-Length": "0",
        "Date": "Wed, 18 Dec 2024 20:16:41 GMT",
        "Server": [
          "Windows-Azure-Blob/1.0",
          "Microsoft-HTTPAPI/2.0"
        ],
        "x-ms-client-request-id": "Sanitized",
        "x-ms-request-id": "ac4293be-801e-0012-1c89-510462000000",
        "x-ms-version": "2025-05-05"
      },
      "ResponseBody": null
    }
  ],
  "Variables": {
    "RandomSeed": "1293334129",
    "Storage_TestConfigHierarchicalNamespace": "NamespaceTenant\nseanhnscanada\nU2FuaXRpemVk\nhttps://seanhnscanada.blob.core.windows.net\nhttps://seanhnscanada.file.core.windows.net\nhttps://seanhnscanada.queue.core.windows.net\nhttps://seanhnscanada.table.core.windows.net\n\n\n\n\nhttps://seanhnscanada-secondary.blob.core.windows.net\nhttps://seanhnscanada-secondary.file.core.windows.net\nhttps://seanhnscanada-secondary.queue.core.windows.net\nhttps://seanhnscanada-secondary.table.core.windows.net\nCloud\nBlobEndpoint=https://seanhnscanada.blob.core.windows.net/;QueueEndpoint=https://seanhnscanada.queue.core.windows.net/;FileEndpoint=https://seanhnscanada.file.core.windows.net/;BlobSecondaryEndpoint=https://seanhnscanada-secondary.blob.core.windows.net/;QueueSecondaryEndpoint=https://seanhnscanada-secondary.queue.core.windows.net/;FileSecondaryEndpoint=https://seanhnscanada-secondary.file.core.windows.net/;AccountName=seanhnscanada;AccountKey=U2FuaXRpemVk\nseanscope1\nXClient\n"
  }
}
