{
  "Entries": [
    {
      "RequestUri": "https://REDACTED/subscriptions/00000000-0000-0000-0000-000000000000/resourcegroups/javacsmrg182225cf?api-version=2022-09-01",
      "RequestMethod": "PUT",
      "RequestHeaders": {
        "Accept": "application/json",
        "Authorization": "Sanitized",
        "Content-Length": "21",
        "Content-Type": "application/json",
        "Date": "Thu, 20 Jul 2023 04:00:05 GMT",
        "User-Agent": "azsdk-java-com.azure.resourcemanager.resources/2.29.0-beta.1 (17.0.7; Windows 11; 10.0)",
        "x-ms-client-request-id": "443f7acd-e38e-453a-b145-f59dcabcd2ac",
        "x-ms-return-client-request-id": "true"
      },
      "RequestBody": {
        "location": "eastus"
      },
      "StatusCode": 201,
      "ResponseHeaders": {
        "Cache-Control": "no-cache",
        "Content-Length": "231",
        "Content-Type": "application/json; charset=utf-8",
        "Date": "Thu, 20 Jul 2023 04:00:07 GMT",
        "Expires": "-1",
        "Pragma": "no-cache",
        "Strict-Transport-Security": "max-age=31536000; includeSubDomains",
        "X-Content-Type-Options": "nosniff",
        "x-ms-correlation-request-id": "c7f30b6e-4b7a-4ee9-a4ab-43448e7322de",
        "x-ms-ratelimit-remaining-subscription-writes": "1199",
        "x-ms-request-id": "c7f30b6e-4b7a-4ee9-a4ab-43448e7322de",
        "x-ms-routing-request-id": "WESTUS2:20230720T040007Z:c7f30b6e-4b7a-4ee9-a4ab-43448e7322de"
      },
      "ResponseBody": {
        "id": "/subscriptions/ec0aa5f7-9e78-40c9-85cd-535c6305b380/resourceGroups/javacsmrg182225cf",
        "name": "javacsmrg182225cf",
        "type": "Microsoft.Resources/resourceGroups",
        "location": "eastus",
        "properties": {
          "provisioningState": "Succeeded"
        }
      }
    },
    {
      "RequestUri": "https://REDACTED/subscriptions/00000000-0000-0000-0000-000000000000/resourceGroups/javacsmrg182225cf/providers/Microsoft.Storage/storageAccounts/javafunc786536e97774?api-version=2022-09-01",
      "RequestMethod": "PUT",
      "RequestHeaders": {
        "Accept": "application/json",
        "Authorization": "Sanitized",
        "Content-Length": "264",
        "Content-Type": "application/json",
        "Date": "Thu, 20 Jul 2023 04:00:07 GMT",
        "User-Agent": "azsdk-java-com.azure.resourcemanager.storage/2.29.0-beta.1 (17.0.7; Windows 11; 10.0)",
        "x-ms-client-request-id": "5a1e671b-69d8-4765-a34a-eb5aa2a253f6",
        "x-ms-return-client-request-id": "true"
      },
      "RequestBody": {
        "sku": {
          "name": "Standard_LRS"
        },
        "kind": "StorageV2",
        "location": "eastus",
        "tags": {},
        "properties": {
          "encryption": {
            "services": {
              "blob": {
                "enabled": true
              },
              "file": {
                "enabled": true
              }
            },
            "keySource": "Microsoft.Storage"
          },
          "supportsHttpsTrafficOnly": true,
          "minimumTlsVersion": "TLS1_2"
        }
      },
      "StatusCode": 202,
      "ResponseHeaders": {
        "Cache-Control": "no-cache",
        "Content-Length": "0",
        "Content-Type": "text/plain; charset=utf-8",
        "Date": "Thu, 20 Jul 2023 04:00:10 GMT",
        "Expires": "-1",
        "Location": "https://management.azure.com/subscriptions/ec0aa5f7-9e78-40c9-85cd-535c6305b380/providers/Microsoft.Storage/locations/eastus/asyncoperations/b669e580-cfb8-4f19-ba1a-0f61b6151846?monitor=true\u0026api-version=2022-09-01",
        "Pragma": "no-cache",
        "Retry-After": "0",
        "Server": "Microsoft-Azure-Storage-Resource-Provider/1.0,Microsoft-HTTPAPI/2.0 Microsoft-HTTPAPI/2.0",
        "Strict-Transport-Security": "max-age=31536000; includeSubDomains",
        "X-Content-Type-Options": "nosniff",
        "x-ms-client-request-id": "5a1e671b-69d8-4765-a34a-eb5aa2a253f6",
        "x-ms-correlation-request-id": "0dc40a52-45ff-4207-84ec-d27d4dabfc86",
        "x-ms-ratelimit-remaining-subscription-writes": "1197",
        "x-ms-request-id": "b669e580-cfb8-4f19-ba1a-0f61b6151846",
        "x-ms-routing-request-id": "WESTUS2:20230720T040010Z:0dc40a52-45ff-4207-84ec-d27d4dabfc86"
      },
      "ResponseBody": null
    },
    {
      "RequestUri": "https://REDACTED/subscriptions/00000000-0000-0000-0000-000000000000/resourceGroups/javacsmrg182225cf/providers/Microsoft.Web/serverfarms/java-func-786536eplan66284868?api-version=2022-09-01",
      "RequestMethod": "PUT",
      "RequestHeaders": {
        "Accept": "application/json",
        "Authorization": "Sanitized",
        "Content-Length": "126",
        "Content-Type": "application/json",
        "Date": "Thu, 20 Jul 2023 04:00:07 GMT",
        "User-Agent": "azsdk-java-com.azure.resourcemanager.appservice/2.29.0-beta.1 (17.0.7; Windows 11; 10.0)",
        "x-ms-client-request-id": "e4936e15-fd0a-4a44-b327-9d3119e627bb",
        "x-ms-return-client-request-id": "true"
      },
      "RequestBody": {
        "location": "eastus",
        "tags": {},
        "properties": {
          "reserved": true
        },
        "sku": {
          "name": "Y1",
          "tier": "Dynamic",
          "size": "Y1"
        },
        "kind": "linux"
      },
      "StatusCode": 200,
      "ResponseHeaders": {
        "Cache-Control": "no-cache",
        "Content-Length": "1550",
        "Content-Type": "application/json",
        "Date": "Thu, 20 Jul 2023 04:00:22 GMT",
        "Expires": "-1",
        "Pragma": "no-cache",
        "Server": "Microsoft-IIS/10.0",
        "Strict-Transport-Security": "max-age=31536000; includeSubDomains",
        "X-AspNet-Version": "4.0.30319",
        "X-Content-Type-Options": "nosniff",
        "x-ms-correlation-request-id": "741958c7-a8d9-4e20-bab0-4aed4a9eb516",
        "x-ms-ratelimit-remaining-subscription-writes": "1198",
        "x-ms-request-id": "b74329af-5d06-46f6-94ba-eb71d088872a",
        "x-ms-routing-request-id": "WESTUS2:20230720T040022Z:741958c7-a8d9-4e20-bab0-4aed4a9eb516",
        "X-Powered-By": "ASP.NET"
      },
      "ResponseBody": {
        "id": "/subscriptions/ec0aa5f7-9e78-40c9-85cd-535c6305b380/resourceGroups/javacsmrg182225cf/providers/Microsoft.Web/serverfarms/java-func-786536eplan66284868",
        "name": "java-func-786536eplan66284868",
        "type": "Microsoft.Web/serverfarms",
        "kind": "functionapp",
        "location": "eastus",
        "tags": {},
        "properties": {
          "serverFarmId": 106260,
          "name": "java-func-786536eplan66284868",
          "sku": {
            "name": "Y1",
            "tier": "Dynamic",
            "size": "Y1",
            "family": "Y",
            "capacity": 0
          },
          "workerSize": "Default",
          "workerSizeId": 0,
          "workerTierName": null,
          "numberOfWorkers": 0,
          "currentWorkerSize": "Default",
          "currentWorkerSizeId": 0,
          "currentNumberOfWorkers": 0,
          "status": "Ready",
          "webSpace": "javacsmrg182225cf-EastUSwebspace-Linux",
          "subscription": "ec0aa5f7-9e78-40c9-85cd-535c6305b380",
          "adminSiteName": null,
          "hostingEnvironment": null,
          "hostingEnvironmentProfile": null,
          "maximumNumberOfWorkers": 0,
          "planName": "VirtualDedicatedPlan",
          "adminRuntimeSiteName": null,
          "computeMode": "Dynamic",
          "siteMode": null,
          "geoRegion": "East US",
          "perSiteScaling": false,
          "elasticScaleEnabled": false,
          "maximumElasticWorkerCount": 1,
          "numberOfSites": 0,
          "hostingEnvironmentId": null,
          "isSpot": false,
          "spotExpirationTime": null,
          "freeOfferExpirationTime": null,
          "tags": {},
          "kind": "functionapp",
          "resourceGroup": "javacsmrg182225cf",
          "reserved": true,
          "isXenon": false,
          "hyperV": false,
          "mdmId": "waws-prod-blu-247_106260",
          "targetWorkerCount": 0,
          "targetWorkerSizeId": 0,
          "provisioningState": "Succeeded",
          "webSiteId": null,
          "existingServerFarmIds": null,
          "kubeEnvironmentProfile": null,
          "zoneRedundant": false
        },
        "sku": {
          "name": "Y1",
          "tier": "Dynamic",
          "size": "Y1",
          "family": "Y",
          "capacity": 0
        }
      }
    },
    {
      "RequestUri": "https://REDACTED/subscriptions/00000000-0000-0000-0000-000000000000/providers/Microsoft.Storage/locations/eastus/asyncoperations/b669e580-cfb8-4f19-ba1a-0f61b6151846?monitor=true\u0026api-version=2022-09-01",
      "RequestMethod": "GET",
      "RequestHeaders": {
        "Accept": "application/json",
        "Authorization": "Sanitized",
        "Date": "Thu, 20 Jul 2023 04:00:27 GMT",
        "User-Agent": "azsdk-java-com.azure.resourcemanager.storage/2.29.0-beta.1 (17.0.7; Windows 11; 10.0)",
        "x-ms-client-request-id": "9d48b1a8-9d6a-4dc4-9248-dc2fc5964a0b",
        "x-ms-return-client-request-id": "true"
      },
      "RequestBody": null,
      "StatusCode": 200,
      "ResponseHeaders": {
        "Cache-Control": "no-cache",
        "Content-Length": "1455",
        "Content-Type": "application/json",
        "Date": "Thu, 20 Jul 2023 04:00:27 GMT",
        "Expires": "-1",
        "Pragma": "no-cache",
        "Server": "Microsoft-Azure-Storage-Resource-Provider/1.0,Microsoft-HTTPAPI/2.0 Microsoft-HTTPAPI/2.0",
        "Strict-Transport-Security": "max-age=31536000; includeSubDomains",
        "X-Content-Type-Options": "nosniff",
        "x-ms-client-request-id": "9d48b1a8-9d6a-4dc4-9248-dc2fc5964a0b",
        "x-ms-correlation-request-id": "083c0b34-57c3-41ac-9983-42d0039f8753",
        "x-ms-ratelimit-remaining-subscription-reads": "11999",
        "x-ms-request-id": "b419ec04-29ac-4fd9-9dda-bf0336d7f60a",
        "x-ms-routing-request-id": "WESTUS2:20230720T040027Z:083c0b34-57c3-41ac-9983-42d0039f8753"
      },
      "ResponseBody": {
        "sku": {
          "name": "Standard_LRS",
          "tier": "Standard"
        },
        "kind": "StorageV2",
        "id": "/subscriptions/ec0aa5f7-9e78-40c9-85cd-535c6305b380/resourceGroups/javacsmrg182225cf/providers/Microsoft.Storage/storageAccounts/javafunc786536e97774",
        "name": "javafunc786536e97774",
        "type": "Microsoft.Storage/storageAccounts",
        "location": "eastus",
        "tags": {},
        "properties": {
          "keyCreationTime": {
            "key1": "2023-07-20T04:00:08.5998361Z",
            "key2": "2023-07-20T04:00:08.5998361Z"
          },
          "privateEndpointConnections": [],
          "minimumTlsVersion": "TLS1_2",
          "allowBlobPublicAccess": true,
          "networkAcls": {
            "bypass": "AzureServices",
            "virtualNetworkRules": [],
            "ipRules": [],
            "defaultAction": "Allow"
          },
          "supportsHttpsTrafficOnly": true,
          "encryption": {
            "services": {
              "file": {
                "keyType": "Account",
                "enabled": true,
                "lastEnabledTime": "2023-07-20T04:00:08.6154638Z"
              },
              "blob": {
                "keyType": "Account",
                "enabled": true,
                "lastEnabledTime": "2023-07-20T04:00:08.6154638Z"
              }
            },
            "keySource": "Microsoft.Storage"
          },
          "accessTier": "Hot",
          "provisioningState": "Succeeded",
          "creationTime": "2023-07-20T04:00:08.4435974Z",
          "primaryEndpoints": {
            "dfs": "https://javafunc786536e97774.dfs.core.windows.net/",
            "web": "https://javafunc786536e97774.z13.web.core.windows.net/",
            "blob": "https://javafunc786536e97774.blob.core.windows.net/",
            "queue": "https://javafunc786536e97774.queue.core.windows.net/",
            "table": "https://javafunc786536e97774.table.core.windows.net/",
            "file": "https://javafunc786536e97774.file.core.windows.net/"
          },
          "primaryLocation": "eastus",
          "statusOfPrimary": "available"
        }
      }
    },
    {
      "RequestUri": "https://REDACTED/subscriptions/00000000-0000-0000-0000-000000000000/resourceGroups/javacsmrg182225cf/providers/Microsoft.Storage/storageAccounts/javafunc786536e97774?api-version=2022-09-01",
      "RequestMethod": "GET",
      "RequestHeaders": {
        "Accept": "application/json",
        "Authorization": "Sanitized",
        "Content-Length": "0",
        "Content-Type": "application/json",
        "Date": "Thu, 20 Jul 2023 04:00:27 GMT",
        "User-Agent": "azsdk-java-com.azure.resourcemanager.storage/2.29.0-beta.1 (17.0.7; Windows 11; 10.0)",
        "x-ms-client-request-id": "bd178278-66ff-410e-9aa8-c4f3c3e01a4c",
        "x-ms-return-client-request-id": "true"
      },
      "RequestBody": null,
      "StatusCode": 200,
      "ResponseHeaders": {
        "Cache-Control": "no-cache",
        "Content-Length": "1455",
        "Content-Type": "application/json",
        "Date": "Thu, 20 Jul 2023 04:00:27 GMT",
        "Expires": "-1",
        "Pragma": "no-cache",
        "Server": "Microsoft-Azure-Storage-Resource-Provider/1.0,Microsoft-HTTPAPI/2.0 Microsoft-HTTPAPI/2.0",
        "Strict-Transport-Security": "max-age=31536000; includeSubDomains",
        "X-Content-Type-Options": "nosniff",
        "x-ms-client-request-id": "bd178278-66ff-410e-9aa8-c4f3c3e01a4c",
        "x-ms-correlation-request-id": "79e7b3dc-af3b-4c13-91b6-3836395e4c92",
        "x-ms-ratelimit-remaining-subscription-reads": "11998",
        "x-ms-request-id": "9304a02b-4e51-42e1-b3d3-01ecac951bfa",
        "x-ms-routing-request-id": "WESTUS2:20230720T040028Z:79e7b3dc-af3b-4c13-91b6-3836395e4c92"
      },
      "ResponseBody": {
        "sku": {
          "name": "Standard_LRS",
          "tier": "Standard"
        },
        "kind": "StorageV2",
        "id": "/subscriptions/ec0aa5f7-9e78-40c9-85cd-535c6305b380/resourceGroups/javacsmrg182225cf/providers/Microsoft.Storage/storageAccounts/javafunc786536e97774",
        "name": "javafunc786536e97774",
        "type": "Microsoft.Storage/storageAccounts",
        "location": "eastus",
        "tags": {},
        "properties": {
          "keyCreationTime": {
            "key1": "2023-07-20T04:00:08.5998361Z",
            "key2": "2023-07-20T04:00:08.5998361Z"
          },
          "privateEndpointConnections": [],
          "minimumTlsVersion": "TLS1_2",
          "allowBlobPublicAccess": true,
          "networkAcls": {
            "bypass": "AzureServices",
            "virtualNetworkRules": [],
            "ipRules": [],
            "defaultAction": "Allow"
          },
          "supportsHttpsTrafficOnly": true,
          "encryption": {
            "services": {
              "file": {
                "keyType": "Account",
                "enabled": true,
                "lastEnabledTime": "2023-07-20T04:00:08.6154638Z"
              },
              "blob": {
                "keyType": "Account",
                "enabled": true,
                "lastEnabledTime": "2023-07-20T04:00:08.6154638Z"
              }
            },
            "keySource": "Microsoft.Storage"
          },
          "accessTier": "Hot",
          "provisioningState": "Succeeded",
          "creationTime": "2023-07-20T04:00:08.4435974Z",
          "primaryEndpoints": {
            "dfs": "https://javafunc786536e97774.dfs.core.windows.net/",
            "web": "https://javafunc786536e97774.z13.web.core.windows.net/",
            "blob": "https://javafunc786536e97774.blob.core.windows.net/",
            "queue": "https://javafunc786536e97774.queue.core.windows.net/",
            "table": "https://javafunc786536e97774.table.core.windows.net/",
            "file": "https://javafunc786536e97774.file.core.windows.net/"
          },
          "primaryLocation": "eastus",
          "statusOfPrimary": "available"
        }
      }
    },
    {
      "RequestUri": "https://REDACTED/subscriptions/00000000-0000-0000-0000-000000000000/resourceGroups/javacsmrg182225cf/providers/Microsoft.Web/sites/java-func-786536e?api-version=2022-09-01",
      "RequestMethod": "PUT",
      "RequestHeaders": {
        "Accept": "application/json",
        "Authorization": "Sanitized",
        "Content-Length": "290",
        "Content-Type": "application/json",
        "Date": "Thu, 20 Jul 2023 04:00:28 GMT",
        "User-Agent": "azsdk-java-com.azure.resourcemanager.appservice/2.29.0-beta.1 (17.0.7; Windows 11; 10.0)",
        "x-ms-client-request-id": "0ed48678-b58f-4c29-9e43-6b19504f9cdb",
        "x-ms-return-client-request-id": "true"
      },
      "RequestBody": {
        "location": "eastus",
        "tags": {},
        "properties": {
          "serverFarmId": "/subscriptions/ec0aa5f7-9e78-40c9-85cd-535c6305b380/resourcegroups/javacsmrg182225cf/providers/Microsoft.Web/serverFarms/java-func-786536eplan66284868",
          "reserved": true,
          "siteConfig": {},
          "httpsOnly": true
        },
        "kind": "functionapp,linux"
      },
      "StatusCode": 200,
      "ResponseHeaders": {
        "Cache-Control": "no-cache",
        "Content-Length": "6778",
        "Content-Type": "application/json",
        "Date": "Thu, 20 Jul 2023 04:00:48 GMT",
        "ETag": "\u00221D9BABEBA42CEB5\u0022",
        "Expires": "-1",
        "Pragma": "no-cache",
        "Server": "Microsoft-IIS/10.0",
        "Strict-Transport-Security": "max-age=31536000; includeSubDomains",
        "X-AspNet-Version": "4.0.30319",
        "X-Content-Type-Options": "nosniff",
        "x-ms-correlation-request-id": "9029d8f5-e130-49c3-9dec-06e3bd5a73ce",
        "x-ms-ratelimit-remaining-subscription-resource-requests": "499",
        "x-ms-request-id": "d6df43c1-5c9e-490a-87d2-70d0eca87abf",
        "x-ms-routing-request-id": "WESTUS2:20230720T040049Z:9029d8f5-e130-49c3-9dec-06e3bd5a73ce",
        "X-Powered-By": "ASP.NET"
      },
      "ResponseBody": {
        "id": "/subscriptions/ec0aa5f7-9e78-40c9-85cd-535c6305b380/resourceGroups/javacsmrg182225cf/providers/Microsoft.Web/sites/java-func-786536e",
        "name": "java-func-786536e",
        "type": "Microsoft.Web/sites",
        "kind": "functionapp,linux",
        "location": "eastus",
        "tags": {},
        "properties": {
          "name": "java-func-786536e",
          "state": "Running",
          "hostNames": [
            "java-func-786536e.azurewebsites.net"
          ],
          "webSpace": "javacsmrg182225cf-EastUSwebspace-Linux",
          "selfLink": "https://waws-prod-blu-247.api.azurewebsites.windows.net:454/subscriptions/ec0aa5f7-9e78-40c9-85cd-535c6305b380/webspaces/javacsmrg182225cf-EastUSwebspace-Linux/sites/java-func-786536e",
          "repositorySiteName": "java-func-786536e",
          "owner": null,
          "usageState": "Normal",
          "enabled": true,
          "adminEnabled": true,
          "enabledHostNames": [
            "java-func-786536e.azurewebsites.net",
            "java-func-786536e.scm.azurewebsites.net"
          ],
          "siteProperties": {
            "metadata": null,
            "properties": [
              {
                "name": "LinuxFxVersion",
                "value": ""
              },
              {
                "name": "WindowsFxVersion",
                "value": null
              }
            ],
            "appSettings": null
          },
          "availabilityState": "Normal",
          "sslCertificates": null,
          "csrs": [],
          "cers": null,
          "siteMode": null,
          "hostNameSslStates": [
            {
              "name": "java-func-786536e.azurewebsites.net",
              "sslState": "Disabled",
              "ipBasedSslResult": null,
              "virtualIP": null,
              "thumbprint": null,
              "certificateResourceId": null,
              "toUpdate": null,
              "toUpdateIpBasedSsl": null,
              "ipBasedSslState": "NotConfigured",
              "hostType": "Standard"
            },
            {
              "name": "java-func-786536e.scm.azurewebsites.net",
              "sslState": "Disabled",
              "ipBasedSslResult": null,
              "virtualIP": null,
              "thumbprint": null,
              "certificateResourceId": null,
              "toUpdate": null,
              "toUpdateIpBasedSsl": null,
              "ipBasedSslState": "NotConfigured",
              "hostType": "Repository"
            }
          ],
          "computeMode": null,
          "serverFarm": null,
          "serverFarmId": "/subscriptions/ec0aa5f7-9e78-40c9-85cd-535c6305b380/resourceGroups/javacsmrg182225cf/providers/Microsoft.Web/serverfarms/java-func-786536eplan66284868",
          "reserved": true,
          "isXenon": false,
          "hyperV": false,
          "lastModifiedTimeUtc": "2023-07-20T04:00:30.62",
          "storageRecoveryDefaultState": "Running",
          "contentAvailabilityState": "Normal",
          "runtimeAvailabilityState": "Normal",
          "dnsConfiguration": {},
          "vnetRouteAllEnabled": false,
          "containerAllocationSubnet": null,
          "useContainerLocalhostBindings": null,
          "vnetImagePullEnabled": false,
          "vnetContentShareEnabled": false,
          "siteConfig": {
            "numberOfWorkers": 1,
            "defaultDocuments": null,
            "netFrameworkVersion": null,
            "phpVersion": null,
            "pythonVersion": null,
            "nodeVersion": null,
            "powerShellVersion": null,
            "linuxFxVersion": "",
            "windowsFxVersion": null,
            "windowsConfiguredStacks": null,
            "requestTracingEnabled": null,
            "remoteDebuggingEnabled": null,
            "remoteDebuggingVersion": null,
            "httpLoggingEnabled": null,
            "azureMonitorLogCategories": null,
            "acrUseManagedIdentityCreds": false,
            "acrUserManagedIdentityID": null,
            "logsDirectorySizeLimit": null,
            "detailedErrorLoggingEnabled": null,
            "publishingUsername": null,
            "publishingPassword": null,
            "appSettings": null,
            "metadata": null,
            "connectionStrings": null,
            "machineKey": null,
            "handlerMappings": null,
            "documentRoot": null,
            "scmType": null,
            "use32BitWorkerProcess": null,
            "webSocketsEnabled": null,
            "alwaysOn": false,
            "javaVersion": null,
            "javaContainer": null,
            "javaContainerVersion": null,
            "appCommandLine": null,
            "managedPipelineMode": null,
            "virtualApplications": null,
            "winAuthAdminState": null,
            "winAuthTenantState": null,
            "customAppPoolIdentityAdminState": null,
            "customAppPoolIdentityTenantState": null,
            "runtimeADUser": null,
            "runtimeADUserPassword": null,
            "loadBalancing": null,
            "routingRules": null,
            "experiments": null,
            "limits": null,
            "autoHealEnabled": null,
            "autoHealRules": null,
            "tracingOptions": null,
            "vnetName": null,
            "vnetRouteAllEnabled": null,
            "vnetPrivatePortsCount": null,
            "publicNetworkAccess": null,
            "cors": null,
            "push": null,
            "apiDefinition": null,
            "apiManagementConfig": null,
            "autoSwapSlotName": null,
            "localMySqlEnabled": null,
            "managedServiceIdentityId": null,
            "xManagedServiceIdentityId": null,
            "keyVaultReferenceIdentity": null,
            "ipSecurityRestrictions": [
              {
                "ipAddress": "Any",
                "action": "Allow",
                "priority": 2147483647,
                "name": "Allow all",
                "description": "Allow all access"
              }
            ],
            "ipSecurityRestrictionsDefaultAction": null,
            "scmIpSecurityRestrictions": [
              {
                "ipAddress": "Any",
                "action": "Allow",
                "priority": 2147483647,
                "name": "Allow all",
                "description": "Allow all access"
              }
            ],
            "scmIpSecurityRestrictionsDefaultAction": null,
            "scmIpSecurityRestrictionsUseMain": null,
            "http20Enabled": false,
            "minTlsVersion": null,
            "minTlsCipherSuite": null,
            "supportedTlsCipherSuites": null,
            "scmMinTlsVersion": null,
            "ftpsState": null,
            "preWarmedInstanceCount": null,
            "functionAppScaleLimit": 0,
            "elasticWebAppScaleLimit": null,
            "healthCheckPath": null,
            "fileChangeAuditEnabled": null,
            "functionsRuntimeScaleMonitoringEnabled": null,
            "websiteTimeZone": null,
            "minimumElasticInstanceCount": 0,
            "azureStorageAccounts": null,
            "http20ProxyFlag": null,
            "sitePort": null,
            "antivirusScanEnabled": null,
            "storageType": null
          },
          "deploymentId": "java-func-786536e",
          "slotName": null,
          "trafficManagerHostNames": null,
          "sku": "Dynamic",
          "scmSiteAlsoStopped": false,
          "targetSwapSlot": null,
          "hostingEnvironment": null,
          "hostingEnvironmentProfile": null,
          "clientAffinityEnabled": false,
          "clientCertEnabled": false,
          "clientCertMode": "Required",
          "clientCertExclusionPaths": null,
          "hostNamesDisabled": false,
          "vnetBackupRestoreEnabled": false,
          "domainVerificationIdentifiers": null,
          "customDomainVerificationId": "0FFA32248F34E67BEAA6BC639753005F4F7BED4F59950F668037EEAB327F1054",
          "kind": "functionapp,linux",
          "managedEnvironmentId": null,
          "inboundIpAddress": "20.49.104.33",
          "possibleInboundIpAddresses": "20.49.104.33",
          "ftpUsername": "java-func-786536e\\$java-func-786536e",
          "ftpsHostName": "ftps://waws-prod-blu-247.ftp.azurewebsites.windows.net/site/wwwroot",
          "outboundIpAddresses": "20.62.228.68,20.62.228.134,20.62.228.178,20.62.229.164,20.62.229.242,20.62.230.48,20.49.104.33",
          "possibleOutboundIpAddresses": "20.62.228.68,20.62.228.134,20.62.228.178,20.62.229.164,20.62.229.242,20.62.230.48,20.62.230.62,20.62.230.171,20.62.230.192,20.62.230.253,20.62.225.4,52.146.84.26,20.62.231.67,20.62.231.92,20.62.231.94,20.62.231.132,20.62.231.139,20.62.227.12,20.62.246.157,20.62.246.176,20.62.247.15,20.62.247.189,20.75.128.69,20.75.128.96,20.49.104.33",
          "containerSize": 0,
          "dailyMemoryTimeQuota": 0,
          "suspendedTill": null,
          "siteDisabledReason": 0,
          "functionExecutionUnitsCache": null,
          "maxNumberOfWorkers": null,
          "homeStamp": "waws-prod-blu-247",
          "cloningInfo": null,
          "hostingEnvironmentId": null,
          "tags": {},
          "resourceGroup": "javacsmrg182225cf",
          "defaultHostName": "java-func-786536e.azurewebsites.net",
          "slotSwapStatus": null,
          "httpsOnly": true,
          "endToEndEncryptionEnabled": false,
          "redundancyMode": "None",
          "inProgressOperationId": null,
          "geoDistributions": null,
          "privateEndpointConnections": null,
          "publicNetworkAccess": null,
          "buildVersion": null,
          "targetBuildVersion": null,
          "migrationState": null,
          "eligibleLogCategories": "FunctionAppLogs",
          "inFlightFeatures": null,
          "storageAccountRequired": false,
          "virtualNetworkSubnetId": null,
          "keyVaultReferenceIdentity": "SystemAssigned",
          "defaultHostNameScope": "Global",
          "privateLinkIdentifiers": null
        }
      }
    },
    {
      "RequestUri": "https://REDACTED/subscriptions/00000000-0000-0000-0000-000000000000/resourceGroups/javacsmrg182225cf/providers/Microsoft.Web/sites/java-func-786536e/config/web?api-version=2022-09-01",
      "RequestMethod": "PUT",
      "RequestHeaders": {
        "Accept": "application/json",
        "Authorization": "Sanitized",
        "Content-Length": "60",
        "Content-Type": "application/json",
        "Date": "Thu, 20 Jul 2023 04:00:49 GMT",
        "User-Agent": "azsdk-java-com.azure.resourcemanager.appservice/2.29.0-beta.1 (17.0.7; Windows 11; 10.0)",
        "x-ms-client-request-id": "d15f76a5-63da-4c04-9b61-76f5730795e9",
        "x-ms-return-client-request-id": "true"
      },
      "RequestBody": {
        "properties": {
          "linuxFxVersion": "java|11",
          "alwaysOn": false
        }
      },
      "StatusCode": 200,
      "ResponseHeaders": {
        "Cache-Control": "no-cache",
        "Content-Length": "3969",
        "Content-Type": "application/json",
        "Date": "Thu, 20 Jul 2023 04:00:50 GMT",
        "ETag": "\u00221D9BABEC45BA575\u0022",
        "Expires": "-1",
        "Pragma": "no-cache",
        "Server": "Microsoft-IIS/10.0",
        "Strict-Transport-Security": "max-age=31536000; includeSubDomains",
        "X-AspNet-Version": "4.0.30319",
        "X-Content-Type-Options": "nosniff",
        "x-ms-correlation-request-id": "0084747f-5faa-41dc-a398-04a30e9368ca",
        "x-ms-ratelimit-remaining-subscription-writes": "1197",
        "x-ms-request-id": "ec43120d-368d-4037-b207-9815bf6e44e6",
        "x-ms-routing-request-id": "WESTUS2:20230720T040051Z:0084747f-5faa-41dc-a398-04a30e9368ca",
        "X-Powered-By": "ASP.NET"
      },
      "ResponseBody": {
        "id": "/subscriptions/ec0aa5f7-9e78-40c9-85cd-535c6305b380/resourceGroups/javacsmrg182225cf/providers/Microsoft.Web/sites/java-func-786536e",
        "name": "java-func-786536e",
        "type": "Microsoft.Web/sites",
        "location": "East US",
        "tags": {},
        "properties": {
          "numberOfWorkers": 1,
          "defaultDocuments": [
            "Default.htm",
            "Default.html",
            "Default.asp",
            "index.htm",
            "index.html",
            "iisstart.htm",
            "default.aspx",
            "index.php"
          ],
          "netFrameworkVersion": "v4.0",
          "phpVersion": "",
          "pythonVersion": "",
          "nodeVersion": "",
          "powerShellVersion": "",
          "linuxFxVersion": "java|11",
          "windowsFxVersion": null,
          "windowsConfiguredStacks": [],
          "requestTracingEnabled": false,
          "remoteDebuggingEnabled": false,
          "remoteDebuggingVersion": null,
          "httpLoggingEnabled": false,
          "azureMonitorLogCategories": null,
          "acrUseManagedIdentityCreds": false,
          "acrUserManagedIdentityID": null,
          "logsDirectorySizeLimit": 35,
          "detailedErrorLoggingEnabled": false,
          "publishingUsername": "$java-func-786536e",
          "publishingPassword": null,
          "appSettings": null,
          "metadata": null,
          "connectionStrings": null,
          "machineKey": null,
          "handlerMappings": null,
          "documentRoot": null,
          "scmType": "None",
          "use32BitWorkerProcess": false,
          "webSocketsEnabled": false,
          "alwaysOn": false,
          "javaVersion": null,
          "javaContainer": null,
          "javaContainerVersion": null,
          "appCommandLine": "",
          "managedPipelineMode": "Integrated",
          "virtualApplications": [
            {
              "virtualPath": "/",
              "physicalPath": "site\\wwwroot",
              "preloadEnabled": false,
              "virtualDirectories": null
            }
          ],
          "winAuthAdminState": 0,
          "winAuthTenantState": 0,
          "customAppPoolIdentityAdminState": false,
          "customAppPoolIdentityTenantState": false,
          "runtimeADUser": null,
          "runtimeADUserPassword": null,
          "loadBalancing": "LeastRequests",
          "routingRules": [],
          "experiments": {
            "rampUpRules": []
          },
          "limits": null,
          "autoHealEnabled": false,
          "autoHealRules": null,
          "tracingOptions": null,
          "vnetName": "",
          "vnetRouteAllEnabled": false,
          "vnetPrivatePortsCount": 0,
          "publicNetworkAccess": null,
          "siteAuthEnabled": false,
          "siteAuthSettings": {
            "enabled": null,
            "unauthenticatedClientAction": null,
            "tokenStoreEnabled": null,
            "allowedExternalRedirectUrls": null,
            "defaultProvider": null,
            "clientId": null,
            "clientSecret": null,
            "clientSecretSettingName": null,
            "clientSecretCertificateThumbprint": null,
            "issuer": null,
            "allowedAudiences": null,
            "additionalLoginParams": null,
            "isAadAutoProvisioned": false,
            "aadClaimsAuthorization": null,
            "googleClientId": null,
            "googleClientSecret": null,
            "googleClientSecretSettingName": null,
            "googleOAuthScopes": null,
            "facebookAppId": null,
            "facebookAppSecret": null,
            "facebookAppSecretSettingName": null,
            "facebookOAuthScopes": null,
            "gitHubClientId": null,
            "gitHubClientSecret": null,
            "gitHubClientSecretSettingName": null,
            "gitHubOAuthScopes": null,
            "twitterConsumerKey": null,
            "twitterConsumerSecret": null,
            "twitterConsumerSecretSettingName": null,
            "microsoftAccountClientId": null,
            "microsoftAccountClientSecret": null,
            "microsoftAccountClientSecretSettingName": null,
            "microsoftAccountOAuthScopes": null,
            "configVersion": null
          },
          "cors": null,
          "push": null,
          "apiDefinition": null,
          "apiManagementConfig": null,
          "autoSwapSlotName": null,
          "localMySqlEnabled": false,
          "managedServiceIdentityId": null,
          "xManagedServiceIdentityId": null,
          "keyVaultReferenceIdentity": null,
          "ipSecurityRestrictions": [
            {
              "ipAddress": "Any",
              "action": "Allow",
              "priority": 2147483647,
              "name": "Allow all",
              "description": "Allow all access"
            }
          ],
          "ipSecurityRestrictionsDefaultAction": null,
          "scmIpSecurityRestrictions": [
            {
              "ipAddress": "Any",
              "action": "Allow",
              "priority": 2147483647,
              "name": "Allow all",
              "description": "Allow all access"
            }
          ],
          "scmIpSecurityRestrictionsDefaultAction": null,
          "scmIpSecurityRestrictionsUseMain": false,
          "http20Enabled": false,
          "minTlsVersion": "1.2",
          "minTlsCipherSuite": null,
          "supportedTlsCipherSuites": null,
          "scmMinTlsVersion": "1.2",
          "ftpsState": "FtpsOnly",
          "preWarmedInstanceCount": 0,
          "functionAppScaleLimit": 200,
          "elasticWebAppScaleLimit": null,
          "healthCheckPath": null,
          "fileChangeAuditEnabled": false,
          "functionsRuntimeScaleMonitoringEnabled": false,
          "websiteTimeZone": null,
          "minimumElasticInstanceCount": 0,
          "azureStorageAccounts": {},
          "http20ProxyFlag": 0,
          "sitePort": null,
          "antivirusScanEnabled": false,
          "storageType": "StorageVolume"
        }
      }
    },
    {
      "RequestUri": "https://REDACTED/subscriptions/00000000-0000-0000-0000-000000000000/resourceGroups/javacsmrg182225cf/providers/Microsoft.Storage/storageAccounts/javafunc786536e97774/listKeys?api-version=2022-09-01",
      "RequestMethod": "POST",
      "RequestHeaders": {
        "Accept": "application/json",
        "Authorization": "Sanitized",
        "Content-Length": "0",
        "Content-Type": "application/json",
        "Date": "Thu, 20 Jul 2023 04:00:51 GMT",
        "User-Agent": "azsdk-java-com.azure.resourcemanager.storage/2.29.0-beta.1 (17.0.7; Windows 11; 10.0)",
        "x-ms-client-request-id": "0b97533d-d335-4371-af34-8a0e4c8e77b7",
        "x-ms-return-client-request-id": "true"
      },
      "RequestBody": null,
      "StatusCode": 200,
      "ResponseHeaders": {
        "Cache-Control": "no-cache",
        "Content-Length": "380",
        "Content-Type": "application/json",
        "Date": "Thu, 20 Jul 2023 04:00:50 GMT",
        "Expires": "-1",
        "Pragma": "no-cache",
        "Server": "Microsoft-Azure-Storage-Resource-Provider/1.0,Microsoft-HTTPAPI/2.0 Microsoft-HTTPAPI/2.0",
        "Strict-Transport-Security": "max-age=31536000; includeSubDomains",
        "X-Content-Type-Options": "nosniff",
        "x-ms-client-request-id": "0b97533d-d335-4371-af34-8a0e4c8e77b7",
        "x-ms-correlation-request-id": "9453a308-5799-49cb-a63c-9e03a71989a0",
        "x-ms-ratelimit-remaining-subscription-resource-requests": "11999",
        "x-ms-request-id": "69787d84-b0d6-489b-9ca7-44e0b43a792a",
        "x-ms-routing-request-id": "WESTUS2:20230720T040051Z:9453a308-5799-49cb-a63c-9e03a71989a0"
      },
      "ResponseBody": {
        "keys": [
          {
            "creationTime": "2023-07-20T04:00:08.5998361Z",
            "keyName": "key1",
            "value": "YTDqrXNHgafGSuNLVgBL2JLBRLRhw7FuRdt1848mXIo5ISGU4Pn4pR4jqjtKidFroXnxZpDPvxTl\u002BAStskZLKA==",
            "permissions": "FULL"
          },
          {
            "creationTime": "2023-07-20T04:00:08.5998361Z",
            "keyName": "key2",
            "value": "YsIrxqDd6ucnTem6B/PFVcbITYprEmYXnzQkAnwVCT0S5SP6/56rwtpQv2u/aZl6o4PdUUw8aner\u002BAStEUFnEA==",
            "permissions": "FULL"
          }
        ]
      }
    },
    {
      "RequestUri": "https://REDACTED/subscriptions/00000000-0000-0000-0000-000000000000/resourceGroups/javacsmrg182225cf/providers/Microsoft.Web/serverfarms/java-func-786536eplan66284868?api-version=2022-09-01",
      "RequestMethod": "GET",
      "RequestHeaders": {
        "Accept": "application/json",
        "Authorization": "Sanitized",
        "Content-Length": "0",
        "Content-Type": "application/json",
        "Date": "Thu, 20 Jul 2023 04:00:51 GMT",
        "User-Agent": "azsdk-java-com.azure.resourcemanager.appservice/2.29.0-beta.1 (17.0.7; Windows 11; 10.0)",
        "x-ms-client-request-id": "e85222b3-8f22-4af3-b62d-1652a68606fd",
        "x-ms-return-client-request-id": "true"
      },
      "RequestBody": null,
      "StatusCode": 200,
      "ResponseHeaders": {
        "Cache-Control": "no-cache",
        "Content-Length": "1476",
        "Content-Type": "application/json",
        "Date": "Thu, 20 Jul 2023 04:00:51 GMT",
        "Expires": "-1",
        "Pragma": "no-cache",
        "Server": "Microsoft-IIS/10.0",
        "Strict-Transport-Security": "max-age=31536000; includeSubDomains",
        "X-AspNet-Version": "4.0.30319",
        "X-Content-Type-Options": "nosniff",
        "x-ms-correlation-request-id": "8ed56595-1e5f-4f6a-b61a-deb1bec2ed51",
        "x-ms-ratelimit-remaining-subscription-reads": "11998",
        "x-ms-request-id": "1b2c3e38-e6c0-4dff-9593-c2c4b68e8afc",
        "x-ms-routing-request-id": "WESTUS2:20230720T040051Z:8ed56595-1e5f-4f6a-b61a-deb1bec2ed51",
        "X-Powered-By": "ASP.NET"
      },
      "ResponseBody": {
        "id": "/subscriptions/ec0aa5f7-9e78-40c9-85cd-535c6305b380/resourceGroups/javacsmrg182225cf/providers/Microsoft.Web/serverfarms/java-func-786536eplan66284868",
        "name": "java-func-786536eplan66284868",
        "type": "Microsoft.Web/serverfarms",
        "kind": "functionapp",
        "location": "East US",
        "tags": {},
        "properties": {
          "serverFarmId": 106260,
          "name": "java-func-786536eplan66284868",
          "workerSize": "Default",
          "workerSizeId": 0,
          "workerTierName": null,
          "numberOfWorkers": 0,
          "currentWorkerSize": "Default",
          "currentWorkerSizeId": 0,
          "currentNumberOfWorkers": 0,
          "status": "Ready",
          "webSpace": "javacsmrg182225cf-EastUSwebspace-Linux",
          "subscription": "ec0aa5f7-9e78-40c9-85cd-535c6305b380",
          "adminSiteName": null,
          "hostingEnvironment": null,
          "hostingEnvironmentProfile": null,
          "maximumNumberOfWorkers": 0,
          "planName": "VirtualDedicatedPlan",
          "adminRuntimeSiteName": null,
          "computeMode": "Dynamic",
          "siteMode": null,
          "geoRegion": "East US",
          "perSiteScaling": false,
          "elasticScaleEnabled": false,
          "maximumElasticWorkerCount": 1,
          "numberOfSites": 1,
          "hostingEnvironmentId": null,
          "isSpot": false,
          "spotExpirationTime": null,
          "freeOfferExpirationTime": null,
          "tags": {},
          "kind": "functionapp",
          "resourceGroup": "javacsmrg182225cf",
          "reserved": true,
          "isXenon": false,
          "hyperV": false,
          "mdmId": "waws-prod-blu-247_106260",
          "targetWorkerCount": 0,
          "targetWorkerSizeId": 0,
          "provisioningState": "Succeeded",
          "webSiteId": null,
          "existingServerFarmIds": null,
          "kubeEnvironmentProfile": null,
          "zoneRedundant": false
        },
        "sku": {
          "name": "Y1",
          "tier": "Dynamic",
          "size": "Y1",
          "family": "Y",
          "capacity": 0
        }
      }
    },
    {
      "RequestUri": "https://REDACTED/subscriptions/00000000-0000-0000-0000-000000000000/resourceGroups/javacsmrg182225cf/providers/Microsoft.Web/sites/java-func-786536e/config/appsettings/list?api-version=2022-09-01",
      "RequestMethod": "POST",
      "RequestHeaders": {
        "Accept": "application/json",
        "Authorization": "Sanitized",
        "Content-Length": "0",
        "Content-Type": "application/json",
        "Date": "Thu, 20 Jul 2023 04:00:51 GMT",
        "User-Agent": "azsdk-java-com.azure.resourcemanager.appservice/2.29.0-beta.1 (17.0.7; Windows 11; 10.0)",
        "x-ms-client-request-id": "b2ef4af7-3355-423e-b271-48a991783a49",
        "x-ms-return-client-request-id": "true"
      },
      "RequestBody": null,
      "StatusCode": 200,
      "ResponseHeaders": {
        "Cache-Control": "no-cache",
        "Content-Length": "298",
        "Content-Type": "application/json",
        "Date": "Thu, 20 Jul 2023 04:00:51 GMT",
        "Expires": "-1",
        "Pragma": "no-cache",
        "Server": "Microsoft-IIS/10.0",
        "Strict-Transport-Security": "max-age=31536000; includeSubDomains",
        "X-AspNet-Version": "4.0.30319",
        "X-Content-Type-Options": "nosniff",
        "x-ms-correlation-request-id": "e164da5c-fdd7-4dd4-b76a-c505f8b9c54e",
        "x-ms-ratelimit-remaining-subscription-resource-requests": "11999",
        "x-ms-request-id": "70d4b2d6-fa14-4de7-8367-65dcda410c95",
        "x-ms-routing-request-id": "WESTUS2:20230720T040052Z:e164da5c-fdd7-4dd4-b76a-c505f8b9c54e",
        "X-Powered-By": "ASP.NET"
      },
      "ResponseBody": {
        "id": "/subscriptions/ec0aa5f7-9e78-40c9-85cd-535c6305b380/resourceGroups/javacsmrg182225cf/providers/Microsoft.Web/sites/java-func-786536e/config/appsettings",
        "name": "appsettings",
        "type": "Microsoft.Web/sites/config",
        "location": "East US",
        "tags": {},
        "properties": {
          "FUNCTIONS_EXTENSION_VERSION": "~1"
        }
      }
    },
    {
      "RequestUri": "https://REDACTED/subscriptions/00000000-0000-0000-0000-000000000000/resourceGroups/javacsmrg182225cf/providers/Microsoft.Web/sites/java-func-786536e/config/appsettings?api-version=2022-09-01",
      "RequestMethod": "PUT",
      "RequestHeaders": {
        "Accept": "application/json",
        "Authorization": "Sanitized",
        "Content-Length": "1005",
        "Content-Type": "application/json",
        "Date": "Thu, 20 Jul 2023 04:00:52 GMT",
        "User-Agent": "azsdk-java-com.azure.resourcemanager.appservice/2.29.0-beta.1 (17.0.7; Windows 11; 10.0)",
        "x-ms-client-request-id": "5b81e443-4a21-4fbe-973e-c1b878669c2c",
        "x-ms-return-client-request-id": "true"
      },
      "RequestBody": {
        "properties": {
          "FUNCTIONS_EXTENSION_VERSION": "~4",
          "AzureWebJobsDashboard": "DefaultEndpointsProtocol=https;AccountName=javafunc786536e97774;AccountKey=YTDqrXNHgafGSuNLVgBL2JLBRLRhw7FuRdt1848mXIo5ISGU4Pn4pR4jqjtKidFroXnxZpDPvxTl\u002BAStskZLKA==;EndpointSuffix=core.windows.net",
          "WEBSITE_RUN_FROM_PACKAGE": "https://raw.githubusercontent.com/Azure/azure-sdk-for-java/main/sdk/resourcemanager/azure-resourcemanager-appservice/src/test/resources/java-functions.zip",
          "FUNCTIONS_WORKER_RUNTIME": "java",
          "AzureWebJobsStorage": "DefaultEndpointsProtocol=https;AccountName=javafunc786536e97774;AccountKey=YTDqrXNHgafGSuNLVgBL2JLBRLRhw7FuRdt1848mXIo5ISGU4Pn4pR4jqjtKidFroXnxZpDPvxTl\u002BAStskZLKA==;EndpointSuffix=core.windows.net",
          "WEBSITE_CONTENTSHARE": "java-func-786536e28336dc5c2",
          "WEBSITE_CONTENTAZUREFILECONNECTIONSTRING": "DefaultEndpointsProtocol=https;AccountName=javafunc786536e97774;AccountKey=YTDqrXNHgafGSuNLVgBL2JLBRLRhw7FuRdt1848mXIo5ISGU4Pn4pR4jqjtKidFroXnxZpDPvxTl\u002BAStskZLKA==;EndpointSuffix=core.windows.net"
        }
      },
      "StatusCode": 200,
      "ResponseHeaders": {
        "Cache-Control": "no-cache",
        "Content-Length": "1252",
        "Content-Type": "application/json",
        "Date": "Thu, 20 Jul 2023 04:00:53 GMT",
        "ETag": "\u00221D9BABEC5F0834B\u0022",
        "Expires": "-1",
        "Pragma": "no-cache",
        "Server": "Microsoft-IIS/10.0",
        "Strict-Transport-Security": "max-age=31536000; includeSubDomains",
        "X-AspNet-Version": "4.0.30319",
        "X-Content-Type-Options": "nosniff",
        "x-ms-correlation-request-id": "c5ea82af-d8db-45d8-ba4e-5647382c2957",
        "x-ms-ratelimit-remaining-subscription-writes": "1197",
        "x-ms-request-id": "95d20939-06df-40db-8254-ec1372e54331",
        "x-ms-routing-request-id": "WESTUS2:20230720T040054Z:c5ea82af-d8db-45d8-ba4e-5647382c2957",
        "X-Powered-By": "ASP.NET"
      },
      "ResponseBody": {
        "id": "/subscriptions/ec0aa5f7-9e78-40c9-85cd-535c6305b380/resourceGroups/javacsmrg182225cf/providers/Microsoft.Web/sites/java-func-786536e/config/appsettings",
        "name": "appsettings",
        "type": "Microsoft.Web/sites/config",
        "location": "East US",
        "tags": {},
        "properties": {
          "FUNCTIONS_EXTENSION_VERSION": "~4",
          "AzureWebJobsDashboard": "DefaultEndpointsProtocol=https;AccountName=javafunc786536e97774;AccountKey=YTDqrXNHgafGSuNLVgBL2JLBRLRhw7FuRdt1848mXIo5ISGU4Pn4pR4jqjtKidFroXnxZpDPvxTl\u002BAStskZLKA==;EndpointSuffix=core.windows.net",
          "WEBSITE_RUN_FROM_PACKAGE": "https://raw.githubusercontent.com/Azure/azure-sdk-for-java/main/sdk/resourcemanager/azure-resourcemanager-appservice/src/test/resources/java-functions.zip",
          "FUNCTIONS_WORKER_RUNTIME": "java",
          "AzureWebJobsStorage": "DefaultEndpointsProtocol=https;AccountName=javafunc786536e97774;AccountKey=YTDqrXNHgafGSuNLVgBL2JLBRLRhw7FuRdt1848mXIo5ISGU4Pn4pR4jqjtKidFroXnxZpDPvxTl\u002BAStskZLKA==;EndpointSuffix=core.windows.net",
          "WEBSITE_CONTENTSHARE": "java-func-786536e28336dc5c2",
          "WEBSITE_CONTENTAZUREFILECONNECTIONSTRING": "DefaultEndpointsProtocol=https;AccountName=javafunc786536e97774;AccountKey=YTDqrXNHgafGSuNLVgBL2JLBRLRhw7FuRdt1848mXIo5ISGU4Pn4pR4jqjtKidFroXnxZpDPvxTl\u002BAStskZLKA==;EndpointSuffix=core.windows.net"
        }
      }
    },
    {
      "RequestUri": "https://REDACTED/subscriptions/00000000-0000-0000-0000-000000000000/resourceGroups/javacsmrg182225cf/providers/Microsoft.Web/sites/java-func-786536e/config/slotConfigNames?api-version=2022-09-01",
      "RequestMethod": "GET",
      "RequestHeaders": {
        "Accept": "application/json",
        "Authorization": "Sanitized",
        "Content-Length": "0",
        "Content-Type": "application/json",
        "Date": "Thu, 20 Jul 2023 04:00:54 GMT",
        "User-Agent": "azsdk-java-com.azure.resourcemanager.appservice/2.29.0-beta.1 (17.0.7; Windows 11; 10.0)",
        "x-ms-client-request-id": "44c75241-a2b5-479c-94f5-8a0cfbb43c31",
        "x-ms-return-client-request-id": "true"
      },
      "RequestBody": null,
      "StatusCode": 200,
      "ResponseHeaders": {
        "Cache-Control": "no-cache",
        "Content-Length": "196",
        "Content-Type": "application/json",
        "Date": "Thu, 20 Jul 2023 04:00:54 GMT",
        "Expires": "-1",
        "Pragma": "no-cache",
        "Server": "Microsoft-IIS/10.0",
        "Strict-Transport-Security": "max-age=31536000; includeSubDomains",
        "X-AspNet-Version": "4.0.30319",
        "X-Content-Type-Options": "nosniff",
        "x-ms-correlation-request-id": "1f24e681-f27d-483b-839f-47cbba77e60b",
        "x-ms-ratelimit-remaining-subscription-reads": "11997",
        "x-ms-request-id": "3a3a94a7-69df-4973-9591-bc8bf33d05d9",
        "x-ms-routing-request-id": "WESTUS2:20230720T040054Z:1f24e681-f27d-483b-839f-47cbba77e60b",
        "X-Powered-By": "ASP.NET"
      },
      "ResponseBody": {
        "id": null,
        "name": "java-func-786536e",
        "type": "Microsoft.Web/sites",
        "location": "East US",
        "tags": {},
        "properties": {
          "connectionStringNames": null,
          "appSettingNames": null,
          "azureStorageConfigNames": null
        }
      }
    },
    {
      "RequestUri": "https://REDACTED/subscriptions/00000000-0000-0000-0000-000000000000/resourceGroups/javacsmrg182225cf/providers/Microsoft.Web/sites/java-func-786536e/config/appsettings/list?api-version=2022-09-01",
      "RequestMethod": "POST",
      "RequestHeaders": {
        "Accept": "application/json",
        "Authorization": "Sanitized",
        "Content-Length": "0",
        "Content-Type": "application/json",
        "Date": "Thu, 20 Jul 2023 04:00:54 GMT",
        "User-Agent": "azsdk-java-com.azure.resourcemanager.appservice/2.29.0-beta.1 (17.0.7; Windows 11; 10.0)",
        "x-ms-client-request-id": "2c7d8a68-b3d5-4a0a-9037-efe2f267a57f",
        "x-ms-return-client-request-id": "true"
      },
      "RequestBody": null,
      "StatusCode": 200,
      "ResponseHeaders": {
        "Cache-Control": "no-cache",
        "Content-Length": "1252",
        "Content-Type": "application/json",
        "Date": "Thu, 20 Jul 2023 04:00:54 GMT",
        "Expires": "-1",
        "Pragma": "no-cache",
        "Server": "Microsoft-IIS/10.0",
        "Strict-Transport-Security": "max-age=31536000; includeSubDomains",
        "X-AspNet-Version": "4.0.30319",
        "X-Content-Type-Options": "nosniff",
        "x-ms-correlation-request-id": "988346c3-67c4-449d-9a89-463e7b5ba407",
        "x-ms-ratelimit-remaining-subscription-resource-requests": "11998",
        "x-ms-request-id": "9781aabf-693c-468b-a59a-b78da9e2c8d2",
        "x-ms-routing-request-id": "WESTUS2:20230720T040054Z:988346c3-67c4-449d-9a89-463e7b5ba407",
        "X-Powered-By": "ASP.NET"
      },
      "ResponseBody": {
        "id": "/subscriptions/ec0aa5f7-9e78-40c9-85cd-535c6305b380/resourceGroups/javacsmrg182225cf/providers/Microsoft.Web/sites/java-func-786536e/config/appsettings",
        "name": "appsettings",
        "type": "Microsoft.Web/sites/config",
        "location": "East US",
        "tags": {},
        "properties": {
          "FUNCTIONS_EXTENSION_VERSION": "~4",
          "AzureWebJobsDashboard": "DefaultEndpointsProtocol=https;AccountName=javafunc786536e97774;AccountKey=YTDqrXNHgafGSuNLVgBL2JLBRLRhw7FuRdt1848mXIo5ISGU4Pn4pR4jqjtKidFroXnxZpDPvxTl\u002BAStskZLKA==;EndpointSuffix=core.windows.net",
          "WEBSITE_RUN_FROM_PACKAGE": "https://raw.githubusercontent.com/Azure/azure-sdk-for-java/main/sdk/resourcemanager/azure-resourcemanager-appservice/src/test/resources/java-functions.zip",
          "FUNCTIONS_WORKER_RUNTIME": "java",
          "AzureWebJobsStorage": "DefaultEndpointsProtocol=https;AccountName=javafunc786536e97774;AccountKey=YTDqrXNHgafGSuNLVgBL2JLBRLRhw7FuRdt1848mXIo5ISGU4Pn4pR4jqjtKidFroXnxZpDPvxTl\u002BAStskZLKA==;EndpointSuffix=core.windows.net",
          "WEBSITE_CONTENTSHARE": "java-func-786536e28336dc5c2",
          "WEBSITE_CONTENTAZUREFILECONNECTIONSTRING": "DefaultEndpointsProtocol=https;AccountName=javafunc786536e97774;AccountKey=YTDqrXNHgafGSuNLVgBL2JLBRLRhw7FuRdt1848mXIo5ISGU4Pn4pR4jqjtKidFroXnxZpDPvxTl\u002BAStskZLKA==;EndpointSuffix=core.windows.net"
        }
      }
    },
    {
      "RequestUri": "https://REDACTED/subscriptions/00000000-0000-0000-0000-000000000000/resourcegroups/javacsmrg182225cf?api-version=2022-09-01",
      "RequestMethod": "DELETE",
      "RequestHeaders": {
        "Accept": "application/json",
        "Authorization": "Sanitized",
        "Content-Length": "0",
        "Content-Type": "application/json",
        "Date": "Thu, 20 Jul 2023 04:01:55 GMT",
        "User-Agent": "azsdk-java-com.azure.resourcemanager.resources/2.29.0-beta.1 (17.0.7; Windows 11; 10.0)",
        "x-ms-client-request-id": "b7e32e6d-f48b-434f-bbf5-c184eef66a48",
        "x-ms-return-client-request-id": "true"
      },
      "RequestBody": null,
      "StatusCode": 202,
      "ResponseHeaders": {
        "Cache-Control": "no-cache",
        "Content-Length": "0",
        "Date": "Thu, 20 Jul 2023 04:01:56 GMT",
        "Expires": "-1",
        "Location": "https://management.azure.com/subscriptions/ec0aa5f7-9e78-40c9-85cd-535c6305b380/operationresults/eyJqb2JJZCI6IlJFU09VUkNFR1JPVVBERUxFVElPTkpPQi1KQVZBQ1NNUkcxODIyMjVDRi1FQVNUVVMiLCJqb2JMb2NhdGlvbiI6ImVhc3R1cyJ9?api-version=2022-09-01",
        "Pragma": "no-cache",
        "Retry-After": "0",
        "Strict-Transport-Security": "max-age=31536000; includeSubDomains",
        "X-Content-Type-Options": "nosniff",
        "x-ms-correlation-request-id": "bf557828-62ed-454f-afb8-5cf82e1f1c0f",
        "x-ms-ratelimit-remaining-subscription-deletes": "14996",
        "x-ms-request-id": "bf557828-62ed-454f-afb8-5cf82e1f1c0f",
        "x-ms-routing-request-id": "WESTUS2:20230720T040157Z:bf557828-62ed-454f-afb8-5cf82e1f1c0f"
      },
      "ResponseBody": null
    }
  ],
  "Variables": {
    "0": "java-func-786536e",
    "1": "java-func-8794717",
    "10": "javafunc786536e97774",
    "11": "java-func-786536e28336dc5c2",
    "2": "java-func-672849d",
    "3": "java-asp-09190b20",
    "4": "java-asp-49897b44",
    "5": "javastore39892389",
    "6": "javacsmrg182225cf",
    "7": "javacsmrg09063fbb",
    "8": "javacsmrg3303101d",
    "9": "java-func-786536eplan66284868"
  }
}
