{
  "Entries": [
    {
      "RequestUri": "https://REDACTED/subscriptions/00000000-0000-0000-0000-000000000000/resourcegroups/javacsmrg79556dba?api-version=2024-03-01",
      "RequestMethod": "PUT",
      "RequestHeaders": {
        "Accept": "application/json",
        "Authorization": "Sanitized",
        "Content-Length": "21",
        "Content-Type": "application/json",
        "Date": "Wed, 13 Nov 2024 09:52:00 GMT",
        "User-Agent": "azsdk-java-com.azure.resourcemanager.resources/2.45.0-beta.1 (17.0.7; Windows 11; 10.0)",
        "x-ms-client-request-id": "Sanitized",
        "x-ms-return-client-request-id": "true"
      },
      "RequestBody": {
        "location": "westus"
      },
      "StatusCode": 201,
      "ResponseHeaders": {
        "Cache-Control": "no-cache",
        "Content-Length": "231",
        "Content-Type": "application/json; charset=utf-8",
        "Date": "Wed, 13 Nov 2024 09:52:03 GMT",
        "Expires": "-1",
        "Pragma": "no-cache",
        "Strict-Transport-Security": "max-age=31536000; includeSubDomains",
        "X-Cache": "CONFIG_NOCACHE",
        "X-Content-Type-Options": "nosniff",
        "x-ms-correlation-request-id": "b7defca2-5285-4fea-84a9-3ff7d87ff535",
        "x-ms-ratelimit-remaining-subscription-global-writes": "11999",
        "x-ms-ratelimit-remaining-subscription-writes": "799",
        "x-ms-request-id": "Sanitized",
        "x-ms-routing-request-id": "MALAYSIASOUTH:20241113T095204Z:b7defca2-5285-4fea-84a9-3ff7d87ff535",
        "X-MSEdge-Ref": "Ref A: 44499D477DB04DD8AF0381486F3B8AB0 Ref B: MAA201060516047 Ref C: 2024-11-13T09:52:03Z"
      },
      "ResponseBody": {
        "id": "/subscriptions/00000000-0000-0000-0000-000000000000/resourceGroups/javacsmrg79556dba",
        "name": "javacsmrg79556dba",
        "type": "Microsoft.Resources/resourceGroups",
        "location": "westus",
        "properties": {
          "provisioningState": "Succeeded"
        }
      }
    },
    {
      "RequestUri": "https://REDACTED/subscriptions/00000000-0000-0000-0000-000000000000/resourcegroups/javacsmrg09857657?api-version=2024-03-01",
      "RequestMethod": "PUT",
      "RequestHeaders": {
        "Accept": "application/json",
        "Authorization": "Sanitized",
        "Content-Length": "21",
        "Content-Type": "application/json",
        "Date": "Wed, 13 Nov 2024 09:52:03 GMT",
        "User-Agent": "azsdk-java-com.azure.resourcemanager.resources/2.45.0-beta.1 (17.0.7; Windows 11; 10.0)",
        "x-ms-client-request-id": "Sanitized",
        "x-ms-return-client-request-id": "true"
      },
      "RequestBody": {
        "location": "westus"
      },
      "StatusCode": 201,
      "ResponseHeaders": {
        "Cache-Control": "no-cache",
        "Content-Length": "231",
        "Content-Type": "application/json; charset=utf-8",
        "Date": "Wed, 13 Nov 2024 09:52:04 GMT",
        "Expires": "-1",
        "Pragma": "no-cache",
        "Strict-Transport-Security": "max-age=31536000; includeSubDomains",
        "X-Cache": "CONFIG_NOCACHE",
        "X-Content-Type-Options": "nosniff",
        "x-ms-correlation-request-id": "f095fd0c-e43a-4998-828f-706551d105ef",
        "x-ms-ratelimit-remaining-subscription-global-writes": "11999",
        "x-ms-ratelimit-remaining-subscription-writes": "799",
        "x-ms-request-id": "Sanitized",
        "x-ms-routing-request-id": "MALAYSIASOUTH:20241113T095205Z:f095fd0c-e43a-4998-828f-706551d105ef",
        "X-MSEdge-Ref": "Ref A: F79A3EB68E4748B09B98EA5AEBEF6AC9 Ref B: MAA201060516047 Ref C: 2024-11-13T09:52:04Z"
      },
      "ResponseBody": {
        "id": "/subscriptions/00000000-0000-0000-0000-000000000000/resourceGroups/javacsmrg09857657",
        "name": "javacsmrg09857657",
        "type": "Microsoft.Resources/resourceGroups",
        "location": "westus",
        "properties": {
          "provisioningState": "Succeeded"
        }
      }
    },
    {
      "RequestUri": "https://REDACTED/subscriptions/00000000-0000-0000-0000-000000000000/resourceGroups/javacsmrg79556dba/providers/Microsoft.Web/serverfarms/java-asp-51837ec4?api-version=2024-04-01",
      "RequestMethod": "PUT",
      "RequestHeaders": {
        "Accept": "application/json",
        "Authorization": "Sanitized",
        "Content-Length": "91",
        "Content-Type": "application/json",
        "Date": "Wed, 13 Nov 2024 09:52:04 GMT",
        "User-Agent": "azsdk-java-com.azure.resourcemanager.appservice/2.45.0-beta.1 (17.0.7; Windows 11; 10.0)",
        "x-ms-client-request-id": "Sanitized",
        "x-ms-return-client-request-id": "true"
      },
      "RequestBody": {
        "location": "westus",
        "tags": {},
        "sku": {
          "name": "B1",
          "tier": "Basic",
          "size": "B1"
        },
        "kind": "app"
      },
      "StatusCode": 200,
      "ResponseHeaders": {
        "Cache-Control": "no-cache",
        "Content-Length": "1601",
        "Content-Type": "application/json",
        "Date": "Wed, 13 Nov 2024 09:52:12 GMT",
        "ETag": "\"1DB35B1B5D4CA6B\"",
        "Expires": "-1",
        "Pragma": "no-cache",
        "Strict-Transport-Security": "max-age=31536000; includeSubDomains",
        "X-AspNet-Version": "4.0.30319",
        "X-Cache": "CONFIG_NOCACHE",
        "X-Content-Type-Options": "nosniff",
        "x-ms-correlation-request-id": "758f6f1b-c6b8-49a5-a99a-16f744bce379",
        "x-ms-ratelimit-remaining-subscription-global-writes": "12000",
        "x-ms-ratelimit-remaining-subscription-writes": "800",
        "x-ms-request-id": "Sanitized",
        "x-ms-routing-request-id": "MALAYSIASOUTH:20241113T095213Z:758f6f1b-c6b8-49a5-a99a-16f744bce379",
        "X-MSEdge-Ref": "Ref A: 9F3F1C14FD3F452B9178A45D2460E493 Ref B: MAA201060516047 Ref C: 2024-11-13T09:52:05Z",
        "X-Powered-By": "ASP.NET"
      },
      "ResponseBody": {
        "id": "/subscriptions/00000000-0000-0000-0000-000000000000/resourceGroups/javacsmrg79556dba/providers/Microsoft.Web/serverfarms/java-asp-51837ec4",
        "name": "java-asp-51837ec4",
        "type": "Microsoft.Web/serverfarms",
        "kind": "app",
        "location": "westus",
        "tags": {},
        "properties": {
          "serverFarmId": 103823,
          "name": "java-asp-51837ec4",
          "sku": {
            "name": "B1",
            "tier": "Basic",
            "size": "B1",
            "family": "B",
            "capacity": 1
          },
          "workerSize": "Default",
          "workerSizeId": 0,
          "workerTierName": null,
          "numberOfWorkers": 1,
          "currentWorkerSize": "Default",
          "currentWorkerSizeId": 0,
          "currentNumberOfWorkers": 1,
          "status": "Ready",
          "webSpace": "javacsmrg79556dba-WestUSwebspace",
          "subscription": "faa080af-c1d8-40ad-9cce-e1a450ca5b57",
          "adminSiteName": null,
          "hostingEnvironment": null,
          "hostingEnvironmentProfile": null,
          "maximumNumberOfWorkers": 0,
          "planName": "VirtualDedicatedPlan",
          "adminRuntimeSiteName": null,
          "computeMode": "Dedicated",
          "siteMode": null,
          "geoRegion": "West US",
          "perSiteScaling": false,
          "elasticScaleEnabled": false,
          "maximumElasticWorkerCount": 1,
          "numberOfSites": 0,
          "hostingEnvironmentId": null,
          "isSpot": false,
          "spotExpirationTime": null,
          "freeOfferExpirationTime": null,
          "tags": {},
          "kind": "app",
          "resourceGroup": "Sanitized",
          "reserved": false,
          "isXenon": false,
          "hyperV": false,
          "mdmId": "waws-prod-bay-153_103823",
          "targetWorkerCount": 0,
          "targetWorkerSizeId": 0,
          "provisioningState": "Succeeded",
          "webSiteId": null,
          "existingServerFarmIds": null,
          "kubeEnvironmentProfile": null,
          "zoneRedundant": false,
          "migrateToVMSS": null,
          "vnetConnectionsUsed": null,
          "vnetConnectionsMax": null,
          "createdTime": "2024-11-13T09:52:09.9433333"
        },
        "sku": {
          "name": "B1",
          "tier": "Basic",
          "size": "B1",
          "family": "B",
          "capacity": 1
        }
      }
    },
    {
      "RequestUri": "https://REDACTED/subscriptions/00000000-0000-0000-0000-000000000000/resourceGroups/javacsmrg79556dba/providers/Microsoft.Web/sites/java-webapp-914238?api-version=2024-04-01",
      "RequestMethod": "PUT",
      "RequestHeaders": {
        "Accept": "application/json",
        "Authorization": "Sanitized",
        "Content-Length": "231",
        "Content-Type": "application/json",
        "Date": "Wed, 13 Nov 2024 09:52:12 GMT",
        "User-Agent": "azsdk-java-com.azure.resourcemanager.appservice/2.45.0-beta.1 (17.0.7; Windows 11; 10.0)",
        "x-ms-client-request-id": "Sanitized",
        "x-ms-return-client-request-id": "true"
      },
      "RequestBody": {
        "location": "westus",
        "tags": {},
        "properties": {
          "serverFarmId": "/subscriptions/faa080af-c1d8-40ad-9cce-e1a450ca5b57/resourcegroups/javacsmrg79556dba/providers/Microsoft.Web/serverFarms/java-asp-51837ec4",
          "siteConfig": {}
        },
        "kind": "app"
      },
      "StatusCode": 200,
      "ResponseHeaders": {
        "Cache-Control": "no-cache",
        "Content-Length": "7600",
        "Content-Type": "application/json",
        "Date": "Wed, 13 Nov 2024 09:52:42 GMT",
        "ETag": "\"1DB35B1BE1D40F5\"",
        "Expires": "-1",
        "Pragma": "no-cache",
        "Strict-Transport-Security": "max-age=31536000; includeSubDomains",
        "X-AspNet-Version": "4.0.30319",
        "X-Cache": "CONFIG_NOCACHE",
        "X-Content-Type-Options": "nosniff",
        "x-ms-correlation-request-id": "e84769fc-6160-42a4-98cd-13474d5e527a",
        "x-ms-ratelimit-remaining-subscription-resource-requests": "496",
        "x-ms-request-id": "Sanitized",
        "x-ms-routing-request-id": "MALAYSIASOUTH:20241113T095242Z:e84769fc-6160-42a4-98cd-13474d5e527a",
        "X-MSEdge-Ref": "Ref A: 9225C84AA1284890824CB0E692FB0314 Ref B: MAA201060516047 Ref C: 2024-11-13T09:52:13Z",
        "X-Powered-By": "ASP.NET"
      },
      "ResponseBody": {
        "id": "/subscriptions/00000000-0000-0000-0000-000000000000/resourceGroups/javacsmrg79556dba/providers/Microsoft.Web/sites/java-webapp-914238",
        "name": "java-webapp-914238",
        "type": "Microsoft.Web/sites",
        "kind": "app",
        "location": "westus",
        "tags": {},
        "properties": {
          "name": "java-webapp-914238",
          "state": "Running",
          "hostNames": [
            "java-webapp-914238.azurewebsites.net"
          ],
          "webSpace": "javacsmrg79556dba-WestUSwebspace",
          "selfLink": "https://waws-prod-bay-153.api.azurewebsites.windows.net:454/subscriptions/faa080af-c1d8-40ad-9cce-e1a450ca5b57/webspaces/javacsmrg79556dba-WestUSwebspace/sites/java-webapp-914238",
          "repositorySiteName": "java-webapp-914238",
          "owner": null,
          "usageState": "Normal",
          "enabled": true,
          "adminEnabled": true,
          "siteScopedCertificatesEnabled": false,
          "afdEnabled": false,
          "enabledHostNames": [
            "java-webapp-914238.azurewebsites.net",
            "java-webapp-914238.scm.azurewebsites.net"
          ],
          "siteProperties": {
            "metadata": null,
            "properties": [
              {
                "name": "LinuxFxVersion",
                "value": ""
              },
              {
                "name": "WindowsFxVersion",
                "value": null
              }
            ],
            "appSettings": null
          },
          "availabilityState": "Normal",
          "sslCertificates": null,
          "csrs": [],
          "cers": null,
          "siteMode": null,
          "hostNameSslStates": [
            {
              "name": "java-webapp-914238.azurewebsites.net",
              "sslState": "Disabled",
              "ipBasedSslResult": null,
              "virtualIP": null,
              "virtualIPv6": null,
              "thumbprint": null,
              "certificateResourceId": null,
              "toUpdate": null,
              "toUpdateIpBasedSsl": null,
              "ipBasedSslState": "NotConfigured",
              "hostType": "Standard"
            },
            {
              "name": "java-webapp-914238.scm.azurewebsites.net",
              "sslState": "Disabled",
              "ipBasedSslResult": null,
              "virtualIP": null,
              "virtualIPv6": null,
              "thumbprint": null,
              "certificateResourceId": null,
              "toUpdate": null,
              "toUpdateIpBasedSsl": null,
              "ipBasedSslState": "NotConfigured",
              "hostType": "Repository"
            }
          ],
          "computeMode": null,
          "serverFarm": null,
          "serverFarmId": "/subscriptions/faa080af-c1d8-40ad-9cce-e1a450ca5b57/resourceGroups/javacsmrg79556dba/providers/Microsoft.Web/serverfarms/java-asp-51837ec4",
          "reserved": false,
          "isXenon": false,
          "hyperV": false,
          "lastModifiedTimeUtc": "2024-11-13T09:52:24.89",
          "storageRecoveryDefaultState": "Running",
          "contentAvailabilityState": "Normal",
          "runtimeAvailabilityState": "Normal",
          "dnsConfiguration": {},
          "vnetRouteAllEnabled": false,
          "containerAllocationSubnet": null,
          "useContainerLocalhostBindings": null,
          "vnetImagePullEnabled": false,
          "vnetContentShareEnabled": false,
          "outboundVnetRouting": {
            "allTraffic": false,
            "applicationTraffic": false,
            "contentShareTraffic": false,
            "imagePullTraffic": false,
            "backupRestoreTraffic": false
          },
          "siteConfig": {
            "numberOfWorkers": 1,
            "defaultDocuments": null,
            "netFrameworkVersion": null,
            "phpVersion": null,
            "pythonVersion": null,
            "nodeVersion": null,
            "powerShellVersion": null,
            "linuxFxVersion": "",
            "windowsFxVersion": null,
            "windowsConfiguredStacks": null,
            "requestTracingEnabled": null,
            "remoteDebuggingEnabled": null,
            "remoteDebuggingVersion": null,
            "httpLoggingEnabled": null,
            "azureMonitorLogCategories": null,
            "acrUseManagedIdentityCreds": false,
            "acrUserManagedIdentityID": null,
            "logsDirectorySizeLimit": null,
            "detailedErrorLoggingEnabled": null,
            "publishingUsername": null,
            "publishingPassword": null,
            "appSettings": null,
            "metadata": null,
            "connectionStrings": null,
            "machineKey": null,
            "handlerMappings": null,
            "documentRoot": null,
            "scmType": null,
            "use32BitWorkerProcess": null,
            "webSocketsEnabled": null,
            "alwaysOn": false,
            "javaVersion": null,
            "javaContainer": null,
            "javaContainerVersion": null,
            "appCommandLine": null,
            "managedPipelineMode": null,
            "virtualApplications": null,
            "winAuthAdminState": null,
            "winAuthTenantState": null,
            "customAppPoolIdentityAdminState": null,
            "customAppPoolIdentityTenantState": null,
            "runtimeADUser": null,
            "runtimeADUserPassword": null,
            "loadBalancing": null,
            "routingRules": null,
            "experiments": null,
            "limits": null,
            "autoHealEnabled": null,
            "autoHealRules": null,
            "tracingOptions": null,
            "vnetName": null,
            "vnetRouteAllEnabled": null,
            "vnetPrivatePortsCount": null,
            "publicNetworkAccess": null,
            "cors": null,
            "push": null,
            "apiDefinition": null,
            "apiManagementConfig": null,
            "autoSwapSlotName": null,
            "localMySqlEnabled": null,
            "managedServiceIdentityId": null,
            "xManagedServiceIdentityId": null,
            "keyVaultReferenceIdentity": null,
            "ipSecurityRestrictions": [
              {
                "ipAddress": "Any",
                "action": "Allow",
                "priority": 2147483647,
                "name": "Allow all",
                "description": "Allow all access"
              }
            ],
            "ipSecurityRestrictionsDefaultAction": null,
            "scmIpSecurityRestrictions": [
              {
                "ipAddress": "Any",
                "action": "Allow",
                "priority": 2147483647,
                "name": "Allow all",
                "description": "Allow all access"
              }
            ],
            "scmIpSecurityRestrictionsDefaultAction": null,
            "scmIpSecurityRestrictionsUseMain": null,
            "http20Enabled": false,
            "minTlsVersion": null,
            "minTlsCipherSuite": null,
            "scmMinTlsCipherSuite": null,
            "supportedTlsCipherSuites": null,
            "scmSupportedTlsCipherSuites": null,
            "scmMinTlsVersion": null,
            "ftpsState": null,
            "preWarmedInstanceCount": null,
            "functionAppScaleLimit": null,
            "elasticWebAppScaleLimit": 0,
            "healthCheckPath": null,
            "fileChangeAuditEnabled": null,
            "functionsRuntimeScaleMonitoringEnabled": null,
            "websiteTimeZone": null,
            "minimumElasticInstanceCount": 0,
            "azureStorageAccounts": null,
            "http20ProxyFlag": null,
            "sitePort": null,
            "antivirusScanEnabled": null,
            "storageType": null,
            "sitePrivateLinkHostEnabled": null,
            "clusteringEnabled": false
          },
          "functionAppConfig": null,
          "daprConfig": null,
          "deploymentId": "java-webapp-914238",
          "slotName": null,
          "trafficManagerHostNames": null,
          "sku": "Basic",
          "scmSiteAlsoStopped": false,
          "targetSwapSlot": null,
          "hostingEnvironment": null,
          "hostingEnvironmentProfile": null,
          "clientAffinityEnabled": true,
          "clientAffinityProxyEnabled": false,
          "blockPathTraversal": false,
          "clientCertEnabled": false,
          "clientCertMode": "Required",
          "clientCertExclusionPaths": null,
          "hostNamesDisabled": false,
          "ipMode": "IPv4",
          "vnetBackupRestoreEnabled": false,
          "domainVerificationIdentifiers": null,
          "customDomainVerificationId": "952E2B5B449FE1809E86B56F4189627111A065213A56FF099BE2E8782C9EB920",
          "kind": "app",
          "managedEnvironmentId": null,
          "workloadProfileName": null,
          "resourceConfig": null,
          "inboundIpAddress": "40.82.255.131",
          "possibleInboundIpAddresses": "40.82.255.131",
          "ftpUsername": "java-webapp-914238\\$java-webapp-914238",
          "ftpsHostName": "ftps://waws-prod-bay-153.ftp.azurewebsites.windows.net/site/wwwroot",
          "outboundIpAddresses": "13.88.81.111,13.88.84.95,13.88.86.81,13.88.87.93,13.83.144.104,13.83.145.146,40.82.255.131",
          "possibleOutboundIpAddresses": "13.88.81.111,13.88.84.95,13.88.86.81,13.88.87.93,13.83.144.104,13.83.145.146,13.83.146.9,13.83.147.43,13.83.148.114,13.83.151.29,13.86.136.96,13.86.136.123,13.86.136.181,13.86.136.217,13.86.137.151,13.86.137.203,13.86.138.71,13.86.138.178,13.86.138.221,13.86.141.7,13.86.141.166,13.86.142.62,13.86.142.66,13.86.142.87,13.86.143.76,13.86.143.112,13.86.143.182,13.86.137.194,13.86.138.2,13.86.138.238,40.82.255.131",
          "containerSize": 0,
          "dailyMemoryTimeQuota": 0,
          "suspendedTill": null,
          "siteDisabledReason": 0,
          "functionExecutionUnitsCache": null,
          "maxNumberOfWorkers": null,
          "homeStamp": "waws-prod-bay-153",
          "cloningInfo": null,
          "hostingEnvironmentId": null,
          "tags": {},
          "resourceGroup": "Sanitized",
          "defaultHostName": "java-webapp-914238.azurewebsites.net",
          "slotSwapStatus": null,
          "httpsOnly": false,
          "endToEndEncryptionEnabled": false,
          "functionsRuntimeAdminIsolationEnabled": false,
          "redundancyMode": "None",
          "inProgressOperationId": null,
          "geoDistributions": null,
          "privateEndpointConnections": null,
          "publicNetworkAccess": null,
          "buildVersion": null,
          "targetBuildVersion": null,
          "migrationState": null,
          "eligibleLogCategories": "AppServiceAppLogs,AppServiceAuditLogs,AppServiceConsoleLogs,AppServiceHTTPLogs,AppServiceIPSecAuditLogs,AppServicePlatformLogs,ScanLogs,AppServiceAuthenticationLogs",
          "inFlightFeatures": null,
          "storageAccountRequired": false,
          "virtualNetworkSubnetId": null,
          "keyVaultReferenceIdentity": "SystemAssigned",
          "autoGeneratedDomainNameLabelScope": null,
          "defaultHostNameScope": "Global",
          "privateLinkIdentifiers": null,
          "sshEnabled": null
        }
      }
    },
    {
      "RequestUri": "https://REDACTED/subscriptions/00000000-0000-0000-0000-000000000000/resourceGroups/javacsmrg79556dba/providers/Microsoft.Web/sites/java-webapp-914238/config/web?api-version=2024-04-01",
      "RequestMethod": "PUT",
      "RequestHeaders": {
        "Accept": "application/json",
        "Authorization": "Sanitized",
        "Content-Length": "113",
        "Content-Type": "application/json",
        "Date": "Wed, 13 Nov 2024 09:52:42 GMT",
        "User-Agent": "azsdk-java-com.azure.resourcemanager.appservice/2.45.0-beta.1 (17.0.7; Windows 11; 10.0)",
        "x-ms-client-request-id": "Sanitized",
        "x-ms-return-client-request-id": "true"
      },
      "RequestBody": {
        "properties": {
          "remoteDebuggingEnabled": true,
          "remoteDebuggingVersion": "VS2022",
          "publicNetworkAccess": "Disabled"
        }
      },
      "StatusCode": 200,
      "ResponseHeaders": {
        "Cache-Control": "no-cache",
        "Content-Length": "4107",
        "Content-Type": "application/json",
        "Date": "Wed, 13 Nov 2024 09:52:45 GMT",
        "ETag": "\"1DB35B1C84D7D4B\"",
        "Expires": "-1",
        "Pragma": "no-cache",
        "Strict-Transport-Security": "max-age=31536000; includeSubDomains",
        "X-AspNet-Version": "4.0.30319",
        "X-Cache": "CONFIG_NOCACHE",
        "X-Content-Type-Options": "nosniff",
        "x-ms-correlation-request-id": "d50ad74f-acd2-4d35-a24a-4391e60a34c1",
        "x-ms-ratelimit-remaining-subscription-global-writes": "11999",
        "x-ms-ratelimit-remaining-subscription-writes": "799",
        "x-ms-request-id": "Sanitized",
        "x-ms-routing-request-id": "MALAYSIASOUTH:20241113T095245Z:d50ad74f-acd2-4d35-a24a-4391e60a34c1",
        "X-MSEdge-Ref": "Ref A: 28FFB4CF21264921AB25F5A2C4A4D7B0 Ref B: MAA201060516047 Ref C: 2024-11-13T09:52:43Z",
        "X-Powered-By": "ASP.NET"
      },
      "ResponseBody": {
        "id": "/subscriptions/00000000-0000-0000-0000-000000000000/resourceGroups/javacsmrg79556dba/providers/Microsoft.Web/sites/java-webapp-914238",
        "name": "java-webapp-914238",
        "type": "Microsoft.Web/sites",
        "location": "West US",
        "tags": {},
        "properties": {
          "numberOfWorkers": 1,
          "defaultDocuments": [
            "Default.htm",
            "Default.html",
            "Default.asp",
            "index.htm",
            "index.html",
            "iisstart.htm",
            "default.aspx",
            "index.php",
            "hostingstart.html"
          ],
          "netFrameworkVersion": "v4.0",
          "phpVersion": "5.6",
          "pythonVersion": "",
          "nodeVersion": "",
          "powerShellVersion": "",
          "linuxFxVersion": "",
          "windowsFxVersion": null,
          "windowsConfiguredStacks": [],
          "requestTracingEnabled": false,
          "remoteDebuggingEnabled": true,
          "remoteDebuggingVersion": "VS2022",
          "httpLoggingEnabled": false,
          "azureMonitorLogCategories": null,
          "acrUseManagedIdentityCreds": false,
          "acrUserManagedIdentityID": null,
          "logsDirectorySizeLimit": 35,
          "detailedErrorLoggingEnabled": false,
          "publishingUsername": "REDACTED",
          "publishingPassword": null,
          "appSettings": null,
          "metadata": null,
          "connectionStrings": null,
          "machineKey": null,
          "handlerMappings": null,
          "documentRoot": null,
          "scmType": "None",
          "use32BitWorkerProcess": true,
          "webSocketsEnabled": false,
          "alwaysOn": false,
          "javaVersion": null,
          "javaContainer": null,
          "javaContainerVersion": null,
          "appCommandLine": "",
          "managedPipelineMode": "Integrated",
          "virtualApplications": [
            {
              "virtualPath": "/",
              "physicalPath": "site\\wwwroot",
              "preloadEnabled": false,
              "virtualDirectories": null
            }
          ],
          "winAuthAdminState": 0,
          "winAuthTenantState": 0,
          "customAppPoolIdentityAdminState": false,
          "customAppPoolIdentityTenantState": false,
          "runtimeADUser": null,
          "runtimeADUserPassword": null,
          "loadBalancing": "LeastRequests",
          "routingRules": [],
          "experiments": {
            "rampUpRules": []
          },
          "limits": null,
          "autoHealEnabled": false,
          "autoHealRules": null,
          "tracingOptions": null,
          "vnetName": "",
          "vnetRouteAllEnabled": false,
          "vnetPrivatePortsCount": 0,
          "publicNetworkAccess": "Disabled",
          "siteAuthEnabled": false,
          "siteAuthSettings": {
            "enabled": null,
            "unauthenticatedClientAction": null,
            "tokenStoreEnabled": null,
            "allowedExternalRedirectUrls": null,
            "defaultProvider": null,
            "clientId": null,
            "clientSecret": null,
            "clientSecretSettingName": null,
            "clientSecretCertificateThumbprint": null,
            "issuer": null,
            "allowedAudiences": null,
            "additionalLoginParams": null,
            "isAadAutoProvisioned": false,
            "aadClaimsAuthorization": null,
            "googleClientId": null,
            "googleClientSecret": null,
            "googleClientSecretSettingName": null,
            "googleOAuthScopes": null,
            "facebookAppId": null,
            "facebookAppSecret": null,
            "facebookAppSecretSettingName": null,
            "facebookOAuthScopes": null,
            "gitHubClientId": null,
            "gitHubClientSecret": null,
            "gitHubClientSecretSettingName": null,
            "gitHubOAuthScopes": null,
            "twitterConsumerKey": null,
            "twitterConsumerSecret": null,
            "twitterConsumerSecretSettingName": null,
            "microsoftAccountClientId": null,
            "microsoftAccountClientSecret": null,
            "microsoftAccountClientSecretSettingName": null,
            "microsoftAccountOAuthScopes": null,
            "configVersion": null
          },
          "cors": null,
          "push": null,
          "apiDefinition": null,
          "apiManagementConfig": null,
          "autoSwapSlotName": null,
          "localMySqlEnabled": false,
          "managedServiceIdentityId": null,
          "xManagedServiceIdentityId": null,
          "keyVaultReferenceIdentity": null,
          "ipSecurityRestrictions": [
            {
              "ipAddress": "Any",
              "action": "Allow",
              "priority": 2147483647,
              "name": "Allow all",
              "description": "Allow all access"
            }
          ],
          "ipSecurityRestrictionsDefaultAction": null,
          "scmIpSecurityRestrictions": [
            {
              "ipAddress": "Any",
              "action": "Allow",
              "priority": 2147483647,
              "name": "Allow all",
              "description": "Allow all access"
            }
          ],
          "scmIpSecurityRestrictionsDefaultAction": null,
          "scmIpSecurityRestrictionsUseMain": false,
          "http20Enabled": false,
          "minTlsVersion": "1.2",
          "minTlsCipherSuite": null,
          "scmMinTlsCipherSuite": null,
          "supportedTlsCipherSuites": null,
          "scmSupportedTlsCipherSuites": null,
          "scmMinTlsVersion": "1.2",
          "ftpsState": "FtpsOnly",
          "preWarmedInstanceCount": 0,
          "functionAppScaleLimit": null,
          "elasticWebAppScaleLimit": 0,
          "healthCheckPath": null,
          "fileChangeAuditEnabled": false,
          "functionsRuntimeScaleMonitoringEnabled": false,
          "websiteTimeZone": null,
          "minimumElasticInstanceCount": 0,
          "azureStorageAccounts": {},
          "http20ProxyFlag": 0,
          "sitePort": null,
          "antivirusScanEnabled": false,
          "storageType": "StorageVolume",
          "sitePrivateLinkHostEnabled": false,
          "clusteringEnabled": false
        }
      }
    },
    {
      "RequestUri": "https://REDACTED/subscriptions/00000000-0000-0000-0000-000000000000/resourceGroups/javacsmrg79556dba/providers/Microsoft.Web/sites/java-webapp-914238?api-version=2024-04-01",
      "RequestMethod": "GET",
      "RequestHeaders": {
        "Accept": "application/json",
        "Authorization": "Sanitized",
        "Content-Length": "0",
        "Content-Type": "application/json",
        "Date": "Wed, 13 Nov 2024 09:52:45 GMT",
        "User-Agent": "azsdk-java-com.azure.resourcemanager.appservice/2.45.0-beta.1 (17.0.7; Windows 11; 10.0)",
        "x-ms-client-request-id": "Sanitized",
        "x-ms-return-client-request-id": "true"
      },
      "RequestBody": null,
      "StatusCode": 200,
      "ResponseHeaders": {
        "Cache-Control": "no-cache",
        "Content-Length": "7278",
        "Content-Type": "application/json",
        "Date": "Wed, 13 Nov 2024 09:52:46 GMT",
        "ETag": "\"1DB35B1C9F7B7E0\"",
        "Expires": "-1",
        "Pragma": "no-cache",
        "Strict-Transport-Security": "max-age=31536000; includeSubDomains",
        "X-AspNet-Version": "4.0.30319",
        "X-Cache": "CONFIG_NOCACHE",
        "X-Content-Type-Options": "nosniff",
        "x-ms-correlation-request-id": "aa38f087-c559-454d-8780-ec2c514c570c",
        "x-ms-ratelimit-remaining-subscription-global-reads": "16499",
        "x-ms-ratelimit-remaining-subscription-reads": "1099",
        "x-ms-request-id": "Sanitized",
        "x-ms-routing-request-id": "MALAYSIASOUTH:20241113T095246Z:aa38f087-c559-454d-8780-ec2c514c570c",
        "X-MSEdge-Ref": "Ref A: 7272ED17A20B486F91ACB57B7F185666 Ref B: MAA201060516047 Ref C: 2024-11-13T09:52:45Z",
        "X-Powered-By": "ASP.NET"
      },
      "ResponseBody": {
        "id": "/subscriptions/00000000-0000-0000-0000-000000000000/resourceGroups/javacsmrg79556dba/providers/Microsoft.Web/sites/java-webapp-914238",
        "name": "java-webapp-914238",
        "type": "Microsoft.Web/sites",
        "kind": "app",
        "location": "West US",
        "tags": {},
        "properties": {
          "name": "java-webapp-914238",
          "state": "Running",
          "hostNames": [
            "java-webapp-914238.azurewebsites.net"
          ],
          "webSpace": "javacsmrg79556dba-WestUSwebspace",
          "selfLink": "https://waws-prod-bay-153.api.azurewebsites.windows.net:454/subscriptions/faa080af-c1d8-40ad-9cce-e1a450ca5b57/webspaces/javacsmrg79556dba-WestUSwebspace/sites/java-webapp-914238",
          "repositorySiteName": "java-webapp-914238",
          "owner": null,
          "usageState": "Normal",
          "enabled": true,
          "adminEnabled": true,
          "siteScopedCertificatesEnabled": false,
          "afdEnabled": false,
          "enabledHostNames": [
            "java-webapp-914238.azurewebsites.net",
            "java-webapp-914238.scm.azurewebsites.net"
          ],
          "siteProperties": {
            "metadata": null,
            "properties": [
              {
                "name": "LinuxFxVersion",
                "value": ""
              },
              {
                "name": "WindowsFxVersion",
                "value": null
              }
            ],
            "appSettings": null
          },
          "availabilityState": "Normal",
          "sslCertificates": null,
          "csrs": [],
          "cers": null,
          "siteMode": null,
          "hostNameSslStates": [
            {
              "name": "java-webapp-914238.azurewebsites.net",
              "sslState": "Disabled",
              "ipBasedSslResult": null,
              "virtualIP": null,
              "virtualIPv6": null,
              "thumbprint": null,
              "certificateResourceId": null,
              "toUpdate": null,
              "toUpdateIpBasedSsl": null,
              "ipBasedSslState": "NotConfigured",
              "hostType": "Standard"
            },
            {
              "name": "java-webapp-914238.scm.azurewebsites.net",
              "sslState": "Disabled",
              "ipBasedSslResult": null,
              "virtualIP": null,
              "virtualIPv6": null,
              "thumbprint": null,
              "certificateResourceId": null,
              "toUpdate": null,
              "toUpdateIpBasedSsl": null,
              "ipBasedSslState": "NotConfigured",
              "hostType": "Repository"
            }
          ],
          "computeMode": null,
          "serverFarm": null,
          "serverFarmId": "/subscriptions/faa080af-c1d8-40ad-9cce-e1a450ca5b57/resourceGroups/javacsmrg79556dba/providers/Microsoft.Web/serverfarms/java-asp-51837ec4",
          "reserved": false,
          "isXenon": false,
          "hyperV": false,
          "lastModifiedTimeUtc": "2024-11-13T09:52:45.15",
          "storageRecoveryDefaultState": "Running",
          "contentAvailabilityState": "Normal",
          "runtimeAvailabilityState": "Normal",
          "dnsConfiguration": {},
          "vnetRouteAllEnabled": false,
          "containerAllocationSubnet": null,
          "useContainerLocalhostBindings": null,
          "vnetImagePullEnabled": false,
          "vnetContentShareEnabled": false,
          "outboundVnetRouting": null,
          "siteConfig": {
            "numberOfWorkers": 1,
            "defaultDocuments": null,
            "netFrameworkVersion": null,
            "phpVersion": null,
            "pythonVersion": null,
            "nodeVersion": null,
            "powerShellVersion": null,
            "linuxFxVersion": "",
            "windowsFxVersion": null,
            "windowsConfiguredStacks": null,
            "requestTracingEnabled": null,
            "remoteDebuggingEnabled": null,
            "remoteDebuggingVersion": null,
            "httpLoggingEnabled": null,
            "azureMonitorLogCategories": null,
            "acrUseManagedIdentityCreds": false,
            "acrUserManagedIdentityID": null,
            "logsDirectorySizeLimit": null,
            "detailedErrorLoggingEnabled": null,
            "publishingUsername": null,
            "publishingPassword": null,
            "appSettings": null,
            "metadata": null,
            "connectionStrings": null,
            "machineKey": null,
            "handlerMappings": null,
            "documentRoot": null,
            "scmType": null,
            "use32BitWorkerProcess": null,
            "webSocketsEnabled": null,
            "alwaysOn": false,
            "javaVersion": null,
            "javaContainer": null,
            "javaContainerVersion": null,
            "appCommandLine": null,
            "managedPipelineMode": null,
            "virtualApplications": null,
            "winAuthAdminState": null,
            "winAuthTenantState": null,
            "customAppPoolIdentityAdminState": null,
            "customAppPoolIdentityTenantState": null,
            "runtimeADUser": null,
            "runtimeADUserPassword": null,
            "loadBalancing": null,
            "routingRules": null,
            "experiments": null,
            "limits": null,
            "autoHealEnabled": null,
            "autoHealRules": null,
            "tracingOptions": null,
            "vnetName": null,
            "vnetRouteAllEnabled": null,
            "vnetPrivatePortsCount": null,
            "publicNetworkAccess": null,
            "cors": null,
            "push": null,
            "apiDefinition": null,
            "apiManagementConfig": null,
            "autoSwapSlotName": null,
            "localMySqlEnabled": null,
            "managedServiceIdentityId": null,
            "xManagedServiceIdentityId": null,
            "keyVaultReferenceIdentity": null,
            "ipSecurityRestrictions": null,
            "ipSecurityRestrictionsDefaultAction": null,
            "scmIpSecurityRestrictions": null,
            "scmIpSecurityRestrictionsDefaultAction": null,
            "scmIpSecurityRestrictionsUseMain": null,
            "http20Enabled": false,
            "minTlsVersion": null,
            "minTlsCipherSuite": null,
            "scmMinTlsCipherSuite": null,
            "supportedTlsCipherSuites": null,
            "scmSupportedTlsCipherSuites": null,
            "scmMinTlsVersion": null,
            "ftpsState": null,
            "preWarmedInstanceCount": null,
            "functionAppScaleLimit": 0,
            "elasticWebAppScaleLimit": null,
            "healthCheckPath": null,
            "fileChangeAuditEnabled": null,
            "functionsRuntimeScaleMonitoringEnabled": null,
            "websiteTimeZone": null,
            "minimumElasticInstanceCount": 0,
            "azureStorageAccounts": null,
            "http20ProxyFlag": null,
            "sitePort": null,
            "antivirusScanEnabled": null,
            "storageType": null,
            "sitePrivateLinkHostEnabled": null,
            "clusteringEnabled": false
          },
          "functionAppConfig": null,
          "daprConfig": null,
          "deploymentId": "java-webapp-914238",
          "slotName": null,
          "trafficManagerHostNames": null,
          "sku": "Basic",
          "scmSiteAlsoStopped": false,
          "targetSwapSlot": null,
          "hostingEnvironment": null,
          "hostingEnvironmentProfile": null,
          "clientAffinityEnabled": true,
          "clientAffinityProxyEnabled": false,
          "blockPathTraversal": false,
          "clientCertEnabled": false,
          "clientCertMode": "Required",
          "clientCertExclusionPaths": null,
          "hostNamesDisabled": false,
          "ipMode": "IPv4",
          "vnetBackupRestoreEnabled": false,
          "domainVerificationIdentifiers": null,
          "customDomainVerificationId": "952E2B5B449FE1809E86B56F4189627111A065213A56FF099BE2E8782C9EB920",
          "kind": "app",
          "managedEnvironmentId": null,
          "workloadProfileName": null,
          "resourceConfig": null,
          "inboundIpAddress": "40.82.255.131",
          "possibleInboundIpAddresses": "40.82.255.131",
          "ftpUsername": "java-webapp-914238\\$java-webapp-914238",
          "ftpsHostName": "ftps://waws-prod-bay-153.ftp.azurewebsites.windows.net/site/wwwroot",
          "outboundIpAddresses": "13.88.81.111,13.88.84.95,13.88.86.81,13.88.87.93,13.83.144.104,13.83.145.146,40.82.255.131",
          "possibleOutboundIpAddresses": "13.88.81.111,13.88.84.95,13.88.86.81,13.88.87.93,13.83.144.104,13.83.145.146,13.83.146.9,13.83.147.43,13.83.148.114,13.83.151.29,13.86.136.96,13.86.136.123,13.86.136.181,13.86.136.217,13.86.137.151,13.86.137.203,13.86.138.71,13.86.138.178,13.86.138.221,13.86.141.7,13.86.141.166,13.86.142.62,13.86.142.66,13.86.142.87,13.86.143.76,13.86.143.112,13.86.143.182,13.86.137.194,13.86.138.2,13.86.138.238,40.82.255.131",
          "containerSize": 0,
          "dailyMemoryTimeQuota": 0,
          "suspendedTill": null,
          "siteDisabledReason": 0,
          "functionExecutionUnitsCache": null,
          "maxNumberOfWorkers": null,
          "homeStamp": "waws-prod-bay-153",
          "cloningInfo": null,
          "hostingEnvironmentId": null,
          "tags": {},
          "resourceGroup": "Sanitized",
          "defaultHostName": "java-webapp-914238.azurewebsites.net",
          "slotSwapStatus": null,
          "httpsOnly": false,
          "endToEndEncryptionEnabled": false,
          "functionsRuntimeAdminIsolationEnabled": false,
          "redundancyMode": "None",
          "inProgressOperationId": null,
          "geoDistributions": null,
          "privateEndpointConnections": [],
          "publicNetworkAccess": "Disabled",
          "buildVersion": null,
          "targetBuildVersion": null,
          "migrationState": null,
          "eligibleLogCategories": "AppServiceAppLogs,AppServiceAuditLogs,AppServiceConsoleLogs,AppServiceHTTPLogs,AppServiceIPSecAuditLogs,AppServicePlatformLogs,ScanLogs,AppServiceAuthenticationLogs",
          "inFlightFeatures": [
            "SiteContainers"
          ],
          "storageAccountRequired": false,
          "virtualNetworkSubnetId": null,
          "keyVaultReferenceIdentity": "SystemAssigned",
          "autoGeneratedDomainNameLabelScope": null,
          "defaultHostNameScope": "Global",
          "privateLinkIdentifiers": null,
          "sshEnabled": null
        }
      }
    },
    {
      "RequestUri": "https://REDACTED/subscriptions/00000000-0000-0000-0000-000000000000/resourceGroups/javacsmrg79556dba/providers/Microsoft.Web/sites/java-webapp-914238/config/web?api-version=2024-04-01",
      "RequestMethod": "GET",
      "RequestHeaders": {
        "Accept": "application/json",
        "Authorization": "Sanitized",
        "Content-Length": "0",
        "Content-Type": "application/json",
        "Date": "Wed, 13 Nov 2024 09:52:45 GMT",
        "User-Agent": "azsdk-java-com.azure.resourcemanager.appservice/2.45.0-beta.1 (17.0.7; Windows 11; 10.0)",
        "x-ms-client-request-id": "Sanitized",
        "x-ms-return-client-request-id": "true"
      },
      "RequestBody": null,
      "StatusCode": 200,
      "ResponseHeaders": {
        "Cache-Control": "no-cache",
        "Content-Length": "4125",
        "Content-Type": "application/json",
        "Date": "Wed, 13 Nov 2024 09:52:46 GMT",
        "Expires": "-1",
        "Pragma": "no-cache",
        "Strict-Transport-Security": "max-age=31536000; includeSubDomains",
        "X-AspNet-Version": "4.0.30319",
        "X-Cache": "CONFIG_NOCACHE",
        "X-Content-Type-Options": "nosniff",
        "x-ms-correlation-request-id": "6302f34a-0ccc-4614-8fc4-93df8a0a8980",
        "x-ms-ratelimit-remaining-subscription-global-reads": "16499",
        "x-ms-ratelimit-remaining-subscription-reads": "1099",
        "x-ms-request-id": "Sanitized",
        "x-ms-routing-request-id": "MALAYSIASOUTH:20241113T095246Z:6302f34a-0ccc-4614-8fc4-93df8a0a8980",
        "X-MSEdge-Ref": "Ref A: A8A6CA3698CE4D478A369C58DF6D73E8 Ref B: MAA201060516047 Ref C: 2024-11-13T09:52:46Z",
        "X-Powered-By": "ASP.NET"
      },
      "ResponseBody": {
        "id": "/subscriptions/00000000-0000-0000-0000-000000000000/resourceGroups/javacsmrg79556dba/providers/Microsoft.Web/sites/java-webapp-914238/config/web",
        "name": "java-webapp-914238",
        "type": "Microsoft.Web/sites/config",
        "location": "West US",
        "tags": {},
        "properties": {
          "numberOfWorkers": 1,
          "defaultDocuments": [
            "Default.htm",
            "Default.html",
            "Default.asp",
            "index.htm",
            "index.html",
            "iisstart.htm",
            "default.aspx",
            "index.php",
            "hostingstart.html"
          ],
          "netFrameworkVersion": "v4.0",
          "phpVersion": "5.6",
          "pythonVersion": "",
          "nodeVersion": "",
          "powerShellVersion": "",
          "linuxFxVersion": "",
          "windowsFxVersion": null,
          "windowsConfiguredStacks": [],
          "requestTracingEnabled": false,
          "remoteDebuggingEnabled": true,
          "remoteDebuggingVersion": "VS2022",
          "httpLoggingEnabled": false,
          "azureMonitorLogCategories": null,
          "acrUseManagedIdentityCreds": false,
          "acrUserManagedIdentityID": null,
          "logsDirectorySizeLimit": 35,
          "detailedErrorLoggingEnabled": false,
          "publishingUsername": "REDACTED",
          "publishingPassword": null,
          "appSettings": null,
          "metadata": null,
          "connectionStrings": null,
          "machineKey": null,
          "handlerMappings": null,
          "documentRoot": null,
          "scmType": "None",
          "use32BitWorkerProcess": true,
          "webSocketsEnabled": false,
          "alwaysOn": false,
          "javaVersion": null,
          "javaContainer": null,
          "javaContainerVersion": null,
          "appCommandLine": "",
          "managedPipelineMode": "Integrated",
          "virtualApplications": [
            {
              "virtualPath": "/",
              "physicalPath": "site\\wwwroot",
              "preloadEnabled": false,
              "virtualDirectories": null
            }
          ],
          "winAuthAdminState": 0,
          "winAuthTenantState": 0,
          "customAppPoolIdentityAdminState": false,
          "customAppPoolIdentityTenantState": false,
          "runtimeADUser": null,
          "runtimeADUserPassword": null,
          "loadBalancing": "LeastRequests",
          "routingRules": [],
          "experiments": {
            "rampUpRules": []
          },
          "limits": null,
          "autoHealEnabled": false,
          "autoHealRules": null,
          "tracingOptions": null,
          "vnetName": "",
          "vnetRouteAllEnabled": false,
          "vnetPrivatePortsCount": 0,
          "publicNetworkAccess": "Disabled",
          "siteAuthEnabled": false,
          "siteAuthSettings": {
            "enabled": null,
            "unauthenticatedClientAction": null,
            "tokenStoreEnabled": null,
            "allowedExternalRedirectUrls": null,
            "defaultProvider": null,
            "clientId": null,
            "clientSecret": null,
            "clientSecretSettingName": null,
            "clientSecretCertificateThumbprint": null,
            "issuer": null,
            "allowedAudiences": null,
            "additionalLoginParams": null,
            "isAadAutoProvisioned": false,
            "aadClaimsAuthorization": null,
            "googleClientId": null,
            "googleClientSecret": null,
            "googleClientSecretSettingName": null,
            "googleOAuthScopes": null,
            "facebookAppId": null,
            "facebookAppSecret": null,
            "facebookAppSecretSettingName": null,
            "facebookOAuthScopes": null,
            "gitHubClientId": null,
            "gitHubClientSecret": null,
            "gitHubClientSecretSettingName": null,
            "gitHubOAuthScopes": null,
            "twitterConsumerKey": null,
            "twitterConsumerSecret": null,
            "twitterConsumerSecretSettingName": null,
            "microsoftAccountClientId": null,
            "microsoftAccountClientSecret": null,
            "microsoftAccountClientSecretSettingName": null,
            "microsoftAccountOAuthScopes": null,
            "configVersion": null
          },
          "cors": null,
          "push": null,
          "apiDefinition": null,
          "apiManagementConfig": null,
          "autoSwapSlotName": null,
          "localMySqlEnabled": false,
          "managedServiceIdentityId": null,
          "xManagedServiceIdentityId": null,
          "keyVaultReferenceIdentity": null,
          "ipSecurityRestrictions": [
            {
              "ipAddress": "Any",
              "action": "Allow",
              "priority": 2147483647,
              "name": "Allow all",
              "description": "Allow all access"
            }
          ],
          "ipSecurityRestrictionsDefaultAction": null,
          "scmIpSecurityRestrictions": [
            {
              "ipAddress": "Any",
              "action": "Allow",
              "priority": 2147483647,
              "name": "Allow all",
              "description": "Allow all access"
            }
          ],
          "scmIpSecurityRestrictionsDefaultAction": null,
          "scmIpSecurityRestrictionsUseMain": false,
          "http20Enabled": false,
          "minTlsVersion": "1.2",
          "minTlsCipherSuite": null,
          "scmMinTlsCipherSuite": null,
          "supportedTlsCipherSuites": null,
          "scmSupportedTlsCipherSuites": null,
          "scmMinTlsVersion": "1.2",
          "ftpsState": "FtpsOnly",
          "preWarmedInstanceCount": 0,
          "functionAppScaleLimit": null,
          "elasticWebAppScaleLimit": 0,
          "healthCheckPath": null,
          "fileChangeAuditEnabled": false,
          "functionsRuntimeScaleMonitoringEnabled": false,
          "websiteTimeZone": null,
          "minimumElasticInstanceCount": 0,
          "azureStorageAccounts": {},
          "http20ProxyFlag": 0,
          "sitePort": null,
          "antivirusScanEnabled": false,
          "storageType": "StorageVolume",
          "sitePrivateLinkHostEnabled": false,
          "clusteringEnabled": false
        }
      }
    },
    {
      "RequestUri": "https://REDACTED/subscriptions/00000000-0000-0000-0000-000000000000/resourcegroups/javacsmrg09857657?api-version=2024-03-01",
      "RequestMethod": "DELETE",
      "RequestHeaders": {
        "Accept": "application/json",
        "Authorization": "Sanitized",
        "Content-Length": "0",
        "Content-Type": "application/json",
        "Date": "Wed, 13 Nov 2024 09:52:46 GMT",
        "User-Agent": "azsdk-java-com.azure.resourcemanager.resources/2.45.0-beta.1 (17.0.7; Windows 11; 10.0)",
        "x-ms-client-request-id": "Sanitized",
        "x-ms-return-client-request-id": "true"
      },
      "RequestBody": null,
      "StatusCode": 202,
      "ResponseHeaders": {
        "Cache-Control": "no-cache",
        "Content-Length": "0",
        "Date": "Wed, 13 Nov 2024 09:52:48 GMT",
        "Expires": "-1",
        "Location": "https://REDACTED.azure.com/subscriptions/faa080af-c1d8-40ad-9cce-e1a450ca5b57/operationresults/eyJqb2JJZCI6IlJFU09VUkNFR1JPVVBERUxFVElPTkpPQi1KQVZBQ1NNUkcwOTg1NzY1Ny1XRVNUVVMiLCJqb2JMb2NhdGlvbiI6Indlc3R1cyJ9?api-version=2024-03-01&t=638670883689590053&c=MIIINDCCBxygAwIBAgITOgQIaighXFnDPigDxQAEBAhqKDANBgkqhkiG9w0BAQsFADBEMRMwEQYKCZImiZPyLGQBGRYDR0JMMRMwEQYKCZImiZPyLGQBGRYDQU1FMRgwFgYDVQQDEw9BTUUgSU5GUkEgQ0EgMDEwHhcNMjQxMTA2MDIzNzQ5WhcNMjUxMTAxMDIzNzQ5WjCBjDELMAkGA1UEBhMCVVMxCzAJBgNVBAgTAldBMRAwDgYDVQQHEwdSZWRtb25kMR4wHAYDVQQKExVNaWNyb3NvZnQgQ29ycG9yYXRpb24xPjA8BgNVBAMTNWFzeW5jb3BlcmF0aW9uc2lnbmluZ2NlcnRpZmljYXRlLm1hbmFnZW1lbnQuYXp1cmUuY29tMIIBIjANBgkqhkiG9w0BAQEFAAOCAQ8AMIIBCgKCAQEA0i1k-UCAu7kX3vQYFb-teyJhiq7vGeJRH2KqBylgDRG9XX688GXVKHB1RlqQmdqU4yFVBmQjC83sSzpFhFaOnL7bjbi06zegEcNCxqgq-MDMbHbJRPTt9D7mGJXbXfD82kcsIJa6_9oChV_lmSTBCgyvW-PvTnwLsztRqSbdNWjZhLCiKnwwb6kUsAuq28tjq7kp07rNeyPCeyAccrWWGOyI7K5A3kAzgd5Xdqs_V2aXuqVPxG_T6SHwDdqamRDOV4pEi2yYS6ujPtR7QbxlVuYThl83n8pxkAK7HJLLqILjK6gxvt5eOTFHLyBuXY_IJX-J66tGMQWyJm1xILP9cQIDAQABo4IE1DCCBNAwJwYJKwYBBAGCNxUKBBowGDAKBggrBgEFBQcDATAKBggrBgEFBQcDAjA9BgkrBgEEAYI3FQcEMDAuBiYrBgEEAYI3FQiGkOMNhNW0eITxiz6Fm90Wzp0SgWCC9fYrg_LRIAIBZAIBCjCCAdoGCCsGAQUFBwEBBIIBzDCCAcgwZgYIKwYBBQUHMAKGWmh0dHA6Ly9jcmwubWljcm9zb2Z0LmNvbS9wa2lpbmZyYS9DZXJ0cy9CWTJQS0lJTlRDQTAxLkFNRS5HQkxfQU1FJTIwSU5GUkElMjBDQSUyMDAxKDQpLmNydDBWBggrBgEFBQcwAoZKaHR0cDovL2NybDEuYW1lLmdibC9haWEvQlkyUEtJSU5UQ0EwMS5BTUUuR0JMX0FNRSUyMElORlJBJTIwQ0ElMjAwMSg0KS5jcnQwVgYIKwYBBQUHMAKGSmh0dHA6Ly9jcmwyLmFtZS5nYmwvYWlhL0JZMlBLSUlOVENBMDEuQU1FLkdCTF9BTUUlMjBJTkZSQSUyMENBJTIwMDEoNCkuY3J0MFYGCCsGAQUFBzAChkpodHRwOi8vY3JsMy5hbWUuZ2JsL2FpYS9CWTJQS0lJTlRDQTAxLkFNRS5HQkxfQU1FJTIwSU5GUkElMjBDQSUyMDAxKDQpLmNydDBWBggrBgEFBQcwAoZKaHR0cDovL2NybDQuYW1lLmdibC9haWEvQlkyUEtJSU5UQ0EwMS5BTUUuR0JMX0FNRSUyMElORlJBJTIwQ0ElMjAwMSg0KS5jcnQwHQYDVR0OBBYEFAKriQeO8eD2nDTMPGYZMZSHuDBzMA4GA1UdDwEB_wQEAwIFoDBABgNVHREEOTA3gjVhc3luY29wZXJhdGlvbnNpZ25pbmdjZXJ0aWZpY2F0ZS5tYW5hZ2VtZW50LmF6dXJlLmNvbTCCATUGA1UdHwSCASwwggEoMIIBJKCCASCgggEchkJodHRwOi8vY3JsLm1pY3Jvc29mdC5jb20vcGtpaW5mcmEvQ1JML0FNRSUyMElORlJBJTIwQ0ElMjAwMSg0KS5jcmyGNGh0dHA6Ly9jcmwxLmFtZS5nYmwvY3JsL0FNRSUyMElORlJBJTIwQ0ElMjAwMSg0KS5jcmyGNGh0dHA6Ly9jcmwyLmFtZS5nYmwvY3JsL0FNRSUyMElORlJBJTIwQ0ElMjAwMSg0KS5jcmyGNGh0dHA6Ly9jcmwzLmFtZS5nYmwvY3JsL0FNRSUyMElORlJBJTIwQ0ElMjAwMSg0KS5jcmyGNGh0dHA6Ly9jcmw0LmFtZS5nYmwvY3JsL0FNRSUyMElORlJBJTIwQ0ElMjAwMSg0KS5jcmwwgZ0GA1UdIASBlTCBkjAMBgorBgEEAYI3ewEBMGYGCisGAQQBgjd7AgIwWDBWBggrBgEFBQcCAjBKHkgAMwAzAGUAMAAxADkAMgAxAC0ANABkADYANAAtADQAZgA4AGMALQBhADAANQA1AC0ANQBiAGQAYQBmAGYAZAA1AGUAMwAzAGQwDAYKKwYBBAGCN3sDATAMBgorBgEEAYI3ewQCMB8GA1UdIwQYMBaAFOXZm2f8-Oy6u_DAqJ2KV4i53z5jMB0GA1UdJQQWMBQGCCsGAQUFBwMBBggrBgEFBQcDAjANBgkqhkiG9w0BAQsFAAOCAQEACtjPtUkpEdSysnJuHfnygSWANpq0sg6U06i26VWkIZZUg5TU0HeIgjps8JYeZHJe4-tF2TTvL06KhYDJcPGIOoRhDdPvT4PqMsB80fSDK6Xkt5t3YqDLFmY7QZdPX_uvUETAFG7B5lNiRCc5cbQ7RDBO5NnqH0UDLVnSOMuvVLHs9sbm3LQBB5SFu6mYrZr-ORc_27ui1m7BBlFsWUtZ2XxXwG4ZkyagYs3VU_QExfmv-mZSo2KwHHlEVC8fRD5QocB2qiMiZB7nEMWOjLpw8TImrZt20djxt4Fje1GyEEFh8Kcz_T_03GtvJyqzdc-FB0EFeEj32oPTG2TMRLUs2A&s=jjVSALq5DUaFweAe4dFD5GfoH-eUeFQyJmQszhqgsVPPPJAXfrqqg95t-eAIsk5v61p6wMShvC464sqx51rWuTSLMLxzX-DPERWE7Zj24ROgw5j2wU3vUSKhweppLnP7PiEQISvCc3rliFF80ujlhQ5CDeyTvuorr6aujTTYr6onnhrA6CZOtO58zDkzYDPKaZjk-HSqtpfo8FjefYnjTC0fn99YJes5MMD1Ke1w0075v9Br3tmdo-MZdVauGQ8k2YMP8Rv1UbTZL0K0f1nUlmyZ0mE4DNGwF7-1ThrAEXJ1kQLXmjpN6ywtD2kn9pwtTUQpFEkB_1N0J_ajz5yR0A&h=qorGhlzH_z_n-FDzqbCV6bL8toUPxnPGdoTSeMrHtqY",
        "Pragma": "no-cache",
        "Retry-After": "0",
        "Strict-Transport-Security": "max-age=31536000; includeSubDomains",
        "X-Cache": "CONFIG_NOCACHE",
        "X-Content-Type-Options": "nosniff",
        "x-ms-correlation-request-id": "ee770bfc-4541-4941-a6cd-63153db8b16f",
        "x-ms-ratelimit-remaining-subscription-deletes": "799",
        "x-ms-ratelimit-remaining-subscription-global-deletes": "11999",
        "x-ms-request-id": "Sanitized",
        "x-ms-routing-request-id": "MALAYSIASOUTH:20241113T095248Z:ee770bfc-4541-4941-a6cd-63153db8b16f",
        "X-MSEdge-Ref": "Ref A: 5E9A47FA399B48DE9D7BB78C7CAD2B28 Ref B: MAA201060516047 Ref C: 2024-11-13T09:52:47Z"
      },
      "ResponseBody": null
    },
    {
      "RequestUri": "https://REDACTED/subscriptions/00000000-0000-0000-0000-000000000000/resourcegroups/javacsmrg79556dba?api-version=2024-03-01",
      "RequestMethod": "DELETE",
      "RequestHeaders": {
        "Accept": "application/json",
        "Authorization": "Sanitized",
        "Content-Length": "0",
        "Content-Type": "application/json",
        "Date": "Wed, 13 Nov 2024 09:52:48 GMT",
        "User-Agent": "azsdk-java-com.azure.resourcemanager.resources/2.45.0-beta.1 (17.0.7; Windows 11; 10.0)",
        "x-ms-client-request-id": "Sanitized",
        "x-ms-return-client-request-id": "true"
      },
      "RequestBody": null,
      "StatusCode": 202,
      "ResponseHeaders": {
        "Cache-Control": "no-cache",
        "Content-Length": "0",
        "Date": "Wed, 13 Nov 2024 09:52:50 GMT",
        "Expires": "-1",
        "Location": "https://REDACTED.azure.com/subscriptions/faa080af-c1d8-40ad-9cce-e1a450ca5b57/operationresults/eyJqb2JJZCI6IlJFU09VUkNFR1JPVVBERUxFVElPTkpPQi1KQVZBQ1NNUkc3OTU1NkRCQS1XRVNUVVMiLCJqb2JMb2NhdGlvbiI6Indlc3R1cyJ9?api-version=2024-03-01&t=638670883707412663&c=MIIINDCCBxygAwIBAgITOgQIaighXFnDPigDxQAEBAhqKDANBgkqhkiG9w0BAQsFADBEMRMwEQYKCZImiZPyLGQBGRYDR0JMMRMwEQYKCZImiZPyLGQBGRYDQU1FMRgwFgYDVQQDEw9BTUUgSU5GUkEgQ0EgMDEwHhcNMjQxMTA2MDIzNzQ5WhcNMjUxMTAxMDIzNzQ5WjCBjDELMAkGA1UEBhMCVVMxCzAJBgNVBAgTAldBMRAwDgYDVQQHEwdSZWRtb25kMR4wHAYDVQQKExVNaWNyb3NvZnQgQ29ycG9yYXRpb24xPjA8BgNVBAMTNWFzeW5jb3BlcmF0aW9uc2lnbmluZ2NlcnRpZmljYXRlLm1hbmFnZW1lbnQuYXp1cmUuY29tMIIBIjANBgkqhkiG9w0BAQEFAAOCAQ8AMIIBCgKCAQEA0i1k-UCAu7kX3vQYFb-teyJhiq7vGeJRH2KqBylgDRG9XX688GXVKHB1RlqQmdqU4yFVBmQjC83sSzpFhFaOnL7bjbi06zegEcNCxqgq-MDMbHbJRPTt9D7mGJXbXfD82kcsIJa6_9oChV_lmSTBCgyvW-PvTnwLsztRqSbdNWjZhLCiKnwwb6kUsAuq28tjq7kp07rNeyPCeyAccrWWGOyI7K5A3kAzgd5Xdqs_V2aXuqVPxG_T6SHwDdqamRDOV4pEi2yYS6ujPtR7QbxlVuYThl83n8pxkAK7HJLLqILjK6gxvt5eOTFHLyBuXY_IJX-J66tGMQWyJm1xILP9cQIDAQABo4IE1DCCBNAwJwYJKwYBBAGCNxUKBBowGDAKBggrBgEFBQcDATAKBggrBgEFBQcDAjA9BgkrBgEEAYI3FQcEMDAuBiYrBgEEAYI3FQiGkOMNhNW0eITxiz6Fm90Wzp0SgWCC9fYrg_LRIAIBZAIBCjCCAdoGCCsGAQUFBwEBBIIBzDCCAcgwZgYIKwYBBQUHMAKGWmh0dHA6Ly9jcmwubWljcm9zb2Z0LmNvbS9wa2lpbmZyYS9DZXJ0cy9CWTJQS0lJTlRDQTAxLkFNRS5HQkxfQU1FJTIwSU5GUkElMjBDQSUyMDAxKDQpLmNydDBWBggrBgEFBQcwAoZKaHR0cDovL2NybDEuYW1lLmdibC9haWEvQlkyUEtJSU5UQ0EwMS5BTUUuR0JMX0FNRSUyMElORlJBJTIwQ0ElMjAwMSg0KS5jcnQwVgYIKwYBBQUHMAKGSmh0dHA6Ly9jcmwyLmFtZS5nYmwvYWlhL0JZMlBLSUlOVENBMDEuQU1FLkdCTF9BTUUlMjBJTkZSQSUyMENBJTIwMDEoNCkuY3J0MFYGCCsGAQUFBzAChkpodHRwOi8vY3JsMy5hbWUuZ2JsL2FpYS9CWTJQS0lJTlRDQTAxLkFNRS5HQkxfQU1FJTIwSU5GUkElMjBDQSUyMDAxKDQpLmNydDBWBggrBgEFBQcwAoZKaHR0cDovL2NybDQuYW1lLmdibC9haWEvQlkyUEtJSU5UQ0EwMS5BTUUuR0JMX0FNRSUyMElORlJBJTIwQ0ElMjAwMSg0KS5jcnQwHQYDVR0OBBYEFAKriQeO8eD2nDTMPGYZMZSHuDBzMA4GA1UdDwEB_wQEAwIFoDBABgNVHREEOTA3gjVhc3luY29wZXJhdGlvbnNpZ25pbmdjZXJ0aWZpY2F0ZS5tYW5hZ2VtZW50LmF6dXJlLmNvbTCCATUGA1UdHwSCASwwggEoMIIBJKCCASCgggEchkJodHRwOi8vY3JsLm1pY3Jvc29mdC5jb20vcGtpaW5mcmEvQ1JML0FNRSUyMElORlJBJTIwQ0ElMjAwMSg0KS5jcmyGNGh0dHA6Ly9jcmwxLmFtZS5nYmwvY3JsL0FNRSUyMElORlJBJTIwQ0ElMjAwMSg0KS5jcmyGNGh0dHA6Ly9jcmwyLmFtZS5nYmwvY3JsL0FNRSUyMElORlJBJTIwQ0ElMjAwMSg0KS5jcmyGNGh0dHA6Ly9jcmwzLmFtZS5nYmwvY3JsL0FNRSUyMElORlJBJTIwQ0ElMjAwMSg0KS5jcmyGNGh0dHA6Ly9jcmw0LmFtZS5nYmwvY3JsL0FNRSUyMElORlJBJTIwQ0ElMjAwMSg0KS5jcmwwgZ0GA1UdIASBlTCBkjAMBgorBgEEAYI3ewEBMGYGCisGAQQBgjd7AgIwWDBWBggrBgEFBQcCAjBKHkgAMwAzAGUAMAAxADkAMgAxAC0ANABkADYANAAtADQAZgA4AGMALQBhADAANQA1AC0ANQBiAGQAYQBmAGYAZAA1AGUAMwAzAGQwDAYKKwYBBAGCN3sDATAMBgorBgEEAYI3ewQCMB8GA1UdIwQYMBaAFOXZm2f8-Oy6u_DAqJ2KV4i53z5jMB0GA1UdJQQWMBQGCCsGAQUFBwMBBggrBgEFBQcDAjANBgkqhkiG9w0BAQsFAAOCAQEACtjPtUkpEdSysnJuHfnygSWANpq0sg6U06i26VWkIZZUg5TU0HeIgjps8JYeZHJe4-tF2TTvL06KhYDJcPGIOoRhDdPvT4PqMsB80fSDK6Xkt5t3YqDLFmY7QZdPX_uvUETAFG7B5lNiRCc5cbQ7RDBO5NnqH0UDLVnSOMuvVLHs9sbm3LQBB5SFu6mYrZr-ORc_27ui1m7BBlFsWUtZ2XxXwG4ZkyagYs3VU_QExfmv-mZSo2KwHHlEVC8fRD5QocB2qiMiZB7nEMWOjLpw8TImrZt20djxt4Fje1GyEEFh8Kcz_T_03GtvJyqzdc-FB0EFeEj32oPTG2TMRLUs2A&s=pySil54GgQXOvYBiQcJl-ensB7CbISr1el84CeiXvR19_bq0iHc6C1qWyXjSebWT1rcgN-ZKNkXGqd1HlOFIkci36t8O5jc8d413BUTHZ0m_sszjhwzvu_a2LFXPt4o54igJbmmI0EWEWZYh2BDoizsH5Dh12KRdEzxqfsFgcwVIYgzICn0B4Nn98IBX8gfLCtnWgqqLd1MPjMobuju3UesId5paBWUowb5ywB08-EtKd9GP0EVoOwrw2sfEd6FwvPQX1qQluRNnjI7aHDa-OFzyEuEx2_kyoMOqJkV2g7l1bkbxU03BPJtYQmVC4uNPogR4Mw8OhCVs6-6u9JlhrQ&h=OB-H1uNC8hwM4HIKRd__ohF4lAjFVkshZD0e9gsqJ4c",
        "Pragma": "no-cache",
        "Retry-After": "0",
        "Strict-Transport-Security": "max-age=31536000; includeSubDomains",
        "X-Cache": "CONFIG_NOCACHE",
        "X-Content-Type-Options": "nosniff",
        "x-ms-correlation-request-id": "fada158d-d268-41d5-b689-794f2be3843b",
        "x-ms-ratelimit-remaining-subscription-deletes": "799",
        "x-ms-ratelimit-remaining-subscription-global-deletes": "11999",
        "x-ms-request-id": "Sanitized",
        "x-ms-routing-request-id": "MALAYSIASOUTH:20241113T095250Z:fada158d-d268-41d5-b689-794f2be3843b",
        "X-MSEdge-Ref": "Ref A: FB0556DE43744786A4C9E2EC0A569E10 Ref B: MAA201060516047 Ref C: 2024-11-13T09:52:49Z"
      },
      "ResponseBody": null
    }
  ],
  "Variables": {
    "0": "java-webapp-914238",
    "1": "java-webapp-303387",
    "2": "java-webapp-508831",
    "3": "java-asp-51837ec4",
    "4": "javacsmrg79556dba",
    "5": "javacsmrg09857657",
    "6": "javacsmrg10381863"
  }
}