{
  "Entries": [
    {
      "RequestUri": "https://smtest20240108.blob.preprod.core.windows.net/test-container-e433f22e-58de-943d-55d5-8ef6bcae2865?restype=container",
      "RequestMethod": "PUT",
      "RequestHeaders": {
        "Accept": "application/xml",
        "Authorization": "Sanitized",
        "Content-Length": "0",
        "traceparent": "00-ef7f5e261a896d1b37afdcec9ab122b8-5cfaea348ac92332-00",
        "User-Agent": "azsdk-net-Storage.Blobs/12.20.0-alpha.20240314.1 (.NET 7.0.17; Microsoft Windows 10.0.22631)",
        "x-ms-client-request-id": "5c4d1b78-2176-f081-c6ea-bb2842fefa26",
        "x-ms-date": "Thu, 14 Mar 2024 17:38:18 GMT",
        "x-ms-return-client-request-id": "true",
        "x-ms-version": "2025-01-05"
      },
      "RequestBody": null,
      "StatusCode": 201,
      "ResponseHeaders": {
        "Content-Length": "0",
        "Date": "Thu, 14 Mar 2024 17:38:18 GMT",
        "ETag": "\u00220x8DC444D898C77BE\u0022",
        "Last-Modified": "Thu, 14 Mar 2024 17:38:19 GMT",
        "x-ms-client-request-id": "5c4d1b78-2176-f081-c6ea-bb2842fefa26",
        "x-ms-request-id": "45259c3d-901e-0004-6036-766e22000000",
        "x-ms-version": "2025-01-05"
      },
      "ResponseBody": null
    },
    {
      "RequestUri": "https://smtest20240108.blob.preprod.core.windows.net/test-container-e433f22e-58de-943d-55d5-8ef6bcae2865/test-blob-dfaf72b9-2b07-6255-e0bc-1d3a51eb8170",
      "RequestMethod": "PUT",
      "RequestHeaders": {
        "Accept": "application/xml",
        "Authorization": "Sanitized",
        "Content-Length": "0",
        "traceparent": "00-3e8c1248d5865c9a10aec1aa34472cf6-d868c6e93b981bc9-00",
        "User-Agent": "azsdk-net-Storage.Blobs/12.20.0-alpha.20240314.1 (.NET 7.0.17; Microsoft Windows 10.0.22631)",
        "x-ms-blob-type": "AppendBlob",
        "x-ms-client-request-id": "c03a9e0e-42fd-0a4e-63e8-d7608d7b98a0",
        "x-ms-date": "Thu, 14 Mar 2024 17:38:19 GMT",
        "x-ms-return-client-request-id": "true",
        "x-ms-version": "2025-01-05"
      },
      "RequestBody": null,
      "StatusCode": 201,
      "ResponseHeaders": {
        "Content-Length": "0",
        "Date": "Thu, 14 Mar 2024 17:38:18 GMT",
        "ETag": "\u00220x8DC444D899BFCF8\u0022",
        "Last-Modified": "Thu, 14 Mar 2024 17:38:19 GMT",
        "x-ms-client-request-id": "c03a9e0e-42fd-0a4e-63e8-d7608d7b98a0",
        "x-ms-request-id": "45259c40-901e-0004-6136-766e22000000",
        "x-ms-request-server-encrypted": "true",
        "x-ms-version": "2025-01-05"
      },
      "ResponseBody": null
    },
    {
      "RequestUri": "https://smtest20240108.blob.preprod.core.windows.net/test-container-e433f22e-58de-943d-55d5-8ef6bcae2865?restype=container",
      "RequestMethod": "DELETE",
      "RequestHeaders": {
        "Accept": "application/xml",
        "Authorization": "Sanitized",
        "traceparent": "00-8aec94d11666e2d836b7007869109646-3495000b2057a958-00",
        "User-Agent": "azsdk-net-Storage.Blobs/12.20.0-alpha.20240314.1 (.NET 7.0.17; Microsoft Windows 10.0.22631)",
        "x-ms-client-request-id": "b22b8895-c1b0-fe72-7f4b-d47a9a8c71a1",
        "x-ms-date": "Thu, 14 Mar 2024 17:38:19 GMT",
        "x-ms-return-client-request-id": "true",
        "x-ms-version": "2025-01-05"
      },
      "RequestBody": null,
      "StatusCode": 202,
      "ResponseHeaders": {
        "Content-Length": "0",
        "Date": "Thu, 14 Mar 2024 17:38:18 GMT",
        "x-ms-client-request-id": "b22b8895-c1b0-fe72-7f4b-d47a9a8c71a1",
        "x-ms-request-id": "45259c41-901e-0004-6236-766e22000000",
        "x-ms-version": "2025-01-05"
      },
      "ResponseBody": null
    }
  ],
  "Variables": {
    "RandomSeed": "1239277043",
    "Storage_TestConfigDefault": "ProductionTenant\nsmtest20240108\nU2FuaXRpemVk\nhttps://smtest20240108.blob.preprod.core.windows.net\nhttps://smtest20240108.file.preprod.core.windows.net\nhttps://smtest20240108.queue.preprod.core.windows.net\nhttps://smtest20240108.table.preprod.core.windows.net\n\n\n\n\nhttps://smtest20240108-secondary.blob.preprod.core.windows.net\nhttps://smtest20240108-secondary.file.preprod.core.windows.net\nhttps://smtest20240108-secondary.queue.preprod.core.windows.net\nhttps://smtest20240108-secondary.table.preprod.core.windows.net\n68390a19-a643-458b-b726-408abf67b4fc\nSanitized\n72f988bf-86f1-41af-91ab-2d7cd011db47\nhttps://login.microsoftonline.com/\nCloud\nBlobEndpoint=https://smtest20240108.blob.preprod.core.windows.net/;QueueEndpoint=https://smtest20240108.queue.preprod.core.windows.net/;FileEndpoint=https://smtest20240108.file.preprod.core.windows.net/;BlobSecondaryEndpoint=https://smtest20240108-secondary.blob.preprod.core.windows.net/;QueueSecondaryEndpoint=https://smtest20240108-secondary.queue.preprod.core.windows.net/;FileSecondaryEndpoint=https://smtest20240108-secondary.file.preprod.core.windows.net/;AccountName=smtest20240108;AccountKey=Sanitized\nseanscope1\nkupplaks-rg\n560efead-282d-42a4-8f12-1b37d2a4e785"
  }
}
