{
  "Entries": [
    {
      "RequestUri": "https://REDACTED.blob.core.windows.net/blobcontainerclienttestaudience?restype=container",
      "RequestMethod": "PUT",
      "RequestHeaders": {
        "Authorization": "Sanitized",
        "Content-Length": "0",
        "Expect": "100-continue",
        "User-Agent": "azsdk-cpp-storage-blobs/12.10.0-beta.2 (Windows 10 Enterprise 6.3 22621 22621.1.amd64fre.ni_release.220506-1250)",
        "x-ms-client-request-id": "8d7e20a8-e831-434f-a092-a86528f530e2",
        "x-ms-date": "Thu, 26 Oct 2023 09:06:13 GMT",
        "x-ms-version": "2022-11-02"
      },
      "RequestBody": null,
      "StatusCode": 201,
      "ResponseHeaders": {
        "Content-Length": "0",
        "Date": "Thu, 26 Oct 2023 09:06:14 GMT",
        "ETag": "\u00220x8DBD602CE916F2D\u0022",
        "Last-Modified": "Thu, 26 Oct 2023 09:06:14 GMT",
        "Server": [
          "Windows-Azure-Blob/1.0",
          "Microsoft-HTTPAPI/2.0"
        ],
        "x-ms-client-request-id": "8d7e20a8-e831-434f-a092-a86528f530e2",
        "x-ms-request-id": "17443dbb-301e-008e-11eb-07b810000000",
        "x-ms-version": "2022-11-02"
      },
      "ResponseBody": null
    },
    {
      "RequestUri": "https://REDACTED.microsoftonline.com/72f988bf-86f1-41af-91ab-2d7cd011db47/oauth2/v2.0/token",
      "RequestMethod": "POST",
      "RequestHeaders": {
        "Content-Length": "148",
        "Content-Type": "application/x-www-form-urlencoded",
        "User-Agent": "azsdk-cpp-identity/1.6.0-beta.4 (Windows 10 Enterprise 6.3 22621 22621.1.amd64fre.ni_release.220506-1250)",
        "x-ms-client-request-id": "f9682c4f-6d37-4020-9710-4e4749d642e2"
      },
      "RequestBody": "grant_type=client_credentials\u0026client_id=d44cd08d-575d-4962-8e63-8423cfd4f2b4\u0026client_secret=REDACTED\u0026scope=https%3A%2F%2Fstorage.azure.com%2F.default",
      "StatusCode": 200,
      "ResponseHeaders": {
        "Cache-Control": "no-store, no-cache",
        "Content-Length": "92",
        "Content-Security-Policy-Report-Only": "script-src \u0027self\u0027 \u0027nonce-1PrUfekpaJvkKyURoXNbBQ\u0027 \u0027unsafe-eval\u0027 \u0027unsafe-inline\u0027 \u0027report-sample\u0027; object-src \u0027none\u0027; base-uri \u0027self\u0027; report-uri https://REDACTED.microsoft.com/report/ESTS-UX-All",
        "Content-Type": "application/json; charset=utf-8",
        "Date": "Thu, 26 Oct 2023 09:06:14 GMT",
        "Expires": "-1",
        "P3P": "CP=\u0022DSP CUR OTPi IND OTRi ONL FIN\u0022",
        "Pragma": "no-cache",
        "Set-Cookie": "REDACTED",
        "Strict-Transport-Security": "max-age=31536000; includeSubDomains",
        "X-Content-Type-Options": "nosniff",
        "x-ms-ests-server": "2.1.16651.5 - JPE ProdSlices",
        "x-ms-request-id": "6f227aea-d4f0-498e-a24d-5c64eec60a00",
        "X-XSS-Protection": "0"
      },
      "ResponseBody": {
        "token_type": "Bearer",
        "expires_in": 86399,
        "ext_expires_in": 86399,
        "access_token": "Sanitized"
      }
    },
    {
      "RequestUri": "https://REDACTED.blob.core.windows.net/blobcontainerclienttestaudience?restype=container",
      "RequestMethod": "GET",
      "RequestHeaders": {
        "Authorization": "Sanitized",
        "User-Agent": "azsdk-cpp-storage-blobs/12.10.0-beta.2 (Windows 10 Enterprise 6.3 22621 22621.1.amd64fre.ni_release.220506-1250)",
        "x-ms-client-request-id": "575bc24c-3783-4969-919f-fa8cc22c96d0",
        "x-ms-date": "Thu, 26 Oct 2023 09:06:15 GMT",
        "x-ms-version": "2022-11-02"
      },
      "RequestBody": null,
      "StatusCode": 200,
      "ResponseHeaders": {
        "Content-Length": "0",
        "Date": "Thu, 26 Oct 2023 09:06:15 GMT",
        "ETag": "\u00220x8DBD602CE916F2D\u0022",
        "Last-Modified": "Thu, 26 Oct 2023 09:06:14 GMT",
        "Server": [
          "Windows-Azure-Blob/1.0",
          "Microsoft-HTTPAPI/2.0"
        ],
        "x-ms-client-request-id": "575bc24c-3783-4969-919f-fa8cc22c96d0",
        "x-ms-default-encryption-scope": "$account-encryption-key",
        "x-ms-deny-encryption-scope-override": "false",
        "x-ms-has-immutability-policy": "false",
        "x-ms-has-legal-hold": "false",
        "x-ms-immutable-storage-with-versioning-enabled": "false",
        "x-ms-lease-state": "available",
        "x-ms-lease-status": "unlocked",
        "x-ms-request-id": "17443fe5-301e-008e-10eb-07b810000000",
        "x-ms-version": "2022-11-02"
      },
      "ResponseBody": null
    },
    {
      "RequestUri": "https://REDACTED.microsoftonline.com/72f988bf-86f1-41af-91ab-2d7cd011db47/oauth2/v2.0/token",
      "RequestMethod": "POST",
      "RequestHeaders": {
        "Content-Length": "159",
        "Content-Type": "application/x-www-form-urlencoded",
        "User-Agent": "azsdk-cpp-identity/1.6.0-beta.4 (Windows 10 Enterprise 6.3 22621 22621.1.amd64fre.ni_release.220506-1250)",
        "x-ms-client-request-id": "996a3f07-16c8-4118-bcff-50275a2f48ae"
      },
      "RequestBody": "grant_type=client_credentials\u0026client_id=d44cd08d-575d-4962-8e63-8423cfd4f2b4\u0026client_secret=REDACTED\u0026scope=https%3A%2F%2Fzchang.blob.core.windows.net%2F.default",
      "StatusCode": 200,
      "ResponseHeaders": {
        "Cache-Control": "no-store, no-cache",
        "Content-Length": "92",
        "Content-Type": "application/json; charset=utf-8",
        "Date": "Thu, 26 Oct 2023 09:06:15 GMT",
        "Expires": "-1",
        "P3P": "CP=\u0022DSP CUR OTPi IND OTRi ONL FIN\u0022",
        "Pragma": "no-cache",
        "Set-Cookie": "REDACTED",
        "Strict-Transport-Security": "max-age=31536000; includeSubDomains",
        "X-Content-Type-Options": "nosniff",
        "x-ms-ests-server": "2.1.16651.5 - SEASLR1 ProdSlices",
        "x-ms-request-id": "073f5af3-7b76-4f40-b903-919878392300",
        "X-XSS-Protection": "0"
      },
      "ResponseBody": {
        "token_type": "Bearer",
        "expires_in": 86399,
        "ext_expires_in": 86399,
        "access_token": "Sanitized"
      }
    },
    {
      "RequestUri": "https://REDACTED.blob.core.windows.net/blobcontainerclienttestaudience?restype=container",
      "RequestMethod": "GET",
      "RequestHeaders": {
        "Authorization": "Sanitized",
        "User-Agent": "azsdk-cpp-storage-blobs/12.10.0-beta.2 (Windows 10 Enterprise 6.3 22621 22621.1.amd64fre.ni_release.220506-1250)",
        "x-ms-client-request-id": "89ae774b-5c30-411b-ae17-c686b57376bd",
        "x-ms-date": "Thu, 26 Oct 2023 09:06:16 GMT",
        "x-ms-version": "2022-11-02"
      },
      "RequestBody": null,
      "StatusCode": 200,
      "ResponseHeaders": {
        "Content-Length": "0",
        "Date": "Thu, 26 Oct 2023 09:06:16 GMT",
        "ETag": "\u00220x8DBD602CE916F2D\u0022",
        "Last-Modified": "Thu, 26 Oct 2023 09:06:14 GMT",
        "Server": [
          "Windows-Azure-Blob/1.0",
          "Microsoft-HTTPAPI/2.0"
        ],
        "x-ms-client-request-id": "89ae774b-5c30-411b-ae17-c686b57376bd",
        "x-ms-default-encryption-scope": "$account-encryption-key",
        "x-ms-deny-encryption-scope-override": "false",
        "x-ms-has-immutability-policy": "false",
        "x-ms-has-legal-hold": "false",
        "x-ms-immutable-storage-with-versioning-enabled": "false",
        "x-ms-lease-state": "available",
        "x-ms-lease-status": "unlocked",
        "x-ms-request-id": "1744415e-301e-008e-6aeb-07b810000000",
        "x-ms-version": "2022-11-02"
      },
      "ResponseBody": null
    },
    {
      "RequestUri": "https://REDACTED.microsoftonline.com/72f988bf-86f1-41af-91ab-2d7cd011db47/oauth2/v2.0/token",
      "RequestMethod": "POST",
      "RequestHeaders": {
        "Content-Length": "153",
        "Content-Type": "application/x-www-form-urlencoded",
        "User-Agent": "azsdk-cpp-identity/1.6.0-beta.4 (Windows 10 Enterprise 6.3 22621 22621.1.amd64fre.ni_release.220506-1250)",
        "x-ms-client-request-id": "303791ed-8b4e-4e62-a887-96d600393e17"
      },
      "RequestBody": "grant_type=client_credentials\u0026client_id=d44cd08d-575d-4962-8e63-8423cfd4f2b4\u0026client_secret=REDACTED\u0026scope=https%3A%2F%2Fdisk.compute.azure.com%2F.default",
      "StatusCode": 200,
      "ResponseHeaders": {
        "Cache-Control": "no-store, no-cache",
        "Content-Length": "92",
        "Content-Security-Policy-Report-Only": "script-src \u0027self\u0027 \u0027nonce-OyfsusaYYgojRjGDV4PAEA\u0027 \u0027unsafe-eval\u0027 \u0027unsafe-inline\u0027 \u0027report-sample\u0027; object-src \u0027none\u0027; base-uri \u0027self\u0027; report-uri https://REDACTED.microsoft.com/report/ESTS-UX-All",
        "Content-Type": "application/json; charset=utf-8",
        "Date": "Thu, 26 Oct 2023 09:06:15 GMT",
        "Expires": "-1",
        "P3P": "CP=\u0022DSP CUR OTPi IND OTRi ONL FIN\u0022",
        "Pragma": "no-cache",
        "Set-Cookie": "REDACTED",
        "Strict-Transport-Security": "max-age=31536000; includeSubDomains",
        "X-Content-Type-Options": "nosniff",
        "x-ms-ests-server": "2.1.16651.5 - KRSLR1 ProdSlices",
        "x-ms-request-id": "505eedf2-b000-424a-885d-9a3696973000",
        "X-XSS-Protection": "0"
      },
      "ResponseBody": {
        "token_type": "Bearer",
        "expires_in": 86399,
        "ext_expires_in": 86399,
        "access_token": "Sanitized"
      }
    },
    {
      "RequestUri": "https://REDACTED.blob.core.windows.net/blobcontainerclienttestaudience?restype=container",
      "RequestMethod": "GET",
      "RequestHeaders": {
        "Authorization": "Sanitized",
        "User-Agent": "azsdk-cpp-storage-blobs/12.10.0-beta.2 (Windows 10 Enterprise 6.3 22621 22621.1.amd64fre.ni_release.220506-1250)",
        "x-ms-client-request-id": "e319c3dc-4f73-4a0b-b255-39e82e448bc5",
        "x-ms-date": "Thu, 26 Oct 2023 09:06:16 GMT",
        "x-ms-version": "2022-11-02"
      },
      "RequestBody": null,
      "StatusCode": 401,
      "ResponseHeaders": {
        "Content-Length": "406",
        "Content-Type": "application/xml",
        "Date": "Thu, 26 Oct 2023 09:06:16 GMT",
        "Server": "Microsoft-HTTPAPI/2.0",
        "WWW-Authenticate": "Bearer authorization_uri=https://REDACTED.microsoftonline.com/72f988bf-86f1-41af-91ab-2d7cd011db47/oauth2/authorize resource_id=https://REDACTED.azure.com",
        "x-ms-error-code": "InvalidAuthenticationInfo",
        "x-ms-request-id": "1744423a-301e-008e-31eb-07b810000000"
      },
      "ResponseBody": [
        "\uFEFF\u003C?xml version=\u00221.0\u0022 encoding=\u0022utf-8\u0022?\u003E\u003CError\u003E\u003CCode\u003EInvalidAuthenticationInfo\u003C/Code\u003E\u003CMessage\u003EServer failed to authenticate the request. Please refer to the information in the www-authenticate header.\n",
        "RequestId:1744423a-301e-008e-31eb-07b810000000\n",
        "Time:2023-10-26T09:06:16.8591181Z\u003C/Message\u003E\u003CAuthenticationErrorDetail\u003EAudience validation failed. Audience did not match.\u003C/AuthenticationErrorDetail\u003E\u003C/Error\u003E"
      ]
    },
    {
      "RequestUri": "https://REDACTED.blob.core.windows.net/blobcontainerclienttestaudience?restype=container",
      "RequestMethod": "DELETE",
      "RequestHeaders": {
        "Authorization": "Sanitized",
        "User-Agent": "azsdk-cpp-storage-blobs/12.10.0-beta.2 (Windows 10 Enterprise 6.3 22621 22621.1.amd64fre.ni_release.220506-1250)",
        "x-ms-client-request-id": "a624d45f-004f-42f0-a0a5-ebb7f515e105",
        "x-ms-date": "Thu, 26 Oct 2023 09:06:17 GMT",
        "x-ms-version": "2022-11-02"
      },
      "RequestBody": null,
      "StatusCode": 202,
      "ResponseHeaders": {
        "Content-Length": "0",
        "Date": "Thu, 26 Oct 2023 09:06:16 GMT",
        "Server": [
          "Windows-Azure-Blob/1.0",
          "Microsoft-HTTPAPI/2.0"
        ],
        "x-ms-client-request-id": "a624d45f-004f-42f0-a0a5-ebb7f515e105",
        "x-ms-request-id": "17444318-301e-008e-77eb-07b810000000",
        "x-ms-version": "2022-11-02"
      },
      "ResponseBody": null
    }
  ],
  "Variables": {}
}
