{
  "Entries": [
    {
      "RequestUri": "https://REDACTED.blob.core.windows.net/blobsastestserviceblobsaspermissions?restype=container",
      "RequestMethod": "PUT",
      "RequestHeaders": {
        "Authorization": "Sanitized",
        "Connection": "keep-alive",
        "Content-Length": "0",
        "User-Agent": "azsdk-cpp-storage-blobs/12.8.0-beta.2 (Windows 10 Enterprise 6.3 19044 19041.1.amd64fre.vb_release.191206-1406)",
        "x-ms-client-request-id": "8012d01b-937f-450e-8b1e-5078fbb82d18",
        "x-ms-date": "Tue, 04 Jul 2023 07:17:49 GMT",
        "x-ms-version": "2022-11-02"
      },
      "RequestBody": null,
      "StatusCode": 201,
      "ResponseHeaders": {
        "Content-Length": "0",
        "Date": "Tue, 04 Jul 2023 07:17:55 GMT",
        "ETag": "\u00220x8DB7C5ECA3F2F5E\u0022",
        "Last-Modified": "Tue, 04 Jul 2023 07:17:56 GMT",
        "Server": [
          "Windows-Azure-Blob/1.0",
          "Microsoft-HTTPAPI/2.0"
        ],
        "x-ms-client-request-id": "8012d01b-937f-450e-8b1e-5078fbb82d18",
        "x-ms-request-id": "b6cb9c40-e01e-0013-5447-aefece000000",
        "x-ms-version": "2022-11-02"
      },
      "ResponseBody": null
    },
    {
      "RequestUri": "https://REDACTED.blob.core.windows.net/blobsastestserviceblobsaspermissions/jKOkCfEvht",
      "RequestMethod": "PUT",
      "RequestHeaders": {
        "Authorization": "Sanitized",
        "Connection": "keep-alive",
        "Content-Length": "1024",
        "User-Agent": "azsdk-cpp-storage-blobs/12.8.0-beta.2 (Windows 10 Enterprise 6.3 19044 19041.1.amd64fre.vb_release.191206-1406)",
        "x-ms-access-tier": "Hot",
        "x-ms-blob-cache-control": "no-cache",
        "x-ms-blob-content-disposition": "attachment",
        "x-ms-blob-content-encoding": "identity",
        "x-ms-blob-content-language": "en-US",
        "x-ms-blob-content-type": "application/x-binary",
        "x-ms-blob-type": "BlockBlob",
        "x-ms-client-request-id": "7f214b74-9a20-4bd4-94fa-985b2e339c11",
        "x-ms-date": "Tue, 04 Jul 2023 07:17:49 GMT",
        "x-ms-meta-key1": "V1",
        "x-ms-meta-key2": "Value2",
        "x-ms-version": "2022-11-02"
      },
      "RequestBody": "hjnjrunazV\u002BwZvRquME8PlgiyzjC/N/NoXy3Sc17jeLOb6Ufueckrq2uZhuJTcCFLuW4bLry81cHxHNC53qwVZOlP8yVhrwmE5A1mtfMIJDtMXyA/ZVOGDikuzbnsjm90ijqCS1WlkCYT\u002BMG2j32Fmdh8K\u002Bjgbvd1G0T/IqRz188gkzc5L0i7yNdPvJWlqmQQE8wOdRv1ff42AMyNiXF7a36Nl\u002BCnwFqGhKNc\u002ByMOe7E6B7tYL4fcqiWZEvaGFEoYCnTbo4U99kF\u002BKDkoQOAFbvTRZReG\u002BZ19ad7HWoTwWvZBjgg\u002Bb2HJcochaQd9471SoklQjanLrwrZHfaPWcotwICBtiIhDWgpqz0SpD6jwYsxgY3Ym5IFdvmH57updJbuydG2wGZmk\u002BPrd7nk\u002BxX5bKZN3dv3IPUIIvZzI3uH\u002BXU6jDVaoTCQ4geAa24bTKHobbWHmsjRn0Pk1sPst3uKQ/m7TX0AyNekHasMoq92coQuc9xlOf5cOO3YAl0esfN58CphSj4PZnKz4tsAH8lt5lq0AFZooWrTbiRQ7eynHMQl2OeWIR2ENIqZUSenWHA\u002BHMhq0PLv8KGeVnebxnj94F5D8AKSnO8QmzvyoCAjJ3NdB5/8sx9ZqdX0JaxVIy2NlDNoP8VrQqSB\u002BP31jcswbmXx4ntrW/kf0olyB7zSocCN7fpszKXeXK2YALQbn4U0sFSE2s6\u002BAqCTbxS2EGn81POlNIdjLlZo2qEkrxuIXGsZs8jmAZ0db6WANNLSeQQNc7nKKAUZ6uHQQUfNHT7p\u002Bt8YP/0APPK4vtL62dz2Q6NAaS34Nf7bTDI9DNRxXbD/Lvmn2FJtiUr269CrudroUBVAyoSlbcOp\u002B28Kw5KDKxgZIP49BSG2aSNmCmHZyYXTMKhS\u002BZUPEIdHccV4yYbegdBw6lJo7XxmZSu1sX/jOkDjNr2C2Zgqf1zZpBNNyLuFuCyCUhKP1c39O08QycI3WvsdETh7Pdk06iQlKXcHwYMXUMbcD/NE3riVSmUiuqyd8RNQxsNlX9tt\u002Bc5/WvLILVMN\u002BCsdgb4JDynJwxd7VeJqbtu8e0BPxHc7TrOkoeo6h\u002B1lVa/hZKHQv2J7vJTZk6fZt4lrXd2DHRB8ar8qTv2zaLqRxYM3JCi3XhXAtgMg9xfSaRgvvS/Jsp/VUW7/8mcGEFDGAPJzebOXvdh5Mjt1cTIRjWJcI4fpm1pIbIJaJ0JbvMeJXP95axKCmD0Hopo1oa212IX9llzGoytjYigLBOAcO9EfHJJO0KsEu1rP3H9gCvQmHxLu1c3Osr6EdMM/Q2XopXPxyLUqSUdAzHB2S72r9URnZflTFHQit7cG7w273EgFjsPEGGu3Pawcw==",
      "StatusCode": 201,
      "ResponseHeaders": {
        "Content-Length": "0",
        "Content-MD5": "6qXrD3CTinxv2Bui7fWCcQ==",
        "Date": "Tue, 04 Jul 2023 07:17:55 GMT",
        "ETag": "\u00220x8DB7C5ECA6A93F5\u0022",
        "Last-Modified": "Tue, 04 Jul 2023 07:17:56 GMT",
        "Server": [
          "Windows-Azure-Blob/1.0",
          "Microsoft-HTTPAPI/2.0"
        ],
        "x-ms-client-request-id": "7f214b74-9a20-4bd4-94fa-985b2e339c11",
        "x-ms-content-crc64": "Brftw6NpUNk=",
        "x-ms-request-id": "b6cb9d48-e01e-0013-3447-aefece000000",
        "x-ms-request-server-encrypted": "true",
        "x-ms-version": "2022-11-02",
        "x-ms-version-id": "2023-07-04T07:17:56.7809525Z"
      },
      "ResponseBody": null
    },
    {
      "RequestUri": "https://REDACTED.blob.core.windows.net/blobsastestserviceblobsaspermissions/jKOkCfEvht",
      "RequestMethod": "HEAD",
      "RequestHeaders": {
        "Authorization": "Sanitized",
        "Connection": "keep-alive",
        "User-Agent": "azsdk-cpp-storage-blobs/12.8.0-beta.2 (Windows 10 Enterprise 6.3 19044 19041.1.amd64fre.vb_release.191206-1406)",
        "x-ms-client-request-id": "cbb0507a-46f8-49c6-b0e6-2c9953b7c4ef",
        "x-ms-date": "Tue, 04 Jul 2023 07:17:49 GMT",
        "x-ms-version": "2022-11-02"
      },
      "RequestBody": null,
      "StatusCode": 200,
      "ResponseHeaders": {
        "Accept-Ranges": "bytes",
        "Cache-Control": "no-cache",
        "Content-Disposition": "attachment",
        "Content-Encoding": "identity",
        "Content-Language": "en-US",
        "Content-Length": "1024",
        "Content-MD5": "6qXrD3CTinxv2Bui7fWCcQ==",
        "Content-Type": "application/x-binary",
        "Date": "Tue, 04 Jul 2023 07:17:56 GMT",
        "ETag": "\u00220x8DB7C5ECA6A93F5\u0022",
        "Last-Modified": "Tue, 04 Jul 2023 07:17:56 GMT",
        "Server": [
          "Windows-Azure-Blob/1.0",
          "Microsoft-HTTPAPI/2.0"
        ],
        "Vary": "Origin",
        "x-ms-access-tier": "Hot",
        "x-ms-access-tier-change-time": "Tue, 04 Jul 2023 07:17:56 GMT",
        "x-ms-blob-type": "BlockBlob",
        "x-ms-client-request-id": "cbb0507a-46f8-49c6-b0e6-2c9953b7c4ef",
        "x-ms-creation-time": "Tue, 04 Jul 2023 07:17:56 GMT",
        "x-ms-is-current-version": "true",
        "x-ms-last-access-time": "Tue, 04 Jul 2023 07:17:56 GMT",
        "x-ms-lease-state": "available",
        "x-ms-lease-status": "unlocked",
        "x-ms-meta-key1": "V1",
        "x-ms-meta-key2": "Value2",
        "x-ms-request-id": "b6cb9e35-e01e-0013-0647-aefece000000",
        "x-ms-server-encrypted": "true",
        "x-ms-version": "2022-11-02",
        "x-ms-version-id": "2023-07-04T07:17:56.7809525Z"
      },
      "ResponseBody": null
    },
    {
      "RequestUri": "https://REDACTED.blob.core.windows.net/blobsastestserviceblobsaspermissions/jKOkCfEvht?se=2023-07-04T08:17:49Z\u0026sig=t9snYrC9a7L9r1v/HgEkRf4SdmEqdk2LFFoW2/hvC4Y%3D\u0026sp=racwdxyti\u0026spr=https,http\u0026sr=b\u0026st=2023-07-04T07:12:49Z\u0026sv=2022-11-02",
      "RequestMethod": "HEAD",
      "RequestHeaders": {
        "Connection": "keep-alive",
        "User-Agent": "azsdk-cpp-storage-blobs/12.8.0-beta.2 (Windows 10 Enterprise 6.3 19044 19041.1.amd64fre.vb_release.191206-1406)",
        "x-ms-client-request-id": "c25dc543-148e-432a-930d-833fb2c23eb2",
        "x-ms-date": "Tue, 04 Jul 2023 07:17:50 GMT",
        "x-ms-version": "2022-11-02"
      },
      "RequestBody": null,
      "StatusCode": 200,
      "ResponseHeaders": {
        "Accept-Ranges": "bytes",
        "Cache-Control": "no-cache",
        "Content-Disposition": "attachment",
        "Content-Encoding": "identity",
        "Content-Language": "en-US",
        "Content-Length": "1024",
        "Content-MD5": "6qXrD3CTinxv2Bui7fWCcQ==",
        "Content-Type": "application/x-binary",
        "Date": "Tue, 04 Jul 2023 07:17:57 GMT",
        "ETag": "\u00220x8DB7C5ECA6A93F5\u0022",
        "Last-Modified": "Tue, 04 Jul 2023 07:17:56 GMT",
        "Server": [
          "Windows-Azure-Blob/1.0",
          "Microsoft-HTTPAPI/2.0"
        ],
        "Vary": "Origin",
        "x-ms-access-tier": "Hot",
        "x-ms-access-tier-change-time": "Tue, 04 Jul 2023 07:17:56 GMT",
        "x-ms-blob-type": "BlockBlob",
        "x-ms-client-request-id": "c25dc543-148e-432a-930d-833fb2c23eb2",
        "x-ms-creation-time": "Tue, 04 Jul 2023 07:17:56 GMT",
        "x-ms-is-current-version": "true",
        "x-ms-last-access-time": "Tue, 04 Jul 2023 07:17:56 GMT",
        "x-ms-lease-state": "available",
        "x-ms-lease-status": "unlocked",
        "x-ms-meta-key1": "V1",
        "x-ms-meta-key2": "Value2",
        "x-ms-request-id": "b6cba17c-e01e-0013-5d47-aefece000000",
        "x-ms-server-encrypted": "true",
        "x-ms-version": "2022-11-02",
        "x-ms-version-id": "2023-07-04T07:17:56.7809525Z"
      },
      "ResponseBody": null
    },
    {
      "RequestUri": "https://REDACTED.blob.core.windows.net/blobsastestserviceblobsaspermissions/jKOkCfEvht?se=2023-07-04T08:17:49Z\u0026sig=6qkm075%2BK3nr3QdjT5jtkzuJsb5Bg7et1pbyhbo699Y%3D\u0026ske=2023-07-04T08:17:49Z\u0026skoid=1f5b9b84-aa99-4639-89f9-3f494a88ee8e\u0026sks=b\u0026skt=2023-07-04T07:17:49Z\u0026sktid=72f988bf-86f1-41af-91ab-2d7cd011db47\u0026skv=2022-11-02\u0026sp=racwdxyti\u0026spr=https,http\u0026sr=b\u0026st=2023-07-04T07:12:49Z\u0026sv=2022-11-02",
      "RequestMethod": "HEAD",
      "RequestHeaders": {
        "Connection": "keep-alive",
        "User-Agent": "azsdk-cpp-storage-blobs/12.8.0-beta.2 (Windows 10 Enterprise 6.3 19044 19041.1.amd64fre.vb_release.191206-1406)",
        "x-ms-client-request-id": "74fa182e-a7e0-4268-9737-d2161826f67d",
        "x-ms-date": "Tue, 04 Jul 2023 07:17:50 GMT",
        "x-ms-version": "2022-11-02"
      },
      "RequestBody": null,
      "StatusCode": 200,
      "ResponseHeaders": {
        "Accept-Ranges": "bytes",
        "Cache-Control": "no-cache",
        "Content-Disposition": "attachment",
        "Content-Encoding": "identity",
        "Content-Language": "en-US",
        "Content-Length": "1024",
        "Content-MD5": "6qXrD3CTinxv2Bui7fWCcQ==",
        "Content-Type": "application/x-binary",
        "Date": "Tue, 04 Jul 2023 07:17:57 GMT",
        "ETag": "\u00220x8DB7C5ECA6A93F5\u0022",
        "Last-Modified": "Tue, 04 Jul 2023 07:17:56 GMT",
        "Server": [
          "Windows-Azure-Blob/1.0",
          "Microsoft-HTTPAPI/2.0"
        ],
        "Vary": "Origin",
        "x-ms-access-tier": "Hot",
        "x-ms-access-tier-change-time": "Tue, 04 Jul 2023 07:17:56 GMT",
        "x-ms-blob-type": "BlockBlob",
        "x-ms-client-request-id": "74fa182e-a7e0-4268-9737-d2161826f67d",
        "x-ms-creation-time": "Tue, 04 Jul 2023 07:17:56 GMT",
        "x-ms-is-current-version": "true",
        "x-ms-last-access-time": "Tue, 04 Jul 2023 07:17:56 GMT",
        "x-ms-lease-state": "available",
        "x-ms-lease-status": "unlocked",
        "x-ms-meta-key1": "V1",
        "x-ms-meta-key2": "Value2",
        "x-ms-request-id": "b6cba27d-e01e-0013-3847-aefece000000",
        "x-ms-server-encrypted": "true",
        "x-ms-version": "2022-11-02",
        "x-ms-version-id": "2023-07-04T07:17:56.7809525Z"
      },
      "ResponseBody": null
    },
    {
      "RequestUri": "https://REDACTED.blob.core.windows.net/blobsastestserviceblobsaspermissions/jKOkCfEvht?se=2023-07-04T08:17:49Z\u0026sig=t9snYrC9a7L9r1v/HgEkRf4SdmEqdk2LFFoW2/hvC4Y%3D\u0026sp=racwdxyti\u0026spr=https,http\u0026sr=b\u0026st=2023-07-04T07:12:49Z\u0026sv=2022-11-02",
      "RequestMethod": "PUT",
      "RequestHeaders": {
        "Connection": "keep-alive",
        "Content-Length": "1",
        "User-Agent": "azsdk-cpp-storage-blobs/12.8.0-beta.2 (Windows 10 Enterprise 6.3 19044 19041.1.amd64fre.vb_release.191206-1406)",
        "x-ms-blob-type": "BlockBlob",
        "x-ms-client-request-id": "4515dea3-482c-4ba5-a51f-0c9cbd49748e",
        "x-ms-date": "Tue, 04 Jul 2023 07:17:51 GMT",
        "x-ms-version": "2022-11-02"
      },
      "RequestBody": "YQ==",
      "StatusCode": 201,
      "ResponseHeaders": {
        "Content-Length": "0",
        "Content-MD5": "DMF1ucDxtqgxw5niaXcmYQ==",
        "Date": "Tue, 04 Jul 2023 07:17:57 GMT",
        "ETag": "\u00220x8DB7C5ECB6F0C7D\u0022",
        "Last-Modified": "Tue, 04 Jul 2023 07:17:58 GMT",
        "Server": [
          "Windows-Azure-Blob/1.0",
          "Microsoft-HTTPAPI/2.0"
        ],
        "x-ms-client-request-id": "4515dea3-482c-4ba5-a51f-0c9cbd49748e",
        "x-ms-content-crc64": "PPzLtEWEL4w=",
        "x-ms-request-id": "b6cba349-e01e-0013-5347-aefece000000",
        "x-ms-request-server-encrypted": "true",
        "x-ms-version": "2022-11-02",
        "x-ms-version-id": "2023-07-04T07:17:58.4899732Z"
      },
      "ResponseBody": null
    },
    {
      "RequestUri": "https://REDACTED.blob.core.windows.net/blobsastestserviceblobsaspermissions/jKOkCfEvht?se=2023-07-04T08:17:49Z\u0026sig=6qkm075%2BK3nr3QdjT5jtkzuJsb5Bg7et1pbyhbo699Y%3D\u0026ske=2023-07-04T08:17:49Z\u0026skoid=1f5b9b84-aa99-4639-89f9-3f494a88ee8e\u0026sks=b\u0026skt=2023-07-04T07:17:49Z\u0026sktid=72f988bf-86f1-41af-91ab-2d7cd011db47\u0026skv=2022-11-02\u0026sp=racwdxyti\u0026spr=https,http\u0026sr=b\u0026st=2023-07-04T07:12:49Z\u0026sv=2022-11-02",
      "RequestMethod": "PUT",
      "RequestHeaders": {
        "Connection": "keep-alive",
        "Content-Length": "1",
        "User-Agent": "azsdk-cpp-storage-blobs/12.8.0-beta.2 (Windows 10 Enterprise 6.3 19044 19041.1.amd64fre.vb_release.191206-1406)",
        "x-ms-blob-type": "BlockBlob",
        "x-ms-client-request-id": "1cc2d377-ed86-4932-9029-dfd5c171b323",
        "x-ms-date": "Tue, 04 Jul 2023 07:17:51 GMT",
        "x-ms-version": "2022-11-02"
      },
      "RequestBody": "YQ==",
      "StatusCode": 201,
      "ResponseHeaders": {
        "Content-Length": "0",
        "Content-MD5": "DMF1ucDxtqgxw5niaXcmYQ==",
        "Date": "Tue, 04 Jul 2023 07:17:57 GMT",
        "ETag": "\u00220x8DB7C5ECB9F6433\u0022",
        "Last-Modified": "Tue, 04 Jul 2023 07:17:58 GMT",
        "Server": [
          "Windows-Azure-Blob/1.0",
          "Microsoft-HTTPAPI/2.0"
        ],
        "x-ms-client-request-id": "1cc2d377-ed86-4932-9029-dfd5c171b323",
        "x-ms-content-crc64": "PPzLtEWEL4w=",
        "x-ms-request-id": "b6cba40e-e01e-0013-6747-aefece000000",
        "x-ms-request-server-encrypted": "true",
        "x-ms-version": "2022-11-02",
        "x-ms-version-id": "2023-07-04T07:17:58.8057923Z"
      },
      "ResponseBody": null
    },
    {
      "RequestUri": "https://REDACTED.blob.core.windows.net/blobsastestserviceblobsaspermissions/jKOkCfEvht?se=2023-07-04T08:17:49Z\u0026sig=t9snYrC9a7L9r1v/HgEkRf4SdmEqdk2LFFoW2/hvC4Y%3D\u0026sp=racwdxyti\u0026spr=https,http\u0026sr=b\u0026st=2023-07-04T07:12:49Z\u0026sv=2022-11-02",
      "RequestMethod": "DELETE",
      "RequestHeaders": {
        "Connection": "keep-alive",
        "User-Agent": "azsdk-cpp-storage-blobs/12.8.0-beta.2 (Windows 10 Enterprise 6.3 19044 19041.1.amd64fre.vb_release.191206-1406)",
        "x-ms-client-request-id": "ca20f5ac-3312-44e0-a279-c9944a40b7ea",
        "x-ms-date": "Tue, 04 Jul 2023 07:17:51 GMT",
        "x-ms-delete-snapshots": "include",
        "x-ms-version": "2022-11-02"
      },
      "RequestBody": null,
      "StatusCode": 202,
      "ResponseHeaders": {
        "Content-Length": "0",
        "Date": "Tue, 04 Jul 2023 07:17:58 GMT",
        "Server": [
          "Windows-Azure-Blob/1.0",
          "Microsoft-HTTPAPI/2.0"
        ],
        "x-ms-client-request-id": "ca20f5ac-3312-44e0-a279-c9944a40b7ea",
        "x-ms-delete-type-permanent": "false",
        "x-ms-request-id": "b6cba4d1-e01e-0013-0547-aefece000000",
        "x-ms-version": "2022-11-02"
      },
      "ResponseBody": null
    },
    {
      "RequestUri": "https://REDACTED.blob.core.windows.net/blobsastestserviceblobsaspermissions/jKOkCfEvht",
      "RequestMethod": "PUT",
      "RequestHeaders": {
        "Authorization": "Sanitized",
        "Connection": "keep-alive",
        "Content-Length": "1",
        "User-Agent": "azsdk-cpp-storage-blobs/12.8.0-beta.2 (Windows 10 Enterprise 6.3 19044 19041.1.amd64fre.vb_release.191206-1406)",
        "x-ms-blob-type": "BlockBlob",
        "x-ms-client-request-id": "fd836851-3769-491e-a33e-99d74d965b53",
        "x-ms-date": "Tue, 04 Jul 2023 07:17:51 GMT",
        "x-ms-version": "2022-11-02"
      },
      "RequestBody": "YQ==",
      "StatusCode": 201,
      "ResponseHeaders": {
        "Content-Length": "0",
        "Content-MD5": "DMF1ucDxtqgxw5niaXcmYQ==",
        "Date": "Tue, 04 Jul 2023 07:17:58 GMT",
        "ETag": "\u00220x8DB7C5ECBF4CAB7\u0022",
        "Last-Modified": "Tue, 04 Jul 2023 07:17:59 GMT",
        "Server": [
          "Windows-Azure-Blob/1.0",
          "Microsoft-HTTPAPI/2.0"
        ],
        "x-ms-client-request-id": "fd836851-3769-491e-a33e-99d74d965b53",
        "x-ms-content-crc64": "PPzLtEWEL4w=",
        "x-ms-request-id": "b6cba58c-e01e-0013-1c47-aefece000000",
        "x-ms-request-server-encrypted": "true",
        "x-ms-version": "2022-11-02",
        "x-ms-version-id": "2023-07-04T07:17:59.3644727Z"
      },
      "ResponseBody": null
    },
    {
      "RequestUri": "https://REDACTED.blob.core.windows.net/blobsastestserviceblobsaspermissions/jKOkCfEvht?se=2023-07-04T08:17:49Z\u0026sig=6qkm075%2BK3nr3QdjT5jtkzuJsb5Bg7et1pbyhbo699Y%3D\u0026ske=2023-07-04T08:17:49Z\u0026skoid=1f5b9b84-aa99-4639-89f9-3f494a88ee8e\u0026sks=b\u0026skt=2023-07-04T07:17:49Z\u0026sktid=72f988bf-86f1-41af-91ab-2d7cd011db47\u0026skv=2022-11-02\u0026sp=racwdxyti\u0026spr=https,http\u0026sr=b\u0026st=2023-07-04T07:12:49Z\u0026sv=2022-11-02",
      "RequestMethod": "DELETE",
      "RequestHeaders": {
        "Connection": "keep-alive",
        "User-Agent": "azsdk-cpp-storage-blobs/12.8.0-beta.2 (Windows 10 Enterprise 6.3 19044 19041.1.amd64fre.vb_release.191206-1406)",
        "x-ms-client-request-id": "61d92c6f-4e86-48c2-9dd6-b1bdffc6a929",
        "x-ms-date": "Tue, 04 Jul 2023 07:17:52 GMT",
        "x-ms-delete-snapshots": "include",
        "x-ms-version": "2022-11-02"
      },
      "RequestBody": null,
      "StatusCode": 202,
      "ResponseHeaders": {
        "Content-Length": "0",
        "Date": "Tue, 04 Jul 2023 07:17:58 GMT",
        "Server": [
          "Windows-Azure-Blob/1.0",
          "Microsoft-HTTPAPI/2.0"
        ],
        "x-ms-client-request-id": "61d92c6f-4e86-48c2-9dd6-b1bdffc6a929",
        "x-ms-delete-type-permanent": "false",
        "x-ms-request-id": "b6cba635-e01e-0013-2f47-aefece000000",
        "x-ms-version": "2022-11-02"
      },
      "ResponseBody": null
    },
    {
      "RequestUri": "https://REDACTED.blob.core.windows.net/blobsastestserviceblobsaspermissions/jKOkCfEvht",
      "RequestMethod": "PUT",
      "RequestHeaders": {
        "Authorization": "Sanitized",
        "Connection": "keep-alive",
        "Content-Length": "1",
        "User-Agent": "azsdk-cpp-storage-blobs/12.8.0-beta.2 (Windows 10 Enterprise 6.3 19044 19041.1.amd64fre.vb_release.191206-1406)",
        "x-ms-blob-type": "BlockBlob",
        "x-ms-client-request-id": "ce8fc0be-d8c0-4127-896b-2b12fdf5879f",
        "x-ms-date": "Tue, 04 Jul 2023 07:17:52 GMT",
        "x-ms-version": "2022-11-02"
      },
      "RequestBody": "YQ==",
      "StatusCode": 201,
      "ResponseHeaders": {
        "Content-Length": "0",
        "Content-MD5": "DMF1ucDxtqgxw5niaXcmYQ==",
        "Date": "Tue, 04 Jul 2023 07:17:59 GMT",
        "ETag": "\u00220x8DB7C5ECC4BDE98\u0022",
        "Last-Modified": "Tue, 04 Jul 2023 07:17:59 GMT",
        "Server": [
          "Windows-Azure-Blob/1.0",
          "Microsoft-HTTPAPI/2.0"
        ],
        "x-ms-client-request-id": "ce8fc0be-d8c0-4127-896b-2b12fdf5879f",
        "x-ms-content-crc64": "PPzLtEWEL4w=",
        "x-ms-request-id": "b6cba6ea-e01e-0013-4747-aefece000000",
        "x-ms-request-server-encrypted": "true",
        "x-ms-version": "2022-11-02",
        "x-ms-version-id": "2023-07-04T07:17:59.9351448Z"
      },
      "ResponseBody": null
    },
    {
      "RequestUri": "https://REDACTED.blob.core.windows.net/blobsastestserviceblobsaspermissions/jKOkCfEvht?comp=snapshot\u0026se=2023-07-04T08:17:49Z\u0026sig=t9snYrC9a7L9r1v/HgEkRf4SdmEqdk2LFFoW2/hvC4Y%3D\u0026sp=racwdxyti\u0026spr=https,http\u0026sr=b\u0026st=2023-07-04T07:12:49Z\u0026sv=2022-11-02",
      "RequestMethod": "PUT",
      "RequestHeaders": {
        "Connection": "keep-alive",
        "Content-Length": "0",
        "User-Agent": "azsdk-cpp-storage-blobs/12.8.0-beta.2 (Windows 10 Enterprise 6.3 19044 19041.1.amd64fre.vb_release.191206-1406)",
        "x-ms-client-request-id": "6b0d30ef-817a-4b03-a6a1-d94424c153f6",
        "x-ms-date": "Tue, 04 Jul 2023 07:17:52 GMT",
        "x-ms-version": "2022-11-02"
      },
      "RequestBody": null,
      "StatusCode": 201,
      "ResponseHeaders": {
        "Content-Length": "0",
        "Date": "Tue, 04 Jul 2023 07:17:59 GMT",
        "ETag": "\u00220x8DB7C5ECC4BDE98\u0022",
        "Last-Modified": "Tue, 04 Jul 2023 07:17:59 GMT",
        "Server": [
          "Windows-Azure-Blob/1.0",
          "Microsoft-HTTPAPI/2.0"
        ],
        "x-ms-client-request-id": "6b0d30ef-817a-4b03-a6a1-d94424c153f6",
        "x-ms-request-id": "b6cba79f-e01e-0013-5747-aefece000000",
        "x-ms-request-server-encrypted": "false",
        "x-ms-snapshot": "2023-07-04T07:18:00.2269784Z",
        "x-ms-version": "2022-11-02",
        "x-ms-version-id": "2023-07-04T07:18:00.2279784Z"
      },
      "ResponseBody": null
    },
    {
      "RequestUri": "https://REDACTED.blob.core.windows.net/blobsastestserviceblobsaspermissions/jKOkCfEvht?comp=snapshot\u0026se=2023-07-04T08:17:49Z\u0026sig=6qkm075%2BK3nr3QdjT5jtkzuJsb5Bg7et1pbyhbo699Y%3D\u0026ske=2023-07-04T08:17:49Z\u0026skoid=1f5b9b84-aa99-4639-89f9-3f494a88ee8e\u0026sks=b\u0026skt=2023-07-04T07:17:49Z\u0026sktid=72f988bf-86f1-41af-91ab-2d7cd011db47\u0026skv=2022-11-02\u0026sp=racwdxyti\u0026spr=https,http\u0026sr=b\u0026st=2023-07-04T07:12:49Z\u0026sv=2022-11-02",
      "RequestMethod": "PUT",
      "RequestHeaders": {
        "Connection": "keep-alive",
        "Content-Length": "0",
        "User-Agent": "azsdk-cpp-storage-blobs/12.8.0-beta.2 (Windows 10 Enterprise 6.3 19044 19041.1.amd64fre.vb_release.191206-1406)",
        "x-ms-client-request-id": "8a7066e0-7ead-4992-affa-eb0b4e7f689d",
        "x-ms-date": "Tue, 04 Jul 2023 07:17:53 GMT",
        "x-ms-version": "2022-11-02"
      },
      "RequestBody": null,
      "StatusCode": 201,
      "ResponseHeaders": {
        "Content-Length": "0",
        "Date": "Tue, 04 Jul 2023 07:17:59 GMT",
        "ETag": "\u00220x8DB7C5ECC4BDE98\u0022",
        "Last-Modified": "Tue, 04 Jul 2023 07:17:59 GMT",
        "Server": [
          "Windows-Azure-Blob/1.0",
          "Microsoft-HTTPAPI/2.0"
        ],
        "x-ms-client-request-id": "8a7066e0-7ead-4992-affa-eb0b4e7f689d",
        "x-ms-request-id": "b6cba8a6-e01e-0013-2b47-aefece000000",
        "x-ms-request-server-encrypted": "false",
        "x-ms-snapshot": "2023-07-04T07:18:00.6137571Z",
        "x-ms-version": "2022-11-02",
        "x-ms-version-id": "2023-07-04T07:18:00.6147571Z"
      },
      "ResponseBody": null
    },
    {
      "RequestUri": "https://REDACTED.blob.core.windows.net/blobsastestserviceblobsaspermissions/jKOkCfEvht?comp=tags",
      "RequestMethod": "PUT",
      "RequestHeaders": {
        "Authorization": "Sanitized",
        "Connection": "keep-alive",
        "Content-Length": "123",
        "Content-Type": "application/xml; charset=UTF-8",
        "User-Agent": "azsdk-cpp-storage-blobs/12.8.0-beta.2 (Windows 10 Enterprise 6.3 19044 19041.1.amd64fre.vb_release.191206-1406)",
        "x-ms-client-request-id": "5303ac71-f4de-4b16-be8a-6b843762631e",
        "x-ms-date": "Tue, 04 Jul 2023 07:17:53 GMT",
        "x-ms-version": "2022-11-02"
      },
      "RequestBody": "\u003C?xml version=\u00221.0\u0022 encoding=\u0022utf-8\u0022?\u003E\u003CTags\u003E\u003CTagSet\u003E\u003CTag\u003E\u003CKey\u003Etag_key1\u003C/Key\u003E\u003CValue\u003Etag_value1\u003C/Value\u003E\u003C/Tag\u003E\u003C/TagSet\u003E\u003C/Tags\u003E",
      "StatusCode": 204,
      "ResponseHeaders": {
        "Date": "Tue, 04 Jul 2023 07:18:00 GMT",
        "Server": [
          "Windows-Azure-Blob/1.0",
          "Microsoft-HTTPAPI/2.0"
        ],
        "x-ms-client-request-id": "5303ac71-f4de-4b16-be8a-6b843762631e",
        "x-ms-request-id": "b6cba956-e01e-0013-3947-aefece000000",
        "x-ms-version": "2022-11-02"
      },
      "ResponseBody": null
    },
    {
      "RequestUri": "https://REDACTED.blob.core.windows.net/blobsastestserviceblobsaspermissions/jKOkCfEvht?comp=tags\u0026se=2023-07-04T08:17:49Z\u0026sig=t9snYrC9a7L9r1v/HgEkRf4SdmEqdk2LFFoW2/hvC4Y%3D\u0026sp=racwdxyti\u0026spr=https,http\u0026sr=b\u0026st=2023-07-04T07:12:49Z\u0026sv=2022-11-02",
      "RequestMethod": "GET",
      "RequestHeaders": {
        "Connection": "keep-alive",
        "User-Agent": "azsdk-cpp-storage-blobs/12.8.0-beta.2 (Windows 10 Enterprise 6.3 19044 19041.1.amd64fre.vb_release.191206-1406)",
        "x-ms-client-request-id": "295d5987-832c-4f01-b102-9047cc795970",
        "x-ms-date": "Tue, 04 Jul 2023 07:17:53 GMT",
        "x-ms-version": "2022-11-02"
      },
      "RequestBody": null,
      "StatusCode": 200,
      "ResponseHeaders": {
        "Content-Length": "127",
        "Content-Type": "application/xml",
        "Date": "Tue, 04 Jul 2023 07:18:00 GMT",
        "Server": [
          "Windows-Azure-Blob/1.0",
          "Microsoft-HTTPAPI/2.0"
        ],
        "Vary": "Origin",
        "x-ms-client-request-id": "295d5987-832c-4f01-b102-9047cc795970",
        "x-ms-request-id": "b6cbaa1a-e01e-0013-5147-aefece000000",
        "x-ms-version": "2022-11-02"
      },
      "ResponseBody": [
        "\uFEFF\u003C?xml version=\u00221.0\u0022 encoding=\u0022utf-8\u0022?\u003E\n",
        "\u003CTags\u003E\u003CTagSet\u003E\u003CTag\u003E\u003CKey\u003Etag_key1\u003C/Key\u003E\u003CValue\u003Etag_value1\u003C/Value\u003E\u003C/Tag\u003E\u003C/TagSet\u003E\u003C/Tags\u003E"
      ]
    },
    {
      "RequestUri": "https://REDACTED.blob.core.windows.net/blobsastestserviceblobsaspermissions/jKOkCfEvht?comp=tags",
      "RequestMethod": "PUT",
      "RequestHeaders": {
        "Authorization": "Sanitized",
        "Connection": "keep-alive",
        "Content-Length": "123",
        "Content-Type": "application/xml; charset=UTF-8",
        "User-Agent": "azsdk-cpp-storage-blobs/12.8.0-beta.2 (Windows 10 Enterprise 6.3 19044 19041.1.amd64fre.vb_release.191206-1406)",
        "x-ms-client-request-id": "15661b61-9ca5-49b9-bfcd-3537466f9d4b",
        "x-ms-date": "Tue, 04 Jul 2023 07:17:54 GMT",
        "x-ms-version": "2022-11-02"
      },
      "RequestBody": "\u003C?xml version=\u00221.0\u0022 encoding=\u0022utf-8\u0022?\u003E\u003CTags\u003E\u003CTagSet\u003E\u003CTag\u003E\u003CKey\u003Etag_key1\u003C/Key\u003E\u003CValue\u003Etag_value1\u003C/Value\u003E\u003C/Tag\u003E\u003C/TagSet\u003E\u003C/Tags\u003E",
      "StatusCode": 204,
      "ResponseHeaders": {
        "Date": "Tue, 04 Jul 2023 07:18:00 GMT",
        "Server": [
          "Windows-Azure-Blob/1.0",
          "Microsoft-HTTPAPI/2.0"
        ],
        "x-ms-client-request-id": "15661b61-9ca5-49b9-bfcd-3537466f9d4b",
        "x-ms-request-id": "b6cbaaaa-e01e-0013-3e47-aefece000000",
        "x-ms-version": "2022-11-02"
      },
      "ResponseBody": null
    },
    {
      "RequestUri": "https://REDACTED.blob.core.windows.net/blobsastestserviceblobsaspermissions/jKOkCfEvht?comp=tags\u0026se=2023-07-04T08:17:49Z\u0026sig=6qkm075%2BK3nr3QdjT5jtkzuJsb5Bg7et1pbyhbo699Y%3D\u0026ske=2023-07-04T08:17:49Z\u0026skoid=1f5b9b84-aa99-4639-89f9-3f494a88ee8e\u0026sks=b\u0026skt=2023-07-04T07:17:49Z\u0026sktid=72f988bf-86f1-41af-91ab-2d7cd011db47\u0026skv=2022-11-02\u0026sp=racwdxyti\u0026spr=https,http\u0026sr=b\u0026st=2023-07-04T07:12:49Z\u0026sv=2022-11-02",
      "RequestMethod": "GET",
      "RequestHeaders": {
        "Connection": "keep-alive",
        "User-Agent": "azsdk-cpp-storage-blobs/12.8.0-beta.2 (Windows 10 Enterprise 6.3 19044 19041.1.amd64fre.vb_release.191206-1406)",
        "x-ms-client-request-id": "3d7d1d5d-19c7-4e95-8475-e537a23c00c0",
        "x-ms-date": "Tue, 04 Jul 2023 07:17:54 GMT",
        "x-ms-version": "2022-11-02"
      },
      "RequestBody": null,
      "StatusCode": 200,
      "ResponseHeaders": {
        "Content-Length": "127",
        "Content-Type": "application/xml",
        "Date": "Tue, 04 Jul 2023 07:18:00 GMT",
        "Server": [
          "Windows-Azure-Blob/1.0",
          "Microsoft-HTTPAPI/2.0"
        ],
        "Vary": "Origin",
        "x-ms-client-request-id": "3d7d1d5d-19c7-4e95-8475-e537a23c00c0",
        "x-ms-request-id": "b6cbab4f-e01e-0013-4347-aefece000000",
        "x-ms-version": "2022-11-02"
      },
      "ResponseBody": [
        "\uFEFF\u003C?xml version=\u00221.0\u0022 encoding=\u0022utf-8\u0022?\u003E\n",
        "\u003CTags\u003E\u003CTagSet\u003E\u003CTag\u003E\u003CKey\u003Etag_key1\u003C/Key\u003E\u003CValue\u003Etag_value1\u003C/Value\u003E\u003C/Tag\u003E\u003C/TagSet\u003E\u003C/Tags\u003E"
      ]
    },
    {
      "RequestUri": "https://REDACTED.blob.core.windows.net/blobsastestserviceblobsaspermissions/jKOkCfEvht?se=2023-07-04T08:17:49Z\u0026sig=Tw5cLoM49MSInPqkXUdqKNHyF3OWdqGxtd2b/kKQIps%3D\u0026sp=r\u0026spr=https,http\u0026sr=b\u0026st=2023-07-04T07:12:49Z\u0026sv=2022-11-02",
      "RequestMethod": "HEAD",
      "RequestHeaders": {
        "Connection": "keep-alive",
        "User-Agent": "azsdk-cpp-storage-blobs/12.8.0-beta.2 (Windows 10 Enterprise 6.3 19044 19041.1.amd64fre.vb_release.191206-1406)",
        "x-ms-client-request-id": "73536907-0c27-4913-b18a-f42d057a9b44",
        "x-ms-date": "Tue, 04 Jul 2023 07:17:54 GMT",
        "x-ms-version": "2022-11-02"
      },
      "RequestBody": null,
      "StatusCode": 200,
      "ResponseHeaders": {
        "Accept-Ranges": "bytes",
        "Content-Length": "1",
        "Content-MD5": "DMF1ucDxtqgxw5niaXcmYQ==",
        "Content-Type": "application/octet-stream",
        "Date": "Tue, 04 Jul 2023 07:18:01 GMT",
        "ETag": "\u00220x8DB7C5ECC4BDE98\u0022",
        "Last-Modified": "Tue, 04 Jul 2023 07:17:59 GMT",
        "Server": [
          "Windows-Azure-Blob/1.0",
          "Microsoft-HTTPAPI/2.0"
        ],
        "Vary": "Origin",
        "x-ms-access-tier": "Hot",
        "x-ms-access-tier-change-time": "Tue, 04 Jul 2023 07:17:59 GMT",
        "x-ms-blob-type": "BlockBlob",
        "x-ms-client-request-id": "73536907-0c27-4913-b18a-f42d057a9b44",
        "x-ms-creation-time": "Tue, 04 Jul 2023 07:17:59 GMT",
        "x-ms-is-current-version": "true",
        "x-ms-last-access-time": "Tue, 04 Jul 2023 07:17:59 GMT",
        "x-ms-lease-state": "available",
        "x-ms-lease-status": "unlocked",
        "x-ms-request-id": "b6cbac4f-e01e-0013-1547-aefece000000",
        "x-ms-server-encrypted": "true",
        "x-ms-version": "2022-11-02",
        "x-ms-version-id": "2023-07-04T07:18:00.6147571Z"
      },
      "ResponseBody": null
    },
    {
      "RequestUri": "https://REDACTED.blob.core.windows.net/blobsastestserviceblobsaspermissions/jKOkCfEvht?se=2023-07-04T08:17:49Z\u0026sig=cR5zCUeVvZe5EgRuYdrgUYw0gEnQoX/HmJkDWv/r%2BBM%3D\u0026ske=2023-07-04T08:17:49Z\u0026skoid=1f5b9b84-aa99-4639-89f9-3f494a88ee8e\u0026sks=b\u0026skt=2023-07-04T07:17:49Z\u0026sktid=72f988bf-86f1-41af-91ab-2d7cd011db47\u0026skv=2022-11-02\u0026sp=r\u0026spr=https,http\u0026sr=b\u0026st=2023-07-04T07:12:49Z\u0026sv=2022-11-02",
      "RequestMethod": "HEAD",
      "RequestHeaders": {
        "Connection": "keep-alive",
        "User-Agent": "azsdk-cpp-storage-blobs/12.8.0-beta.2 (Windows 10 Enterprise 6.3 19044 19041.1.amd64fre.vb_release.191206-1406)",
        "x-ms-client-request-id": "556c2950-90bd-4a5f-a773-118a91a2e49f",
        "x-ms-date": "Tue, 04 Jul 2023 07:17:54 GMT",
        "x-ms-version": "2022-11-02"
      },
      "RequestBody": null,
      "StatusCode": 200,
      "ResponseHeaders": {
        "Accept-Ranges": "bytes",
        "Content-Length": "1",
        "Content-MD5": "DMF1ucDxtqgxw5niaXcmYQ==",
        "Content-Type": "application/octet-stream",
        "Date": "Tue, 04 Jul 2023 07:18:01 GMT",
        "ETag": "\u00220x8DB7C5ECC4BDE98\u0022",
        "Last-Modified": "Tue, 04 Jul 2023 07:17:59 GMT",
        "Server": [
          "Windows-Azure-Blob/1.0",
          "Microsoft-HTTPAPI/2.0"
        ],
        "Vary": "Origin",
        "x-ms-access-tier": "Hot",
        "x-ms-access-tier-change-time": "Tue, 04 Jul 2023 07:17:59 GMT",
        "x-ms-blob-type": "BlockBlob",
        "x-ms-client-request-id": "556c2950-90bd-4a5f-a773-118a91a2e49f",
        "x-ms-creation-time": "Tue, 04 Jul 2023 07:17:59 GMT",
        "x-ms-is-current-version": "true",
        "x-ms-last-access-time": "Tue, 04 Jul 2023 07:17:59 GMT",
        "x-ms-lease-state": "available",
        "x-ms-lease-status": "unlocked",
        "x-ms-request-id": "b6cbad2d-e01e-0013-5047-aefece000000",
        "x-ms-server-encrypted": "true",
        "x-ms-version": "2022-11-02",
        "x-ms-version-id": "2023-07-04T07:18:00.6147571Z"
      },
      "ResponseBody": null
    },
    {
      "RequestUri": "https://REDACTED.blob.core.windows.net/blobsastestserviceblobsaspermissions/jKOkCfEvht?se=2023-07-04T08:17:49Z\u0026sig=BbUrtFR9u7bKXfwwhiLpr2DhXTCOG/wbyArp1kLhui0%3D\u0026sp=w\u0026spr=https,http\u0026sr=b\u0026st=2023-07-04T07:12:49Z\u0026sv=2022-11-02",
      "RequestMethod": "PUT",
      "RequestHeaders": {
        "Connection": "keep-alive",
        "Content-Length": "1",
        "User-Agent": "azsdk-cpp-storage-blobs/12.8.0-beta.2 (Windows 10 Enterprise 6.3 19044 19041.1.amd64fre.vb_release.191206-1406)",
        "x-ms-blob-type": "BlockBlob",
        "x-ms-client-request-id": "07f3f41b-b851-450f-b053-3fc406fd9ae7",
        "x-ms-date": "Tue, 04 Jul 2023 07:17:55 GMT",
        "x-ms-version": "2022-11-02"
      },
      "RequestBody": "YQ==",
      "StatusCode": 201,
      "ResponseHeaders": {
        "Content-Length": "0",
        "Content-MD5": "DMF1ucDxtqgxw5niaXcmYQ==",
        "Date": "Tue, 04 Jul 2023 07:18:01 GMT",
        "ETag": "\u00220x8DB7C5ECDE9736E\u0022",
        "Last-Modified": "Tue, 04 Jul 2023 07:18:02 GMT",
        "Server": [
          "Windows-Azure-Blob/1.0",
          "Microsoft-HTTPAPI/2.0"
        ],
        "x-ms-client-request-id": "07f3f41b-b851-450f-b053-3fc406fd9ae7",
        "x-ms-content-crc64": "PPzLtEWEL4w=",
        "x-ms-request-id": "b6cbadf4-e01e-0013-6d47-aefece000000",
        "x-ms-request-server-encrypted": "true",
        "x-ms-version": "2022-11-02",
        "x-ms-version-id": "2023-07-04T07:18:02.6475910Z"
      },
      "ResponseBody": null
    },
    {
      "RequestUri": "https://REDACTED.blob.core.windows.net/blobsastestserviceblobsaspermissions/jKOkCfEvht?se=2023-07-04T08:17:49Z\u0026sig=27%2BS2lP86ZgiDhU%2B7vdCzKYYOVIaSbS0nWCuhYdAK2Q%3D\u0026ske=2023-07-04T08:17:49Z\u0026skoid=1f5b9b84-aa99-4639-89f9-3f494a88ee8e\u0026sks=b\u0026skt=2023-07-04T07:17:49Z\u0026sktid=72f988bf-86f1-41af-91ab-2d7cd011db47\u0026skv=2022-11-02\u0026sp=w\u0026spr=https,http\u0026sr=b\u0026st=2023-07-04T07:12:49Z\u0026sv=2022-11-02",
      "RequestMethod": "PUT",
      "RequestHeaders": {
        "Connection": "keep-alive",
        "Content-Length": "1",
        "User-Agent": "azsdk-cpp-storage-blobs/12.8.0-beta.2 (Windows 10 Enterprise 6.3 19044 19041.1.amd64fre.vb_release.191206-1406)",
        "x-ms-blob-type": "BlockBlob",
        "x-ms-client-request-id": "28b53691-7a9c-462a-b996-c37c9558bf26",
        "x-ms-date": "Tue, 04 Jul 2023 07:17:55 GMT",
        "x-ms-version": "2022-11-02"
      },
      "RequestBody": "YQ==",
      "StatusCode": 201,
      "ResponseHeaders": {
        "Content-Length": "0",
        "Content-MD5": "DMF1ucDxtqgxw5niaXcmYQ==",
        "Date": "Tue, 04 Jul 2023 07:18:02 GMT",
        "ETag": "\u00220x8DB7C5ECE16493E\u0022",
        "Last-Modified": "Tue, 04 Jul 2023 07:18:02 GMT",
        "Server": [
          "Windows-Azure-Blob/1.0",
          "Microsoft-HTTPAPI/2.0"
        ],
        "x-ms-client-request-id": "28b53691-7a9c-462a-b996-c37c9558bf26",
        "x-ms-content-crc64": "PPzLtEWEL4w=",
        "x-ms-request-id": "b6cbae8b-e01e-0013-6447-aefece000000",
        "x-ms-request-server-encrypted": "true",
        "x-ms-version": "2022-11-02",
        "x-ms-version-id": "2023-07-04T07:18:02.9404238Z"
      },
      "ResponseBody": null
    },
    {
      "RequestUri": "https://REDACTED.blob.core.windows.net/blobsastestserviceblobsaspermissions/jKOkCfEvht?se=2023-07-04T08:17:49Z\u0026sig=9f7BdcFjkfVGI3lvi%2Bo9iiq1haBokft1Mq0Pz4b1CcM%3D\u0026sp=d\u0026spr=https,http\u0026sr=b\u0026st=2023-07-04T07:12:49Z\u0026sv=2022-11-02",
      "RequestMethod": "DELETE",
      "RequestHeaders": {
        "Connection": "keep-alive",
        "User-Agent": "azsdk-cpp-storage-blobs/12.8.0-beta.2 (Windows 10 Enterprise 6.3 19044 19041.1.amd64fre.vb_release.191206-1406)",
        "x-ms-client-request-id": "1c4b0fa8-3129-4cd7-8be0-2e7199858077",
        "x-ms-date": "Tue, 04 Jul 2023 07:17:55 GMT",
        "x-ms-delete-snapshots": "include",
        "x-ms-version": "2022-11-02"
      },
      "RequestBody": null,
      "StatusCode": 202,
      "ResponseHeaders": {
        "Content-Length": "0",
        "Date": "Tue, 04 Jul 2023 07:18:02 GMT",
        "Server": [
          "Windows-Azure-Blob/1.0",
          "Microsoft-HTTPAPI/2.0"
        ],
        "x-ms-client-request-id": "1c4b0fa8-3129-4cd7-8be0-2e7199858077",
        "x-ms-delete-type-permanent": "false",
        "x-ms-request-id": "b6cbaf50-e01e-0013-7c47-aefece000000",
        "x-ms-version": "2022-11-02"
      },
      "ResponseBody": null
    },
    {
      "RequestUri": "https://REDACTED.blob.core.windows.net/blobsastestserviceblobsaspermissions/jKOkCfEvht",
      "RequestMethod": "PUT",
      "RequestHeaders": {
        "Authorization": "Sanitized",
        "Connection": "keep-alive",
        "Content-Length": "1",
        "User-Agent": "azsdk-cpp-storage-blobs/12.8.0-beta.2 (Windows 10 Enterprise 6.3 19044 19041.1.amd64fre.vb_release.191206-1406)",
        "x-ms-blob-type": "BlockBlob",
        "x-ms-client-request-id": "8bb725be-798e-4a12-ade6-83a96f9abfb2",
        "x-ms-date": "Tue, 04 Jul 2023 07:17:56 GMT",
        "x-ms-version": "2022-11-02"
      },
      "RequestBody": "YQ==",
      "StatusCode": 201,
      "ResponseHeaders": {
        "Content-Length": "0",
        "Content-MD5": "DMF1ucDxtqgxw5niaXcmYQ==",
        "Date": "Tue, 04 Jul 2023 07:18:02 GMT",
        "ETag": "\u00220x8DB7C5ECE6C24D4\u0022",
        "Last-Modified": "Tue, 04 Jul 2023 07:18:03 GMT",
        "Server": [
          "Windows-Azure-Blob/1.0",
          "Microsoft-HTTPAPI/2.0"
        ],
        "x-ms-client-request-id": "8bb725be-798e-4a12-ade6-83a96f9abfb2",
        "x-ms-content-crc64": "PPzLtEWEL4w=",
        "x-ms-request-id": "b6cbaff5-e01e-0013-7a47-aefece000000",
        "x-ms-request-server-encrypted": "true",
        "x-ms-version": "2022-11-02",
        "x-ms-version-id": "2023-07-04T07:18:03.5021012Z"
      },
      "ResponseBody": null
    },
    {
      "RequestUri": "https://REDACTED.blob.core.windows.net/blobsastestserviceblobsaspermissions/jKOkCfEvht?se=2023-07-04T08:17:49Z\u0026sig=65w7xt7f8DOaKcBWj38Taf1kGlo0ODcCa%2BcRq7Z28I8%3D\u0026ske=2023-07-04T08:17:49Z\u0026skoid=1f5b9b84-aa99-4639-89f9-3f494a88ee8e\u0026sks=b\u0026skt=2023-07-04T07:17:49Z\u0026sktid=72f988bf-86f1-41af-91ab-2d7cd011db47\u0026skv=2022-11-02\u0026sp=d\u0026spr=https,http\u0026sr=b\u0026st=2023-07-04T07:12:49Z\u0026sv=2022-11-02",
      "RequestMethod": "DELETE",
      "RequestHeaders": {
        "Connection": "keep-alive",
        "User-Agent": "azsdk-cpp-storage-blobs/12.8.0-beta.2 (Windows 10 Enterprise 6.3 19044 19041.1.amd64fre.vb_release.191206-1406)",
        "x-ms-client-request-id": "3a765ecc-1c6d-4946-8f30-b7b501d27c9c",
        "x-ms-date": "Tue, 04 Jul 2023 07:17:56 GMT",
        "x-ms-delete-snapshots": "include",
        "x-ms-version": "2022-11-02"
      },
      "RequestBody": null,
      "StatusCode": 202,
      "ResponseHeaders": {
        "Content-Length": "0",
        "Date": "Tue, 04 Jul 2023 07:18:02 GMT",
        "Server": [
          "Windows-Azure-Blob/1.0",
          "Microsoft-HTTPAPI/2.0"
        ],
        "x-ms-client-request-id": "3a765ecc-1c6d-4946-8f30-b7b501d27c9c",
        "x-ms-delete-type-permanent": "false",
        "x-ms-request-id": "b6cbb0b5-e01e-0013-1a47-aefece000000",
        "x-ms-version": "2022-11-02"
      },
      "ResponseBody": null
    },
    {
      "RequestUri": "https://REDACTED.blob.core.windows.net/blobsastestserviceblobsaspermissions/jKOkCfEvht",
      "RequestMethod": "PUT",
      "RequestHeaders": {
        "Authorization": "Sanitized",
        "Connection": "keep-alive",
        "Content-Length": "1",
        "User-Agent": "azsdk-cpp-storage-blobs/12.8.0-beta.2 (Windows 10 Enterprise 6.3 19044 19041.1.amd64fre.vb_release.191206-1406)",
        "x-ms-blob-type": "BlockBlob",
        "x-ms-client-request-id": "b90ed143-7849-473c-9bc0-cc74f10500e7",
        "x-ms-date": "Tue, 04 Jul 2023 07:17:56 GMT",
        "x-ms-version": "2022-11-02"
      },
      "RequestBody": "YQ==",
      "StatusCode": 201,
      "ResponseHeaders": {
        "Content-Length": "0",
        "Content-MD5": "DMF1ucDxtqgxw5niaXcmYQ==",
        "Date": "Tue, 04 Jul 2023 07:18:03 GMT",
        "ETag": "\u00220x8DB7C5ECEC1B254\u0022",
        "Last-Modified": "Tue, 04 Jul 2023 07:18:04 GMT",
        "Server": [
          "Windows-Azure-Blob/1.0",
          "Microsoft-HTTPAPI/2.0"
        ],
        "x-ms-client-request-id": "b90ed143-7849-473c-9bc0-cc74f10500e7",
        "x-ms-content-crc64": "PPzLtEWEL4w=",
        "x-ms-request-id": "b6cbb13d-e01e-0013-0147-aefece000000",
        "x-ms-request-server-encrypted": "true",
        "x-ms-version": "2022-11-02",
        "x-ms-version-id": "2023-07-04T07:18:04.0627796Z"
      },
      "ResponseBody": null
    },
    {
      "RequestUri": "https://REDACTED.blob.core.windows.net/blobsastestserviceblobsaspermissions/jKOkCfEvht?comp=snapshot\u0026se=2023-07-04T08:17:49Z\u0026sig=YJoDZOedZ4xqtQYhlXl3UJTM93xLr3Wow%2BsNvxXOlHU%3D\u0026sp=c\u0026spr=https,http\u0026sr=b\u0026st=2023-07-04T07:12:49Z\u0026sv=2022-11-02",
      "RequestMethod": "PUT",
      "RequestHeaders": {
        "Connection": "keep-alive",
        "Content-Length": "0",
        "User-Agent": "azsdk-cpp-storage-blobs/12.8.0-beta.2 (Windows 10 Enterprise 6.3 19044 19041.1.amd64fre.vb_release.191206-1406)",
        "x-ms-client-request-id": "43aa4f58-e6af-4e42-8dfe-ad96adc1110e",
        "x-ms-date": "Tue, 04 Jul 2023 07:17:56 GMT",
        "x-ms-version": "2022-11-02"
      },
      "RequestBody": null,
      "StatusCode": 201,
      "ResponseHeaders": {
        "Content-Length": "0",
        "Date": "Tue, 04 Jul 2023 07:18:03 GMT",
        "ETag": "\u00220x8DB7C5ECEC1B254\u0022",
        "Last-Modified": "Tue, 04 Jul 2023 07:18:04 GMT",
        "Server": [
          "Windows-Azure-Blob/1.0",
          "Microsoft-HTTPAPI/2.0"
        ],
        "x-ms-client-request-id": "43aa4f58-e6af-4e42-8dfe-ad96adc1110e",
        "x-ms-request-id": "b6cbb224-e01e-0013-3d47-aefece000000",
        "x-ms-request-server-encrypted": "false",
        "x-ms-snapshot": "2023-07-04T07:18:04.3636081Z",
        "x-ms-version": "2022-11-02",
        "x-ms-version-id": "2023-07-04T07:18:04.3646081Z"
      },
      "ResponseBody": null
    },
    {
      "RequestUri": "https://REDACTED.blob.core.windows.net/blobsastestserviceblobsaspermissions/jKOkCfEvht?comp=snapshot\u0026se=2023-07-04T08:17:49Z\u0026sig=4wimeU3y3Pay7wuUzALqCFPdt%2BvxD16NNKW5bpM0lwU%3D\u0026ske=2023-07-04T08:17:49Z\u0026skoid=1f5b9b84-aa99-4639-89f9-3f494a88ee8e\u0026sks=b\u0026skt=2023-07-04T07:17:49Z\u0026sktid=72f988bf-86f1-41af-91ab-2d7cd011db47\u0026skv=2022-11-02\u0026sp=c\u0026spr=https,http\u0026sr=b\u0026st=2023-07-04T07:12:49Z\u0026sv=2022-11-02",
      "RequestMethod": "PUT",
      "RequestHeaders": {
        "Connection": "keep-alive",
        "Content-Length": "0",
        "User-Agent": "azsdk-cpp-storage-blobs/12.8.0-beta.2 (Windows 10 Enterprise 6.3 19044 19041.1.amd64fre.vb_release.191206-1406)",
        "x-ms-client-request-id": "2689137a-8465-4760-9881-a3585cf86f87",
        "x-ms-date": "Tue, 04 Jul 2023 07:17:57 GMT",
        "x-ms-version": "2022-11-02"
      },
      "RequestBody": null,
      "StatusCode": 201,
      "ResponseHeaders": {
        "Content-Length": "0",
        "Date": "Tue, 04 Jul 2023 07:18:03 GMT",
        "ETag": "\u00220x8DB7C5ECEC1B254\u0022",
        "Last-Modified": "Tue, 04 Jul 2023 07:18:04 GMT",
        "Server": [
          "Windows-Azure-Blob/1.0",
          "Microsoft-HTTPAPI/2.0"
        ],
        "x-ms-client-request-id": "2689137a-8465-4760-9881-a3585cf86f87",
        "x-ms-request-id": "b6cbb2e4-e01e-0013-4c47-aefece000000",
        "x-ms-request-server-encrypted": "false",
        "x-ms-snapshot": "2023-07-04T07:18:04.6604385Z",
        "x-ms-version": "2022-11-02",
        "x-ms-version-id": "2023-07-04T07:18:04.6614385Z"
      },
      "ResponseBody": null
    },
    {
      "RequestUri": "https://REDACTED.blob.core.windows.net/blobsastestserviceblobsaspermissions/jKOkCfEvht?comp=tags",
      "RequestMethod": "PUT",
      "RequestHeaders": {
        "Authorization": "Sanitized",
        "Connection": "keep-alive",
        "Content-Length": "123",
        "Content-Type": "application/xml; charset=UTF-8",
        "User-Agent": "azsdk-cpp-storage-blobs/12.8.0-beta.2 (Windows 10 Enterprise 6.3 19044 19041.1.amd64fre.vb_release.191206-1406)",
        "x-ms-client-request-id": "b5a79cdc-ad4a-452a-ac4d-03a15df6a424",
        "x-ms-date": "Tue, 04 Jul 2023 07:17:57 GMT",
        "x-ms-version": "2022-11-02"
      },
      "RequestBody": "\u003C?xml version=\u00221.0\u0022 encoding=\u0022utf-8\u0022?\u003E\u003CTags\u003E\u003CTagSet\u003E\u003CTag\u003E\u003CKey\u003Etag_key1\u003C/Key\u003E\u003CValue\u003Etag_value1\u003C/Value\u003E\u003C/Tag\u003E\u003C/TagSet\u003E\u003C/Tags\u003E",
      "StatusCode": 204,
      "ResponseHeaders": {
        "Date": "Tue, 04 Jul 2023 07:18:04 GMT",
        "Server": [
          "Windows-Azure-Blob/1.0",
          "Microsoft-HTTPAPI/2.0"
        ],
        "x-ms-client-request-id": "b5a79cdc-ad4a-452a-ac4d-03a15df6a424",
        "x-ms-request-id": "b6cbb384-e01e-0013-4047-aefece000000",
        "x-ms-version": "2022-11-02"
      },
      "ResponseBody": null
    },
    {
      "RequestUri": "https://REDACTED.blob.core.windows.net/blobsastestserviceblobsaspermissions/jKOkCfEvht?comp=tags\u0026se=2023-07-04T08:17:49Z\u0026sig=/a7xvOne6YenvZbkEHSnvQC3jVAc5lKyxFPN5XzLunA%3D\u0026sp=t\u0026spr=https,http\u0026sr=b\u0026st=2023-07-04T07:12:49Z\u0026sv=2022-11-02",
      "RequestMethod": "GET",
      "RequestHeaders": {
        "Connection": "keep-alive",
        "User-Agent": "azsdk-cpp-storage-blobs/12.8.0-beta.2 (Windows 10 Enterprise 6.3 19044 19041.1.amd64fre.vb_release.191206-1406)",
        "x-ms-client-request-id": "a4177207-3590-4e19-9a38-da76a0cabc5f",
        "x-ms-date": "Tue, 04 Jul 2023 07:17:57 GMT",
        "x-ms-version": "2022-11-02"
      },
      "RequestBody": null,
      "StatusCode": 200,
      "ResponseHeaders": {
        "Content-Length": "127",
        "Content-Type": "application/xml",
        "Date": "Tue, 04 Jul 2023 07:18:04 GMT",
        "Server": [
          "Windows-Azure-Blob/1.0",
          "Microsoft-HTTPAPI/2.0"
        ],
        "Vary": "Origin",
        "x-ms-client-request-id": "a4177207-3590-4e19-9a38-da76a0cabc5f",
        "x-ms-request-id": "b6cbb468-e01e-0013-7747-aefece000000",
        "x-ms-version": "2022-11-02"
      },
      "ResponseBody": [
        "\uFEFF\u003C?xml version=\u00221.0\u0022 encoding=\u0022utf-8\u0022?\u003E\n",
        "\u003CTags\u003E\u003CTagSet\u003E\u003CTag\u003E\u003CKey\u003Etag_key1\u003C/Key\u003E\u003CValue\u003Etag_value1\u003C/Value\u003E\u003C/Tag\u003E\u003C/TagSet\u003E\u003C/Tags\u003E"
      ]
    },
    {
      "RequestUri": "https://REDACTED.blob.core.windows.net/blobsastestserviceblobsaspermissions/jKOkCfEvht?comp=tags",
      "RequestMethod": "PUT",
      "RequestHeaders": {
        "Authorization": "Sanitized",
        "Connection": "keep-alive",
        "Content-Length": "123",
        "Content-Type": "application/xml; charset=UTF-8",
        "User-Agent": "azsdk-cpp-storage-blobs/12.8.0-beta.2 (Windows 10 Enterprise 6.3 19044 19041.1.amd64fre.vb_release.191206-1406)",
        "x-ms-client-request-id": "569ca1de-e346-4303-a77c-4398e0788204",
        "x-ms-date": "Tue, 04 Jul 2023 07:17:58 GMT",
        "x-ms-version": "2022-11-02"
      },
      "RequestBody": "\u003C?xml version=\u00221.0\u0022 encoding=\u0022utf-8\u0022?\u003E\u003CTags\u003E\u003CTagSet\u003E\u003CTag\u003E\u003CKey\u003Etag_key1\u003C/Key\u003E\u003CValue\u003Etag_value1\u003C/Value\u003E\u003C/Tag\u003E\u003C/TagSet\u003E\u003C/Tags\u003E",
      "StatusCode": 204,
      "ResponseHeaders": {
        "Date": "Tue, 04 Jul 2023 07:18:04 GMT",
        "Server": [
          "Windows-Azure-Blob/1.0",
          "Microsoft-HTTPAPI/2.0"
        ],
        "x-ms-client-request-id": "569ca1de-e346-4303-a77c-4398e0788204",
        "x-ms-request-id": "b6cbb530-e01e-0013-0d47-aefece000000",
        "x-ms-version": "2022-11-02"
      },
      "ResponseBody": null
    },
    {
      "RequestUri": "https://REDACTED.blob.core.windows.net/blobsastestserviceblobsaspermissions/jKOkCfEvht?comp=tags\u0026se=2023-07-04T08:17:49Z\u0026sig=eJUxn/SLtLl7Mvu4isPHy9M61Tpl6z4O0gKr4O/al3I%3D\u0026ske=2023-07-04T08:17:49Z\u0026skoid=1f5b9b84-aa99-4639-89f9-3f494a88ee8e\u0026sks=b\u0026skt=2023-07-04T07:17:49Z\u0026sktid=72f988bf-86f1-41af-91ab-2d7cd011db47\u0026skv=2022-11-02\u0026sp=t\u0026spr=https,http\u0026sr=b\u0026st=2023-07-04T07:12:49Z\u0026sv=2022-11-02",
      "RequestMethod": "GET",
      "RequestHeaders": {
        "Connection": "keep-alive",
        "User-Agent": "azsdk-cpp-storage-blobs/12.8.0-beta.2 (Windows 10 Enterprise 6.3 19044 19041.1.amd64fre.vb_release.191206-1406)",
        "x-ms-client-request-id": "351774aa-d95f-4c2b-9157-c9a9a796dfff",
        "x-ms-date": "Tue, 04 Jul 2023 07:17:58 GMT",
        "x-ms-version": "2022-11-02"
      },
      "RequestBody": null,
      "StatusCode": 200,
      "ResponseHeaders": {
        "Content-Length": "127",
        "Content-Type": "application/xml",
        "Date": "Tue, 04 Jul 2023 07:18:04 GMT",
        "Server": [
          "Windows-Azure-Blob/1.0",
          "Microsoft-HTTPAPI/2.0"
        ],
        "Vary": "Origin",
        "x-ms-client-request-id": "351774aa-d95f-4c2b-9157-c9a9a796dfff",
        "x-ms-request-id": "b6cbb5e6-e01e-0013-1747-aefece000000",
        "x-ms-version": "2022-11-02"
      },
      "ResponseBody": [
        "\uFEFF\u003C?xml version=\u00221.0\u0022 encoding=\u0022utf-8\u0022?\u003E\n",
        "\u003CTags\u003E\u003CTagSet\u003E\u003CTag\u003E\u003CKey\u003Etag_key1\u003C/Key\u003E\u003CValue\u003Etag_value1\u003C/Value\u003E\u003C/Tag\u003E\u003C/TagSet\u003E\u003C/Tags\u003E"
      ]
    },
    {
      "RequestUri": "https://REDACTED.blob.core.windows.net/blobsastestserviceblobsaspermissions/1Qgari0f3z",
      "RequestMethod": "PUT",
      "RequestHeaders": {
        "Authorization": "Sanitized",
        "Connection": "keep-alive",
        "Content-Length": "0",
        "If-None-Match": "*",
        "User-Agent": "azsdk-cpp-storage-blobs/12.8.0-beta.2 (Windows 10 Enterprise 6.3 19044 19041.1.amd64fre.vb_release.191206-1406)",
        "x-ms-blob-type": "AppendBlob",
        "x-ms-client-request-id": "51d5e705-06ee-49ac-ac01-b6d939daa76d",
        "x-ms-date": "Tue, 04 Jul 2023 07:17:58 GMT",
        "x-ms-version": "2022-11-02"
      },
      "RequestBody": null,
      "StatusCode": 201,
      "ResponseHeaders": {
        "Content-Length": "0",
        "Date": "Tue, 04 Jul 2023 07:18:05 GMT",
        "ETag": "\u00220x8DB7C5ECFF1C860\u0022",
        "Last-Modified": "Tue, 04 Jul 2023 07:18:06 GMT",
        "Server": [
          "Windows-Azure-Blob/1.0",
          "Microsoft-HTTPAPI/2.0"
        ],
        "x-ms-client-request-id": "51d5e705-06ee-49ac-ac01-b6d939daa76d",
        "x-ms-request-id": "b6cbb6ba-e01e-0013-4347-aefece000000",
        "x-ms-request-server-encrypted": "true",
        "x-ms-version": "2022-11-02",
        "x-ms-version-id": "2023-07-04T07:18:06.0556384Z"
      },
      "ResponseBody": null
    },
    {
      "RequestUri": "https://REDACTED.blob.core.windows.net/blobsastestserviceblobsaspermissions/1Qgari0f3z?comp=appendblock\u0026se=2023-07-04T08:17:49Z\u0026sig=UGl1vdPYyYGTv8w0ST6V7YcEM09q2e8l3TmJonz0Q2E%3D\u0026sp=racwdxyti\u0026spr=https,http\u0026sr=b\u0026st=2023-07-04T07:12:49Z\u0026sv=2022-11-02",
      "RequestMethod": "PUT",
      "RequestHeaders": {
        "Connection": "keep-alive",
        "Content-Length": "11",
        "User-Agent": "azsdk-cpp-storage-blobs/12.8.0-beta.2 (Windows 10 Enterprise 6.3 19044 19041.1.amd64fre.vb_release.191206-1406)",
        "x-ms-client-request-id": "547af4d0-02f5-4a2e-b07e-5476b345e098",
        "x-ms-date": "Tue, 04 Jul 2023 07:17:58 GMT",
        "x-ms-version": "2022-11-02"
      },
      "RequestBody": "SGVsbG8gd29ybGQ=",
      "StatusCode": 201,
      "ResponseHeaders": {
        "Content-Length": "0",
        "Date": "Tue, 04 Jul 2023 07:18:05 GMT",
        "ETag": "\u00220x8DB7C5ED0210ECC\u0022",
        "Last-Modified": "Tue, 04 Jul 2023 07:18:06 GMT",
        "Server": [
          "Windows-Azure-Blob/1.0",
          "Microsoft-HTTPAPI/2.0"
        ],
        "x-ms-blob-append-offset": "0",
        "x-ms-blob-committed-block-count": "1",
        "x-ms-client-request-id": "547af4d0-02f5-4a2e-b07e-5476b345e098",
        "x-ms-content-crc64": "2yoxP9BZ4jg=",
        "x-ms-request-id": "b6cbb7b3-e01e-0013-1247-aefece000000",
        "x-ms-request-server-encrypted": "true",
        "x-ms-version": "2022-11-02"
      },
      "ResponseBody": null
    },
    {
      "RequestUri": "https://REDACTED.blob.core.windows.net/blobsastestserviceblobsaspermissions/1Qgari0f3z",
      "RequestMethod": "PUT",
      "RequestHeaders": {
        "Authorization": "Sanitized",
        "Connection": "keep-alive",
        "Content-Length": "0",
        "If-None-Match": "*",
        "User-Agent": "azsdk-cpp-storage-blobs/12.8.0-beta.2 (Windows 10 Enterprise 6.3 19044 19041.1.amd64fre.vb_release.191206-1406)",
        "x-ms-blob-type": "AppendBlob",
        "x-ms-client-request-id": "b3433278-5634-4fdf-bdc3-4bceccf5a9b4",
        "x-ms-date": "Tue, 04 Jul 2023 07:17:59 GMT",
        "x-ms-version": "2022-11-02"
      },
      "RequestBody": null,
      "StatusCode": 409,
      "ResponseHeaders": {
        "Content-Length": "220",
        "Content-Type": "application/xml",
        "Date": "Tue, 04 Jul 2023 07:18:05 GMT",
        "Server": [
          "Windows-Azure-Blob/1.0",
          "Microsoft-HTTPAPI/2.0"
        ],
        "x-ms-client-request-id": "b3433278-5634-4fdf-bdc3-4bceccf5a9b4",
        "x-ms-error-code": "BlobAlreadyExists",
        "x-ms-request-id": "b6cbb83c-e01e-0013-7e47-aefece000000",
        "x-ms-version": "2022-11-02"
      },
      "ResponseBody": [
        "\uFEFF\u003C?xml version=\u00221.0\u0022 encoding=\u0022utf-8\u0022?\u003E\u003CError\u003E\u003CCode\u003EBlobAlreadyExists\u003C/Code\u003E\u003CMessage\u003EThe specified blob already exists.\n",
        "RequestId:b6cbb83c-e01e-0013-7e47-aefece000000\n",
        "Time:2023-07-04T07:18:06.6317968Z\u003C/Message\u003E\u003C/Error\u003E"
      ]
    },
    {
      "RequestUri": "https://REDACTED.blob.core.windows.net/blobsastestserviceblobsaspermissions/1Qgari0f3z?comp=appendblock\u0026se=2023-07-04T08:17:49Z\u0026sig=4ogJ7Jj9LzXdHHR0HkseLvJAukNQZuKXkGD0iqjIm58%3D\u0026ske=2023-07-04T08:17:49Z\u0026skoid=1f5b9b84-aa99-4639-89f9-3f494a88ee8e\u0026sks=b\u0026skt=2023-07-04T07:17:49Z\u0026sktid=72f988bf-86f1-41af-91ab-2d7cd011db47\u0026skv=2022-11-02\u0026sp=racwdxyti\u0026spr=https,http\u0026sr=b\u0026st=2023-07-04T07:12:49Z\u0026sv=2022-11-02",
      "RequestMethod": "PUT",
      "RequestHeaders": {
        "Connection": "keep-alive",
        "Content-Length": "11",
        "User-Agent": "azsdk-cpp-storage-blobs/12.8.0-beta.2 (Windows 10 Enterprise 6.3 19044 19041.1.amd64fre.vb_release.191206-1406)",
        "x-ms-client-request-id": "d8c02b41-8db7-48a4-b4ca-711f4f662445",
        "x-ms-date": "Tue, 04 Jul 2023 07:17:59 GMT",
        "x-ms-version": "2022-11-02"
      },
      "RequestBody": "SGVsbG8gd29ybGQ=",
      "StatusCode": 201,
      "ResponseHeaders": {
        "Content-Length": "0",
        "Date": "Tue, 04 Jul 2023 07:18:06 GMT",
        "ETag": "\u00220x8DB7C5ED076754B\u0022",
        "Last-Modified": "Tue, 04 Jul 2023 07:18:06 GMT",
        "Server": [
          "Windows-Azure-Blob/1.0",
          "Microsoft-HTTPAPI/2.0"
        ],
        "x-ms-blob-append-offset": "11",
        "x-ms-blob-committed-block-count": "2",
        "x-ms-client-request-id": "d8c02b41-8db7-48a4-b4ca-711f4f662445",
        "x-ms-content-crc64": "2yoxP9BZ4jg=",
        "x-ms-request-id": "b6cbb909-e01e-0013-2547-aefece000000",
        "x-ms-request-server-encrypted": "true",
        "x-ms-version": "2022-11-02"
      },
      "ResponseBody": null
    },
    {
      "RequestUri": "https://REDACTED.blob.core.windows.net/blobsastestserviceblobsaspermissions/1Qgari0f3z",
      "RequestMethod": "PUT",
      "RequestHeaders": {
        "Authorization": "Sanitized",
        "Connection": "keep-alive",
        "Content-Length": "0",
        "If-None-Match": "*",
        "User-Agent": "azsdk-cpp-storage-blobs/12.8.0-beta.2 (Windows 10 Enterprise 6.3 19044 19041.1.amd64fre.vb_release.191206-1406)",
        "x-ms-blob-type": "AppendBlob",
        "x-ms-client-request-id": "9c620ba1-e785-4eaf-aafe-ae8bbce60508",
        "x-ms-date": "Tue, 04 Jul 2023 07:17:59 GMT",
        "x-ms-version": "2022-11-02"
      },
      "RequestBody": null,
      "StatusCode": 409,
      "ResponseHeaders": {
        "Content-Length": "220",
        "Content-Type": "application/xml",
        "Date": "Tue, 04 Jul 2023 07:18:06 GMT",
        "Server": [
          "Windows-Azure-Blob/1.0",
          "Microsoft-HTTPAPI/2.0"
        ],
        "x-ms-client-request-id": "9c620ba1-e785-4eaf-aafe-ae8bbce60508",
        "x-ms-error-code": "BlobAlreadyExists",
        "x-ms-request-id": "b6cbba12-e01e-0013-0947-aefece000000",
        "x-ms-version": "2022-11-02"
      },
      "ResponseBody": [
        "\uFEFF\u003C?xml version=\u00221.0\u0022 encoding=\u0022utf-8\u0022?\u003E\u003CError\u003E\u003CCode\u003EBlobAlreadyExists\u003C/Code\u003E\u003CMessage\u003EThe specified blob already exists.\n",
        "RequestId:b6cbba12-e01e-0013-0947-aefece000000\n",
        "Time:2023-07-04T07:18:07.2154650Z\u003C/Message\u003E\u003C/Error\u003E"
      ]
    },
    {
      "RequestUri": "https://REDACTED.blob.core.windows.net/blobsastestserviceblobsaspermissions/1Qgari0f3z?comp=appendblock\u0026se=2023-07-04T08:17:49Z\u0026sig=53m6nBR/difhIw9hJmUWjpgV47/l%2B/10JbdFFv1kHJY%3D\u0026sp=a\u0026spr=https,http\u0026sr=b\u0026st=2023-07-04T07:12:49Z\u0026sv=2022-11-02",
      "RequestMethod": "PUT",
      "RequestHeaders": {
        "Connection": "keep-alive",
        "Content-Length": "11",
        "User-Agent": "azsdk-cpp-storage-blobs/12.8.0-beta.2 (Windows 10 Enterprise 6.3 19044 19041.1.amd64fre.vb_release.191206-1406)",
        "x-ms-client-request-id": "45ac60da-257c-4b80-bb10-62e1dc4f52fb",
        "x-ms-date": "Tue, 04 Jul 2023 07:18:00 GMT",
        "x-ms-version": "2022-11-02"
      },
      "RequestBody": "SGVsbG8gd29ybGQ=",
      "StatusCode": 201,
      "ResponseHeaders": {
        "Content-Length": "0",
        "Date": "Tue, 04 Jul 2023 07:18:06 GMT",
        "ETag": "\u00220x8DB7C5ED0CF0F9A\u0022",
        "Last-Modified": "Tue, 04 Jul 2023 07:18:07 GMT",
        "Server": [
          "Windows-Azure-Blob/1.0",
          "Microsoft-HTTPAPI/2.0"
        ],
        "x-ms-blob-append-offset": "22",
        "x-ms-blob-committed-block-count": "3",
        "x-ms-client-request-id": "45ac60da-257c-4b80-bb10-62e1dc4f52fb",
        "x-ms-content-crc64": "2yoxP9BZ4jg=",
        "x-ms-request-id": "b6cbbae1-e01e-0013-3747-aefece000000",
        "x-ms-request-server-encrypted": "true",
        "x-ms-version": "2022-11-02"
      },
      "ResponseBody": null
    },
    {
      "RequestUri": "https://REDACTED.blob.core.windows.net/blobsastestserviceblobsaspermissions/1Qgari0f3z",
      "RequestMethod": "PUT",
      "RequestHeaders": {
        "Authorization": "Sanitized",
        "Connection": "keep-alive",
        "Content-Length": "0",
        "If-None-Match": "*",
        "User-Agent": "azsdk-cpp-storage-blobs/12.8.0-beta.2 (Windows 10 Enterprise 6.3 19044 19041.1.amd64fre.vb_release.191206-1406)",
        "x-ms-blob-type": "AppendBlob",
        "x-ms-client-request-id": "63678a5f-3797-4ef0-94d2-fcf43d5637c1",
        "x-ms-date": "Tue, 04 Jul 2023 07:18:00 GMT",
        "x-ms-version": "2022-11-02"
      },
      "RequestBody": null,
      "StatusCode": 409,
      "ResponseHeaders": {
        "Content-Length": "220",
        "Content-Type": "application/xml",
        "Date": "Tue, 04 Jul 2023 07:18:06 GMT",
        "Server": [
          "Windows-Azure-Blob/1.0",
          "Microsoft-HTTPAPI/2.0"
        ],
        "x-ms-client-request-id": "63678a5f-3797-4ef0-94d2-fcf43d5637c1",
        "x-ms-error-code": "BlobAlreadyExists",
        "x-ms-request-id": "b6cbbb8f-e01e-0013-4547-aefece000000",
        "x-ms-version": "2022-11-02"
      },
      "ResponseBody": [
        "\uFEFF\u003C?xml version=\u00221.0\u0022 encoding=\u0022utf-8\u0022?\u003E\u003CError\u003E\u003CCode\u003EBlobAlreadyExists\u003C/Code\u003E\u003CMessage\u003EThe specified blob already exists.\n",
        "RequestId:b6cbbb8f-e01e-0013-4547-aefece000000\n",
        "Time:2023-07-04T07:18:07.7851394Z\u003C/Message\u003E\u003C/Error\u003E"
      ]
    },
    {
      "RequestUri": "https://REDACTED.blob.core.windows.net/blobsastestserviceblobsaspermissions/1Qgari0f3z?comp=appendblock\u0026se=2023-07-04T08:17:49Z\u0026sig=q11ONUPK2t%2BxV6Yh0aNfp0xWuC2SahN4stN7e0X%2B%2BWY%3D\u0026ske=2023-07-04T08:17:49Z\u0026skoid=1f5b9b84-aa99-4639-89f9-3f494a88ee8e\u0026sks=b\u0026skt=2023-07-04T07:17:49Z\u0026sktid=72f988bf-86f1-41af-91ab-2d7cd011db47\u0026skv=2022-11-02\u0026sp=a\u0026spr=https,http\u0026sr=b\u0026st=2023-07-04T07:12:49Z\u0026sv=2022-11-02",
      "RequestMethod": "PUT",
      "RequestHeaders": {
        "Connection": "keep-alive",
        "Content-Length": "11",
        "User-Agent": "azsdk-cpp-storage-blobs/12.8.0-beta.2 (Windows 10 Enterprise 6.3 19044 19041.1.amd64fre.vb_release.191206-1406)",
        "x-ms-client-request-id": "ca97d984-ae45-4d67-9e22-ff1b97626663",
        "x-ms-date": "Tue, 04 Jul 2023 07:18:00 GMT",
        "x-ms-version": "2022-11-02"
      },
      "RequestBody": "SGVsbG8gd29ybGQ=",
      "StatusCode": 201,
      "ResponseHeaders": {
        "Content-Length": "0",
        "Date": "Tue, 04 Jul 2023 07:18:07 GMT",
        "ETag": "\u00220x8DB7C5ED126238A\u0022",
        "Last-Modified": "Tue, 04 Jul 2023 07:18:08 GMT",
        "Server": [
          "Windows-Azure-Blob/1.0",
          "Microsoft-HTTPAPI/2.0"
        ],
        "x-ms-blob-append-offset": "33",
        "x-ms-blob-committed-block-count": "4",
        "x-ms-client-request-id": "ca97d984-ae45-4d67-9e22-ff1b97626663",
        "x-ms-content-crc64": "2yoxP9BZ4jg=",
        "x-ms-request-id": "b6cbbc3c-e01e-0013-5447-aefece000000",
        "x-ms-request-server-encrypted": "true",
        "x-ms-version": "2022-11-02"
      },
      "ResponseBody": null
    },
    {
      "RequestUri": "https://REDACTED.blob.core.windows.net/blobsastestserviceblobsaspermissions?restype=container",
      "RequestMethod": "DELETE",
      "RequestHeaders": {
        "Authorization": "Sanitized",
        "Connection": "keep-alive",
        "User-Agent": "azsdk-cpp-storage-blobs/12.8.0-beta.2 (Windows 10 Enterprise 6.3 19044 19041.1.amd64fre.vb_release.191206-1406)",
        "x-ms-client-request-id": "89adf952-9a2b-4699-b451-c69ab57a2b92",
        "x-ms-date": "Tue, 04 Jul 2023 07:18:00 GMT",
        "x-ms-version": "2022-11-02"
      },
      "RequestBody": null,
      "StatusCode": 202,
      "ResponseHeaders": {
        "Content-Length": "0",
        "Date": "Tue, 04 Jul 2023 07:18:07 GMT",
        "Server": [
          "Windows-Azure-Blob/1.0",
          "Microsoft-HTTPAPI/2.0"
        ],
        "x-ms-client-request-id": "89adf952-9a2b-4699-b451-c69ab57a2b92",
        "x-ms-request-id": "b6cbbd21-e01e-0013-1347-aefece000000",
        "x-ms-version": "2022-11-02"
      },
      "ResponseBody": null
    }
  ],
  "Variables": {}
}
