{
  "Entries": [
    {
      "RequestUri": "https://REDACTED.blob.core.windows.net/xroy9guk4m2src?restype=container",
      "RequestMethod": "PUT",
      "RequestHeaders": {
        "Authorization": "Sanitized",
        "Connection": "keep-alive",
        "Content-Length": "0",
        "User-Agent": "azsdk-cpp-storage-blobs/12.9.0-beta.1 (Windows 10 Enterprise 6.3 19045 19041.1.amd64fre.vb_release.191206-1406)",
        "x-ms-client-request-id": "3830d4db-f076-4de9-8632-15e219d032c1",
        "x-ms-date": "Tue, 08 Aug 2023 06:22:55 GMT",
        "x-ms-version": "2022-11-02"
      },
      "RequestBody": null,
      "StatusCode": 201,
      "ResponseHeaders": {
        "Content-Length": "0",
        "Date": "Tue, 08 Aug 2023 06:23:29 GMT",
        "ETag": "\u00220x8DB97D7FBB4BA91\u0022",
        "Last-Modified": "Tue, 08 Aug 2023 06:23:29 GMT",
        "Server": [
          "Windows-Azure-Blob/1.0",
          "Microsoft-HTTPAPI/2.0"
        ],
        "x-ms-client-request-id": "3830d4db-f076-4de9-8632-15e219d032c1",
        "x-ms-request-id": "8e15da61-c01e-0082-80c0-c99b7c000000",
        "x-ms-version": "2022-11-02"
      },
      "ResponseBody": null
    },
    {
      "RequestUri": "https://REDACTED.blob.core.windows.net/xroy9guk4m2dest1?comp=rename\u0026restype=container",
      "RequestMethod": "PUT",
      "RequestHeaders": {
        "Authorization": "Sanitized",
        "Connection": "keep-alive",
        "Content-Length": "0",
        "User-Agent": "azsdk-cpp-storage-blobs/12.9.0-beta.1 (Windows 10 Enterprise 6.3 19045 19041.1.amd64fre.vb_release.191206-1406)",
        "x-ms-client-request-id": "69e608b5-9127-48c5-9132-7ff3928f72a9",
        "x-ms-date": "Tue, 08 Aug 2023 06:22:55 GMT",
        "x-ms-source-container-name": "xroy9guk4m2src",
        "x-ms-version": "2022-11-02"
      },
      "RequestBody": null,
      "StatusCode": 200,
      "ResponseHeaders": {
        "Content-Length": "0",
        "Date": "Tue, 08 Aug 2023 06:23:29 GMT",
        "Server": [
          "Windows-Azure-Blob/1.0",
          "Microsoft-HTTPAPI/2.0"
        ],
        "x-ms-client-request-id": "69e608b5-9127-48c5-9132-7ff3928f72a9",
        "x-ms-request-id": "8e15daa8-c01e-0082-3cc0-c99b7c000000",
        "x-ms-version": "2022-11-02"
      },
      "ResponseBody": null
    },
    {
      "RequestUri": "https://REDACTED.blob.core.windows.net/xroy9guk4m2src?restype=container",
      "RequestMethod": "GET",
      "RequestHeaders": {
        "Authorization": "Sanitized",
        "Connection": "keep-alive",
        "User-Agent": "azsdk-cpp-storage-blobs/12.9.0-beta.1 (Windows 10 Enterprise 6.3 19045 19041.1.amd64fre.vb_release.191206-1406)",
        "x-ms-client-request-id": "faaa20fb-e751-480a-a1ff-28d171469316",
        "x-ms-date": "Tue, 08 Aug 2023 06:22:56 GMT",
        "x-ms-version": "2022-11-02"
      },
      "RequestBody": null,
      "StatusCode": 404,
      "ResponseHeaders": {
        "Content-Length": "225",
        "Content-Type": "application/xml",
        "Date": "Tue, 08 Aug 2023 06:23:29 GMT",
        "Server": [
          "Windows-Azure-Blob/1.0",
          "Microsoft-HTTPAPI/2.0"
        ],
        "Vary": "Origin",
        "x-ms-client-request-id": "faaa20fb-e751-480a-a1ff-28d171469316",
        "x-ms-error-code": "ContainerNotFound",
        "x-ms-request-id": "8e15daf3-c01e-0082-7fc0-c99b7c000000",
        "x-ms-version": "2022-11-02"
      },
      "ResponseBody": [
        "\uFEFF\u003C?xml version=\u00221.0\u0022 encoding=\u0022utf-8\u0022?\u003E\u003CError\u003E\u003CCode\u003EContainerNotFound\u003C/Code\u003E\u003CMessage\u003EThe specified container does not exist.\n",
        "RequestId:8e15daf3-c01e-0082-7fc0-c99b7c000000\n",
        "Time:2023-08-08T06:23:30.5252295Z\u003C/Message\u003E\u003C/Error\u003E"
      ]
    },
    {
      "RequestUri": "https://REDACTED.blob.core.windows.net/xroy9guk4m2dest1?restype=container",
      "RequestMethod": "GET",
      "RequestHeaders": {
        "Authorization": "Sanitized",
        "Connection": "keep-alive",
        "User-Agent": "azsdk-cpp-storage-blobs/12.9.0-beta.1 (Windows 10 Enterprise 6.3 19045 19041.1.amd64fre.vb_release.191206-1406)",
        "x-ms-client-request-id": "4a6e2fc5-f7d6-4502-b684-afa9e020068d",
        "x-ms-date": "Tue, 08 Aug 2023 06:22:56 GMT",
        "x-ms-version": "2022-11-02"
      },
      "RequestBody": null,
      "StatusCode": 200,
      "ResponseHeaders": {
        "Content-Length": "0",
        "Date": "Tue, 08 Aug 2023 06:23:29 GMT",
        "ETag": "\u00220x8DB97D7FBDF44B8\u0022",
        "Last-Modified": "Tue, 08 Aug 2023 06:23:30 GMT",
        "Server": [
          "Windows-Azure-Blob/1.0",
          "Microsoft-HTTPAPI/2.0"
        ],
        "Vary": "Origin",
        "x-ms-client-request-id": "4a6e2fc5-f7d6-4502-b684-afa9e020068d",
        "x-ms-default-encryption-scope": "$account-encryption-key",
        "x-ms-deny-encryption-scope-override": "false",
        "x-ms-has-immutability-policy": "false",
        "x-ms-has-legal-hold": "false",
        "x-ms-immutable-storage-with-versioning-enabled": "false",
        "x-ms-lease-state": "available",
        "x-ms-lease-status": "unlocked",
        "x-ms-request-id": "8e15db29-c01e-0082-24c0-c99b7c000000",
        "x-ms-version": "2022-11-02"
      },
      "ResponseBody": null
    },
    {
      "RequestUri": "https://REDACTED.blob.core.windows.net/xroy9guk4m2dest1?comp=lease\u0026restype=container",
      "RequestMethod": "PUT",
      "RequestHeaders": {
        "Authorization": "Sanitized",
        "Connection": "keep-alive",
        "Content-Length": "0",
        "User-Agent": "azsdk-cpp-storage-blobs/12.9.0-beta.1 (Windows 10 Enterprise 6.3 19045 19041.1.amd64fre.vb_release.191206-1406)",
        "x-ms-client-request-id": "d05019fc-2813-4899-b483-e5e146fdd33f",
        "x-ms-date": "Tue, 08 Aug 2023 06:22:56 GMT",
        "x-ms-lease-action": "acquire",
        "x-ms-lease-duration": "60",
        "x-ms-proposed-lease-id": "7f4e2c1e-632c-778a-1626-8ec450698090",
        "x-ms-version": "2022-11-02"
      },
      "RequestBody": null,
      "StatusCode": 201,
      "ResponseHeaders": {
        "Content-Length": "0",
        "Date": "Tue, 08 Aug 2023 06:23:30 GMT",
        "ETag": "\u00220x8DB97D7FBDF44B8\u0022",
        "Last-Modified": "Tue, 08 Aug 2023 06:23:30 GMT",
        "Server": [
          "Windows-Azure-Blob/1.0",
          "Microsoft-HTTPAPI/2.0"
        ],
        "x-ms-client-request-id": "d05019fc-2813-4899-b483-e5e146fdd33f",
        "x-ms-lease-id": "7f4e2c1e-632c-778a-1626-8ec450698090",
        "x-ms-request-id": "8e15db78-c01e-0082-66c0-c99b7c000000",
        "x-ms-version": "2022-11-02"
      },
      "ResponseBody": null
    },
    {
      "RequestUri": "https://REDACTED.blob.core.windows.net/xroy9guk4m2dest2?comp=rename\u0026restype=container",
      "RequestMethod": "PUT",
      "RequestHeaders": {
        "Authorization": "Sanitized",
        "Connection": "keep-alive",
        "Content-Length": "0",
        "User-Agent": "azsdk-cpp-storage-blobs/12.9.0-beta.1 (Windows 10 Enterprise 6.3 19045 19041.1.amd64fre.vb_release.191206-1406)",
        "x-ms-client-request-id": "ec01e96d-b0a3-4b4a-ac31-4658488a141e",
        "x-ms-date": "Tue, 08 Aug 2023 06:22:56 GMT",
        "x-ms-source-container-name": "xroy9guk4m2dest1",
        "x-ms-source-lease-id": "b20cba26-77a9-149f-4609-fad2f58f52bd",
        "x-ms-version": "2022-11-02"
      },
      "RequestBody": null,
      "StatusCode": 412,
      "ResponseHeaders": {
        "Content-Length": "275",
        "Content-Type": "application/xml",
        "Date": "Tue, 08 Aug 2023 06:23:30 GMT",
        "Server": [
          "Windows-Azure-Blob/1.0",
          "Microsoft-HTTPAPI/2.0"
        ],
        "x-ms-client-request-id": "ec01e96d-b0a3-4b4a-ac31-4658488a141e",
        "x-ms-error-code": "LeaseIdMismatchWithContainerOperation",
        "x-ms-request-id": "8e15dbb3-c01e-0082-18c0-c99b7c000000",
        "x-ms-version": "2022-11-02"
      },
      "ResponseBody": [
        "\uFEFF\u003C?xml version=\u00221.0\u0022 encoding=\u0022utf-8\u0022?\u003E\n",
        "\u003CError\u003E\u003CCode\u003ELeaseIdMismatchWithContainerOperation\u003C/Code\u003E\u003CMessage\u003EThe lease ID specified did not match the lease ID for the container.\n",
        "RequestId:8e15dbb3-c01e-0082-18c0-c99b7c000000\n",
        "Time:2023-08-08T06:23:31.3257755Z\u003C/Message\u003E\u003C/Error\u003E"
      ]
    },
    {
      "RequestUri": "https://REDACTED.blob.core.windows.net/xroy9guk4m2dest2?comp=rename\u0026restype=container",
      "RequestMethod": "PUT",
      "RequestHeaders": {
        "Authorization": "Sanitized",
        "Connection": "keep-alive",
        "Content-Length": "0",
        "User-Agent": "azsdk-cpp-storage-blobs/12.9.0-beta.1 (Windows 10 Enterprise 6.3 19045 19041.1.amd64fre.vb_release.191206-1406)",
        "x-ms-client-request-id": "0153bc49-e89a-489b-a12a-8ac951412ee0",
        "x-ms-date": "Tue, 08 Aug 2023 06:22:57 GMT",
        "x-ms-source-container-name": "xroy9guk4m2dest1",
        "x-ms-source-lease-id": "7f4e2c1e-632c-778a-1626-8ec450698090",
        "x-ms-version": "2022-11-02"
      },
      "RequestBody": null,
      "StatusCode": 200,
      "ResponseHeaders": {
        "Content-Length": "0",
        "Date": "Tue, 08 Aug 2023 06:23:30 GMT",
        "Server": [
          "Windows-Azure-Blob/1.0",
          "Microsoft-HTTPAPI/2.0"
        ],
        "x-ms-client-request-id": "0153bc49-e89a-489b-a12a-8ac951412ee0",
        "x-ms-request-id": "8e15dbf4-c01e-0082-50c0-c99b7c000000",
        "x-ms-version": "2022-11-02"
      },
      "ResponseBody": null
    },
    {
      "RequestUri": "https://REDACTED.blob.core.windows.net/xroy9guk4m2dest2?restype=container",
      "RequestMethod": "DELETE",
      "RequestHeaders": {
        "Authorization": "Sanitized",
        "Connection": "keep-alive",
        "User-Agent": "azsdk-cpp-storage-blobs/12.9.0-beta.1 (Windows 10 Enterprise 6.3 19045 19041.1.amd64fre.vb_release.191206-1406)",
        "x-ms-client-request-id": "6a14b3c0-6939-4e9b-9628-2706fb5afc91",
        "x-ms-date": "Tue, 08 Aug 2023 06:22:57 GMT",
        "x-ms-version": "2022-11-02"
      },
      "RequestBody": null,
      "StatusCode": 202,
      "ResponseHeaders": {
        "Content-Length": "0",
        "Date": "Tue, 08 Aug 2023 06:23:30 GMT",
        "Server": [
          "Windows-Azure-Blob/1.0",
          "Microsoft-HTTPAPI/2.0"
        ],
        "x-ms-client-request-id": "6a14b3c0-6939-4e9b-9628-2706fb5afc91",
        "x-ms-request-id": "8e15dc63-c01e-0082-30c0-c99b7c000000",
        "x-ms-version": "2022-11-02"
      },
      "ResponseBody": null
    }
  ],
  "Variables": {}
}
