{
  "Entries": [
    {
      "RequestUri": "https://REDACTED.blob.core.windows.net/pageblobclienttestupdatesequencenumber?restype=container",
      "RequestMethod": "PUT",
      "RequestHeaders": {
        "Authorization": "Sanitized",
        "Content-Length": "0",
        "Expect": "100-continue",
        "User-Agent": "azsdk-cpp-storage-blobs/12.7.0-beta.2 (Windows 10 Pro 6.3 19044 19041.1.amd64fre.vb_release.191206-1406)",
        "x-ms-client-request-id": "b124f687-4561-41be-543f-1b70ea58de7b",
        "x-ms-date": "Wed, 22 Feb 2023 09:30:54 GMT",
        "x-ms-version": "2021-12-02"
      },
      "RequestBody": null,
      "StatusCode": 201,
      "ResponseHeaders": {
        "Content-Length": "0",
        "Date": "Wed, 22 Feb 2023 09:30:53 GMT",
        "ETag": "\u00220x8DB14B77F348CDA\u0022",
        "Last-Modified": "Wed, 22 Feb 2023 09:30:54 GMT",
        "Server": [
          "Windows-Azure-Blob/1.0",
          "Microsoft-HTTPAPI/2.0"
        ],
        "x-ms-client-request-id": "b124f687-4561-41be-543f-1b70ea58de7b",
        "x-ms-request-id": "ceb9845a-701e-002e-7fa0-4688d5000000",
        "x-ms-version": "2021-12-02"
      },
      "ResponseBody": null
    },
    {
      "RequestUri": "https://REDACTED.blob.core.windows.net/pageblobclienttestupdatesequencenumber/BpDermI3Ex",
      "RequestMethod": "PUT",
      "RequestHeaders": {
        "Authorization": "Sanitized",
        "Content-Length": "0",
        "Expect": "100-continue",
        "User-Agent": "azsdk-cpp-storage-blobs/12.7.0-beta.2 (Windows 10 Pro 6.3 19044 19041.1.amd64fre.vb_release.191206-1406)",
        "x-ms-blob-content-length": "2048",
        "x-ms-blob-type": "PageBlob",
        "x-ms-client-request-id": "41102f47-505f-4948-6e0d-8a581699b185",
        "x-ms-date": "Wed, 22 Feb 2023 09:30:54 GMT",
        "x-ms-version": "2021-12-02"
      },
      "RequestBody": null,
      "StatusCode": 201,
      "ResponseHeaders": {
        "Content-Length": "0",
        "Date": "Wed, 22 Feb 2023 09:30:54 GMT",
        "ETag": "\u00220x8DB14B77F585CB5\u0022",
        "Last-Modified": "Wed, 22 Feb 2023 09:30:55 GMT",
        "Server": [
          "Windows-Azure-Blob/1.0",
          "Microsoft-HTTPAPI/2.0"
        ],
        "x-ms-client-request-id": "41102f47-505f-4948-6e0d-8a581699b185",
        "x-ms-request-id": "ceb984ab-701e-002e-41a0-4688d5000000",
        "x-ms-request-server-encrypted": "true",
        "x-ms-version": "2021-12-02",
        "x-ms-version-id": "2023-02-22T09:30:55.1125173Z"
      },
      "ResponseBody": null
    },
    {
      "RequestUri": "https://REDACTED.blob.core.windows.net/pageblobclienttestupdatesequencenumber/BpDermI3Ex?comp=page",
      "RequestMethod": "PUT",
      "RequestHeaders": {
        "Authorization": "Sanitized",
        "Content-Length": "1024",
        "Expect": "100-continue",
        "User-Agent": "azsdk-cpp-storage-blobs/12.7.0-beta.2 (Windows 10 Pro 6.3 19044 19041.1.amd64fre.vb_release.191206-1406)",
        "x-ms-client-request-id": "3a7cb040-83f0-4edd-4aa5-58acfb8e86cc",
        "x-ms-date": "Wed, 22 Feb 2023 09:30:55 GMT",
        "x-ms-page-write": "update",
        "x-ms-range": "bytes=0-1023",
        "x-ms-version": "2021-12-02"
      },
      "RequestBody": "w5ps8P3GD2PJwG35noKZCEsfUjyiRdUzeCcTjSYW/mkTGG3NbLXOXPNJ3kSOwKYY3IA6Dr4e5yM2fevDPAewn083y1\u002BTwzPYrS0RD1mLX91ACPrdFnoNKTI0t2BdfXO2EbPv3Vu90pcZU1NBpZ2r4k/Xtr19J1wPgJ6R8nyJH7thWDXISH7W\u002BeVsGShbG6BM92lqUOcFZbJvdMPTk/isyE5lhL\u002B3jMOSm9F7JiuK7NxcxIY58HYSI9cHUYkWx2Xrzmrdi2tL7qHJDiIRyZCBFIYgSLB8J2OH48BJWn/rstrrb2xOPNPGiqdyyQpgG8bYItW2gRELrNTIagcGx0fl/rcFh/\u002BMgKX/k1boEcOFUCxSTVUYc0JTFaO\u002BKxVC4YCSKYwoZX7AkqhavehNwO3E3tLvoZm9UZtmg6NckeM\u002Bjos5ErUMU5StjcQOdJZ4wCrLD\u002Bc75j/LraBwKHSvaDff3vyu98DN2\u002BypOVzNetRmcbR0Nzoyf2jAyRFmELDTKWTv6k6mufOuxg8KxTjBDTaadRPkcVh1iSnH/l5s8lbtQx1tAnY4JStzprP6N9mMHzqhD82SOCRbbJs4ETo1q\u002B2oxxXfS8fTu6Ozu3Iv9yIv53Ox8uy5so8FpLdiNlUIFzqooNs1L7xxfTGlUhMmSyCLxmgRPcHu6D1LDS4s6aJHNUqNRMEIcSN6TDI0NS4Ps6PAkaDC7kbStqD7JTd/987TtXgm1l0zUj4KIUPgQ/iegg2rjAniZT9nbuYDUB3tWG/Jaz8ildLjlrirWKHoyF7pvi/gNgNRiSb97QnpPKZUg9aXoqe8pFYThDG0tRT7iJoYXK4g5pVgC1rIQ5Y\u002BNu3JguDlfKYOH35VScZr0dgeO0NX8mPg9kRD0T0ISIDDRnHU6TtkAow5lAdbYtU6WHdF3Iv6kOXZIJFrnAbvT0e//O1ZF2HiMUnNxWH4oX\u002BGZQGLMtgK4fnryd0tifiWc9aXVjXC71XH1TOGdTagW3IzC7tvHvr\u002BsD2Yeh4gmNudF3pkjc7aFV3FmuLO106TpsIc98xSfmpypv3cTBed4UHrRwO\u002BOsOsFkQfZk\u002Ba9Lzz\u002B10bSXN3CXF8pDt0XjltkQ40p6rgVwKZK9khC8Nqu7xcccu6TJV9yDb1YDaweMjQvrdkHesPD63UPjRN0N17L1jW8EN4cMv7fbzYrBnSe7QFbCy\u002B/1T2r0lvG\u002BtsCsB8Q9ZiJn3ozQCYmjUl3E\u002BlhKmXzXITMrce97gEwhxWkHrJg4VBKvIS8/ANThSRess/W9/svLnKs2AIF1KNzXypJOkgp8FubcZmXj3M8e/nCIEFzRbg/ZCQi6ISOHuNDfqAYhH2J6f\u002BS90GDOAjFPF86gBxYQ==",
      "StatusCode": 201,
      "ResponseHeaders": {
        "Content-Length": "0",
        "Date": "Wed, 22 Feb 2023 09:30:54 GMT",
        "ETag": "\u00220x8DB14B77F9E5C1B\u0022",
        "Last-Modified": "Wed, 22 Feb 2023 09:30:55 GMT",
        "Server": [
          "Windows-Azure-Blob/1.0",
          "Microsoft-HTTPAPI/2.0"
        ],
        "x-ms-blob-sequence-number": "0",
        "x-ms-client-request-id": "3a7cb040-83f0-4edd-4aa5-58acfb8e86cc",
        "x-ms-content-crc64": "rkyfWKIxO8Q=",
        "x-ms-request-id": "ceb984f5-701e-002e-08a0-4688d5000000",
        "x-ms-request-server-encrypted": "true",
        "x-ms-version": "2021-12-02"
      },
      "ResponseBody": null
    },
    {
      "RequestUri": "https://REDACTED.blob.core.windows.net/pageblobclienttestupdatesequencenumber/BpDermI3Ex",
      "RequestMethod": "PUT",
      "RequestHeaders": {
        "Authorization": "Sanitized",
        "Content-Length": "0",
        "Expect": "100-continue",
        "User-Agent": "azsdk-cpp-storage-blobs/12.7.0-beta.2 (Windows 10 Pro 6.3 19044 19041.1.amd64fre.vb_release.191206-1406)",
        "x-ms-blob-content-length": "512",
        "x-ms-blob-type": "PageBlob",
        "x-ms-client-request-id": "11a4fcf7-6d57-40b4-4c62-b76ca784122b",
        "x-ms-date": "Wed, 22 Feb 2023 09:30:55 GMT",
        "x-ms-version": "2021-12-02"
      },
      "RequestBody": null,
      "StatusCode": 201,
      "ResponseHeaders": {
        "Content-Length": "0",
        "Date": "Wed, 22 Feb 2023 09:30:54 GMT",
        "ETag": "\u00220x8DB14B77FC16F5A\u0022",
        "Last-Modified": "Wed, 22 Feb 2023 09:30:55 GMT",
        "Server": [
          "Windows-Azure-Blob/1.0",
          "Microsoft-HTTPAPI/2.0"
        ],
        "x-ms-client-request-id": "11a4fcf7-6d57-40b4-4c62-b76ca784122b",
        "x-ms-request-id": "ceb9855b-701e-002e-5ea0-4688d5000000",
        "x-ms-request-server-encrypted": "true",
        "x-ms-version": "2021-12-02",
        "x-ms-version-id": "2023-02-22T09:30:55.8031220Z"
      },
      "ResponseBody": null
    },
    {
      "RequestUri": "https://REDACTED.blob.core.windows.net/pageblobclienttestupdatesequencenumber/BpDermI3Ex?comp=properties",
      "RequestMethod": "PUT",
      "RequestHeaders": {
        "Authorization": "Sanitized",
        "Content-Length": "0",
        "Expect": "100-continue",
        "User-Agent": "azsdk-cpp-storage-blobs/12.7.0-beta.2 (Windows 10 Pro 6.3 19044 19041.1.amd64fre.vb_release.191206-1406)",
        "x-ms-blob-content-type": "text/plain",
        "x-ms-client-request-id": "872748f7-9eac-4eb9-6d2d-95a785967413",
        "x-ms-date": "Wed, 22 Feb 2023 09:30:55 GMT",
        "x-ms-version": "2021-12-02"
      },
      "RequestBody": null,
      "StatusCode": 200,
      "ResponseHeaders": {
        "Content-Length": "0",
        "Date": "Wed, 22 Feb 2023 09:30:55 GMT",
        "ETag": "\u00220x8DB14B77FED0CD3\u0022",
        "Last-Modified": "Wed, 22 Feb 2023 09:30:56 GMT",
        "Server": [
          "Windows-Azure-Blob/1.0",
          "Microsoft-HTTPAPI/2.0"
        ],
        "x-ms-blob-sequence-number": "0",
        "x-ms-client-request-id": "872748f7-9eac-4eb9-6d2d-95a785967413",
        "x-ms-request-id": "ceb98599-701e-002e-16a0-4688d5000000",
        "x-ms-version": "2021-12-02"
      },
      "ResponseBody": null
    },
    {
      "RequestUri": "https://REDACTED.blob.core.windows.net/pageblobclienttestupdatesequencenumber/BpDermI3Ex?comp=properties",
      "RequestMethod": "PUT",
      "RequestHeaders": {
        "Authorization": "Sanitized",
        "Content-Length": "0",
        "Expect": "100-continue",
        "User-Agent": "azsdk-cpp-storage-blobs/12.7.0-beta.2 (Windows 10 Pro 6.3 19044 19041.1.amd64fre.vb_release.191206-1406)",
        "x-ms-blob-sequence-number": "100",
        "x-ms-client-request-id": "a7dce469-e412-4b64-65d4-600ffaf39183",
        "x-ms-date": "Wed, 22 Feb 2023 09:30:56 GMT",
        "x-ms-sequence-number-action": "update",
        "x-ms-version": "2021-12-02"
      },
      "RequestBody": null,
      "StatusCode": 200,
      "ResponseHeaders": {
        "Content-Length": "0",
        "Date": "Wed, 22 Feb 2023 09:30:55 GMT",
        "ETag": "\u00220x8DB14B780102006\u0022",
        "Last-Modified": "Wed, 22 Feb 2023 09:30:56 GMT",
        "Server": [
          "Windows-Azure-Blob/1.0",
          "Microsoft-HTTPAPI/2.0"
        ],
        "x-ms-blob-sequence-number": "100",
        "x-ms-client-request-id": "a7dce469-e412-4b64-65d4-600ffaf39183",
        "x-ms-request-id": "ceb985d6-701e-002e-4ba0-4688d5000000",
        "x-ms-version": "2021-12-02"
      },
      "ResponseBody": null
    },
    {
      "RequestUri": "https://REDACTED.blob.core.windows.net/pageblobclienttestupdatesequencenumber/BpDermI3Ex",
      "RequestMethod": "HEAD",
      "RequestHeaders": {
        "Authorization": "Sanitized",
        "User-Agent": "azsdk-cpp-storage-blobs/12.7.0-beta.2 (Windows 10 Pro 6.3 19044 19041.1.amd64fre.vb_release.191206-1406)",
        "x-ms-client-request-id": "fbd39c12-6845-4ff8-7856-52404542a3b0",
        "x-ms-date": "Wed, 22 Feb 2023 09:30:56 GMT",
        "x-ms-version": "2021-12-02"
      },
      "RequestBody": null,
      "StatusCode": 200,
      "ResponseHeaders": {
        "Accept-Ranges": "bytes",
        "Content-Length": "512",
        "Content-Type": "text/plain",
        "Date": "Wed, 22 Feb 2023 09:30:55 GMT",
        "ETag": "\u00220x8DB14B780102006\u0022",
        "Last-Modified": "Wed, 22 Feb 2023 09:30:56 GMT",
        "Server": [
          "Windows-Azure-Blob/1.0",
          "Microsoft-HTTPAPI/2.0"
        ],
        "Vary": "Origin",
        "x-ms-blob-sequence-number": "100",
        "x-ms-blob-type": "PageBlob",
        "x-ms-client-request-id": "fbd39c12-6845-4ff8-7856-52404542a3b0",
        "x-ms-creation-time": "Wed, 22 Feb 2023 09:30:55 GMT",
        "x-ms-is-current-version": "true",
        "x-ms-lease-state": "available",
        "x-ms-lease-status": "unlocked",
        "x-ms-request-id": "ceb98618-701e-002e-01a0-4688d5000000",
        "x-ms-server-encrypted": "true",
        "x-ms-version": "2021-12-02",
        "x-ms-version-id": "2023-02-22T09:30:55.8031220Z"
      },
      "ResponseBody": null
    },
    {
      "RequestUri": "https://REDACTED.blob.core.windows.net/pageblobclienttestupdatesequencenumber/BpDermI3Ex?comp=properties",
      "RequestMethod": "PUT",
      "RequestHeaders": {
        "Authorization": "Sanitized",
        "Content-Length": "0",
        "Expect": "100-continue",
        "User-Agent": "azsdk-cpp-storage-blobs/12.7.0-beta.2 (Windows 10 Pro 6.3 19044 19041.1.amd64fre.vb_release.191206-1406)",
        "x-ms-blob-sequence-number": "200",
        "x-ms-client-request-id": "45bb27e4-33fe-40f5-63aa-ed3997b5e541",
        "x-ms-date": "Wed, 22 Feb 2023 09:30:56 GMT",
        "x-ms-sequence-number-action": "update",
        "x-ms-version": "2021-12-02"
      },
      "RequestBody": null,
      "StatusCode": 200,
      "ResponseHeaders": {
        "Content-Length": "0",
        "Date": "Wed, 22 Feb 2023 09:30:55 GMT",
        "ETag": "\u00220x8DB14B78055F86D\u0022",
        "Last-Modified": "Wed, 22 Feb 2023 09:30:56 GMT",
        "Server": [
          "Windows-Azure-Blob/1.0",
          "Microsoft-HTTPAPI/2.0"
        ],
        "x-ms-blob-sequence-number": "200",
        "x-ms-client-request-id": "45bb27e4-33fe-40f5-63aa-ed3997b5e541",
        "x-ms-request-id": "ceb98652-701e-002e-31a0-4688d5000000",
        "x-ms-version": "2021-12-02"
      },
      "ResponseBody": null
    },
    {
      "RequestUri": "https://REDACTED.blob.core.windows.net/pageblobclienttestupdatesequencenumber/BpDermI3Ex",
      "RequestMethod": "HEAD",
      "RequestHeaders": {
        "Authorization": "Sanitized",
        "User-Agent": "azsdk-cpp-storage-blobs/12.7.0-beta.2 (Windows 10 Pro 6.3 19044 19041.1.amd64fre.vb_release.191206-1406)",
        "x-ms-client-request-id": "ed8958d9-8be7-4e74-70ec-cfa378296dc2",
        "x-ms-date": "Wed, 22 Feb 2023 09:30:56 GMT",
        "x-ms-version": "2021-12-02"
      },
      "RequestBody": null,
      "StatusCode": 200,
      "ResponseHeaders": {
        "Accept-Ranges": "bytes",
        "Content-Length": "512",
        "Content-Type": "text/plain",
        "Date": "Wed, 22 Feb 2023 09:30:56 GMT",
        "ETag": "\u00220x8DB14B78055F86D\u0022",
        "Last-Modified": "Wed, 22 Feb 2023 09:30:56 GMT",
        "Server": [
          "Windows-Azure-Blob/1.0",
          "Microsoft-HTTPAPI/2.0"
        ],
        "Vary": "Origin",
        "x-ms-blob-sequence-number": "200",
        "x-ms-blob-type": "PageBlob",
        "x-ms-client-request-id": "ed8958d9-8be7-4e74-70ec-cfa378296dc2",
        "x-ms-creation-time": "Wed, 22 Feb 2023 09:30:55 GMT",
        "x-ms-is-current-version": "true",
        "x-ms-lease-state": "available",
        "x-ms-lease-status": "unlocked",
        "x-ms-request-id": "ceb9867e-701e-002e-57a0-4688d5000000",
        "x-ms-server-encrypted": "true",
        "x-ms-version": "2021-12-02",
        "x-ms-version-id": "2023-02-22T09:30:55.8031220Z"
      },
      "ResponseBody": null
    },
    {
      "RequestUri": "https://REDACTED.blob.core.windows.net/pageblobclienttestupdatesequencenumber/BpDermI3Ex?comp=properties",
      "RequestMethod": "PUT",
      "RequestHeaders": {
        "Authorization": "Sanitized",
        "Content-Length": "0",
        "Expect": "100-continue",
        "User-Agent": "azsdk-cpp-storage-blobs/12.7.0-beta.2 (Windows 10 Pro 6.3 19044 19041.1.amd64fre.vb_release.191206-1406)",
        "x-ms-blob-sequence-number": "50",
        "x-ms-client-request-id": "51ee19d6-68f3-4c8d-7638-4b9d3ba050b3",
        "x-ms-date": "Wed, 22 Feb 2023 09:30:57 GMT",
        "x-ms-sequence-number-action": "max",
        "x-ms-version": "2021-12-02"
      },
      "RequestBody": null,
      "StatusCode": 200,
      "ResponseHeaders": {
        "Content-Length": "0",
        "Date": "Wed, 22 Feb 2023 09:30:56 GMT",
        "ETag": "\u00220x8DB14B7809C45F2\u0022",
        "Last-Modified": "Wed, 22 Feb 2023 09:30:57 GMT",
        "Server": [
          "Windows-Azure-Blob/1.0",
          "Microsoft-HTTPAPI/2.0"
        ],
        "x-ms-blob-sequence-number": "200",
        "x-ms-client-request-id": "51ee19d6-68f3-4c8d-7638-4b9d3ba050b3",
        "x-ms-request-id": "ceb986d1-701e-002e-19a0-4688d5000000",
        "x-ms-version": "2021-12-02"
      },
      "ResponseBody": null
    },
    {
      "RequestUri": "https://REDACTED.blob.core.windows.net/pageblobclienttestupdatesequencenumber/BpDermI3Ex",
      "RequestMethod": "HEAD",
      "RequestHeaders": {
        "Authorization": "Sanitized",
        "User-Agent": "azsdk-cpp-storage-blobs/12.7.0-beta.2 (Windows 10 Pro 6.3 19044 19041.1.amd64fre.vb_release.191206-1406)",
        "x-ms-client-request-id": "75b72673-1049-4011-67c0-609440f8c081",
        "x-ms-date": "Wed, 22 Feb 2023 09:30:57 GMT",
        "x-ms-version": "2021-12-02"
      },
      "RequestBody": null,
      "StatusCode": 200,
      "ResponseHeaders": {
        "Accept-Ranges": "bytes",
        "Content-Length": "512",
        "Content-Type": "text/plain",
        "Date": "Wed, 22 Feb 2023 09:30:56 GMT",
        "ETag": "\u00220x8DB14B7809C45F2\u0022",
        "Last-Modified": "Wed, 22 Feb 2023 09:30:57 GMT",
        "Server": [
          "Windows-Azure-Blob/1.0",
          "Microsoft-HTTPAPI/2.0"
        ],
        "Vary": "Origin",
        "x-ms-blob-sequence-number": "200",
        "x-ms-blob-type": "PageBlob",
        "x-ms-client-request-id": "75b72673-1049-4011-67c0-609440f8c081",
        "x-ms-creation-time": "Wed, 22 Feb 2023 09:30:55 GMT",
        "x-ms-is-current-version": "true",
        "x-ms-lease-state": "available",
        "x-ms-lease-status": "unlocked",
        "x-ms-request-id": "ceb9871c-701e-002e-4ca0-4688d5000000",
        "x-ms-server-encrypted": "true",
        "x-ms-version": "2021-12-02",
        "x-ms-version-id": "2023-02-22T09:30:55.8031220Z"
      },
      "ResponseBody": null
    },
    {
      "RequestUri": "https://REDACTED.blob.core.windows.net/pageblobclienttestupdatesequencenumber/BpDermI3Ex?comp=properties",
      "RequestMethod": "PUT",
      "RequestHeaders": {
        "Authorization": "Sanitized",
        "Content-Length": "0",
        "Expect": "100-continue",
        "User-Agent": "azsdk-cpp-storage-blobs/12.7.0-beta.2 (Windows 10 Pro 6.3 19044 19041.1.amd64fre.vb_release.191206-1406)",
        "x-ms-blob-sequence-number": "300",
        "x-ms-client-request-id": "0cd1d12a-ba5d-4fa3-5338-7382f57fbf72",
        "x-ms-date": "Wed, 22 Feb 2023 09:30:57 GMT",
        "x-ms-sequence-number-action": "max",
        "x-ms-version": "2021-12-02"
      },
      "RequestBody": null,
      "StatusCode": 200,
      "ResponseHeaders": {
        "Content-Length": "0",
        "Date": "Wed, 22 Feb 2023 09:30:56 GMT",
        "ETag": "\u00220x8DB14B780E37DA9\u0022",
        "Last-Modified": "Wed, 22 Feb 2023 09:30:57 GMT",
        "Server": [
          "Windows-Azure-Blob/1.0",
          "Microsoft-HTTPAPI/2.0"
        ],
        "x-ms-blob-sequence-number": "300",
        "x-ms-client-request-id": "0cd1d12a-ba5d-4fa3-5338-7382f57fbf72",
        "x-ms-request-id": "ceb98765-701e-002e-0aa0-4688d5000000",
        "x-ms-version": "2021-12-02"
      },
      "ResponseBody": null
    },
    {
      "RequestUri": "https://REDACTED.blob.core.windows.net/pageblobclienttestupdatesequencenumber/BpDermI3Ex",
      "RequestMethod": "HEAD",
      "RequestHeaders": {
        "Authorization": "Sanitized",
        "User-Agent": "azsdk-cpp-storage-blobs/12.7.0-beta.2 (Windows 10 Pro 6.3 19044 19041.1.amd64fre.vb_release.191206-1406)",
        "x-ms-client-request-id": "b98027ee-0d3b-4d31-7d76-d2c5144c6411",
        "x-ms-date": "Wed, 22 Feb 2023 09:30:57 GMT",
        "x-ms-version": "2021-12-02"
      },
      "RequestBody": null,
      "StatusCode": 200,
      "ResponseHeaders": {
        "Accept-Ranges": "bytes",
        "Content-Length": "512",
        "Content-Type": "text/plain",
        "Date": "Wed, 22 Feb 2023 09:30:57 GMT",
        "ETag": "\u00220x8DB14B780E37DA9\u0022",
        "Last-Modified": "Wed, 22 Feb 2023 09:30:57 GMT",
        "Server": [
          "Windows-Azure-Blob/1.0",
          "Microsoft-HTTPAPI/2.0"
        ],
        "Vary": "Origin",
        "x-ms-blob-sequence-number": "300",
        "x-ms-blob-type": "PageBlob",
        "x-ms-client-request-id": "b98027ee-0d3b-4d31-7d76-d2c5144c6411",
        "x-ms-creation-time": "Wed, 22 Feb 2023 09:30:55 GMT",
        "x-ms-is-current-version": "true",
        "x-ms-lease-state": "available",
        "x-ms-lease-status": "unlocked",
        "x-ms-request-id": "ceb98797-701e-002e-38a0-4688d5000000",
        "x-ms-server-encrypted": "true",
        "x-ms-version": "2021-12-02",
        "x-ms-version-id": "2023-02-22T09:30:55.8031220Z"
      },
      "ResponseBody": null
    },
    {
      "RequestUri": "https://REDACTED.blob.core.windows.net/pageblobclienttestupdatesequencenumber/BpDermI3Ex?comp=properties",
      "RequestMethod": "PUT",
      "RequestHeaders": {
        "Authorization": "Sanitized",
        "Content-Length": "0",
        "Expect": "100-continue",
        "User-Agent": "azsdk-cpp-storage-blobs/12.7.0-beta.2 (Windows 10 Pro 6.3 19044 19041.1.amd64fre.vb_release.191206-1406)",
        "x-ms-client-request-id": "a5d11721-cc3a-4a38-5ddc-c9d0fb1f793c",
        "x-ms-date": "Wed, 22 Feb 2023 09:30:57 GMT",
        "x-ms-sequence-number-action": "increment",
        "x-ms-version": "2021-12-02"
      },
      "RequestBody": null,
      "StatusCode": 200,
      "ResponseHeaders": {
        "Content-Length": "0",
        "Date": "Wed, 22 Feb 2023 09:30:57 GMT",
        "ETag": "\u00220x8DB14B7812A8E63\u0022",
        "Last-Modified": "Wed, 22 Feb 2023 09:30:58 GMT",
        "Server": [
          "Windows-Azure-Blob/1.0",
          "Microsoft-HTTPAPI/2.0"
        ],
        "x-ms-blob-sequence-number": "301",
        "x-ms-client-request-id": "a5d11721-cc3a-4a38-5ddc-c9d0fb1f793c",
        "x-ms-request-id": "ceb987d5-701e-002e-6ea0-4688d5000000",
        "x-ms-version": "2021-12-02"
      },
      "ResponseBody": null
    },
    {
      "RequestUri": "https://REDACTED.blob.core.windows.net/pageblobclienttestupdatesequencenumber/BpDermI3Ex",
      "RequestMethod": "HEAD",
      "RequestHeaders": {
        "Authorization": "Sanitized",
        "User-Agent": "azsdk-cpp-storage-blobs/12.7.0-beta.2 (Windows 10 Pro 6.3 19044 19041.1.amd64fre.vb_release.191206-1406)",
        "x-ms-client-request-id": "44cf89de-6b60-4aa4-6fef-9c3b917a85c3",
        "x-ms-date": "Wed, 22 Feb 2023 09:30:58 GMT",
        "x-ms-version": "2021-12-02"
      },
      "RequestBody": null,
      "StatusCode": 200,
      "ResponseHeaders": {
        "Accept-Ranges": "bytes",
        "Content-Length": "512",
        "Content-Type": "text/plain",
        "Date": "Wed, 22 Feb 2023 09:30:57 GMT",
        "ETag": "\u00220x8DB14B7812A8E63\u0022",
        "Last-Modified": "Wed, 22 Feb 2023 09:30:58 GMT",
        "Server": [
          "Windows-Azure-Blob/1.0",
          "Microsoft-HTTPAPI/2.0"
        ],
        "Vary": "Origin",
        "x-ms-blob-sequence-number": "301",
        "x-ms-blob-type": "PageBlob",
        "x-ms-client-request-id": "44cf89de-6b60-4aa4-6fef-9c3b917a85c3",
        "x-ms-creation-time": "Wed, 22 Feb 2023 09:30:55 GMT",
        "x-ms-is-current-version": "true",
        "x-ms-lease-state": "available",
        "x-ms-lease-status": "unlocked",
        "x-ms-request-id": "ceb9882e-701e-002e-3ea0-4688d5000000",
        "x-ms-server-encrypted": "true",
        "x-ms-version": "2021-12-02",
        "x-ms-version-id": "2023-02-22T09:30:55.8031220Z"
      },
      "ResponseBody": null
    },
    {
      "RequestUri": "https://REDACTED.blob.core.windows.net/pageblobclienttestupdatesequencenumber/BpDermI3Ex",
      "RequestMethod": "HEAD",
      "RequestHeaders": {
        "Authorization": "Sanitized",
        "User-Agent": "azsdk-cpp-storage-blobs/12.7.0-beta.2 (Windows 10 Pro 6.3 19044 19041.1.amd64fre.vb_release.191206-1406)",
        "x-ms-client-request-id": "e5406bf0-5d7f-40aa-7a01-0f2602720362",
        "x-ms-date": "Wed, 22 Feb 2023 09:30:58 GMT",
        "x-ms-version": "2021-12-02"
      },
      "RequestBody": null,
      "StatusCode": 200,
      "ResponseHeaders": {
        "Accept-Ranges": "bytes",
        "Content-Length": "512",
        "Content-Type": "text/plain",
        "Date": "Wed, 22 Feb 2023 09:30:57 GMT",
        "ETag": "\u00220x8DB14B7812A8E63\u0022",
        "Last-Modified": "Wed, 22 Feb 2023 09:30:58 GMT",
        "Server": [
          "Windows-Azure-Blob/1.0",
          "Microsoft-HTTPAPI/2.0"
        ],
        "Vary": "Origin",
        "x-ms-blob-sequence-number": "301",
        "x-ms-blob-type": "PageBlob",
        "x-ms-client-request-id": "e5406bf0-5d7f-40aa-7a01-0f2602720362",
        "x-ms-creation-time": "Wed, 22 Feb 2023 09:30:55 GMT",
        "x-ms-is-current-version": "true",
        "x-ms-lease-state": "available",
        "x-ms-lease-status": "unlocked",
        "x-ms-request-id": "ceb9887d-701e-002e-01a0-4688d5000000",
        "x-ms-server-encrypted": "true",
        "x-ms-version": "2021-12-02",
        "x-ms-version-id": "2023-02-22T09:30:55.8031220Z"
      },
      "ResponseBody": null
    },
    {
      "RequestUri": "https://REDACTED.blob.core.windows.net/pageblobclienttestupdatesequencenumber?restype=container",
      "RequestMethod": "DELETE",
      "RequestHeaders": {
        "Authorization": "Sanitized",
        "User-Agent": "azsdk-cpp-storage-blobs/12.7.0-beta.2 (Windows 10 Pro 6.3 19044 19041.1.amd64fre.vb_release.191206-1406)",
        "x-ms-client-request-id": "9cb318bd-e26d-4384-5dc2-6cc1c49b9add",
        "x-ms-date": "Wed, 22 Feb 2023 09:30:58 GMT",
        "x-ms-version": "2021-12-02"
      },
      "RequestBody": null,
      "StatusCode": 202,
      "ResponseHeaders": {
        "Content-Length": "0",
        "Date": "Wed, 22 Feb 2023 09:30:57 GMT",
        "Server": [
          "Windows-Azure-Blob/1.0",
          "Microsoft-HTTPAPI/2.0"
        ],
        "x-ms-client-request-id": "9cb318bd-e26d-4384-5dc2-6cc1c49b9add",
        "x-ms-request-id": "ceb988c6-701e-002e-49a0-4688d5000000",
        "x-ms-version": "2021-12-02"
      },
      "ResponseBody": null
    }
  ],
  "Variables": {}
}
