{
  "Entries": [
    {
      "RequestUri": "https://Sanitized.azure.com/subscriptions/88888888-8888-8888-8888-888888888888/resourceGroups/myjstest/providers/Microsoft.ApiManagement/service/myserviceyyy1?api-version=2022-08-01",
      "RequestMethod": "GET",
      "RequestHeaders": {
        "Accept": "application/json",
        "Accept-Encoding": "gzip,deflate",
        "Authorization": "Sanitized",
        "Connection": "keep-alive",
        "User-Agent": "azsdk-js-arm-apimanagement/9.2.0 core-rest-pipeline/1.18.0 Node/18.19.0 OS/(x64-Windows_NT-10.0.26100)",
        "x-ms-client-request-id": "Sanitized"
      },
      "RequestBody": null,
      "StatusCode": 200,
      "ResponseHeaders": {
        "Cache-Control": "no-cache",
        "Content-Encoding": "gzip",
        "Content-Type": "application/json; charset=utf-8",
        "Date": "Wed, 23 Aug 2023 10:01:07 GMT",
        "ETag": "\u0022AAAAAADCsqQ=\u0022",
        "Expires": "-1",
        "Pragma": "no-cache",
        "Server": "Microsoft-HTTPAPI/2.0",
        "Strict-Transport-Security": "max-age=31536000; includeSubDomains",
        "Transfer-Encoding": "chunked",
        "Vary": "Accept-Encoding",
        "X-Content-Type-Options": "nosniff",
        "x-ms-correlation-request-id": "0bf8d457-5cfe-4d69-b9b4-c3c60bc3c292",
        "x-ms-ratelimit-remaining-subscription-reads": "11968",
        "x-ms-request-id": "0bf8d457-5cfe-4d69-b9b4-c3c60bc3c292",
        "x-ms-routing-request-id": "SOUTHEASTASIA:20230823T100108Z:0bf8d457-5cfe-4d69-b9b4-c3c60bc3c292"
      },
      "ResponseBody": {
        "id": "/subscriptions/88888888-8888-8888-8888-888888888888/resourceGroups/myjstest/providers/Microsoft.ApiManagement/service/myserviceyyy1",
        "name": "myserviceyyy1",
        "type": "Microsoft.ApiManagement/service",
        "tags": {},
        "location": "East US",
        "etag": "AAAAAADCsqQ=",
        "properties": {
          "publisherEmail": "foo@contoso.com",
          "publisherName": "foo",
          "notificationSenderEmail": "apimgmt-noreply@mail.windowsazure.com",
          "provisioningState": "Succeeded",
          "targetProvisioningState": "",
          "createdAtUtc": "2023-08-23T09:38:17.1652072Z",
          "gatewayUrl": "https://myserviceyyy1.azure-api.net",
          "gatewayRegionalUrl": "https://myserviceyyy1-eastus-01.regional.azure-api.net",
          "portalUrl": "https://myserviceyyy1.portal.azure-api.net",
          "developerPortalUrl": "https://myserviceyyy1.developer.azure-api.net",
          "managementApiUrl": "https://myserviceyyy1.management.azure-api.net",
          "scmUrl": "https://myserviceyyy1.scm.azure-api.net",
          "hostnameConfigurations": [
            {
              "type": "Proxy",
              "hostName": "myserviceyyy1.azure-api.net",
              "encodedCertificate": null,
              "keyVaultId": null,
              "certificatePassword": null,
              "negotiateClientCertificate": false,
              "certificate": null,
              "defaultSslBinding": true,
              "identityClientId": null,
              "certificateSource": "BuiltIn",
              "certificateStatus": null
            }
          ],
          "publicIPAddresses": [
            "20.253.0.160"
          ],
          "privateIPAddresses": null,
          "additionalLocations": null,
          "virtualNetworkConfiguration": null,
          "customProperties": {
            "Microsoft.WindowsAzure.ApiManagement.Gateway.Security.Protocols.Tls10": "False",
            "Microsoft.WindowsAzure.ApiManagement.Gateway.Security.Protocols.Tls11": "False",
            "Microsoft.WindowsAzure.ApiManagement.Gateway.Security.Protocols.Ssl30": "False",
            "Microsoft.WindowsAzure.ApiManagement.Gateway.Security.Ciphers.TripleDes168": "False",
            "Microsoft.WindowsAzure.ApiManagement.Gateway.Security.Backend.Protocols.Tls10": "False",
            "Microsoft.WindowsAzure.ApiManagement.Gateway.Security.Backend.Protocols.Tls11": "False",
            "Microsoft.WindowsAzure.ApiManagement.Gateway.Security.Backend.Protocols.Ssl30": "False",
            "Microsoft.WindowsAzure.ApiManagement.Gateway.Protocols.Server.Http2": "False"
          },
          "virtualNetworkType": "None",
          "certificates": null,
          "disableGateway": false,
          "natGatewayState": "Disabled",
          "outboundPublicIPAddresses": [
            "20.253.0.160"
          ],
          "apiVersionConstraint": {
            "minApiVersion": null
          },
          "publicIpAddressId": null,
          "publicNetworkAccess": "Enabled",
          "privateEndpointConnections": null,
          "platformVersion": "stv2"
        },
        "sku": {
          "name": "Standard",
          "capacity": 1
        },
        "identity": null,
        "zones": null,
        "systemData": {
          "createdBy": "azure_client_id",
          "createdByType": "Application",
          "createdAt": "2023-08-23T09:38:16.2936464Z",
          "lastModifiedBy": "azure_client_id",
          "lastModifiedByType": "Application",
          "lastModifiedAt": "2023-08-23T09:38:16.2936464Z"
        }
      }
    },
    {
      "RequestUri": "https://Sanitized.azure.com/subscriptions/88888888-8888-8888-8888-888888888888/resourceGroups/myjstest/providers/Microsoft.ApiManagement/service/myserviceyyy1?api-version=2022-08-01",
      "RequestMethod": "DELETE",
      "RequestHeaders": {
        "Accept": "application/json",
        "Accept-Encoding": "gzip,deflate",
        "Authorization": "Sanitized",
        "Connection": "keep-alive",
        "User-Agent": "azsdk-js-arm-apimanagement/9.2.0 core-rest-pipeline/1.12.1 Node/v16.17.0 OS/(x64-Windows_NT-10.0.22621)",
        "x-ms-client-request-id": "d79e3039-6f6c-4a34-be8d-64600a35c6e6"
      },
      "RequestBody": null,
      "StatusCode": 202,
      "ResponseHeaders": {
        "Azure-AsyncOperation": "https://Sanitized.azure.com/subscriptions/88888888-8888-8888-8888-888888888888/resourceGroups/myjstest/providers/Microsoft.ApiManagement/service/myserviceyyy1/operationresults/ZWFzdHVzOm15c2VydmljZXl5eTFfVGVybV9lNmRmYWM1Ng==?api-version=2022-08-01\u0026asyncResponse",
        "Cache-Control": "no-cache",
        "Content-Length": "2606",
        "Content-Type": "application/json; charset=utf-8",
        "Date": "Wed, 23 Aug 2023 10:01:08 GMT",
        "Expires": "-1",
        "Location": "https://Sanitized.azure.com/subscriptions/88888888-8888-8888-8888-888888888888/resourceGroups/myjstest/providers/Microsoft.ApiManagement/service/myserviceyyy1/operationresults/ZWFzdHVzOm15c2VydmljZXl5eTFfVGVybV9lNmRmYWM1Ng==?api-version=2022-08-01\u0026asyncResponse",
        "Pragma": "no-cache",
        "Retry-After": "60",
        "Server": "Microsoft-HTTPAPI/2.0",
        "Strict-Transport-Security": "max-age=31536000; includeSubDomains",
        "X-Content-Type-Options": "nosniff",
        "x-ms-correlation-request-id": "7a39153e-d33a-44ab-9a2a-6a97e4e1dfcb",
        "x-ms-ratelimit-remaining-subscription-deletes": "14997",
        "x-ms-request-id": "7a39153e-d33a-44ab-9a2a-6a97e4e1dfcb",
        "x-ms-routing-request-id": "SOUTHEASTASIA:20230823T100109Z:7a39153e-d33a-44ab-9a2a-6a97e4e1dfcb"
      },
      "ResponseBody": {
        "id": "/subscriptions/88888888-8888-8888-8888-888888888888/resourceGroups/myjstest/providers/Microsoft.ApiManagement/service/myserviceyyy1",
        "name": "myserviceyyy1",
        "type": "Microsoft.ApiManagement/service",
        "tags": {},
        "location": "East US",
        "etag": "AAAAAADCsrQ=",
        "properties": {
          "publisherEmail": "foo@contoso.com",
          "publisherName": "foo",
          "notificationSenderEmail": "apimgmt-noreply@mail.windowsazure.com",
          "provisioningState": "Deleting",
          "targetProvisioningState": "Deleting",
          "createdAtUtc": "2023-08-23T09:38:17.1652072Z",
          "gatewayUrl": "https://myserviceyyy1.azure-api.net",
          "gatewayRegionalUrl": "https://myserviceyyy1-eastus-01.regional.azure-api.net",
          "portalUrl": "https://myserviceyyy1.portal.azure-api.net",
          "developerPortalUrl": "https://myserviceyyy1.developer.azure-api.net",
          "managementApiUrl": "https://myserviceyyy1.management.azure-api.net",
          "scmUrl": "https://myserviceyyy1.scm.azure-api.net",
          "hostnameConfigurations": [
            {
              "type": "Proxy",
              "hostName": "myserviceyyy1.azure-api.net",
              "encodedCertificate": null,
              "keyVaultId": null,
              "certificatePassword": null,
              "negotiateClientCertificate": false,
              "certificate": null,
              "defaultSslBinding": true,
              "identityClientId": null,
              "certificateSource": "BuiltIn",
              "certificateStatus": null
            }
          ],
          "publicIPAddresses": [
            "20.253.0.160"
          ],
          "privateIPAddresses": null,
          "additionalLocations": null,
          "virtualNetworkConfiguration": null,
          "customProperties": {
            "Microsoft.WindowsAzure.ApiManagement.Gateway.Security.Protocols.Tls10": "False",
            "Microsoft.WindowsAzure.ApiManagement.Gateway.Security.Protocols.Tls11": "False",
            "Microsoft.WindowsAzure.ApiManagement.Gateway.Security.Protocols.Ssl30": "False",
            "Microsoft.WindowsAzure.ApiManagement.Gateway.Security.Ciphers.TripleDes168": "False",
            "Microsoft.WindowsAzure.ApiManagement.Gateway.Security.Backend.Protocols.Tls10": "False",
            "Microsoft.WindowsAzure.ApiManagement.Gateway.Security.Backend.Protocols.Tls11": "False",
            "Microsoft.WindowsAzure.ApiManagement.Gateway.Security.Backend.Protocols.Ssl30": "False",
            "Microsoft.WindowsAzure.ApiManagement.Gateway.Protocols.Server.Http2": "False"
          },
          "virtualNetworkType": "None",
          "certificates": null,
          "disableGateway": false,
          "natGatewayState": "Disabled",
          "outboundPublicIPAddresses": [
            "20.253.0.160"
          ],
          "apiVersionConstraint": {
            "minApiVersion": null
          },
          "publicIpAddressId": null,
          "publicNetworkAccess": "Enabled",
          "privateEndpointConnections": null,
          "platformVersion": "stv2"
        },
        "sku": {
          "name": "Standard",
          "capacity": 1
        },
        "identity": null,
        "zones": null,
        "systemData": {
          "createdBy": "azure_client_id",
          "createdByType": "Application",
          "createdAt": "2023-08-23T09:38:16.2936464Z",
          "lastModifiedBy": "azure_client_id",
          "lastModifiedByType": "Application",
          "lastModifiedAt": "2023-08-23T09:38:16.2936464Z"
        }
      }
    },
    {
      "RequestUri": "https://Sanitized.azure.com/subscriptions/88888888-8888-8888-8888-888888888888/resourceGroups/myjstest/providers/Microsoft.ApiManagement/service/myserviceyyy1/operationresults/ZWFzdHVzOm15c2VydmljZXl5eTFfVGVybV9lNmRmYWM1Ng==?api-version=2022-08-01\u0026asyncResponse=undefined",
      "RequestMethod": "GET",
      "RequestHeaders": {
        "Accept": "application/json",
        "Accept-Encoding": "gzip,deflate",
        "Authorization": "Sanitized",
        "Connection": "keep-alive",
        "User-Agent": "azsdk-js-arm-apimanagement/9.2.0 core-rest-pipeline/1.12.1 Node/v16.17.0 OS/(x64-Windows_NT-10.0.22621)",
        "x-ms-client-request-id": "4bddb93f-4481-4e2a-a7a0-ed97fbd31156"
      },
      "RequestBody": null,
      "StatusCode": 200,
      "ResponseHeaders": {
        "Azure-AsyncOperation": "https://Sanitized.azure.com/subscriptions/88888888-8888-8888-8888-888888888888/resourceGroups/myjstest/providers/Microsoft.ApiManagement/service/myserviceyyy1/operationresults/ZWFzdHVzOm15c2VydmljZXl5eTFfVGVybV9lNmRmYWM1Ng==?api-version=2022-08-01\u0026asyncResponse=undefined",
        "Cache-Control": "no-cache",
        "Content-Encoding": "gzip",
        "Content-Type": "application/json",
        "Date": "Wed, 23 Aug 2023 10:01:08 GMT",
        "Expires": "-1",
        "Location": "https://Sanitized.azure.com/subscriptions/88888888-8888-8888-8888-888888888888/resourceGroups/myjstest/providers/Microsoft.ApiManagement/service/myserviceyyy1/operationresults/ZWFzdHVzOm15c2VydmljZXl5eTFfVGVybV9lNmRmYWM1Ng==?api-version=2022-08-01\u0026asyncResponse=undefined",
        "Pragma": "no-cache",
        "Retry-After": "60",
        "Server": "Microsoft-HTTPAPI/2.0",
        "Strict-Transport-Security": "max-age=31536000; includeSubDomains",
        "Transfer-Encoding": "chunked",
        "Vary": "Accept-Encoding",
        "X-Content-Type-Options": "nosniff",
        "x-ms-correlation-request-id": "1cc6fb56-b7ac-4d69-9b3d-ecdd923fd8d7",
        "x-ms-ratelimit-remaining-subscription-reads": "11967",
        "x-ms-request-id": "1cc6fb56-b7ac-4d69-9b3d-ecdd923fd8d7",
        "x-ms-routing-request-id": "SOUTHEASTASIA:20230823T100109Z:1cc6fb56-b7ac-4d69-9b3d-ecdd923fd8d7"
      },
      "ResponseBody": {
        "status": "InProgress"
      }
    },
    {
      "RequestUri": "https://Sanitized.azure.com/subscriptions/88888888-8888-8888-8888-888888888888/resourceGroups/myjstest/providers/Microsoft.ApiManagement/service/myserviceyyy1/operationresults/ZWFzdHVzOm15c2VydmljZXl5eTFfVGVybV9lNmRmYWM1Ng==?api-version=2022-08-01\u0026asyncResponse=undefined",
      "RequestMethod": "GET",
      "RequestHeaders": {
        "Accept": "application/json",
        "Accept-Encoding": "gzip,deflate",
        "Authorization": "Sanitized",
        "Connection": "keep-alive",
        "User-Agent": "azsdk-js-arm-apimanagement/9.2.0 core-rest-pipeline/1.12.1 Node/v16.17.0 OS/(x64-Windows_NT-10.0.22621)",
        "x-ms-client-request-id": "6e91579c-c58c-4990-83b4-f76d7d9daa8f"
      },
      "RequestBody": null,
      "StatusCode": 200,
      "ResponseHeaders": {
        "Azure-AsyncOperation": "https://Sanitized.azure.com/subscriptions/88888888-8888-8888-8888-888888888888/resourceGroups/myjstest/providers/Microsoft.ApiManagement/service/myserviceyyy1/operationresults/ZWFzdHVzOm15c2VydmljZXl5eTFfVGVybV9lNmRmYWM1Ng==?api-version=2022-08-01\u0026asyncResponse=undefined",
        "Cache-Control": "no-cache",
        "Content-Encoding": "gzip",
        "Content-Type": "application/json",
        "Date": "Wed, 23 Aug 2023 10:01:09 GMT",
        "Expires": "-1",
        "Location": "https://Sanitized.azure.com/subscriptions/88888888-8888-8888-8888-888888888888/resourceGroups/myjstest/providers/Microsoft.ApiManagement/service/myserviceyyy1/operationresults/ZWFzdHVzOm15c2VydmljZXl5eTFfVGVybV9lNmRmYWM1Ng==?api-version=2022-08-01\u0026asyncResponse=undefined",
        "Pragma": "no-cache",
        "Retry-After": "60",
        "Server": "Microsoft-HTTPAPI/2.0",
        "Strict-Transport-Security": "max-age=31536000; includeSubDomains",
        "Transfer-Encoding": "chunked",
        "Vary": "Accept-Encoding",
        "X-Content-Type-Options": "nosniff",
        "x-ms-correlation-request-id": "bf86496d-5c7c-4aca-ac42-d8789bdb80b6",
        "x-ms-ratelimit-remaining-subscription-reads": "11966",
        "x-ms-request-id": "bf86496d-5c7c-4aca-ac42-d8789bdb80b6",
        "x-ms-routing-request-id": "SOUTHEASTASIA:20230823T100110Z:bf86496d-5c7c-4aca-ac42-d8789bdb80b6"
      },
      "ResponseBody": {
        "status": "InProgress"
      }
    },
    {
      "RequestUri": "https://Sanitized.azure.com/subscriptions/88888888-8888-8888-8888-888888888888/resourceGroups/myjstest/providers/Microsoft.ApiManagement/service/myserviceyyy1/operationresults/ZWFzdHVzOm15c2VydmljZXl5eTFfVGVybV9lNmRmYWM1Ng==?api-version=2022-08-01\u0026asyncResponse=undefined",
      "RequestMethod": "GET",
      "RequestHeaders": {
        "Accept": "application/json",
        "Accept-Encoding": "gzip,deflate",
        "Authorization": "Sanitized",
        "Connection": "keep-alive",
        "User-Agent": "azsdk-js-arm-apimanagement/9.2.0 core-rest-pipeline/1.12.1 Node/v16.17.0 OS/(x64-Windows_NT-10.0.22621)",
        "x-ms-client-request-id": "4be005be-548e-4174-948e-4e0e7b1e0d10"
      },
      "RequestBody": null,
      "StatusCode": 200,
      "ResponseHeaders": {
        "Azure-AsyncOperation": "https://Sanitized.azure.com/subscriptions/88888888-8888-8888-8888-888888888888/resourceGroups/myjstest/providers/Microsoft.ApiManagement/service/myserviceyyy1/operationresults/ZWFzdHVzOm15c2VydmljZXl5eTFfVGVybV9lNmRmYWM1Ng==?api-version=2022-08-01\u0026asyncResponse=undefined",
        "Cache-Control": "no-cache",
        "Content-Encoding": "gzip",
        "Content-Type": "application/json",
        "Date": "Wed, 23 Aug 2023 10:02:11 GMT",
        "Expires": "-1",
        "Location": "https://Sanitized.azure.com/subscriptions/88888888-8888-8888-8888-888888888888/resourceGroups/myjstest/providers/Microsoft.ApiManagement/service/myserviceyyy1/operationresults/ZWFzdHVzOm15c2VydmljZXl5eTFfVGVybV9lNmRmYWM1Ng==?api-version=2022-08-01\u0026asyncResponse=undefined",
        "Pragma": "no-cache",
        "Retry-After": "60",
        "Server": "Microsoft-HTTPAPI/2.0",
        "Strict-Transport-Security": "max-age=31536000; includeSubDomains",
        "Transfer-Encoding": "chunked",
        "Vary": "Accept-Encoding",
        "X-Content-Type-Options": "nosniff",
        "x-ms-correlation-request-id": "5d8b475f-66f4-45fa-b58c-e50019c1e311",
        "x-ms-ratelimit-remaining-subscription-reads": "11965",
        "x-ms-request-id": "5d8b475f-66f4-45fa-b58c-e50019c1e311",
        "x-ms-routing-request-id": "SOUTHEASTASIA:20230823T100211Z:5d8b475f-66f4-45fa-b58c-e50019c1e311"
      },
      "ResponseBody": {
        "status": "InProgress"
      }
    },
    {
      "RequestUri": "https://Sanitized.azure.com/subscriptions/88888888-8888-8888-8888-888888888888/resourceGroups/myjstest/providers/Microsoft.ApiManagement/service/myserviceyyy1/operationresults/ZWFzdHVzOm15c2VydmljZXl5eTFfVGVybV9lNmRmYWM1Ng==?api-version=2022-08-01\u0026asyncResponse=undefined",
      "RequestMethod": "GET",
      "RequestHeaders": {
        "Accept": "application/json",
        "Accept-Encoding": "gzip,deflate",
        "Authorization": "Sanitized",
        "Connection": "keep-alive",
        "User-Agent": "azsdk-js-arm-apimanagement/9.2.0 core-rest-pipeline/1.12.1 Node/v16.17.0 OS/(x64-Windows_NT-10.0.22621)",
        "x-ms-client-request-id": "5eac508d-00b0-42bb-a0db-463049ca8dbf"
      },
      "RequestBody": null,
      "StatusCode": 200,
      "ResponseHeaders": {
        "Cache-Control": "no-cache",
        "Content-Encoding": "gzip",
        "Content-Type": "application/json",
        "Date": "Wed, 23 Aug 2023 10:03:11 GMT",
        "Expires": "-1",
        "Pragma": "no-cache",
        "Server": "Microsoft-HTTPAPI/2.0",
        "Strict-Transport-Security": "max-age=31536000; includeSubDomains",
        "Transfer-Encoding": "chunked",
        "Vary": "Accept-Encoding",
        "X-Content-Type-Options": "nosniff",
        "x-ms-correlation-request-id": "e94ed8d5-1ae4-4965-b108-1d441f30ca99",
        "x-ms-ratelimit-remaining-subscription-reads": "11964",
        "x-ms-request-id": "e94ed8d5-1ae4-4965-b108-1d441f30ca99",
        "x-ms-routing-request-id": "SOUTHEASTASIA:20230823T100312Z:e94ed8d5-1ae4-4965-b108-1d441f30ca99"
      },
      "ResponseBody": {
        "status": "Succeeded"
      }
    },
    {
      "RequestUri": "https://Sanitized.azure.com/subscriptions/88888888-8888-8888-8888-888888888888/providers/Microsoft.ApiManagement/locations/eastus/deletedservices/myserviceyyy1?api-version=2022-08-01",
      "RequestMethod": "DELETE",
      "RequestHeaders": {
        "Accept": "application/json",
        "Accept-Encoding": "gzip,deflate",
        "Authorization": "Sanitized",
        "Connection": "keep-alive",
        "User-Agent": "azsdk-js-arm-apimanagement/9.2.0 core-rest-pipeline/1.12.1 Node/v16.17.0 OS/(x64-Windows_NT-10.0.22621)",
        "x-ms-client-request-id": "ed5aaa12-c117-4507-bdd2-621bb3bda131"
      },
      "RequestBody": null,
      "StatusCode": 202,
      "ResponseHeaders": {
        "Cache-Control": "no-cache",
        "Content-Length": "463",
        "Content-Type": "application/json; charset=utf-8",
        "Date": "Wed, 23 Aug 2023 10:03:12 GMT",
        "Expires": "-1",
        "Location": "https://Sanitized.azure.com/subscriptions/88888888-8888-8888-8888-888888888888/providers/Microsoft.ApiManagement/locations/eastus/deletedservices/myserviceyyy1/operationresults/ZWFzdHVzOm15c2VydmljZXl5eTFfVGVybV83MThlYzI2Yg==?api-version=2022-08-01",
        "Pragma": "no-cache",
        "Retry-After": "60",
        "Server": "Microsoft-HTTPAPI/2.0",
        "Strict-Transport-Security": "max-age=31536000; includeSubDomains",
        "X-Content-Type-Options": "nosniff",
        "x-ms-correlation-request-id": "e7ad692b-e7d5-4295-bd3f-624342cb32ee",
        "x-ms-ratelimit-remaining-subscription-deletes": "14996",
        "x-ms-request-id": "e7ad692b-e7d5-4295-bd3f-624342cb32ee",
        "x-ms-routing-request-id": "SOUTHEASTASIA:20230823T100312Z:e7ad692b-e7d5-4295-bd3f-624342cb32ee"
      },
      "ResponseBody": {
        "id": "/subscriptions/88888888-8888-8888-8888-888888888888/providers/Microsoft.ApiManagement/locations/eastus/deletedservices/myserviceyyy1",
        "name": "myserviceyyy1",
        "type": "Microsoft.ApiManagement/deletedservices",
        "location": "East US",
        "properties": {
          "serviceId": "/subscriptions/88888888-8888-8888-8888-888888888888/resourceGroups/myjstest/providers/Microsoft.ApiManagement/service/myserviceyyy1",
          "scheduledPurgeDate": "2023-08-23T10:03:12.5122706Z",
          "deletionDate": "2023-08-23T10:03:00.7793328Z"
        }
      }
    },
    {
      "RequestUri": "https://Sanitized.azure.com/subscriptions/88888888-8888-8888-8888-888888888888/providers/Microsoft.ApiManagement/locations/eastus/deletedservices/myserviceyyy1/operationresults/ZWFzdHVzOm15c2VydmljZXl5eTFfVGVybV83MThlYzI2Yg==?api-version=2022-08-01",
      "RequestMethod": "GET",
      "RequestHeaders": {
        "Accept": "application/json",
        "Accept-Encoding": "gzip,deflate",
        "Authorization": "Sanitized",
        "Connection": "keep-alive",
        "User-Agent": "azsdk-js-arm-apimanagement/9.2.0 core-rest-pipeline/1.12.1 Node/v16.17.0 OS/(x64-Windows_NT-10.0.22621)",
        "x-ms-client-request-id": "9263c105-f60d-4a13-8c33-8b22bc61e49b"
      },
      "RequestBody": null,
      "StatusCode": 202,
      "ResponseHeaders": {
        "Cache-Control": "no-cache",
        "Content-Length": "0",
        "Date": "Wed, 23 Aug 2023 10:03:12 GMT",
        "Expires": "-1",
        "Location": "https://Sanitized.azure.com/subscriptions/88888888-8888-8888-8888-888888888888/providers/Microsoft.ApiManagement/locations/eastus/deletedservices/myserviceyyy1/operationresults/ZWFzdHVzOm15c2VydmljZXl5eTFfVGVybV83MThlYzI2Yg==?api-version=2022-08-01",
        "Pragma": "no-cache",
        "Retry-After": "60",
        "Server": "Microsoft-HTTPAPI/2.0",
        "Strict-Transport-Security": "max-age=31536000; includeSubDomains",
        "X-Content-Type-Options": "nosniff",
        "x-ms-correlation-request-id": "44799f0e-72b9-4744-be73-3048ec58d064",
        "x-ms-ratelimit-remaining-subscription-reads": "11963",
        "x-ms-request-id": "44799f0e-72b9-4744-be73-3048ec58d064",
        "x-ms-routing-request-id": "SOUTHEASTASIA:20230823T100313Z:44799f0e-72b9-4744-be73-3048ec58d064"
      },
      "ResponseBody": null
    },
    {
      "RequestUri": "https://Sanitized.azure.com/subscriptions/88888888-8888-8888-8888-888888888888/providers/Microsoft.ApiManagement/locations/eastus/deletedservices/myserviceyyy1/operationresults/ZWFzdHVzOm15c2VydmljZXl5eTFfVGVybV83MThlYzI2Yg==?api-version=2022-08-01",
      "RequestMethod": "GET",
      "RequestHeaders": {
        "Accept": "application/json",
        "Accept-Encoding": "gzip,deflate",
        "Authorization": "Sanitized",
        "Connection": "keep-alive",
        "User-Agent": "azsdk-js-arm-apimanagement/9.2.0 core-rest-pipeline/1.12.1 Node/v16.17.0 OS/(x64-Windows_NT-10.0.22621)",
        "x-ms-client-request-id": "532f8cc4-96d9-441c-9c23-1c765d91173a"
      },
      "RequestBody": null,
      "StatusCode": 202,
      "ResponseHeaders": {
        "Cache-Control": "no-cache",
        "Content-Length": "0",
        "Date": "Wed, 23 Aug 2023 10:03:12 GMT",
        "Expires": "-1",
        "Location": "https://Sanitized.azure.com/subscriptions/88888888-8888-8888-8888-888888888888/providers/Microsoft.ApiManagement/locations/eastus/deletedservices/myserviceyyy1/operationresults/ZWFzdHVzOm15c2VydmljZXl5eTFfVGVybV83MThlYzI2Yg==?api-version=2022-08-01",
        "Pragma": "no-cache",
        "Retry-After": "60",
        "Server": "Microsoft-HTTPAPI/2.0",
        "Strict-Transport-Security": "max-age=31536000; includeSubDomains",
        "X-Content-Type-Options": "nosniff",
        "x-ms-correlation-request-id": "76248c16-9bdb-4d65-bfbf-75740a450a34",
        "x-ms-ratelimit-remaining-subscription-reads": "11962",
        "x-ms-request-id": "76248c16-9bdb-4d65-bfbf-75740a450a34",
        "x-ms-routing-request-id": "SOUTHEASTASIA:20230823T100313Z:76248c16-9bdb-4d65-bfbf-75740a450a34"
      },
      "ResponseBody": null
    },
    {
      "RequestUri": "https://Sanitized.azure.com/subscriptions/88888888-8888-8888-8888-888888888888/providers/Microsoft.ApiManagement/locations/eastus/deletedservices/myserviceyyy1/operationresults/ZWFzdHVzOm15c2VydmljZXl5eTFfVGVybV83MThlYzI2Yg==?api-version=2022-08-01",
      "RequestMethod": "GET",
      "RequestHeaders": {
        "Accept": "application/json",
        "Accept-Encoding": "gzip,deflate",
        "Authorization": "Sanitized",
        "Connection": "keep-alive",
        "User-Agent": "azsdk-js-arm-apimanagement/9.2.0 core-rest-pipeline/1.12.1 Node/v16.17.0 OS/(x64-Windows_NT-10.0.22621)",
        "x-ms-client-request-id": "6a9b3776-7927-4d33-98c7-fe7bbd2a0857"
      },
      "RequestBody": null,
      "StatusCode": 200,
      "ResponseHeaders": {
        "Cache-Control": "no-cache",
        "Content-Length": "0",
        "Date": "Wed, 23 Aug 2023 10:04:14 GMT",
        "Expires": "-1",
        "Pragma": "no-cache",
        "Server": "Microsoft-HTTPAPI/2.0",
        "Strict-Transport-Security": "max-age=31536000; includeSubDomains",
        "X-Content-Type-Options": "nosniff",
        "x-ms-correlation-request-id": "1727524b-3bd2-4070-a84c-467bc5ed3a70",
        "x-ms-ratelimit-remaining-subscription-reads": "11961",
        "x-ms-request-id": "1727524b-3bd2-4070-a84c-467bc5ed3a70",
        "x-ms-routing-request-id": "SOUTHEASTASIA:20230823T100414Z:1727524b-3bd2-4070-a84c-467bc5ed3a70"
      },
      "ResponseBody": null
    },
    {
      "RequestUri": "https://Sanitized.azure.com/subscriptions/88888888-8888-8888-8888-888888888888/resourceGroups/myjstest/providers/Microsoft.ApiManagement/service?api-version=2022-08-01",
      "RequestMethod": "GET",
      "RequestHeaders": {
        "Accept": "application/json",
        "Accept-Encoding": "gzip,deflate",
        "Authorization": "Sanitized",
        "Connection": "keep-alive",
        "User-Agent": "azsdk-js-arm-apimanagement/9.2.0 core-rest-pipeline/1.12.1 Node/v16.17.0 OS/(x64-Windows_NT-10.0.22621)",
        "x-ms-client-request-id": "Sanitized"
      },
      "RequestBody": null,
      "StatusCode": 200,
      "ResponseHeaders": {
        "Cache-Control": "no-cache",
        "Content-Encoding": "gzip",
        "Content-Type": "application/json; charset=utf-8",
        "Date": "Wed, 23 Aug 2023 10:04:14 GMT",
        "Expires": "-1",
        "Pragma": "no-cache",
        "Server": "Microsoft-HTTPAPI/2.0",
        "Strict-Transport-Security": "max-age=31536000; includeSubDomains",
        "Transfer-Encoding": "chunked",
        "Vary": "Accept-Encoding",
        "X-Content-Type-Options": "nosniff",
        "x-ms-correlation-request-id": "cd5ac2b4-2740-4623-911a-cc38aa9f557c",
        "x-ms-ratelimit-remaining-subscription-reads": "11960",
        "x-ms-request-id": "cd5ac2b4-2740-4623-911a-cc38aa9f557c",
        "x-ms-routing-request-id": "SOUTHEASTASIA:20230823T100415Z:cd5ac2b4-2740-4623-911a-cc38aa9f557c"
      },
      "ResponseBody": {
        "value": []
      }
    }
  ],
  "Variables": {}
}
