{
  "Entries": [
    {
      "RequestUri": "https://REDACTED/certificates/issuers/listcertissuer44496ec7?api-version=7.6-preview.2",
      "RequestMethod": "PUT",
      "RequestHeaders": {
        "Accept": "application/json",
        "Content-Length": "0",
        "Content-Type": "application/json",
        "User-Agent": "azsdk-java-azure-security-keyvault-certificates/4.8.0-beta.1 (21.0.1; Windows 11; 10.0)"
      },
      "RequestBody": null,
      "StatusCode": 401,
      "ResponseHeaders": {
        "Cache-Control": "no-cache",
        "Content-Length": "97",
        "Content-Type": "application/json; charset=utf-8",
        "Date": "Tue, 04 Mar 2025 01:10:28 GMT",
        "Expires": "-1",
        "Pragma": "no-cache",
        "Strict-Transport-Security": "max-age=31536000;includeSubDomains",
        "WWW-Authenticate": "Bearer authorization=\"https://login.microsoftonline.com/70a036f6-8e4d-4615-bad6-149c02e7720d\", resource=\"https://vault.azure.net\"",
        "X-Content-Type-Options": "nosniff",
        "x-ms-keyvault-network-info": "conn_type=Ipv4;addr=172.92.148.195;act_addr_fam=InterNetwork;",
        "x-ms-keyvault-region": "westus",
        "x-ms-keyvault-service-version": "1.9.2103.1",
        "x-ms-request-id": "Sanitized"
      },
      "ResponseBody": {
        "error": {
          "code": "Unauthorized",
          "message": "AKV10000: Request is missing a Bearer or PoP token."
        }
      }
    },
    {
      "RequestUri": "https://REDACTED/certificates/issuers/listcertissuer44496ec7?api-version=7.6-preview.2",
      "RequestMethod": "PUT",
      "RequestHeaders": {
        "Accept": "application/json",
        "Authorization": "Sanitized",
        "Content-Length": "273",
        "Content-Type": "application/json",
        "User-Agent": "azsdk-java-azure-security-keyvault-certificates/4.8.0-beta.1 (21.0.1; Windows 11; 10.0)"
      },
      "RequestBody": {
        "provider": "Test",
        "credentials": {
          "account_id": "issuerAccountId",
          "pwd": "fakePasswordPlaceholder"
        },
        "org_details": {
          "id": "orgId",
          "admin_details": [
            {
              "first_name": "first",
              "last_name": "last",
              "email": "first.last@hotmail.com",
              "phone": "000-000-0000"
            }
          ]
        },
        "attributes": {
          "enabled": true
        }
      },
      "StatusCode": 200,
      "ResponseHeaders": {
        "Cache-Control": "no-cache",
        "Content-Length": "383",
        "Content-Type": "application/json; charset=utf-8",
        "Date": "Tue, 04 Mar 2025 01:10:30 GMT",
        "Expires": "-1",
        "Pragma": "no-cache",
        "Strict-Transport-Security": "max-age=31536000;includeSubDomains",
        "X-Content-Type-Options": "nosniff",
        "x-ms-keyvault-network-info": "conn_type=Ipv4;addr=172.92.148.195;act_addr_fam=InterNetwork;",
        "x-ms-keyvault-region": "westus",
        "x-ms-keyvault-service-version": "1.9.2103.1",
        "x-ms-request-id": "Sanitized"
      },
      "ResponseBody": {
        "id": "https://vicolinakvrecord.vault.azure.net/certificates/issuers/listcertissuer44496ec7",
        "provider": "Test",
        "credentials": {
          "account_id": "issuerAccountId"
        },
        "org_details": {
          "id": "orgId",
          "zip": 0,
          "admin_details": [
            {
              "first_name": "first",
              "last_name": "last",
              "email": "first.last@hotmail.com",
              "phone": "000-000-0000"
            }
          ]
        },
        "attributes": {
          "enabled": true,
          "created": 1741050631,
          "updated": 1741050631
        }
      }
    },
    {
      "RequestUri": "https://REDACTED/certificates/issuers/listcertissuer33346d07?api-version=7.6-preview.2",
      "RequestMethod": "PUT",
      "RequestHeaders": {
        "Accept": "application/json",
        "Authorization": "Sanitized",
        "Content-Length": "273",
        "Content-Type": "application/json",
        "User-Agent": "azsdk-java-azure-security-keyvault-certificates/4.8.0-beta.1 (21.0.1; Windows 11; 10.0)"
      },
      "RequestBody": {
        "provider": "Test",
        "credentials": {
          "account_id": "issuerAccountId",
          "pwd": "fakePasswordPlaceholder"
        },
        "org_details": {
          "id": "orgId",
          "admin_details": [
            {
              "first_name": "first",
              "last_name": "last",
              "email": "first.last@hotmail.com",
              "phone": "000-000-0000"
            }
          ]
        },
        "attributes": {
          "enabled": true
        }
      },
      "StatusCode": 200,
      "ResponseHeaders": {
        "Cache-Control": "no-cache",
        "Content-Length": "383",
        "Content-Type": "application/json; charset=utf-8",
        "Date": "Tue, 04 Mar 2025 01:10:30 GMT",
        "Expires": "-1",
        "Pragma": "no-cache",
        "Strict-Transport-Security": "max-age=31536000;includeSubDomains",
        "X-Content-Type-Options": "nosniff",
        "x-ms-keyvault-network-info": "conn_type=Ipv4;addr=172.92.148.195;act_addr_fam=InterNetwork;",
        "x-ms-keyvault-region": "westus",
        "x-ms-keyvault-service-version": "1.9.2103.1",
        "x-ms-request-id": "Sanitized"
      },
      "ResponseBody": {
        "id": "https://vicolinakvrecord.vault.azure.net/certificates/issuers/listcertissuer33346d07",
        "provider": "Test",
        "credentials": {
          "account_id": "issuerAccountId"
        },
        "org_details": {
          "id": "orgId",
          "zip": 0,
          "admin_details": [
            {
              "first_name": "first",
              "last_name": "last",
              "email": "first.last@hotmail.com",
              "phone": "000-000-0000"
            }
          ]
        },
        "attributes": {
          "enabled": true,
          "created": 1741050631,
          "updated": 1741050631
        }
      }
    },
    {
      "RequestUri": "https://REDACTED/certificates/issuers/listcertissuer92810ffa?api-version=7.6-preview.2",
      "RequestMethod": "PUT",
      "RequestHeaders": {
        "Accept": "application/json",
        "Authorization": "Sanitized",
        "Content-Length": "273",
        "Content-Type": "application/json",
        "User-Agent": "azsdk-java-azure-security-keyvault-certificates/4.8.0-beta.1 (21.0.1; Windows 11; 10.0)"
      },
      "RequestBody": {
        "provider": "Test",
        "credentials": {
          "account_id": "issuerAccountId",
          "pwd": "fakePasswordPlaceholder"
        },
        "org_details": {
          "id": "orgId",
          "admin_details": [
            {
              "first_name": "first",
              "last_name": "last",
              "email": "first.last@hotmail.com",
              "phone": "000-000-0000"
            }
          ]
        },
        "attributes": {
          "enabled": true
        }
      },
      "StatusCode": 200,
      "ResponseHeaders": {
        "Cache-Control": "no-cache",
        "Content-Length": "383",
        "Content-Type": "application/json; charset=utf-8",
        "Date": "Tue, 04 Mar 2025 01:10:31 GMT",
        "Expires": "-1",
        "Pragma": "no-cache",
        "Strict-Transport-Security": "max-age=31536000;includeSubDomains",
        "X-Content-Type-Options": "nosniff",
        "x-ms-keyvault-network-info": "conn_type=Ipv4;addr=172.92.148.195;act_addr_fam=InterNetwork;",
        "x-ms-keyvault-region": "westus",
        "x-ms-keyvault-service-version": "1.9.2103.1",
        "x-ms-request-id": "Sanitized"
      },
      "ResponseBody": {
        "id": "https://vicolinakvrecord.vault.azure.net/certificates/issuers/listcertissuer92810ffa",
        "provider": "Test",
        "credentials": {
          "account_id": "issuerAccountId"
        },
        "org_details": {
          "id": "orgId",
          "zip": 0,
          "admin_details": [
            {
              "first_name": "first",
              "last_name": "last",
              "email": "first.last@hotmail.com",
              "phone": "000-000-0000"
            }
          ]
        },
        "attributes": {
          "enabled": true,
          "created": 1741050631,
          "updated": 1741050631
        }
      }
    },
    {
      "RequestUri": "https://REDACTED/certificates/issuers/listcertissuer92671b65?api-version=7.6-preview.2",
      "RequestMethod": "PUT",
      "RequestHeaders": {
        "Accept": "application/json",
        "Authorization": "Sanitized",
        "Content-Length": "273",
        "Content-Type": "application/json",
        "User-Agent": "azsdk-java-azure-security-keyvault-certificates/4.8.0-beta.1 (21.0.1; Windows 11; 10.0)"
      },
      "RequestBody": {
        "provider": "Test",
        "credentials": {
          "account_id": "issuerAccountId",
          "pwd": "fakePasswordPlaceholder"
        },
        "org_details": {
          "id": "orgId",
          "admin_details": [
            {
              "first_name": "first",
              "last_name": "last",
              "email": "first.last@hotmail.com",
              "phone": "000-000-0000"
            }
          ]
        },
        "attributes": {
          "enabled": true
        }
      },
      "StatusCode": 200,
      "ResponseHeaders": {
        "Cache-Control": "no-cache",
        "Content-Length": "383",
        "Content-Type": "application/json; charset=utf-8",
        "Date": "Tue, 04 Mar 2025 01:10:31 GMT",
        "Expires": "-1",
        "Pragma": "no-cache",
        "Strict-Transport-Security": "max-age=31536000;includeSubDomains",
        "X-Content-Type-Options": "nosniff",
        "x-ms-keyvault-network-info": "conn_type=Ipv4;addr=172.92.148.195;act_addr_fam=InterNetwork;",
        "x-ms-keyvault-region": "westus",
        "x-ms-keyvault-service-version": "1.9.2103.1",
        "x-ms-request-id": "Sanitized"
      },
      "ResponseBody": {
        "id": "https://vicolinakvrecord.vault.azure.net/certificates/issuers/listcertissuer92671b65",
        "provider": "Test",
        "credentials": {
          "account_id": "issuerAccountId"
        },
        "org_details": {
          "id": "orgId",
          "zip": 0,
          "admin_details": [
            {
              "first_name": "first",
              "last_name": "last",
              "email": "first.last@hotmail.com",
              "phone": "000-000-0000"
            }
          ]
        },
        "attributes": {
          "enabled": true,
          "created": 1741050631,
          "updated": 1741050631
        }
      }
    },
    {
      "RequestUri": "https://REDACTED/certificates/issuers/listcertissuer98167b68?api-version=7.6-preview.2",
      "RequestMethod": "PUT",
      "RequestHeaders": {
        "Accept": "application/json",
        "Authorization": "Sanitized",
        "Content-Length": "273",
        "Content-Type": "application/json",
        "User-Agent": "azsdk-java-azure-security-keyvault-certificates/4.8.0-beta.1 (21.0.1; Windows 11; 10.0)"
      },
      "RequestBody": {
        "provider": "Test",
        "credentials": {
          "account_id": "issuerAccountId",
          "pwd": "fakePasswordPlaceholder"
        },
        "org_details": {
          "id": "orgId",
          "admin_details": [
            {
              "first_name": "first",
              "last_name": "last",
              "email": "first.last@hotmail.com",
              "phone": "000-000-0000"
            }
          ]
        },
        "attributes": {
          "enabled": true
        }
      },
      "StatusCode": 200,
      "ResponseHeaders": {
        "Cache-Control": "no-cache",
        "Content-Length": "383",
        "Content-Type": "application/json; charset=utf-8",
        "Date": "Tue, 04 Mar 2025 01:10:31 GMT",
        "Expires": "-1",
        "Pragma": "no-cache",
        "Strict-Transport-Security": "max-age=31536000;includeSubDomains",
        "X-Content-Type-Options": "nosniff",
        "x-ms-keyvault-network-info": "conn_type=Ipv4;addr=172.92.148.195;act_addr_fam=InterNetwork;",
        "x-ms-keyvault-region": "westus",
        "x-ms-keyvault-service-version": "1.9.2103.1",
        "x-ms-request-id": "Sanitized"
      },
      "ResponseBody": {
        "id": "https://vicolinakvrecord.vault.azure.net/certificates/issuers/listcertissuer98167b68",
        "provider": "Test",
        "credentials": {
          "account_id": "issuerAccountId"
        },
        "org_details": {
          "id": "orgId",
          "zip": 0,
          "admin_details": [
            {
              "first_name": "first",
              "last_name": "last",
              "email": "first.last@hotmail.com",
              "phone": "000-000-0000"
            }
          ]
        },
        "attributes": {
          "enabled": true,
          "created": 1741050631,
          "updated": 1741050631
        }
      }
    },
    {
      "RequestUri": "https://REDACTED/certificates/issuers/listcertissuer10837c94?api-version=7.6-preview.2",
      "RequestMethod": "PUT",
      "RequestHeaders": {
        "Accept": "application/json",
        "Authorization": "Sanitized",
        "Content-Length": "273",
        "Content-Type": "application/json",
        "User-Agent": "azsdk-java-azure-security-keyvault-certificates/4.8.0-beta.1 (21.0.1; Windows 11; 10.0)"
      },
      "RequestBody": {
        "provider": "Test",
        "credentials": {
          "account_id": "issuerAccountId",
          "pwd": "fakePasswordPlaceholder"
        },
        "org_details": {
          "id": "orgId",
          "admin_details": [
            {
              "first_name": "first",
              "last_name": "last",
              "email": "first.last@hotmail.com",
              "phone": "000-000-0000"
            }
          ]
        },
        "attributes": {
          "enabled": true
        }
      },
      "StatusCode": 200,
      "ResponseHeaders": {
        "Cache-Control": "no-cache",
        "Content-Length": "383",
        "Content-Type": "application/json; charset=utf-8",
        "Date": "Tue, 04 Mar 2025 01:10:31 GMT",
        "Expires": "-1",
        "Pragma": "no-cache",
        "Strict-Transport-Security": "max-age=31536000;includeSubDomains",
        "X-Content-Type-Options": "nosniff",
        "x-ms-keyvault-network-info": "conn_type=Ipv4;addr=172.92.148.195;act_addr_fam=InterNetwork;",
        "x-ms-keyvault-region": "westus",
        "x-ms-keyvault-service-version": "1.9.2103.1",
        "x-ms-request-id": "Sanitized"
      },
      "ResponseBody": {
        "id": "https://vicolinakvrecord.vault.azure.net/certificates/issuers/listcertissuer10837c94",
        "provider": "Test",
        "credentials": {
          "account_id": "issuerAccountId"
        },
        "org_details": {
          "id": "orgId",
          "zip": 0,
          "admin_details": [
            {
              "first_name": "first",
              "last_name": "last",
              "email": "first.last@hotmail.com",
              "phone": "000-000-0000"
            }
          ]
        },
        "attributes": {
          "enabled": true,
          "created": 1741050631,
          "updated": 1741050631
        }
      }
    },
    {
      "RequestUri": "https://REDACTED/certificates/issuers/listcertissuer33397046?api-version=7.6-preview.2",
      "RequestMethod": "PUT",
      "RequestHeaders": {
        "Accept": "application/json",
        "Authorization": "Sanitized",
        "Content-Length": "273",
        "Content-Type": "application/json",
        "User-Agent": "azsdk-java-azure-security-keyvault-certificates/4.8.0-beta.1 (21.0.1; Windows 11; 10.0)"
      },
      "RequestBody": {
        "provider": "Test",
        "credentials": {
          "account_id": "issuerAccountId",
          "pwd": "fakePasswordPlaceholder"
        },
        "org_details": {
          "id": "orgId",
          "admin_details": [
            {
              "first_name": "first",
              "last_name": "last",
              "email": "first.last@hotmail.com",
              "phone": "000-000-0000"
            }
          ]
        },
        "attributes": {
          "enabled": true
        }
      },
      "StatusCode": 200,
      "ResponseHeaders": {
        "Cache-Control": "no-cache",
        "Content-Length": "383",
        "Content-Type": "application/json; charset=utf-8",
        "Date": "Tue, 04 Mar 2025 01:10:31 GMT",
        "Expires": "-1",
        "Pragma": "no-cache",
        "Strict-Transport-Security": "max-age=31536000;includeSubDomains",
        "X-Content-Type-Options": "nosniff",
        "x-ms-keyvault-network-info": "conn_type=Ipv4;addr=172.92.148.195;act_addr_fam=InterNetwork;",
        "x-ms-keyvault-region": "westus",
        "x-ms-keyvault-service-version": "1.9.2103.1",
        "x-ms-request-id": "Sanitized"
      },
      "ResponseBody": {
        "id": "https://vicolinakvrecord.vault.azure.net/certificates/issuers/listcertissuer33397046",
        "provider": "Test",
        "credentials": {
          "account_id": "issuerAccountId"
        },
        "org_details": {
          "id": "orgId",
          "zip": 0,
          "admin_details": [
            {
              "first_name": "first",
              "last_name": "last",
              "email": "first.last@hotmail.com",
              "phone": "000-000-0000"
            }
          ]
        },
        "attributes": {
          "enabled": true,
          "created": 1741050631,
          "updated": 1741050631
        }
      }
    },
    {
      "RequestUri": "https://REDACTED/certificates/issuers/listcertissuer54584d09?api-version=7.6-preview.2",
      "RequestMethod": "PUT",
      "RequestHeaders": {
        "Accept": "application/json",
        "Authorization": "Sanitized",
        "Content-Length": "273",
        "Content-Type": "application/json",
        "User-Agent": "azsdk-java-azure-security-keyvault-certificates/4.8.0-beta.1 (21.0.1; Windows 11; 10.0)"
      },
      "RequestBody": {
        "provider": "Test",
        "credentials": {
          "account_id": "issuerAccountId",
          "pwd": "fakePasswordPlaceholder"
        },
        "org_details": {
          "id": "orgId",
          "admin_details": [
            {
              "first_name": "first",
              "last_name": "last",
              "email": "first.last@hotmail.com",
              "phone": "000-000-0000"
            }
          ]
        },
        "attributes": {
          "enabled": true
        }
      },
      "StatusCode": 200,
      "ResponseHeaders": {
        "Cache-Control": "no-cache",
        "Content-Length": "383",
        "Content-Type": "application/json; charset=utf-8",
        "Date": "Tue, 04 Mar 2025 01:10:31 GMT",
        "Expires": "-1",
        "Pragma": "no-cache",
        "Strict-Transport-Security": "max-age=31536000;includeSubDomains",
        "X-Content-Type-Options": "nosniff",
        "x-ms-keyvault-network-info": "conn_type=Ipv4;addr=172.92.148.195;act_addr_fam=InterNetwork;",
        "x-ms-keyvault-region": "westus",
        "x-ms-keyvault-service-version": "1.9.2103.1",
        "x-ms-request-id": "Sanitized"
      },
      "ResponseBody": {
        "id": "https://vicolinakvrecord.vault.azure.net/certificates/issuers/listcertissuer54584d09",
        "provider": "Test",
        "credentials": {
          "account_id": "issuerAccountId"
        },
        "org_details": {
          "id": "orgId",
          "zip": 0,
          "admin_details": [
            {
              "first_name": "first",
              "last_name": "last",
              "email": "first.last@hotmail.com",
              "phone": "000-000-0000"
            }
          ]
        },
        "attributes": {
          "enabled": true,
          "created": 1741050631,
          "updated": 1741050631
        }
      }
    },
    {
      "RequestUri": "https://REDACTED/certificates/issuers/listcertissuer96066122?api-version=7.6-preview.2",
      "RequestMethod": "PUT",
      "RequestHeaders": {
        "Accept": "application/json",
        "Authorization": "Sanitized",
        "Content-Length": "273",
        "Content-Type": "application/json",
        "User-Agent": "azsdk-java-azure-security-keyvault-certificates/4.8.0-beta.1 (21.0.1; Windows 11; 10.0)"
      },
      "RequestBody": {
        "provider": "Test",
        "credentials": {
          "account_id": "issuerAccountId",
          "pwd": "fakePasswordPlaceholder"
        },
        "org_details": {
          "id": "orgId",
          "admin_details": [
            {
              "first_name": "first",
              "last_name": "last",
              "email": "first.last@hotmail.com",
              "phone": "000-000-0000"
            }
          ]
        },
        "attributes": {
          "enabled": true
        }
      },
      "StatusCode": 200,
      "ResponseHeaders": {
        "Cache-Control": "no-cache",
        "Content-Length": "383",
        "Content-Type": "application/json; charset=utf-8",
        "Date": "Tue, 04 Mar 2025 01:10:31 GMT",
        "Expires": "-1",
        "Pragma": "no-cache",
        "Strict-Transport-Security": "max-age=31536000;includeSubDomains",
        "X-Content-Type-Options": "nosniff",
        "x-ms-keyvault-network-info": "conn_type=Ipv4;addr=172.92.148.195;act_addr_fam=InterNetwork;",
        "x-ms-keyvault-region": "westus",
        "x-ms-keyvault-service-version": "1.9.2103.1",
        "x-ms-request-id": "Sanitized"
      },
      "ResponseBody": {
        "id": "https://vicolinakvrecord.vault.azure.net/certificates/issuers/listcertissuer96066122",
        "provider": "Test",
        "credentials": {
          "account_id": "issuerAccountId"
        },
        "org_details": {
          "id": "orgId",
          "zip": 0,
          "admin_details": [
            {
              "first_name": "first",
              "last_name": "last",
              "email": "first.last@hotmail.com",
              "phone": "000-000-0000"
            }
          ]
        },
        "attributes": {
          "enabled": true,
          "created": 1741050631,
          "updated": 1741050631
        }
      }
    },
    {
      "RequestUri": "https://REDACTED/certificates/issuers/listcertissuer92322150?api-version=7.6-preview.2",
      "RequestMethod": "PUT",
      "RequestHeaders": {
        "Accept": "application/json",
        "Authorization": "Sanitized",
        "Content-Length": "273",
        "Content-Type": "application/json",
        "User-Agent": "azsdk-java-azure-security-keyvault-certificates/4.8.0-beta.1 (21.0.1; Windows 11; 10.0)"
      },
      "RequestBody": {
        "provider": "Test",
        "credentials": {
          "account_id": "issuerAccountId",
          "pwd": "fakePasswordPlaceholder"
        },
        "org_details": {
          "id": "orgId",
          "admin_details": [
            {
              "first_name": "first",
              "last_name": "last",
              "email": "first.last@hotmail.com",
              "phone": "000-000-0000"
            }
          ]
        },
        "attributes": {
          "enabled": true
        }
      },
      "StatusCode": 200,
      "ResponseHeaders": {
        "Cache-Control": "no-cache",
        "Content-Length": "383",
        "Content-Type": "application/json; charset=utf-8",
        "Date": "Tue, 04 Mar 2025 01:10:31 GMT",
        "Expires": "-1",
        "Pragma": "no-cache",
        "Strict-Transport-Security": "max-age=31536000;includeSubDomains",
        "X-Content-Type-Options": "nosniff",
        "x-ms-keyvault-network-info": "conn_type=Ipv4;addr=172.92.148.195;act_addr_fam=InterNetwork;",
        "x-ms-keyvault-region": "westus",
        "x-ms-keyvault-service-version": "1.9.2103.1",
        "x-ms-request-id": "Sanitized"
      },
      "ResponseBody": {
        "id": "https://vicolinakvrecord.vault.azure.net/certificates/issuers/listcertissuer92322150",
        "provider": "Test",
        "credentials": {
          "account_id": "issuerAccountId"
        },
        "org_details": {
          "id": "orgId",
          "zip": 0,
          "admin_details": [
            {
              "first_name": "first",
              "last_name": "last",
              "email": "first.last@hotmail.com",
              "phone": "000-000-0000"
            }
          ]
        },
        "attributes": {
          "enabled": true,
          "created": 1741050631,
          "updated": 1741050631
        }
      }
    },
    {
      "RequestUri": "https://REDACTED/certificates/issuers?api-version=7.6-preview.2",
      "RequestMethod": "GET",
      "RequestHeaders": {
        "Accept": "application/json",
        "Authorization": "Sanitized",
        "Content-Length": "0",
        "User-Agent": "azsdk-java-azure-security-keyvault-certificates/4.8.0-beta.1 (21.0.1; Windows 11; 10.0)"
      },
      "RequestBody": null,
      "StatusCode": 200,
      "ResponseHeaders": {
        "Cache-Control": "no-cache",
        "Content-Length": "2937",
        "Content-Type": "application/json; charset=utf-8",
        "Date": "Tue, 04 Mar 2025 01:10:31 GMT",
        "Expires": "-1",
        "Pragma": "no-cache",
        "Strict-Transport-Security": "max-age=31536000;includeSubDomains",
        "X-Content-Type-Options": "nosniff",
        "x-ms-keyvault-network-info": "conn_type=Ipv4;addr=172.92.148.195;act_addr_fam=InterNetwork;",
        "x-ms-keyvault-region": "westus",
        "x-ms-keyvault-service-version": "1.9.2103.1",
        "x-ms-request-id": "Sanitized"
      },
      "ResponseBody": {
        "value": [
          {
            "id": "https://vicolinakvrecord.vault.azure.net/certificates/issuers/listcertissuer0715361f",
            "provider": "Test"
          },
          {
            "id": "https://vicolinakvrecord.vault.azure.net/certificates/issuers/listcertissuer10837c94",
            "provider": "Test"
          },
          {
            "id": "https://vicolinakvrecord.vault.azure.net/certificates/issuers/listcertissuer11515ed0",
            "provider": "Test"
          },
          {
            "id": "https://vicolinakvrecord.vault.azure.net/certificates/issuers/listcertissuer12895785",
            "provider": "Test"
          },
          {
            "id": "https://vicolinakvrecord.vault.azure.net/certificates/issuers/listcertissuer143485e4",
            "provider": "Test"
          },
          {
            "id": "https://vicolinakvrecord.vault.azure.net/certificates/issuers/listcertissuer195278d8",
            "provider": "Test"
          },
          {
            "id": "https://vicolinakvrecord.vault.azure.net/certificates/issuers/listcertissuer20043e4d",
            "provider": "Test"
          },
          {
            "id": "https://vicolinakvrecord.vault.azure.net/certificates/issuers/listcertissuer250998f8",
            "provider": "Test"
          },
          {
            "id": "https://vicolinakvrecord.vault.azure.net/certificates/issuers/listcertissuer286736ef",
            "provider": "Test"
          },
          {
            "id": "https://vicolinakvrecord.vault.azure.net/certificates/issuers/listcertissuer29193e4f",
            "provider": "Test"
          },
          {
            "id": "https://vicolinakvrecord.vault.azure.net/certificates/issuers/listcertissuer30584b7e",
            "provider": "Test"
          },
          {
            "id": "https://vicolinakvrecord.vault.azure.net/certificates/issuers/listcertissuer31335a81",
            "provider": "Test"
          },
          {
            "id": "https://vicolinakvrecord.vault.azure.net/certificates/issuers/listcertissuer32290d73",
            "provider": "Test"
          },
          {
            "id": "https://vicolinakvrecord.vault.azure.net/certificates/issuers/listcertissuer33346d07",
            "provider": "Test"
          },
          {
            "id": "https://vicolinakvrecord.vault.azure.net/certificates/issuers/listcertissuer33397046",
            "provider": "Test"
          },
          {
            "id": "https://vicolinakvrecord.vault.azure.net/certificates/issuers/listcertissuer339341cb",
            "provider": "Test"
          },
          {
            "id": "https://vicolinakvrecord.vault.azure.net/certificates/issuers/listcertissuer37835769",
            "provider": "Test"
          },
          {
            "id": "https://vicolinakvrecord.vault.azure.net/certificates/issuers/listcertissuer41085527",
            "provider": "Test"
          },
          {
            "id": "https://vicolinakvrecord.vault.azure.net/certificates/issuers/listcertissuer421100d0",
            "provider": "Test"
          },
          {
            "id": "https://vicolinakvrecord.vault.azure.net/certificates/issuers/listcertissuer42206b59",
            "provider": "Test"
          },
          {
            "id": "https://vicolinakvrecord.vault.azure.net/certificates/issuers/listcertissuer44496ec7",
            "provider": "Test"
          },
          {
            "id": "https://vicolinakvrecord.vault.azure.net/certificates/issuers/listcertissuer45373736",
            "provider": "Test"
          },
          {
            "id": "https://vicolinakvrecord.vault.azure.net/certificates/issuers/listcertissuer4543128d",
            "provider": "Test"
          },
          {
            "id": "https://vicolinakvrecord.vault.azure.net/certificates/issuers/listcertissuer4585053c",
            "provider": "Test"
          },
          {
            "id": "https://vicolinakvrecord.vault.azure.net/certificates/issuers/listcertissuer48319d90",
            "provider": "Test"
          }
        ],
        "nextLink": "https://vicolinakvrecord.vault.azure.net:443/certificates/issuers?api-version=7.6-preview.2&$skiptoken=Sanitized"
      }
    },
    {
      "RequestUri": "https://REDACTED/certificates/issuers?api-version=7.6-preview.2&$skiptoken=Sanitized",
      "RequestMethod": "GET",
      "RequestHeaders": {
        "Accept": "application/json",
        "Authorization": "Sanitized",
        "Content-Length": "0",
        "User-Agent": "azsdk-java-azure-security-keyvault-certificates/4.8.0-beta.1 (21.0.1; Windows 11; 10.0)"
      },
      "RequestBody": null,
      "StatusCode": 200,
      "ResponseHeaders": {
        "Cache-Control": "no-cache",
        "Content-Length": "2937",
        "Content-Type": "application/json; charset=utf-8",
        "Date": "Tue, 04 Mar 2025 01:10:32 GMT",
        "Expires": "-1",
        "Pragma": "no-cache",
        "Strict-Transport-Security": "max-age=31536000;includeSubDomains",
        "X-Content-Type-Options": "nosniff",
        "x-ms-keyvault-network-info": "conn_type=Ipv4;addr=172.92.148.195;act_addr_fam=InterNetwork;",
        "x-ms-keyvault-region": "westus",
        "x-ms-keyvault-service-version": "1.9.2103.1",
        "x-ms-request-id": "Sanitized"
      },
      "ResponseBody": {
        "value": [
          {
            "id": "https://vicolinakvrecord.vault.azure.net/certificates/issuers/listcertissuer4995328d",
            "provider": "Test"
          },
          {
            "id": "https://vicolinakvrecord.vault.azure.net/certificates/issuers/listcertissuer4996620b",
            "provider": "Test"
          },
          {
            "id": "https://vicolinakvrecord.vault.azure.net/certificates/issuers/listcertissuer54584d09",
            "provider": "Test"
          },
          {
            "id": "https://vicolinakvrecord.vault.azure.net/certificates/issuers/listcertissuer54593413",
            "provider": "Test"
          },
          {
            "id": "https://vicolinakvrecord.vault.azure.net/certificates/issuers/listcertissuer56015e3a",
            "provider": "Test"
          },
          {
            "id": "https://vicolinakvrecord.vault.azure.net/certificates/issuers/listcertissuer560777fe",
            "provider": "Test"
          },
          {
            "id": "https://vicolinakvrecord.vault.azure.net/certificates/issuers/listcertissuer59089ccf",
            "provider": "Test"
          },
          {
            "id": "https://vicolinakvrecord.vault.azure.net/certificates/issuers/listcertissuer60957c6e",
            "provider": "Test"
          },
          {
            "id": "https://vicolinakvrecord.vault.azure.net/certificates/issuers/listcertissuer64334ec4",
            "provider": "Test"
          },
          {
            "id": "https://vicolinakvrecord.vault.azure.net/certificates/issuers/listcertissuer67272779",
            "provider": "Test"
          },
          {
            "id": "https://vicolinakvrecord.vault.azure.net/certificates/issuers/listcertissuer769663fa",
            "provider": "Test"
          },
          {
            "id": "https://vicolinakvrecord.vault.azure.net/certificates/issuers/listcertissuer794992ea",
            "provider": "Test"
          },
          {
            "id": "https://vicolinakvrecord.vault.azure.net/certificates/issuers/listcertissuer812250f8",
            "provider": "Test"
          },
          {
            "id": "https://vicolinakvrecord.vault.azure.net/certificates/issuers/listcertissuer8154303f",
            "provider": "Test"
          },
          {
            "id": "https://vicolinakvrecord.vault.azure.net/certificates/issuers/listcertissuer84682592",
            "provider": "Test"
          },
          {
            "id": "https://vicolinakvrecord.vault.azure.net/certificates/issuers/listcertissuer85393586",
            "provider": "Test"
          },
          {
            "id": "https://vicolinakvrecord.vault.azure.net/certificates/issuers/listcertissuer87603351",
            "provider": "Test"
          },
          {
            "id": "https://vicolinakvrecord.vault.azure.net/certificates/issuers/listcertissuer92322150",
            "provider": "Test"
          },
          {
            "id": "https://vicolinakvrecord.vault.azure.net/certificates/issuers/listcertissuer92671b65",
            "provider": "Test"
          },
          {
            "id": "https://vicolinakvrecord.vault.azure.net/certificates/issuers/listcertissuer92810ffa",
            "provider": "Test"
          },
          {
            "id": "https://vicolinakvrecord.vault.azure.net/certificates/issuers/listcertissuer95553120",
            "provider": "Test"
          },
          {
            "id": "https://vicolinakvrecord.vault.azure.net/certificates/issuers/listcertissuer96066122",
            "provider": "Test"
          },
          {
            "id": "https://vicolinakvrecord.vault.azure.net/certificates/issuers/listcertissuer98093fc5",
            "provider": "Test"
          },
          {
            "id": "https://vicolinakvrecord.vault.azure.net/certificates/issuers/listcertissuer98167b68",
            "provider": "Test"
          },
          {
            "id": "https://vicolinakvrecord.vault.azure.net/certificates/issuers/listcertissuer984267d9",
            "provider": "Test"
          }
        ],
        "nextLink": "https://vicolinakvrecord.vault.azure.net:443/certificates/issuers?api-version=7.6-preview.2&$skiptoken=Sanitized"
      }
    },
    {
      "RequestUri": "https://REDACTED/certificates/issuers?api-version=7.6-preview.2&$skiptoken=Sanitized",
      "RequestMethod": "GET",
      "RequestHeaders": {
        "Accept": "application/json",
        "Authorization": "Sanitized",
        "Content-Length": "0",
        "User-Agent": "azsdk-java-azure-security-keyvault-certificates/4.8.0-beta.1 (21.0.1; Windows 11; 10.0)"
      },
      "RequestBody": null,
      "StatusCode": 200,
      "ResponseHeaders": {
        "Cache-Control": "no-cache",
        "Content-Length": "1347",
        "Content-Type": "application/json; charset=utf-8",
        "Date": "Tue, 04 Mar 2025 01:10:32 GMT",
        "Expires": "-1",
        "Pragma": "no-cache",
        "Strict-Transport-Security": "max-age=31536000;includeSubDomains",
        "X-Content-Type-Options": "nosniff",
        "x-ms-keyvault-network-info": "conn_type=Ipv4;addr=172.92.148.195;act_addr_fam=InterNetwork;",
        "x-ms-keyvault-region": "westus",
        "x-ms-keyvault-service-version": "1.9.2103.1",
        "x-ms-request-id": "Sanitized"
      },
      "ResponseBody": {
        "value": [
          {
            "id": "https://vicolinakvrecord.vault.azure.net/certificates/issuers/testissuer0258754751",
            "provider": "Test"
          },
          {
            "id": "https://vicolinakvrecord.vault.azure.net/certificates/issuers/testissuer247467b73d",
            "provider": "Test"
          },
          {
            "id": "https://vicolinakvrecord.vault.azure.net/certificates/issuers/testissuer34286b5899",
            "provider": "Test"
          },
          {
            "id": "https://vicolinakvrecord.vault.azure.net/certificates/issuers/testissuer44737cbc92",
            "provider": "Test"
          },
          {
            "id": "https://vicolinakvrecord.vault.azure.net/certificates/issuers/testissuer47762aa9fc",
            "provider": "Test"
          },
          {
            "id": "https://vicolinakvrecord.vault.azure.net/certificates/issuers/testissuer57978b9b2d",
            "provider": "Test"
          },
          {
            "id": "https://vicolinakvrecord.vault.azure.net/certificates/issuers/testissuer697234666e",
            "provider": "Test"
          },
          {
            "id": "https://vicolinakvrecord.vault.azure.net/certificates/issuers/testissuer80493ffdd9",
            "provider": "Test"
          },
          {
            "id": "https://vicolinakvrecord.vault.azure.net/certificates/issuers/testissuer8236254484",
            "provider": "Test"
          },
          {
            "id": "https://vicolinakvrecord.vault.azure.net/certificates/issuers/testissuer89981fbba4",
            "provider": "Test"
          },
          {
            "id": "https://vicolinakvrecord.vault.azure.net/certificates/issuers/testissuer925642a3aa",
            "provider": "Test"
          },
          {
            "id": "https://vicolinakvrecord.vault.azure.net/certificates/issuers/testissuer99432a4da6",
            "provider": "Test"
          }
        ],
        "nextLink": null
      }
    }
  ],
  "Variables": {
    "0": "listcertissuer92810ffa",
    "1": "listcertissuer10837c94",
    "2": "listcertissuer96066122",
    "3": "listcertissuer92322150",
    "4": "listcertissuer33346d07",
    "5": "listcertissuer98167b68",
    "6": "listcertissuer92671b65",
    "7": "listcertissuer44496ec7",
    "8": "listcertissuer33397046",
    "9": "listcertissuer54584d09"
  }
}
