{
  "Entries": [
    {
      "RequestUri": "https://endpoint/language/analyze-text/jobs?api-version=2023-04-01",
      "RequestMethod": "POST",
      "RequestHeaders": {
        "Accept": "application/json",
        "Accept-Encoding": "gzip, deflate, br, zstd",
        "Connection": "keep-alive",
        "Content-Length": "222",
        "Content-Type": "application/json",
        "ocp-apim-subscription-key": "Sanitized",
        "Referer": "http://localhost:63315/",
        "sec-ch-ua": "\"Chromium\";v=\"134\", \"Not:A-Brand\";v=\"24\", \"HeadlessChrome\";v=\"134\"",
        "sec-ch-ua-mobile": "?0",
        "sec-ch-ua-platform": "\"Linux\"",
        "Sec-Fetch-Dest": "empty",
        "Sec-Fetch-Mode": "cors",
        "Sec-Fetch-Site": "same-site",
        "User-Agent": "Mozilla/5.0 (X11; Linux x86_64) AppleWebKit/537.36 (KHTML, like Gecko) HeadlessChrome/134.0.6998.35 Safari/537.36",
        "x-ms-client-request-id": "Sanitized",
        "x-ms-useragent": "azsdk-js-ai-language-text/1.1.0 core-rest-pipeline/1.19.2 Chromium/134 OS/x86-Linux-5.15.167"
      },
      "RequestBody": {
        "analysisInput": {
          "documents": [
            {
              "id": "0",
              "text": "\uD83D\uDC69\uD83C\uDFFB‍\uD83D\uDC69\uD83C\uDFFD‍\uD83D\uDC67\uD83C\uDFFE‍\uD83D\uDC66\uD83C\uDFFF SSN: 859-98-0987",
              "language": "en"
            }
          ]
        },
        "tasks": [
          {
            "kind": "PiiEntityRecognition",
            "parameters": {
              "stringIndexType": "UnicodeCodePoint"
            }
          }
        ]
      },
      "StatusCode": 202,
      "ResponseHeaders": {
        "apim-request-id": "eb563122-0e95-4f67-a5f4-da4a98c7cf61",
        "Content-Length": "0",
        "Date": "Tue, 25 Mar 2025 23:55:49 GMT",
        "operation-location": "https://endpointlanguage/analyze-text/jobs/9ca47d8e-2d2b-4927-8e80-9fb66b14d7ff?api-version=2023-04-01",
        "Strict-Transport-Security": "max-age=31536000; includeSubDomains; preload",
        "X-Content-Type-Options": "nosniff",
        "x-envoy-upstream-service-time": "84",
        "x-ms-region": "West US 2"
      },
      "ResponseBody": null
    },
    {
      "RequestUri": "https://endpointlanguage/analyze-text/jobs/9ca47d8e-2d2b-4927-8e80-9fb66b14d7ff?api-version=2023-04-01",
      "RequestMethod": "GET",
      "RequestHeaders": {
        "Accept": "application/json",
        "Accept-Encoding": "gzip, deflate, br, zstd",
        "Connection": "keep-alive",
        "ocp-apim-subscription-key": "Sanitized",
        "Referer": "http://localhost:63315/",
        "sec-ch-ua": "\"Chromium\";v=\"134\", \"Not:A-Brand\";v=\"24\", \"HeadlessChrome\";v=\"134\"",
        "sec-ch-ua-mobile": "?0",
        "sec-ch-ua-platform": "\"Linux\"",
        "Sec-Fetch-Dest": "empty",
        "Sec-Fetch-Mode": "cors",
        "Sec-Fetch-Site": "same-site",
        "User-Agent": "Mozilla/5.0 (X11; Linux x86_64) AppleWebKit/537.36 (KHTML, like Gecko) HeadlessChrome/134.0.6998.35 Safari/537.36",
        "x-ms-client-request-id": "Sanitized",
        "x-ms-useragent": "azsdk-js-ai-language-text/1.1.0 core-rest-pipeline/1.19.2 Chromium/134 OS/x86-Linux-5.15.167"
      },
      "RequestBody": null,
      "StatusCode": 200,
      "ResponseHeaders": {
        "apim-request-id": "ad06e292-8734-4fdf-9847-bc9af1d80130",
        "Content-Length": "283",
        "Content-Type": "application/json; charset=utf-8",
        "Date": "Tue, 25 Mar 2025 23:55:49 GMT",
        "Strict-Transport-Security": "max-age=31536000; includeSubDomains; preload",
        "X-Content-Type-Options": "nosniff",
        "x-envoy-upstream-service-time": "5",
        "x-ms-region": "West US 2"
      },
      "ResponseBody": {
        "jobId": "9ca47d8e-2d2b-4927-8e80-9fb66b14d7ff",
        "lastUpdatedDateTime": "2025-03-25T23:55:50Z",
        "createdDateTime": "2025-03-25T23:55:49Z",
        "expirationDateTime": "2025-03-26T23:55:49Z",
        "status": "notStarted",
        "errors": [],
        "tasks": {
          "completed": 0,
          "failed": 0,
          "inProgress": 1,
          "total": 1,
          "items": []
        }
      }
    },
    {
      "RequestUri": "https://endpointlanguage/analyze-text/jobs/9ca47d8e-2d2b-4927-8e80-9fb66b14d7ff?api-version=2023-04-01",
      "RequestMethod": "GET",
      "RequestHeaders": {
        "Accept": "application/json",
        "Accept-Encoding": "gzip, deflate, br, zstd",
        "Connection": "keep-alive",
        "ocp-apim-subscription-key": "Sanitized",
        "Referer": "http://localhost:63315/",
        "sec-ch-ua": "\"Chromium\";v=\"134\", \"Not:A-Brand\";v=\"24\", \"HeadlessChrome\";v=\"134\"",
        "sec-ch-ua-mobile": "?0",
        "sec-ch-ua-platform": "\"Linux\"",
        "Sec-Fetch-Dest": "empty",
        "Sec-Fetch-Mode": "cors",
        "Sec-Fetch-Site": "same-site",
        "User-Agent": "Mozilla/5.0 (X11; Linux x86_64) AppleWebKit/537.36 (KHTML, like Gecko) HeadlessChrome/134.0.6998.35 Safari/537.36",
        "x-ms-client-request-id": "Sanitized",
        "x-ms-useragent": "azsdk-js-ai-language-text/1.1.0 core-rest-pipeline/1.19.2 Chromium/134 OS/x86-Linux-5.15.167"
      },
      "RequestBody": null,
      "StatusCode": 200,
      "ResponseHeaders": {
        "apim-request-id": "1e0838c9-7348-4836-9895-07d93ae5ce37",
        "Content-Length": "283",
        "Content-Type": "application/json; charset=utf-8",
        "Date": "Tue, 25 Mar 2025 23:55:49 GMT",
        "Strict-Transport-Security": "max-age=31536000; includeSubDomains; preload",
        "X-Content-Type-Options": "nosniff",
        "x-envoy-upstream-service-time": "6",
        "x-ms-region": "West US 2"
      },
      "ResponseBody": {
        "jobId": "9ca47d8e-2d2b-4927-8e80-9fb66b14d7ff",
        "lastUpdatedDateTime": "2025-03-25T23:55:50Z",
        "createdDateTime": "2025-03-25T23:55:49Z",
        "expirationDateTime": "2025-03-26T23:55:49Z",
        "status": "notStarted",
        "errors": [],
        "tasks": {
          "completed": 0,
          "failed": 0,
          "inProgress": 1,
          "total": 1,
          "items": []
        }
      }
    },
    {
      "RequestUri": "https://endpointlanguage/analyze-text/jobs/9ca47d8e-2d2b-4927-8e80-9fb66b14d7ff?api-version=2023-04-01",
      "RequestMethod": "GET",
      "RequestHeaders": {
        "Accept": "application/json",
        "Accept-Encoding": "gzip, deflate, br, zstd",
        "Connection": "keep-alive",
        "ocp-apim-subscription-key": "Sanitized",
        "Referer": "http://localhost:63315/",
        "sec-ch-ua": "\"Chromium\";v=\"134\", \"Not:A-Brand\";v=\"24\", \"HeadlessChrome\";v=\"134\"",
        "sec-ch-ua-mobile": "?0",
        "sec-ch-ua-platform": "\"Linux\"",
        "Sec-Fetch-Dest": "empty",
        "Sec-Fetch-Mode": "cors",
        "Sec-Fetch-Site": "same-site",
        "User-Agent": "Mozilla/5.0 (X11; Linux x86_64) AppleWebKit/537.36 (KHTML, like Gecko) HeadlessChrome/134.0.6998.35 Safari/537.36",
        "x-ms-client-request-id": "Sanitized",
        "x-ms-useragent": "azsdk-js-ai-language-text/1.1.0 core-rest-pipeline/1.19.2 Chromium/134 OS/x86-Linux-5.15.167"
      },
      "RequestBody": null,
      "StatusCode": 200,
      "ResponseHeaders": {
        "apim-request-id": "00aa943c-ed6e-4b0b-83dd-d8eb02cb8256",
        "Content-Length": "280",
        "Content-Type": "application/json; charset=utf-8",
        "Date": "Tue, 25 Mar 2025 23:55:52 GMT",
        "Strict-Transport-Security": "max-age=31536000; includeSubDomains; preload",
        "X-Content-Type-Options": "nosniff",
        "x-envoy-upstream-service-time": "7",
        "x-ms-region": "West US 2"
      },
      "ResponseBody": {
        "jobId": "9ca47d8e-2d2b-4927-8e80-9fb66b14d7ff",
        "lastUpdatedDateTime": "2025-03-25T23:55:51Z",
        "createdDateTime": "2025-03-25T23:55:49Z",
        "expirationDateTime": "2025-03-26T23:55:49Z",
        "status": "running",
        "errors": [],
        "tasks": {
          "completed": 0,
          "failed": 0,
          "inProgress": 1,
          "total": 1,
          "items": []
        }
      }
    },
    {
      "RequestUri": "https://endpointlanguage/analyze-text/jobs/9ca47d8e-2d2b-4927-8e80-9fb66b14d7ff?api-version=2023-04-01",
      "RequestMethod": "GET",
      "RequestHeaders": {
        "Accept": "application/json",
        "Accept-Encoding": "gzip, deflate, br, zstd",
        "Connection": "keep-alive",
        "ocp-apim-subscription-key": "Sanitized",
        "Referer": "http://localhost:63315/",
        "sec-ch-ua": "\"Chromium\";v=\"134\", \"Not:A-Brand\";v=\"24\", \"HeadlessChrome\";v=\"134\"",
        "sec-ch-ua-mobile": "?0",
        "sec-ch-ua-platform": "\"Linux\"",
        "Sec-Fetch-Dest": "empty",
        "Sec-Fetch-Mode": "cors",
        "Sec-Fetch-Site": "same-site",
        "User-Agent": "Mozilla/5.0 (X11; Linux x86_64) AppleWebKit/537.36 (KHTML, like Gecko) HeadlessChrome/134.0.6998.35 Safari/537.36",
        "x-ms-client-request-id": "Sanitized",
        "x-ms-useragent": "azsdk-js-ai-language-text/1.1.0 core-rest-pipeline/1.19.2 Chromium/134 OS/x86-Linux-5.15.167"
      },
      "RequestBody": null,
      "StatusCode": 200,
      "ResponseHeaders": {
        "apim-request-id": "5aa7d798-19e9-44e0-a953-f0f77a03c50a",
        "Content-Length": "682",
        "Content-Type": "application/json; charset=utf-8",
        "Date": "Tue, 25 Mar 2025 23:55:54 GMT",
        "Strict-Transport-Security": "max-age=31536000; includeSubDomains; preload",
        "X-Content-Type-Options": "nosniff",
        "x-envoy-upstream-service-time": "29",
        "x-ms-region": "West US 2"
      },
      "ResponseBody": {
        "jobId": "9ca47d8e-2d2b-4927-8e80-9fb66b14d7ff",
        "lastUpdatedDateTime": "2025-03-25T23:55:53Z",
        "createdDateTime": "2025-03-25T23:55:49Z",
        "expirationDateTime": "2025-03-26T23:55:49Z",
        "status": "succeeded",
        "errors": [],
        "tasks": {
          "completed": 1,
          "failed": 0,
          "inProgress": 0,
          "total": 1,
          "items": [
            {
              "kind": "PiiEntityRecognitionLROResults",
              "lastUpdateDateTime": "2025-03-25T23:55:53.6588414Z",
              "status": "succeeded",
              "results": {
                "documents": [
                  {
                    "redactedText": "\uD83D\uDC69\uD83C\uDFFB‍\uD83D\uDC69\uD83C\uDFFD‍\uD83D\uDC67\uD83C\uDFFE‍\uD83D\uDC66\uD83C\uDFFF SSN: ***********",
                    "id": "0",
                    "entities": [
                      {
                        "text": "859-98-0987",
                        "category": "USSocialSecurityNumber",
                        "offset": 17,
                        "length": 11,
                        "confidenceScore": 0.85
                      }
                    ],
                    "warnings": []
                  }
                ],
                "errors": [],
                "modelVersion": "2025-02-01"
              }
            }
          ]
        }
      }
    },
    {
      "RequestUri": "https://endpointlanguage/analyze-text/jobs/9ca47d8e-2d2b-4927-8e80-9fb66b14d7ff?api-version=2023-04-01",
      "RequestMethod": "GET",
      "RequestHeaders": {
        "Accept": "application/json",
        "Accept-Encoding": "gzip, deflate, br, zstd",
        "Connection": "keep-alive",
        "ocp-apim-subscription-key": "Sanitized",
        "Referer": "http://localhost:63315/",
        "sec-ch-ua": "\"Chromium\";v=\"134\", \"Not:A-Brand\";v=\"24\", \"HeadlessChrome\";v=\"134\"",
        "sec-ch-ua-mobile": "?0",
        "sec-ch-ua-platform": "\"Linux\"",
        "Sec-Fetch-Dest": "empty",
        "Sec-Fetch-Mode": "cors",
        "Sec-Fetch-Site": "same-site",
        "User-Agent": "Mozilla/5.0 (X11; Linux x86_64) AppleWebKit/537.36 (KHTML, like Gecko) HeadlessChrome/134.0.6998.35 Safari/537.36",
        "x-ms-client-request-id": "Sanitized",
        "x-ms-useragent": "azsdk-js-ai-language-text/1.1.0 core-rest-pipeline/1.19.2 Chromium/134 OS/x86-Linux-5.15.167"
      },
      "RequestBody": null,
      "StatusCode": 200,
      "ResponseHeaders": {
        "apim-request-id": "981ec8a7-416e-4210-96f8-a68074b62967",
        "Content-Length": "682",
        "Content-Type": "application/json; charset=utf-8",
        "Date": "Tue, 25 Mar 2025 23:55:54 GMT",
        "Strict-Transport-Security": "max-age=31536000; includeSubDomains; preload",
        "X-Content-Type-Options": "nosniff",
        "x-envoy-upstream-service-time": "17",
        "x-ms-region": "West US 2"
      },
      "ResponseBody": {
        "jobId": "9ca47d8e-2d2b-4927-8e80-9fb66b14d7ff",
        "lastUpdatedDateTime": "2025-03-25T23:55:53Z",
        "createdDateTime": "2025-03-25T23:55:49Z",
        "expirationDateTime": "2025-03-26T23:55:49Z",
        "status": "succeeded",
        "errors": [],
        "tasks": {
          "completed": 1,
          "failed": 0,
          "inProgress": 0,
          "total": 1,
          "items": [
            {
              "kind": "PiiEntityRecognitionLROResults",
              "lastUpdateDateTime": "2025-03-25T23:55:53.6588414Z",
              "status": "succeeded",
              "results": {
                "documents": [
                  {
                    "redactedText": "\uD83D\uDC69\uD83C\uDFFB‍\uD83D\uDC69\uD83C\uDFFD‍\uD83D\uDC67\uD83C\uDFFE‍\uD83D\uDC66\uD83C\uDFFF SSN: ***********",
                    "id": "0",
                    "entities": [
                      {
                        "text": "859-98-0987",
                        "category": "USSocialSecurityNumber",
                        "offset": 17,
                        "length": 11,
                        "confidenceScore": 0.85
                      }
                    ],
                    "warnings": []
                  }
                ],
                "errors": [],
                "modelVersion": "2025-02-01"
              }
            }
          ]
        }
      }
    }
  ],
  "Variables": {}
}
