{
  "Entries": [
    {
      "RequestUri": "https://login.microsoftonline.com/00000000-0000-0000-0000-000000000000/v2.0/.well-known/openid-configuration",
      "RequestMethod": "GET",
      "RequestHeaders": {
        "Accept": "*/*",
        "Accept-Encoding": "gzip, deflate",
        "Connection": "keep-alive",
        "User-Agent": "azsdk-python-identity/1.13.0b3 Python/3.10.6 (Linux-5.15.79.1-microsoft-standard-WSL2-x86_64-with-glibc2.31)"
      },
      "RequestBody": null,
      "StatusCode": 200,
      "ResponseHeaders": {
        "Access-Control-Allow-Methods": "GET, OPTIONS",
        "Access-Control-Allow-Origin": "*",
        "Cache-Control": "max-age=86400, private",
        "Content-Length": "1753",
        "Content-Type": "application/json; charset=utf-8",
        "Date": "Mon, 13 Feb 2023 23:25:36 GMT",
        "P3P": "CP=\u0022DSP CUR OTPi IND OTRi ONL FIN\u0022",
        "Set-Cookie": "[set-cookie;]",
        "Strict-Transport-Security": "max-age=31536000; includeSubDomains",
        "X-Content-Type-Options": "nosniff",
        "x-ms-ests-server": "2.1.14601.9 - EUS ProdSlices",
        "X-XSS-Protection": "0"
      },
      "ResponseBody": {
        "token_endpoint": "https://login.microsoftonline.com/00000000-0000-0000-0000-000000000000/oauth2/v2.0/token",
        "token_endpoint_auth_methods_supported": [
          "client_secret_post",
          "private_key_jwt",
          "client_secret_basic"
        ],
        "jwks_uri": "https://login.microsoftonline.com/00000000-0000-0000-0000-000000000000/discovery/v2.0/keys",
        "response_modes_supported": [
          "query",
          "fragment",
          "form_post"
        ],
        "subject_types_supported": [
          "pairwise"
        ],
        "id_token_signing_alg_values_supported": [
          "RS256"
        ],
        "response_types_supported": [
          "code",
          "id_token",
          "code id_token",
          "id_token token"
        ],
        "scopes_supported": [
          "openid",
          "profile",
          "email",
          "offline_access"
        ],
        "issuer": "https://login.microsoftonline.com/00000000-0000-0000-0000-000000000000/v2.0",
        "request_uri_parameter_supported": false,
        "userinfo_endpoint": "https://graph.microsoft.com/oidc/userinfo",
        "authorization_endpoint": "https://login.microsoftonline.com/00000000-0000-0000-0000-000000000000/oauth2/v2.0/authorize",
        "device_authorization_endpoint": "https://login.microsoftonline.com/00000000-0000-0000-0000-000000000000/oauth2/v2.0/devicecode",
        "http_logout_supported": true,
        "frontchannel_logout_supported": true,
        "end_session_endpoint": "https://login.microsoftonline.com/00000000-0000-0000-0000-000000000000/oauth2/v2.0/logout",
        "claims_supported": [
          "sub",
          "iss",
          "cloud_instance_name",
          "cloud_instance_host_name",
          "cloud_graph_host_name",
          "msgraph_host",
          "aud",
          "exp",
          "iat",
          "auth_time",
          "acr",
          "nonce",
          "preferred_username",
          "name",
          "tid",
          "ver",
          "at_hash",
          "c_hash",
          "email"
        ],
        "kerberos_endpoint": "https://login.microsoftonline.com/00000000-0000-0000-0000-000000000000/kerberos",
        "tenant_region_scope": "WW",
        "cloud_instance_name": "microsoftonline.com",
        "cloud_graph_host_name": "graph.windows.net",
        "msgraph_host": "graph.microsoft.com",
        "rbac_url": "https://pas.windows.net"
      }
    },
    {
      "RequestUri": "https://login.microsoftonline.com/common/discovery/instance?api-version=1.1\u0026authorization_endpoint=https://login.microsoftonline.com/common/oauth2/authorize",
      "RequestMethod": "GET",
      "RequestHeaders": {
        "Accept": "application/json",
        "Accept-Encoding": "gzip, deflate",
        "Connection": "keep-alive",
        "User-Agent": "azsdk-python-identity/1.13.0b3 Python/3.10.6 (Linux-5.15.79.1-microsoft-standard-WSL2-x86_64-with-glibc2.31)"
      },
      "RequestBody": null,
      "StatusCode": 200,
      "ResponseHeaders": {
        "Access-Control-Allow-Methods": "GET, OPTIONS",
        "Access-Control-Allow-Origin": "*",
        "Cache-Control": "max-age=86400, private",
        "Content-Length": "945",
        "Content-Type": "application/json; charset=utf-8",
        "Date": "Mon, 13 Feb 2023 23:25:36 GMT",
        "P3P": "CP=\u0022DSP CUR OTPi IND OTRi ONL FIN\u0022",
        "Set-Cookie": "[set-cookie;]",
        "Strict-Transport-Security": "max-age=31536000; includeSubDomains",
        "X-Content-Type-Options": "nosniff",
        "x-ms-ests-server": "2.1.14526.6 - NCUS ProdSlices",
        "X-XSS-Protection": "0"
      },
      "ResponseBody": {
        "tenant_discovery_endpoint": "https://login.microsoftonline.com/common/.well-known/openid-configuration",
        "api-version": "1.1",
        "metadata": [
          {
            "preferred_network": "login.microsoftonline.com",
            "preferred_cache": "login.windows.net",
            "aliases": [
              "login.microsoftonline.com",
              "login.windows.net",
              "login.microsoft.com",
              "sts.windows.net"
            ]
          },
          {
            "preferred_network": "login.partner.microsoftonline.cn",
            "preferred_cache": "login.partner.microsoftonline.cn",
            "aliases": [
              "login.partner.microsoftonline.cn",
              "login.chinacloudapi.cn"
            ]
          },
          {
            "preferred_network": "login.microsoftonline.de",
            "preferred_cache": "login.microsoftonline.de",
            "aliases": [
              "login.microsoftonline.de"
            ]
          },
          {
            "preferred_network": "login.microsoftonline.us",
            "preferred_cache": "login.microsoftonline.us",
            "aliases": [
              "login.microsoftonline.us",
              "login.usgovcloudapi.net"
            ]
          },
          {
            "preferred_network": "login-us.microsoftonline.com",
            "preferred_cache": "login-us.microsoftonline.com",
            "aliases": [
              "login-us.microsoftonline.com"
            ]
          }
        ]
      }
    },
    {
      "RequestUri": "https://login.microsoftonline.com/00000000-0000-0000-0000-000000000000/oauth2/v2.0/token",
      "RequestMethod": "POST",
      "RequestHeaders": {
        "Accept": "application/json",
        "Accept-Encoding": "gzip, deflate",
        "client-request-id": "a87ea2e6-d8ad-439a-8db5-ceff377c1784",
        "Connection": "keep-alive",
        "Content-Length": "288",
        "Content-Type": "application/x-www-form-urlencoded",
        "User-Agent": "azsdk-python-identity/1.13.0b3 Python/3.10.6 (Linux-5.15.79.1-microsoft-standard-WSL2-x86_64-with-glibc2.31)",
        "x-client-cpu": "x64",
        "x-client-current-telemetry": "4|730,0|",
        "x-client-last-telemetry": "4|0|||",
        "x-client-os": "linux",
        "x-client-sku": "MSAL.Python",
        "x-client-ver": "1.21.0",
        "x-ms-lib-capability": "retry-after, h429"
      },
      "RequestBody": "client_id=00000000-0000-0000-0000-000000000000\u0026grant_type=client_credentials\u0026client_info=1\u0026client_secret=00000000-0000-0000-0000-000000000000\u0026claims=%7B%22access_token%22%3A\u002B%7B%22xms_cc%22%3A\u002B%7B%22values%22%3A\u002B%5B%22CP1%22%5D%7D%7D%7D\u0026scope=https%3A%2F%2Fmanagement.azure.com%2F.default",
      "StatusCode": 200,
      "ResponseHeaders": {
        "Cache-Control": "no-store, no-cache",
        "client-request-id": "a87ea2e6-d8ad-439a-8db5-ceff377c1784",
        "Content-Length": "111",
        "Content-Type": "application/json; charset=utf-8",
        "Date": "Mon, 13 Feb 2023 23:25:37 GMT",
        "Expires": "-1",
        "P3P": "CP=\u0022DSP CUR OTPi IND OTRi ONL FIN\u0022",
        "Pragma": "no-cache",
        "Set-Cookie": "[set-cookie;]",
        "Strict-Transport-Security": "max-age=31536000; includeSubDomains",
        "X-Content-Type-Options": "nosniff",
        "x-ms-clitelem": "1,0,0,,",
        "x-ms-ests-server": "2.1.14601.9 - SCUS ProdSlices",
        "X-XSS-Protection": "0"
      },
      "ResponseBody": {
        "token_type": "Bearer",
        "expires_in": 86399,
        "ext_expires_in": 86399,
        "refresh_in": 43199,
        "access_token": "Sanitized"
      }
    },
    {
      "RequestUri": "https://management.azure.com/subscriptions/fake-subscription/resourceGroups/fake-resource/providers/Microsoft.Insights/metrics?timespan=PT86400.0S\u0026interval=PT5M\u0026metricnames=requests%2Fcount\u0026aggregation=Count\u0026api-version=2018-01-01",
      "RequestMethod": "GET",
      "RequestHeaders": {
        "Accept": "application/json",
        "Accept-Encoding": "gzip, deflate",
        "Connection": "keep-alive",
        "User-Agent": "azsdk-python-monitormetricsclient/unknown Python/3.10.6 (Linux-5.15.79.1-microsoft-standard-WSL2-x86_64-with-glibc2.31)"
      },
      "RequestBody": null,
      "StatusCode": 200,
      "ResponseHeaders": {
        "Access-Control-Allow-Origin": "*",
        "Cache-Control": "no-cache",
        "Content-Encoding": "gzip",
        "Content-Type": "application/json; charset=utf-8",
        "Date": "Mon, 13 Feb 2023 23:25:36 GMT",
        "Expires": "-1",
        "Pragma": "no-cache",
        "Request-Context": "appId=cid-v1:b021da79-5252-4375-9df5-2e17c1dcd822",
        "Strict-Transport-Security": "max-age=31536000; includeSubDomains",
        "Transfer-Encoding": "chunked",
        "Vary": "Accept-Encoding",
        "X-Content-Type-Options": "nosniff",
        "x-ms-correlation-request-id": "4dac5e85-0116-4a61-a604-3f8ef30010ff",
        "x-ms-ratelimit-remaining-subscription-reads": "11996",
        "x-ms-routing-request-id": "WESTUS3:20230213T232537Z:4dac5e85-0116-4a61-a604-3f8ef30010ff"
      },
      "ResponseBody": {
        "cost": 1439,
        "timespan": "2023-02-12T23:24:37Z/2023-02-13T23:24:37Z",
        "interval": "PT5M",
        "value": [
          {
            "id": "/subscriptions/fake-subscription/resourceGroups/fake-resource/providers/Microsoft.Insights/metrics/requests/count",
            "type": "Microsoft.Insights/metrics",
            "name": {
              "value": "requests/count",
              "localizedValue": "Server requests"
            },
            "displayDescription": "Count of HTTP requests completed.",
            "unit": "Count",
            "timeseries": [
              {
                "metadatavalues": [],
                "data": [
                  {
                    "timeStamp": "2023-02-12T23:24:00Z",
                    "count": 0
                  },
                  {
                    "timeStamp": "2023-02-12T23:29:00Z",
                    "count": 0
                  },
                  {
                    "timeStamp": "2023-02-12T23:34:00Z",
                    "count": 0
                  },
                  {
                    "timeStamp": "2023-02-12T23:39:00Z",
                    "count": 0
                  },
                  {
                    "timeStamp": "2023-02-12T23:44:00Z",
                    "count": 0
                  },
                  {
                    "timeStamp": "2023-02-12T23:49:00Z",
                    "count": 0
                  },
                  {
                    "timeStamp": "2023-02-12T23:54:00Z",
                    "count": 0
                  },
                  {
                    "timeStamp": "2023-02-12T23:59:00Z",
                    "count": 0
                  },
                  {
                    "timeStamp": "2023-02-13T00:04:00Z",
                    "count": 0
                  },
                  {
                    "timeStamp": "2023-02-13T00:09:00Z",
                    "count": 0
                  },
                  {
                    "timeStamp": "2023-02-13T00:14:00Z",
                    "count": 0
                  },
                  {
                    "timeStamp": "2023-02-13T00:19:00Z",
                    "count": 0
                  },
                  {
                    "timeStamp": "2023-02-13T00:24:00Z",
                    "count": 0
                  },
                  {
                    "timeStamp": "2023-02-13T00:29:00Z",
                    "count": 0
                  },
                  {
                    "timeStamp": "2023-02-13T00:34:00Z",
                    "count": 0
                  },
                  {
                    "timeStamp": "2023-02-13T00:39:00Z",
                    "count": 0
                  },
                  {
                    "timeStamp": "2023-02-13T00:44:00Z",
                    "count": 0
                  },
                  {
                    "timeStamp": "2023-02-13T00:49:00Z",
                    "count": 0
                  },
                  {
                    "timeStamp": "2023-02-13T00:54:00Z",
                    "count": 0
                  },
                  {
                    "timeStamp": "2023-02-13T00:59:00Z",
                    "count": 0
                  },
                  {
                    "timeStamp": "2023-02-13T01:04:00Z",
                    "count": 0
                  },
                  {
                    "timeStamp": "2023-02-13T01:09:00Z",
                    "count": 0
                  },
                  {
                    "timeStamp": "2023-02-13T01:14:00Z",
                    "count": 0
                  },
                  {
                    "timeStamp": "2023-02-13T01:19:00Z",
                    "count": 0
                  },
                  {
                    "timeStamp": "2023-02-13T01:24:00Z",
                    "count": 0
                  },
                  {
                    "timeStamp": "2023-02-13T01:29:00Z",
                    "count": 0
                  },
                  {
                    "timeStamp": "2023-02-13T01:34:00Z",
                    "count": 0
                  },
                  {
                    "timeStamp": "2023-02-13T01:39:00Z",
                    "count": 0
                  },
                  {
                    "timeStamp": "2023-02-13T01:44:00Z",
                    "count": 0
                  },
                  {
                    "timeStamp": "2023-02-13T01:49:00Z",
                    "count": 0
                  },
                  {
                    "timeStamp": "2023-02-13T01:54:00Z",
                    "count": 0
                  },
                  {
                    "timeStamp": "2023-02-13T01:59:00Z",
                    "count": 0
                  },
                  {
                    "timeStamp": "2023-02-13T02:04:00Z",
                    "count": 0
                  },
                  {
                    "timeStamp": "2023-02-13T02:09:00Z",
                    "count": 0
                  },
                  {
                    "timeStamp": "2023-02-13T02:14:00Z",
                    "count": 0
                  },
                  {
                    "timeStamp": "2023-02-13T02:19:00Z",
                    "count": 0
                  },
                  {
                    "timeStamp": "2023-02-13T02:24:00Z",
                    "count": 0
                  },
                  {
                    "timeStamp": "2023-02-13T02:29:00Z",
                    "count": 0
                  },
                  {
                    "timeStamp": "2023-02-13T02:34:00Z",
                    "count": 0
                  },
                  {
                    "timeStamp": "2023-02-13T02:39:00Z",
                    "count": 0
                  },
                  {
                    "timeStamp": "2023-02-13T02:44:00Z",
                    "count": 0
                  },
                  {
                    "timeStamp": "2023-02-13T02:49:00Z",
                    "count": 0
                  },
                  {
                    "timeStamp": "2023-02-13T02:54:00Z",
                    "count": 0
                  },
                  {
                    "timeStamp": "2023-02-13T02:59:00Z",
                    "count": 0
                  },
                  {
                    "timeStamp": "2023-02-13T03:04:00Z",
                    "count": 0
                  },
                  {
                    "timeStamp": "2023-02-13T03:09:00Z",
                    "count": 0
                  },
                  {
                    "timeStamp": "2023-02-13T03:14:00Z",
                    "count": 0
                  },
                  {
                    "timeStamp": "2023-02-13T03:19:00Z",
                    "count": 0
                  },
                  {
                    "timeStamp": "2023-02-13T03:24:00Z",
                    "count": 0
                  },
                  {
                    "timeStamp": "2023-02-13T03:29:00Z",
                    "count": 0
                  },
                  {
                    "timeStamp": "2023-02-13T03:34:00Z",
                    "count": 0
                  },
                  {
                    "timeStamp": "2023-02-13T03:39:00Z",
                    "count": 0
                  },
                  {
                    "timeStamp": "2023-02-13T03:44:00Z",
                    "count": 0
                  },
                  {
                    "timeStamp": "2023-02-13T03:49:00Z",
                    "count": 0
                  },
                  {
                    "timeStamp": "2023-02-13T03:54:00Z",
                    "count": 0
                  },
                  {
                    "timeStamp": "2023-02-13T03:59:00Z",
                    "count": 0
                  },
                  {
                    "timeStamp": "2023-02-13T04:04:00Z",
                    "count": 0
                  },
                  {
                    "timeStamp": "2023-02-13T04:09:00Z",
                    "count": 0
                  },
                  {
                    "timeStamp": "2023-02-13T04:14:00Z",
                    "count": 0
                  },
                  {
                    "timeStamp": "2023-02-13T04:19:00Z",
                    "count": 0
                  },
                  {
                    "timeStamp": "2023-02-13T04:24:00Z",
                    "count": 0
                  },
                  {
                    "timeStamp": "2023-02-13T04:29:00Z",
                    "count": 0
                  },
                  {
                    "timeStamp": "2023-02-13T04:34:00Z",
                    "count": 0
                  },
                  {
                    "timeStamp": "2023-02-13T04:39:00Z",
                    "count": 0
                  },
                  {
                    "timeStamp": "2023-02-13T04:44:00Z",
                    "count": 0
                  },
                  {
                    "timeStamp": "2023-02-13T04:49:00Z",
                    "count": 0
                  },
                  {
                    "timeStamp": "2023-02-13T04:54:00Z",
                    "count": 0
                  },
                  {
                    "timeStamp": "2023-02-13T04:59:00Z",
                    "count": 0
                  },
                  {
                    "timeStamp": "2023-02-13T05:04:00Z",
                    "count": 0
                  },
                  {
                    "timeStamp": "2023-02-13T05:09:00Z",
                    "count": 0
                  },
                  {
                    "timeStamp": "2023-02-13T05:14:00Z",
                    "count": 0
                  },
                  {
                    "timeStamp": "2023-02-13T05:19:00Z",
                    "count": 0
                  },
                  {
                    "timeStamp": "2023-02-13T05:24:00Z",
                    "count": 0
                  },
                  {
                    "timeStamp": "2023-02-13T05:29:00Z",
                    "count": 0
                  },
                  {
                    "timeStamp": "2023-02-13T05:34:00Z",
                    "count": 0
                  },
                  {
                    "timeStamp": "2023-02-13T05:39:00Z",
                    "count": 0
                  },
                  {
                    "timeStamp": "2023-02-13T05:44:00Z",
                    "count": 0
                  },
                  {
                    "timeStamp": "2023-02-13T05:49:00Z",
                    "count": 0
                  },
                  {
                    "timeStamp": "2023-02-13T05:54:00Z",
                    "count": 0
                  },
                  {
                    "timeStamp": "2023-02-13T05:59:00Z",
                    "count": 0
                  },
                  {
                    "timeStamp": "2023-02-13T06:04:00Z",
                    "count": 0
                  },
                  {
                    "timeStamp": "2023-02-13T06:09:00Z",
                    "count": 0
                  },
                  {
                    "timeStamp": "2023-02-13T06:14:00Z",
                    "count": 0
                  },
                  {
                    "timeStamp": "2023-02-13T06:19:00Z",
                    "count": 0
                  },
                  {
                    "timeStamp": "2023-02-13T06:24:00Z",
                    "count": 0
                  },
                  {
                    "timeStamp": "2023-02-13T06:29:00Z",
                    "count": 0
                  },
                  {
                    "timeStamp": "2023-02-13T06:34:00Z",
                    "count": 0
                  },
                  {
                    "timeStamp": "2023-02-13T06:39:00Z",
                    "count": 0
                  },
                  {
                    "timeStamp": "2023-02-13T06:44:00Z",
                    "count": 0
                  },
                  {
                    "timeStamp": "2023-02-13T06:49:00Z",
                    "count": 0
                  },
                  {
                    "timeStamp": "2023-02-13T06:54:00Z",
                    "count": 0
                  },
                  {
                    "timeStamp": "2023-02-13T06:59:00Z",
                    "count": 0
                  },
                  {
                    "timeStamp": "2023-02-13T07:04:00Z",
                    "count": 0
                  },
                  {
                    "timeStamp": "2023-02-13T07:09:00Z",
                    "count": 0
                  },
                  {
                    "timeStamp": "2023-02-13T07:14:00Z",
                    "count": 0
                  },
                  {
                    "timeStamp": "2023-02-13T07:19:00Z",
                    "count": 0
                  },
                  {
                    "timeStamp": "2023-02-13T07:24:00Z",
                    "count": 0
                  },
                  {
                    "timeStamp": "2023-02-13T07:29:00Z",
                    "count": 0
                  },
                  {
                    "timeStamp": "2023-02-13T07:34:00Z",
                    "count": 0
                  },
                  {
                    "timeStamp": "2023-02-13T07:39:00Z",
                    "count": 0
                  },
                  {
                    "timeStamp": "2023-02-13T07:44:00Z",
                    "count": 0
                  },
                  {
                    "timeStamp": "2023-02-13T07:49:00Z",
                    "count": 0
                  },
                  {
                    "timeStamp": "2023-02-13T07:54:00Z",
                    "count": 0
                  },
                  {
                    "timeStamp": "2023-02-13T07:59:00Z",
                    "count": 0
                  },
                  {
                    "timeStamp": "2023-02-13T08:04:00Z",
                    "count": 0
                  },
                  {
                    "timeStamp": "2023-02-13T08:09:00Z",
                    "count": 0
                  },
                  {
                    "timeStamp": "2023-02-13T08:14:00Z",
                    "count": 0
                  },
                  {
                    "timeStamp": "2023-02-13T08:19:00Z",
                    "count": 0
                  },
                  {
                    "timeStamp": "2023-02-13T08:24:00Z",
                    "count": 0
                  },
                  {
                    "timeStamp": "2023-02-13T08:29:00Z",
                    "count": 0
                  },
                  {
                    "timeStamp": "2023-02-13T08:34:00Z",
                    "count": 0
                  },
                  {
                    "timeStamp": "2023-02-13T08:39:00Z",
                    "count": 0
                  },
                  {
                    "timeStamp": "2023-02-13T08:44:00Z",
                    "count": 0
                  },
                  {
                    "timeStamp": "2023-02-13T08:49:00Z",
                    "count": 0
                  },
                  {
                    "timeStamp": "2023-02-13T08:54:00Z",
                    "count": 0
                  },
                  {
                    "timeStamp": "2023-02-13T08:59:00Z",
                    "count": 0
                  },
                  {
                    "timeStamp": "2023-02-13T09:04:00Z",
                    "count": 0
                  },
                  {
                    "timeStamp": "2023-02-13T09:09:00Z",
                    "count": 0
                  },
                  {
                    "timeStamp": "2023-02-13T09:14:00Z",
                    "count": 0
                  },
                  {
                    "timeStamp": "2023-02-13T09:19:00Z",
                    "count": 0
                  },
                  {
                    "timeStamp": "2023-02-13T09:24:00Z",
                    "count": 0
                  },
                  {
                    "timeStamp": "2023-02-13T09:29:00Z",
                    "count": 0
                  },
                  {
                    "timeStamp": "2023-02-13T09:34:00Z",
                    "count": 0
                  },
                  {
                    "timeStamp": "2023-02-13T09:39:00Z",
                    "count": 0
                  },
                  {
                    "timeStamp": "2023-02-13T09:44:00Z",
                    "count": 0
                  },
                  {
                    "timeStamp": "2023-02-13T09:49:00Z",
                    "count": 0
                  },
                  {
                    "timeStamp": "2023-02-13T09:54:00Z",
                    "count": 0
                  },
                  {
                    "timeStamp": "2023-02-13T09:59:00Z",
                    "count": 0
                  },
                  {
                    "timeStamp": "2023-02-13T10:04:00Z",
                    "count": 0
                  },
                  {
                    "timeStamp": "2023-02-13T10:09:00Z",
                    "count": 0
                  },
                  {
                    "timeStamp": "2023-02-13T10:14:00Z",
                    "count": 0
                  },
                  {
                    "timeStamp": "2023-02-13T10:19:00Z",
                    "count": 0
                  },
                  {
                    "timeStamp": "2023-02-13T10:24:00Z",
                    "count": 0
                  },
                  {
                    "timeStamp": "2023-02-13T10:29:00Z",
                    "count": 0
                  },
                  {
                    "timeStamp": "2023-02-13T10:34:00Z",
                    "count": 0
                  },
                  {
                    "timeStamp": "2023-02-13T10:39:00Z",
                    "count": 0
                  },
                  {
                    "timeStamp": "2023-02-13T10:44:00Z",
                    "count": 0
                  },
                  {
                    "timeStamp": "2023-02-13T10:49:00Z",
                    "count": 0
                  },
                  {
                    "timeStamp": "2023-02-13T10:54:00Z",
                    "count": 0
                  },
                  {
                    "timeStamp": "2023-02-13T10:59:00Z",
                    "count": 0
                  },
                  {
                    "timeStamp": "2023-02-13T11:04:00Z",
                    "count": 0
                  },
                  {
                    "timeStamp": "2023-02-13T11:09:00Z",
                    "count": 0
                  },
                  {
                    "timeStamp": "2023-02-13T11:14:00Z",
                    "count": 0
                  },
                  {
                    "timeStamp": "2023-02-13T11:19:00Z",
                    "count": 0
                  },
                  {
                    "timeStamp": "2023-02-13T11:24:00Z",
                    "count": 0
                  },
                  {
                    "timeStamp": "2023-02-13T11:29:00Z",
                    "count": 0
                  },
                  {
                    "timeStamp": "2023-02-13T11:34:00Z",
                    "count": 0
                  },
                  {
                    "timeStamp": "2023-02-13T11:39:00Z",
                    "count": 0
                  },
                  {
                    "timeStamp": "2023-02-13T11:44:00Z",
                    "count": 0
                  },
                  {
                    "timeStamp": "2023-02-13T11:49:00Z",
                    "count": 0
                  },
                  {
                    "timeStamp": "2023-02-13T11:54:00Z",
                    "count": 0
                  },
                  {
                    "timeStamp": "2023-02-13T11:59:00Z",
                    "count": 0
                  },
                  {
                    "timeStamp": "2023-02-13T12:04:00Z",
                    "count": 0
                  },
                  {
                    "timeStamp": "2023-02-13T12:09:00Z",
                    "count": 0
                  },
                  {
                    "timeStamp": "2023-02-13T12:14:00Z",
                    "count": 0
                  },
                  {
                    "timeStamp": "2023-02-13T12:19:00Z",
                    "count": 0
                  },
                  {
                    "timeStamp": "2023-02-13T12:24:00Z",
                    "count": 0
                  },
                  {
                    "timeStamp": "2023-02-13T12:29:00Z",
                    "count": 0
                  },
                  {
                    "timeStamp": "2023-02-13T12:34:00Z",
                    "count": 0
                  },
                  {
                    "timeStamp": "2023-02-13T12:39:00Z",
                    "count": 0
                  },
                  {
                    "timeStamp": "2023-02-13T12:44:00Z",
                    "count": 0
                  },
                  {
                    "timeStamp": "2023-02-13T12:49:00Z",
                    "count": 0
                  },
                  {
                    "timeStamp": "2023-02-13T12:54:00Z",
                    "count": 0
                  },
                  {
                    "timeStamp": "2023-02-13T12:59:00Z",
                    "count": 0
                  },
                  {
                    "timeStamp": "2023-02-13T13:04:00Z",
                    "count": 0
                  },
                  {
                    "timeStamp": "2023-02-13T13:09:00Z",
                    "count": 0
                  },
                  {
                    "timeStamp": "2023-02-13T13:14:00Z",
                    "count": 0
                  },
                  {
                    "timeStamp": "2023-02-13T13:19:00Z",
                    "count": 0
                  },
                  {
                    "timeStamp": "2023-02-13T13:24:00Z",
                    "count": 0
                  },
                  {
                    "timeStamp": "2023-02-13T13:29:00Z",
                    "count": 0
                  },
                  {
                    "timeStamp": "2023-02-13T13:34:00Z",
                    "count": 0
                  },
                  {
                    "timeStamp": "2023-02-13T13:39:00Z",
                    "count": 0
                  },
                  {
                    "timeStamp": "2023-02-13T13:44:00Z",
                    "count": 0
                  },
                  {
                    "timeStamp": "2023-02-13T13:49:00Z",
                    "count": 0
                  },
                  {
                    "timeStamp": "2023-02-13T13:54:00Z",
                    "count": 0
                  },
                  {
                    "timeStamp": "2023-02-13T13:59:00Z",
                    "count": 0
                  },
                  {
                    "timeStamp": "2023-02-13T14:04:00Z",
                    "count": 0
                  },
                  {
                    "timeStamp": "2023-02-13T14:09:00Z",
                    "count": 0
                  },
                  {
                    "timeStamp": "2023-02-13T14:14:00Z",
                    "count": 0
                  },
                  {
                    "timeStamp": "2023-02-13T14:19:00Z",
                    "count": 0
                  },
                  {
                    "timeStamp": "2023-02-13T14:24:00Z",
                    "count": 0
                  },
                  {
                    "timeStamp": "2023-02-13T14:29:00Z",
                    "count": 0
                  },
                  {
                    "timeStamp": "2023-02-13T14:34:00Z",
                    "count": 0
                  },
                  {
                    "timeStamp": "2023-02-13T14:39:00Z",
                    "count": 0
                  },
                  {
                    "timeStamp": "2023-02-13T14:44:00Z",
                    "count": 0
                  },
                  {
                    "timeStamp": "2023-02-13T14:49:00Z",
                    "count": 0
                  },
                  {
                    "timeStamp": "2023-02-13T14:54:00Z",
                    "count": 0
                  },
                  {
                    "timeStamp": "2023-02-13T14:59:00Z",
                    "count": 0
                  },
                  {
                    "timeStamp": "2023-02-13T15:04:00Z",
                    "count": 0
                  },
                  {
                    "timeStamp": "2023-02-13T15:09:00Z",
                    "count": 0
                  },
                  {
                    "timeStamp": "2023-02-13T15:14:00Z",
                    "count": 0
                  },
                  {
                    "timeStamp": "2023-02-13T15:19:00Z",
                    "count": 0
                  },
                  {
                    "timeStamp": "2023-02-13T15:24:00Z",
                    "count": 0
                  },
                  {
                    "timeStamp": "2023-02-13T15:29:00Z",
                    "count": 0
                  },
                  {
                    "timeStamp": "2023-02-13T15:34:00Z",
                    "count": 0
                  },
                  {
                    "timeStamp": "2023-02-13T15:39:00Z",
                    "count": 0
                  },
                  {
                    "timeStamp": "2023-02-13T15:44:00Z",
                    "count": 0
                  },
                  {
                    "timeStamp": "2023-02-13T15:49:00Z",
                    "count": 0
                  },
                  {
                    "timeStamp": "2023-02-13T15:54:00Z",
                    "count": 0
                  },
                  {
                    "timeStamp": "2023-02-13T15:59:00Z",
                    "count": 0
                  },
                  {
                    "timeStamp": "2023-02-13T16:04:00Z",
                    "count": 0
                  },
                  {
                    "timeStamp": "2023-02-13T16:09:00Z",
                    "count": 0
                  },
                  {
                    "timeStamp": "2023-02-13T16:14:00Z",
                    "count": 0
                  },
                  {
                    "timeStamp": "2023-02-13T16:19:00Z",
                    "count": 0
                  },
                  {
                    "timeStamp": "2023-02-13T16:24:00Z",
                    "count": 0
                  },
                  {
                    "timeStamp": "2023-02-13T16:29:00Z",
                    "count": 0
                  },
                  {
                    "timeStamp": "2023-02-13T16:34:00Z",
                    "count": 0
                  },
                  {
                    "timeStamp": "2023-02-13T16:39:00Z",
                    "count": 0
                  },
                  {
                    "timeStamp": "2023-02-13T16:44:00Z",
                    "count": 0
                  },
                  {
                    "timeStamp": "2023-02-13T16:49:00Z",
                    "count": 0
                  },
                  {
                    "timeStamp": "2023-02-13T16:54:00Z",
                    "count": 0
                  },
                  {
                    "timeStamp": "2023-02-13T16:59:00Z",
                    "count": 0
                  },
                  {
                    "timeStamp": "2023-02-13T17:04:00Z",
                    "count": 0
                  },
                  {
                    "timeStamp": "2023-02-13T17:09:00Z",
                    "count": 0
                  },
                  {
                    "timeStamp": "2023-02-13T17:14:00Z",
                    "count": 0
                  },
                  {
                    "timeStamp": "2023-02-13T17:19:00Z",
                    "count": 0
                  },
                  {
                    "timeStamp": "2023-02-13T17:24:00Z",
                    "count": 0
                  },
                  {
                    "timeStamp": "2023-02-13T17:29:00Z",
                    "count": 0
                  },
                  {
                    "timeStamp": "2023-02-13T17:34:00Z",
                    "count": 0
                  },
                  {
                    "timeStamp": "2023-02-13T17:39:00Z",
                    "count": 0
                  },
                  {
                    "timeStamp": "2023-02-13T17:44:00Z",
                    "count": 0
                  },
                  {
                    "timeStamp": "2023-02-13T17:49:00Z",
                    "count": 0
                  },
                  {
                    "timeStamp": "2023-02-13T17:54:00Z",
                    "count": 0
                  },
                  {
                    "timeStamp": "2023-02-13T17:59:00Z",
                    "count": 0
                  },
                  {
                    "timeStamp": "2023-02-13T18:04:00Z",
                    "count": 0
                  },
                  {
                    "timeStamp": "2023-02-13T18:09:00Z",
                    "count": 0
                  },
                  {
                    "timeStamp": "2023-02-13T18:14:00Z",
                    "count": 0
                  },
                  {
                    "timeStamp": "2023-02-13T18:19:00Z",
                    "count": 0
                  },
                  {
                    "timeStamp": "2023-02-13T18:24:00Z",
                    "count": 0
                  },
                  {
                    "timeStamp": "2023-02-13T18:29:00Z",
                    "count": 0
                  },
                  {
                    "timeStamp": "2023-02-13T18:34:00Z",
                    "count": 0
                  },
                  {
                    "timeStamp": "2023-02-13T18:39:00Z",
                    "count": 0
                  },
                  {
                    "timeStamp": "2023-02-13T18:44:00Z",
                    "count": 0
                  },
                  {
                    "timeStamp": "2023-02-13T18:49:00Z",
                    "count": 0
                  },
                  {
                    "timeStamp": "2023-02-13T18:54:00Z",
                    "count": 0
                  },
                  {
                    "timeStamp": "2023-02-13T18:59:00Z",
                    "count": 0
                  },
                  {
                    "timeStamp": "2023-02-13T19:04:00Z",
                    "count": 0
                  },
                  {
                    "timeStamp": "2023-02-13T19:09:00Z",
                    "count": 0
                  },
                  {
                    "timeStamp": "2023-02-13T19:14:00Z",
                    "count": 0
                  },
                  {
                    "timeStamp": "2023-02-13T19:19:00Z",
                    "count": 0
                  },
                  {
                    "timeStamp": "2023-02-13T19:24:00Z",
                    "count": 0
                  },
                  {
                    "timeStamp": "2023-02-13T19:29:00Z",
                    "count": 0
                  },
                  {
                    "timeStamp": "2023-02-13T19:34:00Z",
                    "count": 0
                  },
                  {
                    "timeStamp": "2023-02-13T19:39:00Z",
                    "count": 0
                  },
                  {
                    "timeStamp": "2023-02-13T19:44:00Z",
                    "count": 0
                  },
                  {
                    "timeStamp": "2023-02-13T19:49:00Z",
                    "count": 0
                  },
                  {
                    "timeStamp": "2023-02-13T19:54:00Z",
                    "count": 0
                  },
                  {
                    "timeStamp": "2023-02-13T19:59:00Z",
                    "count": 0
                  },
                  {
                    "timeStamp": "2023-02-13T20:04:00Z",
                    "count": 0
                  },
                  {
                    "timeStamp": "2023-02-13T20:09:00Z",
                    "count": 0
                  },
                  {
                    "timeStamp": "2023-02-13T20:14:00Z",
                    "count": 0
                  },
                  {
                    "timeStamp": "2023-02-13T20:19:00Z",
                    "count": 0
                  },
                  {
                    "timeStamp": "2023-02-13T20:24:00Z",
                    "count": 0
                  },
                  {
                    "timeStamp": "2023-02-13T20:29:00Z",
                    "count": 0
                  },
                  {
                    "timeStamp": "2023-02-13T20:34:00Z",
                    "count": 0
                  },
                  {
                    "timeStamp": "2023-02-13T20:39:00Z",
                    "count": 0
                  },
                  {
                    "timeStamp": "2023-02-13T20:44:00Z",
                    "count": 0
                  },
                  {
                    "timeStamp": "2023-02-13T20:49:00Z",
                    "count": 0
                  },
                  {
                    "timeStamp": "2023-02-13T20:54:00Z",
                    "count": 0
                  },
                  {
                    "timeStamp": "2023-02-13T20:59:00Z",
                    "count": 0
                  },
                  {
                    "timeStamp": "2023-02-13T21:04:00Z",
                    "count": 0
                  },
                  {
                    "timeStamp": "2023-02-13T21:09:00Z",
                    "count": 0
                  },
                  {
                    "timeStamp": "2023-02-13T21:14:00Z",
                    "count": 0
                  },
                  {
                    "timeStamp": "2023-02-13T21:19:00Z",
                    "count": 0
                  },
                  {
                    "timeStamp": "2023-02-13T21:24:00Z",
                    "count": 0
                  },
                  {
                    "timeStamp": "2023-02-13T21:29:00Z",
                    "count": 0
                  },
                  {
                    "timeStamp": "2023-02-13T21:34:00Z",
                    "count": 0
                  },
                  {
                    "timeStamp": "2023-02-13T21:39:00Z",
                    "count": 0
                  },
                  {
                    "timeStamp": "2023-02-13T21:44:00Z",
                    "count": 0
                  },
                  {
                    "timeStamp": "2023-02-13T21:49:00Z",
                    "count": 0
                  },
                  {
                    "timeStamp": "2023-02-13T21:54:00Z",
                    "count": 0
                  },
                  {
                    "timeStamp": "2023-02-13T21:59:00Z",
                    "count": 0
                  },
                  {
                    "timeStamp": "2023-02-13T22:04:00Z",
                    "count": 0
                  },
                  {
                    "timeStamp": "2023-02-13T22:09:00Z",
                    "count": 0
                  },
                  {
                    "timeStamp": "2023-02-13T22:14:00Z",
                    "count": 0
                  },
                  {
                    "timeStamp": "2023-02-13T22:19:00Z",
                    "count": 0
                  },
                  {
                    "timeStamp": "2023-02-13T22:24:00Z",
                    "count": 0
                  },
                  {
                    "timeStamp": "2023-02-13T22:29:00Z",
                    "count": 0
                  },
                  {
                    "timeStamp": "2023-02-13T22:34:00Z",
                    "count": 0
                  },
                  {
                    "timeStamp": "2023-02-13T22:39:00Z",
                    "count": 0
                  },
                  {
                    "timeStamp": "2023-02-13T22:44:00Z",
                    "count": 0
                  },
                  {
                    "timeStamp": "2023-02-13T22:49:00Z",
                    "count": 0
                  },
                  {
                    "timeStamp": "2023-02-13T22:54:00Z",
                    "count": 0
                  },
                  {
                    "timeStamp": "2023-02-13T22:59:00Z",
                    "count": 0
                  },
                  {
                    "timeStamp": "2023-02-13T23:04:00Z",
                    "count": 0
                  },
                  {
                    "timeStamp": "2023-02-13T23:09:00Z",
                    "count": 0
                  },
                  {
                    "timeStamp": "2023-02-13T23:14:00Z",
                    "count": 0
                  },
                  {
                    "timeStamp": "2023-02-13T23:19:00Z",
                    "count": 0
                  }
                ]
              }
            ],
            "errorCode": "Success"
          }
        ],
        "namespace": "Microsoft.Insights/components",
        "resourceregion": "westus2"
      }
    }
  ],
  "Variables": {}
}
