{
  "Entries": [
    {
      "RequestUri": "https://endpoint/language/analyze-text/jobs?api-version=2022-10-01-preview",
      "RequestMethod": "POST",
      "RequestHeaders": {
        "Accept": "application/json",
        "Accept-Encoding": "gzip, deflate, br",
        "Accept-Language": "en-US",
        "Authorization": "Sanitized",
        "Connection": "keep-alive",
        "Content-Length": "439",
        "Content-Type": "application/json",
        "Referer": "http://localhost:9876/",
        "sec-ch-ua": "",
        "sec-ch-ua-mobile": "?0",
        "sec-ch-ua-platform": "\u0022\u0022",
        "Sec-Fetch-Dest": "empty",
        "Sec-Fetch-Mode": "cors",
        "Sec-Fetch-Site": "same-site",
        "User-Agent": "Mozilla/5.0 (Windows NT 10.0; Win64; x64) AppleWebKit/537.36 (KHTML, like Gecko) HeadlessChrome/112.0.5614.0 Safari/537.36",
        "x-ms-client-request-id": "3680b9a6-a0a0-4da1-afd9-61232ba10556",
        "x-ms-useragent": "azsdk-js-ai-language-text/1.1.0-beta.3 core-rest-pipeline/1.10.4 OS"
      },
      "RequestBody": {
        "analysisInput": {
          "documents": [
            {
              "id": "0",
              "text": "My SSN is 859-98-0987 and your ABA number - 111000025 - is the first 9 digits in the lower left hand corner of your personal check.",
              "language": "en"
            },
            {
              "id": "1",
              "text": "Your ABA number - 111000025 - is the first 9 digits in the lower left hand corner of your personal check.",
              "language": "en"
            }
          ]
        },
        "tasks": [
          {
            "kind": "PiiEntityRecognition",
            "parameters": {
              "modelVersion": "latest",
              "domain": "phi"
            }
          }
        ]
      },
      "StatusCode": 202,
      "ResponseHeaders": {
        "apim-request-id": "4bfe5772-1ad8-422d-ba87-04bc2e5795fd",
        "Content-Length": "0",
        "Date": "Thu, 04 May 2023 21:08:21 GMT",
        "operation-location": "https://endpoint/language/analyze-text/jobs/2f29d7dc-d208-43f0-8e78-109fff5c9a07?api-version=2022-10-01-preview",
        "Strict-Transport-Security": "max-age=31536000; includeSubDomains; preload",
        "X-Content-Type-Options": "nosniff",
        "x-envoy-upstream-service-time": "250",
        "x-ms-region": "East US"
      },
      "ResponseBody": null
    },
    {
      "RequestUri": "https://endpoint/language/analyze-text/jobs/2f29d7dc-d208-43f0-8e78-109fff5c9a07?api-version=2022-10-01-preview",
      "RequestMethod": "GET",
      "RequestHeaders": {
        "Accept": "application/json",
        "Accept-Encoding": "gzip, deflate, br",
        "Accept-Language": "en-US",
        "Authorization": "Sanitized",
        "Connection": "keep-alive",
        "Referer": "http://localhost:9876/",
        "sec-ch-ua": "",
        "sec-ch-ua-mobile": "?0",
        "sec-ch-ua-platform": "\u0022\u0022",
        "Sec-Fetch-Dest": "empty",
        "Sec-Fetch-Mode": "cors",
        "Sec-Fetch-Site": "same-site",
        "User-Agent": "Mozilla/5.0 (Windows NT 10.0; Win64; x64) AppleWebKit/537.36 (KHTML, like Gecko) HeadlessChrome/112.0.5614.0 Safari/537.36",
        "x-ms-client-request-id": "9241950e-1363-4541-afb7-90e288f7e88f",
        "x-ms-useragent": "azsdk-js-ai-language-text/1.1.0-beta.3 core-rest-pipeline/1.10.4 OS"
      },
      "RequestBody": null,
      "StatusCode": 200,
      "ResponseHeaders": {
        "apim-request-id": "2d51bb39-d29f-49f1-ba76-9c9820c44f26",
        "Content-Length": "283",
        "Content-Type": "application/json; charset=utf-8",
        "Date": "Thu, 04 May 2023 21:08:21 GMT",
        "Strict-Transport-Security": "max-age=31536000; includeSubDomains; preload",
        "X-Content-Type-Options": "nosniff",
        "x-envoy-upstream-service-time": "9",
        "x-ms-region": "East US"
      },
      "ResponseBody": {
        "jobId": "2f29d7dc-d208-43f0-8e78-109fff5c9a07",
        "lastUpdatedDateTime": "2023-05-04T21:08:22Z",
        "createdDateTime": "2023-05-04T21:08:21Z",
        "expirationDateTime": "2023-05-05T21:08:21Z",
        "status": "notStarted",
        "errors": [],
        "tasks": {
          "completed": 0,
          "failed": 0,
          "inProgress": 1,
          "total": 1,
          "items": []
        }
      }
    },
    {
      "RequestUri": "https://endpoint/language/analyze-text/jobs/2f29d7dc-d208-43f0-8e78-109fff5c9a07?api-version=2022-10-01-preview",
      "RequestMethod": "GET",
      "RequestHeaders": {
        "Accept": "application/json",
        "Accept-Encoding": "gzip, deflate, br",
        "Accept-Language": "en-US",
        "Authorization": "Sanitized",
        "Connection": "keep-alive",
        "Referer": "http://localhost:9876/",
        "sec-ch-ua": "",
        "sec-ch-ua-mobile": "?0",
        "sec-ch-ua-platform": "\u0022\u0022",
        "Sec-Fetch-Dest": "empty",
        "Sec-Fetch-Mode": "cors",
        "Sec-Fetch-Site": "same-site",
        "User-Agent": "Mozilla/5.0 (Windows NT 10.0; Win64; x64) AppleWebKit/537.36 (KHTML, like Gecko) HeadlessChrome/112.0.5614.0 Safari/537.36",
        "x-ms-client-request-id": "36aa9f87-0f18-47c8-a66a-b4c58f22bef2",
        "x-ms-useragent": "azsdk-js-ai-language-text/1.1.0-beta.3 core-rest-pipeline/1.10.4 OS"
      },
      "RequestBody": null,
      "StatusCode": 200,
      "ResponseHeaders": {
        "apim-request-id": "665e7764-1755-4477-8043-829aa002be58",
        "Content-Length": "280",
        "Content-Type": "application/json; charset=utf-8",
        "Date": "Thu, 04 May 2023 21:08:21 GMT",
        "Strict-Transport-Security": "max-age=31536000; includeSubDomains; preload",
        "X-Content-Type-Options": "nosniff",
        "x-envoy-upstream-service-time": "9",
        "x-ms-region": "East US"
      },
      "ResponseBody": {
        "jobId": "2f29d7dc-d208-43f0-8e78-109fff5c9a07",
        "lastUpdatedDateTime": "2023-05-04T21:08:22Z",
        "createdDateTime": "2023-05-04T21:08:21Z",
        "expirationDateTime": "2023-05-05T21:08:21Z",
        "status": "running",
        "errors": [],
        "tasks": {
          "completed": 0,
          "failed": 0,
          "inProgress": 1,
          "total": 1,
          "items": []
        }
      }
    },
    {
      "RequestUri": "https://endpoint/language/analyze-text/jobs/2f29d7dc-d208-43f0-8e78-109fff5c9a07?api-version=2022-10-01-preview",
      "RequestMethod": "GET",
      "RequestHeaders": {
        "Accept": "application/json",
        "Accept-Encoding": "gzip, deflate, br",
        "Accept-Language": "en-US",
        "Authorization": "Sanitized",
        "Connection": "keep-alive",
        "Referer": "http://localhost:9876/",
        "sec-ch-ua": "",
        "sec-ch-ua-mobile": "?0",
        "sec-ch-ua-platform": "\u0022\u0022",
        "Sec-Fetch-Dest": "empty",
        "Sec-Fetch-Mode": "cors",
        "Sec-Fetch-Site": "same-site",
        "User-Agent": "Mozilla/5.0 (Windows NT 10.0; Win64; x64) AppleWebKit/537.36 (KHTML, like Gecko) HeadlessChrome/112.0.5614.0 Safari/537.36",
        "x-ms-client-request-id": "563f7e5e-4f2a-408d-aa3d-1e66a17c875d",
        "x-ms-useragent": "azsdk-js-ai-language-text/1.1.0-beta.3 core-rest-pipeline/1.10.4 OS"
      },
      "RequestBody": null,
      "StatusCode": 200,
      "ResponseHeaders": {
        "apim-request-id": "b5039116-5093-4a19-b8c6-f3365a454b97",
        "Content-Length": "1496",
        "Content-Type": "application/json; charset=utf-8",
        "Date": "Thu, 04 May 2023 21:08:23 GMT",
        "Strict-Transport-Security": "max-age=31536000; includeSubDomains; preload",
        "X-Content-Type-Options": "nosniff",
        "x-envoy-upstream-service-time": "57",
        "x-ms-region": "East US"
      },
      "ResponseBody": {
        "jobId": "2f29d7dc-d208-43f0-8e78-109fff5c9a07",
        "lastUpdatedDateTime": "2023-05-04T21:08:23Z",
        "createdDateTime": "2023-05-04T21:08:21Z",
        "expirationDateTime": "2023-05-05T21:08:21Z",
        "status": "succeeded",
        "errors": [],
        "tasks": {
          "completed": 1,
          "failed": 0,
          "inProgress": 0,
          "total": 1,
          "items": [
            {
              "kind": "PiiEntityRecognitionLROResults",
              "lastUpdateDateTime": "2023-05-04T21:08:23.7602393Z",
              "status": "succeeded",
              "results": {
                "documents": [
                  {
                    "redactedText": "My SSN is *********** and your ABA number - ********* - is the first 9 digits in the lower left hand corner of your personal check.",
                    "id": "0",
                    "entities": [
                      {
                        "text": "859-98-0987",
                        "category": "USSocialSecurityNumber",
                        "offset": 10,
                        "length": 11,
                        "confidenceScore": 0.65
                      },
                      {
                        "text": "111000025",
                        "category": "PhoneNumber",
                        "offset": 44,
                        "length": 9,
                        "confidenceScore": 0.8
                      },
                      {
                        "text": "111000025",
                        "category": "ABARoutingNumber",
                        "offset": 44,
                        "length": 9,
                        "confidenceScore": 0.75
                      },
                      {
                        "text": "111000025",
                        "category": "NZSocialWelfareNumber",
                        "offset": 44,
                        "length": 9,
                        "confidenceScore": 0.65
                      }
                    ],
                    "warnings": []
                  },
                  {
                    "redactedText": "Your ABA number - ********* - is the first 9 digits in the lower left hand corner of your personal check.",
                    "id": "1",
                    "entities": [
                      {
                        "text": "111000025",
                        "category": "PhoneNumber",
                        "offset": 18,
                        "length": 9,
                        "confidenceScore": 0.8
                      },
                      {
                        "text": "111000025",
                        "category": "ABARoutingNumber",
                        "offset": 18,
                        "length": 9,
                        "confidenceScore": 0.75
                      },
                      {
                        "text": "111000025",
                        "category": "NZSocialWelfareNumber",
                        "offset": 18,
                        "length": 9,
                        "confidenceScore": 0.65
                      }
                    ],
                    "warnings": []
                  }
                ],
                "errors": [],
                "modelVersion": "2021-01-15"
              }
            }
          ]
        }
      }
    },
    {
      "RequestUri": "https://endpoint/language/analyze-text/jobs/2f29d7dc-d208-43f0-8e78-109fff5c9a07?api-version=2022-10-01-preview",
      "RequestMethod": "GET",
      "RequestHeaders": {
        "Accept": "application/json",
        "Accept-Encoding": "gzip, deflate, br",
        "Accept-Language": "en-US",
        "Authorization": "Sanitized",
        "Connection": "keep-alive",
        "Referer": "http://localhost:9876/",
        "sec-ch-ua": "",
        "sec-ch-ua-mobile": "?0",
        "sec-ch-ua-platform": "\u0022\u0022",
        "Sec-Fetch-Dest": "empty",
        "Sec-Fetch-Mode": "cors",
        "Sec-Fetch-Site": "same-site",
        "User-Agent": "Mozilla/5.0 (Windows NT 10.0; Win64; x64) AppleWebKit/537.36 (KHTML, like Gecko) HeadlessChrome/112.0.5614.0 Safari/537.36",
        "x-ms-client-request-id": "d823f585-64ad-476c-8a6b-6eda8ed91ed1",
        "x-ms-useragent": "azsdk-js-ai-language-text/1.1.0-beta.3 core-rest-pipeline/1.10.4 OS"
      },
      "RequestBody": null,
      "StatusCode": 200,
      "ResponseHeaders": {
        "apim-request-id": "6197efa2-1643-4833-9f9c-a6be55ddce8e",
        "Content-Length": "1496",
        "Content-Type": "application/json; charset=utf-8",
        "Date": "Thu, 04 May 2023 21:08:23 GMT",
        "Strict-Transport-Security": "max-age=31536000; includeSubDomains; preload",
        "X-Content-Type-Options": "nosniff",
        "x-envoy-upstream-service-time": "96",
        "x-ms-region": "East US"
      },
      "ResponseBody": {
        "jobId": "2f29d7dc-d208-43f0-8e78-109fff5c9a07",
        "lastUpdatedDateTime": "2023-05-04T21:08:23Z",
        "createdDateTime": "2023-05-04T21:08:21Z",
        "expirationDateTime": "2023-05-05T21:08:21Z",
        "status": "succeeded",
        "errors": [],
        "tasks": {
          "completed": 1,
          "failed": 0,
          "inProgress": 0,
          "total": 1,
          "items": [
            {
              "kind": "PiiEntityRecognitionLROResults",
              "lastUpdateDateTime": "2023-05-04T21:08:23.7602393Z",
              "status": "succeeded",
              "results": {
                "documents": [
                  {
                    "redactedText": "My SSN is *********** and your ABA number - ********* - is the first 9 digits in the lower left hand corner of your personal check.",
                    "id": "0",
                    "entities": [
                      {
                        "text": "859-98-0987",
                        "category": "USSocialSecurityNumber",
                        "offset": 10,
                        "length": 11,
                        "confidenceScore": 0.65
                      },
                      {
                        "text": "111000025",
                        "category": "PhoneNumber",
                        "offset": 44,
                        "length": 9,
                        "confidenceScore": 0.8
                      },
                      {
                        "text": "111000025",
                        "category": "ABARoutingNumber",
                        "offset": 44,
                        "length": 9,
                        "confidenceScore": 0.75
                      },
                      {
                        "text": "111000025",
                        "category": "NZSocialWelfareNumber",
                        "offset": 44,
                        "length": 9,
                        "confidenceScore": 0.65
                      }
                    ],
                    "warnings": []
                  },
                  {
                    "redactedText": "Your ABA number - ********* - is the first 9 digits in the lower left hand corner of your personal check.",
                    "id": "1",
                    "entities": [
                      {
                        "text": "111000025",
                        "category": "PhoneNumber",
                        "offset": 18,
                        "length": 9,
                        "confidenceScore": 0.8
                      },
                      {
                        "text": "111000025",
                        "category": "ABARoutingNumber",
                        "offset": 18,
                        "length": 9,
                        "confidenceScore": 0.75
                      },
                      {
                        "text": "111000025",
                        "category": "NZSocialWelfareNumber",
                        "offset": 18,
                        "length": 9,
                        "confidenceScore": 0.65
                      }
                    ],
                    "warnings": []
                  }
                ],
                "errors": [],
                "modelVersion": "2021-01-15"
              }
            }
          ]
        }
      }
    }
  ],
  "Variables": {}
}
