{
  "Entries": [
    {
      "RequestUri": "https://xmfxscnbn9pe18ex.blob.preprod.core.windows.net/test-container-a2ea9795-dd54-a894-defa-7e0485604a37?restype=container",
      "RequestMethod": "PUT",
      "RequestHeaders": {
        "Accept": "application/xml",
        "Authorization": "Sanitized",
        "Content-Length": "0",
        "traceparent": "00-344b687aead98278936055704d990c43-e76ebfd7769bc954-00",
        "User-Agent": "azsdk-net-Storage.Blobs/12.25.0-alpha.20250513.1 (.NET 8.0.15; Microsoft Windows 10.0.26100)",
        "x-ms-client-request-id": "Sanitized",
        "x-ms-date": "Tue, 13 May 2025 18:44:22 GMT",
        "x-ms-return-client-request-id": "true",
        "x-ms-version": "2025-11-05"
      },
      "RequestBody": null,
      "StatusCode": 201,
      "ResponseHeaders": {
        "Content-Length": "0",
        "Date": "Tue, 13 May 2025 18:44:10 GMT",
        "ETag": "\"0x8DD924E26DAFC0C\"",
        "Last-Modified": "Tue, 13 May 2025 18:44:11 GMT",
        "Server": [
          "Windows-Azure-Blob/1.0",
          "Microsoft-HTTPAPI/2.0"
        ],
        "x-ms-client-request-id": "Sanitized",
        "x-ms-request-id": "23b2b862-701e-0012-7837-c4f4fa000000",
        "x-ms-version": "2025-11-05"
      },
      "ResponseBody": null
    },
    {
      "RequestUri": "https://xmfxscnbn9pe18ex.blob.preprod.core.windows.net/test-container-a2ea9795-dd54-a894-defa-7e0485604a37/test-blob-e6fcff2b-99fd-fd00-f131-78b9f881e2ed",
      "RequestMethod": "PUT",
      "RequestHeaders": {
        "Accept": "application/xml",
        "Authorization": "Sanitized",
        "Content-Length": "0",
        "If-None-Match": "*",
        "traceparent": "00-69818ef53bf2f514cb9cfe75a066241d-187f9928867cd2fd-00",
        "User-Agent": "azsdk-net-Storage.Blobs/12.25.0-alpha.20250513.1 (.NET 8.0.15; Microsoft Windows 10.0.26100)",
        "x-ms-blob-type": "AppendBlob",
        "x-ms-client-request-id": "Sanitized",
        "x-ms-date": "Tue, 13 May 2025 18:44:25 GMT",
        "x-ms-return-client-request-id": "true",
        "x-ms-version": "2025-11-05"
      },
      "RequestBody": null,
      "StatusCode": 201,
      "ResponseHeaders": {
        "Content-Length": "0",
        "Date": "Tue, 13 May 2025 18:44:11 GMT",
        "ETag": "\"0x8DD924E26EB6D2C\"",
        "Last-Modified": "Tue, 13 May 2025 18:44:11 GMT",
        "Server": [
          "Windows-Azure-Blob/1.0",
          "Microsoft-HTTPAPI/2.0"
        ],
        "x-ms-client-request-id": "Sanitized",
        "x-ms-request-id": "23b2b882-701e-0012-1037-c4f4fa000000",
        "x-ms-request-server-encrypted": "true",
        "x-ms-version": "2025-11-05"
      },
      "ResponseBody": null
    },
    {
      "RequestUri": "https://xmfxscnbn9pe18ex.blob.preprod.core.windows.net/test-container-a2ea9795-dd54-a894-defa-7e0485604a37/test-blob-e6fcff2b-99fd-fd00-f131-78b9f881e2ed?comp=appendblock",
      "RequestMethod": "PUT",
      "RequestHeaders": {
        "Accept": "application/xml",
        "Authorization": "Sanitized",
        "Content-Length": "0",
        "traceparent": "00-bdeaed3b0a294859494e165f1019e879-50662a5d56769ffb-00",
        "User-Agent": "azsdk-net-Storage.Blobs/12.25.0-alpha.20250513.1 (.NET 8.0.15; Microsoft Windows 10.0.26100)",
        "x-ms-client-request-id": "Sanitized",
        "x-ms-copy-source": "https://xmfxscnbn9pe18ex.blob.preprod.core.windows.net/test-container-a2ea9795-dd54-a894-defa-7e0485604a37/test-blob-96347ee3-c9cc-b1c1-6c9f-2ec08f23e981",
        "x-ms-date": "Tue, 13 May 2025 18:44:25 GMT",
        "x-ms-return-client-request-id": "true",
        "x-ms-source-range": "bytes=0-",
        "x-ms-version": "2025-11-05"
      },
      "RequestBody": null,
      "StatusCode": 401,
      "ResponseHeaders": {
        "Content-Length": "524",
        "Content-Type": "application/xml",
        "Date": "Tue, 13 May 2025 18:44:11 GMT",
        "Server": [
          "Windows-Azure-Blob/1.0",
          "Microsoft-HTTPAPI/2.0"
        ],
        "x-ms-client-request-id": "Sanitized",
        "x-ms-copy-source-error-code": "NoAuthenticationInformation",
        "x-ms-copy-source-status-code": "401",
        "x-ms-error-code": "CannotVerifyCopySource",
        "x-ms-request-id": "23b2b88c-701e-0012-1837-c4f4fa000000",
        "x-ms-version": "2025-11-05"
      },
      "ResponseBody": [
        "\uFEFF<?xml version=\"1.0\" encoding=\"utf-8\"?>\n",
        "<Error><Code>CannotVerifyCopySource</Code><Message>Could not verify the copy source within the specified time.\n",
        "RequestId:23b2b88c-701e-0012-1837-c4f4fa000000\n",
        "Time:2025-05-13T18:44:11.5738612Z</Message><CopySourceStatusCode>401</CopySourceStatusCode><CopySourceErrorCode>NoAuthenticationInformation</CopySourceErrorCode><CopySourceErrorMessage>Server failed to authenticate the request. Please refer to the information in the www-authenticate header.</CopySourceErrorMessage></Error>"
      ]
    },
    {
      "RequestUri": "https://xmfxscnbn9pe18ex.blob.preprod.core.windows.net/test-container-a2ea9795-dd54-a894-defa-7e0485604a37?restype=container",
      "RequestMethod": "DELETE",
      "RequestHeaders": {
        "Accept": "application/xml",
        "Authorization": "Sanitized",
        "traceparent": "00-323549428e5891077a0f8fa3a52e779c-b7c573fa9d8e67f7-00",
        "User-Agent": "azsdk-net-Storage.Blobs/12.25.0-alpha.20250513.1 (.NET 8.0.15; Microsoft Windows 10.0.26100)",
        "x-ms-client-request-id": "Sanitized",
        "x-ms-date": "Tue, 13 May 2025 18:44:25 GMT",
        "x-ms-return-client-request-id": "true",
        "x-ms-version": "2025-11-05"
      },
      "RequestBody": null,
      "StatusCode": 202,
      "ResponseHeaders": {
        "Content-Length": "0",
        "Date": "Tue, 13 May 2025 18:44:11 GMT",
        "Server": [
          "Windows-Azure-Blob/1.0",
          "Microsoft-HTTPAPI/2.0"
        ],
        "x-ms-client-request-id": "Sanitized",
        "x-ms-request-id": "23b2b8c1-701e-0012-3d37-c4f4fa000000",
        "x-ms-version": "2025-11-05"
      },
      "ResponseBody": null
    }
  ],
  "Variables": {
    "RandomSeed": "1828004254",
    "Storage_TestConfigDefault": "ProductionTenant\nxmfxscnbn9pe18ex\nU2FuaXRpemVk\nhttps://xmfxscnbn9pe18ex.blob.preprod.core.windows.net\nhttps://xmfxscnbn9pe18ex.file.preprod.core.windows.net\nhttps://xmfxscnbn9pe18ex.queue.core.windows.net\nhttps://xmfxscnbn9pe18ex.table.core.windows.net\n\n\n\n\nhttps://xmfxscnbn9pe18ex-secondary.blob.core.windows.net\nhttps://xmfxscnbn9pe18ex-secondary.file.core.windows.net\nhttps://xmfxscnbn9pe18ex-secondary.queue.core.windows.net\nhttps://xmfxscnbn9pe18ex-secondary.table.core.windows.net\nCloud\nBlobEndpoint=https://xmfxscnbn9pe18ex.blob.preprod.core.windows.net/;QueueEndpoint=https://xmfxscnbn9pe18ex.queue.core.windows.net/;FileEndpoint=https://xmfxscnbn9pe18ex.file.preprod.core.windows.net/;BlobSecondaryEndpoint=https://xmfxscnbn9pe18ex-secondary.blob.core.windows.net/;QueueSecondaryEndpoint=https://xmfxscnbn9pe18ex-secondary.queue.core.windows.net/;FileSecondaryEndpoint=https://xmfxscnbn9pe18ex-secondary.file.core.windows.net/;AccountName=xmfxscnbn9pe18ex;AccountKey=U2FuaXRpemVk\nEncryptionScope\n\n"
  }
}
