{
  "Entries": [
    {
      "RequestUri": "https://endpoint/language/analyze-text/jobs?api-version=2023-04-01",
      "RequestMethod": "POST",
      "RequestHeaders": {
        "Accept": "application/json",
        "Accept-Encoding": "gzip,deflate",
        "Connection": "keep-alive",
        "Content-Length": "739",
        "Content-Type": "application/json",
        "Ocp-Apim-Subscription-Key": "Sanitized",
        "User-Agent": "azsdk-js-ai-language-text/1.1.0 core-rest-pipeline/1.19.2 Node/20.18.0 OS/(x64-Linux-5.15.167.4-microsoft-standard-WSL2)",
        "x-ms-client-request-id": "Sanitized"
      },
      "RequestBody": {
        "analysisInput": {
          "documents": [
            {
              "id": "0",
              "text": "The food was unacceptable",
              "language": "en"
            },
            {
              "id": "1",
              "text": "The rooms were beautiful. The AC was good and quiet.",
              "language": "en"
            },
            {
              "id": "2",
              "text": "The breakfast was good, but the toilet was smelly.",
              "language": "en"
            },
            {
              "id": "3",
              "text": "Loved this hotel - good breakfast - nice shuttle service - clean rooms.",
              "language": "en"
            },
            {
              "id": "4",
              "text": "I had a great unobstructed view of the Microsoft campus.",
              "language": "en"
            },
            {
              "id": "5",
              "text": "Nice rooms but bathrooms were old and the toilet was dirty when we arrived.",
              "language": "en"
            },
            {
              "id": "6",
              "text": "The toilet smelled.",
              "language": "en"
            }
          ]
        },
        "tasks": [
          {
            "kind": "SentimentAnalysis",
            "parameters": {
              "modelVersion": "latest",
              "opinionMining": true
            }
          }
        ]
      },
      "StatusCode": 202,
      "ResponseHeaders": {
        "apim-request-id": "d09a64a4-cdc7-4ea4-8eae-35b7ecfbbed8",
        "Content-Length": "0",
        "Date": "Tue, 25 Mar 2025 23:51:56 GMT",
        "operation-location": "https://endpointlanguage/analyze-text/jobs/4b838f7c-2208-47eb-97ab-8f48bda7b9c9?api-version=2023-04-01",
        "Strict-Transport-Security": "max-age=31536000; includeSubDomains; preload",
        "X-Content-Type-Options": "nosniff",
        "x-envoy-upstream-service-time": "130",
        "x-ms-region": "West US 2"
      },
      "ResponseBody": null
    },
    {
      "RequestUri": "https://endpointlanguage/analyze-text/jobs/4b838f7c-2208-47eb-97ab-8f48bda7b9c9?api-version=2023-04-01",
      "RequestMethod": "GET",
      "RequestHeaders": {
        "Accept": "application/json",
        "Accept-Encoding": "gzip,deflate",
        "Connection": "keep-alive",
        "Ocp-Apim-Subscription-Key": "Sanitized",
        "User-Agent": "azsdk-js-ai-language-text/1.1.0 core-rest-pipeline/1.19.2 Node/20.18.0 OS/(x64-Linux-5.15.167.4-microsoft-standard-WSL2)",
        "x-ms-client-request-id": "Sanitized"
      },
      "RequestBody": null,
      "StatusCode": 200,
      "ResponseHeaders": {
        "apim-request-id": "3e9feee5-b551-4297-964b-8cab4718d0ae",
        "Content-Length": "283",
        "Content-Type": "application/json; charset=utf-8",
        "Date": "Tue, 25 Mar 2025 23:51:56 GMT",
        "Strict-Transport-Security": "max-age=31536000; includeSubDomains; preload",
        "X-Content-Type-Options": "nosniff",
        "x-envoy-upstream-service-time": "7",
        "x-ms-region": "West US 2"
      },
      "ResponseBody": {
        "jobId": "4b838f7c-2208-47eb-97ab-8f48bda7b9c9",
        "lastUpdatedDateTime": "2025-03-25T23:51:56Z",
        "createdDateTime": "2025-03-25T23:51:56Z",
        "expirationDateTime": "2025-03-26T23:51:56Z",
        "status": "notStarted",
        "errors": [],
        "tasks": {
          "completed": 0,
          "failed": 0,
          "inProgress": 1,
          "total": 1,
          "items": []
        }
      }
    },
    {
      "RequestUri": "https://endpointlanguage/analyze-text/jobs/4b838f7c-2208-47eb-97ab-8f48bda7b9c9?api-version=2023-04-01",
      "RequestMethod": "GET",
      "RequestHeaders": {
        "Accept": "application/json",
        "Accept-Encoding": "gzip,deflate",
        "Connection": "keep-alive",
        "Ocp-Apim-Subscription-Key": "Sanitized",
        "User-Agent": "azsdk-js-ai-language-text/1.1.0 core-rest-pipeline/1.19.2 Node/20.18.0 OS/(x64-Linux-5.15.167.4-microsoft-standard-WSL2)",
        "x-ms-client-request-id": "Sanitized"
      },
      "RequestBody": null,
      "StatusCode": 200,
      "ResponseHeaders": {
        "apim-request-id": "a5e2e1de-6a71-4aba-b8e6-f18cb4677089",
        "Content-Length": "283",
        "Content-Type": "application/json; charset=utf-8",
        "Date": "Tue, 25 Mar 2025 23:51:56 GMT",
        "Strict-Transport-Security": "max-age=31536000; includeSubDomains; preload",
        "X-Content-Type-Options": "nosniff",
        "x-envoy-upstream-service-time": "9",
        "x-ms-region": "West US 2"
      },
      "ResponseBody": {
        "jobId": "4b838f7c-2208-47eb-97ab-8f48bda7b9c9",
        "lastUpdatedDateTime": "2025-03-25T23:51:56Z",
        "createdDateTime": "2025-03-25T23:51:56Z",
        "expirationDateTime": "2025-03-26T23:51:56Z",
        "status": "notStarted",
        "errors": [],
        "tasks": {
          "completed": 0,
          "failed": 0,
          "inProgress": 1,
          "total": 1,
          "items": []
        }
      }
    },
    {
      "RequestUri": "https://endpointlanguage/analyze-text/jobs/4b838f7c-2208-47eb-97ab-8f48bda7b9c9?api-version=2023-04-01",
      "RequestMethod": "GET",
      "RequestHeaders": {
        "Accept": "application/json",
        "Accept-Encoding": "gzip,deflate",
        "Connection": "keep-alive",
        "Ocp-Apim-Subscription-Key": "Sanitized",
        "User-Agent": "azsdk-js-ai-language-text/1.1.0 core-rest-pipeline/1.19.2 Node/20.18.0 OS/(x64-Linux-5.15.167.4-microsoft-standard-WSL2)",
        "x-ms-client-request-id": "Sanitized"
      },
      "RequestBody": null,
      "StatusCode": 200,
      "ResponseHeaders": {
        "apim-request-id": "db49ae81-9f2f-46cf-8278-699b56bc8f98",
        "Content-Length": "280",
        "Content-Type": "application/json; charset=utf-8",
        "Date": "Tue, 25 Mar 2025 23:51:58 GMT",
        "Strict-Transport-Security": "max-age=31536000; includeSubDomains; preload",
        "X-Content-Type-Options": "nosniff",
        "x-envoy-upstream-service-time": "9",
        "x-ms-region": "West US 2"
      },
      "ResponseBody": {
        "jobId": "4b838f7c-2208-47eb-97ab-8f48bda7b9c9",
        "lastUpdatedDateTime": "2025-03-25T23:51:58Z",
        "createdDateTime": "2025-03-25T23:51:56Z",
        "expirationDateTime": "2025-03-26T23:51:56Z",
        "status": "running",
        "errors": [],
        "tasks": {
          "completed": 0,
          "failed": 0,
          "inProgress": 1,
          "total": 1,
          "items": []
        }
      }
    },
    {
      "RequestUri": "https://endpointlanguage/analyze-text/jobs/4b838f7c-2208-47eb-97ab-8f48bda7b9c9?api-version=2023-04-01",
      "RequestMethod": "GET",
      "RequestHeaders": {
        "Accept": "application/json",
        "Accept-Encoding": "gzip,deflate",
        "Connection": "keep-alive",
        "Ocp-Apim-Subscription-Key": "Sanitized",
        "User-Agent": "azsdk-js-ai-language-text/1.1.0 core-rest-pipeline/1.19.2 Node/20.18.0 OS/(x64-Linux-5.15.167.4-microsoft-standard-WSL2)",
        "x-ms-client-request-id": "Sanitized"
      },
      "RequestBody": null,
      "StatusCode": 200,
      "ResponseHeaders": {
        "apim-request-id": "fc91d027-543c-4568-a2ce-963c1156180b",
        "Content-Length": "7892",
        "Content-Type": "application/json; charset=utf-8",
        "Date": "Tue, 25 Mar 2025 23:52:00 GMT",
        "Strict-Transport-Security": "max-age=31536000; includeSubDomains; preload",
        "X-Content-Type-Options": "nosniff",
        "x-envoy-upstream-service-time": "48",
        "x-ms-region": "West US 2"
      },
      "ResponseBody": {
        "jobId": "4b838f7c-2208-47eb-97ab-8f48bda7b9c9",
        "lastUpdatedDateTime": "2025-03-25T23:52:01Z",
        "createdDateTime": "2025-03-25T23:51:56Z",
        "expirationDateTime": "2025-03-26T23:51:56Z",
        "status": "succeeded",
        "errors": [],
        "tasks": {
          "completed": 1,
          "failed": 0,
          "inProgress": 0,
          "total": 1,
          "items": [
            {
              "kind": "SentimentAnalysisLROResults",
              "lastUpdateDateTime": "2025-03-25T23:52:01.1486083Z",
              "status": "succeeded",
              "results": {
                "documents": [
                  {
                    "id": "0",
                    "sentiment": "negative",
                    "confidenceScores": {
                      "positive": 0.0,
                      "neutral": 0.0,
                      "negative": 1.0
                    },
                    "sentences": [
                      {
                        "sentiment": "negative",
                        "confidenceScores": {
                          "positive": 0.0,
                          "neutral": 0.0,
                          "negative": 1.0
                        },
                        "offset": 0,
                        "length": 25,
                        "text": "The food was unacceptable",
                        "targets": [
                          {
                            "sentiment": "negative",
                            "confidenceScores": {
                              "positive": 0.02,
                              "negative": 0.98
                            },
                            "offset": 4,
                            "length": 4,
                            "text": "food",
                            "relations": [
                              {
                                "relationType": "assessment",
                                "ref": "#/documents/0/sentences/0/assessments/0"
                              }
                            ]
                          }
                        ],
                        "assessments": [
                          {
                            "sentiment": "negative",
                            "confidenceScores": {
                              "positive": 0.02,
                              "negative": 0.98
                            },
                            "offset": 13,
                            "length": 12,
                            "text": "unacceptable",
                            "isNegated": false
                          }
                        ]
                      }
                    ],
                    "warnings": []
                  },
                  {
                    "id": "1",
                    "sentiment": "positive",
                    "confidenceScores": {
                      "positive": 0.93,
                      "neutral": 0.07,
                      "negative": 0.0
                    },
                    "sentences": [
                      {
                        "sentiment": "positive",
                        "confidenceScores": {
                          "positive": 0.99,
                          "neutral": 0.01,
                          "negative": 0.0
                        },
                        "offset": 0,
                        "length": 26,
                        "text": "The rooms were beautiful. ",
                        "targets": [
                          {
                            "sentiment": "positive",
                            "confidenceScores": {
                              "positive": 1.0,
                              "negative": 0.0
                            },
                            "offset": 4,
                            "length": 5,
                            "text": "rooms",
                            "relations": [
                              {
                                "relationType": "assessment",
                                "ref": "#/documents/1/sentences/0/assessments/0"
                              }
                            ]
                          }
                        ],
                        "assessments": [
                          {
                            "sentiment": "positive",
                            "confidenceScores": {
                              "positive": 1.0,
                              "negative": 0.0
                            },
                            "offset": 15,
                            "length": 9,
                            "text": "beautiful",
                            "isNegated": false
                          }
                        ]
                      },
                      {
                        "sentiment": "positive",
                        "confidenceScores": {
                          "positive": 0.87,
                          "neutral": 0.13,
                          "negative": 0.0
                        },
                        "offset": 26,
                        "length": 26,
                        "text": "The AC was good and quiet.",
                        "targets": [
                          {
                            "sentiment": "positive",
                            "confidenceScores": {
                              "positive": 1.0,
                              "negative": 0.0
                            },
                            "offset": 30,
                            "length": 2,
                            "text": "AC",
                            "relations": [
                              {
                                "relationType": "assessment",
                                "ref": "#/documents/1/sentences/1/assessments/0"
                              },
                              {
                                "relationType": "assessment",
                                "ref": "#/documents/1/sentences/1/assessments/1"
                              }
                            ]
                          }
                        ],
                        "assessments": [
                          {
                            "sentiment": "positive",
                            "confidenceScores": {
                              "positive": 1.0,
                              "negative": 0.0
                            },
                            "offset": 37,
                            "length": 4,
                            "text": "good",
                            "isNegated": false
                          },
                          {
                            "sentiment": "positive",
                            "confidenceScores": {
                              "positive": 1.0,
                              "negative": 0.0
                            },
                            "offset": 46,
                            "length": 5,
                            "text": "quiet",
                            "isNegated": false
                          }
                        ]
                      }
                    ],
                    "warnings": []
                  },
                  {
                    "id": "2",
                    "sentiment": "negative",
                    "confidenceScores": {
                      "positive": 0.16,
                      "neutral": 0.2,
                      "negative": 0.64
                    },
                    "sentences": [
                      {
                        "sentiment": "negative",
                        "confidenceScores": {
                          "positive": 0.16,
                          "neutral": 0.2,
                          "negative": 0.64
                        },
                        "offset": 0,
                        "length": 50,
                        "text": "The breakfast was good, but the toilet was smelly.",
                        "targets": [
                          {
                            "sentiment": "positive",
                            "confidenceScores": {
                              "positive": 1.0,
                              "negative": 0.0
                            },
                            "offset": 4,
                            "length": 9,
                            "text": "breakfast",
                            "relations": [
                              {
                                "relationType": "assessment",
                                "ref": "#/documents/2/sentences/0/assessments/0"
                              }
                            ]
                          },
                          {
                            "sentiment": "negative",
                            "confidenceScores": {
                              "positive": 0.0,
                              "negative": 1.0
                            },
                            "offset": 32,
                            "length": 6,
                            "text": "toilet",
                            "relations": [
                              {
                                "relationType": "assessment",
                                "ref": "#/documents/2/sentences/0/assessments/1"
                              }
                            ]
                          }
                        ],
                        "assessments": [
                          {
                            "sentiment": "positive",
                            "confidenceScores": {
                              "positive": 1.0,
                              "negative": 0.0
                            },
                            "offset": 18,
                            "length": 4,
                            "text": "good",
                            "isNegated": false
                          },
                          {
                            "sentiment": "negative",
                            "confidenceScores": {
                              "positive": 0.0,
                              "negative": 1.0
                            },
                            "offset": 43,
                            "length": 6,
                            "text": "smelly",
                            "isNegated": false
                          }
                        ]
                      }
                    ],
                    "warnings": []
                  },
                  {
                    "id": "3",
                    "sentiment": "positive",
                    "confidenceScores": {
                      "positive": 1.0,
                      "neutral": 0.0,
                      "negative": 0.0
                    },
                    "sentences": [
                      {
                        "sentiment": "positive",
                        "confidenceScores": {
                          "positive": 1.0,
                          "neutral": 0.0,
                          "negative": 0.0
                        },
                        "offset": 0,
                        "length": 71,
                        "text": "Loved this hotel - good breakfast - nice shuttle service - clean rooms.",
                        "targets": [
                          {
                            "sentiment": "positive",
                            "confidenceScores": {
                              "positive": 1.0,
                              "negative": 0.0
                            },
                            "offset": 11,
                            "length": 5,
                            "text": "hotel",
                            "relations": [
                              {
                                "relationType": "assessment",
                                "ref": "#/documents/3/sentences/0/assessments/0"
                              }
                            ]
                          },
                          {
                            "sentiment": "positive",
                            "confidenceScores": {
                              "positive": 1.0,
                              "negative": 0.0
                            },
                            "offset": 24,
                            "length": 9,
                            "text": "breakfast",
                            "relations": [
                              {
                                "relationType": "assessment",
                                "ref": "#/documents/3/sentences/0/assessments/1"
                              }
                            ]
                          },
                          {
                            "sentiment": "positive",
                            "confidenceScores": {
                              "positive": 1.0,
                              "negative": 0.0
                            },
                            "offset": 41,
                            "length": 15,
                            "text": "shuttle service",
                            "relations": [
                              {
                                "relationType": "assessment",
                                "ref": "#/documents/3/sentences/0/assessments/2"
                              }
                            ]
                          },
                          {
                            "sentiment": "positive",
                            "confidenceScores": {
                              "positive": 1.0,
                              "negative": 0.0
                            },
                            "offset": 65,
                            "length": 5,
                            "text": "rooms",
                            "relations": [
                              {
                                "relationType": "assessment",
                                "ref": "#/documents/3/sentences/0/assessments/3"
                              }
                            ]
                          }
                        ],
                        "assessments": [
                          {
                            "sentiment": "positive",
                            "confidenceScores": {
                              "positive": 1.0,
                              "negative": 0.0
                            },
                            "offset": 0,
                            "length": 5,
                            "text": "Loved",
                            "isNegated": false
                          },
                          {
                            "sentiment": "positive",
                            "confidenceScores": {
                              "positive": 1.0,
                              "negative": 0.0
                            },
                            "offset": 19,
                            "length": 4,
                            "text": "good",
                            "isNegated": false
                          },
                          {
                            "sentiment": "positive",
                            "confidenceScores": {
                              "positive": 1.0,
                              "negative": 0.0
                            },
                            "offset": 36,
                            "length": 4,
                            "text": "nice",
                            "isNegated": false
                          },
                          {
                            "sentiment": "positive",
                            "confidenceScores": {
                              "positive": 1.0,
                              "negative": 0.0
                            },
                            "offset": 59,
                            "length": 5,
                            "text": "clean",
                            "isNegated": false
                          }
                        ]
                      }
                    ],
                    "warnings": []
                  },
                  {
                    "id": "4",
                    "sentiment": "positive",
                    "confidenceScores": {
                      "positive": 0.87,
                      "neutral": 0.13,
                      "negative": 0.0
                    },
                    "sentences": [
                      {
                        "sentiment": "positive",
                        "confidenceScores": {
                          "positive": 0.87,
                          "neutral": 0.13,
                          "negative": 0.0
                        },
                        "offset": 0,
                        "length": 56,
                        "text": "I had a great unobstructed view of the Microsoft campus.",
                        "targets": [
                          {
                            "sentiment": "positive",
                            "confidenceScores": {
                              "positive": 1.0,
                              "negative": 0.0
                            },
                            "offset": 27,
                            "length": 4,
                            "text": "view",
                            "relations": [
                              {
                                "relationType": "assessment",
                                "ref": "#/documents/4/sentences/0/assessments/0"
                              }
                            ]
                          }
                        ],
                        "assessments": [
                          {
                            "sentiment": "positive",
                            "confidenceScores": {
                              "positive": 1.0,
                              "negative": 0.0
                            },
                            "offset": 8,
                            "length": 5,
                            "text": "great",
                            "isNegated": false
                          }
                        ]
                      }
                    ],
                    "warnings": []
                  },
                  {
                    "id": "5",
                    "sentiment": "negative",
                    "confidenceScores": {
                      "positive": 0.0,
                      "neutral": 0.0,
                      "negative": 1.0
                    },
                    "sentences": [
                      {
                        "sentiment": "negative",
                        "confidenceScores": {
                          "positive": 0.0,
                          "neutral": 0.0,
                          "negative": 1.0
                        },
                        "offset": 0,
                        "length": 75,
                        "text": "Nice rooms but bathrooms were old and the toilet was dirty when we arrived.",
                        "targets": [
                          {
                            "sentiment": "positive",
                            "confidenceScores": {
                              "positive": 1.0,
                              "negative": 0.0
                            },
                            "offset": 5,
                            "length": 5,
                            "text": "rooms",
                            "relations": [
                              {
                                "relationType": "assessment",
                                "ref": "#/documents/5/sentences/0/assessments/0"
                              }
                            ]
                          },
                          {
                            "sentiment": "negative",
                            "confidenceScores": {
                              "positive": 0.0,
                              "negative": 1.0
                            },
                            "offset": 15,
                            "length": 9,
                            "text": "bathrooms",
                            "relations": [
                              {
                                "relationType": "assessment",
                                "ref": "#/documents/5/sentences/0/assessments/1"
                              }
                            ]
                          },
                          {
                            "sentiment": "negative",
                            "confidenceScores": {
                              "positive": 0.01,
                              "negative": 0.99
                            },
                            "offset": 42,
                            "length": 6,
                            "text": "toilet",
                            "relations": [
                              {
                                "relationType": "assessment",
                                "ref": "#/documents/5/sentences/0/assessments/2"
                              }
                            ]
                          }
                        ],
                        "assessments": [
                          {
                            "sentiment": "positive",
                            "confidenceScores": {
                              "positive": 1.0,
                              "negative": 0.0
                            },
                            "offset": 0,
                            "length": 4,
                            "text": "Nice",
                            "isNegated": false
                          },
                          {
                            "sentiment": "negative",
                            "confidenceScores": {
                              "positive": 0.0,
                              "negative": 1.0
                            },
                            "offset": 30,
                            "length": 3,
                            "text": "old",
                            "isNegated": false
                          },
                          {
                            "sentiment": "negative",
                            "confidenceScores": {
                              "positive": 0.01,
                              "negative": 0.99
                            },
                            "offset": 53,
                            "length": 5,
                            "text": "dirty",
                            "isNegated": false
                          }
                        ]
                      }
                    ],
                    "warnings": []
                  },
                  {
                    "id": "6",
                    "sentiment": "neutral",
                    "confidenceScores": {
                      "positive": 0.01,
                      "neutral": 0.7,
                      "negative": 0.29
                    },
                    "sentences": [
                      {
                        "sentiment": "neutral",
                        "confidenceScores": {
                          "positive": 0.01,
                          "neutral": 0.7,
                          "negative": 0.29
                        },
                        "offset": 0,
                        "length": 19,
                        "text": "The toilet smelled.",
                        "targets": [
                          {
                            "sentiment": "negative",
                            "confidenceScores": {
                              "positive": 0.0,
                              "negative": 1.0
                            },
                            "offset": 4,
                            "length": 6,
                            "text": "toilet",
                            "relations": [
                              {
                                "relationType": "assessment",
                                "ref": "#/documents/6/sentences/0/assessments/0"
                              }
                            ]
                          }
                        ],
                        "assessments": [
                          {
                            "sentiment": "negative",
                            "confidenceScores": {
                              "positive": 0.0,
                              "negative": 1.0
                            },
                            "offset": 11,
                            "length": 7,
                            "text": "smelled",
                            "isNegated": false
                          }
                        ]
                      }
                    ],
                    "warnings": []
                  }
                ],
                "errors": [],
                "modelVersion": "2025-01-01"
              }
            }
          ]
        }
      }
    },
    {
      "RequestUri": "https://endpointlanguage/analyze-text/jobs/4b838f7c-2208-47eb-97ab-8f48bda7b9c9?api-version=2023-04-01",
      "RequestMethod": "GET",
      "RequestHeaders": {
        "Accept": "application/json",
        "Accept-Encoding": "gzip,deflate",
        "Connection": "keep-alive",
        "Ocp-Apim-Subscription-Key": "Sanitized",
        "User-Agent": "azsdk-js-ai-language-text/1.1.0 core-rest-pipeline/1.19.2 Node/20.18.0 OS/(x64-Linux-5.15.167.4-microsoft-standard-WSL2)",
        "x-ms-client-request-id": "Sanitized"
      },
      "RequestBody": null,
      "StatusCode": 200,
      "ResponseHeaders": {
        "apim-request-id": "7d9f5d41-198d-47bb-81f4-39ffcb2f24b3",
        "Content-Length": "7892",
        "Content-Type": "application/json; charset=utf-8",
        "Date": "Tue, 25 Mar 2025 23:52:00 GMT",
        "Strict-Transport-Security": "max-age=31536000; includeSubDomains; preload",
        "X-Content-Type-Options": "nosniff",
        "x-envoy-upstream-service-time": "46",
        "x-ms-region": "West US 2"
      },
      "ResponseBody": {
        "jobId": "4b838f7c-2208-47eb-97ab-8f48bda7b9c9",
        "lastUpdatedDateTime": "2025-03-25T23:52:01Z",
        "createdDateTime": "2025-03-25T23:51:56Z",
        "expirationDateTime": "2025-03-26T23:51:56Z",
        "status": "succeeded",
        "errors": [],
        "tasks": {
          "completed": 1,
          "failed": 0,
          "inProgress": 0,
          "total": 1,
          "items": [
            {
              "kind": "SentimentAnalysisLROResults",
              "lastUpdateDateTime": "2025-03-25T23:52:01.1486083Z",
              "status": "succeeded",
              "results": {
                "documents": [
                  {
                    "id": "0",
                    "sentiment": "negative",
                    "confidenceScores": {
                      "positive": 0.0,
                      "neutral": 0.0,
                      "negative": 1.0
                    },
                    "sentences": [
                      {
                        "sentiment": "negative",
                        "confidenceScores": {
                          "positive": 0.0,
                          "neutral": 0.0,
                          "negative": 1.0
                        },
                        "offset": 0,
                        "length": 25,
                        "text": "The food was unacceptable",
                        "targets": [
                          {
                            "sentiment": "negative",
                            "confidenceScores": {
                              "positive": 0.02,
                              "negative": 0.98
                            },
                            "offset": 4,
                            "length": 4,
                            "text": "food",
                            "relations": [
                              {
                                "relationType": "assessment",
                                "ref": "#/documents/0/sentences/0/assessments/0"
                              }
                            ]
                          }
                        ],
                        "assessments": [
                          {
                            "sentiment": "negative",
                            "confidenceScores": {
                              "positive": 0.02,
                              "negative": 0.98
                            },
                            "offset": 13,
                            "length": 12,
                            "text": "unacceptable",
                            "isNegated": false
                          }
                        ]
                      }
                    ],
                    "warnings": []
                  },
                  {
                    "id": "1",
                    "sentiment": "positive",
                    "confidenceScores": {
                      "positive": 0.93,
                      "neutral": 0.07,
                      "negative": 0.0
                    },
                    "sentences": [
                      {
                        "sentiment": "positive",
                        "confidenceScores": {
                          "positive": 0.99,
                          "neutral": 0.01,
                          "negative": 0.0
                        },
                        "offset": 0,
                        "length": 26,
                        "text": "The rooms were beautiful. ",
                        "targets": [
                          {
                            "sentiment": "positive",
                            "confidenceScores": {
                              "positive": 1.0,
                              "negative": 0.0
                            },
                            "offset": 4,
                            "length": 5,
                            "text": "rooms",
                            "relations": [
                              {
                                "relationType": "assessment",
                                "ref": "#/documents/1/sentences/0/assessments/0"
                              }
                            ]
                          }
                        ],
                        "assessments": [
                          {
                            "sentiment": "positive",
                            "confidenceScores": {
                              "positive": 1.0,
                              "negative": 0.0
                            },
                            "offset": 15,
                            "length": 9,
                            "text": "beautiful",
                            "isNegated": false
                          }
                        ]
                      },
                      {
                        "sentiment": "positive",
                        "confidenceScores": {
                          "positive": 0.87,
                          "neutral": 0.13,
                          "negative": 0.0
                        },
                        "offset": 26,
                        "length": 26,
                        "text": "The AC was good and quiet.",
                        "targets": [
                          {
                            "sentiment": "positive",
                            "confidenceScores": {
                              "positive": 1.0,
                              "negative": 0.0
                            },
                            "offset": 30,
                            "length": 2,
                            "text": "AC",
                            "relations": [
                              {
                                "relationType": "assessment",
                                "ref": "#/documents/1/sentences/1/assessments/0"
                              },
                              {
                                "relationType": "assessment",
                                "ref": "#/documents/1/sentences/1/assessments/1"
                              }
                            ]
                          }
                        ],
                        "assessments": [
                          {
                            "sentiment": "positive",
                            "confidenceScores": {
                              "positive": 1.0,
                              "negative": 0.0
                            },
                            "offset": 37,
                            "length": 4,
                            "text": "good",
                            "isNegated": false
                          },
                          {
                            "sentiment": "positive",
                            "confidenceScores": {
                              "positive": 1.0,
                              "negative": 0.0
                            },
                            "offset": 46,
                            "length": 5,
                            "text": "quiet",
                            "isNegated": false
                          }
                        ]
                      }
                    ],
                    "warnings": []
                  },
                  {
                    "id": "2",
                    "sentiment": "negative",
                    "confidenceScores": {
                      "positive": 0.16,
                      "neutral": 0.2,
                      "negative": 0.64
                    },
                    "sentences": [
                      {
                        "sentiment": "negative",
                        "confidenceScores": {
                          "positive": 0.16,
                          "neutral": 0.2,
                          "negative": 0.64
                        },
                        "offset": 0,
                        "length": 50,
                        "text": "The breakfast was good, but the toilet was smelly.",
                        "targets": [
                          {
                            "sentiment": "positive",
                            "confidenceScores": {
                              "positive": 1.0,
                              "negative": 0.0
                            },
                            "offset": 4,
                            "length": 9,
                            "text": "breakfast",
                            "relations": [
                              {
                                "relationType": "assessment",
                                "ref": "#/documents/2/sentences/0/assessments/0"
                              }
                            ]
                          },
                          {
                            "sentiment": "negative",
                            "confidenceScores": {
                              "positive": 0.0,
                              "negative": 1.0
                            },
                            "offset": 32,
                            "length": 6,
                            "text": "toilet",
                            "relations": [
                              {
                                "relationType": "assessment",
                                "ref": "#/documents/2/sentences/0/assessments/1"
                              }
                            ]
                          }
                        ],
                        "assessments": [
                          {
                            "sentiment": "positive",
                            "confidenceScores": {
                              "positive": 1.0,
                              "negative": 0.0
                            },
                            "offset": 18,
                            "length": 4,
                            "text": "good",
                            "isNegated": false
                          },
                          {
                            "sentiment": "negative",
                            "confidenceScores": {
                              "positive": 0.0,
                              "negative": 1.0
                            },
                            "offset": 43,
                            "length": 6,
                            "text": "smelly",
                            "isNegated": false
                          }
                        ]
                      }
                    ],
                    "warnings": []
                  },
                  {
                    "id": "3",
                    "sentiment": "positive",
                    "confidenceScores": {
                      "positive": 1.0,
                      "neutral": 0.0,
                      "negative": 0.0
                    },
                    "sentences": [
                      {
                        "sentiment": "positive",
                        "confidenceScores": {
                          "positive": 1.0,
                          "neutral": 0.0,
                          "negative": 0.0
                        },
                        "offset": 0,
                        "length": 71,
                        "text": "Loved this hotel - good breakfast - nice shuttle service - clean rooms.",
                        "targets": [
                          {
                            "sentiment": "positive",
                            "confidenceScores": {
                              "positive": 1.0,
                              "negative": 0.0
                            },
                            "offset": 11,
                            "length": 5,
                            "text": "hotel",
                            "relations": [
                              {
                                "relationType": "assessment",
                                "ref": "#/documents/3/sentences/0/assessments/0"
                              }
                            ]
                          },
                          {
                            "sentiment": "positive",
                            "confidenceScores": {
                              "positive": 1.0,
                              "negative": 0.0
                            },
                            "offset": 24,
                            "length": 9,
                            "text": "breakfast",
                            "relations": [
                              {
                                "relationType": "assessment",
                                "ref": "#/documents/3/sentences/0/assessments/1"
                              }
                            ]
                          },
                          {
                            "sentiment": "positive",
                            "confidenceScores": {
                              "positive": 1.0,
                              "negative": 0.0
                            },
                            "offset": 41,
                            "length": 15,
                            "text": "shuttle service",
                            "relations": [
                              {
                                "relationType": "assessment",
                                "ref": "#/documents/3/sentences/0/assessments/2"
                              }
                            ]
                          },
                          {
                            "sentiment": "positive",
                            "confidenceScores": {
                              "positive": 1.0,
                              "negative": 0.0
                            },
                            "offset": 65,
                            "length": 5,
                            "text": "rooms",
                            "relations": [
                              {
                                "relationType": "assessment",
                                "ref": "#/documents/3/sentences/0/assessments/3"
                              }
                            ]
                          }
                        ],
                        "assessments": [
                          {
                            "sentiment": "positive",
                            "confidenceScores": {
                              "positive": 1.0,
                              "negative": 0.0
                            },
                            "offset": 0,
                            "length": 5,
                            "text": "Loved",
                            "isNegated": false
                          },
                          {
                            "sentiment": "positive",
                            "confidenceScores": {
                              "positive": 1.0,
                              "negative": 0.0
                            },
                            "offset": 19,
                            "length": 4,
                            "text": "good",
                            "isNegated": false
                          },
                          {
                            "sentiment": "positive",
                            "confidenceScores": {
                              "positive": 1.0,
                              "negative": 0.0
                            },
                            "offset": 36,
                            "length": 4,
                            "text": "nice",
                            "isNegated": false
                          },
                          {
                            "sentiment": "positive",
                            "confidenceScores": {
                              "positive": 1.0,
                              "negative": 0.0
                            },
                            "offset": 59,
                            "length": 5,
                            "text": "clean",
                            "isNegated": false
                          }
                        ]
                      }
                    ],
                    "warnings": []
                  },
                  {
                    "id": "4",
                    "sentiment": "positive",
                    "confidenceScores": {
                      "positive": 0.87,
                      "neutral": 0.13,
                      "negative": 0.0
                    },
                    "sentences": [
                      {
                        "sentiment": "positive",
                        "confidenceScores": {
                          "positive": 0.87,
                          "neutral": 0.13,
                          "negative": 0.0
                        },
                        "offset": 0,
                        "length": 56,
                        "text": "I had a great unobstructed view of the Microsoft campus.",
                        "targets": [
                          {
                            "sentiment": "positive",
                            "confidenceScores": {
                              "positive": 1.0,
                              "negative": 0.0
                            },
                            "offset": 27,
                            "length": 4,
                            "text": "view",
                            "relations": [
                              {
                                "relationType": "assessment",
                                "ref": "#/documents/4/sentences/0/assessments/0"
                              }
                            ]
                          }
                        ],
                        "assessments": [
                          {
                            "sentiment": "positive",
                            "confidenceScores": {
                              "positive": 1.0,
                              "negative": 0.0
                            },
                            "offset": 8,
                            "length": 5,
                            "text": "great",
                            "isNegated": false
                          }
                        ]
                      }
                    ],
                    "warnings": []
                  },
                  {
                    "id": "5",
                    "sentiment": "negative",
                    "confidenceScores": {
                      "positive": 0.0,
                      "neutral": 0.0,
                      "negative": 1.0
                    },
                    "sentences": [
                      {
                        "sentiment": "negative",
                        "confidenceScores": {
                          "positive": 0.0,
                          "neutral": 0.0,
                          "negative": 1.0
                        },
                        "offset": 0,
                        "length": 75,
                        "text": "Nice rooms but bathrooms were old and the toilet was dirty when we arrived.",
                        "targets": [
                          {
                            "sentiment": "positive",
                            "confidenceScores": {
                              "positive": 1.0,
                              "negative": 0.0
                            },
                            "offset": 5,
                            "length": 5,
                            "text": "rooms",
                            "relations": [
                              {
                                "relationType": "assessment",
                                "ref": "#/documents/5/sentences/0/assessments/0"
                              }
                            ]
                          },
                          {
                            "sentiment": "negative",
                            "confidenceScores": {
                              "positive": 0.0,
                              "negative": 1.0
                            },
                            "offset": 15,
                            "length": 9,
                            "text": "bathrooms",
                            "relations": [
                              {
                                "relationType": "assessment",
                                "ref": "#/documents/5/sentences/0/assessments/1"
                              }
                            ]
                          },
                          {
                            "sentiment": "negative",
                            "confidenceScores": {
                              "positive": 0.01,
                              "negative": 0.99
                            },
                            "offset": 42,
                            "length": 6,
                            "text": "toilet",
                            "relations": [
                              {
                                "relationType": "assessment",
                                "ref": "#/documents/5/sentences/0/assessments/2"
                              }
                            ]
                          }
                        ],
                        "assessments": [
                          {
                            "sentiment": "positive",
                            "confidenceScores": {
                              "positive": 1.0,
                              "negative": 0.0
                            },
                            "offset": 0,
                            "length": 4,
                            "text": "Nice",
                            "isNegated": false
                          },
                          {
                            "sentiment": "negative",
                            "confidenceScores": {
                              "positive": 0.0,
                              "negative": 1.0
                            },
                            "offset": 30,
                            "length": 3,
                            "text": "old",
                            "isNegated": false
                          },
                          {
                            "sentiment": "negative",
                            "confidenceScores": {
                              "positive": 0.01,
                              "negative": 0.99
                            },
                            "offset": 53,
                            "length": 5,
                            "text": "dirty",
                            "isNegated": false
                          }
                        ]
                      }
                    ],
                    "warnings": []
                  },
                  {
                    "id": "6",
                    "sentiment": "neutral",
                    "confidenceScores": {
                      "positive": 0.01,
                      "neutral": 0.7,
                      "negative": 0.29
                    },
                    "sentences": [
                      {
                        "sentiment": "neutral",
                        "confidenceScores": {
                          "positive": 0.01,
                          "neutral": 0.7,
                          "negative": 0.29
                        },
                        "offset": 0,
                        "length": 19,
                        "text": "The toilet smelled.",
                        "targets": [
                          {
                            "sentiment": "negative",
                            "confidenceScores": {
                              "positive": 0.0,
                              "negative": 1.0
                            },
                            "offset": 4,
                            "length": 6,
                            "text": "toilet",
                            "relations": [
                              {
                                "relationType": "assessment",
                                "ref": "#/documents/6/sentences/0/assessments/0"
                              }
                            ]
                          }
                        ],
                        "assessments": [
                          {
                            "sentiment": "negative",
                            "confidenceScores": {
                              "positive": 0.0,
                              "negative": 1.0
                            },
                            "offset": 11,
                            "length": 7,
                            "text": "smelled",
                            "isNegated": false
                          }
                        ]
                      }
                    ],
                    "warnings": []
                  }
                ],
                "errors": [],
                "modelVersion": "2025-01-01"
              }
            }
          ]
        }
      }
    }
  ],
  "Variables": {}
}
