{
  "Entries": [
    {
      "RequestUri": "https://azs-net-shrejasearchservice.search.windows.net/indexes(\u0027lfcajyfh\u0027)/docs/search.index?api-version=2023-11-01",
      "RequestMethod": "POST",
      "RequestHeaders": {
        "Accept": "application/json; odata.metadata=none",
        "api-key": "Sanitized",
        "Content-Length": "1112",
        "Content-Type": "application/json",
        "traceparent": "00-63f690a9a20c0b48b4363a52157018ff-05d773473881ee0a-00",
        "User-Agent": "azsdk-net-Search.Documents/11.5.0-alpha.20231031.1 (.NET 7.0.13; Microsoft Windows 10.0.22621)",
        "x-ms-client-request-id": "823fcf7f5e532d8aac5d874c784d9c98",
        "x-ms-return-client-request-id": "true"
      },
      "RequestBody": {
        "value": [
          {
            "@search.action": "upload",
            "hotelId": "1",
            "hotelName": "Secret Point Motel",
            "description": "The hotel is ideally located on the main commercial artery of the city in the heart of New York. A few minutes away is Time\u0027s Square and the historic centre of the city, as well as other places of interest that make New York one of America\u0027s most attractive and cosmopolitan cities.",
            "lastRenovationDate": "1970-01-18T00:00:00.0000000-05:00"
          },
          {
            "@search.action": "upload",
            "hotelId": "2",
            "hotelName": "Countryside Hotel",
            "description": "Save up to 50% off traditional hotels.  Free WiFi, great location near downtown, full kitchen, washer \u0026 dryer, 24/7 support, bowling alley, fitness center and more.",
            "lastRenovationDate": "1999-09-06T00:00:00.0000000\u002B00:00"
          },
          {
            "@search.action": "merge",
            "hotelId": "3",
            "hotelName": null,
            "description": "Surprisingly expensive",
            "lastRenovationDate": null
          },
          {
            "@search.action": "delete",
            "hotelId": "4",
            "hotelName": null,
            "description": null,
            "lastRenovationDate": null
          },
          {
            "@search.action": "mergeOrUpload",
            "hotelId": "5",
            "hotelName": null,
            "description": null,
            "lastRenovationDate": null
          }
        ]
      },
      "StatusCode": 207,
      "ResponseHeaders": {
        "client-request-id": "823fcf7f-5e53-2d8a-ac5d-874c784d9c98",
        "Content-Type": "application/json; odata.metadata=none; odata.streaming=true; charset=utf-8",
        "Date": "Tue, 31 Oct 2023 23:26:09 GMT",
        "elapsed-time": "49",
        "OData-Version": "4.0",
        "Preference-Applied": "odata.include-annotations=\u0022*\u0022",
        "request-id": "823fcf7f-5e53-2d8a-ac5d-874c784d9c98",
        "Server": "Microsoft-IIS/10.0",
        "Strict-Transport-Security": [
          "max-age=2592000",
          "max-age=15724800; includeSubDomains"
        ],
        "Transfer-Encoding": "chunked",
        "x-ms-client-request-id": "823fcf7f-5e53-2d8a-ac5d-874c784d9c98"
      },
      "ResponseBody": {
        "value": [
          {
            "key": "1",
            "status": true,
            "errorMessage": null,
            "statusCode": 201
          },
          {
            "key": "2",
            "status": true,
            "errorMessage": null,
            "statusCode": 201
          },
          {
            "key": "3",
            "status": false,
            "errorMessage": "Document not found.",
            "statusCode": 404
          },
          {
            "key": "4",
            "status": true,
            "errorMessage": null,
            "statusCode": 200
          },
          {
            "key": "5",
            "status": true,
            "errorMessage": null,
            "statusCode": 201
          }
        ]
      }
    },
    {
      "RequestUri": "https://azs-net-shrejasearchservice.search.windows.net/indexes(\u0027lfcajyfh\u0027)/docs/$count?api-version=2023-11-01",
      "RequestMethod": "GET",
      "RequestHeaders": {
        "Accept": "application/json; odata.metadata=none",
        "api-key": "Sanitized",
        "traceparent": "00-ac0e28f56a2a70a6607968ce143fbe35-249651ff3d6ecf8e-00",
        "User-Agent": "azsdk-net-Search.Documents/11.5.0-alpha.20231031.1 (.NET 7.0.13; Microsoft Windows 10.0.22621)",
        "x-ms-client-request-id": "2a215e90c7bef1a43a7a34252a36203e",
        "x-ms-return-client-request-id": "true"
      },
      "RequestBody": null,
      "StatusCode": 200,
      "ResponseHeaders": {
        "client-request-id": "2a215e90-c7be-f1a4-3a7a-34252a36203e",
        "Content-Type": "text/plain; charset=utf-8",
        "Date": "Tue, 31 Oct 2023 23:26:12 GMT",
        "elapsed-time": "4",
        "OData-Version": "4.0",
        "Preference-Applied": "odata.include-annotations=\u0022*\u0022",
        "request-id": "2a215e90-c7be-f1a4-3a7a-34252a36203e",
        "Server": "Microsoft-IIS/10.0",
        "Strict-Transport-Security": [
          "max-age=2592000",
          "max-age=15724800; includeSubDomains"
        ],
        "Transfer-Encoding": "chunked",
        "x-ms-client-request-id": "2a215e90-c7be-f1a4-3a7a-34252a36203e"
      },
      "ResponseBody": 3
    },
    {
      "RequestUri": "https://azs-net-shrejasearchservice.search.windows.net/indexes(\u0027lfcajyfh\u0027)?api-version=2023-11-01",
      "RequestMethod": "DELETE",
      "RequestHeaders": {
        "Accept": "application/json; odata.metadata=minimal",
        "api-key": "Sanitized",
        "traceparent": "00-fea53f6a00c65e9aaf8aa03c7e026802-28615011a970a190-00",
        "User-Agent": "azsdk-net-Search.Documents/11.5.0-alpha.20231031.1 (.NET 7.0.13; Microsoft Windows 10.0.22621)",
        "x-ms-client-request-id": "a754641b021b342e999492e914ebfc05",
        "x-ms-return-client-request-id": "true"
      },
      "RequestBody": null,
      "StatusCode": 204,
      "ResponseHeaders": {
        "client-request-id": "a754641b-021b-342e-9994-92e914ebfc05",
        "Date": "Tue, 31 Oct 2023 23:26:12 GMT",
        "elapsed-time": "128",
        "Preference-Applied": "odata.include-annotations=\u0022*\u0022",
        "request-id": "a754641b-021b-342e-9994-92e914ebfc05",
        "Server": "Microsoft-IIS/10.0",
        "Strict-Transport-Security": [
          "max-age=2592000",
          "max-age=15724800; includeSubDomains"
        ],
        "x-ms-client-request-id": "a754641b-021b-342e-9994-92e914ebfc05"
      },
      "ResponseBody": null
    }
  ],
  "Variables": {
    "RandomSeed": "1438879086",
    "SearchIndexName": "lfcajyfh",
    "SEARCH_ADMIN_API_KEY": "Sanitized",
    "SEARCH_ENDPOINT_SUFFIX": "search.windows.net",
    "SEARCH_SERVICE_NAME": "azs-net-shrejasearchservice"
  }
}
