{
  "Entries": [
    {
      "RequestUri": "https://Sanitized.openai.azure.com/openai/files?api-version=2024-12-01-preview",
      "RequestMethod": "POST",
      "RequestHeaders": {
        "Accept": "application/json",
        "api-key": "Sanitized",
        "Content-Length": "6733",
        "Content-Type": "multipart/form-data; boundary=***",
        "User-Agent": "azsdk-net-AI.OpenAI/2.2.0-beta.4 (.NET 8.0.14; Microsoft Windows 10.0.26100)",
        "x-ms-client-request-id": "Sanitized"
      },
      "RequestBody": null,
      "StatusCode": 201,
      "ResponseHeaders": {
        "api-supported-versions": "2022-12-01,2023-03-15-preview,2023-05-15,2023-06-01-preview,2023-07-01-preview,2023-08-01-preview,2023-09-01-preview,2023-10-01-preview,2023-12-01-preview,2024-02-01,2024-02-15-preview,2024-03-01-preview,2024-04-01-preview,2024-04-15-preview,2024-05-01-preview,2024-06-01,2024-07-01-preview,2024-08-01-preview,2024-09-01-preview,2024-10-01-preview,2024-10-21,2024-11-01-preview,2024-12-01-preview,2025-01-01-preview,2025-02-01-preview,2025-03-01-preview",
        "apim-request-id": "4e2e5e65-c83e-4627-98db-7bf11ce51d2d",
        "Content-Type": "application/json; charset=utf-8",
        "Date": "Mon, 31 Mar 2025 16:13:31 GMT",
        "Location": "https://openai-sdk-test-automation-account-sweden-central.openai.azure.com/openai/files/file-e09ea0b6dff547b2bc07d1db7587b697?api-version=2024-12-01-preview",
        "Strict-Transport-Security": "max-age=31536000; includeSubDomains; preload",
        "Transfer-Encoding": "chunked",
        "X-Content-Type-Options": "nosniff",
        "x-ms-middleware-request-id": "ea0230d4-edf8-488e-b3b0-cdbba4541741",
        "x-ms-region": "Sweden Central"
      },
      "ResponseBody": {
        "status": "pending",
        "bytes": 6254,
        "purpose": "fine-tune",
        "filename": "Assets\\fine_tuning.jsonl",
        "id": "file-e09ea0b6dff547b2bc07d1db7587b697",
        "created_at": 1743437611,
        "object": "file"
      }
    },
    {
      "RequestUri": "https://Sanitized.openai.azure.com/openai/files/file-e09ea0b6dff547b2bc07d1db7587b697?api-version=2024-12-01-preview",
      "RequestMethod": "GET",
      "RequestHeaders": {
        "Accept": "application/json",
        "api-key": "Sanitized",
        "User-Agent": "azsdk-net-AI.OpenAI/2.2.0-beta.4 (.NET 8.0.14; Microsoft Windows 10.0.26100)",
        "x-ms-client-request-id": "Sanitized"
      },
      "RequestBody": null,
      "StatusCode": 200,
      "ResponseHeaders": {
        "api-supported-versions": "2022-12-01,2023-03-15-preview,2023-05-15,2023-06-01-preview,2023-07-01-preview,2023-08-01-preview,2023-09-01-preview,2023-10-01-preview,2023-12-01-preview,2024-02-01,2024-02-15-preview,2024-03-01-preview,2024-04-01-preview,2024-04-15-preview,2024-05-01-preview,2024-06-01,2024-07-01-preview,2024-08-01-preview,2024-09-01-preview,2024-10-01-preview,2024-10-21,2024-11-01-preview,2024-12-01-preview,2025-01-01-preview,2025-02-01-preview,2025-03-01-preview",
        "apim-request-id": "6718d78e-ea19-420a-b9d4-8588a20618d4",
        "Content-Type": "application/json; charset=utf-8",
        "Date": "Mon, 31 Mar 2025 16:13:36 GMT",
        "Strict-Transport-Security": "max-age=31536000; includeSubDomains; preload",
        "Transfer-Encoding": "chunked",
        "X-Content-Type-Options": "nosniff",
        "x-envoy-upstream-service-time": "26",
        "x-ms-region": "Sweden Central"
      },
      "ResponseBody": {
        "status": "processed",
        "bytes": 6254,
        "purpose": "fine-tune",
        "filename": "Assets\\fine_tuning.jsonl",
        "id": "file-e09ea0b6dff547b2bc07d1db7587b697",
        "created_at": 1743437611,
        "object": "file"
      }
    },
    {
      "RequestUri": "https://Sanitized.openai.azure.com/openai/fine_tuning/jobs?api-version=2024-12-01-preview",
      "RequestMethod": "POST",
      "RequestHeaders": {
        "Accept": "application/json",
        "api-key": "Sanitized",
        "Content-Length": "146",
        "Content-Type": "application/json",
        "User-Agent": "azsdk-net-AI.OpenAI/2.2.0-beta.4 (.NET 8.0.14; Microsoft Windows 10.0.26100)",
        "x-ms-client-request-id": "Sanitized"
      },
      "RequestBody": {
        "model": "gpt-4o-mini",
        "training_file": "file-e09ea0b6dff547b2bc07d1db7587b697",
        "method": {
          "type": "supervised",
          "supervised": {
            "hyperparameters": {}
          }
        }
      },
      "StatusCode": 201,
      "ResponseHeaders": {
        "api-supported-versions": "2022-12-01,2023-03-15-preview,2023-05-15,2023-06-01-preview,2023-07-01-preview,2023-08-01-preview,2023-09-01-preview,2023-10-01-preview,2023-12-01-preview,2024-02-01,2024-02-15-preview,2024-03-01-preview,2024-04-01-preview,2024-04-15-preview,2024-05-01-preview,2024-06-01,2024-07-01-preview,2024-08-01-preview,2024-09-01-preview,2024-10-01-preview,2024-10-21,2024-11-01-preview,2024-12-01-preview,2025-01-01-preview,2025-02-01-preview,2025-03-01-preview",
        "apim-request-id": "ae159faa-d2a9-49fa-838f-3efa596efd03",
        "Content-Type": "application/json; charset=utf-8",
        "Date": "Mon, 31 Mar 2025 16:13:37 GMT",
        "Location": "https://openai-sdk-test-automation-account-sweden-central.openai.azure.com/openai/fine_tuning/ftjob-cecd2bf014384d408f7f02d958ba5772?api-version=2024-12-01-preview",
        "Strict-Transport-Security": "max-age=31536000; includeSubDomains; preload",
        "Transfer-Encoding": "chunked",
        "X-Content-Type-Options": "nosniff",
        "x-envoy-upstream-service-time": "136",
        "x-ms-region": "Sweden Central"
      },
      "ResponseBody": {
        "hyperparameters": {
          "n_epochs": -1,
          "batch_size": -1,
          "learning_rate_multiplier": 1
        },
        "seed": 195605096,
        "method": {
          "type": "supervised"
        },
        "status": "pending",
        "model": "gpt-4o-mini-2024-07-18",
        "training_file": "file-e09ea0b6dff547b2bc07d1db7587b697",
        "estimated_finish": 1743438517,
        "id": "ftjob-cecd2bf014384d408f7f02d958ba5772",
        "created_at": 1743437617,
        "object": "fine_tuning.job"
      }
    },
    {
      "RequestUri": "https://Sanitized.openai.azure.com/openai/fine_tuning/jobs/ftjob-cecd2bf014384d408f7f02d958ba5772/cancel?api-version=2024-12-01-preview",
      "RequestMethod": "POST",
      "RequestHeaders": {
        "Accept": "application/json",
        "api-key": "Sanitized",
        "Content-Length": "0",
        "User-Agent": "azsdk-net-AI.OpenAI/2.2.0-beta.4 (.NET 8.0.14; Microsoft Windows 10.0.26100)",
        "x-ms-client-request-id": "Sanitized"
      },
      "RequestBody": null,
      "StatusCode": 200,
      "ResponseHeaders": {
        "api-supported-versions": "2022-12-01,2023-03-15-preview,2023-05-15,2023-06-01-preview,2023-07-01-preview,2023-08-01-preview,2023-09-01-preview,2023-10-01-preview,2023-12-01-preview,2024-02-01,2024-02-15-preview,2024-03-01-preview,2024-04-01-preview,2024-04-15-preview,2024-05-01-preview,2024-06-01,2024-07-01-preview,2024-08-01-preview,2024-09-01-preview,2024-10-01-preview,2024-10-21,2024-11-01-preview,2024-12-01-preview,2025-01-01-preview,2025-02-01-preview,2025-03-01-preview",
        "apim-request-id": "23d9ccc4-34b3-4303-a2c4-1dc9427b5009",
        "Content-Type": "application/json; charset=utf-8",
        "Date": "Mon, 31 Mar 2025 16:13:37 GMT",
        "Strict-Transport-Security": "max-age=31536000; includeSubDomains; preload",
        "Transfer-Encoding": "chunked",
        "X-Content-Type-Options": "nosniff",
        "x-envoy-upstream-service-time": "48",
        "x-ms-region": "Sweden Central"
      },
      "ResponseBody": {
        "hyperparameters": {
          "n_epochs": -1,
          "batch_size": -1,
          "learning_rate_multiplier": 1
        },
        "seed": 195605096,
        "method": {
          "type": "supervised"
        },
        "status": "cancelled",
        "model": "gpt-4o-mini-2024-07-18",
        "training_file": "file-e09ea0b6dff547b2bc07d1db7587b697",
        "finished_at": 1743437617,
        "estimated_finish": 1743438517,
        "id": "ftjob-cecd2bf014384d408f7f02d958ba5772",
        "created_at": 1743437617,
        "object": "fine_tuning.job"
      }
    },
    {
      "RequestUri": "https://Sanitized.openai.azure.com/openai/fine_tuning/jobs/ftjob-cecd2bf014384d408f7f02d958ba5772?api-version=2024-12-01-preview",
      "RequestMethod": "DELETE",
      "RequestHeaders": {
        "Accept": "application/json",
        "api-key": "Sanitized",
        "User-Agent": "azsdk-net-AI.OpenAI/2.2.0-beta.4 (.NET 8.0.14; Microsoft Windows 10.0.26100)",
        "x-ms-client-request-id": "Sanitized"
      },
      "RequestBody": null,
      "StatusCode": 204,
      "ResponseHeaders": {
        "api-supported-versions": "2022-12-01,2023-03-15-preview,2023-05-15,2023-06-01-preview,2023-07-01-preview,2023-08-01-preview,2023-09-01-preview,2023-10-01-preview,2023-12-01-preview,2024-02-01,2024-02-15-preview,2024-03-01-preview,2024-04-01-preview,2024-04-15-preview,2024-05-01-preview,2024-06-01,2024-07-01-preview,2024-08-01-preview,2024-09-01-preview,2024-10-01-preview,2024-10-21,2024-11-01-preview,2024-12-01-preview,2025-01-01-preview,2025-02-01-preview,2025-03-01-preview",
        "apim-request-id": "f2aa72d8-c983-4b04-adec-b22b28ce9bf8",
        "Content-Length": "0",
        "Date": "Mon, 31 Mar 2025 16:13:37 GMT",
        "Strict-Transport-Security": "max-age=31536000; includeSubDomains; preload",
        "X-Content-Type-Options": "nosniff",
        "x-envoy-upstream-service-time": "50",
        "x-ms-region": "Sweden Central"
      },
      "ResponseBody": null
    },
    {
      "RequestUri": "https://Sanitized.openai.azure.com/fine_tuning/jobs/ftjob-cecd2bf014384d408f7f02d958ba5772",
      "RequestMethod": "GET",
      "RequestHeaders": {
        "Accept": "application/json",
        "api-key": "Sanitized",
        "User-Agent": "azsdk-net-AI.OpenAI/2.2.0-beta.4 (.NET 8.0.14; Microsoft Windows 10.0.26100)",
        "x-ms-client-request-id": "Sanitized"
      },
      "RequestBody": null,
      "StatusCode": 404,
      "ResponseHeaders": {
        "apim-request-id": "6f5f16a5-25b2-4829-87cf-c19245e36f8c",
        "Content-Length": "56",
        "Content-Type": "application/json",
        "Date": "Mon, 31 Mar 2025 16:13:37 GMT",
        "Strict-Transport-Security": "max-age=31536000; includeSubDomains; preload",
        "X-Content-Type-Options": "nosniff"
      },
      "ResponseBody": {
        "error": {
          "code": "404",
          "message": "Resource not found"
        }
      }
    },
    {
      "RequestUri": "https://Sanitized.openai.azure.com/openai/files/file-e09ea0b6dff547b2bc07d1db7587b697?api-version=2024-12-01-preview",
      "RequestMethod": "DELETE",
      "RequestHeaders": {
        "Accept": "application/json",
        "api-key": "Sanitized",
        "User-Agent": "azsdk-net-AI.OpenAI/2.2.0-beta.4 (.NET 8.0.14; Microsoft Windows 10.0.26100)",
        "x-ms-client-request-id": "Sanitized"
      },
      "RequestBody": null,
      "StatusCode": 200,
      "ResponseHeaders": {
        "api-supported-versions": "2022-12-01,2023-03-15-preview,2023-05-15,2023-06-01-preview,2023-07-01-preview,2023-08-01-preview,2023-09-01-preview,2023-10-01-preview,2023-12-01-preview,2024-02-01,2024-02-15-preview,2024-03-01-preview,2024-04-01-preview,2024-04-15-preview,2024-05-01-preview,2024-06-01,2024-07-01-preview,2024-08-01-preview,2024-09-01-preview,2024-10-01-preview,2024-10-21,2024-11-01-preview,2024-12-01-preview,2025-01-01-preview,2025-02-01-preview,2025-03-01-preview",
        "apim-request-id": "745e4987-f441-4d22-a69a-445aaae6cc04",
        "Content-Type": "application/json; charset=utf-8",
        "Date": "Mon, 31 Mar 2025 16:13:37 GMT",
        "Strict-Transport-Security": "max-age=31536000; includeSubDomains; preload",
        "Transfer-Encoding": "chunked",
        "X-Content-Type-Options": "nosniff",
        "x-envoy-upstream-service-time": "69",
        "x-ms-region": "Sweden Central"
      },
      "ResponseBody": {
        "object": "file",
        "deleted": true,
        "id": "file-e09ea0b6dff547b2bc07d1db7587b697"
      }
    },
    {
      "RequestUri": "https://Sanitized.openai.azure.com/openai/files/file-e09ea0b6dff547b2bc07d1db7587b697?api-version=2025-03-01-preview",
      "RequestMethod": "DELETE",
      "RequestHeaders": {
        "Accept": "application/json",
        "api-key": "Sanitized",
        "User-Agent": "azsdk-net-AI.OpenAI/2.2.0-beta.4 (.NET 8.0.14; Microsoft Windows 10.0.26100)",
        "x-ms-client-request-id": "Sanitized"
      },
      "RequestBody": null,
      "StatusCode": 200,
      "ResponseHeaders": {
        "api-supported-versions": "2022-12-01,2023-03-15-preview,2023-05-15,2023-06-01-preview,2023-07-01-preview,2023-08-01-preview,2023-09-01-preview,2023-10-01-preview,2023-12-01-preview,2024-02-01,2024-02-15-preview,2024-03-01-preview,2024-04-01-preview,2024-04-15-preview,2024-05-01-preview,2024-06-01,2024-07-01-preview,2024-08-01-preview,2024-09-01-preview,2024-10-01-preview,2024-10-21,2024-11-01-preview,2024-12-01-preview,2025-01-01-preview,2025-02-01-preview,2025-03-01-preview",
        "apim-request-id": "b1d4bf6a-af57-4f26-8f8c-b57efd60e062",
        "Content-Type": "application/json; charset=utf-8",
        "Date": "Mon, 31 Mar 2025 16:13:38 GMT",
        "Strict-Transport-Security": "max-age=31536000; includeSubDomains; preload",
        "Transfer-Encoding": "chunked",
        "X-Content-Type-Options": "nosniff",
        "x-envoy-upstream-service-time": "24",
        "x-ms-region": "Sweden Central"
      },
      "ResponseBody": {
        "object": "file",
        "deleted": false,
        "id": "file-e09ea0b6dff547b2bc07d1db7587b697"
      }
    }
  ],
  "Variables": {
    "RandomSeed": "1831619426"
  }
}
