{
  "Entries": [
    {
      "RequestUri": "https://Sanitized.openai.azure.com/openai/files?api-version=2024-12-01-preview",
      "RequestMethod": "POST",
      "RequestHeaders": {
        "Accept": "application/json",
        "api-key": "Sanitized",
        "Content-Length": "6688",
        "Content-Type": "multipart/form-data; boundary=***",
        "User-Agent": "azsdk-net-AI.OpenAI/2.2.0-beta.1 (.NET 8.0.12; Microsoft Windows 10.0.26100)",
        "x-ms-client-request-id": "Sanitized"
      },
      "RequestBody": null,
      "StatusCode": 201,
      "ResponseHeaders": {
        "api-supported-versions": "2022-12-01,2023-03-15-preview,2023-05-15,2023-06-01-preview,2023-07-01-preview,2023-08-01-preview,2023-09-01-preview,2023-10-01-preview,2023-12-01-preview,2024-02-01,2024-02-15-preview,2024-03-01-preview,2024-04-01-preview,2024-04-15-preview,2024-05-01-preview,2024-06-01,2024-07-01-preview,2024-08-01-preview,2024-09-01-preview,2024-10-01-preview,2024-10-21,2024-11-01-preview,2024-12-01-preview,2025-01-01-preview",
        "apim-request-id": "943842fc-20bf-43b3-803e-93c05a12f60f",
        "Content-Type": "application/json; charset=utf-8",
        "Date": "Mon, 27 Jan 2025 20:18:35 GMT",
        "Location": "https://openai-sdk-test-automation-account-sweden-central.openai.azure.com/openai/files/file-c82ac623102142d888fb5cceca16942e?api-version=2024-12-01-preview",
        "Strict-Transport-Security": "max-age=31536000; includeSubDomains; preload",
        "Transfer-Encoding": "chunked",
        "X-Content-Type-Options": "nosniff",
        "x-ms-middleware-request-id": "0e1e8944-4acc-499f-a3a3-088f2d408d90",
        "x-ms-region": "Sweden Central"
      },
      "ResponseBody": {
        "status": "pending",
        "bytes": 6254,
        "purpose": "fine-tune",
        "filename": "Assets\\fine_tuning.jsonl",
        "id": "file-c82ac623102142d888fb5cceca16942e",
        "created_at": 1738009116,
        "object": "file"
      }
    },
    {
      "RequestUri": "https://Sanitized.openai.azure.com/openai/files/file-c82ac623102142d888fb5cceca16942e?api-version=2024-12-01-preview",
      "RequestMethod": "GET",
      "RequestHeaders": {
        "Accept": "application/json",
        "api-key": "Sanitized",
        "User-Agent": "azsdk-net-AI.OpenAI/2.2.0-beta.1 (.NET 8.0.12; Microsoft Windows 10.0.26100)",
        "x-ms-client-request-id": "Sanitized"
      },
      "RequestBody": null,
      "StatusCode": 200,
      "ResponseHeaders": {
        "api-supported-versions": "2022-12-01,2023-03-15-preview,2023-05-15,2023-06-01-preview,2023-07-01-preview,2023-08-01-preview,2023-09-01-preview,2023-10-01-preview,2023-12-01-preview,2024-02-01,2024-02-15-preview,2024-03-01-preview,2024-04-01-preview,2024-04-15-preview,2024-05-01-preview,2024-06-01,2024-07-01-preview,2024-08-01-preview,2024-09-01-preview,2024-10-01-preview,2024-10-21,2024-11-01-preview,2024-12-01-preview,2025-01-01-preview",
        "apim-request-id": "3797e2d8-1e3d-484a-9e0b-70843af776b0",
        "Content-Type": "application/json; charset=utf-8",
        "Date": "Mon, 27 Jan 2025 20:18:41 GMT",
        "Strict-Transport-Security": "max-age=31536000; includeSubDomains; preload",
        "Transfer-Encoding": "chunked",
        "X-Content-Type-Options": "nosniff",
        "x-envoy-upstream-service-time": "26",
        "x-ms-region": "Sweden Central"
      },
      "ResponseBody": {
        "status": "processed",
        "bytes": 6254,
        "purpose": "fine-tune",
        "filename": "Assets\\fine_tuning.jsonl",
        "id": "file-c82ac623102142d888fb5cceca16942e",
        "created_at": 1738009116,
        "object": "file"
      }
    },
    {
      "RequestUri": "https://Sanitized.openai.azure.com/openai/fine_tuning/jobs?api-version=2024-12-01-preview",
      "RequestMethod": "POST",
      "RequestHeaders": {
        "Accept": "application/json",
        "api-key": "Sanitized",
        "Content-Length": "106",
        "Content-Type": "application/json",
        "User-Agent": "azsdk-net-AI.OpenAI/2.2.0-beta.1 (.NET 8.0.12; Microsoft Windows 10.0.26100)",
        "x-ms-client-request-id": "Sanitized"
      },
      "RequestBody": {
        "training_file": "file-c82ac623102142d888fb5cceca16942e",
        "model": "gpt-35-turbo-0613",
        "hyperparameters": {}
      },
      "StatusCode": 201,
      "ResponseHeaders": {
        "api-supported-versions": "2022-12-01,2023-03-15-preview,2023-05-15,2023-06-01-preview,2023-07-01-preview,2023-08-01-preview,2023-09-01-preview,2023-10-01-preview,2023-12-01-preview,2024-02-01,2024-02-15-preview,2024-03-01-preview,2024-04-01-preview,2024-04-15-preview,2024-05-01-preview,2024-06-01,2024-07-01-preview,2024-08-01-preview,2024-09-01-preview,2024-10-01-preview,2024-10-21,2024-11-01-preview,2024-12-01-preview,2025-01-01-preview",
        "apim-request-id": "83c3db79-aedb-4314-be18-41b103ec8239",
        "Content-Type": "application/json; charset=utf-8",
        "Date": "Mon, 27 Jan 2025 20:18:41 GMT",
        "Location": "https://openai-sdk-test-automation-account-sweden-central.openai.azure.com/openai/fine_tuning/ftjob-1950f757f72d4c4e968a32befeb87c36?api-version=2024-12-01-preview",
        "Strict-Transport-Security": "max-age=31536000; includeSubDomains; preload",
        "Transfer-Encoding": "chunked",
        "X-Content-Type-Options": "nosniff",
        "x-envoy-upstream-service-time": "122",
        "x-ms-region": "Sweden Central"
      },
      "ResponseBody": {
        "hyperparameters": {
          "n_epochs": -1,
          "batch_size": -1,
          "learning_rate_multiplier": 1
        },
        "seed": 1547012981,
        "status": "pending",
        "model": "gpt-35-turbo-0613",
        "training_file": "file-c82ac623102142d888fb5cceca16942e",
        "estimated_finish": 1738010024,
        "id": "ftjob-1950f757f72d4c4e968a32befeb87c36",
        "created_at": 1738009122,
        "object": "fine_tuning.job"
      }
    },
    {
      "RequestUri": "https://Sanitized.openai.azure.com/openai/fine_tuning/jobs/ftjob-1950f757f72d4c4e968a32befeb87c36/cancel?api-version=2024-12-01-preview",
      "RequestMethod": "POST",
      "RequestHeaders": {
        "Accept": "application/json",
        "api-key": "Sanitized",
        "Content-Length": "0",
        "User-Agent": "azsdk-net-AI.OpenAI/2.2.0-beta.1 (.NET 8.0.12; Microsoft Windows 10.0.26100)",
        "x-ms-client-request-id": "Sanitized"
      },
      "RequestBody": null,
      "StatusCode": 200,
      "ResponseHeaders": {
        "api-supported-versions": "2022-12-01,2023-03-15-preview,2023-05-15,2023-06-01-preview,2023-07-01-preview,2023-08-01-preview,2023-09-01-preview,2023-10-01-preview,2023-12-01-preview,2024-02-01,2024-02-15-preview,2024-03-01-preview,2024-04-01-preview,2024-04-15-preview,2024-05-01-preview,2024-06-01,2024-07-01-preview,2024-08-01-preview,2024-09-01-preview,2024-10-01-preview,2024-10-21,2024-11-01-preview,2024-12-01-preview,2025-01-01-preview",
        "apim-request-id": "72fa697e-ee56-46e7-a240-bdb754872fde",
        "Content-Type": "application/json; charset=utf-8",
        "Date": "Mon, 27 Jan 2025 20:18:41 GMT",
        "Strict-Transport-Security": "max-age=31536000; includeSubDomains; preload",
        "Transfer-Encoding": "chunked",
        "X-Content-Type-Options": "nosniff",
        "x-envoy-upstream-service-time": "52",
        "x-ms-region": "Sweden Central"
      },
      "ResponseBody": {
        "hyperparameters": {
          "n_epochs": -1,
          "batch_size": -1,
          "learning_rate_multiplier": 1
        },
        "seed": 1547012981,
        "status": "cancelled",
        "model": "gpt-35-turbo-0613",
        "training_file": "file-c82ac623102142d888fb5cceca16942e",
        "finished_at": 1738009122,
        "estimated_finish": 1738010024,
        "id": "ftjob-1950f757f72d4c4e968a32befeb87c36",
        "created_at": 1738009122,
        "object": "fine_tuning.job"
      }
    },
    {
      "RequestUri": "https://Sanitized.openai.azure.com/openai/fine_tuning/jobs/ftjob-1950f757f72d4c4e968a32befeb87c36?api-version=2024-12-01-preview",
      "RequestMethod": "GET",
      "RequestHeaders": {
        "Accept": "application/json",
        "api-key": "Sanitized",
        "User-Agent": "azsdk-net-AI.OpenAI/2.2.0-beta.1 (.NET 8.0.12; Microsoft Windows 10.0.26100)",
        "x-ms-client-request-id": "Sanitized"
      },
      "RequestBody": null,
      "StatusCode": 200,
      "ResponseHeaders": {
        "api-supported-versions": "2022-12-01,2023-03-15-preview,2023-05-15,2023-06-01-preview,2023-07-01-preview,2023-08-01-preview,2023-09-01-preview,2023-10-01-preview,2023-12-01-preview,2024-02-01,2024-02-15-preview,2024-03-01-preview,2024-04-01-preview,2024-04-15-preview,2024-05-01-preview,2024-06-01,2024-07-01-preview,2024-08-01-preview,2024-09-01-preview,2024-10-01-preview,2024-10-21,2024-11-01-preview,2024-12-01-preview,2025-01-01-preview",
        "apim-request-id": "e1c0779a-d039-4967-8224-51422bcf9396",
        "Content-Type": "application/json; charset=utf-8",
        "Date": "Mon, 27 Jan 2025 20:18:42 GMT",
        "Strict-Transport-Security": "max-age=31536000; includeSubDomains; preload",
        "Transfer-Encoding": "chunked",
        "X-Content-Type-Options": "nosniff",
        "x-envoy-upstream-service-time": "25",
        "x-ms-region": "Sweden Central"
      },
      "ResponseBody": {
        "hyperparameters": {
          "n_epochs": -1,
          "batch_size": -1,
          "learning_rate_multiplier": 1
        },
        "seed": 1547012981,
        "status": "cancelled",
        "model": "gpt-35-turbo-0613",
        "training_file": "file-c82ac623102142d888fb5cceca16942e",
        "finished_at": 1738009122,
        "estimated_finish": 1738010024,
        "id": "ftjob-1950f757f72d4c4e968a32befeb87c36",
        "created_at": 1738009122,
        "object": "fine_tuning.job"
      }
    },
    {
      "RequestUri": "https://Sanitized.openai.azure.com/openai/fine_tuning/jobs/ftjob-1950f757f72d4c4e968a32befeb87c36?api-version=2024-12-01-preview",
      "RequestMethod": "GET",
      "RequestHeaders": {
        "Accept": "application/json",
        "api-key": "Sanitized",
        "User-Agent": "azsdk-net-AI.OpenAI/2.2.0-beta.1 (.NET 8.0.12; Microsoft Windows 10.0.26100)",
        "x-ms-client-request-id": "Sanitized"
      },
      "RequestBody": null,
      "StatusCode": 200,
      "ResponseHeaders": {
        "api-supported-versions": "2022-12-01,2023-03-15-preview,2023-05-15,2023-06-01-preview,2023-07-01-preview,2023-08-01-preview,2023-09-01-preview,2023-10-01-preview,2023-12-01-preview,2024-02-01,2024-02-15-preview,2024-03-01-preview,2024-04-01-preview,2024-04-15-preview,2024-05-01-preview,2024-06-01,2024-07-01-preview,2024-08-01-preview,2024-09-01-preview,2024-10-01-preview,2024-10-21,2024-11-01-preview,2024-12-01-preview,2025-01-01-preview",
        "apim-request-id": "4a361df9-d829-401e-8938-db30866988b0",
        "Content-Type": "application/json; charset=utf-8",
        "Date": "Mon, 27 Jan 2025 20:18:43 GMT",
        "Strict-Transport-Security": "max-age=31536000; includeSubDomains; preload",
        "Transfer-Encoding": "chunked",
        "X-Content-Type-Options": "nosniff",
        "x-envoy-upstream-service-time": "25",
        "x-ms-region": "Sweden Central"
      },
      "ResponseBody": {
        "hyperparameters": {
          "n_epochs": -1,
          "batch_size": -1,
          "learning_rate_multiplier": 1
        },
        "seed": 1547012981,
        "status": "cancelled",
        "model": "gpt-35-turbo-0613",
        "training_file": "file-c82ac623102142d888fb5cceca16942e",
        "finished_at": 1738009122,
        "estimated_finish": 1738010024,
        "id": "ftjob-1950f757f72d4c4e968a32befeb87c36",
        "created_at": 1738009122,
        "object": "fine_tuning.job"
      }
    },
    {
      "RequestUri": "https://Sanitized.openai.azure.com/openai/fine_tuning/jobs/ftjob-1950f757f72d4c4e968a32befeb87c36?api-version=2024-12-01-preview",
      "RequestMethod": "DELETE",
      "RequestHeaders": {
        "Accept": "application/json",
        "api-key": "Sanitized",
        "User-Agent": "azsdk-net-AI.OpenAI/2.2.0-beta.1 (.NET 8.0.12; Microsoft Windows 10.0.26100)",
        "x-ms-client-request-id": "Sanitized"
      },
      "RequestBody": null,
      "StatusCode": 204,
      "ResponseHeaders": {
        "api-supported-versions": "2022-12-01,2023-03-15-preview,2023-05-15,2023-06-01-preview,2023-07-01-preview,2023-08-01-preview,2023-09-01-preview,2023-10-01-preview,2023-12-01-preview,2024-02-01,2024-02-15-preview,2024-03-01-preview,2024-04-01-preview,2024-04-15-preview,2024-05-01-preview,2024-06-01,2024-07-01-preview,2024-08-01-preview,2024-09-01-preview,2024-10-01-preview,2024-10-21,2024-11-01-preview,2024-12-01-preview,2025-01-01-preview",
        "apim-request-id": "6850ac11-339d-4280-95dd-67960d54d228",
        "Content-Length": "0",
        "Date": "Mon, 27 Jan 2025 20:18:43 GMT",
        "Strict-Transport-Security": "max-age=31536000; includeSubDomains; preload",
        "X-Content-Type-Options": "nosniff",
        "x-envoy-upstream-service-time": "56",
        "x-ms-region": "Sweden Central"
      },
      "ResponseBody": null
    },
    {
      "RequestUri": "https://Sanitized.openai.azure.com/openai/fine_tuning/jobs/ftjob-1950f757f72d4c4e968a32befeb87c36?api-version=2024-12-01-preview",
      "RequestMethod": "GET",
      "RequestHeaders": {
        "Accept": "application/json",
        "api-key": "Sanitized",
        "User-Agent": "azsdk-net-AI.OpenAI/2.2.0-beta.1 (.NET 8.0.12; Microsoft Windows 10.0.26100)",
        "x-ms-client-request-id": "Sanitized"
      },
      "RequestBody": null,
      "StatusCode": 404,
      "ResponseHeaders": {
        "api-supported-versions": "2022-12-01,2023-03-15-preview,2023-05-15,2023-06-01-preview,2023-07-01-preview,2023-08-01-preview,2023-09-01-preview,2023-10-01-preview,2023-12-01-preview,2024-02-01,2024-02-15-preview,2024-03-01-preview,2024-04-01-preview,2024-04-15-preview,2024-05-01-preview,2024-06-01,2024-07-01-preview,2024-08-01-preview,2024-09-01-preview,2024-10-01-preview,2024-10-21,2024-11-01-preview,2024-12-01-preview,2025-01-01-preview",
        "apim-request-id": "a392f273-c0a2-428c-8077-0cd299857b81",
        "Content-Type": "application/json; charset=utf-8",
        "Date": "Mon, 27 Jan 2025 20:18:43 GMT",
        "Strict-Transport-Security": "max-age=31536000; includeSubDomains; preload",
        "Transfer-Encoding": "chunked",
        "X-Content-Type-Options": "nosniff",
        "x-envoy-upstream-service-time": "25",
        "x-ms-region": "Sweden Central"
      },
      "ResponseBody": {
        "error": {
          "code": "notFound",
          "message": "The specified entity cannot be found."
        }
      }
    },
    {
      "RequestUri": "https://Sanitized.openai.azure.com/openai/files/file-c82ac623102142d888fb5cceca16942e?api-version=2025-01-01-preview",
      "RequestMethod": "DELETE",
      "RequestHeaders": {
        "Accept": "application/json",
        "api-key": "Sanitized",
        "User-Agent": "azsdk-net-AI.OpenAI/2.2.0-beta.1 (.NET 8.0.12; Microsoft Windows 10.0.26100)",
        "x-ms-client-request-id": "Sanitized"
      },
      "RequestBody": null,
      "StatusCode": 200,
      "ResponseHeaders": {
        "api-supported-versions": "2022-12-01,2023-03-15-preview,2023-05-15,2023-06-01-preview,2023-07-01-preview,2023-08-01-preview,2023-09-01-preview,2023-10-01-preview,2023-12-01-preview,2024-02-01,2024-02-15-preview,2024-03-01-preview,2024-04-01-preview,2024-04-15-preview,2024-05-01-preview,2024-06-01,2024-07-01-preview,2024-08-01-preview,2024-09-01-preview,2024-10-01-preview,2024-10-21,2024-11-01-preview,2024-12-01-preview,2025-01-01-preview",
        "apim-request-id": "c2eca58b-7b06-456a-a2bd-2aebdb9840f0",
        "Content-Type": "application/json; charset=utf-8",
        "Date": "Mon, 27 Jan 2025 20:18:43 GMT",
        "Strict-Transport-Security": "max-age=31536000; includeSubDomains; preload",
        "Transfer-Encoding": "chunked",
        "X-Content-Type-Options": "nosniff",
        "x-envoy-upstream-service-time": "68",
        "x-ms-region": "Sweden Central"
      },
      "ResponseBody": {
        "object": "file",
        "deleted": true,
        "id": "file-c82ac623102142d888fb5cceca16942e"
      }
    }
  ],
  "Variables": {
    "RandomSeed": "1632673381"
  }
}
