{
  "Entries": [
    {
      "RequestUri": "https://management.azure.com/subscriptions/00000000-0000-0000-0000-000000000/resourceGroups/00000/providers/Microsoft.MachineLearningServices/workspaces/00000/computes/cpu-cluster?api-version=2022-10-01-preview",
      "RequestMethod": "GET",
      "RequestHeaders": {
        "Accept": "application/json",
        "Accept-Encoding": "gzip, deflate",
        "Connection": "keep-alive",
        "User-Agent": "azure-ai-ml/1.12.0 az00000-python-mgmt-machinelearningservices/0.1.0 Python/3.8.12 (Windows-10-10.0.22621-SP0)"
      },
      "RequestBody": null,
      "StatusCode": 200,
      "ResponseHeaders": {
        "Cache-Control": "no-cache",
        "Content-Encoding": "gzip",
        "Content-Type": "application/json; charset=utf-8",
        "Date": "Thu, 26 Oct 2023 09:02:04 GMT",
        "Expires": "-1",
        "Pragma": "no-cache",
        "Request-Context": "appId=cid-v1:2d2e8e63-272e-4b3c-8598-4ee570a0e70d",
        "Strict-Transport-Security": "max-age=31536000; includeSubDomains",
        "Transfer-Encoding": "chunked",
        "Vary": [
          "Accept-Encoding",
          "Accept-Encoding"
        ],
        "x-aml-cluster": "vienna-eastus2-01",
        "X-Content-Type-Options": "nosniff",
        "x-ms-correlation-request-id": "3b2f2e5a-45a7-4a7f-af0e-95e93882b77b",
        "x-ms-ratelimit-remaining-subscription-reads": "11994",
        "x-ms-response-type": "standard",
        "x-ms-routing-request-id": "JAPANEAST:20231026T090205Z:3b2f2e5a-45a7-4a7f-af0e-95e93882b77b",
        "x-request-time": "0.055"
      },
      "ResponseBody": {
        "id": "/subscriptions/00000000-0000-0000-0000-000000000/resourceGroups/00000/providers/Microsoft.MachineLearningServices/workspaces/00000/computes/cpu-cluster",
        "name": "cpu-cluster",
        "type": "Microsoft.MachineLearningServices/workspaces/computes",
        "location": "eastus2",
        "tags": {},
        "properties": {
          "createdOn": "2023-05-22T04:38:38.5054857\u002B00:00",
          "modifiedOn": "2023-06-07T06:50:14.1013732\u002B00:00",
          "disableLocalAuth": false,
          "description": null,
          "resourceId": null,
          "computeType": "AmlCompute",
          "computeLocation": "eastus2",
          "provisioningState": "Succeeded",
          "provisioningErrors": null,
          "provisioningWarnings": null,
          "isAttachedCompute": false,
          "properties": {
            "vmSize": "STANDARD_DS3_V2",
            "vmPriority": "Dedicated",
            "scaleSettings": {
              "maxNodeCount": 3,
              "minNodeCount": 0,
              "nodeIdleTimeBeforeScaleDown": "PT2M"
            },
            "subnet": null,
            "currentNodeCount": 1,
            "targetNodeCount": 0,
            "nodeStateCounts": {
              "preparingNodeCount": 0,
              "runningNodeCount": 0,
              "idleNodeCount": 0,
              "unusableNodeCount": 0,
              "leavingNodeCount": 1,
              "preemptedNodeCount": 0
            },
            "allocationState": "Resizing",
            "allocationStateTransitionTime": "2023-10-26T08:59:15.808\u002B00:00",
            "errors": null,
            "remoteLoginPortPublicAccess": "Disabled",
            "osType": "Linux",
            "virtualMachineImage": null,
            "isolatedNetwork": false,
            "enableBatchPrivateLink": false,
            "propertyBag": {}
          }
        }
      }
    },
    {
      "RequestUri": "https://management.azure.com/subscriptions/00000000-0000-0000-0000-000000000/resourceGroups/00000/providers/Microsoft.MachineLearningServices/workspaces/00000/environments/CliV2AnonymousEnvironment/versions/d8f8b6c36aca3004ab0165518791127e?api-version=2023-04-01-preview",
      "RequestMethod": "PUT",
      "RequestHeaders": {
        "Accept": "application/json",
        "Accept-Encoding": "gzip, deflate",
        "Connection": "keep-alive",
        "Content-Length": "383",
        "Content-Type": "application/json",
        "User-Agent": "azure-ai-ml/1.12.0 az00000-python-mgmt-machinelearningservices/0.1.0 Python/3.8.12 (Windows-10-10.0.22621-SP0)"
      },
      "RequestBody": {
        "properties": {
          "isAnonymous": true,
          "isArchived": false,
          "condaFile": "channels:\n- defaults\ndependencies:\n- python=3.8.12\n- pip=21.2.2\n- pip:\n  - --extra-index-url=https://azureml00000testpypi.azureedge.net/00000-cli-v2\n  - mldesigner==0.0.72212755\n  - mlflow\n  - azureml-mlflow\nname: default_environment\n",
          "image": "mcr.microsoft.com/azureml/openmpi4.1.0-ubuntu22.04"
        }
      },
      "StatusCode": 201,
      "ResponseHeaders": {
        "Cache-Control": "no-cache",
        "Content-Length": "1472",
        "Content-Type": "application/json; charset=utf-8",
        "Date": "Thu, 26 Oct 2023 09:02:09 GMT",
        "Expires": "-1",
        "Location": "https://management.azure.com/subscriptions/00000000-0000-0000-0000-000000000/resourceGroups/00000/providers/Microsoft.MachineLearningServices/workspaces/00000/environments/CliV2AnonymousEnvironment/versions/d8f8b6c36aca3004ab0165518791127e?api-version=2023-04-01-preview",
        "Pragma": "no-cache",
        "Request-Context": "appId=cid-v1:2d2e8e63-272e-4b3c-8598-4ee570a0e70d",
        "Strict-Transport-Security": "max-age=31536000; includeSubDomains",
        "x-aml-cluster": "vienna-eastus2-01",
        "X-Content-Type-Options": "nosniff",
        "x-ms-correlation-request-id": "515fa7e6-6fbe-46f1-bfd2-4417e72a7b43",
        "x-ms-ratelimit-remaining-subscription-writes": "1198",
        "x-ms-response-type": "standard",
        "x-ms-routing-request-id": "JAPANEAST:20231026T090209Z:515fa7e6-6fbe-46f1-bfd2-4417e72a7b43",
        "x-request-time": "1.859"
      },
      "ResponseBody": {
        "id": "/subscriptions/00000000-0000-0000-0000-000000000/resourceGroups/00000/providers/Microsoft.MachineLearningServices/workspaces/00000/environments/CliV2AnonymousEnvironment/versions/d8f8b6c36aca3004ab0165518791127e",
        "name": "d8f8b6c36aca3004ab0165518791127e",
        "type": "Microsoft.MachineLearningServices/workspaces/environments/versions",
        "properties": {
          "description": null,
          "tags": {},
          "properties": {
            "azureml.labels": ""
          },
          "isArchived": false,
          "isAnonymous": true,
          "autoDeleteSetting": null,
          "environmentType": "UserCreated",
          "image": "mcr.microsoft.com/azureml/openmpi4.1.0-ubuntu22.04",
          "condaFile": "{\n  \u0022channels\u0022: [\n    \u0022defaults\u0022\n  ],\n  \u0022dependencies\u0022: [\n    \u0022python=3.8.12\u0022,\n    \u0022pip=21.2.2\u0022,\n    {\n      \u0022pip\u0022: [\n        \u0022--extra-index-url=https://azureml00000testpypi.azureedge.net/00000-cli-v2\u0022,\n        \u0022mldesigner==0.0.72212755\u0022,\n        \u0022mlflow\u0022,\n        \u0022azureml-mlflow\u0022\n      ]\n    }\n  ],\n  \u0022name\u0022: \u0022default_environment\u0022\n}",
          "osType": "Linux",
          "autoRebuild": "Disabled",
          "provisioningState": "Succeeded",
          "stage": "Logged",
          "intellectualProperty": null
        },
        "systemData": {
          "createdAt": "2023-05-24T02:59:00.4658489\u002B00:00",
          "createdBy": "Chenyang Zhang",
          "createdByType": "User",
          "lastModifiedAt": "2023-05-24T02:59:00.4658489\u002B00:00",
          "lastModifiedBy": "Chenyang Zhang",
          "lastModifiedByType": "User"
        }
      }
    },
    {
      "RequestUri": "https://management.azure.com/subscriptions/00000000-0000-0000-0000-000000000/resourceGroups/00000/providers/Microsoft.MachineLearningServices/workspaces/00000/environments/CliV2AnonymousEnvironment/versions/68c28b5e592bfb9e8b3d0d7706e8268e?api-version=2023-04-01-preview",
      "RequestMethod": "PUT",
      "RequestHeaders": {
        "Accept": "application/json",
        "Accept-Encoding": "gzip, deflate",
        "Connection": "keep-alive",
        "Content-Length": "395",
        "Content-Type": "application/json",
        "User-Agent": "azure-ai-ml/1.12.0 az00000-python-mgmt-machinelearningservices/0.1.0 Python/3.8.12 (Windows-10-10.0.22621-SP0)"
      },
      "RequestBody": {
        "properties": {
          "isAnonymous": true,
          "isArchived": false,
          "condaFile": "channels:\n- conda-forge\ndependencies:\n- python=3.7.10\n- numpy\n- pip\n- scikit-learn==0.19.1\n- scipy\n- pip:\n  - azureml-defaults\n  - inference-schema[numpy-support]\n  - joblib\n  - numpy\n  - scikit-learn==0.19.1\n  - scipy\nname: sklearn-aks-env\n",
          "image": "mcr.microsoft.com/azureml/openmpi4.1.0-ubuntu22.04"
        }
      },
      "StatusCode": 201,
      "ResponseHeaders": {
        "Cache-Control": "no-cache",
        "Content-Length": "1523",
        "Content-Type": "application/json; charset=utf-8",
        "Date": "Thu, 26 Oct 2023 09:02:10 GMT",
        "Expires": "-1",
        "Location": "https://management.azure.com/subscriptions/00000000-0000-0000-0000-000000000/resourceGroups/00000/providers/Microsoft.MachineLearningServices/workspaces/00000/environments/CliV2AnonymousEnvironment/versions/68c28b5e592bfb9e8b3d0d7706e8268e?api-version=2023-04-01-preview",
        "Pragma": "no-cache",
        "Request-Context": "appId=cid-v1:2d2e8e63-272e-4b3c-8598-4ee570a0e70d",
        "Strict-Transport-Security": "max-age=31536000; includeSubDomains",
        "x-aml-cluster": "vienna-eastus2-01",
        "X-Content-Type-Options": "nosniff",
        "x-ms-correlation-request-id": "ec263f40-3164-41ab-894e-f522360565aa",
        "x-ms-ratelimit-remaining-subscription-writes": "1197",
        "x-ms-response-type": "standard",
        "x-ms-routing-request-id": "JAPANEAST:20231026T090210Z:ec263f40-3164-41ab-894e-f522360565aa",
        "x-request-time": "0.349"
      },
      "ResponseBody": {
        "id": "/subscriptions/00000000-0000-0000-0000-000000000/resourceGroups/00000/providers/Microsoft.MachineLearningServices/workspaces/00000/environments/CliV2AnonymousEnvironment/versions/68c28b5e592bfb9e8b3d0d7706e8268e",
        "name": "68c28b5e592bfb9e8b3d0d7706e8268e",
        "type": "Microsoft.MachineLearningServices/workspaces/environments/versions",
        "properties": {
          "description": null,
          "tags": {},
          "properties": {
            "azureml.labels": ""
          },
          "isArchived": false,
          "isAnonymous": true,
          "autoDeleteSetting": null,
          "environmentType": "UserCreated",
          "image": "mcr.microsoft.com/azureml/openmpi4.1.0-ubuntu22.04",
          "condaFile": "{\n  \u0022channels\u0022: [\n    \u0022conda-forge\u0022\n  ],\n  \u0022dependencies\u0022: [\n    \u0022python=3.7.10\u0022,\n    \u0022numpy\u0022,\n    \u0022pip\u0022,\n    \u0022scikit-learn==0.19.1\u0022,\n    \u0022scipy\u0022,\n    {\n      \u0022pip\u0022: [\n        \u0022azureml-defaults\u0022,\n        \u0022inference-schema[numpy-support]\u0022,\n        \u0022joblib\u0022,\n        \u0022numpy\u0022,\n        \u0022scikit-learn==0.19.1\u0022,\n        \u0022scipy\u0022\n      ]\n    }\n  ],\n  \u0022name\u0022: \u0022sklearn-aks-env\u0022\n}",
          "osType": "Linux",
          "autoRebuild": "Disabled",
          "provisioningState": "Succeeded",
          "stage": "Logged",
          "intellectualProperty": null
        },
        "systemData": {
          "createdAt": "2023-05-24T02:59:12.9159814\u002B00:00",
          "createdBy": "Chenyang Zhang",
          "createdByType": "User",
          "lastModifiedAt": "2023-05-24T02:59:12.9159814\u002B00:00",
          "lastModifiedBy": "Chenyang Zhang",
          "lastModifiedByType": "User"
        }
      }
    },
    {
      "RequestUri": "https://management.azure.com/subscriptions/00000000-0000-0000-0000-000000000/resourceGroups/00000/providers/Microsoft.MachineLearningServices/workspaces/00000/codes/000000000000000000000/versions?api-version=2023-04-01\u0026hash=000000000000000000000000000000000000\u0026hashVersion=202208",
      "RequestMethod": "GET",
      "RequestHeaders": {
        "Accept": "application/json",
        "Accept-Encoding": "gzip, deflate",
        "Connection": "keep-alive",
        "User-Agent": "azure-ai-ml/1.12.0 az00000-python-mgmt-machinelearningservices/0.1.0 Python/3.8.12 (Windows-10-10.0.22621-SP0)"
      },
      "RequestBody": null,
      "StatusCode": 200,
      "ResponseHeaders": {
        "Cache-Control": "no-cache",
        "Content-Encoding": "gzip",
        "Content-Type": "application/json; charset=utf-8",
        "Date": "Thu, 26 Oct 2023 09:02:12 GMT",
        "Expires": "-1",
        "Pragma": "no-cache",
        "Request-Context": "appId=cid-v1:2d2e8e63-272e-4b3c-8598-4ee570a0e70d",
        "Strict-Transport-Security": "max-age=31536000; includeSubDomains",
        "Transfer-Encoding": "chunked",
        "Vary": [
          "Accept-Encoding",
          "Accept-Encoding"
        ],
        "x-aml-cluster": "vienna-eastus2-01",
        "X-Content-Type-Options": "nosniff",
        "x-ms-correlation-request-id": "50e9d7b8-33af-4b68-8e2e-c43e58e61c17",
        "x-ms-ratelimit-remaining-subscription-reads": "11993",
        "x-ms-response-type": "standard",
        "x-ms-routing-request-id": "JAPANEAST:20231026T090213Z:50e9d7b8-33af-4b68-8e2e-c43e58e61c17",
        "x-request-time": "0.151"
      },
      "ResponseBody": {
        "value": [
          {
            "id": "/subscriptions/00000000-0000-0000-0000-000000000/resourceGroups/00000/providers/Microsoft.MachineLearningServices/workspaces/00000/codes/1339ff09-66f4-42ae-a19a-29f486755b54/versions/1",
            "name": "1",
            "type": "Microsoft.MachineLearningServices/workspaces/codes/versions",
            "properties": {
              "description": null,
              "tags": {},
              "properties": {
                "hash_sha256": "1815be01f98da69f1b6d022491869adb127e2b02fc7f8fa88c4a8a77539caf42",
                "hash_version": "202208"
              },
              "isArchived": false,
              "isAnonymous": false,
              "codeUri": "https://amltest5899420437.blob.core.windows.net:443/0bdd51b6-c-c466a0ed-1cf0-5bc0-ad5b-2d4249f407df/component_with_conditional_output",
              "provisioningState": "Succeeded"
            },
            "systemData": {
              "createdAt": "2023-05-30T07:25:35.2193362\u002B00:00",
              "createdBy": "Chenyang Zhang",
              "createdByType": "User",
              "lastModifiedAt": "2023-05-30T07:25:35.2193362\u002B00:00",
              "lastModifiedBy": "Chenyang Zhang",
              "lastModifiedByType": "User"
            }
          }
        ]
      }
    },
    {
      "RequestUri": "https://management.azure.com/subscriptions/00000000-0000-0000-0000-000000000/resourceGroups/00000/providers/Microsoft.MachineLearningServices/workspaces/00000/codes/1339ff09-66f4-42ae-a19a-29f486755b54/versions/1?api-version=2023-04-01",
      "RequestMethod": "GET",
      "RequestHeaders": {
        "Accept": "application/json",
        "Accept-Encoding": "gzip, deflate",
        "Connection": "keep-alive",
        "User-Agent": "azure-ai-ml/1.12.0 az00000-python-mgmt-machinelearningservices/0.1.0 Python/3.8.12 (Windows-10-10.0.22621-SP0)"
      },
      "RequestBody": null,
      "StatusCode": 200,
      "ResponseHeaders": {
        "Cache-Control": "no-cache",
        "Content-Encoding": "gzip",
        "Content-Type": "application/json; charset=utf-8",
        "Date": "Thu, 26 Oct 2023 09:02:13 GMT",
        "Expires": "-1",
        "Pragma": "no-cache",
        "Request-Context": "appId=cid-v1:2d2e8e63-272e-4b3c-8598-4ee570a0e70d",
        "Strict-Transport-Security": "max-age=31536000; includeSubDomains",
        "Transfer-Encoding": "chunked",
        "Vary": [
          "Accept-Encoding",
          "Accept-Encoding"
        ],
        "x-aml-cluster": "vienna-eastus2-01",
        "X-Content-Type-Options": "nosniff",
        "x-ms-correlation-request-id": "77f2ec9b-7e7c-4d71-9413-14d9af36960f",
        "x-ms-ratelimit-remaining-subscription-reads": "11992",
        "x-ms-response-type": "standard",
        "x-ms-routing-request-id": "JAPANEAST:20231026T090213Z:77f2ec9b-7e7c-4d71-9413-14d9af36960f",
        "x-request-time": "0.081"
      },
      "ResponseBody": {
        "id": "/subscriptions/00000000-0000-0000-0000-000000000/resourceGroups/00000/providers/Microsoft.MachineLearningServices/workspaces/00000/codes/1339ff09-66f4-42ae-a19a-29f486755b54/versions/1",
        "name": "1",
        "type": "Microsoft.MachineLearningServices/workspaces/codes/versions",
        "properties": {
          "description": null,
          "tags": {},
          "properties": {
            "hash_sha256": "0000000000000",
            "hash_version": "0000000000000"
          },
          "isArchived": false,
          "isAnonymous": false,
          "codeUri": "https://amltest5899420437.blob.core.windows.net:443/0bdd51b6-c-c466a0ed-1cf0-5bc0-ad5b-2d4249f407df/component_with_conditional_output",
          "provisioningState": "Succeeded"
        },
        "systemData": {
          "createdAt": "2023-05-30T07:25:35.2193362\u002B00:00",
          "createdBy": "Chenyang Zhang",
          "createdByType": "User",
          "lastModifiedAt": "2023-05-30T07:25:35.2193362\u002B00:00",
          "lastModifiedBy": "Chenyang Zhang",
          "lastModifiedByType": "User"
        }
      }
    },
    {
      "RequestUri": "https://management.azure.com/subscriptions/00000000-0000-0000-0000-000000000/resourceGroups/00000/providers/Microsoft.MachineLearningServices/workspaces/00000/codes/000000000000000000000/versions?api-version=2023-04-01\u0026hash=000000000000000000000000000000000000\u0026hashVersion=202208",
      "RequestMethod": "GET",
      "RequestHeaders": {
        "Accept": "application/json",
        "Accept-Encoding": "gzip, deflate",
        "Connection": "keep-alive",
        "User-Agent": "azure-ai-ml/1.12.0 az00000-python-mgmt-machinelearningservices/0.1.0 Python/3.8.12 (Windows-10-10.0.22621-SP0)"
      },
      "RequestBody": null,
      "StatusCode": 200,
      "ResponseHeaders": {
        "Cache-Control": "no-cache",
        "Content-Encoding": "gzip",
        "Content-Type": "application/json; charset=utf-8",
        "Date": "Thu, 26 Oct 2023 09:02:13 GMT",
        "Expires": "-1",
        "Pragma": "no-cache",
        "Request-Context": "appId=cid-v1:2d2e8e63-272e-4b3c-8598-4ee570a0e70d",
        "Strict-Transport-Security": "max-age=31536000; includeSubDomains",
        "Transfer-Encoding": "chunked",
        "Vary": [
          "Accept-Encoding",
          "Accept-Encoding"
        ],
        "x-aml-cluster": "vienna-eastus2-01",
        "X-Content-Type-Options": "nosniff",
        "x-ms-correlation-request-id": "b6af1fa2-6ae1-4850-a3e3-d1580cd5de37",
        "x-ms-ratelimit-remaining-subscription-reads": "11999",
        "x-ms-response-type": "standard",
        "x-ms-routing-request-id": "JAPANEAST:20231026T090214Z:b6af1fa2-6ae1-4850-a3e3-d1580cd5de37",
        "x-request-time": "0.045"
      },
      "ResponseBody": {
        "value": [
          {
            "id": "/subscriptions/00000000-0000-0000-0000-000000000/resourceGroups/00000/providers/Microsoft.MachineLearningServices/workspaces/00000/codes/924e869d-2f47-4f89-b554-9513a5bd6e1e/versions/1",
            "name": "1",
            "type": "Microsoft.MachineLearningServices/workspaces/codes/versions",
            "properties": {
              "description": null,
              "tags": {},
              "properties": {
                "hash_sha256": "a4e91c079c2a271d699ffac5ca5441abc8034151356913e57bff8f483c3d3a3b",
                "hash_version": "202208"
              },
              "isArchived": false,
              "isAnonymous": false,
              "codeUri": "https://amltest5899420437.blob.core.windows.net:443/0bdd51b6-c-2a7259f6-d8db-5cee-82b6-bf4fdc8c4c31/python",
              "provisioningState": "Succeeded"
            },
            "systemData": {
              "createdAt": "2023-05-30T07:24:05.4038336\u002B00:00",
              "createdBy": "Chenyang Zhang",
              "createdByType": "User",
              "lastModifiedAt": "2023-05-30T07:24:05.4038336\u002B00:00",
              "lastModifiedBy": "Chenyang Zhang",
              "lastModifiedByType": "User"
            }
          }
        ]
      }
    },
    {
      "RequestUri": "https://management.azure.com/subscriptions/00000000-0000-0000-0000-000000000/resourceGroups/00000/providers/Microsoft.MachineLearningServices/workspaces/00000/codes/924e869d-2f47-4f89-b554-9513a5bd6e1e/versions/1?api-version=2023-04-01",
      "RequestMethod": "GET",
      "RequestHeaders": {
        "Accept": "application/json",
        "Accept-Encoding": "gzip, deflate",
        "Connection": "keep-alive",
        "User-Agent": "azure-ai-ml/1.12.0 az00000-python-mgmt-machinelearningservices/0.1.0 Python/3.8.12 (Windows-10-10.0.22621-SP0)"
      },
      "RequestBody": null,
      "StatusCode": 200,
      "ResponseHeaders": {
        "Cache-Control": "no-cache",
        "Content-Encoding": "gzip",
        "Content-Type": "application/json; charset=utf-8",
        "Date": "Thu, 26 Oct 2023 09:02:14 GMT",
        "Expires": "-1",
        "Pragma": "no-cache",
        "Request-Context": "appId=cid-v1:2d2e8e63-272e-4b3c-8598-4ee570a0e70d",
        "Strict-Transport-Security": "max-age=31536000; includeSubDomains",
        "Transfer-Encoding": "chunked",
        "Vary": [
          "Accept-Encoding",
          "Accept-Encoding"
        ],
        "x-aml-cluster": "vienna-eastus2-01",
        "X-Content-Type-Options": "nosniff",
        "x-ms-correlation-request-id": "91811124-2569-4843-860f-d7bd98514b9b",
        "x-ms-ratelimit-remaining-subscription-reads": "11998",
        "x-ms-response-type": "standard",
        "x-ms-routing-request-id": "JAPANEAST:20231026T090214Z:91811124-2569-4843-860f-d7bd98514b9b",
        "x-request-time": "0.045"
      },
      "ResponseBody": {
        "id": "/subscriptions/00000000-0000-0000-0000-000000000/resourceGroups/00000/providers/Microsoft.MachineLearningServices/workspaces/00000/codes/924e869d-2f47-4f89-b554-9513a5bd6e1e/versions/1",
        "name": "1",
        "type": "Microsoft.MachineLearningServices/workspaces/codes/versions",
        "properties": {
          "description": null,
          "tags": {},
          "properties": {
            "hash_sha256": "0000000000000",
            "hash_version": "0000000000000"
          },
          "isArchived": false,
          "isAnonymous": false,
          "codeUri": "https://amltest5899420437.blob.core.windows.net:443/0bdd51b6-c-2a7259f6-d8db-5cee-82b6-bf4fdc8c4c31/python",
          "provisioningState": "Succeeded"
        },
        "systemData": {
          "createdAt": "2023-05-30T07:24:05.4038336\u002B00:00",
          "createdBy": "Chenyang Zhang",
          "createdByType": "User",
          "lastModifiedAt": "2023-05-30T07:24:05.4038336\u002B00:00",
          "lastModifiedBy": "Chenyang Zhang",
          "lastModifiedByType": "User"
        }
      }
    },
    {
      "RequestUri": "https://management.azure.com/subscriptions/00000000-0000-0000-0000-000000000/resourceGroups/00000/providers/Microsoft.MachineLearningServices/workspaces/00000/components/azureml_anonymous/versions/000000000000000000000?api-version=2022-10-01",
      "RequestMethod": "PUT",
      "RequestHeaders": {
        "Accept": "application/json",
        "Accept-Encoding": "gzip, deflate",
        "Connection": "keep-alive",
        "Content-Length": "1191",
        "Content-Type": "application/json",
        "User-Agent": "azure-ai-ml/1.12.0 az00000-python-mgmt-machinelearningservices/0.1.0 Python/3.8.12 (Windows-10-10.0.22621-SP0)"
      },
      "RequestBody": {
        "properties": {
          "description": "module run logic goes here",
          "properties": {},
          "tags": {
            "codegenBy": "mldesigner"
          },
          "isAnonymous": true,
          "isArchived": false,
          "componentSpec": {
            "command": "mldesigner execute --source entry.py --name basic_component --outputs output1=${{outputs.output1}} output2=${{outputs.output2}} output3=${{outputs.output3}} output=${{outputs.output}}",
            "code": "azureml:/subscriptions/00000000-0000-0000-0000-000000000/resourceGroups/00000/providers/Microsoft.MachineLearningServices/workspaces/00000/codes/1339ff09-66f4-42ae-a19a-29f486755b54/versions/1",
            "environment": "azureml:/subscriptions/00000000-0000-0000-0000-000000000/resourceGroups/00000/providers/Microsoft.MachineLearningServices/workspaces/00000/environments/CliV2AnonymousEnvironment/versions/d8f8b6c36aca3004ab0165518791127e",
            "name": "basic_component",
            "description": "module run logic goes here",
            "tags": {
              "codegenBy": "mldesigner"
            },
            "version": "1",
            "display_name": "basic_component",
            "is_deterministic": true,
            "outputs": {
              "output1": {
                "type": "boolean"
              },
              "output2": {
                "type": "boolean"
              },
              "output3": {
                "type": "boolean"
              },
              "output": {
                "type": "boolean"
              }
            },
            "type": "command",
            "_source": "YAML.COMPONENT"
          }
        }
      },
      "StatusCode": 201,
      "ResponseHeaders": {
        "Cache-Control": "no-cache",
        "Content-Length": "2070",
        "Content-Type": "application/json; charset=utf-8",
        "Date": "Thu, 26 Oct 2023 09:02:17 GMT",
        "Expires": "-1",
        "Location": "https://management.azure.com/subscriptions/00000000-0000-0000-0000-000000000/resourceGroups/00000/providers/Microsoft.MachineLearningServices/workspaces/00000/components/azureml_anonymous/versions/000000000000000000000?api-version=2022-10-01",
        "Pragma": "no-cache",
        "Request-Context": "appId=cid-v1:2d2e8e63-272e-4b3c-8598-4ee570a0e70d",
        "Strict-Transport-Security": "max-age=31536000; includeSubDomains",
        "x-aml-cluster": "vienna-eastus2-01",
        "X-Content-Type-Options": "nosniff",
        "x-ms-correlation-request-id": "945539db-5cb0-4bd7-b4df-dd8a9005b0f6",
        "x-ms-ratelimit-remaining-subscription-writes": "1199",
        "x-ms-response-type": "standard",
        "x-ms-routing-request-id": "JAPANEAST:20231026T090217Z:945539db-5cb0-4bd7-b4df-dd8a9005b0f6",
        "x-request-time": "1.321"
      },
      "ResponseBody": {
        "id": "/subscriptions/00000000-0000-0000-0000-000000000/resourceGroups/00000/providers/Microsoft.MachineLearningServices/workspaces/00000/components/azureml_anonymous/versions/89097f63-fc07-4f3d-b07f-8a5aa1a9eecd",
        "name": "89097f63-fc07-4f3d-b07f-8a5aa1a9eecd",
        "type": "Microsoft.MachineLearningServices/workspaces/components/versions",
        "properties": {
          "description": null,
          "tags": {
            "codegenBy": "mldesigner"
          },
          "properties": {},
          "isArchived": false,
          "isAnonymous": true,
          "componentSpec": {
            "name": "basic_component",
            "version": "1",
            "display_name": "basic_component",
            "is_deterministic": "True",
            "type": "command",
            "description": "module run logic goes here",
            "tags": {
              "codegenBy": "mldesigner"
            },
            "outputs": {
              "output1": {
                "type": "boolean"
              },
              "output2": {
                "type": "boolean"
              },
              "output3": {
                "type": "boolean"
              },
              "output": {
                "type": "boolean"
              }
            },
            "code": "azureml:/subscriptions/00000000-0000-0000-0000-000000000/resourceGroups/00000/providers/Microsoft.MachineLearningServices/workspaces/00000/codes/1339ff09-66f4-42ae-a19a-29f486755b54/versions/1",
            "environment": "azureml:/subscriptions/00000000-0000-0000-0000-000000000/resourceGroups/00000/providers/Microsoft.MachineLearningServices/workspaces/00000/environments/CliV2AnonymousEnvironment/versions/d8f8b6c36aca3004ab0165518791127e",
            "resources": {
              "instance_count": "1"
            },
            "command": "mldesigner execute --source entry.py --name basic_component --outputs output1=${{outputs.output1}} output2=${{outputs.output2}} output3=${{outputs.output3}} output=${{outputs.output}}"
          }
        },
        "systemData": {
          "createdAt": "2023-07-27T07:03:23.5187931\u002B00:00",
          "createdBy": "Chenyang Zhang",
          "createdByType": "User",
          "lastModifiedAt": "2023-07-27T07:03:23.5776761\u002B00:00",
          "lastModifiedBy": "Chenyang Zhang",
          "lastModifiedByType": "User"
        }
      }
    },
    {
      "RequestUri": "https://management.azure.com/subscriptions/00000000-0000-0000-0000-000000000/resourceGroups/00000/providers/Microsoft.MachineLearningServices/workspaces/00000/components/azureml_anonymous/versions/000000000000000000000?api-version=2022-10-01",
      "RequestMethod": "PUT",
      "RequestHeaders": {
        "Accept": "application/json",
        "Accept-Encoding": "gzip, deflate",
        "Connection": "keep-alive",
        "Content-Length": "1223",
        "Content-Type": "application/json",
        "User-Agent": "azure-ai-ml/1.12.0 az00000-python-mgmt-machinelearningservices/0.1.0 Python/3.8.12 (Windows-10-10.0.22621-SP0)"
      },
      "RequestBody": {
        "properties": {
          "description": "This is the basic command component",
          "properties": {},
          "tags": {
            "tag": "tagvalue",
            "owner": "00000team"
          },
          "isAnonymous": true,
          "isArchived": false,
          "componentSpec": {
            "command": "echo Hello World \u0026 echo ${{inputs.component_in_number}}",
            "code": "azureml:/subscriptions/00000000-0000-0000-0000-000000000/resourceGroups/00000/providers/Microsoft.MachineLearningServices/workspaces/00000/codes/924e869d-2f47-4f89-b554-9513a5bd6e1e/versions/1",
            "environment": "azureml:/subscriptions/00000000-0000-0000-0000-000000000/resourceGroups/00000/providers/Microsoft.MachineLearningServices/workspaces/00000/environments/CliV2AnonymousEnvironment/versions/68c28b5e592bfb9e8b3d0d7706e8268e",
            "name": "microsoftsamplescommandcomponentbasic_nopaths_test",
            "description": "This is the basic command component",
            "tags": {
              "tag": "tagvalue",
              "owner": "00000team"
            },
            "version": "1",
            "$schema": "https://azuremlschemas.azureedge.net/development/commandComponent.schema.json",
            "display_name": "CommandComponentBasic",
            "is_deterministic": true,
            "inputs": {
              "component_in_number": {
                "type": "number",
                "optional": false,
                "default": "10.99",
                "description": "A number"
              }
            },
            "type": "command",
            "_source": "YAML.COMPONENT"
          }
        }
      },
      "StatusCode": 201,
      "ResponseHeaders": {
        "Cache-Control": "no-cache",
        "Content-Length": "2061",
        "Content-Type": "application/json; charset=utf-8",
        "Date": "Thu, 26 Oct 2023 09:02:17 GMT",
        "Expires": "-1",
        "Location": "https://management.azure.com/subscriptions/00000000-0000-0000-0000-000000000/resourceGroups/00000/providers/Microsoft.MachineLearningServices/workspaces/00000/components/azureml_anonymous/versions/000000000000000000000?api-version=2022-10-01",
        "Pragma": "no-cache",
        "Request-Context": "appId=cid-v1:2d2e8e63-272e-4b3c-8598-4ee570a0e70d",
        "Strict-Transport-Security": "max-age=31536000; includeSubDomains",
        "x-aml-cluster": "vienna-eastus2-01",
        "X-Content-Type-Options": "nosniff",
        "x-ms-correlation-request-id": "a5c450af-1b3b-4766-bef8-16ec06e5aaa6",
        "x-ms-ratelimit-remaining-subscription-writes": "1196",
        "x-ms-response-type": "standard",
        "x-ms-routing-request-id": "JAPANEAST:20231026T090218Z:a5c450af-1b3b-4766-bef8-16ec06e5aaa6",
        "x-request-time": "1.195"
      },
      "ResponseBody": {
        "id": "/subscriptions/00000000-0000-0000-0000-000000000/resourceGroups/00000/providers/Microsoft.MachineLearningServices/workspaces/00000/components/azureml_anonymous/versions/9497a1cc-36d8-496f-b849-702b5e033827",
        "name": "9497a1cc-36d8-496f-b849-702b5e033827",
        "type": "Microsoft.MachineLearningServices/workspaces/components/versions",
        "properties": {
          "description": null,
          "tags": {
            "tag": "tagvalue",
            "owner": "00000team"
          },
          "properties": {},
          "isArchived": false,
          "isAnonymous": true,
          "componentSpec": {
            "$schema": "https://azuremlschemas.azureedge.net/development/commandComponent.schema.json",
            "name": "microsoftsamplescommandcomponentbasic_nopaths_test",
            "version": "1",
            "display_name": "CommandComponentBasic",
            "is_deterministic": "True",
            "type": "command",
            "description": "This is the basic command component",
            "tags": {
              "tag": "tagvalue",
              "owner": "00000team"
            },
            "inputs": {
              "component_in_number": {
                "type": "number",
                "optional": "False",
                "default": "10.99",
                "description": "A number"
              }
            },
            "code": "azureml:/subscriptions/00000000-0000-0000-0000-000000000/resourceGroups/00000/providers/Microsoft.MachineLearningServices/workspaces/00000/codes/924e869d-2f47-4f89-b554-9513a5bd6e1e/versions/1",
            "environment": "azureml:/subscriptions/00000000-0000-0000-0000-000000000/resourceGroups/00000/providers/Microsoft.MachineLearningServices/workspaces/00000/environments/CliV2AnonymousEnvironment/versions/68c28b5e592bfb9e8b3d0d7706e8268e",
            "resources": {
              "instance_count": "1"
            },
            "command": "echo Hello World \u0026 echo ${{inputs.component_in_number}}"
          }
        },
        "systemData": {
          "createdAt": "2023-05-30T07:25:35.0116289\u002B00:00",
          "createdBy": "Chenyang Zhang",
          "createdByType": "User",
          "lastModifiedAt": "2023-05-30T07:25:35.0982112\u002B00:00",
          "lastModifiedBy": "Chenyang Zhang",
          "lastModifiedByType": "User"
        }
      }
    },
    {
      "RequestUri": "https://management.azure.com/subscriptions/00000000-0000-0000-0000-000000000/resourceGroups/00000/providers/Microsoft.MachineLearningServices/workspaces/00000/jobs/000000000000000000000?api-version=2023-08-01-preview",
      "RequestMethod": "PUT",
      "RequestHeaders": {
        "Accept": "application/json",
        "Accept-Encoding": "gzip, deflate",
        "Connection": "keep-alive",
        "Content-Length": "1684",
        "Content-Type": "application/json",
        "User-Agent": "azure-ai-ml/1.12.0 az00000-python-mgmt-machinelearningservices/0.1.0 Python/3.8.12 (Windows-10-10.0.22621-SP0)"
      },
      "RequestBody": {
        "properties": {
          "properties": {},
          "tags": {},
          "computeId": "/subscriptions/00000000-0000-0000-0000-000000000/resourceGroups/00000/providers/Microsoft.MachineLearningServices/workspaces/00000/computes/cpu-cluster",
          "displayName": "test_mldesigner_component_with_conditional_output",
          "experimentName": "azure-ai-ml",
          "isArchived": false,
          "jobType": "Pipeline",
          "inputs": {},
          "jobs": {
            "result": {
              "name": "result",
              "type": "command",
              "_source": "YAML.COMPONENT",
              "componentId": "/subscriptions/00000000-0000-0000-0000-000000000/resourceGroups/00000/providers/Microsoft.MachineLearningServices/workspaces/00000/components/azureml_anonymous/versions/89097f63-fc07-4f3d-b07f-8a5aa1a9eecd"
            },
            "node1": {
              "name": "node1",
              "type": "command",
              "inputs": {
                "component_in_number": {
                  "job_input_type": "literal",
                  "value": "1"
                }
              },
              "_source": "YAML.COMPONENT",
              "componentId": "/subscriptions/00000000-0000-0000-0000-000000000/resourceGroups/00000/providers/Microsoft.MachineLearningServices/workspaces/00000/components/azureml_anonymous/versions/9497a1cc-36d8-496f-b849-702b5e033827"
            },
            "node2": {
              "name": "node2",
              "type": "command",
              "inputs": {
                "component_in_number": {
                  "job_input_type": "literal",
                  "value": "2"
                }
              },
              "_source": "YAML.COMPONENT",
              "componentId": "/subscriptions/00000000-0000-0000-0000-000000000/resourceGroups/00000/providers/Microsoft.MachineLearningServices/workspaces/00000/components/azureml_anonymous/versions/9497a1cc-36d8-496f-b849-702b5e033827"
            },
            "conditionnode": {
              "type": "if_else",
              "condition": "${{parent.jobs.result.outputs.output}}",
              "true_block": "${{parent.jobs.node2}}",
              "false_block": "${{parent.jobs.node1}}",
              "_source": "DSL"
            }
          },
          "outputs": {},
          "settings": {
            "_source": "DSL"
          }
        }
      },
      "StatusCode": 201,
      "ResponseHeaders": {
        "Cache-Control": "no-cache",
        "Content-Length": "3967",
        "Content-Type": "application/json; charset=utf-8",
        "Date": "Thu, 26 Oct 2023 09:02:21 GMT",
        "Expires": "-1",
        "Location": "https://management.azure.com/subscriptions/00000000-0000-0000-0000-000000000/resourceGroups/00000/providers/Microsoft.MachineLearningServices/workspaces/00000/jobs/000000000000000000000?api-version=2023-08-01-preview",
        "Pragma": "no-cache",
        "Request-Context": "appId=cid-v1:2d2e8e63-272e-4b3c-8598-4ee570a0e70d",
        "Strict-Transport-Security": "max-age=31536000; includeSubDomains",
        "x-aml-cluster": "vienna-eastus2-01",
        "X-Content-Type-Options": "nosniff",
        "x-ms-correlation-request-id": "e37acb4a-241c-42bc-8f3a-f2cdef328835",
        "x-ms-ratelimit-remaining-subscription-writes": "1195",
        "x-ms-response-type": "standard",
        "x-ms-routing-request-id": "JAPANEAST:20231026T090221Z:e37acb4a-241c-42bc-8f3a-f2cdef328835",
        "x-request-time": "1.761"
      },
      "ResponseBody": {
        "id": "/subscriptions/00000000-0000-0000-0000-000000000/resourceGroups/00000/providers/Microsoft.MachineLearningServices/workspaces/00000/jobs/000000000000000000000",
        "name": "000000000000000000000",
        "type": "Microsoft.MachineLearningServices/workspaces/jobs",
        "properties": {
          "description": null,
          "tags": {},
          "properties": {
            "azureml.DevPlatv2": "true",
            "azureml.DatasetAccessMode": "Asset",
            "azureml.runsource": "azureml.PipelineRun",
            "runSource": "MFE",
            "runType": "HTTP",
            "azureml.parameters": "{}",
            "azureml.continue_on_step_failure": "True",
            "azureml.continue_on_failed_optional_input": "True",
            "azureml.enforceRerun": "False",
            "azureml.defaultComputeName": "cpu-cluster",
            "azureml.defaultDataStoreName": "workspaceblobstore",
            "azureml.pipelineComponent": "pipelinerun"
          },
          "displayName": "test_mldesigner_component_with_conditional_output",
          "status": "Preparing",
          "experimentName": "azure-ai-ml",
          "services": {
            "Tracking": {
              "jobServiceType": "Tracking",
              "port": null,
              "endpoint": "azureml://eastus2.api.azureml.ms/mlflow/v1.0/subscriptions/00000000-0000-0000-0000-000000000/resourceGroups/00000/providers/Microsoft.MachineLearningServices/workspaces/00000?",
              "status": null,
              "errorMessage": null,
              "properties": null,
              "nodes": null
            },
            "Studio": {
              "jobServiceType": "Studio",
              "port": null,
              "endpoint": "https://ml.azure.com/runs/000000000000000000000?wsid=/subscriptions/00000000-0000-0000-0000-000000000/resourcegroups/00000/workspaces/00000",
              "status": null,
              "errorMessage": null,
              "properties": null,
              "nodes": null
            }
          },
          "computeId": "/subscriptions/00000000-0000-0000-0000-000000000/resourceGroups/00000/providers/Microsoft.MachineLearningServices/workspaces/00000/computes/cpu-cluster",
          "isArchived": false,
          "identity": null,
          "componentId": null,
          "notificationSetting": null,
          "secretsConfiguration": null,
          "jobType": "Pipeline",
          "settings": {
            "_source": "DSL"
          },
          "jobs": {
            "result": {
              "name": "result",
              "type": "command",
              "_source": "YAML.COMPONENT",
              "componentId": "/subscriptions/00000000-0000-0000-0000-000000000/resourceGroups/00000/providers/Microsoft.MachineLearningServices/workspaces/00000/components/azureml_anonymous/versions/89097f63-fc07-4f3d-b07f-8a5aa1a9eecd"
            },
            "node1": {
              "name": "node1",
              "type": "command",
              "inputs": {
                "component_in_number": {
                  "job_input_type": "literal",
                  "value": "1"
                }
              },
              "_source": "YAML.COMPONENT",
              "componentId": "/subscriptions/00000000-0000-0000-0000-000000000/resourceGroups/00000/providers/Microsoft.MachineLearningServices/workspaces/00000/components/azureml_anonymous/versions/9497a1cc-36d8-496f-b849-702b5e033827"
            },
            "node2": {
              "name": "node2",
              "type": "command",
              "inputs": {
                "component_in_number": {
                  "job_input_type": "literal",
                  "value": "2"
                }
              },
              "_source": "YAML.COMPONENT",
              "componentId": "/subscriptions/00000000-0000-0000-0000-000000000/resourceGroups/00000/providers/Microsoft.MachineLearningServices/workspaces/00000/components/azureml_anonymous/versions/9497a1cc-36d8-496f-b849-702b5e033827"
            },
            "conditionnode": {
              "type": "if_else",
              "condition": "${{parent.jobs.result.outputs.output}}",
              "true_block": "${{parent.jobs.node2}}",
              "false_block": "${{parent.jobs.node1}}",
              "_source": "DSL"
            }
          },
          "inputs": {},
          "outputs": {},
          "sourceJobId": null
        },
        "systemData": {
          "createdAt": "2023-10-26T09:02:21.6072506\u002B00:00",
          "createdBy": "Chenyang Zhang",
          "createdByType": "User"
        }
      }
    },
    {
      "RequestUri": "https://management.azure.com/subscriptions/00000000-0000-0000-0000-000000000/resourceGroups/00000/providers/Microsoft.MachineLearningServices/workspaces/00000/jobs/000000000000000000000/cancel?api-version=2023-04-01-preview",
      "RequestMethod": "POST",
      "RequestHeaders": {
        "Accept": "application/json",
        "Accept-Encoding": "gzip, deflate",
        "Connection": "keep-alive",
        "Content-Length": "0",
        "User-Agent": "azure-ai-ml/1.12.0 az00000-python-mgmt-machinelearningservices/0.1.0 Python/3.8.12 (Windows-10-10.0.22621-SP0)"
      },
      "RequestBody": null,
      "StatusCode": 202,
      "ResponseHeaders": {
        "Cache-Control": "no-cache",
        "Content-Length": "4",
        "Content-Type": "application/json; charset=utf-8",
        "Date": "Thu, 26 Oct 2023 09:02:24 GMT",
        "Expires": "-1",
        "Location": "https://management.azure.com/subscriptions/00000000-0000-0000-0000-000000000/providers/Microsoft.MachineLearningServices/locations/eastus2/mfeOperationResults/jc:0bdd51b6-cd9c-4978-b870-99997b393b81:000000000000000000000?api-version=2023-04-01-preview",
        "Pragma": "no-cache",
        "Request-Context": "appId=cid-v1:2d2e8e63-272e-4b3c-8598-4ee570a0e70d",
        "Strict-Transport-Security": "max-age=31536000; includeSubDomains",
        "x-aml-cluster": "vienna-eastus2-01",
        "X-Content-Type-Options": "nosniff",
        "x-ms-async-operation-timeout": "PT1H",
        "x-ms-correlation-request-id": "2c170c04-cc62-4f13-a8a8-16f397b0da7b",
        "x-ms-ratelimit-remaining-subscription-writes": "1199",
        "x-ms-response-type": "standard",
        "x-ms-routing-request-id": "JAPANEAST:20231026T090224Z:2c170c04-cc62-4f13-a8a8-16f397b0da7b",
        "x-request-time": "0.788"
      },
      "ResponseBody": "null"
    },
    {
      "RequestUri": "https://management.azure.com/subscriptions/00000000-0000-0000-0000-000000000/providers/Microsoft.MachineLearningServices/locations/eastus2/mfeOperationResults/jc:0bdd51b6-cd9c-4978-b870-99997b393b81:000000000000000000000?api-version=2023-04-01-preview",
      "RequestMethod": "GET",
      "RequestHeaders": {
        "Accept": "*/*",
        "Accept-Encoding": "gzip, deflate",
        "Connection": "keep-alive",
        "User-Agent": "azure-ai-ml/1.12.0 az00000-python-mgmt-machinelearningservices/0.1.0 Python/3.8.12 (Windows-10-10.0.22621-SP0)"
      },
      "RequestBody": null,
      "StatusCode": 202,
      "ResponseHeaders": {
        "Cache-Control": "no-cache",
        "Content-Length": "2",
        "Content-Type": "application/json; charset=utf-8",
        "Date": "Thu, 26 Oct 2023 09:02:24 GMT",
        "Expires": "-1",
        "Location": "https://management.azure.com/subscriptions/00000000-0000-0000-0000-000000000/providers/Microsoft.MachineLearningServices/locations/eastus2/mfeOperationResults/jc:0bdd51b6-cd9c-4978-b870-99997b393b81:000000000000000000000?api-version=2023-04-01-preview",
        "Pragma": "no-cache",
        "Request-Context": "appId=cid-v1:2d2e8e63-272e-4b3c-8598-4ee570a0e70d",
        "Strict-Transport-Security": "max-age=31536000; includeSubDomains",
        "x-aml-cluster": "vienna-eastus2-01",
        "X-Content-Type-Options": "nosniff",
        "x-ms-correlation-request-id": "d1254a6e-a50a-4e8e-b1a9-977b7925131b",
        "x-ms-ratelimit-remaining-subscription-reads": "11991",
        "x-ms-response-type": "standard",
        "x-ms-routing-request-id": "JAPANEAST:20231026T090225Z:d1254a6e-a50a-4e8e-b1a9-977b7925131b",
        "x-request-time": "0.027"
      },
      "ResponseBody": {}
    },
    {
      "RequestUri": "https://management.azure.com/subscriptions/00000000-0000-0000-0000-000000000/providers/Microsoft.MachineLearningServices/locations/eastus2/mfeOperationResults/jc:0bdd51b6-cd9c-4978-b870-99997b393b81:000000000000000000000?api-version=2023-04-01-preview",
      "RequestMethod": "GET",
      "RequestHeaders": {
        "Accept": "*/*",
        "Accept-Encoding": "gzip, deflate",
        "Connection": "keep-alive",
        "User-Agent": "azure-ai-ml/1.12.0 az00000-python-mgmt-machinelearningservices/0.1.0 Python/3.8.12 (Windows-10-10.0.22621-SP0)"
      },
      "RequestBody": null,
      "StatusCode": 200,
      "ResponseHeaders": {
        "Cache-Control": "no-cache",
        "Content-Length": "0",
        "Date": "Thu, 26 Oct 2023 09:02:54 GMT",
        "Expires": "-1",
        "Pragma": "no-cache",
        "Request-Context": "appId=cid-v1:2d2e8e63-272e-4b3c-8598-4ee570a0e70d",
        "Strict-Transport-Security": "max-age=31536000; includeSubDomains",
        "x-aml-cluster": "vienna-eastus2-01",
        "X-Content-Type-Options": "nosniff",
        "x-ms-correlation-request-id": "71a29f0e-20e6-41fb-b14a-3140a20d1fc3",
        "x-ms-ratelimit-remaining-subscription-reads": "11990",
        "x-ms-response-type": "standard",
        "x-ms-routing-request-id": "JAPANEAST:20231026T090255Z:71a29f0e-20e6-41fb-b14a-3140a20d1fc3",
        "x-request-time": "0.082"
      },
      "ResponseBody": null
    }
  ],
  "Variables": {}
}
