{
  "Entries": [
    {
      "RequestUri": "https://management.azure.com/subscriptions/00000000-0000-0000-0000-000000000/resourceGroups/00000/providers/Microsoft.MachineLearningServices/workspaces/00000/computes/cpu-cluster?api-version=2023-08-01-preview",
      "RequestMethod": "GET",
      "RequestHeaders": {
        "Accept": "application/json",
        "Accept-Encoding": "gzip, deflate",
        "Connection": "keep-alive",
        "User-Agent": "azure-ai-ml/1.13.0 azsdk-python-mgmt-machinelearningservices/0.1.0 Python/3.8.16 (Windows-10-10.0.22631-SP0)"
      },
      "RequestBody": null,
      "StatusCode": 200,
      "ResponseHeaders": {
        "Cache-Control": "no-cache",
        "Content-Encoding": "gzip",
        "Content-Type": "application/json; charset=utf-8",
        "Date": "Thu, 04 Jan 2024 06:38:17 GMT",
        "Expires": "-1",
        "Pragma": "no-cache",
        "Request-Context": "appId=cid-v1:2d2e8e63-272e-4b3c-8598-4ee570a0e70d",
        "Strict-Transport-Security": "max-age=31536000; includeSubDomains",
        "Transfer-Encoding": "chunked",
        "Vary": [
          "Accept-Encoding",
          "Accept-Encoding"
        ],
        "x-aml-cluster": "vienna-eastus2-02",
        "X-Content-Type-Options": "nosniff",
        "x-ms-correlation-request-id": "9429e0b1-ba30-4d6a-96cf-e15e755e91a0",
        "x-ms-ratelimit-remaining-subscription-reads": "11997",
        "x-ms-response-type": "standard",
        "x-ms-routing-request-id": "JAPANEAST:20240104T063818Z:9429e0b1-ba30-4d6a-96cf-e15e755e91a0",
        "x-request-time": "0.057"
      },
      "ResponseBody": {
        "id": "/subscriptions/00000000-0000-0000-0000-000000000/resourceGroups/00000/providers/Microsoft.MachineLearningServices/workspaces/00000/computes/cpu-cluster",
        "name": "cpu-cluster",
        "type": "Microsoft.MachineLearningServices/workspaces/computes",
        "location": "eastus2",
        "tags": {},
        "properties": {
          "createdOn": "2022-09-22T03:07:49.0785672\u002B00:00",
          "modifiedOn": "2023-02-28T12:57:04.6158978\u002B00:00",
          "disableLocalAuth": false,
          "description": null,
          "resourceId": null,
          "computeType": "AmlCompute",
          "computeLocation": "eastus2",
          "provisioningState": "Succeeded",
          "provisioningErrors": null,
          "provisioningWarnings": null,
          "isAttachedCompute": false,
          "properties": {
            "vmSize": "STANDARD_DS2_V2",
            "vmPriority": "Dedicated",
            "scaleSettings": {
              "maxNodeCount": 4,
              "minNodeCount": 0,
              "nodeIdleTimeBeforeScaleDown": "PT2M"
            },
            "subnet": null,
            "currentNodeCount": 0,
            "targetNodeCount": 0,
            "nodeStateCounts": {
              "preparingNodeCount": 0,
              "runningNodeCount": 0,
              "idleNodeCount": 0,
              "unusableNodeCount": 0,
              "leavingNodeCount": 0,
              "preemptedNodeCount": 0
            },
            "allocationState": "Steady",
            "allocationStateTransitionTime": "2023-12-14T10:32:44.247\u002B00:00",
            "errors": null,
            "remoteLoginPortPublicAccess": "Enabled",
            "osType": "Linux",
            "virtualMachineImage": null,
            "isolatedNetwork": false,
            "enableBatchPrivateLink": false,
            "propertyBag": {}
          }
        }
      }
    },
    {
      "RequestUri": "https://management.azure.com/subscriptions/00000000-0000-0000-0000-000000000/resourceGroups/00000/providers/Microsoft.MachineLearningServices/workspaces/00000/codes/000000000000000000000/versions?api-version=2023-04-01\u0026hash=30be0d23effd5294ef2565bfd32ed3ef9ea7e2c03c089f91878797acfaff51ee\u0026hashVersion=202208",
      "RequestMethod": "GET",
      "RequestHeaders": {
        "Accept": "application/json",
        "Accept-Encoding": "gzip, deflate",
        "Connection": "keep-alive",
        "User-Agent": "azure-ai-ml/1.13.0 azsdk-python-mgmt-machinelearningservices/0.1.0 Python/3.8.16 (Windows-10-10.0.22631-SP0)"
      },
      "RequestBody": null,
      "StatusCode": 200,
      "ResponseHeaders": {
        "Cache-Control": "no-cache",
        "Content-Encoding": "gzip",
        "Content-Type": "application/json; charset=utf-8",
        "Date": "Thu, 04 Jan 2024 06:38:21 GMT",
        "Expires": "-1",
        "Pragma": "no-cache",
        "Request-Context": "appId=cid-v1:2d2e8e63-272e-4b3c-8598-4ee570a0e70d",
        "Strict-Transport-Security": "max-age=31536000; includeSubDomains",
        "Transfer-Encoding": "chunked",
        "Vary": [
          "Accept-Encoding",
          "Accept-Encoding"
        ],
        "x-aml-cluster": "vienna-eastus2-02",
        "X-Content-Type-Options": "nosniff",
        "x-ms-correlation-request-id": "bc610712-aafa-4934-86e6-355e93006764",
        "x-ms-ratelimit-remaining-subscription-reads": "11996",
        "x-ms-response-type": "standard",
        "x-ms-routing-request-id": "JAPANEAST:20240104T063822Z:bc610712-aafa-4934-86e6-355e93006764",
        "x-request-time": "0.592"
      },
      "ResponseBody": {
        "value": [
          {
            "id": "/subscriptions/00000000-0000-0000-0000-000000000/resourceGroups/00000/providers/Microsoft.MachineLearningServices/workspaces/00000/codes/2399759d-9dc1-4d22-855b-a0333c535740/versions/1",
            "name": "1",
            "type": "Microsoft.MachineLearningServices/workspaces/codes/versions",
            "properties": {
              "description": null,
              "tags": {},
              "properties": {
                "hash_sha256": "30be0d23effd5294ef2565bfd32ed3ef9ea7e2c03c089f91878797acfaff51ee",
                "hash_version": "202208"
              },
              "isArchived": false,
              "isAnonymous": false,
              "codeUri": "https://sav6dhrxexwlv7g.blob.core.windows.net:443/e950f876-7257-4cf3-99a5-ff66812ac44c-e4fsf8rf1s3bfhqm2cb593hvj6/src",
              "provisioningState": "Succeeded"
            },
            "systemData": {
              "createdAt": "2024-01-04T06:20:10.2155238\u002B00:00",
              "createdBy": "Xiaole Wen",
              "createdByType": "User",
              "lastModifiedAt": "2024-01-04T06:20:10.2155238\u002B00:00",
              "lastModifiedBy": "Xiaole Wen",
              "lastModifiedByType": "User"
            }
          }
        ]
      }
    },
    {
      "RequestUri": "https://management.azure.com/subscriptions/00000000-0000-0000-0000-000000000/resourceGroups/00000/providers/Microsoft.MachineLearningServices/workspaces/00000/codes/2399759d-9dc1-4d22-855b-a0333c535740/versions/1?api-version=2023-04-01",
      "RequestMethod": "GET",
      "RequestHeaders": {
        "Accept": "application/json",
        "Accept-Encoding": "gzip, deflate",
        "Connection": "keep-alive",
        "User-Agent": "azure-ai-ml/1.13.0 azsdk-python-mgmt-machinelearningservices/0.1.0 Python/3.8.16 (Windows-10-10.0.22631-SP0)"
      },
      "RequestBody": null,
      "StatusCode": 200,
      "ResponseHeaders": {
        "Cache-Control": "no-cache",
        "Content-Encoding": "gzip",
        "Content-Type": "application/json; charset=utf-8",
        "Date": "Thu, 04 Jan 2024 06:38:22 GMT",
        "Expires": "-1",
        "Pragma": "no-cache",
        "Request-Context": "appId=cid-v1:2d2e8e63-272e-4b3c-8598-4ee570a0e70d",
        "Strict-Transport-Security": "max-age=31536000; includeSubDomains",
        "Transfer-Encoding": "chunked",
        "Vary": [
          "Accept-Encoding",
          "Accept-Encoding"
        ],
        "x-aml-cluster": "vienna-eastus2-02",
        "X-Content-Type-Options": "nosniff",
        "x-ms-correlation-request-id": "81a825ca-f3f6-46ea-b728-8e503c4a9e5a",
        "x-ms-ratelimit-remaining-subscription-reads": "11995",
        "x-ms-response-type": "standard",
        "x-ms-routing-request-id": "JAPANEAST:20240104T063822Z:81a825ca-f3f6-46ea-b728-8e503c4a9e5a",
        "x-request-time": "0.187"
      },
      "ResponseBody": {
        "id": "/subscriptions/00000000-0000-0000-0000-000000000/resourceGroups/00000/providers/Microsoft.MachineLearningServices/workspaces/00000/codes/2399759d-9dc1-4d22-855b-a0333c535740/versions/1",
        "name": "1",
        "type": "Microsoft.MachineLearningServices/workspaces/codes/versions",
        "properties": {
          "description": null,
          "tags": {},
          "properties": {
            "hash_sha256": "0000000000000",
            "hash_version": "0000000000000"
          },
          "isArchived": false,
          "isAnonymous": false,
          "codeUri": "https://sav6dhrxexwlv7g.blob.core.windows.net:443/e950f876-7257-4cf3-99a5-ff66812ac44c-e4fsf8rf1s3bfhqm2cb593hvj6/src",
          "provisioningState": "Succeeded"
        },
        "systemData": {
          "createdAt": "2024-01-04T06:20:10.2155238\u002B00:00",
          "createdBy": "Xiaole Wen",
          "createdByType": "User",
          "lastModifiedAt": "2024-01-04T06:20:10.2155238\u002B00:00",
          "lastModifiedBy": "Xiaole Wen",
          "lastModifiedByType": "User"
        }
      }
    },
    {
      "RequestUri": "https://management.azure.com/subscriptions/00000000-0000-0000-0000-000000000/resourceGroups/00000/providers/Microsoft.MachineLearningServices/workspaces/00000/environments/CliV2AnonymousEnvironment/versions/749b0b89c72d185f6585c92cc6c1ea8b?api-version=2023-04-01-preview",
      "RequestMethod": "PUT",
      "RequestHeaders": {
        "Accept": "application/json",
        "Accept-Encoding": "gzip, deflate",
        "Connection": "keep-alive",
        "Content-Length": "416",
        "Content-Type": "application/json",
        "User-Agent": "azure-ai-ml/1.13.0 azsdk-python-mgmt-machinelearningservices/0.1.0 Python/3.8.16 (Windows-10-10.0.22631-SP0)"
      },
      "RequestBody": {
        "properties": {
          "isAnonymous": true,
          "isArchived": false,
          "condaFile": "channels:\n- conda-forge\ndependencies:\n- python=3.8\n- pip\n- pip:\n  - mlflow\n  - azureml-dataset-runtime[pandas,fuse]\n  - azureml-telemetry\n  - pandas\n  - pillow\n  - azureml-core\n  - scikit-learn~=0.20.0\n  - cloudpickle==1.1.1\n  - tensorflow==1.15.2\nname: prs-env\n",
          "image": "mcr.microsoft.com/azureml/openmpi4.1.0-ubuntu22.04"
        }
      },
      "StatusCode": 201,
      "ResponseHeaders": {
        "Build-ID": "ch10",
        "Cache-Control": "no-cache",
        "Content-Length": "1542",
        "Content-Type": "application/json; charset=utf-8",
        "Date": "Thu, 04 Jan 2024 06:38:36 GMT",
        "Expires": "-1",
        "Location": "https://management.azure.com/subscriptions/00000000-0000-0000-0000-000000000/resourceGroups/00000/providers/Microsoft.MachineLearningServices/workspaces/00000/environments/CliV2AnonymousEnvironment/versions/749b0b89c72d185f6585c92cc6c1ea8b?api-version=2023-04-01-preview",
        "Pragma": "no-cache",
        "Request-Context": "appId=cid-v1:2d2e8e63-272e-4b3c-8598-4ee570a0e70d",
        "Strict-Transport-Security": "max-age=31536000; includeSubDomains",
        "x-aml-cluster": "vienna-eastus2-02",
        "X-Content-Type-Options": "nosniff",
        "x-ms-correlation-request-id": "63a3be1e-916a-4449-b8c7-3b29d2e95ade",
        "x-ms-ratelimit-remaining-subscription-writes": "1199",
        "x-ms-response-type": "standard",
        "x-ms-routing-request-id": "JAPANEAST:20240104T063837Z:63a3be1e-916a-4449-b8c7-3b29d2e95ade",
        "x-request-time": "11.687"
      },
      "ResponseBody": {
        "id": "/subscriptions/00000000-0000-0000-0000-000000000/resourceGroups/00000/providers/Microsoft.MachineLearningServices/workspaces/00000/environments/CliV2AnonymousEnvironment/versions/749b0b89c72d185f6585c92cc6c1ea8b",
        "name": "749b0b89c72d185f6585c92cc6c1ea8b",
        "type": "Microsoft.MachineLearningServices/workspaces/environments/versions",
        "properties": {
          "description": null,
          "tags": {},
          "properties": {
            "azureml.labels": ""
          },
          "isArchived": false,
          "isAnonymous": true,
          "autoDeleteSetting": null,
          "environmentType": "UserCreated",
          "image": "mcr.microsoft.com/azureml/openmpi4.1.0-ubuntu22.04",
          "condaFile": "{\n  \u0022channels\u0022: [\n    \u0022conda-forge\u0022\n  ],\n  \u0022dependencies\u0022: [\n    \u0022python=3.8\u0022,\n    \u0022pip\u0022,\n    {\n      \u0022pip\u0022: [\n        \u0022mlflow\u0022,\n        \u0022azureml-dataset-runtime[pandas,fuse]\u0022,\n        \u0022azureml-telemetry\u0022,\n        \u0022pandas\u0022,\n        \u0022pillow\u0022,\n        \u0022azureml-core\u0022,\n        \u0022scikit-learn~=0.20.0\u0022,\n        \u0022cloudpickle==1.1.1\u0022,\n        \u0022tensorflow==1.15.2\u0022\n      ]\n    }\n  ],\n  \u0022name\u0022: \u0022prs-env\u0022\n}",
          "osType": "Linux",
          "autoRebuild": "Disabled",
          "provisioningState": "Succeeded",
          "stage": "Logged",
          "intellectualProperty": null
        },
        "systemData": {
          "createdAt": "2023-03-17T07:08:02.4902583\u002B00:00",
          "createdBy": "Xiaole Wen",
          "createdByType": "User",
          "lastModifiedAt": "2023-03-17T07:08:02.4902583\u002B00:00",
          "lastModifiedBy": "Xiaole Wen",
          "lastModifiedByType": "User"
        }
      }
    },
    {
      "RequestUri": "https://management.azure.com/subscriptions/00000000-0000-0000-0000-000000000/resourceGroups/00000/providers/Microsoft.MachineLearningServices/workspaces/00000/components/azureml_anonymous/versions/000000000000000000000?api-version=2022-10-01",
      "RequestMethod": "PUT",
      "RequestHeaders": {
        "Accept": "application/json",
        "Accept-Encoding": "gzip, deflate",
        "Connection": "keep-alive",
        "Content-Length": "1565",
        "Content-Type": "application/json",
        "User-Agent": "azure-ai-ml/1.13.0 azsdk-python-mgmt-machinelearningservices/0.1.0 Python/3.8.16 (Windows-10-10.0.22631-SP0)"
      },
      "RequestBody": {
        "properties": {
          "description": "parallel component for batch score",
          "properties": {},
          "tags": {},
          "isAnonymous": true,
          "isArchived": false,
          "componentSpec": {
            "name": "batch_score_with_tabular_input",
            "description": "parallel component for batch score",
            "version": "1.0.0",
            "$schema": "http://azureml/sdk-2-0/ParallelComponent.json",
            "display_name": "BatchScore",
            "is_deterministic": true,
            "inputs": {
              "job_data_path": {
                "type": "mltable",
                "description": "The data to be split and scored in parallel.",
                "optional": false
              },
              "score_model": {
                "type": "uri_folder",
                "description": "The model for batch score.",
                "optional": false
              }
            },
            "outputs": {
              "job_out_path": {
                "type": "uri_file"
              }
            },
            "type": "parallel",
            "logging_level": "DEBUG",
            "task": {
              "type": "run_function",
              "code": "azureml:/subscriptions/00000000-0000-0000-0000-000000000/resourceGroups/00000/providers/Microsoft.MachineLearningServices/workspaces/00000/codes/2399759d-9dc1-4d22-855b-a0333c535740/versions/1",
              "entry_script": "tabular_run_with_model.py",
              "program_arguments": "--model ${{inputs.score_model}}",
              "append_row_to": "${{outputs.job_out_path}}",
              "environment": "azureml:/subscriptions/00000000-0000-0000-0000-000000000/resourceGroups/00000/providers/Microsoft.MachineLearningServices/workspaces/00000/environments/CliV2AnonymousEnvironment/versions/749b0b89c72d185f6585c92cc6c1ea8b"
            },
            "mini_batch_size": "100",
            "input_data": "${{inputs.job_data_path}}",
            "retry_settings": {
              "timeout": 60,
              "max_retries": 2
            },
            "max_concurrency_per_instance": 2,
            "mini_batch_error_threshold": 5,
            "_source": "YAML.COMPONENT"
          }
        }
      },
      "StatusCode": 201,
      "ResponseHeaders": {
        "Cache-Control": "no-cache",
        "Content-Length": "2512",
        "Content-Type": "application/json; charset=utf-8",
        "Date": "Thu, 04 Jan 2024 06:38:39 GMT",
        "Expires": "-1",
        "Location": "https://management.azure.com/subscriptions/00000000-0000-0000-0000-000000000/resourceGroups/00000/providers/Microsoft.MachineLearningServices/workspaces/00000/components/azureml_anonymous/versions/000000000000000000000?api-version=2022-10-01",
        "Pragma": "no-cache",
        "Request-Context": "appId=cid-v1:2d2e8e63-272e-4b3c-8598-4ee570a0e70d",
        "Strict-Transport-Security": "max-age=31536000; includeSubDomains",
        "x-aml-cluster": "vienna-eastus2-02",
        "X-Content-Type-Options": "nosniff",
        "x-ms-correlation-request-id": "61c9f04c-155d-4def-bf5c-1c05099f4e7b",
        "x-ms-ratelimit-remaining-subscription-writes": "1198",
        "x-ms-response-type": "standard",
        "x-ms-routing-request-id": "JAPANEAST:20240104T063840Z:61c9f04c-155d-4def-bf5c-1c05099f4e7b",
        "x-request-time": "0.952"
      },
      "ResponseBody": {
        "id": "/subscriptions/00000000-0000-0000-0000-000000000/resourceGroups/00000/providers/Microsoft.MachineLearningServices/workspaces/00000/components/azureml_anonymous/versions/b23d8437-7259-41fb-b9a3-1cde36ede622",
        "name": "b23d8437-7259-41fb-b9a3-1cde36ede622",
        "type": "Microsoft.MachineLearningServices/workspaces/components/versions",
        "properties": {
          "description": null,
          "tags": {},
          "properties": {},
          "isArchived": false,
          "isAnonymous": true,
          "componentSpec": {
            "$schema": "http://azureml/sdk-2-0/ParallelComponent.json",
            "name": "batch_score_with_tabular_input",
            "version": "1.0.0",
            "display_name": "BatchScore",
            "is_deterministic": "True",
            "type": "parallel",
            "description": "parallel component for batch score",
            "inputs": {
              "job_data_path": {
                "type": "mltable",
                "optional": "False",
                "description": "The data to be split and scored in parallel."
              },
              "score_model": {
                "type": "uri_folder",
                "optional": "False",
                "description": "The model for batch score."
              }
            },
            "outputs": {
              "job_out_path": {
                "type": "uri_file"
              }
            },
            "task": {
              "code": "azureml:/subscriptions/00000000-0000-0000-0000-000000000/resourceGroups/00000/providers/Microsoft.MachineLearningServices/workspaces/00000/codes/2399759d-9dc1-4d22-855b-a0333c535740/versions/1",
              "environment": "azureml:/subscriptions/00000000-0000-0000-0000-000000000/resourceGroups/00000/providers/Microsoft.MachineLearningServices/workspaces/00000/environments/CliV2AnonymousEnvironment/versions/749b0b89c72d185f6585c92cc6c1ea8b",
              "program_arguments": "--model ${{inputs.score_model}}",
              "entry_script": "tabular_run_with_model.py",
              "type": "run_function",
              "append_row_to": "${{outputs.job_out_path}}"
            },
            "input_data": "${{inputs.job_data_path}}",
            "error_threshold": "-1",
            "logging_level": "DEBUG",
            "max_concurrency_per_instance": "2",
            "mini_batch_error_threshold": "5",
            "mini_batch_size": "100",
            "retry_settings": {
              "max_retries": "2",
              "timeout": "60"
            }
          }
        },
        "systemData": {
          "createdAt": "2024-01-04T06:20:29.2568068\u002B00:00",
          "createdBy": "Xiaole Wen",
          "createdByType": "User",
          "lastModifiedAt": "2024-01-04T06:20:29.365966\u002B00:00",
          "lastModifiedBy": "Xiaole Wen",
          "lastModifiedByType": "User"
        }
      }
    },
    {
      "RequestUri": "https://management.azure.com/subscriptions/00000000-0000-0000-0000-000000000/resourceGroups/00000/providers/Microsoft.MachineLearningServices/workspaces/00000/datastores/workspaceblobstore?api-version=2023-04-01-preview",
      "RequestMethod": "GET",
      "RequestHeaders": {
        "Accept": "application/json",
        "Accept-Encoding": "gzip, deflate",
        "Connection": "keep-alive",
        "User-Agent": "azure-ai-ml/1.13.0 azsdk-python-mgmt-machinelearningservices/0.1.0 Python/3.8.16 (Windows-10-10.0.22631-SP0)"
      },
      "RequestBody": null,
      "StatusCode": 200,
      "ResponseHeaders": {
        "Cache-Control": "no-cache",
        "Content-Encoding": "gzip",
        "Content-Type": "application/json; charset=utf-8",
        "Date": "Thu, 04 Jan 2024 06:38:40 GMT",
        "Expires": "-1",
        "Pragma": "no-cache",
        "Request-Context": "appId=cid-v1:2d2e8e63-272e-4b3c-8598-4ee570a0e70d",
        "Strict-Transport-Security": "max-age=31536000; includeSubDomains",
        "Transfer-Encoding": "chunked",
        "Vary": [
          "Accept-Encoding",
          "Accept-Encoding"
        ],
        "x-aml-cluster": "vienna-eastus2-02",
        "X-Content-Type-Options": "nosniff",
        "x-ms-correlation-request-id": "eea775bd-abad-476f-beb2-92a1f2d8080c",
        "x-ms-ratelimit-remaining-subscription-reads": "11994",
        "x-ms-response-type": "standard",
        "x-ms-routing-request-id": "JAPANEAST:20240104T063841Z:eea775bd-abad-476f-beb2-92a1f2d8080c",
        "x-request-time": "0.126"
      },
      "ResponseBody": {
        "id": "/subscriptions/00000000-0000-0000-0000-000000000/resourceGroups/00000/providers/Microsoft.MachineLearningServices/workspaces/00000/datastores/workspaceblobstore",
        "name": "workspaceblobstore",
        "type": "Microsoft.MachineLearningServices/workspaces/datastores",
        "properties": {
          "description": null,
          "tags": null,
          "properties": null,
          "isDefault": true,
          "credentials": {
            "credentialsType": "AccountKey"
          },
          "intellectualProperty": null,
          "subscriptionId": "00000000-0000-0000-0000-000000000",
          "resourceGroup": "00000",
          "datastoreType": "AzureBlob",
          "accountName": "sav6dhrxexwlv7g",
          "containerName": "azureml-blobstore-e950f876-7257-4cf3-99a5-ff66812ac44c",
          "endpoint": "core.windows.net",
          "protocol": "https",
          "serviceDataAccessAuthIdentity": "WorkspaceSystemAssignedIdentity"
        },
        "systemData": {
          "createdAt": "2022-09-22T03:07:29.4396872\u002B00:00",
          "createdBy": "779301c0-18b2-4cdc-801b-a0a3368fee0a",
          "createdByType": "Application",
          "lastModifiedAt": "2022-09-22T03:07:30.424941\u002B00:00",
          "lastModifiedBy": "779301c0-18b2-4cdc-801b-a0a3368fee0a",
          "lastModifiedByType": "Application"
        }
      }
    },
    {
      "RequestUri": "https://management.azure.com/subscriptions/00000000-0000-0000-0000-000000000/resourceGroups/00000/providers/Microsoft.MachineLearningServices/workspaces/00000/datastores/workspaceblobstore/listSecrets?api-version=2023-04-01-preview",
      "RequestMethod": "POST",
      "RequestHeaders": {
        "Accept": "application/json",
        "Accept-Encoding": "gzip, deflate",
        "Connection": "keep-alive",
        "Content-Length": "0",
        "User-Agent": "azure-ai-ml/1.13.0 azsdk-python-mgmt-machinelearningservices/0.1.0 Python/3.8.16 (Windows-10-10.0.22631-SP0)"
      },
      "RequestBody": null,
      "StatusCode": 200,
      "ResponseHeaders": {
        "Cache-Control": "no-cache",
        "Content-Encoding": "gzip",
        "Content-Type": "application/json; charset=utf-8",
        "Date": "Thu, 04 Jan 2024 06:38:41 GMT",
        "Expires": "-1",
        "Pragma": "no-cache",
        "Request-Context": "appId=cid-v1:2d2e8e63-272e-4b3c-8598-4ee570a0e70d",
        "Strict-Transport-Security": "max-age=31536000; includeSubDomains",
        "Transfer-Encoding": "chunked",
        "Vary": "Accept-Encoding",
        "x-aml-cluster": "vienna-eastus2-02",
        "X-Content-Type-Options": "nosniff",
        "x-ms-correlation-request-id": "1283f164-7d44-44a3-8a11-b3eba696f679",
        "x-ms-ratelimit-remaining-subscription-writes": "1199",
        "x-ms-response-type": "standard",
        "x-ms-routing-request-id": "JAPANEAST:20240104T063841Z:1283f164-7d44-44a3-8a11-b3eba696f679",
        "x-request-time": "0.171"
      },
      "ResponseBody": {
        "secretsType": "AccountKey",
        "key": "dGhpcyBpcyBmYWtlIGtleQ=="
      }
    },
    {
      "RequestUri": "https://sav6dhrxexwlv7g.blob.core.windows.net/azureml-blobstore-e950f876-7257-4cf3-99a5-ff66812ac44c/LocalUpload/00000000000000000000000000000000/iris-mltable/MLTable",
      "RequestMethod": "HEAD",
      "RequestHeaders": {
        "Accept": "application/xml",
        "Accept-Encoding": "gzip, deflate",
        "Connection": "keep-alive",
        "User-Agent": "azsdk-python-storage-blob/12.15.0 Python/3.8.16 (Windows-10-10.0.22631-SP0)",
        "x-ms-date": "Thu, 04 Jan 2024 06:38:42 GMT",
        "x-ms-version": "2021-12-02"
      },
      "RequestBody": null,
      "StatusCode": 200,
      "ResponseHeaders": {
        "Accept-Ranges": "bytes",
        "Content-Length": "152",
        "Content-MD5": "LPwZTVvE9cmq2xCV9B8RmQ==",
        "Content-Type": "application/octet-stream",
        "Date": "Thu, 04 Jan 2024 06:38:42 GMT",
        "ETag": "\u00220x8DA9D83B81DBF77\u0022",
        "Last-Modified": "Fri, 23 Sep 2022 16:50:28 GMT",
        "Server": [
          "Windows-Azure-Blob/1.0",
          "Microsoft-HTTPAPI/2.0"
        ],
        "Vary": "Origin",
        "x-ms-access-tier": "Hot",
        "x-ms-access-tier-inferred": "true",
        "x-ms-blob-type": "BlockBlob",
        "x-ms-creation-time": "Fri, 23 Sep 2022 16:50:26 GMT",
        "x-ms-lease-state": "available",
        "x-ms-lease-status": "unlocked",
        "x-ms-meta-name": "e36d374f-0816-4efb-888d-00c727ccdf78",
        "x-ms-meta-upload_status": "completed",
        "x-ms-meta-version": "b6c1b02b-ff69-4fd9-b5ef-575602cc7ca8",
        "x-ms-server-encrypted": "true",
        "x-ms-version": "2021-12-02"
      },
      "ResponseBody": null
    },
    {
      "RequestUri": "https://sav6dhrxexwlv7g.blob.core.windows.net/azureml-blobstore-e950f876-7257-4cf3-99a5-ff66812ac44c/az-ml-artifacts/00000000000000000000000000000000/iris-mltable/MLTable",
      "RequestMethod": "HEAD",
      "RequestHeaders": {
        "Accept": "application/xml",
        "Accept-Encoding": "gzip, deflate",
        "Connection": "keep-alive",
        "User-Agent": "azsdk-python-storage-blob/12.15.0 Python/3.8.16 (Windows-10-10.0.22631-SP0)",
        "x-ms-date": "Thu, 04 Jan 2024 06:38:43 GMT",
        "x-ms-version": "2021-12-02"
      },
      "RequestBody": null,
      "StatusCode": 404,
      "ResponseHeaders": {
        "Date": "Thu, 04 Jan 2024 06:38:42 GMT",
        "Server": [
          "Windows-Azure-Blob/1.0",
          "Microsoft-HTTPAPI/2.0"
        ],
        "Transfer-Encoding": "chunked",
        "Vary": "Origin",
        "x-ms-error-code": "BlobNotFound",
        "x-ms-version": "2021-12-02"
      },
      "ResponseBody": null
    },
    {
      "RequestUri": "https://management.azure.com/subscriptions/00000000-0000-0000-0000-000000000/resourceGroups/00000/providers/Microsoft.MachineLearningServices/workspaces/00000/datastores/workspaceblobstore?api-version=2023-04-01-preview",
      "RequestMethod": "GET",
      "RequestHeaders": {
        "Accept": "application/json",
        "Accept-Encoding": "gzip, deflate",
        "Connection": "keep-alive",
        "User-Agent": "azure-ai-ml/1.13.0 azsdk-python-mgmt-machinelearningservices/0.1.0 Python/3.8.16 (Windows-10-10.0.22631-SP0)"
      },
      "RequestBody": null,
      "StatusCode": 200,
      "ResponseHeaders": {
        "Cache-Control": "no-cache",
        "Content-Encoding": "gzip",
        "Content-Type": "application/json; charset=utf-8",
        "Date": "Thu, 04 Jan 2024 06:38:42 GMT",
        "Expires": "-1",
        "Pragma": "no-cache",
        "Request-Context": "appId=cid-v1:2d2e8e63-272e-4b3c-8598-4ee570a0e70d",
        "Strict-Transport-Security": "max-age=31536000; includeSubDomains",
        "Transfer-Encoding": "chunked",
        "Vary": [
          "Accept-Encoding",
          "Accept-Encoding"
        ],
        "x-aml-cluster": "vienna-eastus2-02",
        "X-Content-Type-Options": "nosniff",
        "x-ms-correlation-request-id": "a16912e8-eb78-4bf1-8a5a-8c24184b4f1f",
        "x-ms-ratelimit-remaining-subscription-reads": "11993",
        "x-ms-response-type": "standard",
        "x-ms-routing-request-id": "JAPANEAST:20240104T063843Z:a16912e8-eb78-4bf1-8a5a-8c24184b4f1f",
        "x-request-time": "0.128"
      },
      "ResponseBody": {
        "id": "/subscriptions/00000000-0000-0000-0000-000000000/resourceGroups/00000/providers/Microsoft.MachineLearningServices/workspaces/00000/datastores/workspaceblobstore",
        "name": "workspaceblobstore",
        "type": "Microsoft.MachineLearningServices/workspaces/datastores",
        "properties": {
          "description": null,
          "tags": null,
          "properties": null,
          "isDefault": true,
          "credentials": {
            "credentialsType": "AccountKey"
          },
          "intellectualProperty": null,
          "subscriptionId": "00000000-0000-0000-0000-000000000",
          "resourceGroup": "00000",
          "datastoreType": "AzureBlob",
          "accountName": "sav6dhrxexwlv7g",
          "containerName": "azureml-blobstore-e950f876-7257-4cf3-99a5-ff66812ac44c",
          "endpoint": "core.windows.net",
          "protocol": "https",
          "serviceDataAccessAuthIdentity": "WorkspaceSystemAssignedIdentity"
        },
        "systemData": {
          "createdAt": "2022-09-22T03:07:29.4396872\u002B00:00",
          "createdBy": "779301c0-18b2-4cdc-801b-a0a3368fee0a",
          "createdByType": "Application",
          "lastModifiedAt": "2022-09-22T03:07:30.424941\u002B00:00",
          "lastModifiedBy": "779301c0-18b2-4cdc-801b-a0a3368fee0a",
          "lastModifiedByType": "Application"
        }
      }
    },
    {
      "RequestUri": "https://management.azure.com/subscriptions/00000000-0000-0000-0000-000000000/resourceGroups/00000/providers/Microsoft.MachineLearningServices/workspaces/00000/datastores/workspaceblobstore/listSecrets?api-version=2023-04-01-preview",
      "RequestMethod": "POST",
      "RequestHeaders": {
        "Accept": "application/json",
        "Accept-Encoding": "gzip, deflate",
        "Connection": "keep-alive",
        "Content-Length": "0",
        "User-Agent": "azure-ai-ml/1.13.0 azsdk-python-mgmt-machinelearningservices/0.1.0 Python/3.8.16 (Windows-10-10.0.22631-SP0)"
      },
      "RequestBody": null,
      "StatusCode": 200,
      "ResponseHeaders": {
        "Cache-Control": "no-cache",
        "Content-Encoding": "gzip",
        "Content-Type": "application/json; charset=utf-8",
        "Date": "Thu, 04 Jan 2024 06:38:43 GMT",
        "Expires": "-1",
        "Pragma": "no-cache",
        "Request-Context": "appId=cid-v1:2d2e8e63-272e-4b3c-8598-4ee570a0e70d",
        "Strict-Transport-Security": "max-age=31536000; includeSubDomains",
        "Transfer-Encoding": "chunked",
        "Vary": "Accept-Encoding",
        "x-aml-cluster": "vienna-eastus2-02",
        "X-Content-Type-Options": "nosniff",
        "x-ms-correlation-request-id": "ef716f70-9db6-4240-b437-295bfef82091",
        "x-ms-ratelimit-remaining-subscription-writes": "1198",
        "x-ms-response-type": "standard",
        "x-ms-routing-request-id": "JAPANEAST:20240104T063844Z:ef716f70-9db6-4240-b437-295bfef82091",
        "x-request-time": "0.130"
      },
      "ResponseBody": {
        "secretsType": "AccountKey",
        "key": "dGhpcyBpcyBmYWtlIGtleQ=="
      }
    },
    {
      "RequestUri": "https://sav6dhrxexwlv7g.blob.core.windows.net/azureml-blobstore-e950f876-7257-4cf3-99a5-ff66812ac44c/LocalUpload/00000000000000000000000000000000/model/iris_model/MLmodel",
      "RequestMethod": "HEAD",
      "RequestHeaders": {
        "Accept": "application/xml",
        "Accept-Encoding": "gzip, deflate",
        "Connection": "keep-alive",
        "User-Agent": "azsdk-python-storage-blob/12.15.0 Python/3.8.16 (Windows-10-10.0.22631-SP0)",
        "x-ms-date": "Thu, 04 Jan 2024 06:38:45 GMT",
        "x-ms-version": "2021-12-02"
      },
      "RequestBody": null,
      "StatusCode": 200,
      "ResponseHeaders": {
        "Accept-Ranges": "bytes",
        "Content-Length": "298",
        "Content-MD5": "HaKpUL6X1WimkPVJF2lHiQ==",
        "Content-Type": "application/octet-stream",
        "Date": "Thu, 04 Jan 2024 06:38:44 GMT",
        "ETag": "\u00220x8DA9D83BBE50DC7\u0022",
        "Last-Modified": "Fri, 23 Sep 2022 16:50:34 GMT",
        "Server": [
          "Windows-Azure-Blob/1.0",
          "Microsoft-HTTPAPI/2.0"
        ],
        "Vary": "Origin",
        "x-ms-access-tier": "Hot",
        "x-ms-access-tier-inferred": "true",
        "x-ms-blob-type": "BlockBlob",
        "x-ms-creation-time": "Fri, 23 Sep 2022 16:50:34 GMT",
        "x-ms-lease-state": "available",
        "x-ms-lease-status": "unlocked",
        "x-ms-meta-name": "0244b266-812d-4fb7-80cb-3a1864deca7d",
        "x-ms-meta-upload_status": "completed",
        "x-ms-meta-version": "b3692c50-6ae9-4d6d-8457-16f9224f5e86",
        "x-ms-server-encrypted": "true",
        "x-ms-version": "2021-12-02"
      },
      "ResponseBody": null
    },
    {
      "RequestUri": "https://sav6dhrxexwlv7g.blob.core.windows.net/azureml-blobstore-e950f876-7257-4cf3-99a5-ff66812ac44c/az-ml-artifacts/00000000000000000000000000000000/model/iris_model/MLmodel",
      "RequestMethod": "HEAD",
      "RequestHeaders": {
        "Accept": "application/xml",
        "Accept-Encoding": "gzip, deflate",
        "Connection": "keep-alive",
        "User-Agent": "azsdk-python-storage-blob/12.15.0 Python/3.8.16 (Windows-10-10.0.22631-SP0)",
        "x-ms-date": "Thu, 04 Jan 2024 06:38:45 GMT",
        "x-ms-version": "2021-12-02"
      },
      "RequestBody": null,
      "StatusCode": 404,
      "ResponseHeaders": {
        "Date": "Thu, 04 Jan 2024 06:38:44 GMT",
        "Server": [
          "Windows-Azure-Blob/1.0",
          "Microsoft-HTTPAPI/2.0"
        ],
        "Transfer-Encoding": "chunked",
        "Vary": "Origin",
        "x-ms-error-code": "BlobNotFound",
        "x-ms-version": "2021-12-02"
      },
      "ResponseBody": null
    },
    {
      "RequestUri": "https://management.azure.com/subscriptions/00000000-0000-0000-0000-000000000/resourceGroups/00000/providers/Microsoft.MachineLearningServices/workspaces/00000/jobs/000000000000000000000?api-version=2023-08-01-preview",
      "RequestMethod": "PUT",
      "RequestHeaders": {
        "Accept": "application/json",
        "Accept-Encoding": "gzip, deflate",
        "Connection": "keep-alive",
        "Content-Length": "2510",
        "Content-Type": "application/json",
        "User-Agent": "azure-ai-ml/1.13.0 azsdk-python-mgmt-machinelearningservices/0.1.0 Python/3.8.16 (Windows-10-10.0.22631-SP0)"
      },
      "RequestBody": {
        "properties": {
          "properties": {},
          "tags": {},
          "displayName": "parallel_in_pipeline",
          "experimentName": "azure-ai-ml",
          "isArchived": false,
          "jobType": "Pipeline",
          "inputs": {
            "pipeline_job_data_path": {
              "mode": "Direct",
              "uri": "azureml://datastores/workspaceblobstore/paths/LocalUpload/00000000000000000000000000000000/iris-mltable",
              "jobInputType": "mltable"
            },
            "pipeline_score_model": {
              "mode": "Download",
              "uri": "azureml://datastores/workspaceblobstore/paths/LocalUpload/00000000000000000000000000000000/model/",
              "jobInputType": "uri_folder"
            }
          },
          "jobs": {
            "batch_inference_node1": {
              "type": "parallel",
              "mini_batch_error_threshold": 5,
              "max_concurrency_per_instance": 2,
              "task": {
                "type": "run_function",
                "code": "azureml:/subscriptions/00000000-0000-0000-0000-000000000/resourceGroups/00000/providers/Microsoft.MachineLearningServices/workspaces/00000/codes/2399759d-9dc1-4d22-855b-a0333c535740/versions/1",
                "entry_script": "tabular_run_with_model.py",
                "program_arguments": "--model ${{inputs.score_model}}",
                "append_row_to": "${{outputs.job_out_path}}",
                "environment": "azureml:/subscriptions/00000000-0000-0000-0000-000000000/resourceGroups/00000/providers/Microsoft.MachineLearningServices/workspaces/00000/environments/CliV2AnonymousEnvironment/versions/749b0b89c72d185f6585c92cc6c1ea8b"
              },
              "input_data": "${{inputs.job_data_path}}",
              "name": "batch_inference_node1",
              "computeId": "/subscriptions/00000000-0000-0000-0000-000000000/resourceGroups/00000/providers/Microsoft.MachineLearningServices/workspaces/00000/computes/cpu-cluster",
              "inputs": {
                "job_data_path": {
                  "job_input_type": "literal",
                  "value": "${{parent.inputs.pipeline_job_data_path}}"
                },
                "score_model": {
                  "job_input_type": "literal",
                  "value": "${{parent.inputs.pipeline_score_model}}"
                }
              },
              "outputs": {
                "job_out_path": {
                  "value": "${{parent.outputs.pipeline_job_out_path}}",
                  "type": "literal"
                }
              },
              "_source": "YAML.COMPONENT",
              "componentId": "/subscriptions/00000000-0000-0000-0000-000000000/resourceGroups/00000/providers/Microsoft.MachineLearningServices/workspaces/00000/components/azureml_anonymous/versions/b23d8437-7259-41fb-b9a3-1cde36ede622",
              "retry_settings": {
                "timeout": 60,
                "max_retries": 2
              },
              "logging_level": "DEBUG",
              "mini_batch_size": 100
            }
          },
          "outputs": {
            "pipeline_job_out_path": {
              "mode": "ReadWriteMount",
              "jobOutputType": "uri_file"
            }
          },
          "settings": {
            "default_compute": "/subscriptions/00000000-0000-0000-0000-000000000/resourceGroups/00000/providers/Microsoft.MachineLearningServices/workspaces/00000/computes/cpu-cluster",
            "_source": "DSL"
          }
        }
      },
      "StatusCode": 201,
      "ResponseHeaders": {
        "Cache-Control": "no-cache",
        "Content-Length": "4670",
        "Content-Type": "application/json; charset=utf-8",
        "Date": "Thu, 04 Jan 2024 06:38:45 GMT",
        "Expires": "-1",
        "Location": "https://management.azure.com/subscriptions/00000000-0000-0000-0000-000000000/resourceGroups/00000/providers/Microsoft.MachineLearningServices/workspaces/00000/jobs/000000000000000000000?api-version=2023-08-01-preview",
        "Pragma": "no-cache",
        "Request-Context": "appId=cid-v1:2d2e8e63-272e-4b3c-8598-4ee570a0e70d",
        "Strict-Transport-Security": "max-age=31536000; includeSubDomains",
        "x-aml-cluster": "vienna-eastus2-02",
        "X-Content-Type-Options": "nosniff",
        "x-ms-correlation-request-id": "4333da27-47a0-4889-8344-675a6d968743",
        "x-ms-ratelimit-remaining-subscription-writes": "1197",
        "x-ms-response-type": "standard",
        "x-ms-routing-request-id": "JAPANEAST:20240104T063846Z:4333da27-47a0-4889-8344-675a6d968743",
        "x-request-time": "0.799"
      },
      "ResponseBody": {
        "id": "/subscriptions/00000000-0000-0000-0000-000000000/resourceGroups/00000/providers/Microsoft.MachineLearningServices/workspaces/00000/jobs/000000000000000000000",
        "name": "000000000000000000000",
        "type": "Microsoft.MachineLearningServices/workspaces/jobs",
        "properties": {
          "description": null,
          "tags": {},
          "properties": {},
          "displayName": "parallel_in_pipeline",
          "status": "NotStarted",
          "experimentName": "azure-ai-ml",
          "services": {
            "Tracking": {
              "jobServiceType": "Tracking",
              "port": null,
              "endpoint": "azureml://eastus2.api.azureml.ms/mlflow/v1.0/subscriptions/00000000-0000-0000-0000-000000000/resourceGroups/00000/providers/Microsoft.MachineLearningServices/workspaces/00000?",
              "status": null,
              "errorMessage": null,
              "properties": null,
              "nodes": null
            },
            "Studio": {
              "jobServiceType": "Studio",
              "port": null,
              "endpoint": "https://ml.azure.com/runs/000000000000000000000?wsid=/subscriptions/00000000-0000-0000-0000-000000000/resourcegroups/00000/workspaces/00000",
              "status": null,
              "errorMessage": null,
              "properties": null,
              "nodes": null
            }
          },
          "computeId": null,
          "isArchived": false,
          "identity": null,
          "componentId": null,
          "notificationSetting": null,
          "secretsConfiguration": null,
          "jobType": "Pipeline",
          "settings": {
            "default_compute": "/subscriptions/00000000-0000-0000-0000-000000000/resourceGroups/00000/providers/Microsoft.MachineLearningServices/workspaces/00000/computes/cpu-cluster",
            "_source": "DSL"
          },
          "jobs": {
            "batch_inference_node1": {
              "type": "parallel",
              "mini_batch_error_threshold": 5,
              "max_concurrency_per_instance": 2,
              "task": {
                "type": "run_function",
                "code": "azureml:/subscriptions/00000000-0000-0000-0000-000000000/resourceGroups/00000/providers/Microsoft.MachineLearningServices/workspaces/00000/codes/2399759d-9dc1-4d22-855b-a0333c535740/versions/1",
                "entry_script": "tabular_run_with_model.py",
                "program_arguments": "--model ${{inputs.score_model}}",
                "append_row_to": "${{outputs.job_out_path}}",
                "environment": "azureml:/subscriptions/00000000-0000-0000-0000-000000000/resourceGroups/00000/providers/Microsoft.MachineLearningServices/workspaces/00000/environments/CliV2AnonymousEnvironment/versions/749b0b89c72d185f6585c92cc6c1ea8b"
              },
              "input_data": "${{inputs.job_data_path}}",
              "name": "batch_inference_node1",
              "computeId": "/subscriptions/00000000-0000-0000-0000-000000000/resourceGroups/00000/providers/Microsoft.MachineLearningServices/workspaces/00000/computes/cpu-cluster",
              "inputs": {
                "job_data_path": {
                  "job_input_type": "literal",
                  "value": "${{parent.inputs.pipeline_job_data_path}}"
                },
                "score_model": {
                  "job_input_type": "literal",
                  "value": "${{parent.inputs.pipeline_score_model}}"
                }
              },
              "outputs": {
                "job_out_path": {
                  "value": "${{parent.outputs.pipeline_job_out_path}}",
                  "type": "literal"
                }
              },
              "_source": "YAML.COMPONENT",
              "componentId": "/subscriptions/00000000-0000-0000-0000-000000000/resourceGroups/00000/providers/Microsoft.MachineLearningServices/workspaces/00000/components/azureml_anonymous/versions/b23d8437-7259-41fb-b9a3-1cde36ede622",
              "retry_settings": {
                "timeout": 60,
                "max_retries": 2
              },
              "logging_level": "DEBUG",
              "mini_batch_size": 100
            }
          },
          "inputs": {
            "pipeline_job_data_path": {
              "description": null,
              "uri": "azureml://datastores/workspaceblobstore/paths/LocalUpload/00000000000000000000000000000000/iris-mltable",
              "mode": "Direct",
              "jobInputType": "mltable"
            },
            "pipeline_score_model": {
              "description": null,
              "uri": "azureml://datastores/workspaceblobstore/paths/LocalUpload/00000000000000000000000000000000/model/",
              "mode": "Download",
              "jobInputType": "uri_folder"
            }
          },
          "outputs": {
            "pipeline_job_out_path": {
              "description": null,
              "uri": null,
              "assetName": null,
              "assetVersion": null,
              "mode": "ReadWriteMount",
              "autoDeleteSetting": null,
              "jobOutputType": "uri_file"
            }
          },
          "sourceJobId": null
        },
        "systemData": {
          "createdAt": "2024-01-04T06:38:45.7915687\u002B00:00",
          "createdBy": "Xiaole Wen",
          "createdByType": "User"
        }
      }
    },
    {
      "RequestUri": "https://management.azure.com/subscriptions/00000000-0000-0000-0000-000000000/resourceGroups/00000/providers/Microsoft.MachineLearningServices/workspaces/00000/jobs/000000000000000000000/cancel?api-version=2023-04-01-preview",
      "RequestMethod": "POST",
      "RequestHeaders": {
        "Accept": "application/json",
        "Accept-Encoding": "gzip, deflate",
        "Connection": "keep-alive",
        "Content-Length": "0",
        "User-Agent": "azure-ai-ml/1.13.0 azsdk-python-mgmt-machinelearningservices/0.1.0 Python/3.8.16 (Windows-10-10.0.22631-SP0)"
      },
      "RequestBody": null,
      "StatusCode": 202,
      "ResponseHeaders": {
        "Cache-Control": "no-cache",
        "Content-Length": "4",
        "Content-Type": "application/json; charset=utf-8",
        "Date": "Thu, 04 Jan 2024 06:38:48 GMT",
        "Expires": "-1",
        "Location": "https://management.azure.com/subscriptions/00000000-0000-0000-0000-000000000/providers/Microsoft.MachineLearningServices/locations/eastus2/mfeOperationResults/jc:e950f876-7257-4cf3-99a5-ff66812ac44c:000000000000000000000?api-version=2023-04-01-preview\u0026t=638399471293915312\u0026c=MIIHHjCCBgagAwIBAgITfwI8YE7TFpH4swTJAgAEAjxgTjANBgkqhkiG9w0BAQsFADBEMRMwEQYKCZImiZPyLGQBGRYDR0JMMRMwEQYKCZImiZPyLGQBGRYDQU1FMRgwFgYDVQQDEw9BTUUgSW5mcmEgQ0EgMDIwHhcNMjMxMTAxMTI0ODMyWhcNMjQxMDI2MTI0ODMyWjBAMT4wPAYDVQQDEzVhc3luY29wZXJhdGlvbnNpZ25pbmdjZXJ0aWZpY2F0ZS5tYW5hZ2VtZW50LmF6dXJlLmNvbTCCASIwDQYJKoZIhvcNAQEBBQADggEPADCCAQoCggEBAOfk7s1AnKyUqxJR1tGB1o-bd08yXoGVmNHQbpQb9IWlVS7htLxnfaUT083PrTqMEBOB9OS4hyPlFX-ApR1pomKdOD1y0gioSkZG_vgzN2wtFSBJWYWnrCl3xq-Tt9kIsLmZ7FZ-JBOTPKr8rSmKzm4L0NIsVf6UNGZOPdsZpFYEXOeyjshEO6PpPevESOM8rWMDozQTl1HzkC0gPrg5DGhYsJJe5HDWO8h7FZD5HFOCbb225KnGWZppoK08q2QpTgIP8P7CvjQnoGz2CnVSlOOMvuZXjhUTObsuZWO8XdgF04CkgZhq94b4Ej__vi4D1mZ2x9zRlrEMA1MEIfV5sN0CAwEAAaOCBAswggQHMCcGCSsGAQQBgjcVCgQaMBgwCgYIKwYBBQUHAwEwCgYIKwYBBQUHAwIwPQYJKwYBBAGCNxUHBDAwLgYmKwYBBAGCNxUIhpDjDYTVtHiE8Ys-hZvdFs6dEoFggvX2K4Py0SACAWQCAQowggHaBggrBgEFBQcBAQSCAcwwggHIMGYGCCsGAQUFBzAChlpodHRwOi8vY3JsLm1pY3Jvc29mdC5jb20vcGtpaW5mcmEvQ2VydHMvQkwyUEtJSU5UQ0EwMS5BTUUuR0JMX0FNRSUyMEluZnJhJTIwQ0ElMjAwMig0KS5jcnQwVgYIKwYBBQUHMAKGSmh0dHA6Ly9jcmwxLmFtZS5nYmwvYWlhL0JMMlBLSUlOVENBMDEuQU1FLkdCTF9BTUUlMjBJbmZyYSUyMENBJTIwMDIoNCkuY3J0MFYGCCsGAQUFBzAChkpodHRwOi8vY3JsMi5hbWUuZ2JsL2FpYS9CTDJQS0lJTlRDQTAxLkFNRS5HQkxfQU1FJTIwSW5mcmElMjBDQSUyMDAyKDQpLmNydDBWBggrBgEFBQcwAoZKaHR0cDovL2NybDMuYW1lLmdibC9haWEvQkwyUEtJSU5UQ0EwMS5BTUUuR0JMX0FNRSUyMEluZnJhJTIwQ0ElMjAwMig0KS5jcnQwVgYIKwYBBQUHMAKGSmh0dHA6Ly9jcmw0LmFtZS5nYmwvYWlhL0JMMlBLSUlOVENBMDEuQU1FLkdCTF9BTUUlMjBJbmZyYSUyMENBJTIwMDIoNCkuY3J0MB0GA1UdDgQWBBRQX-Vd5gCv8ZxGaXD2PmaqqUHtdjAOBgNVHQ8BAf8EBAMCBaAwggE1BgNVHR8EggEsMIIBKDCCASSgggEgoIIBHIZCaHR0cDovL2NybC5taWNyb3NvZnQuY29tL3BraWluZnJhL0NSTC9BTUUlMjBJbmZyYSUyMENBJTIwMDIoNCkuY3JshjRodHRwOi8vY3JsMS5hbWUuZ2JsL2NybC9BTUUlMjBJbmZyYSUyMENBJTIwMDIoNCkuY3JshjRodHRwOi8vY3JsMi5hbWUuZ2JsL2NybC9BTUUlMjBJbmZyYSUyMENBJTIwMDIoNCkuY3JshjRodHRwOi8vY3JsMy5hbWUuZ2JsL2NybC9BTUUlMjBJbmZyYSUyMENBJTIwMDIoNCkuY3JshjRodHRwOi8vY3JsNC5hbWUuZ2JsL2NybC9BTUUlMjBJbmZyYSUyMENBJTIwMDIoNCkuY3JsMBcGA1UdIAQQMA4wDAYKKwYBBAGCN3sBATAfBgNVHSMEGDAWgBSuecJrXSWIEwb2BwnDl3x7l48dVTAdBgNVHSUEFjAUBggrBgEFBQcDAQYIKwYBBQUHAwIwDQYJKoZIhvcNAQELBQADggEBAGraIc9hsqUGKcUfGRNlRfK3ussZT-LVHk7wo_N16Hnjq6O3kEOh1mdMNH-uYhMOeqXAg8ua2Co_Ryny1cSbWYBExXVxH2mDnGrRA0cOMEZVd7HGLhG7AvGMFDaxPDge9P_W4kaoMoN3Q3UcKwfZ3H94NyavU0Pk8lqY294YOkd-IgerbhZiIsIR1xE4QglniwVZCNl85WS-QtiJ2urgjIQ6mIdfAQb1mUbHPMh8i3z_av1Wjp5eOUm3MIA7j9kOWVnCEWM_wzDNrLBl-o3cRuUEdVMzmghLEyrN6p0svczMmPBFkSXArQzjyJpTQfM7UHrhAv7N0cUingZ7xJY8z_M\u0026s=qtOvX84yNH16xOU4dwI1jwsANXgQpkgIznHgep5tP-iYlYlR-1VF8fWIx3ONnk-dAWa5CcXPstWVAcsw7j3nKqqSCR_KGkpFidZQSZ-Bi0dVtmvmcpd-qlLpOdd9zL5jxRI4CQp7yqFs3mTeVPqPLAeus7gqCEY31vya8rvvpTqjWPNF4Vwk7VeMXYICZtaUQxjdAwgalIkRTg2GtrQBjoy76sv7anF4LVHhRJHJE2d54V5zIdCu6UFuQLBtQ3AY0wZtBpmsi4Zz09qAntrWLou6yCT5SPoOUppxg2zDR7EEf84ghXe4cg6LbuxQ10CyEPXnQ0qmU1nSO36mxCfZrg\u0026h=p031VGsfI3FytbgdZL9cIVgOa0EB5loTgjVzzxWBq9Q",
        "Pragma": "no-cache",
        "Request-Context": "appId=cid-v1:2d2e8e63-272e-4b3c-8598-4ee570a0e70d",
        "Strict-Transport-Security": "max-age=31536000; includeSubDomains",
        "x-aml-cluster": "vienna-eastus2-02",
        "X-Content-Type-Options": "nosniff",
        "x-ms-async-operation-timeout": "PT1H",
        "x-ms-correlation-request-id": "c0bf0e1e-0296-4752-9a73-f647dd411943",
        "x-ms-ratelimit-remaining-subscription-writes": "1197",
        "x-ms-response-type": "standard",
        "x-ms-routing-request-id": "JAPANEAST:20240104T063849Z:c0bf0e1e-0296-4752-9a73-f647dd411943",
        "x-request-time": "0.364"
      },
      "ResponseBody": "null"
    },
    {
      "RequestUri": "https://management.azure.com/subscriptions/00000000-0000-0000-0000-000000000/providers/Microsoft.MachineLearningServices/locations/eastus2/mfeOperationResults/jc:e950f876-7257-4cf3-99a5-ff66812ac44c:000000000000000000000?api-version=2023-04-01-preview\u0026t=638399471293915312\u0026c=MIIHHjCCBgagAwIBAgITfwI8YE7TFpH4swTJAgAEAjxgTjANBgkqhkiG9w0BAQsFADBEMRMwEQYKCZImiZPyLGQBGRYDR0JMMRMwEQYKCZImiZPyLGQBGRYDQU1FMRgwFgYDVQQDEw9BTUUgSW5mcmEgQ0EgMDIwHhcNMjMxMTAxMTI0ODMyWhcNMjQxMDI2MTI0ODMyWjBAMT4wPAYDVQQDEzVhc3luY29wZXJhdGlvbnNpZ25pbmdjZXJ0aWZpY2F0ZS5tYW5hZ2VtZW50LmF6dXJlLmNvbTCCASIwDQYJKoZIhvcNAQEBBQADggEPADCCAQoCggEBAOfk7s1AnKyUqxJR1tGB1o-bd08yXoGVmNHQbpQb9IWlVS7htLxnfaUT083PrTqMEBOB9OS4hyPlFX-ApR1pomKdOD1y0gioSkZG_vgzN2wtFSBJWYWnrCl3xq-Tt9kIsLmZ7FZ-JBOTPKr8rSmKzm4L0NIsVf6UNGZOPdsZpFYEXOeyjshEO6PpPevESOM8rWMDozQTl1HzkC0gPrg5DGhYsJJe5HDWO8h7FZD5HFOCbb225KnGWZppoK08q2QpTgIP8P7CvjQnoGz2CnVSlOOMvuZXjhUTObsuZWO8XdgF04CkgZhq94b4Ej__vi4D1mZ2x9zRlrEMA1MEIfV5sN0CAwEAAaOCBAswggQHMCcGCSsGAQQBgjcVCgQaMBgwCgYIKwYBBQUHAwEwCgYIKwYBBQUHAwIwPQYJKwYBBAGCNxUHBDAwLgYmKwYBBAGCNxUIhpDjDYTVtHiE8Ys-hZvdFs6dEoFggvX2K4Py0SACAWQCAQowggHaBggrBgEFBQcBAQSCAcwwggHIMGYGCCsGAQUFBzAChlpodHRwOi8vY3JsLm1pY3Jvc29mdC5jb20vcGtpaW5mcmEvQ2VydHMvQkwyUEtJSU5UQ0EwMS5BTUUuR0JMX0FNRSUyMEluZnJhJTIwQ0ElMjAwMig0KS5jcnQwVgYIKwYBBQUHMAKGSmh0dHA6Ly9jcmwxLmFtZS5nYmwvYWlhL0JMMlBLSUlOVENBMDEuQU1FLkdCTF9BTUUlMjBJbmZyYSUyMENBJTIwMDIoNCkuY3J0MFYGCCsGAQUFBzAChkpodHRwOi8vY3JsMi5hbWUuZ2JsL2FpYS9CTDJQS0lJTlRDQTAxLkFNRS5HQkxfQU1FJTIwSW5mcmElMjBDQSUyMDAyKDQpLmNydDBWBggrBgEFBQcwAoZKaHR0cDovL2NybDMuYW1lLmdibC9haWEvQkwyUEtJSU5UQ0EwMS5BTUUuR0JMX0FNRSUyMEluZnJhJTIwQ0ElMjAwMig0KS5jcnQwVgYIKwYBBQUHMAKGSmh0dHA6Ly9jcmw0LmFtZS5nYmwvYWlhL0JMMlBLSUlOVENBMDEuQU1FLkdCTF9BTUUlMjBJbmZyYSUyMENBJTIwMDIoNCkuY3J0MB0GA1UdDgQWBBRQX-Vd5gCv8ZxGaXD2PmaqqUHtdjAOBgNVHQ8BAf8EBAMCBaAwggE1BgNVHR8EggEsMIIBKDCCASSgggEgoIIBHIZCaHR0cDovL2NybC5taWNyb3NvZnQuY29tL3BraWluZnJhL0NSTC9BTUUlMjBJbmZyYSUyMENBJTIwMDIoNCkuY3JshjRodHRwOi8vY3JsMS5hbWUuZ2JsL2NybC9BTUUlMjBJbmZyYSUyMENBJTIwMDIoNCkuY3JshjRodHRwOi8vY3JsMi5hbWUuZ2JsL2NybC9BTUUlMjBJbmZyYSUyMENBJTIwMDIoNCkuY3JshjRodHRwOi8vY3JsMy5hbWUuZ2JsL2NybC9BTUUlMjBJbmZyYSUyMENBJTIwMDIoNCkuY3JshjRodHRwOi8vY3JsNC5hbWUuZ2JsL2NybC9BTUUlMjBJbmZyYSUyMENBJTIwMDIoNCkuY3JsMBcGA1UdIAQQMA4wDAYKKwYBBAGCN3sBATAfBgNVHSMEGDAWgBSuecJrXSWIEwb2BwnDl3x7l48dVTAdBgNVHSUEFjAUBggrBgEFBQcDAQYIKwYBBQUHAwIwDQYJKoZIhvcNAQELBQADggEBAGraIc9hsqUGKcUfGRNlRfK3ussZT-LVHk7wo_N16Hnjq6O3kEOh1mdMNH-uYhMOeqXAg8ua2Co_Ryny1cSbWYBExXVxH2mDnGrRA0cOMEZVd7HGLhG7AvGMFDaxPDge9P_W4kaoMoN3Q3UcKwfZ3H94NyavU0Pk8lqY294YOkd-IgerbhZiIsIR1xE4QglniwVZCNl85WS-QtiJ2urgjIQ6mIdfAQb1mUbHPMh8i3z_av1Wjp5eOUm3MIA7j9kOWVnCEWM_wzDNrLBl-o3cRuUEdVMzmghLEyrN6p0svczMmPBFkSXArQzjyJpTQfM7UHrhAv7N0cUingZ7xJY8z_M\u0026s=qtOvX84yNH16xOU4dwI1jwsANXgQpkgIznHgep5tP-iYlYlR-1VF8fWIx3ONnk-dAWa5CcXPstWVAcsw7j3nKqqSCR_KGkpFidZQSZ-Bi0dVtmvmcpd-qlLpOdd9zL5jxRI4CQp7yqFs3mTeVPqPLAeus7gqCEY31vya8rvvpTqjWPNF4Vwk7VeMXYICZtaUQxjdAwgalIkRTg2GtrQBjoy76sv7anF4LVHhRJHJE2d54V5zIdCu6UFuQLBtQ3AY0wZtBpmsi4Zz09qAntrWLou6yCT5SPoOUppxg2zDR7EEf84ghXe4cg6LbuxQ10CyEPXnQ0qmU1nSO36mxCfZrg\u0026h=p031VGsfI3FytbgdZL9cIVgOa0EB5loTgjVzzxWBq9Q",
      "RequestMethod": "GET",
      "RequestHeaders": {
        "Accept": "*/*",
        "Accept-Encoding": "gzip, deflate",
        "Connection": "keep-alive",
        "User-Agent": "azure-ai-ml/1.13.0 azsdk-python-mgmt-machinelearningservices/0.1.0 Python/3.8.16 (Windows-10-10.0.22631-SP0)"
      },
      "RequestBody": null,
      "StatusCode": 202,
      "ResponseHeaders": {
        "Cache-Control": "no-cache",
        "Content-Length": "2",
        "Content-Type": "application/json; charset=utf-8",
        "Date": "Thu, 04 Jan 2024 06:38:48 GMT",
        "Expires": "-1",
        "Location": "https://management.azure.com/subscriptions/00000000-0000-0000-0000-000000000/providers/Microsoft.MachineLearningServices/locations/eastus2/mfeOperationResults/jc:e950f876-7257-4cf3-99a5-ff66812ac44c:000000000000000000000?api-version=2023-04-01-preview\u0026t=638399471297821624\u0026c=MIIHHjCCBgagAwIBAgITfwI8YE7TFpH4swTJAgAEAjxgTjANBgkqhkiG9w0BAQsFADBEMRMwEQYKCZImiZPyLGQBGRYDR0JMMRMwEQYKCZImiZPyLGQBGRYDQU1FMRgwFgYDVQQDEw9BTUUgSW5mcmEgQ0EgMDIwHhcNMjMxMTAxMTI0ODMyWhcNMjQxMDI2MTI0ODMyWjBAMT4wPAYDVQQDEzVhc3luY29wZXJhdGlvbnNpZ25pbmdjZXJ0aWZpY2F0ZS5tYW5hZ2VtZW50LmF6dXJlLmNvbTCCASIwDQYJKoZIhvcNAQEBBQADggEPADCCAQoCggEBAOfk7s1AnKyUqxJR1tGB1o-bd08yXoGVmNHQbpQb9IWlVS7htLxnfaUT083PrTqMEBOB9OS4hyPlFX-ApR1pomKdOD1y0gioSkZG_vgzN2wtFSBJWYWnrCl3xq-Tt9kIsLmZ7FZ-JBOTPKr8rSmKzm4L0NIsVf6UNGZOPdsZpFYEXOeyjshEO6PpPevESOM8rWMDozQTl1HzkC0gPrg5DGhYsJJe5HDWO8h7FZD5HFOCbb225KnGWZppoK08q2QpTgIP8P7CvjQnoGz2CnVSlOOMvuZXjhUTObsuZWO8XdgF04CkgZhq94b4Ej__vi4D1mZ2x9zRlrEMA1MEIfV5sN0CAwEAAaOCBAswggQHMCcGCSsGAQQBgjcVCgQaMBgwCgYIKwYBBQUHAwEwCgYIKwYBBQUHAwIwPQYJKwYBBAGCNxUHBDAwLgYmKwYBBAGCNxUIhpDjDYTVtHiE8Ys-hZvdFs6dEoFggvX2K4Py0SACAWQCAQowggHaBggrBgEFBQcBAQSCAcwwggHIMGYGCCsGAQUFBzAChlpodHRwOi8vY3JsLm1pY3Jvc29mdC5jb20vcGtpaW5mcmEvQ2VydHMvQkwyUEtJSU5UQ0EwMS5BTUUuR0JMX0FNRSUyMEluZnJhJTIwQ0ElMjAwMig0KS5jcnQwVgYIKwYBBQUHMAKGSmh0dHA6Ly9jcmwxLmFtZS5nYmwvYWlhL0JMMlBLSUlOVENBMDEuQU1FLkdCTF9BTUUlMjBJbmZyYSUyMENBJTIwMDIoNCkuY3J0MFYGCCsGAQUFBzAChkpodHRwOi8vY3JsMi5hbWUuZ2JsL2FpYS9CTDJQS0lJTlRDQTAxLkFNRS5HQkxfQU1FJTIwSW5mcmElMjBDQSUyMDAyKDQpLmNydDBWBggrBgEFBQcwAoZKaHR0cDovL2NybDMuYW1lLmdibC9haWEvQkwyUEtJSU5UQ0EwMS5BTUUuR0JMX0FNRSUyMEluZnJhJTIwQ0ElMjAwMig0KS5jcnQwVgYIKwYBBQUHMAKGSmh0dHA6Ly9jcmw0LmFtZS5nYmwvYWlhL0JMMlBLSUlOVENBMDEuQU1FLkdCTF9BTUUlMjBJbmZyYSUyMENBJTIwMDIoNCkuY3J0MB0GA1UdDgQWBBRQX-Vd5gCv8ZxGaXD2PmaqqUHtdjAOBgNVHQ8BAf8EBAMCBaAwggE1BgNVHR8EggEsMIIBKDCCASSgggEgoIIBHIZCaHR0cDovL2NybC5taWNyb3NvZnQuY29tL3BraWluZnJhL0NSTC9BTUUlMjBJbmZyYSUyMENBJTIwMDIoNCkuY3JshjRodHRwOi8vY3JsMS5hbWUuZ2JsL2NybC9BTUUlMjBJbmZyYSUyMENBJTIwMDIoNCkuY3JshjRodHRwOi8vY3JsMi5hbWUuZ2JsL2NybC9BTUUlMjBJbmZyYSUyMENBJTIwMDIoNCkuY3JshjRodHRwOi8vY3JsMy5hbWUuZ2JsL2NybC9BTUUlMjBJbmZyYSUyMENBJTIwMDIoNCkuY3JshjRodHRwOi8vY3JsNC5hbWUuZ2JsL2NybC9BTUUlMjBJbmZyYSUyMENBJTIwMDIoNCkuY3JsMBcGA1UdIAQQMA4wDAYKKwYBBAGCN3sBATAfBgNVHSMEGDAWgBSuecJrXSWIEwb2BwnDl3x7l48dVTAdBgNVHSUEFjAUBggrBgEFBQcDAQYIKwYBBQUHAwIwDQYJKoZIhvcNAQELBQADggEBAGraIc9hsqUGKcUfGRNlRfK3ussZT-LVHk7wo_N16Hnjq6O3kEOh1mdMNH-uYhMOeqXAg8ua2Co_Ryny1cSbWYBExXVxH2mDnGrRA0cOMEZVd7HGLhG7AvGMFDaxPDge9P_W4kaoMoN3Q3UcKwfZ3H94NyavU0Pk8lqY294YOkd-IgerbhZiIsIR1xE4QglniwVZCNl85WS-QtiJ2urgjIQ6mIdfAQb1mUbHPMh8i3z_av1Wjp5eOUm3MIA7j9kOWVnCEWM_wzDNrLBl-o3cRuUEdVMzmghLEyrN6p0svczMmPBFkSXArQzjyJpTQfM7UHrhAv7N0cUingZ7xJY8z_M\u0026s=mWPUSPqhrC4xDiiJ9oGmoSNpMxv4-V4UFkysRhDDgZZqLwfiHlVGkUOQ7jnEBEidj64njDsDhw8sKYmANUo8eCk8Sebds5DbtHZVAccj_6HoqqqTBq84Zt-jhI9s9Rxmqw2SC3k6gmTAOiT_YMIdIdTW3luWc--6Gx8jcuC4VohSDIavnU92ah9KoDPYlsqCK2NR-dX7cjKcTww93L_X0vnPuUtaUdXaeJe8GiE9sNxARMBxs4czr2wvMezE1YjivWGh5iqv4rGpLnDVRa4zMuhZyauMxDonfxKm2DjYSxM4r8GrGNViX0Jdooq-HTW_lghwFM0KduGb_3E2TltJwg\u0026h=SydRIq0wCnLn5bGEocdopIa8o8cwZcCdlSDdGlGnTjk",
        "Pragma": "no-cache",
        "Request-Context": "appId=cid-v1:2d2e8e63-272e-4b3c-8598-4ee570a0e70d",
        "Strict-Transport-Security": "max-age=31536000; includeSubDomains",
        "x-aml-cluster": "vienna-eastus2-02",
        "X-Content-Type-Options": "nosniff",
        "x-ms-correlation-request-id": "624cabb4-b426-4171-af14-621be881f82a",
        "x-ms-ratelimit-remaining-subscription-reads": "11992",
        "x-ms-response-type": "standard",
        "x-ms-routing-request-id": "JAPANEAST:20240104T063849Z:624cabb4-b426-4171-af14-621be881f82a",
        "x-request-time": "0.028"
      },
      "ResponseBody": {}
    },
    {
      "RequestUri": "https://management.azure.com/subscriptions/00000000-0000-0000-0000-000000000/providers/Microsoft.MachineLearningServices/locations/eastus2/mfeOperationResults/jc:e950f876-7257-4cf3-99a5-ff66812ac44c:000000000000000000000?api-version=2023-04-01-preview\u0026t=638399471297821624\u0026c=MIIHHjCCBgagAwIBAgITfwI8YE7TFpH4swTJAgAEAjxgTjANBgkqhkiG9w0BAQsFADBEMRMwEQYKCZImiZPyLGQBGRYDR0JMMRMwEQYKCZImiZPyLGQBGRYDQU1FMRgwFgYDVQQDEw9BTUUgSW5mcmEgQ0EgMDIwHhcNMjMxMTAxMTI0ODMyWhcNMjQxMDI2MTI0ODMyWjBAMT4wPAYDVQQDEzVhc3luY29wZXJhdGlvbnNpZ25pbmdjZXJ0aWZpY2F0ZS5tYW5hZ2VtZW50LmF6dXJlLmNvbTCCASIwDQYJKoZIhvcNAQEBBQADggEPADCCAQoCggEBAOfk7s1AnKyUqxJR1tGB1o-bd08yXoGVmNHQbpQb9IWlVS7htLxnfaUT083PrTqMEBOB9OS4hyPlFX-ApR1pomKdOD1y0gioSkZG_vgzN2wtFSBJWYWnrCl3xq-Tt9kIsLmZ7FZ-JBOTPKr8rSmKzm4L0NIsVf6UNGZOPdsZpFYEXOeyjshEO6PpPevESOM8rWMDozQTl1HzkC0gPrg5DGhYsJJe5HDWO8h7FZD5HFOCbb225KnGWZppoK08q2QpTgIP8P7CvjQnoGz2CnVSlOOMvuZXjhUTObsuZWO8XdgF04CkgZhq94b4Ej__vi4D1mZ2x9zRlrEMA1MEIfV5sN0CAwEAAaOCBAswggQHMCcGCSsGAQQBgjcVCgQaMBgwCgYIKwYBBQUHAwEwCgYIKwYBBQUHAwIwPQYJKwYBBAGCNxUHBDAwLgYmKwYBBAGCNxUIhpDjDYTVtHiE8Ys-hZvdFs6dEoFggvX2K4Py0SACAWQCAQowggHaBggrBgEFBQcBAQSCAcwwggHIMGYGCCsGAQUFBzAChlpodHRwOi8vY3JsLm1pY3Jvc29mdC5jb20vcGtpaW5mcmEvQ2VydHMvQkwyUEtJSU5UQ0EwMS5BTUUuR0JMX0FNRSUyMEluZnJhJTIwQ0ElMjAwMig0KS5jcnQwVgYIKwYBBQUHMAKGSmh0dHA6Ly9jcmwxLmFtZS5nYmwvYWlhL0JMMlBLSUlOVENBMDEuQU1FLkdCTF9BTUUlMjBJbmZyYSUyMENBJTIwMDIoNCkuY3J0MFYGCCsGAQUFBzAChkpodHRwOi8vY3JsMi5hbWUuZ2JsL2FpYS9CTDJQS0lJTlRDQTAxLkFNRS5HQkxfQU1FJTIwSW5mcmElMjBDQSUyMDAyKDQpLmNydDBWBggrBgEFBQcwAoZKaHR0cDovL2NybDMuYW1lLmdibC9haWEvQkwyUEtJSU5UQ0EwMS5BTUUuR0JMX0FNRSUyMEluZnJhJTIwQ0ElMjAwMig0KS5jcnQwVgYIKwYBBQUHMAKGSmh0dHA6Ly9jcmw0LmFtZS5nYmwvYWlhL0JMMlBLSUlOVENBMDEuQU1FLkdCTF9BTUUlMjBJbmZyYSUyMENBJTIwMDIoNCkuY3J0MB0GA1UdDgQWBBRQX-Vd5gCv8ZxGaXD2PmaqqUHtdjAOBgNVHQ8BAf8EBAMCBaAwggE1BgNVHR8EggEsMIIBKDCCASSgggEgoIIBHIZCaHR0cDovL2NybC5taWNyb3NvZnQuY29tL3BraWluZnJhL0NSTC9BTUUlMjBJbmZyYSUyMENBJTIwMDIoNCkuY3JshjRodHRwOi8vY3JsMS5hbWUuZ2JsL2NybC9BTUUlMjBJbmZyYSUyMENBJTIwMDIoNCkuY3JshjRodHRwOi8vY3JsMi5hbWUuZ2JsL2NybC9BTUUlMjBJbmZyYSUyMENBJTIwMDIoNCkuY3JshjRodHRwOi8vY3JsMy5hbWUuZ2JsL2NybC9BTUUlMjBJbmZyYSUyMENBJTIwMDIoNCkuY3JshjRodHRwOi8vY3JsNC5hbWUuZ2JsL2NybC9BTUUlMjBJbmZyYSUyMENBJTIwMDIoNCkuY3JsMBcGA1UdIAQQMA4wDAYKKwYBBAGCN3sBATAfBgNVHSMEGDAWgBSuecJrXSWIEwb2BwnDl3x7l48dVTAdBgNVHSUEFjAUBggrBgEFBQcDAQYIKwYBBQUHAwIwDQYJKoZIhvcNAQELBQADggEBAGraIc9hsqUGKcUfGRNlRfK3ussZT-LVHk7wo_N16Hnjq6O3kEOh1mdMNH-uYhMOeqXAg8ua2Co_Ryny1cSbWYBExXVxH2mDnGrRA0cOMEZVd7HGLhG7AvGMFDaxPDge9P_W4kaoMoN3Q3UcKwfZ3H94NyavU0Pk8lqY294YOkd-IgerbhZiIsIR1xE4QglniwVZCNl85WS-QtiJ2urgjIQ6mIdfAQb1mUbHPMh8i3z_av1Wjp5eOUm3MIA7j9kOWVnCEWM_wzDNrLBl-o3cRuUEdVMzmghLEyrN6p0svczMmPBFkSXArQzjyJpTQfM7UHrhAv7N0cUingZ7xJY8z_M\u0026s=mWPUSPqhrC4xDiiJ9oGmoSNpMxv4-V4UFkysRhDDgZZqLwfiHlVGkUOQ7jnEBEidj64njDsDhw8sKYmANUo8eCk8Sebds5DbtHZVAccj_6HoqqqTBq84Zt-jhI9s9Rxmqw2SC3k6gmTAOiT_YMIdIdTW3luWc--6Gx8jcuC4VohSDIavnU92ah9KoDPYlsqCK2NR-dX7cjKcTww93L_X0vnPuUtaUdXaeJe8GiE9sNxARMBxs4czr2wvMezE1YjivWGh5iqv4rGpLnDVRa4zMuhZyauMxDonfxKm2DjYSxM4r8GrGNViX0Jdooq-HTW_lghwFM0KduGb_3E2TltJwg\u0026h=SydRIq0wCnLn5bGEocdopIa8o8cwZcCdlSDdGlGnTjk",
      "RequestMethod": "GET",
      "RequestHeaders": {
        "Accept": "*/*",
        "Accept-Encoding": "gzip, deflate",
        "Connection": "keep-alive",
        "User-Agent": "azure-ai-ml/1.13.0 azsdk-python-mgmt-machinelearningservices/0.1.0 Python/3.8.16 (Windows-10-10.0.22631-SP0)"
      },
      "RequestBody": null,
      "StatusCode": 200,
      "ResponseHeaders": {
        "Cache-Control": "no-cache",
        "Content-Length": "0",
        "Date": "Thu, 04 Jan 2024 06:39:19 GMT",
        "Expires": "-1",
        "Pragma": "no-cache",
        "Request-Context": "appId=cid-v1:2d2e8e63-272e-4b3c-8598-4ee570a0e70d",
        "Strict-Transport-Security": "max-age=31536000; includeSubDomains",
        "x-aml-cluster": "vienna-eastus2-02",
        "X-Content-Type-Options": "nosniff",
        "x-ms-correlation-request-id": "bb9bc429-8c99-4a2f-b2fc-f4476df5f46d",
        "x-ms-ratelimit-remaining-subscription-reads": "11991",
        "x-ms-response-type": "standard",
        "x-ms-routing-request-id": "JAPANEAST:20240104T063920Z:bb9bc429-8c99-4a2f-b2fc-f4476df5f46d",
        "x-request-time": "0.027"
      },
      "ResponseBody": null
    }
  ],
  "Variables": {}
}
