{
  "Entries": [
    {
      "RequestUri": "https://management.azure.com/subscriptions/00000000-0000-0000-0000-000000000/resourceGroups/00000/providers/Microsoft.MachineLearningServices/workspaces/00000/datastores/workspaceblobstore?api-version=2023-04-01-preview",
      "RequestMethod": "GET",
      "RequestHeaders": {
        "Accept": "application/json",
        "Accept-Encoding": "gzip, deflate",
        "Connection": "keep-alive",
        "User-Agent": "azure-ai-ml/1.12.0 azsdk-python-mgmt-machinelearningservices/0.1.0 Python/3.8.12 (Windows-10-10.0.22621-SP0)"
      },
      "RequestBody": null,
      "StatusCode": 200,
      "ResponseHeaders": {
        "Cache-Control": "no-cache",
        "Content-Encoding": "gzip",
        "Content-Type": "application/json; charset=utf-8",
        "Date": "Tue, 31 Oct 2023 18:37:40 GMT",
        "Expires": "-1",
        "Pragma": "no-cache",
        "Request-Context": "appId=cid-v1:2d2e8e63-272e-4b3c-8598-4ee570a0e70d",
        "Strict-Transport-Security": "max-age=31536000; includeSubDomains",
        "Transfer-Encoding": "chunked",
        "Vary": [
          "Accept-Encoding",
          "Accept-Encoding"
        ],
        "x-aml-cluster": "vienna-eastus2-01",
        "X-Content-Type-Options": "nosniff",
        "x-ms-correlation-request-id": "9f486c9d-9613-46c9-a8f1-432f9f799b3e",
        "x-ms-ratelimit-remaining-subscription-reads": "11994",
        "x-ms-response-type": "standard",
        "x-ms-routing-request-id": "JAPANEAST:20231031T183741Z:9f486c9d-9613-46c9-a8f1-432f9f799b3e",
        "x-request-time": "0.169"
      },
      "ResponseBody": {
        "id": "/subscriptions/00000000-0000-0000-0000-000000000/resourceGroups/00000/providers/Microsoft.MachineLearningServices/workspaces/00000/datastores/workspaceblobstore",
        "name": "workspaceblobstore",
        "type": "Microsoft.MachineLearningServices/workspaces/datastores",
        "properties": {
          "description": null,
          "tags": null,
          "properties": null,
          "isDefault": true,
          "credentials": {
            "credentialsType": "AccountKey"
          },
          "intellectualProperty": null,
          "subscriptionId": "00000000-0000-0000-0000-000000000",
          "resourceGroup": "00000",
          "datastoreType": "AzureBlob",
          "accountName": "amltest5899420437",
          "containerName": "azureml-blobstore-0bdd51b6-cd9c-4978-b870-99997b393b81",
          "endpoint": "core.windows.net",
          "protocol": "https",
          "serviceDataAccessAuthIdentity": "WorkspaceSystemAssignedIdentity"
        },
        "systemData": {
          "createdAt": "2023-05-19T09:41:55.3790868\u002B00:00",
          "createdBy": "779301c0-18b2-4cdc-801b-a0a3368fee0a",
          "createdByType": "Application",
          "lastModifiedAt": "2023-05-19T09:41:56.0641774\u002B00:00",
          "lastModifiedBy": "779301c0-18b2-4cdc-801b-a0a3368fee0a",
          "lastModifiedByType": "Application"
        }
      }
    },
    {
      "RequestUri": "https://management.azure.com/subscriptions/00000000-0000-0000-0000-000000000/resourceGroups/00000/providers/Microsoft.MachineLearningServices/workspaces/00000/datastores/workspaceblobstore/listSecrets?api-version=2023-04-01-preview",
      "RequestMethod": "POST",
      "RequestHeaders": {
        "Accept": "application/json",
        "Accept-Encoding": "gzip, deflate",
        "Connection": "keep-alive",
        "Content-Length": "0",
        "User-Agent": "azure-ai-ml/1.12.0 azsdk-python-mgmt-machinelearningservices/0.1.0 Python/3.8.12 (Windows-10-10.0.22621-SP0)"
      },
      "RequestBody": null,
      "StatusCode": 200,
      "ResponseHeaders": {
        "Cache-Control": "no-cache",
        "Content-Encoding": "gzip",
        "Content-Type": "application/json; charset=utf-8",
        "Date": "Tue, 31 Oct 2023 18:37:40 GMT",
        "Expires": "-1",
        "Pragma": "no-cache",
        "Request-Context": "appId=cid-v1:2d2e8e63-272e-4b3c-8598-4ee570a0e70d",
        "Strict-Transport-Security": "max-age=31536000; includeSubDomains",
        "Transfer-Encoding": "chunked",
        "Vary": "Accept-Encoding",
        "x-aml-cluster": "vienna-eastus2-01",
        "X-Content-Type-Options": "nosniff",
        "x-ms-correlation-request-id": "e8d46244-d697-4d61-8881-f5afed3a7486",
        "x-ms-ratelimit-remaining-subscription-writes": "1197",
        "x-ms-response-type": "standard",
        "x-ms-routing-request-id": "JAPANEAST:20231031T183741Z:e8d46244-d697-4d61-8881-f5afed3a7486",
        "x-request-time": "0.088"
      },
      "ResponseBody": {
        "secretsType": "AccountKey",
        "key": "dGhpcyBpcyBmYWtlIGtleQ=="
      }
    },
    {
      "RequestUri": "https://amltest5899420437.blob.core.windows.net/azureml-blobstore-0bdd51b6-cd9c-4978-b870-99997b393b81/LocalUpload/00000000000000000000000000000000/testFile_ForSqlDB.parquet",
      "RequestMethod": "HEAD",
      "RequestHeaders": {
        "Accept": "application/xml",
        "Accept-Encoding": "gzip, deflate",
        "Connection": "keep-alive",
        "User-Agent": "azsdk-python-storage-blob/12.16.0 Python/3.8.12 (Windows-10-10.0.22621-SP0)",
        "x-ms-date": "Tue, 31 Oct 2023 18:37:40 GMT",
        "x-ms-version": "2022-11-02"
      },
      "RequestBody": null,
      "StatusCode": 200,
      "ResponseHeaders": {
        "Accept-Ranges": "bytes",
        "Content-Length": "460",
        "Content-MD5": "yEVdiDaCQ2KROmNhs\u002BM\u002BLg==",
        "Content-Type": "application/octet-stream",
        "Date": "Tue, 31 Oct 2023 18:37:41 GMT",
        "ETag": "\u00220x8DBD14DC0EAFC6E\u0022",
        "Last-Modified": "Fri, 20 Oct 2023 09:20:08 GMT",
        "Server": [
          "Windows-Azure-Blob/1.0",
          "Microsoft-HTTPAPI/2.0"
        ],
        "Vary": "Origin",
        "x-ms-access-tier": "Hot",
        "x-ms-access-tier-inferred": "true",
        "x-ms-blob-type": "BlockBlob",
        "x-ms-creation-time": "Fri, 20 Oct 2023 09:20:07 GMT",
        "x-ms-lease-state": "available",
        "x-ms-lease-status": "unlocked",
        "x-ms-meta-name": "7795ac19-35be-46b4-a5d6-d7d6bf3b6e3d",
        "x-ms-meta-upload_status": "completed",
        "x-ms-meta-version": "81e0e30e-5bae-4420-9b11-eb8121739834",
        "x-ms-server-encrypted": "true",
        "x-ms-version": "2022-11-02"
      },
      "ResponseBody": null
    },
    {
      "RequestUri": "https://amltest5899420437.blob.core.windows.net/azureml-blobstore-0bdd51b6-cd9c-4978-b870-99997b393b81/az-ml-artifacts/00000000000000000000000000000000/testFile_ForSqlDB.parquet",
      "RequestMethod": "HEAD",
      "RequestHeaders": {
        "Accept": "application/xml",
        "Accept-Encoding": "gzip, deflate",
        "Connection": "keep-alive",
        "User-Agent": "azsdk-python-storage-blob/12.16.0 Python/3.8.12 (Windows-10-10.0.22621-SP0)",
        "x-ms-date": "Tue, 31 Oct 2023 18:37:41 GMT",
        "x-ms-version": "2022-11-02"
      },
      "RequestBody": null,
      "StatusCode": 404,
      "ResponseHeaders": {
        "Date": "Tue, 31 Oct 2023 18:37:41 GMT",
        "Server": [
          "Windows-Azure-Blob/1.0",
          "Microsoft-HTTPAPI/2.0"
        ],
        "Transfer-Encoding": "chunked",
        "Vary": "Origin",
        "x-ms-error-code": "BlobNotFound",
        "x-ms-version": "2022-11-02"
      },
      "ResponseBody": null
    },
    {
      "RequestUri": "https://management.azure.com/subscriptions/00000000-0000-0000-0000-000000000/resourceGroups/00000/providers/Microsoft.MachineLearningServices/workspaces/00000/datastores/workspaceblobstore?api-version=2023-04-01-preview",
      "RequestMethod": "GET",
      "RequestHeaders": {
        "Accept": "application/json",
        "Accept-Encoding": "gzip, deflate",
        "Connection": "keep-alive",
        "User-Agent": "azure-ai-ml/1.12.0 azsdk-python-mgmt-machinelearningservices/0.1.0 Python/3.8.12 (Windows-10-10.0.22621-SP0)"
      },
      "RequestBody": null,
      "StatusCode": 200,
      "ResponseHeaders": {
        "Cache-Control": "no-cache",
        "Content-Encoding": "gzip",
        "Content-Type": "application/json; charset=utf-8",
        "Date": "Tue, 31 Oct 2023 18:37:42 GMT",
        "Expires": "-1",
        "Pragma": "no-cache",
        "Request-Context": "appId=cid-v1:2d2e8e63-272e-4b3c-8598-4ee570a0e70d",
        "Strict-Transport-Security": "max-age=31536000; includeSubDomains",
        "Transfer-Encoding": "chunked",
        "Vary": [
          "Accept-Encoding",
          "Accept-Encoding"
        ],
        "x-aml-cluster": "vienna-eastus2-01",
        "X-Content-Type-Options": "nosniff",
        "x-ms-correlation-request-id": "25074439-1c40-4c18-ac0e-3d5298471424",
        "x-ms-ratelimit-remaining-subscription-reads": "11993",
        "x-ms-response-type": "standard",
        "x-ms-routing-request-id": "JAPANEAST:20231031T183743Z:25074439-1c40-4c18-ac0e-3d5298471424",
        "x-request-time": "0.098"
      },
      "ResponseBody": {
        "id": "/subscriptions/00000000-0000-0000-0000-000000000/resourceGroups/00000/providers/Microsoft.MachineLearningServices/workspaces/00000/datastores/workspaceblobstore",
        "name": "workspaceblobstore",
        "type": "Microsoft.MachineLearningServices/workspaces/datastores",
        "properties": {
          "description": null,
          "tags": null,
          "properties": null,
          "isDefault": true,
          "credentials": {
            "credentialsType": "AccountKey"
          },
          "intellectualProperty": null,
          "subscriptionId": "00000000-0000-0000-0000-000000000",
          "resourceGroup": "00000",
          "datastoreType": "AzureBlob",
          "accountName": "amltest5899420437",
          "containerName": "azureml-blobstore-0bdd51b6-cd9c-4978-b870-99997b393b81",
          "endpoint": "core.windows.net",
          "protocol": "https",
          "serviceDataAccessAuthIdentity": "WorkspaceSystemAssignedIdentity"
        },
        "systemData": {
          "createdAt": "2023-05-19T09:41:55.3790868\u002B00:00",
          "createdBy": "779301c0-18b2-4cdc-801b-a0a3368fee0a",
          "createdByType": "Application",
          "lastModifiedAt": "2023-05-19T09:41:56.0641774\u002B00:00",
          "lastModifiedBy": "779301c0-18b2-4cdc-801b-a0a3368fee0a",
          "lastModifiedByType": "Application"
        }
      }
    },
    {
      "RequestUri": "https://management.azure.com/subscriptions/00000000-0000-0000-0000-000000000/resourceGroups/00000/providers/Microsoft.MachineLearningServices/workspaces/00000/datastores/workspaceblobstore/listSecrets?api-version=2023-04-01-preview",
      "RequestMethod": "POST",
      "RequestHeaders": {
        "Accept": "application/json",
        "Accept-Encoding": "gzip, deflate",
        "Connection": "keep-alive",
        "Content-Length": "0",
        "User-Agent": "azure-ai-ml/1.12.0 azsdk-python-mgmt-machinelearningservices/0.1.0 Python/3.8.12 (Windows-10-10.0.22621-SP0)"
      },
      "RequestBody": null,
      "StatusCode": 200,
      "ResponseHeaders": {
        "Cache-Control": "no-cache",
        "Content-Encoding": "gzip",
        "Content-Type": "application/json; charset=utf-8",
        "Date": "Tue, 31 Oct 2023 18:37:43 GMT",
        "Expires": "-1",
        "Pragma": "no-cache",
        "Request-Context": "appId=cid-v1:2d2e8e63-272e-4b3c-8598-4ee570a0e70d",
        "Strict-Transport-Security": "max-age=31536000; includeSubDomains",
        "Transfer-Encoding": "chunked",
        "Vary": "Accept-Encoding",
        "x-aml-cluster": "vienna-eastus2-01",
        "X-Content-Type-Options": "nosniff",
        "x-ms-correlation-request-id": "0295ccf4-680b-4354-b19d-2baabbd35278",
        "x-ms-ratelimit-remaining-subscription-writes": "1196",
        "x-ms-response-type": "standard",
        "x-ms-routing-request-id": "JAPANEAST:20231031T183744Z:0295ccf4-680b-4354-b19d-2baabbd35278",
        "x-request-time": "0.120"
      },
      "ResponseBody": {
        "secretsType": "AccountKey",
        "key": "dGhpcyBpcyBmYWtlIGtleQ=="
      }
    },
    {
      "RequestUri": "https://amltest5899420437.blob.core.windows.net/azureml-blobstore-0bdd51b6-cd9c-4978-b870-99997b393b81/LocalUpload/00000000000000000000000000000000/testFile_ForSqlDB.parquet",
      "RequestMethod": "HEAD",
      "RequestHeaders": {
        "Accept": "application/xml",
        "Accept-Encoding": "gzip, deflate",
        "Connection": "keep-alive",
        "User-Agent": "azsdk-python-storage-blob/12.16.0 Python/3.8.12 (Windows-10-10.0.22621-SP0)",
        "x-ms-date": "Tue, 31 Oct 2023 18:37:42 GMT",
        "x-ms-version": "2022-11-02"
      },
      "RequestBody": null,
      "StatusCode": 200,
      "ResponseHeaders": {
        "Accept-Ranges": "bytes",
        "Content-Length": "460",
        "Content-MD5": "yEVdiDaCQ2KROmNhs\u002BM\u002BLg==",
        "Content-Type": "application/octet-stream",
        "Date": "Tue, 31 Oct 2023 18:37:43 GMT",
        "ETag": "\u00220x8DBD14DC0EAFC6E\u0022",
        "Last-Modified": "Fri, 20 Oct 2023 09:20:08 GMT",
        "Server": [
          "Windows-Azure-Blob/1.0",
          "Microsoft-HTTPAPI/2.0"
        ],
        "Vary": "Origin",
        "x-ms-access-tier": "Hot",
        "x-ms-access-tier-inferred": "true",
        "x-ms-blob-type": "BlockBlob",
        "x-ms-creation-time": "Fri, 20 Oct 2023 09:20:07 GMT",
        "x-ms-lease-state": "available",
        "x-ms-lease-status": "unlocked",
        "x-ms-meta-name": "7795ac19-35be-46b4-a5d6-d7d6bf3b6e3d",
        "x-ms-meta-upload_status": "completed",
        "x-ms-meta-version": "81e0e30e-5bae-4420-9b11-eb8121739834",
        "x-ms-server-encrypted": "true",
        "x-ms-version": "2022-11-02"
      },
      "ResponseBody": null
    },
    {
      "RequestUri": "https://amltest5899420437.blob.core.windows.net/azureml-blobstore-0bdd51b6-cd9c-4978-b870-99997b393b81/az-ml-artifacts/00000000000000000000000000000000/testFile_ForSqlDB.parquet",
      "RequestMethod": "HEAD",
      "RequestHeaders": {
        "Accept": "application/xml",
        "Accept-Encoding": "gzip, deflate",
        "Connection": "keep-alive",
        "User-Agent": "azsdk-python-storage-blob/12.16.0 Python/3.8.12 (Windows-10-10.0.22621-SP0)",
        "x-ms-date": "Tue, 31 Oct 2023 18:37:42 GMT",
        "x-ms-version": "2022-11-02"
      },
      "RequestBody": null,
      "StatusCode": 404,
      "ResponseHeaders": {
        "Date": "Tue, 31 Oct 2023 18:37:43 GMT",
        "Server": [
          "Windows-Azure-Blob/1.0",
          "Microsoft-HTTPAPI/2.0"
        ],
        "Transfer-Encoding": "chunked",
        "Vary": "Origin",
        "x-ms-error-code": "BlobNotFound",
        "x-ms-version": "2022-11-02"
      },
      "ResponseBody": null
    },
    {
      "RequestUri": "https://management.azure.com/subscriptions/00000000-0000-0000-0000-000000000/resourceGroups/00000/providers/Microsoft.MachineLearningServices/workspaces/00000/jobs/000000000000000000000?api-version=2023-08-01-preview",
      "RequestMethod": "PUT",
      "RequestHeaders": {
        "Accept": "application/json",
        "Accept-Encoding": "gzip, deflate",
        "Connection": "keep-alive",
        "Content-Length": "1835",
        "Content-Type": "application/json",
        "User-Agent": "azure-ai-ml/1.12.0 azsdk-python-mgmt-machinelearningservices/0.1.0 Python/3.8.12 (Windows-10-10.0.22621-SP0)"
      },
      "RequestBody": {
        "properties": {
          "description": "submit a pipeline with data transfer export database job",
          "properties": {},
          "tags": {},
          "displayName": "data_transfer_export_database_pipeline_from_builder",
          "experimentName": "azure-ai-ml",
          "isArchived": false,
          "jobType": "Pipeline",
          "inputs": {
            "table_name": {
              "jobInputType": "literal",
              "value": "dbo.Persons"
            },
            "connection_target_azuresql": {
              "jobInputType": "literal",
              "value": "azureml:my_export_azuresqldb_connection"
            },
            "cosmos_folder": {
              "uri": "azureml://datastores/workspaceblobstore/paths/LocalUpload/00000000000000000000000000000000/testFile_ForSqlDB.parquet",
              "jobInputType": "uri_file"
            }
          },
          "jobs": {
            "blob_azuresql_node_input": {
              "type": "data_transfer",
              "task": "export_data",
              "sink": {
                "type": "database",
                "table_name": "dbo.Persons",
                "connection": "azureml:my_export_azuresqldb_connection"
              },
              "name": "blob_azuresql_node_input",
              "inputs": {
                "source": {
                  "uri": "azureml://datastores/workspaceblobstore/paths/LocalUpload/00000000000000000000000000000000/testFile_ForSqlDB.parquet",
                  "job_input_type": "uri_file"
                }
              },
              "_source": "BUILTIN",
              "componentId": "azureml://registries/azureml/components/export_data_database/versions/0.0.1"
            },
            "blob_azuresql": {
              "type": "data_transfer",
              "task": "export_data",
              "sink": {
                "type": "database",
                "table_name": "${{parent.inputs.table_name}}",
                "connection": "${{parent.inputs.connection_target_azuresql}}"
              },
              "name": "blob_azuresql",
              "inputs": {
                "source": {
                  "job_input_type": "literal",
                  "value": "${{parent.inputs.cosmos_folder}}"
                }
              },
              "_source": "BUILTIN",
              "componentId": "azureml://registries/azureml/components/export_data_database/versions/0.0.1"
            }
          },
          "outputs": {},
          "settings": {
            "default_compute": "/subscriptions/00000000-0000-0000-0000-000000000/resourceGroups/00000/providers/Microsoft.MachineLearningServices/workspaces/00000/computes/serverless",
            "_source": "DSL"
          }
        }
      },
      "StatusCode": 201,
      "ResponseHeaders": {
        "Cache-Control": "no-cache",
        "Content-Length": "4446",
        "Content-Type": "application/json; charset=utf-8",
        "Date": "Tue, 31 Oct 2023 18:37:48 GMT",
        "Expires": "-1",
        "Location": "https://management.azure.com/subscriptions/00000000-0000-0000-0000-000000000/resourceGroups/00000/providers/Microsoft.MachineLearningServices/workspaces/00000/jobs/000000000000000000000?api-version=2023-08-01-preview",
        "Pragma": "no-cache",
        "Request-Context": "appId=cid-v1:2d2e8e63-272e-4b3c-8598-4ee570a0e70d",
        "Strict-Transport-Security": "max-age=31536000; includeSubDomains",
        "x-aml-cluster": "vienna-eastus2-01",
        "X-Content-Type-Options": "nosniff",
        "x-ms-correlation-request-id": "f79e1608-5d75-4bfc-b210-5b6f221dbc82",
        "x-ms-ratelimit-remaining-subscription-writes": "1195",
        "x-ms-response-type": "standard",
        "x-ms-routing-request-id": "JAPANEAST:20231031T183749Z:f79e1608-5d75-4bfc-b210-5b6f221dbc82",
        "x-request-time": "2.481"
      },
      "ResponseBody": {
        "id": "/subscriptions/00000000-0000-0000-0000-000000000/resourceGroups/00000/providers/Microsoft.MachineLearningServices/workspaces/00000/jobs/000000000000000000000",
        "name": "000000000000000000000",
        "type": "Microsoft.MachineLearningServices/workspaces/jobs",
        "properties": {
          "description": "submit a pipeline with data transfer export database job",
          "tags": {},
          "properties": {
            "azureml.DevPlatv2": "true",
            "azureml.DatasetAccessMode": "Asset",
            "azureml.runsource": "azureml.PipelineRun",
            "runSource": "MFE",
            "runType": "HTTP",
            "azureml.parameters": "{\u0022table_name\u0022:\u0022dbo.Persons\u0022,\u0022connection_target_azuresql\u0022:\u0022my_export_azuresqldb_connection\u0022}",
            "azureml.continue_on_step_failure": "True",
            "azureml.continue_on_failed_optional_input": "True",
            "azureml.enforceRerun": "False",
            "azureml.defaultComputeName": "serverless",
            "azureml.defaultDataStoreName": "workspaceblobstore",
            "azureml.pipelineComponent": "pipelinerun"
          },
          "displayName": "data_transfer_export_database_pipeline_from_builder",
          "status": "Preparing",
          "experimentName": "azure-ai-ml",
          "services": {
            "Tracking": {
              "jobServiceType": "Tracking",
              "port": null,
              "endpoint": "azureml://eastus2.api.azureml.ms/mlflow/v1.0/subscriptions/00000000-0000-0000-0000-000000000/resourceGroups/00000/providers/Microsoft.MachineLearningServices/workspaces/00000?",
              "status": null,
              "errorMessage": null,
              "properties": null,
              "nodes": null
            },
            "Studio": {
              "jobServiceType": "Studio",
              "port": null,
              "endpoint": "https://ml.azure.com/runs/000000000000000000000?wsid=/subscriptions/00000000-0000-0000-0000-000000000/resourcegroups/00000/workspaces/00000",
              "status": null,
              "errorMessage": null,
              "properties": null,
              "nodes": null
            }
          },
          "computeId": null,
          "isArchived": false,
          "identity": null,
          "componentId": null,
          "notificationSetting": null,
          "secretsConfiguration": null,
          "jobType": "Pipeline",
          "settings": {
            "default_compute": "/subscriptions/00000000-0000-0000-0000-000000000/resourceGroups/00000/providers/Microsoft.MachineLearningServices/workspaces/00000/computes/serverless",
            "_source": "DSL"
          },
          "jobs": {
            "blob_azuresql_node_input": {
              "type": "data_transfer",
              "task": "export_data",
              "sink": {
                "type": "database",
                "table_name": "dbo.Persons",
                "connection": "azureml:my_export_azuresqldb_connection"
              },
              "name": "blob_azuresql_node_input",
              "inputs": {
                "source": {
                  "uri": "azureml://datastores/workspaceblobstore/paths/LocalUpload/00000000000000000000000000000000/testFile_ForSqlDB.parquet",
                  "job_input_type": "uri_file"
                }
              },
              "_source": "BUILTIN",
              "componentId": "azureml://registries/azureml/components/export_data_database/versions/0.0.1"
            },
            "blob_azuresql": {
              "type": "data_transfer",
              "task": "export_data",
              "sink": {
                "type": "database",
                "table_name": "${{parent.inputs.table_name}}",
                "connection": "${{parent.inputs.connection_target_azuresql}}"
              },
              "name": "blob_azuresql",
              "inputs": {
                "source": {
                  "job_input_type": "literal",
                  "value": "${{parent.inputs.cosmos_folder}}"
                }
              },
              "_source": "BUILTIN",
              "componentId": "azureml://registries/azureml/components/export_data_database/versions/0.0.1"
            }
          },
          "inputs": {
            "table_name": {
              "description": null,
              "jobInputType": "literal",
              "value": "dbo.Persons"
            },
            "connection_target_azuresql": {
              "description": null,
              "jobInputType": "literal",
              "value": "azureml:my_export_azuresqldb_connection"
            },
            "cosmos_folder": {
              "description": null,
              "uri": "azureml://datastores/workspaceblobstore/paths/LocalUpload/00000000000000000000000000000000/testFile_ForSqlDB.parquet",
              "mode": "ReadOnlyMount",
              "jobInputType": "uri_file"
            }
          },
          "outputs": {},
          "sourceJobId": null
        },
        "systemData": {
          "createdAt": "2023-10-31T18:37:48.6189377\u002B00:00",
          "createdBy": "Chenyang Zhang",
          "createdByType": "User"
        }
      }
    },
    {
      "RequestUri": "https://management.azure.com/subscriptions/00000000-0000-0000-0000-000000000/resourceGroups/00000/providers/Microsoft.MachineLearningServices/workspaces/00000/jobs/000000000000000000000/cancel?api-version=2023-04-01-preview",
      "RequestMethod": "POST",
      "RequestHeaders": {
        "Accept": "application/json",
        "Accept-Encoding": "gzip, deflate",
        "Connection": "keep-alive",
        "Content-Length": "0",
        "User-Agent": "azure-ai-ml/1.12.0 azsdk-python-mgmt-machinelearningservices/0.1.0 Python/3.8.12 (Windows-10-10.0.22621-SP0)"
      },
      "RequestBody": null,
      "StatusCode": 202,
      "ResponseHeaders": {
        "Cache-Control": "no-cache",
        "Content-Length": "4",
        "Content-Type": "application/json; charset=utf-8",
        "Date": "Tue, 31 Oct 2023 18:37:51 GMT",
        "Expires": "-1",
        "Location": "https://management.azure.com/subscriptions/00000000-0000-0000-0000-000000000/providers/Microsoft.MachineLearningServices/locations/eastus2/mfeOperationResults/jc:0bdd51b6-cd9c-4978-b870-99997b393b81:000000000000000000000?api-version=2023-04-01-preview",
        "Pragma": "no-cache",
        "Request-Context": "appId=cid-v1:2d2e8e63-272e-4b3c-8598-4ee570a0e70d",
        "Strict-Transport-Security": "max-age=31536000; includeSubDomains",
        "x-aml-cluster": "vienna-eastus2-01",
        "X-Content-Type-Options": "nosniff",
        "x-ms-async-operation-timeout": "PT1H",
        "x-ms-correlation-request-id": "0f7a1daa-4a95-4305-a3d8-567d9708b95b",
        "x-ms-ratelimit-remaining-subscription-writes": "1195",
        "x-ms-response-type": "standard",
        "x-ms-routing-request-id": "JAPANEAST:20231031T183752Z:0f7a1daa-4a95-4305-a3d8-567d9708b95b",
        "x-request-time": "0.986"
      },
      "ResponseBody": "null"
    },
    {
      "RequestUri": "https://management.azure.com/subscriptions/00000000-0000-0000-0000-000000000/providers/Microsoft.MachineLearningServices/locations/eastus2/mfeOperationResults/jc:0bdd51b6-cd9c-4978-b870-99997b393b81:000000000000000000000?api-version=2023-04-01-preview",
      "RequestMethod": "GET",
      "RequestHeaders": {
        "Accept": "*/*",
        "Accept-Encoding": "gzip, deflate",
        "Connection": "keep-alive",
        "User-Agent": "azure-ai-ml/1.12.0 azsdk-python-mgmt-machinelearningservices/0.1.0 Python/3.8.12 (Windows-10-10.0.22621-SP0)"
      },
      "RequestBody": null,
      "StatusCode": 202,
      "ResponseHeaders": {
        "Cache-Control": "no-cache",
        "Content-Length": "2",
        "Content-Type": "application/json; charset=utf-8",
        "Date": "Tue, 31 Oct 2023 18:37:52 GMT",
        "Expires": "-1",
        "Location": "https://management.azure.com/subscriptions/00000000-0000-0000-0000-000000000/providers/Microsoft.MachineLearningServices/locations/eastus2/mfeOperationResults/jc:0bdd51b6-cd9c-4978-b870-99997b393b81:000000000000000000000?api-version=2023-04-01-preview",
        "Pragma": "no-cache",
        "Request-Context": "appId=cid-v1:2d2e8e63-272e-4b3c-8598-4ee570a0e70d",
        "Strict-Transport-Security": "max-age=31536000; includeSubDomains",
        "x-aml-cluster": "vienna-eastus2-01",
        "X-Content-Type-Options": "nosniff",
        "x-ms-correlation-request-id": "161aa3bb-d98c-46b7-8485-379d6890ead0",
        "x-ms-ratelimit-remaining-subscription-reads": "11992",
        "x-ms-response-type": "standard",
        "x-ms-routing-request-id": "JAPANEAST:20231031T183753Z:161aa3bb-d98c-46b7-8485-379d6890ead0",
        "x-request-time": "0.029"
      },
      "ResponseBody": {}
    },
    {
      "RequestUri": "https://management.azure.com/subscriptions/00000000-0000-0000-0000-000000000/providers/Microsoft.MachineLearningServices/locations/eastus2/mfeOperationResults/jc:0bdd51b6-cd9c-4978-b870-99997b393b81:000000000000000000000?api-version=2023-04-01-preview",
      "RequestMethod": "GET",
      "RequestHeaders": {
        "Accept": "*/*",
        "Accept-Encoding": "gzip, deflate",
        "Connection": "keep-alive",
        "User-Agent": "azure-ai-ml/1.12.0 azsdk-python-mgmt-machinelearningservices/0.1.0 Python/3.8.12 (Windows-10-10.0.22621-SP0)"
      },
      "RequestBody": null,
      "StatusCode": 200,
      "ResponseHeaders": {
        "Cache-Control": "no-cache",
        "Content-Length": "0",
        "Date": "Tue, 31 Oct 2023 18:38:22 GMT",
        "Expires": "-1",
        "Pragma": "no-cache",
        "Request-Context": "appId=cid-v1:2d2e8e63-272e-4b3c-8598-4ee570a0e70d",
        "Strict-Transport-Security": "max-age=31536000; includeSubDomains",
        "x-aml-cluster": "vienna-eastus2-01",
        "X-Content-Type-Options": "nosniff",
        "x-ms-correlation-request-id": "3b18be4d-8bc2-4092-96e2-717c80534a17",
        "x-ms-ratelimit-remaining-subscription-reads": "11991",
        "x-ms-response-type": "standard",
        "x-ms-routing-request-id": "JAPANEAST:20231031T183823Z:3b18be4d-8bc2-4092-96e2-717c80534a17",
        "x-request-time": "0.033"
      },
      "ResponseBody": null
    }
  ],
  "Variables": {}
}
