{
  "Entries": [
    {
      "RequestUri": "https://management.azure.com/subscriptions/00000000-0000-0000-0000-000000000/resourceGroups/00000/providers/Microsoft.MachineLearningServices/workspaces/00000/codes/000000000000000000000/versions?api-version=2023-04-01\u0026hash=e4dea8ce1d89a91c67e9690b25556d8b0dcfba2bd0e5c09f1aa1b3d45defc643\u0026hashVersion=202208",
      "RequestMethod": "GET",
      "RequestHeaders": {
        "Accept": "application/json",
        "Accept-Encoding": "gzip, deflate",
        "Connection": "keep-alive",
        "User-Agent": "azure-ai-ml/1.12.0 azsdk-python-mgmt-machinelearningservices/0.1.0 Python/3.8.12 (Windows-10-10.0.22621-SP0)"
      },
      "RequestBody": null,
      "StatusCode": 200,
      "ResponseHeaders": {
        "Cache-Control": "no-cache",
        "Content-Encoding": "gzip",
        "Content-Type": "application/json; charset=utf-8",
        "Date": "Mon, 30 Oct 2023 09:16:27 GMT",
        "Expires": "-1",
        "Pragma": "no-cache",
        "Request-Context": "appId=cid-v1:2d2e8e63-272e-4b3c-8598-4ee570a0e70d",
        "Strict-Transport-Security": "max-age=31536000; includeSubDomains",
        "Transfer-Encoding": "chunked",
        "Vary": [
          "Accept-Encoding",
          "Accept-Encoding"
        ],
        "x-aml-cluster": "vienna-eastus2-01",
        "X-Content-Type-Options": "nosniff",
        "x-ms-correlation-request-id": "98a0231c-4064-48b5-a206-19d4eef0d107",
        "x-ms-ratelimit-remaining-subscription-reads": "11989",
        "x-ms-response-type": "standard",
        "x-ms-routing-request-id": "JAPANEAST:20231030T091628Z:98a0231c-4064-48b5-a206-19d4eef0d107",
        "x-request-time": "0.043"
      },
      "ResponseBody": {
        "value": [
          {
            "id": "/subscriptions/00000000-0000-0000-0000-000000000/resourceGroups/00000/providers/Microsoft.MachineLearningServices/workspaces/00000/codes/4e8e65ba-7b72-4188-8f77-23997484dcba/versions/1",
            "name": "1",
            "type": "Microsoft.MachineLearningServices/workspaces/codes/versions",
            "properties": {
              "description": null,
              "tags": {},
              "properties": {
                "hash_sha256": "e4dea8ce1d89a91c67e9690b25556d8b0dcfba2bd0e5c09f1aa1b3d45defc643",
                "hash_version": "202208"
              },
              "isArchived": false,
              "isAnonymous": false,
              "codeUri": "https://amltest5899420437.blob.core.windows.net:443/0bdd51b6-c-4dc1b2cb-6cec-552f-a95e-130bc359ad3f/score_src",
              "provisioningState": "Succeeded"
            },
            "systemData": {
              "createdAt": "2023-05-23T02:49:49.1509163\u002B00:00",
              "createdBy": "Chenyang Zhang",
              "createdByType": "User",
              "lastModifiedAt": "2023-05-23T02:49:49.1509163\u002B00:00",
              "lastModifiedBy": "Chenyang Zhang",
              "lastModifiedByType": "User"
            }
          }
        ]
      }
    },
    {
      "RequestUri": "https://management.azure.com/subscriptions/00000000-0000-0000-0000-000000000/resourceGroups/00000/providers/Microsoft.MachineLearningServices/workspaces/00000/codes/4e8e65ba-7b72-4188-8f77-23997484dcba/versions/1?api-version=2023-04-01",
      "RequestMethod": "GET",
      "RequestHeaders": {
        "Accept": "application/json",
        "Accept-Encoding": "gzip, deflate",
        "Connection": "keep-alive",
        "User-Agent": "azure-ai-ml/1.12.0 azsdk-python-mgmt-machinelearningservices/0.1.0 Python/3.8.12 (Windows-10-10.0.22621-SP0)"
      },
      "RequestBody": null,
      "StatusCode": 200,
      "ResponseHeaders": {
        "Cache-Control": "no-cache",
        "Content-Encoding": "gzip",
        "Content-Type": "application/json; charset=utf-8",
        "Date": "Mon, 30 Oct 2023 09:16:28 GMT",
        "Expires": "-1",
        "Pragma": "no-cache",
        "Request-Context": "appId=cid-v1:2d2e8e63-272e-4b3c-8598-4ee570a0e70d",
        "Strict-Transport-Security": "max-age=31536000; includeSubDomains",
        "Transfer-Encoding": "chunked",
        "Vary": [
          "Accept-Encoding",
          "Accept-Encoding"
        ],
        "x-aml-cluster": "vienna-eastus2-01",
        "X-Content-Type-Options": "nosniff",
        "x-ms-correlation-request-id": "be87f354-bd32-4418-8612-cb6c6f762ccb",
        "x-ms-ratelimit-remaining-subscription-reads": "11988",
        "x-ms-response-type": "standard",
        "x-ms-routing-request-id": "JAPANEAST:20231030T091628Z:be87f354-bd32-4418-8612-cb6c6f762ccb",
        "x-request-time": "0.043"
      },
      "ResponseBody": {
        "id": "/subscriptions/00000000-0000-0000-0000-000000000/resourceGroups/00000/providers/Microsoft.MachineLearningServices/workspaces/00000/codes/4e8e65ba-7b72-4188-8f77-23997484dcba/versions/1",
        "name": "1",
        "type": "Microsoft.MachineLearningServices/workspaces/codes/versions",
        "properties": {
          "description": null,
          "tags": {},
          "properties": {
            "hash_sha256": "0000000000000",
            "hash_version": "0000000000000"
          },
          "isArchived": false,
          "isAnonymous": false,
          "codeUri": "https://amltest5899420437.blob.core.windows.net:443/0bdd51b6-c-4dc1b2cb-6cec-552f-a95e-130bc359ad3f/score_src",
          "provisioningState": "Succeeded"
        },
        "systemData": {
          "createdAt": "2023-05-23T02:49:49.1509163\u002B00:00",
          "createdBy": "Chenyang Zhang",
          "createdByType": "User",
          "lastModifiedAt": "2023-05-23T02:49:49.1509163\u002B00:00",
          "lastModifiedBy": "Chenyang Zhang",
          "lastModifiedByType": "User"
        }
      }
    },
    {
      "RequestUri": "https://management.azure.com/subscriptions/00000000-0000-0000-0000-000000000/resourceGroups/00000/providers/Microsoft.MachineLearningServices/workspaces/00000/codes/000000000000000000000/versions?api-version=2023-04-01\u0026hash=108efe44b562f7d95b30631a1d876dd2e1ee9855038d9218f2bde7d4eb2aafa8\u0026hashVersion=202208",
      "RequestMethod": "GET",
      "RequestHeaders": {
        "Accept": "application/json",
        "Accept-Encoding": "gzip, deflate",
        "Connection": "keep-alive",
        "User-Agent": "azure-ai-ml/1.12.0 azsdk-python-mgmt-machinelearningservices/0.1.0 Python/3.8.12 (Windows-10-10.0.22621-SP0)"
      },
      "RequestBody": null,
      "StatusCode": 200,
      "ResponseHeaders": {
        "Cache-Control": "no-cache",
        "Content-Encoding": "gzip",
        "Content-Type": "application/json; charset=utf-8",
        "Date": "Mon, 30 Oct 2023 09:16:28 GMT",
        "Expires": "-1",
        "Pragma": "no-cache",
        "Request-Context": "appId=cid-v1:2d2e8e63-272e-4b3c-8598-4ee570a0e70d",
        "Strict-Transport-Security": "max-age=31536000; includeSubDomains",
        "Transfer-Encoding": "chunked",
        "Vary": [
          "Accept-Encoding",
          "Accept-Encoding"
        ],
        "x-aml-cluster": "vienna-eastus2-01",
        "X-Content-Type-Options": "nosniff",
        "x-ms-correlation-request-id": "88ced3d4-d2d4-4242-9657-422fdae16018",
        "x-ms-ratelimit-remaining-subscription-reads": "11999",
        "x-ms-response-type": "standard",
        "x-ms-routing-request-id": "JAPANEAST:20231030T091629Z:88ced3d4-d2d4-4242-9657-422fdae16018",
        "x-request-time": "0.072"
      },
      "ResponseBody": {
        "value": [
          {
            "id": "/subscriptions/00000000-0000-0000-0000-000000000/resourceGroups/00000/providers/Microsoft.MachineLearningServices/workspaces/00000/codes/432983ec-b49b-4101-9b05-71a3e953680b/versions/1",
            "name": "1",
            "type": "Microsoft.MachineLearningServices/workspaces/codes/versions",
            "properties": {
              "description": null,
              "tags": {},
              "properties": {
                "hash_sha256": "108efe44b562f7d95b30631a1d876dd2e1ee9855038d9218f2bde7d4eb2aafa8",
                "hash_version": "202208"
              },
              "isArchived": false,
              "isAnonymous": false,
              "codeUri": "https://amltest5899420437.blob.core.windows.net:443/0bdd51b6-c-07267605-df71-50f4-8c37-229e8fbf9740/compare2_src",
              "provisioningState": "Succeeded"
            },
            "systemData": {
              "createdAt": "2023-05-23T02:49:40.8393669\u002B00:00",
              "createdBy": "Chenyang Zhang",
              "createdByType": "User",
              "lastModifiedAt": "2023-05-23T02:49:40.8393669\u002B00:00",
              "lastModifiedBy": "Chenyang Zhang",
              "lastModifiedByType": "User"
            }
          }
        ]
      }
    },
    {
      "RequestUri": "https://management.azure.com/subscriptions/00000000-0000-0000-0000-000000000/resourceGroups/00000/providers/Microsoft.MachineLearningServices/workspaces/00000/codes/000000000000000000000/versions?api-version=2023-04-01\u0026hash=2735546483b0329614357785c9ce58e15d3c43b1401bacc7e587e6526ff79af5\u0026hashVersion=202208",
      "RequestMethod": "GET",
      "RequestHeaders": {
        "Accept": "application/json",
        "Accept-Encoding": "gzip, deflate",
        "Connection": "keep-alive",
        "User-Agent": "azure-ai-ml/1.12.0 azsdk-python-mgmt-machinelearningservices/0.1.0 Python/3.8.12 (Windows-10-10.0.22621-SP0)"
      },
      "RequestBody": null,
      "StatusCode": 200,
      "ResponseHeaders": {
        "Cache-Control": "no-cache",
        "Content-Encoding": "gzip",
        "Content-Type": "application/json; charset=utf-8",
        "Date": "Mon, 30 Oct 2023 09:16:29 GMT",
        "Expires": "-1",
        "Pragma": "no-cache",
        "Request-Context": "appId=cid-v1:2d2e8e63-272e-4b3c-8598-4ee570a0e70d",
        "Strict-Transport-Security": "max-age=31536000; includeSubDomains",
        "Transfer-Encoding": "chunked",
        "Vary": [
          "Accept-Encoding",
          "Accept-Encoding"
        ],
        "x-aml-cluster": "vienna-eastus2-02",
        "X-Content-Type-Options": "nosniff",
        "x-ms-correlation-request-id": "d59cc35a-beea-4d95-bcd9-880204b4e7ff",
        "x-ms-ratelimit-remaining-subscription-reads": "11999",
        "x-ms-response-type": "standard",
        "x-ms-routing-request-id": "JAPANEAST:20231030T091629Z:d59cc35a-beea-4d95-bcd9-880204b4e7ff",
        "x-request-time": "0.139"
      },
      "ResponseBody": {
        "value": [
          {
            "id": "/subscriptions/00000000-0000-0000-0000-000000000/resourceGroups/00000/providers/Microsoft.MachineLearningServices/workspaces/00000/codes/41fc4352-6cd1-4029-8bd0-23bced7023f0/versions/1",
            "name": "1",
            "type": "Microsoft.MachineLearningServices/workspaces/codes/versions",
            "properties": {
              "description": null,
              "tags": {},
              "properties": {
                "hash_sha256": "2735546483b0329614357785c9ce58e15d3c43b1401bacc7e587e6526ff79af5",
                "hash_version": "202208"
              },
              "isArchived": false,
              "isAnonymous": false,
              "codeUri": "https://amltest5899420437.blob.core.windows.net:443/0bdd51b6-c-dc17cd0e-bec8-5b4f-8009-f1f97d862a88/train_src",
              "provisioningState": "Succeeded"
            },
            "systemData": {
              "createdAt": "2023-05-23T02:49:45.6972212\u002B00:00",
              "createdBy": "Chenyang Zhang",
              "createdByType": "User",
              "lastModifiedAt": "2023-05-23T02:49:45.6972212\u002B00:00",
              "lastModifiedBy": "Chenyang Zhang",
              "lastModifiedByType": "User"
            }
          }
        ]
      }
    },
    {
      "RequestUri": "https://management.azure.com/subscriptions/00000000-0000-0000-0000-000000000/resourceGroups/00000/providers/Microsoft.MachineLearningServices/workspaces/00000/codes/432983ec-b49b-4101-9b05-71a3e953680b/versions/1?api-version=2023-04-01",
      "RequestMethod": "GET",
      "RequestHeaders": {
        "Accept": "application/json",
        "Accept-Encoding": "gzip, deflate",
        "Connection": "keep-alive",
        "User-Agent": "azure-ai-ml/1.12.0 azsdk-python-mgmt-machinelearningservices/0.1.0 Python/3.8.12 (Windows-10-10.0.22621-SP0)"
      },
      "RequestBody": null,
      "StatusCode": 200,
      "ResponseHeaders": {
        "Cache-Control": "no-cache",
        "Content-Encoding": "gzip",
        "Content-Type": "application/json; charset=utf-8",
        "Date": "Mon, 30 Oct 2023 09:16:28 GMT",
        "Expires": "-1",
        "Pragma": "no-cache",
        "Request-Context": "appId=cid-v1:2d2e8e63-272e-4b3c-8598-4ee570a0e70d",
        "Strict-Transport-Security": "max-age=31536000; includeSubDomains",
        "Transfer-Encoding": "chunked",
        "Vary": [
          "Accept-Encoding",
          "Accept-Encoding"
        ],
        "x-aml-cluster": "vienna-eastus2-01",
        "X-Content-Type-Options": "nosniff",
        "x-ms-correlation-request-id": "e322875f-ed87-4ba4-8956-5b036824d7d0",
        "x-ms-ratelimit-remaining-subscription-reads": "11998",
        "x-ms-response-type": "standard",
        "x-ms-routing-request-id": "JAPANEAST:20231030T091629Z:e322875f-ed87-4ba4-8956-5b036824d7d0",
        "x-request-time": "0.044"
      },
      "ResponseBody": {
        "id": "/subscriptions/00000000-0000-0000-0000-000000000/resourceGroups/00000/providers/Microsoft.MachineLearningServices/workspaces/00000/codes/432983ec-b49b-4101-9b05-71a3e953680b/versions/1",
        "name": "1",
        "type": "Microsoft.MachineLearningServices/workspaces/codes/versions",
        "properties": {
          "description": null,
          "tags": {},
          "properties": {
            "hash_sha256": "0000000000000",
            "hash_version": "0000000000000"
          },
          "isArchived": false,
          "isAnonymous": false,
          "codeUri": "https://amltest5899420437.blob.core.windows.net:443/0bdd51b6-c-07267605-df71-50f4-8c37-229e8fbf9740/compare2_src",
          "provisioningState": "Succeeded"
        },
        "systemData": {
          "createdAt": "2023-05-23T02:49:40.8393669\u002B00:00",
          "createdBy": "Chenyang Zhang",
          "createdByType": "User",
          "lastModifiedAt": "2023-05-23T02:49:40.8393669\u002B00:00",
          "lastModifiedBy": "Chenyang Zhang",
          "lastModifiedByType": "User"
        }
      }
    },
    {
      "RequestUri": "https://management.azure.com/subscriptions/00000000-0000-0000-0000-000000000/resourceGroups/00000/providers/Microsoft.MachineLearningServices/workspaces/00000/codes/41fc4352-6cd1-4029-8bd0-23bced7023f0/versions/1?api-version=2023-04-01",
      "RequestMethod": "GET",
      "RequestHeaders": {
        "Accept": "application/json",
        "Accept-Encoding": "gzip, deflate",
        "Connection": "keep-alive",
        "User-Agent": "azure-ai-ml/1.12.0 azsdk-python-mgmt-machinelearningservices/0.1.0 Python/3.8.12 (Windows-10-10.0.22621-SP0)"
      },
      "RequestBody": null,
      "StatusCode": 200,
      "ResponseHeaders": {
        "Cache-Control": "no-cache",
        "Content-Encoding": "gzip",
        "Content-Type": "application/json; charset=utf-8",
        "Date": "Mon, 30 Oct 2023 09:16:29 GMT",
        "Expires": "-1",
        "Pragma": "no-cache",
        "Request-Context": "appId=cid-v1:2d2e8e63-272e-4b3c-8598-4ee570a0e70d",
        "Strict-Transport-Security": "max-age=31536000; includeSubDomains",
        "Transfer-Encoding": "chunked",
        "Vary": [
          "Accept-Encoding",
          "Accept-Encoding"
        ],
        "x-aml-cluster": "vienna-eastus2-02",
        "X-Content-Type-Options": "nosniff",
        "x-ms-correlation-request-id": "868513f6-a093-4ac2-8986-0f5fd6b374eb",
        "x-ms-ratelimit-remaining-subscription-reads": "11998",
        "x-ms-response-type": "standard",
        "x-ms-routing-request-id": "JAPANEAST:20231030T091629Z:868513f6-a093-4ac2-8986-0f5fd6b374eb",
        "x-request-time": "0.082"
      },
      "ResponseBody": {
        "id": "/subscriptions/00000000-0000-0000-0000-000000000/resourceGroups/00000/providers/Microsoft.MachineLearningServices/workspaces/00000/codes/41fc4352-6cd1-4029-8bd0-23bced7023f0/versions/1",
        "name": "1",
        "type": "Microsoft.MachineLearningServices/workspaces/codes/versions",
        "properties": {
          "description": null,
          "tags": {},
          "properties": {
            "hash_sha256": "0000000000000",
            "hash_version": "0000000000000"
          },
          "isArchived": false,
          "isAnonymous": false,
          "codeUri": "https://amltest5899420437.blob.core.windows.net:443/0bdd51b6-c-dc17cd0e-bec8-5b4f-8009-f1f97d862a88/train_src",
          "provisioningState": "Succeeded"
        },
        "systemData": {
          "createdAt": "2023-05-23T02:49:45.6972212\u002B00:00",
          "createdBy": "Chenyang Zhang",
          "createdByType": "User",
          "lastModifiedAt": "2023-05-23T02:49:45.6972212\u002B00:00",
          "lastModifiedBy": "Chenyang Zhang",
          "lastModifiedByType": "User"
        }
      }
    },
    {
      "RequestUri": "https://management.azure.com/subscriptions/00000000-0000-0000-0000-000000000/resourceGroups/00000/providers/Microsoft.MachineLearningServices/workspaces/00000/codes/000000000000000000000/versions?api-version=2023-04-01\u0026hash=cc9785a8060d8d4dda77e9280e6842522a7f78804f91706eedfbd9a467703ecf\u0026hashVersion=202208",
      "RequestMethod": "GET",
      "RequestHeaders": {
        "Accept": "application/json",
        "Accept-Encoding": "gzip, deflate",
        "Connection": "keep-alive",
        "User-Agent": "azure-ai-ml/1.12.0 azsdk-python-mgmt-machinelearningservices/0.1.0 Python/3.8.12 (Windows-10-10.0.22621-SP0)"
      },
      "RequestBody": null,
      "StatusCode": 200,
      "ResponseHeaders": {
        "Cache-Control": "no-cache",
        "Content-Encoding": "gzip",
        "Content-Type": "application/json; charset=utf-8",
        "Date": "Mon, 30 Oct 2023 09:16:30 GMT",
        "Expires": "-1",
        "Pragma": "no-cache",
        "Request-Context": "appId=cid-v1:2d2e8e63-272e-4b3c-8598-4ee570a0e70d",
        "Strict-Transport-Security": "max-age=31536000; includeSubDomains",
        "Transfer-Encoding": "chunked",
        "Vary": [
          "Accept-Encoding",
          "Accept-Encoding"
        ],
        "x-aml-cluster": "vienna-eastus2-01",
        "X-Content-Type-Options": "nosniff",
        "x-ms-correlation-request-id": "7e6304c2-ad14-4e2e-b2e9-5ed9a7fbe7b6",
        "x-ms-ratelimit-remaining-subscription-reads": "11976",
        "x-ms-response-type": "standard",
        "x-ms-routing-request-id": "JAPANEAST:20231030T091630Z:7e6304c2-ad14-4e2e-b2e9-5ed9a7fbe7b6",
        "x-request-time": "0.039"
      },
      "ResponseBody": {
        "value": [
          {
            "id": "/subscriptions/00000000-0000-0000-0000-000000000/resourceGroups/00000/providers/Microsoft.MachineLearningServices/workspaces/00000/codes/e066c153-874b-4278-9823-fefaf360d089/versions/1",
            "name": "1",
            "type": "Microsoft.MachineLearningServices/workspaces/codes/versions",
            "properties": {
              "description": null,
              "tags": {},
              "properties": {
                "hash_sha256": "cc9785a8060d8d4dda77e9280e6842522a7f78804f91706eedfbd9a467703ecf",
                "hash_version": "202208"
              },
              "isArchived": false,
              "isAnonymous": false,
              "codeUri": "https://amltest5899420437.blob.core.windows.net:443/0bdd51b6-c-036a3b81-dd78-52a6-a176-71df1ed49cb1/eval_src",
              "provisioningState": "Succeeded"
            },
            "systemData": {
              "createdAt": "2023-05-23T02:49:52.7854996\u002B00:00",
              "createdBy": "Chenyang Zhang",
              "createdByType": "User",
              "lastModifiedAt": "2023-05-23T02:49:52.7854996\u002B00:00",
              "lastModifiedBy": "Chenyang Zhang",
              "lastModifiedByType": "User"
            }
          }
        ]
      }
    },
    {
      "RequestUri": "https://management.azure.com/subscriptions/00000000-0000-0000-0000-000000000/resourceGroups/00000/providers/Microsoft.MachineLearningServices/workspaces/00000/codes/e066c153-874b-4278-9823-fefaf360d089/versions/1?api-version=2023-04-01",
      "RequestMethod": "GET",
      "RequestHeaders": {
        "Accept": "application/json",
        "Accept-Encoding": "gzip, deflate",
        "Connection": "keep-alive",
        "User-Agent": "azure-ai-ml/1.12.0 azsdk-python-mgmt-machinelearningservices/0.1.0 Python/3.8.12 (Windows-10-10.0.22621-SP0)"
      },
      "RequestBody": null,
      "StatusCode": 200,
      "ResponseHeaders": {
        "Cache-Control": "no-cache",
        "Content-Encoding": "gzip",
        "Content-Type": "application/json; charset=utf-8",
        "Date": "Mon, 30 Oct 2023 09:16:31 GMT",
        "Expires": "-1",
        "Pragma": "no-cache",
        "Request-Context": "appId=cid-v1:2d2e8e63-272e-4b3c-8598-4ee570a0e70d",
        "Strict-Transport-Security": "max-age=31536000; includeSubDomains",
        "Transfer-Encoding": "chunked",
        "Vary": [
          "Accept-Encoding",
          "Accept-Encoding"
        ],
        "x-aml-cluster": "vienna-eastus2-01",
        "X-Content-Type-Options": "nosniff",
        "x-ms-correlation-request-id": "1eb3546a-4c29-4c90-a1a8-14ff9249bc6b",
        "x-ms-ratelimit-remaining-subscription-reads": "11975",
        "x-ms-response-type": "standard",
        "x-ms-routing-request-id": "JAPANEAST:20231030T091631Z:1eb3546a-4c29-4c90-a1a8-14ff9249bc6b",
        "x-request-time": "0.040"
      },
      "ResponseBody": {
        "id": "/subscriptions/00000000-0000-0000-0000-000000000/resourceGroups/00000/providers/Microsoft.MachineLearningServices/workspaces/00000/codes/e066c153-874b-4278-9823-fefaf360d089/versions/1",
        "name": "1",
        "type": "Microsoft.MachineLearningServices/workspaces/codes/versions",
        "properties": {
          "description": null,
          "tags": {},
          "properties": {
            "hash_sha256": "0000000000000",
            "hash_version": "0000000000000"
          },
          "isArchived": false,
          "isAnonymous": false,
          "codeUri": "https://amltest5899420437.blob.core.windows.net:443/0bdd51b6-c-036a3b81-dd78-52a6-a176-71df1ed49cb1/eval_src",
          "provisioningState": "Succeeded"
        },
        "systemData": {
          "createdAt": "2023-05-23T02:49:52.7854996\u002B00:00",
          "createdBy": "Chenyang Zhang",
          "createdByType": "User",
          "lastModifiedAt": "2023-05-23T02:49:52.7854996\u002B00:00",
          "lastModifiedBy": "Chenyang Zhang",
          "lastModifiedByType": "User"
        }
      }
    },
    {
      "RequestUri": "https://management.azure.com/subscriptions/00000000-0000-0000-0000-000000000/resourceGroups/00000/providers/Microsoft.MachineLearningServices/workspaces/00000/components/azureml_anonymous/versions/000000000000000000000?api-version=2022-10-01",
      "RequestMethod": "PUT",
      "RequestHeaders": {
        "Accept": "application/json",
        "Accept-Encoding": "gzip, deflate",
        "Connection": "keep-alive",
        "Content-Length": "986",
        "Content-Type": "application/json",
        "User-Agent": "azure-ai-ml/1.12.0 azsdk-python-mgmt-machinelearningservices/0.1.0 Python/3.8.12 (Windows-10-10.0.22621-SP0)"
      },
      "RequestBody": {
        "properties": {
          "description": "A dummy scoring component",
          "properties": {},
          "tags": {},
          "isAnonymous": true,
          "isArchived": false,
          "componentSpec": {
            "command": "python score.py --model_input ${{inputs.model_input}} --test_data ${{inputs.test_data}} --score_output ${{outputs.score_output}}",
            "code": "azureml:/subscriptions/00000000-0000-0000-0000-000000000/resourceGroups/00000/providers/Microsoft.MachineLearningServices/workspaces/00000/codes/4e8e65ba-7b72-4188-8f77-23997484dcba/versions/1",
            "environment": "azureml:AzureML-sklearn-1.0-ubuntu20.04-py38-cpu:33",
            "name": "score_data",
            "description": "A dummy scoring component",
            "version": "0.0.1",
            "$schema": "https://azuremlschemas.azureedge.net/latest/commandComponent.schema.json",
            "display_name": "Score Data",
            "is_deterministic": true,
            "inputs": {
              "model_input": {
                "type": "uri_folder"
              },
              "test_data": {
                "type": "uri_folder"
              }
            },
            "outputs": {
              "score_output": {
                "type": "uri_folder"
              }
            },
            "type": "command",
            "_source": "YAML.COMPONENT"
          }
        }
      },
      "StatusCode": 201,
      "ResponseHeaders": {
        "Cache-Control": "no-cache",
        "Content-Length": "1929",
        "Content-Type": "application/json; charset=utf-8",
        "Date": "Mon, 30 Oct 2023 09:16:32 GMT",
        "Expires": "-1",
        "Location": "https://management.azure.com/subscriptions/00000000-0000-0000-0000-000000000/resourceGroups/00000/providers/Microsoft.MachineLearningServices/workspaces/00000/components/azureml_anonymous/versions/000000000000000000000?api-version=2022-10-01",
        "Pragma": "no-cache",
        "Request-Context": "appId=cid-v1:2d2e8e63-272e-4b3c-8598-4ee570a0e70d",
        "Strict-Transport-Security": "max-age=31536000; includeSubDomains",
        "x-aml-cluster": "vienna-eastus2-02",
        "X-Content-Type-Options": "nosniff",
        "x-ms-correlation-request-id": "c91ea8fc-de7e-4a2b-808e-77d9743183ce",
        "x-ms-ratelimit-remaining-subscription-writes": "1199",
        "x-ms-response-type": "standard",
        "x-ms-routing-request-id": "JAPANEAST:20231030T091633Z:c91ea8fc-de7e-4a2b-808e-77d9743183ce",
        "x-request-time": "1.289"
      },
      "ResponseBody": {
        "id": "/subscriptions/00000000-0000-0000-0000-000000000/resourceGroups/00000/providers/Microsoft.MachineLearningServices/workspaces/00000/components/azureml_anonymous/versions/56c7ddc2-29c4-4c71-9179-0d0cab37f995",
        "name": "56c7ddc2-29c4-4c71-9179-0d0cab37f995",
        "type": "Microsoft.MachineLearningServices/workspaces/components/versions",
        "properties": {
          "description": null,
          "tags": {},
          "properties": {},
          "isArchived": false,
          "isAnonymous": true,
          "componentSpec": {
            "$schema": "https://azuremlschemas.azureedge.net/latest/commandComponent.schema.json",
            "name": "score_data",
            "version": "0.0.1",
            "display_name": "Score Data",
            "is_deterministic": "True",
            "type": "command",
            "description": "A dummy scoring component",
            "inputs": {
              "model_input": {
                "type": "uri_folder",
                "optional": "False"
              },
              "test_data": {
                "type": "uri_folder",
                "optional": "False"
              }
            },
            "outputs": {
              "score_output": {
                "type": "uri_folder"
              }
            },
            "code": "azureml:/subscriptions/00000000-0000-0000-0000-000000000/resourceGroups/00000/providers/Microsoft.MachineLearningServices/workspaces/00000/codes/4e8e65ba-7b72-4188-8f77-23997484dcba/versions/1",
            "environment": "azureml://registries/azureml/environments/AzureML-sklearn-1.0-ubuntu20.04-py38-cpu/versions/33",
            "resources": {
              "instance_count": "1"
            },
            "command": "python score.py --model_input ${{inputs.model_input}} --test_data ${{inputs.test_data}} --score_output ${{outputs.score_output}}"
          }
        },
        "systemData": {
          "createdAt": "2023-05-24T03:25:31.7831794\u002B00:00",
          "createdBy": "Chenyang Zhang",
          "createdByType": "User",
          "lastModifiedAt": "2023-05-24T03:25:31.8468858\u002B00:00",
          "lastModifiedBy": "Chenyang Zhang",
          "lastModifiedByType": "User"
        }
      }
    },
    {
      "RequestUri": "https://management.azure.com/subscriptions/00000000-0000-0000-0000-000000000/resourceGroups/00000/providers/Microsoft.MachineLearningServices/workspaces/00000/components/azureml_anonymous/versions/000000000000000000000?api-version=2022-10-01",
      "RequestMethod": "PUT",
      "RequestHeaders": {
        "Accept": "application/json",
        "Accept-Encoding": "gzip, deflate",
        "Connection": "keep-alive",
        "Content-Length": "1248",
        "Content-Type": "application/json",
        "User-Agent": "azure-ai-ml/1.12.0 azsdk-python-mgmt-machinelearningservices/0.1.0 Python/3.8.12 (Windows-10-10.0.22621-SP0)"
      },
      "RequestBody": {
        "properties": {
          "description": "A dummy training component",
          "properties": {},
          "tags": {},
          "isAnonymous": true,
          "isArchived": false,
          "componentSpec": {
            "command": "python train.py --training_data ${{inputs.training_data}} $[[--max_epochs ${{inputs.max_epochs}}]] --learning_rate ${{inputs.learning_rate}} --learning_rate_schedule ${{inputs.learning_rate_schedule}} --model_output ${{outputs.model_output}}",
            "code": "azureml:/subscriptions/00000000-0000-0000-0000-000000000/resourceGroups/00000/providers/Microsoft.MachineLearningServices/workspaces/00000/codes/41fc4352-6cd1-4029-8bd0-23bced7023f0/versions/1",
            "environment": "azureml:AzureML-sklearn-1.0-ubuntu20.04-py38-cpu:33",
            "name": "train_model",
            "description": "A dummy training component",
            "version": "0.0.1",
            "$schema": "https://azuremlschemas.azureedge.net/latest/commandComponent.schema.json",
            "display_name": "Train Model",
            "is_deterministic": true,
            "inputs": {
              "training_data": {
                "type": "uri_folder"
              },
              "max_epochs": {
                "type": "integer",
                "optional": true
              },
              "learning_rate": {
                "type": "number",
                "default": "0.01"
              },
              "learning_rate_schedule": {
                "type": "string",
                "default": "time-based"
              }
            },
            "outputs": {
              "model_output": {
                "type": "uri_folder"
              }
            },
            "type": "command",
            "_source": "YAML.COMPONENT"
          }
        }
      },
      "StatusCode": 201,
      "ResponseHeaders": {
        "Cache-Control": "no-cache",
        "Content-Length": "2309",
        "Content-Type": "application/json; charset=utf-8",
        "Date": "Mon, 30 Oct 2023 09:16:32 GMT",
        "Expires": "-1",
        "Location": "https://management.azure.com/subscriptions/00000000-0000-0000-0000-000000000/resourceGroups/00000/providers/Microsoft.MachineLearningServices/workspaces/00000/components/azureml_anonymous/versions/000000000000000000000?api-version=2022-10-01",
        "Pragma": "no-cache",
        "Request-Context": "appId=cid-v1:2d2e8e63-272e-4b3c-8598-4ee570a0e70d",
        "Strict-Transport-Security": "max-age=31536000; includeSubDomains",
        "x-aml-cluster": "vienna-eastus2-01",
        "X-Content-Type-Options": "nosniff",
        "x-ms-correlation-request-id": "a78e1a6e-080d-47e2-b7a4-8dd438f7d81a",
        "x-ms-ratelimit-remaining-subscription-writes": "1195",
        "x-ms-response-type": "standard",
        "x-ms-routing-request-id": "JAPANEAST:20231030T091633Z:a78e1a6e-080d-47e2-b7a4-8dd438f7d81a",
        "x-request-time": "1.304"
      },
      "ResponseBody": {
        "id": "/subscriptions/00000000-0000-0000-0000-000000000/resourceGroups/00000/providers/Microsoft.MachineLearningServices/workspaces/00000/components/azureml_anonymous/versions/7148a78c-1a07-4d16-a133-657b999dc650",
        "name": "7148a78c-1a07-4d16-a133-657b999dc650",
        "type": "Microsoft.MachineLearningServices/workspaces/components/versions",
        "properties": {
          "description": null,
          "tags": {},
          "properties": {},
          "isArchived": false,
          "isAnonymous": true,
          "componentSpec": {
            "$schema": "https://azuremlschemas.azureedge.net/latest/commandComponent.schema.json",
            "name": "train_model",
            "version": "0.0.1",
            "display_name": "Train Model",
            "is_deterministic": "True",
            "type": "command",
            "description": "A dummy training component",
            "inputs": {
              "training_data": {
                "type": "uri_folder",
                "optional": "False"
              },
              "max_epochs": {
                "type": "integer",
                "optional": "True"
              },
              "learning_rate": {
                "type": "number",
                "optional": "False",
                "default": "0.01"
              },
              "learning_rate_schedule": {
                "type": "string",
                "optional": "False",
                "default": "time-based"
              }
            },
            "outputs": {
              "model_output": {
                "type": "uri_folder"
              }
            },
            "code": "azureml:/subscriptions/00000000-0000-0000-0000-000000000/resourceGroups/00000/providers/Microsoft.MachineLearningServices/workspaces/00000/codes/41fc4352-6cd1-4029-8bd0-23bced7023f0/versions/1",
            "environment": "azureml://registries/azureml/environments/AzureML-sklearn-1.0-ubuntu20.04-py38-cpu/versions/33",
            "resources": {
              "instance_count": "1"
            },
            "command": "python train.py --training_data ${{inputs.training_data}} $[[--max_epochs ${{inputs.max_epochs}}]] --learning_rate ${{inputs.learning_rate}} --learning_rate_schedule ${{inputs.learning_rate_schedule}} --model_output ${{outputs.model_output}}"
          }
        },
        "systemData": {
          "createdAt": "2023-05-24T03:25:31.8714654\u002B00:00",
          "createdBy": "Chenyang Zhang",
          "createdByType": "User",
          "lastModifiedAt": "2023-05-24T03:25:31.9585689\u002B00:00",
          "lastModifiedBy": "Chenyang Zhang",
          "lastModifiedByType": "User"
        }
      }
    },
    {
      "RequestUri": "https://management.azure.com/subscriptions/00000000-0000-0000-0000-000000000/resourceGroups/00000/providers/Microsoft.MachineLearningServices/workspaces/00000/components/azureml_anonymous/versions/000000000000000000000?api-version=2022-10-01",
      "RequestMethod": "PUT",
      "RequestHeaders": {
        "Accept": "application/json",
        "Accept-Encoding": "gzip, deflate",
        "Connection": "keep-alive",
        "Content-Length": "1407",
        "Content-Type": "application/json",
        "User-Agent": "azure-ai-ml/1.12.0 azsdk-python-mgmt-machinelearningservices/0.1.0 Python/3.8.12 (Windows-10-10.0.22621-SP0)"
      },
      "RequestBody": {
        "properties": {
          "description": "A dummy comparison module takes two models as input and outputs the better one",
          "properties": {},
          "tags": {},
          "isAnonymous": true,
          "isArchived": false,
          "componentSpec": {
            "command": "python compare2.py $[[--model1 ${{inputs.model1}}]] $[[--eval_result1 ${{inputs.eval_result1}}]] $[[--model2 ${{inputs.model2}}]] $[[--eval_result2 ${{inputs.eval_result2}}]] --best_model ${{outputs.best_model}} --best_result ${{outputs.best_result}}",
            "code": "azureml:/subscriptions/00000000-0000-0000-0000-000000000/resourceGroups/00000/providers/Microsoft.MachineLearningServices/workspaces/00000/codes/432983ec-b49b-4101-9b05-71a3e953680b/versions/1",
            "environment": "azureml:AzureML-sklearn-1.0-ubuntu20.04-py38-cpu:33",
            "name": "compare_2_models",
            "description": "A dummy comparison module takes two models as input and outputs the better one",
            "version": "0.0.1",
            "$schema": "https://azuremlschemas.azureedge.net/latest/commandComponent.schema.json",
            "display_name": "Compare 2 Models",
            "is_deterministic": true,
            "inputs": {
              "model1": {
                "type": "uri_folder",
                "optional": true
              },
              "eval_result1": {
                "type": "uri_folder",
                "optional": true
              },
              "model2": {
                "type": "uri_folder",
                "optional": true
              },
              "eval_result2": {
                "type": "uri_folder",
                "optional": true
              }
            },
            "outputs": {
              "best_model": {
                "type": "uri_folder"
              },
              "best_result": {
                "type": "uri_folder"
              }
            },
            "type": "command",
            "_source": "YAML.COMPONENT"
          }
        }
      },
      "StatusCode": 201,
      "ResponseHeaders": {
        "Cache-Control": "no-cache",
        "Content-Length": "2367",
        "Content-Type": "application/json; charset=utf-8",
        "Date": "Mon, 30 Oct 2023 09:16:32 GMT",
        "Expires": "-1",
        "Location": "https://management.azure.com/subscriptions/00000000-0000-0000-0000-000000000/resourceGroups/00000/providers/Microsoft.MachineLearningServices/workspaces/00000/components/azureml_anonymous/versions/000000000000000000000?api-version=2022-10-01",
        "Pragma": "no-cache",
        "Request-Context": "appId=cid-v1:2d2e8e63-272e-4b3c-8598-4ee570a0e70d",
        "Strict-Transport-Security": "max-age=31536000; includeSubDomains",
        "x-aml-cluster": "vienna-eastus2-01",
        "X-Content-Type-Options": "nosniff",
        "x-ms-correlation-request-id": "47e48a46-734e-4181-8bae-0e71e63ed8b7",
        "x-ms-ratelimit-remaining-subscription-writes": "1199",
        "x-ms-response-type": "standard",
        "x-ms-routing-request-id": "JAPANEAST:20231030T091633Z:47e48a46-734e-4181-8bae-0e71e63ed8b7",
        "x-request-time": "1.374"
      },
      "ResponseBody": {
        "id": "/subscriptions/00000000-0000-0000-0000-000000000/resourceGroups/00000/providers/Microsoft.MachineLearningServices/workspaces/00000/components/azureml_anonymous/versions/f9bcc2d6-c562-47fa-af00-4cb5bda92339",
        "name": "f9bcc2d6-c562-47fa-af00-4cb5bda92339",
        "type": "Microsoft.MachineLearningServices/workspaces/components/versions",
        "properties": {
          "description": null,
          "tags": {},
          "properties": {},
          "isArchived": false,
          "isAnonymous": true,
          "componentSpec": {
            "$schema": "https://azuremlschemas.azureedge.net/latest/commandComponent.schema.json",
            "name": "compare_2_models",
            "version": "0.0.1",
            "display_name": "Compare 2 Models",
            "is_deterministic": "True",
            "type": "command",
            "description": "A dummy comparison module takes two models as input and outputs the better one",
            "inputs": {
              "model1": {
                "type": "uri_folder",
                "optional": "True"
              },
              "eval_result1": {
                "type": "uri_folder",
                "optional": "True"
              },
              "model2": {
                "type": "uri_folder",
                "optional": "True"
              },
              "eval_result2": {
                "type": "uri_folder",
                "optional": "True"
              }
            },
            "outputs": {
              "best_model": {
                "type": "uri_folder"
              },
              "best_result": {
                "type": "uri_folder"
              }
            },
            "code": "azureml:/subscriptions/00000000-0000-0000-0000-000000000/resourceGroups/00000/providers/Microsoft.MachineLearningServices/workspaces/00000/codes/432983ec-b49b-4101-9b05-71a3e953680b/versions/1",
            "environment": "azureml://registries/azureml/environments/AzureML-sklearn-1.0-ubuntu20.04-py38-cpu/versions/33",
            "resources": {
              "instance_count": "1"
            },
            "command": "python compare2.py $[[--model1 ${{inputs.model1}}]] $[[--eval_result1 ${{inputs.eval_result1}}]] $[[--model2 ${{inputs.model2}}]] $[[--eval_result2 ${{inputs.eval_result2}}]] --best_model ${{outputs.best_model}} --best_result ${{outputs.best_result}}"
          }
        },
        "systemData": {
          "createdAt": "2023-05-24T03:25:31.5864122\u002B00:00",
          "createdBy": "Chenyang Zhang",
          "createdByType": "User",
          "lastModifiedAt": "2023-05-24T03:25:31.6737979\u002B00:00",
          "lastModifiedBy": "Chenyang Zhang",
          "lastModifiedByType": "User"
        }
      }
    },
    {
      "RequestUri": "https://management.azure.com/subscriptions/00000000-0000-0000-0000-000000000/resourceGroups/00000/providers/Microsoft.MachineLearningServices/workspaces/00000/components/azureml_anonymous/versions/000000000000000000000?api-version=2022-10-01",
      "RequestMethod": "PUT",
      "RequestHeaders": {
        "Accept": "application/json",
        "Accept-Encoding": "gzip, deflate",
        "Connection": "keep-alive",
        "Content-Length": "922",
        "Content-Type": "application/json",
        "User-Agent": "azure-ai-ml/1.12.0 azsdk-python-mgmt-machinelearningservices/0.1.0 Python/3.8.12 (Windows-10-10.0.22621-SP0)"
      },
      "RequestBody": {
        "properties": {
          "description": "A dummy evaluate component",
          "properties": {},
          "tags": {},
          "isAnonymous": true,
          "isArchived": false,
          "componentSpec": {
            "command": "python eval.py --scoring_result ${{inputs.scoring_result}} --eval_output ${{outputs.eval_output}}",
            "code": "azureml:/subscriptions/00000000-0000-0000-0000-000000000/resourceGroups/00000/providers/Microsoft.MachineLearningServices/workspaces/00000/codes/e066c153-874b-4278-9823-fefaf360d089/versions/1",
            "environment": "azureml:AzureML-sklearn-1.0-ubuntu20.04-py38-cpu:33",
            "name": "eval_model",
            "description": "A dummy evaluate component",
            "version": "0.0.1",
            "$schema": "https://azuremlschemas.azureedge.net/latest/commandComponent.schema.json",
            "display_name": "Eval Model",
            "is_deterministic": true,
            "inputs": {
              "scoring_result": {
                "type": "uri_folder"
              }
            },
            "outputs": {
              "eval_output": {
                "type": "uri_folder"
              }
            },
            "type": "command",
            "_source": "YAML.COMPONENT"
          }
        }
      },
      "StatusCode": 201,
      "ResponseHeaders": {
        "Cache-Control": "no-cache",
        "Content-Length": "1805",
        "Content-Type": "application/json; charset=utf-8",
        "Date": "Mon, 30 Oct 2023 09:16:33 GMT",
        "Expires": "-1",
        "Location": "https://management.azure.com/subscriptions/00000000-0000-0000-0000-000000000/resourceGroups/00000/providers/Microsoft.MachineLearningServices/workspaces/00000/components/azureml_anonymous/versions/000000000000000000000?api-version=2022-10-01",
        "Pragma": "no-cache",
        "Request-Context": "appId=cid-v1:2d2e8e63-272e-4b3c-8598-4ee570a0e70d",
        "Strict-Transport-Security": "max-age=31536000; includeSubDomains",
        "x-aml-cluster": "vienna-eastus2-01",
        "X-Content-Type-Options": "nosniff",
        "x-ms-correlation-request-id": "8ee7360d-2a7c-45b3-b226-638659256f3d",
        "x-ms-ratelimit-remaining-subscription-writes": "1179",
        "x-ms-response-type": "standard",
        "x-ms-routing-request-id": "JAPANEAST:20231030T091633Z:8ee7360d-2a7c-45b3-b226-638659256f3d",
        "x-request-time": "1.219"
      },
      "ResponseBody": {
        "id": "/subscriptions/00000000-0000-0000-0000-000000000/resourceGroups/00000/providers/Microsoft.MachineLearningServices/workspaces/00000/components/azureml_anonymous/versions/56c56398-1016-4ff0-9ac6-7ef841a4725d",
        "name": "56c56398-1016-4ff0-9ac6-7ef841a4725d",
        "type": "Microsoft.MachineLearningServices/workspaces/components/versions",
        "properties": {
          "description": null,
          "tags": {},
          "properties": {},
          "isArchived": false,
          "isAnonymous": true,
          "componentSpec": {
            "$schema": "https://azuremlschemas.azureedge.net/latest/commandComponent.schema.json",
            "name": "eval_model",
            "version": "0.0.1",
            "display_name": "Eval Model",
            "is_deterministic": "True",
            "type": "command",
            "description": "A dummy evaluate component",
            "inputs": {
              "scoring_result": {
                "type": "uri_folder",
                "optional": "False"
              }
            },
            "outputs": {
              "eval_output": {
                "type": "uri_folder"
              }
            },
            "code": "azureml:/subscriptions/00000000-0000-0000-0000-000000000/resourceGroups/00000/providers/Microsoft.MachineLearningServices/workspaces/00000/codes/e066c153-874b-4278-9823-fefaf360d089/versions/1",
            "environment": "azureml://registries/azureml/environments/AzureML-sklearn-1.0-ubuntu20.04-py38-cpu/versions/33",
            "resources": {
              "instance_count": "1"
            },
            "command": "python eval.py --scoring_result ${{inputs.scoring_result}} --eval_output ${{outputs.eval_output}}"
          }
        },
        "systemData": {
          "createdAt": "2023-05-24T03:25:31.1497969\u002B00:00",
          "createdBy": "Chenyang Zhang",
          "createdByType": "User",
          "lastModifiedAt": "2023-05-24T03:25:31.2377244\u002B00:00",
          "lastModifiedBy": "Chenyang Zhang",
          "lastModifiedByType": "User"
        }
      }
    },
    {
      "RequestUri": "https://management.azure.com/subscriptions/00000000-0000-0000-0000-000000000/resourceGroups/00000/providers/Microsoft.MachineLearningServices/workspaces/00000/components/azureml_anonymous/versions/000000000000000000000?api-version=2022-10-01",
      "RequestMethod": "PUT",
      "RequestHeaders": {
        "Accept": "application/json",
        "Accept-Encoding": "gzip, deflate",
        "Connection": "keep-alive",
        "Content-Length": "2862",
        "Content-Type": "application/json",
        "User-Agent": "azure-ai-ml/1.12.0 azsdk-python-mgmt-machinelearningservices/0.1.0 Python/3.8.12 (Windows-10-10.0.22621-SP0)"
      },
      "RequestBody": {
        "properties": {
          "description": "E2E dummy train-score-eval pipeline with components defined via yaml.",
          "properties": {},
          "tags": {},
          "isAnonymous": true,
          "isArchived": false,
          "componentSpec": {
            "name": "train_pipeline_component",
            "description": "E2E dummy train-score-eval pipeline with components defined via yaml.",
            "display_name": "train_pipeline_component",
            "inputs": {
              "training_input": {
                "type": "uri_folder"
              },
              "test_input": {
                "type": "uri_folder"
              },
              "training_learning_rate": {
                "type": "number"
              },
              "training_max_epochs": {
                "type": "integer",
                "optional": true,
                "default": "20"
              },
              "learning_rate_schedule": {
                "type": "string",
                "default": "time-based"
              }
            },
            "outputs": {
              "trained_model": {
                "type": "uri_folder"
              },
              "evaluation_report": {
                "type": "uri_folder"
              }
            },
            "type": "pipeline",
            "jobs": {
              "train_with_sample_data": {
                "name": "train_with_sample_data",
                "type": "command",
                "inputs": {
                  "training_data": {
                    "job_input_type": "literal",
                    "value": "${{parent.inputs.training_input}}"
                  },
                  "max_epochs": {
                    "job_input_type": "literal",
                    "value": "${{parent.inputs.training_max_epochs}}"
                  },
                  "learning_rate": {
                    "job_input_type": "literal",
                    "value": "${{parent.inputs.training_learning_rate}}"
                  },
                  "learning_rate_schedule": {
                    "job_input_type": "literal",
                    "value": "${{parent.inputs.learning_rate_schedule}}"
                  }
                },
                "outputs": {
                  "model_output": {
                    "value": "${{parent.outputs.trained_model}}",
                    "type": "literal"
                  }
                },
                "_source": "YAML.COMPONENT",
                "componentId": "/subscriptions/00000000-0000-0000-0000-000000000/resourceGroups/00000/providers/Microsoft.MachineLearningServices/workspaces/00000/components/azureml_anonymous/versions/7148a78c-1a07-4d16-a133-657b999dc650"
              },
              "score_with_sample_data": {
                "name": "score_with_sample_data",
                "type": "command",
                "inputs": {
                  "model_input": {
                    "job_input_type": "literal",
                    "value": "${{parent.jobs.train_with_sample_data.outputs.model_output}}"
                  },
                  "test_data": {
                    "job_input_type": "literal",
                    "value": "${{parent.inputs.test_input}}"
                  }
                },
                "outputs": {
                  "score_output": {
                    "mode": "Upload",
                    "job_output_type": "uri_folder"
                  }
                },
                "_source": "YAML.COMPONENT",
                "componentId": "/subscriptions/00000000-0000-0000-0000-000000000/resourceGroups/00000/providers/Microsoft.MachineLearningServices/workspaces/00000/components/azureml_anonymous/versions/56c7ddc2-29c4-4c71-9179-0d0cab37f995"
              },
              "eval_with_sample_data": {
                "name": "eval_with_sample_data",
                "type": "command",
                "inputs": {
                  "scoring_result": {
                    "job_input_type": "literal",
                    "value": "${{parent.jobs.score_with_sample_data.outputs.score_output}}"
                  }
                },
                "outputs": {
                  "eval_output": {
                    "value": "${{parent.outputs.evaluation_report}}",
                    "type": "literal"
                  }
                },
                "_source": "YAML.COMPONENT",
                "componentId": "/subscriptions/00000000-0000-0000-0000-000000000/resourceGroups/00000/providers/Microsoft.MachineLearningServices/workspaces/00000/components/azureml_anonymous/versions/56c56398-1016-4ff0-9ac6-7ef841a4725d"
              }
            },
            "_source": "DSL",
            "sourceJobId": null
          }
        }
      },
      "StatusCode": 201,
      "ResponseHeaders": {
        "Cache-Control": "no-cache",
        "Content-Length": "1820",
        "Content-Type": "application/json; charset=utf-8",
        "Date": "Mon, 30 Oct 2023 09:16:36 GMT",
        "Expires": "-1",
        "Location": "https://management.azure.com/subscriptions/00000000-0000-0000-0000-000000000/resourceGroups/00000/providers/Microsoft.MachineLearningServices/workspaces/00000/components/azureml_anonymous/versions/000000000000000000000?api-version=2022-10-01",
        "Pragma": "no-cache",
        "Request-Context": "appId=cid-v1:2d2e8e63-272e-4b3c-8598-4ee570a0e70d",
        "Strict-Transport-Security": "max-age=31536000; includeSubDomains",
        "x-aml-cluster": "vienna-eastus2-01",
        "X-Content-Type-Options": "nosniff",
        "x-ms-correlation-request-id": "e467deb5-3f37-420f-b173-1aad1a82ea5f",
        "x-ms-ratelimit-remaining-subscription-writes": "1178",
        "x-ms-response-type": "standard",
        "x-ms-routing-request-id": "JAPANEAST:20231030T091636Z:e467deb5-3f37-420f-b173-1aad1a82ea5f",
        "x-request-time": "2.290"
      },
      "ResponseBody": {
        "id": "/subscriptions/00000000-0000-0000-0000-000000000/resourceGroups/00000/providers/Microsoft.MachineLearningServices/workspaces/00000/components/azureml_anonymous/versions/6fffad5c-5d18-4b0d-ba11-ec75a7c73d14",
        "name": "6fffad5c-5d18-4b0d-ba11-ec75a7c73d14",
        "type": "Microsoft.MachineLearningServices/workspaces/components/versions",
        "properties": {
          "description": null,
          "tags": {},
          "properties": {},
          "isArchived": false,
          "isAnonymous": true,
          "componentSpec": {
            "name": "train_pipeline_component",
            "version": "0",
            "display_name": "train_pipeline_component",
            "is_deterministic": "False",
            "type": "pipeline",
            "description": "E2E dummy train-score-eval pipeline with components defined via yaml.",
            "inputs": {
              "training_input": {
                "type": "uri_folder",
                "optional": "False"
              },
              "test_input": {
                "type": "uri_folder",
                "optional": "False"
              },
              "training_learning_rate": {
                "type": "number",
                "optional": "False"
              },
              "training_max_epochs": {
                "type": "integer",
                "optional": "True",
                "default": "20"
              },
              "learning_rate_schedule": {
                "type": "string",
                "optional": "False",
                "default": "time-based"
              }
            },
            "outputs": {
              "trained_model": {
                "type": "uri_folder"
              },
              "evaluation_report": {
                "type": "uri_folder"
              }
            }
          }
        },
        "systemData": {
          "createdAt": "2023-10-30T09:16:35.9911945\u002B00:00",
          "createdBy": "Chenyang Zhang",
          "createdByType": "User",
          "lastModifiedAt": "2023-10-30T09:16:35.9911945\u002B00:00",
          "lastModifiedBy": "Chenyang Zhang",
          "lastModifiedByType": "User"
        }
      }
    },
    {
      "RequestUri": "https://management.azure.com/subscriptions/00000000-0000-0000-0000-000000000/resourceGroups/00000/providers/Microsoft.MachineLearningServices/workspaces/00000/datastores/workspaceblobstore?api-version=2023-04-01-preview",
      "RequestMethod": "GET",
      "RequestHeaders": {
        "Accept": "application/json",
        "Accept-Encoding": "gzip, deflate",
        "Connection": "keep-alive",
        "User-Agent": "azure-ai-ml/1.12.0 azsdk-python-mgmt-machinelearningservices/0.1.0 Python/3.8.12 (Windows-10-10.0.22621-SP0)"
      },
      "RequestBody": null,
      "StatusCode": 200,
      "ResponseHeaders": {
        "Cache-Control": "no-cache",
        "Content-Encoding": "gzip",
        "Content-Type": "application/json; charset=utf-8",
        "Date": "Mon, 30 Oct 2023 09:16:38 GMT",
        "Expires": "-1",
        "Pragma": "no-cache",
        "Request-Context": "appId=cid-v1:2d2e8e63-272e-4b3c-8598-4ee570a0e70d",
        "Strict-Transport-Security": "max-age=31536000; includeSubDomains",
        "Transfer-Encoding": "chunked",
        "Vary": [
          "Accept-Encoding",
          "Accept-Encoding"
        ],
        "x-aml-cluster": "vienna-eastus2-01",
        "X-Content-Type-Options": "nosniff",
        "x-ms-correlation-request-id": "9aca564d-b7f8-49e7-946f-2bff8a71cc18",
        "x-ms-ratelimit-remaining-subscription-reads": "11974",
        "x-ms-response-type": "standard",
        "x-ms-routing-request-id": "JAPANEAST:20231030T091638Z:9aca564d-b7f8-49e7-946f-2bff8a71cc18",
        "x-request-time": "0.081"
      },
      "ResponseBody": {
        "id": "/subscriptions/00000000-0000-0000-0000-000000000/resourceGroups/00000/providers/Microsoft.MachineLearningServices/workspaces/00000/datastores/workspaceblobstore",
        "name": "workspaceblobstore",
        "type": "Microsoft.MachineLearningServices/workspaces/datastores",
        "properties": {
          "description": null,
          "tags": null,
          "properties": null,
          "isDefault": true,
          "credentials": {
            "credentialsType": "AccountKey"
          },
          "intellectualProperty": null,
          "subscriptionId": "00000000-0000-0000-0000-000000000",
          "resourceGroup": "00000",
          "datastoreType": "AzureBlob",
          "accountName": "amltest5899420437",
          "containerName": "azureml-blobstore-0bdd51b6-cd9c-4978-b870-99997b393b81",
          "endpoint": "core.windows.net",
          "protocol": "https",
          "serviceDataAccessAuthIdentity": "WorkspaceSystemAssignedIdentity"
        },
        "systemData": {
          "createdAt": "2023-05-19T09:41:55.3790868\u002B00:00",
          "createdBy": "779301c0-18b2-4cdc-801b-a0a3368fee0a",
          "createdByType": "Application",
          "lastModifiedAt": "2023-05-19T09:41:56.0641774\u002B00:00",
          "lastModifiedBy": "779301c0-18b2-4cdc-801b-a0a3368fee0a",
          "lastModifiedByType": "Application"
        }
      }
    },
    {
      "RequestUri": "https://management.azure.com/subscriptions/00000000-0000-0000-0000-000000000/resourceGroups/00000/providers/Microsoft.MachineLearningServices/workspaces/00000/datastores/workspaceblobstore/listSecrets?api-version=2023-04-01-preview",
      "RequestMethod": "POST",
      "RequestHeaders": {
        "Accept": "application/json",
        "Accept-Encoding": "gzip, deflate",
        "Connection": "keep-alive",
        "Content-Length": "0",
        "User-Agent": "azure-ai-ml/1.12.0 azsdk-python-mgmt-machinelearningservices/0.1.0 Python/3.8.12 (Windows-10-10.0.22621-SP0)"
      },
      "RequestBody": null,
      "StatusCode": 200,
      "ResponseHeaders": {
        "Cache-Control": "no-cache",
        "Content-Encoding": "gzip",
        "Content-Type": "application/json; charset=utf-8",
        "Date": "Mon, 30 Oct 2023 09:16:39 GMT",
        "Expires": "-1",
        "Pragma": "no-cache",
        "Request-Context": "appId=cid-v1:2d2e8e63-272e-4b3c-8598-4ee570a0e70d",
        "Strict-Transport-Security": "max-age=31536000; includeSubDomains",
        "Transfer-Encoding": "chunked",
        "Vary": "Accept-Encoding",
        "x-aml-cluster": "vienna-eastus2-01",
        "X-Content-Type-Options": "nosniff",
        "x-ms-correlation-request-id": "5c0b4f7d-b512-4c85-be07-0d29e3153df8",
        "x-ms-ratelimit-remaining-subscription-writes": "1196",
        "x-ms-response-type": "standard",
        "x-ms-routing-request-id": "JAPANEAST:20231030T091639Z:5c0b4f7d-b512-4c85-be07-0d29e3153df8",
        "x-request-time": "0.086"
      },
      "ResponseBody": {
        "secretsType": "AccountKey",
        "key": "dGhpcyBpcyBmYWtlIGtleQ=="
      }
    },
    {
      "RequestUri": "https://amltest5899420437.blob.core.windows.net/azureml-blobstore-0bdd51b6-cd9c-4978-b870-99997b393b81/LocalUpload/00000000000000000000000000000000/data/sample.csv",
      "RequestMethod": "HEAD",
      "RequestHeaders": {
        "Accept": "application/xml",
        "Accept-Encoding": "gzip, deflate",
        "Connection": "keep-alive",
        "User-Agent": "azsdk-python-storage-blob/12.16.0 Python/3.8.12 (Windows-10-10.0.22621-SP0)",
        "x-ms-date": "Mon, 30 Oct 2023 09:16:39 GMT",
        "x-ms-version": "2022-11-02"
      },
      "RequestBody": null,
      "StatusCode": 200,
      "ResponseHeaders": {
        "Accept-Ranges": "bytes",
        "Content-Length": "499",
        "Content-MD5": "kD7N5\u002BygjTfbYTFhyEo7RA==",
        "Content-Type": "application/octet-stream",
        "Date": "Mon, 30 Oct 2023 09:16:39 GMT",
        "ETag": "\u00220x8DB60E0E81CDE81\u0022",
        "Last-Modified": "Tue, 30 May 2023 07:38:48 GMT",
        "Server": [
          "Windows-Azure-Blob/1.0",
          "Microsoft-HTTPAPI/2.0"
        ],
        "Vary": "Origin",
        "x-ms-access-tier": "Hot",
        "x-ms-access-tier-inferred": "true",
        "x-ms-blob-type": "BlockBlob",
        "x-ms-creation-time": "Tue, 30 May 2023 07:38:48 GMT",
        "x-ms-lease-state": "available",
        "x-ms-lease-status": "unlocked",
        "x-ms-meta-name": "72ad2e87-f72e-4c76-958e-3c1940600362",
        "x-ms-meta-upload_status": "completed",
        "x-ms-meta-version": "f60494f0-c5ce-4998-b169-dcdbc1cad37c",
        "x-ms-server-encrypted": "true",
        "x-ms-version": "2022-11-02"
      },
      "ResponseBody": null
    },
    {
      "RequestUri": "https://amltest5899420437.blob.core.windows.net/azureml-blobstore-0bdd51b6-cd9c-4978-b870-99997b393b81/az-ml-artifacts/00000000000000000000000000000000/data/sample.csv",
      "RequestMethod": "HEAD",
      "RequestHeaders": {
        "Accept": "application/xml",
        "Accept-Encoding": "gzip, deflate",
        "Connection": "keep-alive",
        "User-Agent": "azsdk-python-storage-blob/12.16.0 Python/3.8.12 (Windows-10-10.0.22621-SP0)",
        "x-ms-date": "Mon, 30 Oct 2023 09:16:40 GMT",
        "x-ms-version": "2022-11-02"
      },
      "RequestBody": null,
      "StatusCode": 404,
      "ResponseHeaders": {
        "Date": "Mon, 30 Oct 2023 09:16:39 GMT",
        "Server": [
          "Windows-Azure-Blob/1.0",
          "Microsoft-HTTPAPI/2.0"
        ],
        "Transfer-Encoding": "chunked",
        "Vary": "Origin",
        "x-ms-error-code": "BlobNotFound",
        "x-ms-version": "2022-11-02"
      },
      "ResponseBody": null
    },
    {
      "RequestUri": "https://management.azure.com/subscriptions/00000000-0000-0000-0000-000000000/resourceGroups/00000/providers/Microsoft.MachineLearningServices/workspaces/00000/datastores/workspaceblobstore?api-version=2023-04-01-preview",
      "RequestMethod": "GET",
      "RequestHeaders": {
        "Accept": "application/json",
        "Accept-Encoding": "gzip, deflate",
        "Connection": "keep-alive",
        "User-Agent": "azure-ai-ml/1.12.0 azsdk-python-mgmt-machinelearningservices/0.1.0 Python/3.8.12 (Windows-10-10.0.22621-SP0)"
      },
      "RequestBody": null,
      "StatusCode": 200,
      "ResponseHeaders": {
        "Cache-Control": "no-cache",
        "Content-Encoding": "gzip",
        "Content-Type": "application/json; charset=utf-8",
        "Date": "Mon, 30 Oct 2023 09:16:40 GMT",
        "Expires": "-1",
        "Pragma": "no-cache",
        "Request-Context": "appId=cid-v1:2d2e8e63-272e-4b3c-8598-4ee570a0e70d",
        "Strict-Transport-Security": "max-age=31536000; includeSubDomains",
        "Transfer-Encoding": "chunked",
        "Vary": [
          "Accept-Encoding",
          "Accept-Encoding"
        ],
        "x-aml-cluster": "vienna-eastus2-01",
        "X-Content-Type-Options": "nosniff",
        "x-ms-correlation-request-id": "0a1d7bd7-e313-4138-8e8d-555ce0c69a18",
        "x-ms-ratelimit-remaining-subscription-reads": "11973",
        "x-ms-response-type": "standard",
        "x-ms-routing-request-id": "JAPANEAST:20231030T091640Z:0a1d7bd7-e313-4138-8e8d-555ce0c69a18",
        "x-request-time": "0.079"
      },
      "ResponseBody": {
        "id": "/subscriptions/00000000-0000-0000-0000-000000000/resourceGroups/00000/providers/Microsoft.MachineLearningServices/workspaces/00000/datastores/workspaceblobstore",
        "name": "workspaceblobstore",
        "type": "Microsoft.MachineLearningServices/workspaces/datastores",
        "properties": {
          "description": null,
          "tags": null,
          "properties": null,
          "isDefault": true,
          "credentials": {
            "credentialsType": "AccountKey"
          },
          "intellectualProperty": null,
          "subscriptionId": "00000000-0000-0000-0000-000000000",
          "resourceGroup": "00000",
          "datastoreType": "AzureBlob",
          "accountName": "amltest5899420437",
          "containerName": "azureml-blobstore-0bdd51b6-cd9c-4978-b870-99997b393b81",
          "endpoint": "core.windows.net",
          "protocol": "https",
          "serviceDataAccessAuthIdentity": "WorkspaceSystemAssignedIdentity"
        },
        "systemData": {
          "createdAt": "2023-05-19T09:41:55.3790868\u002B00:00",
          "createdBy": "779301c0-18b2-4cdc-801b-a0a3368fee0a",
          "createdByType": "Application",
          "lastModifiedAt": "2023-05-19T09:41:56.0641774\u002B00:00",
          "lastModifiedBy": "779301c0-18b2-4cdc-801b-a0a3368fee0a",
          "lastModifiedByType": "Application"
        }
      }
    },
    {
      "RequestUri": "https://management.azure.com/subscriptions/00000000-0000-0000-0000-000000000/resourceGroups/00000/providers/Microsoft.MachineLearningServices/workspaces/00000/datastores/workspaceblobstore/listSecrets?api-version=2023-04-01-preview",
      "RequestMethod": "POST",
      "RequestHeaders": {
        "Accept": "application/json",
        "Accept-Encoding": "gzip, deflate",
        "Connection": "keep-alive",
        "Content-Length": "0",
        "User-Agent": "azure-ai-ml/1.12.0 azsdk-python-mgmt-machinelearningservices/0.1.0 Python/3.8.12 (Windows-10-10.0.22621-SP0)"
      },
      "RequestBody": null,
      "StatusCode": 200,
      "ResponseHeaders": {
        "Cache-Control": "no-cache",
        "Content-Encoding": "gzip",
        "Content-Type": "application/json; charset=utf-8",
        "Date": "Mon, 30 Oct 2023 09:16:40 GMT",
        "Expires": "-1",
        "Pragma": "no-cache",
        "Request-Context": "appId=cid-v1:2d2e8e63-272e-4b3c-8598-4ee570a0e70d",
        "Strict-Transport-Security": "max-age=31536000; includeSubDomains",
        "Transfer-Encoding": "chunked",
        "Vary": "Accept-Encoding",
        "x-aml-cluster": "vienna-eastus2-01",
        "X-Content-Type-Options": "nosniff",
        "x-ms-correlation-request-id": "31701590-765f-4bbe-b13f-17edd7116c50",
        "x-ms-ratelimit-remaining-subscription-writes": "1195",
        "x-ms-response-type": "standard",
        "x-ms-routing-request-id": "JAPANEAST:20231030T091641Z:31701590-765f-4bbe-b13f-17edd7116c50",
        "x-request-time": "0.090"
      },
      "ResponseBody": {
        "secretsType": "AccountKey",
        "key": "dGhpcyBpcyBmYWtlIGtleQ=="
      }
    },
    {
      "RequestUri": "https://amltest5899420437.blob.core.windows.net/azureml-blobstore-0bdd51b6-cd9c-4978-b870-99997b393b81/LocalUpload/00000000000000000000000000000000/data/sample.csv",
      "RequestMethod": "HEAD",
      "RequestHeaders": {
        "Accept": "application/xml",
        "Accept-Encoding": "gzip, deflate",
        "Connection": "keep-alive",
        "User-Agent": "azsdk-python-storage-blob/12.16.0 Python/3.8.12 (Windows-10-10.0.22621-SP0)",
        "x-ms-date": "Mon, 30 Oct 2023 09:16:41 GMT",
        "x-ms-version": "2022-11-02"
      },
      "RequestBody": null,
      "StatusCode": 200,
      "ResponseHeaders": {
        "Accept-Ranges": "bytes",
        "Content-Length": "499",
        "Content-MD5": "kD7N5\u002BygjTfbYTFhyEo7RA==",
        "Content-Type": "application/octet-stream",
        "Date": "Mon, 30 Oct 2023 09:16:40 GMT",
        "ETag": "\u00220x8DB60E0E81CDE81\u0022",
        "Last-Modified": "Tue, 30 May 2023 07:38:48 GMT",
        "Server": [
          "Windows-Azure-Blob/1.0",
          "Microsoft-HTTPAPI/2.0"
        ],
        "Vary": "Origin",
        "x-ms-access-tier": "Hot",
        "x-ms-access-tier-inferred": "true",
        "x-ms-blob-type": "BlockBlob",
        "x-ms-creation-time": "Tue, 30 May 2023 07:38:48 GMT",
        "x-ms-lease-state": "available",
        "x-ms-lease-status": "unlocked",
        "x-ms-meta-name": "72ad2e87-f72e-4c76-958e-3c1940600362",
        "x-ms-meta-upload_status": "completed",
        "x-ms-meta-version": "f60494f0-c5ce-4998-b169-dcdbc1cad37c",
        "x-ms-server-encrypted": "true",
        "x-ms-version": "2022-11-02"
      },
      "ResponseBody": null
    },
    {
      "RequestUri": "https://amltest5899420437.blob.core.windows.net/azureml-blobstore-0bdd51b6-cd9c-4978-b870-99997b393b81/az-ml-artifacts/00000000000000000000000000000000/data/sample.csv",
      "RequestMethod": "HEAD",
      "RequestHeaders": {
        "Accept": "application/xml",
        "Accept-Encoding": "gzip, deflate",
        "Connection": "keep-alive",
        "User-Agent": "azsdk-python-storage-blob/12.16.0 Python/3.8.12 (Windows-10-10.0.22621-SP0)",
        "x-ms-date": "Mon, 30 Oct 2023 09:16:41 GMT",
        "x-ms-version": "2022-11-02"
      },
      "RequestBody": null,
      "StatusCode": 404,
      "ResponseHeaders": {
        "Date": "Mon, 30 Oct 2023 09:16:40 GMT",
        "Server": [
          "Windows-Azure-Blob/1.0",
          "Microsoft-HTTPAPI/2.0"
        ],
        "Transfer-Encoding": "chunked",
        "Vary": "Origin",
        "x-ms-error-code": "BlobNotFound",
        "x-ms-version": "2022-11-02"
      },
      "ResponseBody": null
    },
    {
      "RequestUri": "https://management.azure.com/subscriptions/00000000-0000-0000-0000-000000000/resourceGroups/00000/providers/Microsoft.MachineLearningServices/workspaces/00000/jobs/000000000000000000000?api-version=2023-08-01-preview",
      "RequestMethod": "PUT",
      "RequestHeaders": {
        "Accept": "application/json",
        "Accept-Encoding": "gzip, deflate",
        "Connection": "keep-alive",
        "Content-Length": "3240",
        "Content-Type": "application/json",
        "User-Agent": "azure-ai-ml/1.12.0 azsdk-python-mgmt-machinelearningservices/0.1.0 Python/3.8.12 (Windows-10-10.0.22621-SP0)"
      },
      "RequestBody": {
        "properties": {
          "properties": {},
          "tags": {},
          "displayName": "pipeline_with_pipeline_component",
          "experimentName": "azure-ai-ml",
          "isArchived": false,
          "jobType": "Pipeline",
          "inputs": {
            "training_input": {
              "jobInputType": "uri_folder",
              "uri": "azureml://datastores/workspaceblobstore/paths/LocalUpload/00000000000000000000000000000000/data/"
            },
            "test_input": {
              "jobInputType": "uri_folder",
              "uri": "azureml://datastores/workspaceblobstore/paths/LocalUpload/00000000000000000000000000000000/data/"
            },
            "training_learning_rate1": {
              "jobInputType": "literal",
              "value": "0.1"
            },
            "training_learning_rate2": {
              "jobInputType": "literal",
              "value": "0.01"
            }
          },
          "jobs": {
            "train_and_evaludate_model1": {
              "name": "train_and_evaludate_model1",
              "type": "pipeline",
              "inputs": {
                "training_input": {
                  "job_input_type": "literal",
                  "value": "${{parent.inputs.training_input}}"
                },
                "test_input": {
                  "job_input_type": "literal",
                  "value": "${{parent.inputs.test_input}}"
                },
                "training_learning_rate": {
                  "job_input_type": "literal",
                  "value": "${{parent.inputs.training_learning_rate1}}"
                }
              },
              "_source": "DSL",
              "componentId": "/subscriptions/00000000-0000-0000-0000-000000000/resourceGroups/00000/providers/Microsoft.MachineLearningServices/workspaces/00000/components/azureml_anonymous/versions/6fffad5c-5d18-4b0d-ba11-ec75a7c73d14"
            },
            "train_and_evaludate_model2": {
              "name": "train_and_evaludate_model2",
              "type": "pipeline",
              "inputs": {
                "training_input": {
                  "job_input_type": "literal",
                  "value": "${{parent.inputs.training_input}}"
                },
                "test_input": {
                  "job_input_type": "literal",
                  "value": "${{parent.inputs.test_input}}"
                },
                "training_learning_rate": {
                  "job_input_type": "literal",
                  "value": "${{parent.inputs.training_learning_rate2}}"
                }
              },
              "_source": "DSL",
              "componentId": "/subscriptions/00000000-0000-0000-0000-000000000/resourceGroups/00000/providers/Microsoft.MachineLearningServices/workspaces/00000/components/azureml_anonymous/versions/6fffad5c-5d18-4b0d-ba11-ec75a7c73d14"
            },
            "compare2_models": {
              "name": "compare2_models",
              "type": "command",
              "inputs": {
                "model1": {
                  "job_input_type": "literal",
                  "value": "${{parent.jobs.train_and_evaludate_model1.outputs.trained_model}}"
                },
                "eval_result1": {
                  "job_input_type": "literal",
                  "value": "${{parent.jobs.train_and_evaludate_model1.outputs.evaluation_report}}"
                },
                "model2": {
                  "job_input_type": "literal",
                  "value": "${{parent.jobs.train_and_evaludate_model2.outputs.trained_model}}"
                },
                "eval_result2": {
                  "job_input_type": "literal",
                  "value": "${{parent.jobs.train_and_evaludate_model2.outputs.evaluation_report}}"
                }
              },
              "outputs": {
                "best_model": {
                  "value": "${{parent.outputs.best_model}}",
                  "type": "literal"
                },
                "best_result": {
                  "value": "${{parent.outputs.best_result}}",
                  "type": "literal"
                }
              },
              "_source": "YAML.COMPONENT",
              "componentId": "/subscriptions/00000000-0000-0000-0000-000000000/resourceGroups/00000/providers/Microsoft.MachineLearningServices/workspaces/00000/components/azureml_anonymous/versions/f9bcc2d6-c562-47fa-af00-4cb5bda92339"
            }
          },
          "outputs": {
            "best_model": {
              "jobOutputType": "uri_folder"
            },
            "best_result": {
              "jobOutputType": "uri_folder"
            }
          },
          "settings": {
            "default_compute": "/subscriptions/00000000-0000-0000-0000-000000000/resourceGroups/00000/providers/Microsoft.MachineLearningServices/workspaces/00000/computes/cpu-cluster",
            "_source": "DSL"
          }
        }
      },
      "StatusCode": 201,
      "ResponseHeaders": {
        "Cache-Control": "no-cache",
        "Content-Length": "6772",
        "Content-Type": "application/json; charset=utf-8",
        "Date": "Mon, 30 Oct 2023 09:16:45 GMT",
        "Expires": "-1",
        "Location": "https://management.azure.com/subscriptions/00000000-0000-0000-0000-000000000/resourceGroups/00000/providers/Microsoft.MachineLearningServices/workspaces/00000/jobs/000000000000000000000?api-version=2023-08-01-preview",
        "Pragma": "no-cache",
        "Request-Context": "appId=cid-v1:2d2e8e63-272e-4b3c-8598-4ee570a0e70d",
        "Strict-Transport-Security": "max-age=31536000; includeSubDomains",
        "x-aml-cluster": "vienna-eastus2-01",
        "X-Content-Type-Options": "nosniff",
        "x-ms-correlation-request-id": "9b533c5c-09dc-4e9c-a2b1-23958798704d",
        "x-ms-ratelimit-remaining-subscription-writes": "1177",
        "x-ms-response-type": "standard",
        "x-ms-routing-request-id": "JAPANEAST:20231030T091645Z:9b533c5c-09dc-4e9c-a2b1-23958798704d",
        "x-request-time": "2.123"
      },
      "ResponseBody": {
        "id": "/subscriptions/00000000-0000-0000-0000-000000000/resourceGroups/00000/providers/Microsoft.MachineLearningServices/workspaces/00000/jobs/000000000000000000000",
        "name": "000000000000000000000",
        "type": "Microsoft.MachineLearningServices/workspaces/jobs",
        "properties": {
          "description": null,
          "tags": {},
          "properties": {
            "azureml.DevPlatv2": "true",
            "azureml.DatasetAccessMode": "Asset",
            "azureml.runsource": "azureml.PipelineRun",
            "runSource": "MFE",
            "runType": "HTTP",
            "azureml.parameters": "{\u0022training_learning_rate1\u0022:\u00220.1\u0022,\u0022training_learning_rate2\u0022:\u00220.01\u0022}",
            "azureml.continue_on_step_failure": "True",
            "azureml.continue_on_failed_optional_input": "True",
            "azureml.enforceRerun": "False",
            "azureml.defaultComputeName": "cpu-cluster",
            "azureml.defaultDataStoreName": "workspaceblobstore",
            "azureml.pipelineComponent": "pipelinerun"
          },
          "displayName": "pipeline_with_pipeline_component",
          "status": "Preparing",
          "experimentName": "azure-ai-ml",
          "services": {
            "Tracking": {
              "jobServiceType": "Tracking",
              "port": null,
              "endpoint": "azureml://eastus2.api.azureml.ms/mlflow/v1.0/subscriptions/00000000-0000-0000-0000-000000000/resourceGroups/00000/providers/Microsoft.MachineLearningServices/workspaces/00000?",
              "status": null,
              "errorMessage": null,
              "properties": null,
              "nodes": null
            },
            "Studio": {
              "jobServiceType": "Studio",
              "port": null,
              "endpoint": "https://ml.azure.com/runs/000000000000000000000?wsid=/subscriptions/00000000-0000-0000-0000-000000000/resourcegroups/00000/workspaces/00000",
              "status": null,
              "errorMessage": null,
              "properties": null,
              "nodes": null
            }
          },
          "computeId": null,
          "isArchived": false,
          "identity": null,
          "componentId": null,
          "notificationSetting": null,
          "secretsConfiguration": null,
          "jobType": "Pipeline",
          "settings": {
            "default_compute": "/subscriptions/00000000-0000-0000-0000-000000000/resourceGroups/00000/providers/Microsoft.MachineLearningServices/workspaces/00000/computes/cpu-cluster",
            "_source": "DSL"
          },
          "jobs": {
            "train_and_evaludate_model1": {
              "name": "train_and_evaludate_model1",
              "type": "pipeline",
              "inputs": {
                "training_input": {
                  "job_input_type": "literal",
                  "value": "${{parent.inputs.training_input}}"
                },
                "test_input": {
                  "job_input_type": "literal",
                  "value": "${{parent.inputs.test_input}}"
                },
                "training_learning_rate": {
                  "job_input_type": "literal",
                  "value": "${{parent.inputs.training_learning_rate1}}"
                }
              },
              "_source": "DSL",
              "componentId": "/subscriptions/00000000-0000-0000-0000-000000000/resourceGroups/00000/providers/Microsoft.MachineLearningServices/workspaces/00000/components/azureml_anonymous/versions/6fffad5c-5d18-4b0d-ba11-ec75a7c73d14"
            },
            "train_and_evaludate_model2": {
              "name": "train_and_evaludate_model2",
              "type": "pipeline",
              "inputs": {
                "training_input": {
                  "job_input_type": "literal",
                  "value": "${{parent.inputs.training_input}}"
                },
                "test_input": {
                  "job_input_type": "literal",
                  "value": "${{parent.inputs.test_input}}"
                },
                "training_learning_rate": {
                  "job_input_type": "literal",
                  "value": "${{parent.inputs.training_learning_rate2}}"
                }
              },
              "_source": "DSL",
              "componentId": "/subscriptions/00000000-0000-0000-0000-000000000/resourceGroups/00000/providers/Microsoft.MachineLearningServices/workspaces/00000/components/azureml_anonymous/versions/6fffad5c-5d18-4b0d-ba11-ec75a7c73d14"
            },
            "compare2_models": {
              "name": "compare2_models",
              "type": "command",
              "inputs": {
                "model1": {
                  "job_input_type": "literal",
                  "value": "${{parent.jobs.train_and_evaludate_model1.outputs.trained_model}}"
                },
                "eval_result1": {
                  "job_input_type": "literal",
                  "value": "${{parent.jobs.train_and_evaludate_model1.outputs.evaluation_report}}"
                },
                "model2": {
                  "job_input_type": "literal",
                  "value": "${{parent.jobs.train_and_evaludate_model2.outputs.trained_model}}"
                },
                "eval_result2": {
                  "job_input_type": "literal",
                  "value": "${{parent.jobs.train_and_evaludate_model2.outputs.evaluation_report}}"
                }
              },
              "outputs": {
                "best_model": {
                  "value": "${{parent.outputs.best_model}}",
                  "type": "literal"
                },
                "best_result": {
                  "value": "${{parent.outputs.best_result}}",
                  "type": "literal"
                }
              },
              "_source": "YAML.COMPONENT",
              "componentId": "/subscriptions/00000000-0000-0000-0000-000000000/resourceGroups/00000/providers/Microsoft.MachineLearningServices/workspaces/00000/components/azureml_anonymous/versions/f9bcc2d6-c562-47fa-af00-4cb5bda92339"
            }
          },
          "inputs": {
            "training_input": {
              "description": null,
              "uri": "azureml://datastores/workspaceblobstore/paths/LocalUpload/00000000000000000000000000000000/data/",
              "mode": "ReadOnlyMount",
              "jobInputType": "uri_folder"
            },
            "test_input": {
              "description": null,
              "uri": "azureml://datastores/workspaceblobstore/paths/LocalUpload/00000000000000000000000000000000/data/",
              "mode": "ReadOnlyMount",
              "jobInputType": "uri_folder"
            },
            "training_learning_rate1": {
              "description": null,
              "jobInputType": "literal",
              "value": "0.1"
            },
            "training_learning_rate2": {
              "description": null,
              "jobInputType": "literal",
              "value": "0.01"
            }
          },
          "outputs": {
            "best_model": {
              "description": null,
              "uri": null,
              "assetName": null,
              "assetVersion": null,
              "mode": "ReadWriteMount",
              "autoDeleteSetting": null,
              "jobOutputType": "uri_folder"
            },
            "best_result": {
              "description": null,
              "uri": null,
              "assetName": null,
              "assetVersion": null,
              "mode": "ReadWriteMount",
              "autoDeleteSetting": null,
              "jobOutputType": "uri_folder"
            }
          },
          "sourceJobId": null
        },
        "systemData": {
          "createdAt": "2023-10-30T09:16:45.2971227\u002B00:00",
          "createdBy": "Chenyang Zhang",
          "createdByType": "User"
        }
      }
    },
    {
      "RequestUri": "https://management.azure.com/subscriptions/00000000-0000-0000-0000-000000000/resourceGroups/00000/providers/Microsoft.MachineLearningServices/workspaces/00000/jobs/000000000000000000000/cancel?api-version=2023-04-01-preview",
      "RequestMethod": "POST",
      "RequestHeaders": {
        "Accept": "application/json",
        "Accept-Encoding": "gzip, deflate",
        "Connection": "keep-alive",
        "Content-Length": "0",
        "User-Agent": "azure-ai-ml/1.12.0 azsdk-python-mgmt-machinelearningservices/0.1.0 Python/3.8.12 (Windows-10-10.0.22621-SP0)"
      },
      "RequestBody": null,
      "StatusCode": 202,
      "ResponseHeaders": {
        "Cache-Control": "no-cache",
        "Content-Length": "4",
        "Content-Type": "application/json; charset=utf-8",
        "Date": "Mon, 30 Oct 2023 09:16:48 GMT",
        "Expires": "-1",
        "Location": "https://management.azure.com/subscriptions/00000000-0000-0000-0000-000000000/providers/Microsoft.MachineLearningServices/locations/eastus2/mfeOperationResults/jc:0bdd51b6-cd9c-4978-b870-99997b393b81:000000000000000000000?api-version=2023-04-01-preview",
        "Pragma": "no-cache",
        "Request-Context": "appId=cid-v1:2d2e8e63-272e-4b3c-8598-4ee570a0e70d",
        "Strict-Transport-Security": "max-age=31536000; includeSubDomains",
        "x-aml-cluster": "vienna-eastus2-01",
        "X-Content-Type-Options": "nosniff",
        "x-ms-async-operation-timeout": "PT1H",
        "x-ms-correlation-request-id": "670436fc-c785-42aa-866f-f7e97ae95af8",
        "x-ms-ratelimit-remaining-subscription-writes": "1194",
        "x-ms-response-type": "standard",
        "x-ms-routing-request-id": "JAPANEAST:20231030T091648Z:670436fc-c785-42aa-866f-f7e97ae95af8",
        "x-request-time": "0.852"
      },
      "ResponseBody": "null"
    },
    {
      "RequestUri": "https://management.azure.com/subscriptions/00000000-0000-0000-0000-000000000/providers/Microsoft.MachineLearningServices/locations/eastus2/mfeOperationResults/jc:0bdd51b6-cd9c-4978-b870-99997b393b81:000000000000000000000?api-version=2023-04-01-preview",
      "RequestMethod": "GET",
      "RequestHeaders": {
        "Accept": "*/*",
        "Accept-Encoding": "gzip, deflate",
        "Connection": "keep-alive",
        "User-Agent": "azure-ai-ml/1.12.0 azsdk-python-mgmt-machinelearningservices/0.1.0 Python/3.8.12 (Windows-10-10.0.22621-SP0)"
      },
      "RequestBody": null,
      "StatusCode": 202,
      "ResponseHeaders": {
        "Cache-Control": "no-cache",
        "Content-Length": "2",
        "Content-Type": "application/json; charset=utf-8",
        "Date": "Mon, 30 Oct 2023 09:16:49 GMT",
        "Expires": "-1",
        "Location": "https://management.azure.com/subscriptions/00000000-0000-0000-0000-000000000/providers/Microsoft.MachineLearningServices/locations/eastus2/mfeOperationResults/jc:0bdd51b6-cd9c-4978-b870-99997b393b81:000000000000000000000?api-version=2023-04-01-preview",
        "Pragma": "no-cache",
        "Request-Context": "appId=cid-v1:2d2e8e63-272e-4b3c-8598-4ee570a0e70d",
        "Strict-Transport-Security": "max-age=31536000; includeSubDomains",
        "x-aml-cluster": "vienna-eastus2-01",
        "X-Content-Type-Options": "nosniff",
        "x-ms-correlation-request-id": "eb0e9f7e-95ac-4d4b-a60e-16ed1a6b0df0",
        "x-ms-ratelimit-remaining-subscription-reads": "11972",
        "x-ms-response-type": "standard",
        "x-ms-routing-request-id": "JAPANEAST:20231030T091649Z:eb0e9f7e-95ac-4d4b-a60e-16ed1a6b0df0",
        "x-request-time": "0.065"
      },
      "ResponseBody": {}
    },
    {
      "RequestUri": "https://management.azure.com/subscriptions/00000000-0000-0000-0000-000000000/providers/Microsoft.MachineLearningServices/locations/eastus2/mfeOperationResults/jc:0bdd51b6-cd9c-4978-b870-99997b393b81:000000000000000000000?api-version=2023-04-01-preview",
      "RequestMethod": "GET",
      "RequestHeaders": {
        "Accept": "*/*",
        "Accept-Encoding": "gzip, deflate",
        "Connection": "keep-alive",
        "User-Agent": "azure-ai-ml/1.12.0 azsdk-python-mgmt-machinelearningservices/0.1.0 Python/3.8.12 (Windows-10-10.0.22621-SP0)"
      },
      "RequestBody": null,
      "StatusCode": 202,
      "ResponseHeaders": {
        "Cache-Control": "no-cache",
        "Content-Length": "2",
        "Content-Type": "application/json; charset=utf-8",
        "Date": "Mon, 30 Oct 2023 09:17:19 GMT",
        "Expires": "-1",
        "Location": "https://management.azure.com/subscriptions/00000000-0000-0000-0000-000000000/providers/Microsoft.MachineLearningServices/locations/eastus2/mfeOperationResults/jc:0bdd51b6-cd9c-4978-b870-99997b393b81:000000000000000000000?api-version=2023-04-01-preview",
        "Pragma": "no-cache",
        "Request-Context": "appId=cid-v1:2d2e8e63-272e-4b3c-8598-4ee570a0e70d",
        "Strict-Transport-Security": "max-age=31536000; includeSubDomains",
        "x-aml-cluster": "vienna-eastus2-01",
        "X-Content-Type-Options": "nosniff",
        "x-ms-correlation-request-id": "7942f0bd-2d87-4920-8974-2168256a2627",
        "x-ms-ratelimit-remaining-subscription-reads": "11971",
        "x-ms-response-type": "standard",
        "x-ms-routing-request-id": "JAPANEAST:20231030T091719Z:7942f0bd-2d87-4920-8974-2168256a2627",
        "x-request-time": "0.051"
      },
      "ResponseBody": {}
    },
    {
      "RequestUri": "https://management.azure.com/subscriptions/00000000-0000-0000-0000-000000000/providers/Microsoft.MachineLearningServices/locations/eastus2/mfeOperationResults/jc:0bdd51b6-cd9c-4978-b870-99997b393b81:000000000000000000000?api-version=2023-04-01-preview",
      "RequestMethod": "GET",
      "RequestHeaders": {
        "Accept": "*/*",
        "Accept-Encoding": "gzip, deflate",
        "Connection": "keep-alive",
        "User-Agent": "azure-ai-ml/1.12.0 azsdk-python-mgmt-machinelearningservices/0.1.0 Python/3.8.12 (Windows-10-10.0.22621-SP0)"
      },
      "RequestBody": null,
      "StatusCode": 202,
      "ResponseHeaders": {
        "Cache-Control": "no-cache",
        "Content-Length": "2",
        "Content-Type": "application/json; charset=utf-8",
        "Date": "Mon, 30 Oct 2023 09:17:50 GMT",
        "Expires": "-1",
        "Location": "https://management.azure.com/subscriptions/00000000-0000-0000-0000-000000000/providers/Microsoft.MachineLearningServices/locations/eastus2/mfeOperationResults/jc:0bdd51b6-cd9c-4978-b870-99997b393b81:000000000000000000000?api-version=2023-04-01-preview",
        "Pragma": "no-cache",
        "Request-Context": "appId=cid-v1:2d2e8e63-272e-4b3c-8598-4ee570a0e70d",
        "Strict-Transport-Security": "max-age=31536000; includeSubDomains",
        "x-aml-cluster": "vienna-eastus2-01",
        "X-Content-Type-Options": "nosniff",
        "x-ms-correlation-request-id": "0b007a26-944b-4106-8c86-8f702876d3b1",
        "x-ms-ratelimit-remaining-subscription-reads": "11970",
        "x-ms-response-type": "standard",
        "x-ms-routing-request-id": "JAPANEAST:20231030T091750Z:0b007a26-944b-4106-8c86-8f702876d3b1",
        "x-request-time": "0.028"
      },
      "ResponseBody": {}
    },
    {
      "RequestUri": "https://management.azure.com/subscriptions/00000000-0000-0000-0000-000000000/providers/Microsoft.MachineLearningServices/locations/eastus2/mfeOperationResults/jc:0bdd51b6-cd9c-4978-b870-99997b393b81:000000000000000000000?api-version=2023-04-01-preview",
      "RequestMethod": "GET",
      "RequestHeaders": {
        "Accept": "*/*",
        "Accept-Encoding": "gzip, deflate",
        "Connection": "keep-alive",
        "User-Agent": "azure-ai-ml/1.12.0 azsdk-python-mgmt-machinelearningservices/0.1.0 Python/3.8.12 (Windows-10-10.0.22621-SP0)"
      },
      "RequestBody": null,
      "StatusCode": 202,
      "ResponseHeaders": {
        "Cache-Control": "no-cache",
        "Content-Length": "2",
        "Content-Type": "application/json; charset=utf-8",
        "Date": "Mon, 30 Oct 2023 09:18:20 GMT",
        "Expires": "-1",
        "Location": "https://management.azure.com/subscriptions/00000000-0000-0000-0000-000000000/providers/Microsoft.MachineLearningServices/locations/eastus2/mfeOperationResults/jc:0bdd51b6-cd9c-4978-b870-99997b393b81:000000000000000000000?api-version=2023-04-01-preview",
        "Pragma": "no-cache",
        "Request-Context": "appId=cid-v1:2d2e8e63-272e-4b3c-8598-4ee570a0e70d",
        "Strict-Transport-Security": "max-age=31536000; includeSubDomains",
        "x-aml-cluster": "vienna-eastus2-01",
        "X-Content-Type-Options": "nosniff",
        "x-ms-correlation-request-id": "c76b67a2-11cc-419c-9ca4-9ecba9c30e34",
        "x-ms-ratelimit-remaining-subscription-reads": "11969",
        "x-ms-response-type": "standard",
        "x-ms-routing-request-id": "JAPANEAST:20231030T091820Z:c76b67a2-11cc-419c-9ca4-9ecba9c30e34",
        "x-request-time": "0.035"
      },
      "ResponseBody": {}
    },
    {
      "RequestUri": "https://management.azure.com/subscriptions/00000000-0000-0000-0000-000000000/providers/Microsoft.MachineLearningServices/locations/eastus2/mfeOperationResults/jc:0bdd51b6-cd9c-4978-b870-99997b393b81:000000000000000000000?api-version=2023-04-01-preview",
      "RequestMethod": "GET",
      "RequestHeaders": {
        "Accept": "*/*",
        "Accept-Encoding": "gzip, deflate",
        "Connection": "keep-alive",
        "User-Agent": "azure-ai-ml/1.12.0 azsdk-python-mgmt-machinelearningservices/0.1.0 Python/3.8.12 (Windows-10-10.0.22621-SP0)"
      },
      "RequestBody": null,
      "StatusCode": 202,
      "ResponseHeaders": {
        "Cache-Control": "no-cache",
        "Content-Length": "2",
        "Content-Type": "application/json; charset=utf-8",
        "Date": "Mon, 30 Oct 2023 09:18:50 GMT",
        "Expires": "-1",
        "Location": "https://management.azure.com/subscriptions/00000000-0000-0000-0000-000000000/providers/Microsoft.MachineLearningServices/locations/eastus2/mfeOperationResults/jc:0bdd51b6-cd9c-4978-b870-99997b393b81:000000000000000000000?api-version=2023-04-01-preview",
        "Pragma": "no-cache",
        "Request-Context": "appId=cid-v1:2d2e8e63-272e-4b3c-8598-4ee570a0e70d",
        "Strict-Transport-Security": "max-age=31536000; includeSubDomains",
        "x-aml-cluster": "vienna-eastus2-01",
        "X-Content-Type-Options": "nosniff",
        "x-ms-correlation-request-id": "ef309761-e869-44e0-876b-af88da9a1cf1",
        "x-ms-ratelimit-remaining-subscription-reads": "11968",
        "x-ms-response-type": "standard",
        "x-ms-routing-request-id": "JAPANEAST:20231030T091850Z:ef309761-e869-44e0-876b-af88da9a1cf1",
        "x-request-time": "0.054"
      },
      "ResponseBody": {}
    },
    {
      "RequestUri": "https://management.azure.com/subscriptions/00000000-0000-0000-0000-000000000/providers/Microsoft.MachineLearningServices/locations/eastus2/mfeOperationResults/jc:0bdd51b6-cd9c-4978-b870-99997b393b81:000000000000000000000?api-version=2023-04-01-preview",
      "RequestMethod": "GET",
      "RequestHeaders": {
        "Accept": "*/*",
        "Accept-Encoding": "gzip, deflate",
        "Connection": "keep-alive",
        "User-Agent": "azure-ai-ml/1.12.0 azsdk-python-mgmt-machinelearningservices/0.1.0 Python/3.8.12 (Windows-10-10.0.22621-SP0)"
      },
      "RequestBody": null,
      "StatusCode": 200,
      "ResponseHeaders": {
        "Cache-Control": "no-cache",
        "Content-Length": "0",
        "Date": "Mon, 30 Oct 2023 09:19:20 GMT",
        "Expires": "-1",
        "Pragma": "no-cache",
        "Request-Context": "appId=cid-v1:2d2e8e63-272e-4b3c-8598-4ee570a0e70d",
        "Strict-Transport-Security": "max-age=31536000; includeSubDomains",
        "x-aml-cluster": "vienna-eastus2-01",
        "X-Content-Type-Options": "nosniff",
        "x-ms-correlation-request-id": "9c79117c-61ad-4e1d-ac66-09ad9583cfbc",
        "x-ms-ratelimit-remaining-subscription-reads": "11967",
        "x-ms-response-type": "standard",
        "x-ms-routing-request-id": "JAPANEAST:20231030T091920Z:9c79117c-61ad-4e1d-ac66-09ad9583cfbc",
        "x-request-time": "0.029"
      },
      "ResponseBody": null
    }
  ],
  "Variables": {}
}
