{
  "Entries": [
    {
      "RequestUri": "https://myappconfig.azconfig.io/kv/name-3497?api-version=2023-10-01\u0026label=label-s",
      "RequestMethod": "PUT",
      "RequestHeaders": {
        "Accept": "application/vnd.microsoft.appconfig.kv\u002Bjson, application/problem\u002Bjson",
        "Accept-Encoding": "gzip,deflate",
        "Authorization": "Sanitized",
        "Connection": "keep-alive",
        "Content-Length": "198",
        "Content-Type": "application/vnd.microsoft.appconfig.kv\u002Bjson",
        "If-None-Match": "*",
        "User-Agent": "azsdk-js-app-configuration/1.5.0-beta.3 core-rest-pipeline/1.12.3 Node/v18.18.2 OS/(x64-Linux-6.2.0-1015-azure)",
        "x-ms-client-request-id": "a82c11e5-ed90-4b95-9530-20fc643edcaa",
        "x-ms-content-sha256": "ypueTWT5TVaBLUCYa0T43RttHrmbMnLBiyFrEeClBo8=",
        "x-ms-date": "Thu, 02 Nov 2023 20:54:14 GMT"
      },
      "RequestBody": {
        "key": "name-3497",
        "label": "label-s",
        "content_type": "application/vnd.microsoft.appconfig.keyvaultref\u002Bjson;charset=utf-8",
        "value": "{\u0022uri\u0022:\u0022https://vault_name.vault.azure.net/secrets/name-2218\u0022}"
      },
      "StatusCode": 200,
      "ResponseHeaders": {
        "Access-Control-Allow-Origin": "*",
        "Connection": "keep-alive",
        "Content-Type": "application/vnd.microsoft.appconfig.kv\u002Bjson; charset=utf-8",
        "Date": "Thu, 02 Nov 2023 20:54:14 GMT",
        "ETag": "\u0022nUVQoUYLi863ACnbud_edvNgooLPWVJIdCAKwR15Swk\u0022",
        "Last-Modified": "Thu, 02 Nov 2023 20:54:14 GMT",
        "Strict-Transport-Security": "max-age=15724800; includeSubDomains",
        "Sync-Token": "zAJw6V16=NjoxNSM1MzMxMzQz;sn=5331343",
        "Transfer-Encoding": "chunked",
        "x-ms-correlation-request-id": "965602b0-d82b-4919-803a-092e53aadd60",
        "x-ms-request-id": "965602b0-d82b-4919-803a-092e53aadd60"
      },
      "ResponseBody": {
        "etag": "nUVQoUYLi863ACnbud_edvNgooLPWVJIdCAKwR15Swk",
        "key": "name-3497",
        "label": "label-s",
        "content_type": "application/vnd.microsoft.appconfig.keyvaultref\u002Bjson;charset=utf-8",
        "value": "{\u0022uri\u0022:\u0022https://vault_name.vault.azure.net/secrets/name-2218\u0022}",
        "tags": {},
        "locked": false,
        "last_modified": "2023-11-02T20:54:14\u002B00:00"
      }
    },
    {
      "RequestUri": "https://myappconfig.azconfig.io/kv/name-3497?api-version=2023-10-01\u0026label=label-s",
      "RequestMethod": "GET",
      "RequestHeaders": {
        "Accept": "application/vnd.microsoft.appconfig.kv\u002Bjson, application/problem\u002Bjson",
        "Accept-Encoding": "gzip,deflate",
        "Authorization": "Sanitized",
        "Connection": "keep-alive",
        "sync-token": "zAJw6V16=NjoxNSM1MzMxMzQz",
        "User-Agent": "azsdk-js-app-configuration/1.5.0-beta.3 core-rest-pipeline/1.12.3 Node/v18.18.2 OS/(x64-Linux-6.2.0-1015-azure)",
        "x-ms-client-request-id": "2151dd39-6529-4380-91b4-4dd526dcf991",
        "x-ms-content-sha256": "47DEQpj8HBSa\u002B/TImW\u002B5JCeuQeRkm5NMpJWZG3hSuFU=",
        "x-ms-date": "Thu, 02 Nov 2023 20:54:14 GMT"
      },
      "RequestBody": null,
      "StatusCode": 200,
      "ResponseHeaders": {
        "Access-Control-Allow-Origin": "*",
        "Connection": "keep-alive",
        "Content-Type": "application/vnd.microsoft.appconfig.kv\u002Bjson; charset=utf-8",
        "Date": "Thu, 02 Nov 2023 20:54:14 GMT",
        "ETag": "\u0022nUVQoUYLi863ACnbud_edvNgooLPWVJIdCAKwR15Swk\u0022",
        "Last-Modified": "Thu, 02 Nov 2023 20:54:14 GMT",
        "Strict-Transport-Security": "max-age=15724800; includeSubDomains",
        "Sync-Token": "zAJw6V16=NjoxNSM1MzMxMzQz;sn=5331343",
        "Transfer-Encoding": "chunked",
        "x-ms-correlation-request-id": "00414b1e-c148-402b-993c-109ac2af46ae",
        "x-ms-request-id": "00414b1e-c148-402b-993c-109ac2af46ae"
      },
      "ResponseBody": {
        "etag": "nUVQoUYLi863ACnbud_edvNgooLPWVJIdCAKwR15Swk",
        "key": "name-3497",
        "label": "label-s",
        "content_type": "application/vnd.microsoft.appconfig.keyvaultref\u002Bjson;charset=utf-8",
        "value": "{\u0022uri\u0022:\u0022https://vault_name.vault.azure.net/secrets/name-2218\u0022}",
        "tags": {},
        "locked": false,
        "last_modified": "2023-11-02T20:54:14\u002B00:00"
      }
    },
    {
      "RequestUri": "https://myappconfig.azconfig.io/locks/name-3497?api-version=2023-10-01\u0026label=label-s",
      "RequestMethod": "DELETE",
      "RequestHeaders": {
        "Accept": "application/vnd.microsoft.appconfig.kv\u002Bjson, application/problem\u002Bjson",
        "Accept-Encoding": "gzip,deflate",
        "Authorization": "Sanitized",
        "Connection": "keep-alive",
        "sync-token": "zAJw6V16=NjoxNSM1MzMxMzQz",
        "User-Agent": "azsdk-js-app-configuration/1.5.0-beta.3 core-rest-pipeline/1.12.3 Node/v18.18.2 OS/(x64-Linux-6.2.0-1015-azure)",
        "x-ms-client-request-id": "40173686-9bd5-4429-9c9f-9368fea2ae68",
        "x-ms-content-sha256": "47DEQpj8HBSa\u002B/TImW\u002B5JCeuQeRkm5NMpJWZG3hSuFU=",
        "x-ms-date": "Thu, 02 Nov 2023 20:54:15 GMT"
      },
      "RequestBody": null,
      "StatusCode": 200,
      "ResponseHeaders": {
        "Access-Control-Allow-Origin": "*",
        "Connection": "keep-alive",
        "Content-Type": "application/vnd.microsoft.appconfig.kv\u002Bjson; charset=utf-8",
        "Date": "Thu, 02 Nov 2023 20:54:15 GMT",
        "ETag": "\u0022nUVQoUYLi863ACnbud_edvNgooLPWVJIdCAKwR15Swk\u0022",
        "Last-Modified": "Thu, 02 Nov 2023 20:54:14 GMT",
        "Strict-Transport-Security": "max-age=15724800; includeSubDomains",
        "Sync-Token": "zAJw6V16=NjoxNSM1MzMxMzQz;sn=5331343",
        "Transfer-Encoding": "chunked",
        "x-ms-correlation-request-id": "0df9236e-0405-4390-a38c-7683d5156e0c",
        "x-ms-request-id": "0df9236e-0405-4390-a38c-7683d5156e0c"
      },
      "ResponseBody": {
        "etag": "nUVQoUYLi863ACnbud_edvNgooLPWVJIdCAKwR15Swk",
        "key": "name-3497",
        "label": "label-s",
        "content_type": "application/vnd.microsoft.appconfig.keyvaultref\u002Bjson;charset=utf-8",
        "value": "{\u0022uri\u0022:\u0022https://vault_name.vault.azure.net/secrets/name-2218\u0022}",
        "tags": {},
        "locked": false,
        "last_modified": "2023-11-02T20:54:14\u002B00:00"
      }
    },
    {
      "RequestUri": "https://myappconfig.azconfig.io/kv/name-3497?api-version=2023-10-01\u0026label=label-s",
      "RequestMethod": "DELETE",
      "RequestHeaders": {
        "Accept": "application/vnd.microsoft.appconfig.kv\u002Bjson, application/problem\u002Bjson",
        "Accept-Encoding": "gzip,deflate",
        "Authorization": "Sanitized",
        "Connection": "keep-alive",
        "sync-token": "zAJw6V16=NjoxNSM1MzMxMzQz",
        "User-Agent": "azsdk-js-app-configuration/1.5.0-beta.3 core-rest-pipeline/1.12.3 Node/v18.18.2 OS/(x64-Linux-6.2.0-1015-azure)",
        "x-ms-client-request-id": "f47683e7-5353-45e6-a605-cd8470c54344",
        "x-ms-content-sha256": "47DEQpj8HBSa\u002B/TImW\u002B5JCeuQeRkm5NMpJWZG3hSuFU=",
        "x-ms-date": "Thu, 02 Nov 2023 20:54:15 GMT"
      },
      "RequestBody": null,
      "StatusCode": 200,
      "ResponseHeaders": {
        "Access-Control-Allow-Origin": "*",
        "Connection": "keep-alive",
        "Content-Type": "application/vnd.microsoft.appconfig.kv\u002Bjson; charset=utf-8",
        "Date": "Thu, 02 Nov 2023 20:54:15 GMT",
        "ETag": "\u0022nUVQoUYLi863ACnbud_edvNgooLPWVJIdCAKwR15Swk\u0022",
        "Last-Modified": "Thu, 02 Nov 2023 20:54:14 GMT",
        "Strict-Transport-Security": "max-age=15724800; includeSubDomains",
        "Sync-Token": "zAJw6V16=NjoxNSM1MzMxMzQ0;sn=5331344",
        "Transfer-Encoding": "chunked",
        "x-ms-correlation-request-id": "e47e99a4-9bef-4a06-8f40-c88737b876c0",
        "x-ms-request-id": "e47e99a4-9bef-4a06-8f40-c88737b876c0"
      },
      "ResponseBody": {
        "etag": "nUVQoUYLi863ACnbud_edvNgooLPWVJIdCAKwR15Swk",
        "key": "name-3497",
        "label": "label-s",
        "content_type": "application/vnd.microsoft.appconfig.keyvaultref\u002Bjson;charset=utf-8",
        "value": "{\u0022uri\u0022:\u0022https://vault_name.vault.azure.net/secrets/name-2218\u0022}",
        "tags": {},
        "locked": false,
        "last_modified": "2023-11-02T20:54:14\u002B00:00"
      }
    }
  ],
  "Variables": {
    "name-2": "name-2218",
    "name-3": "name-3497"
  }
}
