{
  "Entries": [
    {
      "RequestUri": "https://keyvault_name.vault.azure.net/keys/listKeyName-cangetseveralinsertedkeys--0/create?api-version=7.4",
      "RequestMethod": "POST",
      "RequestHeaders": {
        "Accept": "application/json",
        "Accept-Encoding": "gzip,deflate",
        "Connection": "keep-alive",
        "Content-Length": "0",
        "Content-Type": "application/json",
        "User-Agent": "azsdk-js-keyvault-keys/4.7.3 azsdk-js-keyvault-keys/4.8.0-beta.1 core-rest-pipeline/1.12.0 Node/v20.5.0 OS/(x64-Linux-5.15.90.1-microsoft-standard-WSL2)",
        "x-ms-client-request-id": "ef2a6a7f-fe59-4272-bf17-8da6f2af421f"
      },
      "RequestBody": null,
      "StatusCode": 401,
      "ResponseHeaders": {
        "Cache-Control": "no-cache",
        "Content-Length": "97",
        "Content-Type": "application/json; charset=utf-8",
        "Date": "Tue, 29 Aug 2023 23:55:19 GMT",
        "Expires": "-1",
        "Pragma": "no-cache",
        "Strict-Transport-Security": "max-age=31536000;includeSubDomains",
        "WWW-Authenticate": "Bearer authorization=\u0022https://login.microsoftonline.com/12345678-1234-1234-1234-123456789012\u0022, resource=\u0022https://vault.azure.net\u0022",
        "X-Content-Type-Options": "nosniff",
        "x-ms-client-request-id": "ef2a6a7f-fe59-4272-bf17-8da6f2af421f",
        "x-ms-keyvault-network-info": "conn_type=Ipv4;addr=131.107.8.61;act_addr_fam=InterNetwork;",
        "x-ms-keyvault-region": "northcentralus",
        "x-ms-keyvault-service-version": "1.9.950.1",
        "x-ms-request-id": "bee11765-6e97-413d-b4f9-a1f70d988f2f"
      },
      "ResponseBody": {
        "error": {
          "code": "Unauthorized",
          "message": "AKV10000: Request is missing a Bearer or PoP token."
        }
      }
    },
    {
      "RequestUri": "https://keyvault_name.vault.azure.net/keys/listKeyName-cangetseveralinsertedkeys--0/create?api-version=7.4",
      "RequestMethod": "POST",
      "RequestHeaders": {
        "Accept": "application/json",
        "Accept-Encoding": "gzip,deflate",
        "Authorization": "Sanitized",
        "Connection": "keep-alive",
        "Content-Length": "13",
        "Content-Type": "application/json",
        "User-Agent": "azsdk-js-keyvault-keys/4.7.3 azsdk-js-keyvault-keys/4.8.0-beta.1 core-rest-pipeline/1.12.0 Node/v20.5.0 OS/(x64-Linux-5.15.90.1-microsoft-standard-WSL2)",
        "x-ms-client-request-id": "ef2a6a7f-fe59-4272-bf17-8da6f2af421f"
      },
      "RequestBody": {
        "kty": "RSA"
      },
      "StatusCode": 200,
      "ResponseHeaders": {
        "Cache-Control": "no-cache",
        "Content-Length": "737",
        "Content-Type": "application/json; charset=utf-8",
        "Date": "Tue, 29 Aug 2023 23:55:19 GMT",
        "Expires": "-1",
        "Pragma": "no-cache",
        "Strict-Transport-Security": "max-age=31536000;includeSubDomains",
        "X-Content-Type-Options": "nosniff",
        "x-ms-client-request-id": "ef2a6a7f-fe59-4272-bf17-8da6f2af421f",
        "x-ms-keyvault-network-info": "conn_type=Ipv4;addr=131.107.8.61;act_addr_fam=InterNetwork;",
        "x-ms-keyvault-rbac-assignment-id": "91779ecb-9756-5960-8eff-50b8b477d31a",
        "x-ms-keyvault-rbac-cache": "ra_age=332;da_age=332;rd_age=332;brd_age=21573;ra_notif_age=2518;dec_lev=1;",
        "x-ms-keyvault-region": "northcentralus",
        "x-ms-keyvault-service-version": "1.9.950.1",
        "x-ms-request-id": "ee6ce877-afde-4d8e-a0ab-09ab505dc113"
      },
      "ResponseBody": {
        "key": {
          "kid": "https://keyvault_name.vault.azure.net/keys/listKeyName-cangetseveralinsertedkeys--0/5fdc87a0feaf4845aee0b5abe280ca2d",
          "kty": "RSA",
          "key_ops": [
            "encrypt",
            "decrypt",
            "sign",
            "verify",
            "wrapKey",
            "unwrapKey"
          ],
          "n": "uhG4Kws8S2niph9SJ8FSnHALaO3Y9nw7SAqMSuLLg5TddRc579cr0zQyZpewOaL-gA7fshdPdTIMRSii7sepOtQWJuROJtde0g3_XMm4DllI-sMt6P_ehcQDZCkcI1gl0kDHxOfxNrjc91_hdxWKRiNshtEK8ZgEyDBIDiCR4_xAXSODNsAgL92f3FJcMj6Nhp2eLMTCpGNN_CBJ4LVqquctNeLIWDfOISQe9XnDPuJBosXHA-fOkhssGvP2fuwE5op_6gqchaNRyswDSBU_eQ6QAulvERBp31bDtdKWNE1h7ppokHi-HJpdRPRjg9AmZbzDoJMnBUjTrPXYf7qXIQ",
          "e": "AQAB"
        },
        "attributes": {
          "enabled": true,
          "created": 1693353319,
          "updated": 1693353319,
          "recoveryLevel": "CustomizedRecoverable\u002BPurgeable",
          "recoverableDays": 7,
          "exportable": false
        }
      }
    },
    {
      "RequestUri": "https://keyvault_name.vault.azure.net/keys/listKeyName-cangetseveralinsertedkeys--1/create?api-version=7.4",
      "RequestMethod": "POST",
      "RequestHeaders": {
        "Accept": "application/json",
        "Accept-Encoding": "gzip,deflate",
        "Authorization": "Sanitized",
        "Connection": "keep-alive",
        "Content-Length": "13",
        "Content-Type": "application/json",
        "User-Agent": "azsdk-js-keyvault-keys/4.7.3 azsdk-js-keyvault-keys/4.8.0-beta.1 core-rest-pipeline/1.12.0 Node/v20.5.0 OS/(x64-Linux-5.15.90.1-microsoft-standard-WSL2)",
        "x-ms-client-request-id": "1ec0a648-0fbf-4777-b33c-46b0c911da5b"
      },
      "RequestBody": {
        "kty": "RSA"
      },
      "StatusCode": 200,
      "ResponseHeaders": {
        "Cache-Control": "no-cache",
        "Content-Length": "737",
        "Content-Type": "application/json; charset=utf-8",
        "Date": "Tue, 29 Aug 2023 23:55:19 GMT",
        "Expires": "-1",
        "Pragma": "no-cache",
        "Strict-Transport-Security": "max-age=31536000;includeSubDomains",
        "X-Content-Type-Options": "nosniff",
        "x-ms-client-request-id": "1ec0a648-0fbf-4777-b33c-46b0c911da5b",
        "x-ms-keyvault-network-info": "conn_type=Ipv4;addr=131.107.8.61;act_addr_fam=InterNetwork;",
        "x-ms-keyvault-rbac-assignment-id": "91779ecb-9756-5960-8eff-50b8b477d31a",
        "x-ms-keyvault-rbac-cache": "ra_age=332;da_age=332;rd_age=332;brd_age=21574;ra_notif_age=2518;dec_lev=1;",
        "x-ms-keyvault-region": "northcentralus",
        "x-ms-keyvault-service-version": "1.9.950.1",
        "x-ms-request-id": "d1764460-6691-40c5-9566-583c99baa375"
      },
      "ResponseBody": {
        "key": {
          "kid": "https://keyvault_name.vault.azure.net/keys/listKeyName-cangetseveralinsertedkeys--1/a82bc60b24af403db97c9a6d7a788769",
          "kty": "RSA",
          "key_ops": [
            "encrypt",
            "decrypt",
            "sign",
            "verify",
            "wrapKey",
            "unwrapKey"
          ],
          "n": "qmEtAGTOJJX8kNO9qd2v3adxd-UcQG06zZ42xkJcMxEmcCo8F1Yexa3Dspec0xZmqwp390-5typR0irZHLIv2DoRF9vMDGf2v0PE_4QVkgFP9-zD9U76IfuTeZiXBrQBolIN9rPZLX661bnVBw1O9jtOGRubgr7iYfvyzSMIPGpaY925kCs-mn-8ZkTSIsTGKw7N_FXEVLZpPS_sBiZQpigLWRKVnsOZ5bp7TyF6QICtr4BM0jG2YnuaaehArsjIdt8peI7mtLDfv1WjVECHAbGkO6WgXQMb1fPtSY8os2pXL-OTFRhOD-qL4d56NmG862e30lClYVoMFMopFQNOQQ",
          "e": "AQAB"
        },
        "attributes": {
          "enabled": true,
          "created": 1693353320,
          "updated": 1693353320,
          "recoveryLevel": "CustomizedRecoverable\u002BPurgeable",
          "recoverableDays": 7,
          "exportable": false
        }
      }
    },
    {
      "RequestUri": "https://keyvault_name.vault.azure.net/keys?api-version=7.4",
      "RequestMethod": "GET",
      "RequestHeaders": {
        "Accept": "application/json",
        "Accept-Encoding": "gzip,deflate",
        "Authorization": "Sanitized",
        "Connection": "keep-alive",
        "User-Agent": "azsdk-js-keyvault-keys/4.7.3 azsdk-js-keyvault-keys/4.8.0-beta.1 core-rest-pipeline/1.12.0 Node/v20.5.0 OS/(x64-Linux-5.15.90.1-microsoft-standard-WSL2)",
        "x-ms-client-request-id": "427e8895-c1b8-442a-972e-22099cea74f4"
      },
      "RequestBody": null,
      "StatusCode": 200,
      "ResponseHeaders": {
        "Cache-Control": "no-cache",
        "Content-Length": "537",
        "Content-Type": "application/json; charset=utf-8",
        "Date": "Tue, 29 Aug 2023 23:55:20 GMT",
        "Expires": "-1",
        "Pragma": "no-cache",
        "Strict-Transport-Security": "max-age=31536000;includeSubDomains",
        "X-Content-Type-Options": "nosniff",
        "x-ms-client-request-id": "427e8895-c1b8-442a-972e-22099cea74f4",
        "x-ms-keyvault-network-info": "conn_type=Ipv4;addr=131.107.8.61;act_addr_fam=InterNetwork;",
        "x-ms-keyvault-rbac-assignment-id": "91779ecb-9756-5960-8eff-50b8b477d31a",
        "x-ms-keyvault-rbac-cache": "ra_age=333;da_age=332;rd_age=332;brd_age=21574;ra_notif_age=2518;dec_lev=0;",
        "x-ms-keyvault-region": "northcentralus",
        "x-ms-keyvault-service-version": "1.9.950.1",
        "x-ms-request-id": "199e44db-903f-428c-bdaa-005989f5c2b1"
      },
      "ResponseBody": {
        "value": [
          {
            "kid": "https://keyvault_name.vault.azure.net/keys/listKeyName-cangetseveralinsertedkeys--0",
            "attributes": {
              "enabled": true,
              "created": 1693353319,
              "updated": 1693353319,
              "recoveryLevel": "CustomizedRecoverable\u002BPurgeable",
              "recoverableDays": 7,
              "exportable": false
            }
          },
          {
            "kid": "https://keyvault_name.vault.azure.net/keys/listKeyName-cangetseveralinsertedkeys--1",
            "attributes": {
              "enabled": true,
              "created": 1693353320,
              "updated": 1693353320,
              "recoveryLevel": "CustomizedRecoverable\u002BPurgeable",
              "recoverableDays": 7,
              "exportable": false
            }
          }
        ],
        "nextLink": null
      }
    },
    {
      "RequestUri": "https://keyvault_name.vault.azure.net/keys/listKeyName-cangetseveralinsertedkeys--0?api-version=7.4",
      "RequestMethod": "DELETE",
      "RequestHeaders": {
        "Accept": "application/json",
        "Accept-Encoding": "gzip,deflate",
        "Authorization": "Sanitized",
        "Connection": "keep-alive",
        "User-Agent": "azsdk-js-keyvault-keys/4.7.3 azsdk-js-keyvault-keys/4.8.0-beta.1 core-rest-pipeline/1.12.0 Node/v20.5.0 OS/(x64-Linux-5.15.90.1-microsoft-standard-WSL2)",
        "x-ms-client-request-id": "7d89425d-3cf7-4be3-9ed1-d3a229f2b0c5"
      },
      "RequestBody": null,
      "StatusCode": 200,
      "ResponseHeaders": {
        "Cache-Control": "no-cache",
        "Content-Length": "900",
        "Content-Type": "application/json; charset=utf-8",
        "Date": "Tue, 29 Aug 2023 23:55:20 GMT",
        "Expires": "-1",
        "Pragma": "no-cache",
        "Strict-Transport-Security": "max-age=31536000;includeSubDomains",
        "X-Content-Type-Options": "nosniff",
        "x-ms-client-request-id": "7d89425d-3cf7-4be3-9ed1-d3a229f2b0c5",
        "x-ms-keyvault-network-info": "conn_type=Ipv4;addr=131.107.8.61;act_addr_fam=InterNetwork;",
        "x-ms-keyvault-rbac-assignment-id": "91779ecb-9756-5960-8eff-50b8b477d31a",
        "x-ms-keyvault-rbac-cache": "ra_age=333;da_age=333;rd_age=333;brd_age=21574;ra_notif_age=2518;dec_lev=1;",
        "x-ms-keyvault-region": "northcentralus",
        "x-ms-keyvault-service-version": "1.9.950.1",
        "x-ms-request-id": "53499128-f2d3-4237-8b3f-94145b7ab03f"
      },
      "ResponseBody": {
        "recoveryId": "https://keyvault_name.vault.azure.net/deletedkeys/listKeyName-cangetseveralinsertedkeys--0",
        "deletedDate": 1693353320,
        "scheduledPurgeDate": 1693958120,
        "key": {
          "kid": "https://keyvault_name.vault.azure.net/keys/listKeyName-cangetseveralinsertedkeys--0/5fdc87a0feaf4845aee0b5abe280ca2d",
          "kty": "RSA",
          "key_ops": [
            "encrypt",
            "decrypt",
            "sign",
            "verify",
            "wrapKey",
            "unwrapKey"
          ],
          "n": "uhG4Kws8S2niph9SJ8FSnHALaO3Y9nw7SAqMSuLLg5TddRc579cr0zQyZpewOaL-gA7fshdPdTIMRSii7sepOtQWJuROJtde0g3_XMm4DllI-sMt6P_ehcQDZCkcI1gl0kDHxOfxNrjc91_hdxWKRiNshtEK8ZgEyDBIDiCR4_xAXSODNsAgL92f3FJcMj6Nhp2eLMTCpGNN_CBJ4LVqquctNeLIWDfOISQe9XnDPuJBosXHA-fOkhssGvP2fuwE5op_6gqchaNRyswDSBU_eQ6QAulvERBp31bDtdKWNE1h7ppokHi-HJpdRPRjg9AmZbzDoJMnBUjTrPXYf7qXIQ",
          "e": "AQAB"
        },
        "attributes": {
          "enabled": true,
          "created": 1693353319,
          "updated": 1693353319,
          "recoveryLevel": "CustomizedRecoverable\u002BPurgeable",
          "recoverableDays": 7,
          "exportable": false
        }
      }
    },
    {
      "RequestUri": "https://keyvault_name.vault.azure.net/deletedkeys/listKeyName-cangetseveralinsertedkeys--0?api-version=7.4",
      "RequestMethod": "GET",
      "RequestHeaders": {
        "Accept": "application/json",
        "Accept-Encoding": "gzip,deflate",
        "Authorization": "Sanitized",
        "Connection": "keep-alive",
        "User-Agent": "azsdk-js-keyvault-keys/4.7.3 azsdk-js-keyvault-keys/4.8.0-beta.1 core-rest-pipeline/1.12.0 Node/v20.5.0 OS/(x64-Linux-5.15.90.1-microsoft-standard-WSL2)",
        "x-ms-client-request-id": "e4808ddd-4ee8-4395-8d6d-3ead5bf46dd9"
      },
      "RequestBody": null,
      "StatusCode": 404,
      "ResponseHeaders": {
        "Cache-Control": "no-cache",
        "Content-Length": "108",
        "Content-Type": "application/json; charset=utf-8",
        "Date": "Tue, 29 Aug 2023 23:55:20 GMT",
        "Expires": "-1",
        "Pragma": "no-cache",
        "Strict-Transport-Security": "max-age=31536000;includeSubDomains",
        "X-Content-Type-Options": "nosniff",
        "x-ms-client-request-id": "e4808ddd-4ee8-4395-8d6d-3ead5bf46dd9",
        "x-ms-keyvault-network-info": "conn_type=Ipv4;addr=131.107.8.61;act_addr_fam=InterNetwork;",
        "x-ms-keyvault-rbac-assignment-id": "91779ecb-9756-5960-8eff-50b8b477d31a",
        "x-ms-keyvault-rbac-cache": "ra_age=333;da_age=333;rd_age=333;brd_age=21574;ra_notif_age=2518;dec_lev=1;",
        "x-ms-keyvault-region": "northcentralus",
        "x-ms-keyvault-service-version": "1.9.950.1",
        "x-ms-request-id": "e43b1bba-6b60-4617-9534-20f4dc9f8056"
      },
      "ResponseBody": {
        "error": {
          "code": "KeyNotFound",
          "message": "Deleted Key not found: listKeyName-cangetseveralinsertedkeys--0"
        }
      }
    },
    {
      "RequestUri": "https://keyvault_name.vault.azure.net/deletedkeys/listKeyName-cangetseveralinsertedkeys--0?api-version=7.4",
      "RequestMethod": "GET",
      "RequestHeaders": {
        "Accept": "application/json",
        "Accept-Encoding": "gzip,deflate",
        "Authorization": "Sanitized",
        "Connection": "keep-alive",
        "User-Agent": "azsdk-js-keyvault-keys/4.7.3 azsdk-js-keyvault-keys/4.8.0-beta.1 core-rest-pipeline/1.12.0 Node/v20.5.0 OS/(x64-Linux-5.15.90.1-microsoft-standard-WSL2)",
        "x-ms-client-request-id": "dbedfff2-aada-447d-ada8-352e5a165feb"
      },
      "RequestBody": null,
      "StatusCode": 404,
      "ResponseHeaders": {
        "Cache-Control": "no-cache",
        "Content-Length": "108",
        "Content-Type": "application/json; charset=utf-8",
        "Date": "Tue, 29 Aug 2023 23:55:20 GMT",
        "Expires": "-1",
        "Pragma": "no-cache",
        "Strict-Transport-Security": "max-age=31536000;includeSubDomains",
        "X-Content-Type-Options": "nosniff",
        "x-ms-client-request-id": "dbedfff2-aada-447d-ada8-352e5a165feb",
        "x-ms-keyvault-network-info": "conn_type=Ipv4;addr=131.107.8.61;act_addr_fam=InterNetwork;",
        "x-ms-keyvault-rbac-assignment-id": "91779ecb-9756-5960-8eff-50b8b477d31a",
        "x-ms-keyvault-rbac-cache": "ra_age=333;da_age=333;rd_age=333;brd_age=21574;ra_notif_age=2518;dec_lev=0;",
        "x-ms-keyvault-region": "northcentralus",
        "x-ms-keyvault-service-version": "1.9.950.1",
        "x-ms-request-id": "6c30d274-be6a-4101-ad84-164d7e95a1b7"
      },
      "ResponseBody": {
        "error": {
          "code": "KeyNotFound",
          "message": "Deleted Key not found: listKeyName-cangetseveralinsertedkeys--0"
        }
      }
    },
    {
      "RequestUri": "https://keyvault_name.vault.azure.net/deletedkeys/listKeyName-cangetseveralinsertedkeys--0?api-version=7.4",
      "RequestMethod": "GET",
      "RequestHeaders": {
        "Accept": "application/json",
        "Accept-Encoding": "gzip,deflate",
        "Authorization": "Sanitized",
        "Connection": "keep-alive",
        "User-Agent": "azsdk-js-keyvault-keys/4.7.3 azsdk-js-keyvault-keys/4.8.0-beta.1 core-rest-pipeline/1.12.0 Node/v20.5.0 OS/(x64-Linux-5.15.90.1-microsoft-standard-WSL2)",
        "x-ms-client-request-id": "4b155a20-2424-4d7e-b575-43a1031186a6"
      },
      "RequestBody": null,
      "StatusCode": 200,
      "ResponseHeaders": {
        "Cache-Control": "no-cache",
        "Content-Length": "900",
        "Content-Type": "application/json; charset=utf-8",
        "Date": "Tue, 29 Aug 2023 23:55:25 GMT",
        "Expires": "-1",
        "Pragma": "no-cache",
        "Strict-Transport-Security": "max-age=31536000;includeSubDomains",
        "X-Content-Type-Options": "nosniff",
        "x-ms-client-request-id": "4b155a20-2424-4d7e-b575-43a1031186a6",
        "x-ms-keyvault-network-info": "conn_type=Ipv4;addr=131.107.8.61;act_addr_fam=InterNetwork;",
        "x-ms-keyvault-rbac-assignment-id": "91779ecb-9756-5960-8eff-50b8b477d31a",
        "x-ms-keyvault-rbac-cache": "ra_age=338;da_age=338;rd_age=338;brd_age=21579;ra_notif_age=2523;dec_lev=0;",
        "x-ms-keyvault-region": "northcentralus",
        "x-ms-keyvault-service-version": "1.9.950.1",
        "x-ms-request-id": "0739abe4-e8b8-4f8d-923b-55e7231e3b41"
      },
      "ResponseBody": {
        "recoveryId": "https://keyvault_name.vault.azure.net/deletedkeys/listKeyName-cangetseveralinsertedkeys--0",
        "deletedDate": 1693353320,
        "scheduledPurgeDate": 1693958120,
        "key": {
          "kid": "https://keyvault_name.vault.azure.net/keys/listKeyName-cangetseveralinsertedkeys--0/5fdc87a0feaf4845aee0b5abe280ca2d",
          "kty": "RSA",
          "key_ops": [
            "encrypt",
            "decrypt",
            "sign",
            "verify",
            "wrapKey",
            "unwrapKey"
          ],
          "n": "uhG4Kws8S2niph9SJ8FSnHALaO3Y9nw7SAqMSuLLg5TddRc579cr0zQyZpewOaL-gA7fshdPdTIMRSii7sepOtQWJuROJtde0g3_XMm4DllI-sMt6P_ehcQDZCkcI1gl0kDHxOfxNrjc91_hdxWKRiNshtEK8ZgEyDBIDiCR4_xAXSODNsAgL92f3FJcMj6Nhp2eLMTCpGNN_CBJ4LVqquctNeLIWDfOISQe9XnDPuJBosXHA-fOkhssGvP2fuwE5op_6gqchaNRyswDSBU_eQ6QAulvERBp31bDtdKWNE1h7ppokHi-HJpdRPRjg9AmZbzDoJMnBUjTrPXYf7qXIQ",
          "e": "AQAB"
        },
        "attributes": {
          "enabled": true,
          "created": 1693353319,
          "updated": 1693353319,
          "recoveryLevel": "CustomizedRecoverable\u002BPurgeable",
          "recoverableDays": 7,
          "exportable": false
        }
      }
    },
    {
      "RequestUri": "https://keyvault_name.vault.azure.net/deletedkeys/listKeyName-cangetseveralinsertedkeys--0?api-version=7.4",
      "RequestMethod": "DELETE",
      "RequestHeaders": {
        "Accept": "application/json",
        "Accept-Encoding": "gzip,deflate",
        "Authorization": "Sanitized",
        "Connection": "keep-alive",
        "User-Agent": "azsdk-js-keyvault-keys/4.7.3 azsdk-js-keyvault-keys/4.8.0-beta.1 core-rest-pipeline/1.12.0 Node/v20.5.0 OS/(x64-Linux-5.15.90.1-microsoft-standard-WSL2)",
        "x-ms-client-request-id": "37ecc564-4f1a-4d41-b89e-e730afdc9dd5"
      },
      "RequestBody": null,
      "StatusCode": 204,
      "ResponseHeaders": {
        "Cache-Control": "no-cache",
        "Date": "Tue, 29 Aug 2023 23:55:25 GMT",
        "Expires": "-1",
        "Pragma": "no-cache",
        "Strict-Transport-Security": "max-age=31536000;includeSubDomains",
        "X-Content-Type-Options": "nosniff",
        "x-ms-client-request-id": "37ecc564-4f1a-4d41-b89e-e730afdc9dd5",
        "x-ms-keyvault-network-info": "conn_type=Ipv4;addr=131.107.8.61;act_addr_fam=InterNetwork;",
        "x-ms-keyvault-rbac-assignment-id": "91779ecb-9756-5960-8eff-50b8b477d31a",
        "x-ms-keyvault-rbac-cache": "ra_age=338;da_age=338;rd_age=338;brd_age=21579;ra_notif_age=2523;dec_lev=1;",
        "x-ms-keyvault-region": "northcentralus",
        "x-ms-keyvault-service-version": "1.9.950.1",
        "x-ms-request-id": "1f173275-8592-4733-939b-ef63bc99b132"
      },
      "ResponseBody": null
    },
    {
      "RequestUri": "https://keyvault_name.vault.azure.net/keys/listKeyName-cangetseveralinsertedkeys--1?api-version=7.4",
      "RequestMethod": "DELETE",
      "RequestHeaders": {
        "Accept": "application/json",
        "Accept-Encoding": "gzip,deflate",
        "Authorization": "Sanitized",
        "Connection": "keep-alive",
        "User-Agent": "azsdk-js-keyvault-keys/4.7.3 azsdk-js-keyvault-keys/4.8.0-beta.1 core-rest-pipeline/1.12.0 Node/v20.5.0 OS/(x64-Linux-5.15.90.1-microsoft-standard-WSL2)",
        "x-ms-client-request-id": "a47831bc-f4f0-4bab-b0b2-6617e5bdadda"
      },
      "RequestBody": null,
      "StatusCode": 200,
      "ResponseHeaders": {
        "Cache-Control": "no-cache",
        "Content-Length": "900",
        "Content-Type": "application/json; charset=utf-8",
        "Date": "Tue, 29 Aug 2023 23:55:25 GMT",
        "Expires": "-1",
        "Pragma": "no-cache",
        "Strict-Transport-Security": "max-age=31536000;includeSubDomains",
        "X-Content-Type-Options": "nosniff",
        "x-ms-client-request-id": "a47831bc-f4f0-4bab-b0b2-6617e5bdadda",
        "x-ms-keyvault-network-info": "conn_type=Ipv4;addr=131.107.8.61;act_addr_fam=InterNetwork;",
        "x-ms-keyvault-rbac-assignment-id": "91779ecb-9756-5960-8eff-50b8b477d31a",
        "x-ms-keyvault-rbac-cache": "ra_age=338;da_age=338;rd_age=338;brd_age=21579;ra_notif_age=2524;dec_lev=1;",
        "x-ms-keyvault-region": "northcentralus",
        "x-ms-keyvault-service-version": "1.9.950.1",
        "x-ms-request-id": "e2ebe994-9cba-4e6c-90ac-2d627257a4d1"
      },
      "ResponseBody": {
        "recoveryId": "https://keyvault_name.vault.azure.net/deletedkeys/listKeyName-cangetseveralinsertedkeys--1",
        "deletedDate": 1693353325,
        "scheduledPurgeDate": 1693958125,
        "key": {
          "kid": "https://keyvault_name.vault.azure.net/keys/listKeyName-cangetseveralinsertedkeys--1/a82bc60b24af403db97c9a6d7a788769",
          "kty": "RSA",
          "key_ops": [
            "encrypt",
            "decrypt",
            "sign",
            "verify",
            "wrapKey",
            "unwrapKey"
          ],
          "n": "qmEtAGTOJJX8kNO9qd2v3adxd-UcQG06zZ42xkJcMxEmcCo8F1Yexa3Dspec0xZmqwp390-5typR0irZHLIv2DoRF9vMDGf2v0PE_4QVkgFP9-zD9U76IfuTeZiXBrQBolIN9rPZLX661bnVBw1O9jtOGRubgr7iYfvyzSMIPGpaY925kCs-mn-8ZkTSIsTGKw7N_FXEVLZpPS_sBiZQpigLWRKVnsOZ5bp7TyF6QICtr4BM0jG2YnuaaehArsjIdt8peI7mtLDfv1WjVECHAbGkO6WgXQMb1fPtSY8os2pXL-OTFRhOD-qL4d56NmG862e30lClYVoMFMopFQNOQQ",
          "e": "AQAB"
        },
        "attributes": {
          "enabled": true,
          "created": 1693353320,
          "updated": 1693353320,
          "recoveryLevel": "CustomizedRecoverable\u002BPurgeable",
          "recoverableDays": 7,
          "exportable": false
        }
      }
    },
    {
      "RequestUri": "https://keyvault_name.vault.azure.net/deletedkeys/listKeyName-cangetseveralinsertedkeys--1?api-version=7.4",
      "RequestMethod": "GET",
      "RequestHeaders": {
        "Accept": "application/json",
        "Accept-Encoding": "gzip,deflate",
        "Authorization": "Sanitized",
        "Connection": "keep-alive",
        "User-Agent": "azsdk-js-keyvault-keys/4.7.3 azsdk-js-keyvault-keys/4.8.0-beta.1 core-rest-pipeline/1.12.0 Node/v20.5.0 OS/(x64-Linux-5.15.90.1-microsoft-standard-WSL2)",
        "x-ms-client-request-id": "859fb4b5-5579-4d1f-a833-9fd80c077044"
      },
      "RequestBody": null,
      "StatusCode": 404,
      "ResponseHeaders": {
        "Cache-Control": "no-cache",
        "Content-Length": "108",
        "Content-Type": "application/json; charset=utf-8",
        "Date": "Tue, 29 Aug 2023 23:55:25 GMT",
        "Expires": "-1",
        "Pragma": "no-cache",
        "Strict-Transport-Security": "max-age=31536000;includeSubDomains",
        "X-Content-Type-Options": "nosniff",
        "x-ms-client-request-id": "859fb4b5-5579-4d1f-a833-9fd80c077044",
        "x-ms-keyvault-network-info": "conn_type=Ipv4;addr=131.107.8.61;act_addr_fam=InterNetwork;",
        "x-ms-keyvault-rbac-assignment-id": "91779ecb-9756-5960-8eff-50b8b477d31a",
        "x-ms-keyvault-rbac-cache": "ra_age=338;da_age=338;rd_age=338;brd_age=21579;ra_notif_age=2524;dec_lev=1;",
        "x-ms-keyvault-region": "northcentralus",
        "x-ms-keyvault-service-version": "1.9.950.1",
        "x-ms-request-id": "3e9c6697-2e15-45fa-b453-8a74e1a0bc48"
      },
      "ResponseBody": {
        "error": {
          "code": "KeyNotFound",
          "message": "Deleted Key not found: listKeyName-cangetseveralinsertedkeys--1"
        }
      }
    },
    {
      "RequestUri": "https://keyvault_name.vault.azure.net/deletedkeys/listKeyName-cangetseveralinsertedkeys--1?api-version=7.4",
      "RequestMethod": "GET",
      "RequestHeaders": {
        "Accept": "application/json",
        "Accept-Encoding": "gzip,deflate",
        "Authorization": "Sanitized",
        "Connection": "keep-alive",
        "User-Agent": "azsdk-js-keyvault-keys/4.7.3 azsdk-js-keyvault-keys/4.8.0-beta.1 core-rest-pipeline/1.12.0 Node/v20.5.0 OS/(x64-Linux-5.15.90.1-microsoft-standard-WSL2)",
        "x-ms-client-request-id": "85cadc3c-1640-4659-b26c-cf43f330dcd4"
      },
      "RequestBody": null,
      "StatusCode": 404,
      "ResponseHeaders": {
        "Cache-Control": "no-cache",
        "Content-Length": "108",
        "Content-Type": "application/json; charset=utf-8",
        "Date": "Tue, 29 Aug 2023 23:55:25 GMT",
        "Expires": "-1",
        "Pragma": "no-cache",
        "Strict-Transport-Security": "max-age=31536000;includeSubDomains",
        "X-Content-Type-Options": "nosniff",
        "x-ms-client-request-id": "85cadc3c-1640-4659-b26c-cf43f330dcd4",
        "x-ms-keyvault-network-info": "conn_type=Ipv4;addr=131.107.8.61;act_addr_fam=InterNetwork;",
        "x-ms-keyvault-rbac-assignment-id": "91779ecb-9756-5960-8eff-50b8b477d31a",
        "x-ms-keyvault-rbac-cache": "ra_age=338;da_age=338;rd_age=338;brd_age=21579;ra_notif_age=2524;dec_lev=0;",
        "x-ms-keyvault-region": "northcentralus",
        "x-ms-keyvault-service-version": "1.9.950.1",
        "x-ms-request-id": "5af33555-6d3f-4e10-a005-f19df6cbf353"
      },
      "ResponseBody": {
        "error": {
          "code": "KeyNotFound",
          "message": "Deleted Key not found: listKeyName-cangetseveralinsertedkeys--1"
        }
      }
    },
    {
      "RequestUri": "https://keyvault_name.vault.azure.net/deletedkeys/listKeyName-cangetseveralinsertedkeys--1?api-version=7.4",
      "RequestMethod": "GET",
      "RequestHeaders": {
        "Accept": "application/json",
        "Accept-Encoding": "gzip,deflate",
        "Authorization": "Sanitized",
        "Connection": "keep-alive",
        "User-Agent": "azsdk-js-keyvault-keys/4.7.3 azsdk-js-keyvault-keys/4.8.0-beta.1 core-rest-pipeline/1.12.0 Node/v20.5.0 OS/(x64-Linux-5.15.90.1-microsoft-standard-WSL2)",
        "x-ms-client-request-id": "9a41b593-847a-48f9-9d7c-98d5599558b5"
      },
      "RequestBody": null,
      "StatusCode": 200,
      "ResponseHeaders": {
        "Cache-Control": "no-cache",
        "Content-Length": "900",
        "Content-Type": "application/json; charset=utf-8",
        "Date": "Tue, 29 Aug 2023 23:55:30 GMT",
        "Expires": "-1",
        "Pragma": "no-cache",
        "Strict-Transport-Security": "max-age=31536000;includeSubDomains",
        "X-Content-Type-Options": "nosniff",
        "x-ms-client-request-id": "9a41b593-847a-48f9-9d7c-98d5599558b5",
        "x-ms-keyvault-network-info": "conn_type=Ipv4;addr=131.107.8.61;act_addr_fam=InterNetwork;",
        "x-ms-keyvault-rbac-assignment-id": "91779ecb-9756-5960-8eff-50b8b477d31a",
        "x-ms-keyvault-rbac-cache": "ra_age=343;da_age=343;rd_age=343;brd_age=21584;ra_notif_age=2529;dec_lev=0;",
        "x-ms-keyvault-region": "northcentralus",
        "x-ms-keyvault-service-version": "1.9.950.1",
        "x-ms-request-id": "4ff789b2-9dc5-4884-87a5-4d8406e53a0a"
      },
      "ResponseBody": {
        "recoveryId": "https://keyvault_name.vault.azure.net/deletedkeys/listKeyName-cangetseveralinsertedkeys--1",
        "deletedDate": 1693353325,
        "scheduledPurgeDate": 1693958125,
        "key": {
          "kid": "https://keyvault_name.vault.azure.net/keys/listKeyName-cangetseveralinsertedkeys--1/a82bc60b24af403db97c9a6d7a788769",
          "kty": "RSA",
          "key_ops": [
            "encrypt",
            "decrypt",
            "sign",
            "verify",
            "wrapKey",
            "unwrapKey"
          ],
          "n": "qmEtAGTOJJX8kNO9qd2v3adxd-UcQG06zZ42xkJcMxEmcCo8F1Yexa3Dspec0xZmqwp390-5typR0irZHLIv2DoRF9vMDGf2v0PE_4QVkgFP9-zD9U76IfuTeZiXBrQBolIN9rPZLX661bnVBw1O9jtOGRubgr7iYfvyzSMIPGpaY925kCs-mn-8ZkTSIsTGKw7N_FXEVLZpPS_sBiZQpigLWRKVnsOZ5bp7TyF6QICtr4BM0jG2YnuaaehArsjIdt8peI7mtLDfv1WjVECHAbGkO6WgXQMb1fPtSY8os2pXL-OTFRhOD-qL4d56NmG862e30lClYVoMFMopFQNOQQ",
          "e": "AQAB"
        },
        "attributes": {
          "enabled": true,
          "created": 1693353320,
          "updated": 1693353320,
          "recoveryLevel": "CustomizedRecoverable\u002BPurgeable",
          "recoverableDays": 7,
          "exportable": false
        }
      }
    },
    {
      "RequestUri": "https://keyvault_name.vault.azure.net/deletedkeys/listKeyName-cangetseveralinsertedkeys--1?api-version=7.4",
      "RequestMethod": "DELETE",
      "RequestHeaders": {
        "Accept": "application/json",
        "Accept-Encoding": "gzip,deflate",
        "Authorization": "Sanitized",
        "Connection": "keep-alive",
        "User-Agent": "azsdk-js-keyvault-keys/4.7.3 azsdk-js-keyvault-keys/4.8.0-beta.1 core-rest-pipeline/1.12.0 Node/v20.5.0 OS/(x64-Linux-5.15.90.1-microsoft-standard-WSL2)",
        "x-ms-client-request-id": "c62557b0-ab70-4284-af19-48c897d82eda"
      },
      "RequestBody": null,
      "StatusCode": 204,
      "ResponseHeaders": {
        "Cache-Control": "no-cache",
        "Date": "Tue, 29 Aug 2023 23:55:30 GMT",
        "Expires": "-1",
        "Pragma": "no-cache",
        "Strict-Transport-Security": "max-age=31536000;includeSubDomains",
        "X-Content-Type-Options": "nosniff",
        "x-ms-client-request-id": "c62557b0-ab70-4284-af19-48c897d82eda",
        "x-ms-keyvault-network-info": "conn_type=Ipv4;addr=131.107.8.61;act_addr_fam=InterNetwork;",
        "x-ms-keyvault-rbac-assignment-id": "91779ecb-9756-5960-8eff-50b8b477d31a",
        "x-ms-keyvault-rbac-cache": "ra_age=343;da_age=343;rd_age=343;brd_age=21585;ra_notif_age=2529;dec_lev=1;",
        "x-ms-keyvault-region": "northcentralus",
        "x-ms-keyvault-service-version": "1.9.950.1",
        "x-ms-request-id": "5c586b21-3492-4b0b-9cf7-1dc2bc574125"
      },
      "ResponseBody": null
    }
  ],
  "Variables": {}
}
