{
  "Entries": [
    {
      "RequestUri": "https://fakestorageaccount.file.core.windows.net/share168970922208708968?restype=share",
      "RequestMethod": "PUT",
      "RequestHeaders": {
        "Accept": "application/xml",
        "Authorization": "Sanitized",
        "Connection": "keep-alive",
        "Content-Length": "0",
        "User-Agent": "azsdk-js-azure-storage-blob/12.20.0 core-rest-pipeline/1.11.1 Node/v18.16.0 OS/(x64-Linux-6.2.10-arch1-1)",
        "x-ms-client-request-id": "45fa4cae-da74-4e47-b371-22b3de141d0d",
        "x-ms-date": "Tue, 18 Jul 2023 19:40:22 GMT",
        "x-ms-version": "2022-11-02"
      },
      "RequestBody": null,
      "StatusCode": 201,
      "ResponseHeaders": {
        "Content-Length": "0",
        "Date": "Tue, 18 Jul 2023 19:37:31 GMT",
        "ETag": "\u00220x8DB87C66DAAE082\u0022",
        "Last-Modified": "Tue, 18 Jul 2023 19:37:31 GMT",
        "Server": [
          "Windows-Azure-File/1.0",
          "Microsoft-HTTPAPI/2.0"
        ],
        "x-ms-client-request-id": "45fa4cae-da74-4e47-b371-22b3de141d0d",
        "x-ms-request-id": "2a3f0055-001a-003f-43af-b93043000000",
        "x-ms-version": "2022-11-02"
      },
      "ResponseBody": null
    },
    {
      "RequestUri": "https://fakestorageaccount.file.core.windows.net/share168970922208708968/dir168970922217607367?restype=directory",
      "RequestMethod": "PUT",
      "RequestHeaders": {
        "Accept": "application/xml",
        "Authorization": "Sanitized",
        "Connection": "keep-alive",
        "Content-Length": "0",
        "User-Agent": "azsdk-js-azure-storage-blob/12.20.0 core-rest-pipeline/1.11.1 Node/v18.16.0 OS/(x64-Linux-6.2.10-arch1-1)",
        "x-ms-client-request-id": "7236b0be-da9a-4205-90a6-edeab6fff756",
        "x-ms-file-attributes": "Directory",
        "x-ms-file-creation-time": "now",
        "x-ms-file-last-write-time": "now",
        "x-ms-file-permission": "inherit",
        "x-ms-file-request-intent": "backup",
        "x-ms-version": "2022-11-02"
      },
      "RequestBody": null,
      "StatusCode": 201,
      "ResponseHeaders": {
        "Content-Length": "0",
        "Date": "Tue, 18 Jul 2023 19:37:31 GMT",
        "ETag": "\u00220x8DB87C66DF19A94\u0022",
        "Last-Modified": "Tue, 18 Jul 2023 19:37:32 GMT",
        "Server": [
          "Windows-Azure-File/1.0",
          "Microsoft-HTTPAPI/2.0"
        ],
        "x-ms-client-request-id": "7236b0be-da9a-4205-90a6-edeab6fff756",
        "x-ms-file-attributes": "Directory",
        "x-ms-file-change-time": "2023-07-18T19:37:32.0881812Z",
        "x-ms-file-creation-time": "2023-07-18T19:37:32.0881812Z",
        "x-ms-file-id": "13835128424026341376",
        "x-ms-file-last-write-time": "2023-07-18T19:37:32.0881812Z",
        "x-ms-file-parent-id": "0",
        "x-ms-file-permission-key": "8614286176118771184*2258328373640403577",
        "x-ms-request-id": "2a3f0058-001a-003f-44af-b93043000000",
        "x-ms-request-server-encrypted": "true",
        "x-ms-version": "2022-11-02"
      },
      "ResponseBody": null
    },
    {
      "RequestUri": "https://fakestorageaccount.file.core.windows.net/share168970922208708968?restype=share",
      "RequestMethod": "DELETE",
      "RequestHeaders": {
        "Accept": "application/xml",
        "Authorization": "Sanitized",
        "Connection": "keep-alive",
        "User-Agent": "azsdk-js-azure-storage-blob/12.20.0 core-rest-pipeline/1.11.1 Node/v18.16.0 OS/(x64-Linux-6.2.10-arch1-1)",
        "x-ms-client-request-id": "ca010d19-a490-4e54-9b77-25a9250155cb",
        "x-ms-date": "Tue, 18 Jul 2023 19:40:22 GMT",
        "x-ms-version": "2022-11-02"
      },
      "RequestBody": null,
      "StatusCode": 202,
      "ResponseHeaders": {
        "Content-Length": "0",
        "Date": "Tue, 18 Jul 2023 19:37:32 GMT",
        "Server": [
          "Windows-Azure-File/1.0",
          "Microsoft-HTTPAPI/2.0"
        ],
        "x-ms-client-request-id": "ca010d19-a490-4e54-9b77-25a9250155cb",
        "x-ms-request-id": "2a3f0059-001a-003f-45af-b93043000000",
        "x-ms-version": "2022-11-02"
      },
      "ResponseBody": null
    }
  ],
  "Variables": {
    "dir": "dir168970922217607367",
    "share": "share168970922208708968"
  }
}
