{
  "Entries": [
    {
      "RequestUri": "https://fakestorageaccount.file.core.windows.net/share169830079840204524?restype=share",
      "RequestMethod": "PUT",
      "RequestHeaders": {
        "Accept": "application/xml",
        "Authorization": "Sanitized",
        "Connection": "keep-alive",
        "Content-Length": "0",
        "User-Agent": "azsdk-js-azure-storage-blob/12.20.0 core-rest-pipeline/1.12.2 Node/v18.16.0 OS/(x64-Windows_NT-10.0.22621)",
        "x-ms-client-request-id": "895a5a13-20ac-46fc-90a9-7d61154a3770",
        "x-ms-date": "Thu, 26 Oct 2023 06:13:18 GMT",
        "x-ms-version": "2023-01-03"
      },
      "RequestBody": null,
      "StatusCode": 201,
      "ResponseHeaders": {
        "Content-Length": "0",
        "Date": "Thu, 26 Oct 2023 06:13:18 GMT",
        "ETag": "\u00220x8DBD5EAA65D65B1\u0022",
        "Last-Modified": "Thu, 26 Oct 2023 06:13:19 GMT",
        "Server": [
          "Windows-Azure-File/1.0",
          "Microsoft-HTTPAPI/2.0"
        ],
        "x-ms-client-request-id": "895a5a13-20ac-46fc-90a9-7d61154a3770",
        "x-ms-request-id": "52ccf096-901a-0042-1bd3-072aa1000000",
        "x-ms-version": "2023-01-03"
      },
      "ResponseBody": null
    },
    {
      "RequestUri": "https://fakestorageaccount.file.core.windows.net/share169830079840204524/dir169830079851401494?restype=directory",
      "RequestMethod": "PUT",
      "RequestHeaders": {
        "Accept": "application/xml",
        "Authorization": "Sanitized",
        "Connection": "keep-alive",
        "Content-Length": "0",
        "User-Agent": "azsdk-js-azure-storage-blob/12.20.0 core-rest-pipeline/1.12.2 Node/v18.16.0 OS/(x64-Windows_NT-10.0.22621)",
        "x-ms-client-request-id": "e6d02ccb-9dce-4ac1-aa1f-a742918e63ad",
        "x-ms-file-attributes": "Directory",
        "x-ms-file-creation-time": "now",
        "x-ms-file-last-write-time": "now",
        "x-ms-file-permission": "inherit",
        "x-ms-file-request-intent": "backup",
        "x-ms-version": "2023-01-03"
      },
      "RequestBody": null,
      "StatusCode": 201,
      "ResponseHeaders": {
        "Content-Length": "0",
        "Date": "Thu, 26 Oct 2023 06:13:21 GMT",
        "ETag": "\u00220x8DBD5EAA7D199E2\u0022",
        "Last-Modified": "Thu, 26 Oct 2023 06:13:21 GMT",
        "Server": [
          "Windows-Azure-File/1.0",
          "Microsoft-HTTPAPI/2.0"
        ],
        "x-ms-client-request-id": "e6d02ccb-9dce-4ac1-aa1f-a742918e63ad",
        "x-ms-file-attributes": "Directory",
        "x-ms-file-change-time": "2023-10-26T06:13:21.7652194Z",
        "x-ms-file-creation-time": "2023-10-26T06:13:21.7652194Z",
        "x-ms-file-id": "13835128424026341376",
        "x-ms-file-last-write-time": "2023-10-26T06:13:21.7652194Z",
        "x-ms-file-parent-id": "0",
        "x-ms-file-permission-key": "9255856626508002348*16764736045797335973",
        "x-ms-request-id": "52ccf098-901a-0042-1cd3-072aa1000000",
        "x-ms-request-server-encrypted": "true",
        "x-ms-version": "2023-01-03"
      },
      "ResponseBody": null
    },
    {
      "RequestUri": "https://fakestorageaccount.file.core.windows.net/share169830079840204524/dir169830079851401494?comp=metadata\u0026restype=directory",
      "RequestMethod": "PUT",
      "RequestHeaders": {
        "Accept": "application/xml",
        "Authorization": "Sanitized",
        "Connection": "keep-alive",
        "Content-Length": "0",
        "User-Agent": "azsdk-js-azure-storage-blob/12.20.0 core-rest-pipeline/1.12.2 Node/v18.16.0 OS/(x64-Windows_NT-10.0.22621)",
        "x-ms-client-request-id": "13a98fd2-a33e-4a10-8c31-b689f6a4c851",
        "x-ms-file-request-intent": "backup",
        "x-ms-meta-key0": "val0",
        "x-ms-meta-keya": "vala",
        "x-ms-meta-keyb": "valb",
        "x-ms-version": "2023-01-03"
      },
      "RequestBody": null,
      "StatusCode": 200,
      "ResponseHeaders": {
        "Content-Length": "0",
        "Date": "Thu, 26 Oct 2023 06:13:21 GMT",
        "ETag": "\u00220x8DBD5EAA7E2D564\u0022",
        "Last-Modified": "Thu, 26 Oct 2023 06:13:21 GMT",
        "Server": [
          "Windows-Azure-File/1.0",
          "Microsoft-HTTPAPI/2.0"
        ],
        "x-ms-client-request-id": "13a98fd2-a33e-4a10-8c31-b689f6a4c851",
        "x-ms-request-id": "52ccf09a-901a-0042-1dd3-072aa1000000",
        "x-ms-request-server-encrypted": "true",
        "x-ms-version": "2023-01-03"
      },
      "ResponseBody": null
    },
    {
      "RequestUri": "https://fakestorageaccount.file.core.windows.net/share169830079840204524/dir169830079851401494?restype=directory",
      "RequestMethod": "GET",
      "RequestHeaders": {
        "Accept": "application/xml",
        "Authorization": "Sanitized",
        "Connection": "keep-alive",
        "User-Agent": "azsdk-js-azure-storage-blob/12.20.0 core-rest-pipeline/1.12.2 Node/v18.16.0 OS/(x64-Windows_NT-10.0.22621)",
        "x-ms-client-request-id": "b470fa6a-7f3a-4b43-8ef1-03e774b508cb",
        "x-ms-file-request-intent": "backup",
        "x-ms-version": "2023-01-03"
      },
      "RequestBody": null,
      "StatusCode": 200,
      "ResponseHeaders": {
        "Content-Length": "0",
        "Date": "Thu, 26 Oct 2023 06:13:21 GMT",
        "ETag": "\u00220x8DBD5EAA7E2D564\u0022",
        "Last-Modified": "Thu, 26 Oct 2023 06:13:21 GMT",
        "Server": [
          "Windows-Azure-File/1.0",
          "Microsoft-HTTPAPI/2.0"
        ],
        "Vary": "Origin",
        "x-ms-client-request-id": "b470fa6a-7f3a-4b43-8ef1-03e774b508cb",
        "x-ms-file-attributes": "Directory",
        "x-ms-file-change-time": "2023-10-26T06:13:21.8781540Z",
        "x-ms-file-creation-time": "2023-10-26T06:13:21.7652194Z",
        "x-ms-file-id": "13835128424026341376",
        "x-ms-file-last-write-time": "2023-10-26T06:13:21.7652194Z",
        "x-ms-file-parent-id": "0",
        "x-ms-file-permission-key": "9255856626508002348*16764736045797335973",
        "x-ms-meta-key0": "val0",
        "x-ms-meta-keya": "vala",
        "x-ms-meta-keyb": "valb",
        "x-ms-request-id": "52ccf09b-901a-0042-1ed3-072aa1000000",
        "x-ms-server-encrypted": "true",
        "x-ms-version": "2023-01-03"
      },
      "ResponseBody": null
    },
    {
      "RequestUri": "https://fakestorageaccount.file.core.windows.net/share169830079840204524?restype=share",
      "RequestMethod": "DELETE",
      "RequestHeaders": {
        "Accept": "application/xml",
        "Authorization": "Sanitized",
        "Connection": "keep-alive",
        "User-Agent": "azsdk-js-azure-storage-blob/12.20.0 core-rest-pipeline/1.12.2 Node/v18.16.0 OS/(x64-Windows_NT-10.0.22621)",
        "x-ms-client-request-id": "359ac7cc-6e2e-4b1b-862f-df5095d596d2",
        "x-ms-date": "Thu, 26 Oct 2023 06:13:21 GMT",
        "x-ms-version": "2023-01-03"
      },
      "RequestBody": null,
      "StatusCode": 202,
      "ResponseHeaders": {
        "Content-Length": "0",
        "Date": "Thu, 26 Oct 2023 06:13:21 GMT",
        "Server": [
          "Windows-Azure-File/1.0",
          "Microsoft-HTTPAPI/2.0"
        ],
        "x-ms-client-request-id": "359ac7cc-6e2e-4b1b-862f-df5095d596d2",
        "x-ms-request-id": "52ccf09c-901a-0042-1fd3-072aa1000000",
        "x-ms-version": "2023-01-03"
      },
      "ResponseBody": null
    }
  ],
  "Variables": {
    "dir": "dir169830079851401494",
    "share": "share169830079840204524"
  }
}
