{
  "Entries": [
    {
      "RequestUri": "https://Sanitized.table.cosmos.azure.com/Tables",
      "RequestMethod": "POST",
      "RequestHeaders": {
        "Accept": "application/json;odata=minimalmetadata",
        "Accept-Encoding": "gzip",
        "Authorization": "Sanitized",
        "Content-Length": "35",
        "Content-Type": "application/json",
        "DataServiceVersion": "3.0",
        "User-Agent": "azsdk-go-aztables/v1.2.1 (go1.22.2; linux)",
        "X-Ms-Date": "Sat, 18 May 2024 00:03:50 GMT",
        "x-ms-version": "2019-02-02"
      },
      "RequestBody": {
        "TableName": "tableName3912403841"
      },
      "StatusCode": 201,
      "ResponseHeaders": {
        "Content-Type": "application/json; odata=minimalmetadata",
        "Date": "Sat, 18 May 2024 00:03:31 GMT",
        "ETag": "W/\"datetime'2024-05-18T00%3A03%3A32.3068417Z'\"",
        "Location": "Sanitized",
        "Transfer-Encoding": "chunked"
      },
      "ResponseBody": {
        "TableName": "tableName3912403841",
        "odata.metadata": "https://Sanitized.table.cosmos.azure.com/$metadata#Tables/@Element"
      }
    },
    {
      "RequestUri": "https://Sanitized.table.cosmos.azure.com/tableName3912403841",
      "RequestMethod": "POST",
      "RequestHeaders": {
        "Accept": "application/json;odata=minimalmetadata",
        "Accept-Encoding": "gzip",
        "Authorization": "Sanitized",
        "Content-Length": "37",
        "Content-Type": "application/json",
        "DataServiceVersion": "3.0",
        "User-Agent": "azsdk-go-aztables/v1.2.1 (go1.22.2; linux)",
        "X-Ms-Date": "Sat, 18 May 2024 00:03:50 GMT",
        "x-ms-version": "2019-02-02"
      },
      "RequestBody": {
        "String": "stringystring",
        "Value": 10
      },
      "StatusCode": 400,
      "ResponseHeaders": {
        "Content-Type": "application/json; odata=fullmetadata",
        "Date": "Sat, 18 May 2024 00:03:31 GMT",
        "Transfer-Encoding": "chunked"
      },
      "ResponseBody": {
        "odata.error": {
          "code": "PropertiesNeedValue",
          "message": {
            "lang": "en-us",
            "value": "PartitionKey/RowKey cannot be empty\r\nActivityId: fca4d9c8-7c80-4e61-a98a-638ea10e0eed, documentdb-dotnet-sdk/2.14.0 Host/64-bit MicrosoftWindowsNT/10.0.20348.0\nRequestID:fca4d9c8-7c80-4e61-a98a-638ea10e0eed\n"
          }
        }
      }
    },
    {
      "RequestUri": "https://Sanitized.table.cosmos.azure.com/Tables('tableName3912403841')",
      "RequestMethod": "DELETE",
      "RequestHeaders": {
        "Accept": "application/json",
        "Accept-Encoding": "gzip",
        "Authorization": "Sanitized",
        "User-Agent": "azsdk-go-aztables/v1.2.1 (go1.22.2; linux)",
        "X-Ms-Date": "Sat, 18 May 2024 00:03:50 GMT",
        "x-ms-version": "2019-02-02"
      },
      "RequestBody": null,
      "StatusCode": 204,
      "ResponseHeaders": {
        "Content-Type": "application/json",
        "Date": "Sat, 18 May 2024 00:03:32 GMT"
      },
      "ResponseBody": null
    }
  ],
  "Variables": {}
}
