{
  "Entries": [
    {
      "RequestUri": "https://Sanitized.services.ai.azure.com//contentunderstanding/classifiers/python-sdk-classifier-async-test_content_classifiers_get?api-version=2025-05-01-preview",
      "RequestMethod": "DELETE",
      "RequestHeaders": {
        "Accept": "application/json",
        "Accept-Encoding": "gzip, deflate",
        "Content-Length": "0",
        "User-Agent": "azsdk-python-ai-contentunderstanding/0.5.0 Python/3.12.9 (Linux-5.15.146.1-microsoft-standard-WSL2-x86_64-with-glibc2.35)"
      },
      "RequestBody": null,
      "StatusCode": 204,
      "ResponseHeaders": {
        "api-supported-versions": "2025-05-01-preview,2025-11-01",
        "apim-request-id": "737c9e61-1bd8-48ab-a05f-544e43970329",
        "Content-Length": "0",
        "Date": "Tue, 12 Aug 2025 19:25:37 GMT",
        "request-id": "737c9e61-1bd8-48ab-a05f-544e43970329",
        "Strict-Transport-Security": "max-age=31536000; includeSubDomains; preload",
        "X-Content-Type-Options": "nosniff",
        "x-envoy-upstream-service-time": "24",
        "x-ms-region": "West US"
      },
      "ResponseBody": null
    },
    {
      "RequestUri": "https://Sanitized.services.ai.azure.com//contentunderstanding/classifiers/python-sdk-classifier-async-test_content_classifiers_get?api-version=2025-05-01-preview",
      "RequestMethod": "PUT",
      "RequestHeaders": {
        "Accept": "application/json",
        "Accept-Encoding": "gzip, deflate",
        "Content-Length": "760",
        "Content-Type": "application/json",
        "User-Agent": "azsdk-python-ai-contentunderstanding/0.5.0 Python/3.12.9 (Linux-5.15.146.1-microsoft-standard-WSL2-x86_64-with-glibc2.35)"
      },
      "RequestBody": {
        "categories": {
          "Loan application": {
            "description": "Documents submitted by individuals or businesses to request funding, typically including personal or business details, financial history, loan amount, purpose, and supporting documentation."
          },
          "Invoice": {
            "description": "Billing documents issued by sellers or service providers to request payment for goods or services, detailing items, prices, taxes, totals, and payment terms."
          },
          "Bank_Statement": {
            "description": "Official statements issued by banks that summarize account activity over a period, including deposits, withdrawals, fees, and balances."
          }
        },
        "splitMode": "auto",
        "description": "test classifier for get: python-sdk-classifier-async-test_content_classifiers_get",
        "tags": {
          "test_type": "get"
        }
      },
      "StatusCode": 201,
      "ResponseHeaders": {
        "api-supported-versions": "2025-05-01-preview,2025-11-01",
        "apim-request-id": "2f1ea1b8-1f1a-4e20-b545-497c1c5f8b96",
        "Content-Type": "application/json",
        "Date": "Tue, 12 Aug 2025 19:25:37 GMT",
        "operation-location": "https://fake_contentunderstanding_endpoint.services.ai.azure.com/contentunderstanding/classifiers/python-sdk-classifier-async-test_content_classifiers_get/operations/2f1ea1b8-1f1a-4e20-b545-497c1c5f8b96?api-version=2025-05-01-preview",
        "request-id": "2f1ea1b8-1f1a-4e20-b545-497c1c5f8b96",
        "Strict-Transport-Security": "max-age=31536000; includeSubDomains; preload",
        "Transfer-Encoding": "chunked",
        "X-Content-Type-Options": "nosniff",
        "x-envoy-upstream-service-time": "26",
        "x-ms-region": "West US"
      },
      "ResponseBody": {
        "classifierId": "python-sdk-classifier-async-test_content_classifiers_get",
        "description": "test classifier for get: python-sdk-classifier-async-test_content_classifiers_get",
        "tags": {
          "test_type": "get"
        },
        "status": "creating",
        "createdAt": "2025-08-12T19:25:37.6284601Z",
        "lastModifiedAt": "2025-08-12T19:25:37.6284601Z",
        "categories": {
          "Loan application": {
            "description": "Documents submitted by individuals or businesses to request funding, typically including personal or business details, financial history, loan amount, purpose, and supporting documentation."
          },
          "Invoice": {
            "description": "Billing documents issued by sellers or service providers to request payment for goods or services, detailing items, prices, taxes, totals, and payment terms."
          },
          "Bank_Statement": {
            "description": "Official statements issued by banks that summarize account activity over a period, including deposits, withdrawals, fees, and balances."
          }
        },
        "splitMode": "auto",
        "processingLocation": "geography"
      }
    },
    {
      "RequestUri": "https://Sanitized.services.ai.azure.com//contentunderstanding/classifiers/python-sdk-classifier-async-test_content_classifiers_get/operations/2f1ea1b8-1f1a-4e20-b545-497c1c5f8b96?api-version=2025-05-01-preview",
      "RequestMethod": "GET",
      "RequestHeaders": {
        "Accept": "application/json",
        "Accept-Encoding": "gzip, deflate",
        "User-Agent": "azsdk-python-ai-contentunderstanding/0.5.0 Python/3.12.9 (Linux-5.15.146.1-microsoft-standard-WSL2-x86_64-with-glibc2.35)"
      },
      "RequestBody": null,
      "StatusCode": 200,
      "ResponseHeaders": {
        "api-supported-versions": "2025-05-01-preview,2025-11-01",
        "apim-request-id": "88123af5-2b9c-4062-90bb-1a334dbf2de2",
        "Content-Type": "application/json",
        "Date": "Tue, 12 Aug 2025 19:25:37 GMT",
        "request-id": "88123af5-2b9c-4062-90bb-1a334dbf2de2",
        "Strict-Transport-Security": "max-age=31536000; includeSubDomains; preload",
        "Transfer-Encoding": "chunked",
        "X-Content-Type-Options": "nosniff",
        "x-envoy-upstream-service-time": "21",
        "x-ms-region": "West US"
      },
      "ResponseBody": {
        "id": "Sanitized",
        "status": "Running",
        "result": {
          "classifierId": "python-sdk-classifier-async-test_content_classifiers_get",
          "description": "test classifier for get: python-sdk-classifier-async-test_content_classifiers_get",
          "tags": {
            "test_type": "get"
          },
          "status": "creating",
          "createdAt": "2025-08-12T19:25:37.6284601Z",
          "lastModifiedAt": "2025-08-12T19:25:37.6284601Z",
          "categories": {
            "Loan application": {
              "description": "Documents submitted by individuals or businesses to request funding, typically including personal or business details, financial history, loan amount, purpose, and supporting documentation."
            },
            "Invoice": {
              "description": "Billing documents issued by sellers or service providers to request payment for goods or services, detailing items, prices, taxes, totals, and payment terms."
            },
            "Bank_Statement": {
              "description": "Official statements issued by banks that summarize account activity over a period, including deposits, withdrawals, fees, and balances."
            }
          },
          "splitMode": "auto",
          "processingLocation": "geography"
        }
      }
    },
    {
      "RequestUri": "https://Sanitized.services.ai.azure.com/contentunderstanding/classifiers/python-sdk-classifier-async-test_content_classifiers_get/operations/2f1ea1b8-1f1a-4e20-b545-497c1c5f8b96?api-version=2025-05-01-preview",
      "RequestMethod": "GET",
      "RequestHeaders": {
        "Accept": "*/*",
        "Accept-Encoding": "gzip, deflate",
        "User-Agent": "azsdk-python-ai-contentunderstanding/0.5.0 Python/3.12.9 (Linux-5.15.146.1-microsoft-standard-WSL2-x86_64-with-glibc2.35)"
      },
      "RequestBody": null,
      "StatusCode": 200,
      "ResponseHeaders": {
        "api-supported-versions": "2025-05-01-preview,2025-11-01",
        "apim-request-id": "7df81b9c-f4a3-4db7-b9dd-831d3e1d8e53",
        "Content-Type": "application/json",
        "Date": "Tue, 12 Aug 2025 19:25:37 GMT",
        "request-id": "7df81b9c-f4a3-4db7-b9dd-831d3e1d8e53",
        "Strict-Transport-Security": "max-age=31536000; includeSubDomains; preload",
        "Transfer-Encoding": "chunked",
        "X-Content-Type-Options": "nosniff",
        "x-envoy-upstream-service-time": "26",
        "x-ms-region": "West US"
      },
      "ResponseBody": {
        "id": "Sanitized",
        "status": "Running",
        "result": {
          "classifierId": "python-sdk-classifier-async-test_content_classifiers_get",
          "description": "test classifier for get: python-sdk-classifier-async-test_content_classifiers_get",
          "tags": {
            "test_type": "get"
          },
          "status": "creating",
          "createdAt": "2025-08-12T19:25:37.6284601Z",
          "lastModifiedAt": "2025-08-12T19:25:37.6284601Z",
          "categories": {
            "Loan application": {
              "description": "Documents submitted by individuals or businesses to request funding, typically including personal or business details, financial history, loan amount, purpose, and supporting documentation."
            },
            "Invoice": {
              "description": "Billing documents issued by sellers or service providers to request payment for goods or services, detailing items, prices, taxes, totals, and payment terms."
            },
            "Bank_Statement": {
              "description": "Official statements issued by banks that summarize account activity over a period, including deposits, withdrawals, fees, and balances."
            }
          },
          "splitMode": "auto",
          "processingLocation": "geography"
        }
      }
    },
    {
      "RequestUri": "https://Sanitized.services.ai.azure.com/contentunderstanding/classifiers/python-sdk-classifier-async-test_content_classifiers_get/operations/2f1ea1b8-1f1a-4e20-b545-497c1c5f8b96?api-version=2025-05-01-preview",
      "RequestMethod": "GET",
      "RequestHeaders": {
        "Accept": "*/*",
        "Accept-Encoding": "gzip, deflate",
        "User-Agent": "azsdk-python-ai-contentunderstanding/0.5.0 Python/3.12.9 (Linux-5.15.146.1-microsoft-standard-WSL2-x86_64-with-glibc2.35)"
      },
      "RequestBody": null,
      "StatusCode": 200,
      "ResponseHeaders": {
        "api-supported-versions": "2025-05-01-preview,2025-11-01",
        "apim-request-id": "165fb75c-cdef-4502-89d3-6724ef8caccf",
        "Content-Type": "application/json",
        "Date": "Tue, 12 Aug 2025 19:26:07 GMT",
        "request-id": "165fb75c-cdef-4502-89d3-6724ef8caccf",
        "Strict-Transport-Security": "max-age=31536000; includeSubDomains; preload",
        "Transfer-Encoding": "chunked",
        "X-Content-Type-Options": "nosniff",
        "x-envoy-upstream-service-time": "23",
        "x-ms-region": "West US"
      },
      "ResponseBody": {
        "id": "Sanitized",
        "status": "Succeeded",
        "result": {
          "classifierId": "python-sdk-classifier-async-test_content_classifiers_get",
          "description": "test classifier for get: python-sdk-classifier-async-test_content_classifiers_get",
          "tags": {
            "test_type": "get"
          },
          "status": "ready",
          "createdAt": "2025-08-12T19:25:37.6284601Z",
          "lastModifiedAt": "2025-08-12T19:25:37.9612027Z",
          "warnings": [],
          "categories": {
            "Loan application": {
              "description": "Documents submitted by individuals or businesses to request funding, typically including personal or business details, financial history, loan amount, purpose, and supporting documentation."
            },
            "Invoice": {
              "description": "Billing documents issued by sellers or service providers to request payment for goods or services, detailing items, prices, taxes, totals, and payment terms."
            },
            "Bank_Statement": {
              "description": "Official statements issued by banks that summarize account activity over a period, including deposits, withdrawals, fees, and balances."
            }
          },
          "splitMode": "auto",
          "processingLocation": "geography"
        }
      }
    },
    {
      "RequestUri": "https://Sanitized.services.ai.azure.com//contentunderstanding/classifiers/python-sdk-classifier-async-test_content_classifiers_get?api-version=2025-05-01-preview",
      "RequestMethod": "GET",
      "RequestHeaders": {
        "Accept": "*/*",
        "Accept-Encoding": "gzip, deflate",
        "User-Agent": "azsdk-python-ai-contentunderstanding/0.5.0 Python/3.12.9 (Linux-5.15.146.1-microsoft-standard-WSL2-x86_64-with-glibc2.35)"
      },
      "RequestBody": null,
      "StatusCode": 200,
      "ResponseHeaders": {
        "api-supported-versions": "2025-05-01-preview,2025-11-01",
        "apim-request-id": "723c2b1d-8de9-4fea-820a-f6f5f568b10e",
        "Content-Type": "application/json",
        "Date": "Tue, 12 Aug 2025 19:26:07 GMT",
        "request-id": "723c2b1d-8de9-4fea-820a-f6f5f568b10e",
        "Strict-Transport-Security": "max-age=31536000; includeSubDomains; preload",
        "Transfer-Encoding": "chunked",
        "X-Content-Type-Options": "nosniff",
        "x-envoy-upstream-service-time": "27",
        "x-ms-region": "West US"
      },
      "ResponseBody": {
        "classifierId": "python-sdk-classifier-async-test_content_classifiers_get",
        "description": "test classifier for get: python-sdk-classifier-async-test_content_classifiers_get",
        "tags": {
          "test_type": "get"
        },
        "status": "ready",
        "createdAt": "2025-08-12T19:25:37.6284601Z",
        "lastModifiedAt": "2025-08-12T19:25:37.9612027Z",
        "warnings": [],
        "categories": {
          "Loan application": {
            "description": "Documents submitted by individuals or businesses to request funding, typically including personal or business details, financial history, loan amount, purpose, and supporting documentation."
          },
          "Invoice": {
            "description": "Billing documents issued by sellers or service providers to request payment for goods or services, detailing items, prices, taxes, totals, and payment terms."
          },
          "Bank_Statement": {
            "description": "Official statements issued by banks that summarize account activity over a period, including deposits, withdrawals, fees, and balances."
          }
        },
        "splitMode": "auto",
        "processingLocation": "geography"
      }
    },
    {
      "RequestUri": "https://Sanitized.services.ai.azure.com//contentunderstanding/classifiers?api-version=2025-05-01-preview",
      "RequestMethod": "GET",
      "RequestHeaders": {
        "Accept": "application/json",
        "Accept-Encoding": "gzip, deflate",
        "User-Agent": "azsdk-python-ai-contentunderstanding/0.5.0 Python/3.12.9 (Linux-5.15.146.1-microsoft-standard-WSL2-x86_64-with-glibc2.35)"
      },
      "RequestBody": null,
      "StatusCode": 200,
      "ResponseHeaders": {
        "api-supported-versions": "2025-05-01-preview,2025-11-01",
        "apim-request-id": "9cfc62b0-a5a5-47b0-bb3d-b2d6cd5b1845",
        "Content-Type": "application/json",
        "Date": "Tue, 12 Aug 2025 19:26:07 GMT",
        "request-id": "9cfc62b0-a5a5-47b0-bb3d-b2d6cd5b1845",
        "Strict-Transport-Security": "max-age=31536000; includeSubDomains; preload",
        "Transfer-Encoding": "chunked",
        "X-Content-Type-Options": "nosniff",
        "x-envoy-upstream-service-time": "159",
        "x-ms-region": "West US"
      },
      "ResponseBody": {
        "value": [
          {
            "classifierId": "python-sdk-classifier-async-test_content_classifiers_get",
            "description": "test classifier for get: python-sdk-classifier-async-test_content_classifiers_get",
            "tags": {
              "test_type": "get"
            },
            "status": "ready",
            "createdAt": "2025-08-12T19:25:37.6284601Z",
            "lastModifiedAt": "2025-08-12T19:25:37.9612027Z",
            "warnings": [],
            "categories": {
              "Loan application": {
                "description": "Documents submitted by individuals or businesses to request funding, typically including personal or business details, financial history, loan amount, purpose, and supporting documentation."
              },
              "Invoice": {
                "description": "Billing documents issued by sellers or service providers to request payment for goods or services, detailing items, prices, taxes, totals, and payment terms."
              },
              "Bank_Statement": {
                "description": "Official statements issued by banks that summarize account activity over a period, including deposits, withdrawals, fees, and balances."
              }
            },
            "splitMode": "auto",
            "processingLocation": "geography"
          },
          {
            "classifierId": "python-sdk-test-classifier-20250810-084730-df1bde25",
            "description": "test classifier for binary classification: python-sdk-test-classifier-20250810-084730-df1bde25",
            "tags": {
              "test_type": "binary_classification"
            },
            "status": "ready",
            "createdAt": "2025-08-10T08:47:31.0770041Z",
            "lastModifiedAt": "2025-08-10T08:47:31.5587917Z",
            "warnings": [],
            "categories": {
              "Loan application": {
                "description": "Documents submitted by individuals or businesses to request funding, typically including personal or business details, financial history, loan amount, purpose, and supporting documentation."
              },
              "Invoice": {
                "description": "Billing documents issued by sellers or service providers to request payment for goods or services, detailing items, prices, taxes, totals, and payment terms."
              },
              "Bank_Statement": {
                "description": "Official statements issued by banks that summarize account activity over a period, including deposits, withdrawals, fees, and balances."
              }
            },
            "splitMode": "auto",
            "processingLocation": "geography"
          },
          {
            "classifierId": "python-sdk-test-classifier-20250810-091504-aae0dfad",
            "description": "test classifier for get result: python-sdk-test-classifier-20250810-091504-aae0dfad",
            "tags": {
              "test_type": "get_result"
            },
            "status": "ready",
            "createdAt": "2025-08-10T09:15:06.0679418Z",
            "lastModifiedAt": "2025-08-10T09:15:06.394831Z",
            "warnings": [],
            "categories": {
              "Loan application": {
                "description": "Documents submitted by individuals or businesses to request funding, typically including personal or business details, financial history, loan amount, purpose, and supporting documentation."
              },
              "Invoice": {
                "description": "Billing documents issued by sellers or service providers to request payment for goods or services, detailing items, prices, taxes, totals, and payment terms."
              },
              "Bank_Statement": {
                "description": "Official statements issued by banks that summarize account activity over a period, including deposits, withdrawals, fees, and balances."
              }
            },
            "splitMode": "auto",
            "processingLocation": "geography"
          },
          {
            "classifierId": "python-sdk-test-classifier-20250810-091538-bbfb6907",
            "description": "test classifier for binary classification: python-sdk-test-classifier-20250810-091538-bbfb6907",
            "tags": {
              "test_type": "binary_classification"
            },
            "status": "ready",
            "createdAt": "2025-08-10T09:15:39.4746593Z",
            "lastModifiedAt": "2025-08-10T09:15:39.7533408Z",
            "warnings": [],
            "categories": {
              "Loan application": {
                "description": "Documents submitted by individuals or businesses to request funding, typically including personal or business details, financial history, loan amount, purpose, and supporting documentation."
              },
              "Invoice": {
                "description": "Billing documents issued by sellers or service providers to request payment for goods or services, detailing items, prices, taxes, totals, and payment terms."
              },
              "Bank_Statement": {
                "description": "Official statements issued by banks that summarize account activity over a period, including deposits, withdrawals, fees, and balances."
              }
            },
            "splitMode": "auto",
            "processingLocation": "geography"
          },
          {
            "classifierId": "python-sdk-test-classifier-20250810-091716-180e2c60",
            "description": "test classifier for deletion: python-sdk-test-classifier-20250810-091716-180e2c60",
            "tags": {
              "test_type": "deletion"
            },
            "status": "ready",
            "createdAt": "2025-08-10T09:17:17.827456Z",
            "lastModifiedAt": "2025-08-10T09:17:18.3906936Z",
            "warnings": [],
            "categories": {
              "Loan application": {
                "description": "Documents submitted by individuals or businesses to request funding, typically including personal or business details, financial history, loan amount, purpose, and supporting documentation."
              },
              "Invoice": {
                "description": "Billing documents issued by sellers or service providers to request payment for goods or services, detailing items, prices, taxes, totals, and payment terms."
              },
              "Bank_Statement": {
                "description": "Official statements issued by banks that summarize account activity over a period, including deposits, withdrawals, fees, and balances."
              }
            },
            "splitMode": "auto",
            "processingLocation": "geography"
          },
          {
            "classifierId": "python-sdk-test-classifier-20250810-091716-955d9bf4",
            "description": "test classifier for classification: python-sdk-test-classifier-20250810-091716-955d9bf4",
            "tags": {
              "test_type": "classification"
            },
            "status": "ready",
            "createdAt": "2025-08-10T09:17:17.8127731Z",
            "lastModifiedAt": "2025-08-10T09:17:17.9434313Z",
            "warnings": [],
            "categories": {
              "Loan application": {
                "description": "Documents submitted by individuals or businesses to request funding, typically including personal or business details, financial history, loan amount, purpose, and supporting documentation."
              },
              "Invoice": {
                "description": "Billing documents issued by sellers or service providers to request payment for goods or services, detailing items, prices, taxes, totals, and payment terms."
              },
              "Bank_Statement": {
                "description": "Official statements issued by banks that summarize account activity over a period, including deposits, withdrawals, fees, and balances."
              }
            },
            "splitMode": "auto",
            "processingLocation": "geography"
          },
          {
            "classifierId": "python-sdk-test-classifier-20250810-091716-b6b2e340",
            "description": "test classifier for operation status: python-sdk-test-classifier-20250810-091716-b6b2e340",
            "tags": {
              "test_type": "operation_status"
            },
            "status": "ready",
            "createdAt": "2025-08-10T09:17:17.6916095Z",
            "lastModifiedAt": "2025-08-10T09:17:17.9164432Z",
            "warnings": [],
            "categories": {
              "Loan application": {
                "description": "Documents submitted by individuals or businesses to request funding, typically including personal or business details, financial history, loan amount, purpose, and supporting documentation."
              },
              "Invoice": {
                "description": "Billing documents issued by sellers or service providers to request payment for goods or services, detailing items, prices, taxes, totals, and payment terms."
              },
              "Bank_Statement": {
                "description": "Official statements issued by banks that summarize account activity over a period, including deposits, withdrawals, fees, and balances."
              }
            },
            "splitMode": "auto",
            "processingLocation": "geography"
          },
          {
            "classifierId": "python-sdk-test-classifier-20250810-091716-dee7246c",
            "description": "Initial classifier for update test: python-sdk-test-classifier-20250810-091716-dee7246c",
            "tags": {
              "initial_tag": "initial_value"
            },
            "status": "ready",
            "createdAt": "2025-08-10T09:17:17.6905612Z",
            "lastModifiedAt": "2025-08-10T09:17:17.9070787Z",
            "warnings": [],
            "categories": {
              "Loan application": {
                "description": "Documents submitted by individuals or businesses to request funding, typically including personal or business details, financial history, loan amount, purpose, and supporting documentation."
              },
              "Invoice": {
                "description": "Billing documents issued by sellers or service providers to request payment for goods or services, detailing items, prices, taxes, totals, and payment terms."
              },
              "Bank_Statement": {
                "description": "Official statements issued by banks that summarize account activity over a period, including deposits, withdrawals, fees, and balances."
              }
            },
            "splitMode": "auto",
            "processingLocation": "geography"
          },
          {
            "classifierId": "python-sdk-test-classifier-20250810-092923-ada69ed5",
            "description": "test classifier for classification: python-sdk-test-classifier-20250810-092923-ada69ed5",
            "tags": {
              "test_type": "classification"
            },
            "status": "ready",
            "createdAt": "2025-08-10T09:29:25.2719934Z",
            "lastModifiedAt": "2025-08-10T09:29:25.6150143Z",
            "warnings": [],
            "categories": {
              "Loan application": {
                "description": "Documents submitted by individuals or businesses to request funding, typically including personal or business details, financial history, loan amount, purpose, and supporting documentation."
              },
              "Invoice": {
                "description": "Billing documents issued by sellers or service providers to request payment for goods or services, detailing items, prices, taxes, totals, and payment terms."
              },
              "Bank_Statement": {
                "description": "Official statements issued by banks that summarize account activity over a period, including deposits, withdrawals, fees, and balances."
              }
            },
            "splitMode": "auto",
            "processingLocation": "geography"
          },
          {
            "classifierId": "python-sdk-test-classifier-20250810-092923-c58319c3",
            "description": "test classifier for get result: python-sdk-test-classifier-20250810-092923-c58319c3",
            "tags": {
              "test_type": "get_result"
            },
            "status": "ready",
            "createdAt": "2025-08-10T09:29:25.4253306Z",
            "lastModifiedAt": "2025-08-10T09:29:25.7050206Z",
            "warnings": [],
            "categories": {
              "Loan application": {
                "description": "Documents submitted by individuals or businesses to request funding, typically including personal or business details, financial history, loan amount, purpose, and supporting documentation."
              },
              "Invoice": {
                "description": "Billing documents issued by sellers or service providers to request payment for goods or services, detailing items, prices, taxes, totals, and payment terms."
              },
              "Bank_Statement": {
                "description": "Official statements issued by banks that summarize account activity over a period, including deposits, withdrawals, fees, and balances."
              }
            },
            "splitMode": "auto",
            "processingLocation": "geography"
          },
          {
            "classifierId": "python-sdk-test-classifier-20250810-092956-5014afe8",
            "description": "test classifier for create or replace: python-sdk-test-classifier-20250810-092956-5014afe8",
            "tags": {
              "test_type": "create_or_replace"
            },
            "status": "ready",
            "createdAt": "2025-08-10T09:29:57.4949045Z",
            "lastModifiedAt": "2025-08-10T09:29:57.7776627Z",
            "warnings": [],
            "categories": {
              "Loan application": {
                "description": "Documents submitted by individuals or businesses to request funding, typically including personal or business details, financial history, loan amount, purpose, and supporting documentation."
              },
              "Invoice": {
                "description": "Billing documents issued by sellers or service providers to request payment for goods or services, detailing items, prices, taxes, totals, and payment terms."
              },
              "Bank_Statement": {
                "description": "Official statements issued by banks that summarize account activity over a period, including deposits, withdrawals, fees, and balances."
              }
            },
            "splitMode": "auto",
            "processingLocation": "geography"
          },
          {
            "classifierId": "python-sdk-test-classifier-20250810-092957-98e588f4",
            "description": "test classifier for get: python-sdk-test-classifier-20250810-092957-98e588f4",
            "tags": {
              "test_type": "get"
            },
            "status": "ready",
            "createdAt": "2025-08-10T09:29:58.6306538Z",
            "lastModifiedAt": "2025-08-10T09:29:59.0954638Z",
            "warnings": [],
            "categories": {
              "Loan application": {
                "description": "Documents submitted by individuals or businesses to request funding, typically including personal or business details, financial history, loan amount, purpose, and supporting documentation."
              },
              "Invoice": {
                "description": "Billing documents issued by sellers or service providers to request payment for goods or services, detailing items, prices, taxes, totals, and payment terms."
              },
              "Bank_Statement": {
                "description": "Official statements issued by banks that summarize account activity over a period, including deposits, withdrawals, fees, and balances."
              }
            },
            "splitMode": "auto",
            "processingLocation": "geography"
          },
          {
            "classifierId": "python-sdk-test-classifier-20250810-092959-3d573b35",
            "description": "test classifier for list: python-sdk-test-classifier-20250810-092959-3d573b35",
            "tags": {
              "test_type": "list"
            },
            "status": "ready",
            "createdAt": "2025-08-10T09:29:59.1523909Z",
            "lastModifiedAt": "2025-08-10T09:29:59.8910842Z",
            "warnings": [],
            "categories": {
              "Loan application": {
                "description": "Documents submitted by individuals or businesses to request funding, typically including personal or business details, financial history, loan amount, purpose, and supporting documentation."
              },
              "Invoice": {
                "description": "Billing documents issued by sellers or service providers to request payment for goods or services, detailing items, prices, taxes, totals, and payment terms."
              },
              "Bank_Statement": {
                "description": "Official statements issued by banks that summarize account activity over a period, including deposits, withdrawals, fees, and balances."
              }
            },
            "splitMode": "auto",
            "processingLocation": "geography"
          }
        ]
      }
    },
    {
      "RequestUri": "https://Sanitized.services.ai.azure.com//contentunderstanding/classifiers/python-sdk-classifier-async-test_content_classifiers_get?api-version=2025-05-01-preview",
      "RequestMethod": "GET",
      "RequestHeaders": {
        "Accept": "application/json",
        "Accept-Encoding": "gzip, deflate",
        "User-Agent": "azsdk-python-ai-contentunderstanding/0.5.0 Python/3.12.9 (Linux-5.15.146.1-microsoft-standard-WSL2-x86_64-with-glibc2.35)"
      },
      "RequestBody": null,
      "StatusCode": 200,
      "ResponseHeaders": {
        "api-supported-versions": "2025-05-01-preview,2025-11-01",
        "apim-request-id": "71bcd102-8101-4554-b1d8-3d8acb135ea0",
        "Content-Type": "application/json",
        "Date": "Tue, 12 Aug 2025 19:26:07 GMT",
        "request-id": "71bcd102-8101-4554-b1d8-3d8acb135ea0",
        "Strict-Transport-Security": "max-age=31536000; includeSubDomains; preload",
        "Transfer-Encoding": "chunked",
        "X-Content-Type-Options": "nosniff",
        "x-envoy-upstream-service-time": "25",
        "x-ms-region": "West US"
      },
      "ResponseBody": {
        "classifierId": "python-sdk-classifier-async-test_content_classifiers_get",
        "description": "test classifier for get: python-sdk-classifier-async-test_content_classifiers_get",
        "tags": {
          "test_type": "get"
        },
        "status": "ready",
        "createdAt": "2025-08-12T19:25:37.6284601Z",
        "lastModifiedAt": "2025-08-12T19:25:37.9612027Z",
        "warnings": [],
        "categories": {
          "Loan application": {
            "description": "Documents submitted by individuals or businesses to request funding, typically including personal or business details, financial history, loan amount, purpose, and supporting documentation."
          },
          "Invoice": {
            "description": "Billing documents issued by sellers or service providers to request payment for goods or services, detailing items, prices, taxes, totals, and payment terms."
          },
          "Bank_Statement": {
            "description": "Official statements issued by banks that summarize account activity over a period, including deposits, withdrawals, fees, and balances."
          }
        },
        "splitMode": "auto",
        "processingLocation": "geography"
      }
    },
    {
      "RequestUri": "https://Sanitized.services.ai.azure.com//contentunderstanding/classifiers/python-sdk-classifier-async-test_content_classifiers_get?api-version=2025-05-01-preview",
      "RequestMethod": "DELETE",
      "RequestHeaders": {
        "Accept": "application/json",
        "Accept-Encoding": "gzip, deflate",
        "Content-Length": "0",
        "User-Agent": "azsdk-python-ai-contentunderstanding/0.5.0 Python/3.12.9 (Linux-5.15.146.1-microsoft-standard-WSL2-x86_64-with-glibc2.35)"
      },
      "RequestBody": null,
      "StatusCode": 204,
      "ResponseHeaders": {
        "api-supported-versions": "2025-05-01-preview,2025-11-01",
        "apim-request-id": "c514fed1-9b9a-49d4-bf64-0bdd3fed98fb",
        "Content-Length": "0",
        "Date": "Tue, 12 Aug 2025 19:26:07 GMT",
        "request-id": "c514fed1-9b9a-49d4-bf64-0bdd3fed98fb",
        "Strict-Transport-Security": "max-age=31536000; includeSubDomains; preload",
        "X-Content-Type-Options": "nosniff",
        "x-envoy-upstream-service-time": "27",
        "x-ms-region": "West US"
      },
      "ResponseBody": null
    },
    {
      "RequestUri": "https://Sanitized.services.ai.azure.com//contentunderstanding/classifiers?api-version=2025-05-01-preview",
      "RequestMethod": "GET",
      "RequestHeaders": {
        "Accept": "application/json",
        "Accept-Encoding": "gzip, deflate",
        "User-Agent": "azsdk-python-ai-contentunderstanding/0.5.0 Python/3.12.9 (Linux-5.15.146.1-microsoft-standard-WSL2-x86_64-with-glibc2.35)"
      },
      "RequestBody": null,
      "StatusCode": 200,
      "ResponseHeaders": {
        "api-supported-versions": "2025-05-01-preview,2025-11-01",
        "apim-request-id": "03ad1ddd-dab5-4fba-affb-11418b753a00",
        "Content-Type": "application/json",
        "Date": "Tue, 12 Aug 2025 19:26:07 GMT",
        "request-id": "03ad1ddd-dab5-4fba-affb-11418b753a00",
        "Strict-Transport-Security": "max-age=31536000; includeSubDomains; preload",
        "Transfer-Encoding": "chunked",
        "X-Content-Type-Options": "nosniff",
        "x-envoy-upstream-service-time": "123",
        "x-ms-region": "West US"
      },
      "ResponseBody": {
        "value": [
          {
            "classifierId": "python-sdk-test-classifier-20250810-084730-df1bde25",
            "description": "test classifier for binary classification: python-sdk-test-classifier-20250810-084730-df1bde25",
            "tags": {
              "test_type": "binary_classification"
            },
            "status": "ready",
            "createdAt": "2025-08-10T08:47:31.0770041Z",
            "lastModifiedAt": "2025-08-10T08:47:31.5587917Z",
            "warnings": [],
            "categories": {
              "Loan application": {
                "description": "Documents submitted by individuals or businesses to request funding, typically including personal or business details, financial history, loan amount, purpose, and supporting documentation."
              },
              "Invoice": {
                "description": "Billing documents issued by sellers or service providers to request payment for goods or services, detailing items, prices, taxes, totals, and payment terms."
              },
              "Bank_Statement": {
                "description": "Official statements issued by banks that summarize account activity over a period, including deposits, withdrawals, fees, and balances."
              }
            },
            "splitMode": "auto",
            "processingLocation": "geography"
          },
          {
            "classifierId": "python-sdk-test-classifier-20250810-091504-aae0dfad",
            "description": "test classifier for get result: python-sdk-test-classifier-20250810-091504-aae0dfad",
            "tags": {
              "test_type": "get_result"
            },
            "status": "ready",
            "createdAt": "2025-08-10T09:15:06.0679418Z",
            "lastModifiedAt": "2025-08-10T09:15:06.394831Z",
            "warnings": [],
            "categories": {
              "Loan application": {
                "description": "Documents submitted by individuals or businesses to request funding, typically including personal or business details, financial history, loan amount, purpose, and supporting documentation."
              },
              "Invoice": {
                "description": "Billing documents issued by sellers or service providers to request payment for goods or services, detailing items, prices, taxes, totals, and payment terms."
              },
              "Bank_Statement": {
                "description": "Official statements issued by banks that summarize account activity over a period, including deposits, withdrawals, fees, and balances."
              }
            },
            "splitMode": "auto",
            "processingLocation": "geography"
          },
          {
            "classifierId": "python-sdk-test-classifier-20250810-091538-bbfb6907",
            "description": "test classifier for binary classification: python-sdk-test-classifier-20250810-091538-bbfb6907",
            "tags": {
              "test_type": "binary_classification"
            },
            "status": "ready",
            "createdAt": "2025-08-10T09:15:39.4746593Z",
            "lastModifiedAt": "2025-08-10T09:15:39.7533408Z",
            "warnings": [],
            "categories": {
              "Loan application": {
                "description": "Documents submitted by individuals or businesses to request funding, typically including personal or business details, financial history, loan amount, purpose, and supporting documentation."
              },
              "Invoice": {
                "description": "Billing documents issued by sellers or service providers to request payment for goods or services, detailing items, prices, taxes, totals, and payment terms."
              },
              "Bank_Statement": {
                "description": "Official statements issued by banks that summarize account activity over a period, including deposits, withdrawals, fees, and balances."
              }
            },
            "splitMode": "auto",
            "processingLocation": "geography"
          },
          {
            "classifierId": "python-sdk-test-classifier-20250810-091716-180e2c60",
            "description": "test classifier for deletion: python-sdk-test-classifier-20250810-091716-180e2c60",
            "tags": {
              "test_type": "deletion"
            },
            "status": "ready",
            "createdAt": "2025-08-10T09:17:17.827456Z",
            "lastModifiedAt": "2025-08-10T09:17:18.3906936Z",
            "warnings": [],
            "categories": {
              "Loan application": {
                "description": "Documents submitted by individuals or businesses to request funding, typically including personal or business details, financial history, loan amount, purpose, and supporting documentation."
              },
              "Invoice": {
                "description": "Billing documents issued by sellers or service providers to request payment for goods or services, detailing items, prices, taxes, totals, and payment terms."
              },
              "Bank_Statement": {
                "description": "Official statements issued by banks that summarize account activity over a period, including deposits, withdrawals, fees, and balances."
              }
            },
            "splitMode": "auto",
            "processingLocation": "geography"
          },
          {
            "classifierId": "python-sdk-test-classifier-20250810-091716-955d9bf4",
            "description": "test classifier for classification: python-sdk-test-classifier-20250810-091716-955d9bf4",
            "tags": {
              "test_type": "classification"
            },
            "status": "ready",
            "createdAt": "2025-08-10T09:17:17.8127731Z",
            "lastModifiedAt": "2025-08-10T09:17:17.9434313Z",
            "warnings": [],
            "categories": {
              "Loan application": {
                "description": "Documents submitted by individuals or businesses to request funding, typically including personal or business details, financial history, loan amount, purpose, and supporting documentation."
              },
              "Invoice": {
                "description": "Billing documents issued by sellers or service providers to request payment for goods or services, detailing items, prices, taxes, totals, and payment terms."
              },
              "Bank_Statement": {
                "description": "Official statements issued by banks that summarize account activity over a period, including deposits, withdrawals, fees, and balances."
              }
            },
            "splitMode": "auto",
            "processingLocation": "geography"
          },
          {
            "classifierId": "python-sdk-test-classifier-20250810-091716-b6b2e340",
            "description": "test classifier for operation status: python-sdk-test-classifier-20250810-091716-b6b2e340",
            "tags": {
              "test_type": "operation_status"
            },
            "status": "ready",
            "createdAt": "2025-08-10T09:17:17.6916095Z",
            "lastModifiedAt": "2025-08-10T09:17:17.9164432Z",
            "warnings": [],
            "categories": {
              "Loan application": {
                "description": "Documents submitted by individuals or businesses to request funding, typically including personal or business details, financial history, loan amount, purpose, and supporting documentation."
              },
              "Invoice": {
                "description": "Billing documents issued by sellers or service providers to request payment for goods or services, detailing items, prices, taxes, totals, and payment terms."
              },
              "Bank_Statement": {
                "description": "Official statements issued by banks that summarize account activity over a period, including deposits, withdrawals, fees, and balances."
              }
            },
            "splitMode": "auto",
            "processingLocation": "geography"
          },
          {
            "classifierId": "python-sdk-test-classifier-20250810-091716-dee7246c",
            "description": "Initial classifier for update test: python-sdk-test-classifier-20250810-091716-dee7246c",
            "tags": {
              "initial_tag": "initial_value"
            },
            "status": "ready",
            "createdAt": "2025-08-10T09:17:17.6905612Z",
            "lastModifiedAt": "2025-08-10T09:17:17.9070787Z",
            "warnings": [],
            "categories": {
              "Loan application": {
                "description": "Documents submitted by individuals or businesses to request funding, typically including personal or business details, financial history, loan amount, purpose, and supporting documentation."
              },
              "Invoice": {
                "description": "Billing documents issued by sellers or service providers to request payment for goods or services, detailing items, prices, taxes, totals, and payment terms."
              },
              "Bank_Statement": {
                "description": "Official statements issued by banks that summarize account activity over a period, including deposits, withdrawals, fees, and balances."
              }
            },
            "splitMode": "auto",
            "processingLocation": "geography"
          },
          {
            "classifierId": "python-sdk-test-classifier-20250810-092923-ada69ed5",
            "description": "test classifier for classification: python-sdk-test-classifier-20250810-092923-ada69ed5",
            "tags": {
              "test_type": "classification"
            },
            "status": "ready",
            "createdAt": "2025-08-10T09:29:25.2719934Z",
            "lastModifiedAt": "2025-08-10T09:29:25.6150143Z",
            "warnings": [],
            "categories": {
              "Loan application": {
                "description": "Documents submitted by individuals or businesses to request funding, typically including personal or business details, financial history, loan amount, purpose, and supporting documentation."
              },
              "Invoice": {
                "description": "Billing documents issued by sellers or service providers to request payment for goods or services, detailing items, prices, taxes, totals, and payment terms."
              },
              "Bank_Statement": {
                "description": "Official statements issued by banks that summarize account activity over a period, including deposits, withdrawals, fees, and balances."
              }
            },
            "splitMode": "auto",
            "processingLocation": "geography"
          },
          {
            "classifierId": "python-sdk-test-classifier-20250810-092923-c58319c3",
            "description": "test classifier for get result: python-sdk-test-classifier-20250810-092923-c58319c3",
            "tags": {
              "test_type": "get_result"
            },
            "status": "ready",
            "createdAt": "2025-08-10T09:29:25.4253306Z",
            "lastModifiedAt": "2025-08-10T09:29:25.7050206Z",
            "warnings": [],
            "categories": {
              "Loan application": {
                "description": "Documents submitted by individuals or businesses to request funding, typically including personal or business details, financial history, loan amount, purpose, and supporting documentation."
              },
              "Invoice": {
                "description": "Billing documents issued by sellers or service providers to request payment for goods or services, detailing items, prices, taxes, totals, and payment terms."
              },
              "Bank_Statement": {
                "description": "Official statements issued by banks that summarize account activity over a period, including deposits, withdrawals, fees, and balances."
              }
            },
            "splitMode": "auto",
            "processingLocation": "geography"
          },
          {
            "classifierId": "python-sdk-test-classifier-20250810-092956-5014afe8",
            "description": "test classifier for create or replace: python-sdk-test-classifier-20250810-092956-5014afe8",
            "tags": {
              "test_type": "create_or_replace"
            },
            "status": "ready",
            "createdAt": "2025-08-10T09:29:57.4949045Z",
            "lastModifiedAt": "2025-08-10T09:29:57.7776627Z",
            "warnings": [],
            "categories": {
              "Loan application": {
                "description": "Documents submitted by individuals or businesses to request funding, typically including personal or business details, financial history, loan amount, purpose, and supporting documentation."
              },
              "Invoice": {
                "description": "Billing documents issued by sellers or service providers to request payment for goods or services, detailing items, prices, taxes, totals, and payment terms."
              },
              "Bank_Statement": {
                "description": "Official statements issued by banks that summarize account activity over a period, including deposits, withdrawals, fees, and balances."
              }
            },
            "splitMode": "auto",
            "processingLocation": "geography"
          },
          {
            "classifierId": "python-sdk-test-classifier-20250810-092957-98e588f4",
            "description": "test classifier for get: python-sdk-test-classifier-20250810-092957-98e588f4",
            "tags": {
              "test_type": "get"
            },
            "status": "ready",
            "createdAt": "2025-08-10T09:29:58.6306538Z",
            "lastModifiedAt": "2025-08-10T09:29:59.0954638Z",
            "warnings": [],
            "categories": {
              "Loan application": {
                "description": "Documents submitted by individuals or businesses to request funding, typically including personal or business details, financial history, loan amount, purpose, and supporting documentation."
              },
              "Invoice": {
                "description": "Billing documents issued by sellers or service providers to request payment for goods or services, detailing items, prices, taxes, totals, and payment terms."
              },
              "Bank_Statement": {
                "description": "Official statements issued by banks that summarize account activity over a period, including deposits, withdrawals, fees, and balances."
              }
            },
            "splitMode": "auto",
            "processingLocation": "geography"
          },
          {
            "classifierId": "python-sdk-test-classifier-20250810-092959-3d573b35",
            "description": "test classifier for list: python-sdk-test-classifier-20250810-092959-3d573b35",
            "tags": {
              "test_type": "list"
            },
            "status": "ready",
            "createdAt": "2025-08-10T09:29:59.1523909Z",
            "lastModifiedAt": "2025-08-10T09:29:59.8910842Z",
            "warnings": [],
            "categories": {
              "Loan application": {
                "description": "Documents submitted by individuals or businesses to request funding, typically including personal or business details, financial history, loan amount, purpose, and supporting documentation."
              },
              "Invoice": {
                "description": "Billing documents issued by sellers or service providers to request payment for goods or services, detailing items, prices, taxes, totals, and payment terms."
              },
              "Bank_Statement": {
                "description": "Official statements issued by banks that summarize account activity over a period, including deposits, withdrawals, fees, and balances."
              }
            },
            "splitMode": "auto",
            "processingLocation": "geography"
          }
        ]
      }
    }
  ],
  "Variables": {}
}
