{
  "Entries": [
    {
      "RequestUri": "https://REDACTED.queue.core.windows.net/cdd72uhdqk",
      "RequestMethod": "PUT",
      "RequestHeaders": {
        "Authorization": "Sanitized",
        "Content-Length": "0",
        "Expect": "100-continue",
        "User-Agent": "azsdk-cpp-storage-queues/12.1.0-beta.1 (Windows 10 Pro 6.3 19044 19041.1.amd64fre.vb_release.191206-1406)",
        "x-ms-client-request-id": "40fcd3ca-f23a-4a77-5f85-93d8546ad683",
        "x-ms-date": "Wed, 22 Feb 2023 09:52:11 GMT",
        "x-ms-version": "2018-03-28"
      },
      "RequestBody": null,
      "StatusCode": 201,
      "ResponseHeaders": {
        "Content-Length": "0",
        "Date": "Wed, 22 Feb 2023 09:52:11 GMT",
        "Server": [
          "Windows-Azure-Queue/1.0",
          "Microsoft-HTTPAPI/2.0"
        ],
        "x-ms-request-id": "49dc9693-4003-0099-30a3-463382000000",
        "x-ms-version": "2018-03-28"
      },
      "ResponseBody": null
    },
    {
      "RequestUri": "https://REDACTED.queue.core.windows.net/cdd72uhdqk?comp=metadata",
      "RequestMethod": "GET",
      "RequestHeaders": {
        "Authorization": "Sanitized",
        "User-Agent": "azsdk-cpp-storage-queues/12.1.0-beta.1 (Windows 10 Pro 6.3 19044 19041.1.amd64fre.vb_release.191206-1406)",
        "x-ms-client-request-id": "e9f8e28f-9e56-4e72-7b1a-c00e4d5e25e4",
        "x-ms-date": "Wed, 22 Feb 2023 09:52:11 GMT",
        "x-ms-version": "2018-03-28"
      },
      "RequestBody": null,
      "StatusCode": 200,
      "ResponseHeaders": {
        "Cache-Control": "no-cache",
        "Content-Length": "0",
        "Date": "Wed, 22 Feb 2023 09:52:11 GMT",
        "Server": [
          "Windows-Azure-Queue/1.0",
          "Microsoft-HTTPAPI/2.0"
        ],
        "x-ms-approximate-messages-count": "0",
        "x-ms-request-id": "49dc9728-4003-0099-0ca3-463382000000",
        "x-ms-version": "2018-03-28"
      },
      "ResponseBody": null
    },
    {
      "RequestUri": "https://REDACTED.queue.core.windows.net/cdd72uhdqk",
      "RequestMethod": "DELETE",
      "RequestHeaders": {
        "Authorization": "Sanitized",
        "User-Agent": "azsdk-cpp-storage-queues/12.1.0-beta.1 (Windows 10 Pro 6.3 19044 19041.1.amd64fre.vb_release.191206-1406)",
        "x-ms-client-request-id": "50112801-3ce7-4647-5e5d-09357e74cf60",
        "x-ms-date": "Wed, 22 Feb 2023 09:52:12 GMT",
        "x-ms-version": "2018-03-28"
      },
      "RequestBody": null,
      "StatusCode": 204,
      "ResponseHeaders": {
        "Content-Length": "0",
        "Date": "Wed, 22 Feb 2023 09:52:11 GMT",
        "Server": [
          "Windows-Azure-Queue/1.0",
          "Microsoft-HTTPAPI/2.0"
        ],
        "x-ms-request-id": "49dc97d5-4003-0099-7da3-463382000000",
        "x-ms-version": "2018-03-28"
      },
      "ResponseBody": null
    },
    {
      "RequestUri": "https://REDACTED.queue.core.windows.net/cdd72uhdqk?comp=metadata",
      "RequestMethod": "GET",
      "RequestHeaders": {
        "Authorization": "Sanitized",
        "User-Agent": "azsdk-cpp-storage-queues/12.1.0-beta.1 (Windows 10 Pro 6.3 19044 19041.1.amd64fre.vb_release.191206-1406)",
        "x-ms-client-request-id": "67c2c13d-6228-42f4-4a2b-8da44cfc08d3",
        "x-ms-date": "Wed, 22 Feb 2023 09:52:12 GMT",
        "x-ms-version": "2018-03-28"
      },
      "RequestBody": null,
      "StatusCode": 404,
      "ResponseHeaders": {
        "Content-Length": "217",
        "Content-Type": "application/xml",
        "Date": "Wed, 22 Feb 2023 09:52:11 GMT",
        "Server": [
          "Windows-Azure-Queue/1.0",
          "Microsoft-HTTPAPI/2.0"
        ],
        "x-ms-error-code": "QueueNotFound",
        "x-ms-request-id": "49dc9866-4003-0099-68a3-463382000000",
        "x-ms-version": "2018-03-28"
      },
      "ResponseBody": [
        "\uFEFF\u003C?xml version=\u00221.0\u0022 encoding=\u0022utf-8\u0022?\u003E\u003CError\u003E\u003CCode\u003EQueueNotFound\u003C/Code\u003E\u003CMessage\u003EThe specified queue does not exist.\n",
        "RequestId:49dc9866-4003-0099-68a3-463382000000\n",
        "Time:2023-02-22T09:52:12.5441203Z\u003C/Message\u003E\u003C/Error\u003E"
      ]
    }
  ],
  "Variables": {}
}
