{
  "Entries": [
    {
      "RequestUri": "https://endpoint/openai/images/generations:submit?api-version=2023-09-01-preview",
      "RequestMethod": "POST",
      "RequestHeaders": {
        "Accept": "application/json",
        "Accept-Encoding": "gzip, deflate, br",
        "Accept-Language": "en-US",
        "api-key": "azure_api_key",
        "Connection": "keep-alive",
        "Content-Length": "60",
        "Content-Type": "application/json; charset=UTF-8",
        "Referer": "http://localhost:9876/",
        "sec-ch-ua": "",
        "sec-ch-ua-mobile": "?0",
        "sec-ch-ua-platform": "\u0022\u0022",
        "Sec-Fetch-Dest": "empty",
        "Sec-Fetch-Mode": "cors",
        "Sec-Fetch-Site": "same-site",
        "User-Agent": "Mozilla/5.0 (X11; Linux x86_64) AppleWebKit/537.36 (KHTML, like Gecko) HeadlessChrome/112.0.5614.0 Safari/537.36",
        "x-ms-client-request-id": "89e2165a-cde4-4ce1-8025-5231d3cb727d",
        "x-ms-useragent": "azsdk-js-openai-rest/1.0.0-beta.6 core-rest-pipeline/1.12.1 OS"
      },
      "RequestBody": {
        "prompt": "a monkey eating a banana",
        "n": 3,
        "size": "256x256"
      },
      "StatusCode": 202,
      "ResponseHeaders": {
        "apim-request-id": "fd38581a-b84a-4fa2-9cd3-3385f1d5f3b8",
        "Content-Length": "67",
        "Content-Type": "application/json",
        "Date": "Tue, 12 Sep 2023 22:30:35 GMT",
        "OpenAI-Processing-Ms": "33.5285",
        "operation-location": "https://endpoint/openai/operations/images/3212e0ed-3586-4d9f-9ed8-b34c5be85289?api-version=2023-09-01-preview",
        "Strict-Transport-Security": "max-age=31536000; includeSubDomains; preload",
        "X-Content-Type-Options": "nosniff",
        "x-envoy-upstream-service-time": "24",
        "x-ms-client-request-id": "89e2165a-cde4-4ce1-8025-5231d3cb727d",
        "x-ms-region": "East US",
        "x-ms-request-id": "fd38581a-b84a-4fa2-9cd3-3385f1d5f3b8"
      },
      "ResponseBody": {
        "id": "3212e0ed-3586-4d9f-9ed8-b34c5be85289",
        "status": "notRunning"
      }
    },
    {
      "RequestUri": "https://endpoint/openai/operations/images/3212e0ed-3586-4d9f-9ed8-b34c5be85289?api-version=2023-09-01-preview",
      "RequestMethod": "GET",
      "RequestHeaders": {
        "Accept": "application/json",
        "Accept-Encoding": "gzip, deflate, br",
        "Accept-Language": "en-US",
        "api-key": "azure_api_key",
        "Connection": "keep-alive",
        "Referer": "http://localhost:9876/",
        "sec-ch-ua": "",
        "sec-ch-ua-mobile": "?0",
        "sec-ch-ua-platform": "\u0022\u0022",
        "Sec-Fetch-Dest": "empty",
        "Sec-Fetch-Mode": "cors",
        "Sec-Fetch-Site": "same-site",
        "User-Agent": "Mozilla/5.0 (X11; Linux x86_64) AppleWebKit/537.36 (KHTML, like Gecko) HeadlessChrome/112.0.5614.0 Safari/537.36",
        "x-ms-client-request-id": "29df5526-fad2-42ed-ba88-1dadc9ef6785",
        "x-ms-useragent": "azsdk-js-openai-rest/1.0.0-beta.6 core-rest-pipeline/1.12.1 OS"
      },
      "RequestBody": null,
      "StatusCode": 200,
      "ResponseHeaders": {
        "apim-request-id": "ae493366-b8d3-40b3-a556-68608fc24baf",
        "Content-Length": "88",
        "Content-Type": "application/json",
        "Date": "Tue, 12 Sep 2023 22:30:36 GMT",
        "OpenAI-Processing-Ms": "12.462",
        "Retry-After": "6",
        "Strict-Transport-Security": "max-age=31536000; includeSubDomains; preload",
        "X-Content-Type-Options": "nosniff",
        "x-envoy-upstream-service-time": "6",
        "x-ms-client-request-id": "29df5526-fad2-42ed-ba88-1dadc9ef6785",
        "x-ms-region": "East US",
        "x-ms-request-id": "ae493366-b8d3-40b3-a556-68608fc24baf"
      },
      "ResponseBody": {
        "created": 1694557836,
        "id": "3212e0ed-3586-4d9f-9ed8-b34c5be85289",
        "status": "notRunning"
      }
    },
    {
      "RequestUri": "https://endpoint/openai/operations/images/3212e0ed-3586-4d9f-9ed8-b34c5be85289?api-version=2023-09-01-preview",
      "RequestMethod": "GET",
      "RequestHeaders": {
        "Accept": "application/json",
        "Accept-Encoding": "gzip, deflate, br",
        "Accept-Language": "en-US",
        "api-key": "azure_api_key",
        "Connection": "keep-alive",
        "Referer": "http://localhost:9876/",
        "sec-ch-ua": "",
        "sec-ch-ua-mobile": "?0",
        "sec-ch-ua-platform": "\u0022\u0022",
        "Sec-Fetch-Dest": "empty",
        "Sec-Fetch-Mode": "cors",
        "Sec-Fetch-Site": "same-site",
        "User-Agent": "Mozilla/5.0 (X11; Linux x86_64) AppleWebKit/537.36 (KHTML, like Gecko) HeadlessChrome/112.0.5614.0 Safari/537.36",
        "x-ms-client-request-id": "fe89dba4-4b0b-418c-adfb-725f4c3d7a0e",
        "x-ms-useragent": "azsdk-js-openai-rest/1.0.0-beta.6 core-rest-pipeline/1.12.1 OS"
      },
      "RequestBody": null,
      "StatusCode": 200,
      "ResponseHeaders": {
        "apim-request-id": "7077a01f-edc0-435e-ac45-a81cf8b6fcd6",
        "Content-Length": "545",
        "Content-Type": "application/json",
        "Date": "Tue, 12 Sep 2023 22:30:42 GMT",
        "OpenAI-Processing-Ms": "11.8611",
        "Strict-Transport-Security": "max-age=31536000; includeSubDomains; preload",
        "X-Content-Type-Options": "nosniff",
        "x-envoy-upstream-service-time": "7",
        "x-ms-client-request-id": "fe89dba4-4b0b-418c-adfb-725f4c3d7a0e",
        "x-ms-region": "East US",
        "x-ms-request-id": "7077a01f-edc0-435e-ac45-a81cf8b6fcd6"
      },
      "ResponseBody": {
        "created": 1694557836,
        "expires": 1694644240,
        "id": "3212e0ed-3586-4d9f-9ed8-b34c5be85289",
        "result": {
          "created": 1694557836,
          "data": [
            {
              "url": "https://dalleproduse.blob.core.windows.net/private/images/fd38581a-b84a-4fa2-9cd3-3385f1d5f3b8/generated_00.png?sanitized"
            },
            {
              "url": "https://dalleproduse.blob.core.windows.net/private/images/fd38581a-b84a-4fa2-9cd3-3385f1d5f3b8/generated_01.png?sanitized"
            },
            {
              "url": "https://dalleproduse.blob.core.windows.net/private/images/fd38581a-b84a-4fa2-9cd3-3385f1d5f3b8/generated_02.png?sanitized"
            }
          ]
        },
        "status": "succeeded"
      }
    }
  ],
  "Variables": {}
}
