{
  "Entries": [
    {
      "RequestUri": "https://fakeendpoint.cognitiveservices.azure.com/formrecognizer/documentModels:build?api-version=2023-07-31",
      "RequestMethod": "POST",
      "RequestHeaders": {
        "Accept": "application/json",
        "Accept-Encoding": "gzip, deflate",
        "Connection": "keep-alive",
        "Content-Length": "154",
        "Content-Type": "application/json",
        "User-Agent": "azsdk-python-ai-formrecognizer/3.3.0 Python/3.10.11 (Windows-10-10.0.22621-SP0)"
      },
      "RequestBody": {
        "modelId": "57efb155-360e-43dd-b436-b0e7729806c4",
        "description": "model1",
        "buildMode": "template",
        "azureBlobSource": {
          "containerUrl": "https://blob_sas_url"
        }
      },
      "StatusCode": 202,
      "ResponseHeaders": {
        "apim-request-id": "9239df37-bb0c-48c8-a778-6ebffaa2858b",
        "Content-Length": "0",
        "Date": "Tue, 18 Jul 2023 05:12:30 GMT",
        "operation-location": "https://fakeendpoint.cognitiveservices.azure.com/formrecognizer/operations/31476710851_9239df37-bb0c-48c8-a778-6ebffaa2858b?api-version=2023-07-31",
        "Strict-Transport-Security": "max-age=31536000; includeSubDomains; preload",
        "X-Content-Type-Options": "nosniff",
        "x-envoy-upstream-service-time": "2694",
        "x-ms-region": "East US"
      },
      "ResponseBody": null
    },
    {
      "RequestUri": "https://fakeendpoint.cognitiveservices.azure.com/formrecognizer/operations/31476710851_9239df37-bb0c-48c8-a778-6ebffaa2858b?api-version=2023-07-31",
      "RequestMethod": "GET",
      "RequestHeaders": {
        "Accept": "*/*",
        "Accept-Encoding": "gzip, deflate",
        "Connection": "keep-alive",
        "User-Agent": "azsdk-python-ai-formrecognizer/3.3.0 Python/3.10.11 (Windows-10-10.0.22621-SP0)"
      },
      "RequestBody": null,
      "StatusCode": 200,
      "ResponseHeaders": {
        "apim-request-id": "61f94d37-418a-4911-8403-68457d1f0e00",
        "Content-Type": "application/json; charset=utf-8",
        "Date": "Tue, 18 Jul 2023 05:12:30 GMT",
        "Strict-Transport-Security": "max-age=31536000; includeSubDomains; preload",
        "Transfer-Encoding": "chunked",
        "X-Content-Type-Options": "nosniff",
        "x-envoy-upstream-service-time": "10",
        "x-ms-region": "East US"
      },
      "ResponseBody": {
        "operationId": "31476710851_9239df37-bb0c-48c8-a778-6ebffaa2858b",
        "kind": "documentModelBuild",
        "status": "running",
        "createdDateTime": "2023-07-18T05:12:28Z",
        "lastUpdatedDateTime": "2023-07-18T05:12:31Z",
        "resourceLocation": "https://fakeendpoint.cognitiveservices.azure.com/formrecognizer/documentModels/57efb155-360e-43dd-b436-b0e7729806c4?api-version=2023-07-31"
      }
    },
    {
      "RequestUri": "https://fakeendpoint.cognitiveservices.azure.com/formrecognizer/operations/31476710851_9239df37-bb0c-48c8-a778-6ebffaa2858b?api-version=2023-07-31",
      "RequestMethod": "GET",
      "RequestHeaders": {
        "Accept": "*/*",
        "Accept-Encoding": "gzip, deflate",
        "Connection": "keep-alive",
        "User-Agent": "azsdk-python-ai-formrecognizer/3.3.0 Python/3.10.11 (Windows-10-10.0.22621-SP0)"
      },
      "RequestBody": null,
      "StatusCode": 200,
      "ResponseHeaders": {
        "apim-request-id": "a4ef27e3-b732-4af5-95a2-ae86c879f60e",
        "Content-Type": "application/json; charset=utf-8",
        "Date": "Tue, 18 Jul 2023 05:12:36 GMT",
        "Strict-Transport-Security": "max-age=31536000; includeSubDomains; preload",
        "Transfer-Encoding": "chunked",
        "X-Content-Type-Options": "nosniff",
        "x-envoy-upstream-service-time": "15",
        "x-ms-region": "East US"
      },
      "ResponseBody": {
        "operationId": "31476710851_9239df37-bb0c-48c8-a778-6ebffaa2858b",
        "kind": "documentModelBuild",
        "status": "succeeded",
        "createdDateTime": "2023-07-18T05:12:28Z",
        "lastUpdatedDateTime": "2023-07-18T05:12:32Z",
        "resourceLocation": "https://fakeendpoint.cognitiveservices.azure.com/formrecognizer/documentModels/57efb155-360e-43dd-b436-b0e7729806c4?api-version=2023-07-31",
        "percentCompleted": 100,
        "result": {
          "docTypes": {
            "57efb155-360e-43dd-b436-b0e7729806c4": {
              "fieldSchema": {
                "Merchant": {
                  "type": "string"
                },
                "PhoneNumber": {
                  "type": "string"
                },
                "Website": {
                  "type": "string"
                },
                "Email": {
                  "type": "string"
                },
                "PurchaseOrderNumber": {
                  "type": "string"
                },
                "DatedAs": {
                  "type": "string"
                },
                "VendorName": {
                  "type": "string"
                },
                "CompanyName": {
                  "type": "string"
                },
                "CompanyAddress": {
                  "type": "string"
                },
                "CompanyPhoneNumber": {
                  "type": "string"
                },
                "Subtotal": {
                  "type": "string"
                },
                "Tax": {
                  "type": "string"
                },
                "Total": {
                  "type": "string"
                },
                "Signature": {
                  "type": "string"
                },
                "Quantity": {
                  "type": "number"
                },
                "FullSignature": {
                  "type": "signature"
                }
              },
              "buildMode": "template",
              "fieldConfidence": {
                "CompanyAddress": 0.8,
                "CompanyName": 0.995,
                "CompanyPhoneNumber": 0.995,
                "DatedAs": 0.995,
                "Email": 0.8,
                "FullSignature": 0.6,
                "Merchant": 0.995,
                "PhoneNumber": 0.995,
                "PurchaseOrderNumber": 0.995,
                "Quantity": 0.995,
                "Signature": 0.995,
                "Subtotal": 0.995,
                "Tax": 0.995,
                "Total": 0.995,
                "VendorName": 0.995,
                "Website": 0.995
              }
            }
          },
          "modelId": "57efb155-360e-43dd-b436-b0e7729806c4",
          "createdDateTime": "2023-07-18T05:12:32Z",
          "expirationDateTime": "2025-07-17T05:12:32Z",
          "apiVersion": "2023-07-31",
          "description": "model1"
        }
      }
    },
    {
      "RequestUri": "https://fakeendpoint.cognitiveservices.azure.com/formrecognizer/documentModels:build?api-version=2023-07-31",
      "RequestMethod": "POST",
      "RequestHeaders": {
        "Accept": "application/json",
        "Accept-Encoding": "gzip, deflate",
        "Connection": "keep-alive",
        "Content-Length": "154",
        "Content-Type": "application/json",
        "User-Agent": "azsdk-python-ai-formrecognizer/3.3.0 Python/3.10.11 (Windows-10-10.0.22621-SP0)"
      },
      "RequestBody": {
        "modelId": "aaf68d21-6069-4cb1-977a-d2c42870e9cd",
        "description": "model2",
        "buildMode": "template",
        "azureBlobSource": {
          "containerUrl": "https://blob_sas_url"
        }
      },
      "StatusCode": 202,
      "ResponseHeaders": {
        "apim-request-id": "d5f834c2-436e-4a64-8234-a2f47bac51d3",
        "Content-Length": "0",
        "Date": "Tue, 18 Jul 2023 05:12:39 GMT",
        "operation-location": "https://fakeendpoint.cognitiveservices.azure.com/formrecognizer/operations/31476710843_d5f834c2-436e-4a64-8234-a2f47bac51d3?api-version=2023-07-31",
        "Strict-Transport-Security": "max-age=31536000; includeSubDomains; preload",
        "X-Content-Type-Options": "nosniff",
        "x-envoy-upstream-service-time": "2043",
        "x-ms-region": "East US"
      },
      "ResponseBody": null
    },
    {
      "RequestUri": "https://fakeendpoint.cognitiveservices.azure.com/formrecognizer/operations/31476710843_d5f834c2-436e-4a64-8234-a2f47bac51d3?api-version=2023-07-31",
      "RequestMethod": "GET",
      "RequestHeaders": {
        "Accept": "*/*",
        "Accept-Encoding": "gzip, deflate",
        "Connection": "keep-alive",
        "User-Agent": "azsdk-python-ai-formrecognizer/3.3.0 Python/3.10.11 (Windows-10-10.0.22621-SP0)"
      },
      "RequestBody": null,
      "StatusCode": 200,
      "ResponseHeaders": {
        "apim-request-id": "5caf3ce9-0dcb-477e-b271-f4622c2a0325",
        "Content-Type": "application/json; charset=utf-8",
        "Date": "Tue, 18 Jul 2023 05:12:39 GMT",
        "Strict-Transport-Security": "max-age=31536000; includeSubDomains; preload",
        "Transfer-Encoding": "chunked",
        "X-Content-Type-Options": "nosniff",
        "x-envoy-upstream-service-time": "8",
        "x-ms-region": "East US"
      },
      "ResponseBody": {
        "operationId": "31476710843_d5f834c2-436e-4a64-8234-a2f47bac51d3",
        "kind": "documentModelBuild",
        "status": "notStarted",
        "createdDateTime": "2023-07-18T05:12:36Z",
        "lastUpdatedDateTime": "2023-07-18T05:12:36Z",
        "resourceLocation": "https://fakeendpoint.cognitiveservices.azure.com/formrecognizer/documentModels/aaf68d21-6069-4cb1-977a-d2c42870e9cd?api-version=2023-07-31"
      }
    },
    {
      "RequestUri": "https://fakeendpoint.cognitiveservices.azure.com/formrecognizer/operations/31476710843_d5f834c2-436e-4a64-8234-a2f47bac51d3?api-version=2023-07-31",
      "RequestMethod": "GET",
      "RequestHeaders": {
        "Accept": "*/*",
        "Accept-Encoding": "gzip, deflate",
        "Connection": "keep-alive",
        "User-Agent": "azsdk-python-ai-formrecognizer/3.3.0 Python/3.10.11 (Windows-10-10.0.22621-SP0)"
      },
      "RequestBody": null,
      "StatusCode": 200,
      "ResponseHeaders": {
        "apim-request-id": "9b7cc867-50a7-4333-ba45-dbfda21528e2",
        "Content-Type": "application/json; charset=utf-8",
        "Date": "Tue, 18 Jul 2023 05:12:43 GMT",
        "Strict-Transport-Security": "max-age=31536000; includeSubDomains; preload",
        "Transfer-Encoding": "chunked",
        "X-Content-Type-Options": "nosniff",
        "x-envoy-upstream-service-time": "10",
        "x-ms-region": "East US"
      },
      "ResponseBody": {
        "operationId": "31476710843_d5f834c2-436e-4a64-8234-a2f47bac51d3",
        "kind": "documentModelBuild",
        "status": "succeeded",
        "createdDateTime": "2023-07-18T05:12:36Z",
        "lastUpdatedDateTime": "2023-07-18T05:12:40Z",
        "resourceLocation": "https://fakeendpoint.cognitiveservices.azure.com/formrecognizer/documentModels/aaf68d21-6069-4cb1-977a-d2c42870e9cd?api-version=2023-07-31",
        "percentCompleted": 100,
        "result": {
          "docTypes": {
            "aaf68d21-6069-4cb1-977a-d2c42870e9cd": {
              "fieldSchema": {
                "Merchant": {
                  "type": "string"
                },
                "PhoneNumber": {
                  "type": "string"
                },
                "Website": {
                  "type": "string"
                },
                "Email": {
                  "type": "string"
                },
                "PurchaseOrderNumber": {
                  "type": "string"
                },
                "DatedAs": {
                  "type": "string"
                },
                "VendorName": {
                  "type": "string"
                },
                "CompanyName": {
                  "type": "string"
                },
                "CompanyAddress": {
                  "type": "string"
                },
                "CompanyPhoneNumber": {
                  "type": "string"
                },
                "Subtotal": {
                  "type": "string"
                },
                "Tax": {
                  "type": "string"
                },
                "Total": {
                  "type": "string"
                },
                "Signature": {
                  "type": "string"
                },
                "Quantity": {
                  "type": "number"
                },
                "FullSignature": {
                  "type": "signature"
                }
              },
              "buildMode": "template",
              "fieldConfidence": {
                "CompanyAddress": 0.8,
                "CompanyName": 0.995,
                "CompanyPhoneNumber": 0.995,
                "DatedAs": 0.995,
                "Email": 0.8,
                "FullSignature": 0.6,
                "Merchant": 0.995,
                "PhoneNumber": 0.995,
                "PurchaseOrderNumber": 0.995,
                "Quantity": 0.995,
                "Signature": 0.995,
                "Subtotal": 0.995,
                "Tax": 0.995,
                "Total": 0.995,
                "VendorName": 0.995,
                "Website": 0.995
              }
            }
          },
          "modelId": "aaf68d21-6069-4cb1-977a-d2c42870e9cd",
          "createdDateTime": "2023-07-18T05:12:40Z",
          "expirationDateTime": "2025-07-17T05:12:40Z",
          "apiVersion": "2023-07-31",
          "description": "model2"
        }
      }
    },
    {
      "RequestUri": "https://fakeendpoint.cognitiveservices.azure.com/formrecognizer/documentModels:compose?api-version=2023-07-31",
      "RequestMethod": "POST",
      "RequestHeaders": {
        "Accept": "application/json",
        "Accept-Encoding": "gzip, deflate",
        "Connection": "keep-alive",
        "Content-Length": "248",
        "Content-Type": "application/json",
        "User-Agent": "azsdk-python-ai-formrecognizer/3.3.0 Python/3.10.11 (Windows-10-10.0.22621-SP0)"
      },
      "RequestBody": {
        "modelId": "71133bf2-b8cb-4873-8740-4e5065e7fd34",
        "description": "my composed model",
        "componentModels": [
          {
            "modelId": "57efb155-360e-43dd-b436-b0e7729806c4"
          },
          {
            "modelId": "aaf68d21-6069-4cb1-977a-d2c42870e9cd"
          }
        ],
        "tags": {
          "testkey": "testvalue"
        }
      },
      "StatusCode": 202,
      "ResponseHeaders": {
        "apim-request-id": "16ba98bf-053b-4fd1-bc58-d248cf641aae",
        "Content-Length": "0",
        "Date": "Tue, 18 Jul 2023 05:12:43 GMT",
        "operation-location": "https://fakeendpoint.cognitiveservices.azure.com/formrecognizer/operations/31476710836_16ba98bf-053b-4fd1-bc58-d248cf641aae?api-version=2023-07-31",
        "Strict-Transport-Security": "max-age=31536000; includeSubDomains; preload",
        "X-Content-Type-Options": "nosniff",
        "x-envoy-upstream-service-time": "144",
        "x-ms-region": "East US"
      },
      "ResponseBody": null
    },
    {
      "RequestUri": "https://fakeendpoint.cognitiveservices.azure.com/formrecognizer/operations/31476710836_16ba98bf-053b-4fd1-bc58-d248cf641aae?api-version=2023-07-31",
      "RequestMethod": "GET",
      "RequestHeaders": {
        "Accept": "*/*",
        "Accept-Encoding": "gzip, deflate",
        "Connection": "keep-alive",
        "User-Agent": "azsdk-python-ai-formrecognizer/3.3.0 Python/3.10.11 (Windows-10-10.0.22621-SP0)"
      },
      "RequestBody": null,
      "StatusCode": 200,
      "ResponseHeaders": {
        "apim-request-id": "a0c54750-3b20-40c6-891d-22f7bb64dae6",
        "Content-Type": "application/json; charset=utf-8",
        "Date": "Tue, 18 Jul 2023 05:12:43 GMT",
        "Strict-Transport-Security": "max-age=31536000; includeSubDomains; preload",
        "Transfer-Encoding": "chunked",
        "X-Content-Type-Options": "nosniff",
        "x-envoy-upstream-service-time": "8",
        "x-ms-region": "East US"
      },
      "ResponseBody": {
        "operationId": "31476710836_16ba98bf-053b-4fd1-bc58-d248cf641aae",
        "kind": "documentModelCompose",
        "status": "running",
        "createdDateTime": "2023-07-18T05:12:44Z",
        "lastUpdatedDateTime": "2023-07-18T05:12:44Z",
        "resourceLocation": "https://fakeendpoint.cognitiveservices.azure.com/formrecognizer/documentModels/71133bf2-b8cb-4873-8740-4e5065e7fd34?api-version=2023-07-31",
        "tags": {
          "testkey": "testvalue"
        }
      }
    },
    {
      "RequestUri": "https://fakeendpoint.cognitiveservices.azure.com/formrecognizer/operations/31476710836_16ba98bf-053b-4fd1-bc58-d248cf641aae?api-version=2023-07-31",
      "RequestMethod": "GET",
      "RequestHeaders": {
        "Accept": "*/*",
        "Accept-Encoding": "gzip, deflate",
        "Connection": "keep-alive",
        "User-Agent": "azsdk-python-ai-formrecognizer/3.3.0 Python/3.10.11 (Windows-10-10.0.22621-SP0)"
      },
      "RequestBody": null,
      "StatusCode": 200,
      "ResponseHeaders": {
        "apim-request-id": "f6c5681c-1ebd-4135-acf7-004be67c4308",
        "Content-Type": "application/json; charset=utf-8",
        "Date": "Tue, 18 Jul 2023 05:12:48 GMT",
        "Strict-Transport-Security": "max-age=31536000; includeSubDomains; preload",
        "Transfer-Encoding": "chunked",
        "X-Content-Type-Options": "nosniff",
        "x-envoy-upstream-service-time": "10",
        "x-ms-region": "East US"
      },
      "ResponseBody": {
        "operationId": "31476710836_16ba98bf-053b-4fd1-bc58-d248cf641aae",
        "kind": "documentModelCompose",
        "status": "succeeded",
        "createdDateTime": "2023-07-18T05:12:44Z",
        "lastUpdatedDateTime": "2023-07-18T05:12:44Z",
        "resourceLocation": "https://fakeendpoint.cognitiveservices.azure.com/formrecognizer/documentModels/71133bf2-b8cb-4873-8740-4e5065e7fd34?api-version=2023-07-31",
        "percentCompleted": 100,
        "result": {
          "docTypes": {
            "aaf68d21-6069-4cb1-977a-d2c42870e9cd": {
              "fieldSchema": {
                "Merchant": {
                  "type": "string"
                },
                "PhoneNumber": {
                  "type": "string"
                },
                "Website": {
                  "type": "string"
                },
                "Email": {
                  "type": "string"
                },
                "PurchaseOrderNumber": {
                  "type": "string"
                },
                "DatedAs": {
                  "type": "string"
                },
                "VendorName": {
                  "type": "string"
                },
                "CompanyName": {
                  "type": "string"
                },
                "CompanyAddress": {
                  "type": "string"
                },
                "CompanyPhoneNumber": {
                  "type": "string"
                },
                "Subtotal": {
                  "type": "string"
                },
                "Tax": {
                  "type": "string"
                },
                "Total": {
                  "type": "string"
                },
                "Signature": {
                  "type": "string"
                },
                "Quantity": {
                  "type": "number"
                },
                "FullSignature": {
                  "type": "signature"
                }
              },
              "buildMode": "template",
              "fieldConfidence": {
                "CompanyAddress": 0.8,
                "CompanyName": 0.995,
                "CompanyPhoneNumber": 0.995,
                "DatedAs": 0.995,
                "Email": 0.8,
                "FullSignature": 0.6,
                "Merchant": 0.995,
                "PhoneNumber": 0.995,
                "PurchaseOrderNumber": 0.995,
                "Quantity": 0.995,
                "Signature": 0.995,
                "Subtotal": 0.995,
                "Tax": 0.995,
                "Total": 0.995,
                "VendorName": 0.995,
                "Website": 0.995
              }
            },
            "57efb155-360e-43dd-b436-b0e7729806c4": {
              "fieldSchema": {
                "Merchant": {
                  "type": "string"
                },
                "PhoneNumber": {
                  "type": "string"
                },
                "Website": {
                  "type": "string"
                },
                "Email": {
                  "type": "string"
                },
                "PurchaseOrderNumber": {
                  "type": "string"
                },
                "DatedAs": {
                  "type": "string"
                },
                "VendorName": {
                  "type": "string"
                },
                "CompanyName": {
                  "type": "string"
                },
                "CompanyAddress": {
                  "type": "string"
                },
                "CompanyPhoneNumber": {
                  "type": "string"
                },
                "Subtotal": {
                  "type": "string"
                },
                "Tax": {
                  "type": "string"
                },
                "Total": {
                  "type": "string"
                },
                "Signature": {
                  "type": "string"
                },
                "Quantity": {
                  "type": "number"
                },
                "FullSignature": {
                  "type": "signature"
                }
              },
              "buildMode": "template",
              "fieldConfidence": {
                "CompanyAddress": 0.8,
                "CompanyName": 0.995,
                "CompanyPhoneNumber": 0.995,
                "DatedAs": 0.995,
                "Email": 0.8,
                "FullSignature": 0.6,
                "Merchant": 0.995,
                "PhoneNumber": 0.995,
                "PurchaseOrderNumber": 0.995,
                "Quantity": 0.995,
                "Signature": 0.995,
                "Subtotal": 0.995,
                "Tax": 0.995,
                "Total": 0.995,
                "VendorName": 0.995,
                "Website": 0.995
              }
            }
          },
          "modelId": "71133bf2-b8cb-4873-8740-4e5065e7fd34",
          "createdDateTime": "2023-07-18T05:12:44Z",
          "expirationDateTime": "2025-07-17T05:12:44Z",
          "apiVersion": "2023-07-31",
          "description": "my composed model",
          "tags": {
            "testkey": "testvalue"
          }
        },
        "tags": {
          "testkey": "testvalue"
        }
      }
    }
  ],
  "Variables": {}
}
