{
  "Entries": [
    {
      "RequestUri": "https://fakeendpoint.cognitiveservices.azure.com/formrecognizer/documentModels:build?api-version=2023-07-31",
      "RequestMethod": "POST",
      "RequestHeaders": {
        "Accept": "application/json",
        "Accept-Encoding": "gzip, deflate",
        "Content-Length": "131",
        "Content-Type": "application/json",
        "User-Agent": "azsdk-python-ai-formrecognizer/3.3.0 Python/3.10.11 (Windows-10-10.0.22621-SP0)"
      },
      "RequestBody": {
        "modelId": "6e0f54c8-8a7e-494d-bc2b-b59c8a9187f0",
        "buildMode": "template",
        "azureBlobSource": {
          "containerUrl": "https://blob_sas_url"
        }
      },
      "StatusCode": 202,
      "ResponseHeaders": {
        "apim-request-id": "8514162c-7e18-4fff-9737-2b844f7b5109",
        "Content-Length": "0",
        "Date": "Tue, 18 Jul 2023 00:36:24 GMT",
        "operation-location": "https://fakeendpoint.cognitiveservices.azure.com/formrecognizer/operations/31476727418_8514162c-7e18-4fff-9737-2b844f7b5109?api-version=2023-07-31",
        "Strict-Transport-Security": "max-age=31536000; includeSubDomains; preload",
        "X-Content-Type-Options": "nosniff",
        "x-envoy-upstream-service-time": "2171",
        "x-ms-region": "East US"
      },
      "ResponseBody": null
    },
    {
      "RequestUri": "https://fakeendpoint.cognitiveservices.azure.com/formrecognizer/operations/31476727418_8514162c-7e18-4fff-9737-2b844f7b5109?api-version=2023-07-31",
      "RequestMethod": "GET",
      "RequestHeaders": {
        "Accept": "*/*",
        "Accept-Encoding": "gzip, deflate",
        "User-Agent": "azsdk-python-ai-formrecognizer/3.3.0 Python/3.10.11 (Windows-10-10.0.22621-SP0)"
      },
      "RequestBody": null,
      "StatusCode": 200,
      "ResponseHeaders": {
        "apim-request-id": "07073943-9ab7-40fe-b4d4-c7683e3b4845",
        "Content-Type": "application/json; charset=utf-8",
        "Date": "Tue, 18 Jul 2023 00:36:24 GMT",
        "Strict-Transport-Security": "max-age=31536000; includeSubDomains; preload",
        "Transfer-Encoding": "chunked",
        "X-Content-Type-Options": "nosniff",
        "x-envoy-upstream-service-time": "20",
        "x-ms-region": "East US"
      },
      "ResponseBody": {
        "operationId": "31476727418_8514162c-7e18-4fff-9737-2b844f7b5109",
        "kind": "documentModelBuild",
        "status": "running",
        "createdDateTime": "2023-07-18T00:36:22Z",
        "lastUpdatedDateTime": "2023-07-18T00:36:24Z",
        "resourceLocation": "https://fakeendpoint.cognitiveservices.azure.com/formrecognizer/documentModels/6e0f54c8-8a7e-494d-bc2b-b59c8a9187f0?api-version=2023-07-31"
      }
    },
    {
      "RequestUri": "https://fakeendpoint.cognitiveservices.azure.com/formrecognizer/operations/31476727418_8514162c-7e18-4fff-9737-2b844f7b5109?api-version=2023-07-31",
      "RequestMethod": "GET",
      "RequestHeaders": {
        "Accept": "*/*",
        "Accept-Encoding": "gzip, deflate",
        "User-Agent": "azsdk-python-ai-formrecognizer/3.3.0 Python/3.10.11 (Windows-10-10.0.22621-SP0)"
      },
      "RequestBody": null,
      "StatusCode": 200,
      "ResponseHeaders": {
        "apim-request-id": "6d5bebf9-fd88-4df3-b791-258afe6372ff",
        "Content-Type": "application/json; charset=utf-8",
        "Date": "Tue, 18 Jul 2023 00:36:30 GMT",
        "Strict-Transport-Security": "max-age=31536000; includeSubDomains; preload",
        "Transfer-Encoding": "chunked",
        "X-Content-Type-Options": "nosniff",
        "x-envoy-upstream-service-time": "21",
        "x-ms-region": "East US"
      },
      "ResponseBody": {
        "operationId": "31476727418_8514162c-7e18-4fff-9737-2b844f7b5109",
        "kind": "documentModelBuild",
        "status": "succeeded",
        "createdDateTime": "2023-07-18T00:36:22Z",
        "lastUpdatedDateTime": "2023-07-18T00:36:25Z",
        "resourceLocation": "https://fakeendpoint.cognitiveservices.azure.com/formrecognizer/documentModels/6e0f54c8-8a7e-494d-bc2b-b59c8a9187f0?api-version=2023-07-31",
        "percentCompleted": 100,
        "result": {
          "docTypes": {
            "6e0f54c8-8a7e-494d-bc2b-b59c8a9187f0": {
              "fieldSchema": {
                "Merchant": {
                  "type": "string"
                },
                "PhoneNumber": {
                  "type": "string"
                },
                "Website": {
                  "type": "string"
                },
                "Email": {
                  "type": "string"
                },
                "PurchaseOrderNumber": {
                  "type": "string"
                },
                "DatedAs": {
                  "type": "string"
                },
                "VendorName": {
                  "type": "string"
                },
                "CompanyName": {
                  "type": "string"
                },
                "CompanyAddress": {
                  "type": "string"
                },
                "CompanyPhoneNumber": {
                  "type": "string"
                },
                "Subtotal": {
                  "type": "string"
                },
                "Tax": {
                  "type": "string"
                },
                "Total": {
                  "type": "string"
                },
                "Signature": {
                  "type": "string"
                },
                "Quantity": {
                  "type": "number"
                },
                "FullSignature": {
                  "type": "signature"
                }
              },
              "buildMode": "template",
              "fieldConfidence": {
                "CompanyAddress": 0.8,
                "CompanyName": 0.995,
                "CompanyPhoneNumber": 0.995,
                "DatedAs": 0.995,
                "Email": 0.8,
                "FullSignature": 0.6,
                "Merchant": 0.995,
                "PhoneNumber": 0.995,
                "PurchaseOrderNumber": 0.995,
                "Quantity": 0.995,
                "Signature": 0.995,
                "Subtotal": 0.995,
                "Tax": 0.995,
                "Total": 0.995,
                "VendorName": 0.995,
                "Website": 0.995
              }
            }
          },
          "modelId": "6e0f54c8-8a7e-494d-bc2b-b59c8a9187f0",
          "createdDateTime": "2023-07-18T00:36:25Z",
          "expirationDateTime": "2025-07-17T00:36:25Z",
          "apiVersion": "2023-07-31"
        }
      }
    },
    {
      "RequestUri": "https://fakeendpoint.cognitiveservices.azure.com/formrecognizer/documentModels:build?api-version=2023-07-31",
      "RequestMethod": "POST",
      "RequestHeaders": {
        "Accept": "application/json",
        "Accept-Encoding": "gzip, deflate",
        "Content-Length": "131",
        "Content-Type": "application/json",
        "User-Agent": "azsdk-python-ai-formrecognizer/3.3.0 Python/3.10.11 (Windows-10-10.0.22621-SP0)"
      },
      "RequestBody": {
        "modelId": "15e7e54d-75e7-4bfa-8a18-1e9e3bc093ea",
        "buildMode": "template",
        "azureBlobSource": {
          "containerUrl": "https://blob_sas_url"
        }
      },
      "StatusCode": 202,
      "ResponseHeaders": {
        "apim-request-id": "f1fa9761-fef9-48f5-b7cc-2d1a7550a19a",
        "Content-Length": "0",
        "Date": "Tue, 18 Jul 2023 00:36:32 GMT",
        "operation-location": "https://fakeendpoint.cognitiveservices.azure.com/formrecognizer/operations/31476727409_f1fa9761-fef9-48f5-b7cc-2d1a7550a19a?api-version=2023-07-31",
        "Strict-Transport-Security": "max-age=31536000; includeSubDomains; preload",
        "X-Content-Type-Options": "nosniff",
        "x-envoy-upstream-service-time": "2171",
        "x-ms-region": "East US"
      },
      "ResponseBody": null
    },
    {
      "RequestUri": "https://fakeendpoint.cognitiveservices.azure.com/formrecognizer/operations/31476727409_f1fa9761-fef9-48f5-b7cc-2d1a7550a19a?api-version=2023-07-31",
      "RequestMethod": "GET",
      "RequestHeaders": {
        "Accept": "*/*",
        "Accept-Encoding": "gzip, deflate",
        "User-Agent": "azsdk-python-ai-formrecognizer/3.3.0 Python/3.10.11 (Windows-10-10.0.22621-SP0)"
      },
      "RequestBody": null,
      "StatusCode": 200,
      "ResponseHeaders": {
        "apim-request-id": "b179a9d6-0c8c-4e50-815a-7391b9b24da0",
        "Content-Type": "application/json; charset=utf-8",
        "Date": "Tue, 18 Jul 2023 00:36:33 GMT",
        "Strict-Transport-Security": "max-age=31536000; includeSubDomains; preload",
        "Transfer-Encoding": "chunked",
        "X-Content-Type-Options": "nosniff",
        "x-envoy-upstream-service-time": "8",
        "x-ms-region": "East US"
      },
      "ResponseBody": {
        "operationId": "31476727409_f1fa9761-fef9-48f5-b7cc-2d1a7550a19a",
        "kind": "documentModelBuild",
        "status": "running",
        "createdDateTime": "2023-07-18T00:36:31Z",
        "lastUpdatedDateTime": "2023-07-18T00:36:33Z",
        "resourceLocation": "https://fakeendpoint.cognitiveservices.azure.com/formrecognizer/documentModels/15e7e54d-75e7-4bfa-8a18-1e9e3bc093ea?api-version=2023-07-31"
      }
    },
    {
      "RequestUri": "https://fakeendpoint.cognitiveservices.azure.com/formrecognizer/operations/31476727409_f1fa9761-fef9-48f5-b7cc-2d1a7550a19a?api-version=2023-07-31",
      "RequestMethod": "GET",
      "RequestHeaders": {
        "Accept": "*/*",
        "Accept-Encoding": "gzip, deflate",
        "User-Agent": "azsdk-python-ai-formrecognizer/3.3.0 Python/3.10.11 (Windows-10-10.0.22621-SP0)"
      },
      "RequestBody": null,
      "StatusCode": 200,
      "ResponseHeaders": {
        "apim-request-id": "663c1fc8-5230-477c-b9b4-f5841d87e7ca",
        "Content-Type": "application/json; charset=utf-8",
        "Date": "Tue, 18 Jul 2023 00:36:38 GMT",
        "Strict-Transport-Security": "max-age=31536000; includeSubDomains; preload",
        "Transfer-Encoding": "chunked",
        "X-Content-Type-Options": "nosniff",
        "x-envoy-upstream-service-time": "8",
        "x-ms-region": "East US"
      },
      "ResponseBody": {
        "operationId": "31476727409_f1fa9761-fef9-48f5-b7cc-2d1a7550a19a",
        "kind": "documentModelBuild",
        "status": "succeeded",
        "createdDateTime": "2023-07-18T00:36:31Z",
        "lastUpdatedDateTime": "2023-07-18T00:36:35Z",
        "resourceLocation": "https://fakeendpoint.cognitiveservices.azure.com/formrecognizer/documentModels/15e7e54d-75e7-4bfa-8a18-1e9e3bc093ea?api-version=2023-07-31",
        "percentCompleted": 100,
        "result": {
          "docTypes": {
            "15e7e54d-75e7-4bfa-8a18-1e9e3bc093ea": {
              "fieldSchema": {
                "Merchant": {
                  "type": "string"
                },
                "PhoneNumber": {
                  "type": "string"
                },
                "Website": {
                  "type": "string"
                },
                "Email": {
                  "type": "string"
                },
                "PurchaseOrderNumber": {
                  "type": "string"
                },
                "DatedAs": {
                  "type": "string"
                },
                "VendorName": {
                  "type": "string"
                },
                "CompanyName": {
                  "type": "string"
                },
                "CompanyAddress": {
                  "type": "string"
                },
                "CompanyPhoneNumber": {
                  "type": "string"
                },
                "Subtotal": {
                  "type": "string"
                },
                "Tax": {
                  "type": "string"
                },
                "Total": {
                  "type": "string"
                },
                "Signature": {
                  "type": "string"
                },
                "Quantity": {
                  "type": "number"
                },
                "FullSignature": {
                  "type": "signature"
                }
              },
              "buildMode": "template",
              "fieldConfidence": {
                "CompanyAddress": 0.8,
                "CompanyName": 0.995,
                "CompanyPhoneNumber": 0.995,
                "DatedAs": 0.995,
                "Email": 0.8,
                "FullSignature": 0.6,
                "Merchant": 0.995,
                "PhoneNumber": 0.995,
                "PurchaseOrderNumber": 0.995,
                "Quantity": 0.995,
                "Signature": 0.995,
                "Subtotal": 0.995,
                "Tax": 0.995,
                "Total": 0.995,
                "VendorName": 0.995,
                "Website": 0.995
              }
            }
          },
          "modelId": "15e7e54d-75e7-4bfa-8a18-1e9e3bc093ea",
          "createdDateTime": "2023-07-18T00:36:34Z",
          "expirationDateTime": "2025-07-17T00:36:34Z",
          "apiVersion": "2023-07-31"
        }
      }
    }
  ],
  "Variables": {}
}
