{
  "Entries": [
    {
      "RequestUri": "https://fakeendpoint.cognitiveservices.azure.com/formrecognizer/documentClassifiers:build?api-version=2023-02-28-preview",
      "RequestMethod": "POST",
      "RequestHeaders": {
        "Accept": "application/json",
        "Accept-Encoding": "gzip, deflate",
        "Content-Length": "647",
        "Content-Type": "application/json",
        "User-Agent": "azsdk-python-ai-formrecognizer/3.3.0b1 Python/3.10.0 (Windows-10-10.0.22621-SP0)"
      },
      "RequestBody": {
        "classifierId": "dd539aa9-2944-4d89-86fd-35e42d688507",
        "description": "IRS document classifier",
        "docTypes": {
          "IRS-1040-A": {
            "azureBlobSource": {
              "containerUrl": "https://blob_sas_url",
              "prefix": "IRS-1040-A/train"
            }
          },
          "IRS-1040-B": {
            "azureBlobSource": {
              "containerUrl": "https://blob_sas_url",
              "prefix": "IRS-1040-B/train"
            }
          },
          "IRS-1040-C": {
            "azureBlobSource": {
              "containerUrl": "https://blob_sas_url",
              "prefix": "IRS-1040-C/train"
            }
          },
          "IRS-1040-D": {
            "azureBlobSource": {
              "containerUrl": "https://blob_sas_url",
              "prefix": "IRS-1040-D/train"
            }
          },
          "IRS-1040-E": {
            "azureBlobSource": {
              "containerUrl": "https://blob_sas_url",
              "prefix": "IRS-1040-E/train"
            }
          }
        }
      },
      "StatusCode": 202,
      "ResponseHeaders": {
        "apim-request-id": "6347620b-5607-499b-aab7-d1ab3116c354",
        "Content-Length": "0",
        "Date": "Fri, 24 Mar 2023 19:25:35 GMT",
        "operation-location": "https://fakeendpoint.cognitiveservices.azure.com/formrecognizer/operations/31486682064_6347620b-5607-499b-aab7-d1ab3116c354?api-version=2023-02-28-preview",
        "Strict-Transport-Security": "max-age=31536000; includeSubDomains; preload",
        "X-Content-Type-Options": "nosniff",
        "x-envoy-upstream-service-time": "141",
        "x-ms-region": "West US 2"
      },
      "ResponseBody": null
    },
    {
      "RequestUri": "https://fakeendpoint.cognitiveservices.azure.com/formrecognizer/operations/31486682064_6347620b-5607-499b-aab7-d1ab3116c354?api-version=2023-02-28-preview",
      "RequestMethod": "GET",
      "RequestHeaders": {
        "Accept": "*/*",
        "Accept-Encoding": "gzip, deflate",
        "User-Agent": "azsdk-python-ai-formrecognizer/3.3.0b1 Python/3.10.0 (Windows-10-10.0.22621-SP0)"
      },
      "RequestBody": null,
      "StatusCode": 200,
      "ResponseHeaders": {
        "apim-request-id": "f395583c-ae5e-4bd7-9694-7440636e48d9",
        "Content-Type": "application/json; charset=utf-8",
        "Date": "Fri, 24 Mar 2023 19:25:35 GMT",
        "Strict-Transport-Security": "max-age=31536000; includeSubDomains; preload",
        "Transfer-Encoding": "chunked",
        "X-Content-Type-Options": "nosniff",
        "x-envoy-upstream-service-time": "16",
        "x-ms-region": "West US 2"
      },
      "ResponseBody": {
        "operationId": "31486682064_6347620b-5607-499b-aab7-d1ab3116c354",
        "kind": "documentClassifierBuild",
        "status": "notStarted",
        "createdDateTime": "2023-03-24T19:25:35Z",
        "lastUpdatedDateTime": "2023-03-24T19:25:35Z",
        "resourceLocation": "https://fakeendpoint.cognitiveservices.azure.com/formrecognizer/documentClassifiers/dd539aa9-2944-4d89-86fd-35e42d688507?api-version=2023-02-28-preview"
      }
    },
    {
      "RequestUri": "https://fakeendpoint.cognitiveservices.azure.com/formrecognizer/operations/31486682064_6347620b-5607-499b-aab7-d1ab3116c354?api-version=2023-02-28-preview",
      "RequestMethod": "GET",
      "RequestHeaders": {
        "Accept": "*/*",
        "Accept-Encoding": "gzip, deflate",
        "User-Agent": "azsdk-python-ai-formrecognizer/3.3.0b1 Python/3.10.0 (Windows-10-10.0.22621-SP0)"
      },
      "RequestBody": null,
      "StatusCode": 200,
      "ResponseHeaders": {
        "apim-request-id": "8dd51e61-2a43-450e-a738-23c7b3add127",
        "Content-Type": "application/json; charset=utf-8",
        "Date": "Fri, 24 Mar 2023 19:25:40 GMT",
        "Strict-Transport-Security": "max-age=31536000; includeSubDomains; preload",
        "Transfer-Encoding": "chunked",
        "X-Content-Type-Options": "nosniff",
        "x-envoy-upstream-service-time": "19",
        "x-ms-region": "West US 2"
      },
      "ResponseBody": {
        "operationId": "31486682064_6347620b-5607-499b-aab7-d1ab3116c354",
        "kind": "documentClassifierBuild",
        "status": "notStarted",
        "createdDateTime": "2023-03-24T19:25:35Z",
        "lastUpdatedDateTime": "2023-03-24T19:25:35Z",
        "resourceLocation": "https://fakeendpoint.cognitiveservices.azure.com/formrecognizer/documentClassifiers/dd539aa9-2944-4d89-86fd-35e42d688507?api-version=2023-02-28-preview"
      }
    },
    {
      "RequestUri": "https://fakeendpoint.cognitiveservices.azure.com/formrecognizer/operations/31486682064_6347620b-5607-499b-aab7-d1ab3116c354?api-version=2023-02-28-preview",
      "RequestMethod": "GET",
      "RequestHeaders": {
        "Accept": "*/*",
        "Accept-Encoding": "gzip, deflate",
        "User-Agent": "azsdk-python-ai-formrecognizer/3.3.0b1 Python/3.10.0 (Windows-10-10.0.22621-SP0)"
      },
      "RequestBody": null,
      "StatusCode": 200,
      "ResponseHeaders": {
        "apim-request-id": "3b16112a-4712-401c-8064-abf102cc98df",
        "Content-Type": "application/json; charset=utf-8",
        "Date": "Fri, 24 Mar 2023 19:25:45 GMT",
        "Strict-Transport-Security": "max-age=31536000; includeSubDomains; preload",
        "Transfer-Encoding": "chunked",
        "X-Content-Type-Options": "nosniff",
        "x-envoy-upstream-service-time": "14",
        "x-ms-region": "West US 2"
      },
      "ResponseBody": {
        "operationId": "31486682064_6347620b-5607-499b-aab7-d1ab3116c354",
        "kind": "documentClassifierBuild",
        "status": "running",
        "createdDateTime": "2023-03-24T19:25:35Z",
        "lastUpdatedDateTime": "2023-03-24T19:25:42Z",
        "resourceLocation": "https://fakeendpoint.cognitiveservices.azure.com/formrecognizer/documentClassifiers/dd539aa9-2944-4d89-86fd-35e42d688507?api-version=2023-02-28-preview"
      }
    },
    {
      "RequestUri": "https://fakeendpoint.cognitiveservices.azure.com/formrecognizer/operations/31486682064_6347620b-5607-499b-aab7-d1ab3116c354?api-version=2023-02-28-preview",
      "RequestMethod": "GET",
      "RequestHeaders": {
        "Accept": "*/*",
        "Accept-Encoding": "gzip, deflate",
        "User-Agent": "azsdk-python-ai-formrecognizer/3.3.0b1 Python/3.10.0 (Windows-10-10.0.22621-SP0)"
      },
      "RequestBody": null,
      "StatusCode": 200,
      "ResponseHeaders": {
        "apim-request-id": "f716ebf3-3230-45e9-9ea5-5adc9d2cb700",
        "Content-Type": "application/json; charset=utf-8",
        "Date": "Fri, 24 Mar 2023 19:25:50 GMT",
        "Strict-Transport-Security": "max-age=31536000; includeSubDomains; preload",
        "Transfer-Encoding": "chunked",
        "X-Content-Type-Options": "nosniff",
        "x-envoy-upstream-service-time": "17",
        "x-ms-region": "West US 2"
      },
      "ResponseBody": {
        "operationId": "31486682064_6347620b-5607-499b-aab7-d1ab3116c354",
        "kind": "documentClassifierBuild",
        "status": "running",
        "createdDateTime": "2023-03-24T19:25:35Z",
        "lastUpdatedDateTime": "2023-03-24T19:25:42Z",
        "resourceLocation": "https://fakeendpoint.cognitiveservices.azure.com/formrecognizer/documentClassifiers/dd539aa9-2944-4d89-86fd-35e42d688507?api-version=2023-02-28-preview"
      }
    },
    {
      "RequestUri": "https://fakeendpoint.cognitiveservices.azure.com/formrecognizer/operations/31486682064_6347620b-5607-499b-aab7-d1ab3116c354?api-version=2023-02-28-preview",
      "RequestMethod": "GET",
      "RequestHeaders": {
        "Accept": "*/*",
        "Accept-Encoding": "gzip, deflate",
        "User-Agent": "azsdk-python-ai-formrecognizer/3.3.0b1 Python/3.10.0 (Windows-10-10.0.22621-SP0)"
      },
      "RequestBody": null,
      "StatusCode": 200,
      "ResponseHeaders": {
        "apim-request-id": "a2edcd2a-609d-4bdc-b358-df66293a798f",
        "Content-Type": "application/json; charset=utf-8",
        "Date": "Fri, 24 Mar 2023 19:25:55 GMT",
        "Strict-Transport-Security": "max-age=31536000; includeSubDomains; preload",
        "Transfer-Encoding": "chunked",
        "X-Content-Type-Options": "nosniff",
        "x-envoy-upstream-service-time": "12",
        "x-ms-region": "West US 2"
      },
      "ResponseBody": {
        "operationId": "31486682064_6347620b-5607-499b-aab7-d1ab3116c354",
        "kind": "documentClassifierBuild",
        "status": "running",
        "createdDateTime": "2023-03-24T19:25:35Z",
        "lastUpdatedDateTime": "2023-03-24T19:25:42Z",
        "resourceLocation": "https://fakeendpoint.cognitiveservices.azure.com/formrecognizer/documentClassifiers/dd539aa9-2944-4d89-86fd-35e42d688507?api-version=2023-02-28-preview"
      }
    },
    {
      "RequestUri": "https://fakeendpoint.cognitiveservices.azure.com/formrecognizer/operations/31486682064_6347620b-5607-499b-aab7-d1ab3116c354?api-version=2023-02-28-preview",
      "RequestMethod": "GET",
      "RequestHeaders": {
        "Accept": "*/*",
        "Accept-Encoding": "gzip, deflate",
        "User-Agent": "azsdk-python-ai-formrecognizer/3.3.0b1 Python/3.10.0 (Windows-10-10.0.22621-SP0)"
      },
      "RequestBody": null,
      "StatusCode": 200,
      "ResponseHeaders": {
        "apim-request-id": "b63dd345-b496-44c6-8936-d52d83ff935d",
        "Content-Type": "application/json; charset=utf-8",
        "Date": "Fri, 24 Mar 2023 19:26:01 GMT",
        "Strict-Transport-Security": "max-age=31536000; includeSubDomains; preload",
        "Transfer-Encoding": "chunked",
        "X-Content-Type-Options": "nosniff",
        "x-envoy-upstream-service-time": "48",
        "x-ms-region": "West US 2"
      },
      "ResponseBody": {
        "operationId": "31486682064_6347620b-5607-499b-aab7-d1ab3116c354",
        "kind": "documentClassifierBuild",
        "status": "running",
        "createdDateTime": "2023-03-24T19:25:35Z",
        "lastUpdatedDateTime": "2023-03-24T19:25:42Z",
        "resourceLocation": "https://fakeendpoint.cognitiveservices.azure.com/formrecognizer/documentClassifiers/dd539aa9-2944-4d89-86fd-35e42d688507?api-version=2023-02-28-preview"
      }
    },
    {
      "RequestUri": "https://fakeendpoint.cognitiveservices.azure.com/formrecognizer/operations/31486682064_6347620b-5607-499b-aab7-d1ab3116c354?api-version=2023-02-28-preview",
      "RequestMethod": "GET",
      "RequestHeaders": {
        "Accept": "*/*",
        "Accept-Encoding": "gzip, deflate",
        "User-Agent": "azsdk-python-ai-formrecognizer/3.3.0b1 Python/3.10.0 (Windows-10-10.0.22621-SP0)"
      },
      "RequestBody": null,
      "StatusCode": 200,
      "ResponseHeaders": {
        "apim-request-id": "3be17cb2-80cb-4c01-930c-82f6e8cddfb5",
        "Content-Type": "application/json; charset=utf-8",
        "Date": "Fri, 24 Mar 2023 19:26:06 GMT",
        "Strict-Transport-Security": "max-age=31536000; includeSubDomains; preload",
        "Transfer-Encoding": "chunked",
        "X-Content-Type-Options": "nosniff",
        "x-envoy-upstream-service-time": "12",
        "x-ms-region": "West US 2"
      },
      "ResponseBody": {
        "operationId": "31486682064_6347620b-5607-499b-aab7-d1ab3116c354",
        "kind": "documentClassifierBuild",
        "status": "running",
        "createdDateTime": "2023-03-24T19:25:35Z",
        "lastUpdatedDateTime": "2023-03-24T19:25:42Z",
        "resourceLocation": "https://fakeendpoint.cognitiveservices.azure.com/formrecognizer/documentClassifiers/dd539aa9-2944-4d89-86fd-35e42d688507?api-version=2023-02-28-preview"
      }
    },
    {
      "RequestUri": "https://fakeendpoint.cognitiveservices.azure.com/formrecognizer/operations/31486682064_6347620b-5607-499b-aab7-d1ab3116c354?api-version=2023-02-28-preview",
      "RequestMethod": "GET",
      "RequestHeaders": {
        "Accept": "*/*",
        "Accept-Encoding": "gzip, deflate",
        "User-Agent": "azsdk-python-ai-formrecognizer/3.3.0b1 Python/3.10.0 (Windows-10-10.0.22621-SP0)"
      },
      "RequestBody": null,
      "StatusCode": 200,
      "ResponseHeaders": {
        "apim-request-id": "92819e94-ba1d-4af4-996d-370f33ecb066",
        "Content-Type": "application/json; charset=utf-8",
        "Date": "Fri, 24 Mar 2023 19:26:11 GMT",
        "Strict-Transport-Security": "max-age=31536000; includeSubDomains; preload",
        "Transfer-Encoding": "chunked",
        "X-Content-Type-Options": "nosniff",
        "x-envoy-upstream-service-time": "14",
        "x-ms-region": "West US 2"
      },
      "ResponseBody": {
        "operationId": "31486682064_6347620b-5607-499b-aab7-d1ab3116c354",
        "kind": "documentClassifierBuild",
        "status": "succeeded",
        "createdDateTime": "2023-03-24T19:25:35Z",
        "lastUpdatedDateTime": "2023-03-24T19:26:10Z",
        "resourceLocation": "https://fakeendpoint.cognitiveservices.azure.com/formrecognizer/documentClassifiers/dd539aa9-2944-4d89-86fd-35e42d688507?api-version=2023-02-28-preview",
        "percentCompleted": 100,
        "result": {
          "classifierId": "dd539aa9-2944-4d89-86fd-35e42d688507",
          "createdDateTime": "2023-03-24T19:26:10Z",
          "expirationDateTime": "2025-03-23T19:26:10Z",
          "apiVersion": "2023-02-28-preview",
          "docTypes": {
            "IRS-1040-A": {
              "azureBlobSource": {
                "containerUrl": "https://azuresdktrainingdata.blob.core.windows.net/training-data-classifier",
                "prefix": "IRS-1040-A/train"
              }
            },
            "IRS-1040-B": {
              "azureBlobSource": {
                "containerUrl": "https://azuresdktrainingdata.blob.core.windows.net/training-data-classifier",
                "prefix": "IRS-1040-B/train"
              }
            },
            "IRS-1040-C": {
              "azureBlobSource": {
                "containerUrl": "https://azuresdktrainingdata.blob.core.windows.net/training-data-classifier",
                "prefix": "IRS-1040-C/train"
              }
            },
            "IRS-1040-D": {
              "azureBlobSource": {
                "containerUrl": "https://azuresdktrainingdata.blob.core.windows.net/training-data-classifier",
                "prefix": "IRS-1040-D/train"
              }
            },
            "IRS-1040-E": {
              "azureBlobSource": {
                "containerUrl": "https://azuresdktrainingdata.blob.core.windows.net/training-data-classifier",
                "prefix": "IRS-1040-E/train"
              }
            }
          },
          "description": "IRS document classifier"
        }
      }
    }
  ],
  "Variables": {}
}
