{
  "Entries": [
    {
      "RequestUri": "https://fakestorageaccount.blob.core.windows.net/container169744615178302208?restype=container",
      "RequestMethod": "PUT",
      "RequestHeaders": {
        "Accept": "application/xml",
        "Authorization": "Sanitized",
        "Connection": "keep-alive",
        "Content-Length": "0",
        "User-Agent": "azsdk-js-azure-storage-blob/12.20.0 core-rest-pipeline/1.12.2 Node/v18.16.0 OS/(x64-Windows_NT-10.0.22621)",
        "x-ms-client-request-id": "9ad694aa-7ae8-46ad-9345-90da1641e455",
        "x-ms-date": "Mon, 16 Oct 2023 08:49:11 GMT",
        "x-ms-version": "2023-08-03"
      },
      "RequestBody": null,
      "StatusCode": 201,
      "ResponseHeaders": {
        "Content-Length": "0",
        "Date": "Mon, 16 Oct 2023 08:49:11 GMT",
        "ETag": "\u00220x8DBCE24C52271AF\u0022",
        "Last-Modified": "Mon, 16 Oct 2023 08:49:12 GMT",
        "Server": [
          "Windows-Azure-Blob/1.0",
          "Microsoft-HTTPAPI/2.0"
        ],
        "x-ms-client-request-id": "9ad694aa-7ae8-46ad-9345-90da1641e455",
        "x-ms-request-id": "a3586800-401e-006e-770d-00c60e000000",
        "x-ms-version": "2023-08-03"
      },
      "ResponseBody": null
    },
    {
      "RequestUri": "https://fakestorageaccount.blob.core.windows.net/container169744615178302208/blob169744615192806185?comp=block\u0026blockid=MQ%3D%3D",
      "RequestMethod": "PUT",
      "RequestHeaders": {
        "Accept": "application/xml",
        "Authorization": "Sanitized",
        "Connection": "keep-alive",
        "Content-Length": "10",
        "Content-Type": "application/octet-stream",
        "User-Agent": "azsdk-js-azure-storage-blob/12.20.0 core-rest-pipeline/1.12.2 Node/v18.16.0 OS/(x64-Windows_NT-10.0.22621)",
        "x-ms-client-request-id": "0f7ef5c6-dae5-4f5e-b4cb-969f7844b955",
        "x-ms-date": "Mon, 16 Oct 2023 08:49:11 GMT",
        "x-ms-version": "2023-08-03"
      },
      "RequestBody": "SGVsbG9Xb3JsZA==",
      "StatusCode": 201,
      "ResponseHeaders": {
        "Content-Length": "0",
        "Date": "Mon, 16 Oct 2023 08:49:11 GMT",
        "Server": [
          "Windows-Azure-Blob/1.0",
          "Microsoft-HTTPAPI/2.0"
        ],
        "x-ms-client-request-id": "0f7ef5c6-dae5-4f5e-b4cb-969f7844b955",
        "x-ms-content-crc64": "8R2aIe9T07E=",
        "x-ms-request-id": "a3586863-401e-006e-560d-00c60e000000",
        "x-ms-request-server-encrypted": "true",
        "x-ms-version": "2023-08-03"
      },
      "ResponseBody": null
    },
    {
      "RequestUri": "https://fakestorageaccount.blob.core.windows.net/container169744615178302208/blob169744615192806185?comp=block\u0026blockid=Mg%3D%3D",
      "RequestMethod": "PUT",
      "RequestHeaders": {
        "Accept": "application/xml",
        "Authorization": "Sanitized",
        "Connection": "keep-alive",
        "Content-Length": "10",
        "Content-Type": "application/octet-stream",
        "User-Agent": "azsdk-js-azure-storage-blob/12.20.0 core-rest-pipeline/1.12.2 Node/v18.16.0 OS/(x64-Windows_NT-10.0.22621)",
        "x-ms-client-request-id": "a2d5d0a2-20b1-455d-bc3e-4939a06df4f8",
        "x-ms-date": "Mon, 16 Oct 2023 08:49:12 GMT",
        "x-ms-version": "2023-08-03"
      },
      "RequestBody": "SGVsbG9Xb3JsZA==",
      "StatusCode": 201,
      "ResponseHeaders": {
        "Content-Length": "0",
        "Date": "Mon, 16 Oct 2023 08:49:12 GMT",
        "Server": [
          "Windows-Azure-Blob/1.0",
          "Microsoft-HTTPAPI/2.0"
        ],
        "x-ms-client-request-id": "a2d5d0a2-20b1-455d-bc3e-4939a06df4f8",
        "x-ms-content-crc64": "8R2aIe9T07E=",
        "x-ms-request-id": "a35868da-401e-006e-440d-00c60e000000",
        "x-ms-request-server-encrypted": "true",
        "x-ms-version": "2023-08-03"
      },
      "ResponseBody": null
    },
    {
      "RequestUri": "https://fakestorageaccount.blob.core.windows.net/container169744615178302208/blob169744615192806185?comp=blocklist",
      "RequestMethod": "PUT",
      "RequestHeaders": {
        "Accept": "application/xml",
        "Authorization": "Sanitized",
        "Connection": "keep-alive",
        "Content-Length": "120",
        "Content-Type": "application/xml",
        "User-Agent": "azsdk-js-azure-storage-blob/12.20.0 core-rest-pipeline/1.12.2 Node/v18.16.0 OS/(x64-Windows_NT-10.0.22621)",
        "x-ms-client-request-id": "dc76bbc6-6655-4ddb-9314-5979cca806a7",
        "x-ms-date": "Mon, 16 Oct 2023 08:49:12 GMT",
        "x-ms-version": "2023-08-03"
      },
      "RequestBody": "\u003C?xml version=\u00221.0\u0022 encoding=\u0022UTF-8\u0022 standalone=\u0022yes\u0022?\u003E\u003CBlockList\u003E\u003CLatest\u003EMQ==\u003C/Latest\u003E\u003CLatest\u003EMg==\u003C/Latest\u003E\u003C/BlockList\u003E",
      "StatusCode": 201,
      "ResponseHeaders": {
        "Content-Length": "0",
        "Date": "Mon, 16 Oct 2023 08:49:12 GMT",
        "ETag": "\u00220x8DBCE24C5625F30\u0022",
        "Last-Modified": "Mon, 16 Oct 2023 08:49:12 GMT",
        "Server": [
          "Windows-Azure-Blob/1.0",
          "Microsoft-HTTPAPI/2.0"
        ],
        "x-ms-client-request-id": "dc76bbc6-6655-4ddb-9314-5979cca806a7",
        "x-ms-content-crc64": "GFi/o1BSQtU=",
        "x-ms-request-id": "a358692d-401e-006e-100d-00c60e000000",
        "x-ms-request-server-encrypted": "true",
        "x-ms-version": "2023-08-03",
        "x-ms-version-id": "2023-10-16T08:49:12.8770094Z"
      },
      "ResponseBody": null
    },
    {
      "RequestUri": "https://fakestorageaccount.blob.core.windows.net/container169744615178302208/blob169744615192806185?comp=blocklist\u0026blocklisttype=committed",
      "RequestMethod": "GET",
      "RequestHeaders": {
        "Accept": "application/xml",
        "Authorization": "Sanitized",
        "Connection": "keep-alive",
        "User-Agent": "azsdk-js-azure-storage-blob/12.20.0 core-rest-pipeline/1.12.2 Node/v18.16.0 OS/(x64-Windows_NT-10.0.22621)",
        "x-ms-client-request-id": "9f04bb54-b80a-4e54-a228-28698ecfae06",
        "x-ms-date": "Mon, 16 Oct 2023 08:49:12 GMT",
        "x-ms-version": "2023-08-03"
      },
      "RequestBody": null,
      "StatusCode": 200,
      "ResponseHeaders": {
        "Access-Control-Allow-Origin": "*",
        "Access-Control-Expose-Headers": "x-ms-request-id,x-ms-client-request-id,Server,x-ms-version,Last-Modified,ETag,x-ms-blob-content-length,Content-Type,Content-Length,Date,Transfer-Encoding",
        "Content-Type": "application/xml",
        "Date": "Mon, 16 Oct 2023 08:49:12 GMT",
        "ETag": "\u00220x8DBCE24C5625F30\u0022",
        "Last-Modified": "Mon, 16 Oct 2023 08:49:12 GMT",
        "Server": [
          "Windows-Azure-Blob/1.0",
          "Microsoft-HTTPAPI/2.0"
        ],
        "Transfer-Encoding": "chunked",
        "x-ms-blob-content-length": "20",
        "x-ms-client-request-id": "9f04bb54-b80a-4e54-a228-28698ecfae06",
        "x-ms-request-id": "a3586981-401e-006e-5f0d-00c60e000000",
        "x-ms-version": "2023-08-03"
      },
      "ResponseBody": "\uFEFF\u003C?xml version=\u00221.0\u0022 encoding=\u0022utf-8\u0022?\u003E\u003CBlockList\u003E\u003CCommittedBlocks\u003E\u003CBlock\u003E\u003CName\u003EMQ==\u003C/Name\u003E\u003CSize\u003E10\u003C/Size\u003E\u003C/Block\u003E\u003CBlock\u003E\u003CName\u003EMg==\u003C/Name\u003E\u003CSize\u003E10\u003C/Size\u003E\u003C/Block\u003E\u003C/CommittedBlocks\u003E\u003C/BlockList\u003E"
    },
    {
      "RequestUri": "https://fakestorageaccount.blob.core.windows.net/container169744615178302208?restype=container",
      "RequestMethod": "DELETE",
      "RequestHeaders": {
        "Accept": "application/xml",
        "Authorization": "Sanitized",
        "Connection": "keep-alive",
        "User-Agent": "azsdk-js-azure-storage-blob/12.20.0 core-rest-pipeline/1.12.2 Node/v18.16.0 OS/(x64-Windows_NT-10.0.22621)",
        "x-ms-client-request-id": "3f5ffe5e-22f7-4b50-aeb1-719f394318c4",
        "x-ms-date": "Mon, 16 Oct 2023 08:49:12 GMT",
        "x-ms-version": "2023-08-03"
      },
      "RequestBody": null,
      "StatusCode": 202,
      "ResponseHeaders": {
        "Content-Length": "0",
        "Date": "Mon, 16 Oct 2023 08:49:12 GMT",
        "Server": [
          "Windows-Azure-Blob/1.0",
          "Microsoft-HTTPAPI/2.0"
        ],
        "x-ms-client-request-id": "3f5ffe5e-22f7-4b50-aeb1-719f394318c4",
        "x-ms-request-id": "a35869cc-401e-006e-230d-00c60e000000",
        "x-ms-version": "2023-08-03"
      },
      "ResponseBody": null
    }
  ],
  "Variables": {
    "blob": "blob169744615192806185",
    "container": "container169744615178302208"
  }
}
