{
  "Entries": [
    {
      "RequestUri": "https://Sanitized.blob.core.windows.net/filesystem171617473203004394?restype=container",
      "RequestMethod": "PUT",
      "RequestHeaders": {
        "Accept": "application/xml",
        "Authorization": "Sanitized",
        "Connection": "keep-alive",
        "Content-Length": "0",
        "User-Agent": "azsdk-js-azure-storage-blob/12.23.0-beta.2 core-rest-pipeline/1.16.1 Node/18.19.0 OS/(x64-Windows_NT-10.0.22631)",
        "x-ms-client-request-id": "Sanitized",
        "x-ms-date": "Mon, 20 May 2024 03:12:12 GMT",
        "x-ms-version": "2023-11-03"
      },
      "RequestBody": null,
      "StatusCode": 201,
      "ResponseHeaders": {
        "Content-Length": "0",
        "Date": "Mon, 20 May 2024 03:12:11 GMT",
        "ETag": "\"0x8DC787AA476CB53\"",
        "Last-Modified": "Mon, 20 May 2024 03:12:12 GMT",
        "Server": [
          "Windows-Azure-Blob/1.0",
          "Microsoft-HTTPAPI/2.0"
        ],
        "x-ms-client-request-id": "Sanitized",
        "x-ms-request-id": "Sanitized",
        "x-ms-version": "2023-11-03"
      },
      "ResponseBody": null
    },
    {
      "RequestUri": "https://Sanitized.dfs.core.windows.net/filesystem171617473203004394/directory171617473215402202?resource=directory",
      "RequestMethod": "PUT",
      "RequestHeaders": {
        "Accept": "application/json",
        "Authorization": "Sanitized",
        "Connection": "keep-alive",
        "Content-Length": "0",
        "User-Agent": "azsdk-js-azure-storage-blob/12.23.0-beta.2 core-rest-pipeline/1.16.1 Node/18.19.0 OS/(x64-Windows_NT-10.0.22631)",
        "x-ms-client-request-id": "Sanitized",
        "x-ms-date": "Mon, 20 May 2024 03:12:12 GMT",
        "x-ms-version": "2023-11-03"
      },
      "RequestBody": null,
      "StatusCode": 201,
      "ResponseHeaders": {
        "Content-Length": "0",
        "Date": "Mon, 20 May 2024 03:12:11 GMT",
        "ETag": "\"0x8DC787AA48C6464\"",
        "Last-Modified": "Mon, 20 May 2024 03:12:12 GMT",
        "Server": [
          "Windows-Azure-HDFS/1.0",
          "Microsoft-HTTPAPI/2.0"
        ],
        "x-ms-client-request-id": "Sanitized",
        "x-ms-request-id": "Sanitized",
        "x-ms-request-server-encrypted": "true",
        "x-ms-version": "2023-11-03"
      },
      "ResponseBody": null
    },
    {
      "RequestUri": "https://Sanitized.dfs.core.windows.net/filesystem171617473203004394/directory171617473215402202/file171617473227200279?resource=file",
      "RequestMethod": "PUT",
      "RequestHeaders": {
        "Accept": "application/json",
        "Authorization": "Sanitized",
        "Connection": "keep-alive",
        "Content-Length": "0",
        "User-Agent": "azsdk-js-azure-storage-blob/12.23.0-beta.2 core-rest-pipeline/1.16.1 Node/18.19.0 OS/(x64-Windows_NT-10.0.22631)",
        "x-ms-client-request-id": "Sanitized",
        "x-ms-date": "Mon, 20 May 2024 03:12:12 GMT",
        "x-ms-version": "2023-11-03"
      },
      "RequestBody": null,
      "StatusCode": 201,
      "ResponseHeaders": {
        "Content-Length": "0",
        "Date": "Mon, 20 May 2024 03:12:11 GMT",
        "ETag": "\"0x8DC787AA49DF8BE\"",
        "Last-Modified": "Mon, 20 May 2024 03:12:12 GMT",
        "Server": [
          "Windows-Azure-HDFS/1.0",
          "Microsoft-HTTPAPI/2.0"
        ],
        "x-ms-client-request-id": "Sanitized",
        "x-ms-request-id": "Sanitized",
        "x-ms-request-server-encrypted": "true",
        "x-ms-version": "2023-11-03"
      },
      "ResponseBody": null
    },
    {
      "RequestUri": "https://Sanitized.dfs.core.windows.net/filesystem171617473203004394/directory171617473215402202?sdd=1&action=setAccessControl",
      "RequestMethod": "PATCH",
      "RequestHeaders": {
        "Accept": "application/json",
        "Connection": "keep-alive",
        "Content-Length": "0",
        "User-Agent": "azsdk-js-azure-storage-blob/12.23.0-beta.2 core-rest-pipeline/1.16.1 Node/18.19.0 OS/(x64-Windows_NT-10.0.22631)",
        "x-ms-client-request-id": "Sanitized",
        "x-ms-permissions": "rw-r-x-wT",
        "x-ms-version": "2023-11-03"
      },
      "RequestBody": null,
      "StatusCode": 200,
      "ResponseHeaders": {
        "Content-Length": "0",
        "Date": "Mon, 20 May 2024 03:12:11 GMT",
        "ETag": "\"0x8DC787AA48C6464\"",
        "Last-Modified": "Mon, 20 May 2024 03:12:12 GMT",
        "Server": [
          "Windows-Azure-HDFS/1.0",
          "Microsoft-HTTPAPI/2.0"
        ],
        "x-ms-client-request-id": "Sanitized",
        "x-ms-namespace-enabled": "true",
        "x-ms-request-id": "Sanitized",
        "x-ms-version": "2023-11-03"
      },
      "ResponseBody": null
    },
    {
      "RequestUri": "https://Sanitized.dfs.core.windows.net/filesystem171617473203004394/directory171617473215402202?sdd=0&action=setAccessControl",
      "RequestMethod": "PATCH",
      "RequestHeaders": {
        "Accept": "application/json",
        "Connection": "keep-alive",
        "Content-Length": "0",
        "User-Agent": "azsdk-js-azure-storage-blob/12.23.0-beta.2 core-rest-pipeline/1.16.1 Node/18.19.0 OS/(x64-Windows_NT-10.0.22631)",
        "x-ms-client-request-id": "Sanitized",
        "x-ms-permissions": "rw-r-x-wT",
        "x-ms-version": "2023-11-03"
      },
      "RequestBody": null,
      "StatusCode": 200,
      "ResponseHeaders": {
        "Content-Length": "0",
        "Date": "Mon, 20 May 2024 03:12:11 GMT",
        "ETag": "\"0x8DC787AA48C6464\"",
        "Last-Modified": "Mon, 20 May 2024 03:12:12 GMT",
        "Server": [
          "Windows-Azure-HDFS/1.0",
          "Microsoft-HTTPAPI/2.0"
        ],
        "x-ms-client-request-id": "Sanitized",
        "x-ms-namespace-enabled": "true",
        "x-ms-request-id": "Sanitized",
        "x-ms-version": "2023-11-03"
      },
      "ResponseBody": null
    },
    {
      "RequestUri": "https://Sanitized.blob.core.windows.net/filesystem171617473203004394?restype=container",
      "RequestMethod": "DELETE",
      "RequestHeaders": {
        "Accept": "application/xml",
        "Authorization": "Sanitized",
        "Connection": "keep-alive",
        "User-Agent": "azsdk-js-azure-storage-blob/12.23.0-beta.2 core-rest-pipeline/1.16.1 Node/18.19.0 OS/(x64-Windows_NT-10.0.22631)",
        "x-ms-client-request-id": "Sanitized",
        "x-ms-date": "Mon, 20 May 2024 03:12:12 GMT",
        "x-ms-version": "2023-11-03"
      },
      "RequestBody": null,
      "StatusCode": 202,
      "ResponseHeaders": {
        "Content-Length": "0",
        "Date": "Mon, 20 May 2024 03:12:12 GMT",
        "Server": [
          "Windows-Azure-Blob/1.0",
          "Microsoft-HTTPAPI/2.0"
        ],
        "x-ms-client-request-id": "Sanitized",
        "x-ms-request-id": "Sanitized",
        "x-ms-version": "2023-11-03"
      },
      "ResponseBody": null
    }
  ],
  "Variables": {
    "directory": "directory171617473215402202",
    "file": "file171617473227200279",
    "filesystem": "filesystem171617473203004394",
    "now": "2024-05-20T03:12:12.394Z",
    "tmr": "2024-05-20T03:12:12.394Z"
  }
}
