{
  "Entries": [
    {
      "RequestUri": "https://Sanitized.api.azureml.ms/agents/v1.0/subscriptions/00000000-0000-0000-0000-000000000000/resourceGroups/00000/providers/Microsoft.MachineLearningServices/workspaces/00000/assistants?api-version=2025-05-15-preview",
      "RequestMethod": "POST",
      "RequestHeaders": {
        "Accept": "application/json",
        "Accept-Encoding": "gzip, deflate",
        "Connection": "keep-alive",
        "Content-Length": "88",
        "Content-Type": "application/json",
        "User-Agent": "azsdk-python-ai-assistants/1.0.0b1 Python/3.11.5 (Windows-10-10.0.26100-SP0)"
      },
      "RequestBody": {
        "instructions": "You are helpful assistant",
        "model": "gpt-4o",
        "name": "my-assistant"
      },
      "StatusCode": 200,
      "ResponseHeaders": {
        "apim-request-id": "79f6b582-2e57-43cc-8b60-0b903140ee99",
        "Connection": "keep-alive",
        "Content-Encoding": "gzip",
        "Content-Type": "application/json",
        "Date": "Fri, 18 Apr 2025 04:39:26 GMT",
        "openai-organization": "20ba836fffc34ede8203166d666c74ef",
        "openai-processing-ms": "75",
        "openai-version": "2020-10-01",
        "Request-Context": "appId=cid-v1:2d2e8e63-272e-4b3c-8598-4ee570a0e70d",
        "Strict-Transport-Security": "max-age=31536000; includeSubDomains; preload",
        "Transfer-Encoding": "chunked",
        "Vary": "Accept-Encoding",
        "x-aml-cluster": "vienna-westus-02",
        "X-Content-Type-Options": "nosniff",
        "x-ms-middleware-request-id": "79f6b582-2e57-43cc-8b60-0b903140ee99",
        "x-ms-region": "West US",
        "x-ms-response-type": "standard",
        "X-Request-ID": "73f3d4e819ac369f4923fb67f18190ea",
        "x-request-time": "0.349"
      },
      "ResponseBody": {
        "id": "asst_GmLIFgJTqSCJWmIsARGAZArW",
        "object": "assistant",
        "created_at": 1744951166,
        "name": "my-assistant",
        "description": null,
        "model": "gpt-4o",
        "instructions": "You are helpful assistant",
        "tools": [],
        "top_p": 1.0,
        "temperature": 1.0,
        "tool_resources": {},
        "metadata": {},
        "response_format": "auto"
      }
    },
    {
      "RequestUri": "https://Sanitized.api.azureml.ms/agents/v1.0/subscriptions/00000000-0000-0000-0000-000000000000/resourceGroups/00000/providers/Microsoft.MachineLearningServices/workspaces/00000/threads?api-version=2025-05-15-preview",
      "RequestMethod": "POST",
      "RequestHeaders": {
        "Accept": "application/json",
        "Accept-Encoding": "gzip, deflate",
        "Connection": "keep-alive",
        "Content-Length": "2",
        "Content-Type": "application/json",
        "User-Agent": "azsdk-python-ai-assistants/1.0.0b1 Python/3.11.5 (Windows-10-10.0.26100-SP0)"
      },
      "RequestBody": {},
      "StatusCode": 200,
      "ResponseHeaders": {
        "apim-request-id": "eb1047b5-1bc1-40fe-b194-de01677fed78",
        "Connection": "keep-alive",
        "Content-Length": "137",
        "Content-Type": "application/json",
        "Date": "Fri, 18 Apr 2025 04:39:26 GMT",
        "openai-organization": "20ba836fffc34ede8203166d666c74ef",
        "openai-processing-ms": "68",
        "openai-version": "2020-10-01",
        "Request-Context": "appId=cid-v1:2d2e8e63-272e-4b3c-8598-4ee570a0e70d",
        "Strict-Transport-Security": "max-age=31536000; includeSubDomains; preload",
        "x-aml-cluster": "vienna-westus-02",
        "X-Content-Type-Options": "nosniff",
        "x-ms-middleware-request-id": "6b9e6d47-2f17-4dee-bf66-008712ab066d",
        "x-ms-region": "West US",
        "x-ms-response-type": "standard",
        "X-Request-ID": "a8a323c566eee7869a4a8d6462009a21",
        "x-request-time": "0.356"
      },
      "ResponseBody": {
        "id": "thread_am6EeclnmixQUBv4Z3xjpDqW",
        "object": "thread",
        "created_at": 1744951166,
        "metadata": {},
        "tool_resources": {}
      }
    },
    {
      "RequestUri": "https://Sanitized.api.azureml.ms/agents/v1.0/subscriptions/00000000-0000-0000-0000-000000000000/resourceGroups/00000/providers/Microsoft.MachineLearningServices/workspaces/00000/threads/thread_am6EeclnmixQUBv4Z3xjpDqW/runs?api-version=2025-05-15-preview",
      "RequestMethod": "POST",
      "RequestHeaders": {
        "Accept": "application/json",
        "Accept-Encoding": "gzip, deflate",
        "Connection": "keep-alive",
        "Content-Length": "116",
        "Content-Type": "application/json",
        "User-Agent": "azsdk-python-ai-assistants/1.0.0b1 Python/3.11.5 (Windows-10-10.0.26100-SP0)"
      },
      "RequestBody": {
        "assistant_id": "asst_GmLIFgJTqSCJWmIsARGAZArW",
        "metadata": {
          "key1": "value1",
          "key2": "value2"
        },
        "stream": false
      },
      "StatusCode": 200,
      "ResponseHeaders": {
        "apim-request-id": "4f89d0f1-c3d0-49df-9407-d4e0f5cd58f1",
        "Connection": "keep-alive",
        "Content-Encoding": "gzip",
        "Content-Type": "application/json",
        "Date": "Fri, 18 Apr 2025 04:39:27 GMT",
        "openai-organization": "20ba836fffc34ede8203166d666c74ef",
        "openai-processing-ms": "194",
        "openai-version": "2020-10-01",
        "Request-Context": "appId=cid-v1:2d2e8e63-272e-4b3c-8598-4ee570a0e70d",
        "Strict-Transport-Security": "max-age=31536000; includeSubDomains; preload",
        "Transfer-Encoding": "chunked",
        "Vary": "Accept-Encoding",
        "x-aml-cluster": "vienna-westus-02",
        "X-Content-Type-Options": "nosniff",
        "x-ms-middleware-request-id": "123061b8-6f52-4c8f-a02d-40184681d9ad",
        "x-ms-region": "West US",
        "x-ms-response-type": "standard",
        "X-Request-ID": "8f2e7c85ae369f2a53ec789c40418a43",
        "x-request-time": "0.599"
      },
      "ResponseBody": {
        "id": "run_Jw9hwKQFP3oN3ueVxaFIdr0x",
        "object": "thread.run",
        "created_at": 1744951166,
        "assistant_id": "asst_GmLIFgJTqSCJWmIsARGAZArW",
        "thread_id": "thread_am6EeclnmixQUBv4Z3xjpDqW",
        "status": "queued",
        "started_at": null,
        "expires_at": 1744951766,
        "cancelled_at": null,
        "failed_at": null,
        "completed_at": null,
        "required_action": null,
        "last_error": null,
        "model": "gpt-4o",
        "instructions": "You are helpful assistant",
        "tools": [],
        "tool_resources": {},
        "metadata": {
          "key1": "value1",
          "key2": "value2"
        },
        "temperature": 1.0,
        "top_p": 1.0,
        "max_completion_tokens": null,
        "max_prompt_tokens": null,
        "truncation_strategy": {
          "type": "auto",
          "last_messages": null
        },
        "incomplete_details": null,
        "usage": null,
        "response_format": "auto",
        "tool_choice": "auto",
        "parallel_tool_calls": true
      }
    },
    {
      "RequestUri": "https://Sanitized.api.azureml.ms/agents/v1.0/subscriptions/00000000-0000-0000-0000-000000000000/resourceGroups/00000/providers/Microsoft.MachineLearningServices/workspaces/00000/assistants/asst_GmLIFgJTqSCJWmIsARGAZArW?api-version=2025-05-15-preview",
      "RequestMethod": "DELETE",
      "RequestHeaders": {
        "Accept": "application/json",
        "Accept-Encoding": "gzip, deflate",
        "Connection": "keep-alive",
        "Content-Length": "0",
        "User-Agent": "azsdk-python-ai-assistants/1.0.0b1 Python/3.11.5 (Windows-10-10.0.26100-SP0)"
      },
      "RequestBody": null,
      "StatusCode": 200,
      "ResponseHeaders": {
        "apim-request-id": "3855b627-17e8-4e28-9a5d-d8950a4ab09c",
        "Connection": "keep-alive",
        "Content-Length": "95",
        "Content-Type": "application/json",
        "Date": "Fri, 18 Apr 2025 04:39:27 GMT",
        "openai-organization": "20ba836fffc34ede8203166d666c74ef",
        "openai-processing-ms": "76",
        "openai-version": "2020-10-01",
        "Request-Context": "appId=cid-v1:2d2e8e63-272e-4b3c-8598-4ee570a0e70d",
        "Strict-Transport-Security": "max-age=31536000; includeSubDomains; preload",
        "x-aml-cluster": "vienna-westus-02",
        "X-Content-Type-Options": "nosniff",
        "x-ms-middleware-request-id": "11176e58-9e6d-4597-a9af-fea41b998d0b",
        "x-ms-region": "West US",
        "x-ms-response-type": "standard",
        "X-Request-ID": "99a7652f2f1b4589e47dfbd760e4756f",
        "x-request-time": "0.315"
      },
      "ResponseBody": {
        "id": "asst_GmLIFgJTqSCJWmIsARGAZArW",
        "object": "assistant.deleted",
        "deleted": true
      }
    }
  ],
  "Variables": {}
}
