{
  "Entries": [
    {
      "RequestUri": "https://Sanitized.api.azureml.ms/agents/v1.0/subscriptions/00000000-0000-0000-0000-000000000000/resourceGroups/00000/providers/Microsoft.MachineLearningServices/workspaces/00000/assistants?api-version=2025-05-15-preview",
      "RequestMethod": "POST",
      "RequestHeaders": {
        "Accept": "application/json",
        "Accept-Encoding": "gzip, deflate",
        "Connection": "keep-alive",
        "Content-Length": "1105",
        "Content-Type": "application/json",
        "User-Agent": "azsdk-python-ai-assistants/1.0.0b1 Python/3.11.5 (Windows-10-10.0.26100-SP0)",
        "x-ms-enable-preview": "true"
      },
      "RequestBody": {
        "instructions": "You are a helpful support assistant. Use the provided function any time the prompt contains the string 'What would foo say?'. When you invoke the function, ALWAYS specify the output queue uri parameter as 'https://foobar.queue.core.windows.net/azure-function-tool-output'. Always responds with \"Foo says\" and then the response from the tool.",
        "model": "gpt-4",
        "name": "azure-function-assistant-foo",
        "tools": [
          {
            "type": "azure_function",
            "azure_function": {
              "function": {
                "name": "foo",
                "description": "Get answers from the foo bot.",
                "parameters": {
                  "type": "object",
                  "properties": {
                    "query": {
                      "type": "string",
                      "description": "The question to ask."
                    },
                    "outputqueueuri": {
                      "type": "string",
                      "description": "The full output queue uri."
                    }
                  }
                }
              },
              "input_binding": {
                "storage_queue": {
                  "queue_name": "azure-function-foo-input",
                  "queue_service_endpoint": "https://foobar.queue.core.windows.net"
                },
                "type": "storage_queue"
              },
              "output_binding": {
                "storage_queue": {
                  "queue_name": "azure-function-tool-output",
                  "queue_service_endpoint": "https://foobar.queue.core.windows.net"
                },
                "type": "storage_queue"
              }
            }
          }
        ]
      },
      "StatusCode": 200,
      "ResponseHeaders": {
        "apim-request-id": "24561e5b-9466-4c20-8990-3e38a2285e57",
        "Connection": "keep-alive",
        "Content-Encoding": "gzip",
        "Content-Type": "application/json",
        "Date": "Fri, 18 Apr 2025 04:45:14 GMT",
        "openai-organization": "20ba836fffc34ede8203166d666c74ef",
        "openai-processing-ms": "21",
        "openai-version": "2020-10-01",
        "Request-Context": "appId=cid-v1:2d2e8e63-272e-4b3c-8598-4ee570a0e70d",
        "Strict-Transport-Security": "max-age=31536000; includeSubDomains; preload",
        "Transfer-Encoding": "chunked",
        "Vary": "Accept-Encoding",
        "x-aml-cluster": "vienna-westus-02",
        "X-Content-Type-Options": "nosniff",
        "x-ms-middleware-request-id": "24561e5b-9466-4c20-8990-3e38a2285e57",
        "x-ms-region": "West US",
        "x-ms-response-type": "standard",
        "X-Request-ID": "9e35aae0ed99a33e22a93a5c97a911d6",
        "x-request-time": "0.289"
      },
      "ResponseBody": {
        "id": "asst_reX4EomlFOLUl69ppVbgblcP",
        "object": "assistant",
        "created_at": 1744951514,
        "name": "azure-function-assistant-foo",
        "description": null,
        "model": "gpt-4",
        "instructions": "You are a helpful support assistant. Use the provided function any time the prompt contains the string 'What would foo say?'. When you invoke the function, ALWAYS specify the output queue uri parameter as 'https://foobar.queue.core.windows.net/azure-function-tool-output'. Always responds with \"Foo says\" and then the response from the tool.",
        "tools": [
          {
            "type": "azure_function",
            "azure_function": {
              "input_binding": {
                "type": "storage_queue",
                "storage_queue": {
                  "queue_service_endpoint": "https://foobar.queue.core.windows.net",
                  "queue_name": "azure-function-foo-input"
                }
              },
              "output_binding": {
                "type": "storage_queue",
                "storage_queue": {
                  "queue_service_endpoint": "https://foobar.queue.core.windows.net",
                  "queue_name": "azure-function-tool-output"
                }
              },
              "function": {
                "name": "foo",
                "description": "Get answers from the foo bot.",
                "parameters": {
                  "type": "object",
                  "properties": {
                    "query": {
                      "type": "string",
                      "description": "The question to ask."
                    },
                    "outputqueueuri": {
                      "type": "string",
                      "description": "The full output queue uri."
                    }
                  }
                }
              }
            }
          }
        ],
        "top_p": 1.0,
        "temperature": 1.0,
        "tool_resources": {},
        "metadata": {},
        "response_format": "auto"
      }
    },
    {
      "RequestUri": "https://Sanitized.api.azureml.ms/agents/v1.0/subscriptions/00000000-0000-0000-0000-000000000000/resourceGroups/00000/providers/Microsoft.MachineLearningServices/workspaces/00000/threads?api-version=2025-05-15-preview",
      "RequestMethod": "POST",
      "RequestHeaders": {
        "Accept": "application/json",
        "Accept-Encoding": "gzip, deflate",
        "Connection": "keep-alive",
        "Content-Length": "2",
        "Content-Type": "application/json",
        "User-Agent": "azsdk-python-ai-assistants/1.0.0b1 Python/3.11.5 (Windows-10-10.0.26100-SP0)"
      },
      "RequestBody": {},
      "StatusCode": 200,
      "ResponseHeaders": {
        "apim-request-id": "d7bf9329-3a7e-49bb-bf92-f78a23fe0ace",
        "Connection": "keep-alive",
        "Content-Length": "137",
        "Content-Type": "application/json",
        "Date": "Fri, 18 Apr 2025 04:45:14 GMT",
        "openai-organization": "20ba836fffc34ede8203166d666c74ef",
        "openai-processing-ms": "23",
        "openai-version": "2020-10-01",
        "Request-Context": "appId=cid-v1:2d2e8e63-272e-4b3c-8598-4ee570a0e70d",
        "Strict-Transport-Security": "max-age=31536000; includeSubDomains; preload",
        "x-aml-cluster": "vienna-westus-02",
        "X-Content-Type-Options": "nosniff",
        "x-ms-middleware-request-id": "733c4268-9198-424e-a3c1-4b8ee54ed5f6",
        "x-ms-region": "West US",
        "x-ms-response-type": "standard",
        "X-Request-ID": "2d5b832faf294f5667043a5429386b43",
        "x-request-time": "0.270"
      },
      "ResponseBody": {
        "id": "thread_Faqp8bhPiu9ATtwC2tgsJFQy",
        "object": "thread",
        "created_at": 1744951514,
        "metadata": {},
        "tool_resources": {}
      }
    },
    {
      "RequestUri": "https://Sanitized.api.azureml.ms/agents/v1.0/subscriptions/00000000-0000-0000-0000-000000000000/resourceGroups/00000/providers/Microsoft.MachineLearningServices/workspaces/00000/threads/thread_Faqp8bhPiu9ATtwC2tgsJFQy/messages?api-version=2025-05-15-preview",
      "RequestMethod": "POST",
      "RequestHeaders": {
        "Accept": "application/json",
        "Accept-Encoding": "gzip, deflate",
        "Connection": "keep-alive",
        "Content-Length": "102",
        "Content-Type": "application/json",
        "User-Agent": "azsdk-python-ai-assistants/1.0.0b1 Python/3.11.5 (Windows-10-10.0.26100-SP0)"
      },
      "RequestBody": {
        "content": "What is the most prevalent element in the universe? What would foo say?",
        "role": "user"
      },
      "StatusCode": 200,
      "ResponseHeaders": {
        "apim-request-id": "f338f321-1ae8-4f99-8bf7-18c66d5812da",
        "Connection": "keep-alive",
        "Content-Encoding": "gzip",
        "Content-Type": "application/json",
        "Date": "Fri, 18 Apr 2025 04:45:15 GMT",
        "openai-organization": "20ba836fffc34ede8203166d666c74ef",
        "openai-processing-ms": "92",
        "openai-version": "2020-10-01",
        "Request-Context": "appId=cid-v1:2d2e8e63-272e-4b3c-8598-4ee570a0e70d",
        "Strict-Transport-Security": "max-age=31536000; includeSubDomains; preload",
        "Transfer-Encoding": "chunked",
        "Vary": "Accept-Encoding",
        "x-aml-cluster": "vienna-westus-02",
        "X-Content-Type-Options": "nosniff",
        "x-ms-middleware-request-id": "8aa9affd-d306-4568-9930-ec006e2c56c0",
        "x-ms-region": "West US",
        "x-ms-response-type": "standard",
        "X-Request-ID": "2d7f4cf1e1a96305e7b9e0823ec624c4",
        "x-request-time": "0.367"
      },
      "ResponseBody": {
        "id": "msg_omyRhhQBFTNM1evPdLmYaddt",
        "object": "thread.message",
        "created_at": 1744951515,
        "assistant_id": null,
        "thread_id": "thread_Faqp8bhPiu9ATtwC2tgsJFQy",
        "run_id": null,
        "role": "user",
        "content": [
          {
            "type": "text",
            "text": {
              "value": "What is the most prevalent element in the universe? What would foo say?",
              "annotations": []
            }
          }
        ],
        "attachments": [],
        "metadata": {}
      }
    },
    {
      "RequestUri": "https://Sanitized.api.azureml.ms/agents/v1.0/subscriptions/00000000-0000-0000-0000-000000000000/resourceGroups/00000/providers/Microsoft.MachineLearningServices/workspaces/00000/threads/thread_Faqp8bhPiu9ATtwC2tgsJFQy/runs?api-version=2025-05-15-preview",
      "RequestMethod": "POST",
      "RequestHeaders": {
        "Accept": "application/json",
        "Accept-Encoding": "gzip, deflate",
        "Connection": "keep-alive",
        "Content-Length": "66",
        "Content-Type": "application/json",
        "User-Agent": "azsdk-python-ai-assistants/1.0.0b1 Python/3.11.5 (Windows-10-10.0.26100-SP0)"
      },
      "RequestBody": {
        "assistant_id": "asst_reX4EomlFOLUl69ppVbgblcP",
        "stream": false
      },
      "StatusCode": 200,
      "ResponseHeaders": {
        "apim-request-id": "3eaa221f-7624-426e-858c-9b53072c25ab",
        "Connection": "keep-alive",
        "Content-Encoding": "gzip",
        "Content-Type": "application/json",
        "Date": "Fri, 18 Apr 2025 04:45:15 GMT",
        "openai-organization": "20ba836fffc34ede8203166d666c74ef",
        "openai-processing-ms": "178",
        "openai-version": "2020-10-01",
        "Request-Context": "appId=cid-v1:2d2e8e63-272e-4b3c-8598-4ee570a0e70d",
        "Strict-Transport-Security": "max-age=31536000; includeSubDomains; preload",
        "Transfer-Encoding": "chunked",
        "Vary": "Accept-Encoding",
        "x-aml-cluster": "vienna-westus-02",
        "X-Content-Type-Options": "nosniff",
        "x-ms-middleware-request-id": "c9cd78ab-c820-4564-860f-94350658524c",
        "x-ms-region": "West US",
        "x-ms-response-type": "standard",
        "X-Request-ID": "886ff568cc836a5a7dec78e61cfb476a",
        "x-request-time": "0.513"
      },
      "ResponseBody": {
        "id": "run_RapeojE6XHlUl4k7xEckW5X1",
        "object": "thread.run",
        "created_at": 1744951515,
        "assistant_id": "asst_reX4EomlFOLUl69ppVbgblcP",
        "thread_id": "thread_Faqp8bhPiu9ATtwC2tgsJFQy",
        "status": "queued",
        "started_at": null,
        "expires_at": 1744952115,
        "cancelled_at": null,
        "failed_at": null,
        "completed_at": null,
        "required_action": null,
        "last_error": null,
        "model": "gpt-4",
        "instructions": "You are a helpful support assistant. Use the provided function any time the prompt contains the string 'What would foo say?'. When you invoke the function, ALWAYS specify the output queue uri parameter as 'https://foobar.queue.core.windows.net/azure-function-tool-output'. Always responds with \"Foo says\" and then the response from the tool.",
        "tools": [
          {
            "type": "azure_function",
            "azure_function": {
              "input_binding": {
                "type": "storage_queue",
                "storage_queue": {
                  "queue_service_endpoint": "https://foobar.queue.core.windows.net",
                  "queue_name": "azure-function-foo-input"
                }
              },
              "output_binding": {
                "type": "storage_queue",
                "storage_queue": {
                  "queue_service_endpoint": "https://foobar.queue.core.windows.net",
                  "queue_name": "azure-function-tool-output"
                }
              },
              "function": {
                "name": "foo",
                "description": "Get answers from the foo bot.",
                "parameters": {
                  "type": "object",
                  "properties": {
                    "query": {
                      "type": "string",
                      "description": "The question to ask."
                    },
                    "outputqueueuri": {
                      "type": "string",
                      "description": "The full output queue uri."
                    }
                  }
                }
              }
            }
          }
        ],
        "tool_resources": {},
        "metadata": {},
        "temperature": 1.0,
        "top_p": 1.0,
        "max_completion_tokens": null,
        "max_prompt_tokens": null,
        "truncation_strategy": {
          "type": "auto",
          "last_messages": null
        },
        "incomplete_details": null,
        "usage": null,
        "response_format": "auto",
        "tool_choice": "auto",
        "parallel_tool_calls": true
      }
    },
    {
      "RequestUri": "https://Sanitized.api.azureml.ms/agents/v1.0/subscriptions/00000000-0000-0000-0000-000000000000/resourceGroups/00000/providers/Microsoft.MachineLearningServices/workspaces/00000/threads/thread_Faqp8bhPiu9ATtwC2tgsJFQy/runs/Sanitized?api-version=2025-05-15-preview",
      "RequestMethod": "GET",
      "RequestHeaders": {
        "Accept": "application/json",
        "Accept-Encoding": "gzip, deflate",
        "Connection": "keep-alive",
        "User-Agent": "azsdk-python-ai-assistants/1.0.0b1 Python/3.11.5 (Windows-10-10.0.26100-SP0)"
      },
      "RequestBody": null,
      "StatusCode": 200,
      "ResponseHeaders": {
        "apim-request-id": "5187622a-ad1e-4de3-95c2-041d9eb82fb0",
        "Connection": "keep-alive",
        "Content-Encoding": "gzip",
        "Content-Type": "application/json",
        "Date": "Fri, 18 Apr 2025 04:45:17 GMT",
        "openai-organization": "20ba836fffc34ede8203166d666c74ef",
        "openai-processing-ms": "56",
        "openai-version": "2020-10-01",
        "Request-Context": "appId=cid-v1:2d2e8e63-272e-4b3c-8598-4ee570a0e70d",
        "Strict-Transport-Security": "max-age=31536000; includeSubDomains; preload",
        "Transfer-Encoding": "chunked",
        "Vary": "Accept-Encoding",
        "x-aml-cluster": "vienna-westus-02",
        "X-Content-Type-Options": "nosniff",
        "x-ms-middleware-request-id": "3ad116f0-b767-4729-8540-12920c056e2b",
        "x-ms-region": "West US",
        "x-ms-response-type": "standard",
        "X-Request-ID": "cf913c36f8c1c5eeacd1250964f8db4b",
        "x-request-time": "0.325"
      },
      "ResponseBody": {
        "id": "run_RapeojE6XHlUl4k7xEckW5X1",
        "object": "thread.run",
        "created_at": 1744951515,
        "assistant_id": "asst_reX4EomlFOLUl69ppVbgblcP",
        "thread_id": "thread_Faqp8bhPiu9ATtwC2tgsJFQy",
        "status": "in_progress",
        "started_at": 1744951516,
        "expires_at": 1744952115,
        "cancelled_at": null,
        "failed_at": null,
        "completed_at": null,
        "required_action": null,
        "last_error": null,
        "model": "gpt-4",
        "instructions": "You are a helpful support assistant. Use the provided function any time the prompt contains the string 'What would foo say?'. When you invoke the function, ALWAYS specify the output queue uri parameter as 'https://foobar.queue.core.windows.net/azure-function-tool-output'. Always responds with \"Foo says\" and then the response from the tool.",
        "tools": [
          {
            "type": "azure_function",
            "azure_function": {
              "input_binding": {
                "type": "storage_queue",
                "storage_queue": {
                  "queue_service_endpoint": "https://foobar.queue.core.windows.net",
                  "queue_name": "azure-function-foo-input"
                }
              },
              "output_binding": {
                "type": "storage_queue",
                "storage_queue": {
                  "queue_service_endpoint": "https://foobar.queue.core.windows.net",
                  "queue_name": "azure-function-tool-output"
                }
              },
              "function": {
                "name": "foo",
                "description": "Get answers from the foo bot.",
                "parameters": {
                  "type": "object",
                  "properties": {
                    "query": {
                      "type": "string",
                      "description": "The question to ask."
                    },
                    "outputqueueuri": {
                      "type": "string",
                      "description": "The full output queue uri."
                    }
                  }
                }
              }
            }
          }
        ],
        "tool_resources": {},
        "metadata": {},
        "temperature": 1.0,
        "top_p": 1.0,
        "max_completion_tokens": null,
        "max_prompt_tokens": null,
        "truncation_strategy": {
          "type": "auto",
          "last_messages": null
        },
        "incomplete_details": null,
        "usage": null,
        "response_format": "auto",
        "tool_choice": "auto",
        "parallel_tool_calls": true
      }
    },
    {
      "RequestUri": "https://Sanitized.api.azureml.ms/agents/v1.0/subscriptions/00000000-0000-0000-0000-000000000000/resourceGroups/00000/providers/Microsoft.MachineLearningServices/workspaces/00000/threads/thread_Faqp8bhPiu9ATtwC2tgsJFQy/runs/Sanitized?api-version=2025-05-15-preview",
      "RequestMethod": "GET",
      "RequestHeaders": {
        "Accept": "application/json",
        "Accept-Encoding": "gzip, deflate",
        "Connection": "keep-alive",
        "User-Agent": "azsdk-python-ai-assistants/1.0.0b1 Python/3.11.5 (Windows-10-10.0.26100-SP0)"
      },
      "RequestBody": null,
      "StatusCode": 200,
      "ResponseHeaders": {
        "apim-request-id": "00c5cb4a-214c-4549-9289-b26cc4e5cddd",
        "Connection": "keep-alive",
        "Content-Encoding": "gzip",
        "Content-Type": "application/json",
        "Date": "Fri, 18 Apr 2025 04:45:18 GMT",
        "openai-organization": "20ba836fffc34ede8203166d666c74ef",
        "openai-processing-ms": "48",
        "openai-version": "2020-10-01",
        "Request-Context": "appId=cid-v1:2d2e8e63-272e-4b3c-8598-4ee570a0e70d",
        "Strict-Transport-Security": "max-age=31536000; includeSubDomains; preload",
        "Transfer-Encoding": "chunked",
        "Vary": "Accept-Encoding",
        "x-aml-cluster": "vienna-westus-02",
        "X-Content-Type-Options": "nosniff",
        "x-ms-middleware-request-id": "e13db861-ac42-4700-a6e3-60411607ce18",
        "x-ms-region": "West US",
        "x-ms-response-type": "standard",
        "X-Request-ID": "82697fb623b27f18820c04c9411b1f5b",
        "x-request-time": "0.324"
      },
      "ResponseBody": {
        "id": "run_RapeojE6XHlUl4k7xEckW5X1",
        "object": "thread.run",
        "created_at": 1744951515,
        "assistant_id": "asst_reX4EomlFOLUl69ppVbgblcP",
        "thread_id": "thread_Faqp8bhPiu9ATtwC2tgsJFQy",
        "status": "in_progress",
        "started_at": 1744951516,
        "expires_at": 1744952115,
        "cancelled_at": null,
        "failed_at": null,
        "completed_at": null,
        "required_action": null,
        "last_error": null,
        "model": "gpt-4",
        "instructions": "You are a helpful support assistant. Use the provided function any time the prompt contains the string 'What would foo say?'. When you invoke the function, ALWAYS specify the output queue uri parameter as 'https://foobar.queue.core.windows.net/azure-function-tool-output'. Always responds with \"Foo says\" and then the response from the tool.",
        "tools": [
          {
            "type": "azure_function",
            "azure_function": {
              "input_binding": {
                "type": "storage_queue",
                "storage_queue": {
                  "queue_service_endpoint": "https://foobar.queue.core.windows.net",
                  "queue_name": "azure-function-foo-input"
                }
              },
              "output_binding": {
                "type": "storage_queue",
                "storage_queue": {
                  "queue_service_endpoint": "https://foobar.queue.core.windows.net",
                  "queue_name": "azure-function-tool-output"
                }
              },
              "function": {
                "name": "foo",
                "description": "Get answers from the foo bot.",
                "parameters": {
                  "type": "object",
                  "properties": {
                    "query": {
                      "type": "string",
                      "description": "The question to ask."
                    },
                    "outputqueueuri": {
                      "type": "string",
                      "description": "The full output queue uri."
                    }
                  }
                }
              }
            }
          }
        ],
        "tool_resources": {},
        "metadata": {},
        "temperature": 1.0,
        "top_p": 1.0,
        "max_completion_tokens": null,
        "max_prompt_tokens": null,
        "truncation_strategy": {
          "type": "auto",
          "last_messages": null
        },
        "incomplete_details": null,
        "usage": null,
        "response_format": "auto",
        "tool_choice": "auto",
        "parallel_tool_calls": true
      }
    },
    {
      "RequestUri": "https://Sanitized.api.azureml.ms/agents/v1.0/subscriptions/00000000-0000-0000-0000-000000000000/resourceGroups/00000/providers/Microsoft.MachineLearningServices/workspaces/00000/threads/thread_Faqp8bhPiu9ATtwC2tgsJFQy/runs/Sanitized?api-version=2025-05-15-preview",
      "RequestMethod": "GET",
      "RequestHeaders": {
        "Accept": "application/json",
        "Accept-Encoding": "gzip, deflate",
        "Connection": "keep-alive",
        "User-Agent": "azsdk-python-ai-assistants/1.0.0b1 Python/3.11.5 (Windows-10-10.0.26100-SP0)"
      },
      "RequestBody": null,
      "StatusCode": 200,
      "ResponseHeaders": {
        "apim-request-id": "13353145-4356-4ac5-bf7c-6a0df1e3e534",
        "Connection": "keep-alive",
        "Content-Encoding": "gzip",
        "Content-Type": "application/json",
        "Date": "Fri, 18 Apr 2025 04:45:20 GMT",
        "openai-organization": "20ba836fffc34ede8203166d666c74ef",
        "openai-processing-ms": "65",
        "openai-version": "2020-10-01",
        "Request-Context": "appId=cid-v1:2d2e8e63-272e-4b3c-8598-4ee570a0e70d",
        "Strict-Transport-Security": "max-age=31536000; includeSubDomains; preload",
        "Transfer-Encoding": "chunked",
        "Vary": "Accept-Encoding",
        "x-aml-cluster": "vienna-westus-02",
        "X-Content-Type-Options": "nosniff",
        "x-ms-middleware-request-id": "39c28665-b247-4dd1-a8d0-6e873afdff9d",
        "x-ms-region": "West US",
        "x-ms-response-type": "standard",
        "X-Request-ID": "4839f0e44bcb88a58044f6af5632a0b5",
        "x-request-time": "0.340"
      },
      "ResponseBody": {
        "id": "run_RapeojE6XHlUl4k7xEckW5X1",
        "object": "thread.run",
        "created_at": 1744951515,
        "assistant_id": "asst_reX4EomlFOLUl69ppVbgblcP",
        "thread_id": "thread_Faqp8bhPiu9ATtwC2tgsJFQy",
        "status": "requires_action",
        "started_at": 1744951516,
        "expires_at": 1744987515,
        "cancelled_at": null,
        "failed_at": null,
        "completed_at": null,
        "required_action": {
          "type": "submit_tool_outputs",
          "submit_tool_outputs": {
            "tool_calls": [
              {
                "id": "call_o8rHuJaiwNaR3LDBMR1QepON",
                "type": "azure_function",
                "azure_function": {
                  "name": "foo",
                  "arguments": "{\"query\":\"What is the most prevalent element in the universe?\",\"outputqueueuri\":\"https://foobar.queue.core.windows.net/azure-function-tool-output\"}"
                }
              }
            ]
          }
        },
        "last_error": null,
        "model": "gpt-4",
        "instructions": "You are a helpful support assistant. Use the provided function any time the prompt contains the string 'What would foo say?'. When you invoke the function, ALWAYS specify the output queue uri parameter as 'https://foobar.queue.core.windows.net/azure-function-tool-output'. Always responds with \"Foo says\" and then the response from the tool.",
        "tools": [
          {
            "type": "azure_function",
            "azure_function": {
              "input_binding": {
                "type": "storage_queue",
                "storage_queue": {
                  "queue_service_endpoint": "https://foobar.queue.core.windows.net",
                  "queue_name": "azure-function-foo-input"
                }
              },
              "output_binding": {
                "type": "storage_queue",
                "storage_queue": {
                  "queue_service_endpoint": "https://foobar.queue.core.windows.net",
                  "queue_name": "azure-function-tool-output"
                }
              },
              "function": {
                "name": "foo",
                "description": "Get answers from the foo bot.",
                "parameters": {
                  "type": "object",
                  "properties": {
                    "query": {
                      "type": "string",
                      "description": "The question to ask."
                    },
                    "outputqueueuri": {
                      "type": "string",
                      "description": "The full output queue uri."
                    }
                  }
                }
              }
            }
          }
        ],
        "tool_resources": {},
        "metadata": {},
        "temperature": 1.0,
        "top_p": 1.0,
        "max_completion_tokens": null,
        "max_prompt_tokens": null,
        "truncation_strategy": {
          "type": "auto",
          "last_messages": null
        },
        "incomplete_details": null,
        "usage": null,
        "response_format": "auto",
        "tool_choice": "auto",
        "parallel_tool_calls": true
      }
    },
    {
      "RequestUri": "https://Sanitized.api.azureml.ms/agents/v1.0/subscriptions/00000000-0000-0000-0000-000000000000/resourceGroups/00000/providers/Microsoft.MachineLearningServices/workspaces/00000/threads/thread_Faqp8bhPiu9ATtwC2tgsJFQy/runs/Sanitized?api-version=2025-05-15-preview",
      "RequestMethod": "GET",
      "RequestHeaders": {
        "Accept": "application/json",
        "Accept-Encoding": "gzip, deflate",
        "Connection": "keep-alive",
        "User-Agent": "azsdk-python-ai-assistants/1.0.0b1 Python/3.11.5 (Windows-10-10.0.26100-SP0)"
      },
      "RequestBody": null,
      "StatusCode": 200,
      "ResponseHeaders": {
        "apim-request-id": "1fc4a06f-6fcd-4134-9551-2117552809b2",
        "Connection": "keep-alive",
        "Content-Encoding": "gzip",
        "Content-Type": "application/json",
        "Date": "Fri, 18 Apr 2025 04:45:21 GMT",
        "openai-organization": "20ba836fffc34ede8203166d666c74ef",
        "openai-processing-ms": "39",
        "openai-version": "2020-10-01",
        "Request-Context": "appId=cid-v1:2d2e8e63-272e-4b3c-8598-4ee570a0e70d",
        "Strict-Transport-Security": "max-age=31536000; includeSubDomains; preload",
        "Transfer-Encoding": "chunked",
        "Vary": "Accept-Encoding",
        "x-aml-cluster": "vienna-westus-02",
        "X-Content-Type-Options": "nosniff",
        "x-ms-middleware-request-id": "7bb68f6e-3b40-4ce0-81cd-fef71540c702",
        "x-ms-region": "West US",
        "x-ms-response-type": "standard",
        "X-Request-ID": "269743291699487b18a102195a98f9f0",
        "x-request-time": "0.319"
      },
      "ResponseBody": {
        "id": "run_RapeojE6XHlUl4k7xEckW5X1",
        "object": "thread.run",
        "created_at": 1744951515,
        "assistant_id": "asst_reX4EomlFOLUl69ppVbgblcP",
        "thread_id": "thread_Faqp8bhPiu9ATtwC2tgsJFQy",
        "status": "requires_action",
        "started_at": 1744951516,
        "expires_at": 1744987515,
        "cancelled_at": null,
        "failed_at": null,
        "completed_at": null,
        "required_action": {
          "type": "submit_tool_outputs",
          "submit_tool_outputs": {
            "tool_calls": [
              {
                "id": "call_o8rHuJaiwNaR3LDBMR1QepON",
                "type": "azure_function",
                "azure_function": {
                  "name": "foo",
                  "arguments": "{\"query\":\"What is the most prevalent element in the universe?\",\"outputqueueuri\":\"https://foobar.queue.core.windows.net/azure-function-tool-output\"}"
                }
              }
            ]
          }
        },
        "last_error": null,
        "model": "gpt-4",
        "instructions": "You are a helpful support assistant. Use the provided function any time the prompt contains the string 'What would foo say?'. When you invoke the function, ALWAYS specify the output queue uri parameter as 'https://foobar.queue.core.windows.net/azure-function-tool-output'. Always responds with \"Foo says\" and then the response from the tool.",
        "tools": [
          {
            "type": "azure_function",
            "azure_function": {
              "input_binding": {
                "type": "storage_queue",
                "storage_queue": {
                  "queue_service_endpoint": "https://foobar.queue.core.windows.net",
                  "queue_name": "azure-function-foo-input"
                }
              },
              "output_binding": {
                "type": "storage_queue",
                "storage_queue": {
                  "queue_service_endpoint": "https://foobar.queue.core.windows.net",
                  "queue_name": "azure-function-tool-output"
                }
              },
              "function": {
                "name": "foo",
                "description": "Get answers from the foo bot.",
                "parameters": {
                  "type": "object",
                  "properties": {
                    "query": {
                      "type": "string",
                      "description": "The question to ask."
                    },
                    "outputqueueuri": {
                      "type": "string",
                      "description": "The full output queue uri."
                    }
                  }
                }
              }
            }
          }
        ],
        "tool_resources": {},
        "metadata": {},
        "temperature": 1.0,
        "top_p": 1.0,
        "max_completion_tokens": null,
        "max_prompt_tokens": null,
        "truncation_strategy": {
          "type": "auto",
          "last_messages": null
        },
        "incomplete_details": null,
        "usage": null,
        "response_format": "auto",
        "tool_choice": "auto",
        "parallel_tool_calls": true
      }
    },
    {
      "RequestUri": "https://Sanitized.api.azureml.ms/agents/v1.0/subscriptions/00000000-0000-0000-0000-000000000000/resourceGroups/00000/providers/Microsoft.MachineLearningServices/workspaces/00000/threads/thread_Faqp8bhPiu9ATtwC2tgsJFQy/runs/Sanitized?api-version=2025-05-15-preview",
      "RequestMethod": "GET",
      "RequestHeaders": {
        "Accept": "application/json",
        "Accept-Encoding": "gzip, deflate",
        "Connection": "keep-alive",
        "User-Agent": "azsdk-python-ai-assistants/1.0.0b1 Python/3.11.5 (Windows-10-10.0.26100-SP0)"
      },
      "RequestBody": null,
      "StatusCode": 200,
      "ResponseHeaders": {
        "apim-request-id": "4e235f31-be05-4dfb-8096-bb174fb0a302",
        "Connection": "keep-alive",
        "Content-Encoding": "gzip",
        "Content-Type": "application/json",
        "Date": "Fri, 18 Apr 2025 04:45:22 GMT",
        "openai-organization": "20ba836fffc34ede8203166d666c74ef",
        "openai-processing-ms": "41",
        "openai-version": "2020-10-01",
        "Request-Context": "appId=cid-v1:2d2e8e63-272e-4b3c-8598-4ee570a0e70d",
        "Strict-Transport-Security": "max-age=31536000; includeSubDomains; preload",
        "Transfer-Encoding": "chunked",
        "Vary": "Accept-Encoding",
        "x-aml-cluster": "vienna-westus-02",
        "X-Content-Type-Options": "nosniff",
        "x-ms-middleware-request-id": "2f1ef8d9-9949-4a51-935f-c41e7fff9371",
        "x-ms-region": "West US",
        "x-ms-response-type": "standard",
        "X-Request-ID": "d4d2648bdaa4bfcd195f47507222e90d",
        "x-request-time": "0.281"
      },
      "ResponseBody": {
        "id": "run_RapeojE6XHlUl4k7xEckW5X1",
        "object": "thread.run",
        "created_at": 1744951515,
        "assistant_id": "asst_reX4EomlFOLUl69ppVbgblcP",
        "thread_id": "thread_Faqp8bhPiu9ATtwC2tgsJFQy",
        "status": "requires_action",
        "started_at": 1744951516,
        "expires_at": 1744987515,
        "cancelled_at": null,
        "failed_at": null,
        "completed_at": null,
        "required_action": {
          "type": "submit_tool_outputs",
          "submit_tool_outputs": {
            "tool_calls": [
              {
                "id": "call_o8rHuJaiwNaR3LDBMR1QepON",
                "type": "azure_function",
                "azure_function": {
                  "name": "foo",
                  "arguments": "{\"query\":\"What is the most prevalent element in the universe?\",\"outputqueueuri\":\"https://foobar.queue.core.windows.net/azure-function-tool-output\"}"
                }
              }
            ]
          }
        },
        "last_error": null,
        "model": "gpt-4",
        "instructions": "You are a helpful support assistant. Use the provided function any time the prompt contains the string 'What would foo say?'. When you invoke the function, ALWAYS specify the output queue uri parameter as 'https://foobar.queue.core.windows.net/azure-function-tool-output'. Always responds with \"Foo says\" and then the response from the tool.",
        "tools": [
          {
            "type": "azure_function",
            "azure_function": {
              "input_binding": {
                "type": "storage_queue",
                "storage_queue": {
                  "queue_service_endpoint": "https://foobar.queue.core.windows.net",
                  "queue_name": "azure-function-foo-input"
                }
              },
              "output_binding": {
                "type": "storage_queue",
                "storage_queue": {
                  "queue_service_endpoint": "https://foobar.queue.core.windows.net",
                  "queue_name": "azure-function-tool-output"
                }
              },
              "function": {
                "name": "foo",
                "description": "Get answers from the foo bot.",
                "parameters": {
                  "type": "object",
                  "properties": {
                    "query": {
                      "type": "string",
                      "description": "The question to ask."
                    },
                    "outputqueueuri": {
                      "type": "string",
                      "description": "The full output queue uri."
                    }
                  }
                }
              }
            }
          }
        ],
        "tool_resources": {},
        "metadata": {},
        "temperature": 1.0,
        "top_p": 1.0,
        "max_completion_tokens": null,
        "max_prompt_tokens": null,
        "truncation_strategy": {
          "type": "auto",
          "last_messages": null
        },
        "incomplete_details": null,
        "usage": null,
        "response_format": "auto",
        "tool_choice": "auto",
        "parallel_tool_calls": true
      }
    },
    {
      "RequestUri": "https://Sanitized.api.azureml.ms/agents/v1.0/subscriptions/00000000-0000-0000-0000-000000000000/resourceGroups/00000/providers/Microsoft.MachineLearningServices/workspaces/00000/threads/thread_Faqp8bhPiu9ATtwC2tgsJFQy/runs/Sanitized?api-version=2025-05-15-preview",
      "RequestMethod": "GET",
      "RequestHeaders": {
        "Accept": "application/json",
        "Accept-Encoding": "gzip, deflate",
        "Connection": "keep-alive",
        "User-Agent": "azsdk-python-ai-assistants/1.0.0b1 Python/3.11.5 (Windows-10-10.0.26100-SP0)"
      },
      "RequestBody": null,
      "StatusCode": 200,
      "ResponseHeaders": {
        "apim-request-id": "12e5a5ba-abd2-40c7-9412-b95f213b070e",
        "Connection": "keep-alive",
        "Content-Encoding": "gzip",
        "Content-Type": "application/json",
        "Date": "Fri, 18 Apr 2025 04:45:24 GMT",
        "openai-organization": "20ba836fffc34ede8203166d666c74ef",
        "openai-processing-ms": "47",
        "openai-version": "2020-10-01",
        "Request-Context": "appId=cid-v1:2d2e8e63-272e-4b3c-8598-4ee570a0e70d",
        "Strict-Transport-Security": "max-age=31536000; includeSubDomains; preload",
        "Transfer-Encoding": "chunked",
        "Vary": "Accept-Encoding",
        "x-aml-cluster": "vienna-westus-02",
        "X-Content-Type-Options": "nosniff",
        "x-ms-middleware-request-id": "772e04db-f67d-4b35-a556-e55dd262a4fc",
        "x-ms-region": "West US",
        "x-ms-response-type": "standard",
        "X-Request-ID": "0e4aacf05592d64d48d004d82caf62c2",
        "x-request-time": "0.326"
      },
      "ResponseBody": {
        "id": "run_RapeojE6XHlUl4k7xEckW5X1",
        "object": "thread.run",
        "created_at": 1744951515,
        "assistant_id": "asst_reX4EomlFOLUl69ppVbgblcP",
        "thread_id": "thread_Faqp8bhPiu9ATtwC2tgsJFQy",
        "status": "requires_action",
        "started_at": 1744951516,
        "expires_at": 1744987515,
        "cancelled_at": null,
        "failed_at": null,
        "completed_at": null,
        "required_action": {
          "type": "submit_tool_outputs",
          "submit_tool_outputs": {
            "tool_calls": [
              {
                "id": "call_o8rHuJaiwNaR3LDBMR1QepON",
                "type": "azure_function",
                "azure_function": {
                  "name": "foo",
                  "arguments": "{\"query\":\"What is the most prevalent element in the universe?\",\"outputqueueuri\":\"https://foobar.queue.core.windows.net/azure-function-tool-output\"}"
                }
              }
            ]
          }
        },
        "last_error": null,
        "model": "gpt-4",
        "instructions": "You are a helpful support assistant. Use the provided function any time the prompt contains the string 'What would foo say?'. When you invoke the function, ALWAYS specify the output queue uri parameter as 'https://foobar.queue.core.windows.net/azure-function-tool-output'. Always responds with \"Foo says\" and then the response from the tool.",
        "tools": [
          {
            "type": "azure_function",
            "azure_function": {
              "input_binding": {
                "type": "storage_queue",
                "storage_queue": {
                  "queue_service_endpoint": "https://foobar.queue.core.windows.net",
                  "queue_name": "azure-function-foo-input"
                }
              },
              "output_binding": {
                "type": "storage_queue",
                "storage_queue": {
                  "queue_service_endpoint": "https://foobar.queue.core.windows.net",
                  "queue_name": "azure-function-tool-output"
                }
              },
              "function": {
                "name": "foo",
                "description": "Get answers from the foo bot.",
                "parameters": {
                  "type": "object",
                  "properties": {
                    "query": {
                      "type": "string",
                      "description": "The question to ask."
                    },
                    "outputqueueuri": {
                      "type": "string",
                      "description": "The full output queue uri."
                    }
                  }
                }
              }
            }
          }
        ],
        "tool_resources": {},
        "metadata": {},
        "temperature": 1.0,
        "top_p": 1.0,
        "max_completion_tokens": null,
        "max_prompt_tokens": null,
        "truncation_strategy": {
          "type": "auto",
          "last_messages": null
        },
        "incomplete_details": null,
        "usage": null,
        "response_format": "auto",
        "tool_choice": "auto",
        "parallel_tool_calls": true
      }
    },
    {
      "RequestUri": "https://Sanitized.api.azureml.ms/agents/v1.0/subscriptions/00000000-0000-0000-0000-000000000000/resourceGroups/00000/providers/Microsoft.MachineLearningServices/workspaces/00000/threads/thread_Faqp8bhPiu9ATtwC2tgsJFQy/runs/Sanitized?api-version=2025-05-15-preview",
      "RequestMethod": "GET",
      "RequestHeaders": {
        "Accept": "application/json",
        "Accept-Encoding": "gzip, deflate",
        "Connection": "keep-alive",
        "User-Agent": "azsdk-python-ai-assistants/1.0.0b1 Python/3.11.5 (Windows-10-10.0.26100-SP0)"
      },
      "RequestBody": null,
      "StatusCode": 200,
      "ResponseHeaders": {
        "apim-request-id": "405289ca-8355-4088-a67c-10ed64891c04",
        "Connection": "keep-alive",
        "Content-Encoding": "gzip",
        "Content-Type": "application/json",
        "Date": "Fri, 18 Apr 2025 04:45:25 GMT",
        "openai-organization": "20ba836fffc34ede8203166d666c74ef",
        "openai-processing-ms": "88",
        "openai-version": "2020-10-01",
        "Request-Context": "appId=cid-v1:2d2e8e63-272e-4b3c-8598-4ee570a0e70d",
        "Strict-Transport-Security": "max-age=31536000; includeSubDomains; preload",
        "Transfer-Encoding": "chunked",
        "Vary": "Accept-Encoding",
        "x-aml-cluster": "vienna-westus-02",
        "X-Content-Type-Options": "nosniff",
        "x-ms-middleware-request-id": "e8fbb54b-97c7-47ca-ac52-1e2d504a6550",
        "x-ms-region": "West US",
        "x-ms-response-type": "standard",
        "X-Request-ID": "8eb86710d60606bf53d3811ccc8f4afa",
        "x-request-time": "0.391"
      },
      "ResponseBody": {
        "id": "run_RapeojE6XHlUl4k7xEckW5X1",
        "object": "thread.run",
        "created_at": 1744951515,
        "assistant_id": "asst_reX4EomlFOLUl69ppVbgblcP",
        "thread_id": "thread_Faqp8bhPiu9ATtwC2tgsJFQy",
        "status": "requires_action",
        "started_at": 1744951516,
        "expires_at": 1744987515,
        "cancelled_at": null,
        "failed_at": null,
        "completed_at": null,
        "required_action": {
          "type": "submit_tool_outputs",
          "submit_tool_outputs": {
            "tool_calls": [
              {
                "id": "call_o8rHuJaiwNaR3LDBMR1QepON",
                "type": "azure_function",
                "azure_function": {
                  "name": "foo",
                  "arguments": "{\"query\":\"What is the most prevalent element in the universe?\",\"outputqueueuri\":\"https://foobar.queue.core.windows.net/azure-function-tool-output\"}"
                }
              }
            ]
          }
        },
        "last_error": null,
        "model": "gpt-4",
        "instructions": "You are a helpful support assistant. Use the provided function any time the prompt contains the string 'What would foo say?'. When you invoke the function, ALWAYS specify the output queue uri parameter as 'https://foobar.queue.core.windows.net/azure-function-tool-output'. Always responds with \"Foo says\" and then the response from the tool.",
        "tools": [
          {
            "type": "azure_function",
            "azure_function": {
              "input_binding": {
                "type": "storage_queue",
                "storage_queue": {
                  "queue_service_endpoint": "https://foobar.queue.core.windows.net",
                  "queue_name": "azure-function-foo-input"
                }
              },
              "output_binding": {
                "type": "storage_queue",
                "storage_queue": {
                  "queue_service_endpoint": "https://foobar.queue.core.windows.net",
                  "queue_name": "azure-function-tool-output"
                }
              },
              "function": {
                "name": "foo",
                "description": "Get answers from the foo bot.",
                "parameters": {
                  "type": "object",
                  "properties": {
                    "query": {
                      "type": "string",
                      "description": "The question to ask."
                    },
                    "outputqueueuri": {
                      "type": "string",
                      "description": "The full output queue uri."
                    }
                  }
                }
              }
            }
          }
        ],
        "tool_resources": {},
        "metadata": {},
        "temperature": 1.0,
        "top_p": 1.0,
        "max_completion_tokens": null,
        "max_prompt_tokens": null,
        "truncation_strategy": {
          "type": "auto",
          "last_messages": null
        },
        "incomplete_details": null,
        "usage": null,
        "response_format": "auto",
        "tool_choice": "auto",
        "parallel_tool_calls": true
      }
    },
    {
      "RequestUri": "https://Sanitized.api.azureml.ms/agents/v1.0/subscriptions/00000000-0000-0000-0000-000000000000/resourceGroups/00000/providers/Microsoft.MachineLearningServices/workspaces/00000/threads/thread_Faqp8bhPiu9ATtwC2tgsJFQy/runs/Sanitized?api-version=2025-05-15-preview",
      "RequestMethod": "GET",
      "RequestHeaders": {
        "Accept": "application/json",
        "Accept-Encoding": "gzip, deflate",
        "Connection": "keep-alive",
        "User-Agent": "azsdk-python-ai-assistants/1.0.0b1 Python/3.11.5 (Windows-10-10.0.26100-SP0)"
      },
      "RequestBody": null,
      "StatusCode": 200,
      "ResponseHeaders": {
        "apim-request-id": "e6830130-9fdc-4de6-8f93-0f402184ea68",
        "Connection": "keep-alive",
        "Content-Encoding": "gzip",
        "Content-Type": "application/json",
        "Date": "Fri, 18 Apr 2025 04:45:26 GMT",
        "openai-organization": "20ba836fffc34ede8203166d666c74ef",
        "openai-processing-ms": "101",
        "openai-version": "2020-10-01",
        "Request-Context": "appId=cid-v1:2d2e8e63-272e-4b3c-8598-4ee570a0e70d",
        "Strict-Transport-Security": "max-age=31536000; includeSubDomains; preload",
        "Transfer-Encoding": "chunked",
        "Vary": "Accept-Encoding",
        "x-aml-cluster": "vienna-westus-02",
        "X-Content-Type-Options": "nosniff",
        "x-ms-middleware-request-id": "a8e76ece-a19e-4c65-9ad6-0157bcad7779",
        "x-ms-region": "West US",
        "x-ms-response-type": "standard",
        "X-Request-ID": "e3e5678a12d3187838ebe754008486f7",
        "x-request-time": "0.454"
      },
      "ResponseBody": {
        "id": "run_RapeojE6XHlUl4k7xEckW5X1",
        "object": "thread.run",
        "created_at": 1744951515,
        "assistant_id": "asst_reX4EomlFOLUl69ppVbgblcP",
        "thread_id": "thread_Faqp8bhPiu9ATtwC2tgsJFQy",
        "status": "requires_action",
        "started_at": 1744951516,
        "expires_at": 1744987515,
        "cancelled_at": null,
        "failed_at": null,
        "completed_at": null,
        "required_action": {
          "type": "submit_tool_outputs",
          "submit_tool_outputs": {
            "tool_calls": [
              {
                "id": "call_o8rHuJaiwNaR3LDBMR1QepON",
                "type": "azure_function",
                "azure_function": {
                  "name": "foo",
                  "arguments": "{\"query\":\"What is the most prevalent element in the universe?\",\"outputqueueuri\":\"https://foobar.queue.core.windows.net/azure-function-tool-output\"}"
                }
              }
            ]
          }
        },
        "last_error": null,
        "model": "gpt-4",
        "instructions": "You are a helpful support assistant. Use the provided function any time the prompt contains the string 'What would foo say?'. When you invoke the function, ALWAYS specify the output queue uri parameter as 'https://foobar.queue.core.windows.net/azure-function-tool-output'. Always responds with \"Foo says\" and then the response from the tool.",
        "tools": [
          {
            "type": "azure_function",
            "azure_function": {
              "input_binding": {
                "type": "storage_queue",
                "storage_queue": {
                  "queue_service_endpoint": "https://foobar.queue.core.windows.net",
                  "queue_name": "azure-function-foo-input"
                }
              },
              "output_binding": {
                "type": "storage_queue",
                "storage_queue": {
                  "queue_service_endpoint": "https://foobar.queue.core.windows.net",
                  "queue_name": "azure-function-tool-output"
                }
              },
              "function": {
                "name": "foo",
                "description": "Get answers from the foo bot.",
                "parameters": {
                  "type": "object",
                  "properties": {
                    "query": {
                      "type": "string",
                      "description": "The question to ask."
                    },
                    "outputqueueuri": {
                      "type": "string",
                      "description": "The full output queue uri."
                    }
                  }
                }
              }
            }
          }
        ],
        "tool_resources": {},
        "metadata": {},
        "temperature": 1.0,
        "top_p": 1.0,
        "max_completion_tokens": null,
        "max_prompt_tokens": null,
        "truncation_strategy": {
          "type": "auto",
          "last_messages": null
        },
        "incomplete_details": null,
        "usage": null,
        "response_format": "auto",
        "tool_choice": "auto",
        "parallel_tool_calls": true
      }
    },
    {
      "RequestUri": "https://Sanitized.api.azureml.ms/agents/v1.0/subscriptions/00000000-0000-0000-0000-000000000000/resourceGroups/00000/providers/Microsoft.MachineLearningServices/workspaces/00000/threads/thread_Faqp8bhPiu9ATtwC2tgsJFQy/runs/Sanitized?api-version=2025-05-15-preview",
      "RequestMethod": "GET",
      "RequestHeaders": {
        "Accept": "application/json",
        "Accept-Encoding": "gzip, deflate",
        "Connection": "keep-alive",
        "User-Agent": "azsdk-python-ai-assistants/1.0.0b1 Python/3.11.5 (Windows-10-10.0.26100-SP0)"
      },
      "RequestBody": null,
      "StatusCode": 200,
      "ResponseHeaders": {
        "apim-request-id": "e4704bad-65da-4ae9-ae8d-a8f8da9dc2e6",
        "Connection": "keep-alive",
        "Content-Encoding": "gzip",
        "Content-Type": "application/json",
        "Date": "Fri, 18 Apr 2025 04:45:28 GMT",
        "openai-organization": "20ba836fffc34ede8203166d666c74ef",
        "openai-processing-ms": "87",
        "openai-version": "2020-10-01",
        "Request-Context": "appId=cid-v1:2d2e8e63-272e-4b3c-8598-4ee570a0e70d",
        "Strict-Transport-Security": "max-age=31536000; includeSubDomains; preload",
        "Transfer-Encoding": "chunked",
        "Vary": "Accept-Encoding",
        "x-aml-cluster": "vienna-westus-02",
        "X-Content-Type-Options": "nosniff",
        "x-ms-middleware-request-id": "60a3bab2-af08-474b-913c-cd578961ec89",
        "x-ms-region": "West US",
        "x-ms-response-type": "standard",
        "X-Request-ID": "5406c7efdb3e0bfe97a1aae38f874811",
        "x-request-time": "0.429"
      },
      "ResponseBody": {
        "id": "run_RapeojE6XHlUl4k7xEckW5X1",
        "object": "thread.run",
        "created_at": 1744951515,
        "assistant_id": "asst_reX4EomlFOLUl69ppVbgblcP",
        "thread_id": "thread_Faqp8bhPiu9ATtwC2tgsJFQy",
        "status": "requires_action",
        "started_at": 1744951516,
        "expires_at": 1744987515,
        "cancelled_at": null,
        "failed_at": null,
        "completed_at": null,
        "required_action": {
          "type": "submit_tool_outputs",
          "submit_tool_outputs": {
            "tool_calls": [
              {
                "id": "call_o8rHuJaiwNaR3LDBMR1QepON",
                "type": "azure_function",
                "azure_function": {
                  "name": "foo",
                  "arguments": "{\"query\":\"What is the most prevalent element in the universe?\",\"outputqueueuri\":\"https://foobar.queue.core.windows.net/azure-function-tool-output\"}"
                }
              }
            ]
          }
        },
        "last_error": null,
        "model": "gpt-4",
        "instructions": "You are a helpful support assistant. Use the provided function any time the prompt contains the string 'What would foo say?'. When you invoke the function, ALWAYS specify the output queue uri parameter as 'https://foobar.queue.core.windows.net/azure-function-tool-output'. Always responds with \"Foo says\" and then the response from the tool.",
        "tools": [
          {
            "type": "azure_function",
            "azure_function": {
              "input_binding": {
                "type": "storage_queue",
                "storage_queue": {
                  "queue_service_endpoint": "https://foobar.queue.core.windows.net",
                  "queue_name": "azure-function-foo-input"
                }
              },
              "output_binding": {
                "type": "storage_queue",
                "storage_queue": {
                  "queue_service_endpoint": "https://foobar.queue.core.windows.net",
                  "queue_name": "azure-function-tool-output"
                }
              },
              "function": {
                "name": "foo",
                "description": "Get answers from the foo bot.",
                "parameters": {
                  "type": "object",
                  "properties": {
                    "query": {
                      "type": "string",
                      "description": "The question to ask."
                    },
                    "outputqueueuri": {
                      "type": "string",
                      "description": "The full output queue uri."
                    }
                  }
                }
              }
            }
          }
        ],
        "tool_resources": {},
        "metadata": {},
        "temperature": 1.0,
        "top_p": 1.0,
        "max_completion_tokens": null,
        "max_prompt_tokens": null,
        "truncation_strategy": {
          "type": "auto",
          "last_messages": null
        },
        "incomplete_details": null,
        "usage": null,
        "response_format": "auto",
        "tool_choice": "auto",
        "parallel_tool_calls": true
      }
    },
    {
      "RequestUri": "https://Sanitized.api.azureml.ms/agents/v1.0/subscriptions/00000000-0000-0000-0000-000000000000/resourceGroups/00000/providers/Microsoft.MachineLearningServices/workspaces/00000/threads/thread_Faqp8bhPiu9ATtwC2tgsJFQy/runs/Sanitized?api-version=2025-05-15-preview",
      "RequestMethod": "GET",
      "RequestHeaders": {
        "Accept": "application/json",
        "Accept-Encoding": "gzip, deflate",
        "Connection": "keep-alive",
        "User-Agent": "azsdk-python-ai-assistants/1.0.0b1 Python/3.11.5 (Windows-10-10.0.26100-SP0)"
      },
      "RequestBody": null,
      "StatusCode": 200,
      "ResponseHeaders": {
        "apim-request-id": "a2b39499-d028-47c5-bf76-a4aeb4df8d74",
        "Connection": "keep-alive",
        "Content-Encoding": "gzip",
        "Content-Type": "application/json",
        "Date": "Fri, 18 Apr 2025 04:45:29 GMT",
        "openai-organization": "20ba836fffc34ede8203166d666c74ef",
        "openai-processing-ms": "105",
        "openai-version": "2020-10-01",
        "Request-Context": "appId=cid-v1:2d2e8e63-272e-4b3c-8598-4ee570a0e70d",
        "Strict-Transport-Security": "max-age=31536000; includeSubDomains; preload",
        "Transfer-Encoding": "chunked",
        "Vary": "Accept-Encoding",
        "x-aml-cluster": "vienna-westus-02",
        "X-Content-Type-Options": "nosniff",
        "x-ms-middleware-request-id": "48577a15-e07e-4e65-a97f-ad2c78cf0285",
        "x-ms-region": "West US",
        "x-ms-response-type": "standard",
        "X-Request-ID": "bdaaf63fcaffc59c593122b2775ebfef",
        "x-request-time": "0.405"
      },
      "ResponseBody": {
        "id": "run_RapeojE6XHlUl4k7xEckW5X1",
        "object": "thread.run",
        "created_at": 1744951515,
        "assistant_id": "asst_reX4EomlFOLUl69ppVbgblcP",
        "thread_id": "thread_Faqp8bhPiu9ATtwC2tgsJFQy",
        "status": "requires_action",
        "started_at": 1744951516,
        "expires_at": 1744987515,
        "cancelled_at": null,
        "failed_at": null,
        "completed_at": null,
        "required_action": {
          "type": "submit_tool_outputs",
          "submit_tool_outputs": {
            "tool_calls": [
              {
                "id": "call_o8rHuJaiwNaR3LDBMR1QepON",
                "type": "azure_function",
                "azure_function": {
                  "name": "foo",
                  "arguments": "{\"query\":\"What is the most prevalent element in the universe?\",\"outputqueueuri\":\"https://foobar.queue.core.windows.net/azure-function-tool-output\"}"
                }
              }
            ]
          }
        },
        "last_error": null,
        "model": "gpt-4",
        "instructions": "You are a helpful support assistant. Use the provided function any time the prompt contains the string 'What would foo say?'. When you invoke the function, ALWAYS specify the output queue uri parameter as 'https://foobar.queue.core.windows.net/azure-function-tool-output'. Always responds with \"Foo says\" and then the response from the tool.",
        "tools": [
          {
            "type": "azure_function",
            "azure_function": {
              "input_binding": {
                "type": "storage_queue",
                "storage_queue": {
                  "queue_service_endpoint": "https://foobar.queue.core.windows.net",
                  "queue_name": "azure-function-foo-input"
                }
              },
              "output_binding": {
                "type": "storage_queue",
                "storage_queue": {
                  "queue_service_endpoint": "https://foobar.queue.core.windows.net",
                  "queue_name": "azure-function-tool-output"
                }
              },
              "function": {
                "name": "foo",
                "description": "Get answers from the foo bot.",
                "parameters": {
                  "type": "object",
                  "properties": {
                    "query": {
                      "type": "string",
                      "description": "The question to ask."
                    },
                    "outputqueueuri": {
                      "type": "string",
                      "description": "The full output queue uri."
                    }
                  }
                }
              }
            }
          }
        ],
        "tool_resources": {},
        "metadata": {},
        "temperature": 1.0,
        "top_p": 1.0,
        "max_completion_tokens": null,
        "max_prompt_tokens": null,
        "truncation_strategy": {
          "type": "auto",
          "last_messages": null
        },
        "incomplete_details": null,
        "usage": null,
        "response_format": "auto",
        "tool_choice": "auto",
        "parallel_tool_calls": true
      }
    },
    {
      "RequestUri": "https://Sanitized.api.azureml.ms/agents/v1.0/subscriptions/00000000-0000-0000-0000-000000000000/resourceGroups/00000/providers/Microsoft.MachineLearningServices/workspaces/00000/threads/thread_Faqp8bhPiu9ATtwC2tgsJFQy/runs/Sanitized?api-version=2025-05-15-preview",
      "RequestMethod": "GET",
      "RequestHeaders": {
        "Accept": "application/json",
        "Accept-Encoding": "gzip, deflate",
        "Connection": "keep-alive",
        "User-Agent": "azsdk-python-ai-assistants/1.0.0b1 Python/3.11.5 (Windows-10-10.0.26100-SP0)"
      },
      "RequestBody": null,
      "StatusCode": 200,
      "ResponseHeaders": {
        "apim-request-id": "9a619c09-ba94-4b56-8231-9e46cfe42bc9",
        "Connection": "keep-alive",
        "Content-Encoding": "gzip",
        "Content-Type": "application/json",
        "Date": "Fri, 18 Apr 2025 04:45:31 GMT",
        "openai-organization": "20ba836fffc34ede8203166d666c74ef",
        "openai-processing-ms": "136",
        "openai-version": "2020-10-01",
        "Request-Context": "appId=cid-v1:2d2e8e63-272e-4b3c-8598-4ee570a0e70d",
        "Strict-Transport-Security": "max-age=31536000; includeSubDomains; preload",
        "Transfer-Encoding": "chunked",
        "Vary": "Accept-Encoding",
        "x-aml-cluster": "vienna-westus-02",
        "X-Content-Type-Options": "nosniff",
        "x-ms-middleware-request-id": "d2816780-60e9-49d8-aa46-4540dc9ca37c",
        "x-ms-region": "West US",
        "x-ms-response-type": "standard",
        "X-Request-ID": "758d4845728c0f4d45c0657fb6284fcb",
        "x-request-time": "0.397"
      },
      "ResponseBody": {
        "id": "run_RapeojE6XHlUl4k7xEckW5X1",
        "object": "thread.run",
        "created_at": 1744951515,
        "assistant_id": "asst_reX4EomlFOLUl69ppVbgblcP",
        "thread_id": "thread_Faqp8bhPiu9ATtwC2tgsJFQy",
        "status": "requires_action",
        "started_at": 1744951516,
        "expires_at": 1744987515,
        "cancelled_at": null,
        "failed_at": null,
        "completed_at": null,
        "required_action": {
          "type": "submit_tool_outputs",
          "submit_tool_outputs": {
            "tool_calls": [
              {
                "id": "call_o8rHuJaiwNaR3LDBMR1QepON",
                "type": "azure_function",
                "azure_function": {
                  "name": "foo",
                  "arguments": "{\"query\":\"What is the most prevalent element in the universe?\",\"outputqueueuri\":\"https://foobar.queue.core.windows.net/azure-function-tool-output\"}"
                }
              }
            ]
          }
        },
        "last_error": null,
        "model": "gpt-4",
        "instructions": "You are a helpful support assistant. Use the provided function any time the prompt contains the string 'What would foo say?'. When you invoke the function, ALWAYS specify the output queue uri parameter as 'https://foobar.queue.core.windows.net/azure-function-tool-output'. Always responds with \"Foo says\" and then the response from the tool.",
        "tools": [
          {
            "type": "azure_function",
            "azure_function": {
              "input_binding": {
                "type": "storage_queue",
                "storage_queue": {
                  "queue_service_endpoint": "https://foobar.queue.core.windows.net",
                  "queue_name": "azure-function-foo-input"
                }
              },
              "output_binding": {
                "type": "storage_queue",
                "storage_queue": {
                  "queue_service_endpoint": "https://foobar.queue.core.windows.net",
                  "queue_name": "azure-function-tool-output"
                }
              },
              "function": {
                "name": "foo",
                "description": "Get answers from the foo bot.",
                "parameters": {
                  "type": "object",
                  "properties": {
                    "query": {
                      "type": "string",
                      "description": "The question to ask."
                    },
                    "outputqueueuri": {
                      "type": "string",
                      "description": "The full output queue uri."
                    }
                  }
                }
              }
            }
          }
        ],
        "tool_resources": {},
        "metadata": {},
        "temperature": 1.0,
        "top_p": 1.0,
        "max_completion_tokens": null,
        "max_prompt_tokens": null,
        "truncation_strategy": {
          "type": "auto",
          "last_messages": null
        },
        "incomplete_details": null,
        "usage": null,
        "response_format": "auto",
        "tool_choice": "auto",
        "parallel_tool_calls": true
      }
    },
    {
      "RequestUri": "https://Sanitized.api.azureml.ms/agents/v1.0/subscriptions/00000000-0000-0000-0000-000000000000/resourceGroups/00000/providers/Microsoft.MachineLearningServices/workspaces/00000/threads/thread_Faqp8bhPiu9ATtwC2tgsJFQy/runs/Sanitized?api-version=2025-05-15-preview",
      "RequestMethod": "GET",
      "RequestHeaders": {
        "Accept": "application/json",
        "Accept-Encoding": "gzip, deflate",
        "Connection": "keep-alive",
        "User-Agent": "azsdk-python-ai-assistants/1.0.0b1 Python/3.11.5 (Windows-10-10.0.26100-SP0)"
      },
      "RequestBody": null,
      "StatusCode": 200,
      "ResponseHeaders": {
        "apim-request-id": "0a18eca8-07dc-45af-adcc-1ca4f039dfad",
        "Connection": "keep-alive",
        "Content-Encoding": "gzip",
        "Content-Type": "application/json",
        "Date": "Fri, 18 Apr 2025 04:45:32 GMT",
        "openai-organization": "20ba836fffc34ede8203166d666c74ef",
        "openai-processing-ms": "94",
        "openai-version": "2020-10-01",
        "Request-Context": "appId=cid-v1:2d2e8e63-272e-4b3c-8598-4ee570a0e70d",
        "Strict-Transport-Security": "max-age=31536000; includeSubDomains; preload",
        "Transfer-Encoding": "chunked",
        "Vary": "Accept-Encoding",
        "x-aml-cluster": "vienna-westus-02",
        "X-Content-Type-Options": "nosniff",
        "x-ms-middleware-request-id": "1e429896-be98-4886-945e-232c7407aacf",
        "x-ms-region": "West US",
        "x-ms-response-type": "standard",
        "X-Request-ID": "ab17066834c8108b8951748a41e7552c",
        "x-request-time": "0.375"
      },
      "ResponseBody": {
        "id": "run_RapeojE6XHlUl4k7xEckW5X1",
        "object": "thread.run",
        "created_at": 1744951515,
        "assistant_id": "asst_reX4EomlFOLUl69ppVbgblcP",
        "thread_id": "thread_Faqp8bhPiu9ATtwC2tgsJFQy",
        "status": "requires_action",
        "started_at": 1744951516,
        "expires_at": 1744987515,
        "cancelled_at": null,
        "failed_at": null,
        "completed_at": null,
        "required_action": {
          "type": "submit_tool_outputs",
          "submit_tool_outputs": {
            "tool_calls": [
              {
                "id": "call_o8rHuJaiwNaR3LDBMR1QepON",
                "type": "azure_function",
                "azure_function": {
                  "name": "foo",
                  "arguments": "{\"query\":\"What is the most prevalent element in the universe?\",\"outputqueueuri\":\"https://foobar.queue.core.windows.net/azure-function-tool-output\"}"
                }
              }
            ]
          }
        },
        "last_error": null,
        "model": "gpt-4",
        "instructions": "You are a helpful support assistant. Use the provided function any time the prompt contains the string 'What would foo say?'. When you invoke the function, ALWAYS specify the output queue uri parameter as 'https://foobar.queue.core.windows.net/azure-function-tool-output'. Always responds with \"Foo says\" and then the response from the tool.",
        "tools": [
          {
            "type": "azure_function",
            "azure_function": {
              "input_binding": {
                "type": "storage_queue",
                "storage_queue": {
                  "queue_service_endpoint": "https://foobar.queue.core.windows.net",
                  "queue_name": "azure-function-foo-input"
                }
              },
              "output_binding": {
                "type": "storage_queue",
                "storage_queue": {
                  "queue_service_endpoint": "https://foobar.queue.core.windows.net",
                  "queue_name": "azure-function-tool-output"
                }
              },
              "function": {
                "name": "foo",
                "description": "Get answers from the foo bot.",
                "parameters": {
                  "type": "object",
                  "properties": {
                    "query": {
                      "type": "string",
                      "description": "The question to ask."
                    },
                    "outputqueueuri": {
                      "type": "string",
                      "description": "The full output queue uri."
                    }
                  }
                }
              }
            }
          }
        ],
        "tool_resources": {},
        "metadata": {},
        "temperature": 1.0,
        "top_p": 1.0,
        "max_completion_tokens": null,
        "max_prompt_tokens": null,
        "truncation_strategy": {
          "type": "auto",
          "last_messages": null
        },
        "incomplete_details": null,
        "usage": null,
        "response_format": "auto",
        "tool_choice": "auto",
        "parallel_tool_calls": true
      }
    },
    {
      "RequestUri": "https://Sanitized.api.azureml.ms/agents/v1.0/subscriptions/00000000-0000-0000-0000-000000000000/resourceGroups/00000/providers/Microsoft.MachineLearningServices/workspaces/00000/threads/thread_Faqp8bhPiu9ATtwC2tgsJFQy/runs/Sanitized?api-version=2025-05-15-preview",
      "RequestMethod": "GET",
      "RequestHeaders": {
        "Accept": "application/json",
        "Accept-Encoding": "gzip, deflate",
        "Connection": "keep-alive",
        "User-Agent": "azsdk-python-ai-assistants/1.0.0b1 Python/3.11.5 (Windows-10-10.0.26100-SP0)"
      },
      "RequestBody": null,
      "StatusCode": 200,
      "ResponseHeaders": {
        "apim-request-id": "f1aeeeb5-66b8-4389-873f-50d72d4048aa",
        "Connection": "keep-alive",
        "Content-Encoding": "gzip",
        "Content-Type": "application/json",
        "Date": "Fri, 18 Apr 2025 04:45:34 GMT",
        "openai-organization": "20ba836fffc34ede8203166d666c74ef",
        "openai-processing-ms": "82",
        "openai-version": "2020-10-01",
        "Request-Context": "appId=cid-v1:2d2e8e63-272e-4b3c-8598-4ee570a0e70d",
        "Strict-Transport-Security": "max-age=31536000; includeSubDomains; preload",
        "Transfer-Encoding": "chunked",
        "Vary": "Accept-Encoding",
        "x-aml-cluster": "vienna-westus-02",
        "X-Content-Type-Options": "nosniff",
        "x-ms-middleware-request-id": "0f8f61f8-dfd7-4e7d-82ed-a87422407fbd",
        "x-ms-region": "West US",
        "x-ms-response-type": "standard",
        "X-Request-ID": "fa2de5d379de6388e8979b81394a0535",
        "x-request-time": "0.368"
      },
      "ResponseBody": {
        "id": "run_RapeojE6XHlUl4k7xEckW5X1",
        "object": "thread.run",
        "created_at": 1744951515,
        "assistant_id": "asst_reX4EomlFOLUl69ppVbgblcP",
        "thread_id": "thread_Faqp8bhPiu9ATtwC2tgsJFQy",
        "status": "requires_action",
        "started_at": 1744951516,
        "expires_at": 1744987515,
        "cancelled_at": null,
        "failed_at": null,
        "completed_at": null,
        "required_action": {
          "type": "submit_tool_outputs",
          "submit_tool_outputs": {
            "tool_calls": [
              {
                "id": "call_o8rHuJaiwNaR3LDBMR1QepON",
                "type": "azure_function",
                "azure_function": {
                  "name": "foo",
                  "arguments": "{\"query\":\"What is the most prevalent element in the universe?\",\"outputqueueuri\":\"https://foobar.queue.core.windows.net/azure-function-tool-output\"}"
                }
              }
            ]
          }
        },
        "last_error": null,
        "model": "gpt-4",
        "instructions": "You are a helpful support assistant. Use the provided function any time the prompt contains the string 'What would foo say?'. When you invoke the function, ALWAYS specify the output queue uri parameter as 'https://foobar.queue.core.windows.net/azure-function-tool-output'. Always responds with \"Foo says\" and then the response from the tool.",
        "tools": [
          {
            "type": "azure_function",
            "azure_function": {
              "input_binding": {
                "type": "storage_queue",
                "storage_queue": {
                  "queue_service_endpoint": "https://foobar.queue.core.windows.net",
                  "queue_name": "azure-function-foo-input"
                }
              },
              "output_binding": {
                "type": "storage_queue",
                "storage_queue": {
                  "queue_service_endpoint": "https://foobar.queue.core.windows.net",
                  "queue_name": "azure-function-tool-output"
                }
              },
              "function": {
                "name": "foo",
                "description": "Get answers from the foo bot.",
                "parameters": {
                  "type": "object",
                  "properties": {
                    "query": {
                      "type": "string",
                      "description": "The question to ask."
                    },
                    "outputqueueuri": {
                      "type": "string",
                      "description": "The full output queue uri."
                    }
                  }
                }
              }
            }
          }
        ],
        "tool_resources": {},
        "metadata": {},
        "temperature": 1.0,
        "top_p": 1.0,
        "max_completion_tokens": null,
        "max_prompt_tokens": null,
        "truncation_strategy": {
          "type": "auto",
          "last_messages": null
        },
        "incomplete_details": null,
        "usage": null,
        "response_format": "auto",
        "tool_choice": "auto",
        "parallel_tool_calls": true
      }
    },
    {
      "RequestUri": "https://Sanitized.api.azureml.ms/agents/v1.0/subscriptions/00000000-0000-0000-0000-000000000000/resourceGroups/00000/providers/Microsoft.MachineLearningServices/workspaces/00000/threads/thread_Faqp8bhPiu9ATtwC2tgsJFQy/runs/Sanitized?api-version=2025-05-15-preview",
      "RequestMethod": "GET",
      "RequestHeaders": {
        "Accept": "application/json",
        "Accept-Encoding": "gzip, deflate",
        "Connection": "keep-alive",
        "User-Agent": "azsdk-python-ai-assistants/1.0.0b1 Python/3.11.5 (Windows-10-10.0.26100-SP0)"
      },
      "RequestBody": null,
      "StatusCode": 200,
      "ResponseHeaders": {
        "apim-request-id": "6d3452c1-6ffc-4df0-87b8-abb3e01b230e",
        "Connection": "keep-alive",
        "Content-Encoding": "gzip",
        "Content-Type": "application/json",
        "Date": "Fri, 18 Apr 2025 04:45:35 GMT",
        "openai-organization": "20ba836fffc34ede8203166d666c74ef",
        "openai-processing-ms": "41",
        "openai-version": "2020-10-01",
        "Request-Context": "appId=cid-v1:2d2e8e63-272e-4b3c-8598-4ee570a0e70d",
        "Strict-Transport-Security": "max-age=31536000; includeSubDomains; preload",
        "Transfer-Encoding": "chunked",
        "Vary": "Accept-Encoding",
        "x-aml-cluster": "vienna-westus-02",
        "X-Content-Type-Options": "nosniff",
        "x-ms-middleware-request-id": "6d57a6e1-5616-47c0-8721-1609378e2a45",
        "x-ms-region": "West US",
        "x-ms-response-type": "standard",
        "X-Request-ID": "88e43cb102281496bb6e5fd9d7633311",
        "x-request-time": "0.315"
      },
      "ResponseBody": {
        "id": "run_RapeojE6XHlUl4k7xEckW5X1",
        "object": "thread.run",
        "created_at": 1744951515,
        "assistant_id": "asst_reX4EomlFOLUl69ppVbgblcP",
        "thread_id": "thread_Faqp8bhPiu9ATtwC2tgsJFQy",
        "status": "requires_action",
        "started_at": 1744951516,
        "expires_at": 1744987515,
        "cancelled_at": null,
        "failed_at": null,
        "completed_at": null,
        "required_action": {
          "type": "submit_tool_outputs",
          "submit_tool_outputs": {
            "tool_calls": [
              {
                "id": "call_o8rHuJaiwNaR3LDBMR1QepON",
                "type": "azure_function",
                "azure_function": {
                  "name": "foo",
                  "arguments": "{\"query\":\"What is the most prevalent element in the universe?\",\"outputqueueuri\":\"https://foobar.queue.core.windows.net/azure-function-tool-output\"}"
                }
              }
            ]
          }
        },
        "last_error": null,
        "model": "gpt-4",
        "instructions": "You are a helpful support assistant. Use the provided function any time the prompt contains the string 'What would foo say?'. When you invoke the function, ALWAYS specify the output queue uri parameter as 'https://foobar.queue.core.windows.net/azure-function-tool-output'. Always responds with \"Foo says\" and then the response from the tool.",
        "tools": [
          {
            "type": "azure_function",
            "azure_function": {
              "input_binding": {
                "type": "storage_queue",
                "storage_queue": {
                  "queue_service_endpoint": "https://foobar.queue.core.windows.net",
                  "queue_name": "azure-function-foo-input"
                }
              },
              "output_binding": {
                "type": "storage_queue",
                "storage_queue": {
                  "queue_service_endpoint": "https://foobar.queue.core.windows.net",
                  "queue_name": "azure-function-tool-output"
                }
              },
              "function": {
                "name": "foo",
                "description": "Get answers from the foo bot.",
                "parameters": {
                  "type": "object",
                  "properties": {
                    "query": {
                      "type": "string",
                      "description": "The question to ask."
                    },
                    "outputqueueuri": {
                      "type": "string",
                      "description": "The full output queue uri."
                    }
                  }
                }
              }
            }
          }
        ],
        "tool_resources": {},
        "metadata": {},
        "temperature": 1.0,
        "top_p": 1.0,
        "max_completion_tokens": null,
        "max_prompt_tokens": null,
        "truncation_strategy": {
          "type": "auto",
          "last_messages": null
        },
        "incomplete_details": null,
        "usage": null,
        "response_format": "auto",
        "tool_choice": "auto",
        "parallel_tool_calls": true
      }
    },
    {
      "RequestUri": "https://Sanitized.api.azureml.ms/agents/v1.0/subscriptions/00000000-0000-0000-0000-000000000000/resourceGroups/00000/providers/Microsoft.MachineLearningServices/workspaces/00000/threads/thread_Faqp8bhPiu9ATtwC2tgsJFQy/runs/Sanitized?api-version=2025-05-15-preview",
      "RequestMethod": "GET",
      "RequestHeaders": {
        "Accept": "application/json",
        "Accept-Encoding": "gzip, deflate",
        "Connection": "keep-alive",
        "User-Agent": "azsdk-python-ai-assistants/1.0.0b1 Python/3.11.5 (Windows-10-10.0.26100-SP0)"
      },
      "RequestBody": null,
      "StatusCode": 200,
      "ResponseHeaders": {
        "apim-request-id": "3d82b834-d721-4a99-a489-8b4c6e1f367e",
        "Connection": "keep-alive",
        "Content-Encoding": "gzip",
        "Content-Type": "application/json",
        "Date": "Fri, 18 Apr 2025 04:45:37 GMT",
        "openai-organization": "20ba836fffc34ede8203166d666c74ef",
        "openai-processing-ms": "910",
        "openai-version": "2020-10-01",
        "Request-Context": "appId=cid-v1:2d2e8e63-272e-4b3c-8598-4ee570a0e70d",
        "Strict-Transport-Security": "max-age=31536000; includeSubDomains; preload",
        "Transfer-Encoding": "chunked",
        "Vary": "Accept-Encoding",
        "x-aml-cluster": "vienna-westus-02",
        "X-Content-Type-Options": "nosniff",
        "x-ms-middleware-request-id": "13f30eb8-1b91-41fd-83c4-73e93749cc13",
        "x-ms-region": "West US",
        "x-ms-response-type": "standard",
        "X-Request-ID": "182b3fe2f519a2319ad34aeff87f0be6",
        "x-request-time": "1.235"
      },
      "ResponseBody": {
        "id": "run_RapeojE6XHlUl4k7xEckW5X1",
        "object": "thread.run",
        "created_at": 1744951515,
        "assistant_id": "asst_reX4EomlFOLUl69ppVbgblcP",
        "thread_id": "thread_Faqp8bhPiu9ATtwC2tgsJFQy",
        "status": "requires_action",
        "started_at": 1744951516,
        "expires_at": 1744987515,
        "cancelled_at": null,
        "failed_at": null,
        "completed_at": null,
        "required_action": {
          "type": "submit_tool_outputs",
          "submit_tool_outputs": {
            "tool_calls": [
              {
                "id": "call_o8rHuJaiwNaR3LDBMR1QepON",
                "type": "azure_function",
                "azure_function": {
                  "name": "foo",
                  "arguments": "{\"query\":\"What is the most prevalent element in the universe?\",\"outputqueueuri\":\"https://foobar.queue.core.windows.net/azure-function-tool-output\"}"
                }
              }
            ]
          }
        },
        "last_error": null,
        "model": "gpt-4",
        "instructions": "You are a helpful support assistant. Use the provided function any time the prompt contains the string 'What would foo say?'. When you invoke the function, ALWAYS specify the output queue uri parameter as 'https://foobar.queue.core.windows.net/azure-function-tool-output'. Always responds with \"Foo says\" and then the response from the tool.",
        "tools": [
          {
            "type": "azure_function",
            "azure_function": {
              "input_binding": {
                "type": "storage_queue",
                "storage_queue": {
                  "queue_service_endpoint": "https://foobar.queue.core.windows.net",
                  "queue_name": "azure-function-foo-input"
                }
              },
              "output_binding": {
                "type": "storage_queue",
                "storage_queue": {
                  "queue_service_endpoint": "https://foobar.queue.core.windows.net",
                  "queue_name": "azure-function-tool-output"
                }
              },
              "function": {
                "name": "foo",
                "description": "Get answers from the foo bot.",
                "parameters": {
                  "type": "object",
                  "properties": {
                    "query": {
                      "type": "string",
                      "description": "The question to ask."
                    },
                    "outputqueueuri": {
                      "type": "string",
                      "description": "The full output queue uri."
                    }
                  }
                }
              }
            }
          }
        ],
        "tool_resources": {},
        "metadata": {},
        "temperature": 1.0,
        "top_p": 1.0,
        "max_completion_tokens": null,
        "max_prompt_tokens": null,
        "truncation_strategy": {
          "type": "auto",
          "last_messages": null
        },
        "incomplete_details": null,
        "usage": null,
        "response_format": "auto",
        "tool_choice": "auto",
        "parallel_tool_calls": true
      }
    },
    {
      "RequestUri": "https://Sanitized.api.azureml.ms/agents/v1.0/subscriptions/00000000-0000-0000-0000-000000000000/resourceGroups/00000/providers/Microsoft.MachineLearningServices/workspaces/00000/threads/thread_Faqp8bhPiu9ATtwC2tgsJFQy/runs/Sanitized?api-version=2025-05-15-preview",
      "RequestMethod": "GET",
      "RequestHeaders": {
        "Accept": "application/json",
        "Accept-Encoding": "gzip, deflate",
        "Connection": "keep-alive",
        "User-Agent": "azsdk-python-ai-assistants/1.0.0b1 Python/3.11.5 (Windows-10-10.0.26100-SP0)"
      },
      "RequestBody": null,
      "StatusCode": 200,
      "ResponseHeaders": {
        "apim-request-id": "5652a45a-6375-41d2-b2fb-d5ef0891f0ba",
        "Connection": "keep-alive",
        "Content-Encoding": "gzip",
        "Content-Type": "application/json",
        "Date": "Fri, 18 Apr 2025 04:45:39 GMT",
        "openai-organization": "20ba836fffc34ede8203166d666c74ef",
        "openai-processing-ms": "42",
        "openai-version": "2020-10-01",
        "Request-Context": "appId=cid-v1:2d2e8e63-272e-4b3c-8598-4ee570a0e70d",
        "Strict-Transport-Security": "max-age=31536000; includeSubDomains; preload",
        "Transfer-Encoding": "chunked",
        "Vary": "Accept-Encoding",
        "x-aml-cluster": "vienna-westus-02",
        "X-Content-Type-Options": "nosniff",
        "x-ms-middleware-request-id": "52cfdcd2-3574-485e-99ea-d9821e06f490",
        "x-ms-region": "West US",
        "x-ms-response-type": "standard",
        "X-Request-ID": "1bf8e5fe6d25c729b0b8558246e868b7",
        "x-request-time": "0.459"
      },
      "ResponseBody": {
        "id": "run_RapeojE6XHlUl4k7xEckW5X1",
        "object": "thread.run",
        "created_at": 1744951515,
        "assistant_id": "asst_reX4EomlFOLUl69ppVbgblcP",
        "thread_id": "thread_Faqp8bhPiu9ATtwC2tgsJFQy",
        "status": "requires_action",
        "started_at": 1744951516,
        "expires_at": 1744987515,
        "cancelled_at": null,
        "failed_at": null,
        "completed_at": null,
        "required_action": {
          "type": "submit_tool_outputs",
          "submit_tool_outputs": {
            "tool_calls": [
              {
                "id": "call_o8rHuJaiwNaR3LDBMR1QepON",
                "type": "azure_function",
                "azure_function": {
                  "name": "foo",
                  "arguments": "{\"query\":\"What is the most prevalent element in the universe?\",\"outputqueueuri\":\"https://foobar.queue.core.windows.net/azure-function-tool-output\"}"
                }
              }
            ]
          }
        },
        "last_error": null,
        "model": "gpt-4",
        "instructions": "You are a helpful support assistant. Use the provided function any time the prompt contains the string 'What would foo say?'. When you invoke the function, ALWAYS specify the output queue uri parameter as 'https://foobar.queue.core.windows.net/azure-function-tool-output'. Always responds with \"Foo says\" and then the response from the tool.",
        "tools": [
          {
            "type": "azure_function",
            "azure_function": {
              "input_binding": {
                "type": "storage_queue",
                "storage_queue": {
                  "queue_service_endpoint": "https://foobar.queue.core.windows.net",
                  "queue_name": "azure-function-foo-input"
                }
              },
              "output_binding": {
                "type": "storage_queue",
                "storage_queue": {
                  "queue_service_endpoint": "https://foobar.queue.core.windows.net",
                  "queue_name": "azure-function-tool-output"
                }
              },
              "function": {
                "name": "foo",
                "description": "Get answers from the foo bot.",
                "parameters": {
                  "type": "object",
                  "properties": {
                    "query": {
                      "type": "string",
                      "description": "The question to ask."
                    },
                    "outputqueueuri": {
                      "type": "string",
                      "description": "The full output queue uri."
                    }
                  }
                }
              }
            }
          }
        ],
        "tool_resources": {},
        "metadata": {},
        "temperature": 1.0,
        "top_p": 1.0,
        "max_completion_tokens": null,
        "max_prompt_tokens": null,
        "truncation_strategy": {
          "type": "auto",
          "last_messages": null
        },
        "incomplete_details": null,
        "usage": null,
        "response_format": "auto",
        "tool_choice": "auto",
        "parallel_tool_calls": true
      }
    },
    {
      "RequestUri": "https://Sanitized.api.azureml.ms/agents/v1.0/subscriptions/00000000-0000-0000-0000-000000000000/resourceGroups/00000/providers/Microsoft.MachineLearningServices/workspaces/00000/threads/thread_Faqp8bhPiu9ATtwC2tgsJFQy/runs/Sanitized?api-version=2025-05-15-preview",
      "RequestMethod": "GET",
      "RequestHeaders": {
        "Accept": "application/json",
        "Accept-Encoding": "gzip, deflate",
        "Connection": "keep-alive",
        "User-Agent": "azsdk-python-ai-assistants/1.0.0b1 Python/3.11.5 (Windows-10-10.0.26100-SP0)"
      },
      "RequestBody": null,
      "StatusCode": 200,
      "ResponseHeaders": {
        "apim-request-id": "b915ff4b-72d6-4e8a-a062-02f713f85343",
        "Connection": "keep-alive",
        "Content-Encoding": "gzip",
        "Content-Type": "application/json",
        "Date": "Fri, 18 Apr 2025 04:45:40 GMT",
        "openai-organization": "20ba836fffc34ede8203166d666c74ef",
        "openai-processing-ms": "39",
        "openai-version": "2020-10-01",
        "Request-Context": "appId=cid-v1:2d2e8e63-272e-4b3c-8598-4ee570a0e70d",
        "Strict-Transport-Security": "max-age=31536000; includeSubDomains; preload",
        "Transfer-Encoding": "chunked",
        "Vary": "Accept-Encoding",
        "x-aml-cluster": "vienna-westus-02",
        "X-Content-Type-Options": "nosniff",
        "x-ms-middleware-request-id": "5a62b740-ccb4-4325-8c1a-8e2b7a4d2d95",
        "x-ms-region": "West US",
        "x-ms-response-type": "standard",
        "X-Request-ID": "3c2bfd12237360e650046a59c0e355fe",
        "x-request-time": "0.311"
      },
      "ResponseBody": {
        "id": "run_RapeojE6XHlUl4k7xEckW5X1",
        "object": "thread.run",
        "created_at": 1744951515,
        "assistant_id": "asst_reX4EomlFOLUl69ppVbgblcP",
        "thread_id": "thread_Faqp8bhPiu9ATtwC2tgsJFQy",
        "status": "requires_action",
        "started_at": 1744951516,
        "expires_at": 1744987515,
        "cancelled_at": null,
        "failed_at": null,
        "completed_at": null,
        "required_action": {
          "type": "submit_tool_outputs",
          "submit_tool_outputs": {
            "tool_calls": [
              {
                "id": "call_o8rHuJaiwNaR3LDBMR1QepON",
                "type": "azure_function",
                "azure_function": {
                  "name": "foo",
                  "arguments": "{\"query\":\"What is the most prevalent element in the universe?\",\"outputqueueuri\":\"https://foobar.queue.core.windows.net/azure-function-tool-output\"}"
                }
              }
            ]
          }
        },
        "last_error": null,
        "model": "gpt-4",
        "instructions": "You are a helpful support assistant. Use the provided function any time the prompt contains the string 'What would foo say?'. When you invoke the function, ALWAYS specify the output queue uri parameter as 'https://foobar.queue.core.windows.net/azure-function-tool-output'. Always responds with \"Foo says\" and then the response from the tool.",
        "tools": [
          {
            "type": "azure_function",
            "azure_function": {
              "input_binding": {
                "type": "storage_queue",
                "storage_queue": {
                  "queue_service_endpoint": "https://foobar.queue.core.windows.net",
                  "queue_name": "azure-function-foo-input"
                }
              },
              "output_binding": {
                "type": "storage_queue",
                "storage_queue": {
                  "queue_service_endpoint": "https://foobar.queue.core.windows.net",
                  "queue_name": "azure-function-tool-output"
                }
              },
              "function": {
                "name": "foo",
                "description": "Get answers from the foo bot.",
                "parameters": {
                  "type": "object",
                  "properties": {
                    "query": {
                      "type": "string",
                      "description": "The question to ask."
                    },
                    "outputqueueuri": {
                      "type": "string",
                      "description": "The full output queue uri."
                    }
                  }
                }
              }
            }
          }
        ],
        "tool_resources": {},
        "metadata": {},
        "temperature": 1.0,
        "top_p": 1.0,
        "max_completion_tokens": null,
        "max_prompt_tokens": null,
        "truncation_strategy": {
          "type": "auto",
          "last_messages": null
        },
        "incomplete_details": null,
        "usage": null,
        "response_format": "auto",
        "tool_choice": "auto",
        "parallel_tool_calls": true
      }
    },
    {
      "RequestUri": "https://Sanitized.api.azureml.ms/agents/v1.0/subscriptions/00000000-0000-0000-0000-000000000000/resourceGroups/00000/providers/Microsoft.MachineLearningServices/workspaces/00000/threads/thread_Faqp8bhPiu9ATtwC2tgsJFQy/runs/Sanitized?api-version=2025-05-15-preview",
      "RequestMethod": "GET",
      "RequestHeaders": {
        "Accept": "application/json",
        "Accept-Encoding": "gzip, deflate",
        "Connection": "keep-alive",
        "User-Agent": "azsdk-python-ai-assistants/1.0.0b1 Python/3.11.5 (Windows-10-10.0.26100-SP0)"
      },
      "RequestBody": null,
      "StatusCode": 200,
      "ResponseHeaders": {
        "apim-request-id": "e61eec9a-f81a-456f-a4ba-a3792bc5d5b4",
        "Connection": "keep-alive",
        "Content-Encoding": "gzip",
        "Content-Type": "application/json",
        "Date": "Fri, 18 Apr 2025 04:45:42 GMT",
        "openai-organization": "20ba836fffc34ede8203166d666c74ef",
        "openai-processing-ms": "43",
        "openai-version": "2020-10-01",
        "Request-Context": "appId=cid-v1:2d2e8e63-272e-4b3c-8598-4ee570a0e70d",
        "Strict-Transport-Security": "max-age=31536000; includeSubDomains; preload",
        "Transfer-Encoding": "chunked",
        "Vary": "Accept-Encoding",
        "x-aml-cluster": "vienna-westus-02",
        "X-Content-Type-Options": "nosniff",
        "x-ms-middleware-request-id": "94b30e13-0a62-4f28-bf50-88334061508d",
        "x-ms-region": "West US",
        "x-ms-response-type": "standard",
        "X-Request-ID": "3095089a564be9a7771f9713b7e82d63",
        "x-request-time": "0.349"
      },
      "ResponseBody": {
        "id": "run_RapeojE6XHlUl4k7xEckW5X1",
        "object": "thread.run",
        "created_at": 1744951515,
        "assistant_id": "asst_reX4EomlFOLUl69ppVbgblcP",
        "thread_id": "thread_Faqp8bhPiu9ATtwC2tgsJFQy",
        "status": "requires_action",
        "started_at": 1744951516,
        "expires_at": 1744987515,
        "cancelled_at": null,
        "failed_at": null,
        "completed_at": null,
        "required_action": {
          "type": "submit_tool_outputs",
          "submit_tool_outputs": {
            "tool_calls": [
              {
                "id": "call_o8rHuJaiwNaR3LDBMR1QepON",
                "type": "azure_function",
                "azure_function": {
                  "name": "foo",
                  "arguments": "{\"query\":\"What is the most prevalent element in the universe?\",\"outputqueueuri\":\"https://foobar.queue.core.windows.net/azure-function-tool-output\"}"
                }
              }
            ]
          }
        },
        "last_error": null,
        "model": "gpt-4",
        "instructions": "You are a helpful support assistant. Use the provided function any time the prompt contains the string 'What would foo say?'. When you invoke the function, ALWAYS specify the output queue uri parameter as 'https://foobar.queue.core.windows.net/azure-function-tool-output'. Always responds with \"Foo says\" and then the response from the tool.",
        "tools": [
          {
            "type": "azure_function",
            "azure_function": {
              "input_binding": {
                "type": "storage_queue",
                "storage_queue": {
                  "queue_service_endpoint": "https://foobar.queue.core.windows.net",
                  "queue_name": "azure-function-foo-input"
                }
              },
              "output_binding": {
                "type": "storage_queue",
                "storage_queue": {
                  "queue_service_endpoint": "https://foobar.queue.core.windows.net",
                  "queue_name": "azure-function-tool-output"
                }
              },
              "function": {
                "name": "foo",
                "description": "Get answers from the foo bot.",
                "parameters": {
                  "type": "object",
                  "properties": {
                    "query": {
                      "type": "string",
                      "description": "The question to ask."
                    },
                    "outputqueueuri": {
                      "type": "string",
                      "description": "The full output queue uri."
                    }
                  }
                }
              }
            }
          }
        ],
        "tool_resources": {},
        "metadata": {},
        "temperature": 1.0,
        "top_p": 1.0,
        "max_completion_tokens": null,
        "max_prompt_tokens": null,
        "truncation_strategy": {
          "type": "auto",
          "last_messages": null
        },
        "incomplete_details": null,
        "usage": null,
        "response_format": "auto",
        "tool_choice": "auto",
        "parallel_tool_calls": true
      }
    },
    {
      "RequestUri": "https://Sanitized.api.azureml.ms/agents/v1.0/subscriptions/00000000-0000-0000-0000-000000000000/resourceGroups/00000/providers/Microsoft.MachineLearningServices/workspaces/00000/threads/thread_Faqp8bhPiu9ATtwC2tgsJFQy/runs/Sanitized?api-version=2025-05-15-preview",
      "RequestMethod": "GET",
      "RequestHeaders": {
        "Accept": "application/json",
        "Accept-Encoding": "gzip, deflate",
        "Connection": "keep-alive",
        "User-Agent": "azsdk-python-ai-assistants/1.0.0b1 Python/3.11.5 (Windows-10-10.0.26100-SP0)"
      },
      "RequestBody": null,
      "StatusCode": 200,
      "ResponseHeaders": {
        "apim-request-id": "31196f62-e5fc-4a22-abb9-766014a004cb",
        "Connection": "keep-alive",
        "Content-Encoding": "gzip",
        "Content-Type": "application/json",
        "Date": "Fri, 18 Apr 2025 04:45:43 GMT",
        "openai-organization": "20ba836fffc34ede8203166d666c74ef",
        "openai-processing-ms": "42",
        "openai-version": "2020-10-01",
        "Request-Context": "appId=cid-v1:2d2e8e63-272e-4b3c-8598-4ee570a0e70d",
        "Strict-Transport-Security": "max-age=31536000; includeSubDomains; preload",
        "Transfer-Encoding": "chunked",
        "Vary": "Accept-Encoding",
        "x-aml-cluster": "vienna-westus-02",
        "X-Content-Type-Options": "nosniff",
        "x-ms-middleware-request-id": "f9b09a63-9e6c-4b7d-bd0d-3d82a28249f7",
        "x-ms-region": "West US",
        "x-ms-response-type": "standard",
        "X-Request-ID": "3aee0657f2e4e24212c2d272e4826c06",
        "x-request-time": "0.340"
      },
      "ResponseBody": {
        "id": "run_RapeojE6XHlUl4k7xEckW5X1",
        "object": "thread.run",
        "created_at": 1744951515,
        "assistant_id": "asst_reX4EomlFOLUl69ppVbgblcP",
        "thread_id": "thread_Faqp8bhPiu9ATtwC2tgsJFQy",
        "status": "requires_action",
        "started_at": 1744951516,
        "expires_at": 1744987515,
        "cancelled_at": null,
        "failed_at": null,
        "completed_at": null,
        "required_action": {
          "type": "submit_tool_outputs",
          "submit_tool_outputs": {
            "tool_calls": [
              {
                "id": "call_o8rHuJaiwNaR3LDBMR1QepON",
                "type": "azure_function",
                "azure_function": {
                  "name": "foo",
                  "arguments": "{\"query\":\"What is the most prevalent element in the universe?\",\"outputqueueuri\":\"https://foobar.queue.core.windows.net/azure-function-tool-output\"}"
                }
              }
            ]
          }
        },
        "last_error": null,
        "model": "gpt-4",
        "instructions": "You are a helpful support assistant. Use the provided function any time the prompt contains the string 'What would foo say?'. When you invoke the function, ALWAYS specify the output queue uri parameter as 'https://foobar.queue.core.windows.net/azure-function-tool-output'. Always responds with \"Foo says\" and then the response from the tool.",
        "tools": [
          {
            "type": "azure_function",
            "azure_function": {
              "input_binding": {
                "type": "storage_queue",
                "storage_queue": {
                  "queue_service_endpoint": "https://foobar.queue.core.windows.net",
                  "queue_name": "azure-function-foo-input"
                }
              },
              "output_binding": {
                "type": "storage_queue",
                "storage_queue": {
                  "queue_service_endpoint": "https://foobar.queue.core.windows.net",
                  "queue_name": "azure-function-tool-output"
                }
              },
              "function": {
                "name": "foo",
                "description": "Get answers from the foo bot.",
                "parameters": {
                  "type": "object",
                  "properties": {
                    "query": {
                      "type": "string",
                      "description": "The question to ask."
                    },
                    "outputqueueuri": {
                      "type": "string",
                      "description": "The full output queue uri."
                    }
                  }
                }
              }
            }
          }
        ],
        "tool_resources": {},
        "metadata": {},
        "temperature": 1.0,
        "top_p": 1.0,
        "max_completion_tokens": null,
        "max_prompt_tokens": null,
        "truncation_strategy": {
          "type": "auto",
          "last_messages": null
        },
        "incomplete_details": null,
        "usage": null,
        "response_format": "auto",
        "tool_choice": "auto",
        "parallel_tool_calls": true
      }
    },
    {
      "RequestUri": "https://Sanitized.api.azureml.ms/agents/v1.0/subscriptions/00000000-0000-0000-0000-000000000000/resourceGroups/00000/providers/Microsoft.MachineLearningServices/workspaces/00000/threads/thread_Faqp8bhPiu9ATtwC2tgsJFQy/runs/Sanitized?api-version=2025-05-15-preview",
      "RequestMethod": "GET",
      "RequestHeaders": {
        "Accept": "application/json",
        "Accept-Encoding": "gzip, deflate",
        "Connection": "keep-alive",
        "User-Agent": "azsdk-python-ai-assistants/1.0.0b1 Python/3.11.5 (Windows-10-10.0.26100-SP0)"
      },
      "RequestBody": null,
      "StatusCode": 200,
      "ResponseHeaders": {
        "apim-request-id": "95661391-ad71-4346-b865-4a9411203bbf",
        "Connection": "keep-alive",
        "Content-Encoding": "gzip",
        "Content-Type": "application/json",
        "Date": "Fri, 18 Apr 2025 04:45:44 GMT",
        "openai-organization": "20ba836fffc34ede8203166d666c74ef",
        "openai-processing-ms": "86",
        "openai-version": "2020-10-01",
        "Request-Context": "appId=cid-v1:2d2e8e63-272e-4b3c-8598-4ee570a0e70d",
        "Strict-Transport-Security": "max-age=31536000; includeSubDomains; preload",
        "Transfer-Encoding": "chunked",
        "Vary": "Accept-Encoding",
        "x-aml-cluster": "vienna-westus-02",
        "X-Content-Type-Options": "nosniff",
        "x-ms-middleware-request-id": "a14cc8ed-d770-4c11-a3b7-104f12d89af1",
        "x-ms-region": "West US",
        "x-ms-response-type": "standard",
        "X-Request-ID": "bb0e15f01ff1e6faa01a20b46c997c67",
        "x-request-time": "0.406"
      },
      "ResponseBody": {
        "id": "run_RapeojE6XHlUl4k7xEckW5X1",
        "object": "thread.run",
        "created_at": 1744951515,
        "assistant_id": "asst_reX4EomlFOLUl69ppVbgblcP",
        "thread_id": "thread_Faqp8bhPiu9ATtwC2tgsJFQy",
        "status": "requires_action",
        "started_at": 1744951516,
        "expires_at": 1744987515,
        "cancelled_at": null,
        "failed_at": null,
        "completed_at": null,
        "required_action": {
          "type": "submit_tool_outputs",
          "submit_tool_outputs": {
            "tool_calls": [
              {
                "id": "call_o8rHuJaiwNaR3LDBMR1QepON",
                "type": "azure_function",
                "azure_function": {
                  "name": "foo",
                  "arguments": "{\"query\":\"What is the most prevalent element in the universe?\",\"outputqueueuri\":\"https://foobar.queue.core.windows.net/azure-function-tool-output\"}"
                }
              }
            ]
          }
        },
        "last_error": null,
        "model": "gpt-4",
        "instructions": "You are a helpful support assistant. Use the provided function any time the prompt contains the string 'What would foo say?'. When you invoke the function, ALWAYS specify the output queue uri parameter as 'https://foobar.queue.core.windows.net/azure-function-tool-output'. Always responds with \"Foo says\" and then the response from the tool.",
        "tools": [
          {
            "type": "azure_function",
            "azure_function": {
              "input_binding": {
                "type": "storage_queue",
                "storage_queue": {
                  "queue_service_endpoint": "https://foobar.queue.core.windows.net",
                  "queue_name": "azure-function-foo-input"
                }
              },
              "output_binding": {
                "type": "storage_queue",
                "storage_queue": {
                  "queue_service_endpoint": "https://foobar.queue.core.windows.net",
                  "queue_name": "azure-function-tool-output"
                }
              },
              "function": {
                "name": "foo",
                "description": "Get answers from the foo bot.",
                "parameters": {
                  "type": "object",
                  "properties": {
                    "query": {
                      "type": "string",
                      "description": "The question to ask."
                    },
                    "outputqueueuri": {
                      "type": "string",
                      "description": "The full output queue uri."
                    }
                  }
                }
              }
            }
          }
        ],
        "tool_resources": {},
        "metadata": {},
        "temperature": 1.0,
        "top_p": 1.0,
        "max_completion_tokens": null,
        "max_prompt_tokens": null,
        "truncation_strategy": {
          "type": "auto",
          "last_messages": null
        },
        "incomplete_details": null,
        "usage": null,
        "response_format": "auto",
        "tool_choice": "auto",
        "parallel_tool_calls": true
      }
    },
    {
      "RequestUri": "https://Sanitized.api.azureml.ms/agents/v1.0/subscriptions/00000000-0000-0000-0000-000000000000/resourceGroups/00000/providers/Microsoft.MachineLearningServices/workspaces/00000/threads/thread_Faqp8bhPiu9ATtwC2tgsJFQy/runs/Sanitized?api-version=2025-05-15-preview",
      "RequestMethod": "GET",
      "RequestHeaders": {
        "Accept": "application/json",
        "Accept-Encoding": "gzip, deflate",
        "Connection": "keep-alive",
        "User-Agent": "azsdk-python-ai-assistants/1.0.0b1 Python/3.11.5 (Windows-10-10.0.26100-SP0)"
      },
      "RequestBody": null,
      "StatusCode": 200,
      "ResponseHeaders": {
        "apim-request-id": "f7586ad6-782f-4c55-add9-8879a14c076c",
        "Connection": "keep-alive",
        "Content-Encoding": "gzip",
        "Content-Type": "application/json",
        "Date": "Fri, 18 Apr 2025 04:45:46 GMT",
        "openai-organization": "20ba836fffc34ede8203166d666c74ef",
        "openai-processing-ms": "44",
        "openai-version": "2020-10-01",
        "Request-Context": "appId=cid-v1:2d2e8e63-272e-4b3c-8598-4ee570a0e70d",
        "Strict-Transport-Security": "max-age=31536000; includeSubDomains; preload",
        "Transfer-Encoding": "chunked",
        "Vary": "Accept-Encoding",
        "x-aml-cluster": "vienna-westus-02",
        "X-Content-Type-Options": "nosniff",
        "x-ms-middleware-request-id": "38d7caa8-27bc-43f3-94c2-7abd049f072a",
        "x-ms-region": "West US",
        "x-ms-response-type": "standard",
        "X-Request-ID": "2c69ce000645dca546c8e59a80e2cd28",
        "x-request-time": "0.342"
      },
      "ResponseBody": {
        "id": "run_RapeojE6XHlUl4k7xEckW5X1",
        "object": "thread.run",
        "created_at": 1744951515,
        "assistant_id": "asst_reX4EomlFOLUl69ppVbgblcP",
        "thread_id": "thread_Faqp8bhPiu9ATtwC2tgsJFQy",
        "status": "requires_action",
        "started_at": 1744951516,
        "expires_at": 1744987515,
        "cancelled_at": null,
        "failed_at": null,
        "completed_at": null,
        "required_action": {
          "type": "submit_tool_outputs",
          "submit_tool_outputs": {
            "tool_calls": [
              {
                "id": "call_o8rHuJaiwNaR3LDBMR1QepON",
                "type": "azure_function",
                "azure_function": {
                  "name": "foo",
                  "arguments": "{\"query\":\"What is the most prevalent element in the universe?\",\"outputqueueuri\":\"https://foobar.queue.core.windows.net/azure-function-tool-output\"}"
                }
              }
            ]
          }
        },
        "last_error": null,
        "model": "gpt-4",
        "instructions": "You are a helpful support assistant. Use the provided function any time the prompt contains the string 'What would foo say?'. When you invoke the function, ALWAYS specify the output queue uri parameter as 'https://foobar.queue.core.windows.net/azure-function-tool-output'. Always responds with \"Foo says\" and then the response from the tool.",
        "tools": [
          {
            "type": "azure_function",
            "azure_function": {
              "input_binding": {
                "type": "storage_queue",
                "storage_queue": {
                  "queue_service_endpoint": "https://foobar.queue.core.windows.net",
                  "queue_name": "azure-function-foo-input"
                }
              },
              "output_binding": {
                "type": "storage_queue",
                "storage_queue": {
                  "queue_service_endpoint": "https://foobar.queue.core.windows.net",
                  "queue_name": "azure-function-tool-output"
                }
              },
              "function": {
                "name": "foo",
                "description": "Get answers from the foo bot.",
                "parameters": {
                  "type": "object",
                  "properties": {
                    "query": {
                      "type": "string",
                      "description": "The question to ask."
                    },
                    "outputqueueuri": {
                      "type": "string",
                      "description": "The full output queue uri."
                    }
                  }
                }
              }
            }
          }
        ],
        "tool_resources": {},
        "metadata": {},
        "temperature": 1.0,
        "top_p": 1.0,
        "max_completion_tokens": null,
        "max_prompt_tokens": null,
        "truncation_strategy": {
          "type": "auto",
          "last_messages": null
        },
        "incomplete_details": null,
        "usage": null,
        "response_format": "auto",
        "tool_choice": "auto",
        "parallel_tool_calls": true
      }
    },
    {
      "RequestUri": "https://Sanitized.api.azureml.ms/agents/v1.0/subscriptions/00000000-0000-0000-0000-000000000000/resourceGroups/00000/providers/Microsoft.MachineLearningServices/workspaces/00000/threads/thread_Faqp8bhPiu9ATtwC2tgsJFQy/runs/Sanitized?api-version=2025-05-15-preview",
      "RequestMethod": "GET",
      "RequestHeaders": {
        "Accept": "application/json",
        "Accept-Encoding": "gzip, deflate",
        "Connection": "keep-alive",
        "User-Agent": "azsdk-python-ai-assistants/1.0.0b1 Python/3.11.5 (Windows-10-10.0.26100-SP0)"
      },
      "RequestBody": null,
      "StatusCode": 200,
      "ResponseHeaders": {
        "apim-request-id": "7594c6d0-5397-422c-91a8-61cd645ba6c2",
        "Connection": "keep-alive",
        "Content-Encoding": "gzip",
        "Content-Type": "application/json",
        "Date": "Fri, 18 Apr 2025 04:45:47 GMT",
        "openai-organization": "20ba836fffc34ede8203166d666c74ef",
        "openai-processing-ms": "73",
        "openai-version": "2020-10-01",
        "Request-Context": "appId=cid-v1:2d2e8e63-272e-4b3c-8598-4ee570a0e70d",
        "Strict-Transport-Security": "max-age=31536000; includeSubDomains; preload",
        "Transfer-Encoding": "chunked",
        "Vary": "Accept-Encoding",
        "x-aml-cluster": "vienna-westus-02",
        "X-Content-Type-Options": "nosniff",
        "x-ms-middleware-request-id": "83752594-2e4b-4199-b71e-a06738ce1149",
        "x-ms-region": "West US",
        "x-ms-response-type": "standard",
        "X-Request-ID": "e38c6a36b576044b25d5b3c7b24f0842",
        "x-request-time": "0.343"
      },
      "ResponseBody": {
        "id": "run_RapeojE6XHlUl4k7xEckW5X1",
        "object": "thread.run",
        "created_at": 1744951515,
        "assistant_id": "asst_reX4EomlFOLUl69ppVbgblcP",
        "thread_id": "thread_Faqp8bhPiu9ATtwC2tgsJFQy",
        "status": "requires_action",
        "started_at": 1744951516,
        "expires_at": 1744987515,
        "cancelled_at": null,
        "failed_at": null,
        "completed_at": null,
        "required_action": {
          "type": "submit_tool_outputs",
          "submit_tool_outputs": {
            "tool_calls": [
              {
                "id": "call_o8rHuJaiwNaR3LDBMR1QepON",
                "type": "azure_function",
                "azure_function": {
                  "name": "foo",
                  "arguments": "{\"query\":\"What is the most prevalent element in the universe?\",\"outputqueueuri\":\"https://foobar.queue.core.windows.net/azure-function-tool-output\"}"
                }
              }
            ]
          }
        },
        "last_error": null,
        "model": "gpt-4",
        "instructions": "You are a helpful support assistant. Use the provided function any time the prompt contains the string 'What would foo say?'. When you invoke the function, ALWAYS specify the output queue uri parameter as 'https://foobar.queue.core.windows.net/azure-function-tool-output'. Always responds with \"Foo says\" and then the response from the tool.",
        "tools": [
          {
            "type": "azure_function",
            "azure_function": {
              "input_binding": {
                "type": "storage_queue",
                "storage_queue": {
                  "queue_service_endpoint": "https://foobar.queue.core.windows.net",
                  "queue_name": "azure-function-foo-input"
                }
              },
              "output_binding": {
                "type": "storage_queue",
                "storage_queue": {
                  "queue_service_endpoint": "https://foobar.queue.core.windows.net",
                  "queue_name": "azure-function-tool-output"
                }
              },
              "function": {
                "name": "foo",
                "description": "Get answers from the foo bot.",
                "parameters": {
                  "type": "object",
                  "properties": {
                    "query": {
                      "type": "string",
                      "description": "The question to ask."
                    },
                    "outputqueueuri": {
                      "type": "string",
                      "description": "The full output queue uri."
                    }
                  }
                }
              }
            }
          }
        ],
        "tool_resources": {},
        "metadata": {},
        "temperature": 1.0,
        "top_p": 1.0,
        "max_completion_tokens": null,
        "max_prompt_tokens": null,
        "truncation_strategy": {
          "type": "auto",
          "last_messages": null
        },
        "incomplete_details": null,
        "usage": null,
        "response_format": "auto",
        "tool_choice": "auto",
        "parallel_tool_calls": true
      }
    },
    {
      "RequestUri": "https://Sanitized.api.azureml.ms/agents/v1.0/subscriptions/00000000-0000-0000-0000-000000000000/resourceGroups/00000/providers/Microsoft.MachineLearningServices/workspaces/00000/threads/thread_Faqp8bhPiu9ATtwC2tgsJFQy/runs/Sanitized?api-version=2025-05-15-preview",
      "RequestMethod": "GET",
      "RequestHeaders": {
        "Accept": "application/json",
        "Accept-Encoding": "gzip, deflate",
        "Connection": "keep-alive",
        "User-Agent": "azsdk-python-ai-assistants/1.0.0b1 Python/3.11.5 (Windows-10-10.0.26100-SP0)"
      },
      "RequestBody": null,
      "StatusCode": 200,
      "ResponseHeaders": {
        "apim-request-id": "c8b9aa36-d4ce-47b7-bda5-51cbdd90c277",
        "Connection": "keep-alive",
        "Content-Encoding": "gzip",
        "Content-Type": "application/json",
        "Date": "Fri, 18 Apr 2025 04:45:49 GMT",
        "openai-organization": "20ba836fffc34ede8203166d666c74ef",
        "openai-processing-ms": "42",
        "openai-version": "2020-10-01",
        "Request-Context": "appId=cid-v1:2d2e8e63-272e-4b3c-8598-4ee570a0e70d",
        "Strict-Transport-Security": "max-age=31536000; includeSubDomains; preload",
        "Transfer-Encoding": "chunked",
        "Vary": "Accept-Encoding",
        "x-aml-cluster": "vienna-westus-02",
        "X-Content-Type-Options": "nosniff",
        "x-ms-middleware-request-id": "68f62367-b8c8-4231-87a5-6f8f6f79a502",
        "x-ms-region": "West US",
        "x-ms-response-type": "standard",
        "X-Request-ID": "687766e8a73190543a3ab873511b75b7",
        "x-request-time": "0.321"
      },
      "ResponseBody": {
        "id": "run_RapeojE6XHlUl4k7xEckW5X1",
        "object": "thread.run",
        "created_at": 1744951515,
        "assistant_id": "asst_reX4EomlFOLUl69ppVbgblcP",
        "thread_id": "thread_Faqp8bhPiu9ATtwC2tgsJFQy",
        "status": "requires_action",
        "started_at": 1744951516,
        "expires_at": 1744987515,
        "cancelled_at": null,
        "failed_at": null,
        "completed_at": null,
        "required_action": {
          "type": "submit_tool_outputs",
          "submit_tool_outputs": {
            "tool_calls": [
              {
                "id": "call_o8rHuJaiwNaR3LDBMR1QepON",
                "type": "azure_function",
                "azure_function": {
                  "name": "foo",
                  "arguments": "{\"query\":\"What is the most prevalent element in the universe?\",\"outputqueueuri\":\"https://foobar.queue.core.windows.net/azure-function-tool-output\"}"
                }
              }
            ]
          }
        },
        "last_error": null,
        "model": "gpt-4",
        "instructions": "You are a helpful support assistant. Use the provided function any time the prompt contains the string 'What would foo say?'. When you invoke the function, ALWAYS specify the output queue uri parameter as 'https://foobar.queue.core.windows.net/azure-function-tool-output'. Always responds with \"Foo says\" and then the response from the tool.",
        "tools": [
          {
            "type": "azure_function",
            "azure_function": {
              "input_binding": {
                "type": "storage_queue",
                "storage_queue": {
                  "queue_service_endpoint": "https://foobar.queue.core.windows.net",
                  "queue_name": "azure-function-foo-input"
                }
              },
              "output_binding": {
                "type": "storage_queue",
                "storage_queue": {
                  "queue_service_endpoint": "https://foobar.queue.core.windows.net",
                  "queue_name": "azure-function-tool-output"
                }
              },
              "function": {
                "name": "foo",
                "description": "Get answers from the foo bot.",
                "parameters": {
                  "type": "object",
                  "properties": {
                    "query": {
                      "type": "string",
                      "description": "The question to ask."
                    },
                    "outputqueueuri": {
                      "type": "string",
                      "description": "The full output queue uri."
                    }
                  }
                }
              }
            }
          }
        ],
        "tool_resources": {},
        "metadata": {},
        "temperature": 1.0,
        "top_p": 1.0,
        "max_completion_tokens": null,
        "max_prompt_tokens": null,
        "truncation_strategy": {
          "type": "auto",
          "last_messages": null
        },
        "incomplete_details": null,
        "usage": null,
        "response_format": "auto",
        "tool_choice": "auto",
        "parallel_tool_calls": true
      }
    },
    {
      "RequestUri": "https://Sanitized.api.azureml.ms/agents/v1.0/subscriptions/00000000-0000-0000-0000-000000000000/resourceGroups/00000/providers/Microsoft.MachineLearningServices/workspaces/00000/threads/thread_Faqp8bhPiu9ATtwC2tgsJFQy/runs/Sanitized?api-version=2025-05-15-preview",
      "RequestMethod": "GET",
      "RequestHeaders": {
        "Accept": "application/json",
        "Accept-Encoding": "gzip, deflate",
        "Connection": "keep-alive",
        "User-Agent": "azsdk-python-ai-assistants/1.0.0b1 Python/3.11.5 (Windows-10-10.0.26100-SP0)"
      },
      "RequestBody": null,
      "StatusCode": 200,
      "ResponseHeaders": {
        "apim-request-id": "be8ea6f2-03a4-4b2e-ad51-57eef3e698f8",
        "Connection": "keep-alive",
        "Content-Encoding": "gzip",
        "Content-Type": "application/json",
        "Date": "Fri, 18 Apr 2025 04:45:50 GMT",
        "openai-organization": "20ba836fffc34ede8203166d666c74ef",
        "openai-processing-ms": "43",
        "openai-version": "2020-10-01",
        "Request-Context": "appId=cid-v1:2d2e8e63-272e-4b3c-8598-4ee570a0e70d",
        "Strict-Transport-Security": "max-age=31536000; includeSubDomains; preload",
        "Transfer-Encoding": "chunked",
        "Vary": "Accept-Encoding",
        "x-aml-cluster": "vienna-westus-02",
        "X-Content-Type-Options": "nosniff",
        "x-ms-middleware-request-id": "b26dd452-c952-4177-b260-e10a8f9152a2",
        "x-ms-region": "West US",
        "x-ms-response-type": "standard",
        "X-Request-ID": "ebec45f44d9749aa4da0082b4d4e4ef6",
        "x-request-time": "0.335"
      },
      "ResponseBody": {
        "id": "run_RapeojE6XHlUl4k7xEckW5X1",
        "object": "thread.run",
        "created_at": 1744951515,
        "assistant_id": "asst_reX4EomlFOLUl69ppVbgblcP",
        "thread_id": "thread_Faqp8bhPiu9ATtwC2tgsJFQy",
        "status": "requires_action",
        "started_at": 1744951516,
        "expires_at": 1744987515,
        "cancelled_at": null,
        "failed_at": null,
        "completed_at": null,
        "required_action": {
          "type": "submit_tool_outputs",
          "submit_tool_outputs": {
            "tool_calls": [
              {
                "id": "call_o8rHuJaiwNaR3LDBMR1QepON",
                "type": "azure_function",
                "azure_function": {
                  "name": "foo",
                  "arguments": "{\"query\":\"What is the most prevalent element in the universe?\",\"outputqueueuri\":\"https://foobar.queue.core.windows.net/azure-function-tool-output\"}"
                }
              }
            ]
          }
        },
        "last_error": null,
        "model": "gpt-4",
        "instructions": "You are a helpful support assistant. Use the provided function any time the prompt contains the string 'What would foo say?'. When you invoke the function, ALWAYS specify the output queue uri parameter as 'https://foobar.queue.core.windows.net/azure-function-tool-output'. Always responds with \"Foo says\" and then the response from the tool.",
        "tools": [
          {
            "type": "azure_function",
            "azure_function": {
              "input_binding": {
                "type": "storage_queue",
                "storage_queue": {
                  "queue_service_endpoint": "https://foobar.queue.core.windows.net",
                  "queue_name": "azure-function-foo-input"
                }
              },
              "output_binding": {
                "type": "storage_queue",
                "storage_queue": {
                  "queue_service_endpoint": "https://foobar.queue.core.windows.net",
                  "queue_name": "azure-function-tool-output"
                }
              },
              "function": {
                "name": "foo",
                "description": "Get answers from the foo bot.",
                "parameters": {
                  "type": "object",
                  "properties": {
                    "query": {
                      "type": "string",
                      "description": "The question to ask."
                    },
                    "outputqueueuri": {
                      "type": "string",
                      "description": "The full output queue uri."
                    }
                  }
                }
              }
            }
          }
        ],
        "tool_resources": {},
        "metadata": {},
        "temperature": 1.0,
        "top_p": 1.0,
        "max_completion_tokens": null,
        "max_prompt_tokens": null,
        "truncation_strategy": {
          "type": "auto",
          "last_messages": null
        },
        "incomplete_details": null,
        "usage": null,
        "response_format": "auto",
        "tool_choice": "auto",
        "parallel_tool_calls": true
      }
    },
    {
      "RequestUri": "https://Sanitized.api.azureml.ms/agents/v1.0/subscriptions/00000000-0000-0000-0000-000000000000/resourceGroups/00000/providers/Microsoft.MachineLearningServices/workspaces/00000/threads/thread_Faqp8bhPiu9ATtwC2tgsJFQy/runs/Sanitized?api-version=2025-05-15-preview",
      "RequestMethod": "GET",
      "RequestHeaders": {
        "Accept": "application/json",
        "Accept-Encoding": "gzip, deflate",
        "Connection": "keep-alive",
        "User-Agent": "azsdk-python-ai-assistants/1.0.0b1 Python/3.11.5 (Windows-10-10.0.26100-SP0)"
      },
      "RequestBody": null,
      "StatusCode": 200,
      "ResponseHeaders": {
        "apim-request-id": "8aeaf61c-1b67-423a-9465-08e5117b1c46",
        "Connection": "keep-alive",
        "Content-Encoding": "gzip",
        "Content-Type": "application/json",
        "Date": "Fri, 18 Apr 2025 04:45:51 GMT",
        "openai-organization": "20ba836fffc34ede8203166d666c74ef",
        "openai-processing-ms": "92",
        "openai-version": "2020-10-01",
        "Request-Context": "appId=cid-v1:2d2e8e63-272e-4b3c-8598-4ee570a0e70d",
        "Strict-Transport-Security": "max-age=31536000; includeSubDomains; preload",
        "Transfer-Encoding": "chunked",
        "Vary": "Accept-Encoding",
        "x-aml-cluster": "vienna-westus-02",
        "X-Content-Type-Options": "nosniff",
        "x-ms-middleware-request-id": "67e9769d-a5ee-4a91-a0a5-7bbaa5fab53e",
        "x-ms-region": "West US",
        "x-ms-response-type": "standard",
        "X-Request-ID": "7d7b3b6d63d0f5890ed5e2f51f27fc0b",
        "x-request-time": "0.384"
      },
      "ResponseBody": {
        "id": "run_RapeojE6XHlUl4k7xEckW5X1",
        "object": "thread.run",
        "created_at": 1744951515,
        "assistant_id": "asst_reX4EomlFOLUl69ppVbgblcP",
        "thread_id": "thread_Faqp8bhPiu9ATtwC2tgsJFQy",
        "status": "requires_action",
        "started_at": 1744951516,
        "expires_at": 1744987515,
        "cancelled_at": null,
        "failed_at": null,
        "completed_at": null,
        "required_action": {
          "type": "submit_tool_outputs",
          "submit_tool_outputs": {
            "tool_calls": [
              {
                "id": "call_o8rHuJaiwNaR3LDBMR1QepON",
                "type": "azure_function",
                "azure_function": {
                  "name": "foo",
                  "arguments": "{\"query\":\"What is the most prevalent element in the universe?\",\"outputqueueuri\":\"https://foobar.queue.core.windows.net/azure-function-tool-output\"}"
                }
              }
            ]
          }
        },
        "last_error": null,
        "model": "gpt-4",
        "instructions": "You are a helpful support assistant. Use the provided function any time the prompt contains the string 'What would foo say?'. When you invoke the function, ALWAYS specify the output queue uri parameter as 'https://foobar.queue.core.windows.net/azure-function-tool-output'. Always responds with \"Foo says\" and then the response from the tool.",
        "tools": [
          {
            "type": "azure_function",
            "azure_function": {
              "input_binding": {
                "type": "storage_queue",
                "storage_queue": {
                  "queue_service_endpoint": "https://foobar.queue.core.windows.net",
                  "queue_name": "azure-function-foo-input"
                }
              },
              "output_binding": {
                "type": "storage_queue",
                "storage_queue": {
                  "queue_service_endpoint": "https://foobar.queue.core.windows.net",
                  "queue_name": "azure-function-tool-output"
                }
              },
              "function": {
                "name": "foo",
                "description": "Get answers from the foo bot.",
                "parameters": {
                  "type": "object",
                  "properties": {
                    "query": {
                      "type": "string",
                      "description": "The question to ask."
                    },
                    "outputqueueuri": {
                      "type": "string",
                      "description": "The full output queue uri."
                    }
                  }
                }
              }
            }
          }
        ],
        "tool_resources": {},
        "metadata": {},
        "temperature": 1.0,
        "top_p": 1.0,
        "max_completion_tokens": null,
        "max_prompt_tokens": null,
        "truncation_strategy": {
          "type": "auto",
          "last_messages": null
        },
        "incomplete_details": null,
        "usage": null,
        "response_format": "auto",
        "tool_choice": "auto",
        "parallel_tool_calls": true
      }
    },
    {
      "RequestUri": "https://Sanitized.api.azureml.ms/agents/v1.0/subscriptions/00000000-0000-0000-0000-000000000000/resourceGroups/00000/providers/Microsoft.MachineLearningServices/workspaces/00000/threads/thread_Faqp8bhPiu9ATtwC2tgsJFQy/runs/Sanitized?api-version=2025-05-15-preview",
      "RequestMethod": "GET",
      "RequestHeaders": {
        "Accept": "application/json",
        "Accept-Encoding": "gzip, deflate",
        "Connection": "keep-alive",
        "User-Agent": "azsdk-python-ai-assistants/1.0.0b1 Python/3.11.5 (Windows-10-10.0.26100-SP0)"
      },
      "RequestBody": null,
      "StatusCode": 200,
      "ResponseHeaders": {
        "apim-request-id": "69457918-4402-461c-8464-eaaf628dde4b",
        "Connection": "keep-alive",
        "Content-Encoding": "gzip",
        "Content-Type": "application/json",
        "Date": "Fri, 18 Apr 2025 04:45:53 GMT",
        "openai-organization": "20ba836fffc34ede8203166d666c74ef",
        "openai-processing-ms": "39",
        "openai-version": "2020-10-01",
        "Request-Context": "appId=cid-v1:2d2e8e63-272e-4b3c-8598-4ee570a0e70d",
        "Strict-Transport-Security": "max-age=31536000; includeSubDomains; preload",
        "Transfer-Encoding": "chunked",
        "Vary": "Accept-Encoding",
        "x-aml-cluster": "vienna-westus-02",
        "X-Content-Type-Options": "nosniff",
        "x-ms-middleware-request-id": "3c32cf97-3757-484a-bb5c-c45380b61183",
        "x-ms-region": "West US",
        "x-ms-response-type": "standard",
        "X-Request-ID": "4aa1927fdf6a0beb96e5e93bd77a2e3e",
        "x-request-time": "0.331"
      },
      "ResponseBody": {
        "id": "run_RapeojE6XHlUl4k7xEckW5X1",
        "object": "thread.run",
        "created_at": 1744951515,
        "assistant_id": "asst_reX4EomlFOLUl69ppVbgblcP",
        "thread_id": "thread_Faqp8bhPiu9ATtwC2tgsJFQy",
        "status": "requires_action",
        "started_at": 1744951516,
        "expires_at": 1744987515,
        "cancelled_at": null,
        "failed_at": null,
        "completed_at": null,
        "required_action": {
          "type": "submit_tool_outputs",
          "submit_tool_outputs": {
            "tool_calls": [
              {
                "id": "call_o8rHuJaiwNaR3LDBMR1QepON",
                "type": "azure_function",
                "azure_function": {
                  "name": "foo",
                  "arguments": "{\"query\":\"What is the most prevalent element in the universe?\",\"outputqueueuri\":\"https://foobar.queue.core.windows.net/azure-function-tool-output\"}"
                }
              }
            ]
          }
        },
        "last_error": null,
        "model": "gpt-4",
        "instructions": "You are a helpful support assistant. Use the provided function any time the prompt contains the string 'What would foo say?'. When you invoke the function, ALWAYS specify the output queue uri parameter as 'https://foobar.queue.core.windows.net/azure-function-tool-output'. Always responds with \"Foo says\" and then the response from the tool.",
        "tools": [
          {
            "type": "azure_function",
            "azure_function": {
              "input_binding": {
                "type": "storage_queue",
                "storage_queue": {
                  "queue_service_endpoint": "https://foobar.queue.core.windows.net",
                  "queue_name": "azure-function-foo-input"
                }
              },
              "output_binding": {
                "type": "storage_queue",
                "storage_queue": {
                  "queue_service_endpoint": "https://foobar.queue.core.windows.net",
                  "queue_name": "azure-function-tool-output"
                }
              },
              "function": {
                "name": "foo",
                "description": "Get answers from the foo bot.",
                "parameters": {
                  "type": "object",
                  "properties": {
                    "query": {
                      "type": "string",
                      "description": "The question to ask."
                    },
                    "outputqueueuri": {
                      "type": "string",
                      "description": "The full output queue uri."
                    }
                  }
                }
              }
            }
          }
        ],
        "tool_resources": {},
        "metadata": {},
        "temperature": 1.0,
        "top_p": 1.0,
        "max_completion_tokens": null,
        "max_prompt_tokens": null,
        "truncation_strategy": {
          "type": "auto",
          "last_messages": null
        },
        "incomplete_details": null,
        "usage": null,
        "response_format": "auto",
        "tool_choice": "auto",
        "parallel_tool_calls": true
      }
    },
    {
      "RequestUri": "https://Sanitized.api.azureml.ms/agents/v1.0/subscriptions/00000000-0000-0000-0000-000000000000/resourceGroups/00000/providers/Microsoft.MachineLearningServices/workspaces/00000/threads/thread_Faqp8bhPiu9ATtwC2tgsJFQy/runs/Sanitized?api-version=2025-05-15-preview",
      "RequestMethod": "GET",
      "RequestHeaders": {
        "Accept": "application/json",
        "Accept-Encoding": "gzip, deflate",
        "Connection": "keep-alive",
        "User-Agent": "azsdk-python-ai-assistants/1.0.0b1 Python/3.11.5 (Windows-10-10.0.26100-SP0)"
      },
      "RequestBody": null,
      "StatusCode": 200,
      "ResponseHeaders": {
        "apim-request-id": "66ea9399-c118-451e-a732-e8133b6db2d9",
        "Connection": "keep-alive",
        "Content-Encoding": "gzip",
        "Content-Type": "application/json",
        "Date": "Fri, 18 Apr 2025 04:45:54 GMT",
        "openai-organization": "20ba836fffc34ede8203166d666c74ef",
        "openai-processing-ms": "38",
        "openai-version": "2020-10-01",
        "Request-Context": "appId=cid-v1:2d2e8e63-272e-4b3c-8598-4ee570a0e70d",
        "Strict-Transport-Security": "max-age=31536000; includeSubDomains; preload",
        "Transfer-Encoding": "chunked",
        "Vary": "Accept-Encoding",
        "x-aml-cluster": "vienna-westus-02",
        "X-Content-Type-Options": "nosniff",
        "x-ms-middleware-request-id": "2c876c0d-2ef0-4da9-ac58-4d8aa9b6e510",
        "x-ms-region": "West US",
        "x-ms-response-type": "standard",
        "X-Request-ID": "1c6750d032c6a45c68f30e7e824e451e",
        "x-request-time": "0.318"
      },
      "ResponseBody": {
        "id": "run_RapeojE6XHlUl4k7xEckW5X1",
        "object": "thread.run",
        "created_at": 1744951515,
        "assistant_id": "asst_reX4EomlFOLUl69ppVbgblcP",
        "thread_id": "thread_Faqp8bhPiu9ATtwC2tgsJFQy",
        "status": "requires_action",
        "started_at": 1744951516,
        "expires_at": 1744987515,
        "cancelled_at": null,
        "failed_at": null,
        "completed_at": null,
        "required_action": {
          "type": "submit_tool_outputs",
          "submit_tool_outputs": {
            "tool_calls": [
              {
                "id": "call_o8rHuJaiwNaR3LDBMR1QepON",
                "type": "azure_function",
                "azure_function": {
                  "name": "foo",
                  "arguments": "{\"query\":\"What is the most prevalent element in the universe?\",\"outputqueueuri\":\"https://foobar.queue.core.windows.net/azure-function-tool-output\"}"
                }
              }
            ]
          }
        },
        "last_error": null,
        "model": "gpt-4",
        "instructions": "You are a helpful support assistant. Use the provided function any time the prompt contains the string 'What would foo say?'. When you invoke the function, ALWAYS specify the output queue uri parameter as 'https://foobar.queue.core.windows.net/azure-function-tool-output'. Always responds with \"Foo says\" and then the response from the tool.",
        "tools": [
          {
            "type": "azure_function",
            "azure_function": {
              "input_binding": {
                "type": "storage_queue",
                "storage_queue": {
                  "queue_service_endpoint": "https://foobar.queue.core.windows.net",
                  "queue_name": "azure-function-foo-input"
                }
              },
              "output_binding": {
                "type": "storage_queue",
                "storage_queue": {
                  "queue_service_endpoint": "https://foobar.queue.core.windows.net",
                  "queue_name": "azure-function-tool-output"
                }
              },
              "function": {
                "name": "foo",
                "description": "Get answers from the foo bot.",
                "parameters": {
                  "type": "object",
                  "properties": {
                    "query": {
                      "type": "string",
                      "description": "The question to ask."
                    },
                    "outputqueueuri": {
                      "type": "string",
                      "description": "The full output queue uri."
                    }
                  }
                }
              }
            }
          }
        ],
        "tool_resources": {},
        "metadata": {},
        "temperature": 1.0,
        "top_p": 1.0,
        "max_completion_tokens": null,
        "max_prompt_tokens": null,
        "truncation_strategy": {
          "type": "auto",
          "last_messages": null
        },
        "incomplete_details": null,
        "usage": null,
        "response_format": "auto",
        "tool_choice": "auto",
        "parallel_tool_calls": true
      }
    },
    {
      "RequestUri": "https://Sanitized.api.azureml.ms/agents/v1.0/subscriptions/00000000-0000-0000-0000-000000000000/resourceGroups/00000/providers/Microsoft.MachineLearningServices/workspaces/00000/threads/thread_Faqp8bhPiu9ATtwC2tgsJFQy/runs/Sanitized?api-version=2025-05-15-preview",
      "RequestMethod": "GET",
      "RequestHeaders": {
        "Accept": "application/json",
        "Accept-Encoding": "gzip, deflate",
        "Connection": "keep-alive",
        "User-Agent": "azsdk-python-ai-assistants/1.0.0b1 Python/3.11.5 (Windows-10-10.0.26100-SP0)"
      },
      "RequestBody": null,
      "StatusCode": 200,
      "ResponseHeaders": {
        "apim-request-id": "0d2e5dec-e045-4226-a7f8-ff3c3013799d",
        "Connection": "keep-alive",
        "Content-Encoding": "gzip",
        "Content-Type": "application/json",
        "Date": "Fri, 18 Apr 2025 04:45:55 GMT",
        "openai-organization": "20ba836fffc34ede8203166d666c74ef",
        "openai-processing-ms": "43",
        "openai-version": "2020-10-01",
        "Request-Context": "appId=cid-v1:2d2e8e63-272e-4b3c-8598-4ee570a0e70d",
        "Strict-Transport-Security": "max-age=31536000; includeSubDomains; preload",
        "Transfer-Encoding": "chunked",
        "Vary": "Accept-Encoding",
        "x-aml-cluster": "vienna-westus-02",
        "X-Content-Type-Options": "nosniff",
        "x-ms-middleware-request-id": "b3ba268f-2771-40e8-9526-981f9bb7761c",
        "x-ms-region": "West US",
        "x-ms-response-type": "standard",
        "X-Request-ID": "2d2c2202ca78cdb8be024b244b874251",
        "x-request-time": "0.309"
      },
      "ResponseBody": {
        "id": "run_RapeojE6XHlUl4k7xEckW5X1",
        "object": "thread.run",
        "created_at": 1744951515,
        "assistant_id": "asst_reX4EomlFOLUl69ppVbgblcP",
        "thread_id": "thread_Faqp8bhPiu9ATtwC2tgsJFQy",
        "status": "requires_action",
        "started_at": 1744951516,
        "expires_at": 1744987515,
        "cancelled_at": null,
        "failed_at": null,
        "completed_at": null,
        "required_action": {
          "type": "submit_tool_outputs",
          "submit_tool_outputs": {
            "tool_calls": [
              {
                "id": "call_o8rHuJaiwNaR3LDBMR1QepON",
                "type": "azure_function",
                "azure_function": {
                  "name": "foo",
                  "arguments": "{\"query\":\"What is the most prevalent element in the universe?\",\"outputqueueuri\":\"https://foobar.queue.core.windows.net/azure-function-tool-output\"}"
                }
              }
            ]
          }
        },
        "last_error": null,
        "model": "gpt-4",
        "instructions": "You are a helpful support assistant. Use the provided function any time the prompt contains the string 'What would foo say?'. When you invoke the function, ALWAYS specify the output queue uri parameter as 'https://foobar.queue.core.windows.net/azure-function-tool-output'. Always responds with \"Foo says\" and then the response from the tool.",
        "tools": [
          {
            "type": "azure_function",
            "azure_function": {
              "input_binding": {
                "type": "storage_queue",
                "storage_queue": {
                  "queue_service_endpoint": "https://foobar.queue.core.windows.net",
                  "queue_name": "azure-function-foo-input"
                }
              },
              "output_binding": {
                "type": "storage_queue",
                "storage_queue": {
                  "queue_service_endpoint": "https://foobar.queue.core.windows.net",
                  "queue_name": "azure-function-tool-output"
                }
              },
              "function": {
                "name": "foo",
                "description": "Get answers from the foo bot.",
                "parameters": {
                  "type": "object",
                  "properties": {
                    "query": {
                      "type": "string",
                      "description": "The question to ask."
                    },
                    "outputqueueuri": {
                      "type": "string",
                      "description": "The full output queue uri."
                    }
                  }
                }
              }
            }
          }
        ],
        "tool_resources": {},
        "metadata": {},
        "temperature": 1.0,
        "top_p": 1.0,
        "max_completion_tokens": null,
        "max_prompt_tokens": null,
        "truncation_strategy": {
          "type": "auto",
          "last_messages": null
        },
        "incomplete_details": null,
        "usage": null,
        "response_format": "auto",
        "tool_choice": "auto",
        "parallel_tool_calls": true
      }
    },
    {
      "RequestUri": "https://Sanitized.api.azureml.ms/agents/v1.0/subscriptions/00000000-0000-0000-0000-000000000000/resourceGroups/00000/providers/Microsoft.MachineLearningServices/workspaces/00000/threads/thread_Faqp8bhPiu9ATtwC2tgsJFQy/runs/Sanitized?api-version=2025-05-15-preview",
      "RequestMethod": "GET",
      "RequestHeaders": {
        "Accept": "application/json",
        "Accept-Encoding": "gzip, deflate",
        "Connection": "keep-alive",
        "User-Agent": "azsdk-python-ai-assistants/1.0.0b1 Python/3.11.5 (Windows-10-10.0.26100-SP0)"
      },
      "RequestBody": null,
      "StatusCode": 200,
      "ResponseHeaders": {
        "apim-request-id": "ccbbad5f-c40d-400b-b5af-9bee72b114ad",
        "Connection": "keep-alive",
        "Content-Encoding": "gzip",
        "Content-Type": "application/json",
        "Date": "Fri, 18 Apr 2025 04:45:57 GMT",
        "openai-organization": "20ba836fffc34ede8203166d666c74ef",
        "openai-processing-ms": "56",
        "openai-version": "2020-10-01",
        "Request-Context": "appId=cid-v1:2d2e8e63-272e-4b3c-8598-4ee570a0e70d",
        "Strict-Transport-Security": "max-age=31536000; includeSubDomains; preload",
        "Transfer-Encoding": "chunked",
        "Vary": "Accept-Encoding",
        "x-aml-cluster": "vienna-westus-02",
        "X-Content-Type-Options": "nosniff",
        "x-ms-middleware-request-id": "e42bf937-60d7-4ecf-b828-b222456460df",
        "x-ms-region": "West US",
        "x-ms-response-type": "standard",
        "X-Request-ID": "9574c7773d67a95f363b7835acfd4c98",
        "x-request-time": "0.352"
      },
      "ResponseBody": {
        "id": "run_RapeojE6XHlUl4k7xEckW5X1",
        "object": "thread.run",
        "created_at": 1744951515,
        "assistant_id": "asst_reX4EomlFOLUl69ppVbgblcP",
        "thread_id": "thread_Faqp8bhPiu9ATtwC2tgsJFQy",
        "status": "requires_action",
        "started_at": 1744951516,
        "expires_at": 1744987515,
        "cancelled_at": null,
        "failed_at": null,
        "completed_at": null,
        "required_action": {
          "type": "submit_tool_outputs",
          "submit_tool_outputs": {
            "tool_calls": [
              {
                "id": "call_o8rHuJaiwNaR3LDBMR1QepON",
                "type": "azure_function",
                "azure_function": {
                  "name": "foo",
                  "arguments": "{\"query\":\"What is the most prevalent element in the universe?\",\"outputqueueuri\":\"https://foobar.queue.core.windows.net/azure-function-tool-output\"}"
                }
              }
            ]
          }
        },
        "last_error": null,
        "model": "gpt-4",
        "instructions": "You are a helpful support assistant. Use the provided function any time the prompt contains the string 'What would foo say?'. When you invoke the function, ALWAYS specify the output queue uri parameter as 'https://foobar.queue.core.windows.net/azure-function-tool-output'. Always responds with \"Foo says\" and then the response from the tool.",
        "tools": [
          {
            "type": "azure_function",
            "azure_function": {
              "input_binding": {
                "type": "storage_queue",
                "storage_queue": {
                  "queue_service_endpoint": "https://foobar.queue.core.windows.net",
                  "queue_name": "azure-function-foo-input"
                }
              },
              "output_binding": {
                "type": "storage_queue",
                "storage_queue": {
                  "queue_service_endpoint": "https://foobar.queue.core.windows.net",
                  "queue_name": "azure-function-tool-output"
                }
              },
              "function": {
                "name": "foo",
                "description": "Get answers from the foo bot.",
                "parameters": {
                  "type": "object",
                  "properties": {
                    "query": {
                      "type": "string",
                      "description": "The question to ask."
                    },
                    "outputqueueuri": {
                      "type": "string",
                      "description": "The full output queue uri."
                    }
                  }
                }
              }
            }
          }
        ],
        "tool_resources": {},
        "metadata": {},
        "temperature": 1.0,
        "top_p": 1.0,
        "max_completion_tokens": null,
        "max_prompt_tokens": null,
        "truncation_strategy": {
          "type": "auto",
          "last_messages": null
        },
        "incomplete_details": null,
        "usage": null,
        "response_format": "auto",
        "tool_choice": "auto",
        "parallel_tool_calls": true
      }
    },
    {
      "RequestUri": "https://Sanitized.api.azureml.ms/agents/v1.0/subscriptions/00000000-0000-0000-0000-000000000000/resourceGroups/00000/providers/Microsoft.MachineLearningServices/workspaces/00000/threads/thread_Faqp8bhPiu9ATtwC2tgsJFQy/runs/Sanitized?api-version=2025-05-15-preview",
      "RequestMethod": "GET",
      "RequestHeaders": {
        "Accept": "application/json",
        "Accept-Encoding": "gzip, deflate",
        "Connection": "keep-alive",
        "User-Agent": "azsdk-python-ai-assistants/1.0.0b1 Python/3.11.5 (Windows-10-10.0.26100-SP0)"
      },
      "RequestBody": null,
      "StatusCode": 200,
      "ResponseHeaders": {
        "apim-request-id": "37d1a927-67c4-4c6e-b96c-9be3f564ae78",
        "Connection": "keep-alive",
        "Content-Encoding": "gzip",
        "Content-Type": "application/json",
        "Date": "Fri, 18 Apr 2025 04:45:58 GMT",
        "openai-organization": "20ba836fffc34ede8203166d666c74ef",
        "openai-processing-ms": "90",
        "openai-version": "2020-10-01",
        "Request-Context": "appId=cid-v1:2d2e8e63-272e-4b3c-8598-4ee570a0e70d",
        "Strict-Transport-Security": "max-age=31536000; includeSubDomains; preload",
        "Transfer-Encoding": "chunked",
        "Vary": "Accept-Encoding",
        "x-aml-cluster": "vienna-westus-02",
        "X-Content-Type-Options": "nosniff",
        "x-ms-middleware-request-id": "0b2d1dd8-f76a-4080-a362-5b22c7f36454",
        "x-ms-region": "West US",
        "x-ms-response-type": "standard",
        "X-Request-ID": "b8e99b4af1901d6d03aba92f92b586ad",
        "x-request-time": "0.376"
      },
      "ResponseBody": {
        "id": "run_RapeojE6XHlUl4k7xEckW5X1",
        "object": "thread.run",
        "created_at": 1744951515,
        "assistant_id": "asst_reX4EomlFOLUl69ppVbgblcP",
        "thread_id": "thread_Faqp8bhPiu9ATtwC2tgsJFQy",
        "status": "requires_action",
        "started_at": 1744951516,
        "expires_at": 1744987515,
        "cancelled_at": null,
        "failed_at": null,
        "completed_at": null,
        "required_action": {
          "type": "submit_tool_outputs",
          "submit_tool_outputs": {
            "tool_calls": [
              {
                "id": "call_o8rHuJaiwNaR3LDBMR1QepON",
                "type": "azure_function",
                "azure_function": {
                  "name": "foo",
                  "arguments": "{\"query\":\"What is the most prevalent element in the universe?\",\"outputqueueuri\":\"https://foobar.queue.core.windows.net/azure-function-tool-output\"}"
                }
              }
            ]
          }
        },
        "last_error": null,
        "model": "gpt-4",
        "instructions": "You are a helpful support assistant. Use the provided function any time the prompt contains the string 'What would foo say?'. When you invoke the function, ALWAYS specify the output queue uri parameter as 'https://foobar.queue.core.windows.net/azure-function-tool-output'. Always responds with \"Foo says\" and then the response from the tool.",
        "tools": [
          {
            "type": "azure_function",
            "azure_function": {
              "input_binding": {
                "type": "storage_queue",
                "storage_queue": {
                  "queue_service_endpoint": "https://foobar.queue.core.windows.net",
                  "queue_name": "azure-function-foo-input"
                }
              },
              "output_binding": {
                "type": "storage_queue",
                "storage_queue": {
                  "queue_service_endpoint": "https://foobar.queue.core.windows.net",
                  "queue_name": "azure-function-tool-output"
                }
              },
              "function": {
                "name": "foo",
                "description": "Get answers from the foo bot.",
                "parameters": {
                  "type": "object",
                  "properties": {
                    "query": {
                      "type": "string",
                      "description": "The question to ask."
                    },
                    "outputqueueuri": {
                      "type": "string",
                      "description": "The full output queue uri."
                    }
                  }
                }
              }
            }
          }
        ],
        "tool_resources": {},
        "metadata": {},
        "temperature": 1.0,
        "top_p": 1.0,
        "max_completion_tokens": null,
        "max_prompt_tokens": null,
        "truncation_strategy": {
          "type": "auto",
          "last_messages": null
        },
        "incomplete_details": null,
        "usage": null,
        "response_format": "auto",
        "tool_choice": "auto",
        "parallel_tool_calls": true
      }
    },
    {
      "RequestUri": "https://Sanitized.api.azureml.ms/agents/v1.0/subscriptions/00000000-0000-0000-0000-000000000000/resourceGroups/00000/providers/Microsoft.MachineLearningServices/workspaces/00000/threads/thread_Faqp8bhPiu9ATtwC2tgsJFQy/runs/Sanitized?api-version=2025-05-15-preview",
      "RequestMethod": "GET",
      "RequestHeaders": {
        "Accept": "application/json",
        "Accept-Encoding": "gzip, deflate",
        "Connection": "keep-alive",
        "User-Agent": "azsdk-python-ai-assistants/1.0.0b1 Python/3.11.5 (Windows-10-10.0.26100-SP0)"
      },
      "RequestBody": null,
      "StatusCode": 200,
      "ResponseHeaders": {
        "apim-request-id": "d341f396-9aa4-4a7b-b570-e510cd850270",
        "Connection": "keep-alive",
        "Content-Encoding": "gzip",
        "Content-Type": "application/json",
        "Date": "Fri, 18 Apr 2025 04:46:00 GMT",
        "openai-organization": "20ba836fffc34ede8203166d666c74ef",
        "openai-processing-ms": "44",
        "openai-version": "2020-10-01",
        "Request-Context": "appId=cid-v1:2d2e8e63-272e-4b3c-8598-4ee570a0e70d",
        "Strict-Transport-Security": "max-age=31536000; includeSubDomains; preload",
        "Transfer-Encoding": "chunked",
        "Vary": "Accept-Encoding",
        "x-aml-cluster": "vienna-westus-02",
        "X-Content-Type-Options": "nosniff",
        "x-ms-middleware-request-id": "2ea969d0-c4be-4162-9b30-0c61c5e4e4e8",
        "x-ms-region": "West US",
        "x-ms-response-type": "standard",
        "X-Request-ID": "5488d9b4548971540eca88cb86b04cef",
        "x-request-time": "0.289"
      },
      "ResponseBody": {
        "id": "run_RapeojE6XHlUl4k7xEckW5X1",
        "object": "thread.run",
        "created_at": 1744951515,
        "assistant_id": "asst_reX4EomlFOLUl69ppVbgblcP",
        "thread_id": "thread_Faqp8bhPiu9ATtwC2tgsJFQy",
        "status": "requires_action",
        "started_at": 1744951516,
        "expires_at": 1744987515,
        "cancelled_at": null,
        "failed_at": null,
        "completed_at": null,
        "required_action": {
          "type": "submit_tool_outputs",
          "submit_tool_outputs": {
            "tool_calls": [
              {
                "id": "call_o8rHuJaiwNaR3LDBMR1QepON",
                "type": "azure_function",
                "azure_function": {
                  "name": "foo",
                  "arguments": "{\"query\":\"What is the most prevalent element in the universe?\",\"outputqueueuri\":\"https://foobar.queue.core.windows.net/azure-function-tool-output\"}"
                }
              }
            ]
          }
        },
        "last_error": null,
        "model": "gpt-4",
        "instructions": "You are a helpful support assistant. Use the provided function any time the prompt contains the string 'What would foo say?'. When you invoke the function, ALWAYS specify the output queue uri parameter as 'https://foobar.queue.core.windows.net/azure-function-tool-output'. Always responds with \"Foo says\" and then the response from the tool.",
        "tools": [
          {
            "type": "azure_function",
            "azure_function": {
              "input_binding": {
                "type": "storage_queue",
                "storage_queue": {
                  "queue_service_endpoint": "https://foobar.queue.core.windows.net",
                  "queue_name": "azure-function-foo-input"
                }
              },
              "output_binding": {
                "type": "storage_queue",
                "storage_queue": {
                  "queue_service_endpoint": "https://foobar.queue.core.windows.net",
                  "queue_name": "azure-function-tool-output"
                }
              },
              "function": {
                "name": "foo",
                "description": "Get answers from the foo bot.",
                "parameters": {
                  "type": "object",
                  "properties": {
                    "query": {
                      "type": "string",
                      "description": "The question to ask."
                    },
                    "outputqueueuri": {
                      "type": "string",
                      "description": "The full output queue uri."
                    }
                  }
                }
              }
            }
          }
        ],
        "tool_resources": {},
        "metadata": {},
        "temperature": 1.0,
        "top_p": 1.0,
        "max_completion_tokens": null,
        "max_prompt_tokens": null,
        "truncation_strategy": {
          "type": "auto",
          "last_messages": null
        },
        "incomplete_details": null,
        "usage": null,
        "response_format": "auto",
        "tool_choice": "auto",
        "parallel_tool_calls": true
      }
    },
    {
      "RequestUri": "https://Sanitized.api.azureml.ms/agents/v1.0/subscriptions/00000000-0000-0000-0000-000000000000/resourceGroups/00000/providers/Microsoft.MachineLearningServices/workspaces/00000/threads/thread_Faqp8bhPiu9ATtwC2tgsJFQy/runs/Sanitized?api-version=2025-05-15-preview",
      "RequestMethod": "GET",
      "RequestHeaders": {
        "Accept": "application/json",
        "Accept-Encoding": "gzip, deflate",
        "Connection": "keep-alive",
        "User-Agent": "azsdk-python-ai-assistants/1.0.0b1 Python/3.11.5 (Windows-10-10.0.26100-SP0)"
      },
      "RequestBody": null,
      "StatusCode": 200,
      "ResponseHeaders": {
        "apim-request-id": "74f50775-b37b-47c4-8c61-cdfd81b4182f",
        "Connection": "close",
        "Content-Encoding": "gzip",
        "Content-Type": "application/json",
        "Date": "Fri, 18 Apr 2025 04:46:01 GMT",
        "openai-organization": "20ba836fffc34ede8203166d666c74ef",
        "openai-processing-ms": "140",
        "openai-version": "2020-10-01",
        "Request-Context": "appId=cid-v1:2d2e8e63-272e-4b3c-8598-4ee570a0e70d",
        "Strict-Transport-Security": "max-age=31536000; includeSubDomains; preload",
        "Transfer-Encoding": "chunked",
        "Vary": "Accept-Encoding",
        "x-aml-cluster": "vienna-westus-02",
        "X-Content-Type-Options": "nosniff",
        "x-ms-middleware-request-id": "24e0b274-cb1d-4f80-99fa-7c8149633625",
        "x-ms-region": "West US",
        "x-ms-response-type": "standard",
        "X-Request-ID": "a1e8b4c0793970512f832082e9c8542a",
        "x-request-time": "0.395"
      },
      "ResponseBody": {
        "id": "run_RapeojE6XHlUl4k7xEckW5X1",
        "object": "thread.run",
        "created_at": 1744951515,
        "assistant_id": "asst_reX4EomlFOLUl69ppVbgblcP",
        "thread_id": "thread_Faqp8bhPiu9ATtwC2tgsJFQy",
        "status": "in_progress",
        "started_at": 1744951561,
        "expires_at": 1744987515,
        "cancelled_at": null,
        "failed_at": null,
        "completed_at": null,
        "required_action": null,
        "last_error": null,
        "model": "gpt-4",
        "instructions": "You are a helpful support assistant. Use the provided function any time the prompt contains the string 'What would foo say?'. When you invoke the function, ALWAYS specify the output queue uri parameter as 'https://foobar.queue.core.windows.net/azure-function-tool-output'. Always responds with \"Foo says\" and then the response from the tool.",
        "tools": [
          {
            "type": "azure_function",
            "azure_function": {
              "input_binding": {
                "type": "storage_queue",
                "storage_queue": {
                  "queue_service_endpoint": "https://foobar.queue.core.windows.net",
                  "queue_name": "azure-function-foo-input"
                }
              },
              "output_binding": {
                "type": "storage_queue",
                "storage_queue": {
                  "queue_service_endpoint": "https://foobar.queue.core.windows.net",
                  "queue_name": "azure-function-tool-output"
                }
              },
              "function": {
                "name": "foo",
                "description": "Get answers from the foo bot.",
                "parameters": {
                  "type": "object",
                  "properties": {
                    "query": {
                      "type": "string",
                      "description": "The question to ask."
                    },
                    "outputqueueuri": {
                      "type": "string",
                      "description": "The full output queue uri."
                    }
                  }
                }
              }
            }
          }
        ],
        "tool_resources": {},
        "metadata": {},
        "temperature": 1.0,
        "top_p": 1.0,
        "max_completion_tokens": null,
        "max_prompt_tokens": null,
        "truncation_strategy": {
          "type": "auto",
          "last_messages": null
        },
        "incomplete_details": null,
        "usage": null,
        "response_format": "auto",
        "tool_choice": "auto",
        "parallel_tool_calls": true
      }
    },
    {
      "RequestUri": "https://Sanitized.api.azureml.ms/agents/v1.0/subscriptions/00000000-0000-0000-0000-000000000000/resourceGroups/00000/providers/Microsoft.MachineLearningServices/workspaces/00000/threads/thread_Faqp8bhPiu9ATtwC2tgsJFQy/runs/Sanitized?api-version=2025-05-15-preview",
      "RequestMethod": "GET",
      "RequestHeaders": {
        "Accept": "application/json",
        "Accept-Encoding": "gzip, deflate",
        "Connection": "keep-alive",
        "User-Agent": "azsdk-python-ai-assistants/1.0.0b1 Python/3.11.5 (Windows-10-10.0.26100-SP0)"
      },
      "RequestBody": null,
      "StatusCode": 200,
      "ResponseHeaders": {
        "apim-request-id": "b475ca56-d545-4380-a48b-438aa3da4457",
        "Connection": "keep-alive",
        "Content-Encoding": "gzip",
        "Content-Type": "application/json",
        "Date": "Fri, 18 Apr 2025 04:46:03 GMT",
        "openai-organization": "20ba836fffc34ede8203166d666c74ef",
        "openai-processing-ms": "91",
        "openai-version": "2020-10-01",
        "Request-Context": "appId=cid-v1:2d2e8e63-272e-4b3c-8598-4ee570a0e70d",
        "Strict-Transport-Security": "max-age=31536000; includeSubDomains; preload",
        "Transfer-Encoding": "chunked",
        "Vary": "Accept-Encoding",
        "x-aml-cluster": "vienna-westus-01",
        "X-Content-Type-Options": "nosniff",
        "x-ms-middleware-request-id": "839cd464-82bc-47b0-b08f-252d209274bc",
        "x-ms-region": "West US",
        "x-ms-response-type": "standard",
        "X-Request-ID": "c7efecd31d8d383f27e75808b8d17af9",
        "x-request-time": "0.440"
      },
      "ResponseBody": {
        "id": "run_RapeojE6XHlUl4k7xEckW5X1",
        "object": "thread.run",
        "created_at": 1744951515,
        "assistant_id": "asst_reX4EomlFOLUl69ppVbgblcP",
        "thread_id": "thread_Faqp8bhPiu9ATtwC2tgsJFQy",
        "status": "completed",
        "started_at": 1744951561,
        "expires_at": null,
        "cancelled_at": null,
        "failed_at": null,
        "completed_at": 1744951562,
        "required_action": null,
        "last_error": null,
        "model": "gpt-4",
        "instructions": "You are a helpful support assistant. Use the provided function any time the prompt contains the string 'What would foo say?'. When you invoke the function, ALWAYS specify the output queue uri parameter as 'https://foobar.queue.core.windows.net/azure-function-tool-output'. Always responds with \"Foo says\" and then the response from the tool.",
        "tools": [
          {
            "type": "azure_function",
            "azure_function": {
              "input_binding": {
                "type": "storage_queue",
                "storage_queue": {
                  "queue_service_endpoint": "https://foobar.queue.core.windows.net",
                  "queue_name": "azure-function-foo-input"
                }
              },
              "output_binding": {
                "type": "storage_queue",
                "storage_queue": {
                  "queue_service_endpoint": "https://foobar.queue.core.windows.net",
                  "queue_name": "azure-function-tool-output"
                }
              },
              "function": {
                "name": "foo",
                "description": "Get answers from the foo bot.",
                "parameters": {
                  "type": "object",
                  "properties": {
                    "query": {
                      "type": "string",
                      "description": "The question to ask."
                    },
                    "outputqueueuri": {
                      "type": "string",
                      "description": "The full output queue uri."
                    }
                  }
                }
              }
            }
          }
        ],
        "tool_resources": {},
        "metadata": {},
        "temperature": 1.0,
        "top_p": 1.0,
        "max_completion_tokens": null,
        "max_prompt_tokens": null,
        "truncation_strategy": {
          "type": "auto",
          "last_messages": null
        },
        "incomplete_details": null,
        "usage": {
          "prompt_tokens": 392,
          "completion_tokens": 54,
          "total_tokens": 446,
          "prompt_token_details": {
            "cached_tokens": 0
          }
        },
        "response_format": "auto",
        "tool_choice": "auto",
        "parallel_tool_calls": true
      }
    },
    {
      "RequestUri": "https://Sanitized.api.azureml.ms/agents/v1.0/subscriptions/00000000-0000-0000-0000-000000000000/resourceGroups/00000/providers/Microsoft.MachineLearningServices/workspaces/00000/threads/thread_Faqp8bhPiu9ATtwC2tgsJFQy/messages?api-version=2025-05-15-preview",
      "RequestMethod": "GET",
      "RequestHeaders": {
        "Accept": "application/json",
        "Accept-Encoding": "gzip, deflate",
        "Connection": "keep-alive",
        "User-Agent": "azsdk-python-ai-assistants/1.0.0b1 Python/3.11.5 (Windows-10-10.0.26100-SP0)"
      },
      "RequestBody": null,
      "StatusCode": 200,
      "ResponseHeaders": {
        "apim-request-id": "127ff6a2-e7a2-4070-adc2-8411701c7eae",
        "Connection": "keep-alive",
        "Content-Encoding": "gzip",
        "Content-Type": "application/json",
        "Date": "Fri, 18 Apr 2025 04:46:03 GMT",
        "openai-organization": "20ba836fffc34ede8203166d666c74ef",
        "openai-processing-ms": "87",
        "openai-version": "2020-10-01",
        "Request-Context": "appId=cid-v1:2d2e8e63-272e-4b3c-8598-4ee570a0e70d",
        "Strict-Transport-Security": "max-age=31536000; includeSubDomains; preload",
        "Transfer-Encoding": "chunked",
        "Vary": "Accept-Encoding",
        "x-aml-cluster": "vienna-westus-01",
        "X-Content-Type-Options": "nosniff",
        "x-ms-middleware-request-id": "98aaae0d-47fa-499d-b6a1-2cb8803df56f",
        "x-ms-region": "West US",
        "x-ms-response-type": "standard",
        "X-Request-ID": "141f4c9bcb93ac45ec0255b91e933468",
        "x-request-time": "0.429"
      },
      "ResponseBody": {
        "object": "list",
        "data": [
          {
            "id": "msg_gEstheN9L6sPE7rsTQz7M3Bj",
            "object": "thread.message",
            "created_at": 1744951562,
            "assistant_id": "asst_reX4EomlFOLUl69ppVbgblcP",
            "thread_id": "thread_Faqp8bhPiu9ATtwC2tgsJFQy",
            "run_id": "run_RapeojE6XHlUl4k7xEckW5X1",
            "role": "assistant",
            "content": [
              {
                "type": "text",
                "text": {
                  "value": "Foo says Bar",
                  "annotations": []
                }
              }
            ],
            "attachments": [],
            "metadata": {}
          },
          {
            "id": "msg_omyRhhQBFTNM1evPdLmYaddt",
            "object": "thread.message",
            "created_at": 1744951515,
            "assistant_id": null,
            "thread_id": "thread_Faqp8bhPiu9ATtwC2tgsJFQy",
            "run_id": null,
            "role": "user",
            "content": [
              {
                "type": "text",
                "text": {
                  "value": "What is the most prevalent element in the universe? What would foo say?",
                  "annotations": []
                }
              }
            ],
            "attachments": [],
            "metadata": {}
          }
        ],
        "first_id": "msg_gEstheN9L6sPE7rsTQz7M3Bj",
        "last_id": "msg_omyRhhQBFTNM1evPdLmYaddt",
        "has_more": false
      }
    },
    {
      "RequestUri": "https://Sanitized.api.azureml.ms/agents/v1.0/subscriptions/00000000-0000-0000-0000-000000000000/resourceGroups/00000/providers/Microsoft.MachineLearningServices/workspaces/00000/assistants/asst_reX4EomlFOLUl69ppVbgblcP?api-version=2025-05-15-preview",
      "RequestMethod": "DELETE",
      "RequestHeaders": {
        "Accept": "application/json",
        "Accept-Encoding": "gzip, deflate",
        "Connection": "keep-alive",
        "Content-Length": "0",
        "User-Agent": "azsdk-python-ai-assistants/1.0.0b1 Python/3.11.5 (Windows-10-10.0.26100-SP0)"
      },
      "RequestBody": null,
      "StatusCode": 200,
      "ResponseHeaders": {
        "apim-request-id": "e1dea004-115e-4a35-8104-f5760add0be1",
        "Connection": "keep-alive",
        "Content-Length": "95",
        "Content-Type": "application/json",
        "Date": "Fri, 18 Apr 2025 04:46:04 GMT",
        "openai-organization": "20ba836fffc34ede8203166d666c74ef",
        "openai-processing-ms": "79",
        "openai-version": "2020-10-01",
        "Request-Context": "appId=cid-v1:2d2e8e63-272e-4b3c-8598-4ee570a0e70d",
        "Strict-Transport-Security": "max-age=31536000; includeSubDomains; preload",
        "x-aml-cluster": "vienna-westus-01",
        "X-Content-Type-Options": "nosniff",
        "x-ms-middleware-request-id": "6aa0a075-a420-4675-a373-ea36e650f207",
        "x-ms-region": "West US",
        "x-ms-response-type": "standard",
        "X-Request-ID": "b09679cfed96ba936c6b3a9e9bf7175c",
        "x-request-time": "0.475"
      },
      "ResponseBody": {
        "id": "asst_reX4EomlFOLUl69ppVbgblcP",
        "object": "assistant.deleted",
        "deleted": true
      }
    }
  ],
  "Variables": {}
}
