{
  "Entries": [
    {
      "RequestUri": "https://openai.azure.com/openai/assistants?api-version=2024-02-15-preview",
      "RequestMethod": "POST",
      "RequestHeaders": {
        "Accept": "application/json",
        "Accept-Encoding": "gzip",
        "Api-Key": "key",
        "Content-Length": "196",
        "Content-Type": "application/json",
        "Openai-Beta": "assistants=v1",
        "User-Agent": "azsdk-go-azopenaiassistants.Client/v0.1.0 (go1.20.6; linux)"
      },
      "RequestBody": {
        "instructions": "You are a personal math tutor. Write and run code to answer math questions.",
        "model": "gpt-4-1106-preview",
        "name": "your-assistant-name1x9wu3",
        "tools": [
          {
            "type": "code_interpreter"
          }
        ]
      },
      "StatusCode": 200,
      "ResponseHeaders": {
        "apim-request-id": "e7caa6b1-19f6-45e3-91d1-62dde97c11b7",
        "Content-Length": "387",
        "Content-Type": "application/json",
        "Date": "Wed, 28 Feb 2024 02:03:16 GMT",
        "Strict-Transport-Security": "max-age=31536000; includeSubDomains; preload",
        "X-Content-Type-Options": "nosniff",
        "x-ms-region": "Sweden Central",
        "x-ratelimit-remaining-requests": "9",
        "x-ratelimit-remaining-tokens": "9360",
        "X-Request-ID": "01e9a2d1-0b52-458b-9a35-2269c7ea8f95"
      },
      "ResponseBody": {
        "id": "asst_8PVj92Da2hgGdwnkLR2ifxQF",
        "object": "assistant",
        "created_at": 1709085796,
        "name": "your-assistant-name1x9wu3",
        "description": null,
        "model": "gpt-4-1106-preview",
        "instructions": "You are a personal math tutor. Write and run code to answer math questions.",
        "tools": [
          {
            "type": "code_interpreter"
          }
        ],
        "file_ids": [],
        "metadata": {}
      }
    },
    {
      "RequestUri": "https://openai.azure.com/openai/assistants?api-version=2024-02-15-preview\u0026limit=100",
      "RequestMethod": "GET",
      "RequestHeaders": {
        "Accept": "application/json",
        "Accept-Encoding": "gzip",
        "Api-Key": "key",
        "Openai-Beta": "assistants=v1",
        "User-Agent": "azsdk-go-azopenaiassistants.Client/v0.1.0 (go1.20.6; linux)"
      },
      "RequestBody": null,
      "StatusCode": 200,
      "ResponseHeaders": {
        "apim-request-id": "8a10c3c7-7c6d-497e-ae43-aba125c6ba49",
        "Content-Length": "23439",
        "Content-Type": "application/json",
        "Date": "Wed, 28 Feb 2024 02:03:16 GMT",
        "Strict-Transport-Security": "max-age=31536000; includeSubDomains; preload",
        "X-Content-Type-Options": "nosniff",
        "x-ms-region": "Sweden Central",
        "X-Request-ID": "9092a5fc-05bf-43e7-9fd3-6c1c3f1bb9f5"
      },
      "ResponseBody": {
        "object": "list",
        "data": [
          {
            "id": "asst_8PVj92Da2hgGdwnkLR2ifxQF",
            "object": "assistant",
            "created_at": 1709085796,
            "name": "your-assistant-name1x9wu3",
            "description": null,
            "model": "gpt-4-1106-preview",
            "instructions": "You are a personal math tutor. Write and run code to answer math questions.",
            "tools": [
              {
                "type": "code_interpreter"
              }
            ],
            "file_ids": [],
            "metadata": {}
          },
          {
            "id": "asst_7pTHkVUkBKyZMY1undiQtBVK",
            "object": "assistant",
            "created_at": 1708536351,
            "name": "your-assistant-name-1708536351210688700",
            "description": null,
            "model": "gpt-4-1106-preview",
            "instructions": "You are a personal math tutor. Write and run code to answer math questions.",
            "tools": [
              {
                "type": "code_interpreter"
              }
            ],
            "file_ids": [],
            "metadata": {}
          },
          {
            "id": "asst_hrCkNkiCz96bQ1PwDsGUzGuW",
            "object": "assistant",
            "created_at": 1707877117,
            "name": "python test",
            "description": null,
            "model": "gpt-4-1106-preview",
            "instructions": "You are a personal math tutor. Write and run code to answer math questions.",
            "tools": [
              {
                "type": "code_interpreter"
              }
            ],
            "file_ids": [],
            "metadata": {}
          },
          {
            "id": "asst_cTAEYzlMWgVKIQVm1iRsJZNv",
            "object": "assistant",
            "created_at": 1707775012,
            "name": "python test",
            "description": null,
            "model": "gpt-4-1106-preview",
            "instructions": "You are a personal math tutor. Write and run code to answer math questions.",
            "tools": [
              {
                "type": "code_interpreter"
              }
            ],
            "file_ids": [],
            "metadata": {}
          },
          {
            "id": "asst_crJo2hg9O9SmOQRqrg05E4x2",
            "object": "assistant",
            "created_at": 1707620790,
            "name": "rparkGeometricAssistant",
            "description": null,
            "model": "gpt-4-1106-preview",
            "instructions": "You are a helpful geometric assistant",
            "tools": [
              {
                "type": "code_interpreter"
              }
            ],
            "file_ids": [],
            "metadata": {}
          },
          {
            "id": "asst_3Mg7CJ0beOhJU2CHMEAxyAWS",
            "object": "assistant",
            "created_at": 1707620588,
            "name": "rparkGeometricAssistant",
            "description": null,
            "model": "gpt-4-1106-preview",
            "instructions": "You are a helpful geometric assistant",
            "tools": [],
            "file_ids": [],
            "metadata": {}
          },
          {
            "id": "asst_zzoQHlF8LGRjbWqTrtiO1Vjy",
            "object": "assistant",
            "created_at": 1707620502,
            "name": "rparkGeometricAssistant",
            "description": null,
            "model": "gpt-4-1106-preview",
            "instructions": "You are a helpful geometric assistant",
            "tools": [],
            "file_ids": [],
            "metadata": {}
          },
          {
            "id": "asst_bmvgoKYmj0i9RFOKeTicKdm6",
            "object": "assistant",
            "created_at": 1707620482,
            "name": "rparkGeometricAssistant",
            "description": null,
            "model": "gpt-4-1106-preview",
            "instructions": "You are a helpful geometric assistant",
            "tools": [],
            "file_ids": [],
            "metadata": {}
          },
          {
            "id": "asst_IanCKkTRjs0g9yI6dAUnLSVs",
            "object": "assistant",
            "created_at": 1707532443,
            "name": "your-assistant-nameakchil",
            "description": null,
            "model": "gpt-4-1106-preview",
            "instructions": "You are a personal math tutor. Write and run code to answer math questions.",
            "tools": [
              {
                "type": "code_interpreter"
              }
            ],
            "file_ids": [],
            "metadata": {}
          },
          {
            "id": "asst_1DKPe7a8MpMmNfUiPH8TGWUY",
            "object": "assistant",
            "created_at": 1707531422,
            "name": "your-assistant-nameb1wk7c",
            "description": null,
            "model": "gpt-4-1106-preview",
            "instructions": "You are a personal math tutor. Write and run code to answer math questions.",
            "tools": [
              {
                "type": "code_interpreter"
              }
            ],
            "file_ids": [],
            "metadata": {}
          },
          {
            "id": "asst_fmk1GZODWZKdG5Rok0G6BYQc",
            "object": "assistant",
            "created_at": 1707175346,
            "name": "python test",
            "description": null,
            "model": "gpt-4-1106-preview",
            "instructions": "You help answer questions about the weather.",
            "tools": [
              {
                "type": "function",
                "function": {
                  "name": "get_current_weather",
                  "description": "Get the current weather",
                  "parameters": {
                    "type": "object",
                    "properties": {
                      "location": {
                        "type": "string",
                        "description": "The city and state, e.g. San Francisco, CA"
                      },
                      "format": {
                        "type": "string",
                        "enum": [
                          "celsius",
                          "fahrenheit"
                        ],
                        "description": "The temperature unit to use. Infer this from the users location."
                      }
                    },
                    "required": [
                      "location"
                    ]
                  }
                }
              }
            ],
            "file_ids": [],
            "metadata": {}
          },
          {
            "id": "asst_1z5uXTMLZl4MoBCfHmdvV4g5",
            "object": "assistant",
            "created_at": 1707175296,
            "name": "python test",
            "description": null,
            "model": "gpt-4-1106-preview",
            "instructions": "You help answer questions about Contoso company policy.",
            "tools": [],
            "file_ids": [],
            "metadata": {}
          },
          {
            "id": "asst_9lOaAGEVUCb5IRMDl9S9zZcA",
            "object": "assistant",
            "created_at": 1707175241,
            "name": "python test",
            "description": null,
            "model": "gpt-4-1106-preview",
            "instructions": "You are a personal math tutor. Write and run code to answer math questions.",
            "tools": [
              {
                "type": "code_interpreter"
              }
            ],
            "file_ids": [],
            "metadata": {}
          },
          {
            "id": "asst_itTg8ydqMpJiOcGJTpRyVktt",
            "object": "assistant",
            "created_at": 1707175003,
            "name": "python test",
            "description": null,
            "model": "gpt-4-1106-preview",
            "instructions": "You are a personal math tutor. Write and run code to answer math questions.",
            "tools": [
              {
                "type": "code_interpreter"
              }
            ],
            "file_ids": [],
            "metadata": {}
          },
          {
            "id": "asst_C4yJYHDROirX8J6jXnAikTk4",
            "object": "assistant",
            "created_at": 1707174875,
            "name": "python test",
            "description": null,
            "model": "gpt-4-1106-preview",
            "instructions": "You are a personal math tutor. Write and run code to answer math questions.",
            "tools": [
              {
                "type": "code_interpreter"
              }
            ],
            "file_ids": [],
            "metadata": {}
          },
          {
            "id": "asst_P4LZvvrOeUVRwBK16AZMrmF1",
            "object": "assistant",
            "created_at": 1707174838,
            "name": "python test",
            "description": null,
            "model": "gpt-4-1106-preview",
            "instructions": "You are a personal math tutor. Write and run code to answer math questions.",
            "tools": [
              {
                "type": "code_interpreter"
              }
            ],
            "file_ids": [],
            "metadata": {
              "key": "value"
            }
          },
          {
            "id": "asst_8AXUn2g1FHoNNmReN1aibPzu",
            "object": "assistant",
            "created_at": 1707174769,
            "name": "python test",
            "description": null,
            "model": "gpt-4-1106-preview",
            "instructions": "You are a personal math tutor. Write and run code to answer math questions.",
            "tools": [
              {
                "type": "code_interpreter"
              }
            ],
            "file_ids": [],
            "metadata": {}
          },
          {
            "id": "asst_FllWkFJ0ebi3ljOuz2iBVjvq",
            "object": "assistant",
            "created_at": 1707174346,
            "name": "python test",
            "description": null,
            "model": "gpt-4-1106-preview",
            "instructions": "You help answer questions about the weather.",
            "tools": [
              {
                "type": "function",
                "function": {
                  "name": "get_current_weather",
                  "description": "Get the current weather",
                  "parameters": {
                    "type": "object",
                    "properties": {
                      "location": {
                        "type": "string",
                        "description": "The city and state, e.g. San Francisco, CA"
                      },
                      "format": {
                        "type": "string",
                        "enum": [
                          "celsius",
                          "fahrenheit"
                        ],
                        "description": "The temperature unit to use. Infer this from the users location."
                      }
                    },
                    "required": [
                      "location"
                    ]
                  }
                }
              }
            ],
            "file_ids": [],
            "metadata": {}
          },
          {
            "id": "asst_e77ee0TXnDAU6Hd6Ck4AJs8i",
            "object": "assistant",
            "created_at": 1707174196,
            "name": "python test",
            "description": null,
            "model": "gpt-4-1106-preview",
            "instructions": "You help answer questions about the weather.",
            "tools": [
              {
                "type": "function",
                "function": {
                  "name": "get_current_weather",
                  "description": "Get the current weather",
                  "parameters": {
                    "type": "object",
                    "properties": {
                      "location": {
                        "type": "string",
                        "description": "The city and state, e.g. San Francisco, CA"
                      },
                      "format": {
                        "type": "string",
                        "enum": [
                          "celsius",
                          "fahrenheit"
                        ],
                        "description": "The temperature unit to use. Infer this from the users location."
                      }
                    },
                    "required": [
                      "location"
                    ]
                  }
                }
              }
            ],
            "file_ids": [],
            "metadata": {}
          },
          {
            "id": "asst_COu83tN1wE4a5MbGNDPz452U",
            "object": "assistant",
            "created_at": 1707174018,
            "name": "python test",
            "description": null,
            "model": "gpt-4-1106-preview",
            "instructions": "You help answer questions about the weather.",
            "tools": [
              {
                "type": "function",
                "function": {
                  "name": "get_current_weather",
                  "description": "Get the current weather",
                  "parameters": {
                    "type": "object",
                    "properties": {
                      "location": {
                        "type": "string",
                        "description": "The city and state, e.g. San Francisco, CA"
                      },
                      "format": {
                        "type": "string",
                        "enum": [
                          "celsius",
                          "fahrenheit"
                        ],
                        "description": "The temperature unit to use. Infer this from the users location."
                      }
                    },
                    "required": [
                      "location"
                    ]
                  }
                }
              }
            ],
            "file_ids": [],
            "metadata": {}
          },
          {
            "id": "asst_pAcQ5tm6GVVl6hheWH4Oaj17",
            "object": "assistant",
            "created_at": 1707173927,
            "name": "python test",
            "description": null,
            "model": "gpt-4-1106-preview",
            "instructions": "You help answer questions about the weather.",
            "tools": [
              {
                "type": "function",
                "function": {
                  "name": "get_current_weather",
                  "description": "Get the current weather",
                  "parameters": {
                    "type": "object",
                    "properties": {
                      "location": {
                        "type": "string",
                        "description": "The city and state, e.g. San Francisco, CA"
                      },
                      "format": {
                        "type": "string",
                        "enum": [
                          "celsius",
                          "fahrenheit"
                        ],
                        "description": "The temperature unit to use. Infer this from the users location."
                      }
                    },
                    "required": [
                      "location"
                    ]
                  }
                }
              }
            ],
            "file_ids": [],
            "metadata": {}
          },
          {
            "id": "asst_Gl9GseDjv617SLRASg4sqL5J",
            "object": "assistant",
            "created_at": 1707173793,
            "name": "python test",
            "description": null,
            "model": "gpt-4-1106-preview",
            "instructions": "You help answer questions about the weather.",
            "tools": [
              {
                "type": "function",
                "function": {
                  "name": "get_current_weather",
                  "description": "Get the current weather",
                  "parameters": {
                    "type": "object",
                    "properties": {
                      "location": {
                        "type": "string",
                        "description": "The city and state, e.g. San Francisco, CA"
                      },
                      "format": {
                        "type": "string",
                        "enum": [
                          "celsius",
                          "fahrenheit"
                        ],
                        "description": "The temperature unit to use. Infer this from the users location."
                      }
                    },
                    "required": [
                      "location"
                    ]
                  }
                }
              }
            ],
            "file_ids": [],
            "metadata": {}
          },
          {
            "id": "asst_Y8Jd1RCt0ToSiwVdPkpTPx6F",
            "object": "assistant",
            "created_at": 1707173668,
            "name": "python test",
            "description": null,
            "model": "gpt-4-1106-preview",
            "instructions": "You help answer questions about the weather.",
            "tools": [
              {
                "type": "function",
                "function": {
                  "name": "get_current_weather",
                  "description": "Get the current weather",
                  "parameters": {
                    "type": "object",
                    "properties": {
                      "location": {
                        "type": "string",
                        "description": "The city and state, e.g. San Francisco, CA"
                      },
                      "format": {
                        "type": "string",
                        "enum": [
                          "celsius",
                          "fahrenheit"
                        ],
                        "description": "The temperature unit to use. Infer this from the users location."
                      }
                    },
                    "required": [
                      "location"
                    ]
                  }
                }
              }
            ],
            "file_ids": [],
            "metadata": {}
          },
          {
            "id": "asst_ash17a3B4l9NhTZF0KcvBMip",
            "object": "assistant",
            "created_at": 1707173360,
            "name": "python test",
            "description": null,
            "model": "gpt-4-1106-preview",
            "instructions": "You are a personal math tutor. Write and run code to answer math questions.",
            "tools": [
              {
                "type": "code_interpreter"
              }
            ],
            "file_ids": [],
            "metadata": {}
          },
          {
            "id": "asst_4UmcEZeW2y69FH9gg1d9KbmQ",
            "object": "assistant",
            "created_at": 1707173259,
            "name": "python test",
            "description": null,
            "model": "gpt-4-1106-preview",
            "instructions": "You are a personal math tutor. Write and run code to answer math questions.",
            "tools": [
              {
                "type": "code_interpreter"
              }
            ],
            "file_ids": [],
            "metadata": {}
          },
          {
            "id": "asst_PEazVebH0VjbJPj0OC2bvACS",
            "object": "assistant",
            "created_at": 1707172975,
            "name": "python test",
            "description": null,
            "model": "gpt-4-1106-preview",
            "instructions": "You are a personal math tutor. Write and run code to answer math questions.",
            "tools": [
              {
                "type": "code_interpreter"
              }
            ],
            "file_ids": [],
            "metadata": {}
          },
          {
            "id": "asst_1iu9GFRJ9NJ4Va8JM9XqfnWo",
            "object": "assistant",
            "created_at": 1707172935,
            "name": "python test",
            "description": null,
            "model": "gpt-4-1106-preview",
            "instructions": "You are a personal math tutor. Write and run code to answer math questions.",
            "tools": [
              {
                "type": "code_interpreter"
              }
            ],
            "file_ids": [],
            "metadata": {}
          },
          {
            "id": "asst_A70sXVixsWTN7LiKjhsblNdC",
            "object": "assistant",
            "created_at": 1707172732,
            "name": "python test",
            "description": null,
            "model": "gpt-4-1106-preview",
            "instructions": "You are a personal math tutor. Write and run code to answer math questions.",
            "tools": [
              {
                "type": "code_interpreter"
              }
            ],
            "file_ids": [],
            "metadata": {}
          },
          {
            "id": "asst_rm1qYelCXf4HpoppBIPnym5R",
            "object": "assistant",
            "created_at": 1707171924,
            "name": "python test",
            "description": null,
            "model": "gpt-4-1106-preview",
            "instructions": "You are a personal math tutor. Write and run code to answer math questions.",
            "tools": [
              {
                "type": "code_interpreter"
              }
            ],
            "file_ids": [],
            "metadata": {
              "key": "value"
            }
          },
          {
            "id": "asst_HWfXHzuBYhzVWyzHwdLJwp7q",
            "object": "assistant",
            "created_at": 1707171355,
            "name": "python test",
            "description": null,
            "model": "gpt-4-1106-preview",
            "instructions": "You help answer questions about the weather.",
            "tools": [
              {
                "type": "function",
                "function": {
                  "name": "get_current_weather",
                  "description": "Get the current weather",
                  "parameters": {
                    "type": "object",
                    "properties": {
                      "location": {
                        "type": "string",
                        "description": "The city and state, e.g. San Francisco, CA"
                      },
                      "format": {
                        "type": "string",
                        "enum": [
                          "celsius",
                          "fahrenheit"
                        ],
                        "description": "The temperature unit to use. Infer this from the users location."
                      }
                    },
                    "required": [
                      "location"
                    ]
                  }
                }
              }
            ],
            "file_ids": [],
            "metadata": {}
          },
          {
            "id": "asst_8o5tQayCH0k2h4o0JY5XOibv",
            "object": "assistant",
            "created_at": 1707171313,
            "name": "python test",
            "description": null,
            "model": "gpt-4-1106-preview",
            "instructions": "You are a personal math tutor. Write and run code to answer math questions.",
            "tools": [
              {
                "type": "code_interpreter"
              }
            ],
            "file_ids": [],
            "metadata": {}
          },
          {
            "id": "asst_Ar2wJz7EQllEr1vuGgej1TV5",
            "object": "assistant",
            "created_at": 1707171134,
            "name": "python test",
            "description": null,
            "model": "gpt-4-1106-preview",
            "instructions": "You are a personal math tutor. Write and run code to answer math questions.",
            "tools": [
              {
                "type": "code_interpreter"
              }
            ],
            "file_ids": [],
            "metadata": {
              "key": "value"
            }
          },
          {
            "id": "asst_eMxMzd6AWJy6wTbgWu23vb8s",
            "object": "assistant",
            "created_at": 1707168906,
            "name": "python test",
            "description": null,
            "model": "gpt-4-1106-preview",
            "instructions": "You are a personal math tutor. Write and run code to answer math questions.",
            "tools": [
              {
                "type": "code_interpreter"
              }
            ],
            "file_ids": [],
            "metadata": {
              "key": "value"
            }
          },
          {
            "id": "asst_0YC9teIKIyOO1QF2Inohi5C0",
            "object": "assistant",
            "created_at": 1707168069,
            "name": "python test",
            "description": null,
            "model": "gpt-4-1106-preview",
            "instructions": "You help answer questions about the weather.",
            "tools": [
              {
                "type": "function",
                "function": {
                  "name": "get_current_weather",
                  "description": "Get the current weather",
                  "parameters": {
                    "type": "object",
                    "properties": {
                      "location": {
                        "type": "string",
                        "description": "The city and state, e.g. San Francisco, CA"
                      },
                      "format": {
                        "type": "string",
                        "enum": [
                          "celsius",
                          "fahrenheit"
                        ],
                        "description": "The temperature unit to use. Infer this from the users location."
                      }
                    },
                    "required": [
                      "location"
                    ]
                  }
                }
              }
            ],
            "file_ids": [],
            "metadata": {}
          },
          {
            "id": "asst_Xsg1HzHpAuxBZrlyDksa5kQF",
            "object": "assistant",
            "created_at": 1707168062,
            "name": "python test",
            "description": null,
            "model": "gpt-4-1106-preview",
            "instructions": "You are a personal math tutor. Write and run code to answer math questions.",
            "tools": [
              {
                "type": "code_interpreter"
              }
            ],
            "file_ids": [],
            "metadata": {}
          },
          {
            "id": "asst_W3XUnItbNk6NF6YnxO4i8HyF",
            "object": "assistant",
            "created_at": 1707168043,
            "name": "python test",
            "description": null,
            "model": "gpt-4-1106-preview",
            "instructions": "You are a personal math tutor. Write and run code to answer math questions.",
            "tools": [
              {
                "type": "code_interpreter"
              }
            ],
            "file_ids": [],
            "metadata": {
              "key": "value"
            }
          },
          {
            "id": "asst_VdZmpQFQVfZeXiaKoYuDTs6v",
            "object": "assistant",
            "created_at": 1707167699,
            "name": "python test",
            "description": null,
            "model": "gpt-4-1106-preview",
            "instructions": "You are a personal math tutor. Write and run code to answer math questions.",
            "tools": [
              {
                "type": "code_interpreter"
              }
            ],
            "file_ids": [],
            "metadata": {
              "key": "value"
            }
          },
          {
            "id": "asst_T4O8PVtWXPkZNZfv8u8fsgaK",
            "object": "assistant",
            "created_at": 1707167328,
            "name": "python test",
            "description": null,
            "model": "gpt-4-1106-preview",
            "instructions": "You are a personal math tutor. Write and run code to answer math questions.",
            "tools": [
              {
                "type": "code_interpreter"
              }
            ],
            "file_ids": [],
            "metadata": {
              "key": "value"
            }
          }
        ],
        "first_id": "asst_8PVj92Da2hgGdwnkLR2ifxQF",
        "last_id": "asst_T4O8PVtWXPkZNZfv8u8fsgaK",
        "has_more": false
      }
    },
    {
      "RequestUri": "https://openai.azure.com/openai/assistants/asst_8PVj92Da2hgGdwnkLR2ifxQF?api-version=2024-02-15-preview",
      "RequestMethod": "DELETE",
      "RequestHeaders": {
        "Accept": "application/json",
        "Accept-Encoding": "gzip",
        "Api-Key": "key",
        "Openai-Beta": "assistants=v1",
        "User-Agent": "azsdk-go-azopenaiassistants.Client/v0.1.0 (go1.20.6; linux)"
      },
      "RequestBody": null,
      "StatusCode": 200,
      "ResponseHeaders": {
        "apim-request-id": "f7b2bab7-4261-40ed-a9bd-43d441bf2efe",
        "Content-Length": "95",
        "Content-Type": "application/json",
        "Date": "Wed, 28 Feb 2024 02:03:17 GMT",
        "Strict-Transport-Security": "max-age=31536000; includeSubDomains; preload",
        "X-Content-Type-Options": "nosniff",
        "x-ms-region": "Sweden Central",
        "X-Request-ID": "46f708ee-9d2c-4405-814f-656243d8301a"
      },
      "ResponseBody": {
        "id": "asst_8PVj92Da2hgGdwnkLR2ifxQF",
        "object": "assistant.deleted",
        "deleted": true
      }
    }
  ],
  "Variables": {
    "randSeed": "1709085796"
  }
}
