{
  "Entries": [
    {
      "RequestUri": "https://Sanitized.vault.azure.net/secrets/listSecretName-canlistdeletedsecretsbypage-0?api-version=7.5",
      "RequestMethod": "PUT",
      "RequestHeaders": {
        "Accept": "application/json",
        "Accept-Encoding": "gzip,deflate",
        "Connection": "keep-alive",
        "Content-Length": "0",
        "Content-Type": "application/json",
        "User-Agent": "azsdk-js-keyvault-secrets/4.8.1 core-rest-pipeline/1.16.1 Node/20.12.2 OS/(x64-Linux-5.15.146.1-microsoft-standard-WSL2)",
        "x-ms-client-request-id": "Sanitized"
      },
      "RequestBody": null,
      "StatusCode": 401,
      "ResponseHeaders": {
        "Cache-Control": "no-cache",
        "Content-Length": "97",
        "Content-Type": "application/json; charset=utf-8",
        "Date": "Fri, 07 Jun 2024 16:02:41 GMT",
        "Expires": "-1",
        "Pragma": "no-cache",
        "Strict-Transport-Security": "max-age=31536000;includeSubDomains",
        "WWW-Authenticate": "Bearer authorization=\"https://login.microsoftonline.com/72f988bf-86f1-41af-91ab-2d7cd011db47\", resource=\"https://vault.azure.net\"",
        "X-Content-Type-Options": "nosniff",
        "x-ms-client-request-id": "Sanitized",
        "x-ms-keyvault-network-info": "conn_type=Ipv4;addr=131.107.1.185;act_addr_fam=InterNetwork;",
        "x-ms-keyvault-region": "westus",
        "x-ms-keyvault-service-version": "1.9.1504.1",
        "x-ms-request-id": "Sanitized"
      },
      "ResponseBody": {
        "error": {
          "code": "Unauthorized",
          "message": "AKV10000: Request is missing a Bearer or PoP token."
        }
      }
    },
    {
      "RequestUri": "https://Sanitized.vault.azure.net/secrets/listSecretName-canlistdeletedsecretsbypage-0?api-version=7.5",
      "RequestMethod": "PUT",
      "RequestHeaders": {
        "Accept": "application/json",
        "Accept-Encoding": "gzip,deflate",
        "Authorization": "Sanitized",
        "Connection": "keep-alive",
        "Content-Length": "31",
        "Content-Type": "application/json",
        "User-Agent": "azsdk-js-keyvault-secrets/4.8.1 core-rest-pipeline/1.16.1 Node/20.12.2 OS/(x64-Linux-5.15.146.1-microsoft-standard-WSL2)",
        "x-ms-client-request-id": "Sanitized"
      },
      "RequestBody": {
        "value": "RSA",
        "attributes": {}
      },
      "StatusCode": 200,
      "ResponseHeaders": {
        "Cache-Control": "no-cache",
        "Content-Length": "288",
        "Content-Type": "application/json; charset=utf-8",
        "Date": "Fri, 07 Jun 2024 16:02:43 GMT",
        "Expires": "-1",
        "Pragma": "no-cache",
        "Strict-Transport-Security": "max-age=31536000;includeSubDomains",
        "X-Content-Type-Options": "nosniff",
        "x-ms-client-request-id": "Sanitized",
        "x-ms-keyvault-network-info": "conn_type=Ipv4;addr=131.107.1.185;act_addr_fam=InterNetwork;",
        "x-ms-keyvault-rbac-assignment-id": "effcde4ed8cf56e2a589b88abe5107bc",
        "x-ms-keyvault-region": "westus",
        "x-ms-keyvault-service-version": "1.9.1504.1",
        "x-ms-request-id": "Sanitized"
      },
      "ResponseBody": {
        "value": "RSA",
        "id": "https://keyvault_name.vault.azure.net/secrets/listSecretName-canlistdeletedsecretsbypage-0/0ad6efd87a4147fca0874fcd66c53b98",
        "attributes": {
          "enabled": true,
          "created": 1717776164,
          "updated": 1717776164,
          "recoveryLevel": "CustomizedRecoverable+Purgeable",
          "recoverableDays": 7
        }
      }
    },
    {
      "RequestUri": "https://Sanitized.vault.azure.net/secrets/listSecretName-canlistdeletedsecretsbypage-1?api-version=7.5",
      "RequestMethod": "PUT",
      "RequestHeaders": {
        "Accept": "application/json",
        "Accept-Encoding": "gzip,deflate",
        "Authorization": "Sanitized",
        "Connection": "keep-alive",
        "Content-Length": "31",
        "Content-Type": "application/json",
        "User-Agent": "azsdk-js-keyvault-secrets/4.8.1 core-rest-pipeline/1.16.1 Node/20.12.2 OS/(x64-Linux-5.15.146.1-microsoft-standard-WSL2)",
        "x-ms-client-request-id": "Sanitized"
      },
      "RequestBody": {
        "value": "RSA",
        "attributes": {}
      },
      "StatusCode": 200,
      "ResponseHeaders": {
        "Cache-Control": "no-cache",
        "Content-Length": "288",
        "Content-Type": "application/json; charset=utf-8",
        "Date": "Fri, 07 Jun 2024 16:02:45 GMT",
        "Expires": "-1",
        "Pragma": "no-cache",
        "Strict-Transport-Security": "max-age=31536000;includeSubDomains",
        "X-Content-Type-Options": "nosniff",
        "x-ms-client-request-id": "Sanitized",
        "x-ms-keyvault-network-info": "conn_type=Ipv4;addr=131.107.1.185;act_addr_fam=InterNetwork;",
        "x-ms-keyvault-rbac-assignment-id": "effcde4ed8cf56e2a589b88abe5107bc",
        "x-ms-keyvault-region": "westus",
        "x-ms-keyvault-service-version": "1.9.1504.1",
        "x-ms-request-id": "Sanitized"
      },
      "ResponseBody": {
        "value": "RSA",
        "id": "https://keyvault_name.vault.azure.net/secrets/listSecretName-canlistdeletedsecretsbypage-1/67df35f03eb4471f98795e93c04c72aa",
        "attributes": {
          "enabled": true,
          "created": 1717776166,
          "updated": 1717776166,
          "recoveryLevel": "CustomizedRecoverable+Purgeable",
          "recoverableDays": 7
        }
      }
    },
    {
      "RequestUri": "https://Sanitized.vault.azure.net/secrets/listSecretName-canlistdeletedsecretsbypage-0?api-version=7.5",
      "RequestMethod": "DELETE",
      "RequestHeaders": {
        "Accept": "application/json",
        "Accept-Encoding": "gzip,deflate",
        "Authorization": "Sanitized",
        "Connection": "keep-alive",
        "User-Agent": "azsdk-js-keyvault-secrets/4.8.1 core-rest-pipeline/1.16.1 Node/20.12.2 OS/(x64-Linux-5.15.146.1-microsoft-standard-WSL2)",
        "x-ms-client-request-id": "Sanitized"
      },
      "RequestBody": null,
      "StatusCode": 200,
      "ResponseHeaders": {
        "Cache-Control": "no-cache",
        "Content-Length": "444",
        "Content-Type": "application/json; charset=utf-8",
        "Date": "Fri, 07 Jun 2024 16:02:45 GMT",
        "Expires": "-1",
        "Pragma": "no-cache",
        "Strict-Transport-Security": "max-age=31536000;includeSubDomains",
        "X-Content-Type-Options": "nosniff",
        "x-ms-client-request-id": "Sanitized",
        "x-ms-keyvault-network-info": "conn_type=Ipv4;addr=131.107.1.185;act_addr_fam=InterNetwork;",
        "x-ms-keyvault-rbac-assignment-id": "effcde4ed8cf56e2a589b88abe5107bc",
        "x-ms-keyvault-region": "westus",
        "x-ms-keyvault-service-version": "1.9.1504.1",
        "x-ms-request-id": "Sanitized"
      },
      "ResponseBody": {
        "recoveryId": "https://keyvault_name.vault.azure.net/deletedsecrets/listSecretName-canlistdeletedsecretsbypage-0",
        "deletedDate": 1717776166,
        "scheduledPurgeDate": 1718380966,
        "id": "https://keyvault_name.vault.azure.net/secrets/listSecretName-canlistdeletedsecretsbypage-0/0ad6efd87a4147fca0874fcd66c53b98",
        "attributes": {
          "enabled": true,
          "created": 1717776164,
          "updated": 1717776164,
          "recoveryLevel": "CustomizedRecoverable+Purgeable",
          "recoverableDays": 7
        }
      }
    },
    {
      "RequestUri": "https://Sanitized.vault.azure.net/deletedsecrets/listSecretName-canlistdeletedsecretsbypage-0?api-version=7.5",
      "RequestMethod": "GET",
      "RequestHeaders": {
        "Accept": "application/json",
        "Accept-Encoding": "gzip,deflate",
        "Authorization": "Sanitized",
        "Connection": "keep-alive",
        "User-Agent": "azsdk-js-keyvault-secrets/4.8.1 core-rest-pipeline/1.16.1 Node/20.12.2 OS/(x64-Linux-5.15.146.1-microsoft-standard-WSL2)",
        "x-ms-client-request-id": "Sanitized"
      },
      "RequestBody": null,
      "StatusCode": 404,
      "ResponseHeaders": {
        "Cache-Control": "no-cache",
        "Content-Length": "118",
        "Content-Type": "application/json; charset=utf-8",
        "Date": "Fri, 07 Jun 2024 16:02:45 GMT",
        "Expires": "-1",
        "Pragma": "no-cache",
        "Strict-Transport-Security": "max-age=31536000;includeSubDomains",
        "X-Content-Type-Options": "nosniff",
        "x-ms-client-request-id": "Sanitized",
        "x-ms-keyvault-network-info": "conn_type=Ipv4;addr=131.107.1.185;act_addr_fam=InterNetwork;",
        "x-ms-keyvault-rbac-assignment-id": "effcde4ed8cf56e2a589b88abe5107bc",
        "x-ms-keyvault-region": "westus",
        "x-ms-keyvault-service-version": "1.9.1504.1",
        "x-ms-request-id": "Sanitized"
      },
      "ResponseBody": {
        "error": {
          "code": "SecretNotFound",
          "message": "Deleted Secret not found: listSecretName-canlistdeletedsecretsbypage-0"
        }
      }
    },
    {
      "RequestUri": "https://Sanitized.vault.azure.net/deletedsecrets/listSecretName-canlistdeletedsecretsbypage-0?api-version=7.5",
      "RequestMethod": "GET",
      "RequestHeaders": {
        "Accept": "application/json",
        "Accept-Encoding": "gzip,deflate",
        "Authorization": "Sanitized",
        "Connection": "keep-alive",
        "User-Agent": "azsdk-js-keyvault-secrets/4.8.1 core-rest-pipeline/1.16.1 Node/20.12.2 OS/(x64-Linux-5.15.146.1-microsoft-standard-WSL2)",
        "x-ms-client-request-id": "Sanitized"
      },
      "RequestBody": null,
      "StatusCode": 404,
      "ResponseHeaders": {
        "Cache-Control": "no-cache",
        "Content-Length": "118",
        "Content-Type": "application/json; charset=utf-8",
        "Date": "Fri, 07 Jun 2024 16:02:45 GMT",
        "Expires": "-1",
        "Pragma": "no-cache",
        "Strict-Transport-Security": "max-age=31536000;includeSubDomains",
        "X-Content-Type-Options": "nosniff",
        "x-ms-client-request-id": "Sanitized",
        "x-ms-keyvault-network-info": "conn_type=Ipv4;addr=131.107.1.185;act_addr_fam=InterNetwork;",
        "x-ms-keyvault-rbac-assignment-id": "effcde4ed8cf56e2a589b88abe5107bc",
        "x-ms-keyvault-region": "westus",
        "x-ms-keyvault-service-version": "1.9.1504.1",
        "x-ms-request-id": "Sanitized"
      },
      "ResponseBody": {
        "error": {
          "code": "SecretNotFound",
          "message": "Deleted Secret not found: listSecretName-canlistdeletedsecretsbypage-0"
        }
      }
    },
    {
      "RequestUri": "https://Sanitized.vault.azure.net/deletedsecrets/listSecretName-canlistdeletedsecretsbypage-0?api-version=7.5",
      "RequestMethod": "GET",
      "RequestHeaders": {
        "Accept": "application/json",
        "Accept-Encoding": "gzip,deflate",
        "Authorization": "Sanitized",
        "Connection": "keep-alive",
        "User-Agent": "azsdk-js-keyvault-secrets/4.8.1 core-rest-pipeline/1.16.1 Node/20.12.2 OS/(x64-Linux-5.15.146.1-microsoft-standard-WSL2)",
        "x-ms-client-request-id": "Sanitized"
      },
      "RequestBody": null,
      "StatusCode": 200,
      "ResponseHeaders": {
        "Cache-Control": "no-cache",
        "Content-Length": "444",
        "Content-Type": "application/json; charset=utf-8",
        "Date": "Fri, 07 Jun 2024 16:02:51 GMT",
        "Expires": "-1",
        "Pragma": "no-cache",
        "Strict-Transport-Security": "max-age=31536000;includeSubDomains",
        "X-Content-Type-Options": "nosniff",
        "x-ms-client-request-id": "Sanitized",
        "x-ms-keyvault-network-info": "conn_type=Ipv4;addr=131.107.1.185;act_addr_fam=InterNetwork;",
        "x-ms-keyvault-rbac-assignment-id": "effcde4ed8cf56e2a589b88abe5107bc",
        "x-ms-keyvault-region": "westus",
        "x-ms-keyvault-service-version": "1.9.1504.1",
        "x-ms-request-id": "Sanitized"
      },
      "ResponseBody": {
        "recoveryId": "https://keyvault_name.vault.azure.net/deletedsecrets/listSecretName-canlistdeletedsecretsbypage-0",
        "deletedDate": 1717776166,
        "scheduledPurgeDate": 1718380966,
        "id": "https://keyvault_name.vault.azure.net/secrets/listSecretName-canlistdeletedsecretsbypage-0/0ad6efd87a4147fca0874fcd66c53b98",
        "attributes": {
          "enabled": true,
          "created": 1717776164,
          "updated": 1717776164,
          "recoveryLevel": "CustomizedRecoverable+Purgeable",
          "recoverableDays": 7
        }
      }
    },
    {
      "RequestUri": "https://Sanitized.vault.azure.net/secrets/listSecretName-canlistdeletedsecretsbypage-1?api-version=7.5",
      "RequestMethod": "DELETE",
      "RequestHeaders": {
        "Accept": "application/json",
        "Accept-Encoding": "gzip,deflate",
        "Authorization": "Sanitized",
        "Connection": "keep-alive",
        "User-Agent": "azsdk-js-keyvault-secrets/4.8.1 core-rest-pipeline/1.16.1 Node/20.12.2 OS/(x64-Linux-5.15.146.1-microsoft-standard-WSL2)",
        "x-ms-client-request-id": "Sanitized"
      },
      "RequestBody": null,
      "StatusCode": 200,
      "ResponseHeaders": {
        "Cache-Control": "no-cache",
        "Content-Length": "444",
        "Content-Type": "application/json; charset=utf-8",
        "Date": "Fri, 07 Jun 2024 16:02:51 GMT",
        "Expires": "-1",
        "Pragma": "no-cache",
        "Strict-Transport-Security": "max-age=31536000;includeSubDomains",
        "X-Content-Type-Options": "nosniff",
        "x-ms-client-request-id": "Sanitized",
        "x-ms-keyvault-network-info": "conn_type=Ipv4;addr=131.107.1.185;act_addr_fam=InterNetwork;",
        "x-ms-keyvault-rbac-assignment-id": "effcde4ed8cf56e2a589b88abe5107bc",
        "x-ms-keyvault-region": "westus",
        "x-ms-keyvault-service-version": "1.9.1504.1",
        "x-ms-request-id": "Sanitized"
      },
      "ResponseBody": {
        "recoveryId": "https://keyvault_name.vault.azure.net/deletedsecrets/listSecretName-canlistdeletedsecretsbypage-1",
        "deletedDate": 1717776171,
        "scheduledPurgeDate": 1718380971,
        "id": "https://keyvault_name.vault.azure.net/secrets/listSecretName-canlistdeletedsecretsbypage-1/67df35f03eb4471f98795e93c04c72aa",
        "attributes": {
          "enabled": true,
          "created": 1717776166,
          "updated": 1717776166,
          "recoveryLevel": "CustomizedRecoverable+Purgeable",
          "recoverableDays": 7
        }
      }
    },
    {
      "RequestUri": "https://Sanitized.vault.azure.net/deletedsecrets/listSecretName-canlistdeletedsecretsbypage-1?api-version=7.5",
      "RequestMethod": "GET",
      "RequestHeaders": {
        "Accept": "application/json",
        "Accept-Encoding": "gzip,deflate",
        "Authorization": "Sanitized",
        "Connection": "keep-alive",
        "User-Agent": "azsdk-js-keyvault-secrets/4.8.1 core-rest-pipeline/1.16.1 Node/20.12.2 OS/(x64-Linux-5.15.146.1-microsoft-standard-WSL2)",
        "x-ms-client-request-id": "Sanitized"
      },
      "RequestBody": null,
      "StatusCode": 404,
      "ResponseHeaders": {
        "Cache-Control": "no-cache",
        "Content-Length": "118",
        "Content-Type": "application/json; charset=utf-8",
        "Date": "Fri, 07 Jun 2024 16:02:51 GMT",
        "Expires": "-1",
        "Pragma": "no-cache",
        "Strict-Transport-Security": "max-age=31536000;includeSubDomains",
        "X-Content-Type-Options": "nosniff",
        "x-ms-client-request-id": "Sanitized",
        "x-ms-keyvault-network-info": "conn_type=Ipv4;addr=131.107.1.185;act_addr_fam=InterNetwork;",
        "x-ms-keyvault-rbac-assignment-id": "effcde4ed8cf56e2a589b88abe5107bc",
        "x-ms-keyvault-region": "westus",
        "x-ms-keyvault-service-version": "1.9.1504.1",
        "x-ms-request-id": "Sanitized"
      },
      "ResponseBody": {
        "error": {
          "code": "SecretNotFound",
          "message": "Deleted Secret not found: listSecretName-canlistdeletedsecretsbypage-1"
        }
      }
    },
    {
      "RequestUri": "https://Sanitized.vault.azure.net/deletedsecrets/listSecretName-canlistdeletedsecretsbypage-1?api-version=7.5",
      "RequestMethod": "GET",
      "RequestHeaders": {
        "Accept": "application/json",
        "Accept-Encoding": "gzip,deflate",
        "Authorization": "Sanitized",
        "Connection": "keep-alive",
        "User-Agent": "azsdk-js-keyvault-secrets/4.8.1 core-rest-pipeline/1.16.1 Node/20.12.2 OS/(x64-Linux-5.15.146.1-microsoft-standard-WSL2)",
        "x-ms-client-request-id": "Sanitized"
      },
      "RequestBody": null,
      "StatusCode": 404,
      "ResponseHeaders": {
        "Cache-Control": "no-cache",
        "Content-Length": "118",
        "Content-Type": "application/json; charset=utf-8",
        "Date": "Fri, 07 Jun 2024 16:02:51 GMT",
        "Expires": "-1",
        "Pragma": "no-cache",
        "Strict-Transport-Security": "max-age=31536000;includeSubDomains",
        "X-Content-Type-Options": "nosniff",
        "x-ms-client-request-id": "Sanitized",
        "x-ms-keyvault-network-info": "conn_type=Ipv4;addr=131.107.1.185;act_addr_fam=InterNetwork;",
        "x-ms-keyvault-rbac-assignment-id": "effcde4ed8cf56e2a589b88abe5107bc",
        "x-ms-keyvault-region": "westus",
        "x-ms-keyvault-service-version": "1.9.1504.1",
        "x-ms-request-id": "Sanitized"
      },
      "ResponseBody": {
        "error": {
          "code": "SecretNotFound",
          "message": "Deleted Secret not found: listSecretName-canlistdeletedsecretsbypage-1"
        }
      }
    },
    {
      "RequestUri": "https://Sanitized.vault.azure.net/deletedsecrets/listSecretName-canlistdeletedsecretsbypage-1?api-version=7.5",
      "RequestMethod": "GET",
      "RequestHeaders": {
        "Accept": "application/json",
        "Accept-Encoding": "gzip,deflate",
        "Authorization": "Sanitized",
        "Connection": "keep-alive",
        "User-Agent": "azsdk-js-keyvault-secrets/4.8.1 core-rest-pipeline/1.16.1 Node/20.12.2 OS/(x64-Linux-5.15.146.1-microsoft-standard-WSL2)",
        "x-ms-client-request-id": "Sanitized"
      },
      "RequestBody": null,
      "StatusCode": 200,
      "ResponseHeaders": {
        "Cache-Control": "no-cache",
        "Content-Length": "444",
        "Content-Type": "application/json; charset=utf-8",
        "Date": "Fri, 07 Jun 2024 16:02:56 GMT",
        "Expires": "-1",
        "Pragma": "no-cache",
        "Strict-Transport-Security": "max-age=31536000;includeSubDomains",
        "X-Content-Type-Options": "nosniff",
        "x-ms-client-request-id": "Sanitized",
        "x-ms-keyvault-network-info": "conn_type=Ipv4;addr=131.107.1.185;act_addr_fam=InterNetwork;",
        "x-ms-keyvault-rbac-assignment-id": "effcde4ed8cf56e2a589b88abe5107bc",
        "x-ms-keyvault-region": "westus",
        "x-ms-keyvault-service-version": "1.9.1504.1",
        "x-ms-request-id": "Sanitized"
      },
      "ResponseBody": {
        "recoveryId": "https://keyvault_name.vault.azure.net/deletedsecrets/listSecretName-canlistdeletedsecretsbypage-1",
        "deletedDate": 1717776171,
        "scheduledPurgeDate": 1718380971,
        "id": "https://keyvault_name.vault.azure.net/secrets/listSecretName-canlistdeletedsecretsbypage-1/67df35f03eb4471f98795e93c04c72aa",
        "attributes": {
          "enabled": true,
          "created": 1717776166,
          "updated": 1717776166,
          "recoveryLevel": "CustomizedRecoverable+Purgeable",
          "recoverableDays": 7
        }
      }
    },
    {
      "RequestUri": "https://Sanitized.vault.azure.net/deletedsecrets?api-version=7.5&maxresults=1",
      "RequestMethod": "GET",
      "RequestHeaders": {
        "Accept": "application/json",
        "Accept-Encoding": "gzip,deflate",
        "Authorization": "Sanitized",
        "Connection": "keep-alive",
        "User-Agent": "azsdk-js-keyvault-secrets/4.8.1 core-rest-pipeline/1.16.1 Node/20.12.2 OS/(x64-Linux-5.15.146.1-microsoft-standard-WSL2)",
        "x-ms-client-request-id": "Sanitized"
      },
      "RequestBody": null,
      "StatusCode": 200,
      "ResponseHeaders": {
        "Cache-Control": "no-cache",
        "Content-Length": "565",
        "Content-Type": "application/json; charset=utf-8",
        "Date": "Fri, 07 Jun 2024 16:02:56 GMT",
        "Expires": "-1",
        "Pragma": "no-cache",
        "Strict-Transport-Security": "max-age=31536000;includeSubDomains",
        "X-Content-Type-Options": "nosniff",
        "x-ms-client-request-id": "Sanitized",
        "x-ms-keyvault-network-info": "conn_type=Ipv4;addr=131.107.1.185;act_addr_fam=InterNetwork;",
        "x-ms-keyvault-rbac-assignment-id": "effcde4ed8cf56e2a589b88abe5107bc",
        "x-ms-keyvault-region": "westus",
        "x-ms-keyvault-service-version": "1.9.1504.1",
        "x-ms-request-id": "Sanitized"
      },
      "ResponseBody": {
        "value": [
          {
            "recoveryId": "https://keyvault_name.vault.azure.net/deletedsecrets/listSecretName-canlistdeletedsecrets-091077691085000190",
            "deletedDate": 1717776143,
            "scheduledPurgeDate": 1718380943,
            "id": "https://keyvault_name.vault.azure.net/secrets/listSecretName-canlistdeletedsecrets-091077691085000190",
            "attributes": {
              "enabled": true,
              "created": 1717776141,
              "updated": 1717776141,
              "recoveryLevel": "CustomizedRecoverable+Purgeable",
              "recoverableDays": 7
            }
          }
        ],
        "nextLink": "https://keyvault_name.vault.azure.net:443/deletedsecrets?api-version=7.5&$skiptoken=Sanitized&maxresults=1"
      }
    },
    {
      "RequestUri": "https://Sanitized.vault.azure.net/deletedsecrets?api-version=7.5&$skiptoken=Sanitized&maxresults=1",
      "RequestMethod": "GET",
      "RequestHeaders": {
        "Accept": "application/json",
        "Accept-Encoding": "gzip,deflate",
        "Authorization": "Sanitized",
        "Connection": "keep-alive",
        "User-Agent": "azsdk-js-keyvault-secrets/4.8.1 core-rest-pipeline/1.16.1 Node/20.12.2 OS/(x64-Linux-5.15.146.1-microsoft-standard-WSL2)",
        "x-ms-client-request-id": "Sanitized"
      },
      "RequestBody": null,
      "StatusCode": 200,
      "ResponseHeaders": {
        "Cache-Control": "no-cache",
        "Content-Length": "132",
        "Content-Type": "application/json; charset=utf-8",
        "Date": "Fri, 07 Jun 2024 16:02:56 GMT",
        "Expires": "-1",
        "Pragma": "no-cache",
        "Strict-Transport-Security": "max-age=31536000;includeSubDomains",
        "X-Content-Type-Options": "nosniff",
        "x-ms-client-request-id": "Sanitized",
        "x-ms-keyvault-network-info": "conn_type=Ipv4;addr=131.107.1.185;act_addr_fam=InterNetwork;",
        "x-ms-keyvault-rbac-assignment-id": "effcde4ed8cf56e2a589b88abe5107bc",
        "x-ms-keyvault-region": "westus",
        "x-ms-keyvault-service-version": "1.9.1504.1",
        "x-ms-request-id": "Sanitized"
      },
      "ResponseBody": {
        "value": [],
        "nextLink": "https://keyvault_name.vault.azure.net:443/deletedsecrets?api-version=7.5&$skiptoken=Sanitized&maxresults=1"
      }
    },
    {
      "RequestUri": "https://Sanitized.vault.azure.net/deletedsecrets?api-version=7.5&$skiptoken=Sanitized&maxresults=1",
      "RequestMethod": "GET",
      "RequestHeaders": {
        "Accept": "application/json",
        "Accept-Encoding": "gzip,deflate",
        "Authorization": "Sanitized",
        "Connection": "keep-alive",
        "User-Agent": "azsdk-js-keyvault-secrets/4.8.1 core-rest-pipeline/1.16.1 Node/20.12.2 OS/(x64-Linux-5.15.146.1-microsoft-standard-WSL2)",
        "x-ms-client-request-id": "Sanitized"
      },
      "RequestBody": null,
      "StatusCode": 200,
      "ResponseHeaders": {
        "Cache-Control": "no-cache",
        "Content-Length": "565",
        "Content-Type": "application/json; charset=utf-8",
        "Date": "Fri, 07 Jun 2024 16:02:56 GMT",
        "Expires": "-1",
        "Pragma": "no-cache",
        "Strict-Transport-Security": "max-age=31536000;includeSubDomains",
        "X-Content-Type-Options": "nosniff",
        "x-ms-client-request-id": "Sanitized",
        "x-ms-keyvault-network-info": "conn_type=Ipv4;addr=131.107.1.185;act_addr_fam=InterNetwork;",
        "x-ms-keyvault-rbac-assignment-id": "effcde4ed8cf56e2a589b88abe5107bc",
        "x-ms-keyvault-region": "westus",
        "x-ms-keyvault-service-version": "1.9.1504.1",
        "x-ms-request-id": "Sanitized"
      },
      "ResponseBody": {
        "value": [
          {
            "recoveryId": "https://keyvault_name.vault.azure.net/deletedsecrets/listSecretName-canlistdeletedsecrets-091077691085000191",
            "deletedDate": 1717776148,
            "scheduledPurgeDate": 1718380948,
            "id": "https://keyvault_name.vault.azure.net/secrets/listSecretName-canlistdeletedsecrets-091077691085000191",
            "attributes": {
              "enabled": true,
              "created": 1717776143,
              "updated": 1717776143,
              "recoveryLevel": "CustomizedRecoverable+Purgeable",
              "recoverableDays": 7
            }
          }
        ],
        "nextLink": "https://keyvault_name.vault.azure.net:443/deletedsecrets?api-version=7.5&$skiptoken=Sanitized&maxresults=1"
      }
    },
    {
      "RequestUri": "https://Sanitized.vault.azure.net/deletedsecrets?api-version=7.5&$skiptoken=Sanitized&maxresults=1",
      "RequestMethod": "GET",
      "RequestHeaders": {
        "Accept": "application/json",
        "Accept-Encoding": "gzip,deflate",
        "Authorization": "Sanitized",
        "Connection": "keep-alive",
        "User-Agent": "azsdk-js-keyvault-secrets/4.8.1 core-rest-pipeline/1.16.1 Node/20.12.2 OS/(x64-Linux-5.15.146.1-microsoft-standard-WSL2)",
        "x-ms-client-request-id": "Sanitized"
      },
      "RequestBody": null,
      "StatusCode": 200,
      "ResponseHeaders": {
        "Cache-Control": "no-cache",
        "Content-Length": "132",
        "Content-Type": "application/json; charset=utf-8",
        "Date": "Fri, 07 Jun 2024 16:02:56 GMT",
        "Expires": "-1",
        "Pragma": "no-cache",
        "Strict-Transport-Security": "max-age=31536000;includeSubDomains",
        "X-Content-Type-Options": "nosniff",
        "x-ms-client-request-id": "Sanitized",
        "x-ms-keyvault-network-info": "conn_type=Ipv4;addr=131.107.1.185;act_addr_fam=InterNetwork;",
        "x-ms-keyvault-rbac-assignment-id": "effcde4ed8cf56e2a589b88abe5107bc",
        "x-ms-keyvault-region": "westus",
        "x-ms-keyvault-service-version": "1.9.1504.1",
        "x-ms-request-id": "Sanitized"
      },
      "ResponseBody": {
        "value": [],
        "nextLink": "https://keyvault_name.vault.azure.net:443/deletedsecrets?api-version=7.5&$skiptoken=Sanitized&maxresults=1"
      }
    },
    {
      "RequestUri": "https://Sanitized.vault.azure.net/deletedsecrets?api-version=7.5&$skiptoken=Sanitized&maxresults=1",
      "RequestMethod": "GET",
      "RequestHeaders": {
        "Accept": "application/json",
        "Accept-Encoding": "gzip,deflate",
        "Authorization": "Sanitized",
        "Connection": "keep-alive",
        "User-Agent": "azsdk-js-keyvault-secrets/4.8.1 core-rest-pipeline/1.16.1 Node/20.12.2 OS/(x64-Linux-5.15.146.1-microsoft-standard-WSL2)",
        "x-ms-client-request-id": "Sanitized"
      },
      "RequestBody": null,
      "StatusCode": 200,
      "ResponseHeaders": {
        "Cache-Control": "no-cache",
        "Content-Length": "543",
        "Content-Type": "application/json; charset=utf-8",
        "Date": "Fri, 07 Jun 2024 16:02:56 GMT",
        "Expires": "-1",
        "Pragma": "no-cache",
        "Strict-Transport-Security": "max-age=31536000;includeSubDomains",
        "X-Content-Type-Options": "nosniff",
        "x-ms-client-request-id": "Sanitized",
        "x-ms-keyvault-network-info": "conn_type=Ipv4;addr=131.107.1.185;act_addr_fam=InterNetwork;",
        "x-ms-keyvault-rbac-assignment-id": "effcde4ed8cf56e2a589b88abe5107bc",
        "x-ms-keyvault-region": "westus",
        "x-ms-keyvault-service-version": "1.9.1504.1",
        "x-ms-request-id": "Sanitized"
      },
      "ResponseBody": {
        "value": [
          {
            "recoveryId": "https://keyvault_name.vault.azure.net/deletedsecrets/listSecretName-canlistdeletedsecretsbypage-0",
            "deletedDate": 1717776166,
            "scheduledPurgeDate": 1718380966,
            "id": "https://keyvault_name.vault.azure.net/secrets/listSecretName-canlistdeletedsecretsbypage-0",
            "attributes": {
              "enabled": true,
              "created": 1717776164,
              "updated": 1717776164,
              "recoveryLevel": "CustomizedRecoverable+Purgeable",
              "recoverableDays": 7
            }
          }
        ],
        "nextLink": "https://keyvault_name.vault.azure.net:443/deletedsecrets?api-version=7.5&$skiptoken=Sanitized&maxresults=1"
      }
    },
    {
      "RequestUri": "https://Sanitized.vault.azure.net/deletedsecrets?api-version=7.5&$skiptoken=Sanitized&maxresults=1",
      "RequestMethod": "GET",
      "RequestHeaders": {
        "Accept": "application/json",
        "Accept-Encoding": "gzip,deflate",
        "Authorization": "Sanitized",
        "Connection": "keep-alive",
        "User-Agent": "azsdk-js-keyvault-secrets/4.8.1 core-rest-pipeline/1.16.1 Node/20.12.2 OS/(x64-Linux-5.15.146.1-microsoft-standard-WSL2)",
        "x-ms-client-request-id": "Sanitized"
      },
      "RequestBody": null,
      "StatusCode": 200,
      "ResponseHeaders": {
        "Cache-Control": "no-cache",
        "Content-Length": "132",
        "Content-Type": "application/json; charset=utf-8",
        "Date": "Fri, 07 Jun 2024 16:02:56 GMT",
        "Expires": "-1",
        "Pragma": "no-cache",
        "Strict-Transport-Security": "max-age=31536000;includeSubDomains",
        "X-Content-Type-Options": "nosniff",
        "x-ms-client-request-id": "Sanitized",
        "x-ms-keyvault-network-info": "conn_type=Ipv4;addr=131.107.1.185;act_addr_fam=InterNetwork;",
        "x-ms-keyvault-rbac-assignment-id": "effcde4ed8cf56e2a589b88abe5107bc",
        "x-ms-keyvault-region": "westus",
        "x-ms-keyvault-service-version": "1.9.1504.1",
        "x-ms-request-id": "Sanitized"
      },
      "ResponseBody": {
        "value": [],
        "nextLink": "https://keyvault_name.vault.azure.net:443/deletedsecrets?api-version=7.5&$skiptoken=Sanitized&maxresults=1"
      }
    },
    {
      "RequestUri": "https://Sanitized.vault.azure.net/deletedsecrets?api-version=7.5&$skiptoken=Sanitized&maxresults=1",
      "RequestMethod": "GET",
      "RequestHeaders": {
        "Accept": "application/json",
        "Accept-Encoding": "gzip,deflate",
        "Authorization": "Sanitized",
        "Connection": "keep-alive",
        "User-Agent": "azsdk-js-keyvault-secrets/4.8.1 core-rest-pipeline/1.16.1 Node/20.12.2 OS/(x64-Linux-5.15.146.1-microsoft-standard-WSL2)",
        "x-ms-client-request-id": "Sanitized"
      },
      "RequestBody": null,
      "StatusCode": 200,
      "ResponseHeaders": {
        "Cache-Control": "no-cache",
        "Content-Length": "543",
        "Content-Type": "application/json; charset=utf-8",
        "Date": "Fri, 07 Jun 2024 16:02:56 GMT",
        "Expires": "-1",
        "Pragma": "no-cache",
        "Strict-Transport-Security": "max-age=31536000;includeSubDomains",
        "X-Content-Type-Options": "nosniff",
        "x-ms-client-request-id": "Sanitized",
        "x-ms-keyvault-network-info": "conn_type=Ipv4;addr=131.107.1.185;act_addr_fam=InterNetwork;",
        "x-ms-keyvault-rbac-assignment-id": "effcde4ed8cf56e2a589b88abe5107bc",
        "x-ms-keyvault-region": "westus",
        "x-ms-keyvault-service-version": "1.9.1504.1",
        "x-ms-request-id": "Sanitized"
      },
      "ResponseBody": {
        "value": [
          {
            "recoveryId": "https://keyvault_name.vault.azure.net/deletedsecrets/listSecretName-canlistdeletedsecretsbypage-1",
            "deletedDate": 1717776171,
            "scheduledPurgeDate": 1718380971,
            "id": "https://keyvault_name.vault.azure.net/secrets/listSecretName-canlistdeletedsecretsbypage-1",
            "attributes": {
              "enabled": true,
              "created": 1717776166,
              "updated": 1717776166,
              "recoveryLevel": "CustomizedRecoverable+Purgeable",
              "recoverableDays": 7
            }
          }
        ],
        "nextLink": "https://keyvault_name.vault.azure.net:443/deletedsecrets?api-version=7.5&$skiptoken=Sanitized&maxresults=1"
      }
    },
    {
      "RequestUri": "https://Sanitized.vault.azure.net/deletedsecrets?api-version=7.5&$skiptoken=Sanitized&maxresults=1",
      "RequestMethod": "GET",
      "RequestHeaders": {
        "Accept": "application/json",
        "Accept-Encoding": "gzip,deflate",
        "Authorization": "Sanitized",
        "Connection": "keep-alive",
        "User-Agent": "azsdk-js-keyvault-secrets/4.8.1 core-rest-pipeline/1.16.1 Node/20.12.2 OS/(x64-Linux-5.15.146.1-microsoft-standard-WSL2)",
        "x-ms-client-request-id": "Sanitized"
      },
      "RequestBody": null,
      "StatusCode": 200,
      "ResponseHeaders": {
        "Cache-Control": "no-cache",
        "Content-Length": "132",
        "Content-Type": "application/json; charset=utf-8",
        "Date": "Fri, 07 Jun 2024 16:02:56 GMT",
        "Expires": "-1",
        "Pragma": "no-cache",
        "Strict-Transport-Security": "max-age=31536000;includeSubDomains",
        "X-Content-Type-Options": "nosniff",
        "x-ms-client-request-id": "Sanitized",
        "x-ms-keyvault-network-info": "conn_type=Ipv4;addr=131.107.1.185;act_addr_fam=InterNetwork;",
        "x-ms-keyvault-rbac-assignment-id": "effcde4ed8cf56e2a589b88abe5107bc",
        "x-ms-keyvault-region": "westus",
        "x-ms-keyvault-service-version": "1.9.1504.1",
        "x-ms-request-id": "Sanitized"
      },
      "ResponseBody": {
        "value": [],
        "nextLink": "https://keyvault_name.vault.azure.net:443/deletedsecrets?api-version=7.5&$skiptoken=Sanitized&maxresults=1"
      }
    },
    {
      "RequestUri": "https://Sanitized.vault.azure.net/deletedsecrets?api-version=7.5&$skiptoken=Sanitized&maxresults=1",
      "RequestMethod": "GET",
      "RequestHeaders": {
        "Accept": "application/json",
        "Accept-Encoding": "gzip,deflate",
        "Authorization": "Sanitized",
        "Connection": "keep-alive",
        "User-Agent": "azsdk-js-keyvault-secrets/4.8.1 core-rest-pipeline/1.16.1 Node/20.12.2 OS/(x64-Linux-5.15.146.1-microsoft-standard-WSL2)",
        "x-ms-client-request-id": "Sanitized"
      },
      "RequestBody": null,
      "StatusCode": 200,
      "ResponseHeaders": {
        "Cache-Control": "no-cache",
        "Content-Length": "132",
        "Content-Type": "application/json; charset=utf-8",
        "Date": "Fri, 07 Jun 2024 16:02:56 GMT",
        "Expires": "-1",
        "Pragma": "no-cache",
        "Strict-Transport-Security": "max-age=31536000;includeSubDomains",
        "X-Content-Type-Options": "nosniff",
        "x-ms-client-request-id": "Sanitized",
        "x-ms-keyvault-network-info": "conn_type=Ipv4;addr=131.107.1.185;act_addr_fam=InterNetwork;",
        "x-ms-keyvault-rbac-assignment-id": "effcde4ed8cf56e2a589b88abe5107bc",
        "x-ms-keyvault-region": "westus",
        "x-ms-keyvault-service-version": "1.9.1504.1",
        "x-ms-request-id": "Sanitized"
      },
      "ResponseBody": {
        "value": [],
        "nextLink": "https://keyvault_name.vault.azure.net:443/deletedsecrets?api-version=7.5&$skiptoken=Sanitized&maxresults=1"
      }
    },
    {
      "RequestUri": "https://Sanitized.vault.azure.net/deletedsecrets?api-version=7.5&$skiptoken=Sanitized&maxresults=1",
      "RequestMethod": "GET",
      "RequestHeaders": {
        "Accept": "application/json",
        "Accept-Encoding": "gzip,deflate",
        "Authorization": "Sanitized",
        "Connection": "keep-alive",
        "User-Agent": "azsdk-js-keyvault-secrets/4.8.1 core-rest-pipeline/1.16.1 Node/20.12.2 OS/(x64-Linux-5.15.146.1-microsoft-standard-WSL2)",
        "x-ms-client-request-id": "Sanitized"
      },
      "RequestBody": null,
      "StatusCode": 200,
      "ResponseHeaders": {
        "Cache-Control": "no-cache",
        "Content-Length": "132",
        "Content-Type": "application/json; charset=utf-8",
        "Date": "Fri, 07 Jun 2024 16:02:56 GMT",
        "Expires": "-1",
        "Pragma": "no-cache",
        "Strict-Transport-Security": "max-age=31536000;includeSubDomains",
        "X-Content-Type-Options": "nosniff",
        "x-ms-client-request-id": "Sanitized",
        "x-ms-keyvault-network-info": "conn_type=Ipv4;addr=131.107.1.185;act_addr_fam=InterNetwork;",
        "x-ms-keyvault-rbac-assignment-id": "effcde4ed8cf56e2a589b88abe5107bc",
        "x-ms-keyvault-region": "westus",
        "x-ms-keyvault-service-version": "1.9.1504.1",
        "x-ms-request-id": "Sanitized"
      },
      "ResponseBody": {
        "value": [],
        "nextLink": "https://keyvault_name.vault.azure.net:443/deletedsecrets?api-version=7.5&$skiptoken=Sanitized&maxresults=1"
      }
    },
    {
      "RequestUri": "https://Sanitized.vault.azure.net/deletedsecrets?api-version=7.5&$skiptoken=Sanitized&maxresults=1",
      "RequestMethod": "GET",
      "RequestHeaders": {
        "Accept": "application/json",
        "Accept-Encoding": "gzip,deflate",
        "Authorization": "Sanitized",
        "Connection": "keep-alive",
        "User-Agent": "azsdk-js-keyvault-secrets/4.8.1 core-rest-pipeline/1.16.1 Node/20.12.2 OS/(x64-Linux-5.15.146.1-microsoft-standard-WSL2)",
        "x-ms-client-request-id": "Sanitized"
      },
      "RequestBody": null,
      "StatusCode": 200,
      "ResponseHeaders": {
        "Cache-Control": "no-cache",
        "Content-Length": "132",
        "Content-Type": "application/json; charset=utf-8",
        "Date": "Fri, 07 Jun 2024 16:02:56 GMT",
        "Expires": "-1",
        "Pragma": "no-cache",
        "Strict-Transport-Security": "max-age=31536000;includeSubDomains",
        "X-Content-Type-Options": "nosniff",
        "x-ms-client-request-id": "Sanitized",
        "x-ms-keyvault-network-info": "conn_type=Ipv4;addr=131.107.1.185;act_addr_fam=InterNetwork;",
        "x-ms-keyvault-rbac-assignment-id": "effcde4ed8cf56e2a589b88abe5107bc",
        "x-ms-keyvault-region": "westus",
        "x-ms-keyvault-service-version": "1.9.1504.1",
        "x-ms-request-id": "Sanitized"
      },
      "ResponseBody": {
        "value": [],
        "nextLink": "https://keyvault_name.vault.azure.net:443/deletedsecrets?api-version=7.5&$skiptoken=Sanitized&maxresults=1"
      }
    },
    {
      "RequestUri": "https://Sanitized.vault.azure.net/deletedsecrets?api-version=7.5&$skiptoken=Sanitized&maxresults=1",
      "RequestMethod": "GET",
      "RequestHeaders": {
        "Accept": "application/json",
        "Accept-Encoding": "gzip,deflate",
        "Authorization": "Sanitized",
        "Connection": "keep-alive",
        "User-Agent": "azsdk-js-keyvault-secrets/4.8.1 core-rest-pipeline/1.16.1 Node/20.12.2 OS/(x64-Linux-5.15.146.1-microsoft-standard-WSL2)",
        "x-ms-client-request-id": "Sanitized"
      },
      "RequestBody": null,
      "StatusCode": 200,
      "ResponseHeaders": {
        "Cache-Control": "no-cache",
        "Content-Length": "132",
        "Content-Type": "application/json; charset=utf-8",
        "Date": "Fri, 07 Jun 2024 16:02:56 GMT",
        "Expires": "-1",
        "Pragma": "no-cache",
        "Strict-Transport-Security": "max-age=31536000;includeSubDomains",
        "X-Content-Type-Options": "nosniff",
        "x-ms-client-request-id": "Sanitized",
        "x-ms-keyvault-network-info": "conn_type=Ipv4;addr=131.107.1.185;act_addr_fam=InterNetwork;",
        "x-ms-keyvault-rbac-assignment-id": "effcde4ed8cf56e2a589b88abe5107bc",
        "x-ms-keyvault-region": "westus",
        "x-ms-keyvault-service-version": "1.9.1504.1",
        "x-ms-request-id": "Sanitized"
      },
      "ResponseBody": {
        "value": [],
        "nextLink": "https://keyvault_name.vault.azure.net:443/deletedsecrets?api-version=7.5&$skiptoken=Sanitized&maxresults=1"
      }
    },
    {
      "RequestUri": "https://Sanitized.vault.azure.net/deletedsecrets?api-version=7.5&$skiptoken=Sanitized&maxresults=1",
      "RequestMethod": "GET",
      "RequestHeaders": {
        "Accept": "application/json",
        "Accept-Encoding": "gzip,deflate",
        "Authorization": "Sanitized",
        "Connection": "keep-alive",
        "User-Agent": "azsdk-js-keyvault-secrets/4.8.1 core-rest-pipeline/1.16.1 Node/20.12.2 OS/(x64-Linux-5.15.146.1-microsoft-standard-WSL2)",
        "x-ms-client-request-id": "Sanitized"
      },
      "RequestBody": null,
      "StatusCode": 200,
      "ResponseHeaders": {
        "Cache-Control": "no-cache",
        "Content-Length": "132",
        "Content-Type": "application/json; charset=utf-8",
        "Date": "Fri, 07 Jun 2024 16:02:56 GMT",
        "Expires": "-1",
        "Pragma": "no-cache",
        "Strict-Transport-Security": "max-age=31536000;includeSubDomains",
        "X-Content-Type-Options": "nosniff",
        "x-ms-client-request-id": "Sanitized",
        "x-ms-keyvault-network-info": "conn_type=Ipv4;addr=131.107.1.185;act_addr_fam=InterNetwork;",
        "x-ms-keyvault-rbac-assignment-id": "effcde4ed8cf56e2a589b88abe5107bc",
        "x-ms-keyvault-region": "westus",
        "x-ms-keyvault-service-version": "1.9.1504.1",
        "x-ms-request-id": "Sanitized"
      },
      "ResponseBody": {
        "value": [],
        "nextLink": "https://keyvault_name.vault.azure.net:443/deletedsecrets?api-version=7.5&$skiptoken=Sanitized&maxresults=1"
      }
    },
    {
      "RequestUri": "https://Sanitized.vault.azure.net/deletedsecrets?api-version=7.5&$skiptoken=Sanitized&maxresults=1",
      "RequestMethod": "GET",
      "RequestHeaders": {
        "Accept": "application/json",
        "Accept-Encoding": "gzip,deflate",
        "Authorization": "Sanitized",
        "Connection": "keep-alive",
        "User-Agent": "azsdk-js-keyvault-secrets/4.8.1 core-rest-pipeline/1.16.1 Node/20.12.2 OS/(x64-Linux-5.15.146.1-microsoft-standard-WSL2)",
        "x-ms-client-request-id": "Sanitized"
      },
      "RequestBody": null,
      "StatusCode": 200,
      "ResponseHeaders": {
        "Cache-Control": "no-cache",
        "Content-Length": "132",
        "Content-Type": "application/json; charset=utf-8",
        "Date": "Fri, 07 Jun 2024 16:02:56 GMT",
        "Expires": "-1",
        "Pragma": "no-cache",
        "Strict-Transport-Security": "max-age=31536000;includeSubDomains",
        "X-Content-Type-Options": "nosniff",
        "x-ms-client-request-id": "Sanitized",
        "x-ms-keyvault-network-info": "conn_type=Ipv4;addr=131.107.1.185;act_addr_fam=InterNetwork;",
        "x-ms-keyvault-rbac-assignment-id": "effcde4ed8cf56e2a589b88abe5107bc",
        "x-ms-keyvault-region": "westus",
        "x-ms-keyvault-service-version": "1.9.1504.1",
        "x-ms-request-id": "Sanitized"
      },
      "ResponseBody": {
        "value": [],
        "nextLink": "https://keyvault_name.vault.azure.net:443/deletedsecrets?api-version=7.5&$skiptoken=Sanitized&maxresults=1"
      }
    },
    {
      "RequestUri": "https://Sanitized.vault.azure.net/deletedsecrets?api-version=7.5&$skiptoken=Sanitized&maxresults=1",
      "RequestMethod": "GET",
      "RequestHeaders": {
        "Accept": "application/json",
        "Accept-Encoding": "gzip,deflate",
        "Authorization": "Sanitized",
        "Connection": "keep-alive",
        "User-Agent": "azsdk-js-keyvault-secrets/4.8.1 core-rest-pipeline/1.16.1 Node/20.12.2 OS/(x64-Linux-5.15.146.1-microsoft-standard-WSL2)",
        "x-ms-client-request-id": "Sanitized"
      },
      "RequestBody": null,
      "StatusCode": 200,
      "ResponseHeaders": {
        "Cache-Control": "no-cache",
        "Content-Length": "132",
        "Content-Type": "application/json; charset=utf-8",
        "Date": "Fri, 07 Jun 2024 16:02:56 GMT",
        "Expires": "-1",
        "Pragma": "no-cache",
        "Strict-Transport-Security": "max-age=31536000;includeSubDomains",
        "X-Content-Type-Options": "nosniff",
        "x-ms-client-request-id": "Sanitized",
        "x-ms-keyvault-network-info": "conn_type=Ipv4;addr=131.107.1.185;act_addr_fam=InterNetwork;",
        "x-ms-keyvault-rbac-assignment-id": "effcde4ed8cf56e2a589b88abe5107bc",
        "x-ms-keyvault-region": "westus",
        "x-ms-keyvault-service-version": "1.9.1504.1",
        "x-ms-request-id": "Sanitized"
      },
      "ResponseBody": {
        "value": [],
        "nextLink": "https://keyvault_name.vault.azure.net:443/deletedsecrets?api-version=7.5&$skiptoken=Sanitized&maxresults=1"
      }
    },
    {
      "RequestUri": "https://Sanitized.vault.azure.net/deletedsecrets?api-version=7.5&$skiptoken=Sanitized&maxresults=1",
      "RequestMethod": "GET",
      "RequestHeaders": {
        "Accept": "application/json",
        "Accept-Encoding": "gzip,deflate",
        "Authorization": "Sanitized",
        "Connection": "keep-alive",
        "User-Agent": "azsdk-js-keyvault-secrets/4.8.1 core-rest-pipeline/1.16.1 Node/20.12.2 OS/(x64-Linux-5.15.146.1-microsoft-standard-WSL2)",
        "x-ms-client-request-id": "Sanitized"
      },
      "RequestBody": null,
      "StatusCode": 200,
      "ResponseHeaders": {
        "Cache-Control": "no-cache",
        "Content-Length": "132",
        "Content-Type": "application/json; charset=utf-8",
        "Date": "Fri, 07 Jun 2024 16:02:56 GMT",
        "Expires": "-1",
        "Pragma": "no-cache",
        "Strict-Transport-Security": "max-age=31536000;includeSubDomains",
        "X-Content-Type-Options": "nosniff",
        "x-ms-client-request-id": "Sanitized",
        "x-ms-keyvault-network-info": "conn_type=Ipv4;addr=131.107.1.185;act_addr_fam=InterNetwork;",
        "x-ms-keyvault-rbac-assignment-id": "effcde4ed8cf56e2a589b88abe5107bc",
        "x-ms-keyvault-region": "westus",
        "x-ms-keyvault-service-version": "1.9.1504.1",
        "x-ms-request-id": "Sanitized"
      },
      "ResponseBody": {
        "value": [],
        "nextLink": "https://keyvault_name.vault.azure.net:443/deletedsecrets?api-version=7.5&$skiptoken=Sanitized&maxresults=1"
      }
    },
    {
      "RequestUri": "https://Sanitized.vault.azure.net/deletedsecrets?api-version=7.5&$skiptoken=Sanitized&maxresults=1",
      "RequestMethod": "GET",
      "RequestHeaders": {
        "Accept": "application/json",
        "Accept-Encoding": "gzip,deflate",
        "Authorization": "Sanitized",
        "Connection": "keep-alive",
        "User-Agent": "azsdk-js-keyvault-secrets/4.8.1 core-rest-pipeline/1.16.1 Node/20.12.2 OS/(x64-Linux-5.15.146.1-microsoft-standard-WSL2)",
        "x-ms-client-request-id": "Sanitized"
      },
      "RequestBody": null,
      "StatusCode": 200,
      "ResponseHeaders": {
        "Cache-Control": "no-cache",
        "Content-Length": "28",
        "Content-Type": "application/json; charset=utf-8",
        "Date": "Fri, 07 Jun 2024 16:02:56 GMT",
        "Expires": "-1",
        "Pragma": "no-cache",
        "Strict-Transport-Security": "max-age=31536000;includeSubDomains",
        "X-Content-Type-Options": "nosniff",
        "x-ms-client-request-id": "Sanitized",
        "x-ms-keyvault-network-info": "conn_type=Ipv4;addr=131.107.1.185;act_addr_fam=InterNetwork;",
        "x-ms-keyvault-rbac-assignment-id": "effcde4ed8cf56e2a589b88abe5107bc",
        "x-ms-keyvault-region": "westus",
        "x-ms-keyvault-service-version": "1.9.1504.1",
        "x-ms-request-id": "Sanitized"
      },
      "ResponseBody": {
        "value": [],
        "nextLink": null
      }
    }
  ],
  "Variables": {}
}
