{
  "Entries": [
    {
      "RequestUri": "https://endpoint/topics/testtopic1/eventsubscriptions/testsubscription1:receive?api-version=2023-10-01-preview",
      "RequestMethod": "POST",
      "RequestHeaders": {
        "Accept": "application/json",
        "Accept-Encoding": "gzip,deflate",
        "Authorization": "Sanitized",
        "Connection": "keep-alive",
        "Content-Length": "0",
        "User-Agent": "azsdk-js-eventgrid-namespaces-rest/1.0.0-beta.1 core-rest-pipeline/1.15.3 Node/18.18.0 OS/(x64-Windows_NT-10.0.22631)",
        "x-ms-client-request-id": "d2bd75df-08bb-4468-94d3-c858bab7710d"
      },
      "RequestBody": null,
      "StatusCode": 200,
      "ResponseHeaders": {
        "Content-Length": "394",
        "Content-Type": "application/json; charset=utf-8",
        "Date": "Mon, 15 Apr 2024 19:33:38 GMT"
      },
      "ResponseBody": {
        "value": [
          {
            "brokerProperties": {
              "lockToken": "CiYKJEVEMjNGRjVGLUU0MDktNEE5Ni04NDYwLUYyMTA2M0NFNDg4NxISChAPzI1ClCRLzrylr23EBa1s",
              "deliveryCount": 1
            },
            "event": {
              "specversion": "1.0",
              "source": "https://example.com",
              "time": "2024-04-15T19:33:11Z",
              "id": "MultipleEventId110002",
              "datacontenttype": "application/cloudevents+json; charset=utf-8",
              "type": "example",
              "data": {
                "resourceUri": "https://dummyurl.com"
              }
            }
          }
        ]
      }
    },
    {
      "RequestUri": "https://endpoint/topics/testtopic1/eventsubscriptions/testsubscription1:acknowledge?api-version=2023-10-01-preview",
      "RequestMethod": "POST",
      "RequestHeaders": {
        "Accept": "application/json",
        "Accept-Encoding": "gzip,deflate",
        "Authorization": "Sanitized",
        "Connection": "keep-alive",
        "Content-Length": "99",
        "Content-Type": "application/json",
        "User-Agent": "azsdk-js-eventgrid-namespaces-rest/1.0.0-beta.1 core-rest-pipeline/1.15.3 Node/18.18.0 OS/(x64-Windows_NT-10.0.22631)",
        "x-ms-client-request-id": "7b128353-63c1-4099-88f7-e35f2e32659e"
      },
      "RequestBody": {
        "lockTokens": [
          "CiYKJEVEMjNGRjVGLUU0MDktNEE5Ni04NDYwLUYyMTA2M0NFNDg4NxISChAPzI1ClCRLzrylr23EBa1s"
        ]
      },
      "StatusCode": 200,
      "ResponseHeaders": {
        "Content-Length": "130",
        "Content-Type": "application/json",
        "Date": "Mon, 15 Apr 2024 19:33:38 GMT"
      },
      "ResponseBody": {
        "succeededLockTokens": [
          "CiYKJEVEMjNGRjVGLUU0MDktNEE5Ni04NDYwLUYyMTA2M0NFNDg4NxISChAPzI1ClCRLzrylr23EBa1s"
        ],
        "failedLockTokens": []
      }
    },
    {
      "RequestUri": "https://endpoint/topics/testtopic1/eventsubscriptions/testsubscription1:receive?api-version=2023-10-01-preview",
      "RequestMethod": "POST",
      "RequestHeaders": {
        "Accept": "application/json",
        "Accept-Encoding": "gzip,deflate",
        "Authorization": "Sanitized",
        "Connection": "keep-alive",
        "Content-Length": "0",
        "User-Agent": "azsdk-js-eventgrid-namespaces-rest/1.0.0-beta.1 core-rest-pipeline/1.15.3 Node/18.18.0 OS/(x64-Windows_NT-10.0.22631)",
        "x-ms-client-request-id": "132ed2b3-a05f-4e99-8455-d2de26f6f428"
      },
      "RequestBody": null,
      "StatusCode": 200,
      "ResponseHeaders": {
        "Content-Length": "394",
        "Content-Type": "application/json; charset=utf-8",
        "Date": "Mon, 15 Apr 2024 19:33:38 GMT"
      },
      "ResponseBody": {
        "value": [
          {
            "brokerProperties": {
              "lockToken": "CiYKJEVEMjNGRjVGLUU0MDktNEE5Ni04NDYwLUYyMTA2M0NFNDg4NxISChBlThqgI4pIfbAesDz97IAW",
              "deliveryCount": 1
            },
            "event": {
              "specversion": "1.0",
              "source": "https://example.com",
              "time": "2024-04-15T19:33:11Z",
              "id": "MultipleEventId210003",
              "datacontenttype": "application/cloudevents+json; charset=utf-8",
              "type": "example",
              "data": {
                "resourceUri": "https://dummyurl.com"
              }
            }
          }
        ]
      }
    },
    {
      "RequestUri": "https://endpoint/topics/testtopic1/eventsubscriptions/testsubscription1:acknowledge?api-version=2023-10-01-preview",
      "RequestMethod": "POST",
      "RequestHeaders": {
        "Accept": "application/json",
        "Accept-Encoding": "gzip,deflate",
        "Authorization": "Sanitized",
        "Connection": "keep-alive",
        "Content-Length": "99",
        "Content-Type": "application/json",
        "User-Agent": "azsdk-js-eventgrid-namespaces-rest/1.0.0-beta.1 core-rest-pipeline/1.15.3 Node/18.18.0 OS/(x64-Windows_NT-10.0.22631)",
        "x-ms-client-request-id": "1964030f-86ba-4fa8-9429-bca344fe5b4f"
      },
      "RequestBody": {
        "lockTokens": [
          "CiYKJEVEMjNGRjVGLUU0MDktNEE5Ni04NDYwLUYyMTA2M0NFNDg4NxISChBlThqgI4pIfbAesDz97IAW"
        ]
      },
      "StatusCode": 200,
      "ResponseHeaders": {
        "Content-Length": "130",
        "Content-Type": "application/json",
        "Date": "Mon, 15 Apr 2024 19:33:38 GMT"
      },
      "ResponseBody": {
        "succeededLockTokens": [
          "CiYKJEVEMjNGRjVGLUU0MDktNEE5Ni04NDYwLUYyMTA2M0NFNDg4NxISChBlThqgI4pIfbAesDz97IAW"
        ],
        "failedLockTokens": []
      }
    },
    {
      "RequestUri": "https://endpoint/topics/testtopic1/eventsubscriptions/testsubscription1:receive?api-version=2023-10-01-preview",
      "RequestMethod": "POST",
      "RequestHeaders": {
        "Accept": "application/json",
        "Accept-Encoding": "gzip,deflate",
        "Authorization": "Sanitized",
        "Connection": "keep-alive",
        "Content-Length": "0",
        "User-Agent": "azsdk-js-eventgrid-namespaces-rest/1.0.0-beta.1 core-rest-pipeline/1.15.3 Node/18.18.0 OS/(x64-Windows_NT-10.0.22631)",
        "x-ms-client-request-id": "33daf3aa-a654-4bc8-aa1e-9b54498386a4"
      },
      "RequestBody": null,
      "StatusCode": 200,
      "ResponseHeaders": {
        "Content-Length": "12",
        "Content-Type": "application/json; charset=utf-8",
        "Date": "Mon, 15 Apr 2024 19:34:38 GMT"
      },
      "ResponseBody": {
        "value": []
      }
    },
    {
      "RequestUri": "https://endpoint/topics/testtopic1:publish?api-version=2023-10-01-preview",
      "RequestMethod": "POST",
      "RequestHeaders": {
        "Accept": "application/json",
        "Accept-Encoding": "gzip,deflate",
        "Authorization": "Sanitized",
        "Connection": "keep-alive",
        "Content-Length": "241",
        "Content-Type": "application/cloudevents+json; charset=utf-8",
        "User-Agent": "azsdk-js-eventgrid-namespaces-rest/1.0.0-beta.1 core-rest-pipeline/1.15.3 Node/18.18.0 OS/(x64-Windows_NT-10.0.22631)",
        "x-ms-client-request-id": "30c3922b-19cd-466c-8e69-a7e96aa72168"
      },
      "RequestBody": {
        "id": "singleEventIdV210004",
        "source": "https://example.com",
        "data": {
          "resourceUri": "https://dummyurl.com"
        },
        "type": "example",
        "time": "2024-04-15T19:34:38.000Z",
        "specversion": "1.0",
        "datacontenttype": "application/cloudevents+json; charset=utf-8"
      },
      "StatusCode": 200,
      "ResponseHeaders": {
        "Content-Length": "2",
        "Content-Type": "application/json",
        "Date": "Mon, 15 Apr 2024 19:34:38 GMT"
      },
      "ResponseBody": {}
    },
    {
      "RequestUri": "https://endpoint/topics/testtopic1/eventsubscriptions/testsubscription1:receive?api-version=2023-10-01-preview",
      "RequestMethod": "POST",
      "RequestHeaders": {
        "Accept": "application/json",
        "Accept-Encoding": "gzip,deflate",
        "Authorization": "Sanitized",
        "Connection": "keep-alive",
        "Content-Length": "0",
        "User-Agent": "azsdk-js-eventgrid-namespaces-rest/1.0.0-beta.1 core-rest-pipeline/1.15.3 Node/18.18.0 OS/(x64-Windows_NT-10.0.22631)",
        "x-ms-client-request-id": "ddc172b0-407a-4045-999d-2140432ea640"
      },
      "RequestBody": null,
      "StatusCode": 200,
      "ResponseHeaders": {
        "Content-Length": "393",
        "Content-Type": "application/json; charset=utf-8",
        "Date": "Mon, 15 Apr 2024 19:34:39 GMT"
      },
      "ResponseBody": {
        "value": [
          {
            "brokerProperties": {
              "lockToken": "CiYKJEVEMjNGRjVGLUU0MDktNEE5Ni04NDYwLUYyMTA2M0NFNDg4NxISChA1XRc7vEVHEbiaYvhTpAeq",
              "deliveryCount": 1
            },
            "event": {
              "specversion": "1.0",
              "source": "https://example.com",
              "time": "2024-04-15T19:34:38Z",
              "id": "singleEventIdV210004",
              "datacontenttype": "application/cloudevents+json; charset=utf-8",
              "type": "example",
              "data": {
                "resourceUri": "https://dummyurl.com"
              }
            }
          }
        ]
      }
    },
    {
      "RequestUri": "https://endpoint/topics/testtopic1/eventsubscriptions/testsubscription1:release?api-version=2023-10-01-preview",
      "RequestMethod": "POST",
      "RequestHeaders": {
        "Accept": "application/json",
        "Accept-Encoding": "gzip,deflate",
        "Authorization": "Sanitized",
        "Connection": "keep-alive",
        "Content-Length": "99",
        "Content-Type": "application/json",
        "User-Agent": "azsdk-js-eventgrid-namespaces-rest/1.0.0-beta.1 core-rest-pipeline/1.15.3 Node/18.18.0 OS/(x64-Windows_NT-10.0.22631)",
        "x-ms-client-request-id": "701d1903-896f-423c-bdd0-f217316ef0af"
      },
      "RequestBody": {
        "lockTokens": [
          "CiYKJEVEMjNGRjVGLUU0MDktNEE5Ni04NDYwLUYyMTA2M0NFNDg4NxISChA1XRc7vEVHEbiaYvhTpAeq"
        ]
      },
      "StatusCode": 200,
      "ResponseHeaders": {
        "Content-Length": "130",
        "Content-Type": "application/json",
        "Date": "Mon, 15 Apr 2024 19:34:39 GMT"
      },
      "ResponseBody": {
        "succeededLockTokens": [
          "CiYKJEVEMjNGRjVGLUU0MDktNEE5Ni04NDYwLUYyMTA2M0NFNDg4NxISChA1XRc7vEVHEbiaYvhTpAeq"
        ],
        "failedLockTokens": []
      }
    },
    {
      "RequestUri": "https://endpoint/topics/testtopic1/eventsubscriptions/testsubscription1:receive?api-version=2023-10-01-preview",
      "RequestMethod": "POST",
      "RequestHeaders": {
        "Accept": "application/json",
        "Accept-Encoding": "gzip,deflate",
        "Authorization": "Sanitized",
        "Connection": "keep-alive",
        "Content-Length": "0",
        "User-Agent": "azsdk-js-eventgrid-namespaces-rest/1.0.0-beta.1 core-rest-pipeline/1.15.3 Node/18.18.0 OS/(x64-Windows_NT-10.0.22631)",
        "x-ms-client-request-id": "3da557a3-8f33-45df-addf-f689a08bc5e2"
      },
      "RequestBody": null,
      "StatusCode": 200,
      "ResponseHeaders": {
        "Content-Length": "393",
        "Content-Type": "application/json; charset=utf-8",
        "Date": "Mon, 15 Apr 2024 19:34:39 GMT"
      },
      "ResponseBody": {
        "value": [
          {
            "brokerProperties": {
              "lockToken": "CiYKJEVEMjNGRjVGLUU0MDktNEE5Ni04NDYwLUYyMTA2M0NFNDg4NxISChDAdT1ximlGYLowUatffSz/",
              "deliveryCount": 2
            },
            "event": {
              "specversion": "1.0",
              "source": "https://example.com",
              "time": "2024-04-15T19:34:38Z",
              "id": "singleEventIdV210004",
              "datacontenttype": "application/cloudevents+json; charset=utf-8",
              "type": "example",
              "data": {
                "resourceUri": "https://dummyurl.com"
              }
            }
          }
        ]
      }
    },
    {
      "RequestUri": "https://endpoint/topics/testtopic1/eventsubscriptions/testsubscription1:release?api-version=2023-10-01-preview",
      "RequestMethod": "POST",
      "RequestHeaders": {
        "Accept": "application/json",
        "Accept-Encoding": "gzip,deflate",
        "Authorization": "Sanitized",
        "Connection": "keep-alive",
        "Content-Length": "99",
        "Content-Type": "application/json",
        "User-Agent": "azsdk-js-eventgrid-namespaces-rest/1.0.0-beta.1 core-rest-pipeline/1.15.3 Node/18.18.0 OS/(x64-Windows_NT-10.0.22631)",
        "x-ms-client-request-id": "3668171a-7bbf-4798-8ce9-f101d57857bb"
      },
      "RequestBody": {
        "lockTokens": [
          "CiYKJEVEMjNGRjVGLUU0MDktNEE5Ni04NDYwLUYyMTA2M0NFNDg4NxISChDAdT1ximlGYLowUatffSz/"
        ]
      },
      "StatusCode": 200,
      "ResponseHeaders": {
        "Content-Length": "130",
        "Content-Type": "application/json",
        "Date": "Mon, 15 Apr 2024 19:34:39 GMT"
      },
      "ResponseBody": {
        "succeededLockTokens": [
          "CiYKJEVEMjNGRjVGLUU0MDktNEE5Ni04NDYwLUYyMTA2M0NFNDg4NxISChDAdT1ximlGYLowUatffSz/"
        ],
        "failedLockTokens": []
      }
    },
    {
      "RequestUri": "https://endpoint/topics/testtopic1/eventsubscriptions/testsubscription1:receive?api-version=2023-10-01-preview",
      "RequestMethod": "POST",
      "RequestHeaders": {
        "Accept": "application/json",
        "Accept-Encoding": "gzip,deflate",
        "Authorization": "Sanitized",
        "Connection": "keep-alive",
        "Content-Length": "0",
        "User-Agent": "azsdk-js-eventgrid-namespaces-rest/1.0.0-beta.1 core-rest-pipeline/1.15.3 Node/18.18.0 OS/(x64-Windows_NT-10.0.22631)",
        "x-ms-client-request-id": "10bce009-8763-4452-a5ff-dd32f21dbe2b"
      },
      "RequestBody": null,
      "StatusCode": 200,
      "ResponseHeaders": {
        "Content-Length": "393",
        "Content-Type": "application/json; charset=utf-8",
        "Date": "Mon, 15 Apr 2024 19:34:39 GMT"
      },
      "ResponseBody": {
        "value": [
          {
            "brokerProperties": {
              "lockToken": "CiYKJEVEMjNGRjVGLUU0MDktNEE5Ni04NDYwLUYyMTA2M0NFNDg4NxISChAYLdDtyMBFBawHFx5pX4mg",
              "deliveryCount": 3
            },
            "event": {
              "specversion": "1.0",
              "source": "https://example.com",
              "time": "2024-04-15T19:34:38Z",
              "id": "singleEventIdV210004",
              "datacontenttype": "application/cloudevents+json; charset=utf-8",
              "type": "example",
              "data": {
                "resourceUri": "https://dummyurl.com"
              }
            }
          }
        ]
      }
    },
    {
      "RequestUri": "https://endpoint/topics/testtopic1/eventsubscriptions/testsubscription1:release?api-version=2023-10-01-preview",
      "RequestMethod": "POST",
      "RequestHeaders": {
        "Accept": "application/json",
        "Accept-Encoding": "gzip,deflate",
        "Authorization": "Sanitized",
        "Connection": "keep-alive",
        "Content-Length": "99",
        "Content-Type": "application/json",
        "User-Agent": "azsdk-js-eventgrid-namespaces-rest/1.0.0-beta.1 core-rest-pipeline/1.15.3 Node/18.18.0 OS/(x64-Windows_NT-10.0.22631)",
        "x-ms-client-request-id": "3e42f2e6-2fdf-4426-9b55-a12d3ffe716c"
      },
      "RequestBody": {
        "lockTokens": [
          "CiYKJEVEMjNGRjVGLUU0MDktNEE5Ni04NDYwLUYyMTA2M0NFNDg4NxISChAYLdDtyMBFBawHFx5pX4mg"
        ]
      },
      "StatusCode": 200,
      "ResponseHeaders": {
        "Content-Length": "130",
        "Content-Type": "application/json",
        "Date": "Mon, 15 Apr 2024 19:34:39 GMT"
      },
      "ResponseBody": {
        "succeededLockTokens": [
          "CiYKJEVEMjNGRjVGLUU0MDktNEE5Ni04NDYwLUYyMTA2M0NFNDg4NxISChAYLdDtyMBFBawHFx5pX4mg"
        ],
        "failedLockTokens": []
      }
    },
    {
      "RequestUri": "https://endpoint/topics/testtopic1/eventsubscriptions/testsubscription1:receive?api-version=2023-10-01-preview",
      "RequestMethod": "POST",
      "RequestHeaders": {
        "Accept": "application/json",
        "Accept-Encoding": "gzip,deflate",
        "Authorization": "Sanitized",
        "Connection": "keep-alive",
        "Content-Length": "0",
        "User-Agent": "azsdk-js-eventgrid-namespaces-rest/1.0.0-beta.1 core-rest-pipeline/1.15.3 Node/18.18.0 OS/(x64-Windows_NT-10.0.22631)",
        "x-ms-client-request-id": "6f0312e9-42df-4c2c-8810-85b9ef37a6cf"
      },
      "RequestBody": null,
      "StatusCode": 200,
      "ResponseHeaders": {
        "Content-Length": "393",
        "Content-Type": "application/json; charset=utf-8",
        "Date": "Mon, 15 Apr 2024 19:34:39 GMT"
      },
      "ResponseBody": {
        "value": [
          {
            "brokerProperties": {
              "lockToken": "CiYKJEVEMjNGRjVGLUU0MDktNEE5Ni04NDYwLUYyMTA2M0NFNDg4NxISChAKGaHF+JZJe5HYG/EM9qo9",
              "deliveryCount": 4
            },
            "event": {
              "specversion": "1.0",
              "source": "https://example.com",
              "time": "2024-04-15T19:34:38Z",
              "id": "singleEventIdV210004",
              "datacontenttype": "application/cloudevents+json; charset=utf-8",
              "type": "example",
              "data": {
                "resourceUri": "https://dummyurl.com"
              }
            }
          }
        ]
      }
    },
    {
      "RequestUri": "https://endpoint/topics/testtopic1/eventsubscriptions/testsubscription1:release?api-version=2023-10-01-preview",
      "RequestMethod": "POST",
      "RequestHeaders": {
        "Accept": "application/json",
        "Accept-Encoding": "gzip,deflate",
        "Authorization": "Sanitized",
        "Connection": "keep-alive",
        "Content-Length": "99",
        "Content-Type": "application/json",
        "User-Agent": "azsdk-js-eventgrid-namespaces-rest/1.0.0-beta.1 core-rest-pipeline/1.15.3 Node/18.18.0 OS/(x64-Windows_NT-10.0.22631)",
        "x-ms-client-request-id": "a0ad71ef-112d-4123-9f5d-6a824be0bd79"
      },
      "RequestBody": {
        "lockTokens": [
          "CiYKJEVEMjNGRjVGLUU0MDktNEE5Ni04NDYwLUYyMTA2M0NFNDg4NxISChAKGaHF+JZJe5HYG/EM9qo9"
        ]
      },
      "StatusCode": 200,
      "ResponseHeaders": {
        "Content-Length": "130",
        "Content-Type": "application/json",
        "Date": "Mon, 15 Apr 2024 19:34:39 GMT"
      },
      "ResponseBody": {
        "succeededLockTokens": [
          "CiYKJEVEMjNGRjVGLUU0MDktNEE5Ni04NDYwLUYyMTA2M0NFNDg4NxISChAKGaHF+JZJe5HYG/EM9qo9"
        ],
        "failedLockTokens": []
      }
    },
    {
      "RequestUri": "https://endpoint/topics/testtopic1/eventsubscriptions/testsubscription1:receive?api-version=2023-10-01-preview",
      "RequestMethod": "POST",
      "RequestHeaders": {
        "Accept": "application/json",
        "Accept-Encoding": "gzip,deflate",
        "Authorization": "Sanitized",
        "Connection": "keep-alive",
        "Content-Length": "0",
        "User-Agent": "azsdk-js-eventgrid-namespaces-rest/1.0.0-beta.1 core-rest-pipeline/1.15.3 Node/18.18.0 OS/(x64-Windows_NT-10.0.22631)",
        "x-ms-client-request-id": "3a24a84d-923c-4a34-aabd-4e3f305dd9d1"
      },
      "RequestBody": null,
      "StatusCode": 200,
      "ResponseHeaders": {
        "Content-Length": "393",
        "Content-Type": "application/json; charset=utf-8",
        "Date": "Mon, 15 Apr 2024 19:34:39 GMT"
      },
      "ResponseBody": {
        "value": [
          {
            "brokerProperties": {
              "lockToken": "CiYKJEVEMjNGRjVGLUU0MDktNEE5Ni04NDYwLUYyMTA2M0NFNDg4NxISChB1WlMlr9tI0KcXRCdlaJVb",
              "deliveryCount": 5
            },
            "event": {
              "specversion": "1.0",
              "source": "https://example.com",
              "time": "2024-04-15T19:34:38Z",
              "id": "singleEventIdV210004",
              "datacontenttype": "application/cloudevents+json; charset=utf-8",
              "type": "example",
              "data": {
                "resourceUri": "https://dummyurl.com"
              }
            }
          }
        ]
      }
    },
    {
      "RequestUri": "https://endpoint/topics/testtopic1/eventsubscriptions/testsubscription1:release?api-version=2023-10-01-preview",
      "RequestMethod": "POST",
      "RequestHeaders": {
        "Accept": "application/json",
        "Accept-Encoding": "gzip,deflate",
        "Authorization": "Sanitized",
        "Connection": "keep-alive",
        "Content-Length": "99",
        "Content-Type": "application/json",
        "User-Agent": "azsdk-js-eventgrid-namespaces-rest/1.0.0-beta.1 core-rest-pipeline/1.15.3 Node/18.18.0 OS/(x64-Windows_NT-10.0.22631)",
        "x-ms-client-request-id": "b9bf7013-9c10-4697-b503-8db9673c2f30"
      },
      "RequestBody": {
        "lockTokens": [
          "CiYKJEVEMjNGRjVGLUU0MDktNEE5Ni04NDYwLUYyMTA2M0NFNDg4NxISChB1WlMlr9tI0KcXRCdlaJVb"
        ]
      },
      "StatusCode": 200,
      "ResponseHeaders": {
        "Content-Length": "130",
        "Content-Type": "application/json",
        "Date": "Mon, 15 Apr 2024 19:34:39 GMT"
      },
      "ResponseBody": {
        "succeededLockTokens": [
          "CiYKJEVEMjNGRjVGLUU0MDktNEE5Ni04NDYwLUYyMTA2M0NFNDg4NxISChB1WlMlr9tI0KcXRCdlaJVb"
        ],
        "failedLockTokens": []
      }
    },
    {
      "RequestUri": "https://endpoint/topics/testtopic1/eventsubscriptions/testsubscription1:receive?api-version=2023-10-01-preview",
      "RequestMethod": "POST",
      "RequestHeaders": {
        "Accept": "application/json",
        "Accept-Encoding": "gzip,deflate",
        "Authorization": "Sanitized",
        "Connection": "keep-alive",
        "Content-Length": "0",
        "User-Agent": "azsdk-js-eventgrid-namespaces-rest/1.0.0-beta.1 core-rest-pipeline/1.15.3 Node/18.18.0 OS/(x64-Windows_NT-10.0.22631)",
        "x-ms-client-request-id": "bd32f582-eb6e-4a62-a9b1-82433524a4e1"
      },
      "RequestBody": null,
      "StatusCode": 200,
      "ResponseHeaders": {
        "Content-Length": "393",
        "Content-Type": "application/json; charset=utf-8",
        "Date": "Mon, 15 Apr 2024 19:34:39 GMT"
      },
      "ResponseBody": {
        "value": [
          {
            "brokerProperties": {
              "lockToken": "CiYKJEVEMjNGRjVGLUU0MDktNEE5Ni04NDYwLUYyMTA2M0NFNDg4NxISChDggXHHNxNK5rPP3tC/kVGl",
              "deliveryCount": 6
            },
            "event": {
              "specversion": "1.0",
              "source": "https://example.com",
              "time": "2024-04-15T19:34:38Z",
              "id": "singleEventIdV210004",
              "datacontenttype": "application/cloudevents+json; charset=utf-8",
              "type": "example",
              "data": {
                "resourceUri": "https://dummyurl.com"
              }
            }
          }
        ]
      }
    },
    {
      "RequestUri": "https://endpoint/topics/testtopic1/eventsubscriptions/testsubscription1:release?api-version=2023-10-01-preview",
      "RequestMethod": "POST",
      "RequestHeaders": {
        "Accept": "application/json",
        "Accept-Encoding": "gzip,deflate",
        "Authorization": "Sanitized",
        "Connection": "keep-alive",
        "Content-Length": "99",
        "Content-Type": "application/json",
        "User-Agent": "azsdk-js-eventgrid-namespaces-rest/1.0.0-beta.1 core-rest-pipeline/1.15.3 Node/18.18.0 OS/(x64-Windows_NT-10.0.22631)",
        "x-ms-client-request-id": "51e653b2-9d02-4ad0-a18a-38c801a4603e"
      },
      "RequestBody": {
        "lockTokens": [
          "CiYKJEVEMjNGRjVGLUU0MDktNEE5Ni04NDYwLUYyMTA2M0NFNDg4NxISChDggXHHNxNK5rPP3tC/kVGl"
        ]
      },
      "StatusCode": 200,
      "ResponseHeaders": {
        "Content-Length": "130",
        "Content-Type": "application/json",
        "Date": "Mon, 15 Apr 2024 19:34:39 GMT"
      },
      "ResponseBody": {
        "succeededLockTokens": [
          "CiYKJEVEMjNGRjVGLUU0MDktNEE5Ni04NDYwLUYyMTA2M0NFNDg4NxISChDggXHHNxNK5rPP3tC/kVGl"
        ],
        "failedLockTokens": []
      }
    },
    {
      "RequestUri": "https://endpoint/topics/testtopic1/eventsubscriptions/testsubscription1:receive?api-version=2023-10-01-preview",
      "RequestMethod": "POST",
      "RequestHeaders": {
        "Accept": "application/json",
        "Accept-Encoding": "gzip,deflate",
        "Authorization": "Sanitized",
        "Connection": "keep-alive",
        "Content-Length": "0",
        "User-Agent": "azsdk-js-eventgrid-namespaces-rest/1.0.0-beta.1 core-rest-pipeline/1.15.3 Node/18.18.0 OS/(x64-Windows_NT-10.0.22631)",
        "x-ms-client-request-id": "94037d0c-2514-4c3c-b7ec-b3ec42f86629"
      },
      "RequestBody": null,
      "StatusCode": 200,
      "ResponseHeaders": {
        "Content-Length": "393",
        "Content-Type": "application/json; charset=utf-8",
        "Date": "Mon, 15 Apr 2024 19:34:39 GMT"
      },
      "ResponseBody": {
        "value": [
          {
            "brokerProperties": {
              "lockToken": "CiYKJEVEMjNGRjVGLUU0MDktNEE5Ni04NDYwLUYyMTA2M0NFNDg4NxISChAxrcRrtTRKQJFCsWcTsDhV",
              "deliveryCount": 7
            },
            "event": {
              "specversion": "1.0",
              "source": "https://example.com",
              "time": "2024-04-15T19:34:38Z",
              "id": "singleEventIdV210004",
              "datacontenttype": "application/cloudevents+json; charset=utf-8",
              "type": "example",
              "data": {
                "resourceUri": "https://dummyurl.com"
              }
            }
          }
        ]
      }
    },
    {
      "RequestUri": "https://endpoint/topics/testtopic1/eventsubscriptions/testsubscription1:release?api-version=2023-10-01-preview",
      "RequestMethod": "POST",
      "RequestHeaders": {
        "Accept": "application/json",
        "Accept-Encoding": "gzip,deflate",
        "Authorization": "Sanitized",
        "Connection": "keep-alive",
        "Content-Length": "99",
        "Content-Type": "application/json",
        "User-Agent": "azsdk-js-eventgrid-namespaces-rest/1.0.0-beta.1 core-rest-pipeline/1.15.3 Node/18.18.0 OS/(x64-Windows_NT-10.0.22631)",
        "x-ms-client-request-id": "d82bbeb5-d7a5-46dd-a38e-039eb1e4a824"
      },
      "RequestBody": {
        "lockTokens": [
          "CiYKJEVEMjNGRjVGLUU0MDktNEE5Ni04NDYwLUYyMTA2M0NFNDg4NxISChAxrcRrtTRKQJFCsWcTsDhV"
        ]
      },
      "StatusCode": 200,
      "ResponseHeaders": {
        "Content-Length": "130",
        "Content-Type": "application/json",
        "Date": "Mon, 15 Apr 2024 19:34:40 GMT"
      },
      "ResponseBody": {
        "succeededLockTokens": [
          "CiYKJEVEMjNGRjVGLUU0MDktNEE5Ni04NDYwLUYyMTA2M0NFNDg4NxISChAxrcRrtTRKQJFCsWcTsDhV"
        ],
        "failedLockTokens": []
      }
    },
    {
      "RequestUri": "https://endpoint/topics/testtopic1/eventsubscriptions/testsubscription1:receive?api-version=2023-10-01-preview",
      "RequestMethod": "POST",
      "RequestHeaders": {
        "Accept": "application/json",
        "Accept-Encoding": "gzip,deflate",
        "Authorization": "Sanitized",
        "Connection": "keep-alive",
        "Content-Length": "0",
        "User-Agent": "azsdk-js-eventgrid-namespaces-rest/1.0.0-beta.1 core-rest-pipeline/1.15.3 Node/18.18.0 OS/(x64-Windows_NT-10.0.22631)",
        "x-ms-client-request-id": "d087ff3b-49fe-4eac-ad81-07a27e1a8191"
      },
      "RequestBody": null,
      "StatusCode": 200,
      "ResponseHeaders": {
        "Content-Length": "393",
        "Content-Type": "application/json; charset=utf-8",
        "Date": "Mon, 15 Apr 2024 19:34:40 GMT"
      },
      "ResponseBody": {
        "value": [
          {
            "brokerProperties": {
              "lockToken": "CiYKJEVEMjNGRjVGLUU0MDktNEE5Ni04NDYwLUYyMTA2M0NFNDg4NxISChDyR+QbKSpFHIHU7k8rsRCv",
              "deliveryCount": 8
            },
            "event": {
              "specversion": "1.0",
              "source": "https://example.com",
              "time": "2024-04-15T19:34:38Z",
              "id": "singleEventIdV210004",
              "datacontenttype": "application/cloudevents+json; charset=utf-8",
              "type": "example",
              "data": {
                "resourceUri": "https://dummyurl.com"
              }
            }
          }
        ]
      }
    },
    {
      "RequestUri": "https://endpoint/topics/testtopic1/eventsubscriptions/testsubscription1:release?api-version=2023-10-01-preview",
      "RequestMethod": "POST",
      "RequestHeaders": {
        "Accept": "application/json",
        "Accept-Encoding": "gzip,deflate",
        "Authorization": "Sanitized",
        "Connection": "keep-alive",
        "Content-Length": "99",
        "Content-Type": "application/json",
        "User-Agent": "azsdk-js-eventgrid-namespaces-rest/1.0.0-beta.1 core-rest-pipeline/1.15.3 Node/18.18.0 OS/(x64-Windows_NT-10.0.22631)",
        "x-ms-client-request-id": "a1ff4647-4a15-4119-88f6-b3ba8371e2a3"
      },
      "RequestBody": {
        "lockTokens": [
          "CiYKJEVEMjNGRjVGLUU0MDktNEE5Ni04NDYwLUYyMTA2M0NFNDg4NxISChDyR+QbKSpFHIHU7k8rsRCv"
        ]
      },
      "StatusCode": 200,
      "ResponseHeaders": {
        "Content-Length": "130",
        "Content-Type": "application/json",
        "Date": "Mon, 15 Apr 2024 19:34:40 GMT"
      },
      "ResponseBody": {
        "succeededLockTokens": [
          "CiYKJEVEMjNGRjVGLUU0MDktNEE5Ni04NDYwLUYyMTA2M0NFNDg4NxISChDyR+QbKSpFHIHU7k8rsRCv"
        ],
        "failedLockTokens": []
      }
    },
    {
      "RequestUri": "https://endpoint/topics/testtopic1/eventsubscriptions/testsubscription1:receive?api-version=2023-10-01-preview",
      "RequestMethod": "POST",
      "RequestHeaders": {
        "Accept": "application/json",
        "Accept-Encoding": "gzip,deflate",
        "Authorization": "Sanitized",
        "Connection": "keep-alive",
        "Content-Length": "0",
        "User-Agent": "azsdk-js-eventgrid-namespaces-rest/1.0.0-beta.1 core-rest-pipeline/1.15.3 Node/18.18.0 OS/(x64-Windows_NT-10.0.22631)",
        "x-ms-client-request-id": "29e64347-d4ff-4c7f-a255-60c5d32c5f7b"
      },
      "RequestBody": null,
      "StatusCode": 200,
      "ResponseHeaders": {
        "Content-Length": "393",
        "Content-Type": "application/json; charset=utf-8",
        "Date": "Mon, 15 Apr 2024 19:34:40 GMT"
      },
      "ResponseBody": {
        "value": [
          {
            "brokerProperties": {
              "lockToken": "CiYKJEVEMjNGRjVGLUU0MDktNEE5Ni04NDYwLUYyMTA2M0NFNDg4NxISChDACCBPtW1IuqjvgcB8f0yY",
              "deliveryCount": 9
            },
            "event": {
              "specversion": "1.0",
              "source": "https://example.com",
              "time": "2024-04-15T19:34:38Z",
              "id": "singleEventIdV210004",
              "datacontenttype": "application/cloudevents+json; charset=utf-8",
              "type": "example",
              "data": {
                "resourceUri": "https://dummyurl.com"
              }
            }
          }
        ]
      }
    },
    {
      "RequestUri": "https://endpoint/topics/testtopic1/eventsubscriptions/testsubscription1:release?api-version=2023-10-01-preview",
      "RequestMethod": "POST",
      "RequestHeaders": {
        "Accept": "application/json",
        "Accept-Encoding": "gzip,deflate",
        "Authorization": "Sanitized",
        "Connection": "keep-alive",
        "Content-Length": "99",
        "Content-Type": "application/json",
        "User-Agent": "azsdk-js-eventgrid-namespaces-rest/1.0.0-beta.1 core-rest-pipeline/1.15.3 Node/18.18.0 OS/(x64-Windows_NT-10.0.22631)",
        "x-ms-client-request-id": "91ebaba8-a1e7-421d-82ce-bbf10d0e7c46"
      },
      "RequestBody": {
        "lockTokens": [
          "CiYKJEVEMjNGRjVGLUU0MDktNEE5Ni04NDYwLUYyMTA2M0NFNDg4NxISChDACCBPtW1IuqjvgcB8f0yY"
        ]
      },
      "StatusCode": 200,
      "ResponseHeaders": {
        "Content-Length": "130",
        "Content-Type": "application/json",
        "Date": "Mon, 15 Apr 2024 19:34:40 GMT"
      },
      "ResponseBody": {
        "succeededLockTokens": [
          "CiYKJEVEMjNGRjVGLUU0MDktNEE5Ni04NDYwLUYyMTA2M0NFNDg4NxISChDACCBPtW1IuqjvgcB8f0yY"
        ],
        "failedLockTokens": []
      }
    },
    {
      "RequestUri": "https://endpoint/topics/testtopic1/eventsubscriptions/testsubscription1:receive?api-version=2023-10-01-preview",
      "RequestMethod": "POST",
      "RequestHeaders": {
        "Accept": "application/json",
        "Accept-Encoding": "gzip,deflate",
        "Authorization": "Sanitized",
        "Connection": "keep-alive",
        "Content-Length": "0",
        "User-Agent": "azsdk-js-eventgrid-namespaces-rest/1.0.0-beta.1 core-rest-pipeline/1.15.3 Node/18.18.0 OS/(x64-Windows_NT-10.0.22631)",
        "x-ms-client-request-id": "91a288b2-4235-4edf-afd0-7073f3c97af9"
      },
      "RequestBody": null,
      "StatusCode": 200,
      "ResponseHeaders": {
        "Content-Length": "394",
        "Content-Type": "application/json; charset=utf-8",
        "Date": "Mon, 15 Apr 2024 19:34:40 GMT"
      },
      "ResponseBody": {
        "value": [
          {
            "brokerProperties": {
              "lockToken": "CiYKJEVEMjNGRjVGLUU0MDktNEE5Ni04NDYwLUYyMTA2M0NFNDg4NxISChC1NQpx8GlEo5f2yshj1qke",
              "deliveryCount": 10
            },
            "event": {
              "specversion": "1.0",
              "source": "https://example.com",
              "time": "2024-04-15T19:34:38Z",
              "id": "singleEventIdV210004",
              "datacontenttype": "application/cloudevents+json; charset=utf-8",
              "type": "example",
              "data": {
                "resourceUri": "https://dummyurl.com"
              }
            }
          }
        ]
      }
    },
    {
      "RequestUri": "https://endpoint/topics/testtopic1/eventsubscriptions/testsubscription1:release?api-version=2023-10-01-preview",
      "RequestMethod": "POST",
      "RequestHeaders": {
        "Accept": "application/json",
        "Accept-Encoding": "gzip,deflate",
        "Authorization": "Sanitized",
        "Connection": "keep-alive",
        "Content-Length": "99",
        "Content-Type": "application/json",
        "User-Agent": "azsdk-js-eventgrid-namespaces-rest/1.0.0-beta.1 core-rest-pipeline/1.15.3 Node/18.18.0 OS/(x64-Windows_NT-10.0.22631)",
        "x-ms-client-request-id": "da00b1ec-76cb-4db9-b0ec-58d4e4392777"
      },
      "RequestBody": {
        "lockTokens": [
          "CiYKJEVEMjNGRjVGLUU0MDktNEE5Ni04NDYwLUYyMTA2M0NFNDg4NxISChC1NQpx8GlEo5f2yshj1qke"
        ]
      },
      "StatusCode": 200,
      "ResponseHeaders": {
        "Content-Length": "130",
        "Content-Type": "application/json",
        "Date": "Mon, 15 Apr 2024 19:34:40 GMT"
      },
      "ResponseBody": {
        "succeededLockTokens": [
          "CiYKJEVEMjNGRjVGLUU0MDktNEE5Ni04NDYwLUYyMTA2M0NFNDg4NxISChC1NQpx8GlEo5f2yshj1qke"
        ],
        "failedLockTokens": []
      }
    },
    {
      "RequestUri": "https://endpoint/topics/testtopic1/eventsubscriptions/testsubscription1:receive?api-version=2023-10-01-preview",
      "RequestMethod": "POST",
      "RequestHeaders": {
        "Accept": "application/json",
        "Accept-Encoding": "gzip,deflate",
        "Authorization": "Sanitized",
        "Connection": "keep-alive",
        "Content-Length": "0",
        "User-Agent": "azsdk-js-eventgrid-namespaces-rest/1.0.0-beta.1 core-rest-pipeline/1.15.3 Node/18.18.0 OS/(x64-Windows_NT-10.0.22631)",
        "x-ms-client-request-id": "b713818d-01a9-4169-86b6-cd88e3760c52"
      },
      "RequestBody": null,
      "StatusCode": 200,
      "ResponseHeaders": {
        "Content-Length": "12",
        "Content-Type": "application/json; charset=utf-8",
        "Date": "Mon, 15 Apr 2024 19:35:40 GMT"
      },
      "ResponseBody": {
        "value": []
      }
    },
    {
      "RequestUri": "https://endpoint/topics/testtopic1/eventsubscriptions/testsubscription1:receive?api-version=2023-10-01-preview",
      "RequestMethod": "POST",
      "RequestHeaders": {
        "Accept": "application/json",
        "Accept-Encoding": "gzip,deflate",
        "Authorization": "Sanitized",
        "Connection": "keep-alive",
        "Content-Length": "0",
        "User-Agent": "azsdk-js-eventgrid-namespaces-rest/1.0.0-beta.1 core-rest-pipeline/1.15.3 Node/18.18.0 OS/(x64-Windows_NT-10.0.22631)",
        "x-ms-client-request-id": "efbaaaf7-c37d-46c4-be5c-d224b5d63581"
      },
      "RequestBody": null,
      "StatusCode": 200,
      "ResponseHeaders": {
        "Content-Length": "12",
        "Content-Type": "application/json; charset=utf-8",
        "Date": "Mon, 15 Apr 2024 19:36:40 GMT"
      },
      "ResponseBody": {
        "value": []
      }
    }
  ],
  "Variables": {
    "singleEventDate": "Mon Apr 15 2024 12:34:38 GMT-0700 (Pacific Daylight Time)",
    "singleEventId": "singleEventIdV210004"
  }
}
