{
  "Entries": [
    {
      "RequestUri": "https://login.microsoftonline.com/99999999-9999-9999-9999-999999999999/v2.0/.well-known/openid-configuration",
      "RequestMethod": "GET",
      "RequestHeaders": {
        "Accept-Encoding": "gzip,deflate",
        "Connection": "keep-alive",
        "User-Agent": "User-Agent",
        "x-ms-client-request-id": "3676ea70-9d3c-4e63-a7bd-97ff896d6805"
      },
      "RequestBody": null,
      "StatusCode": 200,
      "ResponseHeaders": {
        "Access-Control-Allow-Methods": "GET, OPTIONS",
        "Access-Control-Allow-Origin": "*",
        "Cache-Control": "max-age=86400, private",
        "Content-Length": "1753",
        "Content-Type": "application/json; charset=utf-8",
        "Date": "Thu, 22 Feb 2024 21:12:07 GMT",
        "P3P": "CP=\u0022DSP CUR OTPi IND OTRi ONL FIN\u0022",
        "Set-Cookie": "fpc=secret_cookie; expires=Sat, 23-Mar-2024 21:12:07 GMT; path=/; secure; HttpOnly; SameSite=None",
        "Strict-Transport-Security": "max-age=31536000; includeSubDomains",
        "X-Content-Type-Options": "nosniff",
        "x-ms-ests-server": "2.1.17338.9 - WUS3 ProdSlices",
        "x-ms-request-id": "748bdaa9-6464-403f-85c4-39b8e53c2100",
        "X-XSS-Protection": "0"
      },
      "ResponseBody": {
        "token_endpoint": "https://login.microsoftonline.com/99999999-9999-9999-9999-999999999999/oauth2/v2.0/token?client-request-id=client-request-id",
        "token_endpoint_auth_methods_supported": [
          "client_secret_post",
          "private_key_jwt",
          "client_secret_basic"
        ],
        "jwks_uri": "https://login.microsoftonline.com/99999999-9999-9999-9999-999999999999/discovery/v2.0/keys",
        "response_modes_supported": [
          "query",
          "fragment",
          "form_post"
        ],
        "subject_types_supported": [
          "pairwise"
        ],
        "id_token_signing_alg_values_supported": [
          "RS256"
        ],
        "response_types_supported": [
          "code",
          "id_token",
          "code id_token",
          "id_token token"
        ],
        "scopes_supported": [
          "openid",
          "profile",
          "email",
          "offline_access"
        ],
        "issuer": "https://login.microsoftonline.com/99999999-9999-9999-9999-999999999999/v2.0",
        "request_uri_parameter_supported": false,
        "userinfo_endpoint": "https://graph.microsoft.com/oidc/userinfo",
        "authorization_endpoint": "https://login.microsoftonline.com/99999999-9999-9999-9999-999999999999/oauth2/v2.0/authorize",
        "device_authorization_endpoint": "https://login.microsoftonline.com/99999999-9999-9999-9999-999999999999/oauth2/v2.0/devicecode",
        "http_logout_supported": true,
        "frontchannel_logout_supported": true,
        "end_session_endpoint": "https://login.microsoftonline.com/99999999-9999-9999-9999-999999999999/oauth2/v2.0/logout",
        "claims_supported": [
          "sub",
          "iss",
          "cloud_instance_name",
          "cloud_instance_host_name",
          "cloud_graph_host_name",
          "msgraph_host",
          "aud",
          "exp",
          "iat",
          "auth_time",
          "acr",
          "nonce",
          "preferred_username",
          "name",
          "tid",
          "ver",
          "at_hash",
          "c_hash",
          "email"
        ],
        "kerberos_endpoint": "https://login.microsoftonline.com/99999999-9999-9999-9999-999999999999/kerberos",
        "tenant_region_scope": "NA",
        "cloud_instance_name": "microsoftonline.com",
        "cloud_graph_host_name": "graph.windows.net",
        "msgraph_host": "graph.microsoft.com",
        "rbac_url": "https://pas.windows.net"
      }
    },
    {
      "RequestUri": "https://login.microsoftonline.com/99999999-9999-9999-9999-999999999999/oauth2/v2.0/token?client-request-id=client-request-id",
      "RequestMethod": "POST",
      "RequestHeaders": {
        "Accept-Encoding": "gzip,deflate",
        "Connection": "keep-alive",
        "Content-Length": "414",
        "Content-Type": "application/x-www-form-urlencoded;charset=utf-8",
        "User-Agent": "User-Agent",
        "x-ms-client-request-id": "40ed1ad1-f14a-482d-b7b2-9a20876211c3"
      },
      "RequestBody": "client_id=azure_multi_tenant_client_id\u0026scope=https%3A%2F%2Fgraph.microsoft.com%2F.default\u0026grant_type=client_credentials\u0026x-client-SKU=msal.js.node\u0026x-client-VER=identity-client-version\u0026x-client-OS=Sanitized\u0026x-client-CPU=Sanitized\u0026x-ms-lib-capability=retry-after%2C%20h429&x-client-current-telemetry=5%7C771%2C2%2C%2C%2C%7C%2C&x-client-last-telemetry=5%7C0%7C%7C%7C0%2C0&client-request-id=5a8ba102-0b12-4f7b-af99-63daa5fe344b&client_secret=azure_multi_tenant_client_secret",
      "StatusCode": 200,
      "ResponseHeaders": {
        "Cache-Control": "no-store, no-cache",
        "Content-Length": "93",
        "Content-Type": "application/json; charset=utf-8",
        "Date": "Thu, 22 Feb 2024 21:12:07 GMT",
        "Expires": "-1",
        "P3P": "CP=\u0022DSP CUR OTPi IND OTRi ONL FIN\u0022",
        "Pragma": "no-cache",
        "Set-Cookie": "fpc=secret_cookie; expires=Sat, 23-Mar-2024 21:12:07 GMT; path=/; secure; HttpOnly; SameSite=None",
        "Strict-Transport-Security": "max-age=31536000; includeSubDomains",
        "X-Content-Type-Options": "nosniff",
        "x-ms-clitelem": "1,0,0,,",
        "x-ms-ests-server": "2.1.17338.9 - SCUS ProdSlices",
        "x-ms-request-id": "97c7a2ac-ada9-4b80-8b98-10d24eb40e00",
        "X-XSS-Protection": "0"
      },
      "ResponseBody": {
        "token_type": "Bearer",
        "expires_in": 3599,
        "ext_expires_in": 3599,
        "access_token": "access_token"
      }
    },
    {
      "RequestUri": "https://graph.microsoft.com/v1.0/applications/$count",
      "RequestMethod": "GET",
      "RequestHeaders": {
        "Accept-Encoding": "gzip,deflate",
        "Authorization": "Sanitized",
        "Connection": "keep-alive",
        "ConsistencyLevel": "eventual",
        "User-Agent": "User-Agent",
        "x-ms-client-request-id": "69583af4-d3b2-4338-bbf2-067683b9efb3"
      },
      "RequestBody": null,
      "StatusCode": 200,
      "ResponseHeaders": {
        "Cache-Control": "no-cache",
        "client-request-id": "f7fd5bc8-9187-4d25-be1a-dbfdf091e85a",
        "Content-Encoding": "gzip",
        "Content-Type": "text/plain; charset=utf-8",
        "Date": "Thu, 22 Feb 2024 21:12:06 GMT",
        "request-id": "f7fd5bc8-9187-4d25-be1a-dbfdf091e85a",
        "Strict-Transport-Security": "max-age=31536000",
        "Transfer-Encoding": "chunked",
        "Vary": "Accept-Encoding",
        "x-ms-ags-diagnostic": "{\u0022ServerInfo\u0022:{\u0022DataCenter\u0022:\u0022West US 2\u0022,\u0022Slice\u0022:\u0022E\u0022,\u0022Ring\u0022:\u00221\u0022,\u0022ScaleUnit\u0022:\u0022002\u0022,\u0022RoleInstance\u0022:\u0022MWH0EPF0004E171\u0022}}",
        "x-ms-resource-unit": "1"
      },
      "ResponseBody": 420
    }
  ],
  "Variables": {}
}
