{
  "Entries": [
    {
      "RequestUri": "https://endpoint/openai/deployments/text-davinci-002/completions?api-version=2023-12-01-preview",
      "RequestMethod": "POST",
      "RequestHeaders": {
        "Accept": "application/json",
        "Accept-Encoding": "gzip,deflate",
        "Authorization": "Sanitized",
        "Connection": "keep-alive",
        "Content-Length": "36",
        "Content-Type": "application/json; charset=UTF-8",
        "User-Agent": "azsdk-js-openai-rest/1.0.0-beta.8 core-rest-pipeline/1.12.3 Node/v19.9.0 OS/(x64-Linux-6.2.0-1016-azure)",
        "x-ms-client-request-id": "ad0b36b7-5952-456b-b6b8-ab4d93983c0c"
      },
      "RequestBody": {
        "prompt": [
          "What is Azure OpenAI?"
        ]
      },
      "StatusCode": 200,
      "ResponseHeaders": {
        "Access-Control-Allow-Origin": "*",
        "apim-request-id": "067a4c7d-6fda-40a5-9743-5b8bbd38712b",
        "Cache-Control": "must-revalidate, no-cache",
        "Content-Length": "812",
        "Content-Type": "application/json",
        "Date": "Thu, 07 Dec 2023 23:16:02 GMT",
        "Strict-Transport-Security": "max-age=31536000; includeSubDomains; preload",
        "x-accel-buffering": "no",
        "X-Content-Type-Options": "nosniff",
        "x-ms-client-request-id": "ad0b36b7-5952-456b-b6b8-ab4d93983c0c",
        "x-ms-region": "East US",
        "x-ratelimit-remaining-requests": "119",
        "x-ratelimit-remaining-tokens": "119984",
        "X-Request-ID": "20859fba-c5fe-4c38-a5b3-1ac9b28f0375"
      },
      "ResponseBody": {
        "id": "cmpl-8THt5omOcD3wxjC3FfshlAJG5cEY8",
        "object": "text_completion",
        "created": 1701990963,
        "model": "text-davinci-002",
        "prompt_filter_results": [
          {
            "prompt_index": 0,
            "content_filter_results": {
              "hate": {
                "filtered": false,
                "severity": "safe"
              },
              "self_harm": {
                "filtered": false,
                "severity": "safe"
              },
              "sexual": {
                "filtered": false,
                "severity": "safe"
              },
              "violence": {
                "filtered": false,
                "severity": "safe"
              }
            }
          }
        ],
        "choices": [
          {
            "text": "\n\nAzure OpenAI is a toolkit that helps developers create applications that",
            "index": 0,
            "finish_reason": "length",
            "logprobs": null,
            "content_filter_results": {
              "hate": {
                "filtered": false,
                "severity": "safe"
              },
              "self_harm": {
                "filtered": false,
                "severity": "safe"
              },
              "sexual": {
                "filtered": false,
                "severity": "safe"
              },
              "violence": {
                "filtered": false,
                "severity": "safe"
              }
            }
          }
        ],
        "usage": {
          "prompt_tokens": 6,
          "completion_tokens": 16,
          "total_tokens": 22
        }
      }
    },
    {
      "RequestUri": "https://endpoint/openai/deployments/gpt-35-turbo/completions?api-version=2023-12-01-preview",
      "RequestMethod": "POST",
      "RequestHeaders": {
        "Accept": "application/json",
        "Accept-Encoding": "gzip,deflate",
        "Authorization": "Sanitized",
        "Connection": "keep-alive",
        "Content-Length": "36",
        "Content-Type": "application/json; charset=UTF-8",
        "User-Agent": "azsdk-js-openai-rest/1.0.0-beta.8 core-rest-pipeline/1.12.3 Node/v19.9.0 OS/(x64-Linux-6.2.0-1016-azure)",
        "x-ms-client-request-id": "6df903d9-d3a8-478c-984f-45e2fea357ae"
      },
      "RequestBody": {
        "prompt": [
          "What is Azure OpenAI?"
        ]
      },
      "StatusCode": 200,
      "ResponseHeaders": {
        "Access-Control-Allow-Origin": "*",
        "apim-request-id": "0c0e9177-7da0-4ad6-9588-f3de34db1ff5",
        "Cache-Control": "must-revalidate, no-cache",
        "Content-Length": "806",
        "Content-Type": "application/json",
        "Date": "Thu, 07 Dec 2023 23:16:02 GMT",
        "Strict-Transport-Security": "max-age=31536000; includeSubDomains; preload",
        "x-accel-buffering": "no",
        "X-Content-Type-Options": "nosniff",
        "x-ms-client-request-id": "6df903d9-d3a8-478c-984f-45e2fea357ae",
        "x-ms-region": "East US",
        "x-ratelimit-remaining-requests": "45",
        "x-ratelimit-remaining-tokens": "45984",
        "X-Request-ID": "6d13bb05-ca79-4673-a695-e71470a76c85"
      },
      "ResponseBody": {
        "id": "cmpl-8THt5RdQ0fWEhVtGBZECLtgmMBfEY",
        "object": "text_completion",
        "created": 1701990963,
        "model": "gpt-35-turbo",
        "prompt_filter_results": [
          {
            "prompt_index": 0,
            "content_filter_results": {
              "hate": {
                "filtered": false,
                "severity": "safe"
              },
              "self_harm": {
                "filtered": false,
                "severity": "safe"
              },
              "sexual": {
                "filtered": false,
                "severity": "safe"
              },
              "violence": {
                "filtered": false,
                "severity": "safe"
              }
            }
          }
        ],
        "choices": [
          {
            "text": "** \nMicrosoft partners with OpenAI and invests over $1 billion to advance",
            "index": 0,
            "finish_reason": "length",
            "logprobs": null,
            "content_filter_results": {
              "hate": {
                "filtered": false,
                "severity": "safe"
              },
              "self_harm": {
                "filtered": false,
                "severity": "safe"
              },
              "sexual": {
                "filtered": false,
                "severity": "safe"
              },
              "violence": {
                "filtered": false,
                "severity": "safe"
              }
            }
          }
        ],
        "usage": {
          "prompt_tokens": 6,
          "completion_tokens": 16,
          "total_tokens": 22
        }
      }
    },
    {
      "RequestUri": "https://endpoint/openai/deployments/text-similarity-curie-001/completions?api-version=2023-12-01-preview",
      "RequestMethod": "POST",
      "RequestHeaders": {
        "Accept": "application/json",
        "Accept-Encoding": "gzip,deflate",
        "Authorization": "Sanitized",
        "Connection": "keep-alive",
        "Content-Length": "36",
        "Content-Type": "application/json; charset=UTF-8",
        "User-Agent": "azsdk-js-openai-rest/1.0.0-beta.8 core-rest-pipeline/1.12.3 Node/v19.9.0 OS/(x64-Linux-6.2.0-1016-azure)",
        "x-ms-client-request-id": "d3e3353a-dc51-41ad-aaee-02524d124247"
      },
      "RequestBody": {
        "prompt": [
          "What is Azure OpenAI?"
        ]
      },
      "StatusCode": 400,
      "ResponseHeaders": {
        "apim-request-id": "ad01329d-36e4-40a8-a34c-8bb4d0f6cde7",
        "Content-Length": "316",
        "Content-Type": "application/json",
        "Date": "Thu, 07 Dec 2023 23:16:02 GMT",
        "Strict-Transport-Security": "max-age=31536000; includeSubDomains; preload",
        "X-Content-Type-Options": "nosniff",
        "x-ms-client-request-id": "d3e3353a-dc51-41ad-aaee-02524d124247",
        "x-ms-region": "East US",
        "x-ratelimit-remaining-requests": "119",
        "x-ratelimit-remaining-tokens": "119984"
      },
      "ResponseBody": {
        "error": {
          "code": "OperationNotSupported",
          "message": "The completion operation does not work with the specified model, text-similarity-curie-001. Please choose different model and try again. You can learn more about which models can be used with each operation here: https://go.microsoft.com/fwlink/?linkid=2197993."
        }
      }
    },
    {
      "RequestUri": "https://endpoint/openai/deployments/text-davinci-003/completions?api-version=2023-12-01-preview",
      "RequestMethod": "POST",
      "RequestHeaders": {
        "Accept": "application/json",
        "Accept-Encoding": "gzip,deflate",
        "Authorization": "Sanitized",
        "Connection": "keep-alive",
        "Content-Length": "36",
        "Content-Type": "application/json; charset=UTF-8",
        "User-Agent": "azsdk-js-openai-rest/1.0.0-beta.8 core-rest-pipeline/1.12.3 Node/v19.9.0 OS/(x64-Linux-6.2.0-1016-azure)",
        "x-ms-client-request-id": "634a7ef3-9282-4b95-a452-c6f25634b8a2"
      },
      "RequestBody": {
        "prompt": [
          "What is Azure OpenAI?"
        ]
      },
      "StatusCode": 200,
      "ResponseHeaders": {
        "Access-Control-Allow-Origin": "*",
        "apim-request-id": "db38820f-dda4-4002-bcc2-74bccd947d2c",
        "Cache-Control": "must-revalidate, no-cache",
        "Content-Length": "813",
        "Content-Type": "application/json",
        "Date": "Thu, 07 Dec 2023 23:16:03 GMT",
        "Strict-Transport-Security": "max-age=31536000; includeSubDomains; preload",
        "x-accel-buffering": "no",
        "X-Content-Type-Options": "nosniff",
        "x-ms-client-request-id": "634a7ef3-9282-4b95-a452-c6f25634b8a2",
        "x-ms-region": "East US",
        "x-ratelimit-remaining-requests": "59",
        "x-ratelimit-remaining-tokens": "59984",
        "X-Request-ID": "898bce1a-abed-4879-9c80-dba73d4ec498"
      },
      "ResponseBody": {
        "id": "cmpl-8THt5spVzuWGgobNCfAPrQx7k6I03",
        "object": "text_completion",
        "created": 1701990963,
        "model": "text-davinci-003",
        "prompt_filter_results": [
          {
            "prompt_index": 0,
            "content_filter_results": {
              "hate": {
                "filtered": false,
                "severity": "safe"
              },
              "self_harm": {
                "filtered": false,
                "severity": "safe"
              },
              "sexual": {
                "filtered": false,
                "severity": "safe"
              },
              "violence": {
                "filtered": false,
                "severity": "safe"
              }
            }
          }
        ],
        "choices": [
          {
            "text": "\n\nAzure OpenAI is an open source initiative and platform from Microsoft for",
            "index": 0,
            "finish_reason": "length",
            "logprobs": null,
            "content_filter_results": {
              "hate": {
                "filtered": false,
                "severity": "safe"
              },
              "self_harm": {
                "filtered": false,
                "severity": "safe"
              },
              "sexual": {
                "filtered": false,
                "severity": "safe"
              },
              "violence": {
                "filtered": false,
                "severity": "safe"
              }
            }
          }
        ],
        "usage": {
          "prompt_tokens": 6,
          "completion_tokens": 16,
          "total_tokens": 22
        }
      }
    },
    {
      "RequestUri": "https://endpoint/openai/deployments/gpt-4/completions?api-version=2023-12-01-preview",
      "RequestMethod": "POST",
      "RequestHeaders": {
        "Accept": "application/json",
        "Accept-Encoding": "gzip,deflate",
        "Authorization": "Sanitized",
        "Connection": "keep-alive",
        "Content-Length": "36",
        "Content-Type": "application/json; charset=UTF-8",
        "User-Agent": "azsdk-js-openai-rest/1.0.0-beta.8 core-rest-pipeline/1.12.3 Node/v19.9.0 OS/(x64-Linux-6.2.0-1016-azure)",
        "x-ms-client-request-id": "bccbc449-eea4-4041-9f56-aaa279f9bab6"
      },
      "RequestBody": {
        "prompt": [
          "What is Azure OpenAI?"
        ]
      },
      "StatusCode": 400,
      "ResponseHeaders": {
        "apim-request-id": "35ef7870-fc0b-4c29-ac7e-6c22e65cb131",
        "Content-Length": "296",
        "Content-Type": "application/json",
        "Date": "Thu, 07 Dec 2023 23:16:03 GMT",
        "Strict-Transport-Security": "max-age=31536000; includeSubDomains; preload",
        "X-Content-Type-Options": "nosniff",
        "x-ms-client-request-id": "bccbc449-eea4-4041-9f56-aaa279f9bab6",
        "x-ms-region": "East US",
        "x-ratelimit-remaining-requests": "9",
        "x-ratelimit-remaining-tokens": "9984"
      },
      "ResponseBody": {
        "error": {
          "code": "OperationNotSupported",
          "message": "The completion operation does not work with the specified model, gpt-4. Please choose different model and try again. You can learn more about which models can be used with each operation here: https://go.microsoft.com/fwlink/?linkid=2197993."
        }
      }
    },
    {
      "RequestUri": "https://endpoint/openai/deployments/gpt-4-32k/completions?api-version=2023-12-01-preview",
      "RequestMethod": "POST",
      "RequestHeaders": {
        "Accept": "application/json",
        "Accept-Encoding": "gzip,deflate",
        "Authorization": "Sanitized",
        "Connection": "keep-alive",
        "Content-Length": "36",
        "Content-Type": "application/json; charset=UTF-8",
        "User-Agent": "azsdk-js-openai-rest/1.0.0-beta.8 core-rest-pipeline/1.12.3 Node/v19.9.0 OS/(x64-Linux-6.2.0-1016-azure)",
        "x-ms-client-request-id": "06a4c1af-5bbe-449d-bb0e-b9a07d238502"
      },
      "RequestBody": {
        "prompt": [
          "What is Azure OpenAI?"
        ]
      },
      "StatusCode": 400,
      "ResponseHeaders": {
        "apim-request-id": "b583b984-8a4a-4838-8f03-2018caaeaf68",
        "Content-Length": "300",
        "Content-Type": "application/json",
        "Date": "Thu, 07 Dec 2023 23:16:03 GMT",
        "Strict-Transport-Security": "max-age=31536000; includeSubDomains; preload",
        "X-Content-Type-Options": "nosniff",
        "x-ms-client-request-id": "06a4c1af-5bbe-449d-bb0e-b9a07d238502",
        "x-ms-region": "East US",
        "x-ratelimit-remaining-requests": "29",
        "x-ratelimit-remaining-tokens": "29984"
      },
      "ResponseBody": {
        "error": {
          "code": "OperationNotSupported",
          "message": "The completion operation does not work with the specified model, gpt-4-32k. Please choose different model and try again. You can learn more about which models can be used with each operation here: https://go.microsoft.com/fwlink/?linkid=2197993."
        }
      }
    },
    {
      "RequestUri": "https://endpoint/openai/deployments/text-embedding-ada-002/completions?api-version=2023-12-01-preview",
      "RequestMethod": "POST",
      "RequestHeaders": {
        "Accept": "application/json",
        "Accept-Encoding": "gzip,deflate",
        "Authorization": "Sanitized",
        "Connection": "keep-alive",
        "Content-Length": "36",
        "Content-Type": "application/json; charset=UTF-8",
        "User-Agent": "azsdk-js-openai-rest/1.0.0-beta.8 core-rest-pipeline/1.12.3 Node/v19.9.0 OS/(x64-Linux-6.2.0-1016-azure)",
        "x-ms-client-request-id": "e2e33691-cd0e-4f23-b16b-d690d7feb305"
      },
      "RequestBody": {
        "prompt": [
          "What is Azure OpenAI?"
        ]
      },
      "StatusCode": 400,
      "ResponseHeaders": {
        "apim-request-id": "192cf1a3-ba16-43ca-b769-18b8a85be265",
        "Content-Length": "313",
        "Content-Type": "application/json",
        "Date": "Thu, 07 Dec 2023 23:16:03 GMT",
        "Strict-Transport-Security": "max-age=31536000; includeSubDomains; preload",
        "X-Content-Type-Options": "nosniff",
        "x-ms-client-request-id": "e2e33691-cd0e-4f23-b16b-d690d7feb305",
        "x-ms-region": "East US",
        "x-ratelimit-remaining-requests": "99",
        "x-ratelimit-remaining-tokens": "99984"
      },
      "ResponseBody": {
        "error": {
          "code": "OperationNotSupported",
          "message": "The completion operation does not work with the specified model, text-embedding-ada-002. Please choose different model and try again. You can learn more about which models can be used with each operation here: https://go.microsoft.com/fwlink/?linkid=2197993."
        }
      }
    },
    {
      "RequestUri": "https://endpoint/openai/deployments/gpt-35-turbo-0613/completions?api-version=2023-12-01-preview",
      "RequestMethod": "POST",
      "RequestHeaders": {
        "Accept": "application/json",
        "Accept-Encoding": "gzip,deflate",
        "Authorization": "Sanitized",
        "Connection": "keep-alive",
        "Content-Length": "36",
        "Content-Type": "application/json; charset=UTF-8",
        "User-Agent": "azsdk-js-openai-rest/1.0.0-beta.8 core-rest-pipeline/1.12.3 Node/v19.9.0 OS/(x64-Linux-6.2.0-1016-azure)",
        "x-ms-client-request-id": "e53de0e9-da2d-45e7-a81f-00f87e179350"
      },
      "RequestBody": {
        "prompt": [
          "What is Azure OpenAI?"
        ]
      },
      "StatusCode": 400,
      "ResponseHeaders": {
        "apim-request-id": "bdf6511a-a2be-4337-9bf4-51c866b3dfeb",
        "Content-Length": "303",
        "Content-Type": "application/json",
        "Date": "Thu, 07 Dec 2023 23:16:03 GMT",
        "Strict-Transport-Security": "max-age=31536000; includeSubDomains; preload",
        "X-Content-Type-Options": "nosniff",
        "x-ms-client-request-id": "e53de0e9-da2d-45e7-a81f-00f87e179350",
        "x-ms-region": "East US",
        "x-ratelimit-remaining-requests": "19",
        "x-ratelimit-remaining-tokens": "19984"
      },
      "ResponseBody": {
        "error": {
          "code": "OperationNotSupported",
          "message": "The completion operation does not work with the specified model, gpt-35-turbo. Please choose different model and try again. You can learn more about which models can be used with each operation here: https://go.microsoft.com/fwlink/?linkid=2197993."
        }
      }
    },
    {
      "RequestUri": "https://endpoint/openai/deployments/gpt-4-0613/completions?api-version=2023-12-01-preview",
      "RequestMethod": "POST",
      "RequestHeaders": {
        "Accept": "application/json",
        "Accept-Encoding": "gzip,deflate",
        "Authorization": "Sanitized",
        "Connection": "keep-alive",
        "Content-Length": "36",
        "Content-Type": "application/json; charset=UTF-8",
        "User-Agent": "azsdk-js-openai-rest/1.0.0-beta.8 core-rest-pipeline/1.12.3 Node/v19.9.0 OS/(x64-Linux-6.2.0-1016-azure)",
        "x-ms-client-request-id": "d74a7431-eece-48e2-aed3-ff3e7219cc62"
      },
      "RequestBody": {
        "prompt": [
          "What is Azure OpenAI?"
        ]
      },
      "StatusCode": 400,
      "ResponseHeaders": {
        "apim-request-id": "077bf8aa-b1e8-45e3-9f5b-f61709ce3d30",
        "Content-Length": "296",
        "Content-Type": "application/json",
        "Date": "Thu, 07 Dec 2023 23:16:04 GMT",
        "Strict-Transport-Security": "max-age=31536000; includeSubDomains; preload",
        "X-Content-Type-Options": "nosniff",
        "x-ms-client-request-id": "d74a7431-eece-48e2-aed3-ff3e7219cc62",
        "x-ms-region": "East US",
        "x-ratelimit-remaining-requests": "9",
        "x-ratelimit-remaining-tokens": "9984"
      },
      "ResponseBody": {
        "error": {
          "code": "OperationNotSupported",
          "message": "The completion operation does not work with the specified model, gpt-4. Please choose different model and try again. You can learn more about which models can be used with each operation here: https://go.microsoft.com/fwlink/?linkid=2197993."
        }
      }
    },
    {
      "RequestUri": "https://endpoint/openai/deployments/gpt-35-turbo-16k/completions?api-version=2023-12-01-preview",
      "RequestMethod": "POST",
      "RequestHeaders": {
        "Accept": "application/json",
        "Accept-Encoding": "gzip,deflate",
        "Authorization": "Sanitized",
        "Connection": "keep-alive",
        "Content-Length": "36",
        "Content-Type": "application/json; charset=UTF-8",
        "User-Agent": "azsdk-js-openai-rest/1.0.0-beta.8 core-rest-pipeline/1.12.3 Node/v19.9.0 OS/(x64-Linux-6.2.0-1016-azure)",
        "x-ms-client-request-id": "ec54afe4-74a5-482e-abe1-4143b28c40d8"
      },
      "RequestBody": {
        "prompt": [
          "What is Azure OpenAI?"
        ]
      },
      "StatusCode": 400,
      "ResponseHeaders": {
        "apim-request-id": "79bf7201-633f-4a1a-bace-107f759d524f",
        "Content-Length": "307",
        "Content-Type": "application/json",
        "Date": "Thu, 07 Dec 2023 23:16:04 GMT",
        "Strict-Transport-Security": "max-age=31536000; includeSubDomains; preload",
        "X-Content-Type-Options": "nosniff",
        "x-ms-client-request-id": "ec54afe4-74a5-482e-abe1-4143b28c40d8",
        "x-ms-region": "East US",
        "x-ratelimit-remaining-requests": "1",
        "x-ratelimit-remaining-tokens": "1984"
      },
      "ResponseBody": {
        "error": {
          "code": "OperationNotSupported",
          "message": "The completion operation does not work with the specified model, gpt-35-turbo-16k. Please choose different model and try again. You can learn more about which models can be used with each operation here: https://go.microsoft.com/fwlink/?linkid=2197993."
        }
      }
    },
    {
      "RequestUri": "https://endpoint/openai/deployments/gpt-35-turbo-0613-plugins/completions?api-version=2023-12-01-preview",
      "RequestMethod": "POST",
      "RequestHeaders": {
        "Accept": "application/json",
        "Accept-Encoding": "gzip,deflate",
        "Authorization": "Sanitized",
        "Connection": "keep-alive",
        "Content-Length": "36",
        "Content-Type": "application/json; charset=UTF-8",
        "User-Agent": "azsdk-js-openai-rest/1.0.0-beta.8 core-rest-pipeline/1.12.3 Node/v19.9.0 OS/(x64-Linux-6.2.0-1016-azure)",
        "x-ms-client-request-id": "3cd26c82-8d9c-4230-9490-f303a077cac3"
      },
      "RequestBody": {
        "prompt": [
          "What is Azure OpenAI?"
        ]
      },
      "StatusCode": 400,
      "ResponseHeaders": {
        "apim-request-id": "ee2afaf9-25c7-4759-9bb6-40b5d7b13c2f",
        "Content-Length": "303",
        "Content-Type": "application/json",
        "Date": "Thu, 07 Dec 2023 23:16:04 GMT",
        "Strict-Transport-Security": "max-age=31536000; includeSubDomains; preload",
        "X-Content-Type-Options": "nosniff",
        "x-ms-client-request-id": "3cd26c82-8d9c-4230-9490-f303a077cac3",
        "x-ms-region": "East US",
        "x-ratelimit-remaining-requests": "14",
        "x-ratelimit-remaining-tokens": "14984"
      },
      "ResponseBody": {
        "error": {
          "code": "OperationNotSupported",
          "message": "The completion operation does not work with the specified model, gpt-35-turbo. Please choose different model and try again. You can learn more about which models can be used with each operation here: https://go.microsoft.com/fwlink/?linkid=2197993."
        }
      }
    },
    {
      "RequestUri": "https://endpoint/openai/deployments/gpt-35-turbo-instruct/completions?api-version=2023-12-01-preview",
      "RequestMethod": "POST",
      "RequestHeaders": {
        "Accept": "application/json",
        "Accept-Encoding": "gzip,deflate",
        "Authorization": "Sanitized",
        "Connection": "keep-alive",
        "Content-Length": "36",
        "Content-Type": "application/json; charset=UTF-8",
        "User-Agent": "azsdk-js-openai-rest/1.0.0-beta.8 core-rest-pipeline/1.12.3 Node/v19.9.0 OS/(x64-Linux-6.2.0-1016-azure)",
        "x-ms-client-request-id": "2c0b94e6-6fdd-4799-81a1-66bc704efc7d"
      },
      "RequestBody": {
        "prompt": [
          "What is Azure OpenAI?"
        ]
      },
      "StatusCode": 200,
      "ResponseHeaders": {
        "Access-Control-Allow-Origin": "*",
        "apim-request-id": "07a3e251-a883-444d-a3a5-9e3a09ad607e",
        "Cache-Control": "must-revalidate, no-cache",
        "Content-Length": "822",
        "Content-Type": "application/json",
        "Date": "Thu, 07 Dec 2023 23:16:04 GMT",
        "Strict-Transport-Security": "max-age=31536000; includeSubDomains; preload",
        "x-accel-buffering": "no",
        "X-Content-Type-Options": "nosniff",
        "x-ms-client-request-id": "2c0b94e6-6fdd-4799-81a1-66bc704efc7d",
        "x-ms-region": "East US",
        "x-ratelimit-remaining-requests": "119",
        "x-ratelimit-remaining-tokens": "119984",
        "X-Request-ID": "56ff093e-2475-499d-87a3-697bd7164951"
      },
      "ResponseBody": {
        "id": "cmpl-8THt7pVX7nArh2Lzr06ks6OyvmATm",
        "object": "text_completion",
        "created": 1701990965,
        "model": "gpt-35-turbo-instruct",
        "prompt_filter_results": [
          {
            "prompt_index": 0,
            "content_filter_results": {
              "hate": {
                "filtered": false,
                "severity": "safe"
              },
              "self_harm": {
                "filtered": false,
                "severity": "safe"
              },
              "sexual": {
                "filtered": false,
                "severity": "safe"
              },
              "violence": {
                "filtered": false,
                "severity": "safe"
              }
            }
          }
        ],
        "choices": [
          {
            "text": "\n\nAzure OpenAI is a collaboration between Microsoft Azure and OpenAI, a leading",
            "index": 0,
            "finish_reason": "length",
            "logprobs": null,
            "content_filter_results": {
              "hate": {
                "filtered": false,
                "severity": "safe"
              },
              "self_harm": {
                "filtered": false,
                "severity": "safe"
              },
              "sexual": {
                "filtered": false,
                "severity": "safe"
              },
              "violence": {
                "filtered": false,
                "severity": "safe"
              }
            }
          }
        ],
        "usage": {
          "prompt_tokens": 6,
          "completion_tokens": 16,
          "total_tokens": 22
        }
      }
    }
  ],
  "Variables": {}
}
