{
  "Entries": [
    {
      "RequestUri": "https://endpoint/openai/assistants?api-version=2024-02-15-preview",
      "RequestMethod": "POST",
      "RequestHeaders": {
        "Accept": "application/json",
        "Accept-Encoding": "gzip, deflate, br",
        "Accept-Language": "en-US",
        "api-key": "azure_api_key",
        "Connection": "keep-alive",
        "Content-Length": "187",
        "Content-Type": "application/json; charset=UTF-8",
        "Referer": "http://localhost:9876/",
        "sec-ch-ua": "",
        "sec-ch-ua-mobile": "?0",
        "sec-ch-ua-platform": "\u0022\u0022",
        "Sec-Fetch-Dest": "empty",
        "Sec-Fetch-Mode": "cors",
        "Sec-Fetch-Site": "same-site",
        "User-Agent": "Mozilla/5.0 (Windows NT 10.0; Win64; x64) AppleWebKit/537.36 (KHTML, like Gecko) HeadlessChrome/112.0.5614.0 Safari/537.36",
        "x-ms-client-request-id": "10bb5b85-03fb-4291-bd2f-d07bb6dc18c3",
        "x-ms-useragent": "azsdk-js-openai-assistants-rest/1.0.0-beta.1 core-rest-pipeline/1.14.1 OS"
      },
      "RequestBody": {
        "model": "gpt-4-1106-preview",
        "name": "JS CI Math Tutor",
        "instructions": "You are a personal math tutor. Write and run code to answer math questions.",
        "tools": [
          {
            "type": "code_interpreter"
          }
        ]
      },
      "StatusCode": 200,
      "ResponseHeaders": {
        "apim-request-id": "200aaa25-f7a3-4a8e-b526-4c64d2e9620d",
        "Content-Length": "378",
        "Content-Type": "application/json",
        "Date": "Mon, 05 Feb 2024 18:17:55 GMT",
        "Strict-Transport-Security": "max-age=31536000; includeSubDomains; preload",
        "X-Content-Type-Options": "nosniff",
        "x-ms-client-request-id": "10bb5b85-03fb-4291-bd2f-d07bb6dc18c3",
        "x-ms-region": "West US 2",
        "x-ratelimit-remaining-requests": "15",
        "x-ratelimit-remaining-tokens": "16080",
        "X-Request-ID": "ee34591b-5f4a-41f9-b892-263ced333a55"
      },
      "ResponseBody": {
        "id": "asst_6lQ50NZ2r5C8Vbwfwyv3lwBq",
        "object": "assistant",
        "created_at": 1707157075,
        "name": "JS CI Math Tutor",
        "description": null,
        "model": "gpt-4-1106-preview",
        "instructions": "You are a personal math tutor. Write and run code to answer math questions.",
        "tools": [
          {
            "type": "code_interpreter"
          }
        ],
        "file_ids": [],
        "metadata": {}
      }
    },
    {
      "RequestUri": "https://endpoint/openai/threads?api-version=2024-02-15-preview",
      "RequestMethod": "POST",
      "RequestHeaders": {
        "Accept": "application/json",
        "Accept-Encoding": "gzip, deflate, br",
        "Accept-Language": "en-US",
        "api-key": "azure_api_key",
        "Connection": "keep-alive",
        "Content-Length": "15",
        "Content-Type": "application/json; charset=UTF-8",
        "Referer": "http://localhost:9876/",
        "sec-ch-ua": "",
        "sec-ch-ua-mobile": "?0",
        "sec-ch-ua-platform": "\u0022\u0022",
        "Sec-Fetch-Dest": "empty",
        "Sec-Fetch-Mode": "cors",
        "Sec-Fetch-Site": "same-site",
        "User-Agent": "Mozilla/5.0 (Windows NT 10.0; Win64; x64) AppleWebKit/537.36 (KHTML, like Gecko) HeadlessChrome/112.0.5614.0 Safari/537.36",
        "x-ms-client-request-id": "b5ae6c78-099e-4041-8ae3-0efb869fdf81",
        "x-ms-useragent": "azsdk-js-openai-assistants-rest/1.0.0-beta.1 core-rest-pipeline/1.14.1 OS"
      },
      "RequestBody": {
        "messages": []
      },
      "StatusCode": 200,
      "ResponseHeaders": {
        "apim-request-id": "7064c3d1-e52c-424f-8756-a8c50d4c01e5",
        "Content-Length": "113",
        "Content-Type": "application/json",
        "Date": "Mon, 05 Feb 2024 18:17:55 GMT",
        "Strict-Transport-Security": "max-age=31536000; includeSubDomains; preload",
        "X-Content-Type-Options": "nosniff",
        "x-ms-client-request-id": "b5ae6c78-099e-4041-8ae3-0efb869fdf81",
        "x-ms-region": "West US 2",
        "X-Request-ID": "3f9d7140-3d9a-4637-acbf-930b875845bf"
      },
      "ResponseBody": {
        "id": "thread_dtjpdzJDOILkWtT36kHlAFNT",
        "object": "thread",
        "created_at": 1707157075,
        "metadata": {}
      }
    },
    {
      "RequestUri": "https://endpoint/openai/threads/thread_dtjpdzJDOILkWtT36kHlAFNT/runs?api-version=2024-02-15-preview",
      "RequestMethod": "POST",
      "RequestHeaders": {
        "Accept": "application/json",
        "Accept-Encoding": "gzip, deflate, br",
        "Accept-Language": "en-US",
        "api-key": "azure_api_key",
        "Connection": "keep-alive",
        "Content-Length": "159",
        "Content-Type": "application/json; charset=UTF-8",
        "Referer": "http://localhost:9876/",
        "sec-ch-ua": "",
        "sec-ch-ua-mobile": "?0",
        "sec-ch-ua-platform": "\u0022\u0022",
        "Sec-Fetch-Dest": "empty",
        "Sec-Fetch-Mode": "cors",
        "Sec-Fetch-Site": "same-site",
        "User-Agent": "Mozilla/5.0 (Windows NT 10.0; Win64; x64) AppleWebKit/537.36 (KHTML, like Gecko) HeadlessChrome/112.0.5614.0 Safari/537.36",
        "x-ms-client-request-id": "5d03da2d-c609-4e00-9c44-0dd84fb890f6",
        "x-ms-useragent": "azsdk-js-openai-assistants-rest/1.0.0-beta.1 core-rest-pipeline/1.14.1 OS"
      },
      "RequestBody": {
        "assistant_id": "asst_6lQ50NZ2r5C8Vbwfwyv3lwBq",
        "instructions": "Please address the user as Jane Doe. The user has a premium account.",
        "metadata": {
          "foo": "bar"
        }
      },
      "StatusCode": 200,
      "ResponseHeaders": {
        "apim-request-id": "b128db34-b636-4819-a60b-b50d8c7b5dda",
        "Content-Length": "602",
        "Content-Type": "application/json",
        "Date": "Mon, 05 Feb 2024 18:17:55 GMT",
        "Strict-Transport-Security": "max-age=31536000; includeSubDomains; preload",
        "X-Content-Type-Options": "nosniff",
        "x-ms-client-request-id": "5d03da2d-c609-4e00-9c44-0dd84fb890f6",
        "x-ms-region": "West US 2",
        "X-Request-ID": "a87da660-b3c1-4e77-96df-ea9f4c62b636"
      },
      "ResponseBody": {
        "id": "run_AfIvWot45ptSDeJvubI8qp6W",
        "object": "thread.run",
        "created_at": 1707157076,
        "assistant_id": "asst_6lQ50NZ2r5C8Vbwfwyv3lwBq",
        "thread_id": "thread_dtjpdzJDOILkWtT36kHlAFNT",
        "status": "queued",
        "started_at": null,
        "expires_at": 1707157676,
        "cancelled_at": null,
        "failed_at": null,
        "completed_at": null,
        "last_error": null,
        "model": "gpt-4-1106-preview",
        "instructions": "Please address the user as Jane Doe. The user has a premium account.",
        "tools": [
          {
            "type": "code_interpreter"
          }
        ],
        "file_ids": [],
        "metadata": {
          "foo": "bar"
        }
      }
    },
    {
      "RequestUri": "https://endpoint/openai/threads/thread_dtjpdzJDOILkWtT36kHlAFNT/runs/run_AfIvWot45ptSDeJvubI8qp6W/steps?api-version=2024-02-15-preview",
      "RequestMethod": "GET",
      "RequestHeaders": {
        "Accept": "application/json",
        "Accept-Encoding": "gzip, deflate, br",
        "Accept-Language": "en-US",
        "api-key": "azure_api_key",
        "Connection": "keep-alive",
        "Referer": "http://localhost:9876/",
        "sec-ch-ua": "",
        "sec-ch-ua-mobile": "?0",
        "sec-ch-ua-platform": "\u0022\u0022",
        "Sec-Fetch-Dest": "empty",
        "Sec-Fetch-Mode": "cors",
        "Sec-Fetch-Site": "same-site",
        "User-Agent": "Mozilla/5.0 (Windows NT 10.0; Win64; x64) AppleWebKit/537.36 (KHTML, like Gecko) HeadlessChrome/112.0.5614.0 Safari/537.36",
        "x-ms-client-request-id": "3b58e957-cf78-4bdd-be10-ad8b045b2222",
        "x-ms-useragent": "azsdk-js-openai-assistants-rest/1.0.0-beta.1 core-rest-pipeline/1.14.1 OS"
      },
      "RequestBody": null,
      "StatusCode": 200,
      "ResponseHeaders": {
        "apim-request-id": "77c8db73-c646-4da1-8ec6-3ae6d5d214af",
        "Content-Length": "96",
        "Content-Type": "application/json",
        "Date": "Mon, 05 Feb 2024 18:17:56 GMT",
        "Strict-Transport-Security": "max-age=31536000; includeSubDomains; preload",
        "X-Content-Type-Options": "nosniff",
        "x-ms-client-request-id": "3b58e957-cf78-4bdd-be10-ad8b045b2222",
        "x-ms-region": "West US 2",
        "X-Request-ID": "d63b84df-7516-4c45-9cd7-234368cdfd71"
      },
      "ResponseBody": {
        "object": "list",
        "data": [],
        "first_id": null,
        "last_id": null,
        "has_more": false
      }
    },
    {
      "RequestUri": "https://endpoint/openai/threads/thread_dtjpdzJDOILkWtT36kHlAFNT/runs?limit=1\u0026api-version=2024-02-15-preview",
      "RequestMethod": "GET",
      "RequestHeaders": {
        "Accept": "application/json",
        "Accept-Encoding": "gzip, deflate, br",
        "Accept-Language": "en-US",
        "api-key": "azure_api_key",
        "Connection": "keep-alive",
        "Referer": "http://localhost:9876/",
        "sec-ch-ua": "",
        "sec-ch-ua-mobile": "?0",
        "sec-ch-ua-platform": "\u0022\u0022",
        "Sec-Fetch-Dest": "empty",
        "Sec-Fetch-Mode": "cors",
        "Sec-Fetch-Site": "same-site",
        "User-Agent": "Mozilla/5.0 (Windows NT 10.0; Win64; x64) AppleWebKit/537.36 (KHTML, like Gecko) HeadlessChrome/112.0.5614.0 Safari/537.36",
        "x-ms-client-request-id": "3707bb4c-0d1b-4b05-a97d-0811db758269",
        "x-ms-useragent": "azsdk-js-openai-assistants-rest/1.0.0-beta.1 core-rest-pipeline/1.14.1 OS"
      },
      "RequestBody": null,
      "StatusCode": 200,
      "ResponseHeaders": {
        "apim-request-id": "419d551e-ea13-4c8c-9756-cbdbabc1abc8",
        "Content-Length": "865",
        "Content-Type": "application/json",
        "Date": "Mon, 05 Feb 2024 18:17:56 GMT",
        "Strict-Transport-Security": "max-age=31536000; includeSubDomains; preload",
        "X-Content-Type-Options": "nosniff",
        "x-ms-client-request-id": "3707bb4c-0d1b-4b05-a97d-0811db758269",
        "x-ms-region": "West US 2",
        "X-Request-ID": "2fe84902-053a-454e-ad94-29b2a0feb3b8"
      },
      "ResponseBody": {
        "object": "list",
        "data": [
          {
            "id": "run_AfIvWot45ptSDeJvubI8qp6W",
            "object": "thread.run",
            "created_at": 1707157076,
            "assistant_id": "asst_6lQ50NZ2r5C8Vbwfwyv3lwBq",
            "thread_id": "thread_dtjpdzJDOILkWtT36kHlAFNT",
            "status": "in_progress",
            "started_at": 1707157076,
            "expires_at": 1707157676,
            "cancelled_at": null,
            "failed_at": null,
            "completed_at": null,
            "last_error": null,
            "model": "gpt-4-1106-preview",
            "instructions": "Please address the user as Jane Doe. The user has a premium account.",
            "tools": [
              {
                "type": "code_interpreter"
              }
            ],
            "file_ids": [],
            "metadata": {
              "foo": "bar"
            }
          }
        ],
        "first_id": "run_AfIvWot45ptSDeJvubI8qp6W",
        "last_id": "run_AfIvWot45ptSDeJvubI8qp6W",
        "has_more": false
      }
    },
    {
      "RequestUri": "https://endpoint/openai/threads/thread_dtjpdzJDOILkWtT36kHlAFNT/runs/run_AfIvWot45ptSDeJvubI8qp6W/cancel?api-version=2024-02-15-preview",
      "RequestMethod": "POST",
      "RequestHeaders": {
        "Accept": "application/json",
        "Accept-Encoding": "gzip, deflate, br",
        "Accept-Language": "en-US",
        "api-key": "azure_api_key",
        "Connection": "keep-alive",
        "Content-Length": "0",
        "Referer": "http://localhost:9876/",
        "sec-ch-ua": "",
        "sec-ch-ua-mobile": "?0",
        "sec-ch-ua-platform": "\u0022\u0022",
        "Sec-Fetch-Dest": "empty",
        "Sec-Fetch-Mode": "cors",
        "Sec-Fetch-Site": "same-site",
        "User-Agent": "Mozilla/5.0 (Windows NT 10.0; Win64; x64) AppleWebKit/537.36 (KHTML, like Gecko) HeadlessChrome/112.0.5614.0 Safari/537.36",
        "x-ms-client-request-id": "1465a619-c5ad-4e0b-b05a-51f97d4fef50",
        "x-ms-useragent": "azsdk-js-openai-assistants-rest/1.0.0-beta.1 core-rest-pipeline/1.14.1 OS"
      },
      "RequestBody": null,
      "StatusCode": 200,
      "ResponseHeaders": {
        "apim-request-id": "ed6ac2a4-93d5-4fbb-9da9-a6325b91d3d5",
        "Content-Length": "612",
        "Content-Type": "application/json",
        "Date": "Mon, 05 Feb 2024 18:17:56 GMT",
        "Strict-Transport-Security": "max-age=31536000; includeSubDomains; preload",
        "X-Content-Type-Options": "nosniff",
        "x-ms-client-request-id": "1465a619-c5ad-4e0b-b05a-51f97d4fef50",
        "x-ms-region": "West US 2",
        "X-Request-ID": "4356ec58-2875-4127-ad6b-3e04355c5ca1"
      },
      "ResponseBody": {
        "id": "run_AfIvWot45ptSDeJvubI8qp6W",
        "object": "thread.run",
        "created_at": 1707157076,
        "assistant_id": "asst_6lQ50NZ2r5C8Vbwfwyv3lwBq",
        "thread_id": "thread_dtjpdzJDOILkWtT36kHlAFNT",
        "status": "cancelling",
        "started_at": 1707157076,
        "expires_at": 1707157676,
        "cancelled_at": null,
        "failed_at": null,
        "completed_at": null,
        "last_error": null,
        "model": "gpt-4-1106-preview",
        "instructions": "Please address the user as Jane Doe. The user has a premium account.",
        "tools": [
          {
            "type": "code_interpreter"
          }
        ],
        "file_ids": [],
        "metadata": {
          "foo": "bar"
        }
      }
    },
    {
      "RequestUri": "https://endpoint/openai/threads/thread_dtjpdzJDOILkWtT36kHlAFNT/runs/run_AfIvWot45ptSDeJvubI8qp6W?api-version=2024-02-15-preview",
      "RequestMethod": "GET",
      "RequestHeaders": {
        "Accept": "application/json",
        "Accept-Encoding": "gzip, deflate, br",
        "Accept-Language": "en-US",
        "api-key": "azure_api_key",
        "Connection": "keep-alive",
        "Referer": "http://localhost:9876/",
        "sec-ch-ua": "",
        "sec-ch-ua-mobile": "?0",
        "sec-ch-ua-platform": "\u0022\u0022",
        "Sec-Fetch-Dest": "empty",
        "Sec-Fetch-Mode": "cors",
        "Sec-Fetch-Site": "same-site",
        "User-Agent": "Mozilla/5.0 (Windows NT 10.0; Win64; x64) AppleWebKit/537.36 (KHTML, like Gecko) HeadlessChrome/112.0.5614.0 Safari/537.36",
        "x-ms-client-request-id": "2d8576c5-7460-4cb1-af4a-8d677617a874",
        "x-ms-useragent": "azsdk-js-openai-assistants-rest/1.0.0-beta.1 core-rest-pipeline/1.14.1 OS"
      },
      "RequestBody": null,
      "StatusCode": 200,
      "ResponseHeaders": {
        "apim-request-id": "a4d19f55-3452-413d-be15-42e14e147ee3",
        "Content-Length": "611",
        "Content-Type": "application/json",
        "Date": "Mon, 05 Feb 2024 18:17:56 GMT",
        "Strict-Transport-Security": "max-age=31536000; includeSubDomains; preload",
        "X-Content-Type-Options": "nosniff",
        "x-ms-client-request-id": "2d8576c5-7460-4cb1-af4a-8d677617a874",
        "x-ms-region": "West US 2",
        "X-Request-ID": "2d72c3cf-bd5e-4fda-8dc3-c614c8221037"
      },
      "ResponseBody": {
        "id": "run_AfIvWot45ptSDeJvubI8qp6W",
        "object": "thread.run",
        "created_at": 1707157076,
        "assistant_id": "asst_6lQ50NZ2r5C8Vbwfwyv3lwBq",
        "thread_id": "thread_dtjpdzJDOILkWtT36kHlAFNT",
        "status": "cancelled",
        "started_at": 1707157076,
        "expires_at": null,
        "cancelled_at": 1707157076,
        "failed_at": null,
        "completed_at": null,
        "last_error": null,
        "model": "gpt-4-1106-preview",
        "instructions": "Please address the user as Jane Doe. The user has a premium account.",
        "tools": [
          {
            "type": "code_interpreter"
          }
        ],
        "file_ids": [],
        "metadata": {
          "foo": "bar"
        }
      }
    },
    {
      "RequestUri": "https://endpoint/openai/threads/thread_dtjpdzJDOILkWtT36kHlAFNT?api-version=2024-02-15-preview",
      "RequestMethod": "DELETE",
      "RequestHeaders": {
        "Accept": "application/json",
        "Accept-Encoding": "gzip, deflate, br",
        "Accept-Language": "en-US",
        "api-key": "azure_api_key",
        "Connection": "keep-alive",
        "Referer": "http://localhost:9876/",
        "sec-ch-ua": "",
        "sec-ch-ua-mobile": "?0",
        "sec-ch-ua-platform": "\u0022\u0022",
        "Sec-Fetch-Dest": "empty",
        "Sec-Fetch-Mode": "cors",
        "Sec-Fetch-Site": "same-site",
        "User-Agent": "Mozilla/5.0 (Windows NT 10.0; Win64; x64) AppleWebKit/537.36 (KHTML, like Gecko) HeadlessChrome/112.0.5614.0 Safari/537.36",
        "x-ms-client-request-id": "f3dc1482-106f-46b4-883c-3e23ad4ca82c",
        "x-ms-useragent": "azsdk-js-openai-assistants-rest/1.0.0-beta.1 core-rest-pipeline/1.14.1 OS"
      },
      "RequestBody": null,
      "StatusCode": 200,
      "ResponseHeaders": {
        "apim-request-id": "ebee262d-02f7-402c-8fc0-897b8ded96fd",
        "Content-Length": "94",
        "Content-Type": "application/json",
        "Date": "Mon, 05 Feb 2024 18:17:56 GMT",
        "Strict-Transport-Security": "max-age=31536000; includeSubDomains; preload",
        "X-Content-Type-Options": "nosniff",
        "x-ms-client-request-id": "f3dc1482-106f-46b4-883c-3e23ad4ca82c",
        "x-ms-region": "West US 2",
        "X-Request-ID": "49dcb2d2-e199-49b2-82b3-2efc27167535"
      },
      "ResponseBody": {
        "id": "thread_dtjpdzJDOILkWtT36kHlAFNT",
        "object": "thread.deleted",
        "deleted": true
      }
    },
    {
      "RequestUri": "https://endpoint/openai/assistants/asst_6lQ50NZ2r5C8Vbwfwyv3lwBq?api-version=2024-02-15-preview",
      "RequestMethod": "DELETE",
      "RequestHeaders": {
        "Accept": "application/json",
        "Accept-Encoding": "gzip, deflate, br",
        "Accept-Language": "en-US",
        "api-key": "azure_api_key",
        "Connection": "keep-alive",
        "Referer": "http://localhost:9876/",
        "sec-ch-ua": "",
        "sec-ch-ua-mobile": "?0",
        "sec-ch-ua-platform": "\u0022\u0022",
        "Sec-Fetch-Dest": "empty",
        "Sec-Fetch-Mode": "cors",
        "Sec-Fetch-Site": "same-site",
        "User-Agent": "Mozilla/5.0 (Windows NT 10.0; Win64; x64) AppleWebKit/537.36 (KHTML, like Gecko) HeadlessChrome/112.0.5614.0 Safari/537.36",
        "x-ms-client-request-id": "3163793b-b69f-4065-97a7-f4943cccdc66",
        "x-ms-useragent": "azsdk-js-openai-assistants-rest/1.0.0-beta.1 core-rest-pipeline/1.14.1 OS"
      },
      "RequestBody": null,
      "StatusCode": 200,
      "ResponseHeaders": {
        "apim-request-id": "382d96a7-13d1-4df2-8fe4-b6c631dbe0b5",
        "Content-Length": "95",
        "Content-Type": "application/json",
        "Date": "Mon, 05 Feb 2024 18:17:57 GMT",
        "Strict-Transport-Security": "max-age=31536000; includeSubDomains; preload",
        "X-Content-Type-Options": "nosniff",
        "x-ms-client-request-id": "3163793b-b69f-4065-97a7-f4943cccdc66",
        "x-ms-region": "West US 2",
        "X-Request-ID": "b37ab54c-d73b-4f2d-b50f-1bfc7460b45d"
      },
      "ResponseBody": {
        "id": "asst_6lQ50NZ2r5C8Vbwfwyv3lwBq",
        "object": "assistant.deleted",
        "deleted": true
      }
    }
  ],
  "Variables": {}
}
