{
  "Entries": [
    {
      "RequestUri": "https://api.loganalytics.io/v1/workspaces/40712a32-9002-4a78-a699-bd27fd863f86/query",
      "RequestMethod": "POST",
      "RequestHeaders": {
        "Accept": "application/json",
        "Authorization": "Sanitized",
        "Content-Length": "104",
        "Content-Type": "application/json",
        "Prefer": "wait=1",
        "traceparent": "00-6be502405587640b4c427ad6a68cb7f7-7ededdb6333a3bb2-00",
        "User-Agent": "azsdk-net-Monitor.Query/1.3.0-alpha.20240201.1 (.NET Framework 4.8.9181.0; Microsoft Windows 10.0.22631 )",
        "x-ms-client-request-id": "e4008d150494de30fd32c6118d4ea6e7",
        "x-ms-return-client-request-id": "true"
      },
      "RequestBody": {
        "query": "range x from 1 to 100000007766 step 1 | count",
        "timespan": "2024-01-18T00:00:00.0000000Z/P15D"
      },
      "StatusCode": 504,
      "ResponseHeaders": {
        "Access-Control-Allow-Origin": "*",
        "Access-Control-Expose-Headers": "Retry-After,Age,WWW-Authenticate,x-resource-identities,x-ms-status-location",
        "Connection": "keep-alive",
        "Content-Length": "189",
        "Content-Type": "application/json; charset=utf-8",
        "Date": "Thu, 01 Feb 2024 23:11:24 GMT",
        "Preference-Applied": "wait=1",
        "Strict-Transport-Security": "max-age=15724800; includeSubDomains",
        "Vary": "Accept-Encoding",
        "Via": "1.1 draft-oms-7c485d9dfc-nhq8v",
        "X-Content-Type-Options": "nosniff"
      },
      "ResponseBody": {
        "error": {
          "message": "Gateway timeout",
          "code": "GatewayTimeout",
          "correlationId": "89a21a32-f0b3-4e89-91dc-f61d7544d057",
          "innererror": {
            "code": "GatewayTimeout",
            "message": "ADX query timed out"
          }
        }
      }
    },
    {
      "RequestUri": "https://api.loganalytics.io/v1/workspaces/40712a32-9002-4a78-a699-bd27fd863f86/query",
      "RequestMethod": "POST",
      "RequestHeaders": {
        "Accept": "application/json",
        "Authorization": "Sanitized",
        "Content-Length": "104",
        "Content-Type": "application/json",
        "Prefer": "wait=1",
        "traceparent": "00-6be502405587640b4c427ad6a68cb7f7-7ededdb6333a3bb2-00",
        "User-Agent": "azsdk-net-Monitor.Query/1.3.0-alpha.20240201.1 (.NET Framework 4.8.9181.0; Microsoft Windows 10.0.22631 )",
        "x-ms-client-request-id": "e4008d150494de30fd32c6118d4ea6e7",
        "x-ms-return-client-request-id": "true"
      },
      "RequestBody": {
        "query": "range x from 1 to 100000007766 step 1 | count",
        "timespan": "2024-01-18T00:00:00.0000000Z/P15D"
      },
      "StatusCode": 504,
      "ResponseHeaders": {
        "Access-Control-Allow-Origin": "*",
        "Access-Control-Expose-Headers": "Retry-After,Age,WWW-Authenticate,x-resource-identities,x-ms-status-location",
        "Connection": "keep-alive",
        "Content-Length": "189",
        "Content-Type": "application/json; charset=utf-8",
        "Date": "Thu, 01 Feb 2024 23:11:33 GMT",
        "Preference-Applied": "wait=1",
        "Strict-Transport-Security": "max-age=15724800; includeSubDomains",
        "Vary": "Accept-Encoding",
        "Via": "1.1 draft-oms-7c485d9dfc-clgnz",
        "X-Content-Type-Options": "nosniff"
      },
      "ResponseBody": {
        "error": {
          "message": "Gateway timeout",
          "code": "GatewayTimeout",
          "correlationId": "456d62d3-2440-48aa-bd9c-cc265d852c20",
          "innererror": {
            "code": "GatewayTimeout",
            "message": "ADX query timed out"
          }
        }
      }
    },
    {
      "RequestUri": "https://api.loganalytics.io/v1/workspaces/40712a32-9002-4a78-a699-bd27fd863f86/query",
      "RequestMethod": "POST",
      "RequestHeaders": {
        "Accept": "application/json",
        "Authorization": "Sanitized",
        "Content-Length": "104",
        "Content-Type": "application/json",
        "Prefer": "wait=1",
        "traceparent": "00-6be502405587640b4c427ad6a68cb7f7-7ededdb6333a3bb2-00",
        "User-Agent": "azsdk-net-Monitor.Query/1.3.0-alpha.20240201.1 (.NET Framework 4.8.9181.0; Microsoft Windows 10.0.22631 )",
        "x-ms-client-request-id": "e4008d150494de30fd32c6118d4ea6e7",
        "x-ms-return-client-request-id": "true"
      },
      "RequestBody": {
        "query": "range x from 1 to 100000007766 step 1 | count",
        "timespan": "2024-01-18T00:00:00.0000000Z/P15D"
      },
      "StatusCode": 504,
      "ResponseHeaders": {
        "Access-Control-Allow-Origin": "*",
        "Access-Control-Expose-Headers": "Retry-After,Age,WWW-Authenticate,x-resource-identities,x-ms-status-location",
        "Connection": "keep-alive",
        "Content-Length": "189",
        "Content-Type": "application/json; charset=utf-8",
        "Date": "Thu, 01 Feb 2024 23:11:43 GMT",
        "Preference-Applied": "wait=1",
        "Strict-Transport-Security": "max-age=15724800; includeSubDomains",
        "Vary": "Accept-Encoding",
        "Via": "1.1 draft-oms-7c485d9dfc-nnbd5",
        "X-Content-Type-Options": "nosniff"
      },
      "ResponseBody": {
        "error": {
          "message": "Gateway timeout",
          "code": "GatewayTimeout",
          "correlationId": "24e4655b-3564-4cb1-a9a0-51b0cfbc4492",
          "innererror": {
            "code": "GatewayTimeout",
            "message": "ADX query timed out"
          }
        }
      }
    },
    {
      "RequestUri": "https://api.loganalytics.io/v1/workspaces/40712a32-9002-4a78-a699-bd27fd863f86/query",
      "RequestMethod": "POST",
      "RequestHeaders": {
        "Accept": "application/json",
        "Authorization": "Sanitized",
        "Content-Length": "104",
        "Content-Type": "application/json",
        "Prefer": "wait=1",
        "traceparent": "00-6be502405587640b4c427ad6a68cb7f7-7ededdb6333a3bb2-00",
        "User-Agent": "azsdk-net-Monitor.Query/1.3.0-alpha.20240201.1 (.NET Framework 4.8.9181.0; Microsoft Windows 10.0.22631 )",
        "x-ms-client-request-id": "e4008d150494de30fd32c6118d4ea6e7",
        "x-ms-return-client-request-id": "true"
      },
      "RequestBody": {
        "query": "range x from 1 to 100000007766 step 1 | count",
        "timespan": "2024-01-18T00:00:00.0000000Z/P15D"
      },
      "StatusCode": 504,
      "ResponseHeaders": {
        "Access-Control-Allow-Origin": "*",
        "Access-Control-Expose-Headers": "Retry-After,Age,WWW-Authenticate,x-resource-identities,x-ms-status-location",
        "Connection": "keep-alive",
        "Content-Length": "189",
        "Content-Type": "application/json; charset=utf-8",
        "Date": "Thu, 01 Feb 2024 23:11:55 GMT",
        "Preference-Applied": "wait=1",
        "Strict-Transport-Security": "max-age=15724800; includeSubDomains",
        "Vary": "Accept-Encoding",
        "Via": "1.1 draft-oms-7c485d9dfc-s5tcn",
        "X-Content-Type-Options": "nosniff"
      },
      "ResponseBody": {
        "error": {
          "message": "Gateway timeout",
          "code": "GatewayTimeout",
          "correlationId": "210e585d-852a-4a05-af2b-58cc905b2779",
          "innererror": {
            "code": "GatewayTimeout",
            "message": "ADX query timed out"
          }
        }
      }
    }
  ],
  "Variables": {
    "AZURE_AUTHORITY_HOST": "https://login.microsoftonline.com",
    "CLIENT_ID": "f625eed3-082c-425b-9236-4fade3141df3",
    "DateTimeOffsetNow": "2024-02-01T15:11:15.4734582-08:00",
    "LOGS_ENDPOINT": "https://api.loganalytics.io",
    "RandomSeed": "2037392282",
    "TENANT_ID": "72f988bf-86f1-41af-91ab-2d7cd011db47",
    "WORKSPACE_ID": "40712a32-9002-4a78-a699-bd27fd863f86"
  }
}
