{
  "Entries": [
    {
      "RequestUri": "https://REDACTED/indexes?api-version=2024-07-01",
      "RequestMethod": "POST",
      "RequestHeaders": {
        "Accept": "application/json; odata.metadata=minimal",
        "api-key": "REDACTED",
        "Content-Length": "4691",
        "Content-Type": "application/json",
        "Date": "Fri, 28 Jun 2024 14:57:37 GMT",
        "return-client-request-id": "true",
        "User-Agent": "azsdk-java-azure-search-documents/11.7.0 (21.0.2; Windows 11; 10.0)",
        "x-ms-client-request-id": "Sanitized"
      },
      "RequestBody": {
        "name": "hotelscanuseallregexflagsemptytokenizersyncac065648a98a2a",
        "fields": [
          {
            "name": "HotelId",
            "type": "Edm.String",
            "key": true,
            "retrievable": true,
            "filterable": true,
            "sortable": true,
            "facetable": true
          },
          {
            "name": "HotelName",
            "type": "Edm.String",
            "retrievable": true,
            "searchable": true,
            "filterable": true,
            "sortable": true
          },
          {
            "name": "Description",
            "type": "Edm.String",
            "retrievable": true,
            "searchable": true,
            "analyzer": "en.lucene"
          },
          {
            "name": "DescriptionFr",
            "type": "Edm.String",
            "retrievable": true,
            "searchable": true,
            "analyzer": "fr.lucene"
          },
          {
            "name": "Description_Custom",
            "type": "Edm.String",
            "retrievable": true,
            "searchable": true,
            "searchAnalyzer": "stop",
            "indexAnalyzer": "stop"
          },
          {
            "name": "Category",
            "type": "Edm.String",
            "retrievable": true,
            "searchable": true,
            "filterable": true,
            "sortable": true,
            "facetable": true
          },
          {
            "name": "Tags",
            "type": "Collection(Edm.String)",
            "retrievable": true,
            "searchable": true,
            "filterable": true,
            "facetable": true
          },
          {
            "name": "ParkingIncluded",
            "type": "Edm.Boolean",
            "retrievable": true,
            "filterable": true,
            "sortable": true,
            "facetable": true
          },
          {
            "name": "SmokingAllowed",
            "type": "Edm.Boolean",
            "retrievable": true,
            "filterable": true,
            "sortable": true,
            "facetable": true
          },
          {
            "name": "LastRenovationDate",
            "type": "Edm.DateTimeOffset",
            "retrievable": true,
            "filterable": true,
            "sortable": true,
            "facetable": true
          },
          {
            "name": "Rating",
            "type": "Edm.Int32",
            "retrievable": true,
            "filterable": true,
            "sortable": true,
            "facetable": true
          },
          {
            "name": "Address",
            "type": "Edm.ComplexType",
            "fields": [
              {
                "name": "StreetAddress",
                "type": "Edm.String",
                "retrievable": true,
                "searchable": true
              },
              {
                "name": "City",
                "type": "Edm.String",
                "retrievable": true,
                "searchable": true,
                "filterable": true,
                "sortable": true,
                "facetable": true
              },
              {
                "name": "StateProvince",
                "type": "Edm.String",
                "retrievable": true,
                "searchable": true,
                "filterable": true,
                "sortable": true,
                "facetable": true
              },
              {
                "name": "Country",
                "type": "Edm.String",
                "retrievable": true,
                "searchable": true,
                "filterable": true,
                "sortable": true,
                "facetable": true
              },
              {
                "name": "PostalCode",
                "type": "Edm.String",
                "retrievable": true,
                "searchable": true,
                "filterable": true,
                "sortable": true,
                "facetable": true
              }
            ]
          },
          {
            "name": "Location",
            "type": "Edm.GeographyPoint",
            "retrievable": true,
            "filterable": true,
            "sortable": true
          },
          {
            "name": "Rooms",
            "type": "Collection(Edm.ComplexType)",
            "fields": [
              {
                "name": "Description",
                "type": "Edm.String",
                "searchable": true,
                "analyzer": "en.lucene"
              },
              {
                "name": "DescriptionFr",
                "type": "Edm.String",
                "retrievable": true,
                "searchable": true,
                "analyzer": "fr.lucene"
              },
              {
                "name": "Type",
                "type": "Edm.String",
                "retrievable": true,
                "searchable": true,
                "filterable": true,
                "facetable": true
              },
              {
                "name": "BaseRate",
                "type": "Edm.Double",
                "key": false,
                "retrievable": true,
                "filterable": true,
                "facetable": true
              },
              {
                "name": "BedOptions",
                "type": "Edm.String",
                "retrievable": true,
                "searchable": true,
                "filterable": true,
                "facetable": true
              },
              {
                "name": "SleepsCount",
                "type": "Edm.Int32",
                "retrievable": true,
                "filterable": true,
                "facetable": true
              },
              {
                "name": "SmokingAllowed",
                "type": "Edm.Boolean",
                "retrievable": true,
                "filterable": true,
                "facetable": true
              },
              {
                "name": "Tags",
                "type": "Collection(Edm.String)",
                "retrievable": true,
                "searchable": true,
                "filterable": true,
                "facetable": true
              }
            ]
          },
          {
            "name": "TotalGuests",
            "type": "Edm.Int64",
            "filterable": true,
            "sortable": true,
            "facetable": true
          },
          {
            "name": "ProfitMargin",
            "type": "Edm.Double"
          }
        ],
        "scoringProfiles": [
          {
            "name": "MyProfile",
            "text": {
              "weights": {
                "Description": 1.5,
                "Category": 2.0
              }
            },
            "functions": [
              {
                "fieldName": "Rating",
                "boost": 2.0,
                "interpolation": "constant",
                "magnitude": {
                  "boostingRangeStart": 1.0,
                  "boostingRangeEnd": 4.0,
                  "constantBoostBeyondRange": true
                },
                "type": "magnitude"
              },
              {
                "fieldName": "Location",
                "boost": 1.5,
                "interpolation": "linear",
                "distance": {
                  "referencePointParameter": "Loc",
                  "boostingDistance": 5.0
                },
                "type": "distance"
              },
              {
                "fieldName": "LastRenovationDate",
                "boost": 1.1,
                "interpolation": "logarithmic",
                "freshness": {
                  "boostingDuration": "P365D"
                },
                "type": "freshness"
              }
            ],
            "functionAggregation": "average"
          },
          {
            "name": "ProfileTwo",
            "functions": [
              {
                "fieldName": "Tags",
                "boost": 1.5,
                "interpolation": "linear",
                "tag": {
                  "tagsParameter": "MyTags"
                },
                "type": "tag"
              }
            ],
            "functionAggregation": "maximum"
          },
          {
            "name": "ProfileThree",
            "functions": [
              {
                "fieldName": "Rating",
                "boost": 3.0,
                "interpolation": "quadratic",
                "magnitude": {
                  "boostingRangeStart": 0.0,
                  "boostingRangeEnd": 10.0,
                  "constantBoostBeyondRange": false
                },
                "type": "magnitude"
              }
            ],
            "functionAggregation": "minimum"
          },
          {
            "name": "ProfileFour",
            "functions": [
              {
                "fieldName": "Rating",
                "boost": 3.25,
                "interpolation": "constant",
                "magnitude": {
                  "boostingRangeStart": 1.0,
                  "boostingRangeEnd": 5.0,
                  "constantBoostBeyondRange": false
                },
                "type": "magnitude"
              }
            ],
            "functionAggregation": "firstMatching"
          }
        ],
        "defaultScoringProfile": "MyProfile",
        "corsOptions": {
          "allowedOrigins": [
            "http://tempuri.org",
            "http://localhost:80"
          ],
          "maxAgeInSeconds": 60
        },
        "suggesters": [
          {
            "name": "FancySuggester",
            "sourceFields": [
              "HotelName"
            ],
            "searchMode": "analyzingInfixMatching"
          }
        ],
        "tokenizers": []
      },
      "StatusCode": 429,
      "ResponseHeaders": {
        "Cache-Control": "no-store, no-cache",
        "client-request-id": "Sanitized",
        "Content-Language": "en",
        "Content-Length": "396",
        "Content-Type": "application/json; charset=utf-8",
        "Date": "Fri, 28 Jun 2024 14:57:38 GMT",
        "elapsed-time": "626",
        "Expires": "-1",
        "Pragma": "no-cache",
        "request-id": "506ac6c3-a20c-49ce-929b-62b81054a0ab",
        "Server": "Microsoft-IIS/10.0",
        "Strict-Transport-Security": "max-age=15724800; includeSubDomains",
        "x-ms-client-request-id": "Sanitized"
      },
      "ResponseBody": {
        "error": {
          "code": "",
          "message": "An index with the name 'hotelscanuseallregexflagsemptytokenizersyncac065648a98a2a' in service 'azs-java-t5ce5274b0647cb99' could not be created. Index quota has been exceeded for this service. You must either delete unused indexes first, add a delay between index creation requests, or upgrade the service for higher limits. Maximum number of indexes allowed: 15"
        }
      }
    },
    {
      "RequestUri": "https://REDACTED/indexes?api-version=2024-07-01",
      "RequestMethod": "POST",
      "RequestHeaders": {
        "Accept": "application/json; odata.metadata=minimal",
        "api-key": "REDACTED",
        "Content-Length": "4691",
        "Content-Type": "application/json",
        "Date": "Fri, 28 Jun 2024 14:58:09 GMT",
        "return-client-request-id": "true",
        "User-Agent": "azsdk-java-azure-search-documents/11.7.0 (21.0.2; Windows 11; 10.0)",
        "x-ms-client-request-id": "Sanitized"
      },
      "RequestBody": {
        "name": "hotelscanuseallregexflagsemptytokenizersyncac065648a98a2a",
        "fields": [
          {
            "name": "HotelId",
            "type": "Edm.String",
            "key": true,
            "retrievable": true,
            "filterable": true,
            "sortable": true,
            "facetable": true
          },
          {
            "name": "HotelName",
            "type": "Edm.String",
            "retrievable": true,
            "searchable": true,
            "filterable": true,
            "sortable": true
          },
          {
            "name": "Description",
            "type": "Edm.String",
            "retrievable": true,
            "searchable": true,
            "analyzer": "en.lucene"
          },
          {
            "name": "DescriptionFr",
            "type": "Edm.String",
            "retrievable": true,
            "searchable": true,
            "analyzer": "fr.lucene"
          },
          {
            "name": "Description_Custom",
            "type": "Edm.String",
            "retrievable": true,
            "searchable": true,
            "searchAnalyzer": "stop",
            "indexAnalyzer": "stop"
          },
          {
            "name": "Category",
            "type": "Edm.String",
            "retrievable": true,
            "searchable": true,
            "filterable": true,
            "sortable": true,
            "facetable": true
          },
          {
            "name": "Tags",
            "type": "Collection(Edm.String)",
            "retrievable": true,
            "searchable": true,
            "filterable": true,
            "facetable": true
          },
          {
            "name": "ParkingIncluded",
            "type": "Edm.Boolean",
            "retrievable": true,
            "filterable": true,
            "sortable": true,
            "facetable": true
          },
          {
            "name": "SmokingAllowed",
            "type": "Edm.Boolean",
            "retrievable": true,
            "filterable": true,
            "sortable": true,
            "facetable": true
          },
          {
            "name": "LastRenovationDate",
            "type": "Edm.DateTimeOffset",
            "retrievable": true,
            "filterable": true,
            "sortable": true,
            "facetable": true
          },
          {
            "name": "Rating",
            "type": "Edm.Int32",
            "retrievable": true,
            "filterable": true,
            "sortable": true,
            "facetable": true
          },
          {
            "name": "Address",
            "type": "Edm.ComplexType",
            "fields": [
              {
                "name": "StreetAddress",
                "type": "Edm.String",
                "retrievable": true,
                "searchable": true
              },
              {
                "name": "City",
                "type": "Edm.String",
                "retrievable": true,
                "searchable": true,
                "filterable": true,
                "sortable": true,
                "facetable": true
              },
              {
                "name": "StateProvince",
                "type": "Edm.String",
                "retrievable": true,
                "searchable": true,
                "filterable": true,
                "sortable": true,
                "facetable": true
              },
              {
                "name": "Country",
                "type": "Edm.String",
                "retrievable": true,
                "searchable": true,
                "filterable": true,
                "sortable": true,
                "facetable": true
              },
              {
                "name": "PostalCode",
                "type": "Edm.String",
                "retrievable": true,
                "searchable": true,
                "filterable": true,
                "sortable": true,
                "facetable": true
              }
            ]
          },
          {
            "name": "Location",
            "type": "Edm.GeographyPoint",
            "retrievable": true,
            "filterable": true,
            "sortable": true
          },
          {
            "name": "Rooms",
            "type": "Collection(Edm.ComplexType)",
            "fields": [
              {
                "name": "Description",
                "type": "Edm.String",
                "searchable": true,
                "analyzer": "en.lucene"
              },
              {
                "name": "DescriptionFr",
                "type": "Edm.String",
                "retrievable": true,
                "searchable": true,
                "analyzer": "fr.lucene"
              },
              {
                "name": "Type",
                "type": "Edm.String",
                "retrievable": true,
                "searchable": true,
                "filterable": true,
                "facetable": true
              },
              {
                "name": "BaseRate",
                "type": "Edm.Double",
                "key": false,
                "retrievable": true,
                "filterable": true,
                "facetable": true
              },
              {
                "name": "BedOptions",
                "type": "Edm.String",
                "retrievable": true,
                "searchable": true,
                "filterable": true,
                "facetable": true
              },
              {
                "name": "SleepsCount",
                "type": "Edm.Int32",
                "retrievable": true,
                "filterable": true,
                "facetable": true
              },
              {
                "name": "SmokingAllowed",
                "type": "Edm.Boolean",
                "retrievable": true,
                "filterable": true,
                "facetable": true
              },
              {
                "name": "Tags",
                "type": "Collection(Edm.String)",
                "retrievable": true,
                "searchable": true,
                "filterable": true,
                "facetable": true
              }
            ]
          },
          {
            "name": "TotalGuests",
            "type": "Edm.Int64",
            "filterable": true,
            "sortable": true,
            "facetable": true
          },
          {
            "name": "ProfitMargin",
            "type": "Edm.Double"
          }
        ],
        "scoringProfiles": [
          {
            "name": "MyProfile",
            "text": {
              "weights": {
                "Description": 1.5,
                "Category": 2.0
              }
            },
            "functions": [
              {
                "fieldName": "Rating",
                "boost": 2.0,
                "interpolation": "constant",
                "magnitude": {
                  "boostingRangeStart": 1.0,
                  "boostingRangeEnd": 4.0,
                  "constantBoostBeyondRange": true
                },
                "type": "magnitude"
              },
              {
                "fieldName": "Location",
                "boost": 1.5,
                "interpolation": "linear",
                "distance": {
                  "referencePointParameter": "Loc",
                  "boostingDistance": 5.0
                },
                "type": "distance"
              },
              {
                "fieldName": "LastRenovationDate",
                "boost": 1.1,
                "interpolation": "logarithmic",
                "freshness": {
                  "boostingDuration": "P365D"
                },
                "type": "freshness"
              }
            ],
            "functionAggregation": "average"
          },
          {
            "name": "ProfileTwo",
            "functions": [
              {
                "fieldName": "Tags",
                "boost": 1.5,
                "interpolation": "linear",
                "tag": {
                  "tagsParameter": "MyTags"
                },
                "type": "tag"
              }
            ],
            "functionAggregation": "maximum"
          },
          {
            "name": "ProfileThree",
            "functions": [
              {
                "fieldName": "Rating",
                "boost": 3.0,
                "interpolation": "quadratic",
                "magnitude": {
                  "boostingRangeStart": 0.0,
                  "boostingRangeEnd": 10.0,
                  "constantBoostBeyondRange": false
                },
                "type": "magnitude"
              }
            ],
            "functionAggregation": "minimum"
          },
          {
            "name": "ProfileFour",
            "functions": [
              {
                "fieldName": "Rating",
                "boost": 3.25,
                "interpolation": "constant",
                "magnitude": {
                  "boostingRangeStart": 1.0,
                  "boostingRangeEnd": 5.0,
                  "constantBoostBeyondRange": false
                },
                "type": "magnitude"
              }
            ],
            "functionAggregation": "firstMatching"
          }
        ],
        "defaultScoringProfile": "MyProfile",
        "corsOptions": {
          "allowedOrigins": [
            "http://tempuri.org",
            "http://localhost:80"
          ],
          "maxAgeInSeconds": 60
        },
        "suggesters": [
          {
            "name": "FancySuggester",
            "sourceFields": [
              "HotelName"
            ],
            "searchMode": "analyzingInfixMatching"
          }
        ],
        "tokenizers": []
      },
      "StatusCode": 503,
      "ResponseHeaders": {
        "client-request-id": "Sanitized",
        "Content-Language": "en",
        "Content-Length": "92",
        "Content-Type": "application/json; charset=utf-8",
        "Date": "Fri, 28 Jun 2024 14:58:15 GMT",
        "elapsed-time": "7408",
        "Preference-Applied": "odata.include-annotations=\"*\"",
        "request-id": "506ac6c3-a20c-49ce-929b-62b81054a0ab",
        "Server": "Microsoft-IIS/10.0",
        "Strict-Transport-Security": [
          "max-age=2592000",
          "max-age=15724800; includeSubDomains"
        ],
        "throttle-reason": "rateLimitExceeded",
        "x-ms-client-request-id": "Sanitized"
      },
      "ResponseBody": {
        "error": {
          "code": "",
          "message": "You are sending too many requests. Please try again later."
        }
      }
    },
    {
      "RequestUri": "https://REDACTED/indexes?api-version=2024-07-01",
      "RequestMethod": "POST",
      "RequestHeaders": {
        "Accept": "application/json; odata.metadata=minimal",
        "api-key": "REDACTED",
        "Content-Length": "4691",
        "Content-Type": "application/json",
        "Date": "Fri, 28 Jun 2024 14:58:46 GMT",
        "return-client-request-id": "true",
        "User-Agent": "azsdk-java-azure-search-documents/11.7.0 (21.0.2; Windows 11; 10.0)",
        "x-ms-client-request-id": "Sanitized"
      },
      "RequestBody": {
        "name": "hotelscanuseallregexflagsemptytokenizersyncac065648a98a2a",
        "fields": [
          {
            "name": "HotelId",
            "type": "Edm.String",
            "key": true,
            "retrievable": true,
            "filterable": true,
            "sortable": true,
            "facetable": true
          },
          {
            "name": "HotelName",
            "type": "Edm.String",
            "retrievable": true,
            "searchable": true,
            "filterable": true,
            "sortable": true
          },
          {
            "name": "Description",
            "type": "Edm.String",
            "retrievable": true,
            "searchable": true,
            "analyzer": "en.lucene"
          },
          {
            "name": "DescriptionFr",
            "type": "Edm.String",
            "retrievable": true,
            "searchable": true,
            "analyzer": "fr.lucene"
          },
          {
            "name": "Description_Custom",
            "type": "Edm.String",
            "retrievable": true,
            "searchable": true,
            "searchAnalyzer": "stop",
            "indexAnalyzer": "stop"
          },
          {
            "name": "Category",
            "type": "Edm.String",
            "retrievable": true,
            "searchable": true,
            "filterable": true,
            "sortable": true,
            "facetable": true
          },
          {
            "name": "Tags",
            "type": "Collection(Edm.String)",
            "retrievable": true,
            "searchable": true,
            "filterable": true,
            "facetable": true
          },
          {
            "name": "ParkingIncluded",
            "type": "Edm.Boolean",
            "retrievable": true,
            "filterable": true,
            "sortable": true,
            "facetable": true
          },
          {
            "name": "SmokingAllowed",
            "type": "Edm.Boolean",
            "retrievable": true,
            "filterable": true,
            "sortable": true,
            "facetable": true
          },
          {
            "name": "LastRenovationDate",
            "type": "Edm.DateTimeOffset",
            "retrievable": true,
            "filterable": true,
            "sortable": true,
            "facetable": true
          },
          {
            "name": "Rating",
            "type": "Edm.Int32",
            "retrievable": true,
            "filterable": true,
            "sortable": true,
            "facetable": true
          },
          {
            "name": "Address",
            "type": "Edm.ComplexType",
            "fields": [
              {
                "name": "StreetAddress",
                "type": "Edm.String",
                "retrievable": true,
                "searchable": true
              },
              {
                "name": "City",
                "type": "Edm.String",
                "retrievable": true,
                "searchable": true,
                "filterable": true,
                "sortable": true,
                "facetable": true
              },
              {
                "name": "StateProvince",
                "type": "Edm.String",
                "retrievable": true,
                "searchable": true,
                "filterable": true,
                "sortable": true,
                "facetable": true
              },
              {
                "name": "Country",
                "type": "Edm.String",
                "retrievable": true,
                "searchable": true,
                "filterable": true,
                "sortable": true,
                "facetable": true
              },
              {
                "name": "PostalCode",
                "type": "Edm.String",
                "retrievable": true,
                "searchable": true,
                "filterable": true,
                "sortable": true,
                "facetable": true
              }
            ]
          },
          {
            "name": "Location",
            "type": "Edm.GeographyPoint",
            "retrievable": true,
            "filterable": true,
            "sortable": true
          },
          {
            "name": "Rooms",
            "type": "Collection(Edm.ComplexType)",
            "fields": [
              {
                "name": "Description",
                "type": "Edm.String",
                "searchable": true,
                "analyzer": "en.lucene"
              },
              {
                "name": "DescriptionFr",
                "type": "Edm.String",
                "retrievable": true,
                "searchable": true,
                "analyzer": "fr.lucene"
              },
              {
                "name": "Type",
                "type": "Edm.String",
                "retrievable": true,
                "searchable": true,
                "filterable": true,
                "facetable": true
              },
              {
                "name": "BaseRate",
                "type": "Edm.Double",
                "key": false,
                "retrievable": true,
                "filterable": true,
                "facetable": true
              },
              {
                "name": "BedOptions",
                "type": "Edm.String",
                "retrievable": true,
                "searchable": true,
                "filterable": true,
                "facetable": true
              },
              {
                "name": "SleepsCount",
                "type": "Edm.Int32",
                "retrievable": true,
                "filterable": true,
                "facetable": true
              },
              {
                "name": "SmokingAllowed",
                "type": "Edm.Boolean",
                "retrievable": true,
                "filterable": true,
                "facetable": true
              },
              {
                "name": "Tags",
                "type": "Collection(Edm.String)",
                "retrievable": true,
                "searchable": true,
                "filterable": true,
                "facetable": true
              }
            ]
          },
          {
            "name": "TotalGuests",
            "type": "Edm.Int64",
            "filterable": true,
            "sortable": true,
            "facetable": true
          },
          {
            "name": "ProfitMargin",
            "type": "Edm.Double"
          }
        ],
        "scoringProfiles": [
          {
            "name": "MyProfile",
            "text": {
              "weights": {
                "Description": 1.5,
                "Category": 2.0
              }
            },
            "functions": [
              {
                "fieldName": "Rating",
                "boost": 2.0,
                "interpolation": "constant",
                "magnitude": {
                  "boostingRangeStart": 1.0,
                  "boostingRangeEnd": 4.0,
                  "constantBoostBeyondRange": true
                },
                "type": "magnitude"
              },
              {
                "fieldName": "Location",
                "boost": 1.5,
                "interpolation": "linear",
                "distance": {
                  "referencePointParameter": "Loc",
                  "boostingDistance": 5.0
                },
                "type": "distance"
              },
              {
                "fieldName": "LastRenovationDate",
                "boost": 1.1,
                "interpolation": "logarithmic",
                "freshness": {
                  "boostingDuration": "P365D"
                },
                "type": "freshness"
              }
            ],
            "functionAggregation": "average"
          },
          {
            "name": "ProfileTwo",
            "functions": [
              {
                "fieldName": "Tags",
                "boost": 1.5,
                "interpolation": "linear",
                "tag": {
                  "tagsParameter": "MyTags"
                },
                "type": "tag"
              }
            ],
            "functionAggregation": "maximum"
          },
          {
            "name": "ProfileThree",
            "functions": [
              {
                "fieldName": "Rating",
                "boost": 3.0,
                "interpolation": "quadratic",
                "magnitude": {
                  "boostingRangeStart": 0.0,
                  "boostingRangeEnd": 10.0,
                  "constantBoostBeyondRange": false
                },
                "type": "magnitude"
              }
            ],
            "functionAggregation": "minimum"
          },
          {
            "name": "ProfileFour",
            "functions": [
              {
                "fieldName": "Rating",
                "boost": 3.25,
                "interpolation": "constant",
                "magnitude": {
                  "boostingRangeStart": 1.0,
                  "boostingRangeEnd": 5.0,
                  "constantBoostBeyondRange": false
                },
                "type": "magnitude"
              }
            ],
            "functionAggregation": "firstMatching"
          }
        ],
        "defaultScoringProfile": "MyProfile",
        "corsOptions": {
          "allowedOrigins": [
            "http://tempuri.org",
            "http://localhost:80"
          ],
          "maxAgeInSeconds": 60
        },
        "suggesters": [
          {
            "name": "FancySuggester",
            "sourceFields": [
              "HotelName"
            ],
            "searchMode": "analyzingInfixMatching"
          }
        ],
        "tokenizers": []
      },
      "StatusCode": 503,
      "ResponseHeaders": {
        "client-request-id": "Sanitized",
        "Content-Language": "en",
        "Content-Length": "92",
        "Content-Type": "application/json; charset=utf-8",
        "Date": "Fri, 28 Jun 2024 14:58:48 GMT",
        "elapsed-time": "2035",
        "Preference-Applied": "odata.include-annotations=\"*\"",
        "request-id": "506ac6c3-a20c-49ce-929b-62b81054a0ab",
        "Server": "Microsoft-IIS/10.0",
        "Strict-Transport-Security": [
          "max-age=2592000",
          "max-age=15724800; includeSubDomains"
        ],
        "throttle-reason": "rateLimitExceeded",
        "x-ms-client-request-id": "Sanitized"
      },
      "ResponseBody": {
        "error": {
          "code": "",
          "message": "You are sending too many requests. Please try again later."
        }
      }
    },
    {
      "RequestUri": "https://REDACTED/indexes?api-version=2024-07-01",
      "RequestMethod": "POST",
      "RequestHeaders": {
        "Accept": "application/json; odata.metadata=minimal",
        "api-key": "REDACTED",
        "Content-Length": "4691",
        "Content-Type": "application/json",
        "Date": "Fri, 28 Jun 2024 14:59:18 GMT",
        "return-client-request-id": "true",
        "User-Agent": "azsdk-java-azure-search-documents/11.7.0 (21.0.2; Windows 11; 10.0)",
        "x-ms-client-request-id": "Sanitized"
      },
      "RequestBody": {
        "name": "hotelscanuseallregexflagsemptytokenizersyncac065648a98a2a",
        "fields": [
          {
            "name": "HotelId",
            "type": "Edm.String",
            "key": true,
            "retrievable": true,
            "filterable": true,
            "sortable": true,
            "facetable": true
          },
          {
            "name": "HotelName",
            "type": "Edm.String",
            "retrievable": true,
            "searchable": true,
            "filterable": true,
            "sortable": true
          },
          {
            "name": "Description",
            "type": "Edm.String",
            "retrievable": true,
            "searchable": true,
            "analyzer": "en.lucene"
          },
          {
            "name": "DescriptionFr",
            "type": "Edm.String",
            "retrievable": true,
            "searchable": true,
            "analyzer": "fr.lucene"
          },
          {
            "name": "Description_Custom",
            "type": "Edm.String",
            "retrievable": true,
            "searchable": true,
            "searchAnalyzer": "stop",
            "indexAnalyzer": "stop"
          },
          {
            "name": "Category",
            "type": "Edm.String",
            "retrievable": true,
            "searchable": true,
            "filterable": true,
            "sortable": true,
            "facetable": true
          },
          {
            "name": "Tags",
            "type": "Collection(Edm.String)",
            "retrievable": true,
            "searchable": true,
            "filterable": true,
            "facetable": true
          },
          {
            "name": "ParkingIncluded",
            "type": "Edm.Boolean",
            "retrievable": true,
            "filterable": true,
            "sortable": true,
            "facetable": true
          },
          {
            "name": "SmokingAllowed",
            "type": "Edm.Boolean",
            "retrievable": true,
            "filterable": true,
            "sortable": true,
            "facetable": true
          },
          {
            "name": "LastRenovationDate",
            "type": "Edm.DateTimeOffset",
            "retrievable": true,
            "filterable": true,
            "sortable": true,
            "facetable": true
          },
          {
            "name": "Rating",
            "type": "Edm.Int32",
            "retrievable": true,
            "filterable": true,
            "sortable": true,
            "facetable": true
          },
          {
            "name": "Address",
            "type": "Edm.ComplexType",
            "fields": [
              {
                "name": "StreetAddress",
                "type": "Edm.String",
                "retrievable": true,
                "searchable": true
              },
              {
                "name": "City",
                "type": "Edm.String",
                "retrievable": true,
                "searchable": true,
                "filterable": true,
                "sortable": true,
                "facetable": true
              },
              {
                "name": "StateProvince",
                "type": "Edm.String",
                "retrievable": true,
                "searchable": true,
                "filterable": true,
                "sortable": true,
                "facetable": true
              },
              {
                "name": "Country",
                "type": "Edm.String",
                "retrievable": true,
                "searchable": true,
                "filterable": true,
                "sortable": true,
                "facetable": true
              },
              {
                "name": "PostalCode",
                "type": "Edm.String",
                "retrievable": true,
                "searchable": true,
                "filterable": true,
                "sortable": true,
                "facetable": true
              }
            ]
          },
          {
            "name": "Location",
            "type": "Edm.GeographyPoint",
            "retrievable": true,
            "filterable": true,
            "sortable": true
          },
          {
            "name": "Rooms",
            "type": "Collection(Edm.ComplexType)",
            "fields": [
              {
                "name": "Description",
                "type": "Edm.String",
                "searchable": true,
                "analyzer": "en.lucene"
              },
              {
                "name": "DescriptionFr",
                "type": "Edm.String",
                "retrievable": true,
                "searchable": true,
                "analyzer": "fr.lucene"
              },
              {
                "name": "Type",
                "type": "Edm.String",
                "retrievable": true,
                "searchable": true,
                "filterable": true,
                "facetable": true
              },
              {
                "name": "BaseRate",
                "type": "Edm.Double",
                "key": false,
                "retrievable": true,
                "filterable": true,
                "facetable": true
              },
              {
                "name": "BedOptions",
                "type": "Edm.String",
                "retrievable": true,
                "searchable": true,
                "filterable": true,
                "facetable": true
              },
              {
                "name": "SleepsCount",
                "type": "Edm.Int32",
                "retrievable": true,
                "filterable": true,
                "facetable": true
              },
              {
                "name": "SmokingAllowed",
                "type": "Edm.Boolean",
                "retrievable": true,
                "filterable": true,
                "facetable": true
              },
              {
                "name": "Tags",
                "type": "Collection(Edm.String)",
                "retrievable": true,
                "searchable": true,
                "filterable": true,
                "facetable": true
              }
            ]
          },
          {
            "name": "TotalGuests",
            "type": "Edm.Int64",
            "filterable": true,
            "sortable": true,
            "facetable": true
          },
          {
            "name": "ProfitMargin",
            "type": "Edm.Double"
          }
        ],
        "scoringProfiles": [
          {
            "name": "MyProfile",
            "text": {
              "weights": {
                "Description": 1.5,
                "Category": 2.0
              }
            },
            "functions": [
              {
                "fieldName": "Rating",
                "boost": 2.0,
                "interpolation": "constant",
                "magnitude": {
                  "boostingRangeStart": 1.0,
                  "boostingRangeEnd": 4.0,
                  "constantBoostBeyondRange": true
                },
                "type": "magnitude"
              },
              {
                "fieldName": "Location",
                "boost": 1.5,
                "interpolation": "linear",
                "distance": {
                  "referencePointParameter": "Loc",
                  "boostingDistance": 5.0
                },
                "type": "distance"
              },
              {
                "fieldName": "LastRenovationDate",
                "boost": 1.1,
                "interpolation": "logarithmic",
                "freshness": {
                  "boostingDuration": "P365D"
                },
                "type": "freshness"
              }
            ],
            "functionAggregation": "average"
          },
          {
            "name": "ProfileTwo",
            "functions": [
              {
                "fieldName": "Tags",
                "boost": 1.5,
                "interpolation": "linear",
                "tag": {
                  "tagsParameter": "MyTags"
                },
                "type": "tag"
              }
            ],
            "functionAggregation": "maximum"
          },
          {
            "name": "ProfileThree",
            "functions": [
              {
                "fieldName": "Rating",
                "boost": 3.0,
                "interpolation": "quadratic",
                "magnitude": {
                  "boostingRangeStart": 0.0,
                  "boostingRangeEnd": 10.0,
                  "constantBoostBeyondRange": false
                },
                "type": "magnitude"
              }
            ],
            "functionAggregation": "minimum"
          },
          {
            "name": "ProfileFour",
            "functions": [
              {
                "fieldName": "Rating",
                "boost": 3.25,
                "interpolation": "constant",
                "magnitude": {
                  "boostingRangeStart": 1.0,
                  "boostingRangeEnd": 5.0,
                  "constantBoostBeyondRange": false
                },
                "type": "magnitude"
              }
            ],
            "functionAggregation": "firstMatching"
          }
        ],
        "defaultScoringProfile": "MyProfile",
        "corsOptions": {
          "allowedOrigins": [
            "http://tempuri.org",
            "http://localhost:80"
          ],
          "maxAgeInSeconds": 60
        },
        "suggesters": [
          {
            "name": "FancySuggester",
            "sourceFields": [
              "HotelName"
            ],
            "searchMode": "analyzingInfixMatching"
          }
        ],
        "tokenizers": []
      },
      "StatusCode": 503,
      "ResponseHeaders": {
        "client-request-id": "Sanitized",
        "Content-Language": "en",
        "Content-Length": "92",
        "Content-Type": "application/json; charset=utf-8",
        "Date": "Fri, 28 Jun 2024 14:59:18 GMT",
        "elapsed-time": "31",
        "Preference-Applied": "odata.include-annotations=\"*\"",
        "request-id": "506ac6c3-a20c-49ce-929b-62b81054a0ab",
        "Server": "Microsoft-IIS/10.0",
        "Strict-Transport-Security": [
          "max-age=2592000",
          "max-age=15724800; includeSubDomains"
        ],
        "throttle-reason": "rateLimitExceeded",
        "x-ms-client-request-id": "Sanitized"
      },
      "ResponseBody": {
        "error": {
          "code": "",
          "message": "You are sending too many requests. Please try again later."
        }
      }
    },
    {
      "RequestUri": "https://REDACTED/indexes?api-version=2024-07-01",
      "RequestMethod": "POST",
      "RequestHeaders": {
        "Accept": "application/json; odata.metadata=minimal",
        "api-key": "REDACTED",
        "Content-Length": "4691",
        "Content-Type": "application/json",
        "Date": "Fri, 28 Jun 2024 14:59:48 GMT",
        "return-client-request-id": "true",
        "User-Agent": "azsdk-java-azure-search-documents/11.7.0 (21.0.2; Windows 11; 10.0)",
        "x-ms-client-request-id": "Sanitized"
      },
      "RequestBody": {
        "name": "hotelscanuseallregexflagsemptytokenizersyncac065648a98a2a",
        "fields": [
          {
            "name": "HotelId",
            "type": "Edm.String",
            "key": true,
            "retrievable": true,
            "filterable": true,
            "sortable": true,
            "facetable": true
          },
          {
            "name": "HotelName",
            "type": "Edm.String",
            "retrievable": true,
            "searchable": true,
            "filterable": true,
            "sortable": true
          },
          {
            "name": "Description",
            "type": "Edm.String",
            "retrievable": true,
            "searchable": true,
            "analyzer": "en.lucene"
          },
          {
            "name": "DescriptionFr",
            "type": "Edm.String",
            "retrievable": true,
            "searchable": true,
            "analyzer": "fr.lucene"
          },
          {
            "name": "Description_Custom",
            "type": "Edm.String",
            "retrievable": true,
            "searchable": true,
            "searchAnalyzer": "stop",
            "indexAnalyzer": "stop"
          },
          {
            "name": "Category",
            "type": "Edm.String",
            "retrievable": true,
            "searchable": true,
            "filterable": true,
            "sortable": true,
            "facetable": true
          },
          {
            "name": "Tags",
            "type": "Collection(Edm.String)",
            "retrievable": true,
            "searchable": true,
            "filterable": true,
            "facetable": true
          },
          {
            "name": "ParkingIncluded",
            "type": "Edm.Boolean",
            "retrievable": true,
            "filterable": true,
            "sortable": true,
            "facetable": true
          },
          {
            "name": "SmokingAllowed",
            "type": "Edm.Boolean",
            "retrievable": true,
            "filterable": true,
            "sortable": true,
            "facetable": true
          },
          {
            "name": "LastRenovationDate",
            "type": "Edm.DateTimeOffset",
            "retrievable": true,
            "filterable": true,
            "sortable": true,
            "facetable": true
          },
          {
            "name": "Rating",
            "type": "Edm.Int32",
            "retrievable": true,
            "filterable": true,
            "sortable": true,
            "facetable": true
          },
          {
            "name": "Address",
            "type": "Edm.ComplexType",
            "fields": [
              {
                "name": "StreetAddress",
                "type": "Edm.String",
                "retrievable": true,
                "searchable": true
              },
              {
                "name": "City",
                "type": "Edm.String",
                "retrievable": true,
                "searchable": true,
                "filterable": true,
                "sortable": true,
                "facetable": true
              },
              {
                "name": "StateProvince",
                "type": "Edm.String",
                "retrievable": true,
                "searchable": true,
                "filterable": true,
                "sortable": true,
                "facetable": true
              },
              {
                "name": "Country",
                "type": "Edm.String",
                "retrievable": true,
                "searchable": true,
                "filterable": true,
                "sortable": true,
                "facetable": true
              },
              {
                "name": "PostalCode",
                "type": "Edm.String",
                "retrievable": true,
                "searchable": true,
                "filterable": true,
                "sortable": true,
                "facetable": true
              }
            ]
          },
          {
            "name": "Location",
            "type": "Edm.GeographyPoint",
            "retrievable": true,
            "filterable": true,
            "sortable": true
          },
          {
            "name": "Rooms",
            "type": "Collection(Edm.ComplexType)",
            "fields": [
              {
                "name": "Description",
                "type": "Edm.String",
                "searchable": true,
                "analyzer": "en.lucene"
              },
              {
                "name": "DescriptionFr",
                "type": "Edm.String",
                "retrievable": true,
                "searchable": true,
                "analyzer": "fr.lucene"
              },
              {
                "name": "Type",
                "type": "Edm.String",
                "retrievable": true,
                "searchable": true,
                "filterable": true,
                "facetable": true
              },
              {
                "name": "BaseRate",
                "type": "Edm.Double",
                "key": false,
                "retrievable": true,
                "filterable": true,
                "facetable": true
              },
              {
                "name": "BedOptions",
                "type": "Edm.String",
                "retrievable": true,
                "searchable": true,
                "filterable": true,
                "facetable": true
              },
              {
                "name": "SleepsCount",
                "type": "Edm.Int32",
                "retrievable": true,
                "filterable": true,
                "facetable": true
              },
              {
                "name": "SmokingAllowed",
                "type": "Edm.Boolean",
                "retrievable": true,
                "filterable": true,
                "facetable": true
              },
              {
                "name": "Tags",
                "type": "Collection(Edm.String)",
                "retrievable": true,
                "searchable": true,
                "filterable": true,
                "facetable": true
              }
            ]
          },
          {
            "name": "TotalGuests",
            "type": "Edm.Int64",
            "filterable": true,
            "sortable": true,
            "facetable": true
          },
          {
            "name": "ProfitMargin",
            "type": "Edm.Double"
          }
        ],
        "scoringProfiles": [
          {
            "name": "MyProfile",
            "text": {
              "weights": {
                "Description": 1.5,
                "Category": 2.0
              }
            },
            "functions": [
              {
                "fieldName": "Rating",
                "boost": 2.0,
                "interpolation": "constant",
                "magnitude": {
                  "boostingRangeStart": 1.0,
                  "boostingRangeEnd": 4.0,
                  "constantBoostBeyondRange": true
                },
                "type": "magnitude"
              },
              {
                "fieldName": "Location",
                "boost": 1.5,
                "interpolation": "linear",
                "distance": {
                  "referencePointParameter": "Loc",
                  "boostingDistance": 5.0
                },
                "type": "distance"
              },
              {
                "fieldName": "LastRenovationDate",
                "boost": 1.1,
                "interpolation": "logarithmic",
                "freshness": {
                  "boostingDuration": "P365D"
                },
                "type": "freshness"
              }
            ],
            "functionAggregation": "average"
          },
          {
            "name": "ProfileTwo",
            "functions": [
              {
                "fieldName": "Tags",
                "boost": 1.5,
                "interpolation": "linear",
                "tag": {
                  "tagsParameter": "MyTags"
                },
                "type": "tag"
              }
            ],
            "functionAggregation": "maximum"
          },
          {
            "name": "ProfileThree",
            "functions": [
              {
                "fieldName": "Rating",
                "boost": 3.0,
                "interpolation": "quadratic",
                "magnitude": {
                  "boostingRangeStart": 0.0,
                  "boostingRangeEnd": 10.0,
                  "constantBoostBeyondRange": false
                },
                "type": "magnitude"
              }
            ],
            "functionAggregation": "minimum"
          },
          {
            "name": "ProfileFour",
            "functions": [
              {
                "fieldName": "Rating",
                "boost": 3.25,
                "interpolation": "constant",
                "magnitude": {
                  "boostingRangeStart": 1.0,
                  "boostingRangeEnd": 5.0,
                  "constantBoostBeyondRange": false
                },
                "type": "magnitude"
              }
            ],
            "functionAggregation": "firstMatching"
          }
        ],
        "defaultScoringProfile": "MyProfile",
        "corsOptions": {
          "allowedOrigins": [
            "http://tempuri.org",
            "http://localhost:80"
          ],
          "maxAgeInSeconds": 60
        },
        "suggesters": [
          {
            "name": "FancySuggester",
            "sourceFields": [
              "HotelName"
            ],
            "searchMode": "analyzingInfixMatching"
          }
        ],
        "tokenizers": []
      },
      "StatusCode": 201,
      "ResponseHeaders": {
        "client-request-id": "Sanitized",
        "Content-Type": "application/json; odata.metadata=minimal; odata.streaming=true; charset=utf-8",
        "Date": "Fri, 28 Jun 2024 14:59:49 GMT",
        "elapsed-time": "871",
        "ETag": "\"0x8DC9782F544D12F\"",
        "Location": "https://REDACTED.com",
        "OData-Version": "4.0",
        "Preference-Applied": "odata.include-annotations=\"*\"",
        "request-id": "506ac6c3-a20c-49ce-929b-62b81054a0ab",
        "Server": "Microsoft-IIS/10.0",
        "Strict-Transport-Security": [
          "max-age=2592000",
          "max-age=15724800; includeSubDomains"
        ],
        "Transfer-Encoding": "chunked",
        "x-ms-client-request-id": "Sanitized"
      },
      "ResponseBody": {
        "@odata.context": "https://azs-java-t5ce5274b0647cb99.search.windows.net/$metadata#indexes/$entity",
        "@odata.etag": "\"0x8DC9782F544D12F\"",
        "name": "hotelscanuseallregexflagsemptytokenizersyncac065648a98a2a",
        "defaultScoringProfile": "MyProfile",
        "fields": [
          {
            "name": "HotelId",
            "type": "Edm.String",
            "searchable": true,
            "filterable": true,
            "retrievable": true,
            "stored": true,
            "sortable": true,
            "facetable": true,
            "key": true,
            "indexAnalyzer": null,
            "searchAnalyzer": null,
            "analyzer": null,
            "dimensions": null,
            "vectorSearchProfile": null,
            "vectorEncoding": null,
            "synonymMaps": []
          },
          {
            "name": "HotelName",
            "type": "Edm.String",
            "searchable": true,
            "filterable": true,
            "retrievable": true,
            "stored": true,
            "sortable": true,
            "facetable": true,
            "key": false,
            "indexAnalyzer": null,
            "searchAnalyzer": null,
            "analyzer": null,
            "dimensions": null,
            "vectorSearchProfile": null,
            "vectorEncoding": null,
            "synonymMaps": []
          },
          {
            "name": "Description",
            "type": "Edm.String",
            "searchable": true,
            "filterable": true,
            "retrievable": true,
            "stored": true,
            "sortable": true,
            "facetable": true,
            "key": false,
            "indexAnalyzer": null,
            "searchAnalyzer": null,
            "analyzer": "en.lucene",
            "dimensions": null,
            "vectorSearchProfile": null,
            "vectorEncoding": null,
            "synonymMaps": []
          },
          {
            "name": "DescriptionFr",
            "type": "Edm.String",
            "searchable": true,
            "filterable": true,
            "retrievable": true,
            "stored": true,
            "sortable": true,
            "facetable": true,
            "key": false,
            "indexAnalyzer": null,
            "searchAnalyzer": null,
            "analyzer": "fr.lucene",
            "dimensions": null,
            "vectorSearchProfile": null,
            "vectorEncoding": null,
            "synonymMaps": []
          },
          {
            "name": "Description_Custom",
            "type": "Edm.String",
            "searchable": true,
            "filterable": true,
            "retrievable": true,
            "stored": true,
            "sortable": true,
            "facetable": true,
            "key": false,
            "indexAnalyzer": "stop",
            "searchAnalyzer": "stop",
            "analyzer": null,
            "dimensions": null,
            "vectorSearchProfile": null,
            "vectorEncoding": null,
            "synonymMaps": []
          },
          {
            "name": "Category",
            "type": "Edm.String",
            "searchable": true,
            "filterable": true,
            "retrievable": true,
            "stored": true,
            "sortable": true,
            "facetable": true,
            "key": false,
            "indexAnalyzer": null,
            "searchAnalyzer": null,
            "analyzer": null,
            "dimensions": null,
            "vectorSearchProfile": null,
            "vectorEncoding": null,
            "synonymMaps": []
          },
          {
            "name": "Tags",
            "type": "Collection(Edm.String)",
            "searchable": true,
            "filterable": true,
            "retrievable": true,
            "stored": true,
            "sortable": false,
            "facetable": true,
            "key": false,
            "indexAnalyzer": null,
            "searchAnalyzer": null,
            "analyzer": null,
            "dimensions": null,
            "vectorSearchProfile": null,
            "vectorEncoding": null,
            "synonymMaps": []
          },
          {
            "name": "ParkingIncluded",
            "type": "Edm.Boolean",
            "searchable": false,
            "filterable": true,
            "retrievable": true,
            "stored": true,
            "sortable": true,
            "facetable": true,
            "key": false,
            "indexAnalyzer": null,
            "searchAnalyzer": null,
            "analyzer": null,
            "dimensions": null,
            "vectorSearchProfile": null,
            "vectorEncoding": null,
            "synonymMaps": []
          },
          {
            "name": "SmokingAllowed",
            "type": "Edm.Boolean",
            "searchable": false,
            "filterable": true,
            "retrievable": true,
            "stored": true,
            "sortable": true,
            "facetable": true,
            "key": false,
            "indexAnalyzer": null,
            "searchAnalyzer": null,
            "analyzer": null,
            "dimensions": null,
            "vectorSearchProfile": null,
            "vectorEncoding": null,
            "synonymMaps": []
          },
          {
            "name": "LastRenovationDate",
            "type": "Edm.DateTimeOffset",
            "searchable": false,
            "filterable": true,
            "retrievable": true,
            "stored": true,
            "sortable": true,
            "facetable": true,
            "key": false,
            "indexAnalyzer": null,
            "searchAnalyzer": null,
            "analyzer": null,
            "dimensions": null,
            "vectorSearchProfile": null,
            "vectorEncoding": null,
            "synonymMaps": []
          },
          {
            "name": "Rating",
            "type": "Edm.Int32",
            "searchable": false,
            "filterable": true,
            "retrievable": true,
            "stored": true,
            "sortable": true,
            "facetable": true,
            "key": false,
            "indexAnalyzer": null,
            "searchAnalyzer": null,
            "analyzer": null,
            "dimensions": null,
            "vectorSearchProfile": null,
            "vectorEncoding": null,
            "synonymMaps": []
          },
          {
            "name": "Address",
            "type": "Edm.ComplexType",
            "fields": [
              {
                "name": "StreetAddress",
                "type": "Edm.String",
                "searchable": true,
                "filterable": true,
                "retrievable": true,
                "stored": true,
                "sortable": true,
                "facetable": true,
                "key": false,
                "indexAnalyzer": null,
                "searchAnalyzer": null,
                "analyzer": null,
                "dimensions": null,
                "vectorSearchProfile": null,
                "vectorEncoding": null,
                "synonymMaps": []
              },
              {
                "name": "City",
                "type": "Edm.String",
                "searchable": true,
                "filterable": true,
                "retrievable": true,
                "stored": true,
                "sortable": true,
                "facetable": true,
                "key": false,
                "indexAnalyzer": null,
                "searchAnalyzer": null,
                "analyzer": null,
                "dimensions": null,
                "vectorSearchProfile": null,
                "vectorEncoding": null,
                "synonymMaps": []
              },
              {
                "name": "StateProvince",
                "type": "Edm.String",
                "searchable": true,
                "filterable": true,
                "retrievable": true,
                "stored": true,
                "sortable": true,
                "facetable": true,
                "key": false,
                "indexAnalyzer": null,
                "searchAnalyzer": null,
                "analyzer": null,
                "dimensions": null,
                "vectorSearchProfile": null,
                "vectorEncoding": null,
                "synonymMaps": []
              },
              {
                "name": "Country",
                "type": "Edm.String",
                "searchable": true,
                "filterable": true,
                "retrievable": true,
                "stored": true,
                "sortable": true,
                "facetable": true,
                "key": false,
                "indexAnalyzer": null,
                "searchAnalyzer": null,
                "analyzer": null,
                "dimensions": null,
                "vectorSearchProfile": null,
                "vectorEncoding": null,
                "synonymMaps": []
              },
              {
                "name": "PostalCode",
                "type": "Edm.String",
                "searchable": true,
                "filterable": true,
                "retrievable": true,
                "stored": true,
                "sortable": true,
                "facetable": true,
                "key": false,
                "indexAnalyzer": null,
                "searchAnalyzer": null,
                "analyzer": null,
                "dimensions": null,
                "vectorSearchProfile": null,
                "vectorEncoding": null,
                "synonymMaps": []
              }
            ]
          },
          {
            "name": "Location",
            "type": "Edm.GeographyPoint",
            "searchable": false,
            "filterable": true,
            "retrievable": true,
            "stored": true,
            "sortable": true,
            "facetable": false,
            "key": false,
            "indexAnalyzer": null,
            "searchAnalyzer": null,
            "analyzer": null,
            "dimensions": null,
            "vectorSearchProfile": null,
            "vectorEncoding": null,
            "synonymMaps": []
          },
          {
            "name": "Rooms",
            "type": "Collection(Edm.ComplexType)",
            "fields": [
              {
                "name": "Description",
                "type": "Edm.String",
                "searchable": true,
                "filterable": true,
                "retrievable": true,
                "stored": true,
                "sortable": false,
                "facetable": true,
                "key": false,
                "indexAnalyzer": null,
                "searchAnalyzer": null,
                "analyzer": "en.lucene",
                "dimensions": null,
                "vectorSearchProfile": null,
                "vectorEncoding": null,
                "synonymMaps": []
              },
              {
                "name": "DescriptionFr",
                "type": "Edm.String",
                "searchable": true,
                "filterable": true,
                "retrievable": true,
                "stored": true,
                "sortable": false,
                "facetable": true,
                "key": false,
                "indexAnalyzer": null,
                "searchAnalyzer": null,
                "analyzer": "fr.lucene",
                "dimensions": null,
                "vectorSearchProfile": null,
                "vectorEncoding": null,
                "synonymMaps": []
              },
              {
                "name": "Type",
                "type": "Edm.String",
                "searchable": true,
                "filterable": true,
                "retrievable": true,
                "stored": true,
                "sortable": false,
                "facetable": true,
                "key": false,
                "indexAnalyzer": null,
                "searchAnalyzer": null,
                "analyzer": null,
                "dimensions": null,
                "vectorSearchProfile": null,
                "vectorEncoding": null,
                "synonymMaps": []
              },
              {
                "name": "BaseRate",
                "type": "Edm.Double",
                "searchable": false,
                "filterable": true,
                "retrievable": true,
                "stored": true,
                "sortable": false,
                "facetable": true,
                "key": false,
                "indexAnalyzer": null,
                "searchAnalyzer": null,
                "analyzer": null,
                "dimensions": null,
                "vectorSearchProfile": null,
                "vectorEncoding": null,
                "synonymMaps": []
              },
              {
                "name": "BedOptions",
                "type": "Edm.String",
                "searchable": true,
                "filterable": true,
                "retrievable": true,
                "stored": true,
                "sortable": false,
                "facetable": true,
                "key": false,
                "indexAnalyzer": null,
                "searchAnalyzer": null,
                "analyzer": null,
                "dimensions": null,
                "vectorSearchProfile": null,
                "vectorEncoding": null,
                "synonymMaps": []
              },
              {
                "name": "SleepsCount",
                "type": "Edm.Int32",
                "searchable": false,
                "filterable": true,
                "retrievable": true,
                "stored": true,
                "sortable": false,
                "facetable": true,
                "key": false,
                "indexAnalyzer": null,
                "searchAnalyzer": null,
                "analyzer": null,
                "dimensions": null,
                "vectorSearchProfile": null,
                "vectorEncoding": null,
                "synonymMaps": []
              },
              {
                "name": "SmokingAllowed",
                "type": "Edm.Boolean",
                "searchable": false,
                "filterable": true,
                "retrievable": true,
                "stored": true,
                "sortable": false,
                "facetable": true,
                "key": false,
                "indexAnalyzer": null,
                "searchAnalyzer": null,
                "analyzer": null,
                "dimensions": null,
                "vectorSearchProfile": null,
                "vectorEncoding": null,
                "synonymMaps": []
              },
              {
                "name": "Tags",
                "type": "Collection(Edm.String)",
                "searchable": true,
                "filterable": true,
                "retrievable": true,
                "stored": true,
                "sortable": false,
                "facetable": true,
                "key": false,
                "indexAnalyzer": null,
                "searchAnalyzer": null,
                "analyzer": null,
                "dimensions": null,
                "vectorSearchProfile": null,
                "vectorEncoding": null,
                "synonymMaps": []
              }
            ]
          },
          {
            "name": "TotalGuests",
            "type": "Edm.Int64",
            "searchable": false,
            "filterable": true,
            "retrievable": true,
            "stored": true,
            "sortable": true,
            "facetable": true,
            "key": false,
            "indexAnalyzer": null,
            "searchAnalyzer": null,
            "analyzer": null,
            "dimensions": null,
            "vectorSearchProfile": null,
            "vectorEncoding": null,
            "synonymMaps": []
          },
          {
            "name": "ProfitMargin",
            "type": "Edm.Double",
            "searchable": false,
            "filterable": true,
            "retrievable": true,
            "stored": true,
            "sortable": true,
            "facetable": true,
            "key": false,
            "indexAnalyzer": null,
            "searchAnalyzer": null,
            "analyzer": null,
            "dimensions": null,
            "vectorSearchProfile": null,
            "vectorEncoding": null,
            "synonymMaps": []
          }
        ],
        "scoringProfiles": [
          {
            "name": "MyProfile",
            "functionAggregation": "average",
            "text": {
              "weights": {
                "Description": 1.5,
                "Category": 2.0
              }
            },
            "functions": [
              {
                "fieldName": "Rating",
                "interpolation": "constant",
                "type": "magnitude",
                "boost": 2.0,
                "freshness": null,
                "magnitude": {
                  "boostingRangeStart": 1.0,
                  "boostingRangeEnd": 4.0,
                  "constantBoostBeyondRange": true
                },
                "distance": null,
                "tag": null
              },
              {
                "fieldName": "Location",
                "interpolation": "linear",
                "type": "distance",
                "boost": 1.5,
                "freshness": null,
                "magnitude": null,
                "distance": {
                  "referencePointParameter": "Loc",
                  "boostingDistance": 5.0
                },
                "tag": null
              },
              {
                "fieldName": "LastRenovationDate",
                "interpolation": "logarithmic",
                "type": "freshness",
                "boost": 1.1,
                "freshness": {
                  "boostingDuration": "P365D"
                },
                "magnitude": null,
                "distance": null,
                "tag": null
              }
            ]
          },
          {
            "name": "ProfileTwo",
            "functionAggregation": "maximum",
            "text": null,
            "functions": [
              {
                "fieldName": "Tags",
                "interpolation": "linear",
                "type": "tag",
                "boost": 1.5,
                "freshness": null,
                "magnitude": null,
                "distance": null,
                "tag": {
                  "tagsParameter": "MyTags"
                }
              }
            ]
          },
          {
            "name": "ProfileThree",
            "functionAggregation": "minimum",
            "text": null,
            "functions": [
              {
                "fieldName": "Rating",
                "interpolation": "quadratic",
                "type": "magnitude",
                "boost": 3.0,
                "freshness": null,
                "magnitude": {
                  "boostingRangeStart": 0.0,
                  "boostingRangeEnd": 10.0,
                  "constantBoostBeyondRange": false
                },
                "distance": null,
                "tag": null
              }
            ]
          },
          {
            "name": "ProfileFour",
            "functionAggregation": "firstMatching",
            "text": null,
            "functions": [
              {
                "fieldName": "Rating",
                "interpolation": "constant",
                "type": "magnitude",
                "boost": 3.25,
                "freshness": null,
                "magnitude": {
                  "boostingRangeStart": 1.0,
                  "boostingRangeEnd": 5.0,
                  "constantBoostBeyondRange": false
                },
                "distance": null,
                "tag": null
              }
            ]
          }
        ],
        "corsOptions": {
          "allowedOrigins": [
            "http://tempuri.org",
            "http://localhost:80"
          ],
          "maxAgeInSeconds": 60
        },
        "suggesters": [
          {
            "name": "FancySuggester",
            "searchMode": "analyzingInfixMatching",
            "sourceFields": [
              "HotelName"
            ]
          }
        ],
        "analyzers": [],
        "tokenizers": [],
        "tokenFilters": [],
        "charFilters": [],
        "encryptionKey": null,
        "similarity": {
          "@odata.type": "#Microsoft.Azure.Search.BM25Similarity",
          "k1": null,
          "b": null
        },
        "semantic": null,
        "vectorSearch": null
      }
    },
    {
      "RequestUri": "https://REDACTED/indexes('hotelscanuseallregexflagsemptytokenizersyncac065648a98a2a')?api-version=2024-07-01",
      "RequestMethod": "DELETE",
      "RequestHeaders": {
        "Accept": "application/json; odata.metadata=minimal",
        "api-key": "REDACTED",
        "Content-Length": "0",
        "Date": "Fri, 28 Jun 2024 14:59:49 GMT",
        "return-client-request-id": "true",
        "User-Agent": "azsdk-java-azure-search-documents/11.7.0 (21.0.2; Windows 11; 10.0)",
        "x-ms-client-request-id": "Sanitized"
      },
      "RequestBody": null,
      "StatusCode": 204,
      "ResponseHeaders": {
        "client-request-id": "Sanitized",
        "Date": "Fri, 28 Jun 2024 14:59:49 GMT",
        "elapsed-time": "137",
        "Preference-Applied": "odata.include-annotations=\"*\"",
        "request-id": "9ca67083-0f1b-4734-aa18-b58e3535dfdf",
        "Server": "Microsoft-IIS/10.0",
        "Strict-Transport-Security": [
          "max-age=2592000",
          "max-age=15724800; includeSubDomains"
        ],
        "x-ms-client-request-id": "Sanitized"
      },
      "ResponseBody": null
    }
  ],
  "Variables": {
    "0": "hotelscanuseallregexflagsemptytokenizersyncac065648a98a2a"
  }
}
