{
  "Entries": [
    {
      "RequestUri": "https://REDACTED/indexes?api-version=2023-10-01-preview",
      "RequestMethod": "POST",
      "RequestHeaders": {
        "Accept": "application/json; odata.metadata=minimal",
        "api-key": "REDACTED",
        "Content-Length": "513",
        "Content-Type": "application/json",
        "Date": "Mon, 04 Mar 2024 21:50:09 GMT",
        "return-client-request-id": "true",
        "User-Agent": "azsdk-java-azure-search-documents/11.7.0-beta.2 (17.0.9; Windows 11; 10.0)",
        "x-ms-client-request-id": "b814cfc8-d794-4d44-bdd5-d1bfc9e00973"
      },
      "RequestBody": {
        "name": "testindexcansearchwithcustomanalyzersyncandasync37a57323148b",
        "fields": [
          {
            "name": "id",
            "type": "Edm.String",
            "key": true
          },
          {
            "name": "message",
            "type": "Edm.String",
            "searchable": true,
            "analyzer": "my_email_analyzer"
          }
        ],
        "analyzers": [
          {
            "@odata.type": "#Microsoft.Azure.Search.CustomAnalyzer",
            "name": "my_email_analyzer",
            "tokenizer": "standard_v2",
            "charFilters": [
              "my_email_filter"
            ]
          }
        ],
        "charFilters": [
          {
            "@odata.type": "#Microsoft.Azure.Search.PatternReplaceCharFilter",
            "name": "my_email_filter",
            "pattern": "@",
            "replacement": "_"
          }
        ]
      },
      "StatusCode": 201,
      "ResponseHeaders": {
        "client-request-id": "b814cfc8-d794-4d44-bdd5-d1bfc9e00973",
        "Content-Type": "application/json; odata.metadata=minimal; odata.streaming=true; charset=utf-8",
        "Date": "Mon, 04 Mar 2024 21:50:20 GMT",
        "elapsed-time": "10651",
        "ETag": "\u00220x8DC3C9516427938\u0022",
        "Location": "https://azs-java-tb9a3e882b9658d50.search.windows.net/indexes(\u0027testindexcansearchwithcustomanalyzersyncandasync37a57323148b\u0027)?api-version=2023-10-01-preview",
        "OData-Version": "4.0",
        "Preference-Applied": "odata.include-annotations=\u0022*\u0022",
        "request-id": "b814cfc8-d794-4d44-bdd5-d1bfc9e00973",
        "Server": "Microsoft-IIS/10.0",
        "Strict-Transport-Security": [
          "max-age=2592000",
          "max-age=15724800; includeSubDomains"
        ],
        "Transfer-Encoding": "chunked",
        "x-ms-client-request-id": "b814cfc8-d794-4d44-bdd5-d1bfc9e00973"
      },
      "ResponseBody": {
        "@odata.context": "https://azs-java-tb9a3e882b9658d50.search.windows.net/$metadata#indexes/$entity",
        "@odata.etag": "\u00220x8DC3C9516427938\u0022",
        "name": "testindexcansearchwithcustomanalyzersyncandasync37a57323148b",
        "defaultScoringProfile": null,
        "fields": [
          {
            "name": "id",
            "type": "Edm.String",
            "searchable": true,
            "filterable": true,
            "retrievable": true,
            "sortable": true,
            "facetable": true,
            "key": true,
            "indexAnalyzer": null,
            "searchAnalyzer": null,
            "analyzer": null,
            "normalizer": null,
            "dimensions": null,
            "vectorSearchProfile": null,
            "synonymMaps": []
          },
          {
            "name": "message",
            "type": "Edm.String",
            "searchable": true,
            "filterable": true,
            "retrievable": true,
            "sortable": true,
            "facetable": true,
            "key": false,
            "indexAnalyzer": null,
            "searchAnalyzer": null,
            "analyzer": "my_email_analyzer",
            "normalizer": null,
            "dimensions": null,
            "vectorSearchProfile": null,
            "synonymMaps": []
          }
        ],
        "scoringProfiles": [],
        "corsOptions": null,
        "suggesters": [],
        "analyzers": [
          {
            "@odata.type": "#Microsoft.Azure.Search.CustomAnalyzer",
            "name": "my_email_analyzer",
            "tokenizer": "standard_v2",
            "tokenFilters": [],
            "charFilters": [
              "my_email_filter"
            ]
          }
        ],
        "normalizers": [],
        "tokenizers": [],
        "tokenFilters": [],
        "charFilters": [
          {
            "@odata.type": "#Microsoft.Azure.Search.PatternReplaceCharFilter",
            "name": "my_email_filter",
            "pattern": "@",
            "replacement": "_"
          }
        ],
        "encryptionKey": null,
        "similarity": {
          "@odata.type": "#Microsoft.Azure.Search.BM25Similarity",
          "k1": null,
          "b": null
        },
        "semantic": null,
        "vectorSearch": null
      }
    },
    {
      "RequestUri": "https://REDACTED/indexes(\u0027testindexcansearchwithcustomanalyzersyncandasync37a57323148b\u0027)/docs/search.index?api-version=2023-10-01-preview",
      "RequestMethod": "POST",
      "RequestHeaders": {
        "Accept": "application/json; odata.metadata=none",
        "api-key": "REDACTED",
        "Content-Length": "188",
        "Content-Type": "application/json",
        "Date": "Mon, 04 Mar 2024 21:50:20 GMT",
        "return-client-request-id": "true",
        "User-Agent": "azsdk-java-azure-search-documents/11.7.0-beta.2 (17.0.9; Windows 11; 10.0)",
        "x-ms-client-request-id": "39388532-b7d7-4d66-b21a-72b10bc0a345"
      },
      "RequestBody": {
        "value": [
          {
            "@search.action": "upload",
            "id": "1",
            "message": "My email is someone@somewhere.something."
          },
          {
            "@search.action": "upload",
            "id": "2",
            "message": "His email is someone@nowhere.nothing."
          }
        ]
      },
      "StatusCode": 200,
      "ResponseHeaders": {
        "client-request-id": "39388532-b7d7-4d66-b21a-72b10bc0a345",
        "Content-Type": "application/json; odata.metadata=none; odata.streaming=true; charset=utf-8",
        "Date": "Mon, 04 Mar 2024 21:50:20 GMT",
        "elapsed-time": "123",
        "OData-Version": "4.0",
        "Preference-Applied": "odata.include-annotations=\u0022*\u0022",
        "request-id": "39388532-b7d7-4d66-b21a-72b10bc0a345",
        "Server": "Microsoft-IIS/10.0",
        "Strict-Transport-Security": [
          "max-age=2592000",
          "max-age=15724800; includeSubDomains"
        ],
        "Transfer-Encoding": "chunked",
        "x-ms-client-request-id": "39388532-b7d7-4d66-b21a-72b10bc0a345"
      },
      "ResponseBody": {
        "value": [
          {
            "key": "1",
            "status": true,
            "errorMessage": null,
            "statusCode": 201
          },
          {
            "key": "2",
            "status": true,
            "errorMessage": null,
            "statusCode": 201
          }
        ]
      }
    },
    {
      "RequestUri": "https://REDACTED/indexes(\u0027testindexcansearchwithcustomanalyzersyncandasync37a57323148b\u0027)/docs/search.post.search?api-version=2023-10-01-preview",
      "RequestMethod": "POST",
      "RequestHeaders": {
        "Accept": "application/json; odata.metadata=none",
        "api-key": "REDACTED",
        "Content-Length": "40",
        "Content-Type": "application/json",
        "Date": "Mon, 04 Mar 2024 21:50:22 GMT",
        "return-client-request-id": "true",
        "User-Agent": "azsdk-java-azure-search-documents/11.7.0-beta.2 (17.0.9; Windows 11; 10.0)",
        "x-ms-client-request-id": "474ebab5-fd95-434b-8459-fd8fe2e90554"
      },
      "RequestBody": {
        "search": "someone@somewhere.something"
      },
      "StatusCode": 200,
      "ResponseHeaders": {
        "client-request-id": "474ebab5-fd95-434b-8459-fd8fe2e90554",
        "Content-Type": "application/json; odata.metadata=none; odata.streaming=true; charset=utf-8",
        "Date": "Mon, 04 Mar 2024 21:50:22 GMT",
        "elapsed-time": "21",
        "OData-Version": "4.0",
        "Preference-Applied": "odata.include-annotations=\u0022*\u0022",
        "request-id": "474ebab5-fd95-434b-8459-fd8fe2e90554",
        "Server": "Microsoft-IIS/10.0",
        "Strict-Transport-Security": [
          "max-age=2592000",
          "max-age=15724800; includeSubDomains"
        ],
        "Transfer-Encoding": "chunked",
        "x-ms-client-request-id": "474ebab5-fd95-434b-8459-fd8fe2e90554"
      },
      "ResponseBody": {
        "value": [
          {
            "@search.score": 0.2876821,
            "id": "1",
            "message": "My email is someone@somewhere.something."
          }
        ]
      }
    },
    {
      "RequestUri": "https://REDACTED/indexes(\u0027testindexcansearchwithcustomanalyzersyncandasync37a57323148b\u0027)/docs/search.post.search?api-version=2023-10-01-preview",
      "RequestMethod": "POST",
      "RequestHeaders": {
        "Accept": "application/json; odata.metadata=none",
        "api-key": "REDACTED",
        "Content-Length": "40",
        "Content-Type": "application/json",
        "Date": "Mon, 04 Mar 2024 21:50:22 GMT",
        "return-client-request-id": "true",
        "User-Agent": "azsdk-java-azure-search-documents/11.7.0-beta.2 (17.0.9; Windows 11; 10.0)",
        "x-ms-client-request-id": "5eaa2343-d629-42ad-be58-6550dbb391d4"
      },
      "RequestBody": {
        "search": "someone@somewhere.something"
      },
      "StatusCode": 200,
      "ResponseHeaders": {
        "client-request-id": "5eaa2343-d629-42ad-be58-6550dbb391d4",
        "Content-Type": "application/json; odata.metadata=none; odata.streaming=true; charset=utf-8",
        "Date": "Mon, 04 Mar 2024 21:50:22 GMT",
        "elapsed-time": "10",
        "OData-Version": "4.0",
        "Preference-Applied": "odata.include-annotations=\u0022*\u0022",
        "request-id": "5eaa2343-d629-42ad-be58-6550dbb391d4",
        "Server": "Microsoft-IIS/10.0",
        "Strict-Transport-Security": [
          "max-age=2592000",
          "max-age=15724800; includeSubDomains"
        ],
        "Transfer-Encoding": "chunked",
        "x-ms-client-request-id": "5eaa2343-d629-42ad-be58-6550dbb391d4"
      },
      "ResponseBody": {
        "value": [
          {
            "@search.score": 0.2876821,
            "id": "1",
            "message": "My email is someone@somewhere.something."
          }
        ]
      }
    },
    {
      "RequestUri": "https://REDACTED/indexes(\u0027testindexcansearchwithcustomanalyzersyncandasync37a57323148b\u0027)?api-version=2023-10-01-preview",
      "RequestMethod": "DELETE",
      "RequestHeaders": {
        "Accept": "application/json; odata.metadata=minimal",
        "api-key": "REDACTED",
        "Content-Length": "0",
        "Date": "Mon, 04 Mar 2024 21:50:22 GMT",
        "return-client-request-id": "true",
        "User-Agent": "azsdk-java-azure-search-documents/11.7.0-beta.2 (17.0.9; Windows 11; 10.0)",
        "x-ms-client-request-id": "ec46dc84-5d9c-4481-9101-94d0d7d5620c"
      },
      "RequestBody": null,
      "StatusCode": 204,
      "ResponseHeaders": {
        "client-request-id": "ec46dc84-5d9c-4481-9101-94d0d7d5620c",
        "Date": "Mon, 04 Mar 2024 21:50:24 GMT",
        "elapsed-time": "1307",
        "Preference-Applied": "odata.include-annotations=\u0022*\u0022",
        "request-id": "ec46dc84-5d9c-4481-9101-94d0d7d5620c",
        "Server": "Microsoft-IIS/10.0",
        "Strict-Transport-Security": [
          "max-age=2592000",
          "max-age=15724800; includeSubDomains"
        ],
        "x-ms-client-request-id": "ec46dc84-5d9c-4481-9101-94d0d7d5620c"
      },
      "ResponseBody": null
    }
  ],
  "Variables": {
    "0": "testindexcansearchwithcustomanalyzersyncandasync37a57323148b"
  }
}
