{
  "Entries": [
    {
      "RequestUri": "https://REDACTED/indexes?api-version=2024-07-01",
      "RequestMethod": "POST",
      "RequestHeaders": {
        "Accept": "application/json; odata.metadata=minimal",
        "Authorization": "Sanitized",
        "Content-Length": "513",
        "Content-Type": "application/json",
        "Date": "Mon, 12 Aug 2024 19:14:47 GMT",
        "return-client-request-id": "true",
        "User-Agent": "azsdk-java-azure-search-documents/11.8.0-beta.1 (21.0.2; Windows 11; 10.0)",
        "x-ms-client-request-id": "Sanitized"
      },
      "RequestBody": {
        "name": "testindexcansearchwithcustomanalyzersyncandasync24a95148bc49",
        "fields": [
          {
            "name": "id",
            "type": "Edm.String",
            "key": true
          },
          {
            "name": "message",
            "type": "Edm.String",
            "searchable": true,
            "analyzer": "my_email_analyzer"
          }
        ],
        "analyzers": [
          {
            "name": "my_email_analyzer",
            "tokenizer": "standard_v2",
            "@odata.type": "#Microsoft.Azure.Search.CustomAnalyzer",
            "charFilters": [
              "my_email_filter"
            ]
          }
        ],
        "charFilters": [
          {
            "name": "my_email_filter",
            "pattern": "@",
            "replacement": "_",
            "@odata.type": "#Microsoft.Azure.Search.PatternReplaceCharFilter"
          }
        ]
      },
      "StatusCode": 201,
      "ResponseHeaders": {
        "client-request-id": "Sanitized",
        "Content-Type": "application/json; odata.metadata=minimal; odata.streaming=true; charset=utf-8",
        "Date": "Mon, 12 Aug 2024 19:14:49 GMT",
        "elapsed-time": "725",
        "ETag": "\"0x8DCBB03096257BB\"",
        "Location": "https://REDACTED.com",
        "OData-Version": "4.0",
        "Preference-Applied": "odata.include-annotations=\"*\"",
        "request-id": "a613829a-6c0f-4c8d-b86b-45cbd0b10cab",
        "Server": "Microsoft-IIS/10.0",
        "Strict-Transport-Security": [
          "max-age=2592000",
          "max-age=15724800; includeSubDomains"
        ],
        "Transfer-Encoding": "chunked",
        "x-ms-client-request-id": "Sanitized"
      },
      "ResponseBody": {
        "@odata.context": "https://azs-java-t492e0860e0be39c8.search.windows.net/$metadata#indexes/$entity",
        "@odata.etag": "\"0x8DCBB03096257BB\"",
        "name": "testindexcansearchwithcustomanalyzersyncandasync24a95148bc49",
        "defaultScoringProfile": null,
        "fields": [
          {
            "name": "id",
            "type": "Edm.String",
            "searchable": true,
            "filterable": true,
            "retrievable": true,
            "stored": true,
            "sortable": true,
            "facetable": true,
            "key": true,
            "indexAnalyzer": null,
            "searchAnalyzer": null,
            "analyzer": null,
            "dimensions": null,
            "vectorSearchProfile": null,
            "vectorEncoding": null,
            "synonymMaps": []
          },
          {
            "name": "message",
            "type": "Edm.String",
            "searchable": true,
            "filterable": true,
            "retrievable": true,
            "stored": true,
            "sortable": true,
            "facetable": true,
            "key": false,
            "indexAnalyzer": null,
            "searchAnalyzer": null,
            "analyzer": "my_email_analyzer",
            "dimensions": null,
            "vectorSearchProfile": null,
            "vectorEncoding": null,
            "synonymMaps": []
          }
        ],
        "scoringProfiles": [],
        "corsOptions": null,
        "suggesters": [],
        "analyzers": [
          {
            "@odata.type": "#Microsoft.Azure.Search.CustomAnalyzer",
            "name": "my_email_analyzer",
            "tokenizer": "standard_v2",
            "tokenFilters": [],
            "charFilters": [
              "my_email_filter"
            ]
          }
        ],
        "tokenizers": [],
        "tokenFilters": [],
        "charFilters": [
          {
            "@odata.type": "#Microsoft.Azure.Search.PatternReplaceCharFilter",
            "name": "my_email_filter",
            "pattern": "@",
            "replacement": "_"
          }
        ],
        "encryptionKey": null,
        "similarity": {
          "@odata.type": "#Microsoft.Azure.Search.BM25Similarity",
          "k1": null,
          "b": null
        },
        "semantic": null,
        "vectorSearch": null
      }
    },
    {
      "RequestUri": "https://REDACTED/indexes('testindexcansearchwithcustomanalyzersyncandasync24a95148bc49')/docs/search.index?api-version=2024-07-01",
      "RequestMethod": "POST",
      "RequestHeaders": {
        "Accept": "application/json; odata.metadata=none",
        "Authorization": "Sanitized",
        "Content-Length": "188",
        "Content-Type": "application/json",
        "Date": "Mon, 12 Aug 2024 19:14:49 GMT",
        "return-client-request-id": "true",
        "User-Agent": "azsdk-java-azure-search-documents/11.8.0-beta.1 (21.0.2; Windows 11; 10.0)",
        "x-ms-client-request-id": "Sanitized"
      },
      "RequestBody": {
        "value": [
          {
            "@search.action": "upload",
            "id": "1",
            "message": "My email is someone@somewhere.something."
          },
          {
            "@search.action": "upload",
            "id": "2",
            "message": "His email is someone@nowhere.nothing."
          }
        ]
      },
      "StatusCode": 200,
      "ResponseHeaders": {
        "client-request-id": "Sanitized",
        "Content-Type": "application/json; odata.metadata=none; odata.streaming=true; charset=utf-8",
        "Date": "Mon, 12 Aug 2024 19:14:49 GMT",
        "elapsed-time": "290",
        "OData-Version": "4.0",
        "Preference-Applied": "odata.include-annotations=\"*\"",
        "request-id": "ec5496e5-35ea-43a7-bf6e-93c2ca873a36",
        "Server": "Microsoft-IIS/10.0",
        "Strict-Transport-Security": [
          "max-age=2592000",
          "max-age=15724800; includeSubDomains"
        ],
        "Transfer-Encoding": "chunked",
        "x-ms-client-request-id": "Sanitized"
      },
      "ResponseBody": {
        "value": [
          {
            "key": "Sanitized",
            "status": true,
            "errorMessage": null,
            "statusCode": 201
          },
          {
            "key": "Sanitized",
            "status": true,
            "errorMessage": null,
            "statusCode": 201
          }
        ]
      }
    },
    {
      "RequestUri": "https://REDACTED/indexes('testindexcansearchwithcustomanalyzersyncandasync24a95148bc49')/docs/search.post.search?api-version=2024-07-01",
      "RequestMethod": "POST",
      "RequestHeaders": {
        "Accept": "application/json; odata.metadata=none",
        "Authorization": "Sanitized",
        "Content-Length": "40",
        "Content-Type": "application/json",
        "Date": "Mon, 12 Aug 2024 19:14:52 GMT",
        "return-client-request-id": "true",
        "User-Agent": "azsdk-java-azure-search-documents/11.8.0-beta.1 (21.0.2; Windows 11; 10.0)",
        "x-ms-client-request-id": "Sanitized"
      },
      "RequestBody": {
        "search": "someone@somewhere.something"
      },
      "StatusCode": 200,
      "ResponseHeaders": {
        "client-request-id": "Sanitized",
        "Content-Type": "application/json; odata.metadata=none; odata.streaming=true; charset=utf-8",
        "Date": "Mon, 12 Aug 2024 19:14:52 GMT",
        "elapsed-time": "168",
        "OData-Version": "4.0",
        "Preference-Applied": "odata.include-annotations=\"*\"",
        "request-id": "6e116686-3d1d-4a68-8672-ac355579a156",
        "Server": "Microsoft-IIS/10.0",
        "Strict-Transport-Security": [
          "max-age=2592000",
          "max-age=15724800; includeSubDomains"
        ],
        "Transfer-Encoding": "chunked",
        "x-ms-client-request-id": "Sanitized"
      },
      "ResponseBody": {
        "value": [
          {
            "@search.score": 0.2876821,
            "id": "1",
            "message": "My email is someone@somewhere.something."
          }
        ]
      }
    },
    {
      "RequestUri": "https://REDACTED/indexes('testindexcansearchwithcustomanalyzersyncandasync24a95148bc49')/docs/search.post.search?api-version=2024-07-01",
      "RequestMethod": "POST",
      "RequestHeaders": {
        "Accept": "application/json; odata.metadata=none",
        "Authorization": "Sanitized",
        "Content-Length": "40",
        "Content-Type": "application/json",
        "Date": "Mon, 12 Aug 2024 19:14:52 GMT",
        "return-client-request-id": "true",
        "User-Agent": "azsdk-java-azure-search-documents/11.8.0-beta.1 (21.0.2; Windows 11; 10.0)",
        "x-ms-client-request-id": "Sanitized"
      },
      "RequestBody": {
        "search": "someone@somewhere.something"
      },
      "StatusCode": 200,
      "ResponseHeaders": {
        "client-request-id": "Sanitized",
        "Content-Type": "application/json; odata.metadata=none; odata.streaming=true; charset=utf-8",
        "Date": "Mon, 12 Aug 2024 19:14:53 GMT",
        "elapsed-time": "15",
        "OData-Version": "4.0",
        "Preference-Applied": "odata.include-annotations=\"*\"",
        "request-id": "019e59bf-79e1-4d64-bef9-b43c35a40ad5",
        "Server": "Microsoft-IIS/10.0",
        "Strict-Transport-Security": [
          "max-age=2592000",
          "max-age=15724800; includeSubDomains"
        ],
        "Transfer-Encoding": "chunked",
        "x-ms-client-request-id": "Sanitized"
      },
      "ResponseBody": {
        "value": [
          {
            "@search.score": 0.2876821,
            "id": "1",
            "message": "My email is someone@somewhere.something."
          }
        ]
      }
    },
    {
      "RequestUri": "https://REDACTED/indexes('testindexcansearchwithcustomanalyzersyncandasync24a95148bc49')?api-version=2024-07-01",
      "RequestMethod": "DELETE",
      "RequestHeaders": {
        "Accept": "application/json; odata.metadata=minimal",
        "Authorization": "Sanitized",
        "Content-Length": "0",
        "Date": "Mon, 12 Aug 2024 19:14:53 GMT",
        "return-client-request-id": "true",
        "User-Agent": "azsdk-java-azure-search-documents/11.8.0-beta.1 (21.0.2; Windows 11; 10.0)",
        "x-ms-client-request-id": "Sanitized"
      },
      "RequestBody": null,
      "StatusCode": 204,
      "ResponseHeaders": {
        "client-request-id": "Sanitized",
        "Date": "Mon, 12 Aug 2024 19:14:53 GMT",
        "elapsed-time": "263",
        "Preference-Applied": "odata.include-annotations=\"*\"",
        "request-id": "d3d2ff5e-fb83-4961-906b-a1fbb9382480",
        "Server": "Microsoft-IIS/10.0",
        "Strict-Transport-Security": [
          "max-age=2592000",
          "max-age=15724800; includeSubDomains"
        ],
        "x-ms-client-request-id": "Sanitized"
      },
      "ResponseBody": null
    }
  ],
  "Variables": {
    "0": "testindexcansearchwithcustomanalyzersyncandasync24a95148bc49"
  }
}
