{
  "Entries": [
    {
      "RequestUri": "https://REDACTED/indexes?api-version=2023-10-01-preview",
      "RequestMethod": "POST",
      "RequestHeaders": {
        "Accept": "application/json; odata.metadata=minimal",
        "api-key": "REDACTED",
        "Content-Length": "509",
        "Content-Type": "application/json",
        "Date": "Mon, 13 Nov 2023 21:22:29 GMT",
        "return-client-request-id": "true",
        "User-Agent": "azsdk-java-azure-search-documents/11.7.0-beta.1 (17.0.8.1; Windows 11; 10.0)",
        "x-ms-client-request-id": "7a8c604c-ad98-4818-9bb8-6fd56142a002"
      },
      "RequestBody": {
        "name": "testindexcansearchwithcustomanalyzerasyncff287725b97a1fd",
        "fields": [
          {
            "name": "id",
            "type": "Edm.String",
            "key": true
          },
          {
            "name": "message",
            "type": "Edm.String",
            "searchable": true,
            "analyzer": "my_email_analyzer"
          }
        ],
        "analyzers": [
          {
            "@odata.type": "#Microsoft.Azure.Search.CustomAnalyzer",
            "name": "my_email_analyzer",
            "tokenizer": "standard_v2",
            "charFilters": [
              "my_email_filter"
            ]
          }
        ],
        "charFilters": [
          {
            "@odata.type": "#Microsoft.Azure.Search.PatternReplaceCharFilter",
            "name": "my_email_filter",
            "pattern": "@",
            "replacement": "_"
          }
        ]
      },
      "StatusCode": 201,
      "ResponseHeaders": {
        "client-request-id": "7a8c604c-ad98-4818-9bb8-6fd56142a002",
        "Content-Type": "application/json; odata.metadata=minimal; odata.streaming=true; charset=utf-8",
        "Date": "Mon, 13 Nov 2023 21:22:30 GMT",
        "elapsed-time": "1781",
        "ETag": "\u00220x8DBE48EA5424CAE\u0022",
        "Location": "https://azs-java-t5ce5274b0647cb99.search.windows.net/indexes(\u0027testindexcansearchwithcustomanalyzerasyncff287725b97a1fd\u0027)?api-version=2023-10-01-preview",
        "OData-Version": "4.0",
        "Preference-Applied": "odata.include-annotations=\u0022*\u0022",
        "request-id": "7a8c604c-ad98-4818-9bb8-6fd56142a002",
        "Server": "Microsoft-IIS/10.0",
        "Strict-Transport-Security": [
          "max-age=2592000",
          "max-age=15724800; includeSubDomains"
        ],
        "Transfer-Encoding": "chunked",
        "x-ms-client-request-id": "7a8c604c-ad98-4818-9bb8-6fd56142a002"
      },
      "ResponseBody": {
        "@odata.context": "https://azs-java-t5ce5274b0647cb99.search.windows.net/$metadata#indexes/$entity",
        "@odata.etag": "\u00220x8DBE48EA5424CAE\u0022",
        "name": "testindexcansearchwithcustomanalyzerasyncff287725b97a1fd",
        "defaultScoringProfile": null,
        "fields": [
          {
            "name": "id",
            "type": "Edm.String",
            "searchable": true,
            "filterable": true,
            "retrievable": true,
            "sortable": true,
            "facetable": true,
            "key": true,
            "indexAnalyzer": null,
            "searchAnalyzer": null,
            "analyzer": null,
            "normalizer": null,
            "dimensions": null,
            "vectorSearchProfile": null,
            "synonymMaps": []
          },
          {
            "name": "message",
            "type": "Edm.String",
            "searchable": true,
            "filterable": true,
            "retrievable": true,
            "sortable": true,
            "facetable": true,
            "key": false,
            "indexAnalyzer": null,
            "searchAnalyzer": null,
            "analyzer": "my_email_analyzer",
            "normalizer": null,
            "dimensions": null,
            "vectorSearchProfile": null,
            "synonymMaps": []
          }
        ],
        "scoringProfiles": [],
        "corsOptions": null,
        "suggesters": [],
        "analyzers": [
          {
            "@odata.type": "#Microsoft.Azure.Search.CustomAnalyzer",
            "name": "my_email_analyzer",
            "tokenizer": "standard_v2",
            "tokenFilters": [],
            "charFilters": [
              "my_email_filter"
            ]
          }
        ],
        "normalizers": [],
        "tokenizers": [],
        "tokenFilters": [],
        "charFilters": [
          {
            "@odata.type": "#Microsoft.Azure.Search.PatternReplaceCharFilter",
            "name": "my_email_filter",
            "pattern": "@",
            "replacement": "_"
          }
        ],
        "encryptionKey": null,
        "similarity": {
          "@odata.type": "#Microsoft.Azure.Search.BM25Similarity",
          "k1": null,
          "b": null
        },
        "semantic": null,
        "vectorSearch": null
      }
    },
    {
      "RequestUri": "https://REDACTED/indexes(\u0027testindexcansearchwithcustomanalyzerasyncff287725b97a1fd\u0027)/docs/search.index?api-version=2023-10-01-preview",
      "RequestMethod": "POST",
      "RequestHeaders": {
        "Accept": "application/json; odata.metadata=none",
        "api-key": "REDACTED",
        "Content-Length": "188",
        "Content-Type": "application/json",
        "Date": "Mon, 13 Nov 2023 21:22:31 GMT",
        "return-client-request-id": "true",
        "User-Agent": "azsdk-java-azure-search-documents/11.7.0-beta.1 (17.0.8.1; Windows 11; 10.0)",
        "x-ms-client-request-id": "b9ebda2c-c49a-4693-b7ae-3d9f87fcd340"
      },
      "RequestBody": {
        "value": [
          {
            "@search.action": "upload",
            "id": "1",
            "message": "My email is someone@somewhere.something."
          },
          {
            "@search.action": "upload",
            "id": "2",
            "message": "His email is someone@nowhere.nothing."
          }
        ]
      },
      "StatusCode": 200,
      "ResponseHeaders": {
        "client-request-id": "b9ebda2c-c49a-4693-b7ae-3d9f87fcd340",
        "Content-Type": "application/json; odata.metadata=none; odata.streaming=true; charset=utf-8",
        "Date": "Mon, 13 Nov 2023 21:22:30 GMT",
        "elapsed-time": "191",
        "OData-Version": "4.0",
        "Preference-Applied": "odata.include-annotations=\u0022*\u0022",
        "request-id": "b9ebda2c-c49a-4693-b7ae-3d9f87fcd340",
        "Server": "Microsoft-IIS/10.0",
        "Strict-Transport-Security": [
          "max-age=2592000",
          "max-age=15724800; includeSubDomains"
        ],
        "Transfer-Encoding": "chunked",
        "x-ms-client-request-id": "b9ebda2c-c49a-4693-b7ae-3d9f87fcd340"
      },
      "ResponseBody": {
        "value": [
          {
            "key": "1",
            "status": true,
            "errorMessage": null,
            "statusCode": 201
          },
          {
            "key": "2",
            "status": true,
            "errorMessage": null,
            "statusCode": 201
          }
        ]
      }
    },
    {
      "RequestUri": "https://REDACTED/indexes(\u0027testindexcansearchwithcustomanalyzerasyncff287725b97a1fd\u0027)/docs/search.post.search?api-version=2023-10-01-preview",
      "RequestMethod": "POST",
      "RequestHeaders": {
        "Accept": "application/json; odata.metadata=none",
        "api-key": "REDACTED",
        "Content-Length": "40",
        "Content-Type": "application/json",
        "Date": "Mon, 13 Nov 2023 21:22:33 GMT",
        "return-client-request-id": "true",
        "User-Agent": "azsdk-java-azure-search-documents/11.7.0-beta.1 (17.0.8.1; Windows 11; 10.0)",
        "x-ms-client-request-id": "b2add61a-fb23-4ce4-815d-dd5b1509ae7e"
      },
      "RequestBody": {
        "search": "someone@somewhere.something"
      },
      "StatusCode": 200,
      "ResponseHeaders": {
        "client-request-id": "b2add61a-fb23-4ce4-815d-dd5b1509ae7e",
        "Content-Type": "application/json; odata.metadata=none; odata.streaming=true; charset=utf-8",
        "Date": "Mon, 13 Nov 2023 21:22:33 GMT",
        "elapsed-time": "21",
        "OData-Version": "4.0",
        "Preference-Applied": "odata.include-annotations=\u0022*\u0022",
        "request-id": "b2add61a-fb23-4ce4-815d-dd5b1509ae7e",
        "Server": "Microsoft-IIS/10.0",
        "Strict-Transport-Security": [
          "max-age=2592000",
          "max-age=15724800; includeSubDomains"
        ],
        "Transfer-Encoding": "chunked",
        "x-ms-client-request-id": "b2add61a-fb23-4ce4-815d-dd5b1509ae7e"
      },
      "ResponseBody": {
        "value": [
          {
            "@search.score": 0.2876821,
            "id": "1",
            "message": "My email is someone@somewhere.something."
          }
        ]
      }
    },
    {
      "RequestUri": "https://REDACTED/indexes(\u0027testindexcansearchwithcustomanalyzerasyncff287725b97a1fd\u0027)?api-version=2023-10-01-preview",
      "RequestMethod": "DELETE",
      "RequestHeaders": {
        "Accept": "application/json; odata.metadata=minimal",
        "api-key": "REDACTED",
        "Content-Length": "0",
        "Date": "Mon, 13 Nov 2023 21:22:33 GMT",
        "return-client-request-id": "true",
        "User-Agent": "azsdk-java-azure-search-documents/11.7.0-beta.1 (17.0.8.1; Windows 11; 10.0)",
        "x-ms-client-request-id": "5c805e9b-838b-4bf0-938a-204ad731c27b"
      },
      "RequestBody": null,
      "StatusCode": 204,
      "ResponseHeaders": {
        "client-request-id": "5c805e9b-838b-4bf0-938a-204ad731c27b",
        "Date": "Mon, 13 Nov 2023 21:22:33 GMT",
        "elapsed-time": "210",
        "Preference-Applied": "odata.include-annotations=\u0022*\u0022",
        "request-id": "5c805e9b-838b-4bf0-938a-204ad731c27b",
        "Server": "Microsoft-IIS/10.0",
        "Strict-Transport-Security": [
          "max-age=2592000",
          "max-age=15724800; includeSubDomains"
        ],
        "x-ms-client-request-id": "5c805e9b-838b-4bf0-938a-204ad731c27b"
      },
      "ResponseBody": null
    }
  ],
  "Variables": {
    "0": "testindexcansearchwithcustomanalyzerasyncff287725b97a1fd"
  }
}
