{
  "Entries": [
    {
      "RequestUri": "https://REDACTED/datasources(\u0027azs-java-test-blob40208d31c\u0027)?api-version=2023-10-01-preview",
      "RequestMethod": "DELETE",
      "RequestHeaders": {
        "Accept": "application/json; odata.metadata=minimal",
        "api-key": "REDACTED",
        "Content-Length": "0",
        "Date": "Fri, 08 Dec 2023 15:22:34 GMT",
        "return-client-request-id": "true",
        "User-Agent": "azsdk-java-azure-search-documents/11.7.0-beta.1 (17.0.8.1; Windows 11; 10.0)",
        "x-ms-client-request-id": "f29172f8-8055-4553-9c80-40ebebf24475"
      },
      "RequestBody": null,
      "StatusCode": 404,
      "ResponseHeaders": {
        "Cache-Control": "no-store, no-cache",
        "client-request-id": "f29172f8-8055-4553-9c80-40ebebf24475",
        "Content-Language": "en",
        "Content-Length": "150",
        "Content-Type": "application/json; charset=utf-8",
        "Date": "Fri, 08 Dec 2023 15:22:34 GMT",
        "elapsed-time": "23",
        "Expires": "-1",
        "Pragma": "no-cache",
        "request-id": "f29172f8-8055-4553-9c80-40ebebf24475",
        "Server": "Microsoft-IIS/10.0",
        "Strict-Transport-Security": "max-age=15724800; includeSubDomains",
        "x-ms-client-request-id": "f29172f8-8055-4553-9c80-40ebebf24475"
      },
      "ResponseBody": {
        "error": {
          "code": "",
          "message": "No datasource with the name \u0027azs-java-test-blob40208d31c\u0027 was found in a service named \u0027azs-java-t5ce5274b0647cb99\u0027."
        }
      }
    },
    {
      "RequestUri": "https://REDACTED/datasources(\u0027azs-java-test-blob40208d31c\u0027)?api-version=2023-10-01-preview",
      "RequestMethod": "PUT",
      "RequestHeaders": {
        "Accept": "application/json; odata.metadata=minimal",
        "api-key": "REDACTED",
        "Content-Length": "196",
        "Content-Type": "application/json",
        "Date": "Fri, 08 Dec 2023 15:22:34 GMT",
        "Prefer": "return=representation",
        "return-client-request-id": "true",
        "User-Agent": "azsdk-java-azure-search-documents/11.7.0-beta.1 (17.0.8.1; Windows 11; 10.0)",
        "x-ms-client-request-id": "8d5e984a-7e48-4bc2-a0f3-ae8da4071205"
      },
      "RequestBody": {
        "name": "azs-java-test-blob40208d31c",
        "description": "Some data source",
        "type": "azureblob",
        "credentials": {
          "connectionString": "REDACTED"
        },
        "container": {
          "name": "fakecontainer",
          "query": "/fakefolder/"
        }
      },
      "StatusCode": 201,
      "ResponseHeaders": {
        "client-request-id": "8d5e984a-7e48-4bc2-a0f3-ae8da4071205",
        "Content-Type": "application/json; odata.metadata=minimal; odata.streaming=true; charset=utf-8",
        "Date": "Fri, 08 Dec 2023 15:22:34 GMT",
        "elapsed-time": "60",
        "ETag": "\u00220x8DBF80181394FBE\u0022",
        "Location": "https://azs-java-t5ce5274b0647cb99.search.windows.net/datasources(\u0027azs-java-test-blob40208d31c\u0027)?api-version=2023-10-01-preview",
        "OData-Version": "4.0",
        "Preference-Applied": "odata.include-annotations=\u0022*\u0022",
        "request-id": "8d5e984a-7e48-4bc2-a0f3-ae8da4071205",
        "Server": "Microsoft-IIS/10.0",
        "Strict-Transport-Security": [
          "max-age=2592000",
          "max-age=15724800; includeSubDomains"
        ],
        "Transfer-Encoding": "chunked",
        "x-ms-client-request-id": "8d5e984a-7e48-4bc2-a0f3-ae8da4071205"
      },
      "ResponseBody": {
        "@odata.context": "https://azs-java-t5ce5274b0647cb99.search.windows.net/$metadata#datasources/$entity",
        "@odata.etag": "\u00220x8DBF80181394FBE\u0022",
        "name": "azs-java-test-blob40208d31c",
        "description": "Some data source",
        "type": "azureblob",
        "subtype": null,
        "credentials": {
          "connectionString": null
        },
        "container": {
          "name": "fakecontainer",
          "query": "/fakefolder/"
        },
        "dataChangeDetectionPolicy": null,
        "dataDeletionDetectionPolicy": null,
        "encryptionKey": null,
        "identity": null
      }
    },
    {
      "RequestUri": "https://REDACTED/datasources(\u0027azs-java-test-blob40208d31c\u0027)?api-version=2023-10-01-preview",
      "RequestMethod": "DELETE",
      "RequestHeaders": {
        "Accept": "application/json; odata.metadata=minimal",
        "api-key": "REDACTED",
        "Content-Length": "0",
        "Date": "Fri, 08 Dec 2023 15:22:34 GMT",
        "return-client-request-id": "true",
        "User-Agent": "azsdk-java-azure-search-documents/11.7.0-beta.1 (17.0.8.1; Windows 11; 10.0)",
        "x-ms-client-request-id": "f5455afb-a9b3-435e-8113-c77ffb6bfdfe"
      },
      "RequestBody": null,
      "StatusCode": 204,
      "ResponseHeaders": {
        "client-request-id": "f5455afb-a9b3-435e-8113-c77ffb6bfdfe",
        "Date": "Fri, 08 Dec 2023 15:22:34 GMT",
        "elapsed-time": "20",
        "Preference-Applied": "odata.include-annotations=\u0022*\u0022",
        "request-id": "f5455afb-a9b3-435e-8113-c77ffb6bfdfe",
        "Server": "Microsoft-IIS/10.0",
        "Strict-Transport-Security": [
          "max-age=2592000",
          "max-age=15724800; includeSubDomains"
        ],
        "x-ms-client-request-id": "f5455afb-a9b3-435e-8113-c77ffb6bfdfe"
      },
      "ResponseBody": null
    },
    {
      "RequestUri": "https://REDACTED/datasources(\u0027azs-java-test-blob40208d31c\u0027)?api-version=2023-10-01-preview",
      "RequestMethod": "DELETE",
      "RequestHeaders": {
        "Accept": "application/json; odata.metadata=minimal",
        "api-key": "REDACTED",
        "Content-Length": "0",
        "Date": "Fri, 08 Dec 2023 15:22:34 GMT",
        "return-client-request-id": "true",
        "User-Agent": "azsdk-java-azure-search-documents/11.7.0-beta.1 (17.0.8.1; Windows 11; 10.0)",
        "x-ms-client-request-id": "160d4b9b-dcff-4a89-993d-ee25b5ea5a4e"
      },
      "RequestBody": null,
      "StatusCode": 404,
      "ResponseHeaders": {
        "Cache-Control": "no-store, no-cache",
        "client-request-id": "160d4b9b-dcff-4a89-993d-ee25b5ea5a4e",
        "Content-Language": "en",
        "Content-Length": "150",
        "Content-Type": "application/json; charset=utf-8",
        "Date": "Fri, 08 Dec 2023 15:22:34 GMT",
        "elapsed-time": "10",
        "Expires": "-1",
        "Pragma": "no-cache",
        "request-id": "160d4b9b-dcff-4a89-993d-ee25b5ea5a4e",
        "Server": "Microsoft-IIS/10.0",
        "Strict-Transport-Security": "max-age=15724800; includeSubDomains",
        "x-ms-client-request-id": "160d4b9b-dcff-4a89-993d-ee25b5ea5a4e"
      },
      "ResponseBody": {
        "error": {
          "code": "",
          "message": "No datasource with the name \u0027azs-java-test-blob40208d31c\u0027 was found in a service named \u0027azs-java-t5ce5274b0647cb99\u0027."
        }
      }
    }
  ],
  "Variables": {
    "0": "azs-java-test-blob40208d31c"
  }
}
