{
  "Entries": [
    {
      "RequestUri": "https://REDACTED/datasources(\u0027azs-java-test-blob58187f9b7\u0027)?api-version=2023-10-01-Preview",
      "RequestMethod": "PUT",
      "RequestHeaders": {
        "Accept": "application/json; odata.metadata=minimal",
        "api-key": "REDACTED",
        "Content-Length": "196",
        "Content-Type": "application/json",
        "Date": "Mon, 09 Oct 2023 20:04:56 GMT",
        "Prefer": "return=representation",
        "return-client-request-id": "true",
        "User-Agent": "azsdk-java-azure-search-documents/11.6.0-beta.10 (21; Windows 11; 10.0)",
        "x-ms-client-request-id": "510dd74e-e361-4503-92ec-f62961f1b6bd"
      },
      "RequestBody": {
        "name": "azs-java-test-blob58187f9b7",
        "description": "Some data source",
        "type": "azureblob",
        "credentials": {
          "connectionString": "REDACTED"
        },
        "container": {
          "name": "fakecontainer",
          "query": "/fakefolder/"
        }
      },
      "StatusCode": 201,
      "ResponseHeaders": {
        "Cache-Control": "no-cache",
        "client-request-id": "510dd74e-e361-4503-92ec-f62961f1b6bd",
        "Content-Length": "451",
        "Content-Type": "application/json; odata.metadata=minimal",
        "Date": "Mon, 09 Oct 2023 20:04:56 GMT",
        "elapsed-time": "63",
        "ETag": "W/\u00220x8DBC90302703B4F\u0022",
        "Expires": "-1",
        "Location": "https://azs-java-tb9a3e882b9658d50.search.windows.net/datasources(\u0027azs-java-test-blob58187f9b7\u0027)?api-version=2023-10-01-Preview",
        "OData-Version": "4.0",
        "Pragma": "no-cache",
        "Preference-Applied": "odata.include-annotations=\u0022*\u0022",
        "request-id": "510dd74e-e361-4503-92ec-f62961f1b6bd",
        "Strict-Transport-Security": "max-age=15724800; includeSubDomains",
        "x-ms-client-request-id": "510dd74e-e361-4503-92ec-f62961f1b6bd"
      },
      "ResponseBody": {
        "@odata.context": "https://azs-java-tb9a3e882b9658d50.search.windows.net/$metadata#datasources/$entity",
        "@odata.etag": "\u00220x8DBC90302703B4F\u0022",
        "name": "azs-java-test-blob58187f9b7",
        "description": "Some data source",
        "type": "azureblob",
        "subtype": null,
        "credentials": {
          "connectionString": null
        },
        "container": {
          "name": "fakecontainer",
          "query": "/fakefolder/"
        },
        "dataChangeDetectionPolicy": null,
        "dataDeletionDetectionPolicy": null,
        "encryptionKey": null,
        "identity": null
      }
    },
    {
      "RequestUri": "https://REDACTED/datasources(\u0027azs-java-test-blob58187f9b7\u0027)?api-version=2023-10-01-Preview",
      "RequestMethod": "PUT",
      "RequestHeaders": {
        "Accept": "application/json; odata.metadata=minimal",
        "api-key": "REDACTED",
        "Content-Length": "227",
        "Content-Type": "application/json",
        "Date": "Mon, 09 Oct 2023 20:04:56 GMT",
        "Prefer": "return=representation",
        "return-client-request-id": "true",
        "User-Agent": "azsdk-java-azure-search-documents/11.6.0-beta.10 (21; Windows 11; 10.0)",
        "x-ms-client-request-id": "b8705bdd-c333-4c45-9190-3d78156953e8"
      },
      "RequestBody": {
        "name": "azs-java-test-blob58187f9b7",
        "description": "an update",
        "type": "azureblob",
        "credentials": {
          "connectionString": "REDACTED"
        },
        "container": {
          "name": "fakecontainer",
          "query": "/fakefolder/"
        },
        "@odata.etag": "\u00220x8DBC90302703B4F\u0022"
      },
      "StatusCode": 200,
      "ResponseHeaders": {
        "Cache-Control": "no-cache",
        "client-request-id": "b8705bdd-c333-4c45-9190-3d78156953e8",
        "Content-Length": "444",
        "Content-Type": "application/json; odata.metadata=minimal",
        "Date": "Mon, 09 Oct 2023 20:04:56 GMT",
        "elapsed-time": "58",
        "ETag": "W/\u00220x8DBC90302930577\u0022",
        "Expires": "-1",
        "OData-Version": "4.0",
        "Pragma": "no-cache",
        "Preference-Applied": "odata.include-annotations=\u0022*\u0022",
        "request-id": "b8705bdd-c333-4c45-9190-3d78156953e8",
        "Strict-Transport-Security": "max-age=15724800; includeSubDomains",
        "x-ms-client-request-id": "b8705bdd-c333-4c45-9190-3d78156953e8"
      },
      "ResponseBody": {
        "@odata.context": "https://azs-java-tb9a3e882b9658d50.search.windows.net/$metadata#datasources/$entity",
        "@odata.etag": "\u00220x8DBC90302930577\u0022",
        "name": "azs-java-test-blob58187f9b7",
        "description": "an update",
        "type": "azureblob",
        "subtype": null,
        "credentials": {
          "connectionString": null
        },
        "container": {
          "name": "fakecontainer",
          "query": "/fakefolder/"
        },
        "dataChangeDetectionPolicy": null,
        "dataDeletionDetectionPolicy": null,
        "encryptionKey": null,
        "identity": null
      }
    },
    {
      "RequestUri": "https://REDACTED/datasources(\u0027azs-java-test-blob58187f9b7\u0027)?api-version=2023-10-01-Preview",
      "RequestMethod": "PUT",
      "RequestHeaders": {
        "Accept": "application/json; odata.metadata=minimal",
        "api-key": "REDACTED",
        "Content-Length": "227",
        "Content-Type": "application/json",
        "Date": "Mon, 09 Oct 2023 20:04:56 GMT",
        "If-Match": "\u00220x8DBC90302703B4F\u0022",
        "Prefer": "return=representation",
        "return-client-request-id": "true",
        "User-Agent": "azsdk-java-azure-search-documents/11.6.0-beta.10 (21; Windows 11; 10.0)",
        "x-ms-client-request-id": "6d8bb73b-8005-4c33-ad88-6157a0bb8c2c"
      },
      "RequestBody": {
        "name": "azs-java-test-blob58187f9b7",
        "description": "an update",
        "type": "azureblob",
        "credentials": {
          "connectionString": "REDACTED"
        },
        "container": {
          "name": "fakecontainer",
          "query": "/fakefolder/"
        },
        "@odata.etag": "\u00220x8DBC90302703B4F\u0022"
      },
      "StatusCode": 412,
      "ResponseHeaders": {
        "Cache-Control": "no-cache",
        "client-request-id": "6d8bb73b-8005-4c33-ad88-6157a0bb8c2c",
        "Content-Language": "en",
        "Content-Length": "160",
        "Content-Type": "application/json; charset=utf-8",
        "Date": "Mon, 09 Oct 2023 20:04:56 GMT",
        "elapsed-time": "7",
        "Expires": "-1",
        "Pragma": "no-cache",
        "Preference-Applied": "odata.include-annotations=\u0022*\u0022",
        "request-id": "6d8bb73b-8005-4c33-ad88-6157a0bb8c2c",
        "Strict-Transport-Security": "max-age=15724800; includeSubDomains",
        "x-ms-client-request-id": "6d8bb73b-8005-4c33-ad88-6157a0bb8c2c"
      },
      "ResponseBody": {
        "error": {
          "code": "",
          "message": "The precondition given in one of the request headers evaluated to false. No change was made to the resource from this request."
        }
      }
    },
    {
      "RequestUri": "https://REDACTED/datasources(\u0027azs-java-test-blob58187f9b7\u0027)?api-version=2023-10-01-Preview",
      "RequestMethod": "DELETE",
      "RequestHeaders": {
        "Accept": "application/json; odata.metadata=minimal",
        "api-key": "REDACTED",
        "Content-Length": "0",
        "Date": "Mon, 09 Oct 2023 20:04:56 GMT",
        "return-client-request-id": "true",
        "User-Agent": "azsdk-java-azure-search-documents/11.6.0-beta.10 (21; Windows 11; 10.0)",
        "x-ms-client-request-id": "1303ea3c-3a71-4c76-ab83-e599c7e409ec"
      },
      "RequestBody": null,
      "StatusCode": 204,
      "ResponseHeaders": {
        "Cache-Control": "no-cache",
        "client-request-id": "1303ea3c-3a71-4c76-ab83-e599c7e409ec",
        "Date": "Mon, 09 Oct 2023 20:04:56 GMT",
        "elapsed-time": "22",
        "Expires": "-1",
        "Pragma": "no-cache",
        "request-id": "1303ea3c-3a71-4c76-ab83-e599c7e409ec",
        "Strict-Transport-Security": "max-age=15724800; includeSubDomains",
        "x-ms-client-request-id": "1303ea3c-3a71-4c76-ab83-e599c7e409ec"
      },
      "ResponseBody": null
    }
  ],
  "Variables": {
    "0": "azs-java-test-blob58187f9b7"
  }
}
