{
  "Entries": [
    {
      "RequestUri": "https://REDACTED/datasources(\u0027azs-java-test-blob03144c750\u0027)?api-version=2023-07-01-Preview",
      "RequestMethod": "PUT",
      "RequestHeaders": {
        "Accept": "application/json; odata.metadata=minimal",
        "api-key": "REDACTED",
        "Content-Length": "196",
        "Content-Type": "application/json",
        "Date": "Fri, 18 Aug 2023 19:08:11 GMT",
        "Prefer": "return=representation",
        "return-client-request-id": "true",
        "User-Agent": "azsdk-java-azure-search-documents/11.6.0-beta.8 (17.0.7; Windows 11; 10.0)",
        "x-ms-client-request-id": "a2d3ab16-51d7-408c-a92e-3d0fcfa4a44c"
      },
      "RequestBody": {
        "name": "azs-java-test-blob03144c750",
        "description": "Some data source",
        "type": "azureblob",
        "credentials": {
          "connectionString": "REDACTED"
        },
        "container": {
          "name": "fakecontainer",
          "query": "/fakefolder/"
        }
      },
      "StatusCode": 201,
      "ResponseHeaders": {
        "Cache-Control": "no-cache",
        "client-request-id": "a2d3ab16-51d7-408c-a92e-3d0fcfa4a44c",
        "Content-Length": "445",
        "Content-Type": "application/json; odata.metadata=minimal",
        "Date": "Fri, 18 Aug 2023 19:08:10 GMT",
        "elapsed-time": "39",
        "ETag": "W/\u00220x8DBA01E77651A34\u0022",
        "Expires": "-1",
        "Location": "https://azs-java-searchregen.search.windows.net/datasources(\u0027azs-java-test-blob03144c750\u0027)?api-version=2023-07-01-Preview",
        "OData-Version": "4.0",
        "Pragma": "no-cache",
        "Preference-Applied": "odata.include-annotations=\u0022*\u0022",
        "request-id": "a2d3ab16-51d7-408c-a92e-3d0fcfa4a44c",
        "Strict-Transport-Security": "max-age=15724800; includeSubDomains",
        "x-ms-client-request-id": "a2d3ab16-51d7-408c-a92e-3d0fcfa4a44c"
      },
      "ResponseBody": {
        "@odata.context": "https://azs-java-searchregen.search.windows.net/$metadata#datasources/$entity",
        "@odata.etag": "\u00220x8DBA01E77651A34\u0022",
        "name": "azs-java-test-blob03144c750",
        "description": "Some data source",
        "type": "azureblob",
        "subtype": null,
        "credentials": {
          "connectionString": null
        },
        "container": {
          "name": "fakecontainer",
          "query": "/fakefolder/"
        },
        "dataChangeDetectionPolicy": null,
        "dataDeletionDetectionPolicy": null,
        "encryptionKey": null,
        "identity": null
      }
    },
    {
      "RequestUri": "https://REDACTED/datasources(\u0027azs-java-test-blob03144c750\u0027)?api-version=2023-07-01-Preview",
      "RequestMethod": "GET",
      "RequestHeaders": {
        "Accept": "application/json; odata.metadata=minimal",
        "api-key": "REDACTED",
        "Content-Length": "0",
        "Date": "Fri, 18 Aug 2023 19:08:11 GMT",
        "return-client-request-id": "true",
        "User-Agent": "azsdk-java-azure-search-documents/11.6.0-beta.8 (17.0.7; Windows 11; 10.0)",
        "x-ms-client-request-id": "0882d9ae-360d-4fad-8d8d-a68feea1920b"
      },
      "RequestBody": null,
      "StatusCode": 200,
      "ResponseHeaders": {
        "Cache-Control": "no-cache",
        "client-request-id": "0882d9ae-360d-4fad-8d8d-a68feea1920b",
        "Content-Length": "445",
        "Content-Type": "application/json; odata.metadata=minimal",
        "Date": "Fri, 18 Aug 2023 19:08:10 GMT",
        "elapsed-time": "9",
        "ETag": "W/\u00220x8DBA01E77651A34\u0022",
        "Expires": "-1",
        "OData-Version": "4.0",
        "Pragma": "no-cache",
        "Preference-Applied": "odata.include-annotations=\u0022*\u0022",
        "request-id": "0882d9ae-360d-4fad-8d8d-a68feea1920b",
        "Strict-Transport-Security": "max-age=15724800; includeSubDomains",
        "x-ms-client-request-id": "0882d9ae-360d-4fad-8d8d-a68feea1920b"
      },
      "ResponseBody": {
        "@odata.context": "https://azs-java-searchregen.search.windows.net/$metadata#datasources/$entity",
        "@odata.etag": "\u00220x8DBA01E77651A34\u0022",
        "name": "azs-java-test-blob03144c750",
        "description": "Some data source",
        "type": "azureblob",
        "subtype": null,
        "credentials": {
          "connectionString": null
        },
        "container": {
          "name": "fakecontainer",
          "query": "/fakefolder/"
        },
        "dataChangeDetectionPolicy": null,
        "dataDeletionDetectionPolicy": null,
        "encryptionKey": null,
        "identity": null
      }
    },
    {
      "RequestUri": "https://REDACTED/datasources(\u0027azs-java-test-blob03144c750\u0027)?api-version=2023-07-01-Preview",
      "RequestMethod": "GET",
      "RequestHeaders": {
        "Accept": "application/json; odata.metadata=minimal",
        "api-key": "REDACTED",
        "Content-Length": "0",
        "Date": "Fri, 18 Aug 2023 19:08:11 GMT",
        "return-client-request-id": "true",
        "User-Agent": "azsdk-java-azure-search-documents/11.6.0-beta.8 (17.0.7; Windows 11; 10.0)",
        "x-ms-client-request-id": "d2308b33-bbcc-4306-be62-99a68cc5bbf2"
      },
      "RequestBody": null,
      "StatusCode": 200,
      "ResponseHeaders": {
        "Cache-Control": "no-cache",
        "client-request-id": "d2308b33-bbcc-4306-be62-99a68cc5bbf2",
        "Content-Length": "445",
        "Content-Type": "application/json; odata.metadata=minimal",
        "Date": "Fri, 18 Aug 2023 19:08:10 GMT",
        "elapsed-time": "8",
        "ETag": "W/\u00220x8DBA01E77651A34\u0022",
        "Expires": "-1",
        "OData-Version": "4.0",
        "Pragma": "no-cache",
        "Preference-Applied": "odata.include-annotations=\u0022*\u0022",
        "request-id": "d2308b33-bbcc-4306-be62-99a68cc5bbf2",
        "Strict-Transport-Security": "max-age=15724800; includeSubDomains",
        "x-ms-client-request-id": "d2308b33-bbcc-4306-be62-99a68cc5bbf2"
      },
      "ResponseBody": {
        "@odata.context": "https://azs-java-searchregen.search.windows.net/$metadata#datasources/$entity",
        "@odata.etag": "\u00220x8DBA01E77651A34\u0022",
        "name": "azs-java-test-blob03144c750",
        "description": "Some data source",
        "type": "azureblob",
        "subtype": null,
        "credentials": {
          "connectionString": null
        },
        "container": {
          "name": "fakecontainer",
          "query": "/fakefolder/"
        },
        "dataChangeDetectionPolicy": null,
        "dataDeletionDetectionPolicy": null,
        "encryptionKey": null,
        "identity": null
      }
    },
    {
      "RequestUri": "https://REDACTED/datasources(\u0027azs-java-test-blob03144c750\u0027)?api-version=2023-07-01-Preview",
      "RequestMethod": "DELETE",
      "RequestHeaders": {
        "Accept": "application/json; odata.metadata=minimal",
        "api-key": "REDACTED",
        "Content-Length": "0",
        "Date": "Fri, 18 Aug 2023 19:08:11 GMT",
        "return-client-request-id": "true",
        "User-Agent": "azsdk-java-azure-search-documents/11.6.0-beta.8 (17.0.7; Windows 11; 10.0)",
        "x-ms-client-request-id": "60cc9b7a-0100-4064-9fd7-2998c0224df8"
      },
      "RequestBody": null,
      "StatusCode": 204,
      "ResponseHeaders": {
        "Cache-Control": "no-cache",
        "client-request-id": "60cc9b7a-0100-4064-9fd7-2998c0224df8",
        "Date": "Fri, 18 Aug 2023 19:08:10 GMT",
        "elapsed-time": "22",
        "Expires": "-1",
        "Pragma": "no-cache",
        "request-id": "60cc9b7a-0100-4064-9fd7-2998c0224df8",
        "Strict-Transport-Security": "max-age=15724800; includeSubDomains",
        "x-ms-client-request-id": "60cc9b7a-0100-4064-9fd7-2998c0224df8"
      },
      "ResponseBody": null
    },
    {
      "RequestUri": "https://REDACTED/datasources(\u0027azs-java-test-tablestorage\u0027)?api-version=2023-07-01-Preview",
      "RequestMethod": "PUT",
      "RequestHeaders": {
        "Accept": "application/json; odata.metadata=minimal",
        "api-key": "REDACTED",
        "Content-Length": "190",
        "Content-Type": "application/json",
        "Date": "Fri, 18 Aug 2023 19:08:11 GMT",
        "Prefer": "return=representation",
        "return-client-request-id": "true",
        "User-Agent": "azsdk-java-azure-search-documents/11.6.0-beta.8 (17.0.7; Windows 11; 10.0)",
        "x-ms-client-request-id": "3a2bee12-0897-4694-a36b-10e78cb46a4b"
      },
      "RequestBody": {
        "name": "azs-java-test-tablestorage",
        "description": "Some data source",
        "type": "azuretable",
        "credentials": {
          "connectionString": "REDACTED"
        },
        "container": {
          "name": "faketable",
          "query": "fake query"
        }
      },
      "StatusCode": 201,
      "ResponseHeaders": {
        "Cache-Control": "no-cache",
        "client-request-id": "3a2bee12-0897-4694-a36b-10e78cb46a4b",
        "Content-Length": "439",
        "Content-Type": "application/json; odata.metadata=minimal",
        "Date": "Fri, 18 Aug 2023 19:08:10 GMT",
        "elapsed-time": "36",
        "ETag": "W/\u00220x8DBA01E77A093C1\u0022",
        "Expires": "-1",
        "Location": "https://azs-java-searchregen.search.windows.net/datasources(\u0027azs-java-test-tablestorage\u0027)?api-version=2023-07-01-Preview",
        "OData-Version": "4.0",
        "Pragma": "no-cache",
        "Preference-Applied": "odata.include-annotations=\u0022*\u0022",
        "request-id": "3a2bee12-0897-4694-a36b-10e78cb46a4b",
        "Strict-Transport-Security": "max-age=15724800; includeSubDomains",
        "x-ms-client-request-id": "3a2bee12-0897-4694-a36b-10e78cb46a4b"
      },
      "ResponseBody": {
        "@odata.context": "https://azs-java-searchregen.search.windows.net/$metadata#datasources/$entity",
        "@odata.etag": "\u00220x8DBA01E77A093C1\u0022",
        "name": "azs-java-test-tablestorage",
        "description": "Some data source",
        "type": "azuretable",
        "subtype": null,
        "credentials": {
          "connectionString": null
        },
        "container": {
          "name": "faketable",
          "query": "fake query"
        },
        "dataChangeDetectionPolicy": null,
        "dataDeletionDetectionPolicy": null,
        "encryptionKey": null,
        "identity": null
      }
    },
    {
      "RequestUri": "https://REDACTED/datasources(\u0027azs-java-test-tablestorage\u0027)?api-version=2023-07-01-Preview",
      "RequestMethod": "GET",
      "RequestHeaders": {
        "Accept": "application/json; odata.metadata=minimal",
        "api-key": "REDACTED",
        "Content-Length": "0",
        "Date": "Fri, 18 Aug 2023 19:08:11 GMT",
        "return-client-request-id": "true",
        "User-Agent": "azsdk-java-azure-search-documents/11.6.0-beta.8 (17.0.7; Windows 11; 10.0)",
        "x-ms-client-request-id": "6e29a774-f454-4e01-8fcf-818f5724e5d4"
      },
      "RequestBody": null,
      "StatusCode": 200,
      "ResponseHeaders": {
        "Cache-Control": "no-cache",
        "client-request-id": "6e29a774-f454-4e01-8fcf-818f5724e5d4",
        "Content-Length": "439",
        "Content-Type": "application/json; odata.metadata=minimal",
        "Date": "Fri, 18 Aug 2023 19:08:12 GMT",
        "elapsed-time": "8",
        "ETag": "W/\u00220x8DBA01E77A093C1\u0022",
        "Expires": "-1",
        "OData-Version": "4.0",
        "Pragma": "no-cache",
        "Preference-Applied": "odata.include-annotations=\u0022*\u0022",
        "request-id": "6e29a774-f454-4e01-8fcf-818f5724e5d4",
        "Strict-Transport-Security": "max-age=15724800; includeSubDomains",
        "x-ms-client-request-id": "6e29a774-f454-4e01-8fcf-818f5724e5d4"
      },
      "ResponseBody": {
        "@odata.context": "https://azs-java-searchregen.search.windows.net/$metadata#datasources/$entity",
        "@odata.etag": "\u00220x8DBA01E77A093C1\u0022",
        "name": "azs-java-test-tablestorage",
        "description": "Some data source",
        "type": "azuretable",
        "subtype": null,
        "credentials": {
          "connectionString": null
        },
        "container": {
          "name": "faketable",
          "query": "fake query"
        },
        "dataChangeDetectionPolicy": null,
        "dataDeletionDetectionPolicy": null,
        "encryptionKey": null,
        "identity": null
      }
    },
    {
      "RequestUri": "https://REDACTED/datasources(\u0027azs-java-test-tablestorage\u0027)?api-version=2023-07-01-Preview",
      "RequestMethod": "GET",
      "RequestHeaders": {
        "Accept": "application/json; odata.metadata=minimal",
        "api-key": "REDACTED",
        "Content-Length": "0",
        "Date": "Fri, 18 Aug 2023 19:08:12 GMT",
        "return-client-request-id": "true",
        "User-Agent": "azsdk-java-azure-search-documents/11.6.0-beta.8 (17.0.7; Windows 11; 10.0)",
        "x-ms-client-request-id": "7a150016-da20-4b37-82dd-8d40ff0271a4"
      },
      "RequestBody": null,
      "StatusCode": 200,
      "ResponseHeaders": {
        "Cache-Control": "no-cache",
        "client-request-id": "7a150016-da20-4b37-82dd-8d40ff0271a4",
        "Content-Length": "439",
        "Content-Type": "application/json; odata.metadata=minimal",
        "Date": "Fri, 18 Aug 2023 19:08:12 GMT",
        "elapsed-time": "8",
        "ETag": "W/\u00220x8DBA01E77A093C1\u0022",
        "Expires": "-1",
        "OData-Version": "4.0",
        "Pragma": "no-cache",
        "Preference-Applied": "odata.include-annotations=\u0022*\u0022",
        "request-id": "7a150016-da20-4b37-82dd-8d40ff0271a4",
        "Strict-Transport-Security": "max-age=15724800; includeSubDomains",
        "x-ms-client-request-id": "7a150016-da20-4b37-82dd-8d40ff0271a4"
      },
      "ResponseBody": {
        "@odata.context": "https://azs-java-searchregen.search.windows.net/$metadata#datasources/$entity",
        "@odata.etag": "\u00220x8DBA01E77A093C1\u0022",
        "name": "azs-java-test-tablestorage",
        "description": "Some data source",
        "type": "azuretable",
        "subtype": null,
        "credentials": {
          "connectionString": null
        },
        "container": {
          "name": "faketable",
          "query": "fake query"
        },
        "dataChangeDetectionPolicy": null,
        "dataDeletionDetectionPolicy": null,
        "encryptionKey": null,
        "identity": null
      }
    },
    {
      "RequestUri": "https://REDACTED/datasources(\u0027azs-java-test-tablestorage\u0027)?api-version=2023-07-01-Preview",
      "RequestMethod": "DELETE",
      "RequestHeaders": {
        "Accept": "application/json; odata.metadata=minimal",
        "api-key": "REDACTED",
        "Content-Length": "0",
        "Date": "Fri, 18 Aug 2023 19:08:12 GMT",
        "return-client-request-id": "true",
        "User-Agent": "azsdk-java-azure-search-documents/11.6.0-beta.8 (17.0.7; Windows 11; 10.0)",
        "x-ms-client-request-id": "58f60687-aa45-417d-bbf4-ee54be3892e7"
      },
      "RequestBody": null,
      "StatusCode": 204,
      "ResponseHeaders": {
        "Cache-Control": "no-cache",
        "client-request-id": "58f60687-aa45-417d-bbf4-ee54be3892e7",
        "Date": "Fri, 18 Aug 2023 19:08:12 GMT",
        "elapsed-time": "22",
        "Expires": "-1",
        "Pragma": "no-cache",
        "request-id": "58f60687-aa45-417d-bbf4-ee54be3892e7",
        "Strict-Transport-Security": "max-age=15724800; includeSubDomains",
        "x-ms-client-request-id": "58f60687-aa45-417d-bbf4-ee54be3892e7"
      },
      "ResponseBody": null
    },
    {
      "RequestUri": "https://REDACTED/datasources(\u0027azs-java-test-sql89282b5cb2\u0027)?api-version=2023-07-01-Preview",
      "RequestMethod": "PUT",
      "RequestHeaders": {
        "Accept": "application/json; odata.metadata=minimal",
        "api-key": "REDACTED",
        "Content-Length": "169",
        "Content-Type": "application/json",
        "Date": "Fri, 18 Aug 2023 19:08:12 GMT",
        "Prefer": "return=representation",
        "return-client-request-id": "true",
        "User-Agent": "azsdk-java-azure-search-documents/11.6.0-beta.8 (17.0.7; Windows 11; 10.0)",
        "x-ms-client-request-id": "8fbafcd9-743c-486e-9bf1-4100d74d31a5"
      },
      "RequestBody": {
        "name": "azs-java-test-sql89282b5cb2",
        "description": "Some data source",
        "type": "azuresql",
        "credentials": {
          "connectionString": "REDACTED"
        },
        "container": {
          "name": "GeoNamesRI"
        }
      },
      "StatusCode": 201,
      "ResponseHeaders": {
        "Cache-Control": "no-cache",
        "client-request-id": "8fbafcd9-743c-486e-9bf1-4100d74d31a5",
        "Content-Length": "431",
        "Content-Type": "application/json; odata.metadata=minimal",
        "Date": "Fri, 18 Aug 2023 19:08:12 GMT",
        "elapsed-time": "38",
        "ETag": "W/\u00220x8DBA01E77DB7123\u0022",
        "Expires": "-1",
        "Location": "https://azs-java-searchregen.search.windows.net/datasources(\u0027azs-java-test-sql89282b5cb2\u0027)?api-version=2023-07-01-Preview",
        "OData-Version": "4.0",
        "Pragma": "no-cache",
        "Preference-Applied": "odata.include-annotations=\u0022*\u0022",
        "request-id": "8fbafcd9-743c-486e-9bf1-4100d74d31a5",
        "Strict-Transport-Security": "max-age=15724800; includeSubDomains",
        "x-ms-client-request-id": "8fbafcd9-743c-486e-9bf1-4100d74d31a5"
      },
      "ResponseBody": {
        "@odata.context": "https://azs-java-searchregen.search.windows.net/$metadata#datasources/$entity",
        "@odata.etag": "\u00220x8DBA01E77DB7123\u0022",
        "name": "azs-java-test-sql89282b5cb2",
        "description": "Some data source",
        "type": "azuresql",
        "subtype": null,
        "credentials": {
          "connectionString": null
        },
        "container": {
          "name": "GeoNamesRI",
          "query": null
        },
        "dataChangeDetectionPolicy": null,
        "dataDeletionDetectionPolicy": null,
        "encryptionKey": null,
        "identity": null
      }
    },
    {
      "RequestUri": "https://REDACTED/datasources(\u0027azs-java-test-sql89282b5cb2\u0027)?api-version=2023-07-01-Preview",
      "RequestMethod": "GET",
      "RequestHeaders": {
        "Accept": "application/json; odata.metadata=minimal",
        "api-key": "REDACTED",
        "Content-Length": "0",
        "Date": "Fri, 18 Aug 2023 19:08:12 GMT",
        "return-client-request-id": "true",
        "User-Agent": "azsdk-java-azure-search-documents/11.6.0-beta.8 (17.0.7; Windows 11; 10.0)",
        "x-ms-client-request-id": "f30b339a-681f-463a-986f-e2d6ca87572a"
      },
      "RequestBody": null,
      "StatusCode": 200,
      "ResponseHeaders": {
        "Cache-Control": "no-cache",
        "client-request-id": "f30b339a-681f-463a-986f-e2d6ca87572a",
        "Content-Length": "436",
        "Content-Type": "application/json; odata.metadata=minimal",
        "Date": "Fri, 18 Aug 2023 19:08:12 GMT",
        "elapsed-time": "9",
        "ETag": "W/\u00220x8DBA01E77DB7123\u0022",
        "Expires": "-1",
        "OData-Version": "4.0",
        "Pragma": "no-cache",
        "Preference-Applied": "odata.include-annotations=\u0022*\u0022",
        "request-id": "f30b339a-681f-463a-986f-e2d6ca87572a",
        "Strict-Transport-Security": "max-age=15724800; includeSubDomains",
        "x-ms-client-request-id": "f30b339a-681f-463a-986f-e2d6ca87572a"
      },
      "ResponseBody": {
        "@odata.context": "https://azs-java-searchregen.search.windows.net/$metadata#datasources/$entity",
        "@odata.etag": "\u00220x8DBA01E77DB7123\u0022",
        "name": "azs-java-test-sql89282b5cb2",
        "description": "Some data source",
        "type": "azuresql",
        "subtype": "sqliaas",
        "credentials": {
          "connectionString": null
        },
        "container": {
          "name": "GeoNamesRI",
          "query": null
        },
        "dataChangeDetectionPolicy": null,
        "dataDeletionDetectionPolicy": null,
        "encryptionKey": null,
        "identity": null
      }
    },
    {
      "RequestUri": "https://REDACTED/datasources(\u0027azs-java-test-sql89282b5cb2\u0027)?api-version=2023-07-01-Preview",
      "RequestMethod": "GET",
      "RequestHeaders": {
        "Accept": "application/json; odata.metadata=minimal",
        "api-key": "REDACTED",
        "Content-Length": "0",
        "Date": "Fri, 18 Aug 2023 19:08:12 GMT",
        "return-client-request-id": "true",
        "User-Agent": "azsdk-java-azure-search-documents/11.6.0-beta.8 (17.0.7; Windows 11; 10.0)",
        "x-ms-client-request-id": "7ac1f72b-69c6-4a7b-a067-a9b549dd7fa4"
      },
      "RequestBody": null,
      "StatusCode": 200,
      "ResponseHeaders": {
        "Cache-Control": "no-cache",
        "client-request-id": "7ac1f72b-69c6-4a7b-a067-a9b549dd7fa4",
        "Content-Length": "436",
        "Content-Type": "application/json; odata.metadata=minimal",
        "Date": "Fri, 18 Aug 2023 19:08:12 GMT",
        "elapsed-time": "9",
        "ETag": "W/\u00220x8DBA01E77DB7123\u0022",
        "Expires": "-1",
        "OData-Version": "4.0",
        "Pragma": "no-cache",
        "Preference-Applied": "odata.include-annotations=\u0022*\u0022",
        "request-id": "7ac1f72b-69c6-4a7b-a067-a9b549dd7fa4",
        "Strict-Transport-Security": "max-age=15724800; includeSubDomains",
        "x-ms-client-request-id": "7ac1f72b-69c6-4a7b-a067-a9b549dd7fa4"
      },
      "ResponseBody": {
        "@odata.context": "https://azs-java-searchregen.search.windows.net/$metadata#datasources/$entity",
        "@odata.etag": "\u00220x8DBA01E77DB7123\u0022",
        "name": "azs-java-test-sql89282b5cb2",
        "description": "Some data source",
        "type": "azuresql",
        "subtype": "sqliaas",
        "credentials": {
          "connectionString": null
        },
        "container": {
          "name": "GeoNamesRI",
          "query": null
        },
        "dataChangeDetectionPolicy": null,
        "dataDeletionDetectionPolicy": null,
        "encryptionKey": null,
        "identity": null
      }
    },
    {
      "RequestUri": "https://REDACTED/datasources(\u0027azs-java-test-sql89282b5cb2\u0027)?api-version=2023-07-01-Preview",
      "RequestMethod": "DELETE",
      "RequestHeaders": {
        "Accept": "application/json; odata.metadata=minimal",
        "api-key": "REDACTED",
        "Content-Length": "0",
        "Date": "Fri, 18 Aug 2023 19:08:12 GMT",
        "return-client-request-id": "true",
        "User-Agent": "azsdk-java-azure-search-documents/11.6.0-beta.8 (17.0.7; Windows 11; 10.0)",
        "x-ms-client-request-id": "661dd283-6fe6-44d6-9154-168b0ea4fc36"
      },
      "RequestBody": null,
      "StatusCode": 204,
      "ResponseHeaders": {
        "Cache-Control": "no-cache",
        "client-request-id": "661dd283-6fe6-44d6-9154-168b0ea4fc36",
        "Date": "Fri, 18 Aug 2023 19:08:12 GMT",
        "elapsed-time": "21",
        "Expires": "-1",
        "Pragma": "no-cache",
        "request-id": "661dd283-6fe6-44d6-9154-168b0ea4fc36",
        "Strict-Transport-Security": "max-age=15724800; includeSubDomains",
        "x-ms-client-request-id": "661dd283-6fe6-44d6-9154-168b0ea4fc36"
      },
      "ResponseBody": null
    },
    {
      "RequestUri": "https://REDACTED/datasources(\u0027azs-java-test-cosmos\u0027)?api-version=2023-07-01-Preview",
      "RequestMethod": "PUT",
      "RequestHeaders": {
        "Accept": "application/json; odata.metadata=minimal",
        "api-key": "REDACTED",
        "Content-Length": "218",
        "Content-Type": "application/json",
        "Date": "Fri, 18 Aug 2023 19:08:12 GMT",
        "Prefer": "return=representation",
        "return-client-request-id": "true",
        "User-Agent": "azsdk-java-azure-search-documents/11.6.0-beta.8 (17.0.7; Windows 11; 10.0)",
        "x-ms-client-request-id": "ece13ebe-6e74-4ff2-8763-e27f725e8958"
      },
      "RequestBody": {
        "name": "azs-java-test-cosmos",
        "description": "Some data source",
        "type": "cosmosdb",
        "credentials": {
          "connectionString": "REDACTED"
        },
        "container": {
          "name": "faketable",
          "query": "SELECT ... FROM x where x._ts \u003E @HighWaterMark"
        }
      },
      "StatusCode": 201,
      "ResponseHeaders": {
        "Cache-Control": "no-cache",
        "client-request-id": "ece13ebe-6e74-4ff2-8763-e27f725e8958",
        "Content-Length": "467",
        "Content-Type": "application/json; odata.metadata=minimal",
        "Date": "Fri, 18 Aug 2023 19:08:12 GMT",
        "elapsed-time": "36",
        "ETag": "W/\u00220x8DBA01E7815B258\u0022",
        "Expires": "-1",
        "Location": "https://azs-java-searchregen.search.windows.net/datasources(\u0027azs-java-test-cosmos\u0027)?api-version=2023-07-01-Preview",
        "OData-Version": "4.0",
        "Pragma": "no-cache",
        "Preference-Applied": "odata.include-annotations=\u0022*\u0022",
        "request-id": "ece13ebe-6e74-4ff2-8763-e27f725e8958",
        "Strict-Transport-Security": "max-age=15724800; includeSubDomains",
        "x-ms-client-request-id": "ece13ebe-6e74-4ff2-8763-e27f725e8958"
      },
      "ResponseBody": {
        "@odata.context": "https://azs-java-searchregen.search.windows.net/$metadata#datasources/$entity",
        "@odata.etag": "\u00220x8DBA01E7815B258\u0022",
        "name": "azs-java-test-cosmos",
        "description": "Some data source",
        "type": "cosmosdb",
        "subtype": null,
        "credentials": {
          "connectionString": null
        },
        "container": {
          "name": "faketable",
          "query": "SELECT ... FROM x where x._ts \u003E @HighWaterMark"
        },
        "dataChangeDetectionPolicy": null,
        "dataDeletionDetectionPolicy": null,
        "encryptionKey": null,
        "identity": null
      }
    },
    {
      "RequestUri": "https://REDACTED/datasources(\u0027azs-java-test-cosmos\u0027)?api-version=2023-07-01-Preview",
      "RequestMethod": "GET",
      "RequestHeaders": {
        "Accept": "application/json; odata.metadata=minimal",
        "api-key": "REDACTED",
        "Content-Length": "0",
        "Date": "Fri, 18 Aug 2023 19:08:12 GMT",
        "return-client-request-id": "true",
        "User-Agent": "azsdk-java-azure-search-documents/11.6.0-beta.8 (17.0.7; Windows 11; 10.0)",
        "x-ms-client-request-id": "c4b7b732-5c7a-4322-b0aa-f7069d9816dc"
      },
      "RequestBody": null,
      "StatusCode": 200,
      "ResponseHeaders": {
        "Cache-Control": "no-cache",
        "client-request-id": "c4b7b732-5c7a-4322-b0aa-f7069d9816dc",
        "Content-Length": "467",
        "Content-Type": "application/json; odata.metadata=minimal",
        "Date": "Fri, 18 Aug 2023 19:08:12 GMT",
        "elapsed-time": "9",
        "ETag": "W/\u00220x8DBA01E7815B258\u0022",
        "Expires": "-1",
        "OData-Version": "4.0",
        "Pragma": "no-cache",
        "Preference-Applied": "odata.include-annotations=\u0022*\u0022",
        "request-id": "c4b7b732-5c7a-4322-b0aa-f7069d9816dc",
        "Strict-Transport-Security": "max-age=15724800; includeSubDomains",
        "x-ms-client-request-id": "c4b7b732-5c7a-4322-b0aa-f7069d9816dc"
      },
      "ResponseBody": {
        "@odata.context": "https://azs-java-searchregen.search.windows.net/$metadata#datasources/$entity",
        "@odata.etag": "\u00220x8DBA01E7815B258\u0022",
        "name": "azs-java-test-cosmos",
        "description": "Some data source",
        "type": "cosmosdb",
        "subtype": null,
        "credentials": {
          "connectionString": null
        },
        "container": {
          "name": "faketable",
          "query": "SELECT ... FROM x where x._ts \u003E @HighWaterMark"
        },
        "dataChangeDetectionPolicy": null,
        "dataDeletionDetectionPolicy": null,
        "encryptionKey": null,
        "identity": null
      }
    },
    {
      "RequestUri": "https://REDACTED/datasources(\u0027azs-java-test-cosmos\u0027)?api-version=2023-07-01-Preview",
      "RequestMethod": "GET",
      "RequestHeaders": {
        "Accept": "application/json; odata.metadata=minimal",
        "api-key": "REDACTED",
        "Content-Length": "0",
        "Date": "Fri, 18 Aug 2023 19:08:12 GMT",
        "return-client-request-id": "true",
        "User-Agent": "azsdk-java-azure-search-documents/11.6.0-beta.8 (17.0.7; Windows 11; 10.0)",
        "x-ms-client-request-id": "519bec80-e241-4e9e-ba2f-1edbc159ebe2"
      },
      "RequestBody": null,
      "StatusCode": 200,
      "ResponseHeaders": {
        "Cache-Control": "no-cache",
        "client-request-id": "519bec80-e241-4e9e-ba2f-1edbc159ebe2",
        "Content-Length": "467",
        "Content-Type": "application/json; odata.metadata=minimal",
        "Date": "Fri, 18 Aug 2023 19:08:12 GMT",
        "elapsed-time": "8",
        "ETag": "W/\u00220x8DBA01E7815B258\u0022",
        "Expires": "-1",
        "OData-Version": "4.0",
        "Pragma": "no-cache",
        "Preference-Applied": "odata.include-annotations=\u0022*\u0022",
        "request-id": "519bec80-e241-4e9e-ba2f-1edbc159ebe2",
        "Strict-Transport-Security": "max-age=15724800; includeSubDomains",
        "x-ms-client-request-id": "519bec80-e241-4e9e-ba2f-1edbc159ebe2"
      },
      "ResponseBody": {
        "@odata.context": "https://azs-java-searchregen.search.windows.net/$metadata#datasources/$entity",
        "@odata.etag": "\u00220x8DBA01E7815B258\u0022",
        "name": "azs-java-test-cosmos",
        "description": "Some data source",
        "type": "cosmosdb",
        "subtype": null,
        "credentials": {
          "connectionString": null
        },
        "container": {
          "name": "faketable",
          "query": "SELECT ... FROM x where x._ts \u003E @HighWaterMark"
        },
        "dataChangeDetectionPolicy": null,
        "dataDeletionDetectionPolicy": null,
        "encryptionKey": null,
        "identity": null
      }
    },
    {
      "RequestUri": "https://REDACTED/datasources(\u0027azs-java-test-cosmos\u0027)?api-version=2023-07-01-Preview",
      "RequestMethod": "DELETE",
      "RequestHeaders": {
        "Accept": "application/json; odata.metadata=minimal",
        "api-key": "REDACTED",
        "Content-Length": "0",
        "Date": "Fri, 18 Aug 2023 19:08:12 GMT",
        "return-client-request-id": "true",
        "User-Agent": "azsdk-java-azure-search-documents/11.6.0-beta.8 (17.0.7; Windows 11; 10.0)",
        "x-ms-client-request-id": "d3696da7-9120-4026-a837-f0caf604b4b3"
      },
      "RequestBody": null,
      "StatusCode": 204,
      "ResponseHeaders": {
        "Cache-Control": "no-cache",
        "client-request-id": "d3696da7-9120-4026-a837-f0caf604b4b3",
        "Date": "Fri, 18 Aug 2023 19:08:12 GMT",
        "elapsed-time": "22",
        "Expires": "-1",
        "Pragma": "no-cache",
        "request-id": "d3696da7-9120-4026-a837-f0caf604b4b3",
        "Strict-Transport-Security": "max-age=15724800; includeSubDomains",
        "x-ms-client-request-id": "d3696da7-9120-4026-a837-f0caf604b4b3"
      },
      "ResponseBody": null
    }
  ],
  "Variables": {
    "0": "azs-java-test-blob03144c750",
    "1": "azs-java-test-sql89282b5cb2"
  }
}
