{
  "Entries": [
    {
      "RequestUri": "https://REDACTED/datasources(\u0027azs-java-test-blob538945faf\u0027)?api-version=2023-10-01-preview",
      "RequestMethod": "DELETE",
      "RequestHeaders": {
        "Accept": "application/json; odata.metadata=minimal",
        "api-key": "REDACTED",
        "Content-Length": "0",
        "Date": "Mon, 04 Mar 2024 21:40:35 GMT",
        "return-client-request-id": "true",
        "User-Agent": "azsdk-java-azure-search-documents/11.7.0-beta.2 (17.0.9; Windows 11; 10.0)",
        "x-ms-client-request-id": "456bf10b-123f-49a2-8b77-1ee89aa6ae10"
      },
      "RequestBody": null,
      "StatusCode": 404,
      "ResponseHeaders": {
        "Cache-Control": "no-store, no-cache",
        "client-request-id": "456bf10b-123f-49a2-8b77-1ee89aa6ae10",
        "Content-Language": "en",
        "Content-Length": "150",
        "Content-Type": "application/json; charset=utf-8",
        "Date": "Mon, 04 Mar 2024 21:40:35 GMT",
        "elapsed-time": "15",
        "Expires": "-1",
        "Pragma": "no-cache",
        "request-id": "456bf10b-123f-49a2-8b77-1ee89aa6ae10",
        "Server": "Microsoft-IIS/10.0",
        "Strict-Transport-Security": "max-age=15724800; includeSubDomains",
        "x-ms-client-request-id": "456bf10b-123f-49a2-8b77-1ee89aa6ae10"
      },
      "ResponseBody": {
        "error": {
          "code": "",
          "message": "No datasource with the name \u0027azs-java-test-blob538945faf\u0027 was found in a service named \u0027azs-java-tb9a3e882b9658d50\u0027."
        }
      }
    },
    {
      "RequestUri": "https://REDACTED/datasources(\u0027azs-java-test-blob538945faf\u0027)?api-version=2023-10-01-preview",
      "RequestMethod": "PUT",
      "RequestHeaders": {
        "Accept": "application/json; odata.metadata=minimal",
        "api-key": "REDACTED",
        "Content-Length": "196",
        "Content-Type": "application/json",
        "Date": "Mon, 04 Mar 2024 21:40:35 GMT",
        "Prefer": "return=representation",
        "return-client-request-id": "true",
        "User-Agent": "azsdk-java-azure-search-documents/11.7.0-beta.2 (17.0.9; Windows 11; 10.0)",
        "x-ms-client-request-id": "f910fd38-5aa6-4daf-8ba2-34bdf414c59b"
      },
      "RequestBody": {
        "name": "azs-java-test-blob538945faf",
        "description": "Some data source",
        "type": "azureblob",
        "credentials": {
          "connectionString": "REDACTED"
        },
        "container": {
          "name": "fakecontainer",
          "query": "/fakefolder/"
        }
      },
      "StatusCode": 201,
      "ResponseHeaders": {
        "client-request-id": "f910fd38-5aa6-4daf-8ba2-34bdf414c59b",
        "Content-Type": "application/json; odata.metadata=minimal; odata.streaming=true; charset=utf-8",
        "Date": "Mon, 04 Mar 2024 21:40:35 GMT",
        "elapsed-time": "48",
        "ETag": "\u00220x8DC3C93BA2B784A\u0022",
        "Location": "https://azs-java-tb9a3e882b9658d50.search.windows.net/datasources(\u0027azs-java-test-blob538945faf\u0027)?api-version=2023-10-01-preview",
        "OData-Version": "4.0",
        "Preference-Applied": "odata.include-annotations=\u0022*\u0022",
        "request-id": "f910fd38-5aa6-4daf-8ba2-34bdf414c59b",
        "Server": "Microsoft-IIS/10.0",
        "Strict-Transport-Security": [
          "max-age=2592000",
          "max-age=15724800; includeSubDomains"
        ],
        "Transfer-Encoding": "chunked",
        "x-ms-client-request-id": "f910fd38-5aa6-4daf-8ba2-34bdf414c59b"
      },
      "ResponseBody": {
        "@odata.context": "https://azs-java-tb9a3e882b9658d50.search.windows.net/$metadata#datasources/$entity",
        "@odata.etag": "\u00220x8DC3C93BA2B784A\u0022",
        "name": "azs-java-test-blob538945faf",
        "description": "Some data source",
        "type": "azureblob",
        "subtype": null,
        "credentials": {
          "connectionString": null
        },
        "container": {
          "name": "fakecontainer",
          "query": "/fakefolder/"
        },
        "dataChangeDetectionPolicy": null,
        "dataDeletionDetectionPolicy": null,
        "encryptionKey": null,
        "identity": null
      }
    },
    {
      "RequestUri": "https://REDACTED/datasources(\u0027azs-java-test-blob538945faf\u0027)?api-version=2023-10-01-preview",
      "RequestMethod": "DELETE",
      "RequestHeaders": {
        "Accept": "application/json; odata.metadata=minimal",
        "api-key": "REDACTED",
        "Content-Length": "0",
        "Date": "Mon, 04 Mar 2024 21:40:36 GMT",
        "return-client-request-id": "true",
        "User-Agent": "azsdk-java-azure-search-documents/11.7.0-beta.2 (17.0.9; Windows 11; 10.0)",
        "x-ms-client-request-id": "1bc406b0-10d0-435e-8d4b-c7fb2a2c54a0"
      },
      "RequestBody": null,
      "StatusCode": 204,
      "ResponseHeaders": {
        "client-request-id": "1bc406b0-10d0-435e-8d4b-c7fb2a2c54a0",
        "Date": "Mon, 04 Mar 2024 21:40:35 GMT",
        "elapsed-time": "20",
        "Preference-Applied": "odata.include-annotations=\u0022*\u0022",
        "request-id": "1bc406b0-10d0-435e-8d4b-c7fb2a2c54a0",
        "Server": "Microsoft-IIS/10.0",
        "Strict-Transport-Security": [
          "max-age=2592000",
          "max-age=15724800; includeSubDomains"
        ],
        "x-ms-client-request-id": "1bc406b0-10d0-435e-8d4b-c7fb2a2c54a0"
      },
      "ResponseBody": null
    },
    {
      "RequestUri": "https://REDACTED/datasources(\u0027azs-java-test-blob538945faf\u0027)?api-version=2023-10-01-preview",
      "RequestMethod": "DELETE",
      "RequestHeaders": {
        "Accept": "application/json; odata.metadata=minimal",
        "api-key": "REDACTED",
        "Content-Length": "0",
        "Date": "Mon, 04 Mar 2024 21:40:36 GMT",
        "return-client-request-id": "true",
        "User-Agent": "azsdk-java-azure-search-documents/11.7.0-beta.2 (17.0.9; Windows 11; 10.0)",
        "x-ms-client-request-id": "bcd5a5f7-ee22-469c-802d-f8c121d78aed"
      },
      "RequestBody": null,
      "StatusCode": 404,
      "ResponseHeaders": {
        "Cache-Control": "no-store, no-cache",
        "client-request-id": "bcd5a5f7-ee22-469c-802d-f8c121d78aed",
        "Content-Language": "en",
        "Content-Length": "150",
        "Content-Type": "application/json; charset=utf-8",
        "Date": "Mon, 04 Mar 2024 21:40:35 GMT",
        "elapsed-time": "13",
        "Expires": "-1",
        "Pragma": "no-cache",
        "request-id": "bcd5a5f7-ee22-469c-802d-f8c121d78aed",
        "Server": "Microsoft-IIS/10.0",
        "Strict-Transport-Security": "max-age=15724800; includeSubDomains",
        "x-ms-client-request-id": "bcd5a5f7-ee22-469c-802d-f8c121d78aed"
      },
      "ResponseBody": {
        "error": {
          "code": "",
          "message": "No datasource with the name \u0027azs-java-test-blob538945faf\u0027 was found in a service named \u0027azs-java-tb9a3e882b9658d50\u0027."
        }
      }
    }
  ],
  "Variables": {
    "0": "azs-java-test-blob538945faf"
  }
}
