{
  "Entries": [
    {
      "RequestUri": "https://REDACTED/datasources('azs-java-test-blob393571725')?api-version=2024-07-01",
      "RequestMethod": "PUT",
      "RequestHeaders": {
        "Accept": "application/json; odata.metadata=minimal",
        "api-key": "REDACTED",
        "Content-Length": "196",
        "Content-Type": "application/json",
        "Date": "Fri, 28 Jun 2024 15:03:43 GMT",
        "Prefer": "return=representation",
        "return-client-request-id": "true",
        "User-Agent": "azsdk-java-azure-search-documents/11.7.0 (21.0.2; Windows 11; 10.0)",
        "x-ms-client-request-id": "Sanitized"
      },
      "RequestBody": {
        "name": "azs-java-test-blob393571725",
        "description": "Some data source",
        "type": "azureblob",
        "credentials": {
          "connectionString": "REDACTED"
        },
        "container": {
          "name": "fakecontainer",
          "query": "/fakefolder/"
        }
      },
      "StatusCode": 201,
      "ResponseHeaders": {
        "client-request-id": "Sanitized",
        "Content-Type": "application/json; odata.metadata=minimal; odata.streaming=true; charset=utf-8",
        "Date": "Fri, 28 Jun 2024 15:03:43 GMT",
        "elapsed-time": "37",
        "ETag": "\"0x8DC9783807F414C\"",
        "Location": "https://REDACTED.com",
        "OData-Version": "4.0",
        "Preference-Applied": "odata.include-annotations=\"*\"",
        "request-id": "0f579d96-7e9f-41d0-bd0c-f00e1b0998d8",
        "Server": "Microsoft-IIS/10.0",
        "Strict-Transport-Security": [
          "max-age=2592000",
          "max-age=15724800; includeSubDomains"
        ],
        "Transfer-Encoding": "chunked",
        "x-ms-client-request-id": "Sanitized"
      },
      "ResponseBody": {
        "@odata.context": "https://azs-java-t5ce5274b0647cb99.search.windows.net/$metadata#datasources/$entity",
        "@odata.etag": "\"0x8DC9783807F414C\"",
        "name": "azs-java-test-blob393571725",
        "description": "Some data source",
        "type": "azureblob",
        "subtype": null,
        "credentials": {
          "connectionString": null
        },
        "container": {
          "name": "fakecontainer",
          "query": "/fakefolder/"
        },
        "dataChangeDetectionPolicy": null,
        "dataDeletionDetectionPolicy": null,
        "encryptionKey": null
      }
    },
    {
      "RequestUri": "https://REDACTED/datasources('azs-java-test-blob393571725')?api-version=2024-07-01",
      "RequestMethod": "PUT",
      "RequestHeaders": {
        "Accept": "application/json; odata.metadata=minimal",
        "api-key": "REDACTED",
        "Content-Length": "227",
        "Content-Type": "application/json",
        "Date": "Fri, 28 Jun 2024 15:03:43 GMT",
        "Prefer": "return=representation",
        "return-client-request-id": "true",
        "User-Agent": "azsdk-java-azure-search-documents/11.7.0 (21.0.2; Windows 11; 10.0)",
        "x-ms-client-request-id": "Sanitized"
      },
      "RequestBody": {
        "name": "azs-java-test-blob393571725",
        "description": "an update",
        "type": "azureblob",
        "credentials": {
          "connectionString": "REDACTED"
        },
        "container": {
          "name": "fakecontainer",
          "query": "/fakefolder/"
        },
        "@odata.etag": "\"0x8DC9783807F414C\""
      },
      "StatusCode": 200,
      "ResponseHeaders": {
        "client-request-id": "Sanitized",
        "Content-Type": "application/json; odata.metadata=minimal; odata.streaming=true; charset=utf-8",
        "Date": "Fri, 28 Jun 2024 15:03:43 GMT",
        "elapsed-time": "41",
        "ETag": "\"0x8DC9783808F6B85\"",
        "OData-Version": "4.0",
        "Preference-Applied": "odata.include-annotations=\"*\"",
        "request-id": "2dbcdabe-11e7-4753-b442-aafee3f1d57b",
        "Server": "Microsoft-IIS/10.0",
        "Strict-Transport-Security": [
          "max-age=2592000",
          "max-age=15724800; includeSubDomains"
        ],
        "Transfer-Encoding": "chunked",
        "x-ms-client-request-id": "Sanitized"
      },
      "ResponseBody": {
        "@odata.context": "https://azs-java-t5ce5274b0647cb99.search.windows.net/$metadata#datasources/$entity",
        "@odata.etag": "\"0x8DC9783808F6B85\"",
        "name": "azs-java-test-blob393571725",
        "description": "an update",
        "type": "azureblob",
        "subtype": null,
        "credentials": {
          "connectionString": null
        },
        "container": {
          "name": "fakecontainer",
          "query": "/fakefolder/"
        },
        "dataChangeDetectionPolicy": null,
        "dataDeletionDetectionPolicy": null,
        "encryptionKey": null
      }
    },
    {
      "RequestUri": "https://REDACTED/datasources('azs-java-test-blob393571725')?api-version=2024-07-01",
      "RequestMethod": "DELETE",
      "RequestHeaders": {
        "Accept": "application/json; odata.metadata=minimal",
        "api-key": "REDACTED",
        "Content-Length": "0",
        "Date": "Fri, 28 Jun 2024 15:03:43 GMT",
        "return-client-request-id": "true",
        "User-Agent": "azsdk-java-azure-search-documents/11.7.0 (21.0.2; Windows 11; 10.0)",
        "x-ms-client-request-id": "Sanitized"
      },
      "RequestBody": null,
      "StatusCode": 204,
      "ResponseHeaders": {
        "client-request-id": "Sanitized",
        "Date": "Fri, 28 Jun 2024 15:03:43 GMT",
        "elapsed-time": "21",
        "Preference-Applied": "odata.include-annotations=\"*\"",
        "request-id": "4f3980ad-33d8-4865-a286-fda1e7113a9c",
        "Server": "Microsoft-IIS/10.0",
        "Strict-Transport-Security": [
          "max-age=2592000",
          "max-age=15724800; includeSubDomains"
        ],
        "x-ms-client-request-id": "Sanitized"
      },
      "ResponseBody": null
    }
  ],
  "Variables": {
    "0": "azs-java-test-blob393571725"
  }
}
