{
  "Entries": [
    {
      "RequestUri": "https://REDACTED/datasources(\u0027azs-java-test-blob0740486d1\u0027)?api-version=2023-10-01-preview",
      "RequestMethod": "PUT",
      "RequestHeaders": {
        "Accept": "application/json; odata.metadata=minimal",
        "api-key": "REDACTED",
        "Content-Length": "196",
        "Content-Type": "application/json",
        "Date": "Mon, 04 Mar 2024 21:40:40 GMT",
        "Prefer": "return=representation",
        "return-client-request-id": "true",
        "User-Agent": "azsdk-java-azure-search-documents/11.7.0-beta.2 (17.0.9; Windows 11; 10.0)",
        "x-ms-client-request-id": "d1bbe681-42c9-47ce-b46e-d6a9e5da0abd"
      },
      "RequestBody": {
        "name": "azs-java-test-blob0740486d1",
        "description": "Some data source",
        "type": "azureblob",
        "credentials": {
          "connectionString": "REDACTED"
        },
        "container": {
          "name": "fakecontainer",
          "query": "/fakefolder/"
        }
      },
      "StatusCode": 201,
      "ResponseHeaders": {
        "client-request-id": "d1bbe681-42c9-47ce-b46e-d6a9e5da0abd",
        "Content-Type": "application/json; odata.metadata=minimal; odata.streaming=true; charset=utf-8",
        "Date": "Mon, 04 Mar 2024 21:40:40 GMT",
        "elapsed-time": "37",
        "ETag": "\u00220x8DC3C93BCDA2682\u0022",
        "Location": "https://azs-java-tb9a3e882b9658d50.search.windows.net/datasources(\u0027azs-java-test-blob0740486d1\u0027)?api-version=2023-10-01-preview",
        "OData-Version": "4.0",
        "Preference-Applied": "odata.include-annotations=\u0022*\u0022",
        "request-id": "d1bbe681-42c9-47ce-b46e-d6a9e5da0abd",
        "Server": "Microsoft-IIS/10.0",
        "Strict-Transport-Security": [
          "max-age=2592000",
          "max-age=15724800; includeSubDomains"
        ],
        "Transfer-Encoding": "chunked",
        "x-ms-client-request-id": "d1bbe681-42c9-47ce-b46e-d6a9e5da0abd"
      },
      "ResponseBody": {
        "@odata.context": "https://azs-java-tb9a3e882b9658d50.search.windows.net/$metadata#datasources/$entity",
        "@odata.etag": "\u00220x8DC3C93BCDA2682\u0022",
        "name": "azs-java-test-blob0740486d1",
        "description": "Some data source",
        "type": "azureblob",
        "subtype": null,
        "credentials": {
          "connectionString": null
        },
        "container": {
          "name": "fakecontainer",
          "query": "/fakefolder/"
        },
        "dataChangeDetectionPolicy": null,
        "dataDeletionDetectionPolicy": null,
        "encryptionKey": null,
        "identity": null
      }
    },
    {
      "RequestUri": "https://REDACTED/datasources(\u0027azs-java-test-sql743412f027\u0027)?api-version=2023-10-01-preview",
      "RequestMethod": "PUT",
      "RequestHeaders": {
        "Accept": "application/json; odata.metadata=minimal",
        "api-key": "REDACTED",
        "Content-Length": "169",
        "Content-Type": "application/json",
        "Date": "Mon, 04 Mar 2024 21:40:40 GMT",
        "Prefer": "return=representation",
        "return-client-request-id": "true",
        "User-Agent": "azsdk-java-azure-search-documents/11.7.0-beta.2 (17.0.9; Windows 11; 10.0)",
        "x-ms-client-request-id": "a6080f9e-a435-4a04-9e43-fdc4e966dccf"
      },
      "RequestBody": {
        "name": "azs-java-test-sql743412f027",
        "description": "Some data source",
        "type": "azuresql",
        "credentials": {
          "connectionString": "REDACTED"
        },
        "container": {
          "name": "GeoNamesRI"
        }
      },
      "StatusCode": 201,
      "ResponseHeaders": {
        "client-request-id": "a6080f9e-a435-4a04-9e43-fdc4e966dccf",
        "Content-Type": "application/json; odata.metadata=minimal; odata.streaming=true; charset=utf-8",
        "Date": "Mon, 04 Mar 2024 21:40:40 GMT",
        "elapsed-time": "34",
        "ETag": "\u00220x8DC3C93BCE3DF9A\u0022",
        "Location": "https://azs-java-tb9a3e882b9658d50.search.windows.net/datasources(\u0027azs-java-test-sql743412f027\u0027)?api-version=2023-10-01-preview",
        "OData-Version": "4.0",
        "Preference-Applied": "odata.include-annotations=\u0022*\u0022",
        "request-id": "a6080f9e-a435-4a04-9e43-fdc4e966dccf",
        "Server": "Microsoft-IIS/10.0",
        "Strict-Transport-Security": [
          "max-age=2592000",
          "max-age=15724800; includeSubDomains"
        ],
        "Transfer-Encoding": "chunked",
        "x-ms-client-request-id": "a6080f9e-a435-4a04-9e43-fdc4e966dccf"
      },
      "ResponseBody": {
        "@odata.context": "https://azs-java-tb9a3e882b9658d50.search.windows.net/$metadata#datasources/$entity",
        "@odata.etag": "\u00220x8DC3C93BCE3DF9A\u0022",
        "name": "azs-java-test-sql743412f027",
        "description": "Some data source",
        "type": "azuresql",
        "subtype": null,
        "credentials": {
          "connectionString": null
        },
        "container": {
          "name": "GeoNamesRI",
          "query": null
        },
        "dataChangeDetectionPolicy": null,
        "dataDeletionDetectionPolicy": null,
        "encryptionKey": null,
        "identity": null
      }
    },
    {
      "RequestUri": "https://REDACTED/datasources?$select=name\u0026api-version=2023-10-01-preview",
      "RequestMethod": "GET",
      "RequestHeaders": {
        "Accept": "application/json; odata.metadata=minimal",
        "api-key": "REDACTED",
        "Content-Length": "0",
        "Date": "Mon, 04 Mar 2024 21:40:40 GMT",
        "return-client-request-id": "true",
        "User-Agent": "azsdk-java-azure-search-documents/11.7.0-beta.2 (17.0.9; Windows 11; 10.0)",
        "x-ms-client-request-id": "07160488-97a9-4885-b9fd-97038838ec97"
      },
      "RequestBody": null,
      "StatusCode": 200,
      "ResponseHeaders": {
        "client-request-id": "07160488-97a9-4885-b9fd-97038838ec97",
        "Content-Type": "application/json; odata.metadata=minimal; odata.streaming=true; charset=utf-8",
        "Date": "Mon, 04 Mar 2024 21:40:40 GMT",
        "elapsed-time": "9",
        "OData-Version": "4.0",
        "Preference-Applied": "odata.include-annotations=\u0022*\u0022",
        "request-id": "07160488-97a9-4885-b9fd-97038838ec97",
        "Server": "Microsoft-IIS/10.0",
        "Strict-Transport-Security": [
          "max-age=2592000",
          "max-age=15724800; includeSubDomains"
        ],
        "Transfer-Encoding": "chunked",
        "x-ms-client-request-id": "07160488-97a9-4885-b9fd-97038838ec97"
      },
      "ResponseBody": {
        "@odata.context": "https://azs-java-tb9a3e882b9658d50.search.windows.net/$metadata#datasources(name)",
        "value": [
          {
            "name": "azs-java-test-blob0740486d1"
          },
          {
            "name": "azs-java-test-sql743412f027"
          }
        ]
      }
    },
    {
      "RequestUri": "https://REDACTED/datasources(\u0027azs-java-test-blob0740486d1\u0027)?api-version=2023-10-01-preview",
      "RequestMethod": "DELETE",
      "RequestHeaders": {
        "Accept": "application/json; odata.metadata=minimal",
        "api-key": "REDACTED",
        "Content-Length": "0",
        "Date": "Mon, 04 Mar 2024 21:40:40 GMT",
        "return-client-request-id": "true",
        "User-Agent": "azsdk-java-azure-search-documents/11.7.0-beta.2 (17.0.9; Windows 11; 10.0)",
        "x-ms-client-request-id": "1bcc86df-b187-4fdb-9ed2-ccc1a2fd52e9"
      },
      "RequestBody": null,
      "StatusCode": 204,
      "ResponseHeaders": {
        "client-request-id": "1bcc86df-b187-4fdb-9ed2-ccc1a2fd52e9",
        "Date": "Mon, 04 Mar 2024 21:40:40 GMT",
        "elapsed-time": "19",
        "Preference-Applied": "odata.include-annotations=\u0022*\u0022",
        "request-id": "1bcc86df-b187-4fdb-9ed2-ccc1a2fd52e9",
        "Server": "Microsoft-IIS/10.0",
        "Strict-Transport-Security": [
          "max-age=2592000",
          "max-age=15724800; includeSubDomains"
        ],
        "x-ms-client-request-id": "1bcc86df-b187-4fdb-9ed2-ccc1a2fd52e9"
      },
      "ResponseBody": null
    },
    {
      "RequestUri": "https://REDACTED/datasources(\u0027azs-java-test-sql743412f027\u0027)?api-version=2023-10-01-preview",
      "RequestMethod": "DELETE",
      "RequestHeaders": {
        "Accept": "application/json; odata.metadata=minimal",
        "api-key": "REDACTED",
        "Content-Length": "0",
        "Date": "Mon, 04 Mar 2024 21:40:40 GMT",
        "return-client-request-id": "true",
        "User-Agent": "azsdk-java-azure-search-documents/11.7.0-beta.2 (17.0.9; Windows 11; 10.0)",
        "x-ms-client-request-id": "ffccb8d1-358a-4a26-917c-00af64ef460a"
      },
      "RequestBody": null,
      "StatusCode": 204,
      "ResponseHeaders": {
        "client-request-id": "ffccb8d1-358a-4a26-917c-00af64ef460a",
        "Date": "Mon, 04 Mar 2024 21:40:40 GMT",
        "elapsed-time": "20",
        "Preference-Applied": "odata.include-annotations=\u0022*\u0022",
        "request-id": "ffccb8d1-358a-4a26-917c-00af64ef460a",
        "Server": "Microsoft-IIS/10.0",
        "Strict-Transport-Security": [
          "max-age=2592000",
          "max-age=15724800; includeSubDomains"
        ],
        "x-ms-client-request-id": "ffccb8d1-358a-4a26-917c-00af64ef460a"
      },
      "ResponseBody": null
    }
  ],
  "Variables": {
    "0": "azs-java-test-blob0740486d1",
    "1": "azs-java-test-sql743412f027"
  }
}
