{
  "Entries": [
    {
      "RequestUri": "https://REDACTED/synonymmaps?api-version=2023-07-01-Preview",
      "RequestMethod": "POST",
      "RequestHeaders": {
        "Accept": "application/json; odata.metadata=minimal",
        "api-key": "REDACTED",
        "Content-Length": "64",
        "Content-Type": "application/json",
        "Date": "Fri, 18 Aug 2023 20:42:59 GMT",
        "return-client-request-id": "true",
        "User-Agent": "azsdk-java-azure-search-documents/11.6.0-beta.9 (17.0.7; Windows 11; 10.0)",
        "x-ms-client-request-id": "ec8837e6-7ff3-49b7-a646-dacd4f05d18f"
      },
      "RequestBody": {
        "name": "fieldbuilder",
        "format": "solr",
        "synonyms": "hotel,motel"
      },
      "StatusCode": 201,
      "ResponseHeaders": {
        "Cache-Control": "no-cache",
        "client-request-id": "ec8837e6-7ff3-49b7-a646-dacd4f05d18f",
        "Content-Length": "220",
        "Content-Type": "application/json; odata.metadata=minimal",
        "Date": "Fri, 18 Aug 2023 20:42:58 GMT",
        "elapsed-time": "25",
        "ETag": "W/\u00220x8DBA02BB57701EA\u0022",
        "Expires": "-1",
        "Location": "https://azs-java-searchregen.search.windows.net/synonymmaps(\u0027fieldbuilder\u0027)?api-version=2023-07-01-Preview",
        "OData-Version": "4.0",
        "Pragma": "no-cache",
        "Preference-Applied": "odata.include-annotations=\u0022*\u0022",
        "request-id": "ec8837e6-7ff3-49b7-a646-dacd4f05d18f",
        "Strict-Transport-Security": "max-age=15724800; includeSubDomains",
        "x-ms-client-request-id": "ec8837e6-7ff3-49b7-a646-dacd4f05d18f"
      },
      "ResponseBody": {
        "@odata.context": "https://azs-java-searchregen.search.windows.net/$metadata#synonymmaps/$entity",
        "@odata.etag": "\u00220x8DBA02BB57701EA\u0022",
        "name": "fieldbuilder",
        "format": "solr",
        "synonyms": "hotel,motel",
        "encryptionKey": null
      }
    },
    {
      "RequestUri": "https://REDACTED/indexes?api-version=2023-07-01-Preview",
      "RequestMethod": "POST",
      "RequestHeaders": {
        "Accept": "application/json; odata.metadata=minimal",
        "api-key": "REDACTED",
        "Content-Length": "2250",
        "Content-Type": "application/json",
        "Date": "Fri, 18 Aug 2023 20:42:59 GMT",
        "return-client-request-id": "true",
        "User-Agent": "azsdk-java-azure-search-documents/11.6.0-beta.9 (17.0.7; Windows 11; 10.0)",
        "x-ms-client-request-id": "d9ed3066-c5d2-4b6a-a3df-dd98dbe7b8c0"
      },
      "RequestBody": {
        "name": "fieldbuilder61928b8eeb1f",
        "fields": [
          {
            "name": "HotelId",
            "type": "Edm.String",
            "key": true,
            "retrievable": true,
            "searchable": false,
            "filterable": false,
            "sortable": true,
            "facetable": false
          },
          {
            "name": "HotelName",
            "type": "Edm.String",
            "key": false,
            "retrievable": true,
            "searchable": true,
            "filterable": false,
            "sortable": true,
            "facetable": false,
            "analyzer": "en.lucene"
          },
          {
            "name": "Description",
            "type": "Edm.String",
            "key": false,
            "retrievable": true,
            "searchable": false,
            "filterable": false,
            "sortable": false,
            "facetable": false
          },
          {
            "name": "Category",
            "type": "Edm.String",
            "key": false,
            "retrievable": true,
            "searchable": false,
            "filterable": false,
            "sortable": false,
            "facetable": false
          },
          {
            "name": "Tags",
            "type": "Collection(Edm.String)",
            "key": false,
            "retrievable": true,
            "searchable": true,
            "filterable": false,
            "sortable": false,
            "facetable": false
          },
          {
            "name": "ParkingIncluded",
            "type": "Edm.Boolean"
          },
          {
            "name": "SmokingAllowed",
            "type": "Edm.Boolean"
          },
          {
            "name": "LastRenovationDate",
            "type": "Edm.DateTimeOffset"
          },
          {
            "name": "Rating",
            "type": "Edm.Int32"
          },
          {
            "name": "Location",
            "type": "Edm.GeographyPoint"
          },
          {
            "name": "Address",
            "type": "Edm.ComplexType",
            "fields": [
              {
                "name": "StreetAddress",
                "type": "Edm.String",
                "key": false,
                "retrievable": true,
                "searchable": false,
                "filterable": false,
                "sortable": false,
                "facetable": true
              },
              {
                "name": "City",
                "type": "Edm.String",
                "key": false,
                "retrievable": true,
                "searchable": true,
                "filterable": true,
                "sortable": false,
                "facetable": false
              },
              {
                "name": "StateProvince",
                "type": "Edm.String",
                "key": false,
                "retrievable": true,
                "searchable": true,
                "filterable": false,
                "sortable": false,
                "facetable": false
              },
              {
                "name": "Country",
                "type": "Edm.String",
                "key": false,
                "retrievable": true,
                "searchable": true,
                "filterable": false,
                "sortable": false,
                "facetable": false,
                "synonymMaps": [
                  "fieldbuilder"
                ]
              },
              {
                "name": "PostalCode",
                "type": "Edm.String",
                "key": false,
                "retrievable": true,
                "searchable": false,
                "filterable": false,
                "sortable": false,
                "facetable": false
              }
            ]
          },
          {
            "name": "Rooms",
            "type": "Collection(Edm.ComplexType)",
            "fields": [
              {
                "name": "Description",
                "type": "Edm.String"
              },
              {
                "name": "Description_fr",
                "type": "Edm.String"
              },
              {
                "name": "Type",
                "type": "Edm.String"
              },
              {
                "name": "BaseRate",
                "type": "Edm.Double"
              },
              {
                "name": "BedOptions",
                "type": "Edm.String"
              },
              {
                "name": "SleepsCount",
                "type": "Edm.Int32"
              },
              {
                "name": "SmokingAllowed",
                "type": "Edm.Boolean"
              },
              {
                "name": "Tags",
                "type": "Collection(Edm.String)"
              }
            ]
          }
        ]
      },
      "StatusCode": 201,
      "ResponseHeaders": {
        "Cache-Control": "no-cache",
        "client-request-id": "d9ed3066-c5d2-4b6a-a3df-dd98dbe7b8c0",
        "Content-Length": "7314",
        "Content-Type": "application/json; odata.metadata=minimal",
        "Date": "Fri, 18 Aug 2023 20:43:00 GMT",
        "elapsed-time": "838",
        "ETag": "W/\u00220x8DBA02BB5FEE26A\u0022",
        "Expires": "-1",
        "Location": "https://azs-java-searchregen.search.windows.net/indexes(\u0027fieldbuilder61928b8eeb1f\u0027)?api-version=2023-07-01-Preview",
        "OData-Version": "4.0",
        "Pragma": "no-cache",
        "Preference-Applied": "odata.include-annotations=\u0022*\u0022",
        "request-id": "d9ed3066-c5d2-4b6a-a3df-dd98dbe7b8c0",
        "Strict-Transport-Security": "max-age=15724800; includeSubDomains",
        "x-ms-client-request-id": "d9ed3066-c5d2-4b6a-a3df-dd98dbe7b8c0"
      },
      "ResponseBody": {
        "@odata.context": "https://azs-java-searchregen.search.windows.net/$metadata#indexes/$entity",
        "@odata.etag": "\u00220x8DBA02BB5FEE26A\u0022",
        "name": "fieldbuilder61928b8eeb1f",
        "defaultScoringProfile": null,
        "fields": [
          {
            "name": "HotelId",
            "type": "Edm.String",
            "searchable": false,
            "filterable": false,
            "retrievable": true,
            "sortable": true,
            "facetable": false,
            "key": true,
            "indexAnalyzer": null,
            "searchAnalyzer": null,
            "analyzer": null,
            "normalizer": null,
            "dimensions": null,
            "vectorSearchConfiguration": null,
            "synonymMaps": []
          },
          {
            "name": "HotelName",
            "type": "Edm.String",
            "searchable": true,
            "filterable": false,
            "retrievable": true,
            "sortable": true,
            "facetable": false,
            "key": false,
            "indexAnalyzer": null,
            "searchAnalyzer": null,
            "analyzer": "en.lucene",
            "normalizer": null,
            "dimensions": null,
            "vectorSearchConfiguration": null,
            "synonymMaps": []
          },
          {
            "name": "Description",
            "type": "Edm.String",
            "searchable": false,
            "filterable": false,
            "retrievable": true,
            "sortable": false,
            "facetable": false,
            "key": false,
            "indexAnalyzer": null,
            "searchAnalyzer": null,
            "analyzer": null,
            "normalizer": null,
            "dimensions": null,
            "vectorSearchConfiguration": null,
            "synonymMaps": []
          },
          {
            "name": "Category",
            "type": "Edm.String",
            "searchable": false,
            "filterable": false,
            "retrievable": true,
            "sortable": false,
            "facetable": false,
            "key": false,
            "indexAnalyzer": null,
            "searchAnalyzer": null,
            "analyzer": null,
            "normalizer": null,
            "dimensions": null,
            "vectorSearchConfiguration": null,
            "synonymMaps": []
          },
          {
            "name": "Tags",
            "type": "Collection(Edm.String)",
            "searchable": true,
            "filterable": false,
            "retrievable": true,
            "sortable": false,
            "facetable": false,
            "key": false,
            "indexAnalyzer": null,
            "searchAnalyzer": null,
            "analyzer": null,
            "normalizer": null,
            "dimensions": null,
            "vectorSearchConfiguration": null,
            "synonymMaps": []
          },
          {
            "name": "ParkingIncluded",
            "type": "Edm.Boolean",
            "searchable": false,
            "filterable": true,
            "retrievable": true,
            "sortable": true,
            "facetable": true,
            "key": false,
            "indexAnalyzer": null,
            "searchAnalyzer": null,
            "analyzer": null,
            "normalizer": null,
            "dimensions": null,
            "vectorSearchConfiguration": null,
            "synonymMaps": []
          },
          {
            "name": "SmokingAllowed",
            "type": "Edm.Boolean",
            "searchable": false,
            "filterable": true,
            "retrievable": true,
            "sortable": true,
            "facetable": true,
            "key": false,
            "indexAnalyzer": null,
            "searchAnalyzer": null,
            "analyzer": null,
            "normalizer": null,
            "dimensions": null,
            "vectorSearchConfiguration": null,
            "synonymMaps": []
          },
          {
            "name": "LastRenovationDate",
            "type": "Edm.DateTimeOffset",
            "searchable": false,
            "filterable": true,
            "retrievable": true,
            "sortable": true,
            "facetable": true,
            "key": false,
            "indexAnalyzer": null,
            "searchAnalyzer": null,
            "analyzer": null,
            "normalizer": null,
            "dimensions": null,
            "vectorSearchConfiguration": null,
            "synonymMaps": []
          },
          {
            "name": "Rating",
            "type": "Edm.Int32",
            "searchable": false,
            "filterable": true,
            "retrievable": true,
            "sortable": true,
            "facetable": true,
            "key": false,
            "indexAnalyzer": null,
            "searchAnalyzer": null,
            "analyzer": null,
            "normalizer": null,
            "dimensions": null,
            "vectorSearchConfiguration": null,
            "synonymMaps": []
          },
          {
            "name": "Location",
            "type": "Edm.GeographyPoint",
            "searchable": false,
            "filterable": true,
            "retrievable": true,
            "sortable": true,
            "facetable": false,
            "key": false,
            "indexAnalyzer": null,
            "searchAnalyzer": null,
            "analyzer": null,
            "normalizer": null,
            "dimensions": null,
            "vectorSearchConfiguration": null,
            "synonymMaps": []
          },
          {
            "name": "Address",
            "type": "Edm.ComplexType",
            "fields": [
              {
                "name": "StreetAddress",
                "type": "Edm.String",
                "searchable": false,
                "filterable": false,
                "retrievable": true,
                "sortable": false,
                "facetable": true,
                "key": false,
                "indexAnalyzer": null,
                "searchAnalyzer": null,
                "analyzer": null,
                "normalizer": null,
                "dimensions": null,
                "vectorSearchConfiguration": null,
                "synonymMaps": []
              },
              {
                "name": "City",
                "type": "Edm.String",
                "searchable": true,
                "filterable": true,
                "retrievable": true,
                "sortable": false,
                "facetable": false,
                "key": false,
                "indexAnalyzer": null,
                "searchAnalyzer": null,
                "analyzer": null,
                "normalizer": null,
                "dimensions": null,
                "vectorSearchConfiguration": null,
                "synonymMaps": []
              },
              {
                "name": "StateProvince",
                "type": "Edm.String",
                "searchable": true,
                "filterable": false,
                "retrievable": true,
                "sortable": false,
                "facetable": false,
                "key": false,
                "indexAnalyzer": null,
                "searchAnalyzer": null,
                "analyzer": null,
                "normalizer": null,
                "dimensions": null,
                "vectorSearchConfiguration": null,
                "synonymMaps": []
              },
              {
                "name": "Country",
                "type": "Edm.String",
                "searchable": true,
                "filterable": false,
                "retrievable": true,
                "sortable": false,
                "facetable": false,
                "key": false,
                "indexAnalyzer": null,
                "searchAnalyzer": null,
                "analyzer": null,
                "normalizer": null,
                "dimensions": null,
                "vectorSearchConfiguration": null,
                "synonymMaps": [
                  "fieldbuilder"
                ]
              },
              {
                "name": "PostalCode",
                "type": "Edm.String",
                "searchable": false,
                "filterable": false,
                "retrievable": true,
                "sortable": false,
                "facetable": false,
                "key": false,
                "indexAnalyzer": null,
                "searchAnalyzer": null,
                "analyzer": null,
                "normalizer": null,
                "dimensions": null,
                "vectorSearchConfiguration": null,
                "synonymMaps": []
              }
            ]
          },
          {
            "name": "Rooms",
            "type": "Collection(Edm.ComplexType)",
            "fields": [
              {
                "name": "Description",
                "type": "Edm.String",
                "searchable": true,
                "filterable": true,
                "retrievable": true,
                "sortable": false,
                "facetable": true,
                "key": false,
                "indexAnalyzer": null,
                "searchAnalyzer": null,
                "analyzer": null,
                "normalizer": null,
                "dimensions": null,
                "vectorSearchConfiguration": null,
                "synonymMaps": []
              },
              {
                "name": "Description_fr",
                "type": "Edm.String",
                "searchable": true,
                "filterable": true,
                "retrievable": true,
                "sortable": false,
                "facetable": true,
                "key": false,
                "indexAnalyzer": null,
                "searchAnalyzer": null,
                "analyzer": null,
                "normalizer": null,
                "dimensions": null,
                "vectorSearchConfiguration": null,
                "synonymMaps": []
              },
              {
                "name": "Type",
                "type": "Edm.String",
                "searchable": true,
                "filterable": true,
                "retrievable": true,
                "sortable": false,
                "facetable": true,
                "key": false,
                "indexAnalyzer": null,
                "searchAnalyzer": null,
                "analyzer": null,
                "normalizer": null,
                "dimensions": null,
                "vectorSearchConfiguration": null,
                "synonymMaps": []
              },
              {
                "name": "BaseRate",
                "type": "Edm.Double",
                "searchable": false,
                "filterable": true,
                "retrievable": true,
                "sortable": false,
                "facetable": true,
                "key": false,
                "indexAnalyzer": null,
                "searchAnalyzer": null,
                "analyzer": null,
                "normalizer": null,
                "dimensions": null,
                "vectorSearchConfiguration": null,
                "synonymMaps": []
              },
              {
                "name": "BedOptions",
                "type": "Edm.String",
                "searchable": true,
                "filterable": true,
                "retrievable": true,
                "sortable": false,
                "facetable": true,
                "key": false,
                "indexAnalyzer": null,
                "searchAnalyzer": null,
                "analyzer": null,
                "normalizer": null,
                "dimensions": null,
                "vectorSearchConfiguration": null,
                "synonymMaps": []
              },
              {
                "name": "SleepsCount",
                "type": "Edm.Int32",
                "searchable": false,
                "filterable": true,
                "retrievable": true,
                "sortable": false,
                "facetable": true,
                "key": false,
                "indexAnalyzer": null,
                "searchAnalyzer": null,
                "analyzer": null,
                "normalizer": null,
                "dimensions": null,
                "vectorSearchConfiguration": null,
                "synonymMaps": []
              },
              {
                "name": "SmokingAllowed",
                "type": "Edm.Boolean",
                "searchable": false,
                "filterable": true,
                "retrievable": true,
                "sortable": false,
                "facetable": true,
                "key": false,
                "indexAnalyzer": null,
                "searchAnalyzer": null,
                "analyzer": null,
                "normalizer": null,
                "dimensions": null,
                "vectorSearchConfiguration": null,
                "synonymMaps": []
              },
              {
                "name": "Tags",
                "type": "Collection(Edm.String)",
                "searchable": true,
                "filterable": true,
                "retrievable": true,
                "sortable": false,
                "facetable": true,
                "key": false,
                "indexAnalyzer": null,
                "searchAnalyzer": null,
                "analyzer": null,
                "normalizer": null,
                "dimensions": null,
                "vectorSearchConfiguration": null,
                "synonymMaps": []
              }
            ]
          }
        ],
        "scoringProfiles": [],
        "corsOptions": null,
        "suggesters": [],
        "analyzers": [],
        "normalizers": [],
        "tokenizers": [],
        "tokenFilters": [],
        "charFilters": [],
        "encryptionKey": null,
        "similarity": {
          "@odata.type": "#Microsoft.Azure.Search.BM25Similarity",
          "k1": null,
          "b": null
        },
        "semantic": null,
        "vectorSearch": null
      }
    },
    {
      "RequestUri": "https://REDACTED/indexes(\u0027fieldbuilder61928b8eeb1f\u0027)?api-version=2023-07-01-Preview",
      "RequestMethod": "GET",
      "RequestHeaders": {
        "Accept": "application/json; odata.metadata=minimal",
        "api-key": "REDACTED",
        "Content-Length": "0",
        "Date": "Fri, 18 Aug 2023 20:43:00 GMT",
        "return-client-request-id": "true",
        "User-Agent": "azsdk-java-azure-search-documents/11.6.0-beta.9 (17.0.7; Windows 11; 10.0)",
        "x-ms-client-request-id": "7f5051f4-b0af-418a-a70d-4af306ac900c"
      },
      "RequestBody": null,
      "StatusCode": 200,
      "ResponseHeaders": {
        "Cache-Control": "no-cache",
        "client-request-id": "7f5051f4-b0af-418a-a70d-4af306ac900c",
        "Content-Length": "7314",
        "Content-Type": "application/json; odata.metadata=minimal",
        "Date": "Fri, 18 Aug 2023 20:43:00 GMT",
        "elapsed-time": "23",
        "ETag": "W/\u00220x8DBA02BB5FEE26A\u0022",
        "Expires": "-1",
        "OData-Version": "4.0",
        "Pragma": "no-cache",
        "Preference-Applied": "odata.include-annotations=\u0022*\u0022",
        "request-id": "7f5051f4-b0af-418a-a70d-4af306ac900c",
        "Strict-Transport-Security": "max-age=15724800; includeSubDomains",
        "x-ms-client-request-id": "7f5051f4-b0af-418a-a70d-4af306ac900c"
      },
      "ResponseBody": {
        "@odata.context": "https://azs-java-searchregen.search.windows.net/$metadata#indexes/$entity",
        "@odata.etag": "\u00220x8DBA02BB5FEE26A\u0022",
        "name": "fieldbuilder61928b8eeb1f",
        "defaultScoringProfile": null,
        "fields": [
          {
            "name": "HotelId",
            "type": "Edm.String",
            "searchable": false,
            "filterable": false,
            "retrievable": true,
            "sortable": true,
            "facetable": false,
            "key": true,
            "indexAnalyzer": null,
            "searchAnalyzer": null,
            "analyzer": null,
            "normalizer": null,
            "dimensions": null,
            "vectorSearchConfiguration": null,
            "synonymMaps": []
          },
          {
            "name": "HotelName",
            "type": "Edm.String",
            "searchable": true,
            "filterable": false,
            "retrievable": true,
            "sortable": true,
            "facetable": false,
            "key": false,
            "indexAnalyzer": null,
            "searchAnalyzer": null,
            "analyzer": "en.lucene",
            "normalizer": null,
            "dimensions": null,
            "vectorSearchConfiguration": null,
            "synonymMaps": []
          },
          {
            "name": "Description",
            "type": "Edm.String",
            "searchable": false,
            "filterable": false,
            "retrievable": true,
            "sortable": false,
            "facetable": false,
            "key": false,
            "indexAnalyzer": null,
            "searchAnalyzer": null,
            "analyzer": null,
            "normalizer": null,
            "dimensions": null,
            "vectorSearchConfiguration": null,
            "synonymMaps": []
          },
          {
            "name": "Category",
            "type": "Edm.String",
            "searchable": false,
            "filterable": false,
            "retrievable": true,
            "sortable": false,
            "facetable": false,
            "key": false,
            "indexAnalyzer": null,
            "searchAnalyzer": null,
            "analyzer": null,
            "normalizer": null,
            "dimensions": null,
            "vectorSearchConfiguration": null,
            "synonymMaps": []
          },
          {
            "name": "Tags",
            "type": "Collection(Edm.String)",
            "searchable": true,
            "filterable": false,
            "retrievable": true,
            "sortable": false,
            "facetable": false,
            "key": false,
            "indexAnalyzer": null,
            "searchAnalyzer": null,
            "analyzer": null,
            "normalizer": null,
            "dimensions": null,
            "vectorSearchConfiguration": null,
            "synonymMaps": []
          },
          {
            "name": "ParkingIncluded",
            "type": "Edm.Boolean",
            "searchable": false,
            "filterable": true,
            "retrievable": true,
            "sortable": true,
            "facetable": true,
            "key": false,
            "indexAnalyzer": null,
            "searchAnalyzer": null,
            "analyzer": null,
            "normalizer": null,
            "dimensions": null,
            "vectorSearchConfiguration": null,
            "synonymMaps": []
          },
          {
            "name": "SmokingAllowed",
            "type": "Edm.Boolean",
            "searchable": false,
            "filterable": true,
            "retrievable": true,
            "sortable": true,
            "facetable": true,
            "key": false,
            "indexAnalyzer": null,
            "searchAnalyzer": null,
            "analyzer": null,
            "normalizer": null,
            "dimensions": null,
            "vectorSearchConfiguration": null,
            "synonymMaps": []
          },
          {
            "name": "LastRenovationDate",
            "type": "Edm.DateTimeOffset",
            "searchable": false,
            "filterable": true,
            "retrievable": true,
            "sortable": true,
            "facetable": true,
            "key": false,
            "indexAnalyzer": null,
            "searchAnalyzer": null,
            "analyzer": null,
            "normalizer": null,
            "dimensions": null,
            "vectorSearchConfiguration": null,
            "synonymMaps": []
          },
          {
            "name": "Rating",
            "type": "Edm.Int32",
            "searchable": false,
            "filterable": true,
            "retrievable": true,
            "sortable": true,
            "facetable": true,
            "key": false,
            "indexAnalyzer": null,
            "searchAnalyzer": null,
            "analyzer": null,
            "normalizer": null,
            "dimensions": null,
            "vectorSearchConfiguration": null,
            "synonymMaps": []
          },
          {
            "name": "Location",
            "type": "Edm.GeographyPoint",
            "searchable": false,
            "filterable": true,
            "retrievable": true,
            "sortable": true,
            "facetable": false,
            "key": false,
            "indexAnalyzer": null,
            "searchAnalyzer": null,
            "analyzer": null,
            "normalizer": null,
            "dimensions": null,
            "vectorSearchConfiguration": null,
            "synonymMaps": []
          },
          {
            "name": "Address",
            "type": "Edm.ComplexType",
            "fields": [
              {
                "name": "StreetAddress",
                "type": "Edm.String",
                "searchable": false,
                "filterable": false,
                "retrievable": true,
                "sortable": false,
                "facetable": true,
                "key": false,
                "indexAnalyzer": null,
                "searchAnalyzer": null,
                "analyzer": null,
                "normalizer": null,
                "dimensions": null,
                "vectorSearchConfiguration": null,
                "synonymMaps": []
              },
              {
                "name": "City",
                "type": "Edm.String",
                "searchable": true,
                "filterable": true,
                "retrievable": true,
                "sortable": false,
                "facetable": false,
                "key": false,
                "indexAnalyzer": null,
                "searchAnalyzer": null,
                "analyzer": null,
                "normalizer": null,
                "dimensions": null,
                "vectorSearchConfiguration": null,
                "synonymMaps": []
              },
              {
                "name": "StateProvince",
                "type": "Edm.String",
                "searchable": true,
                "filterable": false,
                "retrievable": true,
                "sortable": false,
                "facetable": false,
                "key": false,
                "indexAnalyzer": null,
                "searchAnalyzer": null,
                "analyzer": null,
                "normalizer": null,
                "dimensions": null,
                "vectorSearchConfiguration": null,
                "synonymMaps": []
              },
              {
                "name": "Country",
                "type": "Edm.String",
                "searchable": true,
                "filterable": false,
                "retrievable": true,
                "sortable": false,
                "facetable": false,
                "key": false,
                "indexAnalyzer": null,
                "searchAnalyzer": null,
                "analyzer": null,
                "normalizer": null,
                "dimensions": null,
                "vectorSearchConfiguration": null,
                "synonymMaps": [
                  "fieldbuilder"
                ]
              },
              {
                "name": "PostalCode",
                "type": "Edm.String",
                "searchable": false,
                "filterable": false,
                "retrievable": true,
                "sortable": false,
                "facetable": false,
                "key": false,
                "indexAnalyzer": null,
                "searchAnalyzer": null,
                "analyzer": null,
                "normalizer": null,
                "dimensions": null,
                "vectorSearchConfiguration": null,
                "synonymMaps": []
              }
            ]
          },
          {
            "name": "Rooms",
            "type": "Collection(Edm.ComplexType)",
            "fields": [
              {
                "name": "Description",
                "type": "Edm.String",
                "searchable": true,
                "filterable": true,
                "retrievable": true,
                "sortable": false,
                "facetable": true,
                "key": false,
                "indexAnalyzer": null,
                "searchAnalyzer": null,
                "analyzer": null,
                "normalizer": null,
                "dimensions": null,
                "vectorSearchConfiguration": null,
                "synonymMaps": []
              },
              {
                "name": "Description_fr",
                "type": "Edm.String",
                "searchable": true,
                "filterable": true,
                "retrievable": true,
                "sortable": false,
                "facetable": true,
                "key": false,
                "indexAnalyzer": null,
                "searchAnalyzer": null,
                "analyzer": null,
                "normalizer": null,
                "dimensions": null,
                "vectorSearchConfiguration": null,
                "synonymMaps": []
              },
              {
                "name": "Type",
                "type": "Edm.String",
                "searchable": true,
                "filterable": true,
                "retrievable": true,
                "sortable": false,
                "facetable": true,
                "key": false,
                "indexAnalyzer": null,
                "searchAnalyzer": null,
                "analyzer": null,
                "normalizer": null,
                "dimensions": null,
                "vectorSearchConfiguration": null,
                "synonymMaps": []
              },
              {
                "name": "BaseRate",
                "type": "Edm.Double",
                "searchable": false,
                "filterable": true,
                "retrievable": true,
                "sortable": false,
                "facetable": true,
                "key": false,
                "indexAnalyzer": null,
                "searchAnalyzer": null,
                "analyzer": null,
                "normalizer": null,
                "dimensions": null,
                "vectorSearchConfiguration": null,
                "synonymMaps": []
              },
              {
                "name": "BedOptions",
                "type": "Edm.String",
                "searchable": true,
                "filterable": true,
                "retrievable": true,
                "sortable": false,
                "facetable": true,
                "key": false,
                "indexAnalyzer": null,
                "searchAnalyzer": null,
                "analyzer": null,
                "normalizer": null,
                "dimensions": null,
                "vectorSearchConfiguration": null,
                "synonymMaps": []
              },
              {
                "name": "SleepsCount",
                "type": "Edm.Int32",
                "searchable": false,
                "filterable": true,
                "retrievable": true,
                "sortable": false,
                "facetable": true,
                "key": false,
                "indexAnalyzer": null,
                "searchAnalyzer": null,
                "analyzer": null,
                "normalizer": null,
                "dimensions": null,
                "vectorSearchConfiguration": null,
                "synonymMaps": []
              },
              {
                "name": "SmokingAllowed",
                "type": "Edm.Boolean",
                "searchable": false,
                "filterable": true,
                "retrievable": true,
                "sortable": false,
                "facetable": true,
                "key": false,
                "indexAnalyzer": null,
                "searchAnalyzer": null,
                "analyzer": null,
                "normalizer": null,
                "dimensions": null,
                "vectorSearchConfiguration": null,
                "synonymMaps": []
              },
              {
                "name": "Tags",
                "type": "Collection(Edm.String)",
                "searchable": true,
                "filterable": true,
                "retrievable": true,
                "sortable": false,
                "facetable": true,
                "key": false,
                "indexAnalyzer": null,
                "searchAnalyzer": null,
                "analyzer": null,
                "normalizer": null,
                "dimensions": null,
                "vectorSearchConfiguration": null,
                "synonymMaps": []
              }
            ]
          }
        ],
        "scoringProfiles": [],
        "corsOptions": null,
        "suggesters": [],
        "analyzers": [],
        "normalizers": [],
        "tokenizers": [],
        "tokenFilters": [],
        "charFilters": [],
        "encryptionKey": null,
        "similarity": {
          "@odata.type": "#Microsoft.Azure.Search.BM25Similarity",
          "k1": null,
          "b": null
        },
        "semantic": null,
        "vectorSearch": null
      }
    },
    {
      "RequestUri": "https://REDACTED/indexes(\u0027fieldbuilder61928b8eeb1f\u0027)?api-version=2023-07-01-Preview",
      "RequestMethod": "DELETE",
      "RequestHeaders": {
        "Accept": "application/json; odata.metadata=minimal",
        "api-key": "REDACTED",
        "Content-Length": "0",
        "Date": "Fri, 18 Aug 2023 20:43:00 GMT",
        "return-client-request-id": "true",
        "User-Agent": "azsdk-java-azure-search-documents/11.6.0-beta.9 (17.0.7; Windows 11; 10.0)",
        "x-ms-client-request-id": "a9847dbb-76f8-44de-afd7-45d9a184d165"
      },
      "RequestBody": null,
      "StatusCode": 204,
      "ResponseHeaders": {
        "Cache-Control": "no-cache",
        "client-request-id": "a9847dbb-76f8-44de-afd7-45d9a184d165",
        "Date": "Fri, 18 Aug 2023 20:43:00 GMT",
        "elapsed-time": "170",
        "Expires": "-1",
        "Pragma": "no-cache",
        "request-id": "a9847dbb-76f8-44de-afd7-45d9a184d165",
        "Strict-Transport-Security": "max-age=15724800; includeSubDomains",
        "x-ms-client-request-id": "a9847dbb-76f8-44de-afd7-45d9a184d165"
      },
      "ResponseBody": null
    },
    {
      "RequestUri": "https://REDACTED/synonymmaps(\u0027fieldbuilder\u0027)?api-version=2023-07-01-Preview",
      "RequestMethod": "DELETE",
      "RequestHeaders": {
        "Accept": "application/json; odata.metadata=minimal",
        "api-key": "REDACTED",
        "Content-Length": "0",
        "Date": "Fri, 18 Aug 2023 20:43:00 GMT",
        "return-client-request-id": "true",
        "User-Agent": "azsdk-java-azure-search-documents/11.6.0-beta.9 (17.0.7; Windows 11; 10.0)",
        "x-ms-client-request-id": "8862750b-652a-43a0-a960-e0e91d1eb894"
      },
      "RequestBody": null,
      "StatusCode": 204,
      "ResponseHeaders": {
        "Cache-Control": "no-cache",
        "client-request-id": "8862750b-652a-43a0-a960-e0e91d1eb894",
        "Date": "Fri, 18 Aug 2023 20:43:00 GMT",
        "elapsed-time": "25",
        "Expires": "-1",
        "Pragma": "no-cache",
        "request-id": "8862750b-652a-43a0-a960-e0e91d1eb894",
        "Strict-Transport-Security": "max-age=15724800; includeSubDomains",
        "x-ms-client-request-id": "8862750b-652a-43a0-a960-e0e91d1eb894"
      },
      "ResponseBody": null
    }
  ],
  "Variables": {
    "0": "fieldbuilder61928b8eeb1f"
  }
}
