{
  "Entries": [
    {
      "RequestUri": "https://REDACTED/indexers?api-version=2023-10-01-preview",
      "RequestMethod": "POST",
      "RequestHeaders": {
        "Accept": "application/json; odata.metadata=minimal",
        "api-key": "REDACTED",
        "Content-Length": "151",
        "Content-Type": "application/json",
        "Date": "Fri, 08 Dec 2023 16:29:32 GMT",
        "return-client-request-id": "true",
        "User-Agent": "azsdk-java-azure-search-documents/11.7.0-beta.1 (17.0.8.1; Windows 11; 10.0)",
        "x-ms-client-request-id": "2e0fdd92-9150-4647-ab28-b1f03ca85460"
      },
      "RequestBody": {
        "name": "indexer75411183539b4b0",
        "dataSourceName": "shared-azs-java-live-blob",
        "targetIndexName": "sharedindexforindexers",
        "schedule": {
          "interval": "P1D"
        }
      },
      "StatusCode": 201,
      "ResponseHeaders": {
        "client-request-id": "2e0fdd92-9150-4647-ab28-b1f03ca85460",
        "Content-Type": "application/json; odata.metadata=minimal; odata.streaming=true; charset=utf-8",
        "Date": "Fri, 08 Dec 2023 16:29:32 GMT",
        "elapsed-time": "319",
        "ETag": "\u00220x8DBF80ADBDBA2FD\u0022",
        "Location": "https://azs-java-t5ce5274b0647cb99.search.windows.net/indexers(\u0027indexer75411183539b4b0\u0027)?api-version=2023-10-01-preview",
        "OData-Version": "4.0",
        "Preference-Applied": "odata.include-annotations=\u0022*\u0022",
        "request-id": "2e0fdd92-9150-4647-ab28-b1f03ca85460",
        "Server": "Microsoft-IIS/10.0",
        "Strict-Transport-Security": [
          "max-age=2592000",
          "max-age=15724800; includeSubDomains"
        ],
        "Transfer-Encoding": "chunked",
        "x-ms-client-request-id": "2e0fdd92-9150-4647-ab28-b1f03ca85460"
      },
      "ResponseBody": {
        "@odata.context": "https://azs-java-t5ce5274b0647cb99.search.windows.net/$metadata#indexers/$entity",
        "@odata.etag": "\u00220x8DBF80ADBDBA2FD\u0022",
        "name": "indexer75411183539b4b0",
        "description": null,
        "dataSourceName": "shared-azs-java-live-blob",
        "skillsetName": null,
        "targetIndexName": "sharedindexforindexers",
        "disabled": null,
        "schedule": {
          "interval": "P1D",
          "startTime": "2023-12-08T16:29:32.292265Z"
        },
        "parameters": null,
        "fieldMappings": [],
        "outputFieldMappings": [],
        "cache": null,
        "encryptionKey": null
      }
    },
    {
      "RequestUri": "https://REDACTED/indexers(\u0027indexer75411183539b4b0\u0027)?api-version=2023-10-01-preview",
      "RequestMethod": "DELETE",
      "RequestHeaders": {
        "Accept": "application/json; odata.metadata=minimal",
        "api-key": "REDACTED",
        "Content-Length": "0",
        "Date": "Fri, 08 Dec 2023 16:29:32 GMT",
        "return-client-request-id": "true",
        "User-Agent": "azsdk-java-azure-search-documents/11.7.0-beta.1 (17.0.8.1; Windows 11; 10.0)",
        "x-ms-client-request-id": "9636bfa8-2530-4c30-83e0-e88b75749ce5"
      },
      "RequestBody": null,
      "StatusCode": 204,
      "ResponseHeaders": {
        "client-request-id": "9636bfa8-2530-4c30-83e0-e88b75749ce5",
        "Date": "Fri, 08 Dec 2023 16:29:32 GMT",
        "elapsed-time": "39",
        "Preference-Applied": "odata.include-annotations=\u0022*\u0022",
        "request-id": "9636bfa8-2530-4c30-83e0-e88b75749ce5",
        "Server": "Microsoft-IIS/10.0",
        "Strict-Transport-Security": [
          "max-age=2592000",
          "max-age=15724800; includeSubDomains"
        ],
        "x-ms-client-request-id": "9636bfa8-2530-4c30-83e0-e88b75749ce5"
      },
      "ResponseBody": null
    },
    {
      "RequestUri": "https://REDACTED/indexers(\u0027indexer75411183539b4b0\u0027)?api-version=2023-10-01-preview",
      "RequestMethod": "GET",
      "RequestHeaders": {
        "Accept": "application/json; odata.metadata=minimal",
        "api-key": "REDACTED",
        "Content-Length": "0",
        "Date": "Fri, 08 Dec 2023 16:29:32 GMT",
        "return-client-request-id": "true",
        "User-Agent": "azsdk-java-azure-search-documents/11.7.0-beta.1 (17.0.8.1; Windows 11; 10.0)",
        "x-ms-client-request-id": "dcdd978e-f38c-45e1-a228-37b680e061ee"
      },
      "RequestBody": null,
      "StatusCode": 404,
      "ResponseHeaders": {
        "Cache-Control": "no-store, no-cache",
        "client-request-id": "dcdd978e-f38c-45e1-a228-37b680e061ee",
        "Content-Language": "en",
        "Content-Length": "121",
        "Content-Type": "application/json; charset=utf-8",
        "Date": "Fri, 08 Dec 2023 16:29:32 GMT",
        "elapsed-time": "14",
        "Expires": "-1",
        "Pragma": "no-cache",
        "request-id": "dcdd978e-f38c-45e1-a228-37b680e061ee",
        "Server": "Microsoft-IIS/10.0",
        "Strict-Transport-Security": "max-age=15724800; includeSubDomains",
        "x-ms-client-request-id": "dcdd978e-f38c-45e1-a228-37b680e061ee"
      },
      "ResponseBody": {
        "error": {
          "code": "",
          "message": "Indexer \u0027indexer75411183539b4b0\u0027 was not found in service \u0027azs-java-t5ce5274b0647cb99\u0027."
        }
      }
    }
  ],
  "Variables": {
    "0": "indexer75411183539b4b0"
  }
}
