{
  "Entries": [
    {
      "RequestUri": "https://REDACTED/indexes?api-version=2023-07-01-Preview",
      "RequestMethod": "POST",
      "RequestHeaders": {
        "Accept": "application/json; odata.metadata=minimal",
        "api-key": "REDACTED",
        "Content-Length": "291",
        "Content-Type": "application/json",
        "Date": "Thu, 03 Aug 2023 00:17:02 GMT",
        "return-client-request-id": "true",
        "User-Agent": "azsdk-java-azure-search-documents/11.6.0-beta.8 (11.0.20; Windows 11; 10.0)",
        "x-ms-client-request-id": "9e6e21dc-223d-458a-875d-2e972e3c72fe"
      },
      "RequestBody": {
        "name": "indexforindexers579069c1fc",
        "fields": [
          {
            "name": "county_name",
            "type": "Edm.String",
            "searchable": false,
            "filterable": true
          },
          {
            "name": "state",
            "type": "Edm.String",
            "searchable": true,
            "filterable": true
          },
          {
            "name": "feature_id",
            "type": "Edm.String",
            "key": true,
            "searchable": true,
            "filterable": false
          }
        ]
      },
      "StatusCode": 201,
      "ResponseHeaders": {
        "Cache-Control": "no-cache",
        "client-request-id": "9e6e21dc-223d-458a-875d-2e972e3c72fe",
        "Content-Length": "1357",
        "Content-Type": "application/json; odata.metadata=minimal",
        "Date": "Thu, 03 Aug 2023 00:17:03 GMT",
        "elapsed-time": "1415",
        "ETag": "W/\u00220x8DB93B6F6FFC86C\u0022",
        "Expires": "-1",
        "Location": "https://azs-java-tb9a3e882b9658d50.search.windows.net/indexes(\u0027indexforindexers579069c1fc\u0027)?api-version=2023-07-01-Preview",
        "OData-Version": "4.0",
        "Pragma": "no-cache",
        "Preference-Applied": "odata.include-annotations=\u0022*\u0022",
        "request-id": "9e6e21dc-223d-458a-875d-2e972e3c72fe",
        "Strict-Transport-Security": "max-age=15724800; includeSubDomains",
        "x-ms-client-request-id": "9e6e21dc-223d-458a-875d-2e972e3c72fe"
      },
      "ResponseBody": {
        "@odata.context": "https://azs-java-tb9a3e882b9658d50.search.windows.net/$metadata#indexes/$entity",
        "@odata.etag": "\u00220x8DB93B6F6FFC86C\u0022",
        "name": "indexforindexers579069c1fc",
        "defaultScoringProfile": null,
        "fields": [
          {
            "name": "county_name",
            "type": "Edm.String",
            "searchable": false,
            "filterable": true,
            "retrievable": true,
            "sortable": true,
            "facetable": true,
            "key": false,
            "indexAnalyzer": null,
            "searchAnalyzer": null,
            "analyzer": null,
            "normalizer": null,
            "dimensions": null,
            "vectorSearchConfiguration": null,
            "synonymMaps": []
          },
          {
            "name": "state",
            "type": "Edm.String",
            "searchable": true,
            "filterable": true,
            "retrievable": true,
            "sortable": true,
            "facetable": true,
            "key": false,
            "indexAnalyzer": null,
            "searchAnalyzer": null,
            "analyzer": null,
            "normalizer": null,
            "dimensions": null,
            "vectorSearchConfiguration": null,
            "synonymMaps": []
          },
          {
            "name": "feature_id",
            "type": "Edm.String",
            "searchable": true,
            "filterable": false,
            "retrievable": true,
            "sortable": true,
            "facetable": true,
            "key": true,
            "indexAnalyzer": null,
            "searchAnalyzer": null,
            "analyzer": null,
            "normalizer": null,
            "dimensions": null,
            "vectorSearchConfiguration": null,
            "synonymMaps": []
          }
        ],
        "scoringProfiles": [],
        "corsOptions": null,
        "suggesters": [],
        "analyzers": [],
        "normalizers": [],
        "tokenizers": [],
        "tokenFilters": [],
        "charFilters": [],
        "encryptionKey": null,
        "similarity": {
          "@odata.type": "#Microsoft.Azure.Search.BM25Similarity",
          "k1": null,
          "b": null
        },
        "semantic": null,
        "vectorSearch": null
      }
    },
    {
      "RequestUri": "https://REDACTED/datasources(\u0027azs-java-live-blob35189d79e\u0027)?api-version=2023-07-01-Preview",
      "RequestMethod": "PUT",
      "RequestHeaders": {
        "Accept": "application/json; odata.metadata=minimal",
        "api-key": "REDACTED",
        "Content-Length": "368",
        "Content-Type": "application/json",
        "Date": "Thu, 03 Aug 2023 00:17:04 GMT",
        "Prefer": "return=representation",
        "return-client-request-id": "true",
        "User-Agent": "azsdk-java-azure-search-documents/11.6.0-beta.8 (11.0.20; Windows 11; 10.0)",
        "x-ms-client-request-id": "19cc2d6a-8bd5-4d5f-847b-721affbd48b8"
      },
      "RequestBody": {
        "name": "azs-java-live-blob35189d79e",
        "description": "real live blob",
        "type": "azureblob",
        "credentials": {
          "connectionString": "REDACTED"
        },
        "container": {
          "name": "searchcontainer",
          "query": "/"
        },
        "dataDeletionDetectionPolicy": {
          "@odata.type": "#Microsoft.Azure.Search.SoftDeleteColumnDeletionDetectionPolicy",
          "softDeleteColumnName": "fieldName",
          "softDeleteMarkerValue": "someValue"
        }
      },
      "StatusCode": 201,
      "ResponseHeaders": {
        "Cache-Control": "no-cache",
        "client-request-id": "19cc2d6a-8bd5-4d5f-847b-721affbd48b8",
        "Content-Length": "588",
        "Content-Type": "application/json; odata.metadata=minimal",
        "Date": "Thu, 03 Aug 2023 00:17:03 GMT",
        "elapsed-time": "42",
        "ETag": "W/\u00220x8DB93B6F712FF7E\u0022",
        "Expires": "-1",
        "Location": "https://azs-java-tb9a3e882b9658d50.search.windows.net/datasources(\u0027azs-java-live-blob35189d79e\u0027)?api-version=2023-07-01-Preview",
        "OData-Version": "4.0",
        "Pragma": "no-cache",
        "Preference-Applied": "odata.include-annotations=\u0022*\u0022",
        "request-id": "19cc2d6a-8bd5-4d5f-847b-721affbd48b8",
        "Strict-Transport-Security": "max-age=15724800; includeSubDomains",
        "x-ms-client-request-id": "19cc2d6a-8bd5-4d5f-847b-721affbd48b8"
      },
      "ResponseBody": {
        "@odata.context": "https://azs-java-tb9a3e882b9658d50.search.windows.net/$metadata#datasources/$entity",
        "@odata.etag": "\u00220x8DB93B6F712FF7E\u0022",
        "name": "azs-java-live-blob35189d79e",
        "description": "real live blob",
        "type": "azureblob",
        "subtype": null,
        "credentials": {
          "connectionString": null
        },
        "container": {
          "name": "searchcontainer",
          "query": "/"
        },
        "dataChangeDetectionPolicy": null,
        "dataDeletionDetectionPolicy": {
          "@odata.type": "#Microsoft.Azure.Search.SoftDeleteColumnDeletionDetectionPolicy",
          "softDeleteColumnName": "fieldName",
          "softDeleteMarkerValue": "someValue"
        },
        "encryptionKey": null,
        "identity": null
      }
    },
    {
      "RequestUri": "https://REDACTED/indexers?api-version=2023-07-01-Preview",
      "RequestMethod": "POST",
      "RequestHeaders": {
        "Accept": "application/json; odata.metadata=minimal",
        "api-key": "REDACTED",
        "Content-Length": "253",
        "Content-Type": "application/json",
        "Date": "Thu, 03 Aug 2023 00:17:04 GMT",
        "return-client-request-id": "true",
        "User-Agent": "azsdk-java-azure-search-documents/11.6.0-beta.8 (11.0.20; Windows 11; 10.0)",
        "x-ms-client-request-id": "87b6e29d-f2e2-49ae-90ae-767c08a9f0ce"
      },
      "RequestBody": {
        "name": "indexer71789f81ab94f67",
        "dataSourceName": "azs-java-live-blob35189d79e",
        "targetIndexName": "indexforindexers579069c1fc",
        "schedule": {
          "interval": "PT24H"
        },
        "parameters": {
          "batchSize": 50,
          "maxFailedItems": 10,
          "maxFailedItemsPerBatch": 10
        },
        "disabled": true
      },
      "StatusCode": 201,
      "ResponseHeaders": {
        "Cache-Control": "no-cache",
        "client-request-id": "87b6e29d-f2e2-49ae-90ae-767c08a9f0ce",
        "Content-Length": "592",
        "Content-Type": "application/json; odata.metadata=minimal",
        "Date": "Thu, 03 Aug 2023 00:17:03 GMT",
        "elapsed-time": "62",
        "ETag": "W/\u00220x8DB93B6F720B925\u0022",
        "Expires": "-1",
        "Location": "https://azs-java-tb9a3e882b9658d50.search.windows.net/indexers(\u0027indexer71789f81ab94f67\u0027)?api-version=2023-07-01-Preview",
        "OData-Version": "4.0",
        "Pragma": "no-cache",
        "Preference-Applied": "odata.include-annotations=\u0022*\u0022",
        "request-id": "87b6e29d-f2e2-49ae-90ae-767c08a9f0ce",
        "Strict-Transport-Security": "max-age=15724800; includeSubDomains",
        "x-ms-client-request-id": "87b6e29d-f2e2-49ae-90ae-767c08a9f0ce"
      },
      "ResponseBody": {
        "@odata.context": "https://azs-java-tb9a3e882b9658d50.search.windows.net/$metadata#indexers/$entity",
        "@odata.etag": "\u00220x8DB93B6F720B925\u0022",
        "name": "indexer71789f81ab94f67",
        "description": null,
        "dataSourceName": "azs-java-live-blob35189d79e",
        "skillsetName": null,
        "targetIndexName": "indexforindexers579069c1fc",
        "disabled": true,
        "schedule": {
          "interval": "P1D",
          "startTime": "2023-08-03T00:17:04.1988384Z"
        },
        "parameters": {
          "batchSize": 50,
          "maxFailedItems": 10,
          "maxFailedItemsPerBatch": 10,
          "base64EncodeKeys": null,
          "configuration": {}
        },
        "fieldMappings": [],
        "outputFieldMappings": [],
        "cache": null,
        "encryptionKey": null
      }
    },
    {
      "RequestUri": "https://REDACTED/datasources(\u0027azs-java-live-blob35189d79e\u0027)?api-version=2023-07-01-Preview",
      "RequestMethod": "DELETE",
      "RequestHeaders": {
        "Accept": "application/json; odata.metadata=minimal",
        "api-key": "REDACTED",
        "Content-Length": "0",
        "Date": "Thu, 03 Aug 2023 00:17:04 GMT",
        "return-client-request-id": "true",
        "User-Agent": "azsdk-java-azure-search-documents/11.6.0-beta.8 (11.0.20; Windows 11; 10.0)",
        "x-ms-client-request-id": "87524cea-9851-4288-b3a0-cd2773830003"
      },
      "RequestBody": null,
      "StatusCode": 204,
      "ResponseHeaders": {
        "Cache-Control": "no-cache",
        "client-request-id": "87524cea-9851-4288-b3a0-cd2773830003",
        "Date": "Thu, 03 Aug 2023 00:17:03 GMT",
        "elapsed-time": "27",
        "Expires": "-1",
        "Pragma": "no-cache",
        "request-id": "87524cea-9851-4288-b3a0-cd2773830003",
        "Strict-Transport-Security": "max-age=15724800; includeSubDomains",
        "x-ms-client-request-id": "87524cea-9851-4288-b3a0-cd2773830003"
      },
      "ResponseBody": null
    },
    {
      "RequestUri": "https://REDACTED/indexers(\u0027indexer71789f81ab94f67\u0027)?api-version=2023-07-01-Preview",
      "RequestMethod": "DELETE",
      "RequestHeaders": {
        "Accept": "application/json; odata.metadata=minimal",
        "api-key": "REDACTED",
        "Content-Length": "0",
        "Date": "Thu, 03 Aug 2023 00:17:04 GMT",
        "return-client-request-id": "true",
        "User-Agent": "azsdk-java-azure-search-documents/11.6.0-beta.8 (11.0.20; Windows 11; 10.0)",
        "x-ms-client-request-id": "b9e81178-7a06-4541-aea2-2a709e9c753a"
      },
      "RequestBody": null,
      "StatusCode": 204,
      "ResponseHeaders": {
        "Cache-Control": "no-cache",
        "client-request-id": "b9e81178-7a06-4541-aea2-2a709e9c753a",
        "Date": "Thu, 03 Aug 2023 00:17:04 GMT",
        "elapsed-time": "142",
        "Expires": "-1",
        "Pragma": "no-cache",
        "request-id": "b9e81178-7a06-4541-aea2-2a709e9c753a",
        "Strict-Transport-Security": "max-age=15724800; includeSubDomains",
        "x-ms-client-request-id": "b9e81178-7a06-4541-aea2-2a709e9c753a"
      },
      "ResponseBody": null
    },
    {
      "RequestUri": "https://REDACTED/indexes(\u0027indexforindexers579069c1fc\u0027)?api-version=2023-07-01-Preview",
      "RequestMethod": "DELETE",
      "RequestHeaders": {
        "Accept": "application/json; odata.metadata=minimal",
        "api-key": "REDACTED",
        "Content-Length": "0",
        "Date": "Thu, 03 Aug 2023 00:17:04 GMT",
        "return-client-request-id": "true",
        "User-Agent": "azsdk-java-azure-search-documents/11.6.0-beta.8 (11.0.20; Windows 11; 10.0)",
        "x-ms-client-request-id": "30e5a38d-8c17-4638-82fe-106dd5f4a955"
      },
      "RequestBody": null,
      "StatusCode": 204,
      "ResponseHeaders": {
        "Cache-Control": "no-cache",
        "client-request-id": "30e5a38d-8c17-4638-82fe-106dd5f4a955",
        "Date": "Thu, 03 Aug 2023 00:17:04 GMT",
        "elapsed-time": "217",
        "Expires": "-1",
        "Pragma": "no-cache",
        "request-id": "30e5a38d-8c17-4638-82fe-106dd5f4a955",
        "Strict-Transport-Security": "max-age=15724800; includeSubDomains",
        "x-ms-client-request-id": "30e5a38d-8c17-4638-82fe-106dd5f4a955"
      },
      "ResponseBody": null
    }
  ],
  "Variables": {
    "0": "indexforindexers579069c1fc",
    "1": "azs-java-live-blob35189d79e",
    "2": "indexer71789f81ab94f67"
  }
}
