{
  "Entries": [
    {
      "RequestUri": "https://REDACTED/indexes?api-version=2023-11-01",
      "RequestMethod": "POST",
      "RequestHeaders": {
        "Accept": "application/json; odata.metadata=minimal",
        "api-key": "REDACTED",
        "Content-Length": "291",
        "Content-Type": "application/json",
        "Date": "Mon, 16 Oct 2023 15:56:22 GMT",
        "return-client-request-id": "true",
        "User-Agent": "azsdk-java-azure-search-documents/11.6.0-beta.10 (17.0.8.1; Windows 11; 10.0)",
        "x-ms-client-request-id": "7299818f-5cb4-4404-a87c-906dbba9a777"
      },
      "RequestBody": {
        "name": "indexforindexers85986b2c68",
        "fields": [
          {
            "name": "county_name",
            "type": "Edm.String",
            "searchable": false,
            "filterable": true
          },
          {
            "name": "state",
            "type": "Edm.String",
            "searchable": true,
            "filterable": true
          },
          {
            "name": "feature_id",
            "type": "Edm.String",
            "key": true,
            "searchable": true,
            "filterable": false
          }
        ]
      },
      "StatusCode": 201,
      "ResponseHeaders": {
        "client-request-id": "7299818f-5cb4-4404-a87c-906dbba9a777",
        "Content-Type": "application/json; odata.metadata=minimal; odata.streaming=true; charset=utf-8",
        "Date": "Mon, 16 Oct 2023 15:56:21 GMT",
        "elapsed-time": "641",
        "ETag": "\u00220x8DBCE6071FEE8C1\u0022",
        "Location": "https://azs-java-tf2556be9bee34b73.search.windows.net/indexes(\u0027indexforindexers85986b2c68\u0027)?api-version=2023-11-01",
        "OData-Version": "4.0",
        "Preference-Applied": "odata.include-annotations=\u0022*\u0022",
        "request-id": "7299818f-5cb4-4404-a87c-906dbba9a777",
        "Server": "Microsoft-IIS/10.0",
        "Strict-Transport-Security": [
          "max-age=2592000",
          "max-age=15724800; includeSubDomains"
        ],
        "Transfer-Encoding": "chunked",
        "x-ms-client-request-id": "7299818f-5cb4-4404-a87c-906dbba9a777"
      },
      "ResponseBody": {
        "@odata.context": "https://azs-java-tf2556be9bee34b73.search.windows.net/$metadata#indexes/$entity",
        "@odata.etag": "\u00220x8DBCE6071FEE8C1\u0022",
        "name": "indexforindexers85986b2c68",
        "defaultScoringProfile": null,
        "fields": [
          {
            "name": "county_name",
            "type": "Edm.String",
            "searchable": false,
            "filterable": true,
            "retrievable": true,
            "sortable": true,
            "facetable": true,
            "key": false,
            "indexAnalyzer": null,
            "searchAnalyzer": null,
            "analyzer": null,
            "dimensions": null,
            "vectorSearchProfile": null,
            "synonymMaps": []
          },
          {
            "name": "state",
            "type": "Edm.String",
            "searchable": true,
            "filterable": true,
            "retrievable": true,
            "sortable": true,
            "facetable": true,
            "key": false,
            "indexAnalyzer": null,
            "searchAnalyzer": null,
            "analyzer": null,
            "dimensions": null,
            "vectorSearchProfile": null,
            "synonymMaps": []
          },
          {
            "name": "feature_id",
            "type": "Edm.String",
            "searchable": true,
            "filterable": false,
            "retrievable": true,
            "sortable": true,
            "facetable": true,
            "key": true,
            "indexAnalyzer": null,
            "searchAnalyzer": null,
            "analyzer": null,
            "dimensions": null,
            "vectorSearchProfile": null,
            "synonymMaps": []
          }
        ],
        "scoringProfiles": [],
        "corsOptions": null,
        "suggesters": [],
        "analyzers": [],
        "tokenizers": [],
        "tokenFilters": [],
        "charFilters": [],
        "encryptionKey": null,
        "similarity": {
          "@odata.type": "#Microsoft.Azure.Search.BM25Similarity",
          "k1": null,
          "b": null
        },
        "vectorSearch": null
      }
    },
    {
      "RequestUri": "https://REDACTED/datasources(\u0027azs-java-live-blob70263b781\u0027)?api-version=2023-11-01",
      "RequestMethod": "PUT",
      "RequestHeaders": {
        "Accept": "application/json; odata.metadata=minimal",
        "api-key": "REDACTED",
        "Content-Length": "368",
        "Content-Type": "application/json",
        "Date": "Mon, 16 Oct 2023 15:56:22 GMT",
        "Prefer": "return=representation",
        "return-client-request-id": "true",
        "User-Agent": "azsdk-java-azure-search-documents/11.6.0-beta.10 (17.0.8.1; Windows 11; 10.0)",
        "x-ms-client-request-id": "f271e783-a74c-462f-9e66-bed83ef198d6"
      },
      "RequestBody": {
        "name": "azs-java-live-blob70263b781",
        "description": "real live blob",
        "type": "azureblob",
        "credentials": {
          "connectionString": "REDACTED"
        },
        "container": {
          "name": "searchcontainer",
          "query": "/"
        },
        "dataDeletionDetectionPolicy": {
          "@odata.type": "#Microsoft.Azure.Search.SoftDeleteColumnDeletionDetectionPolicy",
          "softDeleteColumnName": "fieldName",
          "softDeleteMarkerValue": "someValue"
        }
      },
      "StatusCode": 201,
      "ResponseHeaders": {
        "client-request-id": "f271e783-a74c-462f-9e66-bed83ef198d6",
        "Content-Type": "application/json; odata.metadata=minimal; odata.streaming=true; charset=utf-8",
        "Date": "Mon, 16 Oct 2023 15:56:22 GMT",
        "elapsed-time": "52",
        "ETag": "\u00220x8DBCE60720E29B5\u0022",
        "Location": "https://azs-java-tf2556be9bee34b73.search.windows.net/datasources(\u0027azs-java-live-blob70263b781\u0027)?api-version=2023-11-01",
        "OData-Version": "4.0",
        "Preference-Applied": "odata.include-annotations=\u0022*\u0022",
        "request-id": "f271e783-a74c-462f-9e66-bed83ef198d6",
        "Server": "Microsoft-IIS/10.0",
        "Strict-Transport-Security": [
          "max-age=2592000",
          "max-age=15724800; includeSubDomains"
        ],
        "Transfer-Encoding": "chunked",
        "x-ms-client-request-id": "f271e783-a74c-462f-9e66-bed83ef198d6"
      },
      "ResponseBody": {
        "@odata.context": "https://azs-java-tf2556be9bee34b73.search.windows.net/$metadata#datasources/$entity",
        "@odata.etag": "\u00220x8DBCE60720E29B5\u0022",
        "name": "azs-java-live-blob70263b781",
        "description": "real live blob",
        "type": "azureblob",
        "subtype": null,
        "credentials": {
          "connectionString": null
        },
        "container": {
          "name": "searchcontainer",
          "query": "/"
        },
        "dataChangeDetectionPolicy": null,
        "dataDeletionDetectionPolicy": {
          "@odata.type": "#Microsoft.Azure.Search.SoftDeleteColumnDeletionDetectionPolicy",
          "softDeleteColumnName": "fieldName",
          "softDeleteMarkerValue": "someValue"
        },
        "encryptionKey": null
      }
    },
    {
      "RequestUri": "https://REDACTED/indexers(\u0027indexer8728842c78e4028\u0027)?api-version=2023-11-01",
      "RequestMethod": "PUT",
      "RequestHeaders": {
        "Accept": "application/json; odata.metadata=minimal",
        "api-key": "REDACTED",
        "Content-Length": "159",
        "Content-Type": "application/json",
        "Date": "Mon, 16 Oct 2023 15:56:22 GMT",
        "Prefer": "return=representation",
        "return-client-request-id": "true",
        "User-Agent": "azsdk-java-azure-search-documents/11.6.0-beta.10 (17.0.8.1; Windows 11; 10.0)",
        "x-ms-client-request-id": "4c070a12-22f1-4d27-b921-72b63da51916"
      },
      "RequestBody": {
        "name": "indexer8728842c78e4028",
        "dataSourceName": "azs-java-live-blob70263b781",
        "targetIndexName": "indexforindexers85986b2c68",
        "schedule": {
          "interval": "PT24H"
        }
      },
      "StatusCode": 201,
      "ResponseHeaders": {
        "client-request-id": "4c070a12-22f1-4d27-b921-72b63da51916",
        "Content-Type": "application/json; odata.metadata=minimal; odata.streaming=true; charset=utf-8",
        "Date": "Mon, 16 Oct 2023 15:56:22 GMT",
        "elapsed-time": "297",
        "ETag": "\u00220x8DBCE6072302DC9\u0022",
        "Location": "https://azs-java-tf2556be9bee34b73.search.windows.net/indexers(\u0027indexer8728842c78e4028\u0027)?api-version=2023-11-01",
        "OData-Version": "4.0",
        "Preference-Applied": "odata.include-annotations=\u0022*\u0022",
        "request-id": "4c070a12-22f1-4d27-b921-72b63da51916",
        "Server": "Microsoft-IIS/10.0",
        "Strict-Transport-Security": [
          "max-age=2592000",
          "max-age=15724800; includeSubDomains"
        ],
        "Transfer-Encoding": "chunked",
        "x-ms-client-request-id": "4c070a12-22f1-4d27-b921-72b63da51916"
      },
      "ResponseBody": {
        "@odata.context": "https://azs-java-tf2556be9bee34b73.search.windows.net/$metadata#indexers/$entity",
        "@odata.etag": "\u00220x8DBCE6072302DC9\u0022",
        "name": "indexer8728842c78e4028",
        "description": null,
        "dataSourceName": "azs-java-live-blob70263b781",
        "skillsetName": null,
        "targetIndexName": "indexforindexers85986b2c68",
        "disabled": null,
        "schedule": {
          "interval": "P1D",
          "startTime": "2023-10-16T15:56:22.9436386Z"
        },
        "parameters": null,
        "fieldMappings": [],
        "outputFieldMappings": [],
        "encryptionKey": null
      }
    },
    {
      "RequestUri": "https://REDACTED/indexers(\u0027indexer8728842c78e4028\u0027)?api-version=2023-11-01",
      "RequestMethod": "DELETE",
      "RequestHeaders": {
        "Accept": "application/json; odata.metadata=minimal",
        "api-key": "REDACTED",
        "Content-Length": "0",
        "Date": "Mon, 16 Oct 2023 15:56:23 GMT",
        "If-Match": "\u00220x8DBCE6072302DC9\u0022",
        "return-client-request-id": "true",
        "User-Agent": "azsdk-java-azure-search-documents/11.6.0-beta.10 (17.0.8.1; Windows 11; 10.0)",
        "x-ms-client-request-id": "956779ec-ddde-4d52-9767-c7f434311ec3"
      },
      "RequestBody": null,
      "StatusCode": 204,
      "ResponseHeaders": {
        "client-request-id": "956779ec-ddde-4d52-9767-c7f434311ec3",
        "Date": "Mon, 16 Oct 2023 15:56:22 GMT",
        "elapsed-time": "65",
        "Preference-Applied": "odata.include-annotations=\u0022*\u0022",
        "request-id": "956779ec-ddde-4d52-9767-c7f434311ec3",
        "Server": "Microsoft-IIS/10.0",
        "Strict-Transport-Security": [
          "max-age=2592000",
          "max-age=15724800; includeSubDomains"
        ],
        "x-ms-client-request-id": "956779ec-ddde-4d52-9767-c7f434311ec3"
      },
      "ResponseBody": null
    },
    {
      "RequestUri": "https://REDACTED/indexers(\u0027indexer8728842c78e4028\u0027)?api-version=2023-11-01",
      "RequestMethod": "DELETE",
      "RequestHeaders": {
        "Accept": "application/json; odata.metadata=minimal",
        "api-key": "REDACTED",
        "Content-Length": "0",
        "Date": "Mon, 16 Oct 2023 15:56:23 GMT",
        "If-Match": "\u00220x8DBCE6072302DC9\u0022",
        "return-client-request-id": "true",
        "User-Agent": "azsdk-java-azure-search-documents/11.6.0-beta.10 (17.0.8.1; Windows 11; 10.0)",
        "x-ms-client-request-id": "00fab8a4-46a4-4a75-a997-a794e4a1e4cf"
      },
      "RequestBody": null,
      "StatusCode": 412,
      "ResponseHeaders": {
        "Cache-Control": "no-store, no-cache",
        "client-request-id": "00fab8a4-46a4-4a75-a997-a794e4a1e4cf",
        "Content-Language": "en",
        "Content-Length": "160",
        "Content-Type": "application/json; charset=utf-8",
        "Date": "Mon, 16 Oct 2023 15:56:22 GMT",
        "elapsed-time": "10",
        "Expires": "-1",
        "Pragma": "no-cache",
        "request-id": "00fab8a4-46a4-4a75-a997-a794e4a1e4cf",
        "Server": "Microsoft-IIS/10.0",
        "Strict-Transport-Security": "max-age=15724800; includeSubDomains",
        "x-ms-client-request-id": "00fab8a4-46a4-4a75-a997-a794e4a1e4cf"
      },
      "ResponseBody": {
        "error": {
          "code": "",
          "message": "The precondition given in one of the request headers evaluated to false. No change was made to the resource from this request."
        }
      }
    },
    {
      "RequestUri": "https://REDACTED/datasources(\u0027azs-java-live-blob70263b781\u0027)?api-version=2023-11-01",
      "RequestMethod": "DELETE",
      "RequestHeaders": {
        "Accept": "application/json; odata.metadata=minimal",
        "api-key": "REDACTED",
        "Content-Length": "0",
        "Date": "Mon, 16 Oct 2023 15:56:23 GMT",
        "return-client-request-id": "true",
        "User-Agent": "azsdk-java-azure-search-documents/11.6.0-beta.10 (17.0.8.1; Windows 11; 10.0)",
        "x-ms-client-request-id": "e76e9789-3fa5-4e35-b9bc-9ac7a4e1323f"
      },
      "RequestBody": null,
      "StatusCode": 204,
      "ResponseHeaders": {
        "client-request-id": "e76e9789-3fa5-4e35-b9bc-9ac7a4e1323f",
        "Date": "Mon, 16 Oct 2023 15:56:22 GMT",
        "elapsed-time": "33",
        "Preference-Applied": "odata.include-annotations=\u0022*\u0022",
        "request-id": "e76e9789-3fa5-4e35-b9bc-9ac7a4e1323f",
        "Server": "Microsoft-IIS/10.0",
        "Strict-Transport-Security": [
          "max-age=2592000",
          "max-age=15724800; includeSubDomains"
        ],
        "x-ms-client-request-id": "e76e9789-3fa5-4e35-b9bc-9ac7a4e1323f"
      },
      "ResponseBody": null
    },
    {
      "RequestUri": "https://REDACTED/indexes(\u0027indexforindexers85986b2c68\u0027)?api-version=2023-11-01",
      "RequestMethod": "DELETE",
      "RequestHeaders": {
        "Accept": "application/json; odata.metadata=minimal",
        "api-key": "REDACTED",
        "Content-Length": "0",
        "Date": "Mon, 16 Oct 2023 15:56:23 GMT",
        "return-client-request-id": "true",
        "User-Agent": "azsdk-java-azure-search-documents/11.6.0-beta.10 (17.0.8.1; Windows 11; 10.0)",
        "x-ms-client-request-id": "e3245255-0f42-4354-97af-80b765876230"
      },
      "RequestBody": null,
      "StatusCode": 204,
      "ResponseHeaders": {
        "client-request-id": "e3245255-0f42-4354-97af-80b765876230",
        "Date": "Mon, 16 Oct 2023 15:56:22 GMT",
        "elapsed-time": "151",
        "Preference-Applied": "odata.include-annotations=\u0022*\u0022",
        "request-id": "e3245255-0f42-4354-97af-80b765876230",
        "Server": "Microsoft-IIS/10.0",
        "Strict-Transport-Security": [
          "max-age=2592000",
          "max-age=15724800; includeSubDomains"
        ],
        "x-ms-client-request-id": "e3245255-0f42-4354-97af-80b765876230"
      },
      "ResponseBody": null
    }
  ],
  "Variables": {
    "0": "indexforindexers85986b2c68",
    "1": "azs-java-live-blob70263b781",
    "2": "indexer8728842c78e4028"
  }
}
