{
  "Entries": [
    {
      "RequestUri": "https://REDACTED/indexes?api-version=2023-10-01-Preview",
      "RequestMethod": "POST",
      "RequestHeaders": {
        "Accept": "application/json; odata.metadata=minimal",
        "api-key": "REDACTED",
        "Content-Length": "291",
        "Content-Type": "application/json",
        "Date": "Mon, 09 Oct 2023 18:46:27 GMT",
        "return-client-request-id": "true",
        "User-Agent": "azsdk-java-azure-search-documents/11.6.0-beta.10 (21; Windows 11; 10.0)",
        "x-ms-client-request-id": "5b5460b2-d252-4351-94f6-e2a26fb5077c"
      },
      "RequestBody": {
        "name": "indexforindexers1621932078",
        "fields": [
          {
            "name": "county_name",
            "type": "Edm.String",
            "searchable": false,
            "filterable": true
          },
          {
            "name": "state",
            "type": "Edm.String",
            "searchable": true,
            "filterable": true
          },
          {
            "name": "feature_id",
            "type": "Edm.String",
            "key": true,
            "searchable": true,
            "filterable": false
          }
        ]
      },
      "StatusCode": 503,
      "ResponseHeaders": {
        "Cache-Control": "no-cache",
        "client-request-id": "5b5460b2-d252-4351-94f6-e2a26fb5077c",
        "Content-Language": "en",
        "Content-Length": "92",
        "Content-Type": "application/json; charset=utf-8",
        "Date": "Mon, 09 Oct 2023 18:46:42 GMT",
        "elapsed-time": "14538",
        "Expires": "-1",
        "Pragma": "no-cache",
        "Preference-Applied": "odata.include-annotations=\u0022*\u0022",
        "request-id": "5b5460b2-d252-4351-94f6-e2a26fb5077c",
        "Strict-Transport-Security": "max-age=15724800; includeSubDomains",
        "throttle-reason": "rateLimitExceeded",
        "x-ms-client-request-id": "5b5460b2-d252-4351-94f6-e2a26fb5077c"
      },
      "ResponseBody": {
        "error": {
          "code": "",
          "message": "You are sending too many requests. Please try again later."
        }
      }
    },
    {
      "RequestUri": "https://REDACTED/indexes?api-version=2023-10-01-Preview",
      "RequestMethod": "POST",
      "RequestHeaders": {
        "Accept": "application/json; odata.metadata=minimal",
        "api-key": "REDACTED",
        "Content-Length": "291",
        "Content-Type": "application/json",
        "Date": "Mon, 09 Oct 2023 18:47:42 GMT",
        "return-client-request-id": "true",
        "User-Agent": "azsdk-java-azure-search-documents/11.6.0-beta.10 (21; Windows 11; 10.0)",
        "x-ms-client-request-id": "5b5460b2-d252-4351-94f6-e2a26fb5077c"
      },
      "RequestBody": {
        "name": "indexforindexers1621932078",
        "fields": [
          {
            "name": "county_name",
            "type": "Edm.String",
            "searchable": false,
            "filterable": true
          },
          {
            "name": "state",
            "type": "Edm.String",
            "searchable": true,
            "filterable": true
          },
          {
            "name": "feature_id",
            "type": "Edm.String",
            "key": true,
            "searchable": true,
            "filterable": false
          }
        ]
      },
      "StatusCode": 201,
      "ResponseHeaders": {
        "Cache-Control": "no-cache",
        "client-request-id": "5b5460b2-d252-4351-94f6-e2a26fb5077c",
        "Content-Length": "1339",
        "Content-Type": "application/json; odata.metadata=minimal",
        "Date": "Mon, 09 Oct 2023 18:47:42 GMT",
        "elapsed-time": "929",
        "ETag": "W/\u00220x8DBC8F838D5570F\u0022",
        "Expires": "-1",
        "Location": "https://azs-java-tb9a3e882b9658d50.search.windows.net/indexes(\u0027indexforindexers1621932078\u0027)?api-version=2023-10-01-Preview",
        "OData-Version": "4.0",
        "Pragma": "no-cache",
        "Preference-Applied": "odata.include-annotations=\u0022*\u0022",
        "request-id": "5b5460b2-d252-4351-94f6-e2a26fb5077c",
        "Strict-Transport-Security": "max-age=15724800; includeSubDomains",
        "x-ms-client-request-id": "5b5460b2-d252-4351-94f6-e2a26fb5077c"
      },
      "ResponseBody": {
        "@odata.context": "https://azs-java-tb9a3e882b9658d50.search.windows.net/$metadata#indexes/$entity",
        "@odata.etag": "\u00220x8DBC8F838D5570F\u0022",
        "name": "indexforindexers1621932078",
        "defaultScoringProfile": null,
        "fields": [
          {
            "name": "county_name",
            "type": "Edm.String",
            "searchable": false,
            "filterable": true,
            "retrievable": true,
            "sortable": true,
            "facetable": true,
            "key": false,
            "indexAnalyzer": null,
            "searchAnalyzer": null,
            "analyzer": null,
            "normalizer": null,
            "dimensions": null,
            "vectorSearchProfile": null,
            "synonymMaps": []
          },
          {
            "name": "state",
            "type": "Edm.String",
            "searchable": true,
            "filterable": true,
            "retrievable": true,
            "sortable": true,
            "facetable": true,
            "key": false,
            "indexAnalyzer": null,
            "searchAnalyzer": null,
            "analyzer": null,
            "normalizer": null,
            "dimensions": null,
            "vectorSearchProfile": null,
            "synonymMaps": []
          },
          {
            "name": "feature_id",
            "type": "Edm.String",
            "searchable": true,
            "filterable": false,
            "retrievable": true,
            "sortable": true,
            "facetable": true,
            "key": true,
            "indexAnalyzer": null,
            "searchAnalyzer": null,
            "analyzer": null,
            "normalizer": null,
            "dimensions": null,
            "vectorSearchProfile": null,
            "synonymMaps": []
          }
        ],
        "scoringProfiles": [],
        "corsOptions": null,
        "suggesters": [],
        "analyzers": [],
        "normalizers": [],
        "tokenizers": [],
        "tokenFilters": [],
        "charFilters": [],
        "encryptionKey": null,
        "similarity": {
          "@odata.type": "#Microsoft.Azure.Search.BM25Similarity",
          "k1": null,
          "b": null
        },
        "semantic": null,
        "vectorSearch": null
      }
    },
    {
      "RequestUri": "https://REDACTED/datasources(\u0027azs-java-live-blob01388c8ec\u0027)?api-version=2023-10-01-Preview",
      "RequestMethod": "PUT",
      "RequestHeaders": {
        "Accept": "application/json; odata.metadata=minimal",
        "api-key": "REDACTED",
        "Content-Length": "368",
        "Content-Type": "application/json",
        "Date": "Mon, 09 Oct 2023 18:47:43 GMT",
        "Prefer": "return=representation",
        "return-client-request-id": "true",
        "User-Agent": "azsdk-java-azure-search-documents/11.6.0-beta.10 (21; Windows 11; 10.0)",
        "x-ms-client-request-id": "82f33a57-b6f9-4aa8-9ca7-f5839a3bfc9d"
      },
      "RequestBody": {
        "name": "azs-java-live-blob01388c8ec",
        "description": "real live blob",
        "type": "azureblob",
        "credentials": {
          "connectionString": "REDACTED"
        },
        "container": {
          "name": "searchcontainer",
          "query": "/"
        },
        "dataDeletionDetectionPolicy": {
          "@odata.type": "#Microsoft.Azure.Search.SoftDeleteColumnDeletionDetectionPolicy",
          "softDeleteColumnName": "fieldName",
          "softDeleteMarkerValue": "someValue"
        }
      },
      "StatusCode": 201,
      "ResponseHeaders": {
        "Cache-Control": "no-cache",
        "client-request-id": "82f33a57-b6f9-4aa8-9ca7-f5839a3bfc9d",
        "Content-Length": "588",
        "Content-Type": "application/json; odata.metadata=minimal",
        "Date": "Mon, 09 Oct 2023 18:47:42 GMT",
        "elapsed-time": "62",
        "ETag": "W/\u00220x8DBC8F838E5BF57\u0022",
        "Expires": "-1",
        "Location": "https://azs-java-tb9a3e882b9658d50.search.windows.net/datasources(\u0027azs-java-live-blob01388c8ec\u0027)?api-version=2023-10-01-Preview",
        "OData-Version": "4.0",
        "Pragma": "no-cache",
        "Preference-Applied": "odata.include-annotations=\u0022*\u0022",
        "request-id": "82f33a57-b6f9-4aa8-9ca7-f5839a3bfc9d",
        "Strict-Transport-Security": "max-age=15724800; includeSubDomains",
        "x-ms-client-request-id": "82f33a57-b6f9-4aa8-9ca7-f5839a3bfc9d"
      },
      "ResponseBody": {
        "@odata.context": "https://azs-java-tb9a3e882b9658d50.search.windows.net/$metadata#datasources/$entity",
        "@odata.etag": "\u00220x8DBC8F838E5BF57\u0022",
        "name": "azs-java-live-blob01388c8ec",
        "description": "real live blob",
        "type": "azureblob",
        "subtype": null,
        "credentials": {
          "connectionString": null
        },
        "container": {
          "name": "searchcontainer",
          "query": "/"
        },
        "dataChangeDetectionPolicy": null,
        "dataDeletionDetectionPolicy": {
          "@odata.type": "#Microsoft.Azure.Search.SoftDeleteColumnDeletionDetectionPolicy",
          "softDeleteColumnName": "fieldName",
          "softDeleteMarkerValue": "someValue"
        },
        "encryptionKey": null,
        "identity": null
      }
    },
    {
      "RequestUri": "https://REDACTED/indexers(\u0027indexer51217efdcd7fb1c\u0027)?api-version=2023-10-01-Preview",
      "RequestMethod": "PUT",
      "RequestHeaders": {
        "Accept": "application/json; odata.metadata=minimal",
        "api-key": "REDACTED",
        "Content-Length": "159",
        "Content-Type": "application/json",
        "Date": "Mon, 09 Oct 2023 18:47:43 GMT",
        "Prefer": "return=representation",
        "return-client-request-id": "true",
        "User-Agent": "azsdk-java-azure-search-documents/11.6.0-beta.10 (21; Windows 11; 10.0)",
        "x-ms-client-request-id": "7b5ffb6f-9135-448a-aca9-983ee2fff82d"
      },
      "RequestBody": {
        "name": "indexer51217efdcd7fb1c",
        "dataSourceName": "azs-java-live-blob01388c8ec",
        "targetIndexName": "indexforindexers1621932078",
        "schedule": {
          "interval": "PT24H"
        }
      },
      "StatusCode": 201,
      "ResponseHeaders": {
        "Cache-Control": "no-cache",
        "client-request-id": "7b5ffb6f-9135-448a-aca9-983ee2fff82d",
        "Content-Length": "489",
        "Content-Type": "application/json; odata.metadata=minimal",
        "Date": "Mon, 09 Oct 2023 18:47:43 GMT",
        "elapsed-time": "373",
        "ETag": "W/\u00220x8DBC8F8390B1EB7\u0022",
        "Expires": "-1",
        "Location": "https://azs-java-tb9a3e882b9658d50.search.windows.net/indexers(\u0027indexer51217efdcd7fb1c\u0027)?api-version=2023-10-01-Preview",
        "OData-Version": "4.0",
        "Pragma": "no-cache",
        "Preference-Applied": "odata.include-annotations=\u0022*\u0022",
        "request-id": "7b5ffb6f-9135-448a-aca9-983ee2fff82d",
        "Strict-Transport-Security": "max-age=15724800; includeSubDomains",
        "x-ms-client-request-id": "7b5ffb6f-9135-448a-aca9-983ee2fff82d"
      },
      "ResponseBody": {
        "@odata.context": "https://azs-java-tb9a3e882b9658d50.search.windows.net/$metadata#indexers/$entity",
        "@odata.etag": "\u00220x8DBC8F8390B1EB7\u0022",
        "name": "indexer51217efdcd7fb1c",
        "description": null,
        "dataSourceName": "azs-java-live-blob01388c8ec",
        "skillsetName": null,
        "targetIndexName": "indexforindexers1621932078",
        "disabled": null,
        "schedule": {
          "interval": "P1D",
          "startTime": "2023-10-09T18:47:43.5417312Z"
        },
        "parameters": null,
        "fieldMappings": [],
        "outputFieldMappings": [],
        "cache": null,
        "encryptionKey": null
      }
    },
    {
      "RequestUri": "https://REDACTED/indexers(\u0027indexer51217efdcd7fb1c\u0027)?api-version=2023-10-01-Preview",
      "RequestMethod": "PUT",
      "RequestHeaders": {
        "Accept": "application/json; odata.metadata=minimal",
        "api-key": "REDACTED",
        "Content-Length": "312",
        "Content-Type": "application/json",
        "Date": "Mon, 09 Oct 2023 18:47:43 GMT",
        "If-Match": "\u00220x8DBC8F8390B1EB7\u0022",
        "Prefer": "return=representation",
        "return-client-request-id": "true",
        "User-Agent": "azsdk-java-azure-search-documents/11.6.0-beta.10 (21; Windows 11; 10.0)",
        "x-ms-client-request-id": "92ba2330-eade-4da3-8014-0fc3785d2635"
      },
      "RequestBody": {
        "name": "indexer51217efdcd7fb1c",
        "description": "an update",
        "dataSourceName": "azs-java-live-blob01388c8ec",
        "targetIndexName": "indexforindexers1621932078",
        "schedule": {
          "interval": "PT24H",
          "startTime": "2023-10-09T18:47:43.541731200Z"
        },
        "fieldMappings": [],
        "outputFieldMappings": [],
        "@odata.etag": "\u00220x8DBC8F8390B1EB7\u0022"
      },
      "StatusCode": 200,
      "ResponseHeaders": {
        "Cache-Control": "no-cache",
        "client-request-id": "92ba2330-eade-4da3-8014-0fc3785d2635",
        "Content-Length": "496",
        "Content-Type": "application/json; odata.metadata=minimal",
        "Date": "Mon, 09 Oct 2023 18:47:43 GMT",
        "elapsed-time": "261",
        "ETag": "W/\u00220x8DBC8F8394AED34\u0022",
        "Expires": "-1",
        "OData-Version": "4.0",
        "Pragma": "no-cache",
        "Preference-Applied": "odata.include-annotations=\u0022*\u0022",
        "request-id": "92ba2330-eade-4da3-8014-0fc3785d2635",
        "Strict-Transport-Security": "max-age=15724800; includeSubDomains",
        "x-ms-client-request-id": "92ba2330-eade-4da3-8014-0fc3785d2635"
      },
      "ResponseBody": {
        "@odata.context": "https://azs-java-tb9a3e882b9658d50.search.windows.net/$metadata#indexers/$entity",
        "@odata.etag": "\u00220x8DBC8F8394AED34\u0022",
        "name": "indexer51217efdcd7fb1c",
        "description": "an update",
        "dataSourceName": "azs-java-live-blob01388c8ec",
        "skillsetName": null,
        "targetIndexName": "indexforindexers1621932078",
        "disabled": null,
        "schedule": {
          "interval": "P1D",
          "startTime": "2023-10-09T18:47:43.5417312Z"
        },
        "parameters": null,
        "fieldMappings": [],
        "outputFieldMappings": [],
        "cache": null,
        "encryptionKey": null
      }
    },
    {
      "RequestUri": "https://REDACTED/datasources(\u0027azs-java-live-blob01388c8ec\u0027)?api-version=2023-10-01-Preview",
      "RequestMethod": "DELETE",
      "RequestHeaders": {
        "Accept": "application/json; odata.metadata=minimal",
        "api-key": "REDACTED",
        "Content-Length": "0",
        "Date": "Mon, 09 Oct 2023 18:47:44 GMT",
        "return-client-request-id": "true",
        "User-Agent": "azsdk-java-azure-search-documents/11.6.0-beta.10 (21; Windows 11; 10.0)",
        "x-ms-client-request-id": "bf241479-e49b-4ea5-a074-66c0d8d060a8"
      },
      "RequestBody": null,
      "StatusCode": 204,
      "ResponseHeaders": {
        "Cache-Control": "no-cache",
        "client-request-id": "bf241479-e49b-4ea5-a074-66c0d8d060a8",
        "Date": "Mon, 09 Oct 2023 18:47:43 GMT",
        "elapsed-time": "24",
        "Expires": "-1",
        "Pragma": "no-cache",
        "request-id": "bf241479-e49b-4ea5-a074-66c0d8d060a8",
        "Strict-Transport-Security": "max-age=15724800; includeSubDomains",
        "x-ms-client-request-id": "bf241479-e49b-4ea5-a074-66c0d8d060a8"
      },
      "ResponseBody": null
    },
    {
      "RequestUri": "https://REDACTED/indexers(\u0027indexer51217efdcd7fb1c\u0027)?api-version=2023-10-01-Preview",
      "RequestMethod": "DELETE",
      "RequestHeaders": {
        "Accept": "application/json; odata.metadata=minimal",
        "api-key": "REDACTED",
        "Content-Length": "0",
        "Date": "Mon, 09 Oct 2023 18:47:44 GMT",
        "return-client-request-id": "true",
        "User-Agent": "azsdk-java-azure-search-documents/11.6.0-beta.10 (21; Windows 11; 10.0)",
        "x-ms-client-request-id": "12d6f235-6355-4f58-933a-007a73a87021"
      },
      "RequestBody": null,
      "StatusCode": 204,
      "ResponseHeaders": {
        "Cache-Control": "no-cache",
        "client-request-id": "12d6f235-6355-4f58-933a-007a73a87021",
        "Date": "Mon, 09 Oct 2023 18:47:43 GMT",
        "elapsed-time": "44",
        "Expires": "-1",
        "Pragma": "no-cache",
        "request-id": "12d6f235-6355-4f58-933a-007a73a87021",
        "Strict-Transport-Security": "max-age=15724800; includeSubDomains",
        "x-ms-client-request-id": "12d6f235-6355-4f58-933a-007a73a87021"
      },
      "ResponseBody": null
    },
    {
      "RequestUri": "https://REDACTED/indexes(\u0027indexforindexers1621932078\u0027)?api-version=2023-10-01-Preview",
      "RequestMethod": "DELETE",
      "RequestHeaders": {
        "Accept": "application/json; odata.metadata=minimal",
        "api-key": "REDACTED",
        "Content-Length": "0",
        "Date": "Mon, 09 Oct 2023 18:47:44 GMT",
        "return-client-request-id": "true",
        "User-Agent": "azsdk-java-azure-search-documents/11.6.0-beta.10 (21; Windows 11; 10.0)",
        "x-ms-client-request-id": "917b41d3-12de-4a4b-95e4-e1b2d52e6d9c"
      },
      "RequestBody": null,
      "StatusCode": 204,
      "ResponseHeaders": {
        "Cache-Control": "no-cache",
        "client-request-id": "917b41d3-12de-4a4b-95e4-e1b2d52e6d9c",
        "Date": "Mon, 09 Oct 2023 18:47:43 GMT",
        "elapsed-time": "171",
        "Expires": "-1",
        "Pragma": "no-cache",
        "request-id": "917b41d3-12de-4a4b-95e4-e1b2d52e6d9c",
        "Strict-Transport-Security": "max-age=15724800; includeSubDomains",
        "x-ms-client-request-id": "917b41d3-12de-4a4b-95e4-e1b2d52e6d9c"
      },
      "ResponseBody": null
    }
  ],
  "Variables": {
    "0": "indexforindexers1621932078",
    "1": "azs-java-live-blob01388c8ec",
    "2": "indexer51217efdcd7fb1c"
  }
}
