{
  "Entries": [
    {
      "RequestUri": "https://REDACTED/indexers(\u0027indexer429066f87f9603a\u0027)?api-version=2023-07-01-Preview",
      "RequestMethod": "PUT",
      "RequestHeaders": {
        "Accept": "application/json; odata.metadata=minimal",
        "api-key": "REDACTED",
        "Content-Length": "153",
        "Content-Type": "application/json",
        "Date": "Fri, 18 Aug 2023 20:47:37 GMT",
        "Prefer": "return=representation",
        "return-client-request-id": "true",
        "User-Agent": "azsdk-java-azure-search-documents/11.6.0-beta.9 (17.0.7; Windows 11; 10.0)",
        "x-ms-client-request-id": "f9bca8cf-8a4a-4c67-8d65-9e00f2c32c73"
      },
      "RequestBody": {
        "name": "indexer429066f87f9603a",
        "dataSourceName": "shared-azs-java-live-blob",
        "targetIndexName": "sharedindexforindexers",
        "schedule": {
          "interval": "PT24H"
        }
      },
      "StatusCode": 201,
      "ResponseHeaders": {
        "Cache-Control": "no-cache",
        "client-request-id": "f9bca8cf-8a4a-4c67-8d65-9e00f2c32c73",
        "Content-Length": "477",
        "Content-Type": "application/json; odata.metadata=minimal",
        "Date": "Fri, 18 Aug 2023 20:47:38 GMT",
        "elapsed-time": "332",
        "ETag": "W/\u00220x8DBA02C5BBBE345\u0022",
        "Expires": "-1",
        "Location": "https://azs-java-searchregen.search.windows.net/indexers(\u0027indexer429066f87f9603a\u0027)?api-version=2023-07-01-Preview",
        "OData-Version": "4.0",
        "Pragma": "no-cache",
        "Preference-Applied": "odata.include-annotations=\u0022*\u0022",
        "request-id": "f9bca8cf-8a4a-4c67-8d65-9e00f2c32c73",
        "Strict-Transport-Security": "max-age=15724800; includeSubDomains",
        "x-ms-client-request-id": "f9bca8cf-8a4a-4c67-8d65-9e00f2c32c73"
      },
      "ResponseBody": {
        "@odata.context": "https://azs-java-searchregen.search.windows.net/$metadata#indexers/$entity",
        "@odata.etag": "\u00220x8DBA02C5BBBE345\u0022",
        "name": "indexer429066f87f9603a",
        "description": null,
        "dataSourceName": "shared-azs-java-live-blob",
        "skillsetName": null,
        "targetIndexName": "sharedindexforindexers",
        "disabled": null,
        "schedule": {
          "interval": "P1D",
          "startTime": "2023-08-18T20:47:37.9344385Z"
        },
        "parameters": null,
        "fieldMappings": [],
        "outputFieldMappings": [],
        "cache": null,
        "encryptionKey": null
      }
    },
    {
      "RequestUri": "https://REDACTED/indexers(\u0027indexer429066f87f9603a\u0027)?api-version=2023-07-01-Preview",
      "RequestMethod": "PUT",
      "RequestHeaders": {
        "Accept": "application/json; odata.metadata=minimal",
        "api-key": "REDACTED",
        "Content-Length": "317",
        "Content-Type": "application/json",
        "Date": "Fri, 18 Aug 2023 20:47:38 GMT",
        "If-Match": "\u00220x8DBA02C5BBBE345\u0022",
        "Prefer": "return=representation",
        "return-client-request-id": "true",
        "User-Agent": "azsdk-java-azure-search-documents/11.6.0-beta.9 (17.0.7; Windows 11; 10.0)",
        "x-ms-client-request-id": "43fd5f30-7cd6-4e92-a66f-03285f87d12f"
      },
      "RequestBody": {
        "name": "indexer429066f87f9603a",
        "description": "ABrandNewDescription",
        "dataSourceName": "shared-azs-java-live-blob",
        "targetIndexName": "sharedindexforindexers",
        "schedule": {
          "interval": "PT24H",
          "startTime": "2023-08-18T20:47:37.934438500Z"
        },
        "fieldMappings": [],
        "outputFieldMappings": [],
        "@odata.etag": "\u00220x8DBA02C5BBBE345\u0022"
      },
      "StatusCode": 200,
      "ResponseHeaders": {
        "Cache-Control": "no-cache",
        "client-request-id": "43fd5f30-7cd6-4e92-a66f-03285f87d12f",
        "Content-Length": "495",
        "Content-Type": "application/json; odata.metadata=minimal",
        "Date": "Fri, 18 Aug 2023 20:47:38 GMT",
        "elapsed-time": "199",
        "ETag": "W/\u00220x8DBA02C5BF9CD7B\u0022",
        "Expires": "-1",
        "OData-Version": "4.0",
        "Pragma": "no-cache",
        "Preference-Applied": "odata.include-annotations=\u0022*\u0022",
        "request-id": "43fd5f30-7cd6-4e92-a66f-03285f87d12f",
        "Strict-Transport-Security": "max-age=15724800; includeSubDomains",
        "x-ms-client-request-id": "43fd5f30-7cd6-4e92-a66f-03285f87d12f"
      },
      "ResponseBody": {
        "@odata.context": "https://azs-java-searchregen.search.windows.net/$metadata#indexers/$entity",
        "@odata.etag": "\u00220x8DBA02C5BF9CD7B\u0022",
        "name": "indexer429066f87f9603a",
        "description": "ABrandNewDescription",
        "dataSourceName": "shared-azs-java-live-blob",
        "skillsetName": null,
        "targetIndexName": "sharedindexforindexers",
        "disabled": null,
        "schedule": {
          "interval": "P1D",
          "startTime": "2023-08-18T20:47:37.9344385Z"
        },
        "parameters": null,
        "fieldMappings": [],
        "outputFieldMappings": [],
        "cache": null,
        "encryptionKey": null
      }
    },
    {
      "RequestUri": "https://REDACTED/indexers(\u0027indexer429066f87f9603a\u0027)?api-version=2023-07-01-Preview",
      "RequestMethod": "PUT",
      "RequestHeaders": {
        "Accept": "application/json; odata.metadata=minimal",
        "api-key": "REDACTED",
        "Content-Length": "317",
        "Content-Type": "application/json",
        "Date": "Fri, 18 Aug 2023 20:47:38 GMT",
        "If-Match": "\u00220x8DBA02C5BBBE345\u0022",
        "Prefer": "return=representation",
        "return-client-request-id": "true",
        "User-Agent": "azsdk-java-azure-search-documents/11.6.0-beta.9 (17.0.7; Windows 11; 10.0)",
        "x-ms-client-request-id": "e51f0150-d394-4e7f-9c12-917b27ae8a18"
      },
      "RequestBody": {
        "name": "indexer429066f87f9603a",
        "description": "ABrandNewDescription",
        "dataSourceName": "shared-azs-java-live-blob",
        "targetIndexName": "sharedindexforindexers",
        "schedule": {
          "interval": "PT24H",
          "startTime": "2023-08-18T20:47:37.934438500Z"
        },
        "fieldMappings": [],
        "outputFieldMappings": [],
        "@odata.etag": "\u00220x8DBA02C5BBBE345\u0022"
      },
      "StatusCode": 412,
      "ResponseHeaders": {
        "Cache-Control": "no-cache",
        "client-request-id": "e51f0150-d394-4e7f-9c12-917b27ae8a18",
        "Content-Language": "en",
        "Content-Length": "160",
        "Content-Type": "application/json; charset=utf-8",
        "Date": "Fri, 18 Aug 2023 20:47:38 GMT",
        "elapsed-time": "9",
        "Expires": "-1",
        "Pragma": "no-cache",
        "Preference-Applied": "odata.include-annotations=\u0022*\u0022",
        "request-id": "e51f0150-d394-4e7f-9c12-917b27ae8a18",
        "Strict-Transport-Security": "max-age=15724800; includeSubDomains",
        "x-ms-client-request-id": "e51f0150-d394-4e7f-9c12-917b27ae8a18"
      },
      "ResponseBody": {
        "error": {
          "code": "",
          "message": "The precondition given in one of the request headers evaluated to false. No change was made to the resource from this request."
        }
      }
    },
    {
      "RequestUri": "https://REDACTED/indexers(\u0027indexer429066f87f9603a\u0027)?api-version=2023-07-01-Preview",
      "RequestMethod": "DELETE",
      "RequestHeaders": {
        "Accept": "application/json; odata.metadata=minimal",
        "api-key": "REDACTED",
        "Content-Length": "0",
        "Date": "Fri, 18 Aug 2023 20:47:38 GMT",
        "return-client-request-id": "true",
        "User-Agent": "azsdk-java-azure-search-documents/11.6.0-beta.9 (17.0.7; Windows 11; 10.0)",
        "x-ms-client-request-id": "a6eacdaa-014c-44af-b915-9a865de09bf2"
      },
      "RequestBody": null,
      "StatusCode": 204,
      "ResponseHeaders": {
        "Cache-Control": "no-cache",
        "client-request-id": "a6eacdaa-014c-44af-b915-9a865de09bf2",
        "Date": "Fri, 18 Aug 2023 20:47:38 GMT",
        "elapsed-time": "43",
        "Expires": "-1",
        "Pragma": "no-cache",
        "request-id": "a6eacdaa-014c-44af-b915-9a865de09bf2",
        "Strict-Transport-Security": "max-age=15724800; includeSubDomains",
        "x-ms-client-request-id": "a6eacdaa-014c-44af-b915-9a865de09bf2"
      },
      "ResponseBody": null
    }
  ],
  "Variables": {
    "0": "indexer429066f87f9603a"
  }
}
