{
  "Entries": [
    {
      "RequestUri": "https://REDACTED/indexers?api-version=2023-07-01-Preview",
      "RequestMethod": "POST",
      "RequestHeaders": {
        "Accept": "application/json; odata.metadata=minimal",
        "api-key": "REDACTED",
        "Content-Length": "153",
        "Content-Type": "application/json",
        "Date": "Fri, 18 Aug 2023 20:03:22 GMT",
        "return-client-request-id": "true",
        "User-Agent": "azsdk-java-azure-search-documents/11.6.0-beta.8 (17.0.7; Windows 11; 10.0)",
        "x-ms-client-request-id": "b81c35ba-22b2-473f-b08c-ce9a48c24f04"
      },
      "RequestBody": {
        "name": "indexer30410eee30308bd",
        "dataSourceName": "shared-azs-java-live-blob",
        "targetIndexName": "sharedindexforindexers",
        "schedule": {
          "interval": "PT24H"
        }
      },
      "StatusCode": 201,
      "ResponseHeaders": {
        "Cache-Control": "no-cache",
        "client-request-id": "b81c35ba-22b2-473f-b08c-ce9a48c24f04",
        "Content-Length": "477",
        "Content-Type": "application/json; odata.metadata=minimal",
        "Date": "Fri, 18 Aug 2023 20:03:22 GMT",
        "elapsed-time": "341",
        "ETag": "W/\u00220x8DBA0262CBDA452\u0022",
        "Expires": "-1",
        "Location": "https://azs-java-searchregen.search.windows.net/indexers(\u0027indexer30410eee30308bd\u0027)?api-version=2023-07-01-Preview",
        "OData-Version": "4.0",
        "Pragma": "no-cache",
        "Preference-Applied": "odata.include-annotations=\u0022*\u0022",
        "request-id": "b81c35ba-22b2-473f-b08c-ce9a48c24f04",
        "Strict-Transport-Security": "max-age=15724800; includeSubDomains",
        "x-ms-client-request-id": "b81c35ba-22b2-473f-b08c-ce9a48c24f04"
      },
      "ResponseBody": {
        "@odata.context": "https://azs-java-searchregen.search.windows.net/$metadata#indexers/$entity",
        "@odata.etag": "\u00220x8DBA0262CBDA452\u0022",
        "name": "indexer30410eee30308bd",
        "description": null,
        "dataSourceName": "shared-azs-java-live-blob",
        "skillsetName": null,
        "targetIndexName": "sharedindexforindexers",
        "disabled": null,
        "schedule": {
          "interval": "P1D",
          "startTime": "2023-08-18T20:03:22.1108074Z"
        },
        "parameters": null,
        "fieldMappings": [],
        "outputFieldMappings": [],
        "cache": null,
        "encryptionKey": null
      }
    },
    {
      "RequestUri": "https://REDACTED/indexers(\u0027indexer30410eee30308bd\u0027)/search.run?api-version=2023-07-01-Preview",
      "RequestMethod": "POST",
      "RequestHeaders": {
        "Accept": "application/json; odata.metadata=minimal",
        "api-key": "REDACTED",
        "Content-Length": "0",
        "Date": "Fri, 18 Aug 2023 20:03:22 GMT",
        "return-client-request-id": "true",
        "User-Agent": "azsdk-java-azure-search-documents/11.6.0-beta.8 (17.0.7; Windows 11; 10.0)",
        "x-ms-client-request-id": "beb77cec-91c0-4829-a9ef-2314114901a7"
      },
      "RequestBody": null,
      "StatusCode": 202,
      "ResponseHeaders": {
        "Cache-Control": "no-cache",
        "client-request-id": "beb77cec-91c0-4829-a9ef-2314114901a7",
        "Content-Length": "0",
        "Date": "Fri, 18 Aug 2023 20:03:22 GMT",
        "elapsed-time": "34",
        "Expires": "-1",
        "Pragma": "no-cache",
        "request-id": "beb77cec-91c0-4829-a9ef-2314114901a7",
        "Strict-Transport-Security": "max-age=15724800; includeSubDomains",
        "x-ms-client-request-id": "beb77cec-91c0-4829-a9ef-2314114901a7"
      },
      "ResponseBody": null
    },
    {
      "RequestUri": "https://REDACTED/indexers(\u0027indexer30410eee30308bd\u0027)/search.status?api-version=2023-07-01-Preview",
      "RequestMethod": "GET",
      "RequestHeaders": {
        "Accept": "application/json; odata.metadata=minimal",
        "api-key": "REDACTED",
        "Content-Length": "0",
        "Date": "Fri, 18 Aug 2023 20:03:22 GMT",
        "return-client-request-id": "true",
        "User-Agent": "azsdk-java-azure-search-documents/11.6.0-beta.8 (17.0.7; Windows 11; 10.0)",
        "x-ms-client-request-id": "e3dda82a-e8c4-41e9-8be5-6d89e416f62c"
      },
      "RequestBody": null,
      "StatusCode": 200,
      "ResponseHeaders": {
        "Cache-Control": "no-cache",
        "client-request-id": "e3dda82a-e8c4-41e9-8be5-6d89e416f62c",
        "Content-Length": "573",
        "Content-Type": "application/json; odata.metadata=minimal",
        "Date": "Fri, 18 Aug 2023 20:03:22 GMT",
        "elapsed-time": "19",
        "Expires": "-1",
        "OData-Version": "4.0",
        "Pragma": "no-cache",
        "Preference-Applied": "odata.include-annotations=\u0022*\u0022",
        "request-id": "e3dda82a-e8c4-41e9-8be5-6d89e416f62c",
        "Strict-Transport-Security": "max-age=15724800; includeSubDomains",
        "x-ms-client-request-id": "e3dda82a-e8c4-41e9-8be5-6d89e416f62c"
      },
      "ResponseBody": {
        "@odata.context": "https://azs-java-searchregen.search.windows.net/$metadata#Microsoft.Azure.Search.V2023_07_01_Preview.IndexerExecutionInfo",
        "name": "indexer30410eee30308bd",
        "status": "running",
        "lastResult": null,
        "executionHistory": [],
        "limits": {
          "maxRunTime": "PT0S",
          "maxDocumentExtractionSize": 0,
          "maxDocumentContentCharactersToExtract": 0
        },
        "currentState": {
          "mode": "indexingAllDocs",
          "allDocsInitialTrackingState": null,
          "allDocsFinalTrackingState": null,
          "resetDocsInitialTrackingState": null,
          "resetDocsFinalTrackingState": null,
          "resetDocumentKeys": [],
          "resetDatasourceDocumentIds": []
        }
      }
    },
    {
      "RequestUri": "https://REDACTED/indexers(\u0027indexer30410eee30308bd\u0027)?api-version=2023-07-01-Preview",
      "RequestMethod": "DELETE",
      "RequestHeaders": {
        "Accept": "application/json; odata.metadata=minimal",
        "api-key": "REDACTED",
        "Content-Length": "0",
        "Date": "Fri, 18 Aug 2023 20:03:22 GMT",
        "return-client-request-id": "true",
        "User-Agent": "azsdk-java-azure-search-documents/11.6.0-beta.8 (17.0.7; Windows 11; 10.0)",
        "x-ms-client-request-id": "b059250e-043e-48fb-b3f0-e47b78e3c8ba"
      },
      "RequestBody": null,
      "StatusCode": 204,
      "ResponseHeaders": {
        "Cache-Control": "no-cache",
        "client-request-id": "b059250e-043e-48fb-b3f0-e47b78e3c8ba",
        "Date": "Fri, 18 Aug 2023 20:03:22 GMT",
        "elapsed-time": "35",
        "Expires": "-1",
        "Pragma": "no-cache",
        "request-id": "b059250e-043e-48fb-b3f0-e47b78e3c8ba",
        "Strict-Transport-Security": "max-age=15724800; includeSubDomains",
        "x-ms-client-request-id": "b059250e-043e-48fb-b3f0-e47b78e3c8ba"
      },
      "ResponseBody": null
    }
  ],
  "Variables": {
    "0": "indexer30410eee30308bd"
  }
}
