{
  "Entries": [
    {
      "RequestUri": "https://REDACTED/indexers?api-version=2024-03-01-preview\u0026mock_status=inProgress",
      "RequestMethod": "POST",
      "RequestHeaders": {
        "Accept": "application/json; odata.metadata=minimal",
        "api-key": "REDACTED",
        "Content-Length": "151",
        "Content-Type": "application/json",
        "Date": "Tue, 05 Mar 2024 03:00:57 GMT",
        "return-client-request-id": "true",
        "User-Agent": "azsdk-java-azure-search-documents/11.7.0-beta.2 (17.0.9; Windows 11; 10.0)",
        "x-ms-client-request-id": "6dd218e7-94c8-4c37-898b-82adc3ff8dc0"
      },
      "RequestBody": {
        "name": "indexer179803604c335fb",
        "dataSourceName": "shared-azs-java-live-blob",
        "targetIndexName": "sharedindexforindexers",
        "schedule": {
          "interval": "P1D"
        }
      },
      "StatusCode": 201,
      "ResponseHeaders": {
        "client-request-id": "6dd218e7-94c8-4c37-898b-82adc3ff8dc0",
        "Content-Type": "application/json; odata.metadata=minimal; odata.streaming=true; charset=utf-8",
        "Date": "Tue, 05 Mar 2024 03:00:57 GMT",
        "elapsed-time": "380",
        "ETag": "\u00220x8DC3CC07B5046A6\u0022",
        "Location": "https://2040301preview.search.windows.net/indexers(\u0027indexer179803604c335fb\u0027)?api-version=2024-03-01-preview\u0026mock_status=inProgress",
        "OData-Version": "4.0",
        "Preference-Applied": "odata.include-annotations=\u0022*\u0022",
        "request-id": "6dd218e7-94c8-4c37-898b-82adc3ff8dc0",
        "Server": "Microsoft-IIS/10.0",
        "Strict-Transport-Security": [
          "max-age=2592000",
          "max-age=15724800; includeSubDomains"
        ],
        "Transfer-Encoding": "chunked",
        "x-ms-client-request-id": "6dd218e7-94c8-4c37-898b-82adc3ff8dc0"
      },
      "ResponseBody": {
        "@odata.context": "https://2040301preview.search.windows.net/$metadata#indexers/$entity",
        "@odata.etag": "\u00220x8DC3CC07B5046A6\u0022",
        "name": "indexer179803604c335fb",
        "description": null,
        "dataSourceName": "shared-azs-java-live-blob",
        "skillsetName": null,
        "targetIndexName": "sharedindexforindexers",
        "disabled": null,
        "schedule": {
          "interval": "P1D",
          "startTime": "2024-03-05T03:00:57.758389Z"
        },
        "parameters": null,
        "fieldMappings": [],
        "outputFieldMappings": [],
        "cache": null,
        "encryptionKey": null
      }
    },
    {
      "RequestUri": "https://REDACTED/indexers(\u0027indexer179803604c335fb\u0027)/search.status?api-version=2024-03-01-preview\u0026mock_status=inProgress",
      "RequestMethod": "GET",
      "RequestHeaders": {
        "Accept": "application/json; odata.metadata=minimal",
        "api-key": "REDACTED",
        "Content-Length": "0",
        "Date": "Tue, 05 Mar 2024 03:00:58 GMT",
        "return-client-request-id": "true",
        "User-Agent": "azsdk-java-azure-search-documents/11.7.0-beta.2 (17.0.9; Windows 11; 10.0)",
        "x-ms-client-request-id": "29e97ad3-4f25-41f3-bda9-c425b8716e8b"
      },
      "RequestBody": null,
      "StatusCode": 200,
      "ResponseHeaders": {
        "client-request-id": "29e97ad3-4f25-41f3-bda9-c425b8716e8b",
        "Content-Type": "application/json; odata.metadata=minimal; odata.streaming=true; charset=utf-8",
        "Date": "Tue, 05 Mar 2024 03:00:57 GMT",
        "elapsed-time": "11",
        "OData-Version": "4.0",
        "Preference-Applied": "odata.include-annotations=\u0022*\u0022",
        "request-id": "29e97ad3-4f25-41f3-bda9-c425b8716e8b",
        "Server": "Microsoft-IIS/10.0",
        "Strict-Transport-Security": [
          "max-age=2592000",
          "max-age=15724800; includeSubDomains"
        ],
        "Transfer-Encoding": "chunked",
        "x-ms-client-request-id": "29e97ad3-4f25-41f3-bda9-c425b8716e8b"
      },
      "ResponseBody": {
        "@odata.context": "https://2040301preview.search.windows.net/$metadata#Microsoft.Azure.Search.V2024_03_01_Preview.IndexerExecutionInfo",
        "name": "indexer179803604c335fb",
        "status": "running",
        "lastResult": {
          "status": "inProgress",
          "statusDetail": null,
          "errorMessage": null,
          "startTime": "2024-03-05T03:00:58.1894752Z",
          "endTime": null,
          "itemsProcessed": 0,
          "itemsFailed": 0,
          "initialTrackingState": null,
          "finalTrackingState": null,
          "mode": "indexingAllDocs",
          "errors": [],
          "warnings": [],
          "metrics": null
        },
        "executionHistory": [
          {
            "status": "transientFailure",
            "statusDetail": null,
            "errorMessage": "The indexer could not connect to the data source",
            "startTime": "2024-03-05T03:00:58.1851627Z",
            "endTime": "2024-03-05T03:00:58.1851627Z",
            "itemsProcessed": 0,
            "itemsFailed": 0,
            "initialTrackingState": null,
            "finalTrackingState": null,
            "mode": "indexingAllDocs",
            "errors": [],
            "warnings": [],
            "metrics": null
          },
          {
            "status": "reset",
            "statusDetail": null,
            "errorMessage": null,
            "startTime": "2024-03-05T02:00:58.185631Z",
            "endTime": "2024-03-05T02:00:58.185631Z",
            "itemsProcessed": 0,
            "itemsFailed": 0,
            "initialTrackingState": null,
            "finalTrackingState": null,
            "mode": "indexingAllDocs",
            "errors": [],
            "warnings": [],
            "metrics": null
          },
          {
            "status": "success",
            "statusDetail": null,
            "errorMessage": null,
            "startTime": "2024-03-04T03:00:58.1879988Z",
            "endTime": "2024-03-04T04:00:58.1880035Z",
            "itemsProcessed": 124876,
            "itemsFailed": 2,
            "initialTrackingState": "100",
            "finalTrackingState": "200",
            "mode": "indexingAllDocs",
            "errors": [
              {
                "key": "1",
                "statusCode": 400,
                "name": "DocumentExtraction.AzureBlob.MyDataSource",
                "errorMessage": "Key field contains unsafe characters",
                "details": "The file could not be parsed.",
                "documentationLink": "https://go.microsoft.com/fwlink/?linkid=2049388"
              },
              {
                "key": "121713",
                "statusCode": 400,
                "name": "DocumentExtraction.AzureBlob.DataReader",
                "errorMessage": "Item is too large",
                "details": "Blob size cannot exceed 256 MB.",
                "documentationLink": "https://go.microsoft.com/fwlink/?linkid=2049388"
              }
            ],
            "warnings": [
              {
                "key": "2",
                "name": "Enrichment.LanguageDetectionSkill.#4",
                "message": "Document was truncated to 50000 characters.",
                "details": "Try to split the input into smaller chunks using Split skill.",
                "documentationLink": "https://go.microsoft.com/fwlink/?linkid=2099692"
              }
            ],
            "metrics": null
          }
        ],
        "limits": {
          "maxRunTime": "P1D",
          "maxDocumentExtractionSize": 1000,
          "maxDocumentContentCharactersToExtract": 100000
        },
        "currentState": {
          "mode": "indexingAllDocs",
          "allDocsInitialTrackingState": null,
          "allDocsFinalTrackingState": null,
          "resetDocsInitialTrackingState": null,
          "resetDocsFinalTrackingState": null,
          "resetDocumentKeys": [],
          "resetDatasourceDocumentIds": []
        }
      }
    },
    {
      "RequestUri": "https://REDACTED/indexers(\u0027indexer179803604c335fb\u0027)/search.run?api-version=2024-03-01-preview\u0026mock_status=inProgress",
      "RequestMethod": "POST",
      "RequestHeaders": {
        "Accept": "application/json; odata.metadata=minimal",
        "api-key": "REDACTED",
        "Content-Length": "0",
        "Date": "Tue, 05 Mar 2024 03:00:58 GMT",
        "return-client-request-id": "true",
        "User-Agent": "azsdk-java-azure-search-documents/11.7.0-beta.2 (17.0.9; Windows 11; 10.0)",
        "x-ms-client-request-id": "6c70588e-e666-4640-a066-a4989ba93025"
      },
      "RequestBody": null,
      "StatusCode": 202,
      "ResponseHeaders": {
        "client-request-id": "6c70588e-e666-4640-a066-a4989ba93025",
        "Date": "Tue, 05 Mar 2024 03:00:57 GMT",
        "elapsed-time": "46",
        "Preference-Applied": "odata.include-annotations=\u0022*\u0022",
        "request-id": "6c70588e-e666-4640-a066-a4989ba93025",
        "Server": "Microsoft-IIS/10.0",
        "Strict-Transport-Security": [
          "max-age=2592000",
          "max-age=15724800; includeSubDomains"
        ],
        "Transfer-Encoding": "chunked",
        "x-ms-client-request-id": "6c70588e-e666-4640-a066-a4989ba93025"
      },
      "ResponseBody": null
    },
    {
      "RequestUri": "https://REDACTED/indexers(\u0027indexer179803604c335fb\u0027)/search.status?api-version=2024-03-01-preview\u0026mock_status=inProgress",
      "RequestMethod": "GET",
      "RequestHeaders": {
        "Accept": "application/json; odata.metadata=minimal",
        "api-key": "REDACTED",
        "Content-Length": "0",
        "Date": "Tue, 05 Mar 2024 03:00:58 GMT",
        "return-client-request-id": "true",
        "User-Agent": "azsdk-java-azure-search-documents/11.7.0-beta.2 (17.0.9; Windows 11; 10.0)",
        "x-ms-client-request-id": "2d3420c3-f55b-4c4d-8d74-d7d189be0635"
      },
      "RequestBody": null,
      "StatusCode": 200,
      "ResponseHeaders": {
        "client-request-id": "2d3420c3-f55b-4c4d-8d74-d7d189be0635",
        "Content-Type": "application/json; odata.metadata=minimal; odata.streaming=true; charset=utf-8",
        "Date": "Tue, 05 Mar 2024 03:00:57 GMT",
        "elapsed-time": "3",
        "OData-Version": "4.0",
        "Preference-Applied": "odata.include-annotations=\u0022*\u0022",
        "request-id": "2d3420c3-f55b-4c4d-8d74-d7d189be0635",
        "Server": "Microsoft-IIS/10.0",
        "Strict-Transport-Security": [
          "max-age=2592000",
          "max-age=15724800; includeSubDomains"
        ],
        "Transfer-Encoding": "chunked",
        "x-ms-client-request-id": "2d3420c3-f55b-4c4d-8d74-d7d189be0635"
      },
      "ResponseBody": {
        "@odata.context": "https://2040301preview.search.windows.net/$metadata#Microsoft.Azure.Search.V2024_03_01_Preview.IndexerExecutionInfo",
        "name": "indexer179803604c335fb",
        "status": "running",
        "lastResult": {
          "status": "inProgress",
          "statusDetail": null,
          "errorMessage": null,
          "startTime": "2024-03-05T03:00:58.3291866Z",
          "endTime": null,
          "itemsProcessed": 0,
          "itemsFailed": 0,
          "initialTrackingState": null,
          "finalTrackingState": null,
          "mode": "indexingAllDocs",
          "errors": [],
          "warnings": [],
          "metrics": null
        },
        "executionHistory": [
          {
            "status": "transientFailure",
            "statusDetail": null,
            "errorMessage": "The indexer could not connect to the data source",
            "startTime": "2024-03-05T03:00:58.3286822Z",
            "endTime": "2024-03-05T03:00:58.3286822Z",
            "itemsProcessed": 0,
            "itemsFailed": 0,
            "initialTrackingState": null,
            "finalTrackingState": null,
            "mode": "indexingAllDocs",
            "errors": [],
            "warnings": [],
            "metrics": null
          },
          {
            "status": "reset",
            "statusDetail": null,
            "errorMessage": null,
            "startTime": "2024-03-05T02:00:58.3288993Z",
            "endTime": "2024-03-05T02:00:58.3288993Z",
            "itemsProcessed": 0,
            "itemsFailed": 0,
            "initialTrackingState": null,
            "finalTrackingState": null,
            "mode": "indexingAllDocs",
            "errors": [],
            "warnings": [],
            "metrics": null
          },
          {
            "status": "success",
            "statusDetail": null,
            "errorMessage": null,
            "startTime": "2024-03-04T03:00:58.3291715Z",
            "endTime": "2024-03-04T04:00:58.3291722Z",
            "itemsProcessed": 124876,
            "itemsFailed": 2,
            "initialTrackingState": "100",
            "finalTrackingState": "200",
            "mode": "indexingAllDocs",
            "errors": [
              {
                "key": "1",
                "statusCode": 400,
                "name": "DocumentExtraction.AzureBlob.MyDataSource",
                "errorMessage": "Key field contains unsafe characters",
                "details": "The file could not be parsed.",
                "documentationLink": "https://go.microsoft.com/fwlink/?linkid=2049388"
              },
              {
                "key": "121713",
                "statusCode": 400,
                "name": "DocumentExtraction.AzureBlob.DataReader",
                "errorMessage": "Item is too large",
                "details": "Blob size cannot exceed 256 MB.",
                "documentationLink": "https://go.microsoft.com/fwlink/?linkid=2049388"
              }
            ],
            "warnings": [
              {
                "key": "2",
                "name": "Enrichment.LanguageDetectionSkill.#4",
                "message": "Document was truncated to 50000 characters.",
                "details": "Try to split the input into smaller chunks using Split skill.",
                "documentationLink": "https://go.microsoft.com/fwlink/?linkid=2099692"
              }
            ],
            "metrics": null
          }
        ],
        "limits": {
          "maxRunTime": "P1D",
          "maxDocumentExtractionSize": 1000,
          "maxDocumentContentCharactersToExtract": 100000
        },
        "currentState": {
          "mode": "indexingAllDocs",
          "allDocsInitialTrackingState": null,
          "allDocsFinalTrackingState": null,
          "resetDocsInitialTrackingState": null,
          "resetDocsFinalTrackingState": null,
          "resetDocumentKeys": [],
          "resetDatasourceDocumentIds": []
        }
      }
    },
    {
      "RequestUri": "https://REDACTED/indexers(\u0027indexer179803604c335fb\u0027)?api-version=2024-03-01-preview",
      "RequestMethod": "DELETE",
      "RequestHeaders": {
        "Accept": "application/json; odata.metadata=minimal",
        "api-key": "REDACTED",
        "Content-Length": "0",
        "Date": "Tue, 05 Mar 2024 03:00:58 GMT",
        "return-client-request-id": "true",
        "User-Agent": "azsdk-java-azure-search-documents/11.7.0-beta.2 (17.0.9; Windows 11; 10.0)",
        "x-ms-client-request-id": "eeee7a3f-89e8-435e-98d6-3bd83aa7cf5f"
      },
      "RequestBody": null,
      "StatusCode": 204,
      "ResponseHeaders": {
        "client-request-id": "eeee7a3f-89e8-435e-98d6-3bd83aa7cf5f",
        "Date": "Tue, 05 Mar 2024 03:00:57 GMT",
        "elapsed-time": "36",
        "Preference-Applied": "odata.include-annotations=\u0022*\u0022",
        "request-id": "eeee7a3f-89e8-435e-98d6-3bd83aa7cf5f",
        "Server": "Microsoft-IIS/10.0",
        "Strict-Transport-Security": [
          "max-age=2592000",
          "max-age=15724800; includeSubDomains"
        ],
        "x-ms-client-request-id": "eeee7a3f-89e8-435e-98d6-3bd83aa7cf5f"
      },
      "ResponseBody": null
    }
  ],
  "Variables": {
    "0": "indexer179803604c335fb"
  }
}
