{
  "Entries": [
    {
      "RequestUri": "https://REDACTED/indexes('hotels')?api-version=2025-03-01-preview",
      "RequestMethod": "DELETE",
      "RequestHeaders": {
        "Accept": "application/json; odata.metadata=minimal",
        "Authorization": "Sanitized",
        "Content-Length": "0",
        "Date": "Fri, 28 Mar 2025 02:04:36 GMT",
        "return-client-request-id": "true",
        "User-Agent": "azsdk-java-azure-search-documents/11.8.0-beta.6 (21.0.6; Windows 11; 10.0)",
        "x-ms-client-request-id": "Sanitized"
      },
      "RequestBody": null,
      "StatusCode": 404,
      "ResponseHeaders": {
        "Cache-Control": "no-store, no-cache",
        "client-request-id": "Sanitized",
        "Content-Language": "en",
        "Content-Length": "292",
        "Content-Type": "application/json; charset=utf-8",
        "Date": "Fri, 28 Mar 2025 02:04:38 GMT",
        "elapsed-time": "19",
        "Expires": "-1",
        "Pragma": "no-cache",
        "request-id": "cc261132-47b9-4199-ac7d-c62bfb7a0088",
        "Server": "Microsoft-IIS/10.0",
        "Strict-Transport-Security": "max-age=15724800; includeSubDomains",
        "x-ms-client-request-id": "Sanitized"
      },
      "ResponseBody": {
        "error": {
          "code": "OperationNotAllowed",
          "message": "No index with the name 'hotels' was found in a service named 'azs-java-tb9a3e882b9658d50'.",
          "details": [
            {
              "code": "IndexNotFoundInService",
              "message": "No index with the name 'hotels' was found in a service named 'azs-java-tb9a3e882b9658d50'."
            }
          ]
        }
      }
    },
    {
      "RequestUri": "https://REDACTED/indexes?api-version=2025-03-01-preview",
      "RequestMethod": "POST",
      "RequestHeaders": {
        "Accept": "application/json; odata.metadata=minimal",
        "Authorization": "Sanitized",
        "Content-Length": "78",
        "Content-Type": "application/json",
        "Date": "Fri, 28 Mar 2025 02:04:37 GMT",
        "return-client-request-id": "true",
        "User-Agent": "azsdk-java-azure-search-documents/11.8.0-beta.6 (21.0.6; Windows 11; 10.0)",
        "x-ms-client-request-id": "Sanitized"
      },
      "RequestBody": {
        "name": "hotels",
        "fields": [
          {
            "name": "HotelId",
            "type": "Edm.String",
            "key": true
          }
        ]
      },
      "StatusCode": 201,
      "ResponseHeaders": {
        "client-request-id": "Sanitized",
        "Content-Type": "application/json; odata.metadata=minimal; odata.streaming=true; charset=utf-8",
        "Date": "Fri, 28 Mar 2025 02:04:39 GMT",
        "elapsed-time": "639",
        "ETag": "\"0x8DD6D9CE5C6DF54\"",
        "Location": "https://REDACTED.com",
        "OData-Version": "4.0",
        "Preference-Applied": "odata.include-annotations=\"*\"",
        "request-id": "5e3115ee-77b9-486a-9c80-3d43d0db7bb0",
        "Server": "Microsoft-IIS/10.0",
        "Strict-Transport-Security": [
          "max-age=2592000",
          "max-age=15724800; includeSubDomains"
        ],
        "Transfer-Encoding": "chunked",
        "x-ms-client-request-id": "Sanitized"
      },
      "ResponseBody": {
        "@odata.context": "https://azs-java-tb9a3e882b9658d50.search.windows.net/$metadata#indexes/$entity",
        "@odata.etag": "\"0x8DD6D9CE5C6DF54\"",
        "name": "hotels",
        "defaultScoringProfile": null,
        "fields": [
          {
            "name": "HotelId",
            "type": "Edm.String",
            "searchable": true,
            "filterable": true,
            "retrievable": true,
            "stored": true,
            "sortable": true,
            "facetable": true,
            "key": true,
            "indexAnalyzer": null,
            "searchAnalyzer": null,
            "analyzer": null,
            "normalizer": null,
            "dimensions": null,
            "vectorSearchProfile": null,
            "vectorEncoding": null,
            "synonymMaps": []
          }
        ],
        "scoringProfiles": [],
        "corsOptions": null,
        "suggesters": [],
        "analyzers": [],
        "normalizers": [],
        "tokenizers": [],
        "tokenFilters": [],
        "charFilters": [],
        "encryptionKey": null,
        "similarity": {
          "@odata.type": "#Microsoft.Azure.Search.BM25Similarity",
          "k1": null,
          "b": null
        },
        "semantic": null,
        "vectorSearch": null
      }
    },
    {
      "RequestUri": "https://REDACTED/indexes('hotels')?api-version=2025-03-01-preview",
      "RequestMethod": "DELETE",
      "RequestHeaders": {
        "Accept": "application/json; odata.metadata=minimal",
        "Authorization": "Sanitized",
        "Content-Length": "0",
        "Date": "Fri, 28 Mar 2025 02:04:38 GMT",
        "return-client-request-id": "true",
        "User-Agent": "azsdk-java-azure-search-documents/11.8.0-beta.6 (21.0.6; Windows 11; 10.0)",
        "x-ms-client-request-id": "Sanitized"
      },
      "RequestBody": null,
      "StatusCode": 204,
      "ResponseHeaders": {
        "client-request-id": "Sanitized",
        "Date": "Fri, 28 Mar 2025 02:04:39 GMT",
        "elapsed-time": "125",
        "Preference-Applied": "odata.include-annotations=\"*\"",
        "request-id": "89d195c1-0308-4a54-aec8-ad865e4a999e",
        "Server": "Microsoft-IIS/10.0",
        "Strict-Transport-Security": [
          "max-age=2592000",
          "max-age=15724800; includeSubDomains"
        ],
        "x-ms-client-request-id": "Sanitized"
      },
      "ResponseBody": null
    },
    {
      "RequestUri": "https://REDACTED/indexes('hotels')?api-version=2025-03-01-preview",
      "RequestMethod": "DELETE",
      "RequestHeaders": {
        "Accept": "application/json; odata.metadata=minimal",
        "Authorization": "Sanitized",
        "Content-Length": "0",
        "Date": "Fri, 28 Mar 2025 02:04:38 GMT",
        "return-client-request-id": "true",
        "User-Agent": "azsdk-java-azure-search-documents/11.8.0-beta.6 (21.0.6; Windows 11; 10.0)",
        "x-ms-client-request-id": "Sanitized"
      },
      "RequestBody": null,
      "StatusCode": 404,
      "ResponseHeaders": {
        "Cache-Control": "no-store, no-cache",
        "client-request-id": "Sanitized",
        "Content-Language": "en",
        "Content-Length": "292",
        "Content-Type": "application/json; charset=utf-8",
        "Date": "Fri, 28 Mar 2025 02:04:39 GMT",
        "elapsed-time": "13",
        "Expires": "-1",
        "Pragma": "no-cache",
        "request-id": "709b2072-555c-4b18-8182-d5d6f3d8913f",
        "Server": "Microsoft-IIS/10.0",
        "Strict-Transport-Security": "max-age=15724800; includeSubDomains",
        "x-ms-client-request-id": "Sanitized"
      },
      "ResponseBody": {
        "error": {
          "code": "OperationNotAllowed",
          "message": "No index with the name 'hotels' was found in a service named 'azs-java-tb9a3e882b9658d50'.",
          "details": [
            {
              "code": "IndexNotFoundInService",
              "message": "No index with the name 'hotels' was found in a service named 'azs-java-tb9a3e882b9658d50'."
            }
          ]
        }
      }
    }
  ],
  "Variables": {}
}
