{
  "Entries": [
    {
      "RequestUri": "https://REDACTED/indexers?api-version=2023-07-01-Preview",
      "RequestMethod": "POST",
      "RequestHeaders": {
        "Accept": "application/json; odata.metadata=minimal",
        "api-key": "REDACTED",
        "Content-Length": "153",
        "Content-Type": "application/json",
        "Date": "Fri, 18 Aug 2023 20:47:23 GMT",
        "return-client-request-id": "true",
        "User-Agent": "azsdk-java-azure-search-documents/11.6.0-beta.9 (17.0.7; Windows 11; 10.0)",
        "x-ms-client-request-id": "ca27a647-531f-4f18-8040-3a240e5e24fe"
      },
      "RequestBody": {
        "name": "indexer442861c2ecb2e47",
        "dataSourceName": "shared-azs-java-live-blob",
        "targetIndexName": "sharedindexforindexers",
        "schedule": {
          "interval": "PT24H"
        }
      },
      "StatusCode": 201,
      "ResponseHeaders": {
        "Cache-Control": "no-cache",
        "client-request-id": "ca27a647-531f-4f18-8040-3a240e5e24fe",
        "Content-Length": "477",
        "Content-Type": "application/json; odata.metadata=minimal",
        "Date": "Fri, 18 Aug 2023 20:47:24 GMT",
        "elapsed-time": "304",
        "ETag": "W/\u00220x8DBA02C5341F91E\u0022",
        "Expires": "-1",
        "Location": "https://azs-java-searchregen.search.windows.net/indexers(\u0027indexer442861c2ecb2e47\u0027)?api-version=2023-07-01-Preview",
        "OData-Version": "4.0",
        "Pragma": "no-cache",
        "Preference-Applied": "odata.include-annotations=\u0022*\u0022",
        "request-id": "ca27a647-531f-4f18-8040-3a240e5e24fe",
        "Strict-Transport-Security": "max-age=15724800; includeSubDomains",
        "x-ms-client-request-id": "ca27a647-531f-4f18-8040-3a240e5e24fe"
      },
      "ResponseBody": {
        "@odata.context": "https://azs-java-searchregen.search.windows.net/$metadata#indexers/$entity",
        "@odata.etag": "\u00220x8DBA02C5341F91E\u0022",
        "name": "indexer442861c2ecb2e47",
        "description": null,
        "dataSourceName": "shared-azs-java-live-blob",
        "skillsetName": null,
        "targetIndexName": "sharedindexforindexers",
        "disabled": null,
        "schedule": {
          "interval": "P1D",
          "startTime": "2023-08-18T20:47:23.7151012Z"
        },
        "parameters": null,
        "fieldMappings": [],
        "outputFieldMappings": [],
        "cache": null,
        "encryptionKey": null
      }
    },
    {
      "RequestUri": "https://REDACTED/indexers(\u0027indexer442861c2ecb2e47\u0027)/search.reset?api-version=2023-07-01-Preview",
      "RequestMethod": "POST",
      "RequestHeaders": {
        "Accept": "application/json; odata.metadata=minimal",
        "api-key": "REDACTED",
        "Content-Length": "0",
        "Date": "Fri, 18 Aug 2023 20:47:24 GMT",
        "return-client-request-id": "true",
        "User-Agent": "azsdk-java-azure-search-documents/11.6.0-beta.9 (17.0.7; Windows 11; 10.0)",
        "x-ms-client-request-id": "0352c058-8ede-4ebb-b96f-b69da2915d8f"
      },
      "RequestBody": null,
      "StatusCode": 204,
      "ResponseHeaders": {
        "Cache-Control": "no-cache",
        "client-request-id": "0352c058-8ede-4ebb-b96f-b69da2915d8f",
        "Date": "Fri, 18 Aug 2023 20:47:24 GMT",
        "elapsed-time": "275",
        "Expires": "-1",
        "Pragma": "no-cache",
        "request-id": "0352c058-8ede-4ebb-b96f-b69da2915d8f",
        "Strict-Transport-Security": "max-age=15724800; includeSubDomains",
        "x-ms-client-request-id": "0352c058-8ede-4ebb-b96f-b69da2915d8f"
      },
      "ResponseBody": null
    },
    {
      "RequestUri": "https://REDACTED/indexers(\u0027indexer442861c2ecb2e47\u0027)/search.status?api-version=2023-07-01-Preview",
      "RequestMethod": "GET",
      "RequestHeaders": {
        "Accept": "application/json; odata.metadata=minimal",
        "api-key": "REDACTED",
        "Content-Length": "0",
        "Date": "Fri, 18 Aug 2023 20:47:24 GMT",
        "return-client-request-id": "true",
        "User-Agent": "azsdk-java-azure-search-documents/11.6.0-beta.9 (17.0.7; Windows 11; 10.0)",
        "x-ms-client-request-id": "02f0ef8f-f16e-4522-a4b8-04799723b152"
      },
      "RequestBody": null,
      "StatusCode": 200,
      "ResponseHeaders": {
        "Cache-Control": "no-cache",
        "client-request-id": "02f0ef8f-f16e-4522-a4b8-04799723b152",
        "Content-Length": "1054",
        "Content-Type": "application/json; odata.metadata=minimal",
        "Date": "Fri, 18 Aug 2023 20:47:24 GMT",
        "elapsed-time": "18",
        "Expires": "-1",
        "OData-Version": "4.0",
        "Pragma": "no-cache",
        "Preference-Applied": "odata.include-annotations=\u0022*\u0022",
        "request-id": "02f0ef8f-f16e-4522-a4b8-04799723b152",
        "Strict-Transport-Security": "max-age=15724800; includeSubDomains",
        "x-ms-client-request-id": "02f0ef8f-f16e-4522-a4b8-04799723b152"
      },
      "ResponseBody": {
        "@odata.context": "https://azs-java-searchregen.search.windows.net/$metadata#Microsoft.Azure.Search.V2023_07_01_Preview.IndexerExecutionInfo",
        "name": "indexer442861c2ecb2e47",
        "status": "running",
        "lastResult": {
          "status": "reset",
          "statusDetail": null,
          "errorMessage": null,
          "startTime": "2023-08-18T20:47:24.09Z",
          "endTime": "2023-08-18T20:47:24.09Z",
          "itemsProcessed": 0,
          "itemsFailed": 0,
          "initialTrackingState": null,
          "finalTrackingState": null,
          "mode": "indexingAllDocs",
          "errors": [],
          "warnings": [],
          "metrics": null
        },
        "executionHistory": [
          {
            "status": "reset",
            "statusDetail": null,
            "errorMessage": null,
            "startTime": "2023-08-18T20:47:24.09Z",
            "endTime": "2023-08-18T20:47:24.09Z",
            "itemsProcessed": 0,
            "itemsFailed": 0,
            "initialTrackingState": null,
            "finalTrackingState": null,
            "mode": "indexingAllDocs",
            "errors": [],
            "warnings": [],
            "metrics": null
          }
        ],
        "limits": null,
        "currentState": {
          "mode": "indexingAllDocs",
          "allDocsInitialTrackingState": null,
          "allDocsFinalTrackingState": null,
          "resetDocsInitialTrackingState": null,
          "resetDocsFinalTrackingState": null,
          "resetDocumentKeys": [],
          "resetDatasourceDocumentIds": []
        }
      }
    },
    {
      "RequestUri": "https://REDACTED/indexers(\u0027indexer442861c2ecb2e47\u0027)?api-version=2023-07-01-Preview",
      "RequestMethod": "DELETE",
      "RequestHeaders": {
        "Accept": "application/json; odata.metadata=minimal",
        "api-key": "REDACTED",
        "Content-Length": "0",
        "Date": "Fri, 18 Aug 2023 20:47:24 GMT",
        "return-client-request-id": "true",
        "User-Agent": "azsdk-java-azure-search-documents/11.6.0-beta.9 (17.0.7; Windows 11; 10.0)",
        "x-ms-client-request-id": "dd64bd7e-5edc-4a68-a614-65a62fccd7c3"
      },
      "RequestBody": null,
      "StatusCode": 204,
      "ResponseHeaders": {
        "Cache-Control": "no-cache",
        "client-request-id": "dd64bd7e-5edc-4a68-a614-65a62fccd7c3",
        "Date": "Fri, 18 Aug 2023 20:47:24 GMT",
        "elapsed-time": "51",
        "Expires": "-1",
        "Pragma": "no-cache",
        "request-id": "dd64bd7e-5edc-4a68-a614-65a62fccd7c3",
        "Strict-Transport-Security": "max-age=15724800; includeSubDomains",
        "x-ms-client-request-id": "dd64bd7e-5edc-4a68-a614-65a62fccd7c3"
      },
      "ResponseBody": null
    }
  ],
  "Variables": {
    "0": "indexer442861c2ecb2e47"
  }
}
