{
  "Entries": [
    {
      "RequestUri": "https://REDACTED/indexes(\u0027azsearch-indexing-shared-hotel-instance\u0027)/docs/search.index?api-version=2023-07-01-Preview",
      "RequestMethod": "POST",
      "RequestHeaders": {
        "Accept": "application/json; odata.metadata=none",
        "api-key": "REDACTED",
        "Content-Length": "5421",
        "Content-Type": "application/json",
        "Date": "Fri, 18 Aug 2023 17:48:05 GMT",
        "return-client-request-id": "true",
        "User-Agent": "azsdk-java-azure-search-documents/11.6.0-beta.8 (17.0.7; Windows 11; 10.0)",
        "x-ms-client-request-id": "366b97a3-ea0c-4e69-91af-05d1e87a37b6"
      },
      "RequestBody": {
        "value": [
          {
            "@search.action": "upload",
            "Description": "Best hotel in town if you like luxury hotels. They have an amazing infinity pool, a spa, and a really helpful concierge. The location is perfect -- right downtown, close to all the tourist attractions. We highly recommend this hotel.",
            "Category": "Luxury",
            "Address": {
              "StreetAddress": "One Microsoft way",
              "StateProvince": "Washington",
              "PostalCode": "98052",
              "Country": "US",
              "City": "Redmond"
            },
            "LastRenovationDate": "2019-01-30T00:00:00Z",
            "ParkingIncluded": true,
            "Rating": 5,
            "SmokingAllowed": true,
            "Rooms": [
              {
                "SleepsCount": 2,
                "Type": "Budget Room",
                "Description": "Budget Room, 1 Queen Bed",
                "SmokingAllowed": true,
                "BaseRate": 149.99,
                "Description_fr": null,
                "BedOptions": "1 Queen Bed",
                "Tags": [
                  "vcr/dvd",
                  "great view"
                ]
              },
              {
                "SleepsCount": 2,
                "Type": "Budget Room",
                "Description": "Budget Room, 1 King Bed",
                "SmokingAllowed": true,
                "BaseRate": 249.99,
                "Description_fr": null,
                "BedOptions": "1 King Bed",
                "Tags": [
                  "vcr/dvd",
                  "seaside view"
                ]
              }
            ],
            "HotelId": "key876467919659fbc83",
            "HotelName": "Fancy Stay Hotel",
            "Description_fr": null,
            "Tags": [
              "pool",
              "view",
              "wifi",
              "concierge"
            ],
            "Location": null
          },
          {
            "@search.action": "delete",
            "Description": "Best hotel in town if you like luxury hotels. They have an amazing infinity pool, a spa, and a really helpful concierge. The location is perfect -- right downtown, close to all the tourist attractions. We highly recommend this hotel.",
            "Category": "Luxury",
            "Address": {
              "StreetAddress": "One Microsoft way",
              "StateProvince": "Washington",
              "PostalCode": "98052",
              "Country": "US",
              "City": "Redmond"
            },
            "LastRenovationDate": "2019-01-30T00:00:00Z",
            "ParkingIncluded": true,
            "Rating": 5,
            "SmokingAllowed": true,
            "Rooms": [
              {
                "SleepsCount": 2,
                "Type": "Budget Room",
                "Description": "Budget Room, 1 Queen Bed",
                "SmokingAllowed": true,
                "BaseRate": 149.99,
                "Description_fr": null,
                "BedOptions": "1 Queen Bed",
                "Tags": [
                  "vcr/dvd",
                  "great view"
                ]
              },
              {
                "SleepsCount": 2,
                "Type": "Budget Room",
                "Description": "Budget Room, 1 King Bed",
                "SmokingAllowed": true,
                "BaseRate": 249.99,
                "Description_fr": null,
                "BedOptions": "1 King Bed",
                "Tags": [
                  "vcr/dvd",
                  "seaside view"
                ]
              }
            ],
            "HotelId": "randomId",
            "HotelName": "Fancy Stay Hotel",
            "Description_fr": null,
            "Tags": [
              "pool",
              "view",
              "wifi",
              "concierge"
            ],
            "Location": null
          },
          {
            "@search.action": "merge",
            "Description": "Best hotel in town if you like luxury hotels. They have an amazing infinity pool, a spa, and a really helpful concierge. The location is perfect -- right downtown, close to all the tourist attractions. We highly recommend this hotel.",
            "Category": "Luxury",
            "Address": {
              "StreetAddress": "One Microsoft way",
              "StateProvince": "Washington",
              "PostalCode": "98052",
              "Country": "US",
              "City": "Redmond"
            },
            "LastRenovationDate": "2019-01-30T00:00:00Z",
            "ParkingIncluded": true,
            "Rating": 5,
            "SmokingAllowed": true,
            "Rooms": [
              {
                "SleepsCount": 2,
                "Type": "Budget Room",
                "Description": "Budget Room, 1 Queen Bed",
                "SmokingAllowed": true,
                "BaseRate": 149.99,
                "Description_fr": null,
                "BedOptions": "1 Queen Bed",
                "Tags": [
                  "vcr/dvd",
                  "great view"
                ]
              },
              {
                "SleepsCount": 2,
                "Type": "Budget Room",
                "Description": "Budget Room, 1 King Bed",
                "SmokingAllowed": true,
                "BaseRate": 249.99,
                "Description_fr": null,
                "BedOptions": "1 King Bed",
                "Tags": [
                  "vcr/dvd",
                  "seaside view"
                ]
              }
            ],
            "HotelId": "nonExistingHotel",
            "HotelName": "Fancy Stay Hotel",
            "Description_fr": null,
            "Tags": [
              "pool",
              "view",
              "wifi",
              "concierge"
            ],
            "Location": null
          },
          {
            "@search.action": "mergeOrUpload",
            "Description": "Best hotel in town if you like luxury hotels. They have an amazing infinity pool, a spa, and a really helpful concierge. The location is perfect -- right downtown, close to all the tourist attractions. We highly recommend this hotel.",
            "Category": "Luxury",
            "Address": {
              "StreetAddress": "One Microsoft way",
              "StateProvince": "Washington",
              "PostalCode": "98052",
              "Country": "US",
              "City": "Redmond"
            },
            "LastRenovationDate": "2019-01-30T00:00:00Z",
            "ParkingIncluded": true,
            "Rating": 5,
            "SmokingAllowed": true,
            "Rooms": [
              {
                "SleepsCount": 2,
                "Type": "Budget Room",
                "Description": "Budget Room, 1 Queen Bed",
                "SmokingAllowed": true,
                "BaseRate": 149.99,
                "Description_fr": null,
                "BedOptions": "1 Queen Bed",
                "Tags": [
                  "vcr/dvd",
                  "great view"
                ]
              },
              {
                "SleepsCount": 2,
                "Type": "Budget Room",
                "Description": "Budget Room, 1 King Bed",
                "SmokingAllowed": true,
                "BaseRate": 249.99,
                "Description_fr": null,
                "BedOptions": "1 King Bed",
                "Tags": [
                  "vcr/dvd",
                  "seaside view"
                ]
              }
            ],
            "HotelId": "key2665537d2ba7a9823",
            "HotelName": "Fancy Stay Hotel",
            "Description_fr": null,
            "Tags": [
              "pool",
              "view",
              "wifi",
              "concierge"
            ],
            "Location": null
          },
          {
            "@search.action": "upload",
            "Description": "Best hotel in town if you like luxury hotels. They have an amazing infinity pool, a spa, and a really helpful concierge. The location is perfect -- right downtown, close to all the tourist attractions. We highly recommend this hotel.",
            "Category": "Luxury",
            "Address": {
              "StreetAddress": "One Microsoft way",
              "StateProvince": "Washington",
              "PostalCode": "98052",
              "Country": "US",
              "City": "Redmond"
            },
            "LastRenovationDate": "2019-01-30T00:00:00Z",
            "ParkingIncluded": true,
            "Rating": 5,
            "SmokingAllowed": true,
            "Rooms": [
              {
                "SleepsCount": 2,
                "Type": "Budget Room",
                "Description": "Budget Room, 1 Queen Bed",
                "SmokingAllowed": true,
                "BaseRate": 149.99,
                "Description_fr": null,
                "BedOptions": "1 Queen Bed",
                "Tags": [
                  "vcr/dvd",
                  "great view"
                ]
              },
              {
                "SleepsCount": 2,
                "Type": "Budget Room",
                "Description": "Budget Room, 1 King Bed",
                "SmokingAllowed": true,
                "BaseRate": 249.99,
                "Description_fr": null,
                "BedOptions": "1 King Bed",
                "Tags": [
                  "vcr/dvd",
                  "seaside view"
                ]
              }
            ],
            "HotelId": "key74820c5f7ba1244ba",
            "HotelName": "Fancy Stay Hotel",
            "Description_fr": null,
            "Tags": [
              "pool",
              "view",
              "wifi",
              "concierge"
            ],
            "Location": null
          }
        ]
      },
      "StatusCode": 207,
      "ResponseHeaders": {
        "Cache-Control": "no-cache",
        "client-request-id": "366b97a3-ea0c-4e69-91af-05d1e87a37b6",
        "Content-Length": "423",
        "Content-Type": "application/json; odata.metadata=none",
        "Date": "Fri, 18 Aug 2023 17:48:05 GMT",
        "elapsed-time": "76",
        "Expires": "-1",
        "OData-Version": "4.0",
        "Pragma": "no-cache",
        "Preference-Applied": "odata.include-annotations=\u0022*\u0022",
        "request-id": "366b97a3-ea0c-4e69-91af-05d1e87a37b6",
        "Strict-Transport-Security": "max-age=15724800; includeSubDomains",
        "x-ms-client-request-id": "366b97a3-ea0c-4e69-91af-05d1e87a37b6"
      },
      "ResponseBody": {
        "value": [
          {
            "key": "key876467919659fbc83",
            "status": true,
            "errorMessage": null,
            "statusCode": 201
          },
          {
            "key": "randomId",
            "status": true,
            "errorMessage": null,
            "statusCode": 200
          },
          {
            "key": "nonExistingHotel",
            "status": false,
            "errorMessage": "Document not found.",
            "statusCode": 404
          },
          {
            "key": "key2665537d2ba7a9823",
            "status": true,
            "errorMessage": null,
            "statusCode": 201
          },
          {
            "key": "key74820c5f7ba1244ba",
            "status": true,
            "errorMessage": null,
            "statusCode": 201
          }
        ]
      }
    },
    {
      "RequestUri": "https://REDACTED/indexes(\u0027azsearch-indexing-shared-hotel-instance\u0027)/docs(\u0027key876467919659fbc83\u0027)?api-version=2023-07-01-Preview",
      "RequestMethod": "GET",
      "RequestHeaders": {
        "Accept": "application/json; odata.metadata=none",
        "api-key": "REDACTED",
        "Content-Length": "0",
        "Date": "Fri, 18 Aug 2023 17:48:06 GMT",
        "return-client-request-id": "true",
        "User-Agent": "azsdk-java-azure-search-documents/11.6.0-beta.8 (17.0.7; Windows 11; 10.0)",
        "x-ms-client-request-id": "7a85bf08-47b2-457e-9f85-6849fac2bf06"
      },
      "RequestBody": null,
      "StatusCode": 200,
      "ResponseHeaders": {
        "Cache-Control": "no-cache",
        "client-request-id": "7a85bf08-47b2-457e-9f85-6849fac2bf06",
        "Content-Length": "1057",
        "Content-Type": "application/json; odata.metadata=none",
        "Date": "Fri, 18 Aug 2023 17:48:05 GMT",
        "elapsed-time": "17",
        "Expires": "-1",
        "OData-Version": "4.0",
        "Pragma": "no-cache",
        "Preference-Applied": "odata.include-annotations=\u0022*\u0022",
        "request-id": "7a85bf08-47b2-457e-9f85-6849fac2bf06",
        "Strict-Transport-Security": "max-age=15724800; includeSubDomains",
        "x-ms-client-request-id": "7a85bf08-47b2-457e-9f85-6849fac2bf06"
      },
      "ResponseBody": {
        "HotelId": "key876467919659fbc83",
        "HotelName": "Fancy Stay Hotel",
        "Description": "Best hotel in town if you like luxury hotels. They have an amazing infinity pool, a spa, and a really helpful concierge. The location is perfect -- right downtown, close to all the tourist attractions. We highly recommend this hotel.",
        "Description_fr": null,
        "Category": "Luxury",
        "Tags": [
          "pool",
          "view",
          "wifi",
          "concierge"
        ],
        "ParkingIncluded": true,
        "SmokingAllowed": true,
        "LastRenovationDate": "2019-01-30T00:00:00Z",
        "Rating": 5,
        "Location": null,
        "Address": {
          "StreetAddress": "One Microsoft way",
          "City": "Redmond",
          "StateProvince": "Washington",
          "PostalCode": "98052",
          "Country": "US"
        },
        "Rooms": [
          {
            "Description": "Budget Room, 1 Queen Bed",
            "Description_fr": null,
            "Type": "Budget Room",
            "BaseRate": 149.99,
            "BedOptions": "1 Queen Bed",
            "SleepsCount": 2,
            "SmokingAllowed": true,
            "Tags": [
              "vcr/dvd",
              "great view"
            ]
          },
          {
            "Description": "Budget Room, 1 King Bed",
            "Description_fr": null,
            "Type": "Budget Room",
            "BaseRate": 249.99,
            "BedOptions": "1 King Bed",
            "SleepsCount": 2,
            "SmokingAllowed": true,
            "Tags": [
              "vcr/dvd",
              "seaside view"
            ]
          }
        ]
      }
    },
    {
      "RequestUri": "https://REDACTED/indexes(\u0027azsearch-indexing-shared-hotel-instance\u0027)/docs(\u0027key74820c5f7ba1244ba\u0027)?api-version=2023-07-01-Preview",
      "RequestMethod": "GET",
      "RequestHeaders": {
        "Accept": "application/json; odata.metadata=none",
        "api-key": "REDACTED",
        "Content-Length": "0",
        "Date": "Fri, 18 Aug 2023 17:48:06 GMT",
        "return-client-request-id": "true",
        "User-Agent": "azsdk-java-azure-search-documents/11.6.0-beta.8 (17.0.7; Windows 11; 10.0)",
        "x-ms-client-request-id": "06722b6e-079c-49f4-b2a1-a774c486100f"
      },
      "RequestBody": null,
      "StatusCode": 200,
      "ResponseHeaders": {
        "Cache-Control": "no-cache",
        "client-request-id": "06722b6e-079c-49f4-b2a1-a774c486100f",
        "Content-Length": "1057",
        "Content-Type": "application/json; odata.metadata=none",
        "Date": "Fri, 18 Aug 2023 17:48:05 GMT",
        "elapsed-time": "72",
        "Expires": "-1",
        "OData-Version": "4.0",
        "Pragma": "no-cache",
        "Preference-Applied": "odata.include-annotations=\u0022*\u0022",
        "request-id": "06722b6e-079c-49f4-b2a1-a774c486100f",
        "Strict-Transport-Security": "max-age=15724800; includeSubDomains",
        "x-ms-client-request-id": "06722b6e-079c-49f4-b2a1-a774c486100f"
      },
      "ResponseBody": {
        "HotelId": "key74820c5f7ba1244ba",
        "HotelName": "Fancy Stay Hotel",
        "Description": "Best hotel in town if you like luxury hotels. They have an amazing infinity pool, a spa, and a really helpful concierge. The location is perfect -- right downtown, close to all the tourist attractions. We highly recommend this hotel.",
        "Description_fr": null,
        "Category": "Luxury",
        "Tags": [
          "pool",
          "view",
          "wifi",
          "concierge"
        ],
        "ParkingIncluded": true,
        "SmokingAllowed": true,
        "LastRenovationDate": "2019-01-30T00:00:00Z",
        "Rating": 5,
        "Location": null,
        "Address": {
          "StreetAddress": "One Microsoft way",
          "City": "Redmond",
          "StateProvince": "Washington",
          "PostalCode": "98052",
          "Country": "US"
        },
        "Rooms": [
          {
            "Description": "Budget Room, 1 Queen Bed",
            "Description_fr": null,
            "Type": "Budget Room",
            "BaseRate": 149.99,
            "BedOptions": "1 Queen Bed",
            "SleepsCount": 2,
            "SmokingAllowed": true,
            "Tags": [
              "vcr/dvd",
              "great view"
            ]
          },
          {
            "Description": "Budget Room, 1 King Bed",
            "Description_fr": null,
            "Type": "Budget Room",
            "BaseRate": 249.99,
            "BedOptions": "1 King Bed",
            "SleepsCount": 2,
            "SmokingAllowed": true,
            "Tags": [
              "vcr/dvd",
              "seaside view"
            ]
          }
        ]
      }
    },
    {
      "RequestUri": "https://REDACTED/indexes(\u0027azsearch-indexing-shared-hotel-instance\u0027)/docs(\u0027key2665537d2ba7a9823\u0027)?api-version=2023-07-01-Preview",
      "RequestMethod": "GET",
      "RequestHeaders": {
        "Accept": "application/json; odata.metadata=none",
        "api-key": "REDACTED",
        "Content-Length": "0",
        "Date": "Fri, 18 Aug 2023 17:48:06 GMT",
        "return-client-request-id": "true",
        "User-Agent": "azsdk-java-azure-search-documents/11.6.0-beta.8 (17.0.7; Windows 11; 10.0)",
        "x-ms-client-request-id": "a4924c8d-4632-4372-95d5-0c5900e4a7e2"
      },
      "RequestBody": null,
      "StatusCode": 200,
      "ResponseHeaders": {
        "Cache-Control": "no-cache",
        "client-request-id": "a4924c8d-4632-4372-95d5-0c5900e4a7e2",
        "Content-Length": "1057",
        "Content-Type": "application/json; odata.metadata=none",
        "Date": "Fri, 18 Aug 2023 17:48:06 GMT",
        "elapsed-time": "17",
        "Expires": "-1",
        "OData-Version": "4.0",
        "Pragma": "no-cache",
        "Preference-Applied": "odata.include-annotations=\u0022*\u0022",
        "request-id": "a4924c8d-4632-4372-95d5-0c5900e4a7e2",
        "Strict-Transport-Security": "max-age=15724800; includeSubDomains",
        "x-ms-client-request-id": "a4924c8d-4632-4372-95d5-0c5900e4a7e2"
      },
      "ResponseBody": {
        "HotelId": "key2665537d2ba7a9823",
        "HotelName": "Fancy Stay Hotel",
        "Description": "Best hotel in town if you like luxury hotels. They have an amazing infinity pool, a spa, and a really helpful concierge. The location is perfect -- right downtown, close to all the tourist attractions. We highly recommend this hotel.",
        "Description_fr": null,
        "Category": "Luxury",
        "Tags": [
          "pool",
          "view",
          "wifi",
          "concierge"
        ],
        "ParkingIncluded": true,
        "SmokingAllowed": true,
        "LastRenovationDate": "2019-01-30T00:00:00Z",
        "Rating": 5,
        "Location": null,
        "Address": {
          "StreetAddress": "One Microsoft way",
          "City": "Redmond",
          "StateProvince": "Washington",
          "PostalCode": "98052",
          "Country": "US"
        },
        "Rooms": [
          {
            "Description": "Budget Room, 1 Queen Bed",
            "Description_fr": null,
            "Type": "Budget Room",
            "BaseRate": 149.99,
            "BedOptions": "1 Queen Bed",
            "SleepsCount": 2,
            "SmokingAllowed": true,
            "Tags": [
              "vcr/dvd",
              "great view"
            ]
          },
          {
            "Description": "Budget Room, 1 King Bed",
            "Description_fr": null,
            "Type": "Budget Room",
            "BaseRate": 249.99,
            "BedOptions": "1 King Bed",
            "SleepsCount": 2,
            "SmokingAllowed": true,
            "Tags": [
              "vcr/dvd",
              "seaside view"
            ]
          }
        ]
      }
    }
  ],
  "Variables": {
    "0": "key876467919659fbc83",
    "1": "key74820c5f7ba1244ba",
    "2": "key2665537d2ba7a9823"
  }
}
