{
  "Entries": [
    {
      "RequestUri": "https://REDACTED/indexers?api-version=2023-07-01-Preview",
      "RequestMethod": "POST",
      "RequestHeaders": {
        "Accept": "application/json; odata.metadata=minimal",
        "api-key": "REDACTED",
        "Content-Length": "153",
        "Content-Type": "application/json",
        "Date": "Fri, 18 Aug 2023 18:08:05 GMT",
        "return-client-request-id": "true",
        "User-Agent": "azsdk-java-azure-search-documents/11.6.0-beta.8 (17.0.7; Windows 11; 10.0)",
        "x-ms-client-request-id": "58125340-464c-482f-bed5-21e4c5482aac"
      },
      "RequestBody": {
        "name": "indexer929197802364f88",
        "dataSourceName": "shared-azs-java-live-blob",
        "targetIndexName": "sharedindexforindexers",
        "schedule": {
          "interval": "PT24H"
        }
      },
      "StatusCode": 201,
      "ResponseHeaders": {
        "Cache-Control": "no-cache",
        "client-request-id": "58125340-464c-482f-bed5-21e4c5482aac",
        "Content-Length": "477",
        "Content-Type": "application/json; odata.metadata=minimal",
        "Date": "Fri, 18 Aug 2023 18:08:04 GMT",
        "elapsed-time": "305",
        "ETag": "W/\u00220x8DBA01611FD7D92\u0022",
        "Expires": "-1",
        "Location": "https://azs-java-searchregen.search.windows.net/indexers(\u0027indexer929197802364f88\u0027)?api-version=2023-07-01-Preview",
        "OData-Version": "4.0",
        "Pragma": "no-cache",
        "Preference-Applied": "odata.include-annotations=\u0022*\u0022",
        "request-id": "58125340-464c-482f-bed5-21e4c5482aac",
        "Strict-Transport-Security": "max-age=15724800; includeSubDomains",
        "x-ms-client-request-id": "58125340-464c-482f-bed5-21e4c5482aac"
      },
      "ResponseBody": {
        "@odata.context": "https://azs-java-searchregen.search.windows.net/$metadata#indexers/$entity",
        "@odata.etag": "\u00220x8DBA01611FD7D92\u0022",
        "name": "indexer929197802364f88",
        "description": null,
        "dataSourceName": "shared-azs-java-live-blob",
        "skillsetName": null,
        "targetIndexName": "sharedindexforindexers",
        "disabled": null,
        "schedule": {
          "interval": "P1D",
          "startTime": "2023-08-18T18:08:05.2625655Z"
        },
        "parameters": null,
        "fieldMappings": [],
        "outputFieldMappings": [],
        "cache": null,
        "encryptionKey": null
      }
    },
    {
      "RequestUri": "https://REDACTED/indexers(\u0027indexer929197802364f88\u0027)?api-version=2023-07-01-Preview",
      "RequestMethod": "DELETE",
      "RequestHeaders": {
        "Accept": "application/json; odata.metadata=minimal",
        "api-key": "REDACTED",
        "Content-Length": "0",
        "Date": "Fri, 18 Aug 2023 18:08:05 GMT",
        "return-client-request-id": "true",
        "User-Agent": "azsdk-java-azure-search-documents/11.6.0-beta.8 (17.0.7; Windows 11; 10.0)",
        "x-ms-client-request-id": "75142676-8292-46a9-aac4-bc85b83e2a08"
      },
      "RequestBody": null,
      "StatusCode": 204,
      "ResponseHeaders": {
        "Cache-Control": "no-cache",
        "client-request-id": "75142676-8292-46a9-aac4-bc85b83e2a08",
        "Date": "Fri, 18 Aug 2023 18:08:04 GMT",
        "elapsed-time": "35",
        "Expires": "-1",
        "Pragma": "no-cache",
        "request-id": "75142676-8292-46a9-aac4-bc85b83e2a08",
        "Strict-Transport-Security": "max-age=15724800; includeSubDomains",
        "x-ms-client-request-id": "75142676-8292-46a9-aac4-bc85b83e2a08"
      },
      "ResponseBody": null
    },
    {
      "RequestUri": "https://REDACTED/indexers(\u0027indexer929197802364f88\u0027)?api-version=2023-07-01-Preview",
      "RequestMethod": "GET",
      "RequestHeaders": {
        "Accept": "application/json; odata.metadata=minimal",
        "api-key": "REDACTED",
        "Content-Length": "0",
        "Date": "Fri, 18 Aug 2023 18:08:05 GMT",
        "return-client-request-id": "true",
        "User-Agent": "azsdk-java-azure-search-documents/11.6.0-beta.8 (17.0.7; Windows 11; 10.0)",
        "x-ms-client-request-id": "e208aff2-a5a3-4a10-b794-268bc34543ad"
      },
      "RequestBody": null,
      "StatusCode": 404,
      "ResponseHeaders": {
        "Cache-Control": "no-cache",
        "client-request-id": "e208aff2-a5a3-4a10-b794-268bc34543ad",
        "Content-Language": "en",
        "Content-Length": "115",
        "Content-Type": "application/json; charset=utf-8",
        "Date": "Fri, 18 Aug 2023 18:08:04 GMT",
        "elapsed-time": "8",
        "Expires": "-1",
        "Pragma": "no-cache",
        "Preference-Applied": "odata.include-annotations=\u0022*\u0022",
        "request-id": "e208aff2-a5a3-4a10-b794-268bc34543ad",
        "Strict-Transport-Security": "max-age=15724800; includeSubDomains",
        "x-ms-client-request-id": "e208aff2-a5a3-4a10-b794-268bc34543ad"
      },
      "ResponseBody": {
        "error": {
          "code": "",
          "message": "Indexer \u0027indexer929197802364f88\u0027 was not found in service \u0027azs-java-searchregen\u0027."
        }
      }
    }
  ],
  "Variables": {
    "0": "indexer929197802364f88"
  }
}
