{
  "Entries": [
    {
      "RequestUri": "https://REDACTED/indexers?api-version=2023-10-01-preview",
      "RequestMethod": "POST",
      "RequestHeaders": {
        "Accept": "application/json; odata.metadata=minimal",
        "api-key": "REDACTED",
        "Content-Length": "167",
        "Content-Type": "application/json",
        "Date": "Mon, 04 Mar 2024 21:44:43 GMT",
        "return-client-request-id": "true",
        "User-Agent": "azsdk-java-azure-search-documents/11.7.0-beta.2 (17.0.9; Windows 11; 10.0)",
        "x-ms-client-request-id": "c059ecbf-5fe4-4d50-adfe-dcc615ea4677"
      },
      "RequestBody": {
        "name": "indexer43213c664eb209e",
        "dataSourceName": "shared-azs-java-live-blob",
        "targetIndexName": "sharedindexforindexers",
        "schedule": {
          "interval": "P1D"
        },
        "disabled": true
      },
      "StatusCode": 201,
      "ResponseHeaders": {
        "client-request-id": "c059ecbf-5fe4-4d50-adfe-dcc615ea4677",
        "Content-Type": "application/json; odata.metadata=minimal; odata.streaming=true; charset=utf-8",
        "Date": "Mon, 04 Mar 2024 21:44:42 GMT",
        "elapsed-time": "49",
        "ETag": "\u00220x8DC3C944D7A66E6\u0022",
        "Location": "https://azs-java-tb9a3e882b9658d50.search.windows.net/indexers(\u0027indexer43213c664eb209e\u0027)?api-version=2023-10-01-preview",
        "OData-Version": "4.0",
        "Preference-Applied": "odata.include-annotations=\u0022*\u0022",
        "request-id": "c059ecbf-5fe4-4d50-adfe-dcc615ea4677",
        "Server": "Microsoft-IIS/10.0",
        "Strict-Transport-Security": [
          "max-age=2592000",
          "max-age=15724800; includeSubDomains"
        ],
        "Transfer-Encoding": "chunked",
        "x-ms-client-request-id": "c059ecbf-5fe4-4d50-adfe-dcc615ea4677"
      },
      "ResponseBody": {
        "@odata.context": "https://azs-java-tb9a3e882b9658d50.search.windows.net/$metadata#indexers/$entity",
        "@odata.etag": "\u00220x8DC3C944D7A66E6\u0022",
        "name": "indexer43213c664eb209e",
        "description": null,
        "dataSourceName": "shared-azs-java-live-blob",
        "skillsetName": null,
        "targetIndexName": "sharedindexforindexers",
        "disabled": true,
        "schedule": {
          "interval": "P1D",
          "startTime": "2024-03-04T21:44:43.2121904Z"
        },
        "parameters": null,
        "fieldMappings": [],
        "outputFieldMappings": [],
        "cache": null,
        "encryptionKey": null
      }
    },
    {
      "RequestUri": "https://REDACTED/indexers(\u0027indexer43213c664eb209e\u0027)?api-version=2023-10-01-preview",
      "RequestMethod": "PUT",
      "RequestHeaders": {
        "Accept": "application/json; odata.metadata=minimal",
        "api-key": "REDACTED",
        "Content-Length": "188",
        "Content-Type": "application/json",
        "Date": "Mon, 04 Mar 2024 21:44:43 GMT",
        "Prefer": "return=representation",
        "return-client-request-id": "true",
        "User-Agent": "azsdk-java-azure-search-documents/11.7.0-beta.2 (17.0.9; Windows 11; 10.0)",
        "x-ms-client-request-id": "2d3e271c-013f-4416-8d15-6a2eef80aae7"
      },
      "RequestBody": {
        "name": "indexer43213c664eb209e",
        "dataSourceName": "shared-azs-java-live-blob",
        "skillsetName": "shared-ocr-skillset",
        "targetIndexName": "sharedindexforindexers",
        "schedule": {
          "interval": "P1D"
        }
      },
      "StatusCode": 200,
      "ResponseHeaders": {
        "client-request-id": "2d3e271c-013f-4416-8d15-6a2eef80aae7",
        "Content-Type": "application/json; odata.metadata=minimal; odata.streaming=true; charset=utf-8",
        "Date": "Mon, 04 Mar 2024 21:44:43 GMT",
        "elapsed-time": "375",
        "ETag": "\u00220x8DC3C944DA198F4\u0022",
        "OData-Version": "4.0",
        "Preference-Applied": "odata.include-annotations=\u0022*\u0022",
        "request-id": "2d3e271c-013f-4416-8d15-6a2eef80aae7",
        "Server": "Microsoft-IIS/10.0",
        "Strict-Transport-Security": [
          "max-age=2592000",
          "max-age=15724800; includeSubDomains"
        ],
        "Transfer-Encoding": "chunked",
        "x-ms-client-request-id": "2d3e271c-013f-4416-8d15-6a2eef80aae7"
      },
      "ResponseBody": {
        "@odata.context": "https://azs-java-tb9a3e882b9658d50.search.windows.net/$metadata#indexers/$entity",
        "@odata.etag": "\u00220x8DC3C944DA198F4\u0022",
        "name": "indexer43213c664eb209e",
        "description": null,
        "dataSourceName": "shared-azs-java-live-blob",
        "skillsetName": "shared-ocr-skillset",
        "targetIndexName": "sharedindexforindexers",
        "disabled": null,
        "schedule": {
          "interval": "P1D",
          "startTime": "2024-03-04T21:44:43.2873966Z"
        },
        "parameters": null,
        "fieldMappings": [],
        "outputFieldMappings": [],
        "cache": null,
        "encryptionKey": null
      }
    },
    {
      "RequestUri": "https://REDACTED/indexers(\u0027indexer43213c664eb209e\u0027)?api-version=2023-10-01-preview",
      "RequestMethod": "DELETE",
      "RequestHeaders": {
        "Accept": "application/json; odata.metadata=minimal",
        "api-key": "REDACTED",
        "Content-Length": "0",
        "Date": "Mon, 04 Mar 2024 21:44:43 GMT",
        "return-client-request-id": "true",
        "User-Agent": "azsdk-java-azure-search-documents/11.7.0-beta.2 (17.0.9; Windows 11; 10.0)",
        "x-ms-client-request-id": "62fcd8ac-4d15-419c-9782-a1285f4eeaca"
      },
      "RequestBody": null,
      "StatusCode": 204,
      "ResponseHeaders": {
        "client-request-id": "62fcd8ac-4d15-419c-9782-a1285f4eeaca",
        "Date": "Mon, 04 Mar 2024 21:44:43 GMT",
        "elapsed-time": "35",
        "Preference-Applied": "odata.include-annotations=\u0022*\u0022",
        "request-id": "62fcd8ac-4d15-419c-9782-a1285f4eeaca",
        "Server": "Microsoft-IIS/10.0",
        "Strict-Transport-Security": [
          "max-age=2592000",
          "max-age=15724800; includeSubDomains"
        ],
        "x-ms-client-request-id": "62fcd8ac-4d15-419c-9782-a1285f4eeaca"
      },
      "ResponseBody": null
    }
  ],
  "Variables": {
    "0": "indexer43213c664eb209e"
  }
}
