{
  "Entries": [
    {
      "RequestUri": "https://REDACTED/indexers?api-version=2024-03-01-preview",
      "RequestMethod": "POST",
      "RequestHeaders": {
        "Accept": "application/json; odata.metadata=minimal",
        "api-key": "REDACTED",
        "Content-Length": "151",
        "Content-Type": "application/json",
        "Date": "Tue, 05 Mar 2024 03:01:27 GMT",
        "return-client-request-id": "true",
        "User-Agent": "azsdk-java-azure-search-documents/11.7.0-beta.2 (17.0.9; Windows 11; 10.0)",
        "x-ms-client-request-id": "e128e193-c49c-4cfb-aa2a-8c74d6aa4150"
      },
      "RequestBody": {
        "name": "indexer326496ba4ad0658",
        "dataSourceName": "shared-azs-java-live-blob",
        "targetIndexName": "sharedindexforindexers",
        "schedule": {
          "interval": "P1D"
        }
      },
      "StatusCode": 201,
      "ResponseHeaders": {
        "client-request-id": "e128e193-c49c-4cfb-aa2a-8c74d6aa4150",
        "Content-Type": "application/json; odata.metadata=minimal; odata.streaming=true; charset=utf-8",
        "Date": "Tue, 05 Mar 2024 03:01:27 GMT",
        "elapsed-time": "378",
        "ETag": "\u00220x8DC3CC08D212936\u0022",
        "Location": "https://2040301preview.search.windows.net/indexers(\u0027indexer326496ba4ad0658\u0027)?api-version=2024-03-01-preview",
        "OData-Version": "4.0",
        "Preference-Applied": "odata.include-annotations=\u0022*\u0022",
        "request-id": "e128e193-c49c-4cfb-aa2a-8c74d6aa4150",
        "Server": "Microsoft-IIS/10.0",
        "Strict-Transport-Security": [
          "max-age=2592000",
          "max-age=15724800; includeSubDomains"
        ],
        "Transfer-Encoding": "chunked",
        "x-ms-client-request-id": "e128e193-c49c-4cfb-aa2a-8c74d6aa4150"
      },
      "ResponseBody": {
        "@odata.context": "https://2040301preview.search.windows.net/$metadata#indexers/$entity",
        "@odata.etag": "\u00220x8DC3CC08D212936\u0022",
        "name": "indexer326496ba4ad0658",
        "description": null,
        "dataSourceName": "shared-azs-java-live-blob",
        "skillsetName": null,
        "targetIndexName": "sharedindexforindexers",
        "disabled": null,
        "schedule": {
          "interval": "P1D",
          "startTime": "2024-03-05T03:01:27.6720644Z"
        },
        "parameters": null,
        "fieldMappings": [],
        "outputFieldMappings": [],
        "cache": null,
        "encryptionKey": null
      }
    },
    {
      "RequestUri": "https://REDACTED/indexers(\u0027indexer326496ba4ad0658\u0027)/search.run?api-version=2024-03-01-preview",
      "RequestMethod": "POST",
      "RequestHeaders": {
        "Accept": "application/json; odata.metadata=minimal",
        "api-key": "REDACTED",
        "Content-Length": "0",
        "Date": "Tue, 05 Mar 2024 03:01:27 GMT",
        "return-client-request-id": "true",
        "User-Agent": "azsdk-java-azure-search-documents/11.7.0-beta.2 (17.0.9; Windows 11; 10.0)",
        "x-ms-client-request-id": "8a2bb9ce-c17a-47b0-95d2-c224db7899a5"
      },
      "RequestBody": null,
      "StatusCode": 202,
      "ResponseHeaders": {
        "client-request-id": "8a2bb9ce-c17a-47b0-95d2-c224db7899a5",
        "Date": "Tue, 05 Mar 2024 03:01:27 GMT",
        "elapsed-time": "32",
        "Preference-Applied": "odata.include-annotations=\u0022*\u0022",
        "request-id": "8a2bb9ce-c17a-47b0-95d2-c224db7899a5",
        "Server": "Microsoft-IIS/10.0",
        "Strict-Transport-Security": [
          "max-age=2592000",
          "max-age=15724800; includeSubDomains"
        ],
        "Transfer-Encoding": "chunked",
        "x-ms-client-request-id": "8a2bb9ce-c17a-47b0-95d2-c224db7899a5"
      },
      "ResponseBody": null
    },
    {
      "RequestUri": "https://REDACTED/indexers(\u0027indexer326496ba4ad0658\u0027)/search.status?api-version=2024-03-01-preview",
      "RequestMethod": "GET",
      "RequestHeaders": {
        "Accept": "application/json; odata.metadata=minimal",
        "api-key": "REDACTED",
        "Content-Length": "0",
        "Date": "Tue, 05 Mar 2024 03:01:28 GMT",
        "return-client-request-id": "true",
        "User-Agent": "azsdk-java-azure-search-documents/11.7.0-beta.2 (17.0.9; Windows 11; 10.0)",
        "x-ms-client-request-id": "f434f508-cab1-487a-b9db-b6e7c4dfd86b"
      },
      "RequestBody": null,
      "StatusCode": 200,
      "ResponseHeaders": {
        "client-request-id": "f434f508-cab1-487a-b9db-b6e7c4dfd86b",
        "Content-Type": "application/json; odata.metadata=minimal; odata.streaming=true; charset=utf-8",
        "Date": "Tue, 05 Mar 2024 03:01:27 GMT",
        "elapsed-time": "20",
        "OData-Version": "4.0",
        "Preference-Applied": "odata.include-annotations=\u0022*\u0022",
        "request-id": "f434f508-cab1-487a-b9db-b6e7c4dfd86b",
        "Server": "Microsoft-IIS/10.0",
        "Strict-Transport-Security": [
          "max-age=2592000",
          "max-age=15724800; includeSubDomains"
        ],
        "Transfer-Encoding": "chunked",
        "x-ms-client-request-id": "f434f508-cab1-487a-b9db-b6e7c4dfd86b"
      },
      "ResponseBody": {
        "@odata.context": "https://2040301preview.search.windows.net/$metadata#Microsoft.Azure.Search.V2024_03_01_Preview.IndexerExecutionInfo",
        "name": "indexer326496ba4ad0658",
        "status": "running",
        "lastResult": null,
        "executionHistory": [],
        "limits": {
          "maxRunTime": "PT0S",
          "maxDocumentExtractionSize": 0,
          "maxDocumentContentCharactersToExtract": 0
        },
        "currentState": {
          "mode": "indexingAllDocs",
          "allDocsInitialTrackingState": null,
          "allDocsFinalTrackingState": null,
          "resetDocsInitialTrackingState": null,
          "resetDocsFinalTrackingState": null,
          "resetDocumentKeys": [],
          "resetDatasourceDocumentIds": []
        }
      }
    },
    {
      "RequestUri": "https://REDACTED/indexers(\u0027indexer326496ba4ad0658\u0027)?api-version=2024-03-01-preview",
      "RequestMethod": "DELETE",
      "RequestHeaders": {
        "Accept": "application/json; odata.metadata=minimal",
        "api-key": "REDACTED",
        "Content-Length": "0",
        "Date": "Tue, 05 Mar 2024 03:01:28 GMT",
        "return-client-request-id": "true",
        "User-Agent": "azsdk-java-azure-search-documents/11.7.0-beta.2 (17.0.9; Windows 11; 10.0)",
        "x-ms-client-request-id": "8c092fc3-183d-4ba6-97f6-e6e8e8117ffe"
      },
      "RequestBody": null,
      "StatusCode": 204,
      "ResponseHeaders": {
        "client-request-id": "8c092fc3-183d-4ba6-97f6-e6e8e8117ffe",
        "Date": "Tue, 05 Mar 2024 03:01:27 GMT",
        "elapsed-time": "35",
        "Preference-Applied": "odata.include-annotations=\u0022*\u0022",
        "request-id": "8c092fc3-183d-4ba6-97f6-e6e8e8117ffe",
        "Server": "Microsoft-IIS/10.0",
        "Strict-Transport-Security": [
          "max-age=2592000",
          "max-age=15724800; includeSubDomains"
        ],
        "x-ms-client-request-id": "8c092fc3-183d-4ba6-97f6-e6e8e8117ffe"
      },
      "ResponseBody": null
    }
  ],
  "Variables": {
    "0": "indexer326496ba4ad0658"
  }
}
