{
  "Entries": [
    {
      "RequestUri": "https://REDACTED/indexers?api-version=2023-10-01-preview",
      "RequestMethod": "POST",
      "RequestHeaders": {
        "Accept": "application/json; odata.metadata=minimal",
        "api-key": "REDACTED",
        "Content-Length": "154",
        "Content-Type": "application/json",
        "Date": "Fri, 08 Dec 2023 15:26:57 GMT",
        "return-client-request-id": "true",
        "User-Agent": "azsdk-java-azure-search-documents/11.7.0-beta.1 (17.0.8.1; Windows 11; 10.0)",
        "x-ms-client-request-id": "abd810f8-27e1-4e55-a10a-fd0fbb4819c4"
      },
      "RequestBody": {
        "name": "aindexer69219c7848860a9",
        "dataSourceName": "shared-azs-java-live-blob",
        "targetIndexName": "sharedindexforindexers",
        "schedule": {
          "interval": "PT24H"
        }
      },
      "StatusCode": 201,
      "ResponseHeaders": {
        "client-request-id": "abd810f8-27e1-4e55-a10a-fd0fbb4819c4",
        "Content-Type": "application/json; odata.metadata=minimal; odata.streaming=true; charset=utf-8",
        "Date": "Fri, 08 Dec 2023 15:26:57 GMT",
        "elapsed-time": "307",
        "ETag": "\u00220x8DBF8021DAE4A07\u0022",
        "Location": "https://azs-java-t5ce5274b0647cb99.search.windows.net/indexers(\u0027aindexer69219c7848860a9\u0027)?api-version=2023-10-01-preview",
        "OData-Version": "4.0",
        "Preference-Applied": "odata.include-annotations=\u0022*\u0022",
        "request-id": "abd810f8-27e1-4e55-a10a-fd0fbb4819c4",
        "Server": "Microsoft-IIS/10.0",
        "Strict-Transport-Security": [
          "max-age=2592000",
          "max-age=15724800; includeSubDomains"
        ],
        "Transfer-Encoding": "chunked",
        "x-ms-client-request-id": "abd810f8-27e1-4e55-a10a-fd0fbb4819c4"
      },
      "ResponseBody": {
        "@odata.context": "https://azs-java-t5ce5274b0647cb99.search.windows.net/$metadata#indexers/$entity",
        "@odata.etag": "\u00220x8DBF8021DAE4A07\u0022",
        "name": "aindexer69219c7848860a9",
        "description": null,
        "dataSourceName": "shared-azs-java-live-blob",
        "skillsetName": null,
        "targetIndexName": "sharedindexforindexers",
        "disabled": null,
        "schedule": {
          "interval": "P1D",
          "startTime": "2023-12-08T15:26:57.2633254Z"
        },
        "parameters": null,
        "fieldMappings": [],
        "outputFieldMappings": [],
        "cache": null,
        "encryptionKey": null
      }
    },
    {
      "RequestUri": "https://REDACTED/indexers?api-version=2023-10-01-preview",
      "RequestMethod": "POST",
      "RequestHeaders": {
        "Accept": "application/json; odata.metadata=minimal",
        "api-key": "REDACTED",
        "Content-Length": "154",
        "Content-Type": "application/json",
        "Date": "Fri, 08 Dec 2023 15:26:57 GMT",
        "return-client-request-id": "true",
        "User-Agent": "azsdk-java-azure-search-documents/11.7.0-beta.1 (17.0.8.1; Windows 11; 10.0)",
        "x-ms-client-request-id": "966b2fec-0565-4c14-b83e-93914f6f324c"
      },
      "RequestBody": {
        "name": "bindexer74487ff6a1edc72",
        "dataSourceName": "shared-azs-java-live-blob",
        "targetIndexName": "sharedindexforindexers",
        "schedule": {
          "interval": "PT24H"
        }
      },
      "StatusCode": 201,
      "ResponseHeaders": {
        "client-request-id": "966b2fec-0565-4c14-b83e-93914f6f324c",
        "Content-Type": "application/json; odata.metadata=minimal; odata.streaming=true; charset=utf-8",
        "Date": "Fri, 08 Dec 2023 15:26:57 GMT",
        "elapsed-time": "323",
        "ETag": "\u00220x8DBF8021DE9E8DF\u0022",
        "Location": "https://azs-java-t5ce5274b0647cb99.search.windows.net/indexers(\u0027bindexer74487ff6a1edc72\u0027)?api-version=2023-10-01-preview",
        "OData-Version": "4.0",
        "Preference-Applied": "odata.include-annotations=\u0022*\u0022",
        "request-id": "966b2fec-0565-4c14-b83e-93914f6f324c",
        "Server": "Microsoft-IIS/10.0",
        "Strict-Transport-Security": [
          "max-age=2592000",
          "max-age=15724800; includeSubDomains"
        ],
        "Transfer-Encoding": "chunked",
        "x-ms-client-request-id": "966b2fec-0565-4c14-b83e-93914f6f324c"
      },
      "ResponseBody": {
        "@odata.context": "https://azs-java-t5ce5274b0647cb99.search.windows.net/$metadata#indexers/$entity",
        "@odata.etag": "\u00220x8DBF8021DE9E8DF\u0022",
        "name": "bindexer74487ff6a1edc72",
        "description": null,
        "dataSourceName": "shared-azs-java-live-blob",
        "skillsetName": null,
        "targetIndexName": "sharedindexforindexers",
        "disabled": null,
        "schedule": {
          "interval": "P1D",
          "startTime": "2023-12-08T15:26:57.6401372Z"
        },
        "parameters": null,
        "fieldMappings": [],
        "outputFieldMappings": [],
        "cache": null,
        "encryptionKey": null
      }
    },
    {
      "RequestUri": "https://REDACTED/indexers?$select=name\u0026api-version=2023-10-01-preview",
      "RequestMethod": "GET",
      "RequestHeaders": {
        "Accept": "application/json; odata.metadata=minimal",
        "api-key": "REDACTED",
        "Content-Length": "0",
        "Date": "Fri, 08 Dec 2023 15:26:57 GMT",
        "return-client-request-id": "true",
        "User-Agent": "azsdk-java-azure-search-documents/11.7.0-beta.1 (17.0.8.1; Windows 11; 10.0)",
        "x-ms-client-request-id": "94980303-3165-4720-b78c-fef155878273"
      },
      "RequestBody": null,
      "StatusCode": 200,
      "ResponseHeaders": {
        "client-request-id": "94980303-3165-4720-b78c-fef155878273",
        "Content-Type": "application/json; odata.metadata=minimal; odata.streaming=true; charset=utf-8",
        "Date": "Fri, 08 Dec 2023 15:26:57 GMT",
        "elapsed-time": "11",
        "OData-Version": "4.0",
        "Preference-Applied": "odata.include-annotations=\u0022*\u0022",
        "request-id": "94980303-3165-4720-b78c-fef155878273",
        "Server": "Microsoft-IIS/10.0",
        "Strict-Transport-Security": [
          "max-age=2592000",
          "max-age=15724800; includeSubDomains"
        ],
        "Transfer-Encoding": "chunked",
        "x-ms-client-request-id": "94980303-3165-4720-b78c-fef155878273"
      },
      "ResponseBody": {
        "@odata.context": "https://azs-java-t5ce5274b0647cb99.search.windows.net/$metadata#indexers(name)",
        "value": [
          {
            "name": "aindexer69219c7848860a9"
          },
          {
            "name": "bindexer74487ff6a1edc72"
          }
        ]
      }
    },
    {
      "RequestUri": "https://REDACTED/indexers(\u0027aindexer69219c7848860a9\u0027)?api-version=2023-10-01-preview",
      "RequestMethod": "DELETE",
      "RequestHeaders": {
        "Accept": "application/json; odata.metadata=minimal",
        "api-key": "REDACTED",
        "Content-Length": "0",
        "Date": "Fri, 08 Dec 2023 15:26:57 GMT",
        "return-client-request-id": "true",
        "User-Agent": "azsdk-java-azure-search-documents/11.7.0-beta.1 (17.0.8.1; Windows 11; 10.0)",
        "x-ms-client-request-id": "8d706e2e-b80a-40fd-96eb-9e9a5e51caa0"
      },
      "RequestBody": null,
      "StatusCode": 204,
      "ResponseHeaders": {
        "client-request-id": "8d706e2e-b80a-40fd-96eb-9e9a5e51caa0",
        "Date": "Fri, 08 Dec 2023 15:26:57 GMT",
        "elapsed-time": "37",
        "Preference-Applied": "odata.include-annotations=\u0022*\u0022",
        "request-id": "8d706e2e-b80a-40fd-96eb-9e9a5e51caa0",
        "Server": "Microsoft-IIS/10.0",
        "Strict-Transport-Security": [
          "max-age=2592000",
          "max-age=15724800; includeSubDomains"
        ],
        "x-ms-client-request-id": "8d706e2e-b80a-40fd-96eb-9e9a5e51caa0"
      },
      "ResponseBody": null
    },
    {
      "RequestUri": "https://REDACTED/indexers(\u0027bindexer74487ff6a1edc72\u0027)?api-version=2023-10-01-preview",
      "RequestMethod": "DELETE",
      "RequestHeaders": {
        "Accept": "application/json; odata.metadata=minimal",
        "api-key": "REDACTED",
        "Content-Length": "0",
        "Date": "Fri, 08 Dec 2023 15:26:58 GMT",
        "return-client-request-id": "true",
        "User-Agent": "azsdk-java-azure-search-documents/11.7.0-beta.1 (17.0.8.1; Windows 11; 10.0)",
        "x-ms-client-request-id": "38b8163e-2ac6-46e5-a493-11c39ea310f4"
      },
      "RequestBody": null,
      "StatusCode": 204,
      "ResponseHeaders": {
        "client-request-id": "38b8163e-2ac6-46e5-a493-11c39ea310f4",
        "Date": "Fri, 08 Dec 2023 15:26:58 GMT",
        "elapsed-time": "39",
        "Preference-Applied": "odata.include-annotations=\u0022*\u0022",
        "request-id": "38b8163e-2ac6-46e5-a493-11c39ea310f4",
        "Server": "Microsoft-IIS/10.0",
        "Strict-Transport-Security": [
          "max-age=2592000",
          "max-age=15724800; includeSubDomains"
        ],
        "x-ms-client-request-id": "38b8163e-2ac6-46e5-a493-11c39ea310f4"
      },
      "ResponseBody": null
    }
  ],
  "Variables": {
    "0": "indexer69219c7848860a9",
    "1": "indexer74487ff6a1edc72"
  }
}
