{
  "Entries": [
    {
      "RequestUri": "https://REDACTED/indexers?api-version=2024-03-01-preview",
      "RequestMethod": "POST",
      "RequestHeaders": {
        "Accept": "application/json; odata.metadata=minimal",
        "api-key": "REDACTED",
        "Content-Length": "152",
        "Content-Type": "application/json",
        "Date": "Tue, 05 Mar 2024 03:01:09 GMT",
        "return-client-request-id": "true",
        "User-Agent": "azsdk-java-azure-search-documents/11.7.0-beta.2 (17.0.9; Windows 11; 10.0)",
        "x-ms-client-request-id": "458454ea-5d8f-4b14-8c72-f028dd05ed66"
      },
      "RequestBody": {
        "name": "aindexer2854812ab646133",
        "dataSourceName": "shared-azs-java-live-blob",
        "targetIndexName": "sharedindexforindexers",
        "schedule": {
          "interval": "P1D"
        }
      },
      "StatusCode": 201,
      "ResponseHeaders": {
        "client-request-id": "458454ea-5d8f-4b14-8c72-f028dd05ed66",
        "Content-Type": "application/json; odata.metadata=minimal; odata.streaming=true; charset=utf-8",
        "Date": "Tue, 05 Mar 2024 03:01:10 GMT",
        "elapsed-time": "360",
        "ETag": "\u00220x8DC3CC082962D0D\u0022",
        "Location": "https://2040301preview.search.windows.net/indexers(\u0027aindexer2854812ab646133\u0027)?api-version=2024-03-01-preview",
        "OData-Version": "4.0",
        "Preference-Applied": "odata.include-annotations=\u0022*\u0022",
        "request-id": "458454ea-5d8f-4b14-8c72-f028dd05ed66",
        "Server": "Microsoft-IIS/10.0",
        "Strict-Transport-Security": [
          "max-age=2592000",
          "max-age=15724800; includeSubDomains"
        ],
        "Transfer-Encoding": "chunked",
        "x-ms-client-request-id": "458454ea-5d8f-4b14-8c72-f028dd05ed66"
      },
      "ResponseBody": {
        "@odata.context": "https://2040301preview.search.windows.net/$metadata#indexers/$entity",
        "@odata.etag": "\u00220x8DC3CC082962D0D\u0022",
        "name": "aindexer2854812ab646133",
        "description": null,
        "dataSourceName": "shared-azs-java-live-blob",
        "skillsetName": null,
        "targetIndexName": "sharedindexforindexers",
        "disabled": null,
        "schedule": {
          "interval": "P1D",
          "startTime": "2024-03-05T03:01:09.9829298Z"
        },
        "parameters": null,
        "fieldMappings": [],
        "outputFieldMappings": [],
        "cache": null,
        "encryptionKey": null
      }
    },
    {
      "RequestUri": "https://REDACTED/indexers?api-version=2024-03-01-preview",
      "RequestMethod": "POST",
      "RequestHeaders": {
        "Accept": "application/json; odata.metadata=minimal",
        "api-key": "REDACTED",
        "Content-Length": "152",
        "Content-Type": "application/json",
        "Date": "Tue, 05 Mar 2024 03:01:10 GMT",
        "return-client-request-id": "true",
        "User-Agent": "azsdk-java-azure-search-documents/11.7.0-beta.2 (17.0.9; Windows 11; 10.0)",
        "x-ms-client-request-id": "56ed5375-2c5d-4ed0-a48e-91e62654fb62"
      },
      "RequestBody": {
        "name": "bindexer49063058ae2823f",
        "dataSourceName": "shared-azs-java-live-blob",
        "targetIndexName": "sharedindexforindexers",
        "schedule": {
          "interval": "P1D"
        }
      },
      "StatusCode": 201,
      "ResponseHeaders": {
        "client-request-id": "56ed5375-2c5d-4ed0-a48e-91e62654fb62",
        "Content-Type": "application/json; odata.metadata=minimal; odata.streaming=true; charset=utf-8",
        "Date": "Tue, 05 Mar 2024 03:01:10 GMT",
        "elapsed-time": "349",
        "ETag": "\u00220x8DC3CC082D17FDA\u0022",
        "Location": "https://2040301preview.search.windows.net/indexers(\u0027bindexer49063058ae2823f\u0027)?api-version=2024-03-01-preview",
        "OData-Version": "4.0",
        "Preference-Applied": "odata.include-annotations=\u0022*\u0022",
        "request-id": "56ed5375-2c5d-4ed0-a48e-91e62654fb62",
        "Server": "Microsoft-IIS/10.0",
        "Strict-Transport-Security": [
          "max-age=2592000",
          "max-age=15724800; includeSubDomains"
        ],
        "Transfer-Encoding": "chunked",
        "x-ms-client-request-id": "56ed5375-2c5d-4ed0-a48e-91e62654fb62"
      },
      "ResponseBody": {
        "@odata.context": "https://2040301preview.search.windows.net/$metadata#indexers/$entity",
        "@odata.etag": "\u00220x8DC3CC082D17FDA\u0022",
        "name": "bindexer49063058ae2823f",
        "description": null,
        "dataSourceName": "shared-azs-java-live-blob",
        "skillsetName": null,
        "targetIndexName": "sharedindexforindexers",
        "disabled": null,
        "schedule": {
          "interval": "P1D",
          "startTime": "2024-03-05T03:01:10.3857931Z"
        },
        "parameters": null,
        "fieldMappings": [],
        "outputFieldMappings": [],
        "cache": null,
        "encryptionKey": null
      }
    },
    {
      "RequestUri": "https://REDACTED/indexers?$select=name\u0026api-version=2024-03-01-preview",
      "RequestMethod": "GET",
      "RequestHeaders": {
        "Accept": "application/json; odata.metadata=minimal",
        "api-key": "REDACTED",
        "Content-Length": "0",
        "Date": "Tue, 05 Mar 2024 03:01:10 GMT",
        "return-client-request-id": "true",
        "User-Agent": "azsdk-java-azure-search-documents/11.7.0-beta.2 (17.0.9; Windows 11; 10.0)",
        "x-ms-client-request-id": "43ecd6f9-f3f2-494c-bdcc-9b8beaad2c20"
      },
      "RequestBody": null,
      "StatusCode": 200,
      "ResponseHeaders": {
        "client-request-id": "43ecd6f9-f3f2-494c-bdcc-9b8beaad2c20",
        "Content-Type": "application/json; odata.metadata=minimal; odata.streaming=true; charset=utf-8",
        "Date": "Tue, 05 Mar 2024 03:01:10 GMT",
        "elapsed-time": "9",
        "OData-Version": "4.0",
        "Preference-Applied": "odata.include-annotations=\u0022*\u0022",
        "request-id": "43ecd6f9-f3f2-494c-bdcc-9b8beaad2c20",
        "Server": "Microsoft-IIS/10.0",
        "Strict-Transport-Security": [
          "max-age=2592000",
          "max-age=15724800; includeSubDomains"
        ],
        "Transfer-Encoding": "chunked",
        "x-ms-client-request-id": "43ecd6f9-f3f2-494c-bdcc-9b8beaad2c20"
      },
      "ResponseBody": {
        "@odata.context": "https://2040301preview.search.windows.net/$metadata#indexers(name)",
        "value": [
          {
            "name": "aindexer2854812ab646133"
          },
          {
            "name": "bindexer49063058ae2823f"
          }
        ]
      }
    },
    {
      "RequestUri": "https://REDACTED/indexers(\u0027aindexer2854812ab646133\u0027)?api-version=2024-03-01-preview",
      "RequestMethod": "DELETE",
      "RequestHeaders": {
        "Accept": "application/json; odata.metadata=minimal",
        "api-key": "REDACTED",
        "Content-Length": "0",
        "Date": "Tue, 05 Mar 2024 03:01:10 GMT",
        "return-client-request-id": "true",
        "User-Agent": "azsdk-java-azure-search-documents/11.7.0-beta.2 (17.0.9; Windows 11; 10.0)",
        "x-ms-client-request-id": "81abbe1a-5ead-4efc-bc4c-bc8a283049f1"
      },
      "RequestBody": null,
      "StatusCode": 204,
      "ResponseHeaders": {
        "client-request-id": "81abbe1a-5ead-4efc-bc4c-bc8a283049f1",
        "Date": "Tue, 05 Mar 2024 03:01:10 GMT",
        "elapsed-time": "32",
        "Preference-Applied": "odata.include-annotations=\u0022*\u0022",
        "request-id": "81abbe1a-5ead-4efc-bc4c-bc8a283049f1",
        "Server": "Microsoft-IIS/10.0",
        "Strict-Transport-Security": [
          "max-age=2592000",
          "max-age=15724800; includeSubDomains"
        ],
        "x-ms-client-request-id": "81abbe1a-5ead-4efc-bc4c-bc8a283049f1"
      },
      "ResponseBody": null
    },
    {
      "RequestUri": "https://REDACTED/indexers(\u0027bindexer49063058ae2823f\u0027)?api-version=2024-03-01-preview",
      "RequestMethod": "DELETE",
      "RequestHeaders": {
        "Accept": "application/json; odata.metadata=minimal",
        "api-key": "REDACTED",
        "Content-Length": "0",
        "Date": "Tue, 05 Mar 2024 03:01:10 GMT",
        "return-client-request-id": "true",
        "User-Agent": "azsdk-java-azure-search-documents/11.7.0-beta.2 (17.0.9; Windows 11; 10.0)",
        "x-ms-client-request-id": "fb114d38-20a2-4c73-9091-653b52c4c7e8"
      },
      "RequestBody": null,
      "StatusCode": 204,
      "ResponseHeaders": {
        "client-request-id": "fb114d38-20a2-4c73-9091-653b52c4c7e8",
        "Date": "Tue, 05 Mar 2024 03:01:10 GMT",
        "elapsed-time": "32",
        "Preference-Applied": "odata.include-annotations=\u0022*\u0022",
        "request-id": "fb114d38-20a2-4c73-9091-653b52c4c7e8",
        "Server": "Microsoft-IIS/10.0",
        "Strict-Transport-Security": [
          "max-age=2592000",
          "max-age=15724800; includeSubDomains"
        ],
        "x-ms-client-request-id": "fb114d38-20a2-4c73-9091-653b52c4c7e8"
      },
      "ResponseBody": null
    }
  ],
  "Variables": {
    "0": "indexer2854812ab646133",
    "1": "indexer49063058ae2823f"
  }
}
