{
  "Entries": [
    {
      "RequestUri": "https://REDACTED/indexes(\u0027azsearch-indexing-shared-hotel-instance\u0027)/docs/search.index?api-version=2023-07-01-Preview",
      "RequestMethod": "POST",
      "RequestHeaders": {
        "Accept": "application/json; odata.metadata=none",
        "api-key": "REDACTED",
        "Content-Length": "1626",
        "Content-Type": "application/json",
        "Date": "Fri, 18 Aug 2023 20:28:33 GMT",
        "return-client-request-id": "true",
        "User-Agent": "azsdk-java-azure-search-documents/11.6.0-beta.9 (17.0.7; Windows 11; 10.0)",
        "x-ms-client-request-id": "d7ddbe73-158e-46f4-b0a5-a519f68f139a"
      },
      "RequestBody": {
        "value": [
          {
            "@search.action": "upload",
            "HotelId": "key277850e9c6b7f709b",
            "HotelName": "Secret Point Motel",
            "Description": "The hotel is ideally located on the main commercial artery of the city in the heart of New York. A few minutes away is Time\u0027s Square and the historic centre of the city, as well as other places of interest that make New York one of America\u0027s most attractive and cosmopolitan cities.",
            "Description_fr": "L\u0027h\u00F4tel est id\u00E9alement situ\u00E9 sur la principale art\u00E8re commerciale de la ville en plein c\u0153ur de New York. A quelques minutes se trouve la place du temps et le centre historique de la ville, ainsi que d\u0027autres lieux d\u0027int\u00E9r\u00EAt qui font de New York l\u0027une des villes les plus attractives et cosmopolites de l\u0027Am\u00E9rique.",
            "Category": "Boutique",
            "Tags": [
              "pool",
              "air conditioning",
              "concierge"
            ],
            "ParkingIncluded": false,
            "SmokingAllowed": false,
            "LastRenovationDate": "1970-01-18T05:00:00.000\u002B00:00",
            "Rating": 4,
            "Location": {
              "type": "Point",
              "coordinates": [
                -73.975403,
                40.760586
              ]
            },
            "Address": {
              "StreetAddress": "677 5th Ave",
              "City": "New York",
              "StateProvince": "NY",
              "Country": "USA",
              "PostalCode": "10022"
            },
            "Rooms": [
              {
                "Description": "Budget Room, 1 Queen Bed (Cityside)",
                "Description_fr": "Chambre \u00C9conomique, 1 grand lit (c\u00F4t\u00E9 ville)",
                "Type": "Budget Room",
                "BaseRate": 9.69,
                "BedOptions": "1 Queen Bed",
                "SleepsCount": 2,
                "SmokingAllowed": true,
                "Tags": [
                  "vcr/dvd"
                ]
              },
              {
                "Description": "Budget Room, 1 King Bed (Mountain View)",
                "Description_fr": "Chambre \u00C9conomique, 1 tr\u00E8s grand lit (Mountain View)",
                "Type": "Budget Room",
                "BaseRate": 8.09,
                "BedOptions": "1 King Bed",
                "SleepsCount": 2,
                "SmokingAllowed": true,
                "Tags": [
                  "vcr/dvd",
                  "jacuzzi tub"
                ]
              }
            ]
          }
        ]
      },
      "StatusCode": 200,
      "ResponseHeaders": {
        "Cache-Control": "no-cache",
        "client-request-id": "d7ddbe73-158e-46f4-b0a5-a519f68f139a",
        "Content-Length": "93",
        "Content-Type": "application/json; odata.metadata=none",
        "Date": "Fri, 18 Aug 2023 20:28:32 GMT",
        "elapsed-time": "41",
        "Expires": "-1",
        "OData-Version": "4.0",
        "Pragma": "no-cache",
        "Preference-Applied": "odata.include-annotations=\u0022*\u0022",
        "request-id": "d7ddbe73-158e-46f4-b0a5-a519f68f139a",
        "Strict-Transport-Security": "max-age=15724800; includeSubDomains",
        "x-ms-client-request-id": "d7ddbe73-158e-46f4-b0a5-a519f68f139a"
      },
      "ResponseBody": {
        "value": [
          {
            "key": "key277850e9c6b7f709b",
            "status": true,
            "errorMessage": null,
            "statusCode": 201
          }
        ]
      }
    },
    {
      "RequestUri": "https://REDACTED/indexes(\u0027azsearch-indexing-shared-hotel-instance\u0027)/docs/search.index?api-version=2023-07-01-Preview",
      "RequestMethod": "POST",
      "RequestHeaders": {
        "Accept": "application/json; odata.metadata=none",
        "api-key": "REDACTED",
        "Content-Length": "342",
        "Content-Type": "application/json",
        "Date": "Fri, 18 Aug 2023 20:28:35 GMT",
        "return-client-request-id": "true",
        "User-Agent": "azsdk-java-azure-search-documents/11.6.0-beta.9 (17.0.7; Windows 11; 10.0)",
        "x-ms-client-request-id": "1c3205e8-1118-4b16-8c39-34c6d4032379"
      },
      "RequestBody": {
        "value": [
          {
            "@search.action": "merge",
            "HotelId": "key277850e9c6b7f709b",
            "Description": null,
            "Tags": [
              "pool",
              "air conditioning"
            ],
            "ParkingIncluded": true,
            "LastRenovationDate": "1970-01-18T05:00:00.000\u002B00:00",
            "Rating": 3,
            "Location": null,
            "Address": {},
            "Rooms": [
              {
                "Type": "Budget Room",
                "BaseRate": 10.5,
                "SmokingAllowed": false,
                "Tags": [
                  "vcr/dvd",
                  "balcony"
                ]
              }
            ]
          }
        ]
      },
      "StatusCode": 200,
      "ResponseHeaders": {
        "Cache-Control": "no-cache",
        "client-request-id": "1c3205e8-1118-4b16-8c39-34c6d4032379",
        "Content-Length": "93",
        "Content-Type": "application/json; odata.metadata=none",
        "Date": "Fri, 18 Aug 2023 20:28:35 GMT",
        "elapsed-time": "61",
        "Expires": "-1",
        "OData-Version": "4.0",
        "Pragma": "no-cache",
        "Preference-Applied": "odata.include-annotations=\u0022*\u0022",
        "request-id": "1c3205e8-1118-4b16-8c39-34c6d4032379",
        "Strict-Transport-Security": "max-age=15724800; includeSubDomains",
        "x-ms-client-request-id": "1c3205e8-1118-4b16-8c39-34c6d4032379"
      },
      "ResponseBody": {
        "value": [
          {
            "key": "key277850e9c6b7f709b",
            "status": true,
            "errorMessage": null,
            "statusCode": 200
          }
        ]
      }
    },
    {
      "RequestUri": "https://REDACTED/indexes(\u0027azsearch-indexing-shared-hotel-instance\u0027)/docs(\u0027key277850e9c6b7f709b\u0027)?api-version=2023-07-01-Preview",
      "RequestMethod": "GET",
      "RequestHeaders": {
        "Accept": "application/json; odata.metadata=none",
        "api-key": "REDACTED",
        "Content-Length": "0",
        "Date": "Fri, 18 Aug 2023 20:28:37 GMT",
        "return-client-request-id": "true",
        "User-Agent": "azsdk-java-azure-search-documents/11.6.0-beta.9 (17.0.7; Windows 11; 10.0)",
        "x-ms-client-request-id": "c2ebbf8b-0b74-4b66-98f7-31f9b89e9b88"
      },
      "RequestBody": null,
      "StatusCode": 200,
      "ResponseHeaders": {
        "Cache-Control": "no-cache",
        "client-request-id": "c2ebbf8b-0b74-4b66-98f7-31f9b89e9b88",
        "Content-Length": "930",
        "Content-Type": "application/json; odata.metadata=none",
        "Date": "Fri, 18 Aug 2023 20:28:37 GMT",
        "elapsed-time": "50",
        "Expires": "-1",
        "OData-Version": "4.0",
        "Pragma": "no-cache",
        "Preference-Applied": "odata.include-annotations=\u0022*\u0022",
        "request-id": "c2ebbf8b-0b74-4b66-98f7-31f9b89e9b88",
        "Strict-Transport-Security": "max-age=15724800; includeSubDomains",
        "x-ms-client-request-id": "c2ebbf8b-0b74-4b66-98f7-31f9b89e9b88"
      },
      "ResponseBody": {
        "HotelId": "key277850e9c6b7f709b",
        "HotelName": "Secret Point Motel",
        "Description": null,
        "Description_fr": "L\u0027h\u00F4tel est id\u00E9alement situ\u00E9 sur la principale art\u00E8re commerciale de la ville en plein c\u0153ur de New York. A quelques minutes se trouve la place du temps et le centre historique de la ville, ainsi que d\u0027autres lieux d\u0027int\u00E9r\u00EAt qui font de New York l\u0027une des villes les plus attractives et cosmopolites de l\u0027Am\u00E9rique.",
        "Category": "Boutique",
        "Tags": [
          "pool",
          "air conditioning"
        ],
        "ParkingIncluded": true,
        "SmokingAllowed": false,
        "LastRenovationDate": "1970-01-18T05:00:00Z",
        "Rating": 3,
        "Location": null,
        "Address": {
          "StreetAddress": "677 5th Ave",
          "City": "New York",
          "StateProvince": "NY",
          "PostalCode": "10022",
          "Country": "USA"
        },
        "Rooms": [
          {
            "Description": null,
            "Description_fr": null,
            "Type": "Budget Room",
            "BaseRate": 10.5,
            "BedOptions": null,
            "SleepsCount": null,
            "SmokingAllowed": false,
            "Tags": [
              "vcr/dvd",
              "balcony"
            ]
          }
        ]
      }
    },
    {
      "RequestUri": "https://REDACTED/indexes(\u0027azsearch-indexing-shared-hotel-instance\u0027)/docs/search.index?api-version=2023-07-01-Preview",
      "RequestMethod": "POST",
      "RequestHeaders": {
        "Accept": "application/json; odata.metadata=none",
        "api-key": "REDACTED",
        "Content-Length": "1626",
        "Content-Type": "application/json",
        "Date": "Fri, 18 Aug 2023 20:28:37 GMT",
        "return-client-request-id": "true",
        "User-Agent": "azsdk-java-azure-search-documents/11.6.0-beta.9 (17.0.7; Windows 11; 10.0)",
        "x-ms-client-request-id": "66c9d748-a02b-4fa6-ad34-ce0bffcc4f3b"
      },
      "RequestBody": {
        "value": [
          {
            "@search.action": "upload",
            "HotelId": "key277850e9c6b7f709b",
            "HotelName": "Secret Point Motel",
            "Description": "The hotel is ideally located on the main commercial artery of the city in the heart of New York. A few minutes away is Time\u0027s Square and the historic centre of the city, as well as other places of interest that make New York one of America\u0027s most attractive and cosmopolitan cities.",
            "Description_fr": "L\u0027h\u00F4tel est id\u00E9alement situ\u00E9 sur la principale art\u00E8re commerciale de la ville en plein c\u0153ur de New York. A quelques minutes se trouve la place du temps et le centre historique de la ville, ainsi que d\u0027autres lieux d\u0027int\u00E9r\u00EAt qui font de New York l\u0027une des villes les plus attractives et cosmopolites de l\u0027Am\u00E9rique.",
            "Category": "Boutique",
            "Tags": [
              "pool",
              "air conditioning",
              "concierge"
            ],
            "ParkingIncluded": false,
            "SmokingAllowed": false,
            "LastRenovationDate": "1970-01-18T05:00:00.000\u002B00:00",
            "Rating": 4,
            "Location": {
              "type": "Point",
              "coordinates": [
                -73.975403,
                40.760586
              ]
            },
            "Address": {
              "StreetAddress": "677 5th Ave",
              "City": "New York",
              "StateProvince": "NY",
              "Country": "USA",
              "PostalCode": "10022"
            },
            "Rooms": [
              {
                "Description": "Budget Room, 1 Queen Bed (Cityside)",
                "Description_fr": "Chambre \u00C9conomique, 1 grand lit (c\u00F4t\u00E9 ville)",
                "Type": "Budget Room",
                "BaseRate": 9.69,
                "BedOptions": "1 Queen Bed",
                "SleepsCount": 2,
                "SmokingAllowed": true,
                "Tags": [
                  "vcr/dvd"
                ]
              },
              {
                "Description": "Budget Room, 1 King Bed (Mountain View)",
                "Description_fr": "Chambre \u00C9conomique, 1 tr\u00E8s grand lit (Mountain View)",
                "Type": "Budget Room",
                "BaseRate": 8.09,
                "BedOptions": "1 King Bed",
                "SleepsCount": 2,
                "SmokingAllowed": true,
                "Tags": [
                  "vcr/dvd",
                  "jacuzzi tub"
                ]
              }
            ]
          }
        ]
      },
      "StatusCode": 200,
      "ResponseHeaders": {
        "Cache-Control": "no-cache",
        "client-request-id": "66c9d748-a02b-4fa6-ad34-ce0bffcc4f3b",
        "Content-Length": "93",
        "Content-Type": "application/json; odata.metadata=none",
        "Date": "Fri, 18 Aug 2023 20:28:37 GMT",
        "elapsed-time": "44",
        "Expires": "-1",
        "OData-Version": "4.0",
        "Pragma": "no-cache",
        "Preference-Applied": "odata.include-annotations=\u0022*\u0022",
        "request-id": "66c9d748-a02b-4fa6-ad34-ce0bffcc4f3b",
        "Strict-Transport-Security": "max-age=15724800; includeSubDomains",
        "x-ms-client-request-id": "66c9d748-a02b-4fa6-ad34-ce0bffcc4f3b"
      },
      "ResponseBody": {
        "value": [
          {
            "key": "key277850e9c6b7f709b",
            "status": true,
            "errorMessage": null,
            "statusCode": 200
          }
        ]
      }
    },
    {
      "RequestUri": "https://REDACTED/indexes(\u0027azsearch-indexing-shared-hotel-instance\u0027)/docs(\u0027key277850e9c6b7f709b\u0027)?api-version=2023-07-01-Preview",
      "RequestMethod": "GET",
      "RequestHeaders": {
        "Accept": "application/json; odata.metadata=none",
        "api-key": "REDACTED",
        "Content-Length": "0",
        "Date": "Fri, 18 Aug 2023 20:28:39 GMT",
        "return-client-request-id": "true",
        "User-Agent": "azsdk-java-azure-search-documents/11.6.0-beta.9 (17.0.7; Windows 11; 10.0)",
        "x-ms-client-request-id": "b6181c71-6b6e-408a-9781-4dac470bfd36"
      },
      "RequestBody": null,
      "StatusCode": 200,
      "ResponseHeaders": {
        "Cache-Control": "no-cache",
        "client-request-id": "b6181c71-6b6e-408a-9781-4dac470bfd36",
        "Content-Length": "1687",
        "Content-Type": "application/json; odata.metadata=none",
        "Date": "Fri, 18 Aug 2023 20:28:39 GMT",
        "elapsed-time": "5",
        "Expires": "-1",
        "OData-Version": "4.0",
        "Pragma": "no-cache",
        "Preference-Applied": "odata.include-annotations=\u0022*\u0022",
        "request-id": "b6181c71-6b6e-408a-9781-4dac470bfd36",
        "Strict-Transport-Security": "max-age=15724800; includeSubDomains",
        "x-ms-client-request-id": "b6181c71-6b6e-408a-9781-4dac470bfd36"
      },
      "ResponseBody": {
        "HotelId": "key277850e9c6b7f709b",
        "HotelName": "Secret Point Motel",
        "Description": "The hotel is ideally located on the main commercial artery of the city in the heart of New York. A few minutes away is Time\u0027s Square and the historic centre of the city, as well as other places of interest that make New York one of America\u0027s most attractive and cosmopolitan cities.",
        "Description_fr": "L\u0027h\u00F4tel est id\u00E9alement situ\u00E9 sur la principale art\u00E8re commerciale de la ville en plein c\u0153ur de New York. A quelques minutes se trouve la place du temps et le centre historique de la ville, ainsi que d\u0027autres lieux d\u0027int\u00E9r\u00EAt qui font de New York l\u0027une des villes les plus attractives et cosmopolites de l\u0027Am\u00E9rique.",
        "Category": "Boutique",
        "Tags": [
          "pool",
          "air conditioning",
          "concierge"
        ],
        "ParkingIncluded": false,
        "SmokingAllowed": false,
        "LastRenovationDate": "1970-01-18T05:00:00Z",
        "Rating": 4,
        "Location": {
          "type": "Point",
          "coordinates": [
            -73.975403,
            40.760586
          ],
          "crs": {
            "type": "name",
            "properties": {
              "name": "EPSG:4326"
            }
          }
        },
        "Address": {
          "StreetAddress": "677 5th Ave",
          "City": "New York",
          "StateProvince": "NY",
          "PostalCode": "10022",
          "Country": "USA"
        },
        "Rooms": [
          {
            "Description": "Budget Room, 1 Queen Bed (Cityside)",
            "Description_fr": "Chambre \u00C9conomique, 1 grand lit (c\u00F4t\u00E9 ville)",
            "Type": "Budget Room",
            "BaseRate": 9.69,
            "BedOptions": "1 Queen Bed",
            "SleepsCount": 2,
            "SmokingAllowed": true,
            "Tags": [
              "vcr/dvd"
            ]
          },
          {
            "Description": "Budget Room, 1 King Bed (Mountain View)",
            "Description_fr": "Chambre \u00C9conomique, 1 tr\u00E8s grand lit (Mountain View)",
            "Type": "Budget Room",
            "BaseRate": 8.09,
            "BedOptions": "1 King Bed",
            "SleepsCount": 2,
            "SmokingAllowed": true,
            "Tags": [
              "vcr/dvd",
              "jacuzzi tub"
            ]
          }
        ]
      }
    }
  ],
  "Variables": {
    "0": "key277850e9c6b7f709b"
  }
}
