{
  "Entries": [
    {
      "RequestUri": "https://REDACTED/indexers?api-version=2024-11-01-preview",
      "RequestMethod": "POST",
      "RequestHeaders": {
        "Accept": "application/json; odata.metadata=minimal",
        "Authorization": "Sanitized",
        "Content-Length": "167",
        "Content-Type": "application/json",
        "Date": "Wed, 19 Feb 2025 01:11:20 GMT",
        "return-client-request-id": "true",
        "User-Agent": "azsdk-java-azure-search-documents/11.8.0-beta.5 (21.0.6; Windows 11; 10.0)",
        "x-ms-client-request-id": "Sanitized"
      },
      "RequestBody": {
        "name": "indexer75203e3fc8d24d6",
        "dataSourceName": "shared-azs-java-live-blob",
        "targetIndexName": "sharedindexforindexers",
        "schedule": {
          "interval": "P1D"
        },
        "disabled": true
      },
      "StatusCode": 201,
      "ResponseHeaders": {
        "client-request-id": "Sanitized",
        "Content-Type": "application/json; odata.metadata=minimal; odata.streaming=true; charset=utf-8",
        "Date": "Wed, 19 Feb 2025 01:11:24 GMT",
        "elapsed-time": "48",
        "ETag": "\"0x8DD5082545BD13F\"",
        "Location": "https://REDACTED.com",
        "OData-Version": "4.0",
        "Preference-Applied": "odata.include-annotations=\"*\"",
        "request-id": "409b80b3-022a-4aab-b5f4-92b5c4799676",
        "Server": "Microsoft-IIS/10.0",
        "Strict-Transport-Security": [
          "max-age=2592000",
          "max-age=15724800; includeSubDomains"
        ],
        "Transfer-Encoding": "chunked",
        "x-ms-client-request-id": "Sanitized"
      },
      "ResponseBody": {
        "@odata.context": "https://azs-java-tb9a3e882b9658d50.search.windows.net/$metadata#indexers/$entity",
        "@odata.etag": "\"0x8DD5082545BD13F\"",
        "name": "indexer75203e3fc8d24d6",
        "description": null,
        "dataSourceName": "shared-azs-java-live-blob",
        "skillsetName": null,
        "targetIndexName": "sharedindexforindexers",
        "disabled": true,
        "schedule": {
          "interval": "P1D",
          "startTime": "2025-02-19T01:11:24.741963Z"
        },
        "parameters": null,
        "fieldMappings": [],
        "outputFieldMappings": [],
        "cache": null,
        "encryptionKey": null
      }
    },
    {
      "RequestUri": "https://REDACTED/indexers('indexer75203e3fc8d24d6')?api-version=2024-11-01-preview",
      "RequestMethod": "PUT",
      "RequestHeaders": {
        "Accept": "application/json; odata.metadata=minimal",
        "Authorization": "Sanitized",
        "Content-Length": "246",
        "Content-Type": "application/json",
        "Date": "Wed, 19 Feb 2025 01:11:24 GMT",
        "Prefer": "return=representation",
        "return-client-request-id": "true",
        "User-Agent": "azsdk-java-azure-search-documents/11.8.0-beta.5 (21.0.6; Windows 11; 10.0)",
        "x-ms-client-request-id": "Sanitized"
      },
      "RequestBody": {
        "name": "indexer75203e3fc8d24d6",
        "dataSourceName": "shared-azs-java-live-blob",
        "targetIndexName": "sharedindexforindexers",
        "schedule": {
          "interval": "P1D"
        },
        "parameters": {
          "batchSize": 20,
          "maxFailedItems": 121,
          "maxFailedItemsPerBatch": 11
        },
        "disabled": true
      },
      "StatusCode": 200,
      "ResponseHeaders": {
        "client-request-id": "Sanitized",
        "Content-Type": "application/json; odata.metadata=minimal; odata.streaming=true; charset=utf-8",
        "Date": "Wed, 19 Feb 2025 01:11:24 GMT",
        "elapsed-time": "57",
        "ETag": "\"0x8DD5082546956A0\"",
        "OData-Version": "4.0",
        "Preference-Applied": "odata.include-annotations=\"*\"",
        "request-id": "11d84268-b45a-4474-977e-c11e7f5fb2c4",
        "Server": "Microsoft-IIS/10.0",
        "Strict-Transport-Security": [
          "max-age=2592000",
          "max-age=15724800; includeSubDomains"
        ],
        "Transfer-Encoding": "chunked",
        "x-ms-client-request-id": "Sanitized"
      },
      "ResponseBody": {
        "@odata.context": "https://azs-java-tb9a3e882b9658d50.search.windows.net/$metadata#indexers/$entity",
        "@odata.etag": "\"0x8DD5082546956A0\"",
        "name": "indexer75203e3fc8d24d6",
        "description": null,
        "dataSourceName": "shared-azs-java-live-blob",
        "skillsetName": null,
        "targetIndexName": "sharedindexforindexers",
        "disabled": true,
        "schedule": {
          "interval": "P1D",
          "startTime": "2025-02-19T01:11:24.8249667Z"
        },
        "parameters": {
          "batchSize": 20,
          "maxFailedItems": 121,
          "maxFailedItemsPerBatch": 11,
          "base64EncodeKeys": null,
          "configuration": {}
        },
        "fieldMappings": [],
        "outputFieldMappings": [],
        "cache": null,
        "encryptionKey": null
      }
    },
    {
      "RequestUri": "https://REDACTED/indexers('indexer75203e3fc8d24d6')?api-version=2024-11-01-preview",
      "RequestMethod": "DELETE",
      "RequestHeaders": {
        "Accept": "application/json; odata.metadata=minimal",
        "Authorization": "Sanitized",
        "Content-Length": "0",
        "Date": "Wed, 19 Feb 2025 01:11:24 GMT",
        "return-client-request-id": "true",
        "User-Agent": "azsdk-java-azure-search-documents/11.8.0-beta.5 (21.0.6; Windows 11; 10.0)",
        "x-ms-client-request-id": "Sanitized"
      },
      "RequestBody": null,
      "StatusCode": 204,
      "ResponseHeaders": {
        "client-request-id": "Sanitized",
        "Date": "Wed, 19 Feb 2025 01:11:27 GMT",
        "elapsed-time": "57",
        "Preference-Applied": "odata.include-annotations=\"*\"",
        "request-id": "761862bf-40c9-44a7-9374-cb5cc7c32927",
        "Server": "Microsoft-IIS/10.0",
        "Strict-Transport-Security": [
          "max-age=2592000",
          "max-age=15724800; includeSubDomains"
        ],
        "x-ms-client-request-id": "Sanitized"
      },
      "ResponseBody": null
    }
  ],
  "Variables": {
    "0": "indexer75203e3fc8d24d6"
  }
}
